12-09 08:14:18.833 W/audio_hw_generic( 1306): Not supplying enough data to HAL, expected position 28663105 , only wrote 28662943
12-09 08:14:18.854 W/audio_hw_generic( 1306): Not supplying enough data to HAL, expected position 28663856 , only wrote 28663604
12-09 08:14:18.860 I/Input   (13664): injectKeyEvent: KeyEvent { action=ACTION_UP, keyCode=KEYCODE_BACK, scanCode=0, metaState=0, flags=0x0, repeatCount=0, eventTime=4202714, downTime=4202714, deviceId=-1, source=0x101 }
12-09 08:14:18.873 D/AndroidRuntime(13664): Shutting down VM
12-09 08:14:18.902 W/ActivityManager( 1593): Bad activity token: android.os.BinderProxy@2620757
12-09 08:14:18.902 W/ActivityManager( 1593): java.lang.ClassCastException: android.os.BinderProxy cannot be cast to com.android.server.am.ActivityRecord$Token
12-09 08:14:18.902 W/ActivityManager( 1593): 	at com.android.server.am.ActivityRecord.forTokenLocked(ActivityRecord.java:424)
12-09 08:14:18.902 W/ActivityManager( 1593): 	at com.android.server.am.ActivityRecord.isInStackLocked(ActivityRecord.java:1121)
12-09 08:14:18.902 W/ActivityManager( 1593): 	at com.android.server.am.ActivityManagerService.getActivityOptions(ActivityManagerService.java:11038)
12-09 08:14:18.902 W/ActivityManager( 1593): 	at android.app.ActivityManagerNative.onTransact(ActivityManagerNative.java:1734)
12-09 08:14:18.902 W/ActivityManager( 1593): 	at com.android.server.am.ActivityManagerService.onTransact(ActivityManagerService.java:2443)
12-09 08:14:18.902 W/ActivityManager( 1593): 	at android.os.Binder.execTransact(Binder.java:453)
12-09 08:14:18.910 W/audio_hw_generic( 1306): Hardware backing HAL too slow, could only write 0 of 661 frames
12-09 08:14:18.932 W/audio_hw_generic( 1306): Not supplying enough data to HAL, expected position 28669944 , only wrote 28666909
12-09 08:14:19.001 V/PhoneStatusBar( 1689): setLightsOn(true)
12-09 08:14:19.003 D/gralloc_ranchu( 1223): gralloc_alloc: Creating ashmem region of size 3686400
12-09 08:14:19.249 I/System.out(13552): URI: //gesture
12-09 08:14:19.249 I/System.out(13552): params: {json={"query_timeout":5.0,"gestures":[{"query_string":"android.widget.TabWidget descendant TextView index:2","touches":[{"x":50,"y":50,"offset_x":0,"offset_y":0,"wait":0.0,"time":0.2,"release":true,"query_string":null}]}]}
12-09 08:14:19.249 I/System.out(13552): }
12-09 08:14:19.266 D/gralloc_ranchu( 1223): gralloc_alloc: Creating ashmem region of size 3686400
12-09 08:14:19.988 D/gralloc_ranchu( 1223): gralloc_alloc: Creating ashmem region of size 3686400
12-09 08:14:20.289 I/calabash(13552): newActivity1
12-09 08:14:20.290 W/ActivityManager( 1593): Bad activity token: android.os.BinderProxy@fa99035
12-09 08:14:20.290 W/ActivityManager( 1593): java.lang.ClassCastException: android.os.BinderProxy cannot be cast to com.android.server.am.ActivityRecord$Token
12-09 08:14:20.290 W/ActivityManager( 1593): 	at com.android.server.am.ActivityRecord.forTokenLocked(ActivityRecord.java:424)
12-09 08:14:20.290 W/ActivityManager( 1593): 	at com.android.server.am.ActivityRecord.isInStackLocked(ActivityRecord.java:1121)
12-09 08:14:20.290 W/ActivityManager( 1593): 	at com.android.server.am.ActivityRecord.getStackLocked(ActivityRecord.java:1126)
12-09 08:14:20.290 W/ActivityManager( 1593): 	at com.android.server.am.ActivityManagerService.getActivityDisplayId(ActivityManagerService.java:8889)
12-09 08:14:20.290 W/ActivityManager( 1593): 	at android.app.ActivityManagerNative.onTransact(ActivityManagerNative.java:2338)
12-09 08:14:20.290 W/ActivityManager( 1593): 	at com.android.server.am.ActivityManagerService.onTransact(ActivityManagerService.java:2443)
12-09 08:14:20.290 W/ActivityManager( 1593): 	at android.os.Binder.execTransact(Binder.java:453)
12-09 08:14:20.301 W/ActivityManager( 1593): Bad activity token: android.os.BinderProxy@fa99035
12-09 08:14:20.301 W/ActivityManager( 1593): java.lang.ClassCastException: android.os.BinderProxy cannot be cast to com.android.server.am.ActivityRecord$Token
12-09 08:14:20.301 W/ActivityManager( 1593): 	at com.android.server.am.ActivityRecord.forTokenLocked(ActivityRecord.java:424)
12-09 08:14:20.301 W/ActivityManager( 1593): 	at com.android.server.am.ActivityRecord.isInStackLocked(ActivityRecord.java:1121)
12-09 08:14:20.301 W/ActivityManager( 1593): 	at com.android.server.am.ActivityManagerService.setTaskDescription(ActivityManagerService.java:8547)
12-09 08:14:20.301 W/ActivityManager( 1593): 	at android.app.ActivityManagerNative.onTransact(ActivityManagerNative.java:2410)
12-09 08:14:20.301 W/ActivityManager( 1593): 	at com.android.server.am.ActivityManagerService.onTransact(ActivityManagerService.java:2443)
12-09 08:14:20.301 W/ActivityManager( 1593): 	at android.os.Binder.execTransact(Binder.java:453)
12-09 08:14:20.329 D/VehicleStatisticsActivity(13552): Checking recalculation ...
12-09 08:14:20.330 D/VehicleStatisticsActivity(13552): Recalculating statistics
12-09 08:14:20.330 D/VehicleStatisticsTask(13552): Calculation starting...
12-09 08:14:20.330 D/VehicleStatisticsActivity(13552): Recalculation started!
12-09 08:14:20.342 D/CalculateTask(13552): Recalculating...
12-09 08:14:20.353 W/ActivityManager( 1593): Bad activity token: android.os.BinderProxy@fa99035
12-09 08:14:20.353 W/ActivityManager( 1593): java.lang.ClassCastException: android.os.BinderProxy cannot be cast to com.android.server.am.ActivityRecord$Token
12-09 08:14:20.353 W/ActivityManager( 1593): 	at com.android.server.am.ActivityRecord.forTokenLocked(ActivityRecord.java:424)
12-09 08:14:20.353 W/ActivityManager( 1593): 	at com.android.server.am.ActivityRecord.isInStackLocked(ActivityRecord.java:1121)
12-09 08:14:20.353 W/ActivityManager( 1593): 	at com.android.server.am.ActivityManagerService.getActivityOptions(ActivityManagerService.java:11038)
12-09 08:14:20.353 W/ActivityManager( 1593): 	at android.app.ActivityManagerNative.onTransact(ActivityManagerNative.java:1734)
12-09 08:14:20.353 W/ActivityManager( 1593): 	at com.android.server.am.ActivityManagerService.onTransact(ActivityManagerService.java:2443)
12-09 08:14:20.353 W/ActivityManager( 1593): 	at android.os.Binder.execTransact(Binder.java:453)
12-09 08:14:20.353 W/ActivityManager( 1593): Bad activity token: android.os.BinderProxy@fa99035
12-09 08:14:20.353 W/ActivityManager( 1593): java.lang.ClassCastException: android.os.BinderProxy cannot be cast to com.android.server.am.ActivityRecord$Token
12-09 08:14:20.353 W/ActivityManager( 1593): 	at com.android.server.am.ActivityRecord.forTokenLocked(ActivityRecord.java:424)
12-09 08:14:20.353 W/ActivityManager( 1593): 	at com.android.server.am.ActivityRecord.isInStackLocked(ActivityRecord.java:1121)
12-09 08:14:20.353 W/ActivityManager( 1593): 	at com.android.server.am.ActivityManagerService.getActivityOptions(ActivityManagerService.java:11038)
12-09 08:14:20.353 W/ActivityManager( 1593): 	at android.app.ActivityManagerNative.onTransact(ActivityManagerNative.java:1734)
12-09 08:14:20.353 W/ActivityManager( 1593): 	at com.android.server.am.ActivityManagerService.onTransact(ActivityManagerService.java:2443)
12-09 08:14:20.353 W/ActivityManager( 1593): 	at android.os.Binder.execTransact(Binder.java:453)
12-09 08:14:20.374 D/VehicleStatisticsActivity(13552): Checking recalculation ...
12-09 08:14:20.381 D/VehicleStatisticsActivity(13552): Recalculating statistics
12-09 08:14:20.381 D/VehicleStatisticsTask(13552): Calculation starting...
12-09 08:14:20.381 D/VehicleStatisticsActivity(13552): Recalculation started!
12-09 08:14:20.383 W/audio_hw_generic( 1306): Hardware backing HAL too slow, could only write 0 of 661 frames
12-09 08:14:20.388 I/art     (13552): Background sticky concurrent mark sweep GC freed 41619(1779KB) AllocSpace objects, 1(20KB) LOS objects, 22% free, 4MB/5MB, paused 11.247ms total 142.222ms
12-09 08:14:20.407 W/audio_hw_generic( 1306): Hardware backing HAL too slow, could only write 0 of 661 frames
12-09 08:14:20.423 W/audio_hw_generic( 1306): Hardware backing HAL too slow, could only write 0 of 661 frames
12-09 08:14:20.439 W/audio_hw_generic( 1306): Hardware backing HAL too slow, could only write 0 of 661 frames
12-09 08:14:20.564 D/CalculateTask(13552): Recalculating...
12-09 08:14:20.786 D/Mileage.ABS(13552): Finished backup
12-09 08:14:20.816 D/VehicleStatisticsTask(13552): Done recalculating!
12-09 08:14:20.816 D/Mileage.ABS(13552): Not backing up; 52
12-09 08:14:20.864 D/VehicleStatisticsTask(13552): Done recalculating!
12-09 08:14:20.875 D/VehicleStatisticsAdapter(13552): Erasing the cache ...
12-09 08:14:20.879 D/VehicleStatisticsAdapter(13552): Building new values ...
12-09 08:14:20.879 D/VehicleStatisticsAdapter(13552): Writing 29 records to the database ...
12-09 08:14:20.900 D/VehicleStatisticsAdapter(13552): Erasing the cache ...
12-09 08:14:20.902 D/VehicleStatisticsAdapter(13552): Building new values ...
12-09 08:14:20.902 D/VehicleStatisticsAdapter(13552): Writing 29 records to the database ...
12-09 08:14:20.994 D/Mileage.ABS(13552): Not backing up; 230
12-09 08:14:20.996 E/SurfaceFlinger( 1223): ro.sf.lcd_density must be defined as a build property
12-09 08:14:21.002 D/Mileage.ABS(13552): Not backing up; 238
12-09 08:14:21.022 D/gralloc_ranchu( 1223): gralloc_alloc: Creating ashmem region of size 3686400
12-09 08:14:21.058 D/        (13678): HostConnection::get() New Host Connection established 0x7f2a40092480, tid 13678
12-09 08:14:21.082 E/EGL_emulation( 1223): tid 1223: eglCreateSyncKHR(1881): error 0x3004 (EGL_BAD_ATTRIBUTE)
12-09 08:14:21.099 D/Mileage.ABS(13552): Not backing up; 335
12-09 08:14:21.109 D/Mileage.ABS(13552): Not backing up; 345
12-09 08:14:21.125 D/Mileage.ABS(13552): Not backing up; 360
12-09 08:14:21.192 D/Mileage.ABS(13552): Not backing up; 427
12-09 08:14:21.201 W/audio_hw_generic( 1306): Not supplying enough data to HAL, expected position 28705508 , only wrote 28705247
12-09 08:14:21.270 D/Mileage.ABS(13552): Not backing up; 506
12-09 08:14:21.281 W/audio_hw_generic( 1306): Hardware backing HAL too slow, could only write 0 of 661 frames
12-09 08:14:21.332 D/Mileage.ABS(13552): Not backing up; 568
12-09 08:14:21.398 D/Mileage.ABS(13552): Not backing up; 634
12-09 08:14:21.399 D/Mileage.ABS(13552): Not backing up; 635
12-09 08:14:21.400 D/Mileage.ABS(13552): Not backing up; 636
12-09 08:14:21.481 D/Mileage.ABS(13552): Not backing up; 717
12-09 08:14:21.483 D/Mileage.ABS(13552): Not backing up; 719
12-09 08:14:21.534 D/Mileage.ABS(13552): Not backing up; 770
12-09 08:14:21.676 W/audio_hw_generic( 1306): Not supplying enough data to HAL, expected position 28726174 , only wrote 28725738
12-09 08:14:21.855 W/audio_hw_generic( 1306): Hardware backing HAL too slow, could only write 0 of 661 frames
12-09 08:14:21.889 W/audio_hw_generic( 1306): Not supplying enough data to HAL, expected position 28735159 , only wrote 28734331
12-09 08:14:21.976 W/audio_hw_generic( 1306): Hardware backing HAL too slow, could only write 0 of 661 frames
12-09 08:14:21.976 W/audio_hw_generic( 1306): Hardware backing HAL too slow, could only write 0 of 661 frames
12-09 08:14:21.993 W/audio_hw_generic( 1306): Hardware backing HAL too slow, could only write 0 of 661 frames
12-09 08:14:22.019 W/audio_hw_generic( 1306): Hardware backing HAL too slow, could only write 0 of 661 frames
12-09 08:14:22.021 D/Mileage.ABS(13552): Finished backup
12-09 08:14:22.022 I/System.out(13552): URI: //map
12-09 08:14:22.022 I/System.out(13552): params: {json={"query":"* {text CONTAINS[c] 'Average fuel economy'}","operation":{"method_name":"query","arguments":[]}}
12-09 08:14:22.022 I/System.out(13552): }
12-09 08:14:22.047 W/audio_hw_generic( 1306): Not supplying enough data to HAL, expected position 28741299 , only wrote 28740941
12-09 08:14:22.048 W/audio_hw_generic( 1306): Hardware backing HAL too slow, could only write 0 of 661 frames
12-09 08:14:22.048 W/audio_hw_generic( 1306): Hardware backing HAL too slow, could only write 0 of 661 frames
12-09 08:14:22.063 W/audio_hw_generic( 1306): Hardware backing HAL too slow, could only write 0 of 661 frames
12-09 08:14:22.076 D/Mileage.ABS(13552): Not backing up; 181
12-09 08:14:22.079 W/audio_hw_generic( 1306): Hardware backing HAL too slow, could only write 0 of 661 frames
12-09 08:14:22.297 I/art     (13552): Background sticky concurrent mark sweep GC freed 32680(1557KB) AllocSpace objects, 2(40KB) LOS objects, 24% free, 3MB/5MB, paused 1.333ms total 260.098ms
12-09 08:14:22.339 D/Mileage.ABS(13552): Not backing up; 444
12-09 08:14:22.340 D/Mileage.ABS(13552): Not backing up; 445
12-09 08:14:22.340 D/Mileage.ABS(13552): Not backing up; 445
12-09 08:14:22.340 D/Mileage.ABS(13552): Not backing up; 445
12-09 08:14:22.342 D/Mileage.ABS(13552): Not backing up; 447
12-09 08:14:22.346 D/Mileage.ABS(13552): Not backing up; 451
12-09 08:14:22.581 I/art     (13552): Background partial concurrent mark sweep GC freed 38740(1999KB) AllocSpace objects, 5(104KB) LOS objects, 40% free, 3MB/5MB, paused 21.435ms total 206.956ms
12-09 08:14:22.589 D/Mileage.ABS(13552): Not backing up; 694
12-09 08:14:22.590 D/Mileage.ABS(13552): Not backing up; 695
12-09 08:14:22.590 D/Mileage.ABS(13552): Not backing up; 695
12-09 08:14:22.600 I/System.out(13552): URI: //gesture
12-09 08:14:22.600 I/System.out(13552): params: {json={"query_timeout":5.0,"gestures":[{"query_string":"* {text CONTAINS[c] 'Average fuel economy'}","touches":[{"x":50,"y":50,"offset_x":0,"offset_y":0,"wait":0.0,"time":0.2,"release":true,"query_string":null}]}]}
12-09 08:14:22.600 I/System.out(13552): }
12-09 08:14:22.772 D/Mileage.ABS(13552): Not backing up; 877
12-09 08:14:22.781 D/Mileage.ABS(13552): Not backing up; 886
12-09 08:14:22.781 D/Mileage.ABS(13552): Not backing up; 886
12-09 08:14:22.831 W/audio_hw_generic( 1306): Not supplying enough data to HAL, expected position 28775501 , only wrote 28775313
12-09 08:14:22.935 W/audio_hw_generic( 1306): Not supplying enough data to HAL, expected position 28779892 , only wrote 28776635
12-09 08:14:22.966 W/audio_hw_generic( 1306): Not supplying enough data to HAL, expected position 28777989 , only wrote 28777957
12-09 08:14:23.132 W/audio_hw_generic( 1306): Not supplying enough data to HAL, expected position 28785301 , only wrote 28785228
12-09 08:14:23.162 W/audio_hw_generic( 1306): Hardware backing HAL too slow, could only write 0 of 661 frames
12-09 08:14:23.166 D/Mileage.ABS(13552): Finished backup
12-09 08:14:23.179 W/audio_hw_generic( 1306): Hardware backing HAL too slow, could only write 0 of 661 frames
12-09 08:14:23.181 D/Mileage.ABS(13552): Not backing up; 30
12-09 08:14:23.182 D/Mileage.ABS(13552): Not backing up; 31
12-09 08:14:23.192 W/audio_hw_generic( 1306): Hardware backing HAL too slow, could only write 0 of 661 frames
12-09 08:14:23.202 I/ActivityManager( 1593): START u0 {cmp=com.evancharlton.mileage/.charts.AverageFuelEconomyChart (has extras)} from uid 10131 on display 0
12-09 08:14:23.224 W/audio_hw_generic( 1306): Hardware backing HAL too slow, could only write 0 of 661 frames
12-09 08:14:23.292 D/AudioFlinger( 1306): mixer(0xf42c0000) throttle end: throttle time(11)
12-09 08:14:23.336 D/AudioFlinger( 1306): mixer(0xf42c0000) throttle end: throttle time(1)
12-09 08:14:23.348 W/audio_hw_generic( 1306): Hardware backing HAL too slow, could only write 0 of 661 frames
12-09 08:14:23.371 W/audio_hw_generic( 1306): Hardware backing HAL too slow, could only write 0 of 661 frames
12-09 08:14:23.379 W/audio_hw_generic( 1306): Hardware backing HAL too slow, could only write 0 of 661 frames
12-09 08:14:23.395 W/audio_hw_generic( 1306): Hardware backing HAL too slow, could only write 0 of 661 frames
12-09 08:14:23.416 I/art     (13552): Background sticky concurrent mark sweep GC freed 48050(2MB) AllocSpace objects, 3(60KB) LOS objects, 40% free, 3MB/5MB, paused 1.128ms total 121.533ms
12-09 08:14:23.423 W/audio_hw_generic( 1306): Hardware backing HAL too slow, could only write 0 of 661 frames
12-09 08:14:23.468 W/audio_hw_generic( 1306): Hardware backing HAL too slow, could only write 0 of 661 frames
12-09 08:14:23.483 W/audio_hw_generic( 1306): Hardware backing HAL too slow, could only write 0 of 661 frames
12-09 08:14:23.504 W/audio_hw_generic( 1306): Hardware backing HAL too slow, could only write 0 of 661 frames
12-09 08:14:23.593 I/calabash(13552): newActivity1
12-09 08:14:23.614 D/Mileage.ABS(13552): Not backing up; 462
12-09 08:14:23.614 D/Mileage.ABS(13552): Not backing up; 463
12-09 08:14:23.614 D/Mileage.ABS(13552): Not backing up; 463
12-09 08:14:23.719 W/audio_hw_generic( 1306): Not supplying enough data to HAL, expected position 28811110 , only wrote 28811007
12-09 08:14:23.774 W/aiCharts(13552): License file is invalid or missing. 
12-09 08:14:23.774 W/aiCharts(13552): Please place proper license.lic to /assets folder.
12-09 08:14:24.044 V/PhoneStatusBar( 1689): setLightsOn(true)
12-09 08:14:24.053 D/Mileage.ABS(13552): Not backing up; 902
12-09 08:14:24.054 D/Mileage.ABS(13552): Not backing up; 903
12-09 08:14:24.054 D/Mileage.ABS(13552): Not backing up; 903
12-09 08:14:24.054 D/Mileage.ABS(13552): Not backing up; 903
12-09 08:14:24.054 D/Mileage.ABS(13552): Not backing up; 903
12-09 08:14:24.117 E/SurfaceFlinger( 1223): ro.sf.lcd_density must be defined as a build property
12-09 08:14:24.118 D/gralloc_ranchu( 1223): gralloc_alloc: Creating ashmem region of size 3686400
12-09 08:14:24.120 D/Mileage.ABS(13552): Not backing up; 969
12-09 08:14:24.121 D/Mileage.ABS(13552): Not backing up; 970
12-09 08:14:24.122 D/Mileage.ABS(13552): Not backing up; 971
12-09 08:14:24.160 D/        (13699): HostConnection::get() New Host Connection established 0x7f3fa08d2480, tid 13699
12-09 08:14:24.207 E/EGL_emulation( 1223): tid 1223: eglCreateSyncKHR(1881): error 0x3004 (EGL_BAD_ATTRIBUTE)
12-09 08:14:24.483 D/gralloc_ranchu( 1223): gralloc_alloc: Creating ashmem region of size 372736
12-09 08:14:24.505 D/Mileage.ABS(13552): Finished backup
12-09 08:14:24.507 D/Mileage.ABS(13552): Not backing up; 33
12-09 08:14:24.507 D/Mileage.ABS(13552): Not backing up; 35
12-09 08:14:24.748 W/audio_hw_generic( 1306): Not supplying enough data to HAL, expected position 28856387 , only wrote 28853972
12-09 08:14:24.748 W/audio_hw_generic( 1306): Not supplying enough data to HAL, expected position 28853979 , only wrote 28853972
12-09 08:14:24.776 W/audio_hw_generic( 1306): Not supplying enough data to HAL, expected position 28855176 , only wrote 28854633
12-09 08:14:24.845 D/gralloc_ranchu( 1223): gralloc_alloc: Creating ashmem region of size 3686400
12-09 08:14:24.846 W/art     ( 1593): Long monitor contention event with owner method=java.util.List com.android.server.am.ActivityManagerService.getAllStackInfos() from ActivityManagerService.java:8937 waiters=0 for 286ms
12-09 08:14:24.881 W/audio_hw_generic( 1306): Hardware backing HAL too slow, could only write 0 of 661 frames
12-09 08:14:24.999 W/audio_hw_generic( 1306): Hardware backing HAL too slow, could only write 0 of 661 frames
12-09 08:14:25.133 W/audio_hw_generic( 1306): Hardware backing HAL too slow, could only write 0 of 661 frames
12-09 08:14:25.203 D/VehicleStatisticsAdapter(13552): Caching of 29 records complete! (4.324 seconds)
12-09 08:14:25.229 D/VehicleStatisticsAdapter(13552): Caching of 29 records complete! (4.326 seconds)
12-09 08:14:25.506 W/audio_hw_generic( 1306): Not supplying enough data to HAL, expected position 28886858 , only wrote 28886361
12-09 08:14:25.507 W/audio_hw_generic( 1306): Not supplying enough data to HAL, expected position 28886368 , only wrote 28886361
12-09 08:14:25.523 W/audio_hw_generic( 1306): Not supplying enough data to HAL, expected position 28887096 , only wrote 28887022
12-09 08:14:25.624 W/audio_hw_generic( 1306): Hardware backing HAL too slow, could only write 0 of 661 frames
12-09 08:14:25.632 W/audio_hw_generic( 1306): Hardware backing HAL too slow, could only write 0 of 661 frames
12-09 08:14:25.634 W/art     ( 1593): Long monitor contention event with owner method=void com.android.server.wm.WindowAnimator$1.doFrame(long) from WindowAnimator.java:121 waiters=1 for 168ms
12-09 08:14:25.824 W/audio_hw_generic( 1306): Not supplying enough data to HAL, expected position 28900278 , only wrote 28900242
12-09 08:14:25.824 W/audio_hw_generic( 1306): Not supplying enough data to HAL, expected position 28900249 , only wrote 28900242
12-09 08:14:25.839 W/audio_hw_generic( 1306): Hardware backing HAL too slow, could only write 0 of 661 frames
12-09 08:14:25.874 W/audio_hw_generic( 1306): Hardware backing HAL too slow, could only write 0 of 661 frames
12-09 08:14:25.879 W/art     ( 1593): Long monitor contention event with owner method=void com.android.server.wm.WindowAnimator$1.doFrame(long) from WindowAnimator.java:121 waiters=1 for 244ms
