12-09 07:40:53.574 I/art     ( 1859): Background partial concurrent mark sweep GC freed 2393(250KB) AllocSpace objects, 2(56KB) LOS objects, 40% free, 2MB/3MB, paused 6.699ms total 38.642ms
12-09 07:40:53.724 I/System.out( 4903): URI: //
12-09 07:40:53.731 I/System.out( 4903): params: {json={"command":"keyboard_enter_text","arguments":["000"]}
12-09 07:40:53.731 I/System.out( 4903): }
12-09 07:40:53.731 I/System.out( 4903): header: {date=Sun, 09 Dec 2018 07:40:54 GMT, accept=*/*, content-length=53, host=127.0.0.1:34777, user-agent=HTTPClient/1.0 (2.8.3, ruby 2.3.1 (2016-04-26)), content-type=application/json;charset=utf-8}
12-09 07:40:53.731 I/System.out( 4903): params: {json={"command":"keyboard_enter_text","arguments":["000"]}
12-09 07:40:53.732 I/System.out( 4903): }
12-09 07:40:53.732 I/System.out( 4903): ProP json = {"command":"keyboard_enter_text","arguments":["000"]}
12-09 07:40:53.732 I/System.out( 4903): files: {}
12-09 07:40:53.732 I/System.out( 4903): command: {"command":"keyboard_enter_text","arguments":["000"]}
12-09 07:40:53.733 I/InstrumentationBackend( 4903): Got command:'Command:'Line:null,keyboard_enter_text', arguments:'[000]'
12-09 07:40:53.733 E/SpannableStringBuilder( 4903): SPAN_EXCLUSIVE_EXCLUSIVE spans cannot have a zero length
12-09 07:40:53.733 E/SpannableStringBuilder( 4903): SPAN_EXCLUSIVE_EXCLUSIVE spans cannot have a zero length
12-09 07:40:53.753 E/SpannableStringBuilder( 4903): SPAN_EXCLUSIVE_EXCLUSIVE spans cannot have a zero length
12-09 07:40:53.753 E/SpannableStringBuilder( 4903): SPAN_EXCLUSIVE_EXCLUSIVE spans cannot have a zero length
12-09 07:40:53.766 I/System.out( 4903): result:{"bonusInformation":[],"message":"","success":true}
12-09 07:40:53.934 I/System.out( 4903): URI: //map
12-09 07:40:53.934 I/System.out( 4903): params: {json={"query":"android.widget.Button index:2","operation":{"method_name":"query","arguments":[]}}
12-09 07:40:53.934 I/System.out( 4903): }
12-09 07:40:54.020 I/art     ( 4903): Background sticky concurrent mark sweep GC freed 30082(1537KB) AllocSpace objects, 8(160KB) LOS objects, 38% free, 2MB/4MB, paused 1.083ms total 171.483ms
12-09 07:40:54.196 I/System.out( 4903): URI: //gesture
12-09 07:40:54.199 I/System.out( 4903): params: {json={"query_timeout":5.0,"gestures":[{"query_string":"android.widget.Button index:2","touches":[{"x":50,"y":50,"offset_x":0,"offset_y":0,"wait":0.0,"time":0.2,"release":true,"query_string":null}]}]}
12-09 07:40:54.232 I/System.out( 4903): }
12-09 07:40:55.159 W/audio_hw_generic( 1308): Hardware backing HAL too slow, could only write 0 of 661 frames
12-09 07:40:55.161 I/art     ( 4903): Background sticky concurrent mark sweep GC freed 30911(1273KB) AllocSpace objects, 1(20KB) LOS objects, 12% free, 3MB/3MB, paused 969us total 149.023ms
12-09 07:40:55.175 W/audio_hw_generic( 1308): Hardware backing HAL too slow, could only write 0 of 661 frames
12-09 07:40:55.352 W/audio_hw_generic( 1308): Not supplying enough data to HAL, expected position 3960250 , only wrote 3959390
12-09 07:40:55.584 D/gralloc_ranchu( 1219): gralloc_alloc: Creating ashmem region of size 40960
12-09 07:40:55.676 W/audio_hw_generic( 1308): Not supplying enough data to HAL, expected position 3973705 , only wrote 3973271
12-09 07:40:55.676 W/audio_hw_generic( 1308): Not supplying enough data to HAL, expected position 3973277 , only wrote 3973271
12-09 07:40:55.694 E/SurfaceFlinger( 1219): ro.sf.lcd_density must be defined as a build property
12-09 07:40:55.695 W/audio_hw_generic( 1308): Not supplying enough data to HAL, expected position 3974083 , only wrote 3973932
12-09 07:40:55.816 D/gralloc_ranchu( 1219): gralloc_alloc: Creating ashmem region of size 3686400
12-09 07:40:55.949 W/audio_hw_generic( 1308): Not supplying enough data to HAL, expected position 3985135 , only wrote 3983847
12-09 07:40:55.969 W/audio_hw_generic( 1308): Not supplying enough data to HAL, expected position 3984749 , only wrote 3983847
12-09 07:40:55.981 D/        ( 4962): HostConnection::get() New Host Connection established 0x7f2ee2f92480, tid 4962
12-09 07:40:55.999 W/audio_hw_generic( 1308): Not supplying enough data to HAL, expected position 3985176 , only wrote 3985169
12-09 07:40:56.020 E/EGL_emulation( 1219): tid 1219: eglCreateSyncKHR(1881): error 0x3004 (EGL_BAD_ATTRIBUTE)
12-09 07:40:56.042 W/audio_hw_generic( 1308): Hardware backing HAL too slow, could only write 0 of 661 frames
12-09 07:40:56.094 W/art     ( 1592): Long monitor contention event with owner method=void com.android.server.wm.WindowAnimator$1.doFrame(long) from WindowAnimator.java:121 waiters=0 for 266ms
12-09 07:40:56.237 W/audio_hw_generic( 1308): Not supplying enough data to HAL, expected position 3995657 , only wrote 3994423
12-09 07:40:56.237 W/audio_hw_generic( 1308): Not supplying enough data to HAL, expected position 3994429 , only wrote 3994423
12-09 07:40:56.255 W/audio_hw_generic( 1308): Not supplying enough data to HAL, expected position 3995218 , only wrote 3995084
12-09 07:40:56.382 W/audio_hw_generic( 1308): Not supplying enough data to HAL, expected position 4000655 , only wrote 4000372
12-09 07:40:56.485 W/audio_hw_generic( 1308): Not supplying enough data to HAL, expected position 4004932 , only wrote 4004338
12-09 07:40:56.561 W/audio_hw_generic( 1308): Not supplying enough data to HAL, expected position 4007693 , only wrote 4007643
12-09 07:40:56.690 W/audio_hw_generic( 1308): Not supplying enough data to HAL, expected position 4013330 , only wrote 4012931
12-09 07:40:56.690 W/audio_hw_generic( 1308): Not supplying enough data to HAL, expected position 4012938 , only wrote 4012931
12-09 07:40:56.690 W/audio_hw_generic( 1308): Hardware backing HAL too slow, could only write 0 of 661 frames
12-09 07:40:56.727 W/audio_hw_generic( 1308): Not supplying enough data to HAL, expected position 4014530 , only wrote 4013592
12-09 07:40:56.727 W/audio_hw_generic( 1308): Hardware backing HAL too slow, could only write 0 of 661 frames
12-09 07:40:56.759 W/audio_hw_generic( 1308): Not supplying enough data to HAL, expected position 4014996 , only wrote 4014914
12-09 07:40:56.759 W/audio_hw_generic( 1308): Hardware backing HAL too slow, could only write 0 of 661 frames
12-09 07:40:56.773 W/audio_hw_generic( 1308): Hardware backing HAL too slow, could only write 0 of 661 frames
12-09 07:40:56.806 W/audio_hw_generic( 1308): Hardware backing HAL too slow, could only write 0 of 661 frames
12-09 07:40:56.806 W/audio_hw_generic( 1308): Hardware backing HAL too slow, could only write 0 of 661 frames
12-09 07:40:56.833 W/audio_hw_generic( 1308): Hardware backing HAL too slow, could only write 0 of 661 frames
12-09 07:40:56.866 W/audio_hw_generic( 1308): Hardware backing HAL too slow, could only write 0 of 661 frames
12-09 07:40:56.866 W/audio_hw_generic( 1308): Not supplying enough data to HAL, expected position 4019660 , only wrote 4019541
12-09 07:40:56.866 W/audio_hw_generic( 1308): Not supplying enough data to HAL, expected position 4019548 , only wrote 4019541
12-09 07:40:56.866 W/audio_hw_generic( 1308): Hardware backing HAL too slow, could only write 0 of 661 frames
12-09 07:40:56.888 W/audio_hw_generic( 1308): Not supplying enough data to HAL, expected position 4020483 , only wrote 4020202
12-09 07:40:56.929 W/audio_hw_generic( 1308): Not supplying enough data to HAL, expected position 4022025 , only wrote 4021524
12-09 07:40:57.171 W/audio_hw_generic( 1308): Not supplying enough data to HAL, expected position 4032210 , only wrote 4032100
12-09 07:40:57.220 W/audio_hw_generic( 1308): Hardware backing HAL too slow, could only write 0 of 661 frames
