12-09 08:20:16.106 W/audio_hw_generic( 1307): Hardware backing HAL too slow, could only write 0 of 661 frames
12-09 08:20:16.110 D/EGL_emulation( 1889): eglMakeCurrent: 0x7fbc7077bd20: ver 2 0 (tinfo 0x7fbc7077a3a0)
12-09 08:20:16.114 W/audio_hw_generic( 1307): Hardware backing HAL too slow, could only write 0 of 661 frames
12-09 08:20:16.122 E/Surface ( 1889): getSlotFromBufferLocked: unknown buffer: 0x7fbc7894fe00
12-09 08:20:16.266 W/audio_hw_generic( 1307): Not supplying enough data to HAL, expected position 24693379 , only wrote 24692977
12-09 08:20:16.266 W/audio_hw_generic( 1307): Not supplying enough data to HAL, expected position 24692984 , only wrote 24692977
12-09 08:20:16.282 W/audio_hw_generic( 1307): Not supplying enough data to HAL, expected position 24693676 , only wrote 24693638
12-09 08:20:16.325 W/audio_hw_generic( 1307): Not supplying enough data to HAL, expected position 24695537 , only wrote 24694960
12-09 08:20:16.325 W/audio_hw_generic( 1307): Hardware backing HAL too slow, could only write 0 of 661 frames
12-09 08:20:16.366 W/audio_hw_generic( 1307): Not supplying enough data to HAL, expected position 24696766 , only wrote 24696282
12-09 08:20:16.366 W/audio_hw_generic( 1307): Hardware backing HAL too slow, could only write 0 of 661 frames
12-09 08:20:16.366 W/audio_hw_generic( 1307): Hardware backing HAL too slow, could only write 0 of 661 frames
12-09 08:20:16.410 W/audio_hw_generic( 1307): Not supplying enough data to HAL, expected position 24698208 , only wrote 24697604
12-09 08:20:16.410 W/audio_hw_generic( 1307): Hardware backing HAL too slow, could only write 0 of 661 frames
12-09 08:20:16.410 W/audio_hw_generic( 1307): Hardware backing HAL too slow, could only write 0 of 661 frames
12-09 08:20:16.528 W/audio_hw_generic( 1307): Hardware backing HAL too slow, could only write 0 of 661 frames
12-09 08:20:16.546 W/audio_hw_generic( 1307): Hardware backing HAL too slow, could only write 0 of 661 frames
12-09 08:20:16.584 W/audio_hw_generic( 1307): Not supplying enough data to HAL, expected position 24705296 , only wrote 24704875
12-09 08:20:16.586 I/System.out(16085): URI: //gesture
12-09 08:20:16.586 I/System.out(16085): params: {json={"query_timeout":5.0,"gestures":[{"query_string":"android.widget.TabWidget descendant TextView index:0","touches":[{"x":50,"y":50,"offset_x":0,"offset_y":0,"wait":0.0,"time":0.2,"release":true,"query_string":null}]}]}
12-09 08:20:16.586 I/System.out(16085): }
12-09 08:20:16.671 W/audio_hw_generic( 1307): Not supplying enough data to HAL, expected position 24708722 , only wrote 24708180
12-09 08:20:16.672 W/audio_hw_generic( 1307): Not supplying enough data to HAL, expected position 24708187 , only wrote 24708180
12-09 08:20:16.804 W/audio_hw_generic( 1307): Not supplying enough data to HAL, expected position 24714000 , only wrote 24712146
12-09 08:20:16.804 W/audio_hw_generic( 1307): Not supplying enough data to HAL, expected position 24712154 , only wrote 24712146
12-09 08:20:16.867 W/audio_hw_generic( 1307): Not supplying enough data to HAL, expected position 24714935 , only wrote 24712807
12-09 08:20:16.992 W/audio_hw_generic( 1307): Not supplying enough data to HAL, expected position 24718316 , only wrote 24716112
12-09 08:20:16.992 W/audio_hw_generic( 1307): Not supplying enough data to HAL, expected position 24716119 , only wrote 24716112
12-09 08:20:17.190 W/audio_hw_generic( 1307): Not supplying enough data to HAL, expected position 24724832 , only wrote 24724705
12-09 08:20:17.190 W/audio_hw_generic( 1307): Not supplying enough data to HAL, expected position 24724712 , only wrote 24724705
12-09 08:20:17.232 W/audio_hw_generic( 1307): Not supplying enough data to HAL, expected position 24726570 , only wrote 24725366
12-09 08:20:17.306 W/audio_hw_generic( 1307): Hardware backing HAL too slow, could only write 0 of 661 frames
12-09 08:20:17.314 W/audio_hw_generic( 1307): Hardware backing HAL too slow, could only write 0 of 661 frames
12-09 08:20:17.458 W/audio_hw_generic( 1307): Not supplying enough data to HAL, expected position 24735313 , only wrote 24735281
12-09 08:20:17.517 D/AudioFlinger( 1307): mixer(0xf4340000) throttle end: throttle time(4)
12-09 08:20:17.569 W/CursorWrapperInner(16085): Cursor finalized without prior close()
12-09 08:20:17.582 I/art     (16085): Background sticky concurrent mark sweep GC freed 40156(1848KB) AllocSpace objects, 1(20KB) LOS objects, 22% free, 3MB/4MB, paused 1.969ms total 109.138ms
12-09 08:20:18.044 W/audio_hw_generic( 1307): Hardware backing HAL too slow, could only write 0 of 661 frames
12-09 08:20:18.058 W/audio_hw_generic( 1307): Hardware backing HAL too slow, could only write 0 of 661 frames
12-09 08:20:18.241 W/audio_hw_generic( 1307): Not supplying enough data to HAL, expected position 24769839 , only wrote 24767009
12-09 08:20:18.245 W/audio_hw_generic( 1307): Not supplying enough data to HAL, expected position 24767174 , only wrote 24767009
12-09 08:20:18.486 W/audio_hw_generic( 1307): Not supplying enough data to HAL, expected position 24777621 , only wrote 24777585
12-09 08:20:18.584 I/System.out(16085): URI: //map
12-09 08:20:18.584 I/System.out(16085): params: {json={"query":"android.widget.EditText id:'price'","operation":{"method_name":"query","arguments":[]}}
12-09 08:20:18.584 I/System.out(16085): }
12-09 08:20:18.616 W/ResourceType(16085): No package identifier when getting name for resource number 0x00000001
12-09 08:20:18.843 W/audio_hw_generic( 1307): Not supplying enough data to HAL, expected position 24793333 , only wrote 24792127
12-09 08:20:18.845 I/art     (16085): Background sticky concurrent mark sweep GC freed 57980(2MB) AllocSpace objects, 2(40KB) LOS objects, 35% free, 2MB/4MB, paused 14.708ms total 202.966ms
12-09 08:20:18.878 W/audio_hw_generic( 1307): Not supplying enough data to HAL, expected position 24793688 , only wrote 24793449
12-09 08:20:18.881 I/System.out(16085): URI: //gesture
12-09 08:20:18.881 I/System.out(16085): params: {json={"query_timeout":5.0,"gestures":[{"query_string":"android.widget.EditText id:'price'","touches":[{"x":50,"y":50,"offset_x":0,"offset_y":0,"wait":0.0,"time":0.2,"release":true,"query_string":null}]}]}
12-09 08:20:18.881 I/System.out(16085): }
12-09 08:20:19.040 W/ResourceType(16085): No package identifier when getting name for resource number 0x00000001
12-09 08:20:19.286 W/audio_hw_generic( 1307): Not supplying enough data to HAL, expected position 24811413 , only wrote 24811296
12-09 08:20:19.286 W/audio_hw_generic( 1307): Not supplying enough data to HAL, expected position 24811306 , only wrote 24811296
12-09 08:20:19.381 W/audio_hw_generic( 1307): Not supplying enough data to HAL, expected position 24815505 , only wrote 24811957
12-09 08:20:19.398 W/audio_hw_generic( 1307): Not supplying enough data to HAL, expected position 24812665 , only wrote 24812618
12-09 08:20:19.405 W/audio_hw_generic( 1307): Not supplying enough data to HAL, expected position 24812967 , only wrote 24812618
12-09 08:20:19.474 W/audio_hw_generic( 1307): Hardware backing HAL too slow, could only write 0 of 661 frames
12-09 08:20:19.499 I/LatinIME( 1889): Starting input. Cursor position = 0,0
12-09 08:20:19.588 I/art     (16085): Background sticky concurrent mark sweep GC freed 42655(1837KB) AllocSpace objects, 2(40KB) LOS objects, 27% free, 3MB/4MB, paused 5.127ms total 75.725ms
12-09 08:20:19.663 W/audio_hw_generic( 1307): Not supplying enough data to HAL, expected position 24823958 , only wrote 24823855
12-09 08:20:19.665 D/EGL_emulation( 1889): eglMakeCurrent: 0x7fbc7077bd20: ver 2 0 (tinfo 0x7fbc7077a3a0)
12-09 08:20:19.737 W/audio_hw_generic( 1307): Hardware backing HAL too slow, could only write 0 of 661 frames
12-09 08:20:19.737 W/audio_hw_generic( 1307): Not supplying enough data to HAL, expected position 24827149 , only wrote 24826499
12-09 08:20:19.738 W/audio_hw_generic( 1307): Not supplying enough data to HAL, expected position 24826506 , only wrote 24826499
12-09 08:20:19.764 W/audio_hw_generic( 1307): Not supplying enough data to HAL, expected position 24827683 , only wrote 24827160
12-09 08:20:19.879 W/audio_hw_generic( 1307): Not supplying enough data to HAL, expected position 24832199 , only wrote 24831787
12-09 08:20:19.879 W/audio_hw_generic( 1307): Not supplying enough data to HAL, expected position 24831794 , only wrote 24831787
12-09 08:20:19.897 W/audio_hw_generic( 1307): Not supplying enough data to HAL, expected position 24832573 , only wrote 24832448
12-09 08:20:20.011 W/audio_hw_generic( 1307): Not supplying enough data to HAL, expected position 24837483 , only wrote 24833770
12-09 08:20:20.078 W/audio_hw_generic( 1307): Hardware backing HAL too slow, could only write 0 of 661 frames
12-09 08:20:20.098 W/audio_hw_generic( 1307): Hardware backing HAL too slow, could only write 0 of 661 frames
12-09 08:20:20.103 I/System.out(16085): URI: //
12-09 08:20:20.103 I/System.out(16085): params: {json={"command":"set_selection","arguments":[-1,-1]}
12-09 08:20:20.104 I/System.out(16085): }
12-09 08:20:20.104 I/System.out(16085): header: {date=Sun, 09 Dec 2018 08:20:20 GMT, accept=*/*, content-length=47, host=127.0.0.1:34777, user-agent=HTTPClient/1.0 (2.8.3, ruby 2.3.1 (2016-04-26)), content-type=application/json;charset=utf-8}
12-09 08:20:20.104 I/System.out(16085): params: {json={"command":"set_selection","arguments":[-1,-1]}
12-09 08:20:20.104 I/System.out(16085): }
12-09 08:20:20.104 I/System.out(16085): ProP json = {"command":"set_selection","arguments":[-1,-1]}
12-09 08:20:20.104 I/System.out(16085): files: {}
12-09 08:20:20.104 I/System.out(16085): command: {"command":"set_selection","arguments":[-1,-1]}
12-09 08:20:20.105 I/InstrumentationBackend(16085): Got command:'Command:'Line:null,set_selection', arguments:'[-1, -1]'
12-09 08:20:20.161 I/System.out(16085): result:{"bonusInformation":[],"message":"","success":true}
12-09 08:20:20.246 W/audio_hw_generic( 1307): Not supplying enough data to HAL, expected position 24844118 , only wrote 24843685
12-09 08:20:20.261 W/audio_hw_generic( 1307): Hardware backing HAL too slow, could only write 0 of 661 frames
12-09 08:20:20.280 W/audio_hw_generic( 1307): Hardware backing HAL too slow, could only write 0 of 661 frames
12-09 08:20:20.291 W/audio_hw_generic( 1307): Hardware backing HAL too slow, could only write 0 of 661 frames
12-09 08:20:20.390 W/audio_hw_generic( 1307): Not supplying enough data to HAL, expected position 24850045 , only wrote 24849634
12-09 08:20:20.390 W/audio_hw_generic( 1307): Not supplying enough data to HAL, expected position 24849642 , only wrote 24849634
12-09 08:20:20.414 W/audio_hw_generic( 1307): Not supplying enough data to HAL, expected position 24850697 , only wrote 24850295
12-09 08:20:20.550 W/audio_hw_generic( 1307): Not supplying enough data to HAL, expected position 24856275 , only wrote 24856244
12-09 08:20:21.472 I/System.out(16085): URI: //
12-09 08:20:21.472 I/System.out(16085): params: {json={"command":"keyboard_enter_text","arguments":["54"]}
12-09 08:20:21.472 I/System.out(16085): }
12-09 08:20:21.472 I/System.out(16085): header: {date=Sun, 09 Dec 2018 08:20:20 GMT, accept=*/*, content-length=52, host=127.0.0.1:34777, user-agent=HTTPClient/1.0 (2.8.3, ruby 2.3.1 (2016-04-26)), content-type=application/json;charset=utf-8}
12-09 08:20:21.472 I/System.out(16085): params: {json={"command":"keyboard_enter_text","arguments":["54"]}
12-09 08:20:21.472 I/System.out(16085): }
12-09 08:20:21.473 I/System.out(16085): ProP json = {"command":"keyboard_enter_text","arguments":["54"]}
12-09 08:20:21.473 I/System.out(16085): files: {}
12-09 08:20:21.473 I/System.out(16085): command: {"command":"keyboard_enter_text","arguments":["54"]}
12-09 08:20:21.474 I/InstrumentationBackend(16085): Got command:'Command:'Line:null,keyboard_enter_text', arguments:'[54]'
12-09 08:20:21.495 E/SpannableStringBuilder(16085): SPAN_EXCLUSIVE_EXCLUSIVE spans cannot have a zero length
12-09 08:20:21.495 E/SpannableStringBuilder(16085): SPAN_EXCLUSIVE_EXCLUSIVE spans cannot have a zero length
12-09 08:20:21.526 E/SpannableStringBuilder(16085): SPAN_EXCLUSIVE_EXCLUSIVE spans cannot have a zero length
12-09 08:20:21.526 E/SpannableStringBuilder(16085): SPAN_EXCLUSIVE_EXCLUSIVE spans cannot have a zero length
12-09 08:20:21.591 I/System.out(16085): result:{"bonusInformation":[],"message":"","success":true}
12-09 08:20:21.634 I/art     (16085): Background sticky concurrent mark sweep GC freed 30153(1469KB) AllocSpace objects, 6(120KB) LOS objects, 30% free, 3MB/4MB, paused 5.032ms total 78.138ms
12-09 08:20:21.636 I/System.out(16085): URI: //map
12-09 08:20:21.636 I/System.out(16085): params: {json={"query":"android.widget.EditText id:'volume'","operation":{"method_name":"query","arguments":[]}}
12-09 08:20:21.637 I/System.out(16085): }
12-09 08:20:21.779 W/ResourceType(16085): No package identifier when getting name for resource number 0x00000001
12-09 08:20:21.946 I/art     (16085): Background sticky concurrent mark sweep GC freed 27984(1170KB) AllocSpace objects, 2(40KB) LOS objects, 17% free, 3MB/4MB, paused 3.843ms total 113.114ms
12-09 08:20:22.022 I/System.out(16085): URI: //gesture
12-09 08:20:22.022 I/System.out(16085): params: {json={"query_timeout":5.0,"gestures":[{"query_string":"android.widget.EditText id:'volume'","touches":[{"x":50,"y":50,"offset_x":0,"offset_y":0,"wait":0.0,"time":0.2,"release":true,"query_string":null}]}]}
12-09 08:20:22.022 I/System.out(16085): }
12-09 08:20:22.134 I/art     (16085): Background sticky concurrent mark sweep GC freed 29111(1379KB) AllocSpace objects, 2(40KB) LOS objects, 26% free, 3MB/4MB, paused 9.964ms total 83.681ms
12-09 08:20:22.164 W/ResourceType(16085): No package identifier when getting name for resource number 0x00000001
12-09 08:20:22.736 I/LatinIME( 1889): Starting input. Cursor position = 0,0
12-09 08:20:23.534 I/System.out(16085): URI: //
12-09 08:20:23.534 I/System.out(16085): params: {json={"command":"set_selection","arguments":[-1,-1]}
12-09 08:20:23.534 I/System.out(16085): }
12-09 08:20:23.534 I/System.out(16085): header: {date=Sun, 09 Dec 2018 08:20:23 GMT, accept=*/*, content-length=47, host=127.0.0.1:34777, user-agent=HTTPClient/1.0 (2.8.3, ruby 2.3.1 (2016-04-26)), content-type=application/json;charset=utf-8}
12-09 08:20:23.534 I/System.out(16085): params: {json={"command":"set_selection","arguments":[-1,-1]}
12-09 08:20:23.534 I/System.out(16085): }
12-09 08:20:23.534 I/System.out(16085): ProP json = {"command":"set_selection","arguments":[-1,-1]}
12-09 08:20:23.534 I/System.out(16085): files: {}
12-09 08:20:23.534 I/System.out(16085): command: {"command":"set_selection","arguments":[-1,-1]}
12-09 08:20:23.535 I/InstrumentationBackend(16085): Got command:'Command:'Line:null,set_selection', arguments:'[-1, -1]'
12-09 08:20:23.569 I/System.out(16085): result:{"bonusInformation":[],"message":"","success":true}
12-09 08:20:23.719 I/System.out(16085): URI: //
12-09 08:20:23.719 I/System.out(16085): params: {json={"command":"keyboard_enter_text","arguments":["100"]}
12-09 08:20:23.719 I/System.out(16085): }
12-09 08:20:23.719 I/System.out(16085): header: {date=Sun, 09 Dec 2018 08:20:23 GMT, accept=*/*, content-length=53, host=127.0.0.1:34777, user-agent=HTTPClient/1.0 (2.8.3, ruby 2.3.1 (2016-04-26)), content-type=application/json;charset=utf-8}
12-09 08:20:23.719 I/System.out(16085): params: {json={"command":"keyboard_enter_text","arguments":["100"]}
12-09 08:20:23.719 I/System.out(16085): }
12-09 08:20:23.719 I/System.out(16085): ProP json = {"command":"keyboard_enter_text","arguments":["100"]}
12-09 08:20:23.719 I/System.out(16085): files: {}
12-09 08:20:23.719 I/System.out(16085): command: {"command":"keyboard_enter_text","arguments":["100"]}
12-09 08:20:23.720 I/InstrumentationBackend(16085): Got command:'Command:'Line:null,keyboard_enter_text', arguments:'[100]'
12-09 08:20:23.854 E/SpannableStringBuilder(16085): SPAN_EXCLUSIVE_EXCLUSIVE spans cannot have a zero length
12-09 08:20:23.854 E/SpannableStringBuilder(16085): SPAN_EXCLUSIVE_EXCLUSIVE spans cannot have a zero length
12-09 08:20:23.864 E/SpannableStringBuilder(16085): SPAN_EXCLUSIVE_EXCLUSIVE spans cannot have a zero length
12-09 08:20:23.864 E/SpannableStringBuilder(16085): SPAN_EXCLUSIVE_EXCLUSIVE spans cannot have a zero length
12-09 08:20:23.878 I/System.out(16085): result:{"bonusInformation":[],"message":"","success":true}
12-09 08:20:23.935 I/System.out(16085): URI: //map
12-09 08:20:23.947 I/System.out(16085): params: {json={"query":"android.widget.EditText id:'odometer'","operation":{"method_name":"query","arguments":[]}}
12-09 08:20:23.947 I/System.out(16085): }
12-09 08:20:24.132 W/ResourceType(16085): No package identifier when getting name for resource number 0x00000001
12-09 08:20:24.154 W/art     (16085): Suspending all threads took: 6.187ms
12-09 08:20:24.202 I/art     (16085): Background sticky concurrent mark sweep GC freed 21480(900KB) AllocSpace objects, 0(0B) LOS objects, 1% free, 4MB/4MB, paused 7.360ms total 21.997ms
12-09 08:20:24.333 I/art     (16085): Background sticky concurrent mark sweep GC freed 19215(963KB) AllocSpace objects, 1(20KB) LOS objects, 21% free, 3MB/4MB, paused 6.292ms total 114.522ms
12-09 08:20:24.358 I/System.out(16085): URI: //gesture
12-09 08:20:24.358 I/System.out(16085): params: {json={"query_timeout":5.0,"gestures":[{"query_string":"android.widget.EditText id:'odometer'","touches":[{"x":50,"y":50,"offset_x":0,"offset_y":0,"wait":0.0,"time":0.2,"release":true,"query_string":null}]}]}
12-09 08:20:24.359 I/System.out(16085): }
12-09 08:20:24.552 W/ResourceType(16085): No package identifier when getting name for resource number 0x00000001
12-09 08:20:24.908 I/LatinIME( 1889): Starting input. Cursor position = 0,0
12-09 08:20:25.099 I/art     ( 1889): Background sticky concurrent mark sweep GC freed 4024(463KB) AllocSpace objects, 4(112KB) LOS objects, 19% free, 2MB/2MB, paused 1.094ms total 122.723ms
12-09 08:20:25.483 I/System.out(16085): URI: //
12-09 08:20:25.483 I/System.out(16085): params: {json={"command":"set_selection","arguments":[-1,-1]}
12-09 08:20:25.483 I/System.out(16085): }
12-09 08:20:25.484 I/System.out(16085): header: {date=Sun, 09 Dec 2018 08:20:25 GMT, accept=*/*, content-length=47, host=127.0.0.1:34777, user-agent=HTTPClient/1.0 (2.8.3, ruby 2.3.1 (2016-04-26)), content-type=application/json;charset=utf-8}
12-09 08:20:25.484 I/System.out(16085): params: {json={"command":"set_selection","arguments":[-1,-1]}
12-09 08:20:25.484 I/System.out(16085): }
12-09 08:20:25.484 I/System.out(16085): ProP json = {"command":"set_selection","arguments":[-1,-1]}
12-09 08:20:25.484 I/System.out(16085): files: {}
12-09 08:20:25.484 I/System.out(16085): command: {"command":"set_selection","arguments":[-1,-1]}
12-09 08:20:25.485 I/InstrumentationBackend(16085): Got command:'Command:'Line:null,set_selection', arguments:'[-1, -1]'
12-09 08:20:25.526 I/System.out(16085): result:{"bonusInformation":[],"message":"","success":true}
12-09 08:20:25.583 I/art     (16085): Background sticky concurrent mark sweep GC freed 14680(684KB) AllocSpace objects, 2(40KB) LOS objects, 17% free, 3MB/4MB, paused 13.705ms total 71.171ms
12-09 08:20:25.738 I/System.out(16085): URI: //
12-09 08:20:25.738 I/System.out(16085): params: {json={"command":"keyboard_enter_text","arguments":["14"]}
12-09 08:20:25.738 I/System.out(16085): }
12-09 08:20:25.739 I/System.out(16085): header: {date=Sun, 09 Dec 2018 08:20:25 GMT, accept=*/*, content-length=52, host=127.0.0.1:34777, user-agent=HTTPClient/1.0 (2.8.3, ruby 2.3.1 (2016-04-26)), content-type=application/json;charset=utf-8}
12-09 08:20:25.739 I/System.out(16085): params: {json={"command":"keyboard_enter_text","arguments":["14"]}
12-09 08:20:25.739 I/System.out(16085): }
12-09 08:20:25.739 I/System.out(16085): ProP json = {"command":"keyboard_enter_text","arguments":["14"]}
12-09 08:20:25.739 I/System.out(16085): files: {}
12-09 08:20:25.739 I/System.out(16085): command: {"command":"keyboard_enter_text","arguments":["14"]}
12-09 08:20:25.740 I/InstrumentationBackend(16085): Got command:'Command:'Line:null,keyboard_enter_text', arguments:'[14]'
12-09 08:20:25.741 E/SpannableStringBuilder(16085): SPAN_EXCLUSIVE_EXCLUSIVE spans cannot have a zero length
12-09 08:20:25.741 E/SpannableStringBuilder(16085): SPAN_EXCLUSIVE_EXCLUSIVE spans cannot have a zero length
12-09 08:20:25.803 E/SpannableStringBuilder(16085): SPAN_EXCLUSIVE_EXCLUSIVE spans cannot have a zero length
12-09 08:20:25.804 E/SpannableStringBuilder(16085): SPAN_EXCLUSIVE_EXCLUSIVE spans cannot have a zero length
12-09 08:20:25.818 I/System.out(16085): result:{"bonusInformation":[],"message":"","success":true}
12-09 08:20:26.919 I/System.out(16085): URI: //map
12-09 08:20:26.919 I/System.out(16085): params: {json={"query":"android.widget.Button index:2","operation":{"method_name":"query","arguments":[]}}
12-09 08:20:26.919 I/System.out(16085): }
12-09 08:20:27.250 I/art     (16085): Background partial concurrent mark sweep GC freed 38008(2MB) AllocSpace objects, 17(340KB) LOS objects, 40% free, 2MB/3MB, paused 1.075ms total 208.485ms
12-09 08:20:27.252 I/System.out(16085): URI: //gesture
12-09 08:20:27.255 I/System.out(16085): params: {json={"query_timeout":5.0,"gestures":[{"query_string":"android.widget.Button index:2","touches":[{"x":50,"y":50,"offset_x":0,"offset_y":0,"wait":0.0,"time":0.2,"release":true,"query_string":null}]}]}
12-09 08:20:27.256 I/System.out(16085): }
12-09 08:20:27.737 W/audio_hw_generic( 1307): Hardware backing HAL too slow, could only write 0 of 661 frames
12-09 08:20:27.774 W/audio_hw_generic( 1307): Hardware backing HAL too slow, could only write 0 of 661 frames
12-09 08:20:27.790 D/AudioFlinger( 1307): mixer(0xf4340000) throttle end: throttle time(10)
12-09 08:20:27.875 W/audio_hw_generic( 1307): Not supplying enough data to HAL, expected position 24863366 , only wrote 24861532
12-09 08:20:27.882 W/audio_hw_generic( 1307): Not supplying enough data to HAL, expected position 24861832 , only wrote 24861532
12-09 08:20:27.914 W/audio_hw_generic( 1307): Not supplying enough data to HAL, expected position 24862938 , only wrote 24862854
12-09 08:20:27.934 W/audio_hw_generic( 1307): Hardware backing HAL too slow, could only write 0 of 661 frames
12-09 08:20:27.956 W/audio_hw_generic( 1307): Hardware backing HAL too slow, could only write 0 of 661 frames
12-09 08:20:27.966 W/audio_hw_generic( 1307): Hardware backing HAL too slow, could only write 0 of 661 frames
12-09 08:20:27.979 W/audio_hw_generic( 1307): Hardware backing HAL too slow, could only write 0 of 661 frames
12-09 08:20:28.009 W/audio_hw_generic( 1307): Hardware backing HAL too slow, could only write 0 of 661 frames
12-09 08:20:28.014 I/art     (16085): Background sticky concurrent mark sweep GC freed 32399(1332KB) AllocSpace objects, 1(20KB) LOS objects, 11% free, 3MB/3MB, paused 1.091ms total 269.178ms
12-09 08:20:28.033 W/audio_hw_generic( 1307): Hardware backing HAL too slow, could only write 0 of 661 frames
12-09 08:20:28.139 I/LatinIME( 1889): Starting input. Cursor position = -1,-1
12-09 08:20:28.174 W/audio_hw_generic( 1307): Hardware backing HAL too slow, could only write 0 of 661 frames
12-09 08:20:28.174 W/audio_hw_generic( 1307): Hardware backing HAL too slow, could only write 0 of 661 frames
12-09 08:20:28.195 W/audio_hw_generic( 1307): Hardware backing HAL too slow, could only write 0 of 661 frames
12-09 08:20:28.213 W/audio_hw_generic( 1307): Hardware backing HAL too slow, could only write 0 of 661 frames
12-09 08:20:28.306 W/audio_hw_generic( 1307): Not supplying enough data to HAL, expected position 24880140 , only wrote 24879379
12-09 08:20:28.306 W/audio_hw_generic( 1307): Not supplying enough data to HAL, expected position 24879386 , only wrote 24879379
12-09 08:20:28.325 W/audio_hw_generic( 1307): Not supplying enough data to HAL, expected position 24880203 , only wrote 24880040
12-09 08:20:28.383 D/Mileage.ABS(16085): Finished backup
12-09 08:20:28.386 D/Mileage.ABS(16085): Not backing up; 69
12-09 08:20:28.386 D/Mileage.ABS(16085): Not backing up; 69
12-09 08:20:28.387 D/Mileage.ABS(16085): Not backing up; 70
12-09 08:20:28.481 W/audio_hw_generic( 1307): Not supplying enough data to HAL, expected position 24886932 , only wrote 24886650
12-09 08:20:28.566 E/SurfaceFlinger( 1223): ro.sf.lcd_density must be defined as a build property
12-09 08:20:28.679 W/audio_hw_generic( 1307): Not supplying enough data to HAL, expected position 24895381 , only wrote 24895243
12-09 08:20:28.717 D/gralloc_ranchu( 1223): gralloc_alloc: Creating ashmem region of size 3686400
12-09 08:20:28.720 W/audio_hw_generic( 1307): Not supplying enough data to HAL, expected position 24897056 , only wrote 24896565
12-09 08:20:28.778 W/audio_hw_generic( 1307): Not supplying enough data to HAL, expected position 24899108 , only wrote 24897887
12-09 08:20:28.797 D/        (16175): HostConnection::get() New Host Connection established 0x7f3f8aa12480, tid 16175
12-09 08:20:28.822 E/EGL_emulation( 1223): tid 1223: eglCreateSyncKHR(1881): error 0x3004 (EGL_BAD_ATTRIBUTE)
12-09 08:20:28.829 W/audio_hw_generic( 1307): Hardware backing HAL too slow, could only write 0 of 661 frames
12-09 08:20:28.839 W/audio_hw_generic( 1307): Hardware backing HAL too slow, could only write 0 of 661 frames
12-09 08:20:29.067 W/audio_hw_generic( 1307): Not supplying enough data to HAL, expected position 24910658 , only wrote 24910446
12-09 08:20:29.095 I/InputAttributes( 1889): InputType.TYPE_NULL is specified
12-09 08:20:29.197 I/Choreographer( 1889): Skipped 66 frames!  The application may be doing too much work on its main thread.
12-09 08:20:29.234 D/EGL_emulation( 1889): eglMakeCurrent: 0x7fbc7077bd20: ver 2 0 (tinfo 0x7fbc7077a3a0)
12-09 08:20:29.243 E/Surface ( 1889): getSlotFromBufferLocked: unknown buffer: 0x7fbc7894f2c0
12-09 08:20:29.430 W/audio_hw_generic( 1307): Not supplying enough data to HAL, expected position 24926435 , only wrote 24926310
12-09 08:20:29.430 W/audio_hw_generic( 1307): Not supplying enough data to HAL, expected position 24926332 , only wrote 24926310
12-09 08:20:29.446 W/audio_hw_generic( 1307): Not supplying enough data to HAL, expected position 24926986 , only wrote 24926971
12-09 08:20:29.522 W/audio_hw_generic( 1307): Not supplying enough data to HAL, expected position 24930349 , only wrote 24930276
12-09 08:20:29.523 W/audio_hw_generic( 1307): Not supplying enough data to HAL, expected position 24930283 , only wrote 24930276
12-09 08:20:29.598 W/audio_hw_generic( 1307): Not supplying enough data to HAL, expected position 24933593 , only wrote 24933581
12-09 08:20:29.598 W/audio_hw_generic( 1307): Not supplying enough data to HAL, expected position 24933589 , only wrote 24933581
12-09 08:20:29.623 W/audio_hw_generic( 1307): Not supplying enough data to HAL, expected position 24934667 , only wrote 24934242
12-09 08:20:29.623 W/audio_hw_generic( 1307): Hardware backing HAL too slow, could only write 0 of 661 frames
12-09 08:20:29.818 W/audio_hw_generic( 1307): Hardware backing HAL too slow, could only write 0 of 661 frames
12-09 08:20:29.852 W/audio_hw_generic( 1307): Hardware backing HAL too slow, could only write 0 of 661 frames
12-09 08:20:29.897 I/System.out(16085): URI: //map
12-09 08:20:29.897 I/System.out(16085): params: {json={"query":"android.widget.ListView index:0 android.widget.TextView index:0","operation":{"method_name":"query","arguments":[]}}
12-09 08:20:29.897 I/System.out(16085): }
12-09 08:20:30.012 W/audio_hw_generic( 1307): Not supplying enough data to HAL, expected position 24951418 , only wrote 24950767
12-09 08:20:30.012 W/audio_hw_generic( 1307): Hardware backing HAL too slow, could only write 0 of 661 frames
12-09 08:20:30.074 W/audio_hw_generic( 1307): Not supplying enough data to HAL, expected position 24953496 , only wrote 24952089
12-09 08:20:30.289 I/art     (16085): Background sticky concurrent mark sweep GC freed 59990(2MB) AllocSpace objects, 1(20KB) LOS objects, 34% free, 2MB/4MB, paused 1.276ms total 103.307ms
12-09 08:20:30.289 I/System.out(16085): URI: //gesture
12-09 08:20:30.290 I/System.out(16085): params: {json={"query_timeout":5.0,"gestures":[{"query_string":"android.widget.ListView index:0 android.widget.TextView index:0","touches":[{"x":50,"y":50,"offset_x":0,"offset_y":0,"wait":0.0,"time":0.2,"release":true,"query_string":null}]}]}
12-09 08:20:30.290 I/System.out(16085): }
12-09 08:20:30.389 W/audio_hw_generic( 1307): Hardware backing HAL too slow, could only write 0 of 661 frames
12-09 08:20:30.419 W/audio_hw_generic( 1307): Hardware backing HAL too slow, could only write 0 of 661 frames
12-09 08:20:30.573 W/audio_hw_generic( 1307): Not supplying enough data to HAL, expected position 24974117 , only wrote 24971919
12-09 08:20:30.585 W/audio_hw_generic( 1307): Not supplying enough data to HAL, expected position 24972447 , only wrote 24971919
12-09 08:20:30.621 W/audio_hw_generic( 1307): Not supplying enough data to HAL, expected position 24973500 , only wrote 24973241
12-09 08:20:30.653 W/audio_hw_generic( 1307): Hardware backing HAL too slow, could only write 0 of 661 frames
12-09 08:20:30.811 W/audio_hw_generic( 1307): Not supplying enough data to HAL, expected position 24981608 , only wrote 24979851
12-09 08:20:31.003 I/art     (16085): Background sticky concurrent mark sweep GC freed 56544(2MB) AllocSpace objects, 1(20KB) LOS objects, 29% free, 2MB/4MB, paused 10.292ms total 120.882ms
12-09 08:20:31.052 I/ActivityManager( 1591): START u0 {cmp=com.evancharlton.mileage/.FillupInfoActivity (has extras)} from uid 10137 on display 0
12-09 08:20:31.118 W/audio_hw_generic( 1307): Hardware backing HAL too slow, could only write 0 of 661 frames
12-09 08:20:31.120 D/AudioFlinger( 1307): mixer(0xf4340000) throttle end: throttle time(11)
12-09 08:20:31.154 W/audio_hw_generic( 1307): Hardware backing HAL too slow, could only write 0 of 661 frames
12-09 08:20:31.154 W/audio_hw_generic( 1307): Hardware backing HAL too slow, could only write 0 of 661 frames
12-09 08:20:31.172 W/audio_hw_generic( 1307): Hardware backing HAL too slow, could only write 0 of 661 frames
12-09 08:20:31.240 W/audio_hw_generic( 1307): Not supplying enough data to HAL, expected position 24987429 , only wrote 24987122
12-09 08:20:31.282 W/audio_hw_generic( 1307): Not supplying enough data to HAL, expected position 24988946 , only wrote 24988444
12-09 08:20:31.303 I/calabash(16085): newActivity1
12-09 08:20:31.554 I/art     (16085): Background sticky concurrent mark sweep GC freed 17120(1054KB) AllocSpace objects, 1(20KB) LOS objects, 24% free, 3MB/4MB, paused 6.362ms total 105.908ms
12-09 08:20:31.567 V/PhoneStatusBar( 1699): setLightsOn(true)
12-09 08:20:31.612 D/gralloc_ranchu( 1223): gralloc_alloc: Creating ashmem region of size 3686400
12-09 08:20:31.618 E/SurfaceFlinger( 1223): ro.sf.lcd_density must be defined as a build property
12-09 08:20:31.680 W/audio_hw_generic( 1307): Not supplying enough data to HAL, expected position 25005991 , only wrote 25004969
12-09 08:20:31.698 D/gralloc_ranchu( 1223): gralloc_alloc: Creating ashmem region of size 3686400
12-09 08:20:31.739 D/        (16181): HostConnection::get() New Host Connection established 0x7fc5fd152480, tid 16181
12-09 08:20:31.758 W/audio_hw_generic( 1307): Not supplying enough data to HAL, expected position 25008410 , only wrote 25008274
12-09 08:20:31.768 E/EGL_emulation( 1223): tid 1223: eglCreateSyncKHR(1881): error 0x3004 (EGL_BAD_ATTRIBUTE)
12-09 08:20:31.826 W/audio_hw_generic( 1307): Hardware backing HAL too slow, could only write 0 of 661 frames
12-09 08:20:31.835 W/audio_hw_generic( 1307): Hardware backing HAL too slow, could only write 0 of 661 frames
12-09 08:20:31.868 W/audio_hw_generic( 1307): Hardware backing HAL too slow, could only write 0 of 661 frames
12-09 08:20:31.868 W/audio_hw_generic( 1307): Hardware backing HAL too slow, could only write 0 of 661 frames
12-09 08:20:31.958 W/audio_hw_generic( 1307): Not supplying enough data to HAL, expected position 25017105 , only wrote 25016867
12-09 08:20:31.958 W/audio_hw_generic( 1307): Not supplying enough data to HAL, expected position 25016874 , only wrote 25016867
12-09 08:20:31.974 W/audio_hw_generic( 1307): Not supplying enough data to HAL, expected position 25017575 , only wrote 25017528
12-09 08:20:32.158 W/audio_hw_generic( 1307): Not supplying enough data to HAL, expected position 25025638 , only wrote 25025460
12-09 08:20:32.158 W/audio_hw_generic( 1307): Hardware backing HAL too slow, could only write 0 of 661 frames
12-09 08:20:32.204 D/gralloc_ranchu( 1223): gralloc_alloc: Creating ashmem region of size 3686400
12-09 08:20:32.206 W/audio_hw_generic( 1307): Not supplying enough data to HAL, expected position 25027561 , only wrote 25026782
12-09 08:20:32.314 W/audio_hw_generic( 1307): Not supplying enough data to HAL, expected position 25031533 , only wrote 25031409
12-09 08:20:32.314 W/audio_hw_generic( 1307): Not supplying enough data to HAL, expected position 25031416 , only wrote 25031409
12-09 08:20:32.387 I/ActivityManager( 1591): Displayed com.evancharlton.mileage/.FillupInfoActivity: +1s115ms
12-09 08:20:32.861 I/System.out(16085): URI: //map
12-09 08:20:32.861 I/System.out(16085): params: {json={"query":"android.widget.Button index:1","operation":{"method_name":"query","arguments":[]}}
12-09 08:20:32.861 I/System.out(16085): }
12-09 08:20:33.034 W/audio_hw_generic( 1307): Not supplying enough data to HAL, expected position 25063168 , only wrote 25063137
12-09 08:20:33.034 W/audio_hw_generic( 1307): Not supplying enough data to HAL, expected position 25063144 , only wrote 25063137
12-09 08:20:33.067 W/audio_hw_generic( 1307): Not supplying enough data to HAL, expected position 25064608 , only wrote 25063798
12-09 08:20:33.132 W/audio_hw_generic( 1307): Not supplying enough data to HAL, expected position 25066663 , only wrote 25066442
12-09 08:20:33.133 W/audio_hw_generic( 1307): Not supplying enough data to HAL, expected position 25066449 , only wrote 25066442
12-09 08:20:33.250 D/gralloc_ranchu( 1223): gralloc_alloc: Creating ashmem region of size 3686400
12-09 08:20:33.282 W/art     (16085): Suspending all threads took: 19.518ms
12-09 08:20:33.298 W/audio_hw_generic( 1307): Not supplying enough data to HAL, expected position 25073739 , only wrote 25073713
12-09 08:20:33.353 I/art     (16085): Background sticky concurrent mark sweep GC freed 37587(1590KB) AllocSpace objects, 1(20KB) LOS objects, 11% free, 3MB/4MB, paused 20.857ms total 102.870ms
12-09 08:20:33.423 I/System.out(16085): URI: //gesture
12-09 08:20:33.423 I/System.out(16085): params: {json={"query_timeout":5.0,"gestures":[{"query_string":"android.widget.Button index:1","touches":[{"x":50,"y":50,"offset_x":0,"offset_y":0,"wait":0.0,"time":0.2,"release":true,"query_string":null}]}]}
12-09 08:20:33.423 I/System.out(16085): }
12-09 08:20:33.525 W/audio_hw_generic( 1307): Not supplying enough data to HAL, expected position 25083710 , only wrote 25083628
12-09 08:20:33.525 W/audio_hw_generic( 1307): Not supplying enough data to HAL, expected position 25083635 , only wrote 25083628
12-09 08:20:33.543 W/audio_hw_generic( 1307): Not supplying enough data to HAL, expected position 25084439 , only wrote 25084289
12-09 08:20:33.586 I/art     (16085): Background sticky concurrent mark sweep GC freed 20587(1032KB) AllocSpace objects, 2(40KB) LOS objects, 19% free, 3MB/4MB, paused 1.170ms total 120.191ms
12-09 08:20:33.666 W/audio_hw_generic( 1307): Not supplying enough data to HAL, expected position 25089689 , only wrote 25089577
12-09 08:20:33.726 W/audio_hw_generic( 1307): Hardware backing HAL too slow, could only write 0 of 661 frames
12-09 08:20:33.854 W/audio_hw_generic( 1307): Hardware backing HAL too slow, could only write 0 of 661 frames
12-09 08:20:33.854 W/audio_hw_generic( 1307): Not supplying enough data to HAL, expected position 25097868 , only wrote 25096187
12-09 08:20:33.854 W/audio_hw_generic( 1307): Not supplying enough data to HAL, expected position 25096193 , only wrote 25096187
12-09 08:20:33.871 W/audio_hw_generic( 1307): Not supplying enough data to HAL, expected position 25096946 , only wrote 25096848
12-09 08:20:33.941 W/audio_hw_generic( 1307): Not supplying enough data to HAL, expected position 25099906 , only wrote 25098170
12-09 08:20:33.946 I/ActivityManager( 1591): START u0 {cmp=com.evancharlton.mileage/.FillupInfoActivity (has extras)} from uid 10137 on display 0
12-09 08:20:34.008 W/audio_hw_generic( 1307): Hardware backing HAL too slow, could only write 0 of 661 frames
12-09 08:20:34.073 W/audio_hw_generic( 1307): Not supplying enough data to HAL, expected position 25104033 , only wrote 25102797
12-09 08:20:34.074 W/audio_hw_generic( 1307): Not supplying enough data to HAL, expected position 25102804 , only wrote 25102797
12-09 08:20:34.075 D/AudioFlinger( 1307): mixer(0xf4340000) throttle end: throttle time(1)
12-09 08:20:34.102 W/audio_hw_generic( 1307): Not supplying enough data to HAL, expected position 25104040 , only wrote 25103458
12-09 08:20:34.169 I/calabash(16085): newActivity1
12-09 08:20:34.238 W/audio_hw_generic( 1307): Not supplying enough data to HAL, expected position 25109455 , only wrote 25109407
12-09 08:20:34.238 W/audio_hw_generic( 1307): Not supplying enough data to HAL, expected position 25109414 , only wrote 25109407
12-09 08:20:34.256 W/audio_hw_generic( 1307): Not supplying enough data to HAL, expected position 25110187 , only wrote 25110068
12-09 08:20:34.272 I/art     (16085): Background sticky concurrent mark sweep GC freed 29986(1356KB) AllocSpace objects, 0(0B) LOS objects, 15% free, 3MB/4MB, paused 8.316ms total 181.247ms
12-09 08:20:34.358 V/PhoneStatusBar( 1699): setLightsOn(true)
12-09 08:20:34.402 W/audio_hw_generic( 1307): Not supplying enough data to HAL, expected position 25116506 , only wrote 25116017
12-09 08:20:34.402 W/audio_hw_generic( 1307): Not supplying enough data to HAL, expected position 25116024 , only wrote 25116017
12-09 08:20:34.418 W/audio_hw_generic( 1307): Not supplying enough data to HAL, expected position 25116724 , only wrote 25116678
12-09 08:20:34.446 D/gralloc_ranchu( 1223): gralloc_alloc: Creating ashmem region of size 3686400
12-09 08:20:34.493 W/audio_hw_generic( 1307): Not supplying enough data to HAL, expected position 25120007 , only wrote 25119983
12-09 08:20:34.574 W/audio_hw_generic( 1307): Not supplying enough data to HAL, expected position 25123515 , only wrote 25123288
12-09 08:20:34.574 W/audio_hw_generic( 1307): Not supplying enough data to HAL, expected position 25123295 , only wrote 25123288
12-09 08:20:34.595 W/audio_hw_generic( 1307): Not supplying enough data to HAL, expected position 25124221 , only wrote 25123949
12-09 08:20:34.739 W/audio_hw_generic( 1307): Hardware backing HAL too slow, could only write 0 of 661 frames
12-09 08:20:34.759 W/audio_hw_generic( 1307): Hardware backing HAL too slow, could only write 0 of 661 frames
12-09 08:20:34.860 W/audio_hw_generic( 1307): Not supplying enough data to HAL, expected position 25135621 , only wrote 25134525
12-09 08:20:34.881 E/SurfaceFlinger( 1223): ro.sf.lcd_density must be defined as a build property
12-09 08:20:34.930 D/gralloc_ranchu( 1223): gralloc_alloc: Creating ashmem region of size 3686400
12-09 08:20:34.947 D/        (16187): HostConnection::get() New Host Connection established 0x7f63110d2480, tid 16187
12-09 08:20:34.972 E/EGL_emulation( 1223): tid 1223: eglCreateSyncKHR(1881): error 0x3004 (EGL_BAD_ATTRIBUTE)
12-09 08:20:35.052 I/ActivityManager( 1591): Displayed com.evancharlton.mileage/.FillupInfoActivity: +1s61ms
12-09 08:20:35.100 W/audio_hw_generic( 1307): Not supplying enough data to HAL, expected position 25145142 , only wrote 25145101
12-09 08:20:35.101 W/audio_hw_generic( 1307): Not supplying enough data to HAL, expected position 25145108 , only wrote 25145101
12-09 08:20:35.117 W/audio_hw_generic( 1307): Not supplying enough data to HAL, expected position 25145811 , only wrote 25145762
12-09 08:20:35.119 D/gralloc_ranchu( 1223): gralloc_alloc: Creating ashmem region of size 3686400
12-09 08:20:35.364 W/audio_hw_generic( 1307): Not supplying enough data to HAL, expected position 25156679 , only wrote 25156338
12-09 08:20:35.573 W/audio_hw_generic( 1307): Not supplying enough data to HAL, expected position 25165540 , only wrote 25164931
12-09 08:20:35.573 W/audio_hw_generic( 1307): Not supplying enough data to HAL, expected position 25164938 , only wrote 25164931
12-09 08:20:35.606 W/audio_hw_generic( 1307): Hardware backing HAL too slow, could only write 0 of 661 frames
12-09 08:20:35.639 W/audio_hw_generic( 1307): Hardware backing HAL too slow, could only write 0 of 661 frames
12-09 08:20:35.639 W/audio_hw_generic( 1307): Hardware backing HAL too slow, could only write 0 of 661 frames
12-09 08:20:35.702 W/art     ( 1591): Long monitor contention event with owner method=void com.android.server.wm.WindowAnimator$1.doFrame(long) from WindowAnimator.java:121 waiters=0 for 103ms
12-09 08:20:35.738 W/audio_hw_generic( 1307): Not supplying enough data to HAL, expected position 25172198 , only wrote 25170880
12-09 08:20:35.738 W/audio_hw_generic( 1307): Not supplying enough data to HAL, expected position 25170887 , only wrote 25170880
12-09 08:20:35.754 W/audio_hw_generic( 1307): Not supplying enough data to HAL, expected position 25171578 , only wrote 25171541
12-09 08:20:35.961 D/gralloc_ranchu( 1223): gralloc_alloc: Creating ashmem region of size 3686400
12-09 08:20:36.030 W/audio_hw_generic( 1307): Not supplying enough data to HAL, expected position 25183704 , only wrote 25182117
12-09 08:20:36.063 I/System.out(16085): URI: //map
12-09 08:20:36.063 I/System.out(16085): params: {json={"query":"android.widget.Button index:0","operation":{"method_name":"query","arguments":[]}}
12-09 08:20:36.063 I/System.out(16085): }
12-09 08:20:36.075 W/audio_hw_generic( 1307): Hardware backing HAL too slow, could only write 0 of 661 frames
12-09 08:20:36.210 W/audio_hw_generic( 1307): Not supplying enough data to HAL, expected position 25190060 , only wrote 25190049
12-09 08:20:36.210 W/audio_hw_generic( 1307): Not supplying enough data to HAL, expected position 25190057 , only wrote 25190049
12-09 08:20:36.233 W/audio_hw_generic( 1307): Not supplying enough data to HAL, expected position 25191076 , only wrote 25190710
12-09 08:20:36.659 I/System.out(16085): URI: //map
12-09 08:20:36.659 I/System.out(16085): params: {json={"query":"android.widget.Button index:0","operation":{"method_name":"query","arguments":[]}}
12-09 08:20:36.659 I/System.out(16085): }
12-09 08:20:36.744 W/audio_hw_generic( 1307): Not supplying enough data to HAL, expected position 25213243 , only wrote 25213184
12-09 08:20:36.744 W/audio_hw_generic( 1307): Not supplying enough data to HAL, expected position 25213194 , only wrote 25213184
12-09 08:20:36.763 W/audio_hw_generic( 1307): Not supplying enough data to HAL, expected position 25214021 , only wrote 25213845
12-09 08:20:36.922 W/audio_hw_generic( 1307): Not supplying enough data to HAL, expected position 25220822 , only wrote 25220455
12-09 08:20:37.062 W/audio_hw_generic( 1307): Not supplying enough data to HAL, expected position 25226628 , only wrote 25226404
12-09 08:20:37.062 W/audio_hw_generic( 1307): Not supplying enough data to HAL, expected position 25226411 , only wrote 25226404
12-09 08:20:37.097 W/audio_hw_generic( 1307): Not supplying enough data to HAL, expected position 25227962 , only wrote 25227065
12-09 08:20:37.114 I/art     (16085): Background partial concurrent mark sweep GC freed 16926(1121KB) AllocSpace objects, 7(140KB) LOS objects, 39% free, 2MB/4MB, paused 1.211ms total 362.383ms
12-09 08:20:37.126 I/System.out(16085): URI: //gesture
12-09 08:20:37.138 W/audio_hw_generic( 1307): Not supplying enough data to HAL, expected position 25229812 , only wrote 25228387
12-09 08:20:37.146 I/System.out(16085): params: {json={"query_timeout":5.0,"gestures":[{"query_string":"android.widget.Button index:0","touches":[{"x":50,"y":50,"offset_x":0,"offset_y":0,"wait":0.0,"time":0.2,"release":true,"query_string":null}]}]}
12-09 08:20:37.146 I/System.out(16085): }
12-09 08:20:37.582 I/ActivityManager( 1591): START u0 {cmp=com.evancharlton.mileage/.FillupInfoActivity (has extras)} from uid 10137 on display 0
12-09 08:20:37.684 I/art     (16085): Background sticky concurrent mark sweep GC freed 40728(1744KB) AllocSpace objects, 1(20KB) LOS objects, 31% free, 3MB/4MB, paused 6.362ms total 99.271ms
12-09 08:20:37.710 W/audio_hw_generic( 1307): Hardware backing HAL too slow, could only write 0 of 661 frames
12-09 08:20:37.710 D/AudioFlinger( 1307): mixer(0xf4340000) throttle end: throttle time(22)
12-09 08:20:37.725 W/audio_hw_generic( 1307): Hardware backing HAL too slow, could only write 0 of 661 frames
12-09 08:20:37.746 W/audio_hw_generic( 1307): Hardware backing HAL too slow, could only write 0 of 661 frames
12-09 08:20:37.775 I/calabash(16085): newActivity1
12-09 08:20:37.781 W/audio_hw_generic( 1307): Hardware backing HAL too slow, could only write 0 of 661 frames
12-09 08:20:37.782 W/audio_hw_generic( 1307): Hardware backing HAL too slow, could only write 0 of 661 frames
12-09 08:20:37.828 W/audio_hw_generic( 1307): Hardware backing HAL too slow, could only write 0 of 661 frames
12-09 08:20:37.894 W/audio_hw_generic( 1307): Hardware backing HAL too slow, could only write 0 of 661 frames
12-09 08:20:37.906 W/audio_hw_generic( 1307): Hardware backing HAL too slow, could only write 0 of 661 frames
12-09 08:20:37.918 W/audio_hw_generic( 1307): Hardware backing HAL too slow, could only write 0 of 661 frames
12-09 08:20:37.929 W/audio_hw_generic( 1307): Hardware backing HAL too slow, could only write 0 of 661 frames
12-09 08:20:37.956 W/audio_hw_generic( 1307): Hardware backing HAL too slow, could only write 0 of 661 frames
12-09 08:20:38.014 W/audio_hw_generic( 1307): Not supplying enough data to HAL, expected position 25243981 , only wrote 25243590
12-09 08:20:38.014 W/audio_hw_generic( 1307): Not supplying enough data to HAL, expected position 25243597 , only wrote 25243590
12-09 08:20:38.036 W/audio_hw_generic( 1307): Not supplying enough data to HAL, expected position 25244554 , only wrote 25244251
12-09 08:20:38.049 V/PhoneStatusBar( 1699): setLightsOn(true)
12-09 08:20:38.067 W/audio_hw_generic( 1307): Not supplying enough data to HAL, expected position 25245620 , only wrote 25245573
12-09 08:20:38.200 D/gralloc_ranchu( 1223): gralloc_alloc: Creating ashmem region of size 3686400
12-09 08:20:38.309 E/SurfaceFlinger( 1223): ro.sf.lcd_density must be defined as a build property
12-09 08:20:38.411 D/gralloc_ranchu( 1223): gralloc_alloc: Creating ashmem region of size 3686400
12-09 08:20:38.440 D/        (16194): HostConnection::get() New Host Connection established 0x7f768a712480, tid 16194
12-09 08:20:38.460 E/EGL_emulation( 1223): tid 1223: eglCreateSyncKHR(1881): error 0x3004 (EGL_BAD_ATTRIBUTE)
12-09 08:20:38.533 W/audio_hw_generic( 1307): Not supplying enough data to HAL, expected position 25266122 , only wrote 25265403
12-09 08:20:38.533 W/audio_hw_generic( 1307): Not supplying enough data to HAL, expected position 25265421 , only wrote 25265403
12-09 08:20:38.550 W/audio_hw_generic( 1307): Not supplying enough data to HAL, expected position 25266136 , only wrote 25266064
12-09 08:20:38.657 W/audio_hw_generic( 1307): Not supplying enough data to HAL, expected position 25270793 , only wrote 25269369
12-09 08:20:38.657 W/audio_hw_generic( 1307): Not supplying enough data to HAL, expected position 25269376 , only wrote 25269369
12-09 08:20:38.723 W/audio_hw_generic( 1307): Not supplying enough data to HAL, expected position 25272271 , only wrote 25270030
12-09 08:20:38.819 W/audio_hw_generic( 1307): Not supplying enough data to HAL, expected position 25274269 , only wrote 25273335
12-09 08:20:38.819 W/audio_hw_generic( 1307): Not supplying enough data to HAL, expected position 25273342 , only wrote 25273335
12-09 08:20:38.836 W/audio_hw_generic( 1307): Not supplying enough data to HAL, expected position 25274047 , only wrote 25273996
12-09 08:20:38.868 W/audio_hw_generic( 1307): Not supplying enough data to HAL, expected position 25275434 , only wrote 25275318
12-09 08:20:38.899 W/audio_hw_generic( 1307): Hardware backing HAL too slow, could only write 0 of 661 frames
12-09 08:20:38.942 W/audio_hw_generic( 1307): Hardware backing HAL too slow, could only write 0 of 661 frames
12-09 08:20:38.942 W/audio_hw_generic( 1307): Hardware backing HAL too slow, could only write 0 of 661 frames
12-09 08:20:38.962 D/gralloc_ranchu( 1223): gralloc_alloc: Creating ashmem region of size 3686400
12-09 08:20:38.971 I/ActivityManager( 1591): Displayed com.evancharlton.mileage/.FillupInfoActivity: +1s356ms
12-09 08:20:38.972 W/audio_hw_generic( 1307): Hardware backing HAL too slow, could only write 0 of 661 frames
12-09 08:20:38.989 W/audio_hw_generic( 1307): Hardware backing HAL too slow, could only write 0 of 661 frames
12-09 08:20:39.033 W/audio_hw_generic( 1307): Not supplying enough data to HAL, expected position 25282602 , only wrote 25282589
12-09 08:20:39.034 W/audio_hw_generic( 1307): Not supplying enough data to HAL, expected position 25282598 , only wrote 25282589
12-09 08:20:39.049 W/audio_hw_generic( 1307): Not supplying enough data to HAL, expected position 25283265 , only wrote 25283250
12-09 08:20:39.209 W/audio_hw_generic( 1307): Not supplying enough data to HAL, expected position 25290304 , only wrote 25289860
12-09 08:20:39.209 W/audio_hw_generic( 1307): Not supplying enough data to HAL, expected position 25289873 , only wrote 25289860
12-09 08:20:39.235 W/audio_hw_generic( 1307): Not supplying enough data to HAL, expected position 25290992 , only wrote 25290521
12-09 08:20:39.332 W/audio_hw_generic( 1307): Not supplying enough data to HAL, expected position 25294796 , only wrote 25294487
