--------- beginning of main
12-09 07:38:45.659 D/gralloc_ranchu( 1226): gralloc_alloc: Creating ashmem region of size 708608
12-09 07:38:45.682 D/        ( 1592): HostConnection::get() New Host Connection established 0x7f7a0e7b6ce0, tid 2854
12-09 07:38:45.688 E/EGL_emulation( 1226): tid 1226: eglCreateSyncKHR(1881): error 0x3004 (EGL_BAD_ATTRIBUTE)
--------- beginning of system
12-09 07:38:45.956 W/ActivityManager( 1592): Finishing task with all activities already finished
12-09 07:38:45.956 W/ActivityManager( 1592): Duplicate finish request for ActivityRecord{dc1be6e u0 com.evancharlton.mileage/.Mileage t331 f}
12-09 07:38:45.957 W/ActivityManager( 1592): Finishing task with all activities already finished
12-09 07:38:45.958 W/ActivityManager( 1592): Duplicate finish request for ActivityRecord{dc1be6e u0 com.evancharlton.mileage/.Mileage t331 f}
12-09 07:38:45.958 W/ActivityManager( 1592): Finishing task with all activities already finished
12-09 07:38:45.958 W/ActivityManager( 1592): Duplicate finish request for ActivityRecord{dc1be6e u0 com.evancharlton.mileage/.Mileage t331 f}
12-09 07:38:45.958 W/ActivityManager( 1592): Finishing task with all activities already finished
12-09 07:38:45.958 W/ActivityManager( 1592): Duplicate finish request for ActivityRecord{dc1be6e u0 com.evancharlton.mileage/.Mileage t331 f}
12-09 07:38:45.958 W/ActivityManager( 1592): Finishing task with all activities already finished
12-09 07:38:45.958 W/ActivityManager( 1592): Duplicate finish request for ActivityRecord{dc1be6e u0 com.evancharlton.mileage/.Mileage t331 f}
12-09 07:38:45.959 W/ActivityManager( 1592): Finishing task with all activities already finished
12-09 07:38:45.959 W/ActivityManager( 1592): Duplicate finish request for ActivityRecord{dc1be6e u0 com.evancharlton.mileage/.Mileage t331 f}
12-09 07:38:45.959 W/ActivityManager( 1592): Finishing task with all activities already finished
12-09 07:38:45.959 W/ActivityManager( 1592): Duplicate finish request for ActivityRecord{dc1be6e u0 com.evancharlton.mileage/.Mileage t331 f}
12-09 07:38:45.959 W/ActivityManager( 1592): Finishing task with all activities already finished
12-09 07:38:45.959 W/ActivityManager( 1592): Duplicate finish request for ActivityRecord{dc1be6e u0 com.evancharlton.mileage/.Mileage t331 f}
12-09 07:38:45.959 W/ActivityManager( 1592): Finishing task with all activities already finished
12-09 07:38:45.959 W/ActivityManager( 1592): Duplicate finish request for ActivityRecord{dc1be6e u0 com.evancharlton.mileage/.Mileage t331 f}
12-09 07:38:45.959 W/ActivityManager( 1592): Finishing task with all activities already finished
12-09 07:38:45.959 W/ActivityManager( 1592): Duplicate finish request for ActivityRecord{dc1be6e u0 com.evancharlton.mileage/.Mileage t331 f}
12-09 07:38:45.960 W/ActivityManager( 1592): Finishing task with all activities already finished
12-09 07:38:45.960 W/ActivityManager( 1592): Duplicate finish request for ActivityRecord{dc1be6e u0 com.evancharlton.mileage/.Mileage t331 f}
12-09 07:38:45.988 I/art     ( 1592): Background partial concurrent mark sweep GC freed 1210(68KB) AllocSpace objects, 0(0B) LOS objects, 30% free, 9MB/13MB, paused 1.421ms total 158.916ms
12-09 07:38:46.070 D/EGL_emulation( 1943): eglMakeCurrent: 0x7f7a1dbb48c0: ver 2 0 (tinfo 0x7f7a1db82e80)
12-09 07:38:46.550 D/AndroidRuntime( 4183): >>>>>> START com.android.internal.os.RuntimeInit uid 0 <<<<<<
12-09 07:38:46.575 D/AndroidRuntime( 4183): CheckJNI is ON
12-09 07:38:46.636 D/ICU     ( 4183): No timezone override file found: /data/misc/zoneinfo/current/icu/icu_tzdata.dat
12-09 07:38:46.772 W/art     ( 1592): Long monitor contention event with owner method=void com.android.server.wm.WindowAnimator$1.doFrame(long) from WindowAnimator.java:121 waiters=0 for 103ms
12-09 07:38:46.794 E/memtrack( 4183): Couldn't load memtrack module (No such file or directory)
12-09 07:38:46.794 E/android.os.Debug( 4183): failed to load memtrack module: -2
12-09 07:38:46.795 I/Radio-JNI( 4183): register_android_hardware_Radio DONE
12-09 07:38:46.872 D/AndroidRuntime( 4183): Calling main entry com.android.commands.am.Am
12-09 07:38:46.918 I/ActivityManager( 1592): Force stopping com.evancharlton.mileage appid=10115 user=0: start instr
12-09 07:38:46.918 I/ActivityManager( 1592): Killing 4130:com.evancharlton.mileage/u0a115 (adj 0): stop com.evancharlton.mileage
12-09 07:38:47.067 W/ActivityManager( 1592): Crash of app com.evancharlton.mileage running instrumentation ComponentInfo{com.evancharlton.mileage.test/sh.calaba.instrumentationbackend.CalabashInstrumentationTestRunner}
12-09 07:38:47.067 I/ActivityManager( 1592): Force stopping com.evancharlton.mileage appid=10115 user=0: finished inst
12-09 07:38:47.218 W/art     ( 1592): Long monitor contention event with owner method=void com.android.server.wm.WindowAnimator$1.doFrame(long) from WindowAnimator.java:121 waiters=2 for 150ms
12-09 07:38:47.327 W/art     ( 1592): Long monitor contention event with owner method=void com.android.server.wm.WindowAnimator$1.doFrame(long) from WindowAnimator.java:121 waiters=2 for 217ms
12-09 07:38:47.775 W/art     ( 1592): Long monitor contention event with owner method=void com.android.server.wm.WindowAnimator$1.doFrame(long) from WindowAnimator.java:121 waiters=2 for 132ms
12-09 07:38:47.775 I/WindowState( 1592): WIN DEATH: Window{9cb80d0 u0 com.evancharlton.mileage/com.evancharlton.mileage.Mileage EXITING}
12-09 07:38:47.776 W/InputMethodManagerService( 1592): Got RemoteException sending setActive(false) notification to pid 4130 uid 10115
12-09 07:38:47.777 I/Choreographer( 1943): Skipped 96 frames!  The application may be doing too much work on its main thread.
12-09 07:38:47.783 W/art     ( 1592): Long monitor contention event with owner method=com.android.internal.view.InputBindResult com.android.server.InputMethodManagerService.windowGainedFocus(com.android.internal.view.IInputMethodClient, android.os.IBinder, int, int, int, android.view.inputmethod.EditorInfo, com.android.internal.view.IInputContext) from InputMethodManagerService.java:2177 waiters=0 for 715ms
12-09 07:38:47.914 I/ActivityManager( 1592): Start proc 4192:com.evancharlton.mileage/u0a115 for added application com.evancharlton.mileage
12-09 07:38:47.914 D/AndroidRuntime( 4183): Shutting down VM
12-09 07:38:47.924 W/art     ( 1592): Long monitor contention event with owner method=boolean com.android.server.am.ActivityManagerService.startInstrumentation(android.content.ComponentName, java.lang.String, int, android.os.Bundle, android.app.IInstrumentationWatcher, android.app.IUiAutomationConnection, int, java.lang.String) from ActivityManagerService.java:17066 waiters=0 for 954ms
12-09 07:38:47.971 W/art     ( 1592): Long monitor contention event with owner method=boolean com.android.server.am.ActivityManagerService.startInstrumentation(android.content.ComponentName, java.lang.String, int, android.os.Bundle, android.app.IInstrumentationWatcher, android.app.IUiAutomationConnection, int, java.lang.String) from ActivityManagerService.java:17066 waiters=1 for 969ms
12-09 07:38:48.017 W/System  ( 4192): ClassLoader referenced unknown path: /data/app/com.evancharlton.mileage.test-1/lib/x86_64
12-09 07:38:48.017 W/System  ( 4192): ClassLoader referenced unknown path: /data/app/com.evancharlton.mileage-1/lib/x86_64
12-09 07:38:48.034 I/System.out( 4192): Main activity name automatically set to: com.evancharlton.mileage.Mileage
12-09 07:38:48.034 I/System.out( 4192): Calabash did not load Mono. This is only a problem if you are trying to test a Mono application
12-09 07:38:48.034 I/calabash( 4192): Test server port: 7102
12-09 07:38:48.035 I/InstrumentationBackend( 4192): Added:'GetPreferences', with key:'get_preferences'
12-09 07:38:48.073 I/InstrumentationBackend( 4192): Added:'SetPreferences', with key:'set_preferences'
12-09 07:38:48.093 I/InstrumentationBackend( 4192): Added:'ClearPreferences', with key:'clear_preferences'
12-09 07:38:48.093 I/InstrumentationBackend( 4192): Added:'PressElement', with key:'press_l10n_element'
12-09 07:38:48.093 I/InstrumentationBackend( 4192): Added:'WaitForElement', with key:'wait_for_l10n_element'
12-09 07:38:48.094 I/InstrumentationBackend( 4192): Added:'NullAction', with key:'nullAction'
12-09 07:38:48.094 I/InstrumentationBackend( 4192): Added:'PressKey', with key:'press_key'
12-09 07:38:48.094 I/InstrumentationBackend( 4192): Added:'SetActivityOrientation', with key:'set_activity_orientation'
12-09 07:38:48.094 I/InstrumentationBackend( 4192): Added:'GetActivityOrientation', with key:'get_activity_orientation'
12-09 07:38:48.095 I/InstrumentationBackend( 4192): Added:'FakeGPSLocation', with key:'set_gps_coordinates'
12-09 07:38:48.095 I/InstrumentationBackend( 4192): Added:'SetPropertyByCssSelector', with key:'set_property_by_css_selector'
12-09 07:38:48.095 I/InstrumentationBackend( 4192): Added:'GetUrl', with key:'get_url'
12-09 07:38:48.096 I/InstrumentationBackend( 4192): Added:'ScrollTo', with key:'scroll_to'
12-09 07:38:48.096 I/InstrumentationBackend( 4192): Added:'GetLoadProgress', with key:'get_load_progress'
12-09 07:38:48.096 I/InstrumentationBackend( 4192): Added:'DumpHtml', with key:'dump_html'
12-09 07:38:48.096 I/InstrumentationBackend( 4192): Added:'DumpBodyHtml', with key:'dump_body_html'
12-09 07:38:48.097 I/InstrumentationBackend( 4192): Added:'EnterTextByCssSelector', with key:'enter_text_by_selector'
12-09 07:38:48.099 I/InstrumentationBackend( 4192): Added:'AndroidSDKVersion', with key:'android_sdk_version'
12-09 07:38:48.105 I/InstrumentationBackend( 4192): Added:'Version', with key:'version'
12-09 07:38:48.105 I/InstrumentationBackend( 4192): Added:'Drag', with key:'drag'
12-09 07:38:48.105 I/InstrumentationBackend( 4192): Added:'TouchCoordinates', with key:'touch_coordinate'
12-09 07:38:48.105 I/InstrumentationBackend( 4192): Added:'LongPressCoordinate', with key:'long_press_coordinate'
12-09 07:38:48.106 I/InstrumentationBackend( 4192): Added:'DragCoordinates', with key:'drag_coordinates'
12-09 07:38:48.106 I/InstrumentationBackend( 4192): Added:'ResumeApplication', with key:'resume_application'
12-09 07:38:48.106 I/InstrumentationBackend( 4192): Added:'Swipe', with key:'swipe'
12-09 07:38:48.106 I/InstrumentationBackend( 4192): Added:'DoubleTapCoordinate', with key:'double_tap_coordinate'
12-09 07:38:48.106 I/InstrumentationBackend( 4192): Added:'ClickOnScreen', with key:'click_on_screen'
12-09 07:38:48.107 I/InstrumentationBackend( 4192): Added:'GetActivityName', with key:'get_activity_name'
12-09 07:38:48.107 I/InstrumentationBackend( 4192): Added:'ScrollToView', with key:'scroll_to_view'
12-09 07:38:48.107 I/InstrumentationBackend( 4192): Added:'ViewConfiguration', with key:'view_configuration'
12-09 07:38:48.107 I/InstrumentationBackend( 4192): Added:'IsCurrentActivityFocused', with key:'is_current_activity_focused'
12-09 07:38:48.107 I/InstrumentationBackend( 4192): Added:'SendTcp', with key:'send_tcp'
12-09 07:38:48.108 I/InstrumentationBackend( 4192): Added:'DpToDevicePixel', with key:'dp_to_device_pixel'
12-09 07:38:48.108 I/InstrumentationBackend( 4192): Added:'KeyboardEnterText', with key:'keyboard_enter_text'
12-09 07:38:48.108 I/InstrumentationBackend( 4192): Added:'DeleteSurroundingText', with key:'delete_surrounding_text'
12-09 07:38:48.108 I/InstrumentationBackend( 4192): Added:'SetComposingRegion', with key:'set_composing_region'
12-09 07:38:48.109 I/InstrumentationBackend( 4192): Added:'SetSelection', with key:'set_selection'
12-09 07:38:48.109 I/InstrumentationBackend( 4192): Added:'KeyboardKeyEvent', with key:'keyboard_key_event'
12-09 07:38:48.110 I/InstrumentationBackend( 4192): Added:'PressUserActionButton', with key:'press_user_action_button'
12-09 07:38:48.110 I/InstrumentationBackend( 4192): Added:'HideSoftKeyboard', with key:'hide_soft_keyboard'
12-09 07:38:48.110 I/InstrumentationBackend( 4192): Added:'ListActions', with key:'list_actions'
12-09 07:38:48.111 I/calabash( 4192): Instantiating http server at 7102
12-09 07:38:48.111 I/System.out( 4192): HTTP Daemon listening on: 7102
12-09 07:38:48.230 I/System.out( 4192): URI: //ping
12-09 07:38:48.284 I/System.out( 4192): params: {json={}
12-09 07:38:48.284 I/System.out( 4192): }
12-09 07:38:48.331 I/System.out( 4192): URI: //ping
12-09 07:38:48.331 I/System.out( 4192): params: {json={}
12-09 07:38:48.331 I/System.out( 4192): }
12-09 07:38:48.442 I/System.out( 4192): URI: //ready
12-09 07:38:48.442 I/System.out( 4192): params: {json={}
12-09 07:38:48.442 I/System.out( 4192): }
12-09 07:38:48.576 I/System.out( 4192): URI: //
12-09 07:38:48.577 I/System.out( 4192): params: {json={"command":"version","arguments":[]}
12-09 07:38:48.577 I/System.out( 4192): }
12-09 07:38:48.577 I/System.out( 4192): header: {date=Sun, 09 Dec 2018 07:38:49 GMT, accept=*/*, content-length=36, host=127.0.0.1:34777, user-agent=HTTPClient/1.0 (2.8.3, ruby 2.3.1 (2016-04-26)), content-type=application/json;charset=utf-8}
12-09 07:38:48.577 I/System.out( 4192): params: {json={"command":"version","arguments":[]}
12-09 07:38:48.577 I/System.out( 4192): }
12-09 07:38:48.577 I/System.out( 4192): ProP json = {"command":"version","arguments":[]}
12-09 07:38:48.577 I/System.out( 4192): files: {}
12-09 07:38:48.577 I/System.out( 4192): command: {"command":"version","arguments":[]}
12-09 07:38:48.620 I/InstrumentationBackend( 4192): Got command:'Command:'Line:null,version', arguments:'[]'
12-09 07:38:48.622 I/art     ( 4192): Background sticky concurrent mark sweep GC freed 26482(1324KB) AllocSpace objects, 8(160KB) LOS objects, 64% free, 1361KB/3MB, paused 13.672ms total 133.475ms
12-09 07:38:48.656 I/System.out( 4192): result:{"bonusInformation":[],"message":"0.9.8","success":true}
12-09 07:38:48.771 W/WindowAnimator( 1592): Failed to dispatch window animation state change.
12-09 07:38:48.771 W/WindowAnimator( 1592): android.os.DeadObjectException
12-09 07:38:48.771 W/WindowAnimator( 1592): 	at android.os.BinderProxy.transactNative(Native Method)
12-09 07:38:48.771 W/WindowAnimator( 1592): 	at android.os.BinderProxy.transact(Binder.java:503)
12-09 07:38:48.771 W/WindowAnimator( 1592): 	at android.view.IWindow$Stub$Proxy.onAnimationStopped(IWindow.java:534)
12-09 07:38:48.771 W/WindowAnimator( 1592): 	at com.android.server.wm.WindowAnimator.updateWindowsLocked(WindowAnimator.java:286)
12-09 07:38:48.771 W/WindowAnimator( 1592): 	at com.android.server.wm.WindowAnimator.animateLocked(WindowAnimator.java:678)
12-09 07:38:48.771 W/WindowAnimator( 1592): 	at com.android.server.wm.WindowAnimator.-wrap0(WindowAnimator.java)
12-09 07:38:48.771 W/WindowAnimator( 1592): 	at com.android.server.wm.WindowAnimator$1.doFrame(WindowAnimator.java:123)
12-09 07:38:48.771 W/WindowAnimator( 1592): 	at android.view.Choreographer$CallbackRecord.run(Choreographer.java:856)
12-09 07:38:48.771 W/WindowAnimator( 1592): 	at android.view.Choreographer.doCallbacks(Choreographer.java:670)
12-09 07:38:48.771 W/WindowAnimator( 1592): 	at android.view.Choreographer.doFrame(Choreographer.java:603)
12-09 07:38:48.771 W/WindowAnimator( 1592): 	at android.view.Choreographer$FrameDisplayEventReceiver.run(Choreographer.java:844)
12-09 07:38:48.771 W/WindowAnimator( 1592): 	at android.os.Handler.handleCallback(Handler.java:739)
12-09 07:38:48.771 W/WindowAnimator( 1592): 	at android.os.Handler.dispatchMessage(Handler.java:95)
12-09 07:38:48.771 W/WindowAnimator( 1592): 	at android.os.Looper.loop(Looper.java:148)
12-09 07:38:48.771 W/WindowAnimator( 1592): 	at android.os.HandlerThread.run(HandlerThread.java:61)
12-09 07:38:48.771 W/WindowAnimator( 1592): 	at com.android.server.ServiceThread.run(ServiceThread.java:46)
12-09 07:38:48.771 W/OpenGLRenderer( 1943): Incorrectly called buildLayer on View: ShortcutAndWidgetContainer, destroying layer...
12-09 07:38:48.938 I/System.out( 4192): URI: //start-application
12-09 07:38:48.939 I/System.out( 4192): params: {json={"intent":null}
12-09 07:38:48.939 I/System.out( 4192): }
12-09 07:38:49.067 I/ActivityManager( 1592): START u0 {act=android.intent.action.MAIN cat=[android.intent.category.LAUNCHER] flg=0x10200000 cmp=com.evancharlton.mileage/.Mileage} from uid 10115 on display 0
12-09 07:38:49.852 W/art     ( 1592): Long monitor contention event with owner method=int com.android.server.wm.WindowManagerService.relayoutWindow(com.android.server.wm.Session, android.view.IWindow, int, android.view.WindowManager$LayoutParams, int, int, int, int, android.graphics.Rect, android.graphics.Rect, android.graphics.Rect, android.graphics.Rect, android.graphics.Rect, android.graphics.Rect, android.content.res.Configuration, android.view.Surface) from WindowManagerService.java:3103 waiters=0 for 325ms
12-09 07:38:49.854 W/art     ( 1592): Long monitor contention event with owner method=int com.android.server.wm.WindowManagerService.relayoutWindow(com.android.server.wm.Session, android.view.IWindow, int, android.view.WindowManager$LayoutParams, int, int, int, int, android.graphics.Rect, android.graphics.Rect, android.graphics.Rect, android.graphics.Rect, android.graphics.Rect, android.graphics.Rect, android.content.res.Configuration, android.view.Surface) from WindowManagerService.java:3103 waiters=1 for 327ms
12-09 07:38:49.855 I/calabash( 4192): newActivity1
12-09 07:38:49.858 W/art     ( 1592): Long monitor contention event with owner method=void com.android.server.am.ActivityManagerService.activityPaused(android.os.IBinder) from ActivityManagerService.java:6439 waiters=0 for 334ms
12-09 07:38:49.861 W/art     ( 1592): Long monitor contention event with owner method=void com.android.server.am.ActivityManagerService.activityPaused(android.os.IBinder) from ActivityManagerService.java:6439 waiters=1 for 336ms
12-09 07:38:49.864 D/gralloc_ranchu( 1226): gralloc_alloc: Creating ashmem region of size 3686400
12-09 07:38:49.890 I/calabash( 4192): newActivity1
12-09 07:38:49.892 W/ActivityManager( 1592): Bad activity token: android.os.BinderProxy@f27a730
12-09 07:38:49.892 W/ActivityManager( 1592): java.lang.ClassCastException: android.os.BinderProxy cannot be cast to com.android.server.am.ActivityRecord$Token
12-09 07:38:49.892 W/ActivityManager( 1592): 	at com.android.server.am.ActivityRecord.forTokenLocked(ActivityRecord.java:424)
12-09 07:38:49.892 W/ActivityManager( 1592): 	at com.android.server.am.ActivityRecord.isInStackLocked(ActivityRecord.java:1121)
12-09 07:38:49.892 W/ActivityManager( 1592): 	at com.android.server.am.ActivityRecord.getStackLocked(ActivityRecord.java:1126)
12-09 07:38:49.892 W/ActivityManager( 1592): 	at com.android.server.am.ActivityManagerService.getActivityDisplayId(ActivityManagerService.java:8889)
12-09 07:38:49.892 W/ActivityManager( 1592): 	at android.app.ActivityManagerNative.onTransact(ActivityManagerNative.java:2338)
12-09 07:38:49.892 W/ActivityManager( 1592): 	at com.android.server.am.ActivityManagerService.onTransact(ActivityManagerService.java:2443)
12-09 07:38:49.892 W/ActivityManager( 1592): 	at android.os.Binder.execTransact(Binder.java:453)
12-09 07:38:49.893 W/ActivityManager( 1592): Bad activity token: android.os.BinderProxy@f27a730
12-09 07:38:49.893 W/ActivityManager( 1592): java.lang.ClassCastException: android.os.BinderProxy cannot be cast to com.android.server.am.ActivityRecord$Token
12-09 07:38:49.893 W/ActivityManager( 1592): 	at com.android.server.am.ActivityRecord.forTokenLocked(ActivityRecord.java:424)
12-09 07:38:49.893 W/ActivityManager( 1592): 	at com.android.server.am.ActivityRecord.isInStackLocked(ActivityRecord.java:1121)
12-09 07:38:49.893 W/ActivityManager( 1592): 	at com.android.server.am.ActivityManagerService.setTaskDescription(ActivityManagerService.java:8547)
12-09 07:38:49.893 W/ActivityManager( 1592): 	at android.app.ActivityManagerNative.onTransact(ActivityManagerNative.java:2410)
12-09 07:38:49.893 W/ActivityManager( 1592): 	at com.android.server.am.ActivityManagerService.onTransact(ActivityManagerService.java:2443)
12-09 07:38:49.893 W/ActivityManager( 1592): 	at android.os.Binder.execTransact(Binder.java:453)
12-09 07:38:50.187 I/art     ( 4192): Background partial concurrent mark sweep GC freed 34521(1924KB) AllocSpace objects, 7(140KB) LOS objects, 40% free, 1769KB/2MB, paused 6.241ms total 142.809ms
12-09 07:38:50.188 W/ActivityManager( 1592): Bad activity token: android.os.BinderProxy@f27a730
12-09 07:38:50.188 W/ActivityManager( 1592): java.lang.ClassCastException: android.os.BinderProxy cannot be cast to com.android.server.am.ActivityRecord$Token
12-09 07:38:50.188 W/ActivityManager( 1592): 	at com.android.server.am.ActivityRecord.forTokenLocked(ActivityRecord.java:424)
12-09 07:38:50.188 W/ActivityManager( 1592): 	at com.android.server.am.ActivityRecord.isInStackLocked(ActivityRecord.java:1121)
12-09 07:38:50.188 W/ActivityManager( 1592): 	at com.android.server.am.ActivityManagerService.getActivityOptions(ActivityManagerService.java:11038)
12-09 07:38:50.188 W/ActivityManager( 1592): 	at android.app.ActivityManagerNative.onTransact(ActivityManagerNative.java:1734)
12-09 07:38:50.188 W/ActivityManager( 1592): 	at com.android.server.am.ActivityManagerService.onTransact(ActivityManagerService.java:2443)
12-09 07:38:50.188 W/ActivityManager( 1592): 	at android.os.Binder.execTransact(Binder.java:453)
12-09 07:38:50.391 W/ActivityManager( 1592): Bad activity token: android.os.BinderProxy@f27a730
12-09 07:38:50.391 W/ActivityManager( 1592): java.lang.ClassCastException: android.os.BinderProxy cannot be cast to com.android.server.am.ActivityRecord$Token
12-09 07:38:50.391 W/ActivityManager( 1592): 	at com.android.server.am.ActivityRecord.forTokenLocked(ActivityRecord.java:424)
12-09 07:38:50.391 W/ActivityManager( 1592): 	at com.android.server.am.ActivityRecord.isInStackLocked(ActivityRecord.java:1121)
12-09 07:38:50.391 W/ActivityManager( 1592): 	at com.android.server.am.ActivityManagerService.getActivityOptions(ActivityManagerService.java:11038)
12-09 07:38:50.391 W/ActivityManager( 1592): 	at android.app.ActivityManagerNative.onTransact(ActivityManagerNative.java:1734)
12-09 07:38:50.391 W/ActivityManager( 1592): 	at com.android.server.am.ActivityManagerService.onTransact(ActivityManagerService.java:2443)
12-09 07:38:50.391 W/ActivityManager( 1592): 	at android.os.Binder.execTransact(Binder.java:453)
12-09 07:38:50.415 V/PhoneStatusBar( 1687): setLightsOn(true)
12-09 07:38:50.500 D/EGL_emulation( 1943): eglMakeCurrent: 0x7f7a1dbb48c0: ver 2 0 (tinfo 0x7f7a1db82e80)
12-09 07:38:50.502 E/Surface ( 1943): getSlotFromBufferLocked: unknown buffer: 0x7f7a1a156600
12-09 07:38:50.765 D/gralloc_ranchu( 1226): gralloc_alloc: Creating ashmem region of size 3686400
12-09 07:38:50.849 D/        ( 4192): HostConnection::get() New Host Connection established 0x7f7a1bb0c140, tid 4192
12-09 07:38:51.071 W/art     ( 1592): Long monitor contention event with owner method=void com.android.server.wm.WindowAnimator$1.doFrame(long) from WindowAnimator.java:121 waiters=0 for 149ms
12-09 07:38:51.550 W/art     ( 1592): Long monitor contention event with owner method=void com.android.server.wm.WindowAnimator$1.doFrame(long) from WindowAnimator.java:121 waiters=1 for 480ms
12-09 07:38:51.557 W/art     ( 1592): Long monitor contention event with owner method=void com.android.server.wm.WindowAnimator$1.doFrame(long) from WindowAnimator.java:121 waiters=1 for 319ms
12-09 07:38:51.558 W/art     ( 1592): Long monitor contention event with owner method=java.util.List com.android.server.am.ActivityManagerService.getAllStackInfos() from ActivityManagerService.java:8937 waiters=0 for 453ms
12-09 07:38:51.616 D/gralloc_ranchu( 1226): gralloc_alloc: Creating ashmem region of size 3686400
12-09 07:38:51.621 I/ActivityManager( 1592): Displayed com.evancharlton.mileage/.Mileage: +2s108ms
12-09 07:38:52.204 D/gralloc_ranchu( 1226): gralloc_alloc: Creating ashmem region of size 3686400
12-09 07:38:52.542 I/System.out( 4192): URI: //gesture
12-09 07:38:52.542 I/System.out( 4192): params: {json={"query_timeout":5.0,"gestures":[{"query_string":"android.widget.TabWidget descendant TextView index:1","touches":[{"x":50,"y":50,"offset_x":0,"offset_y":0,"wait":0.0,"time":0.2,"release":true,"query_string":null}]}]}
12-09 07:38:52.542 I/System.out( 4192): }
12-09 07:38:53.159 I/calabash( 4192): newActivity1
12-09 07:38:53.160 W/ActivityManager( 1592): Bad activity token: android.os.BinderProxy@5ca641d
12-09 07:38:53.160 W/ActivityManager( 1592): java.lang.ClassCastException: android.os.BinderProxy cannot be cast to com.android.server.am.ActivityRecord$Token
12-09 07:38:53.160 W/ActivityManager( 1592): 	at com.android.server.am.ActivityRecord.forTokenLocked(ActivityRecord.java:424)
12-09 07:38:53.160 W/ActivityManager( 1592): 	at com.android.server.am.ActivityRecord.isInStackLocked(ActivityRecord.java:1121)
12-09 07:38:53.160 W/ActivityManager( 1592): 	at com.android.server.am.ActivityRecord.getStackLocked(ActivityRecord.java:1126)
12-09 07:38:53.160 W/ActivityManager( 1592): 	at com.android.server.am.ActivityManagerService.getActivityDisplayId(ActivityManagerService.java:8889)
12-09 07:38:53.160 W/ActivityManager( 1592): 	at android.app.ActivityManagerNative.onTransact(ActivityManagerNative.java:2338)
12-09 07:38:53.160 W/ActivityManager( 1592): 	at com.android.server.am.ActivityManagerService.onTransact(ActivityManagerService.java:2443)
12-09 07:38:53.160 W/ActivityManager( 1592): 	at android.os.Binder.execTransact(Binder.java:453)
12-09 07:38:53.167 W/ActivityManager( 1592): Bad activity token: android.os.BinderProxy@5ca641d
12-09 07:38:53.167 W/ActivityManager( 1592): java.lang.ClassCastException: android.os.BinderProxy cannot be cast to com.android.server.am.ActivityRecord$Token
12-09 07:38:53.167 W/ActivityManager( 1592): 	at com.android.server.am.ActivityRecord.forTokenLocked(ActivityRecord.java:424)
12-09 07:38:53.167 W/ActivityManager( 1592): 	at com.android.server.am.ActivityRecord.isInStackLocked(ActivityRecord.java:1121)
12-09 07:38:53.167 W/ActivityManager( 1592): 	at com.android.server.am.ActivityManagerService.setTaskDescription(ActivityManagerService.java:8547)
12-09 07:38:53.167 W/ActivityManager( 1592): 	at android.app.ActivityManagerNative.onTransact(ActivityManagerNative.java:2410)
12-09 07:38:53.167 W/ActivityManager( 1592): 	at com.android.server.am.ActivityManagerService.onTransact(ActivityManagerService.java:2443)
12-09 07:38:53.167 W/ActivityManager( 1592): 	at android.os.Binder.execTransact(Binder.java:453)
12-09 07:38:53.287 W/audio_hw_generic( 1309): Hardware backing HAL too slow, could only write 0 of 661 frames
12-09 07:38:53.301 W/audio_hw_generic( 1309): Hardware backing HAL too slow, could only write 0 of 661 frames
12-09 07:38:53.327 I/art     ( 4192): Background sticky concurrent mark sweep GC freed 40092(1901KB) AllocSpace objects, 1(20KB) LOS objects, 17% free, 2MB/2MB, paused 7.567ms total 173.929ms
12-09 07:38:53.375 W/audio_hw_generic( 1309): Hardware backing HAL too slow, could only write 0 of 661 frames
12-09 07:38:53.390 W/audio_hw_generic( 1309): Hardware backing HAL too slow, could only write 0 of 661 frames
12-09 07:38:53.392 W/ActivityManager( 1592): Bad activity token: android.os.BinderProxy@5ca641d
12-09 07:38:53.392 W/ActivityManager( 1592): java.lang.ClassCastException: android.os.BinderProxy cannot be cast to com.android.server.am.ActivityRecord$Token
12-09 07:38:53.392 W/ActivityManager( 1592): 	at com.android.server.am.ActivityRecord.forTokenLocked(ActivityRecord.java:424)
12-09 07:38:53.392 W/ActivityManager( 1592): 	at com.android.server.am.ActivityRecord.isInStackLocked(ActivityRecord.java:1121)
12-09 07:38:53.392 W/ActivityManager( 1592): 	at com.android.server.am.ActivityManagerService.getActivityOptions(ActivityManagerService.java:11038)
12-09 07:38:53.392 W/ActivityManager( 1592): 	at android.app.ActivityManagerNative.onTransact(ActivityManagerNative.java:1734)
12-09 07:38:53.392 W/ActivityManager( 1592): 	at com.android.server.am.ActivityManagerService.onTransact(ActivityManagerService.java:2443)
12-09 07:38:53.392 W/ActivityManager( 1592): 	at android.os.Binder.execTransact(Binder.java:453)
12-09 07:38:53.392 W/ActivityManager( 1592): Bad activity token: android.os.BinderProxy@5ca641d
12-09 07:38:53.392 W/ActivityManager( 1592): java.lang.ClassCastException: android.os.BinderProxy cannot be cast to com.android.server.am.ActivityRecord$Token
12-09 07:38:53.392 W/ActivityManager( 1592): 	at com.android.server.am.ActivityRecord.forTokenLocked(ActivityRecord.java:424)
12-09 07:38:53.392 W/ActivityManager( 1592): 	at com.android.server.am.ActivityRecord.isInStackLocked(ActivityRecord.java:1121)
12-09 07:38:53.392 W/ActivityManager( 1592): 	at com.android.server.am.ActivityManagerService.getActivityOptions(ActivityManagerService.java:11038)
12-09 07:38:53.392 W/ActivityManager( 1592): 	at android.app.ActivityManagerNative.onTransact(ActivityManagerNative.java:1734)
12-09 07:38:53.392 W/ActivityManager( 1592): 	at com.android.server.am.ActivityManagerService.onTransact(ActivityManagerService.java:2443)
12-09 07:38:53.392 W/ActivityManager( 1592): 	at android.os.Binder.execTransact(Binder.java:453)
12-09 07:38:53.405 W/audio_hw_generic( 1309): Hardware backing HAL too slow, could only write 0 of 661 frames
12-09 07:38:53.573 W/audio_hw_generic( 1309): Not supplying enough data to HAL, expected position 2487640 , only wrote 2487343
12-09 07:38:53.574 W/audio_hw_generic( 1309): Not supplying enough data to HAL, expected position 2487350 , only wrote 2487343
12-09 07:38:53.613 D/Mileage ( 4192): Not enough fillups to calculate economy
12-09 07:38:53.731 W/audio_hw_generic( 1309): Hardware backing HAL too slow, could only write 0 of 661 frames
12-09 07:38:53.822 W/audio_hw_generic( 1309): Not supplying enough data to HAL, expected position 2498294 , only wrote 2497258
12-09 07:38:53.822 W/audio_hw_generic( 1309): Not supplying enough data to HAL, expected position 2497266 , only wrote 2497258
12-09 07:38:53.841 W/audio_hw_generic( 1309): Not supplying enough data to HAL, expected position 2498078 , only wrote 2497919
12-09 07:38:53.846 E/SurfaceFlinger( 1226): ro.sf.lcd_density must be defined as a build property
12-09 07:38:53.890 D/gralloc_ranchu( 1226): gralloc_alloc: Creating ashmem region of size 3686400
12-09 07:38:53.893 W/audio_hw_generic( 1309): Not supplying enough data to HAL, expected position 2500244 , only wrote 2499241
12-09 07:38:54.047 W/audio_hw_generic( 1309): Hardware backing HAL too slow, could only write 0 of 661 frames
12-09 07:38:54.070 D/        ( 4219): HostConnection::get() New Host Connection established 0x7fe9bd992480, tid 4219
12-09 07:38:54.077 W/audio_hw_generic( 1309): Hardware backing HAL too slow, could only write 0 of 661 frames
12-09 07:38:54.108 E/EGL_emulation( 1226): tid 1226: eglCreateSyncKHR(1881): error 0x3004 (EGL_BAD_ATTRIBUTE)
12-09 07:38:54.125 W/audio_hw_generic( 1309): Not supplying enough data to HAL, expected position 2509463 , only wrote 2509156
12-09 07:38:54.125 W/audio_hw_generic( 1309): Not supplying enough data to HAL, expected position 2509166 , only wrote 2509156
12-09 07:38:54.140 W/audio_hw_generic( 1309): Hardware backing HAL too slow, could only write 0 of 661 frames
12-09 07:38:54.155 W/audio_hw_generic( 1309): Hardware backing HAL too slow, could only write 0 of 661 frames
12-09 07:38:54.200 W/audio_hw_generic( 1309): Hardware backing HAL too slow, could only write 0 of 661 frames
12-09 07:38:54.962 W/audio_hw_generic( 1309): Not supplying enough data to HAL, expected position 2546039 , only wrote 2545511
12-09 07:38:54.962 W/audio_hw_generic( 1309): Not supplying enough data to HAL, expected position 2545518 , only wrote 2545511
12-09 07:38:54.977 W/audio_hw_generic( 1309): Not supplying enough data to HAL, expected position 2546187 , only wrote 2546172
12-09 07:38:55.086 W/audio_hw_generic( 1309): Not supplying enough data to HAL, expected position 2550954 , only wrote 2550799
12-09 07:38:55.123 I/System.out( 4192): URI: //gesture
12-09 07:38:55.123 I/System.out( 4192): params: {json={"query_timeout":5.0,"gestures":[{"query_string":"android.widget.TabWidget descendant TextView index:3","touches":[{"x":50,"y":50,"offset_x":0,"offset_y":0,"wait":0.0,"time":0.2,"release":true,"query_string":null}]}]}
12-09 07:38:55.123 I/System.out( 4192): }
12-09 07:38:55.267 I/art     ( 4192): Background partial concurrent mark sweep GC freed 21320(1029KB) AllocSpace objects, 3(60KB) LOS objects, 40% free, 2MB/3MB, paused 1.376ms total 134.974ms
12-09 07:38:55.386 W/audio_hw_generic( 1309): Not supplying enough data to HAL, expected position 2564034 , only wrote 2559392
12-09 07:38:55.386 W/audio_hw_generic( 1309): Not supplying enough data to HAL, expected position 2559399 , only wrote 2559392
12-09 07:38:55.414 W/CursorWrapperInner( 4192): Cursor finalized without prior close()
12-09 07:38:55.450 W/audio_hw_generic( 1309): Hardware backing HAL too slow, could only write 0 of 661 frames
12-09 07:38:55.513 I/calabash( 4192): newActivity1
12-09 07:38:55.521 W/ActivityManager( 1592): Bad activity token: android.os.BinderProxy@4999de
12-09 07:38:55.521 W/ActivityManager( 1592): java.lang.ClassCastException: android.os.BinderProxy cannot be cast to com.android.server.am.ActivityRecord$Token
12-09 07:38:55.521 W/ActivityManager( 1592): 	at com.android.server.am.ActivityRecord.forTokenLocked(ActivityRecord.java:424)
12-09 07:38:55.521 W/ActivityManager( 1592): 	at com.android.server.am.ActivityRecord.isInStackLocked(ActivityRecord.java:1121)
12-09 07:38:55.521 W/ActivityManager( 1592): 	at com.android.server.am.ActivityRecord.getStackLocked(ActivityRecord.java:1126)
12-09 07:38:55.521 W/ActivityManager( 1592): 	at com.android.server.am.ActivityManagerService.getActivityDisplayId(ActivityManagerService.java:8889)
12-09 07:38:55.521 W/ActivityManager( 1592): 	at android.app.ActivityManagerNative.onTransact(ActivityManagerNative.java:2338)
12-09 07:38:55.521 W/ActivityManager( 1592): 	at com.android.server.am.ActivityManagerService.onTransact(ActivityManagerService.java:2443)
12-09 07:38:55.521 W/ActivityManager( 1592): 	at android.os.Binder.execTransact(Binder.java:453)
12-09 07:38:55.522 W/ActivityManager( 1592): Bad activity token: android.os.BinderProxy@4999de
12-09 07:38:55.522 W/ActivityManager( 1592): java.lang.ClassCastException: android.os.BinderProxy cannot be cast to com.android.server.am.ActivityRecord$Token
12-09 07:38:55.522 W/ActivityManager( 1592): 	at com.android.server.am.ActivityRecord.forTokenLocked(ActivityRecord.java:424)
12-09 07:38:55.522 W/ActivityManager( 1592): 	at com.android.server.am.ActivityRecord.isInStackLocked(ActivityRecord.java:1121)
12-09 07:38:55.522 W/ActivityManager( 1592): 	at com.android.server.am.ActivityManagerService.setTaskDescription(ActivityManagerService.java:8547)
12-09 07:38:55.522 W/ActivityManager( 1592): 	at android.app.ActivityManagerNative.onTransact(ActivityManagerNative.java:2410)
12-09 07:38:55.522 W/ActivityManager( 1592): 	at com.android.server.am.ActivityManagerService.onTransact(ActivityManagerService.java:2443)
12-09 07:38:55.522 W/ActivityManager( 1592): 	at android.os.Binder.execTransact(Binder.java:453)
12-09 07:38:55.581 W/audio_hw_generic( 1309): Not supplying enough data to HAL, expected position 2567968 , only wrote 2567324
12-09 07:38:55.610 W/audio_hw_generic( 1309): Not supplying enough data to HAL, expected position 2568607 , only wrote 2567985
12-09 07:38:55.617 W/audio_hw_generic( 1309): Not supplying enough data to HAL, expected position 2567992 , only wrote 2567985
12-09 07:38:55.618 D/AudioFlinger( 1309): mixer(0xf4380000) throttle end: throttle time(11)
12-09 07:38:55.630 W/ActivityManager( 1592): Bad activity token: android.os.BinderProxy@4999de
12-09 07:38:55.630 W/ActivityManager( 1592): java.lang.ClassCastException: android.os.BinderProxy cannot be cast to com.android.server.am.ActivityRecord$Token
12-09 07:38:55.630 W/ActivityManager( 1592): 	at com.android.server.am.ActivityRecord.forTokenLocked(ActivityRecord.java:424)
12-09 07:38:55.630 W/ActivityManager( 1592): 	at com.android.server.am.ActivityRecord.isInStackLocked(ActivityRecord.java:1121)
12-09 07:38:55.630 W/ActivityManager( 1592): 	at com.android.server.am.ActivityManagerService.getActivityOptions(ActivityManagerService.java:11038)
12-09 07:38:55.630 W/ActivityManager( 1592): 	at android.app.ActivityManagerNative.onTransact(ActivityManagerNative.java:1734)
12-09 07:38:55.630 W/ActivityManager( 1592): 	at com.android.server.am.ActivityManagerService.onTransact(ActivityManagerService.java:2443)
12-09 07:38:55.630 W/ActivityManager( 1592): 	at android.os.Binder.execTransact(Binder.java:453)
12-09 07:38:55.631 W/ActivityManager( 1592): Bad activity token: android.os.BinderProxy@4999de
12-09 07:38:55.631 W/ActivityManager( 1592): java.lang.ClassCastException: android.os.BinderProxy cannot be cast to com.android.server.am.ActivityRecord$Token
12-09 07:38:55.631 W/ActivityManager( 1592): 	at com.android.server.am.ActivityRecord.forTokenLocked(ActivityRecord.java:424)
12-09 07:38:55.631 W/ActivityManager( 1592): 	at com.android.server.am.ActivityRecord.isInStackLocked(ActivityRecord.java:1121)
12-09 07:38:55.631 W/ActivityManager( 1592): 	at com.android.server.am.ActivityManagerService.getActivityOptions(ActivityManagerService.java:11038)
12-09 07:38:55.631 W/ActivityManager( 1592): 	at android.app.ActivityManagerNative.onTransact(ActivityManagerNative.java:1734)
12-09 07:38:55.631 W/ActivityManager( 1592): 	at com.android.server.am.ActivityManagerService.onTransact(ActivityManagerService.java:2443)
12-09 07:38:55.631 W/ActivityManager( 1592): 	at android.os.Binder.execTransact(Binder.java:453)
12-09 07:38:55.645 D/AudioFlinger( 1309): mixer(0xf4380000) throttle end: throttle time(11)
12-09 07:38:55.665 W/audio_hw_generic( 1309): Hardware backing HAL too slow, could only write 0 of 661 frames
12-09 07:38:55.677 W/audio_hw_generic( 1309): Hardware backing HAL too slow, could only write 0 of 661 frames
12-09 07:38:55.692 W/audio_hw_generic( 1309): Hardware backing HAL too slow, could only write 0 of 661 frames
12-09 07:38:55.713 W/audio_hw_generic( 1309): Hardware backing HAL too slow, could only write 0 of 661 frames
12-09 07:38:55.722 W/audio_hw_generic( 1309): Hardware backing HAL too slow, could only write 0 of 661 frames
12-09 07:38:55.737 W/audio_hw_generic( 1309): Hardware backing HAL too slow, could only write 0 of 661 frames
12-09 07:38:55.956 W/audio_hw_generic( 1309): Not supplying enough data to HAL, expected position 2583250 , only wrote 2576578
12-09 07:38:56.033 W/audio_hw_generic( 1309): Not supplying enough data to HAL, expected position 2579993 , only wrote 2576578
12-09 07:38:56.109 W/audio_hw_generic( 1309): Hardware backing HAL too slow, could only write 0 of 661 frames
12-09 07:38:56.213 E/SurfaceFlinger( 1226): ro.sf.lcd_density must be defined as a build property
12-09 07:38:56.214 D/gralloc_ranchu( 1226): gralloc_alloc: Creating ashmem region of size 3686400
12-09 07:38:56.218 W/audio_hw_generic( 1309): Not supplying enough data to HAL, expected position 2584703 , only wrote 2583849
12-09 07:38:56.218 W/audio_hw_generic( 1309): Not supplying enough data to HAL, expected position 2583856 , only wrote 2583849
12-09 07:38:56.225 D/        ( 4224): HostConnection::get() New Host Connection established 0x7f5a79592480, tid 4224
12-09 07:38:56.233 W/audio_hw_generic( 1309): Not supplying enough data to HAL, expected position 2584532 , only wrote 2584510
12-09 07:38:56.251 E/EGL_emulation( 1226): tid 1226: eglCreateSyncKHR(1881): error 0x3004 (EGL_BAD_ATTRIBUTE)
12-09 07:38:56.786 W/audio_hw_generic( 1309): Not supplying enough data to HAL, expected position 2608865 , only wrote 2608306
12-09 07:38:56.786 W/audio_hw_generic( 1309): Not supplying enough data to HAL, expected position 2608313 , only wrote 2608306
12-09 07:38:56.807 W/audio_hw_generic( 1309): Not supplying enough data to HAL, expected position 2609257 , only wrote 2608967
12-09 07:38:56.896 W/audio_hw_generic( 1309): Hardware backing HAL too slow, could only write 0 of 661 frames
12-09 07:38:56.965 W/audio_hw_generic( 1309): Not supplying enough data to HAL, expected position 2615927 , only wrote 2615577
12-09 07:38:56.986 W/audio_hw_generic( 1309): Hardware backing HAL too slow, could only write 0 of 661 frames
12-09 07:38:57.005 W/audio_hw_generic( 1309): Hardware backing HAL too slow, could only write 0 of 661 frames
12-09 07:38:57.031 W/audio_hw_generic( 1309): Hardware backing HAL too slow, could only write 0 of 661 frames
12-09 07:38:57.046 W/audio_hw_generic( 1309): Hardware backing HAL too slow, could only write 0 of 661 frames
12-09 07:38:57.066 W/audio_hw_generic( 1309): Hardware backing HAL too slow, could only write 0 of 661 frames
12-09 07:38:57.076 W/audio_hw_generic( 1309): Hardware backing HAL too slow, could only write 0 of 661 frames
12-09 07:38:57.089 I/System.out( 4192): URI: //gesture
12-09 07:38:57.089 I/System.out( 4192): params: {json={"query_timeout":5.0,"gestures":[{"query_string":"android.widget.TabWidget descendant TextView index:2","touches":[{"x":50,"y":50,"offset_x":0,"offset_y":0,"wait":0.0,"time":0.2,"release":true,"query_string":null}]}]}
12-09 07:38:57.089 I/System.out( 4192): }
12-09 07:38:57.094 W/audio_hw_generic( 1309): Hardware backing HAL too slow, could only write 0 of 661 frames
12-09 07:38:57.169 W/audio_hw_generic( 1309): Hardware backing HAL too slow, could only write 0 of 661 frames
12-09 07:38:57.188 W/audio_hw_generic( 1309): Hardware backing HAL too slow, could only write 0 of 661 frames
12-09 07:38:57.410 W/audio_hw_generic( 1309): Not supplying enough data to HAL, expected position 2635195 , only wrote 2629458
12-09 07:38:57.410 W/audio_hw_generic( 1309): Not supplying enough data to HAL, expected position 2629465 , only wrote 2629458
12-09 07:38:57.428 W/audio_hw_generic( 1309): Not supplying enough data to HAL, expected position 2630231 , only wrote 2630119
12-09 07:38:57.488 W/audio_hw_generic( 1309): Hardware backing HAL too slow, could only write 0 of 661 frames
12-09 07:38:57.505 W/audio_hw_generic( 1309): Hardware backing HAL too slow, could only write 0 of 661 frames
12-09 07:38:57.518 W/audio_hw_generic( 1309): Hardware backing HAL too slow, could only write 0 of 661 frames
12-09 07:38:57.530 I/calabash( 4192): newActivity1
12-09 07:38:57.587 W/audio_hw_generic( 1309): Not supplying enough data to HAL, expected position 2637147 , only wrote 2636729
12-09 07:38:57.589 W/audio_hw_generic( 1309): Not supplying enough data to HAL, expected position 2636791 , only wrote 2636729
12-09 07:38:57.606 W/audio_hw_generic( 1309): Not supplying enough data to HAL, expected position 2637488 , only wrote 2637390
12-09 07:38:57.650 W/audio_hw_generic( 1309): Not supplying enough data to HAL, expected position 2639330 , only wrote 2638712
12-09 07:38:57.660 D/AudioFlinger( 1309): mixer(0xf4380000) throttle end: throttle time(11)
12-09 07:38:57.667 W/ActivityManager( 1592): Bad activity token: android.os.BinderProxy@bec57bf
12-09 07:38:57.667 W/ActivityManager( 1592): java.lang.ClassCastException: android.os.BinderProxy cannot be cast to com.android.server.am.ActivityRecord$Token
12-09 07:38:57.667 W/ActivityManager( 1592): 	at com.android.server.am.ActivityRecord.forTokenLocked(ActivityRecord.java:424)
12-09 07:38:57.667 W/ActivityManager( 1592): 	at com.android.server.am.ActivityRecord.isInStackLocked(ActivityRecord.java:1121)
12-09 07:38:57.667 W/ActivityManager( 1592): 	at com.android.server.am.ActivityRecord.getStackLocked(ActivityRecord.java:1126)
12-09 07:38:57.667 W/ActivityManager( 1592): 	at com.android.server.am.ActivityManagerService.getActivityDisplayId(ActivityManagerService.java:8889)
12-09 07:38:57.667 W/ActivityManager( 1592): 	at android.app.ActivityManagerNative.onTransact(ActivityManagerNative.java:2338)
12-09 07:38:57.667 W/ActivityManager( 1592): 	at com.android.server.am.ActivityManagerService.onTransact(ActivityManagerService.java:2443)
12-09 07:38:57.667 W/ActivityManager( 1592): 	at android.os.Binder.execTransact(Binder.java:453)
12-09 07:38:57.668 W/ActivityManager( 1592): Bad activity token: android.os.BinderProxy@bec57bf
12-09 07:38:57.668 W/ActivityManager( 1592): java.lang.ClassCastException: android.os.BinderProxy cannot be cast to com.android.server.am.ActivityRecord$Token
12-09 07:38:57.668 W/ActivityManager( 1592): 	at com.android.server.am.ActivityRecord.forTokenLocked(ActivityRecord.java:424)
12-09 07:38:57.668 W/ActivityManager( 1592): 	at com.android.server.am.ActivityRecord.isInStackLocked(ActivityRecord.java:1121)
12-09 07:38:57.668 W/ActivityManager( 1592): 	at com.android.server.am.ActivityManagerService.setTaskDescription(ActivityManagerService.java:8547)
12-09 07:38:57.668 W/ActivityManager( 1592): 	at android.app.ActivityManagerNative.onTransact(ActivityManagerNative.java:2410)
12-09 07:38:57.668 W/ActivityManager( 1592): 	at com.android.server.am.ActivityManagerService.onTransact(ActivityManagerService.java:2443)
12-09 07:38:57.668 W/ActivityManager( 1592): 	at android.os.Binder.execTransact(Binder.java:453)
12-09 07:38:57.685 D/VehicleStatisticsActivity( 4192): Checking recalculation ...
12-09 07:38:57.689 I/art     ( 4192): Background sticky concurrent mark sweep GC freed 41703(1859KB) AllocSpace objects, 2(40KB) LOS objects, 3% free, 3MB/3MB, paused 1.608ms total 139.019ms
12-09 07:38:57.707 D/VehicleStatisticsActivity( 4192): Recalculating statistics
12-09 07:38:57.707 D/VehicleStatisticsTask( 4192): Calculation starting...
12-09 07:38:57.708 D/VehicleStatisticsActivity( 4192): Recalculation started!
12-09 07:38:57.716 W/ActivityManager( 1592): Bad activity token: android.os.BinderProxy@bec57bf
12-09 07:38:57.716 W/ActivityManager( 1592): java.lang.ClassCastException: android.os.BinderProxy cannot be cast to com.android.server.am.ActivityRecord$Token
12-09 07:38:57.716 W/ActivityManager( 1592): 	at com.android.server.am.ActivityRecord.forTokenLocked(ActivityRecord.java:424)
12-09 07:38:57.716 W/ActivityManager( 1592): 	at com.android.server.am.ActivityRecord.isInStackLocked(ActivityRecord.java:1121)
12-09 07:38:57.716 W/ActivityManager( 1592): 	at com.android.server.am.ActivityManagerService.getActivityOptions(ActivityManagerService.java:11038)
12-09 07:38:57.716 W/ActivityManager( 1592): 	at android.app.ActivityManagerNative.onTransact(ActivityManagerNative.java:1734)
12-09 07:38:57.716 W/ActivityManager( 1592): 	at com.android.server.am.ActivityManagerService.onTransact(ActivityManagerService.java:2443)
12-09 07:38:57.716 W/ActivityManager( 1592): 	at android.os.Binder.execTransact(Binder.java:453)
12-09 07:38:57.716 W/ActivityManager( 1592): Bad activity token: android.os.BinderProxy@bec57bf
12-09 07:38:57.716 W/ActivityManager( 1592): java.lang.ClassCastException: android.os.BinderProxy cannot be cast to com.android.server.am.ActivityRecord$Token
12-09 07:38:57.716 W/ActivityManager( 1592): 	at com.android.server.am.ActivityRecord.forTokenLocked(ActivityRecord.java:424)
12-09 07:38:57.716 W/ActivityManager( 1592): 	at com.android.server.am.ActivityRecord.isInStackLocked(ActivityRecord.java:1121)
12-09 07:38:57.716 W/ActivityManager( 1592): 	at com.android.server.am.ActivityManagerService.getActivityOptions(ActivityManagerService.java:11038)
12-09 07:38:57.716 W/ActivityManager( 1592): 	at android.app.ActivityManagerNative.onTransact(ActivityManagerNative.java:1734)
12-09 07:38:57.716 W/ActivityManager( 1592): 	at com.android.server.am.ActivityManagerService.onTransact(ActivityManagerService.java:2443)
12-09 07:38:57.716 W/ActivityManager( 1592): 	at android.os.Binder.execTransact(Binder.java:453)
12-09 07:38:57.737 D/VehicleStatisticsActivity( 4192): Checking recalculation ...
12-09 07:38:57.742 D/VehicleStatisticsActivity( 4192): Recalculating statistics
12-09 07:38:57.742 D/VehicleStatisticsTask( 4192): Calculation starting...
12-09 07:38:57.742 D/VehicleStatisticsActivity( 4192): Recalculation started!
12-09 07:38:57.742 D/VehicleStatisticsTask( 4192): Not enough fillups to calculate statistics
12-09 07:38:57.773 D/VehicleStatisticsTask( 4192): Not enough fillups to calculate statistics
12-09 07:38:57.885 W/audio_hw_generic( 1309): Hardware backing HAL too slow, could only write 0 of 661 frames
12-09 07:38:57.923 W/audio_hw_generic( 1309): Hardware backing HAL too slow, could only write 0 of 661 frames
12-09 07:38:57.929 W/audio_hw_generic( 1309): Hardware backing HAL too slow, could only write 0 of 661 frames
12-09 07:38:57.968 W/audio_hw_generic( 1309): Hardware backing HAL too slow, could only write 0 of 661 frames
12-09 07:38:57.977 W/audio_hw_generic( 1309): Hardware backing HAL too slow, could only write 0 of 661 frames
12-09 07:38:57.994 W/audio_hw_generic( 1309): Hardware backing HAL too slow, could only write 0 of 661 frames
12-09 07:38:57.996 D/VehicleStatisticsTask( 4192): Done recalculating!
12-09 07:38:57.997 D/VehicleStatisticsTask( 4192): Done recalculating!
12-09 07:38:58.012 W/audio_hw_generic( 1309): Hardware backing HAL too slow, could only write 0 of 661 frames
12-09 07:38:58.013 D/VehicleStatisticsAdapter( 4192): Erasing the cache ...
12-09 07:38:58.014 D/VehicleStatisticsAdapter( 4192): Erasing the cache ...
12-09 07:38:58.016 D/VehicleStatisticsAdapter( 4192): Building new values ...
12-09 07:38:58.016 D/VehicleStatisticsAdapter( 4192): Writing 29 records to the database ...
12-09 07:38:58.026 D/VehicleStatisticsAdapter( 4192): Building new values ...
12-09 07:38:58.027 D/VehicleStatisticsAdapter( 4192): Writing 29 records to the database ...
12-09 07:38:58.037 W/audio_hw_generic( 1309): Hardware backing HAL too slow, could only write 0 of 661 frames
12-09 07:38:58.054 W/audio_hw_generic( 1309): Hardware backing HAL too slow, could only write 0 of 661 frames
12-09 07:38:58.066 W/audio_hw_generic( 1309): Hardware backing HAL too slow, could only write 0 of 661 frames
12-09 07:38:58.081 W/audio_hw_generic( 1309): Hardware backing HAL too slow, could only write 0 of 661 frames
