12-09 07:36:52.895 W/audio_hw_generic( 1307): Not supplying enough data to HAL, expected position 910451 , only wrote 906231
12-09 07:36:53.013 W/audio_hw_generic( 1307): Not supplying enough data to HAL, expected position 911426 , only wrote 907553
12-09 07:36:53.093 W/audio_hw_generic( 1307): Hardware backing HAL too slow, could only write 0 of 661 frames
12-09 07:36:53.196 W/audio_hw_generic( 1307): Not supplying enough data to HAL, expected position 915655 , only wrote 914824
12-09 07:36:53.196 W/audio_hw_generic( 1307): Not supplying enough data to HAL, expected position 914833 , only wrote 914824
12-09 07:36:53.212 W/audio_hw_generic( 1307): Not supplying enough data to HAL, expected position 915511 , only wrote 915485
12-09 07:36:53.263 W/audio_hw_generic( 1307): Not supplying enough data to HAL, expected position 917733 , only wrote 916807
12-09 07:36:53.305 W/audio_hw_generic( 1307): Not supplying enough data to HAL, expected position 918660 , only wrote 918129
12-09 07:36:53.485 I/art     ( 3793): Background sticky concurrent mark sweep GC freed 36053(1723KB) AllocSpace objects, 2(40KB) LOS objects, 16% free, 3MB/4MB, paused 1.746ms total 139.260ms
12-09 07:36:53.496 W/audio_hw_generic( 1307): Hardware backing HAL too slow, could only write 0 of 661 frames
12-09 07:36:53.507 W/CursorWrapperInner( 3793): Cursor finalized without prior close()
12-09 07:36:53.512 W/audio_hw_generic( 1307): Hardware backing HAL too slow, could only write 0 of 661 frames
12-09 07:36:53.624 W/audio_hw_generic( 1307): Not supplying enough data to HAL, expected position 932175 , only wrote 930688
12-09 07:36:53.824 W/audio_hw_generic( 1307): Not supplying enough data to HAL, expected position 939538 , only wrote 939281
12-09 07:36:53.824 W/audio_hw_generic( 1307): Not supplying enough data to HAL, expected position 939287 , only wrote 939281
12-09 07:36:53.840 W/audio_hw_generic( 1307): Not supplying enough data to HAL, expected position 939982 , only wrote 939942
12-09 07:36:54.172 W/audio_hw_generic( 1307): Not supplying enough data to HAL, expected position 954577 , only wrote 954484
12-09 07:36:54.268 W/audio_hw_generic( 1307): Not supplying enough data to HAL, expected position 958725 , only wrote 958450
12-09 07:36:54.345 W/audio_hw_generic( 1307): Not supplying enough data to HAL, expected position 961839 , only wrote 961755
12-09 07:36:54.445 W/AudioFlinger( 1307): write blocked for 401 msecs, 1 delayed writes, thread 0xf4340000
12-09 07:36:54.536 W/audio_hw_generic( 1307): Not supplying enough data to HAL, expected position 970172 , only wrote 965721
12-09 07:36:54.542 I/System.out( 3793): URI: //map
12-09 07:36:54.542 I/System.out( 3793): params: {json={"query":"android.widget.EditText id:'price'","operation":{"method_name":"query","arguments":[]}}
12-09 07:36:54.543 I/System.out( 3793): }
12-09 07:36:54.594 W/audio_hw_generic( 1307): Not supplying enough data to HAL, expected position 968264 , only wrote 967704
12-09 07:36:54.708 W/audio_hw_generic( 1307): Not supplying enough data to HAL, expected position 972756 , only wrote 971670
12-09 07:36:54.708 W/audio_hw_generic( 1307): Not supplying enough data to HAL, expected position 971676 , only wrote 971670
12-09 07:36:54.865 W/ResourceType( 3793): No package identifier when getting name for resource number 0x00000001
12-09 07:36:54.868 W/audio_hw_generic( 1307): Not supplying enough data to HAL, expected position 978720 , only wrote 978280
12-09 07:36:54.868 W/audio_hw_generic( 1307): Not supplying enough data to HAL, expected position 978286 , only wrote 978280
12-09 07:36:54.887 W/audio_hw_generic( 1307): Not supplying enough data to HAL, expected position 979082 , only wrote 978941
12-09 07:36:55.010 I/System.out( 3793): URI: //gesture
12-09 07:36:55.010 I/System.out( 3793): params: {json={"query_timeout":5.0,"gestures":[{"query_string":"android.widget.EditText id:'price'","touches":[{"x":50,"y":50,"offset_x":0,"offset_y":0,"wait":0.0,"time":0.2,"release":true,"query_string":null}]}]}
12-09 07:36:55.010 I/System.out( 3793): }
12-09 07:36:55.257 W/ResourceType( 3793): No package identifier when getting name for resource number 0x00000001
12-09 07:36:55.307 W/audio_hw_generic( 1307): Hardware backing HAL too slow, could only write 0 of 661 frames
12-09 07:36:55.316 W/audio_hw_generic( 1307): Hardware backing HAL too slow, could only write 0 of 661 frames
12-09 07:36:55.388 W/audio_hw_generic( 1307): Hardware backing HAL too slow, could only write 0 of 661 frames
12-09 07:36:55.395 W/audio_hw_generic( 1307): Hardware backing HAL too slow, could only write 0 of 661 frames
12-09 07:36:55.426 W/audio_hw_generic( 1307): Hardware backing HAL too slow, could only write 0 of 661 frames
12-09 07:36:55.526 W/audio_hw_generic( 1307): Not supplying enough data to HAL, expected position 1007132 , only wrote 1004059
12-09 07:36:55.544 W/audio_hw_generic( 1307): Not supplying enough data to HAL, expected position 1004875 , only wrote 1004059
12-09 07:36:55.647 W/audio_hw_generic( 1307): Not supplying enough data to HAL, expected position 1008582 , only wrote 1008025
12-09 07:36:55.647 W/audio_hw_generic( 1307): Not supplying enough data to HAL, expected position 1008031 , only wrote 1008025
12-09 07:36:55.666 W/audio_hw_generic( 1307): Not supplying enough data to HAL, expected position 1008869 , only wrote 1008686
12-09 07:36:55.786 I/LatinIME( 1870): Starting input. Cursor position = 0,0
12-09 07:36:55.832 W/audio_hw_generic( 1307): Not supplying enough data to HAL, expected position 1015970 , only wrote 1015957
12-09 07:36:55.832 W/audio_hw_generic( 1307): Not supplying enough data to HAL, expected position 1015964 , only wrote 1015957
12-09 07:36:55.853 W/audio_hw_generic( 1307): Not supplying enough data to HAL, expected position 1016909 , only wrote 1016618
12-09 07:36:55.902 I/art     ( 3793): Background sticky concurrent mark sweep GC freed 44597(2008KB) AllocSpace objects, 0(0B) LOS objects, 35% free, 3MB/4MB, paused 1.085ms total 126.521ms
12-09 07:36:55.957 W/audio_hw_generic( 1307): Not supplying enough data to HAL, expected position 1021177 , only wrote 1020584
12-09 07:36:55.957 W/audio_hw_generic( 1307): Not supplying enough data to HAL, expected position 1020590 , only wrote 1020584
12-09 07:36:55.973 W/audio_hw_generic( 1307): Not supplying enough data to HAL, expected position 1021293 , only wrote 1021245
12-09 07:36:56.016 W/audio_hw_generic( 1307): Not supplying enough data to HAL, expected position 1023161 , only wrote 1022567
12-09 07:36:56.062 D/EGL_emulation( 1870): eglMakeCurrent: 0x7f294bab46e0: ver 2 0 (tinfo 0x7f294ba82de0)
12-09 07:36:56.211 W/audio_hw_generic( 1307): Not supplying enough data to HAL, expected position 1031166 , only wrote 1031160
12-09 07:36:56.211 W/audio_hw_generic( 1307): Not supplying enough data to HAL, expected position 1031166 , only wrote 1031160
12-09 07:36:56.236 W/audio_hw_generic( 1307): Not supplying enough data to HAL, expected position 1032256 , only wrote 1031821
12-09 07:36:56.236 W/audio_hw_generic( 1307): Hardware backing HAL too slow, could only write 0 of 661 frames
12-09 07:36:56.237 W/audio_hw_generic( 1307): Hardware backing HAL too slow, could only write 0 of 661 frames
12-09 07:36:56.385 W/audio_hw_generic( 1307): Not supplying enough data to HAL, expected position 1038359 , only wrote 1034465
12-09 07:36:56.385 W/audio_hw_generic( 1307): Not supplying enough data to HAL, expected position 1034472 , only wrote 1034465
12-09 07:36:56.404 W/audio_hw_generic( 1307): Not supplying enough data to HAL, expected position 1035294 , only wrote 1035126
12-09 07:36:56.419 I/System.out( 3793): URI: //
12-09 07:36:56.419 I/System.out( 3793): params: {json={"command":"set_selection","arguments":[-1,-1]}
12-09 07:36:56.419 I/System.out( 3793): }
12-09 07:36:56.419 I/System.out( 3793): header: {date=Sun, 09 Dec 2018 07:36:57 GMT, accept=*/*, content-length=47, host=127.0.0.1:34777, user-agent=HTTPClient/1.0 (2.8.3, ruby 2.3.1 (2016-04-26)), content-type=application/json;charset=utf-8}
12-09 07:36:56.419 I/System.out( 3793): params: {json={"command":"set_selection","arguments":[-1,-1]}
12-09 07:36:56.419 I/System.out( 3793): }
12-09 07:36:56.419 I/System.out( 3793): ProP json = {"command":"set_selection","arguments":[-1,-1]}
12-09 07:36:56.419 I/System.out( 3793): files: {}
12-09 07:36:56.419 I/System.out( 3793): command: {"command":"set_selection","arguments":[-1,-1]}
12-09 07:36:56.425 W/audio_hw_generic( 1307): Hardware backing HAL too slow, could only write 0 of 661 frames
12-09 07:36:56.427 I/InstrumentationBackend( 3793): Got command:'Command:'Line:null,set_selection', arguments:'[-1, -1]'
12-09 07:36:56.441 W/audio_hw_generic( 1307): Hardware backing HAL too slow, could only write 0 of 661 frames
12-09 07:36:56.548 W/audio_hw_generic( 1307): Not supplying enough data to HAL, expected position 1041497 , only wrote 1039092
12-09 07:36:56.588 W/audio_hw_generic( 1307): Not supplying enough data to HAL, expected position 1040867 , only wrote 1039092
12-09 07:36:56.608 I/System.out( 3793): result:{"bonusInformation":[],"message":"","success":true}
12-09 07:36:57.059 I/System.out( 3793): URI: //
12-09 07:36:57.060 I/System.out( 3793): params: {json={"command":"keyboard_enter_text","arguments":["54"]}
12-09 07:36:57.060 I/System.out( 3793): }
12-09 07:36:57.060 I/System.out( 3793): header: {date=Sun, 09 Dec 2018 07:36:57 GMT, accept=*/*, content-length=52, host=127.0.0.1:34777, user-agent=HTTPClient/1.0 (2.8.3, ruby 2.3.1 (2016-04-26)), content-type=application/json;charset=utf-8}
12-09 07:36:57.060 I/System.out( 3793): params: {json={"command":"keyboard_enter_text","arguments":["54"]}
12-09 07:36:57.060 I/System.out( 3793): }
12-09 07:36:57.060 I/System.out( 3793): ProP json = {"command":"keyboard_enter_text","arguments":["54"]}
12-09 07:36:57.060 I/System.out( 3793): files: {}
12-09 07:36:57.060 I/System.out( 3793): command: {"command":"keyboard_enter_text","arguments":["54"]}
12-09 07:36:57.062 I/InstrumentationBackend( 3793): Got command:'Command:'Line:null,keyboard_enter_text', arguments:'[54]'
12-09 07:36:57.124 E/SpannableStringBuilder( 3793): SPAN_EXCLUSIVE_EXCLUSIVE spans cannot have a zero length
12-09 07:36:57.124 E/SpannableStringBuilder( 3793): SPAN_EXCLUSIVE_EXCLUSIVE spans cannot have a zero length
12-09 07:36:57.138 E/SpannableStringBuilder( 3793): SPAN_EXCLUSIVE_EXCLUSIVE spans cannot have a zero length
12-09 07:36:57.138 E/SpannableStringBuilder( 3793): SPAN_EXCLUSIVE_EXCLUSIVE spans cannot have a zero length
12-09 07:36:57.145 I/System.out( 3793): result:{"bonusInformation":[],"message":"","success":true}
12-09 07:36:57.204 I/System.out( 3793): URI: //map
12-09 07:36:57.204 I/System.out( 3793): params: {json={"query":"android.widget.EditText id:'volume'","operation":{"method_name":"query","arguments":[]}}
12-09 07:36:57.204 I/System.out( 3793): }
12-09 07:36:57.352 W/ResourceType( 3793): No package identifier when getting name for resource number 0x00000001
12-09 07:36:57.550 I/art     ( 3793): Background sticky concurrent mark sweep GC freed 34581(1603KB) AllocSpace objects, 1(20KB) LOS objects, 33% free, 3MB/4MB, paused 7.908ms total 100.137ms
12-09 07:36:57.550 I/System.out( 3793): URI: //gesture
12-09 07:36:57.551 I/System.out( 3793): params: {json={"query_timeout":5.0,"gestures":[{"query_string":"android.widget.EditText id:'volume'","touches":[{"x":50,"y":50,"offset_x":0,"offset_y":0,"wait":0.0,"time":0.2,"release":true,"query_string":null}]}]}
12-09 07:36:57.551 I/System.out( 3793): }
12-09 07:36:57.567 W/ResourceType( 3793): No package identifier when getting name for resource number 0x00000001
12-09 07:36:58.011 I/LatinIME( 1870): Starting input. Cursor position = 0,0
12-09 07:36:58.095 I/art     ( 3793): Background sticky concurrent mark sweep GC freed 45839(2MB) AllocSpace objects, 2(40KB) LOS objects, 31% free, 3MB/4MB, paused 900us total 114.703ms
12-09 07:36:58.581 I/System.out( 3793): URI: //
12-09 07:36:58.581 I/System.out( 3793): params: {json={"command":"set_selection","arguments":[-1,-1]}
12-09 07:36:58.581 I/System.out( 3793): }
12-09 07:36:58.581 I/System.out( 3793): header: {date=Sun, 09 Dec 2018 07:36:59 GMT, accept=*/*, content-length=47, host=127.0.0.1:34777, user-agent=HTTPClient/1.0 (2.8.3, ruby 2.3.1 (2016-04-26)), content-type=application/json;charset=utf-8}
12-09 07:36:58.581 I/System.out( 3793): params: {json={"command":"set_selection","arguments":[-1,-1]}
12-09 07:36:58.581 I/System.out( 3793): }
12-09 07:36:58.581 I/System.out( 3793): ProP json = {"command":"set_selection","arguments":[-1,-1]}
12-09 07:36:58.581 I/System.out( 3793): files: {}
12-09 07:36:58.581 I/System.out( 3793): command: {"command":"set_selection","arguments":[-1,-1]}
12-09 07:36:58.582 I/InstrumentationBackend( 3793): Got command:'Command:'Line:null,set_selection', arguments:'[-1, -1]'
12-09 07:36:58.587 I/System.out( 3793): result:{"bonusInformation":[],"message":"","success":true}
12-09 07:36:58.737 I/System.out( 3793): URI: //
12-09 07:36:58.737 I/System.out( 3793): params: {json={"command":"keyboard_enter_text","arguments":["100"]}
12-09 07:36:58.737 I/System.out( 3793): }
12-09 07:36:58.737 I/System.out( 3793): header: {date=Sun, 09 Dec 2018 07:36:59 GMT, accept=*/*, content-length=53, host=127.0.0.1:34777, user-agent=HTTPClient/1.0 (2.8.3, ruby 2.3.1 (2016-04-26)), content-type=application/json;charset=utf-8}
12-09 07:36:58.737 I/System.out( 3793): params: {json={"command":"keyboard_enter_text","arguments":["100"]}
12-09 07:36:58.737 I/System.out( 3793): }
12-09 07:36:58.738 I/System.out( 3793): ProP json = {"command":"keyboard_enter_text","arguments":["100"]}
12-09 07:36:58.738 I/System.out( 3793): files: {}
12-09 07:36:58.738 I/System.out( 3793): command: {"command":"keyboard_enter_text","arguments":["100"]}
12-09 07:36:58.739 I/InstrumentationBackend( 3793): Got command:'Command:'Line:null,keyboard_enter_text', arguments:'[100]'
12-09 07:36:58.739 E/SpannableStringBuilder( 3793): SPAN_EXCLUSIVE_EXCLUSIVE spans cannot have a zero length
12-09 07:36:58.740 E/SpannableStringBuilder( 3793): SPAN_EXCLUSIVE_EXCLUSIVE spans cannot have a zero length
12-09 07:36:58.747 E/SpannableStringBuilder( 3793): SPAN_EXCLUSIVE_EXCLUSIVE spans cannot have a zero length
12-09 07:36:58.747 E/SpannableStringBuilder( 3793): SPAN_EXCLUSIVE_EXCLUSIVE spans cannot have a zero length
12-09 07:36:58.757 I/System.out( 3793): result:{"bonusInformation":[],"message":"","success":true}
12-09 07:36:59.086 I/System.out( 3793): URI: //map
12-09 07:36:59.086 I/System.out( 3793): params: {json={"query":"android.widget.EditText id:'odometer'","operation":{"method_name":"query","arguments":[]}}
12-09 07:36:59.086 I/System.out( 3793): }
12-09 07:36:59.103 I/art     ( 3793): Background sticky concurrent mark sweep GC freed 27096(1287KB) AllocSpace objects, 7(140KB) LOS objects, 18% free, 3MB/4MB, paused 995us total 339.026ms
12-09 07:36:59.104 W/ResourceType( 3793): No package identifier when getting name for resource number 0x00000001
12-09 07:36:59.232 W/art     ( 3793): Suspending all threads took: 38.294ms
12-09 07:36:59.256 I/art     ( 3793): Background partial concurrent mark sweep GC freed 48153(2MB) AllocSpace objects, 11(220KB) LOS objects, 40% free, 2MB/4MB, paused 39.454ms total 117.309ms
12-09 07:36:59.285 I/System.out( 3793): URI: //gesture
12-09 07:36:59.285 I/System.out( 3793): params: {json={"query_timeout":5.0,"gestures":[{"query_string":"android.widget.EditText id:'odometer'","touches":[{"x":50,"y":50,"offset_x":0,"offset_y":0,"wait":0.0,"time":0.2,"release":true,"query_string":null}]}]}
12-09 07:36:59.285 I/System.out( 3793): }
12-09 07:36:59.398 W/ResourceType( 3793): No package identifier when getting name for resource number 0x00000001
12-09 07:36:59.713 I/LatinIME( 1870): Starting input. Cursor position = 0,0
12-09 07:36:59.812 I/art     ( 3793): Background sticky concurrent mark sweep GC freed 47653(2MB) AllocSpace objects, 3(60KB) LOS objects, 42% free, 2MB/4MB, paused 11.503ms total 91.776ms
12-09 07:36:59.970 D/hwcomposer( 1224): hw_composer sent 582 syncs in 60s
12-09 07:37:00.301 I/System.out( 3793): URI: //
12-09 07:37:00.301 I/System.out( 3793): params: {json={"command":"set_selection","arguments":[-1,-1]}
12-09 07:37:00.301 I/System.out( 3793): }
12-09 07:37:00.301 I/System.out( 3793): header: {date=Sun, 09 Dec 2018 07:37:00 GMT, accept=*/*, content-length=47, host=127.0.0.1:34777, user-agent=HTTPClient/1.0 (2.8.3, ruby 2.3.1 (2016-04-26)), content-type=application/json;charset=utf-8}
12-09 07:37:00.301 I/System.out( 3793): params: {json={"command":"set_selection","arguments":[-1,-1]}
12-09 07:37:00.301 I/System.out( 3793): }
12-09 07:37:00.301 I/System.out( 3793): ProP json = {"command":"set_selection","arguments":[-1,-1]}
12-09 07:37:00.301 I/System.out( 3793): files: {}
12-09 07:37:00.301 I/System.out( 3793): command: {"command":"set_selection","arguments":[-1,-1]}
12-09 07:37:00.302 I/InstrumentationBackend( 3793): Got command:'Command:'Line:null,set_selection', arguments:'[-1, -1]'
12-09 07:37:00.331 I/System.out( 3793): result:{"bonusInformation":[],"message":"","success":true}
12-09 07:37:00.621 I/System.out( 3793): URI: //
12-09 07:37:00.621 I/System.out( 3793): params: {json={"command":"keyboard_enter_text","arguments":["14"]}
12-09 07:37:00.621 I/System.out( 3793): }
12-09 07:37:00.622 I/System.out( 3793): header: {date=Sun, 09 Dec 2018 07:37:01 GMT, accept=*/*, content-length=52, host=127.0.0.1:34777, user-agent=HTTPClient/1.0 (2.8.3, ruby 2.3.1 (2016-04-26)), content-type=application/json;charset=utf-8}
12-09 07:37:00.622 I/System.out( 3793): params: {json={"command":"keyboard_enter_text","arguments":["14"]}
12-09 07:37:00.622 I/System.out( 3793): }
12-09 07:37:00.622 I/System.out( 3793): ProP json = {"command":"keyboard_enter_text","arguments":["14"]}
12-09 07:37:00.622 I/System.out( 3793): files: {}
12-09 07:37:00.622 I/System.out( 3793): command: {"command":"keyboard_enter_text","arguments":["14"]}
12-09 07:37:00.623 I/InstrumentationBackend( 3793): Got command:'Command:'Line:null,keyboard_enter_text', arguments:'[14]'
12-09 07:37:00.623 E/SpannableStringBuilder( 3793): SPAN_EXCLUSIVE_EXCLUSIVE spans cannot have a zero length
12-09 07:37:00.623 E/SpannableStringBuilder( 3793): SPAN_EXCLUSIVE_EXCLUSIVE spans cannot have a zero length
12-09 07:37:00.626 E/SpannableStringBuilder( 3793): SPAN_EXCLUSIVE_EXCLUSIVE spans cannot have a zero length
12-09 07:37:00.626 E/SpannableStringBuilder( 3793): SPAN_EXCLUSIVE_EXCLUSIVE spans cannot have a zero length
12-09 07:37:00.631 I/System.out( 3793): result:{"bonusInformation":[],"message":"","success":true}
12-09 07:37:01.809 I/System.out( 3793): URI: //map
12-09 07:37:01.810 I/System.out( 3793): params: {json={"query":"android.widget.Button index:2","operation":{"method_name":"query","arguments":[]}}
12-09 07:37:01.810 I/System.out( 3793): }
12-09 07:37:01.999 I/art     ( 3793): Background sticky concurrent mark sweep GC freed 42687(1906KB) AllocSpace objects, 8(160KB) LOS objects, 15% free, 3MB/4MB, paused 1.026ms total 187.063ms
12-09 07:37:02.066 I/System.out( 3793): URI: //gesture
12-09 07:37:02.067 I/System.out( 3793): params: {json={"query_timeout":5.0,"gestures":[{"query_string":"android.widget.Button index:2","touches":[{"x":50,"y":50,"offset_x":0,"offset_y":0,"wait":0.0,"time":0.2,"release":true,"query_string":null}]}]}
12-09 07:37:02.067 I/System.out( 3793): }
12-09 07:37:02.489 D/AudioFlinger( 1307): mixer(0xf4340000) throttle end: throttle time(11)
12-09 07:37:02.500 W/audio_hw_generic( 1307): Hardware backing HAL too slow, could only write 0 of 661 frames
12-09 07:37:02.522 W/audio_hw_generic( 1307): Hardware backing HAL too slow, could only write 0 of 661 frames
12-09 07:37:02.574 I/LatinIME( 1870): Starting input. Cursor position = -1,-1
12-09 07:37:02.725 D/Mileage.ABS( 3793): Finished backup
12-09 07:37:02.737 D/Mileage.ABS( 3793): Not backing up; 35
12-09 07:37:02.737 D/Mileage.ABS( 3793): Not backing up; 35
12-09 07:37:02.737 D/Mileage.ABS( 3793): Not backing up; 35
12-09 07:37:02.743 W/audio_hw_generic( 1307): Hardware backing HAL too slow, could only write 0 of 661 frames
12-09 07:37:02.818 W/audio_hw_generic( 1307): Not supplying enough data to HAL, expected position 1055081 , only wrote 1054956
12-09 07:37:02.818 W/audio_hw_generic( 1307): Not supplying enough data to HAL, expected position 1054963 , only wrote 1054956
12-09 07:37:02.880 W/audio_hw_generic( 1307): Not supplying enough data to HAL, expected position 1057699 , only wrote 1055617
12-09 07:37:03.006 I/art     ( 3793): Background sticky concurrent mark sweep GC freed 55164(2MB) AllocSpace objects, 3(60KB) LOS objects, 52% free, 2MB/5MB, paused 14.341ms total 299.597ms
12-09 07:37:03.065 E/SurfaceFlinger( 1224): ro.sf.lcd_density must be defined as a build property
12-09 07:37:03.182 D/gralloc_ranchu( 1224): gralloc_alloc: Creating ashmem region of size 3686400
12-09 07:37:03.185 W/audio_hw_generic( 1307): Not supplying enough data to HAL, expected position 1069049 , only wrote 1067515
12-09 07:37:03.185 W/audio_hw_generic( 1307): Not supplying enough data to HAL, expected position 1067521 , only wrote 1067515
12-09 07:37:03.285 D/        ( 3883): HostConnection::get() New Host Connection established 0x7f1b00b52480, tid 3883
12-09 07:37:03.294 W/audio_hw_generic( 1307): Hardware backing HAL too slow, could only write 0 of 661 frames
12-09 07:37:03.305 E/EGL_emulation( 1224): tid 1224: eglCreateSyncKHR(1881): error 0x3004 (EGL_BAD_ATTRIBUTE)
12-09 07:37:03.321 W/audio_hw_generic( 1307): Hardware backing HAL too slow, could only write 0 of 661 frames
12-09 07:37:03.381 W/audio_hw_generic( 1307): Not supplying enough data to HAL, expected position 1076179 , only wrote 1075447
12-09 07:37:03.381 W/audio_hw_generic( 1307): Not supplying enough data to HAL, expected position 1075453 , only wrote 1075447
12-09 07:37:03.427 W/audio_hw_generic( 1307): Not supplying enough data to HAL, expected position 1077472 , only wrote 1076108
12-09 07:37:03.572 W/audio_hw_generic( 1307): Not supplying enough data to HAL, expected position 1082472 , only wrote 1081396
12-09 07:37:03.606 W/audio_hw_generic( 1307): Not supplying enough data to HAL, expected position 1082925 , only wrote 1082718
12-09 07:37:03.633 I/InputAttributes( 1870): InputType.TYPE_NULL is specified
12-09 07:37:03.683 W/audio_hw_generic( 1307): Hardware backing HAL too slow, could only write 0 of 661 frames
12-09 07:37:03.715 W/audio_hw_generic( 1307): Not supplying enough data to HAL, expected position 1087507 , only wrote 1087345
12-09 07:37:03.715 W/audio_hw_generic( 1307): Not supplying enough data to HAL, expected position 1087351 , only wrote 1087345
12-09 07:37:03.717 I/Choreographer( 1870): Skipped 69 frames!  The application may be doing too much work on its main thread.
12-09 07:37:03.724 D/EGL_emulation( 1870): eglMakeCurrent: 0x7f294bab46e0: ver 2 0 (tinfo 0x7f294ba82de0)
12-09 07:37:03.726 E/Surface ( 1870): getSlotFromBufferLocked: unknown buffer: 0x7f294bab5220
12-09 07:37:03.735 W/audio_hw_generic( 1307): Not supplying enough data to HAL, expected position 1088239 , only wrote 1088006
12-09 07:37:03.944 W/audio_hw_generic( 1307): Not supplying enough data to HAL, expected position 1097217 , only wrote 1093294
12-09 07:37:03.944 W/audio_hw_generic( 1307): Not supplying enough data to HAL, expected position 1093301 , only wrote 1093294
12-09 07:37:03.968 W/audio_hw_generic( 1307): Not supplying enough data to HAL, expected position 1094359 , only wrote 1093955
12-09 07:37:04.005 W/audio_hw_generic( 1307): Hardware backing HAL too slow, could only write 0 of 661 frames
12-09 07:37:04.028 W/audio_hw_generic( 1307): Hardware backing HAL too slow, could only write 0 of 661 frames
12-09 07:37:04.057 W/audio_hw_generic( 1307): Hardware backing HAL too slow, could only write 0 of 661 frames
12-09 07:37:04.077 W/audio_hw_generic( 1307): Not supplying enough data to HAL, expected position 1098749 , only wrote 1098582
12-09 07:37:04.077 W/audio_hw_generic( 1307): Hardware backing HAL too slow, could only write 0 of 661 frames
12-09 07:37:04.100 W/audio_hw_generic( 1307): Hardware backing HAL too slow, could only write 0 of 661 frames
12-09 07:37:04.116 W/audio_hw_generic( 1307): Hardware backing HAL too slow, could only write 0 of 661 frames
12-09 07:37:04.139 W/audio_hw_generic( 1307): Hardware backing HAL too slow, could only write 0 of 661 frames
12-09 07:37:04.154 W/audio_hw_generic( 1307): Hardware backing HAL too slow, could only write 0 of 661 frames
12-09 07:37:04.167 W/audio_hw_generic( 1307): Hardware backing HAL too slow, could only write 0 of 661 frames
12-09 07:37:04.186 W/audio_hw_generic( 1307): Hardware backing HAL too slow, could only write 0 of 661 frames
12-09 07:37:04.202 I/System.out( 3793): URI: //map
12-09 07:37:04.204 I/System.out( 3793): params: {json={"query":"android.widget.ListView index:0 android.widget.TextView index:0","operation":{"method_name":"query","arguments":[]}}
12-09 07:37:04.205 I/System.out( 3793): }
12-09 07:37:04.229 W/audio_hw_generic( 1307): Not supplying enough data to HAL, expected position 1105264 , only wrote 1105192
12-09 07:37:04.319 W/audio_hw_generic( 1307): Hardware backing HAL too slow, could only write 0 of 661 frames
12-09 07:37:04.335 W/audio_hw_generic( 1307): Hardware backing HAL too slow, could only write 0 of 661 frames
12-09 07:37:04.543 W/audio_hw_generic( 1307): Not supplying enough data to HAL, expected position 1119044 , only wrote 1118412
12-09 07:37:04.543 W/audio_hw_generic( 1307): Not supplying enough data to HAL, expected position 1118418 , only wrote 1118412
12-09 07:37:04.564 W/audio_hw_generic( 1307): Not supplying enough data to HAL, expected position 1119351 , only wrote 1119073
12-09 07:37:04.684 W/audio_hw_generic( 1307): Hardware backing HAL too slow, could only write 0 of 661 frames
12-09 07:37:04.765 I/System.out( 3793): URI: //gesture
12-09 07:37:04.765 I/System.out( 3793): params: {json={"query_timeout":5.0,"gestures":[{"query_string":"android.widget.ListView index:0 android.widget.TextView index:0","touches":[{"x":50,"y":50,"offset_x":0,"offset_y":0,"wait":0.0,"time":0.2,"release":true,"query_string":null}]}]}
12-09 07:37:04.765 I/System.out( 3793): }
12-09 07:37:04.769 W/audio_hw_generic( 1307): Not supplying enough data to HAL, expected position 1128081 , only wrote 1125683
12-09 07:37:04.769 W/audio_hw_generic( 1307): Not supplying enough data to HAL, expected position 1125689 , only wrote 1125683
12-09 07:37:04.784 W/audio_hw_generic( 1307): Not supplying enough data to HAL, expected position 1126365 , only wrote 1126344
12-09 07:37:04.784 W/audio_hw_generic( 1307): Hardware backing HAL too slow, could only write 0 of 661 frames
12-09 07:37:04.884 W/audio_hw_generic( 1307): Not supplying enough data to HAL, expected position 1130748 , only wrote 1128988
12-09 07:37:04.900 W/audio_hw_generic( 1307): Not supplying enough data to HAL, expected position 1129694 , only wrote 1128988
12-09 07:37:04.924 W/audio_hw_generic( 1307): Not supplying enough data to HAL, expected position 1130047 , only wrote 1129649
12-09 07:37:04.956 W/audio_hw_generic( 1307): Not supplying enough data to HAL, expected position 1131061 , only wrote 1130310
12-09 07:37:04.956 W/audio_hw_generic( 1307): Hardware backing HAL too slow, could only write 0 of 661 frames
12-09 07:37:04.978 W/audio_hw_generic( 1307): Not supplying enough data to HAL, expected position 1131288 , only wrote 1130971
12-09 07:37:04.978 W/audio_hw_generic( 1307): Hardware backing HAL too slow, could only write 0 of 661 frames
12-09 07:37:04.979 W/audio_hw_generic( 1307): Hardware backing HAL too slow, could only write 0 of 661 frames
12-09 07:37:05.000 W/audio_hw_generic( 1307): Hardware backing HAL too slow, could only write 0 of 661 frames
12-09 07:37:05.020 W/audio_hw_generic( 1307): Hardware backing HAL too slow, could only write 0 of 661 frames
12-09 07:37:05.093 W/audio_hw_generic( 1307): Hardware backing HAL too slow, could only write 0 of 661 frames
12-09 07:37:05.093 W/audio_hw_generic( 1307): Not supplying enough data to HAL, expected position 1136033 , only wrote 1134276
12-09 07:37:05.093 W/audio_hw_generic( 1307): Not supplying enough data to HAL, expected position 1134281 , only wrote 1134276
12-09 07:37:05.136 W/audio_hw_generic( 1307): Not supplying enough data to HAL, expected position 1136182 , only wrote 1134937
12-09 07:37:05.207 W/audio_hw_generic( 1307): Hardware backing HAL too slow, could only write 0 of 661 frames
12-09 07:37:05.475 I/ActivityManager( 1592): START u0 {cmp=com.evancharlton.mileage/.FillupInfoActivity (has extras)} from uid 10115 on display 0
12-09 07:37:05.486 W/audio_hw_generic( 1307): Hardware backing HAL too slow, could only write 0 of 661 frames
12-09 07:37:05.517 I/art     ( 3793): Background sticky concurrent mark sweep GC freed 58960(2MB) AllocSpace objects, 2(40KB) LOS objects, 37% free, 2MB/4MB, paused 1.235ms total 216.274ms
12-09 07:37:05.591 W/audio_hw_generic( 1307): Not supplying enough data to HAL, expected position 1154990 , only wrote 1153445
12-09 07:37:05.591 W/audio_hw_generic( 1307): Not supplying enough data to HAL, expected position 1153451 , only wrote 1153445
12-09 07:37:05.668 W/audio_hw_generic( 1307): Not supplying enough data to HAL, expected position 1156838 , only wrote 1154106
12-09 07:37:05.711 I/calabash( 3793): newActivity1
12-09 07:37:05.728 W/audio_hw_generic( 1307): Hardware backing HAL too slow, could only write 0 of 661 frames
12-09 07:37:05.744 W/audio_hw_generic( 1307): Hardware backing HAL too slow, could only write 0 of 661 frames
12-09 07:37:05.804 W/audio_hw_generic( 1307): Not supplying enough data to HAL, expected position 1160105 , only wrote 1160055
12-09 07:37:05.937 I/art     ( 3793): Background partial concurrent mark sweep GC freed 17967(1057KB) AllocSpace objects, 1(20KB) LOS objects, 39% free, 2MB/4MB, paused 7.660ms total 52.576ms
12-09 07:37:05.954 V/PhoneStatusBar( 1684): setLightsOn(true)
12-09 07:37:05.994 W/audio_hw_generic( 1307): Not supplying enough data to HAL, expected position 1168400 , only wrote 1167987
12-09 07:37:05.994 W/audio_hw_generic( 1307): Not supplying enough data to HAL, expected position 1167993 , only wrote 1167987
12-09 07:37:05.995 E/SurfaceFlinger( 1224): ro.sf.lcd_density must be defined as a build property
12-09 07:37:06.016 W/audio_hw_generic( 1307): Not supplying enough data to HAL, expected position 1168983 , only wrote 1168648
12-09 07:37:06.082 D/gralloc_ranchu( 1224): gralloc_alloc: Creating ashmem region of size 3686400
12-09 07:37:06.086 W/audio_hw_generic( 1307): Not supplying enough data to HAL, expected position 1171716 , only wrote 1171292
12-09 07:37:06.086 W/audio_hw_generic( 1307): Not supplying enough data to HAL, expected position 1171298 , only wrote 1171292
12-09 07:37:06.122 W/audio_hw_generic( 1307): Not supplying enough data to HAL, expected position 1172884 , only wrote 1171953
12-09 07:37:06.144 D/        ( 3889): HostConnection::get() New Host Connection established 0x7f6f8fd12480, tid 3889
12-09 07:37:06.163 E/EGL_emulation( 1224): tid 1224: eglCreateSyncKHR(1881): error 0x3004 (EGL_BAD_ATTRIBUTE)
12-09 07:37:06.215 W/audio_hw_generic( 1307): Not supplying enough data to HAL, expected position 1176054 , only wrote 1175919
12-09 07:37:06.215 W/audio_hw_generic( 1307): Not supplying enough data to HAL, expected position 1175925 , only wrote 1175919
12-09 07:37:06.223 W/art     ( 1592): Long monitor contention event with owner method=int com.android.server.wm.WindowManagerService.relayoutWindow(com.android.server.wm.Session, android.view.IWindow, int, android.view.WindowManager$LayoutParams, int, int, int, int, android.graphics.Rect, android.graphics.Rect, android.graphics.Rect, android.graphics.Rect, android.graphics.Rect, android.graphics.Rect, android.content.res.Configuration, android.view.Surface) from WindowManagerService.java:3103 waiters=0 for 282ms
12-09 07:37:06.241 W/audio_hw_generic( 1307): Not supplying enough data to HAL, expected position 1177047 , only wrote 1176580
12-09 07:37:06.245 D/gralloc_ranchu( 1224): gralloc_alloc: Creating ashmem region of size 3686400
12-09 07:37:06.284 W/audio_hw_generic( 1307): Not supplying enough data to HAL, expected position 1178487 , only wrote 1177902
12-09 07:37:06.320 W/audio_hw_generic( 1307): Not supplying enough data to HAL, expected position 1179497 , only wrote 1179224
12-09 07:37:06.621 W/audio_hw_generic( 1307): Not supplying enough data to HAL, expected position 1192460 , only wrote 1191122
12-09 07:37:06.621 W/audio_hw_generic( 1307): Not supplying enough data to HAL, expected position 1191129 , only wrote 1191122
12-09 07:37:06.644 W/audio_hw_generic( 1307): Not supplying enough data to HAL, expected position 1192163 , only wrote 1191783
12-09 07:37:06.781 W/audio_hw_generic( 1307): Not supplying enough data to HAL, expected position 1197789 , only wrote 1197732
12-09 07:37:06.781 W/audio_hw_generic( 1307): Not supplying enough data to HAL, expected position 1197739 , only wrote 1197732
12-09 07:37:06.801 W/audio_hw_generic( 1307): Not supplying enough data to HAL, expected position 1198635 , only wrote 1198393
12-09 07:37:06.893 W/art     ( 1592): Long monitor contention event with owner method=void com.android.server.wm.WindowAnimator$1.doFrame(long) from WindowAnimator.java:121 waiters=1 for 198ms
12-09 07:37:06.951 W/audio_hw_generic( 1307): Not supplying enough data to HAL, expected position 1204997 , only wrote 1204342
12-09 07:37:06.951 W/audio_hw_generic( 1307): Not supplying enough data to HAL, expected position 1204349 , only wrote 1204342
12-09 07:37:06.969 W/audio_hw_generic( 1307): Not supplying enough data to HAL, expected position 1205113 , only wrote 1205003
12-09 07:37:07.067 W/art     ( 1592): Long monitor contention event with owner method=void com.android.server.wm.WindowAnimator$1.doFrame(long) from WindowAnimator.java:121 waiters=1 for 297ms
12-09 07:37:07.129 I/System.out( 3793): URI: //map
12-09 07:37:07.129 I/System.out( 3793): params: {json={"query":"android.widget.Button index:1","operation":{"method_name":"query","arguments":[]}}
12-09 07:37:07.129 I/System.out( 3793): }
12-09 07:37:07.156 W/art     ( 1592): Long monitor contention event with owner method=void com.android.server.wm.WindowAnimator$1.doFrame(long) from WindowAnimator.java:121 waiters=1 for 262ms
12-09 07:37:07.326 W/audio_hw_generic( 1307): Not supplying enough data to HAL, expected position 1220762 , only wrote 1220206
12-09 07:37:07.326 W/audio_hw_generic( 1307): Not supplying enough data to HAL, expected position 1220212 , only wrote 1220206
12-09 07:37:07.411 W/audio_hw_generic( 1307): Not supplying enough data to HAL, expected position 1223967 , only wrote 1220867
12-09 07:37:07.421 W/art     ( 1592): Long monitor contention event with owner method=void com.android.server.wm.WindowAnimator$1.doFrame(long) from WindowAnimator.java:121 waiters=1 for 202ms
12-09 07:37:07.513 W/art     ( 1592): Long monitor contention event with owner method=void com.android.server.wm.WindowAnimator$1.doFrame(long) from WindowAnimator.java:121 waiters=1 for 188ms
12-09 07:37:07.536 W/audio_hw_generic( 1307): Not supplying enough data to HAL, expected position 1226349 , only wrote 1225494
12-09 07:37:07.536 W/audio_hw_generic( 1307): Not supplying enough data to HAL, expected position 1225500 , only wrote 1225494
12-09 07:37:07.802 W/art     ( 1592): Long monitor contention event with owner method=void com.android.server.wm.WindowAnimator$1.doFrame(long) from WindowAnimator.java:121 waiters=1 for 190ms
12-09 07:37:07.817 W/audio_hw_generic( 1307): Not supplying enough data to HAL, expected position 1237893 , only wrote 1236070
12-09 07:37:07.817 W/audio_hw_generic( 1307): Not supplying enough data to HAL, expected position 1236076 , only wrote 1236070
12-09 07:37:07.840 W/audio_hw_generic( 1307): Not supplying enough data to HAL, expected position 1237098 , only wrote 1236731
12-09 07:37:07.957 W/audio_hw_generic( 1307): Not supplying enough data to HAL, expected position 1241863 , only wrote 1240697
12-09 07:37:07.957 W/audio_hw_generic( 1307): Not supplying enough data to HAL, expected position 1240705 , only wrote 1240697
12-09 07:37:07.999 W/audio_hw_generic( 1307): Not supplying enough data to HAL, expected position 1242527 , only wrote 1241358
12-09 07:37:08.064 W/art     ( 1592): Long monitor contention event with owner method=void com.android.server.wm.WindowAnimator$1.doFrame(long) from WindowAnimator.java:121 waiters=1 for 200ms
12-09 07:37:08.075 W/audio_hw_generic( 1307): Not supplying enough data to HAL, expected position 1244732 , only wrote 1244663
12-09 07:37:08.170 W/audio_hw_generic( 1307): Not supplying enough data to HAL, expected position 1248863 , only wrote 1247307
12-09 07:37:08.170 W/audio_hw_generic( 1307): Not supplying enough data to HAL, expected position 1247313 , only wrote 1247307
12-09 07:37:08.244 W/audio_hw_generic( 1307): Not supplying enough data to HAL, expected position 1250561 , only wrote 1247968
12-09 07:37:08.249 W/art     ( 1592): Long monitor contention event with owner method=void com.android.server.wm.WindowAnimator$1.doFrame(long) from WindowAnimator.java:121 waiters=1 for 176ms
12-09 07:37:08.302 W/art     ( 1592): Long monitor contention event with owner method=void com.android.server.wm.WindowAnimator$1.doFrame(long) from WindowAnimator.java:121 waiters=1 for 145ms
12-09 07:37:08.408 W/audio_hw_generic( 1307): Not supplying enough data to HAL, expected position 1255193 , only wrote 1252595
12-09 07:37:08.408 W/audio_hw_generic( 1307): Not supplying enough data to HAL, expected position 1252602 , only wrote 1252595
12-09 07:37:08.441 W/audio_hw_generic( 1307): Not supplying enough data to HAL, expected position 1254026 , only wrote 1253917
12-09 07:37:08.474 W/audio_hw_generic( 1307): Hardware backing HAL too slow, could only write 0 of 661 frames
12-09 07:37:08.537 W/art     ( 1592): Long monitor contention event with owner method=void com.android.server.wm.WindowAnimator$1.doFrame(long) from WindowAnimator.java:121 waiters=1 for 287ms
12-09 07:37:08.540 W/audio_hw_generic( 1307): Not supplying enough data to HAL, expected position 1258307 , only wrote 1257222
12-09 07:37:08.540 W/audio_hw_generic( 1307): Not supplying enough data to HAL, expected position 1257228 , only wrote 1257222
12-09 07:37:08.541 W/art     ( 1592): Long monitor contention event with owner method=java.util.List com.android.server.am.ActivityManagerService.getAllStackInfos() from ActivityManagerService.java:8937 waiters=0 for 1.353s
12-09 07:37:08.576 D/gralloc_ranchu( 1224): gralloc_alloc: Creating ashmem region of size 3686400
12-09 07:37:08.665 W/audio_hw_generic( 1307): Not supplying enough data to HAL, expected position 1266377 , only wrote 1261849
12-09 07:37:08.848 I/ActivityManager( 1592): Displayed com.evancharlton.mileage/.FillupInfoActivity: +3s173ms
12-09 07:37:09.162 I/art     ( 3793): Background sticky concurrent mark sweep GC freed 44075(2009KB) AllocSpace objects, 1(20KB) LOS objects, 36% free, 2MB/4MB, paused 1.359ms total 102.866ms
12-09 07:37:09.177 I/System.out( 3793): URI: //gesture
12-09 07:37:09.177 I/System.out( 3793): params: {json={"query_timeout":5.0,"gestures":[{"query_string":"android.widget.Button index:1","touches":[{"x":50,"y":50,"offset_x":0,"offset_y":0,"wait":0.0,"time":0.2,"release":true,"query_string":null}]}]}
12-09 07:37:09.177 I/System.out( 3793): }
12-09 07:37:09.807 I/ActivityManager( 1592): START u0 {cmp=com.evancharlton.mileage/.FillupInfoActivity (has extras)} from uid 10115 on display 0
12-09 07:37:09.923 D/AudioFlinger( 1307): mixer(0xf4340000) throttle end: throttle time(11)
12-09 07:37:09.936 W/audio_hw_generic( 1307): Hardware backing HAL too slow, could only write 0 of 661 frames
12-09 07:37:09.952 W/audio_hw_generic( 1307): Hardware backing HAL too slow, could only write 0 of 661 frames
12-09 07:37:09.968 W/audio_hw_generic( 1307): Hardware backing HAL too slow, could only write 0 of 661 frames
12-09 07:37:09.985 W/audio_hw_generic( 1307): Hardware backing HAL too slow, could only write 0 of 661 frames
12-09 07:37:10.008 W/audio_hw_generic( 1307): Hardware backing HAL too slow, could only write 0 of 661 frames
12-09 07:37:10.063 I/art     ( 3793): Background sticky concurrent mark sweep GC freed 43985(2007KB) AllocSpace objects, 3(60KB) LOS objects, 35% free, 2MB/4MB, paused 21.631ms total 151.915ms
12-09 07:37:10.075 I/calabash( 3793): newActivity1
12-09 07:37:10.225 W/audio_hw_generic( 1307): Not supplying enough data to HAL, expected position 1276600 , only wrote 1276391
12-09 07:37:10.225 W/audio_hw_generic( 1307): Not supplying enough data to HAL, expected position 1276398 , only wrote 1276391
12-09 07:37:10.241 W/audio_hw_generic( 1307): Not supplying enough data to HAL, expected position 1277093 , only wrote 1277052
12-09 07:37:10.241 W/audio_hw_generic( 1307): Hardware backing HAL too slow, could only write 0 of 661 frames
12-09 07:37:10.241 W/audio_hw_generic( 1307): Hardware backing HAL too slow, could only write 0 of 661 frames
12-09 07:37:10.271 W/audio_hw_generic( 1307): Hardware backing HAL too slow, could only write 0 of 661 frames
12-09 07:37:10.286 W/audio_hw_generic( 1307): Hardware backing HAL too slow, could only write 0 of 661 frames
12-09 07:37:10.290 V/PhoneStatusBar( 1684): setLightsOn(true)
12-09 07:37:10.349 W/audio_hw_generic( 1307): Hardware backing HAL too slow, could only write 0 of 661 frames
12-09 07:37:10.349 W/audio_hw_generic( 1307): Not supplying enough data to HAL, expected position 1281810 , only wrote 1281018
12-09 07:37:10.349 W/audio_hw_generic( 1307): Not supplying enough data to HAL, expected position 1281023 , only wrote 1281018
12-09 07:37:10.349 W/audio_hw_generic( 1307): Hardware backing HAL too slow, could only write 0 of 661 frames
12-09 07:37:10.363 W/audio_hw_generic( 1307): Hardware backing HAL too slow, could only write 0 of 661 frames
12-09 07:37:10.363 W/audio_hw_generic( 1307): Hardware backing HAL too slow, could only write 0 of 661 frames
12-09 07:37:10.366 D/gralloc_ranchu( 1224): gralloc_alloc: Creating ashmem region of size 3686400
12-09 07:37:10.389 W/audio_hw_generic( 1307): Hardware backing HAL too slow, could only write 0 of 661 frames
12-09 07:37:10.589 E/SurfaceFlinger( 1224): ro.sf.lcd_density must be defined as a build property
12-09 07:37:10.607 D/gralloc_ranchu( 1224): gralloc_alloc: Creating ashmem region of size 3686400
12-09 07:37:10.678 W/audio_hw_generic( 1307): Not supplying enough data to HAL, expected position 1295554 , only wrote 1294238
12-09 07:37:10.683 W/audio_hw_generic( 1307): Not supplying enough data to HAL, expected position 1294445 , only wrote 1294238
12-09 07:37:10.704 W/audio_hw_generic( 1307): Not supplying enough data to HAL, expected position 1295147 , only wrote 1294899
12-09 07:37:10.709 D/        ( 3895): HostConnection::get() New Host Connection established 0x7f7a444d2480, tid 3895
12-09 07:37:10.735 W/audio_hw_generic( 1307): Not supplying enough data to HAL, expected position 1296264 , only wrote 1296221
12-09 07:37:10.735 W/audio_hw_generic( 1307): Hardware backing HAL too slow, could only write 0 of 661 frames
12-09 07:37:10.770 E/EGL_emulation( 1224): tid 1224: eglCreateSyncKHR(1881): error 0x3004 (EGL_BAD_ATTRIBUTE)
12-09 07:37:10.848 W/audio_hw_generic( 1307): Not supplying enough data to HAL, expected position 1301215 , only wrote 1300187
12-09 07:37:10.853 W/audio_hw_generic( 1307): Not supplying enough data to HAL, expected position 1300401 , only wrote 1300187
12-09 07:37:10.868 W/audio_hw_generic( 1307): Not supplying enough data to HAL, expected position 1300872 , only wrote 1300848
12-09 07:37:10.898 W/art     ( 1592): Long monitor contention event with owner method=void com.android.server.wm.WindowAnimator$1.doFrame(long) from WindowAnimator.java:121 waiters=0 for 292ms
12-09 07:37:10.904 W/audio_hw_generic( 1307): Hardware backing HAL too slow, could only write 0 of 661 frames
12-09 07:37:10.995 W/audio_hw_generic( 1307): Not supplying enough data to HAL, expected position 1306443 , only wrote 1304814
12-09 07:37:10.995 W/audio_hw_generic( 1307): Not supplying enough data to HAL, expected position 1304820 , only wrote 1304814
12-09 07:37:11.062 W/audio_hw_generic( 1307): Not supplying enough data to HAL, expected position 1307733 , only wrote 1305475
12-09 07:37:11.119 W/audio_hw_generic( 1307): Hardware backing HAL too slow, could only write 0 of 661 frames
12-09 07:37:11.254 W/audio_hw_generic( 1307): Not supplying enough data to HAL, expected position 1313963 , only wrote 1313407
12-09 07:37:11.254 W/audio_hw_generic( 1307): Not supplying enough data to HAL, expected position 1313413 , only wrote 1313407
12-09 07:37:11.275 W/audio_hw_generic( 1307): Not supplying enough data to HAL, expected position 1314308 , only wrote 1314068
12-09 07:37:11.309 W/audio_hw_generic( 1307): Not supplying enough data to HAL, expected position 1315582 , only wrote 1315390
12-09 07:37:11.460 W/audio_hw_generic( 1307): Not supplying enough data to HAL, expected position 1322045 , only wrote 1322000
12-09 07:37:11.460 W/audio_hw_generic( 1307): Not supplying enough data to HAL, expected position 1322008 , only wrote 1322000
12-09 07:37:11.481 W/audio_hw_generic( 1307): Not supplying enough data to HAL, expected position 1322902 , only wrote 1322661
12-09 07:37:11.496 W/art     ( 1592): Long monitor contention event with owner method=void com.android.server.wm.WindowAnimator$1.doFrame(long) from WindowAnimator.java:121 waiters=1 for 234ms
12-09 07:37:11.497 W/art     ( 1592): Long monitor contention event with owner method=java.util.List com.android.server.am.ActivityManagerService.getAllStackInfos() from ActivityManagerService.java:8937 waiters=0 for 377ms
12-09 07:37:11.726 W/audio_hw_generic( 1307): Not supplying enough data to HAL, expected position 1333483 , only wrote 1327288
12-09 07:37:11.726 W/audio_hw_generic( 1307): Not supplying enough data to HAL, expected position 1327296 , only wrote 1327288
12-09 07:37:11.730 W/art     ( 1592): Long monitor contention event with owner method=void com.android.server.wm.WindowAnimator$1.doFrame(long) from WindowAnimator.java:121 waiters=0 for 233ms
12-09 07:37:11.796 W/audio_hw_generic( 1307): Not supplying enough data to HAL, expected position 1330374 , only wrote 1327949
12-09 07:37:11.856 W/audio_hw_generic( 1307): Not supplying enough data to HAL, expected position 1330602 , only wrote 1330593
12-09 07:37:11.857 W/audio_hw_generic( 1307): Not supplying enough data to HAL, expected position 1330599 , only wrote 1330593
12-09 07:37:11.857 W/audio_hw_generic( 1307): Hardware backing HAL too slow, could only write 0 of 661 frames
12-09 07:37:11.873 W/audio_hw_generic( 1307): Not supplying enough data to HAL, expected position 1331303 , only wrote 1331254
12-09 07:37:11.899 I/System.out( 3793): URI: //map
12-09 07:37:11.899 I/System.out( 3793): params: {json={"query":"android.widget.Button index:0","operation":{"method_name":"query","arguments":[]}}
12-09 07:37:11.900 I/System.out( 3793): }
12-09 07:37:12.009 W/audio_hw_generic( 1307): Not supplying enough data to HAL, expected position 1337272 , only wrote 1335881
12-09 07:37:12.009 W/audio_hw_generic( 1307): Not supplying enough data to HAL, expected position 1335888 , only wrote 1335881
12-09 07:37:12.050 W/audio_hw_generic( 1307): Not supplying enough data to HAL, expected position 1337688 , only wrote 1336542
12-09 07:37:12.083 D/gralloc_ranchu( 1224): gralloc_alloc: Creating ashmem region of size 3686400
12-09 07:37:12.307 W/audio_hw_generic( 1307): Not supplying enough data to HAL, expected position 1347859 , only wrote 1347779
12-09 07:37:12.369 W/audio_hw_generic( 1307): Not supplying enough data to HAL, expected position 1350529 , only wrote 1350423
12-09 07:37:12.369 W/audio_hw_generic( 1307): Not supplying enough data to HAL, expected position 1350429 , only wrote 1350423
12-09 07:37:12.371 I/ActivityManager( 1592): Displayed com.evancharlton.mileage/.FillupInfoActivity: +2s303ms
12-09 07:37:12.390 W/audio_hw_generic( 1307): Not supplying enough data to HAL, expected position 1351313 , only wrote 1351084
12-09 07:37:12.509 W/art     ( 1592): Long monitor contention event with owner method=void com.android.server.wm.WindowAnimator$1.doFrame(long) from WindowAnimator.java:121 waiters=0 for 137ms
12-09 07:37:12.512 W/audio_hw_generic( 1307): Not supplying enough data to HAL, expected position 1356483 , only wrote 1354389
12-09 07:37:12.512 W/audio_hw_generic( 1307): Not supplying enough data to HAL, expected position 1354397 , only wrote 1354389
12-09 07:37:12.528 W/audio_hw_generic( 1307): Not supplying enough data to HAL, expected position 1355105 , only wrote 1355050
12-09 07:37:12.640 W/audio_hw_generic( 1307): Not supplying enough data to HAL, expected position 1359987 , only wrote 1359677
12-09 07:37:12.738 D/gralloc_ranchu( 1224): gralloc_alloc: Creating ashmem region of size 3686400
12-09 07:37:12.840 W/audio_hw_generic( 1307): Not supplying enough data to HAL, expected position 1368494 , only wrote 1368270
12-09 07:37:12.861 I/System.out( 3793): URI: //gesture
12-09 07:37:12.861 I/System.out( 3793): params: {json={"query_timeout":5.0,"gestures":[{"query_string":"android.widget.Button index:0","touches":[{"x":50,"y":50,"offset_x":0,"offset_y":0,"wait":0.0,"time":0.2,"release":true,"query_string":null}]}]}
12-09 07:37:12.861 I/System.out( 3793): }
12-09 07:37:12.896 W/audio_hw_generic( 1307): Hardware backing HAL too slow, could only write 0 of 661 frames
12-09 07:37:12.906 I/art     ( 3793): Background partial concurrent mark sweep GC freed 49506(2MB) AllocSpace objects, 4(80KB) LOS objects, 39% free, 3MB/5MB, paused 1.067ms total 342.250ms
12-09 07:37:12.910 W/audio_hw_generic( 1307): Hardware backing HAL too slow, could only write 0 of 661 frames
