12-09 07:51:22.962 W/art     ( 1591): Long monitor contention event with owner method=void com.android.server.wm.WindowAnimator$1.doFrame(long) from WindowAnimator.java:121 waiters=1 for 196ms
12-09 07:51:23.043 W/audio_hw_generic( 1307): Not supplying enough data to HAL, expected position 11691877 , only wrote 11691107
12-09 07:51:23.043 W/audio_hw_generic( 1307): Not supplying enough data to HAL, expected position 11691113 , only wrote 11691107
12-09 07:51:23.063 W/audio_hw_generic( 1307): Not supplying enough data to HAL, expected position 11691979 , only wrote 11691768
12-09 07:51:23.081 W/audio_hw_generic( 1307): Hardware backing HAL too slow, could only write 0 of 661 frames
12-09 07:51:23.084 E/memtrack( 7738): Couldn't load memtrack module (No such file or directory)
12-09 07:51:23.084 E/android.os.Debug( 7738): failed to load memtrack module: -2
12-09 07:51:23.085 I/Radio-JNI( 7738): register_android_hardware_Radio DONE
12-09 07:51:23.122 W/audio_hw_generic( 1307): Hardware backing HAL too slow, could only write 0 of 661 frames
12-09 07:51:23.141 D/AndroidRuntime( 7738): Calling main entry com.android.commands.input.Input
12-09 07:51:23.142 I/Input   ( 7738): injectKeyEvent: KeyEvent { action=ACTION_DOWN, keyCode=KEYCODE_BACK, scanCode=0, metaState=0, flags=0x0, repeatCount=0, eventTime=3297249, downTime=3297249, deviceId=-1, source=0x101 }
12-09 07:51:23.163 W/art     ( 1591): Long monitor contention event with owner method=java.util.List com.android.server.am.ActivityManagerService.getAllStackInfos() from ActivityManagerService.java:8937 waiters=0 for 1.100s
12-09 07:51:23.295 D/gralloc_ranchu( 1218): gralloc_alloc: Creating ashmem region of size 3686400
12-09 07:51:23.297 W/audio_hw_generic( 1307): Not supplying enough data to HAL, expected position 11702066 , only wrote 11697717
12-09 07:51:23.297 W/audio_hw_generic( 1307): Not supplying enough data to HAL, expected position 11697723 , only wrote 11697717
12-09 07:51:23.348 W/audio_hw_generic( 1307): Not supplying enough data to HAL, expected position 11699972 , only wrote 11698378
12-09 07:51:23.390 W/audio_hw_generic( 1307): Not supplying enough data to HAL, expected position 11701283 , only wrote 11699700
12-09 07:51:23.398 I/ActivityManager( 1591): Displayed com.evancharlton.mileage/.FillupInfoActivity: +2s935ms
12-09 07:51:23.515 I/Input   ( 7738): injectKeyEvent: KeyEvent { action=ACTION_UP, keyCode=KEYCODE_BACK, scanCode=0, metaState=0, flags=0x0, repeatCount=0, eventTime=3297249, downTime=3297249, deviceId=-1, source=0x101 }
12-09 07:51:24.171 D/AndroidRuntime( 7738): Shutting down VM
12-09 07:51:24.308 W/ActivityManager( 1591): Bad activity token: android.os.BinderProxy@f482005
12-09 07:51:24.308 W/ActivityManager( 1591): java.lang.ClassCastException: android.os.BinderProxy cannot be cast to com.android.server.am.ActivityRecord$Token
12-09 07:51:24.308 W/ActivityManager( 1591): 	at com.android.server.am.ActivityRecord.forTokenLocked(ActivityRecord.java:424)
12-09 07:51:24.308 W/ActivityManager( 1591): 	at com.android.server.am.ActivityRecord.isInStackLocked(ActivityRecord.java:1121)
12-09 07:51:24.308 W/ActivityManager( 1591): 	at com.android.server.am.ActivityManagerService.getActivityOptions(ActivityManagerService.java:11038)
12-09 07:51:24.308 W/ActivityManager( 1591): 	at android.app.ActivityManagerNative.onTransact(ActivityManagerNative.java:1734)
12-09 07:51:24.308 W/ActivityManager( 1591): 	at com.android.server.am.ActivityManagerService.onTransact(ActivityManagerService.java:2443)
12-09 07:51:24.308 W/ActivityManager( 1591): 	at android.os.Binder.execTransact(Binder.java:453)
12-09 07:51:24.444 V/PhoneStatusBar( 1689): setLightsOn(true)
12-09 07:51:24.456 D/gralloc_ranchu( 1218): gralloc_alloc: Creating ashmem region of size 3686400
12-09 07:51:24.520 I/System.out( 7627): URI: //gesture
12-09 07:51:24.520 I/System.out( 7627): params: {json={"query_timeout":5.0,"gestures":[{"query_string":"android.widget.TabWidget descendant TextView index:2","touches":[{"x":50,"y":50,"offset_x":0,"offset_y":0,"wait":0.0,"time":0.2,"release":true,"query_string":null}]}]}
12-09 07:51:24.520 I/System.out( 7627): }
12-09 07:51:24.660 W/art     ( 1591): Long monitor contention event with owner method=void com.android.server.wm.WindowAnimator$1.doFrame(long) from WindowAnimator.java:121 waiters=0 for 101ms
12-09 07:51:24.957 D/gralloc_ranchu( 1218): gralloc_alloc: Creating ashmem region of size 3686400
12-09 07:51:25.262 D/gralloc_ranchu( 1218): gralloc_alloc: Creating ashmem region of size 3686400
12-09 07:51:25.807 W/art     ( 7627): Suspending all threads took: 17.793ms
12-09 07:51:25.924 I/calabash( 7627): newActivity1
12-09 07:51:25.925 W/ActivityManager( 1591): Bad activity token: android.os.BinderProxy@332e9c2
12-09 07:51:25.925 W/ActivityManager( 1591): java.lang.ClassCastException: android.os.BinderProxy cannot be cast to com.android.server.am.ActivityRecord$Token
12-09 07:51:25.925 W/ActivityManager( 1591): 	at com.android.server.am.ActivityRecord.forTokenLocked(ActivityRecord.java:424)
12-09 07:51:25.925 W/ActivityManager( 1591): 	at com.android.server.am.ActivityRecord.isInStackLocked(ActivityRecord.java:1121)
12-09 07:51:25.925 W/ActivityManager( 1591): 	at com.android.server.am.ActivityRecord.getStackLocked(ActivityRecord.java:1126)
12-09 07:51:25.925 W/ActivityManager( 1591): 	at com.android.server.am.ActivityManagerService.getActivityDisplayId(ActivityManagerService.java:8889)
12-09 07:51:25.925 W/ActivityManager( 1591): 	at android.app.ActivityManagerNative.onTransact(ActivityManagerNative.java:2338)
12-09 07:51:25.925 W/ActivityManager( 1591): 	at com.android.server.am.ActivityManagerService.onTransact(ActivityManagerService.java:2443)
12-09 07:51:25.925 W/ActivityManager( 1591): 	at android.os.Binder.execTransact(Binder.java:453)
12-09 07:51:25.933 I/art     ( 7627): Background sticky concurrent mark sweep GC freed 48793(2MB) AllocSpace objects, 2(40KB) LOS objects, 32% free, 3MB/4MB, paused 70.586ms total 203.211ms
12-09 07:51:25.939 W/ActivityManager( 1591): Bad activity token: android.os.BinderProxy@332e9c2
12-09 07:51:25.939 W/ActivityManager( 1591): java.lang.ClassCastException: android.os.BinderProxy cannot be cast to com.android.server.am.ActivityRecord$Token
12-09 07:51:25.939 W/ActivityManager( 1591): 	at com.android.server.am.ActivityRecord.forTokenLocked(ActivityRecord.java:424)
12-09 07:51:25.939 W/ActivityManager( 1591): 	at com.android.server.am.ActivityRecord.isInStackLocked(ActivityRecord.java:1121)
12-09 07:51:25.939 W/ActivityManager( 1591): 	at com.android.server.am.ActivityManagerService.setTaskDescription(ActivityManagerService.java:8547)
12-09 07:51:25.939 W/ActivityManager( 1591): 	at android.app.ActivityManagerNative.onTransact(ActivityManagerNative.java:2410)
12-09 07:51:25.939 W/ActivityManager( 1591): 	at com.android.server.am.ActivityManagerService.onTransact(ActivityManagerService.java:2443)
12-09 07:51:25.939 W/ActivityManager( 1591): 	at android.os.Binder.execTransact(Binder.java:453)
12-09 07:51:25.976 D/VehicleStatisticsActivity( 7627): Checking recalculation ...
12-09 07:51:25.977 D/VehicleStatisticsActivity( 7627): Recalculating statistics
12-09 07:51:25.977 D/VehicleStatisticsTask( 7627): Calculation starting...
12-09 07:51:25.977 D/VehicleStatisticsActivity( 7627): Recalculation started!
12-09 07:51:25.995 W/audio_hw_generic( 1307): Hardware backing HAL too slow, could only write 0 of 661 frames
12-09 07:51:25.996 W/ActivityManager( 1591): Bad activity token: android.os.BinderProxy@332e9c2
12-09 07:51:25.996 W/ActivityManager( 1591): java.lang.ClassCastException: android.os.BinderProxy cannot be cast to com.android.server.am.ActivityRecord$Token
12-09 07:51:25.996 W/ActivityManager( 1591): 	at com.android.server.am.ActivityRecord.forTokenLocked(ActivityRecord.java:424)
12-09 07:51:25.996 W/ActivityManager( 1591): 	at com.android.server.am.ActivityRecord.isInStackLocked(ActivityRecord.java:1121)
12-09 07:51:25.996 W/ActivityManager( 1591): 	at com.android.server.am.ActivityManagerService.getActivityOptions(ActivityManagerService.java:11038)
12-09 07:51:25.996 W/ActivityManager( 1591): 	at android.app.ActivityManagerNative.onTransact(ActivityManagerNative.java:1734)
12-09 07:51:25.996 W/ActivityManager( 1591): 	at com.android.server.am.ActivityManagerService.onTransact(ActivityManagerService.java:2443)
12-09 07:51:25.996 W/ActivityManager( 1591): 	at android.os.Binder.execTransact(Binder.java:453)
12-09 07:51:25.997 W/ActivityManager( 1591): Bad activity token: android.os.BinderProxy@332e9c2
12-09 07:51:25.997 W/ActivityManager( 1591): java.lang.ClassCastException: android.os.BinderProxy cannot be cast to com.android.server.am.ActivityRecord$Token
12-09 07:51:25.997 W/ActivityManager( 1591): 	at com.android.server.am.ActivityRecord.forTokenLocked(ActivityRecord.java:424)
12-09 07:51:25.997 W/ActivityManager( 1591): 	at com.android.server.am.ActivityRecord.isInStackLocked(ActivityRecord.java:1121)
12-09 07:51:25.997 W/ActivityManager( 1591): 	at com.android.server.am.ActivityManagerService.getActivityOptions(ActivityManagerService.java:11038)
12-09 07:51:25.997 W/ActivityManager( 1591): 	at android.app.ActivityManagerNative.onTransact(ActivityManagerNative.java:1734)
12-09 07:51:25.997 W/ActivityManager( 1591): 	at com.android.server.am.ActivityManagerService.onTransact(ActivityManagerService.java:2443)
12-09 07:51:25.997 W/ActivityManager( 1591): 	at android.os.Binder.execTransact(Binder.java:453)
12-09 07:51:26.015 D/VehicleStatisticsActivity( 7627): Checking recalculation ...
12-09 07:51:26.023 W/audio_hw_generic( 1307): Hardware backing HAL too slow, could only write 0 of 661 frames
12-09 07:51:26.026 D/CalculateTask( 7627): Recalculating...
12-09 07:51:26.043 W/audio_hw_generic( 1307): Hardware backing HAL too slow, could only write 0 of 661 frames
12-09 07:51:26.047 D/VehicleStatisticsActivity( 7627): Recalculating statistics
12-09 07:51:26.047 D/VehicleStatisticsTask( 7627): Calculation starting...
12-09 07:51:26.047 D/VehicleStatisticsActivity( 7627): Recalculation started!
12-09 07:51:26.053 W/audio_hw_generic( 1307): Hardware backing HAL too slow, could only write 0 of 661 frames
12-09 07:51:26.072 W/audio_hw_generic( 1307): Hardware backing HAL too slow, could only write 0 of 661 frames
12-09 07:51:26.238 W/audio_hw_generic( 1307): Not supplying enough data to HAL, expected position 11712399 , only wrote 11712259
12-09 07:51:26.263 W/art     ( 7627): Long monitor contention event with owner method=void java.lang.StringBuffer.<init>() from StringBuffer.java:59 waiters=0 for 104ms
12-09 07:51:26.268 D/CalculateTask( 7627): Recalculating...
12-09 07:51:26.296 D/VehicleStatisticsTask( 7627): Done recalculating!
12-09 07:51:26.300 D/VehicleStatisticsTask( 7627): Done recalculating!
12-09 07:51:26.325 E/SurfaceFlinger( 1218): ro.sf.lcd_density must be defined as a build property
12-09 07:51:26.405 W/audio_hw_generic( 1307): Not supplying enough data to HAL, expected position 11719622 , only wrote 11719530
12-09 07:51:26.405 W/audio_hw_generic( 1307): Not supplying enough data to HAL, expected position 11719537 , only wrote 11719530
12-09 07:51:26.406 D/VehicleStatisticsAdapter( 7627): Erasing the cache ...
12-09 07:51:26.407 D/VehicleStatisticsAdapter( 7627): Erasing the cache ...
12-09 07:51:26.417 D/Mileage.ABS( 7627): Finished backup
12-09 07:51:26.420 W/audio_hw_generic( 1307): Hardware backing HAL too slow, could only write 0 of 661 frames
12-09 07:51:26.421 D/gralloc_ranchu( 1218): gralloc_alloc: Creating ashmem region of size 3686400
12-09 07:51:26.440 D/VehicleStatisticsAdapter( 7627): Building new values ...
12-09 07:51:26.441 D/VehicleStatisticsAdapter( 7627): Writing 29 records to the database ...
12-09 07:51:26.441 D/Mileage.ABS( 7627): Not backing up; 114
12-09 07:51:26.442 D/VehicleStatisticsAdapter( 7627): Building new values ...
12-09 07:51:26.442 D/VehicleStatisticsAdapter( 7627): Writing 29 records to the database ...
12-09 07:51:26.460 W/audio_hw_generic( 1307): Hardware backing HAL too slow, could only write 0 of 661 frames
12-09 07:51:26.471 W/audio_hw_generic( 1307): Hardware backing HAL too slow, could only write 0 of 661 frames
12-09 07:51:26.488 W/audio_hw_generic( 1307): Hardware backing HAL too slow, could only write 0 of 661 frames
12-09 07:51:26.490 D/        ( 7749): HostConnection::get() New Host Connection established 0x7f0554c52480, tid 7749
12-09 07:51:26.513 D/Mileage.ABS( 7627): Not backing up; 186
12-09 07:51:26.515 E/EGL_emulation( 1218): tid 1218: eglCreateSyncKHR(1881): error 0x3004 (EGL_BAD_ATTRIBUTE)
12-09 07:51:26.520 D/Mileage.ABS( 7627): Not backing up; 193
12-09 07:51:26.722 D/Mileage.ABS( 7627): Not backing up; 395
12-09 07:51:26.742 D/Mileage.ABS( 7627): Not backing up; 415
12-09 07:51:26.742 D/Mileage.ABS( 7627): Not backing up; 415
12-09 07:51:26.742 D/Mileage.ABS( 7627): Not backing up; 415
12-09 07:51:26.742 D/Mileage.ABS( 7627): Not backing up; 415
12-09 07:51:26.807 D/Mileage.ABS( 7627): Not backing up; 480
12-09 07:51:26.855 D/Mileage.ABS( 7627): Not backing up; 528
12-09 07:51:26.928 D/Mileage.ABS( 7627): Not backing up; 601
12-09 07:51:26.929 D/Mileage.ABS( 7627): Not backing up; 602
12-09 07:51:27.015 W/audio_hw_generic( 1307): Not supplying enough data to HAL, expected position 11746401 , only wrote 11743987
12-09 07:51:27.053 D/Mileage.ABS( 7627): Not backing up; 726
12-09 07:51:27.147 D/Mileage.ABS( 7627): Not backing up; 820
12-09 07:51:27.217 W/audio_hw_generic( 1307): Hardware backing HAL too slow, could only write 0 of 661 frames
12-09 07:51:27.227 W/audio_hw_generic( 1307): Hardware backing HAL too slow, could only write 0 of 661 frames
12-09 07:51:27.242 W/audio_hw_generic( 1307): Hardware backing HAL too slow, could only write 0 of 661 frames
12-09 07:51:27.256 I/System.out( 7627): URI: //map
12-09 07:51:27.256 I/System.out( 7627): params: {json={"query":"* {text CONTAINS[c] 'Average fuel economy'}","operation":{"method_name":"query","arguments":[]}}
12-09 07:51:27.256 I/System.out( 7627): }
12-09 07:51:27.335 W/audio_hw_generic( 1307): Not supplying enough data to HAL, expected position 11758111 , only wrote 11757868
12-09 07:51:27.554 I/art     ( 7627): Background partial concurrent mark sweep GC freed 23371(1215KB) AllocSpace objects, 5(104KB) LOS objects, 40% free, 3MB/5MB, paused 1.069ms total 226.805ms
12-09 07:51:27.686 D/Mileage.ABS( 7627): Finished backup
12-09 07:51:27.695 D/Mileage.ABS( 7627): Not backing up; 72
12-09 07:51:27.755 D/Mileage.ABS( 7627): Not backing up; 132
12-09 07:51:27.819 D/Mileage.ABS( 7627): Not backing up; 196
12-09 07:51:27.820 D/Mileage.ABS( 7627): Not backing up; 196
12-09 07:51:27.820 D/Mileage.ABS( 7627): Not backing up; 197
12-09 07:51:27.820 D/Mileage.ABS( 7627): Not backing up; 197
12-09 07:51:27.820 D/Mileage.ABS( 7627): Not backing up; 197
12-09 07:51:27.820 D/Mileage.ABS( 7627): Not backing up; 197
12-09 07:51:27.820 D/Mileage.ABS( 7627): Not backing up; 197
12-09 07:51:27.873 D/Mileage.ABS( 7627): Not backing up; 250
12-09 07:51:27.873 D/Mileage.ABS( 7627): Not backing up; 250
12-09 07:51:27.991 D/Mileage.ABS( 7627): Not backing up; 368
12-09 07:51:27.991 D/Mileage.ABS( 7627): Not backing up; 368
12-09 07:51:27.992 D/Mileage.ABS( 7627): Not backing up; 369
12-09 07:51:27.993 D/Mileage.ABS( 7627): Not backing up; 370
12-09 07:51:27.994 D/Mileage.ABS( 7627): Not backing up; 371
12-09 07:51:28.001 D/Mileage.ABS( 7627): Not backing up; 378
12-09 07:51:28.004 D/Mileage.ABS( 7627): Not backing up; 381
12-09 07:51:28.055 I/System.out( 7627): URI: //gesture
12-09 07:51:28.055 I/System.out( 7627): params: {json={"query_timeout":5.0,"gestures":[{"query_string":"* {text CONTAINS[c] 'Average fuel economy'}","touches":[{"x":50,"y":50,"offset_x":0,"offset_y":0,"wait":0.0,"time":0.2,"release":true,"query_string":null}]}]}
12-09 07:51:28.055 I/System.out( 7627): }
12-09 07:51:28.274 I/art     ( 7627): Background sticky concurrent mark sweep GC freed 48896(2MB) AllocSpace objects, 2(40KB) LOS objects, 35% free, 3MB/5MB, paused 15.047ms total 209.686ms
12-09 07:51:28.286 D/Mileage.ABS( 7627): Not backing up; 663
12-09 07:51:28.295 D/Mileage.ABS( 7627): Not backing up; 672
12-09 07:51:28.313 D/Mileage.ABS( 7627): Not backing up; 690
12-09 07:51:28.335 D/Mileage.ABS( 7627): Not backing up; 712
12-09 07:51:28.337 D/Mileage.ABS( 7627): Not backing up; 714
12-09 07:51:28.337 D/Mileage.ABS( 7627): Not backing up; 714
12-09 07:51:28.337 D/Mileage.ABS( 7627): Not backing up; 714
12-09 07:51:28.337 D/Mileage.ABS( 7627): Not backing up; 714
12-09 07:51:28.337 D/Mileage.ABS( 7627): Not backing up; 714
12-09 07:51:28.338 D/Mileage.ABS( 7627): Not backing up; 715
12-09 07:51:28.338 D/Mileage.ABS( 7627): Not backing up; 715
12-09 07:51:28.338 D/Mileage.ABS( 7627): Not backing up; 715
12-09 07:51:28.344 D/Mileage.ABS( 7627): Not backing up; 715
12-09 07:51:28.406 D/Mileage.ABS( 7627): Not backing up; 782
12-09 07:51:28.406 D/Mileage.ABS( 7627): Not backing up; 783
12-09 07:51:28.406 D/Mileage.ABS( 7627): Not backing up; 783
12-09 07:51:28.413 D/Mileage.ABS( 7627): Not backing up; 790
12-09 07:51:28.413 D/Mileage.ABS( 7627): Not backing up; 790
12-09 07:51:28.413 D/Mileage.ABS( 7627): Not backing up; 790
12-09 07:51:28.479 W/audio_hw_generic( 1307): Not supplying enough data to HAL, expected position 11808320 , only wrote 11806782
12-09 07:51:28.479 W/audio_hw_generic( 1307): Not supplying enough data to HAL, expected position 11806788 , only wrote 11806782
12-09 07:51:28.656 D/VehicleStatisticsAdapter( 7627): Caching of 29 records complete! (2.213 seconds)
12-09 07:51:28.696 I/ActivityManager( 1591): START u0 {cmp=com.evancharlton.mileage/.charts.AverageFuelEconomyChart (has extras)} from uid 10121 on display 0
12-09 07:51:28.715 D/Mileage.ABS( 7627): Finished backup
12-09 07:51:28.723 W/audio_hw_generic( 1307): Not supplying enough data to HAL, expected position 11817509 , only wrote 11817358
12-09 07:51:28.749 D/Mileage.ABS( 7627): Not backing up; 89
12-09 07:51:28.750 D/VehicleStatisticsAdapter( 7627): Caching of 29 records complete! (2.309 seconds)
12-09 07:51:28.761 D/Mileage.ABS( 7627): Not backing up; 101
12-09 07:51:28.761 D/Mileage.ABS( 7627): Not backing up; 101
12-09 07:51:28.761 D/Mileage.ABS( 7627): Not backing up; 101
12-09 07:51:28.761 D/Mileage.ABS( 7627): Not backing up; 101
12-09 07:51:28.762 D/Mileage.ABS( 7627): Not backing up; 101
12-09 07:51:28.762 D/Mileage.ABS( 7627): Not backing up; 102
12-09 07:51:28.822 D/Mileage.ABS( 7627): Not backing up; 162
12-09 07:51:28.878 I/calabash( 7627): newActivity1
12-09 07:51:28.955 W/audio_hw_generic( 1307): Not supplying enough data to HAL, expected position 11827587 , only wrote 11826612
12-09 07:51:28.959 W/audio_hw_generic( 1307): Hardware backing HAL too slow, could only write 0 of 661 frames
12-09 07:51:28.988 W/aiCharts( 7627): License file is invalid or missing. 
12-09 07:51:28.988 W/aiCharts( 7627): Please place proper license.lic to /assets folder.
12-09 07:51:29.060 W/art     ( 7627): Suspending all threads took: 7.670ms
12-09 07:51:29.173 W/audio_hw_generic( 1307): Not supplying enough data to HAL, expected position 11836240 , only wrote 11835866
12-09 07:51:29.173 W/audio_hw_generic( 1307): Not supplying enough data to HAL, expected position 11835873 , only wrote 11835866
12-09 07:51:29.180 I/art     ( 7627): Background partial concurrent mark sweep GC freed 40843(2MB) AllocSpace objects, 3(60KB) LOS objects, 39% free, 3MB/5MB, paused 8.782ms total 163.939ms
12-09 07:51:29.191 W/audio_hw_generic( 1307): Not supplying enough data to HAL, expected position 11836640 , only wrote 11836527
12-09 07:51:29.191 W/audio_hw_generic( 1307): Hardware backing HAL too slow, could only write 0 of 661 frames
12-09 07:51:29.191 W/audio_hw_generic( 1307): Hardware backing HAL too slow, could only write 0 of 661 frames
12-09 07:51:29.193 V/PhoneStatusBar( 1689): setLightsOn(true)
12-09 07:51:29.222 W/audio_hw_generic( 1307): Hardware backing HAL too slow, could only write 0 of 661 frames
12-09 07:51:29.237 W/audio_hw_generic( 1307): Hardware backing HAL too slow, could only write 0 of 661 frames
12-09 07:51:29.253 W/audio_hw_generic( 1307): Hardware backing HAL too slow, could only write 0 of 661 frames
12-09 07:51:29.268 W/audio_hw_generic( 1307): Hardware backing HAL too slow, could only write 0 of 661 frames
12-09 07:51:29.284 W/audio_hw_generic( 1307): Hardware backing HAL too slow, could only write 0 of 661 frames
12-09 07:51:29.331 E/SurfaceFlinger( 1218): ro.sf.lcd_density must be defined as a build property
12-09 07:51:29.345 D/gralloc_ranchu( 1218): gralloc_alloc: Creating ashmem region of size 3686400
12-09 07:51:29.473 W/audio_hw_generic( 1307): Not supplying enough data to HAL, expected position 11848950 , only wrote 11844459
12-09 07:51:29.505 W/audio_hw_generic( 1307): Not supplying enough data to HAL, expected position 11845881 , only wrote 11845781
12-09 07:51:29.518 D/        ( 7768): HostConnection::get() New Host Connection established 0x7f0911bd2480, tid 7768
12-09 07:51:29.523 W/audio_hw_generic( 1307): Hardware backing HAL too slow, could only write 0 of 661 frames
12-09 07:51:29.538 W/audio_hw_generic( 1307): Hardware backing HAL too slow, could only write 0 of 661 frames
12-09 07:51:29.567 E/EGL_emulation( 1218): tid 1218: eglCreateSyncKHR(1881): error 0x3004 (EGL_BAD_ATTRIBUTE)
12-09 07:51:29.568 W/audio_hw_generic( 1307): Hardware backing HAL too slow, could only write 0 of 661 frames
12-09 07:51:29.590 W/audio_hw_generic( 1307): Hardware backing HAL too slow, could only write 0 of 661 frames
12-09 07:51:29.598 W/audio_hw_generic( 1307): Hardware backing HAL too slow, could only write 0 of 661 frames
12-09 07:51:29.660 W/art     ( 1591): Long monitor contention event with owner method=int com.android.server.wm.WindowManagerService.relayoutWindow(com.android.server.wm.Session, android.view.IWindow, int, android.view.WindowManager$LayoutParams, int, int, int, int, android.graphics.Rect, android.graphics.Rect, android.graphics.Rect, android.graphics.Rect, android.graphics.Rect, android.graphics.Rect, android.content.res.Configuration, android.view.Surface) from WindowManagerService.java:3103 waiters=0 for 433ms
12-09 07:51:29.672 D/gralloc_ranchu( 1218): gralloc_alloc: Creating ashmem region of size 372736
12-09 07:51:29.682 W/audio_hw_generic( 1307): Hardware backing HAL too slow, could only write 0 of 661 frames
12-09 07:51:29.698 W/audio_hw_generic( 1307): Hardware backing HAL too slow, could only write 0 of 661 frames
12-09 07:51:29.718 W/audio_hw_generic( 1307): Hardware backing HAL too slow, could only write 0 of 661 frames
12-09 07:51:29.911 W/audio_hw_generic( 1307): Not supplying enough data to HAL, expected position 11863717 , only wrote 11863628
12-09 07:51:29.918 W/audio_hw_generic( 1307): Not supplying enough data to HAL, expected position 11863929 , only wrote 11863628
12-09 07:51:29.935 W/audio_hw_generic( 1307): Not supplying enough data to HAL, expected position 11864369 , only wrote 11864289
12-09 07:51:30.083 W/audio_hw_generic( 1307): Not supplying enough data to HAL, expected position 11870821 , only wrote 11868255
12-09 07:51:30.083 W/audio_hw_generic( 1307): Not supplying enough data to HAL, expected position 11868262 , only wrote 11868255
12-09 07:51:30.102 W/audio_hw_generic( 1307): Not supplying enough data to HAL, expected position 11869071 , only wrote 11868916
12-09 07:51:30.198 W/art     ( 1591): Long monitor contention event with owner method=void com.android.server.wm.WindowAnimator$1.doFrame(long) from WindowAnimator.java:121 waiters=1 for 250ms
12-09 07:51:30.263 W/audio_hw_generic( 1307): Not supplying enough data to HAL, expected position 11875996 , only wrote 11875526
12-09 07:51:30.263 W/audio_hw_generic( 1307): Not supplying enough data to HAL, expected position 11875540 , only wrote 11875526
12-09 07:51:30.279 W/audio_hw_generic( 1307): Not supplying enough data to HAL, expected position 11876252 , only wrote 11876187
12-09 07:51:30.346 W/audio_hw_generic( 1307): Not supplying enough data to HAL, expected position 11879143 , only wrote 11878831
12-09 07:51:30.346 W/audio_hw_generic( 1307): Not supplying enough data to HAL, expected position 11878839 , only wrote 11878831
12-09 07:51:30.363 W/audio_hw_generic( 1307): Not supplying enough data to HAL, expected position 11879571 , only wrote 11879492
12-09 07:51:30.645 W/audio_hw_generic( 1307): Not supplying enough data to HAL, expected position 11891900 , only wrote 11891390
12-09 07:51:30.645 W/audio_hw_generic( 1307): Not supplying enough data to HAL, expected position 11891396 , only wrote 11891390
12-09 07:51:30.665 W/audio_hw_generic( 1307): Not supplying enough data to HAL, expected position 11892270 , only wrote 11892051
12-09 07:51:30.666 W/art     ( 1591): Long monitor contention event with owner method=void com.android.server.wm.WindowAnimator$1.doFrame(long) from WindowAnimator.java:121 waiters=1 for 292ms
12-09 07:51:30.836 W/audio_hw_generic( 1307): Not supplying enough data to HAL, expected position 11899605 , only wrote 11896017
12-09 07:51:30.838 W/audio_hw_generic( 1307): Not supplying enough data to HAL, expected position 11896122 , only wrote 11896017
12-09 07:51:30.887 W/art     ( 1591): Long monitor contention event with owner method=void com.android.server.wm.WindowAnimator$1.doFrame(long) from WindowAnimator.java:121 waiters=1 for 395ms
12-09 07:51:30.891 W/audio_hw_generic( 1307): Not supplying enough data to HAL, expected position 11898357 , only wrote 11896678
12-09 07:51:30.956 W/audio_hw_generic( 1307): Hardware backing HAL too slow, could only write 0 of 661 frames
12-09 07:51:30.977 W/art     ( 1591): Long monitor contention event with owner method=void com.android.server.wm.WindowAnimator$1.doFrame(long) from WindowAnimator.java:121 waiters=1 for 312ms
12-09 07:51:31.071 W/audio_hw_generic( 1307): Not supplying enough data to HAL, expected position 11904592 , only wrote 11903949
12-09 07:51:31.071 W/audio_hw_generic( 1307): Hardware backing HAL too slow, could only write 0 of 661 frames
12-09 07:51:31.071 W/audio_hw_generic( 1307): Hardware backing HAL too slow, could only write 0 of 661 frames
12-09 07:51:31.086 W/audio_hw_generic( 1307): Hardware backing HAL too slow, could only write 0 of 661 frames
12-09 07:51:31.102 W/audio_hw_generic( 1307): Hardware backing HAL too slow, could only write 0 of 661 frames
12-09 07:51:31.268 W/art     ( 1591): Long monitor contention event with owner method=void com.android.server.wm.WindowAnimator$1.doFrame(long) from WindowAnimator.java:121 waiters=1 for 186ms
12-09 07:51:31.456 W/art     ( 1591): Long monitor contention event with owner method=void com.android.server.wm.WindowAnimator$1.doFrame(long) from WindowAnimator.java:121 waiters=1 for 188ms
12-09 07:51:31.551 W/audio_hw_generic( 1307): Not supplying enough data to HAL, expected position 11925132 , only wrote 11925101
