--------- beginning of main
12-09 07:44:44.140 D/        ( 1591): HostConnection::get() New Host Connection established 0x7fb0b6a09b20, tid 1967
12-09 07:44:44.152 E/EGL_emulation( 1223): tid 1223: eglCreateSyncKHR(1881): error 0x3004 (EGL_BAD_ATTRIBUTE)
12-09 07:44:44.240 W/audio_hw_generic( 1307): Not supplying enough data to HAL, expected position 7001503 , only wrote 7001312
12-09 07:44:44.379 W/audio_hw_generic( 1307): Not supplying enough data to HAL, expected position 7007449 , only wrote 7004617
12-09 07:44:44.391 W/audio_hw_generic( 1307): Not supplying enough data to HAL, expected position 7005137 , only wrote 7004617
--------- beginning of system
12-09 07:44:44.414 W/ActivityManager( 1591): Finishing task with all activities already finished
12-09 07:44:44.414 W/ActivityManager( 1591): Duplicate finish request for ActivityRecord{9d0650b u0 com.evancharlton.mileage/.Mileage t349 f}
12-09 07:44:44.415 W/ActivityManager( 1591): Finishing task with all activities already finished
12-09 07:44:44.415 W/ActivityManager( 1591): Duplicate finish request for ActivityRecord{9d0650b u0 com.evancharlton.mileage/.Mileage t349 f}
12-09 07:44:44.428 W/ActivityManager( 1591): Finishing task with all activities already finished
12-09 07:44:44.428 W/ActivityManager( 1591): Duplicate finish request for ActivityRecord{9d0650b u0 com.evancharlton.mileage/.Mileage t349 f}
12-09 07:44:44.463 W/audio_hw_generic( 1307): Hardware backing HAL too slow, could only write 0 of 661 frames
12-09 07:44:44.472 W/audio_hw_generic( 1307): Hardware backing HAL too slow, could only write 0 of 661 frames
12-09 07:44:44.495 W/audio_hw_generic( 1307): Hardware backing HAL too slow, could only write 0 of 661 frames
12-09 07:44:44.503 W/audio_hw_generic( 1307): Hardware backing HAL too slow, could only write 0 of 661 frames
12-09 07:44:44.519 W/audio_hw_generic( 1307): Hardware backing HAL too slow, could only write 0 of 661 frames
12-09 07:44:44.520 D/EGL_emulation( 1932): eglMakeCurrent: 0x7fb0c9676820: ver 2 0 (tinfo 0x7fb0c9642960)
12-09 07:44:44.547 W/audio_hw_generic( 1307): Hardware backing HAL too slow, could only write 0 of 661 frames
12-09 07:44:44.547 W/audio_hw_generic( 1307): Hardware backing HAL too slow, could only write 0 of 661 frames
12-09 07:44:44.571 W/audio_hw_generic( 1307): Hardware backing HAL too slow, could only write 0 of 661 frames
12-09 07:44:44.595 W/audio_hw_generic( 1307): Hardware backing HAL too slow, could only write 0 of 661 frames
12-09 07:44:44.608 W/audio_hw_generic( 1307): Hardware backing HAL too slow, could only write 0 of 661 frames
12-09 07:44:44.638 W/audio_hw_generic( 1307): Hardware backing HAL too slow, could only write 0 of 661 frames
12-09 07:44:44.848 W/art     ( 1591): Long monitor contention event with owner method=void com.android.server.wm.WindowAnimator$1.doFrame(long) from WindowAnimator.java:121 waiters=1 for 201ms
12-09 07:44:44.856 W/audio_hw_generic( 1307): Not supplying enough data to HAL, expected position 7025118 , only wrote 7025108
12-09 07:44:45.070 D/AndroidRuntime( 6076): >>>>>> START com.android.internal.os.RuntimeInit uid 0 <<<<<<
12-09 07:44:45.074 D/AndroidRuntime( 6076): CheckJNI is ON
12-09 07:44:45.121 D/ICU     ( 6076): No timezone override file found: /data/misc/zoneinfo/current/icu/icu_tzdata.dat
12-09 07:44:45.216 W/art     ( 1591): Long monitor contention event with owner method=void com.android.server.wm.WindowAnimator$1.doFrame(long) from WindowAnimator.java:121 waiters=1 for 186ms
12-09 07:44:45.321 W/art     ( 1591): Long monitor contention event with owner method=void com.android.server.wm.WindowAnimator$1.doFrame(long) from WindowAnimator.java:121 waiters=1 for 205ms
12-09 07:44:45.335 E/memtrack( 6076): Couldn't load memtrack module (No such file or directory)
12-09 07:44:45.339 E/android.os.Debug( 6076): failed to load memtrack module: -2
12-09 07:44:45.340 I/Radio-JNI( 6076): register_android_hardware_Radio DONE
12-09 07:44:45.369 D/AndroidRuntime( 6076): Calling main entry com.android.commands.am.Am
12-09 07:44:45.403 W/art     ( 1591): Long monitor contention event with owner method=void com.android.server.wm.WindowAnimator$1.doFrame(long) from WindowAnimator.java:121 waiters=1 for 185ms
12-09 07:44:45.449 I/Choreographer( 1932): Skipped 53 frames!  The application may be doing too much work on its main thread.
12-09 07:44:45.524 W/audio_hw_generic( 1307): Not supplying enough data to HAL, expected position 7054572 , only wrote 7053531
12-09 07:44:45.524 W/audio_hw_generic( 1307): Not supplying enough data to HAL, expected position 7053537 , only wrote 7053531
12-09 07:44:45.552 W/audio_hw_generic( 1307): Not supplying enough data to HAL, expected position 7054759 , only wrote 7054192
12-09 07:44:45.552 W/audio_hw_generic( 1307): Hardware backing HAL too slow, could only write 0 of 661 frames
12-09 07:44:45.587 W/audio_hw_generic( 1307): Not supplying enough data to HAL, expected position 7056611 , only wrote 7055514
12-09 07:44:46.079 W/art     ( 1591): Long monitor contention event with owner method=void com.android.server.wm.WindowAnimator$1.doFrame(long) from WindowAnimator.java:121 waiters=1 for 197ms
12-09 07:44:46.088 I/Choreographer( 1932): Skipped 36 frames!  The application may be doing too much work on its main thread.
12-09 07:44:46.107 W/OpenGLRenderer( 1932): Incorrectly called buildLayer on View: ShortcutAndWidgetContainer, destroying layer...
12-09 07:44:46.120 W/art     ( 1591): Long monitor contention event with owner method=void com.android.server.am.ActivityManagerService.activityDestroyed(android.os.IBinder) from ActivityManagerService.java:6475 waiters=0 for 1.264s
12-09 07:44:46.121 W/art     ( 1591): Long monitor contention event with owner method=void com.android.server.am.ActivityManagerService.activityDestroyed(android.os.IBinder) from ActivityManagerService.java:6475 waiters=1 for 750ms
12-09 07:44:46.121 I/ActivityManager( 1591): Force stopping com.evancharlton.mileage appid=10119 user=0: start instr
12-09 07:44:46.122 I/ActivityManager( 1591): Killing 6031:com.evancharlton.mileage/u0a119 (adj 0): stop com.evancharlton.mileage
12-09 07:44:46.263 I/WindowState( 1591): WIN DEATH: Window{8ae9439 u0 com.evancharlton.mileage/com.evancharlton.mileage.Mileage EXITING}
12-09 07:44:46.265 W/ActivityManager( 1591): Crash of app com.evancharlton.mileage running instrumentation ComponentInfo{com.evancharlton.mileage.test/sh.calaba.instrumentationbackend.CalabashInstrumentationTestRunner}
12-09 07:44:46.265 I/ActivityManager( 1591): Force stopping com.evancharlton.mileage appid=10119 user=0: finished inst
12-09 07:44:46.316 I/ActivityManager( 1591): Start proc 6085:com.evancharlton.mileage/u0a119 for added application com.evancharlton.mileage
12-09 07:44:46.316 W/art     ( 1591): Long monitor contention event with owner method=boolean com.android.server.am.ActivityManagerService.startInstrumentation(android.content.ComponentName, java.lang.String, int, android.os.Bundle, android.app.IInstrumentationWatcher, android.app.IUiAutomationConnection, int, java.lang.String) from ActivityManagerService.java:17066 waiters=0 for 195ms
12-09 07:44:46.317 D/AndroidRuntime( 6076): Shutting down VM
12-09 07:44:46.549 W/art     ( 1591): Long monitor contention event with owner method=void com.android.server.wm.WindowAnimator$1.doFrame(long) from WindowAnimator.java:121 waiters=0 for 200ms
12-09 07:44:46.755 W/WindowAnimator( 1591): Failed to dispatch window animation state change.
12-09 07:44:46.755 W/WindowAnimator( 1591): android.os.DeadObjectException
12-09 07:44:46.755 W/WindowAnimator( 1591): 	at android.os.BinderProxy.transactNative(Native Method)
12-09 07:44:46.755 W/WindowAnimator( 1591): 	at android.os.BinderProxy.transact(Binder.java:503)
12-09 07:44:46.755 W/WindowAnimator( 1591): 	at android.view.IWindow$Stub$Proxy.onAnimationStopped(IWindow.java:534)
12-09 07:44:46.755 W/WindowAnimator( 1591): 	at com.android.server.wm.WindowAnimator.updateWindowsLocked(WindowAnimator.java:286)
12-09 07:44:46.755 W/WindowAnimator( 1591): 	at com.android.server.wm.WindowAnimator.animateLocked(WindowAnimator.java:678)
12-09 07:44:46.755 W/WindowAnimator( 1591): 	at com.android.server.wm.WindowAnimator.-wrap0(WindowAnimator.java)
12-09 07:44:46.755 W/WindowAnimator( 1591): 	at com.android.server.wm.WindowAnimator$1.doFrame(WindowAnimator.java:123)
12-09 07:44:46.755 W/WindowAnimator( 1591): 	at android.view.Choreographer$CallbackRecord.run(Choreographer.java:856)
12-09 07:44:46.755 W/WindowAnimator( 1591): 	at android.view.Choreographer.doCallbacks(Choreographer.java:670)
12-09 07:44:46.755 W/WindowAnimator( 1591): 	at android.view.Choreographer.doFrame(Choreographer.java:603)
12-09 07:44:46.755 W/WindowAnimator( 1591): 	at android.view.Choreographer$FrameDisplayEventReceiver.run(Choreographer.java:844)
12-09 07:44:46.755 W/WindowAnimator( 1591): 	at android.os.Handler.handleCallback(Handler.java:739)
12-09 07:44:46.755 W/WindowAnimator( 1591): 	at android.os.Handler.dispatchMessage(Handler.java:95)
12-09 07:44:46.755 W/WindowAnimator( 1591): 	at android.os.Looper.loop(Looper.java:148)
12-09 07:44:46.755 W/WindowAnimator( 1591): 	at android.os.HandlerThread.run(HandlerThread.java:61)
12-09 07:44:46.755 W/WindowAnimator( 1591): 	at com.android.server.ServiceThread.run(ServiceThread.java:46)
12-09 07:44:46.830 W/art     ( 1591): Long monitor contention event with owner method=java.util.List com.android.server.am.ActivityManagerService.getAllStackInfos() from ActivityManagerService.java:8937 waiters=0 for 481ms
12-09 07:44:46.836 W/art     ( 1591): Long monitor contention event with owner method=java.util.List com.android.server.am.ActivityManagerService.getAllStackInfos() from ActivityManagerService.java:8937 waiters=1 for 477ms
12-09 07:44:46.853 I/Choreographer( 1692): Skipped 35 frames!  The application may be doing too much work on its main thread.
12-09 07:44:46.858 W/System  ( 6085): ClassLoader referenced unknown path: /data/app/com.evancharlton.mileage.test-1/lib/x86_64
12-09 07:44:46.859 W/System  ( 6085): ClassLoader referenced unknown path: /data/app/com.evancharlton.mileage-1/lib/x86_64
12-09 07:44:47.003 I/System.out( 6085): Main activity name automatically set to: com.evancharlton.mileage.Mileage
12-09 07:44:47.004 I/System.out( 6085): Calabash did not load Mono. This is only a problem if you are trying to test a Mono application
12-09 07:44:47.004 I/calabash( 6085): Test server port: 7102
12-09 07:44:47.005 I/InstrumentationBackend( 6085): Added:'GetPreferences', with key:'get_preferences'
12-09 07:44:47.198 I/InstrumentationBackend( 6085): Added:'SetPreferences', with key:'set_preferences'
12-09 07:44:47.240 I/InstrumentationBackend( 6085): Added:'ClearPreferences', with key:'clear_preferences'
12-09 07:44:47.240 I/InstrumentationBackend( 6085): Added:'PressElement', with key:'press_l10n_element'
12-09 07:44:47.240 I/InstrumentationBackend( 6085): Added:'WaitForElement', with key:'wait_for_l10n_element'
12-09 07:44:47.241 I/InstrumentationBackend( 6085): Added:'NullAction', with key:'nullAction'
12-09 07:44:47.241 I/InstrumentationBackend( 6085): Added:'PressKey', with key:'press_key'
12-09 07:44:47.241 I/InstrumentationBackend( 6085): Added:'SetActivityOrientation', with key:'set_activity_orientation'
12-09 07:44:47.241 I/InstrumentationBackend( 6085): Added:'GetActivityOrientation', with key:'get_activity_orientation'
12-09 07:44:47.241 I/InstrumentationBackend( 6085): Added:'FakeGPSLocation', with key:'set_gps_coordinates'
12-09 07:44:47.242 I/InstrumentationBackend( 6085): Added:'SetPropertyByCssSelector', with key:'set_property_by_css_selector'
12-09 07:44:47.242 I/InstrumentationBackend( 6085): Added:'GetUrl', with key:'get_url'
12-09 07:44:47.263 I/InstrumentationBackend( 6085): Added:'ScrollTo', with key:'scroll_to'
12-09 07:44:47.264 I/InstrumentationBackend( 6085): Added:'GetLoadProgress', with key:'get_load_progress'
12-09 07:44:47.264 I/InstrumentationBackend( 6085): Added:'DumpHtml', with key:'dump_html'
12-09 07:44:47.264 I/InstrumentationBackend( 6085): Added:'DumpBodyHtml', with key:'dump_body_html'
12-09 07:44:47.264 I/InstrumentationBackend( 6085): Added:'EnterTextByCssSelector', with key:'enter_text_by_selector'
12-09 07:44:47.274 I/art     ( 6085): Background sticky concurrent mark sweep GC freed 33761(1371KB) AllocSpace objects, 0(0B) LOS objects, 73% free, 1004KB/3MB, paused 1.146ms total 185.343ms
12-09 07:44:47.279 I/InstrumentationBackend( 6085): Added:'AndroidSDKVersion', with key:'android_sdk_version'
12-09 07:44:47.280 I/InstrumentationBackend( 6085): Added:'Version', with key:'version'
12-09 07:44:47.280 I/InstrumentationBackend( 6085): Added:'Drag', with key:'drag'
12-09 07:44:47.284 I/InstrumentationBackend( 6085): Added:'TouchCoordinates', with key:'touch_coordinate'
12-09 07:44:47.284 I/InstrumentationBackend( 6085): Added:'LongPressCoordinate', with key:'long_press_coordinate'
12-09 07:44:47.284 I/InstrumentationBackend( 6085): Added:'DragCoordinates', with key:'drag_coordinates'
12-09 07:44:47.285 I/InstrumentationBackend( 6085): Added:'ResumeApplication', with key:'resume_application'
12-09 07:44:47.285 I/InstrumentationBackend( 6085): Added:'Swipe', with key:'swipe'
12-09 07:44:47.285 I/InstrumentationBackend( 6085): Added:'DoubleTapCoordinate', with key:'double_tap_coordinate'
12-09 07:44:47.285 I/InstrumentationBackend( 6085): Added:'ClickOnScreen', with key:'click_on_screen'
12-09 07:44:47.285 I/InstrumentationBackend( 6085): Added:'GetActivityName', with key:'get_activity_name'
12-09 07:44:47.285 I/InstrumentationBackend( 6085): Added:'ScrollToView', with key:'scroll_to_view'
12-09 07:44:47.286 I/InstrumentationBackend( 6085): Added:'ViewConfiguration', with key:'view_configuration'
12-09 07:44:47.286 I/InstrumentationBackend( 6085): Added:'IsCurrentActivityFocused', with key:'is_current_activity_focused'
12-09 07:44:47.286 I/InstrumentationBackend( 6085): Added:'SendTcp', with key:'send_tcp'
12-09 07:44:47.286 I/InstrumentationBackend( 6085): Added:'DpToDevicePixel', with key:'dp_to_device_pixel'
12-09 07:44:47.287 I/InstrumentationBackend( 6085): Added:'KeyboardEnterText', with key:'keyboard_enter_text'
12-09 07:44:47.287 I/InstrumentationBackend( 6085): Added:'DeleteSurroundingText', with key:'delete_surrounding_text'
12-09 07:44:47.292 I/InstrumentationBackend( 6085): Added:'SetComposingRegion', with key:'set_composing_region'
12-09 07:44:47.292 I/InstrumentationBackend( 6085): Added:'SetSelection', with key:'set_selection'
12-09 07:44:47.292 I/InstrumentationBackend( 6085): Added:'KeyboardKeyEvent', with key:'keyboard_key_event'
12-09 07:44:47.292 I/InstrumentationBackend( 6085): Added:'PressUserActionButton', with key:'press_user_action_button'
12-09 07:44:47.293 I/InstrumentationBackend( 6085): Added:'HideSoftKeyboard', with key:'hide_soft_keyboard'
12-09 07:44:47.293 I/InstrumentationBackend( 6085): Added:'ListActions', with key:'list_actions'
12-09 07:44:47.293 I/calabash( 6085): Instantiating http server at 7102
12-09 07:44:47.294 I/System.out( 6085): HTTP Daemon listening on: 7102
12-09 07:44:47.368 I/System.out( 6085): URI: //ping
12-09 07:44:47.372 I/System.out( 6085): params: {json={}
12-09 07:44:47.372 I/System.out( 6085): }
12-09 07:44:47.432 I/System.out( 6085): URI: //ping
12-09 07:44:47.432 I/System.out( 6085): params: {json={}
12-09 07:44:47.432 I/System.out( 6085): }
12-09 07:44:47.475 I/System.out( 6085): URI: //ready
12-09 07:44:47.475 I/System.out( 6085): params: {json={}
12-09 07:44:47.476 I/System.out( 6085): }
12-09 07:44:47.532 I/System.out( 6085): URI: //
12-09 07:44:47.532 I/System.out( 6085): params: {json={"command":"version","arguments":[]}
12-09 07:44:47.532 I/System.out( 6085): }
12-09 07:44:47.532 I/System.out( 6085): header: {date=Sun, 09 Dec 2018 07:44:47 GMT, accept=*/*, content-length=36, host=127.0.0.1:34777, user-agent=HTTPClient/1.0 (2.8.3, ruby 2.3.1 (2016-04-26)), content-type=application/json;charset=utf-8}
12-09 07:44:47.532 I/System.out( 6085): params: {json={"command":"version","arguments":[]}
12-09 07:44:47.532 I/System.out( 6085): }
12-09 07:44:47.532 I/System.out( 6085): ProP json = {"command":"version","arguments":[]}
12-09 07:44:47.532 I/System.out( 6085): files: {}
12-09 07:44:47.532 I/System.out( 6085): command: {"command":"version","arguments":[]}
12-09 07:44:47.548 I/InstrumentationBackend( 6085): Got command:'Command:'Line:null,version', arguments:'[]'
12-09 07:44:47.558 I/System.out( 6085): result:{"bonusInformation":[],"message":"0.9.8","success":true}
12-09 07:44:47.624 I/System.out( 6085): URI: //start-application
12-09 07:44:47.624 I/System.out( 6085): params: {json={"intent":null}
12-09 07:44:47.624 I/System.out( 6085): }
12-09 07:44:47.683 I/ActivityManager( 1591): START u0 {act=android.intent.action.MAIN cat=[android.intent.category.LAUNCHER] flg=0x10200000 cmp=com.evancharlton.mileage/.Mileage} from uid 10119 on display 0
12-09 07:44:47.787 I/calabash( 6085): newActivity1
12-09 07:44:47.800 D/gralloc_ranchu( 1223): gralloc_alloc: Creating ashmem region of size 3686400
12-09 07:44:47.842 I/calabash( 6085): newActivity1
12-09 07:44:47.857 W/ActivityManager( 1591): Bad activity token: android.os.BinderProxy@2ca903a
12-09 07:44:47.857 W/ActivityManager( 1591): java.lang.ClassCastException: android.os.BinderProxy cannot be cast to com.android.server.am.ActivityRecord$Token
12-09 07:44:47.857 W/ActivityManager( 1591): 	at com.android.server.am.ActivityRecord.forTokenLocked(ActivityRecord.java:424)
12-09 07:44:47.857 W/ActivityManager( 1591): 	at com.android.server.am.ActivityRecord.isInStackLocked(ActivityRecord.java:1121)
12-09 07:44:47.857 W/ActivityManager( 1591): 	at com.android.server.am.ActivityRecord.getStackLocked(ActivityRecord.java:1126)
12-09 07:44:47.857 W/ActivityManager( 1591): 	at com.android.server.am.ActivityManagerService.getActivityDisplayId(ActivityManagerService.java:8889)
12-09 07:44:47.857 W/ActivityManager( 1591): 	at android.app.ActivityManagerNative.onTransact(ActivityManagerNative.java:2338)
12-09 07:44:47.857 W/ActivityManager( 1591): 	at com.android.server.am.ActivityManagerService.onTransact(ActivityManagerService.java:2443)
12-09 07:44:47.857 W/ActivityManager( 1591): 	at android.os.Binder.execTransact(Binder.java:453)
12-09 07:44:47.858 W/ActivityManager( 1591): Bad activity token: android.os.BinderProxy@2ca903a
12-09 07:44:47.858 W/ActivityManager( 1591): java.lang.ClassCastException: android.os.BinderProxy cannot be cast to com.android.server.am.ActivityRecord$Token
12-09 07:44:47.858 W/ActivityManager( 1591): 	at com.android.server.am.ActivityRecord.forTokenLocked(ActivityRecord.java:424)
12-09 07:44:47.858 W/ActivityManager( 1591): 	at com.android.server.am.ActivityRecord.isInStackLocked(ActivityRecord.java:1121)
12-09 07:44:47.858 W/ActivityManager( 1591): 	at com.android.server.am.ActivityManagerService.setTaskDescription(ActivityManagerService.java:8547)
12-09 07:44:47.858 W/ActivityManager( 1591): 	at android.app.ActivityManagerNative.onTransact(ActivityManagerNative.java:2410)
12-09 07:44:47.858 W/ActivityManager( 1591): 	at com.android.server.am.ActivityManagerService.onTransact(ActivityManagerService.java:2443)
12-09 07:44:47.858 W/ActivityManager( 1591): 	at android.os.Binder.execTransact(Binder.java:453)
12-09 07:44:48.013 W/ActivityManager( 1591): Bad activity token: android.os.BinderProxy@2ca903a
12-09 07:44:48.013 W/ActivityManager( 1591): java.lang.ClassCastException: android.os.BinderProxy cannot be cast to com.android.server.am.ActivityRecord$Token
12-09 07:44:48.013 W/ActivityManager( 1591): 	at com.android.server.am.ActivityRecord.forTokenLocked(ActivityRecord.java:424)
12-09 07:44:48.013 W/ActivityManager( 1591): 	at com.android.server.am.ActivityRecord.isInStackLocked(ActivityRecord.java:1121)
12-09 07:44:48.013 W/ActivityManager( 1591): 	at com.android.server.am.ActivityManagerService.getActivityOptions(ActivityManagerService.java:11038)
12-09 07:44:48.013 W/ActivityManager( 1591): 	at android.app.ActivityManagerNative.onTransact(ActivityManagerNative.java:1734)
12-09 07:44:48.013 W/ActivityManager( 1591): 	at com.android.server.am.ActivityManagerService.onTransact(ActivityManagerService.java:2443)
12-09 07:44:48.013 W/ActivityManager( 1591): 	at android.os.Binder.execTransact(Binder.java:453)
12-09 07:44:48.013 W/ActivityManager( 1591): Bad activity token: android.os.BinderProxy@2ca903a
12-09 07:44:48.013 W/ActivityManager( 1591): java.lang.ClassCastException: android.os.BinderProxy cannot be cast to com.android.server.am.ActivityRecord$Token
12-09 07:44:48.013 W/ActivityManager( 1591): 	at com.android.server.am.ActivityRecord.forTokenLocked(ActivityRecord.java:424)
12-09 07:44:48.013 W/ActivityManager( 1591): 	at com.android.server.am.ActivityRecord.isInStackLocked(ActivityRecord.java:1121)
12-09 07:44:48.013 W/ActivityManager( 1591): 	at com.android.server.am.ActivityManagerService.getActivityOptions(ActivityManagerService.java:11038)
12-09 07:44:48.013 W/ActivityManager( 1591): 	at android.app.ActivityManagerNative.onTransact(ActivityManagerNative.java:1734)
12-09 07:44:48.013 W/ActivityManager( 1591): 	at com.android.server.am.ActivityManagerService.onTransact(ActivityManagerService.java:2443)
12-09 07:44:48.013 W/ActivityManager( 1591): 	at android.os.Binder.execTransact(Binder.java:453)
12-09 07:44:48.087 V/PhoneStatusBar( 1692): setLightsOn(true)
12-09 07:44:48.171 D/EGL_emulation( 1932): eglMakeCurrent: 0x7fb0c9676820: ver 2 0 (tinfo 0x7fb0c9642960)
12-09 07:44:48.173 E/Surface ( 1932): getSlotFromBufferLocked: unknown buffer: 0x7fb0c9677400
12-09 07:44:48.557 D/gralloc_ranchu( 1223): gralloc_alloc: Creating ashmem region of size 3686400
12-09 07:44:48.709 D/        ( 6085): HostConnection::get() New Host Connection established 0x7fb0c75c70a0, tid 6085
12-09 07:44:48.963 W/art     ( 1591): Long monitor contention event with owner method=void com.android.server.wm.WindowAnimator$1.doFrame(long) from WindowAnimator.java:121 waiters=0 for 137ms
12-09 07:44:49.244 I/ActivityManager( 1591): Displayed com.evancharlton.mileage/.Mileage: +1s495ms
12-09 07:44:49.354 D/gralloc_ranchu( 1223): gralloc_alloc: Creating ashmem region of size 3686400
12-09 07:44:50.009 D/gralloc_ranchu( 1223): gralloc_alloc: Creating ashmem region of size 3686400
12-09 07:44:51.260 I/System.out( 6085): URI: //map
12-09 07:44:51.260 I/System.out( 6085): params: {json={"query":"android.widget.EditText id:'price'","operation":{"method_name":"query","arguments":[]}}
12-09 07:44:51.260 I/System.out( 6085): }
12-09 07:44:51.415 I/art     ( 6085): Background partial concurrent mark sweep GC freed 12651(631KB) AllocSpace objects, 2(40KB) LOS objects, 39% free, 2MB/3MB, paused 946us total 144.301ms
12-09 07:44:51.552 W/ResourceType( 6085): No package identifier when getting name for resource number 0x00000001
12-09 07:44:51.683 I/System.out( 6085): URI: //gesture
12-09 07:44:51.687 I/System.out( 6085): params: {json={"query_timeout":5.0,"gestures":[{"query_string":"android.widget.EditText id:'price'","touches":[{"x":50,"y":50,"offset_x":0,"offset_y":0,"wait":0.0,"time":0.2,"release":true,"query_string":null}]}]}
12-09 07:44:51.687 I/System.out( 6085): }
12-09 07:44:51.702 W/ResourceType( 6085): No package identifier when getting name for resource number 0x00000001
12-09 07:44:52.156 I/LatinIME( 1876): Starting input. Cursor position = 0,0
12-09 07:44:52.244 W/art     ( 6085): Suspending all threads took: 7.373ms
12-09 07:44:52.271 I/art     ( 6085): Background partial concurrent mark sweep GC freed 44258(2012KB) AllocSpace objects, 2(40KB) LOS objects, 39% free, 2MB/3MB, paused 11.771ms total 117.822ms
12-09 07:44:52.596 D/EGL_emulation( 1876): eglMakeCurrent: 0x7fb0c9664020: ver 2 0 (tinfo 0x7fb0bde256c0)
12-09 07:44:52.892 I/System.out( 6085): URI: //
12-09 07:44:52.892 I/System.out( 6085): params: {json={"command":"set_selection","arguments":[-1,-1]}
12-09 07:44:52.892 I/System.out( 6085): }
12-09 07:44:52.892 I/System.out( 6085): header: {date=Sun, 09 Dec 2018 07:44:53 GMT, accept=*/*, content-length=47, host=127.0.0.1:34777, user-agent=HTTPClient/1.0 (2.8.3, ruby 2.3.1 (2016-04-26)), content-type=application/json;charset=utf-8}
12-09 07:44:52.892 I/System.out( 6085): params: {json={"command":"set_selection","arguments":[-1,-1]}
12-09 07:44:52.892 I/System.out( 6085): }
12-09 07:44:52.892 I/System.out( 6085): ProP json = {"command":"set_selection","arguments":[-1,-1]}
12-09 07:44:52.892 I/System.out( 6085): files: {}
12-09 07:44:52.892 I/System.out( 6085): command: {"command":"set_selection","arguments":[-1,-1]}
12-09 07:44:52.893 I/InstrumentationBackend( 6085): Got command:'Command:'Line:null,set_selection', arguments:'[-1, -1]'
12-09 07:44:53.013 I/System.out( 6085): result:{"bonusInformation":[],"message":"","success":true}
12-09 07:44:53.249 I/System.out( 6085): URI: //
12-09 07:44:53.250 I/System.out( 6085): params: {json={"command":"keyboard_enter_text","arguments":["-321ßå∂˚¡–ºß123"]}
12-09 07:44:53.250 I/System.out( 6085): }
12-09 07:44:53.250 I/System.out( 6085): header: {date=Sun, 09 Dec 2018 07:44:53 GMT, accept=*/*, content-length=75, host=127.0.0.1:34777, user-agent=HTTPClient/1.0 (2.8.3, ruby 2.3.1 (2016-04-26)), content-type=application/json;charset=utf-8}
12-09 07:44:53.250 I/System.out( 6085): params: {json={"command":"keyboard_enter_text","arguments":["-321ßå∂˚¡–ºß123"]}
12-09 07:44:53.250 I/System.out( 6085): }
12-09 07:44:53.250 I/System.out( 6085): ProP json = {"command":"keyboard_enter_text","arguments":["-321ßå∂˚¡–ºß123"]}
12-09 07:44:53.250 I/System.out( 6085): files: {}
12-09 07:44:53.250 I/System.out( 6085): command: {"command":"keyboard_enter_text","arguments":["-321ßå∂˚¡–ºß123"]}
12-09 07:44:53.251 I/InstrumentationBackend( 6085): Got command:'Command:'Line:null,keyboard_enter_text', arguments:'[-321ßå∂˚¡–ºß123]'
12-09 07:44:53.321 E/SpannableStringBuilder( 6085): SPAN_EXCLUSIVE_EXCLUSIVE spans cannot have a zero length
12-09 07:44:53.321 E/SpannableStringBuilder( 6085): SPAN_EXCLUSIVE_EXCLUSIVE spans cannot have a zero length
12-09 07:44:53.430 E/SpannableStringBuilder( 6085): SPAN_EXCLUSIVE_EXCLUSIVE spans cannot have a zero length
12-09 07:44:53.430 E/SpannableStringBuilder( 6085): SPAN_EXCLUSIVE_EXCLUSIVE spans cannot have a zero length
12-09 07:44:53.570 I/System.out( 6085): result:{"bonusInformation":[],"message":"","success":true}
12-09 07:44:53.624 I/art     ( 6085): Background sticky concurrent mark sweep GC freed 21258(1061KB) AllocSpace objects, 6(120KB) LOS objects, 27% free, 2MB/3MB, paused 21.905ms total 176.644ms
12-09 07:44:54.143 E/SurfaceFlinger( 1223): ro.sf.lcd_density must be defined as a build property
12-09 07:44:54.143 D/gralloc_ranchu( 1223): gralloc_alloc: Creating ashmem region of size 3686400
12-09 07:44:54.223 D/        ( 6117): HostConnection::get() New Host Connection established 0x7ff0f9b92480, tid 6117
12-09 07:44:54.303 E/EGL_emulation( 1223): tid 1223: eglCreateSyncKHR(1881): error 0x3004 (EGL_BAD_ATTRIBUTE)
12-09 07:44:55.156 I/System.out( 6085): URI: //map
12-09 07:44:55.156 I/System.out( 6085): params: {json={"query":"android.widget.EditText id:'volume'","operation":{"method_name":"query","arguments":[]}}
12-09 07:44:55.156 I/System.out( 6085): }
12-09 07:44:55.208 W/ResourceType( 6085): No package identifier when getting name for resource number 0x00000001
12-09 07:44:55.336 I/System.out( 6085): URI: //gesture
12-09 07:44:55.336 I/System.out( 6085): params: {json={"query_timeout":5.0,"gestures":[{"query_string":"android.widget.EditText id:'volume'","touches":[{"x":50,"y":50,"offset_x":0,"offset_y":0,"wait":0.0,"time":0.2,"release":true,"query_string":null}]}]}
12-09 07:44:55.336 I/System.out( 6085): }
12-09 07:44:55.349 W/ResourceType( 6085): No package identifier when getting name for resource number 0x00000001
12-09 07:44:55.751 I/LatinIME( 1876): Starting input. Cursor position = 0,0
12-09 07:44:55.918 I/art     ( 6085): Background sticky concurrent mark sweep GC freed 56342(2MB) AllocSpace objects, 2(40KB) LOS objects, 50% free, 2MB/4MB, paused 1.010ms total 169.014ms
12-09 07:44:56.047 I/art     ( 1876): Background sticky concurrent mark sweep GC freed 3047(302KB) AllocSpace objects, 2(56KB) LOS objects, 20% free, 2MB/3MB, paused 26.608ms total 68.469ms
12-09 07:44:56.388 I/System.out( 6085): URI: //
12-09 07:44:56.388 I/System.out( 6085): params: {json={"command":"set_selection","arguments":[-1,-1]}
12-09 07:44:56.388 I/System.out( 6085): }
12-09 07:44:56.388 I/System.out( 6085): header: {date=Sun, 09 Dec 2018 07:44:56 GMT, accept=*/*, content-length=47, host=127.0.0.1:34777, user-agent=HTTPClient/1.0 (2.8.3, ruby 2.3.1 (2016-04-26)), content-type=application/json;charset=utf-8}
12-09 07:44:56.388 I/System.out( 6085): params: {json={"command":"set_selection","arguments":[-1,-1]}
12-09 07:44:56.388 I/System.out( 6085): }
12-09 07:44:56.388 I/System.out( 6085): ProP json = {"command":"set_selection","arguments":[-1,-1]}
12-09 07:44:56.388 I/System.out( 6085): files: {}
12-09 07:44:56.388 I/System.out( 6085): command: {"command":"set_selection","arguments":[-1,-1]}
12-09 07:44:56.389 I/InstrumentationBackend( 6085): Got command:'Command:'Line:null,set_selection', arguments:'[-1, -1]'
12-09 07:44:56.399 I/System.out( 6085): result:{"bonusInformation":[],"message":"","success":true}
12-09 07:44:56.584 I/System.out( 6085): URI: //
12-09 07:44:56.588 I/System.out( 6085): params: {json={"command":"keyboard_enter_text","arguments":["åß9∂º–ç¬  ß29å∂˚¡–ºß123"]}
12-09 07:44:56.588 I/System.out( 6085): }
12-09 07:44:56.588 I/System.out( 6085): header: {date=Sun, 09 Dec 2018 07:44:56 GMT, accept=*/*, content-length=92, host=127.0.0.1:34777, user-agent=HTTPClient/1.0 (2.8.3, ruby 2.3.1 (2016-04-26)), content-type=application/json;charset=utf-8}
12-09 07:44:56.588 I/System.out( 6085): params: {json={"command":"keyboard_enter_text","arguments":["åß9∂º–ç¬  ß29å∂˚¡–ºß123"]}
12-09 07:44:56.588 I/System.out( 6085): }
12-09 07:44:56.588 I/System.out( 6085): ProP json = {"command":"keyboard_enter_text","arguments":["åß9∂º–ç¬  ß29å∂˚¡–ºß123"]}
12-09 07:44:56.588 I/System.out( 6085): files: {}
12-09 07:44:56.588 I/System.out( 6085): command: {"command":"keyboard_enter_text","arguments":["åß9∂º–ç¬  ß29å∂˚¡–ºß123"]}
12-09 07:44:56.589 I/InstrumentationBackend( 6085): Got command:'Command:'Line:null,keyboard_enter_text', arguments:'[åß9∂º–ç¬  ß29å∂˚¡–ºß123]'
12-09 07:44:56.591 E/SpannableStringBuilder( 6085): SPAN_EXCLUSIVE_EXCLUSIVE spans cannot have a zero length
12-09 07:44:56.591 E/SpannableStringBuilder( 6085): SPAN_EXCLUSIVE_EXCLUSIVE spans cannot have a zero length
12-09 07:44:56.594 E/SpannableStringBuilder( 6085): SPAN_EXCLUSIVE_EXCLUSIVE spans cannot have a zero length
12-09 07:44:56.594 E/SpannableStringBuilder( 6085): SPAN_EXCLUSIVE_EXCLUSIVE spans cannot have a zero length
12-09 07:44:56.599 I/System.out( 6085): result:{"bonusInformation":[],"message":"","success":true}
12-09 07:44:57.177 E/SurfaceFlinger( 1223): ro.sf.lcd_density must be defined as a build property
12-09 07:44:57.201 D/gralloc_ranchu( 1223): gralloc_alloc: Creating ashmem region of size 3686400
12-09 07:44:57.280 D/        ( 6127): HostConnection::get() New Host Connection established 0x7f0c39f52480, tid 6127
12-09 07:44:57.296 E/EGL_emulation( 1223): tid 1223: eglCreateSyncKHR(1881): error 0x3004 (EGL_BAD_ATTRIBUTE)
12-09 07:44:58.331 I/System.out( 6085): URI: //map
12-09 07:44:58.331 I/System.out( 6085): params: {json={"query":"android.widget.EditText id:'odometer'","operation":{"method_name":"query","arguments":[]}}
12-09 07:44:58.331 I/System.out( 6085): }
12-09 07:44:58.350 W/ResourceType( 6085): No package identifier when getting name for resource number 0x00000001
12-09 07:44:58.552 I/System.out( 6085): URI: //gesture
12-09 07:44:58.552 I/System.out( 6085): params: {json={"query_timeout":5.0,"gestures":[{"query_string":"android.widget.EditText id:'odometer'","touches":[{"x":50,"y":50,"offset_x":0,"offset_y":0,"wait":0.0,"time":0.2,"release":true,"query_string":null}]}]}
12-09 07:44:58.552 I/System.out( 6085): }
12-09 07:44:58.557 I/art     ( 6085): Background partial concurrent mark sweep GC freed 73941(3MB) AllocSpace objects, 12(240KB) LOS objects, 40% free, 2MB/4MB, paused 979us total 194.306ms
12-09 07:44:58.562 W/ResourceType( 6085): No package identifier when getting name for resource number 0x00000001
12-09 07:44:58.924 I/LatinIME( 1876): Starting input. Cursor position = 0,0
12-09 07:44:58.983 W/art     ( 6085): Suspending all threads took: 6.444ms
12-09 07:44:58.997 I/art     ( 6085): Background sticky concurrent mark sweep GC freed 44655(2013KB) AllocSpace objects, 1(20KB) LOS objects, 45% free, 2MB/4MB, paused 7.506ms total 83.154ms
12-09 07:44:59.529 I/System.out( 6085): URI: //
12-09 07:44:59.535 I/System.out( 6085): params: {json={"command":"set_selection","arguments":[-1,-1]}
12-09 07:44:59.535 I/System.out( 6085): }
12-09 07:44:59.535 I/System.out( 6085): header: {date=Sun, 09 Dec 2018 07:44:59 GMT, accept=*/*, content-length=47, host=127.0.0.1:34777, user-agent=HTTPClient/1.0 (2.8.3, ruby 2.3.1 (2016-04-26)), content-type=application/json;charset=utf-8}
12-09 07:44:59.535 I/System.out( 6085): params: {json={"command":"set_selection","arguments":[-1,-1]}
12-09 07:44:59.535 I/System.out( 6085): }
12-09 07:44:59.535 I/System.out( 6085): ProP json = {"command":"set_selection","arguments":[-1,-1]}
12-09 07:44:59.536 I/System.out( 6085): files: {}
12-09 07:44:59.536 I/System.out( 6085): command: {"command":"set_selection","arguments":[-1,-1]}
12-09 07:44:59.537 I/InstrumentationBackend( 6085): Got command:'Command:'Line:null,set_selection', arguments:'[-1, -1]'
12-09 07:44:59.558 I/System.out( 6085): result:{"bonusInformation":[],"message":"","success":true}
12-09 07:44:59.732 I/System.out( 6085): URI: //
12-09 07:44:59.732 I/System.out( 6085): params: {json={"command":"keyboard_enter_text","arguments":["=+œå∑ß≈´∂ç®ƒ√†©∫¡™£"]}
12-09 07:44:59.732 I/System.out( 6085): }
12-09 07:44:59.733 I/System.out( 6085): header: {date=Sun, 09 Dec 2018 07:45:00 GMT, accept=*/*, content-length=93, host=127.0.0.1:34777, user-agent=HTTPClient/1.0 (2.8.3, ruby 2.3.1 (2016-04-26)), content-type=application/json;charset=utf-8}
12-09 07:44:59.733 I/System.out( 6085): params: {json={"command":"keyboard_enter_text","arguments":["=+œå∑ß≈´∂ç®ƒ√†©∫¡™£"]}
12-09 07:44:59.733 I/System.out( 6085): }
12-09 07:44:59.733 I/System.out( 6085): ProP json = {"command":"keyboard_enter_text","arguments":["=+œå∑ß≈´∂ç®ƒ√†©∫¡™£"]}
12-09 07:44:59.733 I/System.out( 6085): files: {}
12-09 07:44:59.733 I/System.out( 6085): command: {"command":"keyboard_enter_text","arguments":["=+œå∑ß≈´∂ç®ƒ√†©∫¡™£"]}
12-09 07:44:59.734 I/InstrumentationBackend( 6085): Got command:'Command:'Line:null,keyboard_enter_text', arguments:'[=+œå∑ß≈´∂ç®ƒ√†©∫¡™£]'
12-09 07:44:59.735 E/SpannableStringBuilder( 6085): SPAN_EXCLUSIVE_EXCLUSIVE spans cannot have a zero length
12-09 07:44:59.735 E/SpannableStringBuilder( 6085): SPAN_EXCLUSIVE_EXCLUSIVE spans cannot have a zero length
12-09 07:44:59.737 E/SpannableStringBuilder( 6085): SPAN_EXCLUSIVE_EXCLUSIVE spans cannot have a zero length
12-09 07:44:59.737 E/SpannableStringBuilder( 6085): SPAN_EXCLUSIVE_EXCLUSIVE spans cannot have a zero length
12-09 07:44:59.745 I/System.out( 6085): result:{"bonusInformation":[],"message":"","success":true}
12-09 07:45:00.280 E/SurfaceFlinger( 1223): ro.sf.lcd_density must be defined as a build property
12-09 07:45:00.281 D/gralloc_ranchu( 1223): gralloc_alloc: Creating ashmem region of size 3686400
12-09 07:45:00.353 D/        ( 6137): HostConnection::get() New Host Connection established 0x7f45835d2480, tid 6137
12-09 07:45:00.496 E/EGL_emulation( 1223): tid 1223: eglCreateSyncKHR(1881): error 0x3004 (EGL_BAD_ATTRIBUTE)
12-09 07:45:00.759 D/hwcomposer( 1223): hw_composer sent 530 syncs in 60s
