--------- beginning of main
12-09 07:44:14.627 D/AndroidRuntime( 6419): >>>>>> START com.android.internal.os.RuntimeInit uid 0 <<<<<<
12-09 07:44:14.629 D/AndroidRuntime( 6419): CheckJNI is ON
12-09 07:44:14.643 D/ICU     ( 6419): No timezone override file found: /data/misc/zoneinfo/current/icu/icu_tzdata.dat
12-09 07:44:14.974 E/memtrack( 6419): Couldn't load memtrack module (No such file or directory)
12-09 07:44:14.978 E/android.os.Debug( 6419): failed to load memtrack module: -2
12-09 07:44:14.980 I/Radio-JNI( 6419): register_android_hardware_Radio DONE
12-09 07:44:14.994 D/AndroidRuntime( 6419): Calling main entry com.android.commands.am.Am
--------- beginning of system
12-09 07:44:15.175 I/ActivityManager( 1594): Force stopping com.evancharlton.mileage appid=10121 user=0: start instr
12-09 07:44:15.187 I/ActivityManager( 1594): Killing 6402:com.evancharlton.mileage/u0a121 (adj 0): stop com.evancharlton.mileage
12-09 07:44:15.299 W/ActivityManager( 1594): Crash of app com.evancharlton.mileage running instrumentation ComponentInfo{com.evancharlton.mileage.test/sh.calaba.instrumentationbackend.ClearAppData2}
12-09 07:44:15.299 I/ActivityManager( 1594): Force stopping com.evancharlton.mileage appid=10121 user=0: finished inst
12-09 07:44:15.320 I/ActivityManager( 1594): Start proc 6428:com.evancharlton.mileage/u0a121 for added application com.evancharlton.mileage
12-09 07:44:15.335 D/AndroidRuntime( 6419): Shutting down VM
12-09 07:44:15.351 W/art     ( 1594): Long monitor contention event with owner method=boolean com.android.server.am.ActivityManagerService.startInstrumentation(android.content.ComponentName, java.lang.String, int, android.os.Bundle, android.app.IInstrumentationWatcher, android.app.IUiAutomationConnection, int, java.lang.String) from ActivityManagerService.java:17066 waiters=0 for 120ms
12-09 07:44:15.403 W/ActivityManager( 1594): Spurious death for ProcessRecord{9403ecb 0:com.evancharlton.mileage/u0a121}, curProc for 6402: null
12-09 07:44:15.504 W/System  ( 6428): ClassLoader referenced unknown path: /data/app/com.evancharlton.mileage.test-1/lib/x86_64
12-09 07:44:15.504 W/System  ( 6428): ClassLoader referenced unknown path: /data/app/com.evancharlton.mileage-1/lib/x86_64
12-09 07:44:15.697 I/System.out( 6428): Main activity name automatically set to: com.evancharlton.mileage.Mileage
12-09 07:44:15.697 I/System.out( 6428): Calabash did not load Mono. This is only a problem if you are trying to test a Mono application
12-09 07:44:15.697 I/calabash( 6428): Test server port: 7102
12-09 07:44:15.698 I/InstrumentationBackend( 6428): Added:'GetPreferences', with key:'get_preferences'
12-09 07:44:15.730 I/InstrumentationBackend( 6428): Added:'SetPreferences', with key:'set_preferences'
12-09 07:44:15.735 I/InstrumentationBackend( 6428): Added:'ClearPreferences', with key:'clear_preferences'
12-09 07:44:15.735 I/InstrumentationBackend( 6428): Added:'PressElement', with key:'press_l10n_element'
12-09 07:44:15.735 I/InstrumentationBackend( 6428): Added:'WaitForElement', with key:'wait_for_l10n_element'
12-09 07:44:15.735 I/InstrumentationBackend( 6428): Added:'NullAction', with key:'nullAction'
12-09 07:44:15.737 I/InstrumentationBackend( 6428): Added:'PressKey', with key:'press_key'
12-09 07:44:15.737 I/InstrumentationBackend( 6428): Added:'SetActivityOrientation', with key:'set_activity_orientation'
12-09 07:44:15.737 I/InstrumentationBackend( 6428): Added:'GetActivityOrientation', with key:'get_activity_orientation'
12-09 07:44:15.738 I/InstrumentationBackend( 6428): Added:'FakeGPSLocation', with key:'set_gps_coordinates'
12-09 07:44:15.738 I/InstrumentationBackend( 6428): Added:'SetPropertyByCssSelector', with key:'set_property_by_css_selector'
12-09 07:44:15.738 I/InstrumentationBackend( 6428): Added:'GetUrl', with key:'get_url'
12-09 07:44:15.740 I/InstrumentationBackend( 6428): Added:'ScrollTo', with key:'scroll_to'
12-09 07:44:15.740 I/InstrumentationBackend( 6428): Added:'GetLoadProgress', with key:'get_load_progress'
12-09 07:44:15.740 I/InstrumentationBackend( 6428): Added:'DumpHtml', with key:'dump_html'
12-09 07:44:15.740 I/InstrumentationBackend( 6428): Added:'DumpBodyHtml', with key:'dump_body_html'
12-09 07:44:15.741 I/InstrumentationBackend( 6428): Added:'EnterTextByCssSelector', with key:'enter_text_by_selector'
12-09 07:44:15.742 I/InstrumentationBackend( 6428): Added:'AndroidSDKVersion', with key:'android_sdk_version'
12-09 07:44:15.742 I/InstrumentationBackend( 6428): Added:'Version', with key:'version'
12-09 07:44:15.742 I/InstrumentationBackend( 6428): Added:'Drag', with key:'drag'
12-09 07:44:15.742 I/InstrumentationBackend( 6428): Added:'TouchCoordinates', with key:'touch_coordinate'
12-09 07:44:15.743 I/InstrumentationBackend( 6428): Added:'LongPressCoordinate', with key:'long_press_coordinate'
12-09 07:44:15.743 I/InstrumentationBackend( 6428): Added:'DragCoordinates', with key:'drag_coordinates'
12-09 07:44:15.743 I/InstrumentationBackend( 6428): Added:'ResumeApplication', with key:'resume_application'
12-09 07:44:15.743 I/InstrumentationBackend( 6428): Added:'Swipe', with key:'swipe'
12-09 07:44:15.743 I/InstrumentationBackend( 6428): Added:'DoubleTapCoordinate', with key:'double_tap_coordinate'
12-09 07:44:15.743 I/InstrumentationBackend( 6428): Added:'ClickOnScreen', with key:'click_on_screen'
12-09 07:44:15.744 I/InstrumentationBackend( 6428): Added:'GetActivityName', with key:'get_activity_name'
12-09 07:44:15.744 I/InstrumentationBackend( 6428): Added:'ScrollToView', with key:'scroll_to_view'
12-09 07:44:15.744 I/InstrumentationBackend( 6428): Added:'ViewConfiguration', with key:'view_configuration'
12-09 07:44:15.744 I/InstrumentationBackend( 6428): Added:'IsCurrentActivityFocused', with key:'is_current_activity_focused'
12-09 07:44:15.745 I/InstrumentationBackend( 6428): Added:'SendTcp', with key:'send_tcp'
12-09 07:44:15.745 I/InstrumentationBackend( 6428): Added:'DpToDevicePixel', with key:'dp_to_device_pixel'
12-09 07:44:15.745 I/InstrumentationBackend( 6428): Added:'KeyboardEnterText', with key:'keyboard_enter_text'
12-09 07:44:15.745 I/InstrumentationBackend( 6428): Added:'DeleteSurroundingText', with key:'delete_surrounding_text'
12-09 07:44:15.746 I/InstrumentationBackend( 6428): Added:'SetComposingRegion', with key:'set_composing_region'
12-09 07:44:15.746 I/InstrumentationBackend( 6428): Added:'SetSelection', with key:'set_selection'
12-09 07:44:15.746 I/InstrumentationBackend( 6428): Added:'KeyboardKeyEvent', with key:'keyboard_key_event'
12-09 07:44:15.746 I/InstrumentationBackend( 6428): Added:'PressUserActionButton', with key:'press_user_action_button'
12-09 07:44:15.747 I/InstrumentationBackend( 6428): Added:'HideSoftKeyboard', with key:'hide_soft_keyboard'
12-09 07:44:15.747 I/InstrumentationBackend( 6428): Added:'ListActions', with key:'list_actions'
12-09 07:44:15.747 I/calabash( 6428): Instantiating http server at 7102
12-09 07:44:15.755 I/System.out( 6428): HTTP Daemon listening on: 7102
12-09 07:44:15.827 I/System.out( 6428): URI: //ping
12-09 07:44:15.835 I/System.out( 6428): params: {json={}
12-09 07:44:15.835 I/System.out( 6428): }
12-09 07:44:15.921 I/System.out( 6428): URI: //ping
12-09 07:44:15.921 I/System.out( 6428): params: {json={}
12-09 07:44:15.921 I/System.out( 6428): }
12-09 07:44:16.022 I/System.out( 6428): URI: //ready
12-09 07:44:16.022 I/System.out( 6428): params: {json={}
12-09 07:44:16.022 I/System.out( 6428): }
12-09 07:44:16.152 I/System.out( 6428): URI: //
12-09 07:44:16.152 I/System.out( 6428): params: {json={"command":"version","arguments":[]}
12-09 07:44:16.152 I/System.out( 6428): }
12-09 07:44:16.152 I/System.out( 6428): header: {date=Sun, 09 Dec 2018 07:44:16 GMT, accept=*/*, content-length=36, host=127.0.0.1:34777, user-agent=HTTPClient/1.0 (2.8.3, ruby 2.3.1 (2016-04-26)), content-type=application/json;charset=utf-8}
12-09 07:44:16.152 I/System.out( 6428): params: {json={"command":"version","arguments":[]}
12-09 07:44:16.153 I/System.out( 6428): }
12-09 07:44:16.153 I/System.out( 6428): ProP json = {"command":"version","arguments":[]}
12-09 07:44:16.153 I/System.out( 6428): files: {}
12-09 07:44:16.153 I/System.out( 6428): command: {"command":"version","arguments":[]}
12-09 07:44:16.166 I/InstrumentationBackend( 6428): Got command:'Command:'Line:null,version', arguments:'[]'
12-09 07:44:16.184 I/System.out( 6428): result:{"bonusInformation":[],"message":"0.9.8","success":true}
12-09 07:44:16.271 I/System.out( 6428): URI: //start-application
12-09 07:44:16.271 I/System.out( 6428): params: {json={"intent":null}
12-09 07:44:16.271 I/System.out( 6428): }
12-09 07:44:16.419 I/ActivityManager( 1594): START u0 {act=android.intent.action.MAIN cat=[android.intent.category.LAUNCHER] flg=0x10200000 cmp=com.evancharlton.mileage/.Mileage} from uid 10121 on display 0
12-09 07:44:16.486 I/art     ( 6428): Background partial concurrent mark sweep GC freed 36862(2MB) AllocSpace objects, 15(300KB) LOS objects, 45% free, 1220KB/2MB, paused 11.944ms total 180.949ms
12-09 07:44:16.776 W/art     ( 1594): Long monitor contention event with owner method=int com.android.server.wm.WindowManagerService.relayoutWindow(com.android.server.wm.Session, android.view.IWindow, int, android.view.WindowManager$LayoutParams, int, int, int, int, android.graphics.Rect, android.graphics.Rect, android.graphics.Rect, android.graphics.Rect, android.graphics.Rect, android.graphics.Rect, android.content.res.Configuration, android.view.Surface) from WindowManagerService.java:3103 waiters=0 for 294ms
12-09 07:44:16.804 D/gralloc_ranchu( 1219): gralloc_alloc: Creating ashmem region of size 3686400
12-09 07:44:16.810 I/calabash( 6428): newActivity1
12-09 07:44:16.872 I/calabash( 6428): newActivity1
12-09 07:44:16.874 W/ActivityManager( 1594): Bad activity token: android.os.BinderProxy@a516df2
12-09 07:44:16.874 W/ActivityManager( 1594): java.lang.ClassCastException: android.os.BinderProxy cannot be cast to com.android.server.am.ActivityRecord$Token
12-09 07:44:16.874 W/ActivityManager( 1594): 	at com.android.server.am.ActivityRecord.forTokenLocked(ActivityRecord.java:424)
12-09 07:44:16.874 W/ActivityManager( 1594): 	at com.android.server.am.ActivityRecord.isInStackLocked(ActivityRecord.java:1121)
12-09 07:44:16.874 W/ActivityManager( 1594): 	at com.android.server.am.ActivityRecord.getStackLocked(ActivityRecord.java:1126)
12-09 07:44:16.874 W/ActivityManager( 1594): 	at com.android.server.am.ActivityManagerService.getActivityDisplayId(ActivityManagerService.java:8889)
12-09 07:44:16.874 W/ActivityManager( 1594): 	at android.app.ActivityManagerNative.onTransact(ActivityManagerNative.java:2338)
12-09 07:44:16.874 W/ActivityManager( 1594): 	at com.android.server.am.ActivityManagerService.onTransact(ActivityManagerService.java:2443)
12-09 07:44:16.874 W/ActivityManager( 1594): 	at android.os.Binder.execTransact(Binder.java:453)
12-09 07:44:16.883 W/ActivityManager( 1594): Bad activity token: android.os.BinderProxy@a516df2
12-09 07:44:16.883 W/ActivityManager( 1594): java.lang.ClassCastException: android.os.BinderProxy cannot be cast to com.android.server.am.ActivityRecord$Token
12-09 07:44:16.883 W/ActivityManager( 1594): 	at com.android.server.am.ActivityRecord.forTokenLocked(ActivityRecord.java:424)
12-09 07:44:16.883 W/ActivityManager( 1594): 	at com.android.server.am.ActivityRecord.isInStackLocked(ActivityRecord.java:1121)
12-09 07:44:16.883 W/ActivityManager( 1594): 	at com.android.server.am.ActivityManagerService.setTaskDescription(ActivityManagerService.java:8547)
12-09 07:44:16.883 W/ActivityManager( 1594): 	at android.app.ActivityManagerNative.onTransact(ActivityManagerNative.java:2410)
12-09 07:44:16.883 W/ActivityManager( 1594): 	at com.android.server.am.ActivityManagerService.onTransact(ActivityManagerService.java:2443)
12-09 07:44:16.883 W/ActivityManager( 1594): 	at android.os.Binder.execTransact(Binder.java:453)
12-09 07:44:17.150 D/FillupsProvider( 6428): Creating database
12-09 07:44:17.351 D/EGL_emulation( 1899): eglMakeCurrent: 0x7f347faf4dc0: ver 2 0 (tinfo 0x7f347fac2ce0)
12-09 07:44:17.356 E/Surface ( 1899): getSlotFromBufferLocked: unknown buffer: 0x7f347c0f9480
12-09 07:44:17.423 I/art     ( 6428): Background sticky concurrent mark sweep GC freed 7440(494KB) AllocSpace objects, 0(0B) LOS objects, 20% free, 1793KB/2MB, paused 1.383ms total 129.866ms
12-09 07:44:17.435 W/ActivityManager( 1594): Bad activity token: android.os.BinderProxy@a516df2
12-09 07:44:17.435 W/ActivityManager( 1594): java.lang.ClassCastException: android.os.BinderProxy cannot be cast to com.android.server.am.ActivityRecord$Token
12-09 07:44:17.435 W/ActivityManager( 1594): 	at com.android.server.am.ActivityRecord.forTokenLocked(ActivityRecord.java:424)
12-09 07:44:17.435 W/ActivityManager( 1594): 	at com.android.server.am.ActivityRecord.isInStackLocked(ActivityRecord.java:1121)
12-09 07:44:17.435 W/ActivityManager( 1594): 	at com.android.server.am.ActivityManagerService.getActivityOptions(ActivityManagerService.java:11038)
12-09 07:44:17.435 W/ActivityManager( 1594): 	at android.app.ActivityManagerNative.onTransact(ActivityManagerNative.java:1734)
12-09 07:44:17.435 W/ActivityManager( 1594): 	at com.android.server.am.ActivityManagerService.onTransact(ActivityManagerService.java:2443)
12-09 07:44:17.435 W/ActivityManager( 1594): 	at android.os.Binder.execTransact(Binder.java:453)
12-09 07:44:17.436 W/ActivityManager( 1594): Bad activity token: android.os.BinderProxy@a516df2
12-09 07:44:17.436 W/ActivityManager( 1594): java.lang.ClassCastException: android.os.BinderProxy cannot be cast to com.android.server.am.ActivityRecord$Token
12-09 07:44:17.436 W/ActivityManager( 1594): 	at com.android.server.am.ActivityRecord.forTokenLocked(ActivityRecord.java:424)
12-09 07:44:17.436 W/ActivityManager( 1594): 	at com.android.server.am.ActivityRecord.isInStackLocked(ActivityRecord.java:1121)
12-09 07:44:17.436 W/ActivityManager( 1594): 	at com.android.server.am.ActivityManagerService.getActivityOptions(ActivityManagerService.java:11038)
12-09 07:44:17.436 W/ActivityManager( 1594): 	at android.app.ActivityManagerNative.onTransact(ActivityManagerNative.java:1734)
12-09 07:44:17.436 W/ActivityManager( 1594): 	at com.android.server.am.ActivityManagerService.onTransact(ActivityManagerService.java:2443)
12-09 07:44:17.436 W/ActivityManager( 1594): 	at android.os.Binder.execTransact(Binder.java:453)
12-09 07:44:18.319 W/art     ( 1594): Long monitor contention event with owner method=void com.android.server.wm.WindowAnimator$1.doFrame(long) from WindowAnimator.java:121 waiters=1 for 371ms
12-09 07:44:18.434 W/art     ( 1594): Long monitor contention event with owner method=int com.android.server.wm.WindowManagerService.relayoutWindow(com.android.server.wm.Session, android.view.IWindow, int, android.view.WindowManager$LayoutParams, int, int, int, int, android.graphics.Rect, android.graphics.Rect, android.graphics.Rect, android.graphics.Rect, android.graphics.Rect, android.graphics.Rect, android.content.res.Configuration, android.view.Surface) from WindowManagerService.java:3103 waiters=1 for 124ms
12-09 07:44:18.453 I/Choreographer( 6428): Skipped 47 frames!  The application may be doing too much work on its main thread.
12-09 07:44:18.454 D/gralloc_ranchu( 1219): gralloc_alloc: Creating ashmem region of size 3686400
12-09 07:44:18.509 D/        ( 6428): HostConnection::get() New Host Connection established 0x7f347c1bf1c0, tid 6428
12-09 07:44:18.648 I/ActivityManager( 1594): Displayed com.evancharlton.mileage/.Mileage: +1s858ms
12-09 07:44:18.759 W/art     ( 6428): Suspending all threads took: 11.738ms
12-09 07:44:18.788 I/art     ( 6428): Background partial concurrent mark sweep GC freed 2187(179KB) AllocSpace objects, 0(0B) LOS objects, 39% free, 2MB/4MB, paused 12.996ms total 121.042ms
12-09 07:44:18.816 W/art     ( 1594): Long monitor contention event with owner method=void com.android.server.wm.WindowAnimator$1.doFrame(long) from WindowAnimator.java:121 waiters=0 for 113ms
12-09 07:44:18.832 I/System.out( 6428): URI: //
12-09 07:44:18.832 I/System.out( 6428): params: {json={"command":"set_activity_orientation","arguments":["landscape"]}
12-09 07:44:18.832 I/System.out( 6428): }
12-09 07:44:18.832 I/System.out( 6428): header: {date=Sun, 09 Dec 2018 07:44:19 GMT, accept=*/*, content-length=64, host=127.0.0.1:34777, user-agent=HTTPClient/1.0 (2.8.3, ruby 2.3.1 (2016-04-26)), content-type=application/json;charset=utf-8}
12-09 07:44:18.832 I/System.out( 6428): params: {json={"command":"set_activity_orientation","arguments":["landscape"]}
12-09 07:44:18.832 I/System.out( 6428): }
12-09 07:44:18.832 I/System.out( 6428): ProP json = {"command":"set_activity_orientation","arguments":["landscape"]}
12-09 07:44:18.832 I/System.out( 6428): files: {}
12-09 07:44:18.832 I/System.out( 6428): command: {"command":"set_activity_orientation","arguments":["landscape"]}
12-09 07:44:18.833 I/InstrumentationBackend( 6428): Got command:'Command:'Line:null,set_activity_orientation', arguments:'[landscape]'
12-09 07:44:18.853 D/gralloc_ranchu( 1219): gralloc_alloc: Creating ashmem region of size 3686400
12-09 07:44:18.986 W/art     ( 1594): Long monitor contention event with owner method=void com.android.server.am.ActivityManagerService.activityIdle(android.os.IBinder, android.content.res.Configuration, boolean) from ActivityManagerService.java:6197 waiters=0 for 152ms
12-09 07:44:19.087 D/gralloc_ranchu( 1219): gralloc_alloc: Creating ashmem region of size 3686400
12-09 07:44:19.168 D/gralloc_ranchu( 1219): gralloc_alloc: Creating ashmem region of size 3686400
12-09 07:44:19.371 E/EGL_emulation( 1219): tid 1219: eglCreateSyncKHR(1881): error 0x3004 (EGL_BAD_ATTRIBUTE)
12-09 07:44:19.775 I/ActivityManager( 1594): Config changes=480 {1.0 310mcc260mnc en_US ldltr sw720dp w1280dp h696dp 160dpi xlrg long land finger -keyb/v/h tball/v s.13}
12-09 07:44:19.777 W/art     ( 1594): Long monitor contention event with owner method=android.content.res.Configuration com.android.server.wm.WindowManagerService.updateOrientationFromAppTokens(android.content.res.Configuration, android.os.IBinder) from WindowManagerService.java:3950 waiters=0 for 789ms
12-09 07:44:19.999 W/art     ( 1594): Long monitor contention event with owner method=void com.android.server.am.ActivityManagerService.setRequestedOrientation(android.os.IBinder, int) from ActivityManagerService.java:4192 waiters=0 for 988ms
12-09 07:44:20.000 W/art     ( 1594): Long monitor contention event with owner method=void com.android.server.am.ActivityManagerService.setRequestedOrientation(android.os.IBinder, int) from ActivityManagerService.java:4192 waiters=1 for 505ms
12-09 07:44:20.007 W/art     ( 1594): Long monitor contention event with owner method=void com.android.server.am.ActivityManagerService.setRequestedOrientation(android.os.IBinder, int) from ActivityManagerService.java:4192 waiters=2 for 228ms
12-09 07:44:20.066 I/InputReader( 1594): Reconfiguring input devices.  changes=0x00000004
12-09 07:44:20.066 I/InputReader( 1594): Device reconfigured: id=0, name='qwerty2', size 720x1280, orientation 1, mode 1, display id 0
12-09 07:44:20.257 I/System.out( 6428): result:{"bonusInformation":[],"message":"","success":true}
12-09 07:44:20.420 D/EGL_emulation( 1594): eglMakeCurrent: 0x7f347faf5a40: ver 2 0 (tinfo 0x7f3471e74840)
12-09 07:44:20.421 E/Surface ( 1594): getSlotFromBufferLocked: unknown buffer: 0x7f347faf7f20
12-09 07:44:20.424 D/EGL_emulation( 1594): eglMakeCurrent: 0x7f347faf5a40: ver 2 0 (tinfo 0x7f3471e74840)
12-09 07:44:20.476 I/calabash( 6428): newActivity1
12-09 07:44:20.511 I/calabash( 6428): newActivity1
12-09 07:44:20.512 W/ActivityManager( 1594): Bad activity token: android.os.BinderProxy@f163016
12-09 07:44:20.512 W/ActivityManager( 1594): java.lang.ClassCastException: android.os.BinderProxy cannot be cast to com.android.server.am.ActivityRecord$Token
12-09 07:44:20.512 W/ActivityManager( 1594): 	at com.android.server.am.ActivityRecord.forTokenLocked(ActivityRecord.java:424)
12-09 07:44:20.512 W/ActivityManager( 1594): 	at com.android.server.am.ActivityRecord.isInStackLocked(ActivityRecord.java:1121)
12-09 07:44:20.512 W/ActivityManager( 1594): 	at com.android.server.am.ActivityRecord.getStackLocked(ActivityRecord.java:1126)
12-09 07:44:20.512 W/ActivityManager( 1594): 	at com.android.server.am.ActivityManagerService.getActivityDisplayId(ActivityManagerService.java:8889)
12-09 07:44:20.512 W/ActivityManager( 1594): 	at android.app.ActivityManagerNative.onTransact(ActivityManagerNative.java:2338)
12-09 07:44:20.512 W/ActivityManager( 1594): 	at com.android.server.am.ActivityManagerService.onTransact(ActivityManagerService.java:2443)
12-09 07:44:20.512 W/ActivityManager( 1594): 	at android.os.Binder.execTransact(Binder.java:453)
12-09 07:44:20.514 W/ActivityManager( 1594): Bad activity token: android.os.BinderProxy@f163016
12-09 07:44:20.514 W/ActivityManager( 1594): java.lang.ClassCastException: android.os.BinderProxy cannot be cast to com.android.server.am.ActivityRecord$Token
12-09 07:44:20.514 W/ActivityManager( 1594): 	at com.android.server.am.ActivityRecord.forTokenLocked(ActivityRecord.java:424)
12-09 07:44:20.514 W/ActivityManager( 1594): 	at com.android.server.am.ActivityRecord.isInStackLocked(ActivityRecord.java:1121)
12-09 07:44:20.514 W/ActivityManager( 1594): 	at com.android.server.am.ActivityManagerService.setTaskDescription(ActivityManagerService.java:8547)
12-09 07:44:20.514 W/ActivityManager( 1594): 	at android.app.ActivityManagerNative.onTransact(ActivityManagerNative.java:2410)
12-09 07:44:20.514 W/ActivityManager( 1594): 	at com.android.server.am.ActivityManagerService.onTransact(ActivityManagerService.java:2443)
12-09 07:44:20.514 W/ActivityManager( 1594): 	at android.os.Binder.execTransact(Binder.java:453)
12-09 07:44:20.534 W/ActivityManager( 1594): Bad activity token: android.os.BinderProxy@f163016
12-09 07:44:20.534 W/ActivityManager( 1594): java.lang.ClassCastException: android.os.BinderProxy cannot be cast to com.android.server.am.ActivityRecord$Token
12-09 07:44:20.534 W/ActivityManager( 1594): 	at com.android.server.am.ActivityRecord.forTokenLocked(ActivityRecord.java:424)
12-09 07:44:20.534 W/ActivityManager( 1594): 	at com.android.server.am.ActivityRecord.isInStackLocked(ActivityRecord.java:1121)
12-09 07:44:20.534 W/ActivityManager( 1594): 	at com.android.server.am.ActivityManagerService.getActivityOptions(ActivityManagerService.java:11038)
12-09 07:44:20.534 W/ActivityManager( 1594): 	at android.app.ActivityManagerNative.onTransact(ActivityManagerNative.java:1734)
12-09 07:44:20.534 W/ActivityManager( 1594): 	at com.android.server.am.ActivityManagerService.onTransact(ActivityManagerService.java:2443)
12-09 07:44:20.534 W/ActivityManager( 1594): 	at android.os.Binder.execTransact(Binder.java:453)
12-09 07:44:20.534 W/ActivityManager( 1594): Bad activity token: android.os.BinderProxy@f163016
12-09 07:44:20.534 W/ActivityManager( 1594): java.lang.ClassCastException: android.os.BinderProxy cannot be cast to com.android.server.am.ActivityRecord$Token
12-09 07:44:20.534 W/ActivityManager( 1594): 	at com.android.server.am.ActivityRecord.forTokenLocked(ActivityRecord.java:424)
12-09 07:44:20.534 W/ActivityManager( 1594): 	at com.android.server.am.ActivityRecord.isInStackLocked(ActivityRecord.java:1121)
12-09 07:44:20.534 W/ActivityManager( 1594): 	at com.android.server.am.ActivityManagerService.getActivityOptions(ActivityManagerService.java:11038)
12-09 07:44:20.534 W/ActivityManager( 1594): 	at android.app.ActivityManagerNative.onTransact(ActivityManagerNative.java:1734)
12-09 07:44:20.534 W/ActivityManager( 1594): 	at com.android.server.am.ActivityManagerService.onTransact(ActivityManagerService.java:2443)
12-09 07:44:20.534 W/ActivityManager( 1594): 	at android.os.Binder.execTransact(Binder.java:453)
12-09 07:44:20.619 D/EGL_emulation( 1697): eglMakeCurrent: 0x7f347c0f7180: ver 2 0 (tinfo 0x7f34737b2b40)
12-09 07:44:20.641 E/Surface ( 1697): getSlotFromBufferLocked: unknown buffer: 0x7f347c0fa100
12-09 07:44:20.642 D/EGL_emulation( 1697): eglMakeCurrent: 0x7f347c0f7180: ver 2 0 (tinfo 0x7f34737b2b40)
12-09 07:44:20.783 D/gralloc_ranchu( 1219): gralloc_alloc: Creating ashmem region of size 3686400
12-09 07:44:20.986 W/WindowManager( 1594): Window freeze timeout expired.
12-09 07:44:20.987 W/WindowManager( 1594): Force clearing orientation change: Window{6cf0b84 u0 com.evancharlton.mileage/com.evancharlton.mileage.Mileage}
12-09 07:44:20.987 W/WindowManager( 1594): Force clearing orientation change: Window{336bcac u0 com.android.systemui.ImageWallpaper}
12-09 07:44:21.023 I/WindowManager( 1594): Screen frozen for +2s37ms due to Window{6cf0b84 u0 com.evancharlton.mileage/com.evancharlton.mileage.Mileage}
12-09 07:44:21.876 D/gralloc_ranchu( 1219): gralloc_alloc: Creating ashmem region of size 3686400
12-09 07:44:22.032 D/gralloc_ranchu( 1219): gralloc_alloc: Creating ashmem region of size 3686400
12-09 07:44:22.784 E/SurfaceFlinger( 1219): ro.sf.lcd_density must be defined as a build property
12-09 07:44:22.785 D/gralloc_ranchu( 1219): gralloc_alloc: Creating ashmem region of size 3686400
12-09 07:44:22.806 D/        ( 6456): HostConnection::get() New Host Connection established 0x7f4a02fd2480, tid 6456
12-09 07:44:22.821 E/EGL_emulation( 1219): tid 1219: eglCreateSyncKHR(1881): error 0x3004 (EGL_BAD_ATTRIBUTE)
12-09 07:44:23.194 I/art     ( 1594): Starting a blocking GC Explicit
12-09 07:44:23.258 I/art     ( 1594): Explicit concurrent mark sweep GC freed 9228(797KB) AllocSpace objects, 3(60KB) LOS objects, 29% free, 9MB/13MB, paused 9.527ms total 54.616ms
12-09 07:44:23.532 I/System.out( 6428): URI: //
12-09 07:44:23.532 I/System.out( 6428): params: {json={"command":"set_activity_orientation","arguments":["portrait"]}
12-09 07:44:23.532 I/System.out( 6428): }
12-09 07:44:23.532 I/System.out( 6428): header: {date=Sun, 09 Dec 2018 07:44:24 GMT, accept=*/*, content-length=63, host=127.0.0.1:34777, user-agent=HTTPClient/1.0 (2.8.3, ruby 2.3.1 (2016-04-26)), content-type=application/json;charset=utf-8}
12-09 07:44:23.532 I/System.out( 6428): params: {json={"command":"set_activity_orientation","arguments":["portrait"]}
12-09 07:44:23.532 I/System.out( 6428): }
12-09 07:44:23.532 I/System.out( 6428): ProP json = {"command":"set_activity_orientation","arguments":["portrait"]}
12-09 07:44:23.532 I/System.out( 6428): files: {}
12-09 07:44:23.532 I/System.out( 6428): command: {"command":"set_activity_orientation","arguments":["portrait"]}
12-09 07:44:23.533 I/InstrumentationBackend( 6428): Got command:'Command:'Line:null,set_activity_orientation', arguments:'[portrait]'
12-09 07:44:23.542 D/gralloc_ranchu( 1219): gralloc_alloc: Creating ashmem region of size 3686400
12-09 07:44:23.655 E/EGL_emulation( 1219): tid 1219: eglCreateSyncKHR(1881): error 0x3004 (EGL_BAD_ATTRIBUTE)
12-09 07:44:23.836 I/ActivityManager( 1594): Config changes=480 {1.0 310mcc260mnc en_US ldltr sw720dp w720dp h1256dp 160dpi xlrg long port finger -keyb/v/h tball/v s.14}
12-09 07:44:23.899 W/art     ( 1594): Long monitor contention event with owner method=android.content.res.Configuration com.android.server.wm.WindowManagerService.updateOrientationFromAppTokens(android.content.res.Configuration, android.os.IBinder) from WindowManagerService.java:3950 waiters=0 for 153ms
12-09 07:44:23.967 I/InputReader( 1594): Reconfiguring input devices.  changes=0x00000004
12-09 07:44:23.967 I/InputReader( 1594): Device reconfigured: id=0, name='qwerty2', size 720x1280, orientation 0, mode 1, display id 0
12-09 07:44:23.976 I/calabash( 6428): newActivity1
12-09 07:44:24.176 I/System.out( 6428): result:{"bonusInformation":[],"message":"","success":true}
12-09 07:44:24.247 D/EGL_emulation( 1594): eglMakeCurrent: 0x7f347faf5a40: ver 2 0 (tinfo 0x7f3471e74840)
12-09 07:44:24.248 E/Surface ( 1594): getSlotFromBufferLocked: unknown buffer: 0x7f347faf7fc0
12-09 07:44:24.265 D/EGL_emulation( 1594): eglMakeCurrent: 0x7f347faf5a40: ver 2 0 (tinfo 0x7f3471e74840)
12-09 07:44:24.337 I/calabash( 6428): newActivity1
12-09 07:44:24.338 W/ActivityManager( 1594): Bad activity token: android.os.BinderProxy@5ca471c
12-09 07:44:24.338 W/ActivityManager( 1594): java.lang.ClassCastException: android.os.BinderProxy cannot be cast to com.android.server.am.ActivityRecord$Token
12-09 07:44:24.338 W/ActivityManager( 1594): 	at com.android.server.am.ActivityRecord.forTokenLocked(ActivityRecord.java:424)
12-09 07:44:24.338 W/ActivityManager( 1594): 	at com.android.server.am.ActivityRecord.isInStackLocked(ActivityRecord.java:1121)
12-09 07:44:24.338 W/ActivityManager( 1594): 	at com.android.server.am.ActivityRecord.getStackLocked(ActivityRecord.java:1126)
12-09 07:44:24.338 W/ActivityManager( 1594): 	at com.android.server.am.ActivityManagerService.getActivityDisplayId(ActivityManagerService.java:8889)
12-09 07:44:24.338 W/ActivityManager( 1594): 	at android.app.ActivityManagerNative.onTransact(ActivityManagerNative.java:2338)
12-09 07:44:24.338 W/ActivityManager( 1594): 	at com.android.server.am.ActivityManagerService.onTransact(ActivityManagerService.java:2443)
12-09 07:44:24.338 W/ActivityManager( 1594): 	at android.os.Binder.execTransact(Binder.java:453)
12-09 07:44:24.344 W/ActivityManager( 1594): Bad activity token: android.os.BinderProxy@5ca471c
12-09 07:44:24.344 W/ActivityManager( 1594): java.lang.ClassCastException: android.os.BinderProxy cannot be cast to com.android.server.am.ActivityRecord$Token
12-09 07:44:24.344 W/ActivityManager( 1594): 	at com.android.server.am.ActivityRecord.forTokenLocked(ActivityRecord.java:424)
12-09 07:44:24.344 W/ActivityManager( 1594): 	at com.android.server.am.ActivityRecord.isInStackLocked(ActivityRecord.java:1121)
12-09 07:44:24.344 W/ActivityManager( 1594): 	at com.android.server.am.ActivityManagerService.setTaskDescription(ActivityManagerService.java:8547)
12-09 07:44:24.344 W/ActivityManager( 1594): 	at android.app.ActivityManagerNative.onTransact(ActivityManagerNative.java:2410)
12-09 07:44:24.344 W/ActivityManager( 1594): 	at com.android.server.am.ActivityManagerService.onTransact(ActivityManagerService.java:2443)
12-09 07:44:24.344 W/ActivityManager( 1594): 	at android.os.Binder.execTransact(Binder.java:453)
12-09 07:44:24.383 W/ActivityManager( 1594): Bad activity token: android.os.BinderProxy@5ca471c
12-09 07:44:24.383 W/ActivityManager( 1594): java.lang.ClassCastException: android.os.BinderProxy cannot be cast to com.android.server.am.ActivityRecord$Token
12-09 07:44:24.383 W/ActivityManager( 1594): 	at com.android.server.am.ActivityRecord.forTokenLocked(ActivityRecord.java:424)
12-09 07:44:24.383 W/ActivityManager( 1594): 	at com.android.server.am.ActivityRecord.isInStackLocked(ActivityRecord.java:1121)
12-09 07:44:24.383 W/ActivityManager( 1594): 	at com.android.server.am.ActivityManagerService.getActivityOptions(ActivityManagerService.java:11038)
12-09 07:44:24.383 W/ActivityManager( 1594): 	at android.app.ActivityManagerNative.onTransact(ActivityManagerNative.java:1734)
12-09 07:44:24.383 W/ActivityManager( 1594): 	at com.android.server.am.ActivityManagerService.onTransact(ActivityManagerService.java:2443)
12-09 07:44:24.383 W/ActivityManager( 1594): 	at android.os.Binder.execTransact(Binder.java:453)
12-09 07:44:24.384 W/ActivityManager( 1594): Bad activity token: android.os.BinderProxy@5ca471c
12-09 07:44:24.384 W/ActivityManager( 1594): java.lang.ClassCastException: android.os.BinderProxy cannot be cast to com.android.server.am.ActivityRecord$Token
12-09 07:44:24.384 W/ActivityManager( 1594): 	at com.android.server.am.ActivityRecord.forTokenLocked(ActivityRecord.java:424)
12-09 07:44:24.384 W/ActivityManager( 1594): 	at com.android.server.am.ActivityRecord.isInStackLocked(ActivityRecord.java:1121)
12-09 07:44:24.384 W/ActivityManager( 1594): 	at com.android.server.am.ActivityManagerService.getActivityOptions(ActivityManagerService.java:11038)
12-09 07:44:24.384 W/ActivityManager( 1594): 	at android.app.ActivityManagerNative.onTransact(ActivityManagerNative.java:1734)
12-09 07:44:24.384 W/ActivityManager( 1594): 	at com.android.server.am.ActivityManagerService.onTransact(ActivityManagerService.java:2443)
12-09 07:44:24.384 W/ActivityManager( 1594): 	at android.os.Binder.execTransact(Binder.java:453)
12-09 07:44:24.440 D/EGL_emulation( 1697): eglMakeCurrent: 0x7f347c0f7180: ver 2 0 (tinfo 0x7f34737b2b40)
12-09 07:44:24.455 E/Surface ( 1697): getSlotFromBufferLocked: unknown buffer: 0x7f347c0f9700
12-09 07:44:24.558 I/Choreographer( 6428): Skipped 38 frames!  The application may be doing too much work on its main thread.
12-09 07:44:24.583 D/EGL_emulation( 1697): eglMakeCurrent: 0x7f347c0f7180: ver 2 0 (tinfo 0x7f34737b2b40)
12-09 07:44:24.980 D/gralloc_ranchu( 1219): gralloc_alloc: Creating ashmem region of size 3686400
12-09 07:44:25.168 I/WindowManager( 1594): Screen frozen for +1s634ms due to Window{a5218fa u0 com.evancharlton.mileage/com.evancharlton.mileage.Mileage}
12-09 07:44:25.527 W/art     ( 1594): Long monitor contention event with owner method=void com.android.server.wm.WindowManagerService$H.handleMessage(android.os.Message) from WindowManagerService.java:7820 waiters=0 for 357ms
12-09 07:44:25.784 D/gralloc_ranchu( 1219): gralloc_alloc: Creating ashmem region of size 3686400
12-09 07:44:26.120 D/gralloc_ranchu( 1219): gralloc_alloc: Creating ashmem region of size 3686400
12-09 07:44:26.756 E/SurfaceFlinger( 1219): ro.sf.lcd_density must be defined as a build property
12-09 07:44:26.857 D/gralloc_ranchu( 1219): gralloc_alloc: Creating ashmem region of size 3686400
12-09 07:44:26.918 D/        ( 6462): HostConnection::get() New Host Connection established 0x7fc2a3592480, tid 6462
12-09 07:44:26.957 E/EGL_emulation( 1219): tid 1219: eglCreateSyncKHR(1881): error 0x3004 (EGL_BAD_ATTRIBUTE)
12-09 07:44:27.531 I/art     ( 1594): Starting a blocking GC Explicit
12-09 07:44:27.572 I/art     ( 1594): Explicit concurrent mark sweep GC freed 4854(358KB) AllocSpace objects, 0(0B) LOS objects, 30% free, 9MB/13MB, paused 1.421ms total 34.824ms
