--------- beginning of main
12-09 07:44:22.599 W/art     ( 1595): Long monitor contention event with owner method=void com.android.server.wm.WindowAnimator$1.doFrame(long) from WindowAnimator.java:121 waiters=1 for 149ms
12-09 07:44:23.078 W/art     ( 1595): Long monitor contention event with owner method=void com.android.server.wm.WindowAnimator$1.doFrame(long) from WindowAnimator.java:121 waiters=1 for 389ms
12-09 07:44:23.117 W/art     ( 1595): Long monitor contention event with owner method=void com.android.server.wm.WindowAnimator$1.doFrame(long) from WindowAnimator.java:121 waiters=1 for 373ms
12-09 07:44:23.591 W/art     ( 1595): Long monitor contention event with owner method=void com.android.server.wm.WindowAnimator$1.doFrame(long) from WindowAnimator.java:121 waiters=1 for 221ms
12-09 07:44:23.688 W/art     ( 1595): Long monitor contention event with owner method=void com.android.server.wm.WindowAnimator$1.doFrame(long) from WindowAnimator.java:121 waiters=1 for 228ms
12-09 07:44:23.960 W/art     ( 1595): Long monitor contention event with owner method=void com.android.server.wm.WindowAnimator$1.doFrame(long) from WindowAnimator.java:121 waiters=1 for 122ms
--------- beginning of system
12-09 07:44:23.960 I/WindowManager( 1595): Screenshot max retries 4 of Token{f1a0658 ActivityRecord{b26ef3b u0 com.evancharlton.mileage.test/sh.calaba.instrumentationbackend.StatusReporterActivity t347 f}} appWin=Window{882a17a u0 Starting com.evancharlton.mileage.test} drawState=3
12-09 07:44:23.974 W/art     ( 1595): Long monitor contention event with owner method=boolean com.android.server.am.ActivityManagerService.finishActivity(android.os.IBinder, int, android.content.Intent, boolean) from ActivityManagerService.java:4245 waiters=0 for 2.849s
12-09 07:44:23.974 W/art     ( 1595): Long monitor contention event with owner method=boolean com.android.server.am.ActivityManagerService.finishActivity(android.os.IBinder, int, android.content.Intent, boolean) from ActivityManagerService.java:4245 waiters=1 for 2.602s
12-09 07:44:23.975 W/art     ( 1595): Long monitor contention event with owner method=boolean com.android.server.am.ActivityManagerService.finishActivity(android.os.IBinder, int, android.content.Intent, boolean) from ActivityManagerService.java:4245 waiters=2 for 1.555s
12-09 07:44:24.219 W/art     ( 1595): Long monitor contention event with owner method=void com.android.server.am.ActivityManagerService.activityPaused(android.os.IBinder) from ActivityManagerService.java:6439 waiters=1 for 123ms
12-09 07:44:24.227 W/art     ( 1595): Long monitor contention event with owner method=void com.android.server.am.ActivityManagerService.activityPaused(android.os.IBinder) from ActivityManagerService.java:6439 waiters=2 for 132ms
12-09 07:44:24.397 D/AndroidRuntime( 5917): >>>>>> START com.android.internal.os.RuntimeInit uid 0 <<<<<<
12-09 07:44:24.405 D/AndroidRuntime( 5917): CheckJNI is ON
12-09 07:44:24.426 D/ICU     ( 5917): No timezone override file found: /data/misc/zoneinfo/current/icu/icu_tzdata.dat
12-09 07:44:24.622 E/memtrack( 5917): Couldn't load memtrack module (No such file or directory)
12-09 07:44:24.622 E/android.os.Debug( 5917): failed to load memtrack module: -2
12-09 07:44:24.623 I/Radio-JNI( 5917): register_android_hardware_Radio DONE
12-09 07:44:24.788 D/AndroidRuntime( 5917): Calling main entry com.android.commands.am.Am
12-09 07:44:24.789 I/ActivityManager( 1595): Force stopping com.evancharlton.mileage appid=10119 user=0: start instr
12-09 07:44:24.804 I/ActivityManager( 1595): Killing 5887:com.evancharlton.mileage/u0a119 (adj 0): stop com.evancharlton.mileage
12-09 07:44:25.733 W/SurfaceFlinger( 1219): Timed out waiting for hw vsync; faking it
12-09 07:44:25.733 W/SurfaceFlinger( 1219): Timed out waiting for hw vsync; faking it
12-09 07:44:25.771 W/ActivityManager( 1595): Crash of app com.evancharlton.mileage running instrumentation ComponentInfo{com.evancharlton.mileage.test/sh.calaba.instrumentationbackend.ClearAppData2}
12-09 07:44:25.771 I/ActivityManager( 1595): Force stopping com.evancharlton.mileage appid=10119 user=0: finished inst
12-09 07:44:25.805 W/InputMethodManagerService( 1595): Window already focused, ignoring focus gain of: com.android.internal.view.IInputMethodClient$Stub$Proxy@a095b46 attribute=null, token = android.os.BinderProxy@1a37b08
12-09 07:44:25.833 I/ActivityManager( 1595): Start proc 5926:com.evancharlton.mileage/u0a119 for added application com.evancharlton.mileage
12-09 07:44:25.834 W/art     ( 1595): Long monitor contention event with owner method=boolean com.android.server.am.ActivityManagerService.startInstrumentation(android.content.ComponentName, java.lang.String, int, android.os.Bundle, android.app.IInstrumentationWatcher, android.app.IUiAutomationConnection, int, java.lang.String) from ActivityManagerService.java:17066 waiters=0 for 1.018s
12-09 07:44:25.834 D/AndroidRuntime( 5917): Shutting down VM
12-09 07:44:25.849 W/art     ( 1595): Long monitor contention event with owner method=boolean com.android.server.am.ActivityManagerService.startInstrumentation(android.content.ComponentName, java.lang.String, int, android.os.Bundle, android.app.IInstrumentationWatcher, android.app.IUiAutomationConnection, int, java.lang.String) from ActivityManagerService.java:17066 waiters=1 for 116ms
12-09 07:44:25.850 W/ActivityManager( 1595): Spurious death for ProcessRecord{def6107 0:com.evancharlton.mileage/u0a119}, curProc for 5887: null
12-09 07:44:25.991 W/System  ( 5926): ClassLoader referenced unknown path: /data/app/com.evancharlton.mileage.test-1/lib/x86_64
12-09 07:44:25.991 W/System  ( 5926): ClassLoader referenced unknown path: /data/app/com.evancharlton.mileage-1/lib/x86_64
12-09 07:44:26.064 I/System.out( 5926): Main activity name automatically set to: com.evancharlton.mileage.Mileage
12-09 07:44:26.075 I/System.out( 5926): Calabash did not load Mono. This is only a problem if you are trying to test a Mono application
12-09 07:44:26.104 I/calabash( 5926): Test server port: 7102
12-09 07:44:26.109 I/InstrumentationBackend( 5926): Added:'GetPreferences', with key:'get_preferences'
12-09 07:44:26.524 I/InstrumentationBackend( 5926): Added:'SetPreferences', with key:'set_preferences'
12-09 07:44:26.525 I/InstrumentationBackend( 5926): Added:'ClearPreferences', with key:'clear_preferences'
12-09 07:44:26.525 I/InstrumentationBackend( 5926): Added:'PressElement', with key:'press_l10n_element'
12-09 07:44:26.525 I/InstrumentationBackend( 5926): Added:'WaitForElement', with key:'wait_for_l10n_element'
12-09 07:44:26.525 I/InstrumentationBackend( 5926): Added:'NullAction', with key:'nullAction'
12-09 07:44:26.526 I/InstrumentationBackend( 5926): Added:'PressKey', with key:'press_key'
12-09 07:44:26.526 I/InstrumentationBackend( 5926): Added:'SetActivityOrientation', with key:'set_activity_orientation'
12-09 07:44:26.526 I/InstrumentationBackend( 5926): Added:'GetActivityOrientation', with key:'get_activity_orientation'
12-09 07:44:26.531 I/InstrumentationBackend( 5926): Added:'FakeGPSLocation', with key:'set_gps_coordinates'
12-09 07:44:26.532 I/InstrumentationBackend( 5926): Added:'SetPropertyByCssSelector', with key:'set_property_by_css_selector'
12-09 07:44:26.532 I/InstrumentationBackend( 5926): Added:'GetUrl', with key:'get_url'
12-09 07:44:26.556 I/InstrumentationBackend( 5926): Added:'ScrollTo', with key:'scroll_to'
12-09 07:44:26.556 I/InstrumentationBackend( 5926): Added:'GetLoadProgress', with key:'get_load_progress'
12-09 07:44:26.556 I/InstrumentationBackend( 5926): Added:'DumpHtml', with key:'dump_html'
12-09 07:44:26.557 I/InstrumentationBackend( 5926): Added:'DumpBodyHtml', with key:'dump_body_html'
12-09 07:44:26.557 I/InstrumentationBackend( 5926): Added:'EnterTextByCssSelector', with key:'enter_text_by_selector'
12-09 07:44:26.592 I/InstrumentationBackend( 5926): Added:'AndroidSDKVersion', with key:'android_sdk_version'
12-09 07:44:26.592 I/InstrumentationBackend( 5926): Added:'Version', with key:'version'
12-09 07:44:26.592 I/InstrumentationBackend( 5926): Added:'Drag', with key:'drag'
12-09 07:44:26.592 I/InstrumentationBackend( 5926): Added:'TouchCoordinates', with key:'touch_coordinate'
12-09 07:44:26.593 I/InstrumentationBackend( 5926): Added:'LongPressCoordinate', with key:'long_press_coordinate'
12-09 07:44:26.593 I/InstrumentationBackend( 5926): Added:'DragCoordinates', with key:'drag_coordinates'
12-09 07:44:26.593 I/InstrumentationBackend( 5926): Added:'ResumeApplication', with key:'resume_application'
12-09 07:44:26.593 I/InstrumentationBackend( 5926): Added:'Swipe', with key:'swipe'
12-09 07:44:26.593 I/InstrumentationBackend( 5926): Added:'DoubleTapCoordinate', with key:'double_tap_coordinate'
12-09 07:44:26.593 I/InstrumentationBackend( 5926): Added:'ClickOnScreen', with key:'click_on_screen'
12-09 07:44:26.593 I/InstrumentationBackend( 5926): Added:'GetActivityName', with key:'get_activity_name'
12-09 07:44:26.594 I/InstrumentationBackend( 5926): Added:'ScrollToView', with key:'scroll_to_view'
12-09 07:44:26.594 I/InstrumentationBackend( 5926): Added:'ViewConfiguration', with key:'view_configuration'
12-09 07:44:26.594 I/InstrumentationBackend( 5926): Added:'IsCurrentActivityFocused', with key:'is_current_activity_focused'
12-09 07:44:26.594 I/InstrumentationBackend( 5926): Added:'SendTcp', with key:'send_tcp'
12-09 07:44:26.594 I/InstrumentationBackend( 5926): Added:'DpToDevicePixel', with key:'dp_to_device_pixel'
12-09 07:44:26.606 I/InstrumentationBackend( 5926): Added:'KeyboardEnterText', with key:'keyboard_enter_text'
12-09 07:44:26.607 I/InstrumentationBackend( 5926): Added:'DeleteSurroundingText', with key:'delete_surrounding_text'
12-09 07:44:26.607 I/InstrumentationBackend( 5926): Added:'SetComposingRegion', with key:'set_composing_region'
12-09 07:44:26.607 I/InstrumentationBackend( 5926): Added:'SetSelection', with key:'set_selection'
12-09 07:44:26.607 I/InstrumentationBackend( 5926): Added:'KeyboardKeyEvent', with key:'keyboard_key_event'
12-09 07:44:26.607 I/InstrumentationBackend( 5926): Added:'PressUserActionButton', with key:'press_user_action_button'
12-09 07:44:26.609 I/InstrumentationBackend( 5926): Added:'HideSoftKeyboard', with key:'hide_soft_keyboard'
12-09 07:44:26.609 I/InstrumentationBackend( 5926): Added:'ListActions', with key:'list_actions'
12-09 07:44:26.610 I/calabash( 5926): Instantiating http server at 7102
12-09 07:44:26.616 I/art     ( 5926): Background sticky concurrent mark sweep GC freed 44773(1643KB) AllocSpace objects, 0(0B) LOS objects, 69% free, 1182KB/3MB, paused 3.573ms total 545.013ms
12-09 07:44:26.617 I/System.out( 5926): HTTP Daemon listening on: 7102
12-09 07:44:26.748 I/System.out( 5926): URI: //ping
12-09 07:44:26.764 I/System.out( 5926): params: {json={}
12-09 07:44:26.764 I/System.out( 5926): }
12-09 07:44:26.820 I/System.out( 5926): URI: //ping
12-09 07:44:26.820 I/System.out( 5926): params: {json={}
12-09 07:44:26.821 I/System.out( 5926): }
12-09 07:44:26.848 I/System.out( 5926): URI: //ready
12-09 07:44:26.849 I/System.out( 5926): params: {json={}
12-09 07:44:26.849 I/System.out( 5926): }
12-09 07:44:26.884 I/System.out( 5926): URI: //
12-09 07:44:26.884 I/System.out( 5926): params: {json={"command":"version","arguments":[]}
12-09 07:44:26.884 I/System.out( 5926): }
12-09 07:44:26.884 I/System.out( 5926): header: {date=Sun, 09 Dec 2018 07:44:27 GMT, accept=*/*, content-length=36, host=127.0.0.1:34777, user-agent=HTTPClient/1.0 (2.8.3, ruby 2.3.1 (2016-04-26)), content-type=application/json;charset=utf-8}
12-09 07:44:26.884 I/System.out( 5926): params: {json={"command":"version","arguments":[]}
12-09 07:44:26.884 I/System.out( 5926): }
12-09 07:44:26.884 I/System.out( 5926): ProP json = {"command":"version","arguments":[]}
12-09 07:44:26.884 I/System.out( 5926): files: {}
12-09 07:44:26.884 I/System.out( 5926): command: {"command":"version","arguments":[]}
12-09 07:44:26.894 I/InstrumentationBackend( 5926): Got command:'Command:'Line:null,version', arguments:'[]'
12-09 07:44:26.915 I/System.out( 5926): result:{"bonusInformation":[],"message":"0.9.8","success":true}
12-09 07:44:26.961 I/System.out( 5926): URI: //start-application
12-09 07:44:26.961 I/System.out( 5926): params: {json={"intent":null}
12-09 07:44:26.961 I/System.out( 5926): }
12-09 07:44:26.981 I/ActivityManager( 1595): START u0 {act=android.intent.action.MAIN cat=[android.intent.category.LAUNCHER] flg=0x10200000 cmp=com.evancharlton.mileage/.Mileage} from uid 10119 on display 0
12-09 07:44:27.184 I/calabash( 5926): newActivity1
12-09 07:44:27.194 D/gralloc_ranchu( 1219): gralloc_alloc: Creating ashmem region of size 3686400
12-09 07:44:27.204 I/calabash( 5926): newActivity1
12-09 07:44:27.206 W/ActivityManager( 1595): Bad activity token: android.os.BinderProxy@159f615
12-09 07:44:27.206 W/ActivityManager( 1595): java.lang.ClassCastException: android.os.BinderProxy cannot be cast to com.android.server.am.ActivityRecord$Token
12-09 07:44:27.206 W/ActivityManager( 1595): 	at com.android.server.am.ActivityRecord.forTokenLocked(ActivityRecord.java:424)
12-09 07:44:27.206 W/ActivityManager( 1595): 	at com.android.server.am.ActivityRecord.isInStackLocked(ActivityRecord.java:1121)
12-09 07:44:27.206 W/ActivityManager( 1595): 	at com.android.server.am.ActivityRecord.getStackLocked(ActivityRecord.java:1126)
12-09 07:44:27.206 W/ActivityManager( 1595): 	at com.android.server.am.ActivityManagerService.getActivityDisplayId(ActivityManagerService.java:8889)
12-09 07:44:27.206 W/ActivityManager( 1595): 	at android.app.ActivityManagerNative.onTransact(ActivityManagerNative.java:2338)
12-09 07:44:27.206 W/ActivityManager( 1595): 	at com.android.server.am.ActivityManagerService.onTransact(ActivityManagerService.java:2443)
12-09 07:44:27.206 W/ActivityManager( 1595): 	at android.os.Binder.execTransact(Binder.java:453)
12-09 07:44:27.207 W/ActivityManager( 1595): Bad activity token: android.os.BinderProxy@159f615
12-09 07:44:27.207 W/ActivityManager( 1595): java.lang.ClassCastException: android.os.BinderProxy cannot be cast to com.android.server.am.ActivityRecord$Token
12-09 07:44:27.207 W/ActivityManager( 1595): 	at com.android.server.am.ActivityRecord.forTokenLocked(ActivityRecord.java:424)
12-09 07:44:27.207 W/ActivityManager( 1595): 	at com.android.server.am.ActivityRecord.isInStackLocked(ActivityRecord.java:1121)
12-09 07:44:27.207 W/ActivityManager( 1595): 	at com.android.server.am.ActivityManagerService.setTaskDescription(ActivityManagerService.java:8547)
12-09 07:44:27.207 W/ActivityManager( 1595): 	at android.app.ActivityManagerNative.onTransact(ActivityManagerNative.java:2410)
12-09 07:44:27.207 W/ActivityManager( 1595): 	at com.android.server.am.ActivityManagerService.onTransact(ActivityManagerService.java:2443)
12-09 07:44:27.207 W/ActivityManager( 1595): 	at android.os.Binder.execTransact(Binder.java:453)
12-09 07:44:27.347 V/PhoneStatusBar( 1681): setLightsOn(true)
12-09 07:44:27.363 D/FillupsProvider( 5926): Creating database
12-09 07:44:27.439 D/EGL_emulation( 1931): eglMakeCurrent: 0x7f918a7a1d20: ver 2 0 (tinfo 0x7f918a7828e0)
12-09 07:44:27.445 E/Surface ( 1931): getSlotFromBufferLocked: unknown buffer: 0x7f9186f08fc0
12-09 07:44:27.804 I/art     ( 5926): Background sticky concurrent mark sweep GC freed 7370(468KB) AllocSpace objects, 0(0B) LOS objects, 27% free, 1630KB/2MB, paused 1.214ms total 247.249ms
12-09 07:44:27.845 W/ActivityManager( 1595): Bad activity token: android.os.BinderProxy@159f615
12-09 07:44:27.845 W/ActivityManager( 1595): java.lang.ClassCastException: android.os.BinderProxy cannot be cast to com.android.server.am.ActivityRecord$Token
12-09 07:44:27.845 W/ActivityManager( 1595): 	at com.android.server.am.ActivityRecord.forTokenLocked(ActivityRecord.java:424)
12-09 07:44:27.845 W/ActivityManager( 1595): 	at com.android.server.am.ActivityRecord.isInStackLocked(ActivityRecord.java:1121)
12-09 07:44:27.845 W/ActivityManager( 1595): 	at com.android.server.am.ActivityManagerService.getActivityOptions(ActivityManagerService.java:11038)
12-09 07:44:27.845 W/ActivityManager( 1595): 	at android.app.ActivityManagerNative.onTransact(ActivityManagerNative.java:1734)
12-09 07:44:27.845 W/ActivityManager( 1595): 	at com.android.server.am.ActivityManagerService.onTransact(ActivityManagerService.java:2443)
12-09 07:44:27.845 W/ActivityManager( 1595): 	at android.os.Binder.execTransact(Binder.java:453)
12-09 07:44:27.845 W/ActivityManager( 1595): Bad activity token: android.os.BinderProxy@159f615
12-09 07:44:27.845 W/ActivityManager( 1595): java.lang.ClassCastException: android.os.BinderProxy cannot be cast to com.android.server.am.ActivityRecord$Token
12-09 07:44:27.845 W/ActivityManager( 1595): 	at com.android.server.am.ActivityRecord.forTokenLocked(ActivityRecord.java:424)
12-09 07:44:27.845 W/ActivityManager( 1595): 	at com.android.server.am.ActivityRecord.isInStackLocked(ActivityRecord.java:1121)
12-09 07:44:27.845 W/ActivityManager( 1595): 	at com.android.server.am.ActivityManagerService.getActivityOptions(ActivityManagerService.java:11038)
12-09 07:44:27.845 W/ActivityManager( 1595): 	at android.app.ActivityManagerNative.onTransact(ActivityManagerNative.java:1734)
12-09 07:44:27.845 W/ActivityManager( 1595): 	at com.android.server.am.ActivityManagerService.onTransact(ActivityManagerService.java:2443)
12-09 07:44:27.845 W/ActivityManager( 1595): 	at android.os.Binder.execTransact(Binder.java:453)
12-09 07:44:28.280 W/art     ( 1595): Long monitor contention event with owner method=void com.android.server.wm.WindowAnimator$1.doFrame(long) from WindowAnimator.java:121 waiters=1 for 230ms
12-09 07:44:28.386 W/art     ( 1595): Long monitor contention event with owner method=java.util.List com.android.server.am.ActivityManagerService.getAllStackInfos() from ActivityManagerService.java:8937 waiters=0 for 334ms
12-09 07:44:28.724 D/gralloc_ranchu( 1219): gralloc_alloc: Creating ashmem region of size 3686400
12-09 07:44:28.827 D/        ( 5926): HostConnection::get() New Host Connection established 0x7f91887070a0, tid 5926
12-09 07:44:28.891 I/ActivityManager( 1595): Displayed com.evancharlton.mileage/.Mileage: +1s851ms
12-09 07:44:28.901 D/gralloc_ranchu( 1219): gralloc_alloc: Creating ashmem region of size 3686400
12-09 07:44:28.947 I/ContentMaintenance( 2385): Internal cache bytes used: 0; limit: 40626585; download size: 0
12-09 07:44:29.144 I/RealtimeCacheCleanup( 2385): Beginning Realtime garbage collection.
12-09 07:44:29.145 I/RealtimeCacheCleanup( 2385): Finished Realtime garbage collection.
12-09 07:44:29.530 I/System.out( 5926): URI: //map
12-09 07:44:29.530 I/System.out( 5926): params: {json={"query":"android.widget.Button index:2","operation":{"method_name":"query","arguments":[]}}
12-09 07:44:29.530 I/System.out( 5926): }
12-09 07:44:29.722 I/art     ( 5926): Background sticky concurrent mark sweep GC freed 39263(1825KB) AllocSpace objects, 1(20KB) LOS objects, 26% free, 2MB/3MB, paused 5.350ms total 117.276ms
12-09 07:44:29.741 I/System.out( 5926): URI: //gesture
12-09 07:44:29.748 I/System.out( 5926): params: {json={"query_timeout":5.0,"gestures":[{"query_string":"android.widget.Button index:2","touches":[{"x":50,"y":50,"offset_x":0,"offset_y":0,"wait":0.0,"time":0.2,"release":true,"query_string":null}]}]}
12-09 07:44:29.748 I/System.out( 5926): }
12-09 07:44:29.911 I/art     ( 5926): Background partial concurrent mark sweep GC freed 15396(742KB) AllocSpace objects, 3(60KB) LOS objects, 40% free, 2MB/3MB, paused 9.017ms total 20.461ms
12-09 07:44:30.038 D/gralloc_ranchu( 1219): gralloc_alloc: Creating ashmem region of size 3686400
12-09 07:44:30.173 W/art     ( 1595): Long monitor contention event with owner method=void com.android.server.pm.PackageManagerService$PackageHandler.doHandleMessage(android.os.Message) from PackageManagerService.java:1497 waiters=0 for 135ms
12-09 07:44:30.553 W/AudioTrack( 1595): AUDIO_OUTPUT_FLAG_FAST denied by client; transfer 4, track 48000 Hz, output 44100 Hz
12-09 07:44:30.617 W/audio_hw_generic( 1310): Hardware backing HAL too slow, could only write 0 of 661 frames
12-09 07:44:30.632 W/audio_hw_generic( 1310): Hardware backing HAL too slow, could only write 0 of 661 frames
12-09 07:44:30.644 W/audio_hw_generic( 1310): Hardware backing HAL too slow, could only write 0 of 661 frames
12-09 07:44:30.708 W/audio_hw_generic( 1310): Not supplying enough data to HAL, expected position 7008158 , only wrote 7007922
12-09 07:44:30.708 W/audio_hw_generic( 1310): Not supplying enough data to HAL, expected position 7007928 , only wrote 7007922
12-09 07:44:30.854 W/audio_hw_generic( 1310): Not supplying enough data to HAL, expected position 7014355 , only wrote 7013210
12-09 07:44:30.854 W/audio_hw_generic( 1310): Not supplying enough data to HAL, expected position 7013216 , only wrote 7013210
12-09 07:44:30.869 W/audio_hw_generic( 1310): Not supplying enough data to HAL, expected position 7013884 , only wrote 7013871
12-09 07:44:30.921 D/gralloc_ranchu( 1219): gralloc_alloc: Creating ashmem region of size 45056
12-09 07:44:30.924 W/audio_hw_generic( 1310): Hardware backing HAL too slow, could only write 0 of 661 frames
12-09 07:44:30.941 W/audio_hw_generic( 1310): Hardware backing HAL too slow, could only write 0 of 661 frames
12-09 07:44:30.947 W/audio_hw_generic( 1310): Hardware backing HAL too slow, could only write 0 of 661 frames
12-09 07:44:31.049 W/audio_hw_generic( 1310): Not supplying enough data to HAL, expected position 7021787 , only wrote 7021142
12-09 07:44:31.049 W/audio_hw_generic( 1310): Not supplying enough data to HAL, expected position 7021148 , only wrote 7021142
12-09 07:44:31.068 W/audio_hw_generic( 1310): Not supplying enough data to HAL, expected position 7021971 , only wrote 7021803
12-09 07:44:31.182 E/SurfaceFlinger( 1219): ro.sf.lcd_density must be defined as a build property
12-09 07:44:31.223 D/gralloc_ranchu( 1219): gralloc_alloc: Creating ashmem region of size 3686400
12-09 07:44:31.250 D/        ( 5954): HostConnection::get() New Host Connection established 0x7f09874d2480, tid 5954
12-09 07:44:31.329 W/audio_hw_generic( 1310): Not supplying enough data to HAL, expected position 7033343 , only wrote 7031057
12-09 07:44:31.352 W/audio_hw_generic( 1310): Not supplying enough data to HAL, expected position 7032063 , only wrote 7031057
12-09 07:44:31.356 E/EGL_emulation( 1219): tid 1219: eglCreateSyncKHR(1881): error 0x3004 (EGL_BAD_ATTRIBUTE)
12-09 07:44:31.388 W/audio_hw_generic( 1310): Not supplying enough data to HAL, expected position 7032623 , only wrote 7031718
12-09 07:44:31.524 W/audio_hw_generic( 1310): Not supplying enough data to HAL, expected position 7037709 , only wrote 7037667
12-09 07:44:31.524 W/audio_hw_generic( 1310): Not supplying enough data to HAL, expected position 7037673 , only wrote 7037667
12-09 07:44:31.540 W/audio_hw_generic( 1310): Not supplying enough data to HAL, expected position 7038372 , only wrote 7038328
12-09 07:44:31.670 W/audio_hw_generic( 1310): Hardware backing HAL too slow, could only write 0 of 661 frames
12-09 07:44:31.680 W/audio_hw_generic( 1310): Hardware backing HAL too slow, could only write 0 of 661 frames
12-09 07:44:31.833 W/audio_hw_generic( 1310): Not supplying enough data to HAL, expected position 7051273 , only wrote 7050887
12-09 07:44:31.833 W/audio_hw_generic( 1310): Not supplying enough data to HAL, expected position 7050893 , only wrote 7050887
12-09 07:44:31.905 W/audio_hw_generic( 1310): Hardware backing HAL too slow, could only write 0 of 661 frames
12-09 07:44:31.923 W/audio_hw_generic( 1310): Hardware backing HAL too slow, could only write 0 of 661 frames
12-09 07:44:31.933 W/audio_hw_generic( 1310): Hardware backing HAL too slow, could only write 0 of 661 frames
12-09 07:44:31.963 W/audio_hw_generic( 1310): Hardware backing HAL too slow, could only write 0 of 661 frames
12-09 07:44:31.984 W/audio_hw_generic( 1310): Hardware backing HAL too slow, could only write 0 of 661 frames
12-09 07:44:32.319 W/audio_hw_generic( 1310): Not supplying enough data to HAL, expected position 7072319 , only wrote 7067412
