--------- beginning of main
12-09 08:15:42.130 D/EGL_emulation( 1922): eglMakeCurrent: 0x7fb74a334dc0: ver 2 0 (tinfo 0x7fb74a302d00)
--------- beginning of system
12-09 08:15:42.146 W/InputMethodManagerService( 1591): Window already focused, ignoring focus gain of: com.android.internal.view.IInputMethodClient$Stub$Proxy@192eceb attribute=null, token = android.os.BinderProxy@48a9745
12-09 08:15:42.745 D/AndroidRuntime(15908): >>>>>> START com.android.internal.os.RuntimeInit uid 0 <<<<<<
12-09 08:15:42.769 D/AndroidRuntime(15908): CheckJNI is ON
12-09 08:15:42.802 D/ICU     (15908): No timezone override file found: /data/misc/zoneinfo/current/icu/icu_tzdata.dat
12-09 08:15:42.970 I/Choreographer( 1922): Skipped 41 frames!  The application may be doing too much work on its main thread.
12-09 08:15:43.037 W/OpenGLRenderer( 1922): Incorrectly called buildLayer on View: ShortcutAndWidgetContainer, destroying layer...
12-09 08:15:43.253 E/memtrack(15908): Couldn't load memtrack module (No such file or directory)
12-09 08:15:43.253 E/android.os.Debug(15908): failed to load memtrack module: -2
12-09 08:15:43.258 I/Radio-JNI(15908): register_android_hardware_Radio DONE
12-09 08:15:43.351 D/AndroidRuntime(15908): Calling main entry com.android.commands.am.Am
12-09 08:15:43.379 I/ActivityManager( 1591): Force stopping com.evancharlton.mileage appid=10137 user=0: start instr
12-09 08:15:43.380 I/ActivityManager( 1591): Killing 15878:com.evancharlton.mileage/u0a137 (adj 0): stop com.evancharlton.mileage
12-09 08:15:43.432 W/ActivityManager( 1591): Crash of app com.evancharlton.mileage running instrumentation ComponentInfo{com.evancharlton.mileage.test/sh.calaba.instrumentationbackend.ClearAppData2}
12-09 08:15:43.432 I/ActivityManager( 1591): Force stopping com.evancharlton.mileage appid=10137 user=0: finished inst
12-09 08:15:43.636 I/ActivityManager( 1591): Start proc 15917:com.evancharlton.mileage/u0a137 for added application com.evancharlton.mileage
12-09 08:15:43.637 D/AndroidRuntime(15908): Shutting down VM
12-09 08:15:43.639 W/art     ( 1591): Long monitor contention event with owner method=boolean com.android.server.am.ActivityManagerService.startInstrumentation(android.content.ComponentName, java.lang.String, int, android.os.Bundle, android.app.IInstrumentationWatcher, android.app.IUiAutomationConnection, int, java.lang.String) from ActivityManagerService.java:17066 waiters=1 for 156ms
12-09 08:15:43.687 I/art     (15917): Background sticky concurrent mark sweep GC freed 3797(182KB) AllocSpace objects, 0(0B) LOS objects, 74% free, 324KB/1295KB, paused 19.148ms total 33.278ms
12-09 08:15:44.018 W/System  (15917): ClassLoader referenced unknown path: /data/app/com.evancharlton.mileage.test-1/lib/x86_64
12-09 08:15:44.018 W/System  (15917): ClassLoader referenced unknown path: /data/app/com.evancharlton.mileage-1/lib/x86_64
12-09 08:15:44.050 I/System.out(15917): Main activity name automatically set to: com.evancharlton.mileage.Mileage
12-09 08:15:44.064 I/System.out(15917): Calabash did not load Mono. This is only a problem if you are trying to test a Mono application
12-09 08:15:44.064 I/calabash(15917): Test server port: 7102
12-09 08:15:44.064 I/InstrumentationBackend(15917): Added:'GetPreferences', with key:'get_preferences'
12-09 08:15:44.189 I/InstrumentationBackend(15917): Added:'SetPreferences', with key:'set_preferences'
12-09 08:15:44.189 I/InstrumentationBackend(15917): Added:'ClearPreferences', with key:'clear_preferences'
12-09 08:15:44.190 I/InstrumentationBackend(15917): Added:'PressElement', with key:'press_l10n_element'
12-09 08:15:44.190 I/InstrumentationBackend(15917): Added:'WaitForElement', with key:'wait_for_l10n_element'
12-09 08:15:44.190 I/InstrumentationBackend(15917): Added:'NullAction', with key:'nullAction'
12-09 08:15:44.190 I/InstrumentationBackend(15917): Added:'PressKey', with key:'press_key'
12-09 08:15:44.190 I/InstrumentationBackend(15917): Added:'SetActivityOrientation', with key:'set_activity_orientation'
12-09 08:15:44.199 I/InstrumentationBackend(15917): Added:'GetActivityOrientation', with key:'get_activity_orientation'
12-09 08:15:44.212 I/InstrumentationBackend(15917): Added:'FakeGPSLocation', with key:'set_gps_coordinates'
12-09 08:15:44.212 I/InstrumentationBackend(15917): Added:'SetPropertyByCssSelector', with key:'set_property_by_css_selector'
12-09 08:15:44.212 I/InstrumentationBackend(15917): Added:'GetUrl', with key:'get_url'
12-09 08:15:44.213 I/InstrumentationBackend(15917): Added:'ScrollTo', with key:'scroll_to'
12-09 08:15:44.213 I/InstrumentationBackend(15917): Added:'GetLoadProgress', with key:'get_load_progress'
12-09 08:15:44.213 I/InstrumentationBackend(15917): Added:'DumpHtml', with key:'dump_html'
12-09 08:15:44.213 I/InstrumentationBackend(15917): Added:'DumpBodyHtml', with key:'dump_body_html'
12-09 08:15:44.214 I/InstrumentationBackend(15917): Added:'EnterTextByCssSelector', with key:'enter_text_by_selector'
12-09 08:15:44.215 I/InstrumentationBackend(15917): Added:'AndroidSDKVersion', with key:'android_sdk_version'
12-09 08:15:44.235 I/InstrumentationBackend(15917): Added:'Version', with key:'version'
12-09 08:15:44.235 I/InstrumentationBackend(15917): Added:'Drag', with key:'drag'
12-09 08:15:44.235 I/InstrumentationBackend(15917): Added:'TouchCoordinates', with key:'touch_coordinate'
12-09 08:15:44.235 I/InstrumentationBackend(15917): Added:'LongPressCoordinate', with key:'long_press_coordinate'
12-09 08:15:44.236 I/InstrumentationBackend(15917): Added:'DragCoordinates', with key:'drag_coordinates'
12-09 08:15:44.236 I/InstrumentationBackend(15917): Added:'ResumeApplication', with key:'resume_application'
12-09 08:15:44.236 I/InstrumentationBackend(15917): Added:'Swipe', with key:'swipe'
12-09 08:15:44.236 I/InstrumentationBackend(15917): Added:'DoubleTapCoordinate', with key:'double_tap_coordinate'
12-09 08:15:44.236 I/InstrumentationBackend(15917): Added:'ClickOnScreen', with key:'click_on_screen'
12-09 08:15:44.236 I/InstrumentationBackend(15917): Added:'GetActivityName', with key:'get_activity_name'
12-09 08:15:44.237 I/InstrumentationBackend(15917): Added:'ScrollToView', with key:'scroll_to_view'
12-09 08:15:44.237 I/InstrumentationBackend(15917): Added:'ViewConfiguration', with key:'view_configuration'
12-09 08:15:44.237 I/InstrumentationBackend(15917): Added:'IsCurrentActivityFocused', with key:'is_current_activity_focused'
12-09 08:15:44.237 I/InstrumentationBackend(15917): Added:'SendTcp', with key:'send_tcp'
12-09 08:15:44.237 I/InstrumentationBackend(15917): Added:'DpToDevicePixel', with key:'dp_to_device_pixel'
12-09 08:15:44.238 I/InstrumentationBackend(15917): Added:'KeyboardEnterText', with key:'keyboard_enter_text'
12-09 08:15:44.238 I/InstrumentationBackend(15917): Added:'DeleteSurroundingText', with key:'delete_surrounding_text'
12-09 08:15:44.238 I/InstrumentationBackend(15917): Added:'SetComposingRegion', with key:'set_composing_region'
12-09 08:15:44.238 I/InstrumentationBackend(15917): Added:'SetSelection', with key:'set_selection'
12-09 08:15:44.238 I/InstrumentationBackend(15917): Added:'KeyboardKeyEvent', with key:'keyboard_key_event'
12-09 08:15:44.247 I/art     (15917): Background partial concurrent mark sweep GC freed 3275(339KB) AllocSpace objects, 0(0B) LOS objects, 50% free, 1011KB/2035KB, paused 11.720ms total 91.821ms
12-09 08:15:44.247 I/InstrumentationBackend(15917): Added:'PressUserActionButton', with key:'press_user_action_button'
12-09 08:15:44.248 I/InstrumentationBackend(15917): Added:'HideSoftKeyboard', with key:'hide_soft_keyboard'
12-09 08:15:44.248 I/InstrumentationBackend(15917): Added:'ListActions', with key:'list_actions'
12-09 08:15:44.248 I/calabash(15917): Instantiating http server at 7102
12-09 08:15:44.249 I/System.out(15917): HTTP Daemon listening on: 7102
12-09 08:15:44.408 I/System.out(15917): URI: //ping
12-09 08:15:44.409 I/System.out(15917): params: {json={}
12-09 08:15:44.409 I/System.out(15917): }
12-09 08:15:44.456 I/System.out(15917): URI: //ping
12-09 08:15:44.456 I/System.out(15917): params: {json={}
12-09 08:15:44.456 I/System.out(15917): }
12-09 08:15:44.556 I/System.out(15917): URI: //ready
12-09 08:15:44.563 I/System.out(15917): params: {json={}
12-09 08:15:44.563 I/System.out(15917): }
12-09 08:15:44.627 I/System.out(15917): URI: //
12-09 08:15:44.627 I/System.out(15917): params: {json={"command":"version","arguments":[]}
12-09 08:15:44.627 I/System.out(15917): }
12-09 08:15:44.627 I/System.out(15917): header: {date=Sun, 09 Dec 2018 08:15:45 GMT, accept=*/*, content-length=36, host=127.0.0.1:34777, user-agent=HTTPClient/1.0 (2.8.3, ruby 2.3.1 (2016-04-26)), content-type=application/json;charset=utf-8}
12-09 08:15:44.627 I/System.out(15917): params: {json={"command":"version","arguments":[]}
12-09 08:15:44.627 I/System.out(15917): }
12-09 08:15:44.627 I/System.out(15917): ProP json = {"command":"version","arguments":[]}
12-09 08:15:44.627 I/System.out(15917): files: {}
12-09 08:15:44.627 I/System.out(15917): command: {"command":"version","arguments":[]}
12-09 08:15:44.636 I/InstrumentationBackend(15917): Got command:'Command:'Line:null,version', arguments:'[]'
12-09 08:15:44.679 I/System.out(15917): result:{"bonusInformation":[],"message":"0.9.8","success":true}
12-09 08:15:44.855 I/System.out(15917): URI: //start-application
12-09 08:15:44.859 I/System.out(15917): params: {json={"intent":null}
12-09 08:15:44.859 I/System.out(15917): }
12-09 08:15:44.909 I/ActivityManager( 1591): START u0 {act=android.intent.action.MAIN cat=[android.intent.category.LAUNCHER] flg=0x10200000 cmp=com.evancharlton.mileage/.Mileage} from uid 10137 on display 0
12-09 08:15:45.168 D/gralloc_ranchu( 1218): gralloc_alloc: Creating ashmem region of size 3686400
12-09 08:15:45.172 I/calabash(15917): newActivity1
12-09 08:15:45.213 I/calabash(15917): newActivity1
12-09 08:15:45.215 W/ActivityManager( 1591): Bad activity token: android.os.BinderProxy@72ce6db
12-09 08:15:45.215 W/ActivityManager( 1591): java.lang.ClassCastException: android.os.BinderProxy cannot be cast to com.android.server.am.ActivityRecord$Token
12-09 08:15:45.215 W/ActivityManager( 1591): 	at com.android.server.am.ActivityRecord.forTokenLocked(ActivityRecord.java:424)
12-09 08:15:45.215 W/ActivityManager( 1591): 	at com.android.server.am.ActivityRecord.isInStackLocked(ActivityRecord.java:1121)
12-09 08:15:45.215 W/ActivityManager( 1591): 	at com.android.server.am.ActivityRecord.getStackLocked(ActivityRecord.java:1126)
12-09 08:15:45.215 W/ActivityManager( 1591): 	at com.android.server.am.ActivityManagerService.getActivityDisplayId(ActivityManagerService.java:8889)
12-09 08:15:45.215 W/ActivityManager( 1591): 	at android.app.ActivityManagerNative.onTransact(ActivityManagerNative.java:2338)
12-09 08:15:45.215 W/ActivityManager( 1591): 	at com.android.server.am.ActivityManagerService.onTransact(ActivityManagerService.java:2443)
12-09 08:15:45.215 W/ActivityManager( 1591): 	at android.os.Binder.execTransact(Binder.java:453)
12-09 08:15:45.224 W/ActivityManager( 1591): Bad activity token: android.os.BinderProxy@72ce6db
12-09 08:15:45.224 W/ActivityManager( 1591): java.lang.ClassCastException: android.os.BinderProxy cannot be cast to com.android.server.am.ActivityRecord$Token
12-09 08:15:45.224 W/ActivityManager( 1591): 	at com.android.server.am.ActivityRecord.forTokenLocked(ActivityRecord.java:424)
12-09 08:15:45.224 W/ActivityManager( 1591): 	at com.android.server.am.ActivityRecord.isInStackLocked(ActivityRecord.java:1121)
12-09 08:15:45.224 W/ActivityManager( 1591): 	at com.android.server.am.ActivityManagerService.setTaskDescription(ActivityManagerService.java:8547)
12-09 08:15:45.224 W/ActivityManager( 1591): 	at android.app.ActivityManagerNative.onTransact(ActivityManagerNative.java:2410)
12-09 08:15:45.224 W/ActivityManager( 1591): 	at com.android.server.am.ActivityManagerService.onTransact(ActivityManagerService.java:2443)
12-09 08:15:45.224 W/ActivityManager( 1591): 	at android.os.Binder.execTransact(Binder.java:453)
12-09 08:15:45.474 V/PhoneStatusBar( 2205): setLightsOn(true)
12-09 08:15:45.606 D/EGL_emulation( 1922): eglMakeCurrent: 0x7fb74a334dc0: ver 2 0 (tinfo 0x7fb74a302d00)
12-09 08:15:45.623 E/Surface ( 1922): getSlotFromBufferLocked: unknown buffer: 0x7fb7468d4f80
12-09 08:15:45.712 D/FillupsProvider(15917): Creating database
12-09 08:15:45.916 I/art     (15917): Background partial concurrent mark sweep GC freed 7515(404KB) AllocSpace objects, 3(60KB) LOS objects, 39% free, 1811KB/2MB, paused 1.070ms total 138.657ms
12-09 08:15:45.939 W/ActivityManager( 1591): Bad activity token: android.os.BinderProxy@72ce6db
12-09 08:15:45.939 W/ActivityManager( 1591): java.lang.ClassCastException: android.os.BinderProxy cannot be cast to com.android.server.am.ActivityRecord$Token
12-09 08:15:45.939 W/ActivityManager( 1591): 	at com.android.server.am.ActivityRecord.forTokenLocked(ActivityRecord.java:424)
12-09 08:15:45.939 W/ActivityManager( 1591): 	at com.android.server.am.ActivityRecord.isInStackLocked(ActivityRecord.java:1121)
12-09 08:15:45.939 W/ActivityManager( 1591): 	at com.android.server.am.ActivityManagerService.getActivityOptions(ActivityManagerService.java:11038)
12-09 08:15:45.939 W/ActivityManager( 1591): 	at android.app.ActivityManagerNative.onTransact(ActivityManagerNative.java:1734)
12-09 08:15:45.939 W/ActivityManager( 1591): 	at com.android.server.am.ActivityManagerService.onTransact(ActivityManagerService.java:2443)
12-09 08:15:45.939 W/ActivityManager( 1591): 	at android.os.Binder.execTransact(Binder.java:453)
12-09 08:15:45.940 W/ActivityManager( 1591): Bad activity token: android.os.BinderProxy@72ce6db
12-09 08:15:45.940 W/ActivityManager( 1591): java.lang.ClassCastException: android.os.BinderProxy cannot be cast to com.android.server.am.ActivityRecord$Token
12-09 08:15:45.940 W/ActivityManager( 1591): 	at com.android.server.am.ActivityRecord.forTokenLocked(ActivityRecord.java:424)
12-09 08:15:45.940 W/ActivityManager( 1591): 	at com.android.server.am.ActivityRecord.isInStackLocked(ActivityRecord.java:1121)
12-09 08:15:45.940 W/ActivityManager( 1591): 	at com.android.server.am.ActivityManagerService.getActivityOptions(ActivityManagerService.java:11038)
12-09 08:15:45.940 W/ActivityManager( 1591): 	at android.app.ActivityManagerNative.onTransact(ActivityManagerNative.java:1734)
12-09 08:15:45.940 W/ActivityManager( 1591): 	at com.android.server.am.ActivityManagerService.onTransact(ActivityManagerService.java:2443)
12-09 08:15:45.940 W/ActivityManager( 1591): 	at android.os.Binder.execTransact(Binder.java:453)
12-09 08:15:46.501 W/art     ( 1591): Long monitor contention event with owner method=void com.android.server.wm.WindowManagerService$H.handleMessage(android.os.Message) from WindowManagerService.java:7820 waiters=1 for 163ms
12-09 08:15:46.502 W/art     ( 1591): Long monitor contention event with owner method=void com.android.server.wm.WindowAnimator$1.doFrame(long) from WindowAnimator.java:121 waiters=1 for 164ms
12-09 08:15:46.748 D/gralloc_ranchu( 1218): gralloc_alloc: Creating ashmem region of size 3686400
12-09 08:15:46.792 D/        (15917): HostConnection::get() New Host Connection established 0x7fb746a49220, tid 15917
12-09 08:15:46.854 I/ActivityManager( 1591): Displayed com.evancharlton.mileage/.Mileage: +1s907ms
12-09 08:15:46.871 D/gralloc_ranchu( 1218): gralloc_alloc: Creating ashmem region of size 3686400
12-09 08:15:47.448 I/System.out(15917): URI: //map
12-09 08:15:47.448 I/System.out(15917): params: {json={"query":"android.widget.Button index:2","operation":{"method_name":"query","arguments":[]}}
12-09 08:15:47.448 I/System.out(15917): }
12-09 08:15:47.575 I/art     (15917): Background sticky concurrent mark sweep GC freed 26234(1259KB) AllocSpace objects, 2(40KB) LOS objects, 29% free, 2MB/2MB, paused 1.121ms total 115.288ms
12-09 08:15:47.807 I/System.out(15917): URI: //gesture
12-09 08:15:47.807 I/System.out(15917): params: {json={"query_timeout":5.0,"gestures":[{"query_string":"android.widget.Button index:2","touches":[{"x":50,"y":50,"offset_x":0,"offset_y":0,"wait":0.0,"time":0.2,"release":true,"query_string":null}]}]}
12-09 08:15:47.807 I/System.out(15917): }
12-09 08:15:47.826 I/art     (15917): Background sticky concurrent mark sweep GC freed 35210(1621KB) AllocSpace objects, 1(20KB) LOS objects, 3% free, 2MB/2MB, paused 1.002ms total 158.544ms
12-09 08:15:47.916 D/gralloc_ranchu( 1218): gralloc_alloc: Creating ashmem region of size 3686400
12-09 08:15:48.577 W/AudioTrack( 1591): AUDIO_OUTPUT_FLAG_FAST denied by client; transfer 4, track 48000 Hz, output 44100 Hz
12-09 08:15:48.640 W/audio_hw_generic( 1308): Hardware backing HAL too slow, could only write 0 of 661 frames
12-09 08:15:48.655 W/audio_hw_generic( 1308): Hardware backing HAL too slow, could only write 0 of 661 frames
12-09 08:15:48.719 I/art     (15917): Background sticky concurrent mark sweep GC freed 35048(1596KB) AllocSpace objects, 1(20KB) LOS objects, 16% free, 2MB/2MB, paused 13.043ms total 143.651ms
12-09 08:15:48.788 D/gralloc_ranchu( 1218): gralloc_alloc: Creating ashmem region of size 45056
12-09 08:15:49.080 W/audio_hw_generic( 1308): Not supplying enough data to HAL, expected position 26445668 , only wrote 26445288
12-09 08:15:49.080 W/audio_hw_generic( 1308): Not supplying enough data to HAL, expected position 26445294 , only wrote 26445288
12-09 08:15:49.166 E/SurfaceFlinger( 1218): ro.sf.lcd_density must be defined as a build property
12-09 08:15:49.176 D/gralloc_ranchu( 1218): gralloc_alloc: Creating ashmem region of size 3686400
12-09 08:15:49.233 W/audio_hw_generic( 1308): Not supplying enough data to HAL, expected position 26452037 , only wrote 26451898
12-09 08:15:49.241 D/        (15946): HostConnection::get() New Host Connection established 0x7f79610d2480, tid 15946
12-09 08:15:49.264 E/EGL_emulation( 1218): tid 1218: eglCreateSyncKHR(1881): error 0x3004 (EGL_BAD_ATTRIBUTE)
12-09 08:15:49.420 W/audio_hw_generic( 1308): Not supplying enough data to HAL, expected position 26460134 , only wrote 26459830
12-09 08:15:49.420 W/audio_hw_generic( 1308): Not supplying enough data to HAL, expected position 26459836 , only wrote 26459830
12-09 08:15:49.468 W/audio_hw_generic( 1308): Not supplying enough data to HAL, expected position 26461959 , only wrote 26461813
12-09 08:15:49.517 I/ContentMaintenance( 2423): Internal cache bytes used: 0; limit: 40626585; download size: 0
12-09 08:15:49.522 I/RealtimeCacheCleanup( 2423): Beginning Realtime garbage collection.
12-09 08:15:49.522 I/RealtimeCacheCleanup( 2423): Finished Realtime garbage collection.
12-09 08:15:49.688 W/audio_hw_generic( 1308): Not supplying enough data to HAL, expected position 26471527 , only wrote 26471067
12-09 08:15:49.688 W/audio_hw_generic( 1308): Not supplying enough data to HAL, expected position 26471073 , only wrote 26471067
12-09 08:15:49.704 W/audio_hw_generic( 1308): Not supplying enough data to HAL, expected position 26471735 , only wrote 26471728
12-09 08:15:49.853 W/audio_hw_generic( 1308): Not supplying enough data to HAL, expected position 26478309 , only wrote 26477016
12-09 08:15:49.853 W/audio_hw_generic( 1308): Not supplying enough data to HAL, expected position 26477022 , only wrote 26477016
12-09 08:15:49.873 W/audio_hw_generic( 1308): Not supplying enough data to HAL, expected position 26477880 , only wrote 26477677
