--------- beginning of main
12-09 08:39:37.503 D/gralloc_ranchu( 1219): gralloc_alloc: Creating ashmem region of size 708608
12-09 08:39:37.548 E/EGL_emulation( 1219): tid 1219: eglCreateSyncKHR(1881): error 0x3004 (EGL_BAD_ATTRIBUTE)
--------- beginning of system
12-09 08:39:37.575 W/ActivityManager( 1592): Finishing task with all activities already finished
12-09 08:39:37.575 W/ActivityManager( 1592): Duplicate finish request for ActivityRecord{56a33f3 u0 com.evancharlton.mileage/.Mileage t499 f}
12-09 08:39:37.575 W/ActivityManager( 1592): Finishing task with all activities already finished
12-09 08:39:37.575 W/ActivityManager( 1592): Duplicate finish request for ActivityRecord{56a33f3 u0 com.evancharlton.mileage/.Mileage t499 f}
12-09 08:39:37.599 W/ActivityManager( 1592): Finishing task with all activities already finished
12-09 08:39:37.599 W/ActivityManager( 1592): Duplicate finish request for ActivityRecord{56a33f3 u0 com.evancharlton.mileage/.Mileage t499 f}
12-09 08:39:37.601 W/ActivityManager( 1592): Finishing task with all activities already finished
12-09 08:39:37.601 W/ActivityManager( 1592): Duplicate finish request for ActivityRecord{56a33f3 u0 com.evancharlton.mileage/.Mileage t499 f}
12-09 08:39:37.602 W/ActivityManager( 1592): Finishing task with all activities already finished
12-09 08:39:37.602 W/ActivityManager( 1592): Duplicate finish request for ActivityRecord{56a33f3 u0 com.evancharlton.mileage/.Mileage t499 f}
12-09 08:39:37.602 W/ActivityManager( 1592): Finishing task with all activities already finished
12-09 08:39:37.602 W/ActivityManager( 1592): Duplicate finish request for ActivityRecord{56a33f3 u0 com.evancharlton.mileage/.Mileage t499 f}
12-09 08:39:37.602 W/ActivityManager( 1592): Finishing task with all activities already finished
12-09 08:39:37.602 W/ActivityManager( 1592): Duplicate finish request for ActivityRecord{56a33f3 u0 com.evancharlton.mileage/.Mileage t499 f}
12-09 08:39:37.602 W/ActivityManager( 1592): Finishing task with all activities already finished
12-09 08:39:37.602 W/ActivityManager( 1592): Duplicate finish request for ActivityRecord{56a33f3 u0 com.evancharlton.mileage/.Mileage t499 f}
12-09 08:39:37.602 W/ActivityManager( 1592): Finishing task with all activities already finished
12-09 08:39:37.602 W/ActivityManager( 1592): Duplicate finish request for ActivityRecord{56a33f3 u0 com.evancharlton.mileage/.Mileage t499 f}
12-09 08:39:37.603 W/ActivityManager( 1592): Finishing task with all activities already finished
12-09 08:39:37.603 W/ActivityManager( 1592): Duplicate finish request for ActivityRecord{56a33f3 u0 com.evancharlton.mileage/.Mileage t499 f}
12-09 08:39:37.603 W/ActivityManager( 1592): Finishing task with all activities already finished
12-09 08:39:37.603 W/ActivityManager( 1592): Duplicate finish request for ActivityRecord{56a33f3 u0 com.evancharlton.mileage/.Mileage t499 f}
12-09 08:39:37.724 I/art     ( 1592): Background partial concurrent mark sweep GC freed 1224(80KB) AllocSpace objects, 1(20KB) LOS objects, 29% free, 9MB/13MB, paused 7.113ms total 161.730ms
12-09 08:39:37.738 D/EGL_emulation( 1943): eglMakeCurrent: 0x7fef10174b40: ver 2 0 (tinfo 0x7fef10142d20)
12-09 08:39:37.877 D/AndroidRuntime(20706): >>>>>> START com.android.internal.os.RuntimeInit uid 0 <<<<<<
12-09 08:39:37.892 D/AndroidRuntime(20706): CheckJNI is ON
12-09 08:39:37.946 D/ICU     (20706): No timezone override file found: /data/misc/zoneinfo/current/icu/icu_tzdata.dat
12-09 08:39:38.075 E/memtrack(20706): Couldn't load memtrack module (No such file or directory)
12-09 08:39:38.081 E/android.os.Debug(20706): failed to load memtrack module: -2
12-09 08:39:38.082 I/Radio-JNI(20706): register_android_hardware_Radio DONE
12-09 08:39:38.110 D/AndroidRuntime(20706): Calling main entry com.android.commands.am.Am
12-09 08:39:38.112 I/ActivityManager( 1592): Force stopping com.evancharlton.mileage appid=10143 user=0: start instr
12-09 08:39:38.112 I/ActivityManager( 1592): Killing 20659:com.evancharlton.mileage/u0a143 (adj 0): stop com.evancharlton.mileage
12-09 08:39:38.186 W/ActivityManager( 1592): Crash of app com.evancharlton.mileage running instrumentation ComponentInfo{com.evancharlton.mileage.test/sh.calaba.instrumentationbackend.CalabashInstrumentationTestRunner}
12-09 08:39:38.186 I/ActivityManager( 1592): Force stopping com.evancharlton.mileage appid=10143 user=0: finished inst
12-09 08:39:38.246 I/WindowState( 1592): WIN DEATH: Window{899aa0d u0 com.evancharlton.mileage/com.evancharlton.mileage.Mileage EXITING}
12-09 08:39:38.537 W/art     ( 1592): Long monitor contention event with owner method=void com.android.server.wm.WindowAnimator$1.doFrame(long) from WindowAnimator.java:121 waiters=1 for 121ms
12-09 08:39:38.802 W/art     ( 1592): Long monitor contention event with owner method=void com.android.server.wm.WindowAnimator$1.doFrame(long) from WindowAnimator.java:121 waiters=1 for 140ms
12-09 08:39:38.982 W/art     ( 1592): Long monitor contention event with owner method=void com.android.server.wm.WindowAnimator$1.doFrame(long) from WindowAnimator.java:121 waiters=1 for 152ms
12-09 08:39:39.006 I/Choreographer( 1943): Skipped 49 frames!  The application may be doing too much work on its main thread.
12-09 08:39:39.014 I/ActivityManager( 1592): Start proc 20715:com.evancharlton.mileage/u0a143 for added application com.evancharlton.mileage
12-09 08:39:39.014 W/art     ( 1592): Long monitor contention event with owner method=boolean com.android.server.am.ActivityManagerService.startInstrumentation(android.content.ComponentName, java.lang.String, int, android.os.Bundle, android.app.IInstrumentationWatcher, android.app.IUiAutomationConnection, int, java.lang.String) from ActivityManagerService.java:17066 waiters=0 for 902ms
12-09 08:39:39.014 W/art     ( 1592): Long monitor contention event with owner method=boolean com.android.server.am.ActivityManagerService.startInstrumentation(android.content.ComponentName, java.lang.String, int, android.os.Bundle, android.app.IInstrumentationWatcher, android.app.IUiAutomationConnection, int, java.lang.String) from ActivityManagerService.java:17066 waiters=1 for 790ms
12-09 08:39:39.022 D/AndroidRuntime(20706): Shutting down VM
12-09 08:39:39.082 W/OpenGLRenderer( 1943): Incorrectly called buildLayer on View: ShortcutAndWidgetContainer, destroying layer...
12-09 08:39:39.219 W/art     ( 1592): Long monitor contention event with owner method=java.util.List com.android.server.am.ActivityManagerService.getAllStackInfos() from ActivityManagerService.java:8937 waiters=1 for 137ms
12-09 08:39:39.229 W/System  (20715): ClassLoader referenced unknown path: /data/app/com.evancharlton.mileage.test-1/lib/x86_64
12-09 08:39:39.229 W/System  (20715): ClassLoader referenced unknown path: /data/app/com.evancharlton.mileage-1/lib/x86_64
12-09 08:39:39.499 W/WindowAnimator( 1592): Failed to dispatch window animation state change.
12-09 08:39:39.499 W/WindowAnimator( 1592): android.os.DeadObjectException
12-09 08:39:39.499 W/WindowAnimator( 1592): 	at android.os.BinderProxy.transactNative(Native Method)
12-09 08:39:39.499 W/WindowAnimator( 1592): 	at android.os.BinderProxy.transact(Binder.java:503)
12-09 08:39:39.499 W/WindowAnimator( 1592): 	at android.view.IWindow$Stub$Proxy.onAnimationStopped(IWindow.java:534)
12-09 08:39:39.499 W/WindowAnimator( 1592): 	at com.android.server.wm.WindowAnimator.updateWindowsLocked(WindowAnimator.java:286)
12-09 08:39:39.499 W/WindowAnimator( 1592): 	at com.android.server.wm.WindowAnimator.animateLocked(WindowAnimator.java:678)
12-09 08:39:39.499 W/WindowAnimator( 1592): 	at com.android.server.wm.WindowAnimator.-wrap0(WindowAnimator.java)
12-09 08:39:39.499 W/WindowAnimator( 1592): 	at com.android.server.wm.WindowAnimator$1.doFrame(WindowAnimator.java:123)
12-09 08:39:39.499 W/WindowAnimator( 1592): 	at android.view.Choreographer$CallbackRecord.run(Choreographer.java:856)
12-09 08:39:39.499 W/WindowAnimator( 1592): 	at android.view.Choreographer.doCallbacks(Choreographer.java:670)
12-09 08:39:39.499 W/WindowAnimator( 1592): 	at android.view.Choreographer.doFrame(Choreographer.java:603)
12-09 08:39:39.499 W/WindowAnimator( 1592): 	at android.view.Choreographer$FrameDisplayEventReceiver.run(Choreographer.java:844)
12-09 08:39:39.499 W/WindowAnimator( 1592): 	at android.os.Handler.handleCallback(Handler.java:739)
12-09 08:39:39.499 W/WindowAnimator( 1592): 	at android.os.Handler.dispatchMessage(Handler.java:95)
12-09 08:39:39.499 W/WindowAnimator( 1592): 	at android.os.Looper.loop(Looper.java:148)
12-09 08:39:39.499 W/WindowAnimator( 1592): 	at android.os.HandlerThread.run(HandlerThread.java:61)
12-09 08:39:39.499 W/WindowAnimator( 1592): 	at com.android.server.ServiceThread.run(ServiceThread.java:46)
12-09 08:39:39.584 I/System.out(20715): Main activity name automatically set to: com.evancharlton.mileage.Mileage
12-09 08:39:39.594 I/System.out(20715): Calabash did not load Mono. This is only a problem if you are trying to test a Mono application
12-09 08:39:39.595 I/calabash(20715): Test server port: 7102
12-09 08:39:39.595 I/InstrumentationBackend(20715): Added:'GetPreferences', with key:'get_preferences'
12-09 08:39:39.719 I/InstrumentationBackend(20715): Added:'SetPreferences', with key:'set_preferences'
12-09 08:39:39.720 I/InstrumentationBackend(20715): Added:'ClearPreferences', with key:'clear_preferences'
12-09 08:39:39.720 I/InstrumentationBackend(20715): Added:'PressElement', with key:'press_l10n_element'
12-09 08:39:39.720 I/InstrumentationBackend(20715): Added:'WaitForElement', with key:'wait_for_l10n_element'
12-09 08:39:39.720 I/InstrumentationBackend(20715): Added:'NullAction', with key:'nullAction'
12-09 08:39:39.721 I/InstrumentationBackend(20715): Added:'PressKey', with key:'press_key'
12-09 08:39:39.755 I/InstrumentationBackend(20715): Added:'SetActivityOrientation', with key:'set_activity_orientation'
12-09 08:39:39.755 I/InstrumentationBackend(20715): Added:'GetActivityOrientation', with key:'get_activity_orientation'
12-09 08:39:39.756 I/InstrumentationBackend(20715): Added:'FakeGPSLocation', with key:'set_gps_coordinates'
12-09 08:39:39.756 I/InstrumentationBackend(20715): Added:'SetPropertyByCssSelector', with key:'set_property_by_css_selector'
12-09 08:39:39.756 I/InstrumentationBackend(20715): Added:'GetUrl', with key:'get_url'
12-09 08:39:39.761 I/InstrumentationBackend(20715): Added:'ScrollTo', with key:'scroll_to'
12-09 08:39:39.761 I/InstrumentationBackend(20715): Added:'GetLoadProgress', with key:'get_load_progress'
12-09 08:39:39.762 I/InstrumentationBackend(20715): Added:'DumpHtml', with key:'dump_html'
12-09 08:39:39.762 I/InstrumentationBackend(20715): Added:'DumpBodyHtml', with key:'dump_body_html'
12-09 08:39:39.762 I/InstrumentationBackend(20715): Added:'EnterTextByCssSelector', with key:'enter_text_by_selector'
12-09 08:39:39.774 I/InstrumentationBackend(20715): Added:'AndroidSDKVersion', with key:'android_sdk_version'
12-09 08:39:39.774 I/InstrumentationBackend(20715): Added:'Version', with key:'version'
12-09 08:39:39.774 I/InstrumentationBackend(20715): Added:'Drag', with key:'drag'
12-09 08:39:39.774 I/InstrumentationBackend(20715): Added:'TouchCoordinates', with key:'touch_coordinate'
12-09 08:39:39.775 I/InstrumentationBackend(20715): Added:'LongPressCoordinate', with key:'long_press_coordinate'
12-09 08:39:39.775 I/InstrumentationBackend(20715): Added:'DragCoordinates', with key:'drag_coordinates'
12-09 08:39:39.775 I/InstrumentationBackend(20715): Added:'ResumeApplication', with key:'resume_application'
12-09 08:39:39.775 I/InstrumentationBackend(20715): Added:'Swipe', with key:'swipe'
12-09 08:39:39.775 I/InstrumentationBackend(20715): Added:'DoubleTapCoordinate', with key:'double_tap_coordinate'
12-09 08:39:39.775 I/InstrumentationBackend(20715): Added:'ClickOnScreen', with key:'click_on_screen'
12-09 08:39:39.776 I/InstrumentationBackend(20715): Added:'GetActivityName', with key:'get_activity_name'
12-09 08:39:39.776 I/InstrumentationBackend(20715): Added:'ScrollToView', with key:'scroll_to_view'
12-09 08:39:39.776 I/InstrumentationBackend(20715): Added:'ViewConfiguration', with key:'view_configuration'
12-09 08:39:39.777 I/InstrumentationBackend(20715): Added:'IsCurrentActivityFocused', with key:'is_current_activity_focused'
12-09 08:39:39.786 I/InstrumentationBackend(20715): Added:'SendTcp', with key:'send_tcp'
12-09 08:39:39.786 I/InstrumentationBackend(20715): Added:'DpToDevicePixel', with key:'dp_to_device_pixel'
12-09 08:39:39.794 I/InstrumentationBackend(20715): Added:'KeyboardEnterText', with key:'keyboard_enter_text'
12-09 08:39:39.794 I/InstrumentationBackend(20715): Added:'DeleteSurroundingText', with key:'delete_surrounding_text'
12-09 08:39:39.794 I/InstrumentationBackend(20715): Added:'SetComposingRegion', with key:'set_composing_region'
12-09 08:39:39.794 I/InstrumentationBackend(20715): Added:'SetSelection', with key:'set_selection'
12-09 08:39:39.794 I/InstrumentationBackend(20715): Added:'KeyboardKeyEvent', with key:'keyboard_key_event'
12-09 08:39:39.794 I/InstrumentationBackend(20715): Added:'PressUserActionButton', with key:'press_user_action_button'
12-09 08:39:39.795 I/InstrumentationBackend(20715): Added:'HideSoftKeyboard', with key:'hide_soft_keyboard'
12-09 08:39:39.795 I/InstrumentationBackend(20715): Added:'ListActions', with key:'list_actions'
12-09 08:39:39.795 I/calabash(20715): Instantiating http server at 7102
12-09 08:39:39.796 I/System.out(20715): HTTP Daemon listening on: 7102
12-09 08:39:39.919 I/System.out(20715): URI: //ping
12-09 08:39:39.919 I/System.out(20715): params: {json={}
12-09 08:39:39.919 I/System.out(20715): }
12-09 08:39:39.962 I/System.out(20715): URI: //ping
12-09 08:39:39.962 I/System.out(20715): params: {json={}
12-09 08:39:39.962 I/System.out(20715): }
12-09 08:39:40.033 I/System.out(20715): URI: //ready
12-09 08:39:40.033 I/System.out(20715): params: {json={}
12-09 08:39:40.033 I/System.out(20715): }
12-09 08:39:40.171 I/System.out(20715): URI: //
12-09 08:39:40.171 I/System.out(20715): params: {json={"command":"version","arguments":[]}
12-09 08:39:40.171 I/System.out(20715): }
12-09 08:39:40.171 I/System.out(20715): header: {date=Sun, 09 Dec 2018 08:39:40 GMT, accept=*/*, content-length=36, host=127.0.0.1:34777, user-agent=HTTPClient/1.0 (2.8.3, ruby 2.3.1 (2016-04-26)), content-type=application/json;charset=utf-8}
12-09 08:39:40.171 I/System.out(20715): params: {json={"command":"version","arguments":[]}
12-09 08:39:40.171 I/System.out(20715): }
12-09 08:39:40.171 I/System.out(20715): ProP json = {"command":"version","arguments":[]}
12-09 08:39:40.171 I/System.out(20715): files: {}
12-09 08:39:40.171 I/System.out(20715): command: {"command":"version","arguments":[]}
12-09 08:39:40.195 I/InstrumentationBackend(20715): Got command:'Command:'Line:null,version', arguments:'[]'
12-09 08:39:40.267 I/System.out(20715): result:{"bonusInformation":[],"message":"0.9.8","success":true}
12-09 08:39:40.319 I/art     (20715): Background sticky concurrent mark sweep GC freed 15289(884KB) AllocSpace objects, 11(220KB) LOS objects, 37% free, 1280KB/2032KB, paused 4.805ms total 106.579ms
12-09 08:39:40.381 I/System.out(20715): URI: //start-application
12-09 08:39:40.381 I/System.out(20715): params: {json={"intent":null}
12-09 08:39:40.382 I/System.out(20715): }
12-09 08:39:40.423 I/ActivityManager( 1592): START u0 {act=android.intent.action.MAIN cat=[android.intent.category.LAUNCHER] flg=0x10200000 cmp=com.evancharlton.mileage/.Mileage} from uid 10143 on display 0
12-09 08:39:40.447 I/calabash(20715): newActivity1
12-09 08:39:40.587 D/gralloc_ranchu( 1219): gralloc_alloc: Creating ashmem region of size 3686400
12-09 08:39:40.602 I/calabash(20715): newActivity1
12-09 08:39:40.604 W/ActivityManager( 1592): Bad activity token: android.os.BinderProxy@d993c40
12-09 08:39:40.604 W/ActivityManager( 1592): java.lang.ClassCastException: android.os.BinderProxy cannot be cast to com.android.server.am.ActivityRecord$Token
12-09 08:39:40.604 W/ActivityManager( 1592): 	at com.android.server.am.ActivityRecord.forTokenLocked(ActivityRecord.java:424)
12-09 08:39:40.604 W/ActivityManager( 1592): 	at com.android.server.am.ActivityRecord.isInStackLocked(ActivityRecord.java:1121)
12-09 08:39:40.604 W/ActivityManager( 1592): 	at com.android.server.am.ActivityRecord.getStackLocked(ActivityRecord.java:1126)
12-09 08:39:40.604 W/ActivityManager( 1592): 	at com.android.server.am.ActivityManagerService.getActivityDisplayId(ActivityManagerService.java:8889)
12-09 08:39:40.604 W/ActivityManager( 1592): 	at android.app.ActivityManagerNative.onTransact(ActivityManagerNative.java:2338)
12-09 08:39:40.604 W/ActivityManager( 1592): 	at com.android.server.am.ActivityManagerService.onTransact(ActivityManagerService.java:2443)
12-09 08:39:40.604 W/ActivityManager( 1592): 	at android.os.Binder.execTransact(Binder.java:453)
12-09 08:39:40.604 W/ActivityManager( 1592): Bad activity token: android.os.BinderProxy@d993c40
12-09 08:39:40.604 W/ActivityManager( 1592): java.lang.ClassCastException: android.os.BinderProxy cannot be cast to com.android.server.am.ActivityRecord$Token
12-09 08:39:40.604 W/ActivityManager( 1592): 	at com.android.server.am.ActivityRecord.forTokenLocked(ActivityRecord.java:424)
12-09 08:39:40.604 W/ActivityManager( 1592): 	at com.android.server.am.ActivityRecord.isInStackLocked(ActivityRecord.java:1121)
12-09 08:39:40.604 W/ActivityManager( 1592): 	at com.android.server.am.ActivityManagerService.setTaskDescription(ActivityManagerService.java:8547)
12-09 08:39:40.604 W/ActivityManager( 1592): 	at android.app.ActivityManagerNative.onTransact(ActivityManagerNative.java:2410)
12-09 08:39:40.604 W/ActivityManager( 1592): 	at com.android.server.am.ActivityManagerService.onTransact(ActivityManagerService.java:2443)
12-09 08:39:40.604 W/ActivityManager( 1592): 	at android.os.Binder.execTransact(Binder.java:453)
12-09 08:39:40.741 I/art     (20715): Background sticky concurrent mark sweep GC freed 1595(201KB) AllocSpace objects, 0(0B) LOS objects, 1% free, 1994KB/2032KB, paused 26.278ms total 62.446ms
12-09 08:39:40.766 W/ActivityManager( 1592): Bad activity token: android.os.BinderProxy@d993c40
12-09 08:39:40.766 W/ActivityManager( 1592): java.lang.ClassCastException: android.os.BinderProxy cannot be cast to com.android.server.am.ActivityRecord$Token
12-09 08:39:40.766 W/ActivityManager( 1592): 	at com.android.server.am.ActivityRecord.forTokenLocked(ActivityRecord.java:424)
12-09 08:39:40.766 W/ActivityManager( 1592): 	at com.android.server.am.ActivityRecord.isInStackLocked(ActivityRecord.java:1121)
12-09 08:39:40.766 W/ActivityManager( 1592): 	at com.android.server.am.ActivityManagerService.getActivityOptions(ActivityManagerService.java:11038)
12-09 08:39:40.766 W/ActivityManager( 1592): 	at android.app.ActivityManagerNative.onTransact(ActivityManagerNative.java:1734)
12-09 08:39:40.766 W/ActivityManager( 1592): 	at com.android.server.am.ActivityManagerService.onTransact(ActivityManagerService.java:2443)
12-09 08:39:40.766 W/ActivityManager( 1592): 	at android.os.Binder.execTransact(Binder.java:453)
12-09 08:39:40.766 W/ActivityManager( 1592): Bad activity token: android.os.BinderProxy@d993c40
12-09 08:39:40.766 W/ActivityManager( 1592): java.lang.ClassCastException: android.os.BinderProxy cannot be cast to com.android.server.am.ActivityRecord$Token
12-09 08:39:40.766 W/ActivityManager( 1592): 	at com.android.server.am.ActivityRecord.forTokenLocked(ActivityRecord.java:424)
12-09 08:39:40.766 W/ActivityManager( 1592): 	at com.android.server.am.ActivityRecord.isInStackLocked(ActivityRecord.java:1121)
12-09 08:39:40.766 W/ActivityManager( 1592): 	at com.android.server.am.ActivityManagerService.getActivityOptions(ActivityManagerService.java:11038)
12-09 08:39:40.766 W/ActivityManager( 1592): 	at android.app.ActivityManagerNative.onTransact(ActivityManagerNative.java:1734)
12-09 08:39:40.766 W/ActivityManager( 1592): 	at com.android.server.am.ActivityManagerService.onTransact(ActivityManagerService.java:2443)
12-09 08:39:40.766 W/ActivityManager( 1592): 	at android.os.Binder.execTransact(Binder.java:453)
12-09 08:39:40.863 D/EGL_emulation( 1943): eglMakeCurrent: 0x7fef10174b40: ver 2 0 (tinfo 0x7fef10142d20)
12-09 08:39:40.864 E/Surface ( 1943): getSlotFromBufferLocked: unknown buffer: 0x7fef0c71c3a0
12-09 08:39:40.867 V/PhoneStatusBar( 1693): setLightsOn(true)
12-09 08:39:40.892 I/art     (20715): Background partial concurrent mark sweep GC freed 969(254KB) AllocSpace objects, 2(40KB) LOS objects, 39% free, 1804KB/2MB, paused 18.395ms total 25.110ms
12-09 08:39:41.366 W/art     ( 1592): Long monitor contention event with owner method=int com.android.server.wm.WindowManagerService.relayoutWindow(com.android.server.wm.Session, android.view.IWindow, int, android.view.WindowManager$LayoutParams, int, int, int, int, android.graphics.Rect, android.graphics.Rect, android.graphics.Rect, android.graphics.Rect, android.graphics.Rect, android.graphics.Rect, android.content.res.Configuration, android.view.Surface) from WindowManagerService.java:3103 waiters=0 for 217ms
12-09 08:39:41.484 D/gralloc_ranchu( 1219): gralloc_alloc: Creating ashmem region of size 3686400
12-09 08:39:41.579 D/        (20715): HostConnection::get() New Host Connection established 0x7fef0c77d100, tid 20715
12-09 08:39:41.741 W/art     ( 1592): Long monitor contention event with owner method=void com.android.server.wm.WindowAnimator$1.doFrame(long) from WindowAnimator.java:121 waiters=0 for 244ms
12-09 08:39:41.890 W/art     ( 1592): Long monitor contention event with owner method=void com.android.server.wm.WindowAnimator$1.doFrame(long) from WindowAnimator.java:121 waiters=1 for 209ms
12-09 08:39:41.890 W/art     ( 1592): Long monitor contention event with owner method=void com.android.server.wm.WindowAnimator$1.doFrame(long) from WindowAnimator.java:121 waiters=1 for 144ms
12-09 08:39:41.918 D/gralloc_ranchu( 1219): gralloc_alloc: Creating ashmem region of size 3686400
12-09 08:39:42.015 I/ActivityManager( 1592): Displayed com.evancharlton.mileage/.Mileage: +1s576ms
12-09 08:39:42.790 D/gralloc_ranchu( 1219): gralloc_alloc: Creating ashmem region of size 3686400
12-09 08:39:43.170 I/System.out(20715): URI: //gesture
12-09 08:39:43.170 I/System.out(20715): params: {json={"query_timeout":5.0,"gestures":[{"query_string":"android.widget.TabWidget descendant TextView index:1","touches":[{"x":50,"y":50,"offset_x":0,"offset_y":0,"wait":0.0,"time":0.2,"release":true,"query_string":null}]}]}
12-09 08:39:43.170 I/System.out(20715): }
12-09 08:39:43.282 I/art     (20715): Background sticky concurrent mark sweep GC freed 25770(1174KB) AllocSpace objects, 2(40KB) LOS objects, 28% free, 2MB/2MB, paused 5.647ms total 108.473ms
12-09 08:39:43.784 I/art     (20715): Background sticky concurrent mark sweep GC freed 34603(1605KB) AllocSpace objects, 0(0B) LOS objects, 22% free, 2MB/2MB, paused 1.671ms total 110.933ms
12-09 08:39:43.784 I/calabash(20715): newActivity1
12-09 08:39:43.789 W/ActivityManager( 1592): Bad activity token: android.os.BinderProxy@83932ed
12-09 08:39:43.789 W/ActivityManager( 1592): java.lang.ClassCastException: android.os.BinderProxy cannot be cast to com.android.server.am.ActivityRecord$Token
12-09 08:39:43.789 W/ActivityManager( 1592): 	at com.android.server.am.ActivityRecord.forTokenLocked(ActivityRecord.java:424)
12-09 08:39:43.789 W/ActivityManager( 1592): 	at com.android.server.am.ActivityRecord.isInStackLocked(ActivityRecord.java:1121)
12-09 08:39:43.789 W/ActivityManager( 1592): 	at com.android.server.am.ActivityRecord.getStackLocked(ActivityRecord.java:1126)
12-09 08:39:43.789 W/ActivityManager( 1592): 	at com.android.server.am.ActivityManagerService.getActivityDisplayId(ActivityManagerService.java:8889)
12-09 08:39:43.789 W/ActivityManager( 1592): 	at android.app.ActivityManagerNative.onTransact(ActivityManagerNative.java:2338)
12-09 08:39:43.789 W/ActivityManager( 1592): 	at com.android.server.am.ActivityManagerService.onTransact(ActivityManagerService.java:2443)
12-09 08:39:43.789 W/ActivityManager( 1592): 	at android.os.Binder.execTransact(Binder.java:453)
12-09 08:39:43.791 W/ActivityManager( 1592): Bad activity token: android.os.BinderProxy@83932ed
12-09 08:39:43.791 W/ActivityManager( 1592): java.lang.ClassCastException: android.os.BinderProxy cannot be cast to com.android.server.am.ActivityRecord$Token
12-09 08:39:43.791 W/ActivityManager( 1592): 	at com.android.server.am.ActivityRecord.forTokenLocked(ActivityRecord.java:424)
12-09 08:39:43.791 W/ActivityManager( 1592): 	at com.android.server.am.ActivityRecord.isInStackLocked(ActivityRecord.java:1121)
12-09 08:39:43.791 W/ActivityManager( 1592): 	at com.android.server.am.ActivityManagerService.setTaskDescription(ActivityManagerService.java:8547)
12-09 08:39:43.791 W/ActivityManager( 1592): 	at android.app.ActivityManagerNative.onTransact(ActivityManagerNative.java:2410)
12-09 08:39:43.791 W/ActivityManager( 1592): 	at com.android.server.am.ActivityManagerService.onTransact(ActivityManagerService.java:2443)
12-09 08:39:43.791 W/ActivityManager( 1592): 	at android.os.Binder.execTransact(Binder.java:453)
12-09 08:39:43.812 W/audio_hw_generic( 1307): Hardware backing HAL too slow, could only write 0 of 661 frames
12-09 08:39:43.915 W/ActivityManager( 1592): Bad activity token: android.os.BinderProxy@83932ed
12-09 08:39:43.915 W/ActivityManager( 1592): java.lang.ClassCastException: android.os.BinderProxy cannot be cast to com.android.server.am.ActivityRecord$Token
12-09 08:39:43.915 W/ActivityManager( 1592): 	at com.android.server.am.ActivityRecord.forTokenLocked(ActivityRecord.java:424)
12-09 08:39:43.915 W/ActivityManager( 1592): 	at com.android.server.am.ActivityRecord.isInStackLocked(ActivityRecord.java:1121)
12-09 08:39:43.915 W/ActivityManager( 1592): 	at com.android.server.am.ActivityManagerService.getActivityOptions(ActivityManagerService.java:11038)
12-09 08:39:43.915 W/ActivityManager( 1592): 	at android.app.ActivityManagerNative.onTransact(ActivityManagerNative.java:1734)
12-09 08:39:43.915 W/ActivityManager( 1592): 	at com.android.server.am.ActivityManagerService.onTransact(ActivityManagerService.java:2443)
12-09 08:39:43.915 W/ActivityManager( 1592): 	at android.os.Binder.execTransact(Binder.java:453)
12-09 08:39:43.915 W/ActivityManager( 1592): Bad activity token: android.os.BinderProxy@83932ed
12-09 08:39:43.915 W/ActivityManager( 1592): java.lang.ClassCastException: android.os.BinderProxy cannot be cast to com.android.server.am.ActivityRecord$Token
12-09 08:39:43.915 W/ActivityManager( 1592): 	at com.android.server.am.ActivityRecord.forTokenLocked(ActivityRecord.java:424)
12-09 08:39:43.915 W/ActivityManager( 1592): 	at com.android.server.am.ActivityRecord.isInStackLocked(ActivityRecord.java:1121)
12-09 08:39:43.915 W/ActivityManager( 1592): 	at com.android.server.am.ActivityManagerService.getActivityOptions(ActivityManagerService.java:11038)
12-09 08:39:43.915 W/ActivityManager( 1592): 	at android.app.ActivityManagerNative.onTransact(ActivityManagerNative.java:1734)
12-09 08:39:43.915 W/ActivityManager( 1592): 	at com.android.server.am.ActivityManagerService.onTransact(ActivityManagerService.java:2443)
12-09 08:39:43.915 W/ActivityManager( 1592): 	at android.os.Binder.execTransact(Binder.java:453)
12-09 08:39:44.035 D/Mileage (20715): Not enough fillups to calculate economy
12-09 08:39:44.054 W/audio_hw_generic( 1307): Not supplying enough data to HAL, expected position 47413035 , only wrote 47412869
12-09 08:39:44.054 W/audio_hw_generic( 1307): Not supplying enough data to HAL, expected position 47412875 , only wrote 47412869
12-09 08:39:44.087 W/audio_hw_generic( 1307): Not supplying enough data to HAL, expected position 47414332 , only wrote 47413530
12-09 08:39:44.223 W/audio_hw_generic( 1307): Not supplying enough data to HAL, expected position 47419534 , only wrote 47419479
12-09 08:39:44.335 E/SurfaceFlinger( 1219): ro.sf.lcd_density must be defined as a build property
12-09 08:39:44.394 D/gralloc_ranchu( 1219): gralloc_alloc: Creating ashmem region of size 3686400
12-09 08:39:44.440 D/        (20742): HostConnection::get() New Host Connection established 0x7f6bf3852480, tid 20742
12-09 08:39:44.479 E/EGL_emulation( 1219): tid 1219: eglCreateSyncKHR(1881): error 0x3004 (EGL_BAD_ATTRIBUTE)
12-09 08:39:45.215 W/audio_hw_generic( 1307): Not supplying enough data to HAL, expected position 47463190 , only wrote 47461122
12-09 08:39:45.215 W/audio_hw_generic( 1307): Not supplying enough data to HAL, expected position 47461128 , only wrote 47461122
12-09 08:39:45.236 W/audio_hw_generic( 1307): Not supplying enough data to HAL, expected position 47462081 , only wrote 47461783
12-09 08:39:45.292 I/System.out(20715): URI: //gesture
12-09 08:39:45.292 I/System.out(20715): params: {json={"query_timeout":5.0,"gestures":[{"query_string":"android.widget.TabWidget descendant TextView index:3","touches":[{"x":50,"y":50,"offset_x":0,"offset_y":0,"wait":0.0,"time":0.2,"release":true,"query_string":null}]}]}
12-09 08:39:45.292 I/System.out(20715): }
12-09 08:39:45.313 W/audio_hw_generic( 1307): Not supplying enough data to HAL, expected position 47465166 , only wrote 47465088
12-09 08:39:45.393 W/audio_hw_generic( 1307): Not supplying enough data to HAL, expected position 47468615 , only wrote 47468393
12-09 08:39:45.427 W/CursorWrapperInner(20715): Cursor finalized without prior close()
12-09 08:39:45.430 I/art     (20715): Background sticky concurrent mark sweep GC freed 14811(670KB) AllocSpace objects, 2(40KB) LOS objects, 14% free, 2MB/2MB, paused 2.844ms total 113.167ms
12-09 08:39:46.292 W/audio_hw_generic( 1307): Not supplying enough data to HAL, expected position 47508054 , only wrote 47506731
12-09 08:39:46.293 W/audio_hw_generic( 1307): Not supplying enough data to HAL, expected position 47506738 , only wrote 47506731
12-09 08:39:46.309 W/audio_hw_generic( 1307): Not supplying enough data to HAL, expected position 47507473 , only wrote 47507392
12-09 08:39:46.339 W/audio_hw_generic( 1307): Hardware backing HAL too slow, could only write 0 of 661 frames
12-09 08:39:46.380 W/audio_hw_generic( 1307): Hardware backing HAL too slow, could only write 0 of 661 frames
12-09 08:39:46.445 W/audio_hw_generic( 1307): Hardware backing HAL too slow, could only write 0 of 661 frames
12-09 08:39:46.550 W/audio_hw_generic( 1307): Not supplying enough data to HAL, expected position 47518012 , only wrote 47516646
12-09 08:39:46.558 W/audio_hw_generic( 1307): Not supplying enough data to HAL, expected position 47516966 , only wrote 47516646
12-09 08:39:46.575 W/audio_hw_generic( 1307): Not supplying enough data to HAL, expected position 47517394 , only wrote 47517307
12-09 08:39:46.589 W/audio_hw_generic( 1307): Hardware backing HAL too slow, could only write 0 of 661 frames
12-09 08:39:46.605 W/audio_hw_generic( 1307): Hardware backing HAL too slow, could only write 0 of 661 frames
12-09 08:39:46.635 W/audio_hw_generic( 1307): Hardware backing HAL too slow, could only write 0 of 661 frames
12-09 08:39:46.650 W/audio_hw_generic( 1307): Hardware backing HAL too slow, could only write 0 of 661 frames
12-09 08:39:46.668 W/audio_hw_generic( 1307): Hardware backing HAL too slow, could only write 0 of 661 frames
12-09 08:39:46.770 W/audio_hw_generic( 1307): Hardware backing HAL too slow, could only write 0 of 661 frames
12-09 08:39:46.786 W/audio_hw_generic( 1307): Hardware backing HAL too slow, could only write 0 of 661 frames
12-09 08:39:46.869 W/audio_hw_generic( 1307): Not supplying enough data to HAL, expected position 47530291 , only wrote 47528544
12-09 08:39:46.869 W/audio_hw_generic( 1307): Not supplying enough data to HAL, expected position 47528551 , only wrote 47528544
12-09 08:39:46.893 W/audio_hw_generic( 1307): Not supplying enough data to HAL, expected position 47529604 , only wrote 47529205
12-09 08:39:46.911 I/calabash(20715): newActivity1
12-09 08:39:46.914 W/ActivityManager( 1592): Bad activity token: android.os.BinderProxy@fab616e
12-09 08:39:46.914 W/ActivityManager( 1592): java.lang.ClassCastException: android.os.BinderProxy cannot be cast to com.android.server.am.ActivityRecord$Token
12-09 08:39:46.914 W/ActivityManager( 1592): 	at com.android.server.am.ActivityRecord.forTokenLocked(ActivityRecord.java:424)
12-09 08:39:46.914 W/ActivityManager( 1592): 	at com.android.server.am.ActivityRecord.isInStackLocked(ActivityRecord.java:1121)
12-09 08:39:46.914 W/ActivityManager( 1592): 	at com.android.server.am.ActivityRecord.getStackLocked(ActivityRecord.java:1126)
12-09 08:39:46.914 W/ActivityManager( 1592): 	at com.android.server.am.ActivityManagerService.getActivityDisplayId(ActivityManagerService.java:8889)
12-09 08:39:46.914 W/ActivityManager( 1592): 	at android.app.ActivityManagerNative.onTransact(ActivityManagerNative.java:2338)
12-09 08:39:46.914 W/ActivityManager( 1592): 	at com.android.server.am.ActivityManagerService.onTransact(ActivityManagerService.java:2443)
12-09 08:39:46.914 W/ActivityManager( 1592): 	at android.os.Binder.execTransact(Binder.java:453)
12-09 08:39:46.915 W/ActivityManager( 1592): Bad activity token: android.os.BinderProxy@fab616e
12-09 08:39:46.915 W/ActivityManager( 1592): java.lang.ClassCastException: android.os.BinderProxy cannot be cast to com.android.server.am.ActivityRecord$Token
12-09 08:39:46.915 W/ActivityManager( 1592): 	at com.android.server.am.ActivityRecord.forTokenLocked(ActivityRecord.java:424)
12-09 08:39:46.915 W/ActivityManager( 1592): 	at com.android.server.am.ActivityRecord.isInStackLocked(ActivityRecord.java:1121)
12-09 08:39:46.915 W/ActivityManager( 1592): 	at com.android.server.am.ActivityManagerService.setTaskDescription(ActivityManagerService.java:8547)
12-09 08:39:46.915 W/ActivityManager( 1592): 	at android.app.ActivityManagerNative.onTransact(ActivityManagerNative.java:2410)
12-09 08:39:46.915 W/ActivityManager( 1592): 	at com.android.server.am.ActivityManagerService.onTransact(ActivityManagerService.java:2443)
12-09 08:39:46.915 W/ActivityManager( 1592): 	at android.os.Binder.execTransact(Binder.java:453)
12-09 08:39:46.916 W/ActivityManager( 1592): Bad activity token: android.os.BinderProxy@fab616e
12-09 08:39:46.916 W/ActivityManager( 1592): java.lang.ClassCastException: android.os.BinderProxy cannot be cast to com.android.server.am.ActivityRecord$Token
12-09 08:39:46.916 W/ActivityManager( 1592): 	at com.android.server.am.ActivityRecord.forTokenLocked(ActivityRecord.java:424)
12-09 08:39:46.916 W/ActivityManager( 1592): 	at com.android.server.am.ActivityRecord.isInStackLocked(ActivityRecord.java:1121)
12-09 08:39:46.916 W/ActivityManager( 1592): 	at com.android.server.am.ActivityManagerService.getActivityOptions(ActivityManagerService.java:11038)
12-09 08:39:46.916 W/ActivityManager( 1592): 	at android.app.ActivityManagerNative.onTransact(ActivityManagerNative.java:1734)
12-09 08:39:46.916 W/ActivityManager( 1592): 	at com.android.server.am.ActivityManagerService.onTransact(ActivityManagerService.java:2443)
12-09 08:39:46.916 W/ActivityManager( 1592): 	at android.os.Binder.execTransact(Binder.java:453)
12-09 08:39:46.916 W/ActivityManager( 1592): Bad activity token: android.os.BinderProxy@fab616e
12-09 08:39:46.916 W/ActivityManager( 1592): java.lang.ClassCastException: android.os.BinderProxy cannot be cast to com.android.server.am.ActivityRecord$Token
12-09 08:39:46.916 W/ActivityManager( 1592): 	at com.android.server.am.ActivityRecord.forTokenLocked(ActivityRecord.java:424)
12-09 08:39:46.916 W/ActivityManager( 1592): 	at com.android.server.am.ActivityRecord.isInStackLocked(ActivityRecord.java:1121)
12-09 08:39:46.916 W/ActivityManager( 1592): 	at com.android.server.am.ActivityManagerService.getActivityOptions(ActivityManagerService.java:11038)
12-09 08:39:46.916 W/ActivityManager( 1592): 	at android.app.ActivityManagerNative.onTransact(ActivityManagerNative.java:1734)
12-09 08:39:46.916 W/ActivityManager( 1592): 	at com.android.server.am.ActivityManagerService.onTransact(ActivityManagerService.java:2443)
12-09 08:39:46.916 W/ActivityManager( 1592): 	at android.os.Binder.execTransact(Binder.java:453)
12-09 08:39:46.953 W/audio_hw_generic( 1307): Not supplying enough data to HAL, expected position 47531847 , only wrote 47530527
12-09 08:39:46.985 W/audio_hw_generic( 1307): Hardware backing HAL too slow, could only write 0 of 661 frames
12-09 08:39:46.985 W/audio_hw_generic( 1307): Hardware backing HAL too slow, could only write 0 of 661 frames
12-09 08:39:46.986 W/audio_hw_generic( 1307): Hardware backing HAL too slow, could only write 0 of 661 frames
12-09 08:39:47.008 W/audio_hw_generic( 1307): Hardware backing HAL too slow, could only write 0 of 661 frames
12-09 08:39:47.009 D/AudioFlinger( 1307): mixer(0xf4340000) throttle end: throttle time(22)
12-09 08:39:47.296 W/audio_hw_generic( 1307): Not supplying enough data to HAL, expected position 47544252 , only wrote 47539781
12-09 08:39:47.299 I/art     (20715): Background partial concurrent mark sweep GC freed 36436(1800KB) AllocSpace objects, 2(40KB) LOS objects, 39% free, 2MB/3MB, paused 15.253ms total 369.657ms
12-09 08:39:47.372 W/audio_hw_generic( 1307): Not supplying enough data to HAL, expected position 47543118 , only wrote 47541103
12-09 08:39:47.552 W/audio_hw_generic( 1307): Not supplying enough data to HAL, expected position 47549039 , only wrote 47549035
12-09 08:39:47.552 W/audio_hw_generic( 1307): Not supplying enough data to HAL, expected position 47549042 , only wrote 47549035
12-09 08:39:47.603 E/SurfaceFlinger( 1219): ro.sf.lcd_density must be defined as a build property
12-09 08:39:47.604 D/gralloc_ranchu( 1219): gralloc_alloc: Creating ashmem region of size 3686400
12-09 08:39:47.606 W/audio_hw_generic( 1307): Not supplying enough data to HAL, expected position 47551395 , only wrote 47549696
12-09 08:39:47.676 W/audio_hw_generic( 1307): Hardware backing HAL too slow, could only write 0 of 661 frames
12-09 08:39:47.684 W/audio_hw_generic( 1307): Hardware backing HAL too slow, could only write 0 of 661 frames
12-09 08:39:47.687 D/        (20747): HostConnection::get() New Host Connection established 0x7fc9de752480, tid 20747
12-09 08:39:47.709 E/EGL_emulation( 1219): tid 1219: eglCreateSyncKHR(1881): error 0x3004 (EGL_BAD_ATTRIBUTE)
12-09 08:39:47.714 W/audio_hw_generic( 1307): Hardware backing HAL too slow, could only write 0 of 661 frames
12-09 08:39:47.729 W/audio_hw_generic( 1307): Hardware backing HAL too slow, could only write 0 of 661 frames
12-09 08:39:47.746 W/audio_hw_generic( 1307): Hardware backing HAL too slow, could only write 0 of 661 frames
12-09 08:39:48.270 W/audio_hw_generic( 1307): Not supplying enough data to HAL, expected position 47578982 , only wrote 47578119
12-09 08:39:48.270 W/audio_hw_generic( 1307): Not supplying enough data to HAL, expected position 47578126 , only wrote 47578119
12-09 08:39:48.300 W/audio_hw_generic( 1307): Not supplying enough data to HAL, expected position 47579454 , only wrote 47579441
12-09 08:39:48.321 W/audio_hw_generic( 1307): Hardware backing HAL too slow, could only write 0 of 661 frames
12-09 08:39:48.353 W/audio_hw_generic( 1307): Hardware backing HAL too slow, could only write 0 of 661 frames
12-09 08:39:48.353 W/audio_hw_generic( 1307): Hardware backing HAL too slow, could only write 0 of 661 frames
12-09 08:39:48.389 W/audio_hw_generic( 1307): Not supplying enough data to HAL, expected position 47583373 , only wrote 47582746
12-09 08:39:48.389 W/audio_hw_generic( 1307): Hardware backing HAL too slow, could only write 0 of 661 frames
12-09 08:39:48.390 W/audio_hw_generic( 1307): Hardware backing HAL too slow, could only write 0 of 661 frames
12-09 08:39:48.422 W/audio_hw_generic( 1307): Hardware backing HAL too slow, could only write 0 of 661 frames
12-09 08:39:48.437 W/audio_hw_generic( 1307): Hardware backing HAL too slow, could only write 0 of 661 frames
12-09 08:39:48.466 W/audio_hw_generic( 1307): Hardware backing HAL too slow, could only write 0 of 661 frames
12-09 08:39:48.534 W/audio_hw_generic( 1307): Hardware backing HAL too slow, could only write 0 of 661 frames
12-09 08:39:48.549 W/audio_hw_generic( 1307): Hardware backing HAL too slow, could only write 0 of 661 frames
12-09 08:39:48.573 W/audio_hw_generic( 1307): Hardware backing HAL too slow, could only write 0 of 661 frames
12-09 08:39:48.581 W/audio_hw_generic( 1307): Hardware backing HAL too slow, could only write 0 of 661 frames
12-09 08:39:48.593 I/System.out(20715): URI: //gesture
12-09 08:39:48.593 I/System.out(20715): params: {json={"query_timeout":5.0,"gestures":[{"query_string":"android.widget.TabWidget descendant TextView index:2","touches":[{"x":50,"y":50,"offset_x":0,"offset_y":0,"wait":0.0,"time":0.2,"release":true,"query_string":null}]}]}
12-09 08:39:48.593 I/System.out(20715): }
12-09 08:39:48.594 W/audio_hw_generic( 1307): Hardware backing HAL too slow, could only write 0 of 661 frames
12-09 08:39:48.708 W/audio_hw_generic( 1307): Not supplying enough data to HAL, expected position 47596795 , only wrote 47596627
12-09 08:39:48.708 W/audio_hw_generic( 1307): Not supplying enough data to HAL, expected position 47596634 , only wrote 47596627
12-09 08:39:48.729 W/audio_hw_generic( 1307): Not supplying enough data to HAL, expected position 47597537 , only wrote 47597288
12-09 08:39:49.000 W/audio_hw_generic( 1307): Not supplying enough data to HAL, expected position 47609258 , only wrote 47609186
12-09 08:39:49.086 W/audio_hw_generic( 1307): Hardware backing HAL too slow, could only write 0 of 661 frames
12-09 08:39:49.097 W/audio_hw_generic( 1307): Hardware backing HAL too slow, could only write 0 of 661 frames
12-09 08:39:49.112 W/audio_hw_generic( 1307): Hardware backing HAL too slow, could only write 0 of 661 frames
12-09 08:39:49.125 W/audio_hw_generic( 1307): Hardware backing HAL too slow, could only write 0 of 661 frames
12-09 08:39:49.141 W/audio_hw_generic( 1307): Hardware backing HAL too slow, could only write 0 of 661 frames
12-09 08:39:49.157 W/audio_hw_generic( 1307): Hardware backing HAL too slow, could only write 0 of 661 frames
12-09 08:39:49.173 W/audio_hw_generic( 1307): Hardware backing HAL too slow, could only write 0 of 661 frames
12-09 08:39:49.181 W/audio_hw_generic( 1307): Hardware backing HAL too slow, could only write 0 of 661 frames
12-09 08:39:49.185 I/calabash(20715): newActivity1
12-09 08:39:49.213 W/audio_hw_generic( 1307): Hardware backing HAL too slow, could only write 0 of 661 frames
12-09 08:39:49.216 W/ActivityManager( 1592): Bad activity token: android.os.BinderProxy@cbc300f
12-09 08:39:49.216 W/ActivityManager( 1592): java.lang.ClassCastException: android.os.BinderProxy cannot be cast to com.android.server.am.ActivityRecord$Token
12-09 08:39:49.216 W/ActivityManager( 1592): 	at com.android.server.am.ActivityRecord.forTokenLocked(ActivityRecord.java:424)
12-09 08:39:49.216 W/ActivityManager( 1592): 	at com.android.server.am.ActivityRecord.isInStackLocked(ActivityRecord.java:1121)
12-09 08:39:49.216 W/ActivityManager( 1592): 	at com.android.server.am.ActivityRecord.getStackLocked(ActivityRecord.java:1126)
12-09 08:39:49.216 W/ActivityManager( 1592): 	at com.android.server.am.ActivityManagerService.getActivityDisplayId(ActivityManagerService.java:8889)
12-09 08:39:49.216 W/ActivityManager( 1592): 	at android.app.ActivityManagerNative.onTransact(ActivityManagerNative.java:2338)
12-09 08:39:49.216 W/ActivityManager( 1592): 	at com.android.server.am.ActivityManagerService.onTransact(ActivityManagerService.java:2443)
12-09 08:39:49.216 W/ActivityManager( 1592): 	at android.os.Binder.execTransact(Binder.java:453)
12-09 08:39:49.217 W/ActivityManager( 1592): Bad activity token: android.os.BinderProxy@cbc300f
12-09 08:39:49.217 W/ActivityManager( 1592): java.lang.ClassCastException: android.os.BinderProxy cannot be cast to com.android.server.am.ActivityRecord$Token
12-09 08:39:49.217 W/ActivityManager( 1592): 	at com.android.server.am.ActivityRecord.forTokenLocked(ActivityRecord.java:424)
12-09 08:39:49.217 W/ActivityManager( 1592): 	at com.android.server.am.ActivityRecord.isInStackLocked(ActivityRecord.java:1121)
12-09 08:39:49.217 W/ActivityManager( 1592): 	at com.android.server.am.ActivityManagerService.setTaskDescription(ActivityManagerService.java:8547)
12-09 08:39:49.217 W/ActivityManager( 1592): 	at android.app.ActivityManagerNative.onTransact(ActivityManagerNative.java:2410)
12-09 08:39:49.217 W/ActivityManager( 1592): 	at com.android.server.am.ActivityManagerService.onTransact(ActivityManagerService.java:2443)
12-09 08:39:49.217 W/ActivityManager( 1592): 	at android.os.Binder.execTransact(Binder.java:453)
12-09 08:39:49.289 W/audio_hw_generic( 1307): Not supplying enough data to HAL, expected position 47621926 , only wrote 47621745
12-09 08:39:49.304 D/VehicleStatisticsActivity(20715): Checking recalculation ...
12-09 08:39:49.305 D/VehicleStatisticsActivity(20715): Recalculating statistics
12-09 08:39:49.306 D/AndroidRuntime(20715): Shutting down VM
--------- beginning of crash
12-09 08:39:49.306 E/AndroidRuntime(20715): FATAL EXCEPTION: main
12-09 08:39:49.306 E/AndroidRuntime(20715): Process: com.evancharlton.mileage, PID: 20715
12-09 08:39:49.306 E/AndroidRuntime(20715): java.lang.VerifyError: Rejecting class com.evancharlton.mileage.tasks.VehicleStatisticsTask because it failed compile-time verification (declaration of 'com.evancharlton.mileage.tasks.VehicleStatisticsTask' appears in /data/app/com.evancharlton.mileage-1/base.apk)
12-09 08:39:49.306 E/AndroidRuntime(20715): 	at com.evancharlton.mileage.VehicleStatisticsActivity.calculate(VehicleStatisticsActivity.java:206)
12-09 08:39:49.306 E/AndroidRuntime(20715): 	at com.evancharlton.mileage.VehicleStatisticsActivity.recalculate(VehicleStatisticsActivity.java:170)
12-09 08:39:49.306 E/AndroidRuntime(20715): 	at com.evancharlton.mileage.VehicleStatisticsActivity.onCreate(VehicleStatisticsActivity.java:131)
12-09 08:39:49.306 E/AndroidRuntime(20715): 	at android.app.Activity.performCreate(Activity.java:6237)
12-09 08:39:49.306 E/AndroidRuntime(20715): 	at android.app.Instrumentation.callActivityOnCreate(Instrumentation.java:1107)
12-09 08:39:49.306 E/AndroidRuntime(20715): 	at android.app.ActivityThread.performLaunchActivity(ActivityThread.java:2369)
12-09 08:39:49.306 E/AndroidRuntime(20715): 	at android.app.ActivityThread.startActivityNow(ActivityThread.java:2240)
12-09 08:39:49.306 E/AndroidRuntime(20715): 	at android.app.LocalActivityManager.moveToState(LocalActivityManager.java:136)
12-09 08:39:49.306 E/AndroidRuntime(20715): 	at android.app.LocalActivityManager.startActivity(LocalActivityManager.java:348)
12-09 08:39:49.306 E/AndroidRuntime(20715): 	at android.widget.TabHost$IntentContentStrategy.getContentView(TabHost.java:724)
12-09 08:39:49.306 E/AndroidRuntime(20715): 	at android.widget.TabHost.setCurrentTab(TabHost.java:388)
12-09 08:39:49.306 E/AndroidRuntime(20715): 	at android.widget.TabHost$2.onTabSelectionChanged(TabHost.java:158)
12-09 08:39:49.306 E/AndroidRuntime(20715): 	at android.widget.TabWidget$TabClickListener.onClick(TabWidget.java:551)
12-09 08:39:49.306 E/AndroidRuntime(20715): 	at android.view.View.performClick(View.java:5198)
12-09 08:39:49.306 E/AndroidRuntime(20715): 	at android.view.View$PerformClick.run(View.java:21147)
12-09 08:39:49.306 E/AndroidRuntime(20715): 	at android.os.Handler.handleCallback(Handler.java:739)
12-09 08:39:49.306 E/AndroidRuntime(20715): 	at android.os.Handler.dispatchMessage(Handler.java:95)
12-09 08:39:49.306 E/AndroidRuntime(20715): 	at android.os.Looper.loop(Looper.java:148)
12-09 08:39:49.306 E/AndroidRuntime(20715): 	at android.app.ActivityThread.main(ActivityThread.java:5417)
12-09 08:39:49.306 E/AndroidRuntime(20715): 	at java.lang.reflect.Method.invoke(Native Method)
12-09 08:39:49.306 E/AndroidRuntime(20715): 	at com.android.internal.os.ZygoteInit$MethodAndArgsCaller.run(ZygoteInit.java:726)
12-09 08:39:49.306 E/AndroidRuntime(20715): 	at com.android.internal.os.ZygoteInit.main(ZygoteInit.java:616)
12-09 08:39:49.307 W/ActivityManager( 1592): Error in app com.evancharlton.mileage running instrumentation ComponentInfo{com.evancharlton.mileage.test/sh.calaba.instrumentationbackend.CalabashInstrumentationTestRunner}:
12-09 08:39:49.307 W/ActivityManager( 1592):   java.lang.VerifyError
12-09 08:39:49.307 W/ActivityManager( 1592):   java.lang.VerifyError: Rejecting class com.evancharlton.mileage.tasks.VehicleStatisticsTask because it failed compile-time verification (declaration of 'com.evancharlton.mileage.tasks.VehicleStatisticsTask' appears in /data/app/com.evancharlton.mileage-1/base.apk)
12-09 08:39:49.307 I/ActivityManager( 1592): Force stopping com.evancharlton.mileage appid=10143 user=0: finished inst
12-09 08:39:49.307 I/ActivityManager( 1592): Killing 20715:com.evancharlton.mileage/u0a143 (adj 0): stop com.evancharlton.mileage
12-09 08:39:49.328 D/AudioFlinger( 1307): mixer(0xf4340000) throttle end: throttle time(7)
12-09 08:39:49.368 W/InputDispatcher( 1592): channel 'c9a5358 com.evancharlton.mileage/com.evancharlton.mileage.Mileage (server)' ~ Consumer closed input channel or an error occurred.  events=0x9
12-09 08:39:49.368 E/InputDispatcher( 1592): channel 'c9a5358 com.evancharlton.mileage/com.evancharlton.mileage.Mileage (server)' ~ Channel is unrecoverably broken and will be disposed!
12-09 08:39:49.390 W/ActivityManager( 1592): Force removing ActivityRecord{3f33e4b u0 com.evancharlton.mileage/.Mileage t500}: app died, no saved state
12-09 08:39:49.500 W/InputDispatcher( 1592): Attempted to unregister already unregistered input channel 'c9a5358 com.evancharlton.mileage/com.evancharlton.mileage.Mileage (server)'
12-09 08:39:49.515 W/WindowManager( 1592): Failed looking up window
12-09 08:39:49.515 W/WindowManager( 1592): java.lang.IllegalArgumentException: Requested window android.os.BinderProxy@a74503b does not exist
