12-09 08:10:01.216 W/audio_hw_generic( 1595): Hardware backing HAL too slow, could only write 0 of 661 frames
12-09 08:10:01.253 D/gralloc_ranchu( 1223): gralloc_alloc: Creating ashmem region of size 3686400
12-09 08:10:01.283 W/audio_hw_generic( 1595): Not supplying enough data to HAL, expected position 28812559 , only wrote 28812329
12-09 08:10:01.283 W/audio_hw_generic( 1595): Not supplying enough data to HAL, expected position 28812336 , only wrote 28812329
12-09 08:10:01.300 W/audio_hw_generic( 1595): Not supplying enough data to HAL, expected position 28813079 , only wrote 28812990
12-09 08:10:01.320 E/SurfaceFlinger( 1223): ro.sf.lcd_density must be defined as a build property
12-09 08:10:01.339 D/gralloc_ranchu( 1223): gralloc_alloc: Creating ashmem region of size 3686400
12-09 08:10:01.364 D/        (12679): HostConnection::get() New Host Connection established 0x7fdcd9c12480, tid 12679
12-09 08:10:01.391 E/EGL_emulation( 1223): tid 1223: eglCreateSyncKHR(1881): error 0x3004 (EGL_BAD_ATTRIBUTE)
12-09 08:10:01.454 I/ActivityManager( 1792): Displayed com.evancharlton.mileage/.FillupInfoActivity: +645ms
12-09 08:10:01.466 D/gralloc_ranchu( 1223): gralloc_alloc: Creating ashmem region of size 3686400
12-09 08:10:01.619 W/audio_hw_generic( 1595): Not supplying enough data to HAL, expected position 28827069 , only wrote 28822905
12-09 08:10:01.620 W/audio_hw_generic( 1595): Not supplying enough data to HAL, expected position 28822912 , only wrote 28822905
12-09 08:10:01.715 W/audio_hw_generic( 1595): Not supplying enough data to HAL, expected position 28827097 , only wrote 28823566
12-09 08:10:01.781 W/audio_hw_generic( 1595): Hardware backing HAL too slow, could only write 0 of 661 frames
12-09 08:10:01.795 W/audio_hw_generic( 1595): Hardware backing HAL too slow, could only write 0 of 661 frames
12-09 08:10:01.838 W/audio_hw_generic( 1595): Not supplying enough data to HAL, expected position 28829010 , only wrote 28828854
12-09 08:10:01.838 W/audio_hw_generic( 1595): Not supplying enough data to HAL, expected position 28828866 , only wrote 28828854
12-09 08:10:01.870 W/audio_hw_generic( 1595): Not supplying enough data to HAL, expected position 28830244 , only wrote 28829515
12-09 08:10:01.890 W/audio_hw_generic( 1595): Hardware backing HAL too slow, could only write 0 of 661 frames
12-09 08:10:01.905 W/audio_hw_generic( 1595): Hardware backing HAL too slow, could only write 0 of 661 frames
12-09 08:10:01.921 W/audio_hw_generic( 1595): Hardware backing HAL too slow, could only write 0 of 661 frames
12-09 08:10:01.945 W/audio_hw_generic( 1595): Hardware backing HAL too slow, could only write 0 of 661 frames
12-09 08:10:01.970 W/audio_hw_generic( 1595): Hardware backing HAL too slow, could only write 0 of 661 frames
12-09 08:10:01.983 W/audio_hw_generic( 1595): Hardware backing HAL too slow, could only write 0 of 661 frames
12-09 08:10:01.995 W/audio_hw_generic( 1595): Hardware backing HAL too slow, could only write 0 of 661 frames
12-09 08:10:02.110 W/audio_hw_generic( 1595): Not supplying enough data to HAL, expected position 28840099 , only wrote 28840091
12-09 08:10:02.200 W/audio_hw_generic( 1595): Not supplying enough data to HAL, expected position 28844058 , only wrote 28844057
12-09 08:10:02.224 W/audio_hw_generic( 1595): Not supplying enough data to HAL, expected position 28845124 , only wrote 28844718
12-09 08:10:02.495 W/audio_hw_generic( 1595): Hardware backing HAL too slow, could only write 0 of 661 frames
12-09 08:10:02.568 D/gralloc_ranchu( 1223): gralloc_alloc: Creating ashmem region of size 3686400
12-09 08:10:02.578 W/audio_hw_generic( 1595): Hardware backing HAL too slow, could only write 0 of 661 frames
12-09 08:10:03.028 D/AndroidRuntime(12682): >>>>>> START com.android.internal.os.RuntimeInit uid 0 <<<<<<
12-09 08:10:03.030 D/AndroidRuntime(12682): CheckJNI is ON
12-09 08:10:03.046 D/ICU     (12682): No timezone override file found: /data/misc/zoneinfo/current/icu/icu_tzdata.dat
12-09 08:10:03.178 W/audio_hw_generic( 1595): Not supplying enough data to HAL, expected position 28886789 , only wrote 28885700
12-09 08:10:03.178 W/audio_hw_generic( 1595): Not supplying enough data to HAL, expected position 28885707 , only wrote 28885700
12-09 08:10:03.198 W/audio_hw_generic( 1595): Not supplying enough data to HAL, expected position 28886573 , only wrote 28886361
12-09 08:10:03.283 E/memtrack(12682): Couldn't load memtrack module (No such file or directory)
12-09 08:10:03.290 E/android.os.Debug(12682): failed to load memtrack module: -2
12-09 08:10:03.291 I/Radio-JNI(12682): register_android_hardware_Radio DONE
12-09 08:10:03.310 D/AndroidRuntime(12682): Calling main entry com.android.commands.input.Input
12-09 08:10:03.339 I/Input   (12682): injectKeyEvent: KeyEvent { action=ACTION_DOWN, keyCode=KEYCODE_BACK, scanCode=0, metaState=0, flags=0x0, repeatCount=0, eventTime=4418171, downTime=4418171, deviceId=-1, source=0x101 }
12-09 08:10:03.363 I/Input   (12682): injectKeyEvent: KeyEvent { action=ACTION_UP, keyCode=KEYCODE_BACK, scanCode=0, metaState=0, flags=0x0, repeatCount=0, eventTime=4418171, downTime=4418171, deviceId=-1, source=0x101 }
12-09 08:10:03.415 W/audio_hw_generic( 1595): Hardware backing HAL too slow, could only write 0 of 661 frames
12-09 08:10:03.422 W/audio_hw_generic( 1595): Hardware backing HAL too slow, could only write 0 of 661 frames
12-09 08:10:03.442 D/AndroidRuntime(12682): Shutting down VM
12-09 08:10:03.451 W/audio_hw_generic( 1595): Hardware backing HAL too slow, could only write 0 of 661 frames
12-09 08:10:03.452 W/ActivityManager( 1792): Bad activity token: android.os.BinderProxy@9e21fe9
12-09 08:10:03.452 W/ActivityManager( 1792): java.lang.ClassCastException: android.os.BinderProxy cannot be cast to com.android.server.am.ActivityRecord$Token
12-09 08:10:03.452 W/ActivityManager( 1792): 	at com.android.server.am.ActivityRecord.forTokenLocked(ActivityRecord.java:424)
12-09 08:10:03.452 W/ActivityManager( 1792): 	at com.android.server.am.ActivityRecord.isInStackLocked(ActivityRecord.java:1121)
12-09 08:10:03.452 W/ActivityManager( 1792): 	at com.android.server.am.ActivityManagerService.getActivityOptions(ActivityManagerService.java:11038)
12-09 08:10:03.452 W/ActivityManager( 1792): 	at android.app.ActivityManagerNative.onTransact(ActivityManagerNative.java:1734)
12-09 08:10:03.452 W/ActivityManager( 1792): 	at com.android.server.am.ActivityManagerService.onTransact(ActivityManagerService.java:2443)
12-09 08:10:03.452 W/ActivityManager( 1792): 	at android.os.Binder.execTransact(Binder.java:453)
12-09 08:10:03.470 W/audio_hw_generic( 1595): Hardware backing HAL too slow, could only write 0 of 661 frames
12-09 08:10:03.482 W/audio_hw_generic( 1595): Hardware backing HAL too slow, could only write 0 of 661 frames
12-09 08:10:03.526 W/audio_hw_generic( 1595): Not supplying enough data to HAL, expected position 28900837 , only wrote 28900242
12-09 08:10:03.527 W/audio_hw_generic( 1595): Not supplying enough data to HAL, expected position 28900249 , only wrote 28900242
12-09 08:10:03.538 V/PhoneStatusBar( 1963): setLightsOn(true)
12-09 08:10:03.551 D/gralloc_ranchu( 1223): gralloc_alloc: Creating ashmem region of size 3686400
12-09 08:10:03.638 W/audio_hw_generic( 1595): Not supplying enough data to HAL, expected position 28905177 , only wrote 28904869
12-09 08:10:03.639 W/audio_hw_generic( 1595): Not supplying enough data to HAL, expected position 28904876 , only wrote 28904869
12-09 08:10:03.662 W/audio_hw_generic( 1595): Not supplying enough data to HAL, expected position 28905913 , only wrote 28905530
12-09 08:10:03.725 W/audio_hw_generic( 1595): Not supplying enough data to HAL, expected position 28908301 , only wrote 28908174
12-09 08:10:03.725 W/audio_hw_generic( 1595): Not supplying enough data to HAL, expected position 28908181 , only wrote 28908174
12-09 08:10:03.744 W/audio_hw_generic( 1595): Not supplying enough data to HAL, expected position 28909003 , only wrote 28908835
12-09 08:10:03.744 W/audio_hw_generic( 1595): Hardware backing HAL too slow, could only write 0 of 661 frames
12-09 08:10:03.778 W/audio_hw_generic( 1595): Not supplying enough data to HAL, expected position 28910337 , only wrote 28910157
12-09 08:10:03.855 I/System.out(12572): URI: //gesture
12-09 08:10:03.855 I/System.out(12572): params: {json={"query_timeout":5.0,"gestures":[{"query_string":"android.widget.TabWidget descendant TextView index:2","touches":[{"x":50,"y":50,"offset_x":0,"offset_y":0,"wait":0.0,"time":0.2,"release":true,"query_string":null}]}]}
12-09 08:10:03.855 I/System.out(12572): }
12-09 08:10:04.278 I/Choreographer(12572): Skipped 32 frames!  The application may be doing too much work on its main thread.
12-09 08:10:04.314 D/gralloc_ranchu( 1223): gralloc_alloc: Creating ashmem region of size 3686400
12-09 08:10:04.780 W/art     ( 1792): Long monitor contention event with owner method=void com.android.server.wm.WindowAnimator$1.doFrame(long) from WindowAnimator.java:121 waiters=1 for 212ms
12-09 08:10:05.198 D/gralloc_ranchu( 1223): gralloc_alloc: Creating ashmem region of size 3686400
12-09 08:10:05.384 I/calabash(12572): newActivity1
12-09 08:10:05.390 W/ActivityManager( 1792): Bad activity token: android.os.BinderProxy@761d08a
12-09 08:10:05.390 W/ActivityManager( 1792): java.lang.ClassCastException: android.os.BinderProxy cannot be cast to com.android.server.am.ActivityRecord$Token
12-09 08:10:05.390 W/ActivityManager( 1792): 	at com.android.server.am.ActivityRecord.forTokenLocked(ActivityRecord.java:424)
12-09 08:10:05.390 W/ActivityManager( 1792): 	at com.android.server.am.ActivityRecord.isInStackLocked(ActivityRecord.java:1121)
12-09 08:10:05.390 W/ActivityManager( 1792): 	at com.android.server.am.ActivityRecord.getStackLocked(ActivityRecord.java:1126)
12-09 08:10:05.390 W/ActivityManager( 1792): 	at com.android.server.am.ActivityManagerService.getActivityDisplayId(ActivityManagerService.java:8889)
12-09 08:10:05.390 W/ActivityManager( 1792): 	at android.app.ActivityManagerNative.onTransact(ActivityManagerNative.java:2338)
12-09 08:10:05.390 W/ActivityManager( 1792): 	at com.android.server.am.ActivityManagerService.onTransact(ActivityManagerService.java:2443)
12-09 08:10:05.390 W/ActivityManager( 1792): 	at android.os.Binder.execTransact(Binder.java:453)
12-09 08:10:05.392 W/ActivityManager( 1792): Bad activity token: android.os.BinderProxy@761d08a
12-09 08:10:05.392 W/ActivityManager( 1792): java.lang.ClassCastException: android.os.BinderProxy cannot be cast to com.android.server.am.ActivityRecord$Token
12-09 08:10:05.392 W/ActivityManager( 1792): 	at com.android.server.am.ActivityRecord.forTokenLocked(ActivityRecord.java:424)
12-09 08:10:05.392 W/ActivityManager( 1792): 	at com.android.server.am.ActivityRecord.isInStackLocked(ActivityRecord.java:1121)
12-09 08:10:05.392 W/ActivityManager( 1792): 	at com.android.server.am.ActivityManagerService.setTaskDescription(ActivityManagerService.java:8547)
12-09 08:10:05.392 W/ActivityManager( 1792): 	at android.app.ActivityManagerNative.onTransact(ActivityManagerNative.java:2410)
12-09 08:10:05.392 W/ActivityManager( 1792): 	at com.android.server.am.ActivityManagerService.onTransact(ActivityManagerService.java:2443)
12-09 08:10:05.392 W/ActivityManager( 1792): 	at android.os.Binder.execTransact(Binder.java:453)
12-09 08:10:05.454 W/audio_hw_generic( 1595): Hardware backing HAL too slow, could only write 0 of 661 frames
12-09 08:10:05.470 W/audio_hw_generic( 1595): Hardware backing HAL too slow, could only write 0 of 661 frames
12-09 08:10:05.679 D/VehicleStatisticsActivity(12572): Checking recalculation ...
12-09 08:10:05.680 D/VehicleStatisticsActivity(12572): Recalculating statistics
12-09 08:10:05.680 D/VehicleStatisticsTask(12572): Calculation starting...
12-09 08:10:05.681 D/VehicleStatisticsActivity(12572): Recalculation started!
12-09 08:10:05.691 W/ActivityManager( 1792): Bad activity token: android.os.BinderProxy@761d08a
12-09 08:10:05.691 W/ActivityManager( 1792): java.lang.ClassCastException: android.os.BinderProxy cannot be cast to com.android.server.am.ActivityRecord$Token
12-09 08:10:05.691 W/ActivityManager( 1792): 	at com.android.server.am.ActivityRecord.forTokenLocked(ActivityRecord.java:424)
12-09 08:10:05.691 W/ActivityManager( 1792): 	at com.android.server.am.ActivityRecord.isInStackLocked(ActivityRecord.java:1121)
12-09 08:10:05.691 W/ActivityManager( 1792): 	at com.android.server.am.ActivityManagerService.getActivityOptions(ActivityManagerService.java:11038)
12-09 08:10:05.691 W/ActivityManager( 1792): 	at android.app.ActivityManagerNative.onTransact(ActivityManagerNative.java:1734)
12-09 08:10:05.691 W/ActivityManager( 1792): 	at com.android.server.am.ActivityManagerService.onTransact(ActivityManagerService.java:2443)
12-09 08:10:05.691 W/ActivityManager( 1792): 	at android.os.Binder.execTransact(Binder.java:453)
12-09 08:10:05.691 W/ActivityManager( 1792): Bad activity token: android.os.BinderProxy@761d08a
12-09 08:10:05.691 W/ActivityManager( 1792): java.lang.ClassCastException: android.os.BinderProxy cannot be cast to com.android.server.am.ActivityRecord$Token
12-09 08:10:05.691 W/ActivityManager( 1792): 	at com.android.server.am.ActivityRecord.forTokenLocked(ActivityRecord.java:424)
12-09 08:10:05.691 W/ActivityManager( 1792): 	at com.android.server.am.ActivityRecord.isInStackLocked(ActivityRecord.java:1121)
12-09 08:10:05.691 W/ActivityManager( 1792): 	at com.android.server.am.ActivityManagerService.getActivityOptions(ActivityManagerService.java:11038)
12-09 08:10:05.691 W/ActivityManager( 1792): 	at android.app.ActivityManagerNative.onTransact(ActivityManagerNative.java:1734)
12-09 08:10:05.691 W/ActivityManager( 1792): 	at com.android.server.am.ActivityManagerService.onTransact(ActivityManagerService.java:2443)
12-09 08:10:05.691 W/ActivityManager( 1792): 	at android.os.Binder.execTransact(Binder.java:453)
12-09 08:10:05.692 D/VehicleStatisticsActivity(12572): Checking recalculation ...
12-09 08:10:05.693 D/VehicleStatisticsActivity(12572): Recalculating statistics
12-09 08:10:05.693 D/VehicleStatisticsTask(12572): Calculation starting...
12-09 08:10:05.710 D/VehicleStatisticsActivity(12572): Recalculation started!
12-09 08:10:05.722 I/art     (12572): Background partial concurrent mark sweep GC freed 37663(2MB) AllocSpace objects, 12(240KB) LOS objects, 39% free, 4MB/7MB, paused 2.171ms total 317.050ms
12-09 08:10:05.797 D/CalculateTask(12572): Recalculating...
12-09 08:10:05.931 W/audio_hw_generic( 1595): Not supplying enough data to HAL, expected position 28933299 , only wrote 28933292
12-09 08:10:06.006 D/CalculateTask(12572): Recalculating...
12-09 08:10:06.066 W/audio_hw_generic( 1595): Not supplying enough data to HAL, expected position 28939264 , only wrote 28939241
12-09 08:10:06.079 D/VehicleStatisticsTask(12572): Done recalculating!
12-09 08:10:06.097 D/Mileage.ABS(12572): Finished backup
12-09 08:10:06.109 D/Mileage.ABS(12572): Not backing up; 42
12-09 08:10:06.110 D/VehicleStatisticsAdapter(12572): Erasing the cache ...
12-09 08:10:06.152 D/VehicleStatisticsAdapter(12572): Building new values ...
12-09 08:10:06.153 D/VehicleStatisticsAdapter(12572): Writing 29 records to the database ...
12-09 08:10:06.236 D/VehicleStatisticsTask(12572): Done recalculating!
12-09 08:10:06.277 D/Mileage.ABS(12572): Not backing up; 206
12-09 08:10:06.278 D/VehicleStatisticsAdapter(12572): Erasing the cache ...
12-09 08:10:06.290 D/Mileage.ABS(12572): Not backing up; 223
12-09 08:10:06.323 E/SurfaceFlinger( 1223): ro.sf.lcd_density must be defined as a build property
12-09 08:10:06.378 D/gralloc_ranchu( 1223): gralloc_alloc: Creating ashmem region of size 3686400
12-09 08:10:06.390 D/Mileage.ABS(12572): Not backing up; 323
12-09 08:10:06.391 D/Mileage.ABS(12572): Not backing up; 324
12-09 08:10:06.404 D/VehicleStatisticsAdapter(12572): Building new values ...
12-09 08:10:06.409 D/VehicleStatisticsAdapter(12572): Writing 29 records to the database ...
12-09 08:10:06.433 D/Mileage.ABS(12572): Not backing up; 366
12-09 08:10:06.434 D/Mileage.ABS(12572): Not backing up; 367
12-09 08:10:06.466 D/        (12695): HostConnection::get() New Host Connection established 0x7f0fdea52480, tid 12695
12-09 08:10:06.519 E/EGL_emulation( 1223): tid 1223: eglCreateSyncKHR(1881): error 0x3004 (EGL_BAD_ATTRIBUTE)
12-09 08:10:06.524 D/Mileage.ABS(12572): Not backing up; 457
12-09 08:10:06.619 W/audio_hw_generic( 1595): Not supplying enough data to HAL, expected position 28963622 , only wrote 28961715
12-09 08:10:06.619 W/audio_hw_generic( 1595): Not supplying enough data to HAL, expected position 28961722 , only wrote 28961715
12-09 08:10:06.642 W/audio_hw_generic( 1595): Not supplying enough data to HAL, expected position 28962747 , only wrote 28962376
12-09 08:10:06.730 D/Mileage.ABS(12572): Not backing up; 663
12-09 08:10:06.787 D/Mileage.ABS(12572): Not backing up; 720
12-09 08:10:06.829 D/Mileage.ABS(12572): Not backing up; 762
12-09 08:10:06.830 D/Mileage.ABS(12572): Not backing up; 763
12-09 08:10:06.892 D/Mileage.ABS(12572): Not backing up; 825
12-09 08:10:06.895 D/Mileage.ABS(12572): Not backing up; 828
12-09 08:10:06.895 D/Mileage.ABS(12572): Not backing up; 828
12-09 08:10:06.965 D/Mileage.ABS(12572): Not backing up; 898
12-09 08:10:06.966 D/Mileage.ABS(12572): Not backing up; 899
12-09 08:10:06.966 D/Mileage.ABS(12572): Not backing up; 899
12-09 08:10:06.967 D/Mileage.ABS(12572): Not backing up; 899
12-09 08:10:07.387 D/Mileage.ABS(12572): Finished backup
12-09 08:10:07.388 D/Mileage.ABS(12572): Not backing up; 120
12-09 08:10:07.436 D/Mileage.ABS(12572): Not backing up; 168
12-09 08:10:07.437 D/Mileage.ABS(12572): Not backing up; 169
12-09 08:10:07.437 D/Mileage.ABS(12572): Not backing up; 169
12-09 08:10:07.495 D/Mileage.ABS(12572): Not backing up; 227
12-09 08:10:07.495 D/Mileage.ABS(12572): Not backing up; 227
12-09 08:10:07.633 I/System.out(12572): URI: //map
12-09 08:10:07.633 I/System.out(12572): params: {json={"query":"* {text CONTAINS[c] 'Average fuel economy'}","operation":{"method_name":"query","arguments":[]}}
12-09 08:10:07.633 I/System.out(12572): }
12-09 08:10:07.649 D/Mileage.ABS(12572): Not backing up; 381
12-09 08:10:07.662 D/Mileage.ABS(12572): Not backing up; 394
12-09 08:10:07.677 D/Mileage.ABS(12572): Not backing up; 409
12-09 08:10:07.680 D/Mileage.ABS(12572): Not backing up; 412
12-09 08:10:07.688 D/Mileage.ABS(12572): Not backing up; 419
12-09 08:10:07.704 D/Mileage.ABS(12572): Not backing up; 436
12-09 08:10:07.722 D/Mileage.ABS(12572): Not backing up; 454
12-09 08:10:07.789 D/Mileage.ABS(12572): Not backing up; 521
12-09 08:10:07.789 D/Mileage.ABS(12572): Not backing up; 521
12-09 08:10:07.864 W/audio_hw_generic( 1595): Not supplying enough data to HAL, expected position 29016239 , only wrote 29015917
12-09 08:10:07.864 W/audio_hw_generic( 1595): Not supplying enough data to HAL, expected position 29015924 , only wrote 29015917
12-09 08:10:08.005 D/Mileage.ABS(12572): Not backing up; 737
12-09 08:10:08.010 D/Mileage.ABS(12572): Not backing up; 742
12-09 08:10:08.011 D/Mileage.ABS(12572): Not backing up; 742
12-09 08:10:08.011 D/Mileage.ABS(12572): Not backing up; 743
12-09 08:10:08.011 D/Mileage.ABS(12572): Not backing up; 743
12-09 08:10:08.021 D/Mileage.ABS(12572): Not backing up; 753
12-09 08:10:08.030 D/Mileage.ABS(12572): Not backing up; 762
12-09 08:10:08.030 D/Mileage.ABS(12572): Not backing up; 762
12-09 08:10:08.071 I/System.out(12572): URI: //gesture
12-09 08:10:08.071 I/System.out(12572): params: {json={"query_timeout":5.0,"gestures":[{"query_string":"* {text CONTAINS[c] 'Average fuel economy'}","touches":[{"x":50,"y":50,"offset_x":0,"offset_y":0,"wait":0.0,"time":0.2,"release":true,"query_string":null}]}]}
12-09 08:10:08.071 I/System.out(12572): }
12-09 08:10:08.113 D/Mileage.ABS(12572): Not backing up; 845
12-09 08:10:08.113 D/Mileage.ABS(12572): Not backing up; 845
12-09 08:10:08.114 D/Mileage.ABS(12572): Not backing up; 846
12-09 08:10:08.114 D/Mileage.ABS(12572): Not backing up; 846
12-09 08:10:08.138 I/art     (12572): Background sticky concurrent mark sweep GC freed 79103(3MB) AllocSpace objects, 3(60KB) LOS objects, 42% free, 4MB/7MB, paused 1.173ms total 293.356ms
12-09 08:10:08.167 D/Mileage.ABS(12572): Not backing up; 899
12-09 08:10:08.190 D/Mileage.ABS(12572): Not backing up; 922
12-09 08:10:08.202 D/Mileage.ABS(12572): Not backing up; 934
12-09 08:10:08.263 W/audio_hw_generic( 1595): Hardware backing HAL too slow, could only write 0 of 661 frames
12-09 08:10:08.273 D/VehicleStatisticsAdapter(12572): Caching of 29 records complete! (2.12 seconds)
12-09 08:10:08.295 D/Mileage.ABS(12572): Finished backup
12-09 08:10:08.323 D/Mileage.ABS(12572): Not backing up; 46
12-09 08:10:08.325 D/Mileage.ABS(12572): Not backing up; 48
12-09 08:10:08.326 D/Mileage.ABS(12572): Not backing up; 49
12-09 08:10:08.326 D/Mileage.ABS(12572): Not backing up; 49
12-09 08:10:08.329 D/Mileage.ABS(12572): Not backing up; 52
12-09 08:10:08.362 D/Mileage.ABS(12572): Not backing up; 85
12-09 08:10:08.362 D/Mileage.ABS(12572): Not backing up; 85
12-09 08:10:08.455 D/VehicleStatisticsAdapter(12572): Caching of 29 records complete! (2.046 seconds)
12-09 08:10:08.499 D/Mileage.ABS(12572): Not backing up; 222
12-09 08:10:08.499 D/Mileage.ABS(12572): Not backing up; 222
12-09 08:10:08.499 D/Mileage.ABS(12572): Not backing up; 222
12-09 08:10:08.524 I/ActivityManager( 1792): START u0 {cmp=com.evancharlton.mileage/.charts.AverageFuelEconomyChart (has extras)} from uid 10129 on display 0
12-09 08:10:08.569 W/audio_hw_generic( 1595): Not supplying enough data to HAL, expected position 29046992 , only wrote 29046984
12-09 08:10:08.589 W/audio_hw_generic( 1595): Not supplying enough data to HAL, expected position 29047891 , only wrote 29046984
12-09 08:10:08.620 W/audio_hw_generic( 1595): Hardware backing HAL too slow, could only write 0 of 661 frames
12-09 08:10:08.636 W/audio_hw_generic( 1595): Hardware backing HAL too slow, could only write 0 of 661 frames
12-09 08:10:08.658 W/audio_hw_generic( 1595): Hardware backing HAL too slow, could only write 0 of 661 frames
12-09 08:10:08.658 D/AudioFlinger( 1595): mixer(0xf4300000) throttle end: throttle time(11)
12-09 08:10:08.706 W/audio_hw_generic( 1595): Not supplying enough data to HAL, expected position 29050763 , only wrote 29050289
12-09 08:10:08.706 W/audio_hw_generic( 1595): Not supplying enough data to HAL, expected position 29050296 , only wrote 29050289
12-09 08:10:08.706 W/audio_hw_generic( 1595): Hardware backing HAL too slow, could only write 0 of 661 frames
12-09 08:10:08.706 W/audio_hw_generic( 1595): Hardware backing HAL too slow, could only write 0 of 661 frames
12-09 08:10:08.726 W/audio_hw_generic( 1595): Hardware backing HAL too slow, could only write 0 of 661 frames
12-09 08:10:08.737 W/audio_hw_generic( 1595): Hardware backing HAL too slow, could only write 0 of 661 frames
12-09 08:10:08.744 I/calabash(12572): newActivity1
12-09 08:10:08.762 W/audio_hw_generic( 1595): Hardware backing HAL too slow, could only write 0 of 661 frames
12-09 08:10:08.773 W/aiCharts(12572): License file is invalid or missing. 
12-09 08:10:08.773 W/aiCharts(12572): Please place proper license.lic to /assets folder.
12-09 08:10:08.778 W/audio_hw_generic( 1595): Hardware backing HAL too slow, could only write 0 of 661 frames
12-09 08:10:08.794 W/audio_hw_generic( 1595): Hardware backing HAL too slow, could only write 0 of 661 frames
12-09 08:10:08.797 W/audio_hw_generic( 1595): Hardware backing HAL too slow, could only write 0 of 661 frames
12-09 08:10:08.812 W/audio_hw_generic( 1595): Hardware backing HAL too slow, could only write 0 of 661 frames
12-09 08:10:08.829 W/audio_hw_generic( 1595): Hardware backing HAL too slow, could only write 0 of 661 frames
12-09 08:10:08.850 W/audio_hw_generic( 1595): Hardware backing HAL too slow, could only write 0 of 661 frames
12-09 08:10:08.945 W/audio_hw_generic( 1595): Not supplying enough data to HAL, expected position 29060840 , only wrote 29059543
12-09 08:10:08.946 W/audio_hw_generic( 1595): Not supplying enough data to HAL, expected position 29059551 , only wrote 29059543
12-09 08:10:08.966 W/audio_hw_generic( 1595): Not supplying enough data to HAL, expected position 29060431 , only wrote 29060204
12-09 08:10:08.966 W/audio_hw_generic( 1595): Hardware backing HAL too slow, could only write 0 of 661 frames
12-09 08:10:09.014 W/audio_hw_generic( 1595): Hardware backing HAL too slow, could only write 0 of 661 frames
12-09 08:10:09.031 W/audio_hw_generic( 1595): Hardware backing HAL too slow, could only write 0 of 661 frames
12-09 08:10:09.037 V/PhoneStatusBar( 1963): setLightsOn(true)
12-09 08:10:09.055 W/audio_hw_generic( 1595): Hardware backing HAL too slow, could only write 0 of 661 frames
12-09 08:10:09.070 W/audio_hw_generic( 1595): Hardware backing HAL too slow, could only write 0 of 661 frames
12-09 08:10:09.082 W/audio_hw_generic( 1595): Hardware backing HAL too slow, could only write 0 of 661 frames
12-09 08:10:09.098 W/audio_hw_generic( 1595): Hardware backing HAL too slow, could only write 0 of 661 frames
12-09 08:10:09.149 W/audio_hw_generic( 1595): Hardware backing HAL too slow, could only write 0 of 661 frames
12-09 08:10:09.149 W/audio_hw_generic( 1595): Not supplying enough data to HAL, expected position 29068275 , only wrote 29067475
12-09 08:10:09.149 W/audio_hw_generic( 1595): Not supplying enough data to HAL, expected position 29067481 , only wrote 29067475
12-09 08:10:09.201 W/audio_hw_generic( 1595): Hardware backing HAL too slow, could only write 0 of 661 frames
12-09 08:10:09.211 W/audio_hw_generic( 1595): Hardware backing HAL too slow, could only write 0 of 661 frames
12-09 08:10:09.230 W/audio_hw_generic( 1595): Hardware backing HAL too slow, could only write 0 of 661 frames
12-09 08:10:09.350 E/SurfaceFlinger( 1223): ro.sf.lcd_density must be defined as a build property
12-09 08:10:09.406 W/audio_hw_generic( 1595): Not supplying enough data to HAL, expected position 29078813 , only wrote 29075407
12-09 08:10:09.411 W/audio_hw_generic( 1595): Not supplying enough data to HAL, expected position 29075635 , only wrote 29075407
12-09 08:10:09.437 W/art     ( 1792): Long monitor contention event with owner method=void com.android.server.wm.WindowAnimator$1.doFrame(long) from WindowAnimator.java:121 waiters=0 for 174ms
12-09 08:10:09.443 D/gralloc_ranchu( 1223): gralloc_alloc: Creating ashmem region of size 3686400
12-09 08:10:09.475 D/        (12718): HostConnection::get() New Host Connection established 0x7f377e6d2480, tid 12718
12-09 08:10:09.523 E/EGL_emulation( 1223): tid 1223: eglCreateSyncKHR(1881): error 0x3004 (EGL_BAD_ATTRIBUTE)
12-09 08:10:09.524 W/audio_hw_generic( 1595): Not supplying enough data to HAL, expected position 29080403 , only wrote 29080034
12-09 08:10:09.525 W/audio_hw_generic( 1595): Not supplying enough data to HAL, expected position 29080042 , only wrote 29080034
12-09 08:10:09.651 W/audio_hw_generic( 1595): Not supplying enough data to HAL, expected position 29085600 , only wrote 29085322
12-09 08:10:09.898 W/audio_hw_generic( 1595): Hardware backing HAL too slow, could only write 0 of 661 frames
12-09 08:10:09.913 W/audio_hw_generic( 1595): Hardware backing HAL too slow, could only write 0 of 661 frames
12-09 08:10:09.973 W/audio_hw_generic( 1595): Not supplying enough data to HAL, expected position 29099537 , only wrote 29099203
12-09 08:10:09.973 W/audio_hw_generic( 1595): Not supplying enough data to HAL, expected position 29099213 , only wrote 29099203
12-09 08:10:09.997 W/audio_hw_generic( 1595): Not supplying enough data to HAL, expected position 29100227 , only wrote 29099864
12-09 08:10:10.182 W/audio_hw_generic( 1595): Not supplying enough data to HAL, expected position 29108056 , only wrote 29107796
12-09 08:10:10.183 W/audio_hw_generic( 1595): Not supplying enough data to HAL, expected position 29107803 , only wrote 29107796
12-09 08:10:10.199 W/audio_hw_generic( 1595): Not supplying enough data to HAL, expected position 29108536 , only wrote 29108457
12-09 08:10:10.265 I/Choreographer(12572): Skipped 70 frames!  The application may be doing too much work on its main thread.
12-09 08:10:10.270 D/gralloc_ranchu( 1223): gralloc_alloc: Creating ashmem region of size 3686400
12-09 08:10:10.387 W/audio_hw_generic( 1595): Not supplying enough data to HAL, expected position 29116724 , only wrote 29116389
12-09 08:10:10.387 W/audio_hw_generic( 1595): Not supplying enough data to HAL, expected position 29116396 , only wrote 29116389
12-09 08:10:10.410 W/audio_hw_generic( 1595): Not supplying enough data to HAL, expected position 29117418 , only wrote 29117050
12-09 08:10:10.517 W/audio_hw_generic( 1595): Not supplying enough data to HAL, expected position 29121732 , only wrote 29118372
12-09 08:10:10.558 W/audio_hw_generic( 1595): Not supplying enough data to HAL, expected position 29120217 , only wrote 29119694
12-09 08:10:10.602 W/audio_hw_generic( 1595): Not supplying enough data to HAL, expected position 29121628 , only wrote 29120355
12-09 08:10:10.602 W/audio_hw_generic( 1595): Not supplying enough data to HAL, expected position 29120363 , only wrote 29120355
12-09 08:10:10.636 W/audio_hw_generic( 1595): Not supplying enough data to HAL, expected position 29121813 , only wrote 29121016
12-09 08:10:10.665 W/audio_hw_generic( 1595): Hardware backing HAL too slow, could only write 0 of 661 frames
12-09 08:10:10.686 W/audio_hw_generic( 1595): Hardware backing HAL too slow, could only write 0 of 661 frames
12-09 08:10:10.702 W/audio_hw_generic( 1595): Hardware backing HAL too slow, could only write 0 of 661 frames
12-09 08:10:10.729 W/audio_hw_generic( 1595): Hardware backing HAL too slow, could only write 0 of 661 frames
12-09 08:10:10.732 W/audio_hw_generic( 1595): Hardware backing HAL too slow, could only write 0 of 661 frames
12-09 08:10:10.752 W/audio_hw_generic( 1595): Hardware backing HAL too slow, could only write 0 of 661 frames
12-09 08:10:10.774 W/audio_hw_generic( 1595): Hardware backing HAL too slow, could only write 0 of 661 frames
12-09 08:10:10.866 W/audio_hw_generic( 1595): Not supplying enough data to HAL, expected position 29131189 , only wrote 29130931
12-09 08:10:10.999 W/audio_hw_generic( 1595): Not supplying enough data to HAL, expected position 29136796 , only wrote 29133575
12-09 08:10:11.006 W/audio_hw_generic( 1595): Not supplying enough data to HAL, expected position 29133852 , only wrote 29133575
12-09 08:10:11.034 W/audio_hw_generic( 1595): Not supplying enough data to HAL, expected position 29134809 , only wrote 29134236
12-09 08:10:11.034 W/audio_hw_generic( 1595): Not supplying enough data to HAL, expected position 29134243 , only wrote 29134236
12-09 08:10:11.042 W/art     ( 1792): Long monitor contention event with owner method=void com.android.server.wm.WindowAnimator$1.doFrame(long) from WindowAnimator.java:121 waiters=0 for 183ms
12-09 08:10:11.058 W/audio_hw_generic( 1595): Not supplying enough data to HAL, expected position 29135309 , only wrote 29134897
12-09 08:10:11.098 W/audio_hw_generic( 1595): Hardware backing HAL too slow, could only write 0 of 661 frames
12-09 08:10:11.110 W/audio_hw_generic( 1595): Hardware backing HAL too slow, could only write 0 of 661 frames
12-09 08:10:11.121 W/audio_hw_generic( 1595): Hardware backing HAL too slow, could only write 0 of 661 frames
12-09 08:10:11.182 W/audio_hw_generic( 1595): Not supplying enough data to HAL, expected position 29140354 , only wrote 29139524
12-09 08:10:11.182 W/audio_hw_generic( 1595): Not supplying enough data to HAL, expected position 29139531 , only wrote 29139524
12-09 08:10:11.198 W/audio_hw_generic( 1595): Not supplying enough data to HAL, expected position 29140218 , only wrote 29140185
12-09 08:10:11.214 W/audio_hw_generic( 1595): Hardware backing HAL too slow, could only write 0 of 661 frames
12-09 08:10:11.234 W/audio_hw_generic( 1595): Hardware backing HAL too slow, could only write 0 of 661 frames
12-09 08:10:11.244 W/audio_hw_generic( 1595): Hardware backing HAL too slow, could only write 0 of 661 frames
12-09 08:10:11.259 W/audio_hw_generic( 1595): Hardware backing HAL too slow, could only write 0 of 661 frames
12-09 08:10:11.306 W/audio_hw_generic( 1595): Hardware backing HAL too slow, could only write 0 of 661 frames
12-09 08:10:11.319 W/audio_hw_generic( 1595): Hardware backing HAL too slow, could only write 0 of 661 frames
12-09 08:10:11.338 W/audio_hw_generic( 1595): Hardware backing HAL too slow, could only write 0 of 661 frames
12-09 08:10:11.353 W/audio_hw_generic( 1595): Hardware backing HAL too slow, could only write 0 of 661 frames
12-09 08:10:11.370 W/audio_hw_generic( 1595): Hardware backing HAL too slow, could only write 0 of 661 frames
12-09 08:10:11.379 W/audio_hw_generic( 1595): Hardware backing HAL too slow, could only write 0 of 661 frames
12-09 08:10:11.394 W/audio_hw_generic( 1595): Hardware backing HAL too slow, could only write 0 of 661 frames
12-09 08:10:11.710 W/audio_hw_generic( 1595): Not supplying enough data to HAL, expected position 29184492 , only wrote 29162659
