--------- beginning of main
12-09 07:58:55.846 W/audio_hw_generic( 1305): Not supplying enough data to HAL, expected position 18726932 , only wrote 18726791
12-09 07:58:55.901 D/gralloc_ranchu( 1223): gralloc_alloc: Creating ashmem region of size 708608
12-09 07:58:55.941 E/EGL_emulation( 1223): tid 1223: eglCreateSyncKHR(1881): error 0x3004 (EGL_BAD_ATTRIBUTE)
--------- beginning of system
12-09 07:58:56.000 W/ActivityManager( 1593): Finishing task with all activities already finished
12-09 07:58:56.000 W/ActivityManager( 1593): Duplicate finish request for ActivityRecord{22bba7 u0 com.evancharlton.mileage/.Mileage t384 f}
12-09 07:58:56.000 W/ActivityManager( 1593): Finishing task with all activities already finished
12-09 07:58:56.000 W/ActivityManager( 1593): Duplicate finish request for ActivityRecord{22bba7 u0 com.evancharlton.mileage/.Mileage t384 f}
12-09 07:58:56.000 W/ActivityManager( 1593): Finishing task with all activities already finished
12-09 07:58:56.000 W/ActivityManager( 1593): Duplicate finish request for ActivityRecord{22bba7 u0 com.evancharlton.mileage/.Mileage t384 f}
12-09 07:58:56.058 W/audio_hw_generic( 1305): Not supplying enough data to HAL, expected position 18736117 , only wrote 18736045
12-09 07:58:56.058 W/audio_hw_generic( 1305): Not supplying enough data to HAL, expected position 18736051 , only wrote 18736045
12-09 07:58:56.086 W/audio_hw_generic( 1305): Not supplying enough data to HAL, expected position 18737286 , only wrote 18736706
12-09 07:58:56.113 I/art     ( 1593): Background partial concurrent mark sweep GC freed 5526(448KB) AllocSpace objects, 3(60KB) LOS objects, 29% free, 9MB/13MB, paused 27.233ms total 157.927ms
12-09 07:58:56.255 W/audio_hw_generic( 1305): Not supplying enough data to HAL, expected position 18744126 , only wrote 18743977
12-09 07:58:56.297 D/EGL_emulation( 1932): eglMakeCurrent: 0x7f664e775040: ver 2 0 (tinfo 0x7f664e742f60)
12-09 07:58:56.390 W/audio_hw_generic( 1305): Hardware backing HAL too slow, could only write 0 of 661 frames
12-09 07:58:56.418 W/audio_hw_generic( 1305): Hardware backing HAL too slow, could only write 0 of 661 frames
12-09 07:58:56.440 W/audio_hw_generic( 1305): Not supplying enough data to HAL, expected position 18752159 , only wrote 18751909
12-09 07:58:56.495 W/audio_hw_generic( 1305): Hardware backing HAL too slow, could only write 0 of 661 frames
12-09 07:58:56.607 W/audio_hw_generic( 1305): Not supplying enough data to HAL, expected position 18759266 , only wrote 18759180
12-09 07:58:56.639 W/audio_hw_generic( 1305): Not supplying enough data to HAL, expected position 18760578 , only wrote 18760502
12-09 07:58:56.843 W/audio_hw_generic( 1305): Not supplying enough data to HAL, expected position 18769502 , only wrote 18769095
12-09 07:58:56.843 W/audio_hw_generic( 1305): Not supplying enough data to HAL, expected position 18769102 , only wrote 18769095
12-09 07:58:56.858 W/audio_hw_generic( 1305): Not supplying enough data to HAL, expected position 18769775 , only wrote 18769756
12-09 07:58:57.016 D/AndroidRuntime( 9606): >>>>>> START com.android.internal.os.RuntimeInit uid 0 <<<<<<
12-09 07:58:57.017 D/AndroidRuntime( 9606): CheckJNI is ON
12-09 07:58:57.024 W/audio_hw_generic( 1305): Not supplying enough data to HAL, expected position 18783719 , only wrote 18777027
12-09 07:58:57.073 D/ICU     ( 9606): No timezone override file found: /data/misc/zoneinfo/current/icu/icu_tzdata.dat
12-09 07:58:57.188 W/art     ( 1593): Long monitor contention event with owner method=void com.android.server.wm.WindowAnimator$1.doFrame(long) from WindowAnimator.java:121 waiters=0 for 104ms
12-09 07:58:57.209 E/memtrack( 9606): Couldn't load memtrack module (No such file or directory)
12-09 07:58:57.217 E/android.os.Debug( 9606): failed to load memtrack module: -2
12-09 07:58:57.218 I/Radio-JNI( 9606): register_android_hardware_Radio DONE
12-09 07:58:57.246 D/AndroidRuntime( 9606): Calling main entry com.android.commands.am.Am
12-09 07:58:57.314 I/ActivityManager( 1593): Force stopping com.evancharlton.mileage appid=10125 user=0: start instr
12-09 07:58:57.314 I/ActivityManager( 1593): Killing 9566:com.evancharlton.mileage/u0a125 (adj 0): stop com.evancharlton.mileage
12-09 07:58:57.316 I/Choreographer( 1932): Skipped 48 frames!  The application may be doing too much work on its main thread.
12-09 07:58:57.437 W/OpenGLRenderer( 1932): Incorrectly called buildLayer on View: ShortcutAndWidgetContainer, destroying layer...
12-09 07:58:57.444 W/ActivityManager( 1593): Crash of app com.evancharlton.mileage running instrumentation ComponentInfo{com.evancharlton.mileage.test/sh.calaba.instrumentationbackend.CalabashInstrumentationTestRunner}
12-09 07:58:57.444 I/ActivityManager( 1593): Force stopping com.evancharlton.mileage appid=10125 user=0: finished inst
12-09 07:58:57.554 I/WindowState( 1593): WIN DEATH: Window{8c0a6ee u0 PopupWindow:1e65fb3 EXITING}
12-09 07:58:57.556 W/art     ( 1593): Long monitor contention event with owner method=void com.android.server.wm.WindowManagerService$H.handleMessage(android.os.Message) from WindowManagerService.java:7820 waiters=2 for 108ms
12-09 07:58:57.556 I/WindowState( 1593): WIN DEATH: Window{5480cd8 u0 com.evancharlton.mileage/com.evancharlton.mileage.Mileage EXITING}
12-09 07:58:57.574 I/ActivityManager( 1593): Start proc 9616:com.evancharlton.mileage/u0a125 for added application com.evancharlton.mileage
12-09 07:58:57.575 W/art     ( 1593): Long monitor contention event with owner method=boolean com.android.server.am.ActivityManagerService.startInstrumentation(android.content.ComponentName, java.lang.String, int, android.os.Bundle, android.app.IInstrumentationWatcher, android.app.IUiAutomationConnection, int, java.lang.String) from ActivityManagerService.java:17066 waiters=0 for 258ms
12-09 07:58:57.575 D/AndroidRuntime( 9606): Shutting down VM
12-09 07:58:57.577 W/art     ( 1593): Long monitor contention event with owner method=boolean com.android.server.am.ActivityManagerService.startInstrumentation(android.content.ComponentName, java.lang.String, int, android.os.Bundle, android.app.IInstrumentationWatcher, android.app.IUiAutomationConnection, int, java.lang.String) from ActivityManagerService.java:17066 waiters=1 for 257ms
12-09 07:58:57.737 W/System  ( 9616): ClassLoader referenced unknown path: /data/app/com.evancharlton.mileage.test-1/lib/x86_64
12-09 07:58:57.737 W/System  ( 9616): ClassLoader referenced unknown path: /data/app/com.evancharlton.mileage-1/lib/x86_64
12-09 07:58:57.831 I/System.out( 9616): Main activity name automatically set to: com.evancharlton.mileage.Mileage
12-09 07:58:57.831 I/System.out( 9616): Calabash did not load Mono. This is only a problem if you are trying to test a Mono application
12-09 07:58:57.831 I/calabash( 9616): Test server port: 7102
12-09 07:58:57.832 I/InstrumentationBackend( 9616): Added:'GetPreferences', with key:'get_preferences'
12-09 07:58:57.895 I/InstrumentationBackend( 9616): Added:'SetPreferences', with key:'set_preferences'
12-09 07:58:57.895 I/InstrumentationBackend( 9616): Added:'ClearPreferences', with key:'clear_preferences'
12-09 07:58:57.895 I/InstrumentationBackend( 9616): Added:'PressElement', with key:'press_l10n_element'
12-09 07:58:57.895 I/InstrumentationBackend( 9616): Added:'WaitForElement', with key:'wait_for_l10n_element'
12-09 07:58:57.896 I/InstrumentationBackend( 9616): Added:'NullAction', with key:'nullAction'
12-09 07:58:57.896 I/InstrumentationBackend( 9616): Added:'PressKey', with key:'press_key'
12-09 07:58:57.896 I/InstrumentationBackend( 9616): Added:'SetActivityOrientation', with key:'set_activity_orientation'
12-09 07:58:57.896 I/InstrumentationBackend( 9616): Added:'GetActivityOrientation', with key:'get_activity_orientation'
12-09 07:58:57.896 I/InstrumentationBackend( 9616): Added:'FakeGPSLocation', with key:'set_gps_coordinates'
12-09 07:58:57.897 I/InstrumentationBackend( 9616): Added:'SetPropertyByCssSelector', with key:'set_property_by_css_selector'
12-09 07:58:57.897 I/InstrumentationBackend( 9616): Added:'GetUrl', with key:'get_url'
12-09 07:58:57.905 I/InstrumentationBackend( 9616): Added:'ScrollTo', with key:'scroll_to'
12-09 07:58:57.905 I/InstrumentationBackend( 9616): Added:'GetLoadProgress', with key:'get_load_progress'
12-09 07:58:57.909 I/InstrumentationBackend( 9616): Added:'DumpHtml', with key:'dump_html'
12-09 07:58:57.909 I/InstrumentationBackend( 9616): Added:'DumpBodyHtml', with key:'dump_body_html'
12-09 07:58:57.909 I/InstrumentationBackend( 9616): Added:'EnterTextByCssSelector', with key:'enter_text_by_selector'
12-09 07:58:57.914 I/InstrumentationBackend( 9616): Added:'AndroidSDKVersion', with key:'android_sdk_version'
12-09 07:58:57.914 I/InstrumentationBackend( 9616): Added:'Version', with key:'version'
12-09 07:58:57.914 I/InstrumentationBackend( 9616): Added:'Drag', with key:'drag'
12-09 07:58:57.914 I/InstrumentationBackend( 9616): Added:'TouchCoordinates', with key:'touch_coordinate'
12-09 07:58:57.915 I/InstrumentationBackend( 9616): Added:'LongPressCoordinate', with key:'long_press_coordinate'
12-09 07:58:57.915 I/InstrumentationBackend( 9616): Added:'DragCoordinates', with key:'drag_coordinates'
12-09 07:58:57.915 I/InstrumentationBackend( 9616): Added:'ResumeApplication', with key:'resume_application'
12-09 07:58:57.915 I/InstrumentationBackend( 9616): Added:'Swipe', with key:'swipe'
12-09 07:58:57.915 I/InstrumentationBackend( 9616): Added:'DoubleTapCoordinate', with key:'double_tap_coordinate'
12-09 07:58:57.915 I/InstrumentationBackend( 9616): Added:'ClickOnScreen', with key:'click_on_screen'
12-09 07:58:57.916 I/InstrumentationBackend( 9616): Added:'GetActivityName', with key:'get_activity_name'
12-09 07:58:57.916 I/InstrumentationBackend( 9616): Added:'ScrollToView', with key:'scroll_to_view'
12-09 07:58:57.916 I/InstrumentationBackend( 9616): Added:'ViewConfiguration', with key:'view_configuration'
12-09 07:58:57.916 I/InstrumentationBackend( 9616): Added:'IsCurrentActivityFocused', with key:'is_current_activity_focused'
12-09 07:58:57.916 I/InstrumentationBackend( 9616): Added:'SendTcp', with key:'send_tcp'
12-09 07:58:57.916 I/InstrumentationBackend( 9616): Added:'DpToDevicePixel', with key:'dp_to_device_pixel'
12-09 07:58:57.917 I/InstrumentationBackend( 9616): Added:'KeyboardEnterText', with key:'keyboard_enter_text'
12-09 07:58:57.917 I/InstrumentationBackend( 9616): Added:'DeleteSurroundingText', with key:'delete_surrounding_text'
12-09 07:58:57.917 I/InstrumentationBackend( 9616): Added:'SetComposingRegion', with key:'set_composing_region'
12-09 07:58:57.917 I/InstrumentationBackend( 9616): Added:'SetSelection', with key:'set_selection'
12-09 07:58:57.917 I/InstrumentationBackend( 9616): Added:'KeyboardKeyEvent', with key:'keyboard_key_event'
12-09 07:58:57.930 I/InstrumentationBackend( 9616): Added:'PressUserActionButton', with key:'press_user_action_button'
12-09 07:58:57.946 I/InstrumentationBackend( 9616): Added:'HideSoftKeyboard', with key:'hide_soft_keyboard'
12-09 07:58:57.947 I/InstrumentationBackend( 9616): Added:'ListActions', with key:'list_actions'
12-09 07:58:57.947 I/calabash( 9616): Instantiating http server at 7102
12-09 07:58:57.948 I/System.out( 9616): HTTP Daemon listening on: 7102
12-09 07:58:57.977 W/WindowAnimator( 1593): Failed to dispatch window animation state change.
12-09 07:58:57.977 W/WindowAnimator( 1593): android.os.DeadObjectException
12-09 07:58:57.977 W/WindowAnimator( 1593): 	at android.os.BinderProxy.transactNative(Native Method)
12-09 07:58:57.977 W/WindowAnimator( 1593): 	at android.os.BinderProxy.transact(Binder.java:503)
12-09 07:58:57.977 W/WindowAnimator( 1593): 	at android.view.IWindow$Stub$Proxy.onAnimationStopped(IWindow.java:534)
12-09 07:58:57.977 W/WindowAnimator( 1593): 	at com.android.server.wm.WindowAnimator.updateWindowsLocked(WindowAnimator.java:286)
12-09 07:58:57.977 W/WindowAnimator( 1593): 	at com.android.server.wm.WindowAnimator.animateLocked(WindowAnimator.java:678)
12-09 07:58:57.977 W/WindowAnimator( 1593): 	at com.android.server.wm.WindowAnimator.-wrap0(WindowAnimator.java)
12-09 07:58:57.977 W/WindowAnimator( 1593): 	at com.android.server.wm.WindowAnimator$1.doFrame(WindowAnimator.java:123)
12-09 07:58:57.977 W/WindowAnimator( 1593): 	at android.view.Choreographer$CallbackRecord.run(Choreographer.java:856)
12-09 07:58:57.977 W/WindowAnimator( 1593): 	at android.view.Choreographer.doCallbacks(Choreographer.java:670)
12-09 07:58:57.977 W/WindowAnimator( 1593): 	at android.view.Choreographer.doFrame(Choreographer.java:603)
12-09 07:58:57.977 W/WindowAnimator( 1593): 	at android.view.Choreographer$FrameDisplayEventReceiver.run(Choreographer.java:844)
12-09 07:58:57.977 W/WindowAnimator( 1593): 	at android.os.Handler.handleCallback(Handler.java:739)
12-09 07:58:57.977 W/WindowAnimator( 1593): 	at android.os.Handler.dispatchMessage(Handler.java:95)
12-09 07:58:57.977 W/WindowAnimator( 1593): 	at android.os.Looper.loop(Looper.java:148)
12-09 07:58:57.977 W/WindowAnimator( 1593): 	at android.os.HandlerThread.run(HandlerThread.java:61)
12-09 07:58:57.977 W/WindowAnimator( 1593): 	at com.android.server.ServiceThread.run(ServiceThread.java:46)
12-09 07:58:57.978 W/WindowAnimator( 1593): Failed to dispatch window animation state change.
12-09 07:58:57.978 W/WindowAnimator( 1593): android.os.DeadObjectException
12-09 07:58:57.978 W/WindowAnimator( 1593): 	at android.os.BinderProxy.transactNative(Native Method)
12-09 07:58:57.978 W/WindowAnimator( 1593): 	at android.os.BinderProxy.transact(Binder.java:503)
12-09 07:58:57.978 W/WindowAnimator( 1593): 	at android.view.IWindow$Stub$Proxy.onAnimationStopped(IWindow.java:534)
12-09 07:58:57.978 W/WindowAnimator( 1593): 	at com.android.server.wm.WindowAnimator.updateWindowsLocked(WindowAnimator.java:286)
12-09 07:58:57.978 W/WindowAnimator( 1593): 	at com.android.server.wm.WindowAnimator.animateLocked(WindowAnimator.java:678)
12-09 07:58:57.978 W/WindowAnimator( 1593): 	at com.android.server.wm.WindowAnimator.-wrap0(WindowAnimator.java)
12-09 07:58:57.978 W/WindowAnimator( 1593): 	at com.android.server.wm.WindowAnimator$1.doFrame(WindowAnimator.java:123)
12-09 07:58:57.978 W/WindowAnimator( 1593): 	at android.view.Choreographer$CallbackRecord.run(Choreographer.java:856)
12-09 07:58:57.978 W/WindowAnimator( 1593): 	at android.view.Choreographer.doCallbacks(Choreographer.java:670)
12-09 07:58:57.978 W/WindowAnimator( 1593): 	at android.view.Choreographer.doFrame(Choreographer.java:603)
12-09 07:58:57.978 W/WindowAnimator( 1593): 	at android.view.Choreographer$FrameDisplayEventReceiver.run(Choreographer.java:844)
12-09 07:58:57.978 W/WindowAnimator( 1593): 	at android.os.Handler.handleCallback(Handler.java:739)
12-09 07:58:57.978 W/WindowAnimator( 1593): 	at android.os.Handler.dispatchMessage(Handler.java:95)
12-09 07:58:57.978 W/WindowAnimator( 1593): 	at android.os.Looper.loop(Looper.java:148)
12-09 07:58:57.978 W/WindowAnimator( 1593): 	at android.os.HandlerThread.run(HandlerThread.java:61)
12-09 07:58:57.978 W/WindowAnimator( 1593): 	at com.android.server.ServiceThread.run(ServiceThread.java:46)
12-09 07:58:58.060 I/System.out( 9616): URI: //ping
12-09 07:58:58.060 I/System.out( 9616): params: {json={}
12-09 07:58:58.060 I/System.out( 9616): }
12-09 07:58:58.096 I/System.out( 9616): URI: //ping
12-09 07:58:58.096 I/System.out( 9616): params: {json={}
12-09 07:58:58.096 I/System.out( 9616): }
12-09 07:58:58.219 I/System.out( 9616): URI: //ready
12-09 07:58:58.219 I/System.out( 9616): params: {json={}
12-09 07:58:58.219 I/System.out( 9616): }
12-09 07:58:58.251 I/System.out( 9616): URI: //
12-09 07:58:58.252 I/System.out( 9616): params: {json={"command":"version","arguments":[]}
12-09 07:58:58.252 I/System.out( 9616): }
12-09 07:58:58.252 I/System.out( 9616): header: {date=Sun, 09 Dec 2018 07:58:58 GMT, accept=*/*, content-length=36, host=127.0.0.1:34777, user-agent=HTTPClient/1.0 (2.8.3, ruby 2.3.1 (2016-04-26)), content-type=application/json;charset=utf-8}
12-09 07:58:58.252 I/System.out( 9616): params: {json={"command":"version","arguments":[]}
12-09 07:58:58.252 I/System.out( 9616): }
12-09 07:58:58.252 I/System.out( 9616): ProP json = {"command":"version","arguments":[]}
12-09 07:58:58.252 I/System.out( 9616): files: {}
12-09 07:58:58.252 I/System.out( 9616): command: {"command":"version","arguments":[]}
12-09 07:58:58.283 I/InstrumentationBackend( 9616): Got command:'Command:'Line:null,version', arguments:'[]'
12-09 07:58:58.309 I/System.out( 9616): result:{"bonusInformation":[],"message":"0.9.8","success":true}
12-09 07:58:58.355 I/System.out( 9616): URI: //start-application
12-09 07:58:58.355 I/System.out( 9616): params: {json={"intent":null}
12-09 07:58:58.355 I/System.out( 9616): }
12-09 07:58:58.442 W/art     ( 9616): Suspending all threads took: 7.949ms
12-09 07:58:58.462 I/art     ( 9616): Background partial concurrent mark sweep GC freed 30991(1769KB) AllocSpace objects, 15(300KB) LOS objects, 45% free, 1223KB/2MB, paused 11.618ms total 92.451ms
12-09 07:58:58.582 I/ActivityManager( 1593): START u0 {act=android.intent.action.MAIN cat=[android.intent.category.LAUNCHER] flg=0x10200000 cmp=com.evancharlton.mileage/.Mileage} from uid 10125 on display 0
12-09 07:58:58.835 W/art     ( 1593): Long monitor contention event with owner method=int com.android.server.wm.WindowManagerService.relayoutWindow(com.android.server.wm.Session, android.view.IWindow, int, android.view.WindowManager$LayoutParams, int, int, int, int, android.graphics.Rect, android.graphics.Rect, android.graphics.Rect, android.graphics.Rect, android.graphics.Rect, android.graphics.Rect, android.content.res.Configuration, android.view.Surface) from WindowManagerService.java:3103 waiters=1 for 213ms
12-09 07:58:58.835 I/calabash( 9616): newActivity1
12-09 07:58:58.836 W/art     ( 1593): Long monitor contention event with owner method=void com.android.server.am.ActivityManagerService.activityPaused(android.os.IBinder) from ActivityManagerService.java:6439 waiters=1 for 219ms
12-09 07:58:58.838 W/art     ( 1593): Long monitor contention event with owner method=void com.android.server.am.ActivityManagerService.activityPaused(android.os.IBinder) from ActivityManagerService.java:6439 waiters=0 for 222ms
12-09 07:58:58.848 D/gralloc_ranchu( 1223): gralloc_alloc: Creating ashmem region of size 3686400
12-09 07:58:58.905 I/calabash( 9616): newActivity1
12-09 07:58:58.915 W/ActivityManager( 1593): Bad activity token: android.os.BinderProxy@21be24c
12-09 07:58:58.915 W/ActivityManager( 1593): java.lang.ClassCastException: android.os.BinderProxy cannot be cast to com.android.server.am.ActivityRecord$Token
12-09 07:58:58.915 W/ActivityManager( 1593): 	at com.android.server.am.ActivityRecord.forTokenLocked(ActivityRecord.java:424)
12-09 07:58:58.915 W/ActivityManager( 1593): 	at com.android.server.am.ActivityRecord.isInStackLocked(ActivityRecord.java:1121)
12-09 07:58:58.915 W/ActivityManager( 1593): 	at com.android.server.am.ActivityRecord.getStackLocked(ActivityRecord.java:1126)
12-09 07:58:58.915 W/ActivityManager( 1593): 	at com.android.server.am.ActivityManagerService.getActivityDisplayId(ActivityManagerService.java:8889)
12-09 07:58:58.915 W/ActivityManager( 1593): 	at android.app.ActivityManagerNative.onTransact(ActivityManagerNative.java:2338)
12-09 07:58:58.915 W/ActivityManager( 1593): 	at com.android.server.am.ActivityManagerService.onTransact(ActivityManagerService.java:2443)
12-09 07:58:58.915 W/ActivityManager( 1593): 	at android.os.Binder.execTransact(Binder.java:453)
12-09 07:58:58.916 W/ActivityManager( 1593): Bad activity token: android.os.BinderProxy@21be24c
12-09 07:58:58.916 W/ActivityManager( 1593): java.lang.ClassCastException: android.os.BinderProxy cannot be cast to com.android.server.am.ActivityRecord$Token
12-09 07:58:58.916 W/ActivityManager( 1593): 	at com.android.server.am.ActivityRecord.forTokenLocked(ActivityRecord.java:424)
12-09 07:58:58.916 W/ActivityManager( 1593): 	at com.android.server.am.ActivityRecord.isInStackLocked(ActivityRecord.java:1121)
12-09 07:58:58.916 W/ActivityManager( 1593): 	at com.android.server.am.ActivityManagerService.setTaskDescription(ActivityManagerService.java:8547)
12-09 07:58:58.916 W/ActivityManager( 1593): 	at android.app.ActivityManagerNative.onTransact(ActivityManagerNative.java:2410)
12-09 07:58:58.916 W/ActivityManager( 1593): 	at com.android.server.am.ActivityManagerService.onTransact(ActivityManagerService.java:2443)
12-09 07:58:58.916 W/ActivityManager( 1593): 	at android.os.Binder.execTransact(Binder.java:453)
12-09 07:58:59.086 W/ActivityManager( 1593): Bad activity token: android.os.BinderProxy@21be24c
12-09 07:58:59.086 W/ActivityManager( 1593): java.lang.ClassCastException: android.os.BinderProxy cannot be cast to com.android.server.am.ActivityRecord$Token
12-09 07:58:59.086 W/ActivityManager( 1593): 	at com.android.server.am.ActivityRecord.forTokenLocked(ActivityRecord.java:424)
12-09 07:58:59.086 W/ActivityManager( 1593): 	at com.android.server.am.ActivityRecord.isInStackLocked(ActivityRecord.java:1121)
12-09 07:58:59.086 W/ActivityManager( 1593): 	at com.android.server.am.ActivityManagerService.getActivityOptions(ActivityManagerService.java:11038)
12-09 07:58:59.086 W/ActivityManager( 1593): 	at android.app.ActivityManagerNative.onTransact(ActivityManagerNative.java:1734)
12-09 07:58:59.086 W/ActivityManager( 1593): 	at com.android.server.am.ActivityManagerService.onTransact(ActivityManagerService.java:2443)
12-09 07:58:59.086 W/ActivityManager( 1593): 	at android.os.Binder.execTransact(Binder.java:453)
12-09 07:58:59.086 W/ActivityManager( 1593): Bad activity token: android.os.BinderProxy@21be24c
12-09 07:58:59.086 W/ActivityManager( 1593): java.lang.ClassCastException: android.os.BinderProxy cannot be cast to com.android.server.am.ActivityRecord$Token
12-09 07:58:59.086 W/ActivityManager( 1593): 	at com.android.server.am.ActivityRecord.forTokenLocked(ActivityRecord.java:424)
12-09 07:58:59.086 W/ActivityManager( 1593): 	at com.android.server.am.ActivityRecord.isInStackLocked(ActivityRecord.java:1121)
12-09 07:58:59.086 W/ActivityManager( 1593): 	at com.android.server.am.ActivityManagerService.getActivityOptions(ActivityManagerService.java:11038)
12-09 07:58:59.086 W/ActivityManager( 1593): 	at android.app.ActivityManagerNative.onTransact(ActivityManagerNative.java:1734)
12-09 07:58:59.086 W/ActivityManager( 1593): 	at com.android.server.am.ActivityManagerService.onTransact(ActivityManagerService.java:2443)
12-09 07:58:59.086 W/ActivityManager( 1593): 	at android.os.Binder.execTransact(Binder.java:453)
12-09 07:58:59.148 V/PhoneStatusBar( 1706): setLightsOn(true)
12-09 07:58:59.216 D/EGL_emulation( 1932): eglMakeCurrent: 0x7f664e775040: ver 2 0 (tinfo 0x7f664e742f60)
12-09 07:58:59.229 E/Surface ( 1932): getSlotFromBufferLocked: unknown buffer: 0x7f664e775c20
12-09 07:58:59.540 D/gralloc_ranchu( 1223): gralloc_alloc: Creating ashmem region of size 3686400
12-09 07:58:59.679 D/        ( 9616): HostConnection::get() New Host Connection established 0x7f664ae740a0, tid 9616
12-09 07:58:59.994 D/gralloc_ranchu( 1223): gralloc_alloc: Creating ashmem region of size 3686400
12-09 07:59:00.133 I/ActivityManager( 1593): Displayed com.evancharlton.mileage/.Mileage: +1s518ms
12-09 07:59:00.253 I/System.out( 9616): URI: //map
12-09 07:59:00.253 I/System.out( 9616): params: {json={"query":"android.widget.CheckBox index:0","operation":{"method_name":"query","arguments":[]}}
12-09 07:59:00.253 I/System.out( 9616): }
12-09 07:59:00.486 I/art     ( 9616): Background sticky concurrent mark sweep GC freed 25099(1149KB) AllocSpace objects, 2(40KB) LOS objects, 23% free, 2MB/2MB, paused 14.333ms total 224.213ms
12-09 07:59:00.490 D/gralloc_ranchu( 1223): gralloc_alloc: Creating ashmem region of size 3686400
12-09 07:59:00.801 I/art     ( 9616): Background partial concurrent mark sweep GC freed 34436(1653KB) AllocSpace objects, 2(40KB) LOS objects, 40% free, 2MB/3MB, paused 4.158ms total 126.111ms
12-09 07:59:00.810 I/System.out( 9616): URI: //gesture
12-09 07:59:00.810 I/System.out( 9616): params: {json={"query_timeout":5.0,"gestures":[{"query_string":"android.widget.CheckBox index:0","touches":[{"x":50,"y":50,"offset_x":0,"offset_y":0,"wait":0.0,"time":0.2,"release":true,"query_string":null}]}]}
12-09 07:59:00.810 I/System.out( 9616): }
12-09 07:59:01.304 W/audio_hw_generic( 1305): Hardware backing HAL too slow, could only write 0 of 661 frames
12-09 07:59:01.319 W/audio_hw_generic( 1305): Hardware backing HAL too slow, could only write 0 of 661 frames
12-09 07:59:01.396 I/art     ( 9616): Background sticky concurrent mark sweep GC freed 45376(2047KB) AllocSpace objects, 2(40KB) LOS objects, 36% free, 2MB/3MB, paused 23.269ms total 153.602ms
12-09 07:59:01.626 W/audio_hw_generic( 1305): Not supplying enough data to HAL, expected position 18793268 , only wrote 18791569
12-09 07:59:01.626 W/audio_hw_generic( 1305): Not supplying enough data to HAL, expected position 18791575 , only wrote 18791569
12-09 07:59:01.662 W/audio_hw_generic( 1305): Not supplying enough data to HAL, expected position 18793156 , only wrote 18792230
12-09 07:59:01.703 W/audio_hw_generic( 1305): Hardware backing HAL too slow, could only write 0 of 661 frames
12-09 07:59:01.720 W/audio_hw_generic( 1305): Hardware backing HAL too slow, could only write 0 of 661 frames
12-09 07:59:01.731 W/audio_hw_generic( 1305): Hardware backing HAL too slow, could only write 0 of 661 frames
12-09 07:59:01.836 E/SurfaceFlinger( 1223): ro.sf.lcd_density must be defined as a build property
12-09 07:59:01.837 D/gralloc_ranchu( 1223): gralloc_alloc: Creating ashmem region of size 3686400
12-09 07:59:01.849 D/        ( 9643): HostConnection::get() New Host Connection established 0x7f7212812480, tid 9643
12-09 07:59:01.867 E/EGL_emulation( 1223): tid 1223: eglCreateSyncKHR(1881): error 0x3004 (EGL_BAD_ATTRIBUTE)
12-09 07:59:01.966 W/audio_hw_generic( 1305): Hardware backing HAL too slow, could only write 0 of 661 frames
12-09 07:59:01.976 W/audio_hw_generic( 1305): Hardware backing HAL too slow, could only write 0 of 661 frames
12-09 07:59:02.006 W/audio_hw_generic( 1305): Hardware backing HAL too slow, could only write 0 of 661 frames
12-09 07:59:02.038 W/audio_hw_generic( 1305): Hardware backing HAL too slow, could only write 0 of 661 frames
12-09 07:59:02.038 W/audio_hw_generic( 1305): Not supplying enough data to HAL, expected position 18808809 , only wrote 18808755
12-09 07:59:02.039 W/audio_hw_generic( 1305): Not supplying enough data to HAL, expected position 18808760 , only wrote 18808755
12-09 07:59:02.054 W/audio_hw_generic( 1305): Not supplying enough data to HAL, expected position 18809428 , only wrote 18809416
12-09 07:59:02.762 W/audio_hw_generic( 1305): Not supplying enough data to HAL, expected position 18840663 , only wrote 18840483
12-09 07:59:02.763 W/audio_hw_generic( 1305): Not supplying enough data to HAL, expected position 18840489 , only wrote 18840483
12-09 07:59:02.776 I/System.out( 9616): URI: //map
12-09 07:59:02.776 I/System.out( 9616): params: {json={"query":"android.widget.CheckBox index:0","operation":{"method_name":"query","arguments":[]}}
12-09 07:59:02.776 I/System.out( 9616): }
12-09 07:59:02.918 W/audio_hw_generic( 1305): Not supplying enough data to HAL, expected position 18847322 , only wrote 18846432
12-09 07:59:03.086 W/audio_hw_generic( 1305): Not supplying enough data to HAL, expected position 18853855 , only wrote 18853703
12-09 07:59:03.177 I/art     ( 9616): Background partial concurrent mark sweep GC freed 46279(2MB) AllocSpace objects, 4(80KB) LOS objects, 39% free, 2MB/3MB, paused 1.846ms total 370.814ms
12-09 07:59:03.258 I/System.out( 9616): URI: //gesture
12-09 07:59:03.262 I/System.out( 9616): params: {json={"query_timeout":5.0,"gestures":[{"query_string":"android.widget.CheckBox index:0","touches":[{"x":50,"y":50,"offset_x":0,"offset_y":0,"wait":0.0,"time":0.2,"release":true,"query_string":null}]}]}
12-09 07:59:03.262 I/System.out( 9616): }
12-09 07:59:03.455 W/audio_hw_generic( 1305): Not supplying enough data to HAL, expected position 18869954 , only wrote 18868906
12-09 07:59:03.455 W/audio_hw_generic( 1305): Not supplying enough data to HAL, expected position 18868913 , only wrote 18868906
12-09 07:59:03.470 W/audio_hw_generic( 1305): Not supplying enough data to HAL, expected position 18869593 , only wrote 18869567
12-09 07:59:03.686 W/audio_hw_generic( 1305): Not supplying enough data to HAL, expected position 18879099 , only wrote 18877499
12-09 07:59:03.687 W/audio_hw_generic( 1305): Not supplying enough data to HAL, expected position 18877505 , only wrote 18877499
12-09 07:59:03.718 W/audio_hw_generic( 1305): Not supplying enough data to HAL, expected position 18878904 , only wrote 18878160
12-09 07:59:03.734 W/audio_hw_generic( 1305): Not supplying enough data to HAL, expected position 18878864 , only wrote 18878821
12-09 07:59:03.785 W/art     ( 9616): Suspending all threads took: 53.393ms
12-09 07:59:03.813 I/art     ( 9616): Background sticky concurrent mark sweep GC freed 45018(2023KB) AllocSpace objects, 1(20KB) LOS objects, 36% free, 2MB/3MB, paused 55.220ms total 128.622ms
12-09 07:59:03.887 W/audio_hw_generic( 1305): Hardware backing HAL too slow, could only write 0 of 661 frames
12-09 07:59:03.924 W/audio_hw_generic( 1305): Hardware backing HAL too slow, could only write 0 of 661 frames
12-09 07:59:03.932 W/audio_hw_generic( 1305): Hardware backing HAL too slow, could only write 0 of 661 frames
12-09 07:59:04.052 W/audio_hw_generic( 1305): Not supplying enough data to HAL, expected position 18892842 , only wrote 18892702
12-09 07:59:04.052 W/audio_hw_generic( 1305): Not supplying enough data to HAL, expected position 18892708 , only wrote 18892702
12-09 07:59:04.075 W/audio_hw_generic( 1305): Not supplying enough data to HAL, expected position 18893703 , only wrote 18893363
12-09 07:59:04.285 E/SurfaceFlinger( 1223): ro.sf.lcd_density must be defined as a build property
12-09 07:59:04.285 D/gralloc_ranchu( 1223): gralloc_alloc: Creating ashmem region of size 3686400
12-09 07:59:04.289 W/audio_hw_generic( 1305): Not supplying enough data to HAL, expected position 18902773 , only wrote 18902617
12-09 07:59:04.289 W/audio_hw_generic( 1305): Not supplying enough data to HAL, expected position 18902624 , only wrote 18902617
12-09 07:59:04.305 W/audio_hw_generic( 1305): Not supplying enough data to HAL, expected position 18903318 , only wrote 18903278
12-09 07:59:04.307 D/        ( 9649): HostConnection::get() New Host Connection established 0x7f528ca92480, tid 9649
12-09 07:59:04.343 E/EGL_emulation( 1223): tid 1223: eglCreateSyncKHR(1881): error 0x3004 (EGL_BAD_ATTRIBUTE)
12-09 07:59:04.397 W/audio_hw_generic( 1305): Not supplying enough data to HAL, expected position 18907364 , only wrote 18907244
12-09 07:59:04.397 W/audio_hw_generic( 1305): Not supplying enough data to HAL, expected position 18907250 , only wrote 18907244
12-09 07:59:04.415 W/audio_hw_generic( 1305): Not supplying enough data to HAL, expected position 18908033 , only wrote 18907905
12-09 07:59:04.506 W/audio_hw_generic( 1305): Not supplying enough data to HAL, expected position 18911906 , only wrote 18911871
12-09 07:59:04.506 W/audio_hw_generic( 1305): Not supplying enough data to HAL, expected position 18911880 , only wrote 18911871
12-09 07:59:04.522 W/audio_hw_generic( 1305): Not supplying enough data to HAL, expected position 18912560 , only wrote 18912532
12-09 07:59:04.588 W/audio_hw_generic( 1305): Hardware backing HAL too slow, could only write 0 of 661 frames
12-09 07:59:04.598 W/audio_hw_generic( 1305): Hardware backing HAL too slow, could only write 0 of 661 frames
12-09 07:59:04.609 W/audio_hw_generic( 1305): Hardware backing HAL too slow, could only write 0 of 661 frames
12-09 07:59:04.624 W/audio_hw_generic( 1305): Hardware backing HAL too slow, could only write 0 of 661 frames
12-09 07:59:04.887 W/audio_hw_generic( 1305): Not supplying enough data to HAL, expected position 18928635 , only wrote 18928396
12-09 07:59:04.887 W/audio_hw_generic( 1305): Not supplying enough data to HAL, expected position 18928402 , only wrote 18928396
12-09 07:59:04.904 W/audio_hw_generic( 1305): Not supplying enough data to HAL, expected position 18929144 , only wrote 18929057
12-09 07:59:05.022 W/audio_hw_generic( 1305): Hardware backing HAL too slow, could only write 0 of 661 frames
12-09 07:59:05.039 W/audio_hw_generic( 1305): Hardware backing HAL too slow, could only write 0 of 661 frames
12-09 07:59:05.046 W/audio_hw_generic( 1305): Hardware backing HAL too slow, could only write 0 of 661 frames
12-09 07:59:05.062 W/audio_hw_generic( 1305): Hardware backing HAL too slow, could only write 0 of 661 frames
12-09 07:59:05.075 W/audio_hw_generic( 1305): Hardware backing HAL too slow, could only write 0 of 661 frames
12-09 07:59:05.102 W/audio_hw_generic( 1305): Hardware backing HAL too slow, could only write 0 of 661 frames
12-09 07:59:05.106 W/audio_hw_generic( 1305): Hardware backing HAL too slow, could only write 0 of 661 frames
12-09 07:59:05.137 W/audio_hw_generic( 1305): Hardware backing HAL too slow, could only write 0 of 661 frames
12-09 07:59:05.152 W/audio_hw_generic( 1305): Hardware backing HAL too slow, could only write 0 of 661 frames
12-09 07:59:05.215 W/audio_hw_generic( 1305): Not supplying enough data to HAL, expected position 18942757 , only wrote 18941616
12-09 07:59:05.215 W/audio_hw_generic( 1305): Not supplying enough data to HAL, expected position 18941622 , only wrote 18941616
12-09 07:59:05.250 W/audio_hw_generic( 1305): Hardware backing HAL too slow, could only write 0 of 661 frames
12-09 07:59:05.266 W/audio_hw_generic( 1305): Hardware backing HAL too slow, could only write 0 of 661 frames
12-09 07:59:05.280 W/audio_hw_generic( 1305): Hardware backing HAL too slow, could only write 0 of 661 frames
12-09 07:59:05.295 W/audio_hw_generic( 1305): Hardware backing HAL too slow, could only write 0 of 661 frames
