--------- beginning of system
12-09 07:43:22.026 W/ActivityManager( 1594): Finishing task with all activities already finished
12-09 07:43:22.026 W/ActivityManager( 1594): Duplicate finish request for ActivityRecord{351006a u0 com.evancharlton.mileage/.Mileage t361 f}
12-09 07:43:22.076 W/ActivityManager( 1594): Finishing task with all activities already finished
12-09 07:43:22.080 W/ActivityManager( 1594): Duplicate finish request for ActivityRecord{351006a u0 com.evancharlton.mileage/.Mileage t361 f}
12-09 07:43:22.081 W/ActivityManager( 1594): Finishing task with all activities already finished
12-09 07:43:22.081 W/ActivityManager( 1594): Duplicate finish request for ActivityRecord{351006a u0 com.evancharlton.mileage/.Mileage t361 f}
--------- beginning of main
12-09 07:43:22.410 W/art     ( 1594): Long monitor contention event with owner method=void com.android.server.wm.WindowAnimator$1.doFrame(long) from WindowAnimator.java:121 waiters=1 for 253ms
12-09 07:43:22.556 D/EGL_emulation( 1899): eglMakeCurrent: 0x7f347faf4dc0: ver 2 0 (tinfo 0x7f347fac2ce0)
12-09 07:43:22.626 D/AndroidRuntime( 6169): >>>>>> START com.android.internal.os.RuntimeInit uid 0 <<<<<<
12-09 07:43:22.676 D/AndroidRuntime( 6169): CheckJNI is ON
12-09 07:43:22.760 D/ICU     ( 6169): No timezone override file found: /data/misc/zoneinfo/current/icu/icu_tzdata.dat
12-09 07:43:23.181 W/art     ( 1594): Long monitor contention event with owner method=void com.android.server.wm.WindowAnimator$1.doFrame(long) from WindowAnimator.java:121 waiters=0 for 166ms
12-09 07:43:23.348 E/memtrack( 6169): Couldn't load memtrack module (No such file or directory)
12-09 07:43:23.359 E/android.os.Debug( 6169): failed to load memtrack module: -2
12-09 07:43:23.381 I/Radio-JNI( 6169): register_android_hardware_Radio DONE
12-09 07:43:23.411 D/AndroidRuntime( 6169): Calling main entry com.android.commands.am.Am
12-09 07:43:23.594 W/art     ( 1594): Long monitor contention event with owner method=void com.android.server.wm.WindowAnimator$1.doFrame(long) from WindowAnimator.java:121 waiters=1 for 289ms
12-09 07:43:24.140 W/art     ( 1594): Long monitor contention event with owner method=void com.android.server.wm.WindowAnimator$1.doFrame(long) from WindowAnimator.java:121 waiters=1 for 271ms
12-09 07:43:24.182 W/art     ( 1594): Long monitor contention event with owner method=void com.android.server.wm.WindowAnimator$1.doFrame(long) from WindowAnimator.java:121 waiters=1 for 158ms
12-09 07:43:24.612 W/art     ( 1594): Long monitor contention event with owner method=void com.android.server.wm.WindowAnimator$1.doFrame(long) from WindowAnimator.java:121 waiters=1 for 261ms
12-09 07:43:25.513 W/art     ( 1594): Long monitor contention event with owner method=void com.android.server.wm.WindowAnimator$1.doFrame(long) from WindowAnimator.java:121 waiters=1 for 260ms
12-09 07:43:25.513 W/art     ( 1594): Long monitor contention event with owner method=java.util.List com.android.server.am.ActivityManagerService.getAllStackInfos() from ActivityManagerService.java:8937 waiters=0 for 2.058s
12-09 07:43:25.514 I/ActivityManager( 1594): Force stopping com.evancharlton.mileage appid=10121 user=0: start instr
12-09 07:43:25.514 I/ActivityManager( 1594): Killing 6131:com.evancharlton.mileage/u0a121 (adj 0): stop com.evancharlton.mileage
12-09 07:43:25.556 I/Choreographer( 1899): Skipped 170 frames!  The application may be doing too much work on its main thread.
12-09 07:43:25.659 W/ActivityManager( 1594): Crash of app com.evancharlton.mileage running instrumentation ComponentInfo{com.evancharlton.mileage.test/sh.calaba.instrumentationbackend.CalabashInstrumentationTestRunner}
12-09 07:43:25.660 I/ActivityManager( 1594): Force stopping com.evancharlton.mileage appid=10121 user=0: finished inst
12-09 07:43:25.676 W/OpenGLRenderer( 1899): Incorrectly called buildLayer on View: ShortcutAndWidgetContainer, destroying layer...
12-09 07:43:25.780 W/art     ( 1594): Long monitor contention event with owner method=void com.android.server.wm.WindowAnimator$1.doFrame(long) from WindowAnimator.java:121 waiters=1 for 172ms
12-09 07:43:25.780 I/WindowState( 1594): WIN DEATH: Window{4d693c u0 com.evancharlton.mileage/com.evancharlton.mileage.Mileage EXITING}
12-09 07:43:25.815 W/art     ( 1594): Long monitor contention event with owner method=void com.android.server.wm.WindowManagerService$H.handleMessage(android.os.Message) from WindowManagerService.java:7820 waiters=1 for 156ms
12-09 07:43:25.823 I/ActivityManager( 1594): Start proc 6178:com.evancharlton.mileage/u0a121 for added application com.evancharlton.mileage
12-09 07:43:25.823 W/art     ( 1594): Long monitor contention event with owner method=java.util.List com.android.server.am.ActivityManagerService.getAllStackInfos() from ActivityManagerService.java:8937 waiters=1 for 2.268s
12-09 07:43:25.824 D/AndroidRuntime( 6169): Shutting down VM
12-09 07:43:25.836 W/ActivityManager( 1594): Spurious death for ProcessRecord{d7bd072 0:com.evancharlton.mileage/u0a121}, curProc for 6131: null
12-09 07:43:25.839 W/art     ( 1594): Long monitor contention event with owner method=boolean com.android.server.am.ActivityManagerService.startInstrumentation(android.content.ComponentName, java.lang.String, int, android.os.Bundle, android.app.IInstrumentationWatcher, android.app.IUiAutomationConnection, int, java.lang.String) from ActivityManagerService.java:17066 waiters=1 for 325ms
12-09 07:43:25.839 W/art     ( 1594): Long monitor contention event with owner method=boolean com.android.server.am.ActivityManagerService.startInstrumentation(android.content.ComponentName, java.lang.String, int, android.os.Bundle, android.app.IInstrumentationWatcher, android.app.IUiAutomationConnection, int, java.lang.String) from ActivityManagerService.java:17066 waiters=2 for 270ms
12-09 07:43:26.005 W/System  ( 6178): ClassLoader referenced unknown path: /data/app/com.evancharlton.mileage.test-1/lib/x86_64
12-09 07:43:26.005 W/System  ( 6178): ClassLoader referenced unknown path: /data/app/com.evancharlton.mileage-1/lib/x86_64
12-09 07:43:26.051 W/art     ( 6178): Suspending all threads took: 11.510ms
12-09 07:43:26.107 I/art     ( 6178): Background sticky concurrent mark sweep GC freed 38837(1371KB) AllocSpace objects, 0(0B) LOS objects, 83% free, 648KB/3MB, paused 12.666ms total 100.978ms
12-09 07:43:26.161 I/System.out( 6178): Main activity name automatically set to: com.evancharlton.mileage.Mileage
12-09 07:43:26.161 I/System.out( 6178): Calabash did not load Mono. This is only a problem if you are trying to test a Mono application
12-09 07:43:26.162 I/calabash( 6178): Test server port: 7102
12-09 07:43:26.171 I/InstrumentationBackend( 6178): Added:'GetPreferences', with key:'get_preferences'
12-09 07:43:26.199 W/art     ( 1594): Long monitor contention event with owner method=void com.android.server.wm.WindowAnimator$1.doFrame(long) from WindowAnimator.java:121 waiters=0 for 219ms
12-09 07:43:26.259 I/InstrumentationBackend( 6178): Added:'SetPreferences', with key:'set_preferences'
12-09 07:43:26.259 I/InstrumentationBackend( 6178): Added:'ClearPreferences', with key:'clear_preferences'
12-09 07:43:26.259 I/InstrumentationBackend( 6178): Added:'PressElement', with key:'press_l10n_element'
12-09 07:43:26.259 I/InstrumentationBackend( 6178): Added:'WaitForElement', with key:'wait_for_l10n_element'
12-09 07:43:26.260 I/InstrumentationBackend( 6178): Added:'NullAction', with key:'nullAction'
12-09 07:43:26.260 I/InstrumentationBackend( 6178): Added:'PressKey', with key:'press_key'
12-09 07:43:26.260 I/InstrumentationBackend( 6178): Added:'SetActivityOrientation', with key:'set_activity_orientation'
12-09 07:43:26.260 I/InstrumentationBackend( 6178): Added:'GetActivityOrientation', with key:'get_activity_orientation'
12-09 07:43:26.261 I/InstrumentationBackend( 6178): Added:'FakeGPSLocation', with key:'set_gps_coordinates'
12-09 07:43:26.261 I/InstrumentationBackend( 6178): Added:'SetPropertyByCssSelector', with key:'set_property_by_css_selector'
12-09 07:43:26.261 I/InstrumentationBackend( 6178): Added:'GetUrl', with key:'get_url'
12-09 07:43:26.262 I/InstrumentationBackend( 6178): Added:'ScrollTo', with key:'scroll_to'
12-09 07:43:26.262 I/InstrumentationBackend( 6178): Added:'GetLoadProgress', with key:'get_load_progress'
12-09 07:43:26.262 I/InstrumentationBackend( 6178): Added:'DumpHtml', with key:'dump_html'
12-09 07:43:26.267 I/InstrumentationBackend( 6178): Added:'DumpBodyHtml', with key:'dump_body_html'
12-09 07:43:26.268 I/InstrumentationBackend( 6178): Added:'EnterTextByCssSelector', with key:'enter_text_by_selector'
12-09 07:43:26.269 I/InstrumentationBackend( 6178): Added:'AndroidSDKVersion', with key:'android_sdk_version'
12-09 07:43:26.269 I/InstrumentationBackend( 6178): Added:'Version', with key:'version'
12-09 07:43:26.269 I/InstrumentationBackend( 6178): Added:'Drag', with key:'drag'
12-09 07:43:26.269 I/InstrumentationBackend( 6178): Added:'TouchCoordinates', with key:'touch_coordinate'
12-09 07:43:26.269 I/InstrumentationBackend( 6178): Added:'LongPressCoordinate', with key:'long_press_coordinate'
12-09 07:43:26.270 I/InstrumentationBackend( 6178): Added:'DragCoordinates', with key:'drag_coordinates'
12-09 07:43:26.270 I/InstrumentationBackend( 6178): Added:'ResumeApplication', with key:'resume_application'
12-09 07:43:26.270 I/InstrumentationBackend( 6178): Added:'Swipe', with key:'swipe'
12-09 07:43:26.270 I/InstrumentationBackend( 6178): Added:'DoubleTapCoordinate', with key:'double_tap_coordinate'
12-09 07:43:26.270 I/InstrumentationBackend( 6178): Added:'ClickOnScreen', with key:'click_on_screen'
12-09 07:43:26.275 I/InstrumentationBackend( 6178): Added:'GetActivityName', with key:'get_activity_name'
12-09 07:43:26.275 I/InstrumentationBackend( 6178): Added:'ScrollToView', with key:'scroll_to_view'
12-09 07:43:26.275 I/InstrumentationBackend( 6178): Added:'ViewConfiguration', with key:'view_configuration'
12-09 07:43:26.275 I/InstrumentationBackend( 6178): Added:'IsCurrentActivityFocused', with key:'is_current_activity_focused'
12-09 07:43:26.276 I/InstrumentationBackend( 6178): Added:'SendTcp', with key:'send_tcp'
12-09 07:43:26.276 I/InstrumentationBackend( 6178): Added:'DpToDevicePixel', with key:'dp_to_device_pixel'
12-09 07:43:26.276 I/InstrumentationBackend( 6178): Added:'KeyboardEnterText', with key:'keyboard_enter_text'
12-09 07:43:26.276 I/InstrumentationBackend( 6178): Added:'DeleteSurroundingText', with key:'delete_surrounding_text'
12-09 07:43:26.277 I/InstrumentationBackend( 6178): Added:'SetComposingRegion', with key:'set_composing_region'
12-09 07:43:26.277 I/InstrumentationBackend( 6178): Added:'SetSelection', with key:'set_selection'
12-09 07:43:26.277 I/InstrumentationBackend( 6178): Added:'KeyboardKeyEvent', with key:'keyboard_key_event'
12-09 07:43:26.277 I/InstrumentationBackend( 6178): Added:'PressUserActionButton', with key:'press_user_action_button'
12-09 07:43:26.278 I/InstrumentationBackend( 6178): Added:'HideSoftKeyboard', with key:'hide_soft_keyboard'
12-09 07:43:26.278 I/InstrumentationBackend( 6178): Added:'ListActions', with key:'list_actions'
12-09 07:43:26.278 I/calabash( 6178): Instantiating http server at 7102
12-09 07:43:26.287 I/System.out( 6178): HTTP Daemon listening on: 7102
12-09 07:43:26.512 W/WindowAnimator( 1594): Failed to dispatch window animation state change.
12-09 07:43:26.512 W/WindowAnimator( 1594): android.os.DeadObjectException
12-09 07:43:26.512 W/WindowAnimator( 1594): 	at android.os.BinderProxy.transactNative(Native Method)
12-09 07:43:26.512 W/WindowAnimator( 1594): 	at android.os.BinderProxy.transact(Binder.java:503)
12-09 07:43:26.512 W/WindowAnimator( 1594): 	at android.view.IWindow$Stub$Proxy.onAnimationStopped(IWindow.java:534)
12-09 07:43:26.512 W/WindowAnimator( 1594): 	at com.android.server.wm.WindowAnimator.updateWindowsLocked(WindowAnimator.java:286)
12-09 07:43:26.512 W/WindowAnimator( 1594): 	at com.android.server.wm.WindowAnimator.animateLocked(WindowAnimator.java:678)
12-09 07:43:26.512 W/WindowAnimator( 1594): 	at com.android.server.wm.WindowAnimator.-wrap0(WindowAnimator.java)
12-09 07:43:26.512 W/WindowAnimator( 1594): 	at com.android.server.wm.WindowAnimator$1.doFrame(WindowAnimator.java:123)
12-09 07:43:26.512 W/WindowAnimator( 1594): 	at android.view.Choreographer$CallbackRecord.run(Choreographer.java:856)
12-09 07:43:26.512 W/WindowAnimator( 1594): 	at android.view.Choreographer.doCallbacks(Choreographer.java:670)
12-09 07:43:26.512 W/WindowAnimator( 1594): 	at android.view.Choreographer.doFrame(Choreographer.java:603)
12-09 07:43:26.512 W/WindowAnimator( 1594): 	at android.view.Choreographer$FrameDisplayEventReceiver.run(Choreographer.java:844)
12-09 07:43:26.512 W/WindowAnimator( 1594): 	at android.os.Handler.handleCallback(Handler.java:739)
12-09 07:43:26.512 W/WindowAnimator( 1594): 	at android.os.Handler.dispatchMessage(Handler.java:95)
12-09 07:43:26.512 W/WindowAnimator( 1594): 	at android.os.Looper.loop(Looper.java:148)
12-09 07:43:26.512 W/WindowAnimator( 1594): 	at android.os.HandlerThread.run(HandlerThread.java:61)
12-09 07:43:26.512 W/WindowAnimator( 1594): 	at com.android.server.ServiceThread.run(ServiceThread.java:46)
12-09 07:43:26.528 I/System.out( 6178): URI: //ping
12-09 07:43:26.528 I/System.out( 6178): params: {json={}
12-09 07:43:26.528 I/System.out( 6178): }
12-09 07:43:26.696 I/System.out( 6178): URI: //ping
12-09 07:43:26.696 I/System.out( 6178): params: {json={}
12-09 07:43:26.696 I/System.out( 6178): }
12-09 07:43:26.815 I/System.out( 6178): URI: //ready
12-09 07:43:26.815 I/System.out( 6178): params: {json={}
12-09 07:43:26.815 I/System.out( 6178): }
12-09 07:43:26.872 I/System.out( 6178): URI: //
12-09 07:43:26.872 I/System.out( 6178): params: {json={"command":"version","arguments":[]}
12-09 07:43:26.872 I/System.out( 6178): }
12-09 07:43:26.872 I/System.out( 6178): header: {date=Sun, 09 Dec 2018 07:43:27 GMT, accept=*/*, content-length=36, host=127.0.0.1:34777, user-agent=HTTPClient/1.0 (2.8.3, ruby 2.3.1 (2016-04-26)), content-type=application/json;charset=utf-8}
12-09 07:43:26.872 I/System.out( 6178): params: {json={"command":"version","arguments":[]}
12-09 07:43:26.872 I/System.out( 6178): }
12-09 07:43:26.872 I/System.out( 6178): ProP json = {"command":"version","arguments":[]}
12-09 07:43:26.872 I/System.out( 6178): files: {}
12-09 07:43:26.872 I/System.out( 6178): command: {"command":"version","arguments":[]}
12-09 07:43:26.904 I/InstrumentationBackend( 6178): Got command:'Command:'Line:null,version', arguments:'[]'
12-09 07:43:26.985 I/System.out( 6178): result:{"bonusInformation":[],"message":"0.9.8","success":true}
12-09 07:43:27.065 I/System.out( 6178): URI: //start-application
12-09 07:43:27.065 I/System.out( 6178): params: {json={"intent":null}
12-09 07:43:27.065 I/System.out( 6178): }
12-09 07:43:27.135 W/art     ( 6178): Suspending all threads took: 12.122ms
12-09 07:43:27.303 I/ActivityManager( 1594): START u0 {act=android.intent.action.MAIN cat=[android.intent.category.LAUNCHER] flg=0x10200000 cmp=com.evancharlton.mileage/.Mileage} from uid 10121 on display 0
12-09 07:43:27.319 I/art     ( 6178): Background partial concurrent mark sweep GC freed 34421(2039KB) AllocSpace objects, 15(300KB) LOS objects, 43% free, 1328KB/2MB, paused 13.249ms total 194.530ms
12-09 07:43:27.400 I/calabash( 6178): newActivity1
12-09 07:43:27.663 W/art     ( 1594): Long monitor contention event with owner method=void com.android.server.am.ActivityManagerService.activityPaused(android.os.IBinder) from ActivityManagerService.java:6439 waiters=1 for 262ms
12-09 07:43:27.737 D/gralloc_ranchu( 1219): gralloc_alloc: Creating ashmem region of size 3686400
12-09 07:43:27.743 I/calabash( 6178): newActivity1
12-09 07:43:27.746 W/ActivityManager( 1594): Bad activity token: android.os.BinderProxy@4476b35
12-09 07:43:27.746 W/ActivityManager( 1594): java.lang.ClassCastException: android.os.BinderProxy cannot be cast to com.android.server.am.ActivityRecord$Token
12-09 07:43:27.746 W/ActivityManager( 1594): 	at com.android.server.am.ActivityRecord.forTokenLocked(ActivityRecord.java:424)
12-09 07:43:27.746 W/ActivityManager( 1594): 	at com.android.server.am.ActivityRecord.isInStackLocked(ActivityRecord.java:1121)
12-09 07:43:27.746 W/ActivityManager( 1594): 	at com.android.server.am.ActivityRecord.getStackLocked(ActivityRecord.java:1126)
12-09 07:43:27.746 W/ActivityManager( 1594): 	at com.android.server.am.ActivityManagerService.getActivityDisplayId(ActivityManagerService.java:8889)
12-09 07:43:27.746 W/ActivityManager( 1594): 	at android.app.ActivityManagerNative.onTransact(ActivityManagerNative.java:2338)
12-09 07:43:27.746 W/ActivityManager( 1594): 	at com.android.server.am.ActivityManagerService.onTransact(ActivityManagerService.java:2443)
12-09 07:43:27.746 W/ActivityManager( 1594): 	at android.os.Binder.execTransact(Binder.java:453)
12-09 07:43:27.804 W/ActivityManager( 1594): Bad activity token: android.os.BinderProxy@4476b35
12-09 07:43:27.804 W/ActivityManager( 1594): java.lang.ClassCastException: android.os.BinderProxy cannot be cast to com.android.server.am.ActivityRecord$Token
12-09 07:43:27.804 W/ActivityManager( 1594): 	at com.android.server.am.ActivityRecord.forTokenLocked(ActivityRecord.java:424)
12-09 07:43:27.804 W/ActivityManager( 1594): 	at com.android.server.am.ActivityRecord.isInStackLocked(ActivityRecord.java:1121)
12-09 07:43:27.804 W/ActivityManager( 1594): 	at com.android.server.am.ActivityManagerService.setTaskDescription(ActivityManagerService.java:8547)
12-09 07:43:27.804 W/ActivityManager( 1594): 	at android.app.ActivityManagerNative.onTransact(ActivityManagerNative.java:2410)
12-09 07:43:27.804 W/ActivityManager( 1594): 	at com.android.server.am.ActivityManagerService.onTransact(ActivityManagerService.java:2443)
12-09 07:43:27.804 W/ActivityManager( 1594): 	at android.os.Binder.execTransact(Binder.java:453)
12-09 07:43:27.863 W/ActivityManager( 1594): Bad activity token: android.os.BinderProxy@4476b35
12-09 07:43:27.863 W/ActivityManager( 1594): java.lang.ClassCastException: android.os.BinderProxy cannot be cast to com.android.server.am.ActivityRecord$Token
12-09 07:43:27.863 W/ActivityManager( 1594): 	at com.android.server.am.ActivityRecord.forTokenLocked(ActivityRecord.java:424)
12-09 07:43:27.863 W/ActivityManager( 1594): 	at com.android.server.am.ActivityRecord.isInStackLocked(ActivityRecord.java:1121)
12-09 07:43:27.863 W/ActivityManager( 1594): 	at com.android.server.am.ActivityManagerService.getActivityOptions(ActivityManagerService.java:11038)
12-09 07:43:27.863 W/ActivityManager( 1594): 	at android.app.ActivityManagerNative.onTransact(ActivityManagerNative.java:1734)
12-09 07:43:27.863 W/ActivityManager( 1594): 	at com.android.server.am.ActivityManagerService.onTransact(ActivityManagerService.java:2443)
12-09 07:43:27.863 W/ActivityManager( 1594): 	at android.os.Binder.execTransact(Binder.java:453)
12-09 07:43:27.867 W/ActivityManager( 1594): Bad activity token: android.os.BinderProxy@4476b35
12-09 07:43:27.867 W/ActivityManager( 1594): java.lang.ClassCastException: android.os.BinderProxy cannot be cast to com.android.server.am.ActivityRecord$Token
12-09 07:43:27.867 W/ActivityManager( 1594): 	at com.android.server.am.ActivityRecord.forTokenLocked(ActivityRecord.java:424)
12-09 07:43:27.867 W/ActivityManager( 1594): 	at com.android.server.am.ActivityRecord.isInStackLocked(ActivityRecord.java:1121)
12-09 07:43:27.867 W/ActivityManager( 1594): 	at com.android.server.am.ActivityManagerService.getActivityOptions(ActivityManagerService.java:11038)
12-09 07:43:27.867 W/ActivityManager( 1594): 	at android.app.ActivityManagerNative.onTransact(ActivityManagerNative.java:1734)
12-09 07:43:27.867 W/ActivityManager( 1594): 	at com.android.server.am.ActivityManagerService.onTransact(ActivityManagerService.java:2443)
12-09 07:43:27.867 W/ActivityManager( 1594): 	at android.os.Binder.execTransact(Binder.java:453)
12-09 07:43:28.174 W/art     ( 1594): Long monitor contention event with owner method=int com.android.server.wm.WindowManagerService.relayoutWindow(com.android.server.wm.Session, android.view.IWindow, int, android.view.WindowManager$LayoutParams, int, int, int, int, android.graphics.Rect, android.graphics.Rect, android.graphics.Rect, android.graphics.Rect, android.graphics.Rect, android.graphics.Rect, android.content.res.Configuration, android.view.Surface) from WindowManagerService.java:3103 waiters=0 for 125ms
12-09 07:43:28.194 D/gralloc_ranchu( 1219): gralloc_alloc: Creating ashmem region of size 3686400
12-09 07:43:28.342 D/EGL_emulation( 1899): eglMakeCurrent: 0x7f347faf4dc0: ver 2 0 (tinfo 0x7f347fac2ce0)
12-09 07:43:28.347 E/Surface ( 1899): getSlotFromBufferLocked: unknown buffer: 0x7f347c095e80
12-09 07:43:28.480 D/        ( 6178): HostConnection::get() New Host Connection established 0x7f347c1beec0, tid 6178
12-09 07:43:28.823 W/art     ( 1594): Long monitor contention event with owner method=void com.android.server.wm.WindowAnimator$1.doFrame(long) from WindowAnimator.java:121 waiters=0 for 116ms
12-09 07:43:29.120 W/art     ( 1594): Long monitor contention event with owner method=void com.android.server.wm.WindowAnimator$1.doFrame(long) from WindowAnimator.java:121 waiters=0 for 297ms
12-09 07:43:29.179 W/art     ( 1594): Long monitor contention event with owner method=void com.android.server.wm.WindowAnimator$1.doFrame(long) from WindowAnimator.java:121 waiters=1 for 327ms
12-09 07:43:29.371 W/art     ( 1594): Long monitor contention event with owner method=void com.android.server.wm.WindowAnimator$1.doFrame(long) from WindowAnimator.java:121 waiters=1 for 251ms
12-09 07:43:29.372 W/art     ( 1594): Long monitor contention event with owner method=java.util.List com.android.server.am.ActivityManagerService.getAllStackInfos() from ActivityManagerService.java:8937 waiters=0 for 476ms
12-09 07:43:29.373 I/Choreographer( 1697): Skipped 38 frames!  The application may be doing too much work on its main thread.
12-09 07:43:29.395 I/ActivityManager( 1594): Displayed com.evancharlton.mileage/.Mileage: +2s30ms
12-09 07:43:29.422 D/gralloc_ranchu( 1219): gralloc_alloc: Creating ashmem region of size 3686400
12-09 07:43:30.191 W/art     ( 6178): Suspending all threads took: 7.163ms
12-09 07:43:30.214 I/art     ( 6178): Background partial concurrent mark sweep GC freed 12256(593KB) AllocSpace objects, 0(0B) LOS objects, 40% free, 2MB/3MB, paused 8.620ms total 81.930ms
12-09 07:43:31.256 I/System.out( 6178): URI: //map
12-09 07:43:31.256 I/System.out( 6178): params: {json={"query":"android.widget.EditText id:'price'","operation":{"method_name":"query","arguments":[]}}
12-09 07:43:31.256 I/System.out( 6178): }
12-09 07:43:31.303 W/ResourceType( 6178): No package identifier when getting name for resource number 0x00000001
12-09 07:43:31.572 I/System.out( 6178): URI: //gesture
12-09 07:43:31.572 I/System.out( 6178): params: {json={"query_timeout":5.0,"gestures":[{"query_string":"android.widget.EditText id:'price'","touches":[{"x":50,"y":50,"offset_x":0,"offset_y":0,"wait":0.0,"time":0.2,"release":true,"query_string":null}]}]}
12-09 07:43:31.573 I/System.out( 6178): }
12-09 07:43:31.580 I/art     ( 6178): Background sticky concurrent mark sweep GC freed 47084(2MB) AllocSpace objects, 2(40KB) LOS objects, 22% free, 2MB/3MB, paused 1.334ms total 255.035ms
12-09 07:43:31.596 W/ResourceType( 6178): No package identifier when getting name for resource number 0x00000001
12-09 07:43:31.616 W/InputDispatcher( 1594): Permission denied: injecting event from pid 6178 uid 10121 to window Window{98c7dec u0 Application Not Responding: system} owned by uid 1000
12-09 07:43:31.617 W/InputManager( 1594): Input event injection from pid 6178 permission denied.
12-09 07:43:31.726 W/InputDispatcher( 1594): Permission denied: injecting event from pid 6178 uid 10121 to window Window{98c7dec u0 Application Not Responding: system} owned by uid 1000
12-09 07:43:31.727 W/InputManager( 1594): Input event injection from pid 6178 permission denied.
12-09 07:43:31.835 W/InputDispatcher( 1594): Permission denied: injecting event from pid 6178 uid 10121 to window Window{98c7dec u0 Application Not Responding: system} owned by uid 1000
12-09 07:43:31.835 W/InputManager( 1594): Input event injection from pid 6178 permission denied.
12-09 07:43:31.967 W/InputDispatcher( 1594): Permission denied: injecting event from pid 6178 uid 10121 to window Window{98c7dec u0 Application Not Responding: system} owned by uid 1000
12-09 07:43:31.967 W/InputManager( 1594): Input event injection from pid 6178 permission denied.
12-09 07:43:32.080 W/InputDispatcher( 1594): Permission denied: injecting event from pid 6178 uid 10121 to window Window{98c7dec u0 Application Not Responding: system} owned by uid 1000
12-09 07:43:32.080 W/InputManager( 1594): Input event injection from pid 6178 permission denied.
12-09 07:43:32.215 W/InputDispatcher( 1594): Permission denied: injecting event from pid 6178 uid 10121 to window Window{98c7dec u0 Application Not Responding: system} owned by uid 1000
12-09 07:43:32.216 W/InputManager( 1594): Input event injection from pid 6178 permission denied.
12-09 07:43:32.318 W/InputDispatcher( 1594): Permission denied: injecting event from pid 6178 uid 10121 to window Window{98c7dec u0 Application Not Responding: system} owned by uid 1000
12-09 07:43:32.319 W/InputManager( 1594): Input event injection from pid 6178 permission denied.
12-09 07:43:32.432 W/InputDispatcher( 1594): Permission denied: injecting event from pid 6178 uid 10121 to window Window{98c7dec u0 Application Not Responding: system} owned by uid 1000
12-09 07:43:32.432 W/InputManager( 1594): Input event injection from pid 6178 permission denied.
12-09 07:43:32.556 W/InputDispatcher( 1594): Permission denied: injecting event from pid 6178 uid 10121 to window Window{98c7dec u0 Application Not Responding: system} owned by uid 1000
12-09 07:43:32.611 W/InputManager( 1594): Input event injection from pid 6178 permission denied.
12-09 07:43:32.723 W/InputDispatcher( 1594): Permission denied: injecting event from pid 6178 uid 10121 to window Window{98c7dec u0 Application Not Responding: system} owned by uid 1000
12-09 07:43:32.724 W/InputManager( 1594): Input event injection from pid 6178 permission denied.
12-09 07:43:32.825 W/System.err( 6178): java.lang.SecurityException: java.lang.SecurityException: Injecting to another application requires INJECT_EVENTS permission
12-09 07:43:32.825 W/System.err( 6178): 	at sh.calaba.instrumentationbackend.actions.MultiTouchGesture.pressGestures(MultiTouchGesture.java:268)
12-09 07:43:32.825 W/System.err( 6178): 	at sh.calaba.instrumentationbackend.actions.MultiTouchGesture.perform(MultiTouchGesture.java:167)
12-09 07:43:32.825 W/System.err( 6178): 	at sh.calaba.instrumentationbackend.actions.HttpServer.serve(HttpServer.java:540)
12-09 07:43:32.825 W/System.err( 6178): 	at sh.calaba.instrumentationbackend.actions.NanoHTTPD$HTTPSession.run(NanoHTTPD.java:487)
12-09 07:43:32.825 W/System.err( 6178): 	at java.lang.Thread.run(Thread.java:818)
12-09 07:43:32.825 W/System.err( 6178): Caused by: java.lang.SecurityException: Injecting to another application requires INJECT_EVENTS permission
12-09 07:43:32.825 W/System.err( 6178): 	at android.os.Parcel.readException(Parcel.java:1599)
12-09 07:43:32.826 W/System.err( 6178): 	at android.os.Parcel.readException(Parcel.java:1552)
12-09 07:43:32.826 W/System.err( 6178): 	at android.hardware.input.IInputManager$Stub$Proxy.injectInputEvent(IInputManager.java:417)
12-09 07:43:32.826 W/System.err( 6178): 	at android.hardware.input.InputManager.injectInputEvent(InputManager.java:679)
12-09 07:43:32.826 W/System.err( 6178): 	at android.app.Instrumentation.sendPointerSync(Instrumentation.java:943)
12-09 07:43:32.826 W/System.err( 6178): 	at sh.calaba.instrumentationbackend.actions.MultiTouchGesture.sendPointerSync(MultiTouchGesture.java:229)
12-09 07:43:32.826 W/System.err( 6178): 	at sh.calaba.instrumentationbackend.actions.MultiTouchGesture.pressGestures(MultiTouchGesture.java:246)
12-09 07:43:32.826 W/System.err( 6178): 	... 4 more
