12-09 07:45:30.455 W/audio_hw_generic( 1308): Not supplying enough data to HAL, expected position 7575258 , only wrote 7573077
12-09 07:45:30.455 W/audio_hw_generic( 1308): Not supplying enough data to HAL, expected position 7573084 , only wrote 7573077
12-09 07:45:30.471 W/audio_hw_generic( 1308): Not supplying enough data to HAL, expected position 7573776 , only wrote 7573738
12-09 07:45:30.471 W/audio_hw_generic( 1308): Not supplying enough data to HAL, expected position 7573744 , only wrote 7573738
12-09 07:45:30.487 W/audio_hw_generic( 1308): Not supplying enough data to HAL, expected position 7574458 , only wrote 7574399
12-09 07:45:30.530 W/audio_hw_generic( 1308): Hardware backing HAL too slow, could only write 0 of 661 frames
12-09 07:45:30.547 W/audio_hw_generic( 1308): Hardware backing HAL too slow, could only write 0 of 661 frames
12-09 07:45:30.632 W/art     ( 1592): Long monitor contention event with owner method=void com.android.server.wm.WindowAnimator$1.doFrame(long) from WindowAnimator.java:121 waiters=0 for 130ms
12-09 07:45:30.643 W/audio_hw_generic( 1308): Not supplying enough data to HAL, expected position 7581253 , only wrote 7578365
12-09 07:45:30.643 W/audio_hw_generic( 1308): Not supplying enough data to HAL, expected position 7578371 , only wrote 7578365
12-09 07:45:30.691 W/audio_hw_generic( 1308): Not supplying enough data to HAL, expected position 7580472 , only wrote 7579026
12-09 07:45:30.933 W/audio_hw_generic( 1308): Not supplying enough data to HAL, expected position 7589724 , only wrote 7589602
12-09 07:45:31.103 W/audio_hw_generic( 1308): Not supplying enough data to HAL, expected position 7597090 , only wrote 7596873
12-09 07:45:31.119 W/audio_hw_generic( 1308): Not supplying enough data to HAL, expected position 7597577 , only wrote 7597534
12-09 07:45:31.135 D/AudioFlinger( 1308): mixer(0xf4380000) throttle end: throttle time(11)
12-09 07:45:31.227 W/audio_hw_generic( 1308): Hardware backing HAL too slow, could only write 0 of 661 frames
12-09 07:45:31.243 W/audio_hw_generic( 1308): Hardware backing HAL too slow, could only write 0 of 661 frames
12-09 07:45:31.256 W/audio_hw_generic( 1308): Hardware backing HAL too slow, could only write 0 of 661 frames
12-09 07:45:31.525 W/audio_hw_generic( 1308): Hardware backing HAL too slow, could only write 0 of 661 frames
12-09 07:45:31.793 W/audio_hw_generic( 1308): Hardware backing HAL too slow, could only write 0 of 661 frames
12-09 07:45:31.802 W/audio_hw_generic( 1308): Hardware backing HAL too slow, could only write 0 of 661 frames
12-09 07:45:32.132 I/System.out( 6186): URI: //map
12-09 07:45:32.132 I/System.out( 6186): params: {json={"query":"android.widget.EditText id:'price'","operation":{"method_name":"query","arguments":[]}}
12-09 07:45:32.132 I/System.out( 6186): }
12-09 07:45:32.227 W/audio_hw_generic( 1308): Not supplying enough data to HAL, expected position 7646385 , only wrote 7643804
12-09 07:45:32.227 W/audio_hw_generic( 1308): Not supplying enough data to HAL, expected position 7643810 , only wrote 7643804
12-09 07:45:32.252 W/ResourceType( 6186): No package identifier when getting name for resource number 0x00000001
12-09 07:45:32.307 W/audio_hw_generic( 1308): Not supplying enough data to HAL, expected position 7647338 , only wrote 7644465
12-09 07:45:32.383 I/System.out( 6186): URI: //gesture
12-09 07:45:32.383 I/System.out( 6186): params: {json={"query_timeout":5.0,"gestures":[{"query_string":"android.widget.EditText id:'price'","touches":[{"x":50,"y":50,"offset_x":0,"offset_y":0,"wait":0.0,"time":0.2,"release":true,"query_string":null}]}]}
12-09 07:45:32.383 I/System.out( 6186): }
12-09 07:45:32.483 W/audio_hw_generic( 1308): Hardware backing HAL too slow, could only write 0 of 661 frames
12-09 07:45:32.574 I/art     ( 6186): Background sticky concurrent mark sweep GC freed 28057(1320KB) AllocSpace objects, 2(40KB) LOS objects, 28% free, 3MB/4MB, paused 918us total 119.021ms
12-09 07:45:32.648 W/ResourceType( 6186): No package identifier when getting name for resource number 0x00000001
12-09 07:45:32.651 W/audio_hw_generic( 1308): Not supplying enough data to HAL, expected position 7659631 , only wrote 7659007
12-09 07:45:32.651 W/audio_hw_generic( 1308): Not supplying enough data to HAL, expected position 7659013 , only wrote 7659007
12-09 07:45:32.700 W/audio_hw_generic( 1308): Not supplying enough data to HAL, expected position 7661173 , only wrote 7659668
12-09 07:45:32.943 W/audio_hw_generic( 1308): Not supplying enough data to HAL, expected position 7670373 , only wrote 7668261
12-09 07:45:32.943 W/audio_hw_generic( 1308): Not supplying enough data to HAL, expected position 7668267 , only wrote 7668261
12-09 07:45:32.967 W/audio_hw_generic( 1308): Not supplying enough data to HAL, expected position 7669309 , only wrote 7668922
12-09 07:45:33.083 W/audio_hw_generic( 1308): Not supplying enough data to HAL, expected position 7673734 , only wrote 7672888
12-09 07:45:33.083 W/audio_hw_generic( 1308): Not supplying enough data to HAL, expected position 7673190 , only wrote 7672888
12-09 07:45:33.085 I/LatinIME( 1891): Starting input. Cursor position = 0,0
12-09 07:45:33.099 W/audio_hw_generic( 1308): Not supplying enough data to HAL, expected position 7673602 , only wrote 7673549
12-09 07:45:33.267 W/audio_hw_generic( 1308): Not supplying enough data to HAL, expected position 7680955 , only wrote 7680159
12-09 07:45:33.267 W/audio_hw_generic( 1308): Not supplying enough data to HAL, expected position 7680165 , only wrote 7680159
12-09 07:45:33.311 W/audio_hw_generic( 1308): Not supplying enough data to HAL, expected position 7682091 , only wrote 7680820
12-09 07:45:33.327 D/EGL_emulation( 1891): eglMakeCurrent: 0x7eff642346e0: ver 2 0 (tinfo 0x7eff586b0780)
12-09 07:45:33.476 W/audio_hw_generic( 1308): Not supplying enough data to HAL, expected position 7688082 , only wrote 7686769
12-09 07:45:33.476 W/audio_hw_generic( 1308): Not supplying enough data to HAL, expected position 7686775 , only wrote 7686769
12-09 07:45:33.553 W/audio_hw_generic( 1308): Not supplying enough data to HAL, expected position 7690154 , only wrote 7690074
12-09 07:45:33.553 W/audio_hw_generic( 1308): Not supplying enough data to HAL, expected position 7690080 , only wrote 7690074
12-09 07:45:33.663 W/audio_hw_generic( 1308): Hardware backing HAL too slow, could only write 0 of 661 frames
12-09 07:45:33.701 W/audio_hw_generic( 1308): Hardware backing HAL too slow, could only write 0 of 661 frames
12-09 07:45:33.701 W/audio_hw_generic( 1308): Hardware backing HAL too slow, could only write 0 of 661 frames
12-09 07:45:33.727 I/System.out( 6186): URI: //
12-09 07:45:33.727 I/System.out( 6186): params: {json={"command":"set_selection","arguments":[-1,-1]}
12-09 07:45:33.727 I/System.out( 6186): }
12-09 07:45:33.727 I/System.out( 6186): header: {date=Sun, 09 Dec 2018 07:45:34 GMT, accept=*/*, content-length=47, host=127.0.0.1:34777, user-agent=HTTPClient/1.0 (2.8.3, ruby 2.3.1 (2016-04-26)), content-type=application/json;charset=utf-8}
12-09 07:45:33.727 I/System.out( 6186): params: {json={"command":"set_selection","arguments":[-1,-1]}
12-09 07:45:33.727 I/System.out( 6186): }
12-09 07:45:33.727 I/System.out( 6186): ProP json = {"command":"set_selection","arguments":[-1,-1]}
12-09 07:45:33.727 I/System.out( 6186): files: {}
12-09 07:45:33.727 I/System.out( 6186): command: {"command":"set_selection","arguments":[-1,-1]}
12-09 07:45:33.728 I/InstrumentationBackend( 6186): Got command:'Command:'Line:null,set_selection', arguments:'[-1, -1]'
12-09 07:45:33.731 W/audio_hw_generic( 1308): Hardware backing HAL too slow, could only write 0 of 661 frames
12-09 07:45:33.827 W/audio_hw_generic( 1308): Hardware backing HAL too slow, could only write 0 of 661 frames
12-09 07:45:33.827 W/audio_hw_generic( 1308): Not supplying enough data to HAL, expected position 7702172 , only wrote 7699328
12-09 07:45:33.827 W/audio_hw_generic( 1308): Not supplying enough data to HAL, expected position 7699333 , only wrote 7699328
12-09 07:45:33.844 I/System.out( 6186): result:{"bonusInformation":[],"message":"","success":true}
12-09 07:45:33.851 W/audio_hw_generic( 1308): Not supplying enough data to HAL, expected position 7700371 , only wrote 7699989
12-09 07:45:33.927 W/audio_hw_generic( 1308): Hardware backing HAL too slow, could only write 0 of 661 frames
12-09 07:45:33.927 W/audio_hw_generic( 1308): Hardware backing HAL too slow, could only write 0 of 661 frames
12-09 07:45:33.943 W/audio_hw_generic( 1308): Hardware backing HAL too slow, could only write 0 of 661 frames
12-09 07:45:33.963 W/audio_hw_generic( 1308): Hardware backing HAL too slow, could only write 0 of 661 frames
12-09 07:45:33.971 I/System.out( 6186): URI: //
12-09 07:45:33.972 I/System.out( 6186): params: {json={"command":"keyboard_enter_text","arguments":["54"]}
12-09 07:45:33.972 I/System.out( 6186): }
12-09 07:45:33.972 I/System.out( 6186): header: {date=Sun, 09 Dec 2018 07:45:34 GMT, accept=*/*, content-length=52, host=127.0.0.1:34777, user-agent=HTTPClient/1.0 (2.8.3, ruby 2.3.1 (2016-04-26)), content-type=application/json;charset=utf-8}
12-09 07:45:33.972 I/System.out( 6186): params: {json={"command":"keyboard_enter_text","arguments":["54"]}
12-09 07:45:33.972 I/System.out( 6186): }
12-09 07:45:33.972 I/System.out( 6186): ProP json = {"command":"keyboard_enter_text","arguments":["54"]}
12-09 07:45:33.972 I/System.out( 6186): files: {}
12-09 07:45:33.972 I/System.out( 6186): command: {"command":"keyboard_enter_text","arguments":["54"]}
12-09 07:45:33.973 I/InstrumentationBackend( 6186): Got command:'Command:'Line:null,keyboard_enter_text', arguments:'[54]'
12-09 07:45:33.973 E/SpannableStringBuilder( 6186): SPAN_EXCLUSIVE_EXCLUSIVE spans cannot have a zero length
12-09 07:45:33.973 E/SpannableStringBuilder( 6186): SPAN_EXCLUSIVE_EXCLUSIVE spans cannot have a zero length
12-09 07:45:34.023 I/art     ( 1891): Background sticky concurrent mark sweep GC freed 2367(247KB) AllocSpace objects, 1(20KB) LOS objects, 17% free, 2MB/2MB, paused 1.420ms total 100.766ms
12-09 07:45:34.085 E/SpannableStringBuilder( 6186): SPAN_EXCLUSIVE_EXCLUSIVE spans cannot have a zero length
12-09 07:45:34.085 E/SpannableStringBuilder( 6186): SPAN_EXCLUSIVE_EXCLUSIVE spans cannot have a zero length
12-09 07:45:34.114 I/System.out( 6186): result:{"bonusInformation":[],"message":"","success":true}
12-09 07:45:34.139 W/audio_hw_generic( 1308): Not supplying enough data to HAL, expected position 7712667 , only wrote 7712548
12-09 07:45:34.164 I/art     ( 6186): Background sticky concurrent mark sweep GC freed 28048(1285KB) AllocSpace objects, 5(100KB) LOS objects, 26% free, 3MB/4MB, paused 9.503ms total 44.903ms
12-09 07:45:34.178 I/System.out( 6186): URI: //map
12-09 07:45:34.178 I/System.out( 6186): params: {json={"query":"android.widget.EditText id:'volume'","operation":{"method_name":"query","arguments":[]}}
12-09 07:45:34.178 I/System.out( 6186): }
12-09 07:45:34.203 W/audio_hw_generic( 1308): Not supplying enough data to HAL, expected position 7717014 , only wrote 7715192
12-09 07:45:34.331 W/ResourceType( 6186): No package identifier when getting name for resource number 0x00000001
12-09 07:45:34.481 I/art     ( 6186): Background sticky concurrent mark sweep GC freed 44827(2020KB) AllocSpace objects, 2(40KB) LOS objects, 23% free, 3MB/4MB, paused 1.001ms total 118.337ms
12-09 07:45:34.483 I/System.out( 6186): URI: //gesture
12-09 07:45:34.483 I/System.out( 6186): params: {json={"query_timeout":5.0,"gestures":[{"query_string":"android.widget.EditText id:'volume'","touches":[{"x":50,"y":50,"offset_x":0,"offset_y":0,"wait":0.0,"time":0.2,"release":true,"query_string":null}]}]}
12-09 07:45:34.483 I/System.out( 6186): }
12-09 07:45:34.561 W/ResourceType( 6186): No package identifier when getting name for resource number 0x00000001
12-09 07:45:35.003 I/LatinIME( 1891): Starting input. Cursor position = 0,0
12-09 07:45:35.140 I/art     ( 6186): Background sticky concurrent mark sweep GC freed 45394(2045KB) AllocSpace objects, 2(40KB) LOS objects, 21% free, 3MB/4MB, paused 1.104ms total 124.627ms
12-09 07:45:35.599 I/System.out( 6186): URI: //
12-09 07:45:35.600 I/System.out( 6186): params: {json={"command":"set_selection","arguments":[-1,-1]}
12-09 07:45:35.600 I/System.out( 6186): }
12-09 07:45:35.600 I/System.out( 6186): header: {date=Sun, 09 Dec 2018 07:45:35 GMT, accept=*/*, content-length=47, host=127.0.0.1:34777, user-agent=HTTPClient/1.0 (2.8.3, ruby 2.3.1 (2016-04-26)), content-type=application/json;charset=utf-8}
12-09 07:45:35.600 I/System.out( 6186): params: {json={"command":"set_selection","arguments":[-1,-1]}
12-09 07:45:35.600 I/System.out( 6186): }
12-09 07:45:35.600 I/System.out( 6186): ProP json = {"command":"set_selection","arguments":[-1,-1]}
12-09 07:45:35.600 I/System.out( 6186): files: {}
12-09 07:45:35.600 I/System.out( 6186): command: {"command":"set_selection","arguments":[-1,-1]}
12-09 07:45:35.605 I/InstrumentationBackend( 6186): Got command:'Command:'Line:null,set_selection', arguments:'[-1, -1]'
12-09 07:45:35.624 I/System.out( 6186): result:{"bonusInformation":[],"message":"","success":true}
12-09 07:45:35.831 I/System.out( 6186): URI: //
12-09 07:45:35.832 I/System.out( 6186): params: {json={"command":"keyboard_enter_text","arguments":["100"]}
12-09 07:45:35.832 I/System.out( 6186): }
12-09 07:45:35.832 I/System.out( 6186): header: {date=Sun, 09 Dec 2018 07:45:36 GMT, accept=*/*, content-length=53, host=127.0.0.1:34777, user-agent=HTTPClient/1.0 (2.8.3, ruby 2.3.1 (2016-04-26)), content-type=application/json;charset=utf-8}
12-09 07:45:35.832 I/System.out( 6186): params: {json={"command":"keyboard_enter_text","arguments":["100"]}
12-09 07:45:35.832 I/System.out( 6186): }
12-09 07:45:35.832 I/System.out( 6186): ProP json = {"command":"keyboard_enter_text","arguments":["100"]}
12-09 07:45:35.832 I/System.out( 6186): files: {}
12-09 07:45:35.832 I/System.out( 6186): command: {"command":"keyboard_enter_text","arguments":["100"]}
12-09 07:45:35.833 I/InstrumentationBackend( 6186): Got command:'Command:'Line:null,keyboard_enter_text', arguments:'[100]'
12-09 07:45:35.834 E/SpannableStringBuilder( 6186): SPAN_EXCLUSIVE_EXCLUSIVE spans cannot have a zero length
12-09 07:45:35.834 E/SpannableStringBuilder( 6186): SPAN_EXCLUSIVE_EXCLUSIVE spans cannot have a zero length
12-09 07:45:35.838 E/SpannableStringBuilder( 6186): SPAN_EXCLUSIVE_EXCLUSIVE spans cannot have a zero length
12-09 07:45:35.838 E/SpannableStringBuilder( 6186): SPAN_EXCLUSIVE_EXCLUSIVE spans cannot have a zero length
12-09 07:45:35.843 I/System.out( 6186): result:{"bonusInformation":[],"message":"","success":true}
12-09 07:45:36.112 I/System.out( 6186): URI: //map
12-09 07:45:36.112 I/System.out( 6186): params: {json={"query":"android.widget.EditText id:'odometer'","operation":{"method_name":"query","arguments":[]}}
12-09 07:45:36.112 I/System.out( 6186): }
12-09 07:45:36.116 I/art     ( 6186): Background sticky concurrent mark sweep GC freed 26877(1209KB) AllocSpace objects, 6(120KB) LOS objects, 9% free, 4MB/4MB, paused 1.029ms total 279.684ms
12-09 07:45:36.142 W/ResourceType( 6186): No package identifier when getting name for resource number 0x00000001
12-09 07:45:36.748 I/System.out( 6186): URI: //gesture
12-09 07:45:36.748 I/System.out( 6186): params: {json={"query_timeout":5.0,"gestures":[{"query_string":"android.widget.EditText id:'odometer'","touches":[{"x":50,"y":50,"offset_x":0,"offset_y":0,"wait":0.0,"time":0.2,"release":true,"query_string":null}]}]}
12-09 07:45:36.748 I/System.out( 6186): }
12-09 07:45:36.791 W/ResourceType( 6186): No package identifier when getting name for resource number 0x00000001
12-09 07:45:36.832 I/art     ( 6186): Background partial concurrent mark sweep GC freed 53485(3MB) AllocSpace objects, 17(340KB) LOS objects, 39% free, 3MB/5MB, paused 959us total 710.278ms
12-09 07:45:37.438 I/LatinIME( 1891): Starting input. Cursor position = 0,0
12-09 07:45:38.060 I/System.out( 6186): URI: //
12-09 07:45:38.060 I/System.out( 6186): params: {json={"command":"set_selection","arguments":[-1,-1]}
12-09 07:45:38.060 I/System.out( 6186): }
12-09 07:45:38.060 I/System.out( 6186): header: {date=Sun, 09 Dec 2018 07:45:38 GMT, accept=*/*, content-length=47, host=127.0.0.1:34777, user-agent=HTTPClient/1.0 (2.8.3, ruby 2.3.1 (2016-04-26)), content-type=application/json;charset=utf-8}
12-09 07:45:38.060 I/System.out( 6186): params: {json={"command":"set_selection","arguments":[-1,-1]}
12-09 07:45:38.060 I/System.out( 6186): }
12-09 07:45:38.060 I/System.out( 6186): ProP json = {"command":"set_selection","arguments":[-1,-1]}
12-09 07:45:38.060 I/System.out( 6186): files: {}
12-09 07:45:38.060 I/System.out( 6186): command: {"command":"set_selection","arguments":[-1,-1]}
12-09 07:45:38.062 I/InstrumentationBackend( 6186): Got command:'Command:'Line:null,set_selection', arguments:'[-1, -1]'
12-09 07:45:38.069 I/System.out( 6186): result:{"bonusInformation":[],"message":"","success":true}
12-09 07:45:38.156 I/System.out( 6186): URI: //
12-09 07:45:38.156 I/System.out( 6186): params: {json={"command":"keyboard_enter_text","arguments":["14"]}
12-09 07:45:38.156 I/System.out( 6186): }
12-09 07:45:38.156 I/System.out( 6186): header: {date=Sun, 09 Dec 2018 07:45:38 GMT, accept=*/*, content-length=52, host=127.0.0.1:34777, user-agent=HTTPClient/1.0 (2.8.3, ruby 2.3.1 (2016-04-26)), content-type=application/json;charset=utf-8}
12-09 07:45:38.157 I/System.out( 6186): params: {json={"command":"keyboard_enter_text","arguments":["14"]}
12-09 07:45:38.157 I/System.out( 6186): }
12-09 07:45:38.157 I/System.out( 6186): ProP json = {"command":"keyboard_enter_text","arguments":["14"]}
12-09 07:45:38.157 I/System.out( 6186): files: {}
12-09 07:45:38.157 I/System.out( 6186): command: {"command":"keyboard_enter_text","arguments":["14"]}
12-09 07:45:38.158 I/InstrumentationBackend( 6186): Got command:'Command:'Line:null,keyboard_enter_text', arguments:'[14]'
12-09 07:45:38.158 E/SpannableStringBuilder( 6186): SPAN_EXCLUSIVE_EXCLUSIVE spans cannot have a zero length
12-09 07:45:38.158 E/SpannableStringBuilder( 6186): SPAN_EXCLUSIVE_EXCLUSIVE spans cannot have a zero length
12-09 07:45:38.161 E/SpannableStringBuilder( 6186): SPAN_EXCLUSIVE_EXCLUSIVE spans cannot have a zero length
12-09 07:45:38.161 E/SpannableStringBuilder( 6186): SPAN_EXCLUSIVE_EXCLUSIVE spans cannot have a zero length
12-09 07:45:38.173 I/System.out( 6186): result:{"bonusInformation":[],"message":"","success":true}
12-09 07:45:39.228 I/System.out( 6186): URI: //map
12-09 07:45:39.229 I/System.out( 6186): params: {json={"query":"android.widget.Button index:2","operation":{"method_name":"query","arguments":[]}}
12-09 07:45:39.229 I/System.out( 6186): }
12-09 07:45:39.651 I/art     ( 6186): Background sticky concurrent mark sweep GC freed 60947(2MB) AllocSpace objects, 5(100KB) LOS objects, 48% free, 2MB/5MB, paused 7.315ms total 154.347ms
12-09 07:45:39.683 I/System.out( 6186): URI: //gesture
12-09 07:45:39.687 I/System.out( 6186): params: {json={"query_timeout":5.0,"gestures":[{"query_string":"android.widget.Button index:2","touches":[{"x":50,"y":50,"offset_x":0,"offset_y":0,"wait":0.0,"time":0.2,"release":true,"query_string":null}]}]}
12-09 07:45:39.687 I/System.out( 6186): }
12-09 07:45:40.196 W/audio_hw_generic( 1308): Hardware backing HAL too slow, could only write 0 of 661 frames
12-09 07:45:40.439 W/audio_hw_generic( 1308): Not supplying enough data to HAL, expected position 7727983 , only wrote 7727090
12-09 07:45:40.439 W/audio_hw_generic( 1308): Not supplying enough data to HAL, expected position 7727097 , only wrote 7727090
12-09 07:45:40.499 W/audio_hw_generic( 1308): Hardware backing HAL too slow, could only write 0 of 661 frames
12-09 07:45:40.514 W/audio_hw_generic( 1308): Hardware backing HAL too slow, could only write 0 of 661 frames
12-09 07:45:40.531 W/audio_hw_generic( 1308): Hardware backing HAL too slow, could only write 0 of 661 frames
12-09 07:45:40.589 I/art     ( 1891): Background partial concurrent mark sweep GC freed 4890(387KB) AllocSpace objects, 4(80KB) LOS objects, 39% free, 2MB/3MB, paused 6.664ms total 13.491ms
12-09 07:45:40.598 I/LatinIME( 1891): Starting input. Cursor position = -1,-1
12-09 07:45:40.680 W/audio_hw_generic( 1308): Not supplying enough data to HAL, expected position 7737708 , only wrote 7737666
12-09 07:45:40.680 W/audio_hw_generic( 1308): Not supplying enough data to HAL, expected position 7737673 , only wrote 7737666
12-09 07:45:40.681 E/SurfaceFlinger( 1219): ro.sf.lcd_density must be defined as a build property
12-09 07:45:40.681 D/gralloc_ranchu( 1219): gralloc_alloc: Creating ashmem region of size 3686400
12-09 07:45:40.699 W/audio_hw_generic( 1308): Not supplying enough data to HAL, expected position 7738526 , only wrote 7738327
12-09 07:45:40.731 W/audio_hw_generic( 1308): Not supplying enough data to HAL, expected position 7739706 , only wrote 7739649
12-09 07:45:40.732 D/Mileage.ABS( 6186): Finished backup
12-09 07:45:40.736 D/Mileage.ABS( 6186): Not backing up; 32
12-09 07:45:40.736 D/Mileage.ABS( 6186): Not backing up; 32
12-09 07:45:40.740 D/Mileage.ABS( 6186): Not backing up; 36
12-09 07:45:40.764 D/        ( 6274): HostConnection::get() New Host Connection established 0x7f498ad92480, tid 6274
12-09 07:45:40.791 E/EGL_emulation( 1219): tid 1219: eglCreateSyncKHR(1881): error 0x3004 (EGL_BAD_ATTRIBUTE)
12-09 07:45:40.883 W/audio_hw_generic( 1308): Not supplying enough data to HAL, expected position 7746365 , only wrote 7746259
12-09 07:45:40.898 W/audio_hw_generic( 1308): Not supplying enough data to HAL, expected position 7746943 , only wrote 7746259
12-09 07:45:40.901 W/audio_hw_generic( 1308): Hardware backing HAL too slow, could only write 0 of 661 frames
12-09 07:45:40.917 W/audio_hw_generic( 1308): Hardware backing HAL too slow, could only write 0 of 661 frames
12-09 07:45:40.936 W/audio_hw_generic( 1308): Hardware backing HAL too slow, could only write 0 of 661 frames
12-09 07:45:40.963 W/audio_hw_generic( 1308): Hardware backing HAL too slow, could only write 0 of 661 frames
12-09 07:45:41.214 W/audio_hw_generic( 1308): Not supplying enough data to HAL, expected position 7760183 , only wrote 7759479
12-09 07:45:41.259 W/audio_hw_generic( 1308): Not supplying enough data to HAL, expected position 7761453 , only wrote 7760801
12-09 07:45:41.448 I/InputAttributes( 1891): InputType.TYPE_NULL is specified
12-09 07:45:41.514 W/audio_hw_generic( 1308): Not supplying enough data to HAL, expected position 7772050 , only wrote 7771377
12-09 07:45:41.514 W/audio_hw_generic( 1308): Not supplying enough data to HAL, expected position 7771383 , only wrote 7771377
12-09 07:45:41.518 I/Choreographer( 1891): Skipped 56 frames!  The application may be doing too much work on its main thread.
12-09 07:45:41.538 W/audio_hw_generic( 1308): Not supplying enough data to HAL, expected position 7772429 , only wrote 7772038
12-09 07:45:41.540 D/EGL_emulation( 1891): eglMakeCurrent: 0x7eff642346e0: ver 2 0 (tinfo 0x7eff586b0780)
12-09 07:45:41.559 E/Surface ( 1891): getSlotFromBufferLocked: unknown buffer: 0x7eff621c55a0
12-09 07:45:41.713 W/audio_hw_generic( 1308): Not supplying enough data to HAL, expected position 7779759 , only wrote 7778648
12-09 07:45:41.713 W/audio_hw_generic( 1308): Not supplying enough data to HAL, expected position 7778654 , only wrote 7778648
12-09 07:45:41.783 W/audio_hw_generic( 1308): Not supplying enough data to HAL, expected position 7781738 , only wrote 7779309
12-09 07:45:41.840 W/audio_hw_generic( 1308): Hardware backing HAL too slow, could only write 0 of 661 frames
12-09 07:45:41.854 W/audio_hw_generic( 1308): Hardware backing HAL too slow, could only write 0 of 661 frames
12-09 07:45:41.859 W/audio_hw_generic( 1308): Not supplying enough data to HAL, expected position 7782650 , only wrote 7782614
12-09 07:45:41.859 W/audio_hw_generic( 1308): Not supplying enough data to HAL, expected position 7782620 , only wrote 7782614
12-09 07:45:41.912 W/audio_hw_generic( 1308): Not supplying enough data to HAL, expected position 7784925 , only wrote 7784597
12-09 07:45:41.912 W/audio_hw_generic( 1308): Hardware backing HAL too slow, could only write 0 of 661 frames
12-09 07:45:41.928 W/audio_hw_generic( 1308): Hardware backing HAL too slow, could only write 0 of 661 frames
12-09 07:45:41.951 W/audio_hw_generic( 1308): Hardware backing HAL too slow, could only write 0 of 661 frames
12-09 07:45:41.953 I/System.out( 6186): URI: //map
12-09 07:45:41.953 I/System.out( 6186): params: {json={"query":"android.widget.ListView index:0 android.widget.TextView index:0","operation":{"method_name":"query","arguments":[]}}
12-09 07:45:41.953 I/System.out( 6186): }
12-09 07:45:42.035 W/audio_hw_generic( 1308): Hardware backing HAL too slow, could only write 0 of 661 frames
12-09 07:45:42.063 W/audio_hw_generic( 1308): Not supplying enough data to HAL, expected position 7791284 , only wrote 7791207
12-09 07:45:42.064 W/audio_hw_generic( 1308): Hardware backing HAL too slow, could only write 0 of 661 frames
12-09 07:45:42.083 W/audio_hw_generic( 1308): Hardware backing HAL too slow, could only write 0 of 661 frames
12-09 07:45:42.143 W/audio_hw_generic( 1308): Hardware backing HAL too slow, could only write 0 of 661 frames
12-09 07:45:42.143 W/audio_hw_generic( 1308): Not supplying enough data to HAL, expected position 7794731 , only wrote 7793851
12-09 07:45:42.143 W/audio_hw_generic( 1308): Not supplying enough data to HAL, expected position 7793856 , only wrote 7793851
12-09 07:45:42.145 W/art     ( 1592): Long monitor contention event with owner method=void com.android.server.wm.WindowAnimator$1.doFrame(long) from WindowAnimator.java:121 waiters=0 for 214ms
12-09 07:45:42.171 W/audio_hw_generic( 1308): Not supplying enough data to HAL, expected position 7795078 , only wrote 7794512
12-09 07:45:42.171 W/audio_hw_generic( 1308): Hardware backing HAL too slow, could only write 0 of 661 frames
12-09 07:45:42.171 W/audio_hw_generic( 1308): Hardware backing HAL too slow, could only write 0 of 661 frames
12-09 07:45:42.462 W/audio_hw_generic( 1308): Not supplying enough data to HAL, expected position 7807328 , only wrote 7805749
12-09 07:45:42.462 W/audio_hw_generic( 1308): Not supplying enough data to HAL, expected position 7805755 , only wrote 7805749
12-09 07:45:42.487 W/audio_hw_generic( 1308): Not supplying enough data to HAL, expected position 7806862 , only wrote 7806410
12-09 07:45:42.520 W/audio_hw_generic( 1308): Hardware backing HAL too slow, could only write 0 of 661 frames
12-09 07:45:42.587 I/System.out( 6186): URI: //gesture
12-09 07:45:42.591 I/System.out( 6186): params: {json={"query_timeout":5.0,"gestures":[{"query_string":"android.widget.ListView index:0 android.widget.TextView index:0","touches":[{"x":50,"y":50,"offset_x":0,"offset_y":0,"wait":0.0,"time":0.2,"release":true,"query_string":null}]}]}
12-09 07:45:42.591 I/System.out( 6186): }
12-09 07:45:42.628 I/art     ( 6186): Background sticky concurrent mark sweep GC freed 60935(2MB) AllocSpace objects, 3(60KB) LOS objects, 36% free, 3MB/5MB, paused 919us total 103.935ms
12-09 07:45:42.757 W/audio_hw_generic( 1308): Not supplying enough data to HAL, expected position 7818305 , only wrote 7816986
12-09 07:45:42.757 W/audio_hw_generic( 1308): Not supplying enough data to HAL, expected position 7816992 , only wrote 7816986
12-09 07:45:42.819 W/audio_hw_generic( 1308): Not supplying enough data to HAL, expected position 7819732 , only wrote 7817647
12-09 07:45:42.955 W/audio_hw_generic( 1308): Not supplying enough data to HAL, expected position 7823634 , only wrote 7823596
12-09 07:45:43.051 W/audio_hw_generic( 1308): Not supplying enough data to HAL, expected position 7827830 , only wrote 7827562
12-09 07:45:43.175 W/audio_hw_generic( 1308): Not supplying enough data to HAL, expected position 7833031 , only wrote 7832850
12-09 07:45:43.175 W/audio_hw_generic( 1308): Not supplying enough data to HAL, expected position 7832856 , only wrote 7832850
12-09 07:45:43.195 W/audio_hw_generic( 1308): Not supplying enough data to HAL, expected position 7833723 , only wrote 7833511
12-09 07:45:43.257 W/audio_hw_generic( 1308): Not supplying enough data to HAL, expected position 7836236 , only wrote 7836155
12-09 07:45:43.257 W/audio_hw_generic( 1308): Not supplying enough data to HAL, expected position 7836161 , only wrote 7836155
12-09 07:45:43.258 W/AudioFlinger( 1308): write blocked for 402 msecs, 1 delayed writes, thread 0xf4380000
12-09 07:45:43.283 W/audio_hw_generic( 1308): Not supplying enough data to HAL, expected position 7837303 , only wrote 7836816
12-09 07:45:43.451 I/Choreographer( 6186): Skipped 37 frames!  The application may be doing too much work on its main thread.
12-09 07:45:44.132 D/gralloc_ranchu( 1219): gralloc_alloc: Creating ashmem region of size 385024
12-09 07:45:44.521 D/gralloc_ranchu( 1219): gralloc_alloc: Creating ashmem region of size 385024
12-09 07:45:44.675 E/SurfaceFlinger( 1219): ro.sf.lcd_density must be defined as a build property
12-09 07:45:44.736 D/gralloc_ranchu( 1219): gralloc_alloc: Creating ashmem region of size 3686400
12-09 07:45:44.806 D/        ( 6283): HostConnection::get() New Host Connection established 0x7f7def3d2480, tid 6283
12-09 07:45:44.940 E/EGL_emulation( 1219): tid 1219: eglCreateSyncKHR(1881): error 0x3004 (EGL_BAD_ATTRIBUTE)
12-09 07:45:45.968 I/System.out( 6186): URI: //map
12-09 07:45:45.968 I/System.out( 6186): params: {json={"query":"android.widget.Button index:1","operation":{"method_name":"query","arguments":[]}}
12-09 07:45:45.968 I/System.out( 6186): }
12-09 07:45:46.363 I/System.out( 6186): URI: //map
12-09 07:45:46.364 I/System.out( 6186): params: {json={"query":"android.widget.Button index:1","operation":{"method_name":"query","arguments":[]}}
12-09 07:45:46.364 I/System.out( 6186): }
12-09 07:45:46.423 W/art     ( 6186): Suspending all threads took: 6.418ms
12-09 07:45:46.467 I/art     ( 6186): Background sticky concurrent mark sweep GC freed 65591(2MB) AllocSpace objects, 5(100KB) LOS objects, 35% free, 3MB/5MB, paused 11.633ms total 72.875ms
12-09 07:45:46.792 I/System.out( 6186): URI: //map
12-09 07:45:46.792 I/System.out( 6186): params: {json={"query":"android.widget.Button index:1","operation":{"method_name":"query","arguments":[]}}
12-09 07:45:46.792 I/System.out( 6186): }
12-09 07:45:47.182 I/System.out( 6186): URI: //map
12-09 07:45:47.183 I/System.out( 6186): params: {json={"query":"android.widget.Button index:1","operation":{"method_name":"query","arguments":[]}}
12-09 07:45:47.183 I/System.out( 6186): }
12-09 07:45:47.616 I/System.out( 6186): URI: //map
12-09 07:45:47.616 I/System.out( 6186): params: {json={"query":"android.widget.Button index:1","operation":{"method_name":"query","arguments":[]}}
12-09 07:45:47.616 I/System.out( 6186): }
12-09 07:45:47.733 I/art     ( 6186): Background sticky concurrent mark sweep GC freed 41104(1836KB) AllocSpace objects, 4(80KB) LOS objects, 21% free, 4MB/5MB, paused 984us total 113.453ms
12-09 07:45:48.172 I/System.out( 6186): URI: //map
12-09 07:45:48.172 I/System.out( 6186): params: {json={"query":"android.widget.Button index:1","operation":{"method_name":"query","arguments":[]}}
12-09 07:45:48.172 I/System.out( 6186): }
12-09 07:45:48.324 I/art     ( 6186): Background sticky concurrent mark sweep GC freed 68873(2MB) AllocSpace objects, 2(40KB) LOS objects, 35% free, 3MB/5MB, paused 1.487ms total 112.366ms
12-09 07:45:48.620 I/System.out( 6186): URI: //map
12-09 07:45:48.620 I/System.out( 6186): params: {json={"query":"android.widget.Button index:1","operation":{"method_name":"query","arguments":[]}}
12-09 07:45:48.620 I/System.out( 6186): }
12-09 07:45:49.040 I/System.out( 6186): URI: //map
12-09 07:45:49.041 I/System.out( 6186): params: {json={"query":"android.widget.Button index:1","operation":{"method_name":"query","arguments":[]}}
12-09 07:45:49.041 I/System.out( 6186): }
12-09 07:45:49.452 I/System.out( 6186): URI: //map
12-09 07:45:49.464 I/System.out( 6186): params: {json={"query":"android.widget.Button index:1","operation":{"method_name":"query","arguments":[]}}
12-09 07:45:49.464 I/System.out( 6186): }
12-09 07:45:49.808 I/System.out( 6186): URI: //map
12-09 07:45:49.808 I/System.out( 6186): params: {json={"query":"android.widget.Button index:1","operation":{"method_name":"query","arguments":[]}}
12-09 07:45:49.808 I/System.out( 6186): }
12-09 07:45:49.855 I/art     ( 6186): Background sticky concurrent mark sweep GC freed 36930(1665KB) AllocSpace objects, 3(60KB) LOS objects, 32% free, 3MB/5MB, paused 8.929ms total 20.301ms
12-09 07:45:50.196 I/System.out( 6186): URI: //map
12-09 07:45:50.196 I/System.out( 6186): params: {json={"query":"android.widget.Button index:1","operation":{"method_name":"query","arguments":[]}}
12-09 07:45:50.196 I/System.out( 6186): }
12-09 07:45:50.583 I/System.out( 6186): URI: //map
12-09 07:45:50.583 I/System.out( 6186): params: {json={"query":"android.widget.Button index:1","operation":{"method_name":"query","arguments":[]}}
12-09 07:45:50.583 I/System.out( 6186): }
12-09 07:45:50.727 I/art     ( 6186): Background sticky concurrent mark sweep GC freed 30894(1379KB) AllocSpace objects, 2(40KB) LOS objects, 22% free, 4MB/5MB, paused 1.978ms total 119.917ms
12-09 07:45:50.943 I/System.out( 6186): URI: //map
12-09 07:45:50.943 I/System.out( 6186): params: {json={"query":"android.widget.Button index:1","operation":{"method_name":"query","arguments":[]}}
12-09 07:45:50.943 I/System.out( 6186): }
12-09 07:45:51.323 I/System.out( 6186): URI: //map
12-09 07:45:51.323 I/System.out( 6186): params: {json={"query":"android.widget.Button index:1","operation":{"method_name":"query","arguments":[]}}
12-09 07:45:51.323 I/System.out( 6186): }
12-09 07:45:51.796 I/System.out( 6186): URI: //map
12-09 07:45:51.796 I/System.out( 6186): params: {json={"query":"android.widget.Button index:1","operation":{"method_name":"query","arguments":[]}}
12-09 07:45:51.796 I/System.out( 6186): }
12-09 07:45:52.203 I/System.out( 6186): URI: //map
12-09 07:45:52.203 I/System.out( 6186): params: {json={"query":"android.widget.Button index:1","operation":{"method_name":"query","arguments":[]}}
12-09 07:45:52.203 I/System.out( 6186): }
12-09 07:45:52.604 I/System.out( 6186): URI: //map
12-09 07:45:52.604 I/System.out( 6186): params: {json={"query":"android.widget.Button index:1","operation":{"method_name":"query","arguments":[]}}
12-09 07:45:52.604 I/System.out( 6186): }
12-09 07:45:52.997 I/System.out( 6186): URI: //map
12-09 07:45:52.997 I/System.out( 6186): params: {json={"query":"android.widget.Button index:1","operation":{"method_name":"query","arguments":[]}}
12-09 07:45:52.997 I/System.out( 6186): }
12-09 07:45:53.376 I/System.out( 6186): URI: //map
12-09 07:45:53.376 I/System.out( 6186): params: {json={"query":"android.widget.Button index:1","operation":{"method_name":"query","arguments":[]}}
12-09 07:45:53.376 I/System.out( 6186): }
12-09 07:45:53.806 I/System.out( 6186): URI: //map
12-09 07:45:53.806 I/System.out( 6186): params: {json={"query":"android.widget.Button index:1","operation":{"method_name":"query","arguments":[]}}
12-09 07:45:53.806 I/System.out( 6186): }
12-09 07:45:53.903 I/art     ( 6186): Background sticky concurrent mark sweep GC freed 36503(1584KB) AllocSpace objects, 2(40KB) LOS objects, 20% free, 4MB/5MB, paused 14.388ms total 51.383ms
12-09 07:45:54.203 I/System.out( 6186): URI: //map
12-09 07:45:54.203 I/System.out( 6186): params: {json={"query":"android.widget.Button index:1","operation":{"method_name":"query","arguments":[]}}
12-09 07:45:54.203 I/System.out( 6186): }
12-09 07:45:54.375 I/art     ( 6186): Background sticky concurrent mark sweep GC freed 36501(1584KB) AllocSpace objects, 2(40KB) LOS objects, 18% free, 4MB/5MB, paused 971us total 139.592ms
12-09 07:45:54.628 I/System.out( 6186): URI: //map
12-09 07:45:54.628 I/System.out( 6186): params: {json={"query":"android.widget.Button index:1","operation":{"method_name":"query","arguments":[]}}
12-09 07:45:54.628 I/System.out( 6186): }
12-09 07:45:54.671 W/art     ( 6186): Suspending all threads took: 6.062ms
12-09 07:45:54.707 I/art     ( 6186): Background sticky concurrent mark sweep GC freed 34288(1480KB) AllocSpace objects, 1(20KB) LOS objects, 14% free, 4MB/5MB, paused 7.190ms total 53.750ms
12-09 07:45:55.080 I/System.out( 6186): URI: //map
12-09 07:45:55.080 I/System.out( 6186): params: {json={"query":"android.widget.Button index:1","operation":{"method_name":"query","arguments":[]}}
12-09 07:45:55.080 I/System.out( 6186): }
12-09 07:45:55.462 I/System.out( 6186): URI: //map
12-09 07:45:55.462 I/System.out( 6186): params: {json={"query":"android.widget.Button index:1","operation":{"method_name":"query","arguments":[]}}
12-09 07:45:55.462 I/System.out( 6186): }
12-09 07:45:55.887 I/System.out( 6186): URI: //map
12-09 07:45:55.888 I/System.out( 6186): params: {json={"query":"android.widget.Button index:1","operation":{"method_name":"query","arguments":[]}}
12-09 07:45:55.888 I/System.out( 6186): }
12-09 07:45:56.243 I/System.out( 6186): URI: //map
12-09 07:45:56.243 I/System.out( 6186): params: {json={"query":"android.widget.Button index:1","operation":{"method_name":"query","arguments":[]}}
12-09 07:45:56.243 I/System.out( 6186): }
12-09 07:45:56.632 I/System.out( 6186): URI: //map
12-09 07:45:56.632 I/System.out( 6186): params: {json={"query":"android.widget.Button index:1","operation":{"method_name":"query","arguments":[]}}
12-09 07:45:56.632 I/System.out( 6186): }
12-09 07:45:57.044 I/System.out( 6186): URI: //map
12-09 07:45:57.044 I/System.out( 6186): params: {json={"query":"android.widget.Button index:1","operation":{"method_name":"query","arguments":[]}}
12-09 07:45:57.044 I/System.out( 6186): }
12-09 07:45:57.432 I/System.out( 6186): URI: //map
12-09 07:45:57.432 I/System.out( 6186): params: {json={"query":"android.widget.Button index:1","operation":{"method_name":"query","arguments":[]}}
12-09 07:45:57.432 I/System.out( 6186): }
12-09 07:45:57.828 I/System.out( 6186): URI: //map
12-09 07:45:57.828 I/System.out( 6186): params: {json={"query":"android.widget.Button index:1","operation":{"method_name":"query","arguments":[]}}
12-09 07:45:57.828 I/System.out( 6186): }
12-09 07:45:57.883 I/art     ( 6186): Background sticky concurrent mark sweep GC freed 36938(1666KB) AllocSpace objects, 3(60KB) LOS objects, 35% free, 2MB/4MB, paused 5.050ms total 15.117ms
12-09 07:45:58.183 I/System.out( 6186): URI: //map
12-09 07:45:58.183 I/System.out( 6186): params: {json={"query":"android.widget.Button index:1","operation":{"method_name":"query","arguments":[]}}
12-09 07:45:58.183 I/System.out( 6186): }
12-09 07:45:58.576 I/System.out( 6186): URI: //map
12-09 07:45:58.576 I/System.out( 6186): params: {json={"query":"android.widget.Button index:1","operation":{"method_name":"query","arguments":[]}}
12-09 07:45:58.576 I/System.out( 6186): }
12-09 07:45:58.923 I/System.out( 6186): URI: //map
12-09 07:45:58.923 I/System.out( 6186): params: {json={"query":"android.widget.Button index:1","operation":{"method_name":"query","arguments":[]}}
12-09 07:45:58.923 I/System.out( 6186): }
12-09 07:45:59.299 I/System.out( 6186): URI: //map
12-09 07:45:59.299 I/System.out( 6186): params: {json={"query":"android.widget.Button index:1","operation":{"method_name":"query","arguments":[]}}
12-09 07:45:59.300 I/System.out( 6186): }
12-09 07:45:59.676 I/System.out( 6186): URI: //map
12-09 07:45:59.676 I/System.out( 6186): params: {json={"query":"android.widget.Button index:1","operation":{"method_name":"query","arguments":[]}}
12-09 07:45:59.676 I/System.out( 6186): }
12-09 07:46:00.031 I/System.out( 6186): URI: //map
12-09 07:46:00.031 I/System.out( 6186): params: {json={"query":"android.widget.Button index:1","operation":{"method_name":"query","arguments":[]}}
12-09 07:46:00.032 I/System.out( 6186): }
12-09 07:46:00.256 D/hwcomposer( 1219): hw_composer sent 480 syncs in 60s
12-09 07:46:00.409 I/System.out( 6186): URI: //map
12-09 07:46:00.409 I/System.out( 6186): params: {json={"query":"android.widget.Button index:1","operation":{"method_name":"query","arguments":[]}}
12-09 07:46:00.409 I/System.out( 6186): }
12-09 07:46:00.511 I/art     ( 6186): Background sticky concurrent mark sweep GC freed 36938(1666KB) AllocSpace objects, 3(60KB) LOS objects, 35% free, 2MB/4MB, paused 6.832ms total 44.404ms
12-09 07:46:00.800 I/System.out( 6186): URI: //map
12-09 07:46:00.800 I/System.out( 6186): params: {json={"query":"android.widget.Button index:1","operation":{"method_name":"query","arguments":[]}}
12-09 07:46:00.800 I/System.out( 6186): }
12-09 07:46:01.180 I/System.out( 6186): URI: //map
12-09 07:46:01.180 I/System.out( 6186): params: {json={"query":"android.widget.Button index:1","operation":{"method_name":"query","arguments":[]}}
12-09 07:46:01.180 I/System.out( 6186): }
12-09 07:46:01.567 I/System.out( 6186): URI: //map
12-09 07:46:01.568 I/System.out( 6186): params: {json={"query":"android.widget.Button index:1","operation":{"method_name":"query","arguments":[]}}
12-09 07:46:01.568 I/System.out( 6186): }
12-09 07:46:01.972 I/System.out( 6186): URI: //map
12-09 07:46:01.972 I/System.out( 6186): params: {json={"query":"android.widget.Button index:1","operation":{"method_name":"query","arguments":[]}}
12-09 07:46:01.972 I/System.out( 6186): }
12-09 07:46:02.391 I/System.out( 6186): URI: //map
12-09 07:46:02.391 I/System.out( 6186): params: {json={"query":"android.widget.Button index:1","operation":{"method_name":"query","arguments":[]}}
12-09 07:46:02.391 I/System.out( 6186): }
12-09 07:46:02.871 I/System.out( 6186): URI: //map
12-09 07:46:02.871 I/System.out( 6186): params: {json={"query":"android.widget.Button index:1","operation":{"method_name":"query","arguments":[]}}
12-09 07:46:02.871 I/System.out( 6186): }
12-09 07:46:03.303 I/System.out( 6186): URI: //map
12-09 07:46:03.303 I/System.out( 6186): params: {json={"query":"android.widget.Button index:1","operation":{"method_name":"query","arguments":[]}}
12-09 07:46:03.303 I/System.out( 6186): }
12-09 07:46:03.676 I/System.out( 6186): URI: //map
12-09 07:46:03.676 I/System.out( 6186): params: {json={"query":"android.widget.Button index:1","operation":{"method_name":"query","arguments":[]}}
12-09 07:46:03.676 I/System.out( 6186): }
12-09 07:46:04.044 I/System.out( 6186): URI: //map
12-09 07:46:04.044 I/System.out( 6186): params: {json={"query":"android.widget.Button index:1","operation":{"method_name":"query","arguments":[]}}
12-09 07:46:04.044 I/System.out( 6186): }
12-09 07:46:04.485 I/System.out( 6186): URI: //map
12-09 07:46:04.485 I/System.out( 6186): params: {json={"query":"android.widget.Button index:1","operation":{"method_name":"query","arguments":[]}}
12-09 07:46:04.485 I/System.out( 6186): }
12-09 07:46:04.527 W/art     ( 6186): Suspending all threads took: 7.342ms
12-09 07:46:04.554 I/art     ( 6186): Background sticky concurrent mark sweep GC freed 46456(2025KB) AllocSpace objects, 2(40KB) LOS objects, 16% free, 3MB/4MB, paused 12.001ms total 57.995ms
12-09 07:46:04.883 I/System.out( 6186): URI: //map
12-09 07:46:04.884 I/System.out( 6186): params: {json={"query":"android.widget.Button index:1","operation":{"method_name":"query","arguments":[]}}
12-09 07:46:04.884 I/System.out( 6186): }
12-09 07:46:05.260 I/System.out( 6186): URI: //map
12-09 07:46:05.267 I/System.out( 6186): params: {json={"query":"android.widget.Button index:1","operation":{"method_name":"query","arguments":[]}}
12-09 07:46:05.267 I/System.out( 6186): }
12-09 07:46:05.667 I/System.out( 6186): URI: //map
12-09 07:46:05.667 I/System.out( 6186): params: {json={"query":"android.widget.Button index:1","operation":{"method_name":"query","arguments":[]}}
12-09 07:46:05.667 I/System.out( 6186): }
12-09 07:46:06.042 I/System.out( 6186): URI: //map
12-09 07:46:06.042 I/System.out( 6186): params: {json={"query":"android.widget.Button index:1","operation":{"method_name":"query","arguments":[]}}
12-09 07:46:06.042 I/System.out( 6186): }
12-09 07:46:06.448 I/System.out( 6186): URI: //map
12-09 07:46:06.448 I/System.out( 6186): params: {json={"query":"android.widget.Button index:1","operation":{"method_name":"query","arguments":[]}}
12-09 07:46:06.448 I/System.out( 6186): }
12-09 07:46:06.895 I/art     ( 6186): Background partial concurrent mark sweep GC freed 41028(2MB) AllocSpace objects, 19(384KB) LOS objects, 39% free, 2MB/4MB, paused 1.193ms total 366.055ms
12-09 07:46:07.187 I/System.out( 6186): URI: //map
12-09 07:46:07.187 I/System.out( 6186): params: {json={"query":"android.widget.Button index:1","operation":{"method_name":"query","arguments":[]}}
12-09 07:46:07.187 I/System.out( 6186): }
12-09 07:46:07.555 I/System.out( 6186): URI: //map
12-09 07:46:07.555 I/System.out( 6186): params: {json={"query":"android.widget.Button index:1","operation":{"method_name":"query","arguments":[]}}
12-09 07:46:07.556 I/System.out( 6186): }
12-09 07:46:07.919 I/System.out( 6186): URI: //map
12-09 07:46:07.919 I/System.out( 6186): params: {json={"query":"android.widget.Button index:1","operation":{"method_name":"query","arguments":[]}}
12-09 07:46:07.919 I/System.out( 6186): }
12-09 07:46:08.343 I/System.out( 6186): URI: //map
12-09 07:46:08.343 I/System.out( 6186): params: {json={"query":"android.widget.Button index:1","operation":{"method_name":"query","arguments":[]}}
12-09 07:46:08.343 I/System.out( 6186): }
12-09 07:46:08.716 I/System.out( 6186): URI: //map
12-09 07:46:08.716 I/System.out( 6186): params: {json={"query":"android.widget.Button index:1","operation":{"method_name":"query","arguments":[]}}
12-09 07:46:08.716 I/System.out( 6186): }
12-09 07:46:09.088 I/System.out( 6186): URI: //map
12-09 07:46:09.088 I/System.out( 6186): params: {json={"query":"android.widget.Button index:1","operation":{"method_name":"query","arguments":[]}}
12-09 07:46:09.088 I/System.out( 6186): }
12-09 07:46:09.280 I/art     ( 6186): Background sticky concurrent mark sweep GC freed 36514(1597KB) AllocSpace objects, 2(40KB) LOS objects, 34% free, 2MB/4MB, paused 9.952ms total 68.777ms
12-09 07:46:09.564 I/System.out( 6186): URI: //map
12-09 07:46:09.564 I/System.out( 6186): params: {json={"query":"android.widget.Button index:1","operation":{"method_name":"query","arguments":[]}}
12-09 07:46:09.564 I/System.out( 6186): }
12-09 07:46:09.952 I/System.out( 6186): URI: //map
12-09 07:46:09.952 I/System.out( 6186): params: {json={"query":"android.widget.Button index:1","operation":{"method_name":"query","arguments":[]}}
12-09 07:46:09.952 I/System.out( 6186): }
12-09 07:46:10.344 I/System.out( 6186): URI: //map
12-09 07:46:10.344 I/System.out( 6186): params: {json={"query":"android.widget.Button index:1","operation":{"method_name":"query","arguments":[]}}
12-09 07:46:10.344 I/System.out( 6186): }
12-09 07:46:10.559 I/art     ( 6186): Background sticky concurrent mark sweep GC freed 36748(1591KB) AllocSpace objects, 2(40KB) LOS objects, 28% free, 3MB/4MB, paused 963us total 148.749ms
12-09 07:46:10.764 I/System.out( 6186): URI: //map
12-09 07:46:10.764 I/System.out( 6186): params: {json={"query":"android.widget.Button index:1","operation":{"method_name":"query","arguments":[]}}
12-09 07:46:10.764 I/System.out( 6186): }
12-09 07:46:11.212 I/System.out( 6186): URI: //map
12-09 07:46:11.212 I/System.out( 6186): params: {json={"query":"android.widget.Button index:1","operation":{"method_name":"query","arguments":[]}}
12-09 07:46:11.212 I/System.out( 6186): }
12-09 07:46:11.624 I/System.out( 6186): URI: //map
12-09 07:46:11.624 I/System.out( 6186): params: {json={"query":"android.widget.Button index:1","operation":{"method_name":"query","arguments":[]}}
12-09 07:46:11.624 I/System.out( 6186): }
12-09 07:46:12.056 I/System.out( 6186): URI: //map
12-09 07:46:12.056 I/System.out( 6186): params: {json={"query":"android.widget.Button index:1","operation":{"method_name":"query","arguments":[]}}
12-09 07:46:12.056 I/System.out( 6186): }
12-09 07:46:12.428 I/System.out( 6186): URI: //map
12-09 07:46:12.428 I/System.out( 6186): params: {json={"query":"android.widget.Button index:1","operation":{"method_name":"query","arguments":[]}}
12-09 07:46:12.428 I/System.out( 6186): }
12-09 07:46:12.807 I/System.out( 6186): URI: //map
12-09 07:46:12.807 I/System.out( 6186): params: {json={"query":"android.widget.Button index:1","operation":{"method_name":"query","arguments":[]}}
12-09 07:46:12.807 I/System.out( 6186): }
12-09 07:46:13.204 I/System.out( 6186): URI: //map
12-09 07:46:13.211 I/System.out( 6186): params: {json={"query":"android.widget.Button index:1","operation":{"method_name":"query","arguments":[]}}
12-09 07:46:13.211 I/System.out( 6186): }
12-09 07:46:13.256 W/art     ( 6186): Suspending all threads took: 7.339ms
12-09 07:46:13.299 I/art     ( 6186): Background sticky concurrent mark sweep GC freed 36380(1580KB) AllocSpace objects, 1(20KB) LOS objects, 13% free, 3MB/4MB, paused 11.779ms total 68.495ms
12-09 07:46:13.664 I/System.out( 6186): URI: //map
12-09 07:46:13.664 I/System.out( 6186): params: {json={"query":"android.widget.Button index:1","operation":{"method_name":"query","arguments":[]}}
12-09 07:46:13.664 I/System.out( 6186): }
12-09 07:46:13.723 W/art     ( 6186): Suspending all threads took: 11.086ms
12-09 07:46:13.764 I/art     ( 6186): Background sticky concurrent mark sweep GC freed 36222(1576KB) AllocSpace objects, 2(40KB) LOS objects, 10% free, 4MB/4MB, paused 12.189ms total 68.258ms
12-09 07:46:14.136 I/System.out( 6186): URI: //map
12-09 07:46:14.136 I/System.out( 6186): params: {json={"query":"android.widget.Button index:1","operation":{"method_name":"query","arguments":[]}}
12-09 07:46:14.136 I/System.out( 6186): }
12-09 07:46:14.183 W/art     ( 6186): Suspending all threads took: 10.675ms
12-09 07:46:14.214 I/art     ( 6186): Background sticky concurrent mark sweep GC freed 36060(1572KB) AllocSpace objects, 2(40KB) LOS objects, 7% free, 4MB/4MB, paused 11.797ms total 70.217ms
