12-09 07:44:06.731 I/System.out( 6240): params: {json={"query_timeout":5.0,"gestures":[{"query_string":"android.widget.Button index:2","touches":[{"x":50,"y":50,"offset_x":0,"offset_y":0,"wait":0.0,"time":0.2,"release":true,"query_string":null}]}]}
12-09 07:44:06.731 I/System.out( 6240): }
12-09 07:44:07.134 W/audio_hw_generic( 1306): Hardware backing HAL too slow, could only write 0 of 661 frames
12-09 07:44:07.144 W/audio_hw_generic( 1306): Hardware backing HAL too slow, could only write 0 of 661 frames
12-09 07:44:07.288 W/audio_hw_generic( 1306): Hardware backing HAL too slow, could only write 0 of 661 frames
12-09 07:44:07.323 W/audio_hw_generic( 1306): Not supplying enough data to HAL, expected position 7852698 , only wrote 7852019
12-09 07:44:07.323 W/audio_hw_generic( 1306): Hardware backing HAL too slow, could only write 0 of 661 frames
12-09 07:44:07.359 W/audio_hw_generic( 1306): Not supplying enough data to HAL, expected position 7853594 , only wrote 7853341
12-09 07:44:07.359 W/audio_hw_generic( 1306): Hardware backing HAL too slow, could only write 0 of 661 frames
12-09 07:44:07.359 W/audio_hw_generic( 1306): Hardware backing HAL too slow, could only write 0 of 661 frames
12-09 07:44:07.391 W/audio_hw_generic( 1306): Hardware backing HAL too slow, could only write 0 of 661 frames
12-09 07:44:07.459 I/calabash( 6240): newActivity1
12-09 07:44:07.479 W/ActivityManager( 1593): Bad activity token: android.os.BinderProxy@b53afac
12-09 07:44:07.479 W/ActivityManager( 1593): java.lang.ClassCastException: android.os.BinderProxy cannot be cast to com.android.server.am.ActivityRecord$Token
12-09 07:44:07.479 W/ActivityManager( 1593): 	at com.android.server.am.ActivityRecord.forTokenLocked(ActivityRecord.java:424)
12-09 07:44:07.479 W/ActivityManager( 1593): 	at com.android.server.am.ActivityRecord.isInStackLocked(ActivityRecord.java:1121)
12-09 07:44:07.479 W/ActivityManager( 1593): 	at com.android.server.am.ActivityRecord.getStackLocked(ActivityRecord.java:1126)
12-09 07:44:07.479 W/ActivityManager( 1593): 	at com.android.server.am.ActivityManagerService.getActivityDisplayId(ActivityManagerService.java:8889)
12-09 07:44:07.479 W/ActivityManager( 1593): 	at android.app.ActivityManagerNative.onTransact(ActivityManagerNative.java:2338)
12-09 07:44:07.479 W/ActivityManager( 1593): 	at com.android.server.am.ActivityManagerService.onTransact(ActivityManagerService.java:2443)
12-09 07:44:07.479 W/ActivityManager( 1593): 	at android.os.Binder.execTransact(Binder.java:453)
12-09 07:44:07.480 W/ActivityManager( 1593): Bad activity token: android.os.BinderProxy@b53afac
12-09 07:44:07.480 W/ActivityManager( 1593): java.lang.ClassCastException: android.os.BinderProxy cannot be cast to com.android.server.am.ActivityRecord$Token
12-09 07:44:07.480 W/ActivityManager( 1593): 	at com.android.server.am.ActivityRecord.forTokenLocked(ActivityRecord.java:424)
12-09 07:44:07.480 W/ActivityManager( 1593): 	at com.android.server.am.ActivityRecord.isInStackLocked(ActivityRecord.java:1121)
12-09 07:44:07.480 W/ActivityManager( 1593): 	at com.android.server.am.ActivityManagerService.setTaskDescription(ActivityManagerService.java:8547)
12-09 07:44:07.480 W/ActivityManager( 1593): 	at android.app.ActivityManagerNative.onTransact(ActivityManagerNative.java:2410)
12-09 07:44:07.480 W/ActivityManager( 1593): 	at com.android.server.am.ActivityManagerService.onTransact(ActivityManagerService.java:2443)
12-09 07:44:07.480 W/ActivityManager( 1593): 	at android.os.Binder.execTransact(Binder.java:453)
12-09 07:44:07.527 W/ActivityManager( 1593): Bad activity token: android.os.BinderProxy@b53afac
12-09 07:44:07.527 W/ActivityManager( 1593): java.lang.ClassCastException: android.os.BinderProxy cannot be cast to com.android.server.am.ActivityRecord$Token
12-09 07:44:07.527 W/ActivityManager( 1593): 	at com.android.server.am.ActivityRecord.forTokenLocked(ActivityRecord.java:424)
12-09 07:44:07.527 W/ActivityManager( 1593): 	at com.android.server.am.ActivityRecord.isInStackLocked(ActivityRecord.java:1121)
12-09 07:44:07.527 W/ActivityManager( 1593): 	at com.android.server.am.ActivityManagerService.getActivityOptions(ActivityManagerService.java:11038)
12-09 07:44:07.527 W/ActivityManager( 1593): 	at android.app.ActivityManagerNative.onTransact(ActivityManagerNative.java:1734)
12-09 07:44:07.527 W/ActivityManager( 1593): 	at com.android.server.am.ActivityManagerService.onTransact(ActivityManagerService.java:2443)
12-09 07:44:07.527 W/ActivityManager( 1593): 	at android.os.Binder.execTransact(Binder.java:453)
12-09 07:44:07.528 W/ActivityManager( 1593): Bad activity token: android.os.BinderProxy@b53afac
12-09 07:44:07.528 W/ActivityManager( 1593): java.lang.ClassCastException: android.os.BinderProxy cannot be cast to com.android.server.am.ActivityRecord$Token
12-09 07:44:07.528 W/ActivityManager( 1593): 	at com.android.server.am.ActivityRecord.forTokenLocked(ActivityRecord.java:424)
12-09 07:44:07.528 W/ActivityManager( 1593): 	at com.android.server.am.ActivityRecord.isInStackLocked(ActivityRecord.java:1121)
12-09 07:44:07.528 W/ActivityManager( 1593): 	at com.android.server.am.ActivityManagerService.getActivityOptions(ActivityManagerService.java:11038)
12-09 07:44:07.528 W/ActivityManager( 1593): 	at android.app.ActivityManagerNative.onTransact(ActivityManagerNative.java:1734)
12-09 07:44:07.528 W/ActivityManager( 1593): 	at com.android.server.am.ActivityManagerService.onTransact(ActivityManagerService.java:2443)
12-09 07:44:07.528 W/ActivityManager( 1593): 	at android.os.Binder.execTransact(Binder.java:453)
12-09 07:44:07.540 I/Choreographer( 6240): Skipped 31 frames!  The application may be doing too much work on its main thread.
12-09 07:44:07.546 W/audio_hw_generic( 1306): Hardware backing HAL too slow, could only write 0 of 661 frames
12-09 07:44:07.566 E/SurfaceFlinger( 1218): ro.sf.lcd_density must be defined as a build property
12-09 07:44:07.567 D/gralloc_ranchu( 1218): gralloc_alloc: Creating ashmem region of size 3686400
12-09 07:44:07.568 I/art     ( 6240): Background sticky concurrent mark sweep GC freed 21314(1072KB) AllocSpace objects, 1(20KB) LOS objects, 26% free, 2MB/3MB, paused 5.446ms total 60.129ms
12-09 07:44:07.617 I/LatinIME( 1874): Starting input. Cursor position = -1,-1
12-09 07:44:07.669 D/Mileage.ABS( 6240): Finished backup
12-09 07:44:07.673 D/        ( 6298): HostConnection::get() New Host Connection established 0x7f8cdbb12480, tid 6298
12-09 07:44:07.676 D/Mileage.ABS( 6240): Not backing up; 9
12-09 07:44:07.676 D/Mileage.ABS( 6240): Not backing up; 9
12-09 07:44:07.689 D/Mileage ( 6240): Not enough fillups to calculate economy
12-09 07:44:07.736 E/EGL_emulation( 1218): tid 1218: eglCreateSyncKHR(1881): error 0x3004 (EGL_BAD_ATTRIBUTE)
12-09 07:44:07.739 W/audio_hw_generic( 1306): Hardware backing HAL too slow, could only write 0 of 661 frames
12-09 07:44:07.831 W/audio_hw_generic( 1306): Not supplying enough data to HAL, expected position 7874148 , only wrote 7873832
12-09 07:44:07.831 W/audio_hw_generic( 1306): Not supplying enough data to HAL, expected position 7873839 , only wrote 7873832
12-09 07:44:07.846 W/audio_hw_generic( 1306): Not supplying enough data to HAL, expected position 7874494 , only wrote 7874493
12-09 07:44:07.962 W/audio_hw_generic( 1306): Not supplying enough data to HAL, expected position 7879620 , only wrote 7878459
12-09 07:44:08.039 W/audio_hw_generic( 1306): Not supplying enough data to HAL, expected position 7881843 , only wrote 7881764
12-09 07:44:08.039 W/audio_hw_generic( 1306): Not supplying enough data to HAL, expected position 7881770 , only wrote 7881764
12-09 07:44:08.067 W/audio_hw_generic( 1306): Not supplying enough data to HAL, expected position 7883003 , only wrote 7882425
12-09 07:44:08.170 W/audio_hw_generic( 1306): Hardware backing HAL too slow, could only write 0 of 661 frames
12-09 07:44:08.190 W/audio_hw_generic( 1306): Hardware backing HAL too slow, could only write 0 of 661 frames
12-09 07:44:08.214 I/InputAttributes( 1874): InputType.TYPE_NULL is specified
12-09 07:44:08.277 W/audio_hw_generic( 1306): Not supplying enough data to HAL, expected position 7891684 , only wrote 7891018
12-09 07:44:08.277 W/audio_hw_generic( 1306): Not supplying enough data to HAL, expected position 7891024 , only wrote 7891018
12-09 07:44:08.295 W/audio_hw_generic( 1306): Not supplying enough data to HAL, expected position 7891792 , only wrote 7891679
12-09 07:44:08.295 W/audio_hw_generic( 1306): Hardware backing HAL too slow, could only write 0 of 661 frames
12-09 07:44:08.338 W/audio_hw_generic( 1306): Hardware backing HAL too slow, could only write 0 of 661 frames
12-09 07:44:08.361 I/Choreographer( 1874): Skipped 46 frames!  The application may be doing too much work on its main thread.
12-09 07:44:08.367 W/audio_hw_generic( 1306): Hardware backing HAL too slow, could only write 0 of 661 frames
12-09 07:44:08.367 W/audio_hw_generic( 1306): Hardware backing HAL too slow, could only write 0 of 661 frames
12-09 07:44:08.390 W/audio_hw_generic( 1306): Not supplying enough data to HAL, expected position 7895893 , only wrote 7895645
12-09 07:44:08.484 D/EGL_emulation( 1874): eglMakeCurrent: 0x7f50eff7df60: ver 2 0 (tinfo 0x7f50ebea67a0)
12-09 07:44:08.486 E/Surface ( 1874): getSlotFromBufferLocked: unknown buffer: 0x7f50e3d028c0
12-09 07:44:08.635 W/audio_hw_generic( 1306): Not supplying enough data to HAL, expected position 7906432 , only wrote 7904899
12-09 07:44:08.635 W/audio_hw_generic( 1306): Not supplying enough data to HAL, expected position 7904905 , only wrote 7904899
12-09 07:44:08.651 W/audio_hw_generic( 1306): Not supplying enough data to HAL, expected position 7905592 , only wrote 7905560
12-09 07:44:08.651 W/audio_hw_generic( 1306): Hardware backing HAL too slow, could only write 0 of 661 frames
12-09 07:44:08.681 W/audio_hw_generic( 1306): Not supplying enough data to HAL, expected position 7906892 , only wrote 7906882
12-09 07:44:08.681 W/audio_hw_generic( 1306): Hardware backing HAL too slow, could only write 0 of 661 frames
12-09 07:44:08.701 W/audio_hw_generic( 1306): Hardware backing HAL too slow, could only write 0 of 661 frames
12-09 07:44:08.702 I/System.out( 6240): URI: //gesture
12-09 07:44:08.702 I/System.out( 6240): params: {json={"query_timeout":5.0,"gestures":[{"query_string":"android.widget.TabWidget descendant TextView index:0","touches":[{"x":50,"y":50,"offset_x":0,"offset_y":0,"wait":0.0,"time":0.2,"release":true,"query_string":null}]}]}
12-09 07:44:08.702 I/System.out( 6240): }
12-09 07:44:08.723 W/audio_hw_generic( 1306): Hardware backing HAL too slow, could only write 0 of 661 frames
12-09 07:44:08.735 W/audio_hw_generic( 1306): Hardware backing HAL too slow, could only write 0 of 661 frames
12-09 07:44:08.791 W/audio_hw_generic( 1306): Not supplying enough data to HAL, expected position 7911732 , only wrote 7910848
12-09 07:44:08.791 W/audio_hw_generic( 1306): Not supplying enough data to HAL, expected position 7910855 , only wrote 7910848
12-09 07:44:08.867 W/audio_hw_generic( 1306): Not supplying enough data to HAL, expected position 7914198 , only wrote 7911509
12-09 07:44:08.959 W/audio_hw_generic( 1306): Hardware backing HAL too slow, could only write 0 of 661 frames
12-09 07:44:09.084 W/CursorWrapperInner( 6240): Cursor finalized without prior close()
12-09 07:44:09.085 W/audio_hw_generic( 1306): Not supplying enough data to HAL, expected position 7921117 , only wrote 7919441
12-09 07:44:09.085 W/audio_hw_generic( 1306): Not supplying enough data to HAL, expected position 7919447 , only wrote 7919441
12-09 07:44:09.221 W/audio_hw_generic( 1306): Not supplying enough data to HAL, expected position 7925425 , only wrote 7925390
12-09 07:44:09.221 W/audio_hw_generic( 1306): Not supplying enough data to HAL, expected position 7925396 , only wrote 7925390
12-09 07:44:09.303 W/audio_hw_generic( 1306): Hardware backing HAL too slow, could only write 0 of 661 frames
12-09 07:44:09.320 W/audio_hw_generic( 1306): Hardware backing HAL too slow, could only write 0 of 661 frames
12-09 07:44:09.334 W/audio_hw_generic( 1306): Hardware backing HAL too slow, could only write 0 of 661 frames
12-09 07:44:09.525 W/audio_hw_generic( 1306): Not supplying enough data to HAL, expected position 7938797 , only wrote 7938610
12-09 07:44:09.543 W/audio_hw_generic( 1306): Not supplying enough data to HAL, expected position 7939391 , only wrote 7939271
12-09 07:44:09.571 D/AudioFlinger( 1306): mixer(0xf4380000) throttle end: throttle time(11)
12-09 07:44:09.647 W/audio_hw_generic( 1306): Not supplying enough data to HAL, expected position 7943866 , only wrote 7943237
12-09 07:44:09.647 W/audio_hw_generic( 1306): Not supplying enough data to HAL, expected position 7943243 , only wrote 7943237
12-09 07:44:09.672 W/audio_hw_generic( 1306): Not supplying enough data to HAL, expected position 7944331 , only wrote 7943898
12-09 07:44:09.783 W/audio_hw_generic( 1306): Not supplying enough data to HAL, expected position 7948784 , only wrote 7946542
12-09 07:44:09.787 W/audio_hw_generic( 1306): Not supplying enough data to HAL, expected position 7946716 , only wrote 7946542
12-09 07:44:09.847 W/audio_hw_generic( 1306): Hardware backing HAL too slow, could only write 0 of 661 frames
12-09 07:44:09.867 W/audio_hw_generic( 1306): Hardware backing HAL too slow, could only write 0 of 661 frames
12-09 07:44:09.877 W/audio_hw_generic( 1306): Hardware backing HAL too slow, could only write 0 of 661 frames
12-09 07:44:09.911 W/audio_hw_generic( 1306): Hardware backing HAL too slow, could only write 0 of 661 frames
12-09 07:44:10.604 W/audio_hw_generic( 1306): Not supplying enough data to HAL, expected position 7982562 , only wrote 7981575
12-09 07:44:10.604 W/audio_hw_generic( 1306): Not supplying enough data to HAL, expected position 7981581 , only wrote 7981575
12-09 07:44:10.619 W/audio_hw_generic( 1306): Not supplying enough data to HAL, expected position 7982249 , only wrote 7982236
12-09 07:44:10.632 I/System.out( 6240): URI: //map
12-09 07:44:10.632 I/System.out( 6240): params: {json={"query":"android.widget.EditText id:'price'","operation":{"method_name":"query","arguments":[]}}
12-09 07:44:10.632 I/System.out( 6240): }
12-09 07:44:10.724 W/audio_hw_generic( 1306): Not supplying enough data to HAL, expected position 7986882 , only wrote 7986863
12-09 07:44:10.725 W/audio_hw_generic( 1306): Not supplying enough data to HAL, expected position 7986869 , only wrote 7986863
12-09 07:44:10.735 W/ResourceType( 6240): No package identifier when getting name for resource number 0x00000001
12-09 07:44:10.918 W/audio_hw_generic( 1306): Not supplying enough data to HAL, expected position 7995392 , only wrote 7992151
12-09 07:44:10.918 W/audio_hw_generic( 1306): Not supplying enough data to HAL, expected position 7992158 , only wrote 7992151
12-09 07:44:10.991 I/System.out( 6240): URI: //gesture
12-09 07:44:10.991 I/System.out( 6240): params: {json={"query_timeout":5.0,"gestures":[{"query_string":"android.widget.EditText id:'price'","touches":[{"x":50,"y":50,"offset_x":0,"offset_y":0,"wait":0.0,"time":0.2,"release":true,"query_string":null}]}]}
12-09 07:44:10.991 I/System.out( 6240): }
12-09 07:44:10.995 W/audio_hw_generic( 1306): Not supplying enough data to HAL, expected position 7995541 , only wrote 7992812
12-09 07:44:11.083 W/audio_hw_generic( 1306): Not supplying enough data to HAL, expected position 7996704 , only wrote 7996117
12-09 07:44:11.083 W/audio_hw_generic( 1306): Not supplying enough data to HAL, expected position 7996123 , only wrote 7996117
12-09 07:44:11.159 W/audio_hw_generic( 1306): Hardware backing HAL too slow, could only write 0 of 661 frames
12-09 07:44:11.168 W/audio_hw_generic( 1306): Hardware backing HAL too slow, could only write 0 of 661 frames
12-09 07:44:11.198 W/audio_hw_generic( 1306): Hardware backing HAL too slow, could only write 0 of 661 frames
12-09 07:44:11.244 W/audio_hw_generic( 1306): Not supplying enough data to HAL, expected position 8003205 , only wrote 8002727
12-09 07:44:11.244 W/audio_hw_generic( 1306): Not supplying enough data to HAL, expected position 8002734 , only wrote 8002727
12-09 07:44:11.273 W/audio_hw_generic( 1306): Not supplying enough data to HAL, expected position 8004004 , only wrote 8003388
12-09 07:44:11.291 W/audio_hw_generic( 1306): Hardware backing HAL too slow, could only write 0 of 661 frames
12-09 07:44:11.307 W/audio_hw_generic( 1306): Hardware backing HAL too slow, could only write 0 of 661 frames
12-09 07:44:11.321 W/audio_hw_generic( 1306): Hardware backing HAL too slow, could only write 0 of 661 frames
12-09 07:44:11.325 W/ResourceType( 6240): No package identifier when getting name for resource number 0x00000001
12-09 07:44:11.419 W/audio_hw_generic( 1306): Hardware backing HAL too slow, could only write 0 of 661 frames
12-09 07:44:11.427 W/audio_hw_generic( 1306): Not supplying enough data to HAL, expected position 8010156 , only wrote 8007354
12-09 07:44:11.433 W/audio_hw_generic( 1306): Not supplying enough data to HAL, expected position 8007647 , only wrote 8007354
12-09 07:44:11.471 W/audio_hw_generic( 1306): Not supplying enough data to HAL, expected position 8009022 , only wrote 8008676
12-09 07:44:11.651 W/audio_hw_generic( 1306): Hardware backing HAL too slow, could only write 0 of 661 frames
12-09 07:44:11.703 W/audio_hw_generic( 1306): Hardware backing HAL too slow, could only write 0 of 661 frames
12-09 07:44:11.703 W/audio_hw_generic( 1306): Not supplying enough data to HAL, expected position 8018900 , only wrote 8017930
12-09 07:44:11.703 W/audio_hw_generic( 1306): Not supplying enough data to HAL, expected position 8017935 , only wrote 8017930
12-09 07:44:11.725 W/audio_hw_generic( 1306): Not supplying enough data to HAL, expected position 8018869 , only wrote 8018591
12-09 07:44:11.771 W/audio_hw_generic( 1306): Not supplying enough data to HAL, expected position 8020639 , only wrote 8019913
12-09 07:44:11.803 W/audio_hw_generic( 1306): Not supplying enough data to HAL, expected position 8021323 , only wrote 8021235
12-09 07:44:11.817 I/LatinIME( 1874): Starting input. Cursor position = 0,0
12-09 07:44:11.925 I/art     ( 6240): Background sticky concurrent mark sweep GC freed 45349(2MB) AllocSpace objects, 2(40KB) LOS objects, 37% free, 2MB/4MB, paused 2.663ms total 109.149ms
12-09 07:44:11.971 W/audio_hw_generic( 1306): Not supplying enough data to HAL, expected position 8028648 , only wrote 8028506
12-09 07:44:11.971 W/audio_hw_generic( 1306): Not supplying enough data to HAL, expected position 8028512 , only wrote 8028506
12-09 07:44:11.987 W/audio_hw_generic( 1306): Not supplying enough data to HAL, expected position 8029201 , only wrote 8029167
12-09 07:44:12.042 D/EGL_emulation( 1874): eglMakeCurrent: 0x7f50eff7df60: ver 2 0 (tinfo 0x7f50ebea67a0)
12-09 07:44:12.055 W/audio_hw_generic( 1306): Hardware backing HAL too slow, could only write 0 of 661 frames
12-09 07:44:12.123 W/audio_hw_generic( 1306): Not supplying enough data to HAL, expected position 8035165 , only wrote 8034455
12-09 07:44:12.123 W/audio_hw_generic( 1306): Not supplying enough data to HAL, expected position 8034461 , only wrote 8034455
12-09 07:44:12.152 W/audio_hw_generic( 1306): Not supplying enough data to HAL, expected position 8035743 , only wrote 8035116
12-09 07:44:12.282 W/audio_hw_generic( 1306): Hardware backing HAL too slow, could only write 0 of 661 frames
12-09 07:44:12.322 W/audio_hw_generic( 1306): Not supplying enough data to HAL, expected position 8042592 , only wrote 8042387
12-09 07:44:12.322 W/audio_hw_generic( 1306): Not supplying enough data to HAL, expected position 8042393 , only wrote 8042387
12-09 07:44:12.322 W/audio_hw_generic( 1306): Hardware backing HAL too slow, could only write 0 of 661 frames
12-09 07:44:12.339 W/audio_hw_generic( 1306): Not supplying enough data to HAL, expected position 8043113 , only wrote 8043048
12-09 07:44:12.339 W/audio_hw_generic( 1306): Hardware backing HAL too slow, could only write 0 of 661 frames
12-09 07:44:12.342 W/audio_hw_generic( 1306): Hardware backing HAL too slow, could only write 0 of 661 frames
12-09 07:44:12.359 W/audio_hw_generic( 1306): Hardware backing HAL too slow, could only write 0 of 661 frames
12-09 07:44:12.374 W/audio_hw_generic( 1306): Hardware backing HAL too slow, could only write 0 of 661 frames
12-09 07:44:12.391 W/audio_hw_generic( 1306): Hardware backing HAL too slow, could only write 0 of 661 frames
12-09 07:44:12.440 W/audio_hw_generic( 1306): Not supplying enough data to HAL, expected position 8047524 , only wrote 8047014
12-09 07:44:12.440 W/audio_hw_generic( 1306): Not supplying enough data to HAL, expected position 8047020 , only wrote 8047014
12-09 07:44:12.478 I/System.out( 6240): URI: //
12-09 07:44:12.479 I/System.out( 6240): params: {json={"command":"set_selection","arguments":[-1,-1]}
12-09 07:44:12.479 I/System.out( 6240): }
12-09 07:44:12.500 I/System.out( 6240): header: {date=Sun, 09 Dec 2018 07:44:12 GMT, accept=*/*, content-length=47, host=127.0.0.1:34777, user-agent=HTTPClient/1.0 (2.8.3, ruby 2.3.1 (2016-04-26)), content-type=application/json;charset=utf-8}
12-09 07:44:12.500 I/System.out( 6240): params: {json={"command":"set_selection","arguments":[-1,-1]}
12-09 07:44:12.500 I/System.out( 6240): }
12-09 07:44:12.500 I/System.out( 6240): ProP json = {"command":"set_selection","arguments":[-1,-1]}
12-09 07:44:12.500 I/System.out( 6240): files: {}
12-09 07:44:12.500 I/System.out( 6240): command: {"command":"set_selection","arguments":[-1,-1]}
12-09 07:44:12.501 I/InstrumentationBackend( 6240): Got command:'Command:'Line:null,set_selection', arguments:'[-1, -1]'
12-09 07:44:12.507 W/audio_hw_generic( 1306): Hardware backing HAL too slow, could only write 0 of 661 frames
12-09 07:44:12.525 W/audio_hw_generic( 1306): Hardware backing HAL too slow, could only write 0 of 661 frames
12-09 07:44:12.526 I/System.out( 6240): result:{"bonusInformation":[],"message":"","success":true}
12-09 07:44:12.534 W/audio_hw_generic( 1306): Hardware backing HAL too slow, could only write 0 of 661 frames
12-09 07:44:12.549 W/audio_hw_generic( 1306): Hardware backing HAL too slow, could only write 0 of 661 frames
12-09 07:44:12.722 W/audio_hw_generic( 1306): Not supplying enough data to HAL, expected position 8067949 , only wrote 8056268
12-09 07:44:12.951 I/System.out( 6240): URI: //
12-09 07:44:12.952 I/System.out( 6240): params: {json={"command":"keyboard_enter_text","arguments":["54"]}
12-09 07:44:12.952 I/System.out( 6240): }
12-09 07:44:12.952 I/System.out( 6240): header: {date=Sun, 09 Dec 2018 07:44:13 GMT, accept=*/*, content-length=52, host=127.0.0.1:34777, user-agent=HTTPClient/1.0 (2.8.3, ruby 2.3.1 (2016-04-26)), content-type=application/json;charset=utf-8}
12-09 07:44:12.952 I/System.out( 6240): params: {json={"command":"keyboard_enter_text","arguments":["54"]}
12-09 07:44:12.952 I/System.out( 6240): }
12-09 07:44:12.952 I/System.out( 6240): ProP json = {"command":"keyboard_enter_text","arguments":["54"]}
12-09 07:44:12.952 I/System.out( 6240): files: {}
12-09 07:44:12.952 I/System.out( 6240): command: {"command":"keyboard_enter_text","arguments":["54"]}
12-09 07:44:12.956 I/InstrumentationBackend( 6240): Got command:'Command:'Line:null,keyboard_enter_text', arguments:'[54]'
12-09 07:44:12.985 E/SpannableStringBuilder( 6240): SPAN_EXCLUSIVE_EXCLUSIVE spans cannot have a zero length
12-09 07:44:12.985 E/SpannableStringBuilder( 6240): SPAN_EXCLUSIVE_EXCLUSIVE spans cannot have a zero length
12-09 07:44:13.068 E/SpannableStringBuilder( 6240): SPAN_EXCLUSIVE_EXCLUSIVE spans cannot have a zero length
12-09 07:44:13.068 E/SpannableStringBuilder( 6240): SPAN_EXCLUSIVE_EXCLUSIVE spans cannot have a zero length
12-09 07:44:13.104 I/System.out( 6240): result:{"bonusInformation":[],"message":"","success":true}
12-09 07:44:13.160 I/art     ( 6240): Background sticky concurrent mark sweep GC freed 28132(1344KB) AllocSpace objects, 7(140KB) LOS objects, 38% free, 2MB/4MB, paused 20.098ms total 53.164ms
12-09 07:44:13.161 I/System.out( 6240): URI: //map
12-09 07:44:13.161 I/System.out( 6240): params: {json={"query":"android.widget.EditText id:'volume'","operation":{"method_name":"query","arguments":[]}}
12-09 07:44:13.161 I/System.out( 6240): }
12-09 07:44:13.193 W/ResourceType( 6240): No package identifier when getting name for resource number 0x00000001
12-09 07:44:13.377 I/art     ( 6240): Background sticky concurrent mark sweep GC freed 45083(2026KB) AllocSpace objects, 2(40KB) LOS objects, 35% free, 2MB/4MB, paused 997us total 105.060ms
12-09 07:44:13.427 I/System.out( 6240): URI: //gesture
12-09 07:44:13.431 I/System.out( 6240): params: {json={"query_timeout":5.0,"gestures":[{"query_string":"android.widget.EditText id:'volume'","touches":[{"x":50,"y":50,"offset_x":0,"offset_y":0,"wait":0.0,"time":0.2,"release":true,"query_string":null}]}]}
12-09 07:44:13.431 I/System.out( 6240): }
12-09 07:44:13.451 W/ResourceType( 6240): No package identifier when getting name for resource number 0x00000001
12-09 07:44:13.892 I/LatinIME( 1874): Starting input. Cursor position = 0,0
12-09 07:44:14.512 I/System.out( 6240): URI: //
12-09 07:44:14.512 I/System.out( 6240): params: {json={"command":"set_selection","arguments":[-1,-1]}
12-09 07:44:14.513 I/System.out( 6240): }
12-09 07:44:14.513 I/System.out( 6240): header: {date=Sun, 09 Dec 2018 07:44:14 GMT, accept=*/*, content-length=47, host=127.0.0.1:34777, user-agent=HTTPClient/1.0 (2.8.3, ruby 2.3.1 (2016-04-26)), content-type=application/json;charset=utf-8}
12-09 07:44:14.513 I/System.out( 6240): params: {json={"command":"set_selection","arguments":[-1,-1]}
12-09 07:44:14.513 I/System.out( 6240): }
12-09 07:44:14.513 I/System.out( 6240): ProP json = {"command":"set_selection","arguments":[-1,-1]}
12-09 07:44:14.513 I/System.out( 6240): files: {}
12-09 07:44:14.513 I/System.out( 6240): command: {"command":"set_selection","arguments":[-1,-1]}
12-09 07:44:14.514 I/InstrumentationBackend( 6240): Got command:'Command:'Line:null,set_selection', arguments:'[-1, -1]'
12-09 07:44:14.545 I/System.out( 6240): result:{"bonusInformation":[],"message":"","success":true}
12-09 07:44:14.598 I/art     ( 6240): Background sticky concurrent mark sweep GC freed 28527(1397KB) AllocSpace objects, 4(80KB) LOS objects, 33% free, 2MB/4MB, paused 8.669ms total 33.304ms
12-09 07:44:14.676 I/System.out( 6240): URI: //
12-09 07:44:14.676 I/System.out( 6240): params: {json={"command":"keyboard_enter_text","arguments":["100"]}
12-09 07:44:14.676 I/System.out( 6240): }
12-09 07:44:14.676 I/System.out( 6240): header: {date=Sun, 09 Dec 2018 07:44:14 GMT, accept=*/*, content-length=53, host=127.0.0.1:34777, user-agent=HTTPClient/1.0 (2.8.3, ruby 2.3.1 (2016-04-26)), content-type=application/json;charset=utf-8}
12-09 07:44:14.676 I/System.out( 6240): params: {json={"command":"keyboard_enter_text","arguments":["100"]}
12-09 07:44:14.676 I/System.out( 6240): }
12-09 07:44:14.676 I/System.out( 6240): ProP json = {"command":"keyboard_enter_text","arguments":["100"]}
12-09 07:44:14.676 I/System.out( 6240): files: {}
12-09 07:44:14.676 I/System.out( 6240): command: {"command":"keyboard_enter_text","arguments":["100"]}
12-09 07:44:14.677 I/InstrumentationBackend( 6240): Got command:'Command:'Line:null,keyboard_enter_text', arguments:'[100]'
12-09 07:44:14.678 E/SpannableStringBuilder( 6240): SPAN_EXCLUSIVE_EXCLUSIVE spans cannot have a zero length
12-09 07:44:14.678 E/SpannableStringBuilder( 6240): SPAN_EXCLUSIVE_EXCLUSIVE spans cannot have a zero length
12-09 07:44:14.689 E/SpannableStringBuilder( 6240): SPAN_EXCLUSIVE_EXCLUSIVE spans cannot have a zero length
12-09 07:44:14.689 E/SpannableStringBuilder( 6240): SPAN_EXCLUSIVE_EXCLUSIVE spans cannot have a zero length
12-09 07:44:14.694 I/System.out( 6240): result:{"bonusInformation":[],"message":"","success":true}
12-09 07:44:14.760 I/System.out( 6240): URI: //map
12-09 07:44:14.760 I/System.out( 6240): params: {json={"query":"android.widget.EditText id:'odometer'","operation":{"method_name":"query","arguments":[]}}
12-09 07:44:14.760 I/System.out( 6240): }
12-09 07:44:14.802 W/ResourceType( 6240): No package identifier when getting name for resource number 0x00000001
12-09 07:44:15.048 I/System.out( 6240): URI: //gesture
12-09 07:44:15.049 I/System.out( 6240): params: {json={"query_timeout":5.0,"gestures":[{"query_string":"android.widget.EditText id:'odometer'","touches":[{"x":50,"y":50,"offset_x":0,"offset_y":0,"wait":0.0,"time":0.2,"release":true,"query_string":null}]}]}
12-09 07:44:15.049 I/System.out( 6240): }
12-09 07:44:15.070 W/ResourceType( 6240): No package identifier when getting name for resource number 0x00000001
12-09 07:44:15.071 I/art     ( 6240): Background partial concurrent mark sweep GC freed 38030(1987KB) AllocSpace objects, 5(100KB) LOS objects, 40% free, 3MB/5MB, paused 9.859ms total 123.708ms
12-09 07:44:15.781 I/LatinIME( 1874): Starting input. Cursor position = 0,0
12-09 07:44:16.323 I/System.out( 6240): URI: //
12-09 07:44:16.327 I/System.out( 6240): params: {json={"command":"set_selection","arguments":[-1,-1]}
12-09 07:44:16.327 I/System.out( 6240): }
12-09 07:44:16.327 I/System.out( 6240): header: {date=Sun, 09 Dec 2018 07:44:16 GMT, accept=*/*, content-length=47, host=127.0.0.1:34777, user-agent=HTTPClient/1.0 (2.8.3, ruby 2.3.1 (2016-04-26)), content-type=application/json;charset=utf-8}
12-09 07:44:16.327 I/System.out( 6240): params: {json={"command":"set_selection","arguments":[-1,-1]}
12-09 07:44:16.327 I/System.out( 6240): }
12-09 07:44:16.327 I/System.out( 6240): ProP json = {"command":"set_selection","arguments":[-1,-1]}
12-09 07:44:16.327 I/System.out( 6240): files: {}
12-09 07:44:16.327 I/System.out( 6240): command: {"command":"set_selection","arguments":[-1,-1]}
12-09 07:44:16.328 I/InstrumentationBackend( 6240): Got command:'Command:'Line:null,set_selection', arguments:'[-1, -1]'
12-09 07:44:16.838 W/SurfaceFlinger( 1218): Timed out waiting for hw vsync; faking it
12-09 07:44:16.934 W/RichInputConnection( 1874): Slow InputConnection: RELOAD_TEXT_CACHE took 1096 ms.
12-09 07:44:17.037 I/System.out( 6240): result:{"bonusInformation":[],"message":"","success":true}
12-09 07:44:17.073 I/Choreographer( 1874): Skipped 79 frames!  The application may be doing too much work on its main thread.
12-09 07:44:17.110 I/art     ( 6240): Background sticky concurrent mark sweep GC freed 59265(2MB) AllocSpace objects, 5(100KB) LOS objects, 51% free, 2MB/5MB, paused 9.483ms total 62.219ms
12-09 07:44:17.410 I/System.out( 6240): URI: //
12-09 07:44:17.410 I/System.out( 6240): params: {json={"command":"keyboard_enter_text","arguments":["14"]}
12-09 07:44:17.410 I/System.out( 6240): }
12-09 07:44:17.410 I/System.out( 6240): header: {date=Sun, 09 Dec 2018 07:44:17 GMT, accept=*/*, content-length=52, host=127.0.0.1:34777, user-agent=HTTPClient/1.0 (2.8.3, ruby 2.3.1 (2016-04-26)), content-type=application/json;charset=utf-8}
12-09 07:44:17.410 I/System.out( 6240): params: {json={"command":"keyboard_enter_text","arguments":["14"]}
12-09 07:44:17.410 I/System.out( 6240): }
12-09 07:44:17.411 I/System.out( 6240): ProP json = {"command":"keyboard_enter_text","arguments":["14"]}
12-09 07:44:17.411 I/System.out( 6240): files: {}
12-09 07:44:17.411 I/System.out( 6240): command: {"command":"keyboard_enter_text","arguments":["14"]}
12-09 07:44:17.412 I/InstrumentationBackend( 6240): Got command:'Command:'Line:null,keyboard_enter_text', arguments:'[14]'
12-09 07:44:17.412 E/SpannableStringBuilder( 6240): SPAN_EXCLUSIVE_EXCLUSIVE spans cannot have a zero length
12-09 07:44:17.412 E/SpannableStringBuilder( 6240): SPAN_EXCLUSIVE_EXCLUSIVE spans cannot have a zero length
12-09 07:44:17.414 E/SpannableStringBuilder( 6240): SPAN_EXCLUSIVE_EXCLUSIVE spans cannot have a zero length
12-09 07:44:17.414 E/SpannableStringBuilder( 6240): SPAN_EXCLUSIVE_EXCLUSIVE spans cannot have a zero length
12-09 07:44:17.446 I/System.out( 6240): result:{"bonusInformation":[],"message":"","success":true}
12-09 07:44:18.476 I/System.out( 6240): URI: //map
12-09 07:44:18.476 I/System.out( 6240): params: {json={"query":"android.widget.Button index:2","operation":{"method_name":"query","arguments":[]}}
12-09 07:44:18.476 I/System.out( 6240): }
12-09 07:44:18.799 I/System.out( 6240): URI: //gesture
12-09 07:44:18.800 I/System.out( 6240): params: {json={"query_timeout":5.0,"gestures":[{"query_string":"android.widget.Button index:2","touches":[{"x":50,"y":50,"offset_x":0,"offset_y":0,"wait":0.0,"time":0.2,"release":true,"query_string":null}]}]}
12-09 07:44:18.800 I/System.out( 6240): }
12-09 07:44:18.824 I/art     ( 6240): Background sticky concurrent mark sweep GC freed 61095(2MB) AllocSpace objects, 5(100KB) LOS objects, 33% free, 3MB/5MB, paused 8.854ms total 231.528ms
12-09 07:44:19.263 D/AudioFlinger( 1306): mixer(0xf4380000) throttle end: throttle time(10)
12-09 07:44:19.273 W/audio_hw_generic( 1306): Hardware backing HAL too slow, could only write 0 of 661 frames
12-09 07:44:19.291 W/audio_hw_generic( 1306): Hardware backing HAL too slow, could only write 0 of 661 frames
12-09 07:44:19.316 I/art     ( 6240): Background partial concurrent mark sweep GC freed 52211(2MB) AllocSpace objects, 7(140KB) LOS objects, 40% free, 2MB/4MB, paused 9.080ms total 41.650ms
12-09 07:44:19.580 I/LatinIME( 1874): Starting input. Cursor position = -1,-1
12-09 07:44:19.659 W/audio_hw_generic( 1306): Hardware backing HAL too slow, could only write 0 of 661 frames
12-09 07:44:19.687 W/audio_hw_generic( 1306): Hardware backing HAL too slow, could only write 0 of 661 frames
12-09 07:44:19.716 E/SurfaceFlinger( 1218): ro.sf.lcd_density must be defined as a build property
12-09 07:44:19.737 D/gralloc_ranchu( 1218): gralloc_alloc: Creating ashmem region of size 3686400
12-09 07:44:19.782 W/audio_hw_generic( 1306): Not supplying enough data to HAL, expected position 8080751 , only wrote 8080725
12-09 07:44:19.783 D/Mileage.ABS( 6240): Finished backup
12-09 07:44:19.788 D/Mileage.ABS( 6240): Not backing up; 30
12-09 07:44:19.788 D/Mileage.ABS( 6240): Not backing up; 30
12-09 07:44:19.788 D/Mileage.ABS( 6240): Not backing up; 30
12-09 07:44:19.809 D/        ( 6327): HostConnection::get() New Host Connection established 0x7f8041652480, tid 6327
12-09 07:44:19.834 E/EGL_emulation( 1218): tid 1218: eglCreateSyncKHR(1881): error 0x3004 (EGL_BAD_ATTRIBUTE)
12-09 07:44:19.933 W/audio_hw_generic( 1306): Not supplying enough data to HAL, expected position 8087388 , only wrote 8084691
12-09 07:44:19.934 W/audio_hw_generic( 1306): Not supplying enough data to HAL, expected position 8084697 , only wrote 8084691
12-09 07:44:19.997 W/audio_hw_generic( 1306): Hardware backing HAL too slow, could only write 0 of 661 frames
12-09 07:44:20.149 W/audio_hw_generic( 1306): Not supplying enough data to HAL, expected position 8094165 , only wrote 8092623
12-09 07:44:20.149 W/audio_hw_generic( 1306): Not supplying enough data to HAL, expected position 8092639 , only wrote 8092623
12-09 07:44:20.167 W/audio_hw_generic( 1306): Not supplying enough data to HAL, expected position 8093426 , only wrote 8093284
12-09 07:44:20.212 W/audio_hw_generic( 1306): Hardware backing HAL too slow, could only write 0 of 661 frames
12-09 07:44:20.227 W/audio_hw_generic( 1306): Hardware backing HAL too slow, could only write 0 of 661 frames
12-09 07:44:20.306 W/RichInputConnection( 1874): Slow InputConnection: GET_TEXT_BEFORE_CURSOR took 252 ms.
12-09 07:44:20.463 I/InputAttributes( 1874): InputType.TYPE_NULL is specified
12-09 07:44:20.518 I/Choreographer( 1874): Skipped 52 frames!  The application may be doing too much work on its main thread.
12-09 07:44:20.660 D/EGL_emulation( 1874): eglMakeCurrent: 0x7f50eff7df60: ver 2 0 (tinfo 0x7f50ebea67a0)
12-09 07:44:20.707 W/audio_hw_generic( 1306): Not supplying enough data to HAL, expected position 8117101 , only wrote 8113775
12-09 07:44:20.707 W/audio_hw_generic( 1306): Not supplying enough data to HAL, expected position 8113781 , only wrote 8113775
12-09 07:44:20.839 W/audio_hw_generic( 1306): Not supplying enough data to HAL, expected position 8119586 , only wrote 8114436
12-09 07:44:20.882 E/Surface ( 1874): getSlotFromBufferLocked: unknown buffer: 0x7f50e3d02820
12-09 07:44:20.943 I/System.out( 6240): URI: //map
12-09 07:44:20.943 I/System.out( 6240): params: {json={"query":"android.widget.ListView index:0 android.widget.TextView index:0","operation":{"method_name":"query","arguments":[]}}
12-09 07:44:20.943 I/System.out( 6240): }
12-09 07:44:21.132 W/audio_hw_generic( 1306): Not supplying enough data to HAL, expected position 8127358 , only wrote 8124351
12-09 07:44:21.132 W/audio_hw_generic( 1306): Not supplying enough data to HAL, expected position 8124357 , only wrote 8124351
12-09 07:44:21.149 W/audio_hw_generic( 1306): Not supplying enough data to HAL, expected position 8125070 , only wrote 8125012
12-09 07:44:21.374 W/audio_hw_generic( 1306): Hardware backing HAL too slow, could only write 0 of 661 frames
12-09 07:44:21.387 W/audio_hw_generic( 1306): Hardware backing HAL too slow, could only write 0 of 661 frames
12-09 07:44:21.403 W/audio_hw_generic( 1306): Hardware backing HAL too slow, could only write 0 of 661 frames
12-09 07:44:21.423 W/audio_hw_generic( 1306): Hardware backing HAL too slow, could only write 0 of 661 frames
12-09 07:44:21.439 W/audio_hw_generic( 1306): Hardware backing HAL too slow, could only write 0 of 661 frames
12-09 07:44:21.481 W/audio_hw_generic( 1306): Not supplying enough data to HAL, expected position 8139654 , only wrote 8138893
12-09 07:44:21.481 W/audio_hw_generic( 1306): Not supplying enough data to HAL, expected position 8138900 , only wrote 8138893
12-09 07:44:21.481 W/audio_hw_generic( 1306): Hardware backing HAL too slow, could only write 0 of 661 frames
12-09 07:44:21.497 W/audio_hw_generic( 1306): Not supplying enough data to HAL, expected position 8139613 , only wrote 8139554
12-09 07:44:21.497 W/audio_hw_generic( 1306): Hardware backing HAL too slow, could only write 0 of 661 frames
12-09 07:44:21.497 W/audio_hw_generic( 1306): Hardware backing HAL too slow, could only write 0 of 661 frames
12-09 07:44:21.519 W/audio_hw_generic( 1306): Hardware backing HAL too slow, could only write 0 of 661 frames
12-09 07:44:21.534 W/audio_hw_generic( 1306): Hardware backing HAL too slow, could only write 0 of 661 frames
12-09 07:44:21.591 W/audio_hw_generic( 1306): Not supplying enough data to HAL, expected position 8143698 , only wrote 8143520
12-09 07:44:21.591 W/audio_hw_generic( 1306): Not supplying enough data to HAL, expected position 8143527 , only wrote 8143520
12-09 07:44:21.615 W/audio_hw_generic( 1306): Not supplying enough data to HAL, expected position 8144590 , only wrote 8144181
12-09 07:44:21.687 W/audio_hw_generic( 1306): Hardware backing HAL too slow, could only write 0 of 661 frames
12-09 07:44:21.709 W/audio_hw_generic( 1306): Hardware backing HAL too slow, could only write 0 of 661 frames
12-09 07:44:21.743 W/audio_hw_generic( 1306): Not supplying enough data to HAL, expected position 8149806 , only wrote 8149469
12-09 07:44:21.743 W/audio_hw_generic( 1306): Not supplying enough data to HAL, expected position 8149476 , only wrote 8149469
12-09 07:44:21.763 W/audio_hw_generic( 1306): Not supplying enough data to HAL, expected position 8150342 , only wrote 8150130
12-09 07:44:21.852 I/System.out( 6240): URI: //gesture
12-09 07:44:21.852 I/System.out( 6240): params: {json={"query_timeout":5.0,"gestures":[{"query_string":"android.widget.ListView index:0 android.widget.TextView index:0","touches":[{"x":50,"y":50,"offset_x":0,"offset_y":0,"wait":0.0,"time":0.2,"release":true,"query_string":null}]}]}
12-09 07:44:21.852 I/System.out( 6240): }
12-09 07:44:22.027 W/audio_hw_generic( 1306): Not supplying enough data to HAL, expected position 8161761 , only wrote 8158723
12-09 07:44:22.038 W/audio_hw_generic( 1306): Not supplying enough data to HAL, expected position 8159226 , only wrote 8158723
12-09 07:44:22.131 W/audio_hw_generic( 1306): Not supplying enough data to HAL, expected position 8162826 , only wrote 8159384
12-09 07:44:22.240 W/audio_hw_generic( 1306): Not supplying enough data to HAL, expected position 8164165 , only wrote 8164011
12-09 07:44:22.240 W/audio_hw_generic( 1306): Not supplying enough data to HAL, expected position 8164020 , only wrote 8164011
12-09 07:44:22.255 W/audio_hw_generic( 1306): Not supplying enough data to HAL, expected position 8164677 , only wrote 8164672
12-09 07:44:22.323 W/audio_hw_generic( 1306): Not supplying enough data to HAL, expected position 8167670 , only wrote 8167316
12-09 07:44:22.323 W/audio_hw_generic( 1306): Not supplying enough data to HAL, expected position 8167325 , only wrote 8167316
12-09 07:44:22.464 I/ActivityManager( 1593): START u0 {cmp=com.evancharlton.mileage/.FillupInfoActivity (has extras)} from uid 10119 on display 0
12-09 07:44:22.498 D/AudioFlinger( 1306): mixer(0xf4380000) throttle end: throttle time(11)
12-09 07:44:22.523 W/audio_hw_generic( 1306): Hardware backing HAL too slow, could only write 0 of 661 frames
12-09 07:44:22.549 W/audio_hw_generic( 1306): Hardware backing HAL too slow, could only write 0 of 661 frames
12-09 07:44:22.555 I/art     ( 6240): Background sticky concurrent mark sweep GC freed 39970(1731KB) AllocSpace objects, 1(20KB) LOS objects, 34% free, 2MB/4MB, paused 1.035ms total 120.101ms
12-09 07:44:22.567 W/audio_hw_generic( 1306): Hardware backing HAL too slow, could only write 0 of 661 frames
12-09 07:44:22.583 W/audio_hw_generic( 1306): Hardware backing HAL too slow, could only write 0 of 661 frames
12-09 07:44:22.629 I/calabash( 6240): newActivity1
12-09 07:44:22.779 W/audio_hw_generic( 1306): Hardware backing HAL too slow, could only write 0 of 661 frames
12-09 07:44:22.892 V/PhoneStatusBar( 1722): setLightsOn(true)
12-09 07:44:22.953 D/gralloc_ranchu( 1218): gralloc_alloc: Creating ashmem region of size 3686400
12-09 07:44:23.055 E/SurfaceFlinger( 1218): ro.sf.lcd_density must be defined as a build property
12-09 07:44:23.155 D/gralloc_ranchu( 1218): gralloc_alloc: Creating ashmem region of size 3686400
12-09 07:44:23.159 W/audio_hw_generic( 1306): Not supplying enough data to HAL, expected position 8197558 , only wrote 8197061
12-09 07:44:23.159 W/audio_hw_generic( 1306): Not supplying enough data to HAL, expected position 8197067 , only wrote 8197061
12-09 07:44:23.175 D/        ( 6335): HostConnection::get() New Host Connection established 0x7f3eb5592480, tid 6335
12-09 07:44:23.224 E/EGL_emulation( 1218): tid 1218: eglCreateSyncKHR(1881): error 0x3004 (EGL_BAD_ATTRIBUTE)
12-09 07:44:23.230 W/audio_hw_generic( 1306): Not supplying enough data to HAL, expected position 8200187 , only wrote 8197722
12-09 07:44:23.312 I/ActivityManager( 1593): Displayed com.evancharlton.mileage/.FillupInfoActivity: +688ms
12-09 07:44:23.374 W/audio_hw_generic( 1306): Not supplying enough data to HAL, expected position 8204086 , only wrote 8203010
12-09 07:44:23.375 W/audio_hw_generic( 1306): Hardware backing HAL too slow, could only write 0 of 661 frames
12-09 07:44:23.415 W/audio_hw_generic( 1306): Not supplying enough data to HAL, expected position 8204818 , only wrote 8204332
12-09 07:44:23.415 W/audio_hw_generic( 1306): Hardware backing HAL too slow, could only write 0 of 661 frames
12-09 07:44:23.416 W/audio_hw_generic( 1306): Hardware backing HAL too slow, could only write 0 of 661 frames
12-09 07:44:23.456 W/audio_hw_generic( 1306): Hardware backing HAL too slow, could only write 0 of 661 frames
12-09 07:44:23.524 D/gralloc_ranchu( 1218): gralloc_alloc: Creating ashmem region of size 3686400
12-09 07:44:23.748 W/audio_hw_generic( 1306): Not supplying enough data to HAL, expected position 8219012 , only wrote 8218213
12-09 07:44:23.748 W/audio_hw_generic( 1306): Not supplying enough data to HAL, expected position 8218219 , only wrote 8218213
12-09 07:44:23.771 W/audio_hw_generic( 1306): Not supplying enough data to HAL, expected position 8219186 , only wrote 8218874
12-09 07:44:23.787 W/audio_hw_generic( 1306): Not supplying enough data to HAL, expected position 8219618 , only wrote 8219535
12-09 07:44:23.788 W/audio_hw_generic( 1306): Not supplying enough data to HAL, expected position 8219541 , only wrote 8219535
12-09 07:44:23.803 W/audio_hw_generic( 1306): Not supplying enough data to HAL, expected position 8220205 , only wrote 8220196
12-09 07:44:24.055 W/audio_hw_generic( 1306): Not supplying enough data to HAL, expected position 8231325 , only wrote 8228789
12-09 07:44:24.055 W/audio_hw_generic( 1306): Not supplying enough data to HAL, expected position 8228795 , only wrote 8228789
12-09 07:44:24.079 W/audio_hw_generic( 1306): Not supplying enough data to HAL, expected position 8229832 , only wrote 8229450
12-09 07:44:24.135 W/audio_hw_generic( 1306): Hardware backing HAL too slow, could only write 0 of 661 frames
12-09 07:44:24.146 W/audio_hw_generic( 1306): Hardware backing HAL too slow, could only write 0 of 661 frames
12-09 07:44:24.367 W/audio_hw_generic( 1306): Not supplying enough data to HAL, expected position 8242142 , only wrote 8241348
12-09 07:44:24.407 W/audio_hw_generic( 1306): Not supplying enough data to HAL, expected position 8243111 , only wrote 8242670
12-09 07:44:24.468 I/System.out( 6240): URI: //map
12-09 07:44:24.468 I/System.out( 6240): params: {json={"query":"android.widget.Button index:1","operation":{"method_name":"query","arguments":[]}}
12-09 07:44:24.468 I/System.out( 6240): }
12-09 07:44:24.492 D/gralloc_ranchu( 1218): gralloc_alloc: Creating ashmem region of size 3686400
12-09 07:44:24.517 I/art     ( 6240): Background partial concurrent mark sweep GC freed 32951(1782KB) AllocSpace objects, 4(80KB) LOS objects, 40% free, 2MB/4MB, paused 969us total 277.560ms
12-09 07:44:24.563 W/audio_hw_generic( 1306): Not supplying enough data to HAL, expected position 8249565 , only wrote 8248619
12-09 07:44:24.665 W/audio_hw_generic( 1306): Hardware backing HAL too slow, could only write 0 of 661 frames
12-09 07:44:24.665 W/audio_hw_generic( 1306): Hardware backing HAL too slow, could only write 0 of 661 frames
12-09 07:44:24.685 W/audio_hw_generic( 1306): Not supplying enough data to HAL, expected position 8254007 , only wrote 8253907
12-09 07:44:24.923 W/audio_hw_generic( 1306): Hardware backing HAL too slow, could only write 0 of 661 frames
12-09 07:44:24.923 W/audio_hw_generic( 1306): Not supplying enough data to HAL, expected position 8264401 , only wrote 8263822
12-09 07:44:24.923 W/audio_hw_generic( 1306): Not supplying enough data to HAL, expected position 8263827 , only wrote 8263822
12-09 07:44:24.930 I/System.out( 6240): URI: //gesture
12-09 07:44:24.930 I/System.out( 6240): params: {json={"query_timeout":5.0,"gestures":[{"query_string":"android.widget.Button index:1","touches":[{"x":50,"y":50,"offset_x":0,"offset_y":0,"wait":0.0,"time":0.2,"release":true,"query_string":null}]}]}
12-09 07:44:24.930 I/System.out( 6240): }
12-09 07:44:24.962 W/audio_hw_generic( 1306): Not supplying enough data to HAL, expected position 8265502 , only wrote 8264483
12-09 07:44:25.057 W/audio_hw_generic( 1306): Not supplying enough data to HAL, expected position 8268712 , only wrote 8268449
12-09 07:44:25.059 I/art     ( 6240): Background sticky concurrent mark sweep GC freed 44522(2023KB) AllocSpace objects, 2(40KB) LOS objects, 37% free, 2MB/4MB, paused 1.041ms total 123.525ms
12-09 07:44:25.283 W/audio_hw_generic( 1306): Hardware backing HAL too slow, could only write 0 of 661 frames
12-09 07:44:25.287 I/ActivityManager( 1593): START u0 {cmp=com.evancharlton.mileage/.FillupInfoActivity (has extras)} from uid 10119 on display 0
12-09 07:44:25.299 W/audio_hw_generic( 1306): Hardware backing HAL too slow, could only write 0 of 661 frames
12-09 07:44:25.372 D/AudioFlinger( 1306): mixer(0xf4380000) throttle end: throttle time(10)
12-09 07:44:25.404 W/audio_hw_generic( 1306): Not supplying enough data to HAL, expected position 8283729 , only wrote 8283652
12-09 07:44:25.404 W/audio_hw_generic( 1306): Not supplying enough data to HAL, expected position 8283658 , only wrote 8283652
12-09 07:44:25.503 W/audio_hw_generic( 1306): Not supplying enough data to HAL, expected position 8288014 , only wrote 8285635
12-09 07:44:25.520 I/calabash( 6240): newActivity1
12-09 07:44:25.650 W/audio_hw_generic( 1306): Not supplying enough data to HAL, expected position 8292113 , only wrote 8290262
12-09 07:44:25.650 W/audio_hw_generic( 1306): Not supplying enough data to HAL, expected position 8290268 , only wrote 8290262
12-09 07:44:25.671 W/audio_hw_generic( 1306): Not supplying enough data to HAL, expected position 8291180 , only wrote 8290923
12-09 07:44:25.731 W/audio_hw_generic( 1306): Hardware backing HAL too slow, could only write 0 of 661 frames
12-09 07:44:25.755 W/audio_hw_generic( 1306): Hardware backing HAL too slow, could only write 0 of 661 frames
12-09 07:44:25.779 W/audio_hw_generic( 1306): Not supplying enough data to HAL, expected position 8295671 , only wrote 8295550
12-09 07:44:25.779 W/audio_hw_generic( 1306): Not supplying enough data to HAL, expected position 8295558 , only wrote 8295550
12-09 07:44:25.795 W/audio_hw_generic( 1306): Not supplying enough data to HAL, expected position 8296263 , only wrote 8296211
12-09 07:44:25.795 W/audio_hw_generic( 1306): Hardware backing HAL too slow, could only write 0 of 661 frames
12-09 07:44:25.810 W/audio_hw_generic( 1306): Hardware backing HAL too slow, could only write 0 of 661 frames
12-09 07:44:25.831 W/audio_hw_generic( 1306): Hardware backing HAL too slow, could only write 0 of 661 frames
12-09 07:44:25.841 W/audio_hw_generic( 1306): Hardware backing HAL too slow, could only write 0 of 661 frames
12-09 07:44:25.849 V/PhoneStatusBar( 1722): setLightsOn(true)
12-09 07:44:25.857 W/audio_hw_generic( 1306): Hardware backing HAL too slow, could only write 0 of 661 frames
