12-09 08:27:55.528 E/EGL_emulation( 1219): tid 1219: eglCreateSyncKHR(1881): error 0x3004 (EGL_BAD_ATTRIBUTE)
12-09 08:27:55.578 W/art     ( 1592): Long monitor contention event with owner method=void com.android.server.wm.WindowAnimator$1.doFrame(long) from WindowAnimator.java:121 waiters=0 for 262ms
12-09 08:27:55.707 W/art     ( 1592): Long monitor contention event with owner method=void com.android.server.wm.WindowAnimator$1.doFrame(long) from WindowAnimator.java:121 waiters=1 for 165ms
12-09 08:27:55.890 W/audio_hw_generic( 1308): Not supplying enough data to HAL, expected position 41102985 , only wrote 41102963
12-09 08:27:55.906 W/art     ( 1592): Long monitor contention event with owner method=void com.android.server.wm.WindowAnimator$1.doFrame(long) from WindowAnimator.java:121 waiters=1 for 108ms
12-09 08:27:55.918 D/hwcomposer( 1219): hw_composer sent 738 syncs in 60s
12-09 08:27:55.919 D/gralloc_ranchu( 1219): gralloc_alloc: Creating ashmem region of size 3686400
12-09 08:27:56.100 W/audio_hw_generic( 1308): Not supplying enough data to HAL, expected position 41112252 , only wrote 41112217
12-09 08:27:56.133 I/ActivityManager( 1592): Displayed com.evancharlton.mileage/.FillupInfoActivity: +1s610ms
12-09 08:27:56.386 W/audio_hw_generic( 1308): Not supplying enough data to HAL, expected position 41124827 , only wrote 41124115
12-09 08:27:56.386 W/audio_hw_generic( 1308): Not supplying enough data to HAL, expected position 41124121 , only wrote 41124115
12-09 08:27:56.404 W/audio_hw_generic( 1308): Not supplying enough data to HAL, expected position 41124917 , only wrote 41124776
12-09 08:27:56.404 W/audio_hw_generic( 1308): Hardware backing HAL too slow, could only write 0 of 661 frames
12-09 08:27:56.436 I/ProcessStatsService( 1592): Prepared write state in 0ms
12-09 08:27:56.450 I/ProcessStatsService( 1592): Prepared write state in 14ms
12-09 08:27:56.514 W/audio_hw_generic( 1308): Not supplying enough data to HAL, expected position 41129611 , only wrote 41129403
12-09 08:27:56.529 W/audio_hw_generic( 1308): Hardware backing HAL too slow, could only write 0 of 661 frames
12-09 08:27:56.544 W/audio_hw_generic( 1308): Hardware backing HAL too slow, could only write 0 of 661 frames
12-09 08:27:56.649 W/audio_hw_generic( 1308): Not supplying enough data to HAL, expected position 41135390 , only wrote 41134691
12-09 08:27:56.869 W/audio_hw_generic( 1308): Not supplying enough data to HAL, expected position 41144391 , only wrote 41143945
12-09 08:27:56.870 W/audio_hw_generic( 1308): Not supplying enough data to HAL, expected position 41143951 , only wrote 41143945
12-09 08:27:56.917 W/audio_hw_generic( 1308): Hardware backing HAL too slow, could only write 0 of 661 frames
12-09 08:27:56.931 W/audio_hw_generic( 1308): Hardware backing HAL too slow, could only write 0 of 661 frames
12-09 08:27:56.961 W/audio_hw_generic( 1308): Hardware backing HAL too slow, could only write 0 of 661 frames
12-09 08:27:56.968 D/gralloc_ranchu( 1219): gralloc_alloc: Creating ashmem region of size 3686400
12-09 08:27:57.070 W/audio_hw_generic( 1308): Not supplying enough data to HAL, expected position 41152772 , only wrote 41152538
12-09 08:27:57.070 W/audio_hw_generic( 1308): Not supplying enough data to HAL, expected position 41152545 , only wrote 41152538
12-09 08:27:57.086 W/audio_hw_generic( 1308): Not supplying enough data to HAL, expected position 41153248 , only wrote 41153199
12-09 08:27:57.241 D/AndroidRuntime(17255): >>>>>> START com.android.internal.os.RuntimeInit uid 0 <<<<<<
12-09 08:27:57.250 D/AndroidRuntime(17255): CheckJNI is ON
12-09 08:27:57.288 D/ICU     (17255): No timezone override file found: /data/misc/zoneinfo/current/icu/icu_tzdata.dat
12-09 08:27:57.601 W/audio_hw_generic( 1308): Not supplying enough data to HAL, expected position 41175917 , only wrote 41174351
12-09 08:27:57.645 W/audio_hw_generic( 1308): Not supplying enough data to HAL, expected position 41176296 , only wrote 41174351
12-09 08:27:57.648 I/UsageStatsService( 1592): User[0] Flushing usage stats to disk
12-09 08:27:57.861 E/memtrack(17255): Couldn't load memtrack module (No such file or directory)
12-09 08:27:57.861 E/android.os.Debug(17255): failed to load memtrack module: -2
12-09 08:27:57.862 I/Radio-JNI(17255): register_android_hardware_Radio DONE
12-09 08:27:57.885 D/AndroidRuntime(17255): Calling main entry com.android.commands.input.Input
12-09 08:27:57.886 I/Input   (17255): injectKeyEvent: KeyEvent { action=ACTION_DOWN, keyCode=KEYCODE_BACK, scanCode=0, metaState=0, flags=0x0, repeatCount=0, eventTime=5492014, downTime=5492014, deviceId=-1, source=0x101 }
12-09 08:27:57.950 I/Input   (17255): injectKeyEvent: KeyEvent { action=ACTION_UP, keyCode=KEYCODE_BACK, scanCode=0, metaState=0, flags=0x0, repeatCount=0, eventTime=5492014, downTime=5492014, deviceId=-1, source=0x101 }
12-09 08:27:57.978 D/AndroidRuntime(17255): Shutting down VM
12-09 08:27:57.986 W/ActivityManager( 1592): Bad activity token: android.os.BinderProxy@dd817e5
12-09 08:27:57.986 W/ActivityManager( 1592): java.lang.ClassCastException: android.os.BinderProxy cannot be cast to com.android.server.am.ActivityRecord$Token
12-09 08:27:57.986 W/ActivityManager( 1592): 	at com.android.server.am.ActivityRecord.forTokenLocked(ActivityRecord.java:424)
12-09 08:27:57.986 W/ActivityManager( 1592): 	at com.android.server.am.ActivityRecord.isInStackLocked(ActivityRecord.java:1121)
12-09 08:27:57.986 W/ActivityManager( 1592): 	at com.android.server.am.ActivityManagerService.getActivityOptions(ActivityManagerService.java:11038)
12-09 08:27:57.986 W/ActivityManager( 1592): 	at android.app.ActivityManagerNative.onTransact(ActivityManagerNative.java:1734)
12-09 08:27:57.986 W/ActivityManager( 1592): 	at com.android.server.am.ActivityManagerService.onTransact(ActivityManagerService.java:2443)
12-09 08:27:57.986 W/ActivityManager( 1592): 	at android.os.Binder.execTransact(Binder.java:453)
12-09 08:27:58.063 V/PhoneStatusBar( 1692): setLightsOn(true)
12-09 08:27:58.077 D/gralloc_ranchu( 1219): gralloc_alloc: Creating ashmem region of size 3686400
12-09 08:27:58.270 I/System.out(17143): URI: //gesture
12-09 08:27:58.270 I/System.out(17143): params: {json={"query_timeout":5.0,"gestures":[{"query_string":"android.widget.TabWidget descendant TextView index:2","touches":[{"x":50,"y":50,"offset_x":0,"offset_y":0,"wait":0.0,"time":0.2,"release":true,"query_string":null}]}]}
12-09 08:27:58.270 I/System.out(17143): }
12-09 08:27:58.329 D/gralloc_ranchu( 1219): gralloc_alloc: Creating ashmem region of size 3686400
12-09 08:27:59.202 D/gralloc_ranchu( 1219): gralloc_alloc: Creating ashmem region of size 3686400
12-09 08:27:59.659 I/calabash(17143): newActivity1
12-09 08:27:59.660 W/ActivityManager( 1592): Bad activity token: android.os.BinderProxy@3d49896
12-09 08:27:59.660 W/ActivityManager( 1592): java.lang.ClassCastException: android.os.BinderProxy cannot be cast to com.android.server.am.ActivityRecord$Token
12-09 08:27:59.660 W/ActivityManager( 1592): 	at com.android.server.am.ActivityRecord.forTokenLocked(ActivityRecord.java:424)
12-09 08:27:59.660 W/ActivityManager( 1592): 	at com.android.server.am.ActivityRecord.isInStackLocked(ActivityRecord.java:1121)
12-09 08:27:59.660 W/ActivityManager( 1592): 	at com.android.server.am.ActivityRecord.getStackLocked(ActivityRecord.java:1126)
12-09 08:27:59.660 W/ActivityManager( 1592): 	at com.android.server.am.ActivityManagerService.getActivityDisplayId(ActivityManagerService.java:8889)
12-09 08:27:59.660 W/ActivityManager( 1592): 	at android.app.ActivityManagerNative.onTransact(ActivityManagerNative.java:2338)
12-09 08:27:59.660 W/ActivityManager( 1592): 	at com.android.server.am.ActivityManagerService.onTransact(ActivityManagerService.java:2443)
12-09 08:27:59.660 W/ActivityManager( 1592): 	at android.os.Binder.execTransact(Binder.java:453)
12-09 08:27:59.666 W/ActivityManager( 1592): Bad activity token: android.os.BinderProxy@3d49896
12-09 08:27:59.666 W/ActivityManager( 1592): java.lang.ClassCastException: android.os.BinderProxy cannot be cast to com.android.server.am.ActivityRecord$Token
12-09 08:27:59.666 W/ActivityManager( 1592): 	at com.android.server.am.ActivityRecord.forTokenLocked(ActivityRecord.java:424)
12-09 08:27:59.666 W/ActivityManager( 1592): 	at com.android.server.am.ActivityRecord.isInStackLocked(ActivityRecord.java:1121)
12-09 08:27:59.666 W/ActivityManager( 1592): 	at com.android.server.am.ActivityManagerService.setTaskDescription(ActivityManagerService.java:8547)
12-09 08:27:59.666 W/ActivityManager( 1592): 	at android.app.ActivityManagerNative.onTransact(ActivityManagerNative.java:2410)
12-09 08:27:59.666 W/ActivityManager( 1592): 	at com.android.server.am.ActivityManagerService.onTransact(ActivityManagerService.java:2443)
12-09 08:27:59.666 W/ActivityManager( 1592): 	at android.os.Binder.execTransact(Binder.java:453)
12-09 08:27:59.679 D/VehicleStatisticsActivity(17143): Checking recalculation ...
12-09 08:27:59.679 D/VehicleStatisticsActivity(17143): Recalculating statistics
12-09 08:27:59.680 D/VehicleStatisticsTask(17143): Calculation starting...
12-09 08:27:59.680 D/VehicleStatisticsActivity(17143): Recalculation started!
12-09 08:27:59.732 D/CalculateTask(17143): Recalculating...
12-09 08:27:59.740 W/ActivityManager( 1592): Bad activity token: android.os.BinderProxy@3d49896
12-09 08:27:59.740 W/ActivityManager( 1592): java.lang.ClassCastException: android.os.BinderProxy cannot be cast to com.android.server.am.ActivityRecord$Token
12-09 08:27:59.740 W/ActivityManager( 1592): 	at com.android.server.am.ActivityRecord.forTokenLocked(ActivityRecord.java:424)
12-09 08:27:59.740 W/ActivityManager( 1592): 	at com.android.server.am.ActivityRecord.isInStackLocked(ActivityRecord.java:1121)
12-09 08:27:59.740 W/ActivityManager( 1592): 	at com.android.server.am.ActivityManagerService.getActivityOptions(ActivityManagerService.java:11038)
12-09 08:27:59.740 W/ActivityManager( 1592): 	at android.app.ActivityManagerNative.onTransact(ActivityManagerNative.java:1734)
12-09 08:27:59.740 W/ActivityManager( 1592): 	at com.android.server.am.ActivityManagerService.onTransact(ActivityManagerService.java:2443)
12-09 08:27:59.740 W/ActivityManager( 1592): 	at android.os.Binder.execTransact(Binder.java:453)
12-09 08:27:59.740 W/ActivityManager( 1592): Bad activity token: android.os.BinderProxy@3d49896
12-09 08:27:59.740 W/ActivityManager( 1592): java.lang.ClassCastException: android.os.BinderProxy cannot be cast to com.android.server.am.ActivityRecord$Token
12-09 08:27:59.740 W/ActivityManager( 1592): 	at com.android.server.am.ActivityRecord.forTokenLocked(ActivityRecord.java:424)
12-09 08:27:59.740 W/ActivityManager( 1592): 	at com.android.server.am.ActivityRecord.isInStackLocked(ActivityRecord.java:1121)
12-09 08:27:59.740 W/ActivityManager( 1592): 	at com.android.server.am.ActivityManagerService.getActivityOptions(ActivityManagerService.java:11038)
12-09 08:27:59.740 W/ActivityManager( 1592): 	at android.app.ActivityManagerNative.onTransact(ActivityManagerNative.java:1734)
12-09 08:27:59.740 W/ActivityManager( 1592): 	at com.android.server.am.ActivityManagerService.onTransact(ActivityManagerService.java:2443)
12-09 08:27:59.740 W/ActivityManager( 1592): 	at android.os.Binder.execTransact(Binder.java:453)
12-09 08:27:59.770 D/VehicleStatisticsActivity(17143): Checking recalculation ...
12-09 08:27:59.771 D/VehicleStatisticsActivity(17143): Recalculating statistics
12-09 08:27:59.772 D/VehicleStatisticsTask(17143): Calculation starting...
12-09 08:27:59.772 D/VehicleStatisticsActivity(17143): Recalculation started!
12-09 08:27:59.788 W/art     (17143): Suspending all threads took: 13.273ms
12-09 08:27:59.800 W/audio_hw_generic( 1308): Hardware backing HAL too slow, could only write 0 of 661 frames
12-09 08:27:59.815 W/audio_hw_generic( 1308): Hardware backing HAL too slow, could only write 0 of 661 frames
12-09 08:27:59.830 W/audio_hw_generic( 1308): Hardware backing HAL too slow, could only write 0 of 661 frames
12-09 08:27:59.845 W/audio_hw_generic( 1308): Hardware backing HAL too slow, could only write 0 of 661 frames
12-09 08:27:59.860 W/audio_hw_generic( 1308): Hardware backing HAL too slow, could only write 0 of 661 frames
12-09 08:27:59.875 W/audio_hw_generic( 1308): Hardware backing HAL too slow, could only write 0 of 661 frames
12-09 08:27:59.879 D/CalculateTask(17143): Recalculating...
12-09 08:27:59.887 I/art     (17143): Background sticky concurrent mark sweep GC freed 38172(1760KB) AllocSpace objects, 1(20KB) LOS objects, 33% free, 3MB/4MB, paused 24.249ms total 134.989ms
12-09 08:28:00.060 D/Mileage.ABS(17143): Finished backup
12-09 08:28:00.072 D/VehicleStatisticsTask(17143): Done recalculating!
12-09 08:28:00.105 E/SurfaceFlinger( 1219): ro.sf.lcd_density must be defined as a build property
12-09 08:28:00.109 D/Mileage.ABS(17143): Not backing up; 58
12-09 08:28:00.117 D/VehicleStatisticsTask(17143): Done recalculating!
12-09 08:28:00.142 D/VehicleStatisticsAdapter(17143): Erasing the cache ...
12-09 08:28:00.144 D/VehicleStatisticsAdapter(17143): Erasing the cache ...
12-09 08:28:00.160 D/VehicleStatisticsAdapter(17143): Building new values ...
12-09 08:28:00.160 D/VehicleStatisticsAdapter(17143): Writing 29 records to the database ...
12-09 08:28:00.176 D/VehicleStatisticsAdapter(17143): Building new values ...
12-09 08:28:00.176 D/VehicleStatisticsAdapter(17143): Writing 29 records to the database ...
12-09 08:28:00.194 D/gralloc_ranchu( 1219): gralloc_alloc: Creating ashmem region of size 3686400
12-09 08:28:00.203 D/Mileage.ABS(17143): Not backing up; 152
12-09 08:28:00.209 D/Mileage.ABS(17143): Not backing up; 158
12-09 08:28:00.269 D/        (17267): HostConnection::get() New Host Connection established 0x7fc209292480, tid 17267
12-09 08:28:00.285 D/Mileage.ABS(17143): Not backing up; 234
12-09 08:28:00.318 E/EGL_emulation( 1219): tid 1219: eglCreateSyncKHR(1881): error 0x3004 (EGL_BAD_ATTRIBUTE)
12-09 08:28:00.386 D/Mileage.ABS(17143): Not backing up; 335
12-09 08:28:00.420 W/audio_hw_generic( 1308): Not supplying enough data to HAL, expected position 41203699 , only wrote 41202774
12-09 08:28:00.420 W/audio_hw_generic( 1308): Not supplying enough data to HAL, expected position 41202780 , only wrote 41202774
12-09 08:28:00.476 W/audio_hw_generic( 1308): Not supplying enough data to HAL, expected position 41205207 , only wrote 41203435
12-09 08:28:00.485 D/Mileage.ABS(17143): Not backing up; 434
12-09 08:28:00.599 D/Mileage.ABS(17143): Not backing up; 548
12-09 08:28:00.599 D/Mileage.ABS(17143): Not backing up; 548
12-09 08:28:00.600 D/Mileage.ABS(17143): Not backing up; 548
12-09 08:28:00.600 D/Mileage.ABS(17143): Not backing up; 549
12-09 08:28:00.666 D/Mileage.ABS(17143): Not backing up; 615
12-09 08:28:00.762 D/Mileage.ABS(17143): Not backing up; 711
12-09 08:28:00.791 W/audio_hw_generic( 1308): Not supplying enough data to HAL, expected position 41217358 , only wrote 41217316
12-09 08:28:00.814 W/audio_hw_generic( 1308): Hardware backing HAL too slow, could only write 0 of 661 frames
12-09 08:28:00.853 W/audio_hw_generic( 1308): Hardware backing HAL too slow, could only write 0 of 661 frames
12-09 08:28:00.853 W/audio_hw_generic( 1308): Not supplying enough data to HAL, expected position 41220050 , only wrote 41219960
12-09 08:28:00.853 W/audio_hw_generic( 1308): Not supplying enough data to HAL, expected position 41219965 , only wrote 41219960
12-09 08:28:00.853 W/audio_hw_generic( 1308): Hardware backing HAL too slow, could only write 0 of 661 frames
12-09 08:28:00.889 W/audio_hw_generic( 1308): Not supplying enough data to HAL, expected position 41221540 , only wrote 41220621
12-09 08:28:00.889 W/audio_hw_generic( 1308): Hardware backing HAL too slow, could only write 0 of 661 frames
12-09 08:28:00.889 W/audio_hw_generic( 1308): Hardware backing HAL too slow, could only write 0 of 661 frames
12-09 08:28:00.904 W/audio_hw_generic( 1308): Hardware backing HAL too slow, could only write 0 of 661 frames
12-09 08:28:00.921 W/audio_hw_generic( 1308): Hardware backing HAL too slow, could only write 0 of 661 frames
12-09 08:28:00.957 W/audio_hw_generic( 1308): Hardware backing HAL too slow, could only write 0 of 661 frames
12-09 08:28:00.977 W/audio_hw_generic( 1308): Hardware backing HAL too slow, could only write 0 of 661 frames
12-09 08:28:00.993 W/audio_hw_generic( 1308): Hardware backing HAL too slow, could only write 0 of 661 frames
12-09 08:28:01.006 W/audio_hw_generic( 1308): Hardware backing HAL too slow, could only write 0 of 661 frames
12-09 08:28:01.028 W/audio_hw_generic( 1308): Hardware backing HAL too slow, could only write 0 of 661 frames
12-09 08:28:01.045 W/audio_hw_generic( 1308): Hardware backing HAL too slow, could only write 0 of 661 frames
12-09 08:28:01.049 I/System.out(17143): URI: //map
12-09 08:28:01.049 I/System.out(17143): params: {json={"query":"* {text CONTAINS[c] 'Average fuel economy'}","operation":{"method_name":"query","arguments":[]}}
12-09 08:28:01.049 I/System.out(17143): }
12-09 08:28:01.073 W/audio_hw_generic( 1308): Hardware backing HAL too slow, could only write 0 of 661 frames
12-09 08:28:01.088 W/audio_hw_generic( 1308): Hardware backing HAL too slow, could only write 0 of 661 frames
12-09 08:28:01.169 W/audio_hw_generic( 1308): Hardware backing HAL too slow, could only write 0 of 661 frames
12-09 08:28:01.253 D/Mileage.ABS(17143): Finished backup
12-09 08:28:01.333 D/Mileage.ABS(17143): Not backing up; 95
12-09 08:28:01.557 W/audio_hw_generic( 1308): Not supplying enough data to HAL, expected position 41250064 , only wrote 41249705
12-09 08:28:01.761 W/audio_hw_generic( 1308): Not supplying enough data to HAL, expected position 41258690 , only wrote 41257637
12-09 08:28:01.782 D/Mileage.ABS(17143): Not backing up; 577
12-09 08:28:01.798 D/Mileage.ABS(17143): Not backing up; 594
12-09 08:28:01.805 D/Mileage.ABS(17143): Not backing up; 601
12-09 08:28:01.806 D/Mileage.ABS(17143): Not backing up; 602
12-09 08:28:01.806 D/Mileage.ABS(17143): Not backing up; 602
12-09 08:28:01.815 W/audio_hw_generic( 1308): Hardware backing HAL too slow, could only write 0 of 661 frames
12-09 08:28:01.831 W/audio_hw_generic( 1308): Hardware backing HAL too slow, could only write 0 of 661 frames
12-09 08:28:01.846 W/audio_hw_generic( 1308): Hardware backing HAL too slow, could only write 0 of 661 frames
12-09 08:28:01.883 D/Mileage.ABS(17143): Not backing up; 679
12-09 08:28:01.883 D/Mileage.ABS(17143): Not backing up; 679
12-09 08:28:01.977 D/Mileage.ABS(17143): Not backing up; 773
12-09 08:28:01.978 I/art     (17143): Background partial concurrent mark sweep GC freed 55180(2MB) AllocSpace objects, 2(40KB) LOS objects, 40% free, 3MB/5MB, paused 1.274ms total 519.646ms
12-09 08:28:01.979 D/Mileage.ABS(17143): Not backing up; 775
12-09 08:28:01.980 D/Mileage.ABS(17143): Not backing up; 776
12-09 08:28:02.089 W/audio_hw_generic( 1308): Not supplying enough data to HAL, expected position 41272114 , only wrote 41271518
12-09 08:28:02.089 W/audio_hw_generic( 1308): Not supplying enough data to HAL, expected position 41271524 , only wrote 41271518
12-09 08:28:02.093 I/System.out(17143): URI: //gesture
12-09 08:28:02.093 I/System.out(17143): params: {json={"query_timeout":5.0,"gestures":[{"query_string":"* {text CONTAINS[c] 'Average fuel economy'}","touches":[{"x":50,"y":50,"offset_x":0,"offset_y":0,"wait":0.0,"time":0.2,"release":true,"query_string":null}]}]}
12-09 08:28:02.093 I/System.out(17143): }
12-09 08:28:02.115 W/audio_hw_generic( 1308): Not supplying enough data to HAL, expected position 41272682 , only wrote 41272179
12-09 08:28:02.165 D/Mileage.ABS(17143): Not backing up; 961
12-09 08:28:02.165 D/Mileage.ABS(17143): Not backing up; 961
12-09 08:28:02.166 D/Mileage.ABS(17143): Not backing up; 961
12-09 08:28:02.217 D/Mileage.ABS(17143): Finished backup
12-09 08:28:02.225 D/Mileage.ABS(17143): Not backing up; 15
12-09 08:28:02.330 D/Mileage.ABS(17143): Not backing up; 120
12-09 08:28:02.331 D/Mileage.ABS(17143): Not backing up; 120
12-09 08:28:02.331 D/Mileage.ABS(17143): Not backing up; 121
12-09 08:28:02.437 D/Mileage.ABS(17143): Not backing up; 227
12-09 08:28:02.462 W/audio_hw_generic( 1308): Not supplying enough data to HAL, expected position 41287443 , only wrote 41287382
12-09 08:28:02.551 D/Mileage.ABS(17143): Not backing up; 341
12-09 08:28:02.553 W/audio_hw_generic( 1308): Not supplying enough data to HAL, expected position 41291424 , only wrote 41290687
12-09 08:28:02.553 W/audio_hw_generic( 1308): Not supplying enough data to HAL, expected position 41290693 , only wrote 41290687
12-09 08:28:02.565 I/ActivityManager( 1592): START u0 {cmp=com.evancharlton.mileage/.charts.AverageFuelEconomyChart (has extras)} from uid 10137 on display 0
12-09 08:28:02.587 W/audio_hw_generic( 1308): Not supplying enough data to HAL, expected position 41292168 , only wrote 41291348
12-09 08:28:02.605 W/audio_hw_generic( 1308): Not supplying enough data to HAL, expected position 41292138 , only wrote 41292009
12-09 08:28:02.705 W/art     (17143): Suspending all threads took: 41.331ms
12-09 08:28:02.804 W/audio_hw_generic( 1308): Not supplying enough data to HAL, expected position 41300769 , only wrote 41300602
12-09 08:28:02.820 I/art     (17143): Background sticky concurrent mark sweep GC freed 37723(1623KB) AllocSpace objects, 2(40KB) LOS objects, 29% free, 3MB/5MB, paused 42.503ms total 191.629ms
12-09 08:28:02.894 I/calabash(17143): newActivity1
12-09 08:28:02.895 D/Mileage.ABS(17143): Not backing up; 685
12-09 08:28:02.914 D/Mileage.ABS(17143): Not backing up; 704
12-09 08:28:03.078 W/audio_hw_generic( 1308): Not supplying enough data to HAL, expected position 41312680 , only wrote 41312500
12-09 08:28:03.124 W/aiCharts(17143): License file is invalid or missing. 
12-09 08:28:03.124 W/aiCharts(17143): Please place proper license.lic to /assets folder.
12-09 08:28:03.321 W/audio_hw_generic( 1308): Not supplying enough data to HAL, expected position 41323253 , only wrote 41321754
12-09 08:28:03.321 W/audio_hw_generic( 1308): Not supplying enough data to HAL, expected position 41321760 , only wrote 41321754
12-09 08:28:03.380 E/SurfaceFlinger( 1219): ro.sf.lcd_density must be defined as a build property
12-09 08:28:03.387 D/gralloc_ranchu( 1219): gralloc_alloc: Creating ashmem region of size 3686400
12-09 08:28:03.395 V/PhoneStatusBar( 1692): setLightsOn(true)
12-09 08:28:03.456 D/        (17290): HostConnection::get() New Host Connection established 0x7f5591dd2480, tid 17290
12-09 08:28:03.483 E/EGL_emulation( 1219): tid 1219: eglCreateSyncKHR(1881): error 0x3004 (EGL_BAD_ATTRIBUTE)
12-09 08:28:03.600 D/Mileage.ABS(17143): Finished backup
12-09 08:28:03.610 D/Mileage.ABS(17143): Not backing up; 37
12-09 08:28:03.610 D/Mileage.ABS(17143): Not backing up; 37
12-09 08:28:03.611 D/Mileage.ABS(17143): Not backing up; 38
12-09 08:28:03.611 D/Mileage.ABS(17143): Not backing up; 38
12-09 08:28:03.611 D/Mileage.ABS(17143): Not backing up; 38
12-09 08:28:03.612 D/Mileage.ABS(17143): Not backing up; 39
12-09 08:28:03.612 D/Mileage.ABS(17143): Not backing up; 39
12-09 08:28:03.612 D/Mileage.ABS(17143): Not backing up; 39
12-09 08:28:03.640 D/Mileage.ABS(17143): Not backing up; 67
12-09 08:28:03.641 D/Mileage.ABS(17143): Not backing up; 68
12-09 08:28:03.664 D/Mileage.ABS(17143): Not backing up; 91
12-09 08:28:03.804 D/Mileage.ABS(17143): Not backing up; 231
12-09 08:28:03.814 D/Mileage.ABS(17143): Not backing up; 241
12-09 08:28:03.949 D/gralloc_ranchu( 1219): gralloc_alloc: Creating ashmem region of size 3686400
12-09 08:28:03.956 W/audio_hw_generic( 1308): Not supplying enough data to HAL, expected position 41349755 , only wrote 41349516
12-09 08:28:04.010 W/audio_hw_generic( 1308): Hardware backing HAL too slow, could only write 0 of 661 frames
12-09 08:28:04.150 W/audio_hw_generic( 1308): Not supplying enough data to HAL, expected position 41358040 , only wrote 41357448
12-09 08:28:04.150 W/audio_hw_generic( 1308): Not supplying enough data to HAL, expected position 41357455 , only wrote 41357448
12-09 08:28:04.271 W/audio_hw_generic( 1308): Hardware backing HAL too slow, could only write 0 of 661 frames
12-09 08:28:04.289 W/art     ( 1592): Long monitor contention event with owner method=void com.android.server.wm.WindowAnimator$1.doFrame(long) from WindowAnimator.java:121 waiters=1 for 152ms
12-09 08:28:04.418 W/audio_hw_generic( 1308): Hardware backing HAL too slow, could only write 0 of 661 frames
12-09 08:28:04.451 W/audio_hw_generic( 1308): Not supplying enough data to HAL, expected position 41370747 , only wrote 41370007
12-09 08:28:04.459 W/art     ( 1592): Long monitor contention event with owner method=void com.android.server.wm.WindowAnimator$1.doFrame(long) from WindowAnimator.java:121 waiters=1 for 296ms
12-09 08:28:04.482 W/audio_hw_generic( 1308): Not supplying enough data to HAL, expected position 41371341 , only wrote 41371329
12-09 08:28:04.499 W/art     ( 1592): Long monitor contention event with owner method=void com.android.server.wm.WindowAnimator$1.doFrame(long) from WindowAnimator.java:121 waiters=1 for 210ms
12-09 08:28:04.501 W/art     ( 1592): Long monitor contention event with owner method=java.util.List com.android.server.am.ActivityManagerService.getAllStackInfos() from ActivityManagerService.java:8937 waiters=0 for 646ms
12-09 08:28:04.509 D/Mileage.ABS(17143): Not backing up; 936
12-09 08:28:04.510 W/art     ( 1592): Long monitor contention event with owner method=java.util.List com.android.server.am.ActivityManagerService.getAllStackInfos() from ActivityManagerService.java:8937 waiters=1 for 510ms
12-09 08:28:04.522 W/art     ( 1592): Long monitor contention event with owner method=java.util.List com.android.server.am.ActivityManagerService.getAllStackInfos() from ActivityManagerService.java:8937 waiters=2 for 348ms
12-09 08:28:04.523 W/art     ( 1592): Long monitor contention event with owner method=java.util.List com.android.server.am.ActivityManagerService.getAllStackInfos() from ActivityManagerService.java:8937 waiters=3 for 178ms
12-09 08:28:04.735 D/Mileage.ABS(17143): Finished backup
12-09 08:28:04.954 D/VehicleStatisticsAdapter(17143): Caching of 29 records complete! (4.778 seconds)
12-09 08:28:05.007 D/VehicleStatisticsAdapter(17143): Caching of 29 records complete! (4.846 seconds)
12-09 08:28:05.100 W/audio_hw_generic( 1308): Not supplying enough data to HAL, expected position 41398612 , only wrote 41398430
12-09 08:28:05.170 W/art     ( 1592): Long monitor contention event with owner method=void com.android.server.wm.WindowAnimator$1.doFrame(long) from WindowAnimator.java:121 waiters=0 for 179ms
12-09 08:28:05.246 W/audio_hw_generic( 1308): Not supplying enough data to HAL, expected position 41404835 , only wrote 41404379
12-09 08:28:05.246 W/audio_hw_generic( 1308): Not supplying enough data to HAL, expected position 41404386 , only wrote 41404379
12-09 08:28:05.277 W/audio_hw_generic( 1308): Not supplying enough data to HAL, expected position 41405772 , only wrote 41405040
12-09 08:28:05.302 W/audio_hw_generic( 1308): Hardware backing HAL too slow, could only write 0 of 661 frames
12-09 08:28:05.321 W/audio_hw_generic( 1308): Hardware backing HAL too slow, could only write 0 of 661 frames
12-09 08:28:05.324 W/art     ( 1592): Long monitor contention event with owner method=void com.android.server.wm.WindowAnimator$1.doFrame(long) from WindowAnimator.java:121 waiters=0 for 154ms
