--------- beginning of main
12-09 07:38:30.081 D/AndroidRuntime( 4165): >>>>>> START com.android.internal.os.RuntimeInit uid 0 <<<<<<
12-09 07:38:30.082 D/AndroidRuntime( 4165): CheckJNI is ON
12-09 07:38:30.103 D/ICU     ( 4165): No timezone override file found: /data/misc/zoneinfo/current/icu/icu_tzdata.dat
12-09 07:38:30.513 E/memtrack( 4165): Couldn't load memtrack module (No such file or directory)
12-09 07:38:30.528 E/android.os.Debug( 4165): failed to load memtrack module: -2
12-09 07:38:30.530 I/Radio-JNI( 4165): register_android_hardware_Radio DONE
12-09 07:38:30.543 D/AndroidRuntime( 4165): Calling main entry com.android.commands.am.Am
--------- beginning of system
12-09 07:38:30.593 I/ActivityManager( 1591): Force stopping com.evancharlton.mileage appid=10115 user=0: start instr
12-09 07:38:30.593 I/ActivityManager( 1591): Killing 4145:com.evancharlton.mileage/u0a115 (adj 0): stop com.evancharlton.mileage
12-09 07:38:30.704 W/ActivityManager( 1591): Crash of app com.evancharlton.mileage running instrumentation ComponentInfo{com.evancharlton.mileage.test/sh.calaba.instrumentationbackend.ClearAppData2}
12-09 07:38:30.705 I/ActivityManager( 1591): Force stopping com.evancharlton.mileage appid=10115 user=0: finished inst
12-09 07:38:30.717 I/ActivityManager( 1591): Start proc 4174:com.evancharlton.mileage/u0a115 for added application com.evancharlton.mileage
12-09 07:38:30.729 D/AndroidRuntime( 4165): Shutting down VM
12-09 07:38:31.047 W/System  ( 4174): ClassLoader referenced unknown path: /data/app/com.evancharlton.mileage.test-1/lib/x86_64
12-09 07:38:31.048 W/System  ( 4174): ClassLoader referenced unknown path: /data/app/com.evancharlton.mileage-1/lib/x86_64
12-09 07:38:31.090 I/System.out( 4174): Main activity name automatically set to: com.evancharlton.mileage.Mileage
12-09 07:38:31.090 I/System.out( 4174): Calabash did not load Mono. This is only a problem if you are trying to test a Mono application
12-09 07:38:31.091 I/calabash( 4174): Test server port: 7102
12-09 07:38:31.092 I/InstrumentationBackend( 4174): Added:'GetPreferences', with key:'get_preferences'
12-09 07:38:31.116 I/InstrumentationBackend( 4174): Added:'SetPreferences', with key:'set_preferences'
12-09 07:38:31.119 I/InstrumentationBackend( 4174): Added:'ClearPreferences', with key:'clear_preferences'
12-09 07:38:31.119 I/InstrumentationBackend( 4174): Added:'PressElement', with key:'press_l10n_element'
12-09 07:38:31.120 I/InstrumentationBackend( 4174): Added:'WaitForElement', with key:'wait_for_l10n_element'
12-09 07:38:31.120 I/InstrumentationBackend( 4174): Added:'NullAction', with key:'nullAction'
12-09 07:38:31.120 I/InstrumentationBackend( 4174): Added:'PressKey', with key:'press_key'
12-09 07:38:31.120 I/InstrumentationBackend( 4174): Added:'SetActivityOrientation', with key:'set_activity_orientation'
12-09 07:38:31.120 I/InstrumentationBackend( 4174): Added:'GetActivityOrientation', with key:'get_activity_orientation'
12-09 07:38:31.121 I/InstrumentationBackend( 4174): Added:'FakeGPSLocation', with key:'set_gps_coordinates'
12-09 07:38:31.121 I/InstrumentationBackend( 4174): Added:'SetPropertyByCssSelector', with key:'set_property_by_css_selector'
12-09 07:38:31.121 I/InstrumentationBackend( 4174): Added:'GetUrl', with key:'get_url'
12-09 07:38:31.122 I/InstrumentationBackend( 4174): Added:'ScrollTo', with key:'scroll_to'
12-09 07:38:31.122 I/InstrumentationBackend( 4174): Added:'GetLoadProgress', with key:'get_load_progress'
12-09 07:38:31.122 I/InstrumentationBackend( 4174): Added:'DumpHtml', with key:'dump_html'
12-09 07:38:31.122 I/InstrumentationBackend( 4174): Added:'DumpBodyHtml', with key:'dump_body_html'
12-09 07:38:31.122 I/InstrumentationBackend( 4174): Added:'EnterTextByCssSelector', with key:'enter_text_by_selector'
12-09 07:38:31.123 I/InstrumentationBackend( 4174): Added:'AndroidSDKVersion', with key:'android_sdk_version'
12-09 07:38:31.123 I/InstrumentationBackend( 4174): Added:'Version', with key:'version'
12-09 07:38:31.124 I/InstrumentationBackend( 4174): Added:'Drag', with key:'drag'
12-09 07:38:31.124 I/InstrumentationBackend( 4174): Added:'TouchCoordinates', with key:'touch_coordinate'
12-09 07:38:31.128 I/InstrumentationBackend( 4174): Added:'LongPressCoordinate', with key:'long_press_coordinate'
12-09 07:38:31.128 I/InstrumentationBackend( 4174): Added:'DragCoordinates', with key:'drag_coordinates'
12-09 07:38:31.128 I/InstrumentationBackend( 4174): Added:'ResumeApplication', with key:'resume_application'
12-09 07:38:31.129 I/InstrumentationBackend( 4174): Added:'Swipe', with key:'swipe'
12-09 07:38:31.129 I/InstrumentationBackend( 4174): Added:'DoubleTapCoordinate', with key:'double_tap_coordinate'
12-09 07:38:31.129 I/InstrumentationBackend( 4174): Added:'ClickOnScreen', with key:'click_on_screen'
12-09 07:38:31.129 I/InstrumentationBackend( 4174): Added:'GetActivityName', with key:'get_activity_name'
12-09 07:38:31.129 I/InstrumentationBackend( 4174): Added:'ScrollToView', with key:'scroll_to_view'
12-09 07:38:31.130 I/InstrumentationBackend( 4174): Added:'ViewConfiguration', with key:'view_configuration'
12-09 07:38:31.130 I/InstrumentationBackend( 4174): Added:'IsCurrentActivityFocused', with key:'is_current_activity_focused'
12-09 07:38:31.130 I/InstrumentationBackend( 4174): Added:'SendTcp', with key:'send_tcp'
12-09 07:38:31.130 I/InstrumentationBackend( 4174): Added:'DpToDevicePixel', with key:'dp_to_device_pixel'
12-09 07:38:31.131 I/InstrumentationBackend( 4174): Added:'KeyboardEnterText', with key:'keyboard_enter_text'
12-09 07:38:31.131 I/InstrumentationBackend( 4174): Added:'DeleteSurroundingText', with key:'delete_surrounding_text'
12-09 07:38:31.131 I/InstrumentationBackend( 4174): Added:'SetComposingRegion', with key:'set_composing_region'
12-09 07:38:31.131 I/InstrumentationBackend( 4174): Added:'SetSelection', with key:'set_selection'
12-09 07:38:31.131 I/InstrumentationBackend( 4174): Added:'KeyboardKeyEvent', with key:'keyboard_key_event'
12-09 07:38:31.131 I/InstrumentationBackend( 4174): Added:'PressUserActionButton', with key:'press_user_action_button'
12-09 07:38:31.132 I/InstrumentationBackend( 4174): Added:'HideSoftKeyboard', with key:'hide_soft_keyboard'
12-09 07:38:31.132 I/InstrumentationBackend( 4174): Added:'ListActions', with key:'list_actions'
12-09 07:38:31.133 I/calabash( 4174): Instantiating http server at 7102
12-09 07:38:31.146 I/System.out( 4174): HTTP Daemon listening on: 7102
12-09 07:38:31.258 I/System.out( 4174): URI: //ping
12-09 07:38:31.264 I/System.out( 4174): params: {json={}
12-09 07:38:31.265 I/System.out( 4174): }
12-09 07:38:31.321 I/System.out( 4174): URI: //ping
12-09 07:38:31.321 I/System.out( 4174): params: {json={}
12-09 07:38:31.321 I/System.out( 4174): }
12-09 07:38:31.369 I/System.out( 4174): URI: //ready
12-09 07:38:31.369 I/System.out( 4174): params: {json={}
12-09 07:38:31.369 I/System.out( 4174): }
12-09 07:38:31.390 I/System.out( 4174): URI: //
12-09 07:38:31.390 I/System.out( 4174): params: {json={"command":"version","arguments":[]}
12-09 07:38:31.390 I/System.out( 4174): }
12-09 07:38:31.390 I/System.out( 4174): header: {date=Sun, 09 Dec 2018 07:38:31 GMT, accept=*/*, content-length=36, host=127.0.0.1:34777, user-agent=HTTPClient/1.0 (2.8.3, ruby 2.3.1 (2016-04-26)), content-type=application/json;charset=utf-8}
12-09 07:38:31.390 I/System.out( 4174): params: {json={"command":"version","arguments":[]}
12-09 07:38:31.390 I/System.out( 4174): }
12-09 07:38:31.390 I/System.out( 4174): ProP json = {"command":"version","arguments":[]}
12-09 07:38:31.390 I/System.out( 4174): files: {}
12-09 07:38:31.390 I/System.out( 4174): command: {"command":"version","arguments":[]}
12-09 07:38:31.433 I/InstrumentationBackend( 4174): Got command:'Command:'Line:null,version', arguments:'[]'
12-09 07:38:31.463 I/System.out( 4174): result:{"bonusInformation":[],"message":"0.9.8","success":true}
12-09 07:38:31.577 I/System.out( 4174): URI: //start-application
12-09 07:38:31.577 I/System.out( 4174): params: {json={"intent":null}
12-09 07:38:31.577 I/System.out( 4174): }
12-09 07:38:31.612 I/ActivityManager( 1591): START u0 {act=android.intent.action.MAIN cat=[android.intent.category.LAUNCHER] flg=0x10200000 cmp=com.evancharlton.mileage/.Mileage} from uid 10115 on display 0
12-09 07:38:31.754 W/art     ( 1591): Long monitor contention event with owner method=int com.android.server.am.ActivityStackSupervisor.startActivityMayWait(android.app.IApplicationThread, int, java.lang.String, android.content.Intent, java.lang.String, android.service.voice.IVoiceInteractionSession, com.android.internal.app.IVoiceInteractor, android.os.IBinder, java.lang.String, int, int, android.app.ProfilerInfo, android.app.IActivityManager$WaitResult, android.content.res.Configuration, android.os.Bundle, boolean, int, android.app.IActivityContainer, com.android.server.am.TaskRecord) from ActivityStackSupervisor.java:946 waiters=0 for 112ms
12-09 07:38:31.781 I/calabash( 4174): newActivity1
12-09 07:38:31.898 D/gralloc_ranchu( 1226): gralloc_alloc: Creating ashmem region of size 3686400
12-09 07:38:31.915 I/calabash( 4174): newActivity1
12-09 07:38:31.921 W/ActivityManager( 1591): Bad activity token: android.os.BinderProxy@50985b8
12-09 07:38:31.921 W/ActivityManager( 1591): java.lang.ClassCastException: android.os.BinderProxy cannot be cast to com.android.server.am.ActivityRecord$Token
12-09 07:38:31.921 W/ActivityManager( 1591): 	at com.android.server.am.ActivityRecord.forTokenLocked(ActivityRecord.java:424)
12-09 07:38:31.921 W/ActivityManager( 1591): 	at com.android.server.am.ActivityRecord.isInStackLocked(ActivityRecord.java:1121)
12-09 07:38:31.921 W/ActivityManager( 1591): 	at com.android.server.am.ActivityRecord.getStackLocked(ActivityRecord.java:1126)
12-09 07:38:31.921 W/ActivityManager( 1591): 	at com.android.server.am.ActivityManagerService.getActivityDisplayId(ActivityManagerService.java:8889)
12-09 07:38:31.921 W/ActivityManager( 1591): 	at android.app.ActivityManagerNative.onTransact(ActivityManagerNative.java:2338)
12-09 07:38:31.921 W/ActivityManager( 1591): 	at com.android.server.am.ActivityManagerService.onTransact(ActivityManagerService.java:2443)
12-09 07:38:31.921 W/ActivityManager( 1591): 	at android.os.Binder.execTransact(Binder.java:453)
12-09 07:38:31.925 W/ActivityManager( 1591): Bad activity token: android.os.BinderProxy@50985b8
12-09 07:38:31.925 W/ActivityManager( 1591): java.lang.ClassCastException: android.os.BinderProxy cannot be cast to com.android.server.am.ActivityRecord$Token
12-09 07:38:31.925 W/ActivityManager( 1591): 	at com.android.server.am.ActivityRecord.forTokenLocked(ActivityRecord.java:424)
12-09 07:38:31.925 W/ActivityManager( 1591): 	at com.android.server.am.ActivityRecord.isInStackLocked(ActivityRecord.java:1121)
12-09 07:38:31.925 W/ActivityManager( 1591): 	at com.android.server.am.ActivityManagerService.setTaskDescription(ActivityManagerService.java:8547)
12-09 07:38:31.925 W/ActivityManager( 1591): 	at android.app.ActivityManagerNative.onTransact(ActivityManagerNative.java:2410)
12-09 07:38:31.925 W/ActivityManager( 1591): 	at com.android.server.am.ActivityManagerService.onTransact(ActivityManagerService.java:2443)
12-09 07:38:31.925 W/ActivityManager( 1591): 	at android.os.Binder.execTransact(Binder.java:453)
12-09 07:38:32.044 V/PhoneStatusBar( 1681): setLightsOn(true)
12-09 07:38:32.229 D/FillupsProvider( 4174): Creating database
12-09 07:38:32.393 D/EGL_emulation( 1900): eglMakeCurrent: 0x7f8c6a421820: ver 2 0 (tinfo 0x7f8c6a402740)
12-09 07:38:32.415 E/Surface ( 1900): getSlotFromBufferLocked: unknown buffer: 0x7f8c6a422b80
12-09 07:38:32.661 I/art     ( 4174): Background partial concurrent mark sweep GC freed 39554(2MB) AllocSpace objects, 4(80KB) LOS objects, 40% free, 1796KB/2MB, paused 25.980ms total 209.285ms
12-09 07:38:32.673 W/ActivityManager( 1591): Bad activity token: android.os.BinderProxy@50985b8
12-09 07:38:32.673 W/ActivityManager( 1591): java.lang.ClassCastException: android.os.BinderProxy cannot be cast to com.android.server.am.ActivityRecord$Token
12-09 07:38:32.673 W/ActivityManager( 1591): 	at com.android.server.am.ActivityRecord.forTokenLocked(ActivityRecord.java:424)
12-09 07:38:32.673 W/ActivityManager( 1591): 	at com.android.server.am.ActivityRecord.isInStackLocked(ActivityRecord.java:1121)
12-09 07:38:32.673 W/ActivityManager( 1591): 	at com.android.server.am.ActivityManagerService.getActivityOptions(ActivityManagerService.java:11038)
12-09 07:38:32.673 W/ActivityManager( 1591): 	at android.app.ActivityManagerNative.onTransact(ActivityManagerNative.java:1734)
12-09 07:38:32.673 W/ActivityManager( 1591): 	at com.android.server.am.ActivityManagerService.onTransact(ActivityManagerService.java:2443)
12-09 07:38:32.673 W/ActivityManager( 1591): 	at android.os.Binder.execTransact(Binder.java:453)
12-09 07:38:32.673 W/ActivityManager( 1591): Bad activity token: android.os.BinderProxy@50985b8
12-09 07:38:32.673 W/ActivityManager( 1591): java.lang.ClassCastException: android.os.BinderProxy cannot be cast to com.android.server.am.ActivityRecord$Token
12-09 07:38:32.673 W/ActivityManager( 1591): 	at com.android.server.am.ActivityRecord.forTokenLocked(ActivityRecord.java:424)
12-09 07:38:32.673 W/ActivityManager( 1591): 	at com.android.server.am.ActivityRecord.isInStackLocked(ActivityRecord.java:1121)
12-09 07:38:32.673 W/ActivityManager( 1591): 	at com.android.server.am.ActivityManagerService.getActivityOptions(ActivityManagerService.java:11038)
12-09 07:38:32.673 W/ActivityManager( 1591): 	at android.app.ActivityManagerNative.onTransact(ActivityManagerNative.java:1734)
12-09 07:38:32.673 W/ActivityManager( 1591): 	at com.android.server.am.ActivityManagerService.onTransact(ActivityManagerService.java:2443)
12-09 07:38:32.673 W/ActivityManager( 1591): 	at android.os.Binder.execTransact(Binder.java:453)
12-09 07:38:33.169 W/art     ( 1591): Long monitor contention event with owner method=void com.android.server.wm.WindowAnimator$1.doFrame(long) from WindowAnimator.java:121 waiters=1 for 160ms
12-09 07:38:33.197 W/art     ( 1591): Long monitor contention event with owner method=java.util.List com.android.server.am.ActivityManagerService.getAllStackInfos() from ActivityManagerService.java:8937 waiters=0 for 163ms
12-09 07:38:33.354 D/gralloc_ranchu( 1226): gralloc_alloc: Creating ashmem region of size 3686400
12-09 07:38:33.530 D/        ( 4174): HostConnection::get() New Host Connection established 0x7f8c66ba4f80, tid 4174
12-09 07:38:33.602 I/ActivityManager( 1591): Displayed com.evancharlton.mileage/.Mileage: +1s848ms
12-09 07:38:33.643 D/gralloc_ranchu( 1226): gralloc_alloc: Creating ashmem region of size 3686400
12-09 07:38:33.918 W/art     ( 1591): Long monitor contention event with owner method=void com.android.server.wm.WindowAnimator$1.doFrame(long) from WindowAnimator.java:121 waiters=0 for 112ms
12-09 07:38:34.185 I/System.out( 4174): URI: //
12-09 07:38:34.185 I/System.out( 4174): params: {json={"command":"set_activity_orientation","arguments":["landscape"]}
12-09 07:38:34.185 I/System.out( 4174): }
12-09 07:38:34.185 I/System.out( 4174): header: {date=Sun, 09 Dec 2018 07:38:34 GMT, accept=*/*, content-length=64, host=127.0.0.1:34777, user-agent=HTTPClient/1.0 (2.8.3, ruby 2.3.1 (2016-04-26)), content-type=application/json;charset=utf-8}
12-09 07:38:34.185 I/System.out( 4174): params: {json={"command":"set_activity_orientation","arguments":["landscape"]}
12-09 07:38:34.185 I/System.out( 4174): }
12-09 07:38:34.185 I/System.out( 4174): ProP json = {"command":"set_activity_orientation","arguments":["landscape"]}
12-09 07:38:34.185 I/System.out( 4174): files: {}
12-09 07:38:34.185 I/System.out( 4174): command: {"command":"set_activity_orientation","arguments":["landscape"]}
12-09 07:38:34.186 I/InstrumentationBackend( 4174): Got command:'Command:'Line:null,set_activity_orientation', arguments:'[landscape]'
12-09 07:38:34.210 D/gralloc_ranchu( 1226): gralloc_alloc: Creating ashmem region of size 3686400
12-09 07:38:34.233 D/gralloc_ranchu( 1226): gralloc_alloc: Creating ashmem region of size 3686400
12-09 07:38:34.320 E/EGL_emulation( 1226): tid 1226: eglCreateSyncKHR(1881): error 0x3004 (EGL_BAD_ATTRIBUTE)
12-09 07:38:34.533 I/ActivityManager( 1591): Config changes=480 {1.0 310mcc260mnc en_US ldltr sw720dp w1280dp h696dp 160dpi xlrg long land finger -keyb/v/h tball/v s.7}
12-09 07:38:34.536 I/InputReader( 1591): Reconfiguring input devices.  changes=0x00000004
12-09 07:38:34.537 I/InputReader( 1591): Device reconfigured: id=0, name='qwerty2', size 720x1280, orientation 1, mode 1, display id 0
12-09 07:38:34.717 W/art     ( 1591): Long monitor contention event with owner method=void com.android.server.am.ActivityManagerService.setRequestedOrientation(android.os.IBinder, int) from ActivityManagerService.java:4192 waiters=0 for 504ms
12-09 07:38:34.786 W/art     ( 1591): Long monitor contention event with owner method=void com.android.server.am.ActivityManagerService.setRequestedOrientation(android.os.IBinder, int) from ActivityManagerService.java:4192 waiters=1 for 570ms
12-09 07:38:34.787 W/art     ( 1591): Long monitor contention event with owner method=void com.android.server.am.ActivityManagerService.setRequestedOrientation(android.os.IBinder, int) from ActivityManagerService.java:4192 waiters=2 for 368ms
12-09 07:38:34.803 I/calabash( 4174): newActivity1
12-09 07:38:34.847 I/System.out( 4174): result:{"bonusInformation":[],"message":"","success":true}
12-09 07:38:34.865 I/calabash( 4174): newActivity1
12-09 07:38:34.907 W/ActivityManager( 1591): Bad activity token: android.os.BinderProxy@1635100
12-09 07:38:34.907 W/ActivityManager( 1591): java.lang.ClassCastException: android.os.BinderProxy cannot be cast to com.android.server.am.ActivityRecord$Token
12-09 07:38:34.907 W/ActivityManager( 1591): 	at com.android.server.am.ActivityRecord.forTokenLocked(ActivityRecord.java:424)
12-09 07:38:34.907 W/ActivityManager( 1591): 	at com.android.server.am.ActivityRecord.isInStackLocked(ActivityRecord.java:1121)
12-09 07:38:34.907 W/ActivityManager( 1591): 	at com.android.server.am.ActivityRecord.getStackLocked(ActivityRecord.java:1126)
12-09 07:38:34.907 W/ActivityManager( 1591): 	at com.android.server.am.ActivityManagerService.getActivityDisplayId(ActivityManagerService.java:8889)
12-09 07:38:34.907 W/ActivityManager( 1591): 	at android.app.ActivityManagerNative.onTransact(ActivityManagerNative.java:2338)
12-09 07:38:34.907 W/ActivityManager( 1591): 	at com.android.server.am.ActivityManagerService.onTransact(ActivityManagerService.java:2443)
12-09 07:38:34.907 W/ActivityManager( 1591): 	at android.os.Binder.execTransact(Binder.java:453)
12-09 07:38:34.911 W/ActivityManager( 1591): Bad activity token: android.os.BinderProxy@1635100
12-09 07:38:34.911 W/ActivityManager( 1591): java.lang.ClassCastException: android.os.BinderProxy cannot be cast to com.android.server.am.ActivityRecord$Token
12-09 07:38:34.911 W/ActivityManager( 1591): 	at com.android.server.am.ActivityRecord.forTokenLocked(ActivityRecord.java:424)
12-09 07:38:34.911 W/ActivityManager( 1591): 	at com.android.server.am.ActivityRecord.isInStackLocked(ActivityRecord.java:1121)
12-09 07:38:34.911 W/ActivityManager( 1591): 	at com.android.server.am.ActivityManagerService.setTaskDescription(ActivityManagerService.java:8547)
12-09 07:38:34.911 W/ActivityManager( 1591): 	at android.app.ActivityManagerNative.onTransact(ActivityManagerNative.java:2410)
12-09 07:38:34.911 W/ActivityManager( 1591): 	at com.android.server.am.ActivityManagerService.onTransact(ActivityManagerService.java:2443)
12-09 07:38:34.911 W/ActivityManager( 1591): 	at android.os.Binder.execTransact(Binder.java:453)
12-09 07:38:34.947 W/ActivityManager( 1591): Bad activity token: android.os.BinderProxy@1635100
12-09 07:38:34.947 W/ActivityManager( 1591): java.lang.ClassCastException: android.os.BinderProxy cannot be cast to com.android.server.am.ActivityRecord$Token
12-09 07:38:34.947 W/ActivityManager( 1591): 	at com.android.server.am.ActivityRecord.forTokenLocked(ActivityRecord.java:424)
12-09 07:38:34.947 W/ActivityManager( 1591): 	at com.android.server.am.ActivityRecord.isInStackLocked(ActivityRecord.java:1121)
12-09 07:38:34.947 W/ActivityManager( 1591): 	at com.android.server.am.ActivityManagerService.getActivityOptions(ActivityManagerService.java:11038)
12-09 07:38:34.947 W/ActivityManager( 1591): 	at android.app.ActivityManagerNative.onTransact(ActivityManagerNative.java:1734)
12-09 07:38:34.947 W/ActivityManager( 1591): 	at com.android.server.am.ActivityManagerService.onTransact(ActivityManagerService.java:2443)
12-09 07:38:34.947 W/ActivityManager( 1591): 	at android.os.Binder.execTransact(Binder.java:453)
12-09 07:38:34.947 W/ActivityManager( 1591): Bad activity token: android.os.BinderProxy@1635100
12-09 07:38:34.947 W/ActivityManager( 1591): java.lang.ClassCastException: android.os.BinderProxy cannot be cast to com.android.server.am.ActivityRecord$Token
12-09 07:38:34.947 W/ActivityManager( 1591): 	at com.android.server.am.ActivityRecord.forTokenLocked(ActivityRecord.java:424)
12-09 07:38:34.947 W/ActivityManager( 1591): 	at com.android.server.am.ActivityRecord.isInStackLocked(ActivityRecord.java:1121)
12-09 07:38:34.947 W/ActivityManager( 1591): 	at com.android.server.am.ActivityManagerService.getActivityOptions(ActivityManagerService.java:11038)
12-09 07:38:34.947 W/ActivityManager( 1591): 	at android.app.ActivityManagerNative.onTransact(ActivityManagerNative.java:1734)
12-09 07:38:34.947 W/ActivityManager( 1591): 	at com.android.server.am.ActivityManagerService.onTransact(ActivityManagerService.java:2443)
12-09 07:38:34.947 W/ActivityManager( 1591): 	at android.os.Binder.execTransact(Binder.java:453)
12-09 07:38:34.969 D/EGL_emulation( 1681): eglMakeCurrent: 0x7f8c66a386a0: ver 2 0 (tinfo 0x7f8c5dd5d900)
12-09 07:38:34.971 E/Surface ( 1681): getSlotFromBufferLocked: unknown buffer: 0x7f8c663498a0
12-09 07:38:34.977 D/EGL_emulation( 1681): eglMakeCurrent: 0x7f8c66a386a0: ver 2 0 (tinfo 0x7f8c5dd5d900)
12-09 07:38:34.997 I/art     ( 4174): Background sticky concurrent mark sweep GC freed 13881(606KB) AllocSpace objects, 1(20KB) LOS objects, 26% free, 2MB/2MB, paused 5.454ms total 37.726ms
12-09 07:38:35.026 I/WindowManager( 1591): Screen frozen for +817ms due to Window{edea971 u0 StatusBar}
12-09 07:38:35.355 I/AccountManagerService( 1591): getTypesVisibleToCaller: isPermitted? true
12-09 07:38:35.488 W/art     ( 1591): Long monitor contention event with owner method=void com.android.server.wm.WindowManagerService$H.handleMessage(android.os.Message) from WindowManagerService.java:7820 waiters=0 for 442ms
12-09 07:38:35.651 I/Choreographer( 4174): Skipped 36 frames!  The application may be doing too much work on its main thread.
12-09 07:38:35.661 D/gralloc_ranchu( 1226): gralloc_alloc: Creating ashmem region of size 3686400
12-09 07:38:36.182 D/gralloc_ranchu( 1226): gralloc_alloc: Creating ashmem region of size 3686400
12-09 07:38:37.356 E/SurfaceFlinger( 1226): ro.sf.lcd_density must be defined as a build property
12-09 07:38:37.357 D/gralloc_ranchu( 1226): gralloc_alloc: Creating ashmem region of size 3686400
12-09 07:38:37.432 D/        ( 4207): HostConnection::get() New Host Connection established 0x7fd6b5e92480, tid 4207
12-09 07:38:37.528 I/art     ( 1591): Starting a blocking GC Explicit
12-09 07:38:37.539 E/EGL_emulation( 1226): tid 1226: eglCreateSyncKHR(1881): error 0x3004 (EGL_BAD_ATTRIBUTE)
12-09 07:38:37.612 I/art     ( 1591): Explicit concurrent mark sweep GC freed 27022(2MB) AllocSpace objects, 12(240KB) LOS objects, 29% free, 9MB/13MB, paused 6.815ms total 68.765ms
12-09 07:38:38.105 I/System.out( 4174): URI: //
12-09 07:38:38.105 I/System.out( 4174): params: {json={"command":"set_activity_orientation","arguments":["portrait"]}
12-09 07:38:38.106 I/System.out( 4174): }
12-09 07:38:38.106 I/System.out( 4174): header: {date=Sun, 09 Dec 2018 07:38:38 GMT, accept=*/*, content-length=63, host=127.0.0.1:34777, user-agent=HTTPClient/1.0 (2.8.3, ruby 2.3.1 (2016-04-26)), content-type=application/json;charset=utf-8}
12-09 07:38:38.106 I/System.out( 4174): params: {json={"command":"set_activity_orientation","arguments":["portrait"]}
12-09 07:38:38.106 I/System.out( 4174): }
12-09 07:38:38.106 I/System.out( 4174): ProP json = {"command":"set_activity_orientation","arguments":["portrait"]}
12-09 07:38:38.106 I/System.out( 4174): files: {}
12-09 07:38:38.106 I/System.out( 4174): command: {"command":"set_activity_orientation","arguments":["portrait"]}
12-09 07:38:38.107 I/InstrumentationBackend( 4174): Got command:'Command:'Line:null,set_activity_orientation', arguments:'[portrait]'
12-09 07:38:38.110 D/gralloc_ranchu( 1226): gralloc_alloc: Creating ashmem region of size 3686400
12-09 07:38:38.137 E/EGL_emulation( 1226): tid 1226: eglCreateSyncKHR(1881): error 0x3004 (EGL_BAD_ATTRIBUTE)
12-09 07:38:38.400 I/ActivityManager( 1591): Config changes=480 {1.0 310mcc260mnc en_US ldltr sw720dp w720dp h1256dp 160dpi xlrg long port finger -keyb/v/h tball/v s.8}
12-09 07:38:38.456 I/InputReader( 1591): Reconfiguring input devices.  changes=0x00000004
12-09 07:38:38.457 I/InputReader( 1591): Device reconfigured: id=0, name='qwerty2', size 720x1280, orientation 0, mode 1, display id 0
12-09 07:38:38.457 I/InputReader( 1591): Reconfiguring input devices.  changes=0x00000004
12-09 07:38:38.731 I/calabash( 4174): newActivity1
12-09 07:38:38.799 I/System.out( 4174): result:{"bonusInformation":[],"message":"","success":true}
12-09 07:38:38.857 D/EGL_emulation( 1681): eglMakeCurrent: 0x7f8c66a386a0: ver 2 0 (tinfo 0x7f8c5dd5d900)
12-09 07:38:38.859 I/calabash( 4174): newActivity1
12-09 07:38:38.860 W/ActivityManager( 1591): Bad activity token: android.os.BinderProxy@b7a4018
12-09 07:38:38.860 W/ActivityManager( 1591): java.lang.ClassCastException: android.os.BinderProxy cannot be cast to com.android.server.am.ActivityRecord$Token
12-09 07:38:38.860 W/ActivityManager( 1591): 	at com.android.server.am.ActivityRecord.forTokenLocked(ActivityRecord.java:424)
12-09 07:38:38.860 W/ActivityManager( 1591): 	at com.android.server.am.ActivityRecord.isInStackLocked(ActivityRecord.java:1121)
12-09 07:38:38.860 W/ActivityManager( 1591): 	at com.android.server.am.ActivityRecord.getStackLocked(ActivityRecord.java:1126)
12-09 07:38:38.860 W/ActivityManager( 1591): 	at com.android.server.am.ActivityManagerService.getActivityDisplayId(ActivityManagerService.java:8889)
12-09 07:38:38.860 W/ActivityManager( 1591): 	at android.app.ActivityManagerNative.onTransact(ActivityManagerNative.java:2338)
12-09 07:38:38.860 W/ActivityManager( 1591): 	at com.android.server.am.ActivityManagerService.onTransact(ActivityManagerService.java:2443)
12-09 07:38:38.860 W/ActivityManager( 1591): 	at android.os.Binder.execTransact(Binder.java:453)
12-09 07:38:38.861 W/ActivityManager( 1591): Bad activity token: android.os.BinderProxy@b7a4018
12-09 07:38:38.861 W/ActivityManager( 1591): java.lang.ClassCastException: android.os.BinderProxy cannot be cast to com.android.server.am.ActivityRecord$Token
12-09 07:38:38.861 W/ActivityManager( 1591): 	at com.android.server.am.ActivityRecord.forTokenLocked(ActivityRecord.java:424)
12-09 07:38:38.861 W/ActivityManager( 1591): 	at com.android.server.am.ActivityRecord.isInStackLocked(ActivityRecord.java:1121)
12-09 07:38:38.861 W/ActivityManager( 1591): 	at com.android.server.am.ActivityManagerService.setTaskDescription(ActivityManagerService.java:8547)
12-09 07:38:38.861 W/ActivityManager( 1591): 	at android.app.ActivityManagerNative.onTransact(ActivityManagerNative.java:2410)
12-09 07:38:38.861 W/ActivityManager( 1591): 	at com.android.server.am.ActivityManagerService.onTransact(ActivityManagerService.java:2443)
12-09 07:38:38.861 W/ActivityManager( 1591): 	at android.os.Binder.execTransact(Binder.java:453)
12-09 07:38:38.865 I/art     ( 4174): Background sticky concurrent mark sweep GC freed 14738(701KB) AllocSpace objects, 3(60KB) LOS objects, 21% free, 2MB/2MB, paused 9.936ms total 89.271ms
12-09 07:38:38.866 E/Surface ( 1681): getSlotFromBufferLocked: unknown buffer: 0x7f8c66348f40
12-09 07:38:38.880 W/ActivityManager( 1591): Bad activity token: android.os.BinderProxy@b7a4018
12-09 07:38:38.880 W/ActivityManager( 1591): java.lang.ClassCastException: android.os.BinderProxy cannot be cast to com.android.server.am.ActivityRecord$Token
12-09 07:38:38.880 W/ActivityManager( 1591): 	at com.android.server.am.ActivityRecord.forTokenLocked(ActivityRecord.java:424)
12-09 07:38:38.880 W/ActivityManager( 1591): 	at com.android.server.am.ActivityRecord.isInStackLocked(ActivityRecord.java:1121)
12-09 07:38:38.880 W/ActivityManager( 1591): 	at com.android.server.am.ActivityManagerService.getActivityOptions(ActivityManagerService.java:11038)
12-09 07:38:38.880 W/ActivityManager( 1591): 	at android.app.ActivityManagerNative.onTransact(ActivityManagerNative.java:1734)
12-09 07:38:38.880 W/ActivityManager( 1591): 	at com.android.server.am.ActivityManagerService.onTransact(ActivityManagerService.java:2443)
12-09 07:38:38.880 W/ActivityManager( 1591): 	at android.os.Binder.execTransact(Binder.java:453)
12-09 07:38:38.882 D/EGL_emulation( 1681): eglMakeCurrent: 0x7f8c66a386a0: ver 2 0 (tinfo 0x7f8c5dd5d900)
12-09 07:38:38.888 W/ActivityManager( 1591): Bad activity token: android.os.BinderProxy@b7a4018
12-09 07:38:38.888 W/ActivityManager( 1591): java.lang.ClassCastException: android.os.BinderProxy cannot be cast to com.android.server.am.ActivityRecord$Token
12-09 07:38:38.888 W/ActivityManager( 1591): 	at com.android.server.am.ActivityRecord.forTokenLocked(ActivityRecord.java:424)
12-09 07:38:38.888 W/ActivityManager( 1591): 	at com.android.server.am.ActivityRecord.isInStackLocked(ActivityRecord.java:1121)
12-09 07:38:38.888 W/ActivityManager( 1591): 	at com.android.server.am.ActivityManagerService.getActivityOptions(ActivityManagerService.java:11038)
12-09 07:38:38.888 W/ActivityManager( 1591): 	at android.app.ActivityManagerNative.onTransact(ActivityManagerNative.java:1734)
12-09 07:38:38.888 W/ActivityManager( 1591): 	at com.android.server.am.ActivityManagerService.onTransact(ActivityManagerService.java:2443)
12-09 07:38:38.888 W/ActivityManager( 1591): 	at android.os.Binder.execTransact(Binder.java:453)
12-09 07:38:38.906 I/WindowManager( 1591): Screen frozen for +798ms due to Window{edea971 u0 StatusBar}
12-09 07:38:39.279 D/gralloc_ranchu( 1226): gralloc_alloc: Creating ashmem region of size 3686400
12-09 07:38:39.522 D/gralloc_ranchu( 1226): gralloc_alloc: Creating ashmem region of size 3686400
12-09 07:38:40.333 D/gralloc_ranchu( 1226): gralloc_alloc: Creating ashmem region of size 3686400
12-09 07:38:40.367 I/AccountManagerService( 1591): getTypesVisibleToCaller: isPermitted? true
12-09 07:38:40.928 I/art     ( 1591): Starting a blocking GC Explicit
12-09 07:38:40.976 I/art     ( 1591): Explicit concurrent mark sweep GC freed 6487(458KB) AllocSpace objects, 0(0B) LOS objects, 30% free, 9MB/13MB, paused 6.018ms total 39.199ms
12-09 07:38:41.252 E/SurfaceFlinger( 1226): ro.sf.lcd_density must be defined as a build property
12-09 07:38:41.277 D/gralloc_ranchu( 1226): gralloc_alloc: Creating ashmem region of size 3686400
12-09 07:38:41.289 D/        ( 4214): HostConnection::get() New Host Connection established 0x7f4e59cd2480, tid 4214
12-09 07:38:41.311 E/EGL_emulation( 1226): tid 1226: eglCreateSyncKHR(1881): error 0x3004 (EGL_BAD_ATTRIBUTE)
