--------- beginning of main
12-09 07:52:09.778 D/AndroidRuntime( 7785): >>>>>> START com.android.internal.os.RuntimeInit uid 0 <<<<<<
12-09 07:52:09.791 D/AndroidRuntime( 7785): CheckJNI is ON
12-09 07:52:09.803 D/ICU     ( 7785): No timezone override file found: /data/misc/zoneinfo/current/icu/icu_tzdata.dat
12-09 07:52:10.109 E/memtrack( 7785): Couldn't load memtrack module (No such file or directory)
12-09 07:52:10.114 E/android.os.Debug( 7785): failed to load memtrack module: -2
12-09 07:52:10.115 I/Radio-JNI( 7785): register_android_hardware_Radio DONE
12-09 07:52:10.126 D/AndroidRuntime( 7785): Calling main entry com.android.commands.am.Am
--------- beginning of system
12-09 07:52:10.207 I/ActivityManager( 1591): Force stopping com.evancharlton.mileage appid=10121 user=0: start instr
12-09 07:52:10.207 I/ActivityManager( 1591): Killing 7767:com.evancharlton.mileage/u0a121 (adj 0): stop com.evancharlton.mileage
12-09 07:52:13.307 W/ActivityManager( 1591): Crash of app com.evancharlton.mileage running instrumentation ComponentInfo{com.evancharlton.mileage.test/sh.calaba.instrumentationbackend.ClearAppData2}
12-09 07:52:13.314 I/ActivityManager( 1591): Force stopping com.evancharlton.mileage appid=10121 user=0: finished inst
12-09 07:52:13.407 I/ActivityManager( 1591): Start proc 7794:com.evancharlton.mileage/u0a121 for added application com.evancharlton.mileage
12-09 07:52:13.414 D/AndroidRuntime( 7785): Shutting down VM
12-09 07:52:13.422 W/art     ( 1591): Long monitor contention event with owner method=boolean com.android.server.am.ActivityManagerService.startInstrumentation(android.content.ComponentName, java.lang.String, int, android.os.Bundle, android.app.IInstrumentationWatcher, android.app.IUiAutomationConnection, int, java.lang.String) from ActivityManagerService.java:17066 waiters=0 for 3.211s
12-09 07:52:13.422 W/art     ( 1591): Long monitor contention event with owner method=boolean com.android.server.am.ActivityManagerService.startInstrumentation(android.content.ComponentName, java.lang.String, int, android.os.Bundle, android.app.IInstrumentationWatcher, android.app.IUiAutomationConnection, int, java.lang.String) from ActivityManagerService.java:17066 waiters=1 for 3.188s
12-09 07:52:13.422 W/ActivityManager( 1591): Spurious death for ProcessRecord{1c4ff9a 0:com.evancharlton.mileage/u0a121}, curProc for 7767: null
12-09 07:52:13.490 W/System  ( 7794): ClassLoader referenced unknown path: /data/app/com.evancharlton.mileage.test-1/lib/x86_64
12-09 07:52:13.490 W/System  ( 7794): ClassLoader referenced unknown path: /data/app/com.evancharlton.mileage-1/lib/x86_64
12-09 07:52:13.502 I/System.out( 7794): Main activity name automatically set to: com.evancharlton.mileage.Mileage
12-09 07:52:13.503 I/System.out( 7794): Calabash did not load Mono. This is only a problem if you are trying to test a Mono application
12-09 07:52:13.503 I/calabash( 7794): Test server port: 7102
12-09 07:52:13.504 I/InstrumentationBackend( 7794): Added:'GetPreferences', with key:'get_preferences'
12-09 07:52:13.724 I/InstrumentationBackend( 7794): Added:'SetPreferences', with key:'set_preferences'
12-09 07:52:13.724 I/InstrumentationBackend( 7794): Added:'ClearPreferences', with key:'clear_preferences'
12-09 07:52:13.724 I/InstrumentationBackend( 7794): Added:'PressElement', with key:'press_l10n_element'
12-09 07:52:13.724 I/InstrumentationBackend( 7794): Added:'WaitForElement', with key:'wait_for_l10n_element'
12-09 07:52:13.725 I/InstrumentationBackend( 7794): Added:'NullAction', with key:'nullAction'
12-09 07:52:13.725 I/InstrumentationBackend( 7794): Added:'PressKey', with key:'press_key'
12-09 07:52:13.725 I/InstrumentationBackend( 7794): Added:'SetActivityOrientation', with key:'set_activity_orientation'
12-09 07:52:13.725 I/InstrumentationBackend( 7794): Added:'GetActivityOrientation', with key:'get_activity_orientation'
12-09 07:52:13.725 I/InstrumentationBackend( 7794): Added:'FakeGPSLocation', with key:'set_gps_coordinates'
12-09 07:52:13.730 I/InstrumentationBackend( 7794): Added:'SetPropertyByCssSelector', with key:'set_property_by_css_selector'
12-09 07:52:13.730 I/InstrumentationBackend( 7794): Added:'GetUrl', with key:'get_url'
12-09 07:52:13.758 I/art     ( 7794): Background sticky concurrent mark sweep GC freed 26908(1183KB) AllocSpace objects, 0(0B) LOS objects, 75% free, 955KB/3MB, paused 6.086ms total 219.945ms
12-09 07:52:13.764 I/InstrumentationBackend( 7794): Added:'ScrollTo', with key:'scroll_to'
12-09 07:52:13.764 I/InstrumentationBackend( 7794): Added:'GetLoadProgress', with key:'get_load_progress'
12-09 07:52:13.764 I/InstrumentationBackend( 7794): Added:'DumpHtml', with key:'dump_html'
12-09 07:52:13.764 I/InstrumentationBackend( 7794): Added:'DumpBodyHtml', with key:'dump_body_html'
12-09 07:52:13.764 I/InstrumentationBackend( 7794): Added:'EnterTextByCssSelector', with key:'enter_text_by_selector'
12-09 07:52:13.767 I/InstrumentationBackend( 7794): Added:'AndroidSDKVersion', with key:'android_sdk_version'
12-09 07:52:13.770 I/InstrumentationBackend( 7794): Added:'Version', with key:'version'
12-09 07:52:13.770 I/InstrumentationBackend( 7794): Added:'Drag', with key:'drag'
12-09 07:52:13.770 I/InstrumentationBackend( 7794): Added:'TouchCoordinates', with key:'touch_coordinate'
12-09 07:52:13.770 I/InstrumentationBackend( 7794): Added:'LongPressCoordinate', with key:'long_press_coordinate'
12-09 07:52:13.770 I/InstrumentationBackend( 7794): Added:'DragCoordinates', with key:'drag_coordinates'
12-09 07:52:13.770 I/InstrumentationBackend( 7794): Added:'ResumeApplication', with key:'resume_application'
12-09 07:52:13.771 I/InstrumentationBackend( 7794): Added:'Swipe', with key:'swipe'
12-09 07:52:13.771 I/InstrumentationBackend( 7794): Added:'DoubleTapCoordinate', with key:'double_tap_coordinate'
12-09 07:52:13.771 I/InstrumentationBackend( 7794): Added:'ClickOnScreen', with key:'click_on_screen'
12-09 07:52:13.771 I/InstrumentationBackend( 7794): Added:'GetActivityName', with key:'get_activity_name'
12-09 07:52:13.771 I/InstrumentationBackend( 7794): Added:'ScrollToView', with key:'scroll_to_view'
12-09 07:52:13.772 I/InstrumentationBackend( 7794): Added:'ViewConfiguration', with key:'view_configuration'
12-09 07:52:13.772 I/InstrumentationBackend( 7794): Added:'IsCurrentActivityFocused', with key:'is_current_activity_focused'
12-09 07:52:13.772 I/InstrumentationBackend( 7794): Added:'SendTcp', with key:'send_tcp'
12-09 07:52:13.772 I/InstrumentationBackend( 7794): Added:'DpToDevicePixel', with key:'dp_to_device_pixel'
12-09 07:52:13.773 I/InstrumentationBackend( 7794): Added:'KeyboardEnterText', with key:'keyboard_enter_text'
12-09 07:52:13.773 I/InstrumentationBackend( 7794): Added:'DeleteSurroundingText', with key:'delete_surrounding_text'
12-09 07:52:13.773 I/InstrumentationBackend( 7794): Added:'SetComposingRegion', with key:'set_composing_region'
12-09 07:52:13.773 I/InstrumentationBackend( 7794): Added:'SetSelection', with key:'set_selection'
12-09 07:52:13.773 I/InstrumentationBackend( 7794): Added:'KeyboardKeyEvent', with key:'keyboard_key_event'
12-09 07:52:13.773 I/InstrumentationBackend( 7794): Added:'PressUserActionButton', with key:'press_user_action_button'
12-09 07:52:13.774 I/InstrumentationBackend( 7794): Added:'HideSoftKeyboard', with key:'hide_soft_keyboard'
12-09 07:52:13.778 I/InstrumentationBackend( 7794): Added:'ListActions', with key:'list_actions'
12-09 07:52:13.778 I/calabash( 7794): Instantiating http server at 7102
12-09 07:52:13.786 I/System.out( 7794): HTTP Daemon listening on: 7102
12-09 07:52:13.875 I/System.out( 7794): URI: //ping
12-09 07:52:13.875 I/System.out( 7794): params: {json={}
12-09 07:52:13.875 I/System.out( 7794): }
12-09 07:52:13.930 I/System.out( 7794): URI: //ping
12-09 07:52:13.930 I/System.out( 7794): params: {json={}
12-09 07:52:13.930 I/System.out( 7794): }
12-09 07:52:13.987 I/System.out( 7794): URI: //ready
12-09 07:52:13.987 I/System.out( 7794): params: {json={}
12-09 07:52:13.987 I/System.out( 7794): }
12-09 07:52:14.043 I/System.out( 7794): URI: //
12-09 07:52:14.050 I/System.out( 7794): params: {json={"command":"version","arguments":[]}
12-09 07:52:14.050 I/System.out( 7794): }
12-09 07:52:14.050 I/System.out( 7794): header: {date=Sun, 09 Dec 2018 07:52:14 GMT, accept=*/*, content-length=36, host=127.0.0.1:34777, user-agent=HTTPClient/1.0 (2.8.3, ruby 2.3.1 (2016-04-26)), content-type=application/json;charset=utf-8}
12-09 07:52:14.050 I/System.out( 7794): params: {json={"command":"version","arguments":[]}
12-09 07:52:14.050 I/System.out( 7794): }
12-09 07:52:14.050 I/System.out( 7794): ProP json = {"command":"version","arguments":[]}
12-09 07:52:14.050 I/System.out( 7794): files: {}
12-09 07:52:14.050 I/System.out( 7794): command: {"command":"version","arguments":[]}
12-09 07:52:14.058 I/InstrumentationBackend( 7794): Got command:'Command:'Line:null,version', arguments:'[]'
12-09 07:52:14.078 I/System.out( 7794): result:{"bonusInformation":[],"message":"0.9.8","success":true}
12-09 07:52:14.175 I/System.out( 7794): URI: //start-application
12-09 07:52:14.175 I/System.out( 7794): params: {json={"intent":null}
12-09 07:52:14.175 I/System.out( 7794): }
12-09 07:52:14.222 I/ActivityManager( 1591): START u0 {act=android.intent.action.MAIN cat=[android.intent.category.LAUNCHER] flg=0x10200000 cmp=com.evancharlton.mileage/.Mileage} from uid 10121 on display 0
12-09 07:52:14.287 I/calabash( 7794): newActivity1
12-09 07:52:14.509 I/calabash( 7794): newActivity1
12-09 07:52:14.522 W/art     ( 7794): Suspending all threads took: 10.936ms
12-09 07:52:14.525 W/ActivityManager( 1591): Bad activity token: android.os.BinderProxy@3f9ccc0
12-09 07:52:14.525 W/ActivityManager( 1591): java.lang.ClassCastException: android.os.BinderProxy cannot be cast to com.android.server.am.ActivityRecord$Token
12-09 07:52:14.525 W/ActivityManager( 1591): 	at com.android.server.am.ActivityRecord.forTokenLocked(ActivityRecord.java:424)
12-09 07:52:14.525 W/ActivityManager( 1591): 	at com.android.server.am.ActivityRecord.isInStackLocked(ActivityRecord.java:1121)
12-09 07:52:14.525 W/ActivityManager( 1591): 	at com.android.server.am.ActivityRecord.getStackLocked(ActivityRecord.java:1126)
12-09 07:52:14.525 W/ActivityManager( 1591): 	at com.android.server.am.ActivityManagerService.getActivityDisplayId(ActivityManagerService.java:8889)
12-09 07:52:14.525 W/ActivityManager( 1591): 	at android.app.ActivityManagerNative.onTransact(ActivityManagerNative.java:2338)
12-09 07:52:14.525 W/ActivityManager( 1591): 	at com.android.server.am.ActivityManagerService.onTransact(ActivityManagerService.java:2443)
12-09 07:52:14.525 W/ActivityManager( 1591): 	at android.os.Binder.execTransact(Binder.java:453)
12-09 07:52:14.525 W/ActivityManager( 1591): Bad activity token: android.os.BinderProxy@3f9ccc0
12-09 07:52:14.525 W/ActivityManager( 1591): java.lang.ClassCastException: android.os.BinderProxy cannot be cast to com.android.server.am.ActivityRecord$Token
12-09 07:52:14.525 W/ActivityManager( 1591): 	at com.android.server.am.ActivityRecord.forTokenLocked(ActivityRecord.java:424)
12-09 07:52:14.525 W/ActivityManager( 1591): 	at com.android.server.am.ActivityRecord.isInStackLocked(ActivityRecord.java:1121)
12-09 07:52:14.525 W/ActivityManager( 1591): 	at com.android.server.am.ActivityManagerService.setTaskDescription(ActivityManagerService.java:8547)
12-09 07:52:14.525 W/ActivityManager( 1591): 	at android.app.ActivityManagerNative.onTransact(ActivityManagerNative.java:2410)
12-09 07:52:14.525 W/ActivityManager( 1591): 	at com.android.server.am.ActivityManagerService.onTransact(ActivityManagerService.java:2443)
12-09 07:52:14.525 W/ActivityManager( 1591): 	at android.os.Binder.execTransact(Binder.java:453)
12-09 07:52:14.613 D/gralloc_ranchu( 1219): gralloc_alloc: Creating ashmem region of size 3686400
12-09 07:52:14.657 I/art     ( 7794): Background partial concurrent mark sweep GC freed 34820(2006KB) AllocSpace objects, 15(300KB) LOS objects, 40% free, 1618KB/2MB, paused 12.286ms total 175.732ms
12-09 07:52:14.756 D/FillupsProvider( 7794): Creating database
12-09 07:52:14.902 W/ActivityManager( 1591): Bad activity token: android.os.BinderProxy@3f9ccc0
12-09 07:52:14.902 W/ActivityManager( 1591): java.lang.ClassCastException: android.os.BinderProxy cannot be cast to com.android.server.am.ActivityRecord$Token
12-09 07:52:14.902 W/ActivityManager( 1591): 	at com.android.server.am.ActivityRecord.forTokenLocked(ActivityRecord.java:424)
12-09 07:52:14.902 W/ActivityManager( 1591): 	at com.android.server.am.ActivityRecord.isInStackLocked(ActivityRecord.java:1121)
12-09 07:52:14.902 W/ActivityManager( 1591): 	at com.android.server.am.ActivityManagerService.getActivityOptions(ActivityManagerService.java:11038)
12-09 07:52:14.902 W/ActivityManager( 1591): 	at android.app.ActivityManagerNative.onTransact(ActivityManagerNative.java:1734)
12-09 07:52:14.902 W/ActivityManager( 1591): 	at com.android.server.am.ActivityManagerService.onTransact(ActivityManagerService.java:2443)
12-09 07:52:14.902 W/ActivityManager( 1591): 	at android.os.Binder.execTransact(Binder.java:453)
12-09 07:52:14.902 W/ActivityManager( 1591): Bad activity token: android.os.BinderProxy@3f9ccc0
12-09 07:52:14.902 W/ActivityManager( 1591): java.lang.ClassCastException: android.os.BinderProxy cannot be cast to com.android.server.am.ActivityRecord$Token
12-09 07:52:14.902 W/ActivityManager( 1591): 	at com.android.server.am.ActivityRecord.forTokenLocked(ActivityRecord.java:424)
12-09 07:52:14.902 W/ActivityManager( 1591): 	at com.android.server.am.ActivityRecord.isInStackLocked(ActivityRecord.java:1121)
12-09 07:52:14.902 W/ActivityManager( 1591): 	at com.android.server.am.ActivityManagerService.getActivityOptions(ActivityManagerService.java:11038)
12-09 07:52:14.902 W/ActivityManager( 1591): 	at android.app.ActivityManagerNative.onTransact(ActivityManagerNative.java:1734)
12-09 07:52:14.902 W/ActivityManager( 1591): 	at com.android.server.am.ActivityManagerService.onTransact(ActivityManagerService.java:2443)
12-09 07:52:14.902 W/ActivityManager( 1591): 	at android.os.Binder.execTransact(Binder.java:453)
12-09 07:52:15.283 V/PhoneStatusBar( 1683): setLightsOn(true)
12-09 07:52:15.284 V/PhoneStatusBar( 1683): setLightsOn(true)
12-09 07:52:15.343 D/gralloc_ranchu( 1219): gralloc_alloc: Creating ashmem region of size 3686400
12-09 07:52:15.414 D/EGL_emulation( 1958): eglMakeCurrent: 0x7fe594cb4dc0: ver 2 0 (tinfo 0x7fe594c82fa0)
12-09 07:52:15.419 E/Surface ( 1958): getSlotFromBufferLocked: unknown buffer: 0x7fe59125a3e0
12-09 07:52:15.458 D/        ( 7794): HostConnection::get() New Host Connection established 0x7fe592c05f00, tid 7794
12-09 07:52:15.711 W/art     ( 1591): Long monitor contention event with owner method=void com.android.server.wm.WindowAnimator$1.doFrame(long) from WindowAnimator.java:121 waiters=1 for 254ms
12-09 07:52:15.921 W/art     ( 1591): Long monitor contention event with owner method=void com.android.server.wm.WindowAnimator$1.doFrame(long) from WindowAnimator.java:121 waiters=2 for 290ms
12-09 07:52:15.996 W/art     ( 1591): Long monitor contention event with owner method=void com.android.server.wm.WindowAnimator$1.doFrame(long) from WindowAnimator.java:121 waiters=2 for 284ms
12-09 07:52:16.096 W/art     ( 1591): Long monitor contention event with owner method=void com.android.server.wm.WindowAnimator$1.doFrame(long) from WindowAnimator.java:121 waiters=2 for 175ms
12-09 07:52:16.207 W/art     ( 1591): Long monitor contention event with owner method=void com.android.server.wm.WindowAnimator$1.doFrame(long) from WindowAnimator.java:121 waiters=2 for 211ms
12-09 07:52:16.220 W/art     ( 1591): Long monitor contention event with owner method=java.util.List com.android.server.am.ActivityManagerService.getAllStackInfos() from ActivityManagerService.java:8937 waiters=0 for 374ms
12-09 07:52:16.220 I/Choreographer( 1683): Skipped 48 frames!  The application may be doing too much work on its main thread.
12-09 07:52:16.223 I/ActivityManager( 1591): Displayed com.evancharlton.mileage/.Mileage: +1s946ms
12-09 07:52:16.263 D/gralloc_ranchu( 1219): gralloc_alloc: Creating ashmem region of size 3686400
12-09 07:52:16.810 D/gralloc_ranchu( 1219): gralloc_alloc: Creating ashmem region of size 3686400
12-09 07:52:17.059 I/System.out( 7794): URI: //
12-09 07:52:17.059 I/System.out( 7794): params: {json={"command":"set_activity_orientation","arguments":["landscape"]}
12-09 07:52:17.059 I/System.out( 7794): }
12-09 07:52:17.059 I/System.out( 7794): header: {date=Sun, 09 Dec 2018 07:52:17 GMT, accept=*/*, content-length=64, host=127.0.0.1:34777, user-agent=HTTPClient/1.0 (2.8.3, ruby 2.3.1 (2016-04-26)), content-type=application/json;charset=utf-8}
12-09 07:52:17.059 I/System.out( 7794): params: {json={"command":"set_activity_orientation","arguments":["landscape"]}
12-09 07:52:17.059 I/System.out( 7794): }
12-09 07:52:17.059 I/System.out( 7794): ProP json = {"command":"set_activity_orientation","arguments":["landscape"]}
12-09 07:52:17.059 I/System.out( 7794): files: {}
12-09 07:52:17.060 I/System.out( 7794): command: {"command":"set_activity_orientation","arguments":["landscape"]}
12-09 07:52:17.060 I/InstrumentationBackend( 7794): Got command:'Command:'Line:null,set_activity_orientation', arguments:'[landscape]'
12-09 07:52:17.108 D/gralloc_ranchu( 1219): gralloc_alloc: Creating ashmem region of size 3686400
12-09 07:52:17.178 E/EGL_emulation( 1219): tid 1219: eglCreateSyncKHR(1881): error 0x3004 (EGL_BAD_ATTRIBUTE)
12-09 07:52:17.295 I/InputReader( 1591): Reconfiguring input devices.  changes=0x00000004
12-09 07:52:17.295 I/InputReader( 1591): Device reconfigured: id=0, name='qwerty2', size 720x1280, orientation 1, mode 1, display id 0
12-09 07:52:17.298 I/ActivityManager( 1591): Config changes=480 {1.0 310mcc260mnc en_US ldltr sw720dp w1280dp h696dp 160dpi xlrg long land finger -keyb/v/h tball/v s.19}
12-09 07:52:17.448 W/art     ( 1591): Long monitor contention event with owner method=void com.android.server.am.ActivityManagerService.setRequestedOrientation(android.os.IBinder, int) from ActivityManagerService.java:4192 waiters=1 for 162ms
12-09 07:52:17.464 I/art     ( 7794): Background partial concurrent mark sweep GC freed 9310(526KB) AllocSpace objects, 3(60KB) LOS objects, 40% free, 1975KB/3MB, paused 13.900ms total 153.505ms
12-09 07:52:17.555 I/System.out( 7794): result:{"bonusInformation":[],"message":"","success":true}
12-09 07:52:17.600 I/calabash( 7794): newActivity1
12-09 07:52:17.604 D/EGL_emulation( 1683): eglMakeCurrent: 0x7fe592c097c0: ver 2 0 (tinfo 0x7fe5887cea80)
12-09 07:52:17.605 I/calabash( 7794): newActivity1
12-09 07:52:17.606 W/ActivityManager( 1591): Bad activity token: android.os.BinderProxy@9eef16d
12-09 07:52:17.606 W/ActivityManager( 1591): java.lang.ClassCastException: android.os.BinderProxy cannot be cast to com.android.server.am.ActivityRecord$Token
12-09 07:52:17.606 W/ActivityManager( 1591): 	at com.android.server.am.ActivityRecord.forTokenLocked(ActivityRecord.java:424)
12-09 07:52:17.606 W/ActivityManager( 1591): 	at com.android.server.am.ActivityRecord.isInStackLocked(ActivityRecord.java:1121)
12-09 07:52:17.606 W/ActivityManager( 1591): 	at com.android.server.am.ActivityRecord.getStackLocked(ActivityRecord.java:1126)
12-09 07:52:17.606 W/ActivityManager( 1591): 	at com.android.server.am.ActivityManagerService.getActivityDisplayId(ActivityManagerService.java:8889)
12-09 07:52:17.606 W/ActivityManager( 1591): 	at android.app.ActivityManagerNative.onTransact(ActivityManagerNative.java:2338)
12-09 07:52:17.606 W/ActivityManager( 1591): 	at com.android.server.am.ActivityManagerService.onTransact(ActivityManagerService.java:2443)
12-09 07:52:17.606 W/ActivityManager( 1591): 	at android.os.Binder.execTransact(Binder.java:453)
12-09 07:52:17.607 W/ActivityManager( 1591): Bad activity token: android.os.BinderProxy@9eef16d
12-09 07:52:17.607 W/ActivityManager( 1591): java.lang.ClassCastException: android.os.BinderProxy cannot be cast to com.android.server.am.ActivityRecord$Token
12-09 07:52:17.607 W/ActivityManager( 1591): 	at com.android.server.am.ActivityRecord.forTokenLocked(ActivityRecord.java:424)
12-09 07:52:17.607 W/ActivityManager( 1591): 	at com.android.server.am.ActivityRecord.isInStackLocked(ActivityRecord.java:1121)
12-09 07:52:17.607 W/ActivityManager( 1591): 	at com.android.server.am.ActivityManagerService.setTaskDescription(ActivityManagerService.java:8547)
12-09 07:52:17.607 W/ActivityManager( 1591): 	at android.app.ActivityManagerNative.onTransact(ActivityManagerNative.java:2410)
12-09 07:52:17.607 W/ActivityManager( 1591): 	at com.android.server.am.ActivityManagerService.onTransact(ActivityManagerService.java:2443)
12-09 07:52:17.607 W/ActivityManager( 1591): 	at android.os.Binder.execTransact(Binder.java:453)
12-09 07:52:17.613 E/Surface ( 1683): getSlotFromBufferLocked: unknown buffer: 0x7fe599e247c0
12-09 07:52:17.614 D/EGL_emulation( 1683): eglMakeCurrent: 0x7fe592c097c0: ver 2 0 (tinfo 0x7fe5887cea80)
12-09 07:52:17.671 W/ActivityManager( 1591): Bad activity token: android.os.BinderProxy@9eef16d
12-09 07:52:17.671 W/ActivityManager( 1591): java.lang.ClassCastException: android.os.BinderProxy cannot be cast to com.android.server.am.ActivityRecord$Token
12-09 07:52:17.671 W/ActivityManager( 1591): 	at com.android.server.am.ActivityRecord.forTokenLocked(ActivityRecord.java:424)
12-09 07:52:17.671 W/ActivityManager( 1591): 	at com.android.server.am.ActivityRecord.isInStackLocked(ActivityRecord.java:1121)
12-09 07:52:17.671 W/ActivityManager( 1591): 	at com.android.server.am.ActivityManagerService.getActivityOptions(ActivityManagerService.java:11038)
12-09 07:52:17.671 W/ActivityManager( 1591): 	at android.app.ActivityManagerNative.onTransact(ActivityManagerNative.java:1734)
12-09 07:52:17.671 W/ActivityManager( 1591): 	at com.android.server.am.ActivityManagerService.onTransact(ActivityManagerService.java:2443)
12-09 07:52:17.671 W/ActivityManager( 1591): 	at android.os.Binder.execTransact(Binder.java:453)
12-09 07:52:17.671 W/ActivityManager( 1591): Bad activity token: android.os.BinderProxy@9eef16d
12-09 07:52:17.671 W/ActivityManager( 1591): java.lang.ClassCastException: android.os.BinderProxy cannot be cast to com.android.server.am.ActivityRecord$Token
12-09 07:52:17.671 W/ActivityManager( 1591): 	at com.android.server.am.ActivityRecord.forTokenLocked(ActivityRecord.java:424)
12-09 07:52:17.671 W/ActivityManager( 1591): 	at com.android.server.am.ActivityRecord.isInStackLocked(ActivityRecord.java:1121)
12-09 07:52:17.671 W/ActivityManager( 1591): 	at com.android.server.am.ActivityManagerService.getActivityOptions(ActivityManagerService.java:11038)
12-09 07:52:17.671 W/ActivityManager( 1591): 	at android.app.ActivityManagerNative.onTransact(ActivityManagerNative.java:1734)
12-09 07:52:17.671 W/ActivityManager( 1591): 	at com.android.server.am.ActivityManagerService.onTransact(ActivityManagerService.java:2443)
12-09 07:52:17.671 W/ActivityManager( 1591): 	at android.os.Binder.execTransact(Binder.java:453)
12-09 07:52:17.878 D/gralloc_ranchu( 1219): gralloc_alloc: Creating ashmem region of size 3686400
12-09 07:52:18.140 D/gralloc_ranchu( 1219): gralloc_alloc: Creating ashmem region of size 3686400
12-09 07:52:18.143 I/WindowManager( 1591): Screen frozen for +1s82ms due to Window{512ae33 u0 com.evancharlton.mileage/com.evancharlton.mileage.Mileage}
12-09 07:52:19.958 E/SurfaceFlinger( 1219): ro.sf.lcd_density must be defined as a build property
12-09 07:52:19.958 D/gralloc_ranchu( 1219): gralloc_alloc: Creating ashmem region of size 3686400
12-09 07:52:20.047 D/        ( 7822): HostConnection::get() New Host Connection established 0x7fab74152480, tid 7822
12-09 07:52:20.082 E/EGL_emulation( 1219): tid 1219: eglCreateSyncKHR(1881): error 0x3004 (EGL_BAD_ATTRIBUTE)
12-09 07:52:20.624 I/art     ( 1591): Starting a blocking GC Explicit
12-09 07:52:20.714 I/art     ( 1591): Explicit concurrent mark sweep GC freed 10751(920KB) AllocSpace objects, 3(60KB) LOS objects, 29% free, 9MB/13MB, paused 7.150ms total 44.629ms
12-09 07:52:20.886 I/System.out( 7794): URI: //
12-09 07:52:20.887 I/System.out( 7794): params: {json={"command":"set_activity_orientation","arguments":["portrait"]}
12-09 07:52:20.887 I/System.out( 7794): }
12-09 07:52:20.887 I/System.out( 7794): header: {date=Sun, 09 Dec 2018 07:52:21 GMT, accept=*/*, content-length=63, host=127.0.0.1:34777, user-agent=HTTPClient/1.0 (2.8.3, ruby 2.3.1 (2016-04-26)), content-type=application/json;charset=utf-8}
12-09 07:52:20.887 I/System.out( 7794): params: {json={"command":"set_activity_orientation","arguments":["portrait"]}
12-09 07:52:20.887 I/System.out( 7794): }
12-09 07:52:20.887 I/System.out( 7794): ProP json = {"command":"set_activity_orientation","arguments":["portrait"]}
12-09 07:52:20.887 I/System.out( 7794): files: {}
12-09 07:52:20.888 I/System.out( 7794): command: {"command":"set_activity_orientation","arguments":["portrait"]}
12-09 07:52:20.889 I/InstrumentationBackend( 7794): Got command:'Command:'Line:null,set_activity_orientation', arguments:'[portrait]'
12-09 07:52:20.893 D/gralloc_ranchu( 1219): gralloc_alloc: Creating ashmem region of size 3686400
12-09 07:52:21.010 E/EGL_emulation( 1219): tid 1219: eglCreateSyncKHR(1881): error 0x3004 (EGL_BAD_ATTRIBUTE)
12-09 07:52:21.239 I/InputReader( 1591): Reconfiguring input devices.  changes=0x00000004
12-09 07:52:21.239 I/InputReader( 1591): Device reconfigured: id=0, name='qwerty2', size 720x1280, orientation 0, mode 1, display id 0
12-09 07:52:21.249 I/ActivityManager( 1591): Config changes=480 {1.0 310mcc260mnc en_US ldltr sw720dp w720dp h1256dp 160dpi xlrg long port finger -keyb/v/h tball/v s.20}
12-09 07:52:21.608 I/calabash( 7794): newActivity1
12-09 07:52:21.631 I/calabash( 7794): newActivity1
12-09 07:52:21.687 W/ActivityManager( 1591): Bad activity token: android.os.BinderProxy@3ffa8f
12-09 07:52:21.687 W/ActivityManager( 1591): java.lang.ClassCastException: android.os.BinderProxy cannot be cast to com.android.server.am.ActivityRecord$Token
12-09 07:52:21.687 W/ActivityManager( 1591): 	at com.android.server.am.ActivityRecord.forTokenLocked(ActivityRecord.java:424)
12-09 07:52:21.687 W/ActivityManager( 1591): 	at com.android.server.am.ActivityRecord.isInStackLocked(ActivityRecord.java:1121)
12-09 07:52:21.687 W/ActivityManager( 1591): 	at com.android.server.am.ActivityRecord.getStackLocked(ActivityRecord.java:1126)
12-09 07:52:21.687 W/ActivityManager( 1591): 	at com.android.server.am.ActivityManagerService.getActivityDisplayId(ActivityManagerService.java:8889)
12-09 07:52:21.687 W/ActivityManager( 1591): 	at android.app.ActivityManagerNative.onTransact(ActivityManagerNative.java:2338)
12-09 07:52:21.687 W/ActivityManager( 1591): 	at com.android.server.am.ActivityManagerService.onTransact(ActivityManagerService.java:2443)
12-09 07:52:21.687 W/ActivityManager( 1591): 	at android.os.Binder.execTransact(Binder.java:453)
12-09 07:52:21.688 W/ActivityManager( 1591): Bad activity token: android.os.BinderProxy@3ffa8f
12-09 07:52:21.688 W/ActivityManager( 1591): java.lang.ClassCastException: android.os.BinderProxy cannot be cast to com.android.server.am.ActivityRecord$Token
12-09 07:52:21.688 W/ActivityManager( 1591): 	at com.android.server.am.ActivityRecord.forTokenLocked(ActivityRecord.java:424)
12-09 07:52:21.688 W/ActivityManager( 1591): 	at com.android.server.am.ActivityRecord.isInStackLocked(ActivityRecord.java:1121)
12-09 07:52:21.688 W/ActivityManager( 1591): 	at com.android.server.am.ActivityManagerService.setTaskDescription(ActivityManagerService.java:8547)
12-09 07:52:21.688 W/ActivityManager( 1591): 	at android.app.ActivityManagerNative.onTransact(ActivityManagerNative.java:2410)
12-09 07:52:21.688 W/ActivityManager( 1591): 	at com.android.server.am.ActivityManagerService.onTransact(ActivityManagerService.java:2443)
12-09 07:52:21.688 W/ActivityManager( 1591): 	at android.os.Binder.execTransact(Binder.java:453)
12-09 07:52:21.719 W/ActivityManager( 1591): Bad activity token: android.os.BinderProxy@3ffa8f
12-09 07:52:21.719 W/ActivityManager( 1591): java.lang.ClassCastException: android.os.BinderProxy cannot be cast to com.android.server.am.ActivityRecord$Token
12-09 07:52:21.719 W/ActivityManager( 1591): 	at com.android.server.am.ActivityRecord.forTokenLocked(ActivityRecord.java:424)
12-09 07:52:21.719 W/ActivityManager( 1591): 	at com.android.server.am.ActivityRecord.isInStackLocked(ActivityRecord.java:1121)
12-09 07:52:21.719 W/ActivityManager( 1591): 	at com.android.server.am.ActivityManagerService.getActivityOptions(ActivityManagerService.java:11038)
12-09 07:52:21.719 W/ActivityManager( 1591): 	at android.app.ActivityManagerNative.onTransact(ActivityManagerNative.java:1734)
12-09 07:52:21.719 W/ActivityManager( 1591): 	at com.android.server.am.ActivityManagerService.onTransact(ActivityManagerService.java:2443)
12-09 07:52:21.719 W/ActivityManager( 1591): 	at android.os.Binder.execTransact(Binder.java:453)
12-09 07:52:21.719 W/ActivityManager( 1591): Bad activity token: android.os.BinderProxy@3ffa8f
12-09 07:52:21.719 W/ActivityManager( 1591): java.lang.ClassCastException: android.os.BinderProxy cannot be cast to com.android.server.am.ActivityRecord$Token
12-09 07:52:21.719 W/ActivityManager( 1591): 	at com.android.server.am.ActivityRecord.forTokenLocked(ActivityRecord.java:424)
12-09 07:52:21.719 W/ActivityManager( 1591): 	at com.android.server.am.ActivityRecord.isInStackLocked(ActivityRecord.java:1121)
12-09 07:52:21.719 W/ActivityManager( 1591): 	at com.android.server.am.ActivityManagerService.getActivityOptions(ActivityManagerService.java:11038)
12-09 07:52:21.719 W/ActivityManager( 1591): 	at android.app.ActivityManagerNative.onTransact(ActivityManagerNative.java:1734)
12-09 07:52:21.719 W/ActivityManager( 1591): 	at com.android.server.am.ActivityManagerService.onTransact(ActivityManagerService.java:2443)
12-09 07:52:21.719 W/ActivityManager( 1591): 	at android.os.Binder.execTransact(Binder.java:453)
12-09 07:52:21.731 I/System.out( 7794): result:{"bonusInformation":[],"message":"","success":true}
12-09 07:52:21.798 D/EGL_emulation( 1683): eglMakeCurrent: 0x7fe592c097c0: ver 2 0 (tinfo 0x7fe5887cea80)
12-09 07:52:21.802 E/Surface ( 1683): getSlotFromBufferLocked: unknown buffer: 0x7fe59125a8e0
12-09 07:52:21.803 D/EGL_emulation( 1683): eglMakeCurrent: 0x7fe592c097c0: ver 2 0 (tinfo 0x7fe5887cea80)
12-09 07:52:21.884 I/WindowManager( 1591): Screen frozen for +995ms due to Window{ee0cb48 u0 StatusBar}
12-09 07:52:22.142 W/art     ( 1591): Long monitor contention event with owner method=void com.android.server.wm.WindowManagerService$H.handleMessage(android.os.Message) from WindowManagerService.java:7820 waiters=0 for 206ms
12-09 07:52:22.205 D/gralloc_ranchu( 1219): gralloc_alloc: Creating ashmem region of size 3686400
12-09 07:52:22.595 W/art     ( 1591): Long monitor contention event with owner method=void com.android.server.wm.WindowAnimator$1.doFrame(long) from WindowAnimator.java:121 waiters=0 for 232ms
12-09 07:52:22.652 D/gralloc_ranchu( 1219): gralloc_alloc: Creating ashmem region of size 3686400
12-09 07:52:23.090 D/gralloc_ranchu( 1219): gralloc_alloc: Creating ashmem region of size 3686400
12-09 07:52:24.000 E/SurfaceFlinger( 1219): ro.sf.lcd_density must be defined as a build property
12-09 07:52:24.042 D/gralloc_ranchu( 1219): gralloc_alloc: Creating ashmem region of size 3686400
12-09 07:52:24.065 D/        ( 7828): HostConnection::get() New Host Connection established 0x7f159e492480, tid 7828
12-09 07:52:24.086 E/EGL_emulation( 1219): tid 1219: eglCreateSyncKHR(1881): error 0x3004 (EGL_BAD_ATTRIBUTE)
12-09 07:52:24.119 I/art     ( 1591): Starting a blocking GC Explicit
12-09 07:52:24.194 I/art     ( 1591): Explicit concurrent mark sweep GC freed 4422(333KB) AllocSpace objects, 0(0B) LOS objects, 30% free, 9MB/13MB, paused 7.703ms total 66.718ms
