--------- beginning of main
12-09 07:56:59.973 D/gralloc_ranchu( 1219): gralloc_alloc: Creating ashmem region of size 708608
12-09 07:56:59.989 E/EGL_emulation( 1219): tid 1219: eglCreateSyncKHR(1881): error 0x3004 (EGL_BAD_ATTRIBUTE)
--------- beginning of system
12-09 07:57:00.098 W/ActivityManager( 1592): Finishing task with all activities already finished
12-09 07:57:00.105 W/ActivityManager( 1592): Duplicate finish request for ActivityRecord{3d5b1f0 u0 com.evancharlton.mileage/.Mileage t379 f}
12-09 07:57:00.106 W/ActivityManager( 1592): Finishing task with all activities already finished
12-09 07:57:00.129 W/ActivityManager( 1592): Duplicate finish request for ActivityRecord{3d5b1f0 u0 com.evancharlton.mileage/.Mileage t379 f}
12-09 07:57:00.130 W/ActivityManager( 1592): Finishing task with all activities already finished
12-09 07:57:00.130 W/ActivityManager( 1592): Duplicate finish request for ActivityRecord{3d5b1f0 u0 com.evancharlton.mileage/.Mileage t379 f}
12-09 07:57:00.130 W/ActivityManager( 1592): Finishing task with all activities already finished
12-09 07:57:00.130 W/ActivityManager( 1592): Duplicate finish request for ActivityRecord{3d5b1f0 u0 com.evancharlton.mileage/.Mileage t379 f}
12-09 07:57:00.130 W/ActivityManager( 1592): Finishing task with all activities already finished
12-09 07:57:00.130 W/ActivityManager( 1592): Duplicate finish request for ActivityRecord{3d5b1f0 u0 com.evancharlton.mileage/.Mileage t379 f}
12-09 07:57:00.130 W/ActivityManager( 1592): Finishing task with all activities already finished
12-09 07:57:00.130 W/ActivityManager( 1592): Duplicate finish request for ActivityRecord{3d5b1f0 u0 com.evancharlton.mileage/.Mileage t379 f}
12-09 07:57:00.131 W/ActivityManager( 1592): Finishing task with all activities already finished
12-09 07:57:00.131 W/ActivityManager( 1592): Duplicate finish request for ActivityRecord{3d5b1f0 u0 com.evancharlton.mileage/.Mileage t379 f}
12-09 07:57:00.200 I/art     ( 1592): Background partial concurrent mark sweep GC freed 1296(82KB) AllocSpace objects, 1(20KB) LOS objects, 30% free, 9MB/13MB, paused 30.381ms total 190.275ms
12-09 07:57:00.254 D/EGL_emulation( 1942): eglMakeCurrent: 0x7f6cf00f4dc0: ver 2 0 (tinfo 0x7f6cf00c2d60)
12-09 07:57:00.814 D/AndroidRuntime( 9133): >>>>>> START com.android.internal.os.RuntimeInit uid 0 <<<<<<
12-09 07:57:00.826 D/AndroidRuntime( 9133): CheckJNI is ON
12-09 07:57:00.866 D/ICU     ( 9133): No timezone override file found: /data/misc/zoneinfo/current/icu/icu_tzdata.dat
12-09 07:57:01.426 E/memtrack( 9133): Couldn't load memtrack module (No such file or directory)
12-09 07:57:01.429 E/android.os.Debug( 9133): failed to load memtrack module: -2
12-09 07:57:01.430 I/Radio-JNI( 9133): register_android_hardware_Radio DONE
12-09 07:57:01.458 D/AndroidRuntime( 9133): Calling main entry com.android.commands.am.Am
12-09 07:57:01.775 W/art     ( 1592): Long monitor contention event with owner method=void com.android.server.wm.WindowAnimator$1.doFrame(long) from WindowAnimator.java:121 waiters=1 for 285ms
12-09 07:57:01.775 W/art     ( 1592): Long monitor contention event with owner method=java.util.List com.android.server.am.ActivityManagerService.getAllStackInfos() from ActivityManagerService.java:8937 waiters=0 for 316ms
12-09 07:57:01.775 I/ActivityManager( 1592): Force stopping com.evancharlton.mileage appid=10123 user=0: start instr
12-09 07:57:01.775 I/ActivityManager( 1592): Killing 9087:com.evancharlton.mileage/u0a123 (adj 0): stop com.evancharlton.mileage
12-09 07:57:01.777 I/Choreographer( 1942): Skipped 90 frames!  The application may be doing too much work on its main thread.
12-09 07:57:01.898 W/OpenGLRenderer( 1942): Incorrectly called buildLayer on View: ShortcutAndWidgetContainer, destroying layer...
12-09 07:57:01.995 W/ActivityManager( 1592): Crash of app com.evancharlton.mileage running instrumentation ComponentInfo{com.evancharlton.mileage.test/sh.calaba.instrumentationbackend.CalabashInstrumentationTestRunner}
12-09 07:57:01.995 I/ActivityManager( 1592): Force stopping com.evancharlton.mileage appid=10123 user=0: finished inst
12-09 07:57:02.040 I/WindowState( 1592): WIN DEATH: Window{d6b7a49 u0 com.evancharlton.mileage/com.evancharlton.mileage.Mileage EXITING}
12-09 07:57:02.103 I/ActivityManager( 1592): Start proc 9142:com.evancharlton.mileage/u0a123 for added application com.evancharlton.mileage
12-09 07:57:02.104 W/art     ( 1592): Long monitor contention event with owner method=java.util.List com.android.server.am.ActivityManagerService.getAllStackInfos() from ActivityManagerService.java:8937 waiters=1 for 442ms
12-09 07:57:02.104 W/art     ( 1592): Long monitor contention event with owner method=boolean com.android.server.am.ActivityManagerService.startInstrumentation(android.content.ComponentName, java.lang.String, int, android.os.Bundle, android.app.IInstrumentationWatcher, android.app.IUiAutomationConnection, int, java.lang.String) from ActivityManagerService.java:17066 waiters=1 for 327ms
12-09 07:57:02.105 W/art     ( 1592): Long monitor contention event with owner method=boolean com.android.server.am.ActivityManagerService.startInstrumentation(android.content.ComponentName, java.lang.String, int, android.os.Bundle, android.app.IInstrumentationWatcher, android.app.IUiAutomationConnection, int, java.lang.String) from ActivityManagerService.java:17066 waiters=2 for 304ms
12-09 07:57:02.114 W/ActivityManager( 1592): Spurious death for ProcessRecord{e897168 0:com.evancharlton.mileage/u0a123}, curProc for 9087: null
12-09 07:57:02.131 D/AndroidRuntime( 9133): Shutting down VM
12-09 07:57:02.239 W/System  ( 9142): ClassLoader referenced unknown path: /data/app/com.evancharlton.mileage.test-1/lib/x86_64
12-09 07:57:02.240 W/System  ( 9142): ClassLoader referenced unknown path: /data/app/com.evancharlton.mileage-1/lib/x86_64
12-09 07:57:02.271 I/System.out( 9142): Main activity name automatically set to: com.evancharlton.mileage.Mileage
12-09 07:57:02.272 I/System.out( 9142): Calabash did not load Mono. This is only a problem if you are trying to test a Mono application
12-09 07:57:02.272 I/calabash( 9142): Test server port: 7102
12-09 07:57:02.282 I/InstrumentationBackend( 9142): Added:'GetPreferences', with key:'get_preferences'
12-09 07:57:02.312 W/WindowAnimator( 1592): Failed to dispatch window animation state change.
12-09 07:57:02.312 W/WindowAnimator( 1592): android.os.DeadObjectException
12-09 07:57:02.312 W/WindowAnimator( 1592): 	at android.os.BinderProxy.transactNative(Native Method)
12-09 07:57:02.312 W/WindowAnimator( 1592): 	at android.os.BinderProxy.transact(Binder.java:503)
12-09 07:57:02.312 W/WindowAnimator( 1592): 	at android.view.IWindow$Stub$Proxy.onAnimationStopped(IWindow.java:534)
12-09 07:57:02.312 W/WindowAnimator( 1592): 	at com.android.server.wm.WindowAnimator.updateWindowsLocked(WindowAnimator.java:286)
12-09 07:57:02.312 W/WindowAnimator( 1592): 	at com.android.server.wm.WindowAnimator.animateLocked(WindowAnimator.java:678)
12-09 07:57:02.312 W/WindowAnimator( 1592): 	at com.android.server.wm.WindowAnimator.-wrap0(WindowAnimator.java)
12-09 07:57:02.312 W/WindowAnimator( 1592): 	at com.android.server.wm.WindowAnimator$1.doFrame(WindowAnimator.java:123)
12-09 07:57:02.312 W/WindowAnimator( 1592): 	at android.view.Choreographer$CallbackRecord.run(Choreographer.java:856)
12-09 07:57:02.312 W/WindowAnimator( 1592): 	at android.view.Choreographer.doCallbacks(Choreographer.java:670)
12-09 07:57:02.312 W/WindowAnimator( 1592): 	at android.view.Choreographer.doFrame(Choreographer.java:603)
12-09 07:57:02.312 W/WindowAnimator( 1592): 	at android.view.Choreographer$FrameDisplayEventReceiver.run(Choreographer.java:844)
12-09 07:57:02.312 W/WindowAnimator( 1592): 	at android.os.Handler.handleCallback(Handler.java:739)
12-09 07:57:02.312 W/WindowAnimator( 1592): 	at android.os.Handler.dispatchMessage(Handler.java:95)
12-09 07:57:02.312 W/WindowAnimator( 1592): 	at android.os.Looper.loop(Looper.java:148)
12-09 07:57:02.312 W/WindowAnimator( 1592): 	at android.os.HandlerThread.run(HandlerThread.java:61)
12-09 07:57:02.312 W/WindowAnimator( 1592): 	at com.android.server.ServiceThread.run(ServiceThread.java:46)
12-09 07:57:02.351 I/InstrumentationBackend( 9142): Added:'SetPreferences', with key:'set_preferences'
12-09 07:57:02.351 I/InstrumentationBackend( 9142): Added:'ClearPreferences', with key:'clear_preferences'
12-09 07:57:02.351 I/InstrumentationBackend( 9142): Added:'PressElement', with key:'press_l10n_element'
12-09 07:57:02.351 I/InstrumentationBackend( 9142): Added:'WaitForElement', with key:'wait_for_l10n_element'
12-09 07:57:02.352 I/InstrumentationBackend( 9142): Added:'NullAction', with key:'nullAction'
12-09 07:57:02.352 I/InstrumentationBackend( 9142): Added:'PressKey', with key:'press_key'
12-09 07:57:02.352 I/InstrumentationBackend( 9142): Added:'SetActivityOrientation', with key:'set_activity_orientation'
12-09 07:57:02.352 I/InstrumentationBackend( 9142): Added:'GetActivityOrientation', with key:'get_activity_orientation'
12-09 07:57:02.352 I/InstrumentationBackend( 9142): Added:'FakeGPSLocation', with key:'set_gps_coordinates'
12-09 07:57:02.353 I/InstrumentationBackend( 9142): Added:'SetPropertyByCssSelector', with key:'set_property_by_css_selector'
12-09 07:57:02.362 I/InstrumentationBackend( 9142): Added:'GetUrl', with key:'get_url'
12-09 07:57:02.365 I/InstrumentationBackend( 9142): Added:'ScrollTo', with key:'scroll_to'
12-09 07:57:02.366 I/InstrumentationBackend( 9142): Added:'GetLoadProgress', with key:'get_load_progress'
12-09 07:57:02.366 I/InstrumentationBackend( 9142): Added:'DumpHtml', with key:'dump_html'
12-09 07:57:02.366 I/InstrumentationBackend( 9142): Added:'DumpBodyHtml', with key:'dump_body_html'
12-09 07:57:02.366 I/InstrumentationBackend( 9142): Added:'EnterTextByCssSelector', with key:'enter_text_by_selector'
12-09 07:57:02.367 I/InstrumentationBackend( 9142): Added:'AndroidSDKVersion', with key:'android_sdk_version'
12-09 07:57:02.367 I/InstrumentationBackend( 9142): Added:'Version', with key:'version'
12-09 07:57:02.367 I/InstrumentationBackend( 9142): Added:'Drag', with key:'drag'
12-09 07:57:02.367 I/InstrumentationBackend( 9142): Added:'TouchCoordinates', with key:'touch_coordinate'
12-09 07:57:02.368 I/InstrumentationBackend( 9142): Added:'LongPressCoordinate', with key:'long_press_coordinate'
12-09 07:57:02.368 I/InstrumentationBackend( 9142): Added:'DragCoordinates', with key:'drag_coordinates'
12-09 07:57:02.368 I/InstrumentationBackend( 9142): Added:'ResumeApplication', with key:'resume_application'
12-09 07:57:02.368 I/InstrumentationBackend( 9142): Added:'Swipe', with key:'swipe'
12-09 07:57:02.368 I/InstrumentationBackend( 9142): Added:'DoubleTapCoordinate', with key:'double_tap_coordinate'
12-09 07:57:02.368 I/InstrumentationBackend( 9142): Added:'ClickOnScreen', with key:'click_on_screen'
12-09 07:57:02.369 I/InstrumentationBackend( 9142): Added:'GetActivityName', with key:'get_activity_name'
12-09 07:57:02.370 I/InstrumentationBackend( 9142): Added:'ScrollToView', with key:'scroll_to_view'
12-09 07:57:02.373 I/InstrumentationBackend( 9142): Added:'ViewConfiguration', with key:'view_configuration'
12-09 07:57:02.373 I/InstrumentationBackend( 9142): Added:'IsCurrentActivityFocused', with key:'is_current_activity_focused'
12-09 07:57:02.374 I/InstrumentationBackend( 9142): Added:'SendTcp', with key:'send_tcp'
12-09 07:57:02.374 I/InstrumentationBackend( 9142): Added:'DpToDevicePixel', with key:'dp_to_device_pixel'
12-09 07:57:02.374 I/InstrumentationBackend( 9142): Added:'KeyboardEnterText', with key:'keyboard_enter_text'
12-09 07:57:02.374 I/InstrumentationBackend( 9142): Added:'DeleteSurroundingText', with key:'delete_surrounding_text'
12-09 07:57:02.374 I/InstrumentationBackend( 9142): Added:'SetComposingRegion', with key:'set_composing_region'
12-09 07:57:02.375 I/InstrumentationBackend( 9142): Added:'SetSelection', with key:'set_selection'
12-09 07:57:02.375 I/InstrumentationBackend( 9142): Added:'KeyboardKeyEvent', with key:'keyboard_key_event'
12-09 07:57:02.375 I/InstrumentationBackend( 9142): Added:'PressUserActionButton', with key:'press_user_action_button'
12-09 07:57:02.375 I/InstrumentationBackend( 9142): Added:'HideSoftKeyboard', with key:'hide_soft_keyboard'
12-09 07:57:02.376 I/InstrumentationBackend( 9142): Added:'ListActions', with key:'list_actions'
12-09 07:57:02.376 I/calabash( 9142): Instantiating http server at 7102
12-09 07:57:02.385 I/System.out( 9142): HTTP Daemon listening on: 7102
12-09 07:57:02.491 I/System.out( 9142): URI: //ping
12-09 07:57:02.491 I/System.out( 9142): params: {json={}
12-09 07:57:02.492 I/System.out( 9142): }
12-09 07:57:02.525 I/System.out( 9142): URI: //ping
12-09 07:57:02.525 I/System.out( 9142): params: {json={}
12-09 07:57:02.525 I/System.out( 9142): }
12-09 07:57:02.665 I/System.out( 9142): URI: //ready
12-09 07:57:02.666 I/System.out( 9142): params: {json={}
12-09 07:57:02.666 I/System.out( 9142): }
12-09 07:57:02.765 I/System.out( 9142): URI: //
12-09 07:57:02.765 I/System.out( 9142): params: {json={"command":"version","arguments":[]}
12-09 07:57:02.765 I/System.out( 9142): }
12-09 07:57:02.765 I/System.out( 9142): header: {date=Sun, 09 Dec 2018 07:57:03 GMT, accept=*/*, content-length=36, host=127.0.0.1:34777, user-agent=HTTPClient/1.0 (2.8.3, ruby 2.3.1 (2016-04-26)), content-type=application/json;charset=utf-8}
12-09 07:57:02.765 I/System.out( 9142): params: {json={"command":"version","arguments":[]}
12-09 07:57:02.765 I/System.out( 9142): }
12-09 07:57:02.765 I/System.out( 9142): ProP json = {"command":"version","arguments":[]}
12-09 07:57:02.765 I/System.out( 9142): files: {}
12-09 07:57:02.765 I/System.out( 9142): command: {"command":"version","arguments":[]}
12-09 07:57:02.799 I/InstrumentationBackend( 9142): Got command:'Command:'Line:null,version', arguments:'[]'
12-09 07:57:02.846 I/System.out( 9142): result:{"bonusInformation":[],"message":"0.9.8","success":true}
12-09 07:57:02.970 I/System.out( 9142): URI: //start-application
12-09 07:57:02.970 I/System.out( 9142): params: {json={"intent":null}
12-09 07:57:02.970 I/System.out( 9142): }
12-09 07:57:03.127 I/art     ( 9142): Background partial concurrent mark sweep GC freed 35345(1939KB) AllocSpace objects, 15(300KB) LOS objects, 44% free, 1277KB/2MB, paused 1.101ms total 151.167ms
12-09 07:57:03.190 I/ActivityManager( 1592): START u0 {act=android.intent.action.MAIN cat=[android.intent.category.LAUNCHER] flg=0x10200000 cmp=com.evancharlton.mileage/.Mileage} from uid 10123 on display 0
12-09 07:57:03.243 I/calabash( 9142): newActivity1
12-09 07:57:03.305 I/calabash( 9142): newActivity1
12-09 07:57:03.329 W/ActivityManager( 1592): Bad activity token: android.os.BinderProxy@f6c57fe
12-09 07:57:03.329 W/ActivityManager( 1592): java.lang.ClassCastException: android.os.BinderProxy cannot be cast to com.android.server.am.ActivityRecord$Token
12-09 07:57:03.329 W/ActivityManager( 1592): 	at com.android.server.am.ActivityRecord.forTokenLocked(ActivityRecord.java:424)
12-09 07:57:03.329 W/ActivityManager( 1592): 	at com.android.server.am.ActivityRecord.isInStackLocked(ActivityRecord.java:1121)
12-09 07:57:03.329 W/ActivityManager( 1592): 	at com.android.server.am.ActivityRecord.getStackLocked(ActivityRecord.java:1126)
12-09 07:57:03.329 W/ActivityManager( 1592): 	at com.android.server.am.ActivityManagerService.getActivityDisplayId(ActivityManagerService.java:8889)
12-09 07:57:03.329 W/ActivityManager( 1592): 	at android.app.ActivityManagerNative.onTransact(ActivityManagerNative.java:2338)
12-09 07:57:03.329 W/ActivityManager( 1592): 	at com.android.server.am.ActivityManagerService.onTransact(ActivityManagerService.java:2443)
12-09 07:57:03.329 W/ActivityManager( 1592): 	at android.os.Binder.execTransact(Binder.java:453)
12-09 07:57:03.366 W/ActivityManager( 1592): Bad activity token: android.os.BinderProxy@f6c57fe
12-09 07:57:03.366 W/ActivityManager( 1592): java.lang.ClassCastException: android.os.BinderProxy cannot be cast to com.android.server.am.ActivityRecord$Token
12-09 07:57:03.366 W/ActivityManager( 1592): 	at com.android.server.am.ActivityRecord.forTokenLocked(ActivityRecord.java:424)
12-09 07:57:03.366 W/ActivityManager( 1592): 	at com.android.server.am.ActivityRecord.isInStackLocked(ActivityRecord.java:1121)
12-09 07:57:03.366 W/ActivityManager( 1592): 	at com.android.server.am.ActivityManagerService.setTaskDescription(ActivityManagerService.java:8547)
12-09 07:57:03.366 W/ActivityManager( 1592): 	at android.app.ActivityManagerNative.onTransact(ActivityManagerNative.java:2410)
12-09 07:57:03.366 W/ActivityManager( 1592): 	at com.android.server.am.ActivityManagerService.onTransact(ActivityManagerService.java:2443)
12-09 07:57:03.366 W/ActivityManager( 1592): 	at android.os.Binder.execTransact(Binder.java:453)
12-09 07:57:03.452 D/gralloc_ranchu( 1219): gralloc_alloc: Creating ashmem region of size 3686400
12-09 07:57:03.622 W/ActivityManager( 1592): Bad activity token: android.os.BinderProxy@f6c57fe
12-09 07:57:03.622 W/ActivityManager( 1592): java.lang.ClassCastException: android.os.BinderProxy cannot be cast to com.android.server.am.ActivityRecord$Token
12-09 07:57:03.622 W/ActivityManager( 1592): 	at com.android.server.am.ActivityRecord.forTokenLocked(ActivityRecord.java:424)
12-09 07:57:03.622 W/ActivityManager( 1592): 	at com.android.server.am.ActivityRecord.isInStackLocked(ActivityRecord.java:1121)
12-09 07:57:03.622 W/ActivityManager( 1592): 	at com.android.server.am.ActivityManagerService.getActivityOptions(ActivityManagerService.java:11038)
12-09 07:57:03.622 W/ActivityManager( 1592): 	at android.app.ActivityManagerNative.onTransact(ActivityManagerNative.java:1734)
12-09 07:57:03.622 W/ActivityManager( 1592): 	at com.android.server.am.ActivityManagerService.onTransact(ActivityManagerService.java:2443)
12-09 07:57:03.622 W/ActivityManager( 1592): 	at android.os.Binder.execTransact(Binder.java:453)
12-09 07:57:03.658 W/ActivityManager( 1592): Bad activity token: android.os.BinderProxy@f6c57fe
12-09 07:57:03.658 W/ActivityManager( 1592): java.lang.ClassCastException: android.os.BinderProxy cannot be cast to com.android.server.am.ActivityRecord$Token
12-09 07:57:03.658 W/ActivityManager( 1592): 	at com.android.server.am.ActivityRecord.forTokenLocked(ActivityRecord.java:424)
12-09 07:57:03.658 W/ActivityManager( 1592): 	at com.android.server.am.ActivityRecord.isInStackLocked(ActivityRecord.java:1121)
12-09 07:57:03.658 W/ActivityManager( 1592): 	at com.android.server.am.ActivityManagerService.getActivityOptions(ActivityManagerService.java:11038)
12-09 07:57:03.658 W/ActivityManager( 1592): 	at android.app.ActivityManagerNative.onTransact(ActivityManagerNative.java:1734)
12-09 07:57:03.658 W/ActivityManager( 1592): 	at com.android.server.am.ActivityManagerService.onTransact(ActivityManagerService.java:2443)
12-09 07:57:03.658 W/ActivityManager( 1592): 	at android.os.Binder.execTransact(Binder.java:453)
12-09 07:57:03.755 V/PhoneStatusBar( 1692): setLightsOn(true)
12-09 07:57:03.883 D/EGL_emulation( 1942): eglMakeCurrent: 0x7f6cf00f4dc0: ver 2 0 (tinfo 0x7f6cf00c2d60)
12-09 07:57:03.884 E/Surface ( 1942): getSlotFromBufferLocked: unknown buffer: 0x7f6cec6d5840
12-09 07:57:03.963 I/art     ( 9142): Background sticky concurrent mark sweep GC freed 1677(225KB) AllocSpace objects, 0(0B) LOS objects, 16% free, 1931KB/2MB, paused 5.098ms total 99.823ms
12-09 07:57:04.162 W/art     ( 1592): Long monitor contention event with owner method=int com.android.server.wm.WindowManagerService.relayoutWindow(com.android.server.wm.Session, android.view.IWindow, int, android.view.WindowManager$LayoutParams, int, int, int, int, android.graphics.Rect, android.graphics.Rect, android.graphics.Rect, android.graphics.Rect, android.graphics.Rect, android.graphics.Rect, android.content.res.Configuration, android.view.Surface) from WindowManagerService.java:3103 waiters=1 for 221ms
12-09 07:57:04.171 D/gralloc_ranchu( 1219): gralloc_alloc: Creating ashmem region of size 3686400
12-09 07:57:04.409 D/        ( 9142): HostConnection::get() New Host Connection established 0x7f6cf004b2c0, tid 9142
12-09 07:57:04.725 I/ActivityManager( 1592): Displayed com.evancharlton.mileage/.Mileage: +1s454ms
12-09 07:57:04.775 D/gralloc_ranchu( 1219): gralloc_alloc: Creating ashmem region of size 3686400
12-09 07:57:05.270 D/gralloc_ranchu( 1219): gralloc_alloc: Creating ashmem region of size 3686400
12-09 07:57:05.994 I/System.out( 9142): URI: //gesture
12-09 07:57:05.994 I/System.out( 9142): params: {json={"query_timeout":5.0,"gestures":[{"query_string":"android.widget.TabWidget descendant TextView index:1","touches":[{"x":50,"y":50,"offset_x":0,"offset_y":0,"wait":0.0,"time":0.2,"release":true,"query_string":null}]}]}
12-09 07:57:05.994 I/System.out( 9142): }
12-09 07:57:06.627 I/calabash( 9142): newActivity1
12-09 07:57:06.628 W/ActivityManager( 1592): Bad activity token: android.os.BinderProxy@b12c1f3
12-09 07:57:06.628 W/ActivityManager( 1592): java.lang.ClassCastException: android.os.BinderProxy cannot be cast to com.android.server.am.ActivityRecord$Token
12-09 07:57:06.628 W/ActivityManager( 1592): 	at com.android.server.am.ActivityRecord.forTokenLocked(ActivityRecord.java:424)
12-09 07:57:06.628 W/ActivityManager( 1592): 	at com.android.server.am.ActivityRecord.isInStackLocked(ActivityRecord.java:1121)
12-09 07:57:06.628 W/ActivityManager( 1592): 	at com.android.server.am.ActivityRecord.getStackLocked(ActivityRecord.java:1126)
12-09 07:57:06.628 W/ActivityManager( 1592): 	at com.android.server.am.ActivityManagerService.getActivityDisplayId(ActivityManagerService.java:8889)
12-09 07:57:06.628 W/ActivityManager( 1592): 	at android.app.ActivityManagerNative.onTransact(ActivityManagerNative.java:2338)
12-09 07:57:06.628 W/ActivityManager( 1592): 	at com.android.server.am.ActivityManagerService.onTransact(ActivityManagerService.java:2443)
12-09 07:57:06.628 W/ActivityManager( 1592): 	at android.os.Binder.execTransact(Binder.java:453)
12-09 07:57:06.628 W/ActivityManager( 1592): Bad activity token: android.os.BinderProxy@b12c1f3
12-09 07:57:06.628 W/ActivityManager( 1592): java.lang.ClassCastException: android.os.BinderProxy cannot be cast to com.android.server.am.ActivityRecord$Token
12-09 07:57:06.628 W/ActivityManager( 1592): 	at com.android.server.am.ActivityRecord.forTokenLocked(ActivityRecord.java:424)
12-09 07:57:06.628 W/ActivityManager( 1592): 	at com.android.server.am.ActivityRecord.isInStackLocked(ActivityRecord.java:1121)
12-09 07:57:06.628 W/ActivityManager( 1592): 	at com.android.server.am.ActivityManagerService.setTaskDescription(ActivityManagerService.java:8547)
12-09 07:57:06.628 W/ActivityManager( 1592): 	at android.app.ActivityManagerNative.onTransact(ActivityManagerNative.java:2410)
12-09 07:57:06.628 W/ActivityManager( 1592): 	at com.android.server.am.ActivityManagerService.onTransact(ActivityManagerService.java:2443)
12-09 07:57:06.628 W/ActivityManager( 1592): 	at android.os.Binder.execTransact(Binder.java:453)
12-09 07:57:06.763 W/audio_hw_generic( 1308): Hardware backing HAL too slow, could only write 0 of 661 frames
12-09 07:57:06.781 W/audio_hw_generic( 1308): Hardware backing HAL too slow, could only write 0 of 661 frames
12-09 07:57:06.813 W/audio_hw_generic( 1308): Hardware backing HAL too slow, could only write 0 of 661 frames
12-09 07:57:06.825 W/audio_hw_generic( 1308): Hardware backing HAL too slow, could only write 0 of 661 frames
12-09 07:57:06.828 I/art     ( 9142): Background sticky concurrent mark sweep GC freed 46863(2MB) AllocSpace objects, 2(40KB) LOS objects, 22% free, 2MB/2MB, paused 1.103ms total 258.298ms
12-09 07:57:06.925 W/ActivityManager( 1592): Bad activity token: android.os.BinderProxy@b12c1f3
12-09 07:57:06.925 W/ActivityManager( 1592): java.lang.ClassCastException: android.os.BinderProxy cannot be cast to com.android.server.am.ActivityRecord$Token
12-09 07:57:06.925 W/ActivityManager( 1592): 	at com.android.server.am.ActivityRecord.forTokenLocked(ActivityRecord.java:424)
12-09 07:57:06.925 W/ActivityManager( 1592): 	at com.android.server.am.ActivityRecord.isInStackLocked(ActivityRecord.java:1121)
12-09 07:57:06.925 W/ActivityManager( 1592): 	at com.android.server.am.ActivityManagerService.getActivityOptions(ActivityManagerService.java:11038)
12-09 07:57:06.925 W/ActivityManager( 1592): 	at android.app.ActivityManagerNative.onTransact(ActivityManagerNative.java:1734)
12-09 07:57:06.925 W/ActivityManager( 1592): 	at com.android.server.am.ActivityManagerService.onTransact(ActivityManagerService.java:2443)
12-09 07:57:06.925 W/ActivityManager( 1592): 	at android.os.Binder.execTransact(Binder.java:453)
12-09 07:57:06.926 W/ActivityManager( 1592): Bad activity token: android.os.BinderProxy@b12c1f3
12-09 07:57:06.926 W/ActivityManager( 1592): java.lang.ClassCastException: android.os.BinderProxy cannot be cast to com.android.server.am.ActivityRecord$Token
12-09 07:57:06.926 W/ActivityManager( 1592): 	at com.android.server.am.ActivityRecord.forTokenLocked(ActivityRecord.java:424)
12-09 07:57:06.926 W/ActivityManager( 1592): 	at com.android.server.am.ActivityRecord.isInStackLocked(ActivityRecord.java:1121)
12-09 07:57:06.926 W/ActivityManager( 1592): 	at com.android.server.am.ActivityManagerService.getActivityOptions(ActivityManagerService.java:11038)
12-09 07:57:06.926 W/ActivityManager( 1592): 	at android.app.ActivityManagerNative.onTransact(ActivityManagerNative.java:1734)
12-09 07:57:06.926 W/ActivityManager( 1592): 	at com.android.server.am.ActivityManagerService.onTransact(ActivityManagerService.java:2443)
12-09 07:57:06.926 W/ActivityManager( 1592): 	at android.os.Binder.execTransact(Binder.java:453)
12-09 07:57:06.974 W/audio_hw_generic( 1308): Not supplying enough data to HAL, expected position 16723354 , only wrote 16723300
12-09 07:57:06.974 W/audio_hw_generic( 1308): Not supplying enough data to HAL, expected position 16723310 , only wrote 16723300
12-09 07:57:06.992 W/audio_hw_generic( 1308): Not supplying enough data to HAL, expected position 16724088 , only wrote 16723961
12-09 07:57:07.016 W/audio_hw_generic( 1308): Not supplying enough data to HAL, expected position 16725024 , only wrote 16724622
12-09 07:57:07.016 W/audio_hw_generic( 1308): Not supplying enough data to HAL, expected position 16724629 , only wrote 16724622
12-09 07:57:07.107 W/audio_hw_generic( 1308): Not supplying enough data to HAL, expected position 16728640 , only wrote 16728588
12-09 07:57:07.108 W/audio_hw_generic( 1308): Not supplying enough data to HAL, expected position 16728594 , only wrote 16728588
12-09 07:57:07.126 W/audio_hw_generic( 1308): Not supplying enough data to HAL, expected position 16729385 , only wrote 16729249
12-09 07:57:07.159 D/Mileage ( 9142): Not enough fillups to calculate economy
12-09 07:57:07.296 E/SurfaceFlinger( 1219): ro.sf.lcd_density must be defined as a build property
12-09 07:57:07.398 D/gralloc_ranchu( 1219): gralloc_alloc: Creating ashmem region of size 3686400
12-09 07:57:07.462 W/audio_hw_generic( 1308): Not supplying enough data to HAL, expected position 16744072 , only wrote 16743130
12-09 07:57:07.462 W/audio_hw_generic( 1308): Not supplying enough data to HAL, expected position 16743136 , only wrote 16743130
12-09 07:57:07.487 W/audio_hw_generic( 1308): Not supplying enough data to HAL, expected position 16744250 , only wrote 16743791
12-09 07:57:07.524 W/audio_hw_generic( 1308): Hardware backing HAL too slow, could only write 0 of 661 frames
12-09 07:57:07.526 D/        ( 9169): HostConnection::get() New Host Connection established 0x7f7f0d3d2480, tid 9169
12-09 07:57:07.572 E/EGL_emulation( 1219): tid 1219: eglCreateSyncKHR(1881): error 0x3004 (EGL_BAD_ATTRIBUTE)
12-09 07:57:07.610 W/audio_hw_generic( 1308): Not supplying enough data to HAL, expected position 16749178 , only wrote 16748418
12-09 07:57:07.631 W/audio_hw_generic( 1308): Not supplying enough data to HAL, expected position 16749385 , only wrote 16749079
12-09 07:57:07.632 W/audio_hw_generic( 1308): Not supplying enough data to HAL, expected position 16749085 , only wrote 16749079
12-09 07:57:07.648 W/audio_hw_generic( 1308): Not supplying enough data to HAL, expected position 16749790 , only wrote 16749740
12-09 07:57:07.685 W/audio_hw_generic( 1308): Hardware backing HAL too slow, could only write 0 of 661 frames
12-09 07:57:07.696 W/audio_hw_generic( 1308): Hardware backing HAL too slow, could only write 0 of 661 frames
12-09 07:57:07.743 W/audio_hw_generic( 1308): Not supplying enough data to HAL, expected position 16753954 , only wrote 16753706
12-09 07:57:07.743 W/audio_hw_generic( 1308): Not supplying enough data to HAL, expected position 16753713 , only wrote 16753706
12-09 07:57:07.764 W/audio_hw_generic( 1308): Not supplying enough data to HAL, expected position 16754598 , only wrote 16754367
12-09 07:57:07.779 W/audio_hw_generic( 1308): Hardware backing HAL too slow, could only write 0 of 661 frames
12-09 07:57:07.797 W/audio_hw_generic( 1308): Hardware backing HAL too slow, could only write 0 of 661 frames
12-09 07:57:07.815 W/audio_hw_generic( 1308): Hardware backing HAL too slow, could only write 0 of 661 frames
12-09 07:57:07.829 W/audio_hw_generic( 1308): Hardware backing HAL too slow, could only write 0 of 661 frames
12-09 07:57:07.841 W/audio_hw_generic( 1308): Hardware backing HAL too slow, could only write 0 of 661 frames
12-09 07:57:07.854 W/audio_hw_generic( 1308): Hardware backing HAL too slow, could only write 0 of 661 frames
12-09 07:57:07.877 W/audio_hw_generic( 1308): Hardware backing HAL too slow, could only write 0 of 661 frames
12-09 07:57:08.129 W/audio_hw_generic( 1308): Not supplying enough data to HAL, expected position 16770478 , only wrote 16769570
12-09 07:57:08.129 W/audio_hw_generic( 1308): Not supplying enough data to HAL, expected position 16769576 , only wrote 16769570
12-09 07:57:08.145 W/audio_hw_generic( 1308): Not supplying enough data to HAL, expected position 16770289 , only wrote 16770231
12-09 07:57:08.288 W/audio_hw_generic( 1308): Not supplying enough data to HAL, expected position 16776496 , only wrote 16776180
12-09 07:57:08.474 W/audio_hw_generic( 1308): Not supplying enough data to HAL, expected position 16784383 , only wrote 16784112
12-09 07:57:08.474 W/audio_hw_generic( 1308): Not supplying enough data to HAL, expected position 16784118 , only wrote 16784112
12-09 07:57:08.550 W/audio_hw_generic( 1308): Not supplying enough data to HAL, expected position 16787470 , only wrote 16787417
12-09 07:57:08.550 W/audio_hw_generic( 1308): Not supplying enough data to HAL, expected position 16787424 , only wrote 16787417
12-09 07:57:08.565 W/audio_hw_generic( 1308): Hardware backing HAL too slow, could only write 0 of 661 frames
12-09 07:57:08.585 W/audio_hw_generic( 1308): Hardware backing HAL too slow, could only write 0 of 661 frames
12-09 07:57:08.601 W/audio_hw_generic( 1308): Hardware backing HAL too slow, could only write 0 of 661 frames
12-09 07:57:08.625 W/audio_hw_generic( 1308): Hardware backing HAL too slow, could only write 0 of 661 frames
12-09 07:57:08.633 W/audio_hw_generic( 1308): Hardware backing HAL too slow, could only write 0 of 661 frames
12-09 07:57:08.645 W/audio_hw_generic( 1308): Hardware backing HAL too slow, could only write 0 of 661 frames
12-09 07:57:08.660 W/audio_hw_generic( 1308): Hardware backing HAL too slow, could only write 0 of 661 frames
12-09 07:57:08.721 W/audio_hw_generic( 1308): Not supplying enough data to HAL, expected position 16794942 , only wrote 16794688
12-09 07:57:08.736 I/System.out( 9142): URI: //gesture
12-09 07:57:08.736 I/System.out( 9142): params: {json={"query_timeout":5.0,"gestures":[{"query_string":"android.widget.TabWidget descendant TextView index:3","touches":[{"x":50,"y":50,"offset_x":0,"offset_y":0,"wait":0.0,"time":0.2,"release":true,"query_string":null}]}]}
12-09 07:57:08.736 I/System.out( 9142): }
12-09 07:57:08.777 W/audio_hw_generic( 1308): Hardware backing HAL too slow, could only write 0 of 661 frames
12-09 07:57:08.798 W/audio_hw_generic( 1308): Not supplying enough data to HAL, expected position 16798103 , only wrote 16797993
12-09 07:57:08.850 I/art     ( 9142): Background partial concurrent mark sweep GC freed 9051(447KB) AllocSpace objects, 2(40KB) LOS objects, 40% free, 2MB/4MB, paused 1.092ms total 105.348ms
12-09 07:57:08.852 W/CursorWrapperInner( 9142): Cursor finalized without prior close()
12-09 07:57:08.938 W/audio_hw_generic( 1308): Not supplying enough data to HAL, expected position 16804140 , only wrote 16803281
12-09 07:57:09.152 W/audio_hw_generic( 1308): Not supplying enough data to HAL, expected position 16812726 , only wrote 16811874
12-09 07:57:09.152 W/audio_hw_generic( 1308): Not supplying enough data to HAL, expected position 16811881 , only wrote 16811874
12-09 07:57:09.175 W/audio_hw_generic( 1308): Not supplying enough data to HAL, expected position 16812901 , only wrote 16812535
12-09 07:57:09.197 W/audio_hw_generic( 1308): Not supplying enough data to HAL, expected position 16813500 , only wrote 16813196
12-09 07:57:09.197 W/audio_hw_generic( 1308): Not supplying enough data to HAL, expected position 16813202 , only wrote 16813196
12-09 07:57:09.213 W/audio_hw_generic( 1308): Not supplying enough data to HAL, expected position 16813878 , only wrote 16813857
12-09 07:57:09.220 I/calabash( 9142): newActivity1
12-09 07:57:09.222 W/ActivityManager( 1592): Bad activity token: android.os.BinderProxy@28225dc
12-09 07:57:09.222 W/ActivityManager( 1592): java.lang.ClassCastException: android.os.BinderProxy cannot be cast to com.android.server.am.ActivityRecord$Token
12-09 07:57:09.222 W/ActivityManager( 1592): 	at com.android.server.am.ActivityRecord.forTokenLocked(ActivityRecord.java:424)
12-09 07:57:09.222 W/ActivityManager( 1592): 	at com.android.server.am.ActivityRecord.isInStackLocked(ActivityRecord.java:1121)
12-09 07:57:09.222 W/ActivityManager( 1592): 	at com.android.server.am.ActivityRecord.getStackLocked(ActivityRecord.java:1126)
12-09 07:57:09.222 W/ActivityManager( 1592): 	at com.android.server.am.ActivityManagerService.getActivityDisplayId(ActivityManagerService.java:8889)
12-09 07:57:09.222 W/ActivityManager( 1592): 	at android.app.ActivityManagerNative.onTransact(ActivityManagerNative.java:2338)
12-09 07:57:09.222 W/ActivityManager( 1592): 	at com.android.server.am.ActivityManagerService.onTransact(ActivityManagerService.java:2443)
12-09 07:57:09.222 W/ActivityManager( 1592): 	at android.os.Binder.execTransact(Binder.java:453)
12-09 07:57:09.223 W/ActivityManager( 1592): Bad activity token: android.os.BinderProxy@28225dc
12-09 07:57:09.223 W/ActivityManager( 1592): java.lang.ClassCastException: android.os.BinderProxy cannot be cast to com.android.server.am.ActivityRecord$Token
12-09 07:57:09.223 W/ActivityManager( 1592): 	at com.android.server.am.ActivityRecord.forTokenLocked(ActivityRecord.java:424)
12-09 07:57:09.223 W/ActivityManager( 1592): 	at com.android.server.am.ActivityRecord.isInStackLocked(ActivityRecord.java:1121)
12-09 07:57:09.223 W/ActivityManager( 1592): 	at com.android.server.am.ActivityManagerService.setTaskDescription(ActivityManagerService.java:8547)
12-09 07:57:09.223 W/ActivityManager( 1592): 	at android.app.ActivityManagerNative.onTransact(ActivityManagerNative.java:2410)
12-09 07:57:09.223 W/ActivityManager( 1592): 	at com.android.server.am.ActivityManagerService.onTransact(ActivityManagerService.java:2443)
12-09 07:57:09.223 W/ActivityManager( 1592): 	at android.os.Binder.execTransact(Binder.java:453)
12-09 07:57:09.264 W/ActivityManager( 1592): Bad activity token: android.os.BinderProxy@28225dc
12-09 07:57:09.264 W/ActivityManager( 1592): java.lang.ClassCastException: android.os.BinderProxy cannot be cast to com.android.server.am.ActivityRecord$Token
12-09 07:57:09.264 W/ActivityManager( 1592): 	at com.android.server.am.ActivityRecord.forTokenLocked(ActivityRecord.java:424)
12-09 07:57:09.264 W/ActivityManager( 1592): 	at com.android.server.am.ActivityRecord.isInStackLocked(ActivityRecord.java:1121)
12-09 07:57:09.264 W/ActivityManager( 1592): 	at com.android.server.am.ActivityManagerService.getActivityOptions(ActivityManagerService.java:11038)
12-09 07:57:09.264 W/ActivityManager( 1592): 	at android.app.ActivityManagerNative.onTransact(ActivityManagerNative.java:1734)
12-09 07:57:09.264 W/ActivityManager( 1592): 	at com.android.server.am.ActivityManagerService.onTransact(ActivityManagerService.java:2443)
12-09 07:57:09.264 W/ActivityManager( 1592): 	at android.os.Binder.execTransact(Binder.java:453)
12-09 07:57:09.298 W/audio_hw_generic( 1308): Not supplying enough data to HAL, expected position 16817603 , only wrote 16817162
12-09 07:57:09.308 W/ActivityManager( 1592): Bad activity token: android.os.BinderProxy@28225dc
12-09 07:57:09.308 W/ActivityManager( 1592): java.lang.ClassCastException: android.os.BinderProxy cannot be cast to com.android.server.am.ActivityRecord$Token
12-09 07:57:09.308 W/ActivityManager( 1592): 	at com.android.server.am.ActivityRecord.forTokenLocked(ActivityRecord.java:424)
12-09 07:57:09.308 W/ActivityManager( 1592): 	at com.android.server.am.ActivityRecord.isInStackLocked(ActivityRecord.java:1121)
12-09 07:57:09.308 W/ActivityManager( 1592): 	at com.android.server.am.ActivityManagerService.getActivityOptions(ActivityManagerService.java:11038)
12-09 07:57:09.308 W/ActivityManager( 1592): 	at android.app.ActivityManagerNative.onTransact(ActivityManagerNative.java:1734)
12-09 07:57:09.308 W/ActivityManager( 1592): 	at com.android.server.am.ActivityManagerService.onTransact(ActivityManagerService.java:2443)
12-09 07:57:09.308 W/ActivityManager( 1592): 	at android.os.Binder.execTransact(Binder.java:453)
12-09 07:57:09.634 W/audio_hw_generic( 1308): Not supplying enough data to HAL, expected position 16831976 , only wrote 16831043
12-09 07:57:09.836 W/audio_hw_generic( 1308): Not supplying enough data to HAL, expected position 16839956 , only wrote 16839636
12-09 07:57:09.837 E/SurfaceFlinger( 1219): ro.sf.lcd_density must be defined as a build property
12-09 07:57:09.838 D/gralloc_ranchu( 1219): gralloc_alloc: Creating ashmem region of size 3686400
12-09 07:57:09.866 D/        ( 9174): HostConnection::get() New Host Connection established 0x7f8e2f612480, tid 9174
12-09 07:57:09.883 W/audio_hw_generic( 1308): Hardware backing HAL too slow, could only write 0 of 661 frames
12-09 07:57:09.889 E/EGL_emulation( 1219): tid 1219: eglCreateSyncKHR(1881): error 0x3004 (EGL_BAD_ATTRIBUTE)
12-09 07:57:10.011 W/audio_hw_generic( 1308): Hardware backing HAL too slow, could only write 0 of 661 frames
12-09 07:57:10.042 W/audio_hw_generic( 1308): Hardware backing HAL too slow, could only write 0 of 661 frames
12-09 07:57:10.163 W/audio_hw_generic( 1308): Hardware backing HAL too slow, could only write 0 of 661 frames
12-09 07:57:10.177 W/audio_hw_generic( 1308): Hardware backing HAL too slow, could only write 0 of 661 frames
12-09 07:57:10.488 I/System.out( 9142): URI: //gesture
12-09 07:57:10.488 I/System.out( 9142): params: {json={"query_timeout":5.0,"gestures":[{"query_string":"android.widget.TabWidget descendant TextView index:2","touches":[{"x":50,"y":50,"offset_x":0,"offset_y":0,"wait":0.0,"time":0.2,"release":true,"query_string":null}]}]}
12-09 07:57:10.488 I/System.out( 9142): }
12-09 07:57:10.569 W/audio_hw_generic( 1308): Not supplying enough data to HAL, expected position 16871988 , only wrote 16871364
12-09 07:57:10.570 W/audio_hw_generic( 1308): Not supplying enough data to HAL, expected position 16871370 , only wrote 16871364
12-09 07:57:10.601 W/audio_hw_generic( 1308): Not supplying enough data to HAL, expected position 16872753 , only wrote 16872025
12-09 07:57:10.798 W/audio_hw_generic( 1308): Not supplying enough data to HAL, expected position 16880696 , only wrote 16880618
12-09 07:57:10.798 W/audio_hw_generic( 1308): Not supplying enough data to HAL, expected position 16880625 , only wrote 16880618
12-09 07:57:10.816 W/audio_hw_generic( 1308): Not supplying enough data to HAL, expected position 16881436 , only wrote 16881279
12-09 07:57:11.066 W/audio_hw_generic( 1308): Not supplying enough data to HAL, expected position 16892266 , only wrote 16889872
12-09 07:57:11.066 W/audio_hw_generic( 1308): Not supplying enough data to HAL, expected position 16889878 , only wrote 16889872
12-09 07:57:11.081 W/audio_hw_generic( 1308): Not supplying enough data to HAL, expected position 16890566 , only wrote 16890533
12-09 07:57:11.115 I/calabash( 9142): newActivity1
12-09 07:57:11.135 I/art     ( 9142): Background sticky concurrent mark sweep GC freed 40194(1721KB) AllocSpace objects, 2(40KB) LOS objects, 25% free, 3MB/4MB, paused 1.098ms total 154.437ms
12-09 07:57:11.160 W/ActivityManager( 1592): Bad activity token: android.os.BinderProxy@d1b56e5
12-09 07:57:11.160 W/ActivityManager( 1592): java.lang.ClassCastException: android.os.BinderProxy cannot be cast to com.android.server.am.ActivityRecord$Token
12-09 07:57:11.160 W/ActivityManager( 1592): 	at com.android.server.am.ActivityRecord.forTokenLocked(ActivityRecord.java:424)
12-09 07:57:11.160 W/ActivityManager( 1592): 	at com.android.server.am.ActivityRecord.isInStackLocked(ActivityRecord.java:1121)
12-09 07:57:11.160 W/ActivityManager( 1592): 	at com.android.server.am.ActivityRecord.getStackLocked(ActivityRecord.java:1126)
12-09 07:57:11.160 W/ActivityManager( 1592): 	at com.android.server.am.ActivityManagerService.getActivityDisplayId(ActivityManagerService.java:8889)
12-09 07:57:11.160 W/ActivityManager( 1592): 	at android.app.ActivityManagerNative.onTransact(ActivityManagerNative.java:2338)
12-09 07:57:11.160 W/ActivityManager( 1592): 	at com.android.server.am.ActivityManagerService.onTransact(ActivityManagerService.java:2443)
12-09 07:57:11.160 W/ActivityManager( 1592): 	at android.os.Binder.execTransact(Binder.java:453)
12-09 07:57:11.160 W/ActivityManager( 1592): Bad activity token: android.os.BinderProxy@d1b56e5
12-09 07:57:11.160 W/ActivityManager( 1592): java.lang.ClassCastException: android.os.BinderProxy cannot be cast to com.android.server.am.ActivityRecord$Token
12-09 07:57:11.160 W/ActivityManager( 1592): 	at com.android.server.am.ActivityRecord.forTokenLocked(ActivityRecord.java:424)
12-09 07:57:11.160 W/ActivityManager( 1592): 	at com.android.server.am.ActivityRecord.isInStackLocked(ActivityRecord.java:1121)
12-09 07:57:11.160 W/ActivityManager( 1592): 	at com.android.server.am.ActivityManagerService.setTaskDescription(ActivityManagerService.java:8547)
12-09 07:57:11.160 W/ActivityManager( 1592): 	at android.app.ActivityManagerNative.onTransact(ActivityManagerNative.java:2410)
12-09 07:57:11.160 W/ActivityManager( 1592): 	at com.android.server.am.ActivityManagerService.onTransact(ActivityManagerService.java:2443)
12-09 07:57:11.160 W/ActivityManager( 1592): 	at android.os.Binder.execTransact(Binder.java:453)
12-09 07:57:11.211 D/VehicleStatisticsActivity( 9142): Checking recalculation ...
12-09 07:57:11.212 D/VehicleStatisticsActivity( 9142): Recalculating statistics
12-09 07:57:11.222 D/VehicleStatisticsTask( 9142): Calculation starting...
12-09 07:57:11.222 D/VehicleStatisticsActivity( 9142): Recalculation started!
12-09 07:57:11.224 W/ActivityManager( 1592): Bad activity token: android.os.BinderProxy@d1b56e5
12-09 07:57:11.224 W/ActivityManager( 1592): java.lang.ClassCastException: android.os.BinderProxy cannot be cast to com.android.server.am.ActivityRecord$Token
12-09 07:57:11.224 W/ActivityManager( 1592): 	at com.android.server.am.ActivityRecord.forTokenLocked(ActivityRecord.java:424)
12-09 07:57:11.224 W/ActivityManager( 1592): 	at com.android.server.am.ActivityRecord.isInStackLocked(ActivityRecord.java:1121)
12-09 07:57:11.224 W/ActivityManager( 1592): 	at com.android.server.am.ActivityManagerService.getActivityOptions(ActivityManagerService.java:11038)
12-09 07:57:11.224 W/ActivityManager( 1592): 	at android.app.ActivityManagerNative.onTransact(ActivityManagerNative.java:1734)
12-09 07:57:11.224 W/ActivityManager( 1592): 	at com.android.server.am.ActivityManagerService.onTransact(ActivityManagerService.java:2443)
12-09 07:57:11.224 W/ActivityManager( 1592): 	at android.os.Binder.execTransact(Binder.java:453)
12-09 07:57:11.224 W/ActivityManager( 1592): Bad activity token: android.os.BinderProxy@d1b56e5
12-09 07:57:11.224 W/ActivityManager( 1592): java.lang.ClassCastException: android.os.BinderProxy cannot be cast to com.android.server.am.ActivityRecord$Token
12-09 07:57:11.224 W/ActivityManager( 1592): 	at com.android.server.am.ActivityRecord.forTokenLocked(ActivityRecord.java:424)
12-09 07:57:11.224 W/ActivityManager( 1592): 	at com.android.server.am.ActivityRecord.isInStackLocked(ActivityRecord.java:1121)
12-09 07:57:11.224 W/ActivityManager( 1592): 	at com.android.server.am.ActivityManagerService.getActivityOptions(ActivityManagerService.java:11038)
12-09 07:57:11.224 W/ActivityManager( 1592): 	at android.app.ActivityManagerNative.onTransact(ActivityManagerNative.java:1734)
12-09 07:57:11.224 W/ActivityManager( 1592): 	at com.android.server.am.ActivityManagerService.onTransact(ActivityManagerService.java:2443)
12-09 07:57:11.224 W/ActivityManager( 1592): 	at android.os.Binder.execTransact(Binder.java:453)
12-09 07:57:11.225 D/AudioFlinger( 1308): mixer(0xf43c0000) throttle end: throttle time(38)
12-09 07:57:11.272 W/audio_hw_generic( 1308): Not supplying enough data to HAL, expected position 16898938 , only wrote 16898465
12-09 07:57:11.272 W/audio_hw_generic( 1308): Not supplying enough data to HAL, expected position 16898471 , only wrote 16898465
12-09 07:57:11.282 D/VehicleStatisticsActivity( 9142): Checking recalculation ...
12-09 07:57:11.283 D/VehicleStatisticsActivity( 9142): Recalculating statistics
12-09 07:57:11.283 D/VehicleStatisticsTask( 9142): Calculation starting...
12-09 07:57:11.283 D/VehicleStatisticsActivity( 9142): Recalculation started!
12-09 07:57:11.290 D/VehicleStatisticsTask( 9142): Not enough fillups to calculate statistics
12-09 07:57:11.294 W/audio_hw_generic( 1308): Not supplying enough data to HAL, expected position 16899406 , only wrote 16899126
12-09 07:57:11.335 D/VehicleStatisticsTask( 9142): Not enough fillups to calculate statistics
12-09 07:57:11.401 W/audio_hw_generic( 1308): Not supplying enough data to HAL, expected position 16903876 , only wrote 16903753
12-09 07:57:11.521 W/audio_hw_generic( 1308): Not supplying enough data to HAL, expected position 16909048 , only wrote 16909041
12-09 07:57:11.606 W/audio_hw_generic( 1308): Not supplying enough data to HAL, expected position 16912754 , only wrote 16911685
12-09 07:57:11.606 W/audio_hw_generic( 1308): Not supplying enough data to HAL, expected position 16911691 , only wrote 16911685
12-09 07:57:11.628 W/audio_hw_generic( 1308): Not supplying enough data to HAL, expected position 16912679 , only wrote 16912346
12-09 07:57:11.634 I/art     ( 9142): Background partial concurrent mark sweep GC freed 22067(1424KB) AllocSpace objects, 3(60KB) LOS objects, 40% free, 2MB/4MB, paused 12.142ms total 252.981ms
12-09 07:57:11.636 D/VehicleStatisticsTask( 9142): Done recalculating!
12-09 07:57:11.663 W/audio_hw_generic( 1308): Hardware backing HAL too slow, could only write 0 of 661 frames
12-09 07:57:11.666 W/CursorWrapperInner( 9142): Cursor finalized without prior close()
12-09 07:57:11.670 W/CursorWrapperInner( 9142): Cursor finalized without prior close()
12-09 07:57:11.686 D/VehicleStatisticsTask( 9142): Done recalculating!
12-09 07:57:11.708 D/Mileage.ABS( 9142): Finished backup
12-09 07:57:11.720 D/Mileage.ABS( 9142): Not backing up; 73
12-09 07:57:11.722 D/VehicleStatisticsAdapter( 9142): Erasing the cache ...
12-09 07:57:11.741 D/VehicleStatisticsAdapter( 9142): Erasing the cache ...
12-09 07:57:11.743 D/VehicleStatisticsAdapter( 9142): Building new values ...
12-09 07:57:11.743 D/VehicleStatisticsAdapter( 9142): Writing 29 records to the database ...
12-09 07:57:11.751 E/SurfaceFlinger( 1219): ro.sf.lcd_density must be defined as a build property
12-09 07:57:11.752 D/gralloc_ranchu( 1219): gralloc_alloc: Creating ashmem region of size 3686400
12-09 07:57:11.772 D/VehicleStatisticsAdapter( 9142): Building new values ...
12-09 07:57:11.772 D/VehicleStatisticsAdapter( 9142): Writing 29 records to the database ...
12-09 07:57:11.808 D/        ( 9181): HostConnection::get() New Host Connection established 0x7f3e1fc52480, tid 9181
12-09 07:57:11.842 D/Mileage.ABS( 9142): Not backing up; 195
12-09 07:57:11.864 E/EGL_emulation( 1219): tid 1219: eglCreateSyncKHR(1881): error 0x3004 (EGL_BAD_ATTRIBUTE)
12-09 07:57:11.905 W/audio_hw_generic( 1308): Hardware backing HAL too slow, could only write 0 of 661 frames
12-09 07:57:11.938 D/Mileage.ABS( 9142): Not backing up; 291
12-09 07:57:11.943 D/Mileage.ABS( 9142): Not backing up; 296
12-09 07:57:12.087 D/Mileage.ABS( 9142): Not backing up; 440
12-09 07:57:12.087 D/Mileage.ABS( 9142): Not backing up; 440
12-09 07:57:12.088 D/Mileage.ABS( 9142): Not backing up; 441
12-09 07:57:12.159 D/Mileage.ABS( 9142): Not backing up; 512
12-09 07:57:12.159 D/Mileage.ABS( 9142): Not backing up; 512
12-09 07:57:12.195 D/Mileage.ABS( 9142): Not backing up; 548
12-09 07:57:12.196 D/Mileage.ABS( 9142): Not backing up; 549
12-09 07:57:12.256 D/Mileage.ABS( 9142): Not backing up; 609
12-09 07:57:12.263 D/Mileage.ABS( 9142): Not backing up; 615
12-09 07:57:12.266 D/Mileage.ABS( 9142): Not backing up; 619
12-09 07:57:12.393 D/Mileage.ABS( 9142): Not backing up; 746
12-09 07:57:12.394 D/Mileage.ABS( 9142): Not backing up; 747
12-09 07:57:12.394 D/Mileage.ABS( 9142): Not backing up; 747
12-09 07:57:12.411 D/Mileage.ABS( 9142): Not backing up; 763
12-09 07:57:12.440 W/audio_hw_generic( 1308): Not supplying enough data to HAL, expected position 16948121 , only wrote 16948040
12-09 07:57:12.500 W/audio_hw_generic( 1308): Not supplying enough data to HAL, expected position 16950689 , only wrote 16950684
