--------- beginning of main
12-09 08:42:16.751 D/gralloc_ranchu( 1218): gralloc_alloc: Creating ashmem region of size 708608
12-09 08:42:16.845 E/EGL_emulation( 1218): tid 1218: eglCreateSyncKHR(1881): error 0x3004 (EGL_BAD_ATTRIBUTE)
--------- beginning of system
12-09 08:42:16.994 W/ActivityManager( 1591): Finishing task with all activities already finished
12-09 08:42:16.994 W/ActivityManager( 1591): Duplicate finish request for ActivityRecord{543704d u0 com.evancharlton.mileage/.Mileage t499 f}
12-09 08:42:17.067 W/ActivityManager( 1591): Finishing task with all activities already finished
12-09 08:42:17.079 W/ActivityManager( 1591): Duplicate finish request for ActivityRecord{543704d u0 com.evancharlton.mileage/.Mileage t499 f}
12-09 08:42:17.080 W/ActivityManager( 1591): Finishing task with all activities already finished
12-09 08:42:17.080 W/ActivityManager( 1591): Duplicate finish request for ActivityRecord{543704d u0 com.evancharlton.mileage/.Mileage t499 f}
12-09 08:42:17.080 W/ActivityManager( 1591): Finishing task with all activities already finished
12-09 08:42:17.088 W/ActivityManager( 1591): Duplicate finish request for ActivityRecord{543704d u0 com.evancharlton.mileage/.Mileage t499 f}
12-09 08:42:17.088 W/ActivityManager( 1591): Finishing task with all activities already finished
12-09 08:42:17.088 W/ActivityManager( 1591): Duplicate finish request for ActivityRecord{543704d u0 com.evancharlton.mileage/.Mileage t499 f}
12-09 08:42:17.089 W/ActivityManager( 1591): Finishing task with all activities already finished
12-09 08:42:17.123 W/ActivityManager( 1591): Duplicate finish request for ActivityRecord{543704d u0 com.evancharlton.mileage/.Mileage t499 f}
12-09 08:42:17.123 W/ActivityManager( 1591): Finishing task with all activities already finished
12-09 08:42:17.123 W/ActivityManager( 1591): Duplicate finish request for ActivityRecord{543704d u0 com.evancharlton.mileage/.Mileage t499 f}
12-09 08:42:17.124 W/ActivityManager( 1591): Finishing task with all activities already finished
12-09 08:42:17.124 W/ActivityManager( 1591): Duplicate finish request for ActivityRecord{543704d u0 com.evancharlton.mileage/.Mileage t499 f}
12-09 08:42:17.124 W/ActivityManager( 1591): Finishing task with all activities already finished
12-09 08:42:17.124 W/ActivityManager( 1591): Duplicate finish request for ActivityRecord{543704d u0 com.evancharlton.mileage/.Mileage t499 f}
12-09 08:42:17.124 W/ActivityManager( 1591): Finishing task with all activities already finished
12-09 08:42:17.124 W/ActivityManager( 1591): Duplicate finish request for ActivityRecord{543704d u0 com.evancharlton.mileage/.Mileage t499 f}
12-09 08:42:17.124 W/ActivityManager( 1591): Finishing task with all activities already finished
12-09 08:42:17.124 W/ActivityManager( 1591): Duplicate finish request for ActivityRecord{543704d u0 com.evancharlton.mileage/.Mileage t499 f}
12-09 08:42:17.189 D/EGL_emulation( 1926): eglMakeCurrent: 0x7fd755f34b40: ver 2 0 (tinfo 0x7fd755f02920)
12-09 08:42:17.769 D/AndroidRuntime(21246): >>>>>> START com.android.internal.os.RuntimeInit uid 0 <<<<<<
12-09 08:42:17.771 D/AndroidRuntime(21246): CheckJNI is ON
12-09 08:42:17.836 D/ICU     (21246): No timezone override file found: /data/misc/zoneinfo/current/icu/icu_tzdata.dat
12-09 08:42:17.994 W/art     ( 1591): Long monitor contention event with owner method=void com.android.server.wm.WindowAnimator$1.doFrame(long) from WindowAnimator.java:121 waiters=1 for 200ms
12-09 08:42:18.001 E/memtrack(21246): Couldn't load memtrack module (No such file or directory)
12-09 08:42:18.001 E/android.os.Debug(21246): failed to load memtrack module: -2
12-09 08:42:18.002 I/Radio-JNI(21246): register_android_hardware_Radio DONE
12-09 08:42:18.045 D/AndroidRuntime(21246): Calling main entry com.android.commands.am.Am
12-09 08:42:18.372 W/art     ( 1591): Long monitor contention event with owner method=void com.android.server.wm.WindowAnimator$1.doFrame(long) from WindowAnimator.java:121 waiters=2 for 278ms
12-09 08:42:18.373 W/art     ( 1591): Long monitor contention event with owner method=void com.android.server.wm.WindowAnimator$1.doFrame(long) from WindowAnimator.java:121 waiters=2 for 223ms
12-09 08:42:18.376 I/Choreographer( 1926): Skipped 67 frames!  The application may be doing too much work on its main thread.
12-09 08:42:18.458 I/Choreographer(21200): Skipped 73 frames!  The application may be doing too much work on its main thread.
12-09 08:42:18.458 W/art     ( 1591): Long monitor contention event with owner method=java.util.List com.android.server.am.ActivityManagerService.getAllStackInfos() from ActivityManagerService.java:8937 waiters=0 for 362ms
12-09 08:42:18.459 I/ActivityManager( 1591): Force stopping com.evancharlton.mileage appid=10143 user=0: start instr
12-09 08:42:18.459 I/ActivityManager( 1591): Killing 21200:com.evancharlton.mileage/u0a143 (adj 0): stop com.evancharlton.mileage
12-09 08:42:18.467 W/OpenGLRenderer( 1926): Incorrectly called buildLayer on View: ShortcutAndWidgetContainer, destroying layer...
12-09 08:42:18.578 W/ActivityManager( 1591): Crash of app com.evancharlton.mileage running instrumentation ComponentInfo{com.evancharlton.mileage.test/sh.calaba.instrumentationbackend.CalabashInstrumentationTestRunner}
12-09 08:42:18.578 I/ActivityManager( 1591): Force stopping com.evancharlton.mileage appid=10143 user=0: finished inst
12-09 08:42:18.579 I/WindowState( 1591): WIN DEATH: Window{31ce44f u0 com.evancharlton.mileage/com.evancharlton.mileage.Mileage EXITING}
12-09 08:42:18.720 I/ActivityManager( 1591): Start proc 21255:com.evancharlton.mileage/u0a143 for added application com.evancharlton.mileage
12-09 08:42:18.737 D/AndroidRuntime(21246): Shutting down VM
12-09 08:42:18.747 W/art     ( 1591): Long monitor contention event with owner method=boolean com.android.server.am.ActivityManagerService.startInstrumentation(android.content.ComponentName, java.lang.String, int, android.os.Bundle, android.app.IInstrumentationWatcher, android.app.IUiAutomationConnection, int, java.lang.String) from ActivityManagerService.java:17066 waiters=2 for 287ms
12-09 08:42:19.190 W/WindowAnimator( 1591): Failed to dispatch window animation state change.
12-09 08:42:19.190 W/WindowAnimator( 1591): android.os.DeadObjectException
12-09 08:42:19.190 W/WindowAnimator( 1591): 	at android.os.BinderProxy.transactNative(Native Method)
12-09 08:42:19.190 W/WindowAnimator( 1591): 	at android.os.BinderProxy.transact(Binder.java:503)
12-09 08:42:19.190 W/WindowAnimator( 1591): 	at android.view.IWindow$Stub$Proxy.onAnimationStopped(IWindow.java:534)
12-09 08:42:19.190 W/WindowAnimator( 1591): 	at com.android.server.wm.WindowAnimator.updateWindowsLocked(WindowAnimator.java:286)
12-09 08:42:19.190 W/WindowAnimator( 1591): 	at com.android.server.wm.WindowAnimator.animateLocked(WindowAnimator.java:678)
12-09 08:42:19.190 W/WindowAnimator( 1591): 	at com.android.server.wm.WindowAnimator.-wrap0(WindowAnimator.java)
12-09 08:42:19.190 W/WindowAnimator( 1591): 	at com.android.server.wm.WindowAnimator$1.doFrame(WindowAnimator.java:123)
12-09 08:42:19.190 W/WindowAnimator( 1591): 	at android.view.Choreographer$CallbackRecord.run(Choreographer.java:856)
12-09 08:42:19.190 W/WindowAnimator( 1591): 	at android.view.Choreographer.doCallbacks(Choreographer.java:670)
12-09 08:42:19.190 W/WindowAnimator( 1591): 	at android.view.Choreographer.doFrame(Choreographer.java:603)
12-09 08:42:19.190 W/WindowAnimator( 1591): 	at android.view.Choreographer$FrameDisplayEventReceiver.run(Choreographer.java:844)
12-09 08:42:19.190 W/WindowAnimator( 1591): 	at android.os.Handler.handleCallback(Handler.java:739)
12-09 08:42:19.190 W/WindowAnimator( 1591): 	at android.os.Handler.dispatchMessage(Handler.java:95)
12-09 08:42:19.190 W/WindowAnimator( 1591): 	at android.os.Looper.loop(Looper.java:148)
12-09 08:42:19.190 W/WindowAnimator( 1591): 	at android.os.HandlerThread.run(HandlerThread.java:61)
12-09 08:42:19.190 W/WindowAnimator( 1591): 	at com.android.server.ServiceThread.run(ServiceThread.java:46)
12-09 08:42:19.255 W/System  (21255): ClassLoader referenced unknown path: /data/app/com.evancharlton.mileage.test-1/lib/x86_64
12-09 08:42:19.255 W/System  (21255): ClassLoader referenced unknown path: /data/app/com.evancharlton.mileage-1/lib/x86_64
12-09 08:42:19.282 I/System.out(21255): Main activity name automatically set to: com.evancharlton.mileage.Mileage
12-09 08:42:19.283 I/System.out(21255): Calabash did not load Mono. This is only a problem if you are trying to test a Mono application
12-09 08:42:19.283 I/calabash(21255): Test server port: 7102
12-09 08:42:19.293 I/InstrumentationBackend(21255): Added:'GetPreferences', with key:'get_preferences'
12-09 08:42:19.465 W/art     (21255): Suspending all threads took: 43.233ms
12-09 08:42:19.515 I/InstrumentationBackend(21255): Added:'SetPreferences', with key:'set_preferences'
12-09 08:42:19.515 I/InstrumentationBackend(21255): Added:'ClearPreferences', with key:'clear_preferences'
12-09 08:42:19.515 I/InstrumentationBackend(21255): Added:'PressElement', with key:'press_l10n_element'
12-09 08:42:19.515 I/InstrumentationBackend(21255): Added:'WaitForElement', with key:'wait_for_l10n_element'
12-09 08:42:19.516 I/InstrumentationBackend(21255): Added:'NullAction', with key:'nullAction'
12-09 08:42:19.516 I/InstrumentationBackend(21255): Added:'PressKey', with key:'press_key'
12-09 08:42:19.516 I/InstrumentationBackend(21255): Added:'SetActivityOrientation', with key:'set_activity_orientation'
12-09 08:42:19.516 I/InstrumentationBackend(21255): Added:'GetActivityOrientation', with key:'get_activity_orientation'
12-09 08:42:19.517 I/InstrumentationBackend(21255): Added:'FakeGPSLocation', with key:'set_gps_coordinates'
12-09 08:42:19.517 I/InstrumentationBackend(21255): Added:'SetPropertyByCssSelector', with key:'set_property_by_css_selector'
12-09 08:42:19.517 I/InstrumentationBackend(21255): Added:'GetUrl', with key:'get_url'
12-09 08:42:19.518 I/InstrumentationBackend(21255): Added:'ScrollTo', with key:'scroll_to'
12-09 08:42:19.518 I/InstrumentationBackend(21255): Added:'GetLoadProgress', with key:'get_load_progress'
12-09 08:42:19.518 I/InstrumentationBackend(21255): Added:'DumpHtml', with key:'dump_html'
12-09 08:42:19.518 I/InstrumentationBackend(21255): Added:'DumpBodyHtml', with key:'dump_body_html'
12-09 08:42:19.519 I/InstrumentationBackend(21255): Added:'EnterTextByCssSelector', with key:'enter_text_by_selector'
12-09 08:42:19.519 I/InstrumentationBackend(21255): Added:'AndroidSDKVersion', with key:'android_sdk_version'
12-09 08:42:19.520 I/InstrumentationBackend(21255): Added:'Version', with key:'version'
12-09 08:42:19.520 I/InstrumentationBackend(21255): Added:'Drag', with key:'drag'
12-09 08:42:19.520 I/InstrumentationBackend(21255): Added:'TouchCoordinates', with key:'touch_coordinate'
12-09 08:42:19.520 I/InstrumentationBackend(21255): Added:'LongPressCoordinate', with key:'long_press_coordinate'
12-09 08:42:19.520 I/InstrumentationBackend(21255): Added:'DragCoordinates', with key:'drag_coordinates'
12-09 08:42:19.520 I/InstrumentationBackend(21255): Added:'ResumeApplication', with key:'resume_application'
12-09 08:42:19.525 I/InstrumentationBackend(21255): Added:'Swipe', with key:'swipe'
12-09 08:42:19.526 I/InstrumentationBackend(21255): Added:'DoubleTapCoordinate', with key:'double_tap_coordinate'
12-09 08:42:19.526 I/InstrumentationBackend(21255): Added:'ClickOnScreen', with key:'click_on_screen'
12-09 08:42:19.526 I/InstrumentationBackend(21255): Added:'GetActivityName', with key:'get_activity_name'
12-09 08:42:19.526 I/InstrumentationBackend(21255): Added:'ScrollToView', with key:'scroll_to_view'
12-09 08:42:19.527 I/InstrumentationBackend(21255): Added:'ViewConfiguration', with key:'view_configuration'
12-09 08:42:19.527 I/InstrumentationBackend(21255): Added:'IsCurrentActivityFocused', with key:'is_current_activity_focused'
12-09 08:42:19.527 I/InstrumentationBackend(21255): Added:'SendTcp', with key:'send_tcp'
12-09 08:42:19.527 I/InstrumentationBackend(21255): Added:'DpToDevicePixel', with key:'dp_to_device_pixel'
12-09 08:42:19.528 I/InstrumentationBackend(21255): Added:'KeyboardEnterText', with key:'keyboard_enter_text'
12-09 08:42:19.528 I/InstrumentationBackend(21255): Added:'DeleteSurroundingText', with key:'delete_surrounding_text'
12-09 08:42:19.528 I/InstrumentationBackend(21255): Added:'SetComposingRegion', with key:'set_composing_region'
12-09 08:42:19.528 I/InstrumentationBackend(21255): Added:'SetSelection', with key:'set_selection'
12-09 08:42:19.528 I/InstrumentationBackend(21255): Added:'KeyboardKeyEvent', with key:'keyboard_key_event'
12-09 08:42:19.537 I/art     (21255): Background sticky concurrent mark sweep GC freed 5241(341KB) AllocSpace objects, 0(0B) LOS objects, 12% free, 1134KB/1295KB, paused 44.324ms total 185.823ms
12-09 08:42:19.541 I/InstrumentationBackend(21255): Added:'PressUserActionButton', with key:'press_user_action_button'
12-09 08:42:19.541 I/InstrumentationBackend(21255): Added:'HideSoftKeyboard', with key:'hide_soft_keyboard'
12-09 08:42:19.542 I/InstrumentationBackend(21255): Added:'ListActions', with key:'list_actions'
12-09 08:42:19.565 I/calabash(21255): Instantiating http server at 7102
12-09 08:42:19.732 I/System.out(21255): HTTP Daemon listening on: 7102
12-09 08:42:19.856 I/art     (21255): Background partial concurrent mark sweep GC freed 1499(182KB) AllocSpace objects, 1(20KB) LOS objects, 50% free, 992KB/2016KB, paused 20.866ms total 288.719ms
12-09 08:42:19.857 I/System.out(21255): URI: //ping
12-09 08:42:19.857 I/System.out(21255): params: {json={}
12-09 08:42:19.857 I/System.out(21255): }
12-09 08:42:19.897 I/System.out(21255): URI: //ping
12-09 08:42:19.897 I/System.out(21255): params: {json={}
12-09 08:42:19.897 I/System.out(21255): }
12-09 08:42:19.986 I/System.out(21255): URI: //ready
12-09 08:42:19.986 I/System.out(21255): params: {json={}
12-09 08:42:19.986 I/System.out(21255): }
12-09 08:42:20.058 I/System.out(21255): URI: //
12-09 08:42:20.058 I/System.out(21255): params: {json={"command":"version","arguments":[]}
12-09 08:42:20.058 I/System.out(21255): }
12-09 08:42:20.058 I/System.out(21255): header: {date=Sun, 09 Dec 2018 08:42:20 GMT, accept=*/*, content-length=36, host=127.0.0.1:34777, user-agent=HTTPClient/1.0 (2.8.3, ruby 2.3.1 (2016-04-26)), content-type=application/json;charset=utf-8}
12-09 08:42:20.058 I/System.out(21255): params: {json={"command":"version","arguments":[]}
12-09 08:42:20.058 I/System.out(21255): }
12-09 08:42:20.058 I/System.out(21255): ProP json = {"command":"version","arguments":[]}
12-09 08:42:20.058 I/System.out(21255): files: {}
12-09 08:42:20.058 I/System.out(21255): command: {"command":"version","arguments":[]}
12-09 08:42:20.068 I/InstrumentationBackend(21255): Got command:'Command:'Line:null,version', arguments:'[]'
12-09 08:42:20.126 I/System.out(21255): result:{"bonusInformation":[],"message":"0.9.8","success":true}
12-09 08:42:20.157 I/System.out(21255): URI: //start-application
12-09 08:42:20.157 I/System.out(21255): params: {json={"intent":null}
12-09 08:42:20.157 I/System.out(21255): }
12-09 08:42:20.213 W/art     (21255): Suspending all threads took: 11.229ms
12-09 08:42:20.258 I/art     (21255): Background sticky concurrent mark sweep GC freed 16282(666KB) AllocSpace objects, 2(40KB) LOS objects, 3% free, 1943KB/2016KB, paused 12.786ms total 95.165ms
12-09 08:42:20.294 I/ActivityManager( 1591): START u0 {act=android.intent.action.MAIN cat=[android.intent.category.LAUNCHER] flg=0x10200000 cmp=com.evancharlton.mileage/.Mileage} from uid 10143 on display 0
12-09 08:42:20.428 I/calabash(21255): newActivity1
12-09 08:42:20.446 D/gralloc_ranchu( 1218): gralloc_alloc: Creating ashmem region of size 3686400
12-09 08:42:20.509 I/calabash(21255): newActivity1
12-09 08:42:20.511 W/ActivityManager( 1591): Bad activity token: android.os.BinderProxy@4b54c36
12-09 08:42:20.511 W/ActivityManager( 1591): java.lang.ClassCastException: android.os.BinderProxy cannot be cast to com.android.server.am.ActivityRecord$Token
12-09 08:42:20.511 W/ActivityManager( 1591): 	at com.android.server.am.ActivityRecord.forTokenLocked(ActivityRecord.java:424)
12-09 08:42:20.511 W/ActivityManager( 1591): 	at com.android.server.am.ActivityRecord.isInStackLocked(ActivityRecord.java:1121)
12-09 08:42:20.511 W/ActivityManager( 1591): 	at com.android.server.am.ActivityRecord.getStackLocked(ActivityRecord.java:1126)
12-09 08:42:20.511 W/ActivityManager( 1591): 	at com.android.server.am.ActivityManagerService.getActivityDisplayId(ActivityManagerService.java:8889)
12-09 08:42:20.511 W/ActivityManager( 1591): 	at android.app.ActivityManagerNative.onTransact(ActivityManagerNative.java:2338)
12-09 08:42:20.511 W/ActivityManager( 1591): 	at com.android.server.am.ActivityManagerService.onTransact(ActivityManagerService.java:2443)
12-09 08:42:20.511 W/ActivityManager( 1591): 	at android.os.Binder.execTransact(Binder.java:453)
12-09 08:42:20.512 W/ActivityManager( 1591): Bad activity token: android.os.BinderProxy@4b54c36
12-09 08:42:20.512 W/ActivityManager( 1591): java.lang.ClassCastException: android.os.BinderProxy cannot be cast to com.android.server.am.ActivityRecord$Token
12-09 08:42:20.512 W/ActivityManager( 1591): 	at com.android.server.am.ActivityRecord.forTokenLocked(ActivityRecord.java:424)
12-09 08:42:20.512 W/ActivityManager( 1591): 	at com.android.server.am.ActivityRecord.isInStackLocked(ActivityRecord.java:1121)
12-09 08:42:20.512 W/ActivityManager( 1591): 	at com.android.server.am.ActivityManagerService.setTaskDescription(ActivityManagerService.java:8547)
12-09 08:42:20.512 W/ActivityManager( 1591): 	at android.app.ActivityManagerNative.onTransact(ActivityManagerNative.java:2410)
12-09 08:42:20.512 W/ActivityManager( 1591): 	at com.android.server.am.ActivityManagerService.onTransact(ActivityManagerService.java:2443)
12-09 08:42:20.512 W/ActivityManager( 1591): 	at android.os.Binder.execTransact(Binder.java:453)
12-09 08:42:20.651 V/PhoneStatusBar( 1685): setLightsOn(true)
12-09 08:42:20.688 W/ActivityManager( 1591): Bad activity token: android.os.BinderProxy@4b54c36
12-09 08:42:20.688 W/ActivityManager( 1591): java.lang.ClassCastException: android.os.BinderProxy cannot be cast to com.android.server.am.ActivityRecord$Token
12-09 08:42:20.688 W/ActivityManager( 1591): 	at com.android.server.am.ActivityRecord.forTokenLocked(ActivityRecord.java:424)
12-09 08:42:20.688 W/ActivityManager( 1591): 	at com.android.server.am.ActivityRecord.isInStackLocked(ActivityRecord.java:1121)
12-09 08:42:20.688 W/ActivityManager( 1591): 	at com.android.server.am.ActivityManagerService.getActivityOptions(ActivityManagerService.java:11038)
12-09 08:42:20.688 W/ActivityManager( 1591): 	at android.app.ActivityManagerNative.onTransact(ActivityManagerNative.java:1734)
12-09 08:42:20.688 W/ActivityManager( 1591): 	at com.android.server.am.ActivityManagerService.onTransact(ActivityManagerService.java:2443)
12-09 08:42:20.688 W/ActivityManager( 1591): 	at android.os.Binder.execTransact(Binder.java:453)
12-09 08:42:20.688 W/ActivityManager( 1591): Bad activity token: android.os.BinderProxy@4b54c36
12-09 08:42:20.688 W/ActivityManager( 1591): java.lang.ClassCastException: android.os.BinderProxy cannot be cast to com.android.server.am.ActivityRecord$Token
12-09 08:42:20.688 W/ActivityManager( 1591): 	at com.android.server.am.ActivityRecord.forTokenLocked(ActivityRecord.java:424)
12-09 08:42:20.688 W/ActivityManager( 1591): 	at com.android.server.am.ActivityRecord.isInStackLocked(ActivityRecord.java:1121)
12-09 08:42:20.688 W/ActivityManager( 1591): 	at com.android.server.am.ActivityManagerService.getActivityOptions(ActivityManagerService.java:11038)
12-09 08:42:20.688 W/ActivityManager( 1591): 	at android.app.ActivityManagerNative.onTransact(ActivityManagerNative.java:1734)
12-09 08:42:20.688 W/ActivityManager( 1591): 	at com.android.server.am.ActivityManagerService.onTransact(ActivityManagerService.java:2443)
12-09 08:42:20.688 W/ActivityManager( 1591): 	at android.os.Binder.execTransact(Binder.java:453)
12-09 08:42:20.741 D/EGL_emulation( 1926): eglMakeCurrent: 0x7fd755f34b40: ver 2 0 (tinfo 0x7fd755f02920)
12-09 08:42:20.743 E/Surface ( 1926): getSlotFromBufferLocked: unknown buffer: 0x7fd755f359a0
12-09 08:42:21.125 W/art     ( 1591): Long monitor contention event with owner method=void com.android.server.wm.WindowAnimator$1.doFrame(long) from WindowAnimator.java:121 waiters=1 for 375ms
12-09 08:42:21.687 D/gralloc_ranchu( 1218): gralloc_alloc: Creating ashmem region of size 3686400
12-09 08:42:21.737 D/        (21255): HostConnection::get() New Host Connection established 0x7fd75243d0a0, tid 21255
12-09 08:42:21.807 I/ActivityManager( 1591): Displayed com.evancharlton.mileage/.Mileage: +1s480ms
12-09 08:42:21.883 D/gralloc_ranchu( 1218): gralloc_alloc: Creating ashmem region of size 3686400
12-09 08:42:22.325 W/art     ( 1591): Long monitor contention event with owner method=void com.android.server.wm.WindowAnimator$1.doFrame(long) from WindowAnimator.java:121 waiters=0 for 135ms
12-09 08:42:22.449 I/System.out(21255): URI: //gesture
12-09 08:42:22.449 I/System.out(21255): params: {json={"query_timeout":5.0,"gestures":[{"query_string":"android.widget.TabWidget descendant TextView index:1","touches":[{"x":50,"y":50,"offset_x":0,"offset_y":0,"wait":0.0,"time":0.2,"release":true,"query_string":null}]}]}
12-09 08:42:22.449 I/System.out(21255): }
12-09 08:42:22.524 I/art     (21255): Background sticky concurrent mark sweep GC freed 14169(692KB) AllocSpace objects, 1(20KB) LOS objects, 7% free, 2MB/2MB, paused 5.608ms total 122.472ms
12-09 08:42:22.890 D/gralloc_ranchu( 1218): gralloc_alloc: Creating ashmem region of size 3686400
12-09 08:42:23.461 I/calabash(21255): newActivity1
12-09 08:42:23.468 W/audio_hw_generic( 1306): Hardware backing HAL too slow, could only write 0 of 661 frames
12-09 08:42:23.478 W/ActivityManager( 1591): Bad activity token: android.os.BinderProxy@4ce864b
12-09 08:42:23.478 W/ActivityManager( 1591): java.lang.ClassCastException: android.os.BinderProxy cannot be cast to com.android.server.am.ActivityRecord$Token
12-09 08:42:23.478 W/ActivityManager( 1591): 	at com.android.server.am.ActivityRecord.forTokenLocked(ActivityRecord.java:424)
12-09 08:42:23.478 W/ActivityManager( 1591): 	at com.android.server.am.ActivityRecord.isInStackLocked(ActivityRecord.java:1121)
12-09 08:42:23.478 W/ActivityManager( 1591): 	at com.android.server.am.ActivityRecord.getStackLocked(ActivityRecord.java:1126)
12-09 08:42:23.478 W/ActivityManager( 1591): 	at com.android.server.am.ActivityManagerService.getActivityDisplayId(ActivityManagerService.java:8889)
12-09 08:42:23.478 W/ActivityManager( 1591): 	at android.app.ActivityManagerNative.onTransact(ActivityManagerNative.java:2338)
12-09 08:42:23.478 W/ActivityManager( 1591): 	at com.android.server.am.ActivityManagerService.onTransact(ActivityManagerService.java:2443)
12-09 08:42:23.478 W/ActivityManager( 1591): 	at android.os.Binder.execTransact(Binder.java:453)
12-09 08:42:23.480 W/ActivityManager( 1591): Bad activity token: android.os.BinderProxy@4ce864b
12-09 08:42:23.480 W/ActivityManager( 1591): java.lang.ClassCastException: android.os.BinderProxy cannot be cast to com.android.server.am.ActivityRecord$Token
12-09 08:42:23.480 W/ActivityManager( 1591): 	at com.android.server.am.ActivityRecord.forTokenLocked(ActivityRecord.java:424)
12-09 08:42:23.480 W/ActivityManager( 1591): 	at com.android.server.am.ActivityRecord.isInStackLocked(ActivityRecord.java:1121)
12-09 08:42:23.480 W/ActivityManager( 1591): 	at com.android.server.am.ActivityManagerService.setTaskDescription(ActivityManagerService.java:8547)
12-09 08:42:23.480 W/ActivityManager( 1591): 	at android.app.ActivityManagerNative.onTransact(ActivityManagerNative.java:2410)
12-09 08:42:23.480 W/ActivityManager( 1591): 	at com.android.server.am.ActivityManagerService.onTransact(ActivityManagerService.java:2443)
12-09 08:42:23.480 W/ActivityManager( 1591): 	at android.os.Binder.execTransact(Binder.java:453)
12-09 08:42:23.668 W/ActivityManager( 1591): Bad activity token: android.os.BinderProxy@4ce864b
12-09 08:42:23.668 W/ActivityManager( 1591): java.lang.ClassCastException: android.os.BinderProxy cannot be cast to com.android.server.am.ActivityRecord$Token
12-09 08:42:23.668 W/ActivityManager( 1591): 	at com.android.server.am.ActivityRecord.forTokenLocked(ActivityRecord.java:424)
12-09 08:42:23.668 W/ActivityManager( 1591): 	at com.android.server.am.ActivityRecord.isInStackLocked(ActivityRecord.java:1121)
12-09 08:42:23.668 W/ActivityManager( 1591): 	at com.android.server.am.ActivityManagerService.getActivityOptions(ActivityManagerService.java:11038)
12-09 08:42:23.668 W/ActivityManager( 1591): 	at android.app.ActivityManagerNative.onTransact(ActivityManagerNative.java:1734)
12-09 08:42:23.668 W/ActivityManager( 1591): 	at com.android.server.am.ActivityManagerService.onTransact(ActivityManagerService.java:2443)
12-09 08:42:23.668 W/ActivityManager( 1591): 	at android.os.Binder.execTransact(Binder.java:453)
12-09 08:42:23.682 W/ActivityManager( 1591): Bad activity token: android.os.BinderProxy@4ce864b
12-09 08:42:23.682 W/ActivityManager( 1591): java.lang.ClassCastException: android.os.BinderProxy cannot be cast to com.android.server.am.ActivityRecord$Token
12-09 08:42:23.682 W/ActivityManager( 1591): 	at com.android.server.am.ActivityRecord.forTokenLocked(ActivityRecord.java:424)
12-09 08:42:23.682 W/ActivityManager( 1591): 	at com.android.server.am.ActivityRecord.isInStackLocked(ActivityRecord.java:1121)
12-09 08:42:23.682 W/ActivityManager( 1591): 	at com.android.server.am.ActivityManagerService.getActivityOptions(ActivityManagerService.java:11038)
12-09 08:42:23.682 W/ActivityManager( 1591): 	at android.app.ActivityManagerNative.onTransact(ActivityManagerNative.java:1734)
12-09 08:42:23.682 W/ActivityManager( 1591): 	at com.android.server.am.ActivityManagerService.onTransact(ActivityManagerService.java:2443)
12-09 08:42:23.682 W/ActivityManager( 1591): 	at android.os.Binder.execTransact(Binder.java:453)
12-09 08:42:23.689 I/art     (21255): Background sticky concurrent mark sweep GC freed 4422(335KB) AllocSpace objects, 1(20KB) LOS objects, 15% free, 2MB/2MB, paused 7.623ms total 46.183ms
12-09 08:42:23.703 W/audio_hw_generic( 1306): Hardware backing HAL too slow, could only write 0 of 661 frames
12-09 08:42:23.826 W/audio_hw_generic( 1306): Hardware backing HAL too slow, could only write 0 of 661 frames
12-09 08:42:23.880 D/Mileage (21255): Not enough fillups to calculate economy
12-09 08:42:23.997 E/SurfaceFlinger( 1218): ro.sf.lcd_density must be defined as a build property
12-09 08:42:23.998 D/gralloc_ranchu( 1218): gralloc_alloc: Creating ashmem region of size 3686400
12-09 08:42:24.032 D/        (21282): HostConnection::get() New Host Connection established 0x7f60a2ad2480, tid 21282
12-09 08:42:24.054 E/EGL_emulation( 1218): tid 1218: eglCreateSyncKHR(1881): error 0x3004 (EGL_BAD_ATTRIBUTE)
12-09 08:42:24.066 W/audio_hw_generic( 1306): Hardware backing HAL too slow, could only write 0 of 661 frames
12-09 08:42:24.380 W/audio_hw_generic( 1306): Not supplying enough data to HAL, expected position 52435266 , only wrote 52433825
12-09 08:42:24.380 W/audio_hw_generic( 1306): Not supplying enough data to HAL, expected position 52433832 , only wrote 52433825
12-09 08:42:24.748 W/audio_hw_generic( 1306): Not supplying enough data to HAL, expected position 52450040 , only wrote 52446384
12-09 08:42:24.748 W/audio_hw_generic( 1306): Not supplying enough data to HAL, expected position 52446391 , only wrote 52446384
12-09 08:42:24.771 W/audio_hw_generic( 1306): Not supplying enough data to HAL, expected position 52447386 , only wrote 52447045
12-09 08:42:24.808 W/audio_hw_generic( 1306): Hardware backing HAL too slow, could only write 0 of 661 frames
12-09 08:42:24.862 W/audio_hw_generic( 1306): Hardware backing HAL too slow, could only write 0 of 661 frames
12-09 08:42:24.862 W/audio_hw_generic( 1306): Not supplying enough data to HAL, expected position 52451053 , only wrote 52451011
12-09 08:42:24.862 W/audio_hw_generic( 1306): Not supplying enough data to HAL, expected position 52451016 , only wrote 52451011
12-09 08:42:24.877 W/audio_hw_generic( 1306): Not supplying enough data to HAL, expected position 52451689 , only wrote 52451672
12-09 08:42:24.988 W/audio_hw_generic( 1306): Not supplying enough data to HAL, expected position 52456547 , only wrote 52456299
12-09 08:42:24.988 W/audio_hw_generic( 1306): Not supplying enough data to HAL, expected position 52456305 , only wrote 52456299
12-09 08:42:25.007 W/audio_hw_generic( 1306): Not supplying enough data to HAL, expected position 52457132 , only wrote 52456960
12-09 08:42:25.007 W/audio_hw_generic( 1306): Hardware backing HAL too slow, could only write 0 of 661 frames
12-09 08:42:25.007 W/audio_hw_generic( 1306): Hardware backing HAL too slow, could only write 0 of 661 frames
12-09 08:42:25.049 W/audio_hw_generic( 1306): Hardware backing HAL too slow, could only write 0 of 661 frames
12-09 08:42:25.065 W/audio_hw_generic( 1306): Hardware backing HAL too slow, could only write 0 of 661 frames
12-09 08:42:25.081 W/audio_hw_generic( 1306): Hardware backing HAL too slow, could only write 0 of 661 frames
12-09 08:42:25.093 W/audio_hw_generic( 1306): Hardware backing HAL too slow, could only write 0 of 661 frames
12-09 08:42:25.122 W/audio_hw_generic( 1306): Hardware backing HAL too slow, could only write 0 of 661 frames
12-09 08:42:25.253 W/audio_hw_generic( 1306): Not supplying enough data to HAL, expected position 52467827 , only wrote 52467536
12-09 08:42:25.259 I/System.out(21255): URI: //gesture
12-09 08:42:25.259 I/System.out(21255): params: {json={"query_timeout":5.0,"gestures":[{"query_string":"android.widget.TabWidget descendant TextView index:3","touches":[{"x":50,"y":50,"offset_x":0,"offset_y":0,"wait":0.0,"time":0.2,"release":true,"query_string":null}]}]}
12-09 08:42:25.259 I/System.out(21255): }
12-09 08:42:25.366 W/CursorWrapperInner(21255): Cursor finalized without prior close()
12-09 08:42:25.382 W/audio_hw_generic( 1306): Hardware backing HAL too slow, could only write 0 of 661 frames
12-09 08:42:25.382 I/art     (21255): Background sticky concurrent mark sweep GC freed 12844(561KB) AllocSpace objects, 1(20KB) LOS objects, 5% free, 2MB/2MB, paused 17.235ms total 91.995ms
12-09 08:42:25.439 W/audio_hw_generic( 1306): Hardware backing HAL too slow, could only write 0 of 661 frames
12-09 08:42:25.465 W/audio_hw_generic( 1306): Hardware backing HAL too slow, could only write 0 of 661 frames
12-09 08:42:25.477 W/audio_hw_generic( 1306): Hardware backing HAL too slow, could only write 0 of 661 frames
12-09 08:42:25.501 W/audio_hw_generic( 1306): Hardware backing HAL too slow, could only write 0 of 661 frames
12-09 08:42:25.514 W/audio_hw_generic( 1306): Hardware backing HAL too slow, could only write 0 of 661 frames
12-09 08:42:25.533 W/audio_hw_generic( 1306): Hardware backing HAL too slow, could only write 0 of 661 frames
12-09 08:42:25.554 W/audio_hw_generic( 1306): Not supplying enough data to HAL, expected position 52480769 , only wrote 52480756
12-09 08:42:25.554 W/audio_hw_generic( 1306): Not supplying enough data to HAL, expected position 52480765 , only wrote 52480756
12-09 08:42:25.573 W/audio_hw_generic( 1306): Not supplying enough data to HAL, expected position 52481606 , only wrote 52481417
12-09 08:42:25.624 I/calabash(21255): newActivity1
12-09 08:42:25.628 W/ActivityManager( 1591): Bad activity token: android.os.BinderProxy@6d0aed4
12-09 08:42:25.628 W/ActivityManager( 1591): java.lang.ClassCastException: android.os.BinderProxy cannot be cast to com.android.server.am.ActivityRecord$Token
12-09 08:42:25.628 W/ActivityManager( 1591): 	at com.android.server.am.ActivityRecord.forTokenLocked(ActivityRecord.java:424)
12-09 08:42:25.628 W/ActivityManager( 1591): 	at com.android.server.am.ActivityRecord.isInStackLocked(ActivityRecord.java:1121)
12-09 08:42:25.628 W/ActivityManager( 1591): 	at com.android.server.am.ActivityRecord.getStackLocked(ActivityRecord.java:1126)
12-09 08:42:25.628 W/ActivityManager( 1591): 	at com.android.server.am.ActivityManagerService.getActivityDisplayId(ActivityManagerService.java:8889)
12-09 08:42:25.628 W/ActivityManager( 1591): 	at android.app.ActivityManagerNative.onTransact(ActivityManagerNative.java:2338)
12-09 08:42:25.628 W/ActivityManager( 1591): 	at com.android.server.am.ActivityManagerService.onTransact(ActivityManagerService.java:2443)
12-09 08:42:25.628 W/ActivityManager( 1591): 	at android.os.Binder.execTransact(Binder.java:453)
12-09 08:42:25.629 W/ActivityManager( 1591): Bad activity token: android.os.BinderProxy@6d0aed4
12-09 08:42:25.629 W/ActivityManager( 1591): java.lang.ClassCastException: android.os.BinderProxy cannot be cast to com.android.server.am.ActivityRecord$Token
12-09 08:42:25.629 W/ActivityManager( 1591): 	at com.android.server.am.ActivityRecord.forTokenLocked(ActivityRecord.java:424)
12-09 08:42:25.629 W/ActivityManager( 1591): 	at com.android.server.am.ActivityRecord.isInStackLocked(ActivityRecord.java:1121)
12-09 08:42:25.629 W/ActivityManager( 1591): 	at com.android.server.am.ActivityManagerService.setTaskDescription(ActivityManagerService.java:8547)
12-09 08:42:25.629 W/ActivityManager( 1591): 	at android.app.ActivityManagerNative.onTransact(ActivityManagerNative.java:2410)
12-09 08:42:25.629 W/ActivityManager( 1591): 	at com.android.server.am.ActivityManagerService.onTransact(ActivityManagerService.java:2443)
12-09 08:42:25.629 W/ActivityManager( 1591): 	at android.os.Binder.execTransact(Binder.java:453)
12-09 08:42:25.665 W/audio_hw_generic( 1306): Not supplying enough data to HAL, expected position 52485482 , only wrote 52485383
12-09 08:42:25.667 W/audio_hw_generic( 1306): Not supplying enough data to HAL, expected position 52485443 , only wrote 52485383
12-09 08:42:25.682 W/audio_hw_generic( 1306): Not supplying enough data to HAL, expected position 52486061 , only wrote 52486044
12-09 08:42:25.686 W/ActivityManager( 1591): Bad activity token: android.os.BinderProxy@6d0aed4
12-09 08:42:25.686 W/ActivityManager( 1591): java.lang.ClassCastException: android.os.BinderProxy cannot be cast to com.android.server.am.ActivityRecord$Token
12-09 08:42:25.686 W/ActivityManager( 1591): 	at com.android.server.am.ActivityRecord.forTokenLocked(ActivityRecord.java:424)
12-09 08:42:25.686 W/ActivityManager( 1591): 	at com.android.server.am.ActivityRecord.isInStackLocked(ActivityRecord.java:1121)
12-09 08:42:25.686 W/ActivityManager( 1591): 	at com.android.server.am.ActivityManagerService.getActivityOptions(ActivityManagerService.java:11038)
12-09 08:42:25.686 W/ActivityManager( 1591): 	at android.app.ActivityManagerNative.onTransact(ActivityManagerNative.java:1734)
12-09 08:42:25.686 W/ActivityManager( 1591): 	at com.android.server.am.ActivityManagerService.onTransact(ActivityManagerService.java:2443)
12-09 08:42:25.686 W/ActivityManager( 1591): 	at android.os.Binder.execTransact(Binder.java:453)
12-09 08:42:25.687 I/art     (21255): Background sticky concurrent mark sweep GC freed 8900(325KB) AllocSpace objects, 0(0B) LOS objects, 9% free, 2MB/2MB, paused 6.476ms total 61.608ms
12-09 08:42:25.714 D/AudioFlinger( 1306): mixer(0xf43c0000) throttle end: throttle time(11)
12-09 08:42:25.718 W/ActivityManager( 1591): Bad activity token: android.os.BinderProxy@6d0aed4
12-09 08:42:25.718 W/ActivityManager( 1591): java.lang.ClassCastException: android.os.BinderProxy cannot be cast to com.android.server.am.ActivityRecord$Token
12-09 08:42:25.718 W/ActivityManager( 1591): 	at com.android.server.am.ActivityRecord.forTokenLocked(ActivityRecord.java:424)
12-09 08:42:25.718 W/ActivityManager( 1591): 	at com.android.server.am.ActivityRecord.isInStackLocked(ActivityRecord.java:1121)
12-09 08:42:25.718 W/ActivityManager( 1591): 	at com.android.server.am.ActivityManagerService.getActivityOptions(ActivityManagerService.java:11038)
12-09 08:42:25.718 W/ActivityManager( 1591): 	at android.app.ActivityManagerNative.onTransact(ActivityManagerNative.java:1734)
12-09 08:42:25.718 W/ActivityManager( 1591): 	at com.android.server.am.ActivityManagerService.onTransact(ActivityManagerService.java:2443)
12-09 08:42:25.718 W/ActivityManager( 1591): 	at android.os.Binder.execTransact(Binder.java:453)
12-09 08:42:25.858 I/art     (21255): Background sticky concurrent mark sweep GC freed 25335(1260KB) AllocSpace objects, 1(20KB) LOS objects, 8% free, 2MB/2MB, paused 962us total 160.718ms
12-09 08:42:25.942 W/audio_hw_generic( 1306): Not supplying enough data to HAL, expected position 52497497 , only wrote 52497281
12-09 08:42:25.942 W/audio_hw_generic( 1306): Not supplying enough data to HAL, expected position 52497287 , only wrote 52497281
12-09 08:42:26.145 E/SurfaceFlinger( 1218): ro.sf.lcd_density must be defined as a build property
12-09 08:42:26.146 D/gralloc_ranchu( 1218): gralloc_alloc: Creating ashmem region of size 3686400
12-09 08:42:26.196 D/        (21287): HostConnection::get() New Host Connection established 0x7fc841f52480, tid 21287
12-09 08:42:26.221 E/EGL_emulation( 1218): tid 1218: eglCreateSyncKHR(1881): error 0x3004 (EGL_BAD_ATTRIBUTE)
12-09 08:42:26.439 W/audio_hw_generic( 1306): Not supplying enough data to HAL, expected position 52519224 , only wrote 52519094
12-09 08:42:26.440 W/audio_hw_generic( 1306): Not supplying enough data to HAL, expected position 52519101 , only wrote 52519094
12-09 08:42:26.459 W/audio_hw_generic( 1306): Not supplying enough data to HAL, expected position 52519955 , only wrote 52519755
12-09 08:42:26.973 W/audio_hw_generic( 1306): Not supplying enough data to HAL, expected position 52542425 , only wrote 52542229
12-09 08:42:27.010 W/audio_hw_generic( 1306): Not supplying enough data to HAL, expected position 52543842 , only wrote 52543551
12-09 08:42:27.010 W/audio_hw_generic( 1306): Hardware backing HAL too slow, could only write 0 of 661 frames
12-09 08:42:27.040 W/audio_hw_generic( 1306): Hardware backing HAL too slow, could only write 0 of 661 frames
12-09 08:42:27.061 W/audio_hw_generic( 1306): Hardware backing HAL too slow, could only write 0 of 661 frames
12-09 08:42:27.073 W/audio_hw_generic( 1306): Hardware backing HAL too slow, could only write 0 of 661 frames
12-09 08:42:27.098 W/audio_hw_generic( 1306): Hardware backing HAL too slow, could only write 0 of 661 frames
12-09 08:42:27.178 W/audio_hw_generic( 1306): Hardware backing HAL too slow, could only write 0 of 661 frames
12-09 08:42:27.198 W/audio_hw_generic( 1306): Hardware backing HAL too slow, could only write 0 of 661 frames
12-09 08:42:27.209 W/audio_hw_generic( 1306): Hardware backing HAL too slow, could only write 0 of 661 frames
12-09 08:42:27.227 W/audio_hw_generic( 1306): Hardware backing HAL too slow, could only write 0 of 661 frames
12-09 08:42:27.233 W/audio_hw_generic( 1306): Hardware backing HAL too slow, could only write 0 of 661 frames
12-09 08:42:27.261 W/audio_hw_generic( 1306): Not supplying enough data to HAL, expected position 52554630 , only wrote 52554127
12-09 08:42:27.261 W/audio_hw_generic( 1306): Hardware backing HAL too slow, could only write 0 of 661 frames
12-09 08:42:27.261 W/audio_hw_generic( 1306): Hardware backing HAL too slow, could only write 0 of 661 frames
12-09 08:42:27.276 I/System.out(21255): URI: //gesture
12-09 08:42:27.276 I/System.out(21255): params: {json={"query_timeout":5.0,"gestures":[{"query_string":"android.widget.TabWidget descendant TextView index:2","touches":[{"x":50,"y":50,"offset_x":0,"offset_y":0,"wait":0.0,"time":0.2,"release":true,"query_string":null}]}]}
12-09 08:42:27.276 I/System.out(21255): }
12-09 08:42:27.348 I/art     (21255): Background sticky concurrent mark sweep GC freed 12321(529KB) AllocSpace objects, 1(20KB) LOS objects, 5% free, 2MB/2MB, paused 9.613ms total 48.236ms
12-09 08:42:27.399 W/audio_hw_generic( 1306): Not supplying enough data to HAL, expected position 52560199 , only wrote 52560076
12-09 08:42:27.399 W/audio_hw_generic( 1306): Not supplying enough data to HAL, expected position 52560082 , only wrote 52560076
12-09 08:42:27.420 W/audio_hw_generic( 1306): Not supplying enough data to HAL, expected position 52560990 , only wrote 52560737
12-09 08:42:27.484 I/art     (21255): Background sticky concurrent mark sweep GC freed 3774(126KB) AllocSpace objects, 0(0B) LOS objects, 4% free, 2MB/2MB, paused 3.045ms total 134.910ms
12-09 08:42:27.529 W/audio_hw_generic( 1306): Hardware backing HAL too slow, could only write 0 of 661 frames
12-09 08:42:27.674 W/audio_hw_generic( 1306): Not supplying enough data to HAL, expected position 52571932 , only wrote 52570652
12-09 08:42:27.674 W/audio_hw_generic( 1306): Not supplying enough data to HAL, expected position 52570659 , only wrote 52570652
12-09 08:42:27.689 W/audio_hw_generic( 1306): Hardware backing HAL too slow, could only write 0 of 661 frames
12-09 08:42:27.705 W/audio_hw_generic( 1306): Hardware backing HAL too slow, could only write 0 of 661 frames
12-09 08:42:27.717 I/calabash(21255): newActivity1
12-09 08:42:27.720 W/audio_hw_generic( 1306): Hardware backing HAL too slow, could only write 0 of 661 frames
12-09 08:42:27.756 W/ActivityManager( 1591): Bad activity token: android.os.BinderProxy@817387d
12-09 08:42:27.756 W/ActivityManager( 1591): java.lang.ClassCastException: android.os.BinderProxy cannot be cast to com.android.server.am.ActivityRecord$Token
12-09 08:42:27.756 W/ActivityManager( 1591): 	at com.android.server.am.ActivityRecord.forTokenLocked(ActivityRecord.java:424)
12-09 08:42:27.756 W/ActivityManager( 1591): 	at com.android.server.am.ActivityRecord.isInStackLocked(ActivityRecord.java:1121)
12-09 08:42:27.756 W/ActivityManager( 1591): 	at com.android.server.am.ActivityRecord.getStackLocked(ActivityRecord.java:1126)
12-09 08:42:27.756 W/ActivityManager( 1591): 	at com.android.server.am.ActivityManagerService.getActivityDisplayId(ActivityManagerService.java:8889)
12-09 08:42:27.756 W/ActivityManager( 1591): 	at android.app.ActivityManagerNative.onTransact(ActivityManagerNative.java:2338)
12-09 08:42:27.756 W/ActivityManager( 1591): 	at com.android.server.am.ActivityManagerService.onTransact(ActivityManagerService.java:2443)
12-09 08:42:27.756 W/ActivityManager( 1591): 	at android.os.Binder.execTransact(Binder.java:453)
12-09 08:42:27.765 W/audio_hw_generic( 1306): Hardware backing HAL too slow, could only write 0 of 661 frames
12-09 08:42:27.777 W/ActivityManager( 1591): Bad activity token: android.os.BinderProxy@817387d
12-09 08:42:27.777 W/ActivityManager( 1591): java.lang.ClassCastException: android.os.BinderProxy cannot be cast to com.android.server.am.ActivityRecord$Token
12-09 08:42:27.777 W/ActivityManager( 1591): 	at com.android.server.am.ActivityRecord.forTokenLocked(ActivityRecord.java:424)
12-09 08:42:27.777 W/ActivityManager( 1591): 	at com.android.server.am.ActivityRecord.isInStackLocked(ActivityRecord.java:1121)
12-09 08:42:27.777 W/ActivityManager( 1591): 	at com.android.server.am.ActivityManagerService.setTaskDescription(ActivityManagerService.java:8547)
12-09 08:42:27.777 W/ActivityManager( 1591): 	at android.app.ActivityManagerNative.onTransact(ActivityManagerNative.java:2410)
12-09 08:42:27.777 W/ActivityManager( 1591): 	at com.android.server.am.ActivityManagerService.onTransact(ActivityManagerService.java:2443)
12-09 08:42:27.777 W/ActivityManager( 1591): 	at android.os.Binder.execTransact(Binder.java:453)
12-09 08:42:27.829 D/AudioFlinger( 1306): mixer(0xf43c0000) throttle end: throttle time(11)
12-09 08:42:27.848 I/art     (21255): Background partial concurrent mark sweep GC freed 36450(1830KB) AllocSpace objects, 3(60KB) LOS objects, 40% free, 2MB/4MB, paused 1.307ms total 137.752ms
12-09 08:42:27.860 W/audio_hw_generic( 1306): Not supplying enough data to HAL, expected position 52578887 , only wrote 52575940
12-09 08:42:27.875 D/VehicleStatisticsActivity(21255): Checking recalculation ...
12-09 08:42:27.876 D/VehicleStatisticsActivity(21255): Recalculating statistics
12-09 08:42:27.885 D/VehicleStatisticsTask(21255): Calculation starting...
12-09 08:42:27.894 D/VehicleStatisticsActivity(21255): Recalculation started!
12-09 08:42:27.896 W/ActivityManager( 1591): Bad activity token: android.os.BinderProxy@817387d
12-09 08:42:27.896 W/ActivityManager( 1591): java.lang.ClassCastException: android.os.BinderProxy cannot be cast to com.android.server.am.ActivityRecord$Token
12-09 08:42:27.896 W/ActivityManager( 1591): 	at com.android.server.am.ActivityRecord.forTokenLocked(ActivityRecord.java:424)
12-09 08:42:27.896 W/ActivityManager( 1591): 	at com.android.server.am.ActivityRecord.isInStackLocked(ActivityRecord.java:1121)
12-09 08:42:27.896 W/ActivityManager( 1591): 	at com.android.server.am.ActivityManagerService.getActivityOptions(ActivityManagerService.java:11038)
12-09 08:42:27.896 W/ActivityManager( 1591): 	at android.app.ActivityManagerNative.onTransact(ActivityManagerNative.java:1734)
12-09 08:42:27.896 W/ActivityManager( 1591): 	at com.android.server.am.ActivityManagerService.onTransact(ActivityManagerService.java:2443)
12-09 08:42:27.896 W/ActivityManager( 1591): 	at android.os.Binder.execTransact(Binder.java:453)
12-09 08:42:27.896 W/ActivityManager( 1591): Bad activity token: android.os.BinderProxy@817387d
12-09 08:42:27.896 W/ActivityManager( 1591): java.lang.ClassCastException: android.os.BinderProxy cannot be cast to com.android.server.am.ActivityRecord$Token
12-09 08:42:27.896 W/ActivityManager( 1591): 	at com.android.server.am.ActivityRecord.forTokenLocked(ActivityRecord.java:424)
12-09 08:42:27.896 W/ActivityManager( 1591): 	at com.android.server.am.ActivityRecord.isInStackLocked(ActivityRecord.java:1121)
12-09 08:42:27.896 W/ActivityManager( 1591): 	at com.android.server.am.ActivityManagerService.getActivityOptions(ActivityManagerService.java:11038)
12-09 08:42:27.896 W/ActivityManager( 1591): 	at android.app.ActivityManagerNative.onTransact(ActivityManagerNative.java:1734)
12-09 08:42:27.896 W/ActivityManager( 1591): 	at com.android.server.am.ActivityManagerService.onTransact(ActivityManagerService.java:2443)
12-09 08:42:27.896 W/ActivityManager( 1591): 	at android.os.Binder.execTransact(Binder.java:453)
12-09 08:42:27.922 D/VehicleStatisticsActivity(21255): Checking recalculation ...
12-09 08:42:27.963 W/audio_hw_generic( 1306): Not supplying enough data to HAL, expected position 52580483 , only wrote 52579906
12-09 08:42:27.969 W/audio_hw_generic( 1306): Not supplying enough data to HAL, expected position 52580140 , only wrote 52579906
12-09 08:42:27.989 W/audio_hw_generic( 1306): Not supplying enough data to HAL, expected position 52580795 , only wrote 52580567
12-09 08:42:27.990 D/VehicleStatisticsActivity(21255): Recalculating statistics
12-09 08:42:27.990 D/VehicleStatisticsTask(21255): Calculation starting...
12-09 08:42:27.990 D/VehicleStatisticsActivity(21255): Recalculation started!
12-09 08:42:28.011 D/VehicleStatisticsTask(21255): Not enough fillups to calculate statistics
12-09 08:42:28.025 W/audio_hw_generic( 1306): Hardware backing HAL too slow, could only write 0 of 661 frames
12-09 08:42:28.034 W/audio_hw_generic( 1306): Hardware backing HAL too slow, could only write 0 of 661 frames
12-09 08:42:28.053 W/audio_hw_generic( 1306): Hardware backing HAL too slow, could only write 0 of 661 frames
12-09 08:42:28.069 W/audio_hw_generic( 1306): Hardware backing HAL too slow, could only write 0 of 661 frames
12-09 08:42:28.081 W/audio_hw_generic( 1306): Hardware backing HAL too slow, could only write 0 of 661 frames
12-09 08:42:28.094 W/audio_hw_generic( 1306): Hardware backing HAL too slow, could only write 0 of 661 frames
12-09 08:42:28.101 D/VehicleStatisticsTask(21255): Not enough fillups to calculate statistics
12-09 08:42:28.172 D/VehicleStatisticsTask(21255): Done recalculating!
12-09 08:42:28.172 D/VehicleStatisticsTask(21255): Done recalculating!
12-09 08:42:28.224 D/VehicleStatisticsAdapter(21255): Erasing the cache ...
12-09 08:42:28.226 D/VehicleStatisticsAdapter(21255): Building new values ...
12-09 08:42:28.227 D/VehicleStatisticsAdapter(21255): Writing 29 records to the database ...
12-09 08:42:28.231 D/Mileage.ABS(21255): Finished backup
12-09 08:42:28.274 D/VehicleStatisticsAdapter(21255): Erasing the cache ...
12-09 08:42:28.291 W/audio_hw_generic( 1306): Not supplying enough data to HAL, expected position 52593871 , only wrote 52593787
12-09 08:42:28.291 W/audio_hw_generic( 1306): Not supplying enough data to HAL, expected position 52593793 , only wrote 52593787
12-09 08:42:28.312 W/audio_hw_generic( 1306): Not supplying enough data to HAL, expected position 52594731 , only wrote 52594448
12-09 08:42:28.340 D/Mileage.ABS(21255): Not backing up; 155
12-09 08:42:28.392 D/VehicleStatisticsAdapter(21255): Building new values ...
12-09 08:42:28.392 D/VehicleStatisticsAdapter(21255): Writing 29 records to the database ...
12-09 08:42:28.395 D/Mileage.ABS(21255): Not backing up; 210
12-09 08:42:28.400 E/SurfaceFlinger( 1218): ro.sf.lcd_density must be defined as a build property
12-09 08:42:28.405 D/gralloc_ranchu( 1218): gralloc_alloc: Creating ashmem region of size 3686400
12-09 08:42:28.444 D/        (21297): HostConnection::get() New Host Connection established 0x7f0fe0dd2480, tid 21297
12-09 08:42:28.468 E/EGL_emulation( 1218): tid 1218: eglCreateSyncKHR(1881): error 0x3004 (EGL_BAD_ATTRIBUTE)
12-09 08:42:28.537 D/Mileage.ABS(21255): Not backing up; 352
12-09 08:42:28.538 D/Mileage.ABS(21255): Not backing up; 353
12-09 08:42:28.547 D/Mileage.ABS(21255): Not backing up; 362
12-09 08:42:28.549 D/Mileage.ABS(21255): Not backing up; 364
12-09 08:42:28.550 D/Mileage.ABS(21255): Not backing up; 364
12-09 08:42:28.550 D/Mileage.ABS(21255): Not backing up; 365
12-09 08:42:28.632 W/audio_hw_generic( 1306): Hardware backing HAL too slow, could only write 0 of 661 frames
