--------- beginning of main
12-09 07:35:27.587 D/AndroidRuntime( 4163): >>>>>> START com.android.internal.os.RuntimeInit uid 0 <<<<<<
12-09 07:35:27.604 D/AndroidRuntime( 4163): CheckJNI is ON
12-09 07:35:27.625 D/ICU     ( 4163): No timezone override file found: /data/misc/zoneinfo/current/icu/icu_tzdata.dat
12-09 07:35:27.962 E/memtrack( 4163): Couldn't load memtrack module (No such file or directory)
12-09 07:35:27.967 E/android.os.Debug( 4163): failed to load memtrack module: -2
12-09 07:35:27.976 I/Radio-JNI( 4163): register_android_hardware_Radio DONE
12-09 07:35:27.987 D/AndroidRuntime( 4163): Calling main entry com.android.commands.am.Am
--------- beginning of system
12-09 07:35:28.057 I/ActivityManager( 1593): Force stopping com.evancharlton.mileage appid=10115 user=0: start instr
12-09 07:35:28.057 I/ActivityManager( 1593): Killing 4146:com.evancharlton.mileage/u0a115 (adj 0): stop com.evancharlton.mileage
12-09 07:35:28.094 W/ActivityManager( 1593): Crash of app com.evancharlton.mileage running instrumentation ComponentInfo{com.evancharlton.mileage.test/sh.calaba.instrumentationbackend.ClearAppData2}
12-09 07:35:28.099 I/ActivityManager( 1593): Force stopping com.evancharlton.mileage appid=10115 user=0: finished inst
12-09 07:35:28.122 I/ActivityManager( 1593): Start proc 4172:com.evancharlton.mileage/u0a115 for added application com.evancharlton.mileage
12-09 07:35:28.123 D/AndroidRuntime( 4163): Shutting down VM
12-09 07:35:28.125 W/ActivityManager( 1593): Spurious death for ProcessRecord{51fb752 0:com.evancharlton.mileage/u0a115}, curProc for 4146: null
12-09 07:35:28.239 I/UsageStatsService( 1593): User[0] Flushing usage stats to disk
12-09 07:35:28.417 W/System  ( 4172): ClassLoader referenced unknown path: /data/app/com.evancharlton.mileage.test-1/lib/x86_64
12-09 07:35:28.417 W/System  ( 4172): ClassLoader referenced unknown path: /data/app/com.evancharlton.mileage-1/lib/x86_64
12-09 07:35:28.517 I/System.out( 4172): Main activity name automatically set to: com.evancharlton.mileage.Mileage
12-09 07:35:28.517 I/System.out( 4172): Calabash did not load Mono. This is only a problem if you are trying to test a Mono application
12-09 07:35:28.518 I/calabash( 4172): Test server port: 7102
12-09 07:35:28.518 I/InstrumentationBackend( 4172): Added:'GetPreferences', with key:'get_preferences'
12-09 07:35:28.539 I/InstrumentationBackend( 4172): Added:'SetPreferences', with key:'set_preferences'
12-09 07:35:28.543 I/InstrumentationBackend( 4172): Added:'ClearPreferences', with key:'clear_preferences'
12-09 07:35:28.543 I/InstrumentationBackend( 4172): Added:'PressElement', with key:'press_l10n_element'
12-09 07:35:28.543 I/InstrumentationBackend( 4172): Added:'WaitForElement', with key:'wait_for_l10n_element'
12-09 07:35:28.543 I/InstrumentationBackend( 4172): Added:'NullAction', with key:'nullAction'
12-09 07:35:28.544 I/InstrumentationBackend( 4172): Added:'PressKey', with key:'press_key'
12-09 07:35:28.544 I/InstrumentationBackend( 4172): Added:'SetActivityOrientation', with key:'set_activity_orientation'
12-09 07:35:28.544 I/InstrumentationBackend( 4172): Added:'GetActivityOrientation', with key:'get_activity_orientation'
12-09 07:35:28.544 I/InstrumentationBackend( 4172): Added:'FakeGPSLocation', with key:'set_gps_coordinates'
12-09 07:35:28.544 I/InstrumentationBackend( 4172): Added:'SetPropertyByCssSelector', with key:'set_property_by_css_selector'
12-09 07:35:28.545 I/InstrumentationBackend( 4172): Added:'GetUrl', with key:'get_url'
12-09 07:35:28.545 I/InstrumentationBackend( 4172): Added:'ScrollTo', with key:'scroll_to'
12-09 07:35:28.545 I/InstrumentationBackend( 4172): Added:'GetLoadProgress', with key:'get_load_progress'
12-09 07:35:28.546 I/InstrumentationBackend( 4172): Added:'DumpHtml', with key:'dump_html'
12-09 07:35:28.546 I/InstrumentationBackend( 4172): Added:'DumpBodyHtml', with key:'dump_body_html'
12-09 07:35:28.546 I/InstrumentationBackend( 4172): Added:'EnterTextByCssSelector', with key:'enter_text_by_selector'
12-09 07:35:28.547 I/InstrumentationBackend( 4172): Added:'AndroidSDKVersion', with key:'android_sdk_version'
12-09 07:35:28.551 I/InstrumentationBackend( 4172): Added:'Version', with key:'version'
12-09 07:35:28.551 I/InstrumentationBackend( 4172): Added:'Drag', with key:'drag'
12-09 07:35:28.551 I/InstrumentationBackend( 4172): Added:'TouchCoordinates', with key:'touch_coordinate'
12-09 07:35:28.551 I/InstrumentationBackend( 4172): Added:'LongPressCoordinate', with key:'long_press_coordinate'
12-09 07:35:28.551 I/InstrumentationBackend( 4172): Added:'DragCoordinates', with key:'drag_coordinates'
12-09 07:35:28.552 I/InstrumentationBackend( 4172): Added:'ResumeApplication', with key:'resume_application'
12-09 07:35:28.552 I/InstrumentationBackend( 4172): Added:'Swipe', with key:'swipe'
12-09 07:35:28.552 I/InstrumentationBackend( 4172): Added:'DoubleTapCoordinate', with key:'double_tap_coordinate'
12-09 07:35:28.552 I/InstrumentationBackend( 4172): Added:'ClickOnScreen', with key:'click_on_screen'
12-09 07:35:28.552 I/InstrumentationBackend( 4172): Added:'GetActivityName', with key:'get_activity_name'
12-09 07:35:28.552 I/InstrumentationBackend( 4172): Added:'ScrollToView', with key:'scroll_to_view'
12-09 07:35:28.553 I/InstrumentationBackend( 4172): Added:'ViewConfiguration', with key:'view_configuration'
12-09 07:35:28.553 I/InstrumentationBackend( 4172): Added:'IsCurrentActivityFocused', with key:'is_current_activity_focused'
12-09 07:35:28.553 I/InstrumentationBackend( 4172): Added:'SendTcp', with key:'send_tcp'
12-09 07:35:28.553 I/InstrumentationBackend( 4172): Added:'DpToDevicePixel', with key:'dp_to_device_pixel'
12-09 07:35:28.554 I/InstrumentationBackend( 4172): Added:'KeyboardEnterText', with key:'keyboard_enter_text'
12-09 07:35:28.554 I/InstrumentationBackend( 4172): Added:'DeleteSurroundingText', with key:'delete_surrounding_text'
12-09 07:35:28.554 I/InstrumentationBackend( 4172): Added:'SetComposingRegion', with key:'set_composing_region'
12-09 07:35:28.554 I/InstrumentationBackend( 4172): Added:'SetSelection', with key:'set_selection'
12-09 07:35:28.554 I/InstrumentationBackend( 4172): Added:'KeyboardKeyEvent', with key:'keyboard_key_event'
12-09 07:35:28.554 I/InstrumentationBackend( 4172): Added:'PressUserActionButton', with key:'press_user_action_button'
12-09 07:35:28.555 I/InstrumentationBackend( 4172): Added:'HideSoftKeyboard', with key:'hide_soft_keyboard'
12-09 07:35:28.559 I/InstrumentationBackend( 4172): Added:'ListActions', with key:'list_actions'
12-09 07:35:28.559 I/calabash( 4172): Instantiating http server at 7102
12-09 07:35:28.567 I/System.out( 4172): HTTP Daemon listening on: 7102
12-09 07:35:28.619 I/System.out( 4172): URI: //ping
12-09 07:35:28.620 I/System.out( 4172): params: {json={}
12-09 07:35:28.620 I/System.out( 4172): }
12-09 07:35:28.860 I/System.out( 4172): URI: //ping
12-09 07:35:28.860 I/System.out( 4172): params: {json={}
12-09 07:35:28.860 I/System.out( 4172): }
12-09 07:35:29.031 I/System.out( 4172): URI: //ready
12-09 07:35:29.031 I/System.out( 4172): params: {json={}
12-09 07:35:29.031 I/System.out( 4172): }
12-09 07:35:29.096 I/art     ( 4172): Background sticky concurrent mark sweep GC freed 40230(1637KB) AllocSpace objects, 3(60KB) LOS objects, 65% free, 1335KB/3MB, paused 10.952ms total 470.167ms
12-09 07:35:29.163 I/System.out( 4172): URI: //
12-09 07:35:29.167 I/System.out( 4172): params: {json={"command":"version","arguments":[]}
12-09 07:35:29.167 I/System.out( 4172): }
12-09 07:35:29.167 I/System.out( 4172): header: {date=Sun, 09 Dec 2018 07:35:29 GMT, accept=*/*, content-length=36, host=127.0.0.1:34777, user-agent=HTTPClient/1.0 (2.8.3, ruby 2.3.1 (2016-04-26)), content-type=application/json;charset=utf-8}
12-09 07:35:29.167 I/System.out( 4172): params: {json={"command":"version","arguments":[]}
12-09 07:35:29.167 I/System.out( 4172): }
12-09 07:35:29.167 I/System.out( 4172): ProP json = {"command":"version","arguments":[]}
12-09 07:35:29.167 I/System.out( 4172): files: {}
12-09 07:35:29.167 I/System.out( 4172): command: {"command":"version","arguments":[]}
12-09 07:35:29.175 I/InstrumentationBackend( 4172): Got command:'Command:'Line:null,version', arguments:'[]'
12-09 07:35:29.196 I/System.out( 4172): result:{"bonusInformation":[],"message":"0.9.8","success":true}
12-09 07:35:29.227 I/System.out( 4172): URI: //start-application
12-09 07:35:29.227 I/System.out( 4172): params: {json={"intent":null}
12-09 07:35:29.227 I/System.out( 4172): }
12-09 07:35:29.255 I/ActivityManager( 1593): START u0 {act=android.intent.action.MAIN cat=[android.intent.category.LAUNCHER] flg=0x10200000 cmp=com.evancharlton.mileage/.Mileage} from uid 10115 on display 0
12-09 07:35:29.348 I/calabash( 4172): newActivity1
12-09 07:35:29.520 W/art     ( 1593): Long monitor contention event with owner method=void com.android.server.am.ActivityManagerService.activityPaused(android.os.IBinder) from ActivityManagerService.java:6439 waiters=1 for 171ms
12-09 07:35:29.531 D/gralloc_ranchu( 1218): gralloc_alloc: Creating ashmem region of size 3686400
12-09 07:35:29.642 I/calabash( 4172): newActivity1
12-09 07:35:29.663 W/ActivityManager( 1593): Bad activity token: android.os.BinderProxy@f1bae38
12-09 07:35:29.663 W/ActivityManager( 1593): java.lang.ClassCastException: android.os.BinderProxy cannot be cast to com.android.server.am.ActivityRecord$Token
12-09 07:35:29.663 W/ActivityManager( 1593): 	at com.android.server.am.ActivityRecord.forTokenLocked(ActivityRecord.java:424)
12-09 07:35:29.663 W/ActivityManager( 1593): 	at com.android.server.am.ActivityRecord.isInStackLocked(ActivityRecord.java:1121)
12-09 07:35:29.663 W/ActivityManager( 1593): 	at com.android.server.am.ActivityRecord.getStackLocked(ActivityRecord.java:1126)
12-09 07:35:29.663 W/ActivityManager( 1593): 	at com.android.server.am.ActivityManagerService.getActivityDisplayId(ActivityManagerService.java:8889)
12-09 07:35:29.663 W/ActivityManager( 1593): 	at android.app.ActivityManagerNative.onTransact(ActivityManagerNative.java:2338)
12-09 07:35:29.663 W/ActivityManager( 1593): 	at com.android.server.am.ActivityManagerService.onTransact(ActivityManagerService.java:2443)
12-09 07:35:29.663 W/ActivityManager( 1593): 	at android.os.Binder.execTransact(Binder.java:453)
12-09 07:35:29.672 W/ActivityManager( 1593): Bad activity token: android.os.BinderProxy@f1bae38
12-09 07:35:29.672 W/ActivityManager( 1593): java.lang.ClassCastException: android.os.BinderProxy cannot be cast to com.android.server.am.ActivityRecord$Token
12-09 07:35:29.672 W/ActivityManager( 1593): 	at com.android.server.am.ActivityRecord.forTokenLocked(ActivityRecord.java:424)
12-09 07:35:29.672 W/ActivityManager( 1593): 	at com.android.server.am.ActivityRecord.isInStackLocked(ActivityRecord.java:1121)
12-09 07:35:29.672 W/ActivityManager( 1593): 	at com.android.server.am.ActivityManagerService.setTaskDescription(ActivityManagerService.java:8547)
12-09 07:35:29.672 W/ActivityManager( 1593): 	at android.app.ActivityManagerNative.onTransact(ActivityManagerNative.java:2410)
12-09 07:35:29.672 W/ActivityManager( 1593): 	at com.android.server.am.ActivityManagerService.onTransact(ActivityManagerService.java:2443)
12-09 07:35:29.672 W/ActivityManager( 1593): 	at android.os.Binder.execTransact(Binder.java:453)
12-09 07:35:29.789 I/art     ( 4172): Background partial concurrent mark sweep GC freed 34564(1939KB) AllocSpace objects, 12(240KB) LOS objects, 39% free, 1541KB/2MB, paused 944us total 115.038ms
12-09 07:35:29.814 V/PhoneStatusBar( 1722): setLightsOn(true)
12-09 07:35:29.908 D/EGL_emulation( 1949): eglMakeCurrent: 0x7f50eff79dc0: ver 2 0 (tinfo 0x7f50eff42d80)
12-09 07:35:29.924 E/Surface ( 1949): getSlotFromBufferLocked: unknown buffer: 0x7f50ec555d40
12-09 07:35:30.156 D/FillupsProvider( 4172): Creating database
12-09 07:35:30.764 W/art     ( 1593): Long monitor contention event with owner method=java.util.List com.android.server.am.ActivityManagerService.getAllStackInfos() from ActivityManagerService.java:8937 waiters=0 for 223ms
12-09 07:35:30.764 W/ActivityManager( 1593): Bad activity token: android.os.BinderProxy@f1bae38
12-09 07:35:30.764 W/ActivityManager( 1593): java.lang.ClassCastException: android.os.BinderProxy cannot be cast to com.android.server.am.ActivityRecord$Token
12-09 07:35:30.764 W/ActivityManager( 1593): 	at com.android.server.am.ActivityRecord.forTokenLocked(ActivityRecord.java:424)
12-09 07:35:30.764 W/ActivityManager( 1593): 	at com.android.server.am.ActivityRecord.isInStackLocked(ActivityRecord.java:1121)
12-09 07:35:30.764 W/ActivityManager( 1593): 	at com.android.server.am.ActivityManagerService.getActivityOptions(ActivityManagerService.java:11038)
12-09 07:35:30.764 W/ActivityManager( 1593): 	at android.app.ActivityManagerNative.onTransact(ActivityManagerNative.java:1734)
12-09 07:35:30.764 W/ActivityManager( 1593): 	at com.android.server.am.ActivityManagerService.onTransact(ActivityManagerService.java:2443)
12-09 07:35:30.764 W/ActivityManager( 1593): 	at android.os.Binder.execTransact(Binder.java:453)
12-09 07:35:30.765 W/ActivityManager( 1593): Bad activity token: android.os.BinderProxy@f1bae38
12-09 07:35:30.765 W/ActivityManager( 1593): java.lang.ClassCastException: android.os.BinderProxy cannot be cast to com.android.server.am.ActivityRecord$Token
12-09 07:35:30.765 W/ActivityManager( 1593): 	at com.android.server.am.ActivityRecord.forTokenLocked(ActivityRecord.java:424)
12-09 07:35:30.765 W/ActivityManager( 1593): 	at com.android.server.am.ActivityRecord.isInStackLocked(ActivityRecord.java:1121)
12-09 07:35:30.765 W/ActivityManager( 1593): 	at com.android.server.am.ActivityManagerService.getActivityOptions(ActivityManagerService.java:11038)
12-09 07:35:30.765 W/ActivityManager( 1593): 	at android.app.ActivityManagerNative.onTransact(ActivityManagerNative.java:1734)
12-09 07:35:30.765 W/ActivityManager( 1593): 	at com.android.server.am.ActivityManagerService.onTransact(ActivityManagerService.java:2443)
12-09 07:35:30.765 W/ActivityManager( 1593): 	at android.os.Binder.execTransact(Binder.java:453)
12-09 07:35:31.150 D/gralloc_ranchu( 1218): gralloc_alloc: Creating ashmem region of size 3686400
12-09 07:35:31.256 D/        ( 4172): HostConnection::get() New Host Connection established 0x7f50ec5bcc20, tid 4172
12-09 07:35:31.309 I/ActivityManager( 1593): Displayed com.evancharlton.mileage/.Mileage: +1s969ms
12-09 07:35:31.330 D/gralloc_ranchu( 1218): gralloc_alloc: Creating ashmem region of size 3686400
12-09 07:35:31.784 I/System.out( 4172): URI: //
12-09 07:35:31.784 I/System.out( 4172): params: {json={"command":"set_activity_orientation","arguments":["landscape"]}
12-09 07:35:31.784 I/System.out( 4172): }
12-09 07:35:31.784 I/System.out( 4172): header: {date=Sun, 09 Dec 2018 07:35:32 GMT, accept=*/*, content-length=64, host=127.0.0.1:34777, user-agent=HTTPClient/1.0 (2.8.3, ruby 2.3.1 (2016-04-26)), content-type=application/json;charset=utf-8}
12-09 07:35:31.784 I/System.out( 4172): params: {json={"command":"set_activity_orientation","arguments":["landscape"]}
12-09 07:35:31.784 I/System.out( 4172): }
12-09 07:35:31.784 I/System.out( 4172): ProP json = {"command":"set_activity_orientation","arguments":["landscape"]}
12-09 07:35:31.784 I/System.out( 4172): files: {}
12-09 07:35:31.785 I/System.out( 4172): command: {"command":"set_activity_orientation","arguments":["landscape"]}
12-09 07:35:31.785 I/InstrumentationBackend( 4172): Got command:'Command:'Line:null,set_activity_orientation', arguments:'[landscape]'
12-09 07:35:31.900 D/gralloc_ranchu( 1218): gralloc_alloc: Creating ashmem region of size 3686400
12-09 07:35:31.991 E/EGL_emulation( 1218): tid 1218: eglCreateSyncKHR(1881): error 0x3004 (EGL_BAD_ATTRIBUTE)
12-09 07:35:32.164 I/ActivityManager( 1593): Config changes=480 {1.0 310mcc260mnc en_US ldltr sw720dp w1280dp h696dp 160dpi xlrg long land finger -keyb/v/h tball/v s.6}
12-09 07:35:32.383 W/art     ( 1593): Long monitor contention event with owner method=void com.android.server.am.ActivityManagerService.setRequestedOrientation(android.os.IBinder, int) from ActivityManagerService.java:4192 waiters=0 for 594ms
12-09 07:35:32.384 W/art     ( 1593): Long monitor contention event with owner method=void com.android.server.am.ActivityManagerService.setRequestedOrientation(android.os.IBinder, int) from ActivityManagerService.java:4192 waiters=1 for 293ms
12-09 07:35:32.388 W/art     ( 1593): Long monitor contention event with owner method=void com.android.server.am.ActivityManagerService.setRequestedOrientation(android.os.IBinder, int) from ActivityManagerService.java:4192 waiters=2 for 217ms
12-09 07:35:32.456 W/art     ( 1593): Long monitor contention event with owner method=void com.android.server.am.ActivityManagerService.setRequestedOrientation(android.os.IBinder, int) from ActivityManagerService.java:4192 waiters=3 for 149ms
12-09 07:35:32.472 I/InputReader( 1593): Reconfiguring input devices.  changes=0x00000004
12-09 07:35:32.472 I/InputReader( 1593): Device reconfigured: id=0, name='qwerty2', size 720x1280, orientation 1, mode 1, display id 0
12-09 07:35:32.494 I/System.out( 4172): result:{"bonusInformation":[],"message":"","success":true}
12-09 07:35:32.585 I/art     ( 4172): Background partial concurrent mark sweep GC freed 14267(691KB) AllocSpace objects, 4(80KB) LOS objects, 40% free, 1920KB/3MB, paused 21.653ms total 88.272ms
12-09 07:35:32.588 D/EGL_emulation( 1722): eglMakeCurrent: 0x7f50eff7d4c0: ver 2 0 (tinfo 0x7f50e463fe00)
12-09 07:35:32.589 E/Surface ( 1722): getSlotFromBufferLocked: unknown buffer: 0x7f50e18a5960
12-09 07:35:32.591 D/EGL_emulation( 1722): eglMakeCurrent: 0x7f50eff7d4c0: ver 2 0 (tinfo 0x7f50e463fe00)
12-09 07:35:32.630 I/calabash( 4172): newActivity1
12-09 07:35:32.633 I/calabash( 4172): newActivity1
12-09 07:35:32.634 W/ActivityManager( 1593): Bad activity token: android.os.BinderProxy@1960605
12-09 07:35:32.634 W/ActivityManager( 1593): java.lang.ClassCastException: android.os.BinderProxy cannot be cast to com.android.server.am.ActivityRecord$Token
12-09 07:35:32.634 W/ActivityManager( 1593): 	at com.android.server.am.ActivityRecord.forTokenLocked(ActivityRecord.java:424)
12-09 07:35:32.634 W/ActivityManager( 1593): 	at com.android.server.am.ActivityRecord.isInStackLocked(ActivityRecord.java:1121)
12-09 07:35:32.634 W/ActivityManager( 1593): 	at com.android.server.am.ActivityRecord.getStackLocked(ActivityRecord.java:1126)
12-09 07:35:32.634 W/ActivityManager( 1593): 	at com.android.server.am.ActivityManagerService.getActivityDisplayId(ActivityManagerService.java:8889)
12-09 07:35:32.634 W/ActivityManager( 1593): 	at android.app.ActivityManagerNative.onTransact(ActivityManagerNative.java:2338)
12-09 07:35:32.634 W/ActivityManager( 1593): 	at com.android.server.am.ActivityManagerService.onTransact(ActivityManagerService.java:2443)
12-09 07:35:32.634 W/ActivityManager( 1593): 	at android.os.Binder.execTransact(Binder.java:453)
12-09 07:35:32.635 W/ActivityManager( 1593): Bad activity token: android.os.BinderProxy@1960605
12-09 07:35:32.635 W/ActivityManager( 1593): java.lang.ClassCastException: android.os.BinderProxy cannot be cast to com.android.server.am.ActivityRecord$Token
12-09 07:35:32.635 W/ActivityManager( 1593): 	at com.android.server.am.ActivityRecord.forTokenLocked(ActivityRecord.java:424)
12-09 07:35:32.635 W/ActivityManager( 1593): 	at com.android.server.am.ActivityRecord.isInStackLocked(ActivityRecord.java:1121)
12-09 07:35:32.635 W/ActivityManager( 1593): 	at com.android.server.am.ActivityManagerService.setTaskDescription(ActivityManagerService.java:8547)
12-09 07:35:32.635 W/ActivityManager( 1593): 	at android.app.ActivityManagerNative.onTransact(ActivityManagerNative.java:2410)
12-09 07:35:32.635 W/ActivityManager( 1593): 	at com.android.server.am.ActivityManagerService.onTransact(ActivityManagerService.java:2443)
12-09 07:35:32.635 W/ActivityManager( 1593): 	at android.os.Binder.execTransact(Binder.java:453)
12-09 07:35:32.652 I/WindowManager( 1593): Screen frozen for +865ms due to Window{aca0c50 u0 com.evancharlton.mileage/com.evancharlton.mileage.Mileage}
12-09 07:35:32.711 W/ActivityManager( 1593): Bad activity token: android.os.BinderProxy@1960605
12-09 07:35:32.711 W/ActivityManager( 1593): java.lang.ClassCastException: android.os.BinderProxy cannot be cast to com.android.server.am.ActivityRecord$Token
12-09 07:35:32.711 W/ActivityManager( 1593): 	at com.android.server.am.ActivityRecord.forTokenLocked(ActivityRecord.java:424)
12-09 07:35:32.711 W/ActivityManager( 1593): 	at com.android.server.am.ActivityRecord.isInStackLocked(ActivityRecord.java:1121)
12-09 07:35:32.711 W/ActivityManager( 1593): 	at com.android.server.am.ActivityManagerService.getActivityOptions(ActivityManagerService.java:11038)
12-09 07:35:32.711 W/ActivityManager( 1593): 	at android.app.ActivityManagerNative.onTransact(ActivityManagerNative.java:1734)
12-09 07:35:32.711 W/ActivityManager( 1593): 	at com.android.server.am.ActivityManagerService.onTransact(ActivityManagerService.java:2443)
12-09 07:35:32.711 W/ActivityManager( 1593): 	at android.os.Binder.execTransact(Binder.java:453)
12-09 07:35:32.720 W/ActivityManager( 1593): Bad activity token: android.os.BinderProxy@1960605
12-09 07:35:32.720 W/ActivityManager( 1593): java.lang.ClassCastException: android.os.BinderProxy cannot be cast to com.android.server.am.ActivityRecord$Token
12-09 07:35:32.720 W/ActivityManager( 1593): 	at com.android.server.am.ActivityRecord.forTokenLocked(ActivityRecord.java:424)
12-09 07:35:32.720 W/ActivityManager( 1593): 	at com.android.server.am.ActivityRecord.isInStackLocked(ActivityRecord.java:1121)
12-09 07:35:32.720 W/ActivityManager( 1593): 	at com.android.server.am.ActivityManagerService.getActivityOptions(ActivityManagerService.java:11038)
12-09 07:35:32.720 W/ActivityManager( 1593): 	at android.app.ActivityManagerNative.onTransact(ActivityManagerNative.java:1734)
12-09 07:35:32.720 W/ActivityManager( 1593): 	at com.android.server.am.ActivityManagerService.onTransact(ActivityManagerService.java:2443)
12-09 07:35:32.720 W/ActivityManager( 1593): 	at android.os.Binder.execTransact(Binder.java:453)
12-09 07:35:33.216 W/art     ( 1593): Long monitor contention event with owner method=void com.android.server.wm.WindowAnimator$1.doFrame(long) from WindowAnimator.java:121 waiters=0 for 272ms
12-09 07:35:33.228 D/gralloc_ranchu( 1218): gralloc_alloc: Creating ashmem region of size 3686400
12-09 07:35:34.103 W/art     ( 1593): Long monitor contention event with owner method=void com.android.server.wm.WindowAnimator$1.doFrame(long) from WindowAnimator.java:121 waiters=0 for 583ms
12-09 07:35:34.113 D/gralloc_ranchu( 1218): gralloc_alloc: Creating ashmem region of size 3686400
12-09 07:35:34.287 D/gralloc_ranchu( 1218): gralloc_alloc: Creating ashmem region of size 3686400
12-09 07:35:34.842 E/SurfaceFlinger( 1218): ro.sf.lcd_density must be defined as a build property
12-09 07:35:34.862 I/art     ( 1593): Starting a blocking GC Explicit
12-09 07:35:34.871 D/gralloc_ranchu( 1218): gralloc_alloc: Creating ashmem region of size 3686400
12-09 07:35:34.918 I/art     ( 1593): Explicit concurrent mark sweep GC freed 18554(1333KB) AllocSpace objects, 8(160KB) LOS objects, 30% free, 9MB/13MB, paused 3.965ms total 39.617ms
12-09 07:35:35.024 D/        ( 4202): HostConnection::get() New Host Connection established 0x7f026e252480, tid 4202
12-09 07:35:35.035 E/EGL_emulation( 1218): tid 1218: eglCreateSyncKHR(1881): error 0x3004 (EGL_BAD_ATTRIBUTE)
12-09 07:35:35.968 I/System.out( 4172): URI: //
12-09 07:35:35.968 I/System.out( 4172): params: {json={"command":"set_activity_orientation","arguments":["portrait"]}
12-09 07:35:35.968 I/System.out( 4172): }
12-09 07:35:35.968 I/System.out( 4172): header: {date=Sun, 09 Dec 2018 07:35:36 GMT, accept=*/*, content-length=63, host=127.0.0.1:34777, user-agent=HTTPClient/1.0 (2.8.3, ruby 2.3.1 (2016-04-26)), content-type=application/json;charset=utf-8}
12-09 07:35:35.968 I/System.out( 4172): params: {json={"command":"set_activity_orientation","arguments":["portrait"]}
12-09 07:35:35.968 I/System.out( 4172): }
12-09 07:35:35.968 I/System.out( 4172): ProP json = {"command":"set_activity_orientation","arguments":["portrait"]}
12-09 07:35:35.968 I/System.out( 4172): files: {}
12-09 07:35:35.968 I/System.out( 4172): command: {"command":"set_activity_orientation","arguments":["portrait"]}
12-09 07:35:35.969 I/InstrumentationBackend( 4172): Got command:'Command:'Line:null,set_activity_orientation', arguments:'[portrait]'
12-09 07:35:35.972 D/gralloc_ranchu( 1218): gralloc_alloc: Creating ashmem region of size 3686400
12-09 07:35:35.996 E/EGL_emulation( 1218): tid 1218: eglCreateSyncKHR(1881): error 0x3004 (EGL_BAD_ATTRIBUTE)
12-09 07:35:36.104 I/ActivityManager( 1593): Config changes=480 {1.0 310mcc260mnc en_US ldltr sw720dp w720dp h1256dp 160dpi xlrg long port finger -keyb/v/h tball/v s.7}
12-09 07:35:36.104 I/InputReader( 1593): Reconfiguring input devices.  changes=0x00000004
12-09 07:35:36.104 I/InputReader( 1593): Device reconfigured: id=0, name='qwerty2', size 720x1280, orientation 0, mode 1, display id 0
12-09 07:35:36.693 I/calabash( 4172): newActivity1
12-09 07:35:36.693 W/art     ( 1593): Long monitor contention event with owner method=void com.android.server.am.ActivityManagerService.setRequestedOrientation(android.os.IBinder, int) from ActivityManagerService.java:4192 waiters=1 for 531ms
12-09 07:35:36.694 W/art     ( 1593): Long monitor contention event with owner method=void com.android.server.am.ActivityManagerService.setRequestedOrientation(android.os.IBinder, int) from ActivityManagerService.java:4192 waiters=2 for 153ms
12-09 07:35:36.735 W/art     ( 1593): Long monitor contention event with owner method=void com.android.server.am.ActivityManagerService.setRequestedOrientation(android.os.IBinder, int) from ActivityManagerService.java:4192 waiters=0 for 711ms
12-09 07:35:36.742 I/calabash( 4172): newActivity1
12-09 07:35:36.745 W/ActivityManager( 1593): Bad activity token: android.os.BinderProxy@3e58603
12-09 07:35:36.745 W/ActivityManager( 1593): java.lang.ClassCastException: android.os.BinderProxy cannot be cast to com.android.server.am.ActivityRecord$Token
12-09 07:35:36.745 W/ActivityManager( 1593): 	at com.android.server.am.ActivityRecord.forTokenLocked(ActivityRecord.java:424)
12-09 07:35:36.745 W/ActivityManager( 1593): 	at com.android.server.am.ActivityRecord.isInStackLocked(ActivityRecord.java:1121)
12-09 07:35:36.745 W/ActivityManager( 1593): 	at com.android.server.am.ActivityRecord.getStackLocked(ActivityRecord.java:1126)
12-09 07:35:36.745 W/ActivityManager( 1593): 	at com.android.server.am.ActivityManagerService.getActivityDisplayId(ActivityManagerService.java:8889)
12-09 07:35:36.745 W/ActivityManager( 1593): 	at android.app.ActivityManagerNative.onTransact(ActivityManagerNative.java:2338)
12-09 07:35:36.745 W/ActivityManager( 1593): 	at com.android.server.am.ActivityManagerService.onTransact(ActivityManagerService.java:2443)
12-09 07:35:36.745 W/ActivityManager( 1593): 	at android.os.Binder.execTransact(Binder.java:453)
12-09 07:35:36.756 W/ActivityManager( 1593): Bad activity token: android.os.BinderProxy@3e58603
12-09 07:35:36.756 W/ActivityManager( 1593): java.lang.ClassCastException: android.os.BinderProxy cannot be cast to com.android.server.am.ActivityRecord$Token
12-09 07:35:36.756 W/ActivityManager( 1593): 	at com.android.server.am.ActivityRecord.forTokenLocked(ActivityRecord.java:424)
12-09 07:35:36.756 W/ActivityManager( 1593): 	at com.android.server.am.ActivityRecord.isInStackLocked(ActivityRecord.java:1121)
12-09 07:35:36.756 W/ActivityManager( 1593): 	at com.android.server.am.ActivityManagerService.setTaskDescription(ActivityManagerService.java:8547)
12-09 07:35:36.756 W/ActivityManager( 1593): 	at android.app.ActivityManagerNative.onTransact(ActivityManagerNative.java:2410)
12-09 07:35:36.756 W/ActivityManager( 1593): 	at com.android.server.am.ActivityManagerService.onTransact(ActivityManagerService.java:2443)
12-09 07:35:36.756 W/ActivityManager( 1593): 	at android.os.Binder.execTransact(Binder.java:453)
12-09 07:35:36.804 I/System.out( 4172): result:{"bonusInformation":[],"message":"","success":true}
12-09 07:35:36.863 W/ActivityManager( 1593): Bad activity token: android.os.BinderProxy@3e58603
12-09 07:35:36.863 W/ActivityManager( 1593): java.lang.ClassCastException: android.os.BinderProxy cannot be cast to com.android.server.am.ActivityRecord$Token
12-09 07:35:36.863 W/ActivityManager( 1593): 	at com.android.server.am.ActivityRecord.forTokenLocked(ActivityRecord.java:424)
12-09 07:35:36.863 W/ActivityManager( 1593): 	at com.android.server.am.ActivityRecord.isInStackLocked(ActivityRecord.java:1121)
12-09 07:35:36.863 W/ActivityManager( 1593): 	at com.android.server.am.ActivityManagerService.getActivityOptions(ActivityManagerService.java:11038)
12-09 07:35:36.863 W/ActivityManager( 1593): 	at android.app.ActivityManagerNative.onTransact(ActivityManagerNative.java:1734)
12-09 07:35:36.863 W/ActivityManager( 1593): 	at com.android.server.am.ActivityManagerService.onTransact(ActivityManagerService.java:2443)
12-09 07:35:36.863 W/ActivityManager( 1593): 	at android.os.Binder.execTransact(Binder.java:453)
12-09 07:35:36.864 D/EGL_emulation( 1722): eglMakeCurrent: 0x7f50eff7d4c0: ver 2 0 (tinfo 0x7f50e463fe00)
12-09 07:35:36.865 E/Surface ( 1722): getSlotFromBufferLocked: unknown buffer: 0x7f50e18a5fa0
12-09 07:35:36.866 D/EGL_emulation( 1722): eglMakeCurrent: 0x7f50eff7d4c0: ver 2 0 (tinfo 0x7f50e463fe00)
12-09 07:35:36.888 W/ActivityManager( 1593): Bad activity token: android.os.BinderProxy@3e58603
12-09 07:35:36.888 W/ActivityManager( 1593): java.lang.ClassCastException: android.os.BinderProxy cannot be cast to com.android.server.am.ActivityRecord$Token
12-09 07:35:36.888 W/ActivityManager( 1593): 	at com.android.server.am.ActivityRecord.forTokenLocked(ActivityRecord.java:424)
12-09 07:35:36.888 W/ActivityManager( 1593): 	at com.android.server.am.ActivityRecord.isInStackLocked(ActivityRecord.java:1121)
12-09 07:35:36.888 W/ActivityManager( 1593): 	at com.android.server.am.ActivityManagerService.getActivityOptions(ActivityManagerService.java:11038)
12-09 07:35:36.888 W/ActivityManager( 1593): 	at android.app.ActivityManagerNative.onTransact(ActivityManagerNative.java:1734)
12-09 07:35:36.888 W/ActivityManager( 1593): 	at com.android.server.am.ActivityManagerService.onTransact(ActivityManagerService.java:2443)
12-09 07:35:36.888 W/ActivityManager( 1593): 	at android.os.Binder.execTransact(Binder.java:453)
12-09 07:35:37.121 D/gralloc_ranchu( 1218): gralloc_alloc: Creating ashmem region of size 3686400
12-09 07:35:37.289 I/WindowManager( 1593): Screen frozen for +1s319ms due to Window{383dbb9 u0 com.evancharlton.mileage/com.evancharlton.mileage.Mileage}
12-09 07:35:37.305 D/gralloc_ranchu( 1218): gralloc_alloc: Creating ashmem region of size 3686400
12-09 07:35:38.281 I/AccountManagerService( 1593): getTypesVisibleToCaller: isPermitted? true
12-09 07:35:38.484 D/gralloc_ranchu( 1218): gralloc_alloc: Creating ashmem region of size 3686400
12-09 07:35:39.150 E/SurfaceFlinger( 1218): ro.sf.lcd_density must be defined as a build property
12-09 07:35:39.151 D/gralloc_ranchu( 1218): gralloc_alloc: Creating ashmem region of size 3686400
12-09 07:35:39.165 D/        ( 4212): HostConnection::get() New Host Connection established 0x7f1f8f652480, tid 4212
12-09 07:35:39.225 E/EGL_emulation( 1218): tid 1218: eglCreateSyncKHR(1881): error 0x3004 (EGL_BAD_ATTRIBUTE)
12-09 07:35:39.683 I/art     ( 1593): Starting a blocking GC Explicit
12-09 07:35:39.736 I/art     ( 1593): Explicit concurrent mark sweep GC freed 5695(418KB) AllocSpace objects, 0(0B) LOS objects, 30% free, 9MB/13MB, paused 1.252ms total 52.067ms
