--------- beginning of system
12-09 07:45:49.751 W/ActivityManager( 1592): Finishing task with all activities already finished
12-09 07:45:49.751 W/ActivityManager( 1592): Duplicate finish request for ActivityRecord{6e74f9f u0 com.evancharlton.mileage/.Mileage t351 f}
12-09 07:45:49.751 W/ActivityManager( 1592): Finishing task with all activities already finished
12-09 07:45:49.751 W/ActivityManager( 1592): Duplicate finish request for ActivityRecord{6e74f9f u0 com.evancharlton.mileage/.Mileage t351 f}
12-09 07:45:49.751 W/ActivityManager( 1592): Finishing task with all activities already finished
12-09 07:45:49.751 W/ActivityManager( 1592): Duplicate finish request for ActivityRecord{6e74f9f u0 com.evancharlton.mileage/.Mileage t351 f}
--------- beginning of main
12-09 07:45:49.800 I/art     ( 1592): Background partial concurrent mark sweep GC freed 14045(1309KB) AllocSpace objects, 16(320KB) LOS objects, 29% free, 9MB/13MB, paused 17.536ms total 94.165ms
12-09 07:45:49.953 D/EGL_emulation( 1949): eglMakeCurrent: 0x7fc070ff5040: ver 2 0 (tinfo 0x7fc070fc2f40)
12-09 07:45:50.147 W/art     ( 1592): Long monitor contention event with owner method=void com.android.server.wm.WindowAnimator$1.doFrame(long) from WindowAnimator.java:121 waiters=1 for 127ms
12-09 07:45:50.449 D/AndroidRuntime( 6259): >>>>>> START com.android.internal.os.RuntimeInit uid 0 <<<<<<
12-09 07:45:50.456 D/AndroidRuntime( 6259): CheckJNI is ON
12-09 07:45:50.506 D/ICU     ( 6259): No timezone override file found: /data/misc/zoneinfo/current/icu/icu_tzdata.dat
12-09 07:45:50.552 E/memtrack( 6259): Couldn't load memtrack module (No such file or directory)
12-09 07:45:50.562 E/android.os.Debug( 6259): failed to load memtrack module: -2
12-09 07:45:50.563 I/Radio-JNI( 6259): register_android_hardware_Radio DONE
12-09 07:45:50.589 D/AndroidRuntime( 6259): Calling main entry com.android.commands.am.Am
12-09 07:45:50.619 I/ActivityManager( 1592): Force stopping com.evancharlton.mileage appid=10119 user=0: start instr
12-09 07:45:50.619 I/ActivityManager( 1592): Killing 6186:com.evancharlton.mileage/u0a119 (adj 0): stop com.evancharlton.mileage
12-09 07:45:50.754 W/ActivityManager( 1592): Crash of app com.evancharlton.mileage running instrumentation ComponentInfo{com.evancharlton.mileage.test/sh.calaba.instrumentationbackend.CalabashInstrumentationTestRunner}
12-09 07:45:50.754 I/ActivityManager( 1592): Force stopping com.evancharlton.mileage appid=10119 user=0: finished inst
12-09 07:45:51.007 W/art     ( 1592): Long monitor contention event with owner method=void com.android.server.wm.WindowAnimator$1.doFrame(long) from WindowAnimator.java:121 waiters=3 for 252ms
12-09 07:45:51.143 W/art     ( 1592): Long monitor contention event with owner method=void com.android.server.wm.WindowAnimator$1.doFrame(long) from WindowAnimator.java:121 waiters=3 for 279ms
12-09 07:45:51.233 W/art     ( 1592): Long monitor contention event with owner method=void com.android.server.wm.WindowAnimator$1.doFrame(long) from WindowAnimator.java:121 waiters=3 for 313ms
12-09 07:45:51.392 W/art     ( 1592): Long monitor contention event with owner method=void com.android.server.wm.WindowAnimator$1.doFrame(long) from WindowAnimator.java:121 waiters=3 for 330ms
12-09 07:45:51.473 W/art     ( 1592): Long monitor contention event with owner method=void com.android.server.wm.WindowAnimator$1.doFrame(long) from WindowAnimator.java:121 waiters=3 for 330ms
12-09 07:45:51.676 W/art     ( 1592): Long monitor contention event with owner method=void com.android.server.wm.WindowAnimator$1.doFrame(long) from WindowAnimator.java:121 waiters=3 for 365ms
12-09 07:45:51.715 W/InputMethodManagerService( 1592): Got RemoteException sending setActive(false) notification to pid 6186 uid 10119
12-09 07:45:51.715 I/WindowState( 1592): WIN DEATH: Window{75f98c6 u0 PopupWindow:5302fab EXITING}
12-09 07:45:51.744 W/art     ( 1592): Long monitor contention event with owner method=com.android.internal.view.InputBindResult com.android.server.InputMethodManagerService.windowGainedFocus(com.android.internal.view.IInputMethodClient, android.os.IBinder, int, int, int, android.view.inputmethod.EditorInfo, com.android.internal.view.IInputContext) from InputMethodManagerService.java:2177 waiters=0 for 991ms
12-09 07:45:51.747 I/Choreographer( 1949): Skipped 103 frames!  The application may be doing too much work on its main thread.
12-09 07:45:51.777 W/InputMethodWrapper( 1887): Session is already finished: android.inputmethodservice.IInputMethodSessionWrapper@986e31a
12-09 07:45:51.777 W/art     ( 1592): Long monitor contention event with owner method=void com.android.server.wm.WindowAnimator$1.doFrame(long) from WindowAnimator.java:121 waiters=3 for 213ms
12-09 07:45:51.787 I/WindowState( 1592): WIN DEATH: Window{844756d u0 com.evancharlton.mileage/com.evancharlton.mileage.Mileage EXITING}
12-09 07:45:51.833 I/ActivityManager( 1592): Start proc 6268:com.evancharlton.mileage/u0a119 for added application com.evancharlton.mileage
12-09 07:45:51.834 D/AndroidRuntime( 6259): Shutting down VM
12-09 07:45:51.842 W/art     ( 1592): Long monitor contention event with owner method=boolean com.android.server.am.ActivityManagerService.startInstrumentation(android.content.ComponentName, java.lang.String, int, android.os.Bundle, android.app.IInstrumentationWatcher, android.app.IUiAutomationConnection, int, java.lang.String) from ActivityManagerService.java:17066 waiters=0 for 1.210s
12-09 07:45:51.842 W/art     ( 1592): Long monitor contention event with owner method=boolean com.android.server.am.ActivityManagerService.startInstrumentation(android.content.ComponentName, java.lang.String, int, android.os.Bundle, android.app.IInstrumentationWatcher, android.app.IUiAutomationConnection, int, java.lang.String) from ActivityManagerService.java:17066 waiters=1 for 1.090s
12-09 07:45:51.843 W/ActivityManager( 1592): Spurious death for ProcessRecord{485097f 0:com.evancharlton.mileage/u0a119}, curProc for 6186: null
12-09 07:45:51.850 W/art     ( 1592): Long monitor contention event with owner method=boolean com.android.server.am.ActivityManagerService.startInstrumentation(android.content.ComponentName, java.lang.String, int, android.os.Bundle, android.app.IInstrumentationWatcher, android.app.IUiAutomationConnection, int, java.lang.String) from ActivityManagerService.java:17066 waiters=2 for 1.005s
12-09 07:45:52.006 W/art     ( 1592): Long monitor contention event with owner method=void com.android.server.wm.WindowAnimator$1.doFrame(long) from WindowAnimator.java:121 waiters=0 for 155ms
12-09 07:45:52.144 W/art     ( 1592): Long monitor contention event with owner method=void com.android.server.wm.WindowAnimator$1.doFrame(long) from WindowAnimator.java:121 waiters=1 for 112ms
12-09 07:45:52.220 W/art     ( 1592): Long monitor contention event with owner method=void com.android.server.wm.WindowAnimator$1.doFrame(long) from WindowAnimator.java:121 waiters=1 for 162ms
12-09 07:45:52.345 W/art     ( 1592): Long monitor contention event with owner method=void com.android.server.wm.WindowAnimator$1.doFrame(long) from WindowAnimator.java:121 waiters=1 for 201ms
12-09 07:45:52.455 W/art     ( 1592): Long monitor contention event with owner method=void com.android.server.wm.WindowAnimator$1.doFrame(long) from WindowAnimator.java:121 waiters=1 for 110ms
12-09 07:45:52.456 W/art     ( 1592): Long monitor contention event with owner method=java.util.List com.android.server.am.ActivityManagerService.getAllStackInfos() from ActivityManagerService.java:8937 waiters=0 for 605ms
12-09 07:45:52.456 W/art     ( 1592): Long monitor contention event with owner method=java.util.List com.android.server.am.ActivityManagerService.getAllStackInfos() from ActivityManagerService.java:8937 waiters=1 for 531ms
12-09 07:45:52.459 I/Choreographer( 1949): Skipped 41 frames!  The application may be doing too much work on its main thread.
12-09 07:45:52.531 W/System  ( 6268): ClassLoader referenced unknown path: /data/app/com.evancharlton.mileage.test-1/lib/x86_64
12-09 07:45:52.531 W/System  ( 6268): ClassLoader referenced unknown path: /data/app/com.evancharlton.mileage-1/lib/x86_64
12-09 07:45:52.537 W/OpenGLRenderer( 1949): Incorrectly called buildLayer on View: ShortcutAndWidgetContainer, destroying layer...
12-09 07:45:52.636 I/art     ( 1699): Background partial concurrent mark sweep GC freed 5461(259KB) AllocSpace objects, 0(0B) LOS objects, 39% free, 3MB/6MB, paused 1.055ms total 118.011ms
12-09 07:45:52.646 I/System.out( 6268): Main activity name automatically set to: com.evancharlton.mileage.Mileage
12-09 07:45:52.647 I/System.out( 6268): Calabash did not load Mono. This is only a problem if you are trying to test a Mono application
12-09 07:45:52.647 I/calabash( 6268): Test server port: 7102
12-09 07:45:52.648 I/InstrumentationBackend( 6268): Added:'GetPreferences', with key:'get_preferences'
12-09 07:45:52.802 I/InstrumentationBackend( 6268): Added:'SetPreferences', with key:'set_preferences'
12-09 07:45:52.803 I/InstrumentationBackend( 6268): Added:'ClearPreferences', with key:'clear_preferences'
12-09 07:45:52.803 I/InstrumentationBackend( 6268): Added:'PressElement', with key:'press_l10n_element'
12-09 07:45:52.803 I/InstrumentationBackend( 6268): Added:'WaitForElement', with key:'wait_for_l10n_element'
12-09 07:45:52.804 I/InstrumentationBackend( 6268): Added:'NullAction', with key:'nullAction'
12-09 07:45:52.804 I/InstrumentationBackend( 6268): Added:'PressKey', with key:'press_key'
12-09 07:45:52.804 I/InstrumentationBackend( 6268): Added:'SetActivityOrientation', with key:'set_activity_orientation'
12-09 07:45:52.804 I/InstrumentationBackend( 6268): Added:'GetActivityOrientation', with key:'get_activity_orientation'
12-09 07:45:52.805 I/InstrumentationBackend( 6268): Added:'FakeGPSLocation', with key:'set_gps_coordinates'
12-09 07:45:52.805 I/InstrumentationBackend( 6268): Added:'SetPropertyByCssSelector', with key:'set_property_by_css_selector'
12-09 07:45:52.805 I/InstrumentationBackend( 6268): Added:'GetUrl', with key:'get_url'
12-09 07:45:52.815 I/InstrumentationBackend( 6268): Added:'ScrollTo', with key:'scroll_to'
12-09 07:45:52.815 I/InstrumentationBackend( 6268): Added:'GetLoadProgress', with key:'get_load_progress'
12-09 07:45:52.816 I/InstrumentationBackend( 6268): Added:'DumpHtml', with key:'dump_html'
12-09 07:45:52.816 I/InstrumentationBackend( 6268): Added:'DumpBodyHtml', with key:'dump_body_html'
12-09 07:45:52.816 I/InstrumentationBackend( 6268): Added:'EnterTextByCssSelector', with key:'enter_text_by_selector'
12-09 07:45:52.826 I/InstrumentationBackend( 6268): Added:'AndroidSDKVersion', with key:'android_sdk_version'
12-09 07:45:52.827 I/InstrumentationBackend( 6268): Added:'Version', with key:'version'
12-09 07:45:52.827 I/InstrumentationBackend( 6268): Added:'Drag', with key:'drag'
12-09 07:45:52.827 I/InstrumentationBackend( 6268): Added:'TouchCoordinates', with key:'touch_coordinate'
12-09 07:45:52.827 I/InstrumentationBackend( 6268): Added:'LongPressCoordinate', with key:'long_press_coordinate'
12-09 07:45:52.827 I/InstrumentationBackend( 6268): Added:'DragCoordinates', with key:'drag_coordinates'
12-09 07:45:52.827 I/InstrumentationBackend( 6268): Added:'ResumeApplication', with key:'resume_application'
12-09 07:45:52.828 I/InstrumentationBackend( 6268): Added:'Swipe', with key:'swipe'
12-09 07:45:52.828 I/InstrumentationBackend( 6268): Added:'DoubleTapCoordinate', with key:'double_tap_coordinate'
12-09 07:45:52.828 I/InstrumentationBackend( 6268): Added:'ClickOnScreen', with key:'click_on_screen'
12-09 07:45:52.828 I/InstrumentationBackend( 6268): Added:'GetActivityName', with key:'get_activity_name'
12-09 07:45:52.828 I/InstrumentationBackend( 6268): Added:'ScrollToView', with key:'scroll_to_view'
12-09 07:45:52.829 I/InstrumentationBackend( 6268): Added:'ViewConfiguration', with key:'view_configuration'
12-09 07:45:52.829 I/InstrumentationBackend( 6268): Added:'IsCurrentActivityFocused', with key:'is_current_activity_focused'
12-09 07:45:52.829 I/InstrumentationBackend( 6268): Added:'SendTcp', with key:'send_tcp'
12-09 07:45:52.840 I/art     ( 6268): Background sticky concurrent mark sweep GC freed 28578(1214KB) AllocSpace objects, 0(0B) LOS objects, 72% free, 1050KB/3MB, paused 1.430ms total 121.922ms
12-09 07:45:52.840 I/InstrumentationBackend( 6268): Added:'DpToDevicePixel', with key:'dp_to_device_pixel'
12-09 07:45:52.841 I/InstrumentationBackend( 6268): Added:'KeyboardEnterText', with key:'keyboard_enter_text'
12-09 07:45:52.841 I/InstrumentationBackend( 6268): Added:'DeleteSurroundingText', with key:'delete_surrounding_text'
12-09 07:45:52.841 I/InstrumentationBackend( 6268): Added:'SetComposingRegion', with key:'set_composing_region'
12-09 07:45:52.841 I/InstrumentationBackend( 6268): Added:'SetSelection', with key:'set_selection'
12-09 07:45:52.851 I/InstrumentationBackend( 6268): Added:'KeyboardKeyEvent', with key:'keyboard_key_event'
12-09 07:45:52.851 I/InstrumentationBackend( 6268): Added:'PressUserActionButton', with key:'press_user_action_button'
12-09 07:45:52.851 I/InstrumentationBackend( 6268): Added:'HideSoftKeyboard', with key:'hide_soft_keyboard'
12-09 07:45:52.852 I/InstrumentationBackend( 6268): Added:'ListActions', with key:'list_actions'
12-09 07:45:52.862 I/calabash( 6268): Instantiating http server at 7102
12-09 07:45:52.862 I/System.out( 6268): HTTP Daemon listening on: 7102
12-09 07:45:52.972 I/System.out( 6268): URI: //ping
12-09 07:45:52.972 I/System.out( 6268): params: {json={}
12-09 07:45:52.972 I/System.out( 6268): }
12-09 07:45:53.028 I/System.out( 6268): URI: //ping
12-09 07:45:53.028 I/System.out( 6268): params: {json={}
12-09 07:45:53.028 I/System.out( 6268): }
12-09 07:45:53.051 W/WindowAnimator( 1592): Failed to dispatch window animation state change.
12-09 07:45:53.051 W/WindowAnimator( 1592): android.os.DeadObjectException
12-09 07:45:53.051 W/WindowAnimator( 1592): 	at android.os.BinderProxy.transactNative(Native Method)
12-09 07:45:53.051 W/WindowAnimator( 1592): 	at android.os.BinderProxy.transact(Binder.java:503)
12-09 07:45:53.051 W/WindowAnimator( 1592): 	at android.view.IWindow$Stub$Proxy.onAnimationStopped(IWindow.java:534)
12-09 07:45:53.051 W/WindowAnimator( 1592): 	at com.android.server.wm.WindowAnimator.updateWindowsLocked(WindowAnimator.java:286)
12-09 07:45:53.051 W/WindowAnimator( 1592): 	at com.android.server.wm.WindowAnimator.animateLocked(WindowAnimator.java:678)
12-09 07:45:53.051 W/WindowAnimator( 1592): 	at com.android.server.wm.WindowAnimator.-wrap0(WindowAnimator.java)
12-09 07:45:53.051 W/WindowAnimator( 1592): 	at com.android.server.wm.WindowAnimator$1.doFrame(WindowAnimator.java:123)
12-09 07:45:53.051 W/WindowAnimator( 1592): 	at android.view.Choreographer$CallbackRecord.run(Choreographer.java:856)
12-09 07:45:53.051 W/WindowAnimator( 1592): 	at android.view.Choreographer.doCallbacks(Choreographer.java:670)
12-09 07:45:53.051 W/WindowAnimator( 1592): 	at android.view.Choreographer.doFrame(Choreographer.java:603)
12-09 07:45:53.051 W/WindowAnimator( 1592): 	at android.view.Choreographer$FrameDisplayEventReceiver.run(Choreographer.java:844)
12-09 07:45:53.051 W/WindowAnimator( 1592): 	at android.os.Handler.handleCallback(Handler.java:739)
12-09 07:45:53.051 W/WindowAnimator( 1592): 	at android.os.Handler.dispatchMessage(Handler.java:95)
12-09 07:45:53.051 W/WindowAnimator( 1592): 	at android.os.Looper.loop(Looper.java:148)
12-09 07:45:53.051 W/WindowAnimator( 1592): 	at android.os.HandlerThread.run(HandlerThread.java:61)
12-09 07:45:53.051 W/WindowAnimator( 1592): 	at com.android.server.ServiceThread.run(ServiceThread.java:46)
12-09 07:45:53.051 W/WindowAnimator( 1592): Failed to dispatch window animation state change.
12-09 07:45:53.051 W/WindowAnimator( 1592): android.os.DeadObjectException
12-09 07:45:53.051 W/WindowAnimator( 1592): 	at android.os.BinderProxy.transactNative(Native Method)
12-09 07:45:53.051 W/WindowAnimator( 1592): 	at android.os.BinderProxy.transact(Binder.java:503)
12-09 07:45:53.051 W/WindowAnimator( 1592): 	at android.view.IWindow$Stub$Proxy.onAnimationStopped(IWindow.java:534)
12-09 07:45:53.051 W/WindowAnimator( 1592): 	at com.android.server.wm.WindowAnimator.updateWindowsLocked(WindowAnimator.java:286)
12-09 07:45:53.051 W/WindowAnimator( 1592): 	at com.android.server.wm.WindowAnimator.animateLocked(WindowAnimator.java:678)
12-09 07:45:53.051 W/WindowAnimator( 1592): 	at com.android.server.wm.WindowAnimator.-wrap0(WindowAnimator.java)
12-09 07:45:53.051 W/WindowAnimator( 1592): 	at com.android.server.wm.WindowAnimator$1.doFrame(WindowAnimator.java:123)
12-09 07:45:53.051 W/WindowAnimator( 1592): 	at android.view.Choreographer$CallbackRecord.run(Choreographer.java:856)
12-09 07:45:53.051 W/WindowAnimator( 1592): 	at android.view.Choreographer.doCallbacks(Choreographer.java:670)
12-09 07:45:53.051 W/WindowAnimator( 1592): 	at android.view.Choreographer.doFrame(Choreographer.java:603)
12-09 07:45:53.051 W/WindowAnimator( 1592): 	at android.view.Choreographer$FrameDisplayEventReceiver.run(Choreographer.java:844)
12-09 07:45:53.051 W/WindowAnimator( 1592): 	at android.os.Handler.handleCallback(Handler.java:739)
12-09 07:45:53.051 W/WindowAnimator( 1592): 	at android.os.Handler.dispatchMessage(Handler.java:95)
12-09 07:45:53.051 W/WindowAnimator( 1592): 	at android.os.Looper.loop(Looper.java:148)
12-09 07:45:53.051 W/WindowAnimator( 1592): 	at android.os.HandlerThread.run(HandlerThread.java:61)
12-09 07:45:53.051 W/WindowAnimator( 1592): 	at com.android.server.ServiceThread.run(ServiceThread.java:46)
12-09 07:45:53.051 W/art     ( 1592): Long monitor contention event with owner method=void com.android.server.wm.WindowAnimator$1.doFrame(long) from WindowAnimator.java:121 waiters=0 for 251ms
12-09 07:45:53.078 I/System.out( 6268): URI: //ready
12-09 07:45:53.078 I/System.out( 6268): params: {json={}
12-09 07:45:53.078 I/System.out( 6268): }
12-09 07:45:53.133 I/System.out( 6268): URI: //
12-09 07:45:53.134 I/System.out( 6268): params: {json={"command":"version","arguments":[]}
12-09 07:45:53.134 I/System.out( 6268): }
12-09 07:45:53.134 I/System.out( 6268): header: {date=Sun, 09 Dec 2018 07:45:53 GMT, accept=*/*, content-length=36, host=127.0.0.1:34777, user-agent=HTTPClient/1.0 (2.8.3, ruby 2.3.1 (2016-04-26)), content-type=application/json;charset=utf-8}
12-09 07:45:53.134 I/System.out( 6268): params: {json={"command":"version","arguments":[]}
12-09 07:45:53.134 I/System.out( 6268): }
12-09 07:45:53.134 I/System.out( 6268): ProP json = {"command":"version","arguments":[]}
12-09 07:45:53.134 I/System.out( 6268): files: {}
12-09 07:45:53.134 I/System.out( 6268): command: {"command":"version","arguments":[]}
12-09 07:45:53.160 I/InstrumentationBackend( 6268): Got command:'Command:'Line:null,version', arguments:'[]'
12-09 07:45:53.202 I/System.out( 6268): result:{"bonusInformation":[],"message":"0.9.8","success":true}
12-09 07:45:53.255 W/art     ( 1592): Long monitor contention event with owner method=void com.android.server.wm.WindowAnimator$1.doFrame(long) from WindowAnimator.java:121 waiters=0 for 204ms
12-09 07:45:53.266 I/System.out( 6268): URI: //start-application
12-09 07:45:53.266 I/System.out( 6268): params: {json={"intent":null}
12-09 07:45:53.266 I/System.out( 6268): }
12-09 07:45:53.516 W/art     ( 1592): Long monitor contention event with owner method=void com.android.server.wm.WindowAnimator$1.doFrame(long) from WindowAnimator.java:121 waiters=1 for 173ms
12-09 07:45:53.568 I/ActivityManager( 1592): START u0 {act=android.intent.action.MAIN cat=[android.intent.category.LAUNCHER] flg=0x10200000 cmp=com.evancharlton.mileage/.Mileage} from uid 10119 on display 0
12-09 07:45:53.893 W/art     ( 1592): Long monitor contention event with owner method=int com.android.server.am.ActivityStackSupervisor.startActivityMayWait(android.app.IApplicationThread, int, java.lang.String, android.content.Intent, java.lang.String, android.service.voice.IVoiceInteractionSession, com.android.internal.app.IVoiceInteractor, android.os.IBinder, java.lang.String, int, int, android.app.ProfilerInfo, android.app.IActivityManager$WaitResult, android.content.res.Configuration, android.os.Bundle, boolean, int, android.app.IActivityContainer, com.android.server.am.TaskRecord) from ActivityStackSupervisor.java:946 waiters=0 for 211ms
12-09 07:45:53.915 I/calabash( 6268): newActivity1
12-09 07:45:54.014 I/calabash( 6268): newActivity1
12-09 07:45:54.023 W/ActivityManager( 1592): Bad activity token: android.os.BinderProxy@f265d02
12-09 07:45:54.023 W/ActivityManager( 1592): java.lang.ClassCastException: android.os.BinderProxy cannot be cast to com.android.server.am.ActivityRecord$Token
12-09 07:45:54.023 W/ActivityManager( 1592): 	at com.android.server.am.ActivityRecord.forTokenLocked(ActivityRecord.java:424)
12-09 07:45:54.023 W/ActivityManager( 1592): 	at com.android.server.am.ActivityRecord.isInStackLocked(ActivityRecord.java:1121)
12-09 07:45:54.023 W/ActivityManager( 1592): 	at com.android.server.am.ActivityRecord.getStackLocked(ActivityRecord.java:1126)
12-09 07:45:54.023 W/ActivityManager( 1592): 	at com.android.server.am.ActivityManagerService.getActivityDisplayId(ActivityManagerService.java:8889)
12-09 07:45:54.023 W/ActivityManager( 1592): 	at android.app.ActivityManagerNative.onTransact(ActivityManagerNative.java:2338)
12-09 07:45:54.023 W/ActivityManager( 1592): 	at com.android.server.am.ActivityManagerService.onTransact(ActivityManagerService.java:2443)
12-09 07:45:54.023 W/ActivityManager( 1592): 	at android.os.Binder.execTransact(Binder.java:453)
12-09 07:45:54.037 D/gralloc_ranchu( 1219): gralloc_alloc: Creating ashmem region of size 3686400
12-09 07:45:54.051 W/ActivityManager( 1592): Bad activity token: android.os.BinderProxy@f265d02
12-09 07:45:54.051 W/ActivityManager( 1592): java.lang.ClassCastException: android.os.BinderProxy cannot be cast to com.android.server.am.ActivityRecord$Token
12-09 07:45:54.051 W/ActivityManager( 1592): 	at com.android.server.am.ActivityRecord.forTokenLocked(ActivityRecord.java:424)
12-09 07:45:54.051 W/ActivityManager( 1592): 	at com.android.server.am.ActivityRecord.isInStackLocked(ActivityRecord.java:1121)
12-09 07:45:54.051 W/ActivityManager( 1592): 	at com.android.server.am.ActivityManagerService.setTaskDescription(ActivityManagerService.java:8547)
12-09 07:45:54.051 W/ActivityManager( 1592): 	at android.app.ActivityManagerNative.onTransact(ActivityManagerNative.java:2410)
12-09 07:45:54.051 W/ActivityManager( 1592): 	at com.android.server.am.ActivityManagerService.onTransact(ActivityManagerService.java:2443)
12-09 07:45:54.051 W/ActivityManager( 1592): 	at android.os.Binder.execTransact(Binder.java:453)
12-09 07:45:54.066 I/art     ( 6268): Background partial concurrent mark sweep GC freed 34864(2020KB) AllocSpace objects, 15(300KB) LOS objects, 40% free, 1481KB/2MB, paused 1.182ms total 116.356ms
12-09 07:45:54.171 W/ActivityManager( 1592): Bad activity token: android.os.BinderProxy@f265d02
12-09 07:45:54.171 W/ActivityManager( 1592): java.lang.ClassCastException: android.os.BinderProxy cannot be cast to com.android.server.am.ActivityRecord$Token
12-09 07:45:54.171 W/ActivityManager( 1592): 	at com.android.server.am.ActivityRecord.forTokenLocked(ActivityRecord.java:424)
12-09 07:45:54.171 W/ActivityManager( 1592): 	at com.android.server.am.ActivityRecord.isInStackLocked(ActivityRecord.java:1121)
12-09 07:45:54.171 W/ActivityManager( 1592): 	at com.android.server.am.ActivityManagerService.getActivityOptions(ActivityManagerService.java:11038)
12-09 07:45:54.171 W/ActivityManager( 1592): 	at android.app.ActivityManagerNative.onTransact(ActivityManagerNative.java:1734)
12-09 07:45:54.171 W/ActivityManager( 1592): 	at com.android.server.am.ActivityManagerService.onTransact(ActivityManagerService.java:2443)
12-09 07:45:54.171 W/ActivityManager( 1592): 	at android.os.Binder.execTransact(Binder.java:453)
12-09 07:45:54.171 W/ActivityManager( 1592): Bad activity token: android.os.BinderProxy@f265d02
12-09 07:45:54.171 W/ActivityManager( 1592): java.lang.ClassCastException: android.os.BinderProxy cannot be cast to com.android.server.am.ActivityRecord$Token
12-09 07:45:54.171 W/ActivityManager( 1592): 	at com.android.server.am.ActivityRecord.forTokenLocked(ActivityRecord.java:424)
12-09 07:45:54.171 W/ActivityManager( 1592): 	at com.android.server.am.ActivityRecord.isInStackLocked(ActivityRecord.java:1121)
12-09 07:45:54.171 W/ActivityManager( 1592): 	at com.android.server.am.ActivityManagerService.getActivityOptions(ActivityManagerService.java:11038)
12-09 07:45:54.171 W/ActivityManager( 1592): 	at android.app.ActivityManagerNative.onTransact(ActivityManagerNative.java:1734)
12-09 07:45:54.171 W/ActivityManager( 1592): 	at com.android.server.am.ActivityManagerService.onTransact(ActivityManagerService.java:2443)
12-09 07:45:54.171 W/ActivityManager( 1592): 	at android.os.Binder.execTransact(Binder.java:453)
12-09 07:45:54.282 V/PhoneStatusBar( 1699): setLightsOn(true)
12-09 07:45:54.302 D/EGL_emulation( 1949): eglMakeCurrent: 0x7fc070ff5040: ver 2 0 (tinfo 0x7fc070fc2f40)
12-09 07:45:54.303 E/Surface ( 1949): getSlotFromBufferLocked: unknown buffer: 0x7fc06d5900c0
12-09 07:45:54.825 D/gralloc_ranchu( 1219): gralloc_alloc: Creating ashmem region of size 3686400
12-09 07:45:54.982 D/        ( 6268): HostConnection::get() New Host Connection established 0x7fc06d5fce00, tid 6268
12-09 07:45:55.060 W/art     ( 1592): Long monitor contention event with owner method=void com.android.server.wm.WindowAnimator$1.doFrame(long) from WindowAnimator.java:121 waiters=0 for 115ms
12-09 07:45:55.236 W/art     ( 1592): Long monitor contention event with owner method=java.util.List com.android.server.am.ActivityManagerService.getAllStackInfos() from ActivityManagerService.java:8937 waiters=0 for 170ms
12-09 07:45:55.264 I/ActivityManager( 1592): Displayed com.evancharlton.mileage/.Mileage: +1s370ms
12-09 07:45:55.268 D/gralloc_ranchu( 1219): gralloc_alloc: Creating ashmem region of size 3686400
12-09 07:45:55.619 D/gralloc_ranchu( 1219): gralloc_alloc: Creating ashmem region of size 3686400
12-09 07:45:56.560 I/System.out( 6268): URI: //map
12-09 07:45:56.560 I/System.out( 6268): params: {json={"query":"android.widget.EditText id:'price'","operation":{"method_name":"query","arguments":[]}}
12-09 07:45:56.560 I/System.out( 6268): }
12-09 07:45:56.626 W/ResourceType( 6268): No package identifier when getting name for resource number 0x00000001
12-09 07:45:56.749 I/art     ( 6268): Background partial concurrent mark sweep GC freed 16129(748KB) AllocSpace objects, 3(60KB) LOS objects, 39% free, 3MB/5MB, paused 5.325ms total 179.016ms
12-09 07:45:56.815 I/System.out( 6268): URI: //gesture
12-09 07:45:56.815 I/System.out( 6268): params: {json={"query_timeout":5.0,"gestures":[{"query_string":"android.widget.EditText id:'price'","touches":[{"x":50,"y":50,"offset_x":0,"offset_y":0,"wait":0.0,"time":0.2,"release":true,"query_string":null}]}]}
12-09 07:45:56.815 I/System.out( 6268): }
12-09 07:45:56.827 W/ResourceType( 6268): No package identifier when getting name for resource number 0x00000001
12-09 07:45:57.199 I/LatinIME( 1887): Starting input. Cursor position = 0,0
12-09 07:45:57.420 I/art     ( 6268): Background sticky concurrent mark sweep GC freed 74396(3MB) AllocSpace objects, 3(60KB) LOS objects, 56% free, 2MB/5MB, paused 38.396ms total 227.744ms
12-09 07:45:57.567 D/EGL_emulation( 1887): eglMakeCurrent: 0x7fc06d596060: ver 2 0 (tinfo 0x7fc0654ffbe0)
12-09 07:45:57.869 I/System.out( 6268): URI: //
12-09 07:45:57.869 I/System.out( 6268): params: {json={"command":"set_selection","arguments":[-1,-1]}
12-09 07:45:57.869 I/System.out( 6268): }
12-09 07:45:57.869 I/System.out( 6268): header: {date=Sun, 09 Dec 2018 07:45:57 GMT, accept=*/*, content-length=47, host=127.0.0.1:34777, user-agent=HTTPClient/1.0 (2.8.3, ruby 2.3.1 (2016-04-26)), content-type=application/json;charset=utf-8}
12-09 07:45:57.869 I/System.out( 6268): params: {json={"command":"set_selection","arguments":[-1,-1]}
12-09 07:45:57.869 I/System.out( 6268): }
12-09 07:45:57.869 I/System.out( 6268): ProP json = {"command":"set_selection","arguments":[-1,-1]}
12-09 07:45:57.869 I/System.out( 6268): files: {}
12-09 07:45:57.869 I/System.out( 6268): command: {"command":"set_selection","arguments":[-1,-1]}
12-09 07:45:57.880 I/InstrumentationBackend( 6268): Got command:'Command:'Line:null,set_selection', arguments:'[-1, -1]'
12-09 07:45:58.186 I/System.out( 6268): result:{"bonusInformation":[],"message":"","success":true}
12-09 07:45:58.587 I/System.out( 6268): URI: //
12-09 07:45:58.587 I/System.out( 6268): params: {json={"command":"keyboard_enter_text","arguments":["23"]}
12-09 07:45:58.587 I/System.out( 6268): }
12-09 07:45:58.587 I/System.out( 6268): header: {date=Sun, 09 Dec 2018 07:45:58 GMT, accept=*/*, content-length=52, host=127.0.0.1:34777, user-agent=HTTPClient/1.0 (2.8.3, ruby 2.3.1 (2016-04-26)), content-type=application/json;charset=utf-8}
12-09 07:45:58.587 I/System.out( 6268): params: {json={"command":"keyboard_enter_text","arguments":["23"]}
12-09 07:45:58.587 I/System.out( 6268): }
12-09 07:45:58.587 I/System.out( 6268): ProP json = {"command":"keyboard_enter_text","arguments":["23"]}
12-09 07:45:58.588 I/System.out( 6268): files: {}
12-09 07:45:58.588 I/System.out( 6268): command: {"command":"keyboard_enter_text","arguments":["23"]}
12-09 07:45:58.589 I/InstrumentationBackend( 6268): Got command:'Command:'Line:null,keyboard_enter_text', arguments:'[23]'
12-09 07:45:58.595 E/SpannableStringBuilder( 6268): SPAN_EXCLUSIVE_EXCLUSIVE spans cannot have a zero length
12-09 07:45:58.597 E/SpannableStringBuilder( 6268): SPAN_EXCLUSIVE_EXCLUSIVE spans cannot have a zero length
12-09 07:45:58.623 E/SpannableStringBuilder( 6268): SPAN_EXCLUSIVE_EXCLUSIVE spans cannot have a zero length
12-09 07:45:58.623 E/SpannableStringBuilder( 6268): SPAN_EXCLUSIVE_EXCLUSIVE spans cannot have a zero length
12-09 07:45:58.641 I/System.out( 6268): result:{"bonusInformation":[],"message":"","success":true}
12-09 07:45:59.369 E/SurfaceFlinger( 1219): ro.sf.lcd_density must be defined as a build property
12-09 07:45:59.458 D/gralloc_ranchu( 1219): gralloc_alloc: Creating ashmem region of size 3686400
12-09 07:45:59.551 D/        ( 6300): HostConnection::get() New Host Connection established 0x7fb381152480, tid 6300
12-09 07:45:59.587 E/EGL_emulation( 1219): tid 1219: eglCreateSyncKHR(1881): error 0x3004 (EGL_BAD_ATTRIBUTE)
12-09 07:46:00.571 I/System.out( 6268): URI: //map
12-09 07:46:00.571 I/System.out( 6268): params: {json={"query":"android.widget.EditText id:'volume'","operation":{"method_name":"query","arguments":[]}}
12-09 07:46:00.571 I/System.out( 6268): }
12-09 07:46:00.631 W/ResourceType( 6268): No package identifier when getting name for resource number 0x00000001
12-09 07:46:00.831 I/System.out( 6268): URI: //gesture
12-09 07:46:00.832 I/System.out( 6268): params: {json={"query_timeout":5.0,"gestures":[{"query_string":"android.widget.EditText id:'volume'","touches":[{"x":50,"y":50,"offset_x":0,"offset_y":0,"wait":0.0,"time":0.2,"release":true,"query_string":null}]}]}
12-09 07:46:00.832 I/System.out( 6268): }
12-09 07:46:00.918 W/ResourceType( 6268): No package identifier when getting name for resource number 0x00000001
12-09 07:46:00.941 I/art     ( 6268): Background sticky concurrent mark sweep GC freed 72980(3MB) AllocSpace objects, 8(160KB) LOS objects, 40% free, 3MB/5MB, paused 1.145ms total 286.892ms
12-09 07:46:01.542 I/LatinIME( 1887): Starting input. Cursor position = 0,0
12-09 07:46:02.147 I/System.out( 6268): URI: //
12-09 07:46:02.147 I/System.out( 6268): params: {json={"command":"set_selection","arguments":[-1,-1]}
12-09 07:46:02.147 I/System.out( 6268): }
12-09 07:46:02.147 I/System.out( 6268): header: {date=Sun, 09 Dec 2018 07:46:02 GMT, accept=*/*, content-length=47, host=127.0.0.1:34777, user-agent=HTTPClient/1.0 (2.8.3, ruby 2.3.1 (2016-04-26)), content-type=application/json;charset=utf-8}
12-09 07:46:02.147 I/System.out( 6268): params: {json={"command":"set_selection","arguments":[-1,-1]}
12-09 07:46:02.147 I/System.out( 6268): }
12-09 07:46:02.147 I/System.out( 6268): ProP json = {"command":"set_selection","arguments":[-1,-1]}
12-09 07:46:02.147 I/System.out( 6268): files: {}
12-09 07:46:02.147 I/System.out( 6268): command: {"command":"set_selection","arguments":[-1,-1]}
12-09 07:46:02.148 I/InstrumentationBackend( 6268): Got command:'Command:'Line:null,set_selection', arguments:'[-1, -1]'
12-09 07:46:02.182 I/System.out( 6268): result:{"bonusInformation":[],"message":"","success":true}
12-09 07:46:02.266 I/art     ( 6268): Background sticky concurrent mark sweep GC freed 58704(2MB) AllocSpace objects, 4(80KB) LOS objects, 52% free, 2MB/5MB, paused 7.537ms total 66.107ms
12-09 07:46:02.350 I/System.out( 6268): URI: //
12-09 07:46:02.353 I/System.out( 6268): params: {json={"command":"keyboard_enter_text","arguments":["49"]}
12-09 07:46:02.354 I/System.out( 6268): }
12-09 07:46:02.354 I/System.out( 6268): header: {date=Sun, 09 Dec 2018 07:46:02 GMT, accept=*/*, content-length=52, host=127.0.0.1:34777, user-agent=HTTPClient/1.0 (2.8.3, ruby 2.3.1 (2016-04-26)), content-type=application/json;charset=utf-8}
12-09 07:46:02.354 I/System.out( 6268): params: {json={"command":"keyboard_enter_text","arguments":["49"]}
12-09 07:46:02.354 I/System.out( 6268): }
12-09 07:46:02.354 I/System.out( 6268): ProP json = {"command":"keyboard_enter_text","arguments":["49"]}
12-09 07:46:02.354 I/System.out( 6268): files: {}
12-09 07:46:02.354 I/System.out( 6268): command: {"command":"keyboard_enter_text","arguments":["49"]}
12-09 07:46:02.355 I/InstrumentationBackend( 6268): Got command:'Command:'Line:null,keyboard_enter_text', arguments:'[49]'
12-09 07:46:02.370 E/SpannableStringBuilder( 6268): SPAN_EXCLUSIVE_EXCLUSIVE spans cannot have a zero length
12-09 07:46:02.370 E/SpannableStringBuilder( 6268): SPAN_EXCLUSIVE_EXCLUSIVE spans cannot have a zero length
12-09 07:46:02.388 E/SpannableStringBuilder( 6268): SPAN_EXCLUSIVE_EXCLUSIVE spans cannot have a zero length
12-09 07:46:02.388 E/SpannableStringBuilder( 6268): SPAN_EXCLUSIVE_EXCLUSIVE spans cannot have a zero length
12-09 07:46:02.406 I/System.out( 6268): result:{"bonusInformation":[],"message":"","success":true}
12-09 07:46:02.992 E/SurfaceFlinger( 1219): ro.sf.lcd_density must be defined as a build property
12-09 07:46:03.061 D/gralloc_ranchu( 1219): gralloc_alloc: Creating ashmem region of size 3686400
12-09 07:46:03.118 D/        ( 6310): HostConnection::get() New Host Connection established 0x7f2224112480, tid 6310
12-09 07:46:03.157 E/EGL_emulation( 1219): tid 1219: eglCreateSyncKHR(1881): error 0x3004 (EGL_BAD_ATTRIBUTE)
12-09 07:46:04.258 I/System.out( 6268): URI: //map
12-09 07:46:04.265 I/System.out( 6268): params: {json={"query":"android.widget.EditText id:'odometer'","operation":{"method_name":"query","arguments":[]}}
12-09 07:46:04.265 I/System.out( 6268): }
12-09 07:46:04.273 W/ResourceType( 6268): No package identifier when getting name for resource number 0x00000001
12-09 07:46:04.387 I/System.out( 6268): URI: //gesture
12-09 07:46:04.387 I/System.out( 6268): params: {json={"query_timeout":5.0,"gestures":[{"query_string":"android.widget.EditText id:'odometer'","touches":[{"x":50,"y":50,"offset_x":0,"offset_y":0,"wait":0.0,"time":0.2,"release":true,"query_string":null}]}]}
12-09 07:46:04.387 I/System.out( 6268): }
12-09 07:46:04.585 W/ResourceType( 6268): No package identifier when getting name for resource number 0x00000001
12-09 07:46:05.019 I/LatinIME( 1887): Starting input. Cursor position = 0,0
12-09 07:46:05.595 I/System.out( 6268): URI: //
12-09 07:46:05.595 I/System.out( 6268): params: {json={"command":"set_selection","arguments":[-1,-1]}
12-09 07:46:05.595 I/System.out( 6268): }
12-09 07:46:05.595 I/System.out( 6268): header: {date=Sun, 09 Dec 2018 07:46:05 GMT, accept=*/*, content-length=47, host=127.0.0.1:34777, user-agent=HTTPClient/1.0 (2.8.3, ruby 2.3.1 (2016-04-26)), content-type=application/json;charset=utf-8}
12-09 07:46:05.595 I/System.out( 6268): params: {json={"command":"set_selection","arguments":[-1,-1]}
12-09 07:46:05.595 I/System.out( 6268): }
12-09 07:46:05.595 I/System.out( 6268): ProP json = {"command":"set_selection","arguments":[-1,-1]}
12-09 07:46:05.595 I/System.out( 6268): files: {}
12-09 07:46:05.595 I/System.out( 6268): command: {"command":"set_selection","arguments":[-1,-1]}
12-09 07:46:05.596 I/InstrumentationBackend( 6268): Got command:'Command:'Line:null,set_selection', arguments:'[-1, -1]'
12-09 07:46:05.613 I/System.out( 6268): result:{"bonusInformation":[],"message":"","success":true}
12-09 07:46:05.726 I/art     ( 6268): Background sticky concurrent mark sweep GC freed 58990(2MB) AllocSpace objects, 4(80KB) LOS objects, 49% free, 2MB/5MB, paused 13.585ms total 108.643ms
12-09 07:46:05.756 I/System.out( 6268): URI: //
12-09 07:46:05.756 I/System.out( 6268): params: {json={"command":"keyboard_enter_text","arguments":["12"]}
12-09 07:46:05.756 I/System.out( 6268): }
12-09 07:46:05.756 I/System.out( 6268): header: {date=Sun, 09 Dec 2018 07:46:05 GMT, accept=*/*, content-length=52, host=127.0.0.1:34777, user-agent=HTTPClient/1.0 (2.8.3, ruby 2.3.1 (2016-04-26)), content-type=application/json;charset=utf-8}
12-09 07:46:05.756 I/System.out( 6268): params: {json={"command":"keyboard_enter_text","arguments":["12"]}
12-09 07:46:05.757 I/System.out( 6268): }
12-09 07:46:05.757 I/System.out( 6268): ProP json = {"command":"keyboard_enter_text","arguments":["12"]}
12-09 07:46:05.757 I/System.out( 6268): files: {}
12-09 07:46:05.757 I/System.out( 6268): command: {"command":"keyboard_enter_text","arguments":["12"]}
12-09 07:46:05.758 I/InstrumentationBackend( 6268): Got command:'Command:'Line:null,keyboard_enter_text', arguments:'[12]'
12-09 07:46:05.758 E/SpannableStringBuilder( 6268): SPAN_EXCLUSIVE_EXCLUSIVE spans cannot have a zero length
12-09 07:46:05.758 E/SpannableStringBuilder( 6268): SPAN_EXCLUSIVE_EXCLUSIVE spans cannot have a zero length
12-09 07:46:05.786 E/SpannableStringBuilder( 6268): SPAN_EXCLUSIVE_EXCLUSIVE spans cannot have a zero length
12-09 07:46:05.786 E/SpannableStringBuilder( 6268): SPAN_EXCLUSIVE_EXCLUSIVE spans cannot have a zero length
12-09 07:46:05.795 I/System.out( 6268): result:{"bonusInformation":[],"message":"","success":true}
12-09 07:46:06.269 E/SurfaceFlinger( 1219): ro.sf.lcd_density must be defined as a build property
12-09 07:46:06.310 D/gralloc_ranchu( 1219): gralloc_alloc: Creating ashmem region of size 3686400
12-09 07:46:06.360 D/        ( 6320): HostConnection::get() New Host Connection established 0x7fc0c2752480, tid 6320
12-09 07:46:06.482 E/EGL_emulation( 1219): tid 1219: eglCreateSyncKHR(1881): error 0x3004 (EGL_BAD_ATTRIBUTE)
12-09 07:46:08.524 I/System.out( 6268): URI: //map
12-09 07:46:08.524 I/System.out( 6268): params: {json={"query":"android.widget.Button index:2","operation":{"method_name":"query","arguments":[]}}
12-09 07:46:08.524 I/System.out( 6268): }
12-09 07:46:08.658 I/System.out( 6268): URI: //gesture
12-09 07:46:08.658 I/System.out( 6268): params: {json={"query_timeout":5.0,"gestures":[{"query_string":"android.widget.Button index:2","touches":[{"x":50,"y":50,"offset_x":0,"offset_y":0,"wait":0.0,"time":0.2,"release":true,"query_string":null}]}]}
12-09 07:46:08.658 I/System.out( 6268): }
12-09 07:46:09.060 W/audio_hw_generic( 1308): Hardware backing HAL too slow, could only write 0 of 661 frames
12-09 07:46:09.072 W/audio_hw_generic( 1308): Hardware backing HAL too slow, could only write 0 of 661 frames
12-09 07:46:09.086 W/audio_hw_generic( 1308): Hardware backing HAL too slow, could only write 0 of 661 frames
12-09 07:46:09.107 W/audio_hw_generic( 1308): Hardware backing HAL too slow, could only write 0 of 661 frames
12-09 07:46:09.178 W/audio_hw_generic( 1308): Not supplying enough data to HAL, expected position 7269829 , only wrote 7269678
12-09 07:46:09.238 I/art     ( 6268): Background sticky concurrent mark sweep GC freed 50797(2MB) AllocSpace objects, 3(60KB) LOS objects, 45% free, 2MB/5MB, paused 5.795ms total 171.022ms
12-09 07:46:09.327 W/audio_hw_generic( 1308): Not supplying enough data to HAL, expected position 7276253 , only wrote 7274966
12-09 07:46:09.328 W/audio_hw_generic( 1308): Not supplying enough data to HAL, expected position 7274973 , only wrote 7274966
12-09 07:46:09.382 W/audio_hw_generic( 1308): Hardware backing HAL too slow, could only write 0 of 661 frames
12-09 07:46:09.414 W/audio_hw_generic( 1308): Hardware backing HAL too slow, could only write 0 of 661 frames
12-09 07:46:09.415 I/calabash( 6268): newActivity1
12-09 07:46:09.416 W/ActivityManager( 1592): Bad activity token: android.os.BinderProxy@91801ac
12-09 07:46:09.416 W/ActivityManager( 1592): java.lang.ClassCastException: android.os.BinderProxy cannot be cast to com.android.server.am.ActivityRecord$Token
12-09 07:46:09.416 W/ActivityManager( 1592): 	at com.android.server.am.ActivityRecord.forTokenLocked(ActivityRecord.java:424)
12-09 07:46:09.416 W/ActivityManager( 1592): 	at com.android.server.am.ActivityRecord.isInStackLocked(ActivityRecord.java:1121)
12-09 07:46:09.416 W/ActivityManager( 1592): 	at com.android.server.am.ActivityRecord.getStackLocked(ActivityRecord.java:1126)
12-09 07:46:09.416 W/ActivityManager( 1592): 	at com.android.server.am.ActivityManagerService.getActivityDisplayId(ActivityManagerService.java:8889)
12-09 07:46:09.416 W/ActivityManager( 1592): 	at android.app.ActivityManagerNative.onTransact(ActivityManagerNative.java:2338)
12-09 07:46:09.416 W/ActivityManager( 1592): 	at com.android.server.am.ActivityManagerService.onTransact(ActivityManagerService.java:2443)
12-09 07:46:09.416 W/ActivityManager( 1592): 	at android.os.Binder.execTransact(Binder.java:453)
12-09 07:46:09.417 W/ActivityManager( 1592): Bad activity token: android.os.BinderProxy@91801ac
12-09 07:46:09.417 W/ActivityManager( 1592): java.lang.ClassCastException: android.os.BinderProxy cannot be cast to com.android.server.am.ActivityRecord$Token
12-09 07:46:09.417 W/ActivityManager( 1592): 	at com.android.server.am.ActivityRecord.forTokenLocked(ActivityRecord.java:424)
12-09 07:46:09.417 W/ActivityManager( 1592): 	at com.android.server.am.ActivityRecord.isInStackLocked(ActivityRecord.java:1121)
12-09 07:46:09.417 W/ActivityManager( 1592): 	at com.android.server.am.ActivityManagerService.setTaskDescription(ActivityManagerService.java:8547)
12-09 07:46:09.417 W/ActivityManager( 1592): 	at android.app.ActivityManagerNative.onTransact(ActivityManagerNative.java:2410)
12-09 07:46:09.417 W/ActivityManager( 1592): 	at com.android.server.am.ActivityManagerService.onTransact(ActivityManagerService.java:2443)
12-09 07:46:09.417 W/ActivityManager( 1592): 	at android.os.Binder.execTransact(Binder.java:453)
12-09 07:46:09.426 W/audio_hw_generic( 1308): Hardware backing HAL too slow, could only write 0 of 661 frames
12-09 07:46:09.437 W/audio_hw_generic( 1308): Hardware backing HAL too slow, could only write 0 of 661 frames
12-09 07:46:09.448 W/audio_hw_generic( 1308): Hardware backing HAL too slow, could only write 0 of 661 frames
12-09 07:46:09.485 W/ActivityManager( 1592): Bad activity token: android.os.BinderProxy@91801ac
12-09 07:46:09.485 W/ActivityManager( 1592): java.lang.ClassCastException: android.os.BinderProxy cannot be cast to com.android.server.am.ActivityRecord$Token
12-09 07:46:09.485 W/ActivityManager( 1592): 	at com.android.server.am.ActivityRecord.forTokenLocked(ActivityRecord.java:424)
12-09 07:46:09.485 W/ActivityManager( 1592): 	at com.android.server.am.ActivityRecord.isInStackLocked(ActivityRecord.java:1121)
12-09 07:46:09.485 W/ActivityManager( 1592): 	at com.android.server.am.ActivityManagerService.getActivityOptions(ActivityManagerService.java:11038)
12-09 07:46:09.485 W/ActivityManager( 1592): 	at android.app.ActivityManagerNative.onTransact(ActivityManagerNative.java:1734)
12-09 07:46:09.485 W/ActivityManager( 1592): 	at com.android.server.am.ActivityManagerService.onTransact(ActivityManagerService.java:2443)
12-09 07:46:09.485 W/ActivityManager( 1592): 	at android.os.Binder.execTransact(Binder.java:453)
12-09 07:46:09.486 W/ActivityManager( 1592): Bad activity token: android.os.BinderProxy@91801ac
12-09 07:46:09.486 W/ActivityManager( 1592): java.lang.ClassCastException: android.os.BinderProxy cannot be cast to com.android.server.am.ActivityRecord$Token
12-09 07:46:09.486 W/ActivityManager( 1592): 	at com.android.server.am.ActivityRecord.forTokenLocked(ActivityRecord.java:424)
12-09 07:46:09.486 W/ActivityManager( 1592): 	at com.android.server.am.ActivityRecord.isInStackLocked(ActivityRecord.java:1121)
12-09 07:46:09.486 W/ActivityManager( 1592): 	at com.android.server.am.ActivityManagerService.getActivityOptions(ActivityManagerService.java:11038)
12-09 07:46:09.486 W/ActivityManager( 1592): 	at android.app.ActivityManagerNative.onTransact(ActivityManagerNative.java:1734)
12-09 07:46:09.486 W/ActivityManager( 1592): 	at com.android.server.am.ActivityManagerService.onTransact(ActivityManagerService.java:2443)
12-09 07:46:09.486 W/ActivityManager( 1592): 	at android.os.Binder.execTransact(Binder.java:453)
12-09 07:46:09.544 I/Choreographer( 6268): Skipped 32 frames!  The application may be doing too much work on its main thread.
12-09 07:46:09.547 E/SurfaceFlinger( 1219): ro.sf.lcd_density must be defined as a build property
12-09 07:46:09.548 I/LatinIME( 1887): Starting input. Cursor position = -1,-1
12-09 07:46:09.555 D/gralloc_ranchu( 1219): gralloc_alloc: Creating ashmem region of size 3686400
12-09 07:46:09.610 D/        ( 6326): HostConnection::get() New Host Connection established 0x7f0b7dd92480, tid 6326
12-09 07:46:09.662 E/EGL_emulation( 1219): tid 1219: eglCreateSyncKHR(1881): error 0x3004 (EGL_BAD_ATTRIBUTE)
12-09 07:46:09.792 D/Mileage ( 6268): Not enough fillups to calculate economy
12-09 07:46:09.865 W/audio_hw_generic( 1308): Not supplying enough data to HAL, expected position 7298680 , only wrote 7298101
12-09 07:46:09.866 W/audio_hw_generic( 1308): Not supplying enough data to HAL, expected position 7298108 , only wrote 7298101
12-09 07:46:09.890 W/audio_hw_generic( 1308): Not supplying enough data to HAL, expected position 7299200 , only wrote 7298762
12-09 07:46:09.891 D/Mileage.ABS( 6268): Finished backup
12-09 07:46:09.916 D/Mileage.ABS( 6268): Not backing up; 152
12-09 07:46:09.929 D/Mileage.ABS( 6268): Not backing up; 165
12-09 07:46:10.131 W/audio_hw_generic( 1308): Hardware backing HAL too slow, could only write 0 of 661 frames
12-09 07:46:10.146 W/audio_hw_generic( 1308): Hardware backing HAL too slow, could only write 0 of 661 frames
12-09 07:46:10.159 W/audio_hw_generic( 1308): Hardware backing HAL too slow, could only write 0 of 661 frames
12-09 07:46:10.193 W/audio_hw_generic( 1308): Hardware backing HAL too slow, could only write 0 of 661 frames
12-09 07:46:10.209 W/audio_hw_generic( 1308): Hardware backing HAL too slow, could only write 0 of 661 frames
12-09 07:46:10.219 W/audio_hw_generic( 1308): Hardware backing HAL too slow, could only write 0 of 661 frames
12-09 07:46:10.235 W/audio_hw_generic( 1308): Hardware backing HAL too slow, could only write 0 of 661 frames
12-09 07:46:10.377 W/audio_hw_generic( 1308): Not supplying enough data to HAL, expected position 7320227 , only wrote 7319914
12-09 07:46:10.377 W/audio_hw_generic( 1308): Not supplying enough data to HAL, expected position 7319922 , only wrote 7319914
12-09 07:46:10.391 W/RichInputConnection( 1887): Slow InputConnection: GET_TEXT_BEFORE_CURSOR took 217 ms.
12-09 07:46:10.395 W/audio_hw_generic( 1308): Not supplying enough data to HAL, expected position 7320672 , only wrote 7320575
12-09 07:46:10.396 I/InputAttributes( 1887): InputType.TYPE_NULL is specified
12-09 07:46:10.420 I/Choreographer( 1887): Skipped 54 frames!  The application may be doing too much work on its main thread.
12-09 07:46:10.433 D/EGL_emulation( 1887): eglMakeCurrent: 0x7fc06d596060: ver 2 0 (tinfo 0x7fc0654ffbe0)
12-09 07:46:10.442 E/Surface ( 1887): getSlotFromBufferLocked: unknown buffer: 0x7fc06d591740
12-09 07:46:10.518 W/audio_hw_generic( 1308): Not supplying enough data to HAL, expected position 7326012 , only wrote 7325863
12-09 07:46:10.518 W/audio_hw_generic( 1308): Not supplying enough data to HAL, expected position 7325870 , only wrote 7325863
12-09 07:46:10.576 W/audio_hw_generic( 1308): Not supplying enough data to HAL, expected position 7328418 , only wrote 7326524
12-09 07:46:10.622 W/audio_hw_generic( 1308): Hardware backing HAL too slow, could only write 0 of 661 frames
12-09 07:46:10.624 W/audio_hw_generic( 1308): Hardware backing HAL too slow, could only write 0 of 661 frames
12-09 07:46:10.650 W/audio_hw_generic( 1308): Hardware backing HAL too slow, could only write 0 of 661 frames
12-09 07:46:10.659 W/audio_hw_generic( 1308): Hardware backing HAL too slow, could only write 0 of 661 frames
12-09 07:46:10.759 W/audio_hw_generic( 1308): Not supplying enough data to HAL, expected position 7334594 , only wrote 7332473
12-09 07:46:10.759 W/audio_hw_generic( 1308): Not supplying enough data to HAL, expected position 7332480 , only wrote 7332473
12-09 07:46:10.778 W/audio_hw_generic( 1308): Not supplying enough data to HAL, expected position 7333313 , only wrote 7333134
12-09 07:46:10.796 W/audio_hw_generic( 1308): Hardware backing HAL too slow, could only write 0 of 661 frames
12-09 07:46:10.812 W/audio_hw_generic( 1308): Hardware backing HAL too slow, could only write 0 of 661 frames
12-09 07:46:10.826 W/audio_hw_generic( 1308): Hardware backing HAL too slow, could only write 0 of 661 frames
12-09 07:46:10.828 I/System.out( 6268): URI: //gesture
