--------- beginning of main
12-09 07:46:56.975 D/AndroidRuntime( 6389): >>>>>> START com.android.internal.os.RuntimeInit uid 0 <<<<<<
12-09 07:46:56.976 D/AndroidRuntime( 6389): CheckJNI is ON
12-09 07:46:56.996 D/ICU     ( 6389): No timezone override file found: /data/misc/zoneinfo/current/icu/icu_tzdata.dat
12-09 07:46:57.523 E/memtrack( 6389): Couldn't load memtrack module (No such file or directory)
12-09 07:46:57.529 E/android.os.Debug( 6389): failed to load memtrack module: -2
12-09 07:46:57.531 I/Radio-JNI( 6389): register_android_hardware_Radio DONE
12-09 07:46:57.546 D/AndroidRuntime( 6389): Calling main entry com.android.commands.am.Am
--------- beginning of system
12-09 07:46:57.574 I/ActivityManager( 1591): Force stopping com.evancharlton.mileage appid=10119 user=0: start instr
12-09 07:46:57.574 I/ActivityManager( 1591): Killing 6372:com.evancharlton.mileage/u0a119 (adj 0): stop com.evancharlton.mileage
12-09 07:46:57.765 W/ActivityManager( 1591): Crash of app com.evancharlton.mileage running instrumentation ComponentInfo{com.evancharlton.mileage.test/sh.calaba.instrumentationbackend.ClearAppData2}
12-09 07:46:57.765 I/ActivityManager( 1591): Force stopping com.evancharlton.mileage appid=10119 user=0: finished inst
12-09 07:46:57.778 I/ActivityManager( 1591): Start proc 6398:com.evancharlton.mileage/u0a119 for added application com.evancharlton.mileage
12-09 07:46:57.778 D/AndroidRuntime( 6389): Shutting down VM
12-09 07:46:57.796 W/System  ( 6398): ClassLoader referenced unknown path: /data/app/com.evancharlton.mileage.test-1/lib/x86_64
12-09 07:46:57.796 W/System  ( 6398): ClassLoader referenced unknown path: /data/app/com.evancharlton.mileage-1/lib/x86_64
12-09 07:46:57.826 I/System.out( 6398): Main activity name automatically set to: com.evancharlton.mileage.Mileage
12-09 07:46:57.833 I/System.out( 6398): Calabash did not load Mono. This is only a problem if you are trying to test a Mono application
12-09 07:46:57.834 I/calabash( 6398): Test server port: 7102
12-09 07:46:57.885 I/InstrumentationBackend( 6398): Added:'GetPreferences', with key:'get_preferences'
12-09 07:46:58.275 I/InstrumentationBackend( 6398): Added:'SetPreferences', with key:'set_preferences'
12-09 07:46:58.275 I/InstrumentationBackend( 6398): Added:'ClearPreferences', with key:'clear_preferences'
12-09 07:46:58.275 I/InstrumentationBackend( 6398): Added:'PressElement', with key:'press_l10n_element'
12-09 07:46:58.275 I/InstrumentationBackend( 6398): Added:'WaitForElement', with key:'wait_for_l10n_element'
12-09 07:46:58.276 I/InstrumentationBackend( 6398): Added:'NullAction', with key:'nullAction'
12-09 07:46:58.276 I/InstrumentationBackend( 6398): Added:'PressKey', with key:'press_key'
12-09 07:46:58.276 I/InstrumentationBackend( 6398): Added:'SetActivityOrientation', with key:'set_activity_orientation'
12-09 07:46:58.276 I/InstrumentationBackend( 6398): Added:'GetActivityOrientation', with key:'get_activity_orientation'
12-09 07:46:58.281 I/InstrumentationBackend( 6398): Added:'FakeGPSLocation', with key:'set_gps_coordinates'
12-09 07:46:58.281 I/InstrumentationBackend( 6398): Added:'SetPropertyByCssSelector', with key:'set_property_by_css_selector'
12-09 07:46:58.282 I/InstrumentationBackend( 6398): Added:'GetUrl', with key:'get_url'
12-09 07:46:58.306 I/InstrumentationBackend( 6398): Added:'ScrollTo', with key:'scroll_to'
12-09 07:46:58.306 I/InstrumentationBackend( 6398): Added:'GetLoadProgress', with key:'get_load_progress'
12-09 07:46:58.306 I/InstrumentationBackend( 6398): Added:'DumpHtml', with key:'dump_html'
12-09 07:46:58.306 I/InstrumentationBackend( 6398): Added:'DumpBodyHtml', with key:'dump_body_html'
12-09 07:46:58.307 I/InstrumentationBackend( 6398): Added:'EnterTextByCssSelector', with key:'enter_text_by_selector'
12-09 07:46:58.313 I/InstrumentationBackend( 6398): Added:'AndroidSDKVersion', with key:'android_sdk_version'
12-09 07:46:58.314 I/InstrumentationBackend( 6398): Added:'Version', with key:'version'
12-09 07:46:58.314 I/InstrumentationBackend( 6398): Added:'Drag', with key:'drag'
12-09 07:46:58.314 I/InstrumentationBackend( 6398): Added:'TouchCoordinates', with key:'touch_coordinate'
12-09 07:46:58.314 I/InstrumentationBackend( 6398): Added:'LongPressCoordinate', with key:'long_press_coordinate'
12-09 07:46:58.314 I/InstrumentationBackend( 6398): Added:'DragCoordinates', with key:'drag_coordinates'
12-09 07:46:58.315 I/InstrumentationBackend( 6398): Added:'ResumeApplication', with key:'resume_application'
12-09 07:46:58.315 I/InstrumentationBackend( 6398): Added:'Swipe', with key:'swipe'
12-09 07:46:58.315 I/InstrumentationBackend( 6398): Added:'DoubleTapCoordinate', with key:'double_tap_coordinate'
12-09 07:46:58.315 I/InstrumentationBackend( 6398): Added:'ClickOnScreen', with key:'click_on_screen'
12-09 07:46:58.315 I/InstrumentationBackend( 6398): Added:'GetActivityName', with key:'get_activity_name'
12-09 07:46:58.315 I/InstrumentationBackend( 6398): Added:'ScrollToView', with key:'scroll_to_view'
12-09 07:46:58.316 I/InstrumentationBackend( 6398): Added:'ViewConfiguration', with key:'view_configuration'
12-09 07:46:58.316 I/InstrumentationBackend( 6398): Added:'IsCurrentActivityFocused', with key:'is_current_activity_focused'
12-09 07:46:58.316 I/InstrumentationBackend( 6398): Added:'SendTcp', with key:'send_tcp'
12-09 07:46:58.316 I/InstrumentationBackend( 6398): Added:'DpToDevicePixel', with key:'dp_to_device_pixel'
12-09 07:46:58.317 I/InstrumentationBackend( 6398): Added:'KeyboardEnterText', with key:'keyboard_enter_text'
12-09 07:46:58.317 I/InstrumentationBackend( 6398): Added:'DeleteSurroundingText', with key:'delete_surrounding_text'
12-09 07:46:58.318 I/InstrumentationBackend( 6398): Added:'SetComposingRegion', with key:'set_composing_region'
12-09 07:46:58.318 I/InstrumentationBackend( 6398): Added:'SetSelection', with key:'set_selection'
12-09 07:46:58.318 I/InstrumentationBackend( 6398): Added:'KeyboardKeyEvent', with key:'keyboard_key_event'
12-09 07:46:58.318 I/InstrumentationBackend( 6398): Added:'PressUserActionButton', with key:'press_user_action_button'
12-09 07:46:58.318 I/InstrumentationBackend( 6398): Added:'HideSoftKeyboard', with key:'hide_soft_keyboard'
12-09 07:46:58.319 I/InstrumentationBackend( 6398): Added:'ListActions', with key:'list_actions'
12-09 07:46:58.325 I/calabash( 6398): Instantiating http server at 7102
12-09 07:46:58.349 I/System.out( 6398): HTTP Daemon listening on: 7102
12-09 07:46:58.411 I/art     ( 6398): Background sticky concurrent mark sweep GC freed 38238(1416KB) AllocSpace objects, 0(0B) LOS objects, 67% free, 1252KB/3MB, paused 4.475ms total 576.826ms
12-09 07:46:58.481 I/System.out( 6398): URI: //ping
12-09 07:46:58.485 I/System.out( 6398): params: {json={}
12-09 07:46:58.485 I/System.out( 6398): }
12-09 07:46:58.539 I/System.out( 6398): URI: //ping
12-09 07:46:58.539 I/System.out( 6398): params: {json={}
12-09 07:46:58.539 I/System.out( 6398): }
12-09 07:46:58.586 I/System.out( 6398): URI: //ready
12-09 07:46:58.586 I/System.out( 6398): params: {json={}
12-09 07:46:58.586 I/System.out( 6398): }
12-09 07:46:58.631 I/System.out( 6398): URI: //
12-09 07:46:58.631 I/System.out( 6398): params: {json={"command":"version","arguments":[]}
12-09 07:46:58.631 I/System.out( 6398): }
12-09 07:46:58.631 I/System.out( 6398): header: {date=Sun, 09 Dec 2018 07:46:59 GMT, accept=*/*, content-length=36, host=127.0.0.1:34777, user-agent=HTTPClient/1.0 (2.8.3, ruby 2.3.1 (2016-04-26)), content-type=application/json;charset=utf-8}
12-09 07:46:58.631 I/System.out( 6398): params: {json={"command":"version","arguments":[]}
12-09 07:46:58.631 I/System.out( 6398): }
12-09 07:46:58.631 I/System.out( 6398): ProP json = {"command":"version","arguments":[]}
12-09 07:46:58.631 I/System.out( 6398): files: {}
12-09 07:46:58.631 I/System.out( 6398): command: {"command":"version","arguments":[]}
12-09 07:46:58.646 I/InstrumentationBackend( 6398): Got command:'Command:'Line:null,version', arguments:'[]'
12-09 07:46:58.656 I/System.out( 6398): result:{"bonusInformation":[],"message":"0.9.8","success":true}
12-09 07:46:58.710 I/System.out( 6398): URI: //start-application
12-09 07:46:58.710 I/System.out( 6398): params: {json={"intent":null}
12-09 07:46:58.710 I/System.out( 6398): }
12-09 07:46:58.750 I/ActivityManager( 1591): START u0 {act=android.intent.action.MAIN cat=[android.intent.category.LAUNCHER] flg=0x10200000 cmp=com.evancharlton.mileage/.Mileage} from uid 10119 on display 0
12-09 07:46:58.864 D/gralloc_ranchu( 1218): gralloc_alloc: Creating ashmem region of size 3686400
12-09 07:46:58.865 I/calabash( 6398): newActivity1
12-09 07:46:58.900 I/calabash( 6398): newActivity1
12-09 07:46:58.912 W/ActivityManager( 1591): Bad activity token: android.os.BinderProxy@17ffda9
12-09 07:46:58.912 W/ActivityManager( 1591): java.lang.ClassCastException: android.os.BinderProxy cannot be cast to com.android.server.am.ActivityRecord$Token
12-09 07:46:58.912 W/ActivityManager( 1591): 	at com.android.server.am.ActivityRecord.forTokenLocked(ActivityRecord.java:424)
12-09 07:46:58.912 W/ActivityManager( 1591): 	at com.android.server.am.ActivityRecord.isInStackLocked(ActivityRecord.java:1121)
12-09 07:46:58.912 W/ActivityManager( 1591): 	at com.android.server.am.ActivityRecord.getStackLocked(ActivityRecord.java:1126)
12-09 07:46:58.912 W/ActivityManager( 1591): 	at com.android.server.am.ActivityManagerService.getActivityDisplayId(ActivityManagerService.java:8889)
12-09 07:46:58.912 W/ActivityManager( 1591): 	at android.app.ActivityManagerNative.onTransact(ActivityManagerNative.java:2338)
12-09 07:46:58.912 W/ActivityManager( 1591): 	at com.android.server.am.ActivityManagerService.onTransact(ActivityManagerService.java:2443)
12-09 07:46:58.912 W/ActivityManager( 1591): 	at android.os.Binder.execTransact(Binder.java:453)
12-09 07:46:58.946 W/ActivityManager( 1591): Bad activity token: android.os.BinderProxy@17ffda9
12-09 07:46:58.946 W/ActivityManager( 1591): java.lang.ClassCastException: android.os.BinderProxy cannot be cast to com.android.server.am.ActivityRecord$Token
12-09 07:46:58.946 W/ActivityManager( 1591): 	at com.android.server.am.ActivityRecord.forTokenLocked(ActivityRecord.java:424)
12-09 07:46:58.946 W/ActivityManager( 1591): 	at com.android.server.am.ActivityRecord.isInStackLocked(ActivityRecord.java:1121)
12-09 07:46:58.946 W/ActivityManager( 1591): 	at com.android.server.am.ActivityManagerService.setTaskDescription(ActivityManagerService.java:8547)
12-09 07:46:58.946 W/ActivityManager( 1591): 	at android.app.ActivityManagerNative.onTransact(ActivityManagerNative.java:2410)
12-09 07:46:58.946 W/ActivityManager( 1591): 	at com.android.server.am.ActivityManagerService.onTransact(ActivityManagerService.java:2443)
12-09 07:46:58.946 W/ActivityManager( 1591): 	at android.os.Binder.execTransact(Binder.java:453)
12-09 07:46:59.084 V/PhoneStatusBar( 1691): setLightsOn(true)
12-09 07:46:59.159 D/EGL_emulation( 1941): eglMakeCurrent: 0x7f859c9f4dc0: ver 2 0 (tinfo 0x7f859c9c2de0)
12-09 07:46:59.172 E/Surface ( 1941): getSlotFromBufferLocked: unknown buffer: 0x7f859a946fe0
12-09 07:46:59.253 D/FillupsProvider( 6398): Creating database
12-09 07:46:59.392 W/ActivityManager( 1591): Bad activity token: android.os.BinderProxy@17ffda9
12-09 07:46:59.392 W/ActivityManager( 1591): java.lang.ClassCastException: android.os.BinderProxy cannot be cast to com.android.server.am.ActivityRecord$Token
12-09 07:46:59.392 W/ActivityManager( 1591): 	at com.android.server.am.ActivityRecord.forTokenLocked(ActivityRecord.java:424)
12-09 07:46:59.392 W/ActivityManager( 1591): 	at com.android.server.am.ActivityRecord.isInStackLocked(ActivityRecord.java:1121)
12-09 07:46:59.392 W/ActivityManager( 1591): 	at com.android.server.am.ActivityManagerService.getActivityOptions(ActivityManagerService.java:11038)
12-09 07:46:59.392 W/ActivityManager( 1591): 	at android.app.ActivityManagerNative.onTransact(ActivityManagerNative.java:1734)
12-09 07:46:59.392 W/ActivityManager( 1591): 	at com.android.server.am.ActivityManagerService.onTransact(ActivityManagerService.java:2443)
12-09 07:46:59.392 W/ActivityManager( 1591): 	at android.os.Binder.execTransact(Binder.java:453)
12-09 07:46:59.392 W/ActivityManager( 1591): Bad activity token: android.os.BinderProxy@17ffda9
12-09 07:46:59.392 W/ActivityManager( 1591): java.lang.ClassCastException: android.os.BinderProxy cannot be cast to com.android.server.am.ActivityRecord$Token
12-09 07:46:59.392 W/ActivityManager( 1591): 	at com.android.server.am.ActivityRecord.forTokenLocked(ActivityRecord.java:424)
12-09 07:46:59.392 W/ActivityManager( 1591): 	at com.android.server.am.ActivityRecord.isInStackLocked(ActivityRecord.java:1121)
12-09 07:46:59.392 W/ActivityManager( 1591): 	at com.android.server.am.ActivityManagerService.getActivityOptions(ActivityManagerService.java:11038)
12-09 07:46:59.392 W/ActivityManager( 1591): 	at android.app.ActivityManagerNative.onTransact(ActivityManagerNative.java:1734)
12-09 07:46:59.392 W/ActivityManager( 1591): 	at com.android.server.am.ActivityManagerService.onTransact(ActivityManagerService.java:2443)
12-09 07:46:59.392 W/ActivityManager( 1591): 	at android.os.Binder.execTransact(Binder.java:453)
12-09 07:46:59.621 I/art     ( 6398): Background sticky concurrent mark sweep GC freed 8401(600KB) AllocSpace objects, 0(0B) LOS objects, 17% free, 1873KB/2MB, paused 34.231ms total 191.922ms
12-09 07:47:00.223 D/gralloc_ranchu( 1218): gralloc_alloc: Creating ashmem region of size 3686400
12-09 07:47:00.225 W/art     ( 1591): Long monitor contention event with owner method=int com.android.server.wm.WindowManagerService.relayoutWindow(com.android.server.wm.Session, android.view.IWindow, int, android.view.WindowManager$LayoutParams, int, int, int, int, android.graphics.Rect, android.graphics.Rect, android.graphics.Rect, android.graphics.Rect, android.graphics.Rect, android.graphics.Rect, android.content.res.Configuration, android.view.Surface) from WindowManagerService.java:3103 waiters=0 for 204ms
12-09 07:47:00.293 D/        ( 6398): HostConnection::get() New Host Connection established 0x7f85990feec0, tid 6398
12-09 07:47:00.363 I/ActivityManager( 1591): Displayed com.evancharlton.mileage/.Mileage: +1s583ms
12-09 07:47:00.383 D/gralloc_ranchu( 1218): gralloc_alloc: Creating ashmem region of size 3686400
12-09 07:47:00.685 I/art     ( 6398): Background partial concurrent mark sweep GC freed 10785(501KB) AllocSpace objects, 0(0B) LOS objects, 39% free, 2MB/3MB, paused 1.901ms total 110.002ms
12-09 07:47:00.695 I/System.out( 6398): URI: //
12-09 07:47:00.695 I/System.out( 6398): params: {json={"command":"set_activity_orientation","arguments":["landscape"]}
12-09 07:47:00.695 I/System.out( 6398): }
12-09 07:47:00.696 I/System.out( 6398): header: {date=Sun, 09 Dec 2018 07:47:01 GMT, accept=*/*, content-length=64, host=127.0.0.1:34777, user-agent=HTTPClient/1.0 (2.8.3, ruby 2.3.1 (2016-04-26)), content-type=application/json;charset=utf-8}
12-09 07:47:00.696 I/System.out( 6398): params: {json={"command":"set_activity_orientation","arguments":["landscape"]}
12-09 07:47:00.696 I/System.out( 6398): }
12-09 07:47:00.696 I/System.out( 6398): ProP json = {"command":"set_activity_orientation","arguments":["landscape"]}
12-09 07:47:00.696 I/System.out( 6398): files: {}
12-09 07:47:00.696 I/System.out( 6398): command: {"command":"set_activity_orientation","arguments":["landscape"]}
12-09 07:47:00.697 I/InstrumentationBackend( 6398): Got command:'Command:'Line:null,set_activity_orientation', arguments:'[landscape]'
12-09 07:47:01.019 D/gralloc_ranchu( 1218): gralloc_alloc: Creating ashmem region of size 3686400
12-09 07:47:01.094 E/EGL_emulation( 1218): tid 1218: eglCreateSyncKHR(1881): error 0x3004 (EGL_BAD_ATTRIBUTE)
12-09 07:47:01.120 I/ActivityManager( 1591): Config changes=480 {1.0 310mcc260mnc en_US ldltr sw720dp w1280dp h696dp 160dpi xlrg long land finger -keyb/v/h tball/v s.10}
12-09 07:47:01.122 W/art     ( 1591): Long monitor contention event with owner method=android.content.res.Configuration com.android.server.wm.WindowManagerService.updateOrientationFromAppTokens(android.content.res.Configuration, android.os.IBinder) from WindowManagerService.java:3950 waiters=0 for 214ms
12-09 07:47:01.259 I/calabash( 6398): newActivity1
12-09 07:47:01.369 I/InputReader( 1591): Reconfiguring input devices.  changes=0x00000004
12-09 07:47:01.369 I/InputReader( 1591): Device reconfigured: id=0, name='qwerty2', size 720x1280, orientation 1, mode 1, display id 0
12-09 07:47:01.374 W/art     ( 1591): Long monitor contention event with owner method=void com.android.server.am.ActivityManagerService.setRequestedOrientation(android.os.IBinder, int) from ActivityManagerService.java:4192 waiters=0 for 466ms
12-09 07:47:01.417 W/art     ( 1591): Long monitor contention event with owner method=void com.android.server.am.ActivityManagerService.setRequestedOrientation(android.os.IBinder, int) from ActivityManagerService.java:4192 waiters=2 for 290ms
12-09 07:47:01.433 I/calabash( 6398): newActivity1
12-09 07:47:01.434 W/ActivityManager( 1591): Bad activity token: android.os.BinderProxy@4eeec92
12-09 07:47:01.434 W/ActivityManager( 1591): java.lang.ClassCastException: android.os.BinderProxy cannot be cast to com.android.server.am.ActivityRecord$Token
12-09 07:47:01.434 W/ActivityManager( 1591): 	at com.android.server.am.ActivityRecord.forTokenLocked(ActivityRecord.java:424)
12-09 07:47:01.434 W/ActivityManager( 1591): 	at com.android.server.am.ActivityRecord.isInStackLocked(ActivityRecord.java:1121)
12-09 07:47:01.434 W/ActivityManager( 1591): 	at com.android.server.am.ActivityRecord.getStackLocked(ActivityRecord.java:1126)
12-09 07:47:01.434 W/ActivityManager( 1591): 	at com.android.server.am.ActivityManagerService.getActivityDisplayId(ActivityManagerService.java:8889)
12-09 07:47:01.434 W/ActivityManager( 1591): 	at android.app.ActivityManagerNative.onTransact(ActivityManagerNative.java:2338)
12-09 07:47:01.434 W/ActivityManager( 1591): 	at com.android.server.am.ActivityManagerService.onTransact(ActivityManagerService.java:2443)
12-09 07:47:01.434 W/ActivityManager( 1591): 	at android.os.Binder.execTransact(Binder.java:453)
12-09 07:47:01.435 W/ActivityManager( 1591): Bad activity token: android.os.BinderProxy@4eeec92
12-09 07:47:01.435 W/ActivityManager( 1591): java.lang.ClassCastException: android.os.BinderProxy cannot be cast to com.android.server.am.ActivityRecord$Token
12-09 07:47:01.435 W/ActivityManager( 1591): 	at com.android.server.am.ActivityRecord.forTokenLocked(ActivityRecord.java:424)
12-09 07:47:01.435 W/ActivityManager( 1591): 	at com.android.server.am.ActivityRecord.isInStackLocked(ActivityRecord.java:1121)
12-09 07:47:01.435 W/ActivityManager( 1591): 	at com.android.server.am.ActivityManagerService.setTaskDescription(ActivityManagerService.java:8547)
12-09 07:47:01.435 W/ActivityManager( 1591): 	at android.app.ActivityManagerNative.onTransact(ActivityManagerNative.java:2410)
12-09 07:47:01.435 W/ActivityManager( 1591): 	at com.android.server.am.ActivityManagerService.onTransact(ActivityManagerService.java:2443)
12-09 07:47:01.435 W/ActivityManager( 1591): 	at android.os.Binder.execTransact(Binder.java:453)
12-09 07:47:01.484 W/ActivityManager( 1591): Bad activity token: android.os.BinderProxy@4eeec92
12-09 07:47:01.484 W/ActivityManager( 1591): java.lang.ClassCastException: android.os.BinderProxy cannot be cast to com.android.server.am.ActivityRecord$Token
12-09 07:47:01.484 W/ActivityManager( 1591): 	at com.android.server.am.ActivityRecord.forTokenLocked(ActivityRecord.java:424)
12-09 07:47:01.484 W/ActivityManager( 1591): 	at com.android.server.am.ActivityRecord.isInStackLocked(ActivityRecord.java:1121)
12-09 07:47:01.484 W/ActivityManager( 1591): 	at com.android.server.am.ActivityManagerService.getActivityOptions(ActivityManagerService.java:11038)
12-09 07:47:01.484 W/ActivityManager( 1591): 	at android.app.ActivityManagerNative.onTransact(ActivityManagerNative.java:1734)
12-09 07:47:01.484 W/ActivityManager( 1591): 	at com.android.server.am.ActivityManagerService.onTransact(ActivityManagerService.java:2443)
12-09 07:47:01.484 W/ActivityManager( 1591): 	at android.os.Binder.execTransact(Binder.java:453)
12-09 07:47:01.485 W/ActivityManager( 1591): Bad activity token: android.os.BinderProxy@4eeec92
12-09 07:47:01.485 W/ActivityManager( 1591): java.lang.ClassCastException: android.os.BinderProxy cannot be cast to com.android.server.am.ActivityRecord$Token
12-09 07:47:01.485 W/ActivityManager( 1591): 	at com.android.server.am.ActivityRecord.forTokenLocked(ActivityRecord.java:424)
12-09 07:47:01.485 W/ActivityManager( 1591): 	at com.android.server.am.ActivityRecord.isInStackLocked(ActivityRecord.java:1121)
12-09 07:47:01.485 W/ActivityManager( 1591): 	at com.android.server.am.ActivityManagerService.getActivityOptions(ActivityManagerService.java:11038)
12-09 07:47:01.485 W/ActivityManager( 1591): 	at android.app.ActivityManagerNative.onTransact(ActivityManagerNative.java:1734)
12-09 07:47:01.485 W/ActivityManager( 1591): 	at com.android.server.am.ActivityManagerService.onTransact(ActivityManagerService.java:2443)
12-09 07:47:01.485 W/ActivityManager( 1591): 	at android.os.Binder.execTransact(Binder.java:453)
12-09 07:47:01.531 I/System.out( 6398): result:{"bonusInformation":[],"message":"","success":true}
12-09 07:47:01.681 D/EGL_emulation( 1691): eglMakeCurrent: 0x7f85905a31e0: ver 2 0 (tinfo 0x7f859107efc0)
12-09 07:47:01.685 D/gralloc_ranchu( 1218): gralloc_alloc: Creating ashmem region of size 3686400
12-09 07:47:01.693 E/Surface ( 1691): getSlotFromBufferLocked: unknown buffer: 0x7f85905a3640
12-09 07:47:01.769 D/EGL_emulation( 1691): eglMakeCurrent: 0x7f85905a31e0: ver 2 0 (tinfo 0x7f859107efc0)
12-09 07:47:01.832 D/gralloc_ranchu( 1218): gralloc_alloc: Creating ashmem region of size 3686400
12-09 07:47:01.844 I/WindowManager( 1591): Screen frozen for +959ms due to Window{a2be706 u0 StatusBar}
12-09 07:47:03.078 D/gralloc_ranchu( 1218): gralloc_alloc: Creating ashmem region of size 3686400
12-09 07:47:03.761 E/SurfaceFlinger( 1218): ro.sf.lcd_density must be defined as a build property
12-09 07:47:03.762 D/gralloc_ranchu( 1218): gralloc_alloc: Creating ashmem region of size 3686400
12-09 07:47:03.802 D/        ( 6426): HostConnection::get() New Host Connection established 0x7f33a2c52480, tid 6426
12-09 07:47:03.825 E/EGL_emulation( 1218): tid 1218: eglCreateSyncKHR(1881): error 0x3004 (EGL_BAD_ATTRIBUTE)
12-09 07:47:04.083 I/art     ( 1591): Starting a blocking GC Explicit
12-09 07:47:04.128 I/art     ( 1591): Explicit concurrent mark sweep GC freed 25981(1929KB) AllocSpace objects, 12(240KB) LOS objects, 29% free, 9MB/13MB, paused 1.223ms total 42.908ms
12-09 07:47:04.431 I/System.out( 6398): URI: //
12-09 07:47:04.431 I/System.out( 6398): params: {json={"command":"set_activity_orientation","arguments":["portrait"]}
12-09 07:47:04.431 I/System.out( 6398): }
12-09 07:47:04.431 I/System.out( 6398): header: {date=Sun, 09 Dec 2018 07:47:04 GMT, accept=*/*, content-length=63, host=127.0.0.1:34777, user-agent=HTTPClient/1.0 (2.8.3, ruby 2.3.1 (2016-04-26)), content-type=application/json;charset=utf-8}
12-09 07:47:04.431 I/System.out( 6398): params: {json={"command":"set_activity_orientation","arguments":["portrait"]}
12-09 07:47:04.431 I/System.out( 6398): }
12-09 07:47:04.431 I/System.out( 6398): ProP json = {"command":"set_activity_orientation","arguments":["portrait"]}
12-09 07:47:04.431 I/System.out( 6398): files: {}
12-09 07:47:04.431 I/System.out( 6398): command: {"command":"set_activity_orientation","arguments":["portrait"]}
12-09 07:47:04.432 I/InstrumentationBackend( 6398): Got command:'Command:'Line:null,set_activity_orientation', arguments:'[portrait]'
12-09 07:47:04.450 D/gralloc_ranchu( 1218): gralloc_alloc: Creating ashmem region of size 3686400
12-09 07:47:04.634 E/EGL_emulation( 1218): tid 1218: eglCreateSyncKHR(1881): error 0x3004 (EGL_BAD_ATTRIBUTE)
12-09 07:47:04.850 I/ActivityManager( 1591): Config changes=480 {1.0 310mcc260mnc en_US ldltr sw720dp w720dp h1256dp 160dpi xlrg long port finger -keyb/v/h tball/v s.11}
12-09 07:47:05.019 W/art     ( 1591): Long monitor contention event with owner method=void com.android.server.wm.WindowManagerService.setNewConfiguration(android.content.res.Configuration) from WindowManagerService.java:4043 waiters=0 for 167ms
12-09 07:47:05.020 I/InputReader( 1591): Reconfiguring input devices.  changes=0x00000004
12-09 07:47:05.020 I/InputReader( 1591): Device reconfigured: id=0, name='qwerty2', size 720x1280, orientation 0, mode 1, display id 0
12-09 07:47:05.221 I/System.out( 6398): result:{"bonusInformation":[],"message":"","success":true}
12-09 07:47:05.262 I/calabash( 6398): newActivity1
12-09 07:47:05.264 I/calabash( 6398): newActivity1
12-09 07:47:05.276 W/ActivityManager( 1591): Bad activity token: android.os.BinderProxy@d8cad78
12-09 07:47:05.276 W/ActivityManager( 1591): java.lang.ClassCastException: android.os.BinderProxy cannot be cast to com.android.server.am.ActivityRecord$Token
12-09 07:47:05.276 W/ActivityManager( 1591): 	at com.android.server.am.ActivityRecord.forTokenLocked(ActivityRecord.java:424)
12-09 07:47:05.276 W/ActivityManager( 1591): 	at com.android.server.am.ActivityRecord.isInStackLocked(ActivityRecord.java:1121)
12-09 07:47:05.276 W/ActivityManager( 1591): 	at com.android.server.am.ActivityRecord.getStackLocked(ActivityRecord.java:1126)
12-09 07:47:05.276 W/ActivityManager( 1591): 	at com.android.server.am.ActivityManagerService.getActivityDisplayId(ActivityManagerService.java:8889)
12-09 07:47:05.276 W/ActivityManager( 1591): 	at android.app.ActivityManagerNative.onTransact(ActivityManagerNative.java:2338)
12-09 07:47:05.276 W/ActivityManager( 1591): 	at com.android.server.am.ActivityManagerService.onTransact(ActivityManagerService.java:2443)
12-09 07:47:05.276 W/ActivityManager( 1591): 	at android.os.Binder.execTransact(Binder.java:453)
12-09 07:47:05.277 W/ActivityManager( 1591): Bad activity token: android.os.BinderProxy@d8cad78
12-09 07:47:05.277 W/ActivityManager( 1591): java.lang.ClassCastException: android.os.BinderProxy cannot be cast to com.android.server.am.ActivityRecord$Token
12-09 07:47:05.277 W/ActivityManager( 1591): 	at com.android.server.am.ActivityRecord.forTokenLocked(ActivityRecord.java:424)
12-09 07:47:05.277 W/ActivityManager( 1591): 	at com.android.server.am.ActivityRecord.isInStackLocked(ActivityRecord.java:1121)
12-09 07:47:05.277 W/ActivityManager( 1591): 	at com.android.server.am.ActivityManagerService.setTaskDescription(ActivityManagerService.java:8547)
12-09 07:47:05.277 W/ActivityManager( 1591): 	at android.app.ActivityManagerNative.onTransact(ActivityManagerNative.java:2410)
12-09 07:47:05.277 W/ActivityManager( 1591): 	at com.android.server.am.ActivityManagerService.onTransact(ActivityManagerService.java:2443)
12-09 07:47:05.277 W/ActivityManager( 1591): 	at android.os.Binder.execTransact(Binder.java:453)
12-09 07:47:05.293 W/ActivityManager( 1591): Bad activity token: android.os.BinderProxy@d8cad78
12-09 07:47:05.293 W/ActivityManager( 1591): java.lang.ClassCastException: android.os.BinderProxy cannot be cast to com.android.server.am.ActivityRecord$Token
12-09 07:47:05.293 W/ActivityManager( 1591): 	at com.android.server.am.ActivityRecord.forTokenLocked(ActivityRecord.java:424)
12-09 07:47:05.293 W/ActivityManager( 1591): 	at com.android.server.am.ActivityRecord.isInStackLocked(ActivityRecord.java:1121)
12-09 07:47:05.293 W/ActivityManager( 1591): 	at com.android.server.am.ActivityManagerService.getActivityOptions(ActivityManagerService.java:11038)
12-09 07:47:05.293 W/ActivityManager( 1591): 	at android.app.ActivityManagerNative.onTransact(ActivityManagerNative.java:1734)
12-09 07:47:05.293 W/ActivityManager( 1591): 	at com.android.server.am.ActivityManagerService.onTransact(ActivityManagerService.java:2443)
12-09 07:47:05.293 W/ActivityManager( 1591): 	at android.os.Binder.execTransact(Binder.java:453)
12-09 07:47:05.293 W/ActivityManager( 1591): Bad activity token: android.os.BinderProxy@d8cad78
12-09 07:47:05.293 W/ActivityManager( 1591): java.lang.ClassCastException: android.os.BinderProxy cannot be cast to com.android.server.am.ActivityRecord$Token
12-09 07:47:05.293 W/ActivityManager( 1591): 	at com.android.server.am.ActivityRecord.forTokenLocked(ActivityRecord.java:424)
12-09 07:47:05.293 W/ActivityManager( 1591): 	at com.android.server.am.ActivityRecord.isInStackLocked(ActivityRecord.java:1121)
12-09 07:47:05.293 W/ActivityManager( 1591): 	at com.android.server.am.ActivityManagerService.getActivityOptions(ActivityManagerService.java:11038)
12-09 07:47:05.293 W/ActivityManager( 1591): 	at android.app.ActivityManagerNative.onTransact(ActivityManagerNative.java:1734)
12-09 07:47:05.293 W/ActivityManager( 1591): 	at com.android.server.am.ActivityManagerService.onTransact(ActivityManagerService.java:2443)
12-09 07:47:05.293 W/ActivityManager( 1591): 	at android.os.Binder.execTransact(Binder.java:453)
12-09 07:47:05.325 D/EGL_emulation( 1691): eglMakeCurrent: 0x7f85905a31e0: ver 2 0 (tinfo 0x7f859107efc0)
12-09 07:47:05.331 E/Surface ( 1691): getSlotFromBufferLocked: unknown buffer: 0x7f85905a5620
12-09 07:47:05.333 D/EGL_emulation( 1691): eglMakeCurrent: 0x7f85905a31e0: ver 2 0 (tinfo 0x7f859107efc0)
12-09 07:47:05.541 D/gralloc_ranchu( 1218): gralloc_alloc: Creating ashmem region of size 3686400
12-09 07:47:05.795 D/gralloc_ranchu( 1218): gralloc_alloc: Creating ashmem region of size 3686400
12-09 07:47:05.807 I/WindowManager( 1591): Screen frozen for +1s374ms due to Window{8d96cb6 u0 com.evancharlton.mileage/com.evancharlton.mileage.Mileage}
12-09 07:47:06.880 D/gralloc_ranchu( 1218): gralloc_alloc: Creating ashmem region of size 3686400
12-09 07:47:07.556 E/SurfaceFlinger( 1218): ro.sf.lcd_density must be defined as a build property
12-09 07:47:07.584 D/gralloc_ranchu( 1218): gralloc_alloc: Creating ashmem region of size 3686400
12-09 07:47:07.598 D/        ( 6432): HostConnection::get() New Host Connection established 0x7f842ad52480, tid 6432
12-09 07:47:07.653 E/EGL_emulation( 1218): tid 1218: eglCreateSyncKHR(1881): error 0x3004 (EGL_BAD_ATTRIBUTE)
12-09 07:47:07.977 I/art     ( 1591): Starting a blocking GC Explicit
12-09 07:47:08.016 I/art     ( 1591): Explicit concurrent mark sweep GC freed 5560(379KB) AllocSpace objects, 0(0B) LOS objects, 30% free, 9MB/13MB, paused 1.093ms total 38.523ms
