--------- beginning of main
12-09 07:49:49.377 D/gralloc_ranchu( 1224): gralloc_alloc: Creating ashmem region of size 708608
12-09 07:49:49.399 E/EGL_emulation( 1224): tid 1224: eglCreateSyncKHR(1881): error 0x3004 (EGL_BAD_ATTRIBUTE)
--------- beginning of system
12-09 07:49:49.521 W/ActivityManager( 1592): Finishing task with all activities already finished
12-09 07:49:49.521 W/ActivityManager( 1592): Duplicate finish request for ActivityRecord{6e35d5c u0 com.evancharlton.mileage/.Mileage t362 f}
12-09 07:49:49.527 W/ActivityManager( 1592): Finishing task with all activities already finished
12-09 07:49:49.527 W/ActivityManager( 1592): Duplicate finish request for ActivityRecord{6e35d5c u0 com.evancharlton.mileage/.Mileage t362 f}
12-09 07:49:49.527 W/ActivityManager( 1592): Finishing task with all activities already finished
12-09 07:49:49.527 W/ActivityManager( 1592): Duplicate finish request for ActivityRecord{6e35d5c u0 com.evancharlton.mileage/.Mileage t362 f}
12-09 07:49:49.576 I/art     ( 1592): Background partial concurrent mark sweep GC freed 10992(774KB) AllocSpace objects, 6(116KB) LOS objects, 30% free, 9MB/13MB, paused 4.937ms total 132.520ms
12-09 07:49:49.806 D/EGL_emulation( 1930): eglMakeCurrent: 0x7f49d5735040: ver 2 0 (tinfo 0x7f49d13fe020)
12-09 07:49:50.070 D/AndroidRuntime( 7619): >>>>>> START com.android.internal.os.RuntimeInit uid 0 <<<<<<
12-09 07:49:50.084 D/AndroidRuntime( 7619): CheckJNI is ON
12-09 07:49:50.133 D/ICU     ( 7619): No timezone override file found: /data/misc/zoneinfo/current/icu/icu_tzdata.dat
12-09 07:49:50.276 E/memtrack( 7619): Couldn't load memtrack module (No such file or directory)
12-09 07:49:50.282 E/android.os.Debug( 7619): failed to load memtrack module: -2
12-09 07:49:50.284 I/Radio-JNI( 7619): register_android_hardware_Radio DONE
12-09 07:49:50.309 D/AndroidRuntime( 7619): Calling main entry com.android.commands.am.Am
12-09 07:49:50.359 I/ActivityManager( 1592): Force stopping com.evancharlton.mileage appid=10121 user=0: start instr
12-09 07:49:50.360 I/ActivityManager( 1592): Killing 7557:com.evancharlton.mileage/u0a121 (adj 0): stop com.evancharlton.mileage
12-09 07:49:50.462 W/ActivityManager( 1592): Crash of app com.evancharlton.mileage running instrumentation ComponentInfo{com.evancharlton.mileage.test/sh.calaba.instrumentationbackend.CalabashInstrumentationTestRunner}
12-09 07:49:50.462 I/ActivityManager( 1592): Force stopping com.evancharlton.mileage appid=10121 user=0: finished inst
12-09 07:49:50.921 W/art     ( 1592): Long monitor contention event with owner method=void com.android.server.wm.WindowAnimator$1.doFrame(long) from WindowAnimator.java:121 waiters=1 for 193ms
12-09 07:49:51.071 W/art     ( 1592): Long monitor contention event with owner method=void com.android.server.wm.WindowAnimator$1.doFrame(long) from WindowAnimator.java:121 waiters=1 for 263ms
12-09 07:49:51.159 W/art     ( 1592): Long monitor contention event with owner method=void com.android.server.wm.WindowAnimator$1.doFrame(long) from WindowAnimator.java:121 waiters=1 for 216ms
12-09 07:49:51.159 I/WindowState( 1592): WIN DEATH: Window{6df3592 u0 com.evancharlton.mileage/com.evancharlton.mileage.Mileage EXITING}
12-09 07:49:51.189 I/ActivityManager( 1592): Start proc 7628:com.evancharlton.mileage/u0a121 for added application com.evancharlton.mileage
12-09 07:49:51.189 W/art     ( 1592): Long monitor contention event with owner method=boolean com.android.server.am.ActivityManagerService.startInstrumentation(android.content.ComponentName, java.lang.String, int, android.os.Bundle, android.app.IInstrumentationWatcher, android.app.IUiAutomationConnection, int, java.lang.String) from ActivityManagerService.java:17066 waiters=0 for 829ms
12-09 07:49:51.190 D/AndroidRuntime( 7619): Shutting down VM
12-09 07:49:51.195 W/art     ( 1592): Long monitor contention event with owner method=boolean com.android.server.am.ActivityManagerService.startInstrumentation(android.content.ComponentName, java.lang.String, int, android.os.Bundle, android.app.IInstrumentationWatcher, android.app.IUiAutomationConnection, int, java.lang.String) from ActivityManagerService.java:17066 waiters=1 for 809ms
12-09 07:49:51.196 W/InputMethodManagerService( 1592): Got RemoteException sending setActive(false) notification to pid 7557 uid 10121
12-09 07:49:51.196 W/art     ( 1592): Long monitor contention event with owner method=boolean com.android.server.am.ActivityManagerService.startInstrumentation(android.content.ComponentName, java.lang.String, int, android.os.Bundle, android.app.IInstrumentationWatcher, android.app.IUiAutomationConnection, int, java.lang.String) from ActivityManagerService.java:17066 waiters=2 for 685ms
12-09 07:49:51.427 W/art     ( 1592): Long monitor contention event with owner method=void com.android.server.wm.WindowAnimator$1.doFrame(long) from WindowAnimator.java:121 waiters=1 for 212ms
12-09 07:49:51.521 W/art     ( 1592): Long monitor contention event with owner method=void com.android.server.wm.WindowAnimator$1.doFrame(long) from WindowAnimator.java:121 waiters=1 for 253ms
12-09 07:49:51.680 W/art     ( 1592): Long monitor contention event with owner method=void com.android.server.wm.WindowAnimator$1.doFrame(long) from WindowAnimator.java:121 waiters=1 for 253ms
12-09 07:49:51.908 W/art     ( 1592): Long monitor contention event with owner method=void com.android.server.wm.WindowAnimator$1.doFrame(long) from WindowAnimator.java:121 waiters=1 for 121ms
12-09 07:49:51.908 W/art     ( 1592): Long monitor contention event with owner method=java.util.List com.android.server.am.ActivityManagerService.getAllStackInfos() from ActivityManagerService.java:8937 waiters=0 for 690ms
12-09 07:49:51.919 W/art     ( 1592): Long monitor contention event with owner method=com.android.internal.view.InputBindResult com.android.server.InputMethodManagerService.windowGainedFocus(com.android.internal.view.IInputMethodClient, android.os.IBinder, int, int, int, android.view.inputmethod.EditorInfo, com.android.internal.view.IInputContext) from InputMethodManagerService.java:2177 waiters=0 for 1.533s
12-09 07:49:51.920 W/art     ( 1592): Long monitor contention event with owner method=com.android.internal.view.InputBindResult com.android.server.InputMethodManagerService.windowGainedFocus(com.android.internal.view.IInputMethodClient, android.os.IBinder, int, int, int, android.view.inputmethod.EditorInfo, com.android.internal.view.IInputContext) from InputMethodManagerService.java:2177 waiters=1 for 1.457s
12-09 07:49:51.921 I/Choreographer( 1930): Skipped 117 frames!  The application may be doing too much work on its main thread.
12-09 07:49:52.088 W/art     ( 1592): Long monitor contention event with owner method=java.util.List com.android.server.am.ActivityManagerService.getAllStackInfos() from ActivityManagerService.java:8937 waiters=1 for 858ms
12-09 07:49:52.088 W/art     ( 1592): Long monitor contention event with owner method=java.util.List com.android.server.am.ActivityManagerService.getAllStackInfos() from ActivityManagerService.java:8937 waiters=2 for 385ms
12-09 07:49:52.122 W/System  ( 7628): ClassLoader referenced unknown path: /data/app/com.evancharlton.mileage.test-1/lib/x86_64
12-09 07:49:52.131 W/System  ( 7628): ClassLoader referenced unknown path: /data/app/com.evancharlton.mileage-1/lib/x86_64
12-09 07:49:52.135 I/art     ( 3082): Background partial concurrent mark sweep GC freed 2785(130KB) AllocSpace objects, 0(0B) LOS objects, 39% free, 3MB/6MB, paused 9.716ms total 36.175ms
12-09 07:49:52.152 D/EGL_emulation( 1857): eglMakeCurrent: 0x7f49c97c9f00: ver 2 0 (tinfo 0x7f49d13f6600)
12-09 07:49:52.177 E/Surface ( 1857): getSlotFromBufferLocked: unknown buffer: 0x7f49d1a8bf40
12-09 07:49:52.250 I/art     ( 7628): Background sticky concurrent mark sweep GC freed 28832(1081KB) AllocSpace objects, 0(0B) LOS objects, 82% free, 662KB/3MB, paused 6.571ms total 115.377ms
12-09 07:49:52.257 I/System.out( 7628): Main activity name automatically set to: com.evancharlton.mileage.Mileage
12-09 07:49:52.257 I/System.out( 7628): Calabash did not load Mono. This is only a problem if you are trying to test a Mono application
12-09 07:49:52.257 I/calabash( 7628): Test server port: 7102
12-09 07:49:52.258 I/InstrumentationBackend( 7628): Added:'GetPreferences', with key:'get_preferences'
12-09 07:49:52.341 I/InstrumentationBackend( 7628): Added:'SetPreferences', with key:'set_preferences'
12-09 07:49:52.351 W/art     ( 1592): Long monitor contention event with owner method=void com.android.server.wm.WindowAnimator$1.doFrame(long) from WindowAnimator.java:121 waiters=0 for 131ms
12-09 07:49:52.360 I/InstrumentationBackend( 7628): Added:'ClearPreferences', with key:'clear_preferences'
12-09 07:49:52.360 I/InstrumentationBackend( 7628): Added:'PressElement', with key:'press_l10n_element'
12-09 07:49:52.360 I/InstrumentationBackend( 7628): Added:'WaitForElement', with key:'wait_for_l10n_element'
12-09 07:49:52.361 I/InstrumentationBackend( 7628): Added:'NullAction', with key:'nullAction'
12-09 07:49:52.361 I/InstrumentationBackend( 7628): Added:'PressKey', with key:'press_key'
12-09 07:49:52.361 I/InstrumentationBackend( 7628): Added:'SetActivityOrientation', with key:'set_activity_orientation'
12-09 07:49:52.361 I/InstrumentationBackend( 7628): Added:'GetActivityOrientation', with key:'get_activity_orientation'
12-09 07:49:52.361 I/InstrumentationBackend( 7628): Added:'FakeGPSLocation', with key:'set_gps_coordinates'
12-09 07:49:52.365 I/InstrumentationBackend( 7628): Added:'SetPropertyByCssSelector', with key:'set_property_by_css_selector'
12-09 07:49:52.371 I/InstrumentationBackend( 7628): Added:'GetUrl', with key:'get_url'
12-09 07:49:52.372 I/InstrumentationBackend( 7628): Added:'ScrollTo', with key:'scroll_to'
12-09 07:49:52.372 I/InstrumentationBackend( 7628): Added:'GetLoadProgress', with key:'get_load_progress'
12-09 07:49:52.372 I/InstrumentationBackend( 7628): Added:'DumpHtml', with key:'dump_html'
12-09 07:49:52.372 I/InstrumentationBackend( 7628): Added:'DumpBodyHtml', with key:'dump_body_html'
12-09 07:49:52.372 I/InstrumentationBackend( 7628): Added:'EnterTextByCssSelector', with key:'enter_text_by_selector'
12-09 07:49:52.373 I/InstrumentationBackend( 7628): Added:'AndroidSDKVersion', with key:'android_sdk_version'
12-09 07:49:52.374 I/InstrumentationBackend( 7628): Added:'Version', with key:'version'
12-09 07:49:52.374 I/InstrumentationBackend( 7628): Added:'Drag', with key:'drag'
12-09 07:49:52.374 I/InstrumentationBackend( 7628): Added:'TouchCoordinates', with key:'touch_coordinate'
12-09 07:49:52.374 I/InstrumentationBackend( 7628): Added:'LongPressCoordinate', with key:'long_press_coordinate'
12-09 07:49:52.374 I/InstrumentationBackend( 7628): Added:'DragCoordinates', with key:'drag_coordinates'
12-09 07:49:52.379 I/InstrumentationBackend( 7628): Added:'ResumeApplication', with key:'resume_application'
12-09 07:49:52.380 I/InstrumentationBackend( 7628): Added:'Swipe', with key:'swipe'
12-09 07:49:52.380 I/InstrumentationBackend( 7628): Added:'DoubleTapCoordinate', with key:'double_tap_coordinate'
12-09 07:49:52.380 I/InstrumentationBackend( 7628): Added:'ClickOnScreen', with key:'click_on_screen'
12-09 07:49:52.380 I/InstrumentationBackend( 7628): Added:'GetActivityName', with key:'get_activity_name'
12-09 07:49:52.380 I/InstrumentationBackend( 7628): Added:'ScrollToView', with key:'scroll_to_view'
12-09 07:49:52.381 I/InstrumentationBackend( 7628): Added:'ViewConfiguration', with key:'view_configuration'
12-09 07:49:52.381 I/InstrumentationBackend( 7628): Added:'IsCurrentActivityFocused', with key:'is_current_activity_focused'
12-09 07:49:52.381 I/InstrumentationBackend( 7628): Added:'SendTcp', with key:'send_tcp'
12-09 07:49:52.381 I/InstrumentationBackend( 7628): Added:'DpToDevicePixel', with key:'dp_to_device_pixel'
12-09 07:49:52.382 I/InstrumentationBackend( 7628): Added:'KeyboardEnterText', with key:'keyboard_enter_text'
12-09 07:49:52.382 I/InstrumentationBackend( 7628): Added:'DeleteSurroundingText', with key:'delete_surrounding_text'
12-09 07:49:52.382 I/InstrumentationBackend( 7628): Added:'SetComposingRegion', with key:'set_composing_region'
12-09 07:49:52.391 I/InstrumentationBackend( 7628): Added:'SetSelection', with key:'set_selection'
12-09 07:49:52.428 I/InstrumentationBackend( 7628): Added:'KeyboardKeyEvent', with key:'keyboard_key_event'
12-09 07:49:52.428 I/InstrumentationBackend( 7628): Added:'PressUserActionButton', with key:'press_user_action_button'
12-09 07:49:52.429 I/InstrumentationBackend( 7628): Added:'HideSoftKeyboard', with key:'hide_soft_keyboard'
12-09 07:49:52.429 I/InstrumentationBackend( 7628): Added:'ListActions', with key:'list_actions'
12-09 07:49:52.429 I/calabash( 7628): Instantiating http server at 7102
12-09 07:49:52.430 I/System.out( 7628): HTTP Daemon listening on: 7102
12-09 07:49:52.504 W/art     ( 1592): Long monitor contention event with owner method=void com.android.server.wm.WindowAnimator$1.doFrame(long) from WindowAnimator.java:121 waiters=1 for 281ms
12-09 07:49:52.520 I/System.out( 7628): URI: //ping
12-09 07:49:52.520 I/System.out( 7628): params: {json={}
12-09 07:49:52.520 I/System.out( 7628): }
12-09 07:49:52.560 I/System.out( 7628): URI: //ping
12-09 07:49:52.560 I/System.out( 7628): params: {json={}
12-09 07:49:52.560 I/System.out( 7628): }
12-09 07:49:52.617 I/System.out( 7628): URI: //ready
12-09 07:49:52.617 I/System.out( 7628): params: {json={}
12-09 07:49:52.617 I/System.out( 7628): }
12-09 07:49:52.676 I/System.out( 7628): URI: //
12-09 07:49:52.676 I/System.out( 7628): params: {json={"command":"version","arguments":[]}
12-09 07:49:52.676 I/System.out( 7628): }
12-09 07:49:52.677 I/System.out( 7628): header: {date=Sun, 09 Dec 2018 07:49:53 GMT, accept=*/*, content-length=36, host=127.0.0.1:34777, user-agent=HTTPClient/1.0 (2.8.3, ruby 2.3.1 (2016-04-26)), content-type=application/json;charset=utf-8}
12-09 07:49:52.677 I/System.out( 7628): params: {json={"command":"version","arguments":[]}
12-09 07:49:52.677 I/System.out( 7628): }
12-09 07:49:52.677 I/System.out( 7628): ProP json = {"command":"version","arguments":[]}
12-09 07:49:52.677 I/System.out( 7628): files: {}
12-09 07:49:52.677 I/System.out( 7628): command: {"command":"version","arguments":[]}
12-09 07:49:52.702 I/InstrumentationBackend( 7628): Got command:'Command:'Line:null,version', arguments:'[]'
12-09 07:49:52.785 I/System.out( 7628): result:{"bonusInformation":[],"message":"0.9.8","success":true}
12-09 07:49:52.817 I/Choreographer( 1930): Skipped 52 frames!  The application may be doing too much work on its main thread.
12-09 07:49:52.864 I/System.out( 7628): URI: //start-application
12-09 07:49:52.865 I/System.out( 7628): params: {json={"intent":null}
12-09 07:49:52.865 I/System.out( 7628): }
12-09 07:49:52.984 W/OpenGLRenderer( 1930): Incorrectly called buildLayer on View: ShortcutAndWidgetContainer, destroying layer...
12-09 07:49:53.172 I/ActivityManager( 1592): START u0 {act=android.intent.action.MAIN cat=[android.intent.category.LAUNCHER] flg=0x10200000 cmp=com.evancharlton.mileage/.Mileage} from uid 10121 on display 0
12-09 07:49:53.367 W/WindowState( 1592): Failed to report 'resized' to the client of Window{6df3592 u0 com.evancharlton.mileage/com.evancharlton.mileage.Mileage EXITING}, removing this window.
12-09 07:49:53.370 W/art     ( 1592): Long monitor contention event with owner method=void com.android.server.wm.WindowManagerService.attachStack(int, int) from WindowManagerService.java:5157 waiters=0 for 197ms
12-09 07:49:53.433 E/WindowState( 1592): getStack: Window{6df3592 u0 com.evancharlton.mileage/com.evancharlton.mileage.Mileage EXITING} couldn't find task for AppWindowToken{97eb93a token=Token{668f865 ActivityRecord{6e35d5c u0 com.evancharlton.mileage/.Mileage t362}}} Callers=com.android.server.wm.WindowState.getDisplayContent:847 com.android.server.wm.WindowState.getWindowList:1457 com.android.server.wm.WindowManagerService.findDesiredInputMethodWindowIndexLocked:1464 com.android.server.wm.WindowManagerService.moveInputMethodWindowsIfNeededLocked:1684 
12-09 07:49:53.556 I/calabash( 7628): newActivity1
12-09 07:49:53.597 I/calabash( 7628): newActivity1
12-09 07:49:53.598 W/ActivityManager( 1592): Bad activity token: android.os.BinderProxy@3c45e3e
12-09 07:49:53.598 W/ActivityManager( 1592): java.lang.ClassCastException: android.os.BinderProxy cannot be cast to com.android.server.am.ActivityRecord$Token
12-09 07:49:53.598 W/ActivityManager( 1592): 	at com.android.server.am.ActivityRecord.forTokenLocked(ActivityRecord.java:424)
12-09 07:49:53.598 W/ActivityManager( 1592): 	at com.android.server.am.ActivityRecord.isInStackLocked(ActivityRecord.java:1121)
12-09 07:49:53.598 W/ActivityManager( 1592): 	at com.android.server.am.ActivityRecord.getStackLocked(ActivityRecord.java:1126)
12-09 07:49:53.598 W/ActivityManager( 1592): 	at com.android.server.am.ActivityManagerService.getActivityDisplayId(ActivityManagerService.java:8889)
12-09 07:49:53.598 W/ActivityManager( 1592): 	at android.app.ActivityManagerNative.onTransact(ActivityManagerNative.java:2338)
12-09 07:49:53.598 W/ActivityManager( 1592): 	at com.android.server.am.ActivityManagerService.onTransact(ActivityManagerService.java:2443)
12-09 07:49:53.598 W/ActivityManager( 1592): 	at android.os.Binder.execTransact(Binder.java:453)
12-09 07:49:53.672 W/ActivityManager( 1592): Bad activity token: android.os.BinderProxy@3c45e3e
12-09 07:49:53.672 W/ActivityManager( 1592): java.lang.ClassCastException: android.os.BinderProxy cannot be cast to com.android.server.am.ActivityRecord$Token
12-09 07:49:53.672 W/ActivityManager( 1592): 	at com.android.server.am.ActivityRecord.forTokenLocked(ActivityRecord.java:424)
12-09 07:49:53.672 W/ActivityManager( 1592): 	at com.android.server.am.ActivityRecord.isInStackLocked(ActivityRecord.java:1121)
12-09 07:49:53.672 W/ActivityManager( 1592): 	at com.android.server.am.ActivityManagerService.setTaskDescription(ActivityManagerService.java:8547)
12-09 07:49:53.672 W/ActivityManager( 1592): 	at android.app.ActivityManagerNative.onTransact(ActivityManagerNative.java:2410)
12-09 07:49:53.672 W/ActivityManager( 1592): 	at com.android.server.am.ActivityManagerService.onTransact(ActivityManagerService.java:2443)
12-09 07:49:53.672 W/ActivityManager( 1592): 	at android.os.Binder.execTransact(Binder.java:453)
12-09 07:49:53.703 D/gralloc_ranchu( 1224): gralloc_alloc: Creating ashmem region of size 3686400
12-09 07:49:53.931 W/ActivityManager( 1592): Bad activity token: android.os.BinderProxy@3c45e3e
12-09 07:49:53.931 W/ActivityManager( 1592): java.lang.ClassCastException: android.os.BinderProxy cannot be cast to com.android.server.am.ActivityRecord$Token
12-09 07:49:53.931 W/ActivityManager( 1592): 	at com.android.server.am.ActivityRecord.forTokenLocked(ActivityRecord.java:424)
12-09 07:49:53.931 W/ActivityManager( 1592): 	at com.android.server.am.ActivityRecord.isInStackLocked(ActivityRecord.java:1121)
12-09 07:49:53.931 W/ActivityManager( 1592): 	at com.android.server.am.ActivityManagerService.getActivityOptions(ActivityManagerService.java:11038)
12-09 07:49:53.931 W/ActivityManager( 1592): 	at android.app.ActivityManagerNative.onTransact(ActivityManagerNative.java:1734)
12-09 07:49:53.931 W/ActivityManager( 1592): 	at com.android.server.am.ActivityManagerService.onTransact(ActivityManagerService.java:2443)
12-09 07:49:53.931 W/ActivityManager( 1592): 	at android.os.Binder.execTransact(Binder.java:453)
12-09 07:49:53.947 W/ActivityManager( 1592): Bad activity token: android.os.BinderProxy@3c45e3e
12-09 07:49:53.947 W/ActivityManager( 1592): java.lang.ClassCastException: android.os.BinderProxy cannot be cast to com.android.server.am.ActivityRecord$Token
12-09 07:49:53.947 W/ActivityManager( 1592): 	at com.android.server.am.ActivityRecord.forTokenLocked(ActivityRecord.java:424)
12-09 07:49:53.947 W/ActivityManager( 1592): 	at com.android.server.am.ActivityRecord.isInStackLocked(ActivityRecord.java:1121)
12-09 07:49:53.947 W/ActivityManager( 1592): 	at com.android.server.am.ActivityManagerService.getActivityOptions(ActivityManagerService.java:11038)
12-09 07:49:53.947 W/ActivityManager( 1592): 	at android.app.ActivityManagerNative.onTransact(ActivityManagerNative.java:1734)
12-09 07:49:53.947 W/ActivityManager( 1592): 	at com.android.server.am.ActivityManagerService.onTransact(ActivityManagerService.java:2443)
12-09 07:49:53.947 W/ActivityManager( 1592): 	at android.os.Binder.execTransact(Binder.java:453)
12-09 07:49:54.164 D/EGL_emulation( 1930): eglMakeCurrent: 0x7f49d5735040: ver 2 0 (tinfo 0x7f49d13fe020)
12-09 07:49:54.201 E/Surface ( 1930): getSlotFromBufferLocked: unknown buffer: 0x7f49d1a962e0
12-09 07:49:54.203 V/PhoneStatusBar( 3082): setLightsOn(true)
12-09 07:49:54.406 D/gralloc_ranchu( 1224): gralloc_alloc: Creating ashmem region of size 3686400
12-09 07:49:54.480 D/        ( 7628): HostConnection::get() New Host Connection established 0x7f49d1afcf20, tid 7628
12-09 07:49:54.878 W/art     ( 1592): Long monitor contention event with owner method=void com.android.server.wm.WindowAnimator$1.doFrame(long) from WindowAnimator.java:121 waiters=1 for 104ms
12-09 07:49:54.983 W/art     ( 1592): Long monitor contention event with owner method=void com.android.server.wm.WindowManagerService$H.handleMessage(android.os.Message) from WindowManagerService.java:7820 waiters=1 for 106ms
12-09 07:49:55.115 W/art     ( 1592): Long monitor contention event with owner method=void com.android.server.wm.WindowAnimator$1.doFrame(long) from WindowAnimator.java:121 waiters=1 for 237ms
12-09 07:49:55.125 W/art     ( 1592): Long monitor contention event with owner method=java.util.List com.android.server.am.ActivityManagerService.getAllStackInfos() from ActivityManagerService.java:8937 waiters=0 for 172ms
12-09 07:49:55.139 I/ActivityManager( 1592): Displayed com.evancharlton.mileage/.Mileage: +1s683ms
12-09 07:49:55.140 I/Choreographer( 3082): Skipped 32 frames!  The application may be doing too much work on its main thread.
12-09 07:49:55.152 D/gralloc_ranchu( 1224): gralloc_alloc: Creating ashmem region of size 3686400
12-09 07:49:55.728 D/gralloc_ranchu( 1224): gralloc_alloc: Creating ashmem region of size 3686400
12-09 07:49:56.203 W/art     ( 7628): Suspending all threads took: 6.188ms
12-09 07:49:56.243 I/art     ( 7628): Background partial concurrent mark sweep GC freed 2147(147KB) AllocSpace objects, 0(0B) LOS objects, 40% free, 1890KB/3MB, paused 13.865ms total 56.841ms
12-09 07:49:57.306 I/System.out( 7628): URI: //map
12-09 07:49:57.306 I/System.out( 7628): params: {json={"query":"android.widget.EditText id:'price'","operation":{"method_name":"query","arguments":[]}}
12-09 07:49:57.306 I/System.out( 7628): }
12-09 07:49:57.385 W/ResourceType( 7628): No package identifier when getting name for resource number 0x00000001
12-09 07:49:57.616 I/art     ( 7628): Background sticky concurrent mark sweep GC freed 32791(1530KB) AllocSpace objects, 0(0B) LOS objects, 26% free, 2MB/3MB, paused 1.231ms total 204.658ms
12-09 07:49:57.660 I/System.out( 7628): URI: //gesture
12-09 07:49:57.660 I/System.out( 7628): params: {json={"query_timeout":5.0,"gestures":[{"query_string":"android.widget.EditText id:'price'","touches":[{"x":50,"y":50,"offset_x":0,"offset_y":0,"wait":0.0,"time":0.2,"release":true,"query_string":null}]}]}
12-09 07:49:57.660 I/System.out( 7628): }
12-09 07:49:57.700 W/ResourceType( 7628): No package identifier when getting name for resource number 0x00000001
12-09 07:49:57.882 I/art     ( 7628): Background partial concurrent mark sweep GC freed 16667(792KB) AllocSpace objects, 4(80KB) LOS objects, 39% free, 2MB/3MB, paused 1.214ms total 139.952ms
12-09 07:49:58.249 I/LatinIME( 1857): Starting input. Cursor position = 0,0
12-09 07:49:58.592 D/EGL_emulation( 1857): eglMakeCurrent: 0x7f49c97c9f00: ver 2 0 (tinfo 0x7f49d13f6600)
12-09 07:49:58.921 I/System.out( 7628): URI: //
12-09 07:49:58.921 I/System.out( 7628): params: {json={"command":"set_selection","arguments":[-1,-1]}
12-09 07:49:58.921 I/System.out( 7628): }
12-09 07:49:58.921 I/System.out( 7628): header: {date=Sun, 09 Dec 2018 07:49:59 GMT, accept=*/*, content-length=47, host=127.0.0.1:34777, user-agent=HTTPClient/1.0 (2.8.3, ruby 2.3.1 (2016-04-26)), content-type=application/json;charset=utf-8}
12-09 07:49:58.921 I/System.out( 7628): params: {json={"command":"set_selection","arguments":[-1,-1]}
12-09 07:49:58.921 I/System.out( 7628): }
12-09 07:49:58.921 I/System.out( 7628): ProP json = {"command":"set_selection","arguments":[-1,-1]}
12-09 07:49:58.921 I/System.out( 7628): files: {}
12-09 07:49:58.921 I/System.out( 7628): command: {"command":"set_selection","arguments":[-1,-1]}
12-09 07:49:58.922 I/InstrumentationBackend( 7628): Got command:'Command:'Line:null,set_selection', arguments:'[-1, -1]'
12-09 07:49:58.989 I/System.out( 7628): result:{"bonusInformation":[],"message":"","success":true}
12-09 07:49:59.167 I/System.out( 7628): URI: //
12-09 07:49:59.167 I/System.out( 7628): params: {json={"command":"keyboard_enter_text","arguments":["000"]}
12-09 07:49:59.167 I/System.out( 7628): }
12-09 07:49:59.167 I/System.out( 7628): header: {date=Sun, 09 Dec 2018 07:49:59 GMT, accept=*/*, content-length=53, host=127.0.0.1:34777, user-agent=HTTPClient/1.0 (2.8.3, ruby 2.3.1 (2016-04-26)), content-type=application/json;charset=utf-8}
12-09 07:49:59.167 I/System.out( 7628): params: {json={"command":"keyboard_enter_text","arguments":["000"]}
12-09 07:49:59.168 I/System.out( 7628): }
12-09 07:49:59.168 I/System.out( 7628): ProP json = {"command":"keyboard_enter_text","arguments":["000"]}
12-09 07:49:59.168 I/System.out( 7628): files: {}
12-09 07:49:59.168 I/System.out( 7628): command: {"command":"keyboard_enter_text","arguments":["000"]}
12-09 07:49:59.169 I/InstrumentationBackend( 7628): Got command:'Command:'Line:null,keyboard_enter_text', arguments:'[000]'
12-09 07:49:59.169 E/SpannableStringBuilder( 7628): SPAN_EXCLUSIVE_EXCLUSIVE spans cannot have a zero length
12-09 07:49:59.169 E/SpannableStringBuilder( 7628): SPAN_EXCLUSIVE_EXCLUSIVE spans cannot have a zero length
12-09 07:49:59.288 D/hwcomposer( 1224): hw_composer sent 607 syncs in 60s
12-09 07:49:59.481 E/SpannableStringBuilder( 7628): SPAN_EXCLUSIVE_EXCLUSIVE spans cannot have a zero length
12-09 07:49:59.481 E/SpannableStringBuilder( 7628): SPAN_EXCLUSIVE_EXCLUSIVE spans cannot have a zero length
12-09 07:49:59.542 I/System.out( 7628): result:{"bonusInformation":[],"message":"","success":true}
12-09 07:49:59.692 I/System.out( 7628): URI: //map
12-09 07:49:59.692 I/System.out( 7628): params: {json={"query":"android.widget.Button index:2","operation":{"method_name":"query","arguments":[]}}
12-09 07:49:59.692 I/System.out( 7628): }
12-09 07:49:59.732 I/art     ( 7628): Background sticky concurrent mark sweep GC freed 28057(1339KB) AllocSpace objects, 8(160KB) LOS objects, 16% free, 2MB/3MB, paused 4.176ms total 171.215ms
12-09 07:49:59.953 I/System.out( 7628): URI: //gesture
12-09 07:49:59.953 I/System.out( 7628): params: {json={"query_timeout":5.0,"gestures":[{"query_string":"android.widget.Button index:2","touches":[{"x":50,"y":50,"offset_x":0,"offset_y":0,"wait":0.0,"time":0.2,"release":true,"query_string":null}]}]}
12-09 07:49:59.953 I/System.out( 7628): }
12-09 07:50:00.526 W/audio_hw_generic( 1309): Hardware backing HAL too slow, could only write 0 of 661 frames
12-09 07:50:00.574 I/LatinIME( 1857): Starting input. Cursor position = 0,0
12-09 07:50:00.736 W/audio_hw_generic( 1309): Not supplying enough data to HAL, expected position 10660650 , only wrote 10660608
12-09 07:50:01.017 D/gralloc_ranchu( 1224): gralloc_alloc: Creating ashmem region of size 45056
12-09 07:50:01.107 W/audio_hw_generic( 1309): Hardware backing HAL too slow, could only write 0 of 661 frames
12-09 07:50:01.135 W/audio_hw_generic( 1309): Hardware backing HAL too slow, could only write 0 of 661 frames
12-09 07:50:01.150 W/audio_hw_generic( 1309): Hardware backing HAL too slow, could only write 0 of 661 frames
12-09 07:50:01.153 E/SurfaceFlinger( 1224): ro.sf.lcd_density must be defined as a build property
12-09 07:50:01.165 W/audio_hw_generic( 1309): Hardware backing HAL too slow, could only write 0 of 661 frames
12-09 07:50:01.181 W/audio_hw_generic( 1309): Hardware backing HAL too slow, could only write 0 of 661 frames
12-09 07:50:01.272 D/gralloc_ranchu( 1224): gralloc_alloc: Creating ashmem region of size 3686400
12-09 07:50:01.309 D/        ( 7662): HostConnection::get() New Host Connection established 0x7f79e3412480, tid 7662
12-09 07:50:01.340 E/EGL_emulation( 1224): tid 1224: eglCreateSyncKHR(1881): error 0x3004 (EGL_BAD_ATTRIBUTE)
12-09 07:50:01.445 W/art     ( 1592): Long monitor contention event with owner method=void com.android.server.wm.WindowAnimator$1.doFrame(long) from WindowAnimator.java:121 waiters=0 for 313ms
12-09 07:50:01.532 W/audio_hw_generic( 1309): Not supplying enough data to HAL, expected position 10695701 , only wrote 10693658
12-09 07:50:01.603 W/audio_hw_generic( 1309): Hardware backing HAL too slow, could only write 0 of 661 frames
12-09 07:50:01.624 W/audio_hw_generic( 1309): Hardware backing HAL too slow, could only write 0 of 661 frames
12-09 07:50:01.634 W/audio_hw_generic( 1309): Hardware backing HAL too slow, could only write 0 of 661 frames
12-09 07:50:01.711 W/audio_hw_generic( 1309): Hardware backing HAL too slow, could only write 0 of 661 frames
12-09 07:50:01.723 W/audio_hw_generic( 1309): Hardware backing HAL too slow, could only write 0 of 661 frames
12-09 07:50:01.747 W/audio_hw_generic( 1309): Hardware backing HAL too slow, could only write 0 of 661 frames
12-09 07:50:02.000 W/audio_hw_generic( 1309): Not supplying enough data to HAL, expected position 10714310 , only wrote 10714149
12-09 07:50:02.112 W/audio_hw_generic( 1309): Not supplying enough data to HAL, expected position 10719064 , only wrote 10717454
12-09 07:50:02.193 I/Choreographer( 1857): Skipped 99 frames!  The application may be doing too much work on its main thread.
12-09 07:50:02.372 W/audio_hw_generic( 1309): Not supplying enough data to HAL, expected position 10728913 , only wrote 10728691
12-09 07:50:02.411 W/audio_hw_generic( 1309): Hardware backing HAL too slow, could only write 0 of 661 frames
12-09 07:50:02.420 I/System.out( 7628): URI: //map
12-09 07:50:02.420 I/System.out( 7628): params: {json={"query":"android.widget.EditText id:'volume'","operation":{"method_name":"query","arguments":[]}}
12-09 07:50:02.420 I/System.out( 7628): }
12-09 07:50:02.524 W/ResourceType( 7628): No package identifier when getting name for resource number 0x00000001
12-09 07:50:02.719 W/audio_hw_generic( 1309): Hardware backing HAL too slow, could only write 0 of 661 frames
12-09 07:50:02.735 W/audio_hw_generic( 1309): Hardware backing HAL too slow, could only write 0 of 661 frames
12-09 07:50:02.747 W/audio_hw_generic( 1309): Hardware backing HAL too slow, could only write 0 of 661 frames
12-09 07:50:02.756 I/System.out( 7628): URI: //gesture
12-09 07:50:02.756 I/System.out( 7628): params: {json={"query_timeout":5.0,"gestures":[{"query_string":"android.widget.EditText id:'volume'","touches":[{"x":50,"y":50,"offset_x":0,"offset_y":0,"wait":0.0,"time":0.2,"release":true,"query_string":null}]}]}
12-09 07:50:02.756 I/System.out( 7628): }
12-09 07:50:02.761 W/audio_hw_generic( 1309): Hardware backing HAL too slow, could only write 0 of 661 frames
12-09 07:50:02.770 W/ResourceType( 7628): No package identifier when getting name for resource number 0x00000001
12-09 07:50:02.850 W/audio_hw_generic( 1309): Not supplying enough data to HAL, expected position 10749782 , only wrote 10749182
12-09 07:50:02.850 W/audio_hw_generic( 1309): Not supplying enough data to HAL, expected position 10749189 , only wrote 10749182
12-09 07:50:02.987 W/audio_hw_generic( 1309): Not supplying enough data to HAL, expected position 10755225 , only wrote 10753148
12-09 07:50:02.987 W/audio_hw_generic( 1309): Not supplying enough data to HAL, expected position 10753155 , only wrote 10753148
12-09 07:50:03.007 W/audio_hw_generic( 1309): Not supplying enough data to HAL, expected position 10754037 , only wrote 10753809
12-09 07:50:03.303 W/audio_hw_generic( 1309): Not supplying enough data to HAL, expected position 10766861 , only wrote 10763724
12-09 07:50:03.304 W/audio_hw_generic( 1309): Not supplying enough data to HAL, expected position 10763731 , only wrote 10763724
12-09 07:50:03.391 W/audio_hw_generic( 1309): Not supplying enough data to HAL, expected position 10767599 , only wrote 10764385
12-09 07:50:03.532 W/audio_hw_generic( 1309): Not supplying enough data to HAL, expected position 10770566 , only wrote 10770334
12-09 07:50:03.532 W/audio_hw_generic( 1309): Not supplying enough data to HAL, expected position 10770342 , only wrote 10770334
12-09 07:50:03.551 W/audio_hw_generic( 1309): Not supplying enough data to HAL, expected position 10771192 , only wrote 10770995
12-09 07:50:03.587 W/audio_hw_generic( 1309): Not supplying enough data to HAL, expected position 10773350 , only wrote 10772317
12-09 07:50:03.715 I/System.out( 7628): URI: //
12-09 07:50:03.715 I/System.out( 7628): params: {json={"command":"set_selection","arguments":[-1,-1]}
12-09 07:50:03.715 I/System.out( 7628): }
12-09 07:50:03.715 I/System.out( 7628): header: {date=Sun, 09 Dec 2018 07:50:04 GMT, accept=*/*, content-length=47, host=127.0.0.1:34777, user-agent=HTTPClient/1.0 (2.8.3, ruby 2.3.1 (2016-04-26)), content-type=application/json;charset=utf-8}
12-09 07:50:03.715 I/System.out( 7628): params: {json={"command":"set_selection","arguments":[-1,-1]}
12-09 07:50:03.716 I/System.out( 7628): }
12-09 07:50:03.716 I/System.out( 7628): ProP json = {"command":"set_selection","arguments":[-1,-1]}
12-09 07:50:03.716 I/System.out( 7628): files: {}
12-09 07:50:03.716 I/System.out( 7628): command: {"command":"set_selection","arguments":[-1,-1]}
12-09 07:50:03.717 I/InstrumentationBackend( 7628): Got command:'Command:'Line:null,set_selection', arguments:'[-1, -1]'
12-09 07:50:03.733 I/System.out( 7628): result:{"bonusInformation":[],"message":"","success":true}
12-09 07:50:03.904 I/System.out( 7628): URI: //
12-09 07:50:03.904 I/System.out( 7628): params: {json={"command":"keyboard_enter_text","arguments":["000"]}
12-09 07:50:03.904 I/System.out( 7628): }
12-09 07:50:03.904 I/System.out( 7628): header: {date=Sun, 09 Dec 2018 07:50:04 GMT, accept=*/*, content-length=53, host=127.0.0.1:34777, user-agent=HTTPClient/1.0 (2.8.3, ruby 2.3.1 (2016-04-26)), content-type=application/json;charset=utf-8}
12-09 07:50:03.904 I/System.out( 7628): params: {json={"command":"keyboard_enter_text","arguments":["000"]}
12-09 07:50:03.905 I/System.out( 7628): }
12-09 07:50:03.905 I/System.out( 7628): ProP json = {"command":"keyboard_enter_text","arguments":["000"]}
12-09 07:50:03.905 I/System.out( 7628): files: {}
12-09 07:50:03.905 I/System.out( 7628): command: {"command":"keyboard_enter_text","arguments":["000"]}
12-09 07:50:03.906 I/InstrumentationBackend( 7628): Got command:'Command:'Line:null,keyboard_enter_text', arguments:'[000]'
12-09 07:50:03.907 E/SpannableStringBuilder( 7628): SPAN_EXCLUSIVE_EXCLUSIVE spans cannot have a zero length
12-09 07:50:03.907 E/SpannableStringBuilder( 7628): SPAN_EXCLUSIVE_EXCLUSIVE spans cannot have a zero length
12-09 07:50:03.932 E/SpannableStringBuilder( 7628): SPAN_EXCLUSIVE_EXCLUSIVE spans cannot have a zero length
12-09 07:50:03.932 E/SpannableStringBuilder( 7628): SPAN_EXCLUSIVE_EXCLUSIVE spans cannot have a zero length
12-09 07:50:03.969 I/System.out( 7628): result:{"bonusInformation":[],"message":"","success":true}
12-09 07:50:04.100 I/art     ( 7628): Background sticky concurrent mark sweep GC freed 26843(1213KB) AllocSpace objects, 5(100KB) LOS objects, 36% free, 2MB/3MB, paused 1.176ms total 152.244ms
12-09 07:50:04.101 I/System.out( 7628): URI: //map
12-09 07:50:04.101 I/System.out( 7628): params: {json={"query":"android.widget.Button index:2","operation":{"method_name":"query","arguments":[]}}
12-09 07:50:04.101 I/System.out( 7628): }
12-09 07:50:04.388 W/art     ( 7628): Suspending all threads took: 20.260ms
12-09 07:50:04.571 I/art     ( 7628): Background partial concurrent mark sweep GC freed 48460(2MB) AllocSpace objects, 4(80KB) LOS objects, 39% free, 2MB/3MB, paused 21.449ms total 402.905ms
12-09 07:50:04.581 I/System.out( 7628): URI: //gesture
12-09 07:50:04.581 I/System.out( 7628): params: {json={"query_timeout":5.0,"gestures":[{"query_string":"android.widget.Button index:2","touches":[{"x":50,"y":50,"offset_x":0,"offset_y":0,"wait":0.0,"time":0.2,"release":true,"query_string":null}]}]}
12-09 07:50:04.581 I/System.out( 7628): }
12-09 07:50:05.027 I/art     ( 7628): Background sticky concurrent mark sweep GC freed 24925(984KB) AllocSpace objects, 2(40KB) LOS objects, 38% free, 2MB/3MB, paused 13.211ms total 32.427ms
12-09 07:50:05.047 D/AudioFlinger( 1309): mixer(0xf4380000) throttle end: throttle time(3)
12-09 07:50:05.075 W/audio_hw_generic( 1309): Hardware backing HAL too slow, could only write 0 of 661 frames
12-09 07:50:05.126 I/LatinIME( 1857): Starting input. Cursor position = 0,0
12-09 07:50:05.282 W/audio_hw_generic( 1309): Hardware backing HAL too slow, could only write 0 of 661 frames
12-09 07:50:05.291 W/audio_hw_generic( 1309): Hardware backing HAL too slow, could only write 0 of 661 frames
12-09 07:50:05.331 W/audio_hw_generic( 1309): Hardware backing HAL too slow, could only write 0 of 661 frames
12-09 07:50:05.339 W/audio_hw_generic( 1309): Hardware backing HAL too slow, could only write 0 of 661 frames
12-09 07:50:05.351 W/audio_hw_generic( 1309): Hardware backing HAL too slow, could only write 0 of 661 frames
12-09 07:50:05.353 D/gralloc_ranchu( 1224): gralloc_alloc: Creating ashmem region of size 49152
12-09 07:50:05.366 W/audio_hw_generic( 1309): Hardware backing HAL too slow, could only write 0 of 661 frames
12-09 07:50:05.551 W/audio_hw_generic( 1309): Not supplying enough data to HAL, expected position 10795841 , only wrote 10790164
12-09 07:50:05.551 W/audio_hw_generic( 1309): Not supplying enough data to HAL, expected position 10790171 , only wrote 10790164
12-09 07:50:05.615 W/audio_hw_generic( 1309): Hardware backing HAL too slow, could only write 0 of 661 frames
12-09 07:50:05.633 W/audio_hw_generic( 1309): Hardware backing HAL too slow, could only write 0 of 661 frames
12-09 07:50:05.643 W/audio_hw_generic( 1309): Hardware backing HAL too slow, could only write 0 of 661 frames
12-09 07:50:05.697 E/SurfaceFlinger( 1224): ro.sf.lcd_density must be defined as a build property
12-09 07:50:05.844 D/gralloc_ranchu( 1224): gralloc_alloc: Creating ashmem region of size 3686400
12-09 07:50:05.862 D/        ( 7674): HostConnection::get() New Host Connection established 0x7f22904d2480, tid 7674
12-09 07:50:05.931 E/EGL_emulation( 1224): tid 1224: eglCreateSyncKHR(1881): error 0x3004 (EGL_BAD_ATTRIBUTE)
12-09 07:50:06.002 W/art     ( 1592): Long monitor contention event with owner method=void com.android.server.wm.WindowAnimator$1.doFrame(long) from WindowAnimator.java:121 waiters=0 for 302ms
12-09 07:50:06.024 W/audio_hw_generic( 1309): Not supplying enough data to HAL, expected position 10810990 , only wrote 10810655
12-09 07:50:06.190 W/audio_hw_generic( 1309): Not supplying enough data to HAL, expected position 10817992 , only wrote 10815282
12-09 07:50:06.190 W/audio_hw_generic( 1309): Not supplying enough data to HAL, expected position 10815289 , only wrote 10815282
12-09 07:50:06.252 W/audio_hw_generic( 1309): Not supplying enough data to HAL, expected position 10817995 , only wrote 10815943
12-09 07:50:06.356 W/audio_hw_generic( 1309): Not supplying enough data to HAL, expected position 10820532 , only wrote 10819909
12-09 07:50:06.356 W/audio_hw_generic( 1309): Not supplying enough data to HAL, expected position 10819916 , only wrote 10819909
12-09 07:50:06.371 W/audio_hw_generic( 1309): Not supplying enough data to HAL, expected position 10820582 , only wrote 10820570
12-09 07:50:06.417 W/audio_hw_generic( 1309): Hardware backing HAL too slow, could only write 0 of 661 frames
12-09 07:50:06.432 W/audio_hw_generic( 1309): Hardware backing HAL too slow, could only write 0 of 661 frames
12-09 07:50:06.448 W/audio_hw_generic( 1309): Hardware backing HAL too slow, could only write 0 of 661 frames
12-09 07:50:06.464 W/audio_hw_generic( 1309): Hardware backing HAL too slow, could only write 0 of 661 frames
12-09 07:50:06.598 W/audio_hw_generic( 1309): Not supplying enough data to HAL, expected position 10830572 , only wrote 10830485
12-09 07:50:06.598 W/audio_hw_generic( 1309): Not supplying enough data to HAL, expected position 10830493 , only wrote 10830485
12-09 07:50:06.624 I/Choreographer( 1857): Skipped 90 frames!  The application may be doing too much work on its main thread.
12-09 07:50:06.951 W/audio_hw_generic( 1309): Not supplying enough data to HAL, expected position 10846037 , only wrote 10845688
12-09 07:50:06.967 W/audio_hw_generic( 1309): Hardware backing HAL too slow, could only write 0 of 661 frames
12-09 07:50:06.987 W/audio_hw_generic( 1309): Hardware backing HAL too slow, could only write 0 of 661 frames
12-09 07:50:06.997 W/audio_hw_generic( 1309): Hardware backing HAL too slow, could only write 0 of 661 frames
12-09 07:50:07.021 I/System.out( 7628): URI: //map
12-09 07:50:07.021 I/System.out( 7628): params: {json={"query":"android.widget.EditText id:'odometer'","operation":{"method_name":"query","arguments":[]}}
12-09 07:50:07.021 I/System.out( 7628): }
12-09 07:50:07.076 W/ResourceType( 7628): No package identifier when getting name for resource number 0x00000001
12-09 07:50:07.103 W/audio_hw_generic( 1309): Not supplying enough data to HAL, expected position 10852404 , only wrote 10852298
12-09 07:50:07.118 I/art     ( 7628): Background sticky concurrent mark sweep GC freed 31508(1493KB) AllocSpace objects, 2(40KB) LOS objects, 17% free, 3MB/3MB, paused 2.360ms total 105.629ms
12-09 07:50:07.160 W/audio_hw_generic( 1309): Hardware backing HAL too slow, could only write 0 of 661 frames
12-09 07:50:07.167 W/audio_hw_generic( 1309): Hardware backing HAL too slow, could only write 0 of 661 frames
12-09 07:50:07.273 I/System.out( 7628): URI: //gesture
12-09 07:50:07.273 I/System.out( 7628): params: {json={"query_timeout":5.0,"gestures":[{"query_string":"android.widget.EditText id:'odometer'","touches":[{"x":50,"y":50,"offset_x":0,"offset_y":0,"wait":0.0,"time":0.2,"release":true,"query_string":null}]}]}
12-09 07:50:07.273 I/System.out( 7628): }
12-09 07:50:07.322 W/ResourceType( 7628): No package identifier when getting name for resource number 0x00000001
12-09 07:50:07.523 W/audio_hw_generic( 1309): Not supplying enough data to HAL, expected position 10870821 , only wrote 10870806
12-09 07:50:07.707 W/audio_hw_generic( 1309): Not supplying enough data to HAL, expected position 10878922 , only wrote 10878077
12-09 07:50:07.707 W/audio_hw_generic( 1309): Not supplying enough data to HAL, expected position 10878084 , only wrote 10878077
12-09 07:50:07.771 W/art     ( 7628): Suspending all threads took: 10.999ms
12-09 07:50:07.831 I/art     ( 7628): Background sticky concurrent mark sweep GC freed 52091(2MB) AllocSpace objects, 2(40KB) LOS objects, 46% free, 2MB/4MB, paused 14.522ms total 174.397ms
12-09 07:50:08.039 W/audio_hw_generic( 1309): Not supplying enough data to HAL, expected position 10892711 , only wrote 10891297
12-09 07:50:08.039 W/audio_hw_generic( 1309): Not supplying enough data to HAL, expected position 10891304 , only wrote 10891297
12-09 07:50:08.055 W/audio_hw_generic( 1309): Not supplying enough data to HAL, expected position 10891997 , only wrote 10891958
12-09 07:50:08.091 W/audio_hw_generic( 1309): Hardware backing HAL too slow, could only write 0 of 661 frames
12-09 07:50:08.117 W/audio_hw_generic( 1309): Hardware backing HAL too slow, could only write 0 of 661 frames
12-09 07:50:08.161 W/audio_hw_generic( 1309): Not supplying enough data to HAL, expected position 10900110 , only wrote 10896585
12-09 07:50:08.311 I/System.out( 7628): URI: //
12-09 07:50:08.311 I/System.out( 7628): params: {json={"command":"set_selection","arguments":[-1,-1]}
12-09 07:50:08.311 I/System.out( 7628): }
12-09 07:50:08.311 I/System.out( 7628): header: {date=Sun, 09 Dec 2018 07:50:09 GMT, accept=*/*, content-length=47, host=127.0.0.1:34777, user-agent=HTTPClient/1.0 (2.8.3, ruby 2.3.1 (2016-04-26)), content-type=application/json;charset=utf-8}
12-09 07:50:08.311 I/System.out( 7628): params: {json={"command":"set_selection","arguments":[-1,-1]}
12-09 07:50:08.311 I/System.out( 7628): }
12-09 07:50:08.311 I/System.out( 7628): ProP json = {"command":"set_selection","arguments":[-1,-1]}
12-09 07:50:08.311 I/System.out( 7628): files: {}
12-09 07:50:08.311 I/System.out( 7628): command: {"command":"set_selection","arguments":[-1,-1]}
12-09 07:50:08.312 I/InstrumentationBackend( 7628): Got command:'Command:'Line:null,set_selection', arguments:'[-1, -1]'
12-09 07:50:08.348 I/System.out( 7628): result:{"bonusInformation":[],"message":"","success":true}
12-09 07:50:08.512 I/System.out( 7628): URI: //
12-09 07:50:08.512 I/System.out( 7628): params: {json={"command":"keyboard_enter_text","arguments":["000"]}
12-09 07:50:08.512 I/System.out( 7628): }
12-09 07:50:08.512 I/System.out( 7628): header: {date=Sun, 09 Dec 2018 07:50:09 GMT, accept=*/*, content-length=53, host=127.0.0.1:34777, user-agent=HTTPClient/1.0 (2.8.3, ruby 2.3.1 (2016-04-26)), content-type=application/json;charset=utf-8}
12-09 07:50:08.512 I/System.out( 7628): params: {json={"command":"keyboard_enter_text","arguments":["000"]}
12-09 07:50:08.512 I/System.out( 7628): }
12-09 07:50:08.512 I/System.out( 7628): ProP json = {"command":"keyboard_enter_text","arguments":["000"]}
12-09 07:50:08.512 I/System.out( 7628): files: {}
12-09 07:50:08.512 I/System.out( 7628): command: {"command":"keyboard_enter_text","arguments":["000"]}
12-09 07:50:08.513 I/InstrumentationBackend( 7628): Got command:'Command:'Line:null,keyboard_enter_text', arguments:'[000]'
12-09 07:50:08.514 E/SpannableStringBuilder( 7628): SPAN_EXCLUSIVE_EXCLUSIVE spans cannot have a zero length
12-09 07:50:08.514 E/SpannableStringBuilder( 7628): SPAN_EXCLUSIVE_EXCLUSIVE spans cannot have a zero length
12-09 07:50:08.538 E/SpannableStringBuilder( 7628): SPAN_EXCLUSIVE_EXCLUSIVE spans cannot have a zero length
12-09 07:50:08.550 E/SpannableStringBuilder( 7628): SPAN_EXCLUSIVE_EXCLUSIVE spans cannot have a zero length
12-09 07:50:08.580 I/System.out( 7628): result:{"bonusInformation":[],"message":"","success":true}
12-09 07:50:08.656 I/System.out( 7628): URI: //map
12-09 07:50:08.656 I/System.out( 7628): params: {json={"query":"android.widget.Button index:2","operation":{"method_name":"query","arguments":[]}}
12-09 07:50:08.657 I/System.out( 7628): }
12-09 07:50:09.333 I/art     ( 7628): Background sticky concurrent mark sweep GC freed 35433(1589KB) AllocSpace objects, 1(20KB) LOS objects, 36% free, 2MB/3MB, paused 1.183ms total 148.873ms
12-09 07:50:09.333 I/System.out( 7628): URI: //gesture
12-09 07:50:09.333 I/System.out( 7628): params: {json={"query_timeout":5.0,"gestures":[{"query_string":"android.widget.Button index:2","touches":[{"x":50,"y":50,"offset_x":0,"offset_y":0,"wait":0.0,"time":0.2,"release":true,"query_string":null}]}]}
12-09 07:50:09.334 I/System.out( 7628): }
12-09 07:50:09.963 W/audio_hw_generic( 1309): Hardware backing HAL too slow, could only write 0 of 661 frames
12-09 07:50:09.963 W/audio_hw_generic( 1309): Hardware backing HAL too slow, could only write 0 of 661 frames
12-09 07:50:09.979 W/audio_hw_generic( 1309): Hardware backing HAL too slow, could only write 0 of 661 frames
12-09 07:50:09.995 W/audio_hw_generic( 1309): Hardware backing HAL too slow, could only write 0 of 661 frames
12-09 07:50:10.045 D/AudioFlinger( 1309): mixer(0xf4380000) throttle end: throttle time(11)
12-09 07:50:10.101 W/audio_hw_generic( 1309): Not supplying enough data to HAL, expected position 10905510 , only wrote 10905178
12-09 07:50:10.101 W/audio_hw_generic( 1309): Not supplying enough data to HAL, expected position 10905185 , only wrote 10905178
12-09 07:50:10.117 W/audio_hw_generic( 1309): Not supplying enough data to HAL, expected position 10905873 , only wrote 10905839
12-09 07:50:10.148 W/audio_hw_generic( 1309): Not supplying enough data to HAL, expected position 10907210 , only wrote 10907161
12-09 07:50:10.148 W/audio_hw_generic( 1309): Hardware backing HAL too slow, could only write 0 of 661 frames
12-09 07:50:10.149 W/audio_hw_generic( 1309): Hardware backing HAL too slow, could only write 0 of 661 frames
12-09 07:50:10.183 W/audio_hw_generic( 1309): Hardware backing HAL too slow, could only write 0 of 661 frames
12-09 07:50:10.193 W/audio_hw_generic( 1309): Hardware backing HAL too slow, could only write 0 of 661 frames
12-09 07:50:10.221 W/audio_hw_generic( 1309): Hardware backing HAL too slow, could only write 0 of 661 frames
12-09 07:50:10.618 D/gralloc_ranchu( 1224): gralloc_alloc: Creating ashmem region of size 40960
12-09 07:50:10.704 E/SurfaceFlinger( 1224): ro.sf.lcd_density must be defined as a build property
12-09 07:50:10.756 W/audio_hw_generic( 1309): Not supplying enough data to HAL, expected position 10933973 , only wrote 10933601
12-09 07:50:10.757 W/audio_hw_generic( 1309): Not supplying enough data to HAL, expected position 10933608 , only wrote 10933601
12-09 07:50:10.814 W/audio_hw_generic( 1309): Not supplying enough data to HAL, expected position 10936151 , only wrote 10935584
12-09 07:50:10.814 W/audio_hw_generic( 1309): Hardware backing HAL too slow, could only write 0 of 661 frames
12-09 07:50:10.815 W/audio_hw_generic( 1309): Hardware backing HAL too slow, could only write 0 of 661 frames
12-09 07:50:10.850 W/audio_hw_generic( 1309): Hardware backing HAL too slow, could only write 0 of 661 frames
