--------- beginning of main
12-09 08:39:14.717 D/AndroidRuntime(20913): >>>>>> START com.android.internal.os.RuntimeInit uid 0 <<<<<<
12-09 08:39:14.718 D/AndroidRuntime(20913): CheckJNI is ON
12-09 08:39:14.735 D/ICU     (20913): No timezone override file found: /data/misc/zoneinfo/current/icu/icu_tzdata.dat
12-09 08:39:15.290 E/memtrack(20913): Couldn't load memtrack module (No such file or directory)
12-09 08:39:15.290 E/android.os.Debug(20913): failed to load memtrack module: -2
12-09 08:39:15.291 I/Radio-JNI(20913): register_android_hardware_Radio DONE
12-09 08:39:15.312 D/AndroidRuntime(20913): Calling main entry com.android.commands.am.Am
--------- beginning of system
12-09 08:39:15.397 I/ActivityManager( 1592): Force stopping com.evancharlton.mileage appid=10143 user=0: start instr
12-09 08:39:15.397 I/ActivityManager( 1592): Killing 20896:com.evancharlton.mileage/u0a143 (adj 0): stop com.evancharlton.mileage
12-09 08:39:15.482 W/ActivityManager( 1592): Crash of app com.evancharlton.mileage running instrumentation ComponentInfo{com.evancharlton.mileage.test/sh.calaba.instrumentationbackend.ClearAppData2}
12-09 08:39:15.482 I/ActivityManager( 1592): Force stopping com.evancharlton.mileage appid=10143 user=0: finished inst
12-09 08:39:15.496 I/ActivityManager( 1592): Start proc 20922:com.evancharlton.mileage/u0a143 for added application com.evancharlton.mileage
12-09 08:39:15.496 D/AndroidRuntime(20913): Shutting down VM
12-09 08:39:15.500 W/ActivityManager( 1592): Spurious death for ProcessRecord{896c04a 0:com.evancharlton.mileage/u0a143}, curProc for 20896: null
12-09 08:39:15.782 I/art     (20922): Background partial concurrent mark sweep GC freed 7656(304KB) AllocSpace objects, 0(0B) LOS objects, 76% free, 317KB/1341KB, paused 25.452ms total 30.942ms
12-09 08:39:15.837 W/System  (20922): ClassLoader referenced unknown path: /data/app/com.evancharlton.mileage.test-1/lib/x86_64
12-09 08:39:15.856 W/System  (20922): ClassLoader referenced unknown path: /data/app/com.evancharlton.mileage-1/lib/x86_64
12-09 08:39:15.897 I/System.out(20922): Main activity name automatically set to: com.evancharlton.mileage.Mileage
12-09 08:39:15.898 I/System.out(20922): Calabash did not load Mono. This is only a problem if you are trying to test a Mono application
12-09 08:39:15.898 I/calabash(20922): Test server port: 7102
12-09 08:39:15.898 I/InstrumentationBackend(20922): Added:'GetPreferences', with key:'get_preferences'
12-09 08:39:15.940 I/InstrumentationBackend(20922): Added:'SetPreferences', with key:'set_preferences'
12-09 08:39:15.940 I/InstrumentationBackend(20922): Added:'ClearPreferences', with key:'clear_preferences'
12-09 08:39:15.940 I/InstrumentationBackend(20922): Added:'PressElement', with key:'press_l10n_element'
12-09 08:39:15.940 I/InstrumentationBackend(20922): Added:'WaitForElement', with key:'wait_for_l10n_element'
12-09 08:39:15.941 I/InstrumentationBackend(20922): Added:'NullAction', with key:'nullAction'
12-09 08:39:15.941 I/InstrumentationBackend(20922): Added:'PressKey', with key:'press_key'
12-09 08:39:15.941 I/InstrumentationBackend(20922): Added:'SetActivityOrientation', with key:'set_activity_orientation'
12-09 08:39:15.941 I/InstrumentationBackend(20922): Added:'GetActivityOrientation', with key:'get_activity_orientation'
12-09 08:39:15.941 I/InstrumentationBackend(20922): Added:'FakeGPSLocation', with key:'set_gps_coordinates'
12-09 08:39:15.941 I/InstrumentationBackend(20922): Added:'SetPropertyByCssSelector', with key:'set_property_by_css_selector'
12-09 08:39:15.942 I/InstrumentationBackend(20922): Added:'GetUrl', with key:'get_url'
12-09 08:39:15.951 I/InstrumentationBackend(20922): Added:'ScrollTo', with key:'scroll_to'
12-09 08:39:15.951 I/InstrumentationBackend(20922): Added:'GetLoadProgress', with key:'get_load_progress'
12-09 08:39:15.951 I/InstrumentationBackend(20922): Added:'DumpHtml', with key:'dump_html'
12-09 08:39:15.951 I/InstrumentationBackend(20922): Added:'DumpBodyHtml', with key:'dump_body_html'
12-09 08:39:15.952 I/InstrumentationBackend(20922): Added:'EnterTextByCssSelector', with key:'enter_text_by_selector'
12-09 08:39:15.952 I/InstrumentationBackend(20922): Added:'AndroidSDKVersion', with key:'android_sdk_version'
12-09 08:39:15.952 I/InstrumentationBackend(20922): Added:'Version', with key:'version'
12-09 08:39:15.953 I/InstrumentationBackend(20922): Added:'Drag', with key:'drag'
12-09 08:39:15.953 I/InstrumentationBackend(20922): Added:'TouchCoordinates', with key:'touch_coordinate'
12-09 08:39:15.953 I/InstrumentationBackend(20922): Added:'LongPressCoordinate', with key:'long_press_coordinate'
12-09 08:39:15.953 I/InstrumentationBackend(20922): Added:'DragCoordinates', with key:'drag_coordinates'
12-09 08:39:15.953 I/InstrumentationBackend(20922): Added:'ResumeApplication', with key:'resume_application'
12-09 08:39:15.953 I/InstrumentationBackend(20922): Added:'Swipe', with key:'swipe'
12-09 08:39:15.954 I/InstrumentationBackend(20922): Added:'DoubleTapCoordinate', with key:'double_tap_coordinate'
12-09 08:39:15.954 I/InstrumentationBackend(20922): Added:'ClickOnScreen', with key:'click_on_screen'
12-09 08:39:15.954 I/InstrumentationBackend(20922): Added:'GetActivityName', with key:'get_activity_name'
12-09 08:39:15.954 I/InstrumentationBackend(20922): Added:'ScrollToView', with key:'scroll_to_view'
12-09 08:39:15.954 I/InstrumentationBackend(20922): Added:'ViewConfiguration', with key:'view_configuration'
12-09 08:39:15.955 I/InstrumentationBackend(20922): Added:'IsCurrentActivityFocused', with key:'is_current_activity_focused'
12-09 08:39:15.955 I/InstrumentationBackend(20922): Added:'SendTcp', with key:'send_tcp'
12-09 08:39:15.955 I/InstrumentationBackend(20922): Added:'DpToDevicePixel', with key:'dp_to_device_pixel'
12-09 08:39:15.979 I/InstrumentationBackend(20922): Added:'KeyboardEnterText', with key:'keyboard_enter_text'
12-09 08:39:15.980 I/InstrumentationBackend(20922): Added:'DeleteSurroundingText', with key:'delete_surrounding_text'
12-09 08:39:15.980 I/InstrumentationBackend(20922): Added:'SetComposingRegion', with key:'set_composing_region'
12-09 08:39:15.983 I/InstrumentationBackend(20922): Added:'SetSelection', with key:'set_selection'
12-09 08:39:15.984 I/InstrumentationBackend(20922): Added:'KeyboardKeyEvent', with key:'keyboard_key_event'
12-09 08:39:15.984 I/InstrumentationBackend(20922): Added:'PressUserActionButton', with key:'press_user_action_button'
12-09 08:39:15.984 I/InstrumentationBackend(20922): Added:'HideSoftKeyboard', with key:'hide_soft_keyboard'
12-09 08:39:15.984 I/InstrumentationBackend(20922): Added:'ListActions', with key:'list_actions'
12-09 08:39:15.992 I/calabash(20922): Instantiating http server at 7102
12-09 08:39:16.044 I/art     (20922): Background sticky concurrent mark sweep GC freed 3690(359KB) AllocSpace objects, 0(0B) LOS objects, 24% free, 1014KB/1341KB, paused 933us total 100.132ms
12-09 08:39:16.045 I/System.out(20922): HTTP Daemon listening on: 7102
12-09 08:39:16.160 I/System.out(20922): URI: //ping
12-09 08:39:16.167 I/System.out(20922): params: {json={}
12-09 08:39:16.168 I/System.out(20922): }
12-09 08:39:16.228 I/System.out(20922): URI: //ping
12-09 08:39:16.228 I/System.out(20922): params: {json={}
12-09 08:39:16.228 I/System.out(20922): }
12-09 08:39:16.278 I/System.out(20922): URI: //ready
12-09 08:39:16.280 I/System.out(20922): params: {json={}
12-09 08:39:16.280 I/System.out(20922): }
12-09 08:39:16.327 I/System.out(20922): URI: //
12-09 08:39:16.327 I/System.out(20922): params: {json={"command":"version","arguments":[]}
12-09 08:39:16.327 I/System.out(20922): }
12-09 08:39:16.327 I/System.out(20922): header: {date=Sun, 09 Dec 2018 08:39:16 GMT, accept=*/*, content-length=36, host=127.0.0.1:34777, user-agent=HTTPClient/1.0 (2.8.3, ruby 2.3.1 (2016-04-26)), content-type=application/json;charset=utf-8}
12-09 08:39:16.327 I/System.out(20922): params: {json={"command":"version","arguments":[]}
12-09 08:39:16.327 I/System.out(20922): }
12-09 08:39:16.327 I/System.out(20922): ProP json = {"command":"version","arguments":[]}
12-09 08:39:16.327 I/System.out(20922): files: {}
12-09 08:39:16.327 I/System.out(20922): command: {"command":"version","arguments":[]}
12-09 08:39:16.335 I/InstrumentationBackend(20922): Got command:'Command:'Line:null,version', arguments:'[]'
12-09 08:39:16.402 I/System.out(20922): result:{"bonusInformation":[],"message":"0.9.8","success":true}
12-09 08:39:16.555 I/art     (20922): Background sticky concurrent mark sweep GC freed 14179(740KB) AllocSpace objects, 8(160KB) LOS objects, 37% free, 1250KB/2017KB, paused 4.765ms total 188.073ms
12-09 08:39:16.617 I/System.out(20922): URI: //start-application
12-09 08:39:16.624 I/System.out(20922): params: {json={"intent":null}
12-09 08:39:16.624 I/System.out(20922): }
12-09 08:39:16.691 I/ActivityManager( 1592): START u0 {act=android.intent.action.MAIN cat=[android.intent.category.LAUNCHER] flg=0x10200000 cmp=com.evancharlton.mileage/.Mileage} from uid 10143 on display 0
12-09 08:39:16.911 I/calabash(20922): newActivity1
12-09 08:39:16.948 D/gralloc_ranchu( 1223): gralloc_alloc: Creating ashmem region of size 3686400
12-09 08:39:16.954 I/calabash(20922): newActivity1
12-09 08:39:16.964 W/ActivityManager( 1592): Bad activity token: android.os.BinderProxy@23a8af0
12-09 08:39:16.964 W/ActivityManager( 1592): java.lang.ClassCastException: android.os.BinderProxy cannot be cast to com.android.server.am.ActivityRecord$Token
12-09 08:39:16.964 W/ActivityManager( 1592): 	at com.android.server.am.ActivityRecord.forTokenLocked(ActivityRecord.java:424)
12-09 08:39:16.964 W/ActivityManager( 1592): 	at com.android.server.am.ActivityRecord.isInStackLocked(ActivityRecord.java:1121)
12-09 08:39:16.964 W/ActivityManager( 1592): 	at com.android.server.am.ActivityRecord.getStackLocked(ActivityRecord.java:1126)
12-09 08:39:16.964 W/ActivityManager( 1592): 	at com.android.server.am.ActivityManagerService.getActivityDisplayId(ActivityManagerService.java:8889)
12-09 08:39:16.964 W/ActivityManager( 1592): 	at android.app.ActivityManagerNative.onTransact(ActivityManagerNative.java:2338)
12-09 08:39:16.964 W/ActivityManager( 1592): 	at com.android.server.am.ActivityManagerService.onTransact(ActivityManagerService.java:2443)
12-09 08:39:16.964 W/ActivityManager( 1592): 	at android.os.Binder.execTransact(Binder.java:453)
12-09 08:39:16.970 W/ActivityManager( 1592): Bad activity token: android.os.BinderProxy@23a8af0
12-09 08:39:16.970 W/ActivityManager( 1592): java.lang.ClassCastException: android.os.BinderProxy cannot be cast to com.android.server.am.ActivityRecord$Token
12-09 08:39:16.970 W/ActivityManager( 1592): 	at com.android.server.am.ActivityRecord.forTokenLocked(ActivityRecord.java:424)
12-09 08:39:16.970 W/ActivityManager( 1592): 	at com.android.server.am.ActivityRecord.isInStackLocked(ActivityRecord.java:1121)
12-09 08:39:16.970 W/ActivityManager( 1592): 	at com.android.server.am.ActivityManagerService.setTaskDescription(ActivityManagerService.java:8547)
12-09 08:39:16.970 W/ActivityManager( 1592): 	at android.app.ActivityManagerNative.onTransact(ActivityManagerNative.java:2410)
12-09 08:39:16.970 W/ActivityManager( 1592): 	at com.android.server.am.ActivityManagerService.onTransact(ActivityManagerService.java:2443)
12-09 08:39:16.970 W/ActivityManager( 1592): 	at android.os.Binder.execTransact(Binder.java:453)
12-09 08:39:17.112 I/art     (20922): Background sticky concurrent mark sweep GC freed 8130(561KB) AllocSpace objects, 0(0B) LOS objects, 31% free, 1552KB/2MB, paused 9.402ms total 113.339ms
12-09 08:39:17.323 D/EGL_emulation( 1930): eglMakeCurrent: 0x7f708f5b4dc0: ver 2 0 (tinfo 0x7f708f582d00)
12-09 08:39:17.324 E/Surface ( 1930): getSlotFromBufferLocked: unknown buffer: 0x7f70816e8b80
12-09 08:39:17.325 V/PhoneStatusBar( 1719): setLightsOn(true)
12-09 08:39:17.388 D/FillupsProvider(20922): Creating database
12-09 08:39:17.564 W/ActivityManager( 1592): Bad activity token: android.os.BinderProxy@23a8af0
12-09 08:39:17.564 W/ActivityManager( 1592): java.lang.ClassCastException: android.os.BinderProxy cannot be cast to com.android.server.am.ActivityRecord$Token
12-09 08:39:17.564 W/ActivityManager( 1592): 	at com.android.server.am.ActivityRecord.forTokenLocked(ActivityRecord.java:424)
12-09 08:39:17.564 W/ActivityManager( 1592): 	at com.android.server.am.ActivityRecord.isInStackLocked(ActivityRecord.java:1121)
12-09 08:39:17.564 W/ActivityManager( 1592): 	at com.android.server.am.ActivityManagerService.getActivityOptions(ActivityManagerService.java:11038)
12-09 08:39:17.564 W/ActivityManager( 1592): 	at android.app.ActivityManagerNative.onTransact(ActivityManagerNative.java:1734)
12-09 08:39:17.564 W/ActivityManager( 1592): 	at com.android.server.am.ActivityManagerService.onTransact(ActivityManagerService.java:2443)
12-09 08:39:17.564 W/ActivityManager( 1592): 	at android.os.Binder.execTransact(Binder.java:453)
12-09 08:39:17.564 W/ActivityManager( 1592): Bad activity token: android.os.BinderProxy@23a8af0
12-09 08:39:17.564 W/ActivityManager( 1592): java.lang.ClassCastException: android.os.BinderProxy cannot be cast to com.android.server.am.ActivityRecord$Token
12-09 08:39:17.564 W/ActivityManager( 1592): 	at com.android.server.am.ActivityRecord.forTokenLocked(ActivityRecord.java:424)
12-09 08:39:17.564 W/ActivityManager( 1592): 	at com.android.server.am.ActivityRecord.isInStackLocked(ActivityRecord.java:1121)
12-09 08:39:17.564 W/ActivityManager( 1592): 	at com.android.server.am.ActivityManagerService.getActivityOptions(ActivityManagerService.java:11038)
12-09 08:39:17.564 W/ActivityManager( 1592): 	at android.app.ActivityManagerNative.onTransact(ActivityManagerNative.java:1734)
12-09 08:39:17.564 W/ActivityManager( 1592): 	at com.android.server.am.ActivityManagerService.onTransact(ActivityManagerService.java:2443)
12-09 08:39:17.564 W/ActivityManager( 1592): 	at android.os.Binder.execTransact(Binder.java:453)
12-09 08:39:18.233 W/art     ( 1592): Long monitor contention event with owner method=java.util.List com.android.server.am.ActivityManagerService.getAllStackInfos() from ActivityManagerService.java:8937 waiters=1 for 129ms
12-09 08:39:18.466 D/gralloc_ranchu( 1223): gralloc_alloc: Creating ashmem region of size 3686400
12-09 08:39:18.515 D/        (20922): HostConnection::get() New Host Connection established 0x7f708d30c440, tid 20922
12-09 08:39:18.661 I/ActivityManager( 1592): Displayed com.evancharlton.mileage/.Mileage: +1s818ms
12-09 08:39:18.709 D/gralloc_ranchu( 1223): gralloc_alloc: Creating ashmem region of size 3686400
12-09 08:39:19.248 I/System.out(20922): URI: //
12-09 08:39:19.248 I/System.out(20922): params: {json={"command":"set_activity_orientation","arguments":["landscape"]}
12-09 08:39:19.248 I/System.out(20922): }
12-09 08:39:19.248 I/System.out(20922): header: {date=Sun, 09 Dec 2018 08:39:19 GMT, accept=*/*, content-length=64, host=127.0.0.1:34777, user-agent=HTTPClient/1.0 (2.8.3, ruby 2.3.1 (2016-04-26)), content-type=application/json;charset=utf-8}
12-09 08:39:19.248 I/System.out(20922): params: {json={"command":"set_activity_orientation","arguments":["landscape"]}
12-09 08:39:19.248 I/System.out(20922): }
12-09 08:39:19.248 I/System.out(20922): ProP json = {"command":"set_activity_orientation","arguments":["landscape"]}
12-09 08:39:19.248 I/System.out(20922): files: {}
12-09 08:39:19.248 I/System.out(20922): command: {"command":"set_activity_orientation","arguments":["landscape"]}
12-09 08:39:19.250 I/InstrumentationBackend(20922): Got command:'Command:'Line:null,set_activity_orientation', arguments:'[landscape]'
12-09 08:39:19.310 D/gralloc_ranchu( 1223): gralloc_alloc: Creating ashmem region of size 3686400
12-09 08:39:19.344 E/EGL_emulation( 1223): tid 1223: eglCreateSyncKHR(1881): error 0x3004 (EGL_BAD_ATTRIBUTE)
12-09 08:39:19.419 I/ActivityManager( 1592): Config changes=480 {1.0 310mcc260mnc en_US ldltr sw720dp w1280dp h696dp 160dpi xlrg long land finger -keyb/v/h tball/v s.62}
12-09 08:39:19.432 I/InputReader( 1592): Reconfiguring input devices.  changes=0x00000004
12-09 08:39:19.432 I/InputReader( 1592): Device reconfigured: id=0, name='qwerty2', size 720x1280, orientation 1, mode 1, display id 0
12-09 08:39:19.654 I/calabash(20922): newActivity1
12-09 08:39:19.666 I/calabash(20922): newActivity1
12-09 08:39:19.667 W/ActivityManager( 1592): Bad activity token: android.os.BinderProxy@e8480dd
12-09 08:39:19.667 W/ActivityManager( 1592): java.lang.ClassCastException: android.os.BinderProxy cannot be cast to com.android.server.am.ActivityRecord$Token
12-09 08:39:19.667 W/ActivityManager( 1592): 	at com.android.server.am.ActivityRecord.forTokenLocked(ActivityRecord.java:424)
12-09 08:39:19.667 W/ActivityManager( 1592): 	at com.android.server.am.ActivityRecord.isInStackLocked(ActivityRecord.java:1121)
12-09 08:39:19.667 W/ActivityManager( 1592): 	at com.android.server.am.ActivityRecord.getStackLocked(ActivityRecord.java:1126)
12-09 08:39:19.667 W/ActivityManager( 1592): 	at com.android.server.am.ActivityManagerService.getActivityDisplayId(ActivityManagerService.java:8889)
12-09 08:39:19.667 W/ActivityManager( 1592): 	at android.app.ActivityManagerNative.onTransact(ActivityManagerNative.java:2338)
12-09 08:39:19.667 W/ActivityManager( 1592): 	at com.android.server.am.ActivityManagerService.onTransact(ActivityManagerService.java:2443)
12-09 08:39:19.667 W/ActivityManager( 1592): 	at android.os.Binder.execTransact(Binder.java:453)
12-09 08:39:19.667 W/ActivityManager( 1592): Bad activity token: android.os.BinderProxy@e8480dd
12-09 08:39:19.667 W/ActivityManager( 1592): java.lang.ClassCastException: android.os.BinderProxy cannot be cast to com.android.server.am.ActivityRecord$Token
12-09 08:39:19.667 W/ActivityManager( 1592): 	at com.android.server.am.ActivityRecord.forTokenLocked(ActivityRecord.java:424)
12-09 08:39:19.667 W/ActivityManager( 1592): 	at com.android.server.am.ActivityRecord.isInStackLocked(ActivityRecord.java:1121)
12-09 08:39:19.667 W/ActivityManager( 1592): 	at com.android.server.am.ActivityManagerService.setTaskDescription(ActivityManagerService.java:8547)
12-09 08:39:19.667 W/ActivityManager( 1592): 	at android.app.ActivityManagerNative.onTransact(ActivityManagerNative.java:2410)
12-09 08:39:19.667 W/ActivityManager( 1592): 	at com.android.server.am.ActivityManagerService.onTransact(ActivityManagerService.java:2443)
12-09 08:39:19.667 W/ActivityManager( 1592): 	at android.os.Binder.execTransact(Binder.java:453)
12-09 08:39:19.685 W/ActivityManager( 1592): Bad activity token: android.os.BinderProxy@e8480dd
12-09 08:39:19.685 W/ActivityManager( 1592): java.lang.ClassCastException: android.os.BinderProxy cannot be cast to com.android.server.am.ActivityRecord$Token
12-09 08:39:19.685 W/ActivityManager( 1592): 	at com.android.server.am.ActivityRecord.forTokenLocked(ActivityRecord.java:424)
12-09 08:39:19.685 W/ActivityManager( 1592): 	at com.android.server.am.ActivityRecord.isInStackLocked(ActivityRecord.java:1121)
12-09 08:39:19.685 W/ActivityManager( 1592): 	at com.android.server.am.ActivityManagerService.getActivityOptions(ActivityManagerService.java:11038)
12-09 08:39:19.685 W/ActivityManager( 1592): 	at android.app.ActivityManagerNative.onTransact(ActivityManagerNative.java:1734)
12-09 08:39:19.685 W/ActivityManager( 1592): 	at com.android.server.am.ActivityManagerService.onTransact(ActivityManagerService.java:2443)
12-09 08:39:19.685 W/ActivityManager( 1592): 	at android.os.Binder.execTransact(Binder.java:453)
12-09 08:39:19.685 W/ActivityManager( 1592): Bad activity token: android.os.BinderProxy@e8480dd
12-09 08:39:19.685 W/ActivityManager( 1592): java.lang.ClassCastException: android.os.BinderProxy cannot be cast to com.android.server.am.ActivityRecord$Token
12-09 08:39:19.685 W/ActivityManager( 1592): 	at com.android.server.am.ActivityRecord.forTokenLocked(ActivityRecord.java:424)
12-09 08:39:19.685 W/ActivityManager( 1592): 	at com.android.server.am.ActivityRecord.isInStackLocked(ActivityRecord.java:1121)
12-09 08:39:19.685 W/ActivityManager( 1592): 	at com.android.server.am.ActivityManagerService.getActivityOptions(ActivityManagerService.java:11038)
12-09 08:39:19.685 W/ActivityManager( 1592): 	at android.app.ActivityManagerNative.onTransact(ActivityManagerNative.java:1734)
12-09 08:39:19.685 W/ActivityManager( 1592): 	at com.android.server.am.ActivityManagerService.onTransact(ActivityManagerService.java:2443)
12-09 08:39:19.685 W/ActivityManager( 1592): 	at android.os.Binder.execTransact(Binder.java:453)
12-09 08:39:19.732 D/EGL_emulation( 1719): eglMakeCurrent: 0x7f7082ef38c0: ver 2 0 (tinfo 0x7f7082d6e020)
12-09 08:39:19.736 E/Surface ( 1719): getSlotFromBufferLocked: unknown buffer: 0x7f70806843a0
12-09 08:39:19.737 D/EGL_emulation( 1719): eglMakeCurrent: 0x7f7082ef38c0: ver 2 0 (tinfo 0x7f7082d6e020)
12-09 08:39:19.845 I/WindowManager( 1592): Screen frozen for +594ms due to Window{c9d9c88 u0 StatusBar}
12-09 08:39:19.857 I/art     (20922): Background sticky concurrent mark sweep GC freed 16757(778KB) AllocSpace objects, 2(40KB) LOS objects, 14% free, 2MB/3MB, paused 13.508ms total 188.427ms
12-09 08:39:19.859 I/System.out(20922): result:{"bonusInformation":[],"message":"","success":true}
12-09 08:39:20.059 W/art     ( 1592): Long monitor contention event with owner method=void com.android.server.wm.WindowManagerService$H.handleMessage(android.os.Message) from WindowManagerService.java:7820 waiters=0 for 184ms
12-09 08:39:20.158 D/gralloc_ranchu( 1223): gralloc_alloc: Creating ashmem region of size 3686400
12-09 08:39:20.725 D/gralloc_ranchu( 1223): gralloc_alloc: Creating ashmem region of size 3686400
12-09 08:39:21.136 D/gralloc_ranchu( 1223): gralloc_alloc: Creating ashmem region of size 3686400
12-09 08:39:22.080 I/art     ( 1592): Starting a blocking GC Explicit
12-09 08:39:22.131 I/art     ( 1592): Explicit concurrent mark sweep GC freed 11490(903KB) AllocSpace objects, 3(60KB) LOS objects, 29% free, 9MB/13MB, paused 6.294ms total 49.806ms
12-09 08:39:22.159 E/SurfaceFlinger( 1223): ro.sf.lcd_density must be defined as a build property
12-09 08:39:22.160 D/gralloc_ranchu( 1223): gralloc_alloc: Creating ashmem region of size 3686400
12-09 08:39:22.184 D/        (20950): HostConnection::get() New Host Connection established 0x7f36e61d2480, tid 20950
12-09 08:39:22.223 E/EGL_emulation( 1223): tid 1223: eglCreateSyncKHR(1881): error 0x3004 (EGL_BAD_ATTRIBUTE)
12-09 08:39:22.993 I/System.out(20922): URI: //
12-09 08:39:22.994 I/System.out(20922): params: {json={"command":"set_activity_orientation","arguments":["portrait"]}
12-09 08:39:22.994 I/System.out(20922): }
12-09 08:39:22.994 I/System.out(20922): header: {date=Sun, 09 Dec 2018 08:39:23 GMT, accept=*/*, content-length=63, host=127.0.0.1:34777, user-agent=HTTPClient/1.0 (2.8.3, ruby 2.3.1 (2016-04-26)), content-type=application/json;charset=utf-8}
12-09 08:39:22.995 I/System.out(20922): params: {json={"command":"set_activity_orientation","arguments":["portrait"]}
12-09 08:39:22.996 I/System.out(20922): }
12-09 08:39:22.996 I/System.out(20922): ProP json = {"command":"set_activity_orientation","arguments":["portrait"]}
12-09 08:39:22.996 I/System.out(20922): files: {}
12-09 08:39:22.996 I/System.out(20922): command: {"command":"set_activity_orientation","arguments":["portrait"]}
12-09 08:39:22.997 I/InstrumentationBackend(20922): Got command:'Command:'Line:null,set_activity_orientation', arguments:'[portrait]'
12-09 08:39:23.004 D/gralloc_ranchu( 1223): gralloc_alloc: Creating ashmem region of size 3686400
12-09 08:39:23.057 E/EGL_emulation( 1223): tid 1223: eglCreateSyncKHR(1881): error 0x3004 (EGL_BAD_ATTRIBUTE)
12-09 08:39:23.208 I/ActivityManager( 1592): Config changes=480 {1.0 310mcc260mnc en_US ldltr sw720dp w720dp h1256dp 160dpi xlrg long port finger -keyb/v/h tball/v s.63}
12-09 08:39:23.217 I/InputReader( 1592): Reconfiguring input devices.  changes=0x00000004
12-09 08:39:23.217 I/InputReader( 1592): Device reconfigured: id=0, name='qwerty2', size 720x1280, orientation 0, mode 1, display id 0
12-09 08:39:23.377 W/art     ( 1592): Long monitor contention event with owner method=void com.android.server.am.ActivityManagerService.setRequestedOrientation(android.os.IBinder, int) from ActivityManagerService.java:4192 waiters=0 for 270ms
12-09 08:39:23.533 I/calabash(20922): newActivity1
12-09 08:39:23.582 I/System.out(20922): result:{"bonusInformation":[],"message":"","success":true}
12-09 08:39:23.586 D/EGL_emulation( 1719): eglMakeCurrent: 0x7f7082ef38c0: ver 2 0 (tinfo 0x7f7082d6e020)
12-09 08:39:23.588 I/calabash(20922): newActivity1
12-09 08:39:23.589 W/ActivityManager( 1592): Bad activity token: android.os.BinderProxy@db78e7f
12-09 08:39:23.589 W/ActivityManager( 1592): java.lang.ClassCastException: android.os.BinderProxy cannot be cast to com.android.server.am.ActivityRecord$Token
12-09 08:39:23.589 W/ActivityManager( 1592): 	at com.android.server.am.ActivityRecord.forTokenLocked(ActivityRecord.java:424)
12-09 08:39:23.589 W/ActivityManager( 1592): 	at com.android.server.am.ActivityRecord.isInStackLocked(ActivityRecord.java:1121)
12-09 08:39:23.589 W/ActivityManager( 1592): 	at com.android.server.am.ActivityRecord.getStackLocked(ActivityRecord.java:1126)
12-09 08:39:23.589 W/ActivityManager( 1592): 	at com.android.server.am.ActivityManagerService.getActivityDisplayId(ActivityManagerService.java:8889)
12-09 08:39:23.589 W/ActivityManager( 1592): 	at android.app.ActivityManagerNative.onTransact(ActivityManagerNative.java:2338)
12-09 08:39:23.589 W/ActivityManager( 1592): 	at com.android.server.am.ActivityManagerService.onTransact(ActivityManagerService.java:2443)
12-09 08:39:23.589 W/ActivityManager( 1592): 	at android.os.Binder.execTransact(Binder.java:453)
12-09 08:39:23.590 W/ActivityManager( 1592): Bad activity token: android.os.BinderProxy@db78e7f
12-09 08:39:23.590 W/ActivityManager( 1592): java.lang.ClassCastException: android.os.BinderProxy cannot be cast to com.android.server.am.ActivityRecord$Token
12-09 08:39:23.590 W/ActivityManager( 1592): 	at com.android.server.am.ActivityRecord.forTokenLocked(ActivityRecord.java:424)
12-09 08:39:23.590 W/ActivityManager( 1592): 	at com.android.server.am.ActivityRecord.isInStackLocked(ActivityRecord.java:1121)
12-09 08:39:23.590 W/ActivityManager( 1592): 	at com.android.server.am.ActivityManagerService.setTaskDescription(ActivityManagerService.java:8547)
12-09 08:39:23.590 W/ActivityManager( 1592): 	at android.app.ActivityManagerNative.onTransact(ActivityManagerNative.java:2410)
12-09 08:39:23.590 W/ActivityManager( 1592): 	at com.android.server.am.ActivityManagerService.onTransact(ActivityManagerService.java:2443)
12-09 08:39:23.590 W/ActivityManager( 1592): 	at android.os.Binder.execTransact(Binder.java:453)
12-09 08:39:23.609 E/Surface ( 1719): getSlotFromBufferLocked: unknown buffer: 0x7f7080685c00
12-09 08:39:23.614 W/ActivityManager( 1592): Bad activity token: android.os.BinderProxy@db78e7f
12-09 08:39:23.614 W/ActivityManager( 1592): java.lang.ClassCastException: android.os.BinderProxy cannot be cast to com.android.server.am.ActivityRecord$Token
12-09 08:39:23.614 W/ActivityManager( 1592): 	at com.android.server.am.ActivityRecord.forTokenLocked(ActivityRecord.java:424)
12-09 08:39:23.614 W/ActivityManager( 1592): 	at com.android.server.am.ActivityRecord.isInStackLocked(ActivityRecord.java:1121)
12-09 08:39:23.614 W/ActivityManager( 1592): 	at com.android.server.am.ActivityManagerService.getActivityOptions(ActivityManagerService.java:11038)
12-09 08:39:23.614 W/ActivityManager( 1592): 	at android.app.ActivityManagerNative.onTransact(ActivityManagerNative.java:1734)
12-09 08:39:23.614 W/ActivityManager( 1592): 	at com.android.server.am.ActivityManagerService.onTransact(ActivityManagerService.java:2443)
12-09 08:39:23.614 W/ActivityManager( 1592): 	at android.os.Binder.execTransact(Binder.java:453)
12-09 08:39:23.614 W/ActivityManager( 1592): Bad activity token: android.os.BinderProxy@db78e7f
12-09 08:39:23.614 W/ActivityManager( 1592): java.lang.ClassCastException: android.os.BinderProxy cannot be cast to com.android.server.am.ActivityRecord$Token
12-09 08:39:23.614 W/ActivityManager( 1592): 	at com.android.server.am.ActivityRecord.forTokenLocked(ActivityRecord.java:424)
12-09 08:39:23.614 W/ActivityManager( 1592): 	at com.android.server.am.ActivityRecord.isInStackLocked(ActivityRecord.java:1121)
12-09 08:39:23.614 W/ActivityManager( 1592): 	at com.android.server.am.ActivityManagerService.getActivityOptions(ActivityManagerService.java:11038)
12-09 08:39:23.614 W/ActivityManager( 1592): 	at android.app.ActivityManagerNative.onTransact(ActivityManagerNative.java:1734)
12-09 08:39:23.614 W/ActivityManager( 1592): 	at com.android.server.am.ActivityManagerService.onTransact(ActivityManagerService.java:2443)
12-09 08:39:23.614 W/ActivityManager( 1592): 	at android.os.Binder.execTransact(Binder.java:453)
12-09 08:39:23.701 D/EGL_emulation( 1719): eglMakeCurrent: 0x7f7082ef38c0: ver 2 0 (tinfo 0x7f7082d6e020)
12-09 08:39:23.728 I/WindowManager( 1592): Screen frozen for +725ms due to Window{c9d9c88 u0 StatusBar}
12-09 08:39:23.905 D/gralloc_ranchu( 1223): gralloc_alloc: Creating ashmem region of size 3686400
12-09 08:39:24.604 D/gralloc_ranchu( 1223): gralloc_alloc: Creating ashmem region of size 3686400
12-09 08:39:25.100 D/gralloc_ranchu( 1223): gralloc_alloc: Creating ashmem region of size 3686400
12-09 08:39:25.757 I/art     ( 1592): Starting a blocking GC Explicit
12-09 08:39:25.786 E/SurfaceFlinger( 1223): ro.sf.lcd_density must be defined as a build property
12-09 08:39:25.790 I/art     ( 1592): Explicit concurrent mark sweep GC freed 4556(332KB) AllocSpace objects, 0(0B) LOS objects, 29% free, 9MB/13MB, paused 6.354ms total 32.336ms
12-09 08:39:25.793 D/gralloc_ranchu( 1223): gralloc_alloc: Creating ashmem region of size 3686400
12-09 08:39:25.892 D/        (20956): HostConnection::get() New Host Connection established 0x7f0efc112480, tid 20956
12-09 08:39:25.976 E/EGL_emulation( 1223): tid 1223: eglCreateSyncKHR(1881): error 0x3004 (EGL_BAD_ATTRIBUTE)
