--------- beginning of main
12-09 08:29:01.533 D/AndroidRuntime(17932): >>>>>> START com.android.internal.os.RuntimeInit uid 0 <<<<<<
12-09 08:29:01.557 D/AndroidRuntime(17932): CheckJNI is ON
12-09 08:29:01.569 D/ICU     (17932): No timezone override file found: /data/misc/zoneinfo/current/icu/icu_tzdata.dat
12-09 08:29:02.029 E/memtrack(17932): Couldn't load memtrack module (No such file or directory)
12-09 08:29:02.036 E/android.os.Debug(17932): failed to load memtrack module: -2
12-09 08:29:02.037 I/Radio-JNI(17932): register_android_hardware_Radio DONE
12-09 08:29:02.048 D/AndroidRuntime(17932): Calling main entry com.android.commands.am.Am
--------- beginning of system
12-09 08:29:02.084 I/ActivityManager( 1593): Force stopping com.evancharlton.mileage appid=10139 user=0: start instr
12-09 08:29:02.088 I/ActivityManager( 1593): Killing 17914:com.evancharlton.mileage/u0a139 (adj 0): stop com.evancharlton.mileage
12-09 08:29:02.264 W/ActivityManager( 1593): Crash of app com.evancharlton.mileage running instrumentation ComponentInfo{com.evancharlton.mileage.test/sh.calaba.instrumentationbackend.ClearAppData2}
12-09 08:29:02.264 I/ActivityManager( 1593): Force stopping com.evancharlton.mileage appid=10139 user=0: finished inst
12-09 08:29:02.289 I/ActivityManager( 1593): Start proc 17941:com.evancharlton.mileage/u0a139 for added application com.evancharlton.mileage
12-09 08:29:02.313 D/AndroidRuntime(17932): Shutting down VM
12-09 08:29:02.456 W/System  (17941): ClassLoader referenced unknown path: /data/app/com.evancharlton.mileage.test-1/lib/x86_64
12-09 08:29:02.456 W/System  (17941): ClassLoader referenced unknown path: /data/app/com.evancharlton.mileage-1/lib/x86_64
12-09 08:29:02.515 I/System.out(17941): Main activity name automatically set to: com.evancharlton.mileage.Mileage
12-09 08:29:02.516 I/System.out(17941): Calabash did not load Mono. This is only a problem if you are trying to test a Mono application
12-09 08:29:02.519 I/calabash(17941): Test server port: 7102
12-09 08:29:02.520 I/InstrumentationBackend(17941): Added:'GetPreferences', with key:'get_preferences'
12-09 08:29:02.563 I/InstrumentationBackend(17941): Added:'SetPreferences', with key:'set_preferences'
12-09 08:29:02.563 I/InstrumentationBackend(17941): Added:'ClearPreferences', with key:'clear_preferences'
12-09 08:29:02.567 I/InstrumentationBackend(17941): Added:'PressElement', with key:'press_l10n_element'
12-09 08:29:02.570 I/InstrumentationBackend(17941): Added:'WaitForElement', with key:'wait_for_l10n_element'
12-09 08:29:02.570 I/InstrumentationBackend(17941): Added:'NullAction', with key:'nullAction'
12-09 08:29:02.570 I/InstrumentationBackend(17941): Added:'PressKey', with key:'press_key'
12-09 08:29:02.570 I/InstrumentationBackend(17941): Added:'SetActivityOrientation', with key:'set_activity_orientation'
12-09 08:29:02.570 I/InstrumentationBackend(17941): Added:'GetActivityOrientation', with key:'get_activity_orientation'
12-09 08:29:02.571 I/InstrumentationBackend(17941): Added:'FakeGPSLocation', with key:'set_gps_coordinates'
12-09 08:29:02.571 I/InstrumentationBackend(17941): Added:'SetPropertyByCssSelector', with key:'set_property_by_css_selector'
12-09 08:29:02.571 I/InstrumentationBackend(17941): Added:'GetUrl', with key:'get_url'
12-09 08:29:02.572 I/InstrumentationBackend(17941): Added:'ScrollTo', with key:'scroll_to'
12-09 08:29:02.576 I/InstrumentationBackend(17941): Added:'GetLoadProgress', with key:'get_load_progress'
12-09 08:29:02.576 I/InstrumentationBackend(17941): Added:'DumpHtml', with key:'dump_html'
12-09 08:29:02.577 I/InstrumentationBackend(17941): Added:'DumpBodyHtml', with key:'dump_body_html'
12-09 08:29:02.577 I/InstrumentationBackend(17941): Added:'EnterTextByCssSelector', with key:'enter_text_by_selector'
12-09 08:29:02.578 I/InstrumentationBackend(17941): Added:'AndroidSDKVersion', with key:'android_sdk_version'
12-09 08:29:02.578 I/InstrumentationBackend(17941): Added:'Version', with key:'version'
12-09 08:29:02.578 I/InstrumentationBackend(17941): Added:'Drag', with key:'drag'
12-09 08:29:02.578 I/InstrumentationBackend(17941): Added:'TouchCoordinates', with key:'touch_coordinate'
12-09 08:29:02.578 I/InstrumentationBackend(17941): Added:'LongPressCoordinate', with key:'long_press_coordinate'
12-09 08:29:02.578 I/InstrumentationBackend(17941): Added:'DragCoordinates', with key:'drag_coordinates'
12-09 08:29:02.578 I/InstrumentationBackend(17941): Added:'ResumeApplication', with key:'resume_application'
12-09 08:29:02.579 I/InstrumentationBackend(17941): Added:'Swipe', with key:'swipe'
12-09 08:29:02.579 I/InstrumentationBackend(17941): Added:'DoubleTapCoordinate', with key:'double_tap_coordinate'
12-09 08:29:02.579 I/InstrumentationBackend(17941): Added:'ClickOnScreen', with key:'click_on_screen'
12-09 08:29:02.579 I/InstrumentationBackend(17941): Added:'GetActivityName', with key:'get_activity_name'
12-09 08:29:02.580 I/InstrumentationBackend(17941): Added:'ScrollToView', with key:'scroll_to_view'
12-09 08:29:02.584 I/InstrumentationBackend(17941): Added:'ViewConfiguration', with key:'view_configuration'
12-09 08:29:02.584 I/InstrumentationBackend(17941): Added:'IsCurrentActivityFocused', with key:'is_current_activity_focused'
12-09 08:29:02.584 I/InstrumentationBackend(17941): Added:'SendTcp', with key:'send_tcp'
12-09 08:29:02.584 I/InstrumentationBackend(17941): Added:'DpToDevicePixel', with key:'dp_to_device_pixel'
12-09 08:29:02.585 I/InstrumentationBackend(17941): Added:'KeyboardEnterText', with key:'keyboard_enter_text'
12-09 08:29:02.585 I/InstrumentationBackend(17941): Added:'DeleteSurroundingText', with key:'delete_surrounding_text'
12-09 08:29:02.585 I/InstrumentationBackend(17941): Added:'SetComposingRegion', with key:'set_composing_region'
12-09 08:29:02.585 I/InstrumentationBackend(17941): Added:'SetSelection', with key:'set_selection'
12-09 08:29:02.585 I/InstrumentationBackend(17941): Added:'KeyboardKeyEvent', with key:'keyboard_key_event'
12-09 08:29:02.586 I/InstrumentationBackend(17941): Added:'PressUserActionButton', with key:'press_user_action_button'
12-09 08:29:02.586 I/InstrumentationBackend(17941): Added:'HideSoftKeyboard', with key:'hide_soft_keyboard'
12-09 08:29:02.586 I/InstrumentationBackend(17941): Added:'ListActions', with key:'list_actions'
12-09 08:29:02.586 I/calabash(17941): Instantiating http server at 7102
12-09 08:29:02.591 I/System.out(17941): HTTP Daemon listening on: 7102
12-09 08:29:02.697 I/System.out(17941): URI: //ping
12-09 08:29:02.698 I/System.out(17941): params: {json={}
12-09 08:29:02.698 I/System.out(17941): }
12-09 08:29:02.748 I/System.out(17941): URI: //ping
12-09 08:29:02.748 I/System.out(17941): params: {json={}
12-09 08:29:02.748 I/System.out(17941): }
12-09 08:29:02.785 I/System.out(17941): URI: //ready
12-09 08:29:02.785 I/System.out(17941): params: {json={}
12-09 08:29:02.785 I/System.out(17941): }
12-09 08:29:02.861 I/System.out(17941): URI: //
12-09 08:29:02.861 I/System.out(17941): params: {json={"command":"version","arguments":[]}
12-09 08:29:02.861 I/System.out(17941): }
12-09 08:29:02.861 I/System.out(17941): header: {date=Sun, 09 Dec 2018 08:29:03 GMT, accept=*/*, content-length=36, host=127.0.0.1:34777, user-agent=HTTPClient/1.0 (2.8.3, ruby 2.3.1 (2016-04-26)), content-type=application/json;charset=utf-8}
12-09 08:29:02.861 I/System.out(17941): params: {json={"command":"version","arguments":[]}
12-09 08:29:02.861 I/System.out(17941): }
12-09 08:29:02.862 I/System.out(17941): ProP json = {"command":"version","arguments":[]}
12-09 08:29:02.862 I/System.out(17941): files: {}
12-09 08:29:02.862 I/System.out(17941): command: {"command":"version","arguments":[]}
12-09 08:29:02.870 I/InstrumentationBackend(17941): Got command:'Command:'Line:null,version', arguments:'[]'
12-09 08:29:02.900 I/System.out(17941): result:{"bonusInformation":[],"message":"0.9.8","success":true}
12-09 08:29:03.125 I/System.out(17941): URI: //start-application
12-09 08:29:03.125 I/System.out(17941): params: {json={"intent":null}
12-09 08:29:03.125 I/System.out(17941): }
12-09 08:29:03.128 I/art     (17941): Background partial concurrent mark sweep GC freed 14452(741KB) AllocSpace objects, 6(120KB) LOS objects, 43% free, 1327KB/2MB, paused 947us total 228.622ms
12-09 08:29:03.192 I/ActivityManager( 1593): START u0 {act=android.intent.action.MAIN cat=[android.intent.category.LAUNCHER] flg=0x10200000 cmp=com.evancharlton.mileage/.Mileage} from uid 10139 on display 0
12-09 08:29:03.416 I/calabash(17941): newActivity1
12-09 08:29:03.423 D/gralloc_ranchu( 1219): gralloc_alloc: Creating ashmem region of size 3686400
12-09 08:29:03.528 I/calabash(17941): newActivity1
12-09 08:29:03.529 W/ActivityManager( 1593): Bad activity token: android.os.BinderProxy@5c3ceb1
12-09 08:29:03.529 W/ActivityManager( 1593): java.lang.ClassCastException: android.os.BinderProxy cannot be cast to com.android.server.am.ActivityRecord$Token
12-09 08:29:03.529 W/ActivityManager( 1593): 	at com.android.server.am.ActivityRecord.forTokenLocked(ActivityRecord.java:424)
12-09 08:29:03.529 W/ActivityManager( 1593): 	at com.android.server.am.ActivityRecord.isInStackLocked(ActivityRecord.java:1121)
12-09 08:29:03.529 W/ActivityManager( 1593): 	at com.android.server.am.ActivityRecord.getStackLocked(ActivityRecord.java:1126)
12-09 08:29:03.529 W/ActivityManager( 1593): 	at com.android.server.am.ActivityManagerService.getActivityDisplayId(ActivityManagerService.java:8889)
12-09 08:29:03.529 W/ActivityManager( 1593): 	at android.app.ActivityManagerNative.onTransact(ActivityManagerNative.java:2338)
12-09 08:29:03.529 W/ActivityManager( 1593): 	at com.android.server.am.ActivityManagerService.onTransact(ActivityManagerService.java:2443)
12-09 08:29:03.529 W/ActivityManager( 1593): 	at android.os.Binder.execTransact(Binder.java:453)
12-09 08:29:03.530 W/ActivityManager( 1593): Bad activity token: android.os.BinderProxy@5c3ceb1
12-09 08:29:03.530 W/ActivityManager( 1593): java.lang.ClassCastException: android.os.BinderProxy cannot be cast to com.android.server.am.ActivityRecord$Token
12-09 08:29:03.530 W/ActivityManager( 1593): 	at com.android.server.am.ActivityRecord.forTokenLocked(ActivityRecord.java:424)
12-09 08:29:03.530 W/ActivityManager( 1593): 	at com.android.server.am.ActivityRecord.isInStackLocked(ActivityRecord.java:1121)
12-09 08:29:03.530 W/ActivityManager( 1593): 	at com.android.server.am.ActivityManagerService.setTaskDescription(ActivityManagerService.java:8547)
12-09 08:29:03.530 W/ActivityManager( 1593): 	at android.app.ActivityManagerNative.onTransact(ActivityManagerNative.java:2410)
12-09 08:29:03.530 W/ActivityManager( 1593): 	at com.android.server.am.ActivityManagerService.onTransact(ActivityManagerService.java:2443)
12-09 08:29:03.530 W/ActivityManager( 1593): 	at android.os.Binder.execTransact(Binder.java:453)
12-09 08:29:03.559 I/art     (17941): Background sticky concurrent mark sweep GC freed 18704(982KB) AllocSpace objects, 1(20KB) LOS objects, 30% free, 1623KB/2MB, paused 9.623ms total 139.671ms
12-09 08:29:03.660 D/FillupsProvider(17941): Creating database
12-09 08:29:03.828 W/ActivityManager( 1593): Bad activity token: android.os.BinderProxy@5c3ceb1
12-09 08:29:03.828 W/ActivityManager( 1593): java.lang.ClassCastException: android.os.BinderProxy cannot be cast to com.android.server.am.ActivityRecord$Token
12-09 08:29:03.828 W/ActivityManager( 1593): 	at com.android.server.am.ActivityRecord.forTokenLocked(ActivityRecord.java:424)
12-09 08:29:03.828 W/ActivityManager( 1593): 	at com.android.server.am.ActivityRecord.isInStackLocked(ActivityRecord.java:1121)
12-09 08:29:03.828 W/ActivityManager( 1593): 	at com.android.server.am.ActivityManagerService.getActivityOptions(ActivityManagerService.java:11038)
12-09 08:29:03.828 W/ActivityManager( 1593): 	at android.app.ActivityManagerNative.onTransact(ActivityManagerNative.java:1734)
12-09 08:29:03.828 W/ActivityManager( 1593): 	at com.android.server.am.ActivityManagerService.onTransact(ActivityManagerService.java:2443)
12-09 08:29:03.828 W/ActivityManager( 1593): 	at android.os.Binder.execTransact(Binder.java:453)
12-09 08:29:03.832 W/ActivityManager( 1593): Bad activity token: android.os.BinderProxy@5c3ceb1
12-09 08:29:03.832 W/ActivityManager( 1593): java.lang.ClassCastException: android.os.BinderProxy cannot be cast to com.android.server.am.ActivityRecord$Token
12-09 08:29:03.832 W/ActivityManager( 1593): 	at com.android.server.am.ActivityRecord.forTokenLocked(ActivityRecord.java:424)
12-09 08:29:03.832 W/ActivityManager( 1593): 	at com.android.server.am.ActivityRecord.isInStackLocked(ActivityRecord.java:1121)
12-09 08:29:03.832 W/ActivityManager( 1593): 	at com.android.server.am.ActivityManagerService.getActivityOptions(ActivityManagerService.java:11038)
12-09 08:29:03.832 W/ActivityManager( 1593): 	at android.app.ActivityManagerNative.onTransact(ActivityManagerNative.java:1734)
12-09 08:29:03.832 W/ActivityManager( 1593): 	at com.android.server.am.ActivityManagerService.onTransact(ActivityManagerService.java:2443)
12-09 08:29:03.832 W/ActivityManager( 1593): 	at android.os.Binder.execTransact(Binder.java:453)
12-09 08:29:03.884 I/art     (17941): Background sticky concurrent mark sweep GC freed 7188(401KB) AllocSpace objects, 0(0B) LOS objects, 13% free, 2026KB/2MB, paused 5.152ms total 45.900ms
12-09 08:29:03.926 V/PhoneStatusBar(15401): setLightsOn(true)
12-09 08:29:03.989 I/Choreographer( 1593): Skipped 33 frames!  The application may be doing too much work on its main thread.
12-09 08:29:03.997 D/gralloc_ranchu( 1219): gralloc_alloc: Creating ashmem region of size 3686400
12-09 08:29:04.009 V/PhoneStatusBar(15401): setLightsOn(true)
12-09 08:29:04.128 D/EGL_emulation( 1946): eglMakeCurrent: 0x7f46773e1fa0: ver 2 0 (tinfo 0x7f46773c2b40)
12-09 08:29:04.140 E/Surface ( 1946): getSlotFromBufferLocked: unknown buffer: 0x7f4673205e80
12-09 08:29:04.284 D/        (17941): HostConnection::get() New Host Connection established 0x7f46738eee60, tid 17941
12-09 08:29:04.617 I/ActivityManager( 1593): Displayed com.evancharlton.mileage/.Mileage: +1s289ms
12-09 08:29:04.617 W/art     ( 1593): Long monitor contention event with owner method=void com.android.server.wm.WindowAnimator$1.doFrame(long) from WindowAnimator.java:121 waiters=0 for 217ms
12-09 08:29:04.786 D/gralloc_ranchu( 1219): gralloc_alloc: Creating ashmem region of size 3686400
12-09 08:29:04.805 I/Choreographer(15401): Skipped 31 frames!  The application may be doing too much work on its main thread.
12-09 08:29:05.638 D/gralloc_ranchu( 1219): gralloc_alloc: Creating ashmem region of size 3686400
12-09 08:29:05.888 I/art     (17941): Background sticky concurrent mark sweep GC freed 13783(658KB) AllocSpace objects, 1(20KB) LOS objects, 12% free, 2MB/2MB, paused 21.037ms total 59.264ms
12-09 08:29:05.961 I/System.out(17941): URI: //
12-09 08:29:05.961 I/System.out(17941): params: {json={"command":"set_activity_orientation","arguments":["landscape"]}
12-09 08:29:05.961 I/System.out(17941): }
12-09 08:29:05.962 I/System.out(17941): header: {date=Sun, 09 Dec 2018 08:29:06 GMT, accept=*/*, content-length=64, host=127.0.0.1:34777, user-agent=HTTPClient/1.0 (2.8.3, ruby 2.3.1 (2016-04-26)), content-type=application/json;charset=utf-8}
12-09 08:29:05.962 I/System.out(17941): params: {json={"command":"set_activity_orientation","arguments":["landscape"]}
12-09 08:29:05.962 I/System.out(17941): }
12-09 08:29:05.962 I/System.out(17941): ProP json = {"command":"set_activity_orientation","arguments":["landscape"]}
12-09 08:29:05.962 I/System.out(17941): files: {}
12-09 08:29:05.962 I/System.out(17941): command: {"command":"set_activity_orientation","arguments":["landscape"]}
12-09 08:29:05.988 I/InstrumentationBackend(17941): Got command:'Command:'Line:null,set_activity_orientation', arguments:'[landscape]'
12-09 08:29:05.991 D/gralloc_ranchu( 1219): gralloc_alloc: Creating ashmem region of size 3686400
12-09 08:29:06.187 E/EGL_emulation( 1219): tid 1219: eglCreateSyncKHR(1881): error 0x3004 (EGL_BAD_ATTRIBUTE)
12-09 08:29:06.307 I/ActivityManager( 1593): Config changes=480 {1.0 310mcc260mnc en_US ldltr sw720dp w1280dp h696dp 160dpi xlrg long land finger -keyb/v/h tball/v s.48}
12-09 08:29:06.551 W/art     ( 1593): Long monitor contention event with owner method=void com.android.server.am.ActivityManagerService.setRequestedOrientation(android.os.IBinder, int) from ActivityManagerService.java:4192 waiters=0 for 316ms
12-09 08:29:06.552 I/InputReader( 1593): Reconfiguring input devices.  changes=0x00000004
12-09 08:29:06.552 I/InputReader( 1593): Device reconfigured: id=0, name='qwerty2', size 720x1280, orientation 1, mode 1, display id 0
12-09 08:29:06.689 I/calabash(17941): newActivity1
12-09 08:29:06.729 D/EGL_emulation(15401): eglMakeCurrent: 0x7f46773ddd40: ver 2 0 (tinfo 0x7f466b70b7c0)
12-09 08:29:06.738 I/calabash(17941): newActivity1
12-09 08:29:06.739 W/ActivityManager( 1593): Bad activity token: android.os.BinderProxy@18ff07a
12-09 08:29:06.739 W/ActivityManager( 1593): java.lang.ClassCastException: android.os.BinderProxy cannot be cast to com.android.server.am.ActivityRecord$Token
12-09 08:29:06.739 W/ActivityManager( 1593): 	at com.android.server.am.ActivityRecord.forTokenLocked(ActivityRecord.java:424)
12-09 08:29:06.739 W/ActivityManager( 1593): 	at com.android.server.am.ActivityRecord.isInStackLocked(ActivityRecord.java:1121)
12-09 08:29:06.739 W/ActivityManager( 1593): 	at com.android.server.am.ActivityRecord.getStackLocked(ActivityRecord.java:1126)
12-09 08:29:06.739 W/ActivityManager( 1593): 	at com.android.server.am.ActivityManagerService.getActivityDisplayId(ActivityManagerService.java:8889)
12-09 08:29:06.739 W/ActivityManager( 1593): 	at android.app.ActivityManagerNative.onTransact(ActivityManagerNative.java:2338)
12-09 08:29:06.739 W/ActivityManager( 1593): 	at com.android.server.am.ActivityManagerService.onTransact(ActivityManagerService.java:2443)
12-09 08:29:06.739 W/ActivityManager( 1593): 	at android.os.Binder.execTransact(Binder.java:453)
12-09 08:29:06.741 E/Surface (15401): getSlotFromBufferLocked: unknown buffer: 0x7f4668a83040
12-09 08:29:06.748 W/ActivityManager( 1593): Bad activity token: android.os.BinderProxy@18ff07a
12-09 08:29:06.748 W/ActivityManager( 1593): java.lang.ClassCastException: android.os.BinderProxy cannot be cast to com.android.server.am.ActivityRecord$Token
12-09 08:29:06.748 W/ActivityManager( 1593): 	at com.android.server.am.ActivityRecord.forTokenLocked(ActivityRecord.java:424)
12-09 08:29:06.748 W/ActivityManager( 1593): 	at com.android.server.am.ActivityRecord.isInStackLocked(ActivityRecord.java:1121)
12-09 08:29:06.748 W/ActivityManager( 1593): 	at com.android.server.am.ActivityManagerService.setTaskDescription(ActivityManagerService.java:8547)
12-09 08:29:06.748 W/ActivityManager( 1593): 	at android.app.ActivityManagerNative.onTransact(ActivityManagerNative.java:2410)
12-09 08:29:06.748 W/ActivityManager( 1593): 	at com.android.server.am.ActivityManagerService.onTransact(ActivityManagerService.java:2443)
12-09 08:29:06.748 W/ActivityManager( 1593): 	at android.os.Binder.execTransact(Binder.java:453)
12-09 08:29:06.760 D/EGL_emulation(15401): eglMakeCurrent: 0x7f46773ddd40: ver 2 0 (tinfo 0x7f466b70b7c0)
12-09 08:29:06.785 I/System.out(17941): result:{"bonusInformation":[],"message":"","success":true}
12-09 08:29:06.805 I/WindowManager( 1593): Screen frozen for +816ms due to Window{8ed9fd6 u0 StatusBar}
12-09 08:29:06.813 W/ActivityManager( 1593): Bad activity token: android.os.BinderProxy@18ff07a
12-09 08:29:06.813 W/ActivityManager( 1593): java.lang.ClassCastException: android.os.BinderProxy cannot be cast to com.android.server.am.ActivityRecord$Token
12-09 08:29:06.813 W/ActivityManager( 1593): 	at com.android.server.am.ActivityRecord.forTokenLocked(ActivityRecord.java:424)
12-09 08:29:06.813 W/ActivityManager( 1593): 	at com.android.server.am.ActivityRecord.isInStackLocked(ActivityRecord.java:1121)
12-09 08:29:06.813 W/ActivityManager( 1593): 	at com.android.server.am.ActivityManagerService.getActivityOptions(ActivityManagerService.java:11038)
12-09 08:29:06.813 W/ActivityManager( 1593): 	at android.app.ActivityManagerNative.onTransact(ActivityManagerNative.java:1734)
12-09 08:29:06.813 W/ActivityManager( 1593): 	at com.android.server.am.ActivityManagerService.onTransact(ActivityManagerService.java:2443)
12-09 08:29:06.813 W/ActivityManager( 1593): 	at android.os.Binder.execTransact(Binder.java:453)
12-09 08:29:06.813 W/ActivityManager( 1593): Bad activity token: android.os.BinderProxy@18ff07a
12-09 08:29:06.813 W/ActivityManager( 1593): java.lang.ClassCastException: android.os.BinderProxy cannot be cast to com.android.server.am.ActivityRecord$Token
12-09 08:29:06.813 W/ActivityManager( 1593): 	at com.android.server.am.ActivityRecord.forTokenLocked(ActivityRecord.java:424)
12-09 08:29:06.813 W/ActivityManager( 1593): 	at com.android.server.am.ActivityRecord.isInStackLocked(ActivityRecord.java:1121)
12-09 08:29:06.813 W/ActivityManager( 1593): 	at com.android.server.am.ActivityManagerService.getActivityOptions(ActivityManagerService.java:11038)
12-09 08:29:06.813 W/ActivityManager( 1593): 	at android.app.ActivityManagerNative.onTransact(ActivityManagerNative.java:1734)
12-09 08:29:06.813 W/ActivityManager( 1593): 	at com.android.server.am.ActivityManagerService.onTransact(ActivityManagerService.java:2443)
12-09 08:29:06.813 W/ActivityManager( 1593): 	at android.os.Binder.execTransact(Binder.java:453)
12-09 08:29:06.826 I/art     (17941): Background partial concurrent mark sweep GC freed 2498(239KB) AllocSpace objects, 2(40KB) LOS objects, 39% free, 2MB/4MB, paused 1.524ms total 112.291ms
12-09 08:29:07.229 I/Choreographer(17941): Skipped 38 frames!  The application may be doing too much work on its main thread.
12-09 08:29:07.717 W/art     ( 1593): Long monitor contention event with owner method=void com.android.server.wm.WindowAnimator$1.doFrame(long) from WindowAnimator.java:121 waiters=0 for 233ms
12-09 08:29:07.829 W/art     ( 1593): Long monitor contention event with owner method=int com.android.server.wm.WindowManagerService.relayoutWindow(com.android.server.wm.Session, android.view.IWindow, int, android.view.WindowManager$LayoutParams, int, int, int, int, android.graphics.Rect, android.graphics.Rect, android.graphics.Rect, android.graphics.Rect, android.graphics.Rect, android.graphics.Rect, android.content.res.Configuration, android.view.Surface) from WindowManagerService.java:3103 waiters=0 for 111ms
12-09 08:29:07.830 I/Choreographer(17941): Skipped 35 frames!  The application may be doing too much work on its main thread.
12-09 08:29:07.833 D/gralloc_ranchu( 1219): gralloc_alloc: Creating ashmem region of size 3686400
12-09 08:29:08.019 D/gralloc_ranchu( 1219): gralloc_alloc: Creating ashmem region of size 3686400
12-09 08:29:08.752 D/gralloc_ranchu( 1219): gralloc_alloc: Creating ashmem region of size 3686400
12-09 08:29:09.056 I/art     ( 1593): Starting a blocking GC Explicit
12-09 08:29:09.182 I/art     ( 1593): Explicit concurrent mark sweep GC freed 10804(961KB) AllocSpace objects, 4(80KB) LOS objects, 29% free, 9MB/13MB, paused 17.973ms total 81.033ms
12-09 08:29:09.356 E/SurfaceFlinger( 1219): ro.sf.lcd_density must be defined as a build property
12-09 08:29:09.376 D/gralloc_ranchu( 1219): gralloc_alloc: Creating ashmem region of size 3686400
12-09 08:29:09.437 D/        (17971): HostConnection::get() New Host Connection established 0x7fb8c2292480, tid 17971
12-09 08:29:09.451 E/EGL_emulation( 1219): tid 1219: eglCreateSyncKHR(1881): error 0x3004 (EGL_BAD_ATTRIBUTE)
12-09 08:29:10.465 I/System.out(17941): URI: //
12-09 08:29:10.465 I/System.out(17941): params: {json={"command":"set_activity_orientation","arguments":["portrait"]}
12-09 08:29:10.465 I/System.out(17941): }
12-09 08:29:10.465 I/System.out(17941): header: {date=Sun, 09 Dec 2018 08:29:11 GMT, accept=*/*, content-length=63, host=127.0.0.1:34777, user-agent=HTTPClient/1.0 (2.8.3, ruby 2.3.1 (2016-04-26)), content-type=application/json;charset=utf-8}
12-09 08:29:10.465 I/System.out(17941): params: {json={"command":"set_activity_orientation","arguments":["portrait"]}
12-09 08:29:10.466 I/System.out(17941): }
12-09 08:29:10.466 I/System.out(17941): ProP json = {"command":"set_activity_orientation","arguments":["portrait"]}
12-09 08:29:10.466 I/System.out(17941): files: {}
12-09 08:29:10.466 I/System.out(17941): command: {"command":"set_activity_orientation","arguments":["portrait"]}
12-09 08:29:10.467 I/InstrumentationBackend(17941): Got command:'Command:'Line:null,set_activity_orientation', arguments:'[portrait]'
12-09 08:29:10.488 D/gralloc_ranchu( 1219): gralloc_alloc: Creating ashmem region of size 3686400
12-09 08:29:10.632 E/EGL_emulation( 1219): tid 1219: eglCreateSyncKHR(1881): error 0x3004 (EGL_BAD_ATTRIBUTE)
12-09 08:29:10.876 I/ActivityManager( 1593): Config changes=480 {1.0 310mcc260mnc en_US ldltr sw720dp w720dp h1256dp 160dpi xlrg long port finger -keyb/v/h tball/v s.49}
12-09 08:29:10.878 W/art     ( 1593): Long monitor contention event with owner method=android.content.res.Configuration com.android.server.wm.WindowManagerService.updateOrientationFromAppTokens(android.content.res.Configuration, android.os.IBinder) from WindowManagerService.java:3950 waiters=0 for 137ms
12-09 08:29:11.097 W/art     ( 1593): Long monitor contention event with owner method=void com.android.server.wm.WindowManagerService.setNewConfiguration(android.content.res.Configuration) from WindowManagerService.java:4043 waiters=0 for 219ms
12-09 08:29:11.098 I/InputReader( 1593): Reconfiguring input devices.  changes=0x00000004
12-09 08:29:11.098 I/InputReader( 1593): Device reconfigured: id=0, name='qwerty2', size 720x1280, orientation 0, mode 1, display id 0
12-09 08:29:11.100 W/art     ( 1593): Long monitor contention event with owner method=void com.android.server.am.ActivityManagerService.setRequestedOrientation(android.os.IBinder, int) from ActivityManagerService.java:4192 waiters=1 for 355ms
12-09 08:29:11.222 I/System.out(17941): result:{"bonusInformation":[],"message":"","success":true}
12-09 08:29:11.265 I/calabash(17941): newActivity1
12-09 08:29:11.281 D/EGL_emulation(15401): eglMakeCurrent: 0x7f46773ddd40: ver 2 0 (tinfo 0x7f466b70b7c0)
12-09 08:29:11.282 E/Surface (15401): getSlotFromBufferLocked: unknown buffer: 0x7f4668a82280
12-09 08:29:11.289 I/calabash(17941): newActivity1
12-09 08:29:11.290 W/ActivityManager( 1593): Bad activity token: android.os.BinderProxy@486f4a0
12-09 08:29:11.290 W/ActivityManager( 1593): java.lang.ClassCastException: android.os.BinderProxy cannot be cast to com.android.server.am.ActivityRecord$Token
12-09 08:29:11.290 W/ActivityManager( 1593): 	at com.android.server.am.ActivityRecord.forTokenLocked(ActivityRecord.java:424)
12-09 08:29:11.290 W/ActivityManager( 1593): 	at com.android.server.am.ActivityRecord.isInStackLocked(ActivityRecord.java:1121)
12-09 08:29:11.290 W/ActivityManager( 1593): 	at com.android.server.am.ActivityRecord.getStackLocked(ActivityRecord.java:1126)
12-09 08:29:11.290 W/ActivityManager( 1593): 	at com.android.server.am.ActivityManagerService.getActivityDisplayId(ActivityManagerService.java:8889)
12-09 08:29:11.290 W/ActivityManager( 1593): 	at android.app.ActivityManagerNative.onTransact(ActivityManagerNative.java:2338)
12-09 08:29:11.290 W/ActivityManager( 1593): 	at com.android.server.am.ActivityManagerService.onTransact(ActivityManagerService.java:2443)
12-09 08:29:11.290 W/ActivityManager( 1593): 	at android.os.Binder.execTransact(Binder.java:453)
12-09 08:29:11.291 W/ActivityManager( 1593): Bad activity token: android.os.BinderProxy@486f4a0
12-09 08:29:11.291 W/ActivityManager( 1593): java.lang.ClassCastException: android.os.BinderProxy cannot be cast to com.android.server.am.ActivityRecord$Token
12-09 08:29:11.291 W/ActivityManager( 1593): 	at com.android.server.am.ActivityRecord.forTokenLocked(ActivityRecord.java:424)
12-09 08:29:11.291 W/ActivityManager( 1593): 	at com.android.server.am.ActivityRecord.isInStackLocked(ActivityRecord.java:1121)
12-09 08:29:11.291 W/ActivityManager( 1593): 	at com.android.server.am.ActivityManagerService.setTaskDescription(ActivityManagerService.java:8547)
12-09 08:29:11.291 W/ActivityManager( 1593): 	at android.app.ActivityManagerNative.onTransact(ActivityManagerNative.java:2410)
12-09 08:29:11.291 W/ActivityManager( 1593): 	at com.android.server.am.ActivityManagerService.onTransact(ActivityManagerService.java:2443)
12-09 08:29:11.291 W/ActivityManager( 1593): 	at android.os.Binder.execTransact(Binder.java:453)
12-09 08:29:11.292 D/EGL_emulation(15401): eglMakeCurrent: 0x7f46773ddd40: ver 2 0 (tinfo 0x7f466b70b7c0)
12-09 08:29:11.344 W/ActivityManager( 1593): Bad activity token: android.os.BinderProxy@486f4a0
12-09 08:29:11.344 W/ActivityManager( 1593): java.lang.ClassCastException: android.os.BinderProxy cannot be cast to com.android.server.am.ActivityRecord$Token
12-09 08:29:11.344 W/ActivityManager( 1593): 	at com.android.server.am.ActivityRecord.forTokenLocked(ActivityRecord.java:424)
12-09 08:29:11.344 W/ActivityManager( 1593): 	at com.android.server.am.ActivityRecord.isInStackLocked(ActivityRecord.java:1121)
12-09 08:29:11.344 W/ActivityManager( 1593): 	at com.android.server.am.ActivityManagerService.getActivityOptions(ActivityManagerService.java:11038)
12-09 08:29:11.344 W/ActivityManager( 1593): 	at android.app.ActivityManagerNative.onTransact(ActivityManagerNative.java:1734)
12-09 08:29:11.344 W/ActivityManager( 1593): 	at com.android.server.am.ActivityManagerService.onTransact(ActivityManagerService.java:2443)
12-09 08:29:11.344 W/ActivityManager( 1593): 	at android.os.Binder.execTransact(Binder.java:453)
12-09 08:29:11.344 W/ActivityManager( 1593): Bad activity token: android.os.BinderProxy@486f4a0
12-09 08:29:11.344 W/ActivityManager( 1593): java.lang.ClassCastException: android.os.BinderProxy cannot be cast to com.android.server.am.ActivityRecord$Token
12-09 08:29:11.344 W/ActivityManager( 1593): 	at com.android.server.am.ActivityRecord.forTokenLocked(ActivityRecord.java:424)
12-09 08:29:11.344 W/ActivityManager( 1593): 	at com.android.server.am.ActivityRecord.isInStackLocked(ActivityRecord.java:1121)
12-09 08:29:11.344 W/ActivityManager( 1593): 	at com.android.server.am.ActivityManagerService.getActivityOptions(ActivityManagerService.java:11038)
12-09 08:29:11.344 W/ActivityManager( 1593): 	at android.app.ActivityManagerNative.onTransact(ActivityManagerNative.java:1734)
12-09 08:29:11.344 W/ActivityManager( 1593): 	at com.android.server.am.ActivityManagerService.onTransact(ActivityManagerService.java:2443)
12-09 08:29:11.344 W/ActivityManager( 1593): 	at android.os.Binder.execTransact(Binder.java:453)
12-09 08:29:11.365 I/WindowManager( 1593): Screen frozen for +893ms due to Window{8ed9fd6 u0 StatusBar}
12-09 08:29:11.671 W/art     ( 1593): Long monitor contention event with owner method=void com.android.server.wm.WindowManagerService$H.handleMessage(android.os.Message) from WindowManagerService.java:7820 waiters=0 for 302ms
12-09 08:29:11.680 I/Choreographer(17941): Skipped 36 frames!  The application may be doing too much work on its main thread.
12-09 08:29:11.851 D/gralloc_ranchu( 1219): gralloc_alloc: Creating ashmem region of size 3686400
12-09 08:29:12.498 W/art     ( 1593): Long monitor contention event with owner method=void com.android.server.wm.WindowAnimator$1.doFrame(long) from WindowAnimator.java:121 waiters=0 for 129ms
12-09 08:29:13.169 D/gralloc_ranchu( 1219): gralloc_alloc: Creating ashmem region of size 3686400
12-09 08:29:13.672 I/art     ( 1593): Starting a blocking GC Explicit
12-09 08:29:13.748 I/art     ( 1593): Explicit concurrent mark sweep GC freed 4442(335KB) AllocSpace objects, 0(0B) LOS objects, 30% free, 9MB/13MB, paused 9.101ms total 53.948ms
12-09 08:29:13.795 E/SurfaceFlinger( 1219): ro.sf.lcd_density must be defined as a build property
12-09 08:29:13.810 D/gralloc_ranchu( 1219): gralloc_alloc: Creating ashmem region of size 3686400
12-09 08:29:13.817 D/        (17977): HostConnection::get() New Host Connection established 0x7f3b39052480, tid 17977
12-09 08:29:13.827 D/gralloc_ranchu( 1219): gralloc_alloc: Creating ashmem region of size 3686400
12-09 08:29:13.840 E/EGL_emulation( 1219): tid 1219: eglCreateSyncKHR(1881): error 0x3004 (EGL_BAD_ATTRIBUTE)
