12-09 08:14:20.051 W/ActivityManager( 1591): 	at com.android.server.am.ActivityManagerService.onTransact(ActivityManagerService.java:2443)
12-09 08:14:20.051 W/ActivityManager( 1591): 	at android.os.Binder.execTransact(Binder.java:453)
12-09 08:14:20.060 W/audio_hw_generic( 1307): Hardware backing HAL too slow, could only write 0 of 661 frames
12-09 08:14:20.080 W/audio_hw_generic( 1307): Hardware backing HAL too slow, could only write 0 of 661 frames
12-09 08:14:20.080 D/AudioFlinger( 1307): mixer(0xf4340000) throttle end: throttle time(2)
12-09 08:14:20.087 D/VehicleStatisticsActivity(13511): Checking recalculation ...
12-09 08:14:20.088 D/VehicleStatisticsActivity(13511): Recalculating statistics
12-09 08:14:20.117 W/art     (13511): Suspending all threads took: 27.775ms
12-09 08:14:20.120 D/VehicleStatisticsTask(13511): Calculation starting...
12-09 08:14:20.120 D/VehicleStatisticsActivity(13511): Recalculation started!
12-09 08:14:20.135 D/CalculateTask(13511): Recalculating...
12-09 08:14:20.146 W/ActivityManager( 1591): Bad activity token: android.os.BinderProxy@f6557e6
12-09 08:14:20.146 W/ActivityManager( 1591): java.lang.ClassCastException: android.os.BinderProxy cannot be cast to com.android.server.am.ActivityRecord$Token
12-09 08:14:20.146 W/ActivityManager( 1591): 	at com.android.server.am.ActivityRecord.forTokenLocked(ActivityRecord.java:424)
12-09 08:14:20.146 W/ActivityManager( 1591): 	at com.android.server.am.ActivityRecord.isInStackLocked(ActivityRecord.java:1121)
12-09 08:14:20.146 W/ActivityManager( 1591): 	at com.android.server.am.ActivityManagerService.getActivityOptions(ActivityManagerService.java:11038)
12-09 08:14:20.146 W/ActivityManager( 1591): 	at android.app.ActivityManagerNative.onTransact(ActivityManagerNative.java:1734)
12-09 08:14:20.146 W/ActivityManager( 1591): 	at com.android.server.am.ActivityManagerService.onTransact(ActivityManagerService.java:2443)
12-09 08:14:20.146 W/ActivityManager( 1591): 	at android.os.Binder.execTransact(Binder.java:453)
12-09 08:14:20.146 W/ActivityManager( 1591): Bad activity token: android.os.BinderProxy@f6557e6
12-09 08:14:20.146 W/ActivityManager( 1591): java.lang.ClassCastException: android.os.BinderProxy cannot be cast to com.android.server.am.ActivityRecord$Token
12-09 08:14:20.146 W/ActivityManager( 1591): 	at com.android.server.am.ActivityRecord.forTokenLocked(ActivityRecord.java:424)
12-09 08:14:20.146 W/ActivityManager( 1591): 	at com.android.server.am.ActivityRecord.isInStackLocked(ActivityRecord.java:1121)
12-09 08:14:20.146 W/ActivityManager( 1591): 	at com.android.server.am.ActivityManagerService.getActivityOptions(ActivityManagerService.java:11038)
12-09 08:14:20.146 W/ActivityManager( 1591): 	at android.app.ActivityManagerNative.onTransact(ActivityManagerNative.java:1734)
12-09 08:14:20.146 W/ActivityManager( 1591): 	at com.android.server.am.ActivityManagerService.onTransact(ActivityManagerService.java:2443)
12-09 08:14:20.146 W/ActivityManager( 1591): 	at android.os.Binder.execTransact(Binder.java:453)
12-09 08:14:20.174 D/VehicleStatisticsActivity(13511): Checking recalculation ...
12-09 08:14:20.175 D/VehicleStatisticsActivity(13511): Recalculating statistics
12-09 08:14:20.175 D/VehicleStatisticsTask(13511): Calculation starting...
12-09 08:14:20.175 D/VehicleStatisticsActivity(13511): Recalculation started!
12-09 08:14:20.229 I/art     (13511): Background sticky concurrent mark sweep GC freed 52410(2MB) AllocSpace objects, 2(40KB) LOS objects, 29% free, 3MB/4MB, paused 28.993ms total 211.923ms
12-09 08:14:20.277 D/CalculateTask(13511): Recalculating...
12-09 08:14:20.367 W/audio_hw_generic( 1307): Hardware backing HAL too slow, could only write 0 of 661 frames
12-09 08:14:20.397 W/audio_hw_generic( 1307): Hardware backing HAL too slow, could only write 0 of 661 frames
12-09 08:14:20.412 W/audio_hw_generic( 1307): Hardware backing HAL too slow, could only write 0 of 661 frames
12-09 08:14:20.428 W/audio_hw_generic( 1307): Hardware backing HAL too slow, could only write 0 of 661 frames
12-09 08:14:20.442 W/audio_hw_generic( 1307): Hardware backing HAL too slow, could only write 0 of 661 frames
12-09 08:14:20.460 W/audio_hw_generic( 1307): Hardware backing HAL too slow, could only write 0 of 661 frames
12-09 08:14:20.517 D/VehicleStatisticsTask(13511): Done recalculating!
12-09 08:14:20.523 D/VehicleStatisticsTask(13511): Done recalculating!
12-09 08:14:20.526 D/VehicleStatisticsAdapter(13511): Erasing the cache ...
12-09 08:14:20.528 D/VehicleStatisticsAdapter(13511): Building new values ...
12-09 08:14:20.528 D/VehicleStatisticsAdapter(13511): Writing 29 records to the database ...
12-09 08:14:20.639 D/Mileage.ABS(13511): Finished backup
12-09 08:14:20.670 D/Mileage.ABS(13511): Not backing up; 143
12-09 08:14:20.684 D/VehicleStatisticsAdapter(13511): Erasing the cache ...
12-09 08:14:20.715 E/SurfaceFlinger( 1226): ro.sf.lcd_density must be defined as a build property
12-09 08:14:20.716 D/gralloc_ranchu( 1226): gralloc_alloc: Creating ashmem region of size 3686400
12-09 08:14:20.723 D/VehicleStatisticsAdapter(13511): Building new values ...
12-09 08:14:20.723 D/VehicleStatisticsAdapter(13511): Writing 29 records to the database ...
12-09 08:14:20.763 D/        (13636): HostConnection::get() New Host Connection established 0x7f87c5b92480, tid 13636
12-09 08:14:20.775 D/Mileage.ABS(13511): Not backing up; 248
12-09 08:14:20.776 D/Mileage.ABS(13511): Not backing up; 249
12-09 08:14:20.776 D/Mileage.ABS(13511): Not backing up; 249
12-09 08:14:20.777 D/Mileage.ABS(13511): Not backing up; 250
12-09 08:14:20.777 D/Mileage.ABS(13511): Not backing up; 250
12-09 08:14:20.778 D/Mileage.ABS(13511): Not backing up; 251
12-09 08:14:20.816 E/EGL_emulation( 1226): tid 1226: eglCreateSyncKHR(1881): error 0x3004 (EGL_BAD_ATTRIBUTE)
12-09 08:14:20.979 D/Mileage.ABS(13511): Not backing up; 452
12-09 08:14:20.980 D/Mileage.ABS(13511): Not backing up; 453
12-09 08:14:20.983 D/Mileage.ABS(13511): Not backing up; 456
12-09 08:14:20.983 D/Mileage.ABS(13511): Not backing up; 456
12-09 08:14:20.983 D/Mileage.ABS(13511): Not backing up; 456
12-09 08:14:20.983 D/Mileage.ABS(13511): Not backing up; 456
12-09 08:14:21.048 D/Mileage.ABS(13511): Not backing up; 494
12-09 08:14:21.079 D/Mileage.ABS(13511): Not backing up; 552
12-09 08:14:21.190 D/Mileage.ABS(13511): Not backing up; 663
12-09 08:14:21.254 W/audio_hw_generic( 1307): Not supplying enough data to HAL, expected position 31089940 , only wrote 31089474
12-09 08:14:21.255 W/audio_hw_generic( 1307): Not supplying enough data to HAL, expected position 31089481 , only wrote 31089474
12-09 08:14:21.281 W/audio_hw_generic( 1307): Not supplying enough data to HAL, expected position 31090654 , only wrote 31090135
12-09 08:14:21.312 W/audio_hw_generic( 1307): Not supplying enough data to HAL, expected position 31091506 , only wrote 31091457
12-09 08:14:21.313 W/audio_hw_generic( 1307): Hardware backing HAL too slow, could only write 0 of 661 frames
12-09 08:14:21.313 W/audio_hw_generic( 1307): Hardware backing HAL too slow, could only write 0 of 661 frames
12-09 08:14:21.327 W/audio_hw_generic( 1307): Hardware backing HAL too slow, could only write 0 of 661 frames
12-09 08:14:21.345 W/audio_hw_generic( 1307): Hardware backing HAL too slow, could only write 0 of 661 frames
12-09 08:14:21.384 W/audio_hw_generic( 1307): Hardware backing HAL too slow, could only write 0 of 661 frames
12-09 08:14:21.400 W/audio_hw_generic( 1307): Hardware backing HAL too slow, could only write 0 of 661 frames
12-09 08:14:21.402 W/audio_hw_generic( 1307): Hardware backing HAL too slow, could only write 0 of 661 frames
12-09 08:14:21.420 W/audio_hw_generic( 1307): Hardware backing HAL too slow, could only write 0 of 661 frames
12-09 08:14:21.438 W/audio_hw_generic( 1307): Hardware backing HAL too slow, could only write 0 of 661 frames
12-09 08:14:21.450 W/audio_hw_generic( 1307): Hardware backing HAL too slow, could only write 0 of 661 frames
12-09 08:14:21.466 W/audio_hw_generic( 1307): Hardware backing HAL too slow, could only write 0 of 661 frames
12-09 08:14:21.480 W/audio_hw_generic( 1307): Hardware backing HAL too slow, could only write 0 of 661 frames
12-09 08:14:21.568 W/audio_hw_generic( 1307): Not supplying enough data to HAL, expected position 31102706 , only wrote 31102694
12-09 08:14:21.639 I/System.out(13511): URI: //map
12-09 08:14:21.639 I/System.out(13511): params: {json={"query":"* {text CONTAINS[c] 'Average fuel economy'}","operation":{"method_name":"query","arguments":[]}}
12-09 08:14:21.640 I/System.out(13511): }
12-09 08:14:21.804 W/audio_hw_generic( 1307): Not supplying enough data to HAL, expected position 31113120 , only wrote 31111948
12-09 08:14:21.924 W/audio_hw_generic( 1307): Not supplying enough data to HAL, expected position 31117248 , only wrote 31117236
12-09 08:14:21.980 W/audio_hw_generic( 1307): Hardware backing HAL too slow, could only write 0 of 661 frames
12-09 08:14:22.005 W/audio_hw_generic( 1307): Not supplying enough data to HAL, expected position 31120792 , only wrote 31120541
12-09 08:14:22.037 W/audio_hw_generic( 1307): Not supplying enough data to HAL, expected position 31121946 , only wrote 31121863
12-09 08:14:22.173 D/Mileage.ABS(13511): Finished backup
12-09 08:14:22.189 W/audio_hw_generic( 1307): Not supplying enough data to HAL, expected position 31128577 , only wrote 31128473
12-09 08:14:22.201 D/Mileage.ABS(13511): Not backing up; 509
12-09 08:14:22.305 D/Mileage.ABS(13511): Not backing up; 613
12-09 08:14:22.373 D/Mileage.ABS(13511): Not backing up; 680
12-09 08:14:22.382 D/Mileage.ABS(13511): Not backing up; 690
12-09 08:14:22.383 D/Mileage.ABS(13511): Not backing up; 691
12-09 08:14:22.402 I/art     (13511): Background partial concurrent mark sweep GC freed 23592(1203KB) AllocSpace objects, 4(80KB) LOS objects, 40% free, 3MB/5MB, paused 1.098ms total 681.363ms
12-09 08:14:22.466 D/Mileage.ABS(13511): Not backing up; 774
12-09 08:14:22.467 D/Mileage.ABS(13511): Not backing up; 775
12-09 08:14:22.469 W/audio_hw_generic( 1307): Not supplying enough data to HAL, expected position 31140807 , only wrote 31140371
12-09 08:14:22.477 D/Mileage.ABS(13511): Not backing up; 785
12-09 08:14:22.583 D/Mileage.ABS(13511): Not backing up; 891
12-09 08:14:22.583 D/Mileage.ABS(13511): Not backing up; 891
12-09 08:14:22.584 D/Mileage.ABS(13511): Not backing up; 892
12-09 08:14:22.709 I/System.out(13511): URI: //gesture
12-09 08:14:22.709 I/System.out(13511): params: {json={"query_timeout":5.0,"gestures":[{"query_string":"* {text CONTAINS[c] 'Average fuel economy'}","touches":[{"x":50,"y":50,"offset_x":0,"offset_y":0,"wait":0.0,"time":0.2,"release":true,"query_string":null}]}]}
12-09 08:14:22.709 I/System.out(13511): }
12-09 08:14:22.753 W/audio_hw_generic( 1307): Not supplying enough data to HAL, expected position 31152906 , only wrote 31152269
12-09 08:14:22.753 W/audio_hw_generic( 1307): Not supplying enough data to HAL, expected position 31152275 , only wrote 31152269
12-09 08:14:22.769 W/audio_hw_generic( 1307): Not supplying enough data to HAL, expected position 31152958 , only wrote 31152930
12-09 08:14:22.814 D/Mileage.ABS(13511): Finished backup
12-09 08:14:22.816 D/Mileage.ABS(13511): Not backing up; 93
12-09 08:14:22.889 W/audio_hw_generic( 1307): Not supplying enough data to HAL, expected position 31158225 , only wrote 31158218
12-09 08:14:22.889 W/audio_hw_generic( 1307): Not supplying enough data to HAL, expected position 31158224 , only wrote 31158218
12-09 08:14:22.912 W/audio_hw_generic( 1307): Not supplying enough data to HAL, expected position 31159248 , only wrote 31158879
12-09 08:14:22.921 I/art     (13511): Background sticky concurrent mark sweep GC freed 48147(2MB) AllocSpace objects, 2(40KB) LOS objects, 37% free, 3MB/5MB, paused 1.501ms total 205.555ms
12-09 08:14:22.921 D/Mileage.ABS(13511): Not backing up; 198
12-09 08:14:22.921 D/Mileage.ABS(13511): Not backing up; 198
12-09 08:14:22.955 D/Mileage.ABS(13511): Not backing up; 232
12-09 08:14:23.020 W/audio_hw_generic( 1307): Hardware backing HAL too slow, could only write 0 of 661 frames
12-09 08:14:23.033 W/audio_hw_generic( 1307): Hardware backing HAL too slow, could only write 0 of 661 frames
12-09 08:14:23.063 W/audio_hw_generic( 1307): Hardware backing HAL too slow, could only write 0 of 661 frames
12-09 08:14:23.079 W/audio_hw_generic( 1307): Hardware backing HAL too slow, could only write 0 of 661 frames
12-09 08:14:23.096 W/audio_hw_generic( 1307): Hardware backing HAL too slow, could only write 0 of 661 frames
12-09 08:14:23.157 W/audio_hw_generic( 1307): Not supplying enough data to HAL, expected position 31177814 , only wrote 31168133
12-09 08:14:23.164 I/ActivityManager( 1591): START u0 {cmp=com.evancharlton.mileage/.charts.AverageFuelEconomyChart (has extras)} from uid 10131 on display 0
12-09 08:14:23.256 D/AudioFlinger( 1307): mixer(0xf4340000) throttle end: throttle time(11)
12-09 08:14:23.280 W/audio_hw_generic( 1307): Hardware backing HAL too slow, could only write 0 of 661 frames
12-09 08:14:23.296 W/audio_hw_generic( 1307): Hardware backing HAL too slow, could only write 0 of 661 frames
12-09 08:14:23.517 I/calabash(13511): newActivity1
12-09 08:14:23.518 D/Mileage.ABS(13511): Not backing up; 795
12-09 08:14:23.620 W/aiCharts(13511): License file is invalid or missing. 
12-09 08:14:23.620 W/aiCharts(13511): Please place proper license.lic to /assets folder.
12-09 08:14:23.877 I/art     (13511): Background sticky concurrent mark sweep GC freed 35015(1730KB) AllocSpace objects, 1(20KB) LOS objects, 29% free, 4MB/5MB, paused 997us total 153.885ms
12-09 08:14:23.884 V/PhoneStatusBar( 1681): setLightsOn(true)
12-09 08:14:23.961 W/audio_hw_generic( 1307): Not supplying enough data to HAL, expected position 31200259 , only wrote 31199861
12-09 08:14:23.986 E/SurfaceFlinger( 1226): ro.sf.lcd_density must be defined as a build property
12-09 08:14:23.993 D/gralloc_ranchu( 1226): gralloc_alloc: Creating ashmem region of size 3686400
12-09 08:14:23.995 W/audio_hw_generic( 1307): Not supplying enough data to HAL, expected position 31201372 , only wrote 31201183
12-09 08:14:23.998 D/Mileage.ABS(13511): Finished backup
12-09 08:14:24.005 D/Mileage.ABS(13511): Not backing up; 42
12-09 08:14:24.005 D/Mileage.ABS(13511): Not backing up; 42
12-09 08:14:24.005 D/Mileage.ABS(13511): Not backing up; 42
12-09 08:14:24.006 D/Mileage.ABS(13511): Not backing up; 42
12-09 08:14:24.006 D/Mileage.ABS(13511): Not backing up; 43
12-09 08:14:24.006 D/Mileage.ABS(13511): Not backing up; 43
12-09 08:14:24.006 D/Mileage.ABS(13511): Not backing up; 43
12-09 08:14:24.006 D/Mileage.ABS(13511): Not backing up; 43
12-09 08:14:24.007 D/Mileage.ABS(13511): Not backing up; 43
12-09 08:14:24.007 D/Mileage.ABS(13511): Not backing up; 44
12-09 08:14:24.007 D/Mileage.ABS(13511): Not backing up; 44
12-09 08:14:24.031 W/audio_hw_generic( 1307): Not supplying enough data to HAL, expected position 31202766 , only wrote 31202505
12-09 08:14:24.038 D/        (13653): HostConnection::get() New Host Connection established 0x7f24cd412480, tid 13653
12-09 08:14:24.083 W/audio_hw_generic( 1307): Not supplying enough data to HAL, expected position 31204796 , only wrote 31203827
12-09 08:14:24.103 E/EGL_emulation( 1226): tid 1226: eglCreateSyncKHR(1881): error 0x3004 (EGL_BAD_ATTRIBUTE)
12-09 08:14:24.191 D/Mileage.ABS(13511): Not backing up; 228
12-09 08:14:24.191 D/gralloc_ranchu( 1226): gralloc_alloc: Creating ashmem region of size 372736
12-09 08:14:24.406 D/VehicleStatisticsAdapter(13511): Caching of 29 records complete! (3.876 seconds)
12-09 08:14:24.684 W/art     ( 1591): Long monitor contention event with owner method=void com.android.server.wm.WindowAnimator$1.doFrame(long) from WindowAnimator.java:121 waiters=1 for 241ms
12-09 08:14:24.853 W/audio_hw_generic( 1307): Hardware backing HAL too slow, could only write 0 of 661 frames
12-09 08:14:24.875 W/audio_hw_generic( 1307): Hardware backing HAL too slow, could only write 0 of 661 frames
12-09 08:14:24.891 W/audio_hw_generic( 1307): Hardware backing HAL too slow, could only write 0 of 661 frames
12-09 08:14:24.894 W/art     ( 1591): Long monitor contention event with owner method=void com.android.server.wm.WindowAnimator$1.doFrame(long) from WindowAnimator.java:121 waiters=1 for 346ms
12-09 08:14:24.895 W/art     ( 1591): Long monitor contention event with owner method=java.util.List com.android.server.am.ActivityManagerService.getAllStackInfos() from ActivityManagerService.java:8937 waiters=0 for 451ms
12-09 08:14:24.905 W/audio_hw_generic( 1307): Hardware backing HAL too slow, could only write 0 of 661 frames
12-09 08:14:24.917 D/gralloc_ranchu( 1226): gralloc_alloc: Creating ashmem region of size 3686400
12-09 08:14:24.920 W/audio_hw_generic( 1307): Hardware backing HAL too slow, could only write 0 of 661 frames
12-09 08:14:24.956 W/audio_hw_generic( 1307): Hardware backing HAL too slow, could only write 0 of 661 frames
12-09 08:14:24.966 W/audio_hw_generic( 1307): Hardware backing HAL too slow, could only write 0 of 661 frames
12-09 08:14:24.981 W/audio_hw_generic( 1307): Hardware backing HAL too slow, could only write 0 of 661 frames
12-09 08:14:25.090 W/audio_hw_generic( 1307): Not supplying enough data to HAL, expected position 31248247 , only wrote 31248114
12-09 08:14:25.090 W/audio_hw_generic( 1307): Not supplying enough data to HAL, expected position 31248120 , only wrote 31248114
12-09 08:14:25.093 D/VehicleStatisticsAdapter(13511): Caching of 29 records complete! (4.37 seconds)
12-09 08:14:25.213 W/audio_hw_generic( 1307): Not supplying enough data to HAL, expected position 31253530 , only wrote 31253402
12-09 08:14:25.213 W/audio_hw_generic( 1307): Not supplying enough data to HAL, expected position 31253408 , only wrote 31253402
12-09 08:14:25.453 W/audio_hw_generic( 1307): Not supplying enough data to HAL, expected position 31263980 , only wrote 31263978
12-09 08:14:25.493 W/audio_hw_generic( 1307): Not supplying enough data to HAL, expected position 31265728 , only wrote 31265300
12-09 08:14:25.525 W/audio_hw_generic( 1307): Hardware backing HAL too slow, could only write 0 of 661 frames
12-09 08:14:25.740 W/audio_hw_generic( 1307): Not supplying enough data to HAL, expected position 31276188 , only wrote 31275215
12-09 08:14:25.836 W/audio_hw_generic( 1307): Hardware backing HAL too slow, could only write 0 of 661 frames
12-09 08:14:25.872 W/audio_hw_generic( 1307): Hardware backing HAL too slow, could only write 0 of 661 frames
12-09 08:14:25.882 W/audio_hw_generic( 1307): Hardware backing HAL too slow, could only write 0 of 661 frames
12-09 08:14:25.894 W/art     ( 1591): Long monitor contention event with owner method=void com.android.server.wm.WindowAnimator$1.doFrame(long) from WindowAnimator.java:121 waiters=0 for 125ms
12-09 08:14:25.896 W/audio_hw_generic( 1307): Hardware backing HAL too slow, could only write 0 of 661 frames
