--------- beginning of main
12-09 08:29:25.693 D/AndroidRuntime(18327): >>>>>> START com.android.internal.os.RuntimeInit uid 0 <<<<<<
12-09 08:29:25.698 D/AndroidRuntime(18327): CheckJNI is ON
12-09 08:29:25.741 D/ICU     (18327): No timezone override file found: /data/misc/zoneinfo/current/icu/icu_tzdata.dat
12-09 08:29:26.025 E/memtrack(18327): Couldn't load memtrack module (No such file or directory)
12-09 08:29:26.025 E/android.os.Debug(18327): failed to load memtrack module: -2
12-09 08:29:26.027 I/Radio-JNI(18327): register_android_hardware_Radio DONE
12-09 08:29:26.053 D/AndroidRuntime(18327): Calling main entry com.android.commands.am.Am
--------- beginning of system
12-09 08:29:26.081 I/ActivityManager( 1591): Force stopping com.evancharlton.mileage appid=10139 user=0: start instr
12-09 08:29:26.081 I/ActivityManager( 1591): Killing 18308:com.evancharlton.mileage/u0a139 (adj 0): stop com.evancharlton.mileage
12-09 08:29:26.206 W/ActivityManager( 1591): Crash of app com.evancharlton.mileage running instrumentation ComponentInfo{com.evancharlton.mileage.test/sh.calaba.instrumentationbackend.ClearAppData2}
12-09 08:29:26.206 I/ActivityManager( 1591): Force stopping com.evancharlton.mileage appid=10139 user=0: finished inst
12-09 08:29:26.342 I/ActivityManager( 1591): Start proc 18336:com.evancharlton.mileage/u0a139 for added application com.evancharlton.mileage
12-09 08:29:26.342 W/art     ( 1591): Long monitor contention event with owner method=boolean com.android.server.am.ActivityManagerService.startInstrumentation(android.content.ComponentName, java.lang.String, int, android.os.Bundle, android.app.IInstrumentationWatcher, android.app.IUiAutomationConnection, int, java.lang.String) from ActivityManagerService.java:17066 waiters=0 for 237ms
12-09 08:29:26.343 D/AndroidRuntime(18327): Shutting down VM
12-09 08:29:26.349 W/art     ( 1591): Long monitor contention event with owner method=boolean com.android.server.am.ActivityManagerService.startInstrumentation(android.content.ComponentName, java.lang.String, int, android.os.Bundle, android.app.IInstrumentationWatcher, android.app.IUiAutomationConnection, int, java.lang.String) from ActivityManagerService.java:17066 waiters=1 for 200ms
12-09 08:29:26.349 W/ActivityManager( 1591): Spurious death for ProcessRecord{99df672 0:com.evancharlton.mileage/u0a139}, curProc for 18308: null
12-09 08:29:26.491 W/System  (18336): ClassLoader referenced unknown path: /data/app/com.evancharlton.mileage.test-1/lib/x86_64
12-09 08:29:26.505 W/System  (18336): ClassLoader referenced unknown path: /data/app/com.evancharlton.mileage-1/lib/x86_64
12-09 08:29:26.541 W/art     (18336): Suspending all threads took: 8.209ms
12-09 08:29:26.555 I/art     (18336): Background partial concurrent mark sweep GC freed 4344(207KB) AllocSpace objects, 0(0B) LOS objects, 66% free, 515KB/1539KB, paused 16.775ms total 32.727ms
12-09 08:29:26.634 I/System.out(18336): Main activity name automatically set to: com.evancharlton.mileage.Mileage
12-09 08:29:26.637 I/System.out(18336): Calabash did not load Mono. This is only a problem if you are trying to test a Mono application
12-09 08:29:26.638 I/calabash(18336): Test server port: 7102
12-09 08:29:26.639 I/InstrumentationBackend(18336): Added:'GetPreferences', with key:'get_preferences'
12-09 08:29:26.676 I/InstrumentationBackend(18336): Added:'SetPreferences', with key:'set_preferences'
12-09 08:29:26.681 I/InstrumentationBackend(18336): Added:'ClearPreferences', with key:'clear_preferences'
12-09 08:29:26.681 I/InstrumentationBackend(18336): Added:'PressElement', with key:'press_l10n_element'
12-09 08:29:26.681 I/InstrumentationBackend(18336): Added:'WaitForElement', with key:'wait_for_l10n_element'
12-09 08:29:26.682 I/InstrumentationBackend(18336): Added:'NullAction', with key:'nullAction'
12-09 08:29:26.682 I/InstrumentationBackend(18336): Added:'PressKey', with key:'press_key'
12-09 08:29:26.682 I/InstrumentationBackend(18336): Added:'SetActivityOrientation', with key:'set_activity_orientation'
12-09 08:29:26.682 I/InstrumentationBackend(18336): Added:'GetActivityOrientation', with key:'get_activity_orientation'
12-09 08:29:26.683 I/InstrumentationBackend(18336): Added:'FakeGPSLocation', with key:'set_gps_coordinates'
12-09 08:29:26.683 I/InstrumentationBackend(18336): Added:'SetPropertyByCssSelector', with key:'set_property_by_css_selector'
12-09 08:29:26.683 I/InstrumentationBackend(18336): Added:'GetUrl', with key:'get_url'
12-09 08:29:26.684 I/InstrumentationBackend(18336): Added:'ScrollTo', with key:'scroll_to'
12-09 08:29:26.684 I/InstrumentationBackend(18336): Added:'GetLoadProgress', with key:'get_load_progress'
12-09 08:29:26.684 I/InstrumentationBackend(18336): Added:'DumpHtml', with key:'dump_html'
12-09 08:29:26.684 I/InstrumentationBackend(18336): Added:'DumpBodyHtml', with key:'dump_body_html'
12-09 08:29:26.694 I/InstrumentationBackend(18336): Added:'EnterTextByCssSelector', with key:'enter_text_by_selector'
12-09 08:29:26.696 I/InstrumentationBackend(18336): Added:'AndroidSDKVersion', with key:'android_sdk_version'
12-09 08:29:26.696 I/InstrumentationBackend(18336): Added:'Version', with key:'version'
12-09 08:29:26.696 I/InstrumentationBackend(18336): Added:'Drag', with key:'drag'
12-09 08:29:26.696 I/InstrumentationBackend(18336): Added:'TouchCoordinates', with key:'touch_coordinate'
12-09 08:29:26.701 I/InstrumentationBackend(18336): Added:'LongPressCoordinate', with key:'long_press_coordinate'
12-09 08:29:26.705 I/InstrumentationBackend(18336): Added:'DragCoordinates', with key:'drag_coordinates'
12-09 08:29:26.705 I/InstrumentationBackend(18336): Added:'ResumeApplication', with key:'resume_application'
12-09 08:29:26.705 I/InstrumentationBackend(18336): Added:'Swipe', with key:'swipe'
12-09 08:29:26.706 I/InstrumentationBackend(18336): Added:'DoubleTapCoordinate', with key:'double_tap_coordinate'
12-09 08:29:26.706 I/InstrumentationBackend(18336): Added:'ClickOnScreen', with key:'click_on_screen'
12-09 08:29:26.706 I/InstrumentationBackend(18336): Added:'GetActivityName', with key:'get_activity_name'
12-09 08:29:26.706 I/InstrumentationBackend(18336): Added:'ScrollToView', with key:'scroll_to_view'
12-09 08:29:26.706 I/InstrumentationBackend(18336): Added:'ViewConfiguration', with key:'view_configuration'
12-09 08:29:26.707 I/InstrumentationBackend(18336): Added:'IsCurrentActivityFocused', with key:'is_current_activity_focused'
12-09 08:29:26.707 I/InstrumentationBackend(18336): Added:'SendTcp', with key:'send_tcp'
12-09 08:29:26.707 I/InstrumentationBackend(18336): Added:'DpToDevicePixel', with key:'dp_to_device_pixel'
12-09 08:29:26.707 I/InstrumentationBackend(18336): Added:'KeyboardEnterText', with key:'keyboard_enter_text'
12-09 08:29:26.708 I/InstrumentationBackend(18336): Added:'DeleteSurroundingText', with key:'delete_surrounding_text'
12-09 08:29:26.708 I/InstrumentationBackend(18336): Added:'SetComposingRegion', with key:'set_composing_region'
12-09 08:29:26.708 I/InstrumentationBackend(18336): Added:'SetSelection', with key:'set_selection'
12-09 08:29:26.708 I/InstrumentationBackend(18336): Added:'KeyboardKeyEvent', with key:'keyboard_key_event'
12-09 08:29:26.708 I/InstrumentationBackend(18336): Added:'PressUserActionButton', with key:'press_user_action_button'
12-09 08:29:26.714 I/InstrumentationBackend(18336): Added:'HideSoftKeyboard', with key:'hide_soft_keyboard'
12-09 08:29:26.714 I/InstrumentationBackend(18336): Added:'ListActions', with key:'list_actions'
12-09 08:29:26.714 I/calabash(18336): Instantiating http server at 7102
12-09 08:29:26.715 I/System.out(18336): HTTP Daemon listening on: 7102
12-09 08:29:26.841 I/System.out(18336): URI: //ping
12-09 08:29:26.841 I/System.out(18336): params: {json={}
12-09 08:29:26.841 I/System.out(18336): }
12-09 08:29:26.866 I/System.out(18336): URI: //ping
12-09 08:29:26.866 I/System.out(18336): params: {json={}
12-09 08:29:26.866 I/System.out(18336): }
12-09 08:29:26.917 I/System.out(18336): URI: //ready
12-09 08:29:26.917 I/System.out(18336): params: {json={}
12-09 08:29:26.917 I/System.out(18336): }
12-09 08:29:26.971 I/System.out(18336): URI: //
12-09 08:29:26.971 I/System.out(18336): params: {json={"command":"version","arguments":[]}
12-09 08:29:26.971 I/System.out(18336): }
12-09 08:29:26.971 I/System.out(18336): header: {date=Sun, 09 Dec 2018 08:29:27 GMT, accept=*/*, content-length=36, host=127.0.0.1:34777, user-agent=HTTPClient/1.0 (2.8.3, ruby 2.3.1 (2016-04-26)), content-type=application/json;charset=utf-8}
12-09 08:29:26.971 I/System.out(18336): params: {json={"command":"version","arguments":[]}
12-09 08:29:26.971 I/System.out(18336): }
12-09 08:29:26.971 I/System.out(18336): ProP json = {"command":"version","arguments":[]}
12-09 08:29:26.971 I/System.out(18336): files: {}
12-09 08:29:26.971 I/System.out(18336): command: {"command":"version","arguments":[]}
12-09 08:29:26.984 I/InstrumentationBackend(18336): Got command:'Command:'Line:null,version', arguments:'[]'
12-09 08:29:27.009 I/System.out(18336): result:{"bonusInformation":[],"message":"0.9.8","success":true}
12-09 08:29:27.065 I/System.out(18336): URI: //start-application
12-09 08:29:27.093 I/System.out(18336): params: {json={"intent":null}
12-09 08:29:27.093 I/System.out(18336): }
12-09 08:29:27.225 I/ActivityManager( 1591): START u0 {act=android.intent.action.MAIN cat=[android.intent.category.LAUNCHER] flg=0x10200000 cmp=com.evancharlton.mileage/.Mileage} from uid 10139 on display 0
12-09 08:29:27.276 I/art     (18336): Background partial concurrent mark sweep GC freed 18476(892KB) AllocSpace objects, 1(20KB) LOS objects, 45% free, 1209KB/2MB, paused 1.062ms total 159.110ms
12-09 08:29:27.297 I/calabash(18336): newActivity1
12-09 08:29:27.324 I/calabash(18336): newActivity1
12-09 08:29:27.339 W/ActivityManager( 1591): Bad activity token: android.os.BinderProxy@9593658
12-09 08:29:27.339 W/ActivityManager( 1591): java.lang.ClassCastException: android.os.BinderProxy cannot be cast to com.android.server.am.ActivityRecord$Token
12-09 08:29:27.339 W/ActivityManager( 1591): 	at com.android.server.am.ActivityRecord.forTokenLocked(ActivityRecord.java:424)
12-09 08:29:27.339 W/ActivityManager( 1591): 	at com.android.server.am.ActivityRecord.isInStackLocked(ActivityRecord.java:1121)
12-09 08:29:27.339 W/ActivityManager( 1591): 	at com.android.server.am.ActivityRecord.getStackLocked(ActivityRecord.java:1126)
12-09 08:29:27.339 W/ActivityManager( 1591): 	at com.android.server.am.ActivityManagerService.getActivityDisplayId(ActivityManagerService.java:8889)
12-09 08:29:27.339 W/ActivityManager( 1591): 	at android.app.ActivityManagerNative.onTransact(ActivityManagerNative.java:2338)
12-09 08:29:27.339 W/ActivityManager( 1591): 	at com.android.server.am.ActivityManagerService.onTransact(ActivityManagerService.java:2443)
12-09 08:29:27.339 W/ActivityManager( 1591): 	at android.os.Binder.execTransact(Binder.java:453)
12-09 08:29:27.340 W/ActivityManager( 1591): Bad activity token: android.os.BinderProxy@9593658
12-09 08:29:27.340 W/ActivityManager( 1591): java.lang.ClassCastException: android.os.BinderProxy cannot be cast to com.android.server.am.ActivityRecord$Token
12-09 08:29:27.340 W/ActivityManager( 1591): 	at com.android.server.am.ActivityRecord.forTokenLocked(ActivityRecord.java:424)
12-09 08:29:27.340 W/ActivityManager( 1591): 	at com.android.server.am.ActivityRecord.isInStackLocked(ActivityRecord.java:1121)
12-09 08:29:27.340 W/ActivityManager( 1591): 	at com.android.server.am.ActivityManagerService.setTaskDescription(ActivityManagerService.java:8547)
12-09 08:29:27.340 W/ActivityManager( 1591): 	at android.app.ActivityManagerNative.onTransact(ActivityManagerNative.java:2410)
12-09 08:29:27.340 W/ActivityManager( 1591): 	at com.android.server.am.ActivityManagerService.onTransact(ActivityManagerService.java:2443)
12-09 08:29:27.340 W/ActivityManager( 1591): 	at android.os.Binder.execTransact(Binder.java:453)
12-09 08:29:27.570 D/gralloc_ranchu( 1223): gralloc_alloc: Creating ashmem region of size 3686400
12-09 08:29:27.799 V/PhoneStatusBar( 1720): setLightsOn(true)
12-09 08:29:28.035 D/EGL_emulation( 1950): eglMakeCurrent: 0x7ff61a3b4dc0: ver 2 0 (tinfo 0x7ff61a382d00)
12-09 08:29:28.054 E/Surface ( 1950): getSlotFromBufferLocked: unknown buffer: 0x7ff616759740
12-09 08:29:28.313 D/FillupsProvider(18336): Creating database
12-09 08:29:28.723 W/art     ( 1591): Long monitor contention event with owner method=void com.android.server.wm.WindowAnimator$1.doFrame(long) from WindowAnimator.java:121 waiters=0 for 251ms
12-09 08:29:28.735 I/art     (18336): Background sticky concurrent mark sweep GC freed 7522(524KB) AllocSpace objects, 0(0B) LOS objects, 20% free, 1766KB/2MB, paused 1.086ms total 102.996ms
12-09 08:29:28.926 W/art     ( 1591): Long monitor contention event with owner method=void com.android.server.wm.WindowAnimator$1.doFrame(long) from WindowAnimator.java:121 waiters=1 for 403ms
12-09 08:29:28.930 W/art     ( 1591): Long monitor contention event with owner method=void com.android.server.wm.WindowAnimator$1.doFrame(long) from WindowAnimator.java:121 waiters=1 for 207ms
12-09 08:29:28.977 W/art     ( 1591): Long monitor contention event with owner method=java.util.List com.android.server.am.ActivityManagerService.getAllStackInfos() from ActivityManagerService.java:8937 waiters=0 for 253ms
12-09 08:29:28.978 W/ActivityManager( 1591): Bad activity token: android.os.BinderProxy@9593658
12-09 08:29:28.978 W/ActivityManager( 1591): java.lang.ClassCastException: android.os.BinderProxy cannot be cast to com.android.server.am.ActivityRecord$Token
12-09 08:29:28.978 W/ActivityManager( 1591): 	at com.android.server.am.ActivityRecord.forTokenLocked(ActivityRecord.java:424)
12-09 08:29:28.978 W/ActivityManager( 1591): 	at com.android.server.am.ActivityRecord.isInStackLocked(ActivityRecord.java:1121)
12-09 08:29:28.978 W/ActivityManager( 1591): 	at com.android.server.am.ActivityManagerService.getActivityOptions(ActivityManagerService.java:11038)
12-09 08:29:28.978 W/ActivityManager( 1591): 	at android.app.ActivityManagerNative.onTransact(ActivityManagerNative.java:1734)
12-09 08:29:28.978 W/ActivityManager( 1591): 	at com.android.server.am.ActivityManagerService.onTransact(ActivityManagerService.java:2443)
12-09 08:29:28.978 W/ActivityManager( 1591): 	at android.os.Binder.execTransact(Binder.java:453)
12-09 08:29:28.978 W/ActivityManager( 1591): Bad activity token: android.os.BinderProxy@9593658
12-09 08:29:28.978 W/ActivityManager( 1591): java.lang.ClassCastException: android.os.BinderProxy cannot be cast to com.android.server.am.ActivityRecord$Token
12-09 08:29:28.978 W/ActivityManager( 1591): 	at com.android.server.am.ActivityRecord.forTokenLocked(ActivityRecord.java:424)
12-09 08:29:28.978 W/ActivityManager( 1591): 	at com.android.server.am.ActivityRecord.isInStackLocked(ActivityRecord.java:1121)
12-09 08:29:28.978 W/ActivityManager( 1591): 	at com.android.server.am.ActivityManagerService.getActivityOptions(ActivityManagerService.java:11038)
12-09 08:29:28.978 W/ActivityManager( 1591): 	at android.app.ActivityManagerNative.onTransact(ActivityManagerNative.java:1734)
12-09 08:29:28.978 W/ActivityManager( 1591): 	at com.android.server.am.ActivityManagerService.onTransact(ActivityManagerService.java:2443)
12-09 08:29:28.978 W/ActivityManager( 1591): 	at android.os.Binder.execTransact(Binder.java:453)
12-09 08:29:28.990 I/Choreographer( 1720): Skipped 39 frames!  The application may be doing too much work on its main thread.
12-09 08:29:29.290 D/gralloc_ranchu( 1223): gralloc_alloc: Creating ashmem region of size 3686400
12-09 08:29:29.411 D/        (18336): HostConnection::get() New Host Connection established 0x7ff616753f20, tid 18336
12-09 08:29:29.498 D/gralloc_ranchu( 1223): gralloc_alloc: Creating ashmem region of size 3686400
12-09 08:29:29.502 I/ActivityManager( 1591): Displayed com.evancharlton.mileage/.Mileage: +2s225ms
12-09 08:29:30.167 I/art     (18336): Background partial concurrent mark sweep GC freed 4360(257KB) AllocSpace objects, 0(0B) LOS objects, 39% free, 2MB/3MB, paused 6.030ms total 78.296ms
12-09 08:29:30.240 I/System.out(18336): URI: //gesture
12-09 08:29:30.240 I/System.out(18336): params: {json={"query_timeout":5.0,"gestures":[{"query_string":"android.widget.TabWidget descendant TextView index:3","touches":[{"x":50,"y":50,"offset_x":0,"offset_y":0,"wait":0.0,"time":0.2,"release":true,"query_string":null}]}]}
12-09 08:29:30.240 I/System.out(18336): }
12-09 08:29:30.510 D/gralloc_ranchu( 1223): gralloc_alloc: Creating ashmem region of size 3686400
12-09 08:29:31.321 W/art     (18336): Suspending all threads took: 7.488ms
12-09 08:29:31.390 I/art     (18336): Background sticky concurrent mark sweep GC freed 35589(1546KB) AllocSpace objects, 2(40KB) LOS objects, 26% free, 2MB/3MB, paused 24.096ms total 115.340ms
12-09 08:29:31.394 W/audio_hw_generic( 1307): Hardware backing HAL too slow, could only write 0 of 661 frames
12-09 08:29:31.398 I/calabash(18336): newActivity1
12-09 08:29:31.399 W/ActivityManager( 1591): Bad activity token: android.os.BinderProxy@178ab9c
12-09 08:29:31.399 W/ActivityManager( 1591): java.lang.ClassCastException: android.os.BinderProxy cannot be cast to com.android.server.am.ActivityRecord$Token
12-09 08:29:31.399 W/ActivityManager( 1591): 	at com.android.server.am.ActivityRecord.forTokenLocked(ActivityRecord.java:424)
12-09 08:29:31.399 W/ActivityManager( 1591): 	at com.android.server.am.ActivityRecord.isInStackLocked(ActivityRecord.java:1121)
12-09 08:29:31.399 W/ActivityManager( 1591): 	at com.android.server.am.ActivityRecord.getStackLocked(ActivityRecord.java:1126)
12-09 08:29:31.399 W/ActivityManager( 1591): 	at com.android.server.am.ActivityManagerService.getActivityDisplayId(ActivityManagerService.java:8889)
12-09 08:29:31.399 W/ActivityManager( 1591): 	at android.app.ActivityManagerNative.onTransact(ActivityManagerNative.java:2338)
12-09 08:29:31.399 W/ActivityManager( 1591): 	at com.android.server.am.ActivityManagerService.onTransact(ActivityManagerService.java:2443)
12-09 08:29:31.399 W/ActivityManager( 1591): 	at android.os.Binder.execTransact(Binder.java:453)
12-09 08:29:31.400 W/ActivityManager( 1591): Bad activity token: android.os.BinderProxy@178ab9c
12-09 08:29:31.400 W/ActivityManager( 1591): java.lang.ClassCastException: android.os.BinderProxy cannot be cast to com.android.server.am.ActivityRecord$Token
12-09 08:29:31.400 W/ActivityManager( 1591): 	at com.android.server.am.ActivityRecord.forTokenLocked(ActivityRecord.java:424)
12-09 08:29:31.400 W/ActivityManager( 1591): 	at com.android.server.am.ActivityRecord.isInStackLocked(ActivityRecord.java:1121)
12-09 08:29:31.400 W/ActivityManager( 1591): 	at com.android.server.am.ActivityManagerService.setTaskDescription(ActivityManagerService.java:8547)
12-09 08:29:31.400 W/ActivityManager( 1591): 	at android.app.ActivityManagerNative.onTransact(ActivityManagerNative.java:2410)
12-09 08:29:31.400 W/ActivityManager( 1591): 	at com.android.server.am.ActivityManagerService.onTransact(ActivityManagerService.java:2443)
12-09 08:29:31.400 W/ActivityManager( 1591): 	at android.os.Binder.execTransact(Binder.java:453)
12-09 08:29:31.406 W/ActivityManager( 1591): Bad activity token: android.os.BinderProxy@178ab9c
12-09 08:29:31.406 W/ActivityManager( 1591): java.lang.ClassCastException: android.os.BinderProxy cannot be cast to com.android.server.am.ActivityRecord$Token
12-09 08:29:31.406 W/ActivityManager( 1591): 	at com.android.server.am.ActivityRecord.forTokenLocked(ActivityRecord.java:424)
12-09 08:29:31.406 W/ActivityManager( 1591): 	at com.android.server.am.ActivityRecord.isInStackLocked(ActivityRecord.java:1121)
12-09 08:29:31.406 W/ActivityManager( 1591): 	at com.android.server.am.ActivityManagerService.getActivityOptions(ActivityManagerService.java:11038)
12-09 08:29:31.406 W/ActivityManager( 1591): 	at android.app.ActivityManagerNative.onTransact(ActivityManagerNative.java:1734)
12-09 08:29:31.406 W/ActivityManager( 1591): 	at com.android.server.am.ActivityManagerService.onTransact(ActivityManagerService.java:2443)
12-09 08:29:31.406 W/ActivityManager( 1591): 	at android.os.Binder.execTransact(Binder.java:453)
12-09 08:29:31.407 W/ActivityManager( 1591): Bad activity token: android.os.BinderProxy@178ab9c
12-09 08:29:31.407 W/ActivityManager( 1591): java.lang.ClassCastException: android.os.BinderProxy cannot be cast to com.android.server.am.ActivityRecord$Token
12-09 08:29:31.407 W/ActivityManager( 1591): 	at com.android.server.am.ActivityRecord.forTokenLocked(ActivityRecord.java:424)
12-09 08:29:31.407 W/ActivityManager( 1591): 	at com.android.server.am.ActivityRecord.isInStackLocked(ActivityRecord.java:1121)
12-09 08:29:31.407 W/ActivityManager( 1591): 	at com.android.server.am.ActivityManagerService.getActivityOptions(ActivityManagerService.java:11038)
12-09 08:29:31.407 W/ActivityManager( 1591): 	at android.app.ActivityManagerNative.onTransact(ActivityManagerNative.java:1734)
12-09 08:29:31.407 W/ActivityManager( 1591): 	at com.android.server.am.ActivityManagerService.onTransact(ActivityManagerService.java:2443)
12-09 08:29:31.407 W/ActivityManager( 1591): 	at android.os.Binder.execTransact(Binder.java:453)
12-09 08:29:31.437 W/audio_hw_generic( 1307): Hardware backing HAL too slow, could only write 0 of 661 frames
12-09 08:29:31.439 W/audio_hw_generic( 1307): Hardware backing HAL too slow, could only write 0 of 661 frames
12-09 08:29:31.461 W/audio_hw_generic( 1307): Hardware backing HAL too slow, could only write 0 of 661 frames
12-09 08:29:31.465 I/System.out(18336): URI: //map
12-09 08:29:31.465 I/System.out(18336): params: {json={"query":"android.widget.ListView index:0 android.widget.TextView index:0","operation":{"method_name":"query","arguments":[]}}
12-09 08:29:31.465 I/System.out(18336): }
12-09 08:29:31.469 W/audio_hw_generic( 1307): Hardware backing HAL too slow, could only write 0 of 661 frames
12-09 08:29:31.740 I/System.out(18336): URI: //gesture
12-09 08:29:31.740 I/System.out(18336): params: {json={"query_timeout":5.0,"gestures":[{"query_string":"android.widget.ListView index:0 android.widget.TextView index:0","touches":[{"x":50,"y":50,"offset_x":0,"offset_y":0,"wait":0.0,"time":0.2,"release":true,"query_string":null}]}]}
12-09 08:29:31.740 I/System.out(18336): }
12-09 08:29:32.221 W/audio_hw_generic( 1307): Not supplying enough data to HAL, expected position 38065131 , only wrote 38063685
12-09 08:29:32.221 W/audio_hw_generic( 1307): Not supplying enough data to HAL, expected position 38063692 , only wrote 38063685
12-09 08:29:32.238 W/audio_hw_generic( 1307): Not supplying enough data to HAL, expected position 38064426 , only wrote 38064346
12-09 08:29:32.303 W/audio_hw_generic( 1307): Hardware backing HAL too slow, could only write 0 of 661 frames
12-09 08:29:32.318 W/audio_hw_generic( 1307): Hardware backing HAL too slow, could only write 0 of 661 frames
12-09 08:29:32.605 I/art     (18336): Background sticky concurrent mark sweep GC freed 47555(2MB) AllocSpace objects, 2(40KB) LOS objects, 34% free, 2MB/3MB, paused 5.150ms total 141.405ms
12-09 08:29:32.683 W/audio_hw_generic( 1307): Not supplying enough data to HAL, expected position 38083984 , only wrote 38081532
12-09 08:29:32.683 W/audio_hw_generic( 1307): Not supplying enough data to HAL, expected position 38081543 , only wrote 38081532
12-09 08:29:32.699 W/audio_hw_generic( 1307): Not supplying enough data to HAL, expected position 38082208 , only wrote 38082193
12-09 08:29:32.730 I/ActivityManager( 1591): START u0 {cmp=com.evancharlton.mileage/.VehicleActivity (has extras)} from uid 10139 on display 0
12-09 08:29:32.771 W/audio_hw_generic( 1307): Hardware backing HAL too slow, could only write 0 of 661 frames
12-09 08:29:32.785 W/audio_hw_generic( 1307): Hardware backing HAL too slow, could only write 0 of 661 frames
12-09 08:29:32.821 W/audio_hw_generic( 1307): Not supplying enough data to HAL, expected position 38087592 , only wrote 38086820
12-09 08:29:32.859 W/audio_hw_generic( 1307): Not supplying enough data to HAL, expected position 38088486 , only wrote 38086820
12-09 08:29:32.859 W/audio_hw_generic( 1307): Hardware backing HAL too slow, could only write 0 of 661 frames
12-09 08:29:32.859 W/audio_hw_generic( 1307): Hardware backing HAL too slow, could only write 0 of 661 frames
12-09 08:29:32.886 W/audio_hw_generic( 1307): Hardware backing HAL too slow, could only write 0 of 661 frames
12-09 08:29:32.916 W/audio_hw_generic( 1307): Hardware backing HAL too slow, could only write 0 of 661 frames
12-09 08:29:32.935 W/audio_hw_generic( 1307): Not supplying enough data to HAL, expected position 38090175 , only wrote 38090125
12-09 08:29:32.935 W/audio_hw_generic( 1307): Hardware backing HAL too slow, could only write 0 of 661 frames
12-09 08:29:32.935 W/audio_hw_generic( 1307): Hardware backing HAL too slow, could only write 0 of 661 frames
12-09 08:29:32.940 D/AudioFlinger( 1307): mixer(0xf4340000) throttle end: throttle time(27)
12-09 08:29:33.041 W/audio_hw_generic( 1307): Not supplying enough data to HAL, expected position 38094786 , only wrote 38094752
12-09 08:29:33.110 E/SurfaceFlinger( 1223): ro.sf.lcd_density must be defined as a build property
12-09 08:29:33.119 D/gralloc_ranchu( 1223): gralloc_alloc: Creating ashmem region of size 3686400
12-09 08:29:33.146 I/calabash(18336): newActivity1
12-09 08:29:33.161 D/        (18364): HostConnection::get() New Host Connection established 0x7f2178f92480, tid 18364
12-09 08:29:33.214 E/EGL_emulation( 1223): tid 1223: eglCreateSyncKHR(1881): error 0x3004 (EGL_BAD_ATTRIBUTE)
12-09 08:29:33.492 W/audio_hw_generic( 1307): Not supplying enough data to HAL, expected position 38114661 , only wrote 38114582
12-09 08:29:33.629 I/LatinIME:LogUtils( 1879): Dictionary info: dictionary = spellcheck_contacts.en_US ; version = 1544344173 ; date = ?
12-09 08:29:33.634 I/AccountManagerService( 1591): getTypesVisibleToCaller: isPermitted? true
12-09 08:29:33.677 V/PhoneStatusBar( 1720): setLightsOn(true)
12-09 08:29:33.782 W/audio_hw_generic( 1307): Not supplying enough data to HAL, expected position 38127354 , only wrote 38127141
12-09 08:29:33.782 W/audio_hw_generic( 1307): Not supplying enough data to HAL, expected position 38127148 , only wrote 38127141
12-09 08:29:33.798 W/audio_hw_generic( 1307): Not supplying enough data to HAL, expected position 38127835 , only wrote 38127802
12-09 08:29:33.812 I/LatinIME:LogUtils( 1879): Dictionary info: dictionary = spellcheck_userunigram.en_US ; version = 1544344173 ; date = ?
12-09 08:29:33.931 I/LatinIME:LogUtils( 1879): Dictionary info: dictionary = main:en ; version = 54 ; date = 1414726273
12-09 08:29:33.932 W/art     ( 1879): Long monitor contention event with owner method=void java.lang.Object.wait!(long, int) from Object.java:4294967294 waiters=0 for 306ms
12-09 08:29:33.997 W/audio_hw_generic( 1307): Not supplying enough data to HAL, expected position 38136615 , only wrote 38136395
12-09 08:29:33.998 W/audio_hw_generic( 1307): Not supplying enough data to HAL, expected position 38136402 , only wrote 38136395
12-09 08:29:34.010 D/gralloc_ranchu( 1223): gralloc_alloc: Creating ashmem region of size 3686400
12-09 08:29:34.014 W/audio_hw_generic( 1307): Not supplying enough data to HAL, expected position 38137106 , only wrote 38137056
12-09 08:29:34.093 W/audio_hw_generic( 1307): Hardware backing HAL too slow, could only write 0 of 661 frames
12-09 08:29:34.209 I/art     ( 1879): Background sticky concurrent mark sweep GC freed 2533(238KB) AllocSpace objects, 1(36KB) LOS objects, 19% free, 2MB/2MB, paused 10.316ms total 144.779ms
12-09 08:29:34.269 W/audio_hw_generic( 1307): Not supplying enough data to HAL, expected position 38148331 , only wrote 38146971
12-09 08:29:34.270 W/audio_hw_generic( 1307): Not supplying enough data to HAL, expected position 38146978 , only wrote 38146971
12-09 08:29:34.292 W/audio_hw_generic( 1307): Not supplying enough data to HAL, expected position 38147946 , only wrote 38147632
