12-09 07:52:07.520 W/audio_hw_generic( 1309): Not supplying enough data to HAL, expected position 12919285 , only wrote 12919245
12-09 07:52:07.535 W/audio_hw_generic( 1309): Hardware backing HAL too slow, could only write 0 of 661 frames
12-09 07:52:07.556 W/audio_hw_generic( 1309): Hardware backing HAL too slow, could only write 0 of 661 frames
12-09 07:52:07.566 W/audio_hw_generic( 1309): Hardware backing HAL too slow, could only write 0 of 661 frames
12-09 07:52:07.596 W/audio_hw_generic( 1309): Hardware backing HAL too slow, could only write 0 of 661 frames
12-09 07:52:07.611 W/audio_hw_generic( 1309): Hardware backing HAL too slow, could only write 0 of 661 frames
12-09 07:52:07.713 W/audio_hw_generic( 1309): Not supplying enough data to HAL, expected position 12927715 , only wrote 12927177
12-09 07:52:07.713 W/audio_hw_generic( 1309): Not supplying enough data to HAL, expected position 12927184 , only wrote 12927177
12-09 07:52:07.792 W/audio_hw_generic( 1309): Not supplying enough data to HAL, expected position 12930692 , only wrote 12927838
12-09 07:52:07.808 W/audio_hw_generic( 1309): Not supplying enough data to HAL, expected position 12928520 , only wrote 12928499
12-09 07:52:07.841 W/audio_hw_generic( 1309): Not supplying enough data to HAL, expected position 12929937 , only wrote 12929821
12-09 07:52:08.511 D/hwcomposer( 1224): hw_composer sent 771 syncs in 60s
12-09 07:52:08.914 I/System.out( 7568): URI: //map
12-09 07:52:08.914 I/System.out( 7568): params: {json={"query":"android.widget.EditText id:'price'","operation":{"method_name":"query","arguments":[]}}
12-09 07:52:08.914 I/System.out( 7568): }
12-09 07:52:08.944 W/ResourceType( 7568): No package identifier when getting name for resource number 0x00000001
12-09 07:52:09.110 I/art     ( 7568): Background sticky concurrent mark sweep GC freed 45259(2034KB) AllocSpace objects, 1(20KB) LOS objects, 23% free, 2MB/3MB, paused 935us total 104.476ms
12-09 07:52:09.112 I/System.out( 7568): URI: //gesture
12-09 07:52:09.112 I/System.out( 7568): params: {json={"query_timeout":5.0,"gestures":[{"query_string":"android.widget.EditText id:'price'","touches":[{"x":50,"y":50,"offset_x":0,"offset_y":0,"wait":0.0,"time":0.2,"release":true,"query_string":null}]}]}
12-09 07:52:09.112 I/System.out( 7568): }
12-09 07:52:09.378 W/ResourceType( 7568): No package identifier when getting name for resource number 0x00000001
12-09 07:52:09.616 W/audio_hw_generic( 1309): Not supplying enough data to HAL, expected position 13008114 , only wrote 13007819
12-09 07:52:09.697 W/audio_hw_generic( 1309): Not supplying enough data to HAL, expected position 13011416 , only wrote 13010463
12-09 07:52:09.698 W/audio_hw_generic( 1309): Not supplying enough data to HAL, expected position 13010469 , only wrote 13010463
12-09 07:52:09.716 W/audio_hw_generic( 1309): Not supplying enough data to HAL, expected position 13011266 , only wrote 13011124
12-09 07:52:09.948 W/audio_hw_generic( 1309): Not supplying enough data to HAL, expected position 13021383 , only wrote 13018395
12-09 07:52:09.949 W/audio_hw_generic( 1309): Not supplying enough data to HAL, expected position 13018401 , only wrote 13018395
12-09 07:52:09.968 W/audio_hw_generic( 1309): Not supplying enough data to HAL, expected position 13019269 , only wrote 13019056
12-09 07:52:09.980 I/LatinIME( 1875): Starting input. Cursor position = 0,0
12-09 07:52:09.981 W/art     ( 7568): Suspending all threads took: 13.321ms
12-09 07:52:10.027 W/audio_hw_generic( 1309): Hardware backing HAL too slow, could only write 0 of 661 frames
12-09 07:52:10.061 I/art     ( 7568): Background sticky concurrent mark sweep GC freed 36956(1547KB) AllocSpace objects, 2(40KB) LOS objects, 7% free, 3MB/3MB, paused 14.360ms total 110.285ms
12-09 07:52:10.132 W/audio_hw_generic( 1309): Not supplying enough data to HAL, expected position 13026262 , only wrote 13025666
12-09 07:52:10.132 W/audio_hw_generic( 1309): Hardware backing HAL too slow, could only write 0 of 661 frames
12-09 07:52:10.162 W/audio_hw_generic( 1309): Hardware backing HAL too slow, could only write 0 of 661 frames
12-09 07:52:10.217 D/EGL_emulation( 1875): eglMakeCurrent: 0x7fddd3f84c60: ver 2 0 (tinfo 0x7fddd3f9d5a0)
12-09 07:52:10.259 W/audio_hw_generic( 1309): Not supplying enough data to HAL, expected position 13031283 , only wrote 13030954
12-09 07:52:10.259 W/audio_hw_generic( 1309): Not supplying enough data to HAL, expected position 13030960 , only wrote 13030954
12-09 07:52:10.279 W/audio_hw_generic( 1309): Not supplying enough data to HAL, expected position 13031806 , only wrote 13031615
12-09 07:52:10.536 W/audio_hw_generic( 1309): Not supplying enough data to HAL, expected position 13042976 , only wrote 13042852
12-09 07:52:10.536 W/audio_hw_generic( 1309): Not supplying enough data to HAL, expected position 13042858 , only wrote 13042852
12-09 07:52:10.617 I/System.out( 7568): URI: //
12-09 07:52:10.617 I/System.out( 7568): params: {json={"command":"set_selection","arguments":[-1,-1]}
12-09 07:52:10.617 I/System.out( 7568): }
12-09 07:52:10.617 I/System.out( 7568): header: {date=Sun, 09 Dec 2018 07:52:11 GMT, accept=*/*, content-length=47, host=127.0.0.1:34777, user-agent=HTTPClient/1.0 (2.8.3, ruby 2.3.1 (2016-04-26)), content-type=application/json;charset=utf-8}
12-09 07:52:10.617 I/System.out( 7568): params: {json={"command":"set_selection","arguments":[-1,-1]}
12-09 07:52:10.617 I/System.out( 7568): }
12-09 07:52:10.618 I/System.out( 7568): ProP json = {"command":"set_selection","arguments":[-1,-1]}
12-09 07:52:10.618 I/System.out( 7568): files: {}
12-09 07:52:10.636 I/System.out( 7568): command: {"command":"set_selection","arguments":[-1,-1]}
12-09 07:52:10.652 I/InstrumentationBackend( 7568): Got command:'Command:'Line:null,set_selection', arguments:'[-1, -1]'
12-09 07:52:10.672 I/System.out( 7568): result:{"bonusInformation":[],"message":"","success":true}
12-09 07:52:10.685 I/art     ( 7568): Background partial concurrent mark sweep GC freed 13360(959KB) AllocSpace objects, 5(100KB) LOS objects, 40% free, 3MB/5MB, paused 1.286ms total 102.420ms
12-09 07:52:10.793 W/audio_hw_generic( 1309): Not supplying enough data to HAL, expected position 13054143 , only wrote 13054089
12-09 07:52:10.793 W/audio_hw_generic( 1309): Not supplying enough data to HAL, expected position 13054095 , only wrote 13054089
12-09 07:52:10.815 W/audio_hw_generic( 1309): Not supplying enough data to HAL, expected position 13055062 , only wrote 13054750
12-09 07:52:10.856 I/System.out( 7568): URI: //
12-09 07:52:10.857 I/System.out( 7568): params: {json={"command":"keyboard_enter_text","arguments":["97123743947239847210"]}
12-09 07:52:10.857 I/System.out( 7568): }
12-09 07:52:10.857 I/System.out( 7568): header: {date=Sun, 09 Dec 2018 07:52:11 GMT, accept=*/*, content-length=70, host=127.0.0.1:34777, user-agent=HTTPClient/1.0 (2.8.3, ruby 2.3.1 (2016-04-26)), content-type=application/json;charset=utf-8}
12-09 07:52:10.857 I/System.out( 7568): params: {json={"command":"keyboard_enter_text","arguments":["97123743947239847210"]}
12-09 07:52:10.857 I/System.out( 7568): }
12-09 07:52:10.857 I/System.out( 7568): ProP json = {"command":"keyboard_enter_text","arguments":["97123743947239847210"]}
12-09 07:52:10.857 I/System.out( 7568): files: {}
12-09 07:52:10.857 I/System.out( 7568): command: {"command":"keyboard_enter_text","arguments":["97123743947239847210"]}
12-09 07:52:10.858 I/InstrumentationBackend( 7568): Got command:'Command:'Line:null,keyboard_enter_text', arguments:'[97123743947239847210]'
12-09 07:52:10.859 E/SpannableStringBuilder( 7568): SPAN_EXCLUSIVE_EXCLUSIVE spans cannot have a zero length
12-09 07:52:10.859 E/SpannableStringBuilder( 7568): SPAN_EXCLUSIVE_EXCLUSIVE spans cannot have a zero length
12-09 07:52:10.935 W/audio_hw_generic( 1309): Not supplying enough data to HAL, expected position 13064517 , only wrote 13060038
12-09 07:52:11.045 E/SpannableStringBuilder( 7568): SPAN_EXCLUSIVE_EXCLUSIVE spans cannot have a zero length
12-09 07:52:11.045 E/SpannableStringBuilder( 7568): SPAN_EXCLUSIVE_EXCLUSIVE spans cannot have a zero length
12-09 07:52:11.063 I/System.out( 7568): result:{"bonusInformation":[],"message":"","success":true}
12-09 07:52:11.202 I/System.out( 7568): URI: //map
12-09 07:52:11.202 I/System.out( 7568): params: {json={"query":"android.widget.EditText id:'volume'","operation":{"method_name":"query","arguments":[]}}
12-09 07:52:11.202 I/System.out( 7568): }
12-09 07:52:11.272 W/ResourceType( 7568): No package identifier when getting name for resource number 0x00000001
12-09 07:52:11.406 I/art     ( 7568): Background sticky concurrent mark sweep GC freed 72830(3MB) AllocSpace objects, 7(140KB) LOS objects, 49% free, 2MB/5MB, paused 925us total 115.392ms
12-09 07:52:11.496 I/System.out( 7568): URI: //gesture
12-09 07:52:11.496 I/System.out( 7568): params: {json={"query_timeout":5.0,"gestures":[{"query_string":"android.widget.EditText id:'volume'","touches":[{"x":50,"y":50,"offset_x":0,"offset_y":0,"wait":0.0,"time":0.2,"release":true,"query_string":null}]}]}
12-09 07:52:11.496 I/System.out( 7568): }
12-09 07:52:11.518 W/ResourceType( 7568): No package identifier when getting name for resource number 0x00000001
12-09 07:52:11.865 I/LatinIME( 1875): Starting input. Cursor position = 0,0
12-09 07:52:12.152 I/art     ( 1875): Background sticky concurrent mark sweep GC freed 2180(190KB) AllocSpace objects, 1(20KB) LOS objects, 13% free, 2MB/2MB, paused 939us total 142.088ms
12-09 07:52:12.452 I/System.out( 7568): URI: //
12-09 07:52:12.452 I/System.out( 7568): params: {json={"command":"set_selection","arguments":[-1,-1]}
12-09 07:52:12.452 I/System.out( 7568): }
12-09 07:52:12.452 I/System.out( 7568): header: {date=Sun, 09 Dec 2018 07:52:13 GMT, accept=*/*, content-length=47, host=127.0.0.1:34777, user-agent=HTTPClient/1.0 (2.8.3, ruby 2.3.1 (2016-04-26)), content-type=application/json;charset=utf-8}
12-09 07:52:12.452 I/System.out( 7568): params: {json={"command":"set_selection","arguments":[-1,-1]}
12-09 07:52:12.452 I/System.out( 7568): }
12-09 07:52:12.453 I/System.out( 7568): ProP json = {"command":"set_selection","arguments":[-1,-1]}
12-09 07:52:12.453 I/System.out( 7568): files: {}
12-09 07:52:12.453 I/System.out( 7568): command: {"command":"set_selection","arguments":[-1,-1]}
12-09 07:52:12.454 I/InstrumentationBackend( 7568): Got command:'Command:'Line:null,set_selection', arguments:'[-1, -1]'
12-09 07:52:12.463 I/System.out( 7568): result:{"bonusInformation":[],"message":"","success":true}
12-09 07:52:12.797 I/System.out( 7568): URI: //
12-09 07:52:12.797 I/System.out( 7568): params: {json={"command":"keyboard_enter_text","arguments":["98123743947721092831"]}
12-09 07:52:12.797 I/System.out( 7568): }
12-09 07:52:12.797 I/System.out( 7568): header: {date=Sun, 09 Dec 2018 07:52:13 GMT, accept=*/*, content-length=70, host=127.0.0.1:34777, user-agent=HTTPClient/1.0 (2.8.3, ruby 2.3.1 (2016-04-26)), content-type=application/json;charset=utf-8}
12-09 07:52:12.798 I/System.out( 7568): params: {json={"command":"keyboard_enter_text","arguments":["98123743947721092831"]}
12-09 07:52:12.798 I/System.out( 7568): }
12-09 07:52:12.798 I/System.out( 7568): ProP json = {"command":"keyboard_enter_text","arguments":["98123743947721092831"]}
12-09 07:52:12.798 I/System.out( 7568): files: {}
12-09 07:52:12.798 I/System.out( 7568): command: {"command":"keyboard_enter_text","arguments":["98123743947721092831"]}
12-09 07:52:12.799 I/InstrumentationBackend( 7568): Got command:'Command:'Line:null,keyboard_enter_text', arguments:'[98123743947721092831]'
12-09 07:52:12.800 E/SpannableStringBuilder( 7568): SPAN_EXCLUSIVE_EXCLUSIVE spans cannot have a zero length
12-09 07:52:12.800 E/SpannableStringBuilder( 7568): SPAN_EXCLUSIVE_EXCLUSIVE spans cannot have a zero length
12-09 07:52:12.822 E/SpannableStringBuilder( 7568): SPAN_EXCLUSIVE_EXCLUSIVE spans cannot have a zero length
12-09 07:52:12.822 E/SpannableStringBuilder( 7568): SPAN_EXCLUSIVE_EXCLUSIVE spans cannot have a zero length
12-09 07:52:12.843 I/System.out( 7568): result:{"bonusInformation":[],"message":"","success":true}
12-09 07:52:12.961 I/System.out( 7568): URI: //map
12-09 07:52:12.961 I/System.out( 7568): params: {json={"query":"android.widget.EditText id:'odometer'","operation":{"method_name":"query","arguments":[]}}
12-09 07:52:12.961 I/System.out( 7568): }
12-09 07:52:12.988 W/ResourceType( 7568): No package identifier when getting name for resource number 0x00000001
12-09 07:52:13.099 I/art     ( 7568): Background sticky concurrent mark sweep GC freed 59596(2MB) AllocSpace objects, 7(140KB) LOS objects, 45% free, 2MB/5MB, paused 6.824ms total 78.087ms
12-09 07:52:13.101 I/System.out( 7568): URI: //gesture
12-09 07:52:13.101 I/System.out( 7568): params: {json={"query_timeout":5.0,"gestures":[{"query_string":"android.widget.EditText id:'odometer'","touches":[{"x":50,"y":50,"offset_x":0,"offset_y":0,"wait":0.0,"time":0.2,"release":true,"query_string":null}]}]}
12-09 07:52:13.101 I/System.out( 7568): }
12-09 07:52:13.127 W/ResourceType( 7568): No package identifier when getting name for resource number 0x00000001
12-09 07:52:13.586 I/LatinIME( 1875): Starting input. Cursor position = 0,0
12-09 07:52:14.352 I/System.out( 7568): URI: //
12-09 07:52:14.352 I/System.out( 7568): params: {json={"command":"set_selection","arguments":[-1,-1]}
12-09 07:52:14.352 I/System.out( 7568): }
12-09 07:52:14.352 I/System.out( 7568): header: {date=Sun, 09 Dec 2018 07:52:14 GMT, accept=*/*, content-length=47, host=127.0.0.1:34777, user-agent=HTTPClient/1.0 (2.8.3, ruby 2.3.1 (2016-04-26)), content-type=application/json;charset=utf-8}
12-09 07:52:14.352 I/System.out( 7568): params: {json={"command":"set_selection","arguments":[-1,-1]}
12-09 07:52:14.352 I/System.out( 7568): }
12-09 07:52:14.352 I/System.out( 7568): ProP json = {"command":"set_selection","arguments":[-1,-1]}
12-09 07:52:14.352 I/System.out( 7568): files: {}
12-09 07:52:14.352 I/System.out( 7568): command: {"command":"set_selection","arguments":[-1,-1]}
12-09 07:52:14.369 I/InstrumentationBackend( 7568): Got command:'Command:'Line:null,set_selection', arguments:'[-1, -1]'
12-09 07:52:14.375 I/System.out( 7568): result:{"bonusInformation":[],"message":"","success":true}
12-09 07:52:14.586 I/System.out( 7568): URI: //
12-09 07:52:14.592 I/System.out( 7568): params: {json={"command":"keyboard_enter_text","arguments":["98879898284721092831"]}
12-09 07:52:14.592 I/System.out( 7568): }
12-09 07:52:14.592 I/System.out( 7568): header: {date=Sun, 09 Dec 2018 07:52:15 GMT, accept=*/*, content-length=70, host=127.0.0.1:34777, user-agent=HTTPClient/1.0 (2.8.3, ruby 2.3.1 (2016-04-26)), content-type=application/json;charset=utf-8}
12-09 07:52:14.592 I/System.out( 7568): params: {json={"command":"keyboard_enter_text","arguments":["98879898284721092831"]}
12-09 07:52:14.592 I/System.out( 7568): }
12-09 07:52:14.592 I/System.out( 7568): ProP json = {"command":"keyboard_enter_text","arguments":["98879898284721092831"]}
12-09 07:52:14.592 I/System.out( 7568): files: {}
12-09 07:52:14.592 I/System.out( 7568): command: {"command":"keyboard_enter_text","arguments":["98879898284721092831"]}
12-09 07:52:14.593 I/InstrumentationBackend( 7568): Got command:'Command:'Line:null,keyboard_enter_text', arguments:'[98879898284721092831]'
12-09 07:52:14.608 E/SpannableStringBuilder( 7568): SPAN_EXCLUSIVE_EXCLUSIVE spans cannot have a zero length
12-09 07:52:14.608 E/SpannableStringBuilder( 7568): SPAN_EXCLUSIVE_EXCLUSIVE spans cannot have a zero length
12-09 07:52:14.657 E/SpannableStringBuilder( 7568): SPAN_EXCLUSIVE_EXCLUSIVE spans cannot have a zero length
12-09 07:52:14.657 E/SpannableStringBuilder( 7568): SPAN_EXCLUSIVE_EXCLUSIVE spans cannot have a zero length
12-09 07:52:14.662 I/System.out( 7568): result:{"bonusInformation":[],"message":"","success":true}
12-09 07:52:15.889 I/System.out( 7568): URI: //map
12-09 07:52:15.896 I/System.out( 7568): params: {json={"query":"android.widget.Button index:2","operation":{"method_name":"query","arguments":[]}}
12-09 07:52:15.896 I/System.out( 7568): }
12-09 07:52:15.964 W/art     ( 7568): Suspending all threads took: 7.696ms
12-09 07:52:16.003 I/art     ( 7568): Background sticky concurrent mark sweep GC freed 50856(2MB) AllocSpace objects, 8(160KB) LOS objects, 19% free, 4MB/5MB, paused 8.810ms total 61.962ms
12-09 07:52:16.071 I/System.out( 7568): URI: //gesture
12-09 07:52:16.071 I/System.out( 7568): params: {json={"query_timeout":5.0,"gestures":[{"query_string":"android.widget.Button index:2","touches":[{"x":50,"y":50,"offset_x":0,"offset_y":0,"wait":0.0,"time":0.2,"release":true,"query_string":null}]}]}
12-09 07:52:16.071 I/System.out( 7568): }
12-09 07:52:16.537 D/AudioFlinger( 1309): mixer(0xf4380000) throttle end: throttle time(15)
12-09 07:52:16.560 W/audio_hw_generic( 1309): Hardware backing HAL too slow, could only write 0 of 661 frames
12-09 07:52:16.580 W/audio_hw_generic( 1309): Hardware backing HAL too slow, could only write 0 of 661 frames
12-09 07:52:16.872 W/audio_hw_generic( 1309): Not supplying enough data to HAL, expected position 13075864 , only wrote 13069953
12-09 07:52:16.894 W/audio_hw_generic( 1309): Not supplying enough data to HAL, expected position 13070919 , only wrote 13069953
12-09 07:52:16.953 I/LatinIME( 1875): Starting input. Cursor position = -1,-1
12-09 07:52:17.069 E/SurfaceFlinger( 1224): ro.sf.lcd_density must be defined as a build property
12-09 07:52:17.070 D/gralloc_ranchu( 1224): gralloc_alloc: Creating ashmem region of size 3686400
12-09 07:52:17.120 D/Mileage.ABS( 7568): Finished backup
12-09 07:52:17.122 W/audio_hw_generic( 1309): Not supplying enough data to HAL, expected position 13079998 , only wrote 13079868
12-09 07:52:17.122 W/audio_hw_generic( 1309): Not supplying enough data to HAL, expected position 13079874 , only wrote 13079868
12-09 07:52:17.126 D/Mileage.ABS( 7568): Not backing up; 39
12-09 07:52:17.127 D/Mileage.ABS( 7568): Not backing up; 39
12-09 07:52:17.127 D/Mileage.ABS( 7568): Not backing up; 40
12-09 07:52:17.136 D/        ( 7656): HostConnection::get() New Host Connection established 0x7f256de92480, tid 7656
12-09 07:52:17.197 E/EGL_emulation( 1224): tid 1224: eglCreateSyncKHR(1881): error 0x3004 (EGL_BAD_ATTRIBUTE)
12-09 07:52:17.248 I/InputAttributes( 1875): InputType.TYPE_NULL is specified
12-09 07:52:17.287 D/EGL_emulation( 1875): eglMakeCurrent: 0x7fddd3f84c60: ver 2 0 (tinfo 0x7fddd3f9d5a0)
12-09 07:52:17.288 E/Surface ( 1875): getSlotFromBufferLocked: unknown buffer: 0x7fdddb943900
12-09 07:52:17.374 W/audio_hw_generic( 1309): Not supplying enough data to HAL, expected position 13090951 , only wrote 13089122
12-09 07:52:17.374 W/audio_hw_generic( 1309): Not supplying enough data to HAL, expected position 13089128 , only wrote 13089122
12-09 07:52:17.397 W/audio_hw_generic( 1309): Not supplying enough data to HAL, expected position 13090123 , only wrote 13089783
12-09 07:52:17.434 W/audio_hw_generic( 1309): Not supplying enough data to HAL, expected position 13091446 , only wrote 13091105
12-09 07:52:17.498 W/audio_hw_generic( 1309): Hardware backing HAL too slow, could only write 0 of 661 frames
12-09 07:52:17.511 W/audio_hw_generic( 1309): Hardware backing HAL too slow, could only write 0 of 661 frames
12-09 07:52:17.542 W/audio_hw_generic( 1309): Hardware backing HAL too slow, could only write 0 of 661 frames
12-09 07:52:17.560 W/audio_hw_generic( 1309): Hardware backing HAL too slow, could only write 0 of 661 frames
12-09 07:52:17.644 W/audio_hw_generic( 1309): Hardware backing HAL too slow, could only write 0 of 661 frames
12-09 07:52:17.692 W/audio_hw_generic( 1309): Not supplying enough data to HAL, expected position 13102465 , only wrote 13102342
12-09 07:52:17.769 W/audio_hw_generic( 1309): Not supplying enough data to HAL, expected position 13105722 , only wrote 13105647
12-09 07:52:17.769 W/audio_hw_generic( 1309): Not supplying enough data to HAL, expected position 13105654 , only wrote 13105647
12-09 07:52:17.789 W/audio_hw_generic( 1309): Not supplying enough data to HAL, expected position 13106524 , only wrote 13106308
12-09 07:52:18.224 W/audio_hw_generic( 1309): Not supplying enough data to HAL, expected position 13125523 , only wrote 13124816
12-09 07:52:18.224 W/audio_hw_generic( 1309): Not supplying enough data to HAL, expected position 13124822 , only wrote 13124816
12-09 07:52:18.259 W/audio_hw_generic( 1309): Not supplying enough data to HAL, expected position 13126319 , only wrote 13125477
12-09 07:52:18.314 W/audio_hw_generic( 1309): Hardware backing HAL too slow, could only write 0 of 661 frames
12-09 07:52:18.340 W/audio_hw_generic( 1309): Hardware backing HAL too slow, could only write 0 of 661 frames
12-09 07:52:18.363 W/audio_hw_generic( 1309): Hardware backing HAL too slow, could only write 0 of 661 frames
12-09 07:52:18.373 W/audio_hw_generic( 1309): Hardware backing HAL too slow, could only write 0 of 661 frames
12-09 07:52:18.469 W/audio_hw_generic( 1309): Hardware backing HAL too slow, could only write 0 of 661 frames
12-09 07:52:18.469 W/audio_hw_generic( 1309): Not supplying enough data to HAL, expected position 13134768 , only wrote 13132087
12-09 07:52:18.469 W/audio_hw_generic( 1309): Not supplying enough data to HAL, expected position 13132092 , only wrote 13132087
12-09 07:52:18.487 W/audio_hw_generic( 1309): Not supplying enough data to HAL, expected position 13132878 , only wrote 13132748
12-09 07:52:18.507 W/audio_hw_generic( 1309): Hardware backing HAL too slow, could only write 0 of 661 frames
12-09 07:52:18.528 W/audio_hw_generic( 1309): Hardware backing HAL too slow, could only write 0 of 661 frames
12-09 07:52:18.540 W/audio_hw_generic( 1309): Hardware backing HAL too slow, could only write 0 of 661 frames
12-09 07:52:18.553 W/audio_hw_generic( 1309): Hardware backing HAL too slow, could only write 0 of 661 frames
12-09 07:52:18.590 W/audio_hw_generic( 1309): Hardware backing HAL too slow, could only write 0 of 661 frames
12-09 07:52:18.649 W/audio_hw_generic( 1309): Not supplying enough data to HAL, expected position 13139884 , only wrote 13138036
12-09 07:52:18.661 I/System.out( 7568): URI: //map
12-09 07:52:18.661 I/System.out( 7568): params: {json={"query":"android.widget.ListView index:0 android.widget.TextView index:0","operation":{"method_name":"query","arguments":[]}}
12-09 07:52:18.661 I/System.out( 7568): }
12-09 07:52:18.684 W/audio_hw_generic( 1309): Hardware backing HAL too slow, could only write 0 of 661 frames
12-09 07:52:18.712 W/audio_hw_generic( 1309): Not supplying enough data to HAL, expected position 13140825 , only wrote 13140680
12-09 07:52:18.736 W/audio_hw_generic( 1309): Not supplying enough data to HAL, expected position 13141717 , only wrote 13140680
12-09 07:52:18.769 W/audio_hw_generic( 1309): Not supplying enough data to HAL, expected position 13142146 , only wrote 13142002
12-09 07:52:18.788 W/art     ( 7568): Suspending all threads took: 7.185ms
12-09 07:52:18.839 I/art     ( 7568): Background sticky concurrent mark sweep GC freed 40243(1834KB) AllocSpace objects, 2(40KB) LOS objects, 30% free, 3MB/5MB, paused 8.472ms total 66.587ms
12-09 07:52:19.029 I/System.out( 7568): URI: //gesture
12-09 07:52:19.036 I/System.out( 7568): params: {json={"query_timeout":5.0,"gestures":[{"query_string":"android.widget.ListView index:0 android.widget.TextView index:0","touches":[{"x":50,"y":50,"offset_x":0,"offset_y":0,"wait":0.0,"time":0.2,"release":true,"query_string":null}]}]}
12-09 07:52:19.036 I/System.out( 7568): }
12-09 07:52:19.042 I/art     ( 7568): Background sticky concurrent mark sweep GC freed 48908(1835KB) AllocSpace objects, 0(0B) LOS objects, 27% free, 3MB/5MB, paused 931us total 139.439ms
12-09 07:52:19.212 W/audio_hw_generic( 1309): Hardware backing HAL too slow, could only write 0 of 661 frames
12-09 07:52:19.281 W/audio_hw_generic( 1309): Hardware backing HAL too slow, could only write 0 of 661 frames
12-09 07:52:19.299 W/audio_hw_generic( 1309): Hardware backing HAL too slow, could only write 0 of 661 frames
12-09 07:52:19.556 W/audio_hw_generic( 1309): Hardware backing HAL too slow, could only write 0 of 661 frames
12-09 07:52:19.879 W/audio_hw_generic( 1309): Not supplying enough data to HAL, expected position 13190930 , only wrote 13179679
12-09 07:52:19.925 I/ActivityManager( 1593): START u0 {cmp=com.evancharlton.mileage/.FillupInfoActivity (has extras)} from uid 10121 on display 0
12-09 07:52:19.976 D/AudioFlinger( 1309): mixer(0xf4380000) throttle end: throttle time(22)
12-09 07:52:20.016 W/audio_hw_generic( 1309): Hardware backing HAL too slow, could only write 0 of 661 frames
12-09 07:52:20.016 W/audio_hw_generic( 1309): Hardware backing HAL too slow, could only write 0 of 661 frames
12-09 07:52:20.100 I/calabash( 7568): newActivity1
12-09 07:52:20.222 I/art     ( 7568): Background sticky concurrent mark sweep GC freed 32312(1549KB) AllocSpace objects, 1(20KB) LOS objects, 33% free, 2MB/4MB, paused 13.797ms total 118.754ms
12-09 07:52:20.304 W/audio_hw_generic( 1309): Hardware backing HAL too slow, could only write 0 of 661 frames
12-09 07:52:20.317 W/audio_hw_generic( 1309): Hardware backing HAL too slow, could only write 0 of 661 frames
12-09 07:52:20.328 W/audio_hw_generic( 1309): Hardware backing HAL too slow, could only write 0 of 661 frames
12-09 07:52:20.343 W/audio_hw_generic( 1309): Hardware backing HAL too slow, could only write 0 of 661 frames
12-09 07:52:20.366 W/audio_hw_generic( 1309): Hardware backing HAL too slow, could only write 0 of 661 frames
12-09 07:52:20.377 V/PhoneStatusBar( 1693): setLightsOn(true)
12-09 07:52:20.384 W/audio_hw_generic( 1309): Hardware backing HAL too slow, could only write 0 of 661 frames
12-09 07:52:20.413 W/audio_hw_generic( 1309): Hardware backing HAL too slow, could only write 0 of 661 frames
12-09 07:52:20.423 D/gralloc_ranchu( 1224): gralloc_alloc: Creating ashmem region of size 3686400
12-09 07:52:20.432 W/audio_hw_generic( 1309): Not supplying enough data to HAL, expected position 13200900 , only wrote 13200831
12-09 07:52:20.471 W/audio_hw_generic( 1309): Hardware backing HAL too slow, could only write 0 of 661 frames
12-09 07:52:20.479 E/SurfaceFlinger( 1224): ro.sf.lcd_density must be defined as a build property
12-09 07:52:20.484 W/audio_hw_generic( 1309): Hardware backing HAL too slow, could only write 0 of 661 frames
12-09 07:52:20.502 W/audio_hw_generic( 1309): Hardware backing HAL too slow, could only write 0 of 661 frames
12-09 07:52:20.509 D/gralloc_ranchu( 1224): gralloc_alloc: Creating ashmem region of size 3686400
12-09 07:52:20.590 D/        ( 7664): HostConnection::get() New Host Connection established 0x7f9c3be92480, tid 7664
12-09 07:52:20.609 E/EGL_emulation( 1224): tid 1224: eglCreateSyncKHR(1881): error 0x3004 (EGL_BAD_ATTRIBUTE)
12-09 07:52:20.667 I/ActivityManager( 1593): Displayed com.evancharlton.mileage/.FillupInfoActivity: +590ms
12-09 07:52:20.744 W/audio_hw_generic( 1309): Hardware backing HAL too slow, could only write 0 of 661 frames
12-09 07:52:20.764 W/audio_hw_generic( 1309): Hardware backing HAL too slow, could only write 0 of 661 frames
12-09 07:52:20.767 D/gralloc_ranchu( 1224): gralloc_alloc: Creating ashmem region of size 3686400
12-09 07:52:20.793 W/audio_hw_generic( 1309): Hardware backing HAL too slow, could only write 0 of 661 frames
12-09 07:52:20.804 W/audio_hw_generic( 1309): Hardware backing HAL too slow, could only write 0 of 661 frames
12-09 07:52:20.819 W/audio_hw_generic( 1309): Hardware backing HAL too slow, could only write 0 of 661 frames
12-09 07:52:20.836 W/audio_hw_generic( 1309): Hardware backing HAL too slow, could only write 0 of 661 frames
12-09 07:52:20.867 W/audio_hw_generic( 1309): Not supplying enough data to HAL, expected position 13220007 , only wrote 13220000
12-09 07:52:20.969 W/audio_hw_generic( 1309): Not supplying enough data to HAL, expected position 13224492 , only wrote 13223305
12-09 07:52:20.969 W/audio_hw_generic( 1309): Not supplying enough data to HAL, expected position 13223312 , only wrote 13223305
12-09 07:52:20.986 W/audio_hw_generic( 1309): Not supplying enough data to HAL, expected position 13224083 , only wrote 13223966
12-09 07:52:21.002 W/audio_hw_generic( 1309): Hardware backing HAL too slow, could only write 0 of 661 frames
12-09 07:52:21.018 W/audio_hw_generic( 1309): Hardware backing HAL too slow, could only write 0 of 661 frames
12-09 07:52:21.036 W/audio_hw_generic( 1309): Hardware backing HAL too slow, could only write 0 of 661 frames
12-09 07:52:21.053 W/audio_hw_generic( 1309): Hardware backing HAL too slow, could only write 0 of 661 frames
12-09 07:52:21.063 W/audio_hw_generic( 1309): Hardware backing HAL too slow, could only write 0 of 661 frames
12-09 07:52:21.096 W/audio_hw_generic( 1309): Hardware backing HAL too slow, could only write 0 of 661 frames
12-09 07:52:21.174 W/audio_hw_generic( 1309): Not supplying enough data to HAL, expected position 13232227 , only wrote 13231898
12-09 07:52:21.174 W/audio_hw_generic( 1309): Not supplying enough data to HAL, expected position 13231904 , only wrote 13231898
12-09 07:52:21.191 W/audio_hw_generic( 1309): Not supplying enough data to HAL, expected position 13232647 , only wrote 13232559
12-09 07:52:21.473 W/audio_hw_generic( 1309): Not supplying enough data to HAL, expected position 13244979 , only wrote 13244457
12-09 07:52:21.473 W/audio_hw_generic( 1309): Hardware backing HAL too slow, could only write 0 of 661 frames
12-09 07:52:21.479 W/art     ( 1593): Long monitor contention event with owner method=void com.android.server.wm.WindowAnimator$1.doFrame(long) from WindowAnimator.java:121 waiters=0 for 179ms
12-09 07:52:21.520 W/audio_hw_generic( 1309): Hardware backing HAL too slow, could only write 0 of 661 frames
12-09 07:52:21.526 W/audio_hw_generic( 1309): Hardware backing HAL too slow, could only write 0 of 661 frames
12-09 07:52:21.544 W/audio_hw_generic( 1309): Hardware backing HAL too slow, could only write 0 of 661 frames
12-09 07:52:21.556 W/audio_hw_generic( 1309): Hardware backing HAL too slow, could only write 0 of 661 frames
12-09 07:52:21.571 W/audio_hw_generic( 1309): Hardware backing HAL too slow, could only write 0 of 661 frames
12-09 07:52:21.805 D/gralloc_ranchu( 1224): gralloc_alloc: Creating ashmem region of size 3686400
12-09 07:52:21.808 I/System.out( 7568): URI: //map
12-09 07:52:21.808 I/System.out( 7568): params: {json={"query":"android.widget.Button index:1","operation":{"method_name":"query","arguments":[]}}
12-09 07:52:21.808 I/System.out( 7568): }
12-09 07:52:22.146 W/audio_hw_generic( 1309): Hardware backing HAL too slow, could only write 0 of 661 frames
12-09 07:52:22.193 W/audio_hw_generic( 1309): Hardware backing HAL too slow, could only write 0 of 661 frames
12-09 07:52:22.247 W/audio_hw_generic( 1309): Not supplying enough data to HAL, expected position 13278621 , only wrote 13278168
12-09 07:52:22.247 W/audio_hw_generic( 1309): Not supplying enough data to HAL, expected position 13278174 , only wrote 13278168
12-09 07:52:22.264 W/audio_hw_generic( 1309): Not supplying enough data to HAL, expected position 13278888 , only wrote 13278829
12-09 07:52:22.288 I/System.out( 7568): URI: //gesture
12-09 07:52:22.289 I/System.out( 7568): params: {json={"query_timeout":5.0,"gestures":[{"query_string":"android.widget.Button index:1","touches":[{"x":50,"y":50,"offset_x":0,"offset_y":0,"wait":0.0,"time":0.2,"release":true,"query_string":null}]}]}
12-09 07:52:22.289 I/System.out( 7568): }
12-09 07:52:22.504 W/audio_hw_generic( 1309): Not supplying enough data to HAL, expected position 13289422 , only wrote 13289405
12-09 07:52:22.570 I/ActivityManager( 1593): START u0 {cmp=com.evancharlton.mileage/.FillupInfoActivity (has extras)} from uid 10121 on display 0
12-09 07:52:22.687 D/AudioFlinger( 1309): mixer(0xf4380000) throttle end: throttle time(9)
12-09 07:52:22.750 W/audio_hw_generic( 1309): Not supplying enough data to HAL, expected position 13300271 , only wrote 13299320
12-09 07:52:22.781 W/audio_hw_generic( 1309): Not supplying enough data to HAL, expected position 13300668 , only wrote 13300642
12-09 07:52:22.810 I/calabash( 7568): newActivity1
12-09 07:52:23.078 I/art     ( 7568): Background sticky concurrent mark sweep GC freed 33683(1610KB) AllocSpace objects, 1(20KB) LOS objects, 35% free, 3MB/4MB, paused 16.344ms total 135.243ms
12-09 07:52:23.113 V/PhoneStatusBar( 1693): setLightsOn(true)
12-09 07:52:23.179 D/gralloc_ranchu( 1224): gralloc_alloc: Creating ashmem region of size 3686400
12-09 07:52:23.226 E/SurfaceFlinger( 1224): ro.sf.lcd_density must be defined as a build property
12-09 07:52:23.232 D/gralloc_ranchu( 1224): gralloc_alloc: Creating ashmem region of size 3686400
12-09 07:52:23.259 W/audio_hw_generic( 1309): Hardware backing HAL too slow, could only write 0 of 661 frames
12-09 07:52:23.259 W/audio_hw_generic( 1309): Not supplying enough data to HAL, expected position 13321726 , only wrote 13321133
12-09 07:52:23.259 W/audio_hw_generic( 1309): Not supplying enough data to HAL, expected position 13321138 , only wrote 13321133
12-09 07:52:23.279 W/audio_hw_generic( 1309): Not supplying enough data to HAL, expected position 13321995 , only wrote 13321794
12-09 07:52:23.292 D/        ( 7670): HostConnection::get() New Host Connection established 0x7f14e98d2480, tid 7670
12-09 07:52:23.316 E/EGL_emulation( 1224): tid 1224: eglCreateSyncKHR(1881): error 0x3004 (EGL_BAD_ATTRIBUTE)
12-09 07:52:23.394 W/audio_hw_generic( 1309): Hardware backing HAL too slow, could only write 0 of 661 frames
12-09 07:52:23.410 W/audio_hw_generic( 1309): Hardware backing HAL too slow, could only write 0 of 661 frames
12-09 07:52:23.517 W/art     ( 1593): Long monitor contention event with owner method=void com.android.server.wm.WindowAnimator$1.doFrame(long) from WindowAnimator.java:121 waiters=0 for 224ms
12-09 07:52:23.634 W/audio_hw_generic( 1309): Hardware backing HAL too slow, could only write 0 of 661 frames
12-09 07:52:23.668 W/audio_hw_generic( 1309): Hardware backing HAL too slow, could only write 0 of 661 frames
12-09 07:52:23.681 W/audio_hw_generic( 1309): Hardware backing HAL too slow, could only write 0 of 661 frames
12-09 07:52:23.781 W/art     ( 1593): Long monitor contention event with owner method=void com.android.server.wm.WindowAnimator$1.doFrame(long) from WindowAnimator.java:121 waiters=1 for 144ms
12-09 07:52:23.969 W/audio_hw_generic( 1309): Not supplying enough data to HAL, expected position 13352238 , only wrote 13351539
12-09 07:52:23.969 W/audio_hw_generic( 1309): Not supplying enough data to HAL, expected position 13351545 , only wrote 13351539
12-09 07:52:23.983 W/art     ( 1593): Long monitor contention event with owner method=void com.android.server.wm.WindowAnimator$1.doFrame(long) from WindowAnimator.java:121 waiters=1 for 202ms
12-09 07:52:23.986 W/audio_hw_generic( 1309): Not supplying enough data to HAL, expected position 13352285 , only wrote 13352200
12-09 07:52:24.124 W/audio_hw_generic( 1309): Not supplying enough data to HAL, expected position 13358264 , only wrote 13356166
12-09 07:52:24.124 W/audio_hw_generic( 1309): Not supplying enough data to HAL, expected position 13356172 , only wrote 13356166
12-09 07:52:24.153 W/audio_hw_generic( 1309): Not supplying enough data to HAL, expected position 13357448 , only wrote 13356827
12-09 07:52:24.252 W/audio_hw_generic( 1309): Not supplying enough data to HAL, expected position 13361182 , only wrote 13360793
12-09 07:52:24.261 I/ActivityManager( 1593): Displayed com.evancharlton.mileage/.FillupInfoActivity: +1s644ms
12-09 07:52:24.516 W/audio_hw_generic( 1309): Not supplying enough data to HAL, expected position 13372467 , only wrote 13371369
12-09 07:52:24.576 I/System.out( 7568): URI: //map
12-09 07:52:24.576 I/System.out( 7568): params: {json={"query":"android.widget.Button index:0","operation":{"method_name":"query","arguments":[]}}
12-09 07:52:24.576 I/System.out( 7568): }
12-09 07:52:24.661 I/Choreographer( 7568): Skipped 39 frames!  The application may be doing too much work on its main thread.
12-09 07:52:24.662 D/gralloc_ranchu( 1224): gralloc_alloc: Creating ashmem region of size 3686400
12-09 07:52:24.668 W/audio_hw_generic( 1309): Not supplying enough data to HAL, expected position 13378067 , only wrote 13377979
12-09 07:52:24.668 W/audio_hw_generic( 1309): Not supplying enough data to HAL, expected position 13377985 , only wrote 13377979
12-09 07:52:24.684 W/audio_hw_generic( 1309): Not supplying enough data to HAL, expected position 13378679 , only wrote 13378640
12-09 07:52:24.736 W/audio_hw_generic( 1309): Hardware backing HAL too slow, could only write 0 of 661 frames
12-09 07:52:24.975 D/gralloc_ranchu( 1224): gralloc_alloc: Creating ashmem region of size 3686400
12-09 07:52:25.132 I/art     ( 7568): Background partial concurrent mark sweep GC freed 47200(2MB) AllocSpace objects, 4(80KB) LOS objects, 40% free, 2MB/4MB, paused 931us total 103.559ms
12-09 07:52:25.166 I/System.out( 7568): URI: //gesture
12-09 07:52:25.166 I/System.out( 7568): params: {json={"query_timeout":5.0,"gestures":[{"query_string":"android.widget.Button index:0","touches":[{"x":50,"y":50,"offset_x":0,"offset_y":0,"wait":0.0,"time":0.2,"release":true,"query_string":null}]}]}
12-09 07:52:25.166 I/System.out( 7568): }
12-09 07:52:25.506 I/ActivityManager( 1593): START u0 {cmp=com.evancharlton.mileage/.FillupInfoActivity (has extras)} from uid 10121 on display 0
12-09 07:52:25.509 W/audio_hw_generic( 1309): Not supplying enough data to HAL, expected position 13414983 , only wrote 13414334
12-09 07:52:25.509 W/audio_hw_generic( 1309): Not supplying enough data to HAL, expected position 13414340 , only wrote 13414334
12-09 07:52:25.524 W/audio_hw_generic( 1309): Not supplying enough data to HAL, expected position 13415024 , only wrote 13414995
12-09 07:52:25.540 W/audio_hw_generic( 1309): Not supplying enough data to HAL, expected position 13415684 , only wrote 13415656
12-09 07:52:25.757 I/calabash( 7568): newActivity1
12-09 07:52:25.759 W/audio_hw_generic( 1309): Not supplying enough data to HAL, expected position 13425328 , only wrote 13422927
12-09 07:52:25.759 W/audio_hw_generic( 1309): Not supplying enough data to HAL, expected position 13422933 , only wrote 13422927
12-09 07:52:25.856 W/audio_hw_generic( 1309): Not supplying enough data to HAL, expected position 13427192 , only wrote 13423588
12-09 07:52:25.969 W/audio_hw_generic( 1309): Not supplying enough data to HAL, expected position 13428548 , only wrote 13428215
12-09 07:52:25.969 W/audio_hw_generic( 1309): Not supplying enough data to HAL, expected position 13428222 , only wrote 13428215
12-09 07:52:26.004 W/audio_hw_generic( 1309): Not supplying enough data to HAL, expected position 13429589 , only wrote 13429537
12-09 07:52:26.043 W/audio_hw_generic( 1309): Hardware backing HAL too slow, could only write 0 of 661 frames
12-09 07:52:26.054 V/PhoneStatusBar( 1693): setLightsOn(true)
12-09 07:52:26.058 W/audio_hw_generic( 1309): Hardware backing HAL too slow, could only write 0 of 661 frames
12-09 07:52:26.085 D/gralloc_ranchu( 1224): gralloc_alloc: Creating ashmem region of size 3686400
12-09 07:52:26.196 E/SurfaceFlinger( 1224): ro.sf.lcd_density must be defined as a build property
12-09 07:52:26.270 D/gralloc_ranchu( 1224): gralloc_alloc: Creating ashmem region of size 3686400
12-09 07:52:26.290 D/        ( 7676): HostConnection::get() New Host Connection established 0x7f4809e12480, tid 7676
12-09 07:52:26.310 E/EGL_emulation( 1224): tid 1224: eglCreateSyncKHR(1881): error 0x3004 (EGL_BAD_ATTRIBUTE)
12-09 07:52:26.416 W/audio_hw_generic( 1309): Not supplying enough data to HAL, expected position 13447884 , only wrote 13447384
12-09 07:52:26.416 W/audio_hw_generic( 1309): Not supplying enough data to HAL, expected position 13447390 , only wrote 13447384
12-09 07:52:26.445 W/audio_hw_generic( 1309): Not supplying enough data to HAL, expected position 13448650 , only wrote 13448045
12-09 07:52:26.476 W/audio_hw_generic( 1309): Hardware backing HAL too slow, could only write 0 of 661 frames
12-09 07:52:26.490 W/audio_hw_generic( 1309): Hardware backing HAL too slow, could only write 0 of 661 frames
12-09 07:52:26.507 W/audio_hw_generic( 1309): Hardware backing HAL too slow, could only write 0 of 661 frames
12-09 07:52:26.814 W/art     ( 1593): Long monitor contention event with owner method=void com.android.server.wm.WindowAnimator$1.doFrame(long) from WindowAnimator.java:121 waiters=0 for 128ms
12-09 07:52:26.931 W/audio_hw_generic( 1309): Not supplying enough data to HAL, expected position 13469474 , only wrote 13466553
12-09 07:52:26.931 W/audio_hw_generic( 1309): Not supplying enough data to HAL, expected position 13466560 , only wrote 13466553
12-09 07:52:26.978 W/art     ( 1593): Long monitor contention event with owner method=void com.android.server.wm.WindowAnimator$1.doFrame(long) from WindowAnimator.java:121 waiters=1 for 219ms
12-09 07:52:27.008 W/audio_hw_generic( 1309): Not supplying enough data to HAL, expected position 13469955 , only wrote 13467214
12-09 07:52:27.008 W/audio_hw_generic( 1309): Hardware backing HAL too slow, could only write 0 of 661 frames
12-09 07:52:27.039 W/audio_hw_generic( 1309): Hardware backing HAL too slow, could only write 0 of 661 frames
12-09 07:52:27.129 W/audio_hw_generic( 1309): Not supplying enough data to HAL, expected position 13472533 , only wrote 13472502
12-09 07:52:27.129 W/audio_hw_generic( 1309): Not supplying enough data to HAL, expected position 13472508 , only wrote 13472502
12-09 07:52:27.144 W/audio_hw_generic( 1309): Not supplying enough data to HAL, expected position 13473182 , only wrote 13473163
12-09 07:52:27.145 W/audio_hw_generic( 1309): Hardware backing HAL too slow, could only write 0 of 661 frames
12-09 07:52:27.183 W/art     ( 1593): Long monitor contention event with owner method=void com.android.server.wm.WindowAnimator$1.doFrame(long) from WindowAnimator.java:121 waiters=1 for 204ms
12-09 07:52:27.579 W/audio_hw_generic( 1309): Not supplying enough data to HAL, expected position 13492330 , only wrote 13491671
12-09 07:52:27.579 W/audio_hw_generic( 1309): Not supplying enough data to HAL, expected position 13491677 , only wrote 13491671
12-09 07:52:27.794 W/art     ( 1593): Long monitor contention event with owner method=void com.android.server.wm.WindowAnimator$1.doFrame(long) from WindowAnimator.java:121 waiters=1 for 184ms
12-09 07:52:27.884 W/audio_hw_generic( 1309): Hardware backing HAL too slow, could only write 0 of 661 frames
12-09 07:52:27.886 W/art     ( 1593): Long monitor contention event with owner method=void com.android.server.wm.WindowAnimator$1.doFrame(long) from WindowAnimator.java:121 waiters=1 for 191ms
12-09 07:52:27.939 W/audio_hw_generic( 1309): Hardware backing HAL too slow, could only write 0 of 661 frames
12-09 07:52:27.969 W/art     ( 1593): Long monitor contention event with owner method=void com.android.server.wm.WindowAnimator$1.doFrame(long) from WindowAnimator.java:121 waiters=1 for 175ms
12-09 07:52:28.071 D/gralloc_ranchu( 1224): gralloc_alloc: Creating ashmem region of size 3686400
12-09 07:52:28.072 W/art     ( 1593): Long monitor contention event with owner method=java.util.List com.android.server.am.ActivityManagerService.getAllStackInfos() from ActivityManagerService.java:8937 waiters=0 for 909ms
12-09 07:52:28.081 D/AndroidRuntime( 7679): >>>>>> START com.android.internal.os.RuntimeInit uid 0 <<<<<<
12-09 07:52:28.082 D/AndroidRuntime( 7679): CheckJNI is ON
12-09 07:52:28.133 D/ICU     ( 7679): No timezone override file found: /data/misc/zoneinfo/current/icu/icu_tzdata.dat
12-09 07:52:28.165 I/ActivityManager( 1593): Displayed com.evancharlton.mileage/.FillupInfoActivity: +2s513ms
12-09 07:52:28.165 W/audio_hw_generic( 1309): Hardware backing HAL too slow, could only write 0 of 661 frames
12-09 07:52:28.237 E/memtrack( 7679): Couldn't load memtrack module (No such file or directory)
12-09 07:52:28.237 E/android.os.Debug( 7679): failed to load memtrack module: -2
12-09 07:52:28.239 I/Radio-JNI( 7679): register_android_hardware_Radio DONE
12-09 07:52:28.277 D/AndroidRuntime( 7679): Calling main entry com.android.commands.input.Input
12-09 07:52:28.278 I/Input   ( 7679): injectKeyEvent: KeyEvent { action=ACTION_DOWN, keyCode=KEYCODE_BACK, scanCode=0, metaState=0, flags=0x0, repeatCount=0, eventTime=3362859, downTime=3362859, deviceId=-1, source=0x101 }
12-09 07:52:28.345 W/audio_hw_generic( 1309): Hardware backing HAL too slow, could only write 0 of 661 frames
12-09 07:52:28.417 W/audio_hw_generic( 1309): Not supplying enough data to HAL, expected position 13528598 , only wrote 13527365
12-09 07:52:28.417 W/audio_hw_generic( 1309): Not supplying enough data to HAL, expected position 13527371 , only wrote 13527365
12-09 07:52:28.472 W/audio_hw_generic( 1309): Not supplying enough data to HAL, expected position 13529801 , only wrote 13528026
12-09 07:52:28.545 W/art     ( 1593): Long monitor contention event with owner method=void com.android.server.wm.WindowAnimator$1.doFrame(long) from WindowAnimator.java:121 waiters=0 for 192ms
12-09 07:52:28.661 I/Input   ( 7679): injectKeyEvent: KeyEvent { action=ACTION_UP, keyCode=KEYCODE_BACK, scanCode=0, metaState=0, flags=0x0, repeatCount=0, eventTime=3362859, downTime=3362859, deviceId=-1, source=0x101 }
12-09 07:52:28.709 W/audio_hw_generic( 1309): Not supplying enough data to HAL, expected position 13546614 , only wrote 13536619
12-09 07:52:28.802 D/AndroidRuntime( 7679): Shutting down VM
12-09 07:52:28.925 D/gralloc_ranchu( 1224): gralloc_alloc: Creating ashmem region of size 3686400
12-09 07:52:29.046 W/ActivityManager( 1593): Bad activity token: android.os.BinderProxy@f482005
12-09 07:52:29.046 W/ActivityManager( 1593): java.lang.ClassCastException: android.os.BinderProxy cannot be cast to com.android.server.am.ActivityRecord$Token
12-09 07:52:29.046 W/ActivityManager( 1593): 	at com.android.server.am.ActivityRecord.forTokenLocked(ActivityRecord.java:424)
12-09 07:52:29.046 W/ActivityManager( 1593): 	at com.android.server.am.ActivityRecord.isInStackLocked(ActivityRecord.java:1121)
12-09 07:52:29.046 W/ActivityManager( 1593): 	at com.android.server.am.ActivityManagerService.getActivityOptions(ActivityManagerService.java:11038)
12-09 07:52:29.046 W/ActivityManager( 1593): 	at android.app.ActivityManagerNative.onTransact(ActivityManagerNative.java:1734)
12-09 07:52:29.046 W/ActivityManager( 1593): 	at com.android.server.am.ActivityManagerService.onTransact(ActivityManagerService.java:2443)
12-09 07:52:29.046 W/ActivityManager( 1593): 	at android.os.Binder.execTransact(Binder.java:453)
12-09 07:52:29.070 V/PhoneStatusBar( 1693): setLightsOn(true)
12-09 07:52:29.074 D/gralloc_ranchu( 1224): gralloc_alloc: Creating ashmem region of size 3686400
12-09 07:52:29.077 I/System.out( 7568): URI: //gesture
12-09 07:52:29.077 I/System.out( 7568): params: {json={"query_timeout":5.0,"gestures":[{"query_string":"android.widget.TabWidget descendant TextView index:2","touches":[{"x":50,"y":50,"offset_x":0,"offset_y":0,"wait":0.0,"time":0.2,"release":true,"query_string":null}]}]}
12-09 07:52:29.077 I/System.out( 7568): }
12-09 07:52:29.301 D/gralloc_ranchu( 1224): gralloc_alloc: Creating ashmem region of size 3686400
12-09 07:52:29.992 W/art     ( 1593): Long monitor contention event with owner method=void com.android.server.wm.WindowAnimator$1.doFrame(long) from WindowAnimator.java:121 waiters=0 for 161ms
12-09 07:52:30.092 D/gralloc_ranchu( 1224): gralloc_alloc: Creating ashmem region of size 3686400
12-09 07:52:30.326 I/calabash( 7568): newActivity1
12-09 07:52:30.327 W/ActivityManager( 1593): Bad activity token: android.os.BinderProxy@de7bb37
12-09 07:52:30.327 W/ActivityManager( 1593): java.lang.ClassCastException: android.os.BinderProxy cannot be cast to com.android.server.am.ActivityRecord$Token
12-09 07:52:30.327 W/ActivityManager( 1593): 	at com.android.server.am.ActivityRecord.forTokenLocked(ActivityRecord.java:424)
12-09 07:52:30.327 W/ActivityManager( 1593): 	at com.android.server.am.ActivityRecord.isInStackLocked(ActivityRecord.java:1121)
12-09 07:52:30.327 W/ActivityManager( 1593): 	at com.android.server.am.ActivityRecord.getStackLocked(ActivityRecord.java:1126)
12-09 07:52:30.327 W/ActivityManager( 1593): 	at com.android.server.am.ActivityManagerService.getActivityDisplayId(ActivityManagerService.java:8889)
12-09 07:52:30.327 W/ActivityManager( 1593): 	at android.app.ActivityManagerNative.onTransact(ActivityManagerNative.java:2338)
12-09 07:52:30.327 W/ActivityManager( 1593): 	at com.android.server.am.ActivityManagerService.onTransact(ActivityManagerService.java:2443)
12-09 07:52:30.327 W/ActivityManager( 1593): 	at android.os.Binder.execTransact(Binder.java:453)
12-09 07:52:30.353 W/ActivityManager( 1593): Bad activity token: android.os.BinderProxy@de7bb37
12-09 07:52:30.353 W/ActivityManager( 1593): java.lang.ClassCastException: android.os.BinderProxy cannot be cast to com.android.server.am.ActivityRecord$Token
12-09 07:52:30.353 W/ActivityManager( 1593): 	at com.android.server.am.ActivityRecord.forTokenLocked(ActivityRecord.java:424)
12-09 07:52:30.353 W/ActivityManager( 1593): 	at com.android.server.am.ActivityRecord.isInStackLocked(ActivityRecord.java:1121)
12-09 07:52:30.353 W/ActivityManager( 1593): 	at com.android.server.am.ActivityManagerService.setTaskDescription(ActivityManagerService.java:8547)
12-09 07:52:30.353 W/ActivityManager( 1593): 	at android.app.ActivityManagerNative.onTransact(ActivityManagerNative.java:2410)
12-09 07:52:30.353 W/ActivityManager( 1593): 	at com.android.server.am.ActivityManagerService.onTransact(ActivityManagerService.java:2443)
12-09 07:52:30.353 W/ActivityManager( 1593): 	at android.os.Binder.execTransact(Binder.java:453)
