--------- beginning of main
12-09 08:37:38.437 E/EGL_emulation( 1218): tid 1218: eglCreateSyncKHR(1881): error 0x3004 (EGL_BAD_ATTRIBUTE)
--------- beginning of system
12-09 08:37:38.619 W/ActivityManager( 1591): Finishing task with all activities already finished
12-09 08:37:38.619 W/ActivityManager( 1591): Duplicate finish request for ActivityRecord{53c732 u0 com.evancharlton.mileage/.Mileage t487 f}
12-09 08:37:38.621 W/ActivityManager( 1591): Finishing task with all activities already finished
12-09 08:37:38.621 W/ActivityManager( 1591): Duplicate finish request for ActivityRecord{53c732 u0 com.evancharlton.mileage/.Mileage t487 f}
12-09 08:37:38.631 W/ActivityManager( 1591): Finishing task with all activities already finished
12-09 08:37:38.632 W/ActivityManager( 1591): Duplicate finish request for ActivityRecord{53c732 u0 com.evancharlton.mileage/.Mileage t487 f}
12-09 08:37:38.632 W/ActivityManager( 1591): Finishing task with all activities already finished
12-09 08:37:38.632 W/ActivityManager( 1591): Duplicate finish request for ActivityRecord{53c732 u0 com.evancharlton.mileage/.Mileage t487 f}
12-09 08:37:38.632 W/ActivityManager( 1591): Finishing task with all activities already finished
12-09 08:37:38.632 W/ActivityManager( 1591): Duplicate finish request for ActivityRecord{53c732 u0 com.evancharlton.mileage/.Mileage t487 f}
12-09 08:37:38.632 W/ActivityManager( 1591): Finishing task with all activities already finished
12-09 08:37:38.632 W/ActivityManager( 1591): Duplicate finish request for ActivityRecord{53c732 u0 com.evancharlton.mileage/.Mileage t487 f}
12-09 08:37:38.632 W/ActivityManager( 1591): Finishing task with all activities already finished
12-09 08:37:38.632 W/ActivityManager( 1591): Duplicate finish request for ActivityRecord{53c732 u0 com.evancharlton.mileage/.Mileage t487 f}
12-09 08:37:38.769 D/EGL_emulation( 1945): eglMakeCurrent: 0x7f1659679dc0: ver 2 0 (tinfo 0x7f1659642d40)
12-09 08:37:39.262 D/AndroidRuntime(19803): >>>>>> START com.android.internal.os.RuntimeInit uid 0 <<<<<<
12-09 08:37:39.267 D/AndroidRuntime(19803): CheckJNI is ON
12-09 08:37:39.321 D/ICU     (19803): No timezone override file found: /data/misc/zoneinfo/current/icu/icu_tzdata.dat
12-09 08:37:39.540 E/memtrack(19803): Couldn't load memtrack module (No such file or directory)
12-09 08:37:39.562 E/android.os.Debug(19803): failed to load memtrack module: -2
12-09 08:37:39.563 I/Radio-JNI(19803): register_android_hardware_Radio DONE
12-09 08:37:39.606 D/AndroidRuntime(19803): Calling main entry com.android.commands.am.Am
12-09 08:37:39.654 I/ActivityManager( 1591): Force stopping com.evancharlton.mileage appid=10141 user=0: start instr
12-09 08:37:39.654 I/ActivityManager( 1591): Killing 19757:com.evancharlton.mileage/u0a141 (adj 0): stop com.evancharlton.mileage
12-09 08:37:39.731 W/art     ( 1591): Long monitor contention event with owner method=void com.android.server.wm.WindowAnimator$1.doFrame(long) from WindowAnimator.java:121 waiters=0 for 205ms
12-09 08:37:39.775 W/ActivityManager( 1591): Crash of app com.evancharlton.mileage running instrumentation ComponentInfo{com.evancharlton.mileage.test/sh.calaba.instrumentationbackend.CalabashInstrumentationTestRunner}
12-09 08:37:39.775 I/ActivityManager( 1591): Force stopping com.evancharlton.mileage appid=10141 user=0: finished inst
12-09 08:37:39.936 W/art     ( 1591): Long monitor contention event with owner method=void com.android.server.wm.WindowAnimator$1.doFrame(long) from WindowAnimator.java:121 waiters=1 for 164ms
12-09 08:37:39.936 I/WindowState( 1591): WIN DEATH: Window{f3c519 u0 com.evancharlton.mileage/com.evancharlton.mileage.Mileage EXITING}
12-09 08:37:39.955 W/art     ( 1591): Long monitor contention event with owner method=void com.android.server.wm.WindowAnimator$1.doFrame(long) from WindowAnimator.java:121 waiters=2 for 144ms
12-09 08:37:39.963 W/InputMethodManagerService( 1591): Got RemoteException sending setActive(false) notification to pid 19757 uid 10141
12-09 08:37:39.965 I/Choreographer( 1945): Skipped 68 frames!  The application may be doing too much work on its main thread.
12-09 08:37:39.969 I/ActivityManager( 1591): Start proc 19812:com.evancharlton.mileage/u0a141 for added application com.evancharlton.mileage
12-09 08:37:39.982 W/art     ( 1591): Long monitor contention event with owner method=boolean com.android.server.am.ActivityManagerService.startInstrumentation(android.content.ComponentName, java.lang.String, int, android.os.Bundle, android.app.IInstrumentationWatcher, android.app.IUiAutomationConnection, int, java.lang.String) from ActivityManagerService.java:17066 waiters=1 for 327ms
12-09 08:37:39.982 W/art     ( 1591): Long monitor contention event with owner method=boolean com.android.server.am.ActivityManagerService.startInstrumentation(android.content.ComponentName, java.lang.String, int, android.os.Bundle, android.app.IInstrumentationWatcher, android.app.IUiAutomationConnection, int, java.lang.String) from ActivityManagerService.java:17066 waiters=2 for 210ms
12-09 08:37:39.982 W/ActivityManager( 1591): Spurious death for ProcessRecord{ee895ea 0:com.evancharlton.mileage/u0a141}, curProc for 19757: null
12-09 08:37:39.992 D/AndroidRuntime(19803): Shutting down VM
12-09 08:37:40.394 W/art     ( 1591): Long monitor contention event with owner method=void com.android.server.wm.WindowAnimator$1.doFrame(long) from WindowAnimator.java:121 waiters=2 for 214ms
12-09 08:37:40.691 W/art     ( 1591): Long monitor contention event with owner method=void com.android.server.wm.WindowAnimator$1.doFrame(long) from WindowAnimator.java:121 waiters=2 for 297ms
12-09 08:37:40.769 W/art     ( 1591): Long monitor contention event with owner method=void com.android.server.wm.WindowAnimator$1.doFrame(long) from WindowAnimator.java:121 waiters=2 for 281ms
12-09 08:37:40.927 W/art     ( 1591): Long monitor contention event with owner method=void com.android.server.wm.WindowAnimator$1.doFrame(long) from WindowAnimator.java:121 waiters=2 for 312ms
12-09 08:37:41.535 W/art     ( 1591): Long monitor contention event with owner method=void com.android.server.wm.WindowAnimator$1.doFrame(long) from WindowAnimator.java:121 waiters=2 for 400ms
12-09 08:37:41.753 I/Choreographer( 1945): Skipped 104 frames!  The application may be doing too much work on its main thread.
12-09 08:37:41.756 W/art     ( 1591): Long monitor contention event with owner method=java.util.List com.android.server.am.ActivityManagerService.getAllStackInfos() from ActivityManagerService.java:8937 waiters=1 for 1.665s
12-09 08:37:41.758 W/art     ( 1591): Long monitor contention event with owner method=java.util.List com.android.server.am.ActivityManagerService.getAllStackInfos() from ActivityManagerService.java:8937 waiters=0 for 1.679s
12-09 08:37:41.793 W/System  (19812): ClassLoader referenced unknown path: /data/app/com.evancharlton.mileage.test-1/lib/x86_64
12-09 08:37:41.793 W/System  (19812): ClassLoader referenced unknown path: /data/app/com.evancharlton.mileage-1/lib/x86_64
12-09 08:37:41.827 W/OpenGLRenderer( 1945): Incorrectly called buildLayer on View: ShortcutAndWidgetContainer, destroying layer...
12-09 08:37:41.864 I/art     ( 3110): Background partial concurrent mark sweep GC freed 10107(526KB) AllocSpace objects, 0(0B) LOS objects, 39% free, 3MB/6MB, paused 51.200ms total 84.423ms
12-09 08:37:41.871 I/System.out(19812): Main activity name automatically set to: com.evancharlton.mileage.Mileage
12-09 08:37:41.871 I/System.out(19812): Calabash did not load Mono. This is only a problem if you are trying to test a Mono application
12-09 08:37:41.871 I/calabash(19812): Test server port: 7102
12-09 08:37:41.872 I/InstrumentationBackend(19812): Added:'GetPreferences', with key:'get_preferences'
12-09 08:37:41.997 I/art     (19812): Background partial concurrent mark sweep GC freed 3552(274KB) AllocSpace objects, 0(0B) LOS objects, 57% free, 746KB/1770KB, paused 1.519ms total 109.219ms
12-09 08:37:42.047 I/InstrumentationBackend(19812): Added:'SetPreferences', with key:'set_preferences'
12-09 08:37:42.047 I/InstrumentationBackend(19812): Added:'ClearPreferences', with key:'clear_preferences'
12-09 08:37:42.047 I/InstrumentationBackend(19812): Added:'PressElement', with key:'press_l10n_element'
12-09 08:37:42.048 I/InstrumentationBackend(19812): Added:'WaitForElement', with key:'wait_for_l10n_element'
12-09 08:37:42.048 I/InstrumentationBackend(19812): Added:'NullAction', with key:'nullAction'
12-09 08:37:42.049 I/InstrumentationBackend(19812): Added:'PressKey', with key:'press_key'
12-09 08:37:42.049 I/InstrumentationBackend(19812): Added:'SetActivityOrientation', with key:'set_activity_orientation'
12-09 08:37:42.076 I/InstrumentationBackend(19812): Added:'GetActivityOrientation', with key:'get_activity_orientation'
12-09 08:37:42.076 I/InstrumentationBackend(19812): Added:'FakeGPSLocation', with key:'set_gps_coordinates'
12-09 08:37:42.076 I/InstrumentationBackend(19812): Added:'SetPropertyByCssSelector', with key:'set_property_by_css_selector'
12-09 08:37:42.076 I/InstrumentationBackend(19812): Added:'GetUrl', with key:'get_url'
12-09 08:37:42.087 I/InstrumentationBackend(19812): Added:'ScrollTo', with key:'scroll_to'
12-09 08:37:42.088 I/InstrumentationBackend(19812): Added:'GetLoadProgress', with key:'get_load_progress'
12-09 08:37:42.088 I/InstrumentationBackend(19812): Added:'DumpHtml', with key:'dump_html'
12-09 08:37:42.088 I/InstrumentationBackend(19812): Added:'DumpBodyHtml', with key:'dump_body_html'
12-09 08:37:42.088 I/InstrumentationBackend(19812): Added:'EnterTextByCssSelector', with key:'enter_text_by_selector'
12-09 08:37:42.095 I/InstrumentationBackend(19812): Added:'AndroidSDKVersion', with key:'android_sdk_version'
12-09 08:37:42.095 I/InstrumentationBackend(19812): Added:'Version', with key:'version'
12-09 08:37:42.096 I/InstrumentationBackend(19812): Added:'Drag', with key:'drag'
12-09 08:37:42.096 I/InstrumentationBackend(19812): Added:'TouchCoordinates', with key:'touch_coordinate'
12-09 08:37:42.096 I/InstrumentationBackend(19812): Added:'LongPressCoordinate', with key:'long_press_coordinate'
12-09 08:37:42.096 I/InstrumentationBackend(19812): Added:'DragCoordinates', with key:'drag_coordinates'
12-09 08:37:42.096 I/InstrumentationBackend(19812): Added:'ResumeApplication', with key:'resume_application'
12-09 08:37:42.096 I/InstrumentationBackend(19812): Added:'Swipe', with key:'swipe'
12-09 08:37:42.097 I/InstrumentationBackend(19812): Added:'DoubleTapCoordinate', with key:'double_tap_coordinate'
12-09 08:37:42.097 I/InstrumentationBackend(19812): Added:'ClickOnScreen', with key:'click_on_screen'
12-09 08:37:42.097 I/InstrumentationBackend(19812): Added:'GetActivityName', with key:'get_activity_name'
12-09 08:37:42.114 I/InstrumentationBackend(19812): Added:'ScrollToView', with key:'scroll_to_view'
12-09 08:37:42.114 I/InstrumentationBackend(19812): Added:'ViewConfiguration', with key:'view_configuration'
12-09 08:37:42.114 I/InstrumentationBackend(19812): Added:'IsCurrentActivityFocused', with key:'is_current_activity_focused'
12-09 08:37:42.115 I/InstrumentationBackend(19812): Added:'SendTcp', with key:'send_tcp'
12-09 08:37:42.115 I/InstrumentationBackend(19812): Added:'DpToDevicePixel', with key:'dp_to_device_pixel'
12-09 08:37:42.115 I/InstrumentationBackend(19812): Added:'KeyboardEnterText', with key:'keyboard_enter_text'
12-09 08:37:42.115 I/InstrumentationBackend(19812): Added:'DeleteSurroundingText', with key:'delete_surrounding_text'
12-09 08:37:42.116 I/InstrumentationBackend(19812): Added:'SetComposingRegion', with key:'set_composing_region'
12-09 08:37:42.116 I/InstrumentationBackend(19812): Added:'SetSelection', with key:'set_selection'
12-09 08:37:42.116 I/InstrumentationBackend(19812): Added:'KeyboardKeyEvent', with key:'keyboard_key_event'
12-09 08:37:42.116 I/InstrumentationBackend(19812): Added:'PressUserActionButton', with key:'press_user_action_button'
12-09 08:37:42.117 I/InstrumentationBackend(19812): Added:'HideSoftKeyboard', with key:'hide_soft_keyboard'
12-09 08:37:42.117 I/InstrumentationBackend(19812): Added:'ListActions', with key:'list_actions'
12-09 08:37:42.126 I/calabash(19812): Instantiating http server at 7102
12-09 08:37:42.127 I/System.out(19812): HTTP Daemon listening on: 7102
12-09 08:37:42.293 I/System.out(19812): URI: //ping
12-09 08:37:42.293 I/System.out(19812): params: {json={}
12-09 08:37:42.293 I/System.out(19812): }
12-09 08:37:42.304 W/art     ( 1591): Long monitor contention event with owner method=void com.android.server.wm.WindowAnimator$1.doFrame(long) from WindowAnimator.java:121 waiters=0 for 206ms
12-09 08:37:42.426 I/System.out(19812): URI: //ping
12-09 08:37:42.426 I/System.out(19812): params: {json={}
12-09 08:37:42.426 I/System.out(19812): }
12-09 08:37:42.474 I/System.out(19812): URI: //ready
12-09 08:37:42.474 I/System.out(19812): params: {json={}
12-09 08:37:42.474 I/System.out(19812): }
12-09 08:37:42.502 W/WindowAnimator( 1591): Failed to dispatch window animation state change.
12-09 08:37:42.502 W/WindowAnimator( 1591): android.os.DeadObjectException
12-09 08:37:42.502 W/WindowAnimator( 1591): 	at android.os.BinderProxy.transactNative(Native Method)
12-09 08:37:42.502 W/WindowAnimator( 1591): 	at android.os.BinderProxy.transact(Binder.java:503)
12-09 08:37:42.502 W/WindowAnimator( 1591): 	at android.view.IWindow$Stub$Proxy.onAnimationStopped(IWindow.java:534)
12-09 08:37:42.502 W/WindowAnimator( 1591): 	at com.android.server.wm.WindowAnimator.updateWindowsLocked(WindowAnimator.java:286)
12-09 08:37:42.502 W/WindowAnimator( 1591): 	at com.android.server.wm.WindowAnimator.animateLocked(WindowAnimator.java:678)
12-09 08:37:42.502 W/WindowAnimator( 1591): 	at com.android.server.wm.WindowAnimator.-wrap0(WindowAnimator.java)
12-09 08:37:42.502 W/WindowAnimator( 1591): 	at com.android.server.wm.WindowAnimator$1.doFrame(WindowAnimator.java:123)
12-09 08:37:42.502 W/WindowAnimator( 1591): 	at android.view.Choreographer$CallbackRecord.run(Choreographer.java:856)
12-09 08:37:42.502 W/WindowAnimator( 1591): 	at android.view.Choreographer.doCallbacks(Choreographer.java:670)
12-09 08:37:42.502 W/WindowAnimator( 1591): 	at android.view.Choreographer.doFrame(Choreographer.java:603)
12-09 08:37:42.502 W/WindowAnimator( 1591): 	at android.view.Choreographer$FrameDisplayEventReceiver.run(Choreographer.java:844)
12-09 08:37:42.502 W/WindowAnimator( 1591): 	at android.os.Handler.handleCallback(Handler.java:739)
12-09 08:37:42.502 W/WindowAnimator( 1591): 	at android.os.Handler.dispatchMessage(Handler.java:95)
12-09 08:37:42.502 W/WindowAnimator( 1591): 	at android.os.Looper.loop(Looper.java:148)
12-09 08:37:42.502 W/WindowAnimator( 1591): 	at android.os.HandlerThread.run(HandlerThread.java:61)
12-09 08:37:42.502 W/WindowAnimator( 1591): 	at com.android.server.ServiceThread.run(ServiceThread.java:46)
12-09 08:37:42.521 I/art     (19812): Background sticky concurrent mark sweep GC freed 2153(373KB) AllocSpace objects, 9(180KB) LOS objects, 42% free, 1020KB/1770KB, paused 5.875ms total 41.354ms
12-09 08:37:42.559 I/System.out(19812): URI: //
12-09 08:37:42.559 I/System.out(19812): params: {json={"command":"version","arguments":[]}
12-09 08:37:42.559 I/System.out(19812): }
12-09 08:37:42.559 I/System.out(19812): header: {date=Sun, 09 Dec 2018 08:37:42 GMT, accept=*/*, content-length=36, host=127.0.0.1:34777, user-agent=HTTPClient/1.0 (2.8.3, ruby 2.3.1 (2016-04-26)), content-type=application/json;charset=utf-8}
12-09 08:37:42.559 I/System.out(19812): params: {json={"command":"version","arguments":[]}
12-09 08:37:42.559 I/System.out(19812): }
12-09 08:37:42.559 I/System.out(19812): ProP json = {"command":"version","arguments":[]}
12-09 08:37:42.559 I/System.out(19812): files: {}
12-09 08:37:42.559 I/System.out(19812): command: {"command":"version","arguments":[]}
12-09 08:37:42.581 I/InstrumentationBackend(19812): Got command:'Command:'Line:null,version', arguments:'[]'
12-09 08:37:42.652 I/System.out(19812): result:{"bonusInformation":[],"message":"0.9.8","success":true}
12-09 08:37:42.866 I/System.out(19812): URI: //start-application
12-09 08:37:42.866 I/System.out(19812): params: {json={"intent":null}
12-09 08:37:42.867 I/System.out(19812): }
12-09 08:37:42.876 I/art     (19812): Background sticky concurrent mark sweep GC freed 13636(631KB) AllocSpace objects, 3(60KB) LOS objects, 22% free, 1373KB/1770KB, paused 12.981ms total 260.370ms
12-09 08:37:43.073 I/ActivityManager( 1591): START u0 {act=android.intent.action.MAIN cat=[android.intent.category.LAUNCHER] flg=0x10200000 cmp=com.evancharlton.mileage/.Mileage} from uid 10141 on display 0
12-09 08:37:43.450 W/art     ( 1591): Long monitor contention event with owner method=int com.android.server.wm.WindowManagerService.relayoutWindow(com.android.server.wm.Session, android.view.IWindow, int, android.view.WindowManager$LayoutParams, int, int, int, int, android.graphics.Rect, android.graphics.Rect, android.graphics.Rect, android.graphics.Rect, android.graphics.Rect, android.graphics.Rect, android.content.res.Configuration, android.view.Surface) from WindowManagerService.java:3103 waiters=0 for 239ms
12-09 08:37:43.451 I/calabash(19812): newActivity1
12-09 08:37:43.474 W/art     ( 1591): Long monitor contention event with owner method=void com.android.server.am.ActivityManagerService.activityPaused(android.os.IBinder) from ActivityManagerService.java:6439 waiters=0 for 267ms
12-09 08:37:43.475 W/art     ( 1591): Long monitor contention event with owner method=void com.android.server.am.ActivityManagerService.activityPaused(android.os.IBinder) from ActivityManagerService.java:6439 waiters=1 for 265ms
12-09 08:37:43.484 D/gralloc_ranchu( 1218): gralloc_alloc: Creating ashmem region of size 3686400
12-09 08:37:43.552 I/calabash(19812): newActivity1
12-09 08:37:43.603 W/ActivityManager( 1591): Bad activity token: android.os.BinderProxy@54ea245
12-09 08:37:43.603 W/ActivityManager( 1591): java.lang.ClassCastException: android.os.BinderProxy cannot be cast to com.android.server.am.ActivityRecord$Token
12-09 08:37:43.603 W/ActivityManager( 1591): 	at com.android.server.am.ActivityRecord.forTokenLocked(ActivityRecord.java:424)
12-09 08:37:43.603 W/ActivityManager( 1591): 	at com.android.server.am.ActivityRecord.isInStackLocked(ActivityRecord.java:1121)
12-09 08:37:43.603 W/ActivityManager( 1591): 	at com.android.server.am.ActivityRecord.getStackLocked(ActivityRecord.java:1126)
12-09 08:37:43.603 W/ActivityManager( 1591): 	at com.android.server.am.ActivityManagerService.getActivityDisplayId(ActivityManagerService.java:8889)
12-09 08:37:43.603 W/ActivityManager( 1591): 	at android.app.ActivityManagerNative.onTransact(ActivityManagerNative.java:2338)
12-09 08:37:43.603 W/ActivityManager( 1591): 	at com.android.server.am.ActivityManagerService.onTransact(ActivityManagerService.java:2443)
12-09 08:37:43.603 W/ActivityManager( 1591): 	at android.os.Binder.execTransact(Binder.java:453)
12-09 08:37:43.605 W/ActivityManager( 1591): Bad activity token: android.os.BinderProxy@54ea245
12-09 08:37:43.605 W/ActivityManager( 1591): java.lang.ClassCastException: android.os.BinderProxy cannot be cast to com.android.server.am.ActivityRecord$Token
12-09 08:37:43.605 W/ActivityManager( 1591): 	at com.android.server.am.ActivityRecord.forTokenLocked(ActivityRecord.java:424)
12-09 08:37:43.605 W/ActivityManager( 1591): 	at com.android.server.am.ActivityRecord.isInStackLocked(ActivityRecord.java:1121)
12-09 08:37:43.605 W/ActivityManager( 1591): 	at com.android.server.am.ActivityManagerService.setTaskDescription(ActivityManagerService.java:8547)
12-09 08:37:43.605 W/ActivityManager( 1591): 	at android.app.ActivityManagerNative.onTransact(ActivityManagerNative.java:2410)
12-09 08:37:43.605 W/ActivityManager( 1591): 	at com.android.server.am.ActivityManagerService.onTransact(ActivityManagerService.java:2443)
12-09 08:37:43.605 W/ActivityManager( 1591): 	at android.os.Binder.execTransact(Binder.java:453)
12-09 08:37:43.707 V/PhoneStatusBar( 3110): setLightsOn(true)
12-09 08:37:43.716 W/ActivityManager( 1591): Bad activity token: android.os.BinderProxy@54ea245
12-09 08:37:43.716 W/ActivityManager( 1591): java.lang.ClassCastException: android.os.BinderProxy cannot be cast to com.android.server.am.ActivityRecord$Token
12-09 08:37:43.716 W/ActivityManager( 1591): 	at com.android.server.am.ActivityRecord.forTokenLocked(ActivityRecord.java:424)
12-09 08:37:43.716 W/ActivityManager( 1591): 	at com.android.server.am.ActivityRecord.isInStackLocked(ActivityRecord.java:1121)
12-09 08:37:43.716 W/ActivityManager( 1591): 	at com.android.server.am.ActivityManagerService.getActivityOptions(ActivityManagerService.java:11038)
12-09 08:37:43.716 W/ActivityManager( 1591): 	at android.app.ActivityManagerNative.onTransact(ActivityManagerNative.java:1734)
12-09 08:37:43.716 W/ActivityManager( 1591): 	at com.android.server.am.ActivityManagerService.onTransact(ActivityManagerService.java:2443)
12-09 08:37:43.716 W/ActivityManager( 1591): 	at android.os.Binder.execTransact(Binder.java:453)
12-09 08:37:43.717 W/ActivityManager( 1591): Bad activity token: android.os.BinderProxy@54ea245
12-09 08:37:43.717 W/ActivityManager( 1591): java.lang.ClassCastException: android.os.BinderProxy cannot be cast to com.android.server.am.ActivityRecord$Token
12-09 08:37:43.717 W/ActivityManager( 1591): 	at com.android.server.am.ActivityRecord.forTokenLocked(ActivityRecord.java:424)
12-09 08:37:43.717 W/ActivityManager( 1591): 	at com.android.server.am.ActivityRecord.isInStackLocked(ActivityRecord.java:1121)
12-09 08:37:43.717 W/ActivityManager( 1591): 	at com.android.server.am.ActivityManagerService.getActivityOptions(ActivityManagerService.java:11038)
12-09 08:37:43.717 W/ActivityManager( 1591): 	at android.app.ActivityManagerNative.onTransact(ActivityManagerNative.java:1734)
12-09 08:37:43.717 W/ActivityManager( 1591): 	at com.android.server.am.ActivityManagerService.onTransact(ActivityManagerService.java:2443)
12-09 08:37:43.717 W/ActivityManager( 1591): 	at android.os.Binder.execTransact(Binder.java:453)
12-09 08:37:43.795 D/EGL_emulation( 1945): eglMakeCurrent: 0x7f1659679dc0: ver 2 0 (tinfo 0x7f1659642d40)
12-09 08:37:43.800 E/Surface ( 1945): getSlotFromBufferLocked: unknown buffer: 0x7f1655c1c9e0
12-09 08:37:43.879 I/art     (19812): Background sticky concurrent mark sweep GC freed 1895(335KB) AllocSpace objects, 0(0B) LOS objects, 18% free, 1843KB/2MB, paused 22.132ms total 111.213ms
12-09 08:37:44.640 W/art     ( 1591): Long monitor contention event with owner method=int com.android.server.wm.WindowManagerService.relayoutWindow(com.android.server.wm.Session, android.view.IWindow, int, android.view.WindowManager$LayoutParams, int, int, int, int, android.graphics.Rect, android.graphics.Rect, android.graphics.Rect, android.graphics.Rect, android.graphics.Rect, android.graphics.Rect, android.content.res.Configuration, android.view.Surface) from WindowManagerService.java:3103 waiters=0 for 158ms
12-09 08:37:44.656 D/gralloc_ranchu( 1218): gralloc_alloc: Creating ashmem region of size 3686400
12-09 08:37:44.850 D/        (19812): HostConnection::get() New Host Connection established 0x7f1655c7d0a0, tid 19812
12-09 08:37:44.928 I/ActivityManager( 1591): Displayed com.evancharlton.mileage/.Mileage: +1s720ms
12-09 08:37:44.963 D/gralloc_ranchu( 1218): gralloc_alloc: Creating ashmem region of size 3686400
12-09 08:37:45.410 W/art     ( 1591): Long monitor contention event with owner method=void com.android.server.wm.WindowAnimator$1.doFrame(long) from WindowAnimator.java:121 waiters=0 for 126ms
12-09 08:37:46.102 I/art     (19812): Background partial concurrent mark sweep GC freed 15055(708KB) AllocSpace objects, 1(20KB) LOS objects, 40% free, 1916KB/3MB, paused 1.130ms total 162.158ms
12-09 08:37:46.105 I/System.out(19812): URI: //gesture
12-09 08:37:46.105 I/System.out(19812): params: {json={"query_timeout":5.0,"gestures":[{"query_string":"android.widget.TabWidget descendant TextView index:1","touches":[{"x":50,"y":50,"offset_x":0,"offset_y":0,"wait":0.0,"time":0.2,"release":true,"query_string":null}]}]}
12-09 08:37:46.105 I/System.out(19812): }
12-09 08:37:46.774 I/calabash(19812): newActivity1
12-09 08:37:46.778 W/ActivityManager( 1591): Bad activity token: android.os.BinderProxy@a207f3e
12-09 08:37:46.778 W/ActivityManager( 1591): java.lang.ClassCastException: android.os.BinderProxy cannot be cast to com.android.server.am.ActivityRecord$Token
12-09 08:37:46.778 W/ActivityManager( 1591): 	at com.android.server.am.ActivityRecord.forTokenLocked(ActivityRecord.java:424)
12-09 08:37:46.778 W/ActivityManager( 1591): 	at com.android.server.am.ActivityRecord.isInStackLocked(ActivityRecord.java:1121)
12-09 08:37:46.778 W/ActivityManager( 1591): 	at com.android.server.am.ActivityRecord.getStackLocked(ActivityRecord.java:1126)
12-09 08:37:46.778 W/ActivityManager( 1591): 	at com.android.server.am.ActivityManagerService.getActivityDisplayId(ActivityManagerService.java:8889)
12-09 08:37:46.778 W/ActivityManager( 1591): 	at android.app.ActivityManagerNative.onTransact(ActivityManagerNative.java:2338)
12-09 08:37:46.778 W/ActivityManager( 1591): 	at com.android.server.am.ActivityManagerService.onTransact(ActivityManagerService.java:2443)
12-09 08:37:46.778 W/ActivityManager( 1591): 	at android.os.Binder.execTransact(Binder.java:453)
12-09 08:37:46.791 W/audio_hw_generic( 1307): Hardware backing HAL too slow, could only write 0 of 661 frames
12-09 08:37:46.797 W/ActivityManager( 1591): Bad activity token: android.os.BinderProxy@a207f3e
12-09 08:37:46.797 W/ActivityManager( 1591): java.lang.ClassCastException: android.os.BinderProxy cannot be cast to com.android.server.am.ActivityRecord$Token
12-09 08:37:46.797 W/ActivityManager( 1591): 	at com.android.server.am.ActivityRecord.forTokenLocked(ActivityRecord.java:424)
12-09 08:37:46.797 W/ActivityManager( 1591): 	at com.android.server.am.ActivityRecord.isInStackLocked(ActivityRecord.java:1121)
12-09 08:37:46.797 W/ActivityManager( 1591): 	at com.android.server.am.ActivityManagerService.setTaskDescription(ActivityManagerService.java:8547)
12-09 08:37:46.797 W/ActivityManager( 1591): 	at android.app.ActivityManagerNative.onTransact(ActivityManagerNative.java:2410)
12-09 08:37:46.797 W/ActivityManager( 1591): 	at com.android.server.am.ActivityManagerService.onTransact(ActivityManagerService.java:2443)
12-09 08:37:46.797 W/ActivityManager( 1591): 	at android.os.Binder.execTransact(Binder.java:453)
12-09 08:37:46.806 W/audio_hw_generic( 1307): Hardware backing HAL too slow, could only write 0 of 661 frames
12-09 08:37:46.822 W/audio_hw_generic( 1307): Hardware backing HAL too slow, could only write 0 of 661 frames
12-09 08:37:46.842 W/audio_hw_generic( 1307): Hardware backing HAL too slow, could only write 0 of 661 frames
12-09 08:37:46.896 I/art     (19812): Background sticky concurrent mark sweep GC freed 46705(2MB) AllocSpace objects, 2(40KB) LOS objects, 23% free, 2MB/3MB, paused 1.322ms total 241.481ms
12-09 08:37:47.010 W/audio_hw_generic( 1307): Hardware backing HAL too slow, could only write 0 of 661 frames
12-09 08:37:47.056 W/ActivityManager( 1591): Bad activity token: android.os.BinderProxy@a207f3e
12-09 08:37:47.056 W/ActivityManager( 1591): java.lang.ClassCastException: android.os.BinderProxy cannot be cast to com.android.server.am.ActivityRecord$Token
12-09 08:37:47.056 W/ActivityManager( 1591): 	at com.android.server.am.ActivityRecord.forTokenLocked(ActivityRecord.java:424)
12-09 08:37:47.056 W/ActivityManager( 1591): 	at com.android.server.am.ActivityRecord.isInStackLocked(ActivityRecord.java:1121)
12-09 08:37:47.056 W/ActivityManager( 1591): 	at com.android.server.am.ActivityManagerService.getActivityOptions(ActivityManagerService.java:11038)
12-09 08:37:47.056 W/ActivityManager( 1591): 	at android.app.ActivityManagerNative.onTransact(ActivityManagerNative.java:1734)
12-09 08:37:47.056 W/ActivityManager( 1591): 	at com.android.server.am.ActivityManagerService.onTransact(ActivityManagerService.java:2443)
12-09 08:37:47.056 W/ActivityManager( 1591): 	at android.os.Binder.execTransact(Binder.java:453)
12-09 08:37:47.056 W/ActivityManager( 1591): Bad activity token: android.os.BinderProxy@a207f3e
12-09 08:37:47.056 W/ActivityManager( 1591): java.lang.ClassCastException: android.os.BinderProxy cannot be cast to com.android.server.am.ActivityRecord$Token
12-09 08:37:47.056 W/ActivityManager( 1591): 	at com.android.server.am.ActivityRecord.forTokenLocked(ActivityRecord.java:424)
12-09 08:37:47.056 W/ActivityManager( 1591): 	at com.android.server.am.ActivityRecord.isInStackLocked(ActivityRecord.java:1121)
12-09 08:37:47.056 W/ActivityManager( 1591): 	at com.android.server.am.ActivityManagerService.getActivityOptions(ActivityManagerService.java:11038)
12-09 08:37:47.056 W/ActivityManager( 1591): 	at android.app.ActivityManagerNative.onTransact(ActivityManagerNative.java:1734)
12-09 08:37:47.056 W/ActivityManager( 1591): 	at com.android.server.am.ActivityManagerService.onTransact(ActivityManagerService.java:2443)
12-09 08:37:47.056 W/ActivityManager( 1591): 	at android.os.Binder.execTransact(Binder.java:453)
12-09 08:37:47.059 W/audio_hw_generic( 1307): Not supplying enough data to HAL, expected position 46219689 , only wrote 46219103
12-09 08:37:47.059 W/audio_hw_generic( 1307): Not supplying enough data to HAL, expected position 46219110 , only wrote 46219103
12-09 08:37:47.093 W/audio_hw_generic( 1307): Not supplying enough data to HAL, expected position 46220600 , only wrote 46219764
12-09 08:37:47.359 W/audio_hw_generic( 1307): Not supplying enough data to HAL, expected position 46231502 , only wrote 46230340
12-09 08:37:47.359 W/audio_hw_generic( 1307): Not supplying enough data to HAL, expected position 46230348 , only wrote 46230340
12-09 08:37:47.375 D/Mileage (19812): Not enough fillups to calculate economy
12-09 08:37:47.382 W/audio_hw_generic( 1307): Not supplying enough data to HAL, expected position 46231319 , only wrote 46231001
12-09 08:37:47.421 D/gralloc_ranchu( 1218): gralloc_alloc: Creating ashmem region of size 3686400
12-09 08:37:47.427 E/SurfaceFlinger( 1218): ro.sf.lcd_density must be defined as a build property
12-09 08:37:47.428 D/gralloc_ranchu( 1218): gralloc_alloc: Creating ashmem region of size 3686400
12-09 08:37:47.534 D/        (19839): HostConnection::get() New Host Connection established 0x7f3586592480, tid 19839
12-09 08:37:47.583 E/EGL_emulation( 1218): tid 1218: eglCreateSyncKHR(1881): error 0x3004 (EGL_BAD_ATTRIBUTE)
12-09 08:37:47.672 W/audio_hw_generic( 1307): Not supplying enough data to HAL, expected position 46243814 , only wrote 46243560
12-09 08:37:47.719 W/audio_hw_generic( 1307): Hardware backing HAL too slow, could only write 0 of 661 frames
12-09 08:37:47.826 W/audio_hw_generic( 1307): Not supplying enough data to HAL, expected position 46250334 , only wrote 46248187
12-09 08:37:47.826 W/audio_hw_generic( 1307): Not supplying enough data to HAL, expected position 46248194 , only wrote 46248187
12-09 08:37:47.872 W/audio_hw_generic( 1307): Hardware backing HAL too slow, could only write 0 of 661 frames
12-09 08:37:47.890 W/audio_hw_generic( 1307): Hardware backing HAL too slow, could only write 0 of 661 frames
12-09 08:37:47.901 W/audio_hw_generic( 1307): Hardware backing HAL too slow, could only write 0 of 661 frames
12-09 08:37:47.918 W/audio_hw_generic( 1307): Hardware backing HAL too slow, could only write 0 of 661 frames
12-09 08:37:47.936 W/audio_hw_generic( 1307): Hardware backing HAL too slow, could only write 0 of 661 frames
12-09 08:37:47.946 W/audio_hw_generic( 1307): Hardware backing HAL too slow, could only write 0 of 661 frames
12-09 08:37:47.961 W/audio_hw_generic( 1307): Hardware backing HAL too slow, could only write 0 of 661 frames
12-09 08:37:48.072 W/audio_hw_generic( 1307): Not supplying enough data to HAL, expected position 46259055 , only wrote 46258763
12-09 08:37:48.073 W/audio_hw_generic( 1307): Not supplying enough data to HAL, expected position 46258773 , only wrote 46258763
12-09 08:37:48.152 W/audio_hw_generic( 1307): Not supplying enough data to HAL, expected position 46262257 , only wrote 46262068
12-09 08:37:48.152 W/audio_hw_generic( 1307): Not supplying enough data to HAL, expected position 46262081 , only wrote 46262068
12-09 08:37:48.168 W/audio_hw_generic( 1307): Not supplying enough data to HAL, expected position 46262767 , only wrote 46262729
12-09 08:37:48.236 W/audio_hw_generic( 1307): Not supplying enough data to HAL, expected position 46265719 , only wrote 46265373
12-09 08:37:48.236 W/audio_hw_generic( 1307): Not supplying enough data to HAL, expected position 46265380 , only wrote 46265373
12-09 08:37:48.253 W/audio_hw_generic( 1307): Not supplying enough data to HAL, expected position 46266121 , only wrote 46266034
12-09 08:37:48.404 W/audio_hw_generic( 1307): Not supplying enough data to HAL, expected position 46272714 , only wrote 46272644
12-09 08:37:48.405 W/audio_hw_generic( 1307): Not supplying enough data to HAL, expected position 46272654 , only wrote 46272644
12-09 08:37:48.420 W/audio_hw_generic( 1307): Not supplying enough data to HAL, expected position 46273337 , only wrote 46273305
12-09 08:37:48.878 W/audio_hw_generic( 1307): Not supplying enough data to HAL, expected position 46293486 , only wrote 46291813
12-09 08:37:48.878 W/audio_hw_generic( 1307): Not supplying enough data to HAL, expected position 46291820 , only wrote 46291813
12-09 08:37:48.894 W/audio_hw_generic( 1307): Not supplying enough data to HAL, expected position 46292505 , only wrote 46292474
12-09 08:37:48.987 W/audio_hw_generic( 1307): Not supplying enough data to HAL, expected position 46296587 , only wrote 46295118
12-09 08:37:48.987 W/audio_hw_generic( 1307): Not supplying enough data to HAL, expected position 46295125 , only wrote 46295118
12-09 08:37:48.987 W/audio_hw_generic( 1307): Hardware backing HAL too slow, could only write 0 of 661 frames
12-09 08:37:49.012 W/audio_hw_generic( 1307): Not supplying enough data to HAL, expected position 46296185 , only wrote 46295779
12-09 08:37:49.012 W/audio_hw_generic( 1307): Hardware backing HAL too slow, could only write 0 of 661 frames
12-09 08:37:49.026 W/audio_hw_generic( 1307): Hardware backing HAL too slow, could only write 0 of 661 frames
12-09 08:37:49.032 I/System.out(19812): URI: //gesture
12-09 08:37:49.032 I/System.out(19812): params: {json={"query_timeout":5.0,"gestures":[{"query_string":"android.widget.TabWidget descendant TextView index:3","touches":[{"x":50,"y":50,"offset_x":0,"offset_y":0,"wait":0.0,"time":0.2,"release":true,"query_string":null}]}]}
12-09 08:37:49.032 I/System.out(19812): }
12-09 08:37:49.046 W/audio_hw_generic( 1307): Hardware backing HAL too slow, could only write 0 of 661 frames
12-09 08:37:49.058 W/audio_hw_generic( 1307): Hardware backing HAL too slow, could only write 0 of 661 frames
12-09 08:37:49.066 W/art     (19812): Suspending all threads took: 7.520ms
12-09 08:37:49.105 I/art     (19812): Background sticky concurrent mark sweep GC freed 14826(671KB) AllocSpace objects, 1(20KB) LOS objects, 16% free, 2MB/3MB, paused 26.579ms total 66.424ms
12-09 08:37:49.114 W/CursorWrapperInner(19812): Cursor finalized without prior close()
12-09 08:37:49.385 W/audio_hw_generic( 1307): Hardware backing HAL too slow, could only write 0 of 661 frames
12-09 08:37:49.385 W/audio_hw_generic( 1307): Not supplying enough data to HAL, expected position 46312264 , only wrote 46309660
12-09 08:37:49.386 W/audio_hw_generic( 1307): Not supplying enough data to HAL, expected position 46309667 , only wrote 46309660
12-09 08:37:49.416 I/calabash(19812): newActivity1
12-09 08:37:49.417 W/ActivityManager( 1591): Bad activity token: android.os.BinderProxy@b3058bb
12-09 08:37:49.417 W/ActivityManager( 1591): java.lang.ClassCastException: android.os.BinderProxy cannot be cast to com.android.server.am.ActivityRecord$Token
12-09 08:37:49.417 W/ActivityManager( 1591): 	at com.android.server.am.ActivityRecord.forTokenLocked(ActivityRecord.java:424)
12-09 08:37:49.417 W/ActivityManager( 1591): 	at com.android.server.am.ActivityRecord.isInStackLocked(ActivityRecord.java:1121)
12-09 08:37:49.417 W/ActivityManager( 1591): 	at com.android.server.am.ActivityRecord.getStackLocked(ActivityRecord.java:1126)
12-09 08:37:49.417 W/ActivityManager( 1591): 	at com.android.server.am.ActivityManagerService.getActivityDisplayId(ActivityManagerService.java:8889)
12-09 08:37:49.417 W/ActivityManager( 1591): 	at android.app.ActivityManagerNative.onTransact(ActivityManagerNative.java:2338)
12-09 08:37:49.417 W/ActivityManager( 1591): 	at com.android.server.am.ActivityManagerService.onTransact(ActivityManagerService.java:2443)
12-09 08:37:49.417 W/ActivityManager( 1591): 	at android.os.Binder.execTransact(Binder.java:453)
12-09 08:37:49.442 W/ActivityManager( 1591): Bad activity token: android.os.BinderProxy@b3058bb
12-09 08:37:49.442 W/ActivityManager( 1591): java.lang.ClassCastException: android.os.BinderProxy cannot be cast to com.android.server.am.ActivityRecord$Token
12-09 08:37:49.442 W/ActivityManager( 1591): 	at com.android.server.am.ActivityRecord.forTokenLocked(ActivityRecord.java:424)
12-09 08:37:49.442 W/ActivityManager( 1591): 	at com.android.server.am.ActivityRecord.isInStackLocked(ActivityRecord.java:1121)
12-09 08:37:49.442 W/ActivityManager( 1591): 	at com.android.server.am.ActivityManagerService.setTaskDescription(ActivityManagerService.java:8547)
12-09 08:37:49.442 W/ActivityManager( 1591): 	at android.app.ActivityManagerNative.onTransact(ActivityManagerNative.java:2410)
12-09 08:37:49.442 W/ActivityManager( 1591): 	at com.android.server.am.ActivityManagerService.onTransact(ActivityManagerService.java:2443)
12-09 08:37:49.442 W/ActivityManager( 1591): 	at android.os.Binder.execTransact(Binder.java:453)
12-09 08:37:49.479 W/ActivityManager( 1591): Bad activity token: android.os.BinderProxy@b3058bb
12-09 08:37:49.479 W/ActivityManager( 1591): java.lang.ClassCastException: android.os.BinderProxy cannot be cast to com.android.server.am.ActivityRecord$Token
12-09 08:37:49.479 W/ActivityManager( 1591): 	at com.android.server.am.ActivityRecord.forTokenLocked(ActivityRecord.java:424)
12-09 08:37:49.479 W/ActivityManager( 1591): 	at com.android.server.am.ActivityRecord.isInStackLocked(ActivityRecord.java:1121)
12-09 08:37:49.479 W/ActivityManager( 1591): 	at com.android.server.am.ActivityManagerService.getActivityOptions(ActivityManagerService.java:11038)
12-09 08:37:49.479 W/ActivityManager( 1591): 	at android.app.ActivityManagerNative.onTransact(ActivityManagerNative.java:1734)
12-09 08:37:49.479 W/ActivityManager( 1591): 	at com.android.server.am.ActivityManagerService.onTransact(ActivityManagerService.java:2443)
12-09 08:37:49.479 W/ActivityManager( 1591): 	at android.os.Binder.execTransact(Binder.java:453)
12-09 08:37:49.479 W/ActivityManager( 1591): Bad activity token: android.os.BinderProxy@b3058bb
12-09 08:37:49.479 W/ActivityManager( 1591): java.lang.ClassCastException: android.os.BinderProxy cannot be cast to com.android.server.am.ActivityRecord$Token
12-09 08:37:49.479 W/ActivityManager( 1591): 	at com.android.server.am.ActivityRecord.forTokenLocked(ActivityRecord.java:424)
12-09 08:37:49.479 W/ActivityManager( 1591): 	at com.android.server.am.ActivityRecord.isInStackLocked(ActivityRecord.java:1121)
12-09 08:37:49.479 W/ActivityManager( 1591): 	at com.android.server.am.ActivityManagerService.getActivityOptions(ActivityManagerService.java:11038)
12-09 08:37:49.479 W/ActivityManager( 1591): 	at android.app.ActivityManagerNative.onTransact(ActivityManagerNative.java:1734)
12-09 08:37:49.479 W/ActivityManager( 1591): 	at com.android.server.am.ActivityManagerService.onTransact(ActivityManagerService.java:2443)
12-09 08:37:49.479 W/ActivityManager( 1591): 	at android.os.Binder.execTransact(Binder.java:453)
12-09 08:37:49.522 D/AudioFlinger( 1307): mixer(0xf4340000) throttle end: throttle time(27)
12-09 08:37:49.808 W/audio_hw_generic( 1307): Not supplying enough data to HAL, expected position 46328275 , only wrote 46328168
12-09 08:37:50.050 E/SurfaceFlinger( 1218): ro.sf.lcd_density must be defined as a build property
12-09 08:37:50.050 D/gralloc_ranchu( 1218): gralloc_alloc: Creating ashmem region of size 3686400
12-09 08:37:50.054 W/audio_hw_generic( 1307): Not supplying enough data to HAL, expected position 46339016 , only wrote 46338083
12-09 08:37:50.054 W/audio_hw_generic( 1307): Not supplying enough data to HAL, expected position 46338090 , only wrote 46338083
12-09 08:37:50.069 D/        (19845): HostConnection::get() New Host Connection established 0x7ff75a452480, tid 19845
12-09 08:37:50.089 E/EGL_emulation( 1218): tid 1218: eglCreateSyncKHR(1881): error 0x3004 (EGL_BAD_ATTRIBUTE)
12-09 08:37:50.110 W/audio_hw_generic( 1307): Not supplying enough data to HAL, expected position 46340580 , only wrote 46338744
12-09 08:37:50.173 W/audio_hw_generic( 1307): Hardware backing HAL too slow, could only write 0 of 661 frames
12-09 08:37:50.443 W/audio_hw_generic( 1307): Not supplying enough data to HAL, expected position 46353410 , only wrote 46352625
12-09 08:37:50.443 W/audio_hw_generic( 1307): Not supplying enough data to HAL, expected position 46352632 , only wrote 46352625
12-09 08:37:50.736 I/System.out(19812): URI: //gesture
12-09 08:37:50.737 I/System.out(19812): params: {json={"query_timeout":5.0,"gestures":[{"query_string":"android.widget.TabWidget descendant TextView index:2","touches":[{"x":50,"y":50,"offset_x":0,"offset_y":0,"wait":0.0,"time":0.2,"release":true,"query_string":null}]}]}
12-09 08:37:50.737 I/System.out(19812): }
12-09 08:37:50.869 W/audio_hw_generic( 1307): Not supplying enough data to HAL, expected position 46371381 , only wrote 46371133
12-09 08:37:50.869 W/audio_hw_generic( 1307): Not supplying enough data to HAL, expected position 46371140 , only wrote 46371133
12-09 08:37:50.906 W/audio_hw_generic( 1307): Not supplying enough data to HAL, expected position 46372758 , only wrote 46371794
12-09 08:37:50.998 W/audio_hw_generic( 1307): Not supplying enough data to HAL, expected position 46375857 , only wrote 46373116
12-09 08:37:51.055 W/audio_hw_generic( 1307): Not supplying enough data to HAL, expected position 46375652 , only wrote 46374438
12-09 08:37:51.372 W/audio_hw_generic( 1307): Not supplying enough data to HAL, expected position 46388412 , only wrote 46387658
12-09 08:37:51.372 W/audio_hw_generic( 1307): Not supplying enough data to HAL, expected position 46387665 , only wrote 46387658
12-09 08:37:51.413 I/calabash(19812): newActivity1
12-09 08:37:51.494 W/audio_hw_generic( 1307): Not supplying enough data to HAL, expected position 46393015 , only wrote 46392946
12-09 08:37:51.522 D/AudioFlinger( 1307): mixer(0xf4340000) throttle end: throttle time(11)
12-09 08:37:51.559 W/ActivityManager( 1591): Bad activity token: android.os.BinderProxy@a40f1d8
12-09 08:37:51.559 W/ActivityManager( 1591): java.lang.ClassCastException: android.os.BinderProxy cannot be cast to com.android.server.am.ActivityRecord$Token
12-09 08:37:51.559 W/ActivityManager( 1591): 	at com.android.server.am.ActivityRecord.forTokenLocked(ActivityRecord.java:424)
12-09 08:37:51.559 W/ActivityManager( 1591): 	at com.android.server.am.ActivityRecord.isInStackLocked(ActivityRecord.java:1121)
12-09 08:37:51.559 W/ActivityManager( 1591): 	at com.android.server.am.ActivityRecord.getStackLocked(ActivityRecord.java:1126)
12-09 08:37:51.559 W/ActivityManager( 1591): 	at com.android.server.am.ActivityManagerService.getActivityDisplayId(ActivityManagerService.java:8889)
12-09 08:37:51.559 W/ActivityManager( 1591): 	at android.app.ActivityManagerNative.onTransact(ActivityManagerNative.java:2338)
12-09 08:37:51.559 W/ActivityManager( 1591): 	at com.android.server.am.ActivityManagerService.onTransact(ActivityManagerService.java:2443)
12-09 08:37:51.559 W/ActivityManager( 1591): 	at android.os.Binder.execTransact(Binder.java:453)
12-09 08:37:51.572 W/ActivityManager( 1591): Bad activity token: android.os.BinderProxy@a40f1d8
12-09 08:37:51.572 W/ActivityManager( 1591): java.lang.ClassCastException: android.os.BinderProxy cannot be cast to com.android.server.am.ActivityRecord$Token
12-09 08:37:51.572 W/ActivityManager( 1591): 	at com.android.server.am.ActivityRecord.forTokenLocked(ActivityRecord.java:424)
12-09 08:37:51.572 W/ActivityManager( 1591): 	at com.android.server.am.ActivityRecord.isInStackLocked(ActivityRecord.java:1121)
12-09 08:37:51.572 W/ActivityManager( 1591): 	at com.android.server.am.ActivityManagerService.setTaskDescription(ActivityManagerService.java:8547)
12-09 08:37:51.572 W/ActivityManager( 1591): 	at android.app.ActivityManagerNative.onTransact(ActivityManagerNative.java:2410)
12-09 08:37:51.572 W/ActivityManager( 1591): 	at com.android.server.am.ActivityManagerService.onTransact(ActivityManagerService.java:2443)
12-09 08:37:51.572 W/ActivityManager( 1591): 	at android.os.Binder.execTransact(Binder.java:453)
12-09 08:37:51.654 W/audio_hw_generic( 1307): Not supplying enough data to HAL, expected position 46400028 , only wrote 46399556
12-09 08:37:51.669 W/art     (19812): Suspending all threads took: 73.731ms
12-09 08:37:51.672 D/VehicleStatisticsActivity(19812): Checking recalculation ...
12-09 08:37:51.684 W/audio_hw_generic( 1307): Hardware backing HAL too slow, could only write 0 of 661 frames
12-09 08:37:51.710 W/audio_hw_generic( 1307): Hardware backing HAL too slow, could only write 0 of 661 frames
12-09 08:37:51.729 W/audio_hw_generic( 1307): Hardware backing HAL too slow, could only write 0 of 661 frames
12-09 08:37:51.733 I/art     (19812): Background sticky concurrent mark sweep GC freed 58888(2MB) AllocSpace objects, 2(40KB) LOS objects, 27% free, 2MB/3MB, paused 75.218ms total 296.223ms
12-09 08:37:51.744 W/audio_hw_generic( 1307): Hardware backing HAL too slow, could only write 0 of 661 frames
12-09 08:37:51.745 D/VehicleStatisticsActivity(19812): Recalculating statistics
12-09 08:37:51.752 D/VehicleStatisticsTask(19812): Calculation starting...
12-09 08:37:51.752 D/VehicleStatisticsActivity(19812): Recalculation started!
12-09 08:37:51.754 W/ActivityManager( 1591): Bad activity token: android.os.BinderProxy@a40f1d8
12-09 08:37:51.754 W/ActivityManager( 1591): java.lang.ClassCastException: android.os.BinderProxy cannot be cast to com.android.server.am.ActivityRecord$Token
12-09 08:37:51.754 W/ActivityManager( 1591): 	at com.android.server.am.ActivityRecord.forTokenLocked(ActivityRecord.java:424)
12-09 08:37:51.754 W/ActivityManager( 1591): 	at com.android.server.am.ActivityRecord.isInStackLocked(ActivityRecord.java:1121)
12-09 08:37:51.754 W/ActivityManager( 1591): 	at com.android.server.am.ActivityManagerService.getActivityOptions(ActivityManagerService.java:11038)
12-09 08:37:51.754 W/ActivityManager( 1591): 	at android.app.ActivityManagerNative.onTransact(ActivityManagerNative.java:1734)
12-09 08:37:51.754 W/ActivityManager( 1591): 	at com.android.server.am.ActivityManagerService.onTransact(ActivityManagerService.java:2443)
12-09 08:37:51.754 W/ActivityManager( 1591): 	at android.os.Binder.execTransact(Binder.java:453)
12-09 08:37:51.755 W/ActivityManager( 1591): Bad activity token: android.os.BinderProxy@a40f1d8
12-09 08:37:51.755 W/ActivityManager( 1591): java.lang.ClassCastException: android.os.BinderProxy cannot be cast to com.android.server.am.ActivityRecord$Token
12-09 08:37:51.755 W/ActivityManager( 1591): 	at com.android.server.am.ActivityRecord.forTokenLocked(ActivityRecord.java:424)
12-09 08:37:51.755 W/ActivityManager( 1591): 	at com.android.server.am.ActivityRecord.isInStackLocked(ActivityRecord.java:1121)
12-09 08:37:51.755 W/ActivityManager( 1591): 	at com.android.server.am.ActivityManagerService.getActivityOptions(ActivityManagerService.java:11038)
12-09 08:37:51.755 W/ActivityManager( 1591): 	at android.app.ActivityManagerNative.onTransact(ActivityManagerNative.java:1734)
12-09 08:37:51.755 W/ActivityManager( 1591): 	at com.android.server.am.ActivityManagerService.onTransact(ActivityManagerService.java:2443)
12-09 08:37:51.755 W/ActivityManager( 1591): 	at android.os.Binder.execTransact(Binder.java:453)
12-09 08:37:51.766 W/audio_hw_generic( 1307): Hardware backing HAL too slow, could only write 0 of 661 frames
12-09 08:37:51.780 D/VehicleStatisticsActivity(19812): Checking recalculation ...
12-09 08:37:51.794 D/VehicleStatisticsActivity(19812): Recalculating statistics
12-09 08:37:51.794 D/VehicleStatisticsTask(19812): Calculation starting...
12-09 08:37:51.796 W/audio_hw_generic( 1307): Not supplying enough data to HAL, expected position 46405807 , only wrote 46405505
12-09 08:37:51.796 W/audio_hw_generic( 1307): Not supplying enough data to HAL, expected position 46405512 , only wrote 46405505
12-09 08:37:51.799 D/VehicleStatisticsActivity(19812): Recalculation started!
12-09 08:37:51.854 W/audio_hw_generic( 1307): Not supplying enough data to HAL, expected position 46408037 , only wrote 46406166
12-09 08:37:51.964 D/VehicleStatisticsTask(19812): Not enough fillups to calculate statistics
12-09 08:37:51.983 D/VehicleStatisticsTask(19812): Not enough fillups to calculate statistics
12-09 08:37:52.025 E/SurfaceFlinger( 1218): ro.sf.lcd_density must be defined as a build property
12-09 08:37:52.030 D/VehicleStatisticsTask(19812): Done recalculating!
12-09 08:37:52.031 D/VehicleStatisticsTask(19812): Done recalculating!
12-09 08:37:52.033 D/gralloc_ranchu( 1218): gralloc_alloc: Creating ashmem region of size 3686400
12-09 08:37:52.038 D/VehicleStatisticsAdapter(19812): Erasing the cache ...
12-09 08:37:52.039 D/VehicleStatisticsAdapter(19812): Building new values ...
12-09 08:37:52.040 D/VehicleStatisticsAdapter(19812): Writing 29 records to the database ...
12-09 08:37:52.046 D/VehicleStatisticsAdapter(19812): Erasing the cache ...
12-09 08:37:52.083 D/Mileage.ABS(19812): Finished backup
12-09 08:37:52.085 D/Mileage.ABS(19812): Not backing up; 21
