--------- beginning of system
12-09 07:41:43.221 W/ActivityManager( 1593): Finishing task with all activities already finished
12-09 07:41:43.221 W/ActivityManager( 1593): Duplicate finish request for ActivityRecord{705a8e0 u0 com.evancharlton.mileage/.Mileage t339 f}
12-09 07:41:43.221 W/ActivityManager( 1593): Finishing task with all activities already finished
12-09 07:41:43.221 W/ActivityManager( 1593): Duplicate finish request for ActivityRecord{705a8e0 u0 com.evancharlton.mileage/.Mileage t339 f}
12-09 07:41:43.222 W/ActivityManager( 1593): Finishing task with all activities already finished
12-09 07:41:43.222 W/ActivityManager( 1593): Duplicate finish request for ActivityRecord{705a8e0 u0 com.evancharlton.mileage/.Mileage t339 f}
--------- beginning of main
12-09 07:41:43.245 W/audio_hw_generic( 1306): Not supplying enough data to HAL, expected position 4703696 , only wrote 4703676
12-09 07:41:43.385 W/audio_hw_generic( 1306): Not supplying enough data to HAL, expected position 4709851 , only wrote 4708303
12-09 07:41:43.385 W/audio_hw_generic( 1306): Not supplying enough data to HAL, expected position 4708310 , only wrote 4708303
12-09 07:41:43.409 W/audio_hw_generic( 1306): Not supplying enough data to HAL, expected position 4709350 , only wrote 4708964
12-09 07:41:43.599 D/EGL_emulation( 1940): eglMakeCurrent: 0x7fa33a6b4dc0: ver 2 0 (tinfo 0x7fa33a682d60)
12-09 07:41:43.882 W/art     ( 1593): Long monitor contention event with owner method=void com.android.server.wm.WindowAnimator$1.doFrame(long) from WindowAnimator.java:121 waiters=1 for 156ms
12-09 07:41:43.999 D/AndroidRuntime( 5098): >>>>>> START com.android.internal.os.RuntimeInit uid 0 <<<<<<
12-09 07:41:44.000 D/AndroidRuntime( 5098): CheckJNI is ON
12-09 07:41:44.013 W/art     ( 1593): Long monitor contention event with owner method=void com.android.server.wm.WindowAnimator$1.doFrame(long) from WindowAnimator.java:121 waiters=1 for 274ms
12-09 07:41:44.046 D/ICU     ( 5098): No timezone override file found: /data/misc/zoneinfo/current/icu/icu_tzdata.dat
12-09 07:41:44.173 E/memtrack( 5098): Couldn't load memtrack module (No such file or directory)
12-09 07:41:44.173 E/android.os.Debug( 5098): failed to load memtrack module: -2
12-09 07:41:44.175 I/Radio-JNI( 5098): register_android_hardware_Radio DONE
12-09 07:41:44.213 D/AndroidRuntime( 5098): Calling main entry com.android.commands.am.Am
12-09 07:41:44.214 I/ActivityManager( 1593): Force stopping com.evancharlton.mileage appid=10117 user=0: start instr
12-09 07:41:44.225 I/ActivityManager( 1593): Killing 5029:com.evancharlton.mileage/u0a117 (adj 0): stop com.evancharlton.mileage
12-09 07:41:44.389 W/InputDispatcher( 1593): channel '8db79ca Toast (server)' ~ Consumer closed input channel or an error occurred.  events=0x9
12-09 07:41:44.389 E/InputDispatcher( 1593): channel '8db79ca Toast (server)' ~ Channel is unrecoverably broken and will be disposed!
12-09 07:41:44.430 W/ActivityManager( 1593): Crash of app com.evancharlton.mileage running instrumentation ComponentInfo{com.evancharlton.mileage.test/sh.calaba.instrumentationbackend.CalabashInstrumentationTestRunner}
12-09 07:41:44.430 I/ActivityManager( 1593): Force stopping com.evancharlton.mileage appid=10117 user=0: finished inst
12-09 07:41:44.484 W/InputDispatcher( 1593): Attempted to unregister already unregistered input channel '8db79ca Toast (server)'
12-09 07:41:44.591 I/WindowState( 1593): WIN DEATH: Window{f641736 u0 com.evancharlton.mileage/com.evancharlton.mileage.Mileage EXITING}
12-09 07:41:44.602 W/WindowAnimator( 1593): Failed to dispatch window animation state change.
12-09 07:41:44.602 W/WindowAnimator( 1593): android.os.DeadObjectException
12-09 07:41:44.602 W/WindowAnimator( 1593): 	at android.os.BinderProxy.transactNative(Native Method)
12-09 07:41:44.602 W/WindowAnimator( 1593): 	at android.os.BinderProxy.transact(Binder.java:503)
12-09 07:41:44.602 W/WindowAnimator( 1593): 	at android.view.IWindow$Stub$Proxy.onAnimationStarted(IWindow.java:520)
12-09 07:41:44.602 W/WindowAnimator( 1593): 	at com.android.server.wm.WindowAnimator.updateWindowsLocked(WindowAnimator.java:282)
12-09 07:41:44.602 W/WindowAnimator( 1593): 	at com.android.server.wm.WindowAnimator.animateLocked(WindowAnimator.java:678)
12-09 07:41:44.602 W/WindowAnimator( 1593): 	at com.android.server.wm.WindowAnimator.-wrap0(WindowAnimator.java)
12-09 07:41:44.602 W/WindowAnimator( 1593): 	at com.android.server.wm.WindowAnimator$1.doFrame(WindowAnimator.java:123)
12-09 07:41:44.602 W/WindowAnimator( 1593): 	at android.view.Choreographer$CallbackRecord.run(Choreographer.java:856)
12-09 07:41:44.602 W/WindowAnimator( 1593): 	at android.view.Choreographer.doCallbacks(Choreographer.java:670)
12-09 07:41:44.602 W/WindowAnimator( 1593): 	at android.view.Choreographer.doFrame(Choreographer.java:603)
12-09 07:41:44.602 W/WindowAnimator( 1593): 	at android.view.Choreographer$FrameDisplayEventReceiver.run(Choreographer.java:844)
12-09 07:41:44.602 W/WindowAnimator( 1593): 	at android.os.Handler.handleCallback(Handler.java:739)
12-09 07:41:44.602 W/WindowAnimator( 1593): 	at android.os.Handler.dispatchMessage(Handler.java:95)
12-09 07:41:44.602 W/WindowAnimator( 1593): 	at android.os.Looper.loop(Looper.java:148)
12-09 07:41:44.602 W/WindowAnimator( 1593): 	at android.os.HandlerThread.run(HandlerThread.java:61)
12-09 07:41:44.602 W/WindowAnimator( 1593): 	at com.android.server.ServiceThread.run(ServiceThread.java:46)
12-09 07:41:44.673 I/ActivityManager( 1593): Start proc 5107:com.evancharlton.mileage/u0a117 for added application com.evancharlton.mileage
12-09 07:41:44.674 W/art     ( 1593): Long monitor contention event with owner method=boolean com.android.server.am.ActivityManagerService.startInstrumentation(android.content.ComponentName, java.lang.String, int, android.os.Bundle, android.app.IInstrumentationWatcher, android.app.IUiAutomationConnection, int, java.lang.String) from ActivityManagerService.java:17066 waiters=0 for 417ms
12-09 07:41:44.685 D/AndroidRuntime( 5098): Shutting down VM
12-09 07:41:44.701 W/art     ( 1593): Long monitor contention event with owner method=boolean com.android.server.am.ActivityManagerService.startInstrumentation(android.content.ComponentName, java.lang.String, int, android.os.Bundle, android.app.IInstrumentationWatcher, android.app.IUiAutomationConnection, int, java.lang.String) from ActivityManagerService.java:17066 waiters=1 for 368ms
12-09 07:41:44.702 W/InputMethodManagerService( 1593): Got RemoteException sending setActive(false) notification to pid 5029 uid 10117
12-09 07:41:45.081 W/art     ( 1593): Long monitor contention event with owner method=void com.android.server.wm.WindowAnimator$1.doFrame(long) from WindowAnimator.java:121 waiters=2 for 307ms
12-09 07:41:45.165 W/art     ( 1593): Long monitor contention event with owner method=void com.android.server.wm.WindowAnimator$1.doFrame(long) from WindowAnimator.java:121 waiters=2 for 243ms
12-09 07:41:45.166 I/WindowState( 1593): WIN DEATH: Window{8db79ca u0 Toast EXITING}
12-09 07:41:45.166 W/art     ( 1593): Long monitor contention event with owner method=java.util.List com.android.server.am.ActivityManagerService.getAllStackInfos() from ActivityManagerService.java:8937 waiters=0 for 462ms
12-09 07:41:45.167 W/art     ( 1593): Long monitor contention event with owner method=java.util.List com.android.server.am.ActivityManagerService.getAllStackInfos() from ActivityManagerService.java:8937 waiters=1 for 429ms
12-09 07:41:45.177 W/art     ( 1593): Long monitor contention event with owner method=com.android.internal.view.InputBindResult com.android.server.InputMethodManagerService.windowGainedFocus(com.android.internal.view.IInputMethodClient, android.os.IBinder, int, int, int, android.view.inputmethod.EditorInfo, com.android.internal.view.IInputContext) from InputMethodManagerService.java:2177 waiters=0 for 747ms
12-09 07:41:45.185 I/Choreographer( 1940): Skipped 88 frames!  The application may be doing too much work on its main thread.
12-09 07:41:45.186 W/art     ( 1593): Long monitor contention event with owner method=com.android.internal.view.InputBindResult com.android.server.InputMethodManagerService.windowGainedFocus(com.android.internal.view.IInputMethodClient, android.os.IBinder, int, int, int, android.view.inputmethod.EditorInfo, com.android.internal.view.IInputContext) from InputMethodManagerService.java:2177 waiters=1 for 596ms
12-09 07:41:45.209 W/WindowAnimator( 1593): Failed to dispatch window animation state change.
12-09 07:41:45.209 W/WindowAnimator( 1593): android.os.DeadObjectException
12-09 07:41:45.209 W/WindowAnimator( 1593): 	at android.os.BinderProxy.transactNative(Native Method)
12-09 07:41:45.209 W/WindowAnimator( 1593): 	at android.os.BinderProxy.transact(Binder.java:503)
12-09 07:41:45.209 W/WindowAnimator( 1593): 	at android.view.IWindow$Stub$Proxy.onAnimationStopped(IWindow.java:534)
12-09 07:41:45.209 W/WindowAnimator( 1593): 	at com.android.server.wm.WindowAnimator.updateWindowsLocked(WindowAnimator.java:286)
12-09 07:41:45.209 W/WindowAnimator( 1593): 	at com.android.server.wm.WindowAnimator.animateLocked(WindowAnimator.java:678)
12-09 07:41:45.209 W/WindowAnimator( 1593): 	at com.android.server.wm.WindowAnimator.-wrap0(WindowAnimator.java)
12-09 07:41:45.209 W/WindowAnimator( 1593): 	at com.android.server.wm.WindowAnimator$1.doFrame(WindowAnimator.java:123)
12-09 07:41:45.209 W/WindowAnimator( 1593): 	at android.view.Choreographer$CallbackRecord.run(Choreographer.java:856)
12-09 07:41:45.209 W/WindowAnimator( 1593): 	at android.view.Choreographer.doCallbacks(Choreographer.java:670)
12-09 07:41:45.209 W/WindowAnimator( 1593): 	at android.view.Choreographer.doFrame(Choreographer.java:603)
12-09 07:41:45.209 W/WindowAnimator( 1593): 	at android.view.Choreographer$FrameDisplayEventReceiver.run(Choreographer.java:844)
12-09 07:41:45.209 W/WindowAnimator( 1593): 	at android.os.Handler.handleCallback(Handler.java:739)
12-09 07:41:45.209 W/WindowAnimator( 1593): 	at android.os.Handler.dispatchMessage(Handler.java:95)
12-09 07:41:45.209 W/WindowAnimator( 1593): 	at android.os.Looper.loop(Looper.java:148)
12-09 07:41:45.209 W/WindowAnimator( 1593): 	at android.os.HandlerThread.run(HandlerThread.java:61)
12-09 07:41:45.209 W/WindowAnimator( 1593): 	at com.android.server.ServiceThread.run(ServiceThread.java:46)
12-09 07:41:45.254 W/System  ( 5107): ClassLoader referenced unknown path: /data/app/com.evancharlton.mileage.test-1/lib/x86_64
12-09 07:41:45.254 W/System  ( 5107): ClassLoader referenced unknown path: /data/app/com.evancharlton.mileage-1/lib/x86_64
12-09 07:41:45.271 D/EGL_emulation( 1881): eglMakeCurrent: 0x7fa32eb02140: ver 2 0 (tinfo 0x7fa3365b38e0)
12-09 07:41:45.289 E/Surface ( 1881): getSlotFromBufferLocked: unknown buffer: 0x7fa32eb02320
12-09 07:41:45.306 I/System.out( 5107): Main activity name automatically set to: com.evancharlton.mileage.Mileage
12-09 07:41:45.307 I/System.out( 5107): Calabash did not load Mono. This is only a problem if you are trying to test a Mono application
12-09 07:41:45.307 I/calabash( 5107): Test server port: 7102
12-09 07:41:45.308 I/InstrumentationBackend( 5107): Added:'GetPreferences', with key:'get_preferences'
12-09 07:41:45.349 W/art     ( 1593): Long monitor contention event with owner method=void com.android.server.wm.WindowState$DeathRecipient.binderDied() from WindowState.java:1208 waiters=1 for 163ms
12-09 07:41:45.422 I/InstrumentationBackend( 5107): Added:'SetPreferences', with key:'set_preferences'
12-09 07:41:45.422 I/InstrumentationBackend( 5107): Added:'ClearPreferences', with key:'clear_preferences'
12-09 07:41:45.422 I/InstrumentationBackend( 5107): Added:'PressElement', with key:'press_l10n_element'
12-09 07:41:45.422 I/InstrumentationBackend( 5107): Added:'WaitForElement', with key:'wait_for_l10n_element'
12-09 07:41:45.423 I/InstrumentationBackend( 5107): Added:'NullAction', with key:'nullAction'
12-09 07:41:45.423 I/InstrumentationBackend( 5107): Added:'PressKey', with key:'press_key'
12-09 07:41:45.423 I/InstrumentationBackend( 5107): Added:'SetActivityOrientation', with key:'set_activity_orientation'
12-09 07:41:45.423 I/InstrumentationBackend( 5107): Added:'GetActivityOrientation', with key:'get_activity_orientation'
12-09 07:41:45.424 I/InstrumentationBackend( 5107): Added:'FakeGPSLocation', with key:'set_gps_coordinates'
12-09 07:41:45.424 I/InstrumentationBackend( 5107): Added:'SetPropertyByCssSelector', with key:'set_property_by_css_selector'
12-09 07:41:45.424 I/InstrumentationBackend( 5107): Added:'GetUrl', with key:'get_url'
12-09 07:41:45.433 I/InstrumentationBackend( 5107): Added:'ScrollTo', with key:'scroll_to'
12-09 07:41:45.453 I/InstrumentationBackend( 5107): Added:'GetLoadProgress', with key:'get_load_progress'
12-09 07:41:45.453 I/InstrumentationBackend( 5107): Added:'DumpHtml', with key:'dump_html'
12-09 07:41:45.453 I/InstrumentationBackend( 5107): Added:'DumpBodyHtml', with key:'dump_body_html'
12-09 07:41:45.453 I/InstrumentationBackend( 5107): Added:'EnterTextByCssSelector', with key:'enter_text_by_selector'
12-09 07:41:45.454 I/InstrumentationBackend( 5107): Added:'AndroidSDKVersion', with key:'android_sdk_version'
12-09 07:41:45.455 I/InstrumentationBackend( 5107): Added:'Version', with key:'version'
12-09 07:41:45.455 I/InstrumentationBackend( 5107): Added:'Drag', with key:'drag'
12-09 07:41:45.455 I/InstrumentationBackend( 5107): Added:'TouchCoordinates', with key:'touch_coordinate'
12-09 07:41:45.455 I/InstrumentationBackend( 5107): Added:'LongPressCoordinate', with key:'long_press_coordinate'
12-09 07:41:45.455 I/InstrumentationBackend( 5107): Added:'DragCoordinates', with key:'drag_coordinates'
12-09 07:41:45.455 I/InstrumentationBackend( 5107): Added:'ResumeApplication', with key:'resume_application'
12-09 07:41:45.456 I/InstrumentationBackend( 5107): Added:'Swipe', with key:'swipe'
12-09 07:41:45.456 I/InstrumentationBackend( 5107): Added:'DoubleTapCoordinate', with key:'double_tap_coordinate'
12-09 07:41:45.456 I/InstrumentationBackend( 5107): Added:'ClickOnScreen', with key:'click_on_screen'
12-09 07:41:45.466 I/InstrumentationBackend( 5107): Added:'GetActivityName', with key:'get_activity_name'
12-09 07:41:45.466 I/InstrumentationBackend( 5107): Added:'ScrollToView', with key:'scroll_to_view'
12-09 07:41:45.467 I/InstrumentationBackend( 5107): Added:'ViewConfiguration', with key:'view_configuration'
12-09 07:41:45.467 I/InstrumentationBackend( 5107): Added:'IsCurrentActivityFocused', with key:'is_current_activity_focused'
12-09 07:41:45.467 I/InstrumentationBackend( 5107): Added:'SendTcp', with key:'send_tcp'
12-09 07:41:45.467 I/InstrumentationBackend( 5107): Added:'DpToDevicePixel', with key:'dp_to_device_pixel'
12-09 07:41:45.468 I/InstrumentationBackend( 5107): Added:'KeyboardEnterText', with key:'keyboard_enter_text'
12-09 07:41:45.468 I/InstrumentationBackend( 5107): Added:'DeleteSurroundingText', with key:'delete_surrounding_text'
12-09 07:41:45.468 I/InstrumentationBackend( 5107): Added:'SetComposingRegion', with key:'set_composing_region'
12-09 07:41:45.468 I/InstrumentationBackend( 5107): Added:'SetSelection', with key:'set_selection'
12-09 07:41:45.481 I/InstrumentationBackend( 5107): Added:'KeyboardKeyEvent', with key:'keyboard_key_event'
12-09 07:41:45.482 I/InstrumentationBackend( 5107): Added:'PressUserActionButton', with key:'press_user_action_button'
12-09 07:41:45.482 I/InstrumentationBackend( 5107): Added:'HideSoftKeyboard', with key:'hide_soft_keyboard'
12-09 07:41:45.482 I/InstrumentationBackend( 5107): Added:'ListActions', with key:'list_actions'
12-09 07:41:45.483 I/calabash( 5107): Instantiating http server at 7102
12-09 07:41:45.485 I/System.out( 5107): HTTP Daemon listening on: 7102
12-09 07:41:45.692 I/System.out( 5107): URI: //ping
12-09 07:41:45.697 I/System.out( 5107): params: {json={}
12-09 07:41:45.697 I/System.out( 5107): }
12-09 07:41:45.701 W/art     ( 1593): Long monitor contention event with owner method=void com.android.server.wm.WindowAnimator$1.doFrame(long) from WindowAnimator.java:121 waiters=2 for 233ms
12-09 07:41:45.867 I/System.out( 5107): URI: //ping
12-09 07:41:45.867 I/System.out( 5107): params: {json={}
12-09 07:41:45.867 I/System.out( 5107): }
12-09 07:41:45.871 I/Choreographer( 1940): Skipped 39 frames!  The application may be doing too much work on its main thread.
12-09 07:41:45.877 W/art     ( 1593): Long monitor contention event with owner method=void com.android.server.wm.WindowManagerService$H.handleMessage(android.os.Message) from WindowManagerService.java:7820 waiters=1 for 175ms
12-09 07:41:45.984 I/System.out( 5107): URI: //ready
12-09 07:41:45.984 I/System.out( 5107): params: {json={}
12-09 07:41:45.984 I/System.out( 5107): }
12-09 07:41:46.001 W/OpenGLRenderer( 1940): Incorrectly called buildLayer on View: ShortcutAndWidgetContainer, destroying layer...
12-09 07:41:46.099 I/System.out( 5107): URI: //
12-09 07:41:46.099 I/System.out( 5107): params: {json={"command":"version","arguments":[]}
12-09 07:41:46.099 I/System.out( 5107): }
12-09 07:41:46.099 I/System.out( 5107): header: {date=Sun, 09 Dec 2018 07:41:46 GMT, accept=*/*, content-length=36, host=127.0.0.1:34777, user-agent=HTTPClient/1.0 (2.8.3, ruby 2.3.1 (2016-04-26)), content-type=application/json;charset=utf-8}
12-09 07:41:46.099 I/System.out( 5107): params: {json={"command":"version","arguments":[]}
12-09 07:41:46.100 I/System.out( 5107): }
12-09 07:41:46.100 I/System.out( 5107): ProP json = {"command":"version","arguments":[]}
12-09 07:41:46.100 I/System.out( 5107): files: {}
12-09 07:41:46.100 I/System.out( 5107): command: {"command":"version","arguments":[]}
12-09 07:41:46.277 I/art     ( 5107): Background sticky concurrent mark sweep GC freed 20495(1150KB) AllocSpace objects, 9(180KB) LOS objects, 67% free, 1268KB/3MB, paused 1.174ms total 297.205ms
12-09 07:41:46.293 I/InstrumentationBackend( 5107): Got command:'Command:'Line:null,version', arguments:'[]'
12-09 07:41:46.310 W/WindowAnimator( 1593): Failed to dispatch window animation state change.
12-09 07:41:46.310 W/WindowAnimator( 1593): android.os.DeadObjectException
12-09 07:41:46.310 W/WindowAnimator( 1593): 	at android.os.BinderProxy.transactNative(Native Method)
12-09 07:41:46.310 W/WindowAnimator( 1593): 	at android.os.BinderProxy.transact(Binder.java:503)
12-09 07:41:46.310 W/WindowAnimator( 1593): 	at android.view.IWindow$Stub$Proxy.onAnimationStopped(IWindow.java:534)
12-09 07:41:46.310 W/WindowAnimator( 1593): 	at com.android.server.wm.WindowAnimator.updateWindowsLocked(WindowAnimator.java:286)
12-09 07:41:46.310 W/WindowAnimator( 1593): 	at com.android.server.wm.WindowAnimator.animateLocked(WindowAnimator.java:678)
12-09 07:41:46.310 W/WindowAnimator( 1593): 	at com.android.server.wm.WindowAnimator.-wrap0(WindowAnimator.java)
12-09 07:41:46.310 W/WindowAnimator( 1593): 	at com.android.server.wm.WindowAnimator$1.doFrame(WindowAnimator.java:123)
12-09 07:41:46.310 W/WindowAnimator( 1593): 	at android.view.Choreographer$CallbackRecord.run(Choreographer.java:856)
12-09 07:41:46.310 W/WindowAnimator( 1593): 	at android.view.Choreographer.doCallbacks(Choreographer.java:670)
12-09 07:41:46.310 W/WindowAnimator( 1593): 	at android.view.Choreographer.doFrame(Choreographer.java:603)
12-09 07:41:46.310 W/WindowAnimator( 1593): 	at android.view.Choreographer$FrameDisplayEventReceiver.run(Choreographer.java:844)
12-09 07:41:46.310 W/WindowAnimator( 1593): 	at android.os.Handler.handleCallback(Handler.java:739)
12-09 07:41:46.310 W/WindowAnimator( 1593): 	at android.os.Handler.dispatchMessage(Handler.java:95)
12-09 07:41:46.310 W/WindowAnimator( 1593): 	at android.os.Looper.loop(Looper.java:148)
12-09 07:41:46.310 W/WindowAnimator( 1593): 	at android.os.HandlerThread.run(HandlerThread.java:61)
12-09 07:41:46.310 W/WindowAnimator( 1593): 	at com.android.server.ServiceThread.run(ServiceThread.java:46)
12-09 07:41:46.337 I/System.out( 5107): result:{"bonusInformation":[],"message":"0.9.8","success":true}
12-09 07:41:46.427 I/System.out( 5107): URI: //start-application
12-09 07:41:46.428 I/System.out( 5107): params: {json={"intent":null}
12-09 07:41:46.428 I/System.out( 5107): }
12-09 07:41:46.753 I/ActivityManager( 1593): START u0 {act=android.intent.action.MAIN cat=[android.intent.category.LAUNCHER] flg=0x10200000 cmp=com.evancharlton.mileage/.Mileage} from uid 10117 on display 0
12-09 07:41:47.007 W/art     ( 1593): Long monitor contention event with owner method=int com.android.server.am.ActivityStackSupervisor.startActivityMayWait(android.app.IApplicationThread, int, java.lang.String, android.content.Intent, java.lang.String, android.service.voice.IVoiceInteractionSession, com.android.internal.app.IVoiceInteractor, android.os.IBinder, java.lang.String, int, int, android.app.ProfilerInfo, android.app.IActivityManager$WaitResult, android.content.res.Configuration, android.os.Bundle, boolean, int, android.app.IActivityContainer, com.android.server.am.TaskRecord) from ActivityStackSupervisor.java:946 waiters=0 for 234ms
12-09 07:41:47.029 I/calabash( 5107): newActivity1
12-09 07:41:47.250 W/art     ( 1593): Long monitor contention event with owner method=int com.android.server.wm.WindowManagerService.relayoutWindow(com.android.server.wm.Session, android.view.IWindow, int, android.view.WindowManager$LayoutParams, int, int, int, int, android.graphics.Rect, android.graphics.Rect, android.graphics.Rect, android.graphics.Rect, android.graphics.Rect, android.graphics.Rect, android.content.res.Configuration, android.view.Surface) from WindowManagerService.java:3103 waiters=0 for 219ms
12-09 07:41:47.411 W/art     ( 1593): Long monitor contention event with owner method=void com.android.server.am.ActivityManagerService.activityPaused(android.os.IBinder) from ActivityManagerService.java:6439 waiters=0 for 391ms
12-09 07:41:47.416 W/art     ( 1593): Long monitor contention event with owner method=void com.android.server.am.ActivityManagerService.activityPaused(android.os.IBinder) from ActivityManagerService.java:6439 waiters=2 for 386ms
12-09 07:41:47.421 D/gralloc_ranchu( 1219): gralloc_alloc: Creating ashmem region of size 3686400
12-09 07:41:47.459 I/calabash( 5107): newActivity1
12-09 07:41:47.517 W/ActivityManager( 1593): Bad activity token: android.os.BinderProxy@3212346
12-09 07:41:47.517 W/ActivityManager( 1593): java.lang.ClassCastException: android.os.BinderProxy cannot be cast to com.android.server.am.ActivityRecord$Token
12-09 07:41:47.517 W/ActivityManager( 1593): 	at com.android.server.am.ActivityRecord.forTokenLocked(ActivityRecord.java:424)
12-09 07:41:47.517 W/ActivityManager( 1593): 	at com.android.server.am.ActivityRecord.isInStackLocked(ActivityRecord.java:1121)
12-09 07:41:47.517 W/ActivityManager( 1593): 	at com.android.server.am.ActivityRecord.getStackLocked(ActivityRecord.java:1126)
12-09 07:41:47.517 W/ActivityManager( 1593): 	at com.android.server.am.ActivityManagerService.getActivityDisplayId(ActivityManagerService.java:8889)
12-09 07:41:47.517 W/ActivityManager( 1593): 	at android.app.ActivityManagerNative.onTransact(ActivityManagerNative.java:2338)
12-09 07:41:47.517 W/ActivityManager( 1593): 	at com.android.server.am.ActivityManagerService.onTransact(ActivityManagerService.java:2443)
12-09 07:41:47.517 W/ActivityManager( 1593): 	at android.os.Binder.execTransact(Binder.java:453)
12-09 07:41:47.573 W/ActivityManager( 1593): Bad activity token: android.os.BinderProxy@3212346
12-09 07:41:47.573 W/ActivityManager( 1593): java.lang.ClassCastException: android.os.BinderProxy cannot be cast to com.android.server.am.ActivityRecord$Token
12-09 07:41:47.573 W/ActivityManager( 1593): 	at com.android.server.am.ActivityRecord.forTokenLocked(ActivityRecord.java:424)
12-09 07:41:47.573 W/ActivityManager( 1593): 	at com.android.server.am.ActivityRecord.isInStackLocked(ActivityRecord.java:1121)
12-09 07:41:47.573 W/ActivityManager( 1593): 	at com.android.server.am.ActivityManagerService.setTaskDescription(ActivityManagerService.java:8547)
12-09 07:41:47.573 W/ActivityManager( 1593): 	at android.app.ActivityManagerNative.onTransact(ActivityManagerNative.java:2410)
12-09 07:41:47.573 W/ActivityManager( 1593): 	at com.android.server.am.ActivityManagerService.onTransact(ActivityManagerService.java:2443)
12-09 07:41:47.573 W/ActivityManager( 1593): 	at android.os.Binder.execTransact(Binder.java:453)
12-09 07:41:48.146 W/ActivityManager( 1593): Bad activity token: android.os.BinderProxy@3212346
12-09 07:41:48.146 W/ActivityManager( 1593): java.lang.ClassCastException: android.os.BinderProxy cannot be cast to com.android.server.am.ActivityRecord$Token
12-09 07:41:48.146 W/ActivityManager( 1593): 	at com.android.server.am.ActivityRecord.forTokenLocked(ActivityRecord.java:424)
12-09 07:41:48.146 W/ActivityManager( 1593): 	at com.android.server.am.ActivityRecord.isInStackLocked(ActivityRecord.java:1121)
12-09 07:41:48.146 W/ActivityManager( 1593): 	at com.android.server.am.ActivityManagerService.getActivityOptions(ActivityManagerService.java:11038)
12-09 07:41:48.146 W/ActivityManager( 1593): 	at android.app.ActivityManagerNative.onTransact(ActivityManagerNative.java:1734)
12-09 07:41:48.146 W/ActivityManager( 1593): 	at com.android.server.am.ActivityManagerService.onTransact(ActivityManagerService.java:2443)
12-09 07:41:48.146 W/ActivityManager( 1593): 	at android.os.Binder.execTransact(Binder.java:453)
12-09 07:41:48.146 W/ActivityManager( 1593): Bad activity token: android.os.BinderProxy@3212346
12-09 07:41:48.146 W/ActivityManager( 1593): java.lang.ClassCastException: android.os.BinderProxy cannot be cast to com.android.server.am.ActivityRecord$Token
12-09 07:41:48.146 W/ActivityManager( 1593): 	at com.android.server.am.ActivityRecord.forTokenLocked(ActivityRecord.java:424)
12-09 07:41:48.146 W/ActivityManager( 1593): 	at com.android.server.am.ActivityRecord.isInStackLocked(ActivityRecord.java:1121)
12-09 07:41:48.146 W/ActivityManager( 1593): 	at com.android.server.am.ActivityManagerService.getActivityOptions(ActivityManagerService.java:11038)
12-09 07:41:48.146 W/ActivityManager( 1593): 	at android.app.ActivityManagerNative.onTransact(ActivityManagerNative.java:1734)
12-09 07:41:48.146 W/ActivityManager( 1593): 	at com.android.server.am.ActivityManagerService.onTransact(ActivityManagerService.java:2443)
12-09 07:41:48.146 W/ActivityManager( 1593): 	at android.os.Binder.execTransact(Binder.java:453)
12-09 07:41:48.188 I/Choreographer( 1593): Skipped 45 frames!  The application may be doing too much work on its main thread.
12-09 07:41:48.238 D/EGL_emulation( 1940): eglMakeCurrent: 0x7fa33a6b4dc0: ver 2 0 (tinfo 0x7fa33a682d60)
12-09 07:41:48.239 E/Surface ( 1940): getSlotFromBufferLocked: unknown buffer: 0x7fa336c558e0
12-09 07:41:48.250 V/PhoneStatusBar( 3290): setLightsOn(true)
12-09 07:41:48.646 W/art     ( 1593): Long monitor contention event with owner method=void com.android.server.wm.WindowAnimator$1.doFrame(long) from WindowAnimator.java:121 waiters=0 for 222ms
12-09 07:41:48.752 W/art     ( 1593): Long monitor contention event with owner method=void com.android.server.wm.WindowAnimator$1.doFrame(long) from WindowAnimator.java:121 waiters=0 for 105ms
12-09 07:41:49.345 I/Choreographer( 3290): Skipped 41 frames!  The application may be doing too much work on its main thread.
12-09 07:41:49.456 I/Choreographer( 5107): Skipped 72 frames!  The application may be doing too much work on its main thread.
12-09 07:41:49.464 D/gralloc_ranchu( 1219): gralloc_alloc: Creating ashmem region of size 3686400
12-09 07:41:49.629 D/        ( 5107): HostConnection::get() New Host Connection established 0x7fa336cbd220, tid 5107
12-09 07:41:49.681 I/ActivityManager( 1593): Displayed com.evancharlton.mileage/.Mileage: +2s671ms
12-09 07:41:49.783 D/gralloc_ranchu( 1219): gralloc_alloc: Creating ashmem region of size 3686400
12-09 07:41:50.341 W/art     ( 1593): Long monitor contention event with owner method=void com.android.server.wm.WindowAnimator$1.doFrame(long) from WindowAnimator.java:121 waiters=0 for 377ms
12-09 07:41:51.654 I/System.out( 5107): URI: //map
12-09 07:41:51.654 I/System.out( 5107): params: {json={"query":"android.widget.EditText id:'price'","operation":{"method_name":"query","arguments":[]}}
12-09 07:41:51.654 I/System.out( 5107): }
12-09 07:41:51.813 I/art     ( 5107): Background sticky concurrent mark sweep GC freed 25993(1219KB) AllocSpace objects, 2(40KB) LOS objects, 26% free, 2MB/2MB, paused 1.161ms total 144.789ms
12-09 07:41:51.845 W/ResourceType( 5107): No package identifier when getting name for resource number 0x00000001
12-09 07:41:52.319 I/art     ( 5107): Background partial concurrent mark sweep GC freed 33901(1637KB) AllocSpace objects, 1(20KB) LOS objects, 40% free, 2MB/3MB, paused 4.065ms total 453.989ms
12-09 07:41:52.320 I/System.out( 5107): URI: //gesture
12-09 07:41:52.320 I/System.out( 5107): params: {json={"query_timeout":5.0,"gestures":[{"query_string":"android.widget.EditText id:'price'","touches":[{"x":50,"y":50,"offset_x":0,"offset_y":0,"wait":0.0,"time":0.2,"release":true,"query_string":null}]}]}
12-09 07:41:52.320 I/System.out( 5107): }
12-09 07:41:52.334 W/ResourceType( 5107): No package identifier when getting name for resource number 0x00000001
12-09 07:41:52.865 I/LatinIME( 1881): Starting input. Cursor position = 0,0
12-09 07:41:53.178 D/EGL_emulation( 1881): eglMakeCurrent: 0x7fa32eb02140: ver 2 0 (tinfo 0x7fa3365b38e0)
12-09 07:41:53.363 D/gralloc_ranchu( 1219): gralloc_alloc: Creating ashmem region of size 3686400
12-09 07:41:53.425 I/System.out( 5107): URI: //
12-09 07:41:53.425 I/System.out( 5107): params: {json={"command":"set_selection","arguments":[-1,-1]}
12-09 07:41:53.425 I/System.out( 5107): }
12-09 07:41:53.425 I/System.out( 5107): header: {date=Sun, 09 Dec 2018 07:41:54 GMT, accept=*/*, content-length=47, host=127.0.0.1:34777, user-agent=HTTPClient/1.0 (2.8.3, ruby 2.3.1 (2016-04-26)), content-type=application/json;charset=utf-8}
12-09 07:41:53.425 I/System.out( 5107): params: {json={"command":"set_selection","arguments":[-1,-1]}
12-09 07:41:53.425 I/System.out( 5107): }
12-09 07:41:53.425 I/System.out( 5107): ProP json = {"command":"set_selection","arguments":[-1,-1]}
12-09 07:41:53.425 I/System.out( 5107): files: {}
12-09 07:41:53.425 I/System.out( 5107): command: {"command":"set_selection","arguments":[-1,-1]}
12-09 07:41:53.426 I/InstrumentationBackend( 5107): Got command:'Command:'Line:null,set_selection', arguments:'[-1, -1]'
12-09 07:41:53.537 I/art     ( 5107): Background sticky concurrent mark sweep GC freed 22227(1104KB) AllocSpace objects, 2(40KB) LOS objects, 26% free, 2MB/3MB, paused 24.657ms total 100.597ms
12-09 07:41:53.547 I/System.out( 5107): result:{"bonusInformation":[],"message":"","success":true}
12-09 07:41:53.773 I/System.out( 5107): URI: //
12-09 07:41:53.774 I/System.out( 5107): params: {json={"command":"keyboard_enter_text","arguments":["23"]}
12-09 07:41:53.774 I/System.out( 5107): }
12-09 07:41:53.774 I/System.out( 5107): header: {date=Sun, 09 Dec 2018 07:41:54 GMT, accept=*/*, content-length=52, host=127.0.0.1:34777, user-agent=HTTPClient/1.0 (2.8.3, ruby 2.3.1 (2016-04-26)), content-type=application/json;charset=utf-8}
12-09 07:41:53.774 I/System.out( 5107): params: {json={"command":"keyboard_enter_text","arguments":["23"]}
12-09 07:41:53.774 I/System.out( 5107): }
12-09 07:41:53.774 I/System.out( 5107): ProP json = {"command":"keyboard_enter_text","arguments":["23"]}
12-09 07:41:53.774 I/System.out( 5107): files: {}
12-09 07:41:53.774 I/System.out( 5107): command: {"command":"keyboard_enter_text","arguments":["23"]}
12-09 07:41:53.775 I/InstrumentationBackend( 5107): Got command:'Command:'Line:null,keyboard_enter_text', arguments:'[23]'
12-09 07:41:53.786 E/SpannableStringBuilder( 5107): SPAN_EXCLUSIVE_EXCLUSIVE spans cannot have a zero length
12-09 07:41:53.786 E/SpannableStringBuilder( 5107): SPAN_EXCLUSIVE_EXCLUSIVE spans cannot have a zero length
12-09 07:41:54.021 E/SpannableStringBuilder( 5107): SPAN_EXCLUSIVE_EXCLUSIVE spans cannot have a zero length
12-09 07:41:54.021 E/SpannableStringBuilder( 5107): SPAN_EXCLUSIVE_EXCLUSIVE spans cannot have a zero length
12-09 07:41:54.059 I/System.out( 5107): result:{"bonusInformation":[],"message":"","success":true}
12-09 07:41:54.201 I/art     ( 5107): Background sticky concurrent mark sweep GC freed 25278(1154KB) AllocSpace objects, 5(100KB) LOS objects, 34% free, 2MB/3MB, paused 1.699ms total 116.336ms
12-09 07:41:54.714 E/SurfaceFlinger( 1219): ro.sf.lcd_density must be defined as a build property
12-09 07:41:54.715 D/gralloc_ranchu( 1219): gralloc_alloc: Creating ashmem region of size 3686400
12-09 07:41:54.737 D/        ( 5139): HostConnection::get() New Host Connection established 0x7f6835b92480, tid 5139
12-09 07:41:54.792 E/EGL_emulation( 1219): tid 1219: eglCreateSyncKHR(1881): error 0x3004 (EGL_BAD_ATTRIBUTE)
12-09 07:41:55.866 I/System.out( 5107): URI: //map
12-09 07:41:55.866 I/System.out( 5107): params: {json={"query":"android.widget.EditText id:'volume'","operation":{"method_name":"query","arguments":[]}}
12-09 07:41:55.866 I/System.out( 5107): }
12-09 07:41:55.910 W/ResourceType( 5107): No package identifier when getting name for resource number 0x00000001
12-09 07:41:56.009 I/System.out( 5107): URI: //gesture
12-09 07:41:56.009 I/System.out( 5107): params: {json={"query_timeout":5.0,"gestures":[{"query_string":"android.widget.EditText id:'volume'","touches":[{"x":50,"y":50,"offset_x":0,"offset_y":0,"wait":0.0,"time":0.2,"release":true,"query_string":null}]}]}
12-09 07:41:56.009 I/System.out( 5107): }
12-09 07:41:56.035 W/ResourceType( 5107): No package identifier when getting name for resource number 0x00000001
12-09 07:41:56.440 I/LatinIME( 1881): Starting input. Cursor position = 0,0
12-09 07:41:56.565 I/art     ( 5107): Background sticky concurrent mark sweep GC freed 27484(1255KB) AllocSpace objects, 0(0B) LOS objects, 22% free, 2MB/3MB, paused 1.247ms total 127.102ms
12-09 07:41:57.034 I/System.out( 5107): URI: //
12-09 07:41:57.034 I/System.out( 5107): params: {json={"command":"set_selection","arguments":[-1,-1]}
12-09 07:41:57.034 I/System.out( 5107): }
12-09 07:41:57.034 I/System.out( 5107): header: {date=Sun, 09 Dec 2018 07:41:57 GMT, accept=*/*, content-length=47, host=127.0.0.1:34777, user-agent=HTTPClient/1.0 (2.8.3, ruby 2.3.1 (2016-04-26)), content-type=application/json;charset=utf-8}
12-09 07:41:57.034 I/System.out( 5107): params: {json={"command":"set_selection","arguments":[-1,-1]}
12-09 07:41:57.034 I/System.out( 5107): }
12-09 07:41:57.034 I/System.out( 5107): ProP json = {"command":"set_selection","arguments":[-1,-1]}
12-09 07:41:57.034 I/System.out( 5107): files: {}
12-09 07:41:57.034 I/System.out( 5107): command: {"command":"set_selection","arguments":[-1,-1]}
12-09 07:41:57.035 I/InstrumentationBackend( 5107): Got command:'Command:'Line:null,set_selection', arguments:'[-1, -1]'
12-09 07:41:57.046 I/System.out( 5107): result:{"bonusInformation":[],"message":"","success":true}
12-09 07:41:57.121 I/art     ( 5107): Background sticky concurrent mark sweep GC freed 15565(745KB) AllocSpace objects, 3(60KB) LOS objects, 26% free, 2MB/3MB, paused 5.264ms total 73.781ms
12-09 07:41:57.203 I/System.out( 5107): URI: //
12-09 07:41:57.203 I/System.out( 5107): params: {json={"command":"keyboard_enter_text","arguments":["49"]}
12-09 07:41:57.203 I/System.out( 5107): }
12-09 07:41:57.203 I/System.out( 5107): header: {date=Sun, 09 Dec 2018 07:41:58 GMT, accept=*/*, content-length=52, host=127.0.0.1:34777, user-agent=HTTPClient/1.0 (2.8.3, ruby 2.3.1 (2016-04-26)), content-type=application/json;charset=utf-8}
12-09 07:41:57.203 I/System.out( 5107): params: {json={"command":"keyboard_enter_text","arguments":["49"]}
12-09 07:41:57.203 I/System.out( 5107): }
12-09 07:41:57.204 I/System.out( 5107): ProP json = {"command":"keyboard_enter_text","arguments":["49"]}
12-09 07:41:57.204 I/System.out( 5107): files: {}
12-09 07:41:57.204 I/System.out( 5107): command: {"command":"keyboard_enter_text","arguments":["49"]}
12-09 07:41:57.207 I/InstrumentationBackend( 5107): Got command:'Command:'Line:null,keyboard_enter_text', arguments:'[49]'
12-09 07:41:57.208 E/SpannableStringBuilder( 5107): SPAN_EXCLUSIVE_EXCLUSIVE spans cannot have a zero length
12-09 07:41:57.208 E/SpannableStringBuilder( 5107): SPAN_EXCLUSIVE_EXCLUSIVE spans cannot have a zero length
12-09 07:41:57.210 E/SpannableStringBuilder( 5107): SPAN_EXCLUSIVE_EXCLUSIVE spans cannot have a zero length
12-09 07:41:57.210 E/SpannableStringBuilder( 5107): SPAN_EXCLUSIVE_EXCLUSIVE spans cannot have a zero length
12-09 07:41:57.220 I/System.out( 5107): result:{"bonusInformation":[],"message":"","success":true}
12-09 07:41:57.948 E/SurfaceFlinger( 1219): ro.sf.lcd_density must be defined as a build property
12-09 07:41:57.999 D/gralloc_ranchu( 1219): gralloc_alloc: Creating ashmem region of size 3686400
12-09 07:41:58.013 D/        ( 5149): HostConnection::get() New Host Connection established 0x7f28728d2480, tid 5149
12-09 07:41:58.041 E/EGL_emulation( 1219): tid 1219: eglCreateSyncKHR(1881): error 0x3004 (EGL_BAD_ATTRIBUTE)
12-09 07:41:58.961 I/System.out( 5107): URI: //map
12-09 07:41:58.961 I/System.out( 5107): params: {json={"query":"android.widget.EditText id:'odometer'","operation":{"method_name":"query","arguments":[]}}
12-09 07:41:58.961 I/System.out( 5107): }
12-09 07:41:59.014 W/ResourceType( 5107): No package identifier when getting name for resource number 0x00000001
12-09 07:41:59.061 I/art     ( 5107): Background sticky concurrent mark sweep GC freed 24121(1092KB) AllocSpace objects, 5(100KB) LOS objects, 0% free, 4MB/4MB, paused 8.235ms total 104.048ms
12-09 07:41:59.161 I/System.out( 5107): URI: //gesture
12-09 07:41:59.161 I/System.out( 5107): params: {json={"query_timeout":5.0,"gestures":[{"query_string":"android.widget.EditText id:'odometer'","touches":[{"x":50,"y":50,"offset_x":0,"offset_y":0,"wait":0.0,"time":0.2,"release":true,"query_string":null}]}]}
12-09 07:41:59.161 I/System.out( 5107): }
12-09 07:41:59.188 I/art     ( 5107): Background partial concurrent mark sweep GC freed 45190(2MB) AllocSpace objects, 9(180KB) LOS objects, 39% free, 2MB/3MB, paused 8.292ms total 121.581ms
12-09 07:41:59.262 W/ResourceType( 5107): No package identifier when getting name for resource number 0x00000001
12-09 07:41:59.643 I/LatinIME( 1881): Starting input. Cursor position = 0,0
12-09 07:41:59.780 I/art     ( 5107): Background sticky concurrent mark sweep GC freed 36570(1713KB) AllocSpace objects, 1(20KB) LOS objects, 39% free, 2MB/3MB, paused 1.135ms total 101.126ms
12-09 07:42:00.269 I/System.out( 5107): URI: //
12-09 07:42:00.269 I/System.out( 5107): params: {json={"command":"set_selection","arguments":[-1,-1]}
12-09 07:42:00.269 I/System.out( 5107): }
12-09 07:42:00.269 I/System.out( 5107): header: {date=Sun, 09 Dec 2018 07:42:01 GMT, accept=*/*, content-length=47, host=127.0.0.1:34777, user-agent=HTTPClient/1.0 (2.8.3, ruby 2.3.1 (2016-04-26)), content-type=application/json;charset=utf-8}
12-09 07:42:00.269 I/System.out( 5107): params: {json={"command":"set_selection","arguments":[-1,-1]}
12-09 07:42:00.269 I/System.out( 5107): }
12-09 07:42:00.269 I/System.out( 5107): ProP json = {"command":"set_selection","arguments":[-1,-1]}
12-09 07:42:00.269 I/System.out( 5107): files: {}
12-09 07:42:00.269 I/System.out( 5107): command: {"command":"set_selection","arguments":[-1,-1]}
12-09 07:42:00.271 I/InstrumentationBackend( 5107): Got command:'Command:'Line:null,set_selection', arguments:'[-1, -1]'
12-09 07:42:00.306 I/System.out( 5107): result:{"bonusInformation":[],"message":"","success":true}
12-09 07:42:00.457 I/System.out( 5107): URI: //
12-09 07:42:00.457 I/System.out( 5107): params: {json={"command":"keyboard_enter_text","arguments":["12"]}
12-09 07:42:00.457 I/System.out( 5107): }
12-09 07:42:00.457 I/System.out( 5107): header: {date=Sun, 09 Dec 2018 07:42:01 GMT, accept=*/*, content-length=52, host=127.0.0.1:34777, user-agent=HTTPClient/1.0 (2.8.3, ruby 2.3.1 (2016-04-26)), content-type=application/json;charset=utf-8}
12-09 07:42:00.458 I/System.out( 5107): params: {json={"command":"keyboard_enter_text","arguments":["12"]}
12-09 07:42:00.458 I/System.out( 5107): }
12-09 07:42:00.458 I/System.out( 5107): ProP json = {"command":"keyboard_enter_text","arguments":["12"]}
12-09 07:42:00.458 I/System.out( 5107): files: {}
12-09 07:42:00.458 I/System.out( 5107): command: {"command":"keyboard_enter_text","arguments":["12"]}
12-09 07:42:00.459 I/InstrumentationBackend( 5107): Got command:'Command:'Line:null,keyboard_enter_text', arguments:'[12]'
12-09 07:42:00.459 E/SpannableStringBuilder( 5107): SPAN_EXCLUSIVE_EXCLUSIVE spans cannot have a zero length
12-09 07:42:00.459 E/SpannableStringBuilder( 5107): SPAN_EXCLUSIVE_EXCLUSIVE spans cannot have a zero length
12-09 07:42:00.463 E/SpannableStringBuilder( 5107): SPAN_EXCLUSIVE_EXCLUSIVE spans cannot have a zero length
12-09 07:42:00.463 E/SpannableStringBuilder( 5107): SPAN_EXCLUSIVE_EXCLUSIVE spans cannot have a zero length
12-09 07:42:00.474 I/System.out( 5107): result:{"bonusInformation":[],"message":"","success":true}
12-09 07:42:00.890 E/SurfaceFlinger( 1219): ro.sf.lcd_density must be defined as a build property
12-09 07:42:00.896 D/gralloc_ranchu( 1219): gralloc_alloc: Creating ashmem region of size 3686400
12-09 07:42:00.922 D/        ( 5159): HostConnection::get() New Host Connection established 0x7f0f894d2480, tid 5159
12-09 07:42:00.981 E/EGL_emulation( 1219): tid 1219: eglCreateSyncKHR(1881): error 0x3004 (EGL_BAD_ATTRIBUTE)
12-09 07:42:02.873 I/System.out( 5107): URI: //map
12-09 07:42:02.873 I/System.out( 5107): params: {json={"query":"android.widget.Button index:2","operation":{"method_name":"query","arguments":[]}}
12-09 07:42:02.873 I/System.out( 5107): }
12-09 07:42:03.090 I/System.out( 5107): URI: //gesture
12-09 07:42:03.104 I/System.out( 5107): params: {json={"query_timeout":5.0,"gestures":[{"query_string":"android.widget.Button index:2","touches":[{"x":50,"y":50,"offset_x":0,"offset_y":0,"wait":0.0,"time":0.2,"release":true,"query_string":null}]}]}
12-09 07:42:03.105 I/System.out( 5107): }
12-09 07:42:03.526 W/audio_hw_generic( 1306): Hardware backing HAL too slow, could only write 0 of 661 frames
12-09 07:42:03.578 W/audio_hw_generic( 1306): Hardware backing HAL too slow, could only write 0 of 661 frames
12-09 07:42:03.578 W/audio_hw_generic( 1306): Hardware backing HAL too slow, could only write 0 of 661 frames
12-09 07:42:03.616 W/audio_hw_generic( 1306): Hardware backing HAL too slow, could only write 0 of 661 frames
12-09 07:42:03.617 W/audio_hw_generic( 1306): Not supplying enough data to HAL, expected position 4714958 , only wrote 4714913
12-09 07:42:03.617 W/audio_hw_generic( 1306): Not supplying enough data to HAL, expected position 4714919 , only wrote 4714913
12-09 07:42:03.640 W/audio_hw_generic( 1306): Not supplying enough data to HAL, expected position 4715940 , only wrote 4715574
12-09 07:42:03.672 W/audio_hw_generic( 1306): Not supplying enough data to HAL, expected position 4716984 , only wrote 4716896
12-09 07:42:03.706 W/audio_hw_generic( 1306): Not supplying enough data to HAL, expected position 4718377 , only wrote 4717557
12-09 07:42:03.706 W/audio_hw_generic( 1306): Not supplying enough data to HAL, expected position 4717565 , only wrote 4717557
12-09 07:42:03.725 W/audio_hw_generic( 1306): Not supplying enough data to HAL, expected position 4718389 , only wrote 4718218
12-09 07:42:03.781 W/audio_hw_generic( 1306): Hardware backing HAL too slow, could only write 0 of 661 frames
12-09 07:42:03.781 W/audio_hw_generic( 1306): Hardware backing HAL too slow, could only write 0 of 661 frames
12-09 07:42:03.876 I/calabash( 5107): newActivity1
12-09 07:42:03.877 W/ActivityManager( 1593): Bad activity token: android.os.BinderProxy@d1b46d0
12-09 07:42:03.877 W/ActivityManager( 1593): java.lang.ClassCastException: android.os.BinderProxy cannot be cast to com.android.server.am.ActivityRecord$Token
12-09 07:42:03.877 W/ActivityManager( 1593): 	at com.android.server.am.ActivityRecord.forTokenLocked(ActivityRecord.java:424)
12-09 07:42:03.877 W/ActivityManager( 1593): 	at com.android.server.am.ActivityRecord.isInStackLocked(ActivityRecord.java:1121)
12-09 07:42:03.877 W/ActivityManager( 1593): 	at com.android.server.am.ActivityRecord.getStackLocked(ActivityRecord.java:1126)
12-09 07:42:03.877 W/ActivityManager( 1593): 	at com.android.server.am.ActivityManagerService.getActivityDisplayId(ActivityManagerService.java:8889)
12-09 07:42:03.877 W/ActivityManager( 1593): 	at android.app.ActivityManagerNative.onTransact(ActivityManagerNative.java:2338)
12-09 07:42:03.877 W/ActivityManager( 1593): 	at com.android.server.am.ActivityManagerService.onTransact(ActivityManagerService.java:2443)
12-09 07:42:03.877 W/ActivityManager( 1593): 	at android.os.Binder.execTransact(Binder.java:453)
12-09 07:42:03.878 W/ActivityManager( 1593): Bad activity token: android.os.BinderProxy@d1b46d0
12-09 07:42:03.878 W/ActivityManager( 1593): java.lang.ClassCastException: android.os.BinderProxy cannot be cast to com.android.server.am.ActivityRecord$Token
12-09 07:42:03.878 W/ActivityManager( 1593): 	at com.android.server.am.ActivityRecord.forTokenLocked(ActivityRecord.java:424)
12-09 07:42:03.878 W/ActivityManager( 1593): 	at com.android.server.am.ActivityRecord.isInStackLocked(ActivityRecord.java:1121)
12-09 07:42:03.878 W/ActivityManager( 1593): 	at com.android.server.am.ActivityManagerService.setTaskDescription(ActivityManagerService.java:8547)
12-09 07:42:03.878 W/ActivityManager( 1593): 	at android.app.ActivityManagerNative.onTransact(ActivityManagerNative.java:2410)
12-09 07:42:03.878 W/ActivityManager( 1593): 	at com.android.server.am.ActivityManagerService.onTransact(ActivityManagerService.java:2443)
12-09 07:42:03.878 W/ActivityManager( 1593): 	at android.os.Binder.execTransact(Binder.java:453)
12-09 07:42:03.955 W/audio_hw_generic( 1306): Not supplying enough data to HAL, expected position 4728358 , only wrote 4728133
12-09 07:42:03.955 W/audio_hw_generic( 1306): Not supplying enough data to HAL, expected position 4728141 , only wrote 4728133
12-09 07:42:03.983 W/audio_hw_generic( 1306): Not supplying enough data to HAL, expected position 4729377 , only wrote 4728794
12-09 07:42:04.005 W/ActivityManager( 1593): Bad activity token: android.os.BinderProxy@d1b46d0
12-09 07:42:04.005 W/ActivityManager( 1593): java.lang.ClassCastException: android.os.BinderProxy cannot be cast to com.android.server.am.ActivityRecord$Token
12-09 07:42:04.005 W/ActivityManager( 1593): 	at com.android.server.am.ActivityRecord.forTokenLocked(ActivityRecord.java:424)
12-09 07:42:04.005 W/ActivityManager( 1593): 	at com.android.server.am.ActivityRecord.isInStackLocked(ActivityRecord.java:1121)
12-09 07:42:04.005 W/ActivityManager( 1593): 	at com.android.server.am.ActivityManagerService.getActivityOptions(ActivityManagerService.java:11038)
12-09 07:42:04.005 W/ActivityManager( 1593): 	at android.app.ActivityManagerNative.onTransact(ActivityManagerNative.java:1734)
12-09 07:42:04.005 W/ActivityManager( 1593): 	at com.android.server.am.ActivityManagerService.onTransact(ActivityManagerService.java:2443)
12-09 07:42:04.005 W/ActivityManager( 1593): 	at android.os.Binder.execTransact(Binder.java:453)
12-09 07:42:04.006 W/ActivityManager( 1593): Bad activity token: android.os.BinderProxy@d1b46d0
12-09 07:42:04.006 W/ActivityManager( 1593): java.lang.ClassCastException: android.os.BinderProxy cannot be cast to com.android.server.am.ActivityRecord$Token
12-09 07:42:04.006 W/ActivityManager( 1593): 	at com.android.server.am.ActivityRecord.forTokenLocked(ActivityRecord.java:424)
12-09 07:42:04.006 W/ActivityManager( 1593): 	at com.android.server.am.ActivityRecord.isInStackLocked(ActivityRecord.java:1121)
12-09 07:42:04.006 W/ActivityManager( 1593): 	at com.android.server.am.ActivityManagerService.getActivityOptions(ActivityManagerService.java:11038)
12-09 07:42:04.006 W/ActivityManager( 1593): 	at android.app.ActivityManagerNative.onTransact(ActivityManagerNative.java:1734)
12-09 07:42:04.006 W/ActivityManager( 1593): 	at com.android.server.am.ActivityManagerService.onTransact(ActivityManagerService.java:2443)
12-09 07:42:04.006 W/ActivityManager( 1593): 	at android.os.Binder.execTransact(Binder.java:453)
12-09 07:42:04.036 I/LatinIME( 1881): Starting input. Cursor position = -1,-1
12-09 07:42:04.193 W/audio_hw_generic( 1306): Not supplying enough data to HAL, expected position 4738050 , only wrote 4735404
12-09 07:42:04.193 W/audio_hw_generic( 1306): Not supplying enough data to HAL, expected position 4735411 , only wrote 4735404
12-09 07:42:04.225 W/audio_hw_generic( 1306): Not supplying enough data to HAL, expected position 4736828 , only wrote 4736065
12-09 07:42:04.227 E/SurfaceFlinger( 1219): ro.sf.lcd_density must be defined as a build property
12-09 07:42:04.241 D/Mileage.ABS( 5107): Finished backup
12-09 07:42:04.245 D/Mileage.ABS( 5107): Not backing up; 134
12-09 07:42:04.249 D/Mileage.ABS( 5107): Not backing up; 138
12-09 07:42:04.250 D/gralloc_ranchu( 1219): gralloc_alloc: Creating ashmem region of size 3686400
12-09 07:42:04.279 D/Mileage ( 5107): Not enough fillups to calculate economy
12-09 07:42:04.336 D/        ( 5165): HostConnection::get() New Host Connection established 0x7f1c1b492480, tid 5165
12-09 07:42:04.358 E/EGL_emulation( 1219): tid 1219: eglCreateSyncKHR(1881): error 0x3004 (EGL_BAD_ATTRIBUTE)
12-09 07:42:04.555 W/audio_hw_generic( 1306): Hardware backing HAL too slow, could only write 0 of 661 frames
12-09 07:42:04.589 W/audio_hw_generic( 1306): Not supplying enough data to HAL, expected position 4752096 , only wrote 4751268
12-09 07:42:04.589 W/audio_hw_generic( 1306): Hardware backing HAL too slow, could only write 0 of 661 frames
12-09 07:42:04.605 W/audio_hw_generic( 1306): Hardware backing HAL too slow, could only write 0 of 661 frames
