12-09 08:26:39.111 W/audio_hw_generic( 1307): Not supplying enough data to HAL, expected position 38647518 , only wrote 38647348
12-09 08:26:39.111 W/audio_hw_generic( 1307): Not supplying enough data to HAL, expected position 38647380 , only wrote 38647348
12-09 08:26:39.210 W/audio_hw_generic( 1307): Hardware backing HAL too slow, could only write 0 of 661 frames
12-09 08:26:39.235 W/audio_hw_generic( 1307): Hardware backing HAL too slow, could only write 0 of 661 frames
12-09 08:26:39.255 W/audio_hw_generic( 1307): Hardware backing HAL too slow, could only write 0 of 661 frames
12-09 08:26:39.270 W/audio_hw_generic( 1307): Hardware backing HAL too slow, could only write 0 of 661 frames
12-09 08:26:39.295 I/calabash(17129): newActivity1
12-09 08:26:39.296 W/ActivityManager( 1591): Bad activity token: android.os.BinderProxy@9b74c19
12-09 08:26:39.296 W/ActivityManager( 1591): java.lang.ClassCastException: android.os.BinderProxy cannot be cast to com.android.server.am.ActivityRecord$Token
12-09 08:26:39.296 W/ActivityManager( 1591): 	at com.android.server.am.ActivityRecord.forTokenLocked(ActivityRecord.java:424)
12-09 08:26:39.296 W/ActivityManager( 1591): 	at com.android.server.am.ActivityRecord.isInStackLocked(ActivityRecord.java:1121)
12-09 08:26:39.296 W/ActivityManager( 1591): 	at com.android.server.am.ActivityRecord.getStackLocked(ActivityRecord.java:1126)
12-09 08:26:39.296 W/ActivityManager( 1591): 	at com.android.server.am.ActivityManagerService.getActivityDisplayId(ActivityManagerService.java:8889)
12-09 08:26:39.296 W/ActivityManager( 1591): 	at android.app.ActivityManagerNative.onTransact(ActivityManagerNative.java:2338)
12-09 08:26:39.296 W/ActivityManager( 1591): 	at com.android.server.am.ActivityManagerService.onTransact(ActivityManagerService.java:2443)
12-09 08:26:39.296 W/ActivityManager( 1591): 	at android.os.Binder.execTransact(Binder.java:453)
12-09 08:26:39.303 W/ActivityManager( 1591): Bad activity token: android.os.BinderProxy@9b74c19
12-09 08:26:39.303 W/ActivityManager( 1591): java.lang.ClassCastException: android.os.BinderProxy cannot be cast to com.android.server.am.ActivityRecord$Token
12-09 08:26:39.303 W/ActivityManager( 1591): 	at com.android.server.am.ActivityRecord.forTokenLocked(ActivityRecord.java:424)
12-09 08:26:39.303 W/ActivityManager( 1591): 	at com.android.server.am.ActivityRecord.isInStackLocked(ActivityRecord.java:1121)
12-09 08:26:39.303 W/ActivityManager( 1591): 	at com.android.server.am.ActivityManagerService.setTaskDescription(ActivityManagerService.java:8547)
12-09 08:26:39.303 W/ActivityManager( 1591): 	at android.app.ActivityManagerNative.onTransact(ActivityManagerNative.java:2410)
12-09 08:26:39.303 W/ActivityManager( 1591): 	at com.android.server.am.ActivityManagerService.onTransact(ActivityManagerService.java:2443)
12-09 08:26:39.303 W/ActivityManager( 1591): 	at android.os.Binder.execTransact(Binder.java:453)
12-09 08:26:39.310 E/SurfaceFlinger( 1223): ro.sf.lcd_density must be defined as a build property
12-09 08:26:39.319 D/gralloc_ranchu( 1223): gralloc_alloc: Creating ashmem region of size 3686400
12-09 08:26:39.326 W/ActivityManager( 1591): Bad activity token: android.os.BinderProxy@9b74c19
12-09 08:26:39.326 W/ActivityManager( 1591): java.lang.ClassCastException: android.os.BinderProxy cannot be cast to com.android.server.am.ActivityRecord$Token
12-09 08:26:39.326 W/ActivityManager( 1591): 	at com.android.server.am.ActivityRecord.forTokenLocked(ActivityRecord.java:424)
12-09 08:26:39.326 W/ActivityManager( 1591): 	at com.android.server.am.ActivityRecord.isInStackLocked(ActivityRecord.java:1121)
12-09 08:26:39.326 W/ActivityManager( 1591): 	at com.android.server.am.ActivityManagerService.getActivityOptions(ActivityManagerService.java:11038)
12-09 08:26:39.326 W/ActivityManager( 1591): 	at android.app.ActivityManagerNative.onTransact(ActivityManagerNative.java:1734)
12-09 08:26:39.326 W/ActivityManager( 1591): 	at com.android.server.am.ActivityManagerService.onTransact(ActivityManagerService.java:2443)
12-09 08:26:39.326 W/ActivityManager( 1591): 	at android.os.Binder.execTransact(Binder.java:453)
12-09 08:26:39.326 W/ActivityManager( 1591): Bad activity token: android.os.BinderProxy@9b74c19
12-09 08:26:39.326 W/ActivityManager( 1591): java.lang.ClassCastException: android.os.BinderProxy cannot be cast to com.android.server.am.ActivityRecord$Token
12-09 08:26:39.326 W/ActivityManager( 1591): 	at com.android.server.am.ActivityRecord.forTokenLocked(ActivityRecord.java:424)
12-09 08:26:39.326 W/ActivityManager( 1591): 	at com.android.server.am.ActivityRecord.isInStackLocked(ActivityRecord.java:1121)
12-09 08:26:39.326 W/ActivityManager( 1591): 	at com.android.server.am.ActivityManagerService.getActivityOptions(ActivityManagerService.java:11038)
12-09 08:26:39.326 W/ActivityManager( 1591): 	at android.app.ActivityManagerNative.onTransact(ActivityManagerNative.java:1734)
12-09 08:26:39.326 W/ActivityManager( 1591): 	at com.android.server.am.ActivityManagerService.onTransact(ActivityManagerService.java:2443)
12-09 08:26:39.326 W/ActivityManager( 1591): 	at android.os.Binder.execTransact(Binder.java:453)
12-09 08:26:39.384 I/LatinIME( 1876): Starting input. Cursor position = -1,-1
12-09 08:26:39.391 D/        (17187): HostConnection::get() New Host Connection established 0x7f20a6ad2480, tid 17187
12-09 08:26:39.440 E/EGL_emulation( 1223): tid 1223: eglCreateSyncKHR(1881): error 0x3004 (EGL_BAD_ATTRIBUTE)
12-09 08:26:39.446 D/Mileage.ABS(17129): Finished backup
12-09 08:26:39.456 D/Mileage.ABS(17129): Not backing up; 49
12-09 08:26:39.457 D/Mileage.ABS(17129): Not backing up; 49
12-09 08:26:39.502 W/audio_hw_generic( 1307): Not supplying enough data to HAL, expected position 38664588 , only wrote 38664534
12-09 08:26:39.638 D/Mileage (17129): Recalculating
12-09 08:26:40.062 W/audio_hw_generic( 1307): Not supplying enough data to HAL, expected position 38689238 , only wrote 38688330
12-09 08:26:40.062 W/audio_hw_generic( 1307): Not supplying enough data to HAL, expected position 38688336 , only wrote 38688330
12-09 08:26:40.062 W/audio_hw_generic( 1307): Hardware backing HAL too slow, could only write 0 of 661 frames
12-09 08:26:40.084 D/FillupAdapter(17129): Average economy: 0.7523746539172881
12-09 08:26:40.098 D/Mileage.ABS(17129): Not backing up; 691
12-09 08:26:40.230 W/audio_hw_generic( 1307): Not supplying enough data to HAL, expected position 38695724 , only wrote 38695601
12-09 08:26:40.240 W/audio_hw_generic( 1307): Not supplying enough data to HAL, expected position 38696033 , only wrote 38695601
12-09 08:26:40.280 W/audio_hw_generic( 1307): Not supplying enough data to HAL, expected position 38697361 , only wrote 38696262
12-09 08:26:40.356 I/System.out(17129): URI: //gesture
12-09 08:26:40.356 I/System.out(17129): params: {json={"query_timeout":5.0,"gestures":[{"query_string":"android.widget.TabWidget descendant TextView index:0","touches":[{"x":50,"y":50,"offset_x":0,"offset_y":0,"wait":0.0,"time":0.2,"release":true,"query_string":null}]}]}
12-09 08:26:40.356 I/System.out(17129): }
12-09 08:26:40.378 W/RichInputConnection( 1876): Slow InputConnection: GET_TEXT_BEFORE_CURSOR took 281 ms.
12-09 08:26:40.381 I/InputAttributes( 1876): InputType.TYPE_NULL is specified
12-09 08:26:40.445 I/Choreographer( 1876): Skipped 67 frames!  The application may be doing too much work on its main thread.
12-09 08:26:40.823 W/audio_hw_generic( 1307): Not supplying enough data to HAL, expected position 38720224 , only wrote 38709482
12-09 08:26:40.823 W/audio_hw_generic( 1307): Not supplying enough data to HAL, expected position 38709488 , only wrote 38709482
12-09 08:26:40.844 D/EGL_emulation( 1876): eglMakeCurrent: 0x7fb0c9664020: ver 2 0 (tinfo 0x7fb0bde256c0)
12-09 08:26:40.845 E/Surface ( 1876): getSlotFromBufferLocked: unknown buffer: 0x7fb0c55b0b20
12-09 08:26:40.975 W/audio_hw_generic( 1307): Not supplying enough data to HAL, expected position 38716183 , only wrote 38716092
12-09 08:26:41.019 W/audio_hw_generic( 1307): Hardware backing HAL too slow, could only write 0 of 661 frames
12-09 08:26:41.063 W/audio_hw_generic( 1307): Hardware backing HAL too slow, could only write 0 of 661 frames
12-09 08:26:41.064 W/audio_hw_generic( 1307): Hardware backing HAL too slow, could only write 0 of 661 frames
12-09 08:26:41.085 W/audio_hw_generic( 1307): Not supplying enough data to HAL, expected position 38720936 , only wrote 38720719
12-09 08:26:41.085 W/audio_hw_generic( 1307): Hardware backing HAL too slow, could only write 0 of 661 frames
12-09 08:26:41.085 W/audio_hw_generic( 1307): Hardware backing HAL too slow, could only write 0 of 661 frames
12-09 08:26:41.123 W/audio_hw_generic( 1307): Hardware backing HAL too slow, could only write 0 of 661 frames
12-09 08:26:41.143 W/audio_hw_generic( 1307): Hardware backing HAL too slow, could only write 0 of 661 frames
12-09 08:26:41.160 W/audio_hw_generic( 1307): Hardware backing HAL too slow, could only write 0 of 661 frames
12-09 08:26:41.227 W/audio_hw_generic( 1307): Hardware backing HAL too slow, could only write 0 of 661 frames
12-09 08:26:41.283 I/art     (17129): Background sticky concurrent mark sweep GC freed 45414(2MB) AllocSpace objects, 1(20KB) LOS objects, 25% free, 3MB/4MB, paused 1.130ms total 100.374ms
12-09 08:26:41.376 W/audio_hw_generic( 1307): Not supplying enough data to HAL, expected position 38733559 , only wrote 38733278
12-09 08:26:41.476 D/AudioFlinger( 1307): mixer(0xf4380000) throttle end: throttle time(27)
12-09 08:26:42.029 W/audio_hw_generic( 1307): Not supplying enough data to HAL, expected position 38762042 , only wrote 38761701
12-09 08:26:42.029 W/audio_hw_generic( 1307): Not supplying enough data to HAL, expected position 38761707 , only wrote 38761701
12-09 08:26:42.066 W/audio_hw_generic( 1307): Not supplying enough data to HAL, expected position 38763336 , only wrote 38762362
12-09 08:26:42.179 W/audio_hw_generic( 1307): Not supplying enough data to HAL, expected position 38767335 , only wrote 38766328
12-09 08:26:42.252 W/audio_hw_generic( 1307): Not supplying enough data to HAL, expected position 38769558 , only wrote 38768972
12-09 08:26:42.252 W/audio_hw_generic( 1307): Not supplying enough data to HAL, expected position 38768980 , only wrote 38768972
12-09 08:26:42.270 W/audio_hw_generic( 1307): Not supplying enough data to HAL, expected position 38769770 , only wrote 38769633
12-09 08:26:42.345 I/System.out(17129): URI: //map
12-09 08:26:42.345 I/System.out(17129): params: {json={"query":"android.widget.EditText id:'price'","operation":{"method_name":"query","arguments":[]}}
12-09 08:26:42.345 I/System.out(17129): }
12-09 08:26:42.368 W/ResourceType(17129): No package identifier when getting name for resource number 0x00000001
12-09 08:26:42.468 I/System.out(17129): URI: //gesture
12-09 08:26:42.468 I/System.out(17129): params: {json={"query_timeout":5.0,"gestures":[{"query_string":"android.widget.EditText id:'price'","touches":[{"x":50,"y":50,"offset_x":0,"offset_y":0,"wait":0.0,"time":0.2,"release":true,"query_string":null}]}]}
12-09 08:26:42.468 I/System.out(17129): }
12-09 08:26:42.488 W/ResourceType(17129): No package identifier when getting name for resource number 0x00000001
12-09 08:26:42.576 W/audio_hw_generic( 1307): Not supplying enough data to HAL, expected position 38783102 , only wrote 38780209
12-09 08:26:42.587 W/audio_hw_generic( 1307): Not supplying enough data to HAL, expected position 38780717 , only wrote 38780209
12-09 08:26:42.679 W/audio_hw_generic( 1307): Not supplying enough data to HAL, expected position 38784279 , only wrote 38784175
12-09 08:26:42.680 W/audio_hw_generic( 1307): Not supplying enough data to HAL, expected position 38784181 , only wrote 38784175
12-09 08:26:42.716 W/audio_hw_generic( 1307): Not supplying enough data to HAL, expected position 38785770 , only wrote 38784836
12-09 08:26:42.780 W/audio_hw_generic( 1307): Not supplying enough data to HAL, expected position 38787661 , only wrote 38786158
12-09 08:26:42.814 W/audio_hw_generic( 1307): Not supplying enough data to HAL, expected position 38787676 , only wrote 38787480
12-09 08:26:43.067 W/art     (17129): Suspending all threads took: 15.897ms
12-09 08:26:43.080 I/LatinIME( 1876): Starting input. Cursor position = 0,0
12-09 08:26:43.128 I/art     (17129): Background sticky concurrent mark sweep GC freed 35505(1479KB) AllocSpace objects, 1(20KB) LOS objects, 19% free, 4MB/4MB, paused 17.279ms total 89.624ms
12-09 08:26:43.272 W/audio_hw_generic( 1307): Not supplying enough data to HAL, expected position 38807652 , only wrote 38806649
12-09 08:26:43.311 W/audio_hw_generic( 1307): Hardware backing HAL too slow, could only write 0 of 661 frames
12-09 08:26:43.319 W/audio_hw_generic( 1307): Hardware backing HAL too slow, could only write 0 of 661 frames
12-09 08:26:43.339 W/audio_hw_generic( 1307): Hardware backing HAL too slow, could only write 0 of 661 frames
12-09 08:26:43.371 W/audio_hw_generic( 1307): Hardware backing HAL too slow, could only write 0 of 661 frames
12-09 08:26:43.379 W/audio_hw_generic( 1307): Hardware backing HAL too slow, could only write 0 of 661 frames
12-09 08:26:43.444 D/EGL_emulation( 1876): eglMakeCurrent: 0x7fb0c9664020: ver 2 0 (tinfo 0x7fb0bde256c0)
12-09 08:26:43.652 I/System.out(17129): URI: //
12-09 08:26:43.652 I/System.out(17129): params: {json={"command":"set_selection","arguments":[-1,-1]}
12-09 08:26:43.653 I/System.out(17129): }
12-09 08:26:43.653 I/System.out(17129): header: {date=Sun, 09 Dec 2018 08:26:43 GMT, accept=*/*, content-length=47, host=127.0.0.1:34777, user-agent=HTTPClient/1.0 (2.8.3, ruby 2.3.1 (2016-04-26)), content-type=application/json;charset=utf-8}
12-09 08:26:43.653 I/System.out(17129): params: {json={"command":"set_selection","arguments":[-1,-1]}
12-09 08:26:43.653 I/System.out(17129): }
12-09 08:26:43.653 I/System.out(17129): ProP json = {"command":"set_selection","arguments":[-1,-1]}
12-09 08:26:43.653 I/System.out(17129): files: {}
12-09 08:26:43.653 I/System.out(17129): command: {"command":"set_selection","arguments":[-1,-1]}
12-09 08:26:43.654 I/InstrumentationBackend(17129): Got command:'Command:'Line:null,set_selection', arguments:'[-1, -1]'
12-09 08:26:43.790 I/System.out(17129): result:{"bonusInformation":[],"message":"","success":true}
12-09 08:26:43.828 W/audio_hw_generic( 1307): Not supplying enough data to HAL, expected position 38831191 , only wrote 38827801
12-09 08:26:43.828 W/audio_hw_generic( 1307): Not supplying enough data to HAL, expected position 38827807 , only wrote 38827801
12-09 08:26:43.898 W/audio_hw_generic( 1307): Hardware backing HAL too slow, could only write 0 of 661 frames
12-09 08:26:43.907 W/audio_hw_generic( 1307): Hardware backing HAL too slow, could only write 0 of 661 frames
12-09 08:26:43.919 W/audio_hw_generic( 1307): Hardware backing HAL too slow, could only write 0 of 661 frames
12-09 08:26:43.935 W/audio_hw_generic( 1307): Hardware backing HAL too slow, could only write 0 of 661 frames
12-09 08:26:44.016 I/System.out(17129): URI: //
12-09 08:26:44.016 I/System.out(17129): params: {json={"command":"keyboard_enter_text","arguments":["97123743947239847210"]}
12-09 08:26:44.016 I/System.out(17129): }
12-09 08:26:44.016 I/System.out(17129): header: {date=Sun, 09 Dec 2018 08:26:44 GMT, accept=*/*, content-length=70, host=127.0.0.1:34777, user-agent=HTTPClient/1.0 (2.8.3, ruby 2.3.1 (2016-04-26)), content-type=application/json;charset=utf-8}
12-09 08:26:44.016 I/System.out(17129): params: {json={"command":"keyboard_enter_text","arguments":["97123743947239847210"]}
12-09 08:26:44.016 I/System.out(17129): }
12-09 08:26:44.016 I/System.out(17129): ProP json = {"command":"keyboard_enter_text","arguments":["97123743947239847210"]}
12-09 08:26:44.017 I/System.out(17129): files: {}
12-09 08:26:44.017 I/System.out(17129): command: {"command":"keyboard_enter_text","arguments":["97123743947239847210"]}
12-09 08:26:44.018 I/InstrumentationBackend(17129): Got command:'Command:'Line:null,keyboard_enter_text', arguments:'[97123743947239847210]'
12-09 08:26:44.018 E/SpannableStringBuilder(17129): SPAN_EXCLUSIVE_EXCLUSIVE spans cannot have a zero length
12-09 08:26:44.018 E/SpannableStringBuilder(17129): SPAN_EXCLUSIVE_EXCLUSIVE spans cannot have a zero length
12-09 08:26:44.428 W/audio_hw_generic( 1307): Not supplying enough data to HAL, expected position 38854235 , only wrote 38853580
12-09 08:26:44.428 W/audio_hw_generic( 1307): Not supplying enough data to HAL, expected position 38853589 , only wrote 38853580
12-09 08:26:44.445 W/audio_hw_generic( 1307): Not supplying enough data to HAL, expected position 38854312 , only wrote 38854241
12-09 08:26:44.502 E/SpannableStringBuilder(17129): SPAN_EXCLUSIVE_EXCLUSIVE spans cannot have a zero length
12-09 08:26:44.502 E/SpannableStringBuilder(17129): SPAN_EXCLUSIVE_EXCLUSIVE spans cannot have a zero length
12-09 08:26:44.531 I/System.out(17129): result:{"bonusInformation":[],"message":"","success":true}
12-09 08:26:44.622 I/System.out(17129): URI: //map
12-09 08:26:44.622 I/System.out(17129): params: {json={"query":"android.widget.EditText id:'volume'","operation":{"method_name":"query","arguments":[]}}
12-09 08:26:44.622 I/System.out(17129): }
12-09 08:26:44.677 W/ResourceType(17129): No package identifier when getting name for resource number 0x00000001
12-09 08:26:44.759 W/art     (17129): Suspending all threads took: 5.797ms
12-09 08:26:44.918 I/art     (17129): Background sticky concurrent mark sweep GC freed 54074(2MB) AllocSpace objects, 2(40KB) LOS objects, 21% free, 3MB/4MB, paused 6.994ms total 213.490ms
12-09 08:26:44.939 I/System.out(17129): URI: //gesture
12-09 08:26:44.939 I/System.out(17129): params: {json={"query_timeout":5.0,"gestures":[{"query_string":"android.widget.EditText id:'volume'","touches":[{"x":50,"y":50,"offset_x":0,"offset_y":0,"wait":0.0,"time":0.2,"release":true,"query_string":null}]}]}
12-09 08:26:44.940 I/System.out(17129): }
12-09 08:26:44.964 W/ResourceType(17129): No package identifier when getting name for resource number 0x00000001
12-09 08:26:45.482 I/LatinIME( 1876): Starting input. Cursor position = 0,0
12-09 08:26:45.617 I/art     (17129): Background sticky concurrent mark sweep GC freed 48525(2MB) AllocSpace objects, 2(40KB) LOS objects, 24% free, 3MB/4MB, paused 13.533ms total 135.284ms
12-09 08:26:46.073 I/System.out(17129): URI: //
12-09 08:26:46.073 I/System.out(17129): params: {json={"command":"set_selection","arguments":[-1,-1]}
12-09 08:26:46.073 I/System.out(17129): }
12-09 08:26:46.074 I/System.out(17129): header: {date=Sun, 09 Dec 2018 08:26:46 GMT, accept=*/*, content-length=47, host=127.0.0.1:34777, user-agent=HTTPClient/1.0 (2.8.3, ruby 2.3.1 (2016-04-26)), content-type=application/json;charset=utf-8}
12-09 08:26:46.074 I/System.out(17129): params: {json={"command":"set_selection","arguments":[-1,-1]}
12-09 08:26:46.074 I/System.out(17129): }
12-09 08:26:46.074 I/System.out(17129): ProP json = {"command":"set_selection","arguments":[-1,-1]}
12-09 08:26:46.074 I/System.out(17129): files: {}
12-09 08:26:46.074 I/System.out(17129): command: {"command":"set_selection","arguments":[-1,-1]}
12-09 08:26:46.075 I/InstrumentationBackend(17129): Got command:'Command:'Line:null,set_selection', arguments:'[-1, -1]'
12-09 08:26:46.093 I/System.out(17129): result:{"bonusInformation":[],"message":"","success":true}
12-09 08:26:46.308 I/System.out(17129): URI: //
12-09 08:26:46.308 I/System.out(17129): params: {json={"command":"keyboard_enter_text","arguments":["98123743947721092831"]}
12-09 08:26:46.308 I/System.out(17129): }
12-09 08:26:46.308 I/System.out(17129): header: {date=Sun, 09 Dec 2018 08:26:46 GMT, accept=*/*, content-length=70, host=127.0.0.1:34777, user-agent=HTTPClient/1.0 (2.8.3, ruby 2.3.1 (2016-04-26)), content-type=application/json;charset=utf-8}
12-09 08:26:46.308 I/System.out(17129): params: {json={"command":"keyboard_enter_text","arguments":["98123743947721092831"]}
12-09 08:26:46.308 I/System.out(17129): }
12-09 08:26:46.308 I/System.out(17129): ProP json = {"command":"keyboard_enter_text","arguments":["98123743947721092831"]}
12-09 08:26:46.308 I/System.out(17129): files: {}
12-09 08:26:46.308 I/System.out(17129): command: {"command":"keyboard_enter_text","arguments":["98123743947721092831"]}
12-09 08:26:46.310 I/InstrumentationBackend(17129): Got command:'Command:'Line:null,keyboard_enter_text', arguments:'[98123743947721092831]'
12-09 08:26:46.310 E/SpannableStringBuilder(17129): SPAN_EXCLUSIVE_EXCLUSIVE spans cannot have a zero length
12-09 08:26:46.310 E/SpannableStringBuilder(17129): SPAN_EXCLUSIVE_EXCLUSIVE spans cannot have a zero length
12-09 08:26:46.322 E/SpannableStringBuilder(17129): SPAN_EXCLUSIVE_EXCLUSIVE spans cannot have a zero length
12-09 08:26:46.322 E/SpannableStringBuilder(17129): SPAN_EXCLUSIVE_EXCLUSIVE spans cannot have a zero length
12-09 08:26:46.334 I/System.out(17129): result:{"bonusInformation":[],"message":"","success":true}
12-09 08:26:46.401 I/System.out(17129): URI: //map
12-09 08:26:46.401 I/System.out(17129): params: {json={"query":"android.widget.EditText id:'odometer'","operation":{"method_name":"query","arguments":[]}}
12-09 08:26:46.401 I/System.out(17129): }
12-09 08:26:46.468 W/ResourceType(17129): No package identifier when getting name for resource number 0x00000001
12-09 08:26:46.556 I/System.out(17129): URI: //gesture
12-09 08:26:46.556 I/System.out(17129): params: {json={"query_timeout":5.0,"gestures":[{"query_string":"android.widget.EditText id:'odometer'","touches":[{"x":50,"y":50,"offset_x":0,"offset_y":0,"wait":0.0,"time":0.2,"release":true,"query_string":null}]}]}
12-09 08:26:46.556 I/System.out(17129): }
12-09 08:26:46.632 I/art     (17129): Background sticky concurrent mark sweep GC freed 45156(2041KB) AllocSpace objects, 2(40KB) LOS objects, 10% free, 4MB/4MB, paused 1.031ms total 153.911ms
12-09 08:26:46.688 W/ResourceType(17129): No package identifier when getting name for resource number 0x00000001
12-09 08:26:47.072 I/LatinIME( 1876): Starting input. Cursor position = 0,0
12-09 08:26:47.165 I/art     (17129): Background sticky concurrent mark sweep GC freed 24078(989KB) AllocSpace objects, 1(20KB) LOS objects, 0% free, 5MB/5MB, paused 1.044ms total 121.900ms
12-09 08:26:47.738 I/System.out(17129): URI: //
12-09 08:26:47.738 I/System.out(17129): params: {json={"command":"set_selection","arguments":[-1,-1]}
12-09 08:26:47.738 I/System.out(17129): }
12-09 08:26:47.738 I/System.out(17129): header: {date=Sun, 09 Dec 2018 08:26:48 GMT, accept=*/*, content-length=47, host=127.0.0.1:34777, user-agent=HTTPClient/1.0 (2.8.3, ruby 2.3.1 (2016-04-26)), content-type=application/json;charset=utf-8}
12-09 08:26:47.738 I/System.out(17129): params: {json={"command":"set_selection","arguments":[-1,-1]}
12-09 08:26:47.738 I/System.out(17129): }
12-09 08:26:47.739 I/System.out(17129): ProP json = {"command":"set_selection","arguments":[-1,-1]}
12-09 08:26:47.739 I/System.out(17129): files: {}
12-09 08:26:47.739 I/System.out(17129): command: {"command":"set_selection","arguments":[-1,-1]}
12-09 08:26:47.740 I/InstrumentationBackend(17129): Got command:'Command:'Line:null,set_selection', arguments:'[-1, -1]'
12-09 08:26:47.751 I/System.out(17129): result:{"bonusInformation":[],"message":"","success":true}
12-09 08:26:48.040 I/System.out(17129): URI: //
12-09 08:26:48.040 I/System.out(17129): params: {json={"command":"keyboard_enter_text","arguments":["98879898284721092831"]}
12-09 08:26:48.040 I/System.out(17129): }
12-09 08:26:48.040 I/System.out(17129): header: {date=Sun, 09 Dec 2018 08:26:48 GMT, accept=*/*, content-length=70, host=127.0.0.1:34777, user-agent=HTTPClient/1.0 (2.8.3, ruby 2.3.1 (2016-04-26)), content-type=application/json;charset=utf-8}
12-09 08:26:48.040 I/System.out(17129): params: {json={"command":"keyboard_enter_text","arguments":["98879898284721092831"]}
12-09 08:26:48.040 I/System.out(17129): }
12-09 08:26:48.040 I/System.out(17129): ProP json = {"command":"keyboard_enter_text","arguments":["98879898284721092831"]}
12-09 08:26:48.040 I/System.out(17129): files: {}
12-09 08:26:48.040 I/System.out(17129): command: {"command":"keyboard_enter_text","arguments":["98879898284721092831"]}
12-09 08:26:48.041 I/InstrumentationBackend(17129): Got command:'Command:'Line:null,keyboard_enter_text', arguments:'[98879898284721092831]'
12-09 08:26:48.042 E/SpannableStringBuilder(17129): SPAN_EXCLUSIVE_EXCLUSIVE spans cannot have a zero length
12-09 08:26:48.042 E/SpannableStringBuilder(17129): SPAN_EXCLUSIVE_EXCLUSIVE spans cannot have a zero length
12-09 08:26:48.078 E/SpannableStringBuilder(17129): SPAN_EXCLUSIVE_EXCLUSIVE spans cannot have a zero length
12-09 08:26:48.078 E/SpannableStringBuilder(17129): SPAN_EXCLUSIVE_EXCLUSIVE spans cannot have a zero length
12-09 08:26:48.084 I/System.out(17129): result:{"bonusInformation":[],"message":"","success":true}
12-09 08:26:49.232 I/System.out(17129): URI: //map
12-09 08:26:49.232 I/System.out(17129): params: {json={"query":"android.widget.Button index:2","operation":{"method_name":"query","arguments":[]}}
12-09 08:26:49.232 I/System.out(17129): }
12-09 08:26:49.477 I/art     (17129): Background sticky concurrent mark sweep GC freed 39782(1826KB) AllocSpace objects, 8(160KB) LOS objects, 0% free, 4MB/4MB, paused 936us total 247.411ms
12-09 08:26:49.533 I/art     (17129): Background partial concurrent mark sweep GC freed 36319(1666KB) AllocSpace objects, 1(24KB) LOS objects, 39% free, 2MB/4MB, paused 7.190ms total 54.799ms
12-09 08:26:49.545 I/System.out(17129): URI: //gesture
12-09 08:26:49.551 I/System.out(17129): params: {json={"query_timeout":5.0,"gestures":[{"query_string":"android.widget.Button index:2","touches":[{"x":50,"y":50,"offset_x":0,"offset_y":0,"wait":0.0,"time":0.2,"release":true,"query_string":null}]}]}
12-09 08:26:49.551 I/System.out(17129): }
12-09 08:26:50.005 W/audio_hw_generic( 1307): Hardware backing HAL too slow, could only write 0 of 661 frames
12-09 08:26:50.148 W/audio_hw_generic( 1307): Not supplying enough data to HAL, expected position 38862560 , only wrote 38861512
12-09 08:26:50.148 W/audio_hw_generic( 1307): Not supplying enough data to HAL, expected position 38861518 , only wrote 38861512
12-09 08:26:50.269 W/audio_hw_generic( 1307): Not supplying enough data to HAL, expected position 38866849 , only wrote 38862173
12-09 08:26:50.338 W/audio_hw_generic( 1307): Hardware backing HAL too slow, could only write 0 of 661 frames
12-09 08:26:50.341 I/LatinIME( 1876): Starting input. Cursor position = -1,-1
12-09 08:26:50.386 I/Choreographer(17129): Skipped 30 frames!  The application may be doing too much work on its main thread.
12-09 08:26:50.457 E/SurfaceFlinger( 1223): ro.sf.lcd_density must be defined as a build property
12-09 08:26:50.458 D/gralloc_ranchu( 1223): gralloc_alloc: Creating ashmem region of size 3686400
12-09 08:26:50.469 D/Mileage.ABS(17129): Finished backup
12-09 08:26:50.482 D/Mileage.ABS(17129): Not backing up; 14
12-09 08:26:50.482 D/Mileage.ABS(17129): Not backing up; 15
12-09 08:26:50.482 D/Mileage.ABS(17129): Not backing up; 15
12-09 08:26:50.491 D/        (17218): HostConnection::get() New Host Connection established 0x7fefd23d2480, tid 17218
12-09 08:26:50.521 E/EGL_emulation( 1223): tid 1223: eglCreateSyncKHR(1881): error 0x3004 (EGL_BAD_ATTRIBUTE)
12-09 08:26:50.659 I/InputAttributes( 1876): InputType.TYPE_NULL is specified
12-09 08:26:50.740 D/EGL_emulation( 1876): eglMakeCurrent: 0x7fb0c9664020: ver 2 0 (tinfo 0x7fb0bde256c0)
12-09 08:26:50.744 E/Surface ( 1876): getSlotFromBufferLocked: unknown buffer: 0x7fb0c55b0580
12-09 08:26:50.780 W/audio_hw_generic( 1307): Not supplying enough data to HAL, expected position 38884694 , only wrote 38884647
12-09 08:26:50.780 W/audio_hw_generic( 1307): Not supplying enough data to HAL, expected position 38884653 , only wrote 38884647
12-09 08:26:50.795 W/audio_hw_generic( 1307): Not supplying enough data to HAL, expected position 38885312 , only wrote 38885308
12-09 08:26:50.944 W/audio_hw_generic( 1307): Hardware backing HAL too slow, could only write 0 of 661 frames
12-09 08:26:50.961 W/audio_hw_generic( 1307): Hardware backing HAL too slow, could only write 0 of 661 frames
12-09 08:26:50.983 W/audio_hw_generic( 1307): Hardware backing HAL too slow, could only write 0 of 661 frames
12-09 08:26:50.995 W/audio_hw_generic( 1307): Hardware backing HAL too slow, could only write 0 of 661 frames
12-09 08:26:51.007 W/audio_hw_generic( 1307): Hardware backing HAL too slow, could only write 0 of 661 frames
12-09 08:26:51.020 W/audio_hw_generic( 1307): Hardware backing HAL too slow, could only write 0 of 661 frames
12-09 08:26:51.211 W/audio_hw_generic( 1307): Not supplying enough data to HAL, expected position 38903664 , only wrote 38903155
12-09 08:26:51.476 W/audio_hw_generic( 1307): Not supplying enough data to HAL, expected position 38914818 , only wrote 38913731
12-09 08:26:51.528 W/audio_hw_generic( 1307): Hardware backing HAL too slow, could only write 0 of 661 frames
12-09 08:26:51.548 W/audio_hw_generic( 1307): Hardware backing HAL too slow, could only write 0 of 661 frames
12-09 08:26:51.586 W/audio_hw_generic( 1307): Hardware backing HAL too slow, could only write 0 of 661 frames
12-09 08:26:51.586 W/audio_hw_generic( 1307): Not supplying enough data to HAL, expected position 38918569 , only wrote 38918358
12-09 08:26:51.586 W/audio_hw_generic( 1307): Not supplying enough data to HAL, expected position 38918363 , only wrote 38918358
12-09 08:26:51.623 I/System.out(17129): URI: //map
12-09 08:26:51.623 I/System.out(17129): params: {json={"query":"android.widget.ListView index:0 android.widget.TextView index:0","operation":{"method_name":"query","arguments":[]}}
12-09 08:26:51.623 I/System.out(17129): }
12-09 08:26:51.635 W/audio_hw_generic( 1307): Hardware backing HAL too slow, could only write 0 of 661 frames
12-09 08:26:51.647 W/audio_hw_generic( 1307): Hardware backing HAL too slow, could only write 0 of 661 frames
12-09 08:26:51.666 W/audio_hw_generic( 1307): Hardware backing HAL too slow, could only write 0 of 661 frames
12-09 08:26:51.679 W/audio_hw_generic( 1307): Hardware backing HAL too slow, could only write 0 of 661 frames
12-09 08:26:51.691 W/audio_hw_generic( 1307): Hardware backing HAL too slow, could only write 0 of 661 frames
12-09 08:26:52.192 I/System.out(17129): URI: //gesture
12-09 08:26:52.192 I/System.out(17129): params: {json={"query_timeout":5.0,"gestures":[{"query_string":"android.widget.ListView index:0 android.widget.TextView index:0","touches":[{"x":50,"y":50,"offset_x":0,"offset_y":0,"wait":0.0,"time":0.2,"release":true,"query_string":null}]}]}
12-09 08:26:52.192 I/System.out(17129): }
12-09 08:26:52.427 W/audio_hw_generic( 1307): Hardware backing HAL too slow, could only write 0 of 661 frames
12-09 08:26:52.458 W/audio_hw_generic( 1307): Hardware backing HAL too slow, could only write 0 of 661 frames
12-09 08:26:52.604 W/audio_hw_generic( 1307): Not supplying enough data to HAL, expected position 38963243 , only wrote 38962645
12-09 08:26:52.604 W/audio_hw_generic( 1307): Not supplying enough data to HAL, expected position 38962651 , only wrote 38962645
12-09 08:26:52.624 W/audio_hw_generic( 1307): Not supplying enough data to HAL, expected position 38963516 , only wrote 38963306
12-09 08:26:52.942 W/audio_hw_generic( 1307): Not supplying enough data to HAL, expected position 38977348 , only wrote 38977187
12-09 08:26:52.968 I/art     (17129): Background sticky concurrent mark sweep GC freed 38466(1680KB) AllocSpace objects, 0(0B) LOS objects, 28% free, 2MB/4MB, paused 5.529ms total 114.834ms
12-09 08:26:52.980 I/ActivityManager( 1591): START u0 {cmp=com.evancharlton.mileage/.FillupInfoActivity (has extras)} from uid 10137 on display 0
12-09 08:26:53.164 W/audio_hw_generic( 1307): Hardware backing HAL too slow, could only write 0 of 661 frames
12-09 08:26:53.184 W/audio_hw_generic( 1307): Not supplying enough data to HAL, expected position 38987870 , only wrote 38987763
12-09 08:26:53.185 I/calabash(17129): newActivity1
12-09 08:26:53.324 W/audio_hw_generic( 1307): Not supplying enough data to HAL, expected position 38993942 , only wrote 38993712
12-09 08:26:53.426 V/PhoneStatusBar( 1692): setLightsOn(true)
12-09 08:26:53.426 I/art     (17129): Background sticky concurrent mark sweep GC freed 16249(926KB) AllocSpace objects, 1(20KB) LOS objects, 21% free, 3MB/4MB, paused 1.587ms total 120.195ms
12-09 08:26:53.453 D/gralloc_ranchu( 1223): gralloc_alloc: Creating ashmem region of size 3686400
12-09 08:26:53.540 W/audio_hw_generic( 1307): Not supplying enough data to HAL, expected position 39003214 , only wrote 39002966
12-09 08:26:53.566 E/SurfaceFlinger( 1223): ro.sf.lcd_density must be defined as a build property
12-09 08:26:53.648 W/audio_hw_generic( 1307): Hardware backing HAL too slow, could only write 0 of 661 frames
12-09 08:26:53.672 W/audio_hw_generic( 1307): Hardware backing HAL too slow, could only write 0 of 661 frames
12-09 08:26:53.691 W/audio_hw_generic( 1307): Hardware backing HAL too slow, could only write 0 of 661 frames
12-09 08:26:53.702 W/audio_hw_generic( 1307): Hardware backing HAL too slow, could only write 0 of 661 frames
12-09 08:26:53.715 D/gralloc_ranchu( 1223): gralloc_alloc: Creating ashmem region of size 3686400
12-09 08:26:53.723 W/audio_hw_generic( 1307): Hardware backing HAL too slow, could only write 0 of 661 frames
12-09 08:26:53.731 D/        (17225): HostConnection::get() New Host Connection established 0x7ff638a12480, tid 17225
12-09 08:26:53.747 W/audio_hw_generic( 1307): Hardware backing HAL too slow, could only write 0 of 661 frames
12-09 08:26:53.784 W/audio_hw_generic( 1307): Not supplying enough data to HAL, expected position 39013713 , only wrote 39013542
12-09 08:26:53.784 W/audio_hw_generic( 1307): Not supplying enough data to HAL, expected position 39013548 , only wrote 39013542
12-09 08:26:53.786 E/EGL_emulation( 1223): tid 1223: eglCreateSyncKHR(1881): error 0x3004 (EGL_BAD_ATTRIBUTE)
12-09 08:26:53.811 W/audio_hw_generic( 1307): Not supplying enough data to HAL, expected position 39014746 , only wrote 39014203
12-09 08:26:53.983 W/art     ( 1591): Long monitor contention event with owner method=void com.android.server.wm.WindowAnimator$1.doFrame(long) from WindowAnimator.java:121 waiters=0 for 162ms
12-09 08:26:53.999 W/audio_hw_generic( 1307): Hardware backing HAL too slow, could only write 0 of 661 frames
12-09 08:26:54.015 W/audio_hw_generic( 1307): Hardware backing HAL too slow, could only write 0 of 661 frames
12-09 08:26:54.046 W/audio_hw_generic( 1307): Hardware backing HAL too slow, could only write 0 of 661 frames
12-09 08:26:54.063 W/audio_hw_generic( 1307): Hardware backing HAL too slow, could only write 0 of 661 frames
12-09 08:26:54.084 I/ActivityManager( 1591): Displayed com.evancharlton.mileage/.FillupInfoActivity: +916ms
12-09 08:26:54.250 D/gralloc_ranchu( 1223): gralloc_alloc: Creating ashmem region of size 3686400
12-09 08:26:54.394 W/audio_hw_generic( 1307): Hardware backing HAL too slow, could only write 0 of 661 frames
12-09 08:26:54.490 W/audio_hw_generic( 1307): Not supplying enough data to HAL, expected position 39044161 , only wrote 39043948
12-09 08:26:54.490 W/audio_hw_generic( 1307): Not supplying enough data to HAL, expected position 39043954 , only wrote 39043948
12-09 08:26:54.558 W/audio_hw_generic( 1307): Not supplying enough data to HAL, expected position 39046909 , only wrote 39046592
12-09 08:26:54.558 W/audio_hw_generic( 1307): Not supplying enough data to HAL, expected position 39046598 , only wrote 39046592
12-09 08:26:54.577 W/audio_hw_generic( 1307): Not supplying enough data to HAL, expected position 39047422 , only wrote 39047253
12-09 08:26:54.672 W/audio_hw_generic( 1307): Not supplying enough data to HAL, expected position 39051446 , only wrote 39049897
12-09 08:26:54.672 W/audio_hw_generic( 1307): Not supplying enough data to HAL, expected position 39049903 , only wrote 39049897
12-09 08:26:54.696 W/audio_hw_generic( 1307): Not supplying enough data to HAL, expected position 39050977 , only wrote 39050558
12-09 08:26:54.772 W/audio_hw_generic( 1307): Not supplying enough data to HAL, expected position 39053887 , only wrote 39053863
12-09 08:26:54.812 W/audio_hw_generic( 1307): Hardware backing HAL too slow, could only write 0 of 661 frames
12-09 08:26:54.831 W/audio_hw_generic( 1307): Hardware backing HAL too slow, could only write 0 of 661 frames
12-09 08:26:54.839 W/audio_hw_generic( 1307): Hardware backing HAL too slow, could only write 0 of 661 frames
12-09 08:26:54.850 I/System.out(17129): URI: //map
12-09 08:26:54.850 I/System.out(17129): params: {json={"query":"android.widget.Button index:1","operation":{"method_name":"query","arguments":[]}}
12-09 08:26:54.850 I/System.out(17129): }
12-09 08:26:54.863 W/audio_hw_generic( 1307): Hardware backing HAL too slow, could only write 0 of 661 frames
12-09 08:26:54.882 W/audio_hw_generic( 1307): Hardware backing HAL too slow, could only write 0 of 661 frames
12-09 08:26:54.956 W/audio_hw_generic( 1307): Not supplying enough data to HAL, expected position 39061970 , only wrote 39061795
12-09 08:26:54.956 W/audio_hw_generic( 1307): Hardware backing HAL too slow, could only write 0 of 661 frames
12-09 08:26:55.200 W/audio_hw_generic( 1307): Not supplying enough data to HAL, expected position 39072553 , only wrote 39071049
12-09 08:26:55.308 W/audio_hw_generic( 1307): Not supplying enough data to HAL, expected position 39075834 , only wrote 39075676
12-09 08:26:55.308 W/audio_hw_generic( 1307): Not supplying enough data to HAL, expected position 39075682 , only wrote 39075676
12-09 08:26:55.331 W/audio_hw_generic( 1307): Not supplying enough data to HAL, expected position 39076670 , only wrote 39076337
12-09 08:26:55.349 W/art     (17129): Suspending all threads took: 12.683ms
12-09 08:26:55.445 I/art     (17129): Background partial concurrent mark sweep GC freed 39811(1931KB) AllocSpace objects, 7(140KB) LOS objects, 39% free, 3MB/5MB, paused 14.199ms total 176.926ms
12-09 08:26:55.464 I/System.out(17129): URI: //gesture
12-09 08:26:55.464 I/System.out(17129): params: {json={"query_timeout":5.0,"gestures":[{"query_string":"android.widget.Button index:1","touches":[{"x":50,"y":50,"offset_x":0,"offset_y":0,"wait":0.0,"time":0.2,"release":true,"query_string":null}]}]}
12-09 08:26:55.464 I/System.out(17129): }
12-09 08:26:55.467 D/gralloc_ranchu( 1223): gralloc_alloc: Creating ashmem region of size 3686400
12-09 08:26:55.685 W/audio_hw_generic( 1307): Hardware backing HAL too slow, could only write 0 of 661 frames
12-09 08:26:55.713 W/audio_hw_generic( 1307): Hardware backing HAL too slow, could only write 0 of 661 frames
12-09 08:26:55.952 I/ActivityManager( 1591): START u0 {cmp=com.evancharlton.mileage/.FillupInfoActivity (has extras)} from uid 10137 on display 0
12-09 08:26:55.953 W/audio_hw_generic( 1307): Not supplying enough data to HAL, expected position 39103775 , only wrote 39102116
12-09 08:26:56.016 D/AudioFlinger( 1307): mixer(0xf4380000) throttle end: throttle time(11)
12-09 08:26:56.098 I/calabash(17129): newActivity1
12-09 08:26:56.144 W/audio_hw_generic( 1307): Not supplying enough data to HAL, expected position 39110531 , only wrote 39110048
12-09 08:26:56.144 W/audio_hw_generic( 1307): Not supplying enough data to HAL, expected position 39110055 , only wrote 39110048
12-09 08:26:56.150 I/art     (17129): Background sticky concurrent mark sweep GC freed 52269(2MB) AllocSpace objects, 4(80KB) LOS objects, 47% free, 2MB/5MB, paused 923us total 151.449ms
12-09 08:26:56.163 W/audio_hw_generic( 1307): Not supplying enough data to HAL, expected position 39110899 , only wrote 39110709
12-09 08:26:56.260 W/audio_hw_generic( 1307): Not supplying enough data to HAL, expected position 39114960 , only wrote 39114014
12-09 08:26:56.260 W/audio_hw_generic( 1307): Not supplying enough data to HAL, expected position 39114021 , only wrote 39114014
12-09 08:26:56.488 W/audio_hw_generic( 1307): Not supplying enough data to HAL, expected position 39124065 , only wrote 39123929
12-09 08:26:56.488 W/audio_hw_generic( 1307): Not supplying enough data to HAL, expected position 39123935 , only wrote 39123929
12-09 08:26:56.509 V/PhoneStatusBar( 1692): setLightsOn(true)
12-09 08:26:56.516 W/audio_hw_generic( 1307): Not supplying enough data to HAL, expected position 39125180 , only wrote 39124590
12-09 08:26:56.618 D/gralloc_ranchu( 1223): gralloc_alloc: Creating ashmem region of size 3686400
12-09 08:26:56.633 E/SurfaceFlinger( 1223): ro.sf.lcd_density must be defined as a build property
12-09 08:26:56.705 D/gralloc_ranchu( 1223): gralloc_alloc: Creating ashmem region of size 3686400
12-09 08:26:56.784 D/        (17232): HostConnection::get() New Host Connection established 0x7fd16b9d2480, tid 17232
12-09 08:26:56.847 E/EGL_emulation( 1223): tid 1223: eglCreateSyncKHR(1881): error 0x3004 (EGL_BAD_ATTRIBUTE)
12-09 08:26:56.869 I/ActivityManager( 1591): Displayed com.evancharlton.mileage/.FillupInfoActivity: +820ms
12-09 08:26:56.987 W/audio_hw_generic( 1307): Hardware backing HAL too slow, could only write 0 of 661 frames
12-09 08:26:57.003 W/audio_hw_generic( 1307): Hardware backing HAL too slow, could only write 0 of 661 frames
12-09 08:26:57.023 W/audio_hw_generic( 1307): Hardware backing HAL too slow, could only write 0 of 661 frames
12-09 08:26:57.060 W/audio_hw_generic( 1307): Hardware backing HAL too slow, could only write 0 of 661 frames
12-09 08:26:57.063 W/audio_hw_generic( 1307): Hardware backing HAL too slow, could only write 0 of 661 frames
12-09 08:26:57.140 W/audio_hw_generic( 1307): Hardware backing HAL too slow, could only write 0 of 661 frames
12-09 08:26:57.150 W/art     ( 1591): Long monitor contention event with owner method=void com.android.server.wm.WindowAnimator$1.doFrame(long) from WindowAnimator.java:121 waiters=0 for 136ms
12-09 08:26:57.152 W/audio_hw_generic( 1307): Hardware backing HAL too slow, could only write 0 of 661 frames
12-09 08:26:57.167 W/audio_hw_generic( 1307): Hardware backing HAL too slow, could only write 0 of 661 frames
12-09 08:26:57.311 W/audio_hw_generic( 1307): Not supplying enough data to HAL, expected position 39159618 , only wrote 39158962
12-09 08:26:57.336 W/art     ( 1591): Long monitor contention event with owner method=void com.android.server.wm.WindowAnimator$1.doFrame(long) from WindowAnimator.java:121 waiters=1 for 185ms
12-09 08:26:57.339 D/gralloc_ranchu( 1223): gralloc_alloc: Creating ashmem region of size 3686400
12-09 08:26:57.419 W/audio_hw_generic( 1307): Not supplying enough data to HAL, expected position 39163744 , only wrote 39163589
12-09 08:26:57.419 W/audio_hw_generic( 1307): Not supplying enough data to HAL, expected position 39163595 , only wrote 39163589
12-09 08:26:57.464 W/audio_hw_generic( 1307): Not supplying enough data to HAL, expected position 39165540 , only wrote 39164250
12-09 08:26:57.499 W/audio_hw_generic( 1307): Hardware backing HAL too slow, could only write 0 of 661 frames
12-09 08:26:57.529 W/audio_hw_generic( 1307): Hardware backing HAL too slow, could only write 0 of 661 frames
12-09 08:26:57.545 W/audio_hw_generic( 1307): Hardware backing HAL too slow, could only write 0 of 661 frames
12-09 08:26:57.563 W/audio_hw_generic( 1307): Hardware backing HAL too slow, could only write 0 of 661 frames
12-09 08:26:57.647 W/audio_hw_generic( 1307): Hardware backing HAL too slow, could only write 0 of 661 frames
12-09 08:26:57.648 W/audio_hw_generic( 1307): Not supplying enough data to HAL, expected position 39172363 , only wrote 39170199
12-09 08:26:57.648 W/audio_hw_generic( 1307): Not supplying enough data to HAL, expected position 39170204 , only wrote 39170199
12-09 08:26:57.662 W/audio_hw_generic( 1307): Hardware backing HAL too slow, could only write 0 of 661 frames
12-09 08:26:57.680 W/audio_hw_generic( 1307): Hardware backing HAL too slow, could only write 0 of 661 frames
12-09 08:26:57.697 W/audio_hw_generic( 1307): Hardware backing HAL too slow, could only write 0 of 661 frames
12-09 08:26:57.746 I/System.out(17129): URI: //map
12-09 08:26:57.746 I/System.out(17129): params: {json={"query":"android.widget.Button index:0","operation":{"method_name":"query","arguments":[]}}
12-09 08:26:57.746 I/System.out(17129): }
12-09 08:26:57.804 W/audio_hw_generic( 1307): Not supplying enough data to HAL, expected position 39177073 , only wrote 39176809
12-09 08:26:57.804 W/audio_hw_generic( 1307): Not supplying enough data to HAL, expected position 39176815 , only wrote 39176809
12-09 08:26:57.819 W/audio_hw_generic( 1307): Not supplying enough data to HAL, expected position 39177489 , only wrote 39177470
12-09 08:26:58.000 D/gralloc_ranchu( 1223): gralloc_alloc: Creating ashmem region of size 3686400
12-09 08:26:58.104 W/audio_hw_generic( 1307): Not supplying enough data to HAL, expected position 39190031 , only wrote 39190029
12-09 08:26:58.121 W/audio_hw_generic( 1307): Not supplying enough data to HAL, expected position 39190759 , only wrote 39190690
12-09 08:26:58.159 I/System.out(17129): URI: //gesture
12-09 08:26:58.159 I/System.out(17129): params: {json={"query_timeout":5.0,"gestures":[{"query_string":"android.widget.Button index:0","touches":[{"x":50,"y":50,"offset_x":0,"offset_y":0,"wait":0.0,"time":0.2,"release":true,"query_string":null}]}]}
12-09 08:26:58.160 I/System.out(17129): }
12-09 08:26:58.264 W/audio_hw_generic( 1307): Not supplying enough data to HAL, expected position 39197007 , only wrote 39196639
12-09 08:26:58.264 W/audio_hw_generic( 1307): Not supplying enough data to HAL, expected position 39196646 , only wrote 39196639
12-09 08:26:58.287 W/audio_hw_generic( 1307): Not supplying enough data to HAL, expected position 39197650 , only wrote 39197300
12-09 08:26:58.345 I/art     (17129): Background sticky concurrent mark sweep GC freed 61694(2MB) AllocSpace objects, 4(80KB) LOS objects, 43% free, 3MB/5MB, paused 1.043ms total 173.249ms
12-09 08:26:58.567 W/audio_hw_generic( 1307): Hardware backing HAL too slow, could only write 0 of 661 frames
12-09 08:26:58.575 W/audio_hw_generic( 1307): Not supplying enough data to HAL, expected position 39210012 , only wrote 39209859
12-09 08:26:58.575 W/audio_hw_generic( 1307): Not supplying enough data to HAL, expected position 39209867 , only wrote 39209859
12-09 08:26:58.575 W/audio_hw_generic( 1307): Hardware backing HAL too slow, could only write 0 of 661 frames
12-09 08:26:58.591 W/audio_hw_generic( 1307): Not supplying enough data to HAL, expected position 39210558 , only wrote 39210520
12-09 08:26:58.591 W/audio_hw_generic( 1307): Hardware backing HAL too slow, could only write 0 of 661 frames
12-09 08:26:58.591 W/audio_hw_generic( 1307): Hardware backing HAL too slow, could only write 0 of 661 frames
12-09 08:26:58.622 W/audio_hw_generic( 1307): Hardware backing HAL too slow, could only write 0 of 661 frames
12-09 08:26:58.651 W/audio_hw_generic( 1307): Hardware backing HAL too slow, could only write 0 of 661 frames
12-09 08:26:58.686 I/ActivityManager( 1591): START u0 {cmp=com.evancharlton.mileage/.FillupInfoActivity (has extras)} from uid 10137 on display 0
12-09 08:26:58.808 W/audio_hw_generic( 1307): Not supplying enough data to HAL, expected position 39220067 , only wrote 39219774
12-09 08:26:58.808 W/audio_hw_generic( 1307): Not supplying enough data to HAL, expected position 39219781 , only wrote 39219774
12-09 08:26:58.828 W/audio_hw_generic( 1307): Not supplying enough data to HAL, expected position 39220659 , only wrote 39220435
12-09 08:26:58.904 I/calabash(17129): newActivity1
12-09 08:26:58.972 W/audio_hw_generic( 1307): Not supplying enough data to HAL, expected position 39226785 , only wrote 39225723
12-09 08:26:59.018 W/audio_hw_generic( 1307): Hardware backing HAL too slow, could only write 0 of 661 frames
12-09 08:26:59.030 W/audio_hw_generic( 1307): Hardware backing HAL too slow, could only write 0 of 661 frames
12-09 08:26:59.060 W/audio_hw_generic( 1307): Hardware backing HAL too slow, could only write 0 of 661 frames
12-09 08:26:59.082 W/audio_hw_generic( 1307): Hardware backing HAL too slow, could only write 0 of 661 frames
12-09 08:26:59.115 W/audio_hw_generic( 1307): Not supplying enough data to HAL, expected position 39232035 , only wrote 39231672
12-09 08:26:59.115 W/audio_hw_generic( 1307): Not supplying enough data to HAL, expected position 39231678 , only wrote 39231672
12-09 08:26:59.131 W/audio_hw_generic( 1307): Not supplying enough data to HAL, expected position 39232344 , only wrote 39232333
12-09 08:26:59.165 V/PhoneStatusBar( 1692): setLightsOn(true)
12-09 08:26:59.168 W/audio_hw_generic( 1307): Not supplying enough data to HAL, expected position 39234007 , only wrote 39233655
12-09 08:26:59.203 D/gralloc_ranchu( 1223): gralloc_alloc: Creating ashmem region of size 3686400
12-09 08:26:59.485 W/audio_hw_generic( 1307): Not supplying enough data to HAL, expected position 39247600 , only wrote 39245553
12-09 08:26:59.485 W/audio_hw_generic( 1307): Not supplying enough data to HAL, expected position 39245560 , only wrote 39245553
12-09 08:26:59.539 E/SurfaceFlinger( 1223): ro.sf.lcd_density must be defined as a build property
12-09 08:26:59.572 W/audio_hw_generic( 1307): Not supplying enough data to HAL, expected position 39249386 , only wrote 39246214
12-09 08:26:59.639 D/gralloc_ranchu( 1223): gralloc_alloc: Creating ashmem region of size 3686400
12-09 08:26:59.657 D/        (17238): HostConnection::get() New Host Connection established 0x7f31d29d2480, tid 17238
12-09 08:26:59.686 E/EGL_emulation( 1223): tid 1223: eglCreateSyncKHR(1881): error 0x3004 (EGL_BAD_ATTRIBUTE)
12-09 08:26:59.764 W/art     ( 1591): Long monitor contention event with owner method=void com.android.server.wm.WindowAnimator$1.doFrame(long) from WindowAnimator.java:121 waiters=0 for 251ms
