--------- beginning of main
12-09 07:35:38.653 W/audio_hw_generic( 1309): Not supplying enough data to HAL, expected position 101969 , only wrote 98489
12-09 07:35:38.670 W/audio_hw_generic( 1309): Not supplying enough data to HAL, expected position 99234 , only wrote 99150
12-09 07:35:38.670 W/audio_hw_generic( 1309): Not supplying enough data to HAL, expected position 99157 , only wrote 99150
12-09 07:35:38.701 W/audio_hw_generic( 1309): Not supplying enough data to HAL, expected position 100528 , only wrote 99811
12-09 07:35:38.741 W/audio_hw_generic( 1309): Hardware backing HAL too slow, could only write 0 of 661 frames
12-09 07:35:38.752 W/audio_hw_generic( 1309): Hardware backing HAL too slow, could only write 0 of 661 frames
12-09 07:35:38.784 E/EGL_emulation( 1226): tid 1226: eglCreateSyncKHR(1881): error 0x3004 (EGL_BAD_ATTRIBUTE)
12-09 07:35:38.889 W/art     ( 1592): Suspending all threads took: 5.923ms
12-09 07:35:38.937 I/art     ( 1592): Background partial concurrent mark sweep GC freed 21444(1575KB) AllocSpace objects, 5(100KB) LOS objects, 29% free, 9MB/13MB, paused 11.235ms total 134.171ms
--------- beginning of system
12-09 07:35:38.984 W/ActivityManager( 1592): Finishing task with all activities already finished
12-09 07:35:38.984 W/ActivityManager( 1592): Duplicate finish request for ActivityRecord{53ba6fd u0 com.evancharlton.mileage/.Mileage t324 f}
12-09 07:35:38.985 W/ActivityManager( 1592): Finishing task with all activities already finished
12-09 07:35:39.000 W/ProcessCpuTracker( 1592): Skipping unknown process pid 3537
12-09 07:35:39.041 W/ActivityManager( 1592): Duplicate finish request for ActivityRecord{53ba6fd u0 com.evancharlton.mileage/.Mileage t324 f}
12-09 07:35:39.081 W/ActivityManager( 1592): Finishing task with all activities already finished
12-09 07:35:39.081 W/ActivityManager( 1592): Duplicate finish request for ActivityRecord{53ba6fd u0 com.evancharlton.mileage/.Mileage t324 f}
12-09 07:35:39.204 D/EGL_emulation( 1943): eglMakeCurrent: 0x7f7a1dbb48c0: ver 2 0 (tinfo 0x7f7a1db82e80)
12-09 07:35:39.321 W/audio_hw_generic( 1309): Not supplying enough data to HAL, expected position 153768 , only wrote 126912
12-09 07:35:39.646 D/AndroidRuntime( 3539): >>>>>> START com.android.internal.os.RuntimeInit uid 0 <<<<<<
12-09 07:35:39.647 D/AndroidRuntime( 3539): CheckJNI is ON
12-09 07:35:39.682 D/ICU     ( 3539): No timezone override file found: /data/misc/zoneinfo/current/icu/icu_tzdata.dat
12-09 07:35:39.931 E/memtrack( 3539): Couldn't load memtrack module (No such file or directory)
12-09 07:35:39.932 E/android.os.Debug( 3539): failed to load memtrack module: -2
12-09 07:35:39.942 I/Radio-JNI( 3539): register_android_hardware_Radio DONE
12-09 07:35:40.045 D/AndroidRuntime( 3539): Calling main entry com.android.commands.am.Am
12-09 07:35:40.443 W/art     ( 1592): Long monitor contention event with owner method=void com.android.server.wm.WindowAnimator$1.doFrame(long) from WindowAnimator.java:121 waiters=1 for 127ms
12-09 07:35:40.445 W/art     ( 1592): Long monitor contention event with owner method=java.util.List com.android.server.am.ActivityManagerService.getAllStackInfos() from ActivityManagerService.java:8937 waiters=0 for 398ms
12-09 07:35:40.445 I/ActivityManager( 1592): Force stopping com.evancharlton.mileage appid=10115 user=0: start instr
12-09 07:35:40.445 I/ActivityManager( 1592): Killing 3497:com.evancharlton.mileage/u0a115 (adj 0): stop com.evancharlton.mileage
12-09 07:35:40.517 E/JavaBinder( 1592): !!! FAILED BINDER TRANSACTION !!!  (parcel size = 104)
12-09 07:35:40.517 W/InputMethodManagerService( 1592): Got RemoteException sending setActive(false) notification to pid 3497 uid 10115
12-09 07:35:40.686 I/WindowState( 1592): WIN DEATH: Window{c1a9a2 u0 com.evancharlton.mileage/com.evancharlton.mileage.Mileage EXITING}
12-09 07:35:40.731 W/ActivityManager( 1592): Crash of app com.evancharlton.mileage running instrumentation ComponentInfo{com.evancharlton.mileage.test/sh.calaba.instrumentationbackend.CalabashInstrumentationTestRunner}
12-09 07:35:40.731 I/ActivityManager( 1592): Force stopping com.evancharlton.mileage appid=10115 user=0: finished inst
12-09 07:35:40.805 I/WindowState( 1592): WIN DEATH: Window{c5b291c u0 PopupWindow:c92266 EXITING}
12-09 07:35:40.806 I/Choreographer( 1943): Skipped 92 frames!  The application may be doing too much work on its main thread.
12-09 07:35:40.867 I/ActivityManager( 1592): Start proc 3548:com.evancharlton.mileage/u0a115 for added application com.evancharlton.mileage
12-09 07:35:40.867 W/art     ( 1592): Long monitor contention event with owner method=boolean com.android.server.am.ActivityManagerService.startInstrumentation(android.content.ComponentName, java.lang.String, int, android.os.Bundle, android.app.IInstrumentationWatcher, android.app.IUiAutomationConnection, int, java.lang.String) from ActivityManagerService.java:17066 waiters=0 for 422ms
12-09 07:35:40.868 W/art     ( 1592): Long monitor contention event with owner method=boolean com.android.server.am.ActivityManagerService.startInstrumentation(android.content.ComponentName, java.lang.String, int, android.os.Bundle, android.app.IInstrumentationWatcher, android.app.IUiAutomationConnection, int, java.lang.String) from ActivityManagerService.java:17066 waiters=1 for 398ms
12-09 07:35:40.868 W/ActivityManager( 1592): Spurious death for ProcessRecord{1954487 0:com.evancharlton.mileage/u0a115}, curProc for 3497: null
12-09 07:35:40.870 D/AndroidRuntime( 3539): Shutting down VM
12-09 07:35:40.979 W/System  ( 3548): ClassLoader referenced unknown path: /data/app/com.evancharlton.mileage.test-1/lib/x86_64
12-09 07:35:40.980 W/System  ( 3548): ClassLoader referenced unknown path: /data/app/com.evancharlton.mileage-1/lib/x86_64
12-09 07:35:40.981 I/art     ( 1687): Background partial concurrent mark sweep GC freed 42630(2037KB) AllocSpace objects, 1(9MB) LOS objects, 39% free, 4MB/7MB, paused 1.101ms total 103.194ms
12-09 07:35:41.028 I/System.out( 3548): Main activity name automatically set to: com.evancharlton.mileage.Mileage
12-09 07:35:41.029 I/System.out( 3548): Calabash did not load Mono. This is only a problem if you are trying to test a Mono application
12-09 07:35:41.033 I/calabash( 3548): Test server port: 7102
12-09 07:35:41.034 I/InstrumentationBackend( 3548): Added:'GetPreferences', with key:'get_preferences'
12-09 07:35:41.161 I/InstrumentationBackend( 3548): Added:'SetPreferences', with key:'set_preferences'
12-09 07:35:41.169 I/InstrumentationBackend( 3548): Added:'ClearPreferences', with key:'clear_preferences'
12-09 07:35:41.170 I/InstrumentationBackend( 3548): Added:'PressElement', with key:'press_l10n_element'
12-09 07:35:41.170 I/InstrumentationBackend( 3548): Added:'WaitForElement', with key:'wait_for_l10n_element'
12-09 07:35:41.170 I/InstrumentationBackend( 3548): Added:'NullAction', with key:'nullAction'
12-09 07:35:41.170 I/InstrumentationBackend( 3548): Added:'PressKey', with key:'press_key'
12-09 07:35:41.171 I/InstrumentationBackend( 3548): Added:'SetActivityOrientation', with key:'set_activity_orientation'
12-09 07:35:41.171 I/InstrumentationBackend( 3548): Added:'GetActivityOrientation', with key:'get_activity_orientation'
12-09 07:35:41.171 I/InstrumentationBackend( 3548): Added:'FakeGPSLocation', with key:'set_gps_coordinates'
12-09 07:35:41.171 I/InstrumentationBackend( 3548): Added:'SetPropertyByCssSelector', with key:'set_property_by_css_selector'
12-09 07:35:41.171 I/InstrumentationBackend( 3548): Added:'GetUrl', with key:'get_url'
12-09 07:35:41.172 I/InstrumentationBackend( 3548): Added:'ScrollTo', with key:'scroll_to'
12-09 07:35:41.172 I/InstrumentationBackend( 3548): Added:'GetLoadProgress', with key:'get_load_progress'
12-09 07:35:41.183 I/InstrumentationBackend( 3548): Added:'DumpHtml', with key:'dump_html'
12-09 07:35:41.183 I/InstrumentationBackend( 3548): Added:'DumpBodyHtml', with key:'dump_body_html'
12-09 07:35:41.183 I/InstrumentationBackend( 3548): Added:'EnterTextByCssSelector', with key:'enter_text_by_selector'
12-09 07:35:41.184 I/InstrumentationBackend( 3548): Added:'AndroidSDKVersion', with key:'android_sdk_version'
12-09 07:35:41.184 I/InstrumentationBackend( 3548): Added:'Version', with key:'version'
12-09 07:35:41.185 I/InstrumentationBackend( 3548): Added:'Drag', with key:'drag'
12-09 07:35:41.192 I/InstrumentationBackend( 3548): Added:'TouchCoordinates', with key:'touch_coordinate'
12-09 07:35:41.192 I/InstrumentationBackend( 3548): Added:'LongPressCoordinate', with key:'long_press_coordinate'
12-09 07:35:41.193 I/InstrumentationBackend( 3548): Added:'DragCoordinates', with key:'drag_coordinates'
12-09 07:35:41.193 I/InstrumentationBackend( 3548): Added:'ResumeApplication', with key:'resume_application'
12-09 07:35:41.193 I/InstrumentationBackend( 3548): Added:'Swipe', with key:'swipe'
12-09 07:35:41.193 I/InstrumentationBackend( 3548): Added:'DoubleTapCoordinate', with key:'double_tap_coordinate'
12-09 07:35:41.193 I/InstrumentationBackend( 3548): Added:'ClickOnScreen', with key:'click_on_screen'
12-09 07:35:41.194 I/InstrumentationBackend( 3548): Added:'GetActivityName', with key:'get_activity_name'
12-09 07:35:41.194 I/InstrumentationBackend( 3548): Added:'ScrollToView', with key:'scroll_to_view'
12-09 07:35:41.194 I/InstrumentationBackend( 3548): Added:'ViewConfiguration', with key:'view_configuration'
12-09 07:35:41.194 I/InstrumentationBackend( 3548): Added:'IsCurrentActivityFocused', with key:'is_current_activity_focused'
12-09 07:35:41.195 I/InstrumentationBackend( 3548): Added:'SendTcp', with key:'send_tcp'
12-09 07:35:41.195 I/InstrumentationBackend( 3548): Added:'DpToDevicePixel', with key:'dp_to_device_pixel'
12-09 07:35:41.195 I/InstrumentationBackend( 3548): Added:'KeyboardEnterText', with key:'keyboard_enter_text'
12-09 07:35:41.195 I/InstrumentationBackend( 3548): Added:'DeleteSurroundingText', with key:'delete_surrounding_text'
12-09 07:35:41.196 I/InstrumentationBackend( 3548): Added:'SetComposingRegion', with key:'set_composing_region'
12-09 07:35:41.196 I/InstrumentationBackend( 3548): Added:'SetSelection', with key:'set_selection'
12-09 07:35:41.196 I/InstrumentationBackend( 3548): Added:'KeyboardKeyEvent', with key:'keyboard_key_event'
12-09 07:35:41.196 I/InstrumentationBackend( 3548): Added:'PressUserActionButton', with key:'press_user_action_button'
12-09 07:35:41.197 I/InstrumentationBackend( 3548): Added:'HideSoftKeyboard', with key:'hide_soft_keyboard'
12-09 07:35:41.222 I/InstrumentationBackend( 3548): Added:'ListActions', with key:'list_actions'
12-09 07:35:41.222 I/calabash( 3548): Instantiating http server at 7102
12-09 07:35:41.223 I/System.out( 3548): HTTP Daemon listening on: 7102
12-09 07:35:41.404 W/art     ( 1592): Long monitor contention event with owner method=void com.android.server.wm.WindowAnimator$1.doFrame(long) from WindowAnimator.java:121 waiters=0 for 190ms
12-09 07:35:41.410 I/System.out( 3548): URI: //ping
12-09 07:35:41.411 I/System.out( 3548): params: {json={}
12-09 07:35:41.411 I/System.out( 3548): }
12-09 07:35:41.432 I/System.out( 3548): URI: //ping
12-09 07:35:41.432 I/System.out( 3548): params: {json={}
12-09 07:35:41.432 I/System.out( 3548): }
12-09 07:35:41.453 I/System.out( 3548): URI: //ready
12-09 07:35:41.458 I/System.out( 3548): params: {json={}
12-09 07:35:41.458 I/System.out( 3548): }
12-09 07:35:41.486 I/System.out( 3548): URI: //
12-09 07:35:41.486 I/System.out( 3548): params: {json={"command":"version","arguments":[]}
12-09 07:35:41.486 I/System.out( 3548): }
12-09 07:35:41.486 I/System.out( 3548): header: {date=Sun, 09 Dec 2018 07:35:42 GMT, accept=*/*, content-length=36, host=127.0.0.1:34777, user-agent=HTTPClient/1.0 (2.8.3, ruby 2.3.1 (2016-04-26)), content-type=application/json;charset=utf-8}
12-09 07:35:41.486 I/System.out( 3548): params: {json={"command":"version","arguments":[]}
12-09 07:35:41.486 I/System.out( 3548): }
12-09 07:35:41.486 I/System.out( 3548): ProP json = {"command":"version","arguments":[]}
12-09 07:35:41.486 I/System.out( 3548): files: {}
12-09 07:35:41.486 I/System.out( 3548): command: {"command":"version","arguments":[]}
12-09 07:35:41.531 I/InstrumentationBackend( 3548): Got command:'Command:'Line:null,version', arguments:'[]'
12-09 07:35:41.588 I/art     ( 3548): Background sticky concurrent mark sweep GC freed 26232(1422KB) AllocSpace objects, 12(240KB) LOS objects, 67% free, 1244KB/3MB, paused 17.576ms total 72.030ms
12-09 07:35:41.682 I/System.out( 3548): result:{"bonusInformation":[],"message":"0.9.8","success":true}
12-09 07:35:41.755 I/System.out( 3548): URI: //start-application
12-09 07:35:41.755 I/System.out( 3548): params: {json={"intent":null}
12-09 07:35:41.755 I/System.out( 3548): }
12-09 07:35:41.929 I/Choreographer( 1943): Skipped 65 frames!  The application may be doing too much work on its main thread.
12-09 07:35:41.944 I/ActivityManager( 1592): START u0 {act=android.intent.action.MAIN cat=[android.intent.category.LAUNCHER] flg=0x10200000 cmp=com.evancharlton.mileage/.Mileage} from uid 10115 on display 0
12-09 07:35:41.988 W/OpenGLRenderer( 1943): Incorrectly called buildLayer on View: ShortcutAndWidgetContainer, destroying layer...
12-09 07:35:42.120 W/WindowState( 1592): Failed to report 'resized' to the client of Window{c5b291c u0 PopupWindow:c92266 EXITING}, removing this window.
12-09 07:35:42.120 W/WindowState( 1592): Failed to report 'resized' to the client of Window{c1a9a2 u0 com.evancharlton.mileage/com.evancharlton.mileage.Mileage EXITING}, removing this window.
12-09 07:35:42.122 W/art     ( 1592): Long monitor contention event with owner method=void com.android.server.wm.WindowManagerService.attachStack(int, int) from WindowManagerService.java:5157 waiters=0 for 169ms
12-09 07:35:42.181 W/art     ( 1592): Long monitor contention event with owner method=int com.android.server.am.ActivityStackSupervisor.startActivityMayWait(android.app.IApplicationThread, int, java.lang.String, android.content.Intent, java.lang.String, android.service.voice.IVoiceInteractionSession, com.android.internal.app.IVoiceInteractor, android.os.IBinder, java.lang.String, int, int, android.app.ProfilerInfo, android.app.IActivityManager$WaitResult, android.content.res.Configuration, android.os.Bundle, boolean, int, android.app.IActivityContainer, com.android.server.am.TaskRecord) from ActivityStackSupervisor.java:946 waiters=0 for 221ms
12-09 07:35:42.413 W/art     ( 1592): Long monitor contention event with owner method=int com.android.server.wm.WindowManagerService.relayoutWindow(com.android.server.wm.Session, android.view.IWindow, int, android.view.WindowManager$LayoutParams, int, int, int, int, android.graphics.Rect, android.graphics.Rect, android.graphics.Rect, android.graphics.Rect, android.graphics.Rect, android.graphics.Rect, android.content.res.Configuration, android.view.Surface) from WindowManagerService.java:3103 waiters=0 for 207ms
12-09 07:35:42.415 D/gralloc_ranchu( 1226): gralloc_alloc: Creating ashmem region of size 3686400
12-09 07:35:42.430 I/calabash( 3548): newActivity1
12-09 07:35:42.476 I/calabash( 3548): newActivity1
12-09 07:35:42.486 W/ActivityManager( 1592): Bad activity token: android.os.BinderProxy@2fd329b
12-09 07:35:42.486 W/ActivityManager( 1592): java.lang.ClassCastException: android.os.BinderProxy cannot be cast to com.android.server.am.ActivityRecord$Token
12-09 07:35:42.486 W/ActivityManager( 1592): 	at com.android.server.am.ActivityRecord.forTokenLocked(ActivityRecord.java:424)
12-09 07:35:42.486 W/ActivityManager( 1592): 	at com.android.server.am.ActivityRecord.isInStackLocked(ActivityRecord.java:1121)
12-09 07:35:42.486 W/ActivityManager( 1592): 	at com.android.server.am.ActivityRecord.getStackLocked(ActivityRecord.java:1126)
12-09 07:35:42.486 W/ActivityManager( 1592): 	at com.android.server.am.ActivityManagerService.getActivityDisplayId(ActivityManagerService.java:8889)
12-09 07:35:42.486 W/ActivityManager( 1592): 	at android.app.ActivityManagerNative.onTransact(ActivityManagerNative.java:2338)
12-09 07:35:42.486 W/ActivityManager( 1592): 	at com.android.server.am.ActivityManagerService.onTransact(ActivityManagerService.java:2443)
12-09 07:35:42.486 W/ActivityManager( 1592): 	at android.os.Binder.execTransact(Binder.java:453)
12-09 07:35:42.498 W/ActivityManager( 1592): Bad activity token: android.os.BinderProxy@2fd329b
12-09 07:35:42.498 W/ActivityManager( 1592): java.lang.ClassCastException: android.os.BinderProxy cannot be cast to com.android.server.am.ActivityRecord$Token
12-09 07:35:42.498 W/ActivityManager( 1592): 	at com.android.server.am.ActivityRecord.forTokenLocked(ActivityRecord.java:424)
12-09 07:35:42.498 W/ActivityManager( 1592): 	at com.android.server.am.ActivityRecord.isInStackLocked(ActivityRecord.java:1121)
12-09 07:35:42.498 W/ActivityManager( 1592): 	at com.android.server.am.ActivityManagerService.setTaskDescription(ActivityManagerService.java:8547)
12-09 07:35:42.498 W/ActivityManager( 1592): 	at android.app.ActivityManagerNative.onTransact(ActivityManagerNative.java:2410)
12-09 07:35:42.498 W/ActivityManager( 1592): 	at com.android.server.am.ActivityManagerService.onTransact(ActivityManagerService.java:2443)
12-09 07:35:42.498 W/ActivityManager( 1592): 	at android.os.Binder.execTransact(Binder.java:453)
12-09 07:35:42.622 W/ActivityManager( 1592): Bad activity token: android.os.BinderProxy@2fd329b
12-09 07:35:42.622 W/ActivityManager( 1592): java.lang.ClassCastException: android.os.BinderProxy cannot be cast to com.android.server.am.ActivityRecord$Token
12-09 07:35:42.622 W/ActivityManager( 1592): 	at com.android.server.am.ActivityRecord.forTokenLocked(ActivityRecord.java:424)
12-09 07:35:42.622 W/ActivityManager( 1592): 	at com.android.server.am.ActivityRecord.isInStackLocked(ActivityRecord.java:1121)
12-09 07:35:42.622 W/ActivityManager( 1592): 	at com.android.server.am.ActivityManagerService.getActivityOptions(ActivityManagerService.java:11038)
12-09 07:35:42.622 W/ActivityManager( 1592): 	at android.app.ActivityManagerNative.onTransact(ActivityManagerNative.java:1734)
12-09 07:35:42.622 W/ActivityManager( 1592): 	at com.android.server.am.ActivityManagerService.onTransact(ActivityManagerService.java:2443)
12-09 07:35:42.622 W/ActivityManager( 1592): 	at android.os.Binder.execTransact(Binder.java:453)
12-09 07:35:42.622 W/ActivityManager( 1592): Bad activity token: android.os.BinderProxy@2fd329b
12-09 07:35:42.622 W/ActivityManager( 1592): java.lang.ClassCastException: android.os.BinderProxy cannot be cast to com.android.server.am.ActivityRecord$Token
12-09 07:35:42.622 W/ActivityManager( 1592): 	at com.android.server.am.ActivityRecord.forTokenLocked(ActivityRecord.java:424)
12-09 07:35:42.622 W/ActivityManager( 1592): 	at com.android.server.am.ActivityRecord.isInStackLocked(ActivityRecord.java:1121)
12-09 07:35:42.622 W/ActivityManager( 1592): 	at com.android.server.am.ActivityManagerService.getActivityOptions(ActivityManagerService.java:11038)
12-09 07:35:42.622 W/ActivityManager( 1592): 	at android.app.ActivityManagerNative.onTransact(ActivityManagerNative.java:1734)
12-09 07:35:42.622 W/ActivityManager( 1592): 	at com.android.server.am.ActivityManagerService.onTransact(ActivityManagerService.java:2443)
12-09 07:35:42.622 W/ActivityManager( 1592): 	at android.os.Binder.execTransact(Binder.java:453)
12-09 07:35:42.902 I/art     ( 3548): Background partial concurrent mark sweep GC freed 32661(1810KB) AllocSpace objects, 3(60KB) LOS objects, 40% free, 1931KB/3MB, paused 1.447ms total 186.407ms
12-09 07:35:43.005 V/PhoneStatusBar( 1687): setLightsOn(true)
12-09 07:35:43.088 I/Choreographer( 1592): Skipped 41 frames!  The application may be doing too much work on its main thread.
12-09 07:35:43.115 D/gralloc_ranchu( 1226): gralloc_alloc: Creating ashmem region of size 3686400
12-09 07:35:43.133 V/PhoneStatusBar( 1687): setLightsOn(true)
12-09 07:35:43.261 D/EGL_emulation( 1943): eglMakeCurrent: 0x7f7a1dbb48c0: ver 2 0 (tinfo 0x7f7a1db82e80)
12-09 07:35:43.271 E/Surface ( 1943): getSlotFromBufferLocked: unknown buffer: 0x7f7a1dbb54a0
12-09 07:35:43.326 D/        ( 3548): HostConnection::get() New Host Connection established 0x7f7a1bb0c2c0, tid 3548
12-09 07:35:43.628 W/art     ( 1592): Long monitor contention event with owner method=void com.android.server.wm.WindowAnimator$1.doFrame(long) from WindowAnimator.java:121 waiters=0 for 365ms
12-09 07:35:43.661 W/art     ( 1592): Long monitor contention event with owner method=void com.android.server.wm.WindowAnimator$1.doFrame(long) from WindowAnimator.java:121 waiters=2 for 334ms
12-09 07:35:43.770 W/art     ( 1592): Long monitor contention event with owner method=void com.android.server.wm.WindowAnimator$1.doFrame(long) from WindowAnimator.java:121 waiters=3 for 376ms
12-09 07:35:43.770 W/art     ( 1592): Long monitor contention event with owner method=void com.android.server.wm.WindowManagerService$H.handleMessage(android.os.Message) from WindowManagerService.java:7820 waiters=3 for 142ms
12-09 07:35:43.811 I/Choreographer( 1687): Skipped 31 frames!  The application may be doing too much work on its main thread.
12-09 07:35:43.862 D/gralloc_ranchu( 1226): gralloc_alloc: Creating ashmem region of size 3686400
12-09 07:35:44.041 I/ActivityManager( 1592): Displayed com.evancharlton.mileage/.Mileage: +1s851ms
12-09 07:35:44.502 D/gralloc_ranchu( 1226): gralloc_alloc: Creating ashmem region of size 3686400
12-09 07:35:45.181 I/System.out( 3548): URI: //map
12-09 07:35:45.182 I/System.out( 3548): params: {json={"query":"android.widget.CheckBox index:0","operation":{"method_name":"query","arguments":[]}}
12-09 07:35:45.182 I/System.out( 3548): }
12-09 07:35:45.382 I/art     ( 3548): Background sticky concurrent mark sweep GC freed 32256(1501KB) AllocSpace objects, 1(20KB) LOS objects, 29% free, 2MB/3MB, paused 17.748ms total 64.305ms
12-09 07:35:45.394 I/System.out( 3548): URI: //gesture
12-09 07:35:45.394 I/System.out( 3548): params: {json={"query_timeout":5.0,"gestures":[{"query_string":"android.widget.CheckBox index:0","touches":[{"x":50,"y":50,"offset_x":0,"offset_y":0,"wait":0.0,"time":0.2,"release":true,"query_string":null}]}]}
12-09 07:35:45.394 I/System.out( 3548): }
12-09 07:35:45.942 I/art     ( 3548): Background sticky concurrent mark sweep GC freed 42035(1782KB) AllocSpace objects, 1(20KB) LOS objects, 16% free, 2MB/3MB, paused 1.273ms total 115.198ms
12-09 07:35:45.943 W/audio_hw_generic( 1309): Hardware backing HAL too slow, could only write 0 of 661 frames
12-09 07:35:45.958 W/audio_hw_generic( 1309): Hardware backing HAL too slow, could only write 0 of 661 frames
12-09 07:35:46.106 W/audio_hw_generic( 1309): Hardware backing HAL too slow, could only write 0 of 661 frames
12-09 07:35:46.117 W/audio_hw_generic( 1309): Hardware backing HAL too slow, could only write 0 of 661 frames
12-09 07:35:46.143 W/audio_hw_generic( 1309): Hardware backing HAL too slow, could only write 0 of 661 frames
12-09 07:35:46.198 W/audio_hw_generic( 1309): Not supplying enough data to HAL, expected position 140155 , only wrote 140132
12-09 07:35:46.198 W/audio_hw_generic( 1309): Not supplying enough data to HAL, expected position 140139 , only wrote 140132
12-09 07:35:46.212 W/audio_hw_generic( 1309): Hardware backing HAL too slow, could only write 0 of 661 frames
12-09 07:35:46.213 W/audio_hw_generic( 1309): Hardware backing HAL too slow, could only write 0 of 661 frames
12-09 07:35:46.228 W/audio_hw_generic( 1309): Hardware backing HAL too slow, could only write 0 of 661 frames
12-09 07:35:46.243 W/audio_hw_generic( 1309): Hardware backing HAL too slow, could only write 0 of 661 frames
12-09 07:35:46.265 W/audio_hw_generic( 1309): Hardware backing HAL too slow, could only write 0 of 661 frames
12-09 07:35:46.276 W/audio_hw_generic( 1309): Hardware backing HAL too slow, could only write 0 of 661 frames
12-09 07:35:46.288 W/audio_hw_generic( 1309): Hardware backing HAL too slow, could only write 0 of 661 frames
12-09 07:35:46.389 E/SurfaceFlinger( 1226): ro.sf.lcd_density must be defined as a build property
12-09 07:35:46.428 D/gralloc_ranchu( 1226): gralloc_alloc: Creating ashmem region of size 3686400
12-09 07:35:46.434 W/audio_hw_generic( 1309): Not supplying enough data to HAL, expected position 150542 , only wrote 150047
12-09 07:35:46.434 W/audio_hw_generic( 1309): Not supplying enough data to HAL, expected position 150054 , only wrote 150047
12-09 07:35:46.449 W/audio_hw_generic( 1309): Not supplying enough data to HAL, expected position 150710 , only wrote 150708
12-09 07:35:46.501 W/audio_hw_generic( 1309): Not supplying enough data to HAL, expected position 152998 , only wrote 152030
12-09 07:35:46.537 W/audio_hw_generic( 1309): Not supplying enough data to HAL, expected position 153635 , only wrote 153352
12-09 07:35:46.562 D/        ( 3575): HostConnection::get() New Host Connection established 0x7fd01d792480, tid 3575
12-09 07:35:46.615 E/EGL_emulation( 1226): tid 1226: eglCreateSyncKHR(1881): error 0x3004 (EGL_BAD_ATTRIBUTE)
12-09 07:35:46.809 W/audio_hw_generic( 1309): Hardware backing HAL too slow, could only write 0 of 661 frames
12-09 07:35:46.822 W/audio_hw_generic( 1309): Hardware backing HAL too slow, could only write 0 of 661 frames
12-09 07:35:46.838 W/audio_hw_generic( 1309): Hardware backing HAL too slow, could only write 0 of 661 frames
12-09 07:35:46.869 W/audio_hw_generic( 1309): Hardware backing HAL too slow, could only write 0 of 661 frames
12-09 07:35:47.262 I/System.out( 3548): URI: //map
12-09 07:35:47.263 I/System.out( 3548): params: {json={"query":"android.widget.CheckBox index:0","operation":{"method_name":"query","arguments":[]}}
12-09 07:35:47.263 I/System.out( 3548): }
12-09 07:35:47.454 I/System.out( 3548): URI: //gesture
12-09 07:35:47.454 I/System.out( 3548): params: {json={"query_timeout":5.0,"gestures":[{"query_string":"android.widget.CheckBox index:0","touches":[{"x":50,"y":50,"offset_x":0,"offset_y":0,"wait":0.0,"time":0.2,"release":true,"query_string":null}]}]}
12-09 07:35:47.454 I/System.out( 3548): }
12-09 07:35:47.750 W/audio_hw_generic( 1309): Not supplying enough data to HAL, expected position 206817 , only wrote 205571
12-09 07:35:47.750 W/audio_hw_generic( 1309): Not supplying enough data to HAL, expected position 205578 , only wrote 205571
12-09 07:35:47.770 W/audio_hw_generic( 1309): Not supplying enough data to HAL, expected position 206440 , only wrote 206232
12-09 07:35:47.830 W/audio_hw_generic( 1309): Not supplying enough data to HAL, expected position 208885 , only wrote 208876
12-09 07:35:47.845 W/audio_hw_generic( 1309): Not supplying enough data to HAL, expected position 209556 , only wrote 209537
12-09 07:35:47.895 D/AudioFlinger( 1309): mixer(0xf4380000) throttle end: throttle time(33)
12-09 07:35:48.237 E/SurfaceFlinger( 1226): ro.sf.lcd_density must be defined as a build property
12-09 07:35:48.263 D/gralloc_ranchu( 1226): gralloc_alloc: Creating ashmem region of size 3686400
12-09 07:35:48.266 W/audio_hw_generic( 1309): Not supplying enough data to HAL, expected position 228082 , only wrote 228045
12-09 07:35:48.267 W/audio_hw_generic( 1309): Not supplying enough data to HAL, expected position 228115 , only wrote 228045
12-09 07:35:48.289 W/audio_hw_generic( 1309): Not supplying enough data to HAL, expected position 228979 , only wrote 228706
12-09 07:35:48.372 D/        ( 3581): HostConnection::get() New Host Connection established 0x7f2bab5d2480, tid 3581
12-09 07:35:48.432 E/EGL_emulation( 1226): tid 1226: eglCreateSyncKHR(1881): error 0x3004 (EGL_BAD_ATTRIBUTE)
12-09 07:35:48.652 W/audio_hw_generic( 1309): Not supplying enough data to HAL, expected position 244713 , only wrote 244570
12-09 07:35:48.682 W/audio_hw_generic( 1309): Not supplying enough data to HAL, expected position 245908 , only wrote 245892
