--------- beginning of main
12-09 08:36:46.376 W/audio_hw_generic( 1304): Not supplying enough data to HAL, expected position 44425878 , only wrote 44425810
--------- beginning of system
12-09 08:36:46.440 W/ActivityManager( 1591): Finishing task with all activities already finished
12-09 08:36:46.441 W/ActivityManager( 1591): Duplicate finish request for ActivityRecord{9cf79c8 u0 com.evancharlton.mileage/.Mileage t493 f}
12-09 08:36:46.441 W/ActivityManager( 1591): Finishing task with all activities already finished
12-09 08:36:46.449 W/ActivityManager( 1591): Duplicate finish request for ActivityRecord{9cf79c8 u0 com.evancharlton.mileage/.Mileage t493 f}
12-09 08:36:46.515 W/art     ( 1591): Suspending all threads took: 14.517ms
12-09 08:36:46.582 I/art     ( 1591): Background partial concurrent mark sweep GC freed 7054(560KB) AllocSpace objects, 2(40KB) LOS objects, 29% free, 9MB/13MB, paused 15.861ms total 215.980ms
12-09 08:36:46.676 W/audio_hw_generic( 1304): Hardware backing HAL too slow, could only write 0 of 661 frames
12-09 08:36:46.768 W/audio_hw_generic( 1304): Not supplying enough data to HAL, expected position 44443073 , only wrote 44442335
12-09 08:36:46.768 W/audio_hw_generic( 1304): Not supplying enough data to HAL, expected position 44442341 , only wrote 44442335
12-09 08:36:46.768 W/audio_hw_generic( 1304): Hardware backing HAL too slow, could only write 0 of 661 frames
12-09 08:36:46.783 W/audio_hw_generic( 1304): Not supplying enough data to HAL, expected position 44443029 , only wrote 44442996
12-09 08:36:46.783 W/audio_hw_generic( 1304): Hardware backing HAL too slow, could only write 0 of 661 frames
12-09 08:36:46.784 W/audio_hw_generic( 1304): Hardware backing HAL too slow, could only write 0 of 661 frames
12-09 08:36:46.815 W/audio_hw_generic( 1304): Hardware backing HAL too slow, could only write 0 of 661 frames
12-09 08:36:46.831 W/audio_hw_generic( 1304): Hardware backing HAL too slow, could only write 0 of 661 frames
12-09 08:36:46.837 D/EGL_emulation( 1904): eglMakeCurrent: 0x7f38a1ba1820: ver 2 0 (tinfo 0x7f38a1b82700)
12-09 08:36:46.852 W/audio_hw_generic( 1304): Hardware backing HAL too slow, could only write 0 of 661 frames
12-09 08:36:47.003 W/audio_hw_generic( 1304): Not supplying enough data to HAL, expected position 44452686 , only wrote 44451589
12-09 08:36:47.083 W/audio_hw_generic( 1304): Not supplying enough data to HAL, expected position 44455127 , only wrote 44454894
12-09 08:36:47.084 W/audio_hw_generic( 1304): Not supplying enough data to HAL, expected position 44454900 , only wrote 44454894
12-09 08:36:47.103 W/audio_hw_generic( 1304): Not supplying enough data to HAL, expected position 44455771 , only wrote 44455555
12-09 08:36:47.243 W/audio_hw_generic( 1304): Not supplying enough data to HAL, expected position 44461726 , only wrote 44460843
12-09 08:36:47.244 W/audio_hw_generic( 1304): Not supplying enough data to HAL, expected position 44460850 , only wrote 44460843
12-09 08:36:47.260 W/audio_hw_generic( 1304): Not supplying enough data to HAL, expected position 44461549 , only wrote 44461504
12-09 08:36:47.260 W/audio_hw_generic( 1304): Hardware backing HAL too slow, could only write 0 of 661 frames
12-09 08:36:47.260 W/audio_hw_generic( 1304): Hardware backing HAL too slow, could only write 0 of 661 frames
12-09 08:36:47.291 W/audio_hw_generic( 1304): Hardware backing HAL too slow, could only write 0 of 661 frames
12-09 08:36:47.307 W/audio_hw_generic( 1304): Hardware backing HAL too slow, could only write 0 of 661 frames
12-09 08:36:47.320 W/audio_hw_generic( 1304): Hardware backing HAL too slow, could only write 0 of 661 frames
12-09 08:36:47.355 W/audio_hw_generic( 1304): Hardware backing HAL too slow, could only write 0 of 661 frames
12-09 08:36:47.523 W/audio_hw_generic( 1304): Not supplying enough data to HAL, expected position 44473136 , only wrote 44472741
12-09 08:36:47.523 W/audio_hw_generic( 1304): Not supplying enough data to HAL, expected position 44472747 , only wrote 44472741
12-09 08:36:47.549 W/art     ( 1591): Long monitor contention event with owner method=void com.android.server.wm.WindowAnimator$1.doFrame(long) from WindowAnimator.java:121 waiters=1 for 164ms
12-09 08:36:47.553 W/audio_hw_generic( 1304): Hardware backing HAL too slow, could only write 0 of 661 frames
12-09 08:36:47.560 D/AndroidRuntime(20205): >>>>>> START com.android.internal.os.RuntimeInit uid 0 <<<<<<
12-09 08:36:47.562 D/AndroidRuntime(20205): CheckJNI is ON
12-09 08:36:47.568 W/audio_hw_generic( 1304): Hardware backing HAL too slow, could only write 0 of 661 frames
12-09 08:36:47.591 W/audio_hw_generic( 1304): Hardware backing HAL too slow, could only write 0 of 661 frames
12-09 08:36:47.631 D/ICU     (20205): No timezone override file found: /data/misc/zoneinfo/current/icu/icu_tzdata.dat
12-09 08:36:47.753 W/audio_hw_generic( 1304): Not supplying enough data to HAL, expected position 44482856 , only wrote 44479351
12-09 08:36:47.753 W/audio_hw_generic( 1304): Not supplying enough data to HAL, expected position 44479357 , only wrote 44479351
12-09 08:36:47.864 W/art     ( 1591): Long monitor contention event with owner method=void com.android.server.wm.WindowAnimator$1.doFrame(long) from WindowAnimator.java:121 waiters=1 for 223ms
12-09 08:36:47.883 E/memtrack(20205): Couldn't load memtrack module (No such file or directory)
12-09 08:36:47.887 E/android.os.Debug(20205): failed to load memtrack module: -2
12-09 08:36:47.888 I/Radio-JNI(20205): register_android_hardware_Radio DONE
12-09 08:36:47.958 W/art     ( 1591): Long monitor contention event with owner method=void com.android.server.wm.WindowAnimator$1.doFrame(long) from WindowAnimator.java:121 waiters=1 for 201ms
12-09 08:36:47.959 D/AndroidRuntime(20205): Calling main entry com.android.commands.am.Am
12-09 08:36:48.209 W/art     ( 1591): Long monitor contention event with owner method=void com.android.server.wm.WindowAnimator$1.doFrame(long) from WindowAnimator.java:121 waiters=1 for 251ms
12-09 08:36:48.388 W/art     ( 1591): Long monitor contention event with owner method=void com.android.server.wm.WindowAnimator$1.doFrame(long) from WindowAnimator.java:121 waiters=1 for 276ms
12-09 08:36:48.441 W/art     ( 1591): Long monitor contention event with owner method=void com.android.server.wm.WindowAnimator$1.doFrame(long) from WindowAnimator.java:121 waiters=1 for 232ms
12-09 08:36:48.989 I/Choreographer( 1904): Skipped 117 frames!  The application may be doing too much work on its main thread.
12-09 08:36:48.992 W/art     ( 1591): Long monitor contention event with owner method=java.util.List com.android.server.am.ActivityManagerService.getAllStackInfos() from ActivityManagerService.java:8937 waiters=0 for 1.110s
12-09 08:36:48.992 W/art     ( 1591): Long monitor contention event with owner method=java.util.List com.android.server.am.ActivityManagerService.getAllStackInfos() from ActivityManagerService.java:8937 waiters=1 for 995ms
12-09 08:36:48.993 I/ActivityManager( 1591): Force stopping com.evancharlton.mileage appid=10143 user=0: start instr
12-09 08:36:48.993 I/ActivityManager( 1591): Killing 20161:com.evancharlton.mileage/u0a143 (adj 0): stop com.evancharlton.mileage
12-09 08:36:49.032 W/OpenGLRenderer( 1904): Incorrectly called buildLayer on View: ShortcutAndWidgetContainer, destroying layer...
12-09 08:36:49.087 W/ActivityManager( 1591): Crash of app com.evancharlton.mileage running instrumentation ComponentInfo{com.evancharlton.mileage.test/sh.calaba.instrumentationbackend.CalabashInstrumentationTestRunner}
12-09 08:36:49.087 I/ActivityManager( 1591): Force stopping com.evancharlton.mileage appid=10143 user=0: finished inst
12-09 08:36:49.108 I/WindowState( 1591): WIN DEATH: Window{f50076a u0 com.evancharlton.mileage/com.evancharlton.mileage.Mileage EXITING}
12-09 08:36:49.141 I/ActivityManager( 1591): Start proc 20214:com.evancharlton.mileage/u0a143 for added application com.evancharlton.mileage
12-09 08:36:49.141 D/AndroidRuntime(20205): Shutting down VM
12-09 08:36:49.250 W/System  (20214): ClassLoader referenced unknown path: /data/app/com.evancharlton.mileage.test-1/lib/x86_64
12-09 08:36:49.250 W/System  (20214): ClassLoader referenced unknown path: /data/app/com.evancharlton.mileage-1/lib/x86_64
12-09 08:36:49.288 I/System.out(20214): Main activity name automatically set to: com.evancharlton.mileage.Mileage
12-09 08:36:49.289 I/System.out(20214): Calabash did not load Mono. This is only a problem if you are trying to test a Mono application
12-09 08:36:49.289 I/calabash(20214): Test server port: 7102
12-09 08:36:49.290 I/InstrumentationBackend(20214): Added:'GetPreferences', with key:'get_preferences'
12-09 08:36:49.472 I/InstrumentationBackend(20214): Added:'SetPreferences', with key:'set_preferences'
12-09 08:36:49.472 I/InstrumentationBackend(20214): Added:'ClearPreferences', with key:'clear_preferences'
12-09 08:36:49.472 I/InstrumentationBackend(20214): Added:'PressElement', with key:'press_l10n_element'
12-09 08:36:49.473 I/InstrumentationBackend(20214): Added:'WaitForElement', with key:'wait_for_l10n_element'
12-09 08:36:49.473 I/InstrumentationBackend(20214): Added:'NullAction', with key:'nullAction'
12-09 08:36:49.473 I/InstrumentationBackend(20214): Added:'PressKey', with key:'press_key'
12-09 08:36:49.473 I/InstrumentationBackend(20214): Added:'SetActivityOrientation', with key:'set_activity_orientation'
12-09 08:36:49.473 I/InstrumentationBackend(20214): Added:'GetActivityOrientation', with key:'get_activity_orientation'
12-09 08:36:49.474 I/InstrumentationBackend(20214): Added:'FakeGPSLocation', with key:'set_gps_coordinates'
12-09 08:36:49.474 I/InstrumentationBackend(20214): Added:'SetPropertyByCssSelector', with key:'set_property_by_css_selector'
12-09 08:36:49.474 I/InstrumentationBackend(20214): Added:'GetUrl', with key:'get_url'
12-09 08:36:49.508 I/InstrumentationBackend(20214): Added:'ScrollTo', with key:'scroll_to'
12-09 08:36:49.508 I/InstrumentationBackend(20214): Added:'GetLoadProgress', with key:'get_load_progress'
12-09 08:36:49.512 I/InstrumentationBackend(20214): Added:'DumpHtml', with key:'dump_html'
12-09 08:36:49.512 I/InstrumentationBackend(20214): Added:'DumpBodyHtml', with key:'dump_body_html'
12-09 08:36:49.512 I/InstrumentationBackend(20214): Added:'EnterTextByCssSelector', with key:'enter_text_by_selector'
12-09 08:36:49.541 I/InstrumentationBackend(20214): Added:'AndroidSDKVersion', with key:'android_sdk_version'
12-09 08:36:49.542 I/InstrumentationBackend(20214): Added:'Version', with key:'version'
12-09 08:36:49.542 I/InstrumentationBackend(20214): Added:'Drag', with key:'drag'
12-09 08:36:49.542 I/InstrumentationBackend(20214): Added:'TouchCoordinates', with key:'touch_coordinate'
12-09 08:36:49.542 I/InstrumentationBackend(20214): Added:'LongPressCoordinate', with key:'long_press_coordinate'
12-09 08:36:49.542 I/InstrumentationBackend(20214): Added:'DragCoordinates', with key:'drag_coordinates'
12-09 08:36:49.542 I/InstrumentationBackend(20214): Added:'ResumeApplication', with key:'resume_application'
12-09 08:36:49.542 I/InstrumentationBackend(20214): Added:'Swipe', with key:'swipe'
12-09 08:36:49.543 I/InstrumentationBackend(20214): Added:'DoubleTapCoordinate', with key:'double_tap_coordinate'
12-09 08:36:49.543 I/InstrumentationBackend(20214): Added:'ClickOnScreen', with key:'click_on_screen'
12-09 08:36:49.543 I/art     (20214): Background partial concurrent mark sweep GC freed 3527(317KB) AllocSpace objects, 0(0B) LOS objects, 49% free, 1026KB/2MB, paused 3.594ms total 160.060ms
12-09 08:36:49.552 I/InstrumentationBackend(20214): Added:'GetActivityName', with key:'get_activity_name'
12-09 08:36:49.552 I/InstrumentationBackend(20214): Added:'ScrollToView', with key:'scroll_to_view'
12-09 08:36:49.552 I/InstrumentationBackend(20214): Added:'ViewConfiguration', with key:'view_configuration'
12-09 08:36:49.552 I/InstrumentationBackend(20214): Added:'IsCurrentActivityFocused', with key:'is_current_activity_focused'
12-09 08:36:49.553 I/InstrumentationBackend(20214): Added:'SendTcp', with key:'send_tcp'
12-09 08:36:49.553 I/InstrumentationBackend(20214): Added:'DpToDevicePixel', with key:'dp_to_device_pixel'
12-09 08:36:49.553 I/InstrumentationBackend(20214): Added:'KeyboardEnterText', with key:'keyboard_enter_text'
12-09 08:36:49.553 I/InstrumentationBackend(20214): Added:'DeleteSurroundingText', with key:'delete_surrounding_text'
12-09 08:36:49.553 I/InstrumentationBackend(20214): Added:'SetComposingRegion', with key:'set_composing_region'
12-09 08:36:49.554 I/InstrumentationBackend(20214): Added:'SetSelection', with key:'set_selection'
12-09 08:36:49.554 I/InstrumentationBackend(20214): Added:'KeyboardKeyEvent', with key:'keyboard_key_event'
12-09 08:36:49.554 I/InstrumentationBackend(20214): Added:'PressUserActionButton', with key:'press_user_action_button'
12-09 08:36:49.554 I/InstrumentationBackend(20214): Added:'HideSoftKeyboard', with key:'hide_soft_keyboard'
12-09 08:36:49.555 I/InstrumentationBackend(20214): Added:'ListActions', with key:'list_actions'
12-09 08:36:49.555 I/calabash(20214): Instantiating http server at 7102
12-09 08:36:49.562 I/System.out(20214): HTTP Daemon listening on: 7102
12-09 08:36:49.634 W/WindowAnimator( 1591): Failed to dispatch window animation state change.
12-09 08:36:49.634 W/WindowAnimator( 1591): android.os.DeadObjectException
12-09 08:36:49.634 W/WindowAnimator( 1591): 	at android.os.BinderProxy.transactNative(Native Method)
12-09 08:36:49.634 W/WindowAnimator( 1591): 	at android.os.BinderProxy.transact(Binder.java:503)
12-09 08:36:49.634 W/WindowAnimator( 1591): 	at android.view.IWindow$Stub$Proxy.onAnimationStopped(IWindow.java:534)
12-09 08:36:49.634 W/WindowAnimator( 1591): 	at com.android.server.wm.WindowAnimator.updateWindowsLocked(WindowAnimator.java:286)
12-09 08:36:49.634 W/WindowAnimator( 1591): 	at com.android.server.wm.WindowAnimator.animateLocked(WindowAnimator.java:678)
12-09 08:36:49.634 W/WindowAnimator( 1591): 	at com.android.server.wm.WindowAnimator.-wrap0(WindowAnimator.java)
12-09 08:36:49.634 W/WindowAnimator( 1591): 	at com.android.server.wm.WindowAnimator$1.doFrame(WindowAnimator.java:123)
12-09 08:36:49.634 W/WindowAnimator( 1591): 	at android.view.Choreographer$CallbackRecord.run(Choreographer.java:856)
12-09 08:36:49.634 W/WindowAnimator( 1591): 	at android.view.Choreographer.doCallbacks(Choreographer.java:670)
12-09 08:36:49.634 W/WindowAnimator( 1591): 	at android.view.Choreographer.doFrame(Choreographer.java:603)
12-09 08:36:49.634 W/WindowAnimator( 1591): 	at android.view.Choreographer$FrameDisplayEventReceiver.run(Choreographer.java:844)
12-09 08:36:49.634 W/WindowAnimator( 1591): 	at android.os.Handler.handleCallback(Handler.java:739)
12-09 08:36:49.634 W/WindowAnimator( 1591): 	at android.os.Handler.dispatchMessage(Handler.java:95)
12-09 08:36:49.634 W/WindowAnimator( 1591): 	at android.os.Looper.loop(Looper.java:148)
12-09 08:36:49.634 W/WindowAnimator( 1591): 	at android.os.HandlerThread.run(HandlerThread.java:61)
12-09 08:36:49.634 W/WindowAnimator( 1591): 	at com.android.server.ServiceThread.run(ServiceThread.java:46)
12-09 08:36:49.701 I/System.out(20214): URI: //ping
12-09 08:36:49.701 I/System.out(20214): params: {json={}
12-09 08:36:49.701 I/System.out(20214): }
12-09 08:36:49.753 I/System.out(20214): URI: //ping
12-09 08:36:49.753 I/System.out(20214): params: {json={}
12-09 08:36:49.753 I/System.out(20214): }
12-09 08:36:49.783 I/System.out(20214): URI: //ready
12-09 08:36:49.783 I/System.out(20214): params: {json={}
12-09 08:36:49.783 I/System.out(20214): }
12-09 08:36:49.844 I/System.out(20214): URI: //
12-09 08:36:49.845 I/System.out(20214): params: {json={"command":"version","arguments":[]}
12-09 08:36:49.845 I/System.out(20214): }
12-09 08:36:49.845 I/System.out(20214): header: {date=Sun, 09 Dec 2018 08:36:49 GMT, accept=*/*, content-length=36, host=127.0.0.1:34777, user-agent=HTTPClient/1.0 (2.8.3, ruby 2.3.1 (2016-04-26)), content-type=application/json;charset=utf-8}
12-09 08:36:49.845 I/System.out(20214): params: {json={"command":"version","arguments":[]}
12-09 08:36:49.845 I/System.out(20214): }
12-09 08:36:49.845 I/System.out(20214): ProP json = {"command":"version","arguments":[]}
12-09 08:36:49.845 I/System.out(20214): files: {}
12-09 08:36:49.845 I/System.out(20214): command: {"command":"version","arguments":[]}
12-09 08:36:49.894 I/InstrumentationBackend(20214): Got command:'Command:'Line:null,version', arguments:'[]'
12-09 08:36:49.962 I/System.out(20214): result:{"bonusInformation":[],"message":"0.9.8","success":true}
12-09 08:36:49.971 I/art     (20214): Background sticky concurrent mark sweep GC freed 13088(816KB) AllocSpace objects, 11(220KB) LOS objects, 31% free, 1395KB/2MB, paused 5.409ms total 76.234ms
12-09 08:36:50.042 I/System.out(20214): URI: //start-application
12-09 08:36:50.042 I/System.out(20214): params: {json={"intent":null}
12-09 08:36:50.042 I/System.out(20214): }
12-09 08:36:50.111 I/ActivityManager( 1591): START u0 {act=android.intent.action.MAIN cat=[android.intent.category.LAUNCHER] flg=0x10200000 cmp=com.evancharlton.mileage/.Mileage} from uid 10143 on display 0
12-09 08:36:50.216 I/calabash(20214): newActivity1
12-09 08:36:50.236 I/calabash(20214): newActivity1
12-09 08:36:50.238 W/ActivityManager( 1591): Bad activity token: android.os.BinderProxy@a805a4b
12-09 08:36:50.238 W/ActivityManager( 1591): java.lang.ClassCastException: android.os.BinderProxy cannot be cast to com.android.server.am.ActivityRecord$Token
12-09 08:36:50.238 W/ActivityManager( 1591): 	at com.android.server.am.ActivityRecord.forTokenLocked(ActivityRecord.java:424)
12-09 08:36:50.238 W/ActivityManager( 1591): 	at com.android.server.am.ActivityRecord.isInStackLocked(ActivityRecord.java:1121)
12-09 08:36:50.238 W/ActivityManager( 1591): 	at com.android.server.am.ActivityRecord.getStackLocked(ActivityRecord.java:1126)
12-09 08:36:50.238 W/ActivityManager( 1591): 	at com.android.server.am.ActivityManagerService.getActivityDisplayId(ActivityManagerService.java:8889)
12-09 08:36:50.238 W/ActivityManager( 1591): 	at android.app.ActivityManagerNative.onTransact(ActivityManagerNative.java:2338)
12-09 08:36:50.238 W/ActivityManager( 1591): 	at com.android.server.am.ActivityManagerService.onTransact(ActivityManagerService.java:2443)
12-09 08:36:50.238 W/ActivityManager( 1591): 	at android.os.Binder.execTransact(Binder.java:453)
12-09 08:36:50.238 W/ActivityManager( 1591): Bad activity token: android.os.BinderProxy@a805a4b
12-09 08:36:50.238 W/ActivityManager( 1591): java.lang.ClassCastException: android.os.BinderProxy cannot be cast to com.android.server.am.ActivityRecord$Token
12-09 08:36:50.238 W/ActivityManager( 1591): 	at com.android.server.am.ActivityRecord.forTokenLocked(ActivityRecord.java:424)
12-09 08:36:50.238 W/ActivityManager( 1591): 	at com.android.server.am.ActivityRecord.isInStackLocked(ActivityRecord.java:1121)
12-09 08:36:50.238 W/ActivityManager( 1591): 	at com.android.server.am.ActivityManagerService.setTaskDescription(ActivityManagerService.java:8547)
12-09 08:36:50.238 W/ActivityManager( 1591): 	at android.app.ActivityManagerNative.onTransact(ActivityManagerNative.java:2410)
12-09 08:36:50.238 W/ActivityManager( 1591): 	at com.android.server.am.ActivityManagerService.onTransact(ActivityManagerService.java:2443)
12-09 08:36:50.238 W/ActivityManager( 1591): 	at android.os.Binder.execTransact(Binder.java:453)
12-09 08:36:50.379 D/gralloc_ranchu( 1218): gralloc_alloc: Creating ashmem region of size 3686400
12-09 08:36:50.409 W/ActivityManager( 1591): Bad activity token: android.os.BinderProxy@a805a4b
12-09 08:36:50.409 W/ActivityManager( 1591): java.lang.ClassCastException: android.os.BinderProxy cannot be cast to com.android.server.am.ActivityRecord$Token
12-09 08:36:50.409 W/ActivityManager( 1591): 	at com.android.server.am.ActivityRecord.forTokenLocked(ActivityRecord.java:424)
12-09 08:36:50.409 W/ActivityManager( 1591): 	at com.android.server.am.ActivityRecord.isInStackLocked(ActivityRecord.java:1121)
12-09 08:36:50.409 W/ActivityManager( 1591): 	at com.android.server.am.ActivityManagerService.getActivityOptions(ActivityManagerService.java:11038)
12-09 08:36:50.409 W/ActivityManager( 1591): 	at android.app.ActivityManagerNative.onTransact(ActivityManagerNative.java:1734)
12-09 08:36:50.409 W/ActivityManager( 1591): 	at com.android.server.am.ActivityManagerService.onTransact(ActivityManagerService.java:2443)
12-09 08:36:50.409 W/ActivityManager( 1591): 	at android.os.Binder.execTransact(Binder.java:453)
12-09 08:36:50.411 W/ActivityManager( 1591): Bad activity token: android.os.BinderProxy@a805a4b
12-09 08:36:50.411 W/ActivityManager( 1591): java.lang.ClassCastException: android.os.BinderProxy cannot be cast to com.android.server.am.ActivityRecord$Token
12-09 08:36:50.411 W/ActivityManager( 1591): 	at com.android.server.am.ActivityRecord.forTokenLocked(ActivityRecord.java:424)
12-09 08:36:50.411 W/ActivityManager( 1591): 	at com.android.server.am.ActivityRecord.isInStackLocked(ActivityRecord.java:1121)
12-09 08:36:50.411 W/ActivityManager( 1591): 	at com.android.server.am.ActivityManagerService.getActivityOptions(ActivityManagerService.java:11038)
12-09 08:36:50.411 W/ActivityManager( 1591): 	at android.app.ActivityManagerNative.onTransact(ActivityManagerNative.java:1734)
12-09 08:36:50.411 W/ActivityManager( 1591): 	at com.android.server.am.ActivityManagerService.onTransact(ActivityManagerService.java:2443)
12-09 08:36:50.411 W/ActivityManager( 1591): 	at android.os.Binder.execTransact(Binder.java:453)
12-09 08:36:50.455 I/art     (20214): Background sticky concurrent mark sweep GC freed 1721(279KB) AllocSpace objects, 0(0B) LOS objects, 0% free, 2MB/2MB, paused 5.697ms total 77.748ms
12-09 08:36:50.707 V/PhoneStatusBar( 3067): setLightsOn(true)
12-09 08:36:50.853 W/art     ( 1591): Long monitor contention event with owner method=int com.android.server.wm.WindowManagerService.relayoutWindow(com.android.server.wm.Session, android.view.IWindow, int, android.view.WindowManager$LayoutParams, int, int, int, int, android.graphics.Rect, android.graphics.Rect, android.graphics.Rect, android.graphics.Rect, android.graphics.Rect, android.graphics.Rect, android.content.res.Configuration, android.view.Surface) from WindowManagerService.java:3103 waiters=1 for 125ms
12-09 08:36:50.885 D/gralloc_ranchu( 1218): gralloc_alloc: Creating ashmem region of size 3686400
12-09 08:36:50.906 D/        (20214): HostConnection::get() New Host Connection established 0x7f389e1dd400, tid 20214
12-09 08:36:50.934 V/PhoneStatusBar( 3067): setLightsOn(true)
12-09 08:36:51.024 D/EGL_emulation( 1904): eglMakeCurrent: 0x7f38a1ba1820: ver 2 0 (tinfo 0x7f38a1b82700)
12-09 08:36:51.031 E/Surface ( 1904): getSlotFromBufferLocked: unknown buffer: 0x7f389e065ea0
12-09 08:36:51.239 W/art     ( 1591): Long monitor contention event with owner method=void com.android.server.wm.WindowAnimator$1.doFrame(long) from WindowAnimator.java:121 waiters=1 for 207ms
12-09 08:36:51.519 W/art     ( 1591): Long monitor contention event with owner method=void com.android.server.wm.WindowAnimator$1.doFrame(long) from WindowAnimator.java:121 waiters=1 for 280ms
12-09 08:36:51.857 W/art     ( 1591): Long monitor contention event with owner method=void com.android.server.wm.WindowAnimator$1.doFrame(long) from WindowAnimator.java:121 waiters=2 for 337ms
12-09 08:36:51.978 W/art     ( 1591): Long monitor contention event with owner method=java.util.List com.android.server.am.ActivityManagerService.getAllStackInfos() from ActivityManagerService.java:8937 waiters=0 for 550ms
12-09 08:36:51.978 I/Choreographer( 3067): Skipped 43 frames!  The application may be doing too much work on its main thread.
12-09 08:36:51.994 I/ActivityManager( 1591): Displayed com.evancharlton.mileage/.Mileage: +1s782ms
12-09 08:36:52.405 D/gralloc_ranchu( 1218): gralloc_alloc: Creating ashmem region of size 3686400
12-09 08:36:52.643 D/gralloc_ranchu( 1218): gralloc_alloc: Creating ashmem region of size 3686400
12-09 08:36:54.176 I/System.out(20214): URI: //map
12-09 08:36:54.176 I/System.out(20214): params: {json={"query":"android.widget.EditText id:'price'","operation":{"method_name":"query","arguments":[]}}
12-09 08:36:54.176 I/System.out(20214): }
12-09 08:36:54.231 W/art     (20214): Suspending all threads took: 19.136ms
12-09 08:36:54.284 I/art     (20214): Background sticky concurrent mark sweep GC freed 25519(1164KB) AllocSpace objects, 2(40KB) LOS objects, 30% free, 2MB/2MB, paused 20.328ms total 97.239ms
12-09 08:36:54.383 W/ResourceType(20214): No package identifier when getting name for resource number 0x00000001
12-09 08:36:54.564 I/System.out(20214): URI: //gesture
12-09 08:36:54.564 I/System.out(20214): params: {json={"query_timeout":5.0,"gestures":[{"query_string":"android.widget.EditText id:'price'","touches":[{"x":50,"y":50,"offset_x":0,"offset_y":0,"wait":0.0,"time":0.2,"release":true,"query_string":null}]}]}
12-09 08:36:54.564 I/System.out(20214): }
12-09 08:36:54.567 I/art     (20214): Background sticky concurrent mark sweep GC freed 32689(1524KB) AllocSpace objects, 0(0B) LOS objects, 9% free, 2MB/2MB, paused 974us total 147.142ms
12-09 08:36:54.581 W/ResourceType(20214): No package identifier when getting name for resource number 0x00000001
12-09 08:36:55.680 W/SurfaceFlinger( 1218): Timed out waiting for hw vsync; faking it
12-09 08:36:56.675 W/art     (20214): Suspending all threads took: 10.925ms
12-09 08:36:56.778 I/art     (20214): Background sticky concurrent mark sweep GC freed 29229(1442KB) AllocSpace objects, 0(0B) LOS objects, 17% free, 2MB/2MB, paused 27.589ms total 150.256ms
12-09 08:36:56.835 D/gralloc_ranchu( 1218): gralloc_alloc: Creating ashmem region of size 12288
12-09 08:36:57.354 I/System.out(20214): URI: //
12-09 08:36:57.354 I/System.out(20214): params: {json={"command":"set_selection","arguments":[-1,-1]}
12-09 08:36:57.354 I/System.out(20214): }
12-09 08:36:57.354 I/System.out(20214): header: {date=Sun, 09 Dec 2018 08:36:57 GMT, accept=*/*, content-length=47, host=127.0.0.1:34777, user-agent=HTTPClient/1.0 (2.8.3, ruby 2.3.1 (2016-04-26)), content-type=application/json;charset=utf-8}
12-09 08:36:57.354 I/System.out(20214): params: {json={"command":"set_selection","arguments":[-1,-1]}
12-09 08:36:57.354 I/System.out(20214): }
12-09 08:36:57.354 I/System.out(20214): ProP json = {"command":"set_selection","arguments":[-1,-1]}
12-09 08:36:57.354 I/System.out(20214): files: {}
12-09 08:36:57.354 I/System.out(20214): command: {"command":"set_selection","arguments":[-1,-1]}
12-09 08:36:57.355 I/InstrumentationBackend(20214): Got command:'Command:'Line:null,set_selection', arguments:'[-1, -1]'
12-09 08:36:57.505 D/gralloc_ranchu( 1218): gralloc_alloc: Creating ashmem region of size 32768
12-09 08:36:57.606 D/gralloc_ranchu( 1218): gralloc_alloc: Creating ashmem region of size 32768
12-09 08:36:57.724 I/System.out(20214): result:{"bonusInformation":[],"message":"","success":true}
12-09 08:36:57.730 I/art     (20214): Background sticky concurrent mark sweep GC freed 10375(425KB) AllocSpace objects, 2(40KB) LOS objects, 7% free, 2MB/2MB, paused 21.385ms total 118.296ms
12-09 08:36:57.928 D/gralloc_ranchu( 1218): gralloc_alloc: Creating ashmem region of size 32768
12-09 08:36:59.914 D/hwcomposer( 1218): hw_composer sent 532 syncs in 60s
12-09 08:37:00.426 W/art     (20214): Suspending all threads took: 9.827ms
12-09 08:37:00.473 I/art     (20214): Background sticky concurrent mark sweep GC freed 933(129KB) AllocSpace objects, 4(80KB) LOS objects, 10% free, 2MB/2MB, paused 11.027ms total 75.589ms
12-09 08:37:03.365 E/SurfaceFlinger( 1218): ro.sf.lcd_density must be defined as a build property
12-09 08:37:03.417 D/gralloc_ranchu( 1218): gralloc_alloc: Creating ashmem region of size 3686400
12-09 08:37:03.485 D/        (20268): HostConnection::get() New Host Connection established 0x7f15ac6d2480, tid 20268
12-09 08:37:03.556 E/EGL_emulation( 1218): tid 1218: eglCreateSyncKHR(1881): error 0x3004 (EGL_BAD_ATTRIBUTE)
