--------- beginning of main
12-09 07:40:34.059 W/audio_hw_generic( 1307): Hardware backing HAL too slow, could only write 0 of 661 frames
12-09 07:40:34.089 W/audio_hw_generic( 1307): Hardware backing HAL too slow, could only write 0 of 661 frames
12-09 07:40:34.098 D/        ( 1593): HostConnection::get() New Host Connection established 0x7fb391afa0c0, tid 1925
12-09 07:40:34.116 E/EGL_emulation( 1218): tid 1218: eglCreateSyncKHR(1881): error 0x3004 (EGL_BAD_ATTRIBUTE)
12-09 07:40:34.225 W/audio_hw_generic( 1307): Not supplying enough data to HAL, expected position 3960175 , only wrote 3959390
--------- beginning of system
12-09 07:40:34.397 W/ActivityManager( 1593): Finishing task with all activities already finished
12-09 07:40:34.397 W/ActivityManager( 1593): Duplicate finish request for ActivityRecord{f8ba61a u0 com.evancharlton.mileage/.Mileage t336 f}
12-09 07:40:34.397 W/ActivityManager( 1593): Finishing task with all activities already finished
12-09 07:40:34.397 W/ActivityManager( 1593): Duplicate finish request for ActivityRecord{f8ba61a u0 com.evancharlton.mileage/.Mileage t336 f}
12-09 07:40:34.397 W/ActivityManager( 1593): Finishing task with all activities already finished
12-09 07:40:34.397 W/ActivityManager( 1593): Duplicate finish request for ActivityRecord{f8ba61a u0 com.evancharlton.mileage/.Mileage t336 f}
12-09 07:40:34.404 I/art     ( 1593): Background partial concurrent mark sweep GC freed 6515(526KB) AllocSpace objects, 4(80KB) LOS objects, 30% free, 9MB/13MB, paused 8.261ms total 265.899ms
12-09 07:40:34.426 W/audio_hw_generic( 1307): Hardware backing HAL too slow, could only write 0 of 661 frames
12-09 07:40:34.573 D/EGL_emulation( 1912): eglMakeCurrent: 0x7fb3a13365a0: ver 2 0 (tinfo 0x7fb3a1302720)
12-09 07:40:34.730 W/art     ( 1593): Long monitor contention event with owner method=void com.android.server.wm.WindowAnimator$1.doFrame(long) from WindowAnimator.java:121 waiters=1 for 136ms
12-09 07:40:34.917 W/art     ( 1593): Long monitor contention event with owner method=void com.android.server.wm.WindowAnimator$1.doFrame(long) from WindowAnimator.java:121 waiters=1 for 187ms
12-09 07:40:35.003 D/AndroidRuntime( 4753): >>>>>> START com.android.internal.os.RuntimeInit uid 0 <<<<<<
12-09 07:40:35.014 D/AndroidRuntime( 4753): CheckJNI is ON
12-09 07:40:35.070 W/audio_hw_generic( 1307): Not supplying enough data to HAL, expected position 4033375 , only wrote 3996406
12-09 07:40:35.074 D/ICU     ( 4753): No timezone override file found: /data/misc/zoneinfo/current/icu/icu_tzdata.dat
12-09 07:40:35.119 W/art     ( 1593): Long monitor contention event with owner method=void com.android.server.wm.WindowAnimator$1.doFrame(long) from WindowAnimator.java:121 waiters=1 for 202ms
12-09 07:40:35.219 W/art     ( 1593): Long monitor contention event with owner method=void com.android.server.wm.WindowAnimator$1.doFrame(long) from WindowAnimator.java:121 waiters=1 for 185ms
12-09 07:40:35.232 E/memtrack( 4753): Couldn't load memtrack module (No such file or directory)
12-09 07:40:35.232 E/android.os.Debug( 4753): failed to load memtrack module: -2
12-09 07:40:35.235 I/Choreographer( 4712): Skipped 48 frames!  The application may be doing too much work on its main thread.
12-09 07:40:35.243 I/Choreographer( 1912): Skipped 40 frames!  The application may be doing too much work on its main thread.
12-09 07:40:35.246 I/Radio-JNI( 4753): register_android_hardware_Radio DONE
12-09 07:40:35.292 D/AndroidRuntime( 4753): Calling main entry com.android.commands.am.Am
12-09 07:40:35.293 I/ActivityManager( 1593): Force stopping com.evancharlton.mileage appid=10117 user=0: start instr
12-09 07:40:35.294 I/ActivityManager( 1593): Killing 4712:com.evancharlton.mileage/u0a117 (adj 0): stop com.evancharlton.mileage
12-09 07:40:35.394 W/ActivityManager( 1593): Crash of app com.evancharlton.mileage running instrumentation ComponentInfo{com.evancharlton.mileage.test/sh.calaba.instrumentationbackend.CalabashInstrumentationTestRunner}
12-09 07:40:35.394 I/ActivityManager( 1593): Force stopping com.evancharlton.mileage appid=10117 user=0: finished inst
12-09 07:40:35.531 W/art     ( 1593): Long monitor contention event with owner method=void com.android.server.wm.WindowAnimator$1.doFrame(long) from WindowAnimator.java:121 waiters=1 for 136ms
12-09 07:40:35.639 W/art     ( 1593): Long monitor contention event with owner method=void com.android.server.wm.WindowAnimator$1.doFrame(long) from WindowAnimator.java:121 waiters=2 for 244ms
12-09 07:40:35.755 W/art     ( 1593): Long monitor contention event with owner method=void com.android.server.wm.WindowAnimator$1.doFrame(long) from WindowAnimator.java:121 waiters=4 for 345ms
12-09 07:40:35.809 W/art     ( 1593): Long monitor contention event with owner method=void com.android.server.wm.WindowAnimator$1.doFrame(long) from WindowAnimator.java:121 waiters=4 for 359ms
12-09 07:40:35.902 W/art     ( 1593): Long monitor contention event with owner method=void com.android.server.wm.WindowAnimator$1.doFrame(long) from WindowAnimator.java:121 waiters=4 for 371ms
12-09 07:40:35.958 W/art     ( 1593): Long monitor contention event with owner method=void com.android.server.wm.WindowAnimator$1.doFrame(long) from WindowAnimator.java:121 waiters=4 for 319ms
12-09 07:40:35.958 I/WindowState( 1593): WIN DEATH: Window{f02a73b u0 com.evancharlton.mileage/com.evancharlton.mileage.Mileage EXITING}
12-09 07:40:35.959 W/art     ( 1593): Long monitor contention event with owner method=void com.android.server.wm.WindowAnimator$1.doFrame(long) from WindowAnimator.java:121 waiters=4 for 204ms
12-09 07:40:35.960 I/Choreographer( 1912): Skipped 42 frames!  The application may be doing too much work on its main thread.
12-09 07:40:35.968 I/WindowState( 1593): WIN DEATH: Window{a3cd1ed u0 PopupWindow:12836d5 EXITING}
12-09 07:40:35.984 I/ActivityManager( 1593): Start proc 4762:com.evancharlton.mileage/u0a117 for added application com.evancharlton.mileage
12-09 07:40:35.984 W/art     ( 1593): Long monitor contention event with owner method=boolean com.android.server.am.ActivityManagerService.startInstrumentation(android.content.ComponentName, java.lang.String, int, android.os.Bundle, android.app.IInstrumentationWatcher, android.app.IUiAutomationConnection, int, java.lang.String) from ActivityManagerService.java:17066 waiters=0 for 690ms
12-09 07:40:35.986 W/art     ( 1593): Long monitor contention event with owner method=boolean com.android.server.am.ActivityManagerService.startInstrumentation(android.content.ComponentName, java.lang.String, int, android.os.Bundle, android.app.IInstrumentationWatcher, android.app.IUiAutomationConnection, int, java.lang.String) from ActivityManagerService.java:17066 waiters=3 for 232ms
12-09 07:40:35.991 D/AndroidRuntime( 4753): Shutting down VM
12-09 07:40:35.993 W/art     ( 1593): Long monitor contention event with owner method=boolean com.android.server.am.ActivityManagerService.startInstrumentation(android.content.ComponentName, java.lang.String, int, android.os.Bundle, android.app.IInstrumentationWatcher, android.app.IUiAutomationConnection, int, java.lang.String) from ActivityManagerService.java:17066 waiters=1 for 614ms
12-09 07:40:36.119 W/OpenGLRenderer( 1912): Incorrectly called buildLayer on View: ShortcutAndWidgetContainer, destroying layer...
12-09 07:40:36.254 W/System  ( 4762): ClassLoader referenced unknown path: /data/app/com.evancharlton.mileage.test-1/lib/x86_64
12-09 07:40:36.254 W/System  ( 4762): ClassLoader referenced unknown path: /data/app/com.evancharlton.mileage-1/lib/x86_64
12-09 07:40:36.435 W/WindowAnimator( 1593): Failed to dispatch window animation state change.
12-09 07:40:36.435 W/WindowAnimator( 1593): android.os.DeadObjectException
12-09 07:40:36.435 W/WindowAnimator( 1593): 	at android.os.BinderProxy.transactNative(Native Method)
12-09 07:40:36.435 W/WindowAnimator( 1593): 	at android.os.BinderProxy.transact(Binder.java:503)
12-09 07:40:36.435 W/WindowAnimator( 1593): 	at android.view.IWindow$Stub$Proxy.onAnimationStopped(IWindow.java:534)
12-09 07:40:36.435 W/WindowAnimator( 1593): 	at com.android.server.wm.WindowAnimator.updateWindowsLocked(WindowAnimator.java:286)
12-09 07:40:36.435 W/WindowAnimator( 1593): 	at com.android.server.wm.WindowAnimator.animateLocked(WindowAnimator.java:678)
12-09 07:40:36.435 W/WindowAnimator( 1593): 	at com.android.server.wm.WindowAnimator.-wrap0(WindowAnimator.java)
12-09 07:40:36.435 W/WindowAnimator( 1593): 	at com.android.server.wm.WindowAnimator$1.doFrame(WindowAnimator.java:123)
12-09 07:40:36.435 W/WindowAnimator( 1593): 	at android.view.Choreographer$CallbackRecord.run(Choreographer.java:856)
12-09 07:40:36.435 W/WindowAnimator( 1593): 	at android.view.Choreographer.doCallbacks(Choreographer.java:670)
12-09 07:40:36.435 W/WindowAnimator( 1593): 	at android.view.Choreographer.doFrame(Choreographer.java:603)
12-09 07:40:36.435 W/WindowAnimator( 1593): 	at android.view.Choreographer$FrameDisplayEventReceiver.run(Choreographer.java:844)
12-09 07:40:36.435 W/WindowAnimator( 1593): 	at android.os.Handler.handleCallback(Handler.java:739)
12-09 07:40:36.435 W/WindowAnimator( 1593): 	at android.os.Handler.dispatchMessage(Handler.java:95)
12-09 07:40:36.435 W/WindowAnimator( 1593): 	at android.os.Looper.loop(Looper.java:148)
12-09 07:40:36.435 W/WindowAnimator( 1593): 	at android.os.HandlerThread.run(HandlerThread.java:61)
12-09 07:40:36.435 W/WindowAnimator( 1593): 	at com.android.server.ServiceThread.run(ServiceThread.java:46)
12-09 07:40:36.435 W/WindowAnimator( 1593): Failed to dispatch window animation state change.
12-09 07:40:36.435 W/WindowAnimator( 1593): android.os.DeadObjectException
12-09 07:40:36.435 W/WindowAnimator( 1593): 	at android.os.BinderProxy.transactNative(Native Method)
12-09 07:40:36.435 W/WindowAnimator( 1593): 	at android.os.BinderProxy.transact(Binder.java:503)
12-09 07:40:36.435 W/WindowAnimator( 1593): 	at android.view.IWindow$Stub$Proxy.onAnimationStopped(IWindow.java:534)
12-09 07:40:36.435 W/WindowAnimator( 1593): 	at com.android.server.wm.WindowAnimator.updateWindowsLocked(WindowAnimator.java:286)
12-09 07:40:36.435 W/WindowAnimator( 1593): 	at com.android.server.wm.WindowAnimator.animateLocked(WindowAnimator.java:678)
12-09 07:40:36.435 W/WindowAnimator( 1593): 	at com.android.server.wm.WindowAnimator.-wrap0(WindowAnimator.java)
12-09 07:40:36.435 W/WindowAnimator( 1593): 	at com.android.server.wm.WindowAnimator$1.doFrame(WindowAnimator.java:123)
12-09 07:40:36.435 W/WindowAnimator( 1593): 	at android.view.Choreographer$CallbackRecord.run(Choreographer.java:856)
12-09 07:40:36.435 W/WindowAnimator( 1593): 	at android.view.Choreographer.doCallbacks(Choreographer.java:670)
12-09 07:40:36.435 W/WindowAnimator( 1593): 	at android.view.Choreographer.doFrame(Choreographer.java:603)
12-09 07:40:36.435 W/WindowAnimator( 1593): 	at android.view.Choreographer$FrameDisplayEventReceiver.run(Choreographer.java:844)
12-09 07:40:36.435 W/WindowAnimator( 1593): 	at android.os.Handler.handleCallback(Handler.java:739)
12-09 07:40:36.435 W/WindowAnimator( 1593): 	at android.os.Handler.dispatchMessage(Handler.java:95)
12-09 07:40:36.435 W/WindowAnimator( 1593): 	at android.os.Looper.loop(Looper.java:148)
12-09 07:40:36.435 W/WindowAnimator( 1593): 	at android.os.HandlerThread.run(HandlerThread.java:61)
12-09 07:40:36.435 W/WindowAnimator( 1593): 	at com.android.server.ServiceThread.run(ServiceThread.java:46)
12-09 07:40:36.494 I/System.out( 4762): Main activity name automatically set to: com.evancharlton.mileage.Mileage
12-09 07:40:36.513 I/System.out( 4762): Calabash did not load Mono. This is only a problem if you are trying to test a Mono application
12-09 07:40:36.514 I/calabash( 4762): Test server port: 7102
12-09 07:40:36.514 I/InstrumentationBackend( 4762): Added:'GetPreferences', with key:'get_preferences'
12-09 07:40:36.640 I/InstrumentationBackend( 4762): Added:'SetPreferences', with key:'set_preferences'
12-09 07:40:36.661 I/InstrumentationBackend( 4762): Added:'ClearPreferences', with key:'clear_preferences'
12-09 07:40:36.661 I/InstrumentationBackend( 4762): Added:'PressElement', with key:'press_l10n_element'
12-09 07:40:36.662 I/InstrumentationBackend( 4762): Added:'WaitForElement', with key:'wait_for_l10n_element'
12-09 07:40:36.662 I/InstrumentationBackend( 4762): Added:'NullAction', with key:'nullAction'
12-09 07:40:36.662 I/InstrumentationBackend( 4762): Added:'PressKey', with key:'press_key'
12-09 07:40:36.662 I/InstrumentationBackend( 4762): Added:'SetActivityOrientation', with key:'set_activity_orientation'
12-09 07:40:36.663 I/InstrumentationBackend( 4762): Added:'GetActivityOrientation', with key:'get_activity_orientation'
12-09 07:40:36.663 I/InstrumentationBackend( 4762): Added:'FakeGPSLocation', with key:'set_gps_coordinates'
12-09 07:40:36.663 I/InstrumentationBackend( 4762): Added:'SetPropertyByCssSelector', with key:'set_property_by_css_selector'
12-09 07:40:36.663 I/InstrumentationBackend( 4762): Added:'GetUrl', with key:'get_url'
12-09 07:40:36.664 I/InstrumentationBackend( 4762): Added:'ScrollTo', with key:'scroll_to'
12-09 07:40:36.664 I/InstrumentationBackend( 4762): Added:'GetLoadProgress', with key:'get_load_progress'
12-09 07:40:36.664 I/InstrumentationBackend( 4762): Added:'DumpHtml', with key:'dump_html'
12-09 07:40:36.670 I/InstrumentationBackend( 4762): Added:'DumpBodyHtml', with key:'dump_body_html'
12-09 07:40:36.670 I/InstrumentationBackend( 4762): Added:'EnterTextByCssSelector', with key:'enter_text_by_selector'
12-09 07:40:36.671 I/InstrumentationBackend( 4762): Added:'AndroidSDKVersion', with key:'android_sdk_version'
12-09 07:40:36.671 I/InstrumentationBackend( 4762): Added:'Version', with key:'version'
12-09 07:40:36.672 I/InstrumentationBackend( 4762): Added:'Drag', with key:'drag'
12-09 07:40:36.672 I/InstrumentationBackend( 4762): Added:'TouchCoordinates', with key:'touch_coordinate'
12-09 07:40:36.672 I/InstrumentationBackend( 4762): Added:'LongPressCoordinate', with key:'long_press_coordinate'
12-09 07:40:36.672 I/InstrumentationBackend( 4762): Added:'DragCoordinates', with key:'drag_coordinates'
12-09 07:40:36.672 I/InstrumentationBackend( 4762): Added:'ResumeApplication', with key:'resume_application'
12-09 07:40:36.672 I/InstrumentationBackend( 4762): Added:'Swipe', with key:'swipe'
12-09 07:40:36.719 I/InstrumentationBackend( 4762): Added:'DoubleTapCoordinate', with key:'double_tap_coordinate'
12-09 07:40:36.719 I/InstrumentationBackend( 4762): Added:'ClickOnScreen', with key:'click_on_screen'
12-09 07:40:36.720 I/InstrumentationBackend( 4762): Added:'GetActivityName', with key:'get_activity_name'
12-09 07:40:36.720 I/InstrumentationBackend( 4762): Added:'ScrollToView', with key:'scroll_to_view'
12-09 07:40:36.720 I/InstrumentationBackend( 4762): Added:'ViewConfiguration', with key:'view_configuration'
12-09 07:40:36.720 I/InstrumentationBackend( 4762): Added:'IsCurrentActivityFocused', with key:'is_current_activity_focused'
12-09 07:40:36.729 I/InstrumentationBackend( 4762): Added:'SendTcp', with key:'send_tcp'
12-09 07:40:36.730 I/InstrumentationBackend( 4762): Added:'DpToDevicePixel', with key:'dp_to_device_pixel'
12-09 07:40:36.730 I/InstrumentationBackend( 4762): Added:'KeyboardEnterText', with key:'keyboard_enter_text'
12-09 07:40:36.730 I/InstrumentationBackend( 4762): Added:'DeleteSurroundingText', with key:'delete_surrounding_text'
12-09 07:40:36.730 I/InstrumentationBackend( 4762): Added:'SetComposingRegion', with key:'set_composing_region'
12-09 07:40:36.731 I/InstrumentationBackend( 4762): Added:'SetSelection', with key:'set_selection'
12-09 07:40:36.731 I/InstrumentationBackend( 4762): Added:'KeyboardKeyEvent', with key:'keyboard_key_event'
12-09 07:40:36.731 I/InstrumentationBackend( 4762): Added:'PressUserActionButton', with key:'press_user_action_button'
12-09 07:40:36.731 I/InstrumentationBackend( 4762): Added:'HideSoftKeyboard', with key:'hide_soft_keyboard'
12-09 07:40:36.732 I/InstrumentationBackend( 4762): Added:'ListActions', with key:'list_actions'
12-09 07:40:36.732 I/calabash( 4762): Instantiating http server at 7102
12-09 07:40:36.753 I/System.out( 4762): HTTP Daemon listening on: 7102
12-09 07:40:36.869 I/System.out( 4762): URI: //ping
12-09 07:40:36.870 I/System.out( 4762): params: {json={}
12-09 07:40:36.870 I/System.out( 4762): }
12-09 07:40:36.938 I/System.out( 4762): URI: //ping
12-09 07:40:36.938 I/System.out( 4762): params: {json={}
12-09 07:40:36.938 I/System.out( 4762): }
12-09 07:40:36.959 I/System.out( 4762): URI: //ready
12-09 07:40:36.960 I/System.out( 4762): params: {json={}
12-09 07:40:36.960 I/System.out( 4762): }
12-09 07:40:37.025 I/System.out( 4762): URI: //
12-09 07:40:37.025 I/System.out( 4762): params: {json={"command":"version","arguments":[]}
12-09 07:40:37.025 I/System.out( 4762): }
12-09 07:40:37.025 I/System.out( 4762): header: {date=Sun, 09 Dec 2018 07:40:37 GMT, accept=*/*, content-length=36, host=127.0.0.1:34777, user-agent=HTTPClient/1.0 (2.8.3, ruby 2.3.1 (2016-04-26)), content-type=application/json;charset=utf-8}
12-09 07:40:37.026 I/System.out( 4762): params: {json={"command":"version","arguments":[]}
12-09 07:40:37.026 I/System.out( 4762): }
12-09 07:40:37.026 I/System.out( 4762): ProP json = {"command":"version","arguments":[]}
12-09 07:40:37.026 I/System.out( 4762): files: {}
12-09 07:40:37.026 I/System.out( 4762): command: {"command":"version","arguments":[]}
12-09 07:40:37.056 I/InstrumentationBackend( 4762): Got command:'Command:'Line:null,version', arguments:'[]'
12-09 07:40:37.153 W/art     ( 4762): Suspending all threads took: 17.690ms
12-09 07:40:37.227 I/System.out( 4762): result:{"bonusInformation":[],"message":"0.9.8","success":true}
12-09 07:40:37.307 I/art     ( 4762): Background sticky concurrent mark sweep GC freed 23092(1391KB) AllocSpace objects, 12(240KB) LOS objects, 59% free, 1547KB/3MB, paused 33.051ms total 187.032ms
12-09 07:40:37.341 I/System.out( 4762): URI: //start-application
12-09 07:40:37.341 I/System.out( 4762): params: {json={"intent":null}
12-09 07:40:37.341 I/System.out( 4762): }
12-09 07:40:37.393 I/ActivityManager( 1593): START u0 {act=android.intent.action.MAIN cat=[android.intent.category.LAUNCHER] flg=0x10200000 cmp=com.evancharlton.mileage/.Mileage} from uid 10117 on display 0
12-09 07:40:37.522 I/calabash( 4762): newActivity1
12-09 07:40:37.547 I/calabash( 4762): newActivity1
12-09 07:40:37.548 W/ActivityManager( 1593): Bad activity token: android.os.BinderProxy@14fbea3
12-09 07:40:37.548 W/ActivityManager( 1593): java.lang.ClassCastException: android.os.BinderProxy cannot be cast to com.android.server.am.ActivityRecord$Token
12-09 07:40:37.548 W/ActivityManager( 1593): 	at com.android.server.am.ActivityRecord.forTokenLocked(ActivityRecord.java:424)
12-09 07:40:37.548 W/ActivityManager( 1593): 	at com.android.server.am.ActivityRecord.isInStackLocked(ActivityRecord.java:1121)
12-09 07:40:37.548 W/ActivityManager( 1593): 	at com.android.server.am.ActivityRecord.getStackLocked(ActivityRecord.java:1126)
12-09 07:40:37.548 W/ActivityManager( 1593): 	at com.android.server.am.ActivityManagerService.getActivityDisplayId(ActivityManagerService.java:8889)
12-09 07:40:37.548 W/ActivityManager( 1593): 	at android.app.ActivityManagerNative.onTransact(ActivityManagerNative.java:2338)
12-09 07:40:37.548 W/ActivityManager( 1593): 	at com.android.server.am.ActivityManagerService.onTransact(ActivityManagerService.java:2443)
12-09 07:40:37.548 W/ActivityManager( 1593): 	at android.os.Binder.execTransact(Binder.java:453)
12-09 07:40:37.577 W/ActivityManager( 1593): Bad activity token: android.os.BinderProxy@14fbea3
12-09 07:40:37.577 W/ActivityManager( 1593): java.lang.ClassCastException: android.os.BinderProxy cannot be cast to com.android.server.am.ActivityRecord$Token
12-09 07:40:37.577 W/ActivityManager( 1593): 	at com.android.server.am.ActivityRecord.forTokenLocked(ActivityRecord.java:424)
12-09 07:40:37.577 W/ActivityManager( 1593): 	at com.android.server.am.ActivityRecord.isInStackLocked(ActivityRecord.java:1121)
12-09 07:40:37.577 W/ActivityManager( 1593): 	at com.android.server.am.ActivityManagerService.setTaskDescription(ActivityManagerService.java:8547)
12-09 07:40:37.577 W/ActivityManager( 1593): 	at android.app.ActivityManagerNative.onTransact(ActivityManagerNative.java:2410)
12-09 07:40:37.577 W/ActivityManager( 1593): 	at com.android.server.am.ActivityManagerService.onTransact(ActivityManagerService.java:2443)
12-09 07:40:37.577 W/ActivityManager( 1593): 	at android.os.Binder.execTransact(Binder.java:453)
12-09 07:40:37.695 D/gralloc_ranchu( 1218): gralloc_alloc: Creating ashmem region of size 3686400
12-09 07:40:37.700 W/ActivityManager( 1593): Bad activity token: android.os.BinderProxy@14fbea3
12-09 07:40:37.700 W/ActivityManager( 1593): java.lang.ClassCastException: android.os.BinderProxy cannot be cast to com.android.server.am.ActivityRecord$Token
12-09 07:40:37.700 W/ActivityManager( 1593): 	at com.android.server.am.ActivityRecord.forTokenLocked(ActivityRecord.java:424)
12-09 07:40:37.700 W/ActivityManager( 1593): 	at com.android.server.am.ActivityRecord.isInStackLocked(ActivityRecord.java:1121)
12-09 07:40:37.700 W/ActivityManager( 1593): 	at com.android.server.am.ActivityManagerService.getActivityOptions(ActivityManagerService.java:11038)
12-09 07:40:37.700 W/ActivityManager( 1593): 	at android.app.ActivityManagerNative.onTransact(ActivityManagerNative.java:1734)
12-09 07:40:37.700 W/ActivityManager( 1593): 	at com.android.server.am.ActivityManagerService.onTransact(ActivityManagerService.java:2443)
12-09 07:40:37.700 W/ActivityManager( 1593): 	at android.os.Binder.execTransact(Binder.java:453)
12-09 07:40:37.705 W/ActivityManager( 1593): Bad activity token: android.os.BinderProxy@14fbea3
12-09 07:40:37.705 W/ActivityManager( 1593): java.lang.ClassCastException: android.os.BinderProxy cannot be cast to com.android.server.am.ActivityRecord$Token
12-09 07:40:37.705 W/ActivityManager( 1593): 	at com.android.server.am.ActivityRecord.forTokenLocked(ActivityRecord.java:424)
12-09 07:40:37.705 W/ActivityManager( 1593): 	at com.android.server.am.ActivityRecord.isInStackLocked(ActivityRecord.java:1121)
12-09 07:40:37.705 W/ActivityManager( 1593): 	at com.android.server.am.ActivityManagerService.getActivityOptions(ActivityManagerService.java:11038)
12-09 07:40:37.705 W/ActivityManager( 1593): 	at android.app.ActivityManagerNative.onTransact(ActivityManagerNative.java:1734)
12-09 07:40:37.705 W/ActivityManager( 1593): 	at com.android.server.am.ActivityManagerService.onTransact(ActivityManagerService.java:2443)
12-09 07:40:37.705 W/ActivityManager( 1593): 	at android.os.Binder.execTransact(Binder.java:453)
12-09 07:40:38.026 V/PhoneStatusBar( 1686): setLightsOn(true)
12-09 07:40:38.103 I/art     ( 4762): Background partial concurrent mark sweep GC freed 29225(1669KB) AllocSpace objects, 3(60KB) LOS objects, 39% free, 1870KB/3MB, paused 13.377ms total 67.753ms
12-09 07:40:38.124 V/PhoneStatusBar( 1686): setLightsOn(true)
12-09 07:40:38.162 D/EGL_emulation( 1912): eglMakeCurrent: 0x7fb3a13365a0: ver 2 0 (tinfo 0x7fb3a1302720)
12-09 07:40:38.181 E/Surface ( 1912): getSlotFromBufferLocked: unknown buffer: 0x7fb39d84fa60
12-09 07:40:39.222 W/art     ( 1593): Long monitor contention event with owner method=void com.android.server.wm.WindowAnimator$1.doFrame(long) from WindowAnimator.java:121 waiters=0 for 885ms
12-09 07:40:39.229 I/Choreographer( 4762): Skipped 86 frames!  The application may be doing too much work on its main thread.
12-09 07:40:39.245 D/gralloc_ranchu( 1218): gralloc_alloc: Creating ashmem region of size 3686400
12-09 07:40:39.389 W/art     ( 1593): Long monitor contention event with owner method=void com.android.server.wm.WindowAnimator$1.doFrame(long) from WindowAnimator.java:121 waiters=0 for 167ms
12-09 07:40:39.445 D/        ( 4762): HostConnection::get() New Host Connection established 0x7fb3a114b2c0, tid 4762
12-09 07:40:39.585 W/art     ( 1593): Long monitor contention event with owner method=java.util.List com.android.server.am.ActivityManagerService.getAllStackInfos() from ActivityManagerService.java:8937 waiters=0 for 187ms
12-09 07:40:39.659 I/ActivityManager( 1593): Displayed com.evancharlton.mileage/.Mileage: +2s218ms
12-09 07:40:39.994 W/art     ( 1593): Long monitor contention event with owner method=void com.android.server.wm.WindowAnimator$1.doFrame(long) from WindowAnimator.java:121 waiters=0 for 141ms
12-09 07:40:40.006 D/gralloc_ranchu( 1218): gralloc_alloc: Creating ashmem region of size 3686400
12-09 07:40:40.122 D/gralloc_ranchu( 1218): gralloc_alloc: Creating ashmem region of size 3686400
12-09 07:40:40.623 I/System.out( 4762): URI: //map
12-09 07:40:40.623 I/System.out( 4762): params: {json={"query":"android.widget.CheckBox index:0","operation":{"method_name":"query","arguments":[]}}
12-09 07:40:40.623 I/System.out( 4762): }
12-09 07:40:40.769 W/art     ( 4762): Suspending all threads took: 82.365ms
12-09 07:40:40.825 I/art     ( 4762): Background sticky concurrent mark sweep GC freed 24576(1108KB) AllocSpace objects, 2(40KB) LOS objects, 30% free, 2MB/3MB, paused 83.796ms total 178.504ms
12-09 07:40:41.017 I/System.out( 4762): URI: //gesture
12-09 07:40:41.017 I/System.out( 4762): params: {json={"query_timeout":5.0,"gestures":[{"query_string":"android.widget.CheckBox index:0","touches":[{"x":50,"y":50,"offset_x":0,"offset_y":0,"wait":0.0,"time":0.2,"release":true,"query_string":null}]}]}
12-09 07:40:41.017 I/System.out( 4762): }
12-09 07:40:41.661 D/AudioFlinger( 1307): mixer(0xf42c0000) throttle end: throttle time(11)
12-09 07:40:41.670 I/art     ( 4762): Background sticky concurrent mark sweep GC freed 61663(2MB) AllocSpace objects, 3(60KB) LOS objects, 48% free, 2MB/4MB, paused 11.821ms total 60.291ms
12-09 07:40:41.710 W/audio_hw_generic( 1307): Hardware backing HAL too slow, could only write 0 of 661 frames
12-09 07:40:41.710 W/audio_hw_generic( 1307): Hardware backing HAL too slow, could only write 0 of 661 frames
12-09 07:40:41.727 W/audio_hw_generic( 1307): Hardware backing HAL too slow, could only write 0 of 661 frames
12-09 07:40:41.748 W/audio_hw_generic( 1307): Hardware backing HAL too slow, could only write 0 of 661 frames
12-09 07:40:41.753 D/AudioFlinger( 1307): mixer(0xf42c0000) throttle end: throttle time(11)
12-09 07:40:42.056 E/SurfaceFlinger( 1218): ro.sf.lcd_density must be defined as a build property
12-09 07:40:42.057 D/gralloc_ranchu( 1218): gralloc_alloc: Creating ashmem region of size 3686400
12-09 07:40:42.153 W/audio_hw_generic( 1307): Hardware backing HAL too slow, could only write 0 of 661 frames
12-09 07:40:42.168 W/audio_hw_generic( 1307): Hardware backing HAL too slow, could only write 0 of 661 frames
12-09 07:40:42.177 W/audio_hw_generic( 1307): Hardware backing HAL too slow, could only write 0 of 661 frames
12-09 07:40:42.182 D/        ( 4789): HostConnection::get() New Host Connection established 0x7f0ea4ad2480, tid 4789
12-09 07:40:42.196 W/audio_hw_generic( 1307): Hardware backing HAL too slow, could only write 0 of 661 frames
12-09 07:40:42.209 E/EGL_emulation( 1218): tid 1218: eglCreateSyncKHR(1881): error 0x3004 (EGL_BAD_ATTRIBUTE)
12-09 07:40:42.221 W/audio_hw_generic( 1307): Hardware backing HAL too slow, could only write 0 of 661 frames
12-09 07:40:42.241 W/audio_hw_generic( 1307): Hardware backing HAL too slow, could only write 0 of 661 frames
12-09 07:40:42.252 W/audio_hw_generic( 1307): Hardware backing HAL too slow, could only write 0 of 661 frames
12-09 07:40:42.267 W/audio_hw_generic( 1307): Hardware backing HAL too slow, could only write 0 of 661 frames
12-09 07:40:42.326 W/audio_hw_generic( 1307): Not supplying enough data to HAL, expected position 4026853 , only wrote 4026812
12-09 07:40:42.949 I/System.out( 4762): URI: //map
12-09 07:40:42.950 I/System.out( 4762): params: {json={"query":"android.widget.CheckBox index:0","operation":{"method_name":"query","arguments":[]}}
12-09 07:40:42.950 I/System.out( 4762): }
12-09 07:40:43.082 I/System.out( 4762): URI: //gesture
12-09 07:40:43.082 I/System.out( 4762): params: {json={"query_timeout":5.0,"gestures":[{"query_string":"android.widget.CheckBox index:0","touches":[{"x":50,"y":50,"offset_x":0,"offset_y":0,"wait":0.0,"time":0.2,"release":true,"query_string":null}]}]}
12-09 07:40:43.082 I/System.out( 4762): }
12-09 07:40:43.185 W/audio_hw_generic( 1307): Not supplying enough data to HAL, expected position 4064695 , only wrote 4064489
12-09 07:40:43.186 W/audio_hw_generic( 1307): Not supplying enough data to HAL, expected position 4064496 , only wrote 4064489
12-09 07:40:43.206 W/audio_hw_generic( 1307): Not supplying enough data to HAL, expected position 4065367 , only wrote 4065150
12-09 07:40:43.375 W/audio_hw_generic( 1307): Not supplying enough data to HAL, expected position 4072612 , only wrote 4071760
12-09 07:40:43.375 W/audio_hw_generic( 1307): Not supplying enough data to HAL, expected position 4071767 , only wrote 4071760
12-09 07:40:43.406 W/audio_hw_generic( 1307): Not supplying enough data to HAL, expected position 4073108 , only wrote 4073082
12-09 07:40:43.421 W/audio_hw_generic( 1307): Hardware backing HAL too slow, could only write 0 of 661 frames
12-09 07:40:43.436 W/audio_hw_generic( 1307): Hardware backing HAL too slow, could only write 0 of 661 frames
12-09 07:40:43.469 W/audio_hw_generic( 1307): Hardware backing HAL too slow, could only write 0 of 661 frames
12-09 07:40:43.497 W/audio_hw_generic( 1307): Hardware backing HAL too slow, could only write 0 of 661 frames
12-09 07:40:43.497 W/audio_hw_generic( 1307): Hardware backing HAL too slow, could only write 0 of 661 frames
12-09 07:40:43.537 W/audio_hw_generic( 1307): Hardware backing HAL too slow, could only write 0 of 661 frames
12-09 07:40:43.635 D/AudioFlinger( 1307): mixer(0xf42c0000) throttle end: throttle time(11)
12-09 07:40:43.664 I/art     ( 4762): Background partial concurrent mark sweep GC freed 47068(2MB) AllocSpace objects, 5(100KB) LOS objects, 39% free, 2MB/3MB, paused 5.692ms total 128.528ms
12-09 07:40:44.051 E/SurfaceFlinger( 1218): ro.sf.lcd_density must be defined as a build property
12-09 07:40:44.052 D/gralloc_ranchu( 1218): gralloc_alloc: Creating ashmem region of size 3686400
12-09 07:40:44.070 D/        ( 4795): HostConnection::get() New Host Connection established 0x7f00a7492480, tid 4795
12-09 07:40:44.089 E/EGL_emulation( 1218): tid 1218: eglCreateSyncKHR(1881): error 0x3004 (EGL_BAD_ATTRIBUTE)
12-09 07:40:44.653 W/audio_hw_generic( 1307): Not supplying enough data to HAL, expected position 4128092 , only wrote 4127284
12-09 07:40:44.653 W/audio_hw_generic( 1307): Not supplying enough data to HAL, expected position 4127291 , only wrote 4127284
12-09 07:40:44.681 W/audio_hw_generic( 1307): Not supplying enough data to HAL, expected position 4128520 , only wrote 4127945
12-09 07:40:44.798 W/audio_hw_generic( 1307): Not supplying enough data to HAL, expected position 4133089 , only wrote 4132572
12-09 07:40:45.009 W/audio_hw_generic( 1307): Not supplying enough data to HAL, expected position 4141908 , only wrote 4137860
12-09 07:40:45.014 W/audio_hw_generic( 1307): Not supplying enough data to HAL, expected position 4138051 , only wrote 4137860
12-09 07:40:45.039 W/audio_hw_generic( 1307): Not supplying enough data to HAL, expected position 4138992 , only wrote 4138521
