--------- beginning of main
12-09 07:49:09.399 W/art     ( 1592): Long monitor contention event with owner method=void com.android.server.wm.WindowAnimator$1.doFrame(long) from WindowAnimator.java:121 waiters=1 for 308ms
12-09 07:49:09.568 W/art     ( 1592): Long monitor contention event with owner method=void com.android.server.wm.WindowAnimator$1.doFrame(long) from WindowAnimator.java:121 waiters=1 for 308ms
12-09 07:49:09.858 W/art     ( 1592): Long monitor contention event with owner method=void com.android.server.wm.WindowAnimator$1.doFrame(long) from WindowAnimator.java:121 waiters=1 for 290ms
12-09 07:49:09.939 W/art     ( 1592): Long monitor contention event with owner method=void com.android.server.am.ActivityManagerService.activityPaused(android.os.IBinder) from ActivityManagerService.java:6439 waiters=0 for 872ms
--------- beginning of system
12-09 07:49:10.177 W/InputMethodManagerService( 1592): Window already focused, ignoring focus gain of: com.android.internal.view.IInputMethodClient$Stub$Proxy@4fb0160 attribute=null, token = android.os.BinderProxy@8260483
12-09 07:49:10.306 D/AndroidRuntime( 7599): >>>>>> START com.android.internal.os.RuntimeInit uid 0 <<<<<<
12-09 07:49:10.311 D/AndroidRuntime( 7599): CheckJNI is ON
12-09 07:49:10.368 D/ICU     ( 7599): No timezone override file found: /data/misc/zoneinfo/current/icu/icu_tzdata.dat
12-09 07:49:10.901 E/memtrack( 7599): Couldn't load memtrack module (No such file or directory)
12-09 07:49:10.906 E/android.os.Debug( 7599): failed to load memtrack module: -2
12-09 07:49:10.907 I/Radio-JNI( 7599): register_android_hardware_Radio DONE
12-09 07:49:10.922 D/AndroidRuntime( 7599): Calling main entry com.android.commands.am.Am
12-09 07:49:11.014 I/ActivityManager( 1592): Force stopping com.evancharlton.mileage appid=10121 user=0: start instr
12-09 07:49:11.015 I/ActivityManager( 1592): Killing 7582:com.evancharlton.mileage/u0a121 (adj 0): stop com.evancharlton.mileage
12-09 07:49:11.098 W/ActivityManager( 1592): Crash of app com.evancharlton.mileage running instrumentation ComponentInfo{com.evancharlton.mileage.test/sh.calaba.instrumentationbackend.ClearAppData2}
12-09 07:49:11.098 I/ActivityManager( 1592): Force stopping com.evancharlton.mileage appid=10121 user=0: finished inst
12-09 07:49:11.323 I/ActivityManager( 1592): Start proc 7608:com.evancharlton.mileage/u0a121 for added application com.evancharlton.mileage
12-09 07:49:11.354 W/art     ( 1592): Long monitor contention event with owner method=boolean com.android.server.am.ActivityManagerService.startInstrumentation(android.content.ComponentName, java.lang.String, int, android.os.Bundle, android.app.IInstrumentationWatcher, android.app.IUiAutomationConnection, int, java.lang.String) from ActivityManagerService.java:17066 waiters=1 for 268ms
12-09 07:49:11.354 W/ActivityManager( 1592): Spurious death for ProcessRecord{98b0619 0:com.evancharlton.mileage/u0a121}, curProc for 7582: null
12-09 07:49:11.362 D/AndroidRuntime( 7599): Shutting down VM
12-09 07:49:11.733 I/art     ( 7608): Background sticky concurrent mark sweep GC freed 35113(1265KB) AllocSpace objects, 0(0B) LOS objects, 90% free, 349KB/3MB, paused 1.070ms total 351.930ms
12-09 07:49:11.788 W/System  ( 7608): ClassLoader referenced unknown path: /data/app/com.evancharlton.mileage.test-1/lib/x86_64
12-09 07:49:11.788 W/System  ( 7608): ClassLoader referenced unknown path: /data/app/com.evancharlton.mileage-1/lib/x86_64
12-09 07:49:11.938 I/System.out( 7608): Main activity name automatically set to: com.evancharlton.mileage.Mileage
12-09 07:49:11.939 I/System.out( 7608): Calabash did not load Mono. This is only a problem if you are trying to test a Mono application
12-09 07:49:11.939 I/calabash( 7608): Test server port: 7102
12-09 07:49:11.940 I/InstrumentationBackend( 7608): Added:'GetPreferences', with key:'get_preferences'
12-09 07:49:11.972 I/InstrumentationBackend( 7608): Added:'SetPreferences', with key:'set_preferences'
12-09 07:49:11.972 I/InstrumentationBackend( 7608): Added:'ClearPreferences', with key:'clear_preferences'
12-09 07:49:11.973 I/InstrumentationBackend( 7608): Added:'PressElement', with key:'press_l10n_element'
12-09 07:49:11.973 I/InstrumentationBackend( 7608): Added:'WaitForElement', with key:'wait_for_l10n_element'
12-09 07:49:11.973 I/InstrumentationBackend( 7608): Added:'NullAction', with key:'nullAction'
12-09 07:49:11.974 I/InstrumentationBackend( 7608): Added:'PressKey', with key:'press_key'
12-09 07:49:11.974 I/InstrumentationBackend( 7608): Added:'SetActivityOrientation', with key:'set_activity_orientation'
12-09 07:49:11.974 I/InstrumentationBackend( 7608): Added:'GetActivityOrientation', with key:'get_activity_orientation'
12-09 07:49:11.974 I/InstrumentationBackend( 7608): Added:'FakeGPSLocation', with key:'set_gps_coordinates'
12-09 07:49:11.974 I/InstrumentationBackend( 7608): Added:'SetPropertyByCssSelector', with key:'set_property_by_css_selector'
12-09 07:49:11.975 I/InstrumentationBackend( 7608): Added:'GetUrl', with key:'get_url'
12-09 07:49:11.975 I/InstrumentationBackend( 7608): Added:'ScrollTo', with key:'scroll_to'
12-09 07:49:11.975 I/InstrumentationBackend( 7608): Added:'GetLoadProgress', with key:'get_load_progress'
12-09 07:49:11.976 I/InstrumentationBackend( 7608): Added:'DumpHtml', with key:'dump_html'
12-09 07:49:11.976 I/InstrumentationBackend( 7608): Added:'DumpBodyHtml', with key:'dump_body_html'
12-09 07:49:11.976 I/InstrumentationBackend( 7608): Added:'EnterTextByCssSelector', with key:'enter_text_by_selector'
12-09 07:49:11.977 I/InstrumentationBackend( 7608): Added:'AndroidSDKVersion', with key:'android_sdk_version'
12-09 07:49:11.977 I/InstrumentationBackend( 7608): Added:'Version', with key:'version'
12-09 07:49:11.977 I/InstrumentationBackend( 7608): Added:'Drag', with key:'drag'
12-09 07:49:11.977 I/InstrumentationBackend( 7608): Added:'TouchCoordinates', with key:'touch_coordinate'
12-09 07:49:11.978 I/InstrumentationBackend( 7608): Added:'LongPressCoordinate', with key:'long_press_coordinate'
12-09 07:49:11.982 I/InstrumentationBackend( 7608): Added:'DragCoordinates', with key:'drag_coordinates'
12-09 07:49:11.982 I/InstrumentationBackend( 7608): Added:'ResumeApplication', with key:'resume_application'
12-09 07:49:11.982 I/InstrumentationBackend( 7608): Added:'Swipe', with key:'swipe'
12-09 07:49:11.983 I/InstrumentationBackend( 7608): Added:'DoubleTapCoordinate', with key:'double_tap_coordinate'
12-09 07:49:11.983 I/InstrumentationBackend( 7608): Added:'ClickOnScreen', with key:'click_on_screen'
12-09 07:49:11.983 I/InstrumentationBackend( 7608): Added:'GetActivityName', with key:'get_activity_name'
12-09 07:49:11.983 I/InstrumentationBackend( 7608): Added:'ScrollToView', with key:'scroll_to_view'
12-09 07:49:11.983 I/InstrumentationBackend( 7608): Added:'ViewConfiguration', with key:'view_configuration'
12-09 07:49:11.984 I/InstrumentationBackend( 7608): Added:'IsCurrentActivityFocused', with key:'is_current_activity_focused'
12-09 07:49:11.984 I/InstrumentationBackend( 7608): Added:'SendTcp', with key:'send_tcp'
12-09 07:49:11.984 I/InstrumentationBackend( 7608): Added:'DpToDevicePixel', with key:'dp_to_device_pixel'
12-09 07:49:11.984 I/InstrumentationBackend( 7608): Added:'KeyboardEnterText', with key:'keyboard_enter_text'
12-09 07:49:11.985 I/InstrumentationBackend( 7608): Added:'DeleteSurroundingText', with key:'delete_surrounding_text'
12-09 07:49:11.985 I/InstrumentationBackend( 7608): Added:'SetComposingRegion', with key:'set_composing_region'
12-09 07:49:11.985 I/InstrumentationBackend( 7608): Added:'SetSelection', with key:'set_selection'
12-09 07:49:11.985 I/InstrumentationBackend( 7608): Added:'KeyboardKeyEvent', with key:'keyboard_key_event'
12-09 07:49:11.985 I/InstrumentationBackend( 7608): Added:'PressUserActionButton', with key:'press_user_action_button'
12-09 07:49:11.987 I/InstrumentationBackend( 7608): Added:'HideSoftKeyboard', with key:'hide_soft_keyboard'
12-09 07:49:11.995 I/InstrumentationBackend( 7608): Added:'ListActions', with key:'list_actions'
12-09 07:49:11.995 I/calabash( 7608): Instantiating http server at 7102
12-09 07:49:12.002 I/System.out( 7608): HTTP Daemon listening on: 7102
12-09 07:49:12.106 I/System.out( 7608): URI: //ping
12-09 07:49:12.107 I/System.out( 7608): params: {json={}
12-09 07:49:12.107 I/System.out( 7608): }
12-09 07:49:12.159 I/System.out( 7608): URI: //ping
12-09 07:49:12.159 I/System.out( 7608): params: {json={}
12-09 07:49:12.159 I/System.out( 7608): }
12-09 07:49:12.217 I/System.out( 7608): URI: //ready
12-09 07:49:12.217 I/System.out( 7608): params: {json={}
12-09 07:49:12.218 I/System.out( 7608): }
12-09 07:49:12.282 I/System.out( 7608): URI: //
12-09 07:49:12.282 I/System.out( 7608): params: {json={"command":"version","arguments":[]}
12-09 07:49:12.282 I/System.out( 7608): }
12-09 07:49:12.283 I/System.out( 7608): header: {date=Sun, 09 Dec 2018 07:49:13 GMT, accept=*/*, content-length=36, host=127.0.0.1:34777, user-agent=HTTPClient/1.0 (2.8.3, ruby 2.3.1 (2016-04-26)), content-type=application/json;charset=utf-8}
12-09 07:49:12.283 I/System.out( 7608): params: {json={"command":"version","arguments":[]}
12-09 07:49:12.283 I/System.out( 7608): }
12-09 07:49:12.283 I/System.out( 7608): ProP json = {"command":"version","arguments":[]}
12-09 07:49:12.283 I/System.out( 7608): files: {}
12-09 07:49:12.283 I/System.out( 7608): command: {"command":"version","arguments":[]}
12-09 07:49:12.300 I/InstrumentationBackend( 7608): Got command:'Command:'Line:null,version', arguments:'[]'
12-09 07:49:12.310 I/System.out( 7608): result:{"bonusInformation":[],"message":"0.9.8","success":true}
12-09 07:49:12.394 I/System.out( 7608): URI: //start-application
12-09 07:49:12.398 I/System.out( 7608): params: {json={"intent":null}
12-09 07:49:12.398 I/System.out( 7608): }
12-09 07:49:12.424 I/ActivityManager( 1592): START u0 {act=android.intent.action.MAIN cat=[android.intent.category.LAUNCHER] flg=0x10200000 cmp=com.evancharlton.mileage/.Mileage} from uid 10121 on display 0
12-09 07:49:12.455 I/calabash( 7608): newActivity1
12-09 07:49:12.497 I/calabash( 7608): newActivity1
12-09 07:49:12.546 D/gralloc_ranchu( 1219): gralloc_alloc: Creating ashmem region of size 3686400
12-09 07:49:12.551 W/ActivityManager( 1592): Bad activity token: android.os.BinderProxy@a39e8b7
12-09 07:49:12.551 W/ActivityManager( 1592): java.lang.ClassCastException: android.os.BinderProxy cannot be cast to com.android.server.am.ActivityRecord$Token
12-09 07:49:12.551 W/ActivityManager( 1592): 	at com.android.server.am.ActivityRecord.forTokenLocked(ActivityRecord.java:424)
12-09 07:49:12.551 W/ActivityManager( 1592): 	at com.android.server.am.ActivityRecord.isInStackLocked(ActivityRecord.java:1121)
12-09 07:49:12.551 W/ActivityManager( 1592): 	at com.android.server.am.ActivityRecord.getStackLocked(ActivityRecord.java:1126)
12-09 07:49:12.551 W/ActivityManager( 1592): 	at com.android.server.am.ActivityManagerService.getActivityDisplayId(ActivityManagerService.java:8889)
12-09 07:49:12.551 W/ActivityManager( 1592): 	at android.app.ActivityManagerNative.onTransact(ActivityManagerNative.java:2338)
12-09 07:49:12.551 W/ActivityManager( 1592): 	at com.android.server.am.ActivityManagerService.onTransact(ActivityManagerService.java:2443)
12-09 07:49:12.551 W/ActivityManager( 1592): 	at android.os.Binder.execTransact(Binder.java:453)
12-09 07:49:12.552 W/ActivityManager( 1592): Bad activity token: android.os.BinderProxy@a39e8b7
12-09 07:49:12.552 W/ActivityManager( 1592): java.lang.ClassCastException: android.os.BinderProxy cannot be cast to com.android.server.am.ActivityRecord$Token
12-09 07:49:12.552 W/ActivityManager( 1592): 	at com.android.server.am.ActivityRecord.forTokenLocked(ActivityRecord.java:424)
12-09 07:49:12.552 W/ActivityManager( 1592): 	at com.android.server.am.ActivityRecord.isInStackLocked(ActivityRecord.java:1121)
12-09 07:49:12.552 W/ActivityManager( 1592): 	at com.android.server.am.ActivityManagerService.setTaskDescription(ActivityManagerService.java:8547)
12-09 07:49:12.552 W/ActivityManager( 1592): 	at android.app.ActivityManagerNative.onTransact(ActivityManagerNative.java:2410)
12-09 07:49:12.552 W/ActivityManager( 1592): 	at com.android.server.am.ActivityManagerService.onTransact(ActivityManagerService.java:2443)
12-09 07:49:12.552 W/ActivityManager( 1592): 	at android.os.Binder.execTransact(Binder.java:453)
12-09 07:49:12.795 D/EGL_emulation( 1939): eglMakeCurrent: 0x7f6defc74dc0: ver 2 0 (tinfo 0x7f6defc42d60)
12-09 07:49:12.802 V/PhoneStatusBar( 1699): setLightsOn(true)
12-09 07:49:12.806 E/Surface ( 1939): getSlotFromBufferLocked: unknown buffer: 0x7f6dec279d40
12-09 07:49:13.007 D/FillupsProvider( 7608): Creating database
12-09 07:49:13.174 I/art     ( 7608): WaitForGcToComplete blocked for 8.712ms for cause Background
12-09 07:49:13.288 W/ActivityManager( 1592): Bad activity token: android.os.BinderProxy@a39e8b7
12-09 07:49:13.288 W/ActivityManager( 1592): java.lang.ClassCastException: android.os.BinderProxy cannot be cast to com.android.server.am.ActivityRecord$Token
12-09 07:49:13.288 W/ActivityManager( 1592): 	at com.android.server.am.ActivityRecord.forTokenLocked(ActivityRecord.java:424)
12-09 07:49:13.288 W/ActivityManager( 1592): 	at com.android.server.am.ActivityRecord.isInStackLocked(ActivityRecord.java:1121)
12-09 07:49:13.288 W/ActivityManager( 1592): 	at com.android.server.am.ActivityManagerService.getActivityOptions(ActivityManagerService.java:11038)
12-09 07:49:13.288 W/ActivityManager( 1592): 	at android.app.ActivityManagerNative.onTransact(ActivityManagerNative.java:1734)
12-09 07:49:13.288 W/ActivityManager( 1592): 	at com.android.server.am.ActivityManagerService.onTransact(ActivityManagerService.java:2443)
12-09 07:49:13.288 W/ActivityManager( 1592): 	at android.os.Binder.execTransact(Binder.java:453)
12-09 07:49:13.288 W/ActivityManager( 1592): Bad activity token: android.os.BinderProxy@a39e8b7
12-09 07:49:13.288 W/ActivityManager( 1592): java.lang.ClassCastException: android.os.BinderProxy cannot be cast to com.android.server.am.ActivityRecord$Token
12-09 07:49:13.288 W/ActivityManager( 1592): 	at com.android.server.am.ActivityRecord.forTokenLocked(ActivityRecord.java:424)
12-09 07:49:13.288 W/ActivityManager( 1592): 	at com.android.server.am.ActivityRecord.isInStackLocked(ActivityRecord.java:1121)
12-09 07:49:13.288 W/ActivityManager( 1592): 	at com.android.server.am.ActivityManagerService.getActivityOptions(ActivityManagerService.java:11038)
12-09 07:49:13.288 W/ActivityManager( 1592): 	at android.app.ActivityManagerNative.onTransact(ActivityManagerNative.java:1734)
12-09 07:49:13.288 W/ActivityManager( 1592): 	at com.android.server.am.ActivityManagerService.onTransact(ActivityManagerService.java:2443)
12-09 07:49:13.288 W/ActivityManager( 1592): 	at android.os.Binder.execTransact(Binder.java:453)
12-09 07:49:13.319 I/art     ( 7608): Background sticky concurrent mark sweep GC freed 7388(470KB) AllocSpace objects, 0(0B) LOS objects, 16% free, 1869KB/2MB, paused 1.067ms total 120.673ms
12-09 07:49:13.806 W/art     ( 1592): Long monitor contention event with owner method=void com.android.server.wm.WindowAnimator$1.doFrame(long) from WindowAnimator.java:121 waiters=1 for 208ms
12-09 07:49:14.148 D/gralloc_ranchu( 1219): gralloc_alloc: Creating ashmem region of size 3686400
12-09 07:49:14.220 D/        ( 7608): HostConnection::get() New Host Connection established 0x7f6dedbc8e40, tid 7608
12-09 07:49:14.304 I/ActivityManager( 1592): Displayed com.evancharlton.mileage/.Mileage: +1s856ms
12-09 07:49:14.369 D/gralloc_ranchu( 1219): gralloc_alloc: Creating ashmem region of size 3686400
12-09 07:49:14.375 I/art     ( 7608): Background partial concurrent mark sweep GC freed 1834(169KB) AllocSpace objects, 0(0B) LOS objects, 40% free, 1903KB/3MB, paused 12.820ms total 35.532ms
12-09 07:49:15.042 I/System.out( 7608): URI: //gesture
12-09 07:49:15.042 I/System.out( 7608): params: {json={"query_timeout":5.0,"gestures":[{"query_string":"android.widget.TabWidget descendant TextView index:3","touches":[{"x":50,"y":50,"offset_x":0,"offset_y":0,"wait":0.0,"time":0.2,"release":true,"query_string":null}]}]}
12-09 07:49:15.042 I/System.out( 7608): }
12-09 07:49:15.117 W/art     ( 7608): Suspending all threads took: 5.097ms
12-09 07:49:15.167 I/art     ( 7608): Background sticky concurrent mark sweep GC freed 24986(1136KB) AllocSpace objects, 2(40KB) LOS objects, 32% free, 2MB/3MB, paused 11.080ms total 112.579ms
12-09 07:49:15.444 D/gralloc_ranchu( 1219): gralloc_alloc: Creating ashmem region of size 3686400
12-09 07:49:15.790 W/art     ( 7608): Suspending all threads took: 5.910ms
12-09 07:49:15.814 D/AudioFlinger( 1308): mixer(0xf4380000) throttle end: throttle time(11)
12-09 07:49:15.816 I/calabash( 7608): newActivity1
12-09 07:49:15.817 W/ActivityManager( 1592): Bad activity token: android.os.BinderProxy@ed99fcb
12-09 07:49:15.817 W/ActivityManager( 1592): java.lang.ClassCastException: android.os.BinderProxy cannot be cast to com.android.server.am.ActivityRecord$Token
12-09 07:49:15.817 W/ActivityManager( 1592): 	at com.android.server.am.ActivityRecord.forTokenLocked(ActivityRecord.java:424)
12-09 07:49:15.817 W/ActivityManager( 1592): 	at com.android.server.am.ActivityRecord.isInStackLocked(ActivityRecord.java:1121)
12-09 07:49:15.817 W/ActivityManager( 1592): 	at com.android.server.am.ActivityRecord.getStackLocked(ActivityRecord.java:1126)
12-09 07:49:15.817 W/ActivityManager( 1592): 	at com.android.server.am.ActivityManagerService.getActivityDisplayId(ActivityManagerService.java:8889)
12-09 07:49:15.817 W/ActivityManager( 1592): 	at android.app.ActivityManagerNative.onTransact(ActivityManagerNative.java:2338)
12-09 07:49:15.817 W/ActivityManager( 1592): 	at com.android.server.am.ActivityManagerService.onTransact(ActivityManagerService.java:2443)
12-09 07:49:15.817 W/ActivityManager( 1592): 	at android.os.Binder.execTransact(Binder.java:453)
12-09 07:49:15.819 I/art     ( 7608): Background partial concurrent mark sweep GC freed 29039(1304KB) AllocSpace objects, 1(20KB) LOS objects, 39% free, 2MB/4MB, paused 7.400ms total 99.701ms
12-09 07:49:15.822 W/ActivityManager( 1592): Bad activity token: android.os.BinderProxy@ed99fcb
12-09 07:49:15.822 W/ActivityManager( 1592): java.lang.ClassCastException: android.os.BinderProxy cannot be cast to com.android.server.am.ActivityRecord$Token
12-09 07:49:15.822 W/ActivityManager( 1592): 	at com.android.server.am.ActivityRecord.forTokenLocked(ActivityRecord.java:424)
12-09 07:49:15.822 W/ActivityManager( 1592): 	at com.android.server.am.ActivityRecord.isInStackLocked(ActivityRecord.java:1121)
12-09 07:49:15.822 W/ActivityManager( 1592): 	at com.android.server.am.ActivityManagerService.setTaskDescription(ActivityManagerService.java:8547)
12-09 07:49:15.822 W/ActivityManager( 1592): 	at android.app.ActivityManagerNative.onTransact(ActivityManagerNative.java:2410)
12-09 07:49:15.822 W/ActivityManager( 1592): 	at com.android.server.am.ActivityManagerService.onTransact(ActivityManagerService.java:2443)
12-09 07:49:15.822 W/ActivityManager( 1592): 	at android.os.Binder.execTransact(Binder.java:453)
12-09 07:49:15.834 W/audio_hw_generic( 1308): Hardware backing HAL too slow, could only write 0 of 661 frames
12-09 07:49:15.897 W/ActivityManager( 1592): Bad activity token: android.os.BinderProxy@ed99fcb
12-09 07:49:15.897 W/ActivityManager( 1592): java.lang.ClassCastException: android.os.BinderProxy cannot be cast to com.android.server.am.ActivityRecord$Token
12-09 07:49:15.897 W/ActivityManager( 1592): 	at com.android.server.am.ActivityRecord.forTokenLocked(ActivityRecord.java:424)
12-09 07:49:15.897 W/ActivityManager( 1592): 	at com.android.server.am.ActivityRecord.isInStackLocked(ActivityRecord.java:1121)
12-09 07:49:15.897 W/ActivityManager( 1592): 	at com.android.server.am.ActivityManagerService.getActivityOptions(ActivityManagerService.java:11038)
12-09 07:49:15.897 W/ActivityManager( 1592): 	at android.app.ActivityManagerNative.onTransact(ActivityManagerNative.java:1734)
12-09 07:49:15.897 W/ActivityManager( 1592): 	at com.android.server.am.ActivityManagerService.onTransact(ActivityManagerService.java:2443)
12-09 07:49:15.897 W/ActivityManager( 1592): 	at android.os.Binder.execTransact(Binder.java:453)
12-09 07:49:15.897 W/ActivityManager( 1592): Bad activity token: android.os.BinderProxy@ed99fcb
12-09 07:49:15.897 W/ActivityManager( 1592): java.lang.ClassCastException: android.os.BinderProxy cannot be cast to com.android.server.am.ActivityRecord$Token
12-09 07:49:15.897 W/ActivityManager( 1592): 	at com.android.server.am.ActivityRecord.forTokenLocked(ActivityRecord.java:424)
12-09 07:49:15.897 W/ActivityManager( 1592): 	at com.android.server.am.ActivityRecord.isInStackLocked(ActivityRecord.java:1121)
12-09 07:49:15.897 W/ActivityManager( 1592): 	at com.android.server.am.ActivityManagerService.getActivityOptions(ActivityManagerService.java:11038)
12-09 07:49:15.897 W/ActivityManager( 1592): 	at android.app.ActivityManagerNative.onTransact(ActivityManagerNative.java:1734)
12-09 07:49:15.897 W/ActivityManager( 1592): 	at com.android.server.am.ActivityManagerService.onTransact(ActivityManagerService.java:2443)
12-09 07:49:15.897 W/ActivityManager( 1592): 	at android.os.Binder.execTransact(Binder.java:453)
12-09 07:49:15.921 I/System.out( 7608): URI: //map
12-09 07:49:15.921 I/System.out( 7608): params: {json={"query":"android.widget.ListView index:0 android.widget.TextView index:0","operation":{"method_name":"query","arguments":[]}}
12-09 07:49:15.921 I/System.out( 7608): }
12-09 07:49:16.107 W/audio_hw_generic( 1308): Not supplying enough data to HAL, expected position 9523335 , only wrote 9522366
12-09 07:49:16.107 W/audio_hw_generic( 1308): Not supplying enough data to HAL, expected position 9522373 , only wrote 9522366
12-09 07:49:16.122 W/audio_hw_generic( 1308): Not supplying enough data to HAL, expected position 9523034 , only wrote 9523027
12-09 07:49:16.167 I/art     ( 7608): Background sticky concurrent mark sweep GC freed 36637(1656KB) AllocSpace objects, 2(40KB) LOS objects, 30% free, 2MB/4MB, paused 1.059ms total 119.706ms
12-09 07:49:16.217 I/System.out( 7608): URI: //gesture
12-09 07:49:16.217 I/System.out( 7608): params: {json={"query_timeout":5.0,"gestures":[{"query_string":"android.widget.ListView index:0 android.widget.TextView index:0","touches":[{"x":50,"y":50,"offset_x":0,"offset_y":0,"wait":0.0,"time":0.2,"release":true,"query_string":null}]}]}
12-09 07:49:16.217 I/System.out( 7608): }
12-09 07:49:16.446 W/audio_hw_generic( 1308): Not supplying enough data to HAL, expected position 9537309 , only wrote 9533603
12-09 07:49:16.446 W/audio_hw_generic( 1308): Not supplying enough data to HAL, expected position 9533610 , only wrote 9533603
12-09 07:49:16.498 W/audio_hw_generic( 1308): Not supplying enough data to HAL, expected position 9535908 , only wrote 9534264
12-09 07:49:16.534 W/audio_hw_generic( 1308): Not supplying enough data to HAL, expected position 9535847 , only wrote 9535586
12-09 07:49:16.566 W/audio_hw_generic( 1308): Hardware backing HAL too slow, could only write 0 of 661 frames
12-09 07:49:16.582 W/audio_hw_generic( 1308): Hardware backing HAL too slow, could only write 0 of 661 frames
12-09 07:49:16.594 W/audio_hw_generic( 1308): Hardware backing HAL too slow, could only write 0 of 661 frames
12-09 07:49:16.766 W/audio_hw_generic( 1308): Not supplying enough data to HAL, expected position 9545832 , only wrote 9545501
12-09 07:49:16.767 W/audio_hw_generic( 1308): Not supplying enough data to HAL, expected position 9545508 , only wrote 9545501
12-09 07:49:16.858 W/audio_hw_generic( 1308): Not supplying enough data to HAL, expected position 9549534 , only wrote 9549467
12-09 07:49:16.858 W/audio_hw_generic( 1308): Not supplying enough data to HAL, expected position 9549474 , only wrote 9549467
12-09 07:49:16.878 W/audio_hw_generic( 1308): Not supplying enough data to HAL, expected position 9550327 , only wrote 9550128
12-09 07:49:16.910 W/audio_hw_generic( 1308): Not supplying enough data to HAL, expected position 9551532 , only wrote 9551450
12-09 07:49:16.940 W/audio_hw_generic( 1308): Hardware backing HAL too slow, could only write 0 of 661 frames
12-09 07:49:16.962 W/audio_hw_generic( 1308): Hardware backing HAL too slow, could only write 0 of 661 frames
12-09 07:49:16.978 W/audio_hw_generic( 1308): Hardware backing HAL too slow, could only write 0 of 661 frames
12-09 07:49:16.990 W/audio_hw_generic( 1308): Hardware backing HAL too slow, could only write 0 of 661 frames
12-09 07:49:17.068 I/art     ( 7608): Background partial concurrent mark sweep GC freed 63008(2MB) AllocSpace objects, 4(80KB) LOS objects, 39% free, 2MB/4MB, paused 6.034ms total 431.776ms
12-09 07:49:17.102 I/ActivityManager( 1592): START u0 {cmp=com.evancharlton.mileage/.VehicleActivity (has extras)} from uid 10121 on display 0
12-09 07:49:17.204 W/audio_hw_generic( 1308): Not supplying enough data to HAL, expected position 9564440 , only wrote 9561365
12-09 07:49:17.251 W/audio_hw_generic( 1308): Not supplying enough data to HAL, expected position 9563432 , only wrote 9562687
12-09 07:49:17.317 I/calabash( 7608): newActivity1
12-09 07:49:17.346 W/audio_hw_generic( 1308): Not supplying enough data to HAL, expected position 9566889 , only wrote 9566653
12-09 07:49:17.589 E/SurfaceFlinger( 1219): ro.sf.lcd_density must be defined as a build property
12-09 07:49:17.607 D/gralloc_ranchu( 1219): gralloc_alloc: Creating ashmem region of size 3686400
12-09 07:49:17.653 I/LatinIME:LogUtils( 1876): Dictionary info: dictionary = spellcheck_contacts.en_US ; version = 1544341757 ; date = ?
12-09 07:49:17.661 D/        ( 7637): HostConnection::get() New Host Connection established 0x7fb8ada52480, tid 7637
12-09 07:49:17.695 W/audio_hw_generic( 1308): Not supplying enough data to HAL, expected position 9582040 , only wrote 9581856
12-09 07:49:17.695 W/audio_hw_generic( 1308): Not supplying enough data to HAL, expected position 9581863 , only wrote 9581856
12-09 07:49:17.703 I/AccountManagerService( 1592): getTypesVisibleToCaller: isPermitted? true
12-09 07:49:17.714 W/audio_hw_generic( 1308): Not supplying enough data to HAL, expected position 9582678 , only wrote 9582517
12-09 07:49:17.718 E/EGL_emulation( 1219): tid 1219: eglCreateSyncKHR(1881): error 0x3004 (EGL_BAD_ATTRIBUTE)
12-09 07:49:17.746 W/audio_hw_generic( 1308): Not supplying enough data to HAL, expected position 9583928 , only wrote 9583839
12-09 07:49:17.787 I/LatinIME:LogUtils( 1876): Dictionary info: dictionary = spellcheck_userunigram.en_US ; version = 1544341757 ; date = ?
12-09 07:49:17.881 W/audio_hw_generic( 1308): Not supplying enough data to HAL, expected position 9589791 , only wrote 9589788
12-09 07:49:17.881 W/audio_hw_generic( 1308): Hardware backing HAL too slow, could only write 0 of 661 frames
12-09 07:49:17.901 V/PhoneStatusBar( 1699): setLightsOn(true)
12-09 07:49:17.902 I/LatinIME:LogUtils( 1876): Dictionary info: dictionary = main:en ; version = 54 ; date = 1414726273
12-09 07:49:17.916 W/audio_hw_generic( 1308): Hardware backing HAL too slow, could only write 0 of 661 frames
12-09 07:49:17.931 W/audio_hw_generic( 1308): Hardware backing HAL too slow, could only write 0 of 661 frames
12-09 07:49:17.940 W/art     ( 1592): Long monitor contention event with owner method=int com.android.server.wm.WindowManagerService.relayoutWindow(com.android.server.wm.Session, android.view.IWindow, int, android.view.WindowManager$LayoutParams, int, int, int, int, android.graphics.Rect, android.graphics.Rect, android.graphics.Rect, android.graphics.Rect, android.graphics.Rect, android.graphics.Rect, android.content.res.Configuration, android.view.Surface) from WindowManagerService.java:3103 waiters=0 for 166ms
12-09 07:49:17.950 W/audio_hw_generic( 1308): Hardware backing HAL too slow, could only write 0 of 661 frames
12-09 07:49:18.062 W/audio_hw_generic( 1308): Not supplying enough data to HAL, expected position 9597759 , only wrote 9597720
12-09 07:49:18.062 W/audio_hw_generic( 1308): Not supplying enough data to HAL, expected position 9597728 , only wrote 9597720
12-09 07:49:18.334 W/audio_hw_generic( 1308): Not supplying enough data to HAL, expected position 9609717 , only wrote 9608957
12-09 07:49:18.350 W/audio_hw_generic( 1308): Not supplying enough data to HAL, expected position 9609673 , only wrote 9609618
12-09 07:49:18.351 W/audio_hw_generic( 1308): Not supplying enough data to HAL, expected position 9609625 , only wrote 9609618
12-09 07:49:18.366 W/audio_hw_generic( 1308): Not supplying enough data to HAL, expected position 9610290 , only wrote 9610279
12-09 07:49:18.556 I/Choreographer( 7608): Skipped 57 frames!  The application may be doing too much work on its main thread.
12-09 07:49:18.651 W/audio_hw_generic( 1308): Not supplying enough data to HAL, expected position 9622859 , only wrote 9622838
12-09 07:49:18.688 W/audio_hw_generic( 1308): Not supplying enough data to HAL, expected position 9624470 , only wrote 9622838
12-09 07:49:18.708 W/audio_hw_generic( 1308): Not supplying enough data to HAL, expected position 9623714 , only wrote 9623499
12-09 07:49:18.736 D/gralloc_ranchu( 1219): gralloc_alloc: Creating ashmem region of size 3686400
12-09 07:49:18.738 W/audio_hw_generic( 1308): Hardware backing HAL too slow, could only write 0 of 661 frames
