12-09 07:43:16.688 W/audio_hw_generic( 1307): Not supplying enough data to HAL, expected position 6189611 , only wrote 6189604
12-09 07:43:16.704 W/audio_hw_generic( 1307): Not supplying enough data to HAL, expected position 6190309 , only wrote 6190265
12-09 07:43:16.786 W/audio_hw_generic( 1307): Not supplying enough data to HAL, expected position 6193900 , only wrote 6193570
12-09 07:43:16.829 W/audio_hw_generic( 1307): Hardware backing HAL too slow, could only write 0 of 661 frames
12-09 07:43:16.855 W/audio_hw_generic( 1307): Hardware backing HAL too slow, could only write 0 of 661 frames
12-09 07:43:16.878 W/audio_hw_generic( 1307): Hardware backing HAL too slow, could only write 0 of 661 frames
12-09 07:43:16.878 W/audio_hw_generic( 1307): Hardware backing HAL too slow, could only write 0 of 661 frames
12-09 07:43:16.893 W/audio_hw_generic( 1307): Hardware backing HAL too slow, could only write 0 of 661 frames
12-09 07:43:16.909 W/audio_hw_generic( 1307): Hardware backing HAL too slow, could only write 0 of 661 frames
12-09 07:43:16.924 W/audio_hw_generic( 1307): Hardware backing HAL too slow, could only write 0 of 661 frames
12-09 07:43:16.940 W/audio_hw_generic( 1307): Hardware backing HAL too slow, could only write 0 of 661 frames
12-09 07:43:17.040 W/art     ( 1592): Long monitor contention event with owner method=void com.android.server.wm.WindowAnimator$1.doFrame(long) from WindowAnimator.java:121 waiters=0 for 115ms
12-09 07:43:17.042 W/audio_hw_generic( 1307): Not supplying enough data to HAL, expected position 6204829 , only wrote 6204807
12-09 07:43:17.042 W/audio_hw_generic( 1307): Hardware backing HAL too slow, could only write 0 of 661 frames
12-09 07:43:17.042 W/audio_hw_generic( 1307): Hardware backing HAL too slow, could only write 0 of 661 frames
12-09 07:43:17.054 E/SurfaceFlinger( 1226): ro.sf.lcd_density must be defined as a build property
12-09 07:43:17.058 W/audio_hw_generic( 1307): Hardware backing HAL too slow, could only write 0 of 661 frames
12-09 07:43:17.078 W/audio_hw_generic( 1307): Hardware backing HAL too slow, could only write 0 of 661 frames
12-09 07:43:17.094 W/audio_hw_generic( 1307): Hardware backing HAL too slow, could only write 0 of 661 frames
12-09 07:43:17.116 D/gralloc_ranchu( 1226): gralloc_alloc: Creating ashmem region of size 3686400
12-09 07:43:17.131 D/        ( 5434): HostConnection::get() New Host Connection established 0x7f703e692480, tid 5434
12-09 07:43:17.194 E/EGL_emulation( 1226): tid 1226: eglCreateSyncKHR(1881): error 0x3004 (EGL_BAD_ATTRIBUTE)
12-09 07:43:17.198 W/audio_hw_generic( 1307): Hardware backing HAL too slow, could only write 0 of 661 frames
12-09 07:43:17.261 W/art     ( 1592): Long monitor contention event with owner method=void com.android.server.wm.WindowAnimator$1.doFrame(long) from WindowAnimator.java:121 waiters=0 for 221ms
12-09 07:43:17.336 W/audio_hw_generic( 1307): Not supplying enough data to HAL, expected position 6217805 , only wrote 6216044
12-09 07:43:17.336 W/audio_hw_generic( 1307): Not supplying enough data to HAL, expected position 6216051 , only wrote 6216044
12-09 07:43:17.371 W/audio_hw_generic( 1307): Not supplying enough data to HAL, expected position 6217558 , only wrote 6217366
12-09 07:43:17.443 W/audio_hw_generic( 1307): Hardware backing HAL too slow, could only write 0 of 661 frames
12-09 07:43:17.458 W/audio_hw_generic( 1307): Hardware backing HAL too slow, could only write 0 of 661 frames
12-09 07:43:17.473 W/audio_hw_generic( 1307): Hardware backing HAL too slow, could only write 0 of 661 frames
12-09 07:43:17.489 W/audio_hw_generic( 1307): Hardware backing HAL too slow, could only write 0 of 661 frames
12-09 07:43:17.574 W/audio_hw_generic( 1307): Not supplying enough data to HAL, expected position 6226306 , only wrote 6225959
12-09 07:43:17.574 W/audio_hw_generic( 1307): Not supplying enough data to HAL, expected position 6225989 , only wrote 6225959
12-09 07:43:17.714 W/audio_hw_generic( 1307): Not supplying enough data to HAL, expected position 6232131 , only wrote 6231908
12-09 07:43:17.832 W/art     ( 1592): Long monitor contention event with owner method=void com.android.server.wm.WindowAnimator$1.doFrame(long) from WindowAnimator.java:121 waiters=1 for 241ms
12-09 07:43:18.003 W/audio_hw_generic( 1307): Not supplying enough data to HAL, expected position 6244628 , only wrote 6244467
12-09 07:43:18.003 W/audio_hw_generic( 1307): Not supplying enough data to HAL, expected position 6244475 , only wrote 6244467
12-09 07:43:18.023 W/audio_hw_generic( 1307): Not supplying enough data to HAL, expected position 6245352 , only wrote 6245128
12-09 07:43:18.023 W/audio_hw_generic( 1307): Hardware backing HAL too slow, could only write 0 of 661 frames
12-09 07:43:18.050 W/audio_hw_generic( 1307): Hardware backing HAL too slow, could only write 0 of 661 frames
12-09 07:43:18.067 W/audio_hw_generic( 1307): Hardware backing HAL too slow, could only write 0 of 661 frames
12-09 07:43:18.080 W/art     ( 1592): Long monitor contention event with owner method=void com.android.server.wm.WindowAnimator$1.doFrame(long) from WindowAnimator.java:121 waiters=1 for 387ms
12-09 07:43:18.082 W/audio_hw_generic( 1307): Hardware backing HAL too slow, could only write 0 of 661 frames
12-09 07:43:18.110 W/audio_hw_generic( 1307): Hardware backing HAL too slow, could only write 0 of 661 frames
12-09 07:43:18.126 W/audio_hw_generic( 1307): Hardware backing HAL too slow, could only write 0 of 661 frames
12-09 07:43:18.187 W/audio_hw_generic( 1307): Hardware backing HAL too slow, could only write 0 of 661 frames
12-09 07:43:18.187 W/audio_hw_generic( 1307): Not supplying enough data to HAL, expected position 6252349 , only wrote 6251077
12-09 07:43:18.187 W/audio_hw_generic( 1307): Not supplying enough data to HAL, expected position 6251083 , only wrote 6251077
12-09 07:43:18.206 W/audio_hw_generic( 1307): Not supplying enough data to HAL, expected position 6251916 , only wrote 6251738
12-09 07:43:18.211 W/art     ( 1592): Long monitor contention event with owner method=void com.android.server.wm.WindowAnimator$1.doFrame(long) from WindowAnimator.java:121 waiters=1 for 131ms
12-09 07:43:18.245 W/audio_hw_generic( 1307): Hardware backing HAL too slow, could only write 0 of 661 frames
12-09 07:43:18.490 W/art     ( 1592): Long monitor contention event with owner method=void com.android.server.wm.WindowAnimator$1.doFrame(long) from WindowAnimator.java:121 waiters=1 for 178ms
12-09 07:43:18.670 W/art     ( 1592): Long monitor contention event with owner method=void com.android.server.wm.WindowAnimator$1.doFrame(long) from WindowAnimator.java:121 waiters=1 for 180ms
12-09 07:43:18.729 D/AndroidRuntime( 5437): >>>>>> START com.android.internal.os.RuntimeInit uid 0 <<<<<<
12-09 07:43:18.735 D/AndroidRuntime( 5437): CheckJNI is ON
12-09 07:43:18.772 D/ICU     ( 5437): No timezone override file found: /data/misc/zoneinfo/current/icu/icu_tzdata.dat
12-09 07:43:18.878 W/audio_hw_generic( 1307): Not supplying enough data to HAL, expected position 6281384 , only wrote 6278178
12-09 07:43:18.878 W/audio_hw_generic( 1307): Not supplying enough data to HAL, expected position 6278185 , only wrote 6278178
12-09 07:43:18.893 W/audio_hw_generic( 1307): Not supplying enough data to HAL, expected position 6278844 , only wrote 6278839
12-09 07:43:18.898 W/art     ( 1592): Long monitor contention event with owner method=java.util.List com.android.server.am.ActivityManagerService.getAllStackInfos() from ActivityManagerService.java:8937 waiters=0 for 1.593s
12-09 07:43:18.918 D/gralloc_ranchu( 1226): gralloc_alloc: Creating ashmem region of size 3686400
12-09 07:43:18.935 E/memtrack( 5437): Couldn't load memtrack module (No such file or directory)
12-09 07:43:18.935 E/android.os.Debug( 5437): failed to load memtrack module: -2
12-09 07:43:18.937 I/Radio-JNI( 5437): register_android_hardware_Radio DONE
12-09 07:43:18.979 D/AndroidRuntime( 5437): Calling main entry com.android.commands.input.Input
12-09 07:43:18.980 I/Input   ( 5437): injectKeyEvent: KeyEvent { action=ACTION_DOWN, keyCode=KEYCODE_BACK, scanCode=0, metaState=0, flags=0x0, repeatCount=0, eventTime=2813738, downTime=2813738, deviceId=-1, source=0x101 }
12-09 07:43:19.107 I/ActivityManager( 1592): Displayed com.evancharlton.mileage/.FillupInfoActivity: +2s851ms
12-09 07:43:19.255 W/audio_hw_generic( 1307): Not supplying enough data to HAL, expected position 6294770 , only wrote 6294042
12-09 07:43:19.262 W/audio_hw_generic( 1307): Hardware backing HAL too slow, could only write 0 of 661 frames
12-09 07:43:19.262 W/audio_hw_generic( 1307): Hardware backing HAL too slow, could only write 0 of 661 frames
12-09 07:43:19.270 W/art     ( 1592): Long monitor contention event with owner method=void com.android.server.wm.WindowAnimator$1.doFrame(long) from WindowAnimator.java:121 waiters=0 for 163ms
12-09 07:43:19.297 W/audio_hw_generic( 1307): Hardware backing HAL too slow, could only write 0 of 661 frames
12-09 07:43:19.307 W/audio_hw_generic( 1307): Hardware backing HAL too slow, could only write 0 of 661 frames
12-09 07:43:19.378 W/audio_hw_generic( 1307): Not supplying enough data to HAL, expected position 6303180 , only wrote 6298669
12-09 07:43:19.390 I/Input   ( 5437): injectKeyEvent: KeyEvent { action=ACTION_UP, keyCode=KEYCODE_BACK, scanCode=0, metaState=0, flags=0x0, repeatCount=0, eventTime=2813738, downTime=2813738, deviceId=-1, source=0x101 }
12-09 07:43:19.418 D/AndroidRuntime( 5437): Shutting down VM
12-09 07:43:19.703 W/ActivityManager( 1592): Bad activity token: android.os.BinderProxy@5c95855
12-09 07:43:19.703 W/ActivityManager( 1592): java.lang.ClassCastException: android.os.BinderProxy cannot be cast to com.android.server.am.ActivityRecord$Token
12-09 07:43:19.703 W/ActivityManager( 1592): 	at com.android.server.am.ActivityRecord.forTokenLocked(ActivityRecord.java:424)
12-09 07:43:19.703 W/ActivityManager( 1592): 	at com.android.server.am.ActivityRecord.isInStackLocked(ActivityRecord.java:1121)
12-09 07:43:19.703 W/ActivityManager( 1592): 	at com.android.server.am.ActivityManagerService.getActivityOptions(ActivityManagerService.java:11038)
12-09 07:43:19.703 W/ActivityManager( 1592): 	at android.app.ActivityManagerNative.onTransact(ActivityManagerNative.java:1734)
12-09 07:43:19.703 W/ActivityManager( 1592): 	at com.android.server.am.ActivityManagerService.onTransact(ActivityManagerService.java:2443)
12-09 07:43:19.703 W/ActivityManager( 1592): 	at android.os.Binder.execTransact(Binder.java:453)
12-09 07:43:19.708 I/System.out( 5325): URI: //gesture
12-09 07:43:19.708 I/System.out( 5325): params: {json={"query_timeout":5.0,"gestures":[{"query_string":"android.widget.TabWidget descendant TextView index:2","touches":[{"x":50,"y":50,"offset_x":0,"offset_y":0,"wait":0.0,"time":0.2,"release":true,"query_string":null}]}]}
12-09 07:43:19.708 I/System.out( 5325): }
12-09 07:43:19.920 V/PhoneStatusBar( 3078): setLightsOn(true)
12-09 07:43:19.949 W/art     ( 5325): Suspending all threads took: 8.198ms
12-09 07:43:19.955 D/gralloc_ranchu( 1226): gralloc_alloc: Creating ashmem region of size 3686400
12-09 07:43:19.986 I/art     ( 5325): Background sticky concurrent mark sweep GC freed 24150(1203KB) AllocSpace objects, 2(40KB) LOS objects, 27% free, 3MB/4MB, paused 9.399ms total 41.070ms
12-09 07:43:20.403 W/art     ( 1592): Long monitor contention event with owner method=void com.android.server.wm.WindowAnimator$1.doFrame(long) from WindowAnimator.java:121 waiters=0 for 105ms
12-09 07:43:20.597 W/art     ( 1592): Long monitor contention event with owner method=void com.android.server.wm.WindowAnimator$1.doFrame(long) from WindowAnimator.java:121 waiters=0 for 194ms
12-09 07:43:20.740 I/Choreographer( 5325): Skipped 41 frames!  The application may be doing too much work on its main thread.
12-09 07:43:20.746 D/gralloc_ranchu( 1226): gralloc_alloc: Creating ashmem region of size 3686400
12-09 07:43:21.176 D/gralloc_ranchu( 1226): gralloc_alloc: Creating ashmem region of size 3686400
12-09 07:43:21.530 I/calabash( 5325): newActivity1
12-09 07:43:21.532 W/ActivityManager( 1592): Bad activity token: android.os.BinderProxy@de952a3
12-09 07:43:21.532 W/ActivityManager( 1592): java.lang.ClassCastException: android.os.BinderProxy cannot be cast to com.android.server.am.ActivityRecord$Token
12-09 07:43:21.532 W/ActivityManager( 1592): 	at com.android.server.am.ActivityRecord.forTokenLocked(ActivityRecord.java:424)
12-09 07:43:21.532 W/ActivityManager( 1592): 	at com.android.server.am.ActivityRecord.isInStackLocked(ActivityRecord.java:1121)
12-09 07:43:21.532 W/ActivityManager( 1592): 	at com.android.server.am.ActivityRecord.getStackLocked(ActivityRecord.java:1126)
12-09 07:43:21.532 W/ActivityManager( 1592): 	at com.android.server.am.ActivityManagerService.getActivityDisplayId(ActivityManagerService.java:8889)
12-09 07:43:21.532 W/ActivityManager( 1592): 	at android.app.ActivityManagerNative.onTransact(ActivityManagerNative.java:2338)
12-09 07:43:21.532 W/ActivityManager( 1592): 	at com.android.server.am.ActivityManagerService.onTransact(ActivityManagerService.java:2443)
12-09 07:43:21.532 W/ActivityManager( 1592): 	at android.os.Binder.execTransact(Binder.java:453)
12-09 07:43:21.532 W/ActivityManager( 1592): Bad activity token: android.os.BinderProxy@de952a3
12-09 07:43:21.532 W/ActivityManager( 1592): java.lang.ClassCastException: android.os.BinderProxy cannot be cast to com.android.server.am.ActivityRecord$Token
12-09 07:43:21.532 W/ActivityManager( 1592): 	at com.android.server.am.ActivityRecord.forTokenLocked(ActivityRecord.java:424)
12-09 07:43:21.532 W/ActivityManager( 1592): 	at com.android.server.am.ActivityRecord.isInStackLocked(ActivityRecord.java:1121)
12-09 07:43:21.532 W/ActivityManager( 1592): 	at com.android.server.am.ActivityManagerService.setTaskDescription(ActivityManagerService.java:8547)
12-09 07:43:21.532 W/ActivityManager( 1592): 	at android.app.ActivityManagerNative.onTransact(ActivityManagerNative.java:2410)
12-09 07:43:21.532 W/ActivityManager( 1592): 	at com.android.server.am.ActivityManagerService.onTransact(ActivityManagerService.java:2443)
12-09 07:43:21.532 W/ActivityManager( 1592): 	at android.os.Binder.execTransact(Binder.java:453)
12-09 07:43:21.594 W/audio_hw_generic( 1307): Hardware backing HAL too slow, could only write 0 of 661 frames
12-09 07:43:21.613 D/VehicleStatisticsActivity( 5325): Checking recalculation ...
12-09 07:43:21.622 D/VehicleStatisticsActivity( 5325): Recalculating statistics
12-09 07:43:21.622 D/VehicleStatisticsTask( 5325): Calculation starting...
12-09 07:43:21.622 D/VehicleStatisticsActivity( 5325): Recalculation started!
12-09 07:43:21.634 W/audio_hw_generic( 1307): Hardware backing HAL too slow, could only write 0 of 661 frames
12-09 07:43:21.652 W/audio_hw_generic( 1307): Hardware backing HAL too slow, could only write 0 of 661 frames
12-09 07:43:21.654 W/ActivityManager( 1592): Bad activity token: android.os.BinderProxy@de952a3
12-09 07:43:21.654 W/ActivityManager( 1592): java.lang.ClassCastException: android.os.BinderProxy cannot be cast to com.android.server.am.ActivityRecord$Token
12-09 07:43:21.654 W/ActivityManager( 1592): 	at com.android.server.am.ActivityRecord.forTokenLocked(ActivityRecord.java:424)
12-09 07:43:21.654 W/ActivityManager( 1592): 	at com.android.server.am.ActivityRecord.isInStackLocked(ActivityRecord.java:1121)
12-09 07:43:21.654 W/ActivityManager( 1592): 	at com.android.server.am.ActivityManagerService.getActivityOptions(ActivityManagerService.java:11038)
12-09 07:43:21.654 W/ActivityManager( 1592): 	at android.app.ActivityManagerNative.onTransact(ActivityManagerNative.java:1734)
12-09 07:43:21.654 W/ActivityManager( 1592): 	at com.android.server.am.ActivityManagerService.onTransact(ActivityManagerService.java:2443)
12-09 07:43:21.654 W/ActivityManager( 1592): 	at android.os.Binder.execTransact(Binder.java:453)
12-09 07:43:21.654 W/ActivityManager( 1592): Bad activity token: android.os.BinderProxy@de952a3
12-09 07:43:21.654 W/ActivityManager( 1592): java.lang.ClassCastException: android.os.BinderProxy cannot be cast to com.android.server.am.ActivityRecord$Token
12-09 07:43:21.654 W/ActivityManager( 1592): 	at com.android.server.am.ActivityRecord.forTokenLocked(ActivityRecord.java:424)
12-09 07:43:21.654 W/ActivityManager( 1592): 	at com.android.server.am.ActivityRecord.isInStackLocked(ActivityRecord.java:1121)
12-09 07:43:21.654 W/ActivityManager( 1592): 	at com.android.server.am.ActivityManagerService.getActivityOptions(ActivityManagerService.java:11038)
12-09 07:43:21.654 W/ActivityManager( 1592): 	at android.app.ActivityManagerNative.onTransact(ActivityManagerNative.java:1734)
12-09 07:43:21.654 W/ActivityManager( 1592): 	at com.android.server.am.ActivityManagerService.onTransact(ActivityManagerService.java:2443)
12-09 07:43:21.654 W/ActivityManager( 1592): 	at android.os.Binder.execTransact(Binder.java:453)
12-09 07:43:21.658 W/audio_hw_generic( 1307): Hardware backing HAL too slow, could only write 0 of 661 frames
12-09 07:43:21.670 W/audio_hw_generic( 1307): Hardware backing HAL too slow, could only write 0 of 661 frames
12-09 07:43:21.685 W/audio_hw_generic( 1307): Hardware backing HAL too slow, could only write 0 of 661 frames
12-09 07:43:21.701 W/audio_hw_generic( 1307): Hardware backing HAL too slow, could only write 0 of 661 frames
12-09 07:43:21.816 W/audio_hw_generic( 1307): Not supplying enough data to HAL, expected position 6310111 , only wrote 6307262
12-09 07:43:21.816 W/audio_hw_generic( 1307): Not supplying enough data to HAL, expected position 6307269 , only wrote 6307262
12-09 07:43:21.844 W/audio_hw_generic( 1307): Not supplying enough data to HAL, expected position 6308491 , only wrote 6307923
12-09 07:43:21.859 D/VehicleStatisticsActivity( 5325): Checking recalculation ...
12-09 07:43:21.897 W/audio_hw_generic( 1307): Not supplying enough data to HAL, expected position 6310251 , only wrote 6309245
12-09 07:43:21.899 D/CalculateTask( 5325): Recalculating...
12-09 07:43:21.902 D/VehicleStatisticsActivity( 5325): Recalculating statistics
12-09 07:43:21.902 D/VehicleStatisticsTask( 5325): Calculation starting...
12-09 07:43:21.902 D/VehicleStatisticsActivity( 5325): Recalculation started!
12-09 07:43:22.015 E/SurfaceFlinger( 1226): ro.sf.lcd_density must be defined as a build property
12-09 07:43:22.016 D/gralloc_ranchu( 1226): gralloc_alloc: Creating ashmem region of size 3686400
12-09 07:43:22.019 D/CalculateTask( 5325): Recalculating...
12-09 07:43:22.057 D/Mileage.ABS( 5325): Finished backup
12-09 07:43:22.072 D/VehicleStatisticsTask( 5325): Done recalculating!
12-09 07:43:22.078 D/        ( 5448): HostConnection::get() New Host Connection established 0x7f7b37e92480, tid 5448
12-09 07:43:22.082 D/Mileage.ABS( 5325): Not backing up; 27
12-09 07:43:22.106 E/EGL_emulation( 1226): tid 1226: eglCreateSyncKHR(1881): error 0x3004 (EGL_BAD_ATTRIBUTE)
12-09 07:43:22.163 D/VehicleStatisticsAdapter( 5325): Erasing the cache ...
12-09 07:43:22.185 D/VehicleStatisticsAdapter( 5325): Building new values ...
12-09 07:43:22.194 D/VehicleStatisticsAdapter( 5325): Writing 29 records to the database ...
12-09 07:43:22.246 W/audio_hw_generic( 1307): Not supplying enough data to HAL, expected position 6324642 , only wrote 6324448
12-09 07:43:22.370 D/VehicleStatisticsTask( 5325): Done recalculating!
12-09 07:43:22.383 D/Mileage.ABS( 5325): Not backing up; 328
12-09 07:43:22.417 D/VehicleStatisticsAdapter( 5325): Erasing the cache ...
12-09 07:43:22.492 D/VehicleStatisticsAdapter( 5325): Building new values ...
12-09 07:43:22.492 D/VehicleStatisticsAdapter( 5325): Writing 29 records to the database ...
12-09 07:43:22.550 D/Mileage.ABS( 5325): Not backing up; 495
12-09 07:43:22.550 D/Mileage.ABS( 5325): Not backing up; 495
12-09 07:43:22.604 D/Mileage.ABS( 5325): Not backing up; 549
12-09 07:43:22.666 D/Mileage.ABS( 5325): Not backing up; 611
12-09 07:43:22.667 D/Mileage.ABS( 5325): Not backing up; 612
12-09 07:43:22.713 W/audio_hw_generic( 1307): Not supplying enough data to HAL, expected position 6345018 , only wrote 6344939
12-09 07:43:22.751 D/Mileage.ABS( 5325): Not backing up; 696
12-09 07:43:22.752 D/Mileage.ABS( 5325): Not backing up; 697
12-09 07:43:22.756 W/audio_hw_generic( 1307): Not supplying enough data to HAL, expected position 6346871 , only wrote 6346261
12-09 07:43:22.888 D/Mileage.ABS( 5325): Not backing up; 833
12-09 07:43:22.945 D/Mileage.ABS( 5325): Not backing up; 890
12-09 07:43:23.010 I/System.out( 5325): URI: //map
12-09 07:43:23.010 I/System.out( 5325): params: {json={"query":"* {text CONTAINS[c] 'Average fuel economy'}","operation":{"method_name":"query","arguments":[]}}
12-09 07:43:23.010 I/System.out( 5325): }
12-09 07:43:23.054 W/audio_hw_generic( 1307): Hardware backing HAL too slow, could only write 0 of 661 frames
12-09 07:43:23.182 D/Mileage.ABS( 5325): Finished backup
12-09 07:43:23.182 D/Mileage.ABS( 5325): Not backing up; 51
12-09 07:43:23.182 D/Mileage.ABS( 5325): Not backing up; 51
12-09 07:43:23.182 D/Mileage.ABS( 5325): Not backing up; 51
12-09 07:43:23.196 I/art     ( 5325): Background sticky concurrent mark sweep GC freed 25559(1111KB) AllocSpace objects, 1(20KB) LOS objects, 17% free, 3MB/4MB, paused 33.823ms total 184.852ms
12-09 07:43:23.196 D/Mileage.ABS( 5325): Not backing up; 52
12-09 07:43:23.222 D/Mileage.ABS( 5325): Not backing up; 91
12-09 07:43:23.223 D/Mileage.ABS( 5325): Not backing up; 92
12-09 07:43:23.223 D/Mileage.ABS( 5325): Not backing up; 92
12-09 07:43:23.223 D/Mileage.ABS( 5325): Not backing up; 92
12-09 07:43:23.224 D/Mileage.ABS( 5325): Not backing up; 93
12-09 07:43:23.315 D/Mileage.ABS( 5325): Not backing up; 184
12-09 07:43:23.372 I/art     ( 5325): Background partial concurrent mark sweep GC freed 6185(538KB) AllocSpace objects, 5(104KB) LOS objects, 40% free, 3MB/5MB, paused 6.208ms total 153.797ms
12-09 07:43:23.390 W/audio_hw_generic( 1307): Not supplying enough data to HAL, expected position 6374216 , only wrote 6374023
12-09 07:43:23.486 D/Mileage.ABS( 5325): Not backing up; 355
12-09 07:43:23.486 D/Mileage.ABS( 5325): Not backing up; 355
12-09 07:43:23.487 D/Mileage.ABS( 5325): Not backing up; 355
12-09 07:43:23.487 D/Mileage.ABS( 5325): Not backing up; 356
12-09 07:43:23.487 D/Mileage.ABS( 5325): Not backing up; 356
12-09 07:43:23.487 D/Mileage.ABS( 5325): Not backing up; 356
12-09 07:43:23.487 D/Mileage.ABS( 5325): Not backing up; 356
12-09 07:43:23.488 D/Mileage.ABS( 5325): Not backing up; 357
12-09 07:43:23.488 D/Mileage.ABS( 5325): Not backing up; 357
12-09 07:43:23.606 W/audio_hw_generic( 1307): Hardware backing HAL too slow, could only write 0 of 661 frames
12-09 07:43:23.620 D/Mileage.ABS( 5325): Not backing up; 489
12-09 07:43:23.620 D/Mileage.ABS( 5325): Not backing up; 489
12-09 07:43:23.621 D/Mileage.ABS( 5325): Not backing up; 490
12-09 07:43:23.630 D/Mileage.ABS( 5325): Not backing up; 499
12-09 07:43:23.774 I/System.out( 5325): URI: //gesture
12-09 07:43:23.774 I/System.out( 5325): params: {json={"query_timeout":5.0,"gestures":[{"query_string":"* {text CONTAINS[c] 'Average fuel economy'}","touches":[{"x":50,"y":50,"offset_x":0,"offset_y":0,"wait":0.0,"time":0.2,"release":true,"query_string":null}]}]}
12-09 07:43:23.774 I/System.out( 5325): }
12-09 07:43:23.869 D/Mileage.ABS( 5325): Not backing up; 738
12-09 07:43:23.870 D/Mileage.ABS( 5325): Not backing up; 739
12-09 07:43:23.870 D/Mileage.ABS( 5325): Not backing up; 739
12-09 07:43:23.870 D/Mileage.ABS( 5325): Not backing up; 739
12-09 07:43:23.870 D/Mileage.ABS( 5325): Not backing up; 739
12-09 07:43:23.870 D/Mileage.ABS( 5325): Not backing up; 739
12-09 07:43:23.871 D/Mileage.ABS( 5325): Not backing up; 740
12-09 07:43:23.871 D/Mileage.ABS( 5325): Not backing up; 740
12-09 07:43:23.871 D/Mileage.ABS( 5325): Not backing up; 740
12-09 07:43:23.872 D/Mileage.ABS( 5325): Not backing up; 741
12-09 07:43:23.872 D/Mileage.ABS( 5325): Not backing up; 741
12-09 07:43:23.872 D/Mileage.ABS( 5325): Not backing up; 741
12-09 07:43:23.894 W/art     ( 5325): Suspending all threads took: 16.092ms
12-09 07:43:23.964 I/art     ( 5325): Background sticky concurrent mark sweep GC freed 45767(2MB) AllocSpace objects, 2(40KB) LOS objects, 37% free, 3MB/5MB, paused 17.693ms total 117.569ms
12-09 07:43:24.058 D/Mileage.ABS( 5325): Not backing up; 927
12-09 07:43:24.058 D/Mileage.ABS( 5325): Not backing up; 927
12-09 07:43:24.112 W/audio_hw_generic( 1307): Not supplying enough data to HAL, expected position 6405850 , only wrote 6405090
12-09 07:43:24.126 W/audio_hw_generic( 1307): Not supplying enough data to HAL, expected position 6405710 , only wrote 6405090
12-09 07:43:24.146 W/audio_hw_generic( 1307): Not supplying enough data to HAL, expected position 6405968 , only wrote 6405751
12-09 07:43:24.254 W/audio_hw_generic( 1307): Not supplying enough data to HAL, expected position 6410511 , only wrote 6409717
12-09 07:43:24.254 W/audio_hw_generic( 1307): Not supplying enough data to HAL, expected position 6409723 , only wrote 6409717
12-09 07:43:24.278 W/audio_hw_generic( 1307): Not supplying enough data to HAL, expected position 6410775 , only wrote 6410378
12-09 07:43:24.465 D/Mileage.ABS( 5325): Finished backup
12-09 07:43:24.489 D/Mileage.ABS( 5325): Not backing up; 45
12-09 07:43:24.489 D/Mileage.ABS( 5325): Not backing up; 45
12-09 07:43:24.506 W/audio_hw_generic( 1307): Not supplying enough data to HAL, expected position 6420422 , only wrote 6420293
12-09 07:43:24.526 I/ActivityManager( 1592): START u0 {cmp=com.evancharlton.mileage/.charts.AverageFuelEconomyChart (has extras)} from uid 10117 on display 0
12-09 07:43:24.634 W/audio_hw_generic( 1307): Hardware backing HAL too slow, could only write 0 of 661 frames
12-09 07:43:24.741 D/VehicleStatisticsAdapter( 5325): Caching of 29 records complete! (2.547 seconds)
12-09 07:43:24.792 D/VehicleStatisticsAdapter( 5325): Caching of 29 records complete! (2.3 seconds)
12-09 07:43:24.806 D/Mileage.ABS( 5325): Not backing up; 362
12-09 07:43:24.943 W/audio_hw_generic( 1307): Not supplying enough data to HAL, expected position 6439575 , only wrote 6434835
12-09 07:43:24.993 W/audio_hw_generic( 1307): Not supplying enough data to HAL, expected position 6437052 , only wrote 6434835
12-09 07:43:25.000 I/calabash( 5325): newActivity1
12-09 07:43:25.020 W/aiCharts( 5325): License file is invalid or missing. 
12-09 07:43:25.020 W/aiCharts( 5325): Please place proper license.lic to /assets folder.
12-09 07:43:25.038 D/Mileage.ABS( 5325): Not backing up; 594
12-09 07:43:25.038 D/Mileage.ABS( 5325): Not backing up; 594
12-09 07:43:25.038 D/Mileage.ABS( 5325): Not backing up; 594
12-09 07:43:25.039 D/Mileage.ABS( 5325): Not backing up; 595
12-09 07:43:25.044 D/Mileage.ABS( 5325): Not backing up; 600
12-09 07:43:25.044 D/Mileage.ABS( 5325): Not backing up; 600
12-09 07:43:25.045 D/Mileage.ABS( 5325): Not backing up; 601
12-09 07:43:25.045 D/Mileage.ABS( 5325): Not backing up; 601
12-09 07:43:25.118 V/PhoneStatusBar( 3078): setLightsOn(true)
12-09 07:43:25.174 E/SurfaceFlinger( 1226): ro.sf.lcd_density must be defined as a build property
12-09 07:43:25.178 D/gralloc_ranchu( 1226): gralloc_alloc: Creating ashmem region of size 3686400
12-09 07:43:25.300 D/        ( 5469): HostConnection::get() New Host Connection established 0x7f46ccfd2480, tid 5469
12-09 07:43:25.359 E/EGL_emulation( 1226): tid 1226: eglCreateSyncKHR(1881): error 0x3004 (EGL_BAD_ATTRIBUTE)
12-09 07:43:25.446 W/audio_hw_generic( 1307): Not supplying enough data to HAL, expected position 6454814 , only wrote 6454665
12-09 07:43:25.447 W/audio_hw_generic( 1307): Not supplying enough data to HAL, expected position 6454672 , only wrote 6454665
12-09 07:43:25.468 W/audio_hw_generic( 1307): Not supplying enough data to HAL, expected position 6455621 , only wrote 6455326
12-09 07:43:25.534 W/audio_hw_generic( 1307): Not supplying enough data to HAL, expected position 6458211 , only wrote 6457970
12-09 07:43:25.534 W/audio_hw_generic( 1307): Not supplying enough data to HAL, expected position 6457977 , only wrote 6457970
12-09 07:43:25.549 D/gralloc_ranchu( 1226): gralloc_alloc: Creating ashmem region of size 372736
12-09 07:43:25.588 W/audio_hw_generic( 1307): Not supplying enough data to HAL, expected position 6460354 , only wrote 6458631
12-09 07:43:25.618 W/audio_hw_generic( 1307): Hardware backing HAL too slow, could only write 0 of 661 frames
12-09 07:43:25.633 W/audio_hw_generic( 1307): Hardware backing HAL too slow, could only write 0 of 661 frames
12-09 07:43:25.649 W/audio_hw_generic( 1307): Hardware backing HAL too slow, could only write 0 of 661 frames
12-09 07:43:25.666 W/audio_hw_generic( 1307): Hardware backing HAL too slow, could only write 0 of 661 frames
12-09 07:43:25.682 W/audio_hw_generic( 1307): Hardware backing HAL too slow, could only write 0 of 661 frames
12-09 07:43:25.693 W/audio_hw_generic( 1307): Hardware backing HAL too slow, could only write 0 of 661 frames
12-09 07:43:25.816 W/audio_hw_generic( 1307): Not supplying enough data to HAL, expected position 6468669 , only wrote 6468546
12-09 07:43:25.888 W/art     ( 1592): Long monitor contention event with owner method=void com.android.server.wm.WindowAnimator$1.doFrame(long) from WindowAnimator.java:121 waiters=0 for 123ms
12-09 07:43:25.968 W/audio_hw_generic( 1307): Not supplying enough data to HAL, expected position 6475272 , only wrote 6475156
12-09 07:43:25.968 W/audio_hw_generic( 1307): Not supplying enough data to HAL, expected position 6475163 , only wrote 6475156
12-09 07:43:25.997 W/audio_hw_generic( 1307): Not supplying enough data to HAL, expected position 6476414 , only wrote 6475817
12-09 07:43:26.029 W/audio_hw_generic( 1307): Not supplying enough data to HAL, expected position 6477225 , only wrote 6477139
12-09 07:43:26.138 W/audio_hw_generic( 1307): Not supplying enough data to HAL, expected position 6481962 , only wrote 6480444
12-09 07:43:26.177 W/audio_hw_generic( 1307): Hardware backing HAL too slow, could only write 0 of 661 frames
12-09 07:43:26.190 W/audio_hw_generic( 1307): Hardware backing HAL too slow, could only write 0 of 661 frames
12-09 07:43:26.206 W/audio_hw_generic( 1307): Hardware backing HAL too slow, could only write 0 of 661 frames
12-09 07:43:26.234 W/audio_hw_generic( 1307): Hardware backing HAL too slow, could only write 0 of 661 frames
12-09 07:43:26.280 W/art     ( 1592): Long monitor contention event with owner method=void com.android.server.wm.WindowAnimator$1.doFrame(long) from WindowAnimator.java:121 waiters=0 for 212ms
12-09 07:43:26.382 W/audio_hw_generic( 1307): Not supplying enough data to HAL, expected position 6491194 , only wrote 6491020
12-09 07:43:26.395 W/art     ( 1592): Long monitor contention event with owner method=void com.android.server.wm.WindowAnimator$1.doFrame(long) from WindowAnimator.java:121 waiters=1 for 248ms
12-09 07:43:26.459 W/audio_hw_generic( 1307): Not supplying enough data to HAL, expected position 6494398 , only wrote 6494325
12-09 07:43:26.459 W/audio_hw_generic( 1307): Not supplying enough data to HAL, expected position 6494333 , only wrote 6494325
12-09 07:43:26.494 W/audio_hw_generic( 1307): Not supplying enough data to HAL, expected position 6495899 , only wrote 6494986
12-09 07:43:26.557 W/art     ( 1592): Long monitor contention event with owner method=void com.android.server.wm.WindowAnimator$1.doFrame(long) from WindowAnimator.java:121 waiters=1 for 276ms
12-09 07:43:26.671 W/art     ( 1592): Long monitor contention event with owner method=void com.android.server.wm.WindowAnimator$1.doFrame(long) from WindowAnimator.java:121 waiters=1 for 276ms
12-09 07:43:26.755 W/audio_hw_generic( 1307): Hardware backing HAL too slow, could only write 0 of 661 frames
12-09 07:43:26.757 W/art     ( 1592): Long monitor contention event with owner method=void com.android.server.wm.WindowAnimator$1.doFrame(long) from WindowAnimator.java:121 waiters=1 for 200ms
12-09 07:43:26.940 W/art     ( 1592): Long monitor contention event with owner method=void com.android.server.wm.WindowAnimator$1.doFrame(long) from WindowAnimator.java:121 waiters=1 for 183ms
12-09 07:43:27.043 W/art     ( 1592): Long monitor contention event with owner method=void com.android.server.wm.WindowAnimator$1.doFrame(long) from WindowAnimator.java:121 waiters=1 for 193ms
12-09 07:43:27.129 W/art     ( 1592): Long monitor contention event with owner method=void com.android.server.wm.WindowAnimator$1.doFrame(long) from WindowAnimator.java:121 waiters=1 for 189ms
12-09 07:43:27.218 W/audio_hw_generic( 1307): Not supplying enough data to HAL, expected position 6526876 , only wrote 6526714
12-09 07:43:27.240 W/audio_hw_generic( 1307): Not supplying enough data to HAL, expected position 6527717 , only wrote 6526714
12-09 07:43:27.261 W/audio_hw_generic( 1307): Not supplying enough data to HAL, expected position 6527619 , only wrote 6527375
12-09 07:43:27.335 W/audio_hw_generic( 1307): Not supplying enough data to HAL, expected position 6530649 , only wrote 6530019
12-09 07:43:27.335 W/audio_hw_generic( 1307): Not supplying enough data to HAL, expected position 6530025 , only wrote 6530019
12-09 07:43:27.354 W/audio_hw_generic( 1307): Not supplying enough data to HAL, expected position 6530849 , only wrote 6530680
