--------- beginning of main
12-09 08:23:54.706 W/audio_hw_generic( 1307): Not supplying enough data to HAL, expected position 33584538 , only wrote 33584088
12-09 08:23:54.706 W/audio_hw_generic( 1307): Not supplying enough data to HAL, expected position 33584095 , only wrote 33584088
12-09 08:23:54.719 D/gralloc_ranchu( 1226): gralloc_alloc: Creating ashmem region of size 708608
12-09 08:23:54.722 W/audio_hw_generic( 1307): Not supplying enough data to HAL, expected position 33584776 , only wrote 33584749
12-09 08:23:54.815 E/EGL_emulation( 1226): tid 1226: eglCreateSyncKHR(1881): error 0x3004 (EGL_BAD_ATTRIBUTE)
12-09 08:23:54.818 W/audio_hw_generic( 1307): Hardware backing HAL too slow, could only write 0 of 661 frames
--------- beginning of system
12-09 08:23:54.842 W/ActivityManager( 1592): Finishing task with all activities already finished
12-09 08:23:54.842 W/ActivityManager( 1592): Duplicate finish request for ActivityRecord{2172456 u0 com.evancharlton.mileage/.Mileage t459 f}
12-09 08:23:54.854 I/art     ( 1592): WaitForGcToComplete blocked for 13.209ms for cause Background
12-09 08:23:54.949 W/ActivityManager( 1592): Finishing task with all activities already finished
12-09 08:23:54.949 W/ActivityManager( 1592): Duplicate finish request for ActivityRecord{2172456 u0 com.evancharlton.mileage/.Mileage t459 f}
12-09 08:23:54.976 I/art     ( 1592): Background partial concurrent mark sweep GC freed 10765(737KB) AllocSpace objects, 6(120KB) LOS objects, 29% free, 9MB/13MB, paused 12.400ms total 106.673ms
12-09 08:23:54.979 W/ActivityManager( 1592): Finishing task with all activities already finished
12-09 08:23:54.980 W/ActivityManager( 1592): Duplicate finish request for ActivityRecord{2172456 u0 com.evancharlton.mileage/.Mileage t459 f}
12-09 08:23:55.101 W/audio_hw_generic( 1307): Not supplying enough data to HAL, expected position 33617094 , only wrote 33601274
12-09 08:23:55.422 D/EGL_emulation( 1915): eglMakeCurrent: 0x7f8b2dda1d20: ver 2 0 (tinfo 0x7f8b2dd828c0)
12-09 08:23:55.770 D/AndroidRuntime(16525): >>>>>> START com.android.internal.os.RuntimeInit uid 0 <<<<<<
12-09 08:23:55.771 D/AndroidRuntime(16525): CheckJNI is ON
12-09 08:23:55.858 D/ICU     (16525): No timezone override file found: /data/misc/zoneinfo/current/icu/icu_tzdata.dat
12-09 08:23:55.915 W/art     ( 1592): Long monitor contention event with owner method=void com.android.server.wm.WindowAnimator$1.doFrame(long) from WindowAnimator.java:121 waiters=2 for 404ms
12-09 08:23:55.917 W/art     ( 1592): Long monitor contention event with owner method=void com.android.server.wm.WindowAnimator$1.doFrame(long) from WindowAnimator.java:121 waiters=2 for 337ms
12-09 08:23:55.942 W/art     ( 1592): Long monitor contention event with owner method=void com.android.server.am.ActivityManagerService.activityDestroyed(android.os.IBinder) from ActivityManagerService.java:6475 waiters=0 for 548ms
12-09 08:23:55.986 W/art     ( 1592): Long monitor contention event with owner method=void com.android.server.am.ActivityManagerService.activityDestroyed(android.os.IBinder) from ActivityManagerService.java:6475 waiters=1 for 476ms
12-09 08:23:55.996 E/memtrack(16525): Couldn't load memtrack module (No such file or directory)
12-09 08:23:55.996 E/android.os.Debug(16525): failed to load memtrack module: -2
12-09 08:23:56.059 I/Radio-JNI(16525): register_android_hardware_Radio DONE
12-09 08:23:56.080 D/AndroidRuntime(16525): Calling main entry com.android.commands.am.Am
12-09 08:23:56.311 W/art     ( 1592): Long monitor contention event with owner method=void com.android.server.wm.WindowAnimator$1.doFrame(long) from WindowAnimator.java:121 waiters=1 for 243ms
12-09 08:23:56.313 W/art     ( 1592): Long monitor contention event with owner method=com.android.internal.view.InputBindResult com.android.server.InputMethodManagerService.windowGainedFocus(com.android.internal.view.IInputMethodClient, android.os.IBinder, int, int, int, android.view.inputmethod.EditorInfo, com.android.internal.view.IInputContext) from InputMethodManagerService.java:2177 waiters=0 for 385ms
12-09 08:23:56.313 I/Choreographer( 1915): Skipped 52 frames!  The application may be doing too much work on its main thread.
12-09 08:23:56.314 W/art     ( 1592): Long monitor contention event with owner method=java.util.List com.android.server.am.ActivityManagerService.getAllStackInfos() from ActivityManagerService.java:8937 waiters=0 for 211ms
12-09 08:23:56.314 I/ActivityManager( 1592): Force stopping com.evancharlton.mileage appid=10137 user=0: start instr
12-09 08:23:56.315 I/ActivityManager( 1592): Killing 16456:com.evancharlton.mileage/u0a137 (adj 0): stop com.evancharlton.mileage
12-09 08:23:56.426 E/JavaBinder( 1878): !!! FAILED BINDER TRANSACTION !!!  (parcel size = 88)
12-09 08:23:56.490 E/JavaBinder( 1878): !!! FAILED BINDER TRANSACTION !!!  (parcel size = 92)
12-09 08:23:56.709 W/ActivityManager( 1592): Crash of app com.evancharlton.mileage running instrumentation ComponentInfo{com.evancharlton.mileage.test/sh.calaba.instrumentationbackend.CalabashInstrumentationTestRunner}
12-09 08:23:56.709 I/ActivityManager( 1592): Force stopping com.evancharlton.mileage appid=10137 user=0: finished inst
12-09 08:23:56.718 D/EGL_emulation( 1878): eglMakeCurrent: 0x7f8b2dda1640: ver 2 0 (tinfo 0x7f8b2dd82840)
12-09 08:23:56.722 I/WindowState( 1592): WIN DEATH: Window{c164742 u0 Toast EXITING}
12-09 08:23:56.725 I/WindowState( 1592): WIN DEATH: Window{e5f4f06 u0 com.evancharlton.mileage/com.evancharlton.mileage.Mileage EXITING}
12-09 08:23:56.727 E/Surface ( 1878): getSlotFromBufferLocked: unknown buffer: 0x7f8b2dda22c0
12-09 08:23:56.772 W/WindowAnimator( 1592): Failed to dispatch window animation state change.
12-09 08:23:56.772 W/WindowAnimator( 1592): android.os.DeadObjectException
12-09 08:23:56.772 W/WindowAnimator( 1592): 	at android.os.BinderProxy.transactNative(Native Method)
12-09 08:23:56.772 W/WindowAnimator( 1592): 	at android.os.BinderProxy.transact(Binder.java:503)
12-09 08:23:56.772 W/WindowAnimator( 1592): 	at android.view.IWindow$Stub$Proxy.onAnimationStopped(IWindow.java:534)
12-09 08:23:56.772 W/WindowAnimator( 1592): 	at com.android.server.wm.WindowAnimator.updateWindowsLocked(WindowAnimator.java:286)
12-09 08:23:56.772 W/WindowAnimator( 1592): 	at com.android.server.wm.WindowAnimator.animateLocked(WindowAnimator.java:678)
12-09 08:23:56.772 W/WindowAnimator( 1592): 	at com.android.server.wm.WindowAnimator.-wrap0(WindowAnimator.java)
12-09 08:23:56.772 W/WindowAnimator( 1592): 	at com.android.server.wm.WindowAnimator$1.doFrame(WindowAnimator.java:123)
12-09 08:23:56.772 W/WindowAnimator( 1592): 	at android.view.Choreographer$CallbackRecord.run(Choreographer.java:856)
12-09 08:23:56.772 W/WindowAnimator( 1592): 	at android.view.Choreographer.doCallbacks(Choreographer.java:670)
12-09 08:23:56.772 W/WindowAnimator( 1592): 	at android.view.Choreographer.doFrame(Choreographer.java:603)
12-09 08:23:56.772 W/WindowAnimator( 1592): 	at android.view.Choreographer$FrameDisplayEventReceiver.run(Choreographer.java:844)
12-09 08:23:56.772 W/WindowAnimator( 1592): 	at android.os.Handler.handleCallback(Handler.java:739)
12-09 08:23:56.772 W/WindowAnimator( 1592): 	at android.os.Handler.dispatchMessage(Handler.java:95)
12-09 08:23:56.772 W/WindowAnimator( 1592): 	at android.os.Looper.loop(Looper.java:148)
12-09 08:23:56.772 W/WindowAnimator( 1592): 	at android.os.HandlerThread.run(HandlerThread.java:61)
12-09 08:23:56.772 W/WindowAnimator( 1592): 	at com.android.server.ServiceThread.run(ServiceThread.java:46)
12-09 08:23:56.787 I/ActivityManager( 1592): Start proc 16534:com.evancharlton.mileage/u0a137 for added application com.evancharlton.mileage
12-09 08:23:56.787 D/AndroidRuntime(16525): Shutting down VM
12-09 08:23:56.794 W/art     ( 1592): Long monitor contention event with owner method=boolean com.android.server.am.ActivityManagerService.startInstrumentation(android.content.ComponentName, java.lang.String, int, android.os.Bundle, android.app.IInstrumentationWatcher, android.app.IUiAutomationConnection, int, java.lang.String) from ActivityManagerService.java:17066 waiters=0 for 478ms
12-09 08:23:56.922 V/NativeCrypto( 2215): Read error: ssl=0x7f8b29ccfa48: I/O error during system call, Connection reset by peer
12-09 08:23:56.923 E/WakeLock( 2215): GCM_HB_ALARM release without a matched acquire!
12-09 08:23:57.063 V/NativeCrypto( 2215): SSL shutdown failed: ssl=0x7f8b29ccfa48: I/O error during system call, Broken pipe
12-09 08:23:57.063 E/WakeLock( 2215): GCM_HB_ALARM release without a matched acquire!
12-09 08:23:57.077 W/System  (16534): ClassLoader referenced unknown path: /data/app/com.evancharlton.mileage.test-1/lib/x86_64
12-09 08:23:57.077 W/System  (16534): ClassLoader referenced unknown path: /data/app/com.evancharlton.mileage-1/lib/x86_64
12-09 08:23:57.084 D/ConnectivityService( 1592): reportNetworkConnectivity(100, false) by 10008
12-09 08:23:57.086 D/NetworkMonitor/NetworkAgentInfo [MOBILE (LTE) - 100]( 1592): Forcing reevaluation for UID 10008
12-09 08:23:57.113 D/NetworkMonitor/NetworkAgentInfo [MOBILE (LTE) - 100]( 1592): Checking http://connectivitycheck.gstatic.com/generate_204 on epc.tmobile.com, connectivitycheck.gstatic.com=74.125.124.94,2607:f8b0:4001:c12::5e
12-09 08:23:57.164 W/WindowAnimator( 1592): Failed to dispatch window animation state change.
12-09 08:23:57.164 W/WindowAnimator( 1592): android.os.DeadObjectException
12-09 08:23:57.164 W/WindowAnimator( 1592): 	at android.os.BinderProxy.transactNative(Native Method)
12-09 08:23:57.164 W/WindowAnimator( 1592): 	at android.os.BinderProxy.transact(Binder.java:503)
12-09 08:23:57.164 W/WindowAnimator( 1592): 	at android.view.IWindow$Stub$Proxy.onAnimationStopped(IWindow.java:534)
12-09 08:23:57.164 W/WindowAnimator( 1592): 	at com.android.server.wm.WindowAnimator.updateWindowsLocked(WindowAnimator.java:286)
12-09 08:23:57.164 W/WindowAnimator( 1592): 	at com.android.server.wm.WindowAnimator.animateLocked(WindowAnimator.java:678)
12-09 08:23:57.164 W/WindowAnimator( 1592): 	at com.android.server.wm.WindowAnimator.-wrap0(WindowAnimator.java)
12-09 08:23:57.164 W/WindowAnimator( 1592): 	at com.android.server.wm.WindowAnimator$1.doFrame(WindowAnimator.java:123)
12-09 08:23:57.164 W/WindowAnimator( 1592): 	at android.view.Choreographer$CallbackRecord.run(Choreographer.java:856)
12-09 08:23:57.164 W/WindowAnimator( 1592): 	at android.view.Choreographer.doCallbacks(Choreographer.java:670)
12-09 08:23:57.164 W/WindowAnimator( 1592): 	at android.view.Choreographer.doFrame(Choreographer.java:603)
12-09 08:23:57.164 W/WindowAnimator( 1592): 	at android.view.Choreographer$FrameDisplayEventReceiver.run(Choreographer.java:844)
12-09 08:23:57.164 W/WindowAnimator( 1592): 	at android.os.Handler.handleCallback(Handler.java:739)
12-09 08:23:57.164 W/WindowAnimator( 1592): 	at android.os.Handler.dispatchMessage(Handler.java:95)
12-09 08:23:57.164 W/WindowAnimator( 1592): 	at android.os.Looper.loop(Looper.java:148)
12-09 08:23:57.164 W/WindowAnimator( 1592): 	at android.os.HandlerThread.run(HandlerThread.java:61)
12-09 08:23:57.164 W/WindowAnimator( 1592): 	at com.android.server.ServiceThread.run(ServiceThread.java:46)
12-09 08:23:57.164 D/NetworkMonitor/NetworkAgentInfo [MOBILE (LTE) - 100]( 1592): isCaptivePortal: ret=204 headers={null=[HTTP/1.1 204 No Content], Content-Length=[0], Date=[Sun, 09 Dec 2018 08:23:57 GMT], X-Android-Received-Millis=[1544343837142], X-Android-Response-Source=[NETWORK 204], X-Android-Selected-Protocol=[http/1.1], X-Android-Sent-Millis=[1544343837133]}
12-09 08:23:57.165 D/ConnectivityService( 1592): setProvNotificationVisibleIntent null visible=false networkType=MOBILE extraInfo=null highPriority=false
12-09 08:23:57.175 D/ConnectivityService( 1592): NetworkAgentInfo [MOBILE (LTE) - 100] validation  passed
12-09 08:23:57.202 I/System.out(16534): Main activity name automatically set to: com.evancharlton.mileage.Mileage
12-09 08:23:57.217 I/System.out(16534): Calabash did not load Mono. This is only a problem if you are trying to test a Mono application
12-09 08:23:57.217 I/calabash(16534): Test server port: 7102
12-09 08:23:57.235 I/InstrumentationBackend(16534): Added:'GetPreferences', with key:'get_preferences'
12-09 08:23:57.274 W/art     (16534): Suspending all threads took: 8.736ms
12-09 08:23:57.287 I/art     (16534): Background sticky concurrent mark sweep GC freed 3059(233KB) AllocSpace objects, 0(0B) LOS objects, 41% free, 765KB/1300KB, paused 9.891ms total 83.599ms
12-09 08:23:57.380 I/InstrumentationBackend(16534): Added:'SetPreferences', with key:'set_preferences'
12-09 08:23:57.380 I/InstrumentationBackend(16534): Added:'ClearPreferences', with key:'clear_preferences'
12-09 08:23:57.380 I/InstrumentationBackend(16534): Added:'PressElement', with key:'press_l10n_element'
12-09 08:23:57.380 I/InstrumentationBackend(16534): Added:'WaitForElement', with key:'wait_for_l10n_element'
12-09 08:23:57.381 I/InstrumentationBackend(16534): Added:'NullAction', with key:'nullAction'
12-09 08:23:57.381 I/InstrumentationBackend(16534): Added:'PressKey', with key:'press_key'
12-09 08:23:57.390 I/InstrumentationBackend(16534): Added:'SetActivityOrientation', with key:'set_activity_orientation'
12-09 08:23:57.390 I/InstrumentationBackend(16534): Added:'GetActivityOrientation', with key:'get_activity_orientation'
12-09 08:23:57.390 I/InstrumentationBackend(16534): Added:'FakeGPSLocation', with key:'set_gps_coordinates'
12-09 08:23:57.390 I/InstrumentationBackend(16534): Added:'SetPropertyByCssSelector', with key:'set_property_by_css_selector'
12-09 08:23:57.391 I/InstrumentationBackend(16534): Added:'GetUrl', with key:'get_url'
12-09 08:23:57.392 I/InstrumentationBackend(16534): Added:'ScrollTo', with key:'scroll_to'
12-09 08:23:57.392 I/InstrumentationBackend(16534): Added:'GetLoadProgress', with key:'get_load_progress'
12-09 08:23:57.392 I/InstrumentationBackend(16534): Added:'DumpHtml', with key:'dump_html'
12-09 08:23:57.392 I/InstrumentationBackend(16534): Added:'DumpBodyHtml', with key:'dump_body_html'
12-09 08:23:57.393 I/InstrumentationBackend(16534): Added:'EnterTextByCssSelector', with key:'enter_text_by_selector'
12-09 08:23:57.402 I/InstrumentationBackend(16534): Added:'AndroidSDKVersion', with key:'android_sdk_version'
12-09 08:23:57.402 I/InstrumentationBackend(16534): Added:'Version', with key:'version'
12-09 08:23:57.403 I/InstrumentationBackend(16534): Added:'Drag', with key:'drag'
12-09 08:23:57.403 I/InstrumentationBackend(16534): Added:'TouchCoordinates', with key:'touch_coordinate'
12-09 08:23:57.403 I/InstrumentationBackend(16534): Added:'LongPressCoordinate', with key:'long_press_coordinate'
12-09 08:23:57.403 I/InstrumentationBackend(16534): Added:'DragCoordinates', with key:'drag_coordinates'
12-09 08:23:57.403 I/InstrumentationBackend(16534): Added:'ResumeApplication', with key:'resume_application'
12-09 08:23:57.403 I/InstrumentationBackend(16534): Added:'Swipe', with key:'swipe'
12-09 08:23:57.404 I/InstrumentationBackend(16534): Added:'DoubleTapCoordinate', with key:'double_tap_coordinate'
12-09 08:23:57.420 I/InstrumentationBackend(16534): Added:'ClickOnScreen', with key:'click_on_screen'
12-09 08:23:57.421 I/InstrumentationBackend(16534): Added:'GetActivityName', with key:'get_activity_name'
12-09 08:23:57.421 I/InstrumentationBackend(16534): Added:'ScrollToView', with key:'scroll_to_view'
12-09 08:23:57.426 I/InstrumentationBackend(16534): Added:'ViewConfiguration', with key:'view_configuration'
12-09 08:23:57.426 I/InstrumentationBackend(16534): Added:'IsCurrentActivityFocused', with key:'is_current_activity_focused'
12-09 08:23:57.426 I/InstrumentationBackend(16534): Added:'SendTcp', with key:'send_tcp'
12-09 08:23:57.427 I/InstrumentationBackend(16534): Added:'DpToDevicePixel', with key:'dp_to_device_pixel'
12-09 08:23:57.434 I/InstrumentationBackend(16534): Added:'KeyboardEnterText', with key:'keyboard_enter_text'
12-09 08:23:57.434 I/InstrumentationBackend(16534): Added:'DeleteSurroundingText', with key:'delete_surrounding_text'
12-09 08:23:57.434 I/InstrumentationBackend(16534): Added:'SetComposingRegion', with key:'set_composing_region'
12-09 08:23:57.434 I/InstrumentationBackend(16534): Added:'SetSelection', with key:'set_selection'
12-09 08:23:57.435 I/InstrumentationBackend(16534): Added:'KeyboardKeyEvent', with key:'keyboard_key_event'
12-09 08:23:57.435 I/InstrumentationBackend(16534): Added:'PressUserActionButton', with key:'press_user_action_button'
12-09 08:23:57.435 I/InstrumentationBackend(16534): Added:'HideSoftKeyboard', with key:'hide_soft_keyboard'
12-09 08:23:57.436 I/InstrumentationBackend(16534): Added:'ListActions', with key:'list_actions'
12-09 08:23:57.436 I/calabash(16534): Instantiating http server at 7102
12-09 08:23:57.437 I/System.out(16534): HTTP Daemon listening on: 7102
12-09 08:23:57.691 W/OpenGLRenderer( 1915): Incorrectly called buildLayer on View: ShortcutAndWidgetContainer, destroying layer...
12-09 08:23:57.703 I/System.out(16534): URI: //ping
12-09 08:23:57.704 I/System.out(16534): params: {json={}
12-09 08:23:57.704 I/System.out(16534): }
12-09 08:23:57.766 I/System.out(16534): URI: //ping
12-09 08:23:57.766 I/System.out(16534): params: {json={}
12-09 08:23:57.766 I/System.out(16534): }
12-09 08:23:57.798 I/System.out(16534): URI: //ready
12-09 08:23:57.798 I/System.out(16534): params: {json={}
12-09 08:23:57.798 I/System.out(16534): }
12-09 08:23:57.842 I/System.out(16534): URI: //
12-09 08:23:57.842 I/System.out(16534): params: {json={"command":"version","arguments":[]}
12-09 08:23:57.842 I/System.out(16534): }
12-09 08:23:57.842 I/System.out(16534): header: {date=Sun, 09 Dec 2018 08:23:58 GMT, accept=*/*, content-length=36, host=127.0.0.1:34777, user-agent=HTTPClient/1.0 (2.8.3, ruby 2.3.1 (2016-04-26)), content-type=application/json;charset=utf-8}
12-09 08:23:57.842 I/System.out(16534): params: {json={"command":"version","arguments":[]}
12-09 08:23:57.842 I/System.out(16534): }
12-09 08:23:57.842 I/System.out(16534): ProP json = {"command":"version","arguments":[]}
12-09 08:23:57.842 I/System.out(16534): files: {}
12-09 08:23:57.842 I/System.out(16534): command: {"command":"version","arguments":[]}
12-09 08:23:57.868 I/InstrumentationBackend(16534): Got command:'Command:'Line:null,version', arguments:'[]'
12-09 08:23:57.933 I/System.out(16534): result:{"bonusInformation":[],"message":"0.9.8","success":true}
12-09 08:23:57.970 I/System.out(16534): URI: //start-application
12-09 08:23:57.970 I/System.out(16534): params: {json={"intent":null}
12-09 08:23:57.970 I/System.out(16534): }
12-09 08:23:58.076 I/art     (16534): Background partial concurrent mark sweep GC freed 29022(1421KB) AllocSpace objects, 4(80KB) LOS objects, 44% free, 1273KB/2MB, paused 1.385ms total 101.781ms
12-09 08:23:58.143 E/WakeLock( 2215): GCM_CONN_ALARM release without a matched acquire!
12-09 08:23:58.143 I/ActivityManager( 1592): START u0 {act=android.intent.action.MAIN cat=[android.intent.category.LAUNCHER] flg=0x10200000 cmp=com.evancharlton.mileage/.Mileage} from uid 10137 on display 0
12-09 08:23:58.167 I/calabash(16534): newActivity1
12-09 08:23:58.246 D/gralloc_ranchu( 1226): gralloc_alloc: Creating ashmem region of size 3686400
12-09 08:23:58.286 I/calabash(16534): newActivity1
12-09 08:23:58.288 W/ActivityManager( 1592): Bad activity token: android.os.BinderProxy@410f8d8
12-09 08:23:58.288 W/ActivityManager( 1592): java.lang.ClassCastException: android.os.BinderProxy cannot be cast to com.android.server.am.ActivityRecord$Token
12-09 08:23:58.288 W/ActivityManager( 1592): 	at com.android.server.am.ActivityRecord.forTokenLocked(ActivityRecord.java:424)
12-09 08:23:58.288 W/ActivityManager( 1592): 	at com.android.server.am.ActivityRecord.isInStackLocked(ActivityRecord.java:1121)
12-09 08:23:58.288 W/ActivityManager( 1592): 	at com.android.server.am.ActivityRecord.getStackLocked(ActivityRecord.java:1126)
12-09 08:23:58.288 W/ActivityManager( 1592): 	at com.android.server.am.ActivityManagerService.getActivityDisplayId(ActivityManagerService.java:8889)
12-09 08:23:58.288 W/ActivityManager( 1592): 	at android.app.ActivityManagerNative.onTransact(ActivityManagerNative.java:2338)
12-09 08:23:58.288 W/ActivityManager( 1592): 	at com.android.server.am.ActivityManagerService.onTransact(ActivityManagerService.java:2443)
12-09 08:23:58.288 W/ActivityManager( 1592): 	at android.os.Binder.execTransact(Binder.java:453)
12-09 08:23:58.289 W/ActivityManager( 1592): Bad activity token: android.os.BinderProxy@410f8d8
12-09 08:23:58.289 W/ActivityManager( 1592): java.lang.ClassCastException: android.os.BinderProxy cannot be cast to com.android.server.am.ActivityRecord$Token
12-09 08:23:58.289 W/ActivityManager( 1592): 	at com.android.server.am.ActivityRecord.forTokenLocked(ActivityRecord.java:424)
12-09 08:23:58.289 W/ActivityManager( 1592): 	at com.android.server.am.ActivityRecord.isInStackLocked(ActivityRecord.java:1121)
12-09 08:23:58.289 W/ActivityManager( 1592): 	at com.android.server.am.ActivityManagerService.setTaskDescription(ActivityManagerService.java:8547)
12-09 08:23:58.289 W/ActivityManager( 1592): 	at android.app.ActivityManagerNative.onTransact(ActivityManagerNative.java:2410)
12-09 08:23:58.289 W/ActivityManager( 1592): 	at com.android.server.am.ActivityManagerService.onTransact(ActivityManagerService.java:2443)
12-09 08:23:58.289 W/ActivityManager( 1592): 	at android.os.Binder.execTransact(Binder.java:453)
12-09 08:23:58.721 D/WVCdm   ( 1307): Instantiating CDM.
12-09 08:23:58.721 I/WVCdm   ( 1307): CdmEngine::OpenSession
12-09 08:23:58.721 I/WVCdm   ( 1307): Level3 Library Sep 28 2015 13:08:28
12-09 08:23:58.729 W/WVCdm   ( 1307): Could not read /data/mediadrm/IDM1013/ay64.dat2: No such file or directory
12-09 08:23:58.729 W/WVCdm   ( 1307): Could not load liboemcrypto.so. Falling back to L3.  dlopen failed: library "liboemcrypto.so" not found
12-09 08:23:58.747 I/WVCdm   ( 1307): CdmEngine::QueryKeyControlInfo
12-09 08:23:58.906 W/ActivityManager( 1592): Bad activity token: android.os.BinderProxy@410f8d8
12-09 08:23:58.906 W/ActivityManager( 1592): java.lang.ClassCastException: android.os.BinderProxy cannot be cast to com.android.server.am.ActivityRecord$Token
12-09 08:23:58.906 W/ActivityManager( 1592): 	at com.android.server.am.ActivityRecord.forTokenLocked(ActivityRecord.java:424)
12-09 08:23:58.906 W/ActivityManager( 1592): 	at com.android.server.am.ActivityRecord.isInStackLocked(ActivityRecord.java:1121)
12-09 08:23:58.906 W/ActivityManager( 1592): 	at com.android.server.am.ActivityManagerService.getActivityOptions(ActivityManagerService.java:11038)
12-09 08:23:58.906 W/ActivityManager( 1592): 	at android.app.ActivityManagerNative.onTransact(ActivityManagerNative.java:1734)
12-09 08:23:58.906 W/ActivityManager( 1592): 	at com.android.server.am.ActivityManagerService.onTransact(ActivityManagerService.java:2443)
12-09 08:23:58.906 W/ActivityManager( 1592): 	at android.os.Binder.execTransact(Binder.java:453)
12-09 08:23:58.907 W/ActivityManager( 1592): Bad activity token: android.os.BinderProxy@410f8d8
12-09 08:23:58.907 W/ActivityManager( 1592): java.lang.ClassCastException: android.os.BinderProxy cannot be cast to com.android.server.am.ActivityRecord$Token
12-09 08:23:58.907 W/ActivityManager( 1592): 	at com.android.server.am.ActivityRecord.forTokenLocked(ActivityRecord.java:424)
12-09 08:23:58.907 W/ActivityManager( 1592): 	at com.android.server.am.ActivityRecord.isInStackLocked(ActivityRecord.java:1121)
12-09 08:23:58.907 W/ActivityManager( 1592): 	at com.android.server.am.ActivityManagerService.getActivityOptions(ActivityManagerService.java:11038)
12-09 08:23:58.907 W/ActivityManager( 1592): 	at android.app.ActivityManagerNative.onTransact(ActivityManagerNative.java:1734)
12-09 08:23:58.907 W/ActivityManager( 1592): 	at com.android.server.am.ActivityManagerService.onTransact(ActivityManagerService.java:2443)
12-09 08:23:58.907 W/ActivityManager( 1592): 	at android.os.Binder.execTransact(Binder.java:453)
12-09 08:23:58.916 I/Choreographer( 1592): Skipped 40 frames!  The application may be doing too much work on its main thread.
12-09 08:23:58.928 W/WVCdm   ( 1307): BufferReader::Read<T> : Failure during parse: Not enough bytes (4)
12-09 08:23:58.928 W/WVCdm   ( 1307): CdmEngine::ExtractWidevinePssh: Unable to read atom size.
12-09 08:23:58.928 I/WVCdm   ( 1307): CdmEngine::GenerateKeyRequest
12-09 08:23:58.928 D/WVCdm   ( 1307): PrepareKeyRequest: nonce=77909447
12-09 08:23:58.944 W/art     ( 2215): Long monitor contention event with owner method=void xno.a(xnk, xla) from :com.google.android.gms@13280023@13.2.80 (040800-211705629):113 waiters=0 for 1.197s
12-09 08:23:58.982 V/PhoneStatusBar( 3078): setLightsOn(true)
12-09 08:23:58.994 I/art     (16534): Background sticky concurrent mark sweep GC freed 1902(340KB) AllocSpace objects, 0(0B) LOS objects, 15% free, 1941KB/2MB, paused 5.052ms total 21.786ms
12-09 08:23:59.038 D/EGL_emulation( 1915): eglMakeCurrent: 0x7f8b2dda1d20: ver 2 0 (tinfo 0x7f8b2dd828c0)
12-09 08:23:59.039 E/Surface ( 1915): getSlotFromBufferLocked: unknown buffer: 0x7f8b2a516a20
12-09 08:23:59.180 I/WVCdm   ( 1307): CdmEngine::CloseSession
12-09 08:23:59.199 I/Auth    ( 2215): [ReflectiveChannelBinder] Successfully bound channel!
12-09 08:23:59.255 W/Conscrypt( 2215): Could not set socket write timeout: java.lang.reflect.InvocationTargetException
12-09 08:23:59.256 W/Conscrypt( 2215): 	at java.lang.reflect.Method.invoke(Native Method)
12-09 08:23:59.256 W/Conscrypt( 2215): 	at com.google.android.gms.org.conscrypt.Platform.setSocketWriteTimeout(:com.google.android.gms@13280023@13.2.80 (040800-211705629):13)
12-09 08:23:59.256 W/Conscrypt( 2215): Caused by: android.system.ErrnoException: setsockopt failed: EBADF (Bad file descriptor)
12-09 08:23:59.256 W/Conscrypt( 2215): 	at libcore.io.Posix.setsockoptTimeval(Native Method)
12-09 08:23:59.256 W/Conscrypt( 2215): 	at libcore.io.ForwardingOs.setsockoptTimeval(ForwardingOs.java:156)
12-09 08:23:59.266 W/Conscrypt( 2215): Could not set socket write timeout: java.lang.reflect.InvocationTargetException
12-09 08:23:59.267 W/Conscrypt( 2215): 	at java.lang.reflect.Method.invoke(Native Method)
12-09 08:23:59.267 W/Conscrypt( 2215): 	at com.google.android.gms.org.conscrypt.Platform.setSocketWriteTimeout(:com.google.android.gms@13280023@13.2.80 (040800-211705629):13)
12-09 08:23:59.267 W/Conscrypt( 2215): Caused by: android.system.ErrnoException: setsockopt failed: EBADF (Bad file descriptor)
12-09 08:23:59.267 W/Conscrypt( 2215): 	at libcore.io.Posix.setsockoptTimeval(Native Method)
12-09 08:23:59.267 W/Conscrypt( 2215): 	at libcore.io.ForwardingOs.setsockoptTimeval(ForwardingOs.java:156)
12-09 08:23:59.311 W/GLSUser ( 2215): [AppCertManager] IOException while requesting key: 
12-09 08:23:59.311 W/GLSUser ( 2215): java.io.IOException: Invalid device key response.
12-09 08:23:59.311 W/GLSUser ( 2215): 	at hnl.a(:com.google.android.gms@13280023@13.2.80 (040800-211705629):11)
12-09 08:23:59.311 W/GLSUser ( 2215): 	at hnl.a(:com.google.android.gms@13280023@13.2.80 (040800-211705629):64)
12-09 08:23:59.311 W/GLSUser ( 2215): 	at hnj.a(:com.google.android.gms@13280023@13.2.80 (040800-211705629):6)
12-09 08:23:59.311 W/GLSUser ( 2215): 	at hnf.a(:com.google.android.gms@13280023@13.2.80 (040800-211705629):1)
12-09 08:23:59.311 W/GLSUser ( 2215): 	at hne.a(:com.google.android.gms@13280023@13.2.80 (040800-211705629):9)
12-09 08:23:59.311 W/GLSUser ( 2215): 	at com.google.android.gms.auth.account.be.legacy.AuthCronChimeraService.b(:com.google.android.gms@13280023@13.2.80 (040800-211705629):6)
12-09 08:23:59.311 W/GLSUser ( 2215): 	at gmd.call(:com.google.android.gms@13280023@13.2.80 (040800-211705629):3)
12-09 08:23:59.311 W/GLSUser ( 2215): 	at java.util.concurrent.FutureTask.run(FutureTask.java:237)
12-09 08:23:59.311 W/GLSUser ( 2215): 	at qcr.run(:com.google.android.gms@13280023@13.2.80 (040800-211705629):21)
12-09 08:23:59.311 W/GLSUser ( 2215): 	at java.util.concurrent.ThreadPoolExecutor.runWorker(ThreadPoolExecutor.java:1113)
12-09 08:23:59.311 W/GLSUser ( 2215): 	at java.util.concurrent.ThreadPoolExecutor$Worker.run(ThreadPoolExecutor.java:588)
12-09 08:23:59.311 W/GLSUser ( 2215): 	at qiv.run(:com.google.android.gms@13280023@13.2.80 (040800-211705629))
12-09 08:23:59.311 W/GLSUser ( 2215): 	at java.lang.Thread.run(Thread.java:818)
12-09 08:23:59.443 D/gralloc_ranchu( 1226): gralloc_alloc: Creating ashmem region of size 3686400
12-09 08:23:59.522 D/        (16534): HostConnection::get() New Host Connection established 0x7f8b22374f60, tid 16534
12-09 08:23:59.971 W/art     ( 1592): Long monitor contention event with owner method=void com.android.server.wm.WindowAnimator$1.doFrame(long) from WindowAnimator.java:121 waiters=0 for 251ms
12-09 08:24:00.254 D/gralloc_ranchu( 1226): gralloc_alloc: Creating ashmem region of size 3686400
12-09 08:24:00.317 I/ActivityManager( 1592): Displayed com.evancharlton.mileage/.Mileage: +2s153ms
12-09 08:24:00.911 I/AccountManagerService( 1592): getTypesVisibleToCaller: isPermitted? true
12-09 08:24:00.949 I/art     ( 2215): Background sticky concurrent mark sweep GC freed 40745(2MB) AllocSpace objects, 0(0B) LOS objects, 19% free, 13MB/16MB, paused 1.318ms total 302.892ms
12-09 08:24:00.959 D/gralloc_ranchu( 1226): gralloc_alloc: Creating ashmem region of size 3686400
12-09 08:24:01.093 I/EventLogChimeraService( 3352): Aggregate from 1544342158651 (log), 1544342158651 (data)
12-09 08:24:01.114 I/AccountManagerService( 1592): getTypesVisibleToCaller: isPermitted? true
12-09 08:24:01.117 I/AccountManagerService( 1592): getTypesVisibleToCaller: isPermitted? true
12-09 08:24:01.178 I/AccountManagerService( 1592): getTypesVisibleToCaller: isPermitted? true
12-09 08:24:01.181 I/AccountManagerService( 1592): getTypesVisibleToCaller: isPermitted? true
12-09 08:24:01.358 W/Conscrypt( 2215): Could not set socket write timeout: java.lang.reflect.InvocationTargetException
12-09 08:24:01.358 W/Conscrypt( 2215): 	at java.lang.reflect.Method.invoke(Native Method)
12-09 08:24:01.358 W/Conscrypt( 2215): 	at com.google.android.gms.org.conscrypt.Platform.setSocketWriteTimeout(:com.google.android.gms@13280023@13.2.80 (040800-211705629):13)
12-09 08:24:01.358 W/Conscrypt( 2215): Caused by: android.system.ErrnoException: setsockopt failed: EBADF (Bad file descriptor)
12-09 08:24:01.358 W/Conscrypt( 2215): 	at libcore.io.Posix.setsockoptTimeval(Native Method)
12-09 08:24:01.358 W/Conscrypt( 2215): 	at libcore.io.ForwardingOs.setsockoptTimeval(ForwardingOs.java:156)
12-09 08:24:01.383 W/Conscrypt( 2215): Could not set socket write timeout: java.lang.reflect.InvocationTargetException
12-09 08:24:01.383 W/Conscrypt( 2215): 	at java.lang.reflect.Method.invoke(Native Method)
12-09 08:24:01.383 W/Conscrypt( 2215): 	at com.google.android.gms.org.conscrypt.Platform.setSocketWriteTimeout(:com.google.android.gms@13280023@13.2.80 (040800-211705629):13)
12-09 08:24:01.383 W/Conscrypt( 2215): Caused by: android.system.ErrnoException: setsockopt failed: EBADF (Bad file descriptor)
12-09 08:24:01.383 W/Conscrypt( 2215): 	at libcore.io.Posix.setsockoptTimeval(Native Method)
12-09 08:24:01.383 W/Conscrypt( 2215): 	at libcore.io.ForwardingOs.setsockoptTimeval(ForwardingOs.java:156)
12-09 08:24:02.390 I/System.out(16534): URI: //map
12-09 08:24:02.390 I/System.out(16534): params: {json={"query":"android.widget.EditText id:'price'","operation":{"method_name":"query","arguments":[]}}
12-09 08:24:02.390 I/System.out(16534): }
12-09 08:24:02.440 I/AccountManagerService( 1592): getTypesVisibleToCaller: isPermitted? true
12-09 08:24:02.443 W/ResourceType(16534): No package identifier when getting name for resource number 0x00000001
12-09 08:24:02.469 I/AccountManagerService( 1592): getTypesVisibleToCaller: isPermitted? true
12-09 08:24:02.590 I/System.out(16534): URI: //gesture
12-09 08:24:02.590 I/System.out(16534): params: {json={"query_timeout":5.0,"gestures":[{"query_string":"android.widget.EditText id:'price'","touches":[{"x":50,"y":50,"offset_x":0,"offset_y":0,"wait":0.0,"time":0.2,"release":true,"query_string":null}]}]}
12-09 08:24:02.590 I/System.out(16534): }
12-09 08:24:02.617 W/ResourceType(16534): No package identifier when getting name for resource number 0x00000001
12-09 08:24:03.103 I/LatinIME( 1878): Starting input. Cursor position = 0,0
12-09 08:24:03.202 W/art     (16534): Suspending all threads took: 30.945ms
12-09 08:24:03.263 I/art     (16534): Background partial concurrent mark sweep GC freed 30727(1505KB) AllocSpace objects, 1(20KB) LOS objects, 39% free, 2MB/3MB, paused 32.178ms total 147.253ms
12-09 08:24:03.505 D/EGL_emulation( 1878): eglMakeCurrent: 0x7f8b2dda1640: ver 2 0 (tinfo 0x7f8b2dd82840)
12-09 08:24:03.778 I/System.out(16534): URI: //
12-09 08:24:03.778 I/System.out(16534): params: {json={"command":"set_selection","arguments":[-1,-1]}
12-09 08:24:03.778 I/System.out(16534): }
12-09 08:24:03.778 I/System.out(16534): header: {date=Sun, 09 Dec 2018 08:24:03 GMT, accept=*/*, content-length=47, host=127.0.0.1:34777, user-agent=HTTPClient/1.0 (2.8.3, ruby 2.3.1 (2016-04-26)), content-type=application/json;charset=utf-8}
12-09 08:24:03.779 I/System.out(16534): params: {json={"command":"set_selection","arguments":[-1,-1]}
12-09 08:24:03.779 I/System.out(16534): }
12-09 08:24:03.779 I/System.out(16534): ProP json = {"command":"set_selection","arguments":[-1,-1]}
12-09 08:24:03.779 I/System.out(16534): files: {}
12-09 08:24:03.779 I/System.out(16534): command: {"command":"set_selection","arguments":[-1,-1]}
12-09 08:24:03.780 I/InstrumentationBackend(16534): Got command:'Command:'Line:null,set_selection', arguments:'[-1, -1]'
12-09 08:24:03.810 I/System.out(16534): result:{"bonusInformation":[],"message":"","success":true}
12-09 08:24:04.018 I/System.out(16534): URI: //
12-09 08:24:04.019 I/System.out(16534): params: {json={"command":"keyboard_enter_text","arguments":["23"]}
12-09 08:24:04.019 I/System.out(16534): }
12-09 08:24:04.019 I/System.out(16534): header: {date=Sun, 09 Dec 2018 08:24:04 GMT, accept=*/*, content-length=52, host=127.0.0.1:34777, user-agent=HTTPClient/1.0 (2.8.3, ruby 2.3.1 (2016-04-26)), content-type=application/json;charset=utf-8}
12-09 08:24:04.019 I/System.out(16534): params: {json={"command":"keyboard_enter_text","arguments":["23"]}
12-09 08:24:04.019 I/System.out(16534): }
12-09 08:24:04.019 I/System.out(16534): ProP json = {"command":"keyboard_enter_text","arguments":["23"]}
12-09 08:24:04.019 I/System.out(16534): files: {}
12-09 08:24:04.019 I/System.out(16534): command: {"command":"keyboard_enter_text","arguments":["23"]}
12-09 08:24:04.020 I/InstrumentationBackend(16534): Got command:'Command:'Line:null,keyboard_enter_text', arguments:'[23]'
12-09 08:24:04.025 E/SpannableStringBuilder(16534): SPAN_EXCLUSIVE_EXCLUSIVE spans cannot have a zero length
12-09 08:24:04.025 E/SpannableStringBuilder(16534): SPAN_EXCLUSIVE_EXCLUSIVE spans cannot have a zero length
12-09 08:24:04.256 E/SpannableStringBuilder(16534): SPAN_EXCLUSIVE_EXCLUSIVE spans cannot have a zero length
12-09 08:24:04.256 E/SpannableStringBuilder(16534): SPAN_EXCLUSIVE_EXCLUSIVE spans cannot have a zero length
12-09 08:24:04.291 I/System.out(16534): result:{"bonusInformation":[],"message":"","success":true}
12-09 08:24:04.392 I/art     (16534): Background sticky concurrent mark sweep GC freed 27987(1281KB) AllocSpace objects, 7(140KB) LOS objects, 38% free, 2MB/3MB, paused 13.742ms total 57.301ms
12-09 08:24:04.839 E/SurfaceFlinger( 1226): ro.sf.lcd_density must be defined as a build property
12-09 08:24:04.890 D/gralloc_ranchu( 1226): gralloc_alloc: Creating ashmem region of size 3686400
12-09 08:24:04.900 D/        (16590): HostConnection::get() New Host Connection established 0x7f10cd152480, tid 16590
12-09 08:24:04.929 E/EGL_emulation( 1226): tid 1226: eglCreateSyncKHR(1881): error 0x3004 (EGL_BAD_ATTRIBUTE)
12-09 08:24:05.938 I/System.out(16534): URI: //map
12-09 08:24:05.938 I/System.out(16534): params: {json={"query":"android.widget.EditText id:'volume'","operation":{"method_name":"query","arguments":[]}}
12-09 08:24:05.938 I/System.out(16534): }
12-09 08:24:05.971 W/ResourceType(16534): No package identifier when getting name for resource number 0x00000001
12-09 08:24:06.122 I/System.out(16534): URI: //gesture
12-09 08:24:06.122 I/System.out(16534): params: {json={"query_timeout":5.0,"gestures":[{"query_string":"android.widget.EditText id:'volume'","touches":[{"x":50,"y":50,"offset_x":0,"offset_y":0,"wait":0.0,"time":0.2,"release":true,"query_string":null}]}]}
12-09 08:24:06.122 I/System.out(16534): }
12-09 08:24:06.199 I/art     (16534): Background sticky concurrent mark sweep GC freed 44975(2023KB) AllocSpace objects, 2(40KB) LOS objects, 24% free, 2MB/3MB, paused 1.205ms total 160.620ms
12-09 08:24:06.212 W/ResourceType(16534): No package identifier when getting name for resource number 0x00000001
12-09 08:24:06.692 I/LatinIME( 1878): Starting input. Cursor position = 0,0
12-09 08:24:06.765 I/art     (16534): Background partial concurrent mark sweep GC freed 38703(1814KB) AllocSpace objects, 4(80KB) LOS objects, 39% free, 2MB/4MB, paused 1.171ms total 104.938ms
12-09 08:24:07.294 I/System.out(16534): URI: //
12-09 08:24:07.294 I/System.out(16534): params: {json={"command":"set_selection","arguments":[-1,-1]}
12-09 08:24:07.294 I/System.out(16534): }
12-09 08:24:07.294 I/System.out(16534): header: {date=Sun, 09 Dec 2018 08:24:07 GMT, accept=*/*, content-length=47, host=127.0.0.1:34777, user-agent=HTTPClient/1.0 (2.8.3, ruby 2.3.1 (2016-04-26)), content-type=application/json;charset=utf-8}
12-09 08:24:07.295 I/System.out(16534): params: {json={"command":"set_selection","arguments":[-1,-1]}
12-09 08:24:07.295 I/System.out(16534): }
12-09 08:24:07.295 I/System.out(16534): ProP json = {"command":"set_selection","arguments":[-1,-1]}
12-09 08:24:07.295 I/System.out(16534): files: {}
12-09 08:24:07.295 I/System.out(16534): command: {"command":"set_selection","arguments":[-1,-1]}
12-09 08:24:07.296 I/InstrumentationBackend(16534): Got command:'Command:'Line:null,set_selection', arguments:'[-1, -1]'
12-09 08:24:07.303 I/System.out(16534): result:{"bonusInformation":[],"message":"","success":true}
12-09 08:24:07.558 I/System.out(16534): URI: //
12-09 08:24:07.558 I/System.out(16534): params: {json={"command":"keyboard_enter_text","arguments":["49"]}
12-09 08:24:07.558 I/System.out(16534): }
12-09 08:24:07.558 I/System.out(16534): header: {date=Sun, 09 Dec 2018 08:24:07 GMT, accept=*/*, content-length=52, host=127.0.0.1:34777, user-agent=HTTPClient/1.0 (2.8.3, ruby 2.3.1 (2016-04-26)), content-type=application/json;charset=utf-8}
12-09 08:24:07.558 I/System.out(16534): params: {json={"command":"keyboard_enter_text","arguments":["49"]}
12-09 08:24:07.558 I/System.out(16534): }
12-09 08:24:07.558 I/System.out(16534): ProP json = {"command":"keyboard_enter_text","arguments":["49"]}
12-09 08:24:07.558 I/System.out(16534): files: {}
12-09 08:24:07.558 I/System.out(16534): command: {"command":"keyboard_enter_text","arguments":["49"]}
12-09 08:24:07.559 I/InstrumentationBackend(16534): Got command:'Command:'Line:null,keyboard_enter_text', arguments:'[49]'
12-09 08:24:07.560 E/SpannableStringBuilder(16534): SPAN_EXCLUSIVE_EXCLUSIVE spans cannot have a zero length
12-09 08:24:07.560 E/SpannableStringBuilder(16534): SPAN_EXCLUSIVE_EXCLUSIVE spans cannot have a zero length
12-09 08:24:07.607 E/SpannableStringBuilder(16534): SPAN_EXCLUSIVE_EXCLUSIVE spans cannot have a zero length
12-09 08:24:07.607 E/SpannableStringBuilder(16534): SPAN_EXCLUSIVE_EXCLUSIVE spans cannot have a zero length
12-09 08:24:07.613 I/System.out(16534): result:{"bonusInformation":[],"message":"","success":true}
12-09 08:24:08.387 E/SurfaceFlinger( 1226): ro.sf.lcd_density must be defined as a build property
12-09 08:24:08.394 D/gralloc_ranchu( 1226): gralloc_alloc: Creating ashmem region of size 3686400
12-09 08:24:08.443 D/        (16600): HostConnection::get() New Host Connection established 0x7f78ed352480, tid 16600
12-09 08:24:08.520 E/EGL_emulation( 1226): tid 1226: eglCreateSyncKHR(1881): error 0x3004 (EGL_BAD_ATTRIBUTE)
12-09 08:24:09.466 I/System.out(16534): URI: //map
12-09 08:24:09.466 I/System.out(16534): params: {json={"query":"android.widget.EditText id:'odometer'","operation":{"method_name":"query","arguments":[]}}
12-09 08:24:09.466 I/System.out(16534): }
12-09 08:24:09.502 W/ResourceType(16534): No package identifier when getting name for resource number 0x00000001
12-09 08:24:09.574 I/System.out(16534): URI: //gesture
12-09 08:24:09.574 I/System.out(16534): params: {json={"query_timeout":5.0,"gestures":[{"query_string":"android.widget.EditText id:'odometer'","touches":[{"x":50,"y":50,"offset_x":0,"offset_y":0,"wait":0.0,"time":0.2,"release":true,"query_string":null}]}]}
12-09 08:24:09.574 I/System.out(16534): }
12-09 08:24:09.651 W/ResourceType(16534): No package identifier when getting name for resource number 0x00000001
12-09 08:24:09.986 I/LatinIME( 1878): Starting input. Cursor position = 0,0
12-09 08:24:10.582 I/System.out(16534): URI: //
12-09 08:24:10.582 I/System.out(16534): params: {json={"command":"set_selection","arguments":[-1,-1]}
12-09 08:24:10.582 I/System.out(16534): }
12-09 08:24:10.582 I/System.out(16534): header: {date=Sun, 09 Dec 2018 08:24:10 GMT, accept=*/*, content-length=47, host=127.0.0.1:34777, user-agent=HTTPClient/1.0 (2.8.3, ruby 2.3.1 (2016-04-26)), content-type=application/json;charset=utf-8}
12-09 08:24:10.582 I/System.out(16534): params: {json={"command":"set_selection","arguments":[-1,-1]}
12-09 08:24:10.582 I/System.out(16534): }
12-09 08:24:10.582 I/System.out(16534): ProP json = {"command":"set_selection","arguments":[-1,-1]}
12-09 08:24:10.583 I/System.out(16534): files: {}
12-09 08:24:10.583 I/System.out(16534): command: {"command":"set_selection","arguments":[-1,-1]}
12-09 08:24:10.584 I/InstrumentationBackend(16534): Got command:'Command:'Line:null,set_selection', arguments:'[-1, -1]'
12-09 08:24:10.641 I/System.out(16534): result:{"bonusInformation":[],"message":"","success":true}
12-09 08:24:10.767 I/art     (16534): Background sticky concurrent mark sweep GC freed 46185(2MB) AllocSpace objects, 3(60KB) LOS objects, 44% free, 2MB/4MB, paused 18.341ms total 129.256ms
12-09 08:24:10.862 I/System.out(16534): URI: //
12-09 08:24:10.862 I/System.out(16534): params: {json={"command":"keyboard_enter_text","arguments":["12"]}
12-09 08:24:10.862 I/System.out(16534): }
12-09 08:24:10.862 I/System.out(16534): header: {date=Sun, 09 Dec 2018 08:24:11 GMT, accept=*/*, content-length=52, host=127.0.0.1:34777, user-agent=HTTPClient/1.0 (2.8.3, ruby 2.3.1 (2016-04-26)), content-type=application/json;charset=utf-8}
12-09 08:24:10.862 I/System.out(16534): params: {json={"command":"keyboard_enter_text","arguments":["12"]}
12-09 08:24:10.862 I/System.out(16534): }
12-09 08:24:10.862 I/System.out(16534): ProP json = {"command":"keyboard_enter_text","arguments":["12"]}
12-09 08:24:10.862 I/System.out(16534): files: {}
12-09 08:24:10.862 I/System.out(16534): command: {"command":"keyboard_enter_text","arguments":["12"]}
12-09 08:24:10.863 I/InstrumentationBackend(16534): Got command:'Command:'Line:null,keyboard_enter_text', arguments:'[12]'
12-09 08:24:10.882 E/SpannableStringBuilder(16534): SPAN_EXCLUSIVE_EXCLUSIVE spans cannot have a zero length
12-09 08:24:10.882 E/SpannableStringBuilder(16534): SPAN_EXCLUSIVE_EXCLUSIVE spans cannot have a zero length
12-09 08:24:10.891 E/SpannableStringBuilder(16534): SPAN_EXCLUSIVE_EXCLUSIVE spans cannot have a zero length
12-09 08:24:10.891 E/SpannableStringBuilder(16534): SPAN_EXCLUSIVE_EXCLUSIVE spans cannot have a zero length
12-09 08:24:10.906 I/System.out(16534): result:{"bonusInformation":[],"message":"","success":true}
12-09 08:24:11.384 E/SurfaceFlinger( 1226): ro.sf.lcd_density must be defined as a build property
12-09 08:24:11.405 D/gralloc_ranchu( 1226): gralloc_alloc: Creating ashmem region of size 3686400
12-09 08:24:11.466 D/        (16610): HostConnection::get() New Host Connection established 0x7f8532ed2480, tid 16610
12-09 08:24:11.507 E/EGL_emulation( 1226): tid 1226: eglCreateSyncKHR(1881): error 0x3004 (EGL_BAD_ATTRIBUTE)
12-09 08:24:13.506 I/System.out(16534): URI: //map
12-09 08:24:13.506 I/System.out(16534): params: {json={"query":"android.widget.Button index:2","operation":{"method_name":"query","arguments":[]}}
12-09 08:24:13.506 I/System.out(16534): }
12-09 08:24:13.705 I/art     (16534): Background sticky concurrent mark sweep GC freed 61075(2MB) AllocSpace objects, 5(100KB) LOS objects, 41% free, 2MB/4MB, paused 1.160ms total 118.213ms
12-09 08:24:13.714 I/System.out(16534): URI: //gesture
12-09 08:24:13.714 I/System.out(16534): params: {json={"query_timeout":5.0,"gestures":[{"query_string":"android.widget.Button index:2","touches":[{"x":50,"y":50,"offset_x":0,"offset_y":0,"wait":0.0,"time":0.2,"release":true,"query_string":null}]}]}
12-09 08:24:13.714 I/System.out(16534): }
12-09 08:24:14.218 W/audio_hw_generic( 1307): Hardware backing HAL too slow, could only write 0 of 661 frames
12-09 08:24:14.230 W/audio_hw_generic( 1307): Hardware backing HAL too slow, could only write 0 of 661 frames
12-09 08:24:14.384 I/art     (16534): Background sticky concurrent mark sweep GC freed 49999(2MB) AllocSpace objects, 1(20KB) LOS objects, 36% free, 2MB/4MB, paused 2.390ms total 216.125ms
12-09 08:24:14.389 I/calabash(16534): newActivity1
12-09 08:24:14.390 W/ActivityManager( 1592): Bad activity token: android.os.BinderProxy@10ff3b2
12-09 08:24:14.390 W/ActivityManager( 1592): java.lang.ClassCastException: android.os.BinderProxy cannot be cast to com.android.server.am.ActivityRecord$Token
12-09 08:24:14.390 W/ActivityManager( 1592): 	at com.android.server.am.ActivityRecord.forTokenLocked(ActivityRecord.java:424)
12-09 08:24:14.390 W/ActivityManager( 1592): 	at com.android.server.am.ActivityRecord.isInStackLocked(ActivityRecord.java:1121)
12-09 08:24:14.390 W/ActivityManager( 1592): 	at com.android.server.am.ActivityRecord.getStackLocked(ActivityRecord.java:1126)
12-09 08:24:14.390 W/ActivityManager( 1592): 	at com.android.server.am.ActivityManagerService.getActivityDisplayId(ActivityManagerService.java:8889)
12-09 08:24:14.390 W/ActivityManager( 1592): 	at android.app.ActivityManagerNative.onTransact(ActivityManagerNative.java:2338)
12-09 08:24:14.390 W/ActivityManager( 1592): 	at com.android.server.am.ActivityManagerService.onTransact(ActivityManagerService.java:2443)
12-09 08:24:14.390 W/ActivityManager( 1592): 	at android.os.Binder.execTransact(Binder.java:453)
12-09 08:24:14.391 W/ActivityManager( 1592): Bad activity token: android.os.BinderProxy@10ff3b2
12-09 08:24:14.391 W/ActivityManager( 1592): java.lang.ClassCastException: android.os.BinderProxy cannot be cast to com.android.server.am.ActivityRecord$Token
12-09 08:24:14.391 W/ActivityManager( 1592): 	at com.android.server.am.ActivityRecord.forTokenLocked(ActivityRecord.java:424)
12-09 08:24:14.391 W/ActivityManager( 1592): 	at com.android.server.am.ActivityRecord.isInStackLocked(ActivityRecord.java:1121)
12-09 08:24:14.391 W/ActivityManager( 1592): 	at com.android.server.am.ActivityManagerService.setTaskDescription(ActivityManagerService.java:8547)
12-09 08:24:14.391 W/ActivityManager( 1592): 	at android.app.ActivityManagerNative.onTransact(ActivityManagerNative.java:2410)
12-09 08:24:14.391 W/ActivityManager( 1592): 	at com.android.server.am.ActivityManagerService.onTransact(ActivityManagerService.java:2443)
12-09 08:24:14.391 W/ActivityManager( 1592): 	at android.os.Binder.execTransact(Binder.java:453)
12-09 08:24:14.444 W/ActivityManager( 1592): Bad activity token: android.os.BinderProxy@10ff3b2
12-09 08:24:14.444 W/ActivityManager( 1592): java.lang.ClassCastException: android.os.BinderProxy cannot be cast to com.android.server.am.ActivityRecord$Token
12-09 08:24:14.444 W/ActivityManager( 1592): 	at com.android.server.am.ActivityRecord.forTokenLocked(ActivityRecord.java:424)
12-09 08:24:14.444 W/ActivityManager( 1592): 	at com.android.server.am.ActivityRecord.isInStackLocked(ActivityRecord.java:1121)
12-09 08:24:14.444 W/ActivityManager( 1592): 	at com.android.server.am.ActivityManagerService.getActivityOptions(ActivityManagerService.java:11038)
12-09 08:24:14.444 W/ActivityManager( 1592): 	at android.app.ActivityManagerNative.onTransact(ActivityManagerNative.java:1734)
12-09 08:24:14.444 W/ActivityManager( 1592): 	at com.android.server.am.ActivityManagerService.onTransact(ActivityManagerService.java:2443)
12-09 08:24:14.444 W/ActivityManager( 1592): 	at android.os.Binder.execTransact(Binder.java:453)
12-09 08:24:14.444 W/ActivityManager( 1592): Bad activity token: android.os.BinderProxy@10ff3b2
12-09 08:24:14.444 W/ActivityManager( 1592): java.lang.ClassCastException: android.os.BinderProxy cannot be cast to com.android.server.am.ActivityRecord$Token
12-09 08:24:14.444 W/ActivityManager( 1592): 	at com.android.server.am.ActivityRecord.forTokenLocked(ActivityRecord.java:424)
12-09 08:24:14.444 W/ActivityManager( 1592): 	at com.android.server.am.ActivityRecord.isInStackLocked(ActivityRecord.java:1121)
12-09 08:24:14.444 W/ActivityManager( 1592): 	at com.android.server.am.ActivityManagerService.getActivityOptions(ActivityManagerService.java:11038)
12-09 08:24:14.444 W/ActivityManager( 1592): 	at android.app.ActivityManagerNative.onTransact(ActivityManagerNative.java:1734)
12-09 08:24:14.444 W/ActivityManager( 1592): 	at com.android.server.am.ActivityManagerService.onTransact(ActivityManagerService.java:2443)
12-09 08:24:14.444 W/ActivityManager( 1592): 	at android.os.Binder.execTransact(Binder.java:453)
12-09 08:24:14.557 W/audio_hw_generic( 1307): Not supplying enough data to HAL, expected position 33618649 , only wrote 33614494
12-09 08:24:14.557 W/audio_hw_generic( 1307): Not supplying enough data to HAL, expected position 33614503 , only wrote 33614494
