--------- beginning of main
12-09 08:11:45.447 D/AndroidRuntime(13348): >>>>>> START com.android.internal.os.RuntimeInit uid 0 <<<<<<
12-09 08:11:45.449 D/AndroidRuntime(13348): CheckJNI is ON
12-09 08:11:45.462 D/ICU     (13348): No timezone override file found: /data/misc/zoneinfo/current/icu/icu_tzdata.dat
12-09 08:11:45.813 E/memtrack(13348): Couldn't load memtrack module (No such file or directory)
12-09 08:11:45.821 E/android.os.Debug(13348): failed to load memtrack module: -2
12-09 08:11:45.822 I/Radio-JNI(13348): register_android_hardware_Radio DONE
12-09 08:11:45.837 D/AndroidRuntime(13348): Calling main entry com.android.commands.am.Am
--------- beginning of system
12-09 08:11:45.838 I/ActivityManager( 1593): Force stopping com.evancharlton.mileage appid=10131 user=0: start instr
12-09 08:11:45.838 I/ActivityManager( 1593): Killing 13318:com.evancharlton.mileage/u0a131 (adj 0): stop com.evancharlton.mileage
12-09 08:11:45.973 W/ActivityManager( 1593): Crash of app com.evancharlton.mileage running instrumentation ComponentInfo{com.evancharlton.mileage.test/sh.calaba.instrumentationbackend.ClearAppData2}
12-09 08:11:45.973 I/ActivityManager( 1593): Force stopping com.evancharlton.mileage appid=10131 user=0: finished inst
12-09 08:11:46.137 I/ActivityManager( 1593): Start proc 13357:com.evancharlton.mileage/u0a131 for added application com.evancharlton.mileage
12-09 08:11:46.145 D/AndroidRuntime(13348): Shutting down VM
12-09 08:11:46.148 W/art     ( 1593): Long monitor contention event with owner method=boolean com.android.server.am.ActivityManagerService.startInstrumentation(android.content.ComponentName, java.lang.String, int, android.os.Bundle, android.app.IInstrumentationWatcher, android.app.IUiAutomationConnection, int, java.lang.String) from ActivityManagerService.java:17066 waiters=1 for 249ms
12-09 08:11:46.148 W/ActivityManager( 1593): Spurious death for ProcessRecord{fc266d9 0:com.evancharlton.mileage/u0a131}, curProc for 13318: null
12-09 08:11:46.412 W/System  (13357): ClassLoader referenced unknown path: /data/app/com.evancharlton.mileage.test-1/lib/x86_64
12-09 08:11:46.417 W/System  (13357): ClassLoader referenced unknown path: /data/app/com.evancharlton.mileage-1/lib/x86_64
12-09 08:11:46.530 I/System.out(13357): Main activity name automatically set to: com.evancharlton.mileage.Mileage
12-09 08:11:46.530 I/System.out(13357): Calabash did not load Mono. This is only a problem if you are trying to test a Mono application
12-09 08:11:46.530 I/calabash(13357): Test server port: 7102
12-09 08:11:46.531 I/InstrumentationBackend(13357): Added:'GetPreferences', with key:'get_preferences'
12-09 08:11:46.601 I/art     (13357): Background partial concurrent mark sweep GC freed 42388(1582KB) AllocSpace objects, 0(0B) LOS objects, 57% free, 743KB/1767KB, paused 11.585ms total 59.630ms
12-09 08:11:46.685 I/InstrumentationBackend(13357): Added:'SetPreferences', with key:'set_preferences'
12-09 08:11:46.706 I/InstrumentationBackend(13357): Added:'ClearPreferences', with key:'clear_preferences'
12-09 08:11:46.706 I/InstrumentationBackend(13357): Added:'PressElement', with key:'press_l10n_element'
12-09 08:11:46.706 I/InstrumentationBackend(13357): Added:'WaitForElement', with key:'wait_for_l10n_element'
12-09 08:11:46.706 I/InstrumentationBackend(13357): Added:'NullAction', with key:'nullAction'
12-09 08:11:46.707 I/InstrumentationBackend(13357): Added:'PressKey', with key:'press_key'
12-09 08:11:46.707 I/InstrumentationBackend(13357): Added:'SetActivityOrientation', with key:'set_activity_orientation'
12-09 08:11:46.707 I/InstrumentationBackend(13357): Added:'GetActivityOrientation', with key:'get_activity_orientation'
12-09 08:11:46.707 I/InstrumentationBackend(13357): Added:'FakeGPSLocation', with key:'set_gps_coordinates'
12-09 08:11:46.707 I/InstrumentationBackend(13357): Added:'SetPropertyByCssSelector', with key:'set_property_by_css_selector'
12-09 08:11:46.707 I/InstrumentationBackend(13357): Added:'GetUrl', with key:'get_url'
12-09 08:11:46.708 I/InstrumentationBackend(13357): Added:'ScrollTo', with key:'scroll_to'
12-09 08:11:46.708 I/InstrumentationBackend(13357): Added:'GetLoadProgress', with key:'get_load_progress'
12-09 08:11:46.708 I/InstrumentationBackend(13357): Added:'DumpHtml', with key:'dump_html'
12-09 08:11:46.709 I/InstrumentationBackend(13357): Added:'DumpBodyHtml', with key:'dump_body_html'
12-09 08:11:46.717 I/InstrumentationBackend(13357): Added:'EnterTextByCssSelector', with key:'enter_text_by_selector'
12-09 08:11:46.718 I/InstrumentationBackend(13357): Added:'AndroidSDKVersion', with key:'android_sdk_version'
12-09 08:11:46.718 I/InstrumentationBackend(13357): Added:'Version', with key:'version'
12-09 08:11:46.718 I/InstrumentationBackend(13357): Added:'Drag', with key:'drag'
12-09 08:11:46.718 I/InstrumentationBackend(13357): Added:'TouchCoordinates', with key:'touch_coordinate'
12-09 08:11:46.718 I/InstrumentationBackend(13357): Added:'LongPressCoordinate', with key:'long_press_coordinate'
12-09 08:11:46.718 I/InstrumentationBackend(13357): Added:'DragCoordinates', with key:'drag_coordinates'
12-09 08:11:46.729 I/InstrumentationBackend(13357): Added:'ResumeApplication', with key:'resume_application'
12-09 08:11:46.729 I/InstrumentationBackend(13357): Added:'Swipe', with key:'swipe'
12-09 08:11:46.729 I/InstrumentationBackend(13357): Added:'DoubleTapCoordinate', with key:'double_tap_coordinate'
12-09 08:11:46.729 I/InstrumentationBackend(13357): Added:'ClickOnScreen', with key:'click_on_screen'
12-09 08:11:46.730 I/InstrumentationBackend(13357): Added:'GetActivityName', with key:'get_activity_name'
12-09 08:11:46.730 I/InstrumentationBackend(13357): Added:'ScrollToView', with key:'scroll_to_view'
12-09 08:11:46.730 I/InstrumentationBackend(13357): Added:'ViewConfiguration', with key:'view_configuration'
12-09 08:11:46.730 I/InstrumentationBackend(13357): Added:'IsCurrentActivityFocused', with key:'is_current_activity_focused'
12-09 08:11:46.730 I/InstrumentationBackend(13357): Added:'SendTcp', with key:'send_tcp'
12-09 08:11:46.731 I/InstrumentationBackend(13357): Added:'DpToDevicePixel', with key:'dp_to_device_pixel'
12-09 08:11:46.731 I/InstrumentationBackend(13357): Added:'KeyboardEnterText', with key:'keyboard_enter_text'
12-09 08:11:46.731 I/InstrumentationBackend(13357): Added:'DeleteSurroundingText', with key:'delete_surrounding_text'
12-09 08:11:46.731 I/InstrumentationBackend(13357): Added:'SetComposingRegion', with key:'set_composing_region'
12-09 08:11:46.731 I/InstrumentationBackend(13357): Added:'SetSelection', with key:'set_selection'
12-09 08:11:46.732 I/InstrumentationBackend(13357): Added:'KeyboardKeyEvent', with key:'keyboard_key_event'
12-09 08:11:46.732 I/InstrumentationBackend(13357): Added:'PressUserActionButton', with key:'press_user_action_button'
12-09 08:11:46.732 I/InstrumentationBackend(13357): Added:'HideSoftKeyboard', with key:'hide_soft_keyboard'
12-09 08:11:46.732 I/InstrumentationBackend(13357): Added:'ListActions', with key:'list_actions'
12-09 08:11:46.734 I/calabash(13357): Instantiating http server at 7102
12-09 08:11:46.749 I/System.out(13357): HTTP Daemon listening on: 7102
12-09 08:11:46.822 I/System.out(13357): URI: //ping
12-09 08:11:46.853 I/System.out(13357): params: {json={}
12-09 08:11:46.853 I/System.out(13357): }
12-09 08:11:46.873 I/System.out(13357): URI: //ping
12-09 08:11:46.873 I/System.out(13357): params: {json={}
12-09 08:11:46.873 I/System.out(13357): }
12-09 08:11:46.953 I/System.out(13357): URI: //ready
12-09 08:11:46.953 I/System.out(13357): params: {json={}
12-09 08:11:46.954 I/System.out(13357): }
12-09 08:11:46.975 I/art     (13357): Background sticky concurrent mark sweep GC freed 2081(325KB) AllocSpace objects, 7(140KB) LOS objects, 37% free, 1100KB/1767KB, paused 6.334ms total 20.411ms
12-09 08:11:47.060 I/System.out(13357): URI: //
12-09 08:11:47.060 I/System.out(13357): params: {json={"command":"version","arguments":[]}
12-09 08:11:47.060 I/System.out(13357): }
12-09 08:11:47.060 I/System.out(13357): header: {date=Sun, 09 Dec 2018 08:11:47 GMT, accept=*/*, content-length=36, host=127.0.0.1:34777, user-agent=HTTPClient/1.0 (2.8.3, ruby 2.3.1 (2016-04-26)), content-type=application/json;charset=utf-8}
12-09 08:11:47.060 I/System.out(13357): params: {json={"command":"version","arguments":[]}
12-09 08:11:47.060 I/System.out(13357): }
12-09 08:11:47.060 I/System.out(13357): ProP json = {"command":"version","arguments":[]}
12-09 08:11:47.060 I/System.out(13357): files: {}
12-09 08:11:47.060 I/System.out(13357): command: {"command":"version","arguments":[]}
12-09 08:11:47.068 I/InstrumentationBackend(13357): Got command:'Command:'Line:null,version', arguments:'[]'
12-09 08:11:47.099 I/System.out(13357): result:{"bonusInformation":[],"message":"0.9.8","success":true}
12-09 08:11:47.337 I/art     (13357): Background partial concurrent mark sweep GC freed 14399(782KB) AllocSpace objects, 7(140KB) LOS objects, 48% free, 1106KB/2MB, paused 1.421ms total 205.776ms
12-09 08:11:47.337 I/System.out(13357): URI: //start-application
12-09 08:11:47.337 I/System.out(13357): params: {json={"intent":null}
12-09 08:11:47.337 I/System.out(13357): }
12-09 08:11:47.409 I/ActivityManager( 1593): START u0 {act=android.intent.action.MAIN cat=[android.intent.category.LAUNCHER] flg=0x10200000 cmp=com.evancharlton.mileage/.Mileage} from uid 10131 on display 0
12-09 08:11:47.617 W/art     ( 1593): Long monitor contention event with owner method=void com.android.server.am.ActivityManagerService.activityPaused(android.os.IBinder) from ActivityManagerService.java:6439 waiters=1 for 172ms
12-09 08:11:47.634 I/calabash(13357): newActivity1
12-09 08:11:47.653 I/calabash(13357): newActivity1
12-09 08:11:47.654 W/ActivityManager( 1593): Bad activity token: android.os.BinderProxy@8632f77
12-09 08:11:47.654 W/ActivityManager( 1593): java.lang.ClassCastException: android.os.BinderProxy cannot be cast to com.android.server.am.ActivityRecord$Token
12-09 08:11:47.654 W/ActivityManager( 1593): 	at com.android.server.am.ActivityRecord.forTokenLocked(ActivityRecord.java:424)
12-09 08:11:47.654 W/ActivityManager( 1593): 	at com.android.server.am.ActivityRecord.isInStackLocked(ActivityRecord.java:1121)
12-09 08:11:47.654 W/ActivityManager( 1593): 	at com.android.server.am.ActivityRecord.getStackLocked(ActivityRecord.java:1126)
12-09 08:11:47.654 W/ActivityManager( 1593): 	at com.android.server.am.ActivityManagerService.getActivityDisplayId(ActivityManagerService.java:8889)
12-09 08:11:47.654 W/ActivityManager( 1593): 	at android.app.ActivityManagerNative.onTransact(ActivityManagerNative.java:2338)
12-09 08:11:47.654 W/ActivityManager( 1593): 	at com.android.server.am.ActivityManagerService.onTransact(ActivityManagerService.java:2443)
12-09 08:11:47.654 W/ActivityManager( 1593): 	at android.os.Binder.execTransact(Binder.java:453)
12-09 08:11:47.655 W/ActivityManager( 1593): Bad activity token: android.os.BinderProxy@8632f77
12-09 08:11:47.655 W/ActivityManager( 1593): java.lang.ClassCastException: android.os.BinderProxy cannot be cast to com.android.server.am.ActivityRecord$Token
12-09 08:11:47.655 W/ActivityManager( 1593): 	at com.android.server.am.ActivityRecord.forTokenLocked(ActivityRecord.java:424)
12-09 08:11:47.655 W/ActivityManager( 1593): 	at com.android.server.am.ActivityRecord.isInStackLocked(ActivityRecord.java:1121)
12-09 08:11:47.655 W/ActivityManager( 1593): 	at com.android.server.am.ActivityManagerService.setTaskDescription(ActivityManagerService.java:8547)
12-09 08:11:47.655 W/ActivityManager( 1593): 	at android.app.ActivityManagerNative.onTransact(ActivityManagerNative.java:2410)
12-09 08:11:47.655 W/ActivityManager( 1593): 	at com.android.server.am.ActivityManagerService.onTransact(ActivityManagerService.java:2443)
12-09 08:11:47.655 W/ActivityManager( 1593): 	at android.os.Binder.execTransact(Binder.java:453)
12-09 08:11:47.825 D/gralloc_ranchu( 1219): gralloc_alloc: Creating ashmem region of size 3686400
12-09 08:11:48.065 V/PhoneStatusBar( 1684): setLightsOn(true)
12-09 08:11:48.075 D/EGL_emulation( 1924): eglMakeCurrent: 0x7f0a6ddb4b40: ver 2 0 (tinfo 0x7f0a6dd82cc0)
12-09 08:11:48.076 E/Surface ( 1924): getSlotFromBufferLocked: unknown buffer: 0x7f0a6a355160
12-09 08:11:48.109 D/FillupsProvider(13357): Creating database
12-09 08:11:48.443 I/art     (13357): Background sticky concurrent mark sweep GC freed 7309(420KB) AllocSpace objects, 0(0B) LOS objects, 20% free, 1684KB/2MB, paused 924us total 109.440ms
12-09 08:11:48.453 W/ActivityManager( 1593): Bad activity token: android.os.BinderProxy@8632f77
12-09 08:11:48.453 W/ActivityManager( 1593): java.lang.ClassCastException: android.os.BinderProxy cannot be cast to com.android.server.am.ActivityRecord$Token
12-09 08:11:48.453 W/ActivityManager( 1593): 	at com.android.server.am.ActivityRecord.forTokenLocked(ActivityRecord.java:424)
12-09 08:11:48.453 W/ActivityManager( 1593): 	at com.android.server.am.ActivityRecord.isInStackLocked(ActivityRecord.java:1121)
12-09 08:11:48.453 W/ActivityManager( 1593): 	at com.android.server.am.ActivityManagerService.getActivityOptions(ActivityManagerService.java:11038)
12-09 08:11:48.453 W/ActivityManager( 1593): 	at android.app.ActivityManagerNative.onTransact(ActivityManagerNative.java:1734)
12-09 08:11:48.453 W/ActivityManager( 1593): 	at com.android.server.am.ActivityManagerService.onTransact(ActivityManagerService.java:2443)
12-09 08:11:48.453 W/ActivityManager( 1593): 	at android.os.Binder.execTransact(Binder.java:453)
12-09 08:11:48.454 W/ActivityManager( 1593): Bad activity token: android.os.BinderProxy@8632f77
12-09 08:11:48.454 W/ActivityManager( 1593): java.lang.ClassCastException: android.os.BinderProxy cannot be cast to com.android.server.am.ActivityRecord$Token
12-09 08:11:48.454 W/ActivityManager( 1593): 	at com.android.server.am.ActivityRecord.forTokenLocked(ActivityRecord.java:424)
12-09 08:11:48.454 W/ActivityManager( 1593): 	at com.android.server.am.ActivityRecord.isInStackLocked(ActivityRecord.java:1121)
12-09 08:11:48.454 W/ActivityManager( 1593): 	at com.android.server.am.ActivityManagerService.getActivityOptions(ActivityManagerService.java:11038)
12-09 08:11:48.454 W/ActivityManager( 1593): 	at android.app.ActivityManagerNative.onTransact(ActivityManagerNative.java:1734)
12-09 08:11:48.454 W/ActivityManager( 1593): 	at com.android.server.am.ActivityManagerService.onTransact(ActivityManagerService.java:2443)
12-09 08:11:48.454 W/ActivityManager( 1593): 	at android.os.Binder.execTransact(Binder.java:453)
12-09 08:11:48.634 I/art     (13357): Background partial concurrent mark sweep GC freed 1233(177KB) AllocSpace objects, 0(0B) LOS objects, 39% free, 1875KB/3MB, paused 9.410ms total 143.208ms
12-09 08:11:48.878 W/art     ( 1593): Long monitor contention event with owner method=void com.android.server.wm.WindowAnimator$1.doFrame(long) from WindowAnimator.java:121 waiters=1 for 239ms
12-09 08:11:49.328 D/gralloc_ranchu( 1219): gralloc_alloc: Creating ashmem region of size 3686400
12-09 08:11:49.503 D/        (13357): HostConnection::get() New Host Connection established 0x7f0a6a3bd220, tid 13357
12-09 08:11:49.539 I/ActivityManager( 1593): Displayed com.evancharlton.mileage/.Mileage: +2s105ms
12-09 08:11:49.794 D/gralloc_ranchu( 1219): gralloc_alloc: Creating ashmem region of size 3686400
12-09 08:11:50.298 I/System.out(13357): URI: //map
12-09 08:11:50.298 I/System.out(13357): params: {json={"query":"android.widget.Button index:2","operation":{"method_name":"query","arguments":[]}}
12-09 08:11:50.298 I/System.out(13357): }
12-09 08:11:50.308 I/art     (13357): WaitForGcToComplete blocked for 7.775ms for cause Background
12-09 08:11:50.543 D/gralloc_ranchu( 1219): gralloc_alloc: Creating ashmem region of size 3686400
12-09 08:11:50.701 I/System.out(13357): URI: //gesture
12-09 08:11:50.702 I/System.out(13357): params: {json={"query_timeout":5.0,"gestures":[{"query_string":"android.widget.Button index:2","touches":[{"x":50,"y":50,"offset_x":0,"offset_y":0,"wait":0.0,"time":0.2,"release":true,"query_string":null}]}]}
12-09 08:11:50.702 I/System.out(13357): }
12-09 08:11:51.230 I/ContentMaintenance( 2363): Internal cache bytes used: 0; limit: 40626585; download size: 0
12-09 08:11:51.302 I/RealtimeCacheCleanup( 2363): Beginning Realtime garbage collection.
12-09 08:11:51.302 I/RealtimeCacheCleanup( 2363): Finished Realtime garbage collection.
12-09 08:11:51.318 W/AudioTrack( 1593): AUDIO_OUTPUT_FLAG_FAST denied by client; transfer 4, track 48000 Hz, output 44100 Hz
12-09 08:11:51.364 W/audio_hw_generic( 1307): Hardware backing HAL too slow, could only write 0 of 661 frames
12-09 08:11:51.388 W/audio_hw_generic( 1307): Hardware backing HAL too slow, could only write 0 of 661 frames
12-09 08:11:51.450 I/art     (13357): Background sticky concurrent mark sweep GC freed 34914(1584KB) AllocSpace objects, 1(20KB) LOS objects, 23% free, 2MB/3MB, paused 1.409ms total 155.576ms
12-09 08:11:51.497 W/audio_hw_generic( 1307): Not supplying enough data to HAL, expected position 29767647 , only wrote 29766152
12-09 08:11:51.517 W/audio_hw_generic( 1307): Hardware backing HAL too slow, could only write 0 of 661 frames
12-09 08:11:51.538 W/audio_hw_generic( 1307): Hardware backing HAL too slow, could only write 0 of 661 frames
12-09 08:11:51.586 D/gralloc_ranchu( 1219): gralloc_alloc: Creating ashmem region of size 45056
12-09 08:11:51.634 W/audio_hw_generic( 1307): Not supplying enough data to HAL, expected position 29772187 , only wrote 29772101
12-09 08:11:51.634 W/audio_hw_generic( 1307): Not supplying enough data to HAL, expected position 29772108 , only wrote 29772101
12-09 08:11:51.649 W/audio_hw_generic( 1307): Not supplying enough data to HAL, expected position 29772795 , only wrote 29772762
12-09 08:11:51.710 W/audio_hw_generic( 1307): Hardware backing HAL too slow, could only write 0 of 661 frames
12-09 08:11:51.720 W/audio_hw_generic( 1307): Hardware backing HAL too slow, could only write 0 of 661 frames
12-09 08:11:51.736 W/audio_hw_generic( 1307): Hardware backing HAL too slow, could only write 0 of 661 frames
12-09 08:11:51.765 W/audio_hw_generic( 1307): Hardware backing HAL too slow, could only write 0 of 661 frames
12-09 08:11:51.784 W/audio_hw_generic( 1307): Hardware backing HAL too slow, could only write 0 of 661 frames
12-09 08:11:51.800 W/audio_hw_generic( 1307): Hardware backing HAL too slow, could only write 0 of 661 frames
12-09 08:11:51.818 W/audio_hw_generic( 1307): Hardware backing HAL too slow, could only write 0 of 661 frames
12-09 08:11:51.837 W/audio_hw_generic( 1307): Not supplying enough data to HAL, expected position 29781034 , only wrote 29780694
12-09 08:11:51.837 W/audio_hw_generic( 1307): Not supplying enough data to HAL, expected position 29780700 , only wrote 29780694
12-09 08:11:51.837 W/audio_hw_generic( 1307): Hardware backing HAL too slow, could only write 0 of 661 frames
12-09 08:11:51.857 W/audio_hw_generic( 1307): Not supplying enough data to HAL, expected position 29781564 , only wrote 29781355
12-09 08:11:52.096 W/audio_hw_generic( 1307): Hardware backing HAL too slow, could only write 0 of 661 frames
12-09 08:11:52.109 W/audio_hw_generic( 1307): Hardware backing HAL too slow, could only write 0 of 661 frames
12-09 08:11:52.123 E/SurfaceFlinger( 1219): ro.sf.lcd_density must be defined as a build property
12-09 08:11:52.142 W/audio_hw_generic( 1307): Hardware backing HAL too slow, could only write 0 of 661 frames
12-09 08:11:52.157 W/audio_hw_generic( 1307): Hardware backing HAL too slow, could only write 0 of 661 frames
12-09 08:11:52.169 W/audio_hw_generic( 1307): Hardware backing HAL too slow, could only write 0 of 661 frames
12-09 08:11:52.184 W/audio_hw_generic( 1307): Hardware backing HAL too slow, could only write 0 of 661 frames
12-09 08:11:52.194 D/gralloc_ranchu( 1219): gralloc_alloc: Creating ashmem region of size 3686400
12-09 08:11:52.211 D/        (13385): HostConnection::get() New Host Connection established 0x7fbcc7792480, tid 13385
12-09 08:11:52.316 W/audio_hw_generic( 1307): Not supplying enough data to HAL, expected position 29801605 , only wrote 29799202
12-09 08:11:52.316 W/audio_hw_generic( 1307): Not supplying enough data to HAL, expected position 29799211 , only wrote 29799202
12-09 08:11:52.337 E/EGL_emulation( 1219): tid 1219: eglCreateSyncKHR(1881): error 0x3004 (EGL_BAD_ATTRIBUTE)
12-09 08:11:52.346 W/audio_hw_generic( 1307): Not supplying enough data to HAL, expected position 29800499 , only wrote 29799863
12-09 08:11:52.372 W/audio_hw_generic( 1307): Not supplying enough data to HAL, expected position 29801028 , only wrote 29800524
12-09 08:11:52.372 W/audio_hw_generic( 1307): Not supplying enough data to HAL, expected position 29800530 , only wrote 29800524
12-09 08:11:52.391 W/audio_hw_generic( 1307): Not supplying enough data to HAL, expected position 29801368 , only wrote 29801185
12-09 08:11:52.435 W/audio_hw_generic( 1307): Hardware backing HAL too slow, could only write 0 of 661 frames
12-09 08:11:52.698 W/audio_hw_generic( 1307): Hardware backing HAL too slow, could only write 0 of 661 frames
12-09 08:11:53.142 W/audio_hw_generic( 1307): Not supplying enough data to HAL, expected position 29834276 , only wrote 29834235
12-09 08:11:53.177 W/audio_hw_generic( 1307): Hardware backing HAL too slow, could only write 0 of 661 frames
12-09 08:11:53.193 W/audio_hw_generic( 1307): Hardware backing HAL too slow, could only write 0 of 661 frames
12-09 08:11:53.207 W/audio_hw_generic( 1307): Hardware backing HAL too slow, could only write 0 of 661 frames
12-09 08:11:53.249 W/audio_hw_generic( 1307): Hardware backing HAL too slow, could only write 0 of 661 frames
