12-09 08:41:25.000 W/audio_hw_generic( 1307): Hardware backing HAL too slow, could only write 0 of 661 frames
12-09 08:41:25.012 W/audio_hw_generic( 1307): Hardware backing HAL too slow, could only write 0 of 661 frames
12-09 08:41:25.187 I/ActivityManager( 1591): START u0 {cmp=com.evancharlton.mileage/.FillupInfoActivity (has extras)} from uid 10143 on display 0
12-09 08:41:25.239 W/audio_hw_generic( 1307): Not supplying enough data to HAL, expected position 50045061 , only wrote 50044971
12-09 08:41:25.287 W/audio_hw_generic( 1307): Not supplying enough data to HAL, expected position 50047092 , only wrote 50046293
12-09 08:41:25.288 D/AudioFlinger( 1307): mixer(0xf4380000) throttle end: throttle time(20)
12-09 08:41:25.340 I/calabash(20781): newActivity1
12-09 08:41:25.428 W/audio_hw_generic( 1307): Not supplying enough data to HAL, expected position 50052506 , only wrote 50051581
12-09 08:41:25.428 W/audio_hw_generic( 1307): Not supplying enough data to HAL, expected position 50051587 , only wrote 50051581
12-09 08:41:25.446 W/audio_hw_generic( 1307): Not supplying enough data to HAL, expected position 50052366 , only wrote 50052242
12-09 08:41:25.558 W/audio_hw_generic( 1307): Hardware backing HAL too slow, could only write 0 of 661 frames
12-09 08:41:25.580 V/PhoneStatusBar( 1689): setLightsOn(true)
12-09 08:41:25.625 D/gralloc_ranchu( 1218): gralloc_alloc: Creating ashmem region of size 3686400
12-09 08:41:25.681 W/audio_hw_generic( 1307): Not supplying enough data to HAL, expected position 50062614 , only wrote 50062157
12-09 08:41:25.681 W/audio_hw_generic( 1307): Not supplying enough data to HAL, expected position 50062164 , only wrote 50062157
12-09 08:41:25.708 W/audio_hw_generic( 1307): Not supplying enough data to HAL, expected position 50063332 , only wrote 50062818
12-09 08:41:25.843 W/audio_hw_generic( 1307): Not supplying enough data to HAL, expected position 50068779 , only wrote 50068767
12-09 08:41:25.844 W/audio_hw_generic( 1307): Not supplying enough data to HAL, expected position 50068778 , only wrote 50068767
12-09 08:41:25.863 W/audio_hw_generic( 1307): Not supplying enough data to HAL, expected position 50069626 , only wrote 50069428
12-09 08:41:25.863 W/audio_hw_generic( 1307): Hardware backing HAL too slow, could only write 0 of 661 frames
12-09 08:41:25.879 W/audio_hw_generic( 1307): Hardware backing HAL too slow, could only write 0 of 661 frames
12-09 08:41:25.895 W/audio_hw_generic( 1307): Hardware backing HAL too slow, could only write 0 of 661 frames
12-09 08:41:25.925 W/audio_hw_generic( 1307): Hardware backing HAL too slow, could only write 0 of 661 frames
12-09 08:41:25.940 W/audio_hw_generic( 1307): Hardware backing HAL too slow, could only write 0 of 661 frames
12-09 08:41:25.994 W/art     ( 1591): Long monitor contention event with owner method=void com.android.server.wm.WindowAnimator$1.doFrame(long) from WindowAnimator.java:121 waiters=0 for 106ms
12-09 08:41:26.049 E/SurfaceFlinger( 1218): ro.sf.lcd_density must be defined as a build property
12-09 08:41:26.090 W/audio_hw_generic( 1307): Not supplying enough data to HAL, expected position 50079450 , only wrote 50077360
12-09 08:41:26.101 W/audio_hw_generic( 1307): Not supplying enough data to HAL, expected position 50077829 , only wrote 50077360
12-09 08:41:26.129 D/gralloc_ranchu( 1218): gralloc_alloc: Creating ashmem region of size 3686400
12-09 08:41:26.215 W/audio_hw_generic( 1307): Hardware backing HAL too slow, could only write 0 of 661 frames
12-09 08:41:26.227 D/        (20888): HostConnection::get() New Host Connection established 0x7fc9c5e12480, tid 20888
12-09 08:41:26.230 W/audio_hw_generic( 1307): Hardware backing HAL too slow, could only write 0 of 661 frames
12-09 08:41:26.251 E/EGL_emulation( 1218): tid 1218: eglCreateSyncKHR(1881): error 0x3004 (EGL_BAD_ATTRIBUTE)
12-09 08:41:26.264 W/audio_hw_generic( 1307): Hardware backing HAL too slow, could only write 0 of 661 frames
12-09 08:41:26.347 D/gralloc_ranchu( 1218): gralloc_alloc: Creating ashmem region of size 3686400
12-09 08:41:26.517 W/audio_hw_generic( 1307): Not supplying enough data to HAL, expected position 50095712 , only wrote 50093885
12-09 08:41:26.577 I/ActivityManager( 1591): Displayed com.evancharlton.mileage/.FillupInfoActivity: +1s371ms
12-09 08:41:26.855 W/audio_hw_generic( 1307): Not supplying enough data to HAL, expected position 50108795 , only wrote 50108427
12-09 08:41:26.855 W/audio_hw_generic( 1307): Not supplying enough data to HAL, expected position 50108433 , only wrote 50108427
12-09 08:41:27.022 W/art     ( 1591): Long monitor contention event with owner method=void com.android.server.wm.WindowAnimator$1.doFrame(long) from WindowAnimator.java:121 waiters=0 for 126ms
12-09 08:41:27.042 W/audio_hw_generic( 1307): Hardware backing HAL too slow, could only write 0 of 661 frames
12-09 08:41:27.200 D/gralloc_ranchu( 1218): gralloc_alloc: Creating ashmem region of size 3686400
12-09 08:41:27.331 W/audio_hw_generic( 1307): Not supplying enough data to HAL, expected position 50129407 , only wrote 50128918
12-09 08:41:27.331 W/audio_hw_generic( 1307): Not supplying enough data to HAL, expected position 50128924 , only wrote 50128918
12-09 08:41:27.350 W/audio_hw_generic( 1307): Not supplying enough data to HAL, expected position 50129749 , only wrote 50129579
12-09 08:41:27.473 W/audio_hw_generic( 1307): Not supplying enough data to HAL, expected position 50135017 , only wrote 50134867
12-09 08:41:27.707 W/audio_hw_generic( 1307): Not supplying enough data to HAL, expected position 50145167 , only wrote 50144782
12-09 08:41:27.839 D/AndroidRuntime(20892): >>>>>> START com.android.internal.os.RuntimeInit uid 0 <<<<<<
12-09 08:41:27.852 D/AndroidRuntime(20892): CheckJNI is ON
12-09 08:41:27.869 D/ICU     (20892): No timezone override file found: /data/misc/zoneinfo/current/icu/icu_tzdata.dat
12-09 08:41:27.943 W/audio_hw_generic( 1307): Not supplying enough data to HAL, expected position 50155189 , only wrote 50154697
12-09 08:41:27.975 W/audio_hw_generic( 1307): Not supplying enough data to HAL, expected position 50156130 , only wrote 50156019
12-09 08:41:28.003 W/audio_hw_generic( 1307): Not supplying enough data to HAL, expected position 50157229 , only wrote 50156680
12-09 08:41:28.003 W/audio_hw_generic( 1307): Not supplying enough data to HAL, expected position 50156686 , only wrote 50156680
12-09 08:41:28.023 W/audio_hw_generic( 1307): Not supplying enough data to HAL, expected position 50157574 , only wrote 50157341
12-09 08:41:28.059 W/audio_hw_generic( 1307): Hardware backing HAL too slow, could only write 0 of 661 frames
12-09 08:41:28.067 E/memtrack(20892): Couldn't load memtrack module (No such file or directory)
12-09 08:41:28.067 E/android.os.Debug(20892): failed to load memtrack module: -2
12-09 08:41:28.108 I/Radio-JNI(20892): register_android_hardware_Radio DONE
12-09 08:41:28.194 D/AndroidRuntime(20892): Calling main entry com.android.commands.input.Input
12-09 08:41:28.194 I/Input   (20892): injectKeyEvent: KeyEvent { action=ACTION_DOWN, keyCode=KEYCODE_BACK, scanCode=0, metaState=0, flags=0x0, repeatCount=0, eventTime=6302301, downTime=6302301, deviceId=-1, source=0x101 }
12-09 08:41:28.300 I/Input   (20892): injectKeyEvent: KeyEvent { action=ACTION_UP, keyCode=KEYCODE_BACK, scanCode=0, metaState=0, flags=0x0, repeatCount=0, eventTime=6302301, downTime=6302301, deviceId=-1, source=0x101 }
12-09 08:41:28.314 D/AndroidRuntime(20892): Shutting down VM
12-09 08:41:28.394 W/ActivityManager( 1591): Bad activity token: android.os.BinderProxy@8aae8e0
12-09 08:41:28.394 W/ActivityManager( 1591): java.lang.ClassCastException: android.os.BinderProxy cannot be cast to com.android.server.am.ActivityRecord$Token
12-09 08:41:28.394 W/ActivityManager( 1591): 	at com.android.server.am.ActivityRecord.forTokenLocked(ActivityRecord.java:424)
12-09 08:41:28.394 W/ActivityManager( 1591): 	at com.android.server.am.ActivityRecord.isInStackLocked(ActivityRecord.java:1121)
12-09 08:41:28.394 W/ActivityManager( 1591): 	at com.android.server.am.ActivityManagerService.getActivityOptions(ActivityManagerService.java:11038)
12-09 08:41:28.394 W/ActivityManager( 1591): 	at android.app.ActivityManagerNative.onTransact(ActivityManagerNative.java:1734)
12-09 08:41:28.394 W/ActivityManager( 1591): 	at com.android.server.am.ActivityManagerService.onTransact(ActivityManagerService.java:2443)
12-09 08:41:28.394 W/ActivityManager( 1591): 	at android.os.Binder.execTransact(Binder.java:453)
12-09 08:41:28.404 W/audio_hw_generic( 1307): Not supplying enough data to HAL, expected position 50187003 , only wrote 50170561
12-09 08:41:28.487 V/PhoneStatusBar( 1689): setLightsOn(true)
12-09 08:41:28.561 D/gralloc_ranchu( 1218): gralloc_alloc: Creating ashmem region of size 3686400
12-09 08:41:28.695 I/System.out(20781): URI: //gesture
12-09 08:41:28.695 I/System.out(20781): params: {json={"query_timeout":5.0,"gestures":[{"query_string":"android.widget.TabWidget descendant TextView index:2","touches":[{"x":50,"y":50,"offset_x":0,"offset_y":0,"wait":0.0,"time":0.2,"release":true,"query_string":null}]}]}
12-09 08:41:28.695 I/System.out(20781): }
12-09 08:41:28.795 D/gralloc_ranchu( 1218): gralloc_alloc: Creating ashmem region of size 3686400
12-09 08:41:28.924 D/gralloc_ranchu( 1218): gralloc_alloc: Creating ashmem region of size 3686400
12-09 08:41:29.805 I/calabash(20781): newActivity1
12-09 08:41:29.851 W/ActivityManager( 1591): Bad activity token: android.os.BinderProxy@32201a5
12-09 08:41:29.851 W/ActivityManager( 1591): java.lang.ClassCastException: android.os.BinderProxy cannot be cast to com.android.server.am.ActivityRecord$Token
12-09 08:41:29.851 W/ActivityManager( 1591): 	at com.android.server.am.ActivityRecord.forTokenLocked(ActivityRecord.java:424)
12-09 08:41:29.851 W/ActivityManager( 1591): 	at com.android.server.am.ActivityRecord.isInStackLocked(ActivityRecord.java:1121)
12-09 08:41:29.851 W/ActivityManager( 1591): 	at com.android.server.am.ActivityRecord.getStackLocked(ActivityRecord.java:1126)
12-09 08:41:29.851 W/ActivityManager( 1591): 	at com.android.server.am.ActivityManagerService.getActivityDisplayId(ActivityManagerService.java:8889)
12-09 08:41:29.851 W/ActivityManager( 1591): 	at android.app.ActivityManagerNative.onTransact(ActivityManagerNative.java:2338)
12-09 08:41:29.851 W/ActivityManager( 1591): 	at com.android.server.am.ActivityManagerService.onTransact(ActivityManagerService.java:2443)
12-09 08:41:29.851 W/ActivityManager( 1591): 	at android.os.Binder.execTransact(Binder.java:453)
12-09 08:41:29.860 D/AudioFlinger( 1307): mixer(0xf4380000) throttle end: throttle time(5)
12-09 08:41:29.862 W/ActivityManager( 1591): Bad activity token: android.os.BinderProxy@32201a5
12-09 08:41:29.862 W/ActivityManager( 1591): java.lang.ClassCastException: android.os.BinderProxy cannot be cast to com.android.server.am.ActivityRecord$Token
12-09 08:41:29.862 W/ActivityManager( 1591): 	at com.android.server.am.ActivityRecord.forTokenLocked(ActivityRecord.java:424)
12-09 08:41:29.862 W/ActivityManager( 1591): 	at com.android.server.am.ActivityRecord.isInStackLocked(ActivityRecord.java:1121)
12-09 08:41:29.862 W/ActivityManager( 1591): 	at com.android.server.am.ActivityManagerService.setTaskDescription(ActivityManagerService.java:8547)
12-09 08:41:29.862 W/ActivityManager( 1591): 	at android.app.ActivityManagerNative.onTransact(ActivityManagerNative.java:2410)
12-09 08:41:29.862 W/ActivityManager( 1591): 	at com.android.server.am.ActivityManagerService.onTransact(ActivityManagerService.java:2443)
12-09 08:41:29.862 W/ActivityManager( 1591): 	at android.os.Binder.execTransact(Binder.java:453)
12-09 08:41:29.885 W/audio_hw_generic( 1307): Hardware backing HAL too slow, could only write 0 of 661 frames
12-09 08:41:29.889 D/VehicleStatisticsActivity(20781): Checking recalculation ...
12-09 08:41:29.890 D/VehicleStatisticsActivity(20781): Recalculating statistics
12-09 08:41:29.890 D/VehicleStatisticsTask(20781): Calculation starting...
12-09 08:41:29.890 D/VehicleStatisticsActivity(20781): Recalculation started!
12-09 08:41:29.911 W/audio_hw_generic( 1307): Hardware backing HAL too slow, could only write 0 of 661 frames
12-09 08:41:29.917 W/ActivityManager( 1591): Bad activity token: android.os.BinderProxy@32201a5
12-09 08:41:29.917 W/ActivityManager( 1591): java.lang.ClassCastException: android.os.BinderProxy cannot be cast to com.android.server.am.ActivityRecord$Token
12-09 08:41:29.917 W/ActivityManager( 1591): 	at com.android.server.am.ActivityRecord.forTokenLocked(ActivityRecord.java:424)
12-09 08:41:29.917 W/ActivityManager( 1591): 	at com.android.server.am.ActivityRecord.isInStackLocked(ActivityRecord.java:1121)
12-09 08:41:29.917 W/ActivityManager( 1591): 	at com.android.server.am.ActivityManagerService.getActivityOptions(ActivityManagerService.java:11038)
12-09 08:41:29.917 W/ActivityManager( 1591): 	at android.app.ActivityManagerNative.onTransact(ActivityManagerNative.java:1734)
12-09 08:41:29.917 W/ActivityManager( 1591): 	at com.android.server.am.ActivityManagerService.onTransact(ActivityManagerService.java:2443)
12-09 08:41:29.917 W/ActivityManager( 1591): 	at android.os.Binder.execTransact(Binder.java:453)
12-09 08:41:29.917 W/ActivityManager( 1591): Bad activity token: android.os.BinderProxy@32201a5
12-09 08:41:29.917 W/ActivityManager( 1591): java.lang.ClassCastException: android.os.BinderProxy cannot be cast to com.android.server.am.ActivityRecord$Token
12-09 08:41:29.917 W/ActivityManager( 1591): 	at com.android.server.am.ActivityRecord.forTokenLocked(ActivityRecord.java:424)
12-09 08:41:29.917 W/ActivityManager( 1591): 	at com.android.server.am.ActivityRecord.isInStackLocked(ActivityRecord.java:1121)
12-09 08:41:29.917 W/ActivityManager( 1591): 	at com.android.server.am.ActivityManagerService.getActivityOptions(ActivityManagerService.java:11038)
12-09 08:41:29.917 W/ActivityManager( 1591): 	at android.app.ActivityManagerNative.onTransact(ActivityManagerNative.java:1734)
12-09 08:41:29.917 W/ActivityManager( 1591): 	at com.android.server.am.ActivityManagerService.onTransact(ActivityManagerService.java:2443)
12-09 08:41:29.917 W/ActivityManager( 1591): 	at android.os.Binder.execTransact(Binder.java:453)
12-09 08:41:29.921 D/CalculateTask(20781): Recalculating...
12-09 08:41:29.951 D/VehicleStatisticsActivity(20781): Checking recalculation ...
12-09 08:41:29.955 D/VehicleStatisticsActivity(20781): Recalculating statistics
12-09 08:41:29.955 D/VehicleStatisticsTask(20781): Calculation starting...
12-09 08:41:29.955 D/VehicleStatisticsActivity(20781): Recalculation started!
12-09 08:41:30.008 D/CalculateTask(20781): Recalculating...
12-09 08:41:30.049 W/audio_hw_generic( 1307): Hardware backing HAL too slow, could only write 0 of 661 frames
12-09 08:41:30.173 W/audio_hw_generic( 1307): Not supplying enough data to HAL, expected position 50185642 , only wrote 50185103
12-09 08:41:30.229 D/VehicleStatisticsTask(20781): Done recalculating!
12-09 08:41:30.245 D/VehicleStatisticsAdapter(20781): Erasing the cache ...
--------- beginning of crash
12-09 08:41:30.245 E/AndroidRuntime(20781): FATAL EXCEPTION: Thread-1003
12-09 08:41:30.245 E/AndroidRuntime(20781): Process: com.evancharlton.mileage, PID: 20781
12-09 08:41:30.245 E/AndroidRuntime(20781): java.lang.NullPointerException: Attempt to read from field 'com.evancharlton.mileage.dao.Vehicle com.evancharlton.mileage.adapters.VehicleStatisticsAdapter.mVehicle' on a null object reference
12-09 08:41:30.245 E/AndroidRuntime(20781): 	at com.evancharlton.mileage.adapters.VehicleStatisticsAdapter.access$000(VehicleStatisticsAdapter.java:25)
12-09 08:41:30.245 E/AndroidRuntime(20781): 	at com.evancharlton.mileage.adapters.VehicleStatisticsAdapter$1.run(VehicleStatisticsAdapter.java:81)
12-09 08:41:30.246 W/ActivityManager( 1591): Error in app com.evancharlton.mileage running instrumentation ComponentInfo{com.evancharlton.mileage.test/sh.calaba.instrumentationbackend.CalabashInstrumentationTestRunner}:
12-09 08:41:30.246 W/ActivityManager( 1591):   java.lang.NullPointerException
12-09 08:41:30.246 W/ActivityManager( 1591):   java.lang.NullPointerException: Attempt to read from field 'com.evancharlton.mileage.dao.Vehicle com.evancharlton.mileage.adapters.VehicleStatisticsAdapter.mVehicle' on a null object reference
12-09 08:41:30.246 I/ActivityManager( 1591): Force stopping com.evancharlton.mileage appid=10143 user=0: finished inst
12-09 08:41:30.247 I/ActivityManager( 1591): Killing 20781:com.evancharlton.mileage/u0a143 (adj 0): stop com.evancharlton.mileage
12-09 08:41:30.353 W/InputDispatcher( 1591): channel 'fc5d962 com.evancharlton.mileage/com.evancharlton.mileage.Mileage (server)' ~ Consumer closed input channel or an error occurred.  events=0x9
12-09 08:41:30.353 E/InputDispatcher( 1591): channel 'fc5d962 com.evancharlton.mileage/com.evancharlton.mileage.Mileage (server)' ~ Channel is unrecoverably broken and will be disposed!
12-09 08:41:30.353 W/InputDispatcher( 1591): channel 'caea896 com.evancharlton.mileage/com.evancharlton.mileage.FillupInfoActivity (server)' ~ Consumer closed input channel or an error occurred.  events=0x9
12-09 08:41:30.353 E/InputDispatcher( 1591): channel 'caea896 com.evancharlton.mileage/com.evancharlton.mileage.FillupInfoActivity (server)' ~ Channel is unrecoverably broken and will be disposed!
12-09 08:41:30.386 W/ActivityManager( 1591): Scheduling restart of crashed service com.evancharlton.mileage/.services.AutomaticBackupService in 1000ms
12-09 08:41:30.386 W/InputDispatcher( 1591): Attempted to unregister already unregistered input channel 'caea896 com.evancharlton.mileage/com.evancharlton.mileage.FillupInfoActivity (server)'
12-09 08:41:30.398 W/ActivityManager( 1591): Force removing ActivityRecord{6156eac u0 com.evancharlton.mileage/.Mileage t496}: app died, no saved state
12-09 08:41:30.399 W/audio_hw_generic( 1307): Not supplying enough data to HAL, expected position 50195108 , only wrote 50194357
12-09 08:41:30.403 W/WindowManager( 1591): Failed looking up window
12-09 08:41:30.403 W/WindowManager( 1591): java.lang.IllegalArgumentException: Requested window android.os.BinderProxy@a87dbb1 does not exist
12-09 08:41:30.403 W/WindowManager( 1591): 	at com.android.server.wm.WindowManagerService.windowForClientLocked(WindowManagerService.java:8733)
12-09 08:41:30.403 W/WindowManager( 1591): 	at com.android.server.wm.WindowManagerService.windowForClientLocked(WindowManagerService.java:8724)
12-09 08:41:30.403 W/WindowManager( 1591): 	at com.android.server.wm.WindowState$DeathRecipient.binderDied(WindowState.java:1209)
12-09 08:41:30.403 W/WindowManager( 1591): 	at android.os.BinderProxy.sendDeathNotice(Binder.java:558)
12-09 08:41:30.404 W/audio_hw_generic( 1307): Not supplying enough data to HAL, expected position 50194574 , only wrote 50194357
12-09 08:41:30.406 I/WindowState( 1591): WIN DEATH: null
12-09 08:41:30.416 E/SurfaceFlinger( 1218): ro.sf.lcd_density must be defined as a build property
12-09 08:41:30.417 I/WindowState( 1591): WIN DEATH: Window{fc5d962 u0 com.evancharlton.mileage/com.evancharlton.mileage.Mileage}
12-09 08:41:30.417 W/InputDispatcher( 1591): Attempted to unregister already unregistered input channel 'fc5d962 com.evancharlton.mileage/com.evancharlton.mileage.Mileage (server)'
12-09 08:41:30.420 W/audio_hw_generic( 1307): Not supplying enough data to HAL, expected position 50195040 , only wrote 50195018
12-09 08:41:30.432 D/gralloc_ranchu( 1218): gralloc_alloc: Creating ashmem region of size 3686400
12-09 08:41:30.446 D/        (20905): HostConnection::get() New Host Connection established 0x7f33e6692480, tid 20905
12-09 08:41:30.509 E/EGL_emulation( 1218): tid 1218: eglCreateSyncKHR(1881): error 0x3004 (EGL_BAD_ATTRIBUTE)
12-09 08:41:30.543 W/art     ( 1591): Long monitor contention event with owner method=void com.android.server.am.ActivityManagerService.crashApplication(com.android.server.am.ProcessRecord, android.app.ApplicationErrorReport$CrashInfo) from ActivityManagerService.java:12502 waiters=0 for 296ms
12-09 08:41:30.656 D/EGL_emulation( 1922): eglMakeCurrent: 0x7fb3ad635040: ver 2 0 (tinfo 0x7fb3ad602d80)
12-09 08:41:30.812 W/audio_hw_generic( 1307): Not supplying enough data to HAL, expected position 50212310 , only wrote 50212204
12-09 08:41:30.812 W/audio_hw_generic( 1307): Not supplying enough data to HAL, expected position 50212210 , only wrote 50212204
12-09 08:41:30.829 W/audio_hw_generic( 1307): Not supplying enough data to HAL, expected position 50212942 , only wrote 50212865
12-09 08:41:30.933 I/AccountManagerService( 1591): getTypesVisibleToCaller: isPermitted? true
12-09 08:41:31.067 W/art     ( 1591): Long monitor contention event with owner method=void com.android.server.wm.WindowAnimator$1.doFrame(long) from WindowAnimator.java:121 waiters=0 for 152ms
12-09 08:41:31.087 W/audio_hw_generic( 1307): Not supplying enough data to HAL, expected position 50224255 , only wrote 50224102
12-09 08:41:31.087 W/audio_hw_generic( 1307): Hardware backing HAL too slow, could only write 0 of 661 frames
12-09 08:41:31.222 W/audio_hw_generic( 1307): Not supplying enough data to HAL, expected position 50230029 , only wrote 50229390
12-09 08:41:31.253 W/audio_hw_generic( 1307): Not supplying enough data to HAL, expected position 50230785 , only wrote 50230712
12-09 08:41:31.253 W/audio_hw_generic( 1307): Hardware backing HAL too slow, could only write 0 of 661 frames
12-09 08:41:31.257 W/OpenGLRenderer( 1922): Incorrectly called buildLayer on View: ShortcutAndWidgetContainer, destroying layer...
12-09 08:41:31.268 W/audio_hw_generic( 1307): Hardware backing HAL too slow, could only write 0 of 661 frames
12-09 08:41:31.283 W/audio_hw_generic( 1307): Hardware backing HAL too slow, could only write 0 of 661 frames
12-09 08:41:31.523 W/audio_hw_generic( 1307): Not supplying enough data to HAL, expected position 50242619 , only wrote 50242610
12-09 08:41:31.523 W/audio_hw_generic( 1307): Not supplying enough data to HAL, expected position 50242616 , only wrote 50242610
12-09 08:41:31.542 W/audio_hw_generic( 1307): Not supplying enough data to HAL, expected position 50243432 , only wrote 50243271
12-09 08:41:31.547 W/audio_hw_generic( 1307): Hardware backing HAL too slow, could only write 0 of 661 frames
12-09 08:41:31.571 W/audio_hw_generic( 1307): Hardware backing HAL too slow, could only write 0 of 661 frames
12-09 08:41:31.589 W/audio_hw_generic( 1307): Hardware backing HAL too slow, could only write 0 of 661 frames
12-09 08:41:31.616 W/audio_hw_generic( 1307): Hardware backing HAL too slow, could only write 0 of 661 frames
12-09 08:41:31.631 W/audio_hw_generic( 1307): Hardware backing HAL too slow, could only write 0 of 661 frames
12-09 08:41:31.655 W/audio_hw_generic( 1307): Hardware backing HAL too slow, could only write 0 of 661 frames
12-09 08:41:31.667 W/audio_hw_generic( 1307): Hardware backing HAL too slow, could only write 0 of 661 frames
12-09 08:41:31.678 W/audio_hw_generic( 1307): Hardware backing HAL too slow, could only write 0 of 661 frames
12-09 08:41:31.695 W/audio_hw_generic( 1307): Hardware backing HAL too slow, could only write 0 of 661 frames
12-09 08:41:31.710 W/audio_hw_generic( 1307): Hardware backing HAL too slow, could only write 0 of 661 frames
12-09 08:41:31.723 W/audio_hw_generic( 1307): Hardware backing HAL too slow, could only write 0 of 661 frames
12-09 08:41:31.736 W/audio_hw_generic( 1307): Hardware backing HAL too slow, could only write 0 of 661 frames
12-09 08:41:31.763 W/audio_hw_generic( 1307): Hardware backing HAL too slow, could only write 0 of 661 frames
12-09 08:41:31.787 W/audio_hw_generic( 1307): Not supplying enough data to HAL, expected position 50254055 , only wrote 50253847
12-09 08:41:31.823 W/audio_hw_generic( 1307): Hardware backing HAL too slow, could only write 0 of 661 frames
12-09 08:41:31.881 E/SurfaceFlinger( 1218): ro.sf.lcd_density must be defined as a build property
12-09 08:41:31.939 D/gralloc_ranchu( 1218): gralloc_alloc: Creating ashmem region of size 3686400
12-09 08:41:31.999 W/audio_hw_generic( 1307): Hardware backing HAL too slow, could only write 0 of 661 frames
12-09 08:41:32.005 D/        (20913): HostConnection::get() New Host Connection established 0x7fd694292480, tid 20913
12-09 08:41:32.033 E/EGL_emulation( 1218): tid 1218: eglCreateSyncKHR(1881): error 0x3004 (EGL_BAD_ATTRIBUTE)
12-09 08:41:32.241 W/audio_hw_generic( 1307): Not supplying enough data to HAL, expected position 50273878 , only wrote 50273677
12-09 08:41:32.241 W/audio_hw_generic( 1307): Not supplying enough data to HAL, expected position 50273683 , only wrote 50273677
12-09 08:41:32.262 W/audio_hw_generic( 1307): Not supplying enough data to HAL, expected position 50274592 , only wrote 50274338
12-09 08:41:32.282 W/audio_hw_generic( 1307): Hardware backing HAL too slow, could only write 0 of 661 frames
12-09 08:41:32.297 W/audio_hw_generic( 1307): Hardware backing HAL too slow, could only write 0 of 661 frames
12-09 08:41:32.330 W/audio_hw_generic( 1307): Hardware backing HAL too slow, could only write 0 of 661 frames
12-09 08:41:32.952 W/audio_hw_generic( 1307): Not supplying enough data to HAL, expected position 50334289 , only wrote 50304744
