--------- beginning of main
12-09 07:53:40.482 W/art     ( 1591): Long monitor contention event with owner method=void com.android.server.wm.WindowAnimator$1.doFrame(long) from WindowAnimator.java:121 waiters=1 for 214ms
12-09 07:53:41.027 W/art     ( 1591): Long monitor contention event with owner method=void com.android.server.wm.WindowAnimator$1.doFrame(long) from WindowAnimator.java:121 waiters=1 for 229ms
12-09 07:53:41.694 W/art     ( 1591): Long monitor contention event with owner method=void com.android.server.wm.WindowAnimator$1.doFrame(long) from WindowAnimator.java:121 waiters=1 for 292ms
12-09 07:53:42.882 W/SurfaceFlinger( 1224): Timed out waiting for hw vsync; faking it
12-09 07:53:42.901 I/Choreographer( 1591): Skipped 61 frames!  The application may be doing too much work on its main thread.
12-09 07:53:42.902 W/art     ( 1591): Long monitor contention event with owner method=void com.android.server.wm.WindowAnimator$1.doFrame(long) from WindowAnimator.java:121 waiters=1 for 1.139s
12-09 07:53:43.149 W/art     ( 1591): Long monitor contention event with owner method=void com.android.server.wm.WindowAnimator$1.doFrame(long) from WindowAnimator.java:121 waiters=1 for 1.316s
12-09 07:53:43.158 D/EGL_emulation( 1934): eglMakeCurrent: 0x7f13e2ff4dc0: ver 2 0 (tinfo 0x7f13e2fc2d40)
12-09 07:53:43.162 E/Surface ( 1934): getSlotFromBufferLocked: unknown buffer: 0x7f13e2ff5c20
12-09 07:53:43.515 W/art     ( 1591): Long monitor contention event with owner method=boolean com.android.server.am.ActivityManagerService.finishActivity(android.os.IBinder, int, android.content.Intent, boolean) from ActivityManagerService.java:4245 waiters=0 for 5.667s
12-09 07:53:43.517 W/art     ( 1591): Long monitor contention event with owner method=boolean com.android.server.am.ActivityManagerService.finishActivity(android.os.IBinder, int, android.content.Intent, boolean) from ActivityManagerService.java:4245 waiters=1 for 5.396s
12-09 07:53:43.522 W/art     ( 1591): Long monitor contention event with owner method=boolean com.android.server.am.ActivityManagerService.finishActivity(android.os.IBinder, int, android.content.Intent, boolean) from ActivityManagerService.java:4245 waiters=2 for 3.767s
12-09 07:53:43.525 W/art     ( 1591): Long monitor contention event with owner method=boolean com.android.server.am.ActivityManagerService.finishActivity(android.os.IBinder, int, android.content.Intent, boolean) from ActivityManagerService.java:4245 waiters=3 for 3.092s
12-09 07:53:43.530 W/art     ( 1591): Long monitor contention event with owner method=boolean com.android.server.am.ActivityManagerService.finishActivity(android.os.IBinder, int, android.content.Intent, boolean) from ActivityManagerService.java:4245 waiters=4 for 2.213s
12-09 07:53:43.916 D/AndroidRuntime( 8318): >>>>>> START com.android.internal.os.RuntimeInit uid 0 <<<<<<
12-09 07:53:43.921 D/AndroidRuntime( 8318): CheckJNI is ON
12-09 07:53:43.954 D/ICU     ( 8318): No timezone override file found: /data/misc/zoneinfo/current/icu/icu_tzdata.dat
12-09 07:53:44.038 W/art     ( 1591): Long monitor contention event with owner method=void com.android.server.wm.WindowAnimator$1.doFrame(long) from WindowAnimator.java:121 waiters=0 for 184ms
12-09 07:53:44.058 W/art     ( 1591): Long monitor contention event with owner method=void com.android.server.am.ActivityManagerService.activityPaused(android.os.IBinder) from ActivityManagerService.java:6439 waiters=0 for 514ms
12-09 07:53:44.059 W/art     ( 1591): Long monitor contention event with owner method=void com.android.server.am.ActivityManagerService.activityPaused(android.os.IBinder) from ActivityManagerService.java:6439 waiters=1 for 510ms
12-09 07:53:44.086 E/memtrack( 8318): Couldn't load memtrack module (No such file or directory)
12-09 07:53:44.086 E/android.os.Debug( 8318): failed to load memtrack module: -2
12-09 07:53:44.087 I/Radio-JNI( 8318): register_android_hardware_Radio DONE
12-09 07:53:44.121 D/AndroidRuntime( 8318): Calling main entry com.android.commands.am.Am
12-09 07:53:44.200 W/art     ( 1591): Long monitor contention event with owner method=void com.android.server.wm.WindowAnimator$1.doFrame(long) from WindowAnimator.java:121 waiters=0 for 128ms
--------- beginning of system
12-09 07:53:44.205 I/ActivityManager( 1591): Force stopping com.evancharlton.mileage appid=10123 user=0: start instr
12-09 07:53:44.206 I/ActivityManager( 1591): Killing 8286:com.evancharlton.mileage/u0a123 (adj 0): stop com.evancharlton.mileage
12-09 07:53:44.282 D/EGL_emulation( 1934): eglMakeCurrent: 0x7f13e2ff4dc0: ver 2 0 (tinfo 0x7f13e2fc2d40)
12-09 07:53:44.317 W/ActivityManager( 1591): Crash of app com.evancharlton.mileage running instrumentation ComponentInfo{com.evancharlton.mileage.test/sh.calaba.instrumentationbackend.ClearAppData2}
12-09 07:53:44.317 I/ActivityManager( 1591): Force stopping com.evancharlton.mileage appid=10123 user=0: finished inst
12-09 07:53:44.392 I/ActivityManager( 1591): Start proc 8327:com.evancharlton.mileage/u0a123 for added application com.evancharlton.mileage
12-09 07:53:44.394 D/AndroidRuntime( 8318): Shutting down VM
12-09 07:53:44.448 W/ActivityManager( 1591): Spurious death for ProcessRecord{e028c43 0:com.evancharlton.mileage/u0a123}, curProc for 8286: null
12-09 07:53:44.798 W/InputMethodManagerService( 1591): Window already focused, ignoring focus gain of: com.android.internal.view.IInputMethodClient$Stub$Proxy@ca452c0 attribute=null, token = android.os.BinderProxy@112f344
12-09 07:53:44.798 W/art     ( 1591): Long monitor contention event with owner method=void com.android.server.am.ActivityManagerService.activityDestroyed(android.os.IBinder) from ActivityManagerService.java:6475 waiters=0 for 349ms
12-09 07:53:44.980 W/System  ( 8327): ClassLoader referenced unknown path: /data/app/com.evancharlton.mileage.test-1/lib/x86_64
12-09 07:53:44.980 W/System  ( 8327): ClassLoader referenced unknown path: /data/app/com.evancharlton.mileage-1/lib/x86_64
12-09 07:53:45.120 I/System.out( 8327): Main activity name automatically set to: com.evancharlton.mileage.Mileage
12-09 07:53:45.121 I/System.out( 8327): Calabash did not load Mono. This is only a problem if you are trying to test a Mono application
12-09 07:53:45.141 I/calabash( 8327): Test server port: 7102
12-09 07:53:45.142 I/InstrumentationBackend( 8327): Added:'GetPreferences', with key:'get_preferences'
12-09 07:53:45.200 I/art     ( 8327): Background sticky concurrent mark sweep GC freed 31113(1224KB) AllocSpace objects, 0(0B) LOS objects, 79% free, 798KB/3MB, paused 13.423ms total 207.293ms
12-09 07:53:45.252 I/InstrumentationBackend( 8327): Added:'SetPreferences', with key:'set_preferences'
12-09 07:53:45.252 I/InstrumentationBackend( 8327): Added:'ClearPreferences', with key:'clear_preferences'
12-09 07:53:45.252 I/InstrumentationBackend( 8327): Added:'PressElement', with key:'press_l10n_element'
12-09 07:53:45.253 I/InstrumentationBackend( 8327): Added:'WaitForElement', with key:'wait_for_l10n_element'
12-09 07:53:45.306 I/InstrumentationBackend( 8327): Added:'NullAction', with key:'nullAction'
12-09 07:53:45.306 I/InstrumentationBackend( 8327): Added:'PressKey', with key:'press_key'
12-09 07:53:45.306 I/InstrumentationBackend( 8327): Added:'SetActivityOrientation', with key:'set_activity_orientation'
12-09 07:53:45.307 I/InstrumentationBackend( 8327): Added:'GetActivityOrientation', with key:'get_activity_orientation'
12-09 07:53:45.307 I/InstrumentationBackend( 8327): Added:'FakeGPSLocation', with key:'set_gps_coordinates'
12-09 07:53:45.307 I/InstrumentationBackend( 8327): Added:'SetPropertyByCssSelector', with key:'set_property_by_css_selector'
12-09 07:53:45.307 I/InstrumentationBackend( 8327): Added:'GetUrl', with key:'get_url'
12-09 07:53:45.308 I/InstrumentationBackend( 8327): Added:'ScrollTo', with key:'scroll_to'
12-09 07:53:45.308 I/InstrumentationBackend( 8327): Added:'GetLoadProgress', with key:'get_load_progress'
12-09 07:53:45.308 I/InstrumentationBackend( 8327): Added:'DumpHtml', with key:'dump_html'
12-09 07:53:45.308 I/InstrumentationBackend( 8327): Added:'DumpBodyHtml', with key:'dump_body_html'
12-09 07:53:45.309 I/InstrumentationBackend( 8327): Added:'EnterTextByCssSelector', with key:'enter_text_by_selector'
12-09 07:53:45.318 I/InstrumentationBackend( 8327): Added:'AndroidSDKVersion', with key:'android_sdk_version'
12-09 07:53:45.318 I/InstrumentationBackend( 8327): Added:'Version', with key:'version'
12-09 07:53:45.318 I/InstrumentationBackend( 8327): Added:'Drag', with key:'drag'
12-09 07:53:45.318 I/InstrumentationBackend( 8327): Added:'TouchCoordinates', with key:'touch_coordinate'
12-09 07:53:45.318 I/InstrumentationBackend( 8327): Added:'LongPressCoordinate', with key:'long_press_coordinate'
12-09 07:53:45.319 I/InstrumentationBackend( 8327): Added:'DragCoordinates', with key:'drag_coordinates'
12-09 07:53:45.319 I/InstrumentationBackend( 8327): Added:'ResumeApplication', with key:'resume_application'
12-09 07:53:45.319 I/InstrumentationBackend( 8327): Added:'Swipe', with key:'swipe'
12-09 07:53:45.319 I/InstrumentationBackend( 8327): Added:'DoubleTapCoordinate', with key:'double_tap_coordinate'
12-09 07:53:45.319 I/InstrumentationBackend( 8327): Added:'ClickOnScreen', with key:'click_on_screen'
12-09 07:53:45.319 I/InstrumentationBackend( 8327): Added:'GetActivityName', with key:'get_activity_name'
12-09 07:53:45.320 I/InstrumentationBackend( 8327): Added:'ScrollToView', with key:'scroll_to_view'
12-09 07:53:45.320 I/InstrumentationBackend( 8327): Added:'ViewConfiguration', with key:'view_configuration'
12-09 07:53:45.320 I/InstrumentationBackend( 8327): Added:'IsCurrentActivityFocused', with key:'is_current_activity_focused'
12-09 07:53:45.320 I/InstrumentationBackend( 8327): Added:'SendTcp', with key:'send_tcp'
12-09 07:53:45.320 I/InstrumentationBackend( 8327): Added:'DpToDevicePixel', with key:'dp_to_device_pixel'
12-09 07:53:45.321 I/InstrumentationBackend( 8327): Added:'KeyboardEnterText', with key:'keyboard_enter_text'
12-09 07:53:45.329 I/InstrumentationBackend( 8327): Added:'DeleteSurroundingText', with key:'delete_surrounding_text'
12-09 07:53:45.330 I/InstrumentationBackend( 8327): Added:'SetComposingRegion', with key:'set_composing_region'
12-09 07:53:45.330 I/InstrumentationBackend( 8327): Added:'SetSelection', with key:'set_selection'
12-09 07:53:45.330 I/InstrumentationBackend( 8327): Added:'KeyboardKeyEvent', with key:'keyboard_key_event'
12-09 07:53:45.330 I/InstrumentationBackend( 8327): Added:'PressUserActionButton', with key:'press_user_action_button'
12-09 07:53:45.330 I/InstrumentationBackend( 8327): Added:'HideSoftKeyboard', with key:'hide_soft_keyboard'
12-09 07:53:45.331 I/InstrumentationBackend( 8327): Added:'ListActions', with key:'list_actions'
12-09 07:53:45.331 I/calabash( 8327): Instantiating http server at 7102
12-09 07:53:45.332 I/System.out( 8327): HTTP Daemon listening on: 7102
12-09 07:53:45.403 I/System.out( 8327): URI: //ping
12-09 07:53:45.404 I/System.out( 8327): params: {json={}
12-09 07:53:45.404 I/System.out( 8327): }
12-09 07:53:45.426 I/System.out( 8327): URI: //ping
12-09 07:53:45.426 I/System.out( 8327): params: {json={}
12-09 07:53:45.426 I/System.out( 8327): }
12-09 07:53:45.500 W/art     ( 1591): Long monitor contention event with owner method=void com.android.server.wm.WindowAnimator$1.doFrame(long) from WindowAnimator.java:121 waiters=1 for 177ms
12-09 07:53:45.508 I/System.out( 8327): URI: //ready
12-09 07:53:45.508 I/System.out( 8327): params: {json={}
12-09 07:53:45.508 I/System.out( 8327): }
12-09 07:53:45.638 W/art     ( 1591): Long monitor contention event with owner method=void com.android.server.wm.WindowAnimator$1.doFrame(long) from WindowAnimator.java:121 waiters=1 for 229ms
12-09 07:53:45.690 I/System.out( 8327): URI: //
12-09 07:53:45.690 I/System.out( 8327): params: {json={"command":"version","arguments":[]}
12-09 07:53:45.690 I/System.out( 8327): }
12-09 07:53:45.690 I/System.out( 8327): header: {date=Sun, 09 Dec 2018 07:53:46 GMT, accept=*/*, content-length=36, host=127.0.0.1:34777, user-agent=HTTPClient/1.0 (2.8.3, ruby 2.3.1 (2016-04-26)), content-type=application/json;charset=utf-8}
12-09 07:53:45.690 I/System.out( 8327): params: {json={"command":"version","arguments":[]}
12-09 07:53:45.690 I/System.out( 8327): }
12-09 07:53:45.690 I/System.out( 8327): ProP json = {"command":"version","arguments":[]}
12-09 07:53:45.690 I/System.out( 8327): files: {}
12-09 07:53:45.690 I/System.out( 8327): command: {"command":"version","arguments":[]}
12-09 07:53:45.737 I/InstrumentationBackend( 8327): Got command:'Command:'Line:null,version', arguments:'[]'
12-09 07:53:45.753 I/System.out( 8327): result:{"bonusInformation":[],"message":"0.9.8","success":true}
12-09 07:53:45.855 I/ContentMaintenance( 2345): Internal cache bytes used: 0; limit: 40626585; download size: 0
12-09 07:53:45.862 I/System.out( 8327): URI: //start-application
12-09 07:53:45.862 I/System.out( 8327): params: {json={"intent":null}
12-09 07:53:45.862 I/System.out( 8327): }
12-09 07:53:45.882 W/art     ( 1591): Long monitor contention event with owner method=void com.android.server.wm.WindowAnimator$1.doFrame(long) from WindowAnimator.java:121 waiters=1 for 179ms
12-09 07:53:45.887 I/RealtimeCacheCleanup( 2345): Beginning Realtime garbage collection.
12-09 07:53:45.887 I/RealtimeCacheCleanup( 2345): Finished Realtime garbage collection.
12-09 07:53:46.103 I/Choreographer( 1934): Skipped 78 frames!  The application may be doing too much work on its main thread.
12-09 07:53:46.109 W/art     ( 1591): Long monitor contention event with owner method=java.util.List com.android.server.am.ActivityManagerService.getAllStackInfos() from ActivityManagerService.java:8937 waiters=0 for 800ms
12-09 07:53:46.110 I/ActivityManager( 1591): START u0 {act=android.intent.action.MAIN cat=[android.intent.category.LAUNCHER] flg=0x10200000 cmp=com.evancharlton.mileage/.Mileage} from uid 10123 on display 0
12-09 07:53:46.131 W/OpenGLRenderer( 1934): Incorrectly called buildLayer on View: ShortcutAndWidgetContainer, destroying layer...
12-09 07:53:46.284 W/art     ( 1591): Long monitor contention event with owner method=java.util.List com.android.server.am.ActivityManagerService.getAllStackInfos() from ActivityManagerService.java:8937 waiters=2 for 175ms
12-09 07:53:46.306 I/calabash( 8327): newActivity1
12-09 07:53:46.431 W/art     ( 1591): Long monitor contention event with owner method=void com.android.server.am.ActivityManagerService.activityPaused(android.os.IBinder) from ActivityManagerService.java:6439 waiters=0 for 134ms
12-09 07:53:46.446 D/gralloc_ranchu( 1224): gralloc_alloc: Creating ashmem region of size 3686400
12-09 07:53:46.465 I/calabash( 8327): newActivity1
12-09 07:53:46.479 W/ActivityManager( 1591): Bad activity token: android.os.BinderProxy@bcf2d97
12-09 07:53:46.479 W/ActivityManager( 1591): java.lang.ClassCastException: android.os.BinderProxy cannot be cast to com.android.server.am.ActivityRecord$Token
12-09 07:53:46.479 W/ActivityManager( 1591): 	at com.android.server.am.ActivityRecord.forTokenLocked(ActivityRecord.java:424)
12-09 07:53:46.479 W/ActivityManager( 1591): 	at com.android.server.am.ActivityRecord.isInStackLocked(ActivityRecord.java:1121)
12-09 07:53:46.479 W/ActivityManager( 1591): 	at com.android.server.am.ActivityRecord.getStackLocked(ActivityRecord.java:1126)
12-09 07:53:46.479 W/ActivityManager( 1591): 	at com.android.server.am.ActivityManagerService.getActivityDisplayId(ActivityManagerService.java:8889)
12-09 07:53:46.479 W/ActivityManager( 1591): 	at android.app.ActivityManagerNative.onTransact(ActivityManagerNative.java:2338)
12-09 07:53:46.479 W/ActivityManager( 1591): 	at com.android.server.am.ActivityManagerService.onTransact(ActivityManagerService.java:2443)
12-09 07:53:46.479 W/ActivityManager( 1591): 	at android.os.Binder.execTransact(Binder.java:453)
12-09 07:53:46.480 W/ActivityManager( 1591): Bad activity token: android.os.BinderProxy@bcf2d97
12-09 07:53:46.480 W/ActivityManager( 1591): java.lang.ClassCastException: android.os.BinderProxy cannot be cast to com.android.server.am.ActivityRecord$Token
12-09 07:53:46.480 W/ActivityManager( 1591): 	at com.android.server.am.ActivityRecord.forTokenLocked(ActivityRecord.java:424)
12-09 07:53:46.480 W/ActivityManager( 1591): 	at com.android.server.am.ActivityRecord.isInStackLocked(ActivityRecord.java:1121)
12-09 07:53:46.480 W/ActivityManager( 1591): 	at com.android.server.am.ActivityManagerService.setTaskDescription(ActivityManagerService.java:8547)
12-09 07:53:46.480 W/ActivityManager( 1591): 	at android.app.ActivityManagerNative.onTransact(ActivityManagerNative.java:2410)
12-09 07:53:46.480 W/ActivityManager( 1591): 	at com.android.server.am.ActivityManagerService.onTransact(ActivityManagerService.java:2443)
12-09 07:53:46.480 W/ActivityManager( 1591): 	at android.os.Binder.execTransact(Binder.java:453)
12-09 07:53:46.740 D/FillupsProvider( 8327): Creating database
12-09 07:53:46.749 D/EGL_emulation( 1934): eglMakeCurrent: 0x7f13e2ff4dc0: ver 2 0 (tinfo 0x7f13e2fc2d40)
12-09 07:53:46.761 E/Surface ( 1934): getSlotFromBufferLocked: unknown buffer: 0x7f13e2ff5c20
12-09 07:53:46.919 V/PhoneStatusBar( 1691): setLightsOn(true)
12-09 07:53:47.397 I/art     ( 8327): Background sticky concurrent mark sweep GC freed 7393(461KB) AllocSpace objects, 0(0B) LOS objects, 23% free, 1716KB/2MB, paused 21.842ms total 38.533ms
12-09 07:53:47.630 W/art     ( 1591): Long monitor contention event with owner method=java.util.List com.android.server.am.ActivityManagerService.getAllStackInfos() from ActivityManagerService.java:8937 waiters=0 for 121ms
12-09 07:53:47.631 W/ActivityManager( 1591): Bad activity token: android.os.BinderProxy@bcf2d97
12-09 07:53:47.631 W/ActivityManager( 1591): java.lang.ClassCastException: android.os.BinderProxy cannot be cast to com.android.server.am.ActivityRecord$Token
12-09 07:53:47.631 W/ActivityManager( 1591): 	at com.android.server.am.ActivityRecord.forTokenLocked(ActivityRecord.java:424)
12-09 07:53:47.631 W/ActivityManager( 1591): 	at com.android.server.am.ActivityRecord.isInStackLocked(ActivityRecord.java:1121)
12-09 07:53:47.631 W/ActivityManager( 1591): 	at com.android.server.am.ActivityManagerService.getActivityOptions(ActivityManagerService.java:11038)
12-09 07:53:47.631 W/ActivityManager( 1591): 	at android.app.ActivityManagerNative.onTransact(ActivityManagerNative.java:1734)
12-09 07:53:47.631 W/ActivityManager( 1591): 	at com.android.server.am.ActivityManagerService.onTransact(ActivityManagerService.java:2443)
12-09 07:53:47.631 W/ActivityManager( 1591): 	at android.os.Binder.execTransact(Binder.java:453)
12-09 07:53:47.631 W/ActivityManager( 1591): Launch timeout has expired, giving up wake lock!
12-09 07:53:47.632 W/ActivityManager( 1591): Bad activity token: android.os.BinderProxy@bcf2d97
12-09 07:53:47.632 W/ActivityManager( 1591): java.lang.ClassCastException: android.os.BinderProxy cannot be cast to com.android.server.am.ActivityRecord$Token
12-09 07:53:47.632 W/ActivityManager( 1591): 	at com.android.server.am.ActivityRecord.forTokenLocked(ActivityRecord.java:424)
12-09 07:53:47.632 W/ActivityManager( 1591): 	at com.android.server.am.ActivityRecord.isInStackLocked(ActivityRecord.java:1121)
12-09 07:53:47.632 W/ActivityManager( 1591): 	at com.android.server.am.ActivityManagerService.getActivityOptions(ActivityManagerService.java:11038)
12-09 07:53:47.632 W/ActivityManager( 1591): 	at android.app.ActivityManagerNative.onTransact(ActivityManagerNative.java:1734)
12-09 07:53:47.632 W/ActivityManager( 1591): 	at com.android.server.am.ActivityManagerService.onTransact(ActivityManagerService.java:2443)
12-09 07:53:47.632 W/ActivityManager( 1591): 	at android.os.Binder.execTransact(Binder.java:453)
12-09 07:53:48.009 D/gralloc_ranchu( 1224): gralloc_alloc: Creating ashmem region of size 3686400
12-09 07:53:48.031 D/        ( 8327): HostConnection::get() New Host Connection established 0x7f13df6fef20, tid 8327
12-09 07:53:48.086 I/ActivityManager( 1591): Displayed com.evancharlton.mileage/.Mileage: +1s792ms
12-09 07:53:48.115 D/gralloc_ranchu( 1224): gralloc_alloc: Creating ashmem region of size 3686400
12-09 07:53:48.608 I/art     ( 8327): Background partial concurrent mark sweep GC freed 14263(728KB) AllocSpace objects, 0(0B) LOS objects, 39% free, 1981KB/3MB, paused 1.282ms total 146.394ms
12-09 07:53:48.810 I/System.out( 8327): URI: //map
12-09 07:53:48.810 I/System.out( 8327): params: {json={"query":"android.widget.Button index:2","operation":{"method_name":"query","arguments":[]}}
12-09 07:53:48.810 I/System.out( 8327): }
12-09 07:53:48.991 I/art     ( 8327): Background sticky concurrent mark sweep GC freed 47508(2MB) AllocSpace objects, 2(40KB) LOS objects, 29% free, 2MB/3MB, paused 1.105ms total 116.722ms
12-09 07:53:49.088 I/System.out( 8327): URI: //gesture
12-09 07:53:49.088 I/System.out( 8327): params: {json={"query_timeout":5.0,"gestures":[{"query_string":"android.widget.Button index:2","touches":[{"x":50,"y":50,"offset_x":0,"offset_y":0,"wait":0.0,"time":0.2,"release":true,"query_string":null}]}]}
12-09 07:53:49.088 I/System.out( 8327): }
12-09 07:53:49.307 D/gralloc_ranchu( 1224): gralloc_alloc: Creating ashmem region of size 3686400
12-09 07:53:50.033 W/AudioTrack( 1591): AUDIO_OUTPUT_FLAG_FAST denied by client; transfer 4, track 48000 Hz, output 44100 Hz
12-09 07:53:50.087 I/art     ( 8327): Background partial concurrent mark sweep GC freed 47938(2MB) AllocSpace objects, 4(80KB) LOS objects, 39% free, 2MB/3MB, paused 4.561ms total 385.636ms
12-09 07:53:50.102 W/audio_hw_generic( 1307): Hardware backing HAL too slow, could only write 0 of 661 frames
12-09 07:53:50.113 W/audio_hw_generic( 1307): Hardware backing HAL too slow, could only write 0 of 661 frames
12-09 07:53:50.218 D/gralloc_ranchu( 1224): gralloc_alloc: Creating ashmem region of size 45056
12-09 07:53:50.299 W/audio_hw_generic( 1307): Not supplying enough data to HAL, expected position 14955540 , only wrote 14955125
12-09 07:53:50.299 W/audio_hw_generic( 1307): Not supplying enough data to HAL, expected position 14955131 , only wrote 14955125
12-09 07:53:50.331 W/audio_hw_generic( 1307): Not supplying enough data to HAL, expected position 14956547 , only wrote 14955786
12-09 07:53:50.331 W/audio_hw_generic( 1307): Hardware backing HAL too slow, could only write 0 of 661 frames
12-09 07:53:50.558 W/audio_hw_generic( 1307): Not supplying enough data to HAL, expected position 14965810 , only wrote 14965701
12-09 07:53:50.558 W/audio_hw_generic( 1307): Not supplying enough data to HAL, expected position 14965710 , only wrote 14965701
12-09 07:53:50.704 E/SurfaceFlinger( 1224): ro.sf.lcd_density must be defined as a build property
12-09 07:53:50.857 W/audio_hw_generic( 1307): Not supplying enough data to HAL, expected position 14978869 , only wrote 14976277
12-09 07:53:50.857 W/audio_hw_generic( 1307): Not supplying enough data to HAL, expected position 14976283 , only wrote 14976277
12-09 07:53:50.862 D/gralloc_ranchu( 1224): gralloc_alloc: Creating ashmem region of size 3686400
12-09 07:53:50.876 D/        ( 8355): HostConnection::get() New Host Connection established 0x7f94b6992480, tid 8355
12-09 07:53:50.908 E/EGL_emulation( 1224): tid 1224: eglCreateSyncKHR(1881): error 0x3004 (EGL_BAD_ATTRIBUTE)
12-09 07:53:51.327 W/audio_hw_generic( 1307): Not supplying enough data to HAL, expected position 14996982 , only wrote 14996768
12-09 07:53:51.327 W/audio_hw_generic( 1307): Not supplying enough data to HAL, expected position 14996777 , only wrote 14996768
12-09 07:53:51.349 W/audio_hw_generic( 1307): Not supplying enough data to HAL, expected position 14997727 , only wrote 14997429
12-09 07:53:51.682 W/audio_hw_generic( 1307): Not supplying enough data to HAL, expected position 15012146 , only wrote 15011971
12-09 07:53:51.683 W/audio_hw_generic( 1307): Not supplying enough data to HAL, expected position 15011977 , only wrote 15011971
12-09 07:53:51.713 W/audio_hw_generic( 1307): Not supplying enough data to HAL, expected position 15013325 , only wrote 15012632
12-09 07:53:51.713 W/audio_hw_generic( 1307): Hardware backing HAL too slow, could only write 0 of 661 frames
12-09 07:53:51.714 W/audio_hw_generic( 1307): Hardware backing HAL too slow, could only write 0 of 661 frames
12-09 07:53:51.729 W/audio_hw_generic( 1307): Hardware backing HAL too slow, could only write 0 of 661 frames
12-09 07:53:51.745 W/audio_hw_generic( 1307): Hardware backing HAL too slow, could only write 0 of 661 frames
12-09 07:53:51.769 W/audio_hw_generic( 1307): Hardware backing HAL too slow, could only write 0 of 661 frames
12-09 07:53:51.793 W/audio_hw_generic( 1307): Hardware backing HAL too slow, could only write 0 of 661 frames
12-09 07:53:51.817 W/audio_hw_generic( 1307): Hardware backing HAL too slow, could only write 0 of 661 frames
12-09 07:53:51.837 W/audio_hw_generic( 1307): Hardware backing HAL too slow, could only write 0 of 661 frames
12-09 07:53:51.853 W/audio_hw_generic( 1307): Hardware backing HAL too slow, could only write 0 of 661 frames
