--------- beginning of main
12-09 08:45:10.200 E/EGL_emulation( 1223): tid 1223: eglCreateSyncKHR(1881): error 0x3004 (EGL_BAD_ATTRIBUTE)
--------- beginning of system
12-09 08:45:10.256 W/ActivityManager( 1593): Finishing task with all activities already finished
12-09 08:45:10.256 W/ActivityManager( 1593): Duplicate finish request for ActivityRecord{985f6d0 u0 com.evancharlton.mileage/.Mileage t504 f}
12-09 08:45:10.256 W/ActivityManager( 1593): Finishing task with all activities already finished
12-09 08:45:10.256 W/ActivityManager( 1593): Duplicate finish request for ActivityRecord{985f6d0 u0 com.evancharlton.mileage/.Mileage t504 f}
12-09 08:45:10.256 W/ActivityManager( 1593): Finishing task with all activities already finished
12-09 08:45:10.256 W/ActivityManager( 1593): Duplicate finish request for ActivityRecord{985f6d0 u0 com.evancharlton.mileage/.Mileage t504 f}
12-09 08:45:10.366 W/art     ( 1593): Long monitor contention event with owner method=void com.android.server.am.ActivityManagerService.activityPaused(android.os.IBinder) from ActivityManagerService.java:6439 waiters=0 for 108ms
12-09 08:45:10.396 D/EGL_emulation( 1941): eglMakeCurrent: 0x7fc6dfc21d20: ver 2 0 (tinfo 0x7fc6dfc028e0)
12-09 08:45:10.551 I/art     ( 1593): Background partial concurrent mark sweep GC freed 20590(1529KB) AllocSpace objects, 7(140KB) LOS objects, 29% free, 9MB/13MB, paused 5.781ms total 232.550ms
12-09 08:45:10.784 W/audio_hw_generic( 1306): Not supplying enough data to HAL, expected position 52408357 , only wrote 52408046
12-09 08:45:10.784 W/audio_hw_generic( 1306): Not supplying enough data to HAL, expected position 52408053 , only wrote 52408046
12-09 08:45:10.784 W/audio_hw_generic( 1306): Hardware backing HAL too slow, could only write 0 of 661 frames
12-09 08:45:10.799 W/audio_hw_generic( 1306): Not supplying enough data to HAL, expected position 52408713 , only wrote 52408707
12-09 08:45:10.809 W/art     ( 1593): Long monitor contention event with owner method=void com.android.server.wm.WindowAnimator$1.doFrame(long) from WindowAnimator.java:121 waiters=1 for 198ms
12-09 08:45:10.911 W/art     ( 1593): Long monitor contention event with owner method=void com.android.server.wm.WindowAnimator$1.doFrame(long) from WindowAnimator.java:121 waiters=1 for 195ms
12-09 08:45:10.996 W/audio_hw_generic( 1306): Not supplying enough data to HAL, expected position 52424334 , only wrote 52416639
12-09 08:45:11.084 D/AndroidRuntime(21693): >>>>>> START com.android.internal.os.RuntimeInit uid 0 <<<<<<
12-09 08:45:11.105 D/AndroidRuntime(21693): CheckJNI is ON
12-09 08:45:11.132 W/art     ( 1593): Long monitor contention event with owner method=void com.android.server.wm.WindowAnimator$1.doFrame(long) from WindowAnimator.java:121 waiters=1 for 218ms
12-09 08:45:11.142 D/ICU     (21693): No timezone override file found: /data/misc/zoneinfo/current/icu/icu_tzdata.dat
12-09 08:45:11.251 W/art     ( 1593): Long monitor contention event with owner method=void com.android.server.wm.WindowAnimator$1.doFrame(long) from WindowAnimator.java:121 waiters=1 for 222ms
12-09 08:45:11.345 W/art     ( 1593): Long monitor contention event with owner method=void com.android.server.wm.WindowAnimator$1.doFrame(long) from WindowAnimator.java:121 waiters=1 for 212ms
12-09 08:45:11.347 I/Choreographer( 1941): Skipped 51 frames!  The application may be doing too much work on its main thread.
12-09 08:45:11.353 I/Choreographer(21655): Skipped 58 frames!  The application may be doing too much work on its main thread.
12-09 08:45:11.358 E/memtrack(21693): Couldn't load memtrack module (No such file or directory)
12-09 08:45:11.358 E/android.os.Debug(21693): failed to load memtrack module: -2
12-09 08:45:11.369 I/Radio-JNI(21693): register_android_hardware_Radio DONE
12-09 08:45:11.416 D/AndroidRuntime(21693): Calling main entry com.android.commands.am.Am
12-09 08:45:11.511 W/art     ( 1593): Long monitor contention event with owner method=void com.android.server.wm.WindowAnimator$1.doFrame(long) from WindowAnimator.java:121 waiters=0 for 137ms
12-09 08:45:11.744 W/art     ( 1593): Long monitor contention event with owner method=void com.android.server.wm.WindowAnimator$1.doFrame(long) from WindowAnimator.java:121 waiters=1 for 172ms
12-09 08:45:11.886 W/art     ( 1593): Long monitor contention event with owner method=void com.android.server.wm.WindowAnimator$1.doFrame(long) from WindowAnimator.java:121 waiters=1 for 142ms
12-09 08:45:12.066 W/art     ( 1593): Long monitor contention event with owner method=void com.android.server.wm.WindowAnimator$1.doFrame(long) from WindowAnimator.java:121 waiters=1 for 179ms
12-09 08:45:12.110 W/art     ( 1593): Long monitor contention event with owner method=void com.android.server.wm.WindowAnimator$1.doFrame(long) from WindowAnimator.java:121 waiters=1 for 167ms
12-09 08:45:12.177 W/art     ( 1593): Long monitor contention event with owner method=void com.android.server.wm.WindowAnimator$1.doFrame(long) from WindowAnimator.java:121 waiters=1 for 111ms
12-09 08:45:12.409 W/art     ( 1593): Long monitor contention event with owner method=void com.android.server.wm.WindowAnimator$1.doFrame(long) from WindowAnimator.java:121 waiters=1 for 232ms
12-09 08:45:12.463 W/art     ( 1593): Long monitor contention event with owner method=void com.android.server.wm.WindowAnimator$1.doFrame(long) from WindowAnimator.java:121 waiters=1 for 187ms
12-09 08:45:12.693 W/art     ( 1593): Long monitor contention event with owner method=void com.android.server.wm.WindowAnimator$1.doFrame(long) from WindowAnimator.java:121 waiters=1 for 178ms
12-09 08:45:12.722 I/Choreographer( 1941): Skipped 80 frames!  The application may be doing too much work on its main thread.
12-09 08:45:12.837 W/OpenGLRenderer( 1941): Incorrectly called buildLayer on View: ShortcutAndWidgetContainer, destroying layer...
12-09 08:45:12.858 W/art     ( 1593): Long monitor contention event with owner method=java.util.List com.android.server.am.ActivityManagerService.getAllStackInfos() from ActivityManagerService.java:8937 waiters=0 for 1.437s
12-09 08:45:12.863 I/ActivityManager( 1593): Force stopping com.evancharlton.mileage appid=10145 user=0: start instr
12-09 08:45:12.884 I/ActivityManager( 1593): Killing 21655:com.evancharlton.mileage/u0a145 (adj 0): stop com.evancharlton.mileage
12-09 08:45:13.049 D/hwcomposer( 1223): hw_composer sent 380 syncs in 60s
12-09 08:45:13.135 I/WindowState( 1593): WIN DEATH: Window{568e6fb u0 PopupWindow:c92266 EXITING}
12-09 08:45:13.137 I/WindowState( 1593): WIN DEATH: Window{960d439 u0 com.evancharlton.mileage/com.evancharlton.mileage.Mileage EXITING}
12-09 08:45:13.144 W/ActivityManager( 1593): Crash of app com.evancharlton.mileage running instrumentation ComponentInfo{com.evancharlton.mileage.test/sh.calaba.instrumentationbackend.CalabashInstrumentationTestRunner}
12-09 08:45:13.144 I/ActivityManager( 1593): Force stopping com.evancharlton.mileage appid=10145 user=0: finished inst
12-09 08:45:13.177 I/ActivityManager( 1593): Start proc 21702:com.evancharlton.mileage/u0a145 for added application com.evancharlton.mileage
12-09 08:45:13.177 W/art     ( 1593): Long monitor contention event with owner method=java.util.List com.android.server.am.ActivityManagerService.getAllStackInfos() from ActivityManagerService.java:8937 waiters=1 for 1.386s
12-09 08:45:13.178 D/AndroidRuntime(21693): Shutting down VM
12-09 08:45:13.180 W/art     ( 1593): Long monitor contention event with owner method=java.util.List com.android.server.am.ActivityManagerService.getAllStackInfos() from ActivityManagerService.java:8937 waiters=2 for 342ms
12-09 08:45:13.186 W/art     ( 1593): Long monitor contention event with owner method=boolean com.android.server.am.ActivityManagerService.startInstrumentation(android.content.ComponentName, java.lang.String, int, android.os.Bundle, android.app.IInstrumentationWatcher, android.app.IUiAutomationConnection, int, java.lang.String) from ActivityManagerService.java:17066 waiters=3 for 303ms
12-09 08:45:13.254 W/WindowAnimator( 1593): Failed to dispatch window animation state change.
12-09 08:45:13.254 W/WindowAnimator( 1593): android.os.DeadObjectException
12-09 08:45:13.254 W/WindowAnimator( 1593): 	at android.os.BinderProxy.transactNative(Native Method)
12-09 08:45:13.254 W/WindowAnimator( 1593): 	at android.os.BinderProxy.transact(Binder.java:503)
12-09 08:45:13.254 W/WindowAnimator( 1593): 	at android.view.IWindow$Stub$Proxy.onAnimationStopped(IWindow.java:534)
12-09 08:45:13.254 W/WindowAnimator( 1593): 	at com.android.server.wm.WindowAnimator.updateWindowsLocked(WindowAnimator.java:286)
12-09 08:45:13.254 W/WindowAnimator( 1593): 	at com.android.server.wm.WindowAnimator.animateLocked(WindowAnimator.java:678)
12-09 08:45:13.254 W/WindowAnimator( 1593): 	at com.android.server.wm.WindowAnimator.-wrap0(WindowAnimator.java)
12-09 08:45:13.254 W/WindowAnimator( 1593): 	at com.android.server.wm.WindowAnimator$1.doFrame(WindowAnimator.java:123)
12-09 08:45:13.254 W/WindowAnimator( 1593): 	at android.view.Choreographer$CallbackRecord.run(Choreographer.java:856)
12-09 08:45:13.254 W/WindowAnimator( 1593): 	at android.view.Choreographer.doCallbacks(Choreographer.java:670)
12-09 08:45:13.254 W/WindowAnimator( 1593): 	at android.view.Choreographer.doFrame(Choreographer.java:603)
12-09 08:45:13.254 W/WindowAnimator( 1593): 	at android.view.Choreographer$FrameDisplayEventReceiver.run(Choreographer.java:844)
12-09 08:45:13.254 W/WindowAnimator( 1593): 	at android.os.Handler.handleCallback(Handler.java:739)
12-09 08:45:13.254 W/WindowAnimator( 1593): 	at android.os.Handler.dispatchMessage(Handler.java:95)
12-09 08:45:13.254 W/WindowAnimator( 1593): 	at android.os.Looper.loop(Looper.java:148)
12-09 08:45:13.254 W/WindowAnimator( 1593): 	at android.os.HandlerThread.run(HandlerThread.java:61)
12-09 08:45:13.254 W/WindowAnimator( 1593): 	at com.android.server.ServiceThread.run(ServiceThread.java:46)
12-09 08:45:13.254 W/WindowAnimator( 1593): Failed to dispatch window animation state change.
12-09 08:45:13.254 W/WindowAnimator( 1593): android.os.DeadObjectException
12-09 08:45:13.254 W/WindowAnimator( 1593): 	at android.os.BinderProxy.transactNative(Native Method)
12-09 08:45:13.254 W/WindowAnimator( 1593): 	at android.os.BinderProxy.transact(Binder.java:503)
12-09 08:45:13.254 W/WindowAnimator( 1593): 	at android.view.IWindow$Stub$Proxy.onAnimationStopped(IWindow.java:534)
12-09 08:45:13.254 W/WindowAnimator( 1593): 	at com.android.server.wm.WindowAnimator.updateWindowsLocked(WindowAnimator.java:286)
12-09 08:45:13.254 W/WindowAnimator( 1593): 	at com.android.server.wm.WindowAnimator.animateLocked(WindowAnimator.java:678)
12-09 08:45:13.254 W/WindowAnimator( 1593): 	at com.android.server.wm.WindowAnimator.-wrap0(WindowAnimator.java)
12-09 08:45:13.254 W/WindowAnimator( 1593): 	at com.android.server.wm.WindowAnimator$1.doFrame(WindowAnimator.java:123)
12-09 08:45:13.254 W/WindowAnimator( 1593): 	at android.view.Choreographer$CallbackRecord.run(Choreographer.java:856)
12-09 08:45:13.254 W/WindowAnimator( 1593): 	at android.view.Choreographer.doCallbacks(Choreographer.java:670)
12-09 08:45:13.254 W/WindowAnimator( 1593): 	at android.view.Choreographer.doFrame(Choreographer.java:603)
12-09 08:45:13.254 W/WindowAnimator( 1593): 	at android.view.Choreographer$FrameDisplayEventReceiver.run(Choreographer.java:844)
12-09 08:45:13.254 W/WindowAnimator( 1593): 	at android.os.Handler.handleCallback(Handler.java:739)
12-09 08:45:13.254 W/WindowAnimator( 1593): 	at android.os.Handler.dispatchMessage(Handler.java:95)
12-09 08:45:13.254 W/WindowAnimator( 1593): 	at android.os.Looper.loop(Looper.java:148)
12-09 08:45:13.254 W/WindowAnimator( 1593): 	at android.os.HandlerThread.run(HandlerThread.java:61)
12-09 08:45:13.254 W/WindowAnimator( 1593): 	at com.android.server.ServiceThread.run(ServiceThread.java:46)
12-09 08:45:13.268 W/System  (21702): ClassLoader referenced unknown path: /data/app/com.evancharlton.mileage.test-1/lib/x86_64
12-09 08:45:13.284 W/System  (21702): ClassLoader referenced unknown path: /data/app/com.evancharlton.mileage-1/lib/x86_64
12-09 08:45:13.403 I/System.out(21702): Main activity name automatically set to: com.evancharlton.mileage.Mileage
12-09 08:45:13.403 I/System.out(21702): Calabash did not load Mono. This is only a problem if you are trying to test a Mono application
12-09 08:45:13.403 I/calabash(21702): Test server port: 7102
12-09 08:45:13.404 I/InstrumentationBackend(21702): Added:'GetPreferences', with key:'get_preferences'
12-09 08:45:13.593 I/art     (21702): Background partial concurrent mark sweep GC freed 2521(284KB) AllocSpace objects, 0(0B) LOS objects, 53% free, 902KB/1926KB, paused 6.519ms total 82.145ms
12-09 08:45:13.593 I/InstrumentationBackend(21702): Added:'SetPreferences', with key:'set_preferences'
12-09 08:45:13.593 I/InstrumentationBackend(21702): Added:'ClearPreferences', with key:'clear_preferences'
12-09 08:45:13.593 I/InstrumentationBackend(21702): Added:'PressElement', with key:'press_l10n_element'
12-09 08:45:13.594 I/InstrumentationBackend(21702): Added:'WaitForElement', with key:'wait_for_l10n_element'
12-09 08:45:13.594 I/InstrumentationBackend(21702): Added:'NullAction', with key:'nullAction'
12-09 08:45:13.594 I/InstrumentationBackend(21702): Added:'PressKey', with key:'press_key'
12-09 08:45:13.594 I/InstrumentationBackend(21702): Added:'SetActivityOrientation', with key:'set_activity_orientation'
12-09 08:45:13.595 I/InstrumentationBackend(21702): Added:'GetActivityOrientation', with key:'get_activity_orientation'
12-09 08:45:13.606 I/InstrumentationBackend(21702): Added:'FakeGPSLocation', with key:'set_gps_coordinates'
12-09 08:45:13.606 I/InstrumentationBackend(21702): Added:'SetPropertyByCssSelector', with key:'set_property_by_css_selector'
12-09 08:45:13.606 I/InstrumentationBackend(21702): Added:'GetUrl', with key:'get_url'
12-09 08:45:13.607 I/InstrumentationBackend(21702): Added:'ScrollTo', with key:'scroll_to'
12-09 08:45:13.607 I/InstrumentationBackend(21702): Added:'GetLoadProgress', with key:'get_load_progress'
12-09 08:45:13.608 I/InstrumentationBackend(21702): Added:'DumpHtml', with key:'dump_html'
12-09 08:45:13.608 I/InstrumentationBackend(21702): Added:'DumpBodyHtml', with key:'dump_body_html'
12-09 08:45:13.608 I/InstrumentationBackend(21702): Added:'EnterTextByCssSelector', with key:'enter_text_by_selector'
12-09 08:45:13.621 I/InstrumentationBackend(21702): Added:'AndroidSDKVersion', with key:'android_sdk_version'
12-09 08:45:13.621 I/InstrumentationBackend(21702): Added:'Version', with key:'version'
12-09 08:45:13.621 I/InstrumentationBackend(21702): Added:'Drag', with key:'drag'
12-09 08:45:13.621 I/InstrumentationBackend(21702): Added:'TouchCoordinates', with key:'touch_coordinate'
12-09 08:45:13.621 I/InstrumentationBackend(21702): Added:'LongPressCoordinate', with key:'long_press_coordinate'
12-09 08:45:13.621 I/InstrumentationBackend(21702): Added:'DragCoordinates', with key:'drag_coordinates'
12-09 08:45:13.622 I/InstrumentationBackend(21702): Added:'ResumeApplication', with key:'resume_application'
12-09 08:45:13.622 I/InstrumentationBackend(21702): Added:'Swipe', with key:'swipe'
12-09 08:45:13.622 I/InstrumentationBackend(21702): Added:'DoubleTapCoordinate', with key:'double_tap_coordinate'
12-09 08:45:13.622 I/InstrumentationBackend(21702): Added:'ClickOnScreen', with key:'click_on_screen'
12-09 08:45:13.622 I/InstrumentationBackend(21702): Added:'GetActivityName', with key:'get_activity_name'
12-09 08:45:13.623 I/InstrumentationBackend(21702): Added:'ScrollToView', with key:'scroll_to_view'
12-09 08:45:13.629 I/InstrumentationBackend(21702): Added:'ViewConfiguration', with key:'view_configuration'
12-09 08:45:13.629 I/InstrumentationBackend(21702): Added:'IsCurrentActivityFocused', with key:'is_current_activity_focused'
12-09 08:45:13.630 I/InstrumentationBackend(21702): Added:'SendTcp', with key:'send_tcp'
12-09 08:45:13.630 I/InstrumentationBackend(21702): Added:'DpToDevicePixel', with key:'dp_to_device_pixel'
12-09 08:45:13.630 I/InstrumentationBackend(21702): Added:'KeyboardEnterText', with key:'keyboard_enter_text'
12-09 08:45:13.630 I/InstrumentationBackend(21702): Added:'DeleteSurroundingText', with key:'delete_surrounding_text'
12-09 08:45:13.631 I/InstrumentationBackend(21702): Added:'SetComposingRegion', with key:'set_composing_region'
12-09 08:45:13.631 I/InstrumentationBackend(21702): Added:'SetSelection', with key:'set_selection'
12-09 08:45:13.639 I/InstrumentationBackend(21702): Added:'KeyboardKeyEvent', with key:'keyboard_key_event'
12-09 08:45:13.640 I/InstrumentationBackend(21702): Added:'PressUserActionButton', with key:'press_user_action_button'
12-09 08:45:13.640 I/InstrumentationBackend(21702): Added:'HideSoftKeyboard', with key:'hide_soft_keyboard'
12-09 08:45:13.640 I/InstrumentationBackend(21702): Added:'ListActions', with key:'list_actions'
12-09 08:45:13.641 I/calabash(21702): Instantiating http server at 7102
12-09 08:45:13.651 I/System.out(21702): HTTP Daemon listening on: 7102
12-09 08:45:13.751 I/System.out(21702): URI: //ping
12-09 08:45:13.751 I/System.out(21702): params: {json={}
12-09 08:45:13.752 I/System.out(21702): }
12-09 08:45:13.800 I/System.out(21702): URI: //ping
12-09 08:45:13.800 I/System.out(21702): params: {json={}
12-09 08:45:13.800 I/System.out(21702): }
12-09 08:45:13.881 I/System.out(21702): URI: //ready
12-09 08:45:13.881 I/System.out(21702): params: {json={}
12-09 08:45:13.881 I/System.out(21702): }
12-09 08:45:13.976 I/System.out(21702): URI: //
12-09 08:45:13.976 I/System.out(21702): params: {json={"command":"version","arguments":[]}
12-09 08:45:13.976 I/System.out(21702): }
12-09 08:45:13.976 I/System.out(21702): header: {date=Sun, 09 Dec 2018 08:45:14 GMT, accept=*/*, content-length=36, host=127.0.0.1:34777, user-agent=HTTPClient/1.0 (2.8.3, ruby 2.3.1 (2016-04-26)), content-type=application/json;charset=utf-8}
12-09 08:45:13.976 I/System.out(21702): params: {json={"command":"version","arguments":[]}
12-09 08:45:13.976 I/System.out(21702): }
12-09 08:45:13.976 I/System.out(21702): ProP json = {"command":"version","arguments":[]}
12-09 08:45:13.976 I/System.out(21702): files: {}
12-09 08:45:13.977 I/System.out(21702): command: {"command":"version","arguments":[]}
12-09 08:45:14.023 I/InstrumentationBackend(21702): Got command:'Command:'Line:null,version', arguments:'[]'
12-09 08:45:14.131 I/art     (21702): Background sticky concurrent mark sweep GC freed 8394(597KB) AllocSpace objects, 10(200KB) LOS objects, 34% free, 1254KB/1926KB, paused 11.385ms total 97.717ms
12-09 08:45:14.190 I/System.out(21702): result:{"bonusInformation":[],"message":"0.9.8","success":true}
12-09 08:45:14.281 I/System.out(21702): URI: //start-application
12-09 08:45:14.281 I/System.out(21702): params: {json={"intent":null}
12-09 08:45:14.281 I/System.out(21702): }
12-09 08:45:14.396 I/ActivityManager( 1593): START u0 {act=android.intent.action.MAIN cat=[android.intent.category.LAUNCHER] flg=0x10200000 cmp=com.evancharlton.mileage/.Mileage} from uid 10145 on display 0
12-09 08:45:14.588 I/calabash(21702): newActivity1
12-09 08:45:14.695 D/gralloc_ranchu( 1223): gralloc_alloc: Creating ashmem region of size 3686400
12-09 08:45:14.738 I/calabash(21702): newActivity1
12-09 08:45:14.753 W/ActivityManager( 1593): Bad activity token: android.os.BinderProxy@e42f8e1
12-09 08:45:14.753 W/ActivityManager( 1593): java.lang.ClassCastException: android.os.BinderProxy cannot be cast to com.android.server.am.ActivityRecord$Token
12-09 08:45:14.753 W/ActivityManager( 1593): 	at com.android.server.am.ActivityRecord.forTokenLocked(ActivityRecord.java:424)
12-09 08:45:14.753 W/ActivityManager( 1593): 	at com.android.server.am.ActivityRecord.isInStackLocked(ActivityRecord.java:1121)
12-09 08:45:14.753 W/ActivityManager( 1593): 	at com.android.server.am.ActivityRecord.getStackLocked(ActivityRecord.java:1126)
12-09 08:45:14.753 W/ActivityManager( 1593): 	at com.android.server.am.ActivityManagerService.getActivityDisplayId(ActivityManagerService.java:8889)
12-09 08:45:14.753 W/ActivityManager( 1593): 	at android.app.ActivityManagerNative.onTransact(ActivityManagerNative.java:2338)
12-09 08:45:14.753 W/ActivityManager( 1593): 	at com.android.server.am.ActivityManagerService.onTransact(ActivityManagerService.java:2443)
12-09 08:45:14.753 W/ActivityManager( 1593): 	at android.os.Binder.execTransact(Binder.java:453)
12-09 08:45:14.807 W/art     (21702): Suspending all threads took: 12.107ms
12-09 08:45:14.826 I/art     (21702): Background sticky concurrent mark sweep GC freed 1419(170KB) AllocSpace objects, 0(0B) LOS objects, 17% free, 1584KB/1926KB, paused 57.803ms total 72.221ms
12-09 08:45:14.840 W/ActivityManager( 1593): Bad activity token: android.os.BinderProxy@e42f8e1
12-09 08:45:14.840 W/ActivityManager( 1593): java.lang.ClassCastException: android.os.BinderProxy cannot be cast to com.android.server.am.ActivityRecord$Token
12-09 08:45:14.840 W/ActivityManager( 1593): 	at com.android.server.am.ActivityRecord.forTokenLocked(ActivityRecord.java:424)
12-09 08:45:14.840 W/ActivityManager( 1593): 	at com.android.server.am.ActivityRecord.isInStackLocked(ActivityRecord.java:1121)
12-09 08:45:14.840 W/ActivityManager( 1593): 	at com.android.server.am.ActivityManagerService.setTaskDescription(ActivityManagerService.java:8547)
12-09 08:45:14.840 W/ActivityManager( 1593): 	at android.app.ActivityManagerNative.onTransact(ActivityManagerNative.java:2410)
12-09 08:45:14.840 W/ActivityManager( 1593): 	at com.android.server.am.ActivityManagerService.onTransact(ActivityManagerService.java:2443)
12-09 08:45:14.840 W/ActivityManager( 1593): 	at android.os.Binder.execTransact(Binder.java:453)
12-09 08:45:15.018 W/ActivityManager( 1593): Bad activity token: android.os.BinderProxy@e42f8e1
12-09 08:45:15.018 W/ActivityManager( 1593): java.lang.ClassCastException: android.os.BinderProxy cannot be cast to com.android.server.am.ActivityRecord$Token
12-09 08:45:15.018 W/ActivityManager( 1593): 	at com.android.server.am.ActivityRecord.forTokenLocked(ActivityRecord.java:424)
12-09 08:45:15.018 W/ActivityManager( 1593): 	at com.android.server.am.ActivityRecord.isInStackLocked(ActivityRecord.java:1121)
12-09 08:45:15.018 W/ActivityManager( 1593): 	at com.android.server.am.ActivityManagerService.getActivityOptions(ActivityManagerService.java:11038)
12-09 08:45:15.018 W/ActivityManager( 1593): 	at android.app.ActivityManagerNative.onTransact(ActivityManagerNative.java:1734)
12-09 08:45:15.018 W/ActivityManager( 1593): 	at com.android.server.am.ActivityManagerService.onTransact(ActivityManagerService.java:2443)
12-09 08:45:15.018 W/ActivityManager( 1593): 	at android.os.Binder.execTransact(Binder.java:453)
12-09 08:45:15.018 W/ActivityManager( 1593): Bad activity token: android.os.BinderProxy@e42f8e1
12-09 08:45:15.018 W/ActivityManager( 1593): java.lang.ClassCastException: android.os.BinderProxy cannot be cast to com.android.server.am.ActivityRecord$Token
12-09 08:45:15.018 W/ActivityManager( 1593): 	at com.android.server.am.ActivityRecord.forTokenLocked(ActivityRecord.java:424)
12-09 08:45:15.018 W/ActivityManager( 1593): 	at com.android.server.am.ActivityRecord.isInStackLocked(ActivityRecord.java:1121)
12-09 08:45:15.018 W/ActivityManager( 1593): 	at com.android.server.am.ActivityManagerService.getActivityOptions(ActivityManagerService.java:11038)
12-09 08:45:15.018 W/ActivityManager( 1593): 	at android.app.ActivityManagerNative.onTransact(ActivityManagerNative.java:1734)
12-09 08:45:15.018 W/ActivityManager( 1593): 	at com.android.server.am.ActivityManagerService.onTransact(ActivityManagerService.java:2443)
12-09 08:45:15.018 W/ActivityManager( 1593): 	at android.os.Binder.execTransact(Binder.java:453)
12-09 08:45:15.278 I/art     (21702): Background partial concurrent mark sweep GC freed 3134(269KB) AllocSpace objects, 3(60KB) LOS objects, 39% free, 2003KB/3MB, paused 1.103ms total 343.354ms
12-09 08:45:15.282 V/PhoneStatusBar( 1689): setLightsOn(true)
12-09 08:45:15.314 I/Choreographer( 1593): Skipped 40 frames!  The application may be doing too much work on its main thread.
12-09 08:45:15.320 D/gralloc_ranchu( 1223): gralloc_alloc: Creating ashmem region of size 3686400
12-09 08:45:15.356 V/PhoneStatusBar( 1689): setLightsOn(true)
12-09 08:45:15.378 D/EGL_emulation( 1941): eglMakeCurrent: 0x7fc6dfc21d20: ver 2 0 (tinfo 0x7fc6dfc028e0)
12-09 08:45:15.383 D/        (21702): HostConnection::get() New Host Connection established 0x7fc6dfb4b140, tid 21702
12-09 08:45:15.384 E/Surface ( 1941): getSlotFromBufferLocked: unknown buffer: 0x7fc6dbb49de0
12-09 08:45:15.656 W/art     ( 1593): Long monitor contention event with owner method=void com.android.server.wm.WindowAnimator$1.doFrame(long) from WindowAnimator.java:121 waiters=0 for 179ms
12-09 08:45:15.764 W/art     ( 1593): Long monitor contention event with owner method=void com.android.server.wm.WindowManagerService$H.handleMessage(android.os.Message) from WindowManagerService.java:7820 waiters=1 for 107ms
12-09 08:45:16.013 W/art     ( 1593): Long monitor contention event with owner method=void com.android.server.wm.WindowAnimator$1.doFrame(long) from WindowAnimator.java:121 waiters=1 for 249ms
12-09 08:45:16.024 W/art     ( 1593): Long monitor contention event with owner method=void com.android.server.wm.WindowAnimator$1.doFrame(long) from WindowAnimator.java:121 waiters=2 for 239ms
12-09 08:45:16.038 D/gralloc_ranchu( 1223): gralloc_alloc: Creating ashmem region of size 3686400
12-09 08:45:16.050 I/ActivityManager( 1593): Displayed com.evancharlton.mileage/.Mileage: +1s558ms
12-09 08:45:16.759 D/gralloc_ranchu( 1223): gralloc_alloc: Creating ashmem region of size 3686400
12-09 08:45:17.179 I/System.out(21702): URI: //map
12-09 08:45:17.179 I/System.out(21702): params: {json={"query":"android.widget.CheckBox index:0","operation":{"method_name":"query","arguments":[]}}
12-09 08:45:17.179 I/System.out(21702): }
12-09 08:45:17.303 W/art     (21702): Suspending all threads took: 67.416ms
12-09 08:45:17.440 I/art     (21702): Background sticky concurrent mark sweep GC freed 25871(1191KB) AllocSpace objects, 2(40KB) LOS objects, 11% free, 2MB/3MB, paused 68.901ms total 256.518ms
12-09 08:45:17.534 I/art     (21702): Background sticky concurrent mark sweep GC freed 33138(1535KB) AllocSpace objects, 0(0B) LOS objects, 29% free, 2MB/3MB, paused 5.332ms total 86.085ms
12-09 08:45:17.560 I/System.out(21702): URI: //gesture
12-09 08:45:17.560 I/System.out(21702): params: {json={"query_timeout":5.0,"gestures":[{"query_string":"android.widget.CheckBox index:0","touches":[{"x":50,"y":50,"offset_x":0,"offset_y":0,"wait":0.0,"time":0.2,"release":true,"query_string":null}]}]}
12-09 08:45:17.560 I/System.out(21702): }
12-09 08:45:18.099 W/audio_hw_generic( 1306): Hardware backing HAL too slow, could only write 0 of 661 frames
12-09 08:45:18.125 W/audio_hw_generic( 1306): Hardware backing HAL too slow, could only write 0 of 661 frames
12-09 08:45:18.143 W/audio_hw_generic( 1306): Hardware backing HAL too slow, could only write 0 of 661 frames
12-09 08:45:18.155 W/audio_hw_generic( 1306): Hardware backing HAL too slow, could only write 0 of 661 frames
12-09 08:45:18.558 E/SurfaceFlinger( 1223): ro.sf.lcd_density must be defined as a build property
12-09 08:45:18.573 D/gralloc_ranchu( 1223): gralloc_alloc: Creating ashmem region of size 3686400
12-09 08:45:18.671 D/        (21730): HostConnection::get() New Host Connection established 0x7f8de66d2480, tid 21730
12-09 08:45:18.695 E/EGL_emulation( 1223): tid 1223: eglCreateSyncKHR(1881): error 0x3004 (EGL_BAD_ATTRIBUTE)
12-09 08:45:18.912 W/audio_hw_generic( 1306): Not supplying enough data to HAL, expected position 52453368 , only wrote 52452994
12-09 08:45:19.446 I/System.out(21702): URI: //map
12-09 08:45:19.446 I/System.out(21702): params: {json={"query":"android.widget.CheckBox index:0","operation":{"method_name":"query","arguments":[]}}
12-09 08:45:19.446 I/System.out(21702): }
12-09 08:45:19.621 I/art     (21702): Background sticky concurrent mark sweep GC freed 45203(2025KB) AllocSpace objects, 2(40KB) LOS objects, 36% free, 2MB/3MB, paused 1.069ms total 134.236ms
12-09 08:45:19.622 I/System.out(21702): URI: //gesture
12-09 08:45:19.622 I/System.out(21702): params: {json={"query_timeout":5.0,"gestures":[{"query_string":"android.widget.CheckBox index:0","touches":[{"x":50,"y":50,"offset_x":0,"offset_y":0,"wait":0.0,"time":0.2,"release":true,"query_string":null}]}]}
12-09 08:45:19.623 I/System.out(21702): }
12-09 08:45:19.722 W/audio_hw_generic( 1306): Not supplying enough data to HAL, expected position 52488730 , only wrote 52486705
12-09 08:45:19.803 W/audio_hw_generic( 1306): Not supplying enough data to HAL, expected position 52490275 , only wrote 52487366
12-09 08:45:19.819 W/audio_hw_generic( 1306): Not supplying enough data to HAL, expected position 52488086 , only wrote 52487366
12-09 08:45:19.843 W/audio_hw_generic( 1306): Not supplying enough data to HAL, expected position 52488419 , only wrote 52488027
12-09 08:45:19.859 W/audio_hw_generic( 1306): Hardware backing HAL too slow, could only write 0 of 661 frames
12-09 08:45:19.879 W/audio_hw_generic( 1306): Hardware backing HAL too slow, could only write 0 of 661 frames
12-09 08:45:19.911 W/audio_hw_generic( 1306): Hardware backing HAL too slow, could only write 0 of 661 frames
12-09 08:45:19.911 W/audio_hw_generic( 1306): Hardware backing HAL too slow, could only write 0 of 661 frames
12-09 08:45:19.927 W/audio_hw_generic( 1306): Hardware backing HAL too slow, could only write 0 of 661 frames
12-09 08:45:19.943 W/audio_hw_generic( 1306): Hardware backing HAL too slow, could only write 0 of 661 frames
12-09 08:45:19.973 W/audio_hw_generic( 1306): Hardware backing HAL too slow, could only write 0 of 661 frames
12-09 08:45:20.124 W/audio_hw_generic( 1306): Not supplying enough data to HAL, expected position 52500410 , only wrote 52499925
12-09 08:45:20.124 W/audio_hw_generic( 1306): Not supplying enough data to HAL, expected position 52499932 , only wrote 52499925
12-09 08:45:20.143 W/audio_hw_generic( 1306): Not supplying enough data to HAL, expected position 52500774 , only wrote 52500586
12-09 08:45:20.249 I/art     (21702): Background sticky concurrent mark sweep GC freed 45546(2039KB) AllocSpace objects, 1(20KB) LOS objects, 32% free, 2MB/3MB, paused 5.804ms total 100.698ms
12-09 08:45:20.267 D/AudioFlinger( 1306): mixer(0xf42c0000) throttle end: throttle time(33)
12-09 08:45:20.612 E/SurfaceFlinger( 1223): ro.sf.lcd_density must be defined as a build property
12-09 08:45:20.625 D/gralloc_ranchu( 1223): gralloc_alloc: Creating ashmem region of size 3686400
12-09 08:45:20.628 W/audio_hw_generic( 1306): Not supplying enough data to HAL, expected position 52521950 , only wrote 52521738
12-09 08:45:20.629 W/audio_hw_generic( 1306): Not supplying enough data to HAL, expected position 52521773 , only wrote 52521738
12-09 08:45:20.658 W/audio_hw_generic( 1306): Not supplying enough data to HAL, expected position 52523018 , only wrote 52522399
12-09 08:45:20.686 D/        (21736): HostConnection::get() New Host Connection established 0x7f281f392480, tid 21736
12-09 08:45:20.707 E/EGL_emulation( 1223): tid 1223: eglCreateSyncKHR(1881): error 0x3004 (EGL_BAD_ATTRIBUTE)
12-09 08:45:20.858 W/audio_hw_generic( 1306): Not supplying enough data to HAL, expected position 52531226 , only wrote 52530992
12-09 08:45:20.858 W/audio_hw_generic( 1306): Not supplying enough data to HAL, expected position 52530999 , only wrote 52530992
12-09 08:45:20.876 W/audio_hw_generic( 1306): Not supplying enough data to HAL, expected position 52531762 , only wrote 52531653
12-09 08:45:21.088 W/audio_hw_generic( 1306): Not supplying enough data to HAL, expected position 52541027 , only wrote 52540907
12-09 08:45:21.088 W/audio_hw_generic( 1306): Not supplying enough data to HAL, expected position 52540914 , only wrote 52540907
12-09 08:45:21.111 W/audio_hw_generic( 1306): Not supplying enough data to HAL, expected position 52541921 , only wrote 52541568
12-09 08:45:21.166 W/audio_hw_generic( 1306): Not supplying enough data to HAL, expected position 52543986 , only wrote 52542890
12-09 08:45:21.270 W/audio_hw_generic( 1306): Not supplying enough data to HAL, expected position 52547457 , only wrote 52546856
12-09 08:45:21.270 W/audio_hw_generic( 1306): Not supplying enough data to HAL, expected position 52546863 , only wrote 52546856
12-09 08:45:21.291 W/audio_hw_generic( 1306): Not supplying enough data to HAL, expected position 52547775 , only wrote 52547517
12-09 08:45:21.322 W/audio_hw_generic( 1306): Not supplying enough data to HAL, expected position 52548873 , only wrote 52548839
12-09 08:45:21.358 W/audio_hw_generic( 1306): Hardware backing HAL too slow, could only write 0 of 661 frames
12-09 08:45:21.367 W/audio_hw_generic( 1306): Hardware backing HAL too slow, could only write 0 of 661 frames
