--------- beginning of main
12-09 08:34:21.512 D/gralloc_ranchu( 1223): gralloc_alloc: Creating ashmem region of size 708608
12-09 08:34:21.564 W/audio_hw_generic( 1310): Not supplying enough data to HAL, expected position 41889759 , only wrote 41889553
12-09 08:34:21.565 W/audio_hw_generic( 1310): Not supplying enough data to HAL, expected position 41889559 , only wrote 41889553
12-09 08:34:21.583 W/audio_hw_generic( 1310): Not supplying enough data to HAL, expected position 41890348 , only wrote 41890214
12-09 08:34:21.584 E/EGL_emulation( 1223): tid 1223: eglCreateSyncKHR(1881): error 0x3004 (EGL_BAD_ATTRIBUTE)
12-09 08:34:21.600 W/audio_hw_generic( 1310): Hardware backing HAL too slow, could only write 0 of 661 frames
12-09 08:34:21.620 W/audio_hw_generic( 1310): Hardware backing HAL too slow, could only write 0 of 661 frames
12-09 08:34:21.631 W/audio_hw_generic( 1310): Hardware backing HAL too slow, could only write 0 of 661 frames
--------- beginning of system
12-09 08:34:21.646 W/ActivityManager( 1595): Finishing task with all activities already finished
12-09 08:34:21.646 W/ActivityManager( 1595): Duplicate finish request for ActivityRecord{6dd7cf9 u0 com.evancharlton.mileage/.Mileage t495 f}
12-09 08:34:21.646 W/ActivityManager( 1595): Finishing task with all activities already finished
12-09 08:34:21.646 W/ActivityManager( 1595): Duplicate finish request for ActivityRecord{6dd7cf9 u0 com.evancharlton.mileage/.Mileage t495 f}
12-09 08:34:21.647 W/ActivityManager( 1595): Finishing task with all activities already finished
12-09 08:34:21.647 W/ActivityManager( 1595): Duplicate finish request for ActivityRecord{6dd7cf9 u0 com.evancharlton.mileage/.Mileage t495 f}
12-09 08:34:21.660 W/audio_hw_generic( 1310): Hardware backing HAL too slow, could only write 0 of 661 frames
12-09 08:34:21.746 I/art     ( 1595): Background partial concurrent mark sweep GC freed 11346(835KB) AllocSpace objects, 8(208KB) LOS objects, 29% free, 9MB/13MB, paused 2.001ms total 120.898ms
12-09 08:34:21.808 W/audio_hw_generic( 1310): Not supplying enough data to HAL, expected position 41900149 , only wrote 41900129
12-09 08:34:21.848 W/audio_hw_generic( 1310): Hardware backing HAL too slow, could only write 0 of 661 frames
12-09 08:34:21.976 W/audio_hw_generic( 1310): Not supplying enough data to HAL, expected position 41907535 , only wrote 41905417
12-09 08:34:21.976 W/audio_hw_generic( 1310): Not supplying enough data to HAL, expected position 41905423 , only wrote 41905417
12-09 08:34:21.991 W/audio_hw_generic( 1310): Not supplying enough data to HAL, expected position 41906101 , only wrote 41906078
12-09 08:34:22.036 W/audio_hw_generic( 1310): Hardware backing HAL too slow, could only write 0 of 661 frames
12-09 08:34:22.077 D/EGL_emulation( 1928): eglMakeCurrent: 0x7f2639a21aa0: ver 2 0 (tinfo 0x7f2639a02800)
12-09 08:34:22.232 W/audio_hw_generic( 1310): Not supplying enough data to HAL, expected position 41926556 , only wrote 41916654
12-09 08:34:22.255 W/art     ( 1595): Long monitor contention event with owner method=void com.android.server.wm.WindowAnimator$1.doFrame(long) from WindowAnimator.java:121 waiters=0 for 121ms
12-09 08:34:22.414 D/AndroidRuntime(20112): >>>>>> START com.android.internal.os.RuntimeInit uid 0 <<<<<<
12-09 08:34:22.424 D/AndroidRuntime(20112): CheckJNI is ON
12-09 08:34:22.463 D/ICU     (20112): No timezone override file found: /data/misc/zoneinfo/current/icu/icu_tzdata.dat
12-09 08:34:22.547 E/memtrack(20112): Couldn't load memtrack module (No such file or directory)
12-09 08:34:22.547 E/android.os.Debug(20112): failed to load memtrack module: -2
12-09 08:34:22.560 I/Radio-JNI(20112): register_android_hardware_Radio DONE
12-09 08:34:22.592 D/AndroidRuntime(20112): Calling main entry com.android.commands.am.Am
12-09 08:34:22.593 I/ActivityManager( 1595): Force stopping com.evancharlton.mileage appid=10143 user=0: start instr
12-09 08:34:22.593 I/ActivityManager( 1595): Killing 20043:com.evancharlton.mileage/u0a143 (adj 0): stop com.evancharlton.mileage
12-09 08:34:22.788 W/InputDispatcher( 1595): channel '7f75c7f Toast (server)' ~ Consumer closed input channel or an error occurred.  events=0x9
12-09 08:34:22.788 E/InputDispatcher( 1595): channel '7f75c7f Toast (server)' ~ Channel is unrecoverably broken and will be disposed!
12-09 08:34:22.884 W/ActivityManager( 1595): Crash of app com.evancharlton.mileage running instrumentation ComponentInfo{com.evancharlton.mileage.test/sh.calaba.instrumentationbackend.CalabashInstrumentationTestRunner}
12-09 08:34:22.884 I/ActivityManager( 1595): Force stopping com.evancharlton.mileage appid=10143 user=0: finished inst
12-09 08:34:23.069 W/art     ( 1595): Long monitor contention event with owner method=void com.android.server.wm.WindowAnimator$1.doFrame(long) from WindowAnimator.java:121 waiters=1 for 239ms
12-09 08:34:23.136 W/art     ( 1595): Long monitor contention event with owner method=void com.android.server.wm.WindowAnimator$1.doFrame(long) from WindowAnimator.java:121 waiters=2 for 252ms
12-09 08:34:23.194 W/art     ( 1595): Long monitor contention event with owner method=void com.android.server.wm.WindowAnimator$1.doFrame(long) from WindowAnimator.java:121 waiters=2 for 263ms
12-09 08:34:23.479 W/art     ( 1595): Long monitor contention event with owner method=void com.android.server.wm.WindowAnimator$1.doFrame(long) from WindowAnimator.java:121 waiters=2 for 285ms
12-09 08:34:23.614 W/art     ( 1595): Long monitor contention event with owner method=void com.android.server.wm.WindowAnimator$1.doFrame(long) from WindowAnimator.java:121 waiters=2 for 360ms
12-09 08:34:23.740 W/art     ( 1595): Long monitor contention event with owner method=void com.android.server.wm.WindowAnimator$1.doFrame(long) from WindowAnimator.java:121 waiters=2 for 261ms
12-09 08:34:23.994 W/art     ( 1595): Long monitor contention event with owner method=void com.android.server.wm.WindowAnimator$1.doFrame(long) from WindowAnimator.java:121 waiters=2 for 254ms
12-09 08:34:24.222 W/art     ( 1595): Long monitor contention event with owner method=void com.android.server.wm.WindowAnimator$1.doFrame(long) from WindowAnimator.java:121 waiters=2 for 288ms
12-09 08:34:24.333 W/art     ( 1595): Long monitor contention event with owner method=void com.android.server.wm.WindowAnimator$1.doFrame(long) from WindowAnimator.java:121 waiters=2 for 339ms
12-09 08:34:24.444 W/art     ( 1595): Long monitor contention event with owner method=void com.android.server.wm.WindowAnimator$1.doFrame(long) from WindowAnimator.java:121 waiters=2 for 311ms
12-09 08:34:25.089 I/Choreographer( 1595): Skipped 36 frames!  The application may be doing too much work on its main thread.
12-09 08:34:25.089 W/art     ( 1595): Long monitor contention event with owner method=void com.android.server.wm.WindowAnimator$1.doFrame(long) from WindowAnimator.java:121 waiters=2 for 867ms
12-09 08:34:25.180 W/art     ( 1595): Long monitor contention event with owner method=void com.android.server.wm.WindowAnimator$1.doFrame(long) from WindowAnimator.java:121 waiters=2 for 847ms
12-09 08:34:25.244 W/art     ( 1595): Long monitor contention event with owner method=void com.android.server.wm.WindowAnimator$1.doFrame(long) from WindowAnimator.java:121 waiters=2 for 800ms
12-09 08:34:25.364 W/art     ( 1595): Long monitor contention event with owner method=void com.android.server.wm.WindowAnimator$1.doFrame(long) from WindowAnimator.java:121 waiters=2 for 275ms
12-09 08:34:25.497 W/art     ( 1595): Long monitor contention event with owner method=void com.android.server.wm.WindowAnimator$1.doFrame(long) from WindowAnimator.java:121 waiters=2 for 317ms
12-09 08:34:25.600 W/art     ( 1595): Long monitor contention event with owner method=void com.android.server.wm.WindowAnimator$1.doFrame(long) from WindowAnimator.java:121 waiters=2 for 356ms
12-09 08:34:25.699 W/art     ( 1595): Long monitor contention event with owner method=void com.android.server.wm.WindowAnimator$1.doFrame(long) from WindowAnimator.java:121 waiters=2 for 334ms
12-09 08:34:25.760 W/art     ( 1595): Long monitor contention event with owner method=void com.android.server.wm.WindowAnimator$1.doFrame(long) from WindowAnimator.java:121 waiters=2 for 263ms
12-09 08:34:25.839 W/art     ( 1595): Long monitor contention event with owner method=void com.android.server.wm.WindowAnimator$1.doFrame(long) from WindowAnimator.java:121 waiters=2 for 239ms
12-09 08:34:25.994 W/art     ( 1595): Long monitor contention event with owner method=void com.android.server.wm.WindowAnimator$1.doFrame(long) from WindowAnimator.java:121 waiters=2 for 295ms
12-09 08:34:26.048 W/art     ( 1595): Long monitor contention event with owner method=void com.android.server.wm.WindowAnimator$1.doFrame(long) from WindowAnimator.java:121 waiters=2 for 288ms
12-09 08:34:26.128 W/art     ( 1595): Long monitor contention event with owner method=void com.android.server.wm.WindowAnimator$1.doFrame(long) from WindowAnimator.java:121 waiters=2 for 289ms
12-09 08:34:26.128 I/WindowState( 1595): WIN DEATH: Window{7f75c7f u0 Toast}
12-09 08:34:26.128 W/InputDispatcher( 1595): Attempted to unregister already unregistered input channel '7f75c7f Toast (server)'
12-09 08:34:26.152 I/WindowState( 1595): WIN DEATH: Window{d123533 u0 com.evancharlton.mileage/com.evancharlton.mileage.Mileage EXITING}
12-09 08:34:26.153 W/WindowAnimator( 1595): Failed to dispatch window animation state change.
12-09 08:34:26.153 W/WindowAnimator( 1595): android.os.DeadObjectException
12-09 08:34:26.153 W/WindowAnimator( 1595): 	at android.os.BinderProxy.transactNative(Native Method)
12-09 08:34:26.153 W/WindowAnimator( 1595): 	at android.os.BinderProxy.transact(Binder.java:503)
12-09 08:34:26.153 W/WindowAnimator( 1595): 	at android.view.IWindow$Stub$Proxy.onAnimationStarted(IWindow.java:520)
12-09 08:34:26.153 W/WindowAnimator( 1595): 	at com.android.server.wm.WindowAnimator.updateWindowsLocked(WindowAnimator.java:282)
12-09 08:34:26.153 W/WindowAnimator( 1595): 	at com.android.server.wm.WindowAnimator.animateLocked(WindowAnimator.java:678)
12-09 08:34:26.153 W/WindowAnimator( 1595): 	at com.android.server.wm.WindowAnimator.-wrap0(WindowAnimator.java)
12-09 08:34:26.153 W/WindowAnimator( 1595): 	at com.android.server.wm.WindowAnimator$1.doFrame(WindowAnimator.java:123)
12-09 08:34:26.153 W/WindowAnimator( 1595): 	at android.view.Choreographer$CallbackRecord.run(Choreographer.java:856)
12-09 08:34:26.153 W/WindowAnimator( 1595): 	at android.view.Choreographer.doCallbacks(Choreographer.java:670)
12-09 08:34:26.153 W/WindowAnimator( 1595): 	at android.view.Choreographer.doFrame(Choreographer.java:603)
12-09 08:34:26.153 W/WindowAnimator( 1595): 	at android.view.Choreographer$FrameDisplayEventReceiver.run(Choreographer.java:844)
12-09 08:34:26.153 W/WindowAnimator( 1595): 	at android.os.Handler.handleCallback(Handler.java:739)
12-09 08:34:26.153 W/WindowAnimator( 1595): 	at android.os.Handler.dispatchMessage(Handler.java:95)
12-09 08:34:26.153 W/WindowAnimator( 1595): 	at android.os.Looper.loop(Looper.java:148)
12-09 08:34:26.153 W/WindowAnimator( 1595): 	at android.os.HandlerThread.run(HandlerThread.java:61)
12-09 08:34:26.153 W/WindowAnimator( 1595): 	at com.android.server.ServiceThread.run(ServiceThread.java:46)
12-09 08:34:26.742 W/WindowAnimator( 1595): Failed to dispatch window animation state change.
12-09 08:34:26.742 W/WindowAnimator( 1595): android.os.DeadObjectException
12-09 08:34:26.742 W/WindowAnimator( 1595): 	at android.os.BinderProxy.transactNative(Native Method)
12-09 08:34:26.742 W/WindowAnimator( 1595): 	at android.os.BinderProxy.transact(Binder.java:503)
12-09 08:34:26.742 W/WindowAnimator( 1595): 	at android.view.IWindow$Stub$Proxy.onAnimationStopped(IWindow.java:534)
12-09 08:34:26.742 W/WindowAnimator( 1595): 	at com.android.server.wm.WindowAnimator.updateWindowsLocked(WindowAnimator.java:286)
12-09 08:34:26.742 W/WindowAnimator( 1595): 	at com.android.server.wm.WindowAnimator.animateLocked(WindowAnimator.java:678)
12-09 08:34:26.742 W/WindowAnimator( 1595): 	at com.android.server.wm.WindowAnimator.-wrap0(WindowAnimator.java)
12-09 08:34:26.742 W/WindowAnimator( 1595): 	at com.android.server.wm.WindowAnimator$1.doFrame(WindowAnimator.java:123)
12-09 08:34:26.742 W/WindowAnimator( 1595): 	at android.view.Choreographer$CallbackRecord.run(Choreographer.java:856)
12-09 08:34:26.742 W/WindowAnimator( 1595): 	at android.view.Choreographer.doCallbacks(Choreographer.java:670)
12-09 08:34:26.742 W/WindowAnimator( 1595): 	at android.view.Choreographer.doFrame(Choreographer.java:603)
12-09 08:34:26.742 W/WindowAnimator( 1595): 	at android.view.Choreographer$FrameDisplayEventReceiver.run(Choreographer.java:844)
12-09 08:34:26.742 W/WindowAnimator( 1595): 	at android.os.Handler.handleCallback(Handler.java:739)
12-09 08:34:26.742 W/WindowAnimator( 1595): 	at android.os.Handler.dispatchMessage(Handler.java:95)
12-09 08:34:26.742 W/WindowAnimator( 1595): 	at android.os.Looper.loop(Looper.java:148)
12-09 08:34:26.742 W/WindowAnimator( 1595): 	at android.os.HandlerThread.run(HandlerThread.java:61)
12-09 08:34:26.742 W/WindowAnimator( 1595): 	at com.android.server.ServiceThread.run(ServiceThread.java:46)
12-09 08:34:26.904 I/ActivityManager( 1595): Start proc 20121:com.evancharlton.mileage/u0a143 for added application com.evancharlton.mileage
12-09 08:34:26.904 W/art     ( 1595): Long monitor contention event with owner method=boolean com.android.server.am.ActivityManagerService.startInstrumentation(android.content.ComponentName, java.lang.String, int, android.os.Bundle, android.app.IInstrumentationWatcher, android.app.IUiAutomationConnection, int, java.lang.String) from ActivityManagerService.java:17066 waiters=0 for 4.253s
12-09 08:34:26.905 W/art     ( 1595): Long monitor contention event with owner method=boolean com.android.server.am.ActivityManagerService.startInstrumentation(android.content.ComponentName, java.lang.String, int, android.os.Bundle, android.app.IInstrumentationWatcher, android.app.IUiAutomationConnection, int, java.lang.String) from ActivityManagerService.java:17066 waiters=1 for 4.253s
12-09 08:34:26.906 W/art     ( 1595): Long monitor contention event with owner method=boolean com.android.server.am.ActivityManagerService.startInstrumentation(android.content.ComponentName, java.lang.String, int, android.os.Bundle, android.app.IInstrumentationWatcher, android.app.IUiAutomationConnection, int, java.lang.String) from ActivityManagerService.java:17066 waiters=2 for 4.201s
12-09 08:34:26.916 W/art     ( 1595): Long monitor contention event with owner method=boolean com.android.server.am.ActivityManagerService.startInstrumentation(android.content.ComponentName, java.lang.String, int, android.os.Bundle, android.app.IInstrumentationWatcher, android.app.IUiAutomationConnection, int, java.lang.String) from ActivityManagerService.java:17066 waiters=5 for 1.690s
12-09 08:34:26.916 W/art     ( 1595): Long monitor contention event with owner method=boolean com.android.server.am.ActivityManagerService.startInstrumentation(android.content.ComponentName, java.lang.String, int, android.os.Bundle, android.app.IInstrumentationWatcher, android.app.IUiAutomationConnection, int, java.lang.String) from ActivityManagerService.java:17066 waiters=3 for 4.177s
12-09 08:34:26.916 W/art     ( 1595): Long monitor contention event with owner method=boolean com.android.server.am.ActivityManagerService.startInstrumentation(android.content.ComponentName, java.lang.String, int, android.os.Bundle, android.app.IInstrumentationWatcher, android.app.IUiAutomationConnection, int, java.lang.String) from ActivityManagerService.java:17066 waiters=4 for 4.086s
12-09 08:34:26.917 D/AndroidRuntime(20112): Shutting down VM
12-09 08:34:26.929 W/InputMethodManagerService( 1595): Got RemoteException sending setActive(false) notification to pid 20043 uid 10143
12-09 08:34:26.940 W/ActivityManager( 1595): Spurious death for ProcessRecord{771750 0:com.evancharlton.mileage/u0a143}, curProc for 20043: null
12-09 08:34:27.048 W/art     ( 1595): Long monitor contention event with owner method=void com.android.server.wm.WindowAnimator$1.doFrame(long) from WindowAnimator.java:121 waiters=0 for 119ms
12-09 08:34:27.196 W/art     ( 1595): Long monitor contention event with owner method=void com.android.server.wm.WindowManagerService$H.handleMessage(android.os.Message) from WindowManagerService.java:7820 waiters=1 for 146ms
12-09 08:34:27.198 W/art     ( 1595): Long monitor contention event with owner method=com.android.internal.view.InputBindResult com.android.server.InputMethodManagerService.windowGainedFocus(com.android.internal.view.IInputMethodClient, android.os.IBinder, int, int, int, android.view.inputmethod.EditorInfo, com.android.internal.view.IInputContext) from InputMethodManagerService.java:2177 waiters=0 for 4.492s
12-09 08:34:27.198 I/Choreographer( 1928): Skipped 305 frames!  The application may be doing too much work on its main thread.
12-09 08:34:27.200 W/art     ( 1595): Long monitor contention event with owner method=java.util.List com.android.server.am.ActivityManagerService.getAllStackInfos() from ActivityManagerService.java:8937 waiters=2 for 191ms
12-09 08:34:27.217 W/art     ( 1595): Long monitor contention event with owner method=com.android.internal.view.InputBindResult com.android.server.InputMethodManagerService.windowGainedFocus(com.android.internal.view.IInputMethodClient, android.os.IBinder, int, int, int, android.view.inputmethod.EditorInfo, com.android.internal.view.IInputContext) from InputMethodManagerService.java:2177 waiters=1 for 4.386s
12-09 08:34:27.217 W/art     ( 1595): Long monitor contention event with owner method=java.util.List com.android.server.am.ActivityManagerService.getAllStackInfos() from ActivityManagerService.java:8937 waiters=1 for 246ms
12-09 08:34:27.551 D/EGL_emulation( 1862): eglMakeCurrent: 0x7f2639a25d80: ver 2 0 (tinfo 0x7f262e26a640)
12-09 08:34:27.553 E/Surface ( 1862): getSlotFromBufferLocked: unknown buffer: 0x7f2635fe1fa0
12-09 08:34:27.604 W/WindowAnimator( 1595): Failed to dispatch window animation state change.
12-09 08:34:27.604 W/WindowAnimator( 1595): android.os.DeadObjectException
12-09 08:34:27.604 W/WindowAnimator( 1595): 	at android.os.BinderProxy.transactNative(Native Method)
12-09 08:34:27.604 W/WindowAnimator( 1595): 	at android.os.BinderProxy.transact(Binder.java:503)
12-09 08:34:27.604 W/WindowAnimator( 1595): 	at android.view.IWindow$Stub$Proxy.onAnimationStopped(IWindow.java:534)
12-09 08:34:27.604 W/WindowAnimator( 1595): 	at com.android.server.wm.WindowAnimator.updateWindowsLocked(WindowAnimator.java:286)
12-09 08:34:27.604 W/WindowAnimator( 1595): 	at com.android.server.wm.WindowAnimator.animateLocked(WindowAnimator.java:678)
12-09 08:34:27.604 W/WindowAnimator( 1595): 	at com.android.server.wm.WindowAnimator.-wrap0(WindowAnimator.java)
12-09 08:34:27.604 W/WindowAnimator( 1595): 	at com.android.server.wm.WindowAnimator$1.doFrame(WindowAnimator.java:123)
12-09 08:34:27.604 W/WindowAnimator( 1595): 	at android.view.Choreographer$CallbackRecord.run(Choreographer.java:856)
12-09 08:34:27.604 W/WindowAnimator( 1595): 	at android.view.Choreographer.doCallbacks(Choreographer.java:670)
12-09 08:34:27.604 W/WindowAnimator( 1595): 	at android.view.Choreographer.doFrame(Choreographer.java:603)
12-09 08:34:27.604 W/WindowAnimator( 1595): 	at android.view.Choreographer$FrameDisplayEventReceiver.run(Choreographer.java:844)
12-09 08:34:27.604 W/WindowAnimator( 1595): 	at android.os.Handler.handleCallback(Handler.java:739)
12-09 08:34:27.604 W/WindowAnimator( 1595): 	at android.os.Handler.dispatchMessage(Handler.java:95)
12-09 08:34:27.604 W/WindowAnimator( 1595): 	at android.os.Looper.loop(Looper.java:148)
12-09 08:34:27.604 W/WindowAnimator( 1595): 	at android.os.HandlerThread.run(HandlerThread.java:61)
12-09 08:34:27.604 W/WindowAnimator( 1595): 	at com.android.server.ServiceThread.run(ServiceThread.java:46)
12-09 08:34:27.661 W/System  (20121): ClassLoader referenced unknown path: /data/app/com.evancharlton.mileage.test-1/lib/x86_64
12-09 08:34:27.661 W/System  (20121): ClassLoader referenced unknown path: /data/app/com.evancharlton.mileage-1/lib/x86_64
12-09 08:34:27.720 I/System.out(20121): Main activity name automatically set to: com.evancharlton.mileage.Mileage
12-09 08:34:27.732 I/System.out(20121): Calabash did not load Mono. This is only a problem if you are trying to test a Mono application
12-09 08:34:27.797 I/calabash(20121): Test server port: 7102
12-09 08:34:27.797 I/InstrumentationBackend(20121): Added:'GetPreferences', with key:'get_preferences'
12-09 08:34:27.871 W/art     ( 1595): Long monitor contention event with owner method=void com.android.server.wm.WindowAnimator$1.doFrame(long) from WindowAnimator.java:121 waiters=2 for 263ms
12-09 08:34:27.873 W/art     ( 1595): Long monitor contention event with owner method=void com.android.server.wm.WindowAnimator$1.doFrame(long) from WindowAnimator.java:121 waiters=3 for 164ms
12-09 08:34:27.874 I/Choreographer( 1928): Skipped 39 frames!  The application may be doing too much work on its main thread.
12-09 08:34:27.923 W/OpenGLRenderer( 1928): Incorrectly called buildLayer on View: ShortcutAndWidgetContainer, destroying layer...
12-09 08:34:27.941 I/art     (20121): Background partial concurrent mark sweep GC freed 7850(410KB) AllocSpace objects, 0(0B) LOS objects, 52% free, 928KB/1952KB, paused 2.133ms total 193.138ms
12-09 08:34:27.991 I/InstrumentationBackend(20121): Added:'SetPreferences', with key:'set_preferences'
12-09 08:34:27.991 I/InstrumentationBackend(20121): Added:'ClearPreferences', with key:'clear_preferences'
12-09 08:34:27.991 I/InstrumentationBackend(20121): Added:'PressElement', with key:'press_l10n_element'
12-09 08:34:28.007 I/InstrumentationBackend(20121): Added:'WaitForElement', with key:'wait_for_l10n_element'
12-09 08:34:28.008 I/InstrumentationBackend(20121): Added:'NullAction', with key:'nullAction'
12-09 08:34:28.008 I/InstrumentationBackend(20121): Added:'PressKey', with key:'press_key'
12-09 08:34:28.008 I/InstrumentationBackend(20121): Added:'SetActivityOrientation', with key:'set_activity_orientation'
12-09 08:34:28.008 I/InstrumentationBackend(20121): Added:'GetActivityOrientation', with key:'get_activity_orientation'
12-09 08:34:28.009 I/InstrumentationBackend(20121): Added:'FakeGPSLocation', with key:'set_gps_coordinates'
12-09 08:34:28.009 I/InstrumentationBackend(20121): Added:'SetPropertyByCssSelector', with key:'set_property_by_css_selector'
12-09 08:34:28.009 I/InstrumentationBackend(20121): Added:'GetUrl', with key:'get_url'
12-09 08:34:28.010 I/InstrumentationBackend(20121): Added:'ScrollTo', with key:'scroll_to'
12-09 08:34:28.010 I/InstrumentationBackend(20121): Added:'GetLoadProgress', with key:'get_load_progress'
12-09 08:34:28.010 I/InstrumentationBackend(20121): Added:'DumpHtml', with key:'dump_html'
12-09 08:34:28.010 I/InstrumentationBackend(20121): Added:'DumpBodyHtml', with key:'dump_body_html'
12-09 08:34:28.010 I/InstrumentationBackend(20121): Added:'EnterTextByCssSelector', with key:'enter_text_by_selector'
12-09 08:34:28.016 I/InstrumentationBackend(20121): Added:'AndroidSDKVersion', with key:'android_sdk_version'
12-09 08:34:28.023 I/InstrumentationBackend(20121): Added:'Version', with key:'version'
12-09 08:34:28.023 I/InstrumentationBackend(20121): Added:'Drag', with key:'drag'
12-09 08:34:28.024 I/InstrumentationBackend(20121): Added:'TouchCoordinates', with key:'touch_coordinate'
12-09 08:34:28.024 I/InstrumentationBackend(20121): Added:'LongPressCoordinate', with key:'long_press_coordinate'
12-09 08:34:28.024 I/InstrumentationBackend(20121): Added:'DragCoordinates', with key:'drag_coordinates'
12-09 08:34:28.024 I/InstrumentationBackend(20121): Added:'ResumeApplication', with key:'resume_application'
12-09 08:34:28.024 I/InstrumentationBackend(20121): Added:'Swipe', with key:'swipe'
12-09 08:34:28.024 I/InstrumentationBackend(20121): Added:'DoubleTapCoordinate', with key:'double_tap_coordinate'
12-09 08:34:28.024 I/InstrumentationBackend(20121): Added:'ClickOnScreen', with key:'click_on_screen'
12-09 08:34:28.056 I/InstrumentationBackend(20121): Added:'GetActivityName', with key:'get_activity_name'
12-09 08:34:28.056 I/InstrumentationBackend(20121): Added:'ScrollToView', with key:'scroll_to_view'
12-09 08:34:28.057 I/InstrumentationBackend(20121): Added:'ViewConfiguration', with key:'view_configuration'
12-09 08:34:28.057 I/InstrumentationBackend(20121): Added:'IsCurrentActivityFocused', with key:'is_current_activity_focused'
12-09 08:34:28.057 I/InstrumentationBackend(20121): Added:'SendTcp', with key:'send_tcp'
12-09 08:34:28.057 I/InstrumentationBackend(20121): Added:'DpToDevicePixel', with key:'dp_to_device_pixel'
12-09 08:34:28.058 I/InstrumentationBackend(20121): Added:'KeyboardEnterText', with key:'keyboard_enter_text'
12-09 08:34:28.058 I/InstrumentationBackend(20121): Added:'DeleteSurroundingText', with key:'delete_surrounding_text'
12-09 08:34:28.058 I/InstrumentationBackend(20121): Added:'SetComposingRegion', with key:'set_composing_region'
12-09 08:34:28.058 I/InstrumentationBackend(20121): Added:'SetSelection', with key:'set_selection'
12-09 08:34:28.058 I/InstrumentationBackend(20121): Added:'KeyboardKeyEvent', with key:'keyboard_key_event'
12-09 08:34:28.058 I/InstrumentationBackend(20121): Added:'PressUserActionButton', with key:'press_user_action_button'
12-09 08:34:28.059 I/InstrumentationBackend(20121): Added:'HideSoftKeyboard', with key:'hide_soft_keyboard'
12-09 08:34:28.061 I/InstrumentationBackend(20121): Added:'ListActions', with key:'list_actions'
12-09 08:34:28.062 I/calabash(20121): Instantiating http server at 7102
12-09 08:34:28.062 I/System.out(20121): HTTP Daemon listening on: 7102
12-09 08:34:28.198 I/System.out(20121): URI: //ping
12-09 08:34:28.198 I/System.out(20121): params: {json={}
12-09 08:34:28.198 I/System.out(20121): }
12-09 08:34:28.213 W/art     ( 1595): Long monitor contention event with owner method=void com.android.server.wm.WindowManagerService$H.handleMessage(android.os.Message) from WindowManagerService.java:7820 waiters=2 for 313ms
12-09 08:34:28.218 W/art     ( 1595): Long monitor contention event with owner method=void com.android.server.wm.WindowAnimator$1.doFrame(long) from WindowAnimator.java:121 waiters=2 for 317ms
12-09 08:34:28.218 W/art     ( 1595): Long monitor contention event with owner method=void com.android.server.wm.WindowAnimator$1.doFrame(long) from WindowAnimator.java:121 waiters=3 for 162ms
12-09 08:34:28.224 I/System.out(20121): URI: //ping
12-09 08:34:28.224 I/System.out(20121): params: {json={}
12-09 08:34:28.224 I/System.out(20121): }
12-09 08:34:28.276 I/System.out(20121): URI: //ready
12-09 08:34:28.276 I/System.out(20121): params: {json={}
12-09 08:34:28.276 I/System.out(20121): }
12-09 08:34:28.376 I/System.out(20121): URI: //
12-09 08:34:28.376 I/System.out(20121): params: {json={"command":"version","arguments":[]}
12-09 08:34:28.376 I/System.out(20121): }
12-09 08:34:28.376 I/System.out(20121): header: {date=Sun, 09 Dec 2018 08:34:29 GMT, accept=*/*, content-length=36, host=127.0.0.1:34777, user-agent=HTTPClient/1.0 (2.8.3, ruby 2.3.1 (2016-04-26)), content-type=application/json;charset=utf-8}
12-09 08:34:28.376 I/System.out(20121): params: {json={"command":"version","arguments":[]}
12-09 08:34:28.376 I/System.out(20121): }
12-09 08:34:28.376 I/System.out(20121): ProP json = {"command":"version","arguments":[]}
12-09 08:34:28.377 I/System.out(20121): files: {}
12-09 08:34:28.377 I/System.out(20121): command: {"command":"version","arguments":[]}
12-09 08:34:28.418 I/InstrumentationBackend(20121): Got command:'Command:'Line:null,version', arguments:'[]'
12-09 08:34:28.862 I/System.out(20121): result:{"bonusInformation":[],"message":"0.9.8","success":true}
12-09 08:34:28.877 I/art     (20121): Background sticky concurrent mark sweep GC freed 9110(716KB) AllocSpace objects, 11(220KB) LOS objects, 19% free, 1572KB/1952KB, paused 3.796ms total 440.270ms
12-09 08:34:28.999 I/System.out(20121): URI: //start-application
12-09 08:34:28.999 I/System.out(20121): params: {json={"intent":null}
12-09 08:34:28.999 I/System.out(20121): }
12-09 08:34:29.352 I/art     (20121): Background partial concurrent mark sweep GC freed 13335(624KB) AllocSpace objects, 4(80KB) LOS objects, 40% free, 1571KB/2MB, paused 2.201ms total 335.956ms
12-09 08:34:29.364 I/ActivityManager( 1595): START u0 {act=android.intent.action.MAIN cat=[android.intent.category.LAUNCHER] flg=0x10200000 cmp=com.evancharlton.mileage/.Mileage} from uid 10143 on display 0
12-09 08:34:29.550 D/gralloc_ranchu( 1223): gralloc_alloc: Creating ashmem region of size 3686400
12-09 08:34:29.552 I/calabash(20121): newActivity1
12-09 08:34:29.567 I/calabash(20121): newActivity1
12-09 08:34:29.573 W/ActivityManager( 1595): Bad activity token: android.os.BinderProxy@3e48c81
12-09 08:34:29.573 W/ActivityManager( 1595): java.lang.ClassCastException: android.os.BinderProxy cannot be cast to com.android.server.am.ActivityRecord$Token
12-09 08:34:29.573 W/ActivityManager( 1595): 	at com.android.server.am.ActivityRecord.forTokenLocked(ActivityRecord.java:424)
12-09 08:34:29.573 W/ActivityManager( 1595): 	at com.android.server.am.ActivityRecord.isInStackLocked(ActivityRecord.java:1121)
12-09 08:34:29.573 W/ActivityManager( 1595): 	at com.android.server.am.ActivityRecord.getStackLocked(ActivityRecord.java:1126)
12-09 08:34:29.573 W/ActivityManager( 1595): 	at com.android.server.am.ActivityManagerService.getActivityDisplayId(ActivityManagerService.java:8889)
12-09 08:34:29.573 W/ActivityManager( 1595): 	at android.app.ActivityManagerNative.onTransact(ActivityManagerNative.java:2338)
12-09 08:34:29.573 W/ActivityManager( 1595): 	at com.android.server.am.ActivityManagerService.onTransact(ActivityManagerService.java:2443)
12-09 08:34:29.573 W/ActivityManager( 1595): 	at android.os.Binder.execTransact(Binder.java:453)
12-09 08:34:29.574 W/ActivityManager( 1595): Bad activity token: android.os.BinderProxy@3e48c81
12-09 08:34:29.574 W/ActivityManager( 1595): java.lang.ClassCastException: android.os.BinderProxy cannot be cast to com.android.server.am.ActivityRecord$Token
12-09 08:34:29.574 W/ActivityManager( 1595): 	at com.android.server.am.ActivityRecord.forTokenLocked(ActivityRecord.java:424)
12-09 08:34:29.574 W/ActivityManager( 1595): 	at com.android.server.am.ActivityRecord.isInStackLocked(ActivityRecord.java:1121)
12-09 08:34:29.574 W/ActivityManager( 1595): 	at com.android.server.am.ActivityManagerService.setTaskDescription(ActivityManagerService.java:8547)
12-09 08:34:29.574 W/ActivityManager( 1595): 	at android.app.ActivityManagerNative.onTransact(ActivityManagerNative.java:2410)
12-09 08:34:29.574 W/ActivityManager( 1595): 	at com.android.server.am.ActivityManagerService.onTransact(ActivityManagerService.java:2443)
12-09 08:34:29.574 W/ActivityManager( 1595): 	at android.os.Binder.execTransact(Binder.java:453)
12-09 08:34:29.763 I/art     (20121): Background sticky concurrent mark sweep GC freed 12210(809KB) AllocSpace objects, 0(0B) LOS objects, 35% free, 1692KB/2MB, paused 29.083ms total 122.394ms
12-09 08:34:29.781 W/ActivityManager( 1595): Bad activity token: android.os.BinderProxy@3e48c81
12-09 08:34:29.781 W/ActivityManager( 1595): java.lang.ClassCastException: android.os.BinderProxy cannot be cast to com.android.server.am.ActivityRecord$Token
12-09 08:34:29.781 W/ActivityManager( 1595): 	at com.android.server.am.ActivityRecord.forTokenLocked(ActivityRecord.java:424)
12-09 08:34:29.781 W/ActivityManager( 1595): 	at com.android.server.am.ActivityRecord.isInStackLocked(ActivityRecord.java:1121)
12-09 08:34:29.781 W/ActivityManager( 1595): 	at com.android.server.am.ActivityManagerService.getActivityOptions(ActivityManagerService.java:11038)
12-09 08:34:29.781 W/ActivityManager( 1595): 	at android.app.ActivityManagerNative.onTransact(ActivityManagerNative.java:1734)
12-09 08:34:29.781 W/ActivityManager( 1595): 	at com.android.server.am.ActivityManagerService.onTransact(ActivityManagerService.java:2443)
12-09 08:34:29.781 W/ActivityManager( 1595): 	at android.os.Binder.execTransact(Binder.java:453)
12-09 08:34:29.781 W/ActivityManager( 1595): Bad activity token: android.os.BinderProxy@3e48c81
12-09 08:34:29.781 W/ActivityManager( 1595): java.lang.ClassCastException: android.os.BinderProxy cannot be cast to com.android.server.am.ActivityRecord$Token
12-09 08:34:29.781 W/ActivityManager( 1595): 	at com.android.server.am.ActivityRecord.forTokenLocked(ActivityRecord.java:424)
12-09 08:34:29.781 W/ActivityManager( 1595): 	at com.android.server.am.ActivityRecord.isInStackLocked(ActivityRecord.java:1121)
12-09 08:34:29.781 W/ActivityManager( 1595): 	at com.android.server.am.ActivityManagerService.getActivityOptions(ActivityManagerService.java:11038)
12-09 08:34:29.781 W/ActivityManager( 1595): 	at android.app.ActivityManagerNative.onTransact(ActivityManagerNative.java:1734)
12-09 08:34:29.781 W/ActivityManager( 1595): 	at com.android.server.am.ActivityManagerService.onTransact(ActivityManagerService.java:2443)
12-09 08:34:29.781 W/ActivityManager( 1595): 	at android.os.Binder.execTransact(Binder.java:453)
12-09 08:34:29.960 V/PhoneStatusBar( 1688): setLightsOn(true)
12-09 08:34:29.971 D/gralloc_ranchu( 1223): gralloc_alloc: Creating ashmem region of size 3686400
12-09 08:34:30.095 D/EGL_emulation( 1928): eglMakeCurrent: 0x7f2639a21aa0: ver 2 0 (tinfo 0x7f2639a02800)
12-09 08:34:30.096 E/Surface ( 1928): getSlotFromBufferLocked: unknown buffer: 0x7f2635fe42a0
12-09 08:34:30.101 D/        (20121): HostConnection::get() New Host Connection established 0x7f263619cda0, tid 20121
12-09 08:34:30.112 V/PhoneStatusBar( 1688): setLightsOn(true)
12-09 08:34:30.407 W/art     ( 1595): Long monitor contention event with owner method=void com.android.server.wm.WindowAnimator$1.doFrame(long) from WindowAnimator.java:121 waiters=1 for 303ms
12-09 08:34:30.409 I/ActivityManager( 1595): Displayed com.evancharlton.mileage/.Mileage: +970ms
12-09 08:34:30.884 W/art     ( 1595): Long monitor contention event with owner method=void com.android.server.wm.WindowAnimator$1.doFrame(long) from WindowAnimator.java:121 waiters=3 for 276ms
12-09 08:34:30.889 W/art     ( 1595): Long monitor contention event with owner method=void com.android.server.wm.WindowManagerService$H.handleMessage(android.os.Message) from WindowManagerService.java:7820 waiters=3 for 203ms
12-09 08:34:30.912 D/gralloc_ranchu( 1223): gralloc_alloc: Creating ashmem region of size 3686400
12-09 08:34:31.400 D/gralloc_ranchu( 1223): gralloc_alloc: Creating ashmem region of size 3686400
12-09 08:34:31.724 I/art     (20121): WaitForGcToComplete blocked for 29.215ms for cause Background
12-09 08:34:32.772 I/System.out(20121): URI: //map
12-09 08:34:32.772 I/System.out(20121): params: {json={"query":"android.widget.EditText id:'price'","operation":{"method_name":"query","arguments":[]}}
12-09 08:34:32.772 I/System.out(20121): }
12-09 08:34:32.850 W/ResourceType(20121): No package identifier when getting name for resource number 0x00000001
12-09 08:34:32.976 I/art     (20121): Background sticky concurrent mark sweep GC freed 35489(1685KB) AllocSpace objects, 0(0B) LOS objects, 8% free, 2MB/2MB, paused 1.397ms total 117.367ms
12-09 08:34:33.088 I/System.out(20121): URI: //gesture
12-09 08:34:33.088 I/System.out(20121): params: {json={"query_timeout":5.0,"gestures":[{"query_string":"android.widget.EditText id:'price'","touches":[{"x":50,"y":50,"offset_x":0,"offset_y":0,"wait":0.0,"time":0.2,"release":true,"query_string":null}]}]}
12-09 08:34:33.088 I/System.out(20121): }
12-09 08:34:33.120 W/ResourceType(20121): No package identifier when getting name for resource number 0x00000001
12-09 08:34:33.211 I/art     (20121): Background sticky concurrent mark sweep GC freed 2981(92KB) AllocSpace objects, 0(0B) LOS objects, 4% free, 2MB/2MB, paused 7.615ms total 13.614ms
12-09 08:34:33.636 I/LatinIME( 1862): Starting input. Cursor position = 0,0
12-09 08:34:33.800 I/art     (20121): Background sticky concurrent mark sweep GC freed 29795(1418KB) AllocSpace objects, 1(20KB) LOS objects, 38% free, 2MB/3MB, paused 923us total 104.234ms
12-09 08:34:33.828 D/hwcomposer( 1223): hw_composer sent 753 syncs in 61s
12-09 08:34:33.875 D/EGL_emulation( 1862): eglMakeCurrent: 0x7f2639a25d80: ver 2 0 (tinfo 0x7f262e26a640)
12-09 08:34:34.256 I/System.out(20121): URI: //
12-09 08:34:34.256 I/System.out(20121): params: {json={"command":"set_selection","arguments":[-1,-1]}
12-09 08:34:34.256 I/System.out(20121): }
12-09 08:34:34.256 I/System.out(20121): header: {date=Sun, 09 Dec 2018 08:34:35 GMT, accept=*/*, content-length=47, host=127.0.0.1:34777, user-agent=HTTPClient/1.0 (2.8.3, ruby 2.3.1 (2016-04-26)), content-type=application/json;charset=utf-8}
12-09 08:34:34.256 I/System.out(20121): params: {json={"command":"set_selection","arguments":[-1,-1]}
12-09 08:34:34.256 I/System.out(20121): }
12-09 08:34:34.256 I/System.out(20121): ProP json = {"command":"set_selection","arguments":[-1,-1]}
12-09 08:34:34.257 I/System.out(20121): files: {}
12-09 08:34:34.257 I/System.out(20121): command: {"command":"set_selection","arguments":[-1,-1]}
12-09 08:34:34.258 I/InstrumentationBackend(20121): Got command:'Command:'Line:null,set_selection', arguments:'[-1, -1]'
12-09 08:34:34.278 I/System.out(20121): result:{"bonusInformation":[],"message":"","success":true}
12-09 08:34:34.712 I/System.out(20121): URI: //
12-09 08:34:34.712 I/System.out(20121): params: {json={"command":"keyboard_enter_text","arguments":["23"]}
12-09 08:34:34.712 I/System.out(20121): }
12-09 08:34:34.712 I/System.out(20121): header: {date=Sun, 09 Dec 2018 08:34:35 GMT, accept=*/*, content-length=52, host=127.0.0.1:34777, user-agent=HTTPClient/1.0 (2.8.3, ruby 2.3.1 (2016-04-26)), content-type=application/json;charset=utf-8}
12-09 08:34:34.712 I/System.out(20121): params: {json={"command":"keyboard_enter_text","arguments":["23"]}
12-09 08:34:34.712 I/System.out(20121): }
12-09 08:34:34.712 I/System.out(20121): ProP json = {"command":"keyboard_enter_text","arguments":["23"]}
12-09 08:34:34.712 I/System.out(20121): files: {}
12-09 08:34:34.712 I/System.out(20121): command: {"command":"keyboard_enter_text","arguments":["23"]}
12-09 08:34:34.713 I/InstrumentationBackend(20121): Got command:'Command:'Line:null,keyboard_enter_text', arguments:'[23]'
12-09 08:34:34.751 E/SpannableStringBuilder(20121): SPAN_EXCLUSIVE_EXCLUSIVE spans cannot have a zero length
12-09 08:34:34.755 E/SpannableStringBuilder(20121): SPAN_EXCLUSIVE_EXCLUSIVE spans cannot have a zero length
12-09 08:34:34.780 E/SpannableStringBuilder(20121): SPAN_EXCLUSIVE_EXCLUSIVE spans cannot have a zero length
12-09 08:34:34.780 E/SpannableStringBuilder(20121): SPAN_EXCLUSIVE_EXCLUSIVE spans cannot have a zero length
12-09 08:34:34.790 I/System.out(20121): result:{"bonusInformation":[],"message":"","success":true}
12-09 08:34:35.407 E/SurfaceFlinger( 1223): ro.sf.lcd_density must be defined as a build property
12-09 08:34:35.499 D/gralloc_ranchu( 1223): gralloc_alloc: Creating ashmem region of size 3686400
12-09 08:34:35.520 D/        (20154): HostConnection::get() New Host Connection established 0x7ff858e52480, tid 20154
12-09 08:34:35.547 E/EGL_emulation( 1223): tid 1223: eglCreateSyncKHR(1881): error 0x3004 (EGL_BAD_ATTRIBUTE)
12-09 08:34:36.409 I/System.out(20121): URI: //map
12-09 08:34:36.409 I/System.out(20121): params: {json={"query":"android.widget.EditText id:'volume'","operation":{"method_name":"query","arguments":[]}}
12-09 08:34:36.409 I/System.out(20121): }
12-09 08:34:36.429 W/ResourceType(20121): No package identifier when getting name for resource number 0x00000001
12-09 08:34:36.568 I/art     (20121): Background sticky concurrent mark sweep GC freed 45384(2MB) AllocSpace objects, 2(40KB) LOS objects, 33% free, 2MB/3MB, paused 2.839ms total 111.919ms
12-09 08:34:36.569 I/System.out(20121): URI: //gesture
12-09 08:34:36.569 I/System.out(20121): params: {json={"query_timeout":5.0,"gestures":[{"query_string":"android.widget.EditText id:'volume'","touches":[{"x":50,"y":50,"offset_x":0,"offset_y":0,"wait":0.0,"time":0.2,"release":true,"query_string":null}]}]}
12-09 08:34:36.569 I/System.out(20121): }
12-09 08:34:36.583 W/ResourceType(20121): No package identifier when getting name for resource number 0x00000001
12-09 08:34:36.958 I/LatinIME( 1862): Starting input. Cursor position = 0,0
12-09 08:34:37.274 I/art     (20121): Background sticky concurrent mark sweep GC freed 507(30KB) AllocSpace objects, 0(0B) LOS objects, 29% free, 2MB/3MB, paused 993us total 144.486ms
12-09 08:34:37.784 I/System.out(20121): URI: //
12-09 08:34:37.784 I/System.out(20121): params: {json={"command":"set_selection","arguments":[-1,-1]}
12-09 08:34:37.784 I/System.out(20121): }
12-09 08:34:37.784 I/System.out(20121): header: {date=Sun, 09 Dec 2018 08:34:38 GMT, accept=*/*, content-length=47, host=127.0.0.1:34777, user-agent=HTTPClient/1.0 (2.8.3, ruby 2.3.1 (2016-04-26)), content-type=application/json;charset=utf-8}
12-09 08:34:37.784 I/System.out(20121): params: {json={"command":"set_selection","arguments":[-1,-1]}
12-09 08:34:37.784 I/System.out(20121): }
12-09 08:34:37.785 I/System.out(20121): ProP json = {"command":"set_selection","arguments":[-1,-1]}
12-09 08:34:37.785 I/System.out(20121): files: {}
12-09 08:34:37.785 I/System.out(20121): command: {"command":"set_selection","arguments":[-1,-1]}
12-09 08:34:37.786 I/InstrumentationBackend(20121): Got command:'Command:'Line:null,set_selection', arguments:'[-1, -1]'
12-09 08:34:37.791 I/System.out(20121): result:{"bonusInformation":[],"message":"","success":true}
12-09 08:34:38.130 I/System.out(20121): URI: //
12-09 08:34:38.130 I/System.out(20121): params: {json={"command":"keyboard_enter_text","arguments":["49"]}
12-09 08:34:38.130 I/System.out(20121): }
12-09 08:34:38.130 I/System.out(20121): header: {date=Sun, 09 Dec 2018 08:34:39 GMT, accept=*/*, content-length=52, host=127.0.0.1:34777, user-agent=HTTPClient/1.0 (2.8.3, ruby 2.3.1 (2016-04-26)), content-type=application/json;charset=utf-8}
12-09 08:34:38.130 I/System.out(20121): params: {json={"command":"keyboard_enter_text","arguments":["49"]}
12-09 08:34:38.130 I/System.out(20121): }
12-09 08:34:38.130 I/System.out(20121): ProP json = {"command":"keyboard_enter_text","arguments":["49"]}
12-09 08:34:38.130 I/System.out(20121): files: {}
12-09 08:34:38.130 I/System.out(20121): command: {"command":"keyboard_enter_text","arguments":["49"]}
12-09 08:34:38.131 I/InstrumentationBackend(20121): Got command:'Command:'Line:null,keyboard_enter_text', arguments:'[49]'
12-09 08:34:38.175 E/SpannableStringBuilder(20121): SPAN_EXCLUSIVE_EXCLUSIVE spans cannot have a zero length
12-09 08:34:38.176 E/SpannableStringBuilder(20121): SPAN_EXCLUSIVE_EXCLUSIVE spans cannot have a zero length
12-09 08:34:38.185 E/SpannableStringBuilder(20121): SPAN_EXCLUSIVE_EXCLUSIVE spans cannot have a zero length
12-09 08:34:38.185 E/SpannableStringBuilder(20121): SPAN_EXCLUSIVE_EXCLUSIVE spans cannot have a zero length
12-09 08:34:38.203 I/System.out(20121): result:{"bonusInformation":[],"message":"","success":true}
12-09 08:34:38.385 I/art     (20121): Background partial concurrent mark sweep GC freed 28909(1556KB) AllocSpace objects, 11(220KB) LOS objects, 39% free, 2MB/3MB, paused 1.021ms total 187.417ms
12-09 08:34:38.895 E/SurfaceFlinger( 1223): ro.sf.lcd_density must be defined as a build property
12-09 08:34:38.955 D/gralloc_ranchu( 1223): gralloc_alloc: Creating ashmem region of size 3686400
12-09 08:34:38.968 D/        (20164): HostConnection::get() New Host Connection established 0x7fd325a12480, tid 20164
12-09 08:34:39.002 E/EGL_emulation( 1223): tid 1223: eglCreateSyncKHR(1881): error 0x3004 (EGL_BAD_ATTRIBUTE)
12-09 08:34:39.808 I/System.out(20121): URI: //map
12-09 08:34:39.808 I/System.out(20121): params: {json={"query":"android.widget.EditText id:'odometer'","operation":{"method_name":"query","arguments":[]}}
12-09 08:34:39.808 I/System.out(20121): }
12-09 08:34:39.822 W/ResourceType(20121): No package identifier when getting name for resource number 0x00000001
12-09 08:34:39.972 I/art     (20121): Background sticky concurrent mark sweep GC freed 45140(2040KB) AllocSpace objects, 2(40KB) LOS objects, 37% free, 2MB/3MB, paused 1.002ms total 108.043ms
12-09 08:34:40.043 I/System.out(20121): URI: //gesture
12-09 08:34:40.043 I/System.out(20121): params: {json={"query_timeout":5.0,"gestures":[{"query_string":"android.widget.EditText id:'odometer'","touches":[{"x":50,"y":50,"offset_x":0,"offset_y":0,"wait":0.0,"time":0.2,"release":true,"query_string":null}]}]}
12-09 08:34:40.043 I/System.out(20121): }
12-09 08:34:40.060 W/ResourceType(20121): No package identifier when getting name for resource number 0x00000001
12-09 08:34:40.496 I/LatinIME( 1862): Starting input. Cursor position = 0,0
12-09 08:34:41.091 I/System.out(20121): URI: //
12-09 08:34:41.091 I/System.out(20121): params: {json={"command":"set_selection","arguments":[-1,-1]}
12-09 08:34:41.091 I/System.out(20121): }
12-09 08:34:41.091 I/System.out(20121): header: {date=Sun, 09 Dec 2018 08:34:42 GMT, accept=*/*, content-length=47, host=127.0.0.1:34777, user-agent=HTTPClient/1.0 (2.8.3, ruby 2.3.1 (2016-04-26)), content-type=application/json;charset=utf-8}
12-09 08:34:41.091 I/System.out(20121): params: {json={"command":"set_selection","arguments":[-1,-1]}
12-09 08:34:41.091 I/System.out(20121): }
12-09 08:34:41.091 I/System.out(20121): ProP json = {"command":"set_selection","arguments":[-1,-1]}
12-09 08:34:41.091 I/System.out(20121): files: {}
12-09 08:34:41.091 I/System.out(20121): command: {"command":"set_selection","arguments":[-1,-1]}
12-09 08:34:41.092 I/InstrumentationBackend(20121): Got command:'Command:'Line:null,set_selection', arguments:'[-1, -1]'
12-09 08:34:41.112 I/System.out(20121): result:{"bonusInformation":[],"message":"","success":true}
12-09 08:34:41.372 I/System.out(20121): URI: //
12-09 08:34:41.372 I/System.out(20121): params: {json={"command":"keyboard_enter_text","arguments":["12"]}
12-09 08:34:41.372 I/System.out(20121): }
12-09 08:34:41.372 I/System.out(20121): header: {date=Sun, 09 Dec 2018 08:34:42 GMT, accept=*/*, content-length=52, host=127.0.0.1:34777, user-agent=HTTPClient/1.0 (2.8.3, ruby 2.3.1 (2016-04-26)), content-type=application/json;charset=utf-8}
12-09 08:34:41.372 I/System.out(20121): params: {json={"command":"keyboard_enter_text","arguments":["12"]}
12-09 08:34:41.372 I/System.out(20121): }
12-09 08:34:41.372 I/System.out(20121): ProP json = {"command":"keyboard_enter_text","arguments":["12"]}
12-09 08:34:41.372 I/System.out(20121): files: {}
12-09 08:34:41.372 I/System.out(20121): command: {"command":"keyboard_enter_text","arguments":["12"]}
12-09 08:34:41.373 I/InstrumentationBackend(20121): Got command:'Command:'Line:null,keyboard_enter_text', arguments:'[12]'
12-09 08:34:41.399 E/SpannableStringBuilder(20121): SPAN_EXCLUSIVE_EXCLUSIVE spans cannot have a zero length
12-09 08:34:41.399 E/SpannableStringBuilder(20121): SPAN_EXCLUSIVE_EXCLUSIVE spans cannot have a zero length
12-09 08:34:41.409 E/SpannableStringBuilder(20121): SPAN_EXCLUSIVE_EXCLUSIVE spans cannot have a zero length
12-09 08:34:41.409 E/SpannableStringBuilder(20121): SPAN_EXCLUSIVE_EXCLUSIVE spans cannot have a zero length
12-09 08:34:41.415 I/System.out(20121): result:{"bonusInformation":[],"message":"","success":true}
12-09 08:34:42.090 E/SurfaceFlinger( 1223): ro.sf.lcd_density must be defined as a build property
12-09 08:34:42.107 D/gralloc_ranchu( 1223): gralloc_alloc: Creating ashmem region of size 3686400
12-09 08:34:42.180 D/        (20174): HostConnection::get() New Host Connection established 0x7f5e18a92480, tid 20174
12-09 08:34:42.305 E/EGL_emulation( 1223): tid 1223: eglCreateSyncKHR(1881): error 0x3004 (EGL_BAD_ATTRIBUTE)
12-09 08:34:44.109 I/System.out(20121): URI: //map
12-09 08:34:44.109 I/System.out(20121): params: {json={"query":"android.widget.Button index:2","operation":{"method_name":"query","arguments":[]}}
12-09 08:34:44.109 I/System.out(20121): }
12-09 08:34:44.253 I/art     (20121): Background sticky concurrent mark sweep GC freed 41861(1790KB) AllocSpace objects, 4(80KB) LOS objects, 3% free, 3MB/3MB, paused 1.379ms total 100.034ms
12-09 08:34:44.342 I/System.out(20121): URI: //gesture
12-09 08:34:44.342 I/System.out(20121): params: {json={"query_timeout":5.0,"gestures":[{"query_string":"android.widget.Button index:2","touches":[{"x":50,"y":50,"offset_x":0,"offset_y":0,"wait":0.0,"time":0.2,"release":true,"query_string":null}]}]}
12-09 08:34:44.342 I/System.out(20121): }
12-09 08:34:44.998 W/art     (20121): Suspending all threads took: 19.658ms
12-09 08:34:45.015 W/audio_hw_generic( 1310): Hardware backing HAL too slow, could only write 0 of 661 frames
12-09 08:34:45.029 W/audio_hw_generic( 1310): Hardware backing HAL too slow, could only write 0 of 661 frames
12-09 08:34:45.034 I/calabash(20121): newActivity1
12-09 08:34:45.036 W/ActivityManager( 1595): Bad activity token: android.os.BinderProxy@19ccf3
12-09 08:34:45.036 W/ActivityManager( 1595): java.lang.ClassCastException: android.os.BinderProxy cannot be cast to com.android.server.am.ActivityRecord$Token
12-09 08:34:45.036 W/ActivityManager( 1595): 	at com.android.server.am.ActivityRecord.forTokenLocked(ActivityRecord.java:424)
12-09 08:34:45.036 W/ActivityManager( 1595): 	at com.android.server.am.ActivityRecord.isInStackLocked(ActivityRecord.java:1121)
12-09 08:34:45.036 W/ActivityManager( 1595): 	at com.android.server.am.ActivityRecord.getStackLocked(ActivityRecord.java:1126)
12-09 08:34:45.036 W/ActivityManager( 1595): 	at com.android.server.am.ActivityManagerService.getActivityDisplayId(ActivityManagerService.java:8889)
12-09 08:34:45.036 W/ActivityManager( 1595): 	at android.app.ActivityManagerNative.onTransact(ActivityManagerNative.java:2338)
