--------- beginning of main
12-09 07:42:00.884 D/gralloc_ranchu( 1218): gralloc_alloc: Creating ashmem region of size 708608
12-09 07:42:00.977 E/EGL_emulation( 1218): tid 1218: eglCreateSyncKHR(1881): error 0x3004 (EGL_BAD_ATTRIBUTE)
12-09 07:42:01.694 W/art     ( 1592): Long monitor contention event with owner method=boolean com.android.server.am.ActivityManagerService.finishActivity(android.os.IBinder, int, android.content.Intent, boolean) from ActivityManagerService.java:4245 waiters=0 for 913ms
--------- beginning of system
12-09 07:42:01.709 W/ActivityManager( 1592): Finishing task with all activities already finished
12-09 07:42:01.709 W/ActivityManager( 1592): Duplicate finish request for ActivityRecord{20e158b u0 com.evancharlton.mileage/.charts.AverageFuelEconomyChart t340 f}
12-09 07:42:01.844 I/art     ( 1592): Background partial concurrent mark sweep GC freed 25862(1776KB) AllocSpace objects, 12(240KB) LOS objects, 29% free, 9MB/13MB, paused 6.512ms total 794.772ms
12-09 07:42:01.931 D/EGL_emulation( 1949): eglMakeCurrent: 0x7f1b08134640: ver 2 0 (tinfo 0x7f1b08102800)
12-09 07:42:02.485 D/AndroidRuntime( 5189): >>>>>> START com.android.internal.os.RuntimeInit uid 0 <<<<<<
12-09 07:42:02.487 D/AndroidRuntime( 5189): CheckJNI is ON
12-09 07:42:02.533 D/ICU     ( 5189): No timezone override file found: /data/misc/zoneinfo/current/icu/icu_tzdata.dat
12-09 07:42:02.654 W/art     ( 1592): Long monitor contention event with owner method=void com.android.server.wm.WindowAnimator$1.doFrame(long) from WindowAnimator.java:121 waiters=0 for 163ms
12-09 07:42:02.894 E/memtrack( 5189): Couldn't load memtrack module (No such file or directory)
12-09 07:42:02.905 E/android.os.Debug( 5189): failed to load memtrack module: -2
12-09 07:42:02.906 I/Radio-JNI( 5189): register_android_hardware_Radio DONE
12-09 07:42:02.956 D/AndroidRuntime( 5189): Calling main entry com.android.commands.am.Am
12-09 07:42:03.014 W/art     ( 1592): Long monitor contention event with owner method=void com.android.server.wm.WindowAnimator$1.doFrame(long) from WindowAnimator.java:121 waiters=1 for 220ms
12-09 07:42:03.125 W/art     ( 1592): Long monitor contention event with owner method=void com.android.server.wm.WindowAnimator$1.doFrame(long) from WindowAnimator.java:121 waiters=1 for 246ms
12-09 07:42:03.205 W/art     ( 1592): Long monitor contention event with owner method=void com.android.server.wm.WindowAnimator$1.doFrame(long) from WindowAnimator.java:121 waiters=1 for 191ms
12-09 07:42:03.550 W/art     ( 1592): Long monitor contention event with owner method=java.util.List com.android.server.am.ActivityManagerService.getAllStackInfos() from ActivityManagerService.java:8937 waiters=0 for 555ms
12-09 07:42:03.550 I/ActivityManager( 1592): Force stopping com.evancharlton.mileage appid=10117 user=0: start instr
12-09 07:42:03.550 I/ActivityManager( 1592): Killing 5035:com.evancharlton.mileage/u0a117 (adj 0): stop com.evancharlton.mileage
12-09 07:42:03.612 E/JavaBinder( 1592): !!! FAILED BINDER TRANSACTION !!!  (parcel size = 104)
12-09 07:42:03.612 W/InputMethodManagerService( 1592): Got RemoteException sending setActive(false) notification to pid 5035 uid 10117
12-09 07:42:03.657 W/InputDispatcher( 1592): channel 'f984dbd com.evancharlton.mileage/com.evancharlton.mileage.charts.AverageFuelEconomyChart (server)' ~ Consumer closed input channel or an error occurred.  events=0x9
12-09 07:42:03.657 E/InputDispatcher( 1592): channel 'f984dbd com.evancharlton.mileage/com.evancharlton.mileage.charts.AverageFuelEconomyChart (server)' ~ Channel is unrecoverably broken and will be disposed!
12-09 07:42:03.713 E/JavaBinder( 1592): !!! FAILED BINDER TRANSACTION !!!  (parcel size = 104)
12-09 07:42:03.747 I/Choreographer( 1949): Skipped 107 frames!  The application may be doing too much work on its main thread.
12-09 07:42:03.751 W/ActivityManager( 1592): Crash of app com.evancharlton.mileage running instrumentation ComponentInfo{com.evancharlton.mileage.test/sh.calaba.instrumentationbackend.CalabashInstrumentationTestRunner}
12-09 07:42:03.751 I/ActivityManager( 1592): Force stopping com.evancharlton.mileage appid=10117 user=0: finished inst
12-09 07:42:03.754 I/WindowState( 1592): WIN DEATH: Window{f984dbd u0 com.evancharlton.mileage/com.evancharlton.mileage.charts.AverageFuelEconomyChart}
12-09 07:42:03.754 W/InputDispatcher( 1592): Attempted to unregister already unregistered input channel 'f984dbd com.evancharlton.mileage/com.evancharlton.mileage.charts.AverageFuelEconomyChart (server)'
12-09 07:42:03.826 I/ActivityManager( 1592): Start proc 5199:com.evancharlton.mileage/u0a117 for added application com.evancharlton.mileage
12-09 07:42:03.839 D/AndroidRuntime( 5189): Shutting down VM
12-09 07:42:03.859 W/art     ( 1592): Long monitor contention event with owner method=java.util.List com.android.server.am.ActivityManagerService.getAllStackInfos() from ActivityManagerService.java:8937 waiters=1 for 574ms
12-09 07:42:04.155 W/System  ( 5199): ClassLoader referenced unknown path: /data/app/com.evancharlton.mileage.test-1/lib/x86_64
12-09 07:42:04.155 W/System  ( 5199): ClassLoader referenced unknown path: /data/app/com.evancharlton.mileage-1/lib/x86_64
12-09 07:42:04.282 I/System.out( 5199): Main activity name automatically set to: com.evancharlton.mileage.Mileage
12-09 07:42:04.282 I/System.out( 5199): Calabash did not load Mono. This is only a problem if you are trying to test a Mono application
12-09 07:42:04.282 I/calabash( 5199): Test server port: 7102
12-09 07:42:04.288 I/InstrumentationBackend( 5199): Added:'GetPreferences', with key:'get_preferences'
12-09 07:42:04.387 W/art     ( 1592): Long monitor contention event with owner method=void com.android.server.wm.WindowAnimator$1.doFrame(long) from WindowAnimator.java:121 waiters=0 for 133ms
12-09 07:42:04.473 I/InstrumentationBackend( 5199): Added:'SetPreferences', with key:'set_preferences'
12-09 07:42:04.484 I/InstrumentationBackend( 5199): Added:'ClearPreferences', with key:'clear_preferences'
12-09 07:42:04.484 I/InstrumentationBackend( 5199): Added:'PressElement', with key:'press_l10n_element'
12-09 07:42:04.484 I/InstrumentationBackend( 5199): Added:'WaitForElement', with key:'wait_for_l10n_element'
12-09 07:42:04.484 I/InstrumentationBackend( 5199): Added:'NullAction', with key:'nullAction'
12-09 07:42:04.485 I/InstrumentationBackend( 5199): Added:'PressKey', with key:'press_key'
12-09 07:42:04.485 I/InstrumentationBackend( 5199): Added:'SetActivityOrientation', with key:'set_activity_orientation'
12-09 07:42:04.485 I/InstrumentationBackend( 5199): Added:'GetActivityOrientation', with key:'get_activity_orientation'
12-09 07:42:04.485 I/InstrumentationBackend( 5199): Added:'FakeGPSLocation', with key:'set_gps_coordinates'
12-09 07:42:04.485 I/InstrumentationBackend( 5199): Added:'SetPropertyByCssSelector', with key:'set_property_by_css_selector'
12-09 07:42:04.486 I/InstrumentationBackend( 5199): Added:'GetUrl', with key:'get_url'
12-09 07:42:04.487 I/InstrumentationBackend( 5199): Added:'ScrollTo', with key:'scroll_to'
12-09 07:42:04.487 I/InstrumentationBackend( 5199): Added:'GetLoadProgress', with key:'get_load_progress'
12-09 07:42:04.487 I/InstrumentationBackend( 5199): Added:'DumpHtml', with key:'dump_html'
12-09 07:42:04.487 I/InstrumentationBackend( 5199): Added:'DumpBodyHtml', with key:'dump_body_html'
12-09 07:42:04.488 I/InstrumentationBackend( 5199): Added:'EnterTextByCssSelector', with key:'enter_text_by_selector'
12-09 07:42:04.501 I/InstrumentationBackend( 5199): Added:'AndroidSDKVersion', with key:'android_sdk_version'
12-09 07:42:04.501 I/InstrumentationBackend( 5199): Added:'Version', with key:'version'
12-09 07:42:04.501 I/InstrumentationBackend( 5199): Added:'Drag', with key:'drag'
12-09 07:42:04.501 I/InstrumentationBackend( 5199): Added:'TouchCoordinates', with key:'touch_coordinate'
12-09 07:42:04.502 I/InstrumentationBackend( 5199): Added:'LongPressCoordinate', with key:'long_press_coordinate'
12-09 07:42:04.502 I/InstrumentationBackend( 5199): Added:'DragCoordinates', with key:'drag_coordinates'
12-09 07:42:04.502 I/InstrumentationBackend( 5199): Added:'ResumeApplication', with key:'resume_application'
12-09 07:42:04.502 I/InstrumentationBackend( 5199): Added:'Swipe', with key:'swipe'
12-09 07:42:04.502 I/InstrumentationBackend( 5199): Added:'DoubleTapCoordinate', with key:'double_tap_coordinate'
12-09 07:42:04.502 I/InstrumentationBackend( 5199): Added:'ClickOnScreen', with key:'click_on_screen'
12-09 07:42:04.503 I/InstrumentationBackend( 5199): Added:'GetActivityName', with key:'get_activity_name'
12-09 07:42:04.503 I/InstrumentationBackend( 5199): Added:'ScrollToView', with key:'scroll_to_view'
12-09 07:42:04.503 I/InstrumentationBackend( 5199): Added:'ViewConfiguration', with key:'view_configuration'
12-09 07:42:04.503 I/InstrumentationBackend( 5199): Added:'IsCurrentActivityFocused', with key:'is_current_activity_focused'
12-09 07:42:04.504 I/InstrumentationBackend( 5199): Added:'SendTcp', with key:'send_tcp'
12-09 07:42:04.504 I/InstrumentationBackend( 5199): Added:'DpToDevicePixel', with key:'dp_to_device_pixel'
12-09 07:42:04.505 I/InstrumentationBackend( 5199): Added:'KeyboardEnterText', with key:'keyboard_enter_text'
12-09 07:42:04.575 I/InstrumentationBackend( 5199): Added:'DeleteSurroundingText', with key:'delete_surrounding_text'
12-09 07:42:04.575 I/InstrumentationBackend( 5199): Added:'SetComposingRegion', with key:'set_composing_region'
12-09 07:42:04.576 I/InstrumentationBackend( 5199): Added:'SetSelection', with key:'set_selection'
12-09 07:42:04.576 I/InstrumentationBackend( 5199): Added:'KeyboardKeyEvent', with key:'keyboard_key_event'
12-09 07:42:04.577 I/InstrumentationBackend( 5199): Added:'PressUserActionButton', with key:'press_user_action_button'
12-09 07:42:04.577 I/InstrumentationBackend( 5199): Added:'HideSoftKeyboard', with key:'hide_soft_keyboard'
12-09 07:42:04.577 I/InstrumentationBackend( 5199): Added:'ListActions', with key:'list_actions'
12-09 07:42:04.578 I/calabash( 5199): Instantiating http server at 7102
12-09 07:42:04.578 I/System.out( 5199): HTTP Daemon listening on: 7102
12-09 07:42:04.710 W/WindowAnimator( 1592): Failed to dispatch window animation state change.
12-09 07:42:04.710 W/WindowAnimator( 1592): android.os.DeadObjectException
12-09 07:42:04.710 W/WindowAnimator( 1592): 	at android.os.BinderProxy.transactNative(Native Method)
12-09 07:42:04.710 W/WindowAnimator( 1592): 	at android.os.BinderProxy.transact(Binder.java:503)
12-09 07:42:04.710 W/WindowAnimator( 1592): 	at android.view.IWindow$Stub$Proxy.onAnimationStopped(IWindow.java:534)
12-09 07:42:04.710 W/WindowAnimator( 1592): 	at com.android.server.wm.WindowAnimator.updateWindowsLocked(WindowAnimator.java:286)
12-09 07:42:04.710 W/WindowAnimator( 1592): 	at com.android.server.wm.WindowAnimator.animateLocked(WindowAnimator.java:678)
12-09 07:42:04.710 W/WindowAnimator( 1592): 	at com.android.server.wm.WindowAnimator.-wrap0(WindowAnimator.java)
12-09 07:42:04.710 W/WindowAnimator( 1592): 	at com.android.server.wm.WindowAnimator$1.doFrame(WindowAnimator.java:123)
12-09 07:42:04.710 W/WindowAnimator( 1592): 	at android.view.Choreographer$CallbackRecord.run(Choreographer.java:856)
12-09 07:42:04.710 W/WindowAnimator( 1592): 	at android.view.Choreographer.doCallbacks(Choreographer.java:670)
12-09 07:42:04.710 W/WindowAnimator( 1592): 	at android.view.Choreographer.doFrame(Choreographer.java:603)
12-09 07:42:04.710 W/WindowAnimator( 1592): 	at android.view.Choreographer$FrameDisplayEventReceiver.run(Choreographer.java:844)
12-09 07:42:04.710 W/WindowAnimator( 1592): 	at android.os.Handler.handleCallback(Handler.java:739)
12-09 07:42:04.710 W/WindowAnimator( 1592): 	at android.os.Handler.dispatchMessage(Handler.java:95)
12-09 07:42:04.710 W/WindowAnimator( 1592): 	at android.os.Looper.loop(Looper.java:148)
12-09 07:42:04.710 W/WindowAnimator( 1592): 	at android.os.HandlerThread.run(HandlerThread.java:61)
12-09 07:42:04.710 W/WindowAnimator( 1592): 	at com.android.server.ServiceThread.run(ServiceThread.java:46)
12-09 07:42:04.717 I/System.out( 5199): URI: //ping
12-09 07:42:04.717 I/System.out( 5199): params: {json={}
12-09 07:42:04.717 I/System.out( 5199): }
12-09 07:42:04.739 W/OpenGLRenderer( 1949): Incorrectly called buildLayer on View: ShortcutAndWidgetContainer, destroying layer...
12-09 07:42:04.784 I/System.out( 5199): URI: //ping
12-09 07:42:04.784 I/System.out( 5199): params: {json={}
12-09 07:42:04.784 I/System.out( 5199): }
12-09 07:42:04.897 I/System.out( 5199): URI: //ready
12-09 07:42:04.897 I/System.out( 5199): params: {json={}
12-09 07:42:04.897 I/System.out( 5199): }
12-09 07:42:04.924 I/art     ( 5199): Background sticky concurrent mark sweep GC freed 24675(1268KB) AllocSpace objects, 7(140KB) LOS objects, 70% free, 1131KB/3MB, paused 1.065ms total 127.954ms
12-09 07:42:04.948 I/System.out( 5199): URI: //
12-09 07:42:04.948 I/System.out( 5199): params: {json={"command":"version","arguments":[]}
12-09 07:42:04.948 I/System.out( 5199): }
12-09 07:42:04.952 I/System.out( 5199): header: {date=Sun, 09 Dec 2018 07:42:05 GMT, accept=*/*, content-length=36, host=127.0.0.1:34777, user-agent=HTTPClient/1.0 (2.8.3, ruby 2.3.1 (2016-04-26)), content-type=application/json;charset=utf-8}
12-09 07:42:04.952 I/System.out( 5199): params: {json={"command":"version","arguments":[]}
12-09 07:42:04.952 I/System.out( 5199): }
12-09 07:42:04.952 I/System.out( 5199): ProP json = {"command":"version","arguments":[]}
12-09 07:42:04.952 I/System.out( 5199): files: {}
12-09 07:42:04.952 I/System.out( 5199): command: {"command":"version","arguments":[]}
12-09 07:42:04.981 I/InstrumentationBackend( 5199): Got command:'Command:'Line:null,version', arguments:'[]'
12-09 07:42:05.013 I/System.out( 5199): result:{"bonusInformation":[],"message":"0.9.8","success":true}
12-09 07:42:05.089 I/System.out( 5199): URI: //start-application
12-09 07:42:05.089 I/System.out( 5199): params: {json={"intent":null}
12-09 07:42:05.089 I/System.out( 5199): }
12-09 07:42:05.131 I/ActivityManager( 1592): START u0 {act=android.intent.action.MAIN cat=[android.intent.category.LAUNCHER] flg=0x10200000 cmp=com.evancharlton.mileage/.Mileage} from uid 10117 on display 0
12-09 07:42:05.337 W/art     ( 1592): Long monitor contention event with owner method=void com.android.server.wm.WindowManagerService.attachStack(int, int) from WindowManagerService.java:5157 waiters=0 for 204ms
12-09 07:42:05.583 I/calabash( 5199): newActivity1
12-09 07:42:05.645 W/art     ( 1592): Long monitor contention event with owner method=int com.android.server.am.ActivityStackSupervisor.startActivityMayWait(android.app.IApplicationThread, int, java.lang.String, android.content.Intent, java.lang.String, android.service.voice.IVoiceInteractionSession, com.android.internal.app.IVoiceInteractor, android.os.IBinder, java.lang.String, int, int, android.app.ProfilerInfo, android.app.IActivityManager$WaitResult, android.content.res.Configuration, android.os.Bundle, boolean, int, android.app.IActivityContainer, com.android.server.am.TaskRecord) from ActivityStackSupervisor.java:946 waiters=1 for 243ms
12-09 07:42:05.650 D/gralloc_ranchu( 1218): gralloc_alloc: Creating ashmem region of size 3686400
12-09 07:42:05.679 I/calabash( 5199): newActivity1
12-09 07:42:05.686 W/ActivityManager( 1592): Bad activity token: android.os.BinderProxy@eed356b
12-09 07:42:05.686 W/ActivityManager( 1592): java.lang.ClassCastException: android.os.BinderProxy cannot be cast to com.android.server.am.ActivityRecord$Token
12-09 07:42:05.686 W/ActivityManager( 1592): 	at com.android.server.am.ActivityRecord.forTokenLocked(ActivityRecord.java:424)
12-09 07:42:05.686 W/ActivityManager( 1592): 	at com.android.server.am.ActivityRecord.isInStackLocked(ActivityRecord.java:1121)
12-09 07:42:05.686 W/ActivityManager( 1592): 	at com.android.server.am.ActivityRecord.getStackLocked(ActivityRecord.java:1126)
12-09 07:42:05.686 W/ActivityManager( 1592): 	at com.android.server.am.ActivityManagerService.getActivityDisplayId(ActivityManagerService.java:8889)
12-09 07:42:05.686 W/ActivityManager( 1592): 	at android.app.ActivityManagerNative.onTransact(ActivityManagerNative.java:2338)
12-09 07:42:05.686 W/ActivityManager( 1592): 	at com.android.server.am.ActivityManagerService.onTransact(ActivityManagerService.java:2443)
12-09 07:42:05.686 W/ActivityManager( 1592): 	at android.os.Binder.execTransact(Binder.java:453)
12-09 07:42:05.687 W/ActivityManager( 1592): Bad activity token: android.os.BinderProxy@eed356b
12-09 07:42:05.687 W/ActivityManager( 1592): java.lang.ClassCastException: android.os.BinderProxy cannot be cast to com.android.server.am.ActivityRecord$Token
12-09 07:42:05.687 W/ActivityManager( 1592): 	at com.android.server.am.ActivityRecord.forTokenLocked(ActivityRecord.java:424)
12-09 07:42:05.687 W/ActivityManager( 1592): 	at com.android.server.am.ActivityRecord.isInStackLocked(ActivityRecord.java:1121)
12-09 07:42:05.687 W/ActivityManager( 1592): 	at com.android.server.am.ActivityManagerService.setTaskDescription(ActivityManagerService.java:8547)
12-09 07:42:05.687 W/ActivityManager( 1592): 	at android.app.ActivityManagerNative.onTransact(ActivityManagerNative.java:2410)
12-09 07:42:05.687 W/ActivityManager( 1592): 	at com.android.server.am.ActivityManagerService.onTransact(ActivityManagerService.java:2443)
12-09 07:42:05.687 W/ActivityManager( 1592): 	at android.os.Binder.execTransact(Binder.java:453)
12-09 07:42:05.830 W/ActivityManager( 1592): Bad activity token: android.os.BinderProxy@eed356b
12-09 07:42:05.830 W/ActivityManager( 1592): java.lang.ClassCastException: android.os.BinderProxy cannot be cast to com.android.server.am.ActivityRecord$Token
12-09 07:42:05.830 W/ActivityManager( 1592): 	at com.android.server.am.ActivityRecord.forTokenLocked(ActivityRecord.java:424)
12-09 07:42:05.830 W/ActivityManager( 1592): 	at com.android.server.am.ActivityRecord.isInStackLocked(ActivityRecord.java:1121)
12-09 07:42:05.830 W/ActivityManager( 1592): 	at com.android.server.am.ActivityManagerService.getActivityOptions(ActivityManagerService.java:11038)
12-09 07:42:05.830 W/ActivityManager( 1592): 	at android.app.ActivityManagerNative.onTransact(ActivityManagerNative.java:1734)
12-09 07:42:05.830 W/ActivityManager( 1592): 	at com.android.server.am.ActivityManagerService.onTransact(ActivityManagerService.java:2443)
12-09 07:42:05.830 W/ActivityManager( 1592): 	at android.os.Binder.execTransact(Binder.java:453)
12-09 07:42:05.889 V/PhoneStatusBar( 1706): setLightsOn(true)
12-09 07:42:05.891 W/ActivityManager( 1592): Bad activity token: android.os.BinderProxy@eed356b
12-09 07:42:05.891 W/ActivityManager( 1592): java.lang.ClassCastException: android.os.BinderProxy cannot be cast to com.android.server.am.ActivityRecord$Token
12-09 07:42:05.891 W/ActivityManager( 1592): 	at com.android.server.am.ActivityRecord.forTokenLocked(ActivityRecord.java:424)
12-09 07:42:05.891 W/ActivityManager( 1592): 	at com.android.server.am.ActivityRecord.isInStackLocked(ActivityRecord.java:1121)
12-09 07:42:05.891 W/ActivityManager( 1592): 	at com.android.server.am.ActivityManagerService.getActivityOptions(ActivityManagerService.java:11038)
12-09 07:42:05.891 W/ActivityManager( 1592): 	at android.app.ActivityManagerNative.onTransact(ActivityManagerNative.java:1734)
12-09 07:42:05.891 W/ActivityManager( 1592): 	at com.android.server.am.ActivityManagerService.onTransact(ActivityManagerService.java:2443)
12-09 07:42:05.891 W/ActivityManager( 1592): 	at android.os.Binder.execTransact(Binder.java:453)
12-09 07:42:05.916 I/art     ( 5199): Background partial concurrent mark sweep GC freed 34683(1928KB) AllocSpace objects, 8(160KB) LOS objects, 39% free, 1877KB/3MB, paused 43.757ms total 156.007ms
12-09 07:42:06.087 D/EGL_emulation( 1949): eglMakeCurrent: 0x7f1b08134640: ver 2 0 (tinfo 0x7f1b08102800)
12-09 07:42:06.117 E/Surface ( 1949): getSlotFromBufferLocked: unknown buffer: 0x7f1b046d5de0
12-09 07:42:06.121 W/art     ( 1592): Long monitor contention event with owner method=void com.android.server.wm.WindowAnimator$1.doFrame(long) from WindowAnimator.java:121 waiters=0 for 107ms
12-09 07:42:06.855 I/Choreographer( 5199): Skipped 38 frames!  The application may be doing too much work on its main thread.
12-09 07:42:06.857 D/gralloc_ranchu( 1218): gralloc_alloc: Creating ashmem region of size 3686400
12-09 07:42:07.058 D/        ( 5199): HostConnection::get() New Host Connection established 0x7f1b0473d400, tid 5199
12-09 07:42:07.174 I/ActivityManager( 1592): Displayed com.evancharlton.mileage/.Mileage: +1s594ms
12-09 07:42:07.217 D/gralloc_ranchu( 1218): gralloc_alloc: Creating ashmem region of size 3686400
12-09 07:42:08.133 D/gralloc_ranchu( 1218): gralloc_alloc: Creating ashmem region of size 3686400
12-09 07:42:09.377 I/System.out( 5199): URI: //map
12-09 07:42:09.377 I/System.out( 5199): params: {json={"query":"android.widget.EditText id:'price'","operation":{"method_name":"query","arguments":[]}}
12-09 07:42:09.377 I/System.out( 5199): }
12-09 07:42:09.494 I/art     ( 5199): Background sticky concurrent mark sweep GC freed 25839(1200KB) AllocSpace objects, 2(40KB) LOS objects, 34% free, 2MB/3MB, paused 1.290ms total 104.105ms
12-09 07:42:09.538 W/ResourceType( 5199): No package identifier when getting name for resource number 0x00000001
12-09 07:42:09.873 I/art     ( 5199): Background partial concurrent mark sweep GC freed 33919(1676KB) AllocSpace objects, 1(20KB) LOS objects, 40% free, 2MB/3MB, paused 1.122ms total 311.818ms
12-09 07:42:09.889 I/System.out( 5199): URI: //gesture
12-09 07:42:09.896 I/System.out( 5199): params: {json={"query_timeout":5.0,"gestures":[{"query_string":"android.widget.EditText id:'price'","touches":[{"x":50,"y":50,"offset_x":0,"offset_y":0,"wait":0.0,"time":0.2,"release":true,"query_string":null}]}]}
12-09 07:42:09.896 I/System.out( 5199): }
12-09 07:42:09.931 W/ResourceType( 5199): No package identifier when getting name for resource number 0x00000001
12-09 07:42:10.373 I/LatinIME( 1884): Starting input. Cursor position = 0,0
12-09 07:42:10.717 D/EGL_emulation( 1884): eglMakeCurrent: 0x7f1b08138e20: ver 2 0 (tinfo 0x7f1b040237c0)
12-09 07:42:10.961 I/System.out( 5199): URI: //
12-09 07:42:10.961 I/System.out( 5199): params: {json={"command":"set_selection","arguments":[-1,-1]}
12-09 07:42:10.961 I/System.out( 5199): }
12-09 07:42:10.961 I/System.out( 5199): header: {date=Sun, 09 Dec 2018 07:42:11 GMT, accept=*/*, content-length=47, host=127.0.0.1:34777, user-agent=HTTPClient/1.0 (2.8.3, ruby 2.3.1 (2016-04-26)), content-type=application/json;charset=utf-8}
12-09 07:42:10.961 I/System.out( 5199): params: {json={"command":"set_selection","arguments":[-1,-1]}
12-09 07:42:10.961 I/System.out( 5199): }
12-09 07:42:10.961 I/System.out( 5199): ProP json = {"command":"set_selection","arguments":[-1,-1]}
12-09 07:42:10.961 I/System.out( 5199): files: {}
12-09 07:42:10.961 I/System.out( 5199): command: {"command":"set_selection","arguments":[-1,-1]}
12-09 07:42:10.963 I/InstrumentationBackend( 5199): Got command:'Command:'Line:null,set_selection', arguments:'[-1, -1]'
12-09 07:42:11.034 I/System.out( 5199): result:{"bonusInformation":[],"message":"","success":true}
12-09 07:42:11.201 I/System.out( 5199): URI: //
12-09 07:42:11.201 I/System.out( 5199): params: {json={"command":"keyboard_enter_text","arguments":["98879898249712372391"]}
12-09 07:42:11.201 I/System.out( 5199): }
12-09 07:42:11.201 I/System.out( 5199): header: {date=Sun, 09 Dec 2018 07:42:11 GMT, accept=*/*, content-length=70, host=127.0.0.1:34777, user-agent=HTTPClient/1.0 (2.8.3, ruby 2.3.1 (2016-04-26)), content-type=application/json;charset=utf-8}
12-09 07:42:11.201 I/System.out( 5199): params: {json={"command":"keyboard_enter_text","arguments":["98879898249712372391"]}
12-09 07:42:11.201 I/System.out( 5199): }
12-09 07:42:11.201 I/System.out( 5199): ProP json = {"command":"keyboard_enter_text","arguments":["98879898249712372391"]}
12-09 07:42:11.201 I/System.out( 5199): files: {}
12-09 07:42:11.201 I/System.out( 5199): command: {"command":"keyboard_enter_text","arguments":["98879898249712372391"]}
12-09 07:42:11.202 I/InstrumentationBackend( 5199): Got command:'Command:'Line:null,keyboard_enter_text', arguments:'[98879898249712372391]'
12-09 07:42:11.203 E/SpannableStringBuilder( 5199): SPAN_EXCLUSIVE_EXCLUSIVE spans cannot have a zero length
12-09 07:42:11.203 E/SpannableStringBuilder( 5199): SPAN_EXCLUSIVE_EXCLUSIVE spans cannot have a zero length
12-09 07:42:11.646 E/SpannableStringBuilder( 5199): SPAN_EXCLUSIVE_EXCLUSIVE spans cannot have a zero length
12-09 07:42:11.646 E/SpannableStringBuilder( 5199): SPAN_EXCLUSIVE_EXCLUSIVE spans cannot have a zero length
12-09 07:42:11.661 I/System.out( 5199): result:{"bonusInformation":[],"message":"","success":true}
12-09 07:42:12.379 E/SurfaceFlinger( 1218): ro.sf.lcd_density must be defined as a build property
12-09 07:42:12.380 D/gralloc_ranchu( 1218): gralloc_alloc: Creating ashmem region of size 3686400
12-09 07:42:12.765 D/        ( 5231): HostConnection::get() New Host Connection established 0x7f57472d2480, tid 5231
12-09 07:42:12.813 E/EGL_emulation( 1218): tid 1218: eglCreateSyncKHR(1881): error 0x3004 (EGL_BAD_ATTRIBUTE)
12-09 07:42:13.754 I/System.out( 5199): URI: //map
12-09 07:42:13.754 I/System.out( 5199): params: {json={"query":"android.widget.EditText id:'volume'","operation":{"method_name":"query","arguments":[]}}
12-09 07:42:13.754 I/System.out( 5199): }
12-09 07:42:13.771 W/ResourceType( 5199): No package identifier when getting name for resource number 0x00000001
12-09 07:42:13.945 I/System.out( 5199): URI: //gesture
12-09 07:42:13.945 I/System.out( 5199): params: {json={"query_timeout":5.0,"gestures":[{"query_string":"android.widget.EditText id:'volume'","touches":[{"x":50,"y":50,"offset_x":0,"offset_y":0,"wait":0.0,"time":0.2,"release":true,"query_string":null}]}]}
12-09 07:42:13.945 I/System.out( 5199): }
12-09 07:42:13.975 W/ResourceType( 5199): No package identifier when getting name for resource number 0x00000001
12-09 07:42:14.461 I/LatinIME( 1884): Starting input. Cursor position = 0,0
12-09 07:42:14.559 I/art     ( 5199): Background sticky concurrent mark sweep GC freed 44889(2043KB) AllocSpace objects, 2(40KB) LOS objects, 21% free, 2MB/3MB, paused 1.417ms total 123.192ms
12-09 07:42:14.940 I/art     ( 1884): Background sticky concurrent mark sweep GC freed 2389(260KB) AllocSpace objects, 2(56KB) LOS objects, 20% free, 2MB/2MB, paused 1.199ms total 150.532ms
12-09 07:42:14.966 I/Choreographer( 1884): Skipped 34 frames!  The application may be doing too much work on its main thread.
12-09 07:42:15.094 I/System.out( 5199): URI: //
12-09 07:42:15.094 I/System.out( 5199): params: {json={"command":"set_selection","arguments":[-1,-1]}
12-09 07:42:15.094 I/System.out( 5199): }
12-09 07:42:15.094 I/System.out( 5199): header: {date=Sun, 09 Dec 2018 07:42:15 GMT, accept=*/*, content-length=47, host=127.0.0.1:34777, user-agent=HTTPClient/1.0 (2.8.3, ruby 2.3.1 (2016-04-26)), content-type=application/json;charset=utf-8}
12-09 07:42:15.094 I/System.out( 5199): params: {json={"command":"set_selection","arguments":[-1,-1]}
12-09 07:42:15.094 I/System.out( 5199): }
12-09 07:42:15.094 I/System.out( 5199): ProP json = {"command":"set_selection","arguments":[-1,-1]}
12-09 07:42:15.094 I/System.out( 5199): files: {}
12-09 07:42:15.094 I/System.out( 5199): command: {"command":"set_selection","arguments":[-1,-1]}
12-09 07:42:15.095 I/InstrumentationBackend( 5199): Got command:'Command:'Line:null,set_selection', arguments:'[-1, -1]'
12-09 07:42:15.113 I/System.out( 5199): result:{"bonusInformation":[],"message":"","success":true}
12-09 07:42:15.270 I/System.out( 5199): URI: //
12-09 07:42:15.270 I/System.out( 5199): params: {json={"command":"keyboard_enter_text","arguments":["98879891284721092831"]}
12-09 07:42:15.270 I/System.out( 5199): }
12-09 07:42:15.270 I/System.out( 5199): header: {date=Sun, 09 Dec 2018 07:42:15 GMT, accept=*/*, content-length=70, host=127.0.0.1:34777, user-agent=HTTPClient/1.0 (2.8.3, ruby 2.3.1 (2016-04-26)), content-type=application/json;charset=utf-8}
12-09 07:42:15.270 I/System.out( 5199): params: {json={"command":"keyboard_enter_text","arguments":["98879891284721092831"]}
12-09 07:42:15.270 I/System.out( 5199): }
12-09 07:42:15.270 I/System.out( 5199): ProP json = {"command":"keyboard_enter_text","arguments":["98879891284721092831"]}
12-09 07:42:15.270 I/System.out( 5199): files: {}
12-09 07:42:15.270 I/System.out( 5199): command: {"command":"keyboard_enter_text","arguments":["98879891284721092831"]}
12-09 07:42:15.271 I/InstrumentationBackend( 5199): Got command:'Command:'Line:null,keyboard_enter_text', arguments:'[98879891284721092831]'
12-09 07:42:15.272 E/SpannableStringBuilder( 5199): SPAN_EXCLUSIVE_EXCLUSIVE spans cannot have a zero length
12-09 07:42:15.272 E/SpannableStringBuilder( 5199): SPAN_EXCLUSIVE_EXCLUSIVE spans cannot have a zero length
12-09 07:42:15.348 E/SpannableStringBuilder( 5199): SPAN_EXCLUSIVE_EXCLUSIVE spans cannot have a zero length
12-09 07:42:15.349 E/SpannableStringBuilder( 5199): SPAN_EXCLUSIVE_EXCLUSIVE spans cannot have a zero length
12-09 07:42:15.375 I/System.out( 5199): result:{"bonusInformation":[],"message":"","success":true}
12-09 07:42:16.009 E/SurfaceFlinger( 1218): ro.sf.lcd_density must be defined as a build property
12-09 07:42:16.129 D/gralloc_ranchu( 1218): gralloc_alloc: Creating ashmem region of size 3686400
12-09 07:42:16.144 D/        ( 5241): HostConnection::get() New Host Connection established 0x7f72f6f12480, tid 5241
12-09 07:42:16.160 E/EGL_emulation( 1218): tid 1218: eglCreateSyncKHR(1881): error 0x3004 (EGL_BAD_ATTRIBUTE)
12-09 07:42:17.198 I/System.out( 5199): URI: //map
12-09 07:42:17.198 I/System.out( 5199): params: {json={"query":"android.widget.EditText id:'odometer'","operation":{"method_name":"query","arguments":[]}}
12-09 07:42:17.198 I/System.out( 5199): }
12-09 07:42:17.220 W/art     ( 5199): Suspending all threads took: 10.795ms
12-09 07:42:17.230 W/ResourceType( 5199): No package identifier when getting name for resource number 0x00000001
12-09 07:42:17.249 I/art     ( 5199): Background sticky concurrent mark sweep GC freed 26083(1182KB) AllocSpace objects, 5(100KB) LOS objects, 0% free, 3MB/3MB, paused 12.324ms total 59.630ms
12-09 07:42:17.555 I/System.out( 5199): URI: //gesture
12-09 07:42:17.555 I/System.out( 5199): params: {json={"query_timeout":5.0,"gestures":[{"query_string":"android.widget.EditText id:'odometer'","touches":[{"x":50,"y":50,"offset_x":0,"offset_y":0,"wait":0.0,"time":0.2,"release":true,"query_string":null}]}]}
12-09 07:42:17.555 I/System.out( 5199): }
12-09 07:42:17.584 I/art     ( 5199): Background partial concurrent mark sweep GC freed 36923(1953KB) AllocSpace objects, 8(160KB) LOS objects, 40% free, 2MB/4MB, paused 1.153ms total 331.886ms
12-09 07:42:17.585 W/ResourceType( 5199): No package identifier when getting name for resource number 0x00000001
12-09 07:42:18.162 I/LatinIME( 1884): Starting input. Cursor position = 0,0
12-09 07:42:18.833 I/System.out( 5199): URI: //
12-09 07:42:18.836 I/System.out( 5199): params: {json={"command":"set_selection","arguments":[-1,-1]}
12-09 07:42:18.836 I/System.out( 5199): }
12-09 07:42:18.836 I/System.out( 5199): header: {date=Sun, 09 Dec 2018 07:42:18 GMT, accept=*/*, content-length=47, host=127.0.0.1:34777, user-agent=HTTPClient/1.0 (2.8.3, ruby 2.3.1 (2016-04-26)), content-type=application/json;charset=utf-8}
12-09 07:42:18.837 I/System.out( 5199): params: {json={"command":"set_selection","arguments":[-1,-1]}
12-09 07:42:18.837 I/System.out( 5199): }
12-09 07:42:18.837 I/System.out( 5199): ProP json = {"command":"set_selection","arguments":[-1,-1]}
12-09 07:42:18.837 I/System.out( 5199): files: {}
12-09 07:42:18.837 I/System.out( 5199): command: {"command":"set_selection","arguments":[-1,-1]}
12-09 07:42:18.838 I/InstrumentationBackend( 5199): Got command:'Command:'Line:null,set_selection', arguments:'[-1, -1]'
12-09 07:42:18.872 I/System.out( 5199): result:{"bonusInformation":[],"message":"","success":true}
12-09 07:42:19.023 I/System.out( 5199): URI: //
12-09 07:42:19.023 I/System.out( 5199): params: {json={"command":"keyboard_enter_text","arguments":["74394723984721092831"]}
12-09 07:42:19.023 I/System.out( 5199): }
12-09 07:42:19.023 I/System.out( 5199): header: {date=Sun, 09 Dec 2018 07:42:19 GMT, accept=*/*, content-length=70, host=127.0.0.1:34777, user-agent=HTTPClient/1.0 (2.8.3, ruby 2.3.1 (2016-04-26)), content-type=application/json;charset=utf-8}
12-09 07:42:19.023 I/System.out( 5199): params: {json={"command":"keyboard_enter_text","arguments":["74394723984721092831"]}
12-09 07:42:19.023 I/System.out( 5199): }
12-09 07:42:19.023 I/System.out( 5199): ProP json = {"command":"keyboard_enter_text","arguments":["74394723984721092831"]}
12-09 07:42:19.024 I/System.out( 5199): files: {}
12-09 07:42:19.024 I/System.out( 5199): command: {"command":"keyboard_enter_text","arguments":["74394723984721092831"]}
12-09 07:42:19.025 I/InstrumentationBackend( 5199): Got command:'Command:'Line:null,keyboard_enter_text', arguments:'[74394723984721092831]'
12-09 07:42:19.025 E/SpannableStringBuilder( 5199): SPAN_EXCLUSIVE_EXCLUSIVE spans cannot have a zero length
12-09 07:42:19.025 E/SpannableStringBuilder( 5199): SPAN_EXCLUSIVE_EXCLUSIVE spans cannot have a zero length
12-09 07:42:19.084 E/SpannableStringBuilder( 5199): SPAN_EXCLUSIVE_EXCLUSIVE spans cannot have a zero length
12-09 07:42:19.084 E/SpannableStringBuilder( 5199): SPAN_EXCLUSIVE_EXCLUSIVE spans cannot have a zero length
12-09 07:42:19.099 I/System.out( 5199): result:{"bonusInformation":[],"message":"","success":true}
12-09 07:42:19.655 E/SurfaceFlinger( 1218): ro.sf.lcd_density must be defined as a build property
12-09 07:42:19.664 D/gralloc_ranchu( 1218): gralloc_alloc: Creating ashmem region of size 3686400
12-09 07:42:19.691 D/        ( 5251): HostConnection::get() New Host Connection established 0x7f2de0352480, tid 5251
12-09 07:42:19.725 E/EGL_emulation( 1218): tid 1218: eglCreateSyncKHR(1881): error 0x3004 (EGL_BAD_ATTRIBUTE)
12-09 07:42:21.825 I/System.out( 5199): URI: //map
12-09 07:42:21.825 I/System.out( 5199): params: {json={"query":"android.widget.Button index:2","operation":{"method_name":"query","arguments":[]}}
12-09 07:42:21.825 I/System.out( 5199): }
12-09 07:42:21.987 I/System.out( 5199): URI: //gesture
12-09 07:42:21.987 I/System.out( 5199): params: {json={"query_timeout":5.0,"gestures":[{"query_string":"android.widget.Button index:2","touches":[{"x":50,"y":50,"offset_x":0,"offset_y":0,"wait":0.0,"time":0.2,"release":true,"query_string":null}]}]}
12-09 07:42:21.987 I/System.out( 5199): }
12-09 07:42:22.101 I/art     ( 5199): Background sticky concurrent mark sweep GC freed 75195(3MB) AllocSpace objects, 9(180KB) LOS objects, 36% free, 2MB/4MB, paused 1.114ms total 198.516ms
12-09 07:42:22.512 D/AudioFlinger( 1307): mixer(0xf4300000) throttle end: throttle time(22)
12-09 07:42:22.518 W/audio_hw_generic( 1307): Hardware backing HAL too slow, could only write 0 of 661 frames
12-09 07:42:22.531 I/art     ( 5199): Background sticky concurrent mark sweep GC freed 49731(2MB) AllocSpace objects, 1(20KB) LOS objects, 44% free, 2MB/4MB, paused 10.392ms total 95.978ms
12-09 07:42:22.540 W/audio_hw_generic( 1307): Hardware backing HAL too slow, could only write 0 of 661 frames
12-09 07:42:22.610 W/audio_hw_generic( 1307): Hardware backing HAL too slow, could only write 0 of 661 frames
12-09 07:42:22.630 W/audio_hw_generic( 1307): Hardware backing HAL too slow, could only write 0 of 661 frames
12-09 07:42:22.665 W/audio_hw_generic( 1307): Hardware backing HAL too slow, could only write 0 of 661 frames
12-09 07:42:22.785 W/audio_hw_generic( 1307): Hardware backing HAL too slow, could only write 0 of 661 frames
12-09 07:42:22.785 W/audio_hw_generic( 1307): Hardware backing HAL too slow, could only write 0 of 661 frames
12-09 07:42:22.824 W/audio_hw_generic( 1307): Hardware backing HAL too slow, could only write 0 of 661 frames
12-09 07:42:22.831 W/audio_hw_generic( 1307): Hardware backing HAL too slow, could only write 0 of 661 frames
12-09 07:42:22.848 W/audio_hw_generic( 1307): Hardware backing HAL too slow, could only write 0 of 661 frames
12-09 07:42:22.860 W/audio_hw_generic( 1307): Hardware backing HAL too slow, could only write 0 of 661 frames
12-09 07:42:22.880 W/audio_hw_generic( 1307): Hardware backing HAL too slow, could only write 0 of 661 frames
12-09 07:42:22.927 I/calabash( 5199): newActivity1
12-09 07:42:22.928 W/ActivityManager( 1592): Bad activity token: android.os.BinderProxy@f32390d
12-09 07:42:22.928 W/ActivityManager( 1592): java.lang.ClassCastException: android.os.BinderProxy cannot be cast to com.android.server.am.ActivityRecord$Token
12-09 07:42:22.928 W/ActivityManager( 1592): 	at com.android.server.am.ActivityRecord.forTokenLocked(ActivityRecord.java:424)
12-09 07:42:22.928 W/ActivityManager( 1592): 	at com.android.server.am.ActivityRecord.isInStackLocked(ActivityRecord.java:1121)
12-09 07:42:22.928 W/ActivityManager( 1592): 	at com.android.server.am.ActivityRecord.getStackLocked(ActivityRecord.java:1126)
12-09 07:42:22.928 W/ActivityManager( 1592): 	at com.android.server.am.ActivityManagerService.getActivityDisplayId(ActivityManagerService.java:8889)
12-09 07:42:22.928 W/ActivityManager( 1592): 	at android.app.ActivityManagerNative.onTransact(ActivityManagerNative.java:2338)
12-09 07:42:22.928 W/ActivityManager( 1592): 	at com.android.server.am.ActivityManagerService.onTransact(ActivityManagerService.java:2443)
12-09 07:42:22.928 W/ActivityManager( 1592): 	at android.os.Binder.execTransact(Binder.java:453)
12-09 07:42:22.930 W/ActivityManager( 1592): Bad activity token: android.os.BinderProxy@f32390d
12-09 07:42:22.930 W/ActivityManager( 1592): java.lang.ClassCastException: android.os.BinderProxy cannot be cast to com.android.server.am.ActivityRecord$Token
12-09 07:42:22.930 W/ActivityManager( 1592): 	at com.android.server.am.ActivityRecord.forTokenLocked(ActivityRecord.java:424)
12-09 07:42:22.930 W/ActivityManager( 1592): 	at com.android.server.am.ActivityRecord.isInStackLocked(ActivityRecord.java:1121)
12-09 07:42:22.930 W/ActivityManager( 1592): 	at com.android.server.am.ActivityManagerService.setTaskDescription(ActivityManagerService.java:8547)
12-09 07:42:22.930 W/ActivityManager( 1592): 	at android.app.ActivityManagerNative.onTransact(ActivityManagerNative.java:2410)
12-09 07:42:22.930 W/ActivityManager( 1592): 	at com.android.server.am.ActivityManagerService.onTransact(ActivityManagerService.java:2443)
12-09 07:42:22.930 W/ActivityManager( 1592): 	at android.os.Binder.execTransact(Binder.java:453)
12-09 07:42:22.968 W/ActivityManager( 1592): Bad activity token: android.os.BinderProxy@f32390d
12-09 07:42:22.968 W/ActivityManager( 1592): java.lang.ClassCastException: android.os.BinderProxy cannot be cast to com.android.server.am.ActivityRecord$Token
12-09 07:42:22.968 W/ActivityManager( 1592): 	at com.android.server.am.ActivityRecord.forTokenLocked(ActivityRecord.java:424)
12-09 07:42:22.968 W/ActivityManager( 1592): 	at com.android.server.am.ActivityRecord.isInStackLocked(ActivityRecord.java:1121)
12-09 07:42:22.968 W/ActivityManager( 1592): 	at com.android.server.am.ActivityManagerService.getActivityOptions(ActivityManagerService.java:11038)
12-09 07:42:22.968 W/ActivityManager( 1592): 	at android.app.ActivityManagerNative.onTransact(ActivityManagerNative.java:1734)
12-09 07:42:22.968 W/ActivityManager( 1592): 	at com.android.server.am.ActivityManagerService.onTransact(ActivityManagerService.java:2443)
12-09 07:42:22.968 W/ActivityManager( 1592): 	at android.os.Binder.execTransact(Binder.java:453)
12-09 07:42:22.970 W/ActivityManager( 1592): Bad activity token: android.os.BinderProxy@f32390d
12-09 07:42:22.970 W/ActivityManager( 1592): java.lang.ClassCastException: android.os.BinderProxy cannot be cast to com.android.server.am.ActivityRecord$Token
12-09 07:42:22.970 W/ActivityManager( 1592): 	at com.android.server.am.ActivityRecord.forTokenLocked(ActivityRecord.java:424)
12-09 07:42:22.970 W/ActivityManager( 1592): 	at com.android.server.am.ActivityRecord.isInStackLocked(ActivityRecord.java:1121)
12-09 07:42:22.970 W/ActivityManager( 1592): 	at com.android.server.am.ActivityManagerService.getActivityOptions(ActivityManagerService.java:11038)
12-09 07:42:22.970 W/ActivityManager( 1592): 	at android.app.ActivityManagerNative.onTransact(ActivityManagerNative.java:1734)
12-09 07:42:22.970 W/ActivityManager( 1592): 	at com.android.server.am.ActivityManagerService.onTransact(ActivityManagerService.java:2443)
12-09 07:42:22.970 W/ActivityManager( 1592): 	at android.os.Binder.execTransact(Binder.java:453)
12-09 07:42:23.002 E/SurfaceFlinger( 1218): ro.sf.lcd_density must be defined as a build property
12-09 07:42:23.003 D/gralloc_ranchu( 1218): gralloc_alloc: Creating ashmem region of size 3686400
12-09 07:42:23.008 I/LatinIME( 1884): Starting input. Cursor position = -1,-1
12-09 07:42:23.028 I/Choreographer( 5199): Skipped 36 frames!  The application may be doing too much work on its main thread.
12-09 07:42:23.089 W/audio_hw_generic( 1307): Not supplying enough data to HAL, expected position 5352854 , only wrote 5352117
12-09 07:42:23.089 W/audio_hw_generic( 1307): Not supplying enough data to HAL, expected position 5352125 , only wrote 5352117
12-09 07:42:23.090 D/        ( 5257): HostConnection::get() New Host Connection established 0x7fa376d12480, tid 5257
12-09 07:42:23.115 W/audio_hw_generic( 1307): Not supplying enough data to HAL, expected position 5353250 , only wrote 5352778
12-09 07:42:23.182 E/EGL_emulation( 1218): tid 1218: eglCreateSyncKHR(1881): error 0x3004 (EGL_BAD_ATTRIBUTE)
12-09 07:42:23.242 W/audio_hw_generic( 1307): Not supplying enough data to HAL, expected position 5358413 , only wrote 5358066
12-09 07:42:23.242 W/audio_hw_generic( 1307): Not supplying enough data to HAL, expected position 5358074 , only wrote 5358066
12-09 07:42:23.253 D/Mileage ( 5199): Recalculating
12-09 07:42:23.300 W/audio_hw_generic( 1307): Not supplying enough data to HAL, expected position 5360611 , only wrote 5358727
12-09 07:42:23.378 D/Mileage.ABS( 5199): Finished backup
12-09 07:42:23.384 D/Mileage.ABS( 5199): Not backing up; 151
12-09 07:42:23.387 D/Mileage.ABS( 5199): Not backing up; 153
12-09 07:42:23.488 W/audio_hw_generic( 1307): Not supplying enough data to HAL, expected position 5366996 , only wrote 5366659
12-09 07:42:23.488 W/audio_hw_generic( 1307): Not supplying enough data to HAL, expected position 5366666 , only wrote 5366659
12-09 07:42:23.695 D/Mileage.ABS( 5199): Not backing up; 462
12-09 07:42:23.702 D/FillupAdapter( 5199): Average economy: 0.7523746539172881
12-09 07:42:23.919 I/InputAttributes( 1884): InputType.TYPE_NULL is specified
12-09 07:42:24.003 I/Choreographer( 1884): Skipped 60 frames!  The application may be doing too much work on its main thread.
12-09 07:42:24.081 D/EGL_emulation( 1884): eglMakeCurrent: 0x7f1b08138e20: ver 2 0 (tinfo 0x7f1b040237c0)
12-09 07:42:24.086 E/Surface ( 1884): getSlotFromBufferLocked: unknown buffer: 0x7f1afb5b7640
12-09 07:42:24.120 W/audio_hw_generic( 1307): Not supplying enough data to HAL, expected position 5394555 , only wrote 5394421
12-09 07:42:24.121 W/audio_hw_generic( 1307): Not supplying enough data to HAL, expected position 5394428 , only wrote 5394421
12-09 07:42:24.137 W/audio_hw_generic( 1307): Not supplying enough data to HAL, expected position 5395159 , only wrote 5395082
12-09 07:42:24.232 W/audio_hw_generic( 1307): Not supplying enough data to HAL, expected position 5399275 , only wrote 5399048
12-09 07:42:24.315 W/audio_hw_generic( 1307): Not supplying enough data to HAL, expected position 5402705 , only wrote 5402353
12-09 07:42:24.316 W/audio_hw_generic( 1307): Not supplying enough data to HAL, expected position 5402361 , only wrote 5402353
12-09 07:42:24.316 W/audio_hw_generic( 1307): Hardware backing HAL too slow, could only write 0 of 661 frames
12-09 07:42:24.332 W/audio_hw_generic( 1307): Not supplying enough data to HAL, expected position 5403089 , only wrote 5403014
12-09 07:42:24.354 I/System.out( 5199): URI: //gesture
12-09 07:42:24.354 I/System.out( 5199): params: {json={"query_timeout":5.0,"gestures":[{"query_string":"android.widget.TabWidget descendant TextView index:0","touches":[{"x":50,"y":50,"offset_x":0,"offset_y":0,"wait":0.0,"time":0.2,"release":true,"query_string":null}]}]}
12-09 07:42:24.354 I/System.out( 5199): }
12-09 07:42:24.556 W/audio_hw_generic( 1307): Hardware backing HAL too slow, could only write 0 of 661 frames
12-09 07:42:24.557 W/audio_hw_generic( 1307): Not supplying enough data to HAL, expected position 5412903 , only wrote 5407641
12-09 07:42:24.557 W/audio_hw_generic( 1307): Not supplying enough data to HAL, expected position 5407647 , only wrote 5407641
12-09 07:42:24.767 W/audio_hw_generic( 1307): Not supplying enough data to HAL, expected position 5416924 , only wrote 5408302
12-09 07:42:24.830 W/audio_hw_generic( 1307): Not supplying enough data to HAL, expected position 5411087 , only wrote 5409624
12-09 07:42:24.921 W/audio_hw_generic( 1307): Not supplying enough data to HAL, expected position 5413600 , only wrote 5413590
12-09 07:42:24.968 W/audio_hw_generic( 1307): Hardware backing HAL too slow, could only write 0 of 661 frames
12-09 07:42:24.968 W/audio_hw_generic( 1307): Hardware backing HAL too slow, could only write 0 of 661 frames
12-09 07:42:24.983 W/audio_hw_generic( 1307): Hardware backing HAL too slow, could only write 0 of 661 frames
12-09 07:42:25.000 W/audio_hw_generic( 1307): Hardware backing HAL too slow, could only write 0 of 661 frames
12-09 07:42:25.121 W/audio_hw_generic( 1307): Not supplying enough data to HAL, expected position 5422421 , only wrote 5421522
12-09 07:42:25.121 W/audio_hw_generic( 1307): Not supplying enough data to HAL, expected position 5421529 , only wrote 5421522
12-09 07:42:25.190 W/audio_hw_generic( 1307): Hardware backing HAL too slow, could only write 0 of 661 frames
12-09 07:42:25.207 W/audio_hw_generic( 1307): Hardware backing HAL too slow, could only write 0 of 661 frames
12-09 07:42:25.256 W/audio_hw_generic( 1307): Hardware backing HAL too slow, could only write 0 of 661 frames
12-09 07:42:25.256 W/audio_hw_generic( 1307): Not supplying enough data to HAL, expected position 5427494 , only wrote 5426810
12-09 07:42:25.257 W/audio_hw_generic( 1307): Not supplying enough data to HAL, expected position 5426816 , only wrote 5426810
12-09 07:42:25.272 W/audio_hw_generic( 1307): Not supplying enough data to HAL, expected position 5427505 , only wrote 5427471
12-09 07:42:25.272 W/audio_hw_generic( 1307): Hardware backing HAL too slow, could only write 0 of 661 frames
12-09 07:42:25.273 W/audio_hw_generic( 1307): Hardware backing HAL too slow, could only write 0 of 661 frames
12-09 07:42:25.300 W/audio_hw_generic( 1307): Hardware backing HAL too slow, could only write 0 of 661 frames
12-09 07:42:25.316 W/audio_hw_generic( 1307): Hardware backing HAL too slow, could only write 0 of 661 frames
12-09 07:42:25.331 W/audio_hw_generic( 1307): Hardware backing HAL too slow, could only write 0 of 661 frames
12-09 07:42:25.373 W/audio_hw_generic( 1307): Not supplying enough data to HAL, expected position 5431891 , only wrote 5431437
12-09 07:42:25.393 D/AudioFlinger( 1307): mixer(0xf4300000) throttle end: throttle time(11)
12-09 07:42:25.408 W/audio_hw_generic( 1307): Hardware backing HAL too slow, could only write 0 of 661 frames
12-09 07:42:25.424 W/audio_hw_generic( 1307): Hardware backing HAL too slow, could only write 0 of 661 frames
12-09 07:42:25.425 D/AudioFlinger( 1307): mixer(0xf4300000) throttle end: throttle time(3)
12-09 07:42:25.622 W/audio_hw_generic( 1307): Not supplying enough data to HAL, expected position 5442417 , only wrote 5442013
12-09 07:42:25.622 W/audio_hw_generic( 1307): Not supplying enough data to HAL, expected position 5442023 , only wrote 5442013
12-09 07:42:25.904 W/audio_hw_generic( 1307): Not supplying enough data to HAL, expected position 5454461 , only wrote 5453250
12-09 07:42:26.021 W/audio_hw_generic( 1307): Not supplying enough data to HAL, expected position 5458396 , only wrote 5457216
12-09 07:42:26.021 W/audio_hw_generic( 1307): Not supplying enough data to HAL, expected position 5457223 , only wrote 5457216
12-09 07:42:26.041 W/audio_hw_generic( 1307): Not supplying enough data to HAL, expected position 5458105 , only wrote 5457877
12-09 07:42:26.134 W/audio_hw_generic( 1307): Not supplying enough data to HAL, expected position 5461992 , only wrote 5461182
12-09 07:42:26.395 W/audio_hw_generic( 1307): Hardware backing HAL too slow, could only write 0 of 661 frames
12-09 07:42:26.412 W/audio_hw_generic( 1307): Hardware backing HAL too slow, could only write 0 of 661 frames
12-09 07:42:26.428 W/audio_hw_generic( 1307): Hardware backing HAL too slow, could only write 0 of 661 frames
12-09 07:42:26.444 W/audio_hw_generic( 1307): Hardware backing HAL too slow, could only write 0 of 661 frames
12-09 07:42:26.447 I/System.out( 5199): URI: //map
12-09 07:42:26.448 I/System.out( 5199): params: {json={"query":"android.widget.EditText id:'price'","operation":{"method_name":"query","arguments":[]}}
12-09 07:42:26.448 I/System.out( 5199): }
12-09 07:42:26.473 W/audio_hw_generic( 1307): Hardware backing HAL too slow, could only write 0 of 661 frames
12-09 07:42:26.488 W/audio_hw_generic( 1307): Hardware backing HAL too slow, could only write 0 of 661 frames
12-09 07:42:26.503 W/audio_hw_generic( 1307): Hardware backing HAL too slow, could only write 0 of 661 frames
12-09 07:42:26.600 W/audio_hw_generic( 1307): Not supplying enough data to HAL, expected position 5481724 , only wrote 5481673
12-09 07:42:26.600 W/audio_hw_generic( 1307): Not supplying enough data to HAL, expected position 5481680 , only wrote 5481673
