--------- beginning of main
12-09 08:39:25.198 D/gralloc_ranchu( 1218): gralloc_alloc: Creating ashmem region of size 708608
12-09 08:39:25.253 E/EGL_emulation( 1218): tid 1218: eglCreateSyncKHR(1881): error 0x3004 (EGL_BAD_ATTRIBUTE)
--------- beginning of system
12-09 08:39:25.547 W/ActivityManager( 1591): Finishing task with all activities already finished
12-09 08:39:25.547 W/ActivityManager( 1591): Duplicate finish request for ActivityRecord{1e4fb45 u0 com.evancharlton.mileage/.Mileage t494 f}
12-09 08:39:25.547 W/ActivityManager( 1591): Finishing task with all activities already finished
12-09 08:39:25.547 W/ActivityManager( 1591): Duplicate finish request for ActivityRecord{1e4fb45 u0 com.evancharlton.mileage/.Mileage t494 f}
12-09 08:39:25.547 W/ActivityManager( 1591): Finishing task with all activities already finished
12-09 08:39:25.547 W/ActivityManager( 1591): Duplicate finish request for ActivityRecord{1e4fb45 u0 com.evancharlton.mileage/.Mileage t494 f}
12-09 08:39:25.608 I/art     ( 1591): Background partial concurrent mark sweep GC freed 9759(708KB) AllocSpace objects, 6(116KB) LOS objects, 29% free, 9MB/13MB, paused 1.516ms total 153.232ms
12-09 08:39:25.859 D/EGL_emulation( 1926): eglMakeCurrent: 0x7fd755f34b40: ver 2 0 (tinfo 0x7fd755f02920)
12-09 08:39:26.113 D/AndroidRuntime(20743): >>>>>> START com.android.internal.os.RuntimeInit uid 0 <<<<<<
12-09 08:39:26.115 D/AndroidRuntime(20743): CheckJNI is ON
12-09 08:39:26.142 D/ICU     (20743): No timezone override file found: /data/misc/zoneinfo/current/icu/icu_tzdata.dat
12-09 08:39:26.267 E/memtrack(20743): Couldn't load memtrack module (No such file or directory)
12-09 08:39:26.267 E/android.os.Debug(20743): failed to load memtrack module: -2
12-09 08:39:26.277 I/Radio-JNI(20743): register_android_hardware_Radio DONE
12-09 08:39:26.314 D/AndroidRuntime(20743): Calling main entry com.android.commands.am.Am
12-09 08:39:26.342 I/ActivityManager( 1591): Force stopping com.evancharlton.mileage appid=10143 user=0: start instr
12-09 08:39:26.342 I/ActivityManager( 1591): Killing 20679:com.evancharlton.mileage/u0a143 (adj 0): stop com.evancharlton.mileage
12-09 08:39:26.466 W/ActivityManager( 1591): Crash of app com.evancharlton.mileage running instrumentation ComponentInfo{com.evancharlton.mileage.test/sh.calaba.instrumentationbackend.CalabashInstrumentationTestRunner}
12-09 08:39:26.466 I/ActivityManager( 1591): Force stopping com.evancharlton.mileage appid=10143 user=0: finished inst
12-09 08:39:26.676 W/art     ( 1591): Long monitor contention event with owner method=void com.android.server.wm.WindowAnimator$1.doFrame(long) from WindowAnimator.java:121 waiters=2 for 208ms
12-09 08:39:27.743 W/SurfaceFlinger( 1218): Timed out waiting for hw vsync; faking it
12-09 08:39:27.801 W/art     ( 1591): Long monitor contention event with owner method=void com.android.server.wm.WindowAnimator$1.doFrame(long) from WindowAnimator.java:121 waiters=2 for 1.192s
12-09 08:39:27.841 W/art     ( 1591): Long monitor contention event with owner method=void com.android.server.wm.WindowAnimator$1.doFrame(long) from WindowAnimator.java:121 waiters=2 for 1.165s
12-09 08:39:27.843 W/art     ( 1591): Long monitor contention event with owner method=void com.android.server.wm.WindowAnimator$1.doFrame(long) from WindowAnimator.java:121 waiters=2 for 1.100s
12-09 08:39:27.843 I/WindowState( 1591): WIN DEATH: Window{cbf29f u0 com.evancharlton.mileage/com.evancharlton.mileage.Mileage EXITING}
12-09 08:39:28.393 W/SurfaceFlinger( 1218): Timed out waiting for hw vsync; faking it
12-09 08:39:28.394 I/ActivityManager( 1591): Start proc 20752:com.evancharlton.mileage/u0a143 for added application com.evancharlton.mileage
12-09 08:39:28.395 W/art     ( 1591): Long monitor contention event with owner method=boolean com.android.server.am.ActivityManagerService.startInstrumentation(android.content.ComponentName, java.lang.String, int, android.os.Bundle, android.app.IInstrumentationWatcher, android.app.IUiAutomationConnection, int, java.lang.String) from ActivityManagerService.java:17066 waiters=0 for 2.026s
12-09 08:39:28.395 W/art     ( 1591): Long monitor contention event with owner method=boolean com.android.server.am.ActivityManagerService.startInstrumentation(android.content.ComponentName, java.lang.String, int, android.os.Bundle, android.app.IInstrumentationWatcher, android.app.IUiAutomationConnection, int, java.lang.String) from ActivityManagerService.java:17066 waiters=1 for 1.814s
12-09 08:39:28.396 W/art     ( 1591): Long monitor contention event with owner method=boolean com.android.server.am.ActivityManagerService.startInstrumentation(android.content.ComponentName, java.lang.String, int, android.os.Bundle, android.app.IInstrumentationWatcher, android.app.IUiAutomationConnection, int, java.lang.String) from ActivityManagerService.java:17066 waiters=2 for 552ms
12-09 08:39:28.413 W/art     ( 1591): Long monitor contention event with owner method=boolean com.android.server.am.ActivityManagerService.startInstrumentation(android.content.ComponentName, java.lang.String, int, android.os.Bundle, android.app.IInstrumentationWatcher, android.app.IUiAutomationConnection, int, java.lang.String) from ActivityManagerService.java:17066 waiters=3 for 510ms
12-09 08:39:28.450 D/AndroidRuntime(20743): Shutting down VM
12-09 08:39:28.549 W/InputMethodManagerService( 1591): Got RemoteException sending setActive(false) notification to pid 20679 uid 10143
12-09 08:39:28.616 W/System  (20752): ClassLoader referenced unknown path: /data/app/com.evancharlton.mileage.test-1/lib/x86_64
12-09 08:39:28.616 W/System  (20752): ClassLoader referenced unknown path: /data/app/com.evancharlton.mileage-1/lib/x86_64
12-09 08:39:28.869 W/art     ( 1591): Long monitor contention event with owner method=void com.android.server.wm.WindowAnimator$1.doFrame(long) from WindowAnimator.java:121 waiters=1 for 218ms
12-09 08:39:29.106 W/art     ( 1591): Long monitor contention event with owner method=void com.android.server.wm.WindowAnimator$1.doFrame(long) from WindowAnimator.java:121 waiters=1 for 158ms
12-09 08:39:29.227 W/art     ( 1591): Long monitor contention event with owner method=void com.android.server.wm.WindowAnimator$1.doFrame(long) from WindowAnimator.java:121 waiters=1 for 196ms
12-09 08:39:29.718 W/art     ( 1591): Long monitor contention event with owner method=void com.android.server.wm.WindowAnimator$1.doFrame(long) from WindowAnimator.java:121 waiters=1 for 280ms
12-09 08:39:29.719 W/art     ( 1591): Long monitor contention event with owner method=com.android.internal.view.InputBindResult com.android.server.InputMethodManagerService.windowGainedFocus(com.android.internal.view.IInputMethodClient, android.os.IBinder, int, int, int, android.view.inputmethod.EditorInfo, com.android.internal.view.IInputContext) from InputMethodManagerService.java:2177 waiters=0 for 3.252s
12-09 08:39:29.720 I/Choreographer( 1926): Skipped 228 frames!  The application may be doing too much work on its main thread.
12-09 08:39:29.722 W/art     ( 1591): Long monitor contention event with owner method=java.util.List com.android.server.am.ActivityManagerService.getAllStackInfos() from ActivityManagerService.java:8937 waiters=1 for 1.091s
12-09 08:39:29.723 W/art     ( 1591): Long monitor contention event with owner method=java.util.List com.android.server.am.ActivityManagerService.getAllStackInfos() from ActivityManagerService.java:8937 waiters=2 for 827ms
12-09 08:39:29.729 W/art     ( 1591): Long monitor contention event with owner method=java.util.List com.android.server.am.ActivityManagerService.getAllStackInfos() from ActivityManagerService.java:8937 waiters=0 for 1.164s
12-09 08:39:29.730 W/art     ( 1591): Long monitor contention event with owner method=com.android.internal.view.InputBindResult com.android.server.InputMethodManagerService.windowGainedFocus(com.android.internal.view.IInputMethodClient, android.os.IBinder, int, int, int, android.view.inputmethod.EditorInfo, com.android.internal.view.IInputContext) from InputMethodManagerService.java:2177 waiters=1 for 1.885s
12-09 08:39:29.759 W/art     ( 1591): Long monitor contention event with owner method=java.util.List com.android.server.am.ActivityManagerService.getAllStackInfos() from ActivityManagerService.java:8937 waiters=3 for 590ms
12-09 08:39:29.785 I/System.out(20752): Main activity name automatically set to: com.evancharlton.mileage.Mileage
12-09 08:39:29.785 I/System.out(20752): Calabash did not load Mono. This is only a problem if you are trying to test a Mono application
12-09 08:39:29.785 I/calabash(20752): Test server port: 7102
12-09 08:39:29.787 I/InstrumentationBackend(20752): Added:'GetPreferences', with key:'get_preferences'
12-09 08:39:29.840 D/EGL_emulation( 1879): eglMakeCurrent: 0x7fd755f34960: ver 2 0 (tinfo 0x7fd755f02e00)
12-09 08:39:29.845 E/Surface ( 1879): getSlotFromBufferLocked: unknown buffer: 0x7fd7523d2dc0
12-09 08:39:29.981 W/art     (20752): Suspending all threads took: 55.458ms
12-09 08:39:30.010 I/art     (20752): Background sticky concurrent mark sweep GC freed 3496(286KB) AllocSpace objects, 0(0B) LOS objects, 29% free, 914KB/1295KB, paused 56.520ms total 161.869ms
12-09 08:39:30.020 I/InstrumentationBackend(20752): Added:'SetPreferences', with key:'set_preferences'
12-09 08:39:30.029 I/InstrumentationBackend(20752): Added:'ClearPreferences', with key:'clear_preferences'
12-09 08:39:30.029 I/InstrumentationBackend(20752): Added:'PressElement', with key:'press_l10n_element'
12-09 08:39:30.030 I/InstrumentationBackend(20752): Added:'WaitForElement', with key:'wait_for_l10n_element'
12-09 08:39:30.030 I/InstrumentationBackend(20752): Added:'NullAction', with key:'nullAction'
12-09 08:39:30.030 I/InstrumentationBackend(20752): Added:'PressKey', with key:'press_key'
12-09 08:39:30.030 I/InstrumentationBackend(20752): Added:'SetActivityOrientation', with key:'set_activity_orientation'
12-09 08:39:30.030 I/InstrumentationBackend(20752): Added:'GetActivityOrientation', with key:'get_activity_orientation'
12-09 08:39:30.031 I/InstrumentationBackend(20752): Added:'FakeGPSLocation', with key:'set_gps_coordinates'
12-09 08:39:30.031 I/InstrumentationBackend(20752): Added:'SetPropertyByCssSelector', with key:'set_property_by_css_selector'
12-09 08:39:30.031 I/InstrumentationBackend(20752): Added:'GetUrl', with key:'get_url'
12-09 08:39:30.032 I/InstrumentationBackend(20752): Added:'ScrollTo', with key:'scroll_to'
12-09 08:39:30.032 I/InstrumentationBackend(20752): Added:'GetLoadProgress', with key:'get_load_progress'
12-09 08:39:30.032 I/InstrumentationBackend(20752): Added:'DumpHtml', with key:'dump_html'
12-09 08:39:30.032 I/InstrumentationBackend(20752): Added:'DumpBodyHtml', with key:'dump_body_html'
12-09 08:39:30.032 I/InstrumentationBackend(20752): Added:'EnterTextByCssSelector', with key:'enter_text_by_selector'
12-09 08:39:30.066 I/InstrumentationBackend(20752): Added:'AndroidSDKVersion', with key:'android_sdk_version'
12-09 08:39:30.066 I/InstrumentationBackend(20752): Added:'Version', with key:'version'
12-09 08:39:30.066 I/InstrumentationBackend(20752): Added:'Drag', with key:'drag'
12-09 08:39:30.066 I/InstrumentationBackend(20752): Added:'TouchCoordinates', with key:'touch_coordinate'
12-09 08:39:30.067 I/InstrumentationBackend(20752): Added:'LongPressCoordinate', with key:'long_press_coordinate'
12-09 08:39:30.067 I/InstrumentationBackend(20752): Added:'DragCoordinates', with key:'drag_coordinates'
12-09 08:39:30.067 I/InstrumentationBackend(20752): Added:'ResumeApplication', with key:'resume_application'
12-09 08:39:30.067 I/InstrumentationBackend(20752): Added:'Swipe', with key:'swipe'
12-09 08:39:30.067 I/InstrumentationBackend(20752): Added:'DoubleTapCoordinate', with key:'double_tap_coordinate'
12-09 08:39:30.067 I/InstrumentationBackend(20752): Added:'ClickOnScreen', with key:'click_on_screen'
12-09 08:39:30.068 I/InstrumentationBackend(20752): Added:'GetActivityName', with key:'get_activity_name'
12-09 08:39:30.068 I/InstrumentationBackend(20752): Added:'ScrollToView', with key:'scroll_to_view'
12-09 08:39:30.097 I/InstrumentationBackend(20752): Added:'ViewConfiguration', with key:'view_configuration'
12-09 08:39:30.098 I/InstrumentationBackend(20752): Added:'IsCurrentActivityFocused', with key:'is_current_activity_focused'
12-09 08:39:30.098 I/InstrumentationBackend(20752): Added:'SendTcp', with key:'send_tcp'
12-09 08:39:30.098 I/InstrumentationBackend(20752): Added:'DpToDevicePixel', with key:'dp_to_device_pixel'
12-09 08:39:30.098 I/InstrumentationBackend(20752): Added:'KeyboardEnterText', with key:'keyboard_enter_text'
12-09 08:39:30.098 I/InstrumentationBackend(20752): Added:'DeleteSurroundingText', with key:'delete_surrounding_text'
12-09 08:39:30.099 I/InstrumentationBackend(20752): Added:'SetComposingRegion', with key:'set_composing_region'
12-09 08:39:30.099 I/InstrumentationBackend(20752): Added:'SetSelection', with key:'set_selection'
12-09 08:39:30.099 I/InstrumentationBackend(20752): Added:'KeyboardKeyEvent', with key:'keyboard_key_event'
12-09 08:39:30.099 I/InstrumentationBackend(20752): Added:'PressUserActionButton', with key:'press_user_action_button'
12-09 08:39:30.100 I/InstrumentationBackend(20752): Added:'HideSoftKeyboard', with key:'hide_soft_keyboard'
12-09 08:39:30.100 I/InstrumentationBackend(20752): Added:'ListActions', with key:'list_actions'
12-09 08:39:30.100 I/calabash(20752): Instantiating http server at 7102
12-09 08:39:30.110 I/System.out(20752): HTTP Daemon listening on: 7102
12-09 08:39:30.367 W/art     ( 1591): Long monitor contention event with owner method=void com.android.server.wm.WindowAnimator$1.doFrame(long) from WindowAnimator.java:121 waiters=1 for 367ms
12-09 08:39:30.375 I/art     (20752): Background partial concurrent mark sweep GC freed 1456(174KB) AllocSpace objects, 1(20KB) LOS objects, 50% free, 990KB/2014KB, paused 903us total 264.529ms
12-09 08:39:30.426 I/System.out(20752): URI: //ping
12-09 08:39:30.426 I/System.out(20752): params: {json={}
12-09 08:39:30.426 I/System.out(20752): }
12-09 08:39:30.491 I/Choreographer( 1926): Skipped 44 frames!  The application may be doing too much work on its main thread.
12-09 08:39:30.562 I/System.out(20752): URI: //ping
12-09 08:39:30.562 I/System.out(20752): params: {json={}
12-09 08:39:30.562 I/System.out(20752): }
12-09 08:39:30.604 W/OpenGLRenderer( 1926): Incorrectly called buildLayer on View: ShortcutAndWidgetContainer, destroying layer...
12-09 08:39:30.641 I/System.out(20752): URI: //ready
12-09 08:39:30.641 I/System.out(20752): params: {json={}
12-09 08:39:30.641 I/System.out(20752): }
12-09 08:39:30.882 I/System.out(20752): URI: //
12-09 08:39:30.882 I/System.out(20752): params: {json={"command":"version","arguments":[]}
12-09 08:39:30.882 I/System.out(20752): }
12-09 08:39:30.882 I/System.out(20752): header: {date=Sun, 09 Dec 2018 08:39:31 GMT, accept=*/*, content-length=36, host=127.0.0.1:34777, user-agent=HTTPClient/1.0 (2.8.3, ruby 2.3.1 (2016-04-26)), content-type=application/json;charset=utf-8}
12-09 08:39:30.882 I/System.out(20752): params: {json={"command":"version","arguments":[]}
12-09 08:39:30.882 I/System.out(20752): }
12-09 08:39:30.882 I/System.out(20752): ProP json = {"command":"version","arguments":[]}
12-09 08:39:30.882 I/System.out(20752): files: {}
12-09 08:39:30.882 I/System.out(20752): command: {"command":"version","arguments":[]}
12-09 08:39:30.914 I/InstrumentationBackend(20752): Got command:'Command:'Line:null,version', arguments:'[]'
12-09 08:39:30.946 I/System.out(20752): result:{"bonusInformation":[],"message":"0.9.8","success":true}
12-09 08:39:30.965 W/WindowAnimator( 1591): Failed to dispatch window animation state change.
12-09 08:39:30.965 W/WindowAnimator( 1591): android.os.DeadObjectException
12-09 08:39:30.965 W/WindowAnimator( 1591): 	at android.os.BinderProxy.transactNative(Native Method)
12-09 08:39:30.965 W/WindowAnimator( 1591): 	at android.os.BinderProxy.transact(Binder.java:503)
12-09 08:39:30.965 W/WindowAnimator( 1591): 	at android.view.IWindow$Stub$Proxy.onAnimationStopped(IWindow.java:534)
12-09 08:39:30.965 W/WindowAnimator( 1591): 	at com.android.server.wm.WindowAnimator.updateWindowsLocked(WindowAnimator.java:286)
12-09 08:39:30.965 W/WindowAnimator( 1591): 	at com.android.server.wm.WindowAnimator.animateLocked(WindowAnimator.java:678)
12-09 08:39:30.965 W/WindowAnimator( 1591): 	at com.android.server.wm.WindowAnimator.-wrap0(WindowAnimator.java)
12-09 08:39:30.965 W/WindowAnimator( 1591): 	at com.android.server.wm.WindowAnimator$1.doFrame(WindowAnimator.java:123)
12-09 08:39:30.965 W/WindowAnimator( 1591): 	at android.view.Choreographer$CallbackRecord.run(Choreographer.java:856)
12-09 08:39:30.965 W/WindowAnimator( 1591): 	at android.view.Choreographer.doCallbacks(Choreographer.java:670)
12-09 08:39:30.965 W/WindowAnimator( 1591): 	at android.view.Choreographer.doFrame(Choreographer.java:603)
12-09 08:39:30.965 W/WindowAnimator( 1591): 	at android.view.Choreographer$FrameDisplayEventReceiver.run(Choreographer.java:844)
12-09 08:39:30.965 W/WindowAnimator( 1591): 	at android.os.Handler.handleCallback(Handler.java:739)
12-09 08:39:30.965 W/WindowAnimator( 1591): 	at android.os.Handler.dispatchMessage(Handler.java:95)
12-09 08:39:30.965 W/WindowAnimator( 1591): 	at android.os.Looper.loop(Looper.java:148)
12-09 08:39:30.965 W/WindowAnimator( 1591): 	at android.os.HandlerThread.run(HandlerThread.java:61)
12-09 08:39:30.965 W/WindowAnimator( 1591): 	at com.android.server.ServiceThread.run(ServiceThread.java:46)
12-09 08:39:31.004 I/System.out(20752): URI: //start-application
12-09 08:39:31.005 I/System.out(20752): params: {json={"intent":null}
12-09 08:39:31.013 I/System.out(20752): }
12-09 08:39:31.038 I/art     (20752): Background sticky concurrent mark sweep GC freed 14587(849KB) AllocSpace objects, 12(240KB) LOS objects, 31% free, 1385KB/2014KB, paused 1.517ms total 108.090ms
12-09 08:39:31.906 W/art     ( 1591): Long monitor contention event with owner method=void com.android.server.wm.WindowAnimator$1.doFrame(long) from WindowAnimator.java:121 waiters=0 for 711ms
12-09 08:39:31.966 I/ActivityManager( 1591): START u0 {act=android.intent.action.MAIN cat=[android.intent.category.LAUNCHER] flg=0x10200000 cmp=com.evancharlton.mileage/.Mileage} from uid 10143 on display 0
12-09 08:39:32.383 D/gralloc_ranchu( 1218): gralloc_alloc: Creating ashmem region of size 3686400
12-09 08:39:32.398 I/calabash(20752): newActivity1
12-09 08:39:32.461 I/calabash(20752): newActivity1
12-09 08:39:32.468 W/ActivityManager( 1591): Bad activity token: android.os.BinderProxy@5f5a123
12-09 08:39:32.468 W/ActivityManager( 1591): java.lang.ClassCastException: android.os.BinderProxy cannot be cast to com.android.server.am.ActivityRecord$Token
12-09 08:39:32.468 W/ActivityManager( 1591): 	at com.android.server.am.ActivityRecord.forTokenLocked(ActivityRecord.java:424)
12-09 08:39:32.468 W/ActivityManager( 1591): 	at com.android.server.am.ActivityRecord.isInStackLocked(ActivityRecord.java:1121)
12-09 08:39:32.468 W/ActivityManager( 1591): 	at com.android.server.am.ActivityRecord.getStackLocked(ActivityRecord.java:1126)
12-09 08:39:32.468 W/ActivityManager( 1591): 	at com.android.server.am.ActivityManagerService.getActivityDisplayId(ActivityManagerService.java:8889)
12-09 08:39:32.468 W/ActivityManager( 1591): 	at android.app.ActivityManagerNative.onTransact(ActivityManagerNative.java:2338)
12-09 08:39:32.468 W/ActivityManager( 1591): 	at com.android.server.am.ActivityManagerService.onTransact(ActivityManagerService.java:2443)
12-09 08:39:32.468 W/ActivityManager( 1591): 	at android.os.Binder.execTransact(Binder.java:453)
12-09 08:39:32.485 W/ActivityManager( 1591): Bad activity token: android.os.BinderProxy@5f5a123
12-09 08:39:32.485 W/ActivityManager( 1591): java.lang.ClassCastException: android.os.BinderProxy cannot be cast to com.android.server.am.ActivityRecord$Token
12-09 08:39:32.485 W/ActivityManager( 1591): 	at com.android.server.am.ActivityRecord.forTokenLocked(ActivityRecord.java:424)
12-09 08:39:32.485 W/ActivityManager( 1591): 	at com.android.server.am.ActivityRecord.isInStackLocked(ActivityRecord.java:1121)
12-09 08:39:32.485 W/ActivityManager( 1591): 	at com.android.server.am.ActivityManagerService.setTaskDescription(ActivityManagerService.java:8547)
12-09 08:39:32.485 W/ActivityManager( 1591): 	at android.app.ActivityManagerNative.onTransact(ActivityManagerNative.java:2410)
12-09 08:39:32.485 W/ActivityManager( 1591): 	at com.android.server.am.ActivityManagerService.onTransact(ActivityManagerService.java:2443)
12-09 08:39:32.485 W/ActivityManager( 1591): 	at android.os.Binder.execTransact(Binder.java:453)
12-09 08:39:32.590 W/ActivityManager( 1591): Bad activity token: android.os.BinderProxy@5f5a123
12-09 08:39:32.590 W/ActivityManager( 1591): java.lang.ClassCastException: android.os.BinderProxy cannot be cast to com.android.server.am.ActivityRecord$Token
12-09 08:39:32.590 W/ActivityManager( 1591): 	at com.android.server.am.ActivityRecord.forTokenLocked(ActivityRecord.java:424)
12-09 08:39:32.590 W/ActivityManager( 1591): 	at com.android.server.am.ActivityRecord.isInStackLocked(ActivityRecord.java:1121)
12-09 08:39:32.590 W/ActivityManager( 1591): 	at com.android.server.am.ActivityManagerService.getActivityOptions(ActivityManagerService.java:11038)
12-09 08:39:32.590 W/ActivityManager( 1591): 	at android.app.ActivityManagerNative.onTransact(ActivityManagerNative.java:1734)
12-09 08:39:32.590 W/ActivityManager( 1591): 	at com.android.server.am.ActivityManagerService.onTransact(ActivityManagerService.java:2443)
12-09 08:39:32.590 W/ActivityManager( 1591): 	at android.os.Binder.execTransact(Binder.java:453)
12-09 08:39:32.606 W/art     (20752): Suspending all threads took: 24.674ms
12-09 08:39:32.614 W/ActivityManager( 1591): Bad activity token: android.os.BinderProxy@5f5a123
12-09 08:39:32.614 W/ActivityManager( 1591): java.lang.ClassCastException: android.os.BinderProxy cannot be cast to com.android.server.am.ActivityRecord$Token
12-09 08:39:32.614 W/ActivityManager( 1591): 	at com.android.server.am.ActivityRecord.forTokenLocked(ActivityRecord.java:424)
12-09 08:39:32.614 W/ActivityManager( 1591): 	at com.android.server.am.ActivityRecord.isInStackLocked(ActivityRecord.java:1121)
12-09 08:39:32.614 W/ActivityManager( 1591): 	at com.android.server.am.ActivityManagerService.getActivityOptions(ActivityManagerService.java:11038)
12-09 08:39:32.614 W/ActivityManager( 1591): 	at android.app.ActivityManagerNative.onTransact(ActivityManagerNative.java:1734)
12-09 08:39:32.614 W/ActivityManager( 1591): 	at com.android.server.am.ActivityManagerService.onTransact(ActivityManagerService.java:2443)
12-09 08:39:32.614 W/ActivityManager( 1591): 	at android.os.Binder.execTransact(Binder.java:453)
12-09 08:39:32.644 V/PhoneStatusBar( 1685): setLightsOn(true)
12-09 08:39:32.663 I/art     (20752): Background sticky concurrent mark sweep GC freed 1833(309KB) AllocSpace objects, 0(0B) LOS objects, 0% free, 2013KB/2014KB, paused 34.423ms total 96.501ms
12-09 08:39:32.746 D/EGL_emulation( 1926): eglMakeCurrent: 0x7fd755f34b40: ver 2 0 (tinfo 0x7fd755f02920)
12-09 08:39:32.753 E/Surface ( 1926): getSlotFromBufferLocked: unknown buffer: 0x7fd7523cbf20
12-09 08:39:33.059 D/gralloc_ranchu( 1218): gralloc_alloc: Creating ashmem region of size 3686400
12-09 08:39:33.061 W/art     ( 1591): Long monitor contention event with owner method=int com.android.server.wm.WindowManagerService.relayoutWindow(com.android.server.wm.Session, android.view.IWindow, int, android.view.WindowManager$LayoutParams, int, int, int, int, android.graphics.Rect, android.graphics.Rect, android.graphics.Rect, android.graphics.Rect, android.graphics.Rect, android.graphics.Rect, android.content.res.Configuration, android.view.Surface) from WindowManagerService.java:3103 waiters=0 for 109ms
12-09 08:39:33.119 D/        (20752): HostConnection::get() New Host Connection established 0x7fd75243cda0, tid 20752
12-09 08:39:33.588 I/ActivityManager( 1591): Displayed com.evancharlton.mileage/.Mileage: +1s230ms
12-09 08:39:33.611 D/gralloc_ranchu( 1218): gralloc_alloc: Creating ashmem region of size 3686400
12-09 08:39:34.241 D/gralloc_ranchu( 1218): gralloc_alloc: Creating ashmem region of size 3686400
12-09 08:39:35.126 I/System.out(20752): URI: //map
12-09 08:39:35.141 I/System.out(20752): params: {json={"query":"android.widget.EditText id:'price'","operation":{"method_name":"query","arguments":[]}}
12-09 08:39:35.141 I/System.out(20752): }
12-09 08:39:35.233 W/ResourceType(20752): No package identifier when getting name for resource number 0x00000001
12-09 08:39:35.457 I/System.out(20752): URI: //gesture
12-09 08:39:35.457 I/System.out(20752): params: {json={"query_timeout":5.0,"gestures":[{"query_string":"android.widget.EditText id:'price'","touches":[{"x":50,"y":50,"offset_x":0,"offset_y":0,"wait":0.0,"time":0.2,"release":true,"query_string":null}]}]}
12-09 08:39:35.457 I/System.out(20752): }
12-09 08:39:35.469 I/art     (20752): Background sticky concurrent mark sweep GC freed 40181(1876KB) AllocSpace objects, 0(0B) LOS objects, 4% free, 2MB/2MB, paused 1.004ms total 191.547ms
12-09 08:39:35.473 W/ResourceType(20752): No package identifier when getting name for resource number 0x00000001
12-09 08:39:36.010 I/LatinIME( 1879): Starting input. Cursor position = 0,0
12-09 08:39:36.108 I/art     (20752): Background sticky concurrent mark sweep GC freed 11431(507KB) AllocSpace objects, 0(0B) LOS objects, 0% free, 3MB/3MB, paused 14.356ms total 58.258ms
12-09 08:39:36.281 I/art     (20752): Background partial concurrent mark sweep GC freed 19960(1155KB) AllocSpace objects, 4(80KB) LOS objects, 40% free, 2MB/3MB, paused 925us total 166.507ms
12-09 08:39:36.533 D/EGL_emulation( 1879): eglMakeCurrent: 0x7fd755f34960: ver 2 0 (tinfo 0x7fd755f02e00)
12-09 08:39:36.634 I/System.out(20752): URI: //
12-09 08:39:36.634 I/System.out(20752): params: {json={"command":"set_selection","arguments":[-1,-1]}
12-09 08:39:36.634 I/System.out(20752): }
12-09 08:39:36.634 I/System.out(20752): header: {date=Sun, 09 Dec 2018 08:39:37 GMT, accept=*/*, content-length=47, host=127.0.0.1:34777, user-agent=HTTPClient/1.0 (2.8.3, ruby 2.3.1 (2016-04-26)), content-type=application/json;charset=utf-8}
12-09 08:39:36.634 I/System.out(20752): params: {json={"command":"set_selection","arguments":[-1,-1]}
12-09 08:39:36.634 I/System.out(20752): }
12-09 08:39:36.635 I/System.out(20752): ProP json = {"command":"set_selection","arguments":[-1,-1]}
12-09 08:39:36.635 I/System.out(20752): files: {}
12-09 08:39:36.635 I/System.out(20752): command: {"command":"set_selection","arguments":[-1,-1]}
12-09 08:39:36.636 I/InstrumentationBackend(20752): Got command:'Command:'Line:null,set_selection', arguments:'[-1, -1]'
12-09 08:39:36.674 I/System.out(20752): result:{"bonusInformation":[],"message":"","success":true}
12-09 08:39:36.905 I/System.out(20752): URI: //
12-09 08:39:36.905 I/System.out(20752): params: {json={"command":"keyboard_enter_text","arguments":["000"]}
12-09 08:39:36.905 I/System.out(20752): }
12-09 08:39:36.906 I/System.out(20752): header: {date=Sun, 09 Dec 2018 08:39:37 GMT, accept=*/*, content-length=53, host=127.0.0.1:34777, user-agent=HTTPClient/1.0 (2.8.3, ruby 2.3.1 (2016-04-26)), content-type=application/json;charset=utf-8}
12-09 08:39:36.906 I/System.out(20752): params: {json={"command":"keyboard_enter_text","arguments":["000"]}
12-09 08:39:36.906 I/System.out(20752): }
12-09 08:39:36.906 I/System.out(20752): ProP json = {"command":"keyboard_enter_text","arguments":["000"]}
12-09 08:39:36.906 I/System.out(20752): files: {}
12-09 08:39:36.906 I/System.out(20752): command: {"command":"keyboard_enter_text","arguments":["000"]}
12-09 08:39:36.907 I/InstrumentationBackend(20752): Got command:'Command:'Line:null,keyboard_enter_text', arguments:'[000]'
12-09 08:39:36.909 E/SpannableStringBuilder(20752): SPAN_EXCLUSIVE_EXCLUSIVE spans cannot have a zero length
12-09 08:39:36.909 E/SpannableStringBuilder(20752): SPAN_EXCLUSIVE_EXCLUSIVE spans cannot have a zero length
12-09 08:39:37.186 E/SpannableStringBuilder(20752): SPAN_EXCLUSIVE_EXCLUSIVE spans cannot have a zero length
12-09 08:39:37.186 E/SpannableStringBuilder(20752): SPAN_EXCLUSIVE_EXCLUSIVE spans cannot have a zero length
12-09 08:39:37.220 I/System.out(20752): result:{"bonusInformation":[],"message":"","success":true}
12-09 08:39:37.292 I/System.out(20752): URI: //map
12-09 08:39:37.292 I/System.out(20752): params: {json={"query":"android.widget.Button index:2","operation":{"method_name":"query","arguments":[]}}
12-09 08:39:37.292 I/System.out(20752): }
12-09 08:39:37.321 I/art     (20752): Background sticky concurrent mark sweep GC freed 27433(1252KB) AllocSpace objects, 6(120KB) LOS objects, 14% free, 2MB/3MB, paused 1.002ms total 126.088ms
12-09 08:39:37.434 I/System.out(20752): URI: //gesture
12-09 08:39:37.434 I/System.out(20752): params: {json={"query_timeout":5.0,"gestures":[{"query_string":"android.widget.Button index:2","touches":[{"x":50,"y":50,"offset_x":0,"offset_y":0,"wait":0.0,"time":0.2,"release":true,"query_string":null}]}]}
12-09 08:39:37.434 I/System.out(20752): }
12-09 08:39:37.441 I/art     (20752): Background sticky concurrent mark sweep GC freed 46955(2MB) AllocSpace objects, 1(20KB) LOS objects, 21% free, 2MB/3MB, paused 1.147ms total 104.465ms
12-09 08:39:37.950 W/art     (20752): Suspending all threads took: 24.069ms
12-09 08:39:37.974 W/AudioTrack( 1591): AUDIO_OUTPUT_FLAG_FAST denied by client; transfer 4, track 48000 Hz, output 44100 Hz
12-09 08:39:38.063 I/art     (20752): Background sticky concurrent mark sweep GC freed 20452(807KB) AllocSpace objects, 2(40KB) LOS objects, 2% free, 3MB/3MB, paused 25.108ms total 125.434ms
12-09 08:39:38.090 W/audio_hw_generic( 1306): Hardware backing HAL too slow, could only write 0 of 661 frames
12-09 08:39:38.101 D/AudioFlinger( 1306): mixer(0xf43c0000) throttle end: throttle time(11)
12-09 08:39:38.115 I/LatinIME( 1879): Starting input. Cursor position = 0,0
12-09 08:39:38.165 I/art     (20752): Background sticky concurrent mark sweep GC freed 21264(959KB) AllocSpace objects, 0(0B) LOS objects, 15% free, 2MB/3MB, paused 10.356ms total 95.845ms
12-09 08:39:38.214 D/gralloc_ranchu( 1218): gralloc_alloc: Creating ashmem region of size 45056
12-09 08:39:38.351 W/audio_hw_generic( 1306): Not supplying enough data to HAL, expected position 50219077 , only wrote 50218814
12-09 08:39:38.418 W/audio_hw_generic( 1306): Not supplying enough data to HAL, expected position 50221783 , only wrote 50221458
12-09 08:39:38.418 W/audio_hw_generic( 1306): Not supplying enough data to HAL, expected position 50221465 , only wrote 50221458
12-09 08:39:38.441 W/audio_hw_generic( 1306): Not supplying enough data to HAL, expected position 50222476 , only wrote 50222119
12-09 08:39:38.582 W/audio_hw_generic( 1306): Not supplying enough data to HAL, expected position 50228301 , only wrote 50227407
12-09 08:39:38.582 W/audio_hw_generic( 1306): Not supplying enough data to HAL, expected position 50227431 , only wrote 50227407
12-09 08:39:38.599 W/audio_hw_generic( 1306): Not supplying enough data to HAL, expected position 50228152 , only wrote 50228068
12-09 08:39:38.865 E/SurfaceFlinger( 1218): ro.sf.lcd_density must be defined as a build property
12-09 08:39:38.908 W/audio_hw_generic( 1306): Not supplying enough data to HAL, expected position 50241682 , only wrote 50239305
12-09 08:39:38.919 W/audio_hw_generic( 1306): Not supplying enough data to HAL, expected position 50239813 , only wrote 50239305
12-09 08:39:38.956 D/gralloc_ranchu( 1218): gralloc_alloc: Creating ashmem region of size 3686400
12-09 08:39:38.985 D/        (20787): HostConnection::get() New Host Connection established 0x7f854c912480, tid 20787
12-09 08:39:39.012 E/EGL_emulation( 1218): tid 1218: eglCreateSyncKHR(1881): error 0x3004 (EGL_BAD_ATTRIBUTE)
12-09 08:39:39.117 I/Choreographer( 1879): Skipped 58 frames!  The application may be doing too much work on its main thread.
12-09 08:39:39.210 W/audio_hw_generic( 1306): Not supplying enough data to HAL, expected position 50252062 , only wrote 50251864
12-09 08:39:39.210 W/audio_hw_generic( 1306): Not supplying enough data to HAL, expected position 50251932 , only wrote 50251864
12-09 08:39:39.236 W/audio_hw_generic( 1306): Not supplying enough data to HAL, expected position 50253021 , only wrote 50252525
12-09 08:39:39.297 W/audio_hw_generic( 1306): Not supplying enough data to HAL, expected position 50255219 , only wrote 50255169
12-09 08:39:39.298 W/audio_hw_generic( 1306): Not supplying enough data to HAL, expected position 50255175 , only wrote 50255169
12-09 08:39:39.313 W/audio_hw_generic( 1306): Not supplying enough data to HAL, expected position 50255857 , only wrote 50255830
12-09 08:39:39.432 W/audio_hw_generic( 1306): Not supplying enough data to HAL, expected position 50261059 , only wrote 50260457
12-09 08:39:39.688 W/audio_hw_generic( 1306): Hardware backing HAL too slow, could only write 0 of 661 frames
12-09 08:39:39.703 W/audio_hw_generic( 1306): Hardware backing HAL too slow, could only write 0 of 661 frames
12-09 08:39:39.724 W/audio_hw_generic( 1306): Hardware backing HAL too slow, could only write 0 of 661 frames
12-09 08:39:39.750 W/audio_hw_generic( 1306): Hardware backing HAL too slow, could only write 0 of 661 frames
12-09 08:39:39.763 W/audio_hw_generic( 1306): Hardware backing HAL too slow, could only write 0 of 661 frames
12-09 08:39:39.777 W/audio_hw_generic( 1306): Hardware backing HAL too slow, could only write 0 of 661 frames
12-09 08:39:39.793 W/audio_hw_generic( 1306): Hardware backing HAL too slow, could only write 0 of 661 frames
12-09 08:39:39.929 W/audio_hw_generic( 1306): Not supplying enough data to HAL, expected position 50282374 , only wrote 50282270
12-09 08:39:39.929 W/audio_hw_generic( 1306): Not supplying enough data to HAL, expected position 50282277 , only wrote 50282270
12-09 08:39:39.955 W/audio_hw_generic( 1306): Not supplying enough data to HAL, expected position 50283428 , only wrote 50282931
12-09 08:39:39.955 W/audio_hw_generic( 1306): Hardware backing HAL too slow, could only write 0 of 661 frames
12-09 08:39:40.109 W/audio_hw_generic( 1306): Not supplying enough data to HAL, expected position 50289721 , only wrote 50289541
12-09 08:39:40.109 W/audio_hw_generic( 1306): Not supplying enough data to HAL, expected position 50289548 , only wrote 50289541
12-09 08:39:40.134 W/audio_hw_generic( 1306): Not supplying enough data to HAL, expected position 50290629 , only wrote 50290202
12-09 08:39:40.165 W/audio_hw_generic( 1306): Not supplying enough data to HAL, expected position 50291564 , only wrote 50291524
12-09 08:39:40.165 W/audio_hw_generic( 1306): Hardware backing HAL too slow, could only write 0 of 661 frames
12-09 08:39:40.181 W/audio_hw_generic( 1306): Hardware backing HAL too slow, could only write 0 of 661 frames
12-09 08:39:40.186 I/System.out(20752): URI: //map
12-09 08:39:40.186 I/System.out(20752): params: {json={"query":"android.widget.EditText id:'volume'","operation":{"method_name":"query","arguments":[]}}
12-09 08:39:40.186 I/System.out(20752): }
12-09 08:39:40.196 W/audio_hw_generic( 1306): Hardware backing HAL too slow, could only write 0 of 661 frames
12-09 08:39:40.212 W/audio_hw_generic( 1306): Hardware backing HAL too slow, could only write 0 of 661 frames
12-09 08:39:40.289 W/ResourceType(20752): No package identifier when getting name for resource number 0x00000001
12-09 08:39:40.326 W/art     (20752): Suspending all threads took: 6.507ms
12-09 08:39:40.394 I/art     (20752): Background sticky concurrent mark sweep GC freed 25914(1100KB) AllocSpace objects, 0(0B) LOS objects, 11% free, 2MB/3MB, paused 8.180ms total 93.645ms
12-09 08:39:40.472 I/System.out(20752): URI: //gesture
12-09 08:39:40.472 I/System.out(20752): params: {json={"query_timeout":5.0,"gestures":[{"query_string":"android.widget.EditText id:'volume'","touches":[{"x":50,"y":50,"offset_x":0,"offset_y":0,"wait":0.0,"time":0.2,"release":true,"query_string":null}]}]}
12-09 08:39:40.472 I/System.out(20752): }
12-09 08:39:40.485 W/audio_hw_generic( 1306): Hardware backing HAL too slow, could only write 0 of 661 frames
12-09 08:39:40.503 W/ResourceType(20752): No package identifier when getting name for resource number 0x00000001
12-09 08:39:40.538 I/art     (20752): Background sticky concurrent mark sweep GC freed 16979(843KB) AllocSpace objects, 2(40KB) LOS objects, 15% free, 2MB/3MB, paused 5.165ms total 60.347ms
12-09 08:39:40.657 W/audio_hw_generic( 1306): Hardware backing HAL too slow, could only write 0 of 661 frames
12-09 08:39:40.687 W/audio_hw_generic( 1306): Hardware backing HAL too slow, could only write 0 of 661 frames
12-09 08:39:40.745 W/audio_hw_generic( 1306): Not supplying enough data to HAL, expected position 50317123 , only wrote 50316642
12-09 08:39:40.939 I/art     (20752): Background sticky concurrent mark sweep GC freed 33362(1511KB) AllocSpace objects, 0(0B) LOS objects, 18% free, 2MB/3MB, paused 5.007ms total 92.666ms
12-09 08:39:40.981 W/audio_hw_generic( 1306): Hardware backing HAL too slow, could only write 0 of 661 frames
12-09 08:39:40.994 W/audio_hw_generic( 1306): Hardware backing HAL too slow, could only write 0 of 661 frames
12-09 08:39:41.013 W/audio_hw_generic( 1306): Hardware backing HAL too slow, could only write 0 of 661 frames
12-09 08:39:41.137 W/audio_hw_generic( 1306): Not supplying enough data to HAL, expected position 50350348 , only wrote 50333828
12-09 08:39:41.440 I/System.out(20752): URI: //
12-09 08:39:41.440 I/System.out(20752): params: {json={"command":"set_selection","arguments":[-1,-1]}
12-09 08:39:41.440 I/System.out(20752): }
12-09 08:39:41.440 I/System.out(20752): header: {date=Sun, 09 Dec 2018 08:39:42 GMT, accept=*/*, content-length=47, host=127.0.0.1:34777, user-agent=HTTPClient/1.0 (2.8.3, ruby 2.3.1 (2016-04-26)), content-type=application/json;charset=utf-8}
12-09 08:39:41.440 I/System.out(20752): params: {json={"command":"set_selection","arguments":[-1,-1]}
12-09 08:39:41.440 I/System.out(20752): }
12-09 08:39:41.440 I/System.out(20752): ProP json = {"command":"set_selection","arguments":[-1,-1]}
12-09 08:39:41.440 I/System.out(20752): files: {}
12-09 08:39:41.440 I/System.out(20752): command: {"command":"set_selection","arguments":[-1,-1]}
12-09 08:39:41.442 I/InstrumentationBackend(20752): Got command:'Command:'Line:null,set_selection', arguments:'[-1, -1]'
12-09 08:39:41.470 I/System.out(20752): result:{"bonusInformation":[],"message":"","success":true}
12-09 08:39:41.553 W/art     (20752): Suspending all threads took: 11.352ms
12-09 08:39:41.563 I/art     (20752): Background sticky concurrent mark sweep GC freed 14148(644KB) AllocSpace objects, 2(40KB) LOS objects, 18% free, 2MB/3MB, paused 12.346ms total 90.507ms
12-09 08:39:41.797 I/System.out(20752): URI: //
12-09 08:39:41.797 I/System.out(20752): params: {json={"command":"keyboard_enter_text","arguments":["000"]}
12-09 08:39:41.797 I/System.out(20752): }
12-09 08:39:41.797 I/System.out(20752): header: {date=Sun, 09 Dec 2018 08:39:42 GMT, accept=*/*, content-length=53, host=127.0.0.1:34777, user-agent=HTTPClient/1.0 (2.8.3, ruby 2.3.1 (2016-04-26)), content-type=application/json;charset=utf-8}
12-09 08:39:41.797 I/System.out(20752): params: {json={"command":"keyboard_enter_text","arguments":["000"]}
12-09 08:39:41.797 I/System.out(20752): }
12-09 08:39:41.798 I/System.out(20752): ProP json = {"command":"keyboard_enter_text","arguments":["000"]}
12-09 08:39:41.798 I/System.out(20752): files: {}
12-09 08:39:41.798 I/System.out(20752): command: {"command":"keyboard_enter_text","arguments":["000"]}
12-09 08:39:41.799 I/InstrumentationBackend(20752): Got command:'Command:'Line:null,keyboard_enter_text', arguments:'[000]'
12-09 08:39:41.865 E/SpannableStringBuilder(20752): SPAN_EXCLUSIVE_EXCLUSIVE spans cannot have a zero length
12-09 08:39:41.865 E/SpannableStringBuilder(20752): SPAN_EXCLUSIVE_EXCLUSIVE spans cannot have a zero length
12-09 08:39:41.880 E/SpannableStringBuilder(20752): SPAN_EXCLUSIVE_EXCLUSIVE spans cannot have a zero length
12-09 08:39:41.880 E/SpannableStringBuilder(20752): SPAN_EXCLUSIVE_EXCLUSIVE spans cannot have a zero length
12-09 08:39:41.927 I/System.out(20752): result:{"bonusInformation":[],"message":"","success":true}
12-09 08:39:42.107 I/System.out(20752): URI: //map
12-09 08:39:42.107 I/System.out(20752): params: {json={"query":"android.widget.Button index:2","operation":{"method_name":"query","arguments":[]}}
12-09 08:39:42.108 I/System.out(20752): }
12-09 08:39:42.191 I/art     (20752): Background sticky concurrent mark sweep GC freed 5768(275KB) AllocSpace objects, 2(40KB) LOS objects, 0% free, 3MB/3MB, paused 22.110ms total 79.229ms
12-09 08:39:42.438 I/art     (20752): Background partial concurrent mark sweep GC freed 52688(2MB) AllocSpace objects, 7(140KB) LOS objects, 39% free, 2MB/3MB, paused 2.007ms total 223.511ms
12-09 08:39:42.509 I/System.out(20752): URI: //gesture
12-09 08:39:42.509 I/System.out(20752): params: {json={"query_timeout":5.0,"gestures":[{"query_string":"android.widget.Button index:2","touches":[{"x":50,"y":50,"offset_x":0,"offset_y":0,"wait":0.0,"time":0.2,"release":true,"query_string":null}]}]}
12-09 08:39:42.510 I/System.out(20752): }
12-09 08:39:42.946 I/LatinIME( 1879): Starting input. Cursor position = 0,0
12-09 08:39:43.375 D/gralloc_ranchu( 1218): gralloc_alloc: Creating ashmem region of size 49152
12-09 08:39:43.438 E/SurfaceFlinger( 1218): ro.sf.lcd_density must be defined as a build property
12-09 08:39:43.499 D/gralloc_ranchu( 1218): gralloc_alloc: Creating ashmem region of size 3686400
12-09 08:39:43.560 D/        (20799): HostConnection::get() New Host Connection established 0x7f2782bd2480, tid 20799
12-09 08:39:43.582 E/EGL_emulation( 1218): tid 1218: eglCreateSyncKHR(1881): error 0x3004 (EGL_BAD_ATTRIBUTE)
12-09 08:39:44.580 I/System.out(20752): URI: //map
12-09 08:39:44.580 I/System.out(20752): params: {json={"query":"android.widget.EditText id:'odometer'","operation":{"method_name":"query","arguments":[]}}
12-09 08:39:44.580 I/System.out(20752): }
12-09 08:39:45.498 W/InputConnectionWrapper.ICC( 1879): Timed out waiting on IInputContextCallback
12-09 08:39:45.498 W/RichInputConnection( 1879): Slow InputConnection: RELOAD_TEXT_CACHE took 2001 ms.
12-09 08:39:45.499 E/RichInputConnection( 1879): Unable to connect to the editor to retrieve text.
12-09 08:39:45.499 D/RichInputConnection( 1879): Will try to retrieve text later.
12-09 08:39:47.499 W/InputConnectionWrapper.ICC( 1879): Timed out waiting on IInputContextCallback
12-09 08:39:47.505 W/RichInputConnection( 1879): Slow InputConnection: RELOAD_TEXT_CACHE took 2006 ms.
12-09 08:39:47.505 E/RichInputConnection( 1879): Unable to connect to the editor to retrieve text.
12-09 08:39:47.505 W/RichInputConnection( 1879): Unable to connect to the editor. Setting caps mode without knowing text.
12-09 08:39:47.519 I/Choreographer( 1879): Skipped 275 frames!  The application may be doing too much work on its main thread.
12-09 08:39:49.525 W/InputConnectionWrapper.ICC( 1879): Timed out waiting on IInputContextCallback
12-09 08:39:49.529 W/RichInputConnection( 1879): Slow InputConnection: RELOAD_TEXT_CACHE took 2004 ms.
12-09 08:39:49.529 E/RichInputConnection( 1879): Unable to connect to the editor to retrieve text.
12-09 08:39:49.529 D/RichInputConnection( 1879): Will try to retrieve text later.
12-09 08:39:51.530 W/InputConnectionWrapper.ICC( 1879): Timed out waiting on IInputContextCallback
12-09 08:39:51.530 W/RichInputConnection( 1879): Slow InputConnection: RELOAD_TEXT_CACHE took 2001 ms.
12-09 08:39:51.530 E/RichInputConnection( 1879): Unable to connect to the editor to retrieve text.
12-09 08:39:51.530 D/RichInputConnection( 1879): Will try to retrieve text later.
12-09 08:39:53.129 W/audio_hw_generic( 1306): Hardware backing HAL too slow, could only write 0 of 661 frames
12-09 08:39:53.393 W/audio_hw_generic( 1306): Hardware backing HAL too slow, could only write 0 of 661 frames
12-09 08:39:53.409 W/audio_hw_generic( 1306): Hardware backing HAL too slow, could only write 0 of 661 frames
12-09 08:39:53.409 W/audio_hw_generic( 1306): Hardware backing HAL too slow, could only write 0 of 661 frames
12-09 08:39:53.426 W/audio_hw_generic( 1306): Hardware backing HAL too slow, could only write 0 of 661 frames
12-09 08:39:53.445 W/audio_hw_generic( 1306): Hardware backing HAL too slow, could only write 0 of 661 frames
12-09 08:39:53.456 I/InputConnectionWrapper.ICC( 1879): Got out-of-sequence callback 3466 (expected 3470) in setTextBeforeCursor, ignoring.
12-09 08:39:53.456 I/InputConnectionWrapper.ICC( 1879): Got out-of-sequence callback 3467 (expected 3470) in setTextBeforeCursor, ignoring.
12-09 08:39:53.456 I/InputConnectionWrapper.ICC( 1879): Got out-of-sequence callback 3468 (expected 3470) in setTextBeforeCursor, ignoring.
12-09 08:39:53.456 I/InputConnectionWrapper.ICC( 1879): Got out-of-sequence callback 3469 (expected 3470) in setTextBeforeCursor, ignoring.
12-09 08:39:53.461 W/RichInputConnection( 1879): Slow InputConnection: RELOAD_TEXT_CACHE took 1926 ms.
12-09 08:39:53.473 W/audio_hw_generic( 1306): Hardware backing HAL too slow, could only write 0 of 661 frames
12-09 08:39:53.580 W/ResourceType(20752): No package identifier when getting name for resource number 0x00000001
12-09 08:39:53.634 I/art     (20752): WaitForGcToComplete blocked for 16.061ms for cause Background
12-09 08:39:53.692 I/art     (20752): Background sticky concurrent mark sweep GC freed 32981(1531KB) AllocSpace objects, 1(20KB) LOS objects, 34% free, 2MB/3MB, paused 7.610ms total 57.270ms
12-09 08:39:53.696 I/System.out(20752): URI: //gesture
12-09 08:39:53.696 I/System.out(20752): params: {json={"query_timeout":5.0,"gestures":[{"query_string":"android.widget.EditText id:'odometer'","touches":[{"x":50,"y":50,"offset_x":0,"offset_y":0,"wait":0.0,"time":0.2,"release":true,"query_string":null}]}]}
12-09 08:39:53.696 I/System.out(20752): }
12-09 08:39:53.760 W/ResourceType(20752): No package identifier when getting name for resource number 0x00000001
12-09 08:39:53.762 W/audio_hw_generic( 1306): Not supplying enough data to HAL, expected position 50363947 , only wrote 50363573
12-09 08:39:53.765 W/audio_hw_generic( 1306): Not supplying enough data to HAL, expected position 50363723 , only wrote 50363573
12-09 08:39:53.869 W/audio_hw_generic( 1306): Hardware backing HAL too slow, could only write 0 of 661 frames
12-09 08:39:53.893 W/audio_hw_generic( 1306): Not supplying enough data to HAL, expected position 50369225 , only wrote 50368861
12-09 08:39:53.936 W/audio_hw_generic( 1306): Hardware backing HAL too slow, could only write 0 of 661 frames
12-09 08:39:54.056 W/audio_hw_generic( 1306): Hardware backing HAL too slow, could only write 0 of 661 frames
12-09 08:39:54.089 W/audio_hw_generic( 1306): Hardware backing HAL too slow, could only write 0 of 661 frames
12-09 08:39:54.101 W/audio_hw_generic( 1306): Hardware backing HAL too slow, could only write 0 of 661 frames
12-09 08:39:54.141 W/audio_hw_generic( 1306): Not supplying enough data to HAL, expected position 50379811 , only wrote 50379437
12-09 08:39:54.142 W/audio_hw_generic( 1306): Not supplying enough data to HAL, expected position 50379443 , only wrote 50379437
12-09 08:39:54.218 I/art     (20752): Background sticky concurrent mark sweep GC freed 44968(2024KB) AllocSpace objects, 1(20KB) LOS objects, 30% free, 2MB/3MB, paused 5.180ms total 71.080ms
12-09 08:39:54.569 W/audio_hw_generic( 1306): Not supplying enough data to HAL, expected position 50398308 , only wrote 50397945
12-09 08:39:54.570 W/audio_hw_generic( 1306): Not supplying enough data to HAL, expected position 50397951 , only wrote 50397945
12-09 08:39:54.759 I/System.out(20752): URI: //
12-09 08:39:54.759 I/System.out(20752): params: {json={"command":"set_selection","arguments":[-1,-1]}
12-09 08:39:54.759 I/System.out(20752): }
12-09 08:39:54.759 I/System.out(20752): header: {date=Sun, 09 Dec 2018 08:39:55 GMT, accept=*/*, content-length=47, host=127.0.0.1:34777, user-agent=HTTPClient/1.0 (2.8.3, ruby 2.3.1 (2016-04-26)), content-type=application/json;charset=utf-8}
12-09 08:39:54.759 I/System.out(20752): params: {json={"command":"set_selection","arguments":[-1,-1]}
12-09 08:39:54.759 I/System.out(20752): }
12-09 08:39:54.759 I/System.out(20752): ProP json = {"command":"set_selection","arguments":[-1,-1]}
12-09 08:39:54.759 I/System.out(20752): files: {}
12-09 08:39:54.759 I/System.out(20752): command: {"command":"set_selection","arguments":[-1,-1]}
12-09 08:39:54.762 I/InstrumentationBackend(20752): Got command:'Command:'Line:null,set_selection', arguments:'[-1, -1]'
12-09 08:39:54.798 I/System.out(20752): result:{"bonusInformation":[],"message":"","success":true}
12-09 08:39:54.857 W/audio_hw_generic( 1306): Hardware backing HAL too slow, could only write 0 of 661 frames
12-09 08:39:54.865 W/audio_hw_generic( 1306): Hardware backing HAL too slow, could only write 0 of 661 frames
12-09 08:39:54.880 W/audio_hw_generic( 1306): Hardware backing HAL too slow, could only write 0 of 661 frames
12-09 08:39:54.960 I/art     ( 1879): Background sticky concurrent mark sweep GC freed 3769(429KB) AllocSpace objects, 3(76KB) LOS objects, 22% free, 2MB/3MB, paused 35.778ms total 52.861ms
12-09 08:39:55.029 I/System.out(20752): URI: //
12-09 08:39:55.029 I/System.out(20752): params: {json={"command":"keyboard_enter_text","arguments":["000"]}
12-09 08:39:55.029 I/System.out(20752): }
12-09 08:39:55.029 I/System.out(20752): header: {date=Sun, 09 Dec 2018 08:39:55 GMT, accept=*/*, content-length=53, host=127.0.0.1:34777, user-agent=HTTPClient/1.0 (2.8.3, ruby 2.3.1 (2016-04-26)), content-type=application/json;charset=utf-8}
12-09 08:39:55.029 I/System.out(20752): params: {json={"command":"keyboard_enter_text","arguments":["000"]}
