12-09 07:57:28.092 I/System.out( 8842): URI: //gesture
12-09 07:57:28.092 I/System.out( 8842): params: {json={"query_timeout":5.0,"gestures":[{"query_string":"android.widget.Button index:1","touches":[{"x":50,"y":50,"offset_x":0,"offset_y":0,"wait":0.0,"time":0.2,"release":true,"query_string":null}]}]}
12-09 07:57:28.092 I/System.out( 8842): }
12-09 07:57:28.250 W/audio_hw_generic( 1307): Hardware backing HAL too slow, could only write 0 of 661 frames
12-09 07:57:28.266 W/audio_hw_generic( 1307): Hardware backing HAL too slow, could only write 0 of 661 frames
12-09 07:57:28.283 W/audio_hw_generic( 1307): Hardware backing HAL too slow, could only write 0 of 661 frames
12-09 07:57:28.298 W/audio_hw_generic( 1307): Hardware backing HAL too slow, could only write 0 of 661 frames
12-09 07:57:28.325 W/audio_hw_generic( 1307): Hardware backing HAL too slow, could only write 0 of 661 frames
12-09 07:57:28.367 W/audio_hw_generic( 1307): Hardware backing HAL too slow, could only write 0 of 661 frames
12-09 07:57:28.367 W/audio_hw_generic( 1307): Not supplying enough data to HAL, expected position 17245781 , only wrote 17245490
12-09 07:57:28.367 W/audio_hw_generic( 1307): Not supplying enough data to HAL, expected position 17245497 , only wrote 17245490
12-09 07:57:28.367 W/audio_hw_generic( 1307): Hardware backing HAL too slow, could only write 0 of 661 frames
12-09 07:57:28.383 W/audio_hw_generic( 1307): Not supplying enough data to HAL, expected position 17246208 , only wrote 17246151
12-09 07:57:28.444 W/audio_hw_generic( 1307): Hardware backing HAL too slow, could only write 0 of 661 frames
12-09 07:57:28.486 I/ActivityManager( 1594): START u0 {cmp=com.evancharlton.mileage/.FillupInfoActivity (has extras)} from uid 10123 on display 0
12-09 07:57:28.651 I/art     ( 8842): Background sticky concurrent mark sweep GC freed 29360(1367KB) AllocSpace objects, 2(40KB) LOS objects, 4% free, 4MB/4MB, paused 2.616ms total 142.151ms
12-09 07:57:28.677 I/calabash( 8842): newActivity1
12-09 07:57:28.721 W/audio_hw_generic( 1307): Hardware backing HAL too slow, could only write 0 of 661 frames
12-09 07:57:28.836 I/art     ( 8842): Background sticky concurrent mark sweep GC freed 19365(968KB) AllocSpace objects, 1(20KB) LOS objects, 23% free, 3MB/4MB, paused 12.429ms total 94.471ms
12-09 07:57:28.880 V/PhoneStatusBar( 1686): setLightsOn(true)
12-09 07:57:28.923 D/gralloc_ranchu( 1218): gralloc_alloc: Creating ashmem region of size 3686400
12-09 07:57:29.049 W/audio_hw_generic( 1307): Not supplying enough data to HAL, expected position 17275520 , only wrote 17271269
12-09 07:57:29.135 W/audio_hw_generic( 1307): Not supplying enough data to HAL, expected position 17275052 , only wrote 17272591
12-09 07:57:29.273 E/SurfaceFlinger( 1218): ro.sf.lcd_density must be defined as a build property
12-09 07:57:29.309 D/gralloc_ranchu( 1218): gralloc_alloc: Creating ashmem region of size 3686400
12-09 07:57:29.326 D/        ( 8951): HostConnection::get() New Host Connection established 0x7fb844652480, tid 8951
12-09 07:57:29.349 E/EGL_emulation( 1218): tid 1218: eglCreateSyncKHR(1881): error 0x3004 (EGL_BAD_ATTRIBUTE)
12-09 07:57:29.380 W/art     ( 1594): Long monitor contention event with owner method=void com.android.server.wm.WindowAnimator$1.doFrame(long) from WindowAnimator.java:121 waiters=0 for 191ms
12-09 07:57:29.383 I/ActivityManager( 1594): Displayed com.evancharlton.mileage/.FillupInfoActivity: +846ms
12-09 07:57:29.407 D/gralloc_ranchu( 1218): gralloc_alloc: Creating ashmem region of size 3686400
12-09 07:57:29.519 W/audio_hw_generic( 1307): Hardware backing HAL too slow, could only write 0 of 661 frames
12-09 07:57:29.540 W/audio_hw_generic( 1307): Hardware backing HAL too slow, could only write 0 of 661 frames
12-09 07:57:29.550 W/audio_hw_generic( 1307): Hardware backing HAL too slow, could only write 0 of 661 frames
12-09 07:57:29.568 W/audio_hw_generic( 1307): Hardware backing HAL too slow, could only write 0 of 661 frames
12-09 07:57:29.751 W/audio_hw_generic( 1307): Not supplying enough data to HAL, expected position 17299748 , only wrote 17299692
12-09 07:57:29.833 W/audio_hw_generic( 1307): Not supplying enough data to HAL, expected position 17303307 , only wrote 17302997
12-09 07:57:29.833 W/audio_hw_generic( 1307): Not supplying enough data to HAL, expected position 17303005 , only wrote 17302997
12-09 07:57:29.838 W/art     ( 1594): Long monitor contention event with owner method=void com.android.server.wm.WindowAnimator$1.doFrame(long) from WindowAnimator.java:121 waiters=1 for 192ms
12-09 07:57:29.846 W/art     ( 1594): Long monitor contention event with owner method=void com.android.server.wm.WindowAnimator$1.doFrame(long) from WindowAnimator.java:121 waiters=1 for 103ms
12-09 07:57:30.067 W/audio_hw_generic( 1307): Hardware backing HAL too slow, could only write 0 of 661 frames
12-09 07:57:30.068 W/audio_hw_generic( 1307): Hardware backing HAL too slow, could only write 0 of 661 frames
12-09 07:57:30.103 W/audio_hw_generic( 1307): Hardware backing HAL too slow, could only write 0 of 661 frames
12-09 07:57:30.114 W/audio_hw_generic( 1307): Hardware backing HAL too slow, could only write 0 of 661 frames
12-09 07:57:30.131 W/audio_hw_generic( 1307): Hardware backing HAL too slow, could only write 0 of 661 frames
12-09 07:57:30.151 W/audio_hw_generic( 1307): Hardware backing HAL too slow, could only write 0 of 661 frames
12-09 07:57:30.162 W/audio_hw_generic( 1307): Hardware backing HAL too slow, could only write 0 of 661 frames
12-09 07:57:30.182 W/audio_hw_generic( 1307): Hardware backing HAL too slow, could only write 0 of 661 frames
12-09 07:57:30.214 W/audio_hw_generic( 1307): Not supplying enough data to HAL, expected position 17319813 , only wrote 17319522
12-09 07:57:30.215 W/audio_hw_generic( 1307): Not supplying enough data to HAL, expected position 17319529 , only wrote 17319522
12-09 07:57:30.235 W/audio_hw_generic( 1307): Not supplying enough data to HAL, expected position 17320415 , only wrote 17320183
12-09 07:57:30.250 W/audio_hw_generic( 1307): Hardware backing HAL too slow, could only write 0 of 661 frames
12-09 07:57:30.274 W/audio_hw_generic( 1307): Hardware backing HAL too slow, could only write 0 of 661 frames
12-09 07:57:30.291 W/audio_hw_generic( 1307): Hardware backing HAL too slow, could only write 0 of 661 frames
12-09 07:57:30.319 W/audio_hw_generic( 1307): Hardware backing HAL too slow, could only write 0 of 661 frames
12-09 07:57:30.319 W/audio_hw_generic( 1307): Hardware backing HAL too slow, could only write 0 of 661 frames
12-09 07:57:30.351 W/audio_hw_generic( 1307): Hardware backing HAL too slow, could only write 0 of 661 frames
12-09 07:57:30.351 W/audio_hw_generic( 1307): Hardware backing HAL too slow, could only write 0 of 661 frames
12-09 07:57:30.387 W/audio_hw_generic( 1307): Not supplying enough data to HAL, expected position 17326881 , only wrote 17326132
12-09 07:57:30.387 W/audio_hw_generic( 1307): Hardware backing HAL too slow, could only write 0 of 661 frames
12-09 07:57:30.387 W/audio_hw_generic( 1307): Hardware backing HAL too slow, could only write 0 of 661 frames
12-09 07:57:30.401 W/audio_hw_generic( 1307): Hardware backing HAL too slow, could only write 0 of 661 frames
12-09 07:57:30.415 I/System.out( 8842): URI: //map
12-09 07:57:30.415 I/System.out( 8842): params: {json={"query":"android.widget.Button index:0","operation":{"method_name":"query","arguments":[]}}
12-09 07:57:30.415 I/System.out( 8842): }
12-09 07:57:30.419 W/audio_hw_generic( 1307): Hardware backing HAL too slow, could only write 0 of 661 frames
12-09 07:57:30.476 D/gralloc_ranchu( 1218): gralloc_alloc: Creating ashmem region of size 3686400
12-09 07:57:30.624 W/audio_hw_generic( 1307): Hardware backing HAL too slow, could only write 0 of 661 frames
12-09 07:57:30.699 W/audio_hw_generic( 1307): Not supplying enough data to HAL, expected position 17339906 , only wrote 17339352
12-09 07:57:30.732 W/audio_hw_generic( 1307): Hardware backing HAL too slow, could only write 0 of 661 frames
12-09 07:57:30.791 W/audio_hw_generic( 1307): Not supplying enough data to HAL, expected position 17343410 , only wrote 17343318
12-09 07:57:30.791 W/audio_hw_generic( 1307): Not supplying enough data to HAL, expected position 17343325 , only wrote 17343318
12-09 07:57:30.815 W/audio_hw_generic( 1307): Not supplying enough data to HAL, expected position 17344375 , only wrote 17343979
12-09 07:57:30.850 I/System.out( 8842): URI: //gesture
12-09 07:57:30.854 I/System.out( 8842): params: {json={"query_timeout":5.0,"gestures":[{"query_string":"android.widget.Button index:0","touches":[{"x":50,"y":50,"offset_x":0,"offset_y":0,"wait":0.0,"time":0.2,"release":true,"query_string":null}]}]}
12-09 07:57:30.854 I/System.out( 8842): }
12-09 07:57:30.935 W/audio_hw_generic( 1307): Not supplying enough data to HAL, expected position 17349257 , only wrote 17348606
12-09 07:57:31.141 W/audio_hw_generic( 1307): Not supplying enough data to HAL, expected position 17357706 , only wrote 17354555
12-09 07:57:31.141 W/audio_hw_generic( 1307): Not supplying enough data to HAL, expected position 17354562 , only wrote 17354555
12-09 07:57:31.272 W/audio_hw_generic( 1307): Not supplying enough data to HAL, expected position 17360296 , only wrote 17355216
12-09 07:57:31.347 I/ActivityManager( 1594): START u0 {cmp=com.evancharlton.mileage/.FillupInfoActivity (has extras)} from uid 10123 on display 0
12-09 07:57:31.468 I/art     ( 8842): Background sticky concurrent mark sweep GC freed 26836(1137KB) AllocSpace objects, 1(20KB) LOS objects, 0% free, 4MB/4MB, paused 1.333ms total 151.583ms
12-09 07:57:31.560 I/calabash( 8842): newActivity1
12-09 07:57:31.593 I/art     ( 8842): Background partial concurrent mark sweep GC freed 21040(1403KB) AllocSpace objects, 7(144KB) LOS objects, 40% free, 2MB/4MB, paused 1.092ms total 123.088ms
12-09 07:57:31.739 W/audio_hw_generic( 1307): Not supplying enough data to HAL, expected position 17375833 , only wrote 17375707
12-09 07:57:31.739 W/audio_hw_generic( 1307): Not supplying enough data to HAL, expected position 17375714 , only wrote 17375707
12-09 07:57:31.770 W/audio_hw_generic( 1307): Not supplying enough data to HAL, expected position 17377063 , only wrote 17376368
12-09 07:57:31.804 W/audio_hw_generic( 1307): Not supplying enough data to HAL, expected position 17377863 , only wrote 17377690
12-09 07:57:31.863 W/audio_hw_generic( 1307): Not supplying enough data to HAL, expected position 17380299 , only wrote 17379012
12-09 07:57:31.949 V/PhoneStatusBar( 1686): setLightsOn(true)
12-09 07:57:32.012 E/SurfaceFlinger( 1218): ro.sf.lcd_density must be defined as a build property
12-09 07:57:32.017 D/gralloc_ranchu( 1218): gralloc_alloc: Creating ashmem region of size 3686400
12-09 07:57:32.091 W/audio_hw_generic( 1307): Not supplying enough data to HAL, expected position 17389054 , only wrote 17388927
12-09 07:57:32.091 W/audio_hw_generic( 1307): Not supplying enough data to HAL, expected position 17388934 , only wrote 17388927
12-09 07:57:32.091 W/audio_hw_generic( 1307): Hardware backing HAL too slow, could only write 0 of 661 frames
12-09 07:57:32.107 W/audio_hw_generic( 1307): Not supplying enough data to HAL, expected position 17389594 , only wrote 17389588
12-09 07:57:32.114 D/gralloc_ranchu( 1218): gralloc_alloc: Creating ashmem region of size 3686400
12-09 07:57:32.165 D/        ( 8957): HostConnection::get() New Host Connection established 0x7f5d35c92480, tid 8957
12-09 07:57:32.190 E/EGL_emulation( 1218): tid 1218: eglCreateSyncKHR(1881): error 0x3004 (EGL_BAD_ATTRIBUTE)
12-09 07:57:32.249 W/audio_hw_generic( 1307): Hardware backing HAL too slow, could only write 0 of 661 frames
12-09 07:57:32.268 W/audio_hw_generic( 1307): Hardware backing HAL too slow, could only write 0 of 661 frames
12-09 07:57:32.305 D/gralloc_ranchu( 1218): gralloc_alloc: Creating ashmem region of size 3686400
12-09 07:57:32.411 I/ActivityManager( 1594): Displayed com.evancharlton.mileage/.FillupInfoActivity: +895ms
12-09 07:57:32.414 W/audio_hw_generic( 1307): Not supplying enough data to HAL, expected position 17403158 , only wrote 17402808
12-09 07:57:32.414 W/audio_hw_generic( 1307): Not supplying enough data to HAL, expected position 17402815 , only wrote 17402808
12-09 07:57:32.432 W/audio_hw_generic( 1307): Not supplying enough data to HAL, expected position 17403586 , only wrote 17403469
12-09 07:57:32.738 W/art     ( 1594): Long monitor contention event with owner method=void com.android.server.wm.WindowAnimator$1.doFrame(long) from WindowAnimator.java:121 waiters=1 for 172ms
12-09 07:57:32.802 W/audio_hw_generic( 1307): Not supplying enough data to HAL, expected position 17419780 , only wrote 17419333
12-09 07:57:32.873 W/art     ( 1594): Long monitor contention event with owner method=void com.android.server.wm.WindowAnimator$1.doFrame(long) from WindowAnimator.java:121 waiters=1 for 247ms
12-09 07:57:32.999 W/audio_hw_generic( 1307): Not supplying enough data to HAL, expected position 17428036 , only wrote 17427265
12-09 07:57:33.034 W/audio_hw_generic( 1307): Not supplying enough data to HAL, expected position 17428811 , only wrote 17428587
12-09 07:57:33.103 W/audio_hw_generic( 1307): Hardware backing HAL too slow, could only write 0 of 661 frames
12-09 07:57:33.119 W/audio_hw_generic( 1307): Hardware backing HAL too slow, could only write 0 of 661 frames
12-09 07:57:33.132 W/audio_hw_generic( 1307): Hardware backing HAL too slow, could only write 0 of 661 frames
12-09 07:57:33.171 W/audio_hw_generic( 1307): Hardware backing HAL too slow, could only write 0 of 661 frames
12-09 07:57:33.171 W/audio_hw_generic( 1307): Not supplying enough data to HAL, expected position 17434645 , only wrote 17434536
12-09 07:57:33.172 W/audio_hw_generic( 1307): Not supplying enough data to HAL, expected position 17434542 , only wrote 17434536
12-09 07:57:33.172 W/audio_hw_generic( 1307): Hardware backing HAL too slow, could only write 0 of 661 frames
12-09 07:57:33.187 W/audio_hw_generic( 1307): Not supplying enough data to HAL, expected position 17435199 , only wrote 17435197
12-09 07:57:33.250 W/audio_hw_generic( 1307): Hardware backing HAL too slow, could only write 0 of 661 frames
12-09 07:57:33.258 W/audio_hw_generic( 1307): Hardware backing HAL too slow, could only write 0 of 661 frames
12-09 07:57:33.275 W/audio_hw_generic( 1307): Hardware backing HAL too slow, could only write 0 of 661 frames
12-09 07:57:33.288 W/audio_hw_generic( 1307): Hardware backing HAL too slow, could only write 0 of 661 frames
12-09 07:57:33.305 W/audio_hw_generic( 1307): Hardware backing HAL too slow, could only write 0 of 661 frames
12-09 07:57:33.307 D/gralloc_ranchu( 1218): gralloc_alloc: Creating ashmem region of size 3686400
12-09 07:57:33.321 W/audio_hw_generic( 1307): Hardware backing HAL too slow, could only write 0 of 661 frames
12-09 07:57:33.711 D/AndroidRuntime( 8960): >>>>>> START com.android.internal.os.RuntimeInit uid 0 <<<<<<
12-09 07:57:33.713 D/AndroidRuntime( 8960): CheckJNI is ON
12-09 07:57:33.737 D/ICU     ( 8960): No timezone override file found: /data/misc/zoneinfo/current/icu/icu_tzdata.dat
12-09 07:57:33.781 E/memtrack( 8960): Couldn't load memtrack module (No such file or directory)
12-09 07:57:33.781 E/android.os.Debug( 8960): failed to load memtrack module: -2
12-09 07:57:33.782 I/Radio-JNI( 8960): register_android_hardware_Radio DONE
12-09 07:57:33.812 D/AndroidRuntime( 8960): Calling main entry com.android.commands.input.Input
12-09 07:57:33.812 I/Input   ( 8960): injectKeyEvent: KeyEvent { action=ACTION_DOWN, keyCode=KEYCODE_BACK, scanCode=0, metaState=0, flags=0x0, repeatCount=0, eventTime=3665095, downTime=3665095, deviceId=-1, source=0x101 }
12-09 07:57:34.027 W/audio_hw_generic( 1307): Not supplying enough data to HAL, expected position 17472236 , only wrote 17448417
12-09 07:57:34.034 W/audio_hw_generic( 1307): Not supplying enough data to HAL, expected position 17448764 , only wrote 17448417
12-09 07:57:34.058 W/audio_hw_generic( 1307): Not supplying enough data to HAL, expected position 17449477 , only wrote 17449078
12-09 07:57:34.059 W/audio_hw_generic( 1307): Not supplying enough data to HAL, expected position 17449084 , only wrote 17449078
12-09 07:57:34.075 W/audio_hw_generic( 1307): Not supplying enough data to HAL, expected position 17449779 , only wrote 17449739
12-09 07:57:34.076 I/Choreographer( 8842): Skipped 37 frames!  The application may be doing too much work on its main thread.
12-09 07:57:34.095 W/audio_hw_generic( 1307): Hardware backing HAL too slow, could only write 0 of 661 frames
12-09 07:57:34.110 W/audio_hw_generic( 1307): Hardware backing HAL too slow, could only write 0 of 661 frames
12-09 07:57:34.140 W/audio_hw_generic( 1307): Hardware backing HAL too slow, could only write 0 of 661 frames
12-09 07:57:34.159 W/audio_hw_generic( 1307): Hardware backing HAL too slow, could only write 0 of 661 frames
12-09 07:57:34.208 I/Input   ( 8960): injectKeyEvent: KeyEvent { action=ACTION_UP, keyCode=KEYCODE_BACK, scanCode=0, metaState=0, flags=0x0, repeatCount=0, eventTime=3665095, downTime=3665095, deviceId=-1, source=0x101 }
12-09 07:57:34.216 D/AndroidRuntime( 8960): Shutting down VM
12-09 07:57:34.356 W/audio_hw_generic( 1307): Not supplying enough data to HAL, expected position 17462166 , only wrote 17458993
12-09 07:57:34.356 W/audio_hw_generic( 1307): Not supplying enough data to HAL, expected position 17459000 , only wrote 17458993
12-09 07:57:34.359 W/ActivityManager( 1594): Bad activity token: android.os.BinderProxy@44055d6
12-09 07:57:34.359 W/ActivityManager( 1594): java.lang.ClassCastException: android.os.BinderProxy cannot be cast to com.android.server.am.ActivityRecord$Token
12-09 07:57:34.359 W/ActivityManager( 1594): 	at com.android.server.am.ActivityRecord.forTokenLocked(ActivityRecord.java:424)
12-09 07:57:34.359 W/ActivityManager( 1594): 	at com.android.server.am.ActivityRecord.isInStackLocked(ActivityRecord.java:1121)
12-09 07:57:34.359 W/ActivityManager( 1594): 	at com.android.server.am.ActivityManagerService.getActivityOptions(ActivityManagerService.java:11038)
12-09 07:57:34.359 W/ActivityManager( 1594): 	at android.app.ActivityManagerNative.onTransact(ActivityManagerNative.java:1734)
12-09 07:57:34.359 W/ActivityManager( 1594): 	at com.android.server.am.ActivityManagerService.onTransact(ActivityManagerService.java:2443)
12-09 07:57:34.359 W/ActivityManager( 1594): 	at android.os.Binder.execTransact(Binder.java:453)
12-09 07:57:34.383 W/audio_hw_generic( 1307): Not supplying enough data to HAL, expected position 17460145 , only wrote 17459654
12-09 07:57:34.421 V/PhoneStatusBar( 1686): setLightsOn(true)
12-09 07:57:34.467 D/gralloc_ranchu( 1218): gralloc_alloc: Creating ashmem region of size 3686400
12-09 07:57:34.496 W/audio_hw_generic( 1307): Hardware backing HAL too slow, could only write 0 of 661 frames
12-09 07:57:34.519 W/audio_hw_generic( 1307): Not supplying enough data to HAL, expected position 17470752 , only wrote 17465603
12-09 07:57:34.520 I/System.out( 8842): URI: //gesture
12-09 07:57:34.520 I/System.out( 8842): params: {json={"query_timeout":5.0,"gestures":[{"query_string":"android.widget.TabWidget descendant TextView index:2","touches":[{"x":50,"y":50,"offset_x":0,"offset_y":0,"wait":0.0,"time":0.2,"release":true,"query_string":null}]}]}
12-09 07:57:34.520 I/System.out( 8842): }
12-09 07:57:35.039 W/art     ( 1594): Long monitor contention event with owner method=void com.android.server.wm.WindowAnimator$1.doFrame(long) from WindowAnimator.java:121 waiters=0 for 171ms
12-09 07:57:35.105 I/Choreographer( 8842): Skipped 30 frames!  The application may be doing too much work on its main thread.
12-09 07:57:35.106 D/gralloc_ranchu( 1218): gralloc_alloc: Creating ashmem region of size 3686400
12-09 07:57:35.459 W/art     ( 1594): Long monitor contention event with owner method=void com.android.server.wm.WindowAnimator$1.doFrame(long) from WindowAnimator.java:121 waiters=0 for 114ms
12-09 07:57:35.711 W/art     ( 1594): Long monitor contention event with owner method=void com.android.server.wm.WindowAnimator$1.doFrame(long) from WindowAnimator.java:121 waiters=1 for 253ms
12-09 07:57:35.742 W/art     ( 1594): Long monitor contention event with owner method=java.util.List com.android.server.am.ActivityManagerService.getAllStackInfos() from ActivityManagerService.java:8937 waiters=0 for 170ms
12-09 07:57:36.138 D/gralloc_ranchu( 1218): gralloc_alloc: Creating ashmem region of size 3686400
12-09 07:57:36.339 I/calabash( 8842): newActivity1
12-09 07:57:36.340 W/ActivityManager( 1594): Bad activity token: android.os.BinderProxy@7d4c76c
12-09 07:57:36.340 W/ActivityManager( 1594): java.lang.ClassCastException: android.os.BinderProxy cannot be cast to com.android.server.am.ActivityRecord$Token
12-09 07:57:36.340 W/ActivityManager( 1594): 	at com.android.server.am.ActivityRecord.forTokenLocked(ActivityRecord.java:424)
12-09 07:57:36.340 W/ActivityManager( 1594): 	at com.android.server.am.ActivityRecord.isInStackLocked(ActivityRecord.java:1121)
12-09 07:57:36.340 W/ActivityManager( 1594): 	at com.android.server.am.ActivityRecord.getStackLocked(ActivityRecord.java:1126)
12-09 07:57:36.340 W/ActivityManager( 1594): 	at com.android.server.am.ActivityManagerService.getActivityDisplayId(ActivityManagerService.java:8889)
12-09 07:57:36.340 W/ActivityManager( 1594): 	at android.app.ActivityManagerNative.onTransact(ActivityManagerNative.java:2338)
12-09 07:57:36.340 W/ActivityManager( 1594): 	at com.android.server.am.ActivityManagerService.onTransact(ActivityManagerService.java:2443)
12-09 07:57:36.340 W/ActivityManager( 1594): 	at android.os.Binder.execTransact(Binder.java:453)
12-09 07:57:36.341 W/ActivityManager( 1594): Bad activity token: android.os.BinderProxy@7d4c76c
12-09 07:57:36.341 W/ActivityManager( 1594): java.lang.ClassCastException: android.os.BinderProxy cannot be cast to com.android.server.am.ActivityRecord$Token
12-09 07:57:36.341 W/ActivityManager( 1594): 	at com.android.server.am.ActivityRecord.forTokenLocked(ActivityRecord.java:424)
12-09 07:57:36.341 W/ActivityManager( 1594): 	at com.android.server.am.ActivityRecord.isInStackLocked(ActivityRecord.java:1121)
12-09 07:57:36.341 W/ActivityManager( 1594): 	at com.android.server.am.ActivityManagerService.setTaskDescription(ActivityManagerService.java:8547)
12-09 07:57:36.341 W/ActivityManager( 1594): 	at android.app.ActivityManagerNative.onTransact(ActivityManagerNative.java:2410)
12-09 07:57:36.341 W/ActivityManager( 1594): 	at com.android.server.am.ActivityManagerService.onTransact(ActivityManagerService.java:2443)
12-09 07:57:36.341 W/ActivityManager( 1594): 	at android.os.Binder.execTransact(Binder.java:453)
12-09 07:57:36.356 W/audio_hw_generic( 1307): Hardware backing HAL too slow, could only write 0 of 661 frames
12-09 07:57:36.370 D/AudioFlinger( 1307): mixer(0xf4340000) throttle end: throttle time(35)
12-09 07:57:36.395 W/audio_hw_generic( 1307): Not supplying enough data to HAL, expected position 17467310 , only wrote 17466925
12-09 07:57:36.395 W/audio_hw_generic( 1307): Hardware backing HAL too slow, could only write 0 of 661 frames
12-09 07:57:36.395 W/audio_hw_generic( 1307): Hardware backing HAL too slow, could only write 0 of 661 frames
12-09 07:57:36.407 W/art     ( 8842): Suspending all threads took: 9.969ms
12-09 07:57:36.419 W/audio_hw_generic( 1307): Hardware backing HAL too slow, could only write 0 of 661 frames
12-09 07:57:36.428 W/audio_hw_generic( 1307): Hardware backing HAL too slow, could only write 0 of 661 frames
12-09 07:57:36.471 D/VehicleStatisticsActivity( 8842): Checking recalculation ...
12-09 07:57:36.484 I/art     ( 8842): Background sticky concurrent mark sweep GC freed 47241(2MB) AllocSpace objects, 1(20KB) LOS objects, 32% free, 3MB/4MB, paused 11.367ms total 140.189ms
12-09 07:57:36.500 D/VehicleStatisticsActivity( 8842): Recalculating statistics
12-09 07:57:36.500 W/audio_hw_generic( 1307): Hardware backing HAL too slow, could only write 0 of 661 frames
12-09 07:57:36.501 D/VehicleStatisticsTask( 8842): Calculation starting...
12-09 07:57:36.501 D/VehicleStatisticsActivity( 8842): Recalculation started!
12-09 07:57:36.511 W/ActivityManager( 1594): Bad activity token: android.os.BinderProxy@7d4c76c
12-09 07:57:36.511 W/ActivityManager( 1594): java.lang.ClassCastException: android.os.BinderProxy cannot be cast to com.android.server.am.ActivityRecord$Token
12-09 07:57:36.511 W/ActivityManager( 1594): 	at com.android.server.am.ActivityRecord.forTokenLocked(ActivityRecord.java:424)
12-09 07:57:36.511 W/ActivityManager( 1594): 	at com.android.server.am.ActivityRecord.isInStackLocked(ActivityRecord.java:1121)
12-09 07:57:36.511 W/ActivityManager( 1594): 	at com.android.server.am.ActivityManagerService.getActivityOptions(ActivityManagerService.java:11038)
12-09 07:57:36.511 W/ActivityManager( 1594): 	at android.app.ActivityManagerNative.onTransact(ActivityManagerNative.java:1734)
12-09 07:57:36.511 W/ActivityManager( 1594): 	at com.android.server.am.ActivityManagerService.onTransact(ActivityManagerService.java:2443)
12-09 07:57:36.511 W/ActivityManager( 1594): 	at android.os.Binder.execTransact(Binder.java:453)
12-09 07:57:36.512 W/ActivityManager( 1594): Bad activity token: android.os.BinderProxy@7d4c76c
12-09 07:57:36.512 W/ActivityManager( 1594): java.lang.ClassCastException: android.os.BinderProxy cannot be cast to com.android.server.am.ActivityRecord$Token
12-09 07:57:36.512 W/ActivityManager( 1594): 	at com.android.server.am.ActivityRecord.forTokenLocked(ActivityRecord.java:424)
12-09 07:57:36.512 W/ActivityManager( 1594): 	at com.android.server.am.ActivityRecord.isInStackLocked(ActivityRecord.java:1121)
12-09 07:57:36.512 W/ActivityManager( 1594): 	at com.android.server.am.ActivityManagerService.getActivityOptions(ActivityManagerService.java:11038)
12-09 07:57:36.512 W/ActivityManager( 1594): 	at android.app.ActivityManagerNative.onTransact(ActivityManagerNative.java:1734)
12-09 07:57:36.512 W/ActivityManager( 1594): 	at com.android.server.am.ActivityManagerService.onTransact(ActivityManagerService.java:2443)
12-09 07:57:36.512 W/ActivityManager( 1594): 	at android.os.Binder.execTransact(Binder.java:453)
12-09 07:57:36.525 W/audio_hw_generic( 1307): Hardware backing HAL too slow, could only write 0 of 661 frames
12-09 07:57:36.671 W/audio_hw_generic( 1307): Not supplying enough data to HAL, expected position 17479120 , only wrote 17478823
12-09 07:57:36.671 W/audio_hw_generic( 1307): Not supplying enough data to HAL, expected position 17478830 , only wrote 17478823
12-09 07:57:36.702 D/VehicleStatisticsActivity( 8842): Checking recalculation ...
12-09 07:57:36.707 D/CalculateTask( 8842): Recalculating...
12-09 07:57:36.715 D/VehicleStatisticsActivity( 8842): Recalculating statistics
12-09 07:57:36.715 D/VehicleStatisticsTask( 8842): Calculation starting...
12-09 07:57:36.723 D/VehicleStatisticsActivity( 8842): Recalculation started!
12-09 07:57:36.819 W/audio_hw_generic( 1307): Hardware backing HAL too slow, could only write 0 of 661 frames
12-09 07:57:36.828 W/audio_hw_generic( 1307): Hardware backing HAL too slow, could only write 0 of 661 frames
12-09 07:57:36.856 W/audio_hw_generic( 1307): Hardware backing HAL too slow, could only write 0 of 661 frames
12-09 07:57:36.879 W/audio_hw_generic( 1307): Hardware backing HAL too slow, could only write 0 of 661 frames
12-09 07:57:36.911 W/audio_hw_generic( 1307): Hardware backing HAL too slow, could only write 0 of 661 frames
12-09 07:57:36.911 W/audio_hw_generic( 1307): Hardware backing HAL too slow, could only write 0 of 661 frames
12-09 07:57:36.938 W/audio_hw_generic( 1307): Not supplying enough data to HAL, expected position 17490595 , only wrote 17490060
12-09 07:57:36.938 W/audio_hw_generic( 1307): Hardware backing HAL too slow, could only write 0 of 661 frames
12-09 07:57:36.938 W/audio_hw_generic( 1307): Hardware backing HAL too slow, could only write 0 of 661 frames
12-09 07:57:36.974 D/CalculateTask( 8842): Recalculating...
12-09 07:57:37.021 D/VehicleStatisticsTask( 8842): Done recalculating!
12-09 07:57:37.021 D/VehicleStatisticsAdapter( 8842): Erasing the cache ...
12-09 07:57:37.040 D/VehicleStatisticsAdapter( 8842): Building new values ...
12-09 07:57:37.041 D/VehicleStatisticsAdapter( 8842): Writing 29 records to the database ...
12-09 07:57:37.047 E/SurfaceFlinger( 1218): ro.sf.lcd_density must be defined as a build property
12-09 07:57:37.091 D/Mileage.ABS( 8842): Finished backup
12-09 07:57:37.091 D/Mileage.ABS( 8842): Not backing up; 80
12-09 07:57:37.106 D/gralloc_ranchu( 1218): gralloc_alloc: Creating ashmem region of size 3686400
12-09 07:57:37.184 D/Mileage.ABS( 8842): Not backing up; 173
12-09 07:57:37.193 D/Mileage.ABS( 8842): Not backing up; 182
12-09 07:57:37.194 D/Mileage.ABS( 8842): Not backing up; 183
12-09 07:57:37.194 D/VehicleStatisticsTask( 8842): Done recalculating!
12-09 07:57:37.195 D/VehicleStatisticsAdapter( 8842): Erasing the cache ...
12-09 07:57:37.201 D/        ( 8971): HostConnection::get() New Host Connection established 0x7fed11112480, tid 8971
12-09 07:57:37.270 E/EGL_emulation( 1218): tid 1218: eglCreateSyncKHR(1881): error 0x3004 (EGL_BAD_ATTRIBUTE)
12-09 07:57:37.280 D/VehicleStatisticsAdapter( 8842): Building new values ...
12-09 07:57:37.280 D/VehicleStatisticsAdapter( 8842): Writing 29 records to the database ...
12-09 07:57:37.284 D/Mileage.ABS( 8842): Not backing up; 273
12-09 07:57:37.285 D/Mileage.ABS( 8842): Not backing up; 274
12-09 07:57:37.298 D/Mileage.ABS( 8842): Not backing up; 287
12-09 07:57:37.339 D/Mileage.ABS( 8842): Not backing up; 328
12-09 07:57:37.465 D/Mileage.ABS( 8842): Not backing up; 454
12-09 07:57:37.469 D/Mileage.ABS( 8842): Not backing up; 458
12-09 07:57:37.474 D/Mileage.ABS( 8842): Not backing up; 463
12-09 07:57:37.521 D/Mileage.ABS( 8842): Not backing up; 510
12-09 07:57:37.579 D/Mileage.ABS( 8842): Not backing up; 568
12-09 07:57:37.643 D/Mileage.ABS( 8842): Not backing up; 632
12-09 07:57:37.697 D/Mileage.ABS( 8842): Not backing up; 686
12-09 07:57:37.767 W/audio_hw_generic( 1307): Not supplying enough data to HAL, expected position 17526614 , only wrote 17526415
12-09 07:57:37.863 W/audio_hw_generic( 1307): Not supplying enough data to HAL, expected position 17530654 , only wrote 17529720
12-09 07:57:37.863 W/audio_hw_generic( 1307): Not supplying enough data to HAL, expected position 17529727 , only wrote 17529720
12-09 07:57:37.879 W/audio_hw_generic( 1307): Not supplying enough data to HAL, expected position 17530410 , only wrote 17530381
12-09 07:57:37.879 W/audio_hw_generic( 1307): Hardware backing HAL too slow, could only write 0 of 661 frames
12-09 07:57:37.879 W/audio_hw_generic( 1307): Hardware backing HAL too slow, could only write 0 of 661 frames
12-09 07:57:37.937 D/Mileage.ABS( 8842): Not backing up; 926
12-09 07:57:37.946 I/System.out( 8842): URI: //map
12-09 07:57:37.946 I/System.out( 8842): params: {json={"query":"* {text CONTAINS[c] 'Average fuel economy'}","operation":{"method_name":"query","arguments":[]}}
12-09 07:57:37.946 I/System.out( 8842): }
12-09 07:57:38.141 I/art     ( 8842): Background sticky concurrent mark sweep GC freed 28928(1372KB) AllocSpace objects, 2(40KB) LOS objects, 26% free, 3MB/4MB, paused 1.734ms total 156.148ms
12-09 07:57:38.216 W/audio_hw_generic( 1307): Hardware backing HAL too slow, could only write 0 of 661 frames
12-09 07:57:38.287 D/Mileage.ABS( 8842): Finished backup
12-09 07:57:38.287 D/Mileage.ABS( 8842): Not backing up; 69
12-09 07:57:38.287 D/Mileage.ABS( 8842): Not backing up; 69
12-09 07:57:38.288 D/Mileage.ABS( 8842): Not backing up; 70
12-09 07:57:38.293 D/Mileage.ABS( 8842): Not backing up; 75
12-09 07:57:38.293 D/Mileage.ABS( 8842): Not backing up; 75
12-09 07:57:38.300 D/Mileage.ABS( 8842): Not backing up; 82
12-09 07:57:38.314 D/Mileage.ABS( 8842): Not backing up; 96
12-09 07:57:38.409 D/Mileage.ABS( 8842): Not backing up; 191
12-09 07:57:38.484 D/Mileage.ABS( 8842): Not backing up; 266
12-09 07:57:38.497 W/audio_hw_generic( 1307): Not supplying enough data to HAL, expected position 17557632 , only wrote 17557482
12-09 07:57:38.751 W/audio_hw_generic( 1307): Not supplying enough data to HAL, expected position 17568659 , only wrote 17568058
12-09 07:57:38.751 W/audio_hw_generic( 1307): Not supplying enough data to HAL, expected position 17568065 , only wrote 17568058
12-09 07:57:38.778 W/audio_hw_generic( 1307): Not supplying enough data to HAL, expected position 17569280 , only wrote 17568719
12-09 07:57:38.871 W/audio_hw_generic( 1307): Not supplying enough data to HAL, expected position 17572780 , only wrote 17572685
12-09 07:57:38.905 W/audio_hw_generic( 1307): Not supplying enough data to HAL, expected position 17574217 , only wrote 17574007
12-09 07:57:39.002 D/Mileage.ABS( 8842): Not backing up; 784
12-09 07:57:39.003 D/Mileage.ABS( 8842): Not backing up; 785
12-09 07:57:39.003 D/Mileage.ABS( 8842): Not backing up; 785
12-09 07:57:39.003 D/Mileage.ABS( 8842): Not backing up; 785
12-09 07:57:39.003 D/Mileage.ABS( 8842): Not backing up; 785
12-09 07:57:39.004 D/Mileage.ABS( 8842): Not backing up; 786
12-09 07:57:39.004 D/Mileage.ABS( 8842): Not backing up; 786
12-09 07:57:39.004 D/Mileage.ABS( 8842): Not backing up; 786
12-09 07:57:39.004 D/Mileage.ABS( 8842): Not backing up; 786
12-09 07:57:39.081 I/System.out( 8842): URI: //gesture
12-09 07:57:39.081 I/System.out( 8842): params: {json={"query_timeout":5.0,"gestures":[{"query_string":"* {text CONTAINS[c] 'Average fuel economy'}","touches":[{"x":50,"y":50,"offset_x":0,"offset_y":0,"wait":0.0,"time":0.2,"release":true,"query_string":null}]}]}
12-09 07:57:39.081 I/System.out( 8842): }
12-09 07:57:39.097 I/art     ( 8842): Background partial concurrent mark sweep GC freed 38942(1883KB) AllocSpace objects, 2(40KB) LOS objects, 39% free, 3MB/6MB, paused 12.416ms total 572.287ms
12-09 07:57:39.098 D/Mileage.ABS( 8842): Not backing up; 880
12-09 07:57:39.120 D/Mileage.ABS( 8842): Not backing up; 902
12-09 07:57:39.380 D/Mileage.ABS( 8842): Finished backup
12-09 07:57:39.393 D/Mileage.ABS( 8842): Not backing up; 51
12-09 07:57:39.393 D/Mileage.ABS( 8842): Not backing up; 51
12-09 07:57:39.419 D/Mileage.ABS( 8842): Not backing up; 77
12-09 07:57:39.419 D/Mileage.ABS( 8842): Not backing up; 77
12-09 07:57:39.420 D/Mileage.ABS( 8842): Not backing up; 78
12-09 07:57:39.420 D/Mileage.ABS( 8842): Not backing up; 78
12-09 07:57:39.420 D/Mileage.ABS( 8842): Not backing up; 78
12-09 07:57:39.420 D/Mileage.ABS( 8842): Not backing up; 78
12-09 07:57:39.463 W/audio_hw_generic( 1307): Not supplying enough data to HAL, expected position 17622297 , only wrote 17598464
12-09 07:57:39.479 D/Mileage.ABS( 8842): Not backing up; 137
12-09 07:57:39.602 D/Mileage.ABS( 8842): Not backing up; 260
12-09 07:57:39.603 D/Mileage.ABS( 8842): Not backing up; 261
12-09 07:57:39.611 D/Mileage.ABS( 8842): Not backing up; 269
12-09 07:57:39.612 D/Mileage.ABS( 8842): Not backing up; 270
12-09 07:57:39.651 I/ActivityManager( 1594): START u0 {cmp=com.evancharlton.mileage/.charts.AverageFuelEconomyChart (has extras)} from uid 10123 on display 0
12-09 07:57:39.680 D/AudioFlinger( 1307): mixer(0xf4340000) throttle end: throttle time(11)
12-09 07:57:39.715 W/audio_hw_generic( 1307): Hardware backing HAL too slow, could only write 0 of 661 frames
12-09 07:57:39.726 W/audio_hw_generic( 1307): Hardware backing HAL too slow, could only write 0 of 661 frames
12-09 07:57:39.741 W/audio_hw_generic( 1307): Hardware backing HAL too slow, could only write 0 of 661 frames
12-09 07:57:39.756 W/audio_hw_generic( 1307): Hardware backing HAL too slow, could only write 0 of 661 frames
12-09 07:57:39.771 W/audio_hw_generic( 1307): Hardware backing HAL too slow, could only write 0 of 661 frames
12-09 07:57:39.786 W/audio_hw_generic( 1307): Hardware backing HAL too slow, could only write 0 of 661 frames
12-09 07:57:39.844 D/VehicleStatisticsAdapter( 8842): Caching of 29 records complete! (2.803 seconds)
12-09 07:57:39.964 D/Mileage.ABS( 8842): Not backing up; 622
12-09 07:57:39.985 I/calabash( 8842): newActivity1
12-09 07:57:39.987 D/Mileage.ABS( 8842): Not backing up; 645
12-09 07:57:39.988 D/Mileage.ABS( 8842): Not backing up; 645
12-09 07:57:39.988 D/Mileage.ABS( 8842): Not backing up; 646
12-09 07:57:39.988 D/Mileage.ABS( 8842): Not backing up; 646
12-09 07:57:39.988 D/Mileage.ABS( 8842): Not backing up; 646
12-09 07:57:39.988 D/Mileage.ABS( 8842): Not backing up; 646
12-09 07:57:39.989 D/Mileage.ABS( 8842): Not backing up; 647
12-09 07:57:40.115 W/aiCharts( 8842): License file is invalid or missing. 
12-09 07:57:40.115 W/aiCharts( 8842): Please place proper license.lic to /assets folder.
12-09 07:57:40.264 D/VehicleStatisticsAdapter( 8842): Caching of 29 records complete! (2.984 seconds)
12-09 07:57:40.322 I/art     ( 8842): Background sticky concurrent mark sweep GC freed 49781(2MB) AllocSpace objects, 3(60KB) LOS objects, 41% free, 3MB/6MB, paused 15.926ms total 125.542ms
12-09 07:57:40.325 V/PhoneStatusBar( 1686): setLightsOn(true)
12-09 07:57:40.365 D/Mileage.ABS( 8842): Finished backup
12-09 07:57:40.366 D/Mileage.ABS( 8842): Not backing up; 14
12-09 07:57:40.441 E/SurfaceFlinger( 1218): ro.sf.lcd_density must be defined as a build property
12-09 07:57:40.487 D/gralloc_ranchu( 1218): gralloc_alloc: Creating ashmem region of size 3686400
12-09 07:57:40.530 D/        ( 8992): HostConnection::get() New Host Connection established 0x7fc125552480, tid 8992
12-09 07:57:40.567 E/EGL_emulation( 1218): tid 1218: eglCreateSyncKHR(1881): error 0x3004 (EGL_BAD_ATTRIBUTE)
12-09 07:57:40.612 W/audio_hw_generic( 1307): Not supplying enough data to HAL, expected position 17640237 , only wrote 17640107
12-09 07:57:40.643 W/audio_hw_generic( 1307): Hardware backing HAL too slow, could only write 0 of 661 frames
12-09 07:57:40.662 W/audio_hw_generic( 1307): Hardware backing HAL too slow, could only write 0 of 661 frames
12-09 07:57:40.679 W/audio_hw_generic( 1307): Hardware backing HAL too slow, could only write 0 of 661 frames
12-09 07:57:40.679 D/gralloc_ranchu( 1218): gralloc_alloc: Creating ashmem region of size 372736
12-09 07:57:40.695 W/audio_hw_generic( 1307): Hardware backing HAL too slow, could only write 0 of 661 frames
12-09 07:57:40.913 W/audio_hw_generic( 1307): Not supplying enough data to HAL, expected position 17653384 , only wrote 17651344
12-09 07:57:40.914 W/audio_hw_generic( 1307): Not supplying enough data to HAL, expected position 17651351 , only wrote 17651344
12-09 07:57:40.928 D/gralloc_ranchu( 1218): gralloc_alloc: Creating ashmem region of size 3686400
12-09 07:57:40.931 W/audio_hw_generic( 1307): Not supplying enough data to HAL, expected position 17652091 , only wrote 17652005
12-09 07:57:41.107 W/audio_hw_generic( 1307): Not supplying enough data to HAL, expected position 17659784 , only wrote 17659276
12-09 07:57:41.107 W/audio_hw_generic( 1307): Not supplying enough data to HAL, expected position 17659283 , only wrote 17659276
12-09 07:57:41.125 W/audio_hw_generic( 1307): Not supplying enough data to HAL, expected position 17660057 , only wrote 17659937
12-09 07:57:41.216 W/audio_hw_generic( 1307): Not supplying enough data to HAL, expected position 17663938 , only wrote 17663903
12-09 07:57:41.307 W/audio_hw_generic( 1307): Not supplying enough data to HAL, expected position 17667939 , only wrote 17667869
12-09 07:57:41.333 W/audio_hw_generic( 1307): Not supplying enough data to HAL, expected position 17669008 , only wrote 17668530
12-09 07:57:41.333 W/audio_hw_generic( 1307): Not supplying enough data to HAL, expected position 17668537 , only wrote 17668530
12-09 07:57:41.381 W/audio_hw_generic( 1307): Hardware backing HAL too slow, could only write 0 of 661 frames
12-09 07:57:41.396 W/audio_hw_generic( 1307): Hardware backing HAL too slow, could only write 0 of 661 frames
12-09 07:57:41.424 W/audio_hw_generic( 1307): Hardware backing HAL too slow, could only write 0 of 661 frames
12-09 07:57:41.427 W/audio_hw_generic( 1307): Hardware backing HAL too slow, could only write 0 of 661 frames
12-09 07:57:41.635 W/audio_hw_generic( 1307): Not supplying enough data to HAL, expected position 17681851 , only wrote 17681750
12-09 07:57:41.635 W/audio_hw_generic( 1307): Not supplying enough data to HAL, expected position 17681757 , only wrote 17681750
12-09 07:57:41.660 W/audio_hw_generic( 1307): Not supplying enough data to HAL, expected position 17682832 , only wrote 17682411
12-09 07:57:41.660 W/audio_hw_generic( 1307): Hardware backing HAL too slow, could only write 0 of 661 frames
12-09 07:57:41.691 W/audio_hw_generic( 1307): Not supplying enough data to HAL, expected position 17683764 , only wrote 17683733
12-09 07:57:41.691 W/audio_hw_generic( 1307): Hardware backing HAL too slow, could only write 0 of 661 frames
12-09 07:57:41.691 W/audio_hw_generic( 1307): Hardware backing HAL too slow, could only write 0 of 661 frames
12-09 07:57:41.711 W/audio_hw_generic( 1307): Hardware backing HAL too slow, could only write 0 of 661 frames
12-09 07:57:41.739 W/audio_hw_generic( 1307): Hardware backing HAL too slow, could only write 0 of 661 frames
12-09 07:57:41.763 W/audio_hw_generic( 1307): Hardware backing HAL too slow, could only write 0 of 661 frames
12-09 07:57:41.763 W/audio_hw_generic( 1307): Hardware backing HAL too slow, could only write 0 of 661 frames
12-09 07:57:41.765 W/art     ( 1594): Long monitor contention event with owner method=void com.android.server.wm.WindowAnimator$1.doFrame(long) from WindowAnimator.java:121 waiters=1 for 376ms
12-09 07:57:41.783 W/audio_hw_generic( 1307): Not supplying enough data to HAL, expected position 17687787 , only wrote 17687699
12-09 07:57:41.783 W/audio_hw_generic( 1307): Hardware backing HAL too slow, could only write 0 of 661 frames
12-09 07:57:41.798 W/audio_hw_generic( 1307): Hardware backing HAL too slow, could only write 0 of 661 frames
12-09 07:57:41.814 W/audio_hw_generic( 1307): Hardware backing HAL too slow, could only write 0 of 661 frames
12-09 07:57:41.829 W/audio_hw_generic( 1307): Hardware backing HAL too slow, could only write 0 of 661 frames
12-09 07:57:41.844 W/art     ( 1594): Long monitor contention event with owner method=void com.android.server.wm.WindowAnimator$1.doFrame(long) from WindowAnimator.java:121 waiters=1 for 282ms
12-09 07:57:41.980 W/art     ( 1594): Long monitor contention event with owner method=java.util.List com.android.server.am.ActivityManagerService.getAllStackInfos() from ActivityManagerService.java:8937 waiters=0 for 520ms
12-09 07:57:42.115 W/audio_hw_generic( 1307): Not supplying enough data to HAL, expected position 17702363 , only wrote 17702241
12-09 07:57:42.115 W/audio_hw_generic( 1307): Not supplying enough data to HAL, expected position 17702248 , only wrote 17702241
12-09 07:57:42.131 W/audio_hw_generic( 1307): Not supplying enough data to HAL, expected position 17702912 , only wrote 17702902
12-09 07:57:42.227 W/audio_hw_generic( 1307): Not supplying enough data to HAL, expected position 17707163 , only wrote 17706207
12-09 07:57:42.227 W/audio_hw_generic( 1307): Not supplying enough data to HAL, expected position 17706214 , only wrote 17706207
12-09 07:57:42.244 I/ActivityManager( 1594): Displayed com.evancharlton.mileage/.charts.AverageFuelEconomyChart: +2s294ms
12-09 07:57:42.247 W/audio_hw_generic( 1307): Not supplying enough data to HAL, expected position 17707065 , only wrote 17706868
