--------- beginning of system
12-09 08:42:44.919 W/ActivityManager( 1593): Finishing task with all activities already finished
12-09 08:42:44.919 W/ActivityManager( 1593): Duplicate finish request for ActivityRecord{7f57003 u0 com.evancharlton.mileage/.Mileage t499 f}
12-09 08:42:44.919 W/ActivityManager( 1593): Finishing task with all activities already finished
12-09 08:42:44.919 W/ActivityManager( 1593): Duplicate finish request for ActivityRecord{7f57003 u0 com.evancharlton.mileage/.Mileage t499 f}
12-09 08:42:44.919 W/ActivityManager( 1593): Finishing task with all activities already finished
12-09 08:42:44.919 W/ActivityManager( 1593): Duplicate finish request for ActivityRecord{7f57003 u0 com.evancharlton.mileage/.Mileage t499 f}
12-09 08:42:44.923 W/ActivityManager( 1593): Finishing task with all activities already finished
12-09 08:42:44.923 W/ActivityManager( 1593): Duplicate finish request for ActivityRecord{7f57003 u0 com.evancharlton.mileage/.Mileage t499 f}
12-09 08:42:44.923 W/ActivityManager( 1593): Finishing task with all activities already finished
12-09 08:42:44.923 W/ActivityManager( 1593): Duplicate finish request for ActivityRecord{7f57003 u0 com.evancharlton.mileage/.Mileage t499 f}
12-09 08:42:44.923 W/ActivityManager( 1593): Finishing task with all activities already finished
12-09 08:42:44.952 W/ActivityManager( 1593): Duplicate finish request for ActivityRecord{7f57003 u0 com.evancharlton.mileage/.Mileage t499 f}
--------- beginning of main
12-09 08:42:45.059 I/art     ( 1593): Background partial concurrent mark sweep GC freed 418(20KB) AllocSpace objects, 0(0B) LOS objects, 30% free, 9MB/13MB, paused 1.593ms total 155.210ms
12-09 08:42:45.061 W/ActivityManager( 1593): Finishing task with all activities already finished
12-09 08:42:45.061 W/ActivityManager( 1593): Duplicate finish request for ActivityRecord{7f57003 u0 com.evancharlton.mileage/.Mileage t499 f}
12-09 08:42:45.061 W/ActivityManager( 1593): Finishing task with all activities already finished
12-09 08:42:45.061 W/ActivityManager( 1593): Duplicate finish request for ActivityRecord{7f57003 u0 com.evancharlton.mileage/.Mileage t499 f}
12-09 08:42:45.062 W/ActivityManager( 1593): Finishing task with all activities already finished
12-09 08:42:45.062 W/ActivityManager( 1593): Duplicate finish request for ActivityRecord{7f57003 u0 com.evancharlton.mileage/.Mileage t499 f}
12-09 08:42:45.062 W/ActivityManager( 1593): Finishing task with all activities already finished
12-09 08:42:45.063 W/ActivityManager( 1593): Duplicate finish request for ActivityRecord{7f57003 u0 com.evancharlton.mileage/.Mileage t499 f}
12-09 08:42:45.063 W/ActivityManager( 1593): Finishing task with all activities already finished
12-09 08:42:45.063 W/ActivityManager( 1593): Duplicate finish request for ActivityRecord{7f57003 u0 com.evancharlton.mileage/.Mileage t499 f}
12-09 08:42:45.265 D/EGL_emulation( 1924): eglMakeCurrent: 0x7f78eed74640: ver 2 0 (tinfo 0x7f78eed42860)
12-09 08:42:45.768 D/AndroidRuntime(21295): >>>>>> START com.android.internal.os.RuntimeInit uid 0 <<<<<<
12-09 08:42:45.770 D/AndroidRuntime(21295): CheckJNI is ON
12-09 08:42:45.833 D/ICU     (21295): No timezone override file found: /data/misc/zoneinfo/current/icu/icu_tzdata.dat
12-09 08:42:45.952 E/memtrack(21295): Couldn't load memtrack module (No such file or directory)
12-09 08:42:45.960 E/android.os.Debug(21295): failed to load memtrack module: -2
12-09 08:42:45.961 I/Radio-JNI(21295): register_android_hardware_Radio DONE
12-09 08:42:45.987 D/AndroidRuntime(21295): Calling main entry com.android.commands.am.Am
12-09 08:42:46.017 I/ActivityManager( 1593): Force stopping com.evancharlton.mileage appid=10143 user=0: start instr
12-09 08:42:46.017 I/ActivityManager( 1593): Killing 21249:com.evancharlton.mileage/u0a143 (adj 0): stop com.evancharlton.mileage
12-09 08:42:46.241 W/art     ( 1593): Long monitor contention event with owner method=void com.android.server.wm.WindowAnimator$1.doFrame(long) from WindowAnimator.java:121 waiters=0 for 317ms
12-09 08:42:46.251 W/art     ( 1593): Long monitor contention event with owner method=void com.android.server.wm.WindowAnimator$1.doFrame(long) from WindowAnimator.java:121 waiters=1 for 145ms
12-09 08:42:46.277 W/ActivityManager( 1593): Crash of app com.evancharlton.mileage running instrumentation ComponentInfo{com.evancharlton.mileage.test/sh.calaba.instrumentationbackend.CalabashInstrumentationTestRunner}
12-09 08:42:46.278 I/ActivityManager( 1593): Force stopping com.evancharlton.mileage appid=10143 user=0: finished inst
12-09 08:42:46.356 W/art     ( 1593): Long monitor contention event with owner method=void com.android.server.wm.WindowAnimator$1.doFrame(long) from WindowAnimator.java:121 waiters=1 for 115ms
12-09 08:42:46.697 W/art     ( 1593): Long monitor contention event with owner method=void com.android.server.wm.WindowAnimator$1.doFrame(long) from WindowAnimator.java:121 waiters=2 for 341ms
12-09 08:42:46.697 W/InputMethodManagerService( 1593): Got RemoteException sending setActive(false) notification to pid 21249 uid 10143
12-09 08:42:46.698 W/art     ( 1593): Long monitor contention event with owner method=void com.android.server.wm.WindowAnimator$1.doFrame(long) from WindowAnimator.java:121 waiters=2 for 245ms
12-09 08:42:46.698 I/WindowState( 1593): WIN DEATH: Window{750eb9d u0 com.evancharlton.mileage/com.evancharlton.mileage.Mileage EXITING}
12-09 08:42:46.699 W/art     ( 1593): Long monitor contention event with owner method=com.android.internal.view.InputBindResult com.android.server.InputMethodManagerService.windowGainedFocus(com.android.internal.view.IInputMethodClient, android.os.IBinder, int, int, int, android.view.inputmethod.EditorInfo, com.android.internal.view.IInputContext) from InputMethodManagerService.java:2177 waiters=0 for 593ms
12-09 08:42:46.699 I/Choreographer( 1924): Skipped 84 frames!  The application may be doing too much work on its main thread.
12-09 08:42:46.958 W/art     ( 1593): Long monitor contention event with owner method=void com.android.server.wm.WindowAnimator$1.doFrame(long) from WindowAnimator.java:121 waiters=1 for 128ms
12-09 08:42:47.593 W/art     ( 1593): Long monitor contention event with owner method=void com.android.server.wm.WindowAnimator$1.doFrame(long) from WindowAnimator.java:121 waiters=1 for 192ms
12-09 08:42:48.109 W/art     ( 1593): Long monitor contention event with owner method=void com.android.server.wm.WindowAnimator$1.doFrame(long) from WindowAnimator.java:121 waiters=1 for 186ms
12-09 08:42:48.155 W/art     ( 1593): Long monitor contention event with owner method=void com.android.server.wm.WindowAnimator$1.doFrame(long) from WindowAnimator.java:121 waiters=1 for 134ms
12-09 08:42:48.603 W/art     ( 1593): Long monitor contention event with owner method=void com.android.server.wm.WindowAnimator$1.doFrame(long) from WindowAnimator.java:121 waiters=1 for 163ms
12-09 08:42:48.693 I/ActivityManager( 1593): Start proc 21304:com.evancharlton.mileage/u0a143 for added application com.evancharlton.mileage
12-09 08:42:48.693 W/art     ( 1593): Long monitor contention event with owner method=boolean com.android.server.am.ActivityManagerService.startInstrumentation(android.content.ComponentName, java.lang.String, int, android.os.Bundle, android.app.IInstrumentationWatcher, android.app.IUiAutomationConnection, int, java.lang.String) from ActivityManagerService.java:17066 waiters=0 for 2.639s
12-09 08:42:48.694 W/art     ( 1593): Long monitor contention event with owner method=boolean com.android.server.am.ActivityManagerService.startInstrumentation(android.content.ComponentName, java.lang.String, int, android.os.Bundle, android.app.IInstrumentationWatcher, android.app.IUiAutomationConnection, int, java.lang.String) from ActivityManagerService.java:17066 waiters=1 for 2.640s
12-09 08:42:48.695 W/art     ( 1593): Long monitor contention event with owner method=boolean com.android.server.am.ActivityManagerService.startInstrumentation(android.content.ComponentName, java.lang.String, int, android.os.Bundle, android.app.IInstrumentationWatcher, android.app.IUiAutomationConnection, int, java.lang.String) from ActivityManagerService.java:17066 waiters=2 for 2.590s
12-09 08:42:48.695 W/ActivityManager( 1593): Spurious death for ProcessRecord{696d76a 0:com.evancharlton.mileage/u0a143}, curProc for 21249: null
12-09 08:42:48.695 W/art     ( 1593): Long monitor contention event with owner method=boolean com.android.server.am.ActivityManagerService.startInstrumentation(android.content.ComponentName, java.lang.String, int, android.os.Bundle, android.app.IInstrumentationWatcher, android.app.IUiAutomationConnection, int, java.lang.String) from ActivityManagerService.java:17066 waiters=3 for 191ms
12-09 08:42:48.700 D/AndroidRuntime(21295): Shutting down VM
12-09 08:42:49.493 W/art     ( 1593): Long monitor contention event with owner method=void com.android.server.wm.WindowAnimator$1.doFrame(long) from WindowAnimator.java:121 waiters=1 for 205ms
12-09 08:42:49.960 I/Choreographer( 1924): Skipped 193 frames!  The application may be doing too much work on its main thread.
12-09 08:42:49.976 W/art     ( 1593): Long monitor contention event with owner method=java.util.List com.android.server.am.ActivityManagerService.getAllStackInfos() from ActivityManagerService.java:8937 waiters=0 for 1.238s
12-09 08:42:49.978 W/art     ( 1593): Long monitor contention event with owner method=java.util.List com.android.server.am.ActivityManagerService.getAllStackInfos() from ActivityManagerService.java:8937 waiters=1 for 1.233s
12-09 08:42:49.980 W/art     ( 1593): Long monitor contention event with owner method=java.util.List com.android.server.am.ActivityManagerService.getAllStackInfos() from ActivityManagerService.java:8937 waiters=2 for 784ms
12-09 08:42:50.045 W/OpenGLRenderer( 1924): Incorrectly called buildLayer on View: ShortcutAndWidgetContainer, destroying layer...
12-09 08:42:50.136 W/System  (21304): ClassLoader referenced unknown path: /data/app/com.evancharlton.mileage.test-1/lib/x86_64
12-09 08:42:50.136 W/System  (21304): ClassLoader referenced unknown path: /data/app/com.evancharlton.mileage-1/lib/x86_64
12-09 08:42:50.257 I/System.out(21304): Main activity name automatically set to: com.evancharlton.mileage.Mileage
12-09 08:42:50.257 I/System.out(21304): Calabash did not load Mono. This is only a problem if you are trying to test a Mono application
12-09 08:42:50.257 I/calabash(21304): Test server port: 7102
12-09 08:42:50.258 I/InstrumentationBackend(21304): Added:'GetPreferences', with key:'get_preferences'
12-09 08:42:50.412 I/art     (21304): Background sticky concurrent mark sweep GC freed 7406(378KB) AllocSpace objects, 0(0B) LOS objects, 40% free, 773KB/1295KB, paused 5.885ms total 176.370ms
12-09 08:42:50.479 I/InstrumentationBackend(21304): Added:'SetPreferences', with key:'set_preferences'
12-09 08:42:50.516 I/InstrumentationBackend(21304): Added:'ClearPreferences', with key:'clear_preferences'
12-09 08:42:50.516 I/InstrumentationBackend(21304): Added:'PressElement', with key:'press_l10n_element'
12-09 08:42:50.517 I/InstrumentationBackend(21304): Added:'WaitForElement', with key:'wait_for_l10n_element'
12-09 08:42:50.517 I/InstrumentationBackend(21304): Added:'NullAction', with key:'nullAction'
12-09 08:42:50.517 I/InstrumentationBackend(21304): Added:'PressKey', with key:'press_key'
12-09 08:42:50.518 I/InstrumentationBackend(21304): Added:'SetActivityOrientation', with key:'set_activity_orientation'
12-09 08:42:50.519 I/InstrumentationBackend(21304): Added:'GetActivityOrientation', with key:'get_activity_orientation'
12-09 08:42:50.519 I/InstrumentationBackend(21304): Added:'FakeGPSLocation', with key:'set_gps_coordinates'
12-09 08:42:50.519 I/InstrumentationBackend(21304): Added:'SetPropertyByCssSelector', with key:'set_property_by_css_selector'
12-09 08:42:50.519 I/InstrumentationBackend(21304): Added:'GetUrl', with key:'get_url'
12-09 08:42:50.520 I/InstrumentationBackend(21304): Added:'ScrollTo', with key:'scroll_to'
12-09 08:42:50.520 I/InstrumentationBackend(21304): Added:'GetLoadProgress', with key:'get_load_progress'
12-09 08:42:50.520 I/InstrumentationBackend(21304): Added:'DumpHtml', with key:'dump_html'
12-09 08:42:50.521 I/InstrumentationBackend(21304): Added:'DumpBodyHtml', with key:'dump_body_html'
12-09 08:42:50.521 I/InstrumentationBackend(21304): Added:'EnterTextByCssSelector', with key:'enter_text_by_selector'
12-09 08:42:50.522 I/InstrumentationBackend(21304): Added:'AndroidSDKVersion', with key:'android_sdk_version'
12-09 08:42:50.522 I/InstrumentationBackend(21304): Added:'Version', with key:'version'
12-09 08:42:50.522 I/InstrumentationBackend(21304): Added:'Drag', with key:'drag'
12-09 08:42:50.523 I/InstrumentationBackend(21304): Added:'TouchCoordinates', with key:'touch_coordinate'
12-09 08:42:50.523 I/InstrumentationBackend(21304): Added:'LongPressCoordinate', with key:'long_press_coordinate'
12-09 08:42:50.523 I/InstrumentationBackend(21304): Added:'DragCoordinates', with key:'drag_coordinates'
12-09 08:42:50.523 I/InstrumentationBackend(21304): Added:'ResumeApplication', with key:'resume_application'
12-09 08:42:50.523 I/InstrumentationBackend(21304): Added:'Swipe', with key:'swipe'
12-09 08:42:50.523 I/InstrumentationBackend(21304): Added:'DoubleTapCoordinate', with key:'double_tap_coordinate'
12-09 08:42:50.575 I/InstrumentationBackend(21304): Added:'ClickOnScreen', with key:'click_on_screen'
12-09 08:42:50.575 I/InstrumentationBackend(21304): Added:'GetActivityName', with key:'get_activity_name'
12-09 08:42:50.575 I/InstrumentationBackend(21304): Added:'ScrollToView', with key:'scroll_to_view'
12-09 08:42:50.584 W/art     ( 1593): Long monitor contention event with owner method=void com.android.server.wm.WindowAnimator$1.doFrame(long) from WindowAnimator.java:121 waiters=0 for 175ms
12-09 08:42:50.586 W/WindowAnimator( 1593): Failed to dispatch window animation state change.
12-09 08:42:50.586 W/WindowAnimator( 1593): android.os.DeadObjectException
12-09 08:42:50.586 W/WindowAnimator( 1593): 	at android.os.BinderProxy.transactNative(Native Method)
12-09 08:42:50.586 W/WindowAnimator( 1593): 	at android.os.BinderProxy.transact(Binder.java:503)
12-09 08:42:50.586 W/WindowAnimator( 1593): 	at android.view.IWindow$Stub$Proxy.onAnimationStopped(IWindow.java:534)
12-09 08:42:50.586 W/WindowAnimator( 1593): 	at com.android.server.wm.WindowAnimator.updateWindowsLocked(WindowAnimator.java:286)
12-09 08:42:50.586 W/WindowAnimator( 1593): 	at com.android.server.wm.WindowAnimator.animateLocked(WindowAnimator.java:678)
12-09 08:42:50.586 W/WindowAnimator( 1593): 	at com.android.server.wm.WindowAnimator.-wrap0(WindowAnimator.java)
12-09 08:42:50.586 W/WindowAnimator( 1593): 	at com.android.server.wm.WindowAnimator$1.doFrame(WindowAnimator.java:123)
12-09 08:42:50.586 W/WindowAnimator( 1593): 	at android.view.Choreographer$CallbackRecord.run(Choreographer.java:856)
12-09 08:42:50.586 W/WindowAnimator( 1593): 	at android.view.Choreographer.doCallbacks(Choreographer.java:670)
12-09 08:42:50.586 W/WindowAnimator( 1593): 	at android.view.Choreographer.doFrame(Choreographer.java:603)
12-09 08:42:50.586 W/WindowAnimator( 1593): 	at android.view.Choreographer$FrameDisplayEventReceiver.run(Choreographer.java:844)
12-09 08:42:50.586 W/WindowAnimator( 1593): 	at android.os.Handler.handleCallback(Handler.java:739)
12-09 08:42:50.586 W/WindowAnimator( 1593): 	at android.os.Handler.dispatchMessage(Handler.java:95)
12-09 08:42:50.586 W/WindowAnimator( 1593): 	at android.os.Looper.loop(Looper.java:148)
12-09 08:42:50.586 W/WindowAnimator( 1593): 	at android.os.HandlerThread.run(HandlerThread.java:61)
12-09 08:42:50.586 W/WindowAnimator( 1593): 	at com.android.server.ServiceThread.run(ServiceThread.java:46)
12-09 08:42:50.587 I/InstrumentationBackend(21304): Added:'ViewConfiguration', with key:'view_configuration'
12-09 08:42:50.592 I/InstrumentationBackend(21304): Added:'IsCurrentActivityFocused', with key:'is_current_activity_focused'
12-09 08:42:50.594 I/InstrumentationBackend(21304): Added:'SendTcp', with key:'send_tcp'
12-09 08:42:50.595 I/InstrumentationBackend(21304): Added:'DpToDevicePixel', with key:'dp_to_device_pixel'
12-09 08:42:50.595 I/InstrumentationBackend(21304): Added:'KeyboardEnterText', with key:'keyboard_enter_text'
12-09 08:42:50.595 I/InstrumentationBackend(21304): Added:'DeleteSurroundingText', with key:'delete_surrounding_text'
12-09 08:42:50.600 I/InstrumentationBackend(21304): Added:'SetComposingRegion', with key:'set_composing_region'
12-09 08:42:50.601 I/InstrumentationBackend(21304): Added:'SetSelection', with key:'set_selection'
12-09 08:42:50.601 I/InstrumentationBackend(21304): Added:'KeyboardKeyEvent', with key:'keyboard_key_event'
12-09 08:42:50.601 I/InstrumentationBackend(21304): Added:'PressUserActionButton', with key:'press_user_action_button'
12-09 08:42:50.601 I/InstrumentationBackend(21304): Added:'HideSoftKeyboard', with key:'hide_soft_keyboard'
12-09 08:42:50.602 I/InstrumentationBackend(21304): Added:'ListActions', with key:'list_actions'
12-09 08:42:50.612 I/calabash(21304): Instantiating http server at 7102
12-09 08:42:50.613 I/art     (21304): WaitForGcToComplete blocked for 8.814ms for cause Background
12-09 08:42:50.615 I/System.out(21304): HTTP Daemon listening on: 7102
12-09 08:42:50.847 I/System.out(21304): URI: //ping
12-09 08:42:50.848 I/art     (21304): Background partial concurrent mark sweep GC freed 1646(215KB) AllocSpace objects, 1(20KB) LOS objects, 48% free, 1080KB/2MB, paused 5.825ms total 232.873ms
12-09 08:42:50.872 I/System.out(21304): params: {json={}
12-09 08:42:50.872 I/System.out(21304): }
12-09 08:42:50.910 I/System.out(21304): URI: //ping
12-09 08:42:50.910 I/System.out(21304): params: {json={}
12-09 08:42:50.910 I/System.out(21304): }
12-09 08:42:51.056 I/System.out(21304): URI: //ready
12-09 08:42:51.056 I/System.out(21304): params: {json={}
12-09 08:42:51.056 I/System.out(21304): }
12-09 08:42:51.169 I/System.out(21304): URI: //
12-09 08:42:51.169 I/System.out(21304): params: {json={"command":"version","arguments":[]}
12-09 08:42:51.169 I/System.out(21304): }
12-09 08:42:51.169 I/System.out(21304): header: {date=Sun, 09 Dec 2018 08:42:51 GMT, accept=*/*, content-length=36, host=127.0.0.1:34777, user-agent=HTTPClient/1.0 (2.8.3, ruby 2.3.1 (2016-04-26)), content-type=application/json;charset=utf-8}
12-09 08:42:51.169 I/System.out(21304): params: {json={"command":"version","arguments":[]}
12-09 08:42:51.169 I/System.out(21304): }
12-09 08:42:51.169 I/System.out(21304): ProP json = {"command":"version","arguments":[]}
12-09 08:42:51.169 I/System.out(21304): files: {}
12-09 08:42:51.169 I/System.out(21304): command: {"command":"version","arguments":[]}
12-09 08:42:51.186 I/InstrumentationBackend(21304): Got command:'Command:'Line:null,version', arguments:'[]'
12-09 08:42:51.211 I/System.out(21304): result:{"bonusInformation":[],"message":"0.9.8","success":true}
12-09 08:42:51.228 W/art     (21304): Suspending all threads took: 15.688ms
12-09 08:42:51.255 I/art     (21304): Background sticky concurrent mark sweep GC freed 14602(836KB) AllocSpace objects, 11(220KB) LOS objects, 41% free, 1234KB/2MB, paused 17.114ms total 50.007ms
12-09 08:42:51.268 I/System.out(21304): URI: //start-application
12-09 08:42:51.272 I/System.out(21304): params: {json={"intent":null}
12-09 08:42:51.272 I/System.out(21304): }
12-09 08:42:51.328 I/ActivityManager( 1593): START u0 {act=android.intent.action.MAIN cat=[android.intent.category.LAUNCHER] flg=0x10200000 cmp=com.evancharlton.mileage/.Mileage} from uid 10143 on display 0
12-09 08:42:51.390 I/ActivityManager( 1593): Killing 13346:com.google.android.apps.photos/u0a44 (adj 15): empty for 1800s
12-09 08:42:51.422 I/art     (21304): Background sticky concurrent mark sweep GC freed 18435(880KB) AllocSpace objects, 2(40KB) LOS objects, 38% free, 1303KB/2MB, paused 1.066ms total 121.035ms
12-09 08:42:51.654 D/gralloc_ranchu( 1224): gralloc_alloc: Creating ashmem region of size 3686400
12-09 08:42:51.673 I/calabash(21304): newActivity1
12-09 08:42:51.681 W/art     ( 1593): Long monitor contention event with owner method=void com.android.server.am.ActivityManagerService.activityPaused(android.os.IBinder) from ActivityManagerService.java:6439 waiters=0 for 281ms
12-09 08:42:51.750 I/calabash(21304): newActivity1
12-09 08:42:51.751 W/ActivityManager( 1593): Bad activity token: android.os.BinderProxy@333d9c5
12-09 08:42:51.751 W/ActivityManager( 1593): java.lang.ClassCastException: android.os.BinderProxy cannot be cast to com.android.server.am.ActivityRecord$Token
12-09 08:42:51.751 W/ActivityManager( 1593): 	at com.android.server.am.ActivityRecord.forTokenLocked(ActivityRecord.java:424)
12-09 08:42:51.751 W/ActivityManager( 1593): 	at com.android.server.am.ActivityRecord.isInStackLocked(ActivityRecord.java:1121)
12-09 08:42:51.751 W/ActivityManager( 1593): 	at com.android.server.am.ActivityRecord.getStackLocked(ActivityRecord.java:1126)
12-09 08:42:51.751 W/ActivityManager( 1593): 	at com.android.server.am.ActivityManagerService.getActivityDisplayId(ActivityManagerService.java:8889)
12-09 08:42:51.751 W/ActivityManager( 1593): 	at android.app.ActivityManagerNative.onTransact(ActivityManagerNative.java:2338)
12-09 08:42:51.751 W/ActivityManager( 1593): 	at com.android.server.am.ActivityManagerService.onTransact(ActivityManagerService.java:2443)
12-09 08:42:51.751 W/ActivityManager( 1593): 	at android.os.Binder.execTransact(Binder.java:453)
12-09 08:42:51.757 W/ActivityManager( 1593): Bad activity token: android.os.BinderProxy@333d9c5
12-09 08:42:51.757 W/ActivityManager( 1593): java.lang.ClassCastException: android.os.BinderProxy cannot be cast to com.android.server.am.ActivityRecord$Token
12-09 08:42:51.757 W/ActivityManager( 1593): 	at com.android.server.am.ActivityRecord.forTokenLocked(ActivityRecord.java:424)
12-09 08:42:51.757 W/ActivityManager( 1593): 	at com.android.server.am.ActivityRecord.isInStackLocked(ActivityRecord.java:1121)
12-09 08:42:51.757 W/ActivityManager( 1593): 	at com.android.server.am.ActivityManagerService.setTaskDescription(ActivityManagerService.java:8547)
12-09 08:42:51.757 W/ActivityManager( 1593): 	at android.app.ActivityManagerNative.onTransact(ActivityManagerNative.java:2410)
12-09 08:42:51.757 W/ActivityManager( 1593): 	at com.android.server.am.ActivityManagerService.onTransact(ActivityManagerService.java:2443)
12-09 08:42:51.757 W/ActivityManager( 1593): 	at android.os.Binder.execTransact(Binder.java:453)
12-09 08:42:51.847 W/ActivityManager( 1593): Bad activity token: android.os.BinderProxy@333d9c5
12-09 08:42:51.847 W/ActivityManager( 1593): java.lang.ClassCastException: android.os.BinderProxy cannot be cast to com.android.server.am.ActivityRecord$Token
12-09 08:42:51.847 W/ActivityManager( 1593): 	at com.android.server.am.ActivityRecord.forTokenLocked(ActivityRecord.java:424)
12-09 08:42:51.847 W/ActivityManager( 1593): 	at com.android.server.am.ActivityRecord.isInStackLocked(ActivityRecord.java:1121)
12-09 08:42:51.847 W/ActivityManager( 1593): 	at com.android.server.am.ActivityManagerService.getActivityOptions(ActivityManagerService.java:11038)
12-09 08:42:51.847 W/ActivityManager( 1593): 	at android.app.ActivityManagerNative.onTransact(ActivityManagerNative.java:1734)
12-09 08:42:51.847 W/ActivityManager( 1593): 	at com.android.server.am.ActivityManagerService.onTransact(ActivityManagerService.java:2443)
12-09 08:42:51.847 W/ActivityManager( 1593): 	at android.os.Binder.execTransact(Binder.java:453)
12-09 08:42:51.847 W/ActivityManager( 1593): Bad activity token: android.os.BinderProxy@333d9c5
12-09 08:42:51.847 W/ActivityManager( 1593): java.lang.ClassCastException: android.os.BinderProxy cannot be cast to com.android.server.am.ActivityRecord$Token
12-09 08:42:51.847 W/ActivityManager( 1593): 	at com.android.server.am.ActivityRecord.forTokenLocked(ActivityRecord.java:424)
12-09 08:42:51.847 W/ActivityManager( 1593): 	at com.android.server.am.ActivityRecord.isInStackLocked(ActivityRecord.java:1121)
12-09 08:42:51.847 W/ActivityManager( 1593): 	at com.android.server.am.ActivityManagerService.getActivityOptions(ActivityManagerService.java:11038)
12-09 08:42:51.847 W/ActivityManager( 1593): 	at android.app.ActivityManagerNative.onTransact(ActivityManagerNative.java:1734)
12-09 08:42:51.847 W/ActivityManager( 1593): 	at com.android.server.am.ActivityManagerService.onTransact(ActivityManagerService.java:2443)
12-09 08:42:51.847 W/ActivityManager( 1593): 	at android.os.Binder.execTransact(Binder.java:453)
12-09 08:42:51.946 V/PhoneStatusBar( 1686): setLightsOn(true)
12-09 08:42:51.974 I/art     (21304): Background sticky concurrent mark sweep GC freed 2619(367KB) AllocSpace objects, 0(0B) LOS objects, 9% free, 1910KB/2MB, paused 66.537ms total 117.912ms
12-09 08:42:52.049 D/EGL_emulation( 1924): eglMakeCurrent: 0x7f78eed74640: ver 2 0 (tinfo 0x7f78eed42860)
12-09 08:42:52.069 E/Surface ( 1924): getSlotFromBufferLocked: unknown buffer: 0x7f78eb216ec0
12-09 08:42:52.543 D/gralloc_ranchu( 1224): gralloc_alloc: Creating ashmem region of size 3686400
12-09 08:42:52.649 D/        (21304): HostConnection::get() New Host Connection established 0x7f78eb339d40, tid 21304
12-09 08:42:52.853 W/art     ( 1593): Long monitor contention event with owner method=void com.android.server.wm.WindowAnimator$1.doFrame(long) from WindowAnimator.java:121 waiters=1 for 136ms
12-09 08:42:53.013 W/art     ( 1593): Long monitor contention event with owner method=void com.android.server.wm.WindowAnimator$1.doFrame(long) from WindowAnimator.java:121 waiters=0 for 129ms
12-09 08:42:53.046 I/ActivityManager( 1593): Displayed com.evancharlton.mileage/.Mileage: +1s658ms
12-09 08:42:53.078 D/gralloc_ranchu( 1224): gralloc_alloc: Creating ashmem region of size 3686400
12-09 08:42:53.807 D/gralloc_ranchu( 1224): gralloc_alloc: Creating ashmem region of size 3686400
12-09 08:42:54.284 I/System.out(21304): URI: //gesture
12-09 08:42:54.285 I/System.out(21304): params: {json={"query_timeout":5.0,"gestures":[{"query_string":"android.widget.TabWidget descendant TextView index:1","touches":[{"x":50,"y":50,"offset_x":0,"offset_y":0,"wait":0.0,"time":0.2,"release":true,"query_string":null}]}]}
12-09 08:42:54.285 I/System.out(21304): }
12-09 08:42:54.425 I/art     (21304): Background sticky concurrent mark sweep GC freed 24608(1119KB) AllocSpace objects, 2(40KB) LOS objects, 30% free, 2MB/3MB, paused 4.783ms total 122.314ms
12-09 08:42:54.926 I/calabash(21304): newActivity1
12-09 08:42:54.932 W/ActivityManager( 1593): Bad activity token: android.os.BinderProxy@bb868be
12-09 08:42:54.932 W/ActivityManager( 1593): java.lang.ClassCastException: android.os.BinderProxy cannot be cast to com.android.server.am.ActivityRecord$Token
12-09 08:42:54.932 W/ActivityManager( 1593): 	at com.android.server.am.ActivityRecord.forTokenLocked(ActivityRecord.java:424)
12-09 08:42:54.932 W/ActivityManager( 1593): 	at com.android.server.am.ActivityRecord.isInStackLocked(ActivityRecord.java:1121)
12-09 08:42:54.932 W/ActivityManager( 1593): 	at com.android.server.am.ActivityRecord.getStackLocked(ActivityRecord.java:1126)
12-09 08:42:54.932 W/ActivityManager( 1593): 	at com.android.server.am.ActivityManagerService.getActivityDisplayId(ActivityManagerService.java:8889)
12-09 08:42:54.932 W/ActivityManager( 1593): 	at android.app.ActivityManagerNative.onTransact(ActivityManagerNative.java:2338)
12-09 08:42:54.932 W/ActivityManager( 1593): 	at com.android.server.am.ActivityManagerService.onTransact(ActivityManagerService.java:2443)
12-09 08:42:54.932 W/ActivityManager( 1593): 	at android.os.Binder.execTransact(Binder.java:453)
12-09 08:42:54.941 W/ActivityManager( 1593): Bad activity token: android.os.BinderProxy@bb868be
12-09 08:42:54.941 W/ActivityManager( 1593): java.lang.ClassCastException: android.os.BinderProxy cannot be cast to com.android.server.am.ActivityRecord$Token
12-09 08:42:54.941 W/ActivityManager( 1593): 	at com.android.server.am.ActivityRecord.forTokenLocked(ActivityRecord.java:424)
12-09 08:42:54.941 W/ActivityManager( 1593): 	at com.android.server.am.ActivityRecord.isInStackLocked(ActivityRecord.java:1121)
12-09 08:42:54.941 W/ActivityManager( 1593): 	at com.android.server.am.ActivityManagerService.setTaskDescription(ActivityManagerService.java:8547)
12-09 08:42:54.941 W/ActivityManager( 1593): 	at android.app.ActivityManagerNative.onTransact(ActivityManagerNative.java:2410)
12-09 08:42:54.941 W/ActivityManager( 1593): 	at com.android.server.am.ActivityManagerService.onTransact(ActivityManagerService.java:2443)
12-09 08:42:54.941 W/ActivityManager( 1593): 	at android.os.Binder.execTransact(Binder.java:453)
12-09 08:42:54.959 I/art     (21304): Background sticky concurrent mark sweep GC freed 34466(1604KB) AllocSpace objects, 1(20KB) LOS objects, 24% free, 2MB/3MB, paused 1.272ms total 123.578ms
12-09 08:42:54.964 W/audio_hw_generic( 1308): Hardware backing HAL too slow, could only write 0 of 661 frames
12-09 08:42:54.984 W/audio_hw_generic( 1308): Hardware backing HAL too slow, could only write 0 of 661 frames
12-09 08:42:55.044 W/audio_hw_generic( 1308): Not supplying enough data to HAL, expected position 49901127 , only wrote 49900873
12-09 08:42:55.044 W/audio_hw_generic( 1308): Not supplying enough data to HAL, expected position 49900880 , only wrote 49900873
12-09 08:42:55.085 W/ActivityManager( 1593): Bad activity token: android.os.BinderProxy@bb868be
12-09 08:42:55.085 W/ActivityManager( 1593): java.lang.ClassCastException: android.os.BinderProxy cannot be cast to com.android.server.am.ActivityRecord$Token
12-09 08:42:55.085 W/ActivityManager( 1593): 	at com.android.server.am.ActivityRecord.forTokenLocked(ActivityRecord.java:424)
12-09 08:42:55.085 W/ActivityManager( 1593): 	at com.android.server.am.ActivityRecord.isInStackLocked(ActivityRecord.java:1121)
12-09 08:42:55.085 W/ActivityManager( 1593): 	at com.android.server.am.ActivityManagerService.getActivityOptions(ActivityManagerService.java:11038)
12-09 08:42:55.085 W/ActivityManager( 1593): 	at android.app.ActivityManagerNative.onTransact(ActivityManagerNative.java:1734)
12-09 08:42:55.085 W/ActivityManager( 1593): 	at com.android.server.am.ActivityManagerService.onTransact(ActivityManagerService.java:2443)
12-09 08:42:55.085 W/ActivityManager( 1593): 	at android.os.Binder.execTransact(Binder.java:453)
12-09 08:42:55.086 W/ActivityManager( 1593): Bad activity token: android.os.BinderProxy@bb868be
12-09 08:42:55.086 W/ActivityManager( 1593): java.lang.ClassCastException: android.os.BinderProxy cannot be cast to com.android.server.am.ActivityRecord$Token
12-09 08:42:55.086 W/ActivityManager( 1593): 	at com.android.server.am.ActivityRecord.forTokenLocked(ActivityRecord.java:424)
12-09 08:42:55.086 W/ActivityManager( 1593): 	at com.android.server.am.ActivityRecord.isInStackLocked(ActivityRecord.java:1121)
12-09 08:42:55.086 W/ActivityManager( 1593): 	at com.android.server.am.ActivityManagerService.getActivityOptions(ActivityManagerService.java:11038)
12-09 08:42:55.086 W/ActivityManager( 1593): 	at android.app.ActivityManagerNative.onTransact(ActivityManagerNative.java:1734)
12-09 08:42:55.086 W/ActivityManager( 1593): 	at com.android.server.am.ActivityManagerService.onTransact(ActivityManagerService.java:2443)
12-09 08:42:55.086 W/ActivityManager( 1593): 	at android.os.Binder.execTransact(Binder.java:453)
12-09 08:42:55.088 W/audio_hw_generic( 1308): Not supplying enough data to HAL, expected position 49902794 , only wrote 49902195
12-09 08:42:55.239 D/Mileage (21304): Not enough fillups to calculate economy
12-09 08:42:55.259 W/audio_hw_generic( 1308): Not supplying enough data to HAL, expected position 49909756 , only wrote 49909466
12-09 08:42:55.398 W/audio_hw_generic( 1308): Not supplying enough data to HAL, expected position 49915573 , only wrote 49914754
12-09 08:42:55.398 W/audio_hw_generic( 1308): Not supplying enough data to HAL, expected position 49914761 , only wrote 49914754
12-09 08:42:55.420 W/audio_hw_generic( 1308): Not supplying enough data to HAL, expected position 49915730 , only wrote 49915415
12-09 08:42:55.472 W/audio_hw_generic( 1308): Not supplying enough data to HAL, expected position 49917701 , only wrote 49916737
12-09 08:42:55.570 W/audio_hw_generic( 1308): Not supplying enough data to HAL, expected position 49921069 , only wrote 49920703
12-09 08:42:55.622 W/audio_hw_generic( 1308): Not supplying enough data to HAL, expected position 49922988 , only wrote 49922025
12-09 08:42:55.664 E/SurfaceFlinger( 1224): ro.sf.lcd_density must be defined as a build property
12-09 08:42:55.741 W/audio_hw_generic( 1308): Hardware backing HAL too slow, could only write 0 of 661 frames
12-09 08:42:55.758 W/audio_hw_generic( 1308): Hardware backing HAL too slow, could only write 0 of 661 frames
12-09 08:42:55.763 D/gralloc_ranchu( 1224): gralloc_alloc: Creating ashmem region of size 3686400
12-09 08:42:55.856 W/audio_hw_generic( 1308): Hardware backing HAL too slow, could only write 0 of 661 frames
12-09 08:42:55.865 W/audio_hw_generic( 1308): Not supplying enough data to HAL, expected position 49932725 , only wrote 49929296
12-09 08:42:55.876 W/audio_hw_generic( 1308): Not supplying enough data to HAL, expected position 49929808 , only wrote 49929296
12-09 08:42:55.917 W/audio_hw_generic( 1308): Not supplying enough data to HAL, expected position 49931101 , only wrote 49930618
12-09 08:42:55.948 W/audio_hw_generic( 1308): Hardware backing HAL too slow, could only write 0 of 661 frames
12-09 08:42:55.965 D/        (21332): HostConnection::get() New Host Connection established 0x7fc23bb52480, tid 21332
12-09 08:42:55.993 E/EGL_emulation( 1224): tid 1224: eglCreateSyncKHR(1881): error 0x3004 (EGL_BAD_ATTRIBUTE)
12-09 08:42:56.128 W/audio_hw_generic( 1308): Not supplying enough data to HAL, expected position 49939930 , only wrote 49937889
12-09 08:42:56.129 W/audio_hw_generic( 1308): Not supplying enough data to HAL, expected position 49937897 , only wrote 49937889
12-09 08:42:56.152 W/audio_hw_generic( 1308): Not supplying enough data to HAL, expected position 49938920 , only wrote 49938550
12-09 08:42:56.187 W/audio_hw_generic( 1308): Hardware backing HAL too slow, could only write 0 of 661 frames
12-09 08:42:56.201 W/audio_hw_generic( 1308): Hardware backing HAL too slow, could only write 0 of 661 frames
12-09 08:42:56.345 W/audio_hw_generic( 1308): Hardware backing HAL too slow, could only write 0 of 661 frames
12-09 08:42:56.499 W/audio_hw_generic( 1308): Not supplying enough data to HAL, expected position 49953871 , only wrote 49953753
12-09 08:42:56.500 W/audio_hw_generic( 1308): Not supplying enough data to HAL, expected position 49953761 , only wrote 49953753
12-09 08:42:56.523 W/audio_hw_generic( 1308): Not supplying enough data to HAL, expected position 49954781 , only wrote 49954414
12-09 08:42:56.588 W/audio_hw_generic( 1308): Not supplying enough data to HAL, expected position 49957285 , only wrote 49957058
12-09 08:42:56.588 W/audio_hw_generic( 1308): Not supplying enough data to HAL, expected position 49957066 , only wrote 49957058
12-09 08:42:56.608 W/audio_hw_generic( 1308): Not supplying enough data to HAL, expected position 49957948 , only wrote 49957719
12-09 08:42:56.640 W/audio_hw_generic( 1308): Not supplying enough data to HAL, expected position 49959086 , only wrote 49959041
12-09 08:42:56.977 W/audio_hw_generic( 1308): Not supplying enough data to HAL, expected position 49973910 , only wrote 49973583
12-09 08:42:56.977 W/audio_hw_generic( 1308): Not supplying enough data to HAL, expected position 49973592 , only wrote 49973583
12-09 08:42:56.979 I/System.out(21304): URI: //gesture
12-09 08:42:56.979 I/System.out(21304): params: {json={"query_timeout":5.0,"gestures":[{"query_string":"android.widget.TabWidget descendant TextView index:3","touches":[{"x":50,"y":50,"offset_x":0,"offset_y":0,"wait":0.0,"time":0.2,"release":true,"query_string":null}]}]}
12-09 08:42:56.979 I/System.out(21304): }
12-09 08:42:56.992 W/audio_hw_generic( 1308): Not supplying enough data to HAL, expected position 49974253 , only wrote 49974244
12-09 08:42:57.048 W/art     (21304): Suspending all threads took: 40.180ms
12-09 08:42:57.093 I/art     (21304): Background sticky concurrent mark sweep GC freed 14796(670KB) AllocSpace objects, 1(20KB) LOS objects, 12% free, 2MB/3MB, paused 47.320ms total 105.246ms
12-09 08:42:57.093 W/CursorWrapperInner(21304): Cursor finalized without prior close()
12-09 08:42:57.161 W/audio_hw_generic( 1308): Not supplying enough data to HAL, expected position 49981684 , only wrote 49980193
12-09 08:42:57.223 W/audio_hw_generic( 1308): Hardware backing HAL too slow, could only write 0 of 661 frames
12-09 08:42:57.249 W/audio_hw_generic( 1308): Hardware backing HAL too slow, could only write 0 of 661 frames
12-09 08:42:57.361 W/audio_hw_generic( 1308): Hardware backing HAL too slow, could only write 0 of 661 frames
12-09 08:42:57.365 I/calabash(21304): newActivity1
12-09 08:42:57.366 W/ActivityManager( 1593): Bad activity token: android.os.BinderProxy@f8efc3b
12-09 08:42:57.366 W/ActivityManager( 1593): java.lang.ClassCastException: android.os.BinderProxy cannot be cast to com.android.server.am.ActivityRecord$Token
12-09 08:42:57.366 W/ActivityManager( 1593): 	at com.android.server.am.ActivityRecord.forTokenLocked(ActivityRecord.java:424)
12-09 08:42:57.366 W/ActivityManager( 1593): 	at com.android.server.am.ActivityRecord.isInStackLocked(ActivityRecord.java:1121)
12-09 08:42:57.366 W/ActivityManager( 1593): 	at com.android.server.am.ActivityRecord.getStackLocked(ActivityRecord.java:1126)
12-09 08:42:57.366 W/ActivityManager( 1593): 	at com.android.server.am.ActivityManagerService.getActivityDisplayId(ActivityManagerService.java:8889)
12-09 08:42:57.366 W/ActivityManager( 1593): 	at android.app.ActivityManagerNative.onTransact(ActivityManagerNative.java:2338)
12-09 08:42:57.366 W/ActivityManager( 1593): 	at com.android.server.am.ActivityManagerService.onTransact(ActivityManagerService.java:2443)
12-09 08:42:57.366 W/ActivityManager( 1593): 	at android.os.Binder.execTransact(Binder.java:453)
12-09 08:42:57.369 W/ActivityManager( 1593): Bad activity token: android.os.BinderProxy@f8efc3b
12-09 08:42:57.369 W/ActivityManager( 1593): java.lang.ClassCastException: android.os.BinderProxy cannot be cast to com.android.server.am.ActivityRecord$Token
12-09 08:42:57.369 W/ActivityManager( 1593): 	at com.android.server.am.ActivityRecord.forTokenLocked(ActivityRecord.java:424)
12-09 08:42:57.369 W/ActivityManager( 1593): 	at com.android.server.am.ActivityRecord.isInStackLocked(ActivityRecord.java:1121)
12-09 08:42:57.369 W/ActivityManager( 1593): 	at com.android.server.am.ActivityManagerService.setTaskDescription(ActivityManagerService.java:8547)
12-09 08:42:57.369 W/ActivityManager( 1593): 	at android.app.ActivityManagerNative.onTransact(ActivityManagerNative.java:2410)
12-09 08:42:57.369 W/ActivityManager( 1593): 	at com.android.server.am.ActivityManagerService.onTransact(ActivityManagerService.java:2443)
12-09 08:42:57.369 W/ActivityManager( 1593): 	at android.os.Binder.execTransact(Binder.java:453)
12-09 08:42:57.417 W/audio_hw_generic( 1308): Not supplying enough data to HAL, expected position 49991507 , only wrote 49991430
12-09 08:42:57.426 W/ActivityManager( 1593): Bad activity token: android.os.BinderProxy@f8efc3b
12-09 08:42:57.426 W/ActivityManager( 1593): java.lang.ClassCastException: android.os.BinderProxy cannot be cast to com.android.server.am.ActivityRecord$Token
12-09 08:42:57.426 W/ActivityManager( 1593): 	at com.android.server.am.ActivityRecord.forTokenLocked(ActivityRecord.java:424)
12-09 08:42:57.426 W/ActivityManager( 1593): 	at com.android.server.am.ActivityRecord.isInStackLocked(ActivityRecord.java:1121)
12-09 08:42:57.426 W/ActivityManager( 1593): 	at com.android.server.am.ActivityManagerService.getActivityOptions(ActivityManagerService.java:11038)
12-09 08:42:57.426 W/ActivityManager( 1593): 	at android.app.ActivityManagerNative.onTransact(ActivityManagerNative.java:1734)
12-09 08:42:57.426 W/ActivityManager( 1593): 	at com.android.server.am.ActivityManagerService.onTransact(ActivityManagerService.java:2443)
12-09 08:42:57.426 W/ActivityManager( 1593): 	at android.os.Binder.execTransact(Binder.java:453)
12-09 08:42:57.427 W/ActivityManager( 1593): Bad activity token: android.os.BinderProxy@f8efc3b
12-09 08:42:57.427 W/ActivityManager( 1593): java.lang.ClassCastException: android.os.BinderProxy cannot be cast to com.android.server.am.ActivityRecord$Token
12-09 08:42:57.427 W/ActivityManager( 1593): 	at com.android.server.am.ActivityRecord.forTokenLocked(ActivityRecord.java:424)
12-09 08:42:57.427 W/ActivityManager( 1593): 	at com.android.server.am.ActivityRecord.isInStackLocked(ActivityRecord.java:1121)
12-09 08:42:57.427 W/ActivityManager( 1593): 	at com.android.server.am.ActivityManagerService.getActivityOptions(ActivityManagerService.java:11038)
12-09 08:42:57.427 W/ActivityManager( 1593): 	at android.app.ActivityManagerNative.onTransact(ActivityManagerNative.java:1734)
12-09 08:42:57.427 W/ActivityManager( 1593): 	at com.android.server.am.ActivityManagerService.onTransact(ActivityManagerService.java:2443)
12-09 08:42:57.427 W/ActivityManager( 1593): 	at android.os.Binder.execTransact(Binder.java:453)
12-09 08:42:57.473 D/AudioFlinger( 1308): mixer(0xf4340000) throttle end: throttle time(7)
12-09 08:42:57.666 W/audio_hw_generic( 1308): Not supplying enough data to HAL, expected position 50002392 , only wrote 49998701
12-09 08:42:57.722 W/audio_hw_generic( 1308): Hardware backing HAL too slow, could only write 0 of 661 frames
12-09 08:42:57.741 W/audio_hw_generic( 1308): Hardware backing HAL too slow, could only write 0 of 661 frames
12-09 08:42:57.756 W/audio_hw_generic( 1308): Hardware backing HAL too slow, could only write 0 of 661 frames
12-09 08:42:57.966 E/SurfaceFlinger( 1224): ro.sf.lcd_density must be defined as a build property
12-09 08:42:57.967 D/gralloc_ranchu( 1224): gralloc_alloc: Creating ashmem region of size 3686400
12-09 08:42:57.968 W/audio_hw_generic( 1308): Not supplying enough data to HAL, expected position 50012013 , only wrote 50011921
12-09 08:42:57.968 W/audio_hw_generic( 1308): Not supplying enough data to HAL, expected position 50011928 , only wrote 50011921
12-09 08:42:57.982 D/        (21337): HostConnection::get() New Host Connection established 0x7f319a812480, tid 21337
12-09 08:42:58.011 E/EGL_emulation( 1224): tid 1224: eglCreateSyncKHR(1881): error 0x3004 (EGL_BAD_ATTRIBUTE)
12-09 08:42:58.160 W/audio_hw_generic( 1308): Not supplying enough data to HAL, expected position 50020399 , only wrote 50018531
12-09 08:42:58.160 W/audio_hw_generic( 1308): Not supplying enough data to HAL, expected position 50018538 , only wrote 50018531
12-09 08:42:58.191 W/audio_hw_generic( 1308): Not supplying enough data to HAL, expected position 50019894 , only wrote 50019192
12-09 08:42:58.468 W/audio_hw_generic( 1308): Not supplying enough data to HAL, expected position 50031397 , only wrote 50031090
12-09 08:42:58.880 W/audio_hw_generic( 1308): Not supplying enough data to HAL, expected position 50049248 , only wrote 50047615
12-09 08:42:58.880 W/audio_hw_generic( 1308): Not supplying enough data to HAL, expected position 50047622 , only wrote 50047615
12-09 08:42:58.896 W/audio_hw_generic( 1308): Not supplying enough data to HAL, expected position 50048336 , only wrote 50048276
12-09 08:42:58.925 W/audio_hw_generic( 1308): Hardware backing HAL too slow, could only write 0 of 661 frames
12-09 08:42:58.952 W/audio_hw_generic( 1308): Hardware backing HAL too slow, could only write 0 of 661 frames
12-09 08:42:58.955 W/audio_hw_generic( 1308): Hardware backing HAL too slow, could only write 0 of 661 frames
12-09 08:42:58.969 I/System.out(21304): URI: //gesture
12-09 08:42:58.969 I/System.out(21304): params: {json={"query_timeout":5.0,"gestures":[{"query_string":"android.widget.TabWidget descendant TextView index:2","touches":[{"x":50,"y":50,"offset_x":0,"offset_y":0,"wait":0.0,"time":0.2,"release":true,"query_string":null}]}]}
12-09 08:42:58.970 I/System.out(21304): }
12-09 08:42:58.972 W/audio_hw_generic( 1308): Hardware backing HAL too slow, could only write 0 of 661 frames
12-09 08:42:58.985 W/audio_hw_generic( 1308): Hardware backing HAL too slow, could only write 0 of 661 frames
12-09 08:42:59.026 W/audio_hw_generic( 1308): Not supplying enough data to HAL, expected position 50054004 , only wrote 50053564
12-09 08:42:59.026 W/audio_hw_generic( 1308): Not supplying enough data to HAL, expected position 50053571 , only wrote 50053564
12-09 08:42:59.056 W/audio_hw_generic( 1308): Not supplying enough data to HAL, expected position 50054875 , only wrote 50054225
12-09 08:42:59.216 W/audio_hw_generic( 1308): Not supplying enough data to HAL, expected position 50061275 , only wrote 50059513
12-09 08:42:59.280 W/audio_hw_generic( 1308): Hardware backing HAL too slow, could only write 0 of 661 frames
12-09 08:42:59.296 W/audio_hw_generic( 1308): Hardware backing HAL too slow, could only write 0 of 661 frames
12-09 08:42:59.416 W/audio_hw_generic( 1308): Hardware backing HAL too slow, could only write 0 of 661 frames
12-09 08:42:59.436 W/audio_hw_generic( 1308): Hardware backing HAL too slow, could only write 0 of 661 frames
12-09 08:42:59.520 W/audio_hw_generic( 1308): Not supplying enough data to HAL, expected position 50072913 , only wrote 50072733
12-09 08:42:59.540 I/calabash(21304): newActivity1
12-09 08:42:59.554 W/audio_hw_generic( 1308): Hardware backing HAL too slow, could only write 0 of 661 frames
12-09 08:42:59.633 D/AudioFlinger( 1308): mixer(0xf4340000) throttle end: throttle time(2)
12-09 08:42:59.636 W/audio_hw_generic( 1308): Not supplying enough data to HAL, expected position 50077850 , only wrote 50076699
12-09 08:42:59.658 W/ActivityManager( 1593): Bad activity token: android.os.BinderProxy@15d8f58
12-09 08:42:59.658 W/ActivityManager( 1593): java.lang.ClassCastException: android.os.BinderProxy cannot be cast to com.android.server.am.ActivityRecord$Token
12-09 08:42:59.658 W/ActivityManager( 1593): 	at com.android.server.am.ActivityRecord.forTokenLocked(ActivityRecord.java:424)
12-09 08:42:59.658 W/ActivityManager( 1593): 	at com.android.server.am.ActivityRecord.isInStackLocked(ActivityRecord.java:1121)
12-09 08:42:59.658 W/ActivityManager( 1593): 	at com.android.server.am.ActivityRecord.getStackLocked(ActivityRecord.java:1126)
12-09 08:42:59.658 W/ActivityManager( 1593): 	at com.android.server.am.ActivityManagerService.getActivityDisplayId(ActivityManagerService.java:8889)
12-09 08:42:59.658 W/ActivityManager( 1593): 	at android.app.ActivityManagerNative.onTransact(ActivityManagerNative.java:2338)
12-09 08:42:59.658 W/ActivityManager( 1593): 	at com.android.server.am.ActivityManagerService.onTransact(ActivityManagerService.java:2443)
12-09 08:42:59.658 W/ActivityManager( 1593): 	at android.os.Binder.execTransact(Binder.java:453)
12-09 08:42:59.659 W/ActivityManager( 1593): Bad activity token: android.os.BinderProxy@15d8f58
12-09 08:42:59.659 W/ActivityManager( 1593): java.lang.ClassCastException: android.os.BinderProxy cannot be cast to com.android.server.am.ActivityRecord$Token
12-09 08:42:59.659 W/ActivityManager( 1593): 	at com.android.server.am.ActivityRecord.forTokenLocked(ActivityRecord.java:424)
12-09 08:42:59.659 W/ActivityManager( 1593): 	at com.android.server.am.ActivityRecord.isInStackLocked(ActivityRecord.java:1121)
12-09 08:42:59.659 W/ActivityManager( 1593): 	at com.android.server.am.ActivityManagerService.setTaskDescription(ActivityManagerService.java:8547)
12-09 08:42:59.659 W/ActivityManager( 1593): 	at android.app.ActivityManagerNative.onTransact(ActivityManagerNative.java:2410)
12-09 08:42:59.659 W/ActivityManager( 1593): 	at com.android.server.am.ActivityManagerService.onTransact(ActivityManagerService.java:2443)
12-09 08:42:59.659 W/ActivityManager( 1593): 	at android.os.Binder.execTransact(Binder.java:453)
12-09 08:42:59.760 I/art     (21304): Background sticky concurrent mark sweep GC freed 52585(2MB) AllocSpace objects, 2(40KB) LOS objects, 21% free, 2MB/3MB, paused 4.974ms total 196.408ms
12-09 08:42:59.780 W/audio_hw_generic( 1308): Hardware backing HAL too slow, could only write 0 of 661 frames
12-09 08:42:59.803 W/audio_hw_generic( 1308): Hardware backing HAL too slow, could only write 0 of 661 frames
12-09 08:42:59.803 W/audio_hw_generic( 1308): Hardware backing HAL too slow, could only write 0 of 661 frames
12-09 08:42:59.818 D/VehicleStatisticsActivity(21304): Checking recalculation ...
12-09 08:42:59.832 D/VehicleStatisticsActivity(21304): Recalculating statistics
12-09 08:42:59.832 D/VehicleStatisticsTask(21304): Calculation starting...
12-09 08:42:59.833 D/VehicleStatisticsActivity(21304): Recalculation started!
12-09 08:42:59.837 W/ActivityManager( 1593): Bad activity token: android.os.BinderProxy@15d8f58
12-09 08:42:59.837 W/ActivityManager( 1593): java.lang.ClassCastException: android.os.BinderProxy cannot be cast to com.android.server.am.ActivityRecord$Token
12-09 08:42:59.837 W/ActivityManager( 1593): 	at com.android.server.am.ActivityRecord.forTokenLocked(ActivityRecord.java:424)
12-09 08:42:59.837 W/ActivityManager( 1593): 	at com.android.server.am.ActivityRecord.isInStackLocked(ActivityRecord.java:1121)
12-09 08:42:59.837 W/ActivityManager( 1593): 	at com.android.server.am.ActivityManagerService.getActivityOptions(ActivityManagerService.java:11038)
12-09 08:42:59.837 W/ActivityManager( 1593): 	at android.app.ActivityManagerNative.onTransact(ActivityManagerNative.java:1734)
12-09 08:42:59.837 W/ActivityManager( 1593): 	at com.android.server.am.ActivityManagerService.onTransact(ActivityManagerService.java:2443)
12-09 08:42:59.837 W/ActivityManager( 1593): 	at android.os.Binder.execTransact(Binder.java:453)
