12-09 08:39:59.090 I/ActivityManager( 1592): START u0 {cmp=com.evancharlton.mileage/.FillupInfoActivity (has extras)} from uid 10141 on display 0
12-09 08:39:59.142 W/audio_hw_generic( 1307): Not supplying enough data to HAL, expected position 49160406 , only wrote 49159892
12-09 08:39:59.335 W/audio_hw_generic( 1307): Not supplying enough data to HAL, expected position 49168367 , only wrote 49167824
12-09 08:39:59.335 W/audio_hw_generic( 1307): Not supplying enough data to HAL, expected position 49167831 , only wrote 49167824
12-09 08:39:59.350 W/audio_hw_generic( 1307): Not supplying enough data to HAL, expected position 49168486 , only wrote 49168485
12-09 08:39:59.487 W/audio_hw_generic( 1307): Not supplying enough data to HAL, expected position 49174523 , only wrote 49174434
12-09 08:39:59.487 W/audio_hw_generic( 1307): Not supplying enough data to HAL, expected position 49174441 , only wrote 49174434
12-09 08:39:59.518 W/audio_hw_generic( 1307): Not supplying enough data to HAL, expected position 49175816 , only wrote 49175095
12-09 08:39:59.616 I/calabash(19538): newActivity1
12-09 08:39:59.830 V/PhoneStatusBar( 1705): setLightsOn(true)
12-09 08:39:59.915 W/audio_hw_generic( 1307): Not supplying enough data to HAL, expected position 49192576 , only wrote 49192281
12-09 08:39:59.919 E/SurfaceFlinger( 1226): ro.sf.lcd_density must be defined as a build property
12-09 08:39:59.944 D/gralloc_ranchu( 1226): gralloc_alloc: Creating ashmem region of size 3686400
12-09 08:39:59.952 D/gralloc_ranchu( 1226): gralloc_alloc: Creating ashmem region of size 3686400
12-09 08:39:59.995 D/        (19647): HostConnection::get() New Host Connection established 0x7f6d06ed2480, tid 19647
12-09 08:40:00.023 E/EGL_emulation( 1226): tid 1226: eglCreateSyncKHR(1881): error 0x3004 (EGL_BAD_ATTRIBUTE)
12-09 08:40:00.211 W/audio_hw_generic( 1307): Not supplying enough data to HAL, expected position 49205015 , only wrote 49204840
12-09 08:40:00.357 W/art     ( 1592): Long monitor contention event with owner method=void com.android.server.wm.WindowAnimator$1.doFrame(long) from WindowAnimator.java:121 waiters=0 for 113ms
12-09 08:40:00.360 W/audio_hw_generic( 1307): Not supplying enough data to HAL, expected position 49211725 , only wrote 49211450
12-09 08:40:00.730 W/audio_hw_generic( 1307): Hardware backing HAL too slow, could only write 0 of 661 frames
12-09 08:40:00.733 W/art     ( 1592): Long monitor contention event with owner method=void com.android.server.wm.WindowAnimator$1.doFrame(long) from WindowAnimator.java:121 waiters=1 for 278ms
12-09 08:40:00.750 W/audio_hw_generic( 1307): Hardware backing HAL too slow, could only write 0 of 661 frames
12-09 08:40:00.803 W/audio_hw_generic( 1307): Not supplying enough data to HAL, expected position 49230988 , only wrote 49230619
12-09 08:40:00.803 W/audio_hw_generic( 1307): Not supplying enough data to HAL, expected position 49230626 , only wrote 49230619
12-09 08:40:00.831 W/audio_hw_generic( 1307): Not supplying enough data to HAL, expected position 49231873 , only wrote 49231280
12-09 08:40:00.988 W/audio_hw_generic( 1307): Not supplying enough data to HAL, expected position 49238203 , only wrote 49237890
12-09 08:40:00.988 W/audio_hw_generic( 1307): Not supplying enough data to HAL, expected position 49237900 , only wrote 49237890
12-09 08:40:01.012 W/audio_hw_generic( 1307): Not supplying enough data to HAL, expected position 49238934 , only wrote 49238551
12-09 08:40:01.033 W/art     ( 1592): Long monitor contention event with owner method=void com.android.server.wm.WindowAnimator$1.doFrame(long) from WindowAnimator.java:121 waiters=1 for 428ms
12-09 08:40:01.226 W/audio_hw_generic( 1307): Not supplying enough data to HAL, expected position 49247986 , only wrote 49247805
12-09 08:40:01.226 W/audio_hw_generic( 1307): Not supplying enough data to HAL, expected position 49247812 , only wrote 49247805
12-09 08:40:01.282 W/audio_hw_generic( 1307): Hardware backing HAL too slow, could only write 0 of 661 frames
12-09 08:40:01.294 W/audio_hw_generic( 1307): Hardware backing HAL too slow, could only write 0 of 661 frames
12-09 08:40:01.304 W/audio_hw_generic( 1307): Hardware backing HAL too slow, could only write 0 of 661 frames
12-09 08:40:01.327 W/audio_hw_generic( 1307): Hardware backing HAL too slow, could only write 0 of 661 frames
12-09 08:40:01.388 W/art     ( 1592): Long monitor contention event with owner method=void com.android.server.wm.WindowAnimator$1.doFrame(long) from WindowAnimator.java:121 waiters=1 for 210ms
12-09 08:40:01.400 W/audio_hw_generic( 1307): Hardware backing HAL too slow, could only write 0 of 661 frames
12-09 08:40:01.517 W/art     ( 1592): Long monitor contention event with owner method=void com.android.server.wm.WindowAnimator$1.doFrame(long) from WindowAnimator.java:121 waiters=1 for 248ms
12-09 08:40:01.544 W/audio_hw_generic( 1307): Hardware backing HAL too slow, could only write 0 of 661 frames
12-09 08:40:01.574 W/audio_hw_generic( 1307): Hardware backing HAL too slow, could only write 0 of 661 frames
12-09 08:40:01.590 W/audio_hw_generic( 1307): Hardware backing HAL too slow, could only write 0 of 661 frames
12-09 08:40:01.607 W/audio_hw_generic( 1307): Hardware backing HAL too slow, could only write 0 of 661 frames
12-09 08:40:01.644 W/art     ( 1592): Long monitor contention event with owner method=void com.android.server.wm.WindowAnimator$1.doFrame(long) from WindowAnimator.java:121 waiters=1 for 256ms
12-09 08:40:01.756 W/art     ( 1592): Long monitor contention event with owner method=void com.android.server.wm.WindowAnimator$1.doFrame(long) from WindowAnimator.java:121 waiters=1 for 238ms
12-09 08:40:01.827 W/audio_hw_generic( 1307): Not supplying enough data to HAL, expected position 49274292 , only wrote 49273584
12-09 08:40:01.827 W/audio_hw_generic( 1307): Not supplying enough data to HAL, expected position 49273591 , only wrote 49273584
12-09 08:40:01.847 W/audio_hw_generic( 1307): Not supplying enough data to HAL, expected position 49274472 , only wrote 49274245
12-09 08:40:02.096 D/AndroidRuntime(19650): >>>>>> START com.android.internal.os.RuntimeInit uid 0 <<<<<<
12-09 08:40:02.101 D/AndroidRuntime(19650): CheckJNI is ON
12-09 08:40:02.149 D/ICU     (19650): No timezone override file found: /data/misc/zoneinfo/current/icu/icu_tzdata.dat
12-09 08:40:02.230 W/audio_hw_generic( 1307): Not supplying enough data to HAL, expected position 49306689 , only wrote 49290770
12-09 08:40:02.289 W/art     ( 1592): Long monitor contention event with owner method=void com.android.server.wm.WindowAnimator$1.doFrame(long) from WindowAnimator.java:121 waiters=1 for 216ms
12-09 08:40:02.291 E/memtrack(19650): Couldn't load memtrack module (No such file or directory)
12-09 08:40:02.291 E/android.os.Debug(19650): failed to load memtrack module: -2
12-09 08:40:02.295 I/Radio-JNI(19650): register_android_hardware_Radio DONE
12-09 08:40:02.330 D/AndroidRuntime(19650): Calling main entry com.android.commands.input.Input
12-09 08:40:02.331 I/Input   (19650): injectKeyEvent: KeyEvent { action=ACTION_DOWN, keyCode=KEYCODE_BACK, scanCode=0, metaState=0, flags=0x0, repeatCount=0, eventTime=6213369, downTime=6213369, deviceId=-1, source=0x101 }
12-09 08:40:02.858 W/art     ( 1592): Long monitor contention event with owner method=void com.android.server.wm.WindowAnimator$1.doFrame(long) from WindowAnimator.java:121 waiters=1 for 182ms
12-09 08:40:02.993 W/ViewRootImpl(19538): Dropping event due to no window focus: KeyEvent { action=ACTION_DOWN, keyCode=KEYCODE_BACK, scanCode=0, metaState=0, flags=0x0, repeatCount=0, eventTime=6213369, downTime=6213369, deviceId=-1, source=0x101 }
12-09 08:40:02.994 W/art     ( 1592): Long monitor contention event with owner method=java.util.List com.android.server.am.ActivityManagerService.getAllStackInfos() from ActivityManagerService.java:8937 waiters=0 for 2.075s
12-09 08:40:02.995 I/Input   (19650): injectKeyEvent: KeyEvent { action=ACTION_UP, keyCode=KEYCODE_BACK, scanCode=0, metaState=0, flags=0x0, repeatCount=0, eventTime=6213369, downTime=6213369, deviceId=-1, source=0x101 }
12-09 08:40:03.131 D/AndroidRuntime(19650): Shutting down VM
12-09 08:40:03.383 I/ActivityManager( 1592): Displayed com.evancharlton.mileage/.FillupInfoActivity: +4s43ms
12-09 08:40:03.408 D/gralloc_ranchu( 1226): gralloc_alloc: Creating ashmem region of size 3686400
12-09 08:40:03.740 I/System.out(19538): URI: //gesture
12-09 08:40:03.740 I/System.out(19538): params: {json={"query_timeout":5.0,"gestures":[{"query_string":"android.widget.TabWidget descendant TextView index:2","touches":[{"x":50,"y":50,"offset_x":0,"offset_y":0,"wait":0.0,"time":0.2,"release":true,"query_string":null}]}]}
12-09 08:40:03.740 I/System.out(19538): }
12-09 08:40:04.014 W/art     ( 1592): Long monitor contention event with owner method=void com.android.server.wm.WindowAnimator$1.doFrame(long) from WindowAnimator.java:121 waiters=0 for 110ms
12-09 08:40:09.185 W/System.err(19538): java.lang.RuntimeException: Could not find views '[android.widget.TabWidget descendant TextView index:2]'
12-09 08:40:09.185 W/System.err(19538): 	at sh.calaba.instrumentationbackend.actions.MultiTouchGesture.evaluateQueries(MultiTouchGesture.java:225)
12-09 08:40:09.185 W/System.err(19538): 	at sh.calaba.instrumentationbackend.actions.MultiTouchGesture.parseGesture(MultiTouchGesture.java:68)
12-09 08:40:09.185 W/System.err(19538): 	at sh.calaba.instrumentationbackend.actions.MultiTouchGesture.perform(MultiTouchGesture.java:144)
12-09 08:40:09.185 W/System.err(19538): 	at sh.calaba.instrumentationbackend.actions.HttpServer.serve(HttpServer.java:540)
12-09 08:40:09.185 W/System.err(19538): 	at sh.calaba.instrumentationbackend.actions.NanoHTTPD$HTTPSession.run(NanoHTTPD.java:487)
12-09 08:40:09.185 W/System.err(19538): 	at java.lang.Thread.run(Thread.java:818)
