--------- beginning of main
12-09 08:17:41.370 W/art     ( 1594): Long monitor contention event with owner method=void com.android.server.wm.WindowAnimator$1.doFrame(long) from WindowAnimator.java:121 waiters=1 for 188ms
12-09 08:17:41.434 W/art     ( 1594): Long monitor contention event with owner method=void com.android.server.am.ActivityManagerService.activityPaused(android.os.IBinder) from ActivityManagerService.java:6439 waiters=0 for 1.102s
--------- beginning of system
12-09 08:17:41.609 W/InputMethodManagerService( 1594): Window already focused, ignoring focus gain of: com.android.internal.view.IInputMethodClient$Stub$Proxy@22eff14 attribute=null, token = android.os.BinderProxy@11270cd
12-09 08:17:41.789 W/art     ( 1594): Long monitor contention event with owner method=void com.android.server.wm.WindowAnimator$1.doFrame(long) from WindowAnimator.java:121 waiters=0 for 140ms
12-09 08:17:42.085 D/AndroidRuntime(13049): >>>>>> START com.android.internal.os.RuntimeInit uid 0 <<<<<<
12-09 08:17:42.105 D/AndroidRuntime(13049): CheckJNI is ON
12-09 08:17:42.118 D/ICU     (13049): No timezone override file found: /data/misc/zoneinfo/current/icu/icu_tzdata.dat
12-09 08:17:42.410 E/memtrack(13049): Couldn't load memtrack module (No such file or directory)
12-09 08:17:42.416 E/android.os.Debug(13049): failed to load memtrack module: -2
12-09 08:17:42.417 I/Radio-JNI(13049): register_android_hardware_Radio DONE
12-09 08:17:42.432 D/AndroidRuntime(13049): Calling main entry com.android.commands.am.Am
12-09 08:17:42.496 I/ActivityManager( 1594): Force stopping com.evancharlton.mileage appid=10131 user=0: start instr
12-09 08:17:42.509 I/ActivityManager( 1594): Killing 13032:com.evancharlton.mileage/u0a131 (adj 0): stop com.evancharlton.mileage
12-09 08:17:43.336 W/ActivityManager( 1594): Crash of app com.evancharlton.mileage running instrumentation ComponentInfo{com.evancharlton.mileage.test/sh.calaba.instrumentationbackend.ClearAppData2}
12-09 08:17:43.336 I/ActivityManager( 1594): Force stopping com.evancharlton.mileage appid=10131 user=0: finished inst
12-09 08:17:43.421 I/ActivityManager( 1594): Start proc 13058:com.evancharlton.mileage/u0a131 for added application com.evancharlton.mileage
12-09 08:17:43.422 W/art     ( 1594): Long monitor contention event with owner method=boolean com.android.server.am.ActivityManagerService.startInstrumentation(android.content.ComponentName, java.lang.String, int, android.os.Bundle, android.app.IInstrumentationWatcher, android.app.IUiAutomationConnection, int, java.lang.String) from ActivityManagerService.java:17066 waiters=0 for 890ms
12-09 08:17:43.422 W/art     ( 1594): Long monitor contention event with owner method=boolean com.android.server.am.ActivityManagerService.startInstrumentation(android.content.ComponentName, java.lang.String, int, android.os.Bundle, android.app.IInstrumentationWatcher, android.app.IUiAutomationConnection, int, java.lang.String) from ActivityManagerService.java:17066 waiters=1 for 834ms
12-09 08:17:43.428 W/art     ( 1594): Long monitor contention event with owner method=boolean com.android.server.am.ActivityManagerService.startInstrumentation(android.content.ComponentName, java.lang.String, int, android.os.Bundle, android.app.IInstrumentationWatcher, android.app.IUiAutomationConnection, int, java.lang.String) from ActivityManagerService.java:17066 waiters=2 for 788ms
12-09 08:17:43.428 W/ActivityManager( 1594): Spurious death for ProcessRecord{d32e3bd 0:com.evancharlton.mileage/u0a131}, curProc for 13032: null
12-09 08:17:43.444 D/AndroidRuntime(13049): Shutting down VM
12-09 08:17:43.514 W/System  (13058): ClassLoader referenced unknown path: /data/app/com.evancharlton.mileage.test-1/lib/x86_64
12-09 08:17:43.520 W/System  (13058): ClassLoader referenced unknown path: /data/app/com.evancharlton.mileage-1/lib/x86_64
12-09 08:17:43.546 I/System.out(13058): Main activity name automatically set to: com.evancharlton.mileage.Mileage
12-09 08:17:43.546 I/System.out(13058): Calabash did not load Mono. This is only a problem if you are trying to test a Mono application
12-09 08:17:43.547 I/calabash(13058): Test server port: 7102
12-09 08:17:43.547 I/InstrumentationBackend(13058): Added:'GetPreferences', with key:'get_preferences'
12-09 08:17:43.600 I/InstrumentationBackend(13058): Added:'SetPreferences', with key:'set_preferences'
12-09 08:17:43.608 I/InstrumentationBackend(13058): Added:'ClearPreferences', with key:'clear_preferences'
12-09 08:17:43.608 I/InstrumentationBackend(13058): Added:'PressElement', with key:'press_l10n_element'
12-09 08:17:43.608 I/InstrumentationBackend(13058): Added:'WaitForElement', with key:'wait_for_l10n_element'
12-09 08:17:43.608 I/InstrumentationBackend(13058): Added:'NullAction', with key:'nullAction'
12-09 08:17:43.609 I/InstrumentationBackend(13058): Added:'PressKey', with key:'press_key'
12-09 08:17:43.609 I/InstrumentationBackend(13058): Added:'SetActivityOrientation', with key:'set_activity_orientation'
12-09 08:17:43.609 I/InstrumentationBackend(13058): Added:'GetActivityOrientation', with key:'get_activity_orientation'
12-09 08:17:43.609 I/InstrumentationBackend(13058): Added:'FakeGPSLocation', with key:'set_gps_coordinates'
12-09 08:17:43.609 I/InstrumentationBackend(13058): Added:'SetPropertyByCssSelector', with key:'set_property_by_css_selector'
12-09 08:17:43.609 I/InstrumentationBackend(13058): Added:'GetUrl', with key:'get_url'
12-09 08:17:43.610 I/InstrumentationBackend(13058): Added:'ScrollTo', with key:'scroll_to'
12-09 08:17:43.610 I/InstrumentationBackend(13058): Added:'GetLoadProgress', with key:'get_load_progress'
12-09 08:17:43.610 I/InstrumentationBackend(13058): Added:'DumpHtml', with key:'dump_html'
12-09 08:17:43.611 I/InstrumentationBackend(13058): Added:'DumpBodyHtml', with key:'dump_body_html'
12-09 08:17:43.611 I/InstrumentationBackend(13058): Added:'EnterTextByCssSelector', with key:'enter_text_by_selector'
12-09 08:17:43.612 I/InstrumentationBackend(13058): Added:'AndroidSDKVersion', with key:'android_sdk_version'
12-09 08:17:43.613 I/InstrumentationBackend(13058): Added:'Version', with key:'version'
12-09 08:17:43.613 I/InstrumentationBackend(13058): Added:'Drag', with key:'drag'
12-09 08:17:43.613 I/InstrumentationBackend(13058): Added:'TouchCoordinates', with key:'touch_coordinate'
12-09 08:17:43.613 I/InstrumentationBackend(13058): Added:'LongPressCoordinate', with key:'long_press_coordinate'
12-09 08:17:43.613 I/InstrumentationBackend(13058): Added:'DragCoordinates', with key:'drag_coordinates'
12-09 08:17:43.613 I/InstrumentationBackend(13058): Added:'ResumeApplication', with key:'resume_application'
12-09 08:17:43.613 I/InstrumentationBackend(13058): Added:'Swipe', with key:'swipe'
12-09 08:17:43.614 I/InstrumentationBackend(13058): Added:'DoubleTapCoordinate', with key:'double_tap_coordinate'
12-09 08:17:43.614 I/InstrumentationBackend(13058): Added:'ClickOnScreen', with key:'click_on_screen'
12-09 08:17:43.614 I/InstrumentationBackend(13058): Added:'GetActivityName', with key:'get_activity_name'
12-09 08:17:43.614 I/InstrumentationBackend(13058): Added:'ScrollToView', with key:'scroll_to_view'
12-09 08:17:43.614 I/InstrumentationBackend(13058): Added:'ViewConfiguration', with key:'view_configuration'
12-09 08:17:43.614 I/InstrumentationBackend(13058): Added:'IsCurrentActivityFocused', with key:'is_current_activity_focused'
12-09 08:17:43.615 I/InstrumentationBackend(13058): Added:'SendTcp', with key:'send_tcp'
12-09 08:17:43.615 I/InstrumentationBackend(13058): Added:'DpToDevicePixel', with key:'dp_to_device_pixel'
12-09 08:17:43.617 I/InstrumentationBackend(13058): Added:'KeyboardEnterText', with key:'keyboard_enter_text'
12-09 08:17:43.623 I/InstrumentationBackend(13058): Added:'DeleteSurroundingText', with key:'delete_surrounding_text'
12-09 08:17:43.624 I/InstrumentationBackend(13058): Added:'SetComposingRegion', with key:'set_composing_region'
12-09 08:17:43.624 I/InstrumentationBackend(13058): Added:'SetSelection', with key:'set_selection'
12-09 08:17:43.624 I/InstrumentationBackend(13058): Added:'KeyboardKeyEvent', with key:'keyboard_key_event'
12-09 08:17:43.624 I/InstrumentationBackend(13058): Added:'PressUserActionButton', with key:'press_user_action_button'
12-09 08:17:43.624 I/InstrumentationBackend(13058): Added:'HideSoftKeyboard', with key:'hide_soft_keyboard'
12-09 08:17:43.625 I/InstrumentationBackend(13058): Added:'ListActions', with key:'list_actions'
12-09 08:17:43.625 I/calabash(13058): Instantiating http server at 7102
12-09 08:17:43.640 I/System.out(13058): HTTP Daemon listening on: 7102
12-09 08:17:43.729 I/System.out(13058): URI: //ping
12-09 08:17:43.768 I/System.out(13058): params: {json={}
12-09 08:17:43.768 I/System.out(13058): }
12-09 08:17:43.780 I/art     (13058): Background partial concurrent mark sweep GC freed 1502(181KB) AllocSpace objects, 1(20KB) LOS objects, 48% free, 1096KB/2MB, paused 12.532ms total 127.664ms
12-09 08:17:43.828 I/System.out(13058): URI: //ping
12-09 08:17:43.828 I/System.out(13058): params: {json={}
12-09 08:17:43.828 I/System.out(13058): }
12-09 08:17:43.904 I/System.out(13058): URI: //ready
12-09 08:17:43.904 I/System.out(13058): params: {json={}
12-09 08:17:43.904 I/System.out(13058): }
12-09 08:17:43.960 I/System.out(13058): URI: //
12-09 08:17:43.960 I/System.out(13058): params: {json={"command":"version","arguments":[]}
12-09 08:17:43.960 I/System.out(13058): }
12-09 08:17:43.960 I/System.out(13058): header: {date=Sun, 09 Dec 2018 08:17:44 GMT, accept=*/*, content-length=36, host=127.0.0.1:34777, user-agent=HTTPClient/1.0 (2.8.3, ruby 2.3.1 (2016-04-26)), content-type=application/json;charset=utf-8}
12-09 08:17:43.960 I/System.out(13058): params: {json={"command":"version","arguments":[]}
12-09 08:17:43.960 I/System.out(13058): }
12-09 08:17:43.960 I/System.out(13058): ProP json = {"command":"version","arguments":[]}
12-09 08:17:43.960 I/System.out(13058): files: {}
12-09 08:17:43.960 I/System.out(13058): command: {"command":"version","arguments":[]}
12-09 08:17:43.970 I/InstrumentationBackend(13058): Got command:'Command:'Line:null,version', arguments:'[]'
12-09 08:17:44.048 I/System.out(13058): result:{"bonusInformation":[],"message":"0.9.8","success":true}
12-09 08:17:44.139 I/art     (13058): Background sticky concurrent mark sweep GC freed 14215(826KB) AllocSpace objects, 11(220KB) LOS objects, 41% free, 1245KB/2MB, paused 5.516ms total 138.081ms
12-09 08:17:44.184 I/System.out(13058): URI: //start-application
12-09 08:17:44.184 I/System.out(13058): params: {json={"intent":null}
12-09 08:17:44.184 I/System.out(13058): }
12-09 08:17:44.236 I/ActivityManager( 1594): START u0 {act=android.intent.action.MAIN cat=[android.intent.category.LAUNCHER] flg=0x10200000 cmp=com.evancharlton.mileage/.Mileage} from uid 10131 on display 0
12-09 08:17:44.276 I/calabash(13058): newActivity1
12-09 08:17:44.355 D/gralloc_ranchu( 1219): gralloc_alloc: Creating ashmem region of size 3686400
12-09 08:17:44.366 W/art     ( 1594): Long monitor contention event with owner method=void com.android.server.am.ActivityManagerService.activityPaused(android.os.IBinder) from ActivityManagerService.java:6439 waiters=2 for 110ms
12-09 08:17:44.390 I/calabash(13058): newActivity1
12-09 08:17:44.408 W/ActivityManager( 1594): Bad activity token: android.os.BinderProxy@c61bd7b
12-09 08:17:44.408 W/ActivityManager( 1594): java.lang.ClassCastException: android.os.BinderProxy cannot be cast to com.android.server.am.ActivityRecord$Token
12-09 08:17:44.408 W/ActivityManager( 1594): 	at com.android.server.am.ActivityRecord.forTokenLocked(ActivityRecord.java:424)
12-09 08:17:44.408 W/ActivityManager( 1594): 	at com.android.server.am.ActivityRecord.isInStackLocked(ActivityRecord.java:1121)
12-09 08:17:44.408 W/ActivityManager( 1594): 	at com.android.server.am.ActivityRecord.getStackLocked(ActivityRecord.java:1126)
12-09 08:17:44.408 W/ActivityManager( 1594): 	at com.android.server.am.ActivityManagerService.getActivityDisplayId(ActivityManagerService.java:8889)
12-09 08:17:44.408 W/ActivityManager( 1594): 	at android.app.ActivityManagerNative.onTransact(ActivityManagerNative.java:2338)
12-09 08:17:44.408 W/ActivityManager( 1594): 	at com.android.server.am.ActivityManagerService.onTransact(ActivityManagerService.java:2443)
12-09 08:17:44.408 W/ActivityManager( 1594): 	at android.os.Binder.execTransact(Binder.java:453)
12-09 08:17:44.423 W/ActivityManager( 1594): Bad activity token: android.os.BinderProxy@c61bd7b
12-09 08:17:44.423 W/ActivityManager( 1594): java.lang.ClassCastException: android.os.BinderProxy cannot be cast to com.android.server.am.ActivityRecord$Token
12-09 08:17:44.423 W/ActivityManager( 1594): 	at com.android.server.am.ActivityRecord.forTokenLocked(ActivityRecord.java:424)
12-09 08:17:44.423 W/ActivityManager( 1594): 	at com.android.server.am.ActivityRecord.isInStackLocked(ActivityRecord.java:1121)
12-09 08:17:44.423 W/ActivityManager( 1594): 	at com.android.server.am.ActivityManagerService.setTaskDescription(ActivityManagerService.java:8547)
12-09 08:17:44.423 W/ActivityManager( 1594): 	at android.app.ActivityManagerNative.onTransact(ActivityManagerNative.java:2410)
12-09 08:17:44.423 W/ActivityManager( 1594): 	at com.android.server.am.ActivityManagerService.onTransact(ActivityManagerService.java:2443)
12-09 08:17:44.423 W/ActivityManager( 1594): 	at android.os.Binder.execTransact(Binder.java:453)
12-09 08:17:44.640 V/PhoneStatusBar( 3164): setLightsOn(true)
12-09 08:17:44.642 D/EGL_emulation( 1918): eglMakeCurrent: 0x7fb4b8261aa0: ver 2 0 (tinfo 0x7fb4b8242860)
12-09 08:17:44.643 D/FillupsProvider(13058): Creating database
12-09 08:17:44.724 E/Surface ( 1918): getSlotFromBufferLocked: unknown buffer: 0x7fb4b41882e0
12-09 08:17:44.878 W/art     ( 1594): Long monitor contention event with owner method=void com.android.server.wm.WindowAnimator$1.doFrame(long) from WindowAnimator.java:121 waiters=0 for 206ms
12-09 08:17:45.094 W/ActivityManager( 1594): Bad activity token: android.os.BinderProxy@c61bd7b
12-09 08:17:45.094 W/ActivityManager( 1594): java.lang.ClassCastException: android.os.BinderProxy cannot be cast to com.android.server.am.ActivityRecord$Token
12-09 08:17:45.094 W/ActivityManager( 1594): 	at com.android.server.am.ActivityRecord.forTokenLocked(ActivityRecord.java:424)
12-09 08:17:45.094 W/ActivityManager( 1594): 	at com.android.server.am.ActivityRecord.isInStackLocked(ActivityRecord.java:1121)
12-09 08:17:45.094 W/ActivityManager( 1594): 	at com.android.server.am.ActivityManagerService.getActivityOptions(ActivityManagerService.java:11038)
12-09 08:17:45.094 W/ActivityManager( 1594): 	at android.app.ActivityManagerNative.onTransact(ActivityManagerNative.java:1734)
12-09 08:17:45.094 W/ActivityManager( 1594): 	at com.android.server.am.ActivityManagerService.onTransact(ActivityManagerService.java:2443)
12-09 08:17:45.094 W/ActivityManager( 1594): 	at android.os.Binder.execTransact(Binder.java:453)
12-09 08:17:45.094 W/ActivityManager( 1594): Bad activity token: android.os.BinderProxy@c61bd7b
12-09 08:17:45.094 W/ActivityManager( 1594): java.lang.ClassCastException: android.os.BinderProxy cannot be cast to com.android.server.am.ActivityRecord$Token
12-09 08:17:45.094 W/ActivityManager( 1594): 	at com.android.server.am.ActivityRecord.forTokenLocked(ActivityRecord.java:424)
12-09 08:17:45.094 W/ActivityManager( 1594): 	at com.android.server.am.ActivityRecord.isInStackLocked(ActivityRecord.java:1121)
12-09 08:17:45.094 W/ActivityManager( 1594): 	at com.android.server.am.ActivityManagerService.getActivityOptions(ActivityManagerService.java:11038)
12-09 08:17:45.094 W/ActivityManager( 1594): 	at android.app.ActivityManagerNative.onTransact(ActivityManagerNative.java:1734)
12-09 08:17:45.094 W/ActivityManager( 1594): 	at com.android.server.am.ActivityManagerService.onTransact(ActivityManagerService.java:2443)
12-09 08:17:45.094 W/ActivityManager( 1594): 	at android.os.Binder.execTransact(Binder.java:453)
12-09 08:17:45.118 I/art     (13058): Background sticky concurrent mark sweep GC freed 6032(332KB) AllocSpace objects, 0(0B) LOS objects, 3% free, 2040KB/2MB, paused 1.169ms total 116.847ms
12-09 08:17:45.316 I/art     (13058): Background partial concurrent mark sweep GC freed 2079(156KB) AllocSpace objects, 1(20KB) LOS objects, 39% free, 1845KB/3MB, paused 21.272ms total 36.755ms
12-09 08:17:45.506 W/art     ( 1594): Long monitor contention event with owner method=void com.android.server.wm.WindowAnimator$1.doFrame(long) from WindowAnimator.java:121 waiters=1 for 101ms
12-09 08:17:45.917 W/art     ( 1594): Long monitor contention event with owner method=int com.android.server.wm.WindowManagerService.relayoutWindow(com.android.server.wm.Session, android.view.IWindow, int, android.view.WindowManager$LayoutParams, int, int, int, int, android.graphics.Rect, android.graphics.Rect, android.graphics.Rect, android.graphics.Rect, android.graphics.Rect, android.graphics.Rect, android.content.res.Configuration, android.view.Surface) from WindowManagerService.java:3103 waiters=0 for 153ms
12-09 08:17:45.919 D/gralloc_ranchu( 1219): gralloc_alloc: Creating ashmem region of size 3686400
12-09 08:17:46.095 D/        (13058): HostConnection::get() New Host Connection established 0x7fb4b819d4a0, tid 13058
12-09 08:17:46.158 I/ActivityManager( 1594): Displayed com.evancharlton.mileage/.Mileage: +1s907ms
12-09 08:17:46.175 D/gralloc_ranchu( 1219): gralloc_alloc: Creating ashmem region of size 3686400
12-09 08:17:46.514 W/art     ( 1594): Long monitor contention event with owner method=void com.android.server.wm.WindowAnimator$1.doFrame(long) from WindowAnimator.java:121 waiters=0 for 145ms
12-09 08:17:46.814 I/System.out(13058): URI: //gesture
12-09 08:17:46.814 I/System.out(13058): params: {json={"query_timeout":5.0,"gestures":[{"query_string":"android.widget.TabWidget descendant TextView index:3","touches":[{"x":50,"y":50,"offset_x":0,"offset_y":0,"wait":0.0,"time":0.2,"release":true,"query_string":null}]}]}
12-09 08:17:46.814 I/System.out(13058): }
12-09 08:17:46.880 W/art     (13058): Suspending all threads took: 6.615ms
12-09 08:17:46.924 I/art     (13058): Background sticky concurrent mark sweep GC freed 25879(1173KB) AllocSpace objects, 2(40KB) LOS objects, 20% free, 2MB/3MB, paused 11.440ms total 92.322ms
12-09 08:17:47.026 D/gralloc_ranchu( 1219): gralloc_alloc: Creating ashmem region of size 3686400
12-09 08:17:47.436 W/art     (13058): Suspending all threads took: 16.654ms
12-09 08:17:47.469 I/art     (13058): Background sticky concurrent mark sweep GC freed 18110(901KB) AllocSpace objects, 0(0B) LOS objects, 24% free, 2MB/3MB, paused 17.669ms total 54.265ms
12-09 08:17:47.483 I/calabash(13058): newActivity1
12-09 08:17:47.486 W/ActivityManager( 1594): Bad activity token: android.os.BinderProxy@36a194f
12-09 08:17:47.486 W/ActivityManager( 1594): java.lang.ClassCastException: android.os.BinderProxy cannot be cast to com.android.server.am.ActivityRecord$Token
12-09 08:17:47.486 W/ActivityManager( 1594): 	at com.android.server.am.ActivityRecord.forTokenLocked(ActivityRecord.java:424)
12-09 08:17:47.486 W/ActivityManager( 1594): 	at com.android.server.am.ActivityRecord.isInStackLocked(ActivityRecord.java:1121)
12-09 08:17:47.486 W/ActivityManager( 1594): 	at com.android.server.am.ActivityRecord.getStackLocked(ActivityRecord.java:1126)
12-09 08:17:47.486 W/ActivityManager( 1594): 	at com.android.server.am.ActivityManagerService.getActivityDisplayId(ActivityManagerService.java:8889)
12-09 08:17:47.486 W/ActivityManager( 1594): 	at android.app.ActivityManagerNative.onTransact(ActivityManagerNative.java:2338)
12-09 08:17:47.486 W/ActivityManager( 1594): 	at com.android.server.am.ActivityManagerService.onTransact(ActivityManagerService.java:2443)
12-09 08:17:47.486 W/ActivityManager( 1594): 	at android.os.Binder.execTransact(Binder.java:453)
12-09 08:17:47.487 W/ActivityManager( 1594): Bad activity token: android.os.BinderProxy@36a194f
12-09 08:17:47.487 W/ActivityManager( 1594): java.lang.ClassCastException: android.os.BinderProxy cannot be cast to com.android.server.am.ActivityRecord$Token
12-09 08:17:47.487 W/ActivityManager( 1594): 	at com.android.server.am.ActivityRecord.forTokenLocked(ActivityRecord.java:424)
12-09 08:17:47.487 W/ActivityManager( 1594): 	at com.android.server.am.ActivityRecord.isInStackLocked(ActivityRecord.java:1121)
12-09 08:17:47.487 W/ActivityManager( 1594): 	at com.android.server.am.ActivityManagerService.setTaskDescription(ActivityManagerService.java:8547)
12-09 08:17:47.487 W/ActivityManager( 1594): 	at android.app.ActivityManagerNative.onTransact(ActivityManagerNative.java:2410)
12-09 08:17:47.487 W/ActivityManager( 1594): 	at com.android.server.am.ActivityManagerService.onTransact(ActivityManagerService.java:2443)
12-09 08:17:47.487 W/ActivityManager( 1594): 	at android.os.Binder.execTransact(Binder.java:453)
12-09 08:17:47.498 W/ActivityManager( 1594): Bad activity token: android.os.BinderProxy@36a194f
12-09 08:17:47.498 W/ActivityManager( 1594): java.lang.ClassCastException: android.os.BinderProxy cannot be cast to com.android.server.am.ActivityRecord$Token
12-09 08:17:47.498 W/ActivityManager( 1594): 	at com.android.server.am.ActivityRecord.forTokenLocked(ActivityRecord.java:424)
12-09 08:17:47.498 W/ActivityManager( 1594): 	at com.android.server.am.ActivityRecord.isInStackLocked(ActivityRecord.java:1121)
12-09 08:17:47.498 W/ActivityManager( 1594): 	at com.android.server.am.ActivityManagerService.getActivityOptions(ActivityManagerService.java:11038)
12-09 08:17:47.498 W/ActivityManager( 1594): 	at android.app.ActivityManagerNative.onTransact(ActivityManagerNative.java:1734)
12-09 08:17:47.498 W/ActivityManager( 1594): 	at com.android.server.am.ActivityManagerService.onTransact(ActivityManagerService.java:2443)
12-09 08:17:47.498 W/ActivityManager( 1594): 	at android.os.Binder.execTransact(Binder.java:453)
12-09 08:17:47.498 W/ActivityManager( 1594): Bad activity token: android.os.BinderProxy@36a194f
12-09 08:17:47.498 W/ActivityManager( 1594): java.lang.ClassCastException: android.os.BinderProxy cannot be cast to com.android.server.am.ActivityRecord$Token
12-09 08:17:47.498 W/ActivityManager( 1594): 	at com.android.server.am.ActivityRecord.forTokenLocked(ActivityRecord.java:424)
12-09 08:17:47.498 W/ActivityManager( 1594): 	at com.android.server.am.ActivityRecord.isInStackLocked(ActivityRecord.java:1121)
12-09 08:17:47.498 W/ActivityManager( 1594): 	at com.android.server.am.ActivityManagerService.getActivityOptions(ActivityManagerService.java:11038)
12-09 08:17:47.498 W/ActivityManager( 1594): 	at android.app.ActivityManagerNative.onTransact(ActivityManagerNative.java:1734)
12-09 08:17:47.498 W/ActivityManager( 1594): 	at com.android.server.am.ActivityManagerService.onTransact(ActivityManagerService.java:2443)
12-09 08:17:47.498 W/ActivityManager( 1594): 	at android.os.Binder.execTransact(Binder.java:453)
12-09 08:17:47.500 I/System.out(13058): URI: //map
12-09 08:17:47.501 I/System.out(13058): params: {json={"query":"android.widget.ListView index:0 android.widget.TextView index:0","operation":{"method_name":"query","arguments":[]}}
12-09 08:17:47.501 I/System.out(13058): }
12-09 08:17:47.540 W/audio_hw_generic( 1308): Hardware backing HAL too slow, could only write 0 of 661 frames
12-09 08:17:47.553 W/audio_hw_generic( 1308): Hardware backing HAL too slow, could only write 0 of 661 frames
12-09 08:17:47.578 I/art     (13058): Background sticky concurrent mark sweep GC freed 12346(552KB) AllocSpace objects, 2(40KB) LOS objects, 20% free, 2MB/3MB, paused 7.854ms total 51.053ms
12-09 08:17:47.774 I/art     (13058): Background sticky concurrent mark sweep GC freed 35162(1578KB) AllocSpace objects, 0(0B) LOS objects, 17% free, 2MB/3MB, paused 5.764ms total 59.158ms
12-09 08:17:47.826 I/System.out(13058): URI: //gesture
12-09 08:17:47.826 I/System.out(13058): params: {json={"query_timeout":5.0,"gestures":[{"query_string":"android.widget.ListView index:0 android.widget.TextView index:0","touches":[{"x":50,"y":50,"offset_x":0,"offset_y":0,"wait":0.0,"time":0.2,"release":true,"query_string":null}]}]}
12-09 08:17:47.826 I/System.out(13058): }
12-09 08:17:47.861 W/art     (13058): Suspending all threads took: 7.502ms
12-09 08:17:47.873 I/art     (13058): Background sticky concurrent mark sweep GC freed 17796(685KB) AllocSpace objects, 2(40KB) LOS objects, 15% free, 2MB/3MB, paused 8.833ms total 32.676ms
12-09 08:17:47.966 W/audio_hw_generic( 1308): Not supplying enough data to HAL, expected position 19972691 , only wrote 19970793
12-09 08:17:47.966 W/audio_hw_generic( 1308): Not supplying enough data to HAL, expected position 19970799 , only wrote 19970793
12-09 08:17:48.076 W/audio_hw_generic( 1308): Not supplying enough data to HAL, expected position 19975657 , only wrote 19971454
12-09 08:17:48.402 W/audio_hw_generic( 1308): Hardware backing HAL too slow, could only write 0 of 661 frames
12-09 08:17:48.416 W/audio_hw_generic( 1308): Hardware backing HAL too slow, could only write 0 of 661 frames
12-09 08:17:48.440 W/audio_hw_generic( 1308): Hardware backing HAL too slow, could only write 0 of 661 frames
12-09 08:17:48.463 W/audio_hw_generic( 1308): Hardware backing HAL too slow, could only write 0 of 661 frames
12-09 08:17:48.480 W/audio_hw_generic( 1308): Hardware backing HAL too slow, could only write 0 of 661 frames
12-09 08:17:48.500 W/audio_hw_generic( 1308): Hardware backing HAL too slow, could only write 0 of 661 frames
12-09 08:17:48.684 W/audio_hw_generic( 1308): Hardware backing HAL too slow, could only write 0 of 661 frames
12-09 08:17:48.724 W/audio_hw_generic( 1308): Not supplying enough data to HAL, expected position 20000008 , only wrote 19998555
12-09 08:17:48.832 W/audio_hw_generic( 1308): Hardware backing HAL too slow, could only write 0 of 661 frames
12-09 08:17:48.832 W/audio_hw_generic( 1308): Not supplying enough data to HAL, expected position 20003352 , only wrote 19999216
12-09 08:17:48.834 I/ActivityManager( 1594): START u0 {cmp=com.evancharlton.mileage/.VehicleActivity (has extras)} from uid 10131 on display 0
12-09 08:17:48.937 W/audio_hw_generic( 1308): Not supplying enough data to HAL, expected position 20003847 , only wrote 19999216
12-09 08:17:48.938 W/audio_hw_generic( 1308): Hardware backing HAL too slow, could only write 0 of 661 frames
12-09 08:17:48.963 W/audio_hw_generic( 1308): Hardware backing HAL too slow, could only write 0 of 661 frames
12-09 08:17:48.982 W/audio_hw_generic( 1308): Hardware backing HAL too slow, could only write 0 of 661 frames
12-09 08:17:49.023 D/AudioFlinger( 1308): mixer(0xf4380000) throttle end: throttle time(33)
12-09 08:17:49.080 W/audio_hw_generic( 1308): Not supplying enough data to HAL, expected position 20005516 , only wrote 20005165
12-09 08:17:49.080 W/audio_hw_generic( 1308): Not supplying enough data to HAL, expected position 20005171 , only wrote 20005165
12-09 08:17:49.097 W/audio_hw_generic( 1308): Not supplying enough data to HAL, expected position 20005884 , only wrote 20005826
12-09 08:17:49.206 E/SurfaceFlinger( 1219): ro.sf.lcd_density must be defined as a build property
12-09 08:17:49.214 D/gralloc_ranchu( 1219): gralloc_alloc: Creating ashmem region of size 3686400
12-09 08:17:49.220 I/calabash(13058): newActivity1
12-09 08:17:49.300 W/audio_hw_generic( 1308): Not supplying enough data to HAL, expected position 20014789 , only wrote 20014419
12-09 08:17:49.300 W/audio_hw_generic( 1308): Not supplying enough data to HAL, expected position 20014425 , only wrote 20014419
12-09 08:17:49.316 W/audio_hw_generic( 1308): Not supplying enough data to HAL, expected position 20015100 , only wrote 20015080
12-09 08:17:49.316 W/audio_hw_generic( 1308): Hardware backing HAL too slow, could only write 0 of 661 frames
12-09 08:17:49.330 W/audio_hw_generic( 1308): Hardware backing HAL too slow, could only write 0 of 661 frames
12-09 08:17:49.337 D/        (13086): HostConnection::get() New Host Connection established 0x7f6591752480, tid 13086
12-09 08:17:49.350 W/audio_hw_generic( 1308): Hardware backing HAL too slow, could only write 0 of 661 frames
12-09 08:17:49.360 E/EGL_emulation( 1219): tid 1219: eglCreateSyncKHR(1881): error 0x3004 (EGL_BAD_ATTRIBUTE)
12-09 08:17:49.364 W/audio_hw_generic( 1308): Hardware backing HAL too slow, could only write 0 of 661 frames
12-09 08:17:49.480 W/art     ( 1594): Long monitor contention event with owner method=void com.android.server.wm.WindowAnimator$1.doFrame(long) from WindowAnimator.java:121 waiters=0 for 238ms
12-09 08:17:49.835 W/audio_hw_generic( 1308): Not supplying enough data to HAL, expected position 20037999 , only wrote 20036893
12-09 08:17:49.835 W/audio_hw_generic( 1308): Not supplying enough data to HAL, expected position 20036901 , only wrote 20036893
12-09 08:17:49.863 V/PhoneStatusBar( 3164): setLightsOn(true)
12-09 08:17:49.869 I/LatinIME:LogUtils( 1859): Dictionary info: dictionary = spellcheck_contacts.en_US ; version = 1544343469 ; date = ?
12-09 08:17:49.869 I/AccountManagerService( 1594): getTypesVisibleToCaller: isPermitted? true
12-09 08:17:49.876 W/audio_hw_generic( 1308): Not supplying enough data to HAL, expected position 20038677 , only wrote 20037554
12-09 08:17:49.916 W/audio_hw_generic( 1308): Not supplying enough data to HAL, expected position 20039328 , only wrote 20038876
12-09 08:17:50.104 W/audio_hw_generic( 1308): Not supplying enough data to HAL, expected position 20047162 , only wrote 20043503
12-09 08:17:50.104 W/audio_hw_generic( 1308): Not supplying enough data to HAL, expected position 20043510 , only wrote 20043503
12-09 08:17:50.124 W/audio_hw_generic( 1308): Not supplying enough data to HAL, expected position 20044376 , only wrote 20044164
12-09 08:17:50.127 I/LatinIME:LogUtils( 1859): Dictionary info: dictionary = spellcheck_userunigram.en_US ; version = 1544343470 ; date = ?
12-09 08:17:50.168 D/gralloc_ranchu( 1219): gralloc_alloc: Creating ashmem region of size 3686400
12-09 08:17:50.189 I/LatinIME:LogUtils( 1859): Dictionary info: dictionary = main:en ; version = 54 ; date = 1414726273
12-09 08:17:50.240 W/audio_hw_generic( 1308): Not supplying enough data to HAL, expected position 20049295 , only wrote 20048791
12-09 08:17:50.241 W/audio_hw_generic( 1308): Not supplying enough data to HAL, expected position 20048798 , only wrote 20048791
12-09 08:17:50.265 W/audio_hw_generic( 1308): Not supplying enough data to HAL, expected position 20049852 , only wrote 20049452
12-09 08:17:50.269 W/audio_hw_generic( 1308): Not supplying enough data to HAL, expected position 20049662 , only wrote 20049452
12-09 08:17:50.316 W/audio_hw_generic( 1308): Hardware backing HAL too slow, could only write 0 of 661 frames
12-09 08:17:50.342 W/audio_hw_generic( 1308): Hardware backing HAL too slow, could only write 0 of 661 frames
