--------- beginning of main
12-09 08:13:21.960 W/audio_hw_generic( 1307): Not supplying enough data to HAL, expected position 26872418 , only wrote 26872294
12-09 08:13:21.961 W/audio_hw_generic( 1307): Not supplying enough data to HAL, expected position 26872301 , only wrote 26872294
12-09 08:13:21.983 W/audio_hw_generic( 1307): Not supplying enough data to HAL, expected position 26873296 , only wrote 26872955
12-09 08:13:22.008 E/EGL_emulation( 1218): tid 1218: eglCreateSyncKHR(1881): error 0x3004 (EGL_BAD_ATTRIBUTE)
12-09 08:13:22.180 W/art     ( 1592): Suspending all threads took: 5.642ms
--------- beginning of system
12-09 08:13:22.214 W/ActivityManager( 1592): Finishing task with all activities already finished
12-09 08:13:22.214 W/ActivityManager( 1592): Duplicate finish request for ActivityRecord{9e201d5 u0 com.evancharlton.mileage/.Mileage t423 f}
12-09 08:13:22.246 W/ActivityManager( 1592): Finishing task with all activities already finished
12-09 08:13:22.246 W/ActivityManager( 1592): Duplicate finish request for ActivityRecord{9e201d5 u0 com.evancharlton.mileage/.Mileage t423 f}
12-09 08:13:22.254 I/art     ( 1592): Background partial concurrent mark sweep GC freed 10828(766KB) AllocSpace objects, 7(136KB) LOS objects, 29% free, 9MB/13MB, paused 7.180ms total 166.868ms
12-09 08:13:22.273 W/ActivityManager( 1592): Finishing task with all activities already finished
12-09 08:13:22.273 W/ActivityManager( 1592): Duplicate finish request for ActivityRecord{9e201d5 u0 com.evancharlton.mileage/.Mileage t423 f}
12-09 08:13:22.397 W/audio_hw_generic( 1307): Not supplying enough data to HAL, expected position 26908882 , only wrote 26890802
12-09 08:13:22.521 W/art     ( 1592): Long monitor contention event with owner method=int com.android.server.wm.WindowManagerService.relayoutWindow(com.android.server.wm.Session, android.view.IWindow, int, android.view.WindowManager$LayoutParams, int, int, int, int, android.graphics.Rect, android.graphics.Rect, android.graphics.Rect, android.graphics.Rect, android.graphics.Rect, android.graphics.Rect, android.content.res.Configuration, android.view.Surface) from WindowManagerService.java:3103 waiters=0 for 156ms
12-09 08:13:22.590 D/EGL_emulation( 1949): eglMakeCurrent: 0x7f1b08134640: ver 2 0 (tinfo 0x7f1b08102800)
12-09 08:13:22.791 D/AndroidRuntime(13430): >>>>>> START com.android.internal.os.RuntimeInit uid 0 <<<<<<
12-09 08:13:22.806 D/AndroidRuntime(13430): CheckJNI is ON
12-09 08:13:22.842 D/ICU     (13430): No timezone override file found: /data/misc/zoneinfo/current/icu/icu_tzdata.dat
12-09 08:13:22.964 W/art     ( 1592): Long monitor contention event with owner method=void com.android.server.wm.WindowAnimator$1.doFrame(long) from WindowAnimator.java:121 waiters=1 for 310ms
12-09 08:13:23.024 E/memtrack(13430): Couldn't load memtrack module (No such file or directory)
12-09 08:13:23.029 E/android.os.Debug(13430): failed to load memtrack module: -2
12-09 08:13:23.030 I/Radio-JNI(13430): register_android_hardware_Radio DONE
12-09 08:13:23.085 D/AndroidRuntime(13430): Calling main entry com.android.commands.am.Am
12-09 08:13:23.171 W/art     ( 1592): Long monitor contention event with owner method=void com.android.server.wm.WindowAnimator$1.doFrame(long) from WindowAnimator.java:121 waiters=1 for 389ms
12-09 08:13:23.230 W/art     ( 1592): Long monitor contention event with owner method=void com.android.server.wm.WindowAnimator$1.doFrame(long) from WindowAnimator.java:121 waiters=2 for 266ms
12-09 08:13:23.327 W/art     ( 1592): Long monitor contention event with owner method=void com.android.server.wm.WindowAnimator$1.doFrame(long) from WindowAnimator.java:121 waiters=2 for 365ms
12-09 08:13:23.567 W/art     ( 1592): Long monitor contention event with owner method=void com.android.server.wm.WindowAnimator$1.doFrame(long) from WindowAnimator.java:121 waiters=2 for 336ms
12-09 08:13:23.568 W/art     ( 1592): Long monitor contention event with owner method=void com.android.server.wm.WindowAnimator$1.doFrame(long) from WindowAnimator.java:121 waiters=2 for 122ms
12-09 08:13:23.580 W/art     ( 1592): Long monitor contention event with owner method=void com.android.server.am.ActivityManagerService.activityDestroyed(android.os.IBinder) from ActivityManagerService.java:6475 waiters=0 for 906ms
12-09 08:13:23.581 W/art     ( 1592): Long monitor contention event with owner method=void com.android.server.am.ActivityManagerService.activityDestroyed(android.os.IBinder) from ActivityManagerService.java:6475 waiters=1 for 688ms
12-09 08:13:23.581 W/art     ( 1592): Long monitor contention event with owner method=void com.android.server.am.ActivityManagerService.activityDestroyed(android.os.IBinder) from ActivityManagerService.java:6475 waiters=2 for 461ms
12-09 08:13:23.582 I/ActivityManager( 1592): Force stopping com.evancharlton.mileage appid=10131 user=0: start instr
12-09 08:13:23.582 I/ActivityManager( 1592): Killing 13361:com.evancharlton.mileage/u0a131 (adj 0): stop com.evancharlton.mileage
12-09 08:13:23.690 W/ActivityManager( 1592): Crash of app com.evancharlton.mileage running instrumentation ComponentInfo{com.evancharlton.mileage.test/sh.calaba.instrumentationbackend.CalabashInstrumentationTestRunner}
12-09 08:13:23.690 I/ActivityManager( 1592): Force stopping com.evancharlton.mileage appid=10131 user=0: finished inst
12-09 08:13:23.871 W/art     ( 1592): Long monitor contention event with owner method=void com.android.server.wm.WindowAnimator$1.doFrame(long) from WindowAnimator.java:121 waiters=2 for 180ms
12-09 08:13:23.871 I/WindowState( 1592): WIN DEATH: Window{2f876af u0 com.evancharlton.mileage/com.evancharlton.mileage.Mileage EXITING}
12-09 08:13:23.881 I/WindowState( 1592): WIN DEATH: Window{2e600bb u0 Toast EXITING}
12-09 08:13:23.893 I/ActivityManager( 1592): Start proc 13439:com.evancharlton.mileage/u0a131 for added application com.evancharlton.mileage
12-09 08:13:23.894 W/InputMethodManagerService( 1592): Got RemoteException sending setActive(false) notification to pid 13361 uid 10131
12-09 08:13:23.894 W/art     ( 1592): Long monitor contention event with owner method=boolean com.android.server.am.ActivityManagerService.startInstrumentation(android.content.ComponentName, java.lang.String, int, android.os.Bundle, android.app.IInstrumentationWatcher, android.app.IUiAutomationConnection, int, java.lang.String) from ActivityManagerService.java:17066 waiters=2 for 308ms
12-09 08:13:23.895 D/AndroidRuntime(13430): Shutting down VM
12-09 08:13:24.133 W/art     ( 1592): Long monitor contention event with owner method=com.android.internal.view.InputBindResult com.android.server.InputMethodManagerService.windowGainedFocus(com.android.internal.view.IInputMethodClient, android.os.IBinder, int, int, int, android.view.inputmethod.EditorInfo, com.android.internal.view.IInputContext) from InputMethodManagerService.java:2177 waiters=0 for 546ms
12-09 08:13:24.137 W/art     ( 1592): Long monitor contention event with owner method=com.android.internal.view.InputBindResult com.android.server.InputMethodManagerService.windowGainedFocus(com.android.internal.view.IInputMethodClient, android.os.IBinder, int, int, int, android.view.inputmethod.EditorInfo, com.android.internal.view.IInputContext) from InputMethodManagerService.java:2177 waiters=1 for 445ms
12-09 08:13:24.138 I/Choreographer( 1949): Skipped 90 frames!  The application may be doing too much work on its main thread.
12-09 08:13:24.401 W/WindowAnimator( 1592): Failed to dispatch window animation state change.
12-09 08:13:24.401 W/WindowAnimator( 1592): android.os.DeadObjectException
12-09 08:13:24.401 W/WindowAnimator( 1592): 	at android.os.BinderProxy.transactNative(Native Method)
12-09 08:13:24.401 W/WindowAnimator( 1592): 	at android.os.BinderProxy.transact(Binder.java:503)
12-09 08:13:24.401 W/WindowAnimator( 1592): 	at android.view.IWindow$Stub$Proxy.onAnimationStopped(IWindow.java:534)
12-09 08:13:24.401 W/WindowAnimator( 1592): 	at com.android.server.wm.WindowAnimator.updateWindowsLocked(WindowAnimator.java:286)
12-09 08:13:24.401 W/WindowAnimator( 1592): 	at com.android.server.wm.WindowAnimator.animateLocked(WindowAnimator.java:678)
12-09 08:13:24.401 W/WindowAnimator( 1592): 	at com.android.server.wm.WindowAnimator.-wrap0(WindowAnimator.java)
12-09 08:13:24.401 W/WindowAnimator( 1592): 	at com.android.server.wm.WindowAnimator$1.doFrame(WindowAnimator.java:123)
12-09 08:13:24.401 W/WindowAnimator( 1592): 	at android.view.Choreographer$CallbackRecord.run(Choreographer.java:856)
12-09 08:13:24.401 W/WindowAnimator( 1592): 	at android.view.Choreographer.doCallbacks(Choreographer.java:670)
12-09 08:13:24.401 W/WindowAnimator( 1592): 	at android.view.Choreographer.doFrame(Choreographer.java:603)
12-09 08:13:24.401 W/WindowAnimator( 1592): 	at android.view.Choreographer$FrameDisplayEventReceiver.run(Choreographer.java:844)
12-09 08:13:24.401 W/WindowAnimator( 1592): 	at android.os.Handler.handleCallback(Handler.java:739)
12-09 08:13:24.401 W/WindowAnimator( 1592): 	at android.os.Handler.dispatchMessage(Handler.java:95)
12-09 08:13:24.401 W/WindowAnimator( 1592): 	at android.os.Looper.loop(Looper.java:148)
12-09 08:13:24.401 W/WindowAnimator( 1592): 	at android.os.HandlerThread.run(HandlerThread.java:61)
12-09 08:13:24.401 W/WindowAnimator( 1592): 	at com.android.server.ServiceThread.run(ServiceThread.java:46)
12-09 08:13:24.401 W/art     ( 1592): Long monitor contention event with owner method=void com.android.server.wm.WindowAnimator$1.doFrame(long) from WindowAnimator.java:121 waiters=0 for 262ms
12-09 08:13:24.469 W/System  (13439): ClassLoader referenced unknown path: /data/app/com.evancharlton.mileage.test-1/lib/x86_64
12-09 08:13:24.469 W/System  (13439): ClassLoader referenced unknown path: /data/app/com.evancharlton.mileage-1/lib/x86_64
12-09 08:13:24.561 D/EGL_emulation( 1884): eglMakeCurrent: 0x7f1b08138e20: ver 2 0 (tinfo 0x7f1b040237c0)
12-09 08:13:24.562 E/Surface ( 1884): getSlotFromBufferLocked: unknown buffer: 0x7f1b046d2aa0
12-09 08:13:24.641 W/art     ( 1592): Long monitor contention event with owner method=void com.android.server.wm.WindowAnimator$1.doFrame(long) from WindowAnimator.java:121 waiters=0 for 200ms
12-09 08:13:24.735 I/System.out(13439): Main activity name automatically set to: com.evancharlton.mileage.Mileage
12-09 08:13:24.735 I/System.out(13439): Calabash did not load Mono. This is only a problem if you are trying to test a Mono application
12-09 08:13:24.735 I/calabash(13439): Test server port: 7102
12-09 08:13:24.751 I/InstrumentationBackend(13439): Added:'GetPreferences', with key:'get_preferences'
12-09 08:13:24.838 W/OpenGLRenderer( 1949): Incorrectly called buildLayer on View: ShortcutAndWidgetContainer, destroying layer...
12-09 08:13:25.110 I/InstrumentationBackend(13439): Added:'SetPreferences', with key:'set_preferences'
12-09 08:13:25.185 I/InstrumentationBackend(13439): Added:'ClearPreferences', with key:'clear_preferences'
12-09 08:13:25.185 I/InstrumentationBackend(13439): Added:'PressElement', with key:'press_l10n_element'
12-09 08:13:25.186 I/InstrumentationBackend(13439): Added:'WaitForElement', with key:'wait_for_l10n_element'
12-09 08:13:25.186 I/InstrumentationBackend(13439): Added:'NullAction', with key:'nullAction'
12-09 08:13:25.187 I/InstrumentationBackend(13439): Added:'PressKey', with key:'press_key'
12-09 08:13:25.187 I/InstrumentationBackend(13439): Added:'SetActivityOrientation', with key:'set_activity_orientation'
12-09 08:13:25.187 I/InstrumentationBackend(13439): Added:'GetActivityOrientation', with key:'get_activity_orientation'
12-09 08:13:25.187 I/InstrumentationBackend(13439): Added:'FakeGPSLocation', with key:'set_gps_coordinates'
12-09 08:13:25.188 I/InstrumentationBackend(13439): Added:'SetPropertyByCssSelector', with key:'set_property_by_css_selector'
12-09 08:13:25.188 I/InstrumentationBackend(13439): Added:'GetUrl', with key:'get_url'
12-09 08:13:25.237 I/InstrumentationBackend(13439): Added:'ScrollTo', with key:'scroll_to'
12-09 08:13:25.237 I/InstrumentationBackend(13439): Added:'GetLoadProgress', with key:'get_load_progress'
12-09 08:13:25.237 I/InstrumentationBackend(13439): Added:'DumpHtml', with key:'dump_html'
12-09 08:13:25.249 I/InstrumentationBackend(13439): Added:'DumpBodyHtml', with key:'dump_body_html'
12-09 08:13:25.249 I/InstrumentationBackend(13439): Added:'EnterTextByCssSelector', with key:'enter_text_by_selector'
12-09 08:13:25.262 I/InstrumentationBackend(13439): Added:'AndroidSDKVersion', with key:'android_sdk_version'
12-09 08:13:25.262 I/InstrumentationBackend(13439): Added:'Version', with key:'version'
12-09 08:13:25.262 I/InstrumentationBackend(13439): Added:'Drag', with key:'drag'
12-09 08:13:25.263 I/InstrumentationBackend(13439): Added:'TouchCoordinates', with key:'touch_coordinate'
12-09 08:13:25.263 I/InstrumentationBackend(13439): Added:'LongPressCoordinate', with key:'long_press_coordinate'
12-09 08:13:25.263 I/InstrumentationBackend(13439): Added:'DragCoordinates', with key:'drag_coordinates'
12-09 08:13:25.263 I/InstrumentationBackend(13439): Added:'ResumeApplication', with key:'resume_application'
12-09 08:13:25.263 I/InstrumentationBackend(13439): Added:'Swipe', with key:'swipe'
12-09 08:13:25.263 I/InstrumentationBackend(13439): Added:'DoubleTapCoordinate', with key:'double_tap_coordinate'
12-09 08:13:25.264 I/InstrumentationBackend(13439): Added:'ClickOnScreen', with key:'click_on_screen'
12-09 08:13:25.264 I/InstrumentationBackend(13439): Added:'GetActivityName', with key:'get_activity_name'
12-09 08:13:25.274 I/art     (13439): Background partial concurrent mark sweep GC freed 39800(1570KB) AllocSpace objects, 0(0B) LOS objects, 50% free, 1012KB/2036KB, paused 1.074ms total 266.988ms
12-09 08:13:25.279 I/InstrumentationBackend(13439): Added:'ScrollToView', with key:'scroll_to_view'
12-09 08:13:25.279 I/InstrumentationBackend(13439): Added:'ViewConfiguration', with key:'view_configuration'
12-09 08:13:25.279 I/InstrumentationBackend(13439): Added:'IsCurrentActivityFocused', with key:'is_current_activity_focused'
12-09 08:13:25.279 I/InstrumentationBackend(13439): Added:'SendTcp', with key:'send_tcp'
12-09 08:13:25.280 I/InstrumentationBackend(13439): Added:'DpToDevicePixel', with key:'dp_to_device_pixel'
12-09 08:13:25.289 I/InstrumentationBackend(13439): Added:'KeyboardEnterText', with key:'keyboard_enter_text'
12-09 08:13:25.290 I/InstrumentationBackend(13439): Added:'DeleteSurroundingText', with key:'delete_surrounding_text'
12-09 08:13:25.290 I/InstrumentationBackend(13439): Added:'SetComposingRegion', with key:'set_composing_region'
12-09 08:13:25.290 I/InstrumentationBackend(13439): Added:'SetSelection', with key:'set_selection'
12-09 08:13:25.290 I/InstrumentationBackend(13439): Added:'KeyboardKeyEvent', with key:'keyboard_key_event'
12-09 08:13:25.291 I/InstrumentationBackend(13439): Added:'PressUserActionButton', with key:'press_user_action_button'
12-09 08:13:25.291 I/InstrumentationBackend(13439): Added:'HideSoftKeyboard', with key:'hide_soft_keyboard'
12-09 08:13:25.291 I/InstrumentationBackend(13439): Added:'ListActions', with key:'list_actions'
12-09 08:13:25.292 I/calabash(13439): Instantiating http server at 7102
12-09 08:13:25.301 I/System.out(13439): HTTP Daemon listening on: 7102
12-09 08:13:25.410 I/System.out(13439): URI: //ping
12-09 08:13:25.411 I/System.out(13439): params: {json={}
12-09 08:13:25.411 I/System.out(13439): }
12-09 08:13:25.431 W/WindowAnimator( 1592): Failed to dispatch window animation state change.
12-09 08:13:25.431 W/WindowAnimator( 1592): android.os.DeadObjectException
12-09 08:13:25.431 W/WindowAnimator( 1592): 	at android.os.BinderProxy.transactNative(Native Method)
12-09 08:13:25.431 W/WindowAnimator( 1592): 	at android.os.BinderProxy.transact(Binder.java:503)
12-09 08:13:25.431 W/WindowAnimator( 1592): 	at android.view.IWindow$Stub$Proxy.onAnimationStopped(IWindow.java:534)
12-09 08:13:25.431 W/WindowAnimator( 1592): 	at com.android.server.wm.WindowAnimator.updateWindowsLocked(WindowAnimator.java:286)
12-09 08:13:25.431 W/WindowAnimator( 1592): 	at com.android.server.wm.WindowAnimator.animateLocked(WindowAnimator.java:678)
12-09 08:13:25.431 W/WindowAnimator( 1592): 	at com.android.server.wm.WindowAnimator.-wrap0(WindowAnimator.java)
12-09 08:13:25.431 W/WindowAnimator( 1592): 	at com.android.server.wm.WindowAnimator$1.doFrame(WindowAnimator.java:123)
12-09 08:13:25.431 W/WindowAnimator( 1592): 	at android.view.Choreographer$CallbackRecord.run(Choreographer.java:856)
12-09 08:13:25.431 W/WindowAnimator( 1592): 	at android.view.Choreographer.doCallbacks(Choreographer.java:670)
12-09 08:13:25.431 W/WindowAnimator( 1592): 	at android.view.Choreographer.doFrame(Choreographer.java:603)
12-09 08:13:25.431 W/WindowAnimator( 1592): 	at android.view.Choreographer$FrameDisplayEventReceiver.run(Choreographer.java:844)
12-09 08:13:25.431 W/WindowAnimator( 1592): 	at android.os.Handler.handleCallback(Handler.java:739)
12-09 08:13:25.431 W/WindowAnimator( 1592): 	at android.os.Handler.dispatchMessage(Handler.java:95)
12-09 08:13:25.431 W/WindowAnimator( 1592): 	at android.os.Looper.loop(Looper.java:148)
12-09 08:13:25.431 W/WindowAnimator( 1592): 	at android.os.HandlerThread.run(HandlerThread.java:61)
12-09 08:13:25.431 W/WindowAnimator( 1592): 	at com.android.server.ServiceThread.run(ServiceThread.java:46)
12-09 08:13:25.431 W/art     ( 1592): Long monitor contention event with owner method=void com.android.server.wm.WindowAnimator$1.doFrame(long) from WindowAnimator.java:121 waiters=0 for 231ms
12-09 08:13:25.457 I/System.out(13439): URI: //ping
12-09 08:13:25.457 I/System.out(13439): params: {json={}
12-09 08:13:25.457 I/System.out(13439): }
12-09 08:13:25.517 I/System.out(13439): URI: //ready
12-09 08:13:25.518 I/System.out(13439): params: {json={}
12-09 08:13:25.518 I/System.out(13439): }
12-09 08:13:25.637 I/System.out(13439): URI: //
12-09 08:13:25.637 I/System.out(13439): params: {json={"command":"version","arguments":[]}
12-09 08:13:25.637 I/System.out(13439): }
12-09 08:13:25.637 I/System.out(13439): header: {date=Sun, 09 Dec 2018 08:13:25 GMT, accept=*/*, content-length=36, host=127.0.0.1:34777, user-agent=HTTPClient/1.0 (2.8.3, ruby 2.3.1 (2016-04-26)), content-type=application/json;charset=utf-8}
12-09 08:13:25.637 I/System.out(13439): params: {json={"command":"version","arguments":[]}
12-09 08:13:25.637 I/System.out(13439): }
12-09 08:13:25.637 I/System.out(13439): ProP json = {"command":"version","arguments":[]}
12-09 08:13:25.637 I/System.out(13439): files: {}
12-09 08:13:25.637 I/System.out(13439): command: {"command":"version","arguments":[]}
12-09 08:13:25.683 I/InstrumentationBackend(13439): Got command:'Command:'Line:null,version', arguments:'[]'
12-09 08:13:25.774 I/System.out(13439): result:{"bonusInformation":[],"message":"0.9.8","success":true}
12-09 08:13:25.817 I/art     (13439): Background sticky concurrent mark sweep GC freed 15373(905KB) AllocSpace objects, 11(220KB) LOS objects, 36% free, 1284KB/2036KB, paused 9.596ms total 82.986ms
12-09 08:13:25.826 I/System.out(13439): URI: //start-application
12-09 08:13:25.826 I/System.out(13439): params: {json={"intent":null}
12-09 08:13:25.826 I/System.out(13439): }
12-09 08:13:25.942 I/art     (13439): Background sticky concurrent mark sweep GC freed 10196(440KB) AllocSpace objects, 2(40KB) LOS objects, 14% free, 1730KB/2036KB, paused 13.685ms total 54.372ms
12-09 08:13:26.046 I/ActivityManager( 1592): START u0 {act=android.intent.action.MAIN cat=[android.intent.category.LAUNCHER] flg=0x10200000 cmp=com.evancharlton.mileage/.Mileage} from uid 10131 on display 0
12-09 08:13:26.533 I/calabash(13439): newActivity1
12-09 08:13:26.603 D/gralloc_ranchu( 1218): gralloc_alloc: Creating ashmem region of size 3686400
12-09 08:13:26.610 W/art     ( 1592): Long monitor contention event with owner method=void com.android.server.am.ActivityManagerService.activityPaused(android.os.IBinder) from ActivityManagerService.java:6439 waiters=0 for 403ms
12-09 08:13:26.611 W/art     ( 1592): Long monitor contention event with owner method=void com.android.server.am.ActivityManagerService.activityPaused(android.os.IBinder) from ActivityManagerService.java:6439 waiters=1 for 404ms
12-09 08:13:26.726 I/art     (13439): Background sticky concurrent mark sweep GC freed 7405(474KB) AllocSpace objects, 0(0B) LOS objects, 22% free, 1572KB/2036KB, paused 30.091ms total 101.193ms
12-09 08:13:26.738 I/calabash(13439): newActivity1
12-09 08:13:26.761 W/ActivityManager( 1592): Bad activity token: android.os.BinderProxy@6bbadb4
12-09 08:13:26.761 W/ActivityManager( 1592): java.lang.ClassCastException: android.os.BinderProxy cannot be cast to com.android.server.am.ActivityRecord$Token
12-09 08:13:26.761 W/ActivityManager( 1592): 	at com.android.server.am.ActivityRecord.forTokenLocked(ActivityRecord.java:424)
12-09 08:13:26.761 W/ActivityManager( 1592): 	at com.android.server.am.ActivityRecord.isInStackLocked(ActivityRecord.java:1121)
12-09 08:13:26.761 W/ActivityManager( 1592): 	at com.android.server.am.ActivityRecord.getStackLocked(ActivityRecord.java:1126)
12-09 08:13:26.761 W/ActivityManager( 1592): 	at com.android.server.am.ActivityManagerService.getActivityDisplayId(ActivityManagerService.java:8889)
12-09 08:13:26.761 W/ActivityManager( 1592): 	at android.app.ActivityManagerNative.onTransact(ActivityManagerNative.java:2338)
12-09 08:13:26.761 W/ActivityManager( 1592): 	at com.android.server.am.ActivityManagerService.onTransact(ActivityManagerService.java:2443)
12-09 08:13:26.761 W/ActivityManager( 1592): 	at android.os.Binder.execTransact(Binder.java:453)
12-09 08:13:26.762 W/ActivityManager( 1592): Bad activity token: android.os.BinderProxy@6bbadb4
12-09 08:13:26.762 W/ActivityManager( 1592): java.lang.ClassCastException: android.os.BinderProxy cannot be cast to com.android.server.am.ActivityRecord$Token
12-09 08:13:26.762 W/ActivityManager( 1592): 	at com.android.server.am.ActivityRecord.forTokenLocked(ActivityRecord.java:424)
12-09 08:13:26.762 W/ActivityManager( 1592): 	at com.android.server.am.ActivityRecord.isInStackLocked(ActivityRecord.java:1121)
12-09 08:13:26.762 W/ActivityManager( 1592): 	at com.android.server.am.ActivityManagerService.setTaskDescription(ActivityManagerService.java:8547)
12-09 08:13:26.762 W/ActivityManager( 1592): 	at android.app.ActivityManagerNative.onTransact(ActivityManagerNative.java:2410)
12-09 08:13:26.762 W/ActivityManager( 1592): 	at com.android.server.am.ActivityManagerService.onTransact(ActivityManagerService.java:2443)
12-09 08:13:26.762 W/ActivityManager( 1592): 	at android.os.Binder.execTransact(Binder.java:453)
12-09 08:13:26.867 V/PhoneStatusBar( 1706): setLightsOn(true)
12-09 08:13:26.900 I/art     (13439): Background partial concurrent mark sweep GC freed 3210(317KB) AllocSpace objects, 2(40KB) LOS objects, 39% free, 1751KB/2MB, paused 8.975ms total 72.161ms
12-09 08:13:26.945 D/EGL_emulation( 1949): eglMakeCurrent: 0x7f1b08134640: ver 2 0 (tinfo 0x7f1b08102800)
12-09 08:13:26.947 E/Surface ( 1949): getSlotFromBufferLocked: unknown buffer: 0x7f1b046d5fc0
12-09 08:13:26.973 W/ActivityManager( 1592): Bad activity token: android.os.BinderProxy@6bbadb4
12-09 08:13:26.973 W/ActivityManager( 1592): java.lang.ClassCastException: android.os.BinderProxy cannot be cast to com.android.server.am.ActivityRecord$Token
12-09 08:13:26.973 W/ActivityManager( 1592): 	at com.android.server.am.ActivityRecord.forTokenLocked(ActivityRecord.java:424)
12-09 08:13:26.973 W/ActivityManager( 1592): 	at com.android.server.am.ActivityRecord.isInStackLocked(ActivityRecord.java:1121)
12-09 08:13:26.973 W/ActivityManager( 1592): 	at com.android.server.am.ActivityManagerService.getActivityOptions(ActivityManagerService.java:11038)
12-09 08:13:26.973 W/ActivityManager( 1592): 	at android.app.ActivityManagerNative.onTransact(ActivityManagerNative.java:1734)
12-09 08:13:26.973 W/ActivityManager( 1592): 	at com.android.server.am.ActivityManagerService.onTransact(ActivityManagerService.java:2443)
12-09 08:13:26.973 W/ActivityManager( 1592): 	at android.os.Binder.execTransact(Binder.java:453)
12-09 08:13:26.974 W/ActivityManager( 1592): Bad activity token: android.os.BinderProxy@6bbadb4
12-09 08:13:26.974 W/ActivityManager( 1592): java.lang.ClassCastException: android.os.BinderProxy cannot be cast to com.android.server.am.ActivityRecord$Token
12-09 08:13:26.974 W/ActivityManager( 1592): 	at com.android.server.am.ActivityRecord.forTokenLocked(ActivityRecord.java:424)
12-09 08:13:26.974 W/ActivityManager( 1592): 	at com.android.server.am.ActivityRecord.isInStackLocked(ActivityRecord.java:1121)
12-09 08:13:26.974 W/ActivityManager( 1592): 	at com.android.server.am.ActivityManagerService.getActivityOptions(ActivityManagerService.java:11038)
12-09 08:13:26.974 W/ActivityManager( 1592): 	at android.app.ActivityManagerNative.onTransact(ActivityManagerNative.java:1734)
12-09 08:13:26.974 W/ActivityManager( 1592): 	at com.android.server.am.ActivityManagerService.onTransact(ActivityManagerService.java:2443)
12-09 08:13:26.974 W/ActivityManager( 1592): 	at android.os.Binder.execTransact(Binder.java:453)
12-09 08:13:27.684 W/art     ( 1592): Long monitor contention event with owner method=int com.android.server.wm.WindowManagerService.relayoutWindow(com.android.server.wm.Session, android.view.IWindow, int, android.view.WindowManager$LayoutParams, int, int, int, int, android.graphics.Rect, android.graphics.Rect, android.graphics.Rect, android.graphics.Rect, android.graphics.Rect, android.graphics.Rect, android.content.res.Configuration, android.view.Surface) from WindowManagerService.java:3103 waiters=0 for 417ms
12-09 08:13:27.686 D/gralloc_ranchu( 1218): gralloc_alloc: Creating ashmem region of size 3686400
12-09 08:13:27.748 D/        (13439): HostConnection::get() New Host Connection established 0x7f1b0473d100, tid 13439
12-09 08:13:27.990 I/ActivityManager( 1592): Displayed com.evancharlton.mileage/.Mileage: +1s784ms
12-09 08:13:28.033 D/gralloc_ranchu( 1218): gralloc_alloc: Creating ashmem region of size 3686400
12-09 08:13:28.753 D/gralloc_ranchu( 1218): gralloc_alloc: Creating ashmem region of size 3686400
12-09 08:13:29.465 I/System.out(13439): URI: //map
12-09 08:13:29.465 I/System.out(13439): params: {json={"query":"android.widget.EditText id:'price'","operation":{"method_name":"query","arguments":[]}}
12-09 08:13:29.465 I/System.out(13439): }
12-09 08:13:29.520 W/art     (13439): Suspending all threads took: 22.607ms
12-09 08:13:29.539 I/art     (13439): Background sticky concurrent mark sweep GC freed 25936(1217KB) AllocSpace objects, 2(40KB) LOS objects, 25% free, 2MB/2MB, paused 31.978ms total 69.590ms
12-09 08:13:29.574 W/ResourceType(13439): No package identifier when getting name for resource number 0x00000001
12-09 08:13:29.632 W/art     (13439): Suspending all threads took: 10.891ms
12-09 08:13:29.655 I/art     (13439): Background sticky concurrent mark sweep GC freed 32712(1526KB) AllocSpace objects, 0(0B) LOS objects, 19% free, 2MB/2MB, paused 12.323ms total 61.631ms
12-09 08:13:29.665 I/System.out(13439): URI: //gesture
12-09 08:13:29.665 I/System.out(13439): params: {json={"query_timeout":5.0,"gestures":[{"query_string":"android.widget.EditText id:'price'","touches":[{"x":50,"y":50,"offset_x":0,"offset_y":0,"wait":0.0,"time":0.2,"release":true,"query_string":null}]}]}
12-09 08:13:29.665 I/System.out(13439): }
12-09 08:13:29.714 W/ResourceType(13439): No package identifier when getting name for resource number 0x00000001
12-09 08:13:30.399 I/LatinIME( 1884): Starting input. Cursor position = 0,0
12-09 08:13:30.667 D/EGL_emulation( 1884): eglMakeCurrent: 0x7f1b08138e20: ver 2 0 (tinfo 0x7f1b040237c0)
12-09 08:13:31.086 I/System.out(13439): URI: //
12-09 08:13:31.087 I/System.out(13439): params: {json={"command":"set_selection","arguments":[-1,-1]}
12-09 08:13:31.087 I/System.out(13439): }
12-09 08:13:31.087 I/System.out(13439): header: {date=Sun, 09 Dec 2018 08:13:31 GMT, accept=*/*, content-length=47, host=127.0.0.1:34777, user-agent=HTTPClient/1.0 (2.8.3, ruby 2.3.1 (2016-04-26)), content-type=application/json;charset=utf-8}
12-09 08:13:31.087 I/System.out(13439): params: {json={"command":"set_selection","arguments":[-1,-1]}
12-09 08:13:31.087 I/System.out(13439): }
12-09 08:13:31.087 I/System.out(13439): ProP json = {"command":"set_selection","arguments":[-1,-1]}
12-09 08:13:31.087 I/System.out(13439): files: {}
12-09 08:13:31.087 I/System.out(13439): command: {"command":"set_selection","arguments":[-1,-1]}
12-09 08:13:31.099 I/InstrumentationBackend(13439): Got command:'Command:'Line:null,set_selection', arguments:'[-1, -1]'
12-09 08:13:31.134 I/art     (13439): Background sticky concurrent mark sweep GC freed 4003(247KB) AllocSpace objects, 1(20KB) LOS objects, 12% free, 2MB/2MB, paused 24.657ms total 47.013ms
12-09 08:13:31.277 I/System.out(13439): result:{"bonusInformation":[],"message":"","success":true}
12-09 08:13:31.375 I/art     (13439): Background partial concurrent mark sweep GC freed 7503(524KB) AllocSpace objects, 4(80KB) LOS objects, 39% free, 2MB/4MB, paused 12.312ms total 131.677ms
12-09 08:13:31.613 I/System.out(13439): URI: //
12-09 08:13:31.620 I/System.out(13439): params: {json={"command":"keyboard_enter_text","arguments":["23"]}
12-09 08:13:31.620 I/System.out(13439): }
12-09 08:13:31.620 I/System.out(13439): header: {date=Sun, 09 Dec 2018 08:13:31 GMT, accept=*/*, content-length=52, host=127.0.0.1:34777, user-agent=HTTPClient/1.0 (2.8.3, ruby 2.3.1 (2016-04-26)), content-type=application/json;charset=utf-8}
12-09 08:13:31.621 I/System.out(13439): params: {json={"command":"keyboard_enter_text","arguments":["23"]}
12-09 08:13:31.621 I/System.out(13439): }
12-09 08:13:31.621 I/System.out(13439): ProP json = {"command":"keyboard_enter_text","arguments":["23"]}
12-09 08:13:31.621 I/System.out(13439): files: {}
12-09 08:13:31.621 I/System.out(13439): command: {"command":"keyboard_enter_text","arguments":["23"]}
12-09 08:13:31.639 I/InstrumentationBackend(13439): Got command:'Command:'Line:null,keyboard_enter_text', arguments:'[23]'
12-09 08:13:31.737 E/SpannableStringBuilder(13439): SPAN_EXCLUSIVE_EXCLUSIVE spans cannot have a zero length
12-09 08:13:31.744 E/SpannableStringBuilder(13439): SPAN_EXCLUSIVE_EXCLUSIVE spans cannot have a zero length
12-09 08:13:31.760 E/SpannableStringBuilder(13439): SPAN_EXCLUSIVE_EXCLUSIVE spans cannot have a zero length
12-09 08:13:31.760 E/SpannableStringBuilder(13439): SPAN_EXCLUSIVE_EXCLUSIVE spans cannot have a zero length
12-09 08:13:31.769 I/System.out(13439): result:{"bonusInformation":[],"message":"","success":true}
12-09 08:13:32.347 E/SurfaceFlinger( 1218): ro.sf.lcd_density must be defined as a build property
12-09 08:13:32.457 D/gralloc_ranchu( 1218): gralloc_alloc: Creating ashmem region of size 3686400
12-09 08:13:32.467 D/        (13470): HostConnection::get() New Host Connection established 0x7fe1a5592480, tid 13470
12-09 08:13:32.627 E/EGL_emulation( 1218): tid 1218: eglCreateSyncKHR(1881): error 0x3004 (EGL_BAD_ATTRIBUTE)
12-09 08:13:33.717 I/System.out(13439): URI: //map
12-09 08:13:33.717 I/System.out(13439): params: {json={"query":"android.widget.EditText id:'volume'","operation":{"method_name":"query","arguments":[]}}
12-09 08:13:33.717 I/System.out(13439): }
12-09 08:13:33.750 W/ResourceType(13439): No package identifier when getting name for resource number 0x00000001
12-09 08:13:33.937 I/art     (13439): Background sticky concurrent mark sweep GC freed 65196(2MB) AllocSpace objects, 7(140KB) LOS objects, 44% free, 2MB/4MB, paused 1.160ms total 175.774ms
12-09 08:13:33.939 I/System.out(13439): URI: //gesture
12-09 08:13:33.939 I/System.out(13439): params: {json={"query_timeout":5.0,"gestures":[{"query_string":"android.widget.EditText id:'volume'","touches":[{"x":50,"y":50,"offset_x":0,"offset_y":0,"wait":0.0,"time":0.2,"release":true,"query_string":null}]}]}
12-09 08:13:33.939 I/System.out(13439): }
12-09 08:13:34.011 W/ResourceType(13439): No package identifier when getting name for resource number 0x00000001
12-09 08:13:34.622 I/LatinIME( 1884): Starting input. Cursor position = 0,0
12-09 08:13:35.204 I/System.out(13439): URI: //
12-09 08:13:35.204 I/System.out(13439): params: {json={"command":"set_selection","arguments":[-1,-1]}
12-09 08:13:35.207 I/System.out(13439): }
12-09 08:13:35.207 I/System.out(13439): header: {date=Sun, 09 Dec 2018 08:13:35 GMT, accept=*/*, content-length=47, host=127.0.0.1:34777, user-agent=HTTPClient/1.0 (2.8.3, ruby 2.3.1 (2016-04-26)), content-type=application/json;charset=utf-8}
12-09 08:13:35.207 I/System.out(13439): params: {json={"command":"set_selection","arguments":[-1,-1]}
12-09 08:13:35.207 I/System.out(13439): }
12-09 08:13:35.207 I/System.out(13439): ProP json = {"command":"set_selection","arguments":[-1,-1]}
12-09 08:13:35.208 I/System.out(13439): files: {}
12-09 08:13:35.208 I/System.out(13439): command: {"command":"set_selection","arguments":[-1,-1]}
12-09 08:13:35.213 I/InstrumentationBackend(13439): Got command:'Command:'Line:null,set_selection', arguments:'[-1, -1]'
12-09 08:13:35.233 I/System.out(13439): result:{"bonusInformation":[],"message":"","success":true}
12-09 08:13:35.581 I/System.out(13439): URI: //
12-09 08:13:35.582 I/System.out(13439): params: {json={"command":"keyboard_enter_text","arguments":["49"]}
12-09 08:13:35.582 I/System.out(13439): }
12-09 08:13:35.582 I/System.out(13439): header: {date=Sun, 09 Dec 2018 08:13:35 GMT, accept=*/*, content-length=52, host=127.0.0.1:34777, user-agent=HTTPClient/1.0 (2.8.3, ruby 2.3.1 (2016-04-26)), content-type=application/json;charset=utf-8}
12-09 08:13:35.582 I/System.out(13439): params: {json={"command":"keyboard_enter_text","arguments":["49"]}
12-09 08:13:35.582 I/System.out(13439): }
12-09 08:13:35.582 I/System.out(13439): ProP json = {"command":"keyboard_enter_text","arguments":["49"]}
12-09 08:13:35.582 I/System.out(13439): files: {}
12-09 08:13:35.582 I/System.out(13439): command: {"command":"keyboard_enter_text","arguments":["49"]}
12-09 08:13:35.583 I/InstrumentationBackend(13439): Got command:'Command:'Line:null,keyboard_enter_text', arguments:'[49]'
12-09 08:13:35.664 E/SpannableStringBuilder(13439): SPAN_EXCLUSIVE_EXCLUSIVE spans cannot have a zero length
12-09 08:13:35.664 E/SpannableStringBuilder(13439): SPAN_EXCLUSIVE_EXCLUSIVE spans cannot have a zero length
12-09 08:13:35.673 E/SpannableStringBuilder(13439): SPAN_EXCLUSIVE_EXCLUSIVE spans cannot have a zero length
12-09 08:13:35.673 E/SpannableStringBuilder(13439): SPAN_EXCLUSIVE_EXCLUSIVE spans cannot have a zero length
12-09 08:13:35.689 I/System.out(13439): result:{"bonusInformation":[],"message":"","success":true}
12-09 08:13:35.718 W/art     (13439): Suspending all threads took: 17.623ms
12-09 08:13:35.763 I/art     (13439): Background sticky concurrent mark sweep GC freed 28290(1394KB) AllocSpace objects, 8(160KB) LOS objects, 41% free, 2MB/4MB, paused 25.609ms total 66.353ms
12-09 08:13:36.194 E/SurfaceFlinger( 1218): ro.sf.lcd_density must be defined as a build property
12-09 08:13:36.349 D/gralloc_ranchu( 1218): gralloc_alloc: Creating ashmem region of size 3686400
12-09 08:13:36.374 D/        (13481): HostConnection::get() New Host Connection established 0x7f1807bd2480, tid 13481
12-09 08:13:36.400 E/EGL_emulation( 1218): tid 1218: eglCreateSyncKHR(1881): error 0x3004 (EGL_BAD_ATTRIBUTE)
12-09 08:13:37.390 I/System.out(13439): URI: //map
12-09 08:13:37.390 I/System.out(13439): params: {json={"query":"android.widget.EditText id:'odometer'","operation":{"method_name":"query","arguments":[]}}
12-09 08:13:37.390 I/System.out(13439): }
12-09 08:13:37.411 W/ResourceType(13439): No package identifier when getting name for resource number 0x00000001
12-09 08:13:37.525 I/System.out(13439): URI: //gesture
12-09 08:13:37.525 I/System.out(13439): params: {json={"query_timeout":5.0,"gestures":[{"query_string":"android.widget.EditText id:'odometer'","touches":[{"x":50,"y":50,"offset_x":0,"offset_y":0,"wait":0.0,"time":0.2,"release":true,"query_string":null}]}]}
12-09 08:13:37.525 I/System.out(13439): }
12-09 08:13:37.540 W/ResourceType(13439): No package identifier when getting name for resource number 0x00000001
12-09 08:13:37.881 I/LatinIME( 1884): Starting input. Cursor position = 0,0
12-09 08:13:37.912 W/art     (13439): Suspending all threads took: 6.671ms
12-09 08:13:37.948 I/art     (13439): Background sticky concurrent mark sweep GC freed 50251(2MB) AllocSpace objects, 2(40KB) LOS objects, 26% free, 2MB/4MB, paused 10.922ms total 77.564ms
12-09 08:13:38.072 D/hwcomposer( 1218): hw_composer sent 664 syncs in 60s
12-09 08:13:38.493 I/System.out(13439): URI: //
12-09 08:13:38.494 I/System.out(13439): params: {json={"command":"set_selection","arguments":[-1,-1]}
12-09 08:13:38.494 I/System.out(13439): }
12-09 08:13:38.494 I/System.out(13439): header: {date=Sun, 09 Dec 2018 08:13:38 GMT, accept=*/*, content-length=47, host=127.0.0.1:34777, user-agent=HTTPClient/1.0 (2.8.3, ruby 2.3.1 (2016-04-26)), content-type=application/json;charset=utf-8}
12-09 08:13:38.494 I/System.out(13439): params: {json={"command":"set_selection","arguments":[-1,-1]}
12-09 08:13:38.494 I/System.out(13439): }
12-09 08:13:38.494 I/System.out(13439): ProP json = {"command":"set_selection","arguments":[-1,-1]}
12-09 08:13:38.494 I/System.out(13439): files: {}
12-09 08:13:38.494 I/System.out(13439): command: {"command":"set_selection","arguments":[-1,-1]}
12-09 08:13:38.495 I/InstrumentationBackend(13439): Got command:'Command:'Line:null,set_selection', arguments:'[-1, -1]'
12-09 08:13:38.502 I/System.out(13439): result:{"bonusInformation":[],"message":"","success":true}
12-09 08:13:38.731 I/System.out(13439): URI: //
12-09 08:13:38.731 I/System.out(13439): params: {json={"command":"keyboard_enter_text","arguments":["12"]}
12-09 08:13:38.731 I/System.out(13439): }
12-09 08:13:38.731 I/System.out(13439): header: {date=Sun, 09 Dec 2018 08:13:38 GMT, accept=*/*, content-length=52, host=127.0.0.1:34777, user-agent=HTTPClient/1.0 (2.8.3, ruby 2.3.1 (2016-04-26)), content-type=application/json;charset=utf-8}
12-09 08:13:38.731 I/System.out(13439): params: {json={"command":"keyboard_enter_text","arguments":["12"]}
12-09 08:13:38.731 I/System.out(13439): }
12-09 08:13:38.731 I/System.out(13439): ProP json = {"command":"keyboard_enter_text","arguments":["12"]}
12-09 08:13:38.732 I/System.out(13439): files: {}
12-09 08:13:38.732 I/System.out(13439): command: {"command":"keyboard_enter_text","arguments":["12"]}
12-09 08:13:38.733 I/InstrumentationBackend(13439): Got command:'Command:'Line:null,keyboard_enter_text', arguments:'[12]'
12-09 08:13:38.737 E/SpannableStringBuilder(13439): SPAN_EXCLUSIVE_EXCLUSIVE spans cannot have a zero length
12-09 08:13:38.737 E/SpannableStringBuilder(13439): SPAN_EXCLUSIVE_EXCLUSIVE spans cannot have a zero length
12-09 08:13:38.739 E/SpannableStringBuilder(13439): SPAN_EXCLUSIVE_EXCLUSIVE spans cannot have a zero length
12-09 08:13:38.739 E/SpannableStringBuilder(13439): SPAN_EXCLUSIVE_EXCLUSIVE spans cannot have a zero length
12-09 08:13:38.744 I/System.out(13439): result:{"bonusInformation":[],"message":"","success":true}
12-09 08:13:38.910 I/art     (13439): Background sticky concurrent mark sweep GC freed 32255(1569KB) AllocSpace objects, 6(120KB) LOS objects, 32% free, 2MB/4MB, paused 1.108ms total 175.594ms
12-09 08:13:39.249 E/SurfaceFlinger( 1218): ro.sf.lcd_density must be defined as a build property
12-09 08:13:39.257 D/gralloc_ranchu( 1218): gralloc_alloc: Creating ashmem region of size 3686400
12-09 08:13:39.267 D/        (13491): HostConnection::get() New Host Connection established 0x7ff815992480, tid 13491
12-09 08:13:39.311 E/EGL_emulation( 1218): tid 1218: eglCreateSyncKHR(1881): error 0x3004 (EGL_BAD_ATTRIBUTE)
12-09 08:13:41.194 I/System.out(13439): URI: //map
12-09 08:13:41.194 I/System.out(13439): params: {json={"query":"android.widget.Button index:2","operation":{"method_name":"query","arguments":[]}}
12-09 08:13:41.194 I/System.out(13439): }
12-09 08:13:41.311 I/System.out(13439): URI: //gesture
12-09 08:13:41.311 I/System.out(13439): params: {json={"query_timeout":5.0,"gestures":[{"query_string":"android.widget.Button index:2","touches":[{"x":50,"y":50,"offset_x":0,"offset_y":0,"wait":0.0,"time":0.2,"release":true,"query_string":null}]}]}
12-09 08:13:41.311 I/System.out(13439): }
12-09 08:13:41.752 W/audio_hw_generic( 1307): Hardware backing HAL too slow, could only write 0 of 661 frames
12-09 08:13:41.767 W/audio_hw_generic( 1307): Hardware backing HAL too slow, could only write 0 of 661 frames
12-09 08:13:41.879 I/art     (13439): Background sticky concurrent mark sweep GC freed 36205(1523KB) AllocSpace objects, 2(40KB) LOS objects, 8% free, 3MB/4MB, paused 1.679ms total 210.785ms
12-09 08:13:41.894 I/calabash(13439): newActivity1
12-09 08:13:41.895 W/ActivityManager( 1592): Bad activity token: android.os.BinderProxy@5a6094e
12-09 08:13:41.895 W/ActivityManager( 1592): java.lang.ClassCastException: android.os.BinderProxy cannot be cast to com.android.server.am.ActivityRecord$Token
12-09 08:13:41.895 W/ActivityManager( 1592): 	at com.android.server.am.ActivityRecord.forTokenLocked(ActivityRecord.java:424)
12-09 08:13:41.895 W/ActivityManager( 1592): 	at com.android.server.am.ActivityRecord.isInStackLocked(ActivityRecord.java:1121)
12-09 08:13:41.895 W/ActivityManager( 1592): 	at com.android.server.am.ActivityRecord.getStackLocked(ActivityRecord.java:1126)
12-09 08:13:41.895 W/ActivityManager( 1592): 	at com.android.server.am.ActivityManagerService.getActivityDisplayId(ActivityManagerService.java:8889)
12-09 08:13:41.895 W/ActivityManager( 1592): 	at android.app.ActivityManagerNative.onTransact(ActivityManagerNative.java:2338)
12-09 08:13:41.895 W/ActivityManager( 1592): 	at com.android.server.am.ActivityManagerService.onTransact(ActivityManagerService.java:2443)
12-09 08:13:41.895 W/ActivityManager( 1592): 	at android.os.Binder.execTransact(Binder.java:453)
12-09 08:13:41.896 W/ActivityManager( 1592): Bad activity token: android.os.BinderProxy@5a6094e
12-09 08:13:41.896 W/ActivityManager( 1592): java.lang.ClassCastException: android.os.BinderProxy cannot be cast to com.android.server.am.ActivityRecord$Token
12-09 08:13:41.896 W/ActivityManager( 1592): 	at com.android.server.am.ActivityRecord.forTokenLocked(ActivityRecord.java:424)
12-09 08:13:41.896 W/ActivityManager( 1592): 	at com.android.server.am.ActivityRecord.isInStackLocked(ActivityRecord.java:1121)
12-09 08:13:41.896 W/ActivityManager( 1592): 	at com.android.server.am.ActivityManagerService.setTaskDescription(ActivityManagerService.java:8547)
12-09 08:13:41.896 W/ActivityManager( 1592): 	at android.app.ActivityManagerNative.onTransact(ActivityManagerNative.java:2410)
12-09 08:13:41.896 W/ActivityManager( 1592): 	at com.android.server.am.ActivityManagerService.onTransact(ActivityManagerService.java:2443)
12-09 08:13:41.896 W/ActivityManager( 1592): 	at android.os.Binder.execTransact(Binder.java:453)
12-09 08:13:42.029 W/audio_hw_generic( 1307): Not supplying enough data to HAL, expected position 26905036 , only wrote 26904683
12-09 08:13:42.097 I/art     (13439): Background sticky concurrent mark sweep GC freed 15441(780KB) AllocSpace objects, 1(20KB) LOS objects, 25% free, 2MB/4MB, paused 6ms total 199.681ms
12-09 08:13:42.178 W/audio_hw_generic( 1307): Not supplying enough data to HAL, expected position 26911233 , only wrote 26910632
12-09 08:13:42.178 W/audio_hw_generic( 1307): Not supplying enough data to HAL, expected position 26910642 , only wrote 26910632
12-09 08:13:42.190 W/ActivityManager( 1592): Bad activity token: android.os.BinderProxy@5a6094e
12-09 08:13:42.190 W/ActivityManager( 1592): java.lang.ClassCastException: android.os.BinderProxy cannot be cast to com.android.server.am.ActivityRecord$Token
12-09 08:13:42.190 W/ActivityManager( 1592): 	at com.android.server.am.ActivityRecord.forTokenLocked(ActivityRecord.java:424)
12-09 08:13:42.190 W/ActivityManager( 1592): 	at com.android.server.am.ActivityRecord.isInStackLocked(ActivityRecord.java:1121)
12-09 08:13:42.190 W/ActivityManager( 1592): 	at com.android.server.am.ActivityManagerService.getActivityOptions(ActivityManagerService.java:11038)
12-09 08:13:42.190 W/ActivityManager( 1592): 	at android.app.ActivityManagerNative.onTransact(ActivityManagerNative.java:1734)
12-09 08:13:42.190 W/ActivityManager( 1592): 	at com.android.server.am.ActivityManagerService.onTransact(ActivityManagerService.java:2443)
12-09 08:13:42.190 W/ActivityManager( 1592): 	at android.os.Binder.execTransact(Binder.java:453)
12-09 08:13:42.190 W/ActivityManager( 1592): Bad activity token: android.os.BinderProxy@5a6094e
12-09 08:13:42.190 W/ActivityManager( 1592): java.lang.ClassCastException: android.os.BinderProxy cannot be cast to com.android.server.am.ActivityRecord$Token
12-09 08:13:42.190 W/ActivityManager( 1592): 	at com.android.server.am.ActivityRecord.forTokenLocked(ActivityRecord.java:424)
12-09 08:13:42.190 W/ActivityManager( 1592): 	at com.android.server.am.ActivityRecord.isInStackLocked(ActivityRecord.java:1121)
12-09 08:13:42.190 W/ActivityManager( 1592): 	at com.android.server.am.ActivityManagerService.getActivityOptions(ActivityManagerService.java:11038)
12-09 08:13:42.190 W/ActivityManager( 1592): 	at android.app.ActivityManagerNative.onTransact(ActivityManagerNative.java:1734)
12-09 08:13:42.190 W/ActivityManager( 1592): 	at com.android.server.am.ActivityManagerService.onTransact(ActivityManagerService.java:2443)
12-09 08:13:42.190 W/ActivityManager( 1592): 	at android.os.Binder.execTransact(Binder.java:453)
12-09 08:13:42.193 W/audio_hw_generic( 1307): Not supplying enough data to HAL, expected position 26911295 , only wrote 26911293
12-09 08:13:42.237 I/LatinIME( 1884): Starting input. Cursor position = -1,-1
12-09 08:13:42.258 I/Choreographer(13439): Skipped 34 frames!  The application may be doing too much work on its main thread.
12-09 08:13:42.278 E/SurfaceFlinger( 1218): ro.sf.lcd_density must be defined as a build property
12-09 08:13:42.279 D/gralloc_ranchu( 1218): gralloc_alloc: Creating ashmem region of size 3686400
12-09 08:13:42.349 D/        (13497): HostConnection::get() New Host Connection established 0x7fe45df52480, tid 13497
12-09 08:13:42.386 E/EGL_emulation( 1218): tid 1218: eglCreateSyncKHR(1881): error 0x3004 (EGL_BAD_ATTRIBUTE)
12-09 08:13:42.441 D/Mileage.ABS(13439): Finished backup
12-09 08:13:42.450 D/Mileage.ABS(13439): Not backing up; 62
12-09 08:13:42.450 D/Mileage.ABS(13439): Not backing up; 63
12-09 08:13:42.506 D/Mileage (13439): Not enough fillups to calculate economy
12-09 08:13:42.631 W/audio_hw_generic( 1307): Not supplying enough data to HAL, expected position 26930610 , only wrote 26928479
12-09 08:13:42.631 W/audio_hw_generic( 1307): Not supplying enough data to HAL, expected position 26928486 , only wrote 26928479
12-09 08:13:42.652 W/audio_hw_generic( 1307): Not supplying enough data to HAL, expected position 26929381 , only wrote 26929140
12-09 08:13:42.700 W/audio_hw_generic( 1307): Hardware backing HAL too slow, could only write 0 of 661 frames
12-09 08:13:42.705 W/audio_hw_generic( 1307): Hardware backing HAL too slow, could only write 0 of 661 frames
12-09 08:13:42.739 W/audio_hw_generic( 1307): Hardware backing HAL too slow, could only write 0 of 661 frames
12-09 08:13:42.821 W/audio_hw_generic( 1307): Not supplying enough data to HAL, expected position 26936591 , only wrote 26936411
12-09 08:13:43.020 I/InputAttributes( 1884): InputType.TYPE_NULL is specified
12-09 08:13:43.067 I/Choreographer( 1884): Skipped 49 frames!  The application may be doing too much work on its main thread.
12-09 08:13:43.126 W/audio_hw_generic( 1307): Not supplying enough data to HAL, expected position 26949864 , only wrote 26949631
12-09 08:13:43.138 D/EGL_emulation( 1884): eglMakeCurrent: 0x7f1b08138e20: ver 2 0 (tinfo 0x7f1b040237c0)
12-09 08:13:43.142 E/Surface ( 1884): getSlotFromBufferLocked: unknown buffer: 0x7f1b046da8c0
12-09 08:13:43.402 W/audio_hw_generic( 1307): Not supplying enough data to HAL, expected position 26961798 , only wrote 26961529
12-09 08:13:43.477 W/audio_hw_generic( 1307): Not supplying enough data to HAL, expected position 26964874 , only wrote 26964834
12-09 08:13:43.613 W/audio_hw_generic( 1307): Hardware backing HAL too slow, could only write 0 of 661 frames
12-09 08:13:43.621 I/System.out(13439): URI: //gesture
12-09 08:13:43.621 I/System.out(13439): params: {json={"query_timeout":5.0,"gestures":[{"query_string":"android.widget.TabWidget descendant TextView index:0","touches":[{"x":50,"y":50,"offset_x":0,"offset_y":0,"wait":0.0,"time":0.2,"release":true,"query_string":null}]}]}
12-09 08:13:43.621 I/System.out(13439): }
12-09 08:13:43.705 W/CursorWrapperInner(13439): Cursor finalized without prior close()
12-09 08:13:43.817 W/audio_hw_generic( 1307): Not supplying enough data to HAL, expected position 26979825 , only wrote 26979376
12-09 08:13:43.818 W/audio_hw_generic( 1307): Not supplying enough data to HAL, expected position 26979383 , only wrote 26979376
12-09 08:13:43.818 W/audio_hw_generic( 1307): Hardware backing HAL too slow, could only write 0 of 661 frames
12-09 08:13:43.836 W/audio_hw_generic( 1307): Not supplying enough data to HAL, expected position 26980192 , only wrote 26980037
12-09 08:13:43.837 W/audio_hw_generic( 1307): Hardware backing HAL too slow, could only write 0 of 661 frames
12-09 08:13:43.851 W/audio_hw_generic( 1307): Hardware backing HAL too slow, could only write 0 of 661 frames
12-09 08:13:43.882 W/audio_hw_generic( 1307): Hardware backing HAL too slow, could only write 0 of 661 frames
12-09 08:13:43.882 W/audio_hw_generic( 1307): Hardware backing HAL too slow, could only write 0 of 661 frames
12-09 08:13:43.929 W/audio_hw_generic( 1307): Not supplying enough data to HAL, expected position 26984119 , only wrote 26983342
