--------- beginning of main
12-09 08:35:26.140 W/art     ( 1591): Long monitor contention event with owner method=void com.android.server.wm.WindowAnimator$1.doFrame(long) from WindowAnimator.java:121 waiters=1 for 183ms
12-09 08:35:26.233 W/art     ( 1591): Long monitor contention event with owner method=void com.android.server.wm.WindowAnimator$1.doFrame(long) from WindowAnimator.java:121 waiters=1 for 196ms
12-09 08:35:26.379 W/art     ( 1591): Long monitor contention event with owner method=void com.android.server.wm.WindowAnimator$1.doFrame(long) from WindowAnimator.java:121 waiters=1 for 240ms
12-09 08:35:26.605 W/art     ( 1591): Long monitor contention event with owner method=void com.android.server.wm.WindowAnimator$1.doFrame(long) from WindowAnimator.java:121 waiters=1 for 225ms
12-09 08:35:28.903 W/SurfaceFlinger( 1218): Timed out waiting for hw vsync; faking it
12-09 08:35:28.903 W/SurfaceFlinger( 1218): Timed out waiting for hw vsync; faking it
12-09 08:35:28.905 W/art     ( 1591): Long monitor contention event with owner method=void com.android.server.wm.WindowAnimator$1.doFrame(long) from WindowAnimator.java:121 waiters=1 for 2.419s
12-09 08:35:28.980 W/art     ( 1591): Long monitor contention event with owner method=void com.android.server.wm.WindowAnimator$1.doFrame(long) from WindowAnimator.java:121 waiters=1 for 2.375s
12-09 08:35:29.343 D/EGL_emulation( 1922): eglMakeCurrent: 0x7fb3ad635040: ver 2 0 (tinfo 0x7fb3ad602d80)
12-09 08:35:29.345 E/Surface ( 1922): getSlotFromBufferLocked: unknown buffer: 0x7fb39f404440
12-09 08:35:29.660 W/art     ( 1591): Long monitor contention event with owner method=void com.android.server.am.ActivityManagerService.activityPaused(android.os.IBinder) from ActivityManagerService.java:6439 waiters=0 for 3.369s
12-09 08:35:29.661 W/art     ( 1591): Long monitor contention event with owner method=void com.android.server.am.ActivityManagerService.activityPaused(android.os.IBinder) from ActivityManagerService.java:6439 waiters=1 for 3.358s
12-09 08:35:29.662 W/art     ( 1591): Long monitor contention event with owner method=void com.android.server.am.ActivityManagerService.activityPaused(android.os.IBinder) from ActivityManagerService.java:6439 waiters=2 for 3.135s
12-09 08:35:29.824 D/EGL_emulation( 1922): eglMakeCurrent: 0x7fb3ad635040: ver 2 0 (tinfo 0x7fb3ad602d80)
--------- beginning of system
12-09 08:35:30.107 W/InputMethodManagerService( 1591): Window already focused, ignoring focus gain of: com.android.internal.view.IInputMethodClient$Stub$Proxy@9366c04 attribute=null, token = android.os.BinderProxy@7030a5c
12-09 08:35:30.334 D/AndroidRuntime(19368): >>>>>> START com.android.internal.os.RuntimeInit uid 0 <<<<<<
12-09 08:35:30.335 D/AndroidRuntime(19368): CheckJNI is ON
12-09 08:35:30.424 D/ICU     (19368): No timezone override file found: /data/misc/zoneinfo/current/icu/icu_tzdata.dat
12-09 08:35:30.475 W/OpenGLRenderer( 1922): Incorrectly called buildLayer on View: ShortcutAndWidgetContainer, destroying layer...
12-09 08:35:30.679 E/memtrack(19368): Couldn't load memtrack module (No such file or directory)
12-09 08:35:30.679 E/android.os.Debug(19368): failed to load memtrack module: -2
12-09 08:35:30.680 I/Radio-JNI(19368): register_android_hardware_Radio DONE
12-09 08:35:30.696 D/AndroidRuntime(19368): Calling main entry com.android.commands.am.Am
12-09 08:35:30.697 I/ActivityManager( 1591): Force stopping com.evancharlton.mileage appid=10141 user=0: start instr
12-09 08:35:30.698 I/ActivityManager( 1591): Killing 19338:com.evancharlton.mileage/u0a141 (adj 0): stop com.evancharlton.mileage
12-09 08:35:30.836 W/ActivityManager( 1591): Crash of app com.evancharlton.mileage running instrumentation ComponentInfo{com.evancharlton.mileage.test/sh.calaba.instrumentationbackend.ClearAppData2}
12-09 08:35:30.836 I/ActivityManager( 1591): Force stopping com.evancharlton.mileage appid=10141 user=0: finished inst
12-09 08:35:30.842 I/ActivityManager( 1591): Start proc 19377:com.evancharlton.mileage/u0a141 for added application com.evancharlton.mileage
12-09 08:35:30.860 D/AndroidRuntime(19368): Shutting down VM
12-09 08:35:30.863 W/ActivityManager( 1591): Spurious death for ProcessRecord{2d65ed 0:com.evancharlton.mileage/u0a141}, curProc for 19338: null
12-09 08:35:30.994 W/System  (19377): ClassLoader referenced unknown path: /data/app/com.evancharlton.mileage.test-1/lib/x86_64
12-09 08:35:30.995 W/System  (19377): ClassLoader referenced unknown path: /data/app/com.evancharlton.mileage-1/lib/x86_64
12-09 08:35:31.083 W/art     (19377): Suspending all threads took: 7.625ms
12-09 08:35:31.101 I/art     (19377): Background sticky concurrent mark sweep GC freed 6901(273KB) AllocSpace objects, 0(0B) LOS objects, 48% free, 667KB/1288KB, paused 15.775ms total 69.543ms
12-09 08:35:31.196 I/System.out(19377): Main activity name automatically set to: com.evancharlton.mileage.Mileage
12-09 08:35:31.197 I/System.out(19377): Calabash did not load Mono. This is only a problem if you are trying to test a Mono application
12-09 08:35:31.197 I/calabash(19377): Test server port: 7102
12-09 08:35:31.198 I/InstrumentationBackend(19377): Added:'GetPreferences', with key:'get_preferences'
12-09 08:35:31.245 I/InstrumentationBackend(19377): Added:'SetPreferences', with key:'set_preferences'
12-09 08:35:31.245 I/InstrumentationBackend(19377): Added:'ClearPreferences', with key:'clear_preferences'
12-09 08:35:31.245 I/InstrumentationBackend(19377): Added:'PressElement', with key:'press_l10n_element'
12-09 08:35:31.245 I/InstrumentationBackend(19377): Added:'WaitForElement', with key:'wait_for_l10n_element'
12-09 08:35:31.245 I/InstrumentationBackend(19377): Added:'NullAction', with key:'nullAction'
12-09 08:35:31.246 I/InstrumentationBackend(19377): Added:'PressKey', with key:'press_key'
12-09 08:35:31.246 I/InstrumentationBackend(19377): Added:'SetActivityOrientation', with key:'set_activity_orientation'
12-09 08:35:31.246 I/InstrumentationBackend(19377): Added:'GetActivityOrientation', with key:'get_activity_orientation'
12-09 08:35:31.255 I/InstrumentationBackend(19377): Added:'FakeGPSLocation', with key:'set_gps_coordinates'
12-09 08:35:31.256 I/InstrumentationBackend(19377): Added:'SetPropertyByCssSelector', with key:'set_property_by_css_selector'
12-09 08:35:31.256 I/InstrumentationBackend(19377): Added:'GetUrl', with key:'get_url'
12-09 08:35:31.283 I/InstrumentationBackend(19377): Added:'ScrollTo', with key:'scroll_to'
12-09 08:35:31.283 I/InstrumentationBackend(19377): Added:'GetLoadProgress', with key:'get_load_progress'
12-09 08:35:31.284 I/InstrumentationBackend(19377): Added:'DumpHtml', with key:'dump_html'
12-09 08:35:31.284 I/InstrumentationBackend(19377): Added:'DumpBodyHtml', with key:'dump_body_html'
12-09 08:35:31.284 I/InstrumentationBackend(19377): Added:'EnterTextByCssSelector', with key:'enter_text_by_selector'
12-09 08:35:31.285 I/InstrumentationBackend(19377): Added:'AndroidSDKVersion', with key:'android_sdk_version'
12-09 08:35:31.285 I/InstrumentationBackend(19377): Added:'Version', with key:'version'
12-09 08:35:31.285 I/InstrumentationBackend(19377): Added:'Drag', with key:'drag'
12-09 08:35:31.285 I/InstrumentationBackend(19377): Added:'TouchCoordinates', with key:'touch_coordinate'
12-09 08:35:31.285 I/InstrumentationBackend(19377): Added:'LongPressCoordinate', with key:'long_press_coordinate'
12-09 08:35:31.285 I/InstrumentationBackend(19377): Added:'DragCoordinates', with key:'drag_coordinates'
12-09 08:35:31.286 I/InstrumentationBackend(19377): Added:'ResumeApplication', with key:'resume_application'
12-09 08:35:31.286 I/InstrumentationBackend(19377): Added:'Swipe', with key:'swipe'
12-09 08:35:31.286 I/InstrumentationBackend(19377): Added:'DoubleTapCoordinate', with key:'double_tap_coordinate'
12-09 08:35:31.286 I/InstrumentationBackend(19377): Added:'ClickOnScreen', with key:'click_on_screen'
12-09 08:35:31.295 I/InstrumentationBackend(19377): Added:'GetActivityName', with key:'get_activity_name'
12-09 08:35:31.295 I/InstrumentationBackend(19377): Added:'ScrollToView', with key:'scroll_to_view'
12-09 08:35:31.296 I/InstrumentationBackend(19377): Added:'ViewConfiguration', with key:'view_configuration'
12-09 08:35:31.296 I/InstrumentationBackend(19377): Added:'IsCurrentActivityFocused', with key:'is_current_activity_focused'
12-09 08:35:31.296 I/InstrumentationBackend(19377): Added:'SendTcp', with key:'send_tcp'
12-09 08:35:31.296 I/InstrumentationBackend(19377): Added:'DpToDevicePixel', with key:'dp_to_device_pixel'
12-09 08:35:31.311 I/InstrumentationBackend(19377): Added:'KeyboardEnterText', with key:'keyboard_enter_text'
12-09 08:35:31.311 I/InstrumentationBackend(19377): Added:'DeleteSurroundingText', with key:'delete_surrounding_text'
12-09 08:35:31.311 I/InstrumentationBackend(19377): Added:'SetComposingRegion', with key:'set_composing_region'
12-09 08:35:31.311 I/InstrumentationBackend(19377): Added:'SetSelection', with key:'set_selection'
12-09 08:35:31.311 I/InstrumentationBackend(19377): Added:'KeyboardKeyEvent', with key:'keyboard_key_event'
12-09 08:35:31.312 I/InstrumentationBackend(19377): Added:'PressUserActionButton', with key:'press_user_action_button'
12-09 08:35:31.313 I/InstrumentationBackend(19377): Added:'HideSoftKeyboard', with key:'hide_soft_keyboard'
12-09 08:35:31.313 I/InstrumentationBackend(19377): Added:'ListActions', with key:'list_actions'
12-09 08:35:31.331 I/calabash(19377): Instantiating http server at 7102
12-09 08:35:31.444 I/art     (19377): Background partial concurrent mark sweep GC freed 3484(355KB) AllocSpace objects, 1(20KB) LOS objects, 50% free, 1006KB/2030KB, paused 917us total 196.742ms
12-09 08:35:31.444 I/System.out(19377): HTTP Daemon listening on: 7102
12-09 08:35:31.560 I/System.out(19377): URI: //ping
12-09 08:35:31.567 I/System.out(19377): params: {json={}
12-09 08:35:31.567 I/System.out(19377): }
12-09 08:35:31.623 I/System.out(19377): URI: //ping
12-09 08:35:31.630 I/System.out(19377): params: {json={}
12-09 08:35:31.630 I/System.out(19377): }
12-09 08:35:31.683 I/System.out(19377): URI: //ready
12-09 08:35:31.683 I/System.out(19377): params: {json={}
12-09 08:35:31.684 I/System.out(19377): }
12-09 08:35:31.742 I/System.out(19377): URI: //
12-09 08:35:31.742 I/System.out(19377): params: {json={"command":"version","arguments":[]}
12-09 08:35:31.742 I/System.out(19377): }
12-09 08:35:31.742 I/System.out(19377): header: {date=Sun, 09 Dec 2018 08:35:32 GMT, accept=*/*, content-length=36, host=127.0.0.1:34777, user-agent=HTTPClient/1.0 (2.8.3, ruby 2.3.1 (2016-04-26)), content-type=application/json;charset=utf-8}
12-09 08:35:31.743 I/System.out(19377): params: {json={"command":"version","arguments":[]}
12-09 08:35:31.743 I/System.out(19377): }
12-09 08:35:31.743 I/System.out(19377): ProP json = {"command":"version","arguments":[]}
12-09 08:35:31.743 I/System.out(19377): files: {}
12-09 08:35:31.743 I/System.out(19377): command: {"command":"version","arguments":[]}
12-09 08:35:31.752 I/InstrumentationBackend(19377): Got command:'Command:'Line:null,version', arguments:'[]'
12-09 08:35:31.803 I/System.out(19377): result:{"bonusInformation":[],"message":"0.9.8","success":true}
12-09 08:35:31.887 I/art     (19377): Background sticky concurrent mark sweep GC freed 14613(853KB) AllocSpace objects, 12(240KB) LOS objects, 40% free, 1205KB/2030KB, paused 13.480ms total 107.097ms
12-09 08:35:31.893 I/System.out(19377): URI: //start-application
12-09 08:35:31.893 I/System.out(19377): params: {json={"intent":null}
12-09 08:35:31.893 I/System.out(19377): }
12-09 08:35:31.919 I/ActivityManager( 1591): START u0 {act=android.intent.action.MAIN cat=[android.intent.category.LAUNCHER] flg=0x10200000 cmp=com.evancharlton.mileage/.Mileage} from uid 10141 on display 0
12-09 08:35:32.215 W/art     ( 1591): Long monitor contention event with owner method=int com.android.server.wm.WindowManagerService.relayoutWindow(com.android.server.wm.Session, android.view.IWindow, int, android.view.WindowManager$LayoutParams, int, int, int, int, android.graphics.Rect, android.graphics.Rect, android.graphics.Rect, android.graphics.Rect, android.graphics.Rect, android.graphics.Rect, android.content.res.Configuration, android.view.Surface) from WindowManagerService.java:3103 waiters=0 for 162ms
12-09 08:35:32.216 I/calabash(19377): newActivity1
12-09 08:35:32.341 D/gralloc_ranchu( 1218): gralloc_alloc: Creating ashmem region of size 3686400
12-09 08:35:32.345 I/ContentMaintenance( 2383): Internal cache bytes used: 0; limit: 40626585; download size: 0
12-09 08:35:32.353 I/RealtimeCacheCleanup( 2383): Beginning Realtime garbage collection.
12-09 08:35:32.353 I/RealtimeCacheCleanup( 2383): Finished Realtime garbage collection.
12-09 08:35:32.354 W/art     ( 1591): Long monitor contention event with owner method=void com.android.server.am.ActivityManagerService.activityPaused(android.os.IBinder) from ActivityManagerService.java:6439 waiters=0 for 301ms
12-09 08:35:32.355 W/art     ( 1591): Long monitor contention event with owner method=void com.android.server.am.ActivityManagerService.activityPaused(android.os.IBinder) from ActivityManagerService.java:6439 waiters=2 for 139ms
12-09 08:35:32.358 W/art     ( 1591): Long monitor contention event with owner method=void com.android.server.am.ActivityManagerService.activityPaused(android.os.IBinder) from ActivityManagerService.java:6439 waiters=1 for 305ms
12-09 08:35:32.422 I/calabash(19377): newActivity1
12-09 08:35:32.436 W/ActivityManager( 1591): Bad activity token: android.os.BinderProxy@d7f092b
12-09 08:35:32.436 W/ActivityManager( 1591): java.lang.ClassCastException: android.os.BinderProxy cannot be cast to com.android.server.am.ActivityRecord$Token
12-09 08:35:32.436 W/ActivityManager( 1591): 	at com.android.server.am.ActivityRecord.forTokenLocked(ActivityRecord.java:424)
12-09 08:35:32.436 W/ActivityManager( 1591): 	at com.android.server.am.ActivityRecord.isInStackLocked(ActivityRecord.java:1121)
12-09 08:35:32.436 W/ActivityManager( 1591): 	at com.android.server.am.ActivityRecord.getStackLocked(ActivityRecord.java:1126)
12-09 08:35:32.436 W/ActivityManager( 1591): 	at com.android.server.am.ActivityManagerService.getActivityDisplayId(ActivityManagerService.java:8889)
12-09 08:35:32.436 W/ActivityManager( 1591): 	at android.app.ActivityManagerNative.onTransact(ActivityManagerNative.java:2338)
12-09 08:35:32.436 W/ActivityManager( 1591): 	at com.android.server.am.ActivityManagerService.onTransact(ActivityManagerService.java:2443)
12-09 08:35:32.436 W/ActivityManager( 1591): 	at android.os.Binder.execTransact(Binder.java:453)
12-09 08:35:32.437 W/ActivityManager( 1591): Bad activity token: android.os.BinderProxy@d7f092b
12-09 08:35:32.437 W/ActivityManager( 1591): java.lang.ClassCastException: android.os.BinderProxy cannot be cast to com.android.server.am.ActivityRecord$Token
12-09 08:35:32.437 W/ActivityManager( 1591): 	at com.android.server.am.ActivityRecord.forTokenLocked(ActivityRecord.java:424)
12-09 08:35:32.437 W/ActivityManager( 1591): 	at com.android.server.am.ActivityRecord.isInStackLocked(ActivityRecord.java:1121)
12-09 08:35:32.437 W/ActivityManager( 1591): 	at com.android.server.am.ActivityManagerService.setTaskDescription(ActivityManagerService.java:8547)
12-09 08:35:32.437 W/ActivityManager( 1591): 	at android.app.ActivityManagerNative.onTransact(ActivityManagerNative.java:2410)
12-09 08:35:32.437 W/ActivityManager( 1591): 	at com.android.server.am.ActivityManagerService.onTransact(ActivityManagerService.java:2443)
12-09 08:35:32.437 W/ActivityManager( 1591): 	at android.os.Binder.execTransact(Binder.java:453)
12-09 08:35:32.610 V/PhoneStatusBar( 1689): setLightsOn(true)
12-09 08:35:32.632 D/FillupsProvider(19377): Creating database
12-09 08:35:32.699 D/EGL_emulation( 1922): eglMakeCurrent: 0x7fb3ad635040: ver 2 0 (tinfo 0x7fb3ad602d80)
12-09 08:35:32.700 E/Surface ( 1922): getSlotFromBufferLocked: unknown buffer: 0x7fb39f404440
12-09 08:35:32.777 I/art     (19377): Background sticky concurrent mark sweep GC freed 6402(369KB) AllocSpace objects, 0(0B) LOS objects, 4% free, 1947KB/2030KB, paused 1.071ms total 130.763ms
12-09 08:35:32.885 W/ActivityManager( 1591): Bad activity token: android.os.BinderProxy@d7f092b
12-09 08:35:32.885 W/ActivityManager( 1591): java.lang.ClassCastException: android.os.BinderProxy cannot be cast to com.android.server.am.ActivityRecord$Token
12-09 08:35:32.885 W/ActivityManager( 1591): 	at com.android.server.am.ActivityRecord.forTokenLocked(ActivityRecord.java:424)
12-09 08:35:32.885 W/ActivityManager( 1591): 	at com.android.server.am.ActivityRecord.isInStackLocked(ActivityRecord.java:1121)
12-09 08:35:32.885 W/ActivityManager( 1591): 	at com.android.server.am.ActivityManagerService.getActivityOptions(ActivityManagerService.java:11038)
12-09 08:35:32.885 W/ActivityManager( 1591): 	at android.app.ActivityManagerNative.onTransact(ActivityManagerNative.java:1734)
12-09 08:35:32.885 W/ActivityManager( 1591): 	at com.android.server.am.ActivityManagerService.onTransact(ActivityManagerService.java:2443)
12-09 08:35:32.885 W/ActivityManager( 1591): 	at android.os.Binder.execTransact(Binder.java:453)
12-09 08:35:32.891 I/art     (19377): Background sticky concurrent mark sweep GC freed 1084(143KB) AllocSpace objects, 0(0B) LOS objects, 7% free, 1882KB/2030KB, paused 941us total 111.800ms
12-09 08:35:32.891 W/ActivityManager( 1591): Bad activity token: android.os.BinderProxy@d7f092b
12-09 08:35:32.891 W/ActivityManager( 1591): java.lang.ClassCastException: android.os.BinderProxy cannot be cast to com.android.server.am.ActivityRecord$Token
12-09 08:35:32.891 W/ActivityManager( 1591): 	at com.android.server.am.ActivityRecord.forTokenLocked(ActivityRecord.java:424)
12-09 08:35:32.891 W/ActivityManager( 1591): 	at com.android.server.am.ActivityRecord.isInStackLocked(ActivityRecord.java:1121)
12-09 08:35:32.891 W/ActivityManager( 1591): 	at com.android.server.am.ActivityManagerService.getActivityOptions(ActivityManagerService.java:11038)
12-09 08:35:32.891 W/ActivityManager( 1591): 	at android.app.ActivityManagerNative.onTransact(ActivityManagerNative.java:1734)
12-09 08:35:32.891 W/ActivityManager( 1591): 	at com.android.server.am.ActivityManagerService.onTransact(ActivityManagerService.java:2443)
12-09 08:35:32.891 W/ActivityManager( 1591): 	at android.os.Binder.execTransact(Binder.java:453)
12-09 08:35:33.095 I/art     (19377): Background partial concurrent mark sweep GC freed 726(130KB) AllocSpace objects, 1(20KB) LOS objects, 39% free, 1865KB/3MB, paused 1.121ms total 183.086ms
12-09 08:35:33.299 W/art     ( 1591): Long monitor contention event with owner method=void com.android.server.wm.WindowAnimator$1.doFrame(long) from WindowAnimator.java:121 waiters=0 for 109ms
12-09 08:35:33.434 W/art     ( 1591): Long monitor contention event with owner method=void com.android.server.wm.WindowAnimator$1.doFrame(long) from WindowAnimator.java:121 waiters=0 for 136ms
12-09 08:35:33.910 D/gralloc_ranchu( 1218): gralloc_alloc: Creating ashmem region of size 3686400
12-09 08:35:33.941 D/        (19377): HostConnection::get() New Host Connection established 0x7fb3ad5d4d20, tid 19377
12-09 08:35:34.019 I/ActivityManager( 1591): Displayed com.evancharlton.mileage/.Mileage: +1s969ms
12-09 08:35:34.022 W/InputMethodManagerService( 1591): Got RemoteException sending setActive(false) notification to pid 19032 uid 10139
12-09 08:35:34.069 D/gralloc_ranchu( 1218): gralloc_alloc: Creating ashmem region of size 3686400
12-09 08:35:34.492 I/System.out(19377): URI: //map
12-09 08:35:34.492 I/System.out(19377): params: {json={"query":"android.widget.Button index:2","operation":{"method_name":"query","arguments":[]}}
12-09 08:35:34.492 I/System.out(19377): }
12-09 08:35:34.522 W/art     ( 1591): Long monitor contention event with owner method=void com.android.server.wm.WindowAnimator$1.doFrame(long) from WindowAnimator.java:121 waiters=0 for 130ms
12-09 08:35:34.779 I/art     (19377): Background sticky concurrent mark sweep GC freed 61391(2MB) AllocSpace objects, 2(40KB) LOS objects, 25% free, 2MB/3MB, paused 1.393ms total 264.400ms
12-09 08:35:34.787 I/System.out(19377): URI: //gesture
12-09 08:35:34.794 I/System.out(19377): params: {json={"query_timeout":5.0,"gestures":[{"query_string":"android.widget.Button index:2","touches":[{"x":50,"y":50,"offset_x":0,"offset_y":0,"wait":0.0,"time":0.2,"release":true,"query_string":null}]}]}
12-09 08:35:34.794 I/System.out(19377): }
12-09 08:35:35.331 D/gralloc_ranchu( 1218): gralloc_alloc: Creating ashmem region of size 3686400
12-09 08:35:35.626 W/AudioTrack( 1591): AUDIO_OUTPUT_FLAG_FAST denied by client; transfer 4, track 48000 Hz, output 44100 Hz
12-09 08:35:35.674 I/art     (19377): Background sticky concurrent mark sweep GC freed 29391(1415KB) AllocSpace objects, 1(20KB) LOS objects, 18% free, 2MB/3MB, paused 8.672ms total 152.777ms
12-09 08:35:35.706 W/audio_hw_generic( 1307): Hardware backing HAL too slow, could only write 0 of 661 frames
12-09 08:35:35.723 W/audio_hw_generic( 1307): Hardware backing HAL too slow, could only write 0 of 661 frames
12-09 08:35:35.730 W/audio_hw_generic( 1307): Hardware backing HAL too slow, could only write 0 of 661 frames
12-09 08:35:35.743 W/audio_hw_generic( 1307): Hardware backing HAL too slow, could only write 0 of 661 frames
12-09 08:35:35.762 W/audio_hw_generic( 1307): Hardware backing HAL too slow, could only write 0 of 661 frames
12-09 08:35:35.849 W/audio_hw_generic( 1307): Hardware backing HAL too slow, could only write 0 of 661 frames
12-09 08:35:35.849 W/audio_hw_generic( 1307): Hardware backing HAL too slow, could only write 0 of 661 frames
12-09 08:35:35.887 W/audio_hw_generic( 1307): Hardware backing HAL too slow, could only write 0 of 661 frames
12-09 08:35:35.900 W/audio_hw_generic( 1307): Hardware backing HAL too slow, could only write 0 of 661 frames
12-09 08:35:35.913 W/audio_hw_generic( 1307): Hardware backing HAL too slow, could only write 0 of 661 frames
12-09 08:35:35.930 W/audio_hw_generic( 1307): Hardware backing HAL too slow, could only write 0 of 661 frames
12-09 08:35:36.000 W/audio_hw_generic( 1307): Not supplying enough data to HAL, expected position 45790348 , only wrote 45790114
12-09 08:35:36.018 W/audio_hw_generic( 1307): Hardware backing HAL too slow, could only write 0 of 661 frames
12-09 08:35:36.034 W/audio_hw_generic( 1307): Hardware backing HAL too slow, could only write 0 of 661 frames
12-09 08:35:36.051 W/audio_hw_generic( 1307): Hardware backing HAL too slow, could only write 0 of 661 frames
12-09 08:35:36.064 W/audio_hw_generic( 1307): Hardware backing HAL too slow, could only write 0 of 661 frames
12-09 08:35:36.103 D/gralloc_ranchu( 1218): gralloc_alloc: Creating ashmem region of size 45056
12-09 08:35:36.258 W/audio_hw_generic( 1307): Hardware backing HAL too slow, could only write 0 of 661 frames
12-09 08:35:36.260 E/SurfaceFlinger( 1218): ro.sf.lcd_density must be defined as a build property
12-09 08:35:36.260 D/gralloc_ranchu( 1218): gralloc_alloc: Creating ashmem region of size 3686400
12-09 08:35:36.285 D/        (19405): HostConnection::get() New Host Connection established 0x7f75eb5d2480, tid 19405
12-09 08:35:36.307 E/EGL_emulation( 1218): tid 1218: eglCreateSyncKHR(1881): error 0x3004 (EGL_BAD_ATTRIBUTE)
12-09 08:35:36.406 W/audio_hw_generic( 1307): Not supplying enough data to HAL, expected position 45807981 , only wrote 45805317
12-09 08:35:36.507 W/audio_hw_generic( 1307): Not supplying enough data to HAL, expected position 45809792 , only wrote 45809283
12-09 08:35:36.674 W/audio_hw_generic( 1307): Not supplying enough data to HAL, expected position 45816626 , only wrote 45816554
12-09 08:35:36.674 W/audio_hw_generic( 1307): Hardware backing HAL too slow, could only write 0 of 661 frames
12-09 08:35:36.689 W/audio_hw_generic( 1307): Hardware backing HAL too slow, could only write 0 of 661 frames
12-09 08:35:36.708 W/audio_hw_generic( 1307): Hardware backing HAL too slow, could only write 0 of 661 frames
12-09 08:35:36.805 W/audio_hw_generic( 1307): Not supplying enough data to HAL, expected position 45822366 , only wrote 45821842
12-09 08:35:36.806 W/audio_hw_generic( 1307): Not supplying enough data to HAL, expected position 45821848 , only wrote 45821842
12-09 08:35:36.827 W/audio_hw_generic( 1307): Not supplying enough data to HAL, expected position 45822786 , only wrote 45822503
12-09 08:35:36.935 W/audio_hw_generic( 1307): Not supplying enough data to HAL, expected position 45827255 , only wrote 45827130
12-09 08:35:37.395 W/audio_hw_generic( 1307): Not supplying enough data to HAL, expected position 45847438 , only wrote 45846960
