12-09 08:24:50.159 W/audio_hw_generic( 1308): Not supplying enough data to HAL, expected position 31813276 , only wrote 31813269
12-09 08:24:50.174 W/audio_hw_generic( 1308): Not supplying enough data to HAL, expected position 31813936 , only wrote 31813930
12-09 08:24:50.257 W/audio_hw_generic( 1308): Not supplying enough data to HAL, expected position 31817598 , only wrote 31816574
12-09 08:24:50.257 W/audio_hw_generic( 1308): Not supplying enough data to HAL, expected position 31816580 , only wrote 31816574
12-09 08:24:50.273 W/audio_hw_generic( 1308): Not supplying enough data to HAL, expected position 31817268 , only wrote 31817235
12-09 08:24:50.353 W/audio_hw_generic( 1308): Not supplying enough data to HAL, expected position 31820766 , only wrote 31820540
12-09 08:24:50.407 I/art     (17789): Background sticky concurrent mark sweep GC freed 33000(1470KB) AllocSpace objects, 0(0B) LOS objects, 8% free, 3MB/3MB, paused 3.172ms total 144.820ms
12-09 08:24:50.415 D/AudioFlinger( 1308): mixer(0xf43c0000) throttle end: throttle time(15)
12-09 08:24:50.589 W/audio_hw_generic( 1308): Not supplying enough data to HAL, expected position 31830936 , only wrote 31825828
12-09 08:24:50.605 W/audio_hw_generic( 1308): Not supplying enough data to HAL, expected position 31826531 , only wrote 31826489
12-09 08:24:50.605 W/audio_hw_generic( 1308): Not supplying enough data to HAL, expected position 31826495 , only wrote 31826489
12-09 08:24:50.657 W/audio_hw_generic( 1308): Not supplying enough data to HAL, expected position 31828788 , only wrote 31827150
12-09 08:24:50.657 W/audio_hw_generic( 1308): Hardware backing HAL too slow, could only write 0 of 661 frames
12-09 08:24:50.673 W/audio_hw_generic( 1308): Hardware backing HAL too slow, could only write 0 of 661 frames
12-09 08:24:50.689 W/audio_hw_generic( 1308): Hardware backing HAL too slow, could only write 0 of 661 frames
12-09 08:24:50.722 W/audio_hw_generic( 1308): Hardware backing HAL too slow, could only write 0 of 661 frames
12-09 08:24:51.346 W/audio_hw_generic( 1308): Not supplying enough data to HAL, expected position 31857523 , only wrote 31855573
12-09 08:24:51.346 W/audio_hw_generic( 1308): Not supplying enough data to HAL, expected position 31855580 , only wrote 31855573
12-09 08:24:51.407 I/System.out(17789): URI: //map
12-09 08:24:51.407 I/System.out(17789): params: {json={"query":"android.widget.EditText id:'price'","operation":{"method_name":"query","arguments":[]}}
12-09 08:24:51.407 I/System.out(17789): }
12-09 08:24:51.540 W/ResourceType(17789): No package identifier when getting name for resource number 0x00000001
12-09 08:24:51.541 W/audio_hw_generic( 1308): Not supplying enough data to HAL, expected position 31864175 , only wrote 31864166
12-09 08:24:51.541 W/audio_hw_generic( 1308): Not supplying enough data to HAL, expected position 31864172 , only wrote 31864166
12-09 08:24:51.581 W/audio_hw_generic( 1308): Not supplying enough data to HAL, expected position 31865926 , only wrote 31864827
12-09 08:24:51.632 W/art     (17789): Suspending all threads took: 5.494ms
12-09 08:24:51.762 I/art     (17789): Background sticky concurrent mark sweep GC freed 24191(1009KB) AllocSpace objects, 0(0B) LOS objects, 0% free, 3MB/3MB, paused 17.655ms total 182.539ms
12-09 08:24:51.769 W/audio_hw_generic( 1308): Not supplying enough data to HAL, expected position 31873112 , only wrote 31871437
12-09 08:24:51.769 W/audio_hw_generic( 1308): Not supplying enough data to HAL, expected position 31871444 , only wrote 31871437
12-09 08:24:51.795 W/audio_hw_generic( 1308): Not supplying enough data to HAL, expected position 31872572 , only wrote 31872098
12-09 08:24:51.855 I/System.out(17789): URI: //gesture
12-09 08:24:51.855 I/System.out(17789): params: {json={"query_timeout":5.0,"gestures":[{"query_string":"android.widget.EditText id:'price'","touches":[{"x":50,"y":50,"offset_x":0,"offset_y":0,"wait":0.0,"time":0.2,"release":true,"query_string":null}]}]}
12-09 08:24:51.855 I/System.out(17789): }
12-09 08:24:51.858 I/art     (17789): Background partial concurrent mark sweep GC freed 14468(1096KB) AllocSpace objects, 6(120KB) LOS objects, 39% free, 2MB/4MB, paused 5.246ms total 53.116ms
12-09 08:24:51.916 W/audio_hw_generic( 1308): Not supplying enough data to HAL, expected position 31877427 , only wrote 31877386
12-09 08:24:51.998 W/ResourceType(17789): No package identifier when getting name for resource number 0x00000001
12-09 08:24:52.191 W/audio_hw_generic( 1308): Not supplying enough data to HAL, expected position 31889534 , only wrote 31888623
12-09 08:24:52.191 W/audio_hw_generic( 1308): Not supplying enough data to HAL, expected position 31888629 , only wrote 31888623
12-09 08:24:52.213 W/audio_hw_generic( 1308): Not supplying enough data to HAL, expected position 31889579 , only wrote 31889284
12-09 08:24:52.306 I/LatinIME( 1854): Starting input. Cursor position = 0,0
12-09 08:24:52.529 W/audio_hw_generic( 1308): Not supplying enough data to HAL, expected position 31903207 , only wrote 31899199
12-09 08:24:52.529 I/art     (17789): Background sticky concurrent mark sweep GC freed 45091(2031KB) AllocSpace objects, 1(20KB) LOS objects, 41% free, 2MB/4MB, paused 1.434ms total 101.079ms
12-09 08:24:52.643 D/EGL_emulation( 1854): eglMakeCurrent: 0x7f40a89d1740: ver 2 0 (tinfo 0x7f40a8bbe940)
12-09 08:24:52.657 W/audio_hw_generic( 1308): Not supplying enough data to HAL, expected position 31904856 , only wrote 31900521
12-09 08:24:52.726 W/audio_hw_generic( 1308): Hardware backing HAL too slow, could only write 0 of 661 frames
12-09 08:24:52.807 W/audio_hw_generic( 1308): Not supplying enough data to HAL, expected position 31907145 , only wrote 31907131
12-09 08:24:52.807 W/audio_hw_generic( 1308): Not supplying enough data to HAL, expected position 31907138 , only wrote 31907131
12-09 08:24:52.829 W/audio_hw_generic( 1308): Not supplying enough data to HAL, expected position 31908096 , only wrote 31907792
12-09 08:24:52.968 I/System.out(17789): URI: //
12-09 08:24:52.968 I/System.out(17789): params: {json={"command":"set_selection","arguments":[-1,-1]}
12-09 08:24:52.968 I/System.out(17789): }
12-09 08:24:52.968 I/System.out(17789): header: {date=Sun, 09 Dec 2018 08:24:53 GMT, accept=*/*, content-length=47, host=127.0.0.1:34777, user-agent=HTTPClient/1.0 (2.8.3, ruby 2.3.1 (2016-04-26)), content-type=application/json;charset=utf-8}
12-09 08:24:52.968 I/System.out(17789): params: {json={"command":"set_selection","arguments":[-1,-1]}
12-09 08:24:52.968 I/System.out(17789): }
12-09 08:24:52.968 I/System.out(17789): ProP json = {"command":"set_selection","arguments":[-1,-1]}
12-09 08:24:52.968 I/System.out(17789): files: {}
12-09 08:24:52.969 I/System.out(17789): command: {"command":"set_selection","arguments":[-1,-1]}
12-09 08:24:52.973 I/InstrumentationBackend(17789): Got command:'Command:'Line:null,set_selection', arguments:'[-1, -1]'
12-09 08:24:53.057 W/audio_hw_generic( 1308): Not supplying enough data to HAL, expected position 31917835 , only wrote 31916385
12-09 08:24:53.057 W/audio_hw_generic( 1308): Not supplying enough data to HAL, expected position 31916393 , only wrote 31916385
12-09 08:24:53.093 W/audio_hw_generic( 1308): Not supplying enough data to HAL, expected position 31917942 , only wrote 31917046
12-09 08:24:53.108 I/System.out(17789): result:{"bonusInformation":[],"message":"","success":true}
12-09 08:24:53.157 W/audio_hw_generic( 1308): Hardware backing HAL too slow, could only write 0 of 661 frames
12-09 08:24:53.196 W/audio_hw_generic( 1308): Hardware backing HAL too slow, could only write 0 of 661 frames
12-09 08:24:53.217 W/audio_hw_generic( 1308): Not supplying enough data to HAL, expected position 31922535 , only wrote 31922334
12-09 08:24:53.257 W/audio_hw_generic( 1308): Hardware backing HAL too slow, could only write 0 of 661 frames
12-09 08:24:53.338 W/audio_hw_generic( 1308): Not supplying enough data to HAL, expected position 31927658 , only wrote 31927622
12-09 08:24:53.338 W/audio_hw_generic( 1308): Not supplying enough data to HAL, expected position 31927628 , only wrote 31927622
12-09 08:24:53.373 W/audio_hw_generic( 1308): Not supplying enough data to HAL, expected position 31929178 , only wrote 31928283
12-09 08:24:53.374 I/System.out(17789): URI: //
12-09 08:24:53.374 I/System.out(17789): params: {json={"command":"keyboard_enter_text","arguments":["97123743947239847210"]}
12-09 08:24:53.374 I/System.out(17789): }
12-09 08:24:53.374 I/System.out(17789): header: {date=Sun, 09 Dec 2018 08:24:53 GMT, accept=*/*, content-length=70, host=127.0.0.1:34777, user-agent=HTTPClient/1.0 (2.8.3, ruby 2.3.1 (2016-04-26)), content-type=application/json;charset=utf-8}
12-09 08:24:53.374 I/System.out(17789): params: {json={"command":"keyboard_enter_text","arguments":["97123743947239847210"]}
12-09 08:24:53.374 I/System.out(17789): }
12-09 08:24:53.374 I/System.out(17789): ProP json = {"command":"keyboard_enter_text","arguments":["97123743947239847210"]}
12-09 08:24:53.374 I/System.out(17789): files: {}
12-09 08:24:53.374 I/System.out(17789): command: {"command":"keyboard_enter_text","arguments":["97123743947239847210"]}
12-09 08:24:53.376 I/InstrumentationBackend(17789): Got command:'Command:'Line:null,keyboard_enter_text', arguments:'[97123743947239847210]'
12-09 08:24:53.464 W/audio_hw_generic( 1308): Not supplying enough data to HAL, expected position 31933775 , only wrote 31930927
12-09 08:24:53.466 E/SpannableStringBuilder(17789): SPAN_EXCLUSIVE_EXCLUSIVE spans cannot have a zero length
12-09 08:24:53.466 E/SpannableStringBuilder(17789): SPAN_EXCLUSIVE_EXCLUSIVE spans cannot have a zero length
12-09 08:24:53.564 E/SpannableStringBuilder(17789): SPAN_EXCLUSIVE_EXCLUSIVE spans cannot have a zero length
12-09 08:24:53.564 E/SpannableStringBuilder(17789): SPAN_EXCLUSIVE_EXCLUSIVE spans cannot have a zero length
12-09 08:24:53.595 I/System.out(17789): result:{"bonusInformation":[],"message":"","success":true}
12-09 08:24:53.676 I/System.out(17789): URI: //map
12-09 08:24:53.676 I/System.out(17789): params: {json={"query":"android.widget.EditText id:'volume'","operation":{"method_name":"query","arguments":[]}}
12-09 08:24:53.676 I/System.out(17789): }
12-09 08:24:53.764 W/ResourceType(17789): No package identifier when getting name for resource number 0x00000001
12-09 08:24:53.939 I/System.out(17789): URI: //gesture
12-09 08:24:53.939 I/System.out(17789): params: {json={"query_timeout":5.0,"gestures":[{"query_string":"android.widget.EditText id:'volume'","touches":[{"x":50,"y":50,"offset_x":0,"offset_y":0,"wait":0.0,"time":0.2,"release":true,"query_string":null}]}]}
12-09 08:24:53.939 I/System.out(17789): }
12-09 08:24:54.022 W/ResourceType(17789): No package identifier when getting name for resource number 0x00000001
12-09 08:24:54.053 I/art     (17789): Background sticky concurrent mark sweep GC freed 48758(2MB) AllocSpace objects, 2(40KB) LOS objects, 38% free, 2MB/4MB, paused 1.941ms total 104.186ms
12-09 08:24:54.401 I/LatinIME( 1854): Starting input. Cursor position = 0,0
12-09 08:24:54.903 I/System.out(17789): URI: //
12-09 08:24:54.903 I/System.out(17789): params: {json={"command":"set_selection","arguments":[-1,-1]}
12-09 08:24:54.903 I/System.out(17789): }
12-09 08:24:54.903 I/System.out(17789): header: {date=Sun, 09 Dec 2018 08:24:55 GMT, accept=*/*, content-length=47, host=127.0.0.1:34777, user-agent=HTTPClient/1.0 (2.8.3, ruby 2.3.1 (2016-04-26)), content-type=application/json;charset=utf-8}
12-09 08:24:54.903 I/System.out(17789): params: {json={"command":"set_selection","arguments":[-1,-1]}
12-09 08:24:54.903 I/System.out(17789): }
12-09 08:24:54.903 I/System.out(17789): ProP json = {"command":"set_selection","arguments":[-1,-1]}
12-09 08:24:54.903 I/System.out(17789): files: {}
12-09 08:24:54.903 I/System.out(17789): command: {"command":"set_selection","arguments":[-1,-1]}
12-09 08:24:54.904 I/InstrumentationBackend(17789): Got command:'Command:'Line:null,set_selection', arguments:'[-1, -1]'
12-09 08:24:55.150 I/System.out(17789): result:{"bonusInformation":[],"message":"","success":true}
12-09 08:24:55.378 I/System.out(17789): URI: //
12-09 08:24:55.378 I/System.out(17789): params: {json={"command":"keyboard_enter_text","arguments":["98123743947721092831"]}
12-09 08:24:55.378 I/System.out(17789): }
12-09 08:24:55.378 I/System.out(17789): header: {date=Sun, 09 Dec 2018 08:24:55 GMT, accept=*/*, content-length=70, host=127.0.0.1:34777, user-agent=HTTPClient/1.0 (2.8.3, ruby 2.3.1 (2016-04-26)), content-type=application/json;charset=utf-8}
12-09 08:24:55.378 I/System.out(17789): params: {json={"command":"keyboard_enter_text","arguments":["98123743947721092831"]}
12-09 08:24:55.378 I/System.out(17789): }
12-09 08:24:55.378 I/System.out(17789): ProP json = {"command":"keyboard_enter_text","arguments":["98123743947721092831"]}
12-09 08:24:55.379 I/System.out(17789): files: {}
12-09 08:24:55.379 I/System.out(17789): command: {"command":"keyboard_enter_text","arguments":["98123743947721092831"]}
12-09 08:24:55.380 I/InstrumentationBackend(17789): Got command:'Command:'Line:null,keyboard_enter_text', arguments:'[98123743947721092831]'
12-09 08:24:55.714 E/SpannableStringBuilder(17789): SPAN_EXCLUSIVE_EXCLUSIVE spans cannot have a zero length
12-09 08:24:55.714 E/SpannableStringBuilder(17789): SPAN_EXCLUSIVE_EXCLUSIVE spans cannot have a zero length
12-09 08:24:55.844 E/SpannableStringBuilder(17789): SPAN_EXCLUSIVE_EXCLUSIVE spans cannot have a zero length
12-09 08:24:55.844 E/SpannableStringBuilder(17789): SPAN_EXCLUSIVE_EXCLUSIVE spans cannot have a zero length
12-09 08:24:55.875 I/System.out(17789): result:{"bonusInformation":[],"message":"","success":true}
12-09 08:24:56.003 I/System.out(17789): URI: //map
12-09 08:24:56.003 I/System.out(17789): params: {json={"query":"android.widget.EditText id:'odometer'","operation":{"method_name":"query","arguments":[]}}
12-09 08:24:56.003 I/System.out(17789): }
12-09 08:24:56.042 W/art     (17789): Suspending all threads took: 5.371ms
12-09 08:24:56.058 W/ResourceType(17789): No package identifier when getting name for resource number 0x00000001
12-09 08:24:56.158 I/art     (17789): Background sticky concurrent mark sweep GC freed 36988(1650KB) AllocSpace objects, 6(120KB) LOS objects, 5% free, 4MB/4MB, paused 6.497ms total 95.143ms
12-09 08:24:56.228 I/art     (17789): Background sticky concurrent mark sweep GC freed 33468(1552KB) AllocSpace objects, 1(20KB) LOS objects, 33% free, 2MB/4MB, paused 25.812ms total 51.307ms
12-09 08:24:56.244 I/System.out(17789): URI: //gesture
12-09 08:24:56.245 I/System.out(17789): params: {json={"query_timeout":5.0,"gestures":[{"query_string":"android.widget.EditText id:'odometer'","touches":[{"x":50,"y":50,"offset_x":0,"offset_y":0,"wait":0.0,"time":0.2,"release":true,"query_string":null}]}]}
12-09 08:24:56.245 I/System.out(17789): }
12-09 08:24:56.299 W/ResourceType(17789): No package identifier when getting name for resource number 0x00000001
12-09 08:24:56.726 I/LatinIME( 1854): Starting input. Cursor position = 0,0
12-09 08:24:56.802 I/art     (17789): Background sticky concurrent mark sweep GC freed 45100(2042KB) AllocSpace objects, 2(40KB) LOS objects, 31% free, 3MB/4MB, paused 2.599ms total 101.711ms
12-09 08:24:57.323 I/System.out(17789): URI: //
12-09 08:24:57.328 I/System.out(17789): params: {json={"command":"set_selection","arguments":[-1,-1]}
12-09 08:24:57.328 I/System.out(17789): }
12-09 08:24:57.328 I/System.out(17789): header: {date=Sun, 09 Dec 2018 08:24:57 GMT, accept=*/*, content-length=47, host=127.0.0.1:34777, user-agent=HTTPClient/1.0 (2.8.3, ruby 2.3.1 (2016-04-26)), content-type=application/json;charset=utf-8}
12-09 08:24:57.328 I/System.out(17789): params: {json={"command":"set_selection","arguments":[-1,-1]}
12-09 08:24:57.328 I/System.out(17789): }
12-09 08:24:57.328 I/System.out(17789): ProP json = {"command":"set_selection","arguments":[-1,-1]}
12-09 08:24:57.328 I/System.out(17789): files: {}
12-09 08:24:57.328 I/System.out(17789): command: {"command":"set_selection","arguments":[-1,-1]}
12-09 08:24:57.329 I/InstrumentationBackend(17789): Got command:'Command:'Line:null,set_selection', arguments:'[-1, -1]'
12-09 08:24:57.366 I/System.out(17789): result:{"bonusInformation":[],"message":"","success":true}
12-09 08:24:57.532 I/System.out(17789): URI: //
12-09 08:24:57.532 I/System.out(17789): params: {json={"command":"keyboard_enter_text","arguments":["98879898284721092831"]}
12-09 08:24:57.532 I/System.out(17789): }
12-09 08:24:57.533 I/System.out(17789): header: {date=Sun, 09 Dec 2018 08:24:58 GMT, accept=*/*, content-length=70, host=127.0.0.1:34777, user-agent=HTTPClient/1.0 (2.8.3, ruby 2.3.1 (2016-04-26)), content-type=application/json;charset=utf-8}
12-09 08:24:57.534 I/System.out(17789): params: {json={"command":"keyboard_enter_text","arguments":["98879898284721092831"]}
12-09 08:24:57.534 I/System.out(17789): }
12-09 08:24:57.534 I/System.out(17789): ProP json = {"command":"keyboard_enter_text","arguments":["98879898284721092831"]}
12-09 08:24:57.534 I/System.out(17789): files: {}
12-09 08:24:57.534 I/System.out(17789): command: {"command":"keyboard_enter_text","arguments":["98879898284721092831"]}
12-09 08:24:57.535 I/InstrumentationBackend(17789): Got command:'Command:'Line:null,keyboard_enter_text', arguments:'[98879898284721092831]'
12-09 08:24:57.535 E/SpannableStringBuilder(17789): SPAN_EXCLUSIVE_EXCLUSIVE spans cannot have a zero length
12-09 08:24:57.535 E/SpannableStringBuilder(17789): SPAN_EXCLUSIVE_EXCLUSIVE spans cannot have a zero length
12-09 08:24:57.619 E/SpannableStringBuilder(17789): SPAN_EXCLUSIVE_EXCLUSIVE spans cannot have a zero length
12-09 08:24:57.619 E/SpannableStringBuilder(17789): SPAN_EXCLUSIVE_EXCLUSIVE spans cannot have a zero length
12-09 08:24:57.655 I/System.out(17789): result:{"bonusInformation":[],"message":"","success":true}
12-09 08:24:57.754 I/art     (17789): Background sticky concurrent mark sweep GC freed 27439(1243KB) AllocSpace objects, 5(100KB) LOS objects, 28% free, 3MB/4MB, paused 1.033ms total 113.581ms
12-09 08:24:58.730 I/System.out(17789): URI: //map
12-09 08:24:58.730 I/System.out(17789): params: {json={"query":"android.widget.Button index:2","operation":{"method_name":"query","arguments":[]}}
12-09 08:24:58.730 I/System.out(17789): }
12-09 08:24:58.918 I/System.out(17789): URI: //gesture
12-09 08:24:58.918 I/System.out(17789): params: {json={"query_timeout":5.0,"gestures":[{"query_string":"android.widget.Button index:2","touches":[{"x":50,"y":50,"offset_x":0,"offset_y":0,"wait":0.0,"time":0.2,"release":true,"query_string":null}]}]}
12-09 08:24:58.919 I/System.out(17789): }
12-09 08:24:59.497 W/audio_hw_generic( 1308): Hardware backing HAL too slow, could only write 0 of 661 frames
12-09 08:24:59.504 I/art     (17789): Background sticky concurrent mark sweep GC freed 44573(1878KB) AllocSpace objects, 2(40KB) LOS objects, 15% free, 3MB/4MB, paused 1.282ms total 108.617ms
12-09 08:24:59.517 W/audio_hw_generic( 1308): Hardware backing HAL too slow, could only write 0 of 661 frames
12-09 08:24:59.545 W/audio_hw_generic( 1308): Hardware backing HAL too slow, could only write 0 of 661 frames
12-09 08:24:59.754 W/audio_hw_generic( 1308): Not supplying enough data to HAL, expected position 31944782 , only wrote 31944147
12-09 08:24:59.754 W/audio_hw_generic( 1308): Not supplying enough data to HAL, expected position 31944153 , only wrote 31944147
12-09 08:24:59.775 W/audio_hw_generic( 1308): Not supplying enough data to HAL, expected position 31945069 , only wrote 31944808
12-09 08:24:59.872 W/audio_hw_generic( 1308): Hardware backing HAL too slow, could only write 0 of 661 frames
12-09 08:24:59.910 I/LatinIME( 1854): Starting input. Cursor position = -1,-1
12-09 08:24:59.943 I/Choreographer(17789): Skipped 30 frames!  The application may be doing too much work on its main thread.
12-09 08:24:59.972 W/audio_hw_generic( 1308): Not supplying enough data to HAL, expected position 31953472 , only wrote 31953401
12-09 08:25:00.040 E/SurfaceFlinger( 1224): ro.sf.lcd_density must be defined as a build property
12-09 08:25:00.067 D/Mileage.ABS(17789): Finished backup
12-09 08:25:00.071 D/Mileage.ABS(17789): Not backing up; 27
12-09 08:25:00.071 D/Mileage.ABS(17789): Not backing up; 27
12-09 08:25:00.072 D/Mileage.ABS(17789): Not backing up; 27
12-09 08:25:00.165 W/audio_hw_generic( 1308): Hardware backing HAL too slow, could only write 0 of 661 frames
12-09 08:25:00.174 W/audio_hw_generic( 1308): Hardware backing HAL too slow, could only write 0 of 661 frames
12-09 08:25:00.193 W/audio_hw_generic( 1308): Hardware backing HAL too slow, could only write 0 of 661 frames
12-09 08:25:00.201 D/gralloc_ranchu( 1224): gralloc_alloc: Creating ashmem region of size 3686400
12-09 08:25:00.211 W/audio_hw_generic( 1308): Hardware backing HAL too slow, could only write 0 of 661 frames
12-09 08:25:00.284 D/        (17879): HostConnection::get() New Host Connection established 0x7f499a552480, tid 17879
12-09 08:25:00.305 E/EGL_emulation( 1224): tid 1224: eglCreateSyncKHR(1881): error 0x3004 (EGL_BAD_ATTRIBUTE)
12-09 08:25:00.546 W/audio_hw_generic( 1308): Not supplying enough data to HAL, expected position 31978739 , only wrote 31978519
12-09 08:25:00.546 W/audio_hw_generic( 1308): Not supplying enough data to HAL, expected position 31978525 , only wrote 31978519
12-09 08:25:00.643 W/audio_hw_generic( 1308): Hardware backing HAL too slow, could only write 0 of 661 frames
12-09 08:25:00.649 W/RichInputConnection( 1854): Slow InputConnection: GET_TEXT_BEFORE_CURSOR took 350 ms.
12-09 08:25:00.834 I/InputAttributes( 1854): InputType.TYPE_NULL is specified
12-09 08:25:00.887 W/audio_hw_generic( 1308): Not supplying enough data to HAL, expected position 31993549 , only wrote 31991739
12-09 08:25:00.973 W/audio_hw_generic( 1308): Hardware backing HAL too slow, could only write 0 of 661 frames
12-09 08:25:00.983 I/Choreographer( 1854): Skipped 66 frames!  The application may be doing too much work on its main thread.
12-09 08:25:00.984 W/audio_hw_generic( 1308): Hardware backing HAL too slow, could only write 0 of 661 frames
12-09 08:25:01.076 W/audio_hw_generic( 1308): Not supplying enough data to HAL, expected position 32000067 , only wrote 31997027
12-09 08:25:01.089 D/EGL_emulation( 1854): eglMakeCurrent: 0x7f40a89d1740: ver 2 0 (tinfo 0x7f40a8bbe940)
12-09 08:25:01.106 W/audio_hw_generic( 1308): Not supplying enough data to HAL, expected position 31998350 , only wrote 31998349
12-09 08:25:01.142 E/Surface ( 1854): getSlotFromBufferLocked: unknown buffer: 0x7f40aa3c6a40
12-09 08:25:01.170 W/audio_hw_generic( 1308): Not supplying enough data to HAL, expected position 32001157 , only wrote 31999671
12-09 08:25:01.170 W/audio_hw_generic( 1308): Hardware backing HAL too slow, could only write 0 of 661 frames
12-09 08:25:01.281 W/audio_hw_generic( 1308): Hardware backing HAL too slow, could only write 0 of 661 frames
12-09 08:25:01.358 I/System.out(17789): URI: //map
12-09 08:25:01.358 I/System.out(17789): params: {json={"query":"android.widget.ListView index:0 android.widget.TextView index:0","operation":{"method_name":"query","arguments":[]}}
12-09 08:25:01.358 I/System.out(17789): }
12-09 08:25:01.470 W/audio_hw_generic( 1308): Hardware backing HAL too slow, could only write 0 of 661 frames
12-09 08:25:01.581 W/audio_hw_generic( 1308): Not supplying enough data to HAL, expected position 32017804 , only wrote 32015535
12-09 08:25:01.581 W/audio_hw_generic( 1308): Not supplying enough data to HAL, expected position 32015544 , only wrote 32015535
12-09 08:25:01.653 W/audio_hw_generic( 1308): Not supplying enough data to HAL, expected position 32018713 , only wrote 32016196
12-09 08:25:01.713 W/audio_hw_generic( 1308): Hardware backing HAL too slow, could only write 0 of 661 frames
12-09 08:25:01.724 W/audio_hw_generic( 1308): Hardware backing HAL too slow, could only write 0 of 661 frames
12-09 08:25:01.750 W/audio_hw_generic( 1308): Hardware backing HAL too slow, could only write 0 of 661 frames
12-09 08:25:01.765 W/audio_hw_generic( 1308): Hardware backing HAL too slow, could only write 0 of 661 frames
12-09 08:25:01.875 W/audio_hw_generic( 1308): Not supplying enough data to HAL, expected position 32025990 , only wrote 32024128
12-09 08:25:01.875 W/audio_hw_generic( 1308): Not supplying enough data to HAL, expected position 32024134 , only wrote 32024128
12-09 08:25:01.937 W/audio_hw_generic( 1308): Not supplying enough data to HAL, expected position 32026852 , only wrote 32024789
12-09 08:25:02.061 W/audio_hw_generic( 1308): Not supplying enough data to HAL, expected position 32030251 , only wrote 32030077
12-09 08:25:02.082 I/art     (17789): Background sticky concurrent mark sweep GC freed 23746(789KB) AllocSpace objects, 0(0B) LOS objects, 0% free, 4MB/4MB, paused 9.002ms total 82.026ms
12-09 08:25:02.110 I/System.out(17789): URI: //gesture
12-09 08:25:02.110 I/System.out(17789): params: {json={"query_timeout":5.0,"gestures":[{"query_string":"android.widget.ListView index:0 android.widget.TextView index:0","touches":[{"x":50,"y":50,"offset_x":0,"offset_y":0,"wait":0.0,"time":0.2,"release":true,"query_string":null}]}]}
12-09 08:25:02.110 I/System.out(17789): }
12-09 08:25:02.391 W/audio_hw_generic( 1308): Not supplying enough data to HAL, expected position 32044616 , only wrote 32043958
12-09 08:25:02.391 W/audio_hw_generic( 1308): Not supplying enough data to HAL, expected position 32043967 , only wrote 32043958
12-09 08:25:02.413 W/audio_hw_generic( 1308): Not supplying enough data to HAL, expected position 32044919 , only wrote 32044619
12-09 08:25:02.448 W/audio_hw_generic( 1308): Not supplying enough data to HAL, expected position 32046180 , only wrote 32045941
12-09 08:25:02.535 W/audio_hw_generic( 1308): Not supplying enough data to HAL, expected position 32049756 , only wrote 32049246
12-09 08:25:02.535 W/audio_hw_generic( 1308): Not supplying enough data to HAL, expected position 32049252 , only wrote 32049246
12-09 08:25:02.551 W/audio_hw_generic( 1308): Not supplying enough data to HAL, expected position 32049953 , only wrote 32049907
12-09 08:25:02.779 I/ActivityManager( 1592): START u0 {cmp=com.evancharlton.mileage/.FillupInfoActivity (has extras)} from uid 10139 on display 0
12-09 08:25:02.890 W/audio_hw_generic( 1308): Not supplying enough data to HAL, expected position 32054138 , only wrote 32052551
12-09 08:25:02.890 W/audio_hw_generic( 1308): Not supplying enough data to HAL, expected position 32052557 , only wrote 32052551
12-09 08:25:02.890 W/audio_hw_generic( 1308): Hardware backing HAL too slow, could only write 0 of 661 frames
12-09 08:25:02.890 W/audio_hw_generic( 1308): Hardware backing HAL too slow, could only write 0 of 661 frames
12-09 08:25:02.905 W/audio_hw_generic( 1308): Hardware backing HAL too slow, could only write 0 of 661 frames
12-09 08:25:02.924 W/audio_hw_generic( 1308): Hardware backing HAL too slow, could only write 0 of 661 frames
12-09 08:25:02.929 D/AudioFlinger( 1308): mixer(0xf43c0000) throttle end: throttle time(22)
12-09 08:25:02.961 W/audio_hw_generic( 1308): Hardware backing HAL too slow, could only write 0 of 661 frames
12-09 08:25:02.961 W/audio_hw_generic( 1308): Hardware backing HAL too slow, could only write 0 of 661 frames
12-09 08:25:02.967 I/calabash(17789): newActivity1
12-09 08:25:03.087 W/audio_hw_generic( 1308): Not supplying enough data to HAL, expected position 32061274 , only wrote 32061144
12-09 08:25:03.191 I/art     (17789): Background sticky concurrent mark sweep GC freed 51044(2MB) AllocSpace objects, 1(20KB) LOS objects, 38% free, 2MB/4MB, paused 8.127ms total 194.601ms
12-09 08:25:03.209 W/audio_hw_generic( 1308): Not supplying enough data to HAL, expected position 32066502 , only wrote 32064449
12-09 08:25:03.209 W/audio_hw_generic( 1308): Not supplying enough data to HAL, expected position 32064455 , only wrote 32064449
12-09 08:25:03.256 W/audio_hw_generic( 1308): Hardware backing HAL too slow, could only write 0 of 661 frames
12-09 08:25:03.265 V/PhoneStatusBar( 2260): setLightsOn(true)
12-09 08:25:03.307 E/SurfaceFlinger( 1224): ro.sf.lcd_density must be defined as a build property
12-09 08:25:03.311 D/gralloc_ranchu( 1224): gralloc_alloc: Creating ashmem region of size 3686400
12-09 08:25:03.389 D/gralloc_ranchu( 1224): gralloc_alloc: Creating ashmem region of size 3686400
12-09 08:25:03.405 D/        (17886): HostConnection::get() New Host Connection established 0x7f81acb52480, tid 17886
12-09 08:25:03.427 E/EGL_emulation( 1224): tid 1224: eglCreateSyncKHR(1881): error 0x3004 (EGL_BAD_ATTRIBUTE)
12-09 08:25:03.533 W/audio_hw_generic( 1308): Not supplying enough data to HAL, expected position 32078739 , only wrote 32077669
12-09 08:25:03.533 W/audio_hw_generic( 1308): Not supplying enough data to HAL, expected position 32077675 , only wrote 32077669
12-09 08:25:03.559 W/audio_hw_generic( 1308): Not supplying enough data to HAL, expected position 32078800 , only wrote 32078330
12-09 08:25:03.698 I/ActivityManager( 1592): Displayed com.evancharlton.mileage/.FillupInfoActivity: +739ms
12-09 08:25:03.861 W/audio_hw_generic( 1308): Not supplying enough data to HAL, expected position 32091641 , only wrote 32089567
12-09 08:25:03.873 W/audio_hw_generic( 1308): Not supplying enough data to HAL, expected position 32090085 , only wrote 32089567
12-09 08:25:04.012 W/audio_hw_generic( 1308): Not supplying enough data to HAL, expected position 32095726 , only wrote 32095516
12-09 08:25:04.105 W/audio_hw_generic( 1308): Not supplying enough data to HAL, expected position 32099605 , only wrote 32098821
12-09 08:25:04.105 W/audio_hw_generic( 1308): Not supplying enough data to HAL, expected position 32098827 , only wrote 32098821
12-09 08:25:04.120 W/audio_hw_generic( 1308): Hardware backing HAL too slow, could only write 0 of 661 frames
12-09 08:25:04.135 W/audio_hw_generic( 1308): Hardware backing HAL too slow, could only write 0 of 661 frames
12-09 08:25:04.151 W/audio_hw_generic( 1308): Hardware backing HAL too slow, could only write 0 of 661 frames
12-09 08:25:04.167 W/audio_hw_generic( 1308): Hardware backing HAL too slow, could only write 0 of 661 frames
12-09 08:25:04.182 W/audio_hw_generic( 1308): Hardware backing HAL too slow, could only write 0 of 661 frames
12-09 08:25:04.200 W/art     ( 1592): Long monitor contention event with owner method=void com.android.server.wm.WindowAnimator$1.doFrame(long) from WindowAnimator.java:121 waiters=0 for 158ms
12-09 08:25:04.336 W/audio_hw_generic( 1308): Not supplying enough data to HAL, expected position 32109000 , only wrote 32106092
12-09 08:25:04.336 W/audio_hw_generic( 1308): Not supplying enough data to HAL, expected position 32106098 , only wrote 32106092
12-09 08:25:04.429 W/audio_hw_generic( 1308): Not supplying enough data to HAL, expected position 32110193 , only wrote 32106753
12-09 08:25:04.492 W/audio_hw_generic( 1308): Not supplying enough data to HAL, expected position 32109541 , only wrote 32109397
12-09 08:25:04.493 W/audio_hw_generic( 1308): Not supplying enough data to HAL, expected position 32109403 , only wrote 32109397
12-09 08:25:04.512 W/audio_hw_generic( 1308): Not supplying enough data to HAL, expected position 32110276 , only wrote 32110058
12-09 08:25:04.513 W/audio_hw_generic( 1308): Not supplying enough data to HAL, expected position 32110065 , only wrote 32110058
12-09 08:25:04.533 W/audio_hw_generic( 1308): Not supplying enough data to HAL, expected position 32110958 , only wrote 32110719
12-09 08:25:04.577 W/audio_hw_generic( 1308): Not supplying enough data to HAL, expected position 32112655 , only wrote 32112041
12-09 08:25:04.578 I/System.out(17789): URI: //map
12-09 08:25:04.578 I/System.out(17789): params: {json={"query":"android.widget.Button index:1","operation":{"method_name":"query","arguments":[]}}
12-09 08:25:04.578 I/System.out(17789): }
12-09 08:25:04.591 D/gralloc_ranchu( 1224): gralloc_alloc: Creating ashmem region of size 3686400
12-09 08:25:04.734 D/gralloc_ranchu( 1224): gralloc_alloc: Creating ashmem region of size 3686400
12-09 08:25:04.925 W/audio_hw_generic( 1308): Hardware backing HAL too slow, could only write 0 of 661 frames
12-09 08:25:04.925 W/audio_hw_generic( 1308): Not supplying enough data to HAL, expected position 32127395 , only wrote 32127244
12-09 08:25:04.925 W/audio_hw_generic( 1308): Not supplying enough data to HAL, expected position 32127250 , only wrote 32127244
12-09 08:25:04.945 W/audio_hw_generic( 1308): Not supplying enough data to HAL, expected position 32128115 , only wrote 32127905
12-09 08:25:04.971 I/art     (17789): Background sticky concurrent mark sweep GC freed 46986(2MB) AllocSpace objects, 1(20KB) LOS objects, 35% free, 3MB/4MB, paused 5.091ms total 96.092ms
12-09 08:25:05.005 I/System.out(17789): URI: //gesture
12-09 08:25:05.005 I/System.out(17789): params: {json={"query_timeout":5.0,"gestures":[{"query_string":"android.widget.Button index:1","touches":[{"x":50,"y":50,"offset_x":0,"offset_y":0,"wait":0.0,"time":0.2,"release":true,"query_string":null}]}]}
12-09 08:25:05.005 I/System.out(17789): }
12-09 08:25:05.105 W/audio_hw_generic( 1308): Not supplying enough data to HAL, expected position 32134950 , only wrote 32133193
12-09 08:25:05.165 W/audio_hw_generic( 1308): Not supplying enough data to HAL, expected position 32135833 , only wrote 32133854
12-09 08:25:05.179 W/audio_hw_generic( 1308): Not supplying enough data to HAL, expected position 32134497 , only wrote 32133854
12-09 08:25:05.253 W/audio_hw_generic( 1308): Not supplying enough data to HAL, expected position 32137093 , only wrote 32134515
12-09 08:25:05.345 W/audio_hw_generic( 1308): Hardware backing HAL too slow, could only write 0 of 661 frames
12-09 08:25:05.357 W/audio_hw_generic( 1308): Hardware backing HAL too slow, could only write 0 of 661 frames
12-09 08:25:05.417 W/audio_hw_generic( 1308): Hardware backing HAL too slow, could only write 0 of 661 frames
12-09 08:25:05.417 W/audio_hw_generic( 1308): Not supplying enough data to HAL, expected position 32141756 , only wrote 32140464
12-09 08:25:05.417 W/audio_hw_generic( 1308): Not supplying enough data to HAL, expected position 32140469 , only wrote 32140464
12-09 08:25:05.433 W/audio_hw_generic( 1308): Not supplying enough data to HAL, expected position 32141158 , only wrote 32141125
12-09 08:25:05.433 W/audio_hw_generic( 1308): Hardware backing HAL too slow, could only write 0 of 661 frames
12-09 08:25:05.433 W/audio_hw_generic( 1308): Hardware backing HAL too slow, could only write 0 of 661 frames
12-09 08:25:05.469 W/audio_hw_generic( 1308): Hardware backing HAL too slow, could only write 0 of 661 frames
12-09 08:25:05.496 I/ActivityManager( 1592): START u0 {cmp=com.evancharlton.mileage/.FillupInfoActivity (has extras)} from uid 10139 on display 0
12-09 08:25:05.558 D/AudioFlinger( 1308): mixer(0xf43c0000) throttle end: throttle time(11)
12-09 08:25:05.669 W/audio_hw_generic( 1308): Not supplying enough data to HAL, expected position 32151540 , only wrote 32150379
12-09 08:25:05.669 W/audio_hw_generic( 1308): Not supplying enough data to HAL, expected position 32150387 , only wrote 32150379
12-09 08:25:05.805 W/audio_hw_generic( 1308): Not supplying enough data to HAL, expected position 32156355 , only wrote 32151040
12-09 08:25:05.829 W/audio_hw_generic( 1308): Not supplying enough data to HAL, expected position 32152095 , only wrote 32151701
12-09 08:25:05.837 W/audio_hw_generic( 1308): Not supplying enough data to HAL, expected position 32152057 , only wrote 32151701
12-09 08:25:05.880 I/calabash(17789): newActivity1
12-09 08:25:05.889 W/audio_hw_generic( 1308): Not supplying enough data to HAL, expected position 32153998 , only wrote 32153023
12-09 08:25:05.889 W/audio_hw_generic( 1308): Hardware backing HAL too slow, could only write 0 of 661 frames
12-09 08:25:05.905 W/audio_hw_generic( 1308): Hardware backing HAL too slow, could only write 0 of 661 frames
12-09 08:25:05.925 W/audio_hw_generic( 1308): Hardware backing HAL too slow, could only write 0 of 661 frames
12-09 08:25:05.936 W/audio_hw_generic( 1308): Hardware backing HAL too slow, could only write 0 of 661 frames
12-09 08:25:05.965 W/audio_hw_generic( 1308): Hardware backing HAL too slow, could only write 0 of 661 frames
12-09 08:25:05.983 W/audio_hw_generic( 1308): Hardware backing HAL too slow, could only write 0 of 661 frames
12-09 08:25:06.008 W/audio_hw_generic( 1308): Hardware backing HAL too slow, could only write 0 of 661 frames
12-09 08:25:06.017 W/audio_hw_generic( 1308): Hardware backing HAL too slow, could only write 0 of 661 frames
12-09 08:25:06.037 W/audio_hw_generic( 1308): Hardware backing HAL too slow, could only write 0 of 661 frames
12-09 08:25:06.049 W/audio_hw_generic( 1308): Hardware backing HAL too slow, could only write 0 of 661 frames
12-09 08:25:06.060 W/audio_hw_generic( 1308): Hardware backing HAL too slow, could only write 0 of 661 frames
12-09 08:25:06.156 V/PhoneStatusBar( 2260): setLightsOn(true)
12-09 08:25:06.226 W/audio_hw_generic( 1308): Hardware backing HAL too slow, could only write 0 of 661 frames
12-09 08:25:06.226 W/audio_hw_generic( 1308): Not supplying enough data to HAL, expected position 32167885 , only wrote 32167565
12-09 08:25:06.226 W/audio_hw_generic( 1308): Not supplying enough data to HAL, expected position 32167570 , only wrote 32167565
12-09 08:25:06.226 W/audio_hw_generic( 1308): Hardware backing HAL too slow, could only write 0 of 661 frames
12-09 08:25:06.248 W/audio_hw_generic( 1308): Not supplying enough data to HAL, expected position 32168556 , only wrote 32168226
12-09 08:25:06.249 W/audio_hw_generic( 1308): Hardware backing HAL too slow, could only write 0 of 661 frames
12-09 08:25:06.263 D/gralloc_ranchu( 1224): gralloc_alloc: Creating ashmem region of size 3686400
12-09 08:25:06.264 W/audio_hw_generic( 1308): Hardware backing HAL too slow, could only write 0 of 661 frames
12-09 08:25:06.269 E/SurfaceFlinger( 1224): ro.sf.lcd_density must be defined as a build property
12-09 08:25:06.279 W/audio_hw_generic( 1308): Hardware backing HAL too slow, could only write 0 of 661 frames
12-09 08:25:06.294 W/audio_hw_generic( 1308): Hardware backing HAL too slow, could only write 0 of 661 frames
12-09 08:25:06.321 W/audio_hw_generic( 1308): Hardware backing HAL too slow, could only write 0 of 661 frames
12-09 08:25:06.351 D/gralloc_ranchu( 1224): gralloc_alloc: Creating ashmem region of size 3686400
12-09 08:25:06.364 D/        (17893): HostConnection::get() New Host Connection established 0x7fcb1f1d2480, tid 17893
12-09 08:25:06.396 E/EGL_emulation( 1224): tid 1224: eglCreateSyncKHR(1881): error 0x3004 (EGL_BAD_ATTRIBUTE)
12-09 08:25:06.477 W/audio_hw_generic( 1308): Not supplying enough data to HAL, expected position 32178295 , only wrote 32174836
12-09 08:25:06.477 W/audio_hw_generic( 1308): Not supplying enough data to HAL, expected position 32174842 , only wrote 32174836
12-09 08:25:06.516 D/gralloc_ranchu( 1224): gralloc_alloc: Creating ashmem region of size 3686400
12-09 08:25:06.548 W/audio_hw_generic( 1308): Not supplying enough data to HAL, expected position 32177954 , only wrote 32175497
12-09 08:25:06.581 W/audio_hw_generic( 1308): Not supplying enough data to HAL, expected position 32176949 , only wrote 32176819
12-09 08:25:06.581 I/ActivityManager( 1592): Displayed com.evancharlton.mileage/.FillupInfoActivity: +915ms
12-09 08:25:06.632 W/audio_hw_generic( 1308): Hardware backing HAL too slow, could only write 0 of 661 frames
12-09 08:25:06.652 W/audio_hw_generic( 1308): Hardware backing HAL too slow, could only write 0 of 661 frames
12-09 08:25:06.668 W/audio_hw_generic( 1308): Hardware backing HAL too slow, could only write 0 of 661 frames
12-09 08:25:06.724 W/audio_hw_generic( 1308): Hardware backing HAL too slow, could only write 0 of 661 frames
12-09 08:25:06.724 W/audio_hw_generic( 1308): Not supplying enough data to HAL, expected position 32183146 , only wrote 32182107
12-09 08:25:06.724 W/audio_hw_generic( 1308): Not supplying enough data to HAL, expected position 32182112 , only wrote 32182107
12-09 08:25:06.785 W/audio_hw_generic( 1308): Not supplying enough data to HAL, expected position 32184809 , only wrote 32182768
12-09 08:25:06.968 W/audio_hw_generic( 1308): Hardware backing HAL too slow, could only write 0 of 661 frames
12-09 08:25:07.081 W/audio_hw_generic( 1308): Not supplying enough data to HAL, expected position 32195781 , only wrote 32194666
12-09 08:25:07.081 W/audio_hw_generic( 1308): Not supplying enough data to HAL, expected position 32194673 , only wrote 32194666
12-09 08:25:07.083 W/art     ( 1592): Long monitor contention event with owner method=void com.android.server.wm.WindowAnimator$1.doFrame(long) from WindowAnimator.java:121 waiters=1 for 131ms
12-09 08:25:07.293 W/audio_hw_generic( 1308): Not supplying enough data to HAL, expected position 32204029 , only wrote 32203920
12-09 08:25:07.293 W/audio_hw_generic( 1308): Not supplying enough data to HAL, expected position 32203926 , only wrote 32203920
12-09 08:25:07.317 W/audio_hw_generic( 1308): Not supplying enough data to HAL, expected position 32204972 , only wrote 32204581
12-09 08:25:07.384 W/audio_hw_generic( 1308): Not supplying enough data to HAL, expected position 32207514 , only wrote 32207225
12-09 08:25:07.409 W/audio_hw_generic( 1308): Not supplying enough data to HAL, expected position 32208346 , only wrote 32207225
12-09 08:25:07.437 W/audio_hw_generic( 1308): Not supplying enough data to HAL, expected position 32208456 , only wrote 32207886
12-09 08:25:07.437 W/audio_hw_generic( 1308): Hardware backing HAL too slow, could only write 0 of 661 frames
12-09 08:25:07.483 W/audio_hw_generic( 1308): Hardware backing HAL too slow, could only write 0 of 661 frames
12-09 08:25:07.542 I/System.out(17789): URI: //map
12-09 08:25:07.542 I/System.out(17789): params: {json={"query":"android.widget.Button index:0","operation":{"method_name":"query","arguments":[]}}
12-09 08:25:07.542 I/System.out(17789): }
12-09 08:25:07.610 D/gralloc_ranchu( 1224): gralloc_alloc: Creating ashmem region of size 3686400
12-09 08:25:07.673 W/audio_hw_generic( 1308): Not supplying enough data to HAL, expected position 32218291 , only wrote 32217140
12-09 08:25:07.673 W/audio_hw_generic( 1308): Not supplying enough data to HAL, expected position 32217146 , only wrote 32217140
12-09 08:25:07.693 W/audio_hw_generic( 1308): Not supplying enough data to HAL, expected position 32218013 , only wrote 32217801
12-09 08:25:07.710 W/audio_hw_generic( 1308): Hardware backing HAL too slow, could only write 0 of 661 frames
12-09 08:25:07.729 W/audio_hw_generic( 1308): Hardware backing HAL too slow, could only write 0 of 661 frames
12-09 08:25:07.919 I/System.out(17789): URI: //gesture
12-09 08:25:07.919 I/System.out(17789): params: {json={"query_timeout":5.0,"gestures":[{"query_string":"android.widget.Button index:0","touches":[{"x":50,"y":50,"offset_x":0,"offset_y":0,"wait":0.0,"time":0.2,"release":true,"query_string":null}]}]}
12-09 08:25:07.919 I/System.out(17789): }
12-09 08:25:07.965 W/audio_hw_generic( 1308): Not supplying enough data to HAL, expected position 32229799 , only wrote 32229038
12-09 08:25:07.965 W/audio_hw_generic( 1308): Not supplying enough data to HAL, expected position 32229044 , only wrote 32229038
12-09 08:25:07.981 W/audio_hw_generic( 1308): Not supplying enough data to HAL, expected position 32229736 , only wrote 32229699
12-09 08:25:08.130 W/audio_hw_generic( 1308): Not supplying enough data to HAL, expected position 32236259 , only wrote 32234326
12-09 08:25:08.130 W/audio_hw_generic( 1308): Not supplying enough data to HAL, expected position 32234332 , only wrote 32234326
12-09 08:25:08.153 W/audio_hw_generic( 1308): Not supplying enough data to HAL, expected position 32235330 , only wrote 32234987
12-09 08:25:08.297 W/audio_hw_generic( 1308): Hardware backing HAL too slow, could only write 0 of 661 frames
12-09 08:25:08.383 W/audio_hw_generic( 1308): Hardware backing HAL too slow, could only write 0 of 661 frames
12-09 08:25:08.383 W/audio_hw_generic( 1308): Not supplying enough data to HAL, expected position 32245142 , only wrote 32242258
12-09 08:25:08.383 W/audio_hw_generic( 1308): Not supplying enough data to HAL, expected position 32242263 , only wrote 32242258
12-09 08:25:08.390 I/ActivityManager( 1592): START u0 {cmp=com.evancharlton.mileage/.FillupInfoActivity (has extras)} from uid 10139 on display 0
12-09 08:25:08.453 W/audio_hw_generic( 1308): Not supplying enough data to HAL, expected position 32245344 , only wrote 32244902
12-09 08:25:08.453 W/audio_hw_generic( 1308): Hardware backing HAL too slow, could only write 0 of 661 frames
12-09 08:25:08.468 W/audio_hw_generic( 1308): Hardware backing HAL too slow, could only write 0 of 661 frames
12-09 08:25:08.493 W/audio_hw_generic( 1308): Hardware backing HAL too slow, could only write 0 of 661 frames
12-09 08:25:08.514 I/art     (17789): Background sticky concurrent mark sweep GC freed 39633(1709KB) AllocSpace objects, 1(20KB) LOS objects, 19% free, 3MB/4MB, paused 9.556ms total 106.896ms
12-09 08:25:08.579 I/calabash(17789): newActivity1
12-09 08:25:08.635 W/audio_hw_generic( 1308): Not supplying enough data to HAL, expected position 32252905 , only wrote 32252834
12-09 08:25:08.635 W/audio_hw_generic( 1308): Hardware backing HAL too slow, could only write 0 of 661 frames
12-09 08:25:08.706 W/audio_hw_generic( 1308): Not supplying enough data to HAL, expected position 32256002 , only wrote 32255478
12-09 08:25:08.707 W/audio_hw_generic( 1308): Not supplying enough data to HAL, expected position 32255485 , only wrote 32255478
12-09 08:25:08.764 W/audio_hw_generic( 1308): Not supplying enough data to HAL, expected position 32258001 , only wrote 32257461
12-09 08:25:08.774 V/PhoneStatusBar( 2260): setLightsOn(true)
12-09 08:25:08.838 W/audio_hw_generic( 1308): Not supplying enough data to HAL, expected position 32260721 , only wrote 32260105
12-09 08:25:08.838 W/audio_hw_generic( 1308): Not supplying enough data to HAL, expected position 32260111 , only wrote 32260105
12-09 08:25:08.844 D/gralloc_ranchu( 1224): gralloc_alloc: Creating ashmem region of size 3686400
12-09 08:25:08.966 W/audio_hw_generic( 1308): Not supplying enough data to HAL, expected position 32265750 , only wrote 32262088
12-09 08:25:09.045 W/audio_hw_generic( 1308): Hardware backing HAL too slow, could only write 0 of 661 frames
12-09 08:25:09.045 W/audio_hw_generic( 1308): Hardware backing HAL too slow, could only write 0 of 661 frames
12-09 08:25:09.061 W/audio_hw_generic( 1308): Hardware backing HAL too slow, could only write 0 of 661 frames
12-09 08:25:09.081 W/audio_hw_generic( 1308): Hardware backing HAL too slow, could only write 0 of 661 frames
12-09 08:25:09.101 W/audio_hw_generic( 1308): Hardware backing HAL too slow, could only write 0 of 661 frames
12-09 08:25:09.169 W/audio_hw_generic( 1308): Hardware backing HAL too slow, could only write 0 of 661 frames
12-09 08:25:09.184 W/audio_hw_generic( 1308): Hardware backing HAL too slow, could only write 0 of 661 frames
12-09 08:25:09.193 E/SurfaceFlinger( 1224): ro.sf.lcd_density must be defined as a build property
12-09 08:25:09.195 D/gralloc_ranchu( 1224): gralloc_alloc: Creating ashmem region of size 3686400
12-09 08:25:09.274 D/        (17899): HostConnection::get() New Host Connection established 0x7f48b6cd2480, tid 17899
12-09 08:25:09.287 W/audio_hw_generic( 1308): Not supplying enough data to HAL, expected position 32276252 , only wrote 32274647
12-09 08:25:09.287 W/audio_hw_generic( 1308): Not supplying enough data to HAL, expected position 32274654 , only wrote 32274647
12-09 08:25:09.303 E/EGL_emulation( 1224): tid 1224: eglCreateSyncKHR(1881): error 0x3004 (EGL_BAD_ATTRIBUTE)
12-09 08:25:09.336 W/audio_hw_generic( 1308): Not supplying enough data to HAL, expected position 32276383 , only wrote 32275308
12-09 08:25:09.337 W/art     ( 1592): Long monitor contention event with owner method=void com.android.server.wm.WindowAnimator$1.doFrame(long) from WindowAnimator.java:121 waiters=0 for 173ms
12-09 08:25:09.546 W/audio_hw_generic( 1308): Not supplying enough data to HAL, expected position 32284996 , only wrote 32280596
12-09 08:25:09.554 W/audio_hw_generic( 1308): Not supplying enough data to HAL, expected position 32280930 , only wrote 32280596
12-09 08:25:09.612 W/audio_hw_generic( 1308): Not supplying enough data to HAL, expected position 32283137 , only wrote 32281257
12-09 08:25:09.780 W/art     ( 1592): Long monitor contention event with owner method=void com.android.server.wm.WindowAnimator$1.doFrame(long) from WindowAnimator.java:121 waiters=1 for 211ms
12-09 08:25:09.822 W/audio_hw_generic( 1308): Not supplying enough data to HAL, expected position 32290539 , only wrote 32290511
12-09 08:25:09.880 W/art     ( 1592): Long monitor contention event with owner method=void com.android.server.wm.WindowAnimator$1.doFrame(long) from WindowAnimator.java:121 waiters=1 for 217ms
12-09 08:25:09.949 W/audio_hw_generic( 1308): Not supplying enough data to HAL, expected position 32296103 , only wrote 32295799
12-09 08:25:09.949 W/audio_hw_generic( 1308): Not supplying enough data to HAL, expected position 32295805 , only wrote 32295799
12-09 08:25:09.965 W/audio_hw_generic( 1308): Not supplying enough data to HAL, expected position 32296522 , only wrote 32296460
12-09 08:25:10.056 W/audio_hw_generic( 1308): Not supplying enough data to HAL, expected position 32300454 , only wrote 32300426
12-09 08:25:10.090 W/art     ( 1592): Long monitor contention event with owner method=void com.android.server.wm.WindowAnimator$1.doFrame(long) from WindowAnimator.java:121 waiters=1 for 210ms
12-09 08:25:10.189 W/audio_hw_generic( 1308): Not supplying enough data to HAL, expected position 32306297 , only wrote 32305714
