--------- beginning of main
12-09 07:41:13.812 E/EGL_emulation( 1218): tid 1218: eglCreateSyncKHR(1881): error 0x3004 (EGL_BAD_ATTRIBUTE)
--------- beginning of system
12-09 07:41:13.852 W/ActivityManager( 1591): Finishing task with all activities already finished
12-09 07:41:13.852 W/ActivityManager( 1591): Duplicate finish request for ActivityRecord{78d3b4b u0 com.evancharlton.mileage/.Mileage t339 f}
12-09 07:41:13.852 W/ActivityManager( 1591): Finishing task with all activities already finished
12-09 07:41:13.852 W/ActivityManager( 1591): Duplicate finish request for ActivityRecord{78d3b4b u0 com.evancharlton.mileage/.Mileage t339 f}
12-09 07:41:13.852 W/ActivityManager( 1591): Finishing task with all activities already finished
12-09 07:41:13.852 W/ActivityManager( 1591): Duplicate finish request for ActivityRecord{78d3b4b u0 com.evancharlton.mileage/.Mileage t339 f}
12-09 07:41:14.044 I/art     ( 1591): Background partial concurrent mark sweep GC freed 10779(738KB) AllocSpace objects, 5(100KB) LOS objects, 30% free, 9MB/13MB, paused 10.844ms total 201.290ms
12-09 07:41:14.082 W/audio_hw_generic( 1307): Not supplying enough data to HAL, expected position 4813130 , only wrote 4775064
12-09 07:41:14.132 D/EGL_emulation( 1934): eglMakeCurrent: 0x7fe2a92f4640: ver 2 0 (tinfo 0x7fe2a92c2c80)
12-09 07:41:14.293 W/art     ( 1591): Long monitor contention event with owner method=void com.android.server.wm.WindowAnimator$1.doFrame(long) from WindowAnimator.java:121 waiters=0 for 121ms
12-09 07:41:14.589 D/AndroidRuntime( 4918): >>>>>> START com.android.internal.os.RuntimeInit uid 0 <<<<<<
12-09 07:41:14.590 D/AndroidRuntime( 4918): CheckJNI is ON
12-09 07:41:14.653 D/ICU     ( 4918): No timezone override file found: /data/misc/zoneinfo/current/icu/icu_tzdata.dat
12-09 07:41:14.973 W/art     ( 1591): Long monitor contention event with owner method=void com.android.server.wm.WindowAnimator$1.doFrame(long) from WindowAnimator.java:121 waiters=1 for 373ms
12-09 07:41:15.147 E/memtrack( 4918): Couldn't load memtrack module (No such file or directory)
12-09 07:41:15.147 E/android.os.Debug( 4918): failed to load memtrack module: -2
12-09 07:41:15.149 I/Radio-JNI( 4918): register_android_hardware_Radio DONE
12-09 07:41:15.149 W/art     ( 1591): Long monitor contention event with owner method=void com.android.server.wm.WindowAnimator$1.doFrame(long) from WindowAnimator.java:121 waiters=1 for 176ms
12-09 07:41:15.235 D/AndroidRuntime( 4918): Calling main entry com.android.commands.am.Am
12-09 07:41:15.589 W/art     ( 1591): Long monitor contention event with owner method=void com.android.server.wm.WindowAnimator$1.doFrame(long) from WindowAnimator.java:121 waiters=2 for 246ms
12-09 07:41:15.667 W/art     ( 1591): Long monitor contention event with owner method=void com.android.server.wm.WindowAnimator$1.doFrame(long) from WindowAnimator.java:121 waiters=2 for 226ms
12-09 07:41:15.896 W/art     ( 1591): Long monitor contention event with owner method=void com.android.server.wm.WindowAnimator$1.doFrame(long) from WindowAnimator.java:121 waiters=2 for 307ms
12-09 07:41:15.898 W/art     ( 1591): Long monitor contention event with owner method=void com.android.server.wm.WindowAnimator$1.doFrame(long) from WindowAnimator.java:121 waiters=2 for 231ms
12-09 07:41:15.907 W/art     ( 1591): Long monitor contention event with owner method=java.util.List com.android.server.am.ActivityManagerService.getAllStackInfos() from ActivityManagerService.java:8937 waiters=0 for 935ms
12-09 07:41:15.908 W/art     ( 1591): Long monitor contention event with owner method=java.util.List com.android.server.am.ActivityManagerService.getAllStackInfos() from ActivityManagerService.java:8937 waiters=2 for 256ms
12-09 07:41:15.911 W/art     ( 1591): Long monitor contention event with owner method=java.util.List com.android.server.am.ActivityManagerService.getAllStackInfos() from ActivityManagerService.java:8937 waiters=1 for 674ms
12-09 07:41:15.911 I/ActivityManager( 1591): Force stopping com.evancharlton.mileage appid=10117 user=0: start instr
12-09 07:41:15.911 I/ActivityManager( 1591): Killing 4849:com.evancharlton.mileage/u0a117 (adj 0): stop com.evancharlton.mileage
12-09 07:41:15.916 I/Choreographer( 1934): Skipped 106 frames!  The application may be doing too much work on its main thread.
12-09 07:41:16.011 D/EGL_emulation( 1878): eglMakeCurrent: 0x7fe29d789dc0: ver 2 0 (tinfo 0x7fe2a51f6620)
12-09 07:41:16.019 E/Surface ( 1878): getSlotFromBufferLocked: unknown buffer: 0x7fe29d78a5e0
12-09 07:41:16.897 W/art     ( 1591): Long monitor contention event with owner method=void com.android.server.wm.WindowAnimator$1.doFrame(long) from WindowAnimator.java:121 waiters=0 for 816ms
12-09 07:41:17.059 W/art     ( 1591): Long monitor contention event with owner method=void com.android.server.wm.WindowAnimator$1.doFrame(long) from WindowAnimator.java:121 waiters=1 for 979ms
12-09 07:41:17.063 W/ActivityManager( 1591): Crash of app com.evancharlton.mileage running instrumentation ComponentInfo{com.evancharlton.mileage.test/sh.calaba.instrumentationbackend.CalabashInstrumentationTestRunner}
12-09 07:41:17.063 I/ActivityManager( 1591): Force stopping com.evancharlton.mileage appid=10117 user=0: finished inst
12-09 07:41:17.077 I/Choreographer( 1934): Skipped 64 frames!  The application may be doing too much work on its main thread.
12-09 07:41:17.080 W/WindowAnimator( 1591): Failed to dispatch window animation state change.
12-09 07:41:17.080 W/WindowAnimator( 1591): android.os.DeadObjectException
12-09 07:41:17.080 W/WindowAnimator( 1591): 	at android.os.BinderProxy.transactNative(Native Method)
12-09 07:41:17.080 W/WindowAnimator( 1591): 	at android.os.BinderProxy.transact(Binder.java:503)
12-09 07:41:17.080 W/WindowAnimator( 1591): 	at android.view.IWindow$Stub$Proxy.onAnimationStopped(IWindow.java:534)
12-09 07:41:17.080 W/WindowAnimator( 1591): 	at com.android.server.wm.WindowAnimator.updateWindowsLocked(WindowAnimator.java:286)
12-09 07:41:17.080 W/WindowAnimator( 1591): 	at com.android.server.wm.WindowAnimator.animateLocked(WindowAnimator.java:678)
12-09 07:41:17.080 W/WindowAnimator( 1591): 	at com.android.server.wm.WindowAnimator.-wrap0(WindowAnimator.java)
12-09 07:41:17.080 W/WindowAnimator( 1591): 	at com.android.server.wm.WindowAnimator$1.doFrame(WindowAnimator.java:123)
12-09 07:41:17.080 W/WindowAnimator( 1591): 	at android.view.Choreographer$CallbackRecord.run(Choreographer.java:856)
12-09 07:41:17.080 W/WindowAnimator( 1591): 	at android.view.Choreographer.doCallbacks(Choreographer.java:670)
12-09 07:41:17.080 W/WindowAnimator( 1591): 	at android.view.Choreographer.doFrame(Choreographer.java:603)
12-09 07:41:17.080 W/WindowAnimator( 1591): 	at android.view.Choreographer$FrameDisplayEventReceiver.run(Choreographer.java:844)
12-09 07:41:17.080 W/WindowAnimator( 1591): 	at android.os.Handler.handleCallback(Handler.java:739)
12-09 07:41:17.080 W/WindowAnimator( 1591): 	at android.os.Handler.dispatchMessage(Handler.java:95)
12-09 07:41:17.080 W/WindowAnimator( 1591): 	at android.os.Looper.loop(Looper.java:148)
12-09 07:41:17.080 W/WindowAnimator( 1591): 	at android.os.HandlerThread.run(HandlerThread.java:61)
12-09 07:41:17.080 W/WindowAnimator( 1591): 	at com.android.server.ServiceThread.run(ServiceThread.java:46)
12-09 07:41:17.119 W/OpenGLRenderer( 1934): Incorrectly called buildLayer on View: ShortcutAndWidgetContainer, destroying layer...
12-09 07:41:17.196 W/WindowManager( 1591): Failed looking up window
12-09 07:41:17.196 W/WindowManager( 1591): java.lang.IllegalArgumentException: Requested window android.os.BinderProxy@bec7b88 does not exist
12-09 07:41:17.196 W/WindowManager( 1591): 	at com.android.server.wm.WindowManagerService.windowForClientLocked(WindowManagerService.java:8733)
12-09 07:41:17.196 W/WindowManager( 1591): 	at com.android.server.wm.WindowManagerService.windowForClientLocked(WindowManagerService.java:8724)
12-09 07:41:17.196 W/WindowManager( 1591): 	at com.android.server.wm.WindowState$DeathRecipient.binderDied(WindowState.java:1209)
12-09 07:41:17.196 W/WindowManager( 1591): 	at android.os.BinderProxy.sendDeathNotice(Binder.java:558)
12-09 07:41:17.196 I/WindowState( 1591): WIN DEATH: null
12-09 07:41:17.196 I/WindowState( 1591): WIN DEATH: Window{868bc79 u0 com.evancharlton.mileage/com.evancharlton.mileage.Mileage EXITING}
12-09 07:41:17.399 I/ActivityManager( 1591): Start proc 4927:com.evancharlton.mileage/u0a117 for added application com.evancharlton.mileage
12-09 07:41:17.400 D/AndroidRuntime( 4918): Shutting down VM
12-09 07:41:17.427 W/art     ( 1591): Long monitor contention event with owner method=boolean com.android.server.am.ActivityManagerService.startInstrumentation(android.content.ComponentName, java.lang.String, int, android.os.Bundle, android.app.IInstrumentationWatcher, android.app.IUiAutomationConnection, int, java.lang.String) from ActivityManagerService.java:17066 waiters=0 for 1.487s
12-09 07:41:17.427 W/art     ( 1591): Long monitor contention event with owner method=boolean com.android.server.am.ActivityManagerService.startInstrumentation(android.content.ComponentName, java.lang.String, int, android.os.Bundle, android.app.IInstrumentationWatcher, android.app.IUiAutomationConnection, int, java.lang.String) from ActivityManagerService.java:17066 waiters=1 for 1.018s
12-09 07:41:17.568 W/System  ( 4927): ClassLoader referenced unknown path: /data/app/com.evancharlton.mileage.test-1/lib/x86_64
12-09 07:41:17.568 W/System  ( 4927): ClassLoader referenced unknown path: /data/app/com.evancharlton.mileage-1/lib/x86_64
12-09 07:41:17.754 I/System.out( 4927): Main activity name automatically set to: com.evancharlton.mileage.Mileage
12-09 07:41:17.760 I/System.out( 4927): Calabash did not load Mono. This is only a problem if you are trying to test a Mono application
12-09 07:41:17.760 I/calabash( 4927): Test server port: 7102
12-09 07:41:17.761 I/InstrumentationBackend( 4927): Added:'GetPreferences', with key:'get_preferences'
12-09 07:41:17.807 W/WindowAnimator( 1591): Failed to dispatch window animation state change.
12-09 07:41:17.807 W/WindowAnimator( 1591): android.os.DeadObjectException
12-09 07:41:17.807 W/WindowAnimator( 1591): 	at android.os.BinderProxy.transactNative(Native Method)
12-09 07:41:17.807 W/WindowAnimator( 1591): 	at android.os.BinderProxy.transact(Binder.java:503)
12-09 07:41:17.807 W/WindowAnimator( 1591): 	at android.view.IWindow$Stub$Proxy.onAnimationStopped(IWindow.java:534)
12-09 07:41:17.807 W/WindowAnimator( 1591): 	at com.android.server.wm.WindowAnimator.updateWindowsLocked(WindowAnimator.java:286)
12-09 07:41:17.807 W/WindowAnimator( 1591): 	at com.android.server.wm.WindowAnimator.animateLocked(WindowAnimator.java:678)
12-09 07:41:17.807 W/WindowAnimator( 1591): 	at com.android.server.wm.WindowAnimator.-wrap0(WindowAnimator.java)
12-09 07:41:17.807 W/WindowAnimator( 1591): 	at com.android.server.wm.WindowAnimator$1.doFrame(WindowAnimator.java:123)
12-09 07:41:17.807 W/WindowAnimator( 1591): 	at android.view.Choreographer$CallbackRecord.run(Choreographer.java:856)
12-09 07:41:17.807 W/WindowAnimator( 1591): 	at android.view.Choreographer.doCallbacks(Choreographer.java:670)
12-09 07:41:17.807 W/WindowAnimator( 1591): 	at android.view.Choreographer.doFrame(Choreographer.java:603)
12-09 07:41:17.807 W/WindowAnimator( 1591): 	at android.view.Choreographer$FrameDisplayEventReceiver.run(Choreographer.java:844)
12-09 07:41:17.807 W/WindowAnimator( 1591): 	at android.os.Handler.handleCallback(Handler.java:739)
12-09 07:41:17.807 W/WindowAnimator( 1591): 	at android.os.Handler.dispatchMessage(Handler.java:95)
12-09 07:41:17.807 W/WindowAnimator( 1591): 	at android.os.Looper.loop(Looper.java:148)
12-09 07:41:17.807 W/WindowAnimator( 1591): 	at android.os.HandlerThread.run(HandlerThread.java:61)
12-09 07:41:17.807 W/WindowAnimator( 1591): 	at com.android.server.ServiceThread.run(ServiceThread.java:46)
12-09 07:41:17.838 I/InstrumentationBackend( 4927): Added:'SetPreferences', with key:'set_preferences'
12-09 07:41:17.838 I/InstrumentationBackend( 4927): Added:'ClearPreferences', with key:'clear_preferences'
12-09 07:41:17.838 I/InstrumentationBackend( 4927): Added:'PressElement', with key:'press_l10n_element'
12-09 07:41:17.841 I/InstrumentationBackend( 4927): Added:'WaitForElement', with key:'wait_for_l10n_element'
12-09 07:41:17.859 I/InstrumentationBackend( 4927): Added:'NullAction', with key:'nullAction'
12-09 07:41:17.860 I/InstrumentationBackend( 4927): Added:'PressKey', with key:'press_key'
12-09 07:41:17.860 I/InstrumentationBackend( 4927): Added:'SetActivityOrientation', with key:'set_activity_orientation'
12-09 07:41:17.860 I/InstrumentationBackend( 4927): Added:'GetActivityOrientation', with key:'get_activity_orientation'
12-09 07:41:17.860 I/InstrumentationBackend( 4927): Added:'FakeGPSLocation', with key:'set_gps_coordinates'
12-09 07:41:17.860 I/InstrumentationBackend( 4927): Added:'SetPropertyByCssSelector', with key:'set_property_by_css_selector'
12-09 07:41:17.861 I/InstrumentationBackend( 4927): Added:'GetUrl', with key:'get_url'
12-09 07:41:17.862 I/InstrumentationBackend( 4927): Added:'ScrollTo', with key:'scroll_to'
12-09 07:41:17.862 I/InstrumentationBackend( 4927): Added:'GetLoadProgress', with key:'get_load_progress'
12-09 07:41:17.862 I/InstrumentationBackend( 4927): Added:'DumpHtml', with key:'dump_html'
12-09 07:41:17.862 I/InstrumentationBackend( 4927): Added:'DumpBodyHtml', with key:'dump_body_html'
12-09 07:41:17.862 I/InstrumentationBackend( 4927): Added:'EnterTextByCssSelector', with key:'enter_text_by_selector'
12-09 07:41:17.872 I/InstrumentationBackend( 4927): Added:'AndroidSDKVersion', with key:'android_sdk_version'
12-09 07:41:17.872 I/InstrumentationBackend( 4927): Added:'Version', with key:'version'
12-09 07:41:17.872 I/InstrumentationBackend( 4927): Added:'Drag', with key:'drag'
12-09 07:41:17.872 I/InstrumentationBackend( 4927): Added:'TouchCoordinates', with key:'touch_coordinate'
12-09 07:41:17.873 I/InstrumentationBackend( 4927): Added:'LongPressCoordinate', with key:'long_press_coordinate'
12-09 07:41:17.873 I/InstrumentationBackend( 4927): Added:'DragCoordinates', with key:'drag_coordinates'
12-09 07:41:17.873 I/InstrumentationBackend( 4927): Added:'ResumeApplication', with key:'resume_application'
12-09 07:41:17.873 I/InstrumentationBackend( 4927): Added:'Swipe', with key:'swipe'
12-09 07:41:17.873 I/InstrumentationBackend( 4927): Added:'DoubleTapCoordinate', with key:'double_tap_coordinate'
12-09 07:41:17.873 I/InstrumentationBackend( 4927): Added:'ClickOnScreen', with key:'click_on_screen'
12-09 07:41:17.874 I/InstrumentationBackend( 4927): Added:'GetActivityName', with key:'get_activity_name'
12-09 07:41:17.874 I/InstrumentationBackend( 4927): Added:'ScrollToView', with key:'scroll_to_view'
12-09 07:41:17.874 I/InstrumentationBackend( 4927): Added:'ViewConfiguration', with key:'view_configuration'
12-09 07:41:17.874 I/InstrumentationBackend( 4927): Added:'IsCurrentActivityFocused', with key:'is_current_activity_focused'
12-09 07:41:17.887 I/InstrumentationBackend( 4927): Added:'SendTcp', with key:'send_tcp'
12-09 07:41:17.887 I/InstrumentationBackend( 4927): Added:'DpToDevicePixel', with key:'dp_to_device_pixel'
12-09 07:41:17.888 I/InstrumentationBackend( 4927): Added:'KeyboardEnterText', with key:'keyboard_enter_text'
12-09 07:41:17.888 I/InstrumentationBackend( 4927): Added:'DeleteSurroundingText', with key:'delete_surrounding_text'
12-09 07:41:17.888 I/InstrumentationBackend( 4927): Added:'SetComposingRegion', with key:'set_composing_region'
12-09 07:41:17.888 I/InstrumentationBackend( 4927): Added:'SetSelection', with key:'set_selection'
12-09 07:41:17.889 I/InstrumentationBackend( 4927): Added:'KeyboardKeyEvent', with key:'keyboard_key_event'
12-09 07:41:17.889 I/InstrumentationBackend( 4927): Added:'PressUserActionButton', with key:'press_user_action_button'
12-09 07:41:17.889 I/InstrumentationBackend( 4927): Added:'HideSoftKeyboard', with key:'hide_soft_keyboard'
12-09 07:41:17.890 I/InstrumentationBackend( 4927): Added:'ListActions', with key:'list_actions'
12-09 07:41:17.890 I/calabash( 4927): Instantiating http server at 7102
12-09 07:41:17.899 I/System.out( 4927): HTTP Daemon listening on: 7102
12-09 07:41:18.109 I/System.out( 4927): URI: //ping
12-09 07:41:18.109 I/System.out( 4927): params: {json={}
12-09 07:41:18.109 I/System.out( 4927): }
12-09 07:41:18.138 I/System.out( 4927): URI: //ping
12-09 07:41:18.138 I/System.out( 4927): params: {json={}
12-09 07:41:18.138 I/System.out( 4927): }
12-09 07:41:18.204 I/System.out( 4927): URI: //ready
12-09 07:41:18.204 I/System.out( 4927): params: {json={}
12-09 07:41:18.204 I/System.out( 4927): }
12-09 07:41:18.303 I/System.out( 4927): URI: //
12-09 07:41:18.311 I/System.out( 4927): params: {json={"command":"version","arguments":[]}
12-09 07:41:18.311 I/System.out( 4927): }
12-09 07:41:18.311 I/System.out( 4927): header: {date=Sun, 09 Dec 2018 07:41:18 GMT, accept=*/*, content-length=36, host=127.0.0.1:34777, user-agent=HTTPClient/1.0 (2.8.3, ruby 2.3.1 (2016-04-26)), content-type=application/json;charset=utf-8}
12-09 07:41:18.311 I/System.out( 4927): params: {json={"command":"version","arguments":[]}
12-09 07:41:18.311 I/System.out( 4927): }
12-09 07:41:18.311 I/System.out( 4927): ProP json = {"command":"version","arguments":[]}
12-09 07:41:18.311 I/System.out( 4927): files: {}
12-09 07:41:18.312 I/System.out( 4927): command: {"command":"version","arguments":[]}
12-09 07:41:18.358 I/InstrumentationBackend( 4927): Got command:'Command:'Line:null,version', arguments:'[]'
12-09 07:41:18.657 I/System.out( 4927): result:{"bonusInformation":[],"message":"0.9.8","success":true}
12-09 07:41:18.935 I/System.out( 4927): URI: //start-application
12-09 07:41:18.943 I/System.out( 4927): params: {json={"intent":null}
12-09 07:41:18.943 I/System.out( 4927): }
12-09 07:41:19.191 I/art     ( 4927): Background sticky concurrent mark sweep GC freed 31372(1752KB) AllocSpace objects, 13(260KB) LOS objects, 64% free, 1368KB/3MB, paused 1.370ms total 860.727ms
12-09 07:41:19.258 I/ActivityManager( 1591): START u0 {act=android.intent.action.MAIN cat=[android.intent.category.LAUNCHER] flg=0x10200000 cmp=com.evancharlton.mileage/.Mileage} from uid 10117 on display 0
12-09 07:41:19.509 I/calabash( 4927): newActivity1
12-09 07:41:19.548 D/gralloc_ranchu( 1218): gralloc_alloc: Creating ashmem region of size 3686400
12-09 07:41:19.571 W/art     ( 1591): Long monitor contention event with owner method=void com.android.server.am.ActivityManagerService.activityPaused(android.os.IBinder) from ActivityManagerService.java:6439 waiters=1 for 183ms
12-09 07:41:19.652 I/calabash( 4927): newActivity1
12-09 07:41:19.654 W/ActivityManager( 1591): Bad activity token: android.os.BinderProxy@2b97d82
12-09 07:41:19.654 W/ActivityManager( 1591): java.lang.ClassCastException: android.os.BinderProxy cannot be cast to com.android.server.am.ActivityRecord$Token
12-09 07:41:19.654 W/ActivityManager( 1591): 	at com.android.server.am.ActivityRecord.forTokenLocked(ActivityRecord.java:424)
12-09 07:41:19.654 W/ActivityManager( 1591): 	at com.android.server.am.ActivityRecord.isInStackLocked(ActivityRecord.java:1121)
12-09 07:41:19.654 W/ActivityManager( 1591): 	at com.android.server.am.ActivityRecord.getStackLocked(ActivityRecord.java:1126)
12-09 07:41:19.654 W/ActivityManager( 1591): 	at com.android.server.am.ActivityManagerService.getActivityDisplayId(ActivityManagerService.java:8889)
12-09 07:41:19.654 W/ActivityManager( 1591): 	at android.app.ActivityManagerNative.onTransact(ActivityManagerNative.java:2338)
12-09 07:41:19.654 W/ActivityManager( 1591): 	at com.android.server.am.ActivityManagerService.onTransact(ActivityManagerService.java:2443)
12-09 07:41:19.654 W/ActivityManager( 1591): 	at android.os.Binder.execTransact(Binder.java:453)
12-09 07:41:19.705 W/ActivityManager( 1591): Bad activity token: android.os.BinderProxy@2b97d82
12-09 07:41:19.705 W/ActivityManager( 1591): java.lang.ClassCastException: android.os.BinderProxy cannot be cast to com.android.server.am.ActivityRecord$Token
12-09 07:41:19.705 W/ActivityManager( 1591): 	at com.android.server.am.ActivityRecord.forTokenLocked(ActivityRecord.java:424)
12-09 07:41:19.705 W/ActivityManager( 1591): 	at com.android.server.am.ActivityRecord.isInStackLocked(ActivityRecord.java:1121)
12-09 07:41:19.705 W/ActivityManager( 1591): 	at com.android.server.am.ActivityManagerService.setTaskDescription(ActivityManagerService.java:8547)
12-09 07:41:19.705 W/ActivityManager( 1591): 	at android.app.ActivityManagerNative.onTransact(ActivityManagerNative.java:2410)
12-09 07:41:19.705 W/ActivityManager( 1591): 	at com.android.server.am.ActivityManagerService.onTransact(ActivityManagerService.java:2443)
12-09 07:41:19.705 W/ActivityManager( 1591): 	at android.os.Binder.execTransact(Binder.java:453)
12-09 07:41:19.714 V/PhoneStatusBar( 1708): setLightsOn(true)
12-09 07:41:19.774 W/ActivityManager( 1591): Bad activity token: android.os.BinderProxy@2b97d82
12-09 07:41:19.774 W/ActivityManager( 1591): java.lang.ClassCastException: android.os.BinderProxy cannot be cast to com.android.server.am.ActivityRecord$Token
12-09 07:41:19.774 W/ActivityManager( 1591): 	at com.android.server.am.ActivityRecord.forTokenLocked(ActivityRecord.java:424)
12-09 07:41:19.774 W/ActivityManager( 1591): 	at com.android.server.am.ActivityRecord.isInStackLocked(ActivityRecord.java:1121)
12-09 07:41:19.774 W/ActivityManager( 1591): 	at com.android.server.am.ActivityManagerService.getActivityOptions(ActivityManagerService.java:11038)
12-09 07:41:19.774 W/ActivityManager( 1591): 	at android.app.ActivityManagerNative.onTransact(ActivityManagerNative.java:1734)
12-09 07:41:19.774 W/ActivityManager( 1591): 	at com.android.server.am.ActivityManagerService.onTransact(ActivityManagerService.java:2443)
12-09 07:41:19.774 W/ActivityManager( 1591): 	at android.os.Binder.execTransact(Binder.java:453)
12-09 07:41:19.796 D/EGL_emulation( 1934): eglMakeCurrent: 0x7fe2a92f4640: ver 2 0 (tinfo 0x7fe2a92c2c80)
12-09 07:41:19.799 W/ActivityManager( 1591): Bad activity token: android.os.BinderProxy@2b97d82
12-09 07:41:19.799 W/ActivityManager( 1591): java.lang.ClassCastException: android.os.BinderProxy cannot be cast to com.android.server.am.ActivityRecord$Token
12-09 07:41:19.799 W/ActivityManager( 1591): 	at com.android.server.am.ActivityRecord.forTokenLocked(ActivityRecord.java:424)
12-09 07:41:19.799 W/ActivityManager( 1591): 	at com.android.server.am.ActivityRecord.isInStackLocked(ActivityRecord.java:1121)
12-09 07:41:19.799 W/ActivityManager( 1591): 	at com.android.server.am.ActivityManagerService.getActivityOptions(ActivityManagerService.java:11038)
12-09 07:41:19.799 W/ActivityManager( 1591): 	at android.app.ActivityManagerNative.onTransact(ActivityManagerNative.java:1734)
12-09 07:41:19.799 W/ActivityManager( 1591): 	at com.android.server.am.ActivityManagerService.onTransact(ActivityManagerService.java:2443)
12-09 07:41:19.799 W/ActivityManager( 1591): 	at android.os.Binder.execTransact(Binder.java:453)
12-09 07:41:19.803 E/Surface ( 1934): getSlotFromBufferLocked: unknown buffer: 0x7fe2a58917e0
12-09 07:41:19.935 W/art     ( 1591): Long monitor contention event with owner method=void com.android.server.wm.WindowAnimator$1.doFrame(long) from WindowAnimator.java:121 waiters=0 for 220ms
12-09 07:41:20.644 W/art     ( 1591): Long monitor contention event with owner method=void com.android.server.wm.WindowAnimator$1.doFrame(long) from WindowAnimator.java:121 waiters=1 for 110ms
12-09 07:41:20.777 I/Choreographer( 4927): Skipped 32 frames!  The application may be doing too much work on its main thread.
12-09 07:41:20.787 D/gralloc_ranchu( 1218): gralloc_alloc: Creating ashmem region of size 3686400
12-09 07:41:20.932 D/        ( 4927): HostConnection::get() New Host Connection established 0x7fe2a58fd580, tid 4927
12-09 07:41:20.992 I/ActivityManager( 1591): Displayed com.evancharlton.mileage/.Mileage: +1s621ms
12-09 07:41:21.018 D/gralloc_ranchu( 1218): gralloc_alloc: Creating ashmem region of size 3686400
12-09 07:41:21.474 W/art     ( 1591): Long monitor contention event with owner method=void com.android.server.wm.WindowAnimator$1.doFrame(long) from WindowAnimator.java:121 waiters=1 for 159ms
12-09 07:41:21.960 D/gralloc_ranchu( 1218): gralloc_alloc: Creating ashmem region of size 3686400
12-09 07:41:23.192 I/System.out( 4927): URI: //map
12-09 07:41:23.192 I/System.out( 4927): params: {json={"query":"android.widget.EditText id:'price'","operation":{"method_name":"query","arguments":[]}}
12-09 07:41:23.192 I/System.out( 4927): }
12-09 07:41:23.270 W/ResourceType( 4927): No package identifier when getting name for resource number 0x00000001
12-09 07:41:23.404 I/art     ( 4927): Background sticky concurrent mark sweep GC freed 37543(1785KB) AllocSpace objects, 1(20KB) LOS objects, 27% free, 2MB/3MB, paused 1.203ms total 108.315ms
12-09 07:41:23.459 I/System.out( 4927): URI: //gesture
12-09 07:41:23.469 I/System.out( 4927): params: {json={"query_timeout":5.0,"gestures":[{"query_string":"android.widget.EditText id:'price'","touches":[{"x":50,"y":50,"offset_x":0,"offset_y":0,"wait":0.0,"time":0.2,"release":true,"query_string":null}]}]}
12-09 07:41:23.475 I/System.out( 4927): }
12-09 07:41:23.508 W/ResourceType( 4927): No package identifier when getting name for resource number 0x00000001
12-09 07:41:24.007 I/LatinIME( 1878): Starting input. Cursor position = 0,0
12-09 07:41:24.197 I/art     ( 4927): Background sticky concurrent mark sweep GC freed 40251(1727KB) AllocSpace objects, 1(20KB) LOS objects, 30% free, 2MB/3MB, paused 4.254ms total 158.719ms
12-09 07:41:24.520 D/EGL_emulation( 1878): eglMakeCurrent: 0x7fe29d789dc0: ver 2 0 (tinfo 0x7fe2a51f6620)
12-09 07:41:24.771 I/System.out( 4927): URI: //
12-09 07:41:24.820 I/System.out( 4927): params: {json={"command":"set_selection","arguments":[-1,-1]}
12-09 07:41:24.820 I/System.out( 4927): }
12-09 07:41:24.820 I/System.out( 4927): header: {date=Sun, 09 Dec 2018 07:41:25 GMT, accept=*/*, content-length=47, host=127.0.0.1:34777, user-agent=HTTPClient/1.0 (2.8.3, ruby 2.3.1 (2016-04-26)), content-type=application/json;charset=utf-8}
12-09 07:41:24.820 I/System.out( 4927): params: {json={"command":"set_selection","arguments":[-1,-1]}
12-09 07:41:24.820 I/System.out( 4927): }
12-09 07:41:24.820 I/System.out( 4927): ProP json = {"command":"set_selection","arguments":[-1,-1]}
12-09 07:41:24.820 I/System.out( 4927): files: {}
12-09 07:41:24.820 I/System.out( 4927): command: {"command":"set_selection","arguments":[-1,-1]}
12-09 07:41:24.821 I/InstrumentationBackend( 4927): Got command:'Command:'Line:null,set_selection', arguments:'[-1, -1]'
12-09 07:41:24.884 I/System.out( 4927): result:{"bonusInformation":[],"message":"","success":true}
12-09 07:41:25.092 I/System.out( 4927): URI: //
12-09 07:41:25.093 I/System.out( 4927): params: {json={"command":"keyboard_enter_text","arguments":["23"]}
12-09 07:41:25.093 I/System.out( 4927): }
12-09 07:41:25.093 I/System.out( 4927): header: {date=Sun, 09 Dec 2018 07:41:25 GMT, accept=*/*, content-length=52, host=127.0.0.1:34777, user-agent=HTTPClient/1.0 (2.8.3, ruby 2.3.1 (2016-04-26)), content-type=application/json;charset=utf-8}
12-09 07:41:25.093 I/System.out( 4927): params: {json={"command":"keyboard_enter_text","arguments":["23"]}
12-09 07:41:25.093 I/System.out( 4927): }
12-09 07:41:25.093 I/System.out( 4927): ProP json = {"command":"keyboard_enter_text","arguments":["23"]}
12-09 07:41:25.093 I/System.out( 4927): files: {}
12-09 07:41:25.093 I/System.out( 4927): command: {"command":"keyboard_enter_text","arguments":["23"]}
12-09 07:41:25.094 I/InstrumentationBackend( 4927): Got command:'Command:'Line:null,keyboard_enter_text', arguments:'[23]'
12-09 07:41:25.205 I/art     ( 4927): Background partial concurrent mark sweep GC freed 21521(1169KB) AllocSpace objects, 7(140KB) LOS objects, 39% free, 2MB/3MB, paused 1.642ms total 102.929ms
12-09 07:41:25.235 E/SpannableStringBuilder( 4927): SPAN_EXCLUSIVE_EXCLUSIVE spans cannot have a zero length
12-09 07:41:25.235 E/SpannableStringBuilder( 4927): SPAN_EXCLUSIVE_EXCLUSIVE spans cannot have a zero length
12-09 07:41:25.461 E/SpannableStringBuilder( 4927): SPAN_EXCLUSIVE_EXCLUSIVE spans cannot have a zero length
12-09 07:41:25.461 E/SpannableStringBuilder( 4927): SPAN_EXCLUSIVE_EXCLUSIVE spans cannot have a zero length
12-09 07:41:25.498 I/System.out( 4927): result:{"bonusInformation":[],"message":"","success":true}
12-09 07:41:26.110 E/SurfaceFlinger( 1218): ro.sf.lcd_density must be defined as a build property
12-09 07:41:26.218 D/gralloc_ranchu( 1218): gralloc_alloc: Creating ashmem region of size 3686400
12-09 07:41:26.231 D/        ( 4959): HostConnection::get() New Host Connection established 0x7f47c09d2480, tid 4959
12-09 07:41:26.328 E/EGL_emulation( 1218): tid 1218: eglCreateSyncKHR(1881): error 0x3004 (EGL_BAD_ATTRIBUTE)
12-09 07:41:27.150 I/System.out( 4927): URI: //map
12-09 07:41:27.155 I/System.out( 4927): params: {json={"query":"android.widget.EditText id:'volume'","operation":{"method_name":"query","arguments":[]}}
12-09 07:41:27.155 I/System.out( 4927): }
12-09 07:41:27.170 W/ResourceType( 4927): No package identifier when getting name for resource number 0x00000001
12-09 07:41:27.364 I/System.out( 4927): URI: //gesture
12-09 07:41:27.364 I/System.out( 4927): params: {json={"query_timeout":5.0,"gestures":[{"query_string":"android.widget.EditText id:'volume'","touches":[{"x":50,"y":50,"offset_x":0,"offset_y":0,"wait":0.0,"time":0.2,"release":true,"query_string":null}]}]}
12-09 07:41:27.364 I/System.out( 4927): }
12-09 07:41:27.381 W/ResourceType( 4927): No package identifier when getting name for resource number 0x00000001
12-09 07:41:27.389 I/art     ( 4927): Background sticky concurrent mark sweep GC freed 56858(2MB) AllocSpace objects, 3(60KB) LOS objects, 16% free, 2MB/3MB, paused 13.025ms total 214.300ms
12-09 07:41:27.803 I/LatinIME( 1878): Starting input. Cursor position = 0,0
12-09 07:41:28.371 I/System.out( 4927): URI: //
12-09 07:41:28.371 I/System.out( 4927): params: {json={"command":"set_selection","arguments":[-1,-1]}
12-09 07:41:28.371 I/System.out( 4927): }
12-09 07:41:28.371 I/System.out( 4927): header: {date=Sun, 09 Dec 2018 07:41:28 GMT, accept=*/*, content-length=47, host=127.0.0.1:34777, user-agent=HTTPClient/1.0 (2.8.3, ruby 2.3.1 (2016-04-26)), content-type=application/json;charset=utf-8}
12-09 07:41:28.371 I/System.out( 4927): params: {json={"command":"set_selection","arguments":[-1,-1]}
12-09 07:41:28.371 I/System.out( 4927): }
12-09 07:41:28.371 I/System.out( 4927): ProP json = {"command":"set_selection","arguments":[-1,-1]}
12-09 07:41:28.371 I/System.out( 4927): files: {}
12-09 07:41:28.371 I/System.out( 4927): command: {"command":"set_selection","arguments":[-1,-1]}
12-09 07:41:28.373 I/InstrumentationBackend( 4927): Got command:'Command:'Line:null,set_selection', arguments:'[-1, -1]'
12-09 07:41:28.398 I/System.out( 4927): result:{"bonusInformation":[],"message":"","success":true}
12-09 07:41:28.564 I/System.out( 4927): URI: //
12-09 07:41:28.564 I/System.out( 4927): params: {json={"command":"keyboard_enter_text","arguments":["49"]}
12-09 07:41:28.564 I/System.out( 4927): }
12-09 07:41:28.564 I/System.out( 4927): header: {date=Sun, 09 Dec 2018 07:41:29 GMT, accept=*/*, content-length=52, host=127.0.0.1:34777, user-agent=HTTPClient/1.0 (2.8.3, ruby 2.3.1 (2016-04-26)), content-type=application/json;charset=utf-8}
12-09 07:41:28.564 I/System.out( 4927): params: {json={"command":"keyboard_enter_text","arguments":["49"]}
12-09 07:41:28.564 I/System.out( 4927): }
12-09 07:41:28.564 I/System.out( 4927): ProP json = {"command":"keyboard_enter_text","arguments":["49"]}
12-09 07:41:28.564 I/System.out( 4927): files: {}
12-09 07:41:28.564 I/System.out( 4927): command: {"command":"keyboard_enter_text","arguments":["49"]}
12-09 07:41:28.566 I/InstrumentationBackend( 4927): Got command:'Command:'Line:null,keyboard_enter_text', arguments:'[49]'
12-09 07:41:28.579 E/SpannableStringBuilder( 4927): SPAN_EXCLUSIVE_EXCLUSIVE spans cannot have a zero length
12-09 07:41:28.579 E/SpannableStringBuilder( 4927): SPAN_EXCLUSIVE_EXCLUSIVE spans cannot have a zero length
12-09 07:41:28.596 E/SpannableStringBuilder( 4927): SPAN_EXCLUSIVE_EXCLUSIVE spans cannot have a zero length
12-09 07:41:28.596 E/SpannableStringBuilder( 4927): SPAN_EXCLUSIVE_EXCLUSIVE spans cannot have a zero length
12-09 07:41:28.607 I/art     ( 1878): Background sticky concurrent mark sweep GC freed 2546(299KB) AllocSpace objects, 2(56KB) LOS objects, 18% free, 2MB/2MB, paused 7.082ms total 19.267ms
12-09 07:41:28.609 I/System.out( 4927): result:{"bonusInformation":[],"message":"","success":true}
12-09 07:41:29.188 E/SurfaceFlinger( 1218): ro.sf.lcd_density must be defined as a build property
12-09 07:41:29.243 D/gralloc_ranchu( 1218): gralloc_alloc: Creating ashmem region of size 3686400
12-09 07:41:29.297 D/        ( 4969): HostConnection::get() New Host Connection established 0x7f301dfd2480, tid 4969
12-09 07:41:29.314 E/EGL_emulation( 1218): tid 1218: eglCreateSyncKHR(1881): error 0x3004 (EGL_BAD_ATTRIBUTE)
12-09 07:41:30.249 I/System.out( 4927): URI: //map
12-09 07:41:30.249 I/System.out( 4927): params: {json={"query":"android.widget.EditText id:'odometer'","operation":{"method_name":"query","arguments":[]}}
12-09 07:41:30.249 I/System.out( 4927): }
12-09 07:41:30.335 W/ResourceType( 4927): No package identifier when getting name for resource number 0x00000001
12-09 07:41:30.444 I/System.out( 4927): URI: //gesture
12-09 07:41:30.444 I/System.out( 4927): params: {json={"query_timeout":5.0,"gestures":[{"query_string":"android.widget.EditText id:'odometer'","touches":[{"x":50,"y":50,"offset_x":0,"offset_y":0,"wait":0.0,"time":0.2,"release":true,"query_string":null}]}]}
12-09 07:41:30.444 I/System.out( 4927): }
12-09 07:41:30.463 W/ResourceType( 4927): No package identifier when getting name for resource number 0x00000001
12-09 07:41:30.931 I/LatinIME( 1878): Starting input. Cursor position = 0,0
12-09 07:41:31.090 I/art     ( 4927): Background sticky concurrent mark sweep GC freed 40470(1755KB) AllocSpace objects, 2(40KB) LOS objects, 22% free, 2MB/3MB, paused 1.262ms total 186.174ms
12-09 07:41:31.657 I/System.out( 4927): URI: //
12-09 07:41:31.657 I/System.out( 4927): params: {json={"command":"set_selection","arguments":[-1,-1]}
12-09 07:41:31.657 I/System.out( 4927): }
12-09 07:41:31.657 I/System.out( 4927): header: {date=Sun, 09 Dec 2018 07:41:32 GMT, accept=*/*, content-length=47, host=127.0.0.1:34777, user-agent=HTTPClient/1.0 (2.8.3, ruby 2.3.1 (2016-04-26)), content-type=application/json;charset=utf-8}
12-09 07:41:31.657 I/System.out( 4927): params: {json={"command":"set_selection","arguments":[-1,-1]}
12-09 07:41:31.657 I/System.out( 4927): }
12-09 07:41:31.657 I/System.out( 4927): ProP json = {"command":"set_selection","arguments":[-1,-1]}
12-09 07:41:31.657 I/System.out( 4927): files: {}
12-09 07:41:31.657 I/System.out( 4927): command: {"command":"set_selection","arguments":[-1,-1]}
12-09 07:41:31.658 I/InstrumentationBackend( 4927): Got command:'Command:'Line:null,set_selection', arguments:'[-1, -1]'
12-09 07:41:31.694 I/System.out( 4927): result:{"bonusInformation":[],"message":"","success":true}
12-09 07:41:31.921 I/System.out( 4927): URI: //
12-09 07:41:31.921 I/System.out( 4927): params: {json={"command":"keyboard_enter_text","arguments":["12"]}
12-09 07:41:31.921 I/System.out( 4927): }
12-09 07:41:31.921 I/System.out( 4927): header: {date=Sun, 09 Dec 2018 07:41:32 GMT, accept=*/*, content-length=52, host=127.0.0.1:34777, user-agent=HTTPClient/1.0 (2.8.3, ruby 2.3.1 (2016-04-26)), content-type=application/json;charset=utf-8}
12-09 07:41:31.922 I/System.out( 4927): params: {json={"command":"keyboard_enter_text","arguments":["12"]}
12-09 07:41:31.922 I/System.out( 4927): }
12-09 07:41:31.922 I/System.out( 4927): ProP json = {"command":"keyboard_enter_text","arguments":["12"]}
12-09 07:41:31.922 I/System.out( 4927): files: {}
12-09 07:41:31.922 I/System.out( 4927): command: {"command":"keyboard_enter_text","arguments":["12"]}
12-09 07:41:31.923 I/InstrumentationBackend( 4927): Got command:'Command:'Line:null,keyboard_enter_text', arguments:'[12]'
12-09 07:41:32.036 E/SpannableStringBuilder( 4927): SPAN_EXCLUSIVE_EXCLUSIVE spans cannot have a zero length
12-09 07:41:32.036 E/SpannableStringBuilder( 4927): SPAN_EXCLUSIVE_EXCLUSIVE spans cannot have a zero length
12-09 07:41:32.038 E/SpannableStringBuilder( 4927): SPAN_EXCLUSIVE_EXCLUSIVE spans cannot have a zero length
12-09 07:41:32.038 E/SpannableStringBuilder( 4927): SPAN_EXCLUSIVE_EXCLUSIVE spans cannot have a zero length
12-09 07:41:32.061 I/System.out( 4927): result:{"bonusInformation":[],"message":"","success":true}
12-09 07:41:32.524 E/SurfaceFlinger( 1218): ro.sf.lcd_density must be defined as a build property
12-09 07:41:32.525 D/gralloc_ranchu( 1218): gralloc_alloc: Creating ashmem region of size 3686400
12-09 07:41:32.539 D/        ( 4979): HostConnection::get() New Host Connection established 0x7fb20a612480, tid 4979
12-09 07:41:32.580 E/EGL_emulation( 1218): tid 1218: eglCreateSyncKHR(1881): error 0x3004 (EGL_BAD_ATTRIBUTE)
12-09 07:41:34.655 I/System.out( 4927): URI: //map
12-09 07:41:34.655 I/System.out( 4927): params: {json={"query":"android.widget.Button index:2","operation":{"method_name":"query","arguments":[]}}
12-09 07:41:34.656 I/System.out( 4927): }
12-09 07:41:34.834 I/art     ( 4927): Background sticky concurrent mark sweep GC freed 25702(1164KB) AllocSpace objects, 5(100KB) LOS objects, 0% free, 3MB/3MB, paused 1.189ms total 151.698ms
12-09 07:41:34.931 I/System.out( 4927): URI: //gesture
12-09 07:41:34.931 I/System.out( 4927): params: {json={"query_timeout":5.0,"gestures":[{"query_string":"android.widget.Button index:2","touches":[{"x":50,"y":50,"offset_x":0,"offset_y":0,"wait":0.0,"time":0.2,"release":true,"query_string":null}]}]}
12-09 07:41:34.931 I/System.out( 4927): }
12-09 07:41:35.355 W/audio_hw_generic( 1307): Hardware backing HAL too slow, could only write 0 of 661 frames
12-09 07:41:35.379 W/audio_hw_generic( 1307): Hardware backing HAL too slow, could only write 0 of 661 frames
12-09 07:41:35.407 W/audio_hw_generic( 1307): Hardware backing HAL too slow, could only write 0 of 661 frames
12-09 07:41:35.410 I/art     ( 4927): Background sticky concurrent mark sweep GC freed 45034(1892KB) AllocSpace objects, 1(20KB) LOS objects, 34% free, 2MB/3MB, paused 9.502ms total 92.087ms
12-09 07:41:35.419 W/audio_hw_generic( 1307): Hardware backing HAL too slow, could only write 0 of 661 frames
12-09 07:41:35.431 W/audio_hw_generic( 1307): Hardware backing HAL too slow, could only write 0 of 661 frames
12-09 07:41:35.451 W/audio_hw_generic( 1307): Hardware backing HAL too slow, could only write 0 of 661 frames
12-09 07:41:35.466 W/audio_hw_generic( 1307): Hardware backing HAL too slow, could only write 0 of 661 frames
12-09 07:41:35.480 W/audio_hw_generic( 1307): Hardware backing HAL too slow, could only write 0 of 661 frames
12-09 07:41:35.711 W/audio_hw_generic( 1307): Hardware backing HAL too slow, could only write 0 of 661 frames
12-09 07:41:35.726 W/audio_hw_generic( 1307): Hardware backing HAL too slow, could only write 0 of 661 frames
12-09 07:41:35.753 W/audio_hw_generic( 1307): Hardware backing HAL too slow, could only write 0 of 661 frames
12-09 07:41:35.790 W/audio_hw_generic( 1307): Hardware backing HAL too slow, could only write 0 of 661 frames
12-09 07:41:35.790 W/audio_hw_generic( 1307): Not supplying enough data to HAL, expected position 4794264 , only wrote 4794233
12-09 07:41:35.791 W/audio_hw_generic( 1307): Not supplying enough data to HAL, expected position 4794240 , only wrote 4794233
12-09 07:41:35.791 W/audio_hw_generic( 1307): Hardware backing HAL too slow, could only write 0 of 661 frames
12-09 07:41:35.807 W/audio_hw_generic( 1307): Not supplying enough data to HAL, expected position 4794965 , only wrote 4794894
12-09 07:41:35.807 W/audio_hw_generic( 1307): Hardware backing HAL too slow, could only write 0 of 661 frames
12-09 07:41:35.827 W/audio_hw_generic( 1307): Hardware backing HAL too slow, could only write 0 of 661 frames
12-09 07:41:35.842 W/audio_hw_generic( 1307): Hardware backing HAL too slow, could only write 0 of 661 frames
12-09 07:41:35.874 I/calabash( 4927): newActivity1
12-09 07:41:35.878 W/ActivityManager( 1591): Bad activity token: android.os.BinderProxy@f3e3e2c
12-09 07:41:35.878 W/ActivityManager( 1591): java.lang.ClassCastException: android.os.BinderProxy cannot be cast to com.android.server.am.ActivityRecord$Token
12-09 07:41:35.878 W/ActivityManager( 1591): 	at com.android.server.am.ActivityRecord.forTokenLocked(ActivityRecord.java:424)
12-09 07:41:35.878 W/ActivityManager( 1591): 	at com.android.server.am.ActivityRecord.isInStackLocked(ActivityRecord.java:1121)
12-09 07:41:35.878 W/ActivityManager( 1591): 	at com.android.server.am.ActivityRecord.getStackLocked(ActivityRecord.java:1126)
12-09 07:41:35.878 W/ActivityManager( 1591): 	at com.android.server.am.ActivityManagerService.getActivityDisplayId(ActivityManagerService.java:8889)
12-09 07:41:35.878 W/ActivityManager( 1591): 	at android.app.ActivityManagerNative.onTransact(ActivityManagerNative.java:2338)
12-09 07:41:35.878 W/ActivityManager( 1591): 	at com.android.server.am.ActivityManagerService.onTransact(ActivityManagerService.java:2443)
12-09 07:41:35.878 W/ActivityManager( 1591): 	at android.os.Binder.execTransact(Binder.java:453)
12-09 07:41:35.879 W/ActivityManager( 1591): Bad activity token: android.os.BinderProxy@f3e3e2c
12-09 07:41:35.879 W/ActivityManager( 1591): java.lang.ClassCastException: android.os.BinderProxy cannot be cast to com.android.server.am.ActivityRecord$Token
12-09 07:41:35.879 W/ActivityManager( 1591): 	at com.android.server.am.ActivityRecord.forTokenLocked(ActivityRecord.java:424)
12-09 07:41:35.879 W/ActivityManager( 1591): 	at com.android.server.am.ActivityRecord.isInStackLocked(ActivityRecord.java:1121)
12-09 07:41:35.879 W/ActivityManager( 1591): 	at com.android.server.am.ActivityManagerService.setTaskDescription(ActivityManagerService.java:8547)
12-09 07:41:35.879 W/ActivityManager( 1591): 	at android.app.ActivityManagerNative.onTransact(ActivityManagerNative.java:2410)
12-09 07:41:35.879 W/ActivityManager( 1591): 	at com.android.server.am.ActivityManagerService.onTransact(ActivityManagerService.java:2443)
12-09 07:41:35.879 W/ActivityManager( 1591): 	at android.os.Binder.execTransact(Binder.java:453)
12-09 07:41:35.891 E/SurfaceFlinger( 1218): ro.sf.lcd_density must be defined as a build property
12-09 07:41:35.892 D/gralloc_ranchu( 1218): gralloc_alloc: Creating ashmem region of size 3686400
12-09 07:41:35.909 W/ActivityManager( 1591): Bad activity token: android.os.BinderProxy@f3e3e2c
12-09 07:41:35.909 W/ActivityManager( 1591): java.lang.ClassCastException: android.os.BinderProxy cannot be cast to com.android.server.am.ActivityRecord$Token
12-09 07:41:35.909 W/ActivityManager( 1591): 	at com.android.server.am.ActivityRecord.forTokenLocked(ActivityRecord.java:424)
12-09 07:41:35.909 W/ActivityManager( 1591): 	at com.android.server.am.ActivityRecord.isInStackLocked(ActivityRecord.java:1121)
12-09 07:41:35.909 W/ActivityManager( 1591): 	at com.android.server.am.ActivityManagerService.getActivityOptions(ActivityManagerService.java:11038)
12-09 07:41:35.909 W/ActivityManager( 1591): 	at android.app.ActivityManagerNative.onTransact(ActivityManagerNative.java:1734)
12-09 07:41:35.909 W/ActivityManager( 1591): 	at com.android.server.am.ActivityManagerService.onTransact(ActivityManagerService.java:2443)
12-09 07:41:35.909 W/ActivityManager( 1591): 	at android.os.Binder.execTransact(Binder.java:453)
12-09 07:41:35.909 W/ActivityManager( 1591): Bad activity token: android.os.BinderProxy@f3e3e2c
12-09 07:41:35.909 W/ActivityManager( 1591): java.lang.ClassCastException: android.os.BinderProxy cannot be cast to com.android.server.am.ActivityRecord$Token
12-09 07:41:35.909 W/ActivityManager( 1591): 	at com.android.server.am.ActivityRecord.forTokenLocked(ActivityRecord.java:424)
12-09 07:41:35.909 W/ActivityManager( 1591): 	at com.android.server.am.ActivityRecord.isInStackLocked(ActivityRecord.java:1121)
12-09 07:41:35.909 W/ActivityManager( 1591): 	at com.android.server.am.ActivityManagerService.getActivityOptions(ActivityManagerService.java:11038)
12-09 07:41:35.909 W/ActivityManager( 1591): 	at android.app.ActivityManagerNative.onTransact(ActivityManagerNative.java:1734)
12-09 07:41:35.909 W/ActivityManager( 1591): 	at com.android.server.am.ActivityManagerService.onTransact(ActivityManagerService.java:2443)
12-09 07:41:35.909 W/ActivityManager( 1591): 	at android.os.Binder.execTransact(Binder.java:453)
12-09 07:41:35.938 I/Choreographer( 4927): Skipped 37 frames!  The application may be doing too much work on its main thread.
12-09 07:41:35.944 D/        ( 4985): HostConnection::get() New Host Connection established 0x7fa116552480, tid 4985
12-09 07:41:35.956 I/LatinIME( 1878): Starting input. Cursor position = -1,-1
12-09 07:41:35.972 E/EGL_emulation( 1218): tid 1218: eglCreateSyncKHR(1881): error 0x3004 (EGL_BAD_ATTRIBUTE)
12-09 07:41:36.076 W/audio_hw_generic( 1307): Not supplying enough data to HAL, expected position 4806734 , only wrote 4806131
12-09 07:41:36.076 W/audio_hw_generic( 1307): Not supplying enough data to HAL, expected position 4806138 , only wrote 4806131
12-09 07:41:36.099 W/audio_hw_generic( 1307): Not supplying enough data to HAL, expected position 4807143 , only wrote 4806792
12-09 07:41:36.173 D/Mileage ( 4927): Not enough fillups to calculate economy
12-09 07:41:36.186 D/Mileage.ABS( 4927): Finished backup
12-09 07:41:36.193 D/Mileage.ABS( 4927): Not backing up; 39
12-09 07:41:36.193 D/Mileage.ABS( 4927): Not backing up; 39
12-09 07:41:36.292 W/audio_hw_generic( 1307): Not supplying enough data to HAL, expected position 4815322 , only wrote 4814724
12-09 07:41:36.488 W/audio_hw_generic( 1307): Not supplying enough data to HAL, expected position 4823333 , only wrote 4823317
12-09 07:41:36.488 W/audio_hw_generic( 1307): Not supplying enough data to HAL, expected position 4823328 , only wrote 4823317
12-09 07:41:36.508 W/audio_hw_generic( 1307): Not supplying enough data to HAL, expected position 4824187 , only wrote 4823978
12-09 07:41:36.780 W/audio_hw_generic( 1307): Not supplying enough data to HAL, expected position 4835997 , only wrote 4835215
12-09 07:41:36.780 W/audio_hw_generic( 1307): Not supplying enough data to HAL, expected position 4835221 , only wrote 4835215
12-09 07:41:36.784 I/InputAttributes( 1878): InputType.TYPE_NULL is specified
12-09 07:41:36.800 W/audio_hw_generic( 1307): Not supplying enough data to HAL, expected position 4836067 , only wrote 4835876
12-09 07:41:36.876 I/System.out( 4927): URI: //gesture
12-09 07:41:36.876 I/System.out( 4927): params: {json={"query_timeout":5.0,"gestures":[{"query_string":"android.widget.TabWidget descendant TextView index:0","touches":[{"x":50,"y":50,"offset_x":0,"offset_y":0,"wait":0.0,"time":0.2,"release":true,"query_string":null}]}]}
12-09 07:41:36.876 I/System.out( 4927): }
12-09 07:41:36.929 I/Choreographer( 1878): Skipped 58 frames!  The application may be doing too much work on its main thread.
12-09 07:41:36.947 I/art     ( 4927): Background partial concurrent mark sweep GC freed 17435(1061KB) AllocSpace objects, 5(100KB) LOS objects, 39% free, 2MB/4MB, paused 13.453ms total 59.845ms
12-09 07:41:36.986 W/audio_hw_generic( 1307): Hardware backing HAL too slow, could only write 0 of 661 frames
12-09 07:41:36.986 D/EGL_emulation( 1878): eglMakeCurrent: 0x7fe29d789dc0: ver 2 0 (tinfo 0x7fe2a51f6620)
12-09 07:41:36.988 W/CursorWrapperInner( 4927): Cursor finalized without prior close()
12-09 07:41:37.011 W/audio_hw_generic( 1307): Hardware backing HAL too slow, could only write 0 of 661 frames
12-09 07:41:37.012 E/Surface ( 1878): getSlotFromBufferLocked: unknown buffer: 0x7fe29d78a9a0
12-09 07:41:37.112 W/audio_hw_generic( 1307): Not supplying enough data to HAL, expected position 4849656 , only wrote 4848435
12-09 07:41:37.112 W/audio_hw_generic( 1307): Not supplying enough data to HAL, expected position 4848442 , only wrote 4848435
12-09 07:41:37.131 W/audio_hw_generic( 1307): Not supplying enough data to HAL, expected position 4849275 , only wrote 4849096
12-09 07:41:37.274 W/audio_hw_generic( 1307): Not supplying enough data to HAL, expected position 4855375 , only wrote 4851740
12-09 07:41:37.274 W/audio_hw_generic( 1307): Not supplying enough data to HAL, expected position 4851747 , only wrote 4851740
12-09 07:41:37.291 W/audio_hw_generic( 1307): Not supplying enough data to HAL, expected position 4852492 , only wrote 4852401
12-09 07:41:37.291 W/audio_hw_generic( 1307): Not supplying enough data to HAL, expected position 4852407 , only wrote 4852401
12-09 07:41:37.315 W/audio_hw_generic( 1307): Not supplying enough data to HAL, expected position 4853454 , only wrote 4853062
12-09 07:41:37.339 W/audio_hw_generic( 1307): Hardware backing HAL too slow, could only write 0 of 661 frames
12-09 07:41:37.368 W/audio_hw_generic( 1307): Hardware backing HAL too slow, could only write 0 of 661 frames
12-09 07:41:37.384 W/audio_hw_generic( 1307): Hardware backing HAL too slow, could only write 0 of 661 frames
12-09 07:41:37.603 W/art     ( 1591): Long monitor contention event with owner method=void com.android.server.wm.WindowAnimator$1.doFrame(long) from WindowAnimator.java:121 waiters=0 for 144ms
12-09 07:41:37.876 W/audio_hw_generic( 1307): Not supplying enough data to HAL, expected position 4877814 , only wrote 4877519
12-09 07:41:37.876 W/audio_hw_generic( 1307): Not supplying enough data to HAL, expected position 4877527 , only wrote 4877519
