12-09 07:56:07.552 W/audio_hw_generic( 1307): Hardware backing HAL too slow, could only write 0 of 661 frames
12-09 07:56:07.666 I/LatinIME( 1852): Starting input. Cursor position = 0,0
12-09 07:56:07.826 I/art     ( 8817): Background sticky concurrent mark sweep GC freed 51148(2MB) AllocSpace objects, 3(60KB) LOS objects, 30% free, 2MB/3MB, paused 1.995ms total 139.450ms
12-09 07:56:07.973 W/audio_hw_generic( 1307): Not supplying enough data to HAL, expected position 16616472 , only wrote 16616218
12-09 07:56:07.973 W/audio_hw_generic( 1307): Not supplying enough data to HAL, expected position 16616224 , only wrote 16616218
12-09 07:56:07.990 W/audio_hw_generic( 1307): Not supplying enough data to HAL, expected position 16616955 , only wrote 16616879
12-09 07:56:08.005 W/audio_hw_generic( 1307): Not supplying enough data to HAL, expected position 16617544 , only wrote 16617540
12-09 07:56:08.005 W/audio_hw_generic( 1307): Not supplying enough data to HAL, expected position 16617546 , only wrote 16617540
12-09 07:56:08.007 D/EGL_emulation( 1852): eglMakeCurrent: 0x7f8c5e660400: ver 2 0 (tinfo 0x7f8c5e65b7e0)
12-09 07:56:08.022 W/audio_hw_generic( 1307): Not supplying enough data to HAL, expected position 16618269 , only wrote 16618201
12-09 07:56:08.089 W/audio_hw_generic( 1307): Not supplying enough data to HAL, expected position 16621175 , only wrote 16620845
12-09 07:56:08.089 W/audio_hw_generic( 1307): Not supplying enough data to HAL, expected position 16620851 , only wrote 16620845
12-09 07:56:08.169 W/audio_hw_generic( 1307): Not supplying enough data to HAL, expected position 16624351 , only wrote 16621506
12-09 07:56:08.184 W/audio_hw_generic( 1307): Hardware backing HAL too slow, could only write 0 of 661 frames
12-09 07:56:08.206 W/audio_hw_generic( 1307): Hardware backing HAL too slow, could only write 0 of 661 frames
12-09 07:56:08.232 W/audio_hw_generic( 1307): Hardware backing HAL too slow, could only write 0 of 661 frames
12-09 07:56:08.252 W/audio_hw_generic( 1307): Hardware backing HAL too slow, could only write 0 of 661 frames
12-09 07:56:08.335 I/System.out( 8817): URI: //
12-09 07:56:08.335 I/System.out( 8817): params: {json={"command":"set_selection","arguments":[-1,-1]}
12-09 07:56:08.335 I/System.out( 8817): }
12-09 07:56:08.335 I/System.out( 8817): header: {date=Sun, 09 Dec 2018 07:56:08 GMT, accept=*/*, content-length=47, host=127.0.0.1:34777, user-agent=HTTPClient/1.0 (2.8.3, ruby 2.3.1 (2016-04-26)), content-type=application/json;charset=utf-8}
12-09 07:56:08.335 I/System.out( 8817): params: {json={"command":"set_selection","arguments":[-1,-1]}
12-09 07:56:08.335 I/System.out( 8817): }
12-09 07:56:08.335 I/System.out( 8817): ProP json = {"command":"set_selection","arguments":[-1,-1]}
12-09 07:56:08.336 I/System.out( 8817): files: {}
12-09 07:56:08.336 I/System.out( 8817): command: {"command":"set_selection","arguments":[-1,-1]}
12-09 07:56:08.348 I/InstrumentationBackend( 8817): Got command:'Command:'Line:null,set_selection', arguments:'[-1, -1]'
12-09 07:56:08.365 I/System.out( 8817): result:{"bonusInformation":[],"message":"","success":true}
12-09 07:56:08.431 W/audio_hw_generic( 1307): Not supplying enough data to HAL, expected position 16633089 , only wrote 16632743
12-09 07:56:08.670 I/System.out( 8817): URI: //
12-09 07:56:08.670 I/System.out( 8817): params: {json={"command":"keyboard_enter_text","arguments":["97123743947239847210"]}
12-09 07:56:08.670 I/System.out( 8817): }
12-09 07:56:08.670 I/System.out( 8817): header: {date=Sun, 09 Dec 2018 07:56:08 GMT, accept=*/*, content-length=70, host=127.0.0.1:34777, user-agent=HTTPClient/1.0 (2.8.3, ruby 2.3.1 (2016-04-26)), content-type=application/json;charset=utf-8}
12-09 07:56:08.670 I/System.out( 8817): params: {json={"command":"keyboard_enter_text","arguments":["97123743947239847210"]}
12-09 07:56:08.670 I/System.out( 8817): }
12-09 07:56:08.670 I/System.out( 8817): ProP json = {"command":"keyboard_enter_text","arguments":["97123743947239847210"]}
12-09 07:56:08.670 I/System.out( 8817): files: {}
12-09 07:56:08.670 I/System.out( 8817): command: {"command":"keyboard_enter_text","arguments":["97123743947239847210"]}
12-09 07:56:08.671 I/InstrumentationBackend( 8817): Got command:'Command:'Line:null,keyboard_enter_text', arguments:'[97123743947239847210]'
12-09 07:56:08.696 E/SpannableStringBuilder( 8817): SPAN_EXCLUSIVE_EXCLUSIVE spans cannot have a zero length
12-09 07:56:08.696 E/SpannableStringBuilder( 8817): SPAN_EXCLUSIVE_EXCLUSIVE spans cannot have a zero length
12-09 07:56:08.882 E/SpannableStringBuilder( 8817): SPAN_EXCLUSIVE_EXCLUSIVE spans cannot have a zero length
12-09 07:56:08.882 E/SpannableStringBuilder( 8817): SPAN_EXCLUSIVE_EXCLUSIVE spans cannot have a zero length
12-09 07:56:08.898 I/System.out( 8817): result:{"bonusInformation":[],"message":"","success":true}
12-09 07:56:08.942 I/System.out( 8817): URI: //map
12-09 07:56:08.942 I/System.out( 8817): params: {json={"query":"android.widget.EditText id:'volume'","operation":{"method_name":"query","arguments":[]}}
12-09 07:56:08.942 I/System.out( 8817): }
12-09 07:56:09.056 W/ResourceType( 8817): No package identifier when getting name for resource number 0x00000001
12-09 07:56:09.125 W/art     ( 8817): Suspending all threads took: 9.579ms
12-09 07:56:09.279 I/art     ( 8817): Background sticky concurrent mark sweep GC freed 34430(1444KB) AllocSpace objects, 1(20KB) LOS objects, 9% free, 3MB/3MB, paused 10.871ms total 208.586ms
12-09 07:56:09.297 I/System.out( 8817): URI: //gesture
12-09 07:56:09.297 I/System.out( 8817): params: {json={"query_timeout":5.0,"gestures":[{"query_string":"android.widget.EditText id:'volume'","touches":[{"x":50,"y":50,"offset_x":0,"offset_y":0,"wait":0.0,"time":0.2,"release":true,"query_string":null}]}]}
12-09 07:56:09.297 I/System.out( 8817): }
12-09 07:56:09.327 W/ResourceType( 8817): No package identifier when getting name for resource number 0x00000001
12-09 07:56:09.673 I/LatinIME( 1852): Starting input. Cursor position = 0,0
12-09 07:56:09.816 I/art     ( 8817): Background sticky concurrent mark sweep GC freed 29735(1427KB) AllocSpace objects, 1(20KB) LOS objects, 22% free, 3MB/3MB, paused 5.458ms total 135.385ms
12-09 07:56:10.252 I/System.out( 8817): URI: //
12-09 07:56:10.252 I/System.out( 8817): params: {json={"command":"set_selection","arguments":[-1,-1]}
12-09 07:56:10.252 I/System.out( 8817): }
12-09 07:56:10.252 I/System.out( 8817): header: {date=Sun, 09 Dec 2018 07:56:10 GMT, accept=*/*, content-length=47, host=127.0.0.1:34777, user-agent=HTTPClient/1.0 (2.8.3, ruby 2.3.1 (2016-04-26)), content-type=application/json;charset=utf-8}
12-09 07:56:10.252 I/System.out( 8817): params: {json={"command":"set_selection","arguments":[-1,-1]}
12-09 07:56:10.252 I/System.out( 8817): }
12-09 07:56:10.253 I/System.out( 8817): ProP json = {"command":"set_selection","arguments":[-1,-1]}
12-09 07:56:10.253 I/System.out( 8817): files: {}
12-09 07:56:10.253 I/System.out( 8817): command: {"command":"set_selection","arguments":[-1,-1]}
12-09 07:56:10.254 I/InstrumentationBackend( 8817): Got command:'Command:'Line:null,set_selection', arguments:'[-1, -1]'
12-09 07:56:10.283 I/System.out( 8817): result:{"bonusInformation":[],"message":"","success":true}
12-09 07:56:10.534 I/System.out( 8817): URI: //
12-09 07:56:10.534 I/System.out( 8817): params: {json={"command":"keyboard_enter_text","arguments":["98123743947721092831"]}
12-09 07:56:10.534 I/System.out( 8817): }
12-09 07:56:10.534 I/System.out( 8817): header: {date=Sun, 09 Dec 2018 07:56:10 GMT, accept=*/*, content-length=70, host=127.0.0.1:34777, user-agent=HTTPClient/1.0 (2.8.3, ruby 2.3.1 (2016-04-26)), content-type=application/json;charset=utf-8}
12-09 07:56:10.534 I/System.out( 8817): params: {json={"command":"keyboard_enter_text","arguments":["98123743947721092831"]}
12-09 07:56:10.534 I/System.out( 8817): }
12-09 07:56:10.534 I/System.out( 8817): ProP json = {"command":"keyboard_enter_text","arguments":["98123743947721092831"]}
12-09 07:56:10.534 I/System.out( 8817): files: {}
12-09 07:56:10.534 I/System.out( 8817): command: {"command":"keyboard_enter_text","arguments":["98123743947721092831"]}
12-09 07:56:10.535 I/InstrumentationBackend( 8817): Got command:'Command:'Line:null,keyboard_enter_text', arguments:'[98123743947721092831]'
12-09 07:56:10.537 E/SpannableStringBuilder( 8817): SPAN_EXCLUSIVE_EXCLUSIVE spans cannot have a zero length
12-09 07:56:10.540 E/SpannableStringBuilder( 8817): SPAN_EXCLUSIVE_EXCLUSIVE spans cannot have a zero length
12-09 07:56:10.630 E/SpannableStringBuilder( 8817): SPAN_EXCLUSIVE_EXCLUSIVE spans cannot have a zero length
12-09 07:56:10.630 E/SpannableStringBuilder( 8817): SPAN_EXCLUSIVE_EXCLUSIVE spans cannot have a zero length
12-09 07:56:10.667 I/System.out( 8817): result:{"bonusInformation":[],"message":"","success":true}
12-09 07:56:10.753 I/System.out( 8817): URI: //map
12-09 07:56:10.753 I/System.out( 8817): params: {json={"query":"android.widget.EditText id:'odometer'","operation":{"method_name":"query","arguments":[]}}
12-09 07:56:10.753 I/System.out( 8817): }
12-09 07:56:10.830 W/ResourceType( 8817): No package identifier when getting name for resource number 0x00000001
12-09 07:56:10.856 I/art     ( 1852): Background sticky concurrent mark sweep GC freed 3172(353KB) AllocSpace objects, 3(76KB) LOS objects, 21% free, 2MB/2MB, paused 938us total 128.665ms
12-09 07:56:10.993 I/art     ( 8817): Background sticky concurrent mark sweep GC freed 24867(1029KB) AllocSpace objects, 1(20KB) LOS objects, 5% free, 3MB/3MB, paused 53.157ms total 150.413ms
12-09 07:56:11.086 I/System.out( 8817): URI: //gesture
12-09 07:56:11.086 I/System.out( 8817): params: {json={"query_timeout":5.0,"gestures":[{"query_string":"android.widget.EditText id:'odometer'","touches":[{"x":50,"y":50,"offset_x":0,"offset_y":0,"wait":0.0,"time":0.2,"release":true,"query_string":null}]}]}
12-09 07:56:11.086 I/System.out( 8817): }
12-09 07:56:11.096 W/ResourceType( 8817): No package identifier when getting name for resource number 0x00000001
12-09 07:56:11.625 I/LatinIME( 1852): Starting input. Cursor position = 0,0
12-09 07:56:12.243 I/System.out( 8817): URI: //
12-09 07:56:12.243 I/System.out( 8817): params: {json={"command":"set_selection","arguments":[-1,-1]}
12-09 07:56:12.244 I/System.out( 8817): }
12-09 07:56:12.244 I/System.out( 8817): header: {date=Sun, 09 Dec 2018 07:56:12 GMT, accept=*/*, content-length=47, host=127.0.0.1:34777, user-agent=HTTPClient/1.0 (2.8.3, ruby 2.3.1 (2016-04-26)), content-type=application/json;charset=utf-8}
12-09 07:56:12.244 I/System.out( 8817): params: {json={"command":"set_selection","arguments":[-1,-1]}
12-09 07:56:12.244 I/System.out( 8817): }
12-09 07:56:12.244 I/System.out( 8817): ProP json = {"command":"set_selection","arguments":[-1,-1]}
12-09 07:56:12.244 I/System.out( 8817): files: {}
12-09 07:56:12.244 I/System.out( 8817): command: {"command":"set_selection","arguments":[-1,-1]}
12-09 07:56:12.245 I/InstrumentationBackend( 8817): Got command:'Command:'Line:null,set_selection', arguments:'[-1, -1]'
12-09 07:56:12.252 I/System.out( 8817): result:{"bonusInformation":[],"message":"","success":true}
12-09 07:56:12.441 I/System.out( 8817): URI: //
12-09 07:56:12.441 I/System.out( 8817): params: {json={"command":"keyboard_enter_text","arguments":["98879898284721092831"]}
12-09 07:56:12.441 I/System.out( 8817): }
12-09 07:56:12.441 I/System.out( 8817): header: {date=Sun, 09 Dec 2018 07:56:12 GMT, accept=*/*, content-length=70, host=127.0.0.1:34777, user-agent=HTTPClient/1.0 (2.8.3, ruby 2.3.1 (2016-04-26)), content-type=application/json;charset=utf-8}
12-09 07:56:12.441 I/System.out( 8817): params: {json={"command":"keyboard_enter_text","arguments":["98879898284721092831"]}
12-09 07:56:12.441 I/System.out( 8817): }
12-09 07:56:12.441 I/System.out( 8817): ProP json = {"command":"keyboard_enter_text","arguments":["98879898284721092831"]}
12-09 07:56:12.441 I/System.out( 8817): files: {}
12-09 07:56:12.441 I/System.out( 8817): command: {"command":"keyboard_enter_text","arguments":["98879898284721092831"]}
12-09 07:56:12.443 I/InstrumentationBackend( 8817): Got command:'Command:'Line:null,keyboard_enter_text', arguments:'[98879898284721092831]'
12-09 07:56:12.443 E/SpannableStringBuilder( 8817): SPAN_EXCLUSIVE_EXCLUSIVE spans cannot have a zero length
12-09 07:56:12.443 E/SpannableStringBuilder( 8817): SPAN_EXCLUSIVE_EXCLUSIVE spans cannot have a zero length
12-09 07:56:12.499 E/SpannableStringBuilder( 8817): SPAN_EXCLUSIVE_EXCLUSIVE spans cannot have a zero length
12-09 07:56:12.499 E/SpannableStringBuilder( 8817): SPAN_EXCLUSIVE_EXCLUSIVE spans cannot have a zero length
12-09 07:56:12.525 I/System.out( 8817): result:{"bonusInformation":[],"message":"","success":true}
12-09 07:56:12.684 I/art     ( 8817): Background sticky concurrent mark sweep GC freed 27429(1241KB) AllocSpace objects, 6(120KB) LOS objects, 37% free, 2MB/3MB, paused 1.013ms total 160.212ms
12-09 07:56:13.595 I/System.out( 8817): URI: //map
12-09 07:56:13.595 I/System.out( 8817): params: {json={"query":"android.widget.Button index:2","operation":{"method_name":"query","arguments":[]}}
12-09 07:56:13.595 I/System.out( 8817): }
12-09 07:56:13.962 I/art     ( 8817): Background partial concurrent mark sweep GC freed 48715(2MB) AllocSpace objects, 2(40KB) LOS objects, 40% free, 2MB/4MB, paused 1.053ms total 294.536ms
12-09 07:56:14.050 I/System.out( 8817): URI: //gesture
12-09 07:56:14.050 I/System.out( 8817): params: {json={"query_timeout":5.0,"gestures":[{"query_string":"android.widget.Button index:2","touches":[{"x":50,"y":50,"offset_x":0,"offset_y":0,"wait":0.0,"time":0.2,"release":true,"query_string":null}]}]}
12-09 07:56:14.050 I/System.out( 8817): }
12-09 07:56:14.756 W/audio_hw_generic( 1307): Hardware backing HAL too slow, could only write 0 of 661 frames
12-09 07:56:14.768 W/audio_hw_generic( 1307): Hardware backing HAL too slow, could only write 0 of 661 frames
12-09 07:56:14.770 I/art     ( 8817): Background sticky concurrent mark sweep GC freed 47424(2MB) AllocSpace objects, 1(20KB) LOS objects, 32% free, 2MB/4MB, paused 7.689ms total 82.328ms
12-09 07:56:14.784 W/audio_hw_generic( 1307): Hardware backing HAL too slow, could only write 0 of 661 frames
12-09 07:56:14.796 W/audio_hw_generic( 1307): Hardware backing HAL too slow, could only write 0 of 661 frames
12-09 07:56:14.812 W/audio_hw_generic( 1307): Hardware backing HAL too slow, could only write 0 of 661 frames
12-09 07:56:14.965 W/audio_hw_generic( 1307): Not supplying enough data to HAL, expected position 16644192 , only wrote 16643980
12-09 07:56:14.966 W/audio_hw_generic( 1307): Not supplying enough data to HAL, expected position 16643988 , only wrote 16643980
12-09 07:56:15.091 W/audio_hw_generic( 1307): Not supplying enough data to HAL, expected position 16649523 , only wrote 16649268
12-09 07:56:15.273 E/SurfaceFlinger( 1226): ro.sf.lcd_density must be defined as a build property
12-09 07:56:15.354 W/audio_hw_generic( 1307): Hardware backing HAL too slow, could only write 0 of 661 frames
12-09 07:56:15.406 D/gralloc_ranchu( 1226): gralloc_alloc: Creating ashmem region of size 3686400
12-09 07:56:15.408 I/LatinIME( 1852): Starting input. Cursor position = -1,-1
12-09 07:56:15.431 D/Mileage.ABS( 8817): Finished backup
12-09 07:56:15.455 D/Mileage.ABS( 8817): Not backing up; 114
12-09 07:56:15.456 D/Mileage.ABS( 8817): Not backing up; 115
12-09 07:56:15.456 D/Mileage.ABS( 8817): Not backing up; 115
12-09 07:56:15.479 D/        ( 8907): HostConnection::get() New Host Connection established 0x7fadcad52480, tid 8907
12-09 07:56:15.492 W/audio_hw_generic( 1307): Hardware backing HAL too slow, could only write 0 of 661 frames
12-09 07:56:15.507 W/audio_hw_generic( 1307): Hardware backing HAL too slow, could only write 0 of 661 frames
12-09 07:56:15.508 E/EGL_emulation( 1226): tid 1226: eglCreateSyncKHR(1881): error 0x3004 (EGL_BAD_ATTRIBUTE)
12-09 07:56:15.521 W/audio_hw_generic( 1307): Hardware backing HAL too slow, could only write 0 of 661 frames
12-09 07:56:15.538 W/audio_hw_generic( 1307): Hardware backing HAL too slow, could only write 0 of 661 frames
12-09 07:56:15.618 W/audio_hw_generic( 1307): Not supplying enough data to HAL, expected position 16672503 , only wrote 16671742
12-09 07:56:15.618 W/audio_hw_generic( 1307): Not supplying enough data to HAL, expected position 16671748 , only wrote 16671742
12-09 07:56:15.665 W/audio_hw_generic( 1307): Not supplying enough data to HAL, expected position 16673817 , only wrote 16672403
12-09 07:56:15.915 W/audio_hw_generic( 1307): Not supplying enough data to HAL, expected position 16683388 , only wrote 16682979
12-09 07:56:15.915 W/audio_hw_generic( 1307): Not supplying enough data to HAL, expected position 16682985 , only wrote 16682979
12-09 07:56:15.931 W/audio_hw_generic( 1307): Not supplying enough data to HAL, expected position 16683703 , only wrote 16683640
12-09 07:56:16.053 W/audio_hw_generic( 1307): Not supplying enough data to HAL, expected position 16688997 , only wrote 16688928
12-09 07:56:16.115 W/audio_hw_generic( 1307): Not supplying enough data to HAL, expected position 16691667 , only wrote 16691572
12-09 07:56:16.115 W/audio_hw_generic( 1307): Not supplying enough data to HAL, expected position 16691578 , only wrote 16691572
12-09 07:56:16.132 W/audio_hw_generic( 1307): Not supplying enough data to HAL, expected position 16692346 , only wrote 16692233
12-09 07:56:16.201 W/audio_hw_generic( 1307): Not supplying enough data to HAL, expected position 16695251 , only wrote 16694877
12-09 07:56:16.201 W/audio_hw_generic( 1307): Not supplying enough data to HAL, expected position 16694883 , only wrote 16694877
12-09 07:56:16.223 W/audio_hw_generic( 1307): Not supplying enough data to HAL, expected position 16695857 , only wrote 16695538
12-09 07:56:16.250 I/InputAttributes( 1852): InputType.TYPE_NULL is specified
12-09 07:56:16.340 W/audio_hw_generic( 1307): Not supplying enough data to HAL, expected position 16700669 , only wrote 16699504
12-09 07:56:16.392 W/audio_hw_generic( 1307): Not supplying enough data to HAL, expected position 16701809 , only wrote 16700165
12-09 07:56:16.392 W/audio_hw_generic( 1307): Not supplying enough data to HAL, expected position 16700173 , only wrote 16700165
12-09 07:56:16.408 W/audio_hw_generic( 1307): Not supplying enough data to HAL, expected position 16700884 , only wrote 16700826
12-09 07:56:16.422 I/Choreographer( 1852): Skipped 65 frames!  The application may be doing too much work on its main thread.
12-09 07:56:16.452 W/audio_hw_generic( 1307): Hardware backing HAL too slow, could only write 0 of 661 frames
12-09 07:56:16.467 W/audio_hw_generic( 1307): Hardware backing HAL too slow, could only write 0 of 661 frames
12-09 07:56:16.497 W/audio_hw_generic( 1307): Hardware backing HAL too slow, could only write 0 of 661 frames
12-09 07:56:16.516 W/audio_hw_generic( 1307): Not supplying enough data to HAL, expected position 16705588 , only wrote 16705453
12-09 07:56:16.580 D/EGL_emulation( 1852): eglMakeCurrent: 0x7f8c5e660400: ver 2 0 (tinfo 0x7f8c5e65b7e0)
12-09 07:56:16.581 E/Surface ( 1852): getSlotFromBufferLocked: unknown buffer: 0x7f8c5e660900
12-09 07:56:16.661 I/System.out( 8817): URI: //map
12-09 07:56:16.661 I/System.out( 8817): params: {json={"query":"android.widget.ListView index:0 android.widget.TextView index:0","operation":{"method_name":"query","arguments":[]}}
12-09 07:56:16.661 I/System.out( 8817): }
12-09 07:56:16.915 W/audio_hw_generic( 1307): Hardware backing HAL too slow, could only write 0 of 661 frames
12-09 07:56:16.928 W/audio_hw_generic( 1307): Hardware backing HAL too slow, could only write 0 of 661 frames
12-09 07:56:16.948 W/audio_hw_generic( 1307): Hardware backing HAL too slow, could only write 0 of 661 frames
12-09 07:56:16.964 W/audio_hw_generic( 1307): Hardware backing HAL too slow, could only write 0 of 661 frames
12-09 07:56:16.979 W/audio_hw_generic( 1307): Hardware backing HAL too slow, could only write 0 of 661 frames
12-09 07:56:17.218 W/audio_hw_generic( 1307): Hardware backing HAL too slow, could only write 0 of 661 frames
12-09 07:56:17.300 W/audio_hw_generic( 1307): Not supplying enough data to HAL, expected position 16740009 , only wrote 16739825
12-09 07:56:17.322 W/audio_hw_generic( 1307): Not supplying enough data to HAL, expected position 16740814 , only wrote 16740486
12-09 07:56:17.323 W/audio_hw_generic( 1307): Not supplying enough data to HAL, expected position 16740493 , only wrote 16740486
12-09 07:56:17.345 W/audio_hw_generic( 1307): Not supplying enough data to HAL, expected position 16741492 , only wrote 16741147
12-09 07:56:17.396 W/audio_hw_generic( 1307): Not supplying enough data to HAL, expected position 16743384 , only wrote 16741808
12-09 07:56:17.396 W/audio_hw_generic( 1307): Not supplying enough data to HAL, expected position 16741814 , only wrote 16741808
12-09 07:56:17.415 W/audio_hw_generic( 1307): Not supplying enough data to HAL, expected position 16742635 , only wrote 16742469
12-09 07:56:17.622 I/System.out( 8817): URI: //gesture
12-09 07:56:17.623 I/System.out( 8817): params: {json={"query_timeout":5.0,"gestures":[{"query_string":"android.widget.ListView index:0 android.widget.TextView index:0","touches":[{"x":50,"y":50,"offset_x":0,"offset_y":0,"wait":0.0,"time":0.2,"release":true,"query_string":null}]}]}
12-09 07:56:17.623 I/System.out( 8817): }
12-09 07:56:17.643 I/art     ( 8817): Background sticky concurrent mark sweep GC freed 53326(2MB) AllocSpace objects, 0(0B) LOS objects, 10% free, 3MB/4MB, paused 2.132ms total 242.043ms
12-09 07:56:17.829 W/audio_hw_generic( 1307): Not supplying enough data to HAL, expected position 16760704 , only wrote 16756350
12-09 07:56:17.912 W/audio_hw_generic( 1307): Not supplying enough data to HAL, expected position 16760049 , only wrote 16756350
12-09 07:56:18.052 I/ActivityManager( 1591): START u0 {cmp=com.evancharlton.mileage/.FillupInfoActivity (has extras)} from uid 10123 on display 0
12-09 07:56:18.096 W/audio_hw_generic( 1307): Hardware backing HAL too slow, could only write 0 of 661 frames
12-09 07:56:18.119 D/AudioFlinger( 1307): mixer(0xf4340000) throttle end: throttle time(11)
12-09 07:56:18.124 W/audio_hw_generic( 1307): Hardware backing HAL too slow, could only write 0 of 661 frames
12-09 07:56:18.140 W/audio_hw_generic( 1307): Hardware backing HAL too slow, could only write 0 of 661 frames
12-09 07:56:18.158 W/audio_hw_generic( 1307): Hardware backing HAL too slow, could only write 0 of 661 frames
12-09 07:56:18.161 I/art     ( 8817): Background sticky concurrent mark sweep GC freed 29532(1419KB) AllocSpace objects, 0(0B) LOS objects, 28% free, 2MB/4MB, paused 1.360ms total 106.707ms
12-09 07:56:18.174 W/audio_hw_generic( 1307): Hardware backing HAL too slow, could only write 0 of 661 frames
12-09 07:56:18.185 W/audio_hw_generic( 1307): Hardware backing HAL too slow, could only write 0 of 661 frames
12-09 07:56:18.204 W/audio_hw_generic( 1307): Hardware backing HAL too slow, could only write 0 of 661 frames
12-09 07:56:18.274 I/calabash( 8817): newActivity1
12-09 07:56:18.585 I/art     ( 8817): Background sticky concurrent mark sweep GC freed 15457(875KB) AllocSpace objects, 1(20KB) LOS objects, 19% free, 3MB/4MB, paused 1.209ms total 162.380ms
12-09 07:56:18.595 V/PhoneStatusBar( 1681): setLightsOn(true)
12-09 07:56:18.626 E/SurfaceFlinger( 1226): ro.sf.lcd_density must be defined as a build property
12-09 07:56:18.635 D/gralloc_ranchu( 1226): gralloc_alloc: Creating ashmem region of size 3686400
12-09 07:56:18.673 W/audio_hw_generic( 1307): Not supplying enough data to HAL, expected position 16782645 , only wrote 16782129
12-09 07:56:18.673 W/audio_hw_generic( 1307): Not supplying enough data to HAL, expected position 16782135 , only wrote 16782129
12-09 07:56:18.673 W/audio_hw_generic( 1307): Hardware backing HAL too slow, could only write 0 of 661 frames
12-09 07:56:18.697 W/audio_hw_generic( 1307): Not supplying enough data to HAL, expected position 16783174 , only wrote 16782790
12-09 07:56:18.697 W/audio_hw_generic( 1307): Hardware backing HAL too slow, could only write 0 of 661 frames
12-09 07:56:18.697 W/audio_hw_generic( 1307): Hardware backing HAL too slow, could only write 0 of 661 frames
12-09 07:56:18.711 W/audio_hw_generic( 1307): Hardware backing HAL too slow, could only write 0 of 661 frames
12-09 07:56:18.732 W/audio_hw_generic( 1307): Hardware backing HAL too slow, could only write 0 of 661 frames
12-09 07:56:18.735 D/gralloc_ranchu( 1226): gralloc_alloc: Creating ashmem region of size 3686400
12-09 07:56:18.752 W/audio_hw_generic( 1307): Hardware backing HAL too slow, could only write 0 of 661 frames
12-09 07:56:18.760 W/audio_hw_generic( 1307): Hardware backing HAL too slow, could only write 0 of 661 frames
12-09 07:56:18.788 W/audio_hw_generic( 1307): Hardware backing HAL too slow, could only write 0 of 661 frames
12-09 07:56:18.788 W/audio_hw_generic( 1307): Hardware backing HAL too slow, could only write 0 of 661 frames
12-09 07:56:18.818 W/audio_hw_generic( 1307): Hardware backing HAL too slow, could only write 0 of 661 frames
12-09 07:56:18.834 W/audio_hw_generic( 1307): Hardware backing HAL too slow, could only write 0 of 661 frames
12-09 07:56:18.937 D/        ( 8915): HostConnection::get() New Host Connection established 0x7ffec6a52480, tid 8915
12-09 07:56:18.964 E/EGL_emulation( 1226): tid 1226: eglCreateSyncKHR(1881): error 0x3004 (EGL_BAD_ATTRIBUTE)
12-09 07:56:19.028 W/audio_hw_generic( 1307): Hardware backing HAL too slow, could only write 0 of 661 frames
12-09 07:56:19.079 W/audio_hw_generic( 1307): Hardware backing HAL too slow, could only write 0 of 661 frames
12-09 07:56:19.079 W/audio_hw_generic( 1307): Not supplying enough data to HAL, expected position 16799637 , only wrote 16798654
12-09 07:56:19.079 W/audio_hw_generic( 1307): Not supplying enough data to HAL, expected position 16798660 , only wrote 16798654
12-09 07:56:19.095 W/audio_hw_generic( 1307): Not supplying enough data to HAL, expected position 16799352 , only wrote 16799315
12-09 07:56:19.287 W/audio_hw_generic( 1307): Not supplying enough data to HAL, expected position 16807792 , only wrote 16807247
12-09 07:56:19.287 W/audio_hw_generic( 1307): Not supplying enough data to HAL, expected position 16807253 , only wrote 16807247
12-09 07:56:19.323 W/audio_hw_generic( 1307): Not supplying enough data to HAL, expected position 16808827 , only wrote 16807908
12-09 07:56:19.542 W/audio_hw_generic( 1307): Not supplying enough data to HAL, expected position 16817573 , only wrote 16817162
12-09 07:56:19.542 W/audio_hw_generic( 1307): Not supplying enough data to HAL, expected position 16817168 , only wrote 16817162
12-09 07:56:19.549 W/art     ( 1591): Long monitor contention event with owner method=void com.android.server.wm.WindowAnimator$1.doFrame(long) from WindowAnimator.java:121 waiters=1 for 202ms
12-09 07:56:19.564 W/audio_hw_generic( 1307): Not supplying enough data to HAL, expected position 16818135 , only wrote 16817823
12-09 07:56:19.641 W/audio_hw_generic( 1307): Not supplying enough data to HAL, expected position 16821194 , only wrote 16821128
12-09 07:56:19.848 W/audio_hw_generic( 1307): Hardware backing HAL too slow, could only write 0 of 661 frames
12-09 07:56:19.856 W/audio_hw_generic( 1307): Hardware backing HAL too slow, could only write 0 of 661 frames
12-09 07:56:19.891 W/audio_hw_generic( 1307): Hardware backing HAL too slow, could only write 0 of 661 frames
12-09 07:56:19.904 W/audio_hw_generic( 1307): Hardware backing HAL too slow, could only write 0 of 661 frames
12-09 07:56:19.916 W/audio_hw_generic( 1307): Hardware backing HAL too slow, could only write 0 of 661 frames
12-09 07:56:19.945 W/audio_hw_generic( 1307): Hardware backing HAL too slow, could only write 0 of 661 frames
12-09 07:56:20.033 W/audio_hw_generic( 1307): Not supplying enough data to HAL, expected position 16838406 , only wrote 16838314
12-09 07:56:20.033 W/audio_hw_generic( 1307): Not supplying enough data to HAL, expected position 16838320 , only wrote 16838314
12-09 07:56:20.048 I/System.out( 8817): URI: //map
12-09 07:56:20.048 I/System.out( 8817): params: {json={"query":"android.widget.Button index:1","operation":{"method_name":"query","arguments":[]}}
12-09 07:56:20.048 I/System.out( 8817): }
12-09 07:56:20.098 W/art     ( 1591): Long monitor contention event with owner method=void com.android.server.wm.WindowAnimator$1.doFrame(long) from WindowAnimator.java:121 waiters=1 for 247ms
12-09 07:56:20.538 W/art     ( 1591): Long monitor contention event with owner method=void com.android.server.wm.WindowAnimator$1.doFrame(long) from WindowAnimator.java:121 waiters=1 for 184ms
12-09 07:56:20.617 W/audio_hw_generic( 1307): Not supplying enough data to HAL, expected position 16864063 , only wrote 16863432
12-09 07:56:20.617 W/audio_hw_generic( 1307): Not supplying enough data to HAL, expected position 16863438 , only wrote 16863432
12-09 07:56:20.619 W/art     ( 1591): Long monitor contention event with owner method=void com.android.server.wm.WindowAnimator$1.doFrame(long) from WindowAnimator.java:121 waiters=1 for 193ms
12-09 07:56:20.703 W/art     ( 1591): Long monitor contention event with owner method=void com.android.server.wm.WindowAnimator$1.doFrame(long) from WindowAnimator.java:121 waiters=1 for 165ms
12-09 07:56:20.914 W/audio_hw_generic( 1307): Not supplying enough data to HAL, expected position 16876541 , only wrote 16874008
12-09 07:56:20.914 W/audio_hw_generic( 1307): Not supplying enough data to HAL, expected position 16874018 , only wrote 16874008
12-09 07:56:20.925 W/art     ( 1591): Long monitor contention event with owner method=void com.android.server.wm.WindowAnimator$1.doFrame(long) from WindowAnimator.java:121 waiters=1 for 222ms
12-09 07:56:20.957 W/audio_hw_generic( 1307): Not supplying enough data to HAL, expected position 16875872 , only wrote 16874669
12-09 07:56:21.115 W/art     ( 1591): Long monitor contention event with owner method=void com.android.server.wm.WindowAnimator$1.doFrame(long) from WindowAnimator.java:121 waiters=1 for 189ms
12-09 07:56:21.140 W/art     ( 1591): Long monitor contention event with owner method=java.util.List com.android.server.am.ActivityManagerService.getAllStackInfos() from ActivityManagerService.java:8937 waiters=0 for 1.787s
12-09 07:56:21.143 I/ActivityManager( 1591): Displayed com.evancharlton.mileage/.FillupInfoActivity: +2s884ms
12-09 07:56:21.163 D/gralloc_ranchu( 1226): gralloc_alloc: Creating ashmem region of size 3686400
12-09 07:56:21.227 W/audio_hw_generic( 1307): Not supplying enough data to HAL, expected position 16896847 , only wrote 16885906
12-09 07:56:21.263 I/art     ( 8817): Background partial concurrent mark sweep GC freed 18795(1023KB) AllocSpace objects, 6(120KB) LOS objects, 39% free, 2MB/4MB, paused 19.932ms total 100.716ms
12-09 07:56:21.883 I/System.out( 8817): URI: //gesture
12-09 07:56:21.883 I/System.out( 8817): params: {json={"query_timeout":5.0,"gestures":[{"query_string":"android.widget.Button index:1","touches":[{"x":50,"y":50,"offset_x":0,"offset_y":0,"wait":0.0,"time":0.2,"release":true,"query_string":null}]}]}
12-09 07:56:21.883 I/System.out( 8817): }
12-09 07:56:22.325 I/ActivityManager( 1591): START u0 {cmp=com.evancharlton.mileage/.FillupInfoActivity (has extras)} from uid 10123 on display 0
12-09 07:56:22.412 W/audio_hw_generic( 1307): Hardware backing HAL too slow, could only write 0 of 661 frames
12-09 07:56:22.420 W/audio_hw_generic( 1307): Hardware backing HAL too slow, could only write 0 of 661 frames
12-09 07:56:22.440 W/audio_hw_generic( 1307): Hardware backing HAL too slow, could only write 0 of 661 frames
12-09 07:56:22.453 W/audio_hw_generic( 1307): Hardware backing HAL too slow, could only write 0 of 661 frames
12-09 07:56:22.468 W/audio_hw_generic( 1307): Hardware backing HAL too slow, could only write 0 of 661 frames
12-09 07:56:22.554 W/audio_hw_generic( 1307): Not supplying enough data to HAL, expected position 16894523 , only wrote 16894499
12-09 07:56:22.562 I/calabash( 8817): newActivity1
12-09 07:56:22.681 W/audio_hw_generic( 1307): Not supplying enough data to HAL, expected position 16900114 , only wrote 16899787
12-09 07:56:22.681 W/audio_hw_generic( 1307): Not supplying enough data to HAL, expected position 16899793 , only wrote 16899787
12-09 07:56:22.700 W/audio_hw_generic( 1307): Not supplying enough data to HAL, expected position 16900628 , only wrote 16900448
12-09 07:56:22.728 W/art     ( 8817): Suspending all threads took: 16.570ms
12-09 07:56:22.777 W/audio_hw_generic( 1307): Not supplying enough data to HAL, expected position 16903825 , only wrote 16903753
12-09 07:56:22.777 W/audio_hw_generic( 1307): Not supplying enough data to HAL, expected position 16903759 , only wrote 16903753
12-09 07:56:22.792 W/audio_hw_generic( 1307): Not supplying enough data to HAL, expected position 16904428 , only wrote 16904414
12-09 07:56:22.802 I/art     ( 8817): Background sticky concurrent mark sweep GC freed 36001(1678KB) AllocSpace objects, 1(20KB) LOS objects, 35% free, 3MB/4MB, paused 17.611ms total 194.705ms
12-09 07:56:22.859 W/audio_hw_generic( 1307): Not supplying enough data to HAL, expected position 16907381 , only wrote 16905736
12-09 07:56:22.894 V/PhoneStatusBar( 1681): setLightsOn(true)
12-09 07:56:22.911 D/gralloc_ranchu( 1226): gralloc_alloc: Creating ashmem region of size 3686400
12-09 07:56:22.991 E/SurfaceFlinger( 1226): ro.sf.lcd_density must be defined as a build property
12-09 07:56:23.039 D/gralloc_ranchu( 1226): gralloc_alloc: Creating ashmem region of size 3686400
12-09 07:56:23.140 D/gralloc_ranchu( 1226): gralloc_alloc: Creating ashmem region of size 3686400
12-09 07:56:23.200 W/audio_hw_generic( 1307): Not supplying enough data to HAL, expected position 16920765 , only wrote 16920278
12-09 07:56:23.200 W/audio_hw_generic( 1307): Hardware backing HAL too slow, could only write 0 of 661 frames
12-09 07:56:23.230 D/        ( 8921): HostConnection::get() New Host Connection established 0x7fee80e52480, tid 8921
12-09 07:56:23.231 W/audio_hw_generic( 1307): Hardware backing HAL too slow, could only write 0 of 661 frames
12-09 07:56:23.246 W/audio_hw_generic( 1307): Hardware backing HAL too slow, could only write 0 of 661 frames
12-09 07:56:23.247 E/EGL_emulation( 1226): tid 1226: eglCreateSyncKHR(1881): error 0x3004 (EGL_BAD_ATTRIBUTE)
12-09 07:56:23.355 W/audio_hw_generic( 1307): Not supplying enough data to HAL, expected position 16927092 , only wrote 16925566
12-09 07:56:23.355 W/audio_hw_generic( 1307): Not supplying enough data to HAL, expected position 16925572 , only wrote 16925566
12-09 07:56:23.391 W/audio_hw_generic( 1307): Not supplying enough data to HAL, expected position 16927135 , only wrote 16926227
12-09 07:56:23.448 W/audio_hw_generic( 1307): Hardware backing HAL too slow, could only write 0 of 661 frames
12-09 07:56:23.449 W/audio_hw_generic( 1307): Hardware backing HAL too slow, could only write 0 of 661 frames
12-09 07:56:23.472 W/audio_hw_generic( 1307): Hardware backing HAL too slow, could only write 0 of 661 frames
12-09 07:56:23.510 I/ActivityManager( 1591): Displayed com.evancharlton.mileage/.FillupInfoActivity: +1s149ms
12-09 07:56:23.516 W/audio_hw_generic( 1307): Hardware backing HAL too slow, could only write 0 of 661 frames
12-09 07:56:23.516 W/audio_hw_generic( 1307): Not supplying enough data to HAL, expected position 16931763 , only wrote 16930854
12-09 07:56:23.516 W/audio_hw_generic( 1307): Not supplying enough data to HAL, expected position 16930860 , only wrote 16930854
12-09 07:56:23.516 W/audio_hw_generic( 1307): Hardware backing HAL too slow, could only write 0 of 661 frames
12-09 07:56:23.541 W/audio_hw_generic( 1307): Not supplying enough data to HAL, expected position 16931940 , only wrote 16931515
12-09 07:56:23.669 W/audio_hw_generic( 1307): Hardware backing HAL too slow, could only write 0 of 661 frames
12-09 07:56:23.903 E/WakeLock( 2226): GCM_HB_ALARM release without a matched acquire!
12-09 07:56:23.903 V/NativeCrypto( 2226): Read error: ssl=0x7f8c53595088: I/O error during system call, Connection reset by peer
12-09 07:56:23.914 V/NativeCrypto( 2226): SSL shutdown failed: ssl=0x7f8c53595088: I/O error during system call, Broken pipe
12-09 07:56:23.917 E/WakeLock( 2226): GCM_HB_ALARM release without a matched acquire!
12-09 07:56:23.918 D/ConnectivityService( 1591): reportNetworkConnectivity(100, false) by 10008
12-09 07:56:23.919 D/NetworkMonitor/NetworkAgentInfo [MOBILE (LTE) - 100]( 1591): Forcing reevaluation for UID 10008
12-09 07:56:23.995 D/NetworkMonitor/NetworkAgentInfo [MOBILE (LTE) - 100]( 1591): Checking http://connectivitycheck.gstatic.com/generate_204 on epc.tmobile.com, connectivitycheck.gstatic.com=108.177.111.94,2607:f8b0:4001:c12::5e
12-09 07:56:24.061 D/NetworkMonitor/NetworkAgentInfo [MOBILE (LTE) - 100]( 1591): isCaptivePortal: ret=204 headers={null=[HTTP/1.1 204 No Content], Content-Length=[0], Date=[Sun, 09 Dec 2018 07:56:24 GMT], X-Android-Received-Millis=[1544342184061], X-Android-Response-Source=[NETWORK 204], X-Android-Selected-Protocol=[http/1.1], X-Android-Sent-Millis=[1544342184053]}
12-09 07:56:24.062 D/ConnectivityService( 1591): setProvNotificationVisibleIntent null visible=false networkType=MOBILE extraInfo=null highPriority=false
12-09 07:56:24.062 D/ConnectivityService( 1591): NetworkAgentInfo [MOBILE (LTE) - 100] validation  passed
12-09 07:56:24.118 W/audio_hw_generic( 1307): Hardware backing HAL too slow, could only write 0 of 661 frames
12-09 07:56:24.298 W/art     ( 1591): Long monitor contention event with owner method=void com.android.server.wm.WindowAnimator$1.doFrame(long) from WindowAnimator.java:121 waiters=0 for 357ms
12-09 07:56:24.329 W/audio_hw_generic( 1307): Not supplying enough data to HAL, expected position 16966265 , only wrote 16965226
12-09 07:56:24.345 W/audio_hw_generic( 1307): Not supplying enough data to HAL, expected position 16965928 , only wrote 16965226
12-09 07:56:24.365 W/audio_hw_generic( 1307): Not supplying enough data to HAL, expected position 16966106 , only wrote 16965887
12-09 07:56:24.369 I/System.out( 8817): URI: //map
12-09 07:56:24.369 I/System.out( 8817): params: {json={"query":"android.widget.Button index:0","operation":{"method_name":"query","arguments":[]}}
12-09 07:56:24.369 I/System.out( 8817): }
12-09 07:56:24.581 W/audio_hw_generic( 1307): Not supplying enough data to HAL, expected position 16975413 , only wrote 16973158
12-09 07:56:24.581 W/audio_hw_generic( 1307): Not supplying enough data to HAL, expected position 16973164 , only wrote 16973158
12-09 07:56:24.638 W/audio_hw_generic( 1307): Not supplying enough data to HAL, expected position 16975663 , only wrote 16973819
12-09 07:56:24.787 W/audio_hw_generic( 1307): Not supplying enough data to HAL, expected position 16980395 , only wrote 16978446
12-09 07:56:24.787 W/audio_hw_generic( 1307): Not supplying enough data to HAL, expected position 16978452 , only wrote 16978446
12-09 07:56:24.805 D/gralloc_ranchu( 1226): gralloc_alloc: Creating ashmem region of size 3686400
12-09 07:56:24.844 W/audio_hw_generic( 1307): Not supplying enough data to HAL, expected position 16980972 , only wrote 16979107
12-09 07:56:24.934 I/System.out( 8817): URI: //gesture
12-09 07:56:24.934 I/System.out( 8817): params: {json={"query_timeout":5.0,"gestures":[{"query_string":"android.widget.Button index:0","touches":[{"x":50,"y":50,"offset_x":0,"offset_y":0,"wait":0.0,"time":0.2,"release":true,"query_string":null}]}]}
12-09 07:56:24.934 I/System.out( 8817): }
12-09 07:56:25.138 W/audio_hw_generic( 1307): Not supplying enough data to HAL, expected position 16992043 , only wrote 16991005
12-09 07:56:25.138 W/audio_hw_generic( 1307): Not supplying enough data to HAL, expected position 16991011 , only wrote 16991005
12-09 07:56:25.141 W/art     ( 2226): Long monitor contention event with owner method=void xno.a(xnk, xla) from :com.google.android.gms@13280023@13.2.80 (040800-211705629):113 waiters=0 for 492ms
12-09 07:56:25.153 I/EventLogChimeraService( 2392): Aggregate from 1544340503749 (log), 1544340503749 (data)
12-09 07:56:25.182 W/audio_hw_generic( 1307): Hardware backing HAL too slow, could only write 0 of 661 frames
12-09 07:56:25.267 D/WVCdm   ( 1307): Instantiating CDM.
12-09 07:56:25.286 I/WVCdm   ( 1307): CdmEngine::OpenSession
12-09 07:56:25.286 I/WVCdm   ( 1307): Level3 Library Sep 28 2015 13:08:28
12-09 07:56:25.287 W/WVCdm   ( 1307): Could not read /data/mediadrm/IDM1013/ay64.dat2: No such file or directory
12-09 07:56:25.287 W/WVCdm   ( 1307): Could not load liboemcrypto.so. Falling back to L3.  dlopen failed: library "liboemcrypto.so" not found
12-09 07:56:25.316 I/WVCdm   ( 1307): CdmEngine::QueryKeyControlInfo
12-09 07:56:25.316 W/WVCdm   ( 1307): BufferReader::Read<T> : Failure during parse: Not enough bytes (4)
12-09 07:56:25.316 W/WVCdm   ( 1307): CdmEngine::ExtractWidevinePssh: Unable to read atom size.
12-09 07:56:25.316 I/WVCdm   ( 1307): CdmEngine::GenerateKeyRequest
12-09 07:56:25.316 D/WVCdm   ( 1307): PrepareKeyRequest: nonce=215421429
12-09 07:56:25.415 I/Auth    ( 2226): [ReflectiveChannelBinder] Successfully bound channel!
12-09 07:56:25.505 W/audio_hw_generic( 1307): Not supplying enough data to HAL, expected position 17022531 , only wrote 17006869
12-09 07:56:25.562 W/Conscrypt( 2226): Could not set socket write timeout: java.lang.reflect.InvocationTargetException
12-09 07:56:25.562 W/Conscrypt( 2226): 	at java.lang.reflect.Method.invoke(Native Method)
12-09 07:56:25.562 W/Conscrypt( 2226): 	at com.google.android.gms.org.conscrypt.Platform.setSocketWriteTimeout(:com.google.android.gms@13280023@13.2.80 (040800-211705629):13)
12-09 07:56:25.562 W/Conscrypt( 2226): Caused by: android.system.ErrnoException: setsockopt failed: EBADF (Bad file descriptor)
12-09 07:56:25.562 W/Conscrypt( 2226): 	at libcore.io.Posix.setsockoptTimeval(Native Method)
12-09 07:56:25.562 W/Conscrypt( 2226): 	at libcore.io.ForwardingOs.setsockoptTimeval(ForwardingOs.java:156)
12-09 07:56:25.578 W/Conscrypt( 2226): Could not set socket write timeout: java.lang.reflect.InvocationTargetException
12-09 07:56:25.578 W/Conscrypt( 2226): 	at java.lang.reflect.Method.invoke(Native Method)
12-09 07:56:25.578 W/Conscrypt( 2226): 	at com.google.android.gms.org.conscrypt.Platform.setSocketWriteTimeout(:com.google.android.gms@13280023@13.2.80 (040800-211705629):13)
12-09 07:56:25.579 W/Conscrypt( 2226): Caused by: android.system.ErrnoException: setsockopt failed: EBADF (Bad file descriptor)
12-09 07:56:25.579 W/Conscrypt( 2226): 	at libcore.io.Posix.setsockoptTimeval(Native Method)
12-09 07:56:25.579 W/Conscrypt( 2226): 	at libcore.io.ForwardingOs.setsockoptTimeval(ForwardingOs.java:156)
12-09 07:56:25.581 I/WVCdm   ( 1307): CdmEngine::CloseSession
12-09 07:56:25.603 W/GLSUser ( 2226): [AppCertManager] IOException while requesting key: 
12-09 07:56:25.603 W/GLSUser ( 2226): java.io.IOException: Invalid device key response.
12-09 07:56:25.603 W/GLSUser ( 2226): 	at hnl.a(:com.google.android.gms@13280023@13.2.80 (040800-211705629):11)
12-09 07:56:25.603 W/GLSUser ( 2226): 	at hnl.a(:com.google.android.gms@13280023@13.2.80 (040800-211705629):64)
12-09 07:56:25.603 W/GLSUser ( 2226): 	at hnj.a(:com.google.android.gms@13280023@13.2.80 (040800-211705629):6)
12-09 07:56:25.603 W/GLSUser ( 2226): 	at hnf.a(:com.google.android.gms@13280023@13.2.80 (040800-211705629):1)
12-09 07:56:25.603 W/GLSUser ( 2226): 	at hne.a(:com.google.android.gms@13280023@13.2.80 (040800-211705629):9)
12-09 07:56:25.603 W/GLSUser ( 2226): 	at com.google.android.gms.auth.account.be.legacy.AuthCronChimeraService.b(:com.google.android.gms@13280023@13.2.80 (040800-211705629):6)
12-09 07:56:25.603 W/GLSUser ( 2226): 	at gmd.call(:com.google.android.gms@13280023@13.2.80 (040800-211705629):3)
12-09 07:56:25.603 W/GLSUser ( 2226): 	at java.util.concurrent.FutureTask.run(FutureTask.java:237)
12-09 07:56:25.603 W/GLSUser ( 2226): 	at qcr.run(:com.google.android.gms@13280023@13.2.80 (040800-211705629):21)
12-09 07:56:25.603 W/GLSUser ( 2226): 	at java.util.concurrent.ThreadPoolExecutor.runWorker(ThreadPoolExecutor.java:1113)
12-09 07:56:25.603 W/GLSUser ( 2226): 	at java.util.concurrent.ThreadPoolExecutor$Worker.run(ThreadPoolExecutor.java:588)
12-09 07:56:25.603 W/GLSUser ( 2226): 	at qiv.run(:com.google.android.gms@13280023@13.2.80 (040800-211705629))
12-09 07:56:25.603 W/GLSUser ( 2226): 	at java.lang.Thread.run(Thread.java:818)
12-09 07:56:25.699 I/ActivityManager( 1591): START u0 {cmp=com.evancharlton.mileage/.FillupInfoActivity (has extras)} from uid 10123 on display 0
12-09 07:56:25.773 D/AudioFlinger( 1307): mixer(0xf4340000) throttle end: throttle time(11)
12-09 07:56:25.788 W/audio_hw_generic( 1307): Hardware backing HAL too slow, could only write 0 of 661 frames
12-09 07:56:25.803 W/audio_hw_generic( 1307): Hardware backing HAL too slow, could only write 0 of 661 frames
12-09 07:56:25.848 W/audio_hw_generic( 1307): Hardware backing HAL too slow, could only write 0 of 661 frames
12-09 07:56:25.849 W/audio_hw_generic( 1307): Hardware backing HAL too slow, could only write 0 of 661 frames
12-09 07:56:25.870 I/calabash( 8817): newActivity1
12-09 07:56:25.872 W/audio_hw_generic( 1307): Hardware backing HAL too slow, could only write 0 of 661 frames
12-09 07:56:25.888 W/audio_hw_generic( 1307): Hardware backing HAL too slow, could only write 0 of 661 frames
12-09 07:56:25.904 W/audio_hw_generic( 1307): Hardware backing HAL too slow, could only write 0 of 661 frames
12-09 07:56:25.918 W/audio_hw_generic( 1307): Hardware backing HAL too slow, could only write 0 of 661 frames
12-09 07:56:25.945 W/audio_hw_generic( 1307): Hardware backing HAL too slow, could only write 0 of 661 frames
12-09 07:56:25.979 I/art     ( 8817): Background sticky concurrent mark sweep GC freed 39873(1843KB) AllocSpace objects, 2(40KB) LOS objects, 15% free, 3MB/4MB, paused 1.346ms total 247.824ms
12-09 07:56:26.057 W/audio_hw_generic( 1307): Not supplying enough data to HAL, expected position 17020766 , only wrote 17020750
12-09 07:56:26.089 W/audio_hw_generic( 1307): Not supplying enough data to HAL, expected position 17022131 , only wrote 17022072
12-09 07:56:26.214 W/audio_hw_generic( 1307): Not supplying enough data to HAL, expected position 17027582 , only wrote 17026038
12-09 07:56:26.214 W/audio_hw_generic( 1307): Not supplying enough data to HAL, expected position 17026044 , only wrote 17026038
12-09 07:56:26.247 W/audio_hw_generic( 1307): Not supplying enough data to HAL, expected position 17027494 , only wrote 17026699
12-09 07:56:26.296 V/PhoneStatusBar( 1681): setLightsOn(true)
12-09 07:56:26.353 W/audio_hw_generic( 1307): Not supplying enough data to HAL, expected position 17031372 , only wrote 17030665
12-09 07:56:26.362 D/gralloc_ranchu( 1226): gralloc_alloc: Creating ashmem region of size 3686400
12-09 07:56:26.559 E/SurfaceFlinger( 1226): ro.sf.lcd_density must be defined as a build property
12-09 07:56:26.565 D/gralloc_ranchu( 1226): gralloc_alloc: Creating ashmem region of size 3686400
12-09 07:56:26.625 D/        ( 8940): HostConnection::get() New Host Connection established 0x7f7d71452480, tid 8940
12-09 07:56:26.669 E/EGL_emulation( 1226): tid 1226: eglCreateSyncKHR(1881): error 0x3004 (EGL_BAD_ATTRIBUTE)
12-09 07:56:26.672 W/audio_hw_generic( 1307): Not supplying enough data to HAL, expected position 17044751 , only wrote 17044546
12-09 07:56:26.821 W/audio_hw_generic( 1307): Not supplying enough data to HAL, expected position 17051085 , only wrote 17049834
12-09 07:56:26.895 W/audio_hw_generic( 1307): Not supplying enough data to HAL, expected position 17053118 , only wrote 17051156
12-09 07:56:27.197 W/audio_hw_generic( 1307): Not supplying enough data to HAL, expected position 17064465 , only wrote 17063715
12-09 07:56:27.197 W/audio_hw_generic( 1307): Not supplying enough data to HAL, expected position 17063721 , only wrote 17063715
12-09 07:56:27.213 W/audio_hw_generic( 1307): Not supplying enough data to HAL, expected position 17064393 , only wrote 17064376
12-09 07:56:27.366 W/audio_hw_generic( 1307): Not supplying enough data to HAL, expected position 17071141 , only wrote 17070325
12-09 07:56:27.366 W/audio_hw_generic( 1307): Not supplying enough data to HAL, expected position 17070331 , only wrote 17070325
12-09 07:56:27.401 W/audio_hw_generic( 1307): Not supplying enough data to HAL, expected position 17071871 , only wrote 17070986
12-09 07:56:27.437 W/art     ( 1591): Long monitor contention event with owner method=void com.android.server.wm.WindowAnimator$1.doFrame(long) from WindowAnimator.java:121 waiters=1 for 326ms
12-09 07:56:27.728 W/art     ( 1591): Long monitor contention event with owner method=void com.android.server.wm.WindowAnimator$1.doFrame(long) from WindowAnimator.java:121 waiters=1 for 292ms
12-09 07:56:27.848 W/art     ( 1591): Long monitor contention event with owner method=java.util.List com.android.server.am.ActivityManagerService.getAllStackInfos() from ActivityManagerService.java:8937 waiters=0 for 381ms
12-09 07:56:27.881 W/audio_hw_generic( 1307): Hardware backing HAL too slow, could only write 0 of 661 frames
12-09 07:56:27.918 D/gralloc_ranchu( 1226): gralloc_alloc: Creating ashmem region of size 3686400
12-09 07:56:27.962 I/ActivityManager( 1591): Displayed com.evancharlton.mileage/.FillupInfoActivity: +2s97ms
12-09 07:56:28.046 W/audio_hw_generic( 1307): Hardware backing HAL too slow, could only write 0 of 661 frames
12-09 07:56:28.170 W/audio_hw_generic( 1307): Hardware backing HAL too slow, could only write 0 of 661 frames
12-09 07:56:28.228 D/AndroidRuntime( 8943): >>>>>> START com.android.internal.os.RuntimeInit uid 0 <<<<<<
12-09 07:56:28.243 D/AndroidRuntime( 8943): CheckJNI is ON
12-09 07:56:28.354 D/ICU     ( 8943): No timezone override file found: /data/misc/zoneinfo/current/icu/icu_tzdata.dat
