--------- beginning of main
12-09 08:33:49.233 E/EGL_emulation( 1219): tid 1219: eglCreateSyncKHR(1881): error 0x3004 (EGL_BAD_ATTRIBUTE)
12-09 08:33:49.435 W/art     ( 1592): Suspending all threads took: 30.436ms
--------- beginning of system
12-09 08:33:49.437 W/ActivityManager( 1592): Finishing task with all activities already finished
12-09 08:33:49.437 W/ActivityManager( 1592): Duplicate finish request for ActivityRecord{b6d8ad8 u0 com.evancharlton.mileage/.Mileage t475 f}
12-09 08:33:49.438 W/ActivityManager( 1592): Finishing task with all activities already finished
12-09 08:33:49.438 W/ActivityManager( 1592): Duplicate finish request for ActivityRecord{b6d8ad8 u0 com.evancharlton.mileage/.Mileage t475 f}
12-09 08:33:49.438 W/ActivityManager( 1592): Finishing task with all activities already finished
12-09 08:33:49.438 W/ActivityManager( 1592): Duplicate finish request for ActivityRecord{b6d8ad8 u0 com.evancharlton.mileage/.Mileage t475 f}
12-09 08:33:49.438 W/ActivityManager( 1592): Finishing task with all activities already finished
12-09 08:33:49.439 W/ActivityManager( 1592): Duplicate finish request for ActivityRecord{b6d8ad8 u0 com.evancharlton.mileage/.Mileage t475 f}
12-09 08:33:49.439 W/ActivityManager( 1592): Finishing task with all activities already finished
12-09 08:33:49.439 W/ActivityManager( 1592): Duplicate finish request for ActivityRecord{b6d8ad8 u0 com.evancharlton.mileage/.Mileage t475 f}
12-09 08:33:49.439 W/ActivityManager( 1592): Finishing task with all activities already finished
12-09 08:33:49.476 W/ActivityManager( 1592): Duplicate finish request for ActivityRecord{b6d8ad8 u0 com.evancharlton.mileage/.Mileage t475 f}
12-09 08:33:49.477 W/ActivityManager( 1592): Finishing task with all activities already finished
12-09 08:33:49.477 W/ActivityManager( 1592): Duplicate finish request for ActivityRecord{b6d8ad8 u0 com.evancharlton.mileage/.Mileage t475 f}
12-09 08:33:49.477 W/ActivityManager( 1592): Finishing task with all activities already finished
12-09 08:33:49.477 W/ActivityManager( 1592): Duplicate finish request for ActivityRecord{b6d8ad8 u0 com.evancharlton.mileage/.Mileage t475 f}
12-09 08:33:49.477 W/ActivityManager( 1592): Finishing task with all activities already finished
12-09 08:33:49.477 W/ActivityManager( 1592): Duplicate finish request for ActivityRecord{b6d8ad8 u0 com.evancharlton.mileage/.Mileage t475 f}
12-09 08:33:49.478 W/ActivityManager( 1592): Finishing task with all activities already finished
12-09 08:33:49.478 W/ActivityManager( 1592): Duplicate finish request for ActivityRecord{b6d8ad8 u0 com.evancharlton.mileage/.Mileage t475 f}
12-09 08:33:49.478 W/ActivityManager( 1592): Finishing task with all activities already finished
12-09 08:33:49.478 W/ActivityManager( 1592): Duplicate finish request for ActivityRecord{b6d8ad8 u0 com.evancharlton.mileage/.Mileage t475 f}
12-09 08:33:49.508 I/art     ( 1592): Background partial concurrent mark sweep GC freed 1124(68KB) AllocSpace objects, 1(20KB) LOS objects, 30% free, 9MB/13MB, paused 31.861ms total 218.979ms
12-09 08:33:49.556 D/EGL_emulation( 1950): eglMakeCurrent: 0x7f1dd13b4dc0: ver 2 0 (tinfo 0x7f1dd1382d60)
12-09 08:33:50.086 D/AndroidRuntime(18725): >>>>>> START com.android.internal.os.RuntimeInit uid 0 <<<<<<
12-09 08:33:50.113 D/AndroidRuntime(18725): CheckJNI is ON
12-09 08:33:50.161 D/ICU     (18725): No timezone override file found: /data/misc/zoneinfo/current/icu/icu_tzdata.dat
12-09 08:33:50.382 I/Choreographer( 1950): Skipped 45 frames!  The application may be doing too much work on its main thread.
12-09 08:33:50.400 E/memtrack(18725): Couldn't load memtrack module (No such file or directory)
12-09 08:33:50.400 E/android.os.Debug(18725): failed to load memtrack module: -2
12-09 08:33:50.401 I/Radio-JNI(18725): register_android_hardware_Radio DONE
12-09 08:33:50.428 D/AndroidRuntime(18725): Calling main entry com.android.commands.am.Am
12-09 08:33:50.432 W/OpenGLRenderer( 1950): Incorrectly called buildLayer on View: ShortcutAndWidgetContainer, destroying layer...
12-09 08:33:50.490 I/ActivityManager( 1592): Force stopping com.evancharlton.mileage appid=10139 user=0: start instr
12-09 08:33:50.490 I/ActivityManager( 1592): Killing 18679:com.evancharlton.mileage/u0a139 (adj 0): stop com.evancharlton.mileage
12-09 08:33:50.532 W/ActivityManager( 1592): Crash of app com.evancharlton.mileage running instrumentation ComponentInfo{com.evancharlton.mileage.test/sh.calaba.instrumentationbackend.CalabashInstrumentationTestRunner}
12-09 08:33:50.532 I/ActivityManager( 1592): Force stopping com.evancharlton.mileage appid=10139 user=0: finished inst
12-09 08:33:50.552 I/WindowState( 1592): WIN DEATH: Window{f99a54d u0 com.evancharlton.mileage/com.evancharlton.mileage.Mileage EXITING}
12-09 08:33:50.592 I/ActivityManager( 1592): Start proc 18734:com.evancharlton.mileage/u0a139 for added application com.evancharlton.mileage
12-09 08:33:50.593 D/AndroidRuntime(18725): Shutting down VM
12-09 08:33:50.677 W/System  (18734): ClassLoader referenced unknown path: /data/app/com.evancharlton.mileage.test-1/lib/x86_64
12-09 08:33:50.677 W/System  (18734): ClassLoader referenced unknown path: /data/app/com.evancharlton.mileage-1/lib/x86_64
12-09 08:33:50.793 I/System.out(18734): Main activity name automatically set to: com.evancharlton.mileage.Mileage
12-09 08:33:50.794 I/System.out(18734): Calabash did not load Mono. This is only a problem if you are trying to test a Mono application
12-09 08:33:50.794 I/calabash(18734): Test server port: 7102
12-09 08:33:50.795 I/InstrumentationBackend(18734): Added:'GetPreferences', with key:'get_preferences'
12-09 08:33:50.894 I/art     (18734): Background partial concurrent mark sweep GC freed 8033(418KB) AllocSpace objects, 0(0B) LOS objects, 56% free, 775KB/1799KB, paused 5.808ms total 214.955ms
12-09 08:33:50.918 W/WindowAnimator( 1592): Failed to dispatch window animation state change.
12-09 08:33:50.918 W/WindowAnimator( 1592): android.os.DeadObjectException
12-09 08:33:50.918 W/WindowAnimator( 1592): 	at android.os.BinderProxy.transactNative(Native Method)
12-09 08:33:50.918 W/WindowAnimator( 1592): 	at android.os.BinderProxy.transact(Binder.java:503)
12-09 08:33:50.918 W/WindowAnimator( 1592): 	at android.view.IWindow$Stub$Proxy.onAnimationStopped(IWindow.java:534)
12-09 08:33:50.918 W/WindowAnimator( 1592): 	at com.android.server.wm.WindowAnimator.updateWindowsLocked(WindowAnimator.java:286)
12-09 08:33:50.918 W/WindowAnimator( 1592): 	at com.android.server.wm.WindowAnimator.animateLocked(WindowAnimator.java:678)
12-09 08:33:50.918 W/WindowAnimator( 1592): 	at com.android.server.wm.WindowAnimator.-wrap0(WindowAnimator.java)
12-09 08:33:50.918 W/WindowAnimator( 1592): 	at com.android.server.wm.WindowAnimator$1.doFrame(WindowAnimator.java:123)
12-09 08:33:50.918 W/WindowAnimator( 1592): 	at android.view.Choreographer$CallbackRecord.run(Choreographer.java:856)
12-09 08:33:50.918 W/WindowAnimator( 1592): 	at android.view.Choreographer.doCallbacks(Choreographer.java:670)
12-09 08:33:50.918 W/WindowAnimator( 1592): 	at android.view.Choreographer.doFrame(Choreographer.java:603)
12-09 08:33:50.918 W/WindowAnimator( 1592): 	at android.view.Choreographer$FrameDisplayEventReceiver.run(Choreographer.java:844)
12-09 08:33:50.918 W/WindowAnimator( 1592): 	at android.os.Handler.handleCallback(Handler.java:739)
12-09 08:33:50.918 W/WindowAnimator( 1592): 	at android.os.Handler.dispatchMessage(Handler.java:95)
12-09 08:33:50.918 W/WindowAnimator( 1592): 	at android.os.Looper.loop(Looper.java:148)
12-09 08:33:50.918 W/WindowAnimator( 1592): 	at android.os.HandlerThread.run(HandlerThread.java:61)
12-09 08:33:50.918 W/WindowAnimator( 1592): 	at com.android.server.ServiceThread.run(ServiceThread.java:46)
12-09 08:33:50.951 I/InstrumentationBackend(18734): Added:'SetPreferences', with key:'set_preferences'
12-09 08:33:50.952 I/InstrumentationBackend(18734): Added:'ClearPreferences', with key:'clear_preferences'
12-09 08:33:50.952 I/InstrumentationBackend(18734): Added:'PressElement', with key:'press_l10n_element'
12-09 08:33:50.952 I/InstrumentationBackend(18734): Added:'WaitForElement', with key:'wait_for_l10n_element'
12-09 08:33:50.952 I/InstrumentationBackend(18734): Added:'NullAction', with key:'nullAction'
12-09 08:33:50.953 I/InstrumentationBackend(18734): Added:'PressKey', with key:'press_key'
12-09 08:33:50.953 I/InstrumentationBackend(18734): Added:'SetActivityOrientation', with key:'set_activity_orientation'
12-09 08:33:50.953 I/InstrumentationBackend(18734): Added:'GetActivityOrientation', with key:'get_activity_orientation'
12-09 08:33:50.953 I/InstrumentationBackend(18734): Added:'FakeGPSLocation', with key:'set_gps_coordinates'
12-09 08:33:50.953 I/InstrumentationBackend(18734): Added:'SetPropertyByCssSelector', with key:'set_property_by_css_selector'
12-09 08:33:50.954 I/InstrumentationBackend(18734): Added:'GetUrl', with key:'get_url'
12-09 08:33:50.954 I/InstrumentationBackend(18734): Added:'ScrollTo', with key:'scroll_to'
12-09 08:33:50.954 I/InstrumentationBackend(18734): Added:'GetLoadProgress', with key:'get_load_progress'
12-09 08:33:50.955 I/InstrumentationBackend(18734): Added:'DumpHtml', with key:'dump_html'
12-09 08:33:50.960 I/InstrumentationBackend(18734): Added:'DumpBodyHtml', with key:'dump_body_html'
12-09 08:33:50.963 I/InstrumentationBackend(18734): Added:'EnterTextByCssSelector', with key:'enter_text_by_selector'
12-09 08:33:50.964 I/InstrumentationBackend(18734): Added:'AndroidSDKVersion', with key:'android_sdk_version'
12-09 08:33:50.964 I/InstrumentationBackend(18734): Added:'Version', with key:'version'
12-09 08:33:50.964 I/InstrumentationBackend(18734): Added:'Drag', with key:'drag'
12-09 08:33:50.965 I/InstrumentationBackend(18734): Added:'TouchCoordinates', with key:'touch_coordinate'
12-09 08:33:50.965 I/InstrumentationBackend(18734): Added:'LongPressCoordinate', with key:'long_press_coordinate'
12-09 08:33:50.965 I/InstrumentationBackend(18734): Added:'DragCoordinates', with key:'drag_coordinates'
12-09 08:33:50.965 I/InstrumentationBackend(18734): Added:'ResumeApplication', with key:'resume_application'
12-09 08:33:50.965 I/InstrumentationBackend(18734): Added:'Swipe', with key:'swipe'
12-09 08:33:50.965 I/InstrumentationBackend(18734): Added:'DoubleTapCoordinate', with key:'double_tap_coordinate'
12-09 08:33:50.966 I/InstrumentationBackend(18734): Added:'ClickOnScreen', with key:'click_on_screen'
12-09 08:33:50.966 I/InstrumentationBackend(18734): Added:'GetActivityName', with key:'get_activity_name'
12-09 08:33:50.966 I/InstrumentationBackend(18734): Added:'ScrollToView', with key:'scroll_to_view'
12-09 08:33:50.966 I/InstrumentationBackend(18734): Added:'ViewConfiguration', with key:'view_configuration'
12-09 08:33:50.967 I/InstrumentationBackend(18734): Added:'IsCurrentActivityFocused', with key:'is_current_activity_focused'
12-09 08:33:50.967 I/InstrumentationBackend(18734): Added:'SendTcp', with key:'send_tcp'
12-09 08:33:50.967 I/InstrumentationBackend(18734): Added:'DpToDevicePixel', with key:'dp_to_device_pixel'
12-09 08:33:51.004 I/InstrumentationBackend(18734): Added:'KeyboardEnterText', with key:'keyboard_enter_text'
12-09 08:33:51.004 I/InstrumentationBackend(18734): Added:'DeleteSurroundingText', with key:'delete_surrounding_text'
12-09 08:33:51.004 I/InstrumentationBackend(18734): Added:'SetComposingRegion', with key:'set_composing_region'
12-09 08:33:51.005 I/InstrumentationBackend(18734): Added:'SetSelection', with key:'set_selection'
12-09 08:33:51.005 I/InstrumentationBackend(18734): Added:'KeyboardKeyEvent', with key:'keyboard_key_event'
12-09 08:33:51.005 I/InstrumentationBackend(18734): Added:'PressUserActionButton', with key:'press_user_action_button'
12-09 08:33:51.005 I/InstrumentationBackend(18734): Added:'HideSoftKeyboard', with key:'hide_soft_keyboard'
12-09 08:33:51.006 I/InstrumentationBackend(18734): Added:'ListActions', with key:'list_actions'
12-09 08:33:51.006 I/calabash(18734): Instantiating http server at 7102
12-09 08:33:51.007 I/System.out(18734): HTTP Daemon listening on: 7102
12-09 08:33:51.112 I/System.out(18734): URI: //ping
12-09 08:33:51.113 I/System.out(18734): params: {json={}
12-09 08:33:51.113 I/System.out(18734): }
12-09 08:33:51.172 I/System.out(18734): URI: //ping
12-09 08:33:51.172 I/System.out(18734): params: {json={}
12-09 08:33:51.172 I/System.out(18734): }
12-09 08:33:51.208 I/System.out(18734): URI: //ready
12-09 08:33:51.208 I/System.out(18734): params: {json={}
12-09 08:33:51.208 I/System.out(18734): }
12-09 08:33:51.393 I/System.out(18734): URI: //
12-09 08:33:51.393 I/System.out(18734): params: {json={"command":"version","arguments":[]}
12-09 08:33:51.393 I/System.out(18734): }
12-09 08:33:51.393 I/System.out(18734): header: {date=Sun, 09 Dec 2018 08:33:51 GMT, accept=*/*, content-length=36, host=127.0.0.1:34777, user-agent=HTTPClient/1.0 (2.8.3, ruby 2.3.1 (2016-04-26)), content-type=application/json;charset=utf-8}
12-09 08:33:51.393 I/System.out(18734): params: {json={"command":"version","arguments":[]}
12-09 08:33:51.393 I/System.out(18734): }
12-09 08:33:51.393 I/System.out(18734): ProP json = {"command":"version","arguments":[]}
12-09 08:33:51.393 I/System.out(18734): files: {}
12-09 08:33:51.393 I/System.out(18734): command: {"command":"version","arguments":[]}
12-09 08:33:51.445 I/InstrumentationBackend(18734): Got command:'Command:'Line:null,version', arguments:'[]'
12-09 08:33:51.523 I/System.out(18734): result:{"bonusInformation":[],"message":"0.9.8","success":true}
12-09 08:33:51.583 I/System.out(18734): URI: //start-application
12-09 08:33:51.583 I/System.out(18734): params: {json={"intent":null}
12-09 08:33:51.583 I/System.out(18734): }
12-09 08:33:51.584 I/art     (18734): Background sticky concurrent mark sweep GC freed 13604(631KB) AllocSpace objects, 2(40KB) LOS objects, 21% free, 1405KB/1799KB, paused 5.766ms total 119.569ms
12-09 08:33:51.684 I/ActivityManager( 1592): START u0 {act=android.intent.action.MAIN cat=[android.intent.category.LAUNCHER] flg=0x10200000 cmp=com.evancharlton.mileage/.Mileage} from uid 10139 on display 0
12-09 08:33:51.809 I/calabash(18734): newActivity1
12-09 08:33:51.942 D/gralloc_ranchu( 1219): gralloc_alloc: Creating ashmem region of size 3686400
12-09 08:33:51.946 W/art     ( 1592): Long monitor contention event with owner method=void com.android.server.am.ActivityManagerService.activityPaused(android.os.IBinder) from ActivityManagerService.java:6439 waiters=1 for 135ms
12-09 08:33:52.018 I/calabash(18734): newActivity1
12-09 08:33:52.030 W/ActivityManager( 1592): Bad activity token: android.os.BinderProxy@ed916b9
12-09 08:33:52.030 W/ActivityManager( 1592): java.lang.ClassCastException: android.os.BinderProxy cannot be cast to com.android.server.am.ActivityRecord$Token
12-09 08:33:52.030 W/ActivityManager( 1592): 	at com.android.server.am.ActivityRecord.forTokenLocked(ActivityRecord.java:424)
12-09 08:33:52.030 W/ActivityManager( 1592): 	at com.android.server.am.ActivityRecord.isInStackLocked(ActivityRecord.java:1121)
12-09 08:33:52.030 W/ActivityManager( 1592): 	at com.android.server.am.ActivityRecord.getStackLocked(ActivityRecord.java:1126)
12-09 08:33:52.030 W/ActivityManager( 1592): 	at com.android.server.am.ActivityManagerService.getActivityDisplayId(ActivityManagerService.java:8889)
12-09 08:33:52.030 W/ActivityManager( 1592): 	at android.app.ActivityManagerNative.onTransact(ActivityManagerNative.java:2338)
12-09 08:33:52.030 W/ActivityManager( 1592): 	at com.android.server.am.ActivityManagerService.onTransact(ActivityManagerService.java:2443)
12-09 08:33:52.030 W/ActivityManager( 1592): 	at android.os.Binder.execTransact(Binder.java:453)
12-09 08:33:52.040 W/ActivityManager( 1592): Bad activity token: android.os.BinderProxy@ed916b9
12-09 08:33:52.040 W/ActivityManager( 1592): java.lang.ClassCastException: android.os.BinderProxy cannot be cast to com.android.server.am.ActivityRecord$Token
12-09 08:33:52.040 W/ActivityManager( 1592): 	at com.android.server.am.ActivityRecord.forTokenLocked(ActivityRecord.java:424)
12-09 08:33:52.040 W/ActivityManager( 1592): 	at com.android.server.am.ActivityRecord.isInStackLocked(ActivityRecord.java:1121)
12-09 08:33:52.040 W/ActivityManager( 1592): 	at com.android.server.am.ActivityManagerService.setTaskDescription(ActivityManagerService.java:8547)
12-09 08:33:52.040 W/ActivityManager( 1592): 	at android.app.ActivityManagerNative.onTransact(ActivityManagerNative.java:2410)
12-09 08:33:52.040 W/ActivityManager( 1592): 	at com.android.server.am.ActivityManagerService.onTransact(ActivityManagerService.java:2443)
12-09 08:33:52.040 W/ActivityManager( 1592): 	at android.os.Binder.execTransact(Binder.java:453)
12-09 08:33:52.102 I/art     (18734): Background sticky concurrent mark sweep GC freed 1354(165KB) AllocSpace objects, 0(0B) LOS objects, 3% free, 1734KB/1799KB, paused 1.259ms total 137.454ms
12-09 08:33:52.155 V/PhoneStatusBar( 1693): setLightsOn(true)
12-09 08:33:52.212 I/art     (18734): Background partial concurrent mark sweep GC freed 2214(256KB) AllocSpace objects, 3(60KB) LOS objects, 39% free, 1630KB/2MB, paused 1.227ms total 101.317ms
12-09 08:33:52.269 D/EGL_emulation( 1950): eglMakeCurrent: 0x7f1dd13b4dc0: ver 2 0 (tinfo 0x7f1dd1382d60)
12-09 08:33:52.337 E/Surface ( 1950): getSlotFromBufferLocked: unknown buffer: 0x7f1dd13b5c20
12-09 08:33:52.338 W/ActivityManager( 1592): Bad activity token: android.os.BinderProxy@ed916b9
12-09 08:33:52.338 W/ActivityManager( 1592): java.lang.ClassCastException: android.os.BinderProxy cannot be cast to com.android.server.am.ActivityRecord$Token
12-09 08:33:52.338 W/ActivityManager( 1592): 	at com.android.server.am.ActivityRecord.forTokenLocked(ActivityRecord.java:424)
12-09 08:33:52.338 W/ActivityManager( 1592): 	at com.android.server.am.ActivityRecord.isInStackLocked(ActivityRecord.java:1121)
12-09 08:33:52.338 W/ActivityManager( 1592): 	at com.android.server.am.ActivityManagerService.getActivityOptions(ActivityManagerService.java:11038)
12-09 08:33:52.338 W/ActivityManager( 1592): 	at android.app.ActivityManagerNative.onTransact(ActivityManagerNative.java:1734)
12-09 08:33:52.338 W/ActivityManager( 1592): 	at com.android.server.am.ActivityManagerService.onTransact(ActivityManagerService.java:2443)
12-09 08:33:52.338 W/ActivityManager( 1592): 	at android.os.Binder.execTransact(Binder.java:453)
12-09 08:33:52.345 W/ActivityManager( 1592): Bad activity token: android.os.BinderProxy@ed916b9
12-09 08:33:52.345 W/ActivityManager( 1592): java.lang.ClassCastException: android.os.BinderProxy cannot be cast to com.android.server.am.ActivityRecord$Token
12-09 08:33:52.345 W/ActivityManager( 1592): 	at com.android.server.am.ActivityRecord.forTokenLocked(ActivityRecord.java:424)
12-09 08:33:52.345 W/ActivityManager( 1592): 	at com.android.server.am.ActivityRecord.isInStackLocked(ActivityRecord.java:1121)
12-09 08:33:52.345 W/ActivityManager( 1592): 	at com.android.server.am.ActivityManagerService.getActivityOptions(ActivityManagerService.java:11038)
12-09 08:33:52.345 W/ActivityManager( 1592): 	at android.app.ActivityManagerNative.onTransact(ActivityManagerNative.java:1734)
12-09 08:33:52.345 W/ActivityManager( 1592): 	at com.android.server.am.ActivityManagerService.onTransact(ActivityManagerService.java:2443)
12-09 08:33:52.345 W/ActivityManager( 1592): 	at android.os.Binder.execTransact(Binder.java:453)
12-09 08:33:52.574 D/gralloc_ranchu( 1219): gralloc_alloc: Creating ashmem region of size 3686400
12-09 08:33:52.705 D/        (18734): HostConnection::get() New Host Connection established 0x7f1dcd9bd400, tid 18734
12-09 08:33:53.105 D/gralloc_ranchu( 1219): gralloc_alloc: Creating ashmem region of size 3686400
12-09 08:33:53.356 I/ActivityManager( 1592): Displayed com.evancharlton.mileage/.Mileage: +1s580ms
12-09 08:33:53.664 I/art     (18734): WaitForGcToComplete blocked for 12.834ms for cause Background
12-09 08:33:53.762 I/System.out(18734): URI: //gesture
12-09 08:33:53.762 I/System.out(18734): params: {json={"query_timeout":5.0,"gestures":[{"query_string":"android.widget.TabWidget descendant TextView index:1","touches":[{"x":50,"y":50,"offset_x":0,"offset_y":0,"wait":0.0,"time":0.2,"release":true,"query_string":null}]}]}
12-09 08:33:53.762 I/System.out(18734): }
12-09 08:33:53.801 I/art     (18734): Background sticky concurrent mark sweep GC freed 14269(725KB) AllocSpace objects, 1(20KB) LOS objects, 5% free, 2MB/2MB, paused 1.149ms total 136.393ms
12-09 08:33:53.876 D/gralloc_ranchu( 1219): gralloc_alloc: Creating ashmem region of size 3686400
12-09 08:33:54.080 W/art     ( 1592): Long monitor contention event with owner method=void com.android.server.am.ActivityManagerService.activityIdle(android.os.IBinder, android.content.res.Configuration, boolean) from ActivityManagerService.java:6197 waiters=0 for 349ms
12-09 08:33:54.676 I/calabash(18734): newActivity1
12-09 08:33:54.677 W/ActivityManager( 1592): Bad activity token: android.os.BinderProxy@e02af62
12-09 08:33:54.677 W/ActivityManager( 1592): java.lang.ClassCastException: android.os.BinderProxy cannot be cast to com.android.server.am.ActivityRecord$Token
12-09 08:33:54.677 W/ActivityManager( 1592): 	at com.android.server.am.ActivityRecord.forTokenLocked(ActivityRecord.java:424)
12-09 08:33:54.677 W/ActivityManager( 1592): 	at com.android.server.am.ActivityRecord.isInStackLocked(ActivityRecord.java:1121)
12-09 08:33:54.677 W/ActivityManager( 1592): 	at com.android.server.am.ActivityRecord.getStackLocked(ActivityRecord.java:1126)
12-09 08:33:54.677 W/ActivityManager( 1592): 	at com.android.server.am.ActivityManagerService.getActivityDisplayId(ActivityManagerService.java:8889)
12-09 08:33:54.677 W/ActivityManager( 1592): 	at android.app.ActivityManagerNative.onTransact(ActivityManagerNative.java:2338)
12-09 08:33:54.677 W/ActivityManager( 1592): 	at com.android.server.am.ActivityManagerService.onTransact(ActivityManagerService.java:2443)
12-09 08:33:54.677 W/ActivityManager( 1592): 	at android.os.Binder.execTransact(Binder.java:453)
12-09 08:33:54.678 W/ActivityManager( 1592): Bad activity token: android.os.BinderProxy@e02af62
12-09 08:33:54.678 W/ActivityManager( 1592): java.lang.ClassCastException: android.os.BinderProxy cannot be cast to com.android.server.am.ActivityRecord$Token
12-09 08:33:54.678 W/ActivityManager( 1592): 	at com.android.server.am.ActivityRecord.forTokenLocked(ActivityRecord.java:424)
12-09 08:33:54.678 W/ActivityManager( 1592): 	at com.android.server.am.ActivityRecord.isInStackLocked(ActivityRecord.java:1121)
12-09 08:33:54.678 W/ActivityManager( 1592): 	at com.android.server.am.ActivityManagerService.setTaskDescription(ActivityManagerService.java:8547)
12-09 08:33:54.678 W/ActivityManager( 1592): 	at android.app.ActivityManagerNative.onTransact(ActivityManagerNative.java:2410)
12-09 08:33:54.678 W/ActivityManager( 1592): 	at com.android.server.am.ActivityManagerService.onTransact(ActivityManagerService.java:2443)
12-09 08:33:54.678 W/ActivityManager( 1592): 	at android.os.Binder.execTransact(Binder.java:453)
12-09 08:33:54.726 W/ActivityManager( 1592): Bad activity token: android.os.BinderProxy@e02af62
12-09 08:33:54.726 W/ActivityManager( 1592): java.lang.ClassCastException: android.os.BinderProxy cannot be cast to com.android.server.am.ActivityRecord$Token
12-09 08:33:54.726 W/ActivityManager( 1592): 	at com.android.server.am.ActivityRecord.forTokenLocked(ActivityRecord.java:424)
12-09 08:33:54.726 W/ActivityManager( 1592): 	at com.android.server.am.ActivityRecord.isInStackLocked(ActivityRecord.java:1121)
12-09 08:33:54.726 W/ActivityManager( 1592): 	at com.android.server.am.ActivityManagerService.getActivityOptions(ActivityManagerService.java:11038)
12-09 08:33:54.726 W/ActivityManager( 1592): 	at android.app.ActivityManagerNative.onTransact(ActivityManagerNative.java:1734)
12-09 08:33:54.726 W/ActivityManager( 1592): 	at com.android.server.am.ActivityManagerService.onTransact(ActivityManagerService.java:2443)
12-09 08:33:54.726 W/ActivityManager( 1592): 	at android.os.Binder.execTransact(Binder.java:453)
12-09 08:33:54.727 W/ActivityManager( 1592): Bad activity token: android.os.BinderProxy@e02af62
12-09 08:33:54.727 W/ActivityManager( 1592): java.lang.ClassCastException: android.os.BinderProxy cannot be cast to com.android.server.am.ActivityRecord$Token
12-09 08:33:54.727 W/ActivityManager( 1592): 	at com.android.server.am.ActivityRecord.forTokenLocked(ActivityRecord.java:424)
12-09 08:33:54.727 W/ActivityManager( 1592): 	at com.android.server.am.ActivityRecord.isInStackLocked(ActivityRecord.java:1121)
12-09 08:33:54.727 W/ActivityManager( 1592): 	at com.android.server.am.ActivityManagerService.getActivityOptions(ActivityManagerService.java:11038)
12-09 08:33:54.727 W/ActivityManager( 1592): 	at android.app.ActivityManagerNative.onTransact(ActivityManagerNative.java:1734)
12-09 08:33:54.727 W/ActivityManager( 1592): 	at com.android.server.am.ActivityManagerService.onTransact(ActivityManagerService.java:2443)
12-09 08:33:54.727 W/ActivityManager( 1592): 	at android.os.Binder.execTransact(Binder.java:453)
12-09 08:33:54.735 W/audio_hw_generic( 1308): Hardware backing HAL too slow, could only write 0 of 661 frames
12-09 08:33:54.767 W/audio_hw_generic( 1308): Hardware backing HAL too slow, could only write 0 of 661 frames
12-09 08:33:54.781 W/audio_hw_generic( 1308): Hardware backing HAL too slow, could only write 0 of 661 frames
12-09 08:33:54.782 I/art     (18734): Background sticky concurrent mark sweep GC freed 18360(806KB) AllocSpace objects, 0(0B) LOS objects, 1% free, 2MB/2MB, paused 5.019ms total 96.397ms
12-09 08:33:54.795 W/audio_hw_generic( 1308): Hardware backing HAL too slow, could only write 0 of 661 frames
12-09 08:33:54.810 W/audio_hw_generic( 1308): Hardware backing HAL too slow, could only write 0 of 661 frames
12-09 08:33:54.898 D/Mileage (18734): Not enough fillups to calculate economy
12-09 08:33:55.069 W/audio_hw_generic( 1308): Not supplying enough data to HAL, expected position 43296085 , only wrote 43294839
12-09 08:33:55.070 W/audio_hw_generic( 1308): Not supplying enough data to HAL, expected position 43294846 , only wrote 43294839
12-09 08:33:55.089 W/audio_hw_generic( 1308): Not supplying enough data to HAL, expected position 43295716 , only wrote 43295500
12-09 08:33:55.299 W/audio_hw_generic( 1308): Not supplying enough data to HAL, expected position 43304761 , only wrote 43302771
12-09 08:33:55.300 W/audio_hw_generic( 1308): Not supplying enough data to HAL, expected position 43302778 , only wrote 43302771
12-09 08:33:55.339 W/audio_hw_generic( 1308): Not supplying enough data to HAL, expected position 43304520 , only wrote 43303432
12-09 08:33:55.392 W/audio_hw_generic( 1308): Hardware backing HAL too slow, could only write 0 of 661 frames
12-09 08:33:55.392 W/audio_hw_generic( 1308): Hardware backing HAL too slow, could only write 0 of 661 frames
12-09 08:33:55.412 W/audio_hw_generic( 1308): Hardware backing HAL too slow, could only write 0 of 661 frames
12-09 08:33:55.436 W/audio_hw_generic( 1308): Hardware backing HAL too slow, could only write 0 of 661 frames
12-09 08:33:55.443 W/audio_hw_generic( 1308): Hardware backing HAL too slow, could only write 0 of 661 frames
12-09 08:33:55.461 W/audio_hw_generic( 1308): Not supplying enough data to HAL, expected position 43308777 , only wrote 43308720
12-09 08:33:55.461 W/audio_hw_generic( 1308): Hardware backing HAL too slow, could only write 0 of 661 frames
12-09 08:33:55.461 W/audio_hw_generic( 1308): Hardware backing HAL too slow, could only write 0 of 661 frames
12-09 08:33:55.544 E/SurfaceFlinger( 1219): ro.sf.lcd_density must be defined as a build property
12-09 08:33:55.560 D/gralloc_ranchu( 1219): gralloc_alloc: Creating ashmem region of size 3686400
12-09 08:33:55.575 D/        (18762): HostConnection::get() New Host Connection established 0x7f696f112480, tid 18762
12-09 08:33:55.607 W/audio_hw_generic( 1308): Hardware backing HAL too slow, could only write 0 of 661 frames
12-09 08:33:55.615 E/EGL_emulation( 1219): tid 1219: eglCreateSyncKHR(1881): error 0x3004 (EGL_BAD_ATTRIBUTE)
12-09 08:33:55.631 W/audio_hw_generic( 1308): Hardware backing HAL too slow, could only write 0 of 661 frames
12-09 08:33:55.637 W/audio_hw_generic( 1308): Hardware backing HAL too slow, could only write 0 of 661 frames
12-09 08:33:55.668 W/audio_hw_generic( 1308): Not supplying enough data to HAL, expected position 43317873 , only wrote 43317313
12-09 08:33:55.793 W/audio_hw_generic( 1308): Not supplying enough data to HAL, expected position 43322811 , only wrote 43319957
12-09 08:33:55.793 W/audio_hw_generic( 1308): Not supplying enough data to HAL, expected position 43319964 , only wrote 43319957
12-09 08:33:55.830 W/audio_hw_generic( 1308): Not supplying enough data to HAL, expected position 43321605 , only wrote 43320618
12-09 08:33:56.179 W/audio_hw_generic( 1308): Not supplying enough data to HAL, expected position 43336013 , only wrote 43335821
12-09 08:33:56.180 W/audio_hw_generic( 1308): Not supplying enough data to HAL, expected position 43335828 , only wrote 43335821
12-09 08:33:56.222 W/CursorWrapperInner(18734): Cursor finalized without prior close()
12-09 08:33:56.252 W/audio_hw_generic( 1308): Hardware backing HAL too slow, could only write 0 of 661 frames
12-09 08:33:56.271 W/audio_hw_generic( 1308): Hardware backing HAL too slow, could only write 0 of 661 frames
12-09 08:33:56.283 W/audio_hw_generic( 1308): Hardware backing HAL too slow, could only write 0 of 661 frames
12-09 08:33:56.295 W/audio_hw_generic( 1308): Hardware backing HAL too slow, could only write 0 of 661 frames
12-09 08:33:56.319 W/audio_hw_generic( 1308): Hardware backing HAL too slow, could only write 0 of 661 frames
12-09 08:33:56.327 W/audio_hw_generic( 1308): Hardware backing HAL too slow, could only write 0 of 661 frames
12-09 08:33:56.471 W/audio_hw_generic( 1308): Not supplying enough data to HAL, expected position 43348689 , only wrote 43348380
12-09 08:33:56.472 W/audio_hw_generic( 1308): Not supplying enough data to HAL, expected position 43348387 , only wrote 43348380
12-09 08:33:56.500 W/audio_hw_generic( 1308): Not supplying enough data to HAL, expected position 43349627 , only wrote 43349041
12-09 08:33:56.523 I/System.out(18734): URI: //gesture
12-09 08:33:56.523 I/System.out(18734): params: {json={"query_timeout":5.0,"gestures":[{"query_string":"android.widget.TabWidget descendant TextView index:3","touches":[{"x":50,"y":50,"offset_x":0,"offset_y":0,"wait":0.0,"time":0.2,"release":true,"query_string":null}]}]}
12-09 08:33:56.523 I/System.out(18734): }
12-09 08:33:56.563 W/art     (18734): Suspending all threads took: 7.509ms
12-09 08:33:56.624 I/art     (18734): Background sticky concurrent mark sweep GC freed 11436(491KB) AllocSpace objects, 1(20KB) LOS objects, 0% free, 2MB/2MB, paused 8.869ms total 99.988ms
12-09 08:33:56.690 I/art     (18734): Background partial concurrent mark sweep GC freed 7022(398KB) AllocSpace objects, 2(40KB) LOS objects, 40% free, 2MB/3MB, paused 5.442ms total 60.340ms
12-09 08:33:56.752 W/audio_hw_generic( 1308): Not supplying enough data to HAL, expected position 43360163 , only wrote 43358956
12-09 08:33:56.752 W/audio_hw_generic( 1308): Not supplying enough data to HAL, expected position 43358963 , only wrote 43358956
12-09 08:33:56.783 W/audio_hw_generic( 1308): Hardware backing HAL too slow, could only write 0 of 661 frames
12-09 08:33:56.823 W/audio_hw_generic( 1308): Hardware backing HAL too slow, could only write 0 of 661 frames
12-09 08:33:56.823 W/audio_hw_generic( 1308): Hardware backing HAL too slow, could only write 0 of 661 frames
12-09 08:33:56.851 W/audio_hw_generic( 1308): Not supplying enough data to HAL, expected position 43363323 , only wrote 43362922
12-09 08:33:56.942 I/calabash(18734): newActivity1
12-09 08:33:56.947 W/ActivityManager( 1592): Bad activity token: android.os.BinderProxy@843f14f
12-09 08:33:56.947 W/ActivityManager( 1592): java.lang.ClassCastException: android.os.BinderProxy cannot be cast to com.android.server.am.ActivityRecord$Token
12-09 08:33:56.947 W/ActivityManager( 1592): 	at com.android.server.am.ActivityRecord.forTokenLocked(ActivityRecord.java:424)
12-09 08:33:56.947 W/ActivityManager( 1592): 	at com.android.server.am.ActivityRecord.isInStackLocked(ActivityRecord.java:1121)
12-09 08:33:56.947 W/ActivityManager( 1592): 	at com.android.server.am.ActivityRecord.getStackLocked(ActivityRecord.java:1126)
12-09 08:33:56.947 W/ActivityManager( 1592): 	at com.android.server.am.ActivityManagerService.getActivityDisplayId(ActivityManagerService.java:8889)
12-09 08:33:56.947 W/ActivityManager( 1592): 	at android.app.ActivityManagerNative.onTransact(ActivityManagerNative.java:2338)
12-09 08:33:56.947 W/ActivityManager( 1592): 	at com.android.server.am.ActivityManagerService.onTransact(ActivityManagerService.java:2443)
12-09 08:33:56.947 W/ActivityManager( 1592): 	at android.os.Binder.execTransact(Binder.java:453)
12-09 08:33:56.948 W/ActivityManager( 1592): Bad activity token: android.os.BinderProxy@843f14f
12-09 08:33:56.948 W/ActivityManager( 1592): java.lang.ClassCastException: android.os.BinderProxy cannot be cast to com.android.server.am.ActivityRecord$Token
12-09 08:33:56.948 W/ActivityManager( 1592): 	at com.android.server.am.ActivityRecord.forTokenLocked(ActivityRecord.java:424)
12-09 08:33:56.948 W/ActivityManager( 1592): 	at com.android.server.am.ActivityRecord.isInStackLocked(ActivityRecord.java:1121)
12-09 08:33:56.948 W/ActivityManager( 1592): 	at com.android.server.am.ActivityManagerService.setTaskDescription(ActivityManagerService.java:8547)
12-09 08:33:56.948 W/ActivityManager( 1592): 	at android.app.ActivityManagerNative.onTransact(ActivityManagerNative.java:2410)
12-09 08:33:56.948 W/ActivityManager( 1592): 	at com.android.server.am.ActivityManagerService.onTransact(ActivityManagerService.java:2443)
12-09 08:33:56.948 W/ActivityManager( 1592): 	at android.os.Binder.execTransact(Binder.java:453)
12-09 08:33:56.959 W/audio_hw_generic( 1308): Hardware backing HAL too slow, could only write 0 of 661 frames
12-09 08:33:57.017 W/audio_hw_generic( 1308): Not supplying enough data to HAL, expected position 43370224 , only wrote 43369532
12-09 08:33:57.028 W/ActivityManager( 1592): Bad activity token: android.os.BinderProxy@843f14f
12-09 08:33:57.028 W/ActivityManager( 1592): java.lang.ClassCastException: android.os.BinderProxy cannot be cast to com.android.server.am.ActivityRecord$Token
12-09 08:33:57.028 W/ActivityManager( 1592): 	at com.android.server.am.ActivityRecord.forTokenLocked(ActivityRecord.java:424)
12-09 08:33:57.028 W/ActivityManager( 1592): 	at com.android.server.am.ActivityRecord.isInStackLocked(ActivityRecord.java:1121)
12-09 08:33:57.028 W/ActivityManager( 1592): 	at com.android.server.am.ActivityManagerService.getActivityOptions(ActivityManagerService.java:11038)
12-09 08:33:57.028 W/ActivityManager( 1592): 	at android.app.ActivityManagerNative.onTransact(ActivityManagerNative.java:1734)
12-09 08:33:57.028 W/ActivityManager( 1592): 	at com.android.server.am.ActivityManagerService.onTransact(ActivityManagerService.java:2443)
12-09 08:33:57.028 W/ActivityManager( 1592): 	at android.os.Binder.execTransact(Binder.java:453)
12-09 08:33:57.041 W/ActivityManager( 1592): Bad activity token: android.os.BinderProxy@843f14f
12-09 08:33:57.041 W/ActivityManager( 1592): java.lang.ClassCastException: android.os.BinderProxy cannot be cast to com.android.server.am.ActivityRecord$Token
12-09 08:33:57.041 W/ActivityManager( 1592): 	at com.android.server.am.ActivityRecord.forTokenLocked(ActivityRecord.java:424)
12-09 08:33:57.041 W/ActivityManager( 1592): 	at com.android.server.am.ActivityRecord.isInStackLocked(ActivityRecord.java:1121)
12-09 08:33:57.041 W/ActivityManager( 1592): 	at com.android.server.am.ActivityManagerService.getActivityOptions(ActivityManagerService.java:11038)
12-09 08:33:57.041 W/ActivityManager( 1592): 	at android.app.ActivityManagerNative.onTransact(ActivityManagerNative.java:1734)
12-09 08:33:57.041 W/ActivityManager( 1592): 	at com.android.server.am.ActivityManagerService.onTransact(ActivityManagerService.java:2443)
12-09 08:33:57.041 W/ActivityManager( 1592): 	at android.os.Binder.execTransact(Binder.java:453)
12-09 08:33:57.055 D/AudioFlinger( 1308): mixer(0xf4340000) throttle end: throttle time(26)
12-09 08:33:57.140 I/art     (18734): Background sticky concurrent mark sweep GC freed 29885(1423KB) AllocSpace objects, 1(20KB) LOS objects, 37% free, 2MB/3MB, paused 5.654ms total 150.121ms
12-09 08:33:57.253 W/audio_hw_generic( 1308): Not supplying enough data to HAL, expected position 43379946 , only wrote 43376803
12-09 08:33:57.253 W/audio_hw_generic( 1308): Not supplying enough data to HAL, expected position 43376810 , only wrote 43376803
12-09 08:33:57.375 W/audio_hw_generic( 1308): Not supplying enough data to HAL, expected position 43382183 , only wrote 43377464
12-09 08:33:57.548 E/SurfaceFlinger( 1219): ro.sf.lcd_density must be defined as a build property
12-09 08:33:57.592 W/audio_hw_generic( 1308): Not supplying enough data to HAL, expected position 43387000 , only wrote 43386057
12-09 08:33:57.592 W/audio_hw_generic( 1308): Not supplying enough data to HAL, expected position 43386064 , only wrote 43386057
12-09 08:33:57.594 D/gralloc_ranchu( 1219): gralloc_alloc: Creating ashmem region of size 3686400
12-09 08:33:57.611 W/audio_hw_generic( 1308): Not supplying enough data to HAL, expected position 43386922 , only wrote 43386718
12-09 08:33:57.621 D/        (18767): HostConnection::get() New Host Connection established 0x7fc82fe52480, tid 18767
12-09 08:33:57.650 W/audio_hw_generic( 1308): Hardware backing HAL too slow, could only write 0 of 661 frames
12-09 08:33:57.678 E/EGL_emulation( 1219): tid 1219: eglCreateSyncKHR(1881): error 0x3004 (EGL_BAD_ATTRIBUTE)
12-09 08:33:57.807 W/audio_hw_generic( 1308): Not supplying enough data to HAL, expected position 43395328 , only wrote 43393989
12-09 08:33:57.807 W/audio_hw_generic( 1308): Not supplying enough data to HAL, expected position 43393996 , only wrote 43393989
12-09 08:33:57.822 W/audio_hw_generic( 1308): Not supplying enough data to HAL, expected position 43394658 , only wrote 43394650
12-09 08:33:58.064 W/audio_hw_generic( 1308): Not supplying enough data to HAL, expected position 43405317 , only wrote 43404565
12-09 08:33:58.065 W/audio_hw_generic( 1308): Not supplying enough data to HAL, expected position 43404612 , only wrote 43404565
12-09 08:33:58.347 W/audio_hw_generic( 1308): Hardware backing HAL too slow, could only write 0 of 661 frames
12-09 08:33:58.347 W/audio_hw_generic( 1308): Not supplying enough data to HAL, expected position 43417025 , only wrote 43416463
12-09 08:33:58.348 W/audio_hw_generic( 1308): Not supplying enough data to HAL, expected position 43416469 , only wrote 43416463
12-09 08:33:58.364 W/audio_hw_generic( 1308): Not supplying enough data to HAL, expected position 43417170 , only wrote 43417124
12-09 08:33:58.364 W/audio_hw_generic( 1308): Hardware backing HAL too slow, could only write 0 of 661 frames
12-09 08:33:58.364 W/audio_hw_generic( 1308): Hardware backing HAL too slow, could only write 0 of 661 frames
12-09 08:33:58.378 W/audio_hw_generic( 1308): Hardware backing HAL too slow, could only write 0 of 661 frames
12-09 08:33:58.399 W/audio_hw_generic( 1308): Hardware backing HAL too slow, could only write 0 of 661 frames
12-09 08:33:58.419 W/audio_hw_generic( 1308): Hardware backing HAL too slow, could only write 0 of 661 frames
12-09 08:33:58.427 W/audio_hw_generic( 1308): Hardware backing HAL too slow, could only write 0 of 661 frames
12-09 08:33:58.442 W/audio_hw_generic( 1308): Hardware backing HAL too slow, could only write 0 of 661 frames
12-09 08:33:58.459 W/audio_hw_generic( 1308): Hardware backing HAL too slow, could only write 0 of 661 frames
12-09 08:33:58.536 W/audio_hw_generic( 1308): Not supplying enough data to HAL, expected position 43424724 , only wrote 43424395
12-09 08:33:58.564 W/audio_hw_generic( 1308): Hardware backing HAL too slow, could only write 0 of 661 frames
12-09 08:33:58.587 W/audio_hw_generic( 1308): Hardware backing HAL too slow, could only write 0 of 661 frames
12-09 08:33:58.601 W/audio_hw_generic( 1308): Hardware backing HAL too slow, could only write 0 of 661 frames
12-09 08:33:58.633 W/audio_hw_generic( 1308): Hardware backing HAL too slow, could only write 0 of 661 frames
12-09 08:33:58.633 W/audio_hw_generic( 1308): Not supplying enough data to HAL, expected position 43428662 , only wrote 43428361
12-09 08:33:58.633 W/audio_hw_generic( 1308): Not supplying enough data to HAL, expected position 43428368 , only wrote 43428361
12-09 08:33:58.633 W/audio_hw_generic( 1308): Hardware backing HAL too slow, could only write 0 of 661 frames
12-09 08:33:58.648 W/audio_hw_generic( 1308): Hardware backing HAL too slow, could only write 0 of 661 frames
12-09 08:33:58.648 W/audio_hw_generic( 1308): Hardware backing HAL too slow, could only write 0 of 661 frames
12-09 08:33:58.664 W/audio_hw_generic( 1308): Hardware backing HAL too slow, could only write 0 of 661 frames
12-09 08:33:58.679 W/audio_hw_generic( 1308): Hardware backing HAL too slow, could only write 0 of 661 frames
12-09 08:33:58.695 W/audio_hw_generic( 1308): Hardware backing HAL too slow, could only write 0 of 661 frames
12-09 08:33:58.832 I/System.out(18734): URI: //gesture
12-09 08:33:58.832 I/System.out(18734): params: {json={"query_timeout":5.0,"gestures":[{"query_string":"android.widget.TabWidget descendant TextView index:2","touches":[{"x":50,"y":50,"offset_x":0,"offset_y":0,"wait":0.0,"time":0.2,"release":true,"query_string":null}]}]}
12-09 08:33:58.832 I/System.out(18734): }
12-09 08:33:59.042 W/audio_hw_generic( 1308): Hardware backing HAL too slow, could only write 0 of 661 frames
12-09 08:33:59.051 W/audio_hw_generic( 1308): Hardware backing HAL too slow, could only write 0 of 661 frames
12-09 08:33:59.067 W/audio_hw_generic( 1308): Hardware backing HAL too slow, could only write 0 of 661 frames
12-09 08:33:59.177 I/calabash(18734): newActivity1
12-09 08:33:59.223 W/audio_hw_generic( 1308): Not supplying enough data to HAL, expected position 43454400 , only wrote 43454140
12-09 08:33:59.245 W/ActivityManager( 1592): Bad activity token: android.os.BinderProxy@a8e00dc
12-09 08:33:59.245 W/ActivityManager( 1592): java.lang.ClassCastException: android.os.BinderProxy cannot be cast to com.android.server.am.ActivityRecord$Token
12-09 08:33:59.245 W/ActivityManager( 1592): 	at com.android.server.am.ActivityRecord.forTokenLocked(ActivityRecord.java:424)
12-09 08:33:59.245 W/ActivityManager( 1592): 	at com.android.server.am.ActivityRecord.isInStackLocked(ActivityRecord.java:1121)
12-09 08:33:59.245 W/ActivityManager( 1592): 	at com.android.server.am.ActivityRecord.getStackLocked(ActivityRecord.java:1126)
12-09 08:33:59.245 W/ActivityManager( 1592): 	at com.android.server.am.ActivityManagerService.getActivityDisplayId(ActivityManagerService.java:8889)
12-09 08:33:59.245 W/ActivityManager( 1592): 	at android.app.ActivityManagerNative.onTransact(ActivityManagerNative.java:2338)
12-09 08:33:59.245 W/ActivityManager( 1592): 	at com.android.server.am.ActivityManagerService.onTransact(ActivityManagerService.java:2443)
12-09 08:33:59.245 W/ActivityManager( 1592): 	at android.os.Binder.execTransact(Binder.java:453)
12-09 08:33:59.246 W/ActivityManager( 1592): Bad activity token: android.os.BinderProxy@a8e00dc
12-09 08:33:59.246 W/ActivityManager( 1592): java.lang.ClassCastException: android.os.BinderProxy cannot be cast to com.android.server.am.ActivityRecord$Token
12-09 08:33:59.246 W/ActivityManager( 1592): 	at com.android.server.am.ActivityRecord.forTokenLocked(ActivityRecord.java:424)
12-09 08:33:59.246 W/ActivityManager( 1592): 	at com.android.server.am.ActivityRecord.isInStackLocked(ActivityRecord.java:1121)
12-09 08:33:59.246 W/ActivityManager( 1592): 	at com.android.server.am.ActivityManagerService.setTaskDescription(ActivityManagerService.java:8547)
12-09 08:33:59.246 W/ActivityManager( 1592): 	at android.app.ActivityManagerNative.onTransact(ActivityManagerNative.java:2410)
12-09 08:33:59.246 W/ActivityManager( 1592): 	at com.android.server.am.ActivityManagerService.onTransact(ActivityManagerService.java:2443)
12-09 08:33:59.246 W/ActivityManager( 1592): 	at android.os.Binder.execTransact(Binder.java:453)
12-09 08:33:59.381 W/audio_hw_generic( 1308): Not supplying enough data to HAL, expected position 43461073 , only wrote 43460089
12-09 08:33:59.381 W/audio_hw_generic( 1308): Not supplying enough data to HAL, expected position 43460096 , only wrote 43460089
12-09 08:33:59.427 W/audio_hw_generic( 1308): Not supplying enough data to HAL, expected position 43462133 , only wrote 43460750
12-09 08:33:59.436 I/art     (18734): Background sticky concurrent mark sweep GC freed 58875(2MB) AllocSpace objects, 2(40KB) LOS objects, 26% free, 2MB/3MB, paused 7.294ms total 252.714ms
12-09 08:33:59.449 D/VehicleStatisticsActivity(18734): Checking recalculation ...
12-09 08:33:59.450 D/VehicleStatisticsActivity(18734): Recalculating statistics
12-09 08:33:59.451 D/VehicleStatisticsTask(18734): Calculation starting...
12-09 08:33:59.451 D/VehicleStatisticsActivity(18734): Recalculation started!
12-09 08:33:59.472 W/ActivityManager( 1592): Bad activity token: android.os.BinderProxy@a8e00dc
12-09 08:33:59.472 W/ActivityManager( 1592): java.lang.ClassCastException: android.os.BinderProxy cannot be cast to com.android.server.am.ActivityRecord$Token
12-09 08:33:59.472 W/ActivityManager( 1592): 	at com.android.server.am.ActivityRecord.forTokenLocked(ActivityRecord.java:424)
12-09 08:33:59.472 W/ActivityManager( 1592): 	at com.android.server.am.ActivityRecord.isInStackLocked(ActivityRecord.java:1121)
12-09 08:33:59.472 W/ActivityManager( 1592): 	at com.android.server.am.ActivityManagerService.getActivityOptions(ActivityManagerService.java:11038)
12-09 08:33:59.472 W/ActivityManager( 1592): 	at android.app.ActivityManagerNative.onTransact(ActivityManagerNative.java:1734)
12-09 08:33:59.472 W/ActivityManager( 1592): 	at com.android.server.am.ActivityManagerService.onTransact(ActivityManagerService.java:2443)
12-09 08:33:59.472 W/ActivityManager( 1592): 	at android.os.Binder.execTransact(Binder.java:453)
12-09 08:33:59.472 W/ActivityManager( 1592): Bad activity token: android.os.BinderProxy@a8e00dc
12-09 08:33:59.472 W/ActivityManager( 1592): java.lang.ClassCastException: android.os.BinderProxy cannot be cast to com.android.server.am.ActivityRecord$Token
12-09 08:33:59.472 W/ActivityManager( 1592): 	at com.android.server.am.ActivityRecord.forTokenLocked(ActivityRecord.java:424)
12-09 08:33:59.472 W/ActivityManager( 1592): 	at com.android.server.am.ActivityRecord.isInStackLocked(ActivityRecord.java:1121)
12-09 08:33:59.472 W/ActivityManager( 1592): 	at com.android.server.am.ActivityManagerService.getActivityOptions(ActivityManagerService.java:11038)
12-09 08:33:59.472 W/ActivityManager( 1592): 	at android.app.ActivityManagerNative.onTransact(ActivityManagerNative.java:1734)
12-09 08:33:59.472 W/ActivityManager( 1592): 	at com.android.server.am.ActivityManagerService.onTransact(ActivityManagerService.java:2443)
12-09 08:33:59.472 W/ActivityManager( 1592): 	at android.os.Binder.execTransact(Binder.java:453)
12-09 08:33:59.473 D/VehicleStatisticsActivity(18734): Checking recalculation ...
12-09 08:33:59.474 D/VehicleStatisticsActivity(18734): Recalculating statistics
12-09 08:33:59.474 D/VehicleStatisticsTask(18734): Calculation starting...
12-09 08:33:59.474 D/VehicleStatisticsActivity(18734): Recalculation started!
12-09 08:33:59.485 D/VehicleStatisticsTask(18734): Not enough fillups to calculate statistics
12-09 08:33:59.499 W/audio_hw_generic( 1308): Hardware backing HAL too slow, could only write 0 of 661 frames
12-09 08:33:59.518 D/VehicleStatisticsTask(18734): Not enough fillups to calculate statistics
12-09 08:33:59.595 W/audio_hw_generic( 1308): Not supplying enough data to HAL, expected position 43468172 , only wrote 43468021
12-09 08:33:59.596 W/audio_hw_generic( 1308): Not supplying enough data to HAL, expected position 43468028 , only wrote 43468021
12-09 08:33:59.620 W/audio_hw_generic( 1308): Not supplying enough data to HAL, expected position 43469100 , only wrote 43468682
12-09 08:33:59.639 W/audio_hw_generic( 1308): Hardware backing HAL too slow, could only write 0 of 661 frames
12-09 08:33:59.660 W/audio_hw_generic( 1308): Hardware backing HAL too slow, could only write 0 of 661 frames
12-09 08:33:59.742 D/VehicleStatisticsTask(18734): Done recalculating!
12-09 08:33:59.743 D/VehicleStatisticsTask(18734): Done recalculating!
12-09 08:33:59.743 D/VehicleStatisticsAdapter(18734): Erasing the cache ...
12-09 08:33:59.752 D/VehicleStatisticsAdapter(18734): Erasing the cache ...
12-09 08:33:59.761 W/audio_hw_generic( 1308): Hardware backing HAL too slow, could only write 0 of 661 frames
12-09 08:33:59.772 D/VehicleStatisticsAdapter(18734): Building new values ...
12-09 08:33:59.772 D/VehicleStatisticsAdapter(18734): Writing 29 records to the database ...
12-09 08:33:59.777 D/Mileage.ABS(18734): Finished backup
12-09 08:33:59.782 D/Mileage.ABS(18734): Not backing up; 20
12-09 08:33:59.795 D/VehicleStatisticsAdapter(18734): Building new values ...
12-09 08:33:59.795 D/VehicleStatisticsAdapter(18734): Writing 29 records to the database ...
12-09 08:33:59.893 E/SurfaceFlinger( 1219): ro.sf.lcd_density must be defined as a build property
12-09 08:33:59.894 D/gralloc_ranchu( 1219): gralloc_alloc: Creating ashmem region of size 3686400
12-09 08:33:59.903 D/Mileage.ABS(18734): Not backing up; 141
12-09 08:33:59.904 D/Mileage.ABS(18734): Not backing up; 142
12-09 08:33:59.904 D/Mileage.ABS(18734): Not backing up; 142
12-09 08:33:59.918 D/Mileage.ABS(18734): Not backing up; 156
