--------- beginning of main
12-09 08:11:57.438 W/audio_hw_generic( 1309): Not supplying enough data to HAL, expected position 25984584 , only wrote 25984571
12-09 08:11:57.438 W/audio_hw_generic( 1309): Not supplying enough data to HAL, expected position 25984577 , only wrote 25984571
12-09 08:11:57.454 W/audio_hw_generic( 1309): Not supplying enough data to HAL, expected position 25985267 , only wrote 25985232
12-09 08:11:57.562 W/audio_hw_generic( 1309): Not supplying enough data to HAL, expected position 25989993 , only wrote 25989859
12-09 08:11:57.562 W/audio_hw_generic( 1309): Not supplying enough data to HAL, expected position 25989865 , only wrote 25989859
12-09 08:11:57.582 W/audio_hw_generic( 1309): Not supplying enough data to HAL, expected position 25990737 , only wrote 25990520
12-09 08:11:57.604 I/art     ( 1592): Background partial concurrent mark sweep GC freed 19677(1438KB) AllocSpace objects, 14(272KB) LOS objects, 29% free, 9MB/13MB, paused 1.568ms total 151.324ms
--------- beginning of system
12-09 08:11:57.685 W/ActivityManager( 1592): Finishing task with all activities already finished
12-09 08:11:57.685 W/ActivityManager( 1592): Duplicate finish request for ActivityRecord{4cefef7 u0 com.evancharlton.mileage/.Mileage t423 f}
12-09 08:11:57.685 W/ActivityManager( 1592): Finishing task with all activities already finished
12-09 08:11:57.685 W/ActivityManager( 1592): Duplicate finish request for ActivityRecord{4cefef7 u0 com.evancharlton.mileage/.Mileage t423 f}
12-09 08:11:57.686 W/ActivityManager( 1592): Finishing task with all activities already finished
12-09 08:11:57.686 W/ActivityManager( 1592): Duplicate finish request for ActivityRecord{4cefef7 u0 com.evancharlton.mileage/.Mileage t423 f}
12-09 08:11:57.890 W/audio_hw_generic( 1309): Hardware backing HAL too slow, could only write 0 of 661 frames
12-09 08:11:57.997 D/EGL_emulation( 1917): eglMakeCurrent: 0x7fdaa6961d20: ver 2 0 (tinfo 0x7fdaa69428e0)
12-09 08:11:58.078 W/audio_hw_generic( 1309): Not supplying enough data to HAL, expected position 26012420 , only wrote 26012333
12-09 08:11:58.176 D/AndroidRuntime(13208): >>>>>> START com.android.internal.os.RuntimeInit uid 0 <<<<<<
12-09 08:11:58.177 D/AndroidRuntime(13208): CheckJNI is ON
12-09 08:11:58.222 D/ICU     (13208): No timezone override file found: /data/misc/zoneinfo/current/icu/icu_tzdata.dat
12-09 08:11:58.283 W/art     ( 1592): Long monitor contention event with owner method=void com.android.server.wm.WindowAnimator$1.doFrame(long) from WindowAnimator.java:121 waiters=1 for 262ms
12-09 08:11:58.401 W/art     ( 1592): Long monitor contention event with owner method=void com.android.server.wm.WindowAnimator$1.doFrame(long) from WindowAnimator.java:121 waiters=1 for 266ms
12-09 08:11:58.416 E/memtrack(13208): Couldn't load memtrack module (No such file or directory)
12-09 08:11:58.416 E/android.os.Debug(13208): failed to load memtrack module: -2
12-09 08:11:58.417 I/Radio-JNI(13208): register_android_hardware_Radio DONE
12-09 08:11:58.474 D/AndroidRuntime(13208): Calling main entry com.android.commands.am.Am
12-09 08:11:58.681 W/art     ( 1592): Long monitor contention event with owner method=void com.android.server.wm.WindowAnimator$1.doFrame(long) from WindowAnimator.java:121 waiters=2 for 165ms
12-09 08:11:58.758 W/art     ( 1592): Long monitor contention event with owner method=void com.android.server.wm.WindowAnimator$1.doFrame(long) from WindowAnimator.java:121 waiters=2 for 237ms
12-09 08:11:58.929 W/art     ( 1592): Long monitor contention event with owner method=void com.android.server.wm.WindowAnimator$1.doFrame(long) from WindowAnimator.java:121 waiters=2 for 248ms
12-09 08:11:59.183 W/art     ( 1592): Long monitor contention event with owner method=void com.android.server.wm.WindowAnimator$1.doFrame(long) from WindowAnimator.java:121 waiters=2 for 254ms
12-09 08:11:59.403 W/art     ( 1592): Long monitor contention event with owner method=void com.android.server.wm.WindowAnimator$1.doFrame(long) from WindowAnimator.java:121 waiters=2 for 315ms
12-09 08:11:59.476 W/art     ( 1592): Long monitor contention event with owner method=void com.android.server.wm.WindowAnimator$1.doFrame(long) from WindowAnimator.java:121 waiters=2 for 292ms
12-09 08:11:59.659 W/art     ( 1592): Long monitor contention event with owner method=void com.android.server.wm.WindowAnimator$1.doFrame(long) from WindowAnimator.java:121 waiters=2 for 280ms
12-09 08:11:59.847 W/art     ( 1592): Long monitor contention event with owner method=void com.android.server.wm.WindowAnimator$1.doFrame(long) from WindowAnimator.java:121 waiters=2 for 371ms
12-09 08:11:59.991 W/art     ( 1592): Long monitor contention event with owner method=void com.android.server.wm.WindowAnimator$1.doFrame(long) from WindowAnimator.java:121 waiters=2 for 226ms
12-09 08:12:00.211 W/art     ( 1592): Long monitor contention event with owner method=void com.android.server.wm.WindowAnimator$1.doFrame(long) from WindowAnimator.java:121 waiters=2 for 219ms
12-09 08:12:00.212 W/art     ( 1592): Long monitor contention event with owner method=void com.android.server.am.ActivityManagerService.activityDestroyed(android.os.IBinder) from ActivityManagerService.java:6475 waiters=0 for 2.060s
12-09 08:12:00.298 W/art     ( 1592): Long monitor contention event with owner method=void com.android.server.am.ActivityManagerService.activityDestroyed(android.os.IBinder) from ActivityManagerService.java:6475 waiters=1 for 1.822s
12-09 08:12:00.337 W/art     ( 1592): Long monitor contention event with owner method=void com.android.server.am.ActivityManagerService.activityDestroyed(android.os.IBinder) from ActivityManagerService.java:6475 waiters=2 for 1.824s
12-09 08:12:00.346 I/ActivityManager( 1592): Force stopping com.evancharlton.mileage appid=10131 user=0: start instr
12-09 08:12:00.346 I/ActivityManager( 1592): Killing 13138:com.evancharlton.mileage/u0a131 (adj 0): stop com.evancharlton.mileage
12-09 08:12:00.482 W/art     ( 1592): Long monitor contention event with owner method=void com.android.server.wm.WindowAnimator$1.doFrame(long) from WindowAnimator.java:121 waiters=1 for 175ms
12-09 08:12:00.505 W/InputDispatcher( 1592): channel '5b97630 Toast (server)' ~ Consumer closed input channel or an error occurred.  events=0x9
12-09 08:12:00.505 E/InputDispatcher( 1592): channel '5b97630 Toast (server)' ~ Channel is unrecoverably broken and will be disposed!
12-09 08:12:00.550 W/ActivityManager( 1592): Crash of app com.evancharlton.mileage running instrumentation ComponentInfo{com.evancharlton.mileage.test/sh.calaba.instrumentationbackend.CalabashInstrumentationTestRunner}
12-09 08:12:00.550 I/ActivityManager( 1592): Force stopping com.evancharlton.mileage appid=10131 user=0: finished inst
12-09 08:12:00.587 W/art     ( 1592): Long monitor contention event with owner method=void com.android.server.wm.WindowAnimator$1.doFrame(long) from WindowAnimator.java:121 waiters=1 for 251ms
12-09 08:12:00.931 W/art     ( 1592): Long monitor contention event with owner method=void com.android.server.wm.WindowAnimator$1.doFrame(long) from WindowAnimator.java:121 waiters=3 for 379ms
12-09 08:12:01.042 W/art     ( 1592): Long monitor contention event with owner method=void com.android.server.wm.WindowAnimator$1.doFrame(long) from WindowAnimator.java:121 waiters=4 for 490ms
12-09 08:12:01.095 W/art     ( 1592): Long monitor contention event with owner method=void com.android.server.wm.WindowAnimator$1.doFrame(long) from WindowAnimator.java:121 waiters=4 for 507ms
12-09 08:12:01.095 W/InputDispatcher( 1592): Attempted to unregister already unregistered input channel '5b97630 Toast (server)'
12-09 08:12:01.111 W/art     ( 1592): Long monitor contention event with owner method=com.android.internal.view.InputBindResult com.android.server.InputMethodManagerService.windowGainedFocus(com.android.internal.view.IInputMethodClient, android.os.IBinder, int, int, int, android.view.inputmethod.EditorInfo, com.android.internal.view.IInputContext) from InputMethodManagerService.java:2177 waiters=0 for 824ms
12-09 08:12:01.112 I/Choreographer( 1917): Skipped 185 frames!  The application may be doing too much work on its main thread.
12-09 08:12:01.116 W/art     ( 1592): Long monitor contention event with owner method=void com.android.server.wm.WindowAnimator$1.doFrame(long) from WindowAnimator.java:121 waiters=4 for 185ms
12-09 08:12:01.126 I/WindowState( 1592): WIN DEATH: Window{5b97630 u0 Toast EXITING}
12-09 08:12:01.136 W/art     ( 1592): Long monitor contention event with owner method=com.android.internal.view.InputBindResult com.android.server.InputMethodManagerService.windowGainedFocus(com.android.internal.view.IInputMethodClient, android.os.IBinder, int, int, int, android.view.inputmethod.EditorInfo, com.android.internal.view.IInputContext) from InputMethodManagerService.java:2177 waiters=1 for 584ms
12-09 08:12:01.139 I/ActivityManager( 1592): Start proc 13218:com.evancharlton.mileage/u0a131 for added application com.evancharlton.mileage
12-09 08:12:01.139 W/art     ( 1592): Long monitor contention event with owner method=void com.android.server.am.ActivityManagerService.activityDestroyed(android.os.IBinder) from ActivityManagerService.java:6475 waiters=3 for 1.371s
12-09 08:12:01.139 W/art     ( 1592): Long monitor contention event with owner method=void com.android.server.am.ActivityManagerService.activityDestroyed(android.os.IBinder) from ActivityManagerService.java:6475 waiters=4 for 1.137s
12-09 08:12:01.140 W/art     ( 1592): Long monitor contention event with owner method=boolean com.android.server.am.ActivityManagerService.unbindService(android.app.IServiceConnection) from ActivityManagerService.java:15918 waiters=4 for 928ms
12-09 08:12:01.141 W/art     ( 1592): Long monitor contention event with owner method=boolean com.android.server.am.ActivityManagerService.startInstrumentation(android.content.ComponentName, java.lang.String, int, android.os.Bundle, android.app.IInstrumentationWatcher, android.app.IUiAutomationConnection, int, java.lang.String) from ActivityManagerService.java:17066 waiters=3 for 727ms
12-09 08:12:01.149 W/art     ( 1592): Long monitor contention event with owner method=boolean com.android.server.am.ActivityManagerService.startInstrumentation(android.content.ComponentName, java.lang.String, int, android.os.Bundle, android.app.IInstrumentationWatcher, android.app.IUiAutomationConnection, int, java.lang.String) from ActivityManagerService.java:17066 waiters=4 for 735ms
12-09 08:12:01.226 D/AndroidRuntime(13208): Shutting down VM
12-09 08:12:01.263 W/WindowAnimator( 1592): Failed to dispatch window animation state change.
12-09 08:12:01.263 W/WindowAnimator( 1592): android.os.DeadObjectException
12-09 08:12:01.263 W/WindowAnimator( 1592): 	at android.os.BinderProxy.transactNative(Native Method)
12-09 08:12:01.263 W/WindowAnimator( 1592): 	at android.os.BinderProxy.transact(Binder.java:503)
12-09 08:12:01.263 W/WindowAnimator( 1592): 	at android.view.IWindow$Stub$Proxy.onAnimationStarted(IWindow.java:520)
12-09 08:12:01.263 W/WindowAnimator( 1592): 	at com.android.server.wm.WindowAnimator.updateWindowsLocked(WindowAnimator.java:282)
12-09 08:12:01.263 W/WindowAnimator( 1592): 	at com.android.server.wm.WindowAnimator.animateLocked(WindowAnimator.java:678)
12-09 08:12:01.263 W/WindowAnimator( 1592): 	at com.android.server.wm.WindowAnimator.-wrap0(WindowAnimator.java)
12-09 08:12:01.263 W/WindowAnimator( 1592): 	at com.android.server.wm.WindowAnimator$1.doFrame(WindowAnimator.java:123)
12-09 08:12:01.263 W/WindowAnimator( 1592): 	at android.view.Choreographer$CallbackRecord.run(Choreographer.java:856)
12-09 08:12:01.263 W/WindowAnimator( 1592): 	at android.view.Choreographer.doCallbacks(Choreographer.java:670)
12-09 08:12:01.263 W/WindowAnimator( 1592): 	at android.view.Choreographer.doFrame(Choreographer.java:603)
12-09 08:12:01.263 W/WindowAnimator( 1592): 	at android.view.Choreographer$FrameDisplayEventReceiver.run(Choreographer.java:844)
12-09 08:12:01.263 W/WindowAnimator( 1592): 	at android.os.Handler.handleCallback(Handler.java:739)
12-09 08:12:01.263 W/WindowAnimator( 1592): 	at android.os.Handler.dispatchMessage(Handler.java:95)
12-09 08:12:01.263 W/WindowAnimator( 1592): 	at android.os.Looper.loop(Looper.java:148)
12-09 08:12:01.263 W/WindowAnimator( 1592): 	at android.os.HandlerThread.run(HandlerThread.java:61)
12-09 08:12:01.263 W/WindowAnimator( 1592): 	at com.android.server.ServiceThread.run(ServiceThread.java:46)
12-09 08:12:01.433 D/EGL_emulation( 1847): eglMakeCurrent: 0x7fdaa6961aa0: ver 2 0 (tinfo 0x7fdaa6942ae0)
12-09 08:12:01.443 E/Surface ( 1847): getSlotFromBufferLocked: unknown buffer: 0x7fdaa2887820
12-09 08:12:01.572 W/art     ( 1592): Long monitor contention event with owner method=void com.android.server.wm.WindowState$DeathRecipient.binderDied() from WindowState.java:1208 waiters=2 for 347ms
12-09 08:12:01.662 W/art     ( 1592): Long monitor contention event with owner method=void com.android.server.wm.WindowAnimator$1.doFrame(long) from WindowAnimator.java:121 waiters=2 for 398ms
12-09 08:12:01.724 W/art     ( 1592): Long monitor contention event with owner method=void com.android.server.wm.WindowAnimator$1.doFrame(long) from WindowAnimator.java:121 waiters=3 for 350ms
12-09 08:12:01.724 I/WindowState( 1592): WIN DEATH: Window{1f7c8e8 u0 com.evancharlton.mileage/com.evancharlton.mileage.Mileage EXITING}
12-09 08:12:01.725 I/Choreographer( 1917): Skipped 35 frames!  The application may be doing too much work on its main thread.
12-09 08:12:01.741 W/art     ( 1592): Long monitor contention event with owner method=void com.android.server.wm.WindowAnimator$1.doFrame(long) from WindowAnimator.java:121 waiters=4 for 169ms
12-09 08:12:01.741 W/art     ( 1592): Long monitor contention event with owner method=java.util.List com.android.server.am.ActivityManagerService.getAllStackInfos() from ActivityManagerService.java:8937 waiters=0 for 476ms
12-09 08:12:01.742 W/WindowAnimator( 1592): Failed to dispatch window animation state change.
12-09 08:12:01.742 W/WindowAnimator( 1592): android.os.DeadObjectException
12-09 08:12:01.742 W/WindowAnimator( 1592): 	at android.os.BinderProxy.transactNative(Native Method)
12-09 08:12:01.742 W/WindowAnimator( 1592): 	at android.os.BinderProxy.transact(Binder.java:503)
12-09 08:12:01.742 W/WindowAnimator( 1592): 	at android.view.IWindow$Stub$Proxy.onAnimationStopped(IWindow.java:534)
12-09 08:12:01.742 W/WindowAnimator( 1592): 	at com.android.server.wm.WindowAnimator.updateWindowsLocked(WindowAnimator.java:286)
12-09 08:12:01.742 W/WindowAnimator( 1592): 	at com.android.server.wm.WindowAnimator.animateLocked(WindowAnimator.java:678)
12-09 08:12:01.742 W/WindowAnimator( 1592): 	at com.android.server.wm.WindowAnimator.-wrap0(WindowAnimator.java)
12-09 08:12:01.742 W/WindowAnimator( 1592): 	at com.android.server.wm.WindowAnimator$1.doFrame(WindowAnimator.java:123)
12-09 08:12:01.742 W/WindowAnimator( 1592): 	at android.view.Choreographer$CallbackRecord.run(Choreographer.java:856)
12-09 08:12:01.742 W/WindowAnimator( 1592): 	at android.view.Choreographer.doCallbacks(Choreographer.java:670)
12-09 08:12:01.742 W/WindowAnimator( 1592): 	at android.view.Choreographer.doFrame(Choreographer.java:603)
12-09 08:12:01.742 W/WindowAnimator( 1592): 	at android.view.Choreographer$FrameDisplayEventReceiver.run(Choreographer.java:844)
12-09 08:12:01.742 W/WindowAnimator( 1592): 	at android.os.Handler.handleCallback(Handler.java:739)
12-09 08:12:01.742 W/WindowAnimator( 1592): 	at android.os.Handler.dispatchMessage(Handler.java:95)
12-09 08:12:01.742 W/WindowAnimator( 1592): 	at android.os.Looper.loop(Looper.java:148)
12-09 08:12:01.742 W/WindowAnimator( 1592): 	at android.os.HandlerThread.run(HandlerThread.java:61)
12-09 08:12:01.742 W/WindowAnimator( 1592): 	at com.android.server.ServiceThread.run(ServiceThread.java:46)
12-09 08:12:01.770 W/art     ( 1592): Long monitor contention event with owner method=java.util.List com.android.server.am.ActivityManagerService.getAllStackInfos() from ActivityManagerService.java:8937 waiters=1 for 424ms
12-09 08:12:01.790 W/System  (13218): ClassLoader referenced unknown path: /data/app/com.evancharlton.mileage.test-1/lib/x86_64
12-09 08:12:01.790 W/System  (13218): ClassLoader referenced unknown path: /data/app/com.evancharlton.mileage-1/lib/x86_64
12-09 08:12:01.816 I/System.out(13218): Main activity name automatically set to: com.evancharlton.mileage.Mileage
12-09 08:12:01.816 I/System.out(13218): Calabash did not load Mono. This is only a problem if you are trying to test a Mono application
12-09 08:12:01.816 I/calabash(13218): Test server port: 7102
12-09 08:12:01.818 I/art     ( 1686): Background partial concurrent mark sweep GC freed 4583(214KB) AllocSpace objects, 0(0B) LOS objects, 40% free, 3MB/6MB, paused 9.633ms total 35.805ms
12-09 08:12:01.821 I/InstrumentationBackend(13218): Added:'GetPreferences', with key:'get_preferences'
12-09 08:12:01.855 W/OpenGLRenderer( 1917): Incorrectly called buildLayer on View: ShortcutAndWidgetContainer, destroying layer...
12-09 08:12:01.973 I/InstrumentationBackend(13218): Added:'SetPreferences', with key:'set_preferences'
12-09 08:12:01.973 I/InstrumentationBackend(13218): Added:'ClearPreferences', with key:'clear_preferences'
12-09 08:12:01.973 I/InstrumentationBackend(13218): Added:'PressElement', with key:'press_l10n_element'
12-09 08:12:01.994 I/InstrumentationBackend(13218): Added:'WaitForElement', with key:'wait_for_l10n_element'
12-09 08:12:01.994 I/InstrumentationBackend(13218): Added:'NullAction', with key:'nullAction'
12-09 08:12:01.994 I/InstrumentationBackend(13218): Added:'PressKey', with key:'press_key'
12-09 08:12:01.995 I/InstrumentationBackend(13218): Added:'SetActivityOrientation', with key:'set_activity_orientation'
12-09 08:12:01.995 I/InstrumentationBackend(13218): Added:'GetActivityOrientation', with key:'get_activity_orientation'
12-09 08:12:01.995 I/InstrumentationBackend(13218): Added:'FakeGPSLocation', with key:'set_gps_coordinates'
12-09 08:12:01.995 I/InstrumentationBackend(13218): Added:'SetPropertyByCssSelector', with key:'set_property_by_css_selector'
12-09 08:12:02.008 I/InstrumentationBackend(13218): Added:'GetUrl', with key:'get_url'
12-09 08:12:02.038 I/InstrumentationBackend(13218): Added:'ScrollTo', with key:'scroll_to'
12-09 08:12:02.038 I/InstrumentationBackend(13218): Added:'GetLoadProgress', with key:'get_load_progress'
12-09 08:12:02.039 I/InstrumentationBackend(13218): Added:'DumpHtml', with key:'dump_html'
12-09 08:12:02.039 I/InstrumentationBackend(13218): Added:'DumpBodyHtml', with key:'dump_body_html'
12-09 08:12:02.039 I/InstrumentationBackend(13218): Added:'EnterTextByCssSelector', with key:'enter_text_by_selector'
12-09 08:12:02.040 I/InstrumentationBackend(13218): Added:'AndroidSDKVersion', with key:'android_sdk_version'
12-09 08:12:02.040 I/InstrumentationBackend(13218): Added:'Version', with key:'version'
12-09 08:12:02.040 I/InstrumentationBackend(13218): Added:'Drag', with key:'drag'
12-09 08:12:02.040 I/InstrumentationBackend(13218): Added:'TouchCoordinates', with key:'touch_coordinate'
12-09 08:12:02.041 I/InstrumentationBackend(13218): Added:'LongPressCoordinate', with key:'long_press_coordinate'
12-09 08:12:02.041 I/InstrumentationBackend(13218): Added:'DragCoordinates', with key:'drag_coordinates'
12-09 08:12:02.041 I/InstrumentationBackend(13218): Added:'ResumeApplication', with key:'resume_application'
12-09 08:12:02.041 I/InstrumentationBackend(13218): Added:'Swipe', with key:'swipe'
12-09 08:12:02.041 I/InstrumentationBackend(13218): Added:'DoubleTapCoordinate', with key:'double_tap_coordinate'
12-09 08:12:02.051 I/InstrumentationBackend(13218): Added:'ClickOnScreen', with key:'click_on_screen'
12-09 08:12:02.051 I/InstrumentationBackend(13218): Added:'GetActivityName', with key:'get_activity_name'
12-09 08:12:02.051 I/InstrumentationBackend(13218): Added:'ScrollToView', with key:'scroll_to_view'
12-09 08:12:02.052 I/InstrumentationBackend(13218): Added:'ViewConfiguration', with key:'view_configuration'
12-09 08:12:02.052 I/InstrumentationBackend(13218): Added:'IsCurrentActivityFocused', with key:'is_current_activity_focused'
12-09 08:12:02.052 I/InstrumentationBackend(13218): Added:'SendTcp', with key:'send_tcp'
12-09 08:12:02.052 I/InstrumentationBackend(13218): Added:'DpToDevicePixel', with key:'dp_to_device_pixel'
12-09 08:12:02.062 I/InstrumentationBackend(13218): Added:'KeyboardEnterText', with key:'keyboard_enter_text'
12-09 08:12:02.062 I/InstrumentationBackend(13218): Added:'DeleteSurroundingText', with key:'delete_surrounding_text'
12-09 08:12:02.062 I/InstrumentationBackend(13218): Added:'SetComposingRegion', with key:'set_composing_region'
12-09 08:12:02.062 I/InstrumentationBackend(13218): Added:'SetSelection', with key:'set_selection'
12-09 08:12:02.062 I/InstrumentationBackend(13218): Added:'KeyboardKeyEvent', with key:'keyboard_key_event'
12-09 08:12:02.063 I/InstrumentationBackend(13218): Added:'PressUserActionButton', with key:'press_user_action_button'
12-09 08:12:02.063 I/InstrumentationBackend(13218): Added:'HideSoftKeyboard', with key:'hide_soft_keyboard'
12-09 08:12:02.063 I/InstrumentationBackend(13218): Added:'ListActions', with key:'list_actions'
12-09 08:12:02.070 I/calabash(13218): Instantiating http server at 7102
12-09 08:12:02.081 I/System.out(13218): HTTP Daemon listening on: 7102
12-09 08:12:02.198 I/art     (13218): Background partial concurrent mark sweep GC freed 35392(1429KB) AllocSpace objects, 0(0B) LOS objects, 48% free, 1103KB/2MB, paused 8.850ms total 160.478ms
12-09 08:12:02.200 I/System.out(13218): URI: //ping
12-09 08:12:02.200 I/System.out(13218): params: {json={}
12-09 08:12:02.200 I/System.out(13218): }
12-09 08:12:02.241 W/WindowAnimator( 1592): Failed to dispatch window animation state change.
12-09 08:12:02.241 W/WindowAnimator( 1592): android.os.DeadObjectException
12-09 08:12:02.241 W/WindowAnimator( 1592): 	at android.os.BinderProxy.transactNative(Native Method)
12-09 08:12:02.241 W/WindowAnimator( 1592): 	at android.os.BinderProxy.transact(Binder.java:503)
12-09 08:12:02.241 W/WindowAnimator( 1592): 	at android.view.IWindow$Stub$Proxy.onAnimationStopped(IWindow.java:534)
12-09 08:12:02.241 W/WindowAnimator( 1592): 	at com.android.server.wm.WindowAnimator.updateWindowsLocked(WindowAnimator.java:286)
12-09 08:12:02.241 W/WindowAnimator( 1592): 	at com.android.server.wm.WindowAnimator.animateLocked(WindowAnimator.java:678)
12-09 08:12:02.241 W/WindowAnimator( 1592): 	at com.android.server.wm.WindowAnimator.-wrap0(WindowAnimator.java)
12-09 08:12:02.241 W/WindowAnimator( 1592): 	at com.android.server.wm.WindowAnimator$1.doFrame(WindowAnimator.java:123)
12-09 08:12:02.241 W/WindowAnimator( 1592): 	at android.view.Choreographer$CallbackRecord.run(Choreographer.java:856)
12-09 08:12:02.241 W/WindowAnimator( 1592): 	at android.view.Choreographer.doCallbacks(Choreographer.java:670)
12-09 08:12:02.241 W/WindowAnimator( 1592): 	at android.view.Choreographer.doFrame(Choreographer.java:603)
12-09 08:12:02.241 W/WindowAnimator( 1592): 	at android.view.Choreographer$FrameDisplayEventReceiver.run(Choreographer.java:844)
12-09 08:12:02.241 W/WindowAnimator( 1592): 	at android.os.Handler.handleCallback(Handler.java:739)
12-09 08:12:02.241 W/WindowAnimator( 1592): 	at android.os.Handler.dispatchMessage(Handler.java:95)
12-09 08:12:02.241 W/WindowAnimator( 1592): 	at android.os.Looper.loop(Looper.java:148)
12-09 08:12:02.241 W/WindowAnimator( 1592): 	at android.os.HandlerThread.run(HandlerThread.java:61)
12-09 08:12:02.241 W/WindowAnimator( 1592): 	at com.android.server.ServiceThread.run(ServiceThread.java:46)
12-09 08:12:02.290 I/System.out(13218): URI: //ping
12-09 08:12:02.290 I/System.out(13218): params: {json={}
12-09 08:12:02.290 I/System.out(13218): }
12-09 08:12:02.307 I/System.out(13218): URI: //ready
12-09 08:12:02.307 I/System.out(13218): params: {json={}
12-09 08:12:02.307 I/System.out(13218): }
12-09 08:12:02.396 I/System.out(13218): URI: //
12-09 08:12:02.396 I/System.out(13218): params: {json={"command":"version","arguments":[]}
12-09 08:12:02.396 I/System.out(13218): }
12-09 08:12:02.396 I/System.out(13218): header: {date=Sun, 09 Dec 2018 08:12:02 GMT, accept=*/*, content-length=36, host=127.0.0.1:34777, user-agent=HTTPClient/1.0 (2.8.3, ruby 2.3.1 (2016-04-26)), content-type=application/json;charset=utf-8}
12-09 08:12:02.396 I/System.out(13218): params: {json={"command":"version","arguments":[]}
12-09 08:12:02.396 I/System.out(13218): }
12-09 08:12:02.397 I/System.out(13218): ProP json = {"command":"version","arguments":[]}
12-09 08:12:02.397 I/System.out(13218): files: {}
12-09 08:12:02.397 I/System.out(13218): command: {"command":"version","arguments":[]}
12-09 08:12:02.425 I/InstrumentationBackend(13218): Got command:'Command:'Line:null,version', arguments:'[]'
12-09 08:12:02.498 I/System.out(13218): result:{"bonusInformation":[],"message":"0.9.8","success":true}
12-09 08:12:02.532 I/System.out(13218): URI: //start-application
12-09 08:12:02.532 I/System.out(13218): params: {json={"intent":null}
12-09 08:12:02.532 I/System.out(13218): }
12-09 08:12:02.646 I/art     (13218): Background sticky concurrent mark sweep GC freed 17401(836KB) AllocSpace objects, 2(40KB) LOS objects, 34% free, 1402KB/2MB, paused 9.248ms total 49.194ms
12-09 08:12:02.710 I/ActivityManager( 1592): START u0 {act=android.intent.action.MAIN cat=[android.intent.category.LAUNCHER] flg=0x10200000 cmp=com.evancharlton.mileage/.Mileage} from uid 10131 on display 0
12-09 08:12:02.841 I/calabash(13218): newActivity1
12-09 08:12:02.900 I/calabash(13218): newActivity1
12-09 08:12:02.908 W/ActivityManager( 1592): Bad activity token: android.os.BinderProxy@5653d8c
12-09 08:12:02.908 W/ActivityManager( 1592): java.lang.ClassCastException: android.os.BinderProxy cannot be cast to com.android.server.am.ActivityRecord$Token
12-09 08:12:02.908 W/ActivityManager( 1592): 	at com.android.server.am.ActivityRecord.forTokenLocked(ActivityRecord.java:424)
12-09 08:12:02.908 W/ActivityManager( 1592): 	at com.android.server.am.ActivityRecord.isInStackLocked(ActivityRecord.java:1121)
12-09 08:12:02.908 W/ActivityManager( 1592): 	at com.android.server.am.ActivityRecord.getStackLocked(ActivityRecord.java:1126)
12-09 08:12:02.908 W/ActivityManager( 1592): 	at com.android.server.am.ActivityManagerService.getActivityDisplayId(ActivityManagerService.java:8889)
12-09 08:12:02.908 W/ActivityManager( 1592): 	at android.app.ActivityManagerNative.onTransact(ActivityManagerNative.java:2338)
12-09 08:12:02.908 W/ActivityManager( 1592): 	at com.android.server.am.ActivityManagerService.onTransact(ActivityManagerService.java:2443)
12-09 08:12:02.908 W/ActivityManager( 1592): 	at android.os.Binder.execTransact(Binder.java:453)
12-09 08:12:02.929 W/ActivityManager( 1592): Bad activity token: android.os.BinderProxy@5653d8c
12-09 08:12:02.929 W/ActivityManager( 1592): java.lang.ClassCastException: android.os.BinderProxy cannot be cast to com.android.server.am.ActivityRecord$Token
12-09 08:12:02.929 W/ActivityManager( 1592): 	at com.android.server.am.ActivityRecord.forTokenLocked(ActivityRecord.java:424)
12-09 08:12:02.929 W/ActivityManager( 1592): 	at com.android.server.am.ActivityRecord.isInStackLocked(ActivityRecord.java:1121)
12-09 08:12:02.929 W/ActivityManager( 1592): 	at com.android.server.am.ActivityManagerService.setTaskDescription(ActivityManagerService.java:8547)
12-09 08:12:02.929 W/ActivityManager( 1592): 	at android.app.ActivityManagerNative.onTransact(ActivityManagerNative.java:2410)
12-09 08:12:02.929 W/ActivityManager( 1592): 	at com.android.server.am.ActivityManagerService.onTransact(ActivityManagerService.java:2443)
12-09 08:12:02.929 W/ActivityManager( 1592): 	at android.os.Binder.execTransact(Binder.java:453)
12-09 08:12:03.171 W/art     (13218): Suspending all threads took: 12.004ms
12-09 08:12:03.177 D/gralloc_ranchu( 1219): gralloc_alloc: Creating ashmem region of size 3686400
12-09 08:12:03.214 I/art     (13218): Background sticky concurrent mark sweep GC freed 1646(234KB) AllocSpace objects, 0(0B) LOS objects, 11% free, 1874KB/2MB, paused 13.114ms total 216.930ms
12-09 08:12:03.226 W/ActivityManager( 1592): Bad activity token: android.os.BinderProxy@5653d8c
12-09 08:12:03.226 W/ActivityManager( 1592): java.lang.ClassCastException: android.os.BinderProxy cannot be cast to com.android.server.am.ActivityRecord$Token
12-09 08:12:03.226 W/ActivityManager( 1592): 	at com.android.server.am.ActivityRecord.forTokenLocked(ActivityRecord.java:424)
12-09 08:12:03.226 W/ActivityManager( 1592): 	at com.android.server.am.ActivityRecord.isInStackLocked(ActivityRecord.java:1121)
12-09 08:12:03.226 W/ActivityManager( 1592): 	at com.android.server.am.ActivityManagerService.getActivityOptions(ActivityManagerService.java:11038)
12-09 08:12:03.226 W/ActivityManager( 1592): 	at android.app.ActivityManagerNative.onTransact(ActivityManagerNative.java:1734)
12-09 08:12:03.226 W/ActivityManager( 1592): 	at com.android.server.am.ActivityManagerService.onTransact(ActivityManagerService.java:2443)
12-09 08:12:03.226 W/ActivityManager( 1592): 	at android.os.Binder.execTransact(Binder.java:453)
12-09 08:12:03.227 W/ActivityManager( 1592): Bad activity token: android.os.BinderProxy@5653d8c
12-09 08:12:03.227 W/ActivityManager( 1592): java.lang.ClassCastException: android.os.BinderProxy cannot be cast to com.android.server.am.ActivityRecord$Token
12-09 08:12:03.227 W/ActivityManager( 1592): 	at com.android.server.am.ActivityRecord.forTokenLocked(ActivityRecord.java:424)
12-09 08:12:03.227 W/ActivityManager( 1592): 	at com.android.server.am.ActivityRecord.isInStackLocked(ActivityRecord.java:1121)
12-09 08:12:03.227 W/ActivityManager( 1592): 	at com.android.server.am.ActivityManagerService.getActivityOptions(ActivityManagerService.java:11038)
12-09 08:12:03.227 W/ActivityManager( 1592): 	at android.app.ActivityManagerNative.onTransact(ActivityManagerNative.java:1734)
12-09 08:12:03.227 W/ActivityManager( 1592): 	at com.android.server.am.ActivityManagerService.onTransact(ActivityManagerService.java:2443)
12-09 08:12:03.227 W/ActivityManager( 1592): 	at android.os.Binder.execTransact(Binder.java:453)
12-09 08:12:03.351 D/EGL_emulation( 1917): eglMakeCurrent: 0x7fdaa6961d20: ver 2 0 (tinfo 0x7fdaa69428e0)
12-09 08:12:03.355 I/art     (13218): Background partial concurrent mark sweep GC freed 1988(238KB) AllocSpace objects, 2(40KB) LOS objects, 40% free, 1859KB/3MB, paused 1.461ms total 127.331ms
12-09 08:12:03.357 E/Surface ( 1917): getSlotFromBufferLocked: unknown buffer: 0x7fdaa288b060
12-09 08:12:03.363 V/PhoneStatusBar( 1686): setLightsOn(true)
12-09 08:12:03.537 W/art     ( 1592): Long monitor contention event with owner method=void com.android.server.wm.WindowAnimator$1.doFrame(long) from WindowAnimator.java:121 waiters=1 for 115ms
12-09 08:12:03.903 W/art     ( 1592): Long monitor contention event with owner method=void com.android.server.wm.WindowAnimator$1.doFrame(long) from WindowAnimator.java:121 waiters=0 for 231ms
12-09 08:12:04.012 D/gralloc_ranchu( 1219): gralloc_alloc: Creating ashmem region of size 3686400
12-09 08:12:04.060 D/        (13218): HostConnection::get() New Host Connection established 0x7fdaa68dd500, tid 13218
12-09 08:12:04.384 I/ActivityManager( 1592): Displayed com.evancharlton.mileage/.Mileage: +1s545ms
12-09 08:12:04.559 D/gralloc_ranchu( 1219): gralloc_alloc: Creating ashmem region of size 3686400
12-09 08:12:05.078 D/gralloc_ranchu( 1219): gralloc_alloc: Creating ashmem region of size 3686400
12-09 08:12:06.571 I/System.out(13218): URI: //map
12-09 08:12:06.578 I/System.out(13218): params: {json={"query":"android.widget.EditText id:'price'","operation":{"method_name":"query","arguments":[]}}
12-09 08:12:06.578 I/System.out(13218): }
12-09 08:12:06.640 W/ResourceType(13218): No package identifier when getting name for resource number 0x00000001
12-09 08:12:06.658 W/art     (13218): Suspending all threads took: 10.598ms
12-09 08:12:06.674 I/art     (13218): Background sticky concurrent mark sweep GC freed 26456(1217KB) AllocSpace objects, 2(40KB) LOS objects, 27% free, 2MB/3MB, paused 12.117ms total 74.737ms
12-09 08:12:06.762 W/art     (13218): Suspending all threads took: 6.331ms
12-09 08:12:06.799 I/art     (13218): Background sticky concurrent mark sweep GC freed 32046(1497KB) AllocSpace objects, 0(0B) LOS objects, 24% free, 2MB/3MB, paused 11.356ms total 101.144ms
12-09 08:12:06.800 I/System.out(13218): URI: //gesture
12-09 08:12:06.800 I/System.out(13218): params: {json={"query_timeout":5.0,"gestures":[{"query_string":"android.widget.EditText id:'price'","touches":[{"x":50,"y":50,"offset_x":0,"offset_y":0,"wait":0.0,"time":0.2,"release":true,"query_string":null}]}]}
12-09 08:12:06.800 I/System.out(13218): }
12-09 08:12:06.840 W/ResourceType(13218): No package identifier when getting name for resource number 0x00000001
12-09 08:12:07.286 I/LatinIME( 1847): Starting input. Cursor position = 0,0
12-09 08:12:07.374 I/art     (13218): Background sticky concurrent mark sweep GC freed 12430(555KB) AllocSpace objects, 0(0B) LOS objects, 0% free, 3MB/3MB, paused 5.298ms total 110.205ms
12-09 08:12:07.610 D/EGL_emulation( 1847): eglMakeCurrent: 0x7fdaa6961aa0: ver 2 0 (tinfo 0x7fdaa6942ae0)
12-09 08:12:07.932 I/System.out(13218): URI: //
12-09 08:12:07.932 I/System.out(13218): params: {json={"command":"set_selection","arguments":[-1,-1]}
12-09 08:12:07.932 I/System.out(13218): }
12-09 08:12:07.932 I/System.out(13218): header: {date=Sun, 09 Dec 2018 08:12:08 GMT, accept=*/*, content-length=47, host=127.0.0.1:34777, user-agent=HTTPClient/1.0 (2.8.3, ruby 2.3.1 (2016-04-26)), content-type=application/json;charset=utf-8}
12-09 08:12:07.932 I/System.out(13218): params: {json={"command":"set_selection","arguments":[-1,-1]}
12-09 08:12:07.933 I/System.out(13218): }
12-09 08:12:07.933 I/System.out(13218): ProP json = {"command":"set_selection","arguments":[-1,-1]}
12-09 08:12:07.933 I/System.out(13218): files: {}
12-09 08:12:07.933 I/System.out(13218): command: {"command":"set_selection","arguments":[-1,-1]}
12-09 08:12:07.935 I/InstrumentationBackend(13218): Got command:'Command:'Line:null,set_selection', arguments:'[-1, -1]'
12-09 08:12:08.019 I/System.out(13218): result:{"bonusInformation":[],"message":"","success":true}
12-09 08:12:08.187 I/System.out(13218): URI: //
12-09 08:12:08.187 I/System.out(13218): params: {json={"command":"keyboard_enter_text","arguments":["23"]}
12-09 08:12:08.187 I/System.out(13218): }
12-09 08:12:08.187 I/System.out(13218): header: {date=Sun, 09 Dec 2018 08:12:08 GMT, accept=*/*, content-length=52, host=127.0.0.1:34777, user-agent=HTTPClient/1.0 (2.8.3, ruby 2.3.1 (2016-04-26)), content-type=application/json;charset=utf-8}
12-09 08:12:08.187 I/System.out(13218): params: {json={"command":"keyboard_enter_text","arguments":["23"]}
12-09 08:12:08.187 I/System.out(13218): }
12-09 08:12:08.187 I/System.out(13218): ProP json = {"command":"keyboard_enter_text","arguments":["23"]}
12-09 08:12:08.187 I/System.out(13218): files: {}
12-09 08:12:08.187 I/System.out(13218): command: {"command":"keyboard_enter_text","arguments":["23"]}
12-09 08:12:08.188 I/InstrumentationBackend(13218): Got command:'Command:'Line:null,keyboard_enter_text', arguments:'[23]'
12-09 08:12:08.189 E/SpannableStringBuilder(13218): SPAN_EXCLUSIVE_EXCLUSIVE spans cannot have a zero length
12-09 08:12:08.189 E/SpannableStringBuilder(13218): SPAN_EXCLUSIVE_EXCLUSIVE spans cannot have a zero length
12-09 08:12:08.405 E/SpannableStringBuilder(13218): SPAN_EXCLUSIVE_EXCLUSIVE spans cannot have a zero length
12-09 08:12:08.405 E/SpannableStringBuilder(13218): SPAN_EXCLUSIVE_EXCLUSIVE spans cannot have a zero length
12-09 08:12:08.452 I/System.out(13218): result:{"bonusInformation":[],"message":"","success":true}
12-09 08:12:08.460 I/art     (13218): Background sticky concurrent mark sweep GC freed 24586(1100KB) AllocSpace objects, 5(100KB) LOS objects, 31% free, 2MB/3MB, paused 9.821ms total 42.510ms
12-09 08:12:09.007 E/SurfaceFlinger( 1219): ro.sf.lcd_density must be defined as a build property
12-09 08:12:09.040 D/gralloc_ranchu( 1219): gralloc_alloc: Creating ashmem region of size 3686400
12-09 08:12:09.051 D/        (13250): HostConnection::get() New Host Connection established 0x7f8caee12480, tid 13250
12-09 08:12:09.065 E/EGL_emulation( 1219): tid 1219: eglCreateSyncKHR(1881): error 0x3004 (EGL_BAD_ATTRIBUTE)
12-09 08:12:09.426 I/Choreographer( 1847): Skipped 35 frames!  The application may be doing too much work on its main thread.
12-09 08:12:09.910 I/System.out(13218): URI: //map
12-09 08:12:09.911 I/System.out(13218): params: {json={"query":"android.widget.EditText id:'volume'","operation":{"method_name":"query","arguments":[]}}
12-09 08:12:09.911 I/System.out(13218): }
12-09 08:12:09.935 W/ResourceType(13218): No package identifier when getting name for resource number 0x00000001
12-09 08:12:10.102 I/art     (13218): Background sticky concurrent mark sweep GC freed 47988(2MB) AllocSpace objects, 3(60KB) LOS objects, 33% free, 2MB/3MB, paused 1.019ms total 138.348ms
12-09 08:12:10.102 I/System.out(13218): URI: //gesture
12-09 08:12:10.103 I/System.out(13218): params: {json={"query_timeout":5.0,"gestures":[{"query_string":"android.widget.EditText id:'volume'","touches":[{"x":50,"y":50,"offset_x":0,"offset_y":0,"wait":0.0,"time":0.2,"release":true,"query_string":null}]}]}
12-09 08:12:10.103 I/System.out(13218): }
12-09 08:12:10.156 W/ResourceType(13218): No package identifier when getting name for resource number 0x00000001
12-09 08:12:10.752 I/LatinIME( 1847): Starting input. Cursor position = 0,0
12-09 08:12:10.789 I/art     (13218): Background sticky concurrent mark sweep GC freed 42311(1824KB) AllocSpace objects, 1(20KB) LOS objects, 23% free, 2MB/3MB, paused 5.739ms total 75.033ms
12-09 08:12:11.302 I/System.out(13218): URI: //
12-09 08:12:11.302 I/System.out(13218): params: {json={"command":"set_selection","arguments":[-1,-1]}
12-09 08:12:11.302 I/System.out(13218): }
12-09 08:12:11.302 I/System.out(13218): header: {date=Sun, 09 Dec 2018 08:12:11 GMT, accept=*/*, content-length=47, host=127.0.0.1:34777, user-agent=HTTPClient/1.0 (2.8.3, ruby 2.3.1 (2016-04-26)), content-type=application/json;charset=utf-8}
12-09 08:12:11.302 I/System.out(13218): params: {json={"command":"set_selection","arguments":[-1,-1]}
12-09 08:12:11.302 I/System.out(13218): }
12-09 08:12:11.302 I/System.out(13218): ProP json = {"command":"set_selection","arguments":[-1,-1]}
12-09 08:12:11.303 I/System.out(13218): files: {}
12-09 08:12:11.303 I/System.out(13218): command: {"command":"set_selection","arguments":[-1,-1]}
12-09 08:12:11.326 I/InstrumentationBackend(13218): Got command:'Command:'Line:null,set_selection', arguments:'[-1, -1]'
12-09 08:12:11.339 I/System.out(13218): result:{"bonusInformation":[],"message":"","success":true}
12-09 08:12:11.426 I/art     (13218): Background sticky concurrent mark sweep GC freed 16070(843KB) AllocSpace objects, 4(80KB) LOS objects, 31% free, 2MB/3MB, paused 7.075ms total 61.670ms
12-09 08:12:11.597 I/System.out(13218): URI: //
12-09 08:12:11.597 I/System.out(13218): params: {json={"command":"keyboard_enter_text","arguments":["49"]}
12-09 08:12:11.597 I/System.out(13218): }
12-09 08:12:11.597 I/System.out(13218): header: {date=Sun, 09 Dec 2018 08:12:11 GMT, accept=*/*, content-length=52, host=127.0.0.1:34777, user-agent=HTTPClient/1.0 (2.8.3, ruby 2.3.1 (2016-04-26)), content-type=application/json;charset=utf-8}
12-09 08:12:11.597 I/System.out(13218): params: {json={"command":"keyboard_enter_text","arguments":["49"]}
12-09 08:12:11.597 I/System.out(13218): }
12-09 08:12:11.597 I/System.out(13218): ProP json = {"command":"keyboard_enter_text","arguments":["49"]}
12-09 08:12:11.597 I/System.out(13218): files: {}
12-09 08:12:11.597 I/System.out(13218): command: {"command":"keyboard_enter_text","arguments":["49"]}
12-09 08:12:11.599 I/InstrumentationBackend(13218): Got command:'Command:'Line:null,keyboard_enter_text', arguments:'[49]'
12-09 08:12:11.618 E/SpannableStringBuilder(13218): SPAN_EXCLUSIVE_EXCLUSIVE spans cannot have a zero length
12-09 08:12:11.618 E/SpannableStringBuilder(13218): SPAN_EXCLUSIVE_EXCLUSIVE spans cannot have a zero length
12-09 08:12:11.627 E/SpannableStringBuilder(13218): SPAN_EXCLUSIVE_EXCLUSIVE spans cannot have a zero length
12-09 08:12:11.627 E/SpannableStringBuilder(13218): SPAN_EXCLUSIVE_EXCLUSIVE spans cannot have a zero length
12-09 08:12:11.633 I/System.out(13218): result:{"bonusInformation":[],"message":"","success":true}
12-09 08:12:12.354 E/SurfaceFlinger( 1219): ro.sf.lcd_density must be defined as a build property
12-09 08:12:12.494 D/gralloc_ranchu( 1219): gralloc_alloc: Creating ashmem region of size 3686400
12-09 08:12:12.556 D/        (13260): HostConnection::get() New Host Connection established 0x7f00fe1d2480, tid 13260
12-09 08:12:12.574 E/EGL_emulation( 1219): tid 1219: eglCreateSyncKHR(1881): error 0x3004 (EGL_BAD_ATTRIBUTE)
12-09 08:12:13.518 I/System.out(13218): URI: //map
12-09 08:12:13.518 I/System.out(13218): params: {json={"query":"android.widget.EditText id:'odometer'","operation":{"method_name":"query","arguments":[]}}
12-09 08:12:13.518 I/System.out(13218): }
12-09 08:12:13.564 W/ResourceType(13218): No package identifier when getting name for resource number 0x00000001
12-09 08:12:13.678 I/art     (13218): Background sticky concurrent mark sweep GC freed 14939(711KB) AllocSpace objects, 5(100KB) LOS objects, 0% free, 4MB/4MB, paused 927us total 158.708ms
12-09 08:12:13.738 I/System.out(13218): URI: //gesture
12-09 08:12:13.741 I/System.out(13218): params: {json={"query_timeout":5.0,"gestures":[{"query_string":"android.widget.EditText id:'odometer'","touches":[{"x":50,"y":50,"offset_x":0,"offset_y":0,"wait":0.0,"time":0.2,"release":true,"query_string":null}]}]}
12-09 08:12:13.742 I/System.out(13218): }
12-09 08:12:13.862 W/ResourceType(13218): No package identifier when getting name for resource number 0x00000001
12-09 08:12:14.195 I/LatinIME( 1847): Starting input. Cursor position = 0,0
12-09 08:12:14.824 I/System.out(13218): URI: //
12-09 08:12:14.824 I/System.out(13218): params: {json={"command":"set_selection","arguments":[-1,-1]}
12-09 08:12:14.824 I/System.out(13218): }
12-09 08:12:14.824 I/System.out(13218): header: {date=Sun, 09 Dec 2018 08:12:14 GMT, accept=*/*, content-length=47, host=127.0.0.1:34777, user-agent=HTTPClient/1.0 (2.8.3, ruby 2.3.1 (2016-04-26)), content-type=application/json;charset=utf-8}
12-09 08:12:14.824 I/System.out(13218): params: {json={"command":"set_selection","arguments":[-1,-1]}
12-09 08:12:14.825 I/System.out(13218): }
12-09 08:12:14.825 I/System.out(13218): ProP json = {"command":"set_selection","arguments":[-1,-1]}
12-09 08:12:14.825 I/System.out(13218): files: {}
12-09 08:12:14.825 I/System.out(13218): command: {"command":"set_selection","arguments":[-1,-1]}
12-09 08:12:14.826 I/InstrumentationBackend(13218): Got command:'Command:'Line:null,set_selection', arguments:'[-1, -1]'
12-09 08:12:14.839 I/System.out(13218): result:{"bonusInformation":[],"message":"","success":true}
12-09 08:12:15.167 I/System.out(13218): URI: //
12-09 08:12:15.167 I/System.out(13218): params: {json={"command":"keyboard_enter_text","arguments":["12"]}
12-09 08:12:15.167 I/System.out(13218): }
12-09 08:12:15.167 I/System.out(13218): header: {date=Sun, 09 Dec 2018 08:12:15 GMT, accept=*/*, content-length=52, host=127.0.0.1:34777, user-agent=HTTPClient/1.0 (2.8.3, ruby 2.3.1 (2016-04-26)), content-type=application/json;charset=utf-8}
12-09 08:12:15.167 I/System.out(13218): params: {json={"command":"keyboard_enter_text","arguments":["12"]}
12-09 08:12:15.167 I/System.out(13218): }
12-09 08:12:15.167 I/System.out(13218): ProP json = {"command":"keyboard_enter_text","arguments":["12"]}
12-09 08:12:15.167 I/System.out(13218): files: {}
12-09 08:12:15.167 I/System.out(13218): command: {"command":"keyboard_enter_text","arguments":["12"]}
12-09 08:12:15.168 I/InstrumentationBackend(13218): Got command:'Command:'Line:null,keyboard_enter_text', arguments:'[12]'
12-09 08:12:15.169 E/SpannableStringBuilder(13218): SPAN_EXCLUSIVE_EXCLUSIVE spans cannot have a zero length
12-09 08:12:15.169 E/SpannableStringBuilder(13218): SPAN_EXCLUSIVE_EXCLUSIVE spans cannot have a zero length
12-09 08:12:15.176 E/SpannableStringBuilder(13218): SPAN_EXCLUSIVE_EXCLUSIVE spans cannot have a zero length
12-09 08:12:15.176 E/SpannableStringBuilder(13218): SPAN_EXCLUSIVE_EXCLUSIVE spans cannot have a zero length
12-09 08:12:15.181 I/System.out(13218): result:{"bonusInformation":[],"message":"","success":true}
12-09 08:12:15.335 I/art     (13218): Background sticky concurrent mark sweep GC freed 28677(1367KB) AllocSpace objects, 7(140KB) LOS objects, 35% free, 2MB/3MB, paused 959us total 156.981ms
12-09 08:12:15.668 E/SurfaceFlinger( 1219): ro.sf.lcd_density must be defined as a build property
12-09 08:12:15.679 D/gralloc_ranchu( 1219): gralloc_alloc: Creating ashmem region of size 3686400
12-09 08:12:15.746 D/        (13270): HostConnection::get() New Host Connection established 0x7f71ffd52480, tid 13270
12-09 08:12:15.771 E/EGL_emulation( 1219): tid 1219: eglCreateSyncKHR(1881): error 0x3004 (EGL_BAD_ATTRIBUTE)
12-09 08:12:17.778 I/System.out(13218): URI: //map
12-09 08:12:17.778 I/System.out(13218): params: {json={"query":"android.widget.Button index:2","operation":{"method_name":"query","arguments":[]}}
12-09 08:12:17.778 I/System.out(13218): }
12-09 08:12:18.155 I/System.out(13218): URI: //gesture
12-09 08:12:18.155 I/System.out(13218): params: {json={"query_timeout":5.0,"gestures":[{"query_string":"android.widget.Button index:2","touches":[{"x":50,"y":50,"offset_x":0,"offset_y":0,"wait":0.0,"time":0.2,"release":true,"query_string":null}]}]}
12-09 08:12:18.155 I/System.out(13218): }
12-09 08:12:18.328 I/art     (13218): Background partial concurrent mark sweep GC freed 48255(2MB) AllocSpace objects, 6(120KB) LOS objects, 40% free, 2MB/4MB, paused 1.171ms total 512.227ms
12-09 08:12:18.682 W/audio_hw_generic( 1309): Hardware backing HAL too slow, could only write 0 of 661 frames
12-09 08:12:18.698 W/audio_hw_generic( 1309): Hardware backing HAL too slow, could only write 0 of 661 frames
12-09 08:12:18.711 W/audio_hw_generic( 1309): Hardware backing HAL too slow, could only write 0 of 661 frames
12-09 08:12:18.729 W/audio_hw_generic( 1309): Hardware backing HAL too slow, could only write 0 of 661 frames
12-09 08:12:18.798 W/audio_hw_generic( 1309): Not supplying enough data to HAL, expected position 26020778 , only wrote 26020265
12-09 08:12:18.798 W/audio_hw_generic( 1309): Not supplying enough data to HAL, expected position 26020271 , only wrote 26020265
12-09 08:12:18.818 W/audio_hw_generic( 1309): Not supplying enough data to HAL, expected position 26021123 , only wrote 26020926
12-09 08:12:18.852 W/audio_hw_generic( 1309): Not supplying enough data to HAL, expected position 26022426 , only wrote 26022248
12-09 08:12:18.870 W/audio_hw_generic( 1309): Hardware backing HAL too slow, could only write 0 of 661 frames
12-09 08:12:18.887 W/audio_hw_generic( 1309): Hardware backing HAL too slow, could only write 0 of 661 frames
12-09 08:12:19.009 W/audio_hw_generic( 1309): Not supplying enough data to HAL, expected position 26029174 , only wrote 26028197
12-09 08:12:19.009 W/audio_hw_generic( 1309): Not supplying enough data to HAL, expected position 26028203 , only wrote 26028197
12-09 08:12:19.025 W/audio_hw_generic( 1309): Not supplying enough data to HAL, expected position 26028899 , only wrote 26028858
12-09 08:12:19.030 I/calabash(13218): newActivity1
12-09 08:12:19.031 W/ActivityManager( 1592): Bad activity token: android.os.BinderProxy@7f7d066
12-09 08:12:19.031 W/ActivityManager( 1592): java.lang.ClassCastException: android.os.BinderProxy cannot be cast to com.android.server.am.ActivityRecord$Token
12-09 08:12:19.031 W/ActivityManager( 1592): 	at com.android.server.am.ActivityRecord.forTokenLocked(ActivityRecord.java:424)
12-09 08:12:19.031 W/ActivityManager( 1592): 	at com.android.server.am.ActivityRecord.isInStackLocked(ActivityRecord.java:1121)
12-09 08:12:19.031 W/ActivityManager( 1592): 	at com.android.server.am.ActivityRecord.getStackLocked(ActivityRecord.java:1126)
12-09 08:12:19.031 W/ActivityManager( 1592): 	at com.android.server.am.ActivityManagerService.getActivityDisplayId(ActivityManagerService.java:8889)
12-09 08:12:19.031 W/ActivityManager( 1592): 	at android.app.ActivityManagerNative.onTransact(ActivityManagerNative.java:2338)
12-09 08:12:19.031 W/ActivityManager( 1592): 	at com.android.server.am.ActivityManagerService.onTransact(ActivityManagerService.java:2443)
12-09 08:12:19.031 W/ActivityManager( 1592): 	at android.os.Binder.execTransact(Binder.java:453)
12-09 08:12:19.032 W/ActivityManager( 1592): Bad activity token: android.os.BinderProxy@7f7d066
12-09 08:12:19.032 W/ActivityManager( 1592): java.lang.ClassCastException: android.os.BinderProxy cannot be cast to com.android.server.am.ActivityRecord$Token
12-09 08:12:19.032 W/ActivityManager( 1592): 	at com.android.server.am.ActivityRecord.forTokenLocked(ActivityRecord.java:424)
12-09 08:12:19.032 W/ActivityManager( 1592): 	at com.android.server.am.ActivityRecord.isInStackLocked(ActivityRecord.java:1121)
12-09 08:12:19.032 W/ActivityManager( 1592): 	at com.android.server.am.ActivityManagerService.setTaskDescription(ActivityManagerService.java:8547)
12-09 08:12:19.032 W/ActivityManager( 1592): 	at android.app.ActivityManagerNative.onTransact(ActivityManagerNative.java:2410)
12-09 08:12:19.032 W/ActivityManager( 1592): 	at com.android.server.am.ActivityManagerService.onTransact(ActivityManagerService.java:2443)
12-09 08:12:19.032 W/ActivityManager( 1592): 	at android.os.Binder.execTransact(Binder.java:453)
