--------- beginning of main
12-09 07:45:46.873 I/art     ( 1593): Background partial concurrent mark sweep GC freed 9903(712KB) AllocSpace objects, 6(116KB) LOS objects, 30% free, 9MB/13MB, paused 1.321ms total 234.647ms
12-09 07:45:46.925 W/art     ( 1593): Long monitor contention event with owner method=void com.android.server.am.ActivityManagerService.activityPaused(android.os.IBinder) from ActivityManagerService.java:6439 waiters=1 for 256ms
--------- beginning of system
12-09 07:45:46.925 W/ActivityManager( 1593): Finishing task with all activities already finished
12-09 07:45:46.926 W/ActivityManager( 1593): Duplicate finish request for ActivityRecord{6511faa u0 com.evancharlton.mileage/.Mileage t350 f}
12-09 07:45:46.926 W/art     ( 1593): Long monitor contention event with owner method=void com.android.server.am.ActivityManagerService.activityPaused(android.os.IBinder) from ActivityManagerService.java:6439 waiters=2 for 227ms
12-09 07:45:46.926 W/art     ( 1593): Long monitor contention event with owner method=void com.android.server.am.ActivityManagerService.activityPaused(android.os.IBinder) from ActivityManagerService.java:6439 waiters=3 for 226ms
12-09 07:45:46.927 W/ActivityManager( 1593): Finishing task with all activities already finished
12-09 07:45:46.927 W/ActivityManager( 1593): Duplicate finish request for ActivityRecord{6511faa u0 com.evancharlton.mileage/.Mileage t350 f}
12-09 07:45:46.928 W/ActivityManager( 1593): Finishing task with all activities already finished
12-09 07:45:46.928 W/ActivityManager( 1593): Duplicate finish request for ActivityRecord{6511faa u0 com.evancharlton.mileage/.Mileage t350 f}
12-09 07:45:47.141 D/EGL_emulation( 1928): eglMakeCurrent: 0x7f6d8d074dc0: ver 2 0 (tinfo 0x7f6d8d042de0)
12-09 07:45:47.435 D/AndroidRuntime( 6261): >>>>>> START com.android.internal.os.RuntimeInit uid 0 <<<<<<
12-09 07:45:47.450 D/AndroidRuntime( 6261): CheckJNI is ON
12-09 07:45:47.483 D/ICU     ( 6261): No timezone override file found: /data/misc/zoneinfo/current/icu/icu_tzdata.dat
12-09 07:45:47.619 W/art     ( 1593): Long monitor contention event with owner method=void com.android.server.wm.WindowAnimator$1.doFrame(long) from WindowAnimator.java:121 waiters=0 for 157ms
12-09 07:45:47.628 E/memtrack( 6261): Couldn't load memtrack module (No such file or directory)
12-09 07:45:47.628 E/android.os.Debug( 6261): failed to load memtrack module: -2
12-09 07:45:47.660 I/Radio-JNI( 6261): register_android_hardware_Radio DONE
12-09 07:45:47.689 D/AndroidRuntime( 6261): Calling main entry com.android.commands.am.Am
12-09 07:45:47.721 I/ActivityManager( 1593): Force stopping com.evancharlton.mileage appid=10119 user=0: start instr
12-09 07:45:47.733 I/ActivityManager( 1593): Killing 6198:com.evancharlton.mileage/u0a119 (adj 0): stop com.evancharlton.mileage
12-09 07:45:47.791 W/art     ( 1593): Long monitor contention event with owner method=void com.android.server.wm.WindowAnimator$1.doFrame(long) from WindowAnimator.java:121 waiters=0 for 172ms
12-09 07:45:47.848 W/ActivityManager( 1593): Crash of app com.evancharlton.mileage running instrumentation ComponentInfo{com.evancharlton.mileage.test/sh.calaba.instrumentationbackend.CalabashInstrumentationTestRunner}
12-09 07:45:47.848 I/ActivityManager( 1593): Force stopping com.evancharlton.mileage appid=10119 user=0: finished inst
12-09 07:45:47.997 W/art     ( 1593): Long monitor contention event with owner method=void com.android.server.wm.WindowAnimator$1.doFrame(long) from WindowAnimator.java:121 waiters=1 for 148ms
12-09 07:45:48.296 W/art     ( 1593): Long monitor contention event with owner method=void com.android.server.wm.WindowAnimator$1.doFrame(long) from WindowAnimator.java:121 waiters=2 for 299ms
12-09 07:45:48.382 W/art     ( 1593): Long monitor contention event with owner method=void com.android.server.wm.WindowAnimator$1.doFrame(long) from WindowAnimator.java:121 waiters=2 for 308ms
12-09 07:45:48.491 W/art     ( 1593): Long monitor contention event with owner method=void com.android.server.wm.WindowAnimator$1.doFrame(long) from WindowAnimator.java:121 waiters=2 for 273ms
12-09 07:45:49.493 W/SurfaceFlinger( 1219): Timed out waiting for hw vsync; faking it
12-09 07:45:49.513 W/art     ( 1593): Long monitor contention event with owner method=void com.android.server.wm.WindowAnimator$1.doFrame(long) from WindowAnimator.java:121 waiters=2 for 1.217s
12-09 07:45:49.514 I/WindowState( 1593): WIN DEATH: Window{461f67c u0 com.evancharlton.mileage/com.evancharlton.mileage.Mileage EXITING}
12-09 07:45:49.517 W/art     ( 1593): Long monitor contention event with owner method=void com.android.server.wm.WindowAnimator$1.doFrame(long) from WindowAnimator.java:121 waiters=2 for 1.132s
12-09 07:45:49.519 W/art     ( 1593): Long monitor contention event with owner method=void com.android.server.wm.WindowAnimator$1.doFrame(long) from WindowAnimator.java:121 waiters=2 for 1.028s
12-09 07:45:49.553 I/Choreographer( 1593): Skipped 33 frames!  The application may be doing too much work on its main thread.
12-09 07:45:49.618 I/ActivityManager( 1593): Start proc 6270:com.evancharlton.mileage/u0a119 for added application com.evancharlton.mileage
12-09 07:45:49.618 W/art     ( 1593): Long monitor contention event with owner method=boolean com.android.server.am.ActivityManagerService.startInstrumentation(android.content.ComponentName, java.lang.String, int, android.os.Bundle, android.app.IInstrumentationWatcher, android.app.IUiAutomationConnection, int, java.lang.String) from ActivityManagerService.java:17066 waiters=0 for 1.841s
12-09 07:45:49.618 W/art     ( 1593): Long monitor contention event with owner method=boolean com.android.server.am.ActivityManagerService.startInstrumentation(android.content.ComponentName, java.lang.String, int, android.os.Bundle, android.app.IInstrumentationWatcher, android.app.IUiAutomationConnection, int, java.lang.String) from ActivityManagerService.java:17066 waiters=1 for 1.841s
12-09 07:45:49.620 W/InputMethodManagerService( 1593): Got RemoteException sending setActive(false) notification to pid 6198 uid 10119
12-09 07:45:49.629 D/AndroidRuntime( 6261): Shutting down VM
12-09 07:45:49.746 W/art     ( 1593): Long monitor contention event with owner method=void com.android.server.wm.WindowAnimator$1.doFrame(long) from WindowAnimator.java:121 waiters=1 for 125ms
12-09 07:45:50.142 W/art     ( 1593): Long monitor contention event with owner method=void com.android.server.wm.WindowAnimator$1.doFrame(long) from WindowAnimator.java:121 waiters=1 for 167ms
12-09 07:45:50.333 W/art     ( 1593): Long monitor contention event with owner method=java.util.List com.android.server.am.ActivityManagerService.getAllStackInfos() from ActivityManagerService.java:8937 waiters=0 for 690ms
12-09 07:45:50.335 W/art     ( 1593): Long monitor contention event with owner method=com.android.internal.view.InputBindResult com.android.server.InputMethodManagerService.windowGainedFocus(com.android.internal.view.IInputMethodClient, android.os.IBinder, int, int, int, android.view.inputmethod.EditorInfo, com.android.internal.view.IInputContext) from InputMethodManagerService.java:2177 waiters=0 for 2.486s
12-09 07:45:50.335 I/Choreographer( 1928): Skipped 189 frames!  The application may be doing too much work on its main thread.
12-09 07:45:50.338 W/art     ( 1593): Long monitor contention event with owner method=com.android.internal.view.InputBindResult com.android.server.InputMethodManagerService.windowGainedFocus(com.android.internal.view.IInputMethodClient, android.os.IBinder, int, int, int, android.view.inputmethod.EditorInfo, com.android.internal.view.IInputContext) from InputMethodManagerService.java:2177 waiters=1 for 819ms
12-09 07:45:50.590 W/art     ( 1593): Long monitor contention event with owner method=java.util.List com.android.server.am.ActivityManagerService.getAllStackInfos() from ActivityManagerService.java:8937 waiters=1 for 471ms
12-09 07:45:50.600 W/art     ( 1593): Long monitor contention event with owner method=java.util.List com.android.server.am.ActivityManagerService.getAllStackInfos() from ActivityManagerService.java:8937 waiters=3 for 381ms
12-09 07:45:50.662 W/System  ( 6270): ClassLoader referenced unknown path: /data/app/com.evancharlton.mileage.test-1/lib/x86_64
12-09 07:45:50.669 W/System  ( 6270): ClassLoader referenced unknown path: /data/app/com.evancharlton.mileage-1/lib/x86_64
12-09 07:45:50.716 D/EGL_emulation( 1862): eglMakeCurrent: 0x7f6d8d074aa0: ver 2 0 (tinfo 0x7f6d8d042e80)
12-09 07:45:50.723 E/Surface ( 1862): getSlotFromBufferLocked: unknown buffer: 0x7f6d8d075220
12-09 07:45:50.743 W/art     ( 1593): Long monitor contention event with owner method=void com.android.server.wm.WindowAnimator$1.doFrame(long) from WindowAnimator.java:121 waiters=0 for 145ms
12-09 07:45:50.765 I/System.out( 6270): Main activity name automatically set to: com.evancharlton.mileage.Mileage
12-09 07:45:50.765 I/System.out( 6270): Calabash did not load Mono. This is only a problem if you are trying to test a Mono application
12-09 07:45:50.765 I/calabash( 6270): Test server port: 7102
12-09 07:45:50.766 I/InstrumentationBackend( 6270): Added:'GetPreferences', with key:'get_preferences'
12-09 07:45:50.912 W/art     ( 1593): Long monitor contention event with owner method=void com.android.server.wm.WindowAnimator$1.doFrame(long) from WindowAnimator.java:121 waiters=1 for 188ms
12-09 07:45:50.921 W/art     ( 6270): Suspending all threads took: 65.292ms
12-09 07:45:51.078 W/art     ( 1593): Long monitor contention event with owner method=void com.android.server.wm.WindowAnimator$1.doFrame(long) from WindowAnimator.java:121 waiters=2 for 350ms
12-09 07:45:51.079 I/Choreographer( 1928): Skipped 43 frames!  The application may be doing too much work on its main thread.
12-09 07:45:51.113 I/InstrumentationBackend( 6270): Added:'SetPreferences', with key:'set_preferences'
12-09 07:45:51.113 I/InstrumentationBackend( 6270): Added:'ClearPreferences', with key:'clear_preferences'
12-09 07:45:51.113 I/InstrumentationBackend( 6270): Added:'PressElement', with key:'press_l10n_element'
12-09 07:45:51.114 I/InstrumentationBackend( 6270): Added:'WaitForElement', with key:'wait_for_l10n_element'
12-09 07:45:51.114 I/InstrumentationBackend( 6270): Added:'NullAction', with key:'nullAction'
12-09 07:45:51.114 I/InstrumentationBackend( 6270): Added:'PressKey', with key:'press_key'
12-09 07:45:51.114 I/InstrumentationBackend( 6270): Added:'SetActivityOrientation', with key:'set_activity_orientation'
12-09 07:45:51.115 I/InstrumentationBackend( 6270): Added:'GetActivityOrientation', with key:'get_activity_orientation'
12-09 07:45:51.123 I/InstrumentationBackend( 6270): Added:'FakeGPSLocation', with key:'set_gps_coordinates'
12-09 07:45:51.124 I/InstrumentationBackend( 6270): Added:'SetPropertyByCssSelector', with key:'set_property_by_css_selector'
12-09 07:45:51.124 I/InstrumentationBackend( 6270): Added:'GetUrl', with key:'get_url'
12-09 07:45:51.153 I/InstrumentationBackend( 6270): Added:'ScrollTo', with key:'scroll_to'
12-09 07:45:51.153 I/InstrumentationBackend( 6270): Added:'GetLoadProgress', with key:'get_load_progress'
12-09 07:45:51.154 I/InstrumentationBackend( 6270): Added:'DumpHtml', with key:'dump_html'
12-09 07:45:51.154 I/InstrumentationBackend( 6270): Added:'DumpBodyHtml', with key:'dump_body_html'
12-09 07:45:51.154 I/InstrumentationBackend( 6270): Added:'EnterTextByCssSelector', with key:'enter_text_by_selector'
12-09 07:45:51.155 I/InstrumentationBackend( 6270): Added:'AndroidSDKVersion', with key:'android_sdk_version'
12-09 07:45:51.155 I/InstrumentationBackend( 6270): Added:'Version', with key:'version'
12-09 07:45:51.155 I/InstrumentationBackend( 6270): Added:'Drag', with key:'drag'
12-09 07:45:51.155 I/InstrumentationBackend( 6270): Added:'TouchCoordinates', with key:'touch_coordinate'
12-09 07:45:51.155 I/InstrumentationBackend( 6270): Added:'LongPressCoordinate', with key:'long_press_coordinate'
12-09 07:45:51.156 I/InstrumentationBackend( 6270): Added:'DragCoordinates', with key:'drag_coordinates'
12-09 07:45:51.156 I/InstrumentationBackend( 6270): Added:'ResumeApplication', with key:'resume_application'
12-09 07:45:51.156 I/InstrumentationBackend( 6270): Added:'Swipe', with key:'swipe'
12-09 07:45:51.156 I/InstrumentationBackend( 6270): Added:'DoubleTapCoordinate', with key:'double_tap_coordinate'
12-09 07:45:51.156 I/InstrumentationBackend( 6270): Added:'ClickOnScreen', with key:'click_on_screen'
12-09 07:45:51.172 W/OpenGLRenderer( 1928): Incorrectly called buildLayer on View: ShortcutAndWidgetContainer, destroying layer...
12-09 07:45:51.182 I/InstrumentationBackend( 6270): Added:'GetActivityName', with key:'get_activity_name'
12-09 07:45:51.182 I/InstrumentationBackend( 6270): Added:'ScrollToView', with key:'scroll_to_view'
12-09 07:45:51.182 I/InstrumentationBackend( 6270): Added:'ViewConfiguration', with key:'view_configuration'
12-09 07:45:51.182 I/InstrumentationBackend( 6270): Added:'IsCurrentActivityFocused', with key:'is_current_activity_focused'
12-09 07:45:51.183 I/InstrumentationBackend( 6270): Added:'SendTcp', with key:'send_tcp'
12-09 07:45:51.183 I/InstrumentationBackend( 6270): Added:'DpToDevicePixel', with key:'dp_to_device_pixel'
12-09 07:45:51.183 I/InstrumentationBackend( 6270): Added:'KeyboardEnterText', with key:'keyboard_enter_text'
12-09 07:45:51.183 I/InstrumentationBackend( 6270): Added:'DeleteSurroundingText', with key:'delete_surrounding_text'
12-09 07:45:51.184 I/InstrumentationBackend( 6270): Added:'SetComposingRegion', with key:'set_composing_region'
12-09 07:45:51.184 I/InstrumentationBackend( 6270): Added:'SetSelection', with key:'set_selection'
12-09 07:45:51.184 I/InstrumentationBackend( 6270): Added:'KeyboardKeyEvent', with key:'keyboard_key_event'
12-09 07:45:51.184 I/InstrumentationBackend( 6270): Added:'PressUserActionButton', with key:'press_user_action_button'
12-09 07:45:51.218 I/InstrumentationBackend( 6270): Added:'HideSoftKeyboard', with key:'hide_soft_keyboard'
12-09 07:45:51.218 I/InstrumentationBackend( 6270): Added:'ListActions', with key:'list_actions'
12-09 07:45:51.259 I/calabash( 6270): Instantiating http server at 7102
12-09 07:45:51.259 I/System.out( 6270): HTTP Daemon listening on: 7102
12-09 07:45:51.376 I/art     ( 6270): Background sticky concurrent mark sweep GC freed 41491(1504KB) AllocSpace objects, 0(0B) LOS objects, 67% free, 1258KB/3MB, paused 66.503ms total 627.846ms
12-09 07:45:51.474 I/System.out( 6270): URI: //ping
12-09 07:45:51.474 I/System.out( 6270): params: {json={}
12-09 07:45:51.474 I/System.out( 6270): }
12-09 07:45:51.602 I/System.out( 6270): URI: //ping
12-09 07:45:51.602 I/System.out( 6270): params: {json={}
12-09 07:45:51.602 I/System.out( 6270): }
12-09 07:45:51.659 W/WindowAnimator( 1593): Failed to dispatch window animation state change.
12-09 07:45:51.659 W/WindowAnimator( 1593): android.os.DeadObjectException
12-09 07:45:51.659 W/WindowAnimator( 1593): 	at android.os.BinderProxy.transactNative(Native Method)
12-09 07:45:51.659 W/WindowAnimator( 1593): 	at android.os.BinderProxy.transact(Binder.java:503)
12-09 07:45:51.659 W/WindowAnimator( 1593): 	at android.view.IWindow$Stub$Proxy.onAnimationStopped(IWindow.java:534)
12-09 07:45:51.659 W/WindowAnimator( 1593): 	at com.android.server.wm.WindowAnimator.updateWindowsLocked(WindowAnimator.java:286)
12-09 07:45:51.659 W/WindowAnimator( 1593): 	at com.android.server.wm.WindowAnimator.animateLocked(WindowAnimator.java:678)
12-09 07:45:51.659 W/WindowAnimator( 1593): 	at com.android.server.wm.WindowAnimator.-wrap0(WindowAnimator.java)
12-09 07:45:51.659 W/WindowAnimator( 1593): 	at com.android.server.wm.WindowAnimator$1.doFrame(WindowAnimator.java:123)
12-09 07:45:51.659 W/WindowAnimator( 1593): 	at android.view.Choreographer$CallbackRecord.run(Choreographer.java:856)
12-09 07:45:51.659 W/WindowAnimator( 1593): 	at android.view.Choreographer.doCallbacks(Choreographer.java:670)
12-09 07:45:51.659 W/WindowAnimator( 1593): 	at android.view.Choreographer.doFrame(Choreographer.java:603)
12-09 07:45:51.659 W/WindowAnimator( 1593): 	at android.view.Choreographer$FrameDisplayEventReceiver.run(Choreographer.java:844)
12-09 07:45:51.659 W/WindowAnimator( 1593): 	at android.os.Handler.handleCallback(Handler.java:739)
12-09 07:45:51.659 W/WindowAnimator( 1593): 	at android.os.Handler.dispatchMessage(Handler.java:95)
12-09 07:45:51.659 W/WindowAnimator( 1593): 	at android.os.Looper.loop(Looper.java:148)
12-09 07:45:51.659 W/WindowAnimator( 1593): 	at android.os.HandlerThread.run(HandlerThread.java:61)
12-09 07:45:51.659 W/WindowAnimator( 1593): 	at com.android.server.ServiceThread.run(ServiceThread.java:46)
12-09 07:45:51.670 I/System.out( 6270): URI: //ready
12-09 07:45:51.670 I/System.out( 6270): params: {json={}
12-09 07:45:51.670 I/System.out( 6270): }
12-09 07:45:51.693 I/System.out( 6270): URI: //
12-09 07:45:51.693 I/System.out( 6270): params: {json={"command":"version","arguments":[]}
12-09 07:45:51.693 I/System.out( 6270): }
12-09 07:45:51.693 I/System.out( 6270): header: {date=Sun, 09 Dec 2018 07:45:52 GMT, accept=*/*, content-length=36, host=127.0.0.1:34777, user-agent=HTTPClient/1.0 (2.8.3, ruby 2.3.1 (2016-04-26)), content-type=application/json;charset=utf-8}
12-09 07:45:51.693 I/System.out( 6270): params: {json={"command":"version","arguments":[]}
12-09 07:45:51.693 I/System.out( 6270): }
12-09 07:45:51.693 I/System.out( 6270): ProP json = {"command":"version","arguments":[]}
12-09 07:45:51.694 I/System.out( 6270): files: {}
12-09 07:45:51.694 I/System.out( 6270): command: {"command":"version","arguments":[]}
12-09 07:45:51.723 I/InstrumentationBackend( 6270): Got command:'Command:'Line:null,version', arguments:'[]'
12-09 07:45:51.756 I/System.out( 6270): result:{"bonusInformation":[],"message":"0.9.8","success":true}
12-09 07:45:51.850 I/System.out( 6270): URI: //start-application
12-09 07:45:51.850 I/System.out( 6270): params: {json={"intent":null}
12-09 07:45:51.850 I/System.out( 6270): }
12-09 07:45:51.975 I/art     ( 6270): Background partial concurrent mark sweep GC freed 34140(1989KB) AllocSpace objects, 15(300KB) LOS objects, 44% free, 1280KB/2MB, paused 6.173ms total 81.605ms
12-09 07:45:52.036 I/ActivityManager( 1593): START u0 {act=android.intent.action.MAIN cat=[android.intent.category.LAUNCHER] flg=0x10200000 cmp=com.evancharlton.mileage/.Mileage} from uid 10119 on display 0
12-09 07:45:52.495 W/art     ( 1593): Long monitor contention event with owner method=int com.android.server.wm.WindowManagerService.relayoutWindow(com.android.server.wm.Session, android.view.IWindow, int, android.view.WindowManager$LayoutParams, int, int, int, int, android.graphics.Rect, android.graphics.Rect, android.graphics.Rect, android.graphics.Rect, android.graphics.Rect, android.graphics.Rect, android.content.res.Configuration, android.view.Surface) from WindowManagerService.java:3103 waiters=0 for 271ms
12-09 07:45:52.521 D/gralloc_ranchu( 1219): gralloc_alloc: Creating ashmem region of size 3686400
12-09 07:45:52.541 I/calabash( 6270): newActivity1
12-09 07:45:52.668 I/calabash( 6270): newActivity1
12-09 07:45:52.669 W/ActivityManager( 1593): Bad activity token: android.os.BinderProxy@1d3bb0
12-09 07:45:52.669 W/ActivityManager( 1593): java.lang.ClassCastException: android.os.BinderProxy cannot be cast to com.android.server.am.ActivityRecord$Token
12-09 07:45:52.669 W/ActivityManager( 1593): 	at com.android.server.am.ActivityRecord.forTokenLocked(ActivityRecord.java:424)
12-09 07:45:52.669 W/ActivityManager( 1593): 	at com.android.server.am.ActivityRecord.isInStackLocked(ActivityRecord.java:1121)
12-09 07:45:52.669 W/ActivityManager( 1593): 	at com.android.server.am.ActivityRecord.getStackLocked(ActivityRecord.java:1126)
12-09 07:45:52.669 W/ActivityManager( 1593): 	at com.android.server.am.ActivityManagerService.getActivityDisplayId(ActivityManagerService.java:8889)
12-09 07:45:52.669 W/ActivityManager( 1593): 	at android.app.ActivityManagerNative.onTransact(ActivityManagerNative.java:2338)
12-09 07:45:52.669 W/ActivityManager( 1593): 	at com.android.server.am.ActivityManagerService.onTransact(ActivityManagerService.java:2443)
12-09 07:45:52.669 W/ActivityManager( 1593): 	at android.os.Binder.execTransact(Binder.java:453)
12-09 07:45:52.685 W/ActivityManager( 1593): Bad activity token: android.os.BinderProxy@1d3bb0
12-09 07:45:52.685 W/ActivityManager( 1593): java.lang.ClassCastException: android.os.BinderProxy cannot be cast to com.android.server.am.ActivityRecord$Token
12-09 07:45:52.685 W/ActivityManager( 1593): 	at com.android.server.am.ActivityRecord.forTokenLocked(ActivityRecord.java:424)
12-09 07:45:52.685 W/ActivityManager( 1593): 	at com.android.server.am.ActivityRecord.isInStackLocked(ActivityRecord.java:1121)
12-09 07:45:52.685 W/ActivityManager( 1593): 	at com.android.server.am.ActivityManagerService.setTaskDescription(ActivityManagerService.java:8547)
12-09 07:45:52.685 W/ActivityManager( 1593): 	at android.app.ActivityManagerNative.onTransact(ActivityManagerNative.java:2410)
12-09 07:45:52.685 W/ActivityManager( 1593): 	at com.android.server.am.ActivityManagerService.onTransact(ActivityManagerService.java:2443)
12-09 07:45:52.685 W/ActivityManager( 1593): 	at android.os.Binder.execTransact(Binder.java:453)
12-09 07:45:52.786 W/ActivityManager( 1593): Bad activity token: android.os.BinderProxy@1d3bb0
12-09 07:45:52.786 W/ActivityManager( 1593): java.lang.ClassCastException: android.os.BinderProxy cannot be cast to com.android.server.am.ActivityRecord$Token
12-09 07:45:52.786 W/ActivityManager( 1593): 	at com.android.server.am.ActivityRecord.forTokenLocked(ActivityRecord.java:424)
12-09 07:45:52.786 W/ActivityManager( 1593): 	at com.android.server.am.ActivityRecord.isInStackLocked(ActivityRecord.java:1121)
12-09 07:45:52.786 W/ActivityManager( 1593): 	at com.android.server.am.ActivityManagerService.getActivityOptions(ActivityManagerService.java:11038)
12-09 07:45:52.786 W/ActivityManager( 1593): 	at android.app.ActivityManagerNative.onTransact(ActivityManagerNative.java:1734)
12-09 07:45:52.786 W/ActivityManager( 1593): 	at com.android.server.am.ActivityManagerService.onTransact(ActivityManagerService.java:2443)
12-09 07:45:52.786 W/ActivityManager( 1593): 	at android.os.Binder.execTransact(Binder.java:453)
12-09 07:45:52.786 W/ActivityManager( 1593): Bad activity token: android.os.BinderProxy@1d3bb0
12-09 07:45:52.786 W/ActivityManager( 1593): java.lang.ClassCastException: android.os.BinderProxy cannot be cast to com.android.server.am.ActivityRecord$Token
12-09 07:45:52.786 W/ActivityManager( 1593): 	at com.android.server.am.ActivityRecord.forTokenLocked(ActivityRecord.java:424)
12-09 07:45:52.786 W/ActivityManager( 1593): 	at com.android.server.am.ActivityRecord.isInStackLocked(ActivityRecord.java:1121)
12-09 07:45:52.786 W/ActivityManager( 1593): 	at com.android.server.am.ActivityManagerService.getActivityOptions(ActivityManagerService.java:11038)
12-09 07:45:52.786 W/ActivityManager( 1593): 	at android.app.ActivityManagerNative.onTransact(ActivityManagerNative.java:1734)
12-09 07:45:52.786 W/ActivityManager( 1593): 	at com.android.server.am.ActivityManagerService.onTransact(ActivityManagerService.java:2443)
12-09 07:45:52.786 W/ActivityManager( 1593): 	at android.os.Binder.execTransact(Binder.java:453)
12-09 07:45:52.799 V/PhoneStatusBar( 3077): setLightsOn(true)
12-09 07:45:52.808 D/EGL_emulation( 1928): eglMakeCurrent: 0x7f6d8d074dc0: ver 2 0 (tinfo 0x7f6d8d042de0)
12-09 07:45:52.809 E/Surface ( 1928): getSlotFromBufferLocked: unknown buffer: 0x7f6d8961aa00
12-09 07:45:52.847 I/art     ( 6270): Background sticky concurrent mark sweep GC freed 2331(343KB) AllocSpace objects, 0(0B) LOS objects, 18% free, 1876KB/2MB, paused 11.059ms total 45.940ms
12-09 07:45:53.292 D/gralloc_ranchu( 1219): gralloc_alloc: Creating ashmem region of size 3686400
12-09 07:45:53.403 D/        ( 6270): HostConnection::get() New Host Connection established 0x7f6d8cfcb440, tid 6270
12-09 07:45:53.821 D/gralloc_ranchu( 1219): gralloc_alloc: Creating ashmem region of size 3686400
12-09 07:45:53.921 I/ActivityManager( 1593): Displayed com.evancharlton.mileage/.Mileage: +1s707ms
12-09 07:45:54.534 D/gralloc_ranchu( 1219): gralloc_alloc: Creating ashmem region of size 3686400
12-09 07:45:54.870 I/art     ( 6270): Background partial concurrent mark sweep GC freed 15105(726KB) AllocSpace objects, 1(20KB) LOS objects, 40% free, 1917KB/3MB, paused 10.939ms total 85.611ms
12-09 07:45:55.905 I/System.out( 6270): URI: //map
12-09 07:45:55.905 I/System.out( 6270): params: {json={"query":"android.widget.EditText id:'price'","operation":{"method_name":"query","arguments":[]}}
12-09 07:45:55.905 I/System.out( 6270): }
12-09 07:45:55.970 W/ResourceType( 6270): No package identifier when getting name for resource number 0x00000001
12-09 07:45:56.110 I/System.out( 6270): URI: //gesture
12-09 07:45:56.110 I/System.out( 6270): params: {json={"query_timeout":5.0,"gestures":[{"query_string":"android.widget.EditText id:'price'","touches":[{"x":50,"y":50,"offset_x":0,"offset_y":0,"wait":0.0,"time":0.2,"release":true,"query_string":null}]}]}
12-09 07:45:56.110 I/System.out( 6270): }
12-09 07:45:56.126 W/ResourceType( 6270): No package identifier when getting name for resource number 0x00000001
12-09 07:45:56.299 I/art     ( 6270): Background sticky concurrent mark sweep GC freed 21199(985KB) AllocSpace objects, 2(40KB) LOS objects, 25% free, 2MB/3MB, paused 1.491ms total 180.653ms
12-09 07:45:56.438 I/LatinIME( 1862): Starting input. Cursor position = 0,0
12-09 07:45:56.533 I/art     ( 6270): Background partial concurrent mark sweep GC freed 16710(849KB) AllocSpace objects, 2(40KB) LOS objects, 40% free, 2MB/4MB, paused 1.324ms total 116.806ms
12-09 07:45:56.868 D/EGL_emulation( 1862): eglMakeCurrent: 0x7f6d8d074aa0: ver 2 0 (tinfo 0x7f6d8d042e80)
12-09 07:45:57.144 I/System.out( 6270): URI: //
12-09 07:45:57.144 I/System.out( 6270): params: {json={"command":"set_selection","arguments":[-1,-1]}
12-09 07:45:57.144 I/System.out( 6270): }
12-09 07:45:57.144 I/System.out( 6270): header: {date=Sun, 09 Dec 2018 07:45:57 GMT, accept=*/*, content-length=47, host=127.0.0.1:34777, user-agent=HTTPClient/1.0 (2.8.3, ruby 2.3.1 (2016-04-26)), content-type=application/json;charset=utf-8}
12-09 07:45:57.144 I/System.out( 6270): params: {json={"command":"set_selection","arguments":[-1,-1]}
12-09 07:45:57.144 I/System.out( 6270): }
12-09 07:45:57.144 I/System.out( 6270): ProP json = {"command":"set_selection","arguments":[-1,-1]}
12-09 07:45:57.144 I/System.out( 6270): files: {}
12-09 07:45:57.144 I/System.out( 6270): command: {"command":"set_selection","arguments":[-1,-1]}
12-09 07:45:57.145 I/InstrumentationBackend( 6270): Got command:'Command:'Line:null,set_selection', arguments:'[-1, -1]'
12-09 07:45:57.314 I/System.out( 6270): result:{"bonusInformation":[],"message":"","success":true}
12-09 07:45:57.557 I/System.out( 6270): URI: //
12-09 07:45:57.557 I/System.out( 6270): params: {json={"command":"keyboard_enter_text","arguments":["000"]}
12-09 07:45:57.557 I/System.out( 6270): }
12-09 07:45:57.557 I/System.out( 6270): header: {date=Sun, 09 Dec 2018 07:45:58 GMT, accept=*/*, content-length=53, host=127.0.0.1:34777, user-agent=HTTPClient/1.0 (2.8.3, ruby 2.3.1 (2016-04-26)), content-type=application/json;charset=utf-8}
12-09 07:45:57.558 I/System.out( 6270): params: {json={"command":"keyboard_enter_text","arguments":["000"]}
12-09 07:45:57.558 I/System.out( 6270): }
12-09 07:45:57.558 I/System.out( 6270): ProP json = {"command":"keyboard_enter_text","arguments":["000"]}
12-09 07:45:57.558 I/System.out( 6270): files: {}
12-09 07:45:57.558 I/System.out( 6270): command: {"command":"keyboard_enter_text","arguments":["000"]}
12-09 07:45:57.559 I/InstrumentationBackend( 6270): Got command:'Command:'Line:null,keyboard_enter_text', arguments:'[000]'
12-09 07:45:57.560 E/SpannableStringBuilder( 6270): SPAN_EXCLUSIVE_EXCLUSIVE spans cannot have a zero length
12-09 07:45:57.560 E/SpannableStringBuilder( 6270): SPAN_EXCLUSIVE_EXCLUSIVE spans cannot have a zero length
12-09 07:45:57.668 E/SpannableStringBuilder( 6270): SPAN_EXCLUSIVE_EXCLUSIVE spans cannot have a zero length
12-09 07:45:57.668 E/SpannableStringBuilder( 6270): SPAN_EXCLUSIVE_EXCLUSIVE spans cannot have a zero length
12-09 07:45:57.722 W/art     ( 6270): Suspending all threads took: 6.717ms
12-09 07:45:57.726 I/System.out( 6270): result:{"bonusInformation":[],"message":"","success":true}
12-09 07:45:57.764 I/art     ( 6270): Background sticky concurrent mark sweep GC freed 38912(1832KB) AllocSpace objects, 6(120KB) LOS objects, 41% free, 2MB/4MB, paused 7.960ms total 68.955ms
12-09 07:45:57.845 I/System.out( 6270): URI: //map
12-09 07:45:57.845 I/System.out( 6270): params: {json={"query":"android.widget.Button index:2","operation":{"method_name":"query","arguments":[]}}
12-09 07:45:57.845 I/System.out( 6270): }
12-09 07:45:58.321 I/art     ( 6270): Background sticky concurrent mark sweep GC freed 50144(2MB) AllocSpace objects, 3(60KB) LOS objects, 43% free, 2MB/4MB, paused 1.110ms total 232.444ms
12-09 07:45:58.323 I/System.out( 6270): URI: //gesture
12-09 07:45:58.323 I/System.out( 6270): params: {json={"query_timeout":5.0,"gestures":[{"query_string":"android.widget.Button index:2","touches":[{"x":50,"y":50,"offset_x":0,"offset_y":0,"wait":0.0,"time":0.2,"release":true,"query_string":null}]}]}
12-09 07:45:58.323 I/System.out( 6270): }
12-09 07:45:58.701 D/AudioFlinger( 1307): mixer(0xf4300000) throttle end: throttle time(11)
12-09 07:45:58.729 W/audio_hw_generic( 1307): Hardware backing HAL too slow, could only write 0 of 661 frames
12-09 07:45:58.747 W/audio_hw_generic( 1307): Hardware backing HAL too slow, could only write 0 of 661 frames
12-09 07:45:58.781 W/audio_hw_generic( 1307): Hardware backing HAL too slow, could only write 0 of 661 frames
12-09 07:45:58.784 W/audio_hw_generic( 1307): Hardware backing HAL too slow, could only write 0 of 661 frames
12-09 07:45:58.810 I/LatinIME( 1862): Starting input. Cursor position = 0,0
12-09 07:45:58.821 W/audio_hw_generic( 1307): Hardware backing HAL too slow, could only write 0 of 661 frames
12-09 07:45:58.835 W/audio_hw_generic( 1307): Hardware backing HAL too slow, could only write 0 of 661 frames
12-09 07:45:58.857 W/audio_hw_generic( 1307): Hardware backing HAL too slow, could only write 0 of 661 frames
12-09 07:45:58.901 W/audio_hw_generic( 1307): Not supplying enough data to HAL, expected position 7810579 , only wrote 7810376
12-09 07:45:58.901 W/audio_hw_generic( 1307): Not supplying enough data to HAL, expected position 7810383 , only wrote 7810376
12-09 07:45:58.931 W/audio_hw_generic( 1307): Not supplying enough data to HAL, expected position 7811699 , only wrote 7811037
12-09 07:45:58.942 D/gralloc_ranchu( 1219): gralloc_alloc: Creating ashmem region of size 45056
12-09 07:45:58.971 W/audio_hw_generic( 1307): Not supplying enough data to HAL, expected position 7812815 , only wrote 7812359
12-09 07:45:59.003 W/audio_hw_generic( 1307): Not supplying enough data to HAL, expected position 7813757 , only wrote 7813681
12-09 07:45:59.042 W/audio_hw_generic( 1307): Not supplying enough data to HAL, expected position 7815392 , only wrote 7815003
12-09 07:45:59.109 W/audio_hw_generic( 1307): Not supplying enough data to HAL, expected position 7817964 , only wrote 7816325
12-09 07:45:59.181 W/audio_hw_generic( 1307): Hardware backing HAL too slow, could only write 0 of 661 frames
12-09 07:45:59.193 W/audio_hw_generic( 1307): Hardware backing HAL too slow, could only write 0 of 661 frames
12-09 07:45:59.250 W/audio_hw_generic( 1307): Hardware backing HAL too slow, could only write 0 of 661 frames
12-09 07:45:59.250 W/audio_hw_generic( 1307): Not supplying enough data to HAL, expected position 7822573 , only wrote 7821613
12-09 07:45:59.251 W/audio_hw_generic( 1307): Not supplying enough data to HAL, expected position 7821619 , only wrote 7821613
12-09 07:45:59.312 W/audio_hw_generic( 1307): Hardware backing HAL too slow, could only write 0 of 661 frames
12-09 07:45:59.315 W/art     ( 1593): Long monitor contention event with owner method=void com.android.server.wm.WindowAnimator$1.doFrame(long) from WindowAnimator.java:121 waiters=0 for 133ms
12-09 07:45:59.387 W/audio_hw_generic( 1307): Not supplying enough data to HAL, expected position 7827621 , only wrote 7827562
12-09 07:45:59.387 W/audio_hw_generic( 1307): Not supplying enough data to HAL, expected position 7827569 , only wrote 7827562
12-09 07:45:59.389 E/SurfaceFlinger( 1219): ro.sf.lcd_density must be defined as a build property
12-09 07:45:59.442 D/gralloc_ranchu( 1219): gralloc_alloc: Creating ashmem region of size 3686400
12-09 07:45:59.461 D/        ( 6303): HostConnection::get() New Host Connection established 0x7f8111152480, tid 6303
12-09 07:45:59.511 W/audio_hw_generic( 1307): Not supplying enough data to HAL, expected position 7833028 , only wrote 7832850
12-09 07:45:59.511 W/audio_hw_generic( 1307): Not supplying enough data to HAL, expected position 7832857 , only wrote 7832850
12-09 07:45:59.528 W/audio_hw_generic( 1307): Not supplying enough data to HAL, expected position 7833573 , only wrote 7833511
12-09 07:45:59.529 E/EGL_emulation( 1219): tid 1219: eglCreateSyncKHR(1881): error 0x3004 (EGL_BAD_ATTRIBUTE)
12-09 07:45:59.576 W/art     ( 1593): Long monitor contention event with owner method=void com.android.server.wm.WindowAnimator$1.doFrame(long) from WindowAnimator.java:121 waiters=0 for 261ms
12-09 07:45:59.768 W/audio_hw_generic( 1307): Not supplying enough data to HAL, expected position 7844092 , only wrote 7841443
12-09 07:45:59.832 W/audio_hw_generic( 1307): Hardware backing HAL too slow, could only write 0 of 661 frames
12-09 07:45:59.844 W/audio_hw_generic( 1307): Hardware backing HAL too slow, could only write 0 of 661 frames
12-09 07:45:59.952 W/audio_hw_generic( 1307): Not supplying enough data to HAL, expected position 7849579 , only wrote 7849375
12-09 07:45:59.952 W/audio_hw_generic( 1307): Not supplying enough data to HAL, expected position 7849382 , only wrote 7849375
12-09 07:45:59.969 W/audio_hw_generic( 1307): Not supplying enough data to HAL, expected position 7850117 , only wrote 7850036
12-09 07:46:00.011 I/Choreographer( 1862): Skipped 73 frames!  The application may be doing too much work on its main thread.
12-09 07:46:00.139 W/audio_hw_generic( 1307): Not supplying enough data to HAL, expected position 7857542 , only wrote 7857307
12-09 07:46:00.139 W/audio_hw_generic( 1307): Not supplying enough data to HAL, expected position 7857314 , only wrote 7857307
12-09 07:46:00.281 W/audio_hw_generic( 1307): Hardware backing HAL too slow, could only write 0 of 661 frames
12-09 07:46:00.433 W/audio_hw_generic( 1307): Not supplying enough data to HAL, expected position 7870241 , only wrote 7869866
12-09 07:46:00.456 I/System.out( 6270): URI: //map
12-09 07:46:00.456 I/System.out( 6270): params: {json={"query":"android.widget.EditText id:'volume'","operation":{"method_name":"query","arguments":[]}}
12-09 07:46:00.456 I/System.out( 6270): }
12-09 07:46:00.486 W/ResourceType( 6270): No package identifier when getting name for resource number 0x00000001
12-09 07:46:00.617 W/audio_hw_generic( 1307): Not supplying enough data to HAL, expected position 7877994 , only wrote 7877137
12-09 07:46:00.617 W/audio_hw_generic( 1307): Not supplying enough data to HAL, expected position 7877144 , only wrote 7877137
12-09 07:46:00.654 W/audio_hw_generic( 1307): Not supplying enough data to HAL, expected position 7878746 , only wrote 7877798
12-09 07:46:00.664 I/art     ( 6270): Background sticky concurrent mark sweep GC freed 40673(1750KB) AllocSpace objects, 1(20KB) LOS objects, 28% free, 2MB/3MB, paused 1.192ms total 132.982ms
12-09 07:46:00.695 I/System.out( 6270): URI: //gesture
12-09 07:46:00.695 I/System.out( 6270): params: {json={"query_timeout":5.0,"gestures":[{"query_string":"android.widget.EditText id:'volume'","touches":[{"x":50,"y":50,"offset_x":0,"offset_y":0,"wait":0.0,"time":0.2,"release":true,"query_string":null}]}]}
12-09 07:46:00.695 I/System.out( 6270): }
12-09 07:46:00.737 W/ResourceType( 6270): No package identifier when getting name for resource number 0x00000001
12-09 07:46:00.769 W/audio_hw_generic( 1307): Not supplying enough data to HAL, expected position 7882870 , only wrote 7882425
12-09 07:46:00.819 W/audio_hw_generic( 1307): Hardware backing HAL too slow, could only write 0 of 661 frames
12-09 07:46:00.881 W/audio_hw_generic( 1307): Hardware backing HAL too slow, could only write 0 of 661 frames
12-09 07:46:01.001 W/audio_hw_generic( 1307): Not supplying enough data to HAL, expected position 7892648 , only wrote 7889035
12-09 07:46:01.001 W/audio_hw_generic( 1307): Not supplying enough data to HAL, expected position 7889042 , only wrote 7889035
12-09 07:46:01.001 W/audio_hw_generic( 1307): Hardware backing HAL too slow, could only write 0 of 661 frames
12-09 07:46:01.082 W/audio_hw_generic( 1307): Not supplying enough data to HAL, expected position 7892620 , only wrote 7889696
12-09 07:46:01.788 D/gralloc_ranchu( 1219): gralloc_alloc: Creating ashmem region of size 12288
12-09 07:46:01.817 W/audio_hw_generic( 1307): Not supplying enough data to HAL, expected position 7954359 , only wrote 7922085
12-09 07:46:01.827 I/art     ( 6270): Background partial concurrent mark sweep GC freed 50589(2MB) AllocSpace objects, 4(80KB) LOS objects, 40% free, 2MB/3MB, paused 1.185ms total 264.914ms
12-09 07:46:02.437 D/gralloc_ranchu( 1219): gralloc_alloc: Creating ashmem region of size 32768
12-09 07:46:02.445 I/System.out( 6270): URI: //
12-09 07:46:02.445 I/System.out( 6270): params: {json={"command":"set_selection","arguments":[-1,-1]}
12-09 07:46:02.445 I/System.out( 6270): }
12-09 07:46:02.445 I/System.out( 6270): header: {date=Sun, 09 Dec 2018 07:46:02 GMT, accept=*/*, content-length=47, host=127.0.0.1:34777, user-agent=HTTPClient/1.0 (2.8.3, ruby 2.3.1 (2016-04-26)), content-type=application/json;charset=utf-8}
12-09 07:46:02.445 I/System.out( 6270): params: {json={"command":"set_selection","arguments":[-1,-1]}
12-09 07:46:02.445 I/System.out( 6270): }
12-09 07:46:02.445 I/System.out( 6270): ProP json = {"command":"set_selection","arguments":[-1,-1]}
12-09 07:46:02.446 I/System.out( 6270): files: {}
12-09 07:46:02.446 I/System.out( 6270): command: {"command":"set_selection","arguments":[-1,-1]}
12-09 07:46:02.447 I/InstrumentationBackend( 6270): Got command:'Command:'Line:null,set_selection', arguments:'[-1, -1]'
12-09 07:46:02.671 D/gralloc_ranchu( 1219): gralloc_alloc: Creating ashmem region of size 32768
12-09 07:46:02.848 I/System.out( 6270): result:{"bonusInformation":[],"message":"","success":true}
12-09 07:46:03.055 I/System.out( 6270): URI: //
12-09 07:46:03.055 I/System.out( 6270): params: {json={"command":"keyboard_enter_text","arguments":["000"]}
12-09 07:46:03.055 I/System.out( 6270): }
12-09 07:46:03.055 I/System.out( 6270): header: {date=Sun, 09 Dec 2018 07:46:03 GMT, accept=*/*, content-length=53, host=127.0.0.1:34777, user-agent=HTTPClient/1.0 (2.8.3, ruby 2.3.1 (2016-04-26)), content-type=application/json;charset=utf-8}
12-09 07:46:03.055 I/System.out( 6270): params: {json={"command":"keyboard_enter_text","arguments":["000"]}
12-09 07:46:03.055 I/System.out( 6270): }
12-09 07:46:03.055 I/System.out( 6270): ProP json = {"command":"keyboard_enter_text","arguments":["000"]}
12-09 07:46:03.055 I/System.out( 6270): files: {}
12-09 07:46:03.055 I/System.out( 6270): command: {"command":"keyboard_enter_text","arguments":["000"]}
12-09 07:46:03.056 I/InstrumentationBackend( 6270): Got command:'Command:'Line:null,keyboard_enter_text', arguments:'[000]'
12-09 07:46:03.178 D/gralloc_ranchu( 1219): gralloc_alloc: Creating ashmem region of size 32768
12-09 07:46:03.425 E/SpannableStringBuilder( 6270): SPAN_EXCLUSIVE_EXCLUSIVE spans cannot have a zero length
12-09 07:46:03.425 E/SpannableStringBuilder( 6270): SPAN_EXCLUSIVE_EXCLUSIVE spans cannot have a zero length
12-09 07:46:03.444 E/SpannableStringBuilder( 6270): SPAN_EXCLUSIVE_EXCLUSIVE spans cannot have a zero length
12-09 07:46:03.444 E/SpannableStringBuilder( 6270): SPAN_EXCLUSIVE_EXCLUSIVE spans cannot have a zero length
12-09 07:46:03.463 I/System.out( 6270): result:{"bonusInformation":[],"message":"","success":true}
12-09 07:46:03.646 I/System.out( 6270): URI: //map
12-09 07:46:03.646 I/System.out( 6270): params: {json={"query":"android.widget.Button index:2","operation":{"method_name":"query","arguments":[]}}
12-09 07:46:03.646 I/System.out( 6270): }
12-09 07:46:03.654 I/art     ( 6270): Background sticky concurrent mark sweep GC freed 27541(1275KB) AllocSpace objects, 7(140KB) LOS objects, 32% free, 2MB/3MB, paused 1.069ms total 188.334ms
12-09 07:46:03.883 I/art     ( 6270): Background partial concurrent mark sweep GC freed 49279(2MB) AllocSpace objects, 4(80KB) LOS objects, 39% free, 2MB/3MB, paused 1.141ms total 117.868ms
12-09 07:46:03.953 I/System.out( 6270): URI: //gesture
12-09 07:46:03.953 I/System.out( 6270): params: {json={"query_timeout":5.0,"gestures":[{"query_string":"android.widget.Button index:2","touches":[{"x":50,"y":50,"offset_x":0,"offset_y":0,"wait":0.0,"time":0.2,"release":true,"query_string":null}]}]}
12-09 07:46:03.953 I/System.out( 6270): }
12-09 07:46:04.202 D/hwcomposer( 1219): hw_composer sent 733 syncs in 60s
12-09 07:46:05.149 W/audio_hw_generic( 1307): Hardware backing HAL too slow, could only write 0 of 661 frames
12-09 07:46:05.170 W/audio_hw_generic( 1307): Hardware backing HAL too slow, could only write 0 of 661 frames
12-09 07:46:05.181 W/audio_hw_generic( 1307): Hardware backing HAL too slow, could only write 0 of 661 frames
12-09 07:46:05.221 W/audio_hw_generic( 1307): Hardware backing HAL too slow, could only write 0 of 661 frames
12-09 07:46:05.223 I/LatinIME( 1862): Starting input. Cursor position = 0,0
12-09 07:46:05.259 W/audio_hw_generic( 1307): Hardware backing HAL too slow, could only write 0 of 661 frames
12-09 07:46:05.276 W/audio_hw_generic( 1307): Hardware backing HAL too slow, could only write 0 of 661 frames
12-09 07:46:05.283 I/art     ( 6270): Background sticky concurrent mark sweep GC freed 47530(2MB) AllocSpace objects, 2(40KB) LOS objects, 36% free, 2MB/3MB, paused 13.855ms total 177.376ms
12-09 07:46:05.301 W/audio_hw_generic( 1307): Hardware backing HAL too slow, could only write 0 of 661 frames
12-09 07:46:05.302 W/audio_hw_generic( 1307): Hardware backing HAL too slow, could only write 0 of 661 frames
12-09 07:46:05.326 W/audio_hw_generic( 1307): Hardware backing HAL too slow, could only write 0 of 661 frames
12-09 07:46:05.337 W/audio_hw_generic( 1307): Hardware backing HAL too slow, could only write 0 of 661 frames
12-09 07:46:05.347 W/audio_hw_generic( 1307): Hardware backing HAL too slow, could only write 0 of 661 frames
12-09 07:46:05.435 W/audio_hw_generic( 1307): Not supplying enough data to HAL, expected position 7936754 , only wrote 7934644
12-09 07:46:05.435 W/audio_hw_generic( 1307): Not supplying enough data to HAL, expected position 7934651 , only wrote 7934644
12-09 07:46:05.440 D/gralloc_ranchu( 1219): gralloc_alloc: Creating ashmem region of size 49152
12-09 07:46:05.538 W/audio_hw_generic( 1307): Not supplying enough data to HAL, expected position 7939167 , only wrote 7938610
12-09 07:46:05.538 W/audio_hw_generic( 1307): Not supplying enough data to HAL, expected position 7938617 , only wrote 7938610
12-09 07:46:05.587 W/audio_hw_generic( 1307): Not supplying enough data to HAL, expected position 7940786 , only wrote 7940593
12-09 07:46:05.724 W/audio_hw_generic( 1307): Not supplying enough data to HAL, expected position 7946606 , only wrote 7946542
12-09 07:46:05.802 I/Choreographer( 1862): Skipped 37 frames!  The application may be doing too much work on its main thread.
12-09 07:46:05.828 E/SurfaceFlinger( 1219): ro.sf.lcd_density must be defined as a build property
12-09 07:46:05.958 D/gralloc_ranchu( 1219): gralloc_alloc: Creating ashmem region of size 3686400
12-09 07:46:05.960 W/audio_hw_generic( 1307): Hardware backing HAL too slow, could only write 0 of 661 frames
12-09 07:46:05.960 W/audio_hw_generic( 1307): Not supplying enough data to HAL, expected position 7956965 , only wrote 7956457
12-09 07:46:05.960 W/audio_hw_generic( 1307): Not supplying enough data to HAL, expected position 7956463 , only wrote 7956457
12-09 07:46:05.969 D/        ( 6317): HostConnection::get() New Host Connection established 0x7f69af4d2480, tid 6317
12-09 07:46:05.990 E/EGL_emulation( 1219): tid 1219: eglCreateSyncKHR(1881): error 0x3004 (EGL_BAD_ATTRIBUTE)
12-09 07:46:06.091 W/audio_hw_generic( 1307): Not supplying enough data to HAL, expected position 7962221 , only wrote 7961745
12-09 07:46:06.091 W/audio_hw_generic( 1307): Not supplying enough data to HAL, expected position 7961753 , only wrote 7961745
12-09 07:46:06.091 W/audio_hw_generic( 1307): Hardware backing HAL too slow, could only write 0 of 661 frames
12-09 07:46:06.120 W/audio_hw_generic( 1307): Not supplying enough data to HAL, expected position 7963009 , only wrote 7962406
12-09 07:46:06.249 W/art     ( 1593): Long monitor contention event with owner method=void com.android.server.wm.WindowAnimator$1.doFrame(long) from WindowAnimator.java:121 waiters=0 for 216ms
12-09 07:46:06.319 W/audio_hw_generic( 1307): Not supplying enough data to HAL, expected position 7971207 , only wrote 7970999
12-09 07:46:06.319 W/audio_hw_generic( 1307): Not supplying enough data to HAL, expected position 7971006 , only wrote 7970999
12-09 07:46:06.405 W/art     ( 1593): Long monitor contention event with owner method=void com.android.server.wm.WindowAnimator$1.doFrame(long) from WindowAnimator.java:121 waiters=0 for 156ms
12-09 07:46:06.769 W/audio_hw_generic( 1307): Not supplying enough data to HAL, expected position 7990803 , only wrote 7990168
12-09 07:46:06.769 W/audio_hw_generic( 1307): Not supplying enough data to HAL, expected position 7990175 , only wrote 7990168
12-09 07:46:06.785 W/audio_hw_generic( 1307): Not supplying enough data to HAL, expected position 7990882 , only wrote 7990829
12-09 07:46:06.862 W/audio_hw_generic( 1307): Not supplying enough data to HAL, expected position 7994214 , only wrote 7993473
12-09 07:46:06.862 W/audio_hw_generic( 1307): Not supplying enough data to HAL, expected position 7993480 , only wrote 7993473
12-09 07:46:06.877 W/audio_hw_generic( 1307): Not supplying enough data to HAL, expected position 7994148 , only wrote 7994134
12-09 07:46:07.041 I/System.out( 6270): URI: //map
12-09 07:46:07.042 I/System.out( 6270): params: {json={"query":"android.widget.EditText id:'odometer'","operation":{"method_name":"query","arguments":[]}}
12-09 07:46:07.042 I/System.out( 6270): }
12-09 07:46:07.051 W/ResourceType( 6270): No package identifier when getting name for resource number 0x00000001
12-09 07:46:07.145 I/System.out( 6270): URI: //gesture
12-09 07:46:07.145 I/System.out( 6270): params: {json={"query_timeout":5.0,"gestures":[{"query_string":"android.widget.EditText id:'odometer'","touches":[{"x":50,"y":50,"offset_x":0,"offset_y":0,"wait":0.0,"time":0.2,"release":true,"query_string":null}]}]}
12-09 07:46:07.145 I/System.out( 6270): }
12-09 07:46:07.159 W/ResourceType( 6270): No package identifier when getting name for resource number 0x00000001
12-09 07:46:07.299 W/audio_hw_generic( 1307): Hardware backing HAL too slow, could only write 0 of 661 frames
12-09 07:46:07.397 W/audio_hw_generic( 1307): Not supplying enough data to HAL, expected position 8017071 , only wrote 8015947
12-09 07:46:07.397 W/audio_hw_generic( 1307): Not supplying enough data to HAL, expected position 8015954 , only wrote 8015947
12-09 07:46:07.549 W/audio_hw_generic( 1307): Hardware backing HAL too slow, could only write 0 of 661 frames
12-09 07:46:07.549 I/art     ( 6270): Background sticky concurrent mark sweep GC freed 45386(2MB) AllocSpace objects, 2(40KB) LOS objects, 44% free, 2MB/4MB, paused 7.741ms total 29.475ms
12-09 07:46:07.771 W/audio_hw_generic( 1307): Not supplying enough data to HAL, expected position 8032400 , only wrote 8031811
12-09 07:46:07.771 W/audio_hw_generic( 1307): Not supplying enough data to HAL, expected position 8031818 , only wrote 8031811
12-09 07:46:07.840 W/audio_hw_generic( 1307): Not supplying enough data to HAL, expected position 8034853 , only wrote 8032472
12-09 07:46:08.045 I/System.out( 6270): URI: //
12-09 07:46:08.045 I/System.out( 6270): params: {json={"command":"set_selection","arguments":[-1,-1]}
12-09 07:46:08.046 I/System.out( 6270): }
12-09 07:46:08.046 I/System.out( 6270): header: {date=Sun, 09 Dec 2018 07:46:08 GMT, accept=*/*, content-length=47, host=127.0.0.1:34777, user-agent=HTTPClient/1.0 (2.8.3, ruby 2.3.1 (2016-04-26)), content-type=application/json;charset=utf-8}
12-09 07:46:08.046 I/System.out( 6270): params: {json={"command":"set_selection","arguments":[-1,-1]}
12-09 07:46:08.046 I/System.out( 6270): }
12-09 07:46:08.046 I/System.out( 6270): ProP json = {"command":"set_selection","arguments":[-1,-1]}
12-09 07:46:08.046 I/System.out( 6270): files: {}
12-09 07:46:08.046 I/System.out( 6270): command: {"command":"set_selection","arguments":[-1,-1]}
12-09 07:46:08.048 I/InstrumentationBackend( 6270): Got command:'Command:'Line:null,set_selection', arguments:'[-1, -1]'
12-09 07:46:08.082 I/System.out( 6270): result:{"bonusInformation":[],"message":"","success":true}
12-09 07:46:08.185 W/audio_hw_generic( 1307): Not supplying enough data to HAL, expected position 8047679 , only wrote 8046353
12-09 07:46:08.200 W/audio_hw_generic( 1307): Not supplying enough data to HAL, expected position 8047039 , only wrote 8046353
12-09 07:46:08.645 I/System.out( 6270): URI: //
12-09 07:46:08.646 I/System.out( 6270): params: {json={"command":"keyboard_enter_text","arguments":["000"]}
12-09 07:46:08.646 I/System.out( 6270): }
