12-09 08:23:32.211 W/audio_hw_generic( 1308): Hardware backing HAL too slow, could only write 0 of 661 frames
12-09 08:23:32.221 D/        (16210): HostConnection::get() New Host Connection established 0x7f7a97892480, tid 16210
12-09 08:23:32.234 W/audio_hw_generic( 1308): Hardware backing HAL too slow, could only write 0 of 661 frames
12-09 08:23:32.262 W/audio_hw_generic( 1308): Hardware backing HAL too slow, could only write 0 of 661 frames
12-09 08:23:32.263 E/EGL_emulation( 1219): tid 1219: eglCreateSyncKHR(1881): error 0x3004 (EGL_BAD_ATTRIBUTE)
12-09 08:23:32.271 W/audio_hw_generic( 1308): Hardware backing HAL too slow, could only write 0 of 661 frames
12-09 08:23:32.288 W/audio_hw_generic( 1308): Hardware backing HAL too slow, could only write 0 of 661 frames
12-09 08:23:32.331 D/gralloc_ranchu( 1219): gralloc_alloc: Creating ashmem region of size 3686400
12-09 08:23:32.334 W/art     ( 1591): Long monitor contention event with owner method=int com.android.server.wm.WindowManagerService.relayoutWindow(com.android.server.wm.Session, android.view.IWindow, int, android.view.WindowManager$LayoutParams, int, int, int, int, android.graphics.Rect, android.graphics.Rect, android.graphics.Rect, android.graphics.Rect, android.graphics.Rect, android.graphics.Rect, android.content.res.Configuration, android.view.Surface) from WindowManagerService.java:3103 waiters=0 for 408ms
12-09 08:23:32.640 W/audio_hw_generic( 1308): Not supplying enough data to HAL, expected position 39028881 , only wrote 39028745
12-09 08:23:32.641 W/audio_hw_generic( 1308): Not supplying enough data to HAL, expected position 39028751 , only wrote 39028745
12-09 08:23:32.656 W/audio_hw_generic( 1308): Not supplying enough data to HAL, expected position 39029443 , only wrote 39029406
12-09 08:23:32.795 W/audio_hw_generic( 1308): Not supplying enough data to HAL, expected position 39035530 , only wrote 39034694
12-09 08:23:32.813 W/art     ( 1591): Long monitor contention event with owner method=void com.android.server.wm.WindowAnimator$1.doFrame(long) from WindowAnimator.java:121 waiters=1 for 216ms
12-09 08:23:33.060 W/audio_hw_generic( 1308): Hardware backing HAL too slow, could only write 0 of 661 frames
12-09 08:23:33.067 W/art     ( 1591): Long monitor contention event with owner method=void com.android.server.wm.WindowAnimator$1.doFrame(long) from WindowAnimator.java:121 waiters=1 for 253ms
12-09 08:23:33.079 W/audio_hw_generic( 1308): Hardware backing HAL too slow, could only write 0 of 661 frames
12-09 08:23:33.094 W/audio_hw_generic( 1308): Hardware backing HAL too slow, could only write 0 of 661 frames
12-09 08:23:33.122 W/audio_hw_generic( 1308): Hardware backing HAL too slow, could only write 0 of 661 frames
12-09 08:23:33.155 W/audio_hw_generic( 1308): Not supplying enough data to HAL, expected position 39050542 , only wrote 39049236
12-09 08:23:33.155 W/audio_hw_generic( 1308): Not supplying enough data to HAL, expected position 39049243 , only wrote 39049236
12-09 08:23:33.180 W/art     ( 1591): Long monitor contention event with owner method=void com.android.server.wm.WindowAnimator$1.doFrame(long) from WindowAnimator.java:121 waiters=1 for 262ms
12-09 08:23:33.182 W/audio_hw_generic( 1308): Not supplying enough data to HAL, expected position 39050435 , only wrote 39049897
12-09 08:23:33.431 W/audio_hw_generic( 1308): Not supplying enough data to HAL, expected position 39060858 , only wrote 39060473
12-09 08:23:33.630 W/audio_hw_generic( 1308): Not supplying enough data to HAL, expected position 39069279 , only wrote 39069066
12-09 08:23:33.666 W/audio_hw_generic( 1308): Not supplying enough data to HAL, expected position 39070644 , only wrote 39070388
12-09 08:23:33.684 W/audio_hw_generic( 1308): Hardware backing HAL too slow, could only write 0 of 661 frames
12-09 08:23:33.691 W/art     ( 1591): Long monitor contention event with owner method=void com.android.server.wm.WindowAnimator$1.doFrame(long) from WindowAnimator.java:121 waiters=1 for 220ms
12-09 08:23:33.702 W/audio_hw_generic( 1308): Hardware backing HAL too slow, could only write 0 of 661 frames
12-09 08:23:33.730 W/audio_hw_generic( 1308): Hardware backing HAL too slow, could only write 0 of 661 frames
12-09 08:23:33.745 W/audio_hw_generic( 1308): Hardware backing HAL too slow, could only write 0 of 661 frames
12-09 08:23:33.760 W/audio_hw_generic( 1308): Hardware backing HAL too slow, could only write 0 of 661 frames
12-09 08:23:33.878 W/art     ( 1591): Long monitor contention event with owner method=void com.android.server.wm.WindowAnimator$1.doFrame(long) from WindowAnimator.java:121 waiters=1 for 187ms
12-09 08:23:33.906 W/audio_hw_generic( 1308): Not supplying enough data to HAL, expected position 39080968 , only wrote 39080964
12-09 08:23:33.988 W/art     ( 1591): Long monitor contention event with owner method=void com.android.server.wm.WindowAnimator$1.doFrame(long) from WindowAnimator.java:121 waiters=1 for 212ms
12-09 08:23:34.193 W/art     ( 1591): Long monitor contention event with owner method=void com.android.server.wm.WindowAnimator$1.doFrame(long) from WindowAnimator.java:121 waiters=1 for 205ms
12-09 08:23:34.213 D/AndroidRuntime(16214): >>>>>> START com.android.internal.os.RuntimeInit uid 0 <<<<<<
12-09 08:23:34.228 D/AndroidRuntime(16214): CheckJNI is ON
12-09 08:23:34.267 D/ICU     (16214): No timezone override file found: /data/misc/zoneinfo/current/icu/icu_tzdata.dat
12-09 08:23:34.273 W/art     ( 1591): Long monitor contention event with owner method=void com.android.server.wm.WindowAnimator$1.doFrame(long) from WindowAnimator.java:121 waiters=1 for 185ms
12-09 08:23:34.386 W/audio_hw_generic( 1308): Not supplying enough data to HAL, expected position 39102134 , only wrote 39102116
12-09 08:23:34.386 W/audio_hw_generic( 1308): Hardware backing HAL too slow, could only write 0 of 661 frames
12-09 08:23:34.390 E/memtrack(16214): Couldn't load memtrack module (No such file or directory)
12-09 08:23:34.390 E/android.os.Debug(16214): failed to load memtrack module: -2
12-09 08:23:34.392 I/Radio-JNI(16214): register_android_hardware_Radio DONE
12-09 08:23:34.401 W/audio_hw_generic( 1308): Hardware backing HAL too slow, could only write 0 of 661 frames
12-09 08:23:34.415 D/AndroidRuntime(16214): Calling main entry com.android.commands.input.Input
12-09 08:23:34.415 I/Input   (16214): injectKeyEvent: KeyEvent { action=ACTION_DOWN, keyCode=KEYCODE_BACK, scanCode=0, metaState=0, flags=0x0, repeatCount=0, eventTime=5228833, downTime=5228833, deviceId=-1, source=0x101 }
12-09 08:23:34.418 W/audio_hw_generic( 1308): Hardware backing HAL too slow, could only write 0 of 661 frames
12-09 08:23:34.433 W/audio_hw_generic( 1308): Hardware backing HAL too slow, could only write 0 of 661 frames
12-09 08:23:34.450 W/audio_hw_generic( 1308): Hardware backing HAL too slow, could only write 0 of 661 frames
12-09 08:23:34.469 W/art     ( 1591): Long monitor contention event with owner method=void com.android.server.wm.WindowAnimator$1.doFrame(long) from WindowAnimator.java:121 waiters=1 for 196ms
12-09 08:23:34.562 W/audio_hw_generic( 1308): Not supplying enough data to HAL, expected position 39109891 , only wrote 39107404
12-09 08:23:34.663 W/art     ( 1591): Long monitor contention event with owner method=void com.android.server.wm.WindowAnimator$1.doFrame(long) from WindowAnimator.java:121 waiters=1 for 194ms
12-09 08:23:34.890 W/art     ( 1591): Long monitor contention event with owner method=void com.android.server.wm.WindowAnimator$1.doFrame(long) from WindowAnimator.java:121 waiters=1 for 227ms
12-09 08:23:34.891 W/art     ( 1591): Long monitor contention event with owner method=void com.android.server.wm.WindowAnimator$1.doFrame(long) from WindowAnimator.java:121 waiters=1 for 144ms
12-09 08:23:34.891 W/art     ( 1591): Long monitor contention event with owner method=java.util.List com.android.server.am.ActivityManagerService.getAllStackInfos() from ActivityManagerService.java:8937 waiters=0 for 2.231s
12-09 08:23:34.891 W/art     ( 1591): Long monitor contention event with owner method=java.util.List com.android.server.am.ActivityManagerService.getAllStackInfos() from ActivityManagerService.java:8937 waiters=1 for 2.195s
12-09 08:23:34.893 W/art     ( 1591): Long monitor contention event with owner method=java.util.List com.android.server.am.ActivityManagerService.getAllStackInfos() from ActivityManagerService.java:8937 waiters=2 for 1.676s
12-09 08:23:34.893 W/art     ( 1591): Long monitor contention event with owner method=java.util.List com.android.server.am.ActivityManagerService.getAllStackInfos() from ActivityManagerService.java:8937 waiters=3 for 751ms
12-09 08:23:34.894 W/ViewRootImpl(16079): Dropping event due to no window focus: KeyEvent { action=ACTION_DOWN, keyCode=KEYCODE_BACK, scanCode=0, metaState=0, flags=0x0, repeatCount=0, eventTime=5228833, downTime=5228833, deviceId=-1, source=0x101 }
12-09 08:23:34.897 I/Input   (16214): injectKeyEvent: KeyEvent { action=ACTION_UP, keyCode=KEYCODE_BACK, scanCode=0, metaState=0, flags=0x0, repeatCount=0, eventTime=5228833, downTime=5228833, deviceId=-1, source=0x101 }
12-09 08:23:34.908 D/AndroidRuntime(16214): Shutting down VM
12-09 08:23:34.969 I/ActivityManager( 1591): Displayed com.evancharlton.mileage/.FillupInfoActivity: +3s401ms
12-09 08:23:34.972 D/gralloc_ranchu( 1219): gralloc_alloc: Creating ashmem region of size 3686400
12-09 08:23:35.243 I/System.out(16079): URI: //gesture
12-09 08:23:35.243 I/System.out(16079): params: {json={"query_timeout":5.0,"gestures":[{"query_string":"android.widget.TabWidget descendant TextView index:2","touches":[{"x":50,"y":50,"offset_x":0,"offset_y":0,"wait":0.0,"time":0.2,"release":true,"query_string":null}]}]}
12-09 08:23:35.243 I/System.out(16079): }
12-09 08:23:40.669 W/System.err(16079): java.lang.RuntimeException: Could not find views '[android.widget.TabWidget descendant TextView index:2]'
12-09 08:23:40.669 W/System.err(16079): 	at sh.calaba.instrumentationbackend.actions.MultiTouchGesture.evaluateQueries(MultiTouchGesture.java:225)
12-09 08:23:40.669 W/System.err(16079): 	at sh.calaba.instrumentationbackend.actions.MultiTouchGesture.parseGesture(MultiTouchGesture.java:68)
12-09 08:23:40.669 W/System.err(16079): 	at sh.calaba.instrumentationbackend.actions.MultiTouchGesture.perform(MultiTouchGesture.java:144)
12-09 08:23:40.669 W/System.err(16079): 	at sh.calaba.instrumentationbackend.actions.HttpServer.serve(HttpServer.java:540)
12-09 08:23:40.669 W/System.err(16079): 	at sh.calaba.instrumentationbackend.actions.NanoHTTPD$HTTPSession.run(NanoHTTPD.java:487)
12-09 08:23:40.669 W/System.err(16079): 	at java.lang.Thread.run(Thread.java:818)
12-09 08:23:40.722 I/art     (16079): Background sticky concurrent mark sweep GC freed 38593(1693KB) AllocSpace objects, 3(60KB) LOS objects, 35% free, 3MB/4MB, paused 8.048ms total 33.558ms
