--------- beginning of main
12-09 08:42:36.767 W/SurfaceFlinger( 1219): Timed out waiting for hw vsync; faking it
12-09 08:42:38.299 W/SurfaceFlinger( 1219): Timed out waiting for hw vsync; faking it
12-09 08:42:38.309 I/Choreographer( 1593): Skipped 92 frames!  The application may be doing too much work on its main thread.
12-09 08:42:38.309 W/art     ( 1593): Long monitor contention event with owner method=void com.android.server.wm.WindowAnimator$1.doFrame(long) from WindowAnimator.java:121 waiters=0 for 2.542s
12-09 08:42:38.390 W/art     ( 1593): Long monitor contention event with owner method=void com.android.server.wm.WindowAnimator$1.doFrame(long) from WindowAnimator.java:121 waiters=1 for 1.665s
--------- beginning of system
12-09 08:42:38.872 I/WindowManager( 1593): Screenshot max retries 4 of Token{217b108 ActivityRecord{e1ad6ab u0 com.evancharlton.mileage.test/sh.calaba.instrumentationbackend.StatusReporterActivity t510 f}} appWin=Window{d3eecaa u0 Starting com.evancharlton.mileage.test} drawState=3
12-09 08:42:38.882 W/art     ( 1593): Long monitor contention event with owner method=boolean com.android.server.am.ActivityManagerService.finishActivity(android.os.IBinder, int, android.content.Intent, boolean) from ActivityManagerService.java:4245 waiters=0 for 3.646s
12-09 08:42:38.883 W/art     ( 1593): Long monitor contention event with owner method=boolean com.android.server.am.ActivityManagerService.finishActivity(android.os.IBinder, int, android.content.Intent, boolean) from ActivityManagerService.java:4245 waiters=1 for 575ms
12-09 08:42:39.302 D/AndroidRuntime(21433): >>>>>> START com.android.internal.os.RuntimeInit uid 0 <<<<<<
12-09 08:42:39.309 D/AndroidRuntime(21433): CheckJNI is ON
12-09 08:42:39.337 D/ICU     (21433): No timezone override file found: /data/misc/zoneinfo/current/icu/icu_tzdata.dat
12-09 08:42:39.488 E/memtrack(21433): Couldn't load memtrack module (No such file or directory)
12-09 08:42:39.491 E/android.os.Debug(21433): failed to load memtrack module: -2
12-09 08:42:39.493 I/Radio-JNI(21433): register_android_hardware_Radio DONE
12-09 08:42:39.524 D/AndroidRuntime(21433): Calling main entry com.android.commands.am.Am
12-09 08:42:39.620 W/art     ( 1593): Long monitor contention event with owner method=void com.android.server.wm.WindowAnimator$1.doFrame(long) from WindowAnimator.java:121 waiters=0 for 149ms
12-09 08:42:39.802 W/art     ( 1593): Long monitor contention event with owner method=void com.android.server.wm.WindowAnimator$1.doFrame(long) from WindowAnimator.java:121 waiters=0 for 181ms
12-09 08:42:39.992 D/EGL_emulation( 1946): eglMakeCurrent: 0x7f46773e1fa0: ver 2 0 (tinfo 0x7f46773c2b40)
12-09 08:42:39.995 E/Surface ( 1946): getSlotFromBufferLocked: unknown buffer: 0x7f4673222300
12-09 08:42:40.326 W/art     ( 1593): Long monitor contention event with owner method=void com.android.server.wm.WindowAnimator$1.doFrame(long) from WindowAnimator.java:121 waiters=1 for 258ms
12-09 08:42:40.730 W/art     ( 1593): Long monitor contention event with owner method=void com.android.server.wm.WindowAnimator$1.doFrame(long) from WindowAnimator.java:121 waiters=1 for 367ms
12-09 08:42:40.765 W/art     ( 1593): Long monitor contention event with owner method=void com.android.server.wm.WindowAnimator$1.doFrame(long) from WindowAnimator.java:121 waiters=1 for 272ms
12-09 08:42:40.775 W/art     ( 1593): Long monitor contention event with owner method=void com.android.server.am.ActivityManagerService.activityPaused(android.os.IBinder) from ActivityManagerService.java:6439 waiters=0 for 1.886s
12-09 08:42:40.784 W/art     ( 1593): Long monitor contention event with owner method=void com.android.server.am.ActivityManagerService.activityPaused(android.os.IBinder) from ActivityManagerService.java:6439 waiters=1 for 1.280s
12-09 08:42:40.786 W/art     ( 1593): Long monitor contention event with owner method=void com.android.server.am.ActivityManagerService.activityPaused(android.os.IBinder) from ActivityManagerService.java:6439 waiters=2 for 1.239s
12-09 08:42:40.794 I/ActivityManager( 1593): Force stopping com.evancharlton.mileage appid=10145 user=0: start instr
12-09 08:42:40.794 I/ActivityManager( 1593): Killing 21416:com.evancharlton.mileage/u0a145 (adj 0): stop com.evancharlton.mileage
12-09 08:42:40.968 W/ActivityManager( 1593): Crash of app com.evancharlton.mileage running instrumentation ComponentInfo{com.evancharlton.mileage.test/sh.calaba.instrumentationbackend.ClearAppData2}
12-09 08:42:40.968 I/ActivityManager( 1593): Force stopping com.evancharlton.mileage appid=10145 user=0: finished inst
12-09 08:42:40.971 D/EGL_emulation( 1946): eglMakeCurrent: 0x7f46773e1fa0: ver 2 0 (tinfo 0x7f46773c2b40)
12-09 08:42:41.017 I/ActivityManager( 1593): Start proc 21442:com.evancharlton.mileage/u0a145 for added application com.evancharlton.mileage
12-09 08:42:41.017 D/AndroidRuntime(21433): Shutting down VM
12-09 08:42:41.039 W/art     ( 1593): Long monitor contention event with owner method=boolean com.android.server.am.ActivityManagerService.startInstrumentation(android.content.ComponentName, java.lang.String, int, android.os.Bundle, android.app.IInstrumentationWatcher, android.app.IUiAutomationConnection, int, java.lang.String) from ActivityManagerService.java:17066 waiters=1 for 214ms
12-09 08:42:41.073 W/art     ( 1593): Long monitor contention event with owner method=boolean com.android.server.am.ActivityManagerService.startInstrumentation(android.content.ComponentName, java.lang.String, int, android.os.Bundle, android.app.IInstrumentationWatcher, android.app.IUiAutomationConnection, int, java.lang.String) from ActivityManagerService.java:17066 waiters=2 for 200ms
12-09 08:42:41.076 W/InputMethodManagerService( 1593): Window already focused, ignoring focus gain of: com.android.internal.view.IInputMethodClient$Stub$Proxy@4d5204d attribute=null, token = android.os.BinderProxy@5262c40
12-09 08:42:41.186 W/System  (21442): ClassLoader referenced unknown path: /data/app/com.evancharlton.mileage.test-1/lib/x86_64
12-09 08:42:41.186 W/System  (21442): ClassLoader referenced unknown path: /data/app/com.evancharlton.mileage-1/lib/x86_64
12-09 08:42:41.193 W/ActivityManager( 1593): Spurious death for ProcessRecord{7246702 0:com.evancharlton.mileage/u0a145}, curProc for 21416: null
12-09 08:42:41.305 I/System.out(21442): Main activity name automatically set to: com.evancharlton.mileage.Mileage
12-09 08:42:41.305 I/System.out(21442): Calabash did not load Mono. This is only a problem if you are trying to test a Mono application
12-09 08:42:41.306 I/calabash(21442): Test server port: 7102
12-09 08:42:41.306 I/InstrumentationBackend(21442): Added:'GetPreferences', with key:'get_preferences'
12-09 08:42:41.569 W/art     (21442): Suspending all threads took: 15.034ms
12-09 08:42:41.593 I/InstrumentationBackend(21442): Added:'SetPreferences', with key:'set_preferences'
12-09 08:42:41.593 I/InstrumentationBackend(21442): Added:'ClearPreferences', with key:'clear_preferences'
12-09 08:42:41.593 I/InstrumentationBackend(21442): Added:'PressElement', with key:'press_l10n_element'
12-09 08:42:41.593 I/InstrumentationBackend(21442): Added:'WaitForElement', with key:'wait_for_l10n_element'
12-09 08:42:41.594 I/InstrumentationBackend(21442): Added:'NullAction', with key:'nullAction'
12-09 08:42:41.594 I/InstrumentationBackend(21442): Added:'PressKey', with key:'press_key'
12-09 08:42:41.594 I/InstrumentationBackend(21442): Added:'SetActivityOrientation', with key:'set_activity_orientation'
12-09 08:42:41.600 I/InstrumentationBackend(21442): Added:'GetActivityOrientation', with key:'get_activity_orientation'
12-09 08:42:41.600 I/InstrumentationBackend(21442): Added:'FakeGPSLocation', with key:'set_gps_coordinates'
12-09 08:42:41.601 I/InstrumentationBackend(21442): Added:'SetPropertyByCssSelector', with key:'set_property_by_css_selector'
12-09 08:42:41.601 I/InstrumentationBackend(21442): Added:'GetUrl', with key:'get_url'
12-09 08:42:41.619 W/OpenGLRenderer( 1946): Incorrectly called buildLayer on View: ShortcutAndWidgetContainer, destroying layer...
12-09 08:42:41.643 I/InstrumentationBackend(21442): Added:'ScrollTo', with key:'scroll_to'
12-09 08:42:41.643 I/InstrumentationBackend(21442): Added:'GetLoadProgress', with key:'get_load_progress'
12-09 08:42:41.643 I/InstrumentationBackend(21442): Added:'DumpHtml', with key:'dump_html'
12-09 08:42:41.643 I/InstrumentationBackend(21442): Added:'DumpBodyHtml', with key:'dump_body_html'
12-09 08:42:41.646 I/InstrumentationBackend(21442): Added:'EnterTextByCssSelector', with key:'enter_text_by_selector'
12-09 08:42:41.669 I/InstrumentationBackend(21442): Added:'AndroidSDKVersion', with key:'android_sdk_version'
12-09 08:42:41.669 I/InstrumentationBackend(21442): Added:'Version', with key:'version'
12-09 08:42:41.669 I/InstrumentationBackend(21442): Added:'Drag', with key:'drag'
12-09 08:42:41.670 I/InstrumentationBackend(21442): Added:'TouchCoordinates', with key:'touch_coordinate'
12-09 08:42:41.670 I/InstrumentationBackend(21442): Added:'LongPressCoordinate', with key:'long_press_coordinate'
12-09 08:42:41.670 I/InstrumentationBackend(21442): Added:'DragCoordinates', with key:'drag_coordinates'
12-09 08:42:41.670 I/InstrumentationBackend(21442): Added:'ResumeApplication', with key:'resume_application'
12-09 08:42:41.670 I/InstrumentationBackend(21442): Added:'Swipe', with key:'swipe'
12-09 08:42:41.670 I/InstrumentationBackend(21442): Added:'DoubleTapCoordinate', with key:'double_tap_coordinate'
12-09 08:42:41.670 I/InstrumentationBackend(21442): Added:'ClickOnScreen', with key:'click_on_screen'
12-09 08:42:41.671 I/InstrumentationBackend(21442): Added:'GetActivityName', with key:'get_activity_name'
12-09 08:42:41.671 I/InstrumentationBackend(21442): Added:'ScrollToView', with key:'scroll_to_view'
12-09 08:42:41.671 I/InstrumentationBackend(21442): Added:'ViewConfiguration', with key:'view_configuration'
12-09 08:42:41.680 I/InstrumentationBackend(21442): Added:'IsCurrentActivityFocused', with key:'is_current_activity_focused'
12-09 08:42:41.680 I/InstrumentationBackend(21442): Added:'SendTcp', with key:'send_tcp'
12-09 08:42:41.680 I/InstrumentationBackend(21442): Added:'DpToDevicePixel', with key:'dp_to_device_pixel'
12-09 08:42:41.696 I/InstrumentationBackend(21442): Added:'KeyboardEnterText', with key:'keyboard_enter_text'
12-09 08:42:41.696 I/InstrumentationBackend(21442): Added:'DeleteSurroundingText', with key:'delete_surrounding_text'
12-09 08:42:41.698 I/art     (21442): Background sticky concurrent mark sweep GC freed 3601(331KB) AllocSpace objects, 0(0B) LOS objects, 17% free, 1062KB/1295KB, paused 16.079ms total 236.826ms
12-09 08:42:41.700 I/InstrumentationBackend(21442): Added:'SetComposingRegion', with key:'set_composing_region'
12-09 08:42:41.700 I/InstrumentationBackend(21442): Added:'SetSelection', with key:'set_selection'
12-09 08:42:41.701 I/InstrumentationBackend(21442): Added:'KeyboardKeyEvent', with key:'keyboard_key_event'
12-09 08:42:41.701 I/InstrumentationBackend(21442): Added:'PressUserActionButton', with key:'press_user_action_button'
12-09 08:42:41.701 I/InstrumentationBackend(21442): Added:'HideSoftKeyboard', with key:'hide_soft_keyboard'
12-09 08:42:41.702 I/InstrumentationBackend(21442): Added:'ListActions', with key:'list_actions'
12-09 08:42:41.737 I/calabash(21442): Instantiating http server at 7102
12-09 08:42:41.760 I/System.out(21442): HTTP Daemon listening on: 7102
12-09 08:42:41.904 W/art     (21442): Suspending all threads took: 67.405ms
12-09 08:42:41.925 I/System.out(21442): URI: //ping
12-09 08:42:41.996 I/art     (21442): Background partial concurrent mark sweep GC freed 1231(124KB) AllocSpace objects, 1(20KB) LOS objects, 49% free, 1061KB/2MB, paused 73.981ms total 172.887ms
12-09 08:42:42.012 I/System.out(21442): params: {json={}
12-09 08:42:42.012 I/System.out(21442): }
12-09 08:42:42.066 I/System.out(21442): URI: //ping
12-09 08:42:42.066 I/System.out(21442): params: {json={}
12-09 08:42:42.066 I/System.out(21442): }
12-09 08:42:42.128 I/System.out(21442): URI: //ready
12-09 08:42:42.128 I/System.out(21442): params: {json={}
12-09 08:42:42.128 I/System.out(21442): }
12-09 08:42:42.184 I/System.out(21442): URI: //
12-09 08:42:42.184 I/System.out(21442): params: {json={"command":"version","arguments":[]}
12-09 08:42:42.184 I/System.out(21442): }
12-09 08:42:42.185 I/System.out(21442): header: {date=Sun, 09 Dec 2018 08:42:43 GMT, accept=*/*, content-length=36, host=127.0.0.1:34777, user-agent=HTTPClient/1.0 (2.8.3, ruby 2.3.1 (2016-04-26)), content-type=application/json;charset=utf-8}
12-09 08:42:42.185 I/System.out(21442): params: {json={"command":"version","arguments":[]}
12-09 08:42:42.185 I/System.out(21442): }
12-09 08:42:42.185 I/System.out(21442): ProP json = {"command":"version","arguments":[]}
12-09 08:42:42.185 I/System.out(21442): files: {}
12-09 08:42:42.185 I/System.out(21442): command: {"command":"version","arguments":[]}
12-09 08:42:42.202 I/InstrumentationBackend(21442): Got command:'Command:'Line:null,version', arguments:'[]'
12-09 08:42:42.224 I/System.out(21442): result:{"bonusInformation":[],"message":"0.9.8","success":true}
12-09 08:42:42.270 I/System.out(21442): URI: //start-application
12-09 08:42:42.270 I/System.out(21442): params: {json={"intent":null}
12-09 08:42:42.270 I/System.out(21442): }
12-09 08:42:42.312 I/ActivityManager( 1593): START u0 {act=android.intent.action.MAIN cat=[android.intent.category.LAUNCHER] flg=0x10200000 cmp=com.evancharlton.mileage/.Mileage} from uid 10145 on display 0
12-09 08:42:42.371 I/art     (21442): Background sticky concurrent mark sweep GC freed 18375(865KB) AllocSpace objects, 1(20KB) LOS objects, 35% free, 1346KB/2MB, paused 6.450ms total 60.127ms
12-09 08:42:42.753 I/calabash(21442): newActivity1
12-09 08:42:42.817 I/calabash(21442): newActivity1
12-09 08:42:42.912 W/ActivityManager( 1593): Bad activity token: android.os.BinderProxy@9330c05
12-09 08:42:42.912 W/ActivityManager( 1593): java.lang.ClassCastException: android.os.BinderProxy cannot be cast to com.android.server.am.ActivityRecord$Token
12-09 08:42:42.912 W/ActivityManager( 1593): 	at com.android.server.am.ActivityRecord.forTokenLocked(ActivityRecord.java:424)
12-09 08:42:42.912 W/ActivityManager( 1593): 	at com.android.server.am.ActivityRecord.isInStackLocked(ActivityRecord.java:1121)
12-09 08:42:42.912 W/ActivityManager( 1593): 	at com.android.server.am.ActivityRecord.getStackLocked(ActivityRecord.java:1126)
12-09 08:42:42.912 W/ActivityManager( 1593): 	at com.android.server.am.ActivityManagerService.getActivityDisplayId(ActivityManagerService.java:8889)
12-09 08:42:42.912 W/ActivityManager( 1593): 	at android.app.ActivityManagerNative.onTransact(ActivityManagerNative.java:2338)
12-09 08:42:42.912 W/ActivityManager( 1593): 	at com.android.server.am.ActivityManagerService.onTransact(ActivityManagerService.java:2443)
12-09 08:42:42.912 W/ActivityManager( 1593): 	at android.os.Binder.execTransact(Binder.java:453)
12-09 08:42:42.936 W/ActivityManager( 1593): Bad activity token: android.os.BinderProxy@9330c05
12-09 08:42:42.936 W/ActivityManager( 1593): java.lang.ClassCastException: android.os.BinderProxy cannot be cast to com.android.server.am.ActivityRecord$Token
12-09 08:42:42.936 W/ActivityManager( 1593): 	at com.android.server.am.ActivityRecord.forTokenLocked(ActivityRecord.java:424)
12-09 08:42:42.936 W/ActivityManager( 1593): 	at com.android.server.am.ActivityRecord.isInStackLocked(ActivityRecord.java:1121)
12-09 08:42:42.936 W/ActivityManager( 1593): 	at com.android.server.am.ActivityManagerService.setTaskDescription(ActivityManagerService.java:8547)
12-09 08:42:42.936 W/ActivityManager( 1593): 	at android.app.ActivityManagerNative.onTransact(ActivityManagerNative.java:2410)
12-09 08:42:42.936 W/ActivityManager( 1593): 	at com.android.server.am.ActivityManagerService.onTransact(ActivityManagerService.java:2443)
12-09 08:42:42.936 W/ActivityManager( 1593): 	at android.os.Binder.execTransact(Binder.java:453)
12-09 08:42:42.997 D/gralloc_ranchu( 1219): gralloc_alloc: Creating ashmem region of size 3686400
12-09 08:42:43.213 V/PhoneStatusBar(15401): setLightsOn(true)
12-09 08:42:43.385 D/EGL_emulation( 1946): eglMakeCurrent: 0x7f46773e1fa0: ver 2 0 (tinfo 0x7f46773c2b40)
12-09 08:42:43.386 E/Surface ( 1946): getSlotFromBufferLocked: unknown buffer: 0x7f4673205e80
12-09 08:42:43.401 D/FillupsProvider(21442): Creating database
12-09 08:42:43.664 W/art     (21442): Suspending all threads took: 8.036ms
12-09 08:42:43.689 W/ActivityManager( 1593): Bad activity token: android.os.BinderProxy@9330c05
12-09 08:42:43.689 W/ActivityManager( 1593): java.lang.ClassCastException: android.os.BinderProxy cannot be cast to com.android.server.am.ActivityRecord$Token
12-09 08:42:43.689 W/ActivityManager( 1593): 	at com.android.server.am.ActivityRecord.forTokenLocked(ActivityRecord.java:424)
12-09 08:42:43.689 W/ActivityManager( 1593): 	at com.android.server.am.ActivityRecord.isInStackLocked(ActivityRecord.java:1121)
12-09 08:42:43.689 W/ActivityManager( 1593): 	at com.android.server.am.ActivityManagerService.getActivityOptions(ActivityManagerService.java:11038)
12-09 08:42:43.689 W/ActivityManager( 1593): 	at android.app.ActivityManagerNative.onTransact(ActivityManagerNative.java:1734)
12-09 08:42:43.689 W/ActivityManager( 1593): 	at com.android.server.am.ActivityManagerService.onTransact(ActivityManagerService.java:2443)
12-09 08:42:43.689 W/ActivityManager( 1593): 	at android.os.Binder.execTransact(Binder.java:453)
12-09 08:42:43.689 W/ActivityManager( 1593): Bad activity token: android.os.BinderProxy@9330c05
12-09 08:42:43.689 W/ActivityManager( 1593): java.lang.ClassCastException: android.os.BinderProxy cannot be cast to com.android.server.am.ActivityRecord$Token
12-09 08:42:43.689 W/ActivityManager( 1593): 	at com.android.server.am.ActivityRecord.forTokenLocked(ActivityRecord.java:424)
12-09 08:42:43.689 W/ActivityManager( 1593): 	at com.android.server.am.ActivityRecord.isInStackLocked(ActivityRecord.java:1121)
12-09 08:42:43.689 W/ActivityManager( 1593): 	at com.android.server.am.ActivityManagerService.getActivityOptions(ActivityManagerService.java:11038)
12-09 08:42:43.689 W/ActivityManager( 1593): 	at android.app.ActivityManagerNative.onTransact(ActivityManagerNative.java:1734)
12-09 08:42:43.689 W/ActivityManager( 1593): 	at com.android.server.am.ActivityManagerService.onTransact(ActivityManagerService.java:2443)
12-09 08:42:43.689 W/ActivityManager( 1593): 	at android.os.Binder.execTransact(Binder.java:453)
12-09 08:42:43.701 I/art     (21442): Background sticky concurrent mark sweep GC freed 487(119KB) AllocSpace objects, 0(0B) LOS objects, 8% free, 1914KB/2MB, paused 12.729ms total 58.873ms
12-09 08:42:43.732 I/art     (21442): WaitForGcToComplete blocked for 13.298ms for cause Background
12-09 08:42:44.220 I/art     (21442): Background partial concurrent mark sweep GC freed 1596(167KB) AllocSpace objects, 2(40KB) LOS objects, 39% free, 1868KB/3MB, paused 9.448ms total 133.170ms
12-09 08:42:44.757 D/gralloc_ranchu( 1219): gralloc_alloc: Creating ashmem region of size 3686400
12-09 08:42:44.784 D/        (21442): HostConnection::get() New Host Connection established 0x7f46738eefe0, tid 21442
12-09 08:42:44.845 I/ActivityManager( 1593): Displayed com.evancharlton.mileage/.Mileage: +2s268ms
12-09 08:42:44.950 D/gralloc_ranchu( 1219): gralloc_alloc: Creating ashmem region of size 3686400
12-09 08:42:45.544 I/System.out(21442): URI: //
12-09 08:42:45.544 I/System.out(21442): params: {json={"command":"set_activity_orientation","arguments":["landscape"]}
12-09 08:42:45.544 I/System.out(21442): }
12-09 08:42:45.544 I/System.out(21442): header: {date=Sun, 09 Dec 2018 08:42:46 GMT, accept=*/*, content-length=64, host=127.0.0.1:34777, user-agent=HTTPClient/1.0 (2.8.3, ruby 2.3.1 (2016-04-26)), content-type=application/json;charset=utf-8}
12-09 08:42:45.544 I/System.out(21442): params: {json={"command":"set_activity_orientation","arguments":["landscape"]}
12-09 08:42:45.544 I/System.out(21442): }
12-09 08:42:45.544 I/System.out(21442): ProP json = {"command":"set_activity_orientation","arguments":["landscape"]}
12-09 08:42:45.545 I/System.out(21442): files: {}
12-09 08:42:45.545 I/System.out(21442): command: {"command":"set_activity_orientation","arguments":["landscape"]}
12-09 08:42:45.546 I/InstrumentationBackend(21442): Got command:'Command:'Line:null,set_activity_orientation', arguments:'[landscape]'
12-09 08:42:45.641 D/gralloc_ranchu( 1219): gralloc_alloc: Creating ashmem region of size 3686400
12-09 08:42:45.680 E/EGL_emulation( 1219): tid 1219: eglCreateSyncKHR(1881): error 0x3004 (EGL_BAD_ATTRIBUTE)
12-09 08:42:45.925 I/ActivityManager( 1593): Config changes=480 {1.0 310mcc260mnc en_US ldltr sw720dp w1280dp h696dp 160dpi xlrg long land finger -keyb/v/h tball/v s.58}
12-09 08:42:45.957 I/InputReader( 1593): Reconfiguring input devices.  changes=0x00000004
12-09 08:42:45.957 I/InputReader( 1593): Device reconfigured: id=0, name='qwerty2', size 720x1280, orientation 1, mode 1, display id 0
12-09 08:42:45.984 I/InputReader( 1593): Reconfiguring input devices.  changes=0x00000004
12-09 08:42:46.004 D/gralloc_ranchu( 1219): gralloc_alloc: Creating ashmem region of size 3686400
12-09 08:42:46.206 W/art     ( 1593): Long monitor contention event with owner method=void com.android.server.am.ActivityManagerService.setRequestedOrientation(android.os.IBinder, int) from ActivityManagerService.java:4192 waiters=0 for 652ms
12-09 08:42:46.206 W/art     ( 1593): Long monitor contention event with owner method=void com.android.server.am.ActivityManagerService.setRequestedOrientation(android.os.IBinder, int) from ActivityManagerService.java:4192 waiters=1 for 423ms
12-09 08:42:46.219 W/art     ( 1593): Long monitor contention event with owner method=void com.android.server.am.ActivityManagerService.setRequestedOrientation(android.os.IBinder, int) from ActivityManagerService.java:4192 waiters=2 for 263ms
12-09 08:42:46.334 I/System.out(21442): result:{"bonusInformation":[],"message":"","success":true}
12-09 08:42:46.412 D/EGL_emulation(15401): eglMakeCurrent: 0x7f46773ddd40: ver 2 0 (tinfo 0x7f466b70b7c0)
12-09 08:42:46.413 E/Surface (15401): getSlotFromBufferLocked: unknown buffer: 0x7f4668a837c0
12-09 08:42:46.415 D/EGL_emulation(15401): eglMakeCurrent: 0x7f46773ddd40: ver 2 0 (tinfo 0x7f466b70b7c0)
12-09 08:42:46.465 I/art     (21442): Background sticky concurrent mark sweep GC freed 26583(1207KB) AllocSpace objects, 3(60KB) LOS objects, 35% free, 2022KB/3MB, paused 1.051ms total 152.608ms
12-09 08:42:46.684 I/calabash(21442): newActivity1
12-09 08:42:46.742 I/calabash(21442): newActivity1
12-09 08:42:46.743 W/ActivityManager( 1593): Bad activity token: android.os.BinderProxy@56749fe
12-09 08:42:46.743 W/ActivityManager( 1593): java.lang.ClassCastException: android.os.BinderProxy cannot be cast to com.android.server.am.ActivityRecord$Token
12-09 08:42:46.743 W/ActivityManager( 1593): 	at com.android.server.am.ActivityRecord.forTokenLocked(ActivityRecord.java:424)
12-09 08:42:46.743 W/ActivityManager( 1593): 	at com.android.server.am.ActivityRecord.isInStackLocked(ActivityRecord.java:1121)
12-09 08:42:46.743 W/ActivityManager( 1593): 	at com.android.server.am.ActivityRecord.getStackLocked(ActivityRecord.java:1126)
12-09 08:42:46.743 W/ActivityManager( 1593): 	at com.android.server.am.ActivityManagerService.getActivityDisplayId(ActivityManagerService.java:8889)
12-09 08:42:46.743 W/ActivityManager( 1593): 	at android.app.ActivityManagerNative.onTransact(ActivityManagerNative.java:2338)
12-09 08:42:46.743 W/ActivityManager( 1593): 	at com.android.server.am.ActivityManagerService.onTransact(ActivityManagerService.java:2443)
12-09 08:42:46.743 W/ActivityManager( 1593): 	at android.os.Binder.execTransact(Binder.java:453)
12-09 08:42:46.752 I/WindowManager( 1593): Screen frozen for +1s206ms due to Window{f7bb6bd u0 com.evancharlton.mileage/com.evancharlton.mileage.Mileage}
12-09 08:42:46.754 W/ActivityManager( 1593): Bad activity token: android.os.BinderProxy@56749fe
12-09 08:42:46.754 W/ActivityManager( 1593): java.lang.ClassCastException: android.os.BinderProxy cannot be cast to com.android.server.am.ActivityRecord$Token
12-09 08:42:46.754 W/ActivityManager( 1593): 	at com.android.server.am.ActivityRecord.forTokenLocked(ActivityRecord.java:424)
12-09 08:42:46.754 W/ActivityManager( 1593): 	at com.android.server.am.ActivityRecord.isInStackLocked(ActivityRecord.java:1121)
12-09 08:42:46.754 W/ActivityManager( 1593): 	at com.android.server.am.ActivityManagerService.setTaskDescription(ActivityManagerService.java:8547)
12-09 08:42:46.754 W/ActivityManager( 1593): 	at android.app.ActivityManagerNative.onTransact(ActivityManagerNative.java:2410)
12-09 08:42:46.754 W/ActivityManager( 1593): 	at com.android.server.am.ActivityManagerService.onTransact(ActivityManagerService.java:2443)
12-09 08:42:46.754 W/ActivityManager( 1593): 	at android.os.Binder.execTransact(Binder.java:453)
12-09 08:42:46.805 W/ActivityManager( 1593): Bad activity token: android.os.BinderProxy@56749fe
12-09 08:42:46.805 W/ActivityManager( 1593): java.lang.ClassCastException: android.os.BinderProxy cannot be cast to com.android.server.am.ActivityRecord$Token
12-09 08:42:46.805 W/ActivityManager( 1593): 	at com.android.server.am.ActivityRecord.forTokenLocked(ActivityRecord.java:424)
12-09 08:42:46.805 W/ActivityManager( 1593): 	at com.android.server.am.ActivityRecord.isInStackLocked(ActivityRecord.java:1121)
12-09 08:42:46.805 W/ActivityManager( 1593): 	at com.android.server.am.ActivityManagerService.getActivityOptions(ActivityManagerService.java:11038)
12-09 08:42:46.805 W/ActivityManager( 1593): 	at android.app.ActivityManagerNative.onTransact(ActivityManagerNative.java:1734)
12-09 08:42:46.805 W/ActivityManager( 1593): 	at com.android.server.am.ActivityManagerService.onTransact(ActivityManagerService.java:2443)
12-09 08:42:46.805 W/ActivityManager( 1593): 	at android.os.Binder.execTransact(Binder.java:453)
12-09 08:42:46.805 W/ActivityManager( 1593): Bad activity token: android.os.BinderProxy@56749fe
12-09 08:42:46.805 W/ActivityManager( 1593): java.lang.ClassCastException: android.os.BinderProxy cannot be cast to com.android.server.am.ActivityRecord$Token
12-09 08:42:46.805 W/ActivityManager( 1593): 	at com.android.server.am.ActivityRecord.forTokenLocked(ActivityRecord.java:424)
12-09 08:42:46.805 W/ActivityManager( 1593): 	at com.android.server.am.ActivityRecord.isInStackLocked(ActivityRecord.java:1121)
12-09 08:42:46.805 W/ActivityManager( 1593): 	at com.android.server.am.ActivityManagerService.getActivityOptions(ActivityManagerService.java:11038)
12-09 08:42:46.805 W/ActivityManager( 1593): 	at android.app.ActivityManagerNative.onTransact(ActivityManagerNative.java:1734)
12-09 08:42:46.805 W/ActivityManager( 1593): 	at com.android.server.am.ActivityManagerService.onTransact(ActivityManagerService.java:2443)
12-09 08:42:46.805 W/ActivityManager( 1593): 	at android.os.Binder.execTransact(Binder.java:453)
12-09 08:42:47.006 W/art     ( 1593): Long monitor contention event with owner method=void com.android.server.wm.WindowManagerService$H.handleMessage(android.os.Message) from WindowManagerService.java:7820 waiters=0 for 200ms
12-09 08:42:47.512 W/art     ( 1593): Long monitor contention event with owner method=void com.android.server.wm.WindowAnimator$1.doFrame(long) from WindowAnimator.java:121 waiters=0 for 136ms
12-09 08:42:47.705 I/Choreographer(21442): Skipped 68 frames!  The application may be doing too much work on its main thread.
12-09 08:42:47.993 D/gralloc_ranchu( 1219): gralloc_alloc: Creating ashmem region of size 3686400
12-09 08:42:48.346 D/gralloc_ranchu( 1219): gralloc_alloc: Creating ashmem region of size 3686400
12-09 08:42:48.868 E/SurfaceFlinger( 1219): ro.sf.lcd_density must be defined as a build property
12-09 08:42:48.908 D/gralloc_ranchu( 1219): gralloc_alloc: Creating ashmem region of size 3686400
12-09 08:42:48.926 D/        (21470): HostConnection::get() New Host Connection established 0x7f079a512480, tid 21470
12-09 08:42:48.948 E/EGL_emulation( 1219): tid 1219: eglCreateSyncKHR(1881): error 0x3004 (EGL_BAD_ATTRIBUTE)
12-09 08:42:49.005 I/art     ( 1593): Starting a blocking GC Explicit
12-09 08:42:49.083 D/gralloc_ranchu( 1219): gralloc_alloc: Creating ashmem region of size 3686400
12-09 08:42:49.135 I/art     ( 1593): Explicit concurrent mark sweep GC freed 14535(1164KB) AllocSpace objects, 4(80KB) LOS objects, 29% free, 9MB/13MB, paused 1.327ms total 120.748ms
12-09 08:42:49.669 I/System.out(21442): URI: //
12-09 08:42:49.669 I/System.out(21442): params: {json={"command":"set_activity_orientation","arguments":["portrait"]}
12-09 08:42:49.669 I/System.out(21442): }
12-09 08:42:49.669 I/System.out(21442): header: {date=Sun, 09 Dec 2018 08:42:50 GMT, accept=*/*, content-length=63, host=127.0.0.1:34777, user-agent=HTTPClient/1.0 (2.8.3, ruby 2.3.1 (2016-04-26)), content-type=application/json;charset=utf-8}
12-09 08:42:49.669 I/System.out(21442): params: {json={"command":"set_activity_orientation","arguments":["portrait"]}
12-09 08:42:49.669 I/System.out(21442): }
12-09 08:42:49.669 I/System.out(21442): ProP json = {"command":"set_activity_orientation","arguments":["portrait"]}
12-09 08:42:49.669 I/System.out(21442): files: {}
12-09 08:42:49.670 I/System.out(21442): command: {"command":"set_activity_orientation","arguments":["portrait"]}
12-09 08:42:49.671 I/InstrumentationBackend(21442): Got command:'Command:'Line:null,set_activity_orientation', arguments:'[portrait]'
12-09 08:42:49.723 D/gralloc_ranchu( 1219): gralloc_alloc: Creating ashmem region of size 3686400
12-09 08:42:49.756 E/EGL_emulation( 1219): tid 1219: eglCreateSyncKHR(1881): error 0x3004 (EGL_BAD_ATTRIBUTE)
12-09 08:42:49.960 I/ActivityManager( 1593): Config changes=480 {1.0 310mcc260mnc en_US ldltr sw720dp w720dp h1256dp 160dpi xlrg long port finger -keyb/v/h tball/v s.59}
12-09 08:42:50.062 I/InputReader( 1593): Reconfiguring input devices.  changes=0x00000004
12-09 08:42:50.062 I/InputReader( 1593): Device reconfigured: id=0, name='qwerty2', size 720x1280, orientation 0, mode 1, display id 0
12-09 08:42:50.157 W/art     ( 1593): Long monitor contention event with owner method=void com.android.server.am.ActivityManagerService.setRequestedOrientation(android.os.IBinder, int) from ActivityManagerService.java:4192 waiters=0 for 347ms
12-09 08:42:50.258 I/calabash(21442): newActivity1
12-09 08:42:50.352 D/EGL_emulation(15401): eglMakeCurrent: 0x7f46773ddd40: ver 2 0 (tinfo 0x7f466b70b7c0)
12-09 08:42:50.368 E/Surface (15401): getSlotFromBufferLocked: unknown buffer: 0x7f4668a84da0
12-09 08:42:50.369 D/EGL_emulation(15401): eglMakeCurrent: 0x7f46773ddd40: ver 2 0 (tinfo 0x7f466b70b7c0)
12-09 08:42:50.384 I/calabash(21442): newActivity1
12-09 08:42:50.385 W/ActivityManager( 1593): Bad activity token: android.os.BinderProxy@e036698
12-09 08:42:50.385 W/ActivityManager( 1593): java.lang.ClassCastException: android.os.BinderProxy cannot be cast to com.android.server.am.ActivityRecord$Token
12-09 08:42:50.385 W/ActivityManager( 1593): 	at com.android.server.am.ActivityRecord.forTokenLocked(ActivityRecord.java:424)
12-09 08:42:50.385 W/ActivityManager( 1593): 	at com.android.server.am.ActivityRecord.isInStackLocked(ActivityRecord.java:1121)
12-09 08:42:50.385 W/ActivityManager( 1593): 	at com.android.server.am.ActivityRecord.getStackLocked(ActivityRecord.java:1126)
12-09 08:42:50.385 W/ActivityManager( 1593): 	at com.android.server.am.ActivityManagerService.getActivityDisplayId(ActivityManagerService.java:8889)
12-09 08:42:50.385 W/ActivityManager( 1593): 	at android.app.ActivityManagerNative.onTransact(ActivityManagerNative.java:2338)
12-09 08:42:50.385 W/ActivityManager( 1593): 	at com.android.server.am.ActivityManagerService.onTransact(ActivityManagerService.java:2443)
12-09 08:42:50.385 W/ActivityManager( 1593): 	at android.os.Binder.execTransact(Binder.java:453)
12-09 08:42:50.386 W/ActivityManager( 1593): Bad activity token: android.os.BinderProxy@e036698
12-09 08:42:50.386 W/ActivityManager( 1593): java.lang.ClassCastException: android.os.BinderProxy cannot be cast to com.android.server.am.ActivityRecord$Token
12-09 08:42:50.386 W/ActivityManager( 1593): 	at com.android.server.am.ActivityRecord.forTokenLocked(ActivityRecord.java:424)
12-09 08:42:50.386 W/ActivityManager( 1593): 	at com.android.server.am.ActivityRecord.isInStackLocked(ActivityRecord.java:1121)
12-09 08:42:50.386 W/ActivityManager( 1593): 	at com.android.server.am.ActivityManagerService.setTaskDescription(ActivityManagerService.java:8547)
12-09 08:42:50.386 W/ActivityManager( 1593): 	at android.app.ActivityManagerNative.onTransact(ActivityManagerNative.java:2410)
12-09 08:42:50.386 W/ActivityManager( 1593): 	at com.android.server.am.ActivityManagerService.onTransact(ActivityManagerService.java:2443)
12-09 08:42:50.386 W/ActivityManager( 1593): 	at android.os.Binder.execTransact(Binder.java:453)
12-09 08:42:50.405 I/System.out(21442): result:{"bonusInformation":[],"message":"","success":true}
12-09 08:42:50.411 I/WindowManager( 1593): Screen frozen for +739ms due to Window{8ed9fd6 u0 StatusBar}
12-09 08:42:50.436 W/ActivityManager( 1593): Bad activity token: android.os.BinderProxy@e036698
12-09 08:42:50.436 W/ActivityManager( 1593): java.lang.ClassCastException: android.os.BinderProxy cannot be cast to com.android.server.am.ActivityRecord$Token
12-09 08:42:50.436 W/ActivityManager( 1593): 	at com.android.server.am.ActivityRecord.forTokenLocked(ActivityRecord.java:424)
12-09 08:42:50.436 W/ActivityManager( 1593): 	at com.android.server.am.ActivityRecord.isInStackLocked(ActivityRecord.java:1121)
12-09 08:42:50.436 W/ActivityManager( 1593): 	at com.android.server.am.ActivityManagerService.getActivityOptions(ActivityManagerService.java:11038)
12-09 08:42:50.436 W/ActivityManager( 1593): 	at android.app.ActivityManagerNative.onTransact(ActivityManagerNative.java:1734)
12-09 08:42:50.436 W/ActivityManager( 1593): 	at com.android.server.am.ActivityManagerService.onTransact(ActivityManagerService.java:2443)
12-09 08:42:50.436 W/ActivityManager( 1593): 	at android.os.Binder.execTransact(Binder.java:453)
12-09 08:42:50.454 W/ActivityManager( 1593): Bad activity token: android.os.BinderProxy@e036698
12-09 08:42:50.454 W/ActivityManager( 1593): java.lang.ClassCastException: android.os.BinderProxy cannot be cast to com.android.server.am.ActivityRecord$Token
12-09 08:42:50.454 W/ActivityManager( 1593): 	at com.android.server.am.ActivityRecord.forTokenLocked(ActivityRecord.java:424)
12-09 08:42:50.454 W/ActivityManager( 1593): 	at com.android.server.am.ActivityRecord.isInStackLocked(ActivityRecord.java:1121)
12-09 08:42:50.454 W/ActivityManager( 1593): 	at com.android.server.am.ActivityManagerService.getActivityOptions(ActivityManagerService.java:11038)
12-09 08:42:50.454 W/ActivityManager( 1593): 	at android.app.ActivityManagerNative.onTransact(ActivityManagerNative.java:1734)
12-09 08:42:50.454 W/ActivityManager( 1593): 	at com.android.server.am.ActivityManagerService.onTransact(ActivityManagerService.java:2443)
12-09 08:42:50.454 W/ActivityManager( 1593): 	at android.os.Binder.execTransact(Binder.java:453)
12-09 08:42:50.779 W/art     ( 1593): Long monitor contention event with owner method=void com.android.server.wm.WindowManagerService$H.handleMessage(android.os.Message) from WindowManagerService.java:7820 waiters=0 for 324ms
12-09 08:42:50.837 I/Choreographer(21442): Skipped 41 frames!  The application may be doing too much work on its main thread.
12-09 08:42:50.991 W/art     ( 1593): Long monitor contention event with owner method=void com.android.server.TextServicesManagerService.getSpellCheckerService(java.lang.String, java.lang.String, com.android.internal.textservice.ITextServicesSessionListener, com.android.internal.textservice.ISpellCheckerSessionListener, android.os.Bundle) from TextServicesManagerService.java:511 waiters=0 for 135ms
12-09 08:42:51.173 W/art     ( 1593): Long monitor contention event with owner method=void com.android.server.wm.WindowAnimator$1.doFrame(long) from WindowAnimator.java:121 waiters=0 for 180ms
12-09 08:42:51.601 I/Choreographer(21442): Skipped 45 frames!  The application may be doing too much work on its main thread.
12-09 08:42:51.601 D/gralloc_ranchu( 1219): gralloc_alloc: Creating ashmem region of size 3686400
12-09 08:42:51.824 D/gralloc_ranchu( 1219): gralloc_alloc: Creating ashmem region of size 3686400
12-09 08:42:52.205 D/gralloc_ranchu( 1219): gralloc_alloc: Creating ashmem region of size 3686400
12-09 08:42:52.722 I/art     ( 1593): Starting a blocking GC Explicit
12-09 08:42:52.781 I/art     ( 1593): Explicit concurrent mark sweep GC freed 5724(426KB) AllocSpace objects, 0(0B) LOS objects, 30% free, 9MB/13MB, paused 4.227ms total 51.006ms
12-09 08:42:52.932 E/SurfaceFlinger( 1219): ro.sf.lcd_density must be defined as a build property
12-09 08:42:52.975 D/gralloc_ranchu( 1219): gralloc_alloc: Creating ashmem region of size 3686400
12-09 08:42:52.989 D/        (21476): HostConnection::get() New Host Connection established 0x7f13528d2480, tid 21476
12-09 08:42:53.016 E/EGL_emulation( 1219): tid 1219: eglCreateSyncKHR(1881): error 0x3004 (EGL_BAD_ATTRIBUTE)
