--------- beginning of main
12-09 08:48:08.093 D/AndroidRuntime(22573): >>>>>> START com.android.internal.os.RuntimeInit uid 0 <<<<<<
12-09 08:48:08.094 D/AndroidRuntime(22573): CheckJNI is ON
12-09 08:48:08.113 D/ICU     (22573): No timezone override file found: /data/misc/zoneinfo/current/icu/icu_tzdata.dat
12-09 08:48:08.594 E/memtrack(22573): Couldn't load memtrack module (No such file or directory)
12-09 08:48:08.599 E/android.os.Debug(22573): failed to load memtrack module: -2
12-09 08:48:08.600 I/Radio-JNI(22573): register_android_hardware_Radio DONE
12-09 08:48:08.614 D/AndroidRuntime(22573): Calling main entry com.android.commands.am.Am
--------- beginning of system
12-09 08:48:08.624 I/ActivityManager( 1591): Force stopping com.evancharlton.mileage appid=10145 user=0: start instr
12-09 08:48:08.631 I/ActivityManager( 1591): Killing 22555:com.evancharlton.mileage/u0a145 (adj 0): stop com.evancharlton.mileage
12-09 08:48:08.744 W/ActivityManager( 1591): Crash of app com.evancharlton.mileage running instrumentation ComponentInfo{com.evancharlton.mileage.test/sh.calaba.instrumentationbackend.ClearAppData2}
12-09 08:48:08.751 I/ActivityManager( 1591): Force stopping com.evancharlton.mileage appid=10145 user=0: finished inst
12-09 08:48:08.868 I/ActivityManager( 1591): Start proc 22582:com.evancharlton.mileage/u0a145 for added application com.evancharlton.mileage
12-09 08:48:08.869 D/AndroidRuntime(22573): Shutting down VM
12-09 08:48:08.875 W/ActivityManager( 1591): Spurious death for ProcessRecord{eddc6fd 0:com.evancharlton.mileage/u0a145}, curProc for 22555: null
12-09 08:48:08.875 W/art     ( 1591): Long monitor contention event with owner method=boolean com.android.server.am.ActivityManagerService.startInstrumentation(android.content.ComponentName, java.lang.String, int, android.os.Bundle, android.app.IInstrumentationWatcher, android.app.IUiAutomationConnection, int, java.lang.String) from ActivityManagerService.java:17066 waiters=2 for 124ms
12-09 08:48:08.939 I/art     (22582): Background sticky concurrent mark sweep GC freed 13438(471KB) AllocSpace objects, 0(0B) LOS objects, 72% free, 354KB/1295KB, paused 12.385ms total 31.564ms
12-09 08:48:08.990 W/System  (22582): ClassLoader referenced unknown path: /data/app/com.evancharlton.mileage.test-1/lib/x86_64
12-09 08:48:08.990 W/System  (22582): ClassLoader referenced unknown path: /data/app/com.evancharlton.mileage-1/lib/x86_64
12-09 08:48:09.006 I/System.out(22582): Main activity name automatically set to: com.evancharlton.mileage.Mileage
12-09 08:48:09.007 I/System.out(22582): Calabash did not load Mono. This is only a problem if you are trying to test a Mono application
12-09 08:48:09.008 I/calabash(22582): Test server port: 7102
12-09 08:48:09.028 I/InstrumentationBackend(22582): Added:'GetPreferences', with key:'get_preferences'
12-09 08:48:09.157 I/InstrumentationBackend(22582): Added:'SetPreferences', with key:'set_preferences'
12-09 08:48:09.157 I/InstrumentationBackend(22582): Added:'ClearPreferences', with key:'clear_preferences'
12-09 08:48:09.158 I/InstrumentationBackend(22582): Added:'PressElement', with key:'press_l10n_element'
12-09 08:48:09.158 I/InstrumentationBackend(22582): Added:'WaitForElement', with key:'wait_for_l10n_element'
12-09 08:48:09.158 I/InstrumentationBackend(22582): Added:'NullAction', with key:'nullAction'
12-09 08:48:09.158 I/InstrumentationBackend(22582): Added:'PressKey', with key:'press_key'
12-09 08:48:09.159 I/InstrumentationBackend(22582): Added:'SetActivityOrientation', with key:'set_activity_orientation'
12-09 08:48:09.163 I/InstrumentationBackend(22582): Added:'GetActivityOrientation', with key:'get_activity_orientation'
12-09 08:48:09.163 I/InstrumentationBackend(22582): Added:'FakeGPSLocation', with key:'set_gps_coordinates'
12-09 08:48:09.164 I/InstrumentationBackend(22582): Added:'SetPropertyByCssSelector', with key:'set_property_by_css_selector'
12-09 08:48:09.164 I/InstrumentationBackend(22582): Added:'GetUrl', with key:'get_url'
12-09 08:48:09.260 I/InstrumentationBackend(22582): Added:'ScrollTo', with key:'scroll_to'
12-09 08:48:09.260 I/InstrumentationBackend(22582): Added:'GetLoadProgress', with key:'get_load_progress'
12-09 08:48:09.260 I/InstrumentationBackend(22582): Added:'DumpHtml', with key:'dump_html'
12-09 08:48:09.260 I/InstrumentationBackend(22582): Added:'DumpBodyHtml', with key:'dump_body_html'
12-09 08:48:09.261 I/InstrumentationBackend(22582): Added:'EnterTextByCssSelector', with key:'enter_text_by_selector'
12-09 08:48:09.262 I/InstrumentationBackend(22582): Added:'AndroidSDKVersion', with key:'android_sdk_version'
12-09 08:48:09.262 I/InstrumentationBackend(22582): Added:'Version', with key:'version'
12-09 08:48:09.262 I/InstrumentationBackend(22582): Added:'Drag', with key:'drag'
12-09 08:48:09.262 I/InstrumentationBackend(22582): Added:'TouchCoordinates', with key:'touch_coordinate'
12-09 08:48:09.262 I/InstrumentationBackend(22582): Added:'LongPressCoordinate', with key:'long_press_coordinate'
12-09 08:48:09.263 I/InstrumentationBackend(22582): Added:'DragCoordinates', with key:'drag_coordinates'
12-09 08:48:09.264 I/InstrumentationBackend(22582): Added:'ResumeApplication', with key:'resume_application'
12-09 08:48:09.264 I/InstrumentationBackend(22582): Added:'Swipe', with key:'swipe'
12-09 08:48:09.264 I/InstrumentationBackend(22582): Added:'DoubleTapCoordinate', with key:'double_tap_coordinate'
12-09 08:48:09.264 I/InstrumentationBackend(22582): Added:'ClickOnScreen', with key:'click_on_screen'
12-09 08:48:09.265 I/InstrumentationBackend(22582): Added:'GetActivityName', with key:'get_activity_name'
12-09 08:48:09.267 I/InstrumentationBackend(22582): Added:'ScrollToView', with key:'scroll_to_view'
12-09 08:48:09.271 I/InstrumentationBackend(22582): Added:'ViewConfiguration', with key:'view_configuration'
12-09 08:48:09.271 I/InstrumentationBackend(22582): Added:'IsCurrentActivityFocused', with key:'is_current_activity_focused'
12-09 08:48:09.271 I/InstrumentationBackend(22582): Added:'SendTcp', with key:'send_tcp'
12-09 08:48:09.272 I/InstrumentationBackend(22582): Added:'DpToDevicePixel', with key:'dp_to_device_pixel'
12-09 08:48:09.272 I/InstrumentationBackend(22582): Added:'KeyboardEnterText', with key:'keyboard_enter_text'
12-09 08:48:09.272 I/InstrumentationBackend(22582): Added:'DeleteSurroundingText', with key:'delete_surrounding_text'
12-09 08:48:09.272 I/InstrumentationBackend(22582): Added:'SetComposingRegion', with key:'set_composing_region'
12-09 08:48:09.272 I/InstrumentationBackend(22582): Added:'SetSelection', with key:'set_selection'
12-09 08:48:09.273 I/InstrumentationBackend(22582): Added:'KeyboardKeyEvent', with key:'keyboard_key_event'
12-09 08:48:09.273 I/InstrumentationBackend(22582): Added:'PressUserActionButton', with key:'press_user_action_button'
12-09 08:48:09.273 I/InstrumentationBackend(22582): Added:'HideSoftKeyboard', with key:'hide_soft_keyboard'
12-09 08:48:09.274 I/InstrumentationBackend(22582): Added:'ListActions', with key:'list_actions'
12-09 08:48:09.274 I/calabash(22582): Instantiating http server at 7102
12-09 08:48:09.292 I/System.out(22582): HTTP Daemon listening on: 7102
12-09 08:48:09.468 I/art     (22582): Background partial concurrent mark sweep GC freed 3776(371KB) AllocSpace objects, 0(0B) LOS objects, 49% free, 1026KB/2MB, paused 1.168ms total 403.975ms
12-09 08:48:09.504 I/System.out(22582): URI: //ping
12-09 08:48:09.504 I/System.out(22582): params: {json={}
12-09 08:48:09.505 I/System.out(22582): }
12-09 08:48:09.754 I/System.out(22582): URI: //ping
12-09 08:48:09.754 I/System.out(22582): params: {json={}
12-09 08:48:09.754 I/System.out(22582): }
12-09 08:48:09.807 I/System.out(22582): URI: //ready
12-09 08:48:09.808 I/System.out(22582): params: {json={}
12-09 08:48:09.808 I/System.out(22582): }
12-09 08:48:09.852 I/System.out(22582): URI: //
12-09 08:48:09.852 I/System.out(22582): params: {json={"command":"version","arguments":[]}
12-09 08:48:09.852 I/System.out(22582): }
12-09 08:48:09.852 I/System.out(22582): header: {date=Sun, 09 Dec 2018 08:48:10 GMT, accept=*/*, content-length=36, host=127.0.0.1:34777, user-agent=HTTPClient/1.0 (2.8.3, ruby 2.3.1 (2016-04-26)), content-type=application/json;charset=utf-8}
12-09 08:48:09.852 I/System.out(22582): params: {json={"command":"version","arguments":[]}
12-09 08:48:09.852 I/System.out(22582): }
12-09 08:48:09.852 I/System.out(22582): ProP json = {"command":"version","arguments":[]}
12-09 08:48:09.852 I/System.out(22582): files: {}
12-09 08:48:09.852 I/System.out(22582): command: {"command":"version","arguments":[]}
12-09 08:48:09.868 I/InstrumentationBackend(22582): Got command:'Command:'Line:null,version', arguments:'[]'
12-09 08:48:09.898 I/System.out(22582): result:{"bonusInformation":[],"message":"0.9.8","success":true}
12-09 08:48:10.028 I/System.out(22582): URI: //start-application
12-09 08:48:10.028 I/System.out(22582): params: {json={"intent":null}
12-09 08:48:10.028 I/System.out(22582): }
12-09 08:48:10.099 W/art     (22582): Suspending all threads took: 34.757ms
12-09 08:48:10.121 I/ActivityManager( 1591): START u0 {act=android.intent.action.MAIN cat=[android.intent.category.LAUNCHER] flg=0x10200000 cmp=com.evancharlton.mileage/.Mileage} from uid 10145 on display 0
12-09 08:48:10.153 I/art     (22582): Background sticky concurrent mark sweep GC freed 16996(818KB) AllocSpace objects, 2(40KB) LOS objects, 30% free, 1425KB/2MB, paused 36.280ms total 102.500ms
12-09 08:48:10.166 I/calabash(22582): newActivity1
12-09 08:48:10.210 I/calabash(22582): newActivity1
12-09 08:48:10.217 W/ActivityManager( 1591): Bad activity token: android.os.BinderProxy@b46dabb
12-09 08:48:10.217 W/ActivityManager( 1591): java.lang.ClassCastException: android.os.BinderProxy cannot be cast to com.android.server.am.ActivityRecord$Token
12-09 08:48:10.217 W/ActivityManager( 1591): 	at com.android.server.am.ActivityRecord.forTokenLocked(ActivityRecord.java:424)
12-09 08:48:10.217 W/ActivityManager( 1591): 	at com.android.server.am.ActivityRecord.isInStackLocked(ActivityRecord.java:1121)
12-09 08:48:10.217 W/ActivityManager( 1591): 	at com.android.server.am.ActivityRecord.getStackLocked(ActivityRecord.java:1126)
12-09 08:48:10.217 W/ActivityManager( 1591): 	at com.android.server.am.ActivityManagerService.getActivityDisplayId(ActivityManagerService.java:8889)
12-09 08:48:10.217 W/ActivityManager( 1591): 	at android.app.ActivityManagerNative.onTransact(ActivityManagerNative.java:2338)
12-09 08:48:10.217 W/ActivityManager( 1591): 	at com.android.server.am.ActivityManagerService.onTransact(ActivityManagerService.java:2443)
12-09 08:48:10.217 W/ActivityManager( 1591): 	at android.os.Binder.execTransact(Binder.java:453)
12-09 08:48:10.218 W/ActivityManager( 1591): Bad activity token: android.os.BinderProxy@b46dabb
12-09 08:48:10.218 W/ActivityManager( 1591): java.lang.ClassCastException: android.os.BinderProxy cannot be cast to com.android.server.am.ActivityRecord$Token
12-09 08:48:10.218 W/ActivityManager( 1591): 	at com.android.server.am.ActivityRecord.forTokenLocked(ActivityRecord.java:424)
12-09 08:48:10.218 W/ActivityManager( 1591): 	at com.android.server.am.ActivityRecord.isInStackLocked(ActivityRecord.java:1121)
12-09 08:48:10.218 W/ActivityManager( 1591): 	at com.android.server.am.ActivityManagerService.setTaskDescription(ActivityManagerService.java:8547)
12-09 08:48:10.218 W/ActivityManager( 1591): 	at android.app.ActivityManagerNative.onTransact(ActivityManagerNative.java:2410)
12-09 08:48:10.218 W/ActivityManager( 1591): 	at com.android.server.am.ActivityManagerService.onTransact(ActivityManagerService.java:2443)
12-09 08:48:10.218 W/ActivityManager( 1591): 	at android.os.Binder.execTransact(Binder.java:453)
12-09 08:48:10.308 D/gralloc_ranchu( 1218): gralloc_alloc: Creating ashmem region of size 3686400
12-09 08:48:10.327 D/FillupsProvider(22582): Creating database
12-09 08:48:10.390 I/art     (22582): Background sticky concurrent mark sweep GC freed 5691(214KB) AllocSpace objects, 0(0B) LOS objects, 15% free, 1730KB/2MB, paused 5.839ms total 44.274ms
12-09 08:48:10.518 W/ActivityManager( 1591): Bad activity token: android.os.BinderProxy@b46dabb
12-09 08:48:10.518 W/ActivityManager( 1591): java.lang.ClassCastException: android.os.BinderProxy cannot be cast to com.android.server.am.ActivityRecord$Token
12-09 08:48:10.518 W/ActivityManager( 1591): 	at com.android.server.am.ActivityRecord.forTokenLocked(ActivityRecord.java:424)
12-09 08:48:10.518 W/ActivityManager( 1591): 	at com.android.server.am.ActivityRecord.isInStackLocked(ActivityRecord.java:1121)
12-09 08:48:10.518 W/ActivityManager( 1591): 	at com.android.server.am.ActivityManagerService.getActivityOptions(ActivityManagerService.java:11038)
12-09 08:48:10.518 W/ActivityManager( 1591): 	at android.app.ActivityManagerNative.onTransact(ActivityManagerNative.java:1734)
12-09 08:48:10.518 W/ActivityManager( 1591): 	at com.android.server.am.ActivityManagerService.onTransact(ActivityManagerService.java:2443)
12-09 08:48:10.518 W/ActivityManager( 1591): 	at android.os.Binder.execTransact(Binder.java:453)
12-09 08:48:10.518 W/ActivityManager( 1591): Bad activity token: android.os.BinderProxy@b46dabb
12-09 08:48:10.518 W/ActivityManager( 1591): java.lang.ClassCastException: android.os.BinderProxy cannot be cast to com.android.server.am.ActivityRecord$Token
12-09 08:48:10.518 W/ActivityManager( 1591): 	at com.android.server.am.ActivityRecord.forTokenLocked(ActivityRecord.java:424)
12-09 08:48:10.518 W/ActivityManager( 1591): 	at com.android.server.am.ActivityRecord.isInStackLocked(ActivityRecord.java:1121)
12-09 08:48:10.518 W/ActivityManager( 1591): 	at com.android.server.am.ActivityManagerService.getActivityOptions(ActivityManagerService.java:11038)
12-09 08:48:10.518 W/ActivityManager( 1591): 	at android.app.ActivityManagerNative.onTransact(ActivityManagerNative.java:1734)
12-09 08:48:10.518 W/ActivityManager( 1591): 	at com.android.server.am.ActivityManagerService.onTransact(ActivityManagerService.java:2443)
12-09 08:48:10.518 W/ActivityManager( 1591): 	at android.os.Binder.execTransact(Binder.java:453)
12-09 08:48:10.520 V/PhoneStatusBar( 1708): setLightsOn(true)
12-09 08:48:10.539 W/art     (22582): Suspending all threads took: 18.111ms
12-09 08:48:10.542 I/art     (22582): Background sticky concurrent mark sweep GC freed 238(84KB) AllocSpace objects, 0(0B) LOS objects, 2% free, 1993KB/2MB, paused 19.442ms total 50.484ms
12-09 08:48:10.620 D/EGL_emulation( 1934): eglMakeCurrent: 0x7fe2a92f4640: ver 2 0 (tinfo 0x7fe2a92c2c80)
12-09 08:48:10.628 E/Surface ( 1934): getSlotFromBufferLocked: unknown buffer: 0x7fe2a5890980
12-09 08:48:10.682 I/art     (22582): Background sticky concurrent mark sweep GC freed 224(22KB) AllocSpace objects, 0(0B) LOS objects, 0% free, 2MB/2MB, paused 1.906ms total 130.643ms
12-09 08:48:10.833 I/art     (22582): Background partial concurrent mark sweep GC freed 2658(235KB) AllocSpace objects, 2(40KB) LOS objects, 40% free, 1858KB/3MB, paused 1.124ms total 145.241ms
12-09 08:48:11.371 D/gralloc_ranchu( 1218): gralloc_alloc: Creating ashmem region of size 3686400
12-09 08:48:11.420 D/        (22582): HostConnection::get() New Host Connection established 0x7fe2a58fcf80, tid 22582
12-09 08:48:11.730 I/ActivityManager( 1591): Displayed com.evancharlton.mileage/.Mileage: +1s567ms
12-09 08:48:11.754 D/gralloc_ranchu( 1218): gralloc_alloc: Creating ashmem region of size 3686400
12-09 08:48:12.208 W/art     ( 1591): Long monitor contention event with owner method=void com.android.server.wm.WindowAnimator$1.doFrame(long) from WindowAnimator.java:121 waiters=0 for 133ms
12-09 08:48:12.648 D/gralloc_ranchu( 1218): gralloc_alloc: Creating ashmem region of size 3686400
12-09 08:48:12.943 I/System.out(22582): URI: //gesture
12-09 08:48:12.944 I/System.out(22582): params: {json={"query_timeout":5.0,"gestures":[{"query_string":"android.widget.TabWidget descendant TextView index:3","touches":[{"x":50,"y":50,"offset_x":0,"offset_y":0,"wait":0.0,"time":0.2,"release":true,"query_string":null}]}]}
12-09 08:48:12.944 I/System.out(22582): }
12-09 08:48:13.095 I/art     (22582): Background sticky concurrent mark sweep GC freed 25523(1164KB) AllocSpace objects, 2(40KB) LOS objects, 26% free, 2MB/3MB, paused 2.881ms total 120.567ms
12-09 08:48:13.471 I/calabash(22582): newActivity1
12-09 08:48:13.494 W/ActivityManager( 1591): Bad activity token: android.os.BinderProxy@680b28f
12-09 08:48:13.494 W/ActivityManager( 1591): java.lang.ClassCastException: android.os.BinderProxy cannot be cast to com.android.server.am.ActivityRecord$Token
12-09 08:48:13.494 W/ActivityManager( 1591): 	at com.android.server.am.ActivityRecord.forTokenLocked(ActivityRecord.java:424)
12-09 08:48:13.494 W/ActivityManager( 1591): 	at com.android.server.am.ActivityRecord.isInStackLocked(ActivityRecord.java:1121)
12-09 08:48:13.494 W/ActivityManager( 1591): 	at com.android.server.am.ActivityRecord.getStackLocked(ActivityRecord.java:1126)
12-09 08:48:13.494 W/ActivityManager( 1591): 	at com.android.server.am.ActivityManagerService.getActivityDisplayId(ActivityManagerService.java:8889)
12-09 08:48:13.494 W/ActivityManager( 1591): 	at android.app.ActivityManagerNative.onTransact(ActivityManagerNative.java:2338)
12-09 08:48:13.494 W/ActivityManager( 1591): 	at com.android.server.am.ActivityManagerService.onTransact(ActivityManagerService.java:2443)
12-09 08:48:13.494 W/ActivityManager( 1591): 	at android.os.Binder.execTransact(Binder.java:453)
12-09 08:48:13.497 W/ActivityManager( 1591): Bad activity token: android.os.BinderProxy@680b28f
12-09 08:48:13.497 W/ActivityManager( 1591): java.lang.ClassCastException: android.os.BinderProxy cannot be cast to com.android.server.am.ActivityRecord$Token
12-09 08:48:13.497 W/ActivityManager( 1591): 	at com.android.server.am.ActivityRecord.forTokenLocked(ActivityRecord.java:424)
12-09 08:48:13.497 W/ActivityManager( 1591): 	at com.android.server.am.ActivityRecord.isInStackLocked(ActivityRecord.java:1121)
12-09 08:48:13.497 W/ActivityManager( 1591): 	at com.android.server.am.ActivityManagerService.setTaskDescription(ActivityManagerService.java:8547)
12-09 08:48:13.497 W/ActivityManager( 1591): 	at android.app.ActivityManagerNative.onTransact(ActivityManagerNative.java:2410)
12-09 08:48:13.497 W/ActivityManager( 1591): 	at com.android.server.am.ActivityManagerService.onTransact(ActivityManagerService.java:2443)
12-09 08:48:13.497 W/ActivityManager( 1591): 	at android.os.Binder.execTransact(Binder.java:453)
12-09 08:48:13.500 W/ActivityManager( 1591): Bad activity token: android.os.BinderProxy@680b28f
12-09 08:48:13.500 W/ActivityManager( 1591): java.lang.ClassCastException: android.os.BinderProxy cannot be cast to com.android.server.am.ActivityRecord$Token
12-09 08:48:13.500 W/ActivityManager( 1591): 	at com.android.server.am.ActivityRecord.forTokenLocked(ActivityRecord.java:424)
12-09 08:48:13.500 W/ActivityManager( 1591): 	at com.android.server.am.ActivityRecord.isInStackLocked(ActivityRecord.java:1121)
12-09 08:48:13.500 W/ActivityManager( 1591): 	at com.android.server.am.ActivityManagerService.getActivityOptions(ActivityManagerService.java:11038)
12-09 08:48:13.500 W/ActivityManager( 1591): 	at android.app.ActivityManagerNative.onTransact(ActivityManagerNative.java:1734)
12-09 08:48:13.500 W/ActivityManager( 1591): 	at com.android.server.am.ActivityManagerService.onTransact(ActivityManagerService.java:2443)
12-09 08:48:13.500 W/ActivityManager( 1591): 	at android.os.Binder.execTransact(Binder.java:453)
12-09 08:48:13.500 W/ActivityManager( 1591): Bad activity token: android.os.BinderProxy@680b28f
12-09 08:48:13.500 W/ActivityManager( 1591): java.lang.ClassCastException: android.os.BinderProxy cannot be cast to com.android.server.am.ActivityRecord$Token
12-09 08:48:13.500 W/ActivityManager( 1591): 	at com.android.server.am.ActivityRecord.forTokenLocked(ActivityRecord.java:424)
12-09 08:48:13.500 W/ActivityManager( 1591): 	at com.android.server.am.ActivityRecord.isInStackLocked(ActivityRecord.java:1121)
12-09 08:48:13.500 W/ActivityManager( 1591): 	at com.android.server.am.ActivityManagerService.getActivityOptions(ActivityManagerService.java:11038)
12-09 08:48:13.500 W/ActivityManager( 1591): 	at android.app.ActivityManagerNative.onTransact(ActivityManagerNative.java:1734)
12-09 08:48:13.500 W/ActivityManager( 1591): 	at com.android.server.am.ActivityManagerService.onTransact(ActivityManagerService.java:2443)
12-09 08:48:13.500 W/ActivityManager( 1591): 	at android.os.Binder.execTransact(Binder.java:453)
12-09 08:48:13.526 W/audio_hw_generic( 1307): Hardware backing HAL too slow, could only write 0 of 661 frames
12-09 08:48:13.552 W/audio_hw_generic( 1307): Hardware backing HAL too slow, could only write 0 of 661 frames
12-09 08:48:13.589 I/art     (22582): Background sticky concurrent mark sweep GC freed 31834(1432KB) AllocSpace objects, 0(0B) LOS objects, 16% free, 2MB/3MB, paused 6.408ms total 110.313ms
12-09 08:48:13.655 I/System.out(22582): URI: //map
12-09 08:48:13.655 I/System.out(22582): params: {json={"query":"android.widget.ListView index:0 android.widget.TextView index:0","operation":{"method_name":"query","arguments":[]}}
12-09 08:48:13.655 I/System.out(22582): }
12-09 08:48:13.830 W/audio_hw_generic( 1307): Hardware backing HAL too slow, could only write 0 of 661 frames
12-09 08:48:13.900 I/art     (22582): Background sticky concurrent mark sweep GC freed 12044(428KB) AllocSpace objects, 0(0B) LOS objects, 3% free, 2MB/3MB, paused 33.460ms total 68.714ms
12-09 08:48:13.982 I/System.out(22582): URI: //gesture
12-09 08:48:13.982 I/System.out(22582): params: {json={"query_timeout":5.0,"gestures":[{"query_string":"android.widget.ListView index:0 android.widget.TextView index:0","touches":[{"x":50,"y":50,"offset_x":0,"offset_y":0,"wait":0.0,"time":0.2,"release":true,"query_string":null}]}]}
12-09 08:48:13.983 I/System.out(22582): }
12-09 08:48:14.475 W/audio_hw_generic( 1307): Not supplying enough data to HAL, expected position 56930176 , only wrote 56929947
12-09 08:48:14.699 W/audio_hw_generic( 1307): Not supplying enough data to HAL, expected position 56939793 , only wrote 56939201
12-09 08:48:14.699 W/audio_hw_generic( 1307): Hardware backing HAL too slow, could only write 0 of 661 frames
12-09 08:48:14.715 W/audio_hw_generic( 1307): Hardware backing HAL too slow, could only write 0 of 661 frames
12-09 08:48:14.731 W/audio_hw_generic( 1307): Hardware backing HAL too slow, could only write 0 of 661 frames
12-09 08:48:14.745 W/audio_hw_generic( 1307): Hardware backing HAL too slow, could only write 0 of 661 frames
12-09 08:48:14.772 W/audio_hw_generic( 1307): Hardware backing HAL too slow, could only write 0 of 661 frames
12-09 08:48:14.804 I/art     (22582): Background sticky concurrent mark sweep GC freed 25012(1122KB) AllocSpace objects, 0(0B) LOS objects, 3% free, 2MB/3MB, paused 1.430ms total 119.873ms
12-09 08:48:14.808 I/ActivityManager( 1591): START u0 {cmp=com.evancharlton.mileage/.VehicleActivity (has extras)} from uid 10145 on display 0
12-09 08:48:14.835 W/audio_hw_generic( 1307): Not supplying enough data to HAL, expected position 56945197 , only wrote 56945150
12-09 08:48:14.849 I/art     (22582): Background sticky concurrent mark sweep GC freed 4256(304KB) AllocSpace objects, 1(20KB) LOS objects, 14% free, 2MB/3MB, paused 13.684ms total 20.257ms
12-09 08:48:14.851 W/audio_hw_generic( 1307): Not supplying enough data to HAL, expected position 56945883 , only wrote 56945811
12-09 08:48:14.888 W/audio_hw_generic( 1307): Not supplying enough data to HAL, expected position 56947412 , only wrote 56947133
12-09 08:48:14.932 W/audio_hw_generic( 1307): Hardware backing HAL too slow, could only write 0 of 661 frames
12-09 08:48:14.957 D/AudioFlinger( 1307): mixer(0xf43c0000) throttle end: throttle time(17)
12-09 08:48:15.069 W/audio_hw_generic( 1307): Not supplying enough data to HAL, expected position 56955144 , only wrote 56953082
12-09 08:48:15.069 W/audio_hw_generic( 1307): Not supplying enough data to HAL, expected position 56953090 , only wrote 56953082
12-09 08:48:15.086 W/audio_hw_generic( 1307): Not supplying enough data to HAL, expected position 56953815 , only wrote 56953743
12-09 08:48:15.202 W/audio_hw_generic( 1307): Not supplying enough data to HAL, expected position 56958865 , only wrote 56958370
12-09 08:48:15.202 W/audio_hw_generic( 1307): Not supplying enough data to HAL, expected position 56958378 , only wrote 56958370
12-09 08:48:15.219 W/audio_hw_generic( 1307): Not supplying enough data to HAL, expected position 56959095 , only wrote 56959031
12-09 08:48:15.219 W/audio_hw_generic( 1307): Hardware backing HAL too slow, could only write 0 of 661 frames
12-09 08:48:15.256 W/audio_hw_generic( 1307): Not supplying enough data to HAL, expected position 56960647 , only wrote 56960353
12-09 08:48:15.321 I/calabash(22582): newActivity1
12-09 08:48:15.546 E/SurfaceFlinger( 1218): ro.sf.lcd_density must be defined as a build property
12-09 08:48:15.609 D/gralloc_ranchu( 1218): gralloc_alloc: Creating ashmem region of size 3686400
12-09 08:48:15.632 I/LatinIME:LogUtils( 1878): Dictionary info: dictionary = spellcheck_contacts.en_US ; version = 1544345295 ; date = ?
12-09 08:48:15.638 I/AccountManagerService( 1591): getTypesVisibleToCaller: isPermitted? true
12-09 08:48:15.677 W/audio_hw_generic( 1307): Not supplying enough data to HAL, expected position 56978946 , only wrote 56978861
12-09 08:48:15.677 W/audio_hw_generic( 1307): Not supplying enough data to HAL, expected position 56978868 , only wrote 56978861
12-09 08:48:15.696 W/audio_hw_generic( 1307): Not supplying enough data to HAL, expected position 56979686 , only wrote 56979522
12-09 08:48:15.699 D/        (22611): HostConnection::get() New Host Connection established 0x7f60dcc12480, tid 22611
12-09 08:48:15.733 I/LatinIME:LogUtils( 1878): Dictionary info: dictionary = spellcheck_userunigram.en_US ; version = 1544345295 ; date = ?
12-09 08:48:15.744 E/EGL_emulation( 1218): tid 1218: eglCreateSyncKHR(1881): error 0x3004 (EGL_BAD_ATTRIBUTE)
12-09 08:48:15.810 V/PhoneStatusBar( 1708): setLightsOn(true)
12-09 08:48:15.819 I/LatinIME:LogUtils( 1878): Dictionary info: dictionary = main:en ; version = 54 ; date = 1414726273
12-09 08:48:15.976 D/gralloc_ranchu( 1218): gralloc_alloc: Creating ashmem region of size 3686400
12-09 08:48:16.055 I/art     ( 1878): Background sticky concurrent mark sweep GC freed 2600(240KB) AllocSpace objects, 1(36KB) LOS objects, 20% free, 2MB/2MB, paused 1.154ms total 109.621ms
12-09 08:48:16.168 W/audio_hw_generic( 1307): Not supplying enough data to HAL, expected position 57000313 , only wrote 56999352
12-09 08:48:16.168 W/audio_hw_generic( 1307): Not supplying enough data to HAL, expected position 56999359 , only wrote 56999352
12-09 08:48:16.184 W/audio_hw_generic( 1307): Not supplying enough data to HAL, expected position 57000075 , only wrote 57000013
12-09 08:48:16.284 W/audio_hw_generic( 1307): Not supplying enough data to HAL, expected position 57004399 , only wrote 57003979
12-09 08:48:16.361 W/audio_hw_generic( 1307): Not supplying enough data to HAL, expected position 57007379 , only wrote 57006623
12-09 08:48:16.361 W/audio_hw_generic( 1307): Not supplying enough data to HAL, expected position 57006630 , only wrote 57006623
12-09 08:48:16.388 W/audio_hw_generic( 1307): Not supplying enough data to HAL, expected position 57007812 , only wrote 57007284
12-09 08:48:16.662 W/RichInputMethodSubtype( 1878): Can't find emoji subtype
12-09 08:48:16.662 W/RichInputMethodSubtype( 1878): No input method subtype found; returning dummy subtype: Multi-lingual subtype: android.view.inputmethod.InputMethodSubtype@d78b2ed0, zz
