12-09 07:48:28.288 W/ActivityManager( 1592): java.lang.ClassCastException: android.os.BinderProxy cannot be cast to com.android.server.am.ActivityRecord$Token
12-09 07:48:28.288 W/ActivityManager( 1592): 	at com.android.server.am.ActivityRecord.forTokenLocked(ActivityRecord.java:424)
12-09 07:48:28.288 W/ActivityManager( 1592): 	at com.android.server.am.ActivityRecord.isInStackLocked(ActivityRecord.java:1121)
12-09 07:48:28.288 W/ActivityManager( 1592): 	at com.android.server.am.ActivityManagerService.setTaskDescription(ActivityManagerService.java:8547)
12-09 07:48:28.288 W/ActivityManager( 1592): 	at android.app.ActivityManagerNative.onTransact(ActivityManagerNative.java:2410)
12-09 07:48:28.288 W/ActivityManager( 1592): 	at com.android.server.am.ActivityManagerService.onTransact(ActivityManagerService.java:2443)
12-09 07:48:28.288 W/ActivityManager( 1592): 	at android.os.Binder.execTransact(Binder.java:453)
12-09 07:48:28.310 D/AudioFlinger( 1308): mixer(0xf4300000) throttle end: throttle time(3)
12-09 07:48:28.419 I/art     ( 6722): Background sticky concurrent mark sweep GC freed 46121(2MB) AllocSpace objects, 1(20KB) LOS objects, 33% free, 2MB/3MB, paused 55.873ms total 150.845ms
12-09 07:48:28.426 D/VehicleStatisticsActivity( 6722): Checking recalculation ...
12-09 07:48:28.427 D/VehicleStatisticsActivity( 6722): Recalculating statistics
12-09 07:48:28.428 D/VehicleStatisticsTask( 6722): Calculation starting...
12-09 07:48:28.442 D/VehicleStatisticsActivity( 6722): Recalculation started!
12-09 07:48:28.447 W/ActivityManager( 1592): Bad activity token: android.os.BinderProxy@74ce61f
12-09 07:48:28.447 W/ActivityManager( 1592): java.lang.ClassCastException: android.os.BinderProxy cannot be cast to com.android.server.am.ActivityRecord$Token
12-09 07:48:28.447 W/ActivityManager( 1592): 	at com.android.server.am.ActivityRecord.forTokenLocked(ActivityRecord.java:424)
12-09 07:48:28.447 W/ActivityManager( 1592): 	at com.android.server.am.ActivityRecord.isInStackLocked(ActivityRecord.java:1121)
12-09 07:48:28.447 W/ActivityManager( 1592): 	at com.android.server.am.ActivityManagerService.getActivityOptions(ActivityManagerService.java:11038)
12-09 07:48:28.447 W/ActivityManager( 1592): 	at android.app.ActivityManagerNative.onTransact(ActivityManagerNative.java:1734)
12-09 07:48:28.447 W/ActivityManager( 1592): 	at com.android.server.am.ActivityManagerService.onTransact(ActivityManagerService.java:2443)
12-09 07:48:28.447 W/ActivityManager( 1592): 	at android.os.Binder.execTransact(Binder.java:453)
12-09 07:48:28.447 W/ActivityManager( 1592): Bad activity token: android.os.BinderProxy@74ce61f
12-09 07:48:28.447 W/ActivityManager( 1592): java.lang.ClassCastException: android.os.BinderProxy cannot be cast to com.android.server.am.ActivityRecord$Token
12-09 07:48:28.447 W/ActivityManager( 1592): 	at com.android.server.am.ActivityRecord.forTokenLocked(ActivityRecord.java:424)
12-09 07:48:28.447 W/ActivityManager( 1592): 	at com.android.server.am.ActivityRecord.isInStackLocked(ActivityRecord.java:1121)
12-09 07:48:28.447 W/ActivityManager( 1592): 	at com.android.server.am.ActivityManagerService.getActivityOptions(ActivityManagerService.java:11038)
12-09 07:48:28.447 W/ActivityManager( 1592): 	at android.app.ActivityManagerNative.onTransact(ActivityManagerNative.java:1734)
12-09 07:48:28.447 W/ActivityManager( 1592): 	at com.android.server.am.ActivityManagerService.onTransact(ActivityManagerService.java:2443)
12-09 07:48:28.447 W/ActivityManager( 1592): 	at android.os.Binder.execTransact(Binder.java:453)
12-09 07:48:28.449 D/VehicleStatisticsActivity( 6722): Checking recalculation ...
12-09 07:48:28.457 D/VehicleStatisticsActivity( 6722): Recalculating statistics
12-09 07:48:28.457 D/VehicleStatisticsTask( 6722): Calculation starting...
12-09 07:48:28.458 D/VehicleStatisticsActivity( 6722): Recalculation started!
12-09 07:48:28.487 W/audio_hw_generic( 1308): Not supplying enough data to HAL, expected position 9530340 , only wrote 9530298
12-09 07:48:28.487 W/audio_hw_generic( 1308): Not supplying enough data to HAL, expected position 9530305 , only wrote 9530298
12-09 07:48:28.502 W/audio_hw_generic( 1308): Not supplying enough data to HAL, expected position 9530970 , only wrote 9530959
12-09 07:48:28.548 W/audio_hw_generic( 1308): Hardware backing HAL too slow, could only write 0 of 661 frames
12-09 07:48:28.564 W/audio_hw_generic( 1308): Hardware backing HAL too slow, could only write 0 of 661 frames
12-09 07:48:28.576 W/audio_hw_generic( 1308): Hardware backing HAL too slow, could only write 0 of 661 frames
12-09 07:48:28.583 W/audio_hw_generic( 1308): Hardware backing HAL too slow, could only write 0 of 661 frames
12-09 07:48:28.605 W/audio_hw_generic( 1308): Hardware backing HAL too slow, could only write 0 of 661 frames
12-09 07:48:28.622 W/audio_hw_generic( 1308): Hardware backing HAL too slow, could only write 0 of 661 frames
12-09 07:48:28.638 D/VehicleStatisticsTask( 6722): Not enough fillups to calculate statistics
12-09 07:48:28.650 W/audio_hw_generic( 1308): Hardware backing HAL too slow, could only write 0 of 661 frames
12-09 07:48:28.656 D/VehicleStatisticsTask( 6722): Not enough fillups to calculate statistics
12-09 07:48:28.663 W/audio_hw_generic( 1308): Hardware backing HAL too slow, could only write 0 of 661 frames
12-09 07:48:28.672 W/audio_hw_generic( 1308): Hardware backing HAL too slow, could only write 0 of 661 frames
12-09 07:48:28.694 W/audio_hw_generic( 1308): Hardware backing HAL too slow, could only write 0 of 661 frames
12-09 07:48:28.705 W/audio_hw_generic( 1308): Hardware backing HAL too slow, could only write 0 of 661 frames
12-09 07:48:28.747 E/SurfaceFlinger( 1219): ro.sf.lcd_density must be defined as a build property
12-09 07:48:28.758 D/gralloc_ranchu( 1219): gralloc_alloc: Creating ashmem region of size 3686400
12-09 07:48:28.763 D/VehicleStatisticsTask( 6722): Done recalculating!
12-09 07:48:28.763 D/VehicleStatisticsTask( 6722): Done recalculating!
12-09 07:48:28.771 D/VehicleStatisticsAdapter( 6722): Erasing the cache ...
12-09 07:48:28.781 D/Mileage.ABS( 6722): Finished backup
12-09 07:48:28.782 D/Mileage.ABS( 6722): Not backing up; 12
12-09 07:48:28.782 D/VehicleStatisticsAdapter( 6722): Building new values ...
12-09 07:48:28.783 D/VehicleStatisticsAdapter( 6722): Writing 29 records to the database ...
12-09 07:48:28.818 D/VehicleStatisticsAdapter( 6722): Erasing the cache ...
12-09 07:48:28.892 D/VehicleStatisticsAdapter( 6722): Building new values ...
12-09 07:48:28.892 D/VehicleStatisticsAdapter( 6722): Writing 29 records to the database ...
12-09 07:48:28.897 D/        ( 6761): HostConnection::get() New Host Connection established 0x7fd1d1512480, tid 6761
12-09 07:48:28.918 D/Mileage.ABS( 6722): Not backing up; 148
12-09 07:48:28.919 D/Mileage.ABS( 6722): Not backing up; 149
12-09 07:48:28.919 D/Mileage.ABS( 6722): Not backing up; 149
12-09 07:48:28.938 E/EGL_emulation( 1219): tid 1219: eglCreateSyncKHR(1881): error 0x3004 (EGL_BAD_ATTRIBUTE)
12-09 07:48:29.289 D/Mileage.ABS( 6722): Not backing up; 519
12-09 07:48:29.320 D/Mileage.ABS( 6722): Not backing up; 550
12-09 07:48:29.325 D/Mileage.ABS( 6722): Not backing up; 555
12-09 07:48:29.327 D/Mileage.ABS( 6722): Not backing up; 557
12-09 07:48:29.332 D/Mileage.ABS( 6722): Not backing up; 562
12-09 07:48:29.351 D/Mileage.ABS( 6722): Not backing up; 581
12-09 07:48:29.355 D/Mileage.ABS( 6722): Not backing up; 585
12-09 07:48:29.357 D/Mileage.ABS( 6722): Not backing up; 587
12-09 07:48:29.357 D/Mileage.ABS( 6722): Not backing up; 587
12-09 07:48:29.427 D/Mileage.ABS( 6722): Not backing up; 657
12-09 07:48:29.432 D/Mileage.ABS( 6722): Not backing up; 662
12-09 07:48:29.435 D/Mileage.ABS( 6722): Not backing up; 665
12-09 07:48:29.478 D/Mileage.ABS( 6722): Not backing up; 708
12-09 07:48:29.519 D/Mileage.ABS( 6722): Not backing up; 749
12-09 07:48:29.582 D/Mileage.ABS( 6722): Not backing up; 771
12-09 07:48:29.882 I/System.out( 6722): URI: //gesture
12-09 07:48:29.882 I/System.out( 6722): params: {json={"query_timeout":5.0,"gestures":[{"query_string":"android.widget.TabWidget descendant TextView index:0","touches":[{"x":50,"y":50,"offset_x":0,"offset_y":0,"wait":0.0,"time":0.2,"release":true,"query_string":null}]}]}
12-09 07:48:29.882 I/System.out( 6722): }
12-09 07:48:29.913 D/Mileage.ABS( 6722): Finished backup
12-09 07:48:30.031 D/Mileage.ABS( 6722): Not backing up; 182
12-09 07:48:30.094 I/art     ( 6722): Background partial concurrent mark sweep GC freed 18772(875KB) AllocSpace objects, 2(40KB) LOS objects, 40% free, 2MB/4MB, paused 1.230ms total 139.292ms
12-09 07:48:30.098 W/audio_hw_generic( 1308): Not supplying enough data to HAL, expected position 9601329 , only wrote 9601025
12-09 07:48:30.098 W/audio_hw_generic( 1308): Not supplying enough data to HAL, expected position 9601032 , only wrote 9601025
12-09 07:48:30.118 W/audio_hw_generic( 1308): Not supplying enough data to HAL, expected position 9601912 , only wrote 9601686
12-09 07:48:30.123 W/CursorWrapperInner( 6722): Cursor finalized without prior close()
12-09 07:48:30.125 W/CursorWrapperInner( 6722): Cursor finalized without prior close()
12-09 07:48:30.133 W/audio_hw_generic( 1308): Hardware backing HAL too slow, could only write 0 of 661 frames
12-09 07:48:30.153 W/audio_hw_generic( 1308): Hardware backing HAL too slow, could only write 0 of 661 frames
12-09 07:48:30.184 D/Mileage.ABS( 6722): Not backing up; 335
12-09 07:48:30.188 D/Mileage.ABS( 6722): Not backing up; 339
12-09 07:48:30.287 D/Mileage.ABS( 6722): Not backing up; 438
12-09 07:48:30.287 D/Mileage.ABS( 6722): Not backing up; 438
12-09 07:48:30.287 D/Mileage.ABS( 6722): Not backing up; 438
12-09 07:48:30.527 D/Mileage.ABS( 6722): Not backing up; 678
12-09 07:48:30.527 D/Mileage.ABS( 6722): Not backing up; 678
12-09 07:48:30.530 W/audio_hw_generic( 1308): Not supplying enough data to HAL, expected position 9619856 , only wrote 9618872
12-09 07:48:30.531 W/audio_hw_generic( 1308): Not supplying enough data to HAL, expected position 9618879 , only wrote 9618872
12-09 07:48:30.563 W/audio_hw_generic( 1308): Not supplying enough data to HAL, expected position 9620281 , only wrote 9619533
12-09 07:48:30.563 W/audio_hw_generic( 1308): Hardware backing HAL too slow, could only write 0 of 661 frames
12-09 07:48:30.663 D/AudioFlinger( 1308): mixer(0xf4300000) throttle end: throttle time(16)
12-09 07:48:30.718 W/audio_hw_generic( 1308): Not supplying enough data to HAL, expected position 9626409 , only wrote 9626143
12-09 07:48:30.719 W/audio_hw_generic( 1308): Not supplying enough data to HAL, expected position 9626150 , only wrote 9626143
12-09 07:48:30.894 W/audio_hw_generic( 1308): Hardware backing HAL too slow, could only write 0 of 661 frames
12-09 07:48:30.895 W/audio_hw_generic( 1308): Hardware backing HAL too slow, could only write 0 of 661 frames
12-09 07:48:30.922 W/audio_hw_generic( 1308): Hardware backing HAL too slow, could only write 0 of 661 frames
12-09 07:48:30.940 W/audio_hw_generic( 1308): Hardware backing HAL too slow, could only write 0 of 661 frames
12-09 07:48:30.961 W/audio_hw_generic( 1308): Not supplying enough data to HAL, expected position 9636843 , only wrote 9636719
12-09 07:48:30.961 W/audio_hw_generic( 1308): Hardware backing HAL too slow, could only write 0 of 661 frames
12-09 07:48:30.962 W/audio_hw_generic( 1308): Hardware backing HAL too slow, could only write 0 of 661 frames
12-09 07:48:30.977 W/audio_hw_generic( 1308): Hardware backing HAL too slow, could only write 0 of 661 frames
12-09 07:48:30.985 I/art     ( 6722): Background sticky concurrent mark sweep GC freed 35028(1627KB) AllocSpace objects, 1(20KB) LOS objects, 36% free, 2MB/4MB, paused 4.832ms total 197.882ms
12-09 07:48:30.992 W/audio_hw_generic( 1308): Hardware backing HAL too slow, could only write 0 of 661 frames
12-09 07:48:31.012 W/audio_hw_generic( 1308): Hardware backing HAL too slow, could only write 0 of 661 frames
12-09 07:48:31.022 W/audio_hw_generic( 1308): Hardware backing HAL too slow, could only write 0 of 661 frames
12-09 07:48:31.046 W/audio_hw_generic( 1308): Hardware backing HAL too slow, could only write 0 of 661 frames
12-09 07:48:31.058 W/audio_hw_generic( 1308): Hardware backing HAL too slow, could only write 0 of 661 frames
12-09 07:48:31.069 W/audio_hw_generic( 1308): Hardware backing HAL too slow, could only write 0 of 661 frames
12-09 07:48:31.084 W/audio_hw_generic( 1308): Hardware backing HAL too slow, could only write 0 of 661 frames
12-09 07:48:31.248 D/Mileage.ABS( 6722): Finished backup
12-09 07:48:31.256 D/Mileage.ABS( 6722): Not backing up; 93
12-09 07:48:31.256 D/Mileage.ABS( 6722): Not backing up; 94
12-09 07:48:31.263 D/Mileage.ABS( 6722): Not backing up; 101
12-09 07:48:31.269 D/Mileage.ABS( 6722): Not backing up; 106
12-09 07:48:31.270 D/Mileage.ABS( 6722): Not backing up; 108
12-09 07:48:31.271 D/Mileage.ABS( 6722): Not backing up; 109
12-09 07:48:31.319 D/Mileage.ABS( 6722): Not backing up; 157
12-09 07:48:31.320 D/Mileage.ABS( 6722): Not backing up; 158
12-09 07:48:31.320 D/Mileage.ABS( 6722): Not backing up; 158
12-09 07:48:31.321 E/SurfaceFlinger( 1219): ro.sf.lcd_density must be defined as a build property
12-09 07:48:31.341 D/gralloc_ranchu( 1219): gralloc_alloc: Creating ashmem region of size 3686400
12-09 07:48:31.435 D/Mileage.ABS( 6722): Not backing up; 273
12-09 07:48:31.436 D/Mileage.ABS( 6722): Not backing up; 273
12-09 07:48:31.436 D/Mileage.ABS( 6722): Not backing up; 274
12-09 07:48:31.437 D/Mileage.ABS( 6722): Not backing up; 275
12-09 07:48:31.447 D/Mileage.ABS( 6722): Not backing up; 285
12-09 07:48:31.479 D/        ( 6776): HostConnection::get() New Host Connection established 0x7f0b6e292480, tid 6776
12-09 07:48:31.512 E/EGL_emulation( 1219): tid 1219: eglCreateSyncKHR(1881): error 0x3004 (EGL_BAD_ATTRIBUTE)
12-09 07:48:31.788 D/Mileage.ABS( 6722): Not backing up; 626
12-09 07:48:31.789 D/Mileage.ABS( 6722): Not backing up; 627
12-09 07:48:31.811 D/Mileage.ABS( 6722): Not backing up; 649
12-09 07:48:31.811 D/Mileage.ABS( 6722): Not backing up; 649
12-09 07:48:31.819 D/Mileage.ABS( 6722): Not backing up; 657
12-09 07:48:31.861 W/audio_hw_generic( 1308): Not supplying enough data to HAL, expected position 9676417 , only wrote 9676379
12-09 07:48:31.862 W/audio_hw_generic( 1308): Not supplying enough data to HAL, expected position 9676386 , only wrote 9676379
12-09 07:48:31.878 W/audio_hw_generic( 1308): Not supplying enough data to HAL, expected position 9677101 , only wrote 9677040
12-09 07:48:32.011 D/Mileage.ABS( 6722): Not backing up; 849
12-09 07:48:32.011 D/Mileage.ABS( 6722): Not backing up; 849
12-09 07:48:32.018 D/Mileage.ABS( 6722): Not backing up; 856
12-09 07:48:32.196 D/Mileage.ABS( 6722): Finished backup
12-09 07:48:32.408 D/Mileage.ABS( 6722): Not backing up; 226
12-09 07:48:32.408 D/Mileage.ABS( 6722): Not backing up; 226
12-09 07:48:32.419 D/Mileage.ABS( 6722): Not backing up; 236
12-09 07:48:32.419 D/Mileage.ABS( 6722): Not backing up; 237
12-09 07:48:32.524 W/audio_hw_generic( 1308): Hardware backing HAL too slow, could only write 0 of 661 frames
12-09 07:48:32.542 W/audio_hw_generic( 1308): Hardware backing HAL too slow, could only write 0 of 661 frames
12-09 07:48:32.550 W/audio_hw_generic( 1308): Hardware backing HAL too slow, could only write 0 of 661 frames
12-09 07:48:32.564 W/audio_hw_generic( 1308): Hardware backing HAL too slow, could only write 0 of 661 frames
12-09 07:48:32.582 W/audio_hw_generic( 1308): Hardware backing HAL too slow, could only write 0 of 661 frames
12-09 07:48:32.607 W/audio_hw_generic( 1308): Hardware backing HAL too slow, could only write 0 of 661 frames
12-09 07:48:32.618 W/audio_hw_generic( 1308): Hardware backing HAL too slow, could only write 0 of 661 frames
12-09 07:48:32.634 W/audio_hw_generic( 1308): Hardware backing HAL too slow, could only write 0 of 661 frames
12-09 07:48:32.667 W/audio_hw_generic( 1308): Hardware backing HAL too slow, could only write 0 of 661 frames
12-09 07:48:32.716 W/audio_hw_generic( 1308): Hardware backing HAL too slow, could only write 0 of 661 frames
12-09 07:48:32.735 D/VehicleStatisticsAdapter( 6722): Caching of 29 records complete! (3.952 seconds)
12-09 07:48:32.740 W/audio_hw_generic( 1308): Hardware backing HAL too slow, could only write 0 of 661 frames
12-09 07:48:32.746 W/audio_hw_generic( 1308): Hardware backing HAL too slow, could only write 0 of 661 frames
12-09 07:48:32.748 D/Mileage.ABS( 6722): Not backing up; 566
12-09 07:48:32.749 D/Mileage.ABS( 6722): Not backing up; 567
12-09 07:48:32.761 W/audio_hw_generic( 1308): Hardware backing HAL too slow, could only write 0 of 661 frames
12-09 07:48:32.790 W/audio_hw_generic( 1308): Hardware backing HAL too slow, could only write 0 of 661 frames
12-09 07:48:32.791 W/audio_hw_generic( 1308): Hardware backing HAL too slow, could only write 0 of 661 frames
12-09 07:48:32.796 D/VehicleStatisticsAdapter( 6722): Caching of 29 records complete! (3.904 seconds)
12-09 07:48:32.814 W/audio_hw_generic( 1308): Not supplying enough data to HAL, expected position 9718319 , only wrote 9718022
12-09 07:48:32.814 W/audio_hw_generic( 1308): Hardware backing HAL too slow, could only write 0 of 661 frames
12-09 07:48:32.814 W/audio_hw_generic( 1308): Hardware backing HAL too slow, could only write 0 of 661 frames
12-09 07:48:32.855 W/audio_hw_generic( 1308): Hardware backing HAL too slow, could only write 0 of 661 frames
12-09 07:48:32.862 I/System.out( 6722): URI: //
12-09 07:48:32.862 I/System.out( 6722): params: {json={"command":"set_activity_orientation","arguments":["landscape"]}
12-09 07:48:32.862 I/System.out( 6722): }
12-09 07:48:32.862 I/System.out( 6722): header: {date=Sun, 09 Dec 2018 07:48:32 GMT, accept=*/*, content-length=64, host=127.0.0.1:34777, user-agent=HTTPClient/1.0 (2.8.3, ruby 2.3.1 (2016-04-26)), content-type=application/json;charset=utf-8}
12-09 07:48:32.862 I/System.out( 6722): params: {json={"command":"set_activity_orientation","arguments":["landscape"]}
12-09 07:48:32.863 I/System.out( 6722): }
12-09 07:48:32.863 I/System.out( 6722): ProP json = {"command":"set_activity_orientation","arguments":["landscape"]}
12-09 07:48:32.863 I/System.out( 6722): files: {}
12-09 07:48:32.863 I/System.out( 6722): command: {"command":"set_activity_orientation","arguments":["landscape"]}
12-09 07:48:32.864 I/InstrumentationBackend( 6722): Got command:'Command:'Line:null,set_activity_orientation', arguments:'[landscape]'
12-09 07:48:32.916 D/gralloc_ranchu( 1219): gralloc_alloc: Creating ashmem region of size 3686400
12-09 07:48:32.921 D/Mileage.ABS( 6722): Not backing up; 739
12-09 07:48:32.983 E/EGL_emulation( 1219): tid 1219: eglCreateSyncKHR(1881): error 0x3004 (EGL_BAD_ATTRIBUTE)
12-09 07:48:33.164 W/audio_hw_generic( 1308): Not supplying enough data to HAL, expected position 9733462 , only wrote 9733225
12-09 07:48:33.199 I/ActivityManager( 1592): Config changes=480 {1.0 310mcc260mnc en_US ldltr sw720dp w1280dp h696dp 160dpi xlrg long land finger -keyb/v/h tball/v s.17}
12-09 07:48:33.200 W/art     ( 1592): Long monitor contention event with owner method=android.content.res.Configuration com.android.server.wm.WindowManagerService.updateOrientationFromAppTokens(android.content.res.Configuration, android.os.IBinder) from WindowManagerService.java:3950 waiters=0 for 180ms
12-09 07:48:33.202 W/audio_hw_generic( 1308): Hardware backing HAL too slow, could only write 0 of 661 frames
12-09 07:48:33.465 W/art     ( 1592): Long monitor contention event with owner method=void com.android.server.am.ActivityManagerService.setRequestedOrientation(android.os.IBinder, int) from ActivityManagerService.java:4192 waiters=0 for 544ms
12-09 07:48:33.470 I/InputReader( 1592): Reconfiguring input devices.  changes=0x00000004
12-09 07:48:33.470 I/InputReader( 1592): Device reconfigured: id=0, name='qwerty2', size 720x1280, orientation 1, mode 1, display id 0
12-09 07:48:33.470 W/art     ( 1592): Long monitor contention event with owner method=void com.android.server.am.ActivityManagerService.setRequestedOrientation(android.os.IBinder, int) from ActivityManagerService.java:4192 waiters=1 for 549ms
12-09 07:48:33.471 W/art     ( 1592): Long monitor contention event with owner method=void com.android.server.am.ActivityManagerService.setRequestedOrientation(android.os.IBinder, int) from ActivityManagerService.java:4192 waiters=2 for 450ms
12-09 07:48:33.477 D/Mileage.ABS( 6722): Finished backup
12-09 07:48:33.582 W/audio_hw_generic( 1308): Not supplying enough data to HAL, expected position 9751669 , only wrote 9749089
12-09 07:48:33.583 W/audio_hw_generic( 1308): Not supplying enough data to HAL, expected position 9749096 , only wrote 9749089
12-09 07:48:33.597 I/System.out( 6722): result:{"bonusInformation":[],"message":"","success":true}
12-09 07:48:33.599 W/audio_hw_generic( 1308): Not supplying enough data to HAL, expected position 9749819 , only wrote 9749750
12-09 07:48:33.703 W/art     ( 1592): Long monitor contention event with owner method=void com.android.server.wm.WindowAnimator$1.doFrame(long) from WindowAnimator.java:121 waiters=0 for 102ms
12-09 07:48:33.738 W/audio_hw_generic( 1308): Not supplying enough data to HAL, expected position 9760971 , only wrote 9755699
12-09 07:48:33.772 W/art     ( 1592): Long monitor contention event with owner method=boolean com.android.server.am.ActivityManagerService.unbindService(android.app.IServiceConnection) from ActivityManagerService.java:15918 waiters=0 for 215ms
12-09 07:48:33.784 D/Mileage.ABS( 6722): Not backing up; 316
12-09 07:48:33.855 I/calabash( 6722): newActivity1
12-09 07:48:33.933 I/calabash( 6722): newActivity1
12-09 07:48:33.943 W/ActivityManager( 1592): Bad activity token: android.os.BinderProxy@c433a6e
12-09 07:48:33.943 W/ActivityManager( 1592): java.lang.ClassCastException: android.os.BinderProxy cannot be cast to com.android.server.am.ActivityRecord$Token
12-09 07:48:33.943 W/ActivityManager( 1592): 	at com.android.server.am.ActivityRecord.forTokenLocked(ActivityRecord.java:424)
12-09 07:48:33.943 W/ActivityManager( 1592): 	at com.android.server.am.ActivityRecord.isInStackLocked(ActivityRecord.java:1121)
12-09 07:48:33.943 W/ActivityManager( 1592): 	at com.android.server.am.ActivityRecord.getStackLocked(ActivityRecord.java:1126)
12-09 07:48:33.943 W/ActivityManager( 1592): 	at com.android.server.am.ActivityManagerService.getActivityDisplayId(ActivityManagerService.java:8889)
12-09 07:48:33.943 W/ActivityManager( 1592): 	at android.app.ActivityManagerNative.onTransact(ActivityManagerNative.java:2338)
12-09 07:48:33.943 W/ActivityManager( 1592): 	at com.android.server.am.ActivityManagerService.onTransact(ActivityManagerService.java:2443)
12-09 07:48:33.943 W/ActivityManager( 1592): 	at android.os.Binder.execTransact(Binder.java:453)
12-09 07:48:33.944 W/ActivityManager( 1592): Bad activity token: android.os.BinderProxy@c433a6e
12-09 07:48:33.944 W/ActivityManager( 1592): java.lang.ClassCastException: android.os.BinderProxy cannot be cast to com.android.server.am.ActivityRecord$Token
12-09 07:48:33.944 W/ActivityManager( 1592): 	at com.android.server.am.ActivityRecord.forTokenLocked(ActivityRecord.java:424)
12-09 07:48:33.944 W/ActivityManager( 1592): 	at com.android.server.am.ActivityRecord.isInStackLocked(ActivityRecord.java:1121)
12-09 07:48:33.944 W/ActivityManager( 1592): 	at com.android.server.am.ActivityManagerService.setTaskDescription(ActivityManagerService.java:8547)
12-09 07:48:33.944 W/ActivityManager( 1592): 	at android.app.ActivityManagerNative.onTransact(ActivityManagerNative.java:2410)
12-09 07:48:33.944 W/ActivityManager( 1592): 	at com.android.server.am.ActivityManagerService.onTransact(ActivityManagerService.java:2443)
12-09 07:48:33.944 W/ActivityManager( 1592): 	at android.os.Binder.execTransact(Binder.java:453)
12-09 07:48:33.999 W/ActivityManager( 1592): Bad activity token: android.os.BinderProxy@c433a6e
12-09 07:48:33.999 W/ActivityManager( 1592): java.lang.ClassCastException: android.os.BinderProxy cannot be cast to com.android.server.am.ActivityRecord$Token
12-09 07:48:33.999 W/ActivityManager( 1592): 	at com.android.server.am.ActivityRecord.forTokenLocked(ActivityRecord.java:424)
12-09 07:48:33.999 W/ActivityManager( 1592): 	at com.android.server.am.ActivityRecord.isInStackLocked(ActivityRecord.java:1121)
12-09 07:48:33.999 W/ActivityManager( 1592): 	at com.android.server.am.ActivityManagerService.getActivityOptions(ActivityManagerService.java:11038)
12-09 07:48:33.999 W/ActivityManager( 1592): 	at android.app.ActivityManagerNative.onTransact(ActivityManagerNative.java:1734)
12-09 07:48:33.999 W/ActivityManager( 1592): 	at com.android.server.am.ActivityManagerService.onTransact(ActivityManagerService.java:2443)
12-09 07:48:33.999 W/ActivityManager( 1592): 	at android.os.Binder.execTransact(Binder.java:453)
12-09 07:48:34.000 W/ActivityManager( 1592): Bad activity token: android.os.BinderProxy@c433a6e
12-09 07:48:34.000 W/ActivityManager( 1592): java.lang.ClassCastException: android.os.BinderProxy cannot be cast to com.android.server.am.ActivityRecord$Token
12-09 07:48:34.000 W/ActivityManager( 1592): 	at com.android.server.am.ActivityRecord.forTokenLocked(ActivityRecord.java:424)
12-09 07:48:34.000 W/ActivityManager( 1592): 	at com.android.server.am.ActivityRecord.isInStackLocked(ActivityRecord.java:1121)
12-09 07:48:34.000 W/ActivityManager( 1592): 	at com.android.server.am.ActivityManagerService.getActivityOptions(ActivityManagerService.java:11038)
12-09 07:48:34.000 W/ActivityManager( 1592): 	at android.app.ActivityManagerNative.onTransact(ActivityManagerNative.java:1734)
12-09 07:48:34.000 W/ActivityManager( 1592): 	at com.android.server.am.ActivityManagerService.onTransact(ActivityManagerService.java:2443)
12-09 07:48:34.000 W/ActivityManager( 1592): 	at android.os.Binder.execTransact(Binder.java:453)
12-09 07:48:34.045 W/PhoneWindow( 6722): Previously focused view reported id 2131296279 during save, but can't be found during restore.
12-09 07:48:34.065 I/Choreographer( 6722): Skipped 42 frames!  The application may be doing too much work on its main thread.
12-09 07:48:34.118 D/EGL_emulation( 1699): eglMakeCurrent: 0x7fc06d58e360: ver 2 0 (tinfo 0x7fc0649da840)
12-09 07:48:34.130 E/Surface ( 1699): getSlotFromBufferLocked: unknown buffer: 0x7fc0627f7080
12-09 07:48:34.131 D/EGL_emulation( 1699): eglMakeCurrent: 0x7fc06d58e360: ver 2 0 (tinfo 0x7fc0649da840)
12-09 07:48:34.379 W/art     ( 1592): Long monitor contention event with owner method=int com.android.server.wm.WindowManagerService.relayoutWindow(com.android.server.wm.Session, android.view.IWindow, int, android.view.WindowManager$LayoutParams, int, int, int, int, android.graphics.Rect, android.graphics.Rect, android.graphics.Rect, android.graphics.Rect, android.graphics.Rect, android.graphics.Rect, android.content.res.Configuration, android.view.Surface) from WindowManagerService.java:3103 waiters=1 for 198ms
12-09 07:48:34.470 D/gralloc_ranchu( 1219): gralloc_alloc: Creating ashmem region of size 3686400
12-09 07:48:34.693 D/gralloc_ranchu( 1219): gralloc_alloc: Creating ashmem region of size 3686400
12-09 07:48:34.735 I/WindowManager( 1592): Screen frozen for +1s870ms due to Window{231399c u0 com.evancharlton.mileage/com.evancharlton.mileage.Mileage}
12-09 07:48:35.452 W/art     ( 1592): Long monitor contention event with owner method=void com.android.server.wm.WindowAnimator$1.doFrame(long) from WindowAnimator.java:121 waiters=0 for 297ms
12-09 07:48:35.823 I/System.out( 6722): URI: //gesture
12-09 07:48:35.823 I/System.out( 6722): params: {json={"query_timeout":5.0,"gestures":[{"query_string":"android.widget.TabWidget descendant TextView index:1","touches":[{"x":50,"y":50,"offset_x":0,"offset_y":0,"wait":0.0,"time":0.2,"release":true,"query_string":null}]}]}
12-09 07:48:35.823 I/System.out( 6722): }
12-09 07:48:35.939 W/art     ( 1592): Long monitor contention event with owner method=void com.android.server.wm.WindowAnimator$1.doFrame(long) from WindowAnimator.java:121 waiters=0 for 357ms
12-09 07:48:35.940 W/IInputConnectionWrapper( 6722): finishComposingText on inactive InputConnection
12-09 07:48:36.247 D/gralloc_ranchu( 1219): gralloc_alloc: Creating ashmem region of size 3686400
12-09 07:48:36.691 I/calabash( 6722): newActivity1
12-09 07:48:36.691 W/ActivityManager( 1592): Bad activity token: android.os.BinderProxy@6512034
12-09 07:48:36.691 W/ActivityManager( 1592): java.lang.ClassCastException: android.os.BinderProxy cannot be cast to com.android.server.am.ActivityRecord$Token
12-09 07:48:36.691 W/ActivityManager( 1592): 	at com.android.server.am.ActivityRecord.forTokenLocked(ActivityRecord.java:424)
12-09 07:48:36.691 W/ActivityManager( 1592): 	at com.android.server.am.ActivityRecord.isInStackLocked(ActivityRecord.java:1121)
12-09 07:48:36.691 W/ActivityManager( 1592): 	at com.android.server.am.ActivityRecord.getStackLocked(ActivityRecord.java:1126)
12-09 07:48:36.691 W/ActivityManager( 1592): 	at com.android.server.am.ActivityManagerService.getActivityDisplayId(ActivityManagerService.java:8889)
12-09 07:48:36.691 W/ActivityManager( 1592): 	at android.app.ActivityManagerNative.onTransact(ActivityManagerNative.java:2338)
12-09 07:48:36.691 W/ActivityManager( 1592): 	at com.android.server.am.ActivityManagerService.onTransact(ActivityManagerService.java:2443)
12-09 07:48:36.691 W/ActivityManager( 1592): 	at android.os.Binder.execTransact(Binder.java:453)
12-09 07:48:36.692 W/ActivityManager( 1592): Bad activity token: android.os.BinderProxy@6512034
12-09 07:48:36.692 W/ActivityManager( 1592): java.lang.ClassCastException: android.os.BinderProxy cannot be cast to com.android.server.am.ActivityRecord$Token
12-09 07:48:36.692 W/ActivityManager( 1592): 	at com.android.server.am.ActivityRecord.forTokenLocked(ActivityRecord.java:424)
12-09 07:48:36.692 W/ActivityManager( 1592): 	at com.android.server.am.ActivityRecord.isInStackLocked(ActivityRecord.java:1121)
12-09 07:48:36.692 W/ActivityManager( 1592): 	at com.android.server.am.ActivityManagerService.setTaskDescription(ActivityManagerService.java:8547)
12-09 07:48:36.692 W/ActivityManager( 1592): 	at android.app.ActivityManagerNative.onTransact(ActivityManagerNative.java:2410)
12-09 07:48:36.692 W/ActivityManager( 1592): 	at com.android.server.am.ActivityManagerService.onTransact(ActivityManagerService.java:2443)
12-09 07:48:36.692 W/ActivityManager( 1592): 	at android.os.Binder.execTransact(Binder.java:453)
12-09 07:48:36.885 W/ActivityManager( 1592): Bad activity token: android.os.BinderProxy@6512034
12-09 07:48:36.885 W/ActivityManager( 1592): java.lang.ClassCastException: android.os.BinderProxy cannot be cast to com.android.server.am.ActivityRecord$Token
12-09 07:48:36.885 W/ActivityManager( 1592): 	at com.android.server.am.ActivityRecord.forTokenLocked(ActivityRecord.java:424)
12-09 07:48:36.885 W/ActivityManager( 1592): 	at com.android.server.am.ActivityRecord.isInStackLocked(ActivityRecord.java:1121)
12-09 07:48:36.885 W/ActivityManager( 1592): 	at com.android.server.am.ActivityManagerService.getActivityOptions(ActivityManagerService.java:11038)
12-09 07:48:36.885 W/ActivityManager( 1592): 	at android.app.ActivityManagerNative.onTransact(ActivityManagerNative.java:1734)
12-09 07:48:36.885 W/ActivityManager( 1592): 	at com.android.server.am.ActivityManagerService.onTransact(ActivityManagerService.java:2443)
12-09 07:48:36.885 W/ActivityManager( 1592): 	at android.os.Binder.execTransact(Binder.java:453)
12-09 07:48:36.890 W/ActivityManager( 1592): Bad activity token: android.os.BinderProxy@6512034
12-09 07:48:36.890 W/ActivityManager( 1592): java.lang.ClassCastException: android.os.BinderProxy cannot be cast to com.android.server.am.ActivityRecord$Token
12-09 07:48:36.890 W/ActivityManager( 1592): 	at com.android.server.am.ActivityRecord.forTokenLocked(ActivityRecord.java:424)
12-09 07:48:36.890 W/ActivityManager( 1592): 	at com.android.server.am.ActivityRecord.isInStackLocked(ActivityRecord.java:1121)
12-09 07:48:36.890 W/ActivityManager( 1592): 	at com.android.server.am.ActivityManagerService.getActivityOptions(ActivityManagerService.java:11038)
12-09 07:48:36.890 W/ActivityManager( 1592): 	at android.app.ActivityManagerNative.onTransact(ActivityManagerNative.java:1734)
12-09 07:48:36.890 W/ActivityManager( 1592): 	at com.android.server.am.ActivityManagerService.onTransact(ActivityManagerService.java:2443)
12-09 07:48:36.890 W/ActivityManager( 1592): 	at android.os.Binder.execTransact(Binder.java:453)
12-09 07:48:36.898 W/audio_hw_generic( 1308): Hardware backing HAL too slow, could only write 0 of 661 frames
12-09 07:48:36.899 I/art     ( 1592): Starting a blocking GC Explicit
12-09 07:48:36.918 W/audio_hw_generic( 1308): Hardware backing HAL too slow, could only write 0 of 661 frames
12-09 07:48:37.000 D/Mileage ( 6722): Not enough fillups to calculate economy
12-09 07:48:37.015 I/art     ( 1592): Explicit concurrent mark sweep GC freed 8915(834KB) AllocSpace objects, 3(60KB) LOS objects, 30% free, 9MB/13MB, paused 10.473ms total 115.965ms
12-09 07:48:37.144 W/CursorWrapperInner( 6722): Cursor finalized without prior close()
12-09 07:48:37.155 I/art     ( 6722): Background sticky concurrent mark sweep GC freed 37443(1729KB) AllocSpace objects, 1(20KB) LOS objects, 38% free, 3MB/4MB, paused 15.024ms total 132.294ms
12-09 07:48:37.205 W/audio_hw_generic( 1308): Not supplying enough data to HAL, expected position 9771357 , only wrote 9770902
12-09 07:48:37.205 W/audio_hw_generic( 1308): Not supplying enough data to HAL, expected position 9770909 , only wrote 9770902
12-09 07:48:37.235 W/audio_hw_generic( 1308): Not supplying enough data to HAL, expected position 9772213 , only wrote 9771563
12-09 07:48:37.455 E/SurfaceFlinger( 1219): ro.sf.lcd_density must be defined as a build property
12-09 07:48:37.522 W/audio_hw_generic( 1308): Hardware backing HAL too slow, could only write 0 of 661 frames
12-09 07:48:37.530 D/gralloc_ranchu( 1219): gralloc_alloc: Creating ashmem region of size 3686400
12-09 07:48:37.557 D/        ( 6787): HostConnection::get() New Host Connection established 0x7fde4c5d2480, tid 6787
12-09 07:48:37.600 W/audio_hw_generic( 1308): Not supplying enough data to HAL, expected position 9787658 , only wrote 9787427
12-09 07:48:37.630 E/EGL_emulation( 1219): tid 1219: eglCreateSyncKHR(1881): error 0x3004 (EGL_BAD_ATTRIBUTE)
12-09 07:48:38.148 W/audio_hw_generic( 1308): Not supplying enough data to HAL, expected position 9811597 , only wrote 9809901
12-09 07:48:38.148 W/audio_hw_generic( 1308): Not supplying enough data to HAL, expected position 9809911 , only wrote 9809901
12-09 07:48:38.172 W/audio_hw_generic( 1308): Not supplying enough data to HAL, expected position 9810970 , only wrote 9810562
12-09 07:48:38.398 W/audio_hw_generic( 1308): Not supplying enough data to HAL, expected position 9820533 , only wrote 9820477
12-09 07:48:38.398 W/audio_hw_generic( 1308): Not supplying enough data to HAL, expected position 9820484 , only wrote 9820477
12-09 07:48:38.415 W/audio_hw_generic( 1308): Not supplying enough data to HAL, expected position 9821224 , only wrote 9821138
12-09 07:48:38.446 W/audio_hw_generic( 1308): Not supplying enough data to HAL, expected position 9822504 , only wrote 9822460
12-09 07:48:38.486 W/audio_hw_generic( 1308): Not supplying enough data to HAL, expected position 9824197 , only wrote 9823782
12-09 07:48:38.618 I/System.out( 6722): URI: //gesture
12-09 07:48:38.619 I/System.out( 6722): params: {json={"query_timeout":5.0,"gestures":[{"query_string":"android.widget.TabWidget descendant TextView index:3","touches":[{"x":50,"y":50,"offset_x":0,"offset_y":0,"wait":0.0,"time":0.2,"release":true,"query_string":null}]}]}
12-09 07:48:38.619 I/System.out( 6722): }
12-09 07:48:38.654 W/audio_hw_generic( 1308): Not supplying enough data to HAL, expected position 9831215 , only wrote 9831053
12-09 07:48:38.654 W/audio_hw_generic( 1308): Not supplying enough data to HAL, expected position 9831060 , only wrote 9831053
12-09 07:48:38.842 W/audio_hw_generic( 1308): Not supplying enough data to HAL, expected position 9839338 , only wrote 9838985
12-09 07:48:38.966 W/audio_hw_generic( 1308): Not supplying enough data to HAL, expected position 9844426 , only wrote 9842951
12-09 07:48:39.011 I/calabash( 6722): newActivity1
12-09 07:48:39.011 W/ActivityManager( 1592): Bad activity token: android.os.BinderProxy@cc1e359
12-09 07:48:39.011 W/ActivityManager( 1592): java.lang.ClassCastException: android.os.BinderProxy cannot be cast to com.android.server.am.ActivityRecord$Token
12-09 07:48:39.011 W/ActivityManager( 1592): 	at com.android.server.am.ActivityRecord.forTokenLocked(ActivityRecord.java:424)
12-09 07:48:39.011 W/ActivityManager( 1592): 	at com.android.server.am.ActivityRecord.isInStackLocked(ActivityRecord.java:1121)
12-09 07:48:39.011 W/ActivityManager( 1592): 	at com.android.server.am.ActivityRecord.getStackLocked(ActivityRecord.java:1126)
12-09 07:48:39.011 W/ActivityManager( 1592): 	at com.android.server.am.ActivityManagerService.getActivityDisplayId(ActivityManagerService.java:8889)
12-09 07:48:39.011 W/ActivityManager( 1592): 	at android.app.ActivityManagerNative.onTransact(ActivityManagerNative.java:2338)
12-09 07:48:39.011 W/ActivityManager( 1592): 	at com.android.server.am.ActivityManagerService.onTransact(ActivityManagerService.java:2443)
12-09 07:48:39.011 W/ActivityManager( 1592): 	at android.os.Binder.execTransact(Binder.java:453)
12-09 07:48:39.016 W/ActivityManager( 1592): Bad activity token: android.os.BinderProxy@cc1e359
12-09 07:48:39.016 W/ActivityManager( 1592): java.lang.ClassCastException: android.os.BinderProxy cannot be cast to com.android.server.am.ActivityRecord$Token
12-09 07:48:39.016 W/ActivityManager( 1592): 	at com.android.server.am.ActivityRecord.forTokenLocked(ActivityRecord.java:424)
12-09 07:48:39.016 W/ActivityManager( 1592): 	at com.android.server.am.ActivityRecord.isInStackLocked(ActivityRecord.java:1121)
12-09 07:48:39.016 W/ActivityManager( 1592): 	at com.android.server.am.ActivityManagerService.setTaskDescription(ActivityManagerService.java:8547)
12-09 07:48:39.016 W/ActivityManager( 1592): 	at android.app.ActivityManagerNative.onTransact(ActivityManagerNative.java:2410)
12-09 07:48:39.016 W/ActivityManager( 1592): 	at com.android.server.am.ActivityManagerService.onTransact(ActivityManagerService.java:2443)
12-09 07:48:39.016 W/ActivityManager( 1592): 	at android.os.Binder.execTransact(Binder.java:453)
12-09 07:48:39.111 W/audio_hw_generic( 1308): Not supplying enough data to HAL, expected position 9849345 , only wrote 9846917
12-09 07:48:39.115 W/ActivityManager( 1592): Bad activity token: android.os.BinderProxy@cc1e359
12-09 07:48:39.115 W/ActivityManager( 1592): java.lang.ClassCastException: android.os.BinderProxy cannot be cast to com.android.server.am.ActivityRecord$Token
12-09 07:48:39.115 W/ActivityManager( 1592): 	at com.android.server.am.ActivityRecord.forTokenLocked(ActivityRecord.java:424)
12-09 07:48:39.115 W/ActivityManager( 1592): 	at com.android.server.am.ActivityRecord.isInStackLocked(ActivityRecord.java:1121)
12-09 07:48:39.115 W/ActivityManager( 1592): 	at com.android.server.am.ActivityManagerService.getActivityOptions(ActivityManagerService.java:11038)
12-09 07:48:39.115 W/ActivityManager( 1592): 	at android.app.ActivityManagerNative.onTransact(ActivityManagerNative.java:1734)
12-09 07:48:39.115 W/ActivityManager( 1592): 	at com.android.server.am.ActivityManagerService.onTransact(ActivityManagerService.java:2443)
12-09 07:48:39.115 W/ActivityManager( 1592): 	at android.os.Binder.execTransact(Binder.java:453)
12-09 07:48:39.115 W/ActivityManager( 1592): Bad activity token: android.os.BinderProxy@cc1e359
12-09 07:48:39.115 W/ActivityManager( 1592): java.lang.ClassCastException: android.os.BinderProxy cannot be cast to com.android.server.am.ActivityRecord$Token
12-09 07:48:39.115 W/ActivityManager( 1592): 	at com.android.server.am.ActivityRecord.forTokenLocked(ActivityRecord.java:424)
12-09 07:48:39.115 W/ActivityManager( 1592): 	at com.android.server.am.ActivityRecord.isInStackLocked(ActivityRecord.java:1121)
12-09 07:48:39.115 W/ActivityManager( 1592): 	at com.android.server.am.ActivityManagerService.getActivityOptions(ActivityManagerService.java:11038)
12-09 07:48:39.115 W/ActivityManager( 1592): 	at android.app.ActivityManagerNative.onTransact(ActivityManagerNative.java:1734)
12-09 07:48:39.115 W/ActivityManager( 1592): 	at com.android.server.am.ActivityManagerService.onTransact(ActivityManagerService.java:2443)
12-09 07:48:39.115 W/ActivityManager( 1592): 	at android.os.Binder.execTransact(Binder.java:453)
12-09 07:48:39.138 W/audio_hw_generic( 1308): Not supplying enough data to HAL, expected position 9848104 , only wrote 9847578
12-09 07:48:39.148 I/art     ( 6722): Background partial concurrent mark sweep GC freed 48253(2MB) AllocSpace objects, 2(40KB) LOS objects, 39% free, 3MB/5MB, paused 1.104ms total 104.844ms
12-09 07:48:39.186 W/audio_hw_generic( 1308): Hardware backing HAL too slow, could only write 0 of 661 frames
12-09 07:48:39.199 W/audio_hw_generic( 1308): Hardware backing HAL too slow, could only write 0 of 661 frames
12-09 07:48:39.213 W/audio_hw_generic( 1308): Hardware backing HAL too slow, could only write 0 of 661 frames
12-09 07:48:39.370 W/audio_hw_generic( 1308): Hardware backing HAL too slow, could only write 0 of 661 frames
12-09 07:48:39.386 W/audio_hw_generic( 1308): Not supplying enough data to HAL, expected position 9858534 , only wrote 9858154
12-09 07:48:39.386 W/audio_hw_generic( 1308): Not supplying enough data to HAL, expected position 9858161 , only wrote 9858154
12-09 07:48:39.402 W/audio_hw_generic( 1308): Not supplying enough data to HAL, expected position 9858858 , only wrote 9858815
12-09 07:48:39.568 E/SurfaceFlinger( 1219): ro.sf.lcd_density must be defined as a build property
12-09 07:48:39.569 D/gralloc_ranchu( 1219): gralloc_alloc: Creating ashmem region of size 3686400
12-09 07:48:39.592 D/        ( 6792): HostConnection::get() New Host Connection established 0x7f79bb4d2480, tid 6792
12-09 07:48:39.611 E/EGL_emulation( 1219): tid 1219: eglCreateSyncKHR(1881): error 0x3004 (EGL_BAD_ATTRIBUTE)
12-09 07:48:39.722 W/audio_hw_generic( 1308): Not supplying enough data to HAL, expected position 9872902 , only wrote 9872696
12-09 07:48:39.729 W/audio_hw_generic( 1308): Not supplying enough data to HAL, expected position 9873005 , only wrote 9872696
12-09 07:48:39.749 W/audio_hw_generic( 1308): Not supplying enough data to HAL, expected position 9873589 , only wrote 9873357
12-09 07:48:40.356 I/System.out( 6722): URI: //gesture
12-09 07:48:40.356 I/System.out( 6722): params: {json={"query_timeout":5.0,"gestures":[{"query_string":"android.widget.TabWidget descendant TextView index:2","touches":[{"x":50,"y":50,"offset_x":0,"offset_y":0,"wait":0.0,"time":0.2,"release":true,"query_string":null}]}]}
12-09 07:48:40.357 I/System.out( 6722): }
12-09 07:48:40.527 W/audio_hw_generic( 1308): Not supplying enough data to HAL, expected position 9907656 , only wrote 9905085
12-09 07:48:40.527 W/audio_hw_generic( 1308): Not supplying enough data to HAL, expected position 9905092 , only wrote 9905085
12-09 07:48:40.622 W/audio_hw_generic( 1308): Hardware backing HAL too slow, could only write 0 of 661 frames
12-09 07:48:40.638 W/audio_hw_generic( 1308): Hardware backing HAL too slow, could only write 0 of 661 frames
12-09 07:48:40.652 W/audio_hw_generic( 1308): Hardware backing HAL too slow, could only write 0 of 661 frames
12-09 07:48:40.668 W/audio_hw_generic( 1308): Hardware backing HAL too slow, could only write 0 of 661 frames
12-09 07:48:40.697 W/audio_hw_generic( 1308): Hardware backing HAL too slow, could only write 0 of 661 frames
12-09 07:48:40.838 W/audio_hw_generic( 1308): Not supplying enough data to HAL, expected position 9918822 , only wrote 9918305
12-09 07:48:40.839 W/audio_hw_generic( 1308): Not supplying enough data to HAL, expected position 9918313 , only wrote 9918305
12-09 07:48:40.863 W/audio_hw_generic( 1308): Not supplying enough data to HAL, expected position 9919363 , only wrote 9918966
12-09 07:48:40.878 W/audio_hw_generic( 1308): Hardware backing HAL too slow, could only write 0 of 661 frames
12-09 07:48:40.898 W/audio_hw_generic( 1308): Hardware backing HAL too slow, could only write 0 of 661 frames
12-09 07:48:40.924 W/audio_hw_generic( 1308): Hardware backing HAL too slow, could only write 0 of 661 frames
12-09 07:48:41.106 W/audio_hw_generic( 1308): Not supplying enough data to HAL, expected position 9929692 , only wrote 9928881
12-09 07:48:41.157 W/audio_hw_generic( 1308): Hardware backing HAL too slow, could only write 0 of 661 frames
12-09 07:48:41.174 I/calabash( 6722): newActivity1
12-09 07:48:41.197 W/audio_hw_generic( 1308): Not supplying enough data to HAL, expected position 9932886 , only wrote 9932847
12-09 07:48:41.197 W/audio_hw_generic( 1308): Not supplying enough data to HAL, expected position 9932854 , only wrote 9932847
12-09 07:48:41.203 W/ActivityManager( 1592): Bad activity token: android.os.BinderProxy@1a91b1e
12-09 07:48:41.203 W/ActivityManager( 1592): java.lang.ClassCastException: android.os.BinderProxy cannot be cast to com.android.server.am.ActivityRecord$Token
12-09 07:48:41.203 W/ActivityManager( 1592): 	at com.android.server.am.ActivityRecord.forTokenLocked(ActivityRecord.java:424)
12-09 07:48:41.203 W/ActivityManager( 1592): 	at com.android.server.am.ActivityRecord.isInStackLocked(ActivityRecord.java:1121)
12-09 07:48:41.203 W/ActivityManager( 1592): 	at com.android.server.am.ActivityRecord.getStackLocked(ActivityRecord.java:1126)
12-09 07:48:41.203 W/ActivityManager( 1592): 	at com.android.server.am.ActivityManagerService.getActivityDisplayId(ActivityManagerService.java:8889)
12-09 07:48:41.203 W/ActivityManager( 1592): 	at android.app.ActivityManagerNative.onTransact(ActivityManagerNative.java:2338)
12-09 07:48:41.203 W/ActivityManager( 1592): 	at com.android.server.am.ActivityManagerService.onTransact(ActivityManagerService.java:2443)
12-09 07:48:41.203 W/ActivityManager( 1592): 	at android.os.Binder.execTransact(Binder.java:453)
12-09 07:48:41.205 W/ActivityManager( 1592): Bad activity token: android.os.BinderProxy@1a91b1e
12-09 07:48:41.205 W/ActivityManager( 1592): java.lang.ClassCastException: android.os.BinderProxy cannot be cast to com.android.server.am.ActivityRecord$Token
12-09 07:48:41.205 W/ActivityManager( 1592): 	at com.android.server.am.ActivityRecord.forTokenLocked(ActivityRecord.java:424)
12-09 07:48:41.205 W/ActivityManager( 1592): 	at com.android.server.am.ActivityRecord.isInStackLocked(ActivityRecord.java:1121)
12-09 07:48:41.205 W/ActivityManager( 1592): 	at com.android.server.am.ActivityManagerService.setTaskDescription(ActivityManagerService.java:8547)
12-09 07:48:41.205 W/ActivityManager( 1592): 	at android.app.ActivityManagerNative.onTransact(ActivityManagerNative.java:2410)
12-09 07:48:41.205 W/ActivityManager( 1592): 	at com.android.server.am.ActivityManagerService.onTransact(ActivityManagerService.java:2443)
12-09 07:48:41.205 W/ActivityManager( 1592): 	at android.os.Binder.execTransact(Binder.java:453)
12-09 07:48:41.229 W/audio_hw_generic( 1308): Not supplying enough data to HAL, expected position 9934245 , only wrote 9933508
12-09 07:48:41.249 W/audio_hw_generic( 1308): Not supplying enough data to HAL, expected position 9934412 , only wrote 9934169
12-09 07:48:41.286 D/AudioFlinger( 1308): mixer(0xf4300000) throttle end: throttle time(47)
12-09 07:48:41.330 W/audio_hw_generic( 1308): Not supplying enough data to HAL, expected position 9937729 , only wrote 9937474
12-09 07:48:41.330 W/audio_hw_generic( 1308): Not supplying enough data to HAL, expected position 9937481 , only wrote 9937474
12-09 07:48:41.381 D/VehicleStatisticsActivity( 6722): Checking recalculation ...
12-09 07:48:41.387 D/VehicleStatisticsActivity( 6722): Recalculation not necessary.
12-09 07:48:41.388 W/ActivityManager( 1592): Bad activity token: android.os.BinderProxy@1a91b1e
12-09 07:48:41.388 W/ActivityManager( 1592): java.lang.ClassCastException: android.os.BinderProxy cannot be cast to com.android.server.am.ActivityRecord$Token
12-09 07:48:41.388 W/ActivityManager( 1592): 	at com.android.server.am.ActivityRecord.forTokenLocked(ActivityRecord.java:424)
12-09 07:48:41.388 W/ActivityManager( 1592): 	at com.android.server.am.ActivityRecord.isInStackLocked(ActivityRecord.java:1121)
12-09 07:48:41.388 W/ActivityManager( 1592): 	at com.android.server.am.ActivityManagerService.getActivityOptions(ActivityManagerService.java:11038)
12-09 07:48:41.388 W/ActivityManager( 1592): 	at android.app.ActivityManagerNative.onTransact(ActivityManagerNative.java:1734)
12-09 07:48:41.388 W/ActivityManager( 1592): 	at com.android.server.am.ActivityManagerService.onTransact(ActivityManagerService.java:2443)
12-09 07:48:41.388 W/ActivityManager( 1592): 	at android.os.Binder.execTransact(Binder.java:453)
12-09 07:48:41.388 W/ActivityManager( 1592): Bad activity token: android.os.BinderProxy@1a91b1e
12-09 07:48:41.388 W/ActivityManager( 1592): java.lang.ClassCastException: android.os.BinderProxy cannot be cast to com.android.server.am.ActivityRecord$Token
12-09 07:48:41.388 W/ActivityManager( 1592): 	at com.android.server.am.ActivityRecord.forTokenLocked(ActivityRecord.java:424)
12-09 07:48:41.388 W/ActivityManager( 1592): 	at com.android.server.am.ActivityRecord.isInStackLocked(ActivityRecord.java:1121)
12-09 07:48:41.388 W/ActivityManager( 1592): 	at com.android.server.am.ActivityManagerService.getActivityOptions(ActivityManagerService.java:11038)
12-09 07:48:41.388 W/ActivityManager( 1592): 	at android.app.ActivityManagerNative.onTransact(ActivityManagerNative.java:1734)
12-09 07:48:41.388 W/ActivityManager( 1592): 	at com.android.server.am.ActivityManagerService.onTransact(ActivityManagerService.java:2443)
