--------- beginning of main
12-09 07:42:57.216 D/AndroidRuntime( 5388): >>>>>> START com.android.internal.os.RuntimeInit uid 0 <<<<<<
12-09 07:42:57.223 D/AndroidRuntime( 5388): CheckJNI is ON
12-09 07:42:57.235 D/ICU     ( 5388): No timezone override file found: /data/misc/zoneinfo/current/icu/icu_tzdata.dat
12-09 07:42:57.468 E/memtrack( 5388): Couldn't load memtrack module (No such file or directory)
12-09 07:42:57.474 E/android.os.Debug( 5388): failed to load memtrack module: -2
12-09 07:42:57.475 I/Radio-JNI( 5388): register_android_hardware_Radio DONE
12-09 07:42:57.486 D/AndroidRuntime( 5388): Calling main entry com.android.commands.am.Am
--------- beginning of system
12-09 07:42:57.626 I/ActivityManager( 1591): Force stopping com.evancharlton.mileage appid=10117 user=0: start instr
12-09 07:42:57.626 I/ActivityManager( 1591): Killing 5371:com.evancharlton.mileage/u0a117 (adj 0): stop com.evancharlton.mileage
12-09 07:42:58.162 W/ActivityManager( 1591): Crash of app com.evancharlton.mileage running instrumentation ComponentInfo{com.evancharlton.mileage.test/sh.calaba.instrumentationbackend.ClearAppData2}
12-09 07:42:58.162 I/ActivityManager( 1591): Force stopping com.evancharlton.mileage appid=10117 user=0: finished inst
12-09 07:42:58.239 I/ActivityManager( 1591): Start proc 5397:com.evancharlton.mileage/u0a117 for added application com.evancharlton.mileage
12-09 07:42:58.240 W/art     ( 1591): Long monitor contention event with owner method=boolean com.android.server.am.ActivityManagerService.startInstrumentation(android.content.ComponentName, java.lang.String, int, android.os.Bundle, android.app.IInstrumentationWatcher, android.app.IUiAutomationConnection, int, java.lang.String) from ActivityManagerService.java:17066 waiters=0 for 613ms
12-09 07:42:58.240 D/AndroidRuntime( 5388): Shutting down VM
12-09 07:42:58.242 W/art     ( 1591): Long monitor contention event with owner method=boolean com.android.server.am.ActivityManagerService.startInstrumentation(android.content.ComponentName, java.lang.String, int, android.os.Bundle, android.app.IInstrumentationWatcher, android.app.IUiAutomationConnection, int, java.lang.String) from ActivityManagerService.java:17066 waiters=1 for 588ms
12-09 07:42:58.242 W/ActivityManager( 1591): Spurious death for ProcessRecord{d2563ae 0:com.evancharlton.mileage/u0a117}, curProc for 5371: null
12-09 07:42:58.436 W/System  ( 5397): ClassLoader referenced unknown path: /data/app/com.evancharlton.mileage.test-1/lib/x86_64
12-09 07:42:58.436 W/System  ( 5397): ClassLoader referenced unknown path: /data/app/com.evancharlton.mileage-1/lib/x86_64
12-09 07:42:58.497 I/System.out( 5397): Main activity name automatically set to: com.evancharlton.mileage.Mileage
12-09 07:42:58.498 I/System.out( 5397): Calabash did not load Mono. This is only a problem if you are trying to test a Mono application
12-09 07:42:58.498 I/calabash( 5397): Test server port: 7102
12-09 07:42:58.499 I/InstrumentationBackend( 5397): Added:'GetPreferences', with key:'get_preferences'
12-09 07:42:58.528 I/InstrumentationBackend( 5397): Added:'SetPreferences', with key:'set_preferences'
12-09 07:42:58.534 I/InstrumentationBackend( 5397): Added:'ClearPreferences', with key:'clear_preferences'
12-09 07:42:58.534 I/InstrumentationBackend( 5397): Added:'PressElement', with key:'press_l10n_element'
12-09 07:42:58.535 I/InstrumentationBackend( 5397): Added:'WaitForElement', with key:'wait_for_l10n_element'
12-09 07:42:58.535 I/InstrumentationBackend( 5397): Added:'NullAction', with key:'nullAction'
12-09 07:42:58.535 I/InstrumentationBackend( 5397): Added:'PressKey', with key:'press_key'
12-09 07:42:58.535 I/InstrumentationBackend( 5397): Added:'SetActivityOrientation', with key:'set_activity_orientation'
12-09 07:42:58.535 I/InstrumentationBackend( 5397): Added:'GetActivityOrientation', with key:'get_activity_orientation'
12-09 07:42:58.536 I/InstrumentationBackend( 5397): Added:'FakeGPSLocation', with key:'set_gps_coordinates'
12-09 07:42:58.536 I/InstrumentationBackend( 5397): Added:'SetPropertyByCssSelector', with key:'set_property_by_css_selector'
12-09 07:42:58.536 I/InstrumentationBackend( 5397): Added:'GetUrl', with key:'get_url'
12-09 07:42:58.537 I/InstrumentationBackend( 5397): Added:'ScrollTo', with key:'scroll_to'
12-09 07:42:58.537 I/InstrumentationBackend( 5397): Added:'GetLoadProgress', with key:'get_load_progress'
12-09 07:42:58.537 I/InstrumentationBackend( 5397): Added:'DumpHtml', with key:'dump_html'
12-09 07:42:58.537 I/InstrumentationBackend( 5397): Added:'DumpBodyHtml', with key:'dump_body_html'
12-09 07:42:58.537 I/InstrumentationBackend( 5397): Added:'EnterTextByCssSelector', with key:'enter_text_by_selector'
12-09 07:42:58.539 I/InstrumentationBackend( 5397): Added:'AndroidSDKVersion', with key:'android_sdk_version'
12-09 07:42:58.558 I/InstrumentationBackend( 5397): Added:'Version', with key:'version'
12-09 07:42:58.558 I/InstrumentationBackend( 5397): Added:'Drag', with key:'drag'
12-09 07:42:58.558 I/InstrumentationBackend( 5397): Added:'TouchCoordinates', with key:'touch_coordinate'
12-09 07:42:58.559 I/InstrumentationBackend( 5397): Added:'LongPressCoordinate', with key:'long_press_coordinate'
12-09 07:42:58.559 I/InstrumentationBackend( 5397): Added:'DragCoordinates', with key:'drag_coordinates'
12-09 07:42:58.559 I/InstrumentationBackend( 5397): Added:'ResumeApplication', with key:'resume_application'
12-09 07:42:58.559 I/InstrumentationBackend( 5397): Added:'Swipe', with key:'swipe'
12-09 07:42:58.559 I/InstrumentationBackend( 5397): Added:'DoubleTapCoordinate', with key:'double_tap_coordinate'
12-09 07:42:58.559 I/InstrumentationBackend( 5397): Added:'ClickOnScreen', with key:'click_on_screen'
12-09 07:42:58.560 I/InstrumentationBackend( 5397): Added:'GetActivityName', with key:'get_activity_name'
12-09 07:42:58.560 I/InstrumentationBackend( 5397): Added:'ScrollToView', with key:'scroll_to_view'
12-09 07:42:58.560 I/InstrumentationBackend( 5397): Added:'ViewConfiguration', with key:'view_configuration'
12-09 07:42:58.560 I/InstrumentationBackend( 5397): Added:'IsCurrentActivityFocused', with key:'is_current_activity_focused'
12-09 07:42:58.560 I/InstrumentationBackend( 5397): Added:'SendTcp', with key:'send_tcp'
12-09 07:42:58.561 I/InstrumentationBackend( 5397): Added:'DpToDevicePixel', with key:'dp_to_device_pixel'
12-09 07:42:58.561 I/InstrumentationBackend( 5397): Added:'KeyboardEnterText', with key:'keyboard_enter_text'
12-09 07:42:58.561 I/InstrumentationBackend( 5397): Added:'DeleteSurroundingText', with key:'delete_surrounding_text'
12-09 07:42:58.561 I/InstrumentationBackend( 5397): Added:'SetComposingRegion', with key:'set_composing_region'
12-09 07:42:58.570 I/InstrumentationBackend( 5397): Added:'SetSelection', with key:'set_selection'
12-09 07:42:58.571 I/InstrumentationBackend( 5397): Added:'KeyboardKeyEvent', with key:'keyboard_key_event'
12-09 07:42:58.571 I/InstrumentationBackend( 5397): Added:'PressUserActionButton', with key:'press_user_action_button'
12-09 07:42:58.571 I/InstrumentationBackend( 5397): Added:'HideSoftKeyboard', with key:'hide_soft_keyboard'
12-09 07:42:58.571 I/InstrumentationBackend( 5397): Added:'ListActions', with key:'list_actions'
12-09 07:42:58.572 I/calabash( 5397): Instantiating http server at 7102
12-09 07:42:58.573 I/System.out( 5397): HTTP Daemon listening on: 7102
12-09 07:42:58.629 I/System.out( 5397): URI: //ping
12-09 07:42:58.629 I/System.out( 5397): params: {json={}
12-09 07:42:58.629 I/System.out( 5397): }
12-09 07:42:58.678 I/System.out( 5397): URI: //ping
12-09 07:42:58.678 I/System.out( 5397): params: {json={}
12-09 07:42:58.678 I/System.out( 5397): }
12-09 07:42:58.770 I/System.out( 5397): URI: //ready
12-09 07:42:58.770 I/System.out( 5397): params: {json={}
12-09 07:42:58.770 I/System.out( 5397): }
12-09 07:42:58.818 I/System.out( 5397): URI: //
12-09 07:42:58.818 I/System.out( 5397): params: {json={"command":"version","arguments":[]}
12-09 07:42:58.818 I/System.out( 5397): }
12-09 07:42:58.818 I/System.out( 5397): header: {date=Sun, 09 Dec 2018 07:42:59 GMT, accept=*/*, content-length=36, host=127.0.0.1:34777, user-agent=HTTPClient/1.0 (2.8.3, ruby 2.3.1 (2016-04-26)), content-type=application/json;charset=utf-8}
12-09 07:42:58.818 I/System.out( 5397): params: {json={"command":"version","arguments":[]}
12-09 07:42:58.819 I/System.out( 5397): }
12-09 07:42:58.819 I/System.out( 5397): ProP json = {"command":"version","arguments":[]}
12-09 07:42:58.819 I/System.out( 5397): files: {}
12-09 07:42:58.819 I/System.out( 5397): command: {"command":"version","arguments":[]}
12-09 07:42:58.831 I/InstrumentationBackend( 5397): Got command:'Command:'Line:null,version', arguments:'[]'
12-09 07:42:58.841 I/System.out( 5397): result:{"bonusInformation":[],"message":"0.9.8","success":true}
12-09 07:42:58.918 I/System.out( 5397): URI: //start-application
12-09 07:42:58.918 I/System.out( 5397): params: {json={"intent":null}
12-09 07:42:58.918 I/System.out( 5397): }
12-09 07:42:58.990 I/ActivityManager( 1591): START u0 {act=android.intent.action.MAIN cat=[android.intent.category.LAUNCHER] flg=0x10200000 cmp=com.evancharlton.mileage/.Mileage} from uid 10117 on display 0
12-09 07:42:59.103 I/calabash( 5397): newActivity1
12-09 07:42:59.172 I/calabash( 5397): newActivity1
12-09 07:42:59.178 W/ActivityManager( 1591): Bad activity token: android.os.BinderProxy@d7eb374
12-09 07:42:59.178 W/ActivityManager( 1591): java.lang.ClassCastException: android.os.BinderProxy cannot be cast to com.android.server.am.ActivityRecord$Token
12-09 07:42:59.178 W/ActivityManager( 1591): 	at com.android.server.am.ActivityRecord.forTokenLocked(ActivityRecord.java:424)
12-09 07:42:59.178 W/ActivityManager( 1591): 	at com.android.server.am.ActivityRecord.isInStackLocked(ActivityRecord.java:1121)
12-09 07:42:59.178 W/ActivityManager( 1591): 	at com.android.server.am.ActivityRecord.getStackLocked(ActivityRecord.java:1126)
12-09 07:42:59.178 W/ActivityManager( 1591): 	at com.android.server.am.ActivityManagerService.getActivityDisplayId(ActivityManagerService.java:8889)
12-09 07:42:59.178 W/ActivityManager( 1591): 	at android.app.ActivityManagerNative.onTransact(ActivityManagerNative.java:2338)
12-09 07:42:59.178 W/ActivityManager( 1591): 	at com.android.server.am.ActivityManagerService.onTransact(ActivityManagerService.java:2443)
12-09 07:42:59.178 W/ActivityManager( 1591): 	at android.os.Binder.execTransact(Binder.java:453)
12-09 07:42:59.183 W/ActivityManager( 1591): Bad activity token: android.os.BinderProxy@d7eb374
12-09 07:42:59.183 W/ActivityManager( 1591): java.lang.ClassCastException: android.os.BinderProxy cannot be cast to com.android.server.am.ActivityRecord$Token
12-09 07:42:59.183 W/ActivityManager( 1591): 	at com.android.server.am.ActivityRecord.forTokenLocked(ActivityRecord.java:424)
12-09 07:42:59.183 W/ActivityManager( 1591): 	at com.android.server.am.ActivityRecord.isInStackLocked(ActivityRecord.java:1121)
12-09 07:42:59.183 W/ActivityManager( 1591): 	at com.android.server.am.ActivityManagerService.setTaskDescription(ActivityManagerService.java:8547)
12-09 07:42:59.183 W/ActivityManager( 1591): 	at android.app.ActivityManagerNative.onTransact(ActivityManagerNative.java:2410)
12-09 07:42:59.183 W/ActivityManager( 1591): 	at com.android.server.am.ActivityManagerService.onTransact(ActivityManagerService.java:2443)
12-09 07:42:59.183 W/ActivityManager( 1591): 	at android.os.Binder.execTransact(Binder.java:453)
12-09 07:42:59.255 I/art     ( 5397): Background partial concurrent mark sweep GC freed 34486(1896KB) AllocSpace objects, 10(200KB) LOS objects, 39% free, 1539KB/2MB, paused 13.923ms total 32.403ms
12-09 07:42:59.268 D/gralloc_ranchu( 1219): gralloc_alloc: Creating ashmem region of size 3686400
12-09 07:42:59.666 D/hwcomposer( 1219): hw_composer sent 772 syncs in 60s
12-09 07:42:59.675 D/EGL_emulation( 1958): eglMakeCurrent: 0x7fe594cb4dc0: ver 2 0 (tinfo 0x7fe594c82fa0)
12-09 07:42:59.694 E/Surface ( 1958): getSlotFromBufferLocked: unknown buffer: 0x7fe59125a3e0
12-09 07:42:59.718 V/PhoneStatusBar( 1683): setLightsOn(true)
12-09 07:42:59.807 D/FillupsProvider( 5397): Creating database
12-09 07:42:59.851 W/art     ( 1591): Long monitor contention event with owner method=void com.android.server.wm.WindowAnimator$1.doFrame(long) from WindowAnimator.java:121 waiters=0 for 152ms
12-09 07:43:00.226 W/ActivityManager( 1591): Bad activity token: android.os.BinderProxy@d7eb374
12-09 07:43:00.226 W/ActivityManager( 1591): java.lang.ClassCastException: android.os.BinderProxy cannot be cast to com.android.server.am.ActivityRecord$Token
12-09 07:43:00.226 W/ActivityManager( 1591): 	at com.android.server.am.ActivityRecord.forTokenLocked(ActivityRecord.java:424)
12-09 07:43:00.226 W/ActivityManager( 1591): 	at com.android.server.am.ActivityRecord.isInStackLocked(ActivityRecord.java:1121)
12-09 07:43:00.226 W/ActivityManager( 1591): 	at com.android.server.am.ActivityManagerService.getActivityOptions(ActivityManagerService.java:11038)
12-09 07:43:00.226 W/ActivityManager( 1591): 	at android.app.ActivityManagerNative.onTransact(ActivityManagerNative.java:1734)
12-09 07:43:00.226 W/ActivityManager( 1591): 	at com.android.server.am.ActivityManagerService.onTransact(ActivityManagerService.java:2443)
12-09 07:43:00.226 W/ActivityManager( 1591): 	at android.os.Binder.execTransact(Binder.java:453)
12-09 07:43:00.227 W/ActivityManager( 1591): Bad activity token: android.os.BinderProxy@d7eb374
12-09 07:43:00.227 W/ActivityManager( 1591): java.lang.ClassCastException: android.os.BinderProxy cannot be cast to com.android.server.am.ActivityRecord$Token
12-09 07:43:00.227 W/ActivityManager( 1591): 	at com.android.server.am.ActivityRecord.forTokenLocked(ActivityRecord.java:424)
12-09 07:43:00.227 W/ActivityManager( 1591): 	at com.android.server.am.ActivityRecord.isInStackLocked(ActivityRecord.java:1121)
12-09 07:43:00.227 W/ActivityManager( 1591): 	at com.android.server.am.ActivityManagerService.getActivityOptions(ActivityManagerService.java:11038)
12-09 07:43:00.227 W/ActivityManager( 1591): 	at android.app.ActivityManagerNative.onTransact(ActivityManagerNative.java:1734)
12-09 07:43:00.227 W/ActivityManager( 1591): 	at com.android.server.am.ActivityManagerService.onTransact(ActivityManagerService.java:2443)
12-09 07:43:00.227 W/ActivityManager( 1591): 	at android.os.Binder.execTransact(Binder.java:453)
12-09 07:43:00.754 I/art     ( 1591): Background partial concurrent mark sweep GC freed 34767(2MB) AllocSpace objects, 17(340KB) LOS objects, 29% free, 9MB/13MB, paused 13.242ms total 73.599ms
12-09 07:43:00.993 D/gralloc_ranchu( 1219): gralloc_alloc: Creating ashmem region of size 3686400
12-09 07:43:01.034 D/        ( 5397): HostConnection::get() New Host Connection established 0x7fe592c05f00, tid 5397
12-09 07:43:01.084 I/ActivityManager( 1591): Displayed com.evancharlton.mileage/.Mileage: +1s998ms
12-09 07:43:01.117 D/gralloc_ranchu( 1219): gralloc_alloc: Creating ashmem region of size 3686400
12-09 07:43:01.654 W/art     ( 5397): Suspending all threads took: 15.594ms
12-09 07:43:01.676 I/art     ( 5397): Background sticky concurrent mark sweep GC freed 7806(454KB) AllocSpace objects, 0(0B) LOS objects, 24% free, 1949KB/2MB, paused 16.677ms total 135.876ms
12-09 07:43:01.758 I/System.out( 5397): URI: //
12-09 07:43:01.758 I/System.out( 5397): params: {json={"command":"set_activity_orientation","arguments":["landscape"]}
12-09 07:43:01.758 I/System.out( 5397): }
12-09 07:43:01.758 I/System.out( 5397): header: {date=Sun, 09 Dec 2018 07:43:02 GMT, accept=*/*, content-length=64, host=127.0.0.1:34777, user-agent=HTTPClient/1.0 (2.8.3, ruby 2.3.1 (2016-04-26)), content-type=application/json;charset=utf-8}
12-09 07:43:01.758 I/System.out( 5397): params: {json={"command":"set_activity_orientation","arguments":["landscape"]}
12-09 07:43:01.758 I/System.out( 5397): }
12-09 07:43:01.758 I/System.out( 5397): ProP json = {"command":"set_activity_orientation","arguments":["landscape"]}
12-09 07:43:01.758 I/System.out( 5397): files: {}
12-09 07:43:01.758 I/System.out( 5397): command: {"command":"set_activity_orientation","arguments":["landscape"]}
12-09 07:43:01.759 I/InstrumentationBackend( 5397): Got command:'Command:'Line:null,set_activity_orientation', arguments:'[landscape]'
12-09 07:43:01.762 D/gralloc_ranchu( 1219): gralloc_alloc: Creating ashmem region of size 3686400
12-09 07:43:01.846 E/EGL_emulation( 1219): tid 1219: eglCreateSyncKHR(1881): error 0x3004 (EGL_BAD_ATTRIBUTE)
12-09 07:43:01.960 I/ActivityManager( 1591): Config changes=480 {1.0 310mcc260mnc en_US ldltr sw720dp w1280dp h696dp 160dpi xlrg long land finger -keyb/v/h tball/v s.11}
12-09 07:43:02.075 W/art     ( 1591): Long monitor contention event with owner method=void com.android.server.wm.WindowManagerService.setNewConfiguration(android.content.res.Configuration) from WindowManagerService.java:4043 waiters=0 for 114ms
12-09 07:43:02.077 I/InputReader( 1591): Reconfiguring input devices.  changes=0x00000004
12-09 07:43:02.077 I/InputReader( 1591): Device reconfigured: id=0, name='qwerty2', size 720x1280, orientation 1, mode 1, display id 0
12-09 07:43:02.142 I/calabash( 5397): newActivity1
12-09 07:43:02.145 I/calabash( 5397): newActivity1
12-09 07:43:02.145 W/ActivityManager( 1591): Bad activity token: android.os.BinderProxy@7e642d1
12-09 07:43:02.145 W/ActivityManager( 1591): java.lang.ClassCastException: android.os.BinderProxy cannot be cast to com.android.server.am.ActivityRecord$Token
12-09 07:43:02.145 W/ActivityManager( 1591): 	at com.android.server.am.ActivityRecord.forTokenLocked(ActivityRecord.java:424)
12-09 07:43:02.145 W/ActivityManager( 1591): 	at com.android.server.am.ActivityRecord.isInStackLocked(ActivityRecord.java:1121)
12-09 07:43:02.145 W/ActivityManager( 1591): 	at com.android.server.am.ActivityRecord.getStackLocked(ActivityRecord.java:1126)
12-09 07:43:02.145 W/ActivityManager( 1591): 	at com.android.server.am.ActivityManagerService.getActivityDisplayId(ActivityManagerService.java:8889)
12-09 07:43:02.145 W/ActivityManager( 1591): 	at android.app.ActivityManagerNative.onTransact(ActivityManagerNative.java:2338)
12-09 07:43:02.145 W/ActivityManager( 1591): 	at com.android.server.am.ActivityManagerService.onTransact(ActivityManagerService.java:2443)
12-09 07:43:02.145 W/ActivityManager( 1591): 	at android.os.Binder.execTransact(Binder.java:453)
12-09 07:43:02.151 W/ActivityManager( 1591): Bad activity token: android.os.BinderProxy@7e642d1
12-09 07:43:02.151 W/ActivityManager( 1591): java.lang.ClassCastException: android.os.BinderProxy cannot be cast to com.android.server.am.ActivityRecord$Token
12-09 07:43:02.151 W/ActivityManager( 1591): 	at com.android.server.am.ActivityRecord.forTokenLocked(ActivityRecord.java:424)
12-09 07:43:02.151 W/ActivityManager( 1591): 	at com.android.server.am.ActivityRecord.isInStackLocked(ActivityRecord.java:1121)
12-09 07:43:02.151 W/ActivityManager( 1591): 	at com.android.server.am.ActivityManagerService.setTaskDescription(ActivityManagerService.java:8547)
12-09 07:43:02.151 W/ActivityManager( 1591): 	at android.app.ActivityManagerNative.onTransact(ActivityManagerNative.java:2410)
12-09 07:43:02.151 W/ActivityManager( 1591): 	at com.android.server.am.ActivityManagerService.onTransact(ActivityManagerService.java:2443)
12-09 07:43:02.151 W/ActivityManager( 1591): 	at android.os.Binder.execTransact(Binder.java:453)
12-09 07:43:02.165 W/ActivityManager( 1591): Bad activity token: android.os.BinderProxy@7e642d1
12-09 07:43:02.165 W/ActivityManager( 1591): java.lang.ClassCastException: android.os.BinderProxy cannot be cast to com.android.server.am.ActivityRecord$Token
12-09 07:43:02.165 W/ActivityManager( 1591): 	at com.android.server.am.ActivityRecord.forTokenLocked(ActivityRecord.java:424)
12-09 07:43:02.165 W/ActivityManager( 1591): 	at com.android.server.am.ActivityRecord.isInStackLocked(ActivityRecord.java:1121)
12-09 07:43:02.165 W/ActivityManager( 1591): 	at com.android.server.am.ActivityManagerService.getActivityOptions(ActivityManagerService.java:11038)
12-09 07:43:02.165 W/ActivityManager( 1591): 	at android.app.ActivityManagerNative.onTransact(ActivityManagerNative.java:1734)
12-09 07:43:02.165 W/ActivityManager( 1591): 	at com.android.server.am.ActivityManagerService.onTransact(ActivityManagerService.java:2443)
12-09 07:43:02.165 W/ActivityManager( 1591): 	at android.os.Binder.execTransact(Binder.java:453)
12-09 07:43:02.170 W/ActivityManager( 1591): Bad activity token: android.os.BinderProxy@7e642d1
12-09 07:43:02.170 W/ActivityManager( 1591): java.lang.ClassCastException: android.os.BinderProxy cannot be cast to com.android.server.am.ActivityRecord$Token
12-09 07:43:02.170 W/ActivityManager( 1591): 	at com.android.server.am.ActivityRecord.forTokenLocked(ActivityRecord.java:424)
12-09 07:43:02.170 W/ActivityManager( 1591): 	at com.android.server.am.ActivityRecord.isInStackLocked(ActivityRecord.java:1121)
12-09 07:43:02.170 W/ActivityManager( 1591): 	at com.android.server.am.ActivityManagerService.getActivityOptions(ActivityManagerService.java:11038)
12-09 07:43:02.170 W/ActivityManager( 1591): 	at android.app.ActivityManagerNative.onTransact(ActivityManagerNative.java:1734)
12-09 07:43:02.170 W/ActivityManager( 1591): 	at com.android.server.am.ActivityManagerService.onTransact(ActivityManagerService.java:2443)
12-09 07:43:02.170 W/ActivityManager( 1591): 	at android.os.Binder.execTransact(Binder.java:453)
12-09 07:43:02.215 I/System.out( 5397): result:{"bonusInformation":[],"message":"","success":true}
12-09 07:43:02.325 D/EGL_emulation( 1683): eglMakeCurrent: 0x7fe592c097c0: ver 2 0 (tinfo 0x7fe5887cea80)
12-09 07:43:02.331 E/Surface ( 1683): getSlotFromBufferLocked: unknown buffer: 0x7fe592c0bac0
12-09 07:43:02.335 D/EGL_emulation( 1683): eglMakeCurrent: 0x7fe592c097c0: ver 2 0 (tinfo 0x7fe5887cea80)
12-09 07:43:02.371 D/gralloc_ranchu( 1219): gralloc_alloc: Creating ashmem region of size 3686400
12-09 07:43:02.556 D/gralloc_ranchu( 1219): gralloc_alloc: Creating ashmem region of size 3686400
12-09 07:43:02.650 I/WindowManager( 1591): Screen frozen for +890ms due to Window{fc13837 u0 com.evancharlton.mileage/com.evancharlton.mileage.Mileage}
12-09 07:43:04.386 W/SurfaceFlinger( 1219): Timed out waiting for hw vsync; faking it
12-09 07:43:04.445 E/SurfaceFlinger( 1219): ro.sf.lcd_density must be defined as a build property
12-09 07:43:04.487 W/SurfaceFlinger( 1219): Timed out waiting for hw vsync; faking it
12-09 07:43:04.616 D/gralloc_ranchu( 1219): gralloc_alloc: Creating ashmem region of size 3686400
12-09 07:43:04.629 D/        ( 5425): HostConnection::get() New Host Connection established 0x7fdee7752480, tid 5425
12-09 07:43:04.676 E/EGL_emulation( 1219): tid 1219: eglCreateSyncKHR(1881): error 0x3004 (EGL_BAD_ATTRIBUTE)
12-09 07:43:05.390 W/SurfaceFlinger( 1219): Timed out waiting for hw vsync; faking it
12-09 07:43:05.675 I/System.out( 5397): URI: //
12-09 07:43:05.675 I/System.out( 5397): params: {json={"command":"set_activity_orientation","arguments":["portrait"]}
12-09 07:43:05.675 I/System.out( 5397): }
12-09 07:43:05.675 I/System.out( 5397): header: {date=Sun, 09 Dec 2018 07:43:06 GMT, accept=*/*, content-length=63, host=127.0.0.1:34777, user-agent=HTTPClient/1.0 (2.8.3, ruby 2.3.1 (2016-04-26)), content-type=application/json;charset=utf-8}
12-09 07:43:05.675 I/System.out( 5397): params: {json={"command":"set_activity_orientation","arguments":["portrait"]}
12-09 07:43:05.675 I/System.out( 5397): }
12-09 07:43:05.675 I/System.out( 5397): ProP json = {"command":"set_activity_orientation","arguments":["portrait"]}
12-09 07:43:05.675 I/System.out( 5397): files: {}
12-09 07:43:05.675 I/System.out( 5397): command: {"command":"set_activity_orientation","arguments":["portrait"]}
12-09 07:43:05.676 I/InstrumentationBackend( 5397): Got command:'Command:'Line:null,set_activity_orientation', arguments:'[portrait]'
12-09 07:43:05.758 W/SurfaceFlinger( 1219): Timed out waiting for hw vsync; faking it
12-09 07:43:05.796 I/System.out( 5397): result:{"bonusInformation":[],"message":"","success":true}
12-09 07:43:05.799 D/gralloc_ranchu( 1219): gralloc_alloc: Creating ashmem region of size 3686400
12-09 07:43:05.850 E/EGL_emulation( 1219): tid 1219: eglCreateSyncKHR(1881): error 0x3004 (EGL_BAD_ATTRIBUTE)
12-09 07:43:06.064 I/ActivityManager( 1591): Config changes=480 {1.0 310mcc260mnc en_US ldltr sw720dp w720dp h1256dp 160dpi xlrg long port finger -keyb/v/h tball/v s.12}
12-09 07:43:06.066 I/InputReader( 1591): Reconfiguring input devices.  changes=0x00000004
12-09 07:43:06.066 I/InputReader( 1591): Device reconfigured: id=0, name='qwerty2', size 720x1280, orientation 0, mode 1, display id 0
12-09 07:43:06.267 W/art     ( 1591): Long monitor contention event with owner method=void com.android.server.am.ActivityManagerService.updateConfiguration(android.content.res.Configuration) from ActivityManagerService.java:17276 waiters=0 for 201ms
12-09 07:43:06.495 I/calabash( 5397): newActivity1
12-09 07:43:06.497 I/calabash( 5397): newActivity1
12-09 07:43:06.560 W/ActivityManager( 1591): Bad activity token: android.os.BinderProxy@578f72f
12-09 07:43:06.560 W/ActivityManager( 1591): java.lang.ClassCastException: android.os.BinderProxy cannot be cast to com.android.server.am.ActivityRecord$Token
12-09 07:43:06.560 W/ActivityManager( 1591): 	at com.android.server.am.ActivityRecord.forTokenLocked(ActivityRecord.java:424)
12-09 07:43:06.560 W/ActivityManager( 1591): 	at com.android.server.am.ActivityRecord.isInStackLocked(ActivityRecord.java:1121)
12-09 07:43:06.560 W/ActivityManager( 1591): 	at com.android.server.am.ActivityRecord.getStackLocked(ActivityRecord.java:1126)
12-09 07:43:06.560 W/ActivityManager( 1591): 	at com.android.server.am.ActivityManagerService.getActivityDisplayId(ActivityManagerService.java:8889)
12-09 07:43:06.560 W/ActivityManager( 1591): 	at android.app.ActivityManagerNative.onTransact(ActivityManagerNative.java:2338)
12-09 07:43:06.560 W/ActivityManager( 1591): 	at com.android.server.am.ActivityManagerService.onTransact(ActivityManagerService.java:2443)
12-09 07:43:06.560 W/ActivityManager( 1591): 	at android.os.Binder.execTransact(Binder.java:453)
12-09 07:43:06.575 W/ActivityManager( 1591): Bad activity token: android.os.BinderProxy@578f72f
12-09 07:43:06.575 W/ActivityManager( 1591): java.lang.ClassCastException: android.os.BinderProxy cannot be cast to com.android.server.am.ActivityRecord$Token
12-09 07:43:06.575 W/ActivityManager( 1591): 	at com.android.server.am.ActivityRecord.forTokenLocked(ActivityRecord.java:424)
12-09 07:43:06.575 W/ActivityManager( 1591): 	at com.android.server.am.ActivityRecord.isInStackLocked(ActivityRecord.java:1121)
12-09 07:43:06.575 W/ActivityManager( 1591): 	at com.android.server.am.ActivityManagerService.setTaskDescription(ActivityManagerService.java:8547)
12-09 07:43:06.575 W/ActivityManager( 1591): 	at android.app.ActivityManagerNative.onTransact(ActivityManagerNative.java:2410)
12-09 07:43:06.575 W/ActivityManager( 1591): 	at com.android.server.am.ActivityManagerService.onTransact(ActivityManagerService.java:2443)
12-09 07:43:06.575 W/ActivityManager( 1591): 	at android.os.Binder.execTransact(Binder.java:453)
12-09 07:43:06.579 I/art     ( 5397): Background partial concurrent mark sweep GC freed 15529(781KB) AllocSpace objects, 4(80KB) LOS objects, 39% free, 2MB/3MB, paused 13.283ms total 64.714ms
12-09 07:43:06.602 D/EGL_emulation( 1683): eglMakeCurrent: 0x7fe592c097c0: ver 2 0 (tinfo 0x7fe5887cea80)
12-09 07:43:06.603 E/Surface ( 1683): getSlotFromBufferLocked: unknown buffer: 0x7fe592c0a3a0
12-09 07:43:06.651 W/ActivityManager( 1591): Bad activity token: android.os.BinderProxy@578f72f
12-09 07:43:06.651 W/ActivityManager( 1591): java.lang.ClassCastException: android.os.BinderProxy cannot be cast to com.android.server.am.ActivityRecord$Token
12-09 07:43:06.651 W/ActivityManager( 1591): 	at com.android.server.am.ActivityRecord.forTokenLocked(ActivityRecord.java:424)
12-09 07:43:06.651 W/ActivityManager( 1591): 	at com.android.server.am.ActivityRecord.isInStackLocked(ActivityRecord.java:1121)
12-09 07:43:06.651 W/ActivityManager( 1591): 	at com.android.server.am.ActivityManagerService.getActivityOptions(ActivityManagerService.java:11038)
12-09 07:43:06.651 W/ActivityManager( 1591): 	at android.app.ActivityManagerNative.onTransact(ActivityManagerNative.java:1734)
12-09 07:43:06.651 W/ActivityManager( 1591): 	at com.android.server.am.ActivityManagerService.onTransact(ActivityManagerService.java:2443)
12-09 07:43:06.651 W/ActivityManager( 1591): 	at android.os.Binder.execTransact(Binder.java:453)
12-09 07:43:06.651 W/ActivityManager( 1591): Bad activity token: android.os.BinderProxy@578f72f
12-09 07:43:06.651 W/ActivityManager( 1591): java.lang.ClassCastException: android.os.BinderProxy cannot be cast to com.android.server.am.ActivityRecord$Token
12-09 07:43:06.651 W/ActivityManager( 1591): 	at com.android.server.am.ActivityRecord.forTokenLocked(ActivityRecord.java:424)
12-09 07:43:06.651 W/ActivityManager( 1591): 	at com.android.server.am.ActivityRecord.isInStackLocked(ActivityRecord.java:1121)
12-09 07:43:06.651 W/ActivityManager( 1591): 	at com.android.server.am.ActivityManagerService.getActivityOptions(ActivityManagerService.java:11038)
12-09 07:43:06.651 W/ActivityManager( 1591): 	at android.app.ActivityManagerNative.onTransact(ActivityManagerNative.java:1734)
12-09 07:43:06.651 W/ActivityManager( 1591): 	at com.android.server.am.ActivityManagerService.onTransact(ActivityManagerService.java:2443)
12-09 07:43:06.651 W/ActivityManager( 1591): 	at android.os.Binder.execTransact(Binder.java:453)
12-09 07:43:06.666 D/EGL_emulation( 1683): eglMakeCurrent: 0x7fe592c097c0: ver 2 0 (tinfo 0x7fe5887cea80)
12-09 07:43:06.868 D/gralloc_ranchu( 1219): gralloc_alloc: Creating ashmem region of size 3686400
12-09 07:43:07.062 D/gralloc_ranchu( 1219): gralloc_alloc: Creating ashmem region of size 3686400
12-09 07:43:07.068 I/WindowManager( 1591): Screen frozen for +1s285ms due to Window{e9bec5 u0 com.evancharlton.mileage/com.evancharlton.mileage.Mileage}
12-09 07:43:07.635 W/art     ( 1591): Long monitor contention event with owner method=void com.android.server.wm.WindowManagerService$H.handleMessage(android.os.Message) from WindowManagerService.java:7820 waiters=0 for 445ms
12-09 07:43:08.333 D/gralloc_ranchu( 1219): gralloc_alloc: Creating ashmem region of size 3686400
12-09 07:43:08.388 E/SurfaceFlinger( 1219): ro.sf.lcd_density must be defined as a build property
12-09 07:43:08.644 D/gralloc_ranchu( 1219): gralloc_alloc: Creating ashmem region of size 3686400
12-09 07:43:08.674 D/        ( 5434): HostConnection::get() New Host Connection established 0x7f5c36052480, tid 5434
12-09 07:43:08.766 E/EGL_emulation( 1219): tid 1219: eglCreateSyncKHR(1881): error 0x3004 (EGL_BAD_ATTRIBUTE)
