--------- beginning of main
12-09 08:20:15.724 D/gralloc_ranchu( 1219): gralloc_alloc: Creating ashmem region of size 708608
12-09 08:20:15.742 W/audio_hw_generic( 1309): Not supplying enough data to HAL, expected position 32310591 , only wrote 32310341
12-09 08:20:15.780 E/EGL_emulation( 1219): tid 1219: eglCreateSyncKHR(1881): error 0x3004 (EGL_BAD_ATTRIBUTE)
12-09 08:20:15.845 W/audio_hw_generic( 1309): Not supplying enough data to HAL, expected position 32314910 , only wrote 32314307
12-09 08:20:15.845 W/audio_hw_generic( 1309): Not supplying enough data to HAL, expected position 32314314 , only wrote 32314307
12-09 08:20:15.906 W/audio_hw_generic( 1309): Hardware backing HAL too slow, could only write 0 of 661 frames
--------- beginning of system
12-09 08:20:15.963 W/ActivityManager( 1592): Finishing task with all activities already finished
12-09 08:20:15.963 W/ActivityManager( 1592): Duplicate finish request for ActivityRecord{eff9fa u0 com.evancharlton.mileage/.Mileage t444 f}
12-09 08:20:15.963 W/ActivityManager( 1592): Finishing task with all activities already finished
12-09 08:20:15.963 W/ActivityManager( 1592): Duplicate finish request for ActivityRecord{eff9fa u0 com.evancharlton.mileage/.Mileage t444 f}
12-09 08:20:15.963 W/ActivityManager( 1592): Finishing task with all activities already finished
12-09 08:20:15.963 W/ActivityManager( 1592): Duplicate finish request for ActivityRecord{eff9fa u0 com.evancharlton.mileage/.Mileage t444 f}
12-09 08:20:16.018 W/audio_hw_generic( 1309): Not supplying enough data to HAL, expected position 32321916 , only wrote 32321578
12-09 08:20:16.018 W/audio_hw_generic( 1309): Not supplying enough data to HAL, expected position 32321585 , only wrote 32321578
12-09 08:20:16.034 W/audio_hw_generic( 1309): Not supplying enough data to HAL, expected position 32322274 , only wrote 32322239
12-09 08:20:16.087 I/art     ( 1592): Background partial concurrent mark sweep GC freed 20918(1554KB) AllocSpace objects, 7(140KB) LOS objects, 29% free, 9MB/13MB, paused 8.018ms total 177.991ms
12-09 08:20:16.212 D/EGL_emulation( 1917): eglMakeCurrent: 0x7fdaa6961d20: ver 2 0 (tinfo 0x7fdaa69428e0)
12-09 08:20:16.294 W/audio_hw_generic( 1309): Not supplying enough data to HAL, expected position 32333713 , only wrote 32332815
12-09 08:20:16.294 W/audio_hw_generic( 1309): Not supplying enough data to HAL, expected position 32332822 , only wrote 32332815
12-09 08:20:16.310 W/audio_hw_generic( 1309): Not supplying enough data to HAL, expected position 32333503 , only wrote 32333476
12-09 08:20:16.358 W/audio_hw_generic( 1309): Hardware backing HAL too slow, could only write 0 of 661 frames
12-09 08:20:16.440 W/audio_hw_generic( 1309): Not supplying enough data to HAL, expected position 32339198 , only wrote 32336781
12-09 08:20:16.502 W/audio_hw_generic( 1309): Hardware backing HAL too slow, could only write 0 of 661 frames
12-09 08:20:16.531 W/audio_hw_generic( 1309): Hardware backing HAL too slow, could only write 0 of 661 frames
12-09 08:20:16.531 W/audio_hw_generic( 1309): Hardware backing HAL too slow, could only write 0 of 661 frames
12-09 08:20:16.742 W/audio_hw_generic( 1309): Not supplying enough data to HAL, expected position 32350115 , only wrote 32349340
12-09 08:20:16.773 W/art     ( 1592): Long monitor contention event with owner method=void com.android.server.wm.WindowAnimator$1.doFrame(long) from WindowAnimator.java:121 waiters=0 for 112ms
12-09 08:20:16.785 W/audio_hw_generic( 1309): Not supplying enough data to HAL, expected position 32351223 , only wrote 32350662
12-09 08:20:16.914 W/audio_hw_generic( 1309): Not supplying enough data to HAL, expected position 32356388 , only wrote 32354628
12-09 08:20:17.113 D/AndroidRuntime(15433): >>>>>> START com.android.internal.os.RuntimeInit uid 0 <<<<<<
12-09 08:20:17.119 D/AndroidRuntime(15433): CheckJNI is ON
12-09 08:20:17.163 D/ICU     (15433): No timezone override file found: /data/misc/zoneinfo/current/icu/icu_tzdata.dat
12-09 08:20:17.171 W/art     ( 1592): Long monitor contention event with owner method=void com.android.server.wm.WindowAnimator$1.doFrame(long) from WindowAnimator.java:121 waiters=1 for 108ms
12-09 08:20:17.255 E/memtrack(15433): Couldn't load memtrack module (No such file or directory)
12-09 08:20:17.255 E/android.os.Debug(15433): failed to load memtrack module: -2
12-09 08:20:17.256 I/Radio-JNI(15433): register_android_hardware_Radio DONE
12-09 08:20:17.294 D/AndroidRuntime(15433): Calling main entry com.android.commands.am.Am
12-09 08:20:17.630 W/art     ( 1592): Long monitor contention event with owner method=void com.android.server.wm.WindowAnimator$1.doFrame(long) from WindowAnimator.java:121 waiters=1 for 148ms
12-09 08:20:17.631 I/Choreographer( 1917): Skipped 76 frames!  The application may be doing too much work on its main thread.
12-09 08:20:17.632 W/art     ( 1592): Long monitor contention event with owner method=java.util.List com.android.server.am.ActivityManagerService.getAllStackInfos() from ActivityManagerService.java:8937 waiters=0 for 337ms
12-09 08:20:17.632 I/ActivityManager( 1592): Force stopping com.evancharlton.mileage appid=10135 user=0: start instr
12-09 08:20:17.632 I/ActivityManager( 1592): Killing 15394:com.evancharlton.mileage/u0a135 (adj 0): stop com.evancharlton.mileage
12-09 08:20:17.662 W/OpenGLRenderer( 1917): Incorrectly called buildLayer on View: ShortcutAndWidgetContainer, destroying layer...
12-09 08:20:17.855 W/ActivityManager( 1592): Crash of app com.evancharlton.mileage running instrumentation ComponentInfo{com.evancharlton.mileage.test/sh.calaba.instrumentationbackend.CalabashInstrumentationTestRunner}
12-09 08:20:17.855 I/ActivityManager( 1592): Force stopping com.evancharlton.mileage appid=10135 user=0: finished inst
12-09 08:20:17.941 I/WindowState( 1592): WIN DEATH: Window{3a2f59b u0 com.evancharlton.mileage/com.evancharlton.mileage.Mileage EXITING}
12-09 08:20:17.942 I/WindowState( 1592): WIN DEATH: Window{f4bad4d u0 PopupWindow:19320ca EXITING}
12-09 08:20:17.980 I/ActivityManager( 1592): Start proc 15442:com.evancharlton.mileage/u0a135 for added application com.evancharlton.mileage
12-09 08:20:17.980 W/art     ( 1592): Long monitor contention event with owner method=boolean com.android.server.am.ActivityManagerService.startInstrumentation(android.content.ComponentName, java.lang.String, int, android.os.Bundle, android.app.IInstrumentationWatcher, android.app.IUiAutomationConnection, int, java.lang.String) from ActivityManagerService.java:17066 waiters=0 for 342ms
12-09 08:20:17.981 D/AndroidRuntime(15433): Shutting down VM
12-09 08:20:17.994 W/art     ( 1592): Long monitor contention event with owner method=boolean com.android.server.am.ActivityManagerService.startInstrumentation(android.content.ComponentName, java.lang.String, int, android.os.Bundle, android.app.IInstrumentationWatcher, android.app.IUiAutomationConnection, int, java.lang.String) from ActivityManagerService.java:17066 waiters=1 for 356ms
12-09 08:20:18.118 W/art     ( 1592): Long monitor contention event with owner method=boolean com.android.server.am.ActivityManagerService.startInstrumentation(android.content.ComponentName, java.lang.String, int, android.os.Bundle, android.app.IInstrumentationWatcher, android.app.IUiAutomationConnection, int, java.lang.String) from ActivityManagerService.java:17066 waiters=2 for 476ms
12-09 08:20:18.118 W/art     ( 1592): Long monitor contention event with owner method=boolean com.android.server.am.ActivityManagerService.startInstrumentation(android.content.ComponentName, java.lang.String, int, android.os.Bundle, android.app.IInstrumentationWatcher, android.app.IUiAutomationConnection, int, java.lang.String) from ActivityManagerService.java:17066 waiters=3 for 450ms
12-09 08:20:18.119 W/ActivityManager( 1592): Spurious death for ProcessRecord{5fe6081 0:com.evancharlton.mileage/u0a135}, curProc for 15394: null
12-09 08:20:18.119 W/art     ( 1592): Long monitor contention event with owner method=boolean com.android.server.am.ActivityManagerService.startInstrumentation(android.content.ComponentName, java.lang.String, int, android.os.Bundle, android.app.IInstrumentationWatcher, android.app.IUiAutomationConnection, int, java.lang.String) from ActivityManagerService.java:17066 waiters=5 for 178ms
12-09 08:20:18.291 W/WindowAnimator( 1592): Failed to dispatch window animation state change.
12-09 08:20:18.291 W/WindowAnimator( 1592): android.os.DeadObjectException
12-09 08:20:18.291 W/WindowAnimator( 1592): 	at android.os.BinderProxy.transactNative(Native Method)
12-09 08:20:18.291 W/WindowAnimator( 1592): 	at android.os.BinderProxy.transact(Binder.java:503)
12-09 08:20:18.291 W/WindowAnimator( 1592): 	at android.view.IWindow$Stub$Proxy.onAnimationStopped(IWindow.java:534)
12-09 08:20:18.291 W/WindowAnimator( 1592): 	at com.android.server.wm.WindowAnimator.updateWindowsLocked(WindowAnimator.java:286)
12-09 08:20:18.291 W/WindowAnimator( 1592): 	at com.android.server.wm.WindowAnimator.animateLocked(WindowAnimator.java:678)
12-09 08:20:18.291 W/WindowAnimator( 1592): 	at com.android.server.wm.WindowAnimator.-wrap0(WindowAnimator.java)
12-09 08:20:18.291 W/WindowAnimator( 1592): 	at com.android.server.wm.WindowAnimator$1.doFrame(WindowAnimator.java:123)
12-09 08:20:18.291 W/WindowAnimator( 1592): 	at android.view.Choreographer$CallbackRecord.run(Choreographer.java:856)
12-09 08:20:18.291 W/WindowAnimator( 1592): 	at android.view.Choreographer.doCallbacks(Choreographer.java:670)
12-09 08:20:18.291 W/WindowAnimator( 1592): 	at android.view.Choreographer.doFrame(Choreographer.java:603)
12-09 08:20:18.291 W/WindowAnimator( 1592): 	at android.view.Choreographer$FrameDisplayEventReceiver.run(Choreographer.java:844)
12-09 08:20:18.291 W/WindowAnimator( 1592): 	at android.os.Handler.handleCallback(Handler.java:739)
12-09 08:20:18.291 W/WindowAnimator( 1592): 	at android.os.Handler.dispatchMessage(Handler.java:95)
12-09 08:20:18.291 W/WindowAnimator( 1592): 	at android.os.Looper.loop(Looper.java:148)
12-09 08:20:18.291 W/WindowAnimator( 1592): 	at android.os.HandlerThread.run(HandlerThread.java:61)
12-09 08:20:18.291 W/WindowAnimator( 1592): 	at com.android.server.ServiceThread.run(ServiceThread.java:46)
12-09 08:20:18.291 W/WindowAnimator( 1592): Failed to dispatch window animation state change.
12-09 08:20:18.291 W/WindowAnimator( 1592): android.os.DeadObjectException
12-09 08:20:18.291 W/WindowAnimator( 1592): 	at android.os.BinderProxy.transactNative(Native Method)
12-09 08:20:18.291 W/WindowAnimator( 1592): 	at android.os.BinderProxy.transact(Binder.java:503)
12-09 08:20:18.291 W/WindowAnimator( 1592): 	at android.view.IWindow$Stub$Proxy.onAnimationStopped(IWindow.java:534)
12-09 08:20:18.291 W/WindowAnimator( 1592): 	at com.android.server.wm.WindowAnimator.updateWindowsLocked(WindowAnimator.java:286)
12-09 08:20:18.291 W/WindowAnimator( 1592): 	at com.android.server.wm.WindowAnimator.animateLocked(WindowAnimator.java:678)
12-09 08:20:18.291 W/WindowAnimator( 1592): 	at com.android.server.wm.WindowAnimator.-wrap0(WindowAnimator.java)
12-09 08:20:18.291 W/WindowAnimator( 1592): 	at com.android.server.wm.WindowAnimator$1.doFrame(WindowAnimator.java:123)
12-09 08:20:18.291 W/WindowAnimator( 1592): 	at android.view.Choreographer$CallbackRecord.run(Choreographer.java:856)
12-09 08:20:18.291 W/WindowAnimator( 1592): 	at android.view.Choreographer.doCallbacks(Choreographer.java:670)
12-09 08:20:18.291 W/WindowAnimator( 1592): 	at android.view.Choreographer.doFrame(Choreographer.java:603)
12-09 08:20:18.291 W/WindowAnimator( 1592): 	at android.view.Choreographer$FrameDisplayEventReceiver.run(Choreographer.java:844)
12-09 08:20:18.291 W/WindowAnimator( 1592): 	at android.os.Handler.handleCallback(Handler.java:739)
12-09 08:20:18.291 W/WindowAnimator( 1592): 	at android.os.Handler.dispatchMessage(Handler.java:95)
12-09 08:20:18.291 W/WindowAnimator( 1592): 	at android.os.Looper.loop(Looper.java:148)
12-09 08:20:18.291 W/WindowAnimator( 1592): 	at android.os.HandlerThread.run(HandlerThread.java:61)
12-09 08:20:18.291 W/WindowAnimator( 1592): 	at com.android.server.ServiceThread.run(ServiceThread.java:46)
12-09 08:20:18.580 W/System  (15442): ClassLoader referenced unknown path: /data/app/com.evancharlton.mileage.test-1/lib/x86_64
12-09 08:20:18.580 W/System  (15442): ClassLoader referenced unknown path: /data/app/com.evancharlton.mileage-1/lib/x86_64
12-09 08:20:18.646 I/System.out(15442): Main activity name automatically set to: com.evancharlton.mileage.Mileage
12-09 08:20:18.650 I/System.out(15442): Calabash did not load Mono. This is only a problem if you are trying to test a Mono application
12-09 08:20:18.650 I/calabash(15442): Test server port: 7102
12-09 08:20:18.652 I/InstrumentationBackend(15442): Added:'GetPreferences', with key:'get_preferences'
12-09 08:20:18.823 I/InstrumentationBackend(15442): Added:'SetPreferences', with key:'set_preferences'
12-09 08:20:18.823 I/InstrumentationBackend(15442): Added:'ClearPreferences', with key:'clear_preferences'
12-09 08:20:18.823 I/InstrumentationBackend(15442): Added:'PressElement', with key:'press_l10n_element'
12-09 08:20:18.823 I/InstrumentationBackend(15442): Added:'WaitForElement', with key:'wait_for_l10n_element'
12-09 08:20:18.823 I/InstrumentationBackend(15442): Added:'NullAction', with key:'nullAction'
12-09 08:20:18.824 I/InstrumentationBackend(15442): Added:'PressKey', with key:'press_key'
12-09 08:20:18.824 I/InstrumentationBackend(15442): Added:'SetActivityOrientation', with key:'set_activity_orientation'
12-09 08:20:18.824 I/InstrumentationBackend(15442): Added:'GetActivityOrientation', with key:'get_activity_orientation'
12-09 08:20:18.825 I/InstrumentationBackend(15442): Added:'FakeGPSLocation', with key:'set_gps_coordinates'
12-09 08:20:18.825 I/InstrumentationBackend(15442): Added:'SetPropertyByCssSelector', with key:'set_property_by_css_selector'
12-09 08:20:18.825 I/InstrumentationBackend(15442): Added:'GetUrl', with key:'get_url'
12-09 08:20:18.848 I/InstrumentationBackend(15442): Added:'ScrollTo', with key:'scroll_to'
12-09 08:20:18.848 I/InstrumentationBackend(15442): Added:'GetLoadProgress', with key:'get_load_progress'
12-09 08:20:18.848 I/InstrumentationBackend(15442): Added:'DumpHtml', with key:'dump_html'
12-09 08:20:18.849 I/InstrumentationBackend(15442): Added:'DumpBodyHtml', with key:'dump_body_html'
12-09 08:20:18.849 I/InstrumentationBackend(15442): Added:'EnterTextByCssSelector', with key:'enter_text_by_selector'
12-09 08:20:18.876 I/art     (15442): Background sticky concurrent mark sweep GC freed 4100(379KB) AllocSpace objects, 0(0B) LOS objects, 24% free, 975KB/1284KB, paused 6.678ms total 143.299ms
12-09 08:20:18.877 I/InstrumentationBackend(15442): Added:'AndroidSDKVersion', with key:'android_sdk_version'
12-09 08:20:18.877 I/InstrumentationBackend(15442): Added:'Version', with key:'version'
12-09 08:20:18.877 I/InstrumentationBackend(15442): Added:'Drag', with key:'drag'
12-09 08:20:18.877 I/InstrumentationBackend(15442): Added:'TouchCoordinates', with key:'touch_coordinate'
12-09 08:20:18.877 I/InstrumentationBackend(15442): Added:'LongPressCoordinate', with key:'long_press_coordinate'
12-09 08:20:18.877 I/InstrumentationBackend(15442): Added:'DragCoordinates', with key:'drag_coordinates'
12-09 08:20:18.878 I/InstrumentationBackend(15442): Added:'ResumeApplication', with key:'resume_application'
12-09 08:20:18.878 I/InstrumentationBackend(15442): Added:'Swipe', with key:'swipe'
12-09 08:20:18.878 I/InstrumentationBackend(15442): Added:'DoubleTapCoordinate', with key:'double_tap_coordinate'
12-09 08:20:18.878 I/InstrumentationBackend(15442): Added:'ClickOnScreen', with key:'click_on_screen'
12-09 08:20:18.878 I/InstrumentationBackend(15442): Added:'GetActivityName', with key:'get_activity_name'
12-09 08:20:18.878 I/InstrumentationBackend(15442): Added:'ScrollToView', with key:'scroll_to_view'
12-09 08:20:18.879 I/InstrumentationBackend(15442): Added:'ViewConfiguration', with key:'view_configuration'
12-09 08:20:18.879 I/InstrumentationBackend(15442): Added:'IsCurrentActivityFocused', with key:'is_current_activity_focused'
12-09 08:20:18.879 I/InstrumentationBackend(15442): Added:'SendTcp', with key:'send_tcp'
12-09 08:20:18.879 I/InstrumentationBackend(15442): Added:'DpToDevicePixel', with key:'dp_to_device_pixel'
12-09 08:20:18.880 I/InstrumentationBackend(15442): Added:'KeyboardEnterText', with key:'keyboard_enter_text'
12-09 08:20:18.880 I/InstrumentationBackend(15442): Added:'DeleteSurroundingText', with key:'delete_surrounding_text'
12-09 08:20:18.880 I/InstrumentationBackend(15442): Added:'SetComposingRegion', with key:'set_composing_region'
12-09 08:20:18.880 I/InstrumentationBackend(15442): Added:'SetSelection', with key:'set_selection'
12-09 08:20:18.880 I/InstrumentationBackend(15442): Added:'KeyboardKeyEvent', with key:'keyboard_key_event'
12-09 08:20:18.881 I/InstrumentationBackend(15442): Added:'PressUserActionButton', with key:'press_user_action_button'
12-09 08:20:18.881 I/InstrumentationBackend(15442): Added:'HideSoftKeyboard', with key:'hide_soft_keyboard'
12-09 08:20:18.881 I/InstrumentationBackend(15442): Added:'ListActions', with key:'list_actions'
12-09 08:20:18.890 I/calabash(15442): Instantiating http server at 7102
12-09 08:20:18.890 I/System.out(15442): HTTP Daemon listening on: 7102
12-09 08:20:19.002 I/System.out(15442): URI: //ping
12-09 08:20:19.003 I/System.out(15442): params: {json={}
12-09 08:20:19.003 I/System.out(15442): }
12-09 08:20:19.037 I/System.out(15442): URI: //ping
12-09 08:20:19.037 I/System.out(15442): params: {json={}
12-09 08:20:19.037 I/System.out(15442): }
12-09 08:20:19.041 I/art     (15442): Background partial concurrent mark sweep GC freed 891(108KB) AllocSpace objects, 3(60KB) LOS objects, 46% free, 1163KB/2MB, paused 9.365ms total 48.144ms
12-09 08:20:19.062 I/System.out(15442): URI: //ready
12-09 08:20:19.062 I/System.out(15442): params: {json={}
12-09 08:20:19.062 I/System.out(15442): }
12-09 08:20:19.146 I/System.out(15442): URI: //
12-09 08:20:19.146 I/System.out(15442): params: {json={"command":"version","arguments":[]}
12-09 08:20:19.146 I/System.out(15442): }
12-09 08:20:19.146 I/System.out(15442): header: {date=Sun, 09 Dec 2018 08:20:19 GMT, accept=*/*, content-length=36, host=127.0.0.1:34777, user-agent=HTTPClient/1.0 (2.8.3, ruby 2.3.1 (2016-04-26)), content-type=application/json;charset=utf-8}
12-09 08:20:19.146 I/System.out(15442): params: {json={"command":"version","arguments":[]}
12-09 08:20:19.146 I/System.out(15442): }
12-09 08:20:19.147 I/System.out(15442): ProP json = {"command":"version","arguments":[]}
12-09 08:20:19.147 I/System.out(15442): files: {}
12-09 08:20:19.147 I/System.out(15442): command: {"command":"version","arguments":[]}
12-09 08:20:19.156 I/InstrumentationBackend(15442): Got command:'Command:'Line:null,version', arguments:'[]'
12-09 08:20:19.192 I/System.out(15442): result:{"bonusInformation":[],"message":"0.9.8","success":true}
12-09 08:20:19.248 I/System.out(15442): URI: //start-application
12-09 08:20:19.248 I/System.out(15442): params: {json={"intent":null}
12-09 08:20:19.248 I/System.out(15442): }
12-09 08:20:19.290 I/ActivityManager( 1592): START u0 {act=android.intent.action.MAIN cat=[android.intent.category.LAUNCHER] flg=0x10200000 cmp=com.evancharlton.mileage/.Mileage} from uid 10135 on display 0
12-09 08:20:19.404 I/calabash(15442): newActivity1
12-09 08:20:19.421 I/calabash(15442): newActivity1
12-09 08:20:19.437 W/ActivityManager( 1592): Bad activity token: android.os.BinderProxy@ba41880
12-09 08:20:19.437 W/ActivityManager( 1592): java.lang.ClassCastException: android.os.BinderProxy cannot be cast to com.android.server.am.ActivityRecord$Token
12-09 08:20:19.437 W/ActivityManager( 1592): 	at com.android.server.am.ActivityRecord.forTokenLocked(ActivityRecord.java:424)
12-09 08:20:19.437 W/ActivityManager( 1592): 	at com.android.server.am.ActivityRecord.isInStackLocked(ActivityRecord.java:1121)
12-09 08:20:19.437 W/ActivityManager( 1592): 	at com.android.server.am.ActivityRecord.getStackLocked(ActivityRecord.java:1126)
12-09 08:20:19.437 W/ActivityManager( 1592): 	at com.android.server.am.ActivityManagerService.getActivityDisplayId(ActivityManagerService.java:8889)
12-09 08:20:19.437 W/ActivityManager( 1592): 	at android.app.ActivityManagerNative.onTransact(ActivityManagerNative.java:2338)
12-09 08:20:19.437 W/ActivityManager( 1592): 	at com.android.server.am.ActivityManagerService.onTransact(ActivityManagerService.java:2443)
12-09 08:20:19.437 W/ActivityManager( 1592): 	at android.os.Binder.execTransact(Binder.java:453)
12-09 08:20:19.460 W/ActivityManager( 1592): Bad activity token: android.os.BinderProxy@ba41880
12-09 08:20:19.460 W/ActivityManager( 1592): java.lang.ClassCastException: android.os.BinderProxy cannot be cast to com.android.server.am.ActivityRecord$Token
12-09 08:20:19.460 W/ActivityManager( 1592): 	at com.android.server.am.ActivityRecord.forTokenLocked(ActivityRecord.java:424)
12-09 08:20:19.460 W/ActivityManager( 1592): 	at com.android.server.am.ActivityRecord.isInStackLocked(ActivityRecord.java:1121)
12-09 08:20:19.460 W/ActivityManager( 1592): 	at com.android.server.am.ActivityManagerService.setTaskDescription(ActivityManagerService.java:8547)
12-09 08:20:19.460 W/ActivityManager( 1592): 	at android.app.ActivityManagerNative.onTransact(ActivityManagerNative.java:2410)
12-09 08:20:19.460 W/ActivityManager( 1592): 	at com.android.server.am.ActivityManagerService.onTransact(ActivityManagerService.java:2443)
12-09 08:20:19.460 W/ActivityManager( 1592): 	at android.os.Binder.execTransact(Binder.java:453)
12-09 08:20:19.598 W/ActivityManager( 1592): Bad activity token: android.os.BinderProxy@ba41880
12-09 08:20:19.598 W/ActivityManager( 1592): java.lang.ClassCastException: android.os.BinderProxy cannot be cast to com.android.server.am.ActivityRecord$Token
12-09 08:20:19.598 W/ActivityManager( 1592): 	at com.android.server.am.ActivityRecord.forTokenLocked(ActivityRecord.java:424)
12-09 08:20:19.598 W/ActivityManager( 1592): 	at com.android.server.am.ActivityRecord.isInStackLocked(ActivityRecord.java:1121)
12-09 08:20:19.598 W/ActivityManager( 1592): 	at com.android.server.am.ActivityManagerService.getActivityOptions(ActivityManagerService.java:11038)
12-09 08:20:19.598 W/ActivityManager( 1592): 	at android.app.ActivityManagerNative.onTransact(ActivityManagerNative.java:1734)
12-09 08:20:19.598 W/ActivityManager( 1592): 	at com.android.server.am.ActivityManagerService.onTransact(ActivityManagerService.java:2443)
12-09 08:20:19.598 W/ActivityManager( 1592): 	at android.os.Binder.execTransact(Binder.java:453)
12-09 08:20:19.600 W/ActivityManager( 1592): Bad activity token: android.os.BinderProxy@ba41880
12-09 08:20:19.600 W/ActivityManager( 1592): java.lang.ClassCastException: android.os.BinderProxy cannot be cast to com.android.server.am.ActivityRecord$Token
12-09 08:20:19.600 W/ActivityManager( 1592): 	at com.android.server.am.ActivityRecord.forTokenLocked(ActivityRecord.java:424)
12-09 08:20:19.600 W/ActivityManager( 1592): 	at com.android.server.am.ActivityRecord.isInStackLocked(ActivityRecord.java:1121)
12-09 08:20:19.600 W/ActivityManager( 1592): 	at com.android.server.am.ActivityManagerService.getActivityOptions(ActivityManagerService.java:11038)
12-09 08:20:19.600 W/ActivityManager( 1592): 	at android.app.ActivityManagerNative.onTransact(ActivityManagerNative.java:1734)
12-09 08:20:19.600 W/ActivityManager( 1592): 	at com.android.server.am.ActivityManagerService.onTransact(ActivityManagerService.java:2443)
12-09 08:20:19.600 W/ActivityManager( 1592): 	at android.os.Binder.execTransact(Binder.java:453)
12-09 08:20:19.680 I/art     (15442): Background sticky concurrent mark sweep GC freed 1898(335KB) AllocSpace objects, 0(0B) LOS objects, 10% free, 1953KB/2MB, paused 1.019ms total 150.767ms
12-09 08:20:19.748 D/gralloc_ranchu( 1219): gralloc_alloc: Creating ashmem region of size 3686400
12-09 08:20:19.849 V/PhoneStatusBar( 1686): setLightsOn(true)
12-09 08:20:20.021 D/gralloc_ranchu( 1219): gralloc_alloc: Creating ashmem region of size 3686400
12-09 08:20:20.177 D/        (15442): HostConnection::get() New Host Connection established 0x7fdaa68dd320, tid 15442
12-09 08:20:20.276 V/PhoneStatusBar( 1686): setLightsOn(true)
12-09 08:20:20.301 D/EGL_emulation( 1917): eglMakeCurrent: 0x7fdaa6961d20: ver 2 0 (tinfo 0x7fdaa69428e0)
12-09 08:20:20.305 E/Surface ( 1917): getSlotFromBufferLocked: unknown buffer: 0x7fdaa288b560
12-09 08:20:20.710 W/art     ( 1592): Long monitor contention event with owner method=void com.android.server.wm.WindowAnimator$1.doFrame(long) from WindowAnimator.java:121 waiters=1 for 259ms
12-09 08:20:20.919 W/art     ( 1592): Long monitor contention event with owner method=void com.android.server.wm.WindowAnimator$1.doFrame(long) from WindowAnimator.java:121 waiters=2 for 343ms
12-09 08:20:21.062 W/art     ( 1592): Long monitor contention event with owner method=void com.android.server.wm.WindowAnimator$1.doFrame(long) from WindowAnimator.java:121 waiters=2 for 352ms
12-09 08:20:21.113 W/art     ( 1592): Long monitor contention event with owner method=void com.android.server.wm.WindowAnimator$1.doFrame(long) from WindowAnimator.java:121 waiters=2 for 194ms
12-09 08:20:21.128 I/Choreographer( 1686): Skipped 39 frames!  The application may be doing too much work on its main thread.
12-09 08:20:21.130 W/art     ( 1592): Long monitor contention event with owner method=java.util.List com.android.server.am.ActivityManagerService.getAllStackInfos() from ActivityManagerService.java:8937 waiters=0 for 314ms
12-09 08:20:21.130 W/art     ( 1592): Long monitor contention event with owner method=java.util.List com.android.server.am.ActivityManagerService.getAllStackInfos() from ActivityManagerService.java:8937 waiters=1 for 281ms
12-09 08:20:21.215 I/ActivityManager( 1592): Displayed com.evancharlton.mileage/.Mileage: +1s872ms
12-09 08:20:21.281 D/gralloc_ranchu( 1219): gralloc_alloc: Creating ashmem region of size 3686400
12-09 08:20:21.998 D/gralloc_ranchu( 1219): gralloc_alloc: Creating ashmem region of size 3686400
12-09 08:20:22.327 I/System.out(15442): URI: //map
12-09 08:20:22.327 I/System.out(15442): params: {json={"query":"android.widget.CheckBox index:0","operation":{"method_name":"query","arguments":[]}}
12-09 08:20:22.327 I/System.out(15442): }
12-09 08:20:22.438 W/art     (15442): Suspending all threads took: 22.359ms
12-09 08:20:22.470 I/art     (15442): Background sticky concurrent mark sweep GC freed 25560(1168KB) AllocSpace objects, 2(40KB) LOS objects, 27% free, 2MB/3MB, paused 23.910ms total 124.075ms
12-09 08:20:22.774 I/System.out(15442): URI: //gesture
12-09 08:20:22.774 I/System.out(15442): params: {json={"query_timeout":5.0,"gestures":[{"query_string":"android.widget.CheckBox index:0","touches":[{"x":50,"y":50,"offset_x":0,"offset_y":0,"wait":0.0,"time":0.2,"release":true,"query_string":null}]}]}
12-09 08:20:22.775 I/System.out(15442): }
12-09 08:20:22.779 I/art     (15442): Background sticky concurrent mark sweep GC freed 32699(1502KB) AllocSpace objects, 1(20KB) LOS objects, 16% free, 2MB/3MB, paused 2.714ms total 236.724ms
12-09 08:20:23.321 W/audio_hw_generic( 1309): Hardware backing HAL too slow, could only write 0 of 661 frames
12-09 08:20:23.330 I/art     (15442): Background sticky concurrent mark sweep GC freed 13977(588KB) AllocSpace objects, 0(0B) LOS objects, 0% free, 3MB/3MB, paused 21.775ms total 49.452ms
12-09 08:20:23.422 W/art     (15442): Suspending all threads took: 7.099ms
12-09 08:20:23.443 I/art     (15442): Background partial concurrent mark sweep GC freed 19321(1136KB) AllocSpace objects, 4(80KB) LOS objects, 39% free, 2MB/3MB, paused 8.138ms total 73.495ms
12-09 08:20:23.758 W/audio_hw_generic( 1309): Not supplying enough data to HAL, expected position 32376006 , only wrote 32375780
12-09 08:20:23.759 E/SurfaceFlinger( 1219): ro.sf.lcd_density must be defined as a build property
12-09 08:20:23.760 D/gralloc_ranchu( 1219): gralloc_alloc: Creating ashmem region of size 3686400
12-09 08:20:23.853 W/audio_hw_generic( 1309): Not supplying enough data to HAL, expected position 32379954 , only wrote 32379085
12-09 08:20:23.853 W/audio_hw_generic( 1309): Not supplying enough data to HAL, expected position 32379092 , only wrote 32379085
12-09 08:20:23.866 D/        (15470): HostConnection::get() New Host Connection established 0x7fbd1f7d2480, tid 15470
12-09 08:20:23.868 W/audio_hw_generic( 1309): Hardware backing HAL too slow, could only write 0 of 661 frames
12-09 08:20:23.907 W/audio_hw_generic( 1309): Not supplying enough data to HAL, expected position 32381456 , only wrote 32381068
12-09 08:20:23.907 W/audio_hw_generic( 1309): Hardware backing HAL too slow, could only write 0 of 661 frames
12-09 08:20:23.955 E/EGL_emulation( 1219): tid 1219: eglCreateSyncKHR(1881): error 0x3004 (EGL_BAD_ATTRIBUTE)
12-09 08:20:24.131 W/audio_hw_generic( 1309): Not supplying enough data to HAL, expected position 32390970 , only wrote 32389000
12-09 08:20:24.131 W/audio_hw_generic( 1309): Not supplying enough data to HAL, expected position 32389006 , only wrote 32389000
12-09 08:20:24.148 W/audio_hw_generic( 1309): Not supplying enough data to HAL, expected position 32389710 , only wrote 32389661
12-09 08:20:24.148 W/audio_hw_generic( 1309): Hardware backing HAL too slow, could only write 0 of 661 frames
12-09 08:20:24.336 W/audio_hw_generic( 1309): Not supplying enough data to HAL, expected position 32397959 , only wrote 32396271
12-09 08:20:24.339 W/audio_hw_generic( 1309): Not supplying enough data to HAL, expected position 32396412 , only wrote 32396271
12-09 08:20:24.357 W/audio_hw_generic( 1309): Not supplying enough data to HAL, expected position 32397082 , only wrote 32396932
12-09 08:20:24.466 W/audio_hw_generic( 1309): Not supplying enough data to HAL, expected position 32401726 , only wrote 32401559
12-09 08:20:24.690 I/System.out(15442): URI: //map
12-09 08:20:24.690 I/System.out(15442): params: {json={"query":"android.widget.CheckBox index:0","operation":{"method_name":"query","arguments":[]}}
12-09 08:20:24.690 I/System.out(15442): }
12-09 08:20:24.759 I/System.out(15442): URI: //gesture
12-09 08:20:24.759 I/System.out(15442): params: {json={"query_timeout":5.0,"gestures":[{"query_string":"android.widget.CheckBox index:0","touches":[{"x":50,"y":50,"offset_x":0,"offset_y":0,"wait":0.0,"time":0.2,"release":true,"query_string":null}]}]}
12-09 08:20:24.759 I/System.out(15442): }
12-09 08:20:24.820 W/audio_hw_generic( 1309): Not supplying enough data to HAL, expected position 32417164 , only wrote 32416762
12-09 08:20:24.820 W/audio_hw_generic( 1309): Not supplying enough data to HAL, expected position 32416769 , only wrote 32416762
12-09 08:20:24.821 W/art     (15442): Suspending all threads took: 41.987ms
12-09 08:20:24.838 W/audio_hw_generic( 1309): Not supplying enough data to HAL, expected position 32417544 , only wrote 32417423
12-09 08:20:24.845 I/art     (15442): Background sticky concurrent mark sweep GC freed 32520(1495KB) AllocSpace objects, 2(40KB) LOS objects, 32% free, 2MB/3MB, paused 43.147ms total 82.252ms
12-09 08:20:25.102 W/audio_hw_generic( 1309): Not supplying enough data to HAL, expected position 32429069 , only wrote 32426016
12-09 08:20:25.114 W/audio_hw_generic( 1309): Not supplying enough data to HAL, expected position 32426542 , only wrote 32426016
12-09 08:20:25.174 W/audio_hw_generic( 1309): Hardware backing HAL too slow, could only write 0 of 661 frames
12-09 08:20:25.183 W/audio_hw_generic( 1309): Hardware backing HAL too slow, could only write 0 of 661 frames
12-09 08:20:25.213 W/audio_hw_generic( 1309): Hardware backing HAL too slow, could only write 0 of 661 frames
12-09 08:20:25.241 W/audio_hw_generic( 1309): Not supplying enough data to HAL, expected position 32431631 , only wrote 32431304
12-09 08:20:25.241 D/AudioFlinger( 1309): mixer(0xf4300000) throttle end: throttle time(11)
12-09 08:20:25.322 I/art     (15442): Background sticky concurrent mark sweep GC freed 30691(1456KB) AllocSpace objects, 1(20KB) LOS objects, 34% free, 2MB/3MB, paused 6.517ms total 93.099ms
12-09 08:20:25.419 W/audio_hw_generic( 1309): Not supplying enough data to HAL, expected position 32439132 , only wrote 32436592
12-09 08:20:25.419 W/audio_hw_generic( 1309): Not supplying enough data to HAL, expected position 32436598 , only wrote 32436592
12-09 08:20:25.450 W/audio_hw_generic( 1309): Not supplying enough data to HAL, expected position 32437951 , only wrote 32437253
12-09 08:20:25.450 W/audio_hw_generic( 1309): Hardware backing HAL too slow, could only write 0 of 661 frames
12-09 08:20:25.466 W/audio_hw_generic( 1309): Hardware backing HAL too slow, could only write 0 of 661 frames
12-09 08:20:25.481 W/audio_hw_generic( 1309): Hardware backing HAL too slow, could only write 0 of 661 frames
12-09 08:20:25.708 E/SurfaceFlinger( 1219): ro.sf.lcd_density must be defined as a build property
12-09 08:20:25.709 D/gralloc_ranchu( 1219): gralloc_alloc: Creating ashmem region of size 3686400
12-09 08:20:25.742 D/        (15476): HostConnection::get() New Host Connection established 0x7f6e50852480, tid 15476
12-09 08:20:25.760 E/EGL_emulation( 1219): tid 1219: eglCreateSyncKHR(1881): error 0x3004 (EGL_BAD_ATTRIBUTE)
12-09 08:20:25.826 W/audio_hw_generic( 1309): Not supplying enough data to HAL, expected position 32453854 , only wrote 32451795
12-09 08:20:25.826 W/audio_hw_generic( 1309): Not supplying enough data to HAL, expected position 32451802 , only wrote 32451795
12-09 08:20:25.868 W/audio_hw_generic( 1309): Not supplying enough data to HAL, expected position 32453627 , only wrote 32452456
12-09 08:20:26.126 W/audio_hw_generic( 1309): Not supplying enough data to HAL, expected position 32463837 , only wrote 32463693
12-09 08:20:26.502 W/audio_hw_generic( 1309): Not supplying enough data to HAL, expected position 32480269 , only wrote 32480218
12-09 08:20:26.502 W/audio_hw_generic( 1309): Not supplying enough data to HAL, expected position 32480224 , only wrote 32480218
