--------- beginning of main
12-09 08:27:18.822 W/art     ( 1593): Long monitor contention event with owner method=void com.android.server.wm.WindowAnimator$1.doFrame(long) from WindowAnimator.java:121 waiters=1 for 333ms
12-09 08:27:18.843 I/Choreographer(21072): Skipped 51 frames!  The application may be doing too much work on its main thread.
12-09 08:27:18.892 W/art     ( 1593): Long monitor contention event with owner method=boolean com.android.server.am.ActivityManagerService.finishActivity(android.os.IBinder, int, android.content.Intent, boolean) from ActivityManagerService.java:4245 waiters=0 for 201ms
12-09 08:27:18.894 I/ActivityManager( 1593): Displayed com.evancharlton.mileage/.charts.AverageFuelEconomyChart: +3s584ms
--------- beginning of system
12-09 08:27:18.900 W/ActivityManager( 1593): Duplicate finish request for ActivityRecord{1a0dee0 u0 com.evancharlton.mileage/.Mileage t520 f}
12-09 08:27:18.900 W/ActivityManager( 1593): Duplicate finish request for ActivityRecord{1a0dee0 u0 com.evancharlton.mileage/.Mileage t520 f}
12-09 08:27:18.900 W/ActivityManager( 1593): Duplicate finish request for ActivityRecord{1a0dee0 u0 com.evancharlton.mileage/.Mileage t520 f}
12-09 08:27:18.901 W/ActivityManager( 1593): Duplicate finish request for ActivityRecord{1a0dee0 u0 com.evancharlton.mileage/.Mileage t520 f}
12-09 08:27:18.901 W/ActivityManager( 1593): Duplicate finish request for ActivityRecord{1a0dee0 u0 com.evancharlton.mileage/.Mileage t520 f}
12-09 08:27:18.901 W/ActivityManager( 1593): Duplicate finish request for ActivityRecord{1a0dee0 u0 com.evancharlton.mileage/.Mileage t520 f}
12-09 08:27:18.901 W/ActivityManager( 1593): Duplicate finish request for ActivityRecord{1a0dee0 u0 com.evancharlton.mileage/.Mileage t520 f}
12-09 08:27:18.901 W/ActivityManager( 1593): Duplicate finish request for ActivityRecord{1a0dee0 u0 com.evancharlton.mileage/.Mileage t520 f}
12-09 08:27:18.901 W/ActivityManager( 1593): Duplicate finish request for ActivityRecord{1a0dee0 u0 com.evancharlton.mileage/.Mileage t520 f}
12-09 08:27:18.901 W/ActivityManager( 1593): Duplicate finish request for ActivityRecord{1a0dee0 u0 com.evancharlton.mileage/.Mileage t520 f}
12-09 08:27:18.901 W/ActivityManager( 1593): Duplicate finish request for ActivityRecord{1a0dee0 u0 com.evancharlton.mileage/.Mileage t520 f}
12-09 08:27:18.912 D/gralloc_ranchu( 1218): gralloc_alloc: Creating ashmem region of size 708608
12-09 08:27:18.981 E/EGL_emulation( 1218): tid 1218: eglCreateSyncKHR(1881): error 0x3004 (EGL_BAD_ATTRIBUTE)
12-09 08:27:19.008 W/ActivityManager( 1593): Finishing task with all activities already finished
12-09 08:27:19.008 W/ActivityManager( 1593): Duplicate finish request for ActivityRecord{45ec332 u0 com.evancharlton.mileage/.charts.AverageFuelEconomyChart t520 f}
12-09 08:27:19.148 D/EGL_emulation( 1949): eglMakeCurrent: 0x7f50eff79dc0: ver 2 0 (tinfo 0x7f50eff42d80)
12-09 08:27:19.196 W/InputMethodManagerService( 1593): Starting input on non-focused client com.android.internal.view.IInputMethodClient$Stub$Proxy@a0d8128 (uid=10147 pid=21072)
12-09 08:27:19.200 I/art     ( 1593): Background partial concurrent mark sweep GC freed 25980(1853KB) AllocSpace objects, 15(300KB) LOS objects, 29% free, 9MB/13MB, paused 6.749ms total 155.271ms
12-09 08:27:19.546 D/AndroidRuntime(21227): >>>>>> START com.android.internal.os.RuntimeInit uid 0 <<<<<<
12-09 08:27:19.548 D/AndroidRuntime(21227): CheckJNI is ON
12-09 08:27:19.592 D/ICU     (21227): No timezone override file found: /data/misc/zoneinfo/current/icu/icu_tzdata.dat
12-09 08:27:19.787 E/memtrack(21227): Couldn't load memtrack module (No such file or directory)
12-09 08:27:19.787 E/android.os.Debug(21227): failed to load memtrack module: -2
12-09 08:27:19.789 I/Radio-JNI(21227): register_android_hardware_Radio DONE
12-09 08:27:19.806 D/AndroidRuntime(21227): Calling main entry com.android.commands.am.Am
12-09 08:27:19.821 I/ActivityManager( 1593): Force stopping com.evancharlton.mileage appid=10147 user=0: start instr
12-09 08:27:19.821 I/ActivityManager( 1593): Killing 21072:com.evancharlton.mileage/u0a147 (adj 0): stop com.evancharlton.mileage
12-09 08:27:19.878 W/InputDispatcher( 1593): channel 'd2a68f5 com.evancharlton.mileage/com.evancharlton.mileage.charts.AverageFuelEconomyChart (server)' ~ Consumer closed input channel or an error occurred.  events=0x9
12-09 08:27:19.878 E/InputDispatcher( 1593): channel 'd2a68f5 com.evancharlton.mileage/com.evancharlton.mileage.charts.AverageFuelEconomyChart (server)' ~ Channel is unrecoverably broken and will be disposed!
12-09 08:27:20.109 W/art     ( 1593): Long monitor contention event with owner method=void com.android.server.wm.WindowAnimator$1.doFrame(long) from WindowAnimator.java:121 waiters=1 for 219ms
12-09 08:27:20.109 I/WindowState( 1593): WIN DEATH: Window{d2a68f5 u0 com.evancharlton.mileage/com.evancharlton.mileage.charts.AverageFuelEconomyChart}
12-09 08:27:20.109 W/InputDispatcher( 1593): Attempted to unregister already unregistered input channel 'd2a68f5 com.evancharlton.mileage/com.evancharlton.mileage.charts.AverageFuelEconomyChart (server)'
12-09 08:27:20.110 W/art     ( 1593): Long monitor contention event with owner method=void com.android.server.wm.WindowAnimator$1.doFrame(long) from WindowAnimator.java:121 waiters=2 for 219ms
12-09 08:27:20.349 W/ActivityManager( 1593): Crash of app com.evancharlton.mileage running instrumentation ComponentInfo{com.evancharlton.mileage.test/sh.calaba.instrumentationbackend.CalabashInstrumentationTestRunner}
12-09 08:27:20.349 I/ActivityManager( 1593): Force stopping com.evancharlton.mileage appid=10147 user=0: finished inst
12-09 08:27:20.355 I/Choreographer( 1949): Skipped 69 frames!  The application may be doing too much work on its main thread.
12-09 08:27:20.366 I/ActivityManager( 1593): Start proc 21236:com.evancharlton.mileage/u0a147 for added application com.evancharlton.mileage
12-09 08:27:20.366 W/art     ( 1593): Long monitor contention event with owner method=boolean com.android.server.am.ActivityManagerService.startInstrumentation(android.content.ComponentName, java.lang.String, int, android.os.Bundle, android.app.IInstrumentationWatcher, android.app.IUiAutomationConnection, int, java.lang.String) from ActivityManagerService.java:17066 waiters=0 for 544ms
12-09 08:27:20.376 W/art     ( 1593): Long monitor contention event with owner method=boolean com.android.server.am.ActivityManagerService.startInstrumentation(android.content.ComponentName, java.lang.String, int, android.os.Bundle, android.app.IInstrumentationWatcher, android.app.IUiAutomationConnection, int, java.lang.String) from ActivityManagerService.java:17066 waiters=1 for 348ms
12-09 08:27:20.379 D/AndroidRuntime(21227): Shutting down VM
12-09 08:27:20.435 W/OpenGLRenderer( 1949): Incorrectly called buildLayer on View: ShortcutAndWidgetContainer, destroying layer...
12-09 08:27:20.720 W/System  (21236): ClassLoader referenced unknown path: /data/app/com.evancharlton.mileage.test-1/lib/x86_64
12-09 08:27:20.721 W/System  (21236): ClassLoader referenced unknown path: /data/app/com.evancharlton.mileage-1/lib/x86_64
12-09 08:27:20.835 W/art     (21236): Suspending all threads took: 23.374ms
12-09 08:27:20.887 I/System.out(21236): Main activity name automatically set to: com.evancharlton.mileage.Mileage
12-09 08:27:20.895 I/System.out(21236): Calabash did not load Mono. This is only a problem if you are trying to test a Mono application
12-09 08:27:20.902 I/art     (21236): Background sticky concurrent mark sweep GC freed 10215(428KB) AllocSpace objects, 0(0B) LOS objects, 46% free, 690KB/1298KB, paused 47.473ms total 164.106ms
12-09 08:27:20.907 I/calabash(21236): Test server port: 7102
12-09 08:27:20.908 I/InstrumentationBackend(21236): Added:'GetPreferences', with key:'get_preferences'
12-09 08:27:20.912 W/WindowAnimator( 1593): Failed to dispatch window animation state change.
12-09 08:27:20.912 W/WindowAnimator( 1593): android.os.DeadObjectException
12-09 08:27:20.912 W/WindowAnimator( 1593): 	at android.os.BinderProxy.transactNative(Native Method)
12-09 08:27:20.912 W/WindowAnimator( 1593): 	at android.os.BinderProxy.transact(Binder.java:503)
12-09 08:27:20.912 W/WindowAnimator( 1593): 	at android.view.IWindow$Stub$Proxy.onAnimationStopped(IWindow.java:534)
12-09 08:27:20.912 W/WindowAnimator( 1593): 	at com.android.server.wm.WindowAnimator.updateWindowsLocked(WindowAnimator.java:286)
12-09 08:27:20.912 W/WindowAnimator( 1593): 	at com.android.server.wm.WindowAnimator.animateLocked(WindowAnimator.java:678)
12-09 08:27:20.912 W/WindowAnimator( 1593): 	at com.android.server.wm.WindowAnimator.-wrap0(WindowAnimator.java)
12-09 08:27:20.912 W/WindowAnimator( 1593): 	at com.android.server.wm.WindowAnimator$1.doFrame(WindowAnimator.java:123)
12-09 08:27:20.912 W/WindowAnimator( 1593): 	at android.view.Choreographer$CallbackRecord.run(Choreographer.java:856)
12-09 08:27:20.912 W/WindowAnimator( 1593): 	at android.view.Choreographer.doCallbacks(Choreographer.java:670)
12-09 08:27:20.912 W/WindowAnimator( 1593): 	at android.view.Choreographer.doFrame(Choreographer.java:603)
12-09 08:27:20.912 W/WindowAnimator( 1593): 	at android.view.Choreographer$FrameDisplayEventReceiver.run(Choreographer.java:844)
12-09 08:27:20.912 W/WindowAnimator( 1593): 	at android.os.Handler.handleCallback(Handler.java:739)
12-09 08:27:20.912 W/WindowAnimator( 1593): 	at android.os.Handler.dispatchMessage(Handler.java:95)
12-09 08:27:20.912 W/WindowAnimator( 1593): 	at android.os.Looper.loop(Looper.java:148)
12-09 08:27:20.912 W/WindowAnimator( 1593): 	at android.os.HandlerThread.run(HandlerThread.java:61)
12-09 08:27:20.912 W/WindowAnimator( 1593): 	at com.android.server.ServiceThread.run(ServiceThread.java:46)
12-09 08:27:20.981 I/InstrumentationBackend(21236): Added:'SetPreferences', with key:'set_preferences'
12-09 08:27:20.991 I/InstrumentationBackend(21236): Added:'ClearPreferences', with key:'clear_preferences'
12-09 08:27:20.991 I/InstrumentationBackend(21236): Added:'PressElement', with key:'press_l10n_element'
12-09 08:27:20.992 I/InstrumentationBackend(21236): Added:'WaitForElement', with key:'wait_for_l10n_element'
12-09 08:27:20.992 I/InstrumentationBackend(21236): Added:'NullAction', with key:'nullAction'
12-09 08:27:20.992 I/InstrumentationBackend(21236): Added:'PressKey', with key:'press_key'
12-09 08:27:20.992 I/InstrumentationBackend(21236): Added:'SetActivityOrientation', with key:'set_activity_orientation'
12-09 08:27:20.992 I/InstrumentationBackend(21236): Added:'GetActivityOrientation', with key:'get_activity_orientation'
12-09 08:27:20.993 I/InstrumentationBackend(21236): Added:'FakeGPSLocation', with key:'set_gps_coordinates'
12-09 08:27:20.993 I/InstrumentationBackend(21236): Added:'SetPropertyByCssSelector', with key:'set_property_by_css_selector'
12-09 08:27:20.993 I/InstrumentationBackend(21236): Added:'GetUrl', with key:'get_url'
12-09 08:27:20.994 I/InstrumentationBackend(21236): Added:'ScrollTo', with key:'scroll_to'
12-09 08:27:20.994 I/InstrumentationBackend(21236): Added:'GetLoadProgress', with key:'get_load_progress'
12-09 08:27:20.994 I/InstrumentationBackend(21236): Added:'DumpHtml', with key:'dump_html'
12-09 08:27:20.994 I/InstrumentationBackend(21236): Added:'DumpBodyHtml', with key:'dump_body_html'
12-09 08:27:20.994 I/InstrumentationBackend(21236): Added:'EnterTextByCssSelector', with key:'enter_text_by_selector'
12-09 08:27:21.003 I/InstrumentationBackend(21236): Added:'AndroidSDKVersion', with key:'android_sdk_version'
12-09 08:27:21.003 I/InstrumentationBackend(21236): Added:'Version', with key:'version'
12-09 08:27:21.003 I/InstrumentationBackend(21236): Added:'Drag', with key:'drag'
12-09 08:27:21.003 I/InstrumentationBackend(21236): Added:'TouchCoordinates', with key:'touch_coordinate'
12-09 08:27:21.003 I/InstrumentationBackend(21236): Added:'LongPressCoordinate', with key:'long_press_coordinate'
12-09 08:27:21.003 I/InstrumentationBackend(21236): Added:'DragCoordinates', with key:'drag_coordinates'
12-09 08:27:21.004 I/InstrumentationBackend(21236): Added:'ResumeApplication', with key:'resume_application'
12-09 08:27:21.004 I/InstrumentationBackend(21236): Added:'Swipe', with key:'swipe'
12-09 08:27:21.004 I/InstrumentationBackend(21236): Added:'DoubleTapCoordinate', with key:'double_tap_coordinate'
12-09 08:27:21.004 I/InstrumentationBackend(21236): Added:'ClickOnScreen', with key:'click_on_screen'
12-09 08:27:21.004 I/InstrumentationBackend(21236): Added:'GetActivityName', with key:'get_activity_name'
12-09 08:27:21.004 I/InstrumentationBackend(21236): Added:'ScrollToView', with key:'scroll_to_view'
12-09 08:27:21.005 I/InstrumentationBackend(21236): Added:'ViewConfiguration', with key:'view_configuration'
12-09 08:27:21.005 I/InstrumentationBackend(21236): Added:'IsCurrentActivityFocused', with key:'is_current_activity_focused'
12-09 08:27:21.005 I/InstrumentationBackend(21236): Added:'SendTcp', with key:'send_tcp'
12-09 08:27:21.005 I/InstrumentationBackend(21236): Added:'DpToDevicePixel', with key:'dp_to_device_pixel'
12-09 08:27:21.006 I/InstrumentationBackend(21236): Added:'KeyboardEnterText', with key:'keyboard_enter_text'
12-09 08:27:21.006 I/InstrumentationBackend(21236): Added:'DeleteSurroundingText', with key:'delete_surrounding_text'
12-09 08:27:21.006 I/InstrumentationBackend(21236): Added:'SetComposingRegion', with key:'set_composing_region'
12-09 08:27:21.006 I/InstrumentationBackend(21236): Added:'SetSelection', with key:'set_selection'
12-09 08:27:21.006 I/InstrumentationBackend(21236): Added:'KeyboardKeyEvent', with key:'keyboard_key_event'
12-09 08:27:21.006 I/InstrumentationBackend(21236): Added:'PressUserActionButton', with key:'press_user_action_button'
12-09 08:27:21.020 I/InstrumentationBackend(21236): Added:'HideSoftKeyboard', with key:'hide_soft_keyboard'
12-09 08:27:21.020 I/InstrumentationBackend(21236): Added:'ListActions', with key:'list_actions'
12-09 08:27:21.022 I/calabash(21236): Instantiating http server at 7102
12-09 08:27:21.023 I/System.out(21236): HTTP Daemon listening on: 7102
12-09 08:27:21.316 I/System.out(21236): URI: //ping
12-09 08:27:21.355 I/art     (21236): Background partial concurrent mark sweep GC freed 2643(289KB) AllocSpace objects, 1(20KB) LOS objects, 48% free, 1087KB/2MB, paused 1.567ms total 347.791ms
12-09 08:27:21.363 I/System.out(21236): params: {json={}
12-09 08:27:21.364 I/System.out(21236): }
12-09 08:27:21.404 I/System.out(21236): URI: //ping
12-09 08:27:21.404 I/System.out(21236): params: {json={}
12-09 08:27:21.404 I/System.out(21236): }
12-09 08:27:21.472 I/System.out(21236): URI: //ready
12-09 08:27:21.472 I/System.out(21236): params: {json={}
12-09 08:27:21.472 I/System.out(21236): }
12-09 08:27:21.600 I/System.out(21236): URI: //
12-09 08:27:21.600 I/System.out(21236): params: {json={"command":"version","arguments":[]}
12-09 08:27:21.600 I/System.out(21236): }
12-09 08:27:21.600 I/System.out(21236): header: {date=Sun, 09 Dec 2018 08:27:21 GMT, accept=*/*, content-length=36, host=127.0.0.1:34777, user-agent=HTTPClient/1.0 (2.8.3, ruby 2.3.1 (2016-04-26)), content-type=application/json;charset=utf-8}
12-09 08:27:21.600 I/System.out(21236): params: {json={"command":"version","arguments":[]}
12-09 08:27:21.600 I/System.out(21236): }
12-09 08:27:21.600 I/System.out(21236): ProP json = {"command":"version","arguments":[]}
12-09 08:27:21.600 I/System.out(21236): files: {}
12-09 08:27:21.600 I/System.out(21236): command: {"command":"version","arguments":[]}
12-09 08:27:21.612 I/InstrumentationBackend(21236): Got command:'Command:'Line:null,version', arguments:'[]'
12-09 08:27:21.635 I/System.out(21236): result:{"bonusInformation":[],"message":"0.9.8","success":true}
12-09 08:27:21.755 I/System.out(21236): URI: //start-application
12-09 08:27:21.755 I/System.out(21236): params: {json={"intent":null}
12-09 08:27:21.756 I/System.out(21236): }
12-09 08:27:21.763 I/art     (21236): Background sticky concurrent mark sweep GC freed 14696(855KB) AllocSpace objects, 12(240KB) LOS objects, 38% free, 1308KB/2MB, paused 1ms total 131.258ms
12-09 08:27:21.839 I/ActivityManager( 1593): START u0 {act=android.intent.action.MAIN cat=[android.intent.category.LAUNCHER] flg=0x10200000 cmp=com.evancharlton.mileage/.Mileage} from uid 10147 on display 0
12-09 08:27:21.876 I/art     (21236): Background sticky concurrent mark sweep GC freed 18364(865KB) AllocSpace objects, 1(20KB) LOS objects, 38% free, 1296KB/2MB, paused 17.715ms total 33.847ms
12-09 08:27:22.087 D/gralloc_ranchu( 1218): gralloc_alloc: Creating ashmem region of size 3686400
12-09 08:27:22.091 I/calabash(21236): newActivity1
12-09 08:27:22.118 I/calabash(21236): newActivity1
12-09 08:27:22.133 W/ActivityManager( 1593): Bad activity token: android.os.BinderProxy@b45701d
12-09 08:27:22.133 W/ActivityManager( 1593): java.lang.ClassCastException: android.os.BinderProxy cannot be cast to com.android.server.am.ActivityRecord$Token
12-09 08:27:22.133 W/ActivityManager( 1593): 	at com.android.server.am.ActivityRecord.forTokenLocked(ActivityRecord.java:424)
12-09 08:27:22.133 W/ActivityManager( 1593): 	at com.android.server.am.ActivityRecord.isInStackLocked(ActivityRecord.java:1121)
12-09 08:27:22.133 W/ActivityManager( 1593): 	at com.android.server.am.ActivityRecord.getStackLocked(ActivityRecord.java:1126)
12-09 08:27:22.133 W/ActivityManager( 1593): 	at com.android.server.am.ActivityManagerService.getActivityDisplayId(ActivityManagerService.java:8889)
12-09 08:27:22.133 W/ActivityManager( 1593): 	at android.app.ActivityManagerNative.onTransact(ActivityManagerNative.java:2338)
12-09 08:27:22.133 W/ActivityManager( 1593): 	at com.android.server.am.ActivityManagerService.onTransact(ActivityManagerService.java:2443)
12-09 08:27:22.133 W/ActivityManager( 1593): 	at android.os.Binder.execTransact(Binder.java:453)
12-09 08:27:22.133 W/ActivityManager( 1593): Bad activity token: android.os.BinderProxy@b45701d
12-09 08:27:22.133 W/ActivityManager( 1593): java.lang.ClassCastException: android.os.BinderProxy cannot be cast to com.android.server.am.ActivityRecord$Token
12-09 08:27:22.133 W/ActivityManager( 1593): 	at com.android.server.am.ActivityRecord.forTokenLocked(ActivityRecord.java:424)
12-09 08:27:22.133 W/ActivityManager( 1593): 	at com.android.server.am.ActivityRecord.isInStackLocked(ActivityRecord.java:1121)
12-09 08:27:22.133 W/ActivityManager( 1593): 	at com.android.server.am.ActivityManagerService.setTaskDescription(ActivityManagerService.java:8547)
12-09 08:27:22.133 W/ActivityManager( 1593): 	at android.app.ActivityManagerNative.onTransact(ActivityManagerNative.java:2410)
12-09 08:27:22.133 W/ActivityManager( 1593): 	at com.android.server.am.ActivityManagerService.onTransact(ActivityManagerService.java:2443)
12-09 08:27:22.133 W/ActivityManager( 1593): 	at android.os.Binder.execTransact(Binder.java:453)
12-09 08:27:22.259 I/art     (21236): Background sticky concurrent mark sweep GC freed 1798(273KB) AllocSpace objects, 0(0B) LOS objects, 12% free, 1853KB/2MB, paused 9.501ms total 67.482ms
12-09 08:27:22.289 W/ActivityManager( 1593): Bad activity token: android.os.BinderProxy@b45701d
12-09 08:27:22.289 W/ActivityManager( 1593): java.lang.ClassCastException: android.os.BinderProxy cannot be cast to com.android.server.am.ActivityRecord$Token
12-09 08:27:22.289 W/ActivityManager( 1593): 	at com.android.server.am.ActivityRecord.forTokenLocked(ActivityRecord.java:424)
12-09 08:27:22.289 W/ActivityManager( 1593): 	at com.android.server.am.ActivityRecord.isInStackLocked(ActivityRecord.java:1121)
12-09 08:27:22.289 W/ActivityManager( 1593): 	at com.android.server.am.ActivityManagerService.getActivityOptions(ActivityManagerService.java:11038)
12-09 08:27:22.289 W/ActivityManager( 1593): 	at android.app.ActivityManagerNative.onTransact(ActivityManagerNative.java:1734)
12-09 08:27:22.289 W/ActivityManager( 1593): 	at com.android.server.am.ActivityManagerService.onTransact(ActivityManagerService.java:2443)
12-09 08:27:22.289 W/ActivityManager( 1593): 	at android.os.Binder.execTransact(Binder.java:453)
12-09 08:27:22.290 W/ActivityManager( 1593): Bad activity token: android.os.BinderProxy@b45701d
12-09 08:27:22.290 W/ActivityManager( 1593): java.lang.ClassCastException: android.os.BinderProxy cannot be cast to com.android.server.am.ActivityRecord$Token
12-09 08:27:22.290 W/ActivityManager( 1593): 	at com.android.server.am.ActivityRecord.forTokenLocked(ActivityRecord.java:424)
12-09 08:27:22.290 W/ActivityManager( 1593): 	at com.android.server.am.ActivityRecord.isInStackLocked(ActivityRecord.java:1121)
12-09 08:27:22.290 W/ActivityManager( 1593): 	at com.android.server.am.ActivityManagerService.getActivityOptions(ActivityManagerService.java:11038)
12-09 08:27:22.290 W/ActivityManager( 1593): 	at android.app.ActivityManagerNative.onTransact(ActivityManagerNative.java:1734)
12-09 08:27:22.290 W/ActivityManager( 1593): 	at com.android.server.am.ActivityManagerService.onTransact(ActivityManagerService.java:2443)
12-09 08:27:22.290 W/ActivityManager( 1593): 	at android.os.Binder.execTransact(Binder.java:453)
12-09 08:27:22.322 V/PhoneStatusBar( 1722): setLightsOn(true)
12-09 08:27:22.370 I/art     (21236): Background sticky concurrent mark sweep GC freed 161(38KB) AllocSpace objects, 0(0B) LOS objects, 7% free, 1961KB/2MB, paused 41.533ms total 46.337ms
12-09 08:27:22.428 D/EGL_emulation( 1949): eglMakeCurrent: 0x7f50eff79dc0: ver 2 0 (tinfo 0x7f50eff42d80)
12-09 08:27:22.464 E/Surface ( 1949): getSlotFromBufferLocked: unknown buffer: 0x7f50ec555700
12-09 08:27:22.542 W/art     ( 1593): Long monitor contention event with owner method=void com.android.server.wm.WindowAnimator$1.doFrame(long) from WindowAnimator.java:121 waiters=0 for 221ms
12-09 08:27:22.630 W/art     ( 1593): Long monitor contention event with owner method=void com.android.server.wm.WindowAnimator$1.doFrame(long) from WindowAnimator.java:121 waiters=2 for 149ms
12-09 08:27:23.105 W/art     ( 1593): Long monitor contention event with owner method=void com.android.server.wm.WindowAnimator$1.doFrame(long) from WindowAnimator.java:121 waiters=1 for 156ms
12-09 08:27:23.281 W/art     ( 1593): Long monitor contention event with owner method=java.util.List com.android.server.am.ActivityManagerService.getAllStackInfos() from ActivityManagerService.java:8937 waiters=0 for 193ms
12-09 08:27:23.297 I/Choreographer(21236): Skipped 36 frames!  The application may be doing too much work on its main thread.
12-09 08:27:23.297 D/gralloc_ranchu( 1218): gralloc_alloc: Creating ashmem region of size 3686400
12-09 08:27:23.450 D/        (21236): HostConnection::get() New Host Connection established 0x7f50ec5bce00, tid 21236
12-09 08:27:23.517 I/ActivityManager( 1593): Displayed com.evancharlton.mileage/.Mileage: +1s634ms
12-09 08:27:23.581 D/gralloc_ranchu( 1218): gralloc_alloc: Creating ashmem region of size 3686400
12-09 08:27:23.968 W/art     ( 1593): Long monitor contention event with owner method=void com.android.server.wm.WindowAnimator$1.doFrame(long) from WindowAnimator.java:121 waiters=0 for 127ms
12-09 08:27:24.120 D/gralloc_ranchu( 1218): gralloc_alloc: Creating ashmem region of size 3686400
12-09 08:27:25.663 I/System.out(21236): URI: //map
12-09 08:27:25.663 I/System.out(21236): params: {json={"query":"android.widget.EditText id:'price'","operation":{"method_name":"query","arguments":[]}}
12-09 08:27:25.663 I/System.out(21236): }
12-09 08:27:25.744 W/ResourceType(21236): No package identifier when getting name for resource number 0x00000001
12-09 08:27:25.847 I/System.out(21236): URI: //gesture
12-09 08:27:25.848 I/System.out(21236): params: {json={"query_timeout":5.0,"gestures":[{"query_string":"android.widget.EditText id:'price'","touches":[{"x":50,"y":50,"offset_x":0,"offset_y":0,"wait":0.0,"time":0.2,"release":true,"query_string":null}]}]}
12-09 08:27:25.848 I/System.out(21236): }
12-09 08:27:25.885 W/ResourceType(21236): No package identifier when getting name for resource number 0x00000001
12-09 08:27:26.336 I/LatinIME( 1874): Starting input. Cursor position = 0,0
12-09 08:27:26.423 W/art     (21236): Suspending all threads took: 31.461ms
12-09 08:27:26.488 I/art     (21236): Background sticky concurrent mark sweep GC freed 27299(1239KB) AllocSpace objects, 0(0B) LOS objects, 14% free, 2MB/2MB, paused 36.171ms total 138.490ms
12-09 08:27:26.799 D/EGL_emulation( 1874): eglMakeCurrent: 0x7f50eff7df60: ver 2 0 (tinfo 0x7f50ebea67a0)
12-09 08:27:27.063 I/System.out(21236): URI: //
12-09 08:27:27.063 I/System.out(21236): params: {json={"command":"set_selection","arguments":[-1,-1]}
12-09 08:27:27.063 I/System.out(21236): }
12-09 08:27:27.063 I/System.out(21236): header: {date=Sun, 09 Dec 2018 08:27:27 GMT, accept=*/*, content-length=47, host=127.0.0.1:34777, user-agent=HTTPClient/1.0 (2.8.3, ruby 2.3.1 (2016-04-26)), content-type=application/json;charset=utf-8}
12-09 08:27:27.063 I/System.out(21236): params: {json={"command":"set_selection","arguments":[-1,-1]}
12-09 08:27:27.063 I/System.out(21236): }
12-09 08:27:27.063 I/System.out(21236): ProP json = {"command":"set_selection","arguments":[-1,-1]}
12-09 08:27:27.063 I/System.out(21236): files: {}
12-09 08:27:27.063 I/System.out(21236): command: {"command":"set_selection","arguments":[-1,-1]}
12-09 08:27:27.064 I/InstrumentationBackend(21236): Got command:'Command:'Line:null,set_selection', arguments:'[-1, -1]'
12-09 08:27:27.129 I/System.out(21236): result:{"bonusInformation":[],"message":"","success":true}
12-09 08:27:27.152 I/art     (21236): Background sticky concurrent mark sweep GC freed 12801(606KB) AllocSpace objects, 2(40KB) LOS objects, 12% free, 2MB/2MB, paused 7.901ms total 61.537ms
12-09 08:27:27.528 I/System.out(21236): URI: //
12-09 08:27:27.528 I/System.out(21236): params: {json={"command":"keyboard_enter_text","arguments":["98879898249712372391"]}
12-09 08:27:27.528 I/System.out(21236): }
12-09 08:27:27.528 I/System.out(21236): header: {date=Sun, 09 Dec 2018 08:27:27 GMT, accept=*/*, content-length=70, host=127.0.0.1:34777, user-agent=HTTPClient/1.0 (2.8.3, ruby 2.3.1 (2016-04-26)), content-type=application/json;charset=utf-8}
12-09 08:27:27.528 I/System.out(21236): params: {json={"command":"keyboard_enter_text","arguments":["98879898249712372391"]}
12-09 08:27:27.528 I/System.out(21236): }
12-09 08:27:27.528 I/System.out(21236): ProP json = {"command":"keyboard_enter_text","arguments":["98879898249712372391"]}
12-09 08:27:27.528 I/System.out(21236): files: {}
12-09 08:27:27.528 I/System.out(21236): command: {"command":"keyboard_enter_text","arguments":["98879898249712372391"]}
12-09 08:27:27.529 I/InstrumentationBackend(21236): Got command:'Command:'Line:null,keyboard_enter_text', arguments:'[98879898249712372391]'
12-09 08:27:27.541 E/SpannableStringBuilder(21236): SPAN_EXCLUSIVE_EXCLUSIVE spans cannot have a zero length
12-09 08:27:27.541 E/SpannableStringBuilder(21236): SPAN_EXCLUSIVE_EXCLUSIVE spans cannot have a zero length
12-09 08:27:27.565 I/art     (21236): Background sticky concurrent mark sweep GC freed 5076(279KB) AllocSpace objects, 3(60KB) LOS objects, 15% free, 2MB/2MB, paused 5.056ms total 34.344ms
12-09 08:27:27.635 E/SpannableStringBuilder(21236): SPAN_EXCLUSIVE_EXCLUSIVE spans cannot have a zero length
12-09 08:27:27.635 E/SpannableStringBuilder(21236): SPAN_EXCLUSIVE_EXCLUSIVE spans cannot have a zero length
12-09 08:27:27.674 I/art     (21236): Background sticky concurrent mark sweep GC freed 8716(327KB) AllocSpace objects, 0(0B) LOS objects, 15% free, 2MB/2MB, paused 7.762ms total 14.889ms
12-09 08:27:27.713 I/System.out(21236): result:{"bonusInformation":[],"message":"","success":true}
12-09 08:27:28.300 E/SurfaceFlinger( 1218): ro.sf.lcd_density must be defined as a build property
12-09 08:27:28.302 D/gralloc_ranchu( 1218): gralloc_alloc: Creating ashmem region of size 3686400
12-09 08:27:28.327 D/        (21268): HostConnection::get() New Host Connection established 0x7f76ff492480, tid 21268
12-09 08:27:28.423 E/EGL_emulation( 1218): tid 1218: eglCreateSyncKHR(1881): error 0x3004 (EGL_BAD_ATTRIBUTE)
12-09 08:27:29.303 I/System.out(21236): URI: //map
12-09 08:27:29.304 I/System.out(21236): params: {json={"query":"android.widget.EditText id:'volume'","operation":{"method_name":"query","arguments":[]}}
12-09 08:27:29.304 I/System.out(21236): }
12-09 08:27:29.350 W/ResourceType(21236): No package identifier when getting name for resource number 0x00000001
12-09 08:27:29.428 I/art     (21236): Background sticky concurrent mark sweep GC freed 27547(1191KB) AllocSpace objects, 2(40KB) LOS objects, 0% free, 3MB/3MB, paused 1.758ms total 112.752ms
12-09 08:27:29.514 I/System.out(21236): URI: //gesture
12-09 08:27:29.514 I/System.out(21236): params: {json={"query_timeout":5.0,"gestures":[{"query_string":"android.widget.EditText id:'volume'","touches":[{"x":50,"y":50,"offset_x":0,"offset_y":0,"wait":0.0,"time":0.2,"release":true,"query_string":null}]}]}
12-09 08:27:29.515 I/System.out(21236): }
12-09 08:27:29.532 W/ResourceType(21236): No package identifier when getting name for resource number 0x00000001
12-09 08:27:29.940 I/LatinIME( 1874): Starting input. Cursor position = 0,0
12-09 08:27:30.599 I/System.out(21236): URI: //
12-09 08:27:30.600 I/System.out(21236): params: {json={"command":"set_selection","arguments":[-1,-1]}
12-09 08:27:30.600 I/System.out(21236): }
12-09 08:27:30.600 I/System.out(21236): header: {date=Sun, 09 Dec 2018 08:27:30 GMT, accept=*/*, content-length=47, host=127.0.0.1:34777, user-agent=HTTPClient/1.0 (2.8.3, ruby 2.3.1 (2016-04-26)), content-type=application/json;charset=utf-8}
12-09 08:27:30.600 I/System.out(21236): params: {json={"command":"set_selection","arguments":[-1,-1]}
12-09 08:27:30.600 I/System.out(21236): }
12-09 08:27:30.600 I/System.out(21236): ProP json = {"command":"set_selection","arguments":[-1,-1]}
12-09 08:27:30.600 I/System.out(21236): files: {}
12-09 08:27:30.600 I/System.out(21236): command: {"command":"set_selection","arguments":[-1,-1]}
12-09 08:27:30.601 I/InstrumentationBackend(21236): Got command:'Command:'Line:null,set_selection', arguments:'[-1, -1]'
12-09 08:27:30.628 I/System.out(21236): result:{"bonusInformation":[],"message":"","success":true}
12-09 08:27:30.784 I/System.out(21236): URI: //
12-09 08:27:30.784 I/System.out(21236): params: {json={"command":"keyboard_enter_text","arguments":["98879891284721092831"]}
12-09 08:27:30.784 I/System.out(21236): }
12-09 08:27:30.784 I/System.out(21236): header: {date=Sun, 09 Dec 2018 08:27:31 GMT, accept=*/*, content-length=70, host=127.0.0.1:34777, user-agent=HTTPClient/1.0 (2.8.3, ruby 2.3.1 (2016-04-26)), content-type=application/json;charset=utf-8}
12-09 08:27:30.784 I/System.out(21236): params: {json={"command":"keyboard_enter_text","arguments":["98879891284721092831"]}
12-09 08:27:30.784 I/System.out(21236): }
12-09 08:27:30.784 I/System.out(21236): ProP json = {"command":"keyboard_enter_text","arguments":["98879891284721092831"]}
12-09 08:27:30.784 I/System.out(21236): files: {}
12-09 08:27:30.784 I/System.out(21236): command: {"command":"keyboard_enter_text","arguments":["98879891284721092831"]}
12-09 08:27:30.785 I/InstrumentationBackend(21236): Got command:'Command:'Line:null,keyboard_enter_text', arguments:'[98879891284721092831]'
12-09 08:27:30.786 E/SpannableStringBuilder(21236): SPAN_EXCLUSIVE_EXCLUSIVE spans cannot have a zero length
12-09 08:27:30.786 E/SpannableStringBuilder(21236): SPAN_EXCLUSIVE_EXCLUSIVE spans cannot have a zero length
12-09 08:27:30.895 E/SpannableStringBuilder(21236): SPAN_EXCLUSIVE_EXCLUSIVE spans cannot have a zero length
12-09 08:27:30.895 E/SpannableStringBuilder(21236): SPAN_EXCLUSIVE_EXCLUSIVE spans cannot have a zero length
12-09 08:27:30.950 I/System.out(21236): result:{"bonusInformation":[],"message":"","success":true}
12-09 08:27:30.957 I/art     (21236): Background sticky concurrent mark sweep GC freed 20736(956KB) AllocSpace objects, 5(100KB) LOS objects, 24% free, 2MB/3MB, paused 17.303ms total 58.901ms
12-09 08:27:31.402 E/SurfaceFlinger( 1218): ro.sf.lcd_density must be defined as a build property
12-09 08:27:31.417 D/gralloc_ranchu( 1218): gralloc_alloc: Creating ashmem region of size 3686400
12-09 08:27:31.466 D/        (21278): HostConnection::get() New Host Connection established 0x7fa919d52480, tid 21278
12-09 08:27:31.495 E/EGL_emulation( 1218): tid 1218: eglCreateSyncKHR(1881): error 0x3004 (EGL_BAD_ATTRIBUTE)
12-09 08:27:32.530 I/System.out(21236): URI: //map
12-09 08:27:32.530 I/System.out(21236): params: {json={"query":"android.widget.EditText id:'odometer'","operation":{"method_name":"query","arguments":[]}}
12-09 08:27:32.530 I/System.out(21236): }
12-09 08:27:32.553 W/ResourceType(21236): No package identifier when getting name for resource number 0x00000001
12-09 08:27:32.697 I/System.out(21236): URI: //gesture
12-09 08:27:32.697 I/System.out(21236): params: {json={"query_timeout":5.0,"gestures":[{"query_string":"android.widget.EditText id:'odometer'","touches":[{"x":50,"y":50,"offset_x":0,"offset_y":0,"wait":0.0,"time":0.2,"release":true,"query_string":null}]}]}
12-09 08:27:32.698 I/System.out(21236): }
12-09 08:27:32.724 I/art     (21236): Background sticky concurrent mark sweep GC freed 51744(2MB) AllocSpace objects, 3(60KB) LOS objects, 21% free, 2MB/3MB, paused 13.796ms total 125.622ms
12-09 08:27:32.737 W/ResourceType(21236): No package identifier when getting name for resource number 0x00000001
12-09 08:27:33.138 I/LatinIME( 1874): Starting input. Cursor position = 0,0
12-09 08:27:33.232 W/art     (21236): Suspending all threads took: 48.252ms
12-09 08:27:33.289 I/art     (21236): Background sticky concurrent mark sweep GC freed 43505(1935KB) AllocSpace objects, 1(20KB) LOS objects, 24% free, 2MB/3MB, paused 49.374ms total 152.885ms
12-09 08:27:33.804 I/System.out(21236): URI: //
12-09 08:27:33.804 I/System.out(21236): params: {json={"command":"set_selection","arguments":[-1,-1]}
12-09 08:27:33.804 I/System.out(21236): }
12-09 08:27:33.804 I/System.out(21236): header: {date=Sun, 09 Dec 2018 08:27:34 GMT, accept=*/*, content-length=47, host=127.0.0.1:34777, user-agent=HTTPClient/1.0 (2.8.3, ruby 2.3.1 (2016-04-26)), content-type=application/json;charset=utf-8}
12-09 08:27:33.804 I/System.out(21236): params: {json={"command":"set_selection","arguments":[-1,-1]}
12-09 08:27:33.804 I/System.out(21236): }
12-09 08:27:33.805 I/System.out(21236): ProP json = {"command":"set_selection","arguments":[-1,-1]}
12-09 08:27:33.805 I/System.out(21236): files: {}
12-09 08:27:33.805 I/System.out(21236): command: {"command":"set_selection","arguments":[-1,-1]}
12-09 08:27:33.806 I/InstrumentationBackend(21236): Got command:'Command:'Line:null,set_selection', arguments:'[-1, -1]'
12-09 08:27:33.815 I/System.out(21236): result:{"bonusInformation":[],"message":"","success":true}
12-09 08:27:34.083 I/System.out(21236): URI: //
12-09 08:27:34.083 I/System.out(21236): params: {json={"command":"keyboard_enter_text","arguments":["74394723984721092831"]}
12-09 08:27:34.083 I/System.out(21236): }
12-09 08:27:34.083 I/System.out(21236): header: {date=Sun, 09 Dec 2018 08:27:34 GMT, accept=*/*, content-length=70, host=127.0.0.1:34777, user-agent=HTTPClient/1.0 (2.8.3, ruby 2.3.1 (2016-04-26)), content-type=application/json;charset=utf-8}
12-09 08:27:34.083 I/System.out(21236): params: {json={"command":"keyboard_enter_text","arguments":["74394723984721092831"]}
12-09 08:27:34.083 I/System.out(21236): }
12-09 08:27:34.083 I/System.out(21236): ProP json = {"command":"keyboard_enter_text","arguments":["74394723984721092831"]}
12-09 08:27:34.083 I/System.out(21236): files: {}
12-09 08:27:34.084 I/System.out(21236): command: {"command":"keyboard_enter_text","arguments":["74394723984721092831"]}
12-09 08:27:34.085 I/InstrumentationBackend(21236): Got command:'Command:'Line:null,keyboard_enter_text', arguments:'[74394723984721092831]'
12-09 08:27:34.129 E/SpannableStringBuilder(21236): SPAN_EXCLUSIVE_EXCLUSIVE spans cannot have a zero length
12-09 08:27:34.129 E/SpannableStringBuilder(21236): SPAN_EXCLUSIVE_EXCLUSIVE spans cannot have a zero length
12-09 08:27:34.186 E/SpannableStringBuilder(21236): SPAN_EXCLUSIVE_EXCLUSIVE spans cannot have a zero length
12-09 08:27:34.186 E/SpannableStringBuilder(21236): SPAN_EXCLUSIVE_EXCLUSIVE spans cannot have a zero length
12-09 08:27:34.197 I/System.out(21236): result:{"bonusInformation":[],"message":"","success":true}
12-09 08:27:34.752 E/SurfaceFlinger( 1218): ro.sf.lcd_density must be defined as a build property
12-09 08:27:34.753 D/gralloc_ranchu( 1218): gralloc_alloc: Creating ashmem region of size 3686400
12-09 08:27:34.846 D/        (21288): HostConnection::get() New Host Connection established 0x7f3171312480, tid 21288
12-09 08:27:34.877 E/EGL_emulation( 1218): tid 1218: eglCreateSyncKHR(1881): error 0x3004 (EGL_BAD_ATTRIBUTE)
12-09 08:27:37.068 I/System.out(21236): URI: //map
12-09 08:27:37.068 I/System.out(21236): params: {json={"query":"android.widget.Button index:2","operation":{"method_name":"query","arguments":[]}}
12-09 08:27:37.068 I/System.out(21236): }
12-09 08:27:37.167 I/art     (21236): Background sticky concurrent mark sweep GC freed 28553(1253KB) AllocSpace objects, 5(100KB) LOS objects, 1% free, 3MB/3MB, paused 5.429ms total 88.134ms
12-09 08:27:37.340 I/art     (21236): Background sticky concurrent mark sweep GC freed 19196(827KB) AllocSpace objects, 0(0B) LOS objects, 5% free, 3MB/3MB, paused 5.317ms total 91.836ms
12-09 08:27:37.443 I/System.out(21236): URI: //gesture
12-09 08:27:37.443 I/System.out(21236): params: {json={"query_timeout":5.0,"gestures":[{"query_string":"android.widget.Button index:2","touches":[{"x":50,"y":50,"offset_x":0,"offset_y":0,"wait":0.0,"time":0.2,"release":true,"query_string":null}]}]}
12-09 08:27:37.443 I/System.out(21236): }
12-09 08:27:37.517 I/art     (21236): Background sticky concurrent mark sweep GC freed 31010(1365KB) AllocSpace objects, 2(40KB) LOS objects, 21% free, 2MB/3MB, paused 6.838ms total 60.925ms
12-09 08:27:37.858 W/audio_hw_generic( 1306): Hardware backing HAL too slow, could only write 0 of 661 frames
12-09 08:27:37.872 I/art     (21236): Background sticky concurrent mark sweep GC freed 33256(1574KB) AllocSpace objects, 0(0B) LOS objects, 17% free, 2MB/3MB, paused 1.043ms total 121.641ms
12-09 08:27:38.011 W/audio_hw_generic( 1306): Not supplying enough data to HAL, expected position 32169047 , only wrote 32168226
12-09 08:27:38.011 W/audio_hw_generic( 1306): Not supplying enough data to HAL, expected position 32168232 , only wrote 32168226
12-09 08:27:38.022 I/calabash(21236): newActivity1
12-09 08:27:38.031 W/ActivityManager( 1593): Bad activity token: android.os.BinderProxy@5f65aaf
12-09 08:27:38.031 W/ActivityManager( 1593): java.lang.ClassCastException: android.os.BinderProxy cannot be cast to com.android.server.am.ActivityRecord$Token
12-09 08:27:38.031 W/ActivityManager( 1593): 	at com.android.server.am.ActivityRecord.forTokenLocked(ActivityRecord.java:424)
12-09 08:27:38.031 W/ActivityManager( 1593): 	at com.android.server.am.ActivityRecord.isInStackLocked(ActivityRecord.java:1121)
12-09 08:27:38.031 W/ActivityManager( 1593): 	at com.android.server.am.ActivityRecord.getStackLocked(ActivityRecord.java:1126)
12-09 08:27:38.031 W/ActivityManager( 1593): 	at com.android.server.am.ActivityManagerService.getActivityDisplayId(ActivityManagerService.java:8889)
12-09 08:27:38.031 W/ActivityManager( 1593): 	at android.app.ActivityManagerNative.onTransact(ActivityManagerNative.java:2338)
12-09 08:27:38.031 W/ActivityManager( 1593): 	at com.android.server.am.ActivityManagerService.onTransact(ActivityManagerService.java:2443)
12-09 08:27:38.031 W/ActivityManager( 1593): 	at android.os.Binder.execTransact(Binder.java:453)
12-09 08:27:38.032 W/ActivityManager( 1593): Bad activity token: android.os.BinderProxy@5f65aaf
12-09 08:27:38.032 W/ActivityManager( 1593): java.lang.ClassCastException: android.os.BinderProxy cannot be cast to com.android.server.am.ActivityRecord$Token
12-09 08:27:38.032 W/ActivityManager( 1593): 	at com.android.server.am.ActivityRecord.forTokenLocked(ActivityRecord.java:424)
12-09 08:27:38.032 W/ActivityManager( 1593): 	at com.android.server.am.ActivityRecord.isInStackLocked(ActivityRecord.java:1121)
12-09 08:27:38.032 W/ActivityManager( 1593): 	at com.android.server.am.ActivityManagerService.setTaskDescription(ActivityManagerService.java:8547)
12-09 08:27:38.032 W/ActivityManager( 1593): 	at android.app.ActivityManagerNative.onTransact(ActivityManagerNative.java:2410)
12-09 08:27:38.032 W/ActivityManager( 1593): 	at com.android.server.am.ActivityManagerService.onTransact(ActivityManagerService.java:2443)
12-09 08:27:38.032 W/ActivityManager( 1593): 	at android.os.Binder.execTransact(Binder.java:453)
12-09 08:27:38.079 W/audio_hw_generic( 1306): Not supplying enough data to HAL, expected position 32171212 , only wrote 32168887
12-09 08:27:38.107 W/ActivityManager( 1593): Bad activity token: android.os.BinderProxy@5f65aaf
12-09 08:27:38.107 W/ActivityManager( 1593): java.lang.ClassCastException: android.os.BinderProxy cannot be cast to com.android.server.am.ActivityRecord$Token
12-09 08:27:38.107 W/ActivityManager( 1593): 	at com.android.server.am.ActivityRecord.forTokenLocked(ActivityRecord.java:424)
12-09 08:27:38.107 W/ActivityManager( 1593): 	at com.android.server.am.ActivityRecord.isInStackLocked(ActivityRecord.java:1121)
12-09 08:27:38.107 W/ActivityManager( 1593): 	at com.android.server.am.ActivityManagerService.getActivityOptions(ActivityManagerService.java:11038)
12-09 08:27:38.107 W/ActivityManager( 1593): 	at android.app.ActivityManagerNative.onTransact(ActivityManagerNative.java:1734)
12-09 08:27:38.107 W/ActivityManager( 1593): 	at com.android.server.am.ActivityManagerService.onTransact(ActivityManagerService.java:2443)
12-09 08:27:38.107 W/ActivityManager( 1593): 	at android.os.Binder.execTransact(Binder.java:453)
12-09 08:27:38.108 W/ActivityManager( 1593): Bad activity token: android.os.BinderProxy@5f65aaf
12-09 08:27:38.108 W/ActivityManager( 1593): java.lang.ClassCastException: android.os.BinderProxy cannot be cast to com.android.server.am.ActivityRecord$Token
12-09 08:27:38.108 W/ActivityManager( 1593): 	at com.android.server.am.ActivityRecord.forTokenLocked(ActivityRecord.java:424)
12-09 08:27:38.108 W/ActivityManager( 1593): 	at com.android.server.am.ActivityRecord.isInStackLocked(ActivityRecord.java:1121)
12-09 08:27:38.108 W/ActivityManager( 1593): 	at com.android.server.am.ActivityManagerService.getActivityOptions(ActivityManagerService.java:11038)
12-09 08:27:38.108 W/ActivityManager( 1593): 	at android.app.ActivityManagerNative.onTransact(ActivityManagerNative.java:1734)
12-09 08:27:38.108 W/ActivityManager( 1593): 	at com.android.server.am.ActivityManagerService.onTransact(ActivityManagerService.java:2443)
12-09 08:27:38.108 W/ActivityManager( 1593): 	at android.os.Binder.execTransact(Binder.java:453)
12-09 08:27:38.145 I/LatinIME( 1874): Starting input. Cursor position = -1,-1
12-09 08:27:38.249 E/SurfaceFlinger( 1218): ro.sf.lcd_density must be defined as a build property
12-09 08:27:38.250 D/gralloc_ranchu( 1218): gralloc_alloc: Creating ashmem region of size 3686400
12-09 08:27:38.294 D/        (21294): HostConnection::get() New Host Connection established 0x7f6fa0cd2480, tid 21294
12-09 08:27:38.328 E/EGL_emulation( 1218): tid 1218: eglCreateSyncKHR(1881): error 0x3004 (EGL_BAD_ATTRIBUTE)
12-09 08:27:38.385 W/audio_hw_generic( 1306): Not supplying enough data to HAL, expected position 32182395 , only wrote 32182107
12-09 08:27:38.434 D/Mileage.ABS(21236): Finished backup
12-09 08:27:38.437 D/Mileage.ABS(21236): Not backing up; 109
12-09 08:27:38.437 D/Mileage.ABS(21236): Not backing up; 109
12-09 08:27:38.439 D/Mileage (21236): Recalculating
12-09 08:27:38.493 W/audio_hw_generic( 1306): Hardware backing HAL too slow, could only write 0 of 661 frames
12-09 08:27:38.517 W/audio_hw_generic( 1306): Hardware backing HAL too slow, could only write 0 of 661 frames
12-09 08:27:38.535 W/audio_hw_generic( 1306): Hardware backing HAL too slow, could only write 0 of 661 frames
12-09 08:27:38.547 W/audio_hw_generic( 1306): Hardware backing HAL too slow, could only write 0 of 661 frames
12-09 08:27:38.563 W/audio_hw_generic( 1306): Hardware backing HAL too slow, could only write 0 of 661 frames
12-09 08:27:38.766 W/audio_hw_generic( 1306): Not supplying enough data to HAL, expected position 32198895 , only wrote 32198632
12-09 08:27:38.766 W/audio_hw_generic( 1306): Not supplying enough data to HAL, expected position 32198638 , only wrote 32198632
12-09 08:27:38.788 W/audio_hw_generic( 1306): Not supplying enough data to HAL, expected position 32199577 , only wrote 32199293
12-09 08:27:38.828 D/FillupAdapter(21236): Average economy: 0.7523746539172881
12-09 08:27:38.863 D/Mileage.ABS(21236): Not backing up; 535
12-09 08:27:39.064 W/audio_hw_generic( 1306): Not supplying enough data to HAL, expected position 32211496 , only wrote 32205242
12-09 08:27:39.064 W/audio_hw_generic( 1306): Not supplying enough data to HAL, expected position 32205248 , only wrote 32205242
12-09 08:27:39.126 W/audio_hw_generic( 1306): Hardware backing HAL too slow, could only write 0 of 661 frames
12-09 08:27:39.143 W/audio_hw_generic( 1306): Hardware backing HAL too slow, could only write 0 of 661 frames
12-09 08:27:39.162 W/audio_hw_generic( 1306): Hardware backing HAL too slow, could only write 0 of 661 frames
12-09 08:27:39.207 W/audio_hw_generic( 1306): Hardware backing HAL too slow, could only write 0 of 661 frames
12-09 08:27:39.218 W/audio_hw_generic( 1306): Hardware backing HAL too slow, could only write 0 of 661 frames
12-09 08:27:39.243 W/audio_hw_generic( 1306): Hardware backing HAL too slow, could only write 0 of 661 frames
12-09 08:27:39.258 W/audio_hw_generic( 1306): Hardware backing HAL too slow, could only write 0 of 661 frames
12-09 08:27:39.270 I/System.out(21236): URI: //gesture
12-09 08:27:39.270 I/System.out(21236): params: {json={"query_timeout":5.0,"gestures":[{"query_string":"android.widget.TabWidget descendant TextView index:0","touches":[{"x":50,"y":50,"offset_x":0,"offset_y":0,"wait":0.0,"time":0.2,"release":true,"query_string":null}]}]}
12-09 08:27:39.270 I/System.out(21236): }
12-09 08:27:39.272 W/RichInputConnection( 1874): Slow InputConnection: GET_TEXT_BEFORE_CURSOR took 458 ms.
12-09 08:27:39.279 W/audio_hw_generic( 1306): Hardware backing HAL too slow, could only write 0 of 661 frames
12-09 08:27:39.280 I/InputAttributes( 1874): InputType.TYPE_NULL is specified
12-09 08:27:39.390 I/Choreographer( 1874): Skipped 76 frames!  The application may be doing too much work on its main thread.
12-09 08:27:39.403 W/audio_hw_generic( 1306): Hardware backing HAL too slow, could only write 0 of 661 frames
12-09 08:27:39.440 W/audio_hw_generic( 1306): Not supplying enough data to HAL, expected position 32221799 , only wrote 32221767
12-09 08:27:39.440 W/audio_hw_generic( 1306): Not supplying enough data to HAL, expected position 32221773 , only wrote 32221767
12-09 08:27:39.463 W/audio_hw_generic( 1306): Not supplying enough data to HAL, expected position 32222790 , only wrote 32222428
12-09 08:27:39.539 W/audio_hw_generic( 1306): Hardware backing HAL too slow, could only write 0 of 661 frames
12-09 08:27:39.605 D/EGL_emulation( 1874): eglMakeCurrent: 0x7f50eff7df60: ver 2 0 (tinfo 0x7f50ebea67a0)
12-09 08:27:39.685 W/audio_hw_generic( 1306): Not supplying enough data to HAL, expected position 32232223 , only wrote 32230360
12-09 08:27:39.685 W/audio_hw_generic( 1306): Not supplying enough data to HAL, expected position 32230366 , only wrote 32230360
12-09 08:27:39.706 E/Surface ( 1874): getSlotFromBufferLocked: unknown buffer: 0x7f50ec555340
12-09 08:27:39.783 W/audio_hw_generic( 1306): Not supplying enough data to HAL, expected position 32234672 , only wrote 32231021
12-09 08:27:39.847 W/audio_hw_generic( 1306): Hardware backing HAL too slow, could only write 0 of 661 frames
12-09 08:27:39.861 W/audio_hw_generic( 1306): Hardware backing HAL too slow, could only write 0 of 661 frames
12-09 08:27:40.080 W/audio_hw_generic( 1306): Not supplying enough data to HAL, expected position 32244112 , only wrote 32240936
12-09 08:27:40.091 W/audio_hw_generic( 1306): Not supplying enough data to HAL, expected position 32241427 , only wrote 32240936
12-09 08:27:40.121 W/audio_hw_generic( 1306): Not supplying enough data to HAL, expected position 32242256 , only wrote 32241597
12-09 08:27:40.295 W/audio_hw_generic( 1306): Hardware backing HAL too slow, could only write 0 of 661 frames
12-09 08:27:40.307 W/audio_hw_generic( 1306): Hardware backing HAL too slow, could only write 0 of 661 frames
12-09 08:27:40.317 W/audio_hw_generic( 1306): Hardware backing HAL too slow, could only write 0 of 661 frames
12-09 08:27:40.331 W/audio_hw_generic( 1306): Hardware backing HAL too slow, could only write 0 of 661 frames
12-09 08:27:40.367 W/audio_hw_generic( 1306): Hardware backing HAL too slow, could only write 0 of 661 frames
12-09 08:27:40.379 W/audio_hw_generic( 1306): Hardware backing HAL too slow, could only write 0 of 661 frames
12-09 08:27:40.499 W/audio_hw_generic( 1306): Not supplying enough data to HAL, expected position 32258252 , only wrote 32258122
12-09 08:27:40.547 W/audio_hw_generic( 1306): Not supplying enough data to HAL, expected position 32260248 , only wrote 32259444
12-09 08:27:40.570 W/audio_hw_generic( 1306): Not supplying enough data to HAL, expected position 32260460 , only wrote 32260105
12-09 08:27:40.798 I/art     (21236): Background sticky concurrent mark sweep GC freed 38896(1823KB) AllocSpace objects, 1(20KB) LOS objects, 38% free, 2MB/4MB, paused 1.064ms total 239.573ms
12-09 08:27:40.803 W/audio_hw_generic( 1306): Hardware backing HAL too slow, could only write 0 of 661 frames
12-09 08:27:40.837 W/audio_hw_generic( 1306): Hardware backing HAL too slow, could only write 0 of 661 frames
