12-09 08:04:06.643 W/audio_hw_generic( 1310): Hardware backing HAL too slow, could only write 0 of 661 frames
12-09 08:04:06.673 W/audio_hw_generic( 1310): Not supplying enough data to HAL, expected position 20568868 , only wrote 20568337
12-09 08:04:06.673 W/audio_hw_generic( 1310): Not supplying enough data to HAL, expected position 20568344 , only wrote 20568337
12-09 08:04:06.689 W/audio_hw_generic( 1310): Not supplying enough data to HAL, expected position 20569027 , only wrote 20568998
12-09 08:04:06.747 I/calabash(11035): newActivity1
12-09 08:04:06.751 W/ActivityManager( 1595): Bad activity token: android.os.BinderProxy@7c5588f
12-09 08:04:06.751 W/ActivityManager( 1595): java.lang.ClassCastException: android.os.BinderProxy cannot be cast to com.android.server.am.ActivityRecord$Token
12-09 08:04:06.751 W/ActivityManager( 1595): 	at com.android.server.am.ActivityRecord.forTokenLocked(ActivityRecord.java:424)
12-09 08:04:06.751 W/ActivityManager( 1595): 	at com.android.server.am.ActivityRecord.isInStackLocked(ActivityRecord.java:1121)
12-09 08:04:06.751 W/ActivityManager( 1595): 	at com.android.server.am.ActivityRecord.getStackLocked(ActivityRecord.java:1126)
12-09 08:04:06.751 W/ActivityManager( 1595): 	at com.android.server.am.ActivityManagerService.getActivityDisplayId(ActivityManagerService.java:8889)
12-09 08:04:06.751 W/ActivityManager( 1595): 	at android.app.ActivityManagerNative.onTransact(ActivityManagerNative.java:2338)
12-09 08:04:06.751 W/ActivityManager( 1595): 	at com.android.server.am.ActivityManagerService.onTransact(ActivityManagerService.java:2443)
12-09 08:04:06.751 W/ActivityManager( 1595): 	at android.os.Binder.execTransact(Binder.java:453)
12-09 08:04:06.752 W/ActivityManager( 1595): Bad activity token: android.os.BinderProxy@7c5588f
12-09 08:04:06.752 W/ActivityManager( 1595): java.lang.ClassCastException: android.os.BinderProxy cannot be cast to com.android.server.am.ActivityRecord$Token
12-09 08:04:06.752 W/ActivityManager( 1595): 	at com.android.server.am.ActivityRecord.forTokenLocked(ActivityRecord.java:424)
12-09 08:04:06.752 W/ActivityManager( 1595): 	at com.android.server.am.ActivityRecord.isInStackLocked(ActivityRecord.java:1121)
12-09 08:04:06.752 W/ActivityManager( 1595): 	at com.android.server.am.ActivityManagerService.setTaskDescription(ActivityManagerService.java:8547)
12-09 08:04:06.752 W/ActivityManager( 1595): 	at android.app.ActivityManagerNative.onTransact(ActivityManagerNative.java:2410)
12-09 08:04:06.752 W/ActivityManager( 1595): 	at com.android.server.am.ActivityManagerService.onTransact(ActivityManagerService.java:2443)
12-09 08:04:06.752 W/ActivityManager( 1595): 	at android.os.Binder.execTransact(Binder.java:453)
12-09 08:04:06.782 W/ActivityManager( 1595): Bad activity token: android.os.BinderProxy@7c5588f
12-09 08:04:06.782 W/ActivityManager( 1595): java.lang.ClassCastException: android.os.BinderProxy cannot be cast to com.android.server.am.ActivityRecord$Token
12-09 08:04:06.782 W/ActivityManager( 1595): 	at com.android.server.am.ActivityRecord.forTokenLocked(ActivityRecord.java:424)
12-09 08:04:06.782 W/ActivityManager( 1595): 	at com.android.server.am.ActivityRecord.isInStackLocked(ActivityRecord.java:1121)
12-09 08:04:06.782 W/ActivityManager( 1595): 	at com.android.server.am.ActivityManagerService.getActivityOptions(ActivityManagerService.java:11038)
12-09 08:04:06.782 W/ActivityManager( 1595): 	at android.app.ActivityManagerNative.onTransact(ActivityManagerNative.java:1734)
12-09 08:04:06.782 W/ActivityManager( 1595): 	at com.android.server.am.ActivityManagerService.onTransact(ActivityManagerService.java:2443)
12-09 08:04:06.782 W/ActivityManager( 1595): 	at android.os.Binder.execTransact(Binder.java:453)
12-09 08:04:06.782 W/ActivityManager( 1595): Bad activity token: android.os.BinderProxy@7c5588f
12-09 08:04:06.782 W/ActivityManager( 1595): java.lang.ClassCastException: android.os.BinderProxy cannot be cast to com.android.server.am.ActivityRecord$Token
12-09 08:04:06.782 W/ActivityManager( 1595): 	at com.android.server.am.ActivityRecord.forTokenLocked(ActivityRecord.java:424)
12-09 08:04:06.782 W/ActivityManager( 1595): 	at com.android.server.am.ActivityRecord.isInStackLocked(ActivityRecord.java:1121)
12-09 08:04:06.782 W/ActivityManager( 1595): 	at com.android.server.am.ActivityManagerService.getActivityOptions(ActivityManagerService.java:11038)
12-09 08:04:06.782 W/ActivityManager( 1595): 	at android.app.ActivityManagerNative.onTransact(ActivityManagerNative.java:1734)
12-09 08:04:06.782 W/ActivityManager( 1595): 	at com.android.server.am.ActivityManagerService.onTransact(ActivityManagerService.java:2443)
12-09 08:04:06.782 W/ActivityManager( 1595): 	at android.os.Binder.execTransact(Binder.java:453)
12-09 08:04:06.874 W/audio_hw_generic( 1310): Not supplying enough data to HAL, expected position 20577139 , only wrote 20576269
12-09 08:04:06.905 E/SurfaceFlinger( 1219): ro.sf.lcd_density must be defined as a build property
12-09 08:04:06.907 D/gralloc_ranchu( 1219): gralloc_alloc: Creating ashmem region of size 3686400
12-09 08:04:06.911 I/Choreographer(11035): Skipped 41 frames!  The application may be doing too much work on its main thread.
12-09 08:04:06.944 I/LatinIME( 1850): Starting input. Cursor position = -1,-1
12-09 08:04:06.988 D/        (11107): HostConnection::get() New Host Connection established 0x7f5490012480, tid 11107
12-09 08:04:07.028 E/EGL_emulation( 1219): tid 1219: eglCreateSyncKHR(1881): error 0x3004 (EGL_BAD_ATTRIBUTE)
12-09 08:04:07.136 W/audio_hw_generic( 1310): Not supplying enough data to HAL, expected position 20587822 , only wrote 20587506
12-09 08:04:07.136 W/audio_hw_generic( 1310): Not supplying enough data to HAL, expected position 20587512 , only wrote 20587506
12-09 08:04:07.146 D/Mileage (11035): Recalculating
12-09 08:04:07.164 W/audio_hw_generic( 1310): Not supplying enough data to HAL, expected position 20588765 , only wrote 20588167
12-09 08:04:07.186 D/Mileage.ABS(11035): Finished backup
12-09 08:04:07.242 W/audio_hw_generic( 1310): Not supplying enough data to HAL, expected position 20591596 , only wrote 20591472
12-09 08:04:07.242 W/audio_hw_generic( 1310): Hardware backing HAL too slow, could only write 0 of 661 frames
12-09 08:04:07.242 W/audio_hw_generic( 1310): Hardware backing HAL too slow, could only write 0 of 661 frames
12-09 08:04:07.292 W/audio_hw_generic( 1310): Not supplying enough data to HAL, expected position 20593669 , only wrote 20592794
12-09 08:04:07.292 W/audio_hw_generic( 1310): Hardware backing HAL too slow, could only write 0 of 661 frames
12-09 08:04:07.292 W/audio_hw_generic( 1310): Hardware backing HAL too slow, could only write 0 of 661 frames
12-09 08:04:07.307 W/audio_hw_generic( 1310): Hardware backing HAL too slow, could only write 0 of 661 frames
12-09 08:04:07.311 D/Mileage.ABS(11035): Not backing up; 209
12-09 08:04:07.319 D/Mileage.ABS(11035): Not backing up; 217
12-09 08:04:07.329 W/audio_hw_generic( 1310): Hardware backing HAL too slow, could only write 0 of 661 frames
12-09 08:04:07.340 W/audio_hw_generic( 1310): Hardware backing HAL too slow, could only write 0 of 661 frames
12-09 08:04:07.352 W/audio_hw_generic( 1310): Hardware backing HAL too slow, could only write 0 of 661 frames
12-09 08:04:07.371 W/audio_hw_generic( 1310): Hardware backing HAL too slow, could only write 0 of 661 frames
12-09 08:04:07.467 D/FillupAdapter(11035): Average economy: 0.7523746539172881
12-09 08:04:07.478 D/Mileage.ABS(11035): Not backing up; 376
12-09 08:04:07.728 W/audio_hw_generic( 1310): Not supplying enough data to HAL, expected position 20612031 , only wrote 20609980
12-09 08:04:07.738 I/InputAttributes( 1850): InputType.TYPE_NULL is specified
12-09 08:04:07.776 W/audio_hw_generic( 1310): Hardware backing HAL too slow, could only write 0 of 661 frames
12-09 08:04:07.796 W/audio_hw_generic( 1310): Hardware backing HAL too slow, could only write 0 of 661 frames
12-09 08:04:07.799 I/Choreographer( 1850): Skipped 57 frames!  The application may be doing too much work on its main thread.
12-09 08:04:07.837 D/EGL_emulation( 1850): eglMakeCurrent: 0x7f9186f09880: ver 2 0 (tinfo 0x7f917efcb9c0)
12-09 08:04:07.869 E/Surface ( 1850): getSlotFromBufferLocked: unknown buffer: 0x7f9186f09f60
12-09 08:04:07.956 W/audio_hw_generic( 1310): Not supplying enough data to HAL, expected position 20620013 , only wrote 20619895
12-09 08:04:07.956 W/audio_hw_generic( 1310): Not supplying enough data to HAL, expected position 20619901 , only wrote 20619895
12-09 08:04:07.972 W/audio_hw_generic( 1310): Not supplying enough data to HAL, expected position 20620591 , only wrote 20620556
12-09 08:04:08.004 W/audio_hw_generic( 1310): Not supplying enough data to HAL, expected position 20621972 , only wrote 20621878
12-09 08:04:08.004 W/audio_hw_generic( 1310): Hardware backing HAL too slow, could only write 0 of 661 frames
12-09 08:04:08.036 W/audio_hw_generic( 1310): Not supplying enough data to HAL, expected position 20623294 , only wrote 20623200
12-09 08:04:08.036 W/audio_hw_generic( 1310): Hardware backing HAL too slow, could only write 0 of 661 frames
12-09 08:04:08.036 W/audio_hw_generic( 1310): Hardware backing HAL too slow, could only write 0 of 661 frames
12-09 08:04:08.112 W/audio_hw_generic( 1310): Hardware backing HAL too slow, could only write 0 of 661 frames
12-09 08:04:08.255 I/System.out(11035): URI: //gesture
12-09 08:04:08.255 I/System.out(11035): params: {json={"query_timeout":5.0,"gestures":[{"query_string":"android.widget.TabWidget descendant TextView index:0","touches":[{"x":50,"y":50,"offset_x":0,"offset_y":0,"wait":0.0,"time":0.2,"release":true,"query_string":null}]}]}
12-09 08:04:08.255 I/System.out(11035): }
12-09 08:04:08.366 W/audio_hw_generic( 1310): Hardware backing HAL too slow, could only write 0 of 661 frames
12-09 08:04:08.388 W/audio_hw_generic( 1310): Hardware backing HAL too slow, could only write 0 of 661 frames
12-09 08:04:08.612 W/audio_hw_generic( 1310): Not supplying enough data to HAL, expected position 20648593 , only wrote 20646335
12-09 08:04:08.612 W/audio_hw_generic( 1310): Not supplying enough data to HAL, expected position 20646341 , only wrote 20646335
12-09 08:04:08.628 W/audio_hw_generic( 1310): Not supplying enough data to HAL, expected position 20647035 , only wrote 20646996
12-09 08:04:08.682 W/audio_hw_generic( 1310): Not supplying enough data to HAL, expected position 20649383 , only wrote 20648318
12-09 08:04:08.928 W/audio_hw_generic( 1310): Not supplying enough data to HAL, expected position 20659158 , only wrote 20658894
12-09 08:04:08.928 W/audio_hw_generic( 1310): Not supplying enough data to HAL, expected position 20658900 , only wrote 20658894
12-09 08:04:08.947 W/audio_hw_generic( 1310): Not supplying enough data to HAL, expected position 20659747 , only wrote 20659555
12-09 08:04:08.983 W/audio_hw_generic( 1310): Hardware backing HAL too slow, could only write 0 of 661 frames
12-09 08:04:08.998 W/audio_hw_generic( 1310): Hardware backing HAL too slow, could only write 0 of 661 frames
12-09 08:04:09.052 W/audio_hw_generic( 1310): Not supplying enough data to HAL, expected position 20664190 , only wrote 20663521
12-09 08:04:09.080 W/audio_hw_generic( 1310): Not supplying enough data to HAL, expected position 20664755 , only wrote 20664182
12-09 08:04:09.112 D/AudioFlinger( 1310): mixer(0xf4300000) throttle end: throttle time(12)
12-09 08:04:09.212 I/art     (11035): Background sticky concurrent mark sweep GC freed 33772(1523KB) AllocSpace objects, 0(0B) LOS objects, 13% free, 3MB/3MB, paused 4.646ms total 126.116ms
12-09 08:04:09.741 W/audio_hw_generic( 1310): Not supplying enough data to HAL, expected position 20693304 , only wrote 20693266
12-09 08:04:10.152 W/audio_hw_generic( 1310): Not supplying enough data to HAL, expected position 20711411 , only wrote 20709791
12-09 08:04:10.152 W/audio_hw_generic( 1310): Not supplying enough data to HAL, expected position 20709797 , only wrote 20709791
12-09 08:04:10.170 W/audio_hw_generic( 1310): Not supplying enough data to HAL, expected position 20710584 , only wrote 20710452
12-09 08:04:10.189 W/audio_hw_generic( 1310): Hardware backing HAL too slow, could only write 0 of 661 frames
12-09 08:04:10.208 W/audio_hw_generic( 1310): Hardware backing HAL too slow, could only write 0 of 661 frames
12-09 08:04:10.280 I/System.out(11035): URI: //map
12-09 08:04:10.280 I/System.out(11035): params: {json={"query":"android.widget.EditText id:'price'","operation":{"method_name":"query","arguments":[]}}
12-09 08:04:10.280 I/System.out(11035): }
12-09 08:04:10.340 W/audio_hw_generic( 1310): Not supplying enough data to HAL, expected position 20717924 , only wrote 20717723
12-09 08:04:10.567 W/audio_hw_generic( 1310): Not supplying enough data to HAL, expected position 20727761 , only wrote 20724333
12-09 08:04:10.574 W/audio_hw_generic( 1310): Not supplying enough data to HAL, expected position 20724606 , only wrote 20724333
12-09 08:04:10.617 W/audio_hw_generic( 1310): Not supplying enough data to HAL, expected position 20726269 , only wrote 20724994
12-09 08:04:10.686 W/ResourceType(11035): No package identifier when getting name for resource number 0x00000001
12-09 08:04:10.868 W/audio_hw_generic( 1310): Not supplying enough data to HAL, expected position 20736038 , only wrote 20735570
12-09 08:04:10.908 W/audio_hw_generic( 1310): Hardware backing HAL too slow, could only write 0 of 661 frames
12-09 08:04:10.910 I/art     (11035): Background partial concurrent mark sweep GC freed 43402(2MB) AllocSpace objects, 4(80KB) LOS objects, 40% free, 2MB/4MB, paused 1.368ms total 158.231ms
12-09 08:04:10.928 W/audio_hw_generic( 1310): Hardware backing HAL too slow, could only write 0 of 661 frames
12-09 08:04:10.928 W/audio_hw_generic( 1310): Hardware backing HAL too slow, could only write 0 of 661 frames
12-09 08:04:10.944 W/audio_hw_generic( 1310): Hardware backing HAL too slow, could only write 0 of 661 frames
12-09 08:04:10.944 I/System.out(11035): URI: //gesture
12-09 08:04:10.944 I/System.out(11035): params: {json={"query_timeout":5.0,"gestures":[{"query_string":"android.widget.EditText id:'price'","touches":[{"x":50,"y":50,"offset_x":0,"offset_y":0,"wait":0.0,"time":0.2,"release":true,"query_string":null}]}]}
12-09 08:04:10.944 I/System.out(11035): }
12-09 08:04:10.963 W/audio_hw_generic( 1310): Hardware backing HAL too slow, could only write 0 of 661 frames
12-09 08:04:10.965 W/ResourceType(11035): No package identifier when getting name for resource number 0x00000001
12-09 08:04:11.071 W/audio_hw_generic( 1310): Not supplying enough data to HAL, expected position 20744541 , only wrote 20741519
12-09 08:04:11.096 W/audio_hw_generic( 1310): Not supplying enough data to HAL, expected position 20742592 , only wrote 20741519
12-09 08:04:11.127 W/audio_hw_generic( 1310): Hardware backing HAL too slow, could only write 0 of 661 frames
12-09 08:04:11.218 W/audio_hw_generic( 1310): Not supplying enough data to HAL, expected position 20746895 , only wrote 20744824
12-09 08:04:11.218 W/audio_hw_generic( 1310): Not supplying enough data to HAL, expected position 20744830 , only wrote 20744824
12-09 08:04:11.273 W/audio_hw_generic( 1310): Not supplying enough data to HAL, expected position 20747255 , only wrote 20745485
12-09 08:04:11.386 I/LatinIME( 1850): Starting input. Cursor position = 0,0
12-09 08:04:11.548 D/EGL_emulation( 1850): eglMakeCurrent: 0x7f9186f09880: ver 2 0 (tinfo 0x7f917efcb9c0)
12-09 08:04:11.568 W/audio_hw_generic( 1310): Not supplying enough data to HAL, expected position 20758479 , only wrote 20757383
12-09 08:04:11.568 W/audio_hw_generic( 1310): Not supplying enough data to HAL, expected position 20757390 , only wrote 20757383
12-09 08:04:11.686 W/audio_hw_generic( 1310): Hardware backing HAL too slow, could only write 0 of 661 frames
12-09 08:04:11.686 W/audio_hw_generic( 1310): Not supplying enough data to HAL, expected position 20762583 , only wrote 20761349
12-09 08:04:11.686 W/audio_hw_generic( 1310): Not supplying enough data to HAL, expected position 20761355 , only wrote 20761349
12-09 08:04:11.686 W/audio_hw_generic( 1310): Hardware backing HAL too slow, could only write 0 of 661 frames
12-09 08:04:11.749 W/audio_hw_generic( 1310): Not supplying enough data to HAL, expected position 20764125 , only wrote 20763332
12-09 08:04:11.966 W/audio_hw_generic( 1310): Not supplying enough data to HAL, expected position 20772902 , only wrote 20771925
12-09 08:04:11.981 I/System.out(11035): URI: //
12-09 08:04:11.983 I/System.out(11035): params: {json={"command":"set_selection","arguments":[-1,-1]}
12-09 08:04:11.983 I/System.out(11035): }
12-09 08:04:11.983 I/System.out(11035): header: {date=Sun, 09 Dec 2018 08:04:12 GMT, accept=*/*, content-length=47, host=127.0.0.1:34777, user-agent=HTTPClient/1.0 (2.8.3, ruby 2.3.1 (2016-04-26)), content-type=application/json;charset=utf-8}
12-09 08:04:11.983 I/System.out(11035): params: {json={"command":"set_selection","arguments":[-1,-1]}
12-09 08:04:11.983 I/System.out(11035): }
12-09 08:04:11.983 I/System.out(11035): ProP json = {"command":"set_selection","arguments":[-1,-1]}
12-09 08:04:11.983 I/System.out(11035): files: {}
12-09 08:04:11.983 I/System.out(11035): command: {"command":"set_selection","arguments":[-1,-1]}
12-09 08:04:11.984 I/InstrumentationBackend(11035): Got command:'Command:'Line:null,set_selection', arguments:'[-1, -1]'
12-09 08:04:12.030 I/System.out(11035): result:{"bonusInformation":[],"message":"","success":true}
12-09 08:04:12.115 W/audio_hw_generic( 1310): Not supplying enough data to HAL, expected position 20778420 , only wrote 20777213
12-09 08:04:12.154 W/audio_hw_generic( 1310): Not supplying enough data to HAL, expected position 20779950 , only wrote 20778535
12-09 08:04:12.177 I/System.out(11035): URI: //
12-09 08:04:12.177 I/System.out(11035): params: {json={"command":"keyboard_enter_text","arguments":["97123743947239847210"]}
12-09 08:04:12.177 I/System.out(11035): }
12-09 08:04:12.177 I/System.out(11035): header: {date=Sun, 09 Dec 2018 08:04:12 GMT, accept=*/*, content-length=70, host=127.0.0.1:34777, user-agent=HTTPClient/1.0 (2.8.3, ruby 2.3.1 (2016-04-26)), content-type=application/json;charset=utf-8}
12-09 08:04:12.177 I/System.out(11035): params: {json={"command":"keyboard_enter_text","arguments":["97123743947239847210"]}
12-09 08:04:12.177 I/System.out(11035): }
12-09 08:04:12.177 I/System.out(11035): ProP json = {"command":"keyboard_enter_text","arguments":["97123743947239847210"]}
12-09 08:04:12.177 I/System.out(11035): files: {}
12-09 08:04:12.177 I/System.out(11035): command: {"command":"keyboard_enter_text","arguments":["97123743947239847210"]}
12-09 08:04:12.178 I/InstrumentationBackend(11035): Got command:'Command:'Line:null,keyboard_enter_text', arguments:'[97123743947239847210]'
12-09 08:04:12.179 E/SpannableStringBuilder(11035): SPAN_EXCLUSIVE_EXCLUSIVE spans cannot have a zero length
12-09 08:04:12.179 E/SpannableStringBuilder(11035): SPAN_EXCLUSIVE_EXCLUSIVE spans cannot have a zero length
12-09 08:04:12.468 E/SpannableStringBuilder(11035): SPAN_EXCLUSIVE_EXCLUSIVE spans cannot have a zero length
12-09 08:04:12.468 E/SpannableStringBuilder(11035): SPAN_EXCLUSIVE_EXCLUSIVE spans cannot have a zero length
12-09 08:04:12.500 I/System.out(11035): result:{"bonusInformation":[],"message":"","success":true}
12-09 08:04:12.593 I/System.out(11035): URI: //map
12-09 08:04:12.593 I/System.out(11035): params: {json={"query":"android.widget.EditText id:'volume'","operation":{"method_name":"query","arguments":[]}}
12-09 08:04:12.593 I/System.out(11035): }
12-09 08:04:12.628 W/ResourceType(11035): No package identifier when getting name for resource number 0x00000001
12-09 08:04:12.797 I/art     (11035): Background sticky concurrent mark sweep GC freed 45188(2029KB) AllocSpace objects, 1(20KB) LOS objects, 35% free, 2MB/4MB, paused 3.157ms total 138.130ms
12-09 08:04:12.801 I/System.out(11035): URI: //gesture
12-09 08:04:12.801 I/System.out(11035): params: {json={"query_timeout":5.0,"gestures":[{"query_string":"android.widget.EditText id:'volume'","touches":[{"x":50,"y":50,"offset_x":0,"offset_y":0,"wait":0.0,"time":0.2,"release":true,"query_string":null}]}]}
12-09 08:04:12.801 I/System.out(11035): }
12-09 08:04:12.879 W/ResourceType(11035): No package identifier when getting name for resource number 0x00000001
12-09 08:04:13.353 I/LatinIME( 1850): Starting input. Cursor position = 0,0
12-09 08:04:13.960 I/System.out(11035): URI: //
12-09 08:04:13.960 I/System.out(11035): params: {json={"command":"set_selection","arguments":[-1,-1]}
12-09 08:04:13.960 I/System.out(11035): }
12-09 08:04:13.960 I/System.out(11035): header: {date=Sun, 09 Dec 2018 08:04:14 GMT, accept=*/*, content-length=47, host=127.0.0.1:34777, user-agent=HTTPClient/1.0 (2.8.3, ruby 2.3.1 (2016-04-26)), content-type=application/json;charset=utf-8}
12-09 08:04:13.960 I/System.out(11035): params: {json={"command":"set_selection","arguments":[-1,-1]}
12-09 08:04:13.960 I/System.out(11035): }
12-09 08:04:13.960 I/System.out(11035): ProP json = {"command":"set_selection","arguments":[-1,-1]}
12-09 08:04:13.960 I/System.out(11035): files: {}
12-09 08:04:13.960 I/System.out(11035): command: {"command":"set_selection","arguments":[-1,-1]}
12-09 08:04:13.962 I/InstrumentationBackend(11035): Got command:'Command:'Line:null,set_selection', arguments:'[-1, -1]'
12-09 08:04:13.973 I/System.out(11035): result:{"bonusInformation":[],"message":"","success":true}
12-09 08:04:14.120 I/System.out(11035): URI: //
12-09 08:04:14.120 I/System.out(11035): params: {json={"command":"keyboard_enter_text","arguments":["98123743947721092831"]}
12-09 08:04:14.120 I/System.out(11035): }
12-09 08:04:14.121 I/System.out(11035): header: {date=Sun, 09 Dec 2018 08:04:14 GMT, accept=*/*, content-length=70, host=127.0.0.1:34777, user-agent=HTTPClient/1.0 (2.8.3, ruby 2.3.1 (2016-04-26)), content-type=application/json;charset=utf-8}
12-09 08:04:14.121 I/System.out(11035): params: {json={"command":"keyboard_enter_text","arguments":["98123743947721092831"]}
12-09 08:04:14.121 I/System.out(11035): }
12-09 08:04:14.121 I/System.out(11035): ProP json = {"command":"keyboard_enter_text","arguments":["98123743947721092831"]}
12-09 08:04:14.121 I/System.out(11035): files: {}
12-09 08:04:14.121 I/System.out(11035): command: {"command":"keyboard_enter_text","arguments":["98123743947721092831"]}
12-09 08:04:14.122 I/InstrumentationBackend(11035): Got command:'Command:'Line:null,keyboard_enter_text', arguments:'[98123743947721092831]'
12-09 08:04:14.122 E/SpannableStringBuilder(11035): SPAN_EXCLUSIVE_EXCLUSIVE spans cannot have a zero length
12-09 08:04:14.122 E/SpannableStringBuilder(11035): SPAN_EXCLUSIVE_EXCLUSIVE spans cannot have a zero length
12-09 08:04:14.133 E/SpannableStringBuilder(11035): SPAN_EXCLUSIVE_EXCLUSIVE spans cannot have a zero length
12-09 08:04:14.133 E/SpannableStringBuilder(11035): SPAN_EXCLUSIVE_EXCLUSIVE spans cannot have a zero length
12-09 08:04:14.155 I/System.out(11035): result:{"bonusInformation":[],"message":"","success":true}
12-09 08:04:14.348 I/art     (11035): Background sticky concurrent mark sweep GC freed 31532(1533KB) AllocSpace objects, 6(120KB) LOS objects, 30% free, 3MB/4MB, paused 1.814ms total 199.508ms
12-09 08:04:14.403 I/System.out(11035): URI: //map
12-09 08:04:14.403 I/System.out(11035): params: {json={"query":"android.widget.EditText id:'odometer'","operation":{"method_name":"query","arguments":[]}}
12-09 08:04:14.403 I/System.out(11035): }
12-09 08:04:14.427 W/ResourceType(11035): No package identifier when getting name for resource number 0x00000001
12-09 08:04:14.569 I/art     (11035): Background partial concurrent mark sweep GC freed 49760(2MB) AllocSpace objects, 9(180KB) LOS objects, 39% free, 2MB/4MB, paused 6.661ms total 119.412ms
12-09 08:04:14.571 I/System.out(11035): URI: //gesture
12-09 08:04:14.571 I/System.out(11035): params: {json={"query_timeout":5.0,"gestures":[{"query_string":"android.widget.EditText id:'odometer'","touches":[{"x":50,"y":50,"offset_x":0,"offset_y":0,"wait":0.0,"time":0.2,"release":true,"query_string":null}]}]}
12-09 08:04:14.571 I/System.out(11035): }
12-09 08:04:14.993 W/ResourceType(11035): No package identifier when getting name for resource number 0x00000001
12-09 08:04:15.012 E/BluetoothAdapter( 1595): Bluetooth binder is null
12-09 08:04:15.013 E/KernelCpuSpeedReader( 1595): Failed to read cpu-freq
12-09 08:04:15.013 E/KernelCpuSpeedReader( 1595): java.io.FileNotFoundException: /sys/devices/system/cpu/cpu0/cpufreq/stats/time_in_state: open failed: ENOENT (No such file or directory)
12-09 08:04:15.013 E/KernelCpuSpeedReader( 1595): 	at libcore.io.IoBridge.open(IoBridge.java:452)
12-09 08:04:15.013 E/KernelCpuSpeedReader( 1595): 	at java.io.FileInputStream.<init>(FileInputStream.java:76)
12-09 08:04:15.013 E/KernelCpuSpeedReader( 1595): 	at java.io.FileInputStream.<init>(FileInputStream.java:103)
12-09 08:04:15.013 E/KernelCpuSpeedReader( 1595): 	at java.io.FileReader.<init>(FileReader.java:66)
12-09 08:04:15.013 E/KernelCpuSpeedReader( 1595): 	at com.android.internal.os.KernelCpuSpeedReader.readDelta(KernelCpuSpeedReader.java:49)
12-09 08:04:15.013 E/KernelCpuSpeedReader( 1595): 	at com.android.internal.os.BatteryStatsImpl.updateCpuTimeLocked(BatteryStatsImpl.java:8002)
12-09 08:04:15.013 E/KernelCpuSpeedReader( 1595): 	at com.android.server.am.BatteryStatsService.updateExternalStats(BatteryStatsService.java:1366)
12-09 08:04:15.013 E/KernelCpuSpeedReader( 1595): 	at com.android.server.am.BatteryStatsService$BatteryStatsHandler.handleMessage(BatteryStatsService.java:125)
12-09 08:04:15.013 E/KernelCpuSpeedReader( 1595): 	at android.os.Handler.dispatchMessage(Handler.java:102)
12-09 08:04:15.013 E/KernelCpuSpeedReader( 1595): 	at android.os.Looper.loop(Looper.java:148)
12-09 08:04:15.013 E/KernelCpuSpeedReader( 1595): 	at android.os.HandlerThread.run(HandlerThread.java:61)
12-09 08:04:15.013 E/KernelCpuSpeedReader( 1595): 	at com.android.server.ServiceThread.run(ServiceThread.java:46)
12-09 08:04:15.013 E/KernelCpuSpeedReader( 1595): Caused by: android.system.ErrnoException: open failed: ENOENT (No such file or directory)
12-09 08:04:15.013 E/KernelCpuSpeedReader( 1595): 	at libcore.io.Posix.open(Native Method)
12-09 08:04:15.013 E/KernelCpuSpeedReader( 1595): 	at libcore.io.BlockGuardOs.open(BlockGuardOs.java:186)
12-09 08:04:15.013 E/KernelCpuSpeedReader( 1595): 	at libcore.io.IoBridge.open(IoBridge.java:438)
12-09 08:04:15.013 E/KernelCpuSpeedReader( 1595): 	... 11 more
12-09 08:04:15.013 E/KernelUidCpuTimeReader( 1595): Failed to read uid_cputime
12-09 08:04:15.013 E/KernelUidCpuTimeReader( 1595): java.io.FileNotFoundException: /proc/uid_cputime/show_uid_stat: open failed: ENOENT (No such file or directory)
12-09 08:04:15.013 E/KernelUidCpuTimeReader( 1595): 	at libcore.io.IoBridge.open(IoBridge.java:452)
12-09 08:04:15.013 E/KernelUidCpuTimeReader( 1595): 	at java.io.FileInputStream.<init>(FileInputStream.java:76)
12-09 08:04:15.013 E/KernelUidCpuTimeReader( 1595): 	at java.io.FileInputStream.<init>(FileInputStream.java:103)
12-09 08:04:15.013 E/KernelUidCpuTimeReader( 1595): 	at java.io.FileReader.<init>(FileReader.java:66)
12-09 08:04:15.013 E/KernelUidCpuTimeReader( 1595): 	at com.android.internal.os.KernelUidCpuTimeReader.readDelta(KernelUidCpuTimeReader.java:71)
12-09 08:04:15.013 E/KernelUidCpuTimeReader( 1595): 	at com.android.internal.os.BatteryStatsImpl.updateCpuTimeLocked(BatteryStatsImpl.java:8031)
12-09 08:04:15.013 E/KernelUidCpuTimeReader( 1595): 	at com.android.server.am.BatteryStatsService.updateExternalStats(BatteryStatsService.java:1366)
12-09 08:04:15.013 E/KernelUidCpuTimeReader( 1595): 	at com.android.server.am.BatteryStatsService$BatteryStatsHandler.handleMessage(BatteryStatsService.java:125)
12-09 08:04:15.013 E/KernelUidCpuTimeReader( 1595): 	at android.os.Handler.dispatchMessage(Handler.java:102)
12-09 08:04:15.013 E/KernelUidCpuTimeReader( 1595): 	at android.os.Looper.loop(Looper.java:148)
12-09 08:04:15.013 E/KernelUidCpuTimeReader( 1595): 	at android.os.HandlerThread.run(HandlerThread.java:61)
12-09 08:04:15.013 E/KernelUidCpuTimeReader( 1595): 	at com.android.server.ServiceThread.run(ServiceThread.java:46)
12-09 08:04:15.013 E/KernelUidCpuTimeReader( 1595): Caused by: android.system.ErrnoException: open failed: ENOENT (No such file or directory)
12-09 08:04:15.013 E/KernelUidCpuTimeReader( 1595): 	at libcore.io.Posix.open(Native Method)
12-09 08:04:15.013 E/KernelUidCpuTimeReader( 1595): 	at libcore.io.BlockGuardOs.open(BlockGuardOs.java:186)
12-09 08:04:15.013 E/KernelUidCpuTimeReader( 1595): 	at libcore.io.IoBridge.open(IoBridge.java:438)
12-09 08:04:15.013 E/KernelUidCpuTimeReader( 1595): 	... 11 more
12-09 08:04:15.273 I/LatinIME( 1850): Starting input. Cursor position = 0,0
12-09 08:04:15.376 I/art     (11035): Background sticky concurrent mark sweep GC freed 45067(2041KB) AllocSpace objects, 2(40KB) LOS objects, 37% free, 2MB/4MB, paused 1.151ms total 106.841ms
12-09 08:04:15.870 I/System.out(11035): URI: //
12-09 08:04:15.875 I/System.out(11035): params: {json={"command":"set_selection","arguments":[-1,-1]}
12-09 08:04:15.884 I/System.out(11035): }
12-09 08:04:15.884 I/System.out(11035): header: {date=Sun, 09 Dec 2018 08:04:16 GMT, accept=*/*, content-length=47, host=127.0.0.1:34777, user-agent=HTTPClient/1.0 (2.8.3, ruby 2.3.1 (2016-04-26)), content-type=application/json;charset=utf-8}
12-09 08:04:15.884 I/System.out(11035): params: {json={"command":"set_selection","arguments":[-1,-1]}
12-09 08:04:15.884 I/System.out(11035): }
12-09 08:04:15.884 I/System.out(11035): ProP json = {"command":"set_selection","arguments":[-1,-1]}
12-09 08:04:15.884 I/System.out(11035): files: {}
12-09 08:04:15.884 I/System.out(11035): command: {"command":"set_selection","arguments":[-1,-1]}
12-09 08:04:15.885 I/InstrumentationBackend(11035): Got command:'Command:'Line:null,set_selection', arguments:'[-1, -1]'
12-09 08:04:15.914 I/System.out(11035): result:{"bonusInformation":[],"message":"","success":true}
12-09 08:04:16.101 I/System.out(11035): URI: //
12-09 08:04:16.101 I/System.out(11035): params: {json={"command":"keyboard_enter_text","arguments":["98879898284721092831"]}
12-09 08:04:16.101 I/System.out(11035): }
12-09 08:04:16.101 I/System.out(11035): header: {date=Sun, 09 Dec 2018 08:04:16 GMT, accept=*/*, content-length=70, host=127.0.0.1:34777, user-agent=HTTPClient/1.0 (2.8.3, ruby 2.3.1 (2016-04-26)), content-type=application/json;charset=utf-8}
12-09 08:04:16.101 I/System.out(11035): params: {json={"command":"keyboard_enter_text","arguments":["98879898284721092831"]}
12-09 08:04:16.101 I/System.out(11035): }
12-09 08:04:16.101 I/System.out(11035): ProP json = {"command":"keyboard_enter_text","arguments":["98879898284721092831"]}
12-09 08:04:16.101 I/System.out(11035): files: {}
12-09 08:04:16.101 I/System.out(11035): command: {"command":"keyboard_enter_text","arguments":["98879898284721092831"]}
12-09 08:04:16.102 I/InstrumentationBackend(11035): Got command:'Command:'Line:null,keyboard_enter_text', arguments:'[98879898284721092831]'
12-09 08:04:16.108 E/SpannableStringBuilder(11035): SPAN_EXCLUSIVE_EXCLUSIVE spans cannot have a zero length
12-09 08:04:16.108 E/SpannableStringBuilder(11035): SPAN_EXCLUSIVE_EXCLUSIVE spans cannot have a zero length
12-09 08:04:16.117 E/SpannableStringBuilder(11035): SPAN_EXCLUSIVE_EXCLUSIVE spans cannot have a zero length
12-09 08:04:16.117 E/SpannableStringBuilder(11035): SPAN_EXCLUSIVE_EXCLUSIVE spans cannot have a zero length
12-09 08:04:16.128 I/System.out(11035): result:{"bonusInformation":[],"message":"","success":true}
12-09 08:04:17.179 I/System.out(11035): URI: //map
12-09 08:04:17.179 I/System.out(11035): params: {json={"query":"android.widget.Button index:2","operation":{"method_name":"query","arguments":[]}}
12-09 08:04:17.179 I/System.out(11035): }
12-09 08:04:17.369 I/System.out(11035): URI: //gesture
12-09 08:04:17.369 I/System.out(11035): params: {json={"query_timeout":5.0,"gestures":[{"query_string":"android.widget.Button index:2","touches":[{"x":50,"y":50,"offset_x":0,"offset_y":0,"wait":0.0,"time":0.2,"release":true,"query_string":null}]}]}
12-09 08:04:17.369 I/System.out(11035): }
12-09 08:04:17.840 W/audio_hw_generic( 1310): Hardware backing HAL too slow, could only write 0 of 661 frames
12-09 08:04:17.856 W/audio_hw_generic( 1310): Hardware backing HAL too slow, could only write 0 of 661 frames
12-09 08:04:17.885 W/audio_hw_generic( 1310): Hardware backing HAL too slow, could only write 0 of 661 frames
12-09 08:04:18.001 I/art     (11035): Background sticky concurrent mark sweep GC freed 50771(2MB) AllocSpace objects, 1(20KB) LOS objects, 26% free, 3MB/4MB, paused 1.013ms total 153.521ms
12-09 08:04:18.081 W/audio_hw_generic( 1310): Not supplying enough data to HAL, expected position 20789198 , only wrote 20789111
12-09 08:04:18.081 W/audio_hw_generic( 1310): Not supplying enough data to HAL, expected position 20789117 , only wrote 20789111
12-09 08:04:18.131 W/audio_hw_generic( 1310): Not supplying enough data to HAL, expected position 20791285 , only wrote 20791094
12-09 08:04:18.206 W/audio_hw_generic( 1310): Not supplying enough data to HAL, expected position 20794408 , only wrote 20793738
12-09 08:04:18.206 W/audio_hw_generic( 1310): Not supplying enough data to HAL, expected position 20793744 , only wrote 20793738
12-09 08:04:18.223 W/audio_hw_generic( 1310): Not supplying enough data to HAL, expected position 20794471 , only wrote 20794399
12-09 08:04:18.296 W/audio_hw_generic( 1310): Not supplying enough data to HAL, expected position 20797630 , only wrote 20797043
12-09 08:04:18.296 W/audio_hw_generic( 1310): Not supplying enough data to HAL, expected position 20797049 , only wrote 20797043
12-09 08:04:18.312 W/audio_hw_generic( 1310): Not supplying enough data to HAL, expected position 20797733 , only wrote 20797704
12-09 08:04:18.323 I/Choreographer(11035): Skipped 30 frames!  The application may be doing too much work on its main thread.
12-09 08:04:18.331 I/LatinIME( 1850): Starting input. Cursor position = -1,-1
12-09 08:04:18.382 E/SurfaceFlinger( 1219): ro.sf.lcd_density must be defined as a build property
12-09 08:04:18.383 D/gralloc_ranchu( 1219): gralloc_alloc: Creating ashmem region of size 3686400
12-09 08:04:18.383 W/audio_hw_generic( 1310): Not supplying enough data to HAL, expected position 20800865 , only wrote 20800348
12-09 08:04:18.383 W/audio_hw_generic( 1310): Not supplying enough data to HAL, expected position 20800354 , only wrote 20800348
12-09 08:04:18.402 W/audio_hw_generic( 1310): Not supplying enough data to HAL, expected position 20801181 , only wrote 20801009
12-09 08:04:18.452 D/        (11137): HostConnection::get() New Host Connection established 0x7f61014d2480, tid 11137
12-09 08:04:18.499 W/audio_hw_generic( 1310): Not supplying enough data to HAL, expected position 20805254 , only wrote 20804314
12-09 08:04:18.508 E/EGL_emulation( 1219): tid 1219: eglCreateSyncKHR(1881): error 0x3004 (EGL_BAD_ATTRIBUTE)
12-09 08:04:18.523 D/Mileage.ABS(11035): Finished backup
12-09 08:04:18.533 D/Mileage.ABS(11035): Not backing up; 17
12-09 08:04:18.534 D/Mileage.ABS(11035): Not backing up; 18
12-09 08:04:18.534 D/Mileage.ABS(11035): Not backing up; 18
12-09 08:04:18.536 W/audio_hw_generic( 1310): Not supplying enough data to HAL, expected position 20805935 , only wrote 20805636
12-09 08:04:18.575 W/audio_hw_generic( 1310): Not supplying enough data to HAL, expected position 20807379 , only wrote 20806958
12-09 08:04:18.652 W/audio_hw_generic( 1310): Not supplying enough data to HAL, expected position 20810352 , only wrote 20810263
12-09 08:04:18.764 W/audio_hw_generic( 1310): Not supplying enough data to HAL, expected position 20815209 , only wrote 20814229
12-09 08:04:18.764 W/audio_hw_generic( 1310): Not supplying enough data to HAL, expected position 20814235 , only wrote 20814229
12-09 08:04:18.782 W/audio_hw_generic( 1310): Not supplying enough data to HAL, expected position 20814995 , only wrote 20814890
12-09 08:04:18.836 W/audio_hw_generic( 1310): Hardware backing HAL too slow, could only write 0 of 661 frames
12-09 08:04:18.851 W/audio_hw_generic( 1310): Hardware backing HAL too slow, could only write 0 of 661 frames
12-09 08:04:18.865 W/audio_hw_generic( 1310): Hardware backing HAL too slow, could only write 0 of 661 frames
12-09 08:04:18.934 W/audio_hw_generic( 1310): Not supplying enough data to HAL, expected position 20821610 , only wrote 20821500
12-09 08:04:19.043 W/audio_hw_generic( 1310): Not supplying enough data to HAL, expected position 20826326 , only wrote 20825466
12-09 08:04:19.080 W/audio_hw_generic( 1310): Not supplying enough data to HAL, expected position 20827063 , only wrote 20826788
12-09 08:04:19.208 W/audio_hw_generic( 1310): Not supplying enough data to HAL, expected position 20832453 , only wrote 20832076
12-09 08:04:19.208 W/audio_hw_generic( 1310): Not supplying enough data to HAL, expected position 20832082 , only wrote 20832076
12-09 08:04:19.222 I/InputAttributes( 1850): InputType.TYPE_NULL is specified
12-09 08:04:19.249 I/Choreographer( 1850): Skipped 53 frames!  The application may be doing too much work on its main thread.
12-09 08:04:19.336 D/EGL_emulation( 1850): eglMakeCurrent: 0x7f9186f09880: ver 2 0 (tinfo 0x7f917efcb9c0)
12-09 08:04:19.351 E/Surface ( 1850): getSlotFromBufferLocked: unknown buffer: 0x7f9186f07620
12-09 08:04:19.556 W/audio_hw_generic( 1310): Not supplying enough data to HAL, expected position 20847394 , only wrote 20844635
12-09 08:04:19.556 W/audio_hw_generic( 1310): Not supplying enough data to HAL, expected position 20844641 , only wrote 20844635
12-09 08:04:19.576 W/audio_hw_generic( 1310): Not supplying enough data to HAL, expected position 20845497 , only wrote 20845296
12-09 08:04:19.596 W/audio_hw_generic( 1310): Not supplying enough data to HAL, expected position 20846196 , only wrote 20845957
12-09 08:04:19.596 W/audio_hw_generic( 1310): Not supplying enough data to HAL, expected position 20845963 , only wrote 20845957
12-09 08:04:19.616 W/audio_hw_generic( 1310): Not supplying enough data to HAL, expected position 20846831 , only wrote 20846618
12-09 08:04:19.636 W/audio_hw_generic( 1310): Hardware backing HAL too slow, could only write 0 of 661 frames
12-09 08:04:19.652 W/audio_hw_generic( 1310): Hardware backing HAL too slow, could only write 0 of 661 frames
12-09 08:04:19.657 W/art     ( 1595): Long monitor contention event with owner method=void com.android.server.wm.WindowAnimator$1.doFrame(long) from WindowAnimator.java:121 waiters=0 for 222ms
12-09 08:04:19.720 I/System.out(11035): URI: //map
12-09 08:04:19.720 I/System.out(11035): params: {json={"query":"android.widget.ListView index:0 android.widget.TextView index:0","operation":{"method_name":"query","arguments":[]}}
12-09 08:04:19.720 I/System.out(11035): }
12-09 08:04:19.788 W/audio_hw_generic( 1310): Not supplying enough data to HAL, expected position 20854197 , only wrote 20853889
12-09 08:04:19.827 I/art     (11035): Background sticky concurrent mark sweep GC freed 17240(810KB) AllocSpace objects, 2(40KB) LOS objects, 25% free, 3MB/4MB, paused 6.012ms total 70.788ms
12-09 08:04:20.028 W/audio_hw_generic( 1310): Hardware backing HAL too slow, could only write 0 of 661 frames
12-09 08:04:20.028 W/audio_hw_generic( 1310): Not supplying enough data to HAL, expected position 20864478 , only wrote 20864465
12-09 08:04:20.028 W/audio_hw_generic( 1310): Not supplying enough data to HAL, expected position 20864470 , only wrote 20864465
12-09 08:04:20.116 W/audio_hw_generic( 1310): Not supplying enough data to HAL, expected position 20868339 , only wrote 20866448
12-09 08:04:20.231 W/audio_hw_generic( 1310): Not supplying enough data to HAL, expected position 20871542 , only wrote 20869092
12-09 08:04:20.231 W/audio_hw_generic( 1310): Not supplying enough data to HAL, expected position 20869102 , only wrote 20869092
12-09 08:04:20.344 W/audio_hw_generic( 1310): Not supplying enough data to HAL, expected position 20874048 , only wrote 20872397
12-09 08:04:20.344 W/audio_hw_generic( 1310): Not supplying enough data to HAL, expected position 20872403 , only wrote 20872397
12-09 08:04:20.359 W/audio_hw_generic( 1310): Not supplying enough data to HAL, expected position 20873071 , only wrote 20873058
12-09 08:04:20.390 W/audio_hw_generic( 1310): Hardware backing HAL too slow, could only write 0 of 661 frames
12-09 08:04:20.661 W/audio_hw_generic( 1310): Not supplying enough data to HAL, expected position 20886339 , only wrote 20882312
12-09 08:04:20.661 W/audio_hw_generic( 1310): Not supplying enough data to HAL, expected position 20882318 , only wrote 20882312
12-09 08:04:20.670 I/art     (11035): Background partial concurrent mark sweep GC freed 62949(2MB) AllocSpace objects, 4(80KB) LOS objects, 39% free, 2MB/4MB, paused 980us total 273.007ms
12-09 08:04:20.675 I/System.out(11035): URI: //gesture
12-09 08:04:20.675 I/System.out(11035): params: {json={"query_timeout":5.0,"gestures":[{"query_string":"android.widget.ListView index:0 android.widget.TextView index:0","touches":[{"x":50,"y":50,"offset_x":0,"offset_y":0,"wait":0.0,"time":0.2,"release":true,"query_string":null}]}]}
12-09 08:04:20.675 I/System.out(11035): }
12-09 08:04:20.728 W/audio_hw_generic( 1310): Not supplying enough data to HAL, expected position 20885269 , only wrote 20882973
12-09 08:04:20.924 W/audio_hw_generic( 1310): Not supplying enough data to HAL, expected position 20891614 , only wrote 20890905
12-09 08:04:20.924 W/audio_hw_generic( 1310): Not supplying enough data to HAL, expected position 20890911 , only wrote 20890905
12-09 08:04:20.959 W/audio_hw_generic( 1310): Not supplying enough data to HAL, expected position 20892458 , only wrote 20891566
12-09 08:04:20.992 W/audio_hw_generic( 1310): Not supplying enough data to HAL, expected position 20893760 , only wrote 20892888
12-09 08:04:21.390 I/ActivityManager( 1595): START u0 {cmp=com.evancharlton.mileage/.FillupInfoActivity (has extras)} from uid 10127 on display 0
12-09 08:04:21.513 D/AudioFlinger( 1310): mixer(0xf4300000) throttle end: throttle time(12)
12-09 08:04:21.528 W/audio_hw_generic( 1310): Hardware backing HAL too slow, could only write 0 of 661 frames
12-09 08:04:21.541 W/audio_hw_generic( 1310): Hardware backing HAL too slow, could only write 0 of 661 frames
12-09 08:04:21.586 W/audio_hw_generic( 1310): Hardware backing HAL too slow, could only write 0 of 661 frames
12-09 08:04:21.624 W/audio_hw_generic( 1310): Not supplying enough data to HAL, expected position 20899214 , only wrote 20898837
12-09 08:04:21.624 W/audio_hw_generic( 1310): Hardware backing HAL too slow, could only write 0 of 661 frames
12-09 08:04:21.638 W/audio_hw_generic( 1310): Hardware backing HAL too slow, could only write 0 of 661 frames
12-09 08:04:21.649 I/calabash(11035): newActivity1
12-09 08:04:21.659 W/audio_hw_generic( 1310): Hardware backing HAL too slow, could only write 0 of 661 frames
12-09 08:04:21.670 W/audio_hw_generic( 1310): Hardware backing HAL too slow, could only write 0 of 661 frames
12-09 08:04:21.689 I/art     (11035): WaitForGcToComplete blocked for 21.622ms for cause Background
12-09 08:04:21.693 W/audio_hw_generic( 1310): Hardware backing HAL too slow, could only write 0 of 661 frames
12-09 08:04:21.705 W/audio_hw_generic( 1310): Hardware backing HAL too slow, could only write 0 of 661 frames
12-09 08:04:21.716 W/audio_hw_generic( 1310): Hardware backing HAL too slow, could only write 0 of 661 frames
12-09 08:04:21.741 W/audio_hw_generic( 1310): Hardware backing HAL too slow, could only write 0 of 661 frames
12-09 08:04:21.794 I/art     (11035): Background sticky concurrent mark sweep GC freed 34957(1711KB) AllocSpace objects, 1(20KB) LOS objects, 34% free, 2MB/4MB, paused 1.145ms total 104.178ms
12-09 08:04:21.883 E/SurfaceFlinger( 1219): ro.sf.lcd_density must be defined as a build property
12-09 08:04:21.884 D/gralloc_ranchu( 1219): gralloc_alloc: Creating ashmem region of size 3686400
12-09 08:04:21.939 W/audio_hw_generic( 1310): Not supplying enough data to HAL, expected position 20912742 , only wrote 20912057
12-09 08:04:21.939 W/audio_hw_generic( 1310): Not supplying enough data to HAL, expected position 20912063 , only wrote 20912057
12-09 08:04:21.948 D/        (11145): HostConnection::get() New Host Connection established 0x7ff368412480, tid 11145
12-09 08:04:21.981 W/audio_hw_generic( 1310): Not supplying enough data to HAL, expected position 20913913 , only wrote 20912718
12-09 08:04:22.064 W/audio_hw_generic( 1310): Hardware backing HAL too slow, could only write 0 of 661 frames
12-09 08:04:22.080 E/EGL_emulation( 1219): tid 1219: eglCreateSyncKHR(1881): error 0x3004 (EGL_BAD_ATTRIBUTE)
12-09 08:04:22.083 W/audio_hw_generic( 1310): Hardware backing HAL too slow, could only write 0 of 661 frames
12-09 08:04:22.104 W/audio_hw_generic( 1310): Hardware backing HAL too slow, could only write 0 of 661 frames
12-09 08:04:22.119 W/audio_hw_generic( 1310): Hardware backing HAL too slow, could only write 0 of 661 frames
12-09 08:04:22.125 V/PhoneStatusBar( 1681): setLightsOn(true)
12-09 08:04:22.150 D/gralloc_ranchu( 1219): gralloc_alloc: Creating ashmem region of size 3686400
12-09 08:04:22.581 W/audio_hw_generic( 1310): Not supplying enough data to HAL, expected position 20939168 , only wrote 20938497
12-09 08:04:22.603 D/gralloc_ranchu( 1219): gralloc_alloc: Creating ashmem region of size 3686400
12-09 08:04:22.832 W/audio_hw_generic( 1310): Not supplying enough data to HAL, expected position 20949547 , only wrote 20949073
12-09 08:04:22.832 W/audio_hw_generic( 1310): Not supplying enough data to HAL, expected position 20949079 , only wrote 20949073
12-09 08:04:22.848 W/audio_hw_generic( 1310): Not supplying enough data to HAL, expected position 20949771 , only wrote 20949734
12-09 08:04:22.850 W/art     ( 1595): Long monitor contention event with owner method=void com.android.server.wm.WindowAnimator$1.doFrame(long) from WindowAnimator.java:121 waiters=0 for 203ms
12-09 08:04:22.852 I/ActivityManager( 1595): Displayed com.evancharlton.mileage/.FillupInfoActivity: +1s222ms
12-09 08:04:22.939 W/audio_hw_generic( 1310): Not supplying enough data to HAL, expected position 20953757 , only wrote 20953700
12-09 08:04:22.939 W/audio_hw_generic( 1310): Not supplying enough data to HAL, expected position 20953706 , only wrote 20953700
12-09 08:04:22.968 W/audio_hw_generic( 1310): Not supplying enough data to HAL, expected position 20954963 , only wrote 20954361
12-09 08:04:22.979 W/audio_hw_generic( 1310): Hardware backing HAL too slow, could only write 0 of 661 frames
12-09 08:04:23.141 W/audio_hw_generic( 1310): Not supplying enough data to HAL, expected position 20962007 , only wrote 20960971
12-09 08:04:23.185 W/audio_hw_generic( 1310): Not supplying enough data to HAL, expected position 20962901 , only wrote 20962293
12-09 08:04:23.193 I/System.out(11035): URI: //map
12-09 08:04:23.193 I/System.out(11035): params: {json={"query":"android.widget.Button index:1","operation":{"method_name":"query","arguments":[]}}
12-09 08:04:23.193 I/System.out(11035): }
12-09 08:04:23.228 W/art     ( 1595): Long monitor contention event with owner method=void com.android.server.wm.WindowAnimator$1.doFrame(long) from WindowAnimator.java:121 waiters=0 for 127ms
12-09 08:04:23.266 I/art     (11035): Background sticky concurrent mark sweep GC freed 24446(1205KB) AllocSpace objects, 1(20KB) LOS objects, 29% free, 3MB/4MB, paused 27.426ms total 51.767ms
12-09 08:04:23.349 W/audio_hw_generic( 1310): Not supplying enough data to HAL, expected position 20969536 , only wrote 20966920
12-09 08:04:23.349 W/audio_hw_generic( 1310): Not supplying enough data to HAL, expected position 20966927 , only wrote 20966920
12-09 08:04:23.380 W/audio_hw_generic( 1310): Not supplying enough data to HAL, expected position 20968255 , only wrote 20967581
12-09 08:04:23.394 W/audio_hw_generic( 1310): Hardware backing HAL too slow, could only write 0 of 661 frames
12-09 08:04:23.416 W/audio_hw_generic( 1310): Hardware backing HAL too slow, could only write 0 of 661 frames
12-09 08:04:23.484 W/audio_hw_generic( 1310): Hardware backing HAL too slow, could only write 0 of 661 frames
12-09 08:04:23.507 D/gralloc_ranchu( 1219): gralloc_alloc: Creating ashmem region of size 3686400
12-09 08:04:23.604 I/art     (11035): Background sticky concurrent mark sweep GC freed 31734(1487KB) AllocSpace objects, 1(20KB) LOS objects, 28% free, 3MB/4MB, paused 5.680ms total 60.093ms
12-09 08:04:23.605 I/System.out(11035): URI: //gesture
12-09 08:04:23.605 I/System.out(11035): params: {json={"query_timeout":5.0,"gestures":[{"query_string":"android.widget.Button index:1","touches":[{"x":50,"y":50,"offset_x":0,"offset_y":0,"wait":0.0,"time":0.2,"release":true,"query_string":null}]}]}
12-09 08:04:23.605 I/System.out(11035): }
12-09 08:04:23.844 W/audio_hw_generic( 1310): Not supplying enough data to HAL, expected position 20988046 , only wrote 20986750
12-09 08:04:23.844 W/audio_hw_generic( 1310): Not supplying enough data to HAL, expected position 20986756 , only wrote 20986750
12-09 08:04:23.885 W/audio_hw_generic( 1310): Not supplying enough data to HAL, expected position 20988556 , only wrote 20987411
12-09 08:04:23.960 W/audio_hw_generic( 1310): Hardware backing HAL too slow, could only write 0 of 661 frames
12-09 08:04:23.973 W/audio_hw_generic( 1310): Hardware backing HAL too slow, could only write 0 of 661 frames
12-09 08:04:24.138 I/ActivityManager( 1595): START u0 {cmp=com.evancharlton.mileage/.FillupInfoActivity (has extras)} from uid 10127 on display 0
12-09 08:04:24.144 W/audio_hw_generic( 1310): Hardware backing HAL too slow, could only write 0 of 661 frames
12-09 08:04:24.245 W/audio_hw_generic( 1310): Not supplying enough data to HAL, expected position 21003295 , only wrote 21001953
