--------- beginning of system
12-09 07:45:51.487 W/ActivityManager( 1592): Finishing task with all activities already finished
12-09 07:45:51.487 W/ActivityManager( 1592): Duplicate finish request for ActivityRecord{67dbe87 u0 com.evancharlton.mileage/.Mileage t355 f}
12-09 07:45:51.495 W/ActivityManager( 1592): Finishing task with all activities already finished
12-09 07:45:51.495 W/ActivityManager( 1592): Duplicate finish request for ActivityRecord{67dbe87 u0 com.evancharlton.mileage/.Mileage t355 f}
12-09 07:45:51.495 W/ActivityManager( 1592): Finishing task with all activities already finished
12-09 07:45:51.495 W/ActivityManager( 1592): Duplicate finish request for ActivityRecord{67dbe87 u0 com.evancharlton.mileage/.Mileage t355 f}
12-09 07:45:51.497 W/ActivityManager( 1592): Finishing task with all activities already finished
12-09 07:45:51.497 W/ActivityManager( 1592): Duplicate finish request for ActivityRecord{67dbe87 u0 com.evancharlton.mileage/.Mileage t355 f}
12-09 07:45:51.497 W/ActivityManager( 1592): Finishing task with all activities already finished
12-09 07:45:51.497 W/ActivityManager( 1592): Duplicate finish request for ActivityRecord{67dbe87 u0 com.evancharlton.mileage/.Mileage t355 f}
12-09 07:45:51.498 W/ActivityManager( 1592): Finishing task with all activities already finished
12-09 07:45:51.498 W/ActivityManager( 1592): Duplicate finish request for ActivityRecord{67dbe87 u0 com.evancharlton.mileage/.Mileage t355 f}
12-09 07:45:51.498 W/ActivityManager( 1592): Finishing task with all activities already finished
12-09 07:45:51.498 W/ActivityManager( 1592): Duplicate finish request for ActivityRecord{67dbe87 u0 com.evancharlton.mileage/.Mileage t355 f}
--------- beginning of main
12-09 07:45:51.631 D/EGL_emulation( 1941): eglMakeCurrent: 0x7f7b71de1d20: ver 2 0 (tinfo 0x7f7b71dc2900)
12-09 07:45:51.777 W/art     ( 1592): Long monitor contention event with owner method=void com.android.server.wm.WindowAnimator$1.doFrame(long) from WindowAnimator.java:121 waiters=1 for 128ms
12-09 07:45:52.011 W/art     ( 1592): Long monitor contention event with owner method=void com.android.server.wm.WindowAnimator$1.doFrame(long) from WindowAnimator.java:121 waiters=2 for 233ms
12-09 07:45:52.089 D/AndroidRuntime( 6314): >>>>>> START com.android.internal.os.RuntimeInit uid 0 <<<<<<
12-09 07:45:52.099 W/art     ( 1592): Long monitor contention event with owner method=void com.android.server.wm.WindowAnimator$1.doFrame(long) from WindowAnimator.java:121 waiters=2 for 250ms
12-09 07:45:52.101 D/AndroidRuntime( 6314): CheckJNI is ON
12-09 07:45:52.129 D/ICU     ( 6314): No timezone override file found: /data/misc/zoneinfo/current/icu/icu_tzdata.dat
12-09 07:45:52.332 W/art     ( 1592): Long monitor contention event with owner method=void com.android.server.wm.WindowAnimator$1.doFrame(long) from WindowAnimator.java:121 waiters=2 for 321ms
12-09 07:45:52.368 E/memtrack( 6314): Couldn't load memtrack module (No such file or directory)
12-09 07:45:52.368 E/android.os.Debug( 6314): failed to load memtrack module: -2
12-09 07:45:52.369 I/Radio-JNI( 6314): register_android_hardware_Radio DONE
12-09 07:45:52.414 D/AndroidRuntime( 6314): Calling main entry com.android.commands.am.Am
12-09 07:45:52.447 W/art     ( 1592): Long monitor contention event with owner method=void com.android.server.wm.WindowAnimator$1.doFrame(long) from WindowAnimator.java:121 waiters=2 for 347ms
12-09 07:45:52.449 I/ActivityManager( 1592): Force stopping com.evancharlton.mileage appid=10119 user=0: start instr
12-09 07:45:52.449 I/ActivityManager( 1592): Killing 6267:com.evancharlton.mileage/u0a119 (adj 0): stop com.evancharlton.mileage
12-09 07:45:52.527 W/InputDispatcher( 1592): channel '87a22bd com.evancharlton.mileage/com.evancharlton.mileage.Mileage (server)' ~ Consumer closed input channel or an error occurred.  events=0x9
12-09 07:45:52.527 E/InputDispatcher( 1592): channel '87a22bd com.evancharlton.mileage/com.evancharlton.mileage.Mileage (server)' ~ Channel is unrecoverably broken and will be disposed!
12-09 07:45:52.529 W/art     ( 1592): Long monitor contention event with owner method=void com.android.server.wm.WindowAnimator$1.doFrame(long) from WindowAnimator.java:121 waiters=2 for 269ms
12-09 07:45:52.699 I/WindowState( 1592): WIN DEATH: Window{87a22bd u0 com.evancharlton.mileage/com.evancharlton.mileage.Mileage}
12-09 07:45:52.702 W/InputDispatcher( 1592): Attempted to unregister already unregistered input channel '87a22bd com.evancharlton.mileage/com.evancharlton.mileage.Mileage (server)'
12-09 07:45:52.763 W/art     ( 1592): Long monitor contention event with owner method=void com.android.server.wm.WindowAnimator$1.doFrame(long) from WindowAnimator.java:121 waiters=3 for 235ms
12-09 07:45:52.764 W/art     ( 1592): Long monitor contention event with owner method=void com.android.server.wm.WindowAnimator$1.doFrame(long) from WindowAnimator.java:121 waiters=4 for 215ms
12-09 07:45:52.764 W/ActivityManager( 1592): Crash of app com.evancharlton.mileage running instrumentation ComponentInfo{com.evancharlton.mileage.test/sh.calaba.instrumentationbackend.CalabashInstrumentationTestRunner}
12-09 07:45:52.764 I/ActivityManager( 1592): Force stopping com.evancharlton.mileage appid=10119 user=0: finished inst
12-09 07:45:52.799 I/ActivityManager( 1592): Start proc 6323:com.evancharlton.mileage/u0a119 for added application com.evancharlton.mileage
12-09 07:45:52.799 W/art     ( 1592): Long monitor contention event with owner method=boolean com.android.server.am.ActivityManagerService.startInstrumentation(android.content.ComponentName, java.lang.String, int, android.os.Bundle, android.app.IInstrumentationWatcher, android.app.IUiAutomationConnection, int, java.lang.String) from ActivityManagerService.java:17066 waiters=1 for 341ms
12-09 07:45:52.800 W/ActivityManager( 1592): Spurious death for ProcessRecord{425215f 0:com.evancharlton.mileage/u0a119}, curProc for 6267: null
12-09 07:45:52.802 D/AndroidRuntime( 6314): Shutting down VM
12-09 07:45:52.831 W/InputMethodManagerService( 1592): Got RemoteException sending setActive(false) notification to pid 6267 uid 10119
12-09 07:45:52.832 W/art     ( 1592): Long monitor contention event with owner method=com.android.internal.view.InputBindResult com.android.server.InputMethodManagerService.windowGainedFocus(com.android.internal.view.IInputMethodClient, android.os.IBinder, int, int, int, android.view.inputmethod.EditorInfo, com.android.internal.view.IInputContext) from InputMethodManagerService.java:2177 waiters=0 for 306ms
12-09 07:45:52.833 I/Choreographer( 1941): Skipped 70 frames!  The application may be doing too much work on its main thread.
12-09 07:45:53.001 W/System  ( 6323): ClassLoader referenced unknown path: /data/app/com.evancharlton.mileage.test-1/lib/x86_64
12-09 07:45:53.001 W/System  ( 6323): ClassLoader referenced unknown path: /data/app/com.evancharlton.mileage-1/lib/x86_64
12-09 07:45:53.165 I/System.out( 6323): Main activity name automatically set to: com.evancharlton.mileage.Mileage
12-09 07:45:53.165 I/System.out( 6323): Calabash did not load Mono. This is only a problem if you are trying to test a Mono application
12-09 07:45:53.165 I/calabash( 6323): Test server port: 7102
12-09 07:45:53.166 I/InstrumentationBackend( 6323): Added:'GetPreferences', with key:'get_preferences'
12-09 07:45:53.439 I/InstrumentationBackend( 6323): Added:'SetPreferences', with key:'set_preferences'
12-09 07:45:53.439 I/InstrumentationBackend( 6323): Added:'ClearPreferences', with key:'clear_preferences'
12-09 07:45:53.440 I/InstrumentationBackend( 6323): Added:'PressElement', with key:'press_l10n_element'
12-09 07:45:53.440 I/InstrumentationBackend( 6323): Added:'WaitForElement', with key:'wait_for_l10n_element'
12-09 07:45:53.440 I/InstrumentationBackend( 6323): Added:'NullAction', with key:'nullAction'
12-09 07:45:53.440 I/InstrumentationBackend( 6323): Added:'PressKey', with key:'press_key'
12-09 07:45:53.440 I/InstrumentationBackend( 6323): Added:'SetActivityOrientation', with key:'set_activity_orientation'
12-09 07:45:53.441 I/InstrumentationBackend( 6323): Added:'GetActivityOrientation', with key:'get_activity_orientation'
12-09 07:45:53.451 I/InstrumentationBackend( 6323): Added:'FakeGPSLocation', with key:'set_gps_coordinates'
12-09 07:45:53.451 I/InstrumentationBackend( 6323): Added:'SetPropertyByCssSelector', with key:'set_property_by_css_selector'
12-09 07:45:53.451 I/InstrumentationBackend( 6323): Added:'GetUrl', with key:'get_url'
12-09 07:45:53.491 I/InstrumentationBackend( 6323): Added:'ScrollTo', with key:'scroll_to'
12-09 07:45:53.491 I/InstrumentationBackend( 6323): Added:'GetLoadProgress', with key:'get_load_progress'
12-09 07:45:53.492 I/InstrumentationBackend( 6323): Added:'DumpHtml', with key:'dump_html'
12-09 07:45:53.492 I/InstrumentationBackend( 6323): Added:'DumpBodyHtml', with key:'dump_body_html'
12-09 07:45:53.492 I/InstrumentationBackend( 6323): Added:'EnterTextByCssSelector', with key:'enter_text_by_selector'
12-09 07:45:53.502 I/InstrumentationBackend( 6323): Added:'AndroidSDKVersion', with key:'android_sdk_version'
12-09 07:45:53.502 I/InstrumentationBackend( 6323): Added:'Version', with key:'version'
12-09 07:45:53.502 I/InstrumentationBackend( 6323): Added:'Drag', with key:'drag'
12-09 07:45:53.503 I/InstrumentationBackend( 6323): Added:'TouchCoordinates', with key:'touch_coordinate'
12-09 07:45:53.503 I/InstrumentationBackend( 6323): Added:'LongPressCoordinate', with key:'long_press_coordinate'
12-09 07:45:53.503 I/InstrumentationBackend( 6323): Added:'DragCoordinates', with key:'drag_coordinates'
12-09 07:45:53.507 I/InstrumentationBackend( 6323): Added:'ResumeApplication', with key:'resume_application'
12-09 07:45:53.507 I/InstrumentationBackend( 6323): Added:'Swipe', with key:'swipe'
12-09 07:45:53.507 I/InstrumentationBackend( 6323): Added:'DoubleTapCoordinate', with key:'double_tap_coordinate'
12-09 07:45:53.507 I/InstrumentationBackend( 6323): Added:'ClickOnScreen', with key:'click_on_screen'
12-09 07:45:53.507 I/InstrumentationBackend( 6323): Added:'GetActivityName', with key:'get_activity_name'
12-09 07:45:53.507 I/InstrumentationBackend( 6323): Added:'ScrollToView', with key:'scroll_to_view'
12-09 07:45:53.508 I/InstrumentationBackend( 6323): Added:'ViewConfiguration', with key:'view_configuration'
12-09 07:45:53.508 I/InstrumentationBackend( 6323): Added:'IsCurrentActivityFocused', with key:'is_current_activity_focused'
12-09 07:45:53.508 I/InstrumentationBackend( 6323): Added:'SendTcp', with key:'send_tcp'
12-09 07:45:53.508 I/InstrumentationBackend( 6323): Added:'DpToDevicePixel', with key:'dp_to_device_pixel'
12-09 07:45:53.513 I/art     ( 6323): Background sticky concurrent mark sweep GC freed 43012(1497KB) AllocSpace objects, 0(0B) LOS objects, 66% free, 1301KB/3MB, paused 1.009ms total 470.593ms
12-09 07:45:53.513 I/InstrumentationBackend( 6323): Added:'KeyboardEnterText', with key:'keyboard_enter_text'
12-09 07:45:53.513 I/InstrumentationBackend( 6323): Added:'DeleteSurroundingText', with key:'delete_surrounding_text'
12-09 07:45:53.513 I/InstrumentationBackend( 6323): Added:'SetComposingRegion', with key:'set_composing_region'
12-09 07:45:53.514 I/InstrumentationBackend( 6323): Added:'SetSelection', with key:'set_selection'
12-09 07:45:53.514 I/InstrumentationBackend( 6323): Added:'KeyboardKeyEvent', with key:'keyboard_key_event'
12-09 07:45:53.514 I/InstrumentationBackend( 6323): Added:'PressUserActionButton', with key:'press_user_action_button'
12-09 07:45:53.536 I/InstrumentationBackend( 6323): Added:'HideSoftKeyboard', with key:'hide_soft_keyboard'
12-09 07:45:53.536 I/InstrumentationBackend( 6323): Added:'ListActions', with key:'list_actions'
12-09 07:45:53.537 I/calabash( 6323): Instantiating http server at 7102
12-09 07:45:53.537 I/System.out( 6323): HTTP Daemon listening on: 7102
12-09 07:45:53.628 I/System.out( 6323): URI: //ping
12-09 07:45:53.628 I/System.out( 6323): params: {json={}
12-09 07:45:53.628 I/System.out( 6323): }
12-09 07:45:53.631 W/art     ( 1592): Long monitor contention event with owner method=void com.android.server.wm.WindowAnimator$1.doFrame(long) from WindowAnimator.java:121 waiters=0 for 107ms
12-09 07:45:53.723 I/System.out( 6323): URI: //ping
12-09 07:45:53.723 I/System.out( 6323): params: {json={}
12-09 07:45:53.723 I/System.out( 6323): }
12-09 07:45:53.803 I/System.out( 6323): URI: //ready
12-09 07:45:53.803 I/System.out( 6323): params: {json={}
12-09 07:45:53.803 I/System.out( 6323): }
12-09 07:45:53.863 I/System.out( 6323): URI: //
12-09 07:45:53.874 I/System.out( 6323): params: {json={"command":"version","arguments":[]}
12-09 07:45:53.874 I/System.out( 6323): }
12-09 07:45:53.923 I/System.out( 6323): header: {date=Sun, 09 Dec 2018 07:45:53 GMT, accept=*/*, content-length=36, host=127.0.0.1:34777, user-agent=HTTPClient/1.0 (2.8.3, ruby 2.3.1 (2016-04-26)), content-type=application/json;charset=utf-8}
12-09 07:45:53.923 I/System.out( 6323): params: {json={"command":"version","arguments":[]}
12-09 07:45:53.923 I/System.out( 6323): }
12-09 07:45:53.923 I/System.out( 6323): ProP json = {"command":"version","arguments":[]}
12-09 07:45:53.923 I/System.out( 6323): files: {}
12-09 07:45:53.923 I/System.out( 6323): command: {"command":"version","arguments":[]}
12-09 07:45:53.953 I/InstrumentationBackend( 6323): Got command:'Command:'Line:null,version', arguments:'[]'
12-09 07:45:54.023 I/System.out( 6323): result:{"bonusInformation":[],"message":"0.9.8","success":true}
12-09 07:45:54.033 I/System.out( 6323): URI: //start-application
12-09 07:45:54.033 I/System.out( 6323): params: {json={"intent":null}
12-09 07:45:54.033 I/System.out( 6323): }
12-09 07:45:54.702 W/art     ( 1592): Long monitor contention event with owner method=void com.android.server.wm.WindowAnimator$1.doFrame(long) from WindowAnimator.java:121 waiters=1 for 235ms
12-09 07:45:54.797 I/Choreographer( 1941): Skipped 112 frames!  The application may be doing too much work on its main thread.
12-09 07:45:54.820 I/ActivityManager( 1592): START u0 {act=android.intent.action.MAIN cat=[android.intent.category.LAUNCHER] flg=0x10200000 cmp=com.evancharlton.mileage/.Mileage} from uid 10119 on display 0
12-09 07:45:54.888 W/OpenGLRenderer( 1941): Incorrectly called buildLayer on View: ShortcutAndWidgetContainer, destroying layer...
12-09 07:45:55.009 W/art     ( 1592): Long monitor contention event with owner method=void com.android.server.wm.WindowManagerService$H.handleMessage(android.os.Message) from WindowManagerService.java:7820 waiters=0 for 122ms
12-09 07:45:55.101 W/WindowState( 1592): Failed to report 'resized' to the client of Window{87a22bd u0 com.evancharlton.mileage/com.evancharlton.mileage.Mileage EXITING}, removing this window.
12-09 07:45:55.139 W/art     ( 1592): Long monitor contention event with owner method=int com.android.server.am.ActivityStackSupervisor.startActivityMayWait(android.app.IApplicationThread, int, java.lang.String, android.content.Intent, java.lang.String, android.service.voice.IVoiceInteractionSession, com.android.internal.app.IVoiceInteractor, android.os.IBinder, java.lang.String, int, int, android.app.ProfilerInfo, android.app.IActivityManager$WaitResult, android.content.res.Configuration, android.os.Bundle, boolean, int, android.app.IActivityContainer, com.android.server.am.TaskRecord) from ActivityStackSupervisor.java:946 waiters=0 for 276ms
12-09 07:45:55.152 W/art     ( 1592): Long monitor contention event with owner method=int com.android.server.am.ActivityStackSupervisor.startActivityMayWait(android.app.IApplicationThread, int, java.lang.String, android.content.Intent, java.lang.String, android.service.voice.IVoiceInteractionSession, com.android.internal.app.IVoiceInteractor, android.os.IBinder, java.lang.String, int, int, android.app.ProfilerInfo, android.app.IActivityManager$WaitResult, android.content.res.Configuration, android.os.Bundle, boolean, int, android.app.IActivityContainer, com.android.server.am.TaskRecord) from ActivityStackSupervisor.java:946 waiters=2 for 142ms
12-09 07:45:55.378 I/calabash( 6323): newActivity1
12-09 07:45:55.384 D/gralloc_ranchu( 1223): gralloc_alloc: Creating ashmem region of size 3686400
12-09 07:45:55.431 I/calabash( 6323): newActivity1
12-09 07:45:55.433 W/ActivityManager( 1592): Bad activity token: android.os.BinderProxy@d5eeaae
12-09 07:45:55.433 W/ActivityManager( 1592): java.lang.ClassCastException: android.os.BinderProxy cannot be cast to com.android.server.am.ActivityRecord$Token
12-09 07:45:55.433 W/ActivityManager( 1592): 	at com.android.server.am.ActivityRecord.forTokenLocked(ActivityRecord.java:424)
12-09 07:45:55.433 W/ActivityManager( 1592): 	at com.android.server.am.ActivityRecord.isInStackLocked(ActivityRecord.java:1121)
12-09 07:45:55.433 W/ActivityManager( 1592): 	at com.android.server.am.ActivityRecord.getStackLocked(ActivityRecord.java:1126)
12-09 07:45:55.433 W/ActivityManager( 1592): 	at com.android.server.am.ActivityManagerService.getActivityDisplayId(ActivityManagerService.java:8889)
12-09 07:45:55.433 W/ActivityManager( 1592): 	at android.app.ActivityManagerNative.onTransact(ActivityManagerNative.java:2338)
12-09 07:45:55.433 W/ActivityManager( 1592): 	at com.android.server.am.ActivityManagerService.onTransact(ActivityManagerService.java:2443)
12-09 07:45:55.433 W/ActivityManager( 1592): 	at android.os.Binder.execTransact(Binder.java:453)
12-09 07:45:55.434 W/ActivityManager( 1592): Bad activity token: android.os.BinderProxy@d5eeaae
12-09 07:45:55.434 W/ActivityManager( 1592): java.lang.ClassCastException: android.os.BinderProxy cannot be cast to com.android.server.am.ActivityRecord$Token
12-09 07:45:55.434 W/ActivityManager( 1592): 	at com.android.server.am.ActivityRecord.forTokenLocked(ActivityRecord.java:424)
12-09 07:45:55.434 W/ActivityManager( 1592): 	at com.android.server.am.ActivityRecord.isInStackLocked(ActivityRecord.java:1121)
12-09 07:45:55.434 W/ActivityManager( 1592): 	at com.android.server.am.ActivityManagerService.setTaskDescription(ActivityManagerService.java:8547)
12-09 07:45:55.434 W/ActivityManager( 1592): 	at android.app.ActivityManagerNative.onTransact(ActivityManagerNative.java:2410)
12-09 07:45:55.434 W/ActivityManager( 1592): 	at com.android.server.am.ActivityManagerService.onTransact(ActivityManagerService.java:2443)
12-09 07:45:55.434 W/ActivityManager( 1592): 	at android.os.Binder.execTransact(Binder.java:453)
12-09 07:45:55.550 V/PhoneStatusBar( 1688): setLightsOn(true)
12-09 07:45:55.556 W/ActivityManager( 1592): Bad activity token: android.os.BinderProxy@d5eeaae
12-09 07:45:55.556 W/ActivityManager( 1592): java.lang.ClassCastException: android.os.BinderProxy cannot be cast to com.android.server.am.ActivityRecord$Token
12-09 07:45:55.556 W/ActivityManager( 1592): 	at com.android.server.am.ActivityRecord.forTokenLocked(ActivityRecord.java:424)
12-09 07:45:55.556 W/ActivityManager( 1592): 	at com.android.server.am.ActivityRecord.isInStackLocked(ActivityRecord.java:1121)
12-09 07:45:55.556 W/ActivityManager( 1592): 	at com.android.server.am.ActivityManagerService.getActivityOptions(ActivityManagerService.java:11038)
12-09 07:45:55.556 W/ActivityManager( 1592): 	at android.app.ActivityManagerNative.onTransact(ActivityManagerNative.java:1734)
12-09 07:45:55.556 W/ActivityManager( 1592): 	at com.android.server.am.ActivityManagerService.onTransact(ActivityManagerService.java:2443)
12-09 07:45:55.556 W/ActivityManager( 1592): 	at android.os.Binder.execTransact(Binder.java:453)
12-09 07:45:55.556 W/ActivityManager( 1592): Bad activity token: android.os.BinderProxy@d5eeaae
12-09 07:45:55.556 W/ActivityManager( 1592): java.lang.ClassCastException: android.os.BinderProxy cannot be cast to com.android.server.am.ActivityRecord$Token
12-09 07:45:55.556 W/ActivityManager( 1592): 	at com.android.server.am.ActivityRecord.forTokenLocked(ActivityRecord.java:424)
12-09 07:45:55.556 W/ActivityManager( 1592): 	at com.android.server.am.ActivityRecord.isInStackLocked(ActivityRecord.java:1121)
12-09 07:45:55.556 W/ActivityManager( 1592): 	at com.android.server.am.ActivityManagerService.getActivityOptions(ActivityManagerService.java:11038)
12-09 07:45:55.556 W/ActivityManager( 1592): 	at android.app.ActivityManagerNative.onTransact(ActivityManagerNative.java:1734)
12-09 07:45:55.556 W/ActivityManager( 1592): 	at com.android.server.am.ActivityManagerService.onTransact(ActivityManagerService.java:2443)
12-09 07:45:55.556 W/ActivityManager( 1592): 	at android.os.Binder.execTransact(Binder.java:453)
12-09 07:45:55.692 D/EGL_emulation( 1941): eglMakeCurrent: 0x7f7b71de1d20: ver 2 0 (tinfo 0x7f7b71dc2900)
12-09 07:45:55.709 E/Surface ( 1941): getSlotFromBufferLocked: unknown buffer: 0x7f7b6e2b8380
12-09 07:45:55.720 I/art     ( 6323): Background sticky concurrent mark sweep GC freed 1891(331KB) AllocSpace objects, 0(0B) LOS objects, 17% free, 1832KB/2MB, paused 939us total 137.399ms
12-09 07:45:55.974 D/gralloc_ranchu( 1223): gralloc_alloc: Creating ashmem region of size 3686400
12-09 07:45:56.273 D/        ( 6323): HostConnection::get() New Host Connection established 0x7f7b6fc06e60, tid 6323
12-09 07:45:56.572 W/art     ( 1592): Long monitor contention event with owner method=void com.android.server.wm.WindowAnimator$1.doFrame(long) from WindowAnimator.java:121 waiters=1 for 170ms
12-09 07:45:56.590 I/ActivityManager( 1592): Displayed com.evancharlton.mileage/.Mileage: +1s423ms
12-09 07:45:56.665 D/gralloc_ranchu( 1223): gralloc_alloc: Creating ashmem region of size 3686400
12-09 07:45:57.179 D/gralloc_ranchu( 1223): gralloc_alloc: Creating ashmem region of size 3686400
12-09 07:45:57.742 I/art     ( 6323): Background partial concurrent mark sweep GC freed 14675(753KB) AllocSpace objects, 2(40KB) LOS objects, 40% free, 1835KB/2MB, paused 5.498ms total 106.422ms
12-09 07:45:57.744 I/System.out( 6323): URI: //gesture
12-09 07:45:57.744 I/System.out( 6323): params: {json={"query_timeout":5.0,"gestures":[{"query_string":"android.widget.TabWidget descendant TextView index:1","touches":[{"x":50,"y":50,"offset_x":0,"offset_y":0,"wait":0.0,"time":0.2,"release":true,"query_string":null}]}]}
12-09 07:45:57.744 I/System.out( 6323): }
12-09 07:45:58.201 I/calabash( 6323): newActivity1
12-09 07:45:58.202 W/ActivityManager( 1592): Bad activity token: android.os.BinderProxy@ccdc3e3
12-09 07:45:58.202 W/ActivityManager( 1592): java.lang.ClassCastException: android.os.BinderProxy cannot be cast to com.android.server.am.ActivityRecord$Token
12-09 07:45:58.202 W/ActivityManager( 1592): 	at com.android.server.am.ActivityRecord.forTokenLocked(ActivityRecord.java:424)
12-09 07:45:58.202 W/ActivityManager( 1592): 	at com.android.server.am.ActivityRecord.isInStackLocked(ActivityRecord.java:1121)
12-09 07:45:58.202 W/ActivityManager( 1592): 	at com.android.server.am.ActivityRecord.getStackLocked(ActivityRecord.java:1126)
12-09 07:45:58.202 W/ActivityManager( 1592): 	at com.android.server.am.ActivityManagerService.getActivityDisplayId(ActivityManagerService.java:8889)
12-09 07:45:58.202 W/ActivityManager( 1592): 	at android.app.ActivityManagerNative.onTransact(ActivityManagerNative.java:2338)
12-09 07:45:58.202 W/ActivityManager( 1592): 	at com.android.server.am.ActivityManagerService.onTransact(ActivityManagerService.java:2443)
12-09 07:45:58.202 W/ActivityManager( 1592): 	at android.os.Binder.execTransact(Binder.java:453)
12-09 07:45:58.210 W/ActivityManager( 1592): Bad activity token: android.os.BinderProxy@ccdc3e3
12-09 07:45:58.210 W/ActivityManager( 1592): java.lang.ClassCastException: android.os.BinderProxy cannot be cast to com.android.server.am.ActivityRecord$Token
12-09 07:45:58.210 W/ActivityManager( 1592): 	at com.android.server.am.ActivityRecord.forTokenLocked(ActivityRecord.java:424)
12-09 07:45:58.210 W/ActivityManager( 1592): 	at com.android.server.am.ActivityRecord.isInStackLocked(ActivityRecord.java:1121)
12-09 07:45:58.210 W/ActivityManager( 1592): 	at com.android.server.am.ActivityManagerService.setTaskDescription(ActivityManagerService.java:8547)
12-09 07:45:58.210 W/ActivityManager( 1592): 	at android.app.ActivityManagerNative.onTransact(ActivityManagerNative.java:2410)
12-09 07:45:58.210 W/ActivityManager( 1592): 	at com.android.server.am.ActivityManagerService.onTransact(ActivityManagerService.java:2443)
12-09 07:45:58.210 W/ActivityManager( 1592): 	at android.os.Binder.execTransact(Binder.java:453)
12-09 07:45:58.221 W/audio_hw_generic( 1307): Hardware backing HAL too slow, could only write 0 of 661 frames
12-09 07:45:58.221 W/audio_hw_generic( 1307): Hardware backing HAL too slow, could only write 0 of 661 frames
12-09 07:45:58.246 W/audio_hw_generic( 1307): Hardware backing HAL too slow, could only write 0 of 661 frames
12-09 07:45:58.267 W/audio_hw_generic( 1307): Hardware backing HAL too slow, could only write 0 of 661 frames
12-09 07:45:58.281 I/art     ( 6323): Background sticky concurrent mark sweep GC freed 46696(2MB) AllocSpace objects, 2(40KB) LOS objects, 20% free, 2MB/2MB, paused 8.085ms total 123.929ms
12-09 07:45:58.282 W/audio_hw_generic( 1307): Hardware backing HAL too slow, could only write 0 of 661 frames
12-09 07:45:58.325 W/ActivityManager( 1592): Bad activity token: android.os.BinderProxy@ccdc3e3
12-09 07:45:58.325 W/ActivityManager( 1592): java.lang.ClassCastException: android.os.BinderProxy cannot be cast to com.android.server.am.ActivityRecord$Token
12-09 07:45:58.325 W/ActivityManager( 1592): 	at com.android.server.am.ActivityRecord.forTokenLocked(ActivityRecord.java:424)
12-09 07:45:58.325 W/ActivityManager( 1592): 	at com.android.server.am.ActivityRecord.isInStackLocked(ActivityRecord.java:1121)
12-09 07:45:58.325 W/ActivityManager( 1592): 	at com.android.server.am.ActivityManagerService.getActivityOptions(ActivityManagerService.java:11038)
12-09 07:45:58.325 W/ActivityManager( 1592): 	at android.app.ActivityManagerNative.onTransact(ActivityManagerNative.java:1734)
12-09 07:45:58.325 W/ActivityManager( 1592): 	at com.android.server.am.ActivityManagerService.onTransact(ActivityManagerService.java:2443)
12-09 07:45:58.325 W/ActivityManager( 1592): 	at android.os.Binder.execTransact(Binder.java:453)
12-09 07:45:58.325 W/ActivityManager( 1592): Bad activity token: android.os.BinderProxy@ccdc3e3
12-09 07:45:58.325 W/ActivityManager( 1592): java.lang.ClassCastException: android.os.BinderProxy cannot be cast to com.android.server.am.ActivityRecord$Token
12-09 07:45:58.325 W/ActivityManager( 1592): 	at com.android.server.am.ActivityRecord.forTokenLocked(ActivityRecord.java:424)
12-09 07:45:58.325 W/ActivityManager( 1592): 	at com.android.server.am.ActivityRecord.isInStackLocked(ActivityRecord.java:1121)
12-09 07:45:58.325 W/ActivityManager( 1592): 	at com.android.server.am.ActivityManagerService.getActivityOptions(ActivityManagerService.java:11038)
12-09 07:45:58.325 W/ActivityManager( 1592): 	at android.app.ActivityManagerNative.onTransact(ActivityManagerNative.java:1734)
12-09 07:45:58.325 W/ActivityManager( 1592): 	at com.android.server.am.ActivityManagerService.onTransact(ActivityManagerService.java:2443)
12-09 07:45:58.325 W/ActivityManager( 1592): 	at android.os.Binder.execTransact(Binder.java:453)
12-09 07:45:58.331 W/audio_hw_generic( 1307): Hardware backing HAL too slow, could only write 0 of 661 frames
12-09 07:45:58.399 W/audio_hw_generic( 1307): Not supplying enough data to HAL, expected position 6397086 , only wrote 6396497
12-09 07:45:58.399 W/audio_hw_generic( 1307): Not supplying enough data to HAL, expected position 6396503 , only wrote 6396497
12-09 07:45:58.423 W/audio_hw_generic( 1307): Not supplying enough data to HAL, expected position 6397523 , only wrote 6397158
12-09 07:45:58.477 D/Mileage ( 6323): Not enough fillups to calculate economy
12-09 07:45:58.795 W/audio_hw_generic( 1307): Not supplying enough data to HAL, expected position 6413563 , only wrote 6413022
12-09 07:45:58.795 W/audio_hw_generic( 1307): Hardware backing HAL too slow, could only write 0 of 661 frames
12-09 07:45:58.832 E/SurfaceFlinger( 1223): ro.sf.lcd_density must be defined as a build property
12-09 07:45:58.921 W/audio_hw_generic( 1307): Not supplying enough data to HAL, expected position 6418609 , only wrote 6418310
12-09 07:45:58.922 W/audio_hw_generic( 1307): Not supplying enough data to HAL, expected position 6418329 , only wrote 6418310
12-09 07:45:58.943 D/gralloc_ranchu( 1223): gralloc_alloc: Creating ashmem region of size 3686400
12-09 07:45:58.948 W/audio_hw_generic( 1307): Not supplying enough data to HAL, expected position 6419443 , only wrote 6418971
12-09 07:45:59.022 W/audio_hw_generic( 1307): Not supplying enough data to HAL, expected position 6422262 , only wrote 6420293
12-09 07:45:59.065 W/audio_hw_generic( 1307): Not supplying enough data to HAL, expected position 6422168 , only wrote 6421615
12-09 07:45:59.134 W/audio_hw_generic( 1307): Not supplying enough data to HAL, expected position 6424681 , only wrote 6424259
12-09 07:45:59.134 W/audio_hw_generic( 1307): Not supplying enough data to HAL, expected position 6424265 , only wrote 6424259
12-09 07:45:59.151 D/        ( 6350): HostConnection::get() New Host Connection established 0x7fd683192480, tid 6350
12-09 07:45:59.172 E/EGL_emulation( 1223): tid 1223: eglCreateSyncKHR(1881): error 0x3004 (EGL_BAD_ATTRIBUTE)
12-09 07:45:59.175 W/audio_hw_generic( 1307): Not supplying enough data to HAL, expected position 6426031 , only wrote 6424920
12-09 07:45:59.357 W/audio_hw_generic( 1307): Not supplying enough data to HAL, expected position 6432954 , only wrote 6432852
12-09 07:45:59.357 W/audio_hw_generic( 1307): Not supplying enough data to HAL, expected position 6432861 , only wrote 6432852
12-09 07:45:59.374 W/audio_hw_generic( 1307): Not supplying enough data to HAL, expected position 6433591 , only wrote 6433513
12-09 07:45:59.503 W/audio_hw_generic( 1307): Not supplying enough data to HAL, expected position 6439225 , only wrote 6437479
12-09 07:45:59.503 W/audio_hw_generic( 1307): Not supplying enough data to HAL, expected position 6437485 , only wrote 6437479
12-09 07:45:59.643 W/audio_hw_generic( 1307): Not supplying enough data to HAL, expected position 6443646 , only wrote 6442767
12-09 07:45:59.665 W/audio_hw_generic( 1307): Not supplying enough data to HAL, expected position 6443709 , only wrote 6442767
12-09 07:45:59.693 W/audio_hw_generic( 1307): Not supplying enough data to HAL, expected position 6444009 , only wrote 6443428
12-09 07:45:59.779 W/audio_hw_generic( 1307): Not supplying enough data to HAL, expected position 6447242 , only wrote 6446733
12-09 07:45:59.819 D/hwcomposer( 1223): hw_composer sent 863 syncs in 60s
12-09 07:45:59.821 W/audio_hw_generic( 1307): Not supplying enough data to HAL, expected position 6448550 , only wrote 6448055
12-09 07:45:59.914 W/audio_hw_generic( 1307): Not supplying enough data to HAL, expected position 6452195 , only wrote 6452021
12-09 07:46:00.123 W/audio_hw_generic( 1307): Hardware backing HAL too slow, could only write 0 of 661 frames
12-09 07:46:00.252 W/audio_hw_generic( 1307): Hardware backing HAL too slow, could only write 0 of 661 frames
12-09 07:46:00.254 W/audio_hw_generic( 1307): Not supplying enough data to HAL, expected position 6467004 , only wrote 6465241
12-09 07:46:00.254 W/audio_hw_generic( 1307): Not supplying enough data to HAL, expected position 6465247 , only wrote 6465241
12-09 07:46:00.294 W/audio_hw_generic( 1307): Not supplying enough data to HAL, expected position 6466992 , only wrote 6465902
12-09 07:46:00.295 I/System.out( 6323): URI: //gesture
12-09 07:46:00.295 I/System.out( 6323): params: {json={"query_timeout":5.0,"gestures":[{"query_string":"android.widget.TabWidget descendant TextView index:3","touches":[{"x":50,"y":50,"offset_x":0,"offset_y":0,"wait":0.0,"time":0.2,"release":true,"query_string":null}]}]}
12-09 07:46:00.295 I/System.out( 6323): }
12-09 07:46:00.384 W/audio_hw_generic( 1307): Not supplying enough data to HAL, expected position 6469885 , only wrote 6469868
12-09 07:46:00.475 W/audio_hw_generic( 1307): Not supplying enough data to HAL, expected position 6473870 , only wrote 6473834
12-09 07:46:00.513 W/audio_hw_generic( 1307): Not supplying enough data to HAL, expected position 6475480 , only wrote 6475156
12-09 07:46:00.534 I/art     ( 6323): Background partial concurrent mark sweep GC freed 20440(930KB) AllocSpace objects, 2(40KB) LOS objects, 39% free, 2MB/3MB, paused 1.399ms total 231.478ms
12-09 07:46:00.543 W/CursorWrapperInner( 6323): Cursor finalized without prior close()
12-09 07:46:00.698 W/audio_hw_generic( 1307): Hardware backing HAL too slow, could only write 0 of 661 frames
12-09 07:46:00.711 W/audio_hw_generic( 1307): Hardware backing HAL too slow, could only write 0 of 661 frames
12-09 07:46:00.831 W/audio_hw_generic( 1307): Hardware backing HAL too slow, could only write 0 of 661 frames
12-09 07:46:00.860 I/calabash( 6323): newActivity1
12-09 07:46:00.861 W/ActivityManager( 1592): Bad activity token: android.os.BinderProxy@c8d1c0c
12-09 07:46:00.861 W/ActivityManager( 1592): java.lang.ClassCastException: android.os.BinderProxy cannot be cast to com.android.server.am.ActivityRecord$Token
12-09 07:46:00.861 W/ActivityManager( 1592): 	at com.android.server.am.ActivityRecord.forTokenLocked(ActivityRecord.java:424)
12-09 07:46:00.861 W/ActivityManager( 1592): 	at com.android.server.am.ActivityRecord.isInStackLocked(ActivityRecord.java:1121)
12-09 07:46:00.861 W/ActivityManager( 1592): 	at com.android.server.am.ActivityRecord.getStackLocked(ActivityRecord.java:1126)
12-09 07:46:00.861 W/ActivityManager( 1592): 	at com.android.server.am.ActivityManagerService.getActivityDisplayId(ActivityManagerService.java:8889)
12-09 07:46:00.861 W/ActivityManager( 1592): 	at android.app.ActivityManagerNative.onTransact(ActivityManagerNative.java:2338)
12-09 07:46:00.861 W/ActivityManager( 1592): 	at com.android.server.am.ActivityManagerService.onTransact(ActivityManagerService.java:2443)
12-09 07:46:00.861 W/ActivityManager( 1592): 	at android.os.Binder.execTransact(Binder.java:453)
12-09 07:46:00.862 W/ActivityManager( 1592): Bad activity token: android.os.BinderProxy@c8d1c0c
12-09 07:46:00.862 W/ActivityManager( 1592): java.lang.ClassCastException: android.os.BinderProxy cannot be cast to com.android.server.am.ActivityRecord$Token
12-09 07:46:00.862 W/ActivityManager( 1592): 	at com.android.server.am.ActivityRecord.forTokenLocked(ActivityRecord.java:424)
12-09 07:46:00.862 W/ActivityManager( 1592): 	at com.android.server.am.ActivityRecord.isInStackLocked(ActivityRecord.java:1121)
12-09 07:46:00.862 W/ActivityManager( 1592): 	at com.android.server.am.ActivityManagerService.setTaskDescription(ActivityManagerService.java:8547)
12-09 07:46:00.862 W/ActivityManager( 1592): 	at android.app.ActivityManagerNative.onTransact(ActivityManagerNative.java:2410)
12-09 07:46:00.862 W/ActivityManager( 1592): 	at com.android.server.am.ActivityManagerService.onTransact(ActivityManagerService.java:2443)
12-09 07:46:00.862 W/ActivityManager( 1592): 	at android.os.Binder.execTransact(Binder.java:453)
12-09 07:46:00.950 W/audio_hw_generic( 1307): Hardware backing HAL too slow, could only write 0 of 661 frames
12-09 07:46:01.020 W/ActivityManager( 1592): Bad activity token: android.os.BinderProxy@c8d1c0c
12-09 07:46:01.020 W/ActivityManager( 1592): java.lang.ClassCastException: android.os.BinderProxy cannot be cast to com.android.server.am.ActivityRecord$Token
12-09 07:46:01.020 W/ActivityManager( 1592): 	at com.android.server.am.ActivityRecord.forTokenLocked(ActivityRecord.java:424)
12-09 07:46:01.020 W/ActivityManager( 1592): 	at com.android.server.am.ActivityRecord.isInStackLocked(ActivityRecord.java:1121)
12-09 07:46:01.020 W/ActivityManager( 1592): 	at com.android.server.am.ActivityManagerService.getActivityOptions(ActivityManagerService.java:11038)
12-09 07:46:01.020 W/ActivityManager( 1592): 	at android.app.ActivityManagerNative.onTransact(ActivityManagerNative.java:1734)
12-09 07:46:01.020 W/ActivityManager( 1592): 	at com.android.server.am.ActivityManagerService.onTransact(ActivityManagerService.java:2443)
12-09 07:46:01.020 W/ActivityManager( 1592): 	at android.os.Binder.execTransact(Binder.java:453)
12-09 07:46:01.033 W/audio_hw_generic( 1307): Hardware backing HAL too slow, could only write 0 of 661 frames
12-09 07:46:01.033 W/ActivityManager( 1592): Bad activity token: android.os.BinderProxy@c8d1c0c
12-09 07:46:01.033 W/ActivityManager( 1592): java.lang.ClassCastException: android.os.BinderProxy cannot be cast to com.android.server.am.ActivityRecord$Token
12-09 07:46:01.033 W/ActivityManager( 1592): 	at com.android.server.am.ActivityRecord.forTokenLocked(ActivityRecord.java:424)
12-09 07:46:01.033 W/ActivityManager( 1592): 	at com.android.server.am.ActivityRecord.isInStackLocked(ActivityRecord.java:1121)
12-09 07:46:01.033 W/ActivityManager( 1592): 	at com.android.server.am.ActivityManagerService.getActivityOptions(ActivityManagerService.java:11038)
12-09 07:46:01.033 W/ActivityManager( 1592): 	at android.app.ActivityManagerNative.onTransact(ActivityManagerNative.java:1734)
12-09 07:46:01.033 W/ActivityManager( 1592): 	at com.android.server.am.ActivityManagerService.onTransact(ActivityManagerService.java:2443)
12-09 07:46:01.033 W/ActivityManager( 1592): 	at android.os.Binder.execTransact(Binder.java:453)
12-09 07:46:01.051 W/audio_hw_generic( 1307): Hardware backing HAL too slow, could only write 0 of 661 frames
12-09 07:46:01.063 W/audio_hw_generic( 1307): Hardware backing HAL too slow, could only write 0 of 661 frames
12-09 07:46:01.119 W/audio_hw_generic( 1307): Not supplying enough data to HAL, expected position 6501890 , only wrote 6501596
12-09 07:46:01.148 I/art     ( 6323): Background sticky concurrent mark sweep GC freed 29987(1441KB) AllocSpace objects, 1(20KB) LOS objects, 38% free, 2MB/3MB, paused 25.325ms total 102.145ms
12-09 07:46:01.245 W/audio_hw_generic( 1307): Not supplying enough data to HAL, expected position 6507167 , only wrote 6505562
12-09 07:46:01.245 W/audio_hw_generic( 1307): Not supplying enough data to HAL, expected position 6505568 , only wrote 6505562
12-09 07:46:01.261 W/audio_hw_generic( 1307): Not supplying enough data to HAL, expected position 6506244 , only wrote 6506223
12-09 07:46:01.481 W/audio_hw_generic( 1307): Not supplying enough data to HAL, expected position 6515915 , only wrote 6512172
12-09 07:46:01.522 E/SurfaceFlinger( 1223): ro.sf.lcd_density must be defined as a build property
12-09 07:46:01.536 D/gralloc_ranchu( 1223): gralloc_alloc: Creating ashmem region of size 3686400
12-09 07:46:01.563 W/audio_hw_generic( 1307): Not supplying enough data to HAL, expected position 6515795 , only wrote 6513494
12-09 07:46:01.577 D/        ( 6355): HostConnection::get() New Host Connection established 0x7fdfa96d2480, tid 6355
12-09 07:46:01.611 E/EGL_emulation( 1223): tid 1223: eglCreateSyncKHR(1881): error 0x3004 (EGL_BAD_ATTRIBUTE)
12-09 07:46:01.714 W/audio_hw_generic( 1307): Not supplying enough data to HAL, expected position 6520157 , only wrote 6518121
12-09 07:46:01.714 W/audio_hw_generic( 1307): Not supplying enough data to HAL, expected position 6518128 , only wrote 6518121
12-09 07:46:01.795 W/audio_hw_generic( 1307): Not supplying enough data to HAL, expected position 6521674 , only wrote 6518782
12-09 07:46:01.870 W/audio_hw_generic( 1307): Not supplying enough data to HAL, expected position 6522126 , only wrote 6522087
12-09 07:46:02.120 W/audio_hw_generic( 1307): Hardware backing HAL too slow, could only write 0 of 661 frames
12-09 07:46:02.120 W/audio_hw_generic( 1307): Not supplying enough data to HAL, expected position 6533084 , only wrote 6532663
12-09 07:46:02.120 W/audio_hw_generic( 1307): Not supplying enough data to HAL, expected position 6532668 , only wrote 6532663
12-09 07:46:02.120 W/audio_hw_generic( 1307): Hardware backing HAL too slow, could only write 0 of 661 frames
12-09 07:46:02.161 W/audio_hw_generic( 1307): Not supplying enough data to HAL, expected position 6534471 , only wrote 6533324
12-09 07:46:02.358 W/audio_hw_generic( 1307): Not supplying enough data to HAL, expected position 6542027 , only wrote 6539273
12-09 07:46:02.358 W/audio_hw_generic( 1307): Not supplying enough data to HAL, expected position 6539279 , only wrote 6539273
12-09 07:46:02.366 I/System.out( 6323): URI: //gesture
12-09 07:46:02.366 I/System.out( 6323): params: {json={"query_timeout":5.0,"gestures":[{"query_string":"android.widget.TabWidget descendant TextView index:2","touches":[{"x":50,"y":50,"offset_x":0,"offset_y":0,"wait":0.0,"time":0.2,"release":true,"query_string":null}]}]}
12-09 07:46:02.366 I/System.out( 6323): }
12-09 07:46:02.395 W/audio_hw_generic( 1307): Hardware backing HAL too slow, could only write 0 of 661 frames
12-09 07:46:02.418 W/audio_hw_generic( 1307): Hardware backing HAL too slow, could only write 0 of 661 frames
12-09 07:46:02.614 W/audio_hw_generic( 1307): Not supplying enough data to HAL, expected position 6550565 , only wrote 6547866
12-09 07:46:02.615 W/audio_hw_generic( 1307): Not supplying enough data to HAL, expected position 6547874 , only wrote 6547866
12-09 07:46:02.689 W/audio_hw_generic( 1307): Hardware backing HAL too slow, could only write 0 of 661 frames
12-09 07:46:02.727 W/audio_hw_generic( 1307): Not supplying enough data to HAL, expected position 6552801 , only wrote 6552493
12-09 07:46:02.826 W/audio_hw_generic( 1307): Not supplying enough data to HAL, expected position 6556866 , only wrote 6556459
12-09 07:46:02.826 W/audio_hw_generic( 1307): Not supplying enough data to HAL, expected position 6556465 , only wrote 6556459
12-09 07:46:02.949 W/audio_hw_generic( 1307): Not supplying enough data to HAL, expected position 6561888 , only wrote 6561747
12-09 07:46:02.949 W/audio_hw_generic( 1307): Not supplying enough data to HAL, expected position 6561756 , only wrote 6561747
12-09 07:46:02.985 W/audio_hw_generic( 1307): Not supplying enough data to HAL, expected position 6563331 , only wrote 6562408
12-09 07:46:03.025 I/calabash( 6323): newActivity1
12-09 07:46:03.095 W/art     ( 6323): Suspending all threads took: 7.669ms
12-09 07:46:03.115 D/AudioFlinger( 1307): mixer(0xf43c0000) throttle end: throttle time(41)
12-09 07:46:03.131 W/ActivityManager( 1592): Bad activity token: android.os.BinderProxy@3e8c955
12-09 07:46:03.131 W/ActivityManager( 1592): java.lang.ClassCastException: android.os.BinderProxy cannot be cast to com.android.server.am.ActivityRecord$Token
12-09 07:46:03.131 W/ActivityManager( 1592): 	at com.android.server.am.ActivityRecord.forTokenLocked(ActivityRecord.java:424)
12-09 07:46:03.131 W/ActivityManager( 1592): 	at com.android.server.am.ActivityRecord.isInStackLocked(ActivityRecord.java:1121)
12-09 07:46:03.131 W/ActivityManager( 1592): 	at com.android.server.am.ActivityRecord.getStackLocked(ActivityRecord.java:1126)
12-09 07:46:03.131 W/ActivityManager( 1592): 	at com.android.server.am.ActivityManagerService.getActivityDisplayId(ActivityManagerService.java:8889)
12-09 07:46:03.131 W/ActivityManager( 1592): 	at android.app.ActivityManagerNative.onTransact(ActivityManagerNative.java:2338)
12-09 07:46:03.131 W/ActivityManager( 1592): 	at com.android.server.am.ActivityManagerService.onTransact(ActivityManagerService.java:2443)
12-09 07:46:03.131 W/ActivityManager( 1592): 	at android.os.Binder.execTransact(Binder.java:453)
12-09 07:46:03.135 W/audio_hw_generic( 1307): Not supplying enough data to HAL, expected position 6569029 , only wrote 6569018
12-09 07:46:03.195 W/ActivityManager( 1592): Bad activity token: android.os.BinderProxy@3e8c955
12-09 07:46:03.195 W/ActivityManager( 1592): java.lang.ClassCastException: android.os.BinderProxy cannot be cast to com.android.server.am.ActivityRecord$Token
12-09 07:46:03.195 W/ActivityManager( 1592): 	at com.android.server.am.ActivityRecord.forTokenLocked(ActivityRecord.java:424)
12-09 07:46:03.195 W/ActivityManager( 1592): 	at com.android.server.am.ActivityRecord.isInStackLocked(ActivityRecord.java:1121)
12-09 07:46:03.195 W/ActivityManager( 1592): 	at com.android.server.am.ActivityManagerService.setTaskDescription(ActivityManagerService.java:8547)
12-09 07:46:03.195 W/ActivityManager( 1592): 	at android.app.ActivityManagerNative.onTransact(ActivityManagerNative.java:2410)
12-09 07:46:03.195 W/ActivityManager( 1592): 	at com.android.server.am.ActivityManagerService.onTransact(ActivityManagerService.java:2443)
12-09 07:46:03.195 W/ActivityManager( 1592): 	at android.os.Binder.execTransact(Binder.java:453)
12-09 07:46:03.204 I/art     ( 6323): Background sticky concurrent mark sweep GC freed 53760(2MB) AllocSpace objects, 1(20KB) LOS objects, 21% free, 2MB/3MB, paused 10.113ms total 177.649ms
12-09 07:46:03.222 D/VehicleStatisticsActivity( 6323): Checking recalculation ...
12-09 07:46:03.240 D/VehicleStatisticsActivity( 6323): Recalculating statistics
12-09 07:46:03.240 D/AndroidRuntime( 6323): Shutting down VM
--------- beginning of crash
12-09 07:46:03.240 E/AndroidRuntime( 6323): FATAL EXCEPTION: main
12-09 07:46:03.240 E/AndroidRuntime( 6323): Process: com.evancharlton.mileage, PID: 6323
12-09 07:46:03.240 E/AndroidRuntime( 6323): java.lang.VerifyError: Rejecting class com.evancharlton.mileage.tasks.VehicleStatisticsTask because it failed compile-time verification (declaration of 'com.evancharlton.mileage.tasks.VehicleStatisticsTask' appears in /data/app/com.evancharlton.mileage-1/base.apk)
12-09 07:46:03.240 E/AndroidRuntime( 6323): 	at com.evancharlton.mileage.VehicleStatisticsActivity.calculate(VehicleStatisticsActivity.java:206)
12-09 07:46:03.240 E/AndroidRuntime( 6323): 	at com.evancharlton.mileage.VehicleStatisticsActivity.recalculate(VehicleStatisticsActivity.java:170)
12-09 07:46:03.240 E/AndroidRuntime( 6323): 	at com.evancharlton.mileage.VehicleStatisticsActivity.onCreate(VehicleStatisticsActivity.java:131)
12-09 07:46:03.240 E/AndroidRuntime( 6323): 	at android.app.Activity.performCreate(Activity.java:6237)
12-09 07:46:03.240 E/AndroidRuntime( 6323): 	at android.app.Instrumentation.callActivityOnCreate(Instrumentation.java:1107)
12-09 07:46:03.240 E/AndroidRuntime( 6323): 	at android.app.ActivityThread.performLaunchActivity(ActivityThread.java:2369)
12-09 07:46:03.240 E/AndroidRuntime( 6323): 	at android.app.ActivityThread.startActivityNow(ActivityThread.java:2240)
12-09 07:46:03.240 E/AndroidRuntime( 6323): 	at android.app.LocalActivityManager.moveToState(LocalActivityManager.java:136)
12-09 07:46:03.240 E/AndroidRuntime( 6323): 	at android.app.LocalActivityManager.startActivity(LocalActivityManager.java:348)
12-09 07:46:03.240 E/AndroidRuntime( 6323): 	at android.widget.TabHost$IntentContentStrategy.getContentView(TabHost.java:724)
12-09 07:46:03.240 E/AndroidRuntime( 6323): 	at android.widget.TabHost.setCurrentTab(TabHost.java:388)
12-09 07:46:03.240 E/AndroidRuntime( 6323): 	at android.widget.TabHost$2.onTabSelectionChanged(TabHost.java:158)
12-09 07:46:03.240 E/AndroidRuntime( 6323): 	at android.widget.TabWidget$TabClickListener.onClick(TabWidget.java:551)
12-09 07:46:03.240 E/AndroidRuntime( 6323): 	at android.view.View.performClick(View.java:5198)
12-09 07:46:03.240 E/AndroidRuntime( 6323): 	at android.view.View$PerformClick.run(View.java:21147)
12-09 07:46:03.240 E/AndroidRuntime( 6323): 	at android.os.Handler.handleCallback(Handler.java:739)
12-09 07:46:03.240 E/AndroidRuntime( 6323): 	at android.os.Handler.dispatchMessage(Handler.java:95)
12-09 07:46:03.240 E/AndroidRuntime( 6323): 	at android.os.Looper.loop(Looper.java:148)
12-09 07:46:03.240 E/AndroidRuntime( 6323): 	at android.app.ActivityThread.main(ActivityThread.java:5417)
12-09 07:46:03.240 E/AndroidRuntime( 6323): 	at java.lang.reflect.Method.invoke(Native Method)
12-09 07:46:03.240 E/AndroidRuntime( 6323): 	at com.android.internal.os.ZygoteInit$MethodAndArgsCaller.run(ZygoteInit.java:726)
12-09 07:46:03.240 E/AndroidRuntime( 6323): 	at com.android.internal.os.ZygoteInit.main(ZygoteInit.java:616)
12-09 07:46:03.241 W/ActivityManager( 1592): Error in app com.evancharlton.mileage running instrumentation ComponentInfo{com.evancharlton.mileage.test/sh.calaba.instrumentationbackend.CalabashInstrumentationTestRunner}:
12-09 07:46:03.241 W/ActivityManager( 1592):   java.lang.VerifyError
12-09 07:46:03.241 W/ActivityManager( 1592):   java.lang.VerifyError: Rejecting class com.evancharlton.mileage.tasks.VehicleStatisticsTask because it failed compile-time verification (declaration of 'com.evancharlton.mileage.tasks.VehicleStatisticsTask' appears in /data/app/com.evancharlton.mileage-1/base.apk)
12-09 07:46:03.241 I/ActivityManager( 1592): Force stopping com.evancharlton.mileage appid=10119 user=0: finished inst
12-09 07:46:03.241 I/ActivityManager( 1592): Killing 6323:com.evancharlton.mileage/u0a119 (adj 0): stop com.evancharlton.mileage
12-09 07:46:03.276 W/audio_hw_generic( 1307): Not supplying enough data to HAL, expected position 6575211 , only wrote 6574306
12-09 07:46:03.276 W/audio_hw_generic( 1307): Not supplying enough data to HAL, expected position 6574313 , only wrote 6574306
12-09 07:46:03.302 W/audio_hw_generic( 1307): Not supplying enough data to HAL, expected position 6575442 , only wrote 6574967
12-09 07:46:03.407 W/InputDispatcher( 1592): channel 'efda186 com.evancharlton.mileage/com.evancharlton.mileage.Mileage (server)' ~ Consumer closed input channel or an error occurred.  events=0x9
12-09 07:46:03.408 E/InputDispatcher( 1592): channel 'efda186 com.evancharlton.mileage/com.evancharlton.mileage.Mileage (server)' ~ Channel is unrecoverably broken and will be disposed!
12-09 07:46:03.452 W/audio_hw_generic( 1307): Not supplying enough data to HAL, expected position 6581601 , only wrote 6580916
12-09 07:46:03.452 W/audio_hw_generic( 1307): Not supplying enough data to HAL, expected position 6580922 , only wrote 6580916
