12-09 08:47:11.167 W/audio_hw_generic( 1595): Not supplying enough data to HAL, expected position 56288082 , only wrote 56283489
12-09 08:47:11.188 W/audio_hw_generic( 1595): Not supplying enough data to HAL, expected position 56284425 , only wrote 56284150
12-09 08:47:11.188 W/audio_hw_generic( 1595): Not supplying enough data to HAL, expected position 56284157 , only wrote 56284150
12-09 08:47:11.201 D/gralloc_ranchu( 1224): gralloc_alloc: Creating ashmem region of size 3686400
12-09 08:47:11.204 W/audio_hw_generic( 1595): Not supplying enough data to HAL, expected position 56284827 , only wrote 56284811
12-09 08:47:11.233 D/        (21801): HostConnection::get() New Host Connection established 0x7f2078952480, tid 21801
12-09 08:47:11.243 W/audio_hw_generic( 1595): Hardware backing HAL too slow, could only write 0 of 661 frames
12-09 08:47:11.257 W/audio_hw_generic( 1595): Hardware backing HAL too slow, could only write 0 of 661 frames
12-09 08:47:11.260 E/EGL_emulation( 1224): tid 1224: eglCreateSyncKHR(1881): error 0x3004 (EGL_BAD_ATTRIBUTE)
12-09 08:47:11.268 W/audio_hw_generic( 1595): Hardware backing HAL too slow, could only write 0 of 661 frames
12-09 08:47:11.515 W/audio_hw_generic( 1595): Hardware backing HAL too slow, could only write 0 of 661 frames
12-09 08:47:11.543 W/audio_hw_generic( 1595): Hardware backing HAL too slow, could only write 0 of 661 frames
12-09 08:47:11.807 W/audio_hw_generic( 1595): Not supplying enough data to HAL, expected position 56311423 , only wrote 56311251
12-09 08:47:11.807 W/audio_hw_generic( 1595): Not supplying enough data to HAL, expected position 56311258 , only wrote 56311251
12-09 08:47:11.826 W/audio_hw_generic( 1595): Not supplying enough data to HAL, expected position 56312053 , only wrote 56311912
12-09 08:47:12.160 W/audio_hw_generic( 1595): Not supplying enough data to HAL, expected position 56326663 , only wrote 56326454
12-09 08:47:12.160 W/audio_hw_generic( 1595): Not supplying enough data to HAL, expected position 56326461 , only wrote 56326454
12-09 08:47:12.177 W/audio_hw_generic( 1595): Not supplying enough data to HAL, expected position 56327197 , only wrote 56327115
12-09 08:47:12.334 I/System.out(21720): URI: //gesture
12-09 08:47:12.335 I/System.out(21720): params: {json={"query_timeout":5.0,"gestures":[{"query_string":"android.widget.TabWidget descendant TextView index:0","touches":[{"x":50,"y":50,"offset_x":0,"offset_y":0,"wait":0.0,"time":0.2,"release":true,"query_string":null}]}]}
12-09 08:47:12.335 I/System.out(21720): }
12-09 08:47:12.460 W/audio_hw_generic( 1595): Hardware backing HAL too slow, could only write 0 of 661 frames
12-09 08:47:12.502 I/art     (21720): Background sticky concurrent mark sweep GC freed 19981(862KB) AllocSpace objects, 2(40KB) LOS objects, 22% free, 3MB/4MB, paused 21.253ms total 51.527ms
12-09 08:47:12.552 W/audio_hw_generic( 1595): Not supplying enough data to HAL, expected position 56343644 , only wrote 56343640
12-09 08:47:12.570 W/audio_hw_generic( 1595): Not supplying enough data to HAL, expected position 56344435 , only wrote 56344301
12-09 08:47:12.605 W/audio_hw_generic( 1595): Not supplying enough data to HAL, expected position 56345848 , only wrote 56345623
12-09 08:47:12.716 W/audio_hw_generic( 1595): Hardware backing HAL too slow, could only write 0 of 661 frames
12-09 08:47:12.739 W/audio_hw_generic( 1595): Hardware backing HAL too slow, could only write 0 of 661 frames
12-09 08:47:12.758 W/audio_hw_generic( 1595): Hardware backing HAL too slow, could only write 0 of 661 frames
12-09 08:47:12.797 W/audio_hw_generic( 1595): Hardware backing HAL too slow, could only write 0 of 661 frames
12-09 08:47:12.859 W/audio_hw_generic( 1595): Not supplying enough data to HAL, expected position 56356805 , only wrote 56356199
12-09 08:47:12.891 W/audio_hw_generic( 1595): Not supplying enough data to HAL, expected position 56357631 , only wrote 56357521
12-09 08:47:12.891 W/audio_hw_generic( 1595): Hardware backing HAL too slow, could only write 0 of 661 frames
12-09 08:47:12.911 W/audio_hw_generic( 1595): Hardware backing HAL too slow, could only write 0 of 661 frames
12-09 08:47:12.926 W/audio_hw_generic( 1595): Hardware backing HAL too slow, could only write 0 of 661 frames
12-09 08:47:12.927 I/art     (21720): Background sticky concurrent mark sweep GC freed 27612(1274KB) AllocSpace objects, 0(0B) LOS objects, 18% free, 3MB/4MB, paused 3.120ms total 148.882ms
12-09 08:47:12.936 D/AudioFlinger( 1595): mixer(0xf4380000) throttle end: throttle time(33)
12-09 08:47:12.963 W/audio_hw_generic( 1595): Hardware backing HAL too slow, could only write 0 of 661 frames
12-09 08:47:12.980 W/audio_hw_generic( 1595): Hardware backing HAL too slow, could only write 0 of 661 frames
12-09 08:47:13.099 W/audio_hw_generic( 1595): Not supplying enough data to HAL, expected position 56366673 , only wrote 56365453
12-09 08:47:13.099 W/audio_hw_generic( 1595): Not supplying enough data to HAL, expected position 56365461 , only wrote 56365453
12-09 08:47:13.118 W/audio_hw_generic( 1595): Not supplying enough data to HAL, expected position 56366276 , only wrote 56366114
12-09 08:47:13.323 W/audio_hw_generic( 1595): Not supplying enough data to HAL, expected position 56375172 , only wrote 56374707
12-09 08:47:13.323 W/audio_hw_generic( 1595): Not supplying enough data to HAL, expected position 56374714 , only wrote 56374707
12-09 08:47:13.347 W/audio_hw_generic( 1595): Not supplying enough data to HAL, expected position 56375751 , only wrote 56375368
12-09 08:47:13.347 W/audio_hw_generic( 1595): Hardware backing HAL too slow, could only write 0 of 661 frames
12-09 08:47:13.348 W/audio_hw_generic( 1595): Hardware backing HAL too slow, could only write 0 of 661 frames
12-09 08:47:13.364 W/audio_hw_generic( 1595): Hardware backing HAL too slow, could only write 0 of 661 frames
12-09 08:47:13.383 W/audio_hw_generic( 1595): Hardware backing HAL too slow, could only write 0 of 661 frames
12-09 08:47:13.394 W/audio_hw_generic( 1595): Hardware backing HAL too slow, could only write 0 of 661 frames
12-09 08:47:13.414 W/audio_hw_generic( 1595): Hardware backing HAL too slow, could only write 0 of 661 frames
12-09 08:47:13.442 W/audio_hw_generic( 1595): Hardware backing HAL too slow, could only write 0 of 661 frames
12-09 08:47:13.459 W/audio_hw_generic( 1595): Hardware backing HAL too slow, could only write 0 of 661 frames
12-09 08:47:13.498 E/SurfaceFlinger( 1224): ro.sf.lcd_density must be defined as a build property
12-09 08:47:13.510 D/gralloc_ranchu( 1224): gralloc_alloc: Creating ashmem region of size 3686400
12-09 08:47:13.543 W/audio_hw_generic( 1595): Hardware backing HAL too slow, could only write 0 of 661 frames
12-09 08:47:13.553 W/audio_hw_generic( 1595): Hardware backing HAL too slow, could only write 0 of 661 frames
12-09 08:47:13.561 D/        (21806): HostConnection::get() New Host Connection established 0x7f1f08f12480, tid 21806
12-09 08:47:13.583 E/EGL_emulation( 1224): tid 1224: eglCreateSyncKHR(1881): error 0x3004 (EGL_BAD_ATTRIBUTE)
12-09 08:47:13.650 W/audio_hw_generic( 1595): Not supplying enough data to HAL, expected position 56388744 , only wrote 56388588
12-09 08:47:13.778 W/audio_hw_generic( 1595): Hardware backing HAL too slow, could only write 0 of 661 frames
12-09 08:47:13.778 W/audio_hw_generic( 1595): Not supplying enough data to HAL, expected position 56394240 , only wrote 56393876
12-09 08:47:13.779 W/audio_hw_generic( 1595): Not supplying enough data to HAL, expected position 56393883 , only wrote 56393876
12-09 08:47:13.779 W/audio_hw_generic( 1595): Hardware backing HAL too slow, could only write 0 of 661 frames
12-09 08:47:13.807 W/audio_hw_generic( 1595): Not supplying enough data to HAL, expected position 56395144 , only wrote 56394537
12-09 08:47:13.808 W/audio_hw_generic( 1595): Hardware backing HAL too slow, could only write 0 of 661 frames
12-09 08:47:13.823 W/audio_hw_generic( 1595): Hardware backing HAL too slow, could only write 0 of 661 frames
12-09 08:47:13.841 W/audio_hw_generic( 1595): Hardware backing HAL too slow, could only write 0 of 661 frames
12-09 08:47:13.856 D/hwcomposer( 1224): hw_composer sent 610 syncs in 60s
12-09 08:47:13.858 W/audio_hw_generic( 1595): Hardware backing HAL too slow, could only write 0 of 661 frames
12-09 08:47:13.869 W/audio_hw_generic( 1595): Hardware backing HAL too slow, could only write 0 of 661 frames
12-09 08:47:13.884 W/audio_hw_generic( 1595): Hardware backing HAL too slow, could only write 0 of 661 frames
12-09 08:47:14.459 W/audio_hw_generic( 1595): Hardware backing HAL too slow, could only write 0 of 661 frames
12-09 08:47:14.621 W/audio_hw_generic( 1595): Not supplying enough data to HAL, expected position 56430398 , only wrote 56430231
12-09 08:47:14.621 W/audio_hw_generic( 1595): Not supplying enough data to HAL, expected position 56430239 , only wrote 56430231
12-09 08:47:14.656 W/audio_hw_generic( 1595): Not supplying enough data to HAL, expected position 56431786 , only wrote 56430892
12-09 08:47:14.704 W/audio_hw_generic( 1595): Not supplying enough data to HAL, expected position 56433005 , only wrote 56432214
12-09 08:47:14.888 W/audio_hw_generic( 1595): Hardware backing HAL too slow, could only write 0 of 661 frames
12-09 08:47:15.156 W/audio_hw_generic( 1595): Hardware backing HAL too slow, could only write 0 of 661 frames
12-09 08:47:15.429 W/audio_hw_generic( 1595): Not supplying enough data to HAL, expected position 56464172 , only wrote 56463942
12-09 08:47:15.460 W/audio_hw_generic( 1595): Not supplying enough data to HAL, expected position 56465306 , only wrote 56465264
