12-09 08:24:05.770 E/SQLiteDatabase(16107): 	at com.evancharlton.mileage.adapters.VehicleStatisticsAdapter$1.run(VehicleStatisticsAdapter.java:108)
12-09 08:24:05.770 E/SQLiteLog(16107): (1) near "null": syntax error
12-09 08:24:05.776 E/SQLiteDatabase(16107): Error inserting null=true value=$5400.00 key=last_month_cost item=1
12-09 08:24:05.776 E/SQLiteDatabase(16107): android.database.sqlite.SQLiteException: near "null": syntax error (code 1): , while compiling: INSERT INTO cache(null,value,key,item) VALUES (?,?,?,?)
12-09 08:24:05.776 E/SQLiteDatabase(16107): 	at android.database.sqlite.SQLiteConnection.nativePrepareStatement(Native Method)
12-09 08:24:05.776 E/SQLiteDatabase(16107): 	at android.database.sqlite.SQLiteConnection.acquirePreparedStatement(SQLiteConnection.java:887)
12-09 08:24:05.776 E/SQLiteDatabase(16107): 	at android.database.sqlite.SQLiteConnection.prepare(SQLiteConnection.java:498)
12-09 08:24:05.776 E/SQLiteDatabase(16107): 	at android.database.sqlite.SQLiteSession.prepare(SQLiteSession.java:588)
12-09 08:24:05.776 E/SQLiteDatabase(16107): 	at android.database.sqlite.SQLiteProgram.<init>(SQLiteProgram.java:58)
12-09 08:24:05.776 E/SQLiteDatabase(16107): 	at android.database.sqlite.SQLiteStatement.<init>(SQLiteStatement.java:31)
12-09 08:24:05.776 E/SQLiteDatabase(16107): 	at android.database.sqlite.SQLiteDatabase.insertWithOnConflict(SQLiteDatabase.java:1469)
12-09 08:24:05.776 E/SQLiteDatabase(16107): 	at android.database.sqlite.SQLiteDatabase.insert(SQLiteDatabase.java:1341)
12-09 08:24:05.776 E/SQLiteDatabase(16107): 	at com.evancharlton.mileage.provider.tables.CacheTable.insert(CacheTable.java:63)
12-09 08:24:05.776 E/SQLiteDatabase(16107): 	at com.evancharlton.mileage.provider.FillUpsProvider.insert(FillUpsProvider.java:197)
12-09 08:24:05.776 E/SQLiteDatabase(16107): 	at android.content.ContentProvider.bulkInsert(ContentProvider.java:1141)
12-09 08:24:05.776 E/SQLiteDatabase(16107): 	at android.content.ContentProvider$Transport.bulkInsert(ContentProvider.java:278)
12-09 08:24:05.776 E/SQLiteDatabase(16107): 	at android.content.ContentResolver.bulkInsert(ContentResolver.java:1295)
12-09 08:24:05.776 E/SQLiteDatabase(16107): 	at com.evancharlton.mileage.adapters.VehicleStatisticsAdapter$1.run(VehicleStatisticsAdapter.java:108)
12-09 08:24:05.776 E/SQLiteLog(16107): (1) near "null": syntax error
12-09 08:24:05.777 E/SQLiteDatabase(16107): Error inserting null=true value=$195810.00 / mo key=monthly_cost item=1
12-09 08:24:05.777 E/SQLiteDatabase(16107): android.database.sqlite.SQLiteException: near "null": syntax error (code 1): , while compiling: INSERT INTO cache(null,value,key,item) VALUES (?,?,?,?)
12-09 08:24:05.777 E/SQLiteDatabase(16107): 	at android.database.sqlite.SQLiteConnection.nativePrepareStatement(Native Method)
12-09 08:24:05.777 E/SQLiteDatabase(16107): 	at android.database.sqlite.SQLiteConnection.acquirePreparedStatement(SQLiteConnection.java:887)
12-09 08:24:05.777 E/SQLiteDatabase(16107): 	at android.database.sqlite.SQLiteConnection.prepare(SQLiteConnection.java:498)
12-09 08:24:05.777 E/SQLiteDatabase(16107): 	at android.database.sqlite.SQLiteSession.prepare(SQLiteSession.java:588)
12-09 08:24:05.777 E/SQLiteDatabase(16107): 	at android.database.sqlite.SQLiteProgram.<init>(SQLiteProgram.java:58)
12-09 08:24:05.777 E/SQLiteDatabase(16107): 	at android.database.sqlite.SQLiteStatement.<init>(SQLiteStatement.java:31)
12-09 08:24:05.777 E/SQLiteDatabase(16107): 	at android.database.sqlite.SQLiteDatabase.insertWithOnConflict(SQLiteDatabase.java:1469)
12-09 08:24:05.777 E/SQLiteDatabase(16107): 	at android.database.sqlite.SQLiteDatabase.insert(SQLiteDatabase.java:1341)
12-09 08:24:05.777 E/SQLiteDatabase(16107): 	at com.evancharlton.mileage.provider.tables.CacheTable.insert(CacheTable.java:63)
12-09 08:24:05.777 E/SQLiteDatabase(16107): 	at com.evancharlton.mileage.provider.FillUpsProvider.insert(FillUpsProvider.java:197)
12-09 08:24:05.777 E/SQLiteDatabase(16107): 	at android.content.ContentProvider.bulkInsert(ContentProvider.java:1141)
12-09 08:24:05.777 E/SQLiteDatabase(16107): 	at android.content.ContentProvider$Transport.bulkInsert(ContentProvider.java:278)
12-09 08:24:05.777 E/SQLiteDatabase(16107): 	at android.content.ContentResolver.bulkInsert(ContentResolver.java:1295)
12-09 08:24:05.777 E/SQLiteDatabase(16107): 	at com.evancharlton.mileage.adapters.VehicleStatisticsAdapter$1.run(VehicleStatisticsAdapter.java:108)
12-09 08:24:05.777 E/SQLiteLog(16107): (1) near "null": syntax error
12-09 08:24:05.777 E/SQLiteDatabase(16107): Error inserting null=true value=$5400.00 key=last_year_cost item=1
12-09 08:24:05.777 E/SQLiteDatabase(16107): android.database.sqlite.SQLiteException: near "null": syntax error (code 1): , while compiling: INSERT INTO cache(null,value,key,item) VALUES (?,?,?,?)
12-09 08:24:05.777 E/SQLiteDatabase(16107): 	at android.database.sqlite.SQLiteConnection.nativePrepareStatement(Native Method)
12-09 08:24:05.777 E/SQLiteDatabase(16107): 	at android.database.sqlite.SQLiteConnection.acquirePreparedStatement(SQLiteConnection.java:887)
12-09 08:24:05.777 E/SQLiteDatabase(16107): 	at android.database.sqlite.SQLiteConnection.prepare(SQLiteConnection.java:498)
12-09 08:24:05.777 E/SQLiteDatabase(16107): 	at android.database.sqlite.SQLiteSession.prepare(SQLiteSession.java:588)
12-09 08:24:05.777 E/SQLiteDatabase(16107): 	at android.database.sqlite.SQLiteProgram.<init>(SQLiteProgram.java:58)
12-09 08:24:05.777 E/SQLiteDatabase(16107): 	at android.database.sqlite.SQLiteStatement.<init>(SQLiteStatement.java:31)
12-09 08:24:05.777 E/SQLiteDatabase(16107): 	at android.database.sqlite.SQLiteDatabase.insertWithOnConflict(SQLiteDatabase.java:1469)
12-09 08:24:05.777 E/SQLiteDatabase(16107): 	at android.database.sqlite.SQLiteDatabase.insert(SQLiteDatabase.java:1341)
12-09 08:24:05.777 E/SQLiteDatabase(16107): 	at com.evancharlton.mileage.provider.tables.CacheTable.insert(CacheTable.java:63)
12-09 08:24:05.777 E/SQLiteDatabase(16107): 	at com.evancharlton.mileage.provider.FillUpsProvider.insert(FillUpsProvider.java:197)
12-09 08:24:05.777 E/SQLiteDatabase(16107): 	at android.content.ContentProvider.bulkInsert(ContentProvider.java:1141)
12-09 08:24:05.777 E/SQLiteDatabase(16107): 	at android.content.ContentProvider$Transport.bulkInsert(ContentProvider.java:278)
12-09 08:24:05.777 E/SQLiteDatabase(16107): 	at android.content.ContentResolver.bulkInsert(ContentResolver.java:1295)
12-09 08:24:05.777 E/SQLiteDatabase(16107): 	at com.evancharlton.mileage.adapters.VehicleStatisticsAdapter$1.run(VehicleStatisticsAdapter.java:108)
12-09 08:24:05.777 E/SQLiteLog(16107): (1) near "null": syntax error
12-09 08:24:05.777 E/SQLiteDatabase(16107): Error inserting null=true value=$2382355.00 / yr key=yearly_cost item=1
12-09 08:24:05.777 E/SQLiteDatabase(16107): android.database.sqlite.SQLiteException: near "null": syntax error (code 1): , while compiling: INSERT INTO cache(null,value,key,item) VALUES (?,?,?,?)
12-09 08:24:05.777 E/SQLiteDatabase(16107): 	at android.database.sqlite.SQLiteConnection.nativePrepareStatement(Native Method)
12-09 08:24:05.777 E/SQLiteDatabase(16107): 	at android.database.sqlite.SQLiteConnection.acquirePreparedStatement(SQLiteConnection.java:887)
12-09 08:24:05.777 E/SQLiteDatabase(16107): 	at android.database.sqlite.SQLiteConnection.prepare(SQLiteConnection.java:498)
12-09 08:24:05.777 E/SQLiteDatabase(16107): 	at android.database.sqlite.SQLiteSession.prepare(SQLiteSession.java:588)
12-09 08:24:05.777 E/SQLiteDatabase(16107): 	at android.database.sqlite.SQLiteProgram.<init>(SQLiteProgram.java:58)
12-09 08:24:05.777 E/SQLiteDatabase(16107): 	at android.database.sqlite.SQLiteStatement.<init>(SQLiteStatement.java:31)
12-09 08:24:05.777 E/SQLiteDatabase(16107): 	at android.database.sqlite.SQLiteDatabase.insertWithOnConflict(SQLiteDatabase.java:1469)
12-09 08:24:05.777 E/SQLiteDatabase(16107): 	at android.database.sqlite.SQLiteDatabase.insert(SQLiteDatabase.java:1341)
12-09 08:24:05.777 E/SQLiteDatabase(16107): 	at com.evancharlton.mileage.provider.tables.CacheTable.insert(CacheTable.java:63)
12-09 08:24:05.777 E/SQLiteDatabase(16107): 	at com.evancharlton.mileage.provider.FillUpsProvider.insert(FillUpsProvider.java:197)
12-09 08:24:05.777 E/SQLiteDatabase(16107): 	at android.content.ContentProvider.bulkInsert(ContentProvider.java:1141)
12-09 08:24:05.777 E/SQLiteDatabase(16107): 	at android.content.ContentProvider$Transport.bulkInsert(ContentProvider.java:278)
12-09 08:24:05.777 E/SQLiteDatabase(16107): 	at android.content.ContentResolver.bulkInsert(ContentResolver.java:1295)
12-09 08:24:05.777 E/SQLiteDatabase(16107): 	at com.evancharlton.mileage.adapters.VehicleStatisticsAdapter$1.run(VehicleStatisticsAdapter.java:108)
12-09 08:24:05.777 E/SQLiteLog(16107): (1) near "null": syntax error
12-09 08:24:05.777 E/SQLiteDatabase(16107): Error inserting null=true value=$2700.00 / mi key=avg_cost_per_mi item=1
12-09 08:24:05.777 E/SQLiteDatabase(16107): android.database.sqlite.SQLiteException: near "null": syntax error (code 1): , while compiling: INSERT INTO cache(null,value,key,item) VALUES (?,?,?,?)
12-09 08:24:05.777 E/SQLiteDatabase(16107): 	at android.database.sqlite.SQLiteConnection.nativePrepareStatement(Native Method)
12-09 08:24:05.777 E/SQLiteDatabase(16107): 	at android.database.sqlite.SQLiteConnection.acquirePreparedStatement(SQLiteConnection.java:887)
12-09 08:24:05.777 E/SQLiteDatabase(16107): 	at android.database.sqlite.SQLiteConnection.prepare(SQLiteConnection.java:498)
12-09 08:24:05.777 E/SQLiteDatabase(16107): 	at android.database.sqlite.SQLiteSession.prepare(SQLiteSession.java:588)
12-09 08:24:05.777 E/SQLiteDatabase(16107): 	at android.database.sqlite.SQLiteProgram.<init>(SQLiteProgram.java:58)
12-09 08:24:05.777 E/SQLiteDatabase(16107): 	at android.database.sqlite.SQLiteStatement.<init>(SQLiteStatement.java:31)
12-09 08:24:05.777 E/SQLiteDatabase(16107): 	at android.database.sqlite.SQLiteDatabase.insertWithOnConflict(SQLiteDatabase.java:1469)
12-09 08:24:05.777 E/SQLiteDatabase(16107): 	at android.database.sqlite.SQLiteDatabase.insert(SQLiteDatabase.java:1341)
12-09 08:24:05.777 E/SQLiteDatabase(16107): 	at com.evancharlton.mileage.provider.tables.CacheTable.insert(CacheTable.java:63)
12-09 08:24:05.777 E/SQLiteDatabase(16107): 	at com.evancharlton.mileage.provider.FillUpsProvider.insert(FillUpsProvider.java:197)
12-09 08:24:05.777 E/SQLiteDatabase(16107): 	at android.content.ContentProvider.bulkInsert(ContentProvider.java:1141)
12-09 08:24:05.777 E/SQLiteDatabase(16107): 	at android.content.ContentProvider$Transport.bulkInsert(ContentProvider.java:278)
12-09 08:24:05.777 E/SQLiteDatabase(16107): 	at android.content.ContentResolver.bulkInsert(ContentResolver.java:1295)
12-09 08:24:05.777 E/SQLiteDatabase(16107): 	at com.evancharlton.mileage.adapters.VehicleStatisticsAdapter$1.run(VehicleStatisticsAdapter.java:108)
12-09 08:24:05.778 E/SQLiteLog(16107): (1) near "null": syntax error
12-09 08:24:05.778 E/SQLiteDatabase(16107): Error inserting null=true value=$2700.00 / mi key=min_cost_per_mi item=1
12-09 08:24:05.778 E/SQLiteDatabase(16107): android.database.sqlite.SQLiteException: near "null": syntax error (code 1): , while compiling: INSERT INTO cache(null,value,key,item) VALUES (?,?,?,?)
12-09 08:24:05.778 E/SQLiteDatabase(16107): 	at android.database.sqlite.SQLiteConnection.nativePrepareStatement(Native Method)
12-09 08:24:05.778 E/SQLiteDatabase(16107): 	at android.database.sqlite.SQLiteConnection.acquirePreparedStatement(SQLiteConnection.java:887)
12-09 08:24:05.778 E/SQLiteDatabase(16107): 	at android.database.sqlite.SQLiteConnection.prepare(SQLiteConnection.java:498)
12-09 08:24:05.778 E/SQLiteDatabase(16107): 	at android.database.sqlite.SQLiteSession.prepare(SQLiteSession.java:588)
12-09 08:24:05.778 E/SQLiteDatabase(16107): 	at android.database.sqlite.SQLiteProgram.<init>(SQLiteProgram.java:58)
12-09 08:24:05.778 E/SQLiteDatabase(16107): 	at android.database.sqlite.SQLiteStatement.<init>(SQLiteStatement.java:31)
12-09 08:24:05.778 E/SQLiteDatabase(16107): 	at android.database.sqlite.SQLiteDatabase.insertWithOnConflict(SQLiteDatabase.java:1469)
12-09 08:24:05.778 E/SQLiteDatabase(16107): 	at android.database.sqlite.SQLiteDatabase.insert(SQLiteDatabase.java:1341)
12-09 08:24:05.778 E/SQLiteDatabase(16107): 	at com.evancharlton.mileage.provider.tables.CacheTable.insert(CacheTable.java:63)
12-09 08:24:05.778 E/SQLiteDatabase(16107): 	at com.evancharlton.mileage.provider.FillUpsProvider.insert(FillUpsProvider.java:197)
12-09 08:24:05.778 E/SQLiteDatabase(16107): 	at android.content.ContentProvider.bulkInsert(ContentProvider.java:1141)
12-09 08:24:05.778 E/SQLiteDatabase(16107): 	at android.content.ContentProvider$Transport.bulkInsert(ContentProvider.java:278)
12-09 08:24:05.778 E/SQLiteDatabase(16107): 	at android.content.ContentResolver.bulkInsert(ContentResolver.java:1295)
12-09 08:24:05.778 E/SQLiteDatabase(16107): 	at com.evancharlton.mileage.adapters.VehicleStatisticsAdapter$1.run(VehicleStatisticsAdapter.java:108)
12-09 08:24:05.778 E/SQLiteLog(16107): (1) near "null": syntax error
12-09 08:24:05.778 E/SQLiteDatabase(16107): Error inserting null=true value=$2700.00 / mi key=max_cost_per_mi item=1
12-09 08:24:05.778 E/SQLiteDatabase(16107): android.database.sqlite.SQLiteException: near "null": syntax error (code 1): , while compiling: INSERT INTO cache(null,value,key,item) VALUES (?,?,?,?)
12-09 08:24:05.778 E/SQLiteDatabase(16107): 	at android.database.sqlite.SQLiteConnection.nativePrepareStatement(Native Method)
12-09 08:24:05.778 E/SQLiteDatabase(16107): 	at android.database.sqlite.SQLiteConnection.acquirePreparedStatement(SQLiteConnection.java:887)
12-09 08:24:05.778 E/SQLiteDatabase(16107): 	at android.database.sqlite.SQLiteConnection.prepare(SQLiteConnection.java:498)
12-09 08:24:05.778 E/SQLiteDatabase(16107): 	at android.database.sqlite.SQLiteSession.prepare(SQLiteSession.java:588)
12-09 08:24:05.778 E/SQLiteDatabase(16107): 	at android.database.sqlite.SQLiteProgram.<init>(SQLiteProgram.java:58)
12-09 08:24:05.778 E/SQLiteDatabase(16107): 	at android.database.sqlite.SQLiteStatement.<init>(SQLiteStatement.java:31)
12-09 08:24:05.778 E/SQLiteDatabase(16107): 	at android.database.sqlite.SQLiteDatabase.insertWithOnConflict(SQLiteDatabase.java:1469)
12-09 08:24:05.778 E/SQLiteDatabase(16107): 	at android.database.sqlite.SQLiteDatabase.insert(SQLiteDatabase.java:1341)
12-09 08:24:05.778 E/SQLiteDatabase(16107): 	at com.evancharlton.mileage.provider.tables.CacheTable.insert(CacheTable.java:63)
12-09 08:24:05.778 E/SQLiteDatabase(16107): 	at com.evancharlton.mileage.provider.FillUpsProvider.insert(FillUpsProvider.java:197)
12-09 08:24:05.778 E/SQLiteDatabase(16107): 	at android.content.ContentProvider.bulkInsert(ContentProvider.java:1141)
12-09 08:24:05.778 E/SQLiteDatabase(16107): 	at android.content.ContentProvider$Transport.bulkInsert(ContentProvider.java:278)
12-09 08:24:05.778 E/SQLiteDatabase(16107): 	at android.content.ContentResolver.bulkInsert(ContentResolver.java:1295)
12-09 08:24:05.778 E/SQLiteDatabase(16107): 	at com.evancharlton.mileage.adapters.VehicleStatisticsAdapter$1.run(VehicleStatisticsAdapter.java:108)
12-09 08:24:05.778 E/SQLiteLog(16107): (1) near "null": syntax error
12-09 08:24:05.778 E/SQLiteDatabase(16107): Error inserting null=true value=$38.50 key=avg_price item=1
12-09 08:24:05.778 E/SQLiteDatabase(16107): android.database.sqlite.SQLiteException: near "null": syntax error (code 1): , while compiling: INSERT INTO cache(null,value,key,item) VALUES (?,?,?,?)
12-09 08:24:05.778 E/SQLiteDatabase(16107): 	at android.database.sqlite.SQLiteConnection.nativePrepareStatement(Native Method)
12-09 08:24:05.778 E/SQLiteDatabase(16107): 	at android.database.sqlite.SQLiteConnection.acquirePreparedStatement(SQLiteConnection.java:887)
12-09 08:24:05.778 E/SQLiteDatabase(16107): 	at android.database.sqlite.SQLiteConnection.prepare(SQLiteConnection.java:498)
12-09 08:24:05.778 E/SQLiteDatabase(16107): 	at android.database.sqlite.SQLiteSession.prepare(SQLiteSession.java:588)
12-09 08:24:05.778 E/SQLiteDatabase(16107): 	at android.database.sqlite.SQLiteProgram.<init>(SQLiteProgram.java:58)
12-09 08:24:05.778 E/SQLiteDatabase(16107): 	at android.database.sqlite.SQLiteStatement.<init>(SQLiteStatement.java:31)
12-09 08:24:05.778 E/SQLiteDatabase(16107): 	at android.database.sqlite.SQLiteDatabase.insertWithOnConflict(SQLiteDatabase.java:1469)
12-09 08:24:05.778 E/SQLiteDatabase(16107): 	at android.database.sqlite.SQLiteDatabase.insert(SQLiteDatabase.java:1341)
12-09 08:24:05.778 E/SQLiteDatabase(16107): 	at com.evancharlton.mileage.provider.tables.CacheTable.insert(CacheTable.java:63)
12-09 08:24:05.778 E/SQLiteDatabase(16107): 	at com.evancharlton.mileage.provider.FillUpsProvider.insert(FillUpsProvider.java:197)
12-09 08:24:05.778 E/SQLiteDatabase(16107): 	at android.content.ContentProvider.bulkInsert(ContentProvider.java:1141)
12-09 08:24:05.778 E/SQLiteDatabase(16107): 	at android.content.ContentProvider$Transport.bulkInsert(ContentProvider.java:278)
12-09 08:24:05.778 E/SQLiteDatabase(16107): 	at android.content.ContentResolver.bulkInsert(ContentResolver.java:1295)
12-09 08:24:05.778 E/SQLiteDatabase(16107): 	at com.evancharlton.mileage.adapters.VehicleStatisticsAdapter$1.run(VehicleStatisticsAdapter.java:108)
12-09 08:24:05.778 E/SQLiteLog(16107): (1) near "null": syntax error
12-09 08:24:05.779 E/SQLiteDatabase(16107): Error inserting null=true value=$23.00 key=min_price item=1
12-09 08:24:05.779 E/SQLiteDatabase(16107): android.database.sqlite.SQLiteException: near "null": syntax error (code 1): , while compiling: INSERT INTO cache(null,value,key,item) VALUES (?,?,?,?)
12-09 08:24:05.779 E/SQLiteDatabase(16107): 	at android.database.sqlite.SQLiteConnection.nativePrepareStatement(Native Method)
12-09 08:24:05.779 E/SQLiteDatabase(16107): 	at android.database.sqlite.SQLiteConnection.acquirePreparedStatement(SQLiteConnection.java:887)
12-09 08:24:05.779 E/SQLiteDatabase(16107): 	at android.database.sqlite.SQLiteConnection.prepare(SQLiteConnection.java:498)
12-09 08:24:05.779 E/SQLiteDatabase(16107): 	at android.database.sqlite.SQLiteSession.prepare(SQLiteSession.java:588)
12-09 08:24:05.779 E/SQLiteDatabase(16107): 	at android.database.sqlite.SQLiteProgram.<init>(SQLiteProgram.java:58)
12-09 08:24:05.779 E/SQLiteDatabase(16107): 	at android.database.sqlite.SQLiteStatement.<init>(SQLiteStatement.java:31)
12-09 08:24:05.779 E/SQLiteDatabase(16107): 	at android.database.sqlite.SQLiteDatabase.insertWithOnConflict(SQLiteDatabase.java:1469)
12-09 08:24:05.779 E/SQLiteDatabase(16107): 	at android.database.sqlite.SQLiteDatabase.insert(SQLiteDatabase.java:1341)
12-09 08:24:05.779 E/SQLiteDatabase(16107): 	at com.evancharlton.mileage.provider.tables.CacheTable.insert(CacheTable.java:63)
12-09 08:24:05.779 E/SQLiteDatabase(16107): 	at com.evancharlton.mileage.provider.FillUpsProvider.insert(FillUpsProvider.java:197)
12-09 08:24:05.779 E/SQLiteDatabase(16107): 	at android.content.ContentProvider.bulkInsert(ContentProvider.java:1141)
12-09 08:24:05.779 E/SQLiteDatabase(16107): 	at android.content.ContentProvider$Transport.bulkInsert(ContentProvider.java:278)
12-09 08:24:05.779 E/SQLiteDatabase(16107): 	at android.content.ContentResolver.bulkInsert(ContentResolver.java:1295)
12-09 08:24:05.779 E/SQLiteDatabase(16107): 	at com.evancharlton.mileage.adapters.VehicleStatisticsAdapter$1.run(VehicleStatisticsAdapter.java:108)
12-09 08:24:05.779 E/SQLiteLog(16107): (1) near "null": syntax error
12-09 08:24:05.779 E/SQLiteDatabase(16107): Error inserting null=true value=$54.00 key=max_price item=1
12-09 08:24:05.779 E/SQLiteDatabase(16107): android.database.sqlite.SQLiteException: near "null": syntax error (code 1): , while compiling: INSERT INTO cache(null,value,key,item) VALUES (?,?,?,?)
12-09 08:24:05.779 E/SQLiteDatabase(16107): 	at android.database.sqlite.SQLiteConnection.nativePrepareStatement(Native Method)
12-09 08:24:05.779 E/SQLiteDatabase(16107): 	at android.database.sqlite.SQLiteConnection.acquirePreparedStatement(SQLiteConnection.java:887)
12-09 08:24:05.779 E/SQLiteDatabase(16107): 	at android.database.sqlite.SQLiteConnection.prepare(SQLiteConnection.java:498)
12-09 08:24:05.779 E/SQLiteDatabase(16107): 	at android.database.sqlite.SQLiteSession.prepare(SQLiteSession.java:588)
12-09 08:24:05.779 E/SQLiteDatabase(16107): 	at android.database.sqlite.SQLiteProgram.<init>(SQLiteProgram.java:58)
12-09 08:24:05.779 E/SQLiteDatabase(16107): 	at android.database.sqlite.SQLiteStatement.<init>(SQLiteStatement.java:31)
12-09 08:24:05.779 E/SQLiteDatabase(16107): 	at android.database.sqlite.SQLiteDatabase.insertWithOnConflict(SQLiteDatabase.java:1469)
12-09 08:24:05.779 E/SQLiteDatabase(16107): 	at android.database.sqlite.SQLiteDatabase.insert(SQLiteDatabase.java:1341)
12-09 08:24:05.779 E/SQLiteDatabase(16107): 	at com.evancharlton.mileage.provider.tables.CacheTable.insert(CacheTable.java:63)
12-09 08:24:05.779 E/SQLiteDatabase(16107): 	at com.evancharlton.mileage.provider.FillUpsProvider.insert(FillUpsProvider.java:197)
12-09 08:24:05.779 E/SQLiteDatabase(16107): 	at android.content.ContentProvider.bulkInsert(ContentProvider.java:1141)
12-09 08:24:05.779 E/SQLiteDatabase(16107): 	at android.content.ContentProvider$Transport.bulkInsert(ContentProvider.java:278)
12-09 08:24:05.779 E/SQLiteDatabase(16107): 	at android.content.ContentResolver.bulkInsert(ContentResolver.java:1295)
12-09 08:24:05.779 E/SQLiteDatabase(16107): 	at com.evancharlton.mileage.adapters.VehicleStatisticsAdapter$1.run(VehicleStatisticsAdapter.java:108)
12-09 08:24:05.779 E/SQLiteLog(16107): (1) near "null": syntax error
12-09 08:24:05.779 E/SQLiteDatabase(16107): Error inserting null=true value=49.00 Gallons key=min_fuel item=1
12-09 08:24:05.779 E/SQLiteDatabase(16107): android.database.sqlite.SQLiteException: near "null": syntax error (code 1): , while compiling: INSERT INTO cache(null,value,key,item) VALUES (?,?,?,?)
12-09 08:24:05.779 E/SQLiteDatabase(16107): 	at android.database.sqlite.SQLiteConnection.nativePrepareStatement(Native Method)
12-09 08:24:05.779 E/SQLiteDatabase(16107): 	at android.database.sqlite.SQLiteConnection.acquirePreparedStatement(SQLiteConnection.java:887)
12-09 08:24:05.779 E/SQLiteDatabase(16107): 	at android.database.sqlite.SQLiteConnection.prepare(SQLiteConnection.java:498)
12-09 08:24:05.779 E/SQLiteDatabase(16107): 	at android.database.sqlite.SQLiteSession.prepare(SQLiteSession.java:588)
12-09 08:24:05.779 E/SQLiteDatabase(16107): 	at android.database.sqlite.SQLiteProgram.<init>(SQLiteProgram.java:58)
12-09 08:24:05.779 E/SQLiteDatabase(16107): 	at android.database.sqlite.SQLiteStatement.<init>(SQLiteStatement.java:31)
12-09 08:24:05.779 E/SQLiteDatabase(16107): 	at android.database.sqlite.SQLiteDatabase.insertWithOnConflict(SQLiteDatabase.java:1469)
12-09 08:24:05.779 E/SQLiteDatabase(16107): 	at android.database.sqlite.SQLiteDatabase.insert(SQLiteDatabase.java:1341)
12-09 08:24:05.779 E/SQLiteDatabase(16107): 	at com.evancharlton.mileage.provider.tables.CacheTable.insert(CacheTable.java:63)
12-09 08:24:05.779 E/SQLiteDatabase(16107): 	at com.evancharlton.mileage.provider.FillUpsProvider.insert(FillUpsProvider.java:197)
12-09 08:24:05.779 E/SQLiteDatabase(16107): 	at android.content.ContentProvider.bulkInsert(ContentProvider.java:1141)
12-09 08:24:05.779 E/SQLiteDatabase(16107): 	at android.content.ContentProvider$Transport.bulkInsert(ContentProvider.java:278)
12-09 08:24:05.779 E/SQLiteDatabase(16107): 	at android.content.ContentResolver.bulkInsert(ContentResolver.java:1295)
12-09 08:24:05.779 E/SQLiteDatabase(16107): 	at com.evancharlton.mileage.adapters.VehicleStatisticsAdapter$1.run(VehicleStatisticsAdapter.java:108)
12-09 08:24:05.779 E/SQLiteLog(16107): (1) near "null": syntax error
12-09 08:24:05.780 E/SQLiteDatabase(16107): Error inserting null=true value=100.00 Gallons key=max_fuel item=1
12-09 08:24:05.780 E/SQLiteDatabase(16107): android.database.sqlite.SQLiteException: near "null": syntax error (code 1): , while compiling: INSERT INTO cache(null,value,key,item) VALUES (?,?,?,?)
12-09 08:24:05.780 E/SQLiteDatabase(16107): 	at android.database.sqlite.SQLiteConnection.nativePrepareStatement(Native Method)
12-09 08:24:05.780 E/SQLiteDatabase(16107): 	at android.database.sqlite.SQLiteConnection.acquirePreparedStatement(SQLiteConnection.java:887)
12-09 08:24:05.780 E/SQLiteDatabase(16107): 	at android.database.sqlite.SQLiteConnection.prepare(SQLiteConnection.java:498)
12-09 08:24:05.780 E/SQLiteDatabase(16107): 	at android.database.sqlite.SQLiteSession.prepare(SQLiteSession.java:588)
12-09 08:24:05.780 E/SQLiteDatabase(16107): 	at android.database.sqlite.SQLiteProgram.<init>(SQLiteProgram.java:58)
12-09 08:24:05.780 E/SQLiteDatabase(16107): 	at android.database.sqlite.SQLiteStatement.<init>(SQLiteStatement.java:31)
12-09 08:24:05.780 E/SQLiteDatabase(16107): 	at android.database.sqlite.SQLiteDatabase.insertWithOnConflict(SQLiteDatabase.java:1469)
12-09 08:24:05.780 E/SQLiteDatabase(16107): 	at android.database.sqlite.SQLiteDatabase.insert(SQLiteDatabase.java:1341)
12-09 08:24:05.780 E/SQLiteDatabase(16107): 	at com.evancharlton.mileage.provider.tables.CacheTable.insert(CacheTable.java:63)
12-09 08:24:05.780 E/SQLiteDatabase(16107): 	at com.evancharlton.mileage.provider.FillUpsProvider.insert(FillUpsProvider.java:197)
12-09 08:24:05.780 E/SQLiteDatabase(16107): 	at android.content.ContentProvider.bulkInsert(ContentProvider.java:1141)
12-09 08:24:05.780 E/SQLiteDatabase(16107): 	at android.content.ContentProvider$Transport.bulkInsert(ContentProvider.java:278)
12-09 08:24:05.780 E/SQLiteDatabase(16107): 	at android.content.ContentResolver.bulkInsert(ContentResolver.java:1295)
12-09 08:24:05.780 E/SQLiteDatabase(16107): 	at com.evancharlton.mileage.adapters.VehicleStatisticsAdapter$1.run(VehicleStatisticsAdapter.java:108)
12-09 08:24:05.780 E/SQLiteLog(16107): (1) near "null": syntax error
12-09 08:24:05.780 E/SQLiteDatabase(16107): Error inserting null=true value=74.50 Gallons key=avg_fuel item=1
12-09 08:24:05.780 E/SQLiteDatabase(16107): android.database.sqlite.SQLiteException: near "null": syntax error (code 1): , while compiling: INSERT INTO cache(null,value,key,item) VALUES (?,?,?,?)
12-09 08:24:05.780 E/SQLiteDatabase(16107): 	at android.database.sqlite.SQLiteConnection.nativePrepareStatement(Native Method)
12-09 08:24:05.780 E/SQLiteDatabase(16107): 	at android.database.sqlite.SQLiteConnection.acquirePreparedStatement(SQLiteConnection.java:887)
12-09 08:24:05.780 E/SQLiteDatabase(16107): 	at android.database.sqlite.SQLiteConnection.prepare(SQLiteConnection.java:498)
12-09 08:24:05.780 E/SQLiteDatabase(16107): 	at android.database.sqlite.SQLiteSession.prepare(SQLiteSession.java:588)
12-09 08:24:05.780 E/SQLiteDatabase(16107): 	at android.database.sqlite.SQLiteProgram.<init>(SQLiteProgram.java:58)
12-09 08:24:05.780 E/SQLiteDatabase(16107): 	at android.database.sqlite.SQLiteStatement.<init>(SQLiteStatement.java:31)
12-09 08:24:05.780 E/SQLiteDatabase(16107): 	at android.database.sqlite.SQLiteDatabase.insertWithOnConflict(SQLiteDatabase.java:1469)
12-09 08:24:05.780 E/SQLiteDatabase(16107): 	at android.database.sqlite.SQLiteDatabase.insert(SQLiteDatabase.java:1341)
12-09 08:24:05.780 E/SQLiteDatabase(16107): 	at com.evancharlton.mileage.provider.tables.CacheTable.insert(CacheTable.java:63)
12-09 08:24:05.780 E/SQLiteDatabase(16107): 	at com.evancharlton.mileage.provider.FillUpsProvider.insert(FillUpsProvider.java:197)
12-09 08:24:05.780 E/SQLiteDatabase(16107): 	at android.content.ContentProvider.bulkInsert(ContentProvider.java:1141)
12-09 08:24:05.780 E/SQLiteDatabase(16107): 	at android.content.ContentProvider$Transport.bulkInsert(ContentProvider.java:278)
12-09 08:24:05.780 E/SQLiteDatabase(16107): 	at android.content.ContentResolver.bulkInsert(ContentResolver.java:1295)
12-09 08:24:05.780 E/SQLiteDatabase(16107): 	at com.evancharlton.mileage.adapters.VehicleStatisticsAdapter$1.run(VehicleStatisticsAdapter.java:108)
12-09 08:24:05.780 E/SQLiteLog(16107): (1) near "null": syntax error
12-09 08:24:05.780 E/SQLiteDatabase(16107): Error inserting null=true value=149.00 Gallons key=total_fuel item=1
12-09 08:24:05.780 E/SQLiteDatabase(16107): android.database.sqlite.SQLiteException: near "null": syntax error (code 1): , while compiling: INSERT INTO cache(null,value,key,item) VALUES (?,?,?,?)
12-09 08:24:05.780 E/SQLiteDatabase(16107): 	at android.database.sqlite.SQLiteConnection.nativePrepareStatement(Native Method)
12-09 08:24:05.780 E/SQLiteDatabase(16107): 	at android.database.sqlite.SQLiteConnection.acquirePreparedStatement(SQLiteConnection.java:887)
12-09 08:24:05.780 E/SQLiteDatabase(16107): 	at android.database.sqlite.SQLiteConnection.prepare(SQLiteConnection.java:498)
12-09 08:24:05.780 E/SQLiteDatabase(16107): 	at android.database.sqlite.SQLiteSession.prepare(SQLiteSession.java:588)
12-09 08:24:05.780 E/SQLiteDatabase(16107): 	at android.database.sqlite.SQLiteProgram.<init>(SQLiteProgram.java:58)
12-09 08:24:05.780 E/SQLiteDatabase(16107): 	at android.database.sqlite.SQLiteStatement.<init>(SQLiteStatement.java:31)
12-09 08:24:05.780 E/SQLiteDatabase(16107): 	at android.database.sqlite.SQLiteDatabase.insertWithOnConflict(SQLiteDatabase.java:1469)
12-09 08:24:05.780 E/SQLiteDatabase(16107): 	at android.database.sqlite.SQLiteDatabase.insert(SQLiteDatabase.java:1341)
12-09 08:24:05.780 E/SQLiteDatabase(16107): 	at com.evancharlton.mileage.provider.tables.CacheTable.insert(CacheTable.java:63)
12-09 08:24:05.780 E/SQLiteDatabase(16107): 	at com.evancharlton.mileage.provider.FillUpsProvider.insert(FillUpsProvider.java:197)
12-09 08:24:05.780 E/SQLiteDatabase(16107): 	at android.content.ContentProvider.bulkInsert(ContentProvider.java:1141)
12-09 08:24:05.780 E/SQLiteDatabase(16107): 	at android.content.ContentProvider$Transport.bulkInsert(ContentProvider.java:278)
12-09 08:24:05.780 E/SQLiteDatabase(16107): 	at android.content.ContentResolver.bulkInsert(ContentResolver.java:1295)
12-09 08:24:05.780 E/SQLiteDatabase(16107): 	at com.evancharlton.mileage.adapters.VehicleStatisticsAdapter$1.run(VehicleStatisticsAdapter.java:108)
12-09 08:24:05.780 E/SQLiteLog(16107): (1) near "null": syntax error
12-09 08:24:05.795 E/SQLiteDatabase(16107): Error inserting null=true value=54385.00 Gallons / yr key=fuel_per_year item=1
12-09 08:24:05.795 E/SQLiteDatabase(16107): android.database.sqlite.SQLiteException: near "null": syntax error (code 1): , while compiling: INSERT INTO cache(null,value,key,item) VALUES (?,?,?,?)
12-09 08:24:05.795 E/SQLiteDatabase(16107): 	at android.database.sqlite.SQLiteConnection.nativePrepareStatement(Native Method)
12-09 08:24:05.795 E/SQLiteDatabase(16107): 	at android.database.sqlite.SQLiteConnection.acquirePreparedStatement(SQLiteConnection.java:887)
12-09 08:24:05.795 E/SQLiteDatabase(16107): 	at android.database.sqlite.SQLiteConnection.prepare(SQLiteConnection.java:498)
12-09 08:24:05.795 E/SQLiteDatabase(16107): 	at android.database.sqlite.SQLiteSession.prepare(SQLiteSession.java:588)
12-09 08:24:05.795 E/SQLiteDatabase(16107): 	at android.database.sqlite.SQLiteProgram.<init>(SQLiteProgram.java:58)
12-09 08:24:05.795 E/SQLiteDatabase(16107): 	at android.database.sqlite.SQLiteStatement.<init>(SQLiteStatement.java:31)
12-09 08:24:05.795 E/SQLiteDatabase(16107): 	at android.database.sqlite.SQLiteDatabase.insertWithOnConflict(SQLiteDatabase.java:1469)
12-09 08:24:05.795 E/SQLiteDatabase(16107): 	at android.database.sqlite.SQLiteDatabase.insert(SQLiteDatabase.java:1341)
12-09 08:24:05.795 E/SQLiteDatabase(16107): 	at com.evancharlton.mileage.provider.tables.CacheTable.insert(CacheTable.java:63)
12-09 08:24:05.795 E/SQLiteDatabase(16107): 	at com.evancharlton.mileage.provider.FillUpsProvider.insert(FillUpsProvider.java:197)
12-09 08:24:05.795 E/SQLiteDatabase(16107): 	at android.content.ContentProvider.bulkInsert(ContentProvider.java:1141)
12-09 08:24:05.795 E/SQLiteDatabase(16107): 	at android.content.ContentProvider$Transport.bulkInsert(ContentProvider.java:278)
12-09 08:24:05.795 E/SQLiteDatabase(16107): 	at android.content.ContentResolver.bulkInsert(ContentResolver.java:1295)
12-09 08:24:05.795 E/SQLiteDatabase(16107): 	at com.evancharlton.mileage.adapters.VehicleStatisticsAdapter$1.run(VehicleStatisticsAdapter.java:108)
12-09 08:24:05.796 E/SQLiteLog(16107): (1) near "null": syntax error
12-09 08:24:05.796 E/SQLiteDatabase(16107): Error inserting null=true value=-10000.00 key=north item=1
12-09 08:24:05.796 E/SQLiteDatabase(16107): android.database.sqlite.SQLiteException: near "null": syntax error (code 1): , while compiling: INSERT INTO cache(null,value,key,item) VALUES (?,?,?,?)
12-09 08:24:05.796 E/SQLiteDatabase(16107): 	at android.database.sqlite.SQLiteConnection.nativePrepareStatement(Native Method)
12-09 08:24:05.796 E/SQLiteDatabase(16107): 	at android.database.sqlite.SQLiteConnection.acquirePreparedStatement(SQLiteConnection.java:887)
12-09 08:24:05.796 E/SQLiteDatabase(16107): 	at android.database.sqlite.SQLiteConnection.prepare(SQLiteConnection.java:498)
12-09 08:24:05.796 E/SQLiteDatabase(16107): 	at android.database.sqlite.SQLiteSession.prepare(SQLiteSession.java:588)
12-09 08:24:05.796 E/SQLiteDatabase(16107): 	at android.database.sqlite.SQLiteProgram.<init>(SQLiteProgram.java:58)
12-09 08:24:05.796 E/SQLiteDatabase(16107): 	at android.database.sqlite.SQLiteStatement.<init>(SQLiteStatement.java:31)
12-09 08:24:05.796 E/SQLiteDatabase(16107): 	at android.database.sqlite.SQLiteDatabase.insertWithOnConflict(SQLiteDatabase.java:1469)
12-09 08:24:05.796 E/SQLiteDatabase(16107): 	at android.database.sqlite.SQLiteDatabase.insert(SQLiteDatabase.java:1341)
12-09 08:24:05.796 E/SQLiteDatabase(16107): 	at com.evancharlton.mileage.provider.tables.CacheTable.insert(CacheTable.java:63)
12-09 08:24:05.796 E/SQLiteDatabase(16107): 	at com.evancharlton.mileage.provider.FillUpsProvider.insert(FillUpsProvider.java:197)
12-09 08:24:05.796 E/SQLiteDatabase(16107): 	at android.content.ContentProvider.bulkInsert(ContentProvider.java:1141)
12-09 08:24:05.796 E/SQLiteDatabase(16107): 	at android.content.ContentProvider$Transport.bulkInsert(ContentProvider.java:278)
12-09 08:24:05.796 E/SQLiteDatabase(16107): 	at android.content.ContentResolver.bulkInsert(ContentResolver.java:1295)
12-09 08:24:05.796 E/SQLiteDatabase(16107): 	at com.evancharlton.mileage.adapters.VehicleStatisticsAdapter$1.run(VehicleStatisticsAdapter.java:108)
12-09 08:24:05.796 E/SQLiteLog(16107): (1) near "null": syntax error
12-09 08:24:05.796 E/SQLiteDatabase(16107): Error inserting null=true value=10000.00 key=south item=1
12-09 08:24:05.796 E/SQLiteDatabase(16107): android.database.sqlite.SQLiteException: near "null": syntax error (code 1): , while compiling: INSERT INTO cache(null,value,key,item) VALUES (?,?,?,?)
12-09 08:24:05.796 E/SQLiteDatabase(16107): 	at android.database.sqlite.SQLiteConnection.nativePrepareStatement(Native Method)
12-09 08:24:05.796 E/SQLiteDatabase(16107): 	at android.database.sqlite.SQLiteConnection.acquirePreparedStatement(SQLiteConnection.java:887)
12-09 08:24:05.796 E/SQLiteDatabase(16107): 	at android.database.sqlite.SQLiteConnection.prepare(SQLiteConnection.java:498)
12-09 08:24:05.796 E/SQLiteDatabase(16107): 	at android.database.sqlite.SQLiteSession.prepare(SQLiteSession.java:588)
12-09 08:24:05.796 E/SQLiteDatabase(16107): 	at android.database.sqlite.SQLiteProgram.<init>(SQLiteProgram.java:58)
12-09 08:24:05.796 E/SQLiteDatabase(16107): 	at android.database.sqlite.SQLiteStatement.<init>(SQLiteStatement.java:31)
12-09 08:24:05.796 E/SQLiteDatabase(16107): 	at android.database.sqlite.SQLiteDatabase.insertWithOnConflict(SQLiteDatabase.java:1469)
12-09 08:24:05.796 E/SQLiteDatabase(16107): 	at android.database.sqlite.SQLiteDatabase.insert(SQLiteDatabase.java:1341)
12-09 08:24:05.796 E/SQLiteDatabase(16107): 	at com.evancharlton.mileage.provider.tables.CacheTable.insert(CacheTable.java:63)
12-09 08:24:05.796 E/SQLiteDatabase(16107): 	at com.evancharlton.mileage.provider.FillUpsProvider.insert(FillUpsProvider.java:197)
12-09 08:24:05.796 E/SQLiteDatabase(16107): 	at android.content.ContentProvider.bulkInsert(ContentProvider.java:1141)
12-09 08:24:05.796 E/SQLiteDatabase(16107): 	at android.content.ContentProvider$Transport.bulkInsert(ContentProvider.java:278)
12-09 08:24:05.796 E/SQLiteDatabase(16107): 	at android.content.ContentResolver.bulkInsert(ContentResolver.java:1295)
12-09 08:24:05.796 E/SQLiteDatabase(16107): 	at com.evancharlton.mileage.adapters.VehicleStatisticsAdapter$1.run(VehicleStatisticsAdapter.java:108)
12-09 08:24:05.796 E/SQLiteLog(16107): (1) near "null": syntax error
12-09 08:24:05.797 E/SQLiteDatabase(16107): Error inserting null=true value=-10000.00 key=east item=1
12-09 08:24:05.797 E/SQLiteDatabase(16107): android.database.sqlite.SQLiteException: near "null": syntax error (code 1): , while compiling: INSERT INTO cache(null,value,key,item) VALUES (?,?,?,?)
12-09 08:24:05.797 E/SQLiteDatabase(16107): 	at android.database.sqlite.SQLiteConnection.nativePrepareStatement(Native Method)
12-09 08:24:05.797 E/SQLiteDatabase(16107): 	at android.database.sqlite.SQLiteConnection.acquirePreparedStatement(SQLiteConnection.java:887)
12-09 08:24:05.797 E/SQLiteDatabase(16107): 	at android.database.sqlite.SQLiteConnection.prepare(SQLiteConnection.java:498)
12-09 08:24:05.797 E/SQLiteDatabase(16107): 	at android.database.sqlite.SQLiteSession.prepare(SQLiteSession.java:588)
12-09 08:24:05.797 E/SQLiteDatabase(16107): 	at android.database.sqlite.SQLiteProgram.<init>(SQLiteProgram.java:58)
12-09 08:24:05.797 E/SQLiteDatabase(16107): 	at android.database.sqlite.SQLiteStatement.<init>(SQLiteStatement.java:31)
12-09 08:24:05.797 E/SQLiteDatabase(16107): 	at android.database.sqlite.SQLiteDatabase.insertWithOnConflict(SQLiteDatabase.java:1469)
12-09 08:24:05.797 E/SQLiteDatabase(16107): 	at android.database.sqlite.SQLiteDatabase.insert(SQLiteDatabase.java:1341)
12-09 08:24:05.797 E/SQLiteDatabase(16107): 	at com.evancharlton.mileage.provider.tables.CacheTable.insert(CacheTable.java:63)
12-09 08:24:05.797 E/SQLiteDatabase(16107): 	at com.evancharlton.mileage.provider.FillUpsProvider.insert(FillUpsProvider.java:197)
12-09 08:24:05.797 E/SQLiteDatabase(16107): 	at android.content.ContentProvider.bulkInsert(ContentProvider.java:1141)
12-09 08:24:05.797 E/SQLiteDatabase(16107): 	at android.content.ContentProvider$Transport.bulkInsert(ContentProvider.java:278)
12-09 08:24:05.797 E/SQLiteDatabase(16107): 	at android.content.ContentResolver.bulkInsert(ContentResolver.java:1295)
12-09 08:24:05.797 E/SQLiteDatabase(16107): 	at com.evancharlton.mileage.adapters.VehicleStatisticsAdapter$1.run(VehicleStatisticsAdapter.java:108)
12-09 08:24:05.797 E/SQLiteLog(16107): (1) near "null": syntax error
12-09 08:24:05.797 E/SQLiteDatabase(16107): Error inserting null=true value=10000.00 key=west item=1
12-09 08:24:05.797 E/SQLiteDatabase(16107): android.database.sqlite.SQLiteException: near "null": syntax error (code 1): , while compiling: INSERT INTO cache(null,value,key,item) VALUES (?,?,?,?)
12-09 08:24:05.797 E/SQLiteDatabase(16107): 	at android.database.sqlite.SQLiteConnection.nativePrepareStatement(Native Method)
12-09 08:24:05.797 E/SQLiteDatabase(16107): 	at android.database.sqlite.SQLiteConnection.acquirePreparedStatement(SQLiteConnection.java:887)
12-09 08:24:05.797 E/SQLiteDatabase(16107): 	at android.database.sqlite.SQLiteConnection.prepare(SQLiteConnection.java:498)
12-09 08:24:05.797 E/SQLiteDatabase(16107): 	at android.database.sqlite.SQLiteSession.prepare(SQLiteSession.java:588)
12-09 08:24:05.797 E/SQLiteDatabase(16107): 	at android.database.sqlite.SQLiteProgram.<init>(SQLiteProgram.java:58)
12-09 08:24:05.797 E/SQLiteDatabase(16107): 	at android.database.sqlite.SQLiteStatement.<init>(SQLiteStatement.java:31)
12-09 08:24:05.797 E/SQLiteDatabase(16107): 	at android.database.sqlite.SQLiteDatabase.insertWithOnConflict(SQLiteDatabase.java:1469)
12-09 08:24:05.797 E/SQLiteDatabase(16107): 	at android.database.sqlite.SQLiteDatabase.insert(SQLiteDatabase.java:1341)
12-09 08:24:05.797 E/SQLiteDatabase(16107): 	at com.evancharlton.mileage.provider.tables.CacheTable.insert(CacheTable.java:63)
12-09 08:24:05.797 E/SQLiteDatabase(16107): 	at com.evancharlton.mileage.provider.FillUpsProvider.insert(FillUpsProvider.java:197)
12-09 08:24:05.797 E/SQLiteDatabase(16107): 	at android.content.ContentProvider.bulkInsert(ContentProvider.java:1141)
12-09 08:24:05.797 E/SQLiteDatabase(16107): 	at android.content.ContentProvider$Transport.bulkInsert(ContentProvider.java:278)
12-09 08:24:05.797 E/SQLiteDatabase(16107): 	at android.content.ContentResolver.bulkInsert(ContentResolver.java:1295)
12-09 08:24:05.797 E/SQLiteDatabase(16107): 	at com.evancharlton.mileage.adapters.VehicleStatisticsAdapter$1.run(VehicleStatisticsAdapter.java:108)
12-09 08:24:05.797 D/VehicleStatisticsAdapter(16107): Caching of 29 records complete! (0.03 seconds)
12-09 08:24:05.809 E/SurfaceFlinger( 1218): ro.sf.lcd_density must be defined as a build property
12-09 08:24:05.809 D/gralloc_ranchu( 1218): gralloc_alloc: Creating ashmem region of size 3686400
12-09 08:24:05.896 D/        (16256): HostConnection::get() New Host Connection established 0x7fabb5652480, tid 16256
12-09 08:24:05.911 D/Mileage.ABS(16107): Not backing up; 303
12-09 08:24:06.024 W/audio_hw_generic( 1307): Not supplying enough data to HAL, expected position 37612840 , only wrote 37611561
12-09 08:24:06.024 W/audio_hw_generic( 1307): Not supplying enough data to HAL, expected position 37611567 , only wrote 37611561
12-09 08:24:06.029 D/Mileage.ABS(16107): Not backing up; 421
12-09 08:24:06.048 W/audio_hw_generic( 1307): Not supplying enough data to HAL, expected position 37612606 , only wrote 37612222
12-09 08:24:06.117 E/EGL_emulation( 1218): tid 1218: eglCreateSyncKHR(1881): error 0x3004 (EGL_BAD_ATTRIBUTE)
12-09 08:24:06.244 W/audio_hw_generic( 1307): Not supplying enough data to HAL, expected position 37620866 , only wrote 37620815
12-09 08:24:06.274 W/audio_hw_generic( 1307): Not supplying enough data to HAL, expected position 37622146 , only wrote 37622137
12-09 08:24:06.274 W/audio_hw_generic( 1307): Hardware backing HAL too slow, could only write 0 of 661 frames
12-09 08:24:06.294 W/audio_hw_generic( 1307): Hardware backing HAL too slow, could only write 0 of 661 frames
12-09 08:24:06.320 W/audio_hw_generic( 1307): Hardware backing HAL too slow, could only write 0 of 661 frames
12-09 08:24:06.325 W/audio_hw_generic( 1307): Hardware backing HAL too slow, could only write 0 of 661 frames
12-09 08:24:06.359 W/audio_hw_generic( 1307): Hardware backing HAL too slow, could only write 0 of 661 frames
12-09 08:24:06.377 W/audio_hw_generic( 1307): Hardware backing HAL too slow, could only write 0 of 661 frames
12-09 08:24:06.803 W/audio_hw_generic( 1307): Not supplying enough data to HAL, expected position 37645474 , only wrote 37645272
12-09 08:24:06.803 W/audio_hw_generic( 1307): Not supplying enough data to HAL, expected position 37645278 , only wrote 37645272
12-09 08:24:06.821 W/audio_hw_generic( 1307): Not supplying enough data to HAL, expected position 37646060 , only wrote 37645933
12-09 08:24:06.863 W/audio_hw_generic( 1307): Not supplying enough data to HAL, expected position 37647784 , only wrote 37646594
12-09 08:24:06.863 W/audio_hw_generic( 1307): Not supplying enough data to HAL, expected position 37646601 , only wrote 37646594
12-09 08:24:06.891 W/audio_hw_generic( 1307): Not supplying enough data to HAL, expected position 37647795 , only wrote 37647255
12-09 08:24:06.935 W/audio_hw_generic( 1307): Hardware backing HAL too slow, could only write 0 of 661 frames
12-09 08:24:06.938 W/audio_hw_generic( 1307): Hardware backing HAL too slow, could only write 0 of 661 frames
12-09 08:24:06.988 W/audio_hw_generic( 1307): Hardware backing HAL too slow, could only write 0 of 661 frames
12-09 08:24:07.035 I/System.out(16107): URI: //map
12-09 08:24:07.035 I/System.out(16107): params: {json={"query":"* {text CONTAINS[c] 'Average fuel economy'}","operation":{"method_name":"query","arguments":[]}}
12-09 08:24:07.035 I/System.out(16107): }
12-09 08:24:07.119 W/audio_hw_generic( 1307): Hardware backing HAL too slow, could only write 0 of 661 frames
12-09 08:24:07.128 W/audio_hw_generic( 1307): Hardware backing HAL too slow, could only write 0 of 661 frames
12-09 08:24:07.148 W/audio_hw_generic( 1307): Hardware backing HAL too slow, could only write 0 of 661 frames
12-09 08:24:07.171 W/audio_hw_generic( 1307): Hardware backing HAL too slow, could only write 0 of 661 frames
12-09 08:24:07.190 W/audio_hw_generic( 1307): Hardware backing HAL too slow, could only write 0 of 661 frames
12-09 08:24:07.319 W/audio_hw_generic( 1307): Not supplying enough data to HAL, expected position 37666152 , only wrote 37665763
12-09 08:24:07.416 I/System.out(16107): URI: //gesture
12-09 08:24:07.416 I/System.out(16107): params: {json={"query_timeout":5.0,"gestures":[{"query_string":"* {text CONTAINS[c] 'Average fuel economy'}","touches":[{"x":50,"y":50,"offset_x":0,"offset_y":0,"wait":0.0,"time":0.2,"release":true,"query_string":null}]}]}
12-09 08:24:07.416 I/System.out(16107): }
12-09 08:24:07.471 W/audio_hw_generic( 1307): Not supplying enough data to HAL, expected position 37672461 , only wrote 37672373
12-09 08:24:07.471 W/audio_hw_generic( 1307): Not supplying enough data to HAL, expected position 37672379 , only wrote 37672373
12-09 08:24:07.627 W/audio_hw_generic( 1307): Not supplying enough data to HAL, expected position 37679252 , only wrote 37678983
12-09 08:24:07.767 W/audio_hw_generic( 1307): Not supplying enough data to HAL, expected position 37685129 , only wrote 37684932
12-09 08:24:07.767 W/audio_hw_generic( 1307): Not supplying enough data to HAL, expected position 37684938 , only wrote 37684932
12-09 08:24:07.787 W/audio_hw_generic( 1307): Not supplying enough data to HAL, expected position 37685822 , only wrote 37685593
12-09 08:24:07.787 W/audio_hw_generic( 1307): Hardware backing HAL too slow, could only write 0 of 661 frames
12-09 08:24:07.803 W/audio_hw_generic( 1307): Hardware backing HAL too slow, could only write 0 of 661 frames
12-09 08:24:07.818 W/audio_hw_generic( 1307): Hardware backing HAL too slow, could only write 0 of 661 frames
12-09 08:24:07.907 W/audio_hw_generic( 1307): Not supplying enough data to HAL, expected position 37690890 , only wrote 37690881
12-09 08:24:07.928 W/audio_hw_generic( 1307): Hardware backing HAL too slow, could only write 0 of 661 frames
12-09 08:24:07.935 I/ActivityManager( 1591): START u0 {cmp=com.evancharlton.mileage/.charts.AverageFuelEconomyChart (has extras)} from uid 10135 on display 0
12-09 08:24:07.946 W/audio_hw_generic( 1307): Hardware backing HAL too slow, could only write 0 of 661 frames
12-09 08:24:07.999 W/audio_hw_generic( 1307): Not supplying enough data to HAL, expected position 37694956 , only wrote 37694186
12-09 08:24:08.000 W/audio_hw_generic( 1307): Hardware backing HAL too slow, could only write 0 of 661 frames
12-09 08:24:08.030 D/AudioFlinger( 1307): mixer(0xf4380000) throttle end: throttle time(14)
12-09 08:24:08.149 I/art     (16107): Background sticky concurrent mark sweep GC freed 46829(2MB) AllocSpace objects, 1(20KB) LOS objects, 39% free, 3MB/5MB, paused 39.639ms total 132.997ms
12-09 08:24:08.157 I/calabash(16107): newActivity1
12-09 08:24:08.231 W/aiCharts(16107): License file is invalid or missing. 
12-09 08:24:08.231 W/aiCharts(16107): Please place proper license.lic to /assets folder.
12-09 08:24:08.326 V/PhoneStatusBar( 1689): setLightsOn(true)
12-09 08:24:08.584 W/audio_hw_generic( 1307): Hardware backing HAL too slow, could only write 0 of 661 frames
12-09 08:24:08.598 W/audio_hw_generic( 1307): Hardware backing HAL too slow, could only write 0 of 661 frames
12-09 08:24:08.638 W/audio_hw_generic( 1307): Not supplying enough data to HAL, expected position 37722352 , only wrote 37721948
12-09 08:24:08.638 W/audio_hw_generic( 1307): Not supplying enough data to HAL, expected position 37721955 , only wrote 37721948
12-09 08:24:08.638 W/audio_hw_generic( 1307): Hardware backing HAL too slow, could only write 0 of 661 frames
12-09 08:24:08.659 W/audio_hw_generic( 1307): Not supplying enough data to HAL, expected position 37722856 , only wrote 37722609
12-09 08:24:08.659 W/audio_hw_generic( 1307): Hardware backing HAL too slow, could only write 0 of 661 frames
12-09 08:24:08.659 W/audio_hw_generic( 1307): Hardware backing HAL too slow, could only write 0 of 661 frames
12-09 08:24:08.674 W/audio_hw_generic( 1307): Hardware backing HAL too slow, could only write 0 of 661 frames
12-09 08:24:08.690 W/audio_hw_generic( 1307): Hardware backing HAL too slow, could only write 0 of 661 frames
12-09 08:24:08.721 E/SurfaceFlinger( 1218): ro.sf.lcd_density must be defined as a build property
12-09 08:24:08.751 W/art     ( 1591): Long monitor contention event with owner method=int com.android.server.wm.WindowManagerService.relayoutWindow(com.android.server.wm.Session, android.view.IWindow, int, android.view.WindowManager$LayoutParams, int, int, int, int, android.graphics.Rect, android.graphics.Rect, android.graphics.Rect, android.graphics.Rect, android.graphics.Rect, android.graphics.Rect, android.content.res.Configuration, android.view.Surface) from WindowManagerService.java:3103 waiters=0 for 341ms
12-09 08:24:08.757 W/audio_hw_generic( 1307): Hardware backing HAL too slow, could only write 0 of 661 frames
12-09 08:24:08.758 W/audio_hw_generic( 1307): Not supplying enough data to HAL, expected position 37726958 , only wrote 37725914
12-09 08:24:08.758 W/audio_hw_generic( 1307): Not supplying enough data to HAL, expected position 37725919 , only wrote 37725914
12-09 08:24:08.760 D/gralloc_ranchu( 1218): gralloc_alloc: Creating ashmem region of size 372736
12-09 08:24:08.767 D/gralloc_ranchu( 1218): gralloc_alloc: Creating ashmem region of size 3686400
