--------- beginning of main
12-09 08:24:45.293 E/EGL_emulation( 1218): tid 1218: eglCreateSyncKHR(1881): error 0x3004 (EGL_BAD_ATTRIBUTE)
--------- beginning of system
12-09 08:24:45.337 W/ActivityManager( 1591): Finishing task with all activities already finished
12-09 08:24:45.337 W/ActivityManager( 1591): Duplicate finish request for ActivityRecord{4cc441a u0 com.evancharlton.mileage/.Mileage t451 f}
12-09 08:24:45.337 W/ActivityManager( 1591): Finishing task with all activities already finished
12-09 08:24:45.337 W/ActivityManager( 1591): Duplicate finish request for ActivityRecord{4cc441a u0 com.evancharlton.mileage/.Mileage t451 f}
12-09 08:24:45.337 W/ActivityManager( 1591): Finishing task with all activities already finished
12-09 08:24:45.337 W/ActivityManager( 1591): Duplicate finish request for ActivityRecord{4cc441a u0 com.evancharlton.mileage/.Mileage t451 f}
12-09 08:24:45.337 W/ActivityManager( 1591): Finishing task with all activities already finished
12-09 08:24:45.338 W/ActivityManager( 1591): Duplicate finish request for ActivityRecord{4cc441a u0 com.evancharlton.mileage/.Mileage t451 f}
12-09 08:24:45.338 W/ActivityManager( 1591): Finishing task with all activities already finished
12-09 08:24:45.338 W/ActivityManager( 1591): Duplicate finish request for ActivityRecord{4cc441a u0 com.evancharlton.mileage/.Mileage t451 f}
12-09 08:24:45.338 W/ActivityManager( 1591): Finishing task with all activities already finished
12-09 08:24:45.338 W/ActivityManager( 1591): Duplicate finish request for ActivityRecord{4cc441a u0 com.evancharlton.mileage/.Mileage t451 f}
12-09 08:24:45.338 W/ActivityManager( 1591): Finishing task with all activities already finished
12-09 08:24:45.338 W/ActivityManager( 1591): Duplicate finish request for ActivityRecord{4cc441a u0 com.evancharlton.mileage/.Mileage t451 f}
12-09 08:24:45.338 W/ActivityManager( 1591): Finishing task with all activities already finished
12-09 08:24:45.338 W/ActivityManager( 1591): Duplicate finish request for ActivityRecord{4cc441a u0 com.evancharlton.mileage/.Mileage t451 f}
12-09 08:24:45.338 W/ActivityManager( 1591): Finishing task with all activities already finished
12-09 08:24:45.338 W/ActivityManager( 1591): Duplicate finish request for ActivityRecord{4cc441a u0 com.evancharlton.mileage/.Mileage t451 f}
12-09 08:24:45.346 W/ActivityManager( 1591): Finishing task with all activities already finished
12-09 08:24:45.346 W/ActivityManager( 1591): Duplicate finish request for ActivityRecord{4cc441a u0 com.evancharlton.mileage/.Mileage t451 f}
12-09 08:24:45.346 W/ActivityManager( 1591): Finishing task with all activities already finished
12-09 08:24:45.346 W/ActivityManager( 1591): Duplicate finish request for ActivityRecord{4cc441a u0 com.evancharlton.mileage/.Mileage t451 f}
12-09 08:24:45.512 D/EGL_emulation( 1934): eglMakeCurrent: 0x7fe2a92f4640: ver 2 0 (tinfo 0x7fe2a92c2c80)
12-09 08:24:45.984 W/art     ( 1591): Long monitor contention event with owner method=void com.android.server.wm.WindowAnimator$1.doFrame(long) from WindowAnimator.java:121 waiters=1 for 188ms
12-09 08:24:46.090 D/AndroidRuntime(16124): >>>>>> START com.android.internal.os.RuntimeInit uid 0 <<<<<<
12-09 08:24:46.095 D/AndroidRuntime(16124): CheckJNI is ON
12-09 08:24:46.151 D/ICU     (16124): No timezone override file found: /data/misc/zoneinfo/current/icu/icu_tzdata.dat
12-09 08:24:46.336 E/memtrack(16124): Couldn't load memtrack module (No such file or directory)
12-09 08:24:46.336 E/android.os.Debug(16124): failed to load memtrack module: -2
12-09 08:24:46.337 I/Radio-JNI(16124): register_android_hardware_Radio DONE
12-09 08:24:46.379 D/AndroidRuntime(16124): Calling main entry com.android.commands.am.Am
12-09 08:24:46.557 W/art     ( 1591): Long monitor contention event with owner method=void com.android.server.wm.WindowAnimator$1.doFrame(long) from WindowAnimator.java:121 waiters=2 for 184ms
12-09 08:24:46.623 W/art     ( 1591): Long monitor contention event with owner method=void com.android.server.wm.WindowAnimator$1.doFrame(long) from WindowAnimator.java:121 waiters=2 for 217ms
12-09 08:24:46.717 W/art     ( 1591): Long monitor contention event with owner method=void com.android.server.wm.WindowAnimator$1.doFrame(long) from WindowAnimator.java:121 waiters=2 for 160ms
12-09 08:24:46.721 I/Choreographer( 1934): Skipped 70 frames!  The application may be doing too much work on its main thread.
12-09 08:24:46.766 W/OpenGLRenderer( 1934): Incorrectly called buildLayer on View: ShortcutAndWidgetContainer, destroying layer...
12-09 08:24:46.875 W/art     ( 1591): Long monitor contention event with owner method=void com.android.server.wm.WindowAnimator$1.doFrame(long) from WindowAnimator.java:121 waiters=1 for 158ms
12-09 08:24:46.876 W/art     ( 1591): Long monitor contention event with owner method=java.util.List com.android.server.am.ActivityManagerService.getAllStackInfos() from ActivityManagerService.java:8937 waiters=0 for 494ms
12-09 08:24:46.876 I/ActivityManager( 1591): Force stopping com.evancharlton.mileage appid=10135 user=0: start instr
12-09 08:24:46.876 I/ActivityManager( 1591): Killing 16077:com.evancharlton.mileage/u0a135 (adj 0): stop com.evancharlton.mileage
12-09 08:24:47.065 W/ActivityManager( 1591): Crash of app com.evancharlton.mileage running instrumentation ComponentInfo{com.evancharlton.mileage.test/sh.calaba.instrumentationbackend.CalabashInstrumentationTestRunner}
12-09 08:24:47.065 I/ActivityManager( 1591): Force stopping com.evancharlton.mileage appid=10135 user=0: finished inst
12-09 08:24:47.068 I/WindowState( 1591): WIN DEATH: Window{16395e9 u0 com.evancharlton.mileage/com.evancharlton.mileage.Mileage EXITING}
12-09 08:24:47.106 I/ActivityManager( 1591): Start proc 16133:com.evancharlton.mileage/u0a135 for added application com.evancharlton.mileage
12-09 08:24:47.115 D/AndroidRuntime(16124): Shutting down VM
12-09 08:24:47.246 W/System  (16133): ClassLoader referenced unknown path: /data/app/com.evancharlton.mileage.test-1/lib/x86_64
12-09 08:24:47.246 W/System  (16133): ClassLoader referenced unknown path: /data/app/com.evancharlton.mileage-1/lib/x86_64
12-09 08:24:47.421 W/WindowAnimator( 1591): Failed to dispatch window animation state change.
12-09 08:24:47.421 W/WindowAnimator( 1591): android.os.DeadObjectException
12-09 08:24:47.421 W/WindowAnimator( 1591): 	at android.os.BinderProxy.transactNative(Native Method)
12-09 08:24:47.421 W/WindowAnimator( 1591): 	at android.os.BinderProxy.transact(Binder.java:503)
12-09 08:24:47.421 W/WindowAnimator( 1591): 	at android.view.IWindow$Stub$Proxy.onAnimationStopped(IWindow.java:534)
12-09 08:24:47.421 W/WindowAnimator( 1591): 	at com.android.server.wm.WindowAnimator.updateWindowsLocked(WindowAnimator.java:286)
12-09 08:24:47.421 W/WindowAnimator( 1591): 	at com.android.server.wm.WindowAnimator.animateLocked(WindowAnimator.java:678)
12-09 08:24:47.421 W/WindowAnimator( 1591): 	at com.android.server.wm.WindowAnimator.-wrap0(WindowAnimator.java)
12-09 08:24:47.421 W/WindowAnimator( 1591): 	at com.android.server.wm.WindowAnimator$1.doFrame(WindowAnimator.java:123)
12-09 08:24:47.421 W/WindowAnimator( 1591): 	at android.view.Choreographer$CallbackRecord.run(Choreographer.java:856)
12-09 08:24:47.421 W/WindowAnimator( 1591): 	at android.view.Choreographer.doCallbacks(Choreographer.java:670)
12-09 08:24:47.421 W/WindowAnimator( 1591): 	at android.view.Choreographer.doFrame(Choreographer.java:603)
12-09 08:24:47.421 W/WindowAnimator( 1591): 	at android.view.Choreographer$FrameDisplayEventReceiver.run(Choreographer.java:844)
12-09 08:24:47.421 W/WindowAnimator( 1591): 	at android.os.Handler.handleCallback(Handler.java:739)
12-09 08:24:47.421 W/WindowAnimator( 1591): 	at android.os.Handler.dispatchMessage(Handler.java:95)
12-09 08:24:47.421 W/WindowAnimator( 1591): 	at android.os.Looper.loop(Looper.java:148)
12-09 08:24:47.421 W/WindowAnimator( 1591): 	at android.os.HandlerThread.run(HandlerThread.java:61)
12-09 08:24:47.421 W/WindowAnimator( 1591): 	at com.android.server.ServiceThread.run(ServiceThread.java:46)
12-09 08:24:47.429 I/art     (16133): Background partial concurrent mark sweep GC freed 50808(1730KB) AllocSpace objects, 0(0B) LOS objects, 64% free, 553KB/1577KB, paused 1.339ms total 199.684ms
12-09 08:24:47.526 I/System.out(16133): Main activity name automatically set to: com.evancharlton.mileage.Mileage
12-09 08:24:47.531 I/System.out(16133): Calabash did not load Mono. This is only a problem if you are trying to test a Mono application
12-09 08:24:47.531 I/calabash(16133): Test server port: 7102
12-09 08:24:47.532 I/InstrumentationBackend(16133): Added:'GetPreferences', with key:'get_preferences'
12-09 08:24:47.604 I/InstrumentationBackend(16133): Added:'SetPreferences', with key:'set_preferences'
12-09 08:24:47.624 I/InstrumentationBackend(16133): Added:'ClearPreferences', with key:'clear_preferences'
12-09 08:24:47.624 I/InstrumentationBackend(16133): Added:'PressElement', with key:'press_l10n_element'
12-09 08:24:47.624 I/InstrumentationBackend(16133): Added:'WaitForElement', with key:'wait_for_l10n_element'
12-09 08:24:47.625 I/InstrumentationBackend(16133): Added:'NullAction', with key:'nullAction'
12-09 08:24:47.625 I/InstrumentationBackend(16133): Added:'PressKey', with key:'press_key'
12-09 08:24:47.626 I/InstrumentationBackend(16133): Added:'SetActivityOrientation', with key:'set_activity_orientation'
12-09 08:24:47.626 I/InstrumentationBackend(16133): Added:'GetActivityOrientation', with key:'get_activity_orientation'
12-09 08:24:47.626 I/InstrumentationBackend(16133): Added:'FakeGPSLocation', with key:'set_gps_coordinates'
12-09 08:24:47.626 I/InstrumentationBackend(16133): Added:'SetPropertyByCssSelector', with key:'set_property_by_css_selector'
12-09 08:24:47.626 I/InstrumentationBackend(16133): Added:'GetUrl', with key:'get_url'
12-09 08:24:47.630 I/InstrumentationBackend(16133): Added:'ScrollTo', with key:'scroll_to'
12-09 08:24:47.630 I/InstrumentationBackend(16133): Added:'GetLoadProgress', with key:'get_load_progress'
12-09 08:24:47.630 I/InstrumentationBackend(16133): Added:'DumpHtml', with key:'dump_html'
12-09 08:24:47.630 I/InstrumentationBackend(16133): Added:'DumpBodyHtml', with key:'dump_body_html'
12-09 08:24:47.634 I/InstrumentationBackend(16133): Added:'EnterTextByCssSelector', with key:'enter_text_by_selector'
12-09 08:24:47.684 I/InstrumentationBackend(16133): Added:'AndroidSDKVersion', with key:'android_sdk_version'
12-09 08:24:47.684 I/InstrumentationBackend(16133): Added:'Version', with key:'version'
12-09 08:24:47.685 I/InstrumentationBackend(16133): Added:'Drag', with key:'drag'
12-09 08:24:47.695 I/InstrumentationBackend(16133): Added:'TouchCoordinates', with key:'touch_coordinate'
12-09 08:24:47.696 I/InstrumentationBackend(16133): Added:'LongPressCoordinate', with key:'long_press_coordinate'
12-09 08:24:47.696 I/InstrumentationBackend(16133): Added:'DragCoordinates', with key:'drag_coordinates'
12-09 08:24:47.696 I/InstrumentationBackend(16133): Added:'ResumeApplication', with key:'resume_application'
12-09 08:24:47.696 I/InstrumentationBackend(16133): Added:'Swipe', with key:'swipe'
12-09 08:24:47.696 I/InstrumentationBackend(16133): Added:'DoubleTapCoordinate', with key:'double_tap_coordinate'
12-09 08:24:47.696 I/InstrumentationBackend(16133): Added:'ClickOnScreen', with key:'click_on_screen'
12-09 08:24:47.697 I/InstrumentationBackend(16133): Added:'GetActivityName', with key:'get_activity_name'
12-09 08:24:47.697 I/InstrumentationBackend(16133): Added:'ScrollToView', with key:'scroll_to_view'
12-09 08:24:47.697 I/InstrumentationBackend(16133): Added:'ViewConfiguration', with key:'view_configuration'
12-09 08:24:47.697 I/InstrumentationBackend(16133): Added:'IsCurrentActivityFocused', with key:'is_current_activity_focused'
12-09 08:24:47.697 I/InstrumentationBackend(16133): Added:'SendTcp', with key:'send_tcp'
12-09 08:24:47.698 I/InstrumentationBackend(16133): Added:'DpToDevicePixel', with key:'dp_to_device_pixel'
12-09 08:24:47.698 I/InstrumentationBackend(16133): Added:'KeyboardEnterText', with key:'keyboard_enter_text'
12-09 08:24:47.698 I/InstrumentationBackend(16133): Added:'DeleteSurroundingText', with key:'delete_surrounding_text'
12-09 08:24:47.698 I/InstrumentationBackend(16133): Added:'SetComposingRegion', with key:'set_composing_region'
12-09 08:24:47.717 I/InstrumentationBackend(16133): Added:'SetSelection', with key:'set_selection'
12-09 08:24:47.727 I/InstrumentationBackend(16133): Added:'KeyboardKeyEvent', with key:'keyboard_key_event'
12-09 08:24:47.728 I/InstrumentationBackend(16133): Added:'PressUserActionButton', with key:'press_user_action_button'
12-09 08:24:47.728 I/InstrumentationBackend(16133): Added:'HideSoftKeyboard', with key:'hide_soft_keyboard'
12-09 08:24:47.728 I/InstrumentationBackend(16133): Added:'ListActions', with key:'list_actions'
12-09 08:24:47.729 I/calabash(16133): Instantiating http server at 7102
12-09 08:24:47.739 I/System.out(16133): HTTP Daemon listening on: 7102
12-09 08:24:47.924 I/System.out(16133): URI: //ping
12-09 08:24:47.931 I/System.out(16133): params: {json={}
12-09 08:24:47.935 I/System.out(16133): }
12-09 08:24:48.008 I/System.out(16133): URI: //ping
12-09 08:24:48.008 I/System.out(16133): params: {json={}
12-09 08:24:48.008 I/System.out(16133): }
12-09 08:24:48.079 I/System.out(16133): URI: //ready
12-09 08:24:48.079 I/System.out(16133): params: {json={}
12-09 08:24:48.079 I/System.out(16133): }
12-09 08:24:48.172 I/System.out(16133): URI: //
12-09 08:24:48.172 I/System.out(16133): params: {json={"command":"version","arguments":[]}
12-09 08:24:48.172 I/System.out(16133): }
12-09 08:24:48.187 I/System.out(16133): header: {date=Sun, 09 Dec 2018 08:24:48 GMT, accept=*/*, content-length=36, host=127.0.0.1:34777, user-agent=HTTPClient/1.0 (2.8.3, ruby 2.3.1 (2016-04-26)), content-type=application/json;charset=utf-8}
12-09 08:24:48.187 I/System.out(16133): params: {json={"command":"version","arguments":[]}
12-09 08:24:48.188 I/System.out(16133): }
12-09 08:24:48.188 I/System.out(16133): ProP json = {"command":"version","arguments":[]}
12-09 08:24:48.188 I/System.out(16133): files: {}
12-09 08:24:48.188 I/System.out(16133): command: {"command":"version","arguments":[]}
12-09 08:24:48.201 I/art     (16133): Background sticky concurrent mark sweep GC freed 584(169KB) AllocSpace objects, 8(160KB) LOS objects, 25% free, 1180KB/1577KB, paused 7.019ms total 43.887ms
12-09 08:24:48.209 I/InstrumentationBackend(16133): Got command:'Command:'Line:null,version', arguments:'[]'
12-09 08:24:48.307 I/System.out(16133): result:{"bonusInformation":[],"message":"0.9.8","success":true}
12-09 08:24:48.351 I/System.out(16133): URI: //start-application
12-09 08:24:48.351 I/System.out(16133): params: {json={"intent":null}
12-09 08:24:48.351 I/System.out(16133): }
12-09 08:24:48.431 I/ActivityManager( 1591): START u0 {act=android.intent.action.MAIN cat=[android.intent.category.LAUNCHER] flg=0x10200000 cmp=com.evancharlton.mileage/.Mileage} from uid 10135 on display 0
12-09 08:24:48.489 I/calabash(16133): newActivity1
12-09 08:24:48.532 I/calabash(16133): newActivity1
12-09 08:24:48.534 W/ActivityManager( 1591): Bad activity token: android.os.BinderProxy@ae49cc
12-09 08:24:48.534 W/ActivityManager( 1591): java.lang.ClassCastException: android.os.BinderProxy cannot be cast to com.android.server.am.ActivityRecord$Token
12-09 08:24:48.534 W/ActivityManager( 1591): 	at com.android.server.am.ActivityRecord.forTokenLocked(ActivityRecord.java:424)
12-09 08:24:48.534 W/ActivityManager( 1591): 	at com.android.server.am.ActivityRecord.isInStackLocked(ActivityRecord.java:1121)
12-09 08:24:48.534 W/ActivityManager( 1591): 	at com.android.server.am.ActivityRecord.getStackLocked(ActivityRecord.java:1126)
12-09 08:24:48.534 W/ActivityManager( 1591): 	at com.android.server.am.ActivityManagerService.getActivityDisplayId(ActivityManagerService.java:8889)
12-09 08:24:48.534 W/ActivityManager( 1591): 	at android.app.ActivityManagerNative.onTransact(ActivityManagerNative.java:2338)
12-09 08:24:48.534 W/ActivityManager( 1591): 	at com.android.server.am.ActivityManagerService.onTransact(ActivityManagerService.java:2443)
12-09 08:24:48.534 W/ActivityManager( 1591): 	at android.os.Binder.execTransact(Binder.java:453)
12-09 08:24:48.615 W/ActivityManager( 1591): Bad activity token: android.os.BinderProxy@ae49cc
12-09 08:24:48.615 W/ActivityManager( 1591): java.lang.ClassCastException: android.os.BinderProxy cannot be cast to com.android.server.am.ActivityRecord$Token
12-09 08:24:48.615 W/ActivityManager( 1591): 	at com.android.server.am.ActivityRecord.forTokenLocked(ActivityRecord.java:424)
12-09 08:24:48.615 W/ActivityManager( 1591): 	at com.android.server.am.ActivityRecord.isInStackLocked(ActivityRecord.java:1121)
12-09 08:24:48.615 W/ActivityManager( 1591): 	at com.android.server.am.ActivityManagerService.setTaskDescription(ActivityManagerService.java:8547)
12-09 08:24:48.615 W/ActivityManager( 1591): 	at android.app.ActivityManagerNative.onTransact(ActivityManagerNative.java:2410)
12-09 08:24:48.615 W/ActivityManager( 1591): 	at com.android.server.am.ActivityManagerService.onTransact(ActivityManagerService.java:2443)
12-09 08:24:48.615 W/ActivityManager( 1591): 	at android.os.Binder.execTransact(Binder.java:453)
12-09 08:24:48.670 W/ActivityManager( 1591): Bad activity token: android.os.BinderProxy@ae49cc
12-09 08:24:48.670 W/ActivityManager( 1591): java.lang.ClassCastException: android.os.BinderProxy cannot be cast to com.android.server.am.ActivityRecord$Token
12-09 08:24:48.670 W/ActivityManager( 1591): 	at com.android.server.am.ActivityRecord.forTokenLocked(ActivityRecord.java:424)
12-09 08:24:48.670 W/ActivityManager( 1591): 	at com.android.server.am.ActivityRecord.isInStackLocked(ActivityRecord.java:1121)
12-09 08:24:48.670 W/ActivityManager( 1591): 	at com.android.server.am.ActivityManagerService.getActivityOptions(ActivityManagerService.java:11038)
12-09 08:24:48.670 W/ActivityManager( 1591): 	at android.app.ActivityManagerNative.onTransact(ActivityManagerNative.java:1734)
12-09 08:24:48.670 W/ActivityManager( 1591): 	at com.android.server.am.ActivityManagerService.onTransact(ActivityManagerService.java:2443)
12-09 08:24:48.670 W/ActivityManager( 1591): 	at android.os.Binder.execTransact(Binder.java:453)
12-09 08:24:48.736 D/gralloc_ranchu( 1218): gralloc_alloc: Creating ashmem region of size 3686400
12-09 08:24:48.753 W/ActivityManager( 1591): Bad activity token: android.os.BinderProxy@ae49cc
12-09 08:24:48.753 W/ActivityManager( 1591): java.lang.ClassCastException: android.os.BinderProxy cannot be cast to com.android.server.am.ActivityRecord$Token
12-09 08:24:48.753 W/ActivityManager( 1591): 	at com.android.server.am.ActivityRecord.forTokenLocked(ActivityRecord.java:424)
12-09 08:24:48.753 W/ActivityManager( 1591): 	at com.android.server.am.ActivityRecord.isInStackLocked(ActivityRecord.java:1121)
12-09 08:24:48.753 W/ActivityManager( 1591): 	at com.android.server.am.ActivityManagerService.getActivityOptions(ActivityManagerService.java:11038)
12-09 08:24:48.753 W/ActivityManager( 1591): 	at android.app.ActivityManagerNative.onTransact(ActivityManagerNative.java:1734)
12-09 08:24:48.753 W/ActivityManager( 1591): 	at com.android.server.am.ActivityManagerService.onTransact(ActivityManagerService.java:2443)
12-09 08:24:48.753 W/ActivityManager( 1591): 	at android.os.Binder.execTransact(Binder.java:453)
12-09 08:24:48.814 I/art     (16133): Background sticky concurrent mark sweep GC freed 1870(318KB) AllocSpace objects, 0(0B) LOS objects, 13% free, 1896KB/2MB, paused 1.175ms total 129.214ms
12-09 08:24:49.015 I/art     (16133): Background partial concurrent mark sweep GC freed 2837(196KB) AllocSpace objects, 1(20KB) LOS objects, 39% free, 1859KB/3MB, paused 6.792ms total 20.674ms
12-09 08:24:49.017 V/PhoneStatusBar( 1708): setLightsOn(true)
12-09 08:24:49.024 D/gralloc_ranchu( 1218): gralloc_alloc: Creating ashmem region of size 3686400
12-09 08:24:49.034 D/EGL_emulation( 1934): eglMakeCurrent: 0x7fe2a92f4640: ver 2 0 (tinfo 0x7fe2a92c2c80)
12-09 08:24:49.037 E/Surface ( 1934): getSlotFromBufferLocked: unknown buffer: 0x7fe2a5890980
12-09 08:24:49.185 D/        (16133): HostConnection::get() New Host Connection established 0x7fe2a58fcf20, tid 16133
12-09 08:24:49.498 W/art     ( 1591): Long monitor contention event with owner method=void com.android.server.wm.WindowAnimator$1.doFrame(long) from WindowAnimator.java:121 waiters=0 for 171ms
12-09 08:24:49.552 D/gralloc_ranchu( 1218): gralloc_alloc: Creating ashmem region of size 3686400
12-09 08:24:49.781 I/ActivityManager( 1591): Displayed com.evancharlton.mileage/.Mileage: +1s298ms
12-09 08:24:50.183 I/System.out(16133): URI: //gesture
12-09 08:24:50.184 I/System.out(16133): params: {json={"query_timeout":5.0,"gestures":[{"query_string":"android.widget.TabWidget descendant TextView index:1","touches":[{"x":50,"y":50,"offset_x":0,"offset_y":0,"wait":0.0,"time":0.2,"release":true,"query_string":null}]}]}
12-09 08:24:50.184 I/System.out(16133): }
12-09 08:24:50.293 D/gralloc_ranchu( 1218): gralloc_alloc: Creating ashmem region of size 3686400
12-09 08:24:50.338 I/art     (16133): Background sticky concurrent mark sweep GC freed 24571(1113KB) AllocSpace objects, 2(40KB) LOS objects, 30% free, 2MB/3MB, paused 1.452ms total 120.843ms
12-09 08:24:50.458 W/art     ( 1591): Long monitor contention event with owner method=void com.android.server.am.ActivityStackSupervisor$ActivityStackSupervisorHandler.activityIdleInternal(com.android.server.am.ActivityRecord) from ActivityStackSupervisor.java:4011 waiters=0 for 130ms
12-09 08:24:50.926 I/calabash(16133): newActivity1
12-09 08:24:50.960 W/ActivityManager( 1591): Bad activity token: android.os.BinderProxy@1ee3cc9
12-09 08:24:50.960 W/ActivityManager( 1591): java.lang.ClassCastException: android.os.BinderProxy cannot be cast to com.android.server.am.ActivityRecord$Token
12-09 08:24:50.960 W/ActivityManager( 1591): 	at com.android.server.am.ActivityRecord.forTokenLocked(ActivityRecord.java:424)
12-09 08:24:50.960 W/ActivityManager( 1591): 	at com.android.server.am.ActivityRecord.isInStackLocked(ActivityRecord.java:1121)
12-09 08:24:50.960 W/ActivityManager( 1591): 	at com.android.server.am.ActivityRecord.getStackLocked(ActivityRecord.java:1126)
12-09 08:24:50.960 W/ActivityManager( 1591): 	at com.android.server.am.ActivityManagerService.getActivityDisplayId(ActivityManagerService.java:8889)
12-09 08:24:50.960 W/ActivityManager( 1591): 	at android.app.ActivityManagerNative.onTransact(ActivityManagerNative.java:2338)
12-09 08:24:50.960 W/ActivityManager( 1591): 	at com.android.server.am.ActivityManagerService.onTransact(ActivityManagerService.java:2443)
12-09 08:24:50.960 W/ActivityManager( 1591): 	at android.os.Binder.execTransact(Binder.java:453)
12-09 08:24:50.968 W/ActivityManager( 1591): Bad activity token: android.os.BinderProxy@1ee3cc9
12-09 08:24:50.968 W/ActivityManager( 1591): java.lang.ClassCastException: android.os.BinderProxy cannot be cast to com.android.server.am.ActivityRecord$Token
12-09 08:24:50.968 W/ActivityManager( 1591): 	at com.android.server.am.ActivityRecord.forTokenLocked(ActivityRecord.java:424)
12-09 08:24:50.968 W/ActivityManager( 1591): 	at com.android.server.am.ActivityRecord.isInStackLocked(ActivityRecord.java:1121)
12-09 08:24:50.968 W/ActivityManager( 1591): 	at com.android.server.am.ActivityManagerService.setTaskDescription(ActivityManagerService.java:8547)
12-09 08:24:50.968 W/ActivityManager( 1591): 	at android.app.ActivityManagerNative.onTransact(ActivityManagerNative.java:2410)
12-09 08:24:50.968 W/ActivityManager( 1591): 	at com.android.server.am.ActivityManagerService.onTransact(ActivityManagerService.java:2443)
12-09 08:24:50.968 W/ActivityManager( 1591): 	at android.os.Binder.execTransact(Binder.java:453)
12-09 08:24:50.975 D/AudioFlinger( 1307): mixer(0xf43c0000) throttle end: throttle time(4)
12-09 08:24:50.993 I/art     (16133): Background partial concurrent mark sweep GC freed 29871(1341KB) AllocSpace objects, 1(20KB) LOS objects, 39% free, 2MB/4MB, paused 1.550ms total 105.314ms
12-09 08:24:51.007 W/audio_hw_generic( 1307): Hardware backing HAL too slow, could only write 0 of 661 frames
12-09 08:24:51.084 W/ActivityManager( 1591): Bad activity token: android.os.BinderProxy@1ee3cc9
12-09 08:24:51.084 W/ActivityManager( 1591): java.lang.ClassCastException: android.os.BinderProxy cannot be cast to com.android.server.am.ActivityRecord$Token
12-09 08:24:51.084 W/ActivityManager( 1591): 	at com.android.server.am.ActivityRecord.forTokenLocked(ActivityRecord.java:424)
12-09 08:24:51.084 W/ActivityManager( 1591): 	at com.android.server.am.ActivityRecord.isInStackLocked(ActivityRecord.java:1121)
12-09 08:24:51.084 W/ActivityManager( 1591): 	at com.android.server.am.ActivityManagerService.getActivityOptions(ActivityManagerService.java:11038)
12-09 08:24:51.084 W/ActivityManager( 1591): 	at android.app.ActivityManagerNative.onTransact(ActivityManagerNative.java:1734)
12-09 08:24:51.084 W/ActivityManager( 1591): 	at com.android.server.am.ActivityManagerService.onTransact(ActivityManagerService.java:2443)
12-09 08:24:51.084 W/ActivityManager( 1591): 	at android.os.Binder.execTransact(Binder.java:453)
12-09 08:24:51.085 W/ActivityManager( 1591): Bad activity token: android.os.BinderProxy@1ee3cc9
12-09 08:24:51.085 W/ActivityManager( 1591): java.lang.ClassCastException: android.os.BinderProxy cannot be cast to com.android.server.am.ActivityRecord$Token
12-09 08:24:51.085 W/ActivityManager( 1591): 	at com.android.server.am.ActivityRecord.forTokenLocked(ActivityRecord.java:424)
12-09 08:24:51.085 W/ActivityManager( 1591): 	at com.android.server.am.ActivityRecord.isInStackLocked(ActivityRecord.java:1121)
12-09 08:24:51.085 W/ActivityManager( 1591): 	at com.android.server.am.ActivityManagerService.getActivityOptions(ActivityManagerService.java:11038)
12-09 08:24:51.085 W/ActivityManager( 1591): 	at android.app.ActivityManagerNative.onTransact(ActivityManagerNative.java:1734)
12-09 08:24:51.085 W/ActivityManager( 1591): 	at com.android.server.am.ActivityManagerService.onTransact(ActivityManagerService.java:2443)
12-09 08:24:51.085 W/ActivityManager( 1591): 	at android.os.Binder.execTransact(Binder.java:453)
12-09 08:24:51.224 D/Mileage (16133): Not enough fillups to calculate economy
12-09 08:24:51.344 W/audio_hw_generic( 1307): Hardware backing HAL too slow, could only write 0 of 661 frames
12-09 08:24:51.597 E/SurfaceFlinger( 1218): ro.sf.lcd_density must be defined as a build property
12-09 08:24:51.643 D/gralloc_ranchu( 1218): gralloc_alloc: Creating ashmem region of size 3686400
12-09 08:24:51.693 D/        (16160): HostConnection::get() New Host Connection established 0x7f8f9b312480, tid 16160
12-09 08:24:51.712 E/EGL_emulation( 1218): tid 1218: eglCreateSyncKHR(1881): error 0x3004 (EGL_BAD_ATTRIBUTE)
12-09 08:24:51.789 W/audio_hw_generic( 1307): Hardware backing HAL too slow, could only write 0 of 661 frames
12-09 08:24:51.813 W/audio_hw_generic( 1307): Hardware backing HAL too slow, could only write 0 of 661 frames
12-09 08:24:51.813 W/audio_hw_generic( 1307): Not supplying enough data to HAL, expected position 38215056 , only wrote 38215054
12-09 08:24:51.814 W/audio_hw_generic( 1307): Not supplying enough data to HAL, expected position 38215060 , only wrote 38215054
12-09 08:24:51.830 W/audio_hw_generic( 1307): Not supplying enough data to HAL, expected position 38215756 , only wrote 38215715
12-09 08:24:51.830 W/audio_hw_generic( 1307): Hardware backing HAL too slow, could only write 0 of 661 frames
12-09 08:24:51.830 W/audio_hw_generic( 1307): Hardware backing HAL too slow, could only write 0 of 661 frames
12-09 08:24:51.851 W/audio_hw_generic( 1307): Hardware backing HAL too slow, could only write 0 of 661 frames
12-09 08:24:51.867 W/audio_hw_generic( 1307): Hardware backing HAL too slow, could only write 0 of 661 frames
12-09 08:24:51.882 W/audio_hw_generic( 1307): Hardware backing HAL too slow, could only write 0 of 661 frames
12-09 08:24:52.380 W/audio_hw_generic( 1307): Not supplying enough data to HAL, expected position 38239989 , only wrote 38239511
12-09 08:24:52.380 W/audio_hw_generic( 1307): Not supplying enough data to HAL, expected position 38239518 , only wrote 38239511
12-09 08:24:52.407 W/audio_hw_generic( 1307): Not supplying enough data to HAL, expected position 38240693 , only wrote 38240172
12-09 08:24:52.441 W/audio_hw_generic( 1307): Hardware backing HAL too slow, could only write 0 of 661 frames
12-09 08:24:52.455 W/audio_hw_generic( 1307): Hardware backing HAL too slow, could only write 0 of 661 frames
12-09 08:24:52.456 I/System.out(16133): URI: //gesture
12-09 08:24:52.456 I/System.out(16133): params: {json={"query_timeout":5.0,"gestures":[{"query_string":"android.widget.TabWidget descendant TextView index:3","touches":[{"x":50,"y":50,"offset_x":0,"offset_y":0,"wait":0.0,"time":0.2,"release":true,"query_string":null}]}]}
12-09 08:24:52.456 I/System.out(16133): }
12-09 08:24:52.471 W/audio_hw_generic( 1307): Hardware backing HAL too slow, could only write 0 of 661 frames
12-09 08:24:52.591 W/audio_hw_generic( 1307): Hardware backing HAL too slow, could only write 0 of 661 frames
12-09 08:24:52.631 W/audio_hw_generic( 1307): Hardware backing HAL too slow, could only write 0 of 661 frames
12-09 08:24:52.695 W/audio_hw_generic( 1307): Not supplying enough data to HAL, expected position 38252876 , only wrote 38251409
12-09 08:24:52.695 W/audio_hw_generic( 1307): Not supplying enough data to HAL, expected position 38251416 , only wrote 38251409
12-09 08:24:52.714 W/audio_hw_generic( 1307): Not supplying enough data to HAL, expected position 38252231 , only wrote 38252070
12-09 08:24:52.714 W/audio_hw_generic( 1307): Hardware backing HAL too slow, could only write 0 of 661 frames
12-09 08:24:52.714 W/audio_hw_generic( 1307): Hardware backing HAL too slow, could only write 0 of 661 frames
12-09 08:24:52.729 W/audio_hw_generic( 1307): Hardware backing HAL too slow, could only write 0 of 661 frames
12-09 08:24:52.744 W/audio_hw_generic( 1307): Hardware backing HAL too slow, could only write 0 of 661 frames
12-09 08:24:52.772 W/audio_hw_generic( 1307): Hardware backing HAL too slow, could only write 0 of 661 frames
12-09 08:24:52.927 W/audio_hw_generic( 1307): Not supplying enough data to HAL, expected position 38261465 , only wrote 38261324
12-09 08:24:53.083 I/calabash(16133): newActivity1
12-09 08:24:53.084 W/ActivityManager( 1591): Bad activity token: android.os.BinderProxy@1f09ada
12-09 08:24:53.084 W/ActivityManager( 1591): java.lang.ClassCastException: android.os.BinderProxy cannot be cast to com.android.server.am.ActivityRecord$Token
12-09 08:24:53.084 W/ActivityManager( 1591): 	at com.android.server.am.ActivityRecord.forTokenLocked(ActivityRecord.java:424)
12-09 08:24:53.084 W/ActivityManager( 1591): 	at com.android.server.am.ActivityRecord.isInStackLocked(ActivityRecord.java:1121)
12-09 08:24:53.084 W/ActivityManager( 1591): 	at com.android.server.am.ActivityRecord.getStackLocked(ActivityRecord.java:1126)
12-09 08:24:53.084 W/ActivityManager( 1591): 	at com.android.server.am.ActivityManagerService.getActivityDisplayId(ActivityManagerService.java:8889)
12-09 08:24:53.084 W/ActivityManager( 1591): 	at android.app.ActivityManagerNative.onTransact(ActivityManagerNative.java:2338)
12-09 08:24:53.084 W/ActivityManager( 1591): 	at com.android.server.am.ActivityManagerService.onTransact(ActivityManagerService.java:2443)
12-09 08:24:53.084 W/ActivityManager( 1591): 	at android.os.Binder.execTransact(Binder.java:453)
12-09 08:24:53.085 W/ActivityManager( 1591): Bad activity token: android.os.BinderProxy@1f09ada
12-09 08:24:53.085 W/ActivityManager( 1591): java.lang.ClassCastException: android.os.BinderProxy cannot be cast to com.android.server.am.ActivityRecord$Token
12-09 08:24:53.085 W/ActivityManager( 1591): 	at com.android.server.am.ActivityRecord.forTokenLocked(ActivityRecord.java:424)
12-09 08:24:53.085 W/ActivityManager( 1591): 	at com.android.server.am.ActivityRecord.isInStackLocked(ActivityRecord.java:1121)
12-09 08:24:53.085 W/ActivityManager( 1591): 	at com.android.server.am.ActivityManagerService.setTaskDescription(ActivityManagerService.java:8547)
12-09 08:24:53.085 W/ActivityManager( 1591): 	at android.app.ActivityManagerNative.onTransact(ActivityManagerNative.java:2410)
12-09 08:24:53.085 W/ActivityManager( 1591): 	at com.android.server.am.ActivityManagerService.onTransact(ActivityManagerService.java:2443)
12-09 08:24:53.085 W/ActivityManager( 1591): 	at android.os.Binder.execTransact(Binder.java:453)
12-09 08:24:53.088 W/ActivityManager( 1591): Bad activity token: android.os.BinderProxy@1f09ada
12-09 08:24:53.088 W/ActivityManager( 1591): java.lang.ClassCastException: android.os.BinderProxy cannot be cast to com.android.server.am.ActivityRecord$Token
12-09 08:24:53.088 W/ActivityManager( 1591): 	at com.android.server.am.ActivityRecord.forTokenLocked(ActivityRecord.java:424)
12-09 08:24:53.088 W/ActivityManager( 1591): 	at com.android.server.am.ActivityRecord.isInStackLocked(ActivityRecord.java:1121)
12-09 08:24:53.088 W/ActivityManager( 1591): 	at com.android.server.am.ActivityManagerService.getActivityOptions(ActivityManagerService.java:11038)
12-09 08:24:53.088 W/ActivityManager( 1591): 	at android.app.ActivityManagerNative.onTransact(ActivityManagerNative.java:1734)
12-09 08:24:53.088 W/ActivityManager( 1591): 	at com.android.server.am.ActivityManagerService.onTransact(ActivityManagerService.java:2443)
12-09 08:24:53.088 W/ActivityManager( 1591): 	at android.os.Binder.execTransact(Binder.java:453)
12-09 08:24:53.088 W/ActivityManager( 1591): Bad activity token: android.os.BinderProxy@1f09ada
12-09 08:24:53.088 W/ActivityManager( 1591): java.lang.ClassCastException: android.os.BinderProxy cannot be cast to com.android.server.am.ActivityRecord$Token
12-09 08:24:53.088 W/ActivityManager( 1591): 	at com.android.server.am.ActivityRecord.forTokenLocked(ActivityRecord.java:424)
12-09 08:24:53.088 W/ActivityManager( 1591): 	at com.android.server.am.ActivityRecord.isInStackLocked(ActivityRecord.java:1121)
12-09 08:24:53.088 W/ActivityManager( 1591): 	at com.android.server.am.ActivityManagerService.getActivityOptions(ActivityManagerService.java:11038)
12-09 08:24:53.088 W/ActivityManager( 1591): 	at android.app.ActivityManagerNative.onTransact(ActivityManagerNative.java:1734)
12-09 08:24:53.088 W/ActivityManager( 1591): 	at com.android.server.am.ActivityManagerService.onTransact(ActivityManagerService.java:2443)
12-09 08:24:53.088 W/ActivityManager( 1591): 	at android.os.Binder.execTransact(Binder.java:453)
12-09 08:24:53.139 W/audio_hw_generic( 1307): Not supplying enough data to HAL, expected position 38270696 , only wrote 38270578
12-09 08:24:53.147 W/audio_hw_generic( 1307): Not supplying enough data to HAL, expected position 38270928 , only wrote 38270578
12-09 08:24:53.163 W/audio_hw_generic( 1307): Not supplying enough data to HAL, expected position 38271261 , only wrote 38271239
12-09 08:24:53.182 I/art     (16133): Background sticky concurrent mark sweep GC freed 40571(1892KB) AllocSpace objects, 2(40KB) LOS objects, 24% free, 3MB/4MB, paused 1.792ms total 105.172ms
12-09 08:24:53.183 W/CursorWrapperInner(16133): Cursor finalized without prior close()
12-09 08:24:53.207 D/AudioFlinger( 1307): mixer(0xf43c0000) throttle end: throttle time(22)
12-09 08:24:53.308 W/audio_hw_generic( 1307): Not supplying enough data to HAL, expected position 38277656 , only wrote 38277188
12-09 08:24:53.598 E/SurfaceFlinger( 1218): ro.sf.lcd_density must be defined as a build property
12-09 08:24:53.620 D/gralloc_ranchu( 1218): gralloc_alloc: Creating ashmem region of size 3686400
12-09 08:24:53.637 D/        (16165): HostConnection::get() New Host Connection established 0x7fa1a6c92480, tid 16165
12-09 08:24:53.681 E/EGL_emulation( 1218): tid 1218: eglCreateSyncKHR(1881): error 0x3004 (EGL_BAD_ATTRIBUTE)
12-09 08:24:53.935 W/audio_hw_generic( 1307): Hardware backing HAL too slow, could only write 0 of 661 frames
12-09 08:24:53.955 W/audio_hw_generic( 1307): Not supplying enough data to HAL, expected position 38305707 , only wrote 38305611
12-09 08:24:54.483 W/audio_hw_generic( 1307): Not supplying enough data to HAL, expected position 38328906 , only wrote 38322797
12-09 08:24:54.484 W/audio_hw_generic( 1307): Not supplying enough data to HAL, expected position 38322804 , only wrote 38322797
12-09 08:24:54.551 W/audio_hw_generic( 1307): Hardware backing HAL too slow, could only write 0 of 661 frames
12-09 08:24:54.563 W/audio_hw_generic( 1307): Hardware backing HAL too slow, could only write 0 of 661 frames
12-09 08:24:54.571 W/audio_hw_generic( 1307): Hardware backing HAL too slow, could only write 0 of 661 frames
12-09 08:24:54.603 W/audio_hw_generic( 1307): Hardware backing HAL too slow, could only write 0 of 661 frames
12-09 08:24:54.616 W/audio_hw_generic( 1307): Hardware backing HAL too slow, could only write 0 of 661 frames
12-09 08:24:54.631 W/audio_hw_generic( 1307): Hardware backing HAL too slow, could only write 0 of 661 frames
12-09 08:24:54.635 I/System.out(16133): URI: //gesture
12-09 08:24:54.635 I/System.out(16133): params: {json={"query_timeout":5.0,"gestures":[{"query_string":"android.widget.TabWidget descendant TextView index:2","touches":[{"x":50,"y":50,"offset_x":0,"offset_y":0,"wait":0.0,"time":0.2,"release":true,"query_string":null}]}]}
12-09 08:24:54.635 I/System.out(16133): }
12-09 08:24:54.649 W/audio_hw_generic( 1307): Hardware backing HAL too slow, could only write 0 of 661 frames
12-09 08:24:54.743 W/audio_hw_generic( 1307): Not supplying enough data to HAL, expected position 38334256 , only wrote 38334034
12-09 08:24:54.827 W/audio_hw_generic( 1307): Hardware backing HAL too slow, could only write 0 of 661 frames
12-09 08:24:54.843 W/audio_hw_generic( 1307): Hardware backing HAL too slow, could only write 0 of 661 frames
12-09 08:24:54.851 W/audio_hw_generic( 1307): Hardware backing HAL too slow, could only write 0 of 661 frames
12-09 08:24:54.871 W/audio_hw_generic( 1307): Hardware backing HAL too slow, could only write 0 of 661 frames
12-09 08:24:54.895 W/audio_hw_generic( 1307): Hardware backing HAL too slow, could only write 0 of 661 frames
12-09 08:24:54.910 W/audio_hw_generic( 1307): Hardware backing HAL too slow, could only write 0 of 661 frames
12-09 08:24:55.158 I/calabash(16133): newActivity1
12-09 08:24:55.197 W/ActivityManager( 1591): Bad activity token: android.os.BinderProxy@13c8b0b
12-09 08:24:55.197 W/ActivityManager( 1591): java.lang.ClassCastException: android.os.BinderProxy cannot be cast to com.android.server.am.ActivityRecord$Token
12-09 08:24:55.197 W/ActivityManager( 1591): 	at com.android.server.am.ActivityRecord.forTokenLocked(ActivityRecord.java:424)
12-09 08:24:55.197 W/ActivityManager( 1591): 	at com.android.server.am.ActivityRecord.isInStackLocked(ActivityRecord.java:1121)
12-09 08:24:55.197 W/ActivityManager( 1591): 	at com.android.server.am.ActivityRecord.getStackLocked(ActivityRecord.java:1126)
12-09 08:24:55.197 W/ActivityManager( 1591): 	at com.android.server.am.ActivityManagerService.getActivityDisplayId(ActivityManagerService.java:8889)
12-09 08:24:55.197 W/ActivityManager( 1591): 	at android.app.ActivityManagerNative.onTransact(ActivityManagerNative.java:2338)
12-09 08:24:55.197 W/ActivityManager( 1591): 	at com.android.server.am.ActivityManagerService.onTransact(ActivityManagerService.java:2443)
12-09 08:24:55.197 W/ActivityManager( 1591): 	at android.os.Binder.execTransact(Binder.java:453)
12-09 08:24:55.198 W/ActivityManager( 1591): Bad activity token: android.os.BinderProxy@13c8b0b
12-09 08:24:55.198 W/ActivityManager( 1591): java.lang.ClassCastException: android.os.BinderProxy cannot be cast to com.android.server.am.ActivityRecord$Token
12-09 08:24:55.198 W/ActivityManager( 1591): 	at com.android.server.am.ActivityRecord.forTokenLocked(ActivityRecord.java:424)
12-09 08:24:55.198 W/ActivityManager( 1591): 	at com.android.server.am.ActivityRecord.isInStackLocked(ActivityRecord.java:1121)
12-09 08:24:55.198 W/ActivityManager( 1591): 	at com.android.server.am.ActivityManagerService.setTaskDescription(ActivityManagerService.java:8547)
12-09 08:24:55.198 W/ActivityManager( 1591): 	at android.app.ActivityManagerNative.onTransact(ActivityManagerNative.java:2410)
12-09 08:24:55.198 W/ActivityManager( 1591): 	at com.android.server.am.ActivityManagerService.onTransact(ActivityManagerService.java:2443)
12-09 08:24:55.198 W/ActivityManager( 1591): 	at android.os.Binder.execTransact(Binder.java:453)
12-09 08:24:55.243 D/AudioFlinger( 1307): mixer(0xf43c0000) throttle end: throttle time(11)
12-09 08:24:55.255 W/audio_hw_generic( 1307): Not supplying enough data to HAL, expected position 38356615 , only wrote 38356508
12-09 08:24:55.361 D/VehicleStatisticsActivity(16133): Checking recalculation ...
12-09 08:24:55.362 D/VehicleStatisticsActivity(16133): Recalculating statistics
12-09 08:24:55.370 D/VehicleStatisticsTask(16133): Calculation starting...
12-09 08:24:55.401 D/VehicleStatisticsActivity(16133): Recalculation started!
12-09 08:24:55.402 W/ActivityManager( 1591): Bad activity token: android.os.BinderProxy@13c8b0b
12-09 08:24:55.402 W/ActivityManager( 1591): java.lang.ClassCastException: android.os.BinderProxy cannot be cast to com.android.server.am.ActivityRecord$Token
12-09 08:24:55.402 W/ActivityManager( 1591): 	at com.android.server.am.ActivityRecord.forTokenLocked(ActivityRecord.java:424)
12-09 08:24:55.402 W/ActivityManager( 1591): 	at com.android.server.am.ActivityRecord.isInStackLocked(ActivityRecord.java:1121)
12-09 08:24:55.402 W/ActivityManager( 1591): 	at com.android.server.am.ActivityManagerService.getActivityOptions(ActivityManagerService.java:11038)
12-09 08:24:55.402 W/ActivityManager( 1591): 	at android.app.ActivityManagerNative.onTransact(ActivityManagerNative.java:1734)
12-09 08:24:55.402 W/ActivityManager( 1591): 	at com.android.server.am.ActivityManagerService.onTransact(ActivityManagerService.java:2443)
12-09 08:24:55.402 W/ActivityManager( 1591): 	at android.os.Binder.execTransact(Binder.java:453)
12-09 08:24:55.402 W/ActivityManager( 1591): Bad activity token: android.os.BinderProxy@13c8b0b
12-09 08:24:55.402 W/ActivityManager( 1591): java.lang.ClassCastException: android.os.BinderProxy cannot be cast to com.android.server.am.ActivityRecord$Token
12-09 08:24:55.402 W/ActivityManager( 1591): 	at com.android.server.am.ActivityRecord.forTokenLocked(ActivityRecord.java:424)
12-09 08:24:55.402 W/ActivityManager( 1591): 	at com.android.server.am.ActivityRecord.isInStackLocked(ActivityRecord.java:1121)
12-09 08:24:55.402 W/ActivityManager( 1591): 	at com.android.server.am.ActivityManagerService.getActivityOptions(ActivityManagerService.java:11038)
12-09 08:24:55.402 W/ActivityManager( 1591): 	at android.app.ActivityManagerNative.onTransact(ActivityManagerNative.java:1734)
12-09 08:24:55.402 W/ActivityManager( 1591): 	at com.android.server.am.ActivityManagerService.onTransact(ActivityManagerService.java:2443)
12-09 08:24:55.402 W/ActivityManager( 1591): 	at android.os.Binder.execTransact(Binder.java:453)
12-09 08:24:55.408 D/VehicleStatisticsActivity(16133): Checking recalculation ...
12-09 08:24:55.409 D/VehicleStatisticsActivity(16133): Recalculating statistics
12-09 08:24:55.409 D/VehicleStatisticsTask(16133): Calculation starting...
12-09 08:24:55.415 I/art     (16133): Background sticky concurrent mark sweep GC freed 73356(3MB) AllocSpace objects, 3(60KB) LOS objects, 31% free, 2MB/4MB, paused 1.337ms total 251.939ms
12-09 08:24:55.416 D/VehicleStatisticsActivity(16133): Recalculation started!
12-09 08:24:55.552 W/audio_hw_generic( 1307): Not supplying enough data to HAL, expected position 38369563 , only wrote 38369067
12-09 08:24:55.552 W/audio_hw_generic( 1307): Not supplying enough data to HAL, expected position 38369074 , only wrote 38369067
12-09 08:24:55.591 D/VehicleStatisticsTask(16133): Not enough fillups to calculate statistics
12-09 08:24:55.599 W/audio_hw_generic( 1307): Not supplying enough data to HAL, expected position 38371136 , only wrote 38371050
12-09 08:24:55.604 D/VehicleStatisticsTask(16133): Not enough fillups to calculate statistics
12-09 08:24:55.700 D/VehicleStatisticsTask(16133): Done recalculating!
12-09 08:24:55.701 D/VehicleStatisticsTask(16133): Done recalculating!
12-09 08:24:55.701 D/VehicleStatisticsAdapter(16133): Erasing the cache ...
12-09 08:24:55.718 D/VehicleStatisticsAdapter(16133): Building new values ...
12-09 08:24:55.728 D/VehicleStatisticsAdapter(16133): Writing 29 records to the database ...
12-09 08:24:55.737 W/audio_hw_generic( 1307): Hardware backing HAL too slow, could only write 0 of 661 frames
12-09 08:24:55.754 D/VehicleStatisticsAdapter(16133): Erasing the cache ...
12-09 08:24:55.797 D/Mileage.ABS(16133): Finished backup
12-09 08:24:55.797 D/Mileage.ABS(16133): Not backing up; 47
12-09 08:24:55.888 D/VehicleStatisticsAdapter(16133): Building new values ...
12-09 08:24:55.888 D/VehicleStatisticsAdapter(16133): Writing 29 records to the database ...
12-09 08:24:55.893 D/Mileage.ABS(16133): Not backing up; 142
12-09 08:24:55.894 D/Mileage.ABS(16133): Not backing up; 144
12-09 08:24:55.916 E/SurfaceFlinger( 1218): ro.sf.lcd_density must be defined as a build property
12-09 08:24:56.012 W/audio_hw_generic( 1307): Hardware backing HAL too slow, could only write 0 of 661 frames
12-09 08:24:56.017 D/gralloc_ranchu( 1218): gralloc_alloc: Creating ashmem region of size 3686400
12-09 08:24:56.029 D/Mileage.ABS(16133): Not backing up; 279
12-09 08:24:56.030 D/Mileage.ABS(16133): Not backing up; 280
12-09 08:24:56.060 D/Mileage.ABS(16133): Not backing up; 310
12-09 08:24:56.063 D/        (16175): HostConnection::get() New Host Connection established 0x7ff1cdc12480, tid 16175
12-09 08:24:56.089 E/EGL_emulation( 1218): tid 1218: eglCreateSyncKHR(1881): error 0x3004 (EGL_BAD_ATTRIBUTE)
12-09 08:24:56.115 D/Mileage.ABS(16133): Not backing up; 365
12-09 08:24:56.166 D/Mileage.ABS(16133): Not backing up; 416
12-09 08:24:56.225 W/audio_hw_generic( 1307): Not supplying enough data to HAL, expected position 38398659 , only wrote 38396829
12-09 08:24:56.225 W/audio_hw_generic( 1307): Not supplying enough data to HAL, expected position 38396848 , only wrote 38396829
12-09 08:24:56.305 W/audio_hw_generic( 1307): Not supplying enough data to HAL, expected position 38400335 , only wrote 38397490
12-09 08:24:56.359 W/audio_hw_generic( 1307): Not supplying enough data to HAL, expected position 38399875 , only wrote 38398812
12-09 08:24:56.396 D/Mileage.ABS(16133): Not backing up; 646
12-09 08:24:56.408 D/Mileage.ABS(16133): Not backing up; 658
12-09 08:24:56.438 D/Mileage.ABS(16133): Not backing up; 688
12-09 08:24:56.548 D/Mileage.ABS(16133): Not backing up; 798
12-09 08:24:56.549 D/Mileage.ABS(16133): Not backing up; 799
12-09 08:24:56.549 D/Mileage.ABS(16133): Not backing up; 799
12-09 08:24:56.644 W/audio_hw_generic( 1307): Not supplying enough data to HAL, expected position 38411374 , only wrote 38411371
12-09 08:24:56.644 W/audio_hw_generic( 1307): Not supplying enough data to HAL, expected position 38411378 , only wrote 38411371
12-09 08:24:56.663 W/audio_hw_generic( 1307): Not supplying enough data to HAL, expected position 38412213 , only wrote 38412032
12-09 08:24:56.725 D/Mileage.ABS(16133): Not backing up; 975
12-09 08:24:56.826 I/System.out(16133): URI: //gesture
12-09 08:24:56.826 I/System.out(16133): params: {json={"query_timeout":5.0,"gestures":[{"query_string":"android.widget.TabWidget descendant TextView index:0","touches":[{"x":50,"y":50,"offset_x":0,"offset_y":0,"wait":0.0,"time":0.2,"release":true,"query_string":null}]}]}
12-09 08:24:56.826 I/System.out(16133): }
12-09 08:24:56.882 W/art     (16133): Suspending all threads took: 8.012ms
12-09 08:24:56.911 I/art     (16133): Background sticky concurrent mark sweep GC freed 15649(697KB) AllocSpace objects, 1(20KB) LOS objects, 26% free, 3MB/4MB, paused 10.168ms total 71.622ms
12-09 08:24:56.916 W/CursorWrapperInner(16133): Cursor finalized without prior close()
12-09 08:24:56.916 W/CursorWrapperInner(16133): Cursor finalized without prior close()
12-09 08:24:56.963 W/audio_hw_generic( 1307): Not supplying enough data to HAL, expected position 38425263 , only wrote 38424591
12-09 08:24:57.036 D/Mileage.ABS(16133): Finished backup
12-09 08:24:57.211 D/Mileage.ABS(16133): Not backing up; 184
12-09 08:24:57.212 D/Mileage.ABS(16133): Not backing up; 185
12-09 08:24:57.243 D/Mileage.ABS(16133): Not backing up; 216
12-09 08:24:57.246 W/audio_hw_generic( 1307): Not supplying enough data to HAL, expected position 38437063 , only wrote 38435828
12-09 08:24:57.246 W/audio_hw_generic( 1307): Not supplying enough data to HAL, expected position 38435835 , only wrote 38435828
12-09 08:24:57.336 D/Mileage.ABS(16133): Not backing up; 309
12-09 08:24:57.336 D/Mileage.ABS(16133): Not backing up; 309
12-09 08:24:57.360 D/Mileage.ABS(16133): Not backing up; 333
12-09 08:24:57.596 W/audio_hw_generic( 1307): Hardware backing HAL too slow, could only write 0 of 661 frames
12-09 08:24:57.644 D/Mileage.ABS(16133): Not backing up; 617
12-09 08:24:57.656 D/Mileage.ABS(16133): Not backing up; 629
12-09 08:24:57.659 D/Mileage.ABS(16133): Not backing up; 632
12-09 08:24:57.660 D/Mileage.ABS(16133): Not backing up; 633
12-09 08:24:57.660 D/Mileage.ABS(16133): Not backing up; 633
12-09 08:24:57.660 D/Mileage.ABS(16133): Not backing up; 633
12-09 08:24:57.743 D/AudioFlinger( 1307): mixer(0xf43c0000) throttle end: throttle time(1)
12-09 08:24:57.836 D/Mileage.ABS(16133): Not backing up; 809
12-09 08:24:58.014 W/audio_hw_generic( 1307): Not supplying enough data to HAL, expected position 38469723 , only wrote 38469539
