12-09 07:59:14.234 W/audio_hw_generic( 1307): Not supplying enough data to HAL, expected position 12388715 , only wrote 12387801
12-09 07:59:14.414 I/InputAttributes( 1851): InputType.TYPE_NULL is specified
12-09 07:59:14.448 I/Choreographer( 1851): Skipped 48 frames!  The application may be doing too much work on its main thread.
12-09 07:59:14.508 W/audio_hw_generic( 1307): Not supplying enough data to HAL, expected position 12399890 , only wrote 12399699
12-09 07:59:14.508 W/audio_hw_generic( 1307): Not supplying enough data to HAL, expected position 12399706 , only wrote 12399699
12-09 07:59:14.509 D/EGL_emulation( 1851): eglMakeCurrent: 0x7f954d0a1780: ver 2 0 (tinfo 0x7f954d082860)
12-09 07:59:14.515 E/Surface ( 1851): getSlotFromBufferLocked: unknown buffer: 0x7f95495b43c0
12-09 07:59:14.524 W/audio_hw_generic( 1307): Not supplying enough data to HAL, expected position 12400409 , only wrote 12400360
12-09 07:59:14.796 W/audio_hw_generic( 1307): Not supplying enough data to HAL, expected position 12412342 , only wrote 12412258
12-09 07:59:14.911 I/System.out(12273): URI: //gesture
12-09 07:59:14.912 I/System.out(12273): params: {json={"query_timeout":5.0,"gestures":[{"query_string":"android.widget.TabWidget descendant TextView index:0","touches":[{"x":50,"y":50,"offset_x":0,"offset_y":0,"wait":0.0,"time":0.2,"release":true,"query_string":null}]}]}
12-09 07:59:14.912 I/System.out(12273): }
12-09 07:59:14.984 W/art     (12273): Suspending all threads took: 47.120ms
12-09 07:59:15.037 W/audio_hw_generic( 1307): Not supplying enough data to HAL, expected position 12422892 , only wrote 12421512
12-09 07:59:15.074 I/art     (12273): Background sticky concurrent mark sweep GC freed 21307(1084KB) AllocSpace objects, 1(20KB) LOS objects, 31% free, 2MB/3MB, paused 48.297ms total 122.324ms
12-09 07:59:15.133 W/audio_hw_generic( 1307): Not supplying enough data to HAL, expected position 12425746 , only wrote 12424156
12-09 07:59:15.148 W/audio_hw_generic( 1307): Hardware backing HAL too slow, could only write 0 of 661 frames
12-09 07:59:15.163 W/audio_hw_generic( 1307): Hardware backing HAL too slow, could only write 0 of 661 frames
12-09 07:59:15.182 W/audio_hw_generic( 1307): Hardware backing HAL too slow, could only write 0 of 661 frames
12-09 07:59:15.219 W/audio_hw_generic( 1307): Hardware backing HAL too slow, could only write 0 of 661 frames
12-09 07:59:15.232 W/audio_hw_generic( 1307): Hardware backing HAL too slow, could only write 0 of 661 frames
12-09 07:59:15.244 W/audio_hw_generic( 1307): Hardware backing HAL too slow, could only write 0 of 661 frames
12-09 07:59:15.294 W/audio_hw_generic( 1307): Not supplying enough data to HAL, expected position 12431247 , only wrote 12430766
12-09 07:59:15.294 W/audio_hw_generic( 1307): Not supplying enough data to HAL, expected position 12430777 , only wrote 12430766
12-09 07:59:15.482 W/audio_hw_generic( 1307): Not supplying enough data to HAL, expected position 12439061 , only wrote 12438698
12-09 07:59:15.482 W/audio_hw_generic( 1307): Not supplying enough data to HAL, expected position 12438705 , only wrote 12438698
12-09 07:59:15.497 W/audio_hw_generic( 1307): Not supplying enough data to HAL, expected position 12439360 , only wrote 12439359
12-09 07:59:15.644 W/audio_hw_generic( 1307): Not supplying enough data to HAL, expected position 12445819 , only wrote 12445308
12-09 07:59:15.660 W/audio_hw_generic( 1307): Not supplying enough data to HAL, expected position 12446019 , only wrote 12445969
12-09 07:59:15.666 W/art     (12273): Suspending all threads took: 11.584ms
12-09 07:59:15.697 D/AudioFlinger( 1307): mixer(0xf4340000) throttle end: throttle time(9)
12-09 07:59:15.702 W/audio_hw_generic( 1307): Not supplying enough data to HAL, expected position 12447816 , only wrote 12447291
12-09 07:59:15.777 I/art     (12273): Background partial concurrent mark sweep GC freed 35868(1661KB) AllocSpace objects, 1(20KB) LOS objects, 39% free, 2MB/4MB, paused 44.276ms total 175.991ms
12-09 07:59:15.994 W/audio_hw_generic( 1307): Not supplying enough data to HAL, expected position 12460178 , only wrote 12457206
12-09 07:59:15.994 W/audio_hw_generic( 1307): Not supplying enough data to HAL, expected position 12457216 , only wrote 12457206
12-09 07:59:16.075 W/audio_hw_generic( 1307): Not supplying enough data to HAL, expected position 12460766 , only wrote 12457867
12-09 07:59:16.354 W/audio_hw_generic( 1307): Not supplying enough data to HAL, expected position 12470147 , only wrote 12469104
12-09 07:59:16.390 W/audio_hw_generic( 1307): Not supplying enough data to HAL, expected position 12470695 , only wrote 12469104
12-09 07:59:16.432 W/audio_hw_generic( 1307): Not supplying enough data to HAL, expected position 12470983 , only wrote 12469765
12-09 07:59:16.432 W/audio_hw_generic( 1307): Not supplying enough data to HAL, expected position 12469772 , only wrote 12469765
12-09 07:59:16.450 W/audio_hw_generic( 1307): Not supplying enough data to HAL, expected position 12470526 , only wrote 12470426
12-09 07:59:16.556 W/audio_hw_generic( 1307): Hardware backing HAL too slow, could only write 0 of 661 frames
12-09 07:59:16.678 I/System.out(12273): URI: //map
12-09 07:59:16.678 I/System.out(12273): params: {json={"query":"android.widget.EditText id:'price'","operation":{"method_name":"query","arguments":[]}}
12-09 07:59:16.678 I/System.out(12273): }
12-09 07:59:16.730 W/audio_hw_generic( 1307): Not supplying enough data to HAL, expected position 12482796 , only wrote 12482324
12-09 07:59:16.730 W/audio_hw_generic( 1307): Not supplying enough data to HAL, expected position 12482331 , only wrote 12482324
12-09 07:59:16.732 W/ResourceType(12273): No package identifier when getting name for resource number 0x00000001
12-09 07:59:16.746 W/audio_hw_generic( 1307): Not supplying enough data to HAL, expected position 12483000 , only wrote 12482985
12-09 07:59:16.761 W/audio_hw_generic( 1307): Not supplying enough data to HAL, expected position 12483671 , only wrote 12483646
12-09 07:59:16.761 W/audio_hw_generic( 1307): Not supplying enough data to HAL, expected position 12483653 , only wrote 12483646
12-09 07:59:16.780 W/audio_hw_generic( 1307): Not supplying enough data to HAL, expected position 12484480 , only wrote 12484307
12-09 07:59:16.868 I/System.out(12273): URI: //gesture
12-09 07:59:16.869 I/System.out(12273): params: {json={"query_timeout":5.0,"gestures":[{"query_string":"android.widget.EditText id:'price'","touches":[{"x":50,"y":50,"offset_x":0,"offset_y":0,"wait":0.0,"time":0.2,"release":true,"query_string":null}]}]}
12-09 07:59:16.869 I/System.out(12273): }
12-09 07:59:16.895 I/art     (12273): Background sticky concurrent mark sweep GC freed 45689(2MB) AllocSpace objects, 2(40KB) LOS objects, 21% free, 3MB/4MB, paused 16.367ms total 124.408ms
12-09 07:59:16.899 W/ResourceType(12273): No package identifier when getting name for resource number 0x00000001
12-09 07:59:17.018 W/audio_hw_generic( 1307): Hardware backing HAL too slow, could only write 0 of 661 frames
12-09 07:59:17.091 W/audio_hw_generic( 1307): Hardware backing HAL too slow, could only write 0 of 661 frames
12-09 07:59:17.091 W/audio_hw_generic( 1307): Not supplying enough data to HAL, expected position 12498014 , only wrote 12496205
12-09 07:59:17.091 W/audio_hw_generic( 1307): Not supplying enough data to HAL, expected position 12496211 , only wrote 12496205
12-09 07:59:17.153 W/audio_hw_generic( 1307): Not supplying enough data to HAL, expected position 12498919 , only wrote 12496866
12-09 07:59:17.298 I/LatinIME( 1851): Starting input. Cursor position = 0,0
12-09 07:59:17.394 W/audio_hw_generic( 1307): Not supplying enough data to HAL, expected position 12507511 , only wrote 12507442
12-09 07:59:17.399 I/art     (12273): Background sticky concurrent mark sweep GC freed 44667(2014KB) AllocSpace objects, 1(20KB) LOS objects, 32% free, 2MB/4MB, paused 3.428ms total 130.883ms
12-09 07:59:17.523 W/audio_hw_generic( 1307): Not supplying enough data to HAL, expected position 12513123 , only wrote 12512069
12-09 07:59:17.523 W/audio_hw_generic( 1307): Not supplying enough data to HAL, expected position 12512080 , only wrote 12512069
12-09 07:59:17.577 W/audio_hw_generic( 1307): Not supplying enough data to HAL, expected position 12514433 , only wrote 12512730
12-09 07:59:17.686 W/audio_hw_generic( 1307): Not supplying enough data to HAL, expected position 12517549 , only wrote 12516696
12-09 07:59:17.686 W/audio_hw_generic( 1307): Not supplying enough data to HAL, expected position 12516703 , only wrote 12516696
12-09 07:59:17.702 W/audio_hw_generic( 1307): Not supplying enough data to HAL, expected position 12517381 , only wrote 12517357
12-09 07:59:17.720 D/EGL_emulation( 1851): eglMakeCurrent: 0x7f954d0a1780: ver 2 0 (tinfo 0x7f954d082860)
12-09 07:59:17.819 W/audio_hw_generic( 1307): Not supplying enough data to HAL, expected position 12522505 , only wrote 12521984
12-09 07:59:17.819 W/audio_hw_generic( 1307): Not supplying enough data to HAL, expected position 12521991 , only wrote 12521984
12-09 07:59:17.932 I/System.out(12273): URI: //
12-09 07:59:17.932 I/System.out(12273): params: {json={"command":"set_selection","arguments":[-1,-1]}
12-09 07:59:17.932 I/System.out(12273): }
12-09 07:59:17.932 I/System.out(12273): header: {date=Sun, 09 Dec 2018 07:59:18 GMT, accept=*/*, content-length=47, host=127.0.0.1:34777, user-agent=HTTPClient/1.0 (2.8.3, ruby 2.3.1 (2016-04-26)), content-type=application/json;charset=utf-8}
12-09 07:59:17.932 I/System.out(12273): params: {json={"command":"set_selection","arguments":[-1,-1]}
12-09 07:59:17.932 I/System.out(12273): }
12-09 07:59:17.932 I/System.out(12273): ProP json = {"command":"set_selection","arguments":[-1,-1]}
12-09 07:59:17.932 I/System.out(12273): files: {}
12-09 07:59:17.932 I/System.out(12273): command: {"command":"set_selection","arguments":[-1,-1]}
12-09 07:59:17.933 I/InstrumentationBackend(12273): Got command:'Command:'Line:null,set_selection', arguments:'[-1, -1]'
12-09 07:59:17.955 I/System.out(12273): result:{"bonusInformation":[],"message":"","success":true}
12-09 07:59:18.022 W/audio_hw_generic( 1307): Not supplying enough data to HAL, expected position 12530933 , only wrote 12529255
12-09 07:59:18.104 I/System.out(12273): URI: //
12-09 07:59:18.104 I/System.out(12273): params: {json={"command":"keyboard_enter_text","arguments":["97123743947239847210"]}
12-09 07:59:18.104 I/System.out(12273): }
12-09 07:59:18.104 I/System.out(12273): header: {date=Sun, 09 Dec 2018 07:59:18 GMT, accept=*/*, content-length=70, host=127.0.0.1:34777, user-agent=HTTPClient/1.0 (2.8.3, ruby 2.3.1 (2016-04-26)), content-type=application/json;charset=utf-8}
12-09 07:59:18.104 I/System.out(12273): params: {json={"command":"keyboard_enter_text","arguments":["97123743947239847210"]}
12-09 07:59:18.104 I/System.out(12273): }
12-09 07:59:18.104 I/System.out(12273): ProP json = {"command":"keyboard_enter_text","arguments":["97123743947239847210"]}
12-09 07:59:18.105 I/System.out(12273): files: {}
12-09 07:59:18.105 I/System.out(12273): command: {"command":"keyboard_enter_text","arguments":["97123743947239847210"]}
12-09 07:59:18.107 I/InstrumentationBackend(12273): Got command:'Command:'Line:null,keyboard_enter_text', arguments:'[97123743947239847210]'
12-09 07:59:18.108 E/SpannableStringBuilder(12273): SPAN_EXCLUSIVE_EXCLUSIVE spans cannot have a zero length
12-09 07:59:18.108 E/SpannableStringBuilder(12273): SPAN_EXCLUSIVE_EXCLUSIVE spans cannot have a zero length
12-09 07:59:18.168 W/audio_hw_generic( 1307): Not supplying enough data to HAL, expected position 12535690 , only wrote 12534543
12-09 07:59:18.168 W/audio_hw_generic( 1307): Not supplying enough data to HAL, expected position 12534550 , only wrote 12534543
12-09 07:59:18.374 W/art     ( 1593): Long monitor contention event with owner method=void com.android.server.wm.WindowAnimator$1.doFrame(long) from WindowAnimator.java:121 waiters=0 for 126ms
12-09 07:59:18.380 W/audio_hw_generic( 1307): Not supplying enough data to HAL, expected position 12543880 , only wrote 12543136
12-09 07:59:18.380 W/audio_hw_generic( 1307): Not supplying enough data to HAL, expected position 12543143 , only wrote 12543136
12-09 07:59:18.396 W/audio_hw_generic( 1307): Not supplying enough data to HAL, expected position 12543861 , only wrote 12543797
12-09 07:59:18.480 W/audio_hw_generic( 1307): Hardware backing HAL too slow, could only write 0 of 661 frames
12-09 07:59:18.480 E/SpannableStringBuilder(12273): SPAN_EXCLUSIVE_EXCLUSIVE spans cannot have a zero length
12-09 07:59:18.480 E/SpannableStringBuilder(12273): SPAN_EXCLUSIVE_EXCLUSIVE spans cannot have a zero length
12-09 07:59:18.495 W/audio_hw_generic( 1307): Hardware backing HAL too slow, could only write 0 of 661 frames
12-09 07:59:18.514 W/art     (12273): Suspending all threads took: 8.700ms
12-09 07:59:18.527 I/System.out(12273): result:{"bonusInformation":[],"message":"","success":true}
12-09 07:59:18.528 W/audio_hw_generic( 1307): Hardware backing HAL too slow, could only write 0 of 661 frames
12-09 07:59:18.537 I/art     (12273): Background sticky concurrent mark sweep GC freed 27269(1251KB) AllocSpace objects, 6(120KB) LOS objects, 29% free, 2MB/4MB, paused 9.838ms total 42.185ms
12-09 07:59:18.554 I/System.out(12273): URI: //map
12-09 07:59:18.555 I/System.out(12273): params: {json={"query":"android.widget.EditText id:'volume'","operation":{"method_name":"query","arguments":[]}}
12-09 07:59:18.555 I/System.out(12273): }
12-09 07:59:18.627 W/ResourceType(12273): No package identifier when getting name for resource number 0x00000001
12-09 07:59:18.630 W/audio_hw_generic( 1307): Hardware backing HAL too slow, could only write 0 of 661 frames
12-09 07:59:18.669 W/audio_hw_generic( 1307): Hardware backing HAL too slow, could only write 0 of 661 frames
12-09 07:59:18.742 W/audio_hw_generic( 1307): Not supplying enough data to HAL, expected position 12573572 , only wrote 12559000
12-09 07:59:18.892 I/System.out(12273): URI: //gesture
12-09 07:59:18.892 I/System.out(12273): params: {json={"query_timeout":5.0,"gestures":[{"query_string":"android.widget.EditText id:'volume'","touches":[{"x":50,"y":50,"offset_x":0,"offset_y":0,"wait":0.0,"time":0.2,"release":true,"query_string":null}]}]}
12-09 07:59:18.892 I/System.out(12273): }
12-09 07:59:19.010 W/ResourceType(12273): No package identifier when getting name for resource number 0x00000001
12-09 07:59:19.323 I/LatinIME( 1851): Starting input. Cursor position = 0,0
12-09 07:59:19.843 I/System.out(12273): URI: //
12-09 07:59:19.850 I/System.out(12273): params: {json={"command":"set_selection","arguments":[-1,-1]}
12-09 07:59:19.850 I/System.out(12273): }
12-09 07:59:19.850 I/System.out(12273): header: {date=Sun, 09 Dec 2018 07:59:20 GMT, accept=*/*, content-length=47, host=127.0.0.1:34777, user-agent=HTTPClient/1.0 (2.8.3, ruby 2.3.1 (2016-04-26)), content-type=application/json;charset=utf-8}
12-09 07:59:19.850 I/System.out(12273): params: {json={"command":"set_selection","arguments":[-1,-1]}
12-09 07:59:19.850 I/System.out(12273): }
12-09 07:59:19.850 I/System.out(12273): ProP json = {"command":"set_selection","arguments":[-1,-1]}
12-09 07:59:19.850 I/System.out(12273): files: {}
12-09 07:59:19.850 I/System.out(12273): command: {"command":"set_selection","arguments":[-1,-1]}
12-09 07:59:19.851 I/InstrumentationBackend(12273): Got command:'Command:'Line:null,set_selection', arguments:'[-1, -1]'
12-09 07:59:19.916 I/System.out(12273): result:{"bonusInformation":[],"message":"","success":true}
12-09 07:59:20.159 I/System.out(12273): URI: //
12-09 07:59:20.159 I/System.out(12273): params: {json={"command":"keyboard_enter_text","arguments":["98123743947721092831"]}
12-09 07:59:20.159 I/System.out(12273): }
12-09 07:59:20.159 I/System.out(12273): header: {date=Sun, 09 Dec 2018 07:59:20 GMT, accept=*/*, content-length=70, host=127.0.0.1:34777, user-agent=HTTPClient/1.0 (2.8.3, ruby 2.3.1 (2016-04-26)), content-type=application/json;charset=utf-8}
12-09 07:59:20.159 I/System.out(12273): params: {json={"command":"keyboard_enter_text","arguments":["98123743947721092831"]}
12-09 07:59:20.159 I/System.out(12273): }
12-09 07:59:20.159 I/System.out(12273): ProP json = {"command":"keyboard_enter_text","arguments":["98123743947721092831"]}
12-09 07:59:20.159 I/System.out(12273): files: {}
12-09 07:59:20.159 I/System.out(12273): command: {"command":"keyboard_enter_text","arguments":["98123743947721092831"]}
12-09 07:59:20.160 I/InstrumentationBackend(12273): Got command:'Command:'Line:null,keyboard_enter_text', arguments:'[98123743947721092831]'
12-09 07:59:20.161 E/SpannableStringBuilder(12273): SPAN_EXCLUSIVE_EXCLUSIVE spans cannot have a zero length
12-09 07:59:20.161 E/SpannableStringBuilder(12273): SPAN_EXCLUSIVE_EXCLUSIVE spans cannot have a zero length
12-09 07:59:20.190 E/SpannableStringBuilder(12273): SPAN_EXCLUSIVE_EXCLUSIVE spans cannot have a zero length
12-09 07:59:20.198 E/SpannableStringBuilder(12273): SPAN_EXCLUSIVE_EXCLUSIVE spans cannot have a zero length
12-09 07:59:20.241 I/System.out(12273): result:{"bonusInformation":[],"message":"","success":true}
12-09 07:59:20.304 I/System.out(12273): URI: //map
12-09 07:59:20.304 I/System.out(12273): params: {json={"query":"android.widget.EditText id:'odometer'","operation":{"method_name":"query","arguments":[]}}
12-09 07:59:20.304 I/System.out(12273): }
12-09 07:59:20.320 W/ResourceType(12273): No package identifier when getting name for resource number 0x00000001
12-09 07:59:20.435 W/art     (12273): Suspending all threads took: 31.347ms
12-09 07:59:20.493 I/art     (12273): Background sticky concurrent mark sweep GC freed 44673(2014KB) AllocSpace objects, 2(40KB) LOS objects, 20% free, 3MB/4MB, paused 32.727ms total 158.601ms
12-09 07:59:20.508 I/System.out(12273): URI: //gesture
12-09 07:59:20.509 I/System.out(12273): params: {json={"query_timeout":5.0,"gestures":[{"query_string":"android.widget.EditText id:'odometer'","touches":[{"x":50,"y":50,"offset_x":0,"offset_y":0,"wait":0.0,"time":0.2,"release":true,"query_string":null}]}]}
12-09 07:59:20.509 I/System.out(12273): }
12-09 07:59:20.555 W/ResourceType(12273): No package identifier when getting name for resource number 0x00000001
12-09 07:59:20.854 I/LatinIME( 1851): Starting input. Cursor position = 0,0
12-09 07:59:21.519 I/System.out(12273): URI: //
12-09 07:59:21.519 I/System.out(12273): params: {json={"command":"set_selection","arguments":[-1,-1]}
12-09 07:59:21.519 I/System.out(12273): }
12-09 07:59:21.519 I/System.out(12273): header: {date=Sun, 09 Dec 2018 07:59:21 GMT, accept=*/*, content-length=47, host=127.0.0.1:34777, user-agent=HTTPClient/1.0 (2.8.3, ruby 2.3.1 (2016-04-26)), content-type=application/json;charset=utf-8}
12-09 07:59:21.519 I/System.out(12273): params: {json={"command":"set_selection","arguments":[-1,-1]}
12-09 07:59:21.519 I/System.out(12273): }
12-09 07:59:21.519 I/System.out(12273): ProP json = {"command":"set_selection","arguments":[-1,-1]}
12-09 07:59:21.519 I/System.out(12273): files: {}
12-09 07:59:21.520 I/System.out(12273): command: {"command":"set_selection","arguments":[-1,-1]}
12-09 07:59:21.521 I/InstrumentationBackend(12273): Got command:'Command:'Line:null,set_selection', arguments:'[-1, -1]'
12-09 07:59:21.559 I/System.out(12273): result:{"bonusInformation":[],"message":"","success":true}
12-09 07:59:21.637 I/System.out(12273): URI: //
12-09 07:59:21.637 I/System.out(12273): params: {json={"command":"keyboard_enter_text","arguments":["98879898284721092831"]}
12-09 07:59:21.637 I/System.out(12273): }
12-09 07:59:21.637 I/System.out(12273): header: {date=Sun, 09 Dec 2018 07:59:21 GMT, accept=*/*, content-length=70, host=127.0.0.1:34777, user-agent=HTTPClient/1.0 (2.8.3, ruby 2.3.1 (2016-04-26)), content-type=application/json;charset=utf-8}
12-09 07:59:21.637 I/System.out(12273): params: {json={"command":"keyboard_enter_text","arguments":["98879898284721092831"]}
12-09 07:59:21.637 I/System.out(12273): }
12-09 07:59:21.638 I/System.out(12273): ProP json = {"command":"keyboard_enter_text","arguments":["98879898284721092831"]}
12-09 07:59:21.638 I/System.out(12273): files: {}
12-09 07:59:21.638 I/System.out(12273): command: {"command":"keyboard_enter_text","arguments":["98879898284721092831"]}
12-09 07:59:21.639 I/InstrumentationBackend(12273): Got command:'Command:'Line:null,keyboard_enter_text', arguments:'[98879898284721092831]'
12-09 07:59:21.639 E/SpannableStringBuilder(12273): SPAN_EXCLUSIVE_EXCLUSIVE spans cannot have a zero length
12-09 07:59:21.639 E/SpannableStringBuilder(12273): SPAN_EXCLUSIVE_EXCLUSIVE spans cannot have a zero length
12-09 07:59:21.669 E/SpannableStringBuilder(12273): SPAN_EXCLUSIVE_EXCLUSIVE spans cannot have a zero length
12-09 07:59:21.669 E/SpannableStringBuilder(12273): SPAN_EXCLUSIVE_EXCLUSIVE spans cannot have a zero length
12-09 07:59:21.684 I/System.out(12273): result:{"bonusInformation":[],"message":"","success":true}
12-09 07:59:22.821 I/System.out(12273): URI: //map
12-09 07:59:22.821 I/System.out(12273): params: {json={"query":"android.widget.Button index:2","operation":{"method_name":"query","arguments":[]}}
12-09 07:59:22.821 I/System.out(12273): }
12-09 07:59:22.888 W/art     (12273): Suspending all threads took: 11.226ms
12-09 07:59:22.923 I/art     (12273): Background sticky concurrent mark sweep GC freed 55650(2MB) AllocSpace objects, 6(120KB) LOS objects, 22% free, 3MB/4MB, paused 12.447ms total 97.344ms
12-09 07:59:22.946 I/System.out(12273): URI: //gesture
12-09 07:59:22.946 I/System.out(12273): params: {json={"query_timeout":5.0,"gestures":[{"query_string":"android.widget.Button index:2","touches":[{"x":50,"y":50,"offset_x":0,"offset_y":0,"wait":0.0,"time":0.2,"release":true,"query_string":null}]}]}
12-09 07:59:22.946 I/System.out(12273): }
12-09 07:59:23.042 I/art     (12273): Background sticky concurrent mark sweep GC freed 26262(1190KB) AllocSpace objects, 2(40KB) LOS objects, 32% free, 2MB/4MB, paused 6.863ms total 22.136ms
12-09 07:59:23.466 W/audio_hw_generic( 1307): Hardware backing HAL too slow, could only write 0 of 661 frames
12-09 07:59:23.491 W/audio_hw_generic( 1307): Hardware backing HAL too slow, could only write 0 of 661 frames
12-09 07:59:23.504 I/art     (12273): Background sticky concurrent mark sweep GC freed 31132(1427KB) AllocSpace objects, 0(0B) LOS objects, 26% free, 3MB/4MB, paused 5.773ms total 42.511ms
12-09 07:59:23.507 W/audio_hw_generic( 1307): Hardware backing HAL too slow, could only write 0 of 661 frames
12-09 07:59:23.521 W/audio_hw_generic( 1307): Hardware backing HAL too slow, could only write 0 of 661 frames
12-09 07:59:23.762 W/audio_hw_generic( 1307): Not supplying enough data to HAL, expected position 12572918 , only wrote 12568254
12-09 07:59:23.762 W/audio_hw_generic( 1307): Not supplying enough data to HAL, expected position 12568261 , only wrote 12568254
12-09 07:59:23.854 W/audio_hw_generic( 1307): Not supplying enough data to HAL, expected position 12572310 , only wrote 12568915
12-09 07:59:23.863 E/SurfaceFlinger( 1219): ro.sf.lcd_density must be defined as a build property
12-09 07:59:23.864 D/gralloc_ranchu( 1219): gralloc_alloc: Creating ashmem region of size 3686400
12-09 07:59:23.903 D/        (12362): HostConnection::get() New Host Connection established 0x7f0767b12480, tid 12362
12-09 07:59:23.929 E/EGL_emulation( 1219): tid 1219: eglCreateSyncKHR(1881): error 0x3004 (EGL_BAD_ATTRIBUTE)
12-09 07:59:23.931 I/Choreographer(12273): Skipped 32 frames!  The application may be doing too much work on its main thread.
12-09 07:59:23.938 I/LatinIME( 1851): Starting input. Cursor position = -1,-1
12-09 07:59:24.126 D/Mileage.ABS(12273): Finished backup
12-09 07:59:24.127 D/Mileage.ABS(12273): Not backing up; 24
12-09 07:59:24.130 D/Mileage.ABS(12273): Not backing up; 27
12-09 07:59:24.148 D/Mileage.ABS(12273): Not backing up; 45
12-09 07:59:24.284 I/InputAttributes( 1851): InputType.TYPE_NULL is specified
12-09 07:59:24.307 D/EGL_emulation( 1851): eglMakeCurrent: 0x7f954d0a1780: ver 2 0 (tinfo 0x7f954d082860)
12-09 07:59:24.312 E/Surface ( 1851): getSlotFromBufferLocked: unknown buffer: 0x7f954d0a1fa0
12-09 07:59:24.468 W/audio_hw_generic( 1307): Not supplying enough data to HAL, expected position 12595984 , only wrote 12592050
12-09 07:59:24.468 W/audio_hw_generic( 1307): Not supplying enough data to HAL, expected position 12592057 , only wrote 12592050
12-09 07:59:24.488 W/audio_hw_generic( 1307): Not supplying enough data to HAL, expected position 12592948 , only wrote 12592711
12-09 07:59:24.520 W/audio_hw_generic( 1307): Not supplying enough data to HAL, expected position 12594111 , only wrote 12594033
12-09 07:59:24.542 W/audio_hw_generic( 1307): Hardware backing HAL too slow, could only write 0 of 661 frames
12-09 07:59:24.562 W/audio_hw_generic( 1307): Hardware backing HAL too slow, could only write 0 of 661 frames
12-09 07:59:24.578 W/audio_hw_generic( 1307): Hardware backing HAL too slow, could only write 0 of 661 frames
12-09 07:59:24.598 W/audio_hw_generic( 1307): Hardware backing HAL too slow, could only write 0 of 661 frames
12-09 07:59:24.634 W/audio_hw_generic( 1307): Hardware backing HAL too slow, could only write 0 of 661 frames
12-09 07:59:24.652 W/audio_hw_generic( 1307): Hardware backing HAL too slow, could only write 0 of 661 frames
12-09 07:59:24.667 W/audio_hw_generic( 1307): Hardware backing HAL too slow, could only write 0 of 661 frames
12-09 07:59:24.714 W/audio_hw_generic( 1307): Not supplying enough data to HAL, expected position 12602587 , only wrote 12601304
12-09 07:59:24.714 W/audio_hw_generic( 1307): Not supplying enough data to HAL, expected position 12601312 , only wrote 12601304
12-09 07:59:24.714 W/audio_hw_generic( 1307): Hardware backing HAL too slow, could only write 0 of 661 frames
12-09 07:59:24.731 W/audio_hw_generic( 1307): Not supplying enough data to HAL, expected position 12602061 , only wrote 12601965
12-09 07:59:24.731 W/audio_hw_generic( 1307): Hardware backing HAL too slow, could only write 0 of 661 frames
12-09 07:59:24.731 W/audio_hw_generic( 1307): Hardware backing HAL too slow, could only write 0 of 661 frames
12-09 07:59:24.770 W/audio_hw_generic( 1307): Hardware backing HAL too slow, could only write 0 of 661 frames
12-09 07:59:24.772 I/System.out(12273): URI: //map
12-09 07:59:24.772 I/System.out(12273): params: {json={"query":"android.widget.ListView index:0 android.widget.TextView index:0","operation":{"method_name":"query","arguments":[]}}
12-09 07:59:24.772 I/System.out(12273): }
12-09 07:59:25.050 W/audio_hw_generic( 1307): Not supplying enough data to HAL, expected position 12616005 , only wrote 12615846
12-09 07:59:25.050 W/audio_hw_generic( 1307): Not supplying enough data to HAL, expected position 12615853 , only wrote 12615846
12-09 07:59:25.069 W/audio_hw_generic( 1307): Not supplying enough data to HAL, expected position 12616703 , only wrote 12616507
12-09 07:59:25.194 W/audio_hw_generic( 1307): Not supplying enough data to HAL, expected position 12622005 , only wrote 12621795
12-09 07:59:25.194 W/audio_hw_generic( 1307): Not supplying enough data to HAL, expected position 12621805 , only wrote 12621795
12-09 07:59:25.216 W/audio_hw_generic( 1307): Not supplying enough data to HAL, expected position 12622762 , only wrote 12622456
12-09 07:59:25.294 W/audio_hw_generic( 1307): Not supplying enough data to HAL, expected position 12625885 , only wrote 12625761
12-09 07:59:25.294 W/audio_hw_generic( 1307): Not supplying enough data to HAL, expected position 12625768 , only wrote 12625761
12-09 07:59:25.314 W/audio_hw_generic( 1307): Not supplying enough data to HAL, expected position 12626633 , only wrote 12626422
12-09 07:59:25.445 I/art     (12273): Background partial concurrent mark sweep GC freed 63351(2MB) AllocSpace objects, 4(80KB) LOS objects, 39% free, 2MB/4MB, paused 1.948ms total 466.380ms
12-09 07:59:25.467 I/System.out(12273): URI: //gesture
12-09 07:59:25.467 I/System.out(12273): params: {json={"query_timeout":5.0,"gestures":[{"query_string":"android.widget.ListView index:0 android.widget.TextView index:0","touches":[{"x":50,"y":50,"offset_x":0,"offset_y":0,"wait":0.0,"time":0.2,"release":true,"query_string":null}]}]}
12-09 07:59:25.467 I/System.out(12273): }
12-09 07:59:25.754 W/audio_hw_generic( 1307): Not supplying enough data to HAL, expected position 12645828 , only wrote 12645591
12-09 07:59:25.754 W/audio_hw_generic( 1307): Not supplying enough data to HAL, expected position 12645598 , only wrote 12645591
12-09 07:59:25.770 W/audio_hw_generic( 1307): Not supplying enough data to HAL, expected position 12646290 , only wrote 12646252
12-09 07:59:26.042 W/audio_hw_generic( 1307): Not supplying enough data to HAL, expected position 12658233 , only wrote 12654845
12-09 07:59:26.046 W/audio_hw_generic( 1307): Not supplying enough data to HAL, expected position 12655038 , only wrote 12654845
12-09 07:59:26.062 W/audio_hw_generic( 1307): Not supplying enough data to HAL, expected position 12655543 , only wrote 12655506
12-09 07:59:26.244 W/audio_hw_generic( 1307): Not supplying enough data to HAL, expected position 12663563 , only wrote 12663438
12-09 07:59:26.245 W/audio_hw_generic( 1307): Not supplying enough data to HAL, expected position 12663446 , only wrote 12663438
12-09 07:59:26.263 W/audio_hw_generic( 1307): Not supplying enough data to HAL, expected position 12664243 , only wrote 12664099
12-09 07:59:26.426 W/audio_hw_generic( 1307): Not supplying enough data to HAL, expected position 12671295 , only wrote 12670709
12-09 07:59:26.426 W/audio_hw_generic( 1307): Not supplying enough data to HAL, expected position 12670716 , only wrote 12670709
12-09 07:59:26.446 W/audio_hw_generic( 1307): Not supplying enough data to HAL, expected position 12671577 , only wrote 12671370
12-09 07:59:26.486 W/audio_hw_generic( 1307): Not supplying enough data to HAL, expected position 12673144 , only wrote 12672692
12-09 07:59:26.489 I/ActivityManager( 1593): START u0 {cmp=com.evancharlton.mileage/.FillupInfoActivity (has extras)} from uid 10131 on display 0
12-09 07:59:26.527 W/audio_hw_generic( 1307): Not supplying enough data to HAL, expected position 12674489 , only wrote 12674014
12-09 07:59:26.546 W/audio_hw_generic( 1307): Not supplying enough data to HAL, expected position 12674874 , only wrote 12674675
12-09 07:59:26.667 W/audio_hw_generic( 1307): Hardware backing HAL too slow, could only write 0 of 661 frames
12-09 07:59:26.694 W/audio_hw_generic( 1307): Hardware backing HAL too slow, could only write 0 of 661 frames
12-09 07:59:26.725 D/AudioFlinger( 1307): mixer(0xf4340000) throttle end: throttle time(22)
12-09 07:59:26.743 W/audio_hw_generic( 1307): Hardware backing HAL too slow, could only write 0 of 661 frames
12-09 07:59:26.743 W/audio_hw_generic( 1307): Hardware backing HAL too slow, could only write 0 of 661 frames
12-09 07:59:26.765 W/audio_hw_generic( 1307): Hardware backing HAL too slow, could only write 0 of 661 frames
12-09 07:59:26.780 W/audio_hw_generic( 1307): Hardware backing HAL too slow, could only write 0 of 661 frames
12-09 07:59:26.790 W/audio_hw_generic( 1307): Hardware backing HAL too slow, could only write 0 of 661 frames
12-09 07:59:26.792 I/calabash(12273): newActivity1
12-09 07:59:26.868 E/SurfaceFlinger( 1219): ro.sf.lcd_density must be defined as a build property
12-09 07:59:26.905 D/gralloc_ranchu( 1219): gralloc_alloc: Creating ashmem region of size 3686400
12-09 07:59:26.935 I/art     (12273): Background sticky concurrent mark sweep GC freed 32708(1535KB) AllocSpace objects, 1(20KB) LOS objects, 11% free, 3MB/4MB, paused 8.868ms total 94.921ms
12-09 07:59:27.013 W/audio_hw_generic( 1307): Not supplying enough data to HAL, expected position 12689951 , only wrote 12688556
12-09 07:59:27.013 W/audio_hw_generic( 1307): Not supplying enough data to HAL, expected position 12688562 , only wrote 12688556
12-09 07:59:27.024 D/        (12370): HostConnection::get() New Host Connection established 0x7f8100dd2480, tid 12370
12-09 07:59:27.042 W/audio_hw_generic( 1307): Not supplying enough data to HAL, expected position 12689806 , only wrote 12689217
12-09 07:59:27.059 E/EGL_emulation( 1219): tid 1219: eglCreateSyncKHR(1881): error 0x3004 (EGL_BAD_ATTRIBUTE)
12-09 07:59:27.073 W/audio_hw_generic( 1307): Not supplying enough data to HAL, expected position 12690616 , only wrote 12690539
12-09 07:59:27.073 W/audio_hw_generic( 1307): Hardware backing HAL too slow, could only write 0 of 661 frames
12-09 07:59:27.074 W/audio_hw_generic( 1307): Hardware backing HAL too slow, could only write 0 of 661 frames
12-09 07:59:27.142 V/PhoneStatusBar( 1684): setLightsOn(true)
12-09 07:59:27.257 W/art     ( 1593): Long monitor contention event with owner method=int com.android.server.wm.WindowManagerService.relayoutWindow(com.android.server.wm.Session, android.view.IWindow, int, android.view.WindowManager$LayoutParams, int, int, int, int, android.graphics.Rect, android.graphics.Rect, android.graphics.Rect, android.graphics.Rect, android.graphics.Rect, android.graphics.Rect, android.content.res.Configuration, android.view.Surface) from WindowManagerService.java:3103 waiters=0 for 135ms
12-09 07:59:27.277 D/gralloc_ranchu( 1219): gralloc_alloc: Creating ashmem region of size 3686400
12-09 07:59:27.370 W/audio_hw_generic( 1307): Hardware backing HAL too slow, could only write 0 of 661 frames
12-09 07:59:27.494 W/audio_hw_generic( 1307): Not supplying enough data to HAL, expected position 12709080 , only wrote 12707725
12-09 07:59:27.494 W/audio_hw_generic( 1307): Not supplying enough data to HAL, expected position 12707732 , only wrote 12707725
12-09 07:59:27.526 W/audio_hw_generic( 1307): Not supplying enough data to HAL, expected position 12709137 , only wrote 12708386
12-09 07:59:27.526 W/audio_hw_generic( 1307): Hardware backing HAL too slow, could only write 0 of 661 frames
12-09 07:59:27.546 W/audio_hw_generic( 1307): Hardware backing HAL too slow, could only write 0 of 661 frames
12-09 07:59:27.567 W/audio_hw_generic( 1307): Hardware backing HAL too slow, could only write 0 of 661 frames
12-09 07:59:27.588 W/audio_hw_generic( 1307): Hardware backing HAL too slow, could only write 0 of 661 frames
12-09 07:59:27.597 W/audio_hw_generic( 1307): Hardware backing HAL too slow, could only write 0 of 661 frames
12-09 07:59:27.606 W/audio_hw_generic( 1307): Hardware backing HAL too slow, could only write 0 of 661 frames
12-09 07:59:27.642 W/audio_hw_generic( 1307): Hardware backing HAL too slow, could only write 0 of 661 frames
12-09 07:59:27.698 W/audio_hw_generic( 1307): Hardware backing HAL too slow, could only write 0 of 661 frames
12-09 07:59:27.698 W/audio_hw_generic( 1307): Not supplying enough data to HAL, expected position 12715966 , only wrote 12715657
12-09 07:59:27.698 W/audio_hw_generic( 1307): Not supplying enough data to HAL, expected position 12715664 , only wrote 12715657
12-09 07:59:27.698 W/audio_hw_generic( 1307): Hardware backing HAL too slow, could only write 0 of 661 frames
12-09 07:59:27.720 W/audio_hw_generic( 1307): Not supplying enough data to HAL, expected position 12716627 , only wrote 12716318
12-09 07:59:27.724 W/audio_hw_generic( 1307): Hardware backing HAL too slow, could only write 0 of 661 frames
12-09 07:59:27.725 W/audio_hw_generic( 1307): Hardware backing HAL too slow, could only write 0 of 661 frames
12-09 07:59:27.758 W/audio_hw_generic( 1307): Not supplying enough data to HAL, expected position 12717988 , only wrote 12717640
12-09 07:59:27.758 W/audio_hw_generic( 1307): Hardware backing HAL too slow, could only write 0 of 661 frames
12-09 07:59:27.758 W/audio_hw_generic( 1307): Hardware backing HAL too slow, could only write 0 of 661 frames
12-09 07:59:27.774 W/audio_hw_generic( 1307): Hardware backing HAL too slow, could only write 0 of 661 frames
12-09 07:59:27.793 W/audio_hw_generic( 1307): Hardware backing HAL too slow, could only write 0 of 661 frames
12-09 07:59:27.810 W/audio_hw_generic( 1307): Hardware backing HAL too slow, could only write 0 of 661 frames
12-09 07:59:27.811 W/art     ( 1593): Long monitor contention event with owner method=void com.android.server.wm.WindowAnimator$1.doFrame(long) from WindowAnimator.java:121 waiters=0 for 124ms
12-09 07:59:27.813 I/System.out(12273): URI: //map
12-09 07:59:27.813 I/System.out(12273): params: {json={"query":"android.widget.Button index:1","operation":{"method_name":"query","arguments":[]}}
12-09 07:59:27.813 I/System.out(12273): }
12-09 07:59:27.954 W/audio_hw_generic( 1307): Hardware backing HAL too slow, could only write 0 of 661 frames
12-09 07:59:27.954 W/audio_hw_generic( 1307): Not supplying enough data to HAL, expected position 12726277 , only wrote 12726233
12-09 07:59:27.954 W/audio_hw_generic( 1307): Not supplying enough data to HAL, expected position 12726239 , only wrote 12726233
12-09 07:59:27.974 W/audio_hw_generic( 1307): Not supplying enough data to HAL, expected position 12727106 , only wrote 12726894
12-09 07:59:27.978 W/art     ( 1593): Long monitor contention event with owner method=void com.android.server.wm.WindowAnimator$1.doFrame(long) from WindowAnimator.java:121 waiters=1 for 186ms
12-09 07:59:28.029 W/art     ( 1593): Long monitor contention event with owner method=void com.android.server.wm.WindowAnimator$1.doFrame(long) from WindowAnimator.java:121 waiters=1 for 218ms
12-09 07:59:28.237 W/art     ( 1593): Long monitor contention event with owner method=void com.android.server.wm.WindowAnimator$1.doFrame(long) from WindowAnimator.java:121 waiters=1 for 111ms
12-09 07:59:28.574 W/audio_hw_generic( 1307): Not supplying enough data to HAL, expected position 12753354 , only wrote 12753334
12-09 07:59:28.597 W/audio_hw_generic( 1307): Not supplying enough data to HAL, expected position 12754343 , only wrote 12753995
12-09 07:59:28.597 W/audio_hw_generic( 1307): Not supplying enough data to HAL, expected position 12754002 , only wrote 12753995
12-09 07:59:28.597 W/audio_hw_generic( 1307): Hardware backing HAL too slow, could only write 0 of 661 frames
12-09 07:59:28.614 W/audio_hw_generic( 1307): Not supplying enough data to HAL, expected position 12754741 , only wrote 12754656
12-09 07:59:28.614 W/audio_hw_generic( 1307): Hardware backing HAL too slow, could only write 0 of 661 frames
12-09 07:59:28.614 W/audio_hw_generic( 1307): Hardware backing HAL too slow, could only write 0 of 661 frames
12-09 07:59:28.629 W/audio_hw_generic( 1307): Hardware backing HAL too slow, could only write 0 of 661 frames
12-09 07:59:28.633 W/art     ( 1593): Long monitor contention event with owner method=void com.android.server.wm.WindowAnimator$1.doFrame(long) from WindowAnimator.java:121 waiters=1 for 177ms
12-09 07:59:28.670 W/audio_hw_generic( 1307): Hardware backing HAL too slow, could only write 0 of 661 frames
12-09 07:59:28.814 W/audio_hw_generic( 1307): Not supplying enough data to HAL, expected position 12763476 , only wrote 12759944
12-09 07:59:28.818 W/audio_hw_generic( 1307): Not supplying enough data to HAL, expected position 12760111 , only wrote 12759944
12-09 07:59:28.838 W/art     ( 1593): Long monitor contention event with owner method=void com.android.server.wm.WindowAnimator$1.doFrame(long) from WindowAnimator.java:121 waiters=1 for 314ms
12-09 07:59:28.902 W/audio_hw_generic( 1307): Not supplying enough data to HAL, expected position 12763687 , only wrote 12761266
12-09 07:59:28.966 W/audio_hw_generic( 1307): Hardware backing HAL too slow, could only write 0 of 661 frames
12-09 07:59:29.046 W/audio_hw_generic( 1307): Not supplying enough data to HAL, expected position 12767596 , only wrote 12766554
12-09 07:59:29.046 W/audio_hw_generic( 1307): Not supplying enough data to HAL, expected position 12766561 , only wrote 12766554
12-09 07:59:29.073 W/art     ( 1593): Long monitor contention event with owner method=void com.android.server.wm.WindowAnimator$1.doFrame(long) from WindowAnimator.java:121 waiters=1 for 234ms
12-09 07:59:29.104 W/audio_hw_generic( 1307): Not supplying enough data to HAL, expected position 12769096 , only wrote 12767215
12-09 07:59:29.170 W/audio_hw_generic( 1307): Hardware backing HAL too slow, could only write 0 of 661 frames
12-09 07:59:29.210 W/art     ( 1593): Long monitor contention event with owner method=java.util.List com.android.server.am.ActivityManagerService.getAllStackInfos() from ActivityManagerService.java:8937 waiters=0 for 926ms
12-09 07:59:29.441 W/audio_hw_generic( 1307): Not supplying enough data to HAL, expected position 12782065 , only wrote 12779774
12-09 07:59:29.441 W/audio_hw_generic( 1307): Not supplying enough data to HAL, expected position 12779796 , only wrote 12779774
12-09 07:59:29.471 W/audio_hw_generic( 1307): Not supplying enough data to HAL, expected position 12781091 , only wrote 12780435
12-09 07:59:29.642 W/audio_hw_generic( 1307): Not supplying enough data to HAL, expected position 12787993 , only wrote 12785062
12-09 07:59:29.643 W/audio_hw_generic( 1307): Not supplying enough data to HAL, expected position 12785069 , only wrote 12785062
12-09 07:59:29.656 I/ActivityManager( 1593): Displayed com.evancharlton.mileage/.FillupInfoActivity: +2s880ms
12-09 07:59:29.700 D/gralloc_ranchu( 1219): gralloc_alloc: Creating ashmem region of size 3686400
12-09 07:59:29.706 W/audio_hw_generic( 1307): Hardware backing HAL too slow, could only write 0 of 661 frames
12-09 07:59:29.719 W/audio_hw_generic( 1307): Hardware backing HAL too slow, could only write 0 of 661 frames
12-09 07:59:29.739 W/audio_hw_generic( 1307): Hardware backing HAL too slow, could only write 0 of 661 frames
12-09 07:59:29.766 W/audio_hw_generic( 1307): Not supplying enough data to HAL, expected position 12795059 , only wrote 12790350
12-09 07:59:30.292 I/art     (12273): Background sticky concurrent mark sweep GC freed 31986(1504KB) AllocSpace objects, 1(20KB) LOS objects, 29% free, 3MB/4MB, paused 1.166ms total 156.821ms
12-09 07:59:30.301 D/gralloc_ranchu( 1219): gralloc_alloc: Creating ashmem region of size 3686400
12-09 07:59:30.323 I/System.out(12273): URI: //gesture
12-09 07:59:30.323 I/System.out(12273): params: {json={"query_timeout":5.0,"gestures":[{"query_string":"android.widget.Button index:1","touches":[{"x":50,"y":50,"offset_x":0,"offset_y":0,"wait":0.0,"time":0.2,"release":true,"query_string":null}]}]}
12-09 07:59:30.323 I/System.out(12273): }
12-09 07:59:30.774 I/ActivityManager( 1593): START u0 {cmp=com.evancharlton.mileage/.FillupInfoActivity (has extras)} from uid 10131 on display 0
12-09 07:59:30.838 D/AudioFlinger( 1307): mixer(0xf4340000) throttle end: throttle time(11)
12-09 07:59:30.866 W/audio_hw_generic( 1307): Hardware backing HAL too slow, could only write 0 of 661 frames
12-09 07:59:30.881 W/audio_hw_generic( 1307): Hardware backing HAL too slow, could only write 0 of 661 frames
12-09 07:59:30.893 W/audio_hw_generic( 1307): Hardware backing HAL too slow, could only write 0 of 661 frames
12-09 07:59:30.910 W/audio_hw_generic( 1307): Hardware backing HAL too slow, could only write 0 of 661 frames
12-09 07:59:30.926 W/audio_hw_generic( 1307): Hardware backing HAL too slow, could only write 0 of 661 frames
12-09 07:59:30.942 W/audio_hw_generic( 1307): Hardware backing HAL too slow, could only write 0 of 661 frames
12-09 07:59:30.943 I/art     (12273): Background partial concurrent mark sweep GC freed 46757(2MB) AllocSpace objects, 6(124KB) LOS objects, 39% free, 2MB/4MB, paused 29.619ms total 153.072ms
12-09 07:59:30.962 W/audio_hw_generic( 1307): Hardware backing HAL too slow, could only write 0 of 661 frames
12-09 07:59:30.987 I/calabash(12273): newActivity1
12-09 07:59:31.103 W/audio_hw_generic( 1307): Not supplying enough data to HAL, expected position 12802918 , only wrote 12802909
12-09 07:59:31.103 W/audio_hw_generic( 1307): Not supplying enough data to HAL, expected position 12802917 , only wrote 12802909
12-09 07:59:31.226 W/audio_hw_generic( 1307): Not supplying enough data to HAL, expected position 12808331 , only wrote 12803570
12-09 07:59:31.243 V/PhoneStatusBar( 1684): setLightsOn(true)
12-09 07:59:31.310 W/audio_hw_generic( 1307): Not supplying enough data to HAL, expected position 12807265 , only wrote 12806214
12-09 07:59:31.310 W/audio_hw_generic( 1307): Not supplying enough data to HAL, expected position 12806222 , only wrote 12806214
12-09 07:59:31.310 W/audio_hw_generic( 1307): Hardware backing HAL too slow, could only write 0 of 661 frames
12-09 07:59:31.329 W/audio_hw_generic( 1307): Not supplying enough data to HAL, expected position 12807033 , only wrote 12806875
12-09 07:59:31.329 W/audio_hw_generic( 1307): Hardware backing HAL too slow, could only write 0 of 661 frames
12-09 07:59:31.329 W/audio_hw_generic( 1307): Hardware backing HAL too slow, could only write 0 of 661 frames
12-09 07:59:31.343 W/audio_hw_generic( 1307): Hardware backing HAL too slow, could only write 0 of 661 frames
12-09 07:59:31.352 D/gralloc_ranchu( 1219): gralloc_alloc: Creating ashmem region of size 3686400
12-09 07:59:31.361 W/audio_hw_generic( 1307): Hardware backing HAL too slow, could only write 0 of 661 frames
12-09 07:59:31.376 W/audio_hw_generic( 1307): Hardware backing HAL too slow, could only write 0 of 661 frames
12-09 07:59:31.397 W/audio_hw_generic( 1307): Hardware backing HAL too slow, could only write 0 of 661 frames
12-09 07:59:31.471 E/SurfaceFlinger( 1219): ro.sf.lcd_density must be defined as a build property
12-09 07:59:31.516 D/gralloc_ranchu( 1219): gralloc_alloc: Creating ashmem region of size 3686400
12-09 07:59:31.604 W/audio_hw_generic( 1307): Not supplying enough data to HAL, expected position 12819000 , only wrote 12816129
12-09 07:59:31.611 D/        (12377): HostConnection::get() New Host Connection established 0x7f3749412480, tid 12377
12-09 07:59:31.630 E/EGL_emulation( 1219): tid 1219: eglCreateSyncKHR(1881): error 0x3004 (EGL_BAD_ATTRIBUTE)
12-09 07:59:31.635 W/audio_hw_generic( 1307): Not supplying enough data to HAL, expected position 12817528 , only wrote 12817451
12-09 07:59:31.666 W/audio_hw_generic( 1307): Hardware backing HAL too slow, could only write 0 of 661 frames
12-09 07:59:31.786 W/audio_hw_generic( 1307): Not supplying enough data to HAL, expected position 12824093 , only wrote 12822739
12-09 07:59:31.786 W/audio_hw_generic( 1307): Not supplying enough data to HAL, expected position 12822747 , only wrote 12822739
12-09 07:59:31.802 W/audio_hw_generic( 1307): Not supplying enough data to HAL, expected position 12823453 , only wrote 12823400
12-09 07:59:31.862 W/audio_hw_generic( 1307): Not supplying enough data to HAL, expected position 12826047 , only wrote 12826044
12-09 07:59:31.878 W/audio_hw_generic( 1307): Not supplying enough data to HAL, expected position 12826730 , only wrote 12826705
12-09 07:59:31.972 W/art     ( 1593): Long monitor contention event with owner method=void com.android.server.wm.WindowAnimator$1.doFrame(long) from WindowAnimator.java:121 waiters=1 for 141ms
12-09 07:59:32.062 W/art     ( 1593): Long monitor contention event with owner method=void com.android.server.wm.WindowAnimator$1.doFrame(long) from WindowAnimator.java:121 waiters=1 for 189ms
12-09 07:59:32.182 W/art     ( 1593): Long monitor contention event with owner method=void com.android.server.wm.WindowAnimator$1.doFrame(long) from WindowAnimator.java:121 waiters=1 for 210ms
12-09 07:59:32.206 W/audio_hw_generic( 1307): Not supplying enough data to HAL, expected position 12841159 , only wrote 12839925
12-09 07:59:32.206 W/audio_hw_generic( 1307): Not supplying enough data to HAL, expected position 12839932 , only wrote 12839925
12-09 07:59:32.230 W/audio_hw_generic( 1307): Not supplying enough data to HAL, expected position 12840991 , only wrote 12840586
12-09 07:59:32.504 W/audio_hw_generic( 1307): Not supplying enough data to HAL, expected position 12852659 , only wrote 12847857
12-09 07:59:32.504 W/audio_hw_generic( 1307): Not supplying enough data to HAL, expected position 12847868 , only wrote 12847857
12-09 07:59:32.539 W/art     ( 1593): Long monitor contention event with owner method=void com.android.server.wm.WindowAnimator$1.doFrame(long) from WindowAnimator.java:121 waiters=1 for 286ms
12-09 07:59:32.567 W/audio_hw_generic( 1307): Not supplying enough data to HAL, expected position 12850635 , only wrote 12848518
12-09 07:59:32.594 W/audio_hw_generic( 1307): Not supplying enough data to HAL, expected position 12849692 , only wrote 12849179
12-09 07:59:32.594 W/audio_hw_generic( 1307): Not supplying enough data to HAL, expected position 12849186 , only wrote 12849179
12-09 07:59:32.709 I/System.out(12273): URI: //map
12-09 07:59:32.709 I/System.out(12273): params: {json={"query":"android.widget.Button index:0","operation":{"method_name":"query","arguments":[]}}
12-09 07:59:32.709 I/System.out(12273): }
12-09 07:59:32.844 W/audio_hw_generic( 1307): Not supplying enough data to HAL, expected position 12860194 , only wrote 12857772
12-09 07:59:32.844 W/audio_hw_generic( 1307): Not supplying enough data to HAL, expected position 12857782 , only wrote 12857772
12-09 07:59:32.868 W/audio_hw_generic( 1307): Not supplying enough data to HAL, expected position 12858857 , only wrote 12858433
12-09 07:59:32.914 W/art     ( 1593): Long monitor contention event with owner method=void com.android.server.wm.WindowAnimator$1.doFrame(long) from WindowAnimator.java:121 waiters=1 for 254ms
12-09 07:59:32.914 W/art     ( 1593): Long monitor contention event with owner method=void com.android.server.wm.WindowAnimator$1.doFrame(long) from WindowAnimator.java:121 waiters=1 for 165ms
12-09 07:59:32.914 W/art     ( 1593): Long monitor contention event with owner method=java.util.List com.android.server.am.ActivityManagerService.getAllStackInfos() from ActivityManagerService.java:8937 waiters=0 for 583ms
12-09 07:59:33.006 W/audio_hw_generic( 1307): Not supplying enough data to HAL, expected position 12864485 , only wrote 12864382
