12-09 07:43:38.096 W/audio_hw_generic( 1310): Hardware backing HAL too slow, could only write 0 of 661 frames
12-09 07:43:38.115 W/audio_hw_generic( 1310): Not supplying enough data to HAL, expected position 4424801 , only wrote 4424734
12-09 07:43:38.115 W/audio_hw_generic( 1310): Hardware backing HAL too slow, could only write 0 of 661 frames
12-09 07:43:38.116 W/audio_hw_generic( 1310): Hardware backing HAL too slow, could only write 0 of 661 frames
12-09 07:43:38.132 W/audio_hw_generic( 1310): Hardware backing HAL too slow, could only write 0 of 661 frames
12-09 07:43:38.147 W/audio_hw_generic( 1310): Hardware backing HAL too slow, could only write 0 of 661 frames
12-09 07:43:38.168 D/Mileage.ABS( 5844): Finished backup
12-09 07:43:38.170 W/audio_hw_generic( 1310): Hardware backing HAL too slow, could only write 0 of 661 frames
12-09 07:43:38.177 W/audio_hw_generic( 1310): Hardware backing HAL too slow, could only write 0 of 661 frames
12-09 07:43:38.178 D/Mileage ( 5844): Not enough fillups to calculate economy
12-09 07:43:38.183 D/Mileage.ABS( 5844): Not backing up; 43
12-09 07:43:38.183 D/Mileage.ABS( 5844): Not backing up; 43
12-09 07:43:38.268 W/audio_hw_generic( 1310): Not supplying enough data to HAL, expected position 4431477 , only wrote 4431344
12-09 07:43:38.268 W/audio_hw_generic( 1310): Not supplying enough data to HAL, expected position 4431350 , only wrote 4431344
12-09 07:43:38.285 W/audio_hw_generic( 1310): Not supplying enough data to HAL, expected position 4432086 , only wrote 4432005
12-09 07:43:38.424 W/audio_hw_generic( 1310): Hardware backing HAL too slow, could only write 0 of 661 frames
12-09 07:43:38.447 W/audio_hw_generic( 1310): Hardware backing HAL too slow, could only write 0 of 661 frames
12-09 07:43:38.450 W/audio_hw_generic( 1310): Hardware backing HAL too slow, could only write 0 of 661 frames
12-09 07:43:38.481 W/audio_hw_generic( 1310): Hardware backing HAL too slow, could only write 0 of 661 frames
12-09 07:43:38.495 W/audio_hw_generic( 1310): Hardware backing HAL too slow, could only write 0 of 661 frames
12-09 07:43:38.511 W/audio_hw_generic( 1310): Hardware backing HAL too slow, could only write 0 of 661 frames
12-09 07:43:38.633 W/audio_hw_generic( 1310): Hardware backing HAL too slow, could only write 0 of 661 frames
12-09 07:43:38.633 W/audio_hw_generic( 1310): Not supplying enough data to HAL, expected position 4447352 , only wrote 4447208
12-09 07:43:38.633 W/audio_hw_generic( 1310): Not supplying enough data to HAL, expected position 4447213 , only wrote 4447208
12-09 07:43:38.651 W/audio_hw_generic( 1310): Not supplying enough data to HAL, expected position 4447995 , only wrote 4447869
12-09 07:43:38.685 W/audio_hw_generic( 1310): Not supplying enough data to HAL, expected position 4449335 , only wrote 4449191
12-09 07:43:38.685 W/audio_hw_generic( 1310): Hardware backing HAL too slow, could only write 0 of 661 frames
12-09 07:43:38.717 W/audio_hw_generic( 1310): Not supplying enough data to HAL, expected position 4450602 , only wrote 4450513
12-09 07:43:38.717 W/audio_hw_generic( 1310): Hardware backing HAL too slow, could only write 0 of 661 frames
12-09 07:43:38.717 W/audio_hw_generic( 1310): Hardware backing HAL too slow, could only write 0 of 661 frames
12-09 07:43:38.733 W/RichInputConnection( 1862): Slow InputConnection: GET_TEXT_BEFORE_CURSOR took 240 ms.
12-09 07:43:38.733 I/InputAttributes( 1862): InputType.TYPE_NULL is specified
12-09 07:43:38.762 W/audio_hw_generic( 1310): Hardware backing HAL too slow, could only write 0 of 661 frames
12-09 07:43:38.785 I/Choreographer( 1862): Skipped 54 frames!  The application may be doing too much work on its main thread.
12-09 07:43:38.799 W/audio_hw_generic( 1310): Hardware backing HAL too slow, could only write 0 of 661 frames
12-09 07:43:38.800 W/audio_hw_generic( 1310): Not supplying enough data to HAL, expected position 4454176 , only wrote 4453818
12-09 07:43:38.800 W/audio_hw_generic( 1310): Not supplying enough data to HAL, expected position 4453823 , only wrote 4453818
12-09 07:43:38.800 W/audio_hw_generic( 1310): Hardware backing HAL too slow, could only write 0 of 661 frames
12-09 07:43:38.944 W/audio_hw_generic( 1310): Not supplying enough data to HAL, expected position 4460173 , only wrote 4459767
12-09 07:43:38.944 W/audio_hw_generic( 1310): Not supplying enough data to HAL, expected position 4459773 , only wrote 4459767
12-09 07:43:38.949 I/System.out( 5844): URI: //gesture
12-09 07:43:38.949 I/System.out( 5844): params: {json={"query_timeout":5.0,"gestures":[{"query_string":"android.widget.TabWidget descendant TextView index:0","touches":[{"x":50,"y":50,"offset_x":0,"offset_y":0,"wait":0.0,"time":0.2,"release":true,"query_string":null}]}]}
12-09 07:43:38.949 I/System.out( 5844): }
12-09 07:43:38.974 W/audio_hw_generic( 1310): Not supplying enough data to HAL, expected position 4461089 , only wrote 4460428
12-09 07:43:39.099 D/EGL_emulation( 1862): eglMakeCurrent: 0x7f2639a25d80: ver 2 0 (tinfo 0x7f262e26a640)
12-09 07:43:39.100 E/Surface ( 1862): getSlotFromBufferLocked: unknown buffer: 0x7f262e2750a0
12-09 07:43:39.458 W/CursorWrapperInner( 5844): Cursor finalized without prior close()
12-09 07:43:39.471 W/audio_hw_generic( 1310): Not supplying enough data to HAL, expected position 4482360 , only wrote 4482241
12-09 07:43:39.502 W/audio_hw_generic( 1310): Not supplying enough data to HAL, expected position 4483595 , only wrote 4483563
12-09 07:43:39.760 W/audio_hw_generic( 1310): Not supplying enough data to HAL, expected position 4494917 , only wrote 4486207
12-09 07:43:39.760 W/audio_hw_generic( 1310): Not supplying enough data to HAL, expected position 4486213 , only wrote 4486207
12-09 07:43:39.839 W/audio_hw_generic( 1310): Not supplying enough data to HAL, expected position 4489727 , only wrote 4489512
12-09 07:43:39.904 W/audio_hw_generic( 1310): Hardware backing HAL too slow, could only write 0 of 661 frames
12-09 07:43:39.913 W/audio_hw_generic( 1310): Hardware backing HAL too slow, could only write 0 of 661 frames
12-09 07:43:39.924 W/art     ( 1595): Long monitor contention event with owner method=void com.android.server.wm.WindowAnimator$1.doFrame(long) from WindowAnimator.java:121 waiters=0 for 128ms
12-09 07:43:39.937 I/Choreographer( 5844): Skipped 34 frames!  The application may be doing too much work on its main thread.
12-09 07:43:39.941 D/AudioFlinger( 1310): mixer(0xf4380000) throttle end: throttle time(11)
12-09 07:43:39.943 W/audio_hw_generic( 1310): Hardware backing HAL too slow, could only write 0 of 661 frames
12-09 07:43:39.958 W/audio_hw_generic( 1310): Hardware backing HAL too slow, could only write 0 of 661 frames
12-09 07:43:40.016 W/audio_hw_generic( 1310): Not supplying enough data to HAL, expected position 4497302 , only wrote 4496122
12-09 07:43:40.016 W/audio_hw_generic( 1310): Not supplying enough data to HAL, expected position 4496128 , only wrote 4496122
12-09 07:43:40.031 W/audio_hw_generic( 1310): Not supplying enough data to HAL, expected position 4496787 , only wrote 4496783
12-09 07:43:40.031 W/audio_hw_generic( 1310): Hardware backing HAL too slow, could only write 0 of 661 frames
12-09 07:43:40.032 W/audio_hw_generic( 1310): Hardware backing HAL too slow, could only write 0 of 661 frames
12-09 07:43:40.050 W/audio_hw_generic( 1310): Hardware backing HAL too slow, could only write 0 of 661 frames
12-09 07:43:40.065 W/audio_hw_generic( 1310): Hardware backing HAL too slow, could only write 0 of 661 frames
12-09 07:43:40.092 W/audio_hw_generic( 1310): Hardware backing HAL too slow, could only write 0 of 661 frames
12-09 07:43:40.508 W/audio_hw_generic( 1310): Not supplying enough data to HAL, expected position 4517799 , only wrote 4517274
12-09 07:43:40.514 I/System.out( 5844): URI: //map
12-09 07:43:40.514 I/System.out( 5844): params: {json={"query":"android.widget.EditText id:'price'","operation":{"method_name":"query","arguments":[]}}
12-09 07:43:40.515 I/System.out( 5844): }
12-09 07:43:40.536 W/ResourceType( 5844): No package identifier when getting name for resource number 0x00000001
12-09 07:43:40.660 W/audio_hw_generic( 1310): Hardware backing HAL too slow, could only write 0 of 661 frames
12-09 07:43:40.679 W/audio_hw_generic( 1310): Hardware backing HAL too slow, could only write 0 of 661 frames
12-09 07:43:40.695 W/audio_hw_generic( 1310): Hardware backing HAL too slow, could only write 0 of 661 frames
12-09 07:43:40.719 W/audio_hw_generic( 1310): Hardware backing HAL too slow, could only write 0 of 661 frames
12-09 07:43:40.720 I/System.out( 5844): URI: //gesture
12-09 07:43:40.721 I/System.out( 5844): params: {json={"query_timeout":5.0,"gestures":[{"query_string":"android.widget.EditText id:'price'","touches":[{"x":50,"y":50,"offset_x":0,"offset_y":0,"wait":0.0,"time":0.2,"release":true,"query_string":null}]}]}
12-09 07:43:40.721 I/System.out( 5844): }
12-09 07:43:40.731 I/art     ( 5844): Background sticky concurrent mark sweep GC freed 45551(2MB) AllocSpace objects, 2(40KB) LOS objects, 23% free, 3MB/4MB, paused 13.436ms total 171.194ms
12-09 07:43:40.737 W/ResourceType( 5844): No package identifier when getting name for resource number 0x00000001
12-09 07:43:40.740 W/audio_hw_generic( 1310): Hardware backing HAL too slow, could only write 0 of 661 frames
12-09 07:43:40.936 W/audio_hw_generic( 1310): Not supplying enough data to HAL, expected position 4536147 , only wrote 4531816
12-09 07:43:40.948 W/audio_hw_generic( 1310): Not supplying enough data to HAL, expected position 4532343 , only wrote 4531816
12-09 07:43:40.976 W/audio_hw_generic( 1310): Not supplying enough data to HAL, expected position 4533069 , only wrote 4532477
12-09 07:43:41.032 W/audio_hw_generic( 1310): Not supplying enough data to HAL, expected position 4534915 , only wrote 4533799
12-09 07:43:41.047 W/audio_hw_generic( 1310): Hardware backing HAL too slow, could only write 0 of 661 frames
12-09 07:43:41.063 W/audio_hw_generic( 1310): Hardware backing HAL too slow, could only write 0 of 661 frames
12-09 07:43:41.078 W/audio_hw_generic( 1310): Hardware backing HAL too slow, could only write 0 of 661 frames
12-09 07:43:41.344 I/LatinIME( 1862): Starting input. Cursor position = 0,0
12-09 07:43:41.555 W/audio_hw_generic( 1310): Hardware backing HAL too slow, could only write 0 of 661 frames
12-09 07:43:41.579 W/audio_hw_generic( 1310): Hardware backing HAL too slow, could only write 0 of 661 frames
12-09 07:43:41.604 W/audio_hw_generic( 1310): Hardware backing HAL too slow, could only write 0 of 661 frames
12-09 07:43:41.615 W/audio_hw_generic( 1310): Hardware backing HAL too slow, could only write 0 of 661 frames
12-09 07:43:41.739 W/audio_hw_generic( 1310): Not supplying enough data to HAL, expected position 4565013 , only wrote 4564866
12-09 07:43:41.852 W/audio_hw_generic( 1310): Not supplying enough data to HAL, expected position 4569848 , only wrote 4569493
12-09 07:43:41.853 W/audio_hw_generic( 1310): Not supplying enough data to HAL, expected position 4569499 , only wrote 4569493
12-09 07:43:41.871 W/audio_hw_generic( 1310): Not supplying enough data to HAL, expected position 4570318 , only wrote 4570154
12-09 07:43:41.886 W/audio_hw_generic( 1310): Hardware backing HAL too slow, could only write 0 of 661 frames
12-09 07:43:41.897 I/System.out( 5844): URI: //
12-09 07:43:41.897 I/System.out( 5844): params: {json={"command":"set_selection","arguments":[-1,-1]}
12-09 07:43:41.897 I/System.out( 5844): }
12-09 07:43:41.897 I/System.out( 5844): header: {date=Sun, 09 Dec 2018 07:43:42 GMT, accept=*/*, content-length=47, host=127.0.0.1:34777, user-agent=HTTPClient/1.0 (2.8.3, ruby 2.3.1 (2016-04-26)), content-type=application/json;charset=utf-8}
12-09 07:43:41.897 I/System.out( 5844): params: {json={"command":"set_selection","arguments":[-1,-1]}
12-09 07:43:41.897 I/System.out( 5844): }
12-09 07:43:41.897 I/System.out( 5844): ProP json = {"command":"set_selection","arguments":[-1,-1]}
12-09 07:43:41.897 I/System.out( 5844): files: {}
12-09 07:43:41.897 I/System.out( 5844): command: {"command":"set_selection","arguments":[-1,-1]}
12-09 07:43:41.898 I/InstrumentationBackend( 5844): Got command:'Command:'Line:null,set_selection', arguments:'[-1, -1]'
12-09 07:43:41.903 I/System.out( 5844): result:{"bonusInformation":[],"message":"","success":true}
12-09 07:43:41.903 W/audio_hw_generic( 1310): Hardware backing HAL too slow, could only write 0 of 661 frames
12-09 07:43:41.931 W/audio_hw_generic( 1310): Hardware backing HAL too slow, could only write 0 of 661 frames
12-09 07:43:41.947 W/audio_hw_generic( 1310): Hardware backing HAL too slow, could only write 0 of 661 frames
12-09 07:43:41.961 D/EGL_emulation( 1862): eglMakeCurrent: 0x7f2639a25d80: ver 2 0 (tinfo 0x7f262e26a640)
12-09 07:43:42.128 W/audio_hw_generic( 1310): Not supplying enough data to HAL, expected position 4581474 , only wrote 4580730
12-09 07:43:42.138 W/audio_hw_generic( 1310): Not supplying enough data to HAL, expected position 4581152 , only wrote 4580730
12-09 07:43:42.172 W/audio_hw_generic( 1310): Hardware backing HAL too slow, could only write 0 of 661 frames
12-09 07:43:42.196 W/audio_hw_generic( 1310): Hardware backing HAL too slow, could only write 0 of 661 frames
12-09 07:43:42.217 W/audio_hw_generic( 1310): Hardware backing HAL too slow, could only write 0 of 661 frames
12-09 07:43:42.239 W/audio_hw_generic( 1310): Hardware backing HAL too slow, could only write 0 of 661 frames
12-09 07:43:42.267 W/audio_hw_generic( 1310): Hardware backing HAL too slow, could only write 0 of 661 frames
12-09 07:43:42.340 I/System.out( 5844): URI: //
12-09 07:43:42.340 I/System.out( 5844): params: {json={"command":"keyboard_enter_text","arguments":["54"]}
12-09 07:43:42.340 I/System.out( 5844): }
12-09 07:43:42.340 I/System.out( 5844): header: {date=Sun, 09 Dec 2018 07:43:43 GMT, accept=*/*, content-length=52, host=127.0.0.1:34777, user-agent=HTTPClient/1.0 (2.8.3, ruby 2.3.1 (2016-04-26)), content-type=application/json;charset=utf-8}
12-09 07:43:42.340 I/System.out( 5844): params: {json={"command":"keyboard_enter_text","arguments":["54"]}
12-09 07:43:42.340 I/System.out( 5844): }
12-09 07:43:42.340 I/System.out( 5844): ProP json = {"command":"keyboard_enter_text","arguments":["54"]}
12-09 07:43:42.340 I/System.out( 5844): files: {}
12-09 07:43:42.340 I/System.out( 5844): command: {"command":"keyboard_enter_text","arguments":["54"]}
12-09 07:43:42.341 I/InstrumentationBackend( 5844): Got command:'Command:'Line:null,keyboard_enter_text', arguments:'[54]'
12-09 07:43:42.408 W/audio_hw_generic( 1310): Not supplying enough data to HAL, expected position 4592666 , only wrote 4592628
12-09 07:43:42.426 W/audio_hw_generic( 1310): Not supplying enough data to HAL, expected position 4593423 , only wrote 4592628
12-09 07:43:42.450 W/audio_hw_generic( 1310): Not supplying enough data to HAL, expected position 4593683 , only wrote 4593289
12-09 07:43:42.452 E/SpannableStringBuilder( 5844): SPAN_EXCLUSIVE_EXCLUSIVE spans cannot have a zero length
12-09 07:43:42.452 E/SpannableStringBuilder( 5844): SPAN_EXCLUSIVE_EXCLUSIVE spans cannot have a zero length
12-09 07:43:42.765 E/SpannableStringBuilder( 5844): SPAN_EXCLUSIVE_EXCLUSIVE spans cannot have a zero length
12-09 07:43:42.765 E/SpannableStringBuilder( 5844): SPAN_EXCLUSIVE_EXCLUSIVE spans cannot have a zero length
12-09 07:43:42.796 I/System.out( 5844): result:{"bonusInformation":[],"message":"","success":true}
12-09 07:43:42.924 I/System.out( 5844): URI: //map
12-09 07:43:42.924 I/System.out( 5844): params: {json={"query":"android.widget.EditText id:'volume'","operation":{"method_name":"query","arguments":[]}}
12-09 07:43:42.924 I/System.out( 5844): }
12-09 07:43:42.961 W/ResourceType( 5844): No package identifier when getting name for resource number 0x00000001
12-09 07:43:42.979 W/audio_hw_generic( 1310): Not supplying enough data to HAL, expected position 4639333 , only wrote 4616424
12-09 07:43:43.018 W/art     ( 5844): Suspending all threads took: 5.373ms
12-09 07:43:43.080 I/art     ( 5844): Background sticky concurrent mark sweep GC freed 48949(2MB) AllocSpace objects, 2(40KB) LOS objects, 27% free, 3MB/4MB, paused 6.504ms total 115.906ms
12-09 07:43:43.164 I/System.out( 5844): URI: //gesture
12-09 07:43:43.180 I/System.out( 5844): params: {json={"query_timeout":5.0,"gestures":[{"query_string":"android.widget.EditText id:'volume'","touches":[{"x":50,"y":50,"offset_x":0,"offset_y":0,"wait":0.0,"time":0.2,"release":true,"query_string":null}]}]}
12-09 07:43:43.180 I/System.out( 5844): }
12-09 07:43:43.222 W/ResourceType( 5844): No package identifier when getting name for resource number 0x00000001
12-09 07:43:43.706 I/LatinIME( 1862): Starting input. Cursor position = 0,0
12-09 07:43:43.768 W/art     ( 5844): Suspending all threads took: 7.638ms
12-09 07:43:43.836 I/art     ( 5844): Background sticky concurrent mark sweep GC freed 52262(2MB) AllocSpace objects, 2(40KB) LOS objects, 27% free, 3MB/4MB, paused 12.152ms total 122.733ms
12-09 07:43:44.328 I/System.out( 5844): URI: //
12-09 07:43:44.328 I/System.out( 5844): params: {json={"command":"set_selection","arguments":[-1,-1]}
12-09 07:43:44.328 I/System.out( 5844): }
12-09 07:43:44.328 I/System.out( 5844): header: {date=Sun, 09 Dec 2018 07:43:45 GMT, accept=*/*, content-length=47, host=127.0.0.1:34777, user-agent=HTTPClient/1.0 (2.8.3, ruby 2.3.1 (2016-04-26)), content-type=application/json;charset=utf-8}
12-09 07:43:44.328 I/System.out( 5844): params: {json={"command":"set_selection","arguments":[-1,-1]}
12-09 07:43:44.328 I/System.out( 5844): }
12-09 07:43:44.328 I/System.out( 5844): ProP json = {"command":"set_selection","arguments":[-1,-1]}
12-09 07:43:44.328 I/System.out( 5844): files: {}
12-09 07:43:44.328 I/System.out( 5844): command: {"command":"set_selection","arguments":[-1,-1]}
12-09 07:43:44.329 I/InstrumentationBackend( 5844): Got command:'Command:'Line:null,set_selection', arguments:'[-1, -1]'
12-09 07:43:44.352 I/System.out( 5844): result:{"bonusInformation":[],"message":"","success":true}
12-09 07:43:44.512 I/System.out( 5844): URI: //
12-09 07:43:44.512 I/System.out( 5844): params: {json={"command":"keyboard_enter_text","arguments":["100"]}
12-09 07:43:44.512 I/System.out( 5844): }
12-09 07:43:44.512 I/System.out( 5844): header: {date=Sun, 09 Dec 2018 07:43:45 GMT, accept=*/*, content-length=53, host=127.0.0.1:34777, user-agent=HTTPClient/1.0 (2.8.3, ruby 2.3.1 (2016-04-26)), content-type=application/json;charset=utf-8}
12-09 07:43:44.512 I/System.out( 5844): params: {json={"command":"keyboard_enter_text","arguments":["100"]}
12-09 07:43:44.512 I/System.out( 5844): }
12-09 07:43:44.513 I/System.out( 5844): ProP json = {"command":"keyboard_enter_text","arguments":["100"]}
12-09 07:43:44.513 I/System.out( 5844): files: {}
12-09 07:43:44.513 I/System.out( 5844): command: {"command":"keyboard_enter_text","arguments":["100"]}
12-09 07:43:44.514 I/InstrumentationBackend( 5844): Got command:'Command:'Line:null,keyboard_enter_text', arguments:'[100]'
12-09 07:43:44.514 E/SpannableStringBuilder( 5844): SPAN_EXCLUSIVE_EXCLUSIVE spans cannot have a zero length
12-09 07:43:44.514 E/SpannableStringBuilder( 5844): SPAN_EXCLUSIVE_EXCLUSIVE spans cannot have a zero length
12-09 07:43:44.521 E/SpannableStringBuilder( 5844): SPAN_EXCLUSIVE_EXCLUSIVE spans cannot have a zero length
12-09 07:43:44.521 E/SpannableStringBuilder( 5844): SPAN_EXCLUSIVE_EXCLUSIVE spans cannot have a zero length
12-09 07:43:44.530 I/System.out( 5844): result:{"bonusInformation":[],"message":"","success":true}
12-09 07:43:44.564 I/art     ( 5844): WaitForGcToComplete blocked for 41.035ms for cause Background
12-09 07:43:44.649 I/System.out( 5844): URI: //map
12-09 07:43:44.650 I/System.out( 5844): params: {json={"query":"android.widget.EditText id:'odometer'","operation":{"method_name":"query","arguments":[]}}
12-09 07:43:44.650 I/System.out( 5844): }
12-09 07:43:44.685 W/ResourceType( 5844): No package identifier when getting name for resource number 0x00000001
12-09 07:43:44.820 W/art     ( 5844): Suspending all threads took: 7.726ms
12-09 07:43:44.865 I/art     ( 5844): Background sticky concurrent mark sweep GC freed 40264(1726KB) AllocSpace objects, 2(40KB) LOS objects, 17% free, 3MB/4MB, paused 8.959ms total 119.219ms
12-09 07:43:44.885 I/System.out( 5844): URI: //gesture
12-09 07:43:44.885 I/System.out( 5844): params: {json={"query_timeout":5.0,"gestures":[{"query_string":"android.widget.EditText id:'odometer'","touches":[{"x":50,"y":50,"offset_x":0,"offset_y":0,"wait":0.0,"time":0.2,"release":true,"query_string":null}]}]}
12-09 07:43:44.885 I/System.out( 5844): }
12-09 07:43:44.925 W/ResourceType( 5844): No package identifier when getting name for resource number 0x00000001
12-09 07:43:44.981 I/art     ( 5844): Background sticky concurrent mark sweep GC freed 20207(925KB) AllocSpace objects, 2(40KB) LOS objects, 22% free, 3MB/4MB, paused 9.229ms total 55.126ms
12-09 07:43:45.012 I/art     ( 5844): Background sticky concurrent mark sweep GC freed 7(496B) AllocSpace objects, 0(0B) LOS objects, 22% free, 3MB/4MB, paused 6.008ms total 22.428ms
12-09 07:43:45.332 I/LatinIME( 1862): Starting input. Cursor position = 0,0
12-09 07:43:45.931 I/System.out( 5844): URI: //
12-09 07:43:45.932 I/System.out( 5844): params: {json={"command":"set_selection","arguments":[-1,-1]}
12-09 07:43:45.932 I/System.out( 5844): }
12-09 07:43:45.932 I/System.out( 5844): header: {date=Sun, 09 Dec 2018 07:43:46 GMT, accept=*/*, content-length=47, host=127.0.0.1:34777, user-agent=HTTPClient/1.0 (2.8.3, ruby 2.3.1 (2016-04-26)), content-type=application/json;charset=utf-8}
12-09 07:43:45.932 I/System.out( 5844): params: {json={"command":"set_selection","arguments":[-1,-1]}
12-09 07:43:45.932 I/System.out( 5844): }
12-09 07:43:45.932 I/System.out( 5844): ProP json = {"command":"set_selection","arguments":[-1,-1]}
12-09 07:43:45.932 I/System.out( 5844): files: {}
12-09 07:43:45.932 I/System.out( 5844): command: {"command":"set_selection","arguments":[-1,-1]}
12-09 07:43:45.933 I/InstrumentationBackend( 5844): Got command:'Command:'Line:null,set_selection', arguments:'[-1, -1]'
12-09 07:43:45.956 I/System.out( 5844): result:{"bonusInformation":[],"message":"","success":true}
12-09 07:43:46.152 I/System.out( 5844): URI: //
12-09 07:43:46.152 I/System.out( 5844): params: {json={"command":"keyboard_enter_text","arguments":["14"]}
12-09 07:43:46.152 I/System.out( 5844): }
12-09 07:43:46.152 I/System.out( 5844): header: {date=Sun, 09 Dec 2018 07:43:47 GMT, accept=*/*, content-length=52, host=127.0.0.1:34777, user-agent=HTTPClient/1.0 (2.8.3, ruby 2.3.1 (2016-04-26)), content-type=application/json;charset=utf-8}
12-09 07:43:46.152 I/System.out( 5844): params: {json={"command":"keyboard_enter_text","arguments":["14"]}
12-09 07:43:46.152 I/System.out( 5844): }
12-09 07:43:46.152 I/System.out( 5844): ProP json = {"command":"keyboard_enter_text","arguments":["14"]}
12-09 07:43:46.152 I/System.out( 5844): files: {}
12-09 07:43:46.152 I/System.out( 5844): command: {"command":"keyboard_enter_text","arguments":["14"]}
12-09 07:43:46.153 I/InstrumentationBackend( 5844): Got command:'Command:'Line:null,keyboard_enter_text', arguments:'[14]'
12-09 07:43:46.154 E/SpannableStringBuilder( 5844): SPAN_EXCLUSIVE_EXCLUSIVE spans cannot have a zero length
12-09 07:43:46.154 E/SpannableStringBuilder( 5844): SPAN_EXCLUSIVE_EXCLUSIVE spans cannot have a zero length
12-09 07:43:46.156 E/SpannableStringBuilder( 5844): SPAN_EXCLUSIVE_EXCLUSIVE spans cannot have a zero length
12-09 07:43:46.156 E/SpannableStringBuilder( 5844): SPAN_EXCLUSIVE_EXCLUSIVE spans cannot have a zero length
12-09 07:43:46.163 I/System.out( 5844): result:{"bonusInformation":[],"message":"","success":true}
12-09 07:43:47.352 I/System.out( 5844): URI: //map
12-09 07:43:47.352 I/System.out( 5844): params: {json={"query":"android.widget.Button index:2","operation":{"method_name":"query","arguments":[]}}
12-09 07:43:47.352 I/System.out( 5844): }
12-09 07:43:47.380 W/art     ( 5844): Suspending all threads took: 16.156ms
12-09 07:43:47.459 I/art     ( 5844): Background sticky concurrent mark sweep GC freed 42192(1897KB) AllocSpace objects, 8(160KB) LOS objects, 0% free, 4MB/4MB, paused 17.644ms total 104.132ms
12-09 07:43:47.542 I/System.out( 5844): URI: //gesture
12-09 07:43:47.542 I/System.out( 5844): params: {json={"query_timeout":5.0,"gestures":[{"query_string":"android.widget.Button index:2","touches":[{"x":50,"y":50,"offset_x":0,"offset_y":0,"wait":0.0,"time":0.2,"release":true,"query_string":null}]}]}
12-09 07:43:47.542 I/System.out( 5844): }
12-09 07:43:47.573 I/art     ( 5844): Background sticky concurrent mark sweep GC freed 32455(1501KB) AllocSpace objects, 0(0B) LOS objects, 17% free, 3MB/4MB, paused 929us total 113.049ms
12-09 07:43:47.973 W/audio_hw_generic( 1310): Hardware backing HAL too slow, could only write 0 of 661 frames
12-09 07:43:47.995 W/audio_hw_generic( 1310): Hardware backing HAL too slow, could only write 0 of 661 frames
12-09 07:43:48.042 I/art     ( 5844): Background sticky concurrent mark sweep GC freed 31948(1313KB) AllocSpace objects, 1(20KB) LOS objects, 9% free, 3MB/4MB, paused 1.162ms total 119.362ms
12-09 07:43:48.156 W/audio_hw_generic( 1310): Not supplying enough data to HAL, expected position 4626500 , only wrote 4626339
12-09 07:43:48.156 W/audio_hw_generic( 1310): Not supplying enough data to HAL, expected position 4626345 , only wrote 4626339
12-09 07:43:48.216 W/audio_hw_generic( 1310): Not supplying enough data to HAL, expected position 4628977 , only wrote 4627000
12-09 07:43:48.381 W/audio_hw_generic( 1310): Not supplying enough data to HAL, expected position 4634272 , only wrote 4634271
12-09 07:43:48.452 I/Choreographer( 5844): Skipped 33 frames!  The application may be doing too much work on its main thread.
12-09 07:43:48.462 E/SurfaceFlinger( 1223): ro.sf.lcd_density must be defined as a build property
12-09 07:43:48.463 D/gralloc_ranchu( 1223): gralloc_alloc: Creating ashmem region of size 3686400
12-09 07:43:48.465 I/LatinIME( 1862): Starting input. Cursor position = -1,-1
12-09 07:43:48.517 D/        ( 5931): HostConnection::get() New Host Connection established 0x7f4172a52480, tid 5931
12-09 07:43:48.547 E/EGL_emulation( 1223): tid 1223: eglCreateSyncKHR(1881): error 0x3004 (EGL_BAD_ATTRIBUTE)
12-09 07:43:48.593 I/art     ( 5844): Background sticky concurrent mark sweep GC freed 22285(1121KB) AllocSpace objects, 1(20KB) LOS objects, 32% free, 2MB/4MB, paused 1.223ms total 108.210ms
12-09 07:43:48.651 D/Mileage.ABS( 5844): Finished backup
12-09 07:43:48.661 D/Mileage.ABS( 5844): Not backing up; 38
12-09 07:43:48.664 D/Mileage.ABS( 5844): Not backing up; 41
12-09 07:43:48.664 D/Mileage.ABS( 5844): Not backing up; 41
12-09 07:43:48.717 W/audio_hw_generic( 1310): Not supplying enough data to HAL, expected position 4649094 , only wrote 4648813
12-09 07:43:48.717 W/audio_hw_generic( 1310): Not supplying enough data to HAL, expected position 4648820 , only wrote 4648813
12-09 07:43:49.152 W/audio_hw_generic( 1310): Not supplying enough data to HAL, expected position 4667994 , only wrote 4667982
12-09 07:43:49.193 W/RichInputConnection( 1862): Slow InputConnection: GET_TEXT_BEFORE_CURSOR took 202 ms.
12-09 07:43:49.528 W/audio_hw_generic( 1310): Not supplying enough data to HAL, expected position 4684549 , only wrote 4671948
12-09 07:43:49.528 W/audio_hw_generic( 1310): Not supplying enough data to HAL, expected position 4671954 , only wrote 4671948
12-09 07:43:49.548 W/audio_hw_generic( 1310): Not supplying enough data to HAL, expected position 4672821 , only wrote 4672609
12-09 07:43:49.560 I/System.out( 5844): URI: //map
12-09 07:43:49.560 I/System.out( 5844): params: {json={"query":"android.widget.ListView index:0 android.widget.TextView index:0","operation":{"method_name":"query","arguments":[]}}
12-09 07:43:49.560 I/System.out( 5844): }
12-09 07:43:49.595 W/audio_hw_generic( 1310): Hardware backing HAL too slow, could only write 0 of 661 frames
12-09 07:43:49.601 I/InputAttributes( 1862): InputType.TYPE_NULL is specified
12-09 07:43:49.607 W/audio_hw_generic( 1310): Hardware backing HAL too slow, could only write 0 of 661 frames
12-09 07:43:49.718 I/Choreographer( 1862): Skipped 74 frames!  The application may be doing too much work on its main thread.
12-09 07:43:49.719 W/audio_hw_generic( 1310): Not supplying enough data to HAL, expected position 4680170 , only wrote 4677236
12-09 07:43:49.719 W/audio_hw_generic( 1310): Not supplying enough data to HAL, expected position 4677242 , only wrote 4677236
12-09 07:43:49.747 D/EGL_emulation( 1862): eglMakeCurrent: 0x7f2639a25d80: ver 2 0 (tinfo 0x7f262e26a640)
12-09 07:43:49.765 E/Surface ( 1862): getSlotFromBufferLocked: unknown buffer: 0x7f2635fe47a0
12-09 07:43:49.833 W/audio_hw_generic( 1310): Not supplying enough data to HAL, expected position 4682265 , only wrote 4677897
12-09 07:43:50.512 W/audio_hw_generic( 1310): Not supplying enough data to HAL, expected position 4707820 , only wrote 4707642
12-09 07:43:50.541 I/art     ( 5844): Background sticky concurrent mark sweep GC freed 39630(1507KB) AllocSpace objects, 1(20KB) LOS objects, 4% free, 3MB/4MB, paused 2.187ms total 118.250ms
12-09 07:43:50.605 I/System.out( 5844): URI: //gesture
12-09 07:43:50.605 I/System.out( 5844): params: {json={"query_timeout":5.0,"gestures":[{"query_string":"android.widget.ListView index:0 android.widget.TextView index:0","touches":[{"x":50,"y":50,"offset_x":0,"offset_y":0,"wait":0.0,"time":0.2,"release":true,"query_string":null}]}]}
12-09 07:43:50.605 I/System.out( 5844): }
12-09 07:43:50.696 W/audio_hw_generic( 1310): Not supplying enough data to HAL, expected position 4715744 , only wrote 4715574
12-09 07:43:50.784 W/audio_hw_generic( 1310): Not supplying enough data to HAL, expected position 4719468 , only wrote 4718218
12-09 07:43:50.784 W/audio_hw_generic( 1310): Not supplying enough data to HAL, expected position 4718224 , only wrote 4718218
12-09 07:43:50.904 W/audio_hw_generic( 1310): Not supplying enough data to HAL, expected position 4723505 , only wrote 4722845
12-09 07:43:51.024 W/audio_hw_generic( 1310): Not supplying enough data to HAL, expected position 4732457 , only wrote 4728133
12-09 07:43:51.510 I/ActivityManager( 1595): START u0 {cmp=com.evancharlton.mileage/.FillupInfoActivity (has extras)} from uid 10119 on display 0
12-09 07:43:51.609 D/AudioFlinger( 1310): mixer(0xf4380000) throttle end: throttle time(11)
12-09 07:43:51.624 W/audio_hw_generic( 1310): Hardware backing HAL too slow, could only write 0 of 661 frames
12-09 07:43:51.626 W/audio_hw_generic( 1310): Hardware backing HAL too slow, could only write 0 of 661 frames
12-09 07:43:51.641 W/audio_hw_generic( 1310): Hardware backing HAL too slow, could only write 0 of 661 frames
12-09 07:43:51.654 D/AudioFlinger( 1310): mixer(0xf4380000) throttle end: throttle time(11)
12-09 07:43:51.660 W/audio_hw_generic( 1310): Hardware backing HAL too slow, could only write 0 of 661 frames
12-09 07:43:51.679 W/audio_hw_generic( 1310): Hardware backing HAL too slow, could only write 0 of 661 frames
12-09 07:43:51.730 W/audio_hw_generic( 1310): Hardware backing HAL too slow, could only write 0 of 661 frames
12-09 07:43:51.731 W/audio_hw_generic( 1310): Not supplying enough data to HAL, expected position 4736034 , only wrote 4735404
12-09 07:43:51.731 W/audio_hw_generic( 1310): Not supplying enough data to HAL, expected position 4735409 , only wrote 4735404
12-09 07:43:51.731 W/audio_hw_generic( 1310): Hardware backing HAL too slow, could only write 0 of 661 frames
12-09 07:43:51.746 W/audio_hw_generic( 1310): Not supplying enough data to HAL, expected position 4736071 , only wrote 4736065
12-09 07:43:51.746 W/audio_hw_generic( 1310): Hardware backing HAL too slow, could only write 0 of 661 frames
12-09 07:43:51.746 W/audio_hw_generic( 1310): Hardware backing HAL too slow, could only write 0 of 661 frames
12-09 07:43:51.807 I/calabash( 5844): newActivity1
12-09 07:43:52.000 V/PhoneStatusBar( 1688): setLightsOn(true)
12-09 07:43:52.020 D/gralloc_ranchu( 1223): gralloc_alloc: Creating ashmem region of size 3686400
12-09 07:43:52.026 E/SurfaceFlinger( 1223): ro.sf.lcd_density must be defined as a build property
12-09 07:43:52.095 W/audio_hw_generic( 1310): Not supplying enough data to HAL, expected position 4751443 , only wrote 4751268
12-09 07:43:52.095 W/audio_hw_generic( 1310): Not supplying enough data to HAL, expected position 4751274 , only wrote 4751268
12-09 07:43:52.104 D/gralloc_ranchu( 1223): gralloc_alloc: Creating ashmem region of size 3686400
12-09 07:43:52.110 W/audio_hw_generic( 1310): Not supplying enough data to HAL, expected position 4751953 , only wrote 4751929
12-09 07:43:52.119 D/        ( 5939): HostConnection::get() New Host Connection established 0x7f14d40d2480, tid 5939
12-09 07:43:52.236 E/EGL_emulation( 1223): tid 1223: eglCreateSyncKHR(1881): error 0x3004 (EGL_BAD_ATTRIBUTE)
12-09 07:43:52.301 D/gralloc_ranchu( 1223): gralloc_alloc: Creating ashmem region of size 3686400
12-09 07:43:52.505 W/audio_hw_generic( 1310): Hardware backing HAL too slow, could only write 0 of 661 frames
12-09 07:43:52.523 W/audio_hw_generic( 1310): Hardware backing HAL too slow, could only write 0 of 661 frames
12-09 07:43:52.525 I/ActivityManager( 1595): Displayed com.evancharlton.mileage/.FillupInfoActivity: +760ms
12-09 07:43:52.635 W/audio_hw_generic( 1310): Hardware backing HAL too slow, could only write 0 of 661 frames
12-09 07:43:52.644 W/audio_hw_generic( 1310): Hardware backing HAL too slow, could only write 0 of 661 frames
12-09 07:43:52.659 W/audio_hw_generic( 1310): Hardware backing HAL too slow, could only write 0 of 661 frames
12-09 07:43:52.679 W/audio_hw_generic( 1310): Hardware backing HAL too slow, could only write 0 of 661 frames
12-09 07:43:52.691 W/audio_hw_generic( 1310): Hardware backing HAL too slow, could only write 0 of 661 frames
12-09 07:43:52.720 W/audio_hw_generic( 1310): Hardware backing HAL too slow, could only write 0 of 661 frames
12-09 07:43:52.736 W/audio_hw_generic( 1310): Hardware backing HAL too slow, could only write 0 of 661 frames
12-09 07:43:52.752 W/audio_hw_generic( 1310): Hardware backing HAL too slow, could only write 0 of 661 frames
12-09 07:43:53.019 W/audio_hw_generic( 1310): Hardware backing HAL too slow, could only write 0 of 661 frames
12-09 07:43:53.036 W/audio_hw_generic( 1310): Hardware backing HAL too slow, could only write 0 of 661 frames
12-09 07:43:53.037 W/audio_hw_generic( 1310): Hardware backing HAL too slow, could only write 0 of 661 frames
12-09 07:43:53.067 W/audio_hw_generic( 1310): Hardware backing HAL too slow, could only write 0 of 661 frames
12-09 07:43:53.095 W/audio_hw_generic( 1310): Hardware backing HAL too slow, could only write 0 of 661 frames
12-09 07:43:53.097 W/audio_hw_generic( 1310): Hardware backing HAL too slow, could only write 0 of 661 frames
12-09 07:43:53.120 W/audio_hw_generic( 1310): Not supplying enough data to HAL, expected position 4796447 , only wrote 4796216
12-09 07:43:53.220 I/System.out( 5844): URI: //map
12-09 07:43:53.220 I/System.out( 5844): params: {json={"query":"android.widget.Button index:1","operation":{"method_name":"query","arguments":[]}}
12-09 07:43:53.220 I/System.out( 5844): }
12-09 07:43:53.322 I/art     ( 5844): Background sticky concurrent mark sweep GC freed 15495(662KB) AllocSpace objects, 1(20KB) LOS objects, 17% free, 3MB/4MB, paused 8.949ms total 53.302ms
12-09 07:43:53.356 W/audio_hw_generic( 1310): Hardware backing HAL too slow, could only write 0 of 661 frames
12-09 07:43:53.500 W/audio_hw_generic( 1310): Not supplying enough data to HAL, expected position 4812979 , only wrote 4810097
12-09 07:43:53.500 W/audio_hw_generic( 1310): Not supplying enough data to HAL, expected position 4810103 , only wrote 4810097
12-09 07:43:53.531 W/audio_hw_generic( 1310): Not supplying enough data to HAL, expected position 4811482 , only wrote 4810758
12-09 07:43:53.532 W/audio_hw_generic( 1310): Not supplying enough data to HAL, expected position 4810764 , only wrote 4810758
12-09 07:43:53.601 W/audio_hw_generic( 1310): Hardware backing HAL too slow, could only write 0 of 661 frames
12-09 07:43:53.676 W/audio_hw_generic( 1310): Hardware backing HAL too slow, could only write 0 of 661 frames
12-09 07:43:53.772 W/audio_hw_generic( 1310): Not supplying enough data to HAL, expected position 4821360 , only wrote 4821334
12-09 07:43:53.787 I/System.out( 5844): URI: //gesture
12-09 07:43:53.788 I/System.out( 5844): params: {json={"query_timeout":5.0,"gestures":[{"query_string":"android.widget.Button index:1","touches":[{"x":50,"y":50,"offset_x":0,"offset_y":0,"wait":0.0,"time":0.2,"release":true,"query_string":null}]}]}
12-09 07:43:53.788 I/System.out( 5844): }
12-09 07:43:53.819 I/art     ( 5844): Background sticky concurrent mark sweep GC freed 14544(744KB) AllocSpace objects, 2(40KB) LOS objects, 13% free, 3MB/4MB, paused 5.213ms total 28.659ms
12-09 07:43:53.963 W/audio_hw_generic( 1310): Not supplying enough data to HAL, expected position 4829776 , only wrote 4829266
12-09 07:43:53.964 W/audio_hw_generic( 1310): Hardware backing HAL too slow, could only write 0 of 661 frames
12-09 07:43:53.994 W/audio_hw_generic( 1310): Hardware backing HAL too slow, could only write 0 of 661 frames
12-09 07:43:54.020 W/audio_hw_generic( 1310): Hardware backing HAL too slow, could only write 0 of 661 frames
12-09 07:43:54.112 W/audio_hw_generic( 1310): Not supplying enough data to HAL, expected position 4835811 , only wrote 4833232
12-09 07:43:54.112 W/audio_hw_generic( 1310): Not supplying enough data to HAL, expected position 4833238 , only wrote 4833232
12-09 07:43:54.136 W/audio_hw_generic( 1310): Not supplying enough data to HAL, expected position 4834300 , only wrote 4833893
12-09 07:43:54.183 I/ActivityManager( 1595): START u0 {cmp=com.evancharlton.mileage/.FillupInfoActivity (has extras)} from uid 10119 on display 0
12-09 07:43:54.316 D/AudioFlinger( 1310): mixer(0xf4380000) throttle end: throttle time(22)
12-09 07:43:54.331 W/audio_hw_generic( 1310): Not supplying enough data to HAL, expected position 4842499 , only wrote 4842486
12-09 07:43:54.332 W/audio_hw_generic( 1310): Not supplying enough data to HAL, expected position 4842492 , only wrote 4842486
12-09 07:43:54.351 W/audio_hw_generic( 1310): Not supplying enough data to HAL, expected position 4843352 , only wrote 4843147
12-09 07:43:54.387 I/art     ( 5844): Background sticky concurrent mark sweep GC freed 31734(1487KB) AllocSpace objects, 1(20KB) LOS objects, 12% free, 3MB/4MB, paused 54.835ms total 190.156ms
12-09 07:43:54.414 I/calabash( 5844): newActivity1
12-09 07:43:54.431 W/audio_hw_generic( 1310): Hardware backing HAL too slow, could only write 0 of 661 frames
12-09 07:43:54.567 V/PhoneStatusBar( 1688): setLightsOn(true)
12-09 07:43:54.579 D/gralloc_ranchu( 1223): gralloc_alloc: Creating ashmem region of size 3686400
12-09 07:43:54.672 W/audio_hw_generic( 1310): Hardware backing HAL too slow, could only write 0 of 661 frames
12-09 07:43:54.677 W/audio_hw_generic( 1310): Hardware backing HAL too slow, could only write 0 of 661 frames
12-09 07:43:54.712 W/audio_hw_generic( 1310): Hardware backing HAL too slow, could only write 0 of 661 frames
12-09 07:43:54.727 W/audio_hw_generic( 1310): Hardware backing HAL too slow, could only write 0 of 661 frames
12-09 07:43:54.737 W/audio_hw_generic( 1310): Hardware backing HAL too slow, could only write 0 of 661 frames
12-09 07:43:54.756 W/audio_hw_generic( 1310): Hardware backing HAL too slow, could only write 0 of 661 frames
12-09 07:43:54.770 E/SurfaceFlinger( 1223): ro.sf.lcd_density must be defined as a build property
12-09 07:43:54.834 D/gralloc_ranchu( 1223): gralloc_alloc: Creating ashmem region of size 3686400
12-09 07:43:54.847 D/        ( 5946): HostConnection::get() New Host Connection established 0x7f04f6792480, tid 5946
12-09 07:43:54.867 E/EGL_emulation( 1223): tid 1223: eglCreateSyncKHR(1881): error 0x3004 (EGL_BAD_ATTRIBUTE)
12-09 07:43:54.903 W/audio_hw_generic( 1310): Hardware backing HAL too slow, could only write 0 of 661 frames
12-09 07:43:54.918 W/audio_hw_generic( 1310): Hardware backing HAL too slow, could only write 0 of 661 frames
12-09 07:43:54.939 I/ActivityManager( 1595): Displayed com.evancharlton.mileage/.FillupInfoActivity: +733ms
12-09 07:43:54.948 W/audio_hw_generic( 1310): Hardware backing HAL too slow, could only write 0 of 661 frames
12-09 07:43:54.949 D/gralloc_ranchu( 1223): gralloc_alloc: Creating ashmem region of size 3686400
12-09 07:43:54.973 W/audio_hw_generic( 1310): Hardware backing HAL too slow, could only write 0 of 661 frames
12-09 07:43:54.978 W/audio_hw_generic( 1310): Hardware backing HAL too slow, could only write 0 of 661 frames
12-09 07:43:55.016 W/audio_hw_generic( 1310): Hardware backing HAL too slow, could only write 0 of 661 frames
12-09 07:43:55.016 W/audio_hw_generic( 1310): Not supplying enough data to HAL, expected position 4872472 , only wrote 4872231
12-09 07:43:55.016 W/audio_hw_generic( 1310): Not supplying enough data to HAL, expected position 4872236 , only wrote 4872231
12-09 07:43:55.033 W/audio_hw_generic( 1310): Not supplying enough data to HAL, expected position 4872959 , only wrote 4872892
12-09 07:43:55.119 W/audio_hw_generic( 1310): Not supplying enough data to HAL, expected position 4876712 , only wrote 4876197
12-09 07:43:55.426 W/audio_hw_generic( 1310): Not supplying enough data to HAL, expected position 4889737 , only wrote 4889417
12-09 07:43:55.427 W/audio_hw_generic( 1310): Not supplying enough data to HAL, expected position 4889423 , only wrote 4889417
12-09 07:43:55.459 W/art     ( 1595): Long monitor contention event with owner method=java.util.List com.android.server.am.ActivityManagerService.getAllStackInfos() from ActivityManagerService.java:8937 waiters=0 for 171ms
12-09 07:43:55.591 W/audio_hw_generic( 1310): Hardware backing HAL too slow, could only write 0 of 661 frames
12-09 07:43:55.606 W/audio_hw_generic( 1310): Hardware backing HAL too slow, could only write 0 of 661 frames
12-09 07:43:55.629 W/audio_hw_generic( 1310): Hardware backing HAL too slow, could only write 0 of 661 frames
12-09 07:43:55.667 W/audio_hw_generic( 1310): Hardware backing HAL too slow, could only write 0 of 661 frames
12-09 07:43:55.667 W/audio_hw_generic( 1310): Not supplying enough data to HAL, expected position 4900038 , only wrote 4899993
12-09 07:43:55.668 W/audio_hw_generic( 1310): Not supplying enough data to HAL, expected position 4899998 , only wrote 4899993
12-09 07:43:55.668 W/audio_hw_generic( 1310): Hardware backing HAL too slow, could only write 0 of 661 frames
12-09 07:43:55.689 W/audio_hw_generic( 1310): Not supplying enough data to HAL, expected position 4900939 , only wrote 4900654
12-09 07:43:55.689 W/audio_hw_generic( 1310): Hardware backing HAL too slow, could only write 0 of 661 frames
12-09 07:43:55.776 W/audio_hw_generic( 1310): Hardware backing HAL too slow, could only write 0 of 661 frames
12-09 07:43:55.776 W/audio_hw_generic( 1310): Hardware backing HAL too slow, could only write 0 of 661 frames
12-09 07:43:55.792 W/audio_hw_generic( 1310): Hardware backing HAL too slow, could only write 0 of 661 frames
12-09 07:43:55.811 W/audio_hw_generic( 1310): Hardware backing HAL too slow, could only write 0 of 661 frames
12-09 07:43:55.824 W/audio_hw_generic( 1310): Hardware backing HAL too slow, could only write 0 of 661 frames
12-09 07:43:55.837 W/audio_hw_generic( 1310): Hardware backing HAL too slow, could only write 0 of 661 frames
12-09 07:43:55.846 I/System.out( 5844): URI: //map
12-09 07:43:55.846 I/System.out( 5844): params: {json={"query":"android.widget.Button index:0","operation":{"method_name":"query","arguments":[]}}
12-09 07:43:55.846 I/System.out( 5844): }
12-09 07:43:55.867 W/audio_hw_generic( 1310): Hardware backing HAL too slow, could only write 0 of 661 frames
12-09 07:43:55.882 W/audio_hw_generic( 1310): Hardware backing HAL too slow, could only write 0 of 661 frames
12-09 07:43:55.916 W/audio_hw_generic( 1310): Not supplying enough data to HAL, expected position 4910660 , only wrote 4910569
12-09 07:43:55.916 W/audio_hw_generic( 1310): Not supplying enough data to HAL, expected position 4910575 , only wrote 4910569
12-09 07:43:55.936 W/audio_hw_generic( 1310): Not supplying enough data to HAL, expected position 4911455 , only wrote 4911230
12-09 07:43:55.971 W/audio_hw_generic( 1310): Not supplying enough data to HAL, expected position 4912780 , only wrote 4912552
12-09 07:43:55.972 W/audio_hw_generic( 1310): Hardware backing HAL too slow, could only write 0 of 661 frames
12-09 07:43:55.991 W/audio_hw_generic( 1310): Hardware backing HAL too slow, could only write 0 of 661 frames
12-09 07:43:56.020 W/audio_hw_generic( 1310): Hardware backing HAL too slow, could only write 0 of 661 frames
12-09 07:43:56.088 W/audio_hw_generic( 1310): Hardware backing HAL too slow, could only write 0 of 661 frames
12-09 07:43:56.088 I/art     ( 5844): Background partial concurrent mark sweep GC freed 20166(1292KB) AllocSpace objects, 10(200KB) LOS objects, 40% free, 2MB/4MB, paused 18.460ms total 193.491ms
12-09 07:43:56.112 W/audio_hw_generic( 1310): Hardware backing HAL too slow, could only write 0 of 661 frames
12-09 07:43:56.127 W/audio_hw_generic( 1310): Hardware backing HAL too slow, could only write 0 of 661 frames
12-09 07:43:56.143 W/audio_hw_generic( 1310): Hardware backing HAL too slow, could only write 0 of 661 frames
12-09 07:43:56.150 D/gralloc_ranchu( 1223): gralloc_alloc: Creating ashmem region of size 3686400
12-09 07:43:56.346 I/System.out( 5844): URI: //gesture
12-09 07:43:56.346 I/System.out( 5844): params: {json={"query_timeout":5.0,"gestures":[{"query_string":"android.widget.Button index:0","touches":[{"x":50,"y":50,"offset_x":0,"offset_y":0,"wait":0.0,"time":0.2,"release":true,"query_string":null}]}]}
12-09 07:43:56.346 I/System.out( 5844): }
12-09 07:43:56.428 W/audio_hw_generic( 1310): Not supplying enough data to HAL, expected position 4932678 , only wrote 4931060
12-09 07:43:56.428 W/audio_hw_generic( 1310): Not supplying enough data to HAL, expected position 4931066 , only wrote 4931060
12-09 07:43:56.492 W/audio_hw_generic( 1310): Not supplying enough data to HAL, expected position 4933878 , only wrote 4931721
12-09 07:43:56.501 I/art     ( 5844): Background sticky concurrent mark sweep GC freed 46282(2MB) AllocSpace objects, 2(40KB) LOS objects, 37% free, 3MB/4MB, paused 935us total 146.167ms
12-09 07:43:56.704 I/ActivityManager( 1595): START u0 {cmp=com.evancharlton.mileage/.FillupInfoActivity (has extras)} from uid 10119 on display 0
12-09 07:43:56.726 W/audio_hw_generic( 1310): Not supplying enough data to HAL, expected position 4942055 , only wrote 4941636
12-09 07:43:56.808 W/audio_hw_generic( 1310): Not supplying enough data to HAL, expected position 4945243 , only wrote 4944941
12-09 07:43:56.808 W/audio_hw_generic( 1310): Not supplying enough data to HAL, expected position 4944948 , only wrote 4944941
12-09 07:43:56.828 W/audio_hw_generic( 1310): Not supplying enough data to HAL, expected position 4945795 , only wrote 4945602
12-09 07:43:56.876 W/audio_hw_generic( 1310): Hardware backing HAL too slow, could only write 0 of 661 frames
12-09 07:43:56.912 I/calabash( 5844): newActivity1
12-09 07:43:56.968 W/audio_hw_generic( 1310): Not supplying enough data to HAL, expected position 4951790 , only wrote 4951551
12-09 07:43:57.000 W/audio_hw_generic( 1310): Not supplying enough data to HAL, expected position 4952952 , only wrote 4952873
12-09 07:43:57.000 W/audio_hw_generic( 1310): Hardware backing HAL too slow, could only write 0 of 661 frames
12-09 07:43:57.000 W/audio_hw_generic( 1310): Hardware backing HAL too slow, could only write 0 of 661 frames
12-09 07:43:57.035 W/audio_hw_generic( 1310): Hardware backing HAL too slow, could only write 0 of 661 frames
12-09 07:43:57.049 W/audio_hw_generic( 1310): Hardware backing HAL too slow, could only write 0 of 661 frames
12-09 07:43:57.113 W/audio_hw_generic( 1310): Hardware backing HAL too slow, could only write 0 of 661 frames
12-09 07:43:57.113 W/audio_hw_generic( 1310): Not supplying enough data to HAL, expected position 4957858 , only wrote 4956839
12-09 07:43:57.113 W/audio_hw_generic( 1310): Not supplying enough data to HAL, expected position 4956844 , only wrote 4956839
12-09 07:43:57.132 W/audio_hw_generic( 1310): Not supplying enough data to HAL, expected position 4957665 , only wrote 4957500
12-09 07:43:57.132 W/audio_hw_generic( 1310): Hardware backing HAL too slow, could only write 0 of 661 frames
12-09 07:43:57.146 W/audio_hw_generic( 1310): Hardware backing HAL too slow, could only write 0 of 661 frames
12-09 07:43:57.163 W/audio_hw_generic( 1310): Hardware backing HAL too slow, could only write 0 of 661 frames
12-09 07:43:57.179 W/audio_hw_generic( 1310): Hardware backing HAL too slow, could only write 0 of 661 frames
12-09 07:43:57.231 E/SurfaceFlinger( 1223): ro.sf.lcd_density must be defined as a build property
12-09 07:43:57.296 D/gralloc_ranchu( 1223): gralloc_alloc: Creating ashmem region of size 3686400
12-09 07:43:57.311 D/        ( 5952): HostConnection::get() New Host Connection established 0x7f1917452480, tid 5952
12-09 07:43:57.364 E/EGL_emulation( 1223): tid 1223: eglCreateSyncKHR(1881): error 0x3004 (EGL_BAD_ATTRIBUTE)
12-09 07:43:57.409 V/PhoneStatusBar( 1688): setLightsOn(true)
12-09 07:43:57.546 W/art     ( 1595): Long monitor contention event with owner method=int com.android.server.wm.WindowManagerService.relayoutWindow(com.android.server.wm.Session, android.view.IWindow, int, android.view.WindowManager$LayoutParams, int, int, int, int, android.graphics.Rect, android.graphics.Rect, android.graphics.Rect, android.graphics.Rect, android.graphics.Rect, android.graphics.Rect, android.content.res.Configuration, android.view.Surface) from WindowManagerService.java:3103 waiters=0 for 281ms
