--------- beginning of main
12-09 08:20:48.037 E/EGL_emulation( 1223): tid 1223: eglCreateSyncKHR(1881): error 0x3004 (EGL_BAD_ATTRIBUTE)
12-09 08:20:48.188 W/audio_hw_generic( 1310): Not supplying enough data to HAL, expected position 31633480 , only wrote 31632816
12-09 08:20:48.188 W/audio_hw_generic( 1310): Not supplying enough data to HAL, expected position 31632822 , only wrote 31632816
12-09 08:20:48.205 W/audio_hw_generic( 1310): Not supplying enough data to HAL, expected position 31633555 , only wrote 31633477
--------- beginning of system
12-09 08:20:48.230 W/ActivityManager( 1595): Finishing task with all activities already finished
12-09 08:20:48.230 W/ActivityManager( 1595): Duplicate finish request for ActivityRecord{2348af6 u0 com.evancharlton.mileage/.Mileage t457 f}
12-09 08:20:48.236 W/ActivityManager( 1595): Finishing task with all activities already finished
12-09 08:20:48.236 W/ActivityManager( 1595): Duplicate finish request for ActivityRecord{2348af6 u0 com.evancharlton.mileage/.Mileage t457 f}
12-09 08:20:48.239 W/ActivityManager( 1595): Finishing task with all activities already finished
12-09 08:20:48.240 W/ActivityManager( 1595): Duplicate finish request for ActivityRecord{2348af6 u0 com.evancharlton.mileage/.Mileage t457 f}
12-09 08:20:48.319 D/EGL_emulation( 1928): eglMakeCurrent: 0x7f2639a21aa0: ver 2 0 (tinfo 0x7f2639a02800)
12-09 08:20:48.907 D/AndroidRuntime(16416): >>>>>> START com.android.internal.os.RuntimeInit uid 0 <<<<<<
12-09 08:20:48.916 D/AndroidRuntime(16416): CheckJNI is ON
12-09 08:20:48.953 D/ICU     (16416): No timezone override file found: /data/misc/zoneinfo/current/icu/icu_tzdata.dat
12-09 08:20:49.063 W/audio_hw_generic( 1310): Not supplying enough data to HAL, expected position 31671307 , only wrote 31667849
12-09 08:20:49.063 W/audio_hw_generic( 1310): Not supplying enough data to HAL, expected position 31667855 , only wrote 31667849
12-09 08:20:49.089 W/art     ( 1595): Long monitor contention event with owner method=void com.android.server.wm.WindowAnimator$1.doFrame(long) from WindowAnimator.java:121 waiters=0 for 156ms
12-09 08:20:49.095 W/audio_hw_generic( 1310): Hardware backing HAL too slow, could only write 0 of 661 frames
12-09 08:20:49.116 W/audio_hw_generic( 1310): Hardware backing HAL too slow, could only write 0 of 661 frames
12-09 08:20:49.181 E/memtrack(16416): Couldn't load memtrack module (No such file or directory)
12-09 08:20:49.181 E/android.os.Debug(16416): failed to load memtrack module: -2
12-09 08:20:49.182 I/Radio-JNI(16416): register_android_hardware_Radio DONE
12-09 08:20:49.236 W/audio_hw_generic( 1310): Not supplying enough data to HAL, expected position 31675505 , only wrote 31675120
12-09 08:20:49.268 D/AndroidRuntime(16416): Calling main entry com.android.commands.am.Am
12-09 08:20:49.286 W/audio_hw_generic( 1310): Hardware backing HAL too slow, could only write 0 of 661 frames
12-09 08:20:49.292 I/ActivityManager( 1595): Force stopping com.evancharlton.mileage appid=10137 user=0: start instr
12-09 08:20:49.292 I/ActivityManager( 1595): Killing 16372:com.evancharlton.mileage/u0a137 (adj 0): stop com.evancharlton.mileage
12-09 08:20:49.300 I/Choreographer( 1928): Skipped 55 frames!  The application may be doing too much work on its main thread.
12-09 08:20:49.310 W/audio_hw_generic( 1310): Hardware backing HAL too slow, could only write 0 of 661 frames
12-09 08:20:49.357 W/audio_hw_generic( 1310): Not supplying enough data to HAL, expected position 31680432 , only wrote 31680408
12-09 08:20:49.376 W/audio_hw_generic( 1310): Hardware backing HAL too slow, could only write 0 of 661 frames
12-09 08:20:49.400 W/audio_hw_generic( 1310): Hardware backing HAL too slow, could only write 0 of 661 frames
12-09 08:20:49.406 W/audio_hw_generic( 1310): Hardware backing HAL too slow, could only write 0 of 661 frames
12-09 08:20:49.424 W/OpenGLRenderer( 1928): Incorrectly called buildLayer on View: ShortcutAndWidgetContainer, destroying layer...
12-09 08:20:49.436 W/audio_hw_generic( 1310): Not supplying enough data to HAL, expected position 31686661 , only wrote 31683713
12-09 08:20:49.449 W/ActivityManager( 1595): Crash of app com.evancharlton.mileage running instrumentation ComponentInfo{com.evancharlton.mileage.test/sh.calaba.instrumentationbackend.CalabashInstrumentationTestRunner}
12-09 08:20:49.450 I/ActivityManager( 1595): Force stopping com.evancharlton.mileage appid=10137 user=0: finished inst
12-09 08:20:49.556 I/WindowState( 1595): WIN DEATH: Window{6fbd8e8 u0 com.evancharlton.mileage/com.evancharlton.mileage.Mileage EXITING}
12-09 08:20:49.559 I/ActivityManager( 1595): Start proc 16427:com.evancharlton.mileage/u0a137 for added application com.evancharlton.mileage
12-09 08:20:49.560 W/art     ( 1595): Long monitor contention event with owner method=boolean com.android.server.am.ActivityManagerService.startInstrumentation(android.content.ComponentName, java.lang.String, int, android.os.Bundle, android.app.IInstrumentationWatcher, android.app.IUiAutomationConnection, int, java.lang.String) from ActivityManagerService.java:17066 waiters=0 for 267ms
12-09 08:20:49.560 W/art     ( 1595): Long monitor contention event with owner method=boolean com.android.server.am.ActivityManagerService.startInstrumentation(android.content.ComponentName, java.lang.String, int, android.os.Bundle, android.app.IInstrumentationWatcher, android.app.IUiAutomationConnection, int, java.lang.String) from ActivityManagerService.java:17066 waiters=1 for 259ms
12-09 08:20:49.562 D/AndroidRuntime(16416): Shutting down VM
12-09 08:20:49.684 W/System  (16427): ClassLoader referenced unknown path: /data/app/com.evancharlton.mileage.test-1/lib/x86_64
12-09 08:20:49.691 W/System  (16427): ClassLoader referenced unknown path: /data/app/com.evancharlton.mileage-1/lib/x86_64
12-09 08:20:49.746 I/System.out(16427): Main activity name automatically set to: com.evancharlton.mileage.Mileage
12-09 08:20:49.747 I/System.out(16427): Calabash did not load Mono. This is only a problem if you are trying to test a Mono application
12-09 08:20:49.747 I/calabash(16427): Test server port: 7102
12-09 08:20:49.756 I/InstrumentationBackend(16427): Added:'GetPreferences', with key:'get_preferences'
12-09 08:20:49.831 W/art     ( 1595): Long monitor contention event with owner method=void com.android.server.wm.WindowAnimator$1.doFrame(long) from WindowAnimator.java:121 waiters=0 for 202ms
12-09 08:20:49.989 W/WindowAnimator( 1595): Failed to dispatch window animation state change.
12-09 08:20:49.989 W/WindowAnimator( 1595): android.os.DeadObjectException
12-09 08:20:49.989 W/WindowAnimator( 1595): 	at android.os.BinderProxy.transactNative(Native Method)
12-09 08:20:49.989 W/WindowAnimator( 1595): 	at android.os.BinderProxy.transact(Binder.java:503)
12-09 08:20:49.989 W/WindowAnimator( 1595): 	at android.view.IWindow$Stub$Proxy.onAnimationStopped(IWindow.java:534)
12-09 08:20:49.989 W/WindowAnimator( 1595): 	at com.android.server.wm.WindowAnimator.updateWindowsLocked(WindowAnimator.java:286)
12-09 08:20:49.989 W/WindowAnimator( 1595): 	at com.android.server.wm.WindowAnimator.animateLocked(WindowAnimator.java:678)
12-09 08:20:49.989 W/WindowAnimator( 1595): 	at com.android.server.wm.WindowAnimator.-wrap0(WindowAnimator.java)
12-09 08:20:49.989 W/WindowAnimator( 1595): 	at com.android.server.wm.WindowAnimator$1.doFrame(WindowAnimator.java:123)
12-09 08:20:49.989 W/WindowAnimator( 1595): 	at android.view.Choreographer$CallbackRecord.run(Choreographer.java:856)
12-09 08:20:49.989 W/WindowAnimator( 1595): 	at android.view.Choreographer.doCallbacks(Choreographer.java:670)
12-09 08:20:49.989 W/WindowAnimator( 1595): 	at android.view.Choreographer.doFrame(Choreographer.java:603)
12-09 08:20:49.989 W/WindowAnimator( 1595): 	at android.view.Choreographer$FrameDisplayEventReceiver.run(Choreographer.java:844)
12-09 08:20:49.989 W/WindowAnimator( 1595): 	at android.os.Handler.handleCallback(Handler.java:739)
12-09 08:20:49.989 W/WindowAnimator( 1595): 	at android.os.Handler.dispatchMessage(Handler.java:95)
12-09 08:20:49.989 W/WindowAnimator( 1595): 	at android.os.Looper.loop(Looper.java:148)
12-09 08:20:49.989 W/WindowAnimator( 1595): 	at android.os.HandlerThread.run(HandlerThread.java:61)
12-09 08:20:49.989 W/WindowAnimator( 1595): 	at com.android.server.ServiceThread.run(ServiceThread.java:46)
12-09 08:20:49.990 W/art     ( 1595): Long monitor contention event with owner method=void com.android.server.wm.WindowAnimator$1.doFrame(long) from WindowAnimator.java:121 waiters=0 for 158ms
12-09 08:20:50.060 I/InstrumentationBackend(16427): Added:'SetPreferences', with key:'set_preferences'
12-09 08:20:50.060 I/InstrumentationBackend(16427): Added:'ClearPreferences', with key:'clear_preferences'
12-09 08:20:50.061 I/InstrumentationBackend(16427): Added:'PressElement', with key:'press_l10n_element'
12-09 08:20:50.061 I/InstrumentationBackend(16427): Added:'WaitForElement', with key:'wait_for_l10n_element'
12-09 08:20:50.061 I/InstrumentationBackend(16427): Added:'NullAction', with key:'nullAction'
12-09 08:20:50.061 I/InstrumentationBackend(16427): Added:'PressKey', with key:'press_key'
12-09 08:20:50.062 I/InstrumentationBackend(16427): Added:'SetActivityOrientation', with key:'set_activity_orientation'
12-09 08:20:50.062 I/InstrumentationBackend(16427): Added:'GetActivityOrientation', with key:'get_activity_orientation'
12-09 08:20:50.062 I/InstrumentationBackend(16427): Added:'FakeGPSLocation', with key:'set_gps_coordinates'
12-09 08:20:50.062 I/InstrumentationBackend(16427): Added:'SetPropertyByCssSelector', with key:'set_property_by_css_selector'
12-09 08:20:50.062 I/InstrumentationBackend(16427): Added:'GetUrl', with key:'get_url'
12-09 08:20:50.063 I/InstrumentationBackend(16427): Added:'ScrollTo', with key:'scroll_to'
12-09 08:20:50.064 I/InstrumentationBackend(16427): Added:'GetLoadProgress', with key:'get_load_progress'
12-09 08:20:50.064 I/InstrumentationBackend(16427): Added:'DumpHtml', with key:'dump_html'
12-09 08:20:50.064 I/InstrumentationBackend(16427): Added:'DumpBodyHtml', with key:'dump_body_html'
12-09 08:20:50.064 I/InstrumentationBackend(16427): Added:'EnterTextByCssSelector', with key:'enter_text_by_selector'
12-09 08:20:50.097 I/art     (16427): Background partial concurrent mark sweep GC freed 3611(324KB) AllocSpace objects, 0(0B) LOS objects, 49% free, 1024KB/2MB, paused 21.503ms total 304.654ms
12-09 08:20:50.112 I/InstrumentationBackend(16427): Added:'AndroidSDKVersion', with key:'android_sdk_version'
12-09 08:20:50.112 I/InstrumentationBackend(16427): Added:'Version', with key:'version'
12-09 08:20:50.112 I/InstrumentationBackend(16427): Added:'Drag', with key:'drag'
12-09 08:20:50.113 I/InstrumentationBackend(16427): Added:'TouchCoordinates', with key:'touch_coordinate'
12-09 08:20:50.113 I/InstrumentationBackend(16427): Added:'LongPressCoordinate', with key:'long_press_coordinate'
12-09 08:20:50.113 I/InstrumentationBackend(16427): Added:'DragCoordinates', with key:'drag_coordinates'
12-09 08:20:50.113 I/InstrumentationBackend(16427): Added:'ResumeApplication', with key:'resume_application'
12-09 08:20:50.113 I/InstrumentationBackend(16427): Added:'Swipe', with key:'swipe'
12-09 08:20:50.113 I/InstrumentationBackend(16427): Added:'DoubleTapCoordinate', with key:'double_tap_coordinate'
12-09 08:20:50.114 I/InstrumentationBackend(16427): Added:'ClickOnScreen', with key:'click_on_screen'
12-09 08:20:50.114 I/InstrumentationBackend(16427): Added:'GetActivityName', with key:'get_activity_name'
12-09 08:20:50.114 I/InstrumentationBackend(16427): Added:'ScrollToView', with key:'scroll_to_view'
12-09 08:20:50.114 I/InstrumentationBackend(16427): Added:'ViewConfiguration', with key:'view_configuration'
12-09 08:20:50.114 I/InstrumentationBackend(16427): Added:'IsCurrentActivityFocused', with key:'is_current_activity_focused'
12-09 08:20:50.115 I/InstrumentationBackend(16427): Added:'SendTcp', with key:'send_tcp'
12-09 08:20:50.115 I/InstrumentationBackend(16427): Added:'DpToDevicePixel', with key:'dp_to_device_pixel'
12-09 08:20:50.118 I/InstrumentationBackend(16427): Added:'KeyboardEnterText', with key:'keyboard_enter_text'
12-09 08:20:50.118 I/InstrumentationBackend(16427): Added:'DeleteSurroundingText', with key:'delete_surrounding_text'
12-09 08:20:50.118 I/InstrumentationBackend(16427): Added:'SetComposingRegion', with key:'set_composing_region'
12-09 08:20:50.118 I/InstrumentationBackend(16427): Added:'SetSelection', with key:'set_selection'
12-09 08:20:50.118 I/InstrumentationBackend(16427): Added:'KeyboardKeyEvent', with key:'keyboard_key_event'
12-09 08:20:50.119 I/InstrumentationBackend(16427): Added:'PressUserActionButton', with key:'press_user_action_button'
12-09 08:20:50.119 I/InstrumentationBackend(16427): Added:'HideSoftKeyboard', with key:'hide_soft_keyboard'
12-09 08:20:50.130 I/InstrumentationBackend(16427): Added:'ListActions', with key:'list_actions'
12-09 08:20:50.130 I/calabash(16427): Instantiating http server at 7102
12-09 08:20:50.132 I/System.out(16427): HTTP Daemon listening on: 7102
12-09 08:20:50.337 I/System.out(16427): URI: //ping
12-09 08:20:50.338 I/System.out(16427): params: {json={}
12-09 08:20:50.338 I/System.out(16427): }
12-09 08:20:50.397 I/System.out(16427): URI: //ping
12-09 08:20:50.397 I/System.out(16427): params: {json={}
12-09 08:20:50.397 I/System.out(16427): }
12-09 08:20:50.440 I/System.out(16427): URI: //ready
12-09 08:20:50.441 I/System.out(16427): params: {json={}
12-09 08:20:50.441 I/System.out(16427): }
12-09 08:20:50.460 I/System.out(16427): URI: //
12-09 08:20:50.460 I/System.out(16427): params: {json={"command":"version","arguments":[]}
12-09 08:20:50.460 I/System.out(16427): }
12-09 08:20:50.460 I/System.out(16427): header: {date=Sun, 09 Dec 2018 08:20:51 GMT, accept=*/*, content-length=36, host=127.0.0.1:34777, user-agent=HTTPClient/1.0 (2.8.3, ruby 2.3.1 (2016-04-26)), content-type=application/json;charset=utf-8}
12-09 08:20:50.460 I/System.out(16427): params: {json={"command":"version","arguments":[]}
12-09 08:20:50.460 I/System.out(16427): }
12-09 08:20:50.460 I/System.out(16427): ProP json = {"command":"version","arguments":[]}
12-09 08:20:50.460 I/System.out(16427): files: {}
12-09 08:20:50.460 I/System.out(16427): command: {"command":"version","arguments":[]}
12-09 08:20:50.482 I/InstrumentationBackend(16427): Got command:'Command:'Line:null,version', arguments:'[]'
12-09 08:20:50.529 I/System.out(16427): result:{"bonusInformation":[],"message":"0.9.8","success":true}
12-09 08:20:50.554 I/art     (16427): Background sticky concurrent mark sweep GC freed 15723(959KB) AllocSpace objects, 12(240KB) LOS objects, 39% free, 1235KB/2MB, paused 7.797ms total 41.456ms
12-09 08:20:50.563 I/System.out(16427): URI: //start-application
12-09 08:20:50.563 I/System.out(16427): params: {json={"intent":null}
12-09 08:20:50.563 I/System.out(16427): }
12-09 08:20:50.629 I/ActivityManager( 1595): START u0 {act=android.intent.action.MAIN cat=[android.intent.category.LAUNCHER] flg=0x10200000 cmp=com.evancharlton.mileage/.Mileage} from uid 10137 on display 0
12-09 08:20:50.952 I/calabash(16427): newActivity1
12-09 08:20:50.971 I/calabash(16427): newActivity1
12-09 08:20:51.009 W/ActivityManager( 1595): Bad activity token: android.os.BinderProxy@3cee671
12-09 08:20:51.009 W/ActivityManager( 1595): java.lang.ClassCastException: android.os.BinderProxy cannot be cast to com.android.server.am.ActivityRecord$Token
12-09 08:20:51.009 W/ActivityManager( 1595): 	at com.android.server.am.ActivityRecord.forTokenLocked(ActivityRecord.java:424)
12-09 08:20:51.009 W/ActivityManager( 1595): 	at com.android.server.am.ActivityRecord.isInStackLocked(ActivityRecord.java:1121)
12-09 08:20:51.009 W/ActivityManager( 1595): 	at com.android.server.am.ActivityRecord.getStackLocked(ActivityRecord.java:1126)
12-09 08:20:51.009 W/ActivityManager( 1595): 	at com.android.server.am.ActivityManagerService.getActivityDisplayId(ActivityManagerService.java:8889)
12-09 08:20:51.009 W/ActivityManager( 1595): 	at android.app.ActivityManagerNative.onTransact(ActivityManagerNative.java:2338)
12-09 08:20:51.009 W/ActivityManager( 1595): 	at com.android.server.am.ActivityManagerService.onTransact(ActivityManagerService.java:2443)
12-09 08:20:51.009 W/ActivityManager( 1595): 	at android.os.Binder.execTransact(Binder.java:453)
12-09 08:20:51.036 W/ActivityManager( 1595): Bad activity token: android.os.BinderProxy@3cee671
12-09 08:20:51.036 W/ActivityManager( 1595): java.lang.ClassCastException: android.os.BinderProxy cannot be cast to com.android.server.am.ActivityRecord$Token
12-09 08:20:51.036 W/ActivityManager( 1595): 	at com.android.server.am.ActivityRecord.forTokenLocked(ActivityRecord.java:424)
12-09 08:20:51.036 W/ActivityManager( 1595): 	at com.android.server.am.ActivityRecord.isInStackLocked(ActivityRecord.java:1121)
12-09 08:20:51.036 W/ActivityManager( 1595): 	at com.android.server.am.ActivityManagerService.setTaskDescription(ActivityManagerService.java:8547)
12-09 08:20:51.036 W/ActivityManager( 1595): 	at android.app.ActivityManagerNative.onTransact(ActivityManagerNative.java:2410)
12-09 08:20:51.036 W/ActivityManager( 1595): 	at com.android.server.am.ActivityManagerService.onTransact(ActivityManagerService.java:2443)
12-09 08:20:51.036 W/ActivityManager( 1595): 	at android.os.Binder.execTransact(Binder.java:453)
12-09 08:20:51.178 W/ActivityManager( 1595): Bad activity token: android.os.BinderProxy@3cee671
12-09 08:20:51.178 W/ActivityManager( 1595): java.lang.ClassCastException: android.os.BinderProxy cannot be cast to com.android.server.am.ActivityRecord$Token
12-09 08:20:51.178 W/ActivityManager( 1595): 	at com.android.server.am.ActivityRecord.forTokenLocked(ActivityRecord.java:424)
12-09 08:20:51.178 W/ActivityManager( 1595): 	at com.android.server.am.ActivityRecord.isInStackLocked(ActivityRecord.java:1121)
12-09 08:20:51.178 W/ActivityManager( 1595): 	at com.android.server.am.ActivityManagerService.getActivityOptions(ActivityManagerService.java:11038)
12-09 08:20:51.178 W/ActivityManager( 1595): 	at android.app.ActivityManagerNative.onTransact(ActivityManagerNative.java:1734)
12-09 08:20:51.178 W/ActivityManager( 1595): 	at com.android.server.am.ActivityManagerService.onTransact(ActivityManagerService.java:2443)
12-09 08:20:51.178 W/ActivityManager( 1595): 	at android.os.Binder.execTransact(Binder.java:453)
12-09 08:20:51.178 W/ActivityManager( 1595): Bad activity token: android.os.BinderProxy@3cee671
12-09 08:20:51.178 W/ActivityManager( 1595): java.lang.ClassCastException: android.os.BinderProxy cannot be cast to com.android.server.am.ActivityRecord$Token
12-09 08:20:51.178 W/ActivityManager( 1595): 	at com.android.server.am.ActivityRecord.forTokenLocked(ActivityRecord.java:424)
12-09 08:20:51.178 W/ActivityManager( 1595): 	at com.android.server.am.ActivityRecord.isInStackLocked(ActivityRecord.java:1121)
12-09 08:20:51.178 W/ActivityManager( 1595): 	at com.android.server.am.ActivityManagerService.getActivityOptions(ActivityManagerService.java:11038)
12-09 08:20:51.178 W/ActivityManager( 1595): 	at android.app.ActivityManagerNative.onTransact(ActivityManagerNative.java:1734)
12-09 08:20:51.178 W/ActivityManager( 1595): 	at com.android.server.am.ActivityManagerService.onTransact(ActivityManagerService.java:2443)
12-09 08:20:51.178 W/ActivityManager( 1595): 	at android.os.Binder.execTransact(Binder.java:453)
12-09 08:20:51.282 D/gralloc_ranchu( 1223): gralloc_alloc: Creating ashmem region of size 3686400
12-09 08:20:51.286 I/art     (16427): Background sticky concurrent mark sweep GC freed 948(118KB) AllocSpace objects, 0(0B) LOS objects, 2% free, 1990KB/2MB, paused 942us total 104.754ms
12-09 08:20:51.372 I/art     (16427): Background sticky concurrent mark sweep GC freed 36(1936B) AllocSpace objects, 0(0B) LOS objects, 3% free, 1979KB/2MB, paused 31.523ms total 76.772ms
12-09 08:20:51.667 V/PhoneStatusBar( 1688): setLightsOn(true)
12-09 08:20:51.775 W/art     ( 1595): Long monitor contention event with owner method=int com.android.server.wm.WindowManagerService.relayoutWindow(com.android.server.wm.Session, android.view.IWindow, int, android.view.WindowManager$LayoutParams, int, int, int, int, android.graphics.Rect, android.graphics.Rect, android.graphics.Rect, android.graphics.Rect, android.graphics.Rect, android.graphics.Rect, android.content.res.Configuration, android.view.Surface) from WindowManagerService.java:3103 waiters=1 for 107ms
12-09 08:20:51.778 D/gralloc_ranchu( 1223): gralloc_alloc: Creating ashmem region of size 3686400
12-09 08:20:51.838 V/PhoneStatusBar( 1688): setLightsOn(true)
12-09 08:20:51.866 D/        (16427): HostConnection::get() New Host Connection established 0x7f263619cf20, tid 16427
12-09 08:20:51.867 D/EGL_emulation( 1928): eglMakeCurrent: 0x7f2639a21aa0: ver 2 0 (tinfo 0x7f2639a02800)
12-09 08:20:51.868 E/Surface ( 1928): getSlotFromBufferLocked: unknown buffer: 0x7f2635fe4160
12-09 08:20:51.948 W/art     ( 1595): Long monitor contention event with owner method=void com.android.server.wm.WindowAnimator$1.doFrame(long) from WindowAnimator.java:121 waiters=0 for 125ms
12-09 08:20:52.100 W/art     ( 1595): Long monitor contention event with owner method=void com.android.server.wm.WindowAnimator$1.doFrame(long) from WindowAnimator.java:121 waiters=2 for 187ms
12-09 08:20:52.100 W/art     ( 1595): Long monitor contention event with owner method=void com.android.server.wm.WindowAnimator$1.doFrame(long) from WindowAnimator.java:121 waiters=2 for 152ms
12-09 08:20:52.160 D/gralloc_ranchu( 1223): gralloc_alloc: Creating ashmem region of size 3686400
12-09 08:20:52.411 I/ActivityManager( 1595): Displayed com.evancharlton.mileage/.Mileage: +1s542ms
12-09 08:20:53.292 D/gralloc_ranchu( 1223): gralloc_alloc: Creating ashmem region of size 3686400
12-09 08:20:54.569 I/System.out(16427): URI: //map
12-09 08:20:54.575 I/System.out(16427): params: {json={"query":"android.widget.EditText id:'price'","operation":{"method_name":"query","arguments":[]}}
12-09 08:20:54.575 I/System.out(16427): }
12-09 08:20:54.683 W/art     (16427): Suspending all threads took: 7.665ms
12-09 08:20:54.736 I/art     (16427): Background sticky concurrent mark sweep GC freed 25544(1165KB) AllocSpace objects, 2(40KB) LOS objects, 30% free, 2MB/3MB, paused 12.631ms total 143.797ms
12-09 08:20:54.743 W/ResourceType(16427): No package identifier when getting name for resource number 0x00000001
12-09 08:20:54.857 I/System.out(16427): URI: //gesture
12-09 08:20:54.858 I/System.out(16427): params: {json={"query_timeout":5.0,"gestures":[{"query_string":"android.widget.EditText id:'price'","touches":[{"x":50,"y":50,"offset_x":0,"offset_y":0,"wait":0.0,"time":0.2,"release":true,"query_string":null}]}]}
12-09 08:20:54.858 I/System.out(16427): }
12-09 08:20:54.869 W/ResourceType(16427): No package identifier when getting name for resource number 0x00000001
12-09 08:20:54.935 I/art     (16427): Background sticky concurrent mark sweep GC freed 15434(616KB) AllocSpace objects, 2(40KB) LOS objects, 23% free, 2MB/3MB, paused 5.529ms total 51.195ms
12-09 08:20:55.352 I/LatinIME( 1862): Starting input. Cursor position = 0,0
12-09 08:20:55.503 I/art     (16427): Background sticky concurrent mark sweep GC freed 16864(858KB) AllocSpace objects, 1(20KB) LOS objects, 22% free, 2MB/3MB, paused 1.029ms total 152.618ms
12-09 08:20:55.637 D/EGL_emulation( 1862): eglMakeCurrent: 0x7f2639a25d80: ver 2 0 (tinfo 0x7f262e26a640)
12-09 08:20:55.900 I/System.out(16427): URI: //
12-09 08:20:55.900 I/System.out(16427): params: {json={"command":"set_selection","arguments":[-1,-1]}
12-09 08:20:55.900 I/System.out(16427): }
12-09 08:20:55.900 I/System.out(16427): header: {date=Sun, 09 Dec 2018 08:20:56 GMT, accept=*/*, content-length=47, host=127.0.0.1:34777, user-agent=HTTPClient/1.0 (2.8.3, ruby 2.3.1 (2016-04-26)), content-type=application/json;charset=utf-8}
12-09 08:20:55.900 I/System.out(16427): params: {json={"command":"set_selection","arguments":[-1,-1]}
12-09 08:20:55.900 I/System.out(16427): }
12-09 08:20:55.900 I/System.out(16427): ProP json = {"command":"set_selection","arguments":[-1,-1]}
12-09 08:20:55.900 I/System.out(16427): files: {}
12-09 08:20:55.900 I/System.out(16427): command: {"command":"set_selection","arguments":[-1,-1]}
12-09 08:20:55.901 I/InstrumentationBackend(16427): Got command:'Command:'Line:null,set_selection', arguments:'[-1, -1]'
12-09 08:20:56.021 I/System.out(16427): result:{"bonusInformation":[],"message":"","success":true}
12-09 08:20:56.156 I/System.out(16427): URI: //
12-09 08:20:56.156 I/System.out(16427): params: {json={"command":"keyboard_enter_text","arguments":["-321ßå∂˚¡–ºß123"]}
12-09 08:20:56.156 I/System.out(16427): }
12-09 08:20:56.156 I/System.out(16427): header: {date=Sun, 09 Dec 2018 08:20:57 GMT, accept=*/*, content-length=75, host=127.0.0.1:34777, user-agent=HTTPClient/1.0 (2.8.3, ruby 2.3.1 (2016-04-26)), content-type=application/json;charset=utf-8}
12-09 08:20:56.156 I/System.out(16427): params: {json={"command":"keyboard_enter_text","arguments":["-321ßå∂˚¡–ºß123"]}
12-09 08:20:56.156 I/System.out(16427): }
12-09 08:20:56.156 I/System.out(16427): ProP json = {"command":"keyboard_enter_text","arguments":["-321ßå∂˚¡–ºß123"]}
12-09 08:20:56.156 I/System.out(16427): files: {}
12-09 08:20:56.156 I/System.out(16427): command: {"command":"keyboard_enter_text","arguments":["-321ßå∂˚¡–ºß123"]}
12-09 08:20:56.157 I/InstrumentationBackend(16427): Got command:'Command:'Line:null,keyboard_enter_text', arguments:'[-321ßå∂˚¡–ºß123]'
12-09 08:20:56.158 E/SpannableStringBuilder(16427): SPAN_EXCLUSIVE_EXCLUSIVE spans cannot have a zero length
12-09 08:20:56.158 E/SpannableStringBuilder(16427): SPAN_EXCLUSIVE_EXCLUSIVE spans cannot have a zero length
12-09 08:20:56.477 W/art     ( 1595): Long monitor contention event with owner method=void com.android.server.wm.WindowAnimator$1.doFrame(long) from WindowAnimator.java:121 waiters=0 for 209ms
12-09 08:20:56.480 E/SpannableStringBuilder(16427): SPAN_EXCLUSIVE_EXCLUSIVE spans cannot have a zero length
12-09 08:20:56.480 E/SpannableStringBuilder(16427): SPAN_EXCLUSIVE_EXCLUSIVE spans cannot have a zero length
12-09 08:20:56.486 I/System.out(16427): result:{"bonusInformation":[],"message":"","success":true}
12-09 08:20:57.200 E/SurfaceFlinger( 1223): ro.sf.lcd_density must be defined as a build property
12-09 08:20:57.227 D/gralloc_ranchu( 1223): gralloc_alloc: Creating ashmem region of size 3686400
12-09 08:20:57.292 D/        (16459): HostConnection::get() New Host Connection established 0x7f2c65112480, tid 16459
12-09 08:20:57.324 E/EGL_emulation( 1223): tid 1223: eglCreateSyncKHR(1881): error 0x3004 (EGL_BAD_ATTRIBUTE)
12-09 08:20:58.328 I/System.out(16427): URI: //map
12-09 08:20:58.328 I/System.out(16427): params: {json={"query":"android.widget.EditText id:'volume'","operation":{"method_name":"query","arguments":[]}}
12-09 08:20:58.328 I/System.out(16427): }
12-09 08:20:58.357 W/ResourceType(16427): No package identifier when getting name for resource number 0x00000001
12-09 08:20:58.383 W/art     (16427): Suspending all threads took: 6.271ms
12-09 08:20:58.436 I/art     (16427): Background sticky concurrent mark sweep GC freed 27047(1128KB) AllocSpace objects, 1(20KB) LOS objects, 0% free, 3MB/3MB, paused 7.308ms total 97.952ms
12-09 08:20:58.480 I/System.out(16427): URI: //gesture
12-09 08:20:58.480 I/System.out(16427): params: {json={"query_timeout":5.0,"gestures":[{"query_string":"android.widget.EditText id:'volume'","touches":[{"x":50,"y":50,"offset_x":0,"offset_y":0,"wait":0.0,"time":0.2,"release":true,"query_string":null}]}]}
12-09 08:20:58.480 I/System.out(16427): }
12-09 08:20:58.553 W/ResourceType(16427): No package identifier when getting name for resource number 0x00000001
12-09 08:20:58.952 I/LatinIME( 1862): Starting input. Cursor position = 0,0
12-09 08:20:59.011 W/art     (16427): Suspending all threads took: 7.303ms
12-09 08:20:59.118 I/art     (16427): Background sticky concurrent mark sweep GC freed 45190(2029KB) AllocSpace objects, 1(20KB) LOS objects, 35% free, 2MB/3MB, paused 41.632ms total 154.277ms
12-09 08:20:59.514 I/System.out(16427): URI: //
12-09 08:20:59.514 I/System.out(16427): params: {json={"command":"set_selection","arguments":[-1,-1]}
12-09 08:20:59.514 I/System.out(16427): }
12-09 08:20:59.514 I/System.out(16427): header: {date=Sun, 09 Dec 2018 08:21:00 GMT, accept=*/*, content-length=47, host=127.0.0.1:34777, user-agent=HTTPClient/1.0 (2.8.3, ruby 2.3.1 (2016-04-26)), content-type=application/json;charset=utf-8}
12-09 08:20:59.514 I/System.out(16427): params: {json={"command":"set_selection","arguments":[-1,-1]}
12-09 08:20:59.514 I/System.out(16427): }
12-09 08:20:59.514 I/System.out(16427): ProP json = {"command":"set_selection","arguments":[-1,-1]}
12-09 08:20:59.514 I/System.out(16427): files: {}
12-09 08:20:59.514 I/System.out(16427): command: {"command":"set_selection","arguments":[-1,-1]}
12-09 08:20:59.524 I/InstrumentationBackend(16427): Got command:'Command:'Line:null,set_selection', arguments:'[-1, -1]'
12-09 08:20:59.537 I/System.out(16427): result:{"bonusInformation":[],"message":"","success":true}
12-09 08:20:59.720 I/System.out(16427): URI: //
12-09 08:20:59.720 I/System.out(16427): params: {json={"command":"keyboard_enter_text","arguments":["åß9∂º–ç¬  ß29å∂˚¡–ºß123"]}
12-09 08:20:59.720 I/System.out(16427): }
12-09 08:20:59.720 I/System.out(16427): header: {date=Sun, 09 Dec 2018 08:21:00 GMT, accept=*/*, content-length=92, host=127.0.0.1:34777, user-agent=HTTPClient/1.0 (2.8.3, ruby 2.3.1 (2016-04-26)), content-type=application/json;charset=utf-8}
12-09 08:20:59.720 I/System.out(16427): params: {json={"command":"keyboard_enter_text","arguments":["åß9∂º–ç¬  ß29å∂˚¡–ºß123"]}
12-09 08:20:59.720 I/System.out(16427): }
12-09 08:20:59.720 I/System.out(16427): ProP json = {"command":"keyboard_enter_text","arguments":["åß9∂º–ç¬  ß29å∂˚¡–ºß123"]}
12-09 08:20:59.720 I/System.out(16427): files: {}
12-09 08:20:59.720 I/System.out(16427): command: {"command":"keyboard_enter_text","arguments":["åß9∂º–ç¬  ß29å∂˚¡–ºß123"]}
12-09 08:20:59.721 I/InstrumentationBackend(16427): Got command:'Command:'Line:null,keyboard_enter_text', arguments:'[åß9∂º–ç¬  ß29å∂˚¡–ºß123]'
12-09 08:20:59.722 E/SpannableStringBuilder(16427): SPAN_EXCLUSIVE_EXCLUSIVE spans cannot have a zero length
12-09 08:20:59.722 E/SpannableStringBuilder(16427): SPAN_EXCLUSIVE_EXCLUSIVE spans cannot have a zero length
12-09 08:20:59.727 E/SpannableStringBuilder(16427): SPAN_EXCLUSIVE_EXCLUSIVE spans cannot have a zero length
12-09 08:20:59.727 E/SpannableStringBuilder(16427): SPAN_EXCLUSIVE_EXCLUSIVE spans cannot have a zero length
12-09 08:20:59.740 I/System.out(16427): result:{"bonusInformation":[],"message":"","success":true}
12-09 08:21:00.280 E/SurfaceFlinger( 1223): ro.sf.lcd_density must be defined as a build property
12-09 08:21:00.418 D/gralloc_ranchu( 1223): gralloc_alloc: Creating ashmem region of size 3686400
12-09 08:21:00.462 D/        (16469): HostConnection::get() New Host Connection established 0x7fa61ad12480, tid 16469
12-09 08:21:00.524 E/EGL_emulation( 1223): tid 1223: eglCreateSyncKHR(1881): error 0x3004 (EGL_BAD_ATTRIBUTE)
12-09 08:21:01.444 I/System.out(16427): URI: //map
12-09 08:21:01.444 I/System.out(16427): params: {json={"query":"android.widget.EditText id:'odometer'","operation":{"method_name":"query","arguments":[]}}
12-09 08:21:01.444 I/System.out(16427): }
12-09 08:21:01.469 W/ResourceType(16427): No package identifier when getting name for resource number 0x00000001
12-09 08:21:01.600 I/System.out(16427): URI: //gesture
12-09 08:21:01.600 I/System.out(16427): params: {json={"query_timeout":5.0,"gestures":[{"query_string":"android.widget.EditText id:'odometer'","touches":[{"x":50,"y":50,"offset_x":0,"offset_y":0,"wait":0.0,"time":0.2,"release":true,"query_string":null}]}]}
12-09 08:21:01.600 I/System.out(16427): }
12-09 08:21:01.629 W/ResourceType(16427): No package identifier when getting name for resource number 0x00000001
12-09 08:21:02.056 I/LatinIME( 1862): Starting input. Cursor position = 0,0
12-09 08:21:02.700 I/System.out(16427): URI: //
12-09 08:21:02.700 I/System.out(16427): params: {json={"command":"set_selection","arguments":[-1,-1]}
12-09 08:21:02.700 I/System.out(16427): }
12-09 08:21:02.700 I/System.out(16427): header: {date=Sun, 09 Dec 2018 08:21:03 GMT, accept=*/*, content-length=47, host=127.0.0.1:34777, user-agent=HTTPClient/1.0 (2.8.3, ruby 2.3.1 (2016-04-26)), content-type=application/json;charset=utf-8}
12-09 08:21:02.700 I/System.out(16427): params: {json={"command":"set_selection","arguments":[-1,-1]}
12-09 08:21:02.700 I/System.out(16427): }
12-09 08:21:02.700 I/System.out(16427): ProP json = {"command":"set_selection","arguments":[-1,-1]}
12-09 08:21:02.700 I/System.out(16427): files: {}
12-09 08:21:02.700 I/System.out(16427): command: {"command":"set_selection","arguments":[-1,-1]}
12-09 08:21:02.701 I/InstrumentationBackend(16427): Got command:'Command:'Line:null,set_selection', arguments:'[-1, -1]'
12-09 08:21:02.729 I/System.out(16427): result:{"bonusInformation":[],"message":"","success":true}
12-09 08:21:02.824 I/System.out(16427): URI: //
12-09 08:21:02.824 I/System.out(16427): params: {json={"command":"keyboard_enter_text","arguments":["=+œå∑ß≈´∂ç®ƒ√†©∫¡™£"]}
12-09 08:21:02.824 I/System.out(16427): }
12-09 08:21:02.824 I/System.out(16427): header: {date=Sun, 09 Dec 2018 08:21:03 GMT, accept=*/*, content-length=93, host=127.0.0.1:34777, user-agent=HTTPClient/1.0 (2.8.3, ruby 2.3.1 (2016-04-26)), content-type=application/json;charset=utf-8}
12-09 08:21:02.824 I/System.out(16427): params: {json={"command":"keyboard_enter_text","arguments":["=+œå∑ß≈´∂ç®ƒ√†©∫¡™£"]}
12-09 08:21:02.824 I/System.out(16427): }
12-09 08:21:02.824 I/System.out(16427): ProP json = {"command":"keyboard_enter_text","arguments":["=+œå∑ß≈´∂ç®ƒ√†©∫¡™£"]}
12-09 08:21:02.824 I/System.out(16427): files: {}
12-09 08:21:02.824 I/System.out(16427): command: {"command":"keyboard_enter_text","arguments":["=+œå∑ß≈´∂ç®ƒ√†©∫¡™£"]}
12-09 08:21:02.826 I/InstrumentationBackend(16427): Got command:'Command:'Line:null,keyboard_enter_text', arguments:'[=+œå∑ß≈´∂ç®ƒ√†©∫¡™£]'
12-09 08:21:02.872 E/SpannableStringBuilder(16427): SPAN_EXCLUSIVE_EXCLUSIVE spans cannot have a zero length
12-09 08:21:02.872 E/SpannableStringBuilder(16427): SPAN_EXCLUSIVE_EXCLUSIVE spans cannot have a zero length
12-09 08:21:02.896 E/SpannableStringBuilder(16427): SPAN_EXCLUSIVE_EXCLUSIVE spans cannot have a zero length
12-09 08:21:02.896 E/SpannableStringBuilder(16427): SPAN_EXCLUSIVE_EXCLUSIVE spans cannot have a zero length
12-09 08:21:02.902 I/System.out(16427): result:{"bonusInformation":[],"message":"","success":true}
12-09 08:21:03.338 E/SurfaceFlinger( 1223): ro.sf.lcd_density must be defined as a build property
12-09 08:21:03.388 D/gralloc_ranchu( 1223): gralloc_alloc: Creating ashmem region of size 3686400
12-09 08:21:03.398 D/        (16479): HostConnection::get() New Host Connection established 0x7f07764d2480, tid 16479
12-09 08:21:03.452 E/EGL_emulation( 1223): tid 1223: eglCreateSyncKHR(1881): error 0x3004 (EGL_BAD_ATTRIBUTE)
