--------- beginning of main
12-09 07:36:04.605 D/        ( 1592): HostConnection::get() New Host Connection established 0x7fb94fa50d40, tid 2139
12-09 07:36:04.625 E/EGL_emulation( 1219): tid 1219: eglCreateSyncKHR(1881): error 0x3004 (EGL_BAD_ATTRIBUTE)
--------- beginning of system
12-09 07:36:04.935 W/ActivityManager( 1592): Finishing task with all activities already finished
12-09 07:36:04.935 W/ActivityManager( 1592): Duplicate finish request for ActivityRecord{b06d498 u0 com.evancharlton.mileage/.Mileage t326 f}
12-09 07:36:04.935 W/ActivityManager( 1592): Finishing task with all activities already finished
12-09 07:36:04.935 W/ActivityManager( 1592): Duplicate finish request for ActivityRecord{b06d498 u0 com.evancharlton.mileage/.Mileage t326 f}
12-09 07:36:04.936 W/ActivityManager( 1592): Finishing task with all activities already finished
12-09 07:36:04.936 W/ActivityManager( 1592): Duplicate finish request for ActivityRecord{b06d498 u0 com.evancharlton.mileage/.Mileage t326 f}
12-09 07:36:04.992 I/art     ( 1592): Background partial concurrent mark sweep GC freed 11039(775KB) AllocSpace objects, 5(96KB) LOS objects, 30% free, 9MB/13MB, paused 10.418ms total 167.403ms
12-09 07:36:05.114 W/art     ( 1592): Long monitor contention event with owner method=void com.android.server.am.ActivityManagerService.activityPaused(android.os.IBinder) from ActivityManagerService.java:6439 waiters=0 for 170ms
12-09 07:36:05.115 W/art     ( 1592): Long monitor contention event with owner method=void com.android.server.am.ActivityManagerService.activityPaused(android.os.IBinder) from ActivityManagerService.java:6439 waiters=1 for 124ms
12-09 07:36:05.385 D/EGL_emulation( 1928): eglMakeCurrent: 0x7fb965834b40: ver 2 0 (tinfo 0x7fb965802ca0)
12-09 07:36:05.437 W/art     ( 1592): Long monitor contention event with owner method=void com.android.server.wm.WindowAnimator$1.doFrame(long) from WindowAnimator.java:121 waiters=0 for 115ms
12-09 07:36:05.576 D/AndroidRuntime( 3693): >>>>>> START com.android.internal.os.RuntimeInit uid 0 <<<<<<
12-09 07:36:05.577 D/AndroidRuntime( 3693): CheckJNI is ON
12-09 07:36:05.616 D/ICU     ( 3693): No timezone override file found: /data/misc/zoneinfo/current/icu/icu_tzdata.dat
12-09 07:36:05.785 E/memtrack( 3693): Couldn't load memtrack module (No such file or directory)
12-09 07:36:05.785 E/android.os.Debug( 3693): failed to load memtrack module: -2
12-09 07:36:05.801 I/Radio-JNI( 3693): register_android_hardware_Radio DONE
12-09 07:36:05.827 D/AndroidRuntime( 3693): Calling main entry com.android.commands.am.Am
12-09 07:36:05.852 W/art     ( 1592): Long monitor contention event with owner method=void com.android.server.wm.WindowAnimator$1.doFrame(long) from WindowAnimator.java:121 waiters=1 for 298ms
12-09 07:36:06.001 W/art     ( 1592): Long monitor contention event with owner method=void com.android.server.am.ActivityManagerService.activityDestroyed(android.os.IBinder) from ActivityManagerService.java:6475 waiters=0 for 652ms
12-09 07:36:06.002 W/art     ( 1592): Long monitor contention event with owner method=void com.android.server.am.ActivityManagerService.activityDestroyed(android.os.IBinder) from ActivityManagerService.java:6475 waiters=1 for 548ms
12-09 07:36:06.015 W/art     ( 1592): Long monitor contention event with owner method=void com.android.server.am.ActivityManagerService.activityDestroyed(android.os.IBinder) from ActivityManagerService.java:6475 waiters=2 for 170ms
12-09 07:36:06.015 I/ActivityManager( 1592): Force stopping com.evancharlton.mileage appid=10115 user=0: start instr
12-09 07:36:06.031 I/ActivityManager( 1592): Killing 3619:com.evancharlton.mileage/u0a115 (adj 0): stop com.evancharlton.mileage
12-09 07:36:06.210 W/ActivityManager( 1592): Crash of app com.evancharlton.mileage running instrumentation ComponentInfo{com.evancharlton.mileage.test/sh.calaba.instrumentationbackend.CalabashInstrumentationTestRunner}
12-09 07:36:06.210 I/ActivityManager( 1592): Force stopping com.evancharlton.mileage appid=10115 user=0: finished inst
12-09 07:36:06.327 W/art     ( 1592): Long monitor contention event with owner method=void com.android.server.wm.WindowAnimator$1.doFrame(long) from WindowAnimator.java:121 waiters=1 for 111ms
12-09 07:36:06.444 W/art     ( 1592): Long monitor contention event with owner method=void com.android.server.wm.WindowAnimator$1.doFrame(long) from WindowAnimator.java:121 waiters=1 for 181ms
12-09 07:36:06.604 W/art     ( 1592): Long monitor contention event with owner method=void com.android.server.wm.WindowAnimator$1.doFrame(long) from WindowAnimator.java:121 waiters=1 for 277ms
12-09 07:36:06.796 W/art     ( 1592): Long monitor contention event with owner method=void com.android.server.wm.WindowAnimator$1.doFrame(long) from WindowAnimator.java:121 waiters=1 for 192ms
12-09 07:36:06.892 W/art     ( 1592): Long monitor contention event with owner method=void com.android.server.wm.WindowAnimator$1.doFrame(long) from WindowAnimator.java:121 waiters=1 for 231ms
12-09 07:36:06.951 W/art     ( 1592): Long monitor contention event with owner method=void com.android.server.wm.WindowAnimator$1.doFrame(long) from WindowAnimator.java:121 waiters=1 for 155ms
12-09 07:36:07.123 W/art     ( 1592): Long monitor contention event with owner method=void com.android.server.wm.WindowAnimator$1.doFrame(long) from WindowAnimator.java:121 waiters=1 for 171ms
12-09 07:36:07.176 W/art     ( 1592): Long monitor contention event with owner method=void com.android.server.wm.WindowAnimator$1.doFrame(long) from WindowAnimator.java:121 waiters=1 for 163ms
12-09 07:36:07.756 W/art     ( 1592): Long monitor contention event with owner method=void com.android.server.wm.WindowAnimator$1.doFrame(long) from WindowAnimator.java:121 waiters=1 for 215ms
12-09 07:36:07.940 W/art     ( 1592): Long monitor contention event with owner method=void com.android.server.wm.WindowAnimator$1.doFrame(long) from WindowAnimator.java:121 waiters=1 for 138ms
12-09 07:36:08.087 W/art     ( 1592): Long monitor contention event with owner method=void com.android.server.wm.WindowAnimator$1.doFrame(long) from WindowAnimator.java:121 waiters=1 for 225ms
12-09 07:36:08.147 W/art     ( 1592): Long monitor contention event with owner method=void com.android.server.wm.WindowAnimator$1.doFrame(long) from WindowAnimator.java:121 waiters=1 for 208ms
12-09 07:36:08.600 W/art     ( 1592): Long monitor contention event with owner method=void com.android.server.wm.WindowAnimator$1.doFrame(long) from WindowAnimator.java:121 waiters=1 for 219ms
12-09 07:36:08.896 W/art     ( 1592): Long monitor contention event with owner method=void com.android.server.wm.WindowAnimator$1.doFrame(long) from WindowAnimator.java:121 waiters=1 for 187ms
12-09 07:36:09.050 W/art     ( 1592): Long monitor contention event with owner method=void com.android.server.wm.WindowAnimator$1.doFrame(long) from WindowAnimator.java:121 waiters=1 for 238ms
12-09 07:36:09.292 W/art     ( 1592): Long monitor contention event with owner method=void com.android.server.wm.WindowAnimator$1.doFrame(long) from WindowAnimator.java:121 waiters=1 for 189ms
12-09 07:36:09.462 W/art     ( 1592): Long monitor contention event with owner method=void com.android.server.wm.WindowAnimator$1.doFrame(long) from WindowAnimator.java:121 waiters=1 for 170ms
12-09 07:36:09.768 I/WindowState( 1592): WIN DEATH: Window{2320cae u0 com.evancharlton.mileage/com.evancharlton.mileage.Mileage EXITING}
12-09 07:36:09.992 W/art     ( 1592): Long monitor contention event with owner method=void com.android.server.wm.WindowAnimator$1.doFrame(long) from WindowAnimator.java:121 waiters=0 for 148ms
12-09 07:36:10.039 I/ActivityManager( 1592): Start proc 3702:com.evancharlton.mileage/u0a115 for added application com.evancharlton.mileage
12-09 07:36:10.039 W/art     ( 1592): Long monitor contention event with owner method=void com.android.server.am.ActivityManagerService.activityDestroyed(android.os.IBinder) from ActivityManagerService.java:6475 waiters=3 for 4.038s
12-09 07:36:10.040 D/AndroidRuntime( 3693): Shutting down VM
12-09 07:36:10.052 W/InputMethodManagerService( 1592): Got RemoteException sending setActive(false) notification to pid 3619 uid 10115
12-09 07:36:10.052 W/art     ( 1592): Long monitor contention event with owner method=boolean com.android.server.am.ActivityManagerService.startInstrumentation(android.content.ComponentName, java.lang.String, int, android.os.Bundle, android.app.IInstrumentationWatcher, android.app.IUiAutomationConnection, int, java.lang.String) from ActivityManagerService.java:17066 waiters=1 for 3.958s
12-09 07:36:10.056 W/art     ( 1592): Long monitor contention event with owner method=boolean com.android.server.am.ActivityManagerService.startInstrumentation(android.content.ComponentName, java.lang.String, int, android.os.Bundle, android.app.IInstrumentationWatcher, android.app.IUiAutomationConnection, int, java.lang.String) from ActivityManagerService.java:17066 waiters=2 for 3.961s
12-09 07:36:10.056 W/art     ( 1592): Long monitor contention event with owner method=boolean com.android.server.am.ActivityManagerService.startInstrumentation(android.content.ComponentName, java.lang.String, int, android.os.Bundle, android.app.IInstrumentationWatcher, android.app.IUiAutomationConnection, int, java.lang.String) from ActivityManagerService.java:17066 waiters=3 for 3.920s
12-09 07:36:10.056 W/art     ( 1592): Long monitor contention event with owner method=boolean com.android.server.am.ActivityManagerService.startInstrumentation(android.content.ComponentName, java.lang.String, int, android.os.Bundle, android.app.IInstrumentationWatcher, android.app.IUiAutomationConnection, int, java.lang.String) from ActivityManagerService.java:17066 waiters=4 for 1.479s
12-09 07:36:10.075 W/System  ( 3702): ClassLoader referenced unknown path: /data/app/com.evancharlton.mileage.test-1/lib/x86_64
12-09 07:36:10.075 W/System  ( 3702): ClassLoader referenced unknown path: /data/app/com.evancharlton.mileage-1/lib/x86_64
12-09 07:36:10.306 W/art     ( 1592): Long monitor contention event with owner method=com.android.internal.view.InputBindResult com.android.server.InputMethodManagerService.windowGainedFocus(com.android.internal.view.IInputMethodClient, android.os.IBinder, int, int, int, android.view.inputmethod.EditorInfo, com.android.internal.view.IInputContext) from InputMethodManagerService.java:2177 waiters=0 for 4.305s
12-09 07:36:10.315 W/art     ( 1592): Long monitor contention event with owner method=com.android.internal.view.InputBindResult com.android.server.InputMethodManagerService.windowGainedFocus(com.android.internal.view.IInputMethodClient, android.os.IBinder, int, int, int, android.view.inputmethod.EditorInfo, com.android.internal.view.IInputContext) from InputMethodManagerService.java:2177 waiters=1 for 4.099s
12-09 07:36:10.316 I/Choreographer( 1928): Skipped 294 frames!  The application may be doing too much work on its main thread.
12-09 07:36:10.353 I/System.out( 3702): Main activity name automatically set to: com.evancharlton.mileage.Mileage
12-09 07:36:10.353 I/System.out( 3702): Calabash did not load Mono. This is only a problem if you are trying to test a Mono application
12-09 07:36:10.354 I/calabash( 3702): Test server port: 7102
12-09 07:36:10.354 I/InstrumentationBackend( 3702): Added:'GetPreferences', with key:'get_preferences'
12-09 07:36:10.517 D/EGL_emulation( 1859): eglMakeCurrent: 0x7fb959a49a00: ver 2 0 (tinfo 0x7fb961736e20)
12-09 07:36:10.518 E/Surface ( 1859): getSlotFromBufferLocked: unknown buffer: 0x7fb959a4a180
12-09 07:36:10.520 I/InstrumentationBackend( 3702): Added:'SetPreferences', with key:'set_preferences'
12-09 07:36:10.520 I/InstrumentationBackend( 3702): Added:'ClearPreferences', with key:'clear_preferences'
12-09 07:36:10.520 I/InstrumentationBackend( 3702): Added:'PressElement', with key:'press_l10n_element'
12-09 07:36:10.520 I/InstrumentationBackend( 3702): Added:'WaitForElement', with key:'wait_for_l10n_element'
12-09 07:36:10.521 I/InstrumentationBackend( 3702): Added:'NullAction', with key:'nullAction'
12-09 07:36:10.521 I/InstrumentationBackend( 3702): Added:'PressKey', with key:'press_key'
12-09 07:36:10.521 I/InstrumentationBackend( 3702): Added:'SetActivityOrientation', with key:'set_activity_orientation'
12-09 07:36:10.521 I/InstrumentationBackend( 3702): Added:'GetActivityOrientation', with key:'get_activity_orientation'
12-09 07:36:10.521 I/InstrumentationBackend( 3702): Added:'FakeGPSLocation', with key:'set_gps_coordinates'
12-09 07:36:10.521 I/InstrumentationBackend( 3702): Added:'SetPropertyByCssSelector', with key:'set_property_by_css_selector'
12-09 07:36:10.522 I/InstrumentationBackend( 3702): Added:'GetUrl', with key:'get_url'
12-09 07:36:10.522 I/InstrumentationBackend( 3702): Added:'ScrollTo', with key:'scroll_to'
12-09 07:36:10.522 I/InstrumentationBackend( 3702): Added:'GetLoadProgress', with key:'get_load_progress'
12-09 07:36:10.523 I/InstrumentationBackend( 3702): Added:'DumpHtml', with key:'dump_html'
12-09 07:36:10.523 I/InstrumentationBackend( 3702): Added:'DumpBodyHtml', with key:'dump_body_html'
12-09 07:36:10.543 I/InstrumentationBackend( 3702): Added:'EnterTextByCssSelector', with key:'enter_text_by_selector'
12-09 07:36:10.544 I/InstrumentationBackend( 3702): Added:'AndroidSDKVersion', with key:'android_sdk_version'
12-09 07:36:10.545 I/InstrumentationBackend( 3702): Added:'Version', with key:'version'
12-09 07:36:10.545 I/InstrumentationBackend( 3702): Added:'Drag', with key:'drag'
12-09 07:36:10.545 I/InstrumentationBackend( 3702): Added:'TouchCoordinates', with key:'touch_coordinate'
12-09 07:36:10.545 I/InstrumentationBackend( 3702): Added:'LongPressCoordinate', with key:'long_press_coordinate'
12-09 07:36:10.545 I/InstrumentationBackend( 3702): Added:'DragCoordinates', with key:'drag_coordinates'
12-09 07:36:10.545 I/InstrumentationBackend( 3702): Added:'ResumeApplication', with key:'resume_application'
12-09 07:36:10.545 I/InstrumentationBackend( 3702): Added:'Swipe', with key:'swipe'
12-09 07:36:10.546 I/InstrumentationBackend( 3702): Added:'DoubleTapCoordinate', with key:'double_tap_coordinate'
12-09 07:36:10.546 I/InstrumentationBackend( 3702): Added:'ClickOnScreen', with key:'click_on_screen'
12-09 07:36:10.546 I/InstrumentationBackend( 3702): Added:'GetActivityName', with key:'get_activity_name'
12-09 07:36:10.546 I/InstrumentationBackend( 3702): Added:'ScrollToView', with key:'scroll_to_view'
12-09 07:36:10.546 I/InstrumentationBackend( 3702): Added:'ViewConfiguration', with key:'view_configuration'
12-09 07:36:10.547 I/InstrumentationBackend( 3702): Added:'IsCurrentActivityFocused', with key:'is_current_activity_focused'
12-09 07:36:10.547 I/InstrumentationBackend( 3702): Added:'SendTcp', with key:'send_tcp'
12-09 07:36:10.547 I/InstrumentationBackend( 3702): Added:'DpToDevicePixel', with key:'dp_to_device_pixel'
12-09 07:36:10.568 I/InstrumentationBackend( 3702): Added:'KeyboardEnterText', with key:'keyboard_enter_text'
12-09 07:36:10.568 I/InstrumentationBackend( 3702): Added:'DeleteSurroundingText', with key:'delete_surrounding_text'
12-09 07:36:10.568 I/InstrumentationBackend( 3702): Added:'SetComposingRegion', with key:'set_composing_region'
12-09 07:36:10.568 I/InstrumentationBackend( 3702): Added:'SetSelection', with key:'set_selection'
12-09 07:36:10.568 I/InstrumentationBackend( 3702): Added:'KeyboardKeyEvent', with key:'keyboard_key_event'
12-09 07:36:10.569 I/InstrumentationBackend( 3702): Added:'PressUserActionButton', with key:'press_user_action_button'
12-09 07:36:10.574 I/InstrumentationBackend( 3702): Added:'HideSoftKeyboard', with key:'hide_soft_keyboard'
12-09 07:36:10.574 I/InstrumentationBackend( 3702): Added:'ListActions', with key:'list_actions'
12-09 07:36:10.574 I/calabash( 3702): Instantiating http server at 7102
12-09 07:36:10.583 I/System.out( 3702): HTTP Daemon listening on: 7102
12-09 07:36:10.761 I/System.out( 3702): URI: //ping
12-09 07:36:10.762 I/System.out( 3702): params: {json={}
12-09 07:36:10.762 I/System.out( 3702): }
12-09 07:36:10.806 I/System.out( 3702): URI: //ping
12-09 07:36:10.807 I/System.out( 3702): params: {json={}
12-09 07:36:10.807 I/System.out( 3702): }
12-09 07:36:10.873 W/WindowAnimator( 1592): Failed to dispatch window animation state change.
12-09 07:36:10.873 W/WindowAnimator( 1592): android.os.DeadObjectException
12-09 07:36:10.873 W/WindowAnimator( 1592): 	at android.os.BinderProxy.transactNative(Native Method)
12-09 07:36:10.873 W/WindowAnimator( 1592): 	at android.os.BinderProxy.transact(Binder.java:503)
12-09 07:36:10.873 W/WindowAnimator( 1592): 	at android.view.IWindow$Stub$Proxy.onAnimationStopped(IWindow.java:534)
12-09 07:36:10.873 W/WindowAnimator( 1592): 	at com.android.server.wm.WindowAnimator.updateWindowsLocked(WindowAnimator.java:286)
12-09 07:36:10.873 W/WindowAnimator( 1592): 	at com.android.server.wm.WindowAnimator.animateLocked(WindowAnimator.java:678)
12-09 07:36:10.873 W/WindowAnimator( 1592): 	at com.android.server.wm.WindowAnimator.-wrap0(WindowAnimator.java)
12-09 07:36:10.873 W/WindowAnimator( 1592): 	at com.android.server.wm.WindowAnimator$1.doFrame(WindowAnimator.java:123)
12-09 07:36:10.873 W/WindowAnimator( 1592): 	at android.view.Choreographer$CallbackRecord.run(Choreographer.java:856)
12-09 07:36:10.873 W/WindowAnimator( 1592): 	at android.view.Choreographer.doCallbacks(Choreographer.java:670)
12-09 07:36:10.873 W/WindowAnimator( 1592): 	at android.view.Choreographer.doFrame(Choreographer.java:603)
12-09 07:36:10.873 W/WindowAnimator( 1592): 	at android.view.Choreographer$FrameDisplayEventReceiver.run(Choreographer.java:844)
12-09 07:36:10.873 W/WindowAnimator( 1592): 	at android.os.Handler.handleCallback(Handler.java:739)
12-09 07:36:10.873 W/WindowAnimator( 1592): 	at android.os.Handler.dispatchMessage(Handler.java:95)
12-09 07:36:10.873 W/WindowAnimator( 1592): 	at android.os.Looper.loop(Looper.java:148)
12-09 07:36:10.873 W/WindowAnimator( 1592): 	at android.os.HandlerThread.run(HandlerThread.java:61)
12-09 07:36:10.873 W/WindowAnimator( 1592): 	at com.android.server.ServiceThread.run(ServiceThread.java:46)
12-09 07:36:10.873 W/art     ( 1592): Long monitor contention event with owner method=void com.android.server.wm.WindowAnimator$1.doFrame(long) from WindowAnimator.java:121 waiters=1 for 166ms
12-09 07:36:10.985 I/System.out( 3702): URI: //ready
12-09 07:36:10.985 I/System.out( 3702): params: {json={}
12-09 07:36:10.985 I/System.out( 3702): }
12-09 07:36:11.013 W/art     ( 1592): Long monitor contention event with owner method=void com.android.server.wm.WindowAnimator$1.doFrame(long) from WindowAnimator.java:121 waiters=1 for 289ms
12-09 07:36:11.028 I/System.out( 3702): URI: //
12-09 07:36:11.035 I/System.out( 3702): params: {json={"command":"version","arguments":[]}
12-09 07:36:11.035 I/System.out( 3702): }
12-09 07:36:11.035 I/System.out( 3702): header: {date=Sun, 09 Dec 2018 07:36:11 GMT, accept=*/*, content-length=36, host=127.0.0.1:34777, user-agent=HTTPClient/1.0 (2.8.3, ruby 2.3.1 (2016-04-26)), content-type=application/json;charset=utf-8}
12-09 07:36:11.035 I/System.out( 3702): params: {json={"command":"version","arguments":[]}
12-09 07:36:11.035 I/System.out( 3702): }
12-09 07:36:11.040 I/System.out( 3702): ProP json = {"command":"version","arguments":[]}
12-09 07:36:11.040 I/System.out( 3702): files: {}
12-09 07:36:11.040 I/System.out( 3702): command: {"command":"version","arguments":[]}
12-09 07:36:11.058 I/InstrumentationBackend( 3702): Got command:'Command:'Line:null,version', arguments:'[]'
12-09 07:36:11.156 W/art     ( 1592): Long monitor contention event with owner method=void com.android.server.wm.WindowAnimator$1.doFrame(long) from WindowAnimator.java:121 waiters=1 for 282ms
12-09 07:36:11.188 I/Choreographer( 1928): Skipped 50 frames!  The application may be doing too much work on its main thread.
12-09 07:36:11.244 W/OpenGLRenderer( 1928): Incorrectly called buildLayer on View: ShortcutAndWidgetContainer, destroying layer...
12-09 07:36:11.257 I/System.out( 3702): result:{"bonusInformation":[],"message":"0.9.8","success":true}
12-09 07:36:11.289 I/art     ( 3702): Background sticky concurrent mark sweep GC freed 25431(1461KB) AllocSpace objects, 12(240KB) LOS objects, 59% free, 1540KB/3MB, paused 1.045ms total 166.538ms
12-09 07:36:11.292 I/System.out( 3702): URI: //start-application
12-09 07:36:11.292 I/System.out( 3702): params: {json={"intent":null}
12-09 07:36:11.292 I/System.out( 3702): }
12-09 07:36:11.794 I/Choreographer( 1928): Skipped 32 frames!  The application may be doing too much work on its main thread.
12-09 07:36:11.941 I/ActivityManager( 1592): START u0 {act=android.intent.action.MAIN cat=[android.intent.category.LAUNCHER] flg=0x10200000 cmp=com.evancharlton.mileage/.Mileage} from uid 10115 on display 0
12-09 07:36:12.215 I/calabash( 3702): newActivity1
12-09 07:36:12.257 D/gralloc_ranchu( 1219): gralloc_alloc: Creating ashmem region of size 3686400
12-09 07:36:12.262 I/calabash( 3702): newActivity1
12-09 07:36:12.268 W/ActivityManager( 1592): Bad activity token: android.os.BinderProxy@8a7dee9
12-09 07:36:12.268 W/ActivityManager( 1592): java.lang.ClassCastException: android.os.BinderProxy cannot be cast to com.android.server.am.ActivityRecord$Token
12-09 07:36:12.268 W/ActivityManager( 1592): 	at com.android.server.am.ActivityRecord.forTokenLocked(ActivityRecord.java:424)
12-09 07:36:12.268 W/ActivityManager( 1592): 	at com.android.server.am.ActivityRecord.isInStackLocked(ActivityRecord.java:1121)
12-09 07:36:12.268 W/ActivityManager( 1592): 	at com.android.server.am.ActivityRecord.getStackLocked(ActivityRecord.java:1126)
12-09 07:36:12.268 W/ActivityManager( 1592): 	at com.android.server.am.ActivityManagerService.getActivityDisplayId(ActivityManagerService.java:8889)
12-09 07:36:12.268 W/ActivityManager( 1592): 	at android.app.ActivityManagerNative.onTransact(ActivityManagerNative.java:2338)
12-09 07:36:12.268 W/ActivityManager( 1592): 	at com.android.server.am.ActivityManagerService.onTransact(ActivityManagerService.java:2443)
12-09 07:36:12.268 W/ActivityManager( 1592): 	at android.os.Binder.execTransact(Binder.java:453)
12-09 07:36:12.269 W/ActivityManager( 1592): Bad activity token: android.os.BinderProxy@8a7dee9
12-09 07:36:12.269 W/ActivityManager( 1592): java.lang.ClassCastException: android.os.BinderProxy cannot be cast to com.android.server.am.ActivityRecord$Token
12-09 07:36:12.269 W/ActivityManager( 1592): 	at com.android.server.am.ActivityRecord.forTokenLocked(ActivityRecord.java:424)
12-09 07:36:12.269 W/ActivityManager( 1592): 	at com.android.server.am.ActivityRecord.isInStackLocked(ActivityRecord.java:1121)
12-09 07:36:12.269 W/ActivityManager( 1592): 	at com.android.server.am.ActivityManagerService.setTaskDescription(ActivityManagerService.java:8547)
12-09 07:36:12.269 W/ActivityManager( 1592): 	at android.app.ActivityManagerNative.onTransact(ActivityManagerNative.java:2410)
12-09 07:36:12.269 W/ActivityManager( 1592): 	at com.android.server.am.ActivityManagerService.onTransact(ActivityManagerService.java:2443)
12-09 07:36:12.269 W/ActivityManager( 1592): 	at android.os.Binder.execTransact(Binder.java:453)
12-09 07:36:12.389 W/ActivityManager( 1592): Bad activity token: android.os.BinderProxy@8a7dee9
12-09 07:36:12.389 W/ActivityManager( 1592): java.lang.ClassCastException: android.os.BinderProxy cannot be cast to com.android.server.am.ActivityRecord$Token
12-09 07:36:12.389 W/ActivityManager( 1592): 	at com.android.server.am.ActivityRecord.forTokenLocked(ActivityRecord.java:424)
12-09 07:36:12.389 W/ActivityManager( 1592): 	at com.android.server.am.ActivityRecord.isInStackLocked(ActivityRecord.java:1121)
12-09 07:36:12.389 W/ActivityManager( 1592): 	at com.android.server.am.ActivityManagerService.getActivityOptions(ActivityManagerService.java:11038)
12-09 07:36:12.389 W/ActivityManager( 1592): 	at android.app.ActivityManagerNative.onTransact(ActivityManagerNative.java:1734)
12-09 07:36:12.389 W/ActivityManager( 1592): 	at com.android.server.am.ActivityManagerService.onTransact(ActivityManagerService.java:2443)
12-09 07:36:12.389 W/ActivityManager( 1592): 	at android.os.Binder.execTransact(Binder.java:453)
12-09 07:36:12.389 W/ActivityManager( 1592): Bad activity token: android.os.BinderProxy@8a7dee9
12-09 07:36:12.389 W/ActivityManager( 1592): java.lang.ClassCastException: android.os.BinderProxy cannot be cast to com.android.server.am.ActivityRecord$Token
12-09 07:36:12.389 W/ActivityManager( 1592): 	at com.android.server.am.ActivityRecord.forTokenLocked(ActivityRecord.java:424)
12-09 07:36:12.389 W/ActivityManager( 1592): 	at com.android.server.am.ActivityRecord.isInStackLocked(ActivityRecord.java:1121)
12-09 07:36:12.389 W/ActivityManager( 1592): 	at com.android.server.am.ActivityManagerService.getActivityOptions(ActivityManagerService.java:11038)
12-09 07:36:12.389 W/ActivityManager( 1592): 	at android.app.ActivityManagerNative.onTransact(ActivityManagerNative.java:1734)
12-09 07:36:12.389 W/ActivityManager( 1592): 	at com.android.server.am.ActivityManagerService.onTransact(ActivityManagerService.java:2443)
12-09 07:36:12.389 W/ActivityManager( 1592): 	at android.os.Binder.execTransact(Binder.java:453)
12-09 07:36:12.504 D/EGL_emulation( 1928): eglMakeCurrent: 0x7fb965834b40: ver 2 0 (tinfo 0x7fb965802ca0)
12-09 07:36:12.505 E/Surface ( 1928): getSlotFromBufferLocked: unknown buffer: 0x7fb9658359a0
12-09 07:36:12.506 V/PhoneStatusBar( 1685): setLightsOn(true)
12-09 07:36:12.616 W/art     ( 1592): Long monitor contention event with owner method=void com.android.server.wm.WindowAnimator$1.doFrame(long) from WindowAnimator.java:121 waiters=1 for 110ms
12-09 07:36:12.771 D/gralloc_ranchu( 1219): gralloc_alloc: Creating ashmem region of size 3686400
12-09 07:36:13.060 D/        ( 3702): HostConnection::get() New Host Connection established 0x7fb961e3d220, tid 3702
12-09 07:36:13.063 W/art     ( 1592): Long monitor contention event with owner method=void com.android.server.wm.WindowAnimator$1.doFrame(long) from WindowAnimator.java:121 waiters=0 for 187ms
12-09 07:36:13.494 W/art     ( 1592): Long monitor contention event with owner method=java.util.List com.android.server.am.ActivityManagerService.getAllStackInfos() from ActivityManagerService.java:8937 waiters=0 for 219ms
12-09 07:36:13.509 I/ActivityManager( 1592): Displayed com.evancharlton.mileage/.Mileage: +1s394ms
12-09 07:36:13.520 D/gralloc_ranchu( 1219): gralloc_alloc: Creating ashmem region of size 3686400
12-09 07:36:14.161 D/gralloc_ranchu( 1219): gralloc_alloc: Creating ashmem region of size 3686400
12-09 07:36:15.555 I/System.out( 3702): URI: //map
12-09 07:36:15.555 I/System.out( 3702): params: {json={"query":"android.widget.EditText id:'price'","operation":{"method_name":"query","arguments":[]}}
12-09 07:36:15.555 I/System.out( 3702): }
12-09 07:36:15.612 W/art     ( 3702): Suspending all threads took: 7.897ms
12-09 07:36:15.640 I/art     ( 3702): Background sticky concurrent mark sweep GC freed 24616(1112KB) AllocSpace objects, 2(40KB) LOS objects, 31% free, 2MB/3MB, paused 16.045ms total 64.145ms
12-09 07:36:15.688 W/ResourceType( 3702): No package identifier when getting name for resource number 0x00000001
12-09 07:36:16.008 I/System.out( 3702): URI: //gesture
12-09 07:36:16.008 I/System.out( 3702): params: {json={"query_timeout":5.0,"gestures":[{"query_string":"android.widget.EditText id:'price'","touches":[{"x":50,"y":50,"offset_x":0,"offset_y":0,"wait":0.0,"time":0.2,"release":true,"query_string":null}]}]}
12-09 07:36:16.008 I/System.out( 3702): }
12-09 07:36:16.011 I/art     ( 3702): Background partial concurrent mark sweep GC freed 33655(1629KB) AllocSpace objects, 2(40KB) LOS objects, 39% free, 2MB/3MB, paused 5.654ms total 302.518ms
12-09 07:36:16.036 W/ResourceType( 3702): No package identifier when getting name for resource number 0x00000001
12-09 07:36:16.404 I/LatinIME( 1859): Starting input. Cursor position = 0,0
12-09 07:36:16.592 D/EGL_emulation( 1859): eglMakeCurrent: 0x7fb959a49a00: ver 2 0 (tinfo 0x7fb961736e20)
12-09 07:36:17.005 I/System.out( 3702): URI: //
12-09 07:36:17.005 I/System.out( 3702): params: {json={"command":"set_selection","arguments":[-1,-1]}
12-09 07:36:17.006 I/System.out( 3702): }
12-09 07:36:17.006 I/System.out( 3702): header: {date=Sun, 09 Dec 2018 07:36:17 GMT, accept=*/*, content-length=47, host=127.0.0.1:34777, user-agent=HTTPClient/1.0 (2.8.3, ruby 2.3.1 (2016-04-26)), content-type=application/json;charset=utf-8}
12-09 07:36:17.006 I/System.out( 3702): params: {json={"command":"set_selection","arguments":[-1,-1]}
12-09 07:36:17.006 I/System.out( 3702): }
12-09 07:36:17.006 I/System.out( 3702): ProP json = {"command":"set_selection","arguments":[-1,-1]}
12-09 07:36:17.006 I/System.out( 3702): files: {}
12-09 07:36:17.006 I/System.out( 3702): command: {"command":"set_selection","arguments":[-1,-1]}
12-09 07:36:17.007 I/InstrumentationBackend( 3702): Got command:'Command:'Line:null,set_selection', arguments:'[-1, -1]'
12-09 07:36:17.028 I/System.out( 3702): result:{"bonusInformation":[],"message":"","success":true}
12-09 07:36:17.426 I/System.out( 3702): URI: //
12-09 07:36:17.426 I/System.out( 3702): params: {json={"command":"keyboard_enter_text","arguments":["000"]}
12-09 07:36:17.427 I/System.out( 3702): }
12-09 07:36:17.427 I/System.out( 3702): header: {date=Sun, 09 Dec 2018 07:36:17 GMT, accept=*/*, content-length=53, host=127.0.0.1:34777, user-agent=HTTPClient/1.0 (2.8.3, ruby 2.3.1 (2016-04-26)), content-type=application/json;charset=utf-8}
12-09 07:36:17.427 I/System.out( 3702): params: {json={"command":"keyboard_enter_text","arguments":["000"]}
12-09 07:36:17.427 I/System.out( 3702): }
12-09 07:36:17.427 I/System.out( 3702): ProP json = {"command":"keyboard_enter_text","arguments":["000"]}
12-09 07:36:17.427 I/System.out( 3702): files: {}
12-09 07:36:17.427 I/System.out( 3702): command: {"command":"keyboard_enter_text","arguments":["000"]}
12-09 07:36:17.428 I/InstrumentationBackend( 3702): Got command:'Command:'Line:null,keyboard_enter_text', arguments:'[000]'
12-09 07:36:17.437 E/SpannableStringBuilder( 3702): SPAN_EXCLUSIVE_EXCLUSIVE spans cannot have a zero length
12-09 07:36:17.437 E/SpannableStringBuilder( 3702): SPAN_EXCLUSIVE_EXCLUSIVE spans cannot have a zero length
12-09 07:36:17.456 E/SpannableStringBuilder( 3702): SPAN_EXCLUSIVE_EXCLUSIVE spans cannot have a zero length
12-09 07:36:17.456 E/SpannableStringBuilder( 3702): SPAN_EXCLUSIVE_EXCLUSIVE spans cannot have a zero length
12-09 07:36:17.533 I/System.out( 3702): result:{"bonusInformation":[],"message":"","success":true}
12-09 07:36:17.642 I/System.out( 3702): URI: //map
12-09 07:36:17.642 I/System.out( 3702): params: {json={"query":"android.widget.Button index:2","operation":{"method_name":"query","arguments":[]}}
12-09 07:36:17.642 I/System.out( 3702): }
12-09 07:36:17.743 I/art     ( 3702): WaitForGcToComplete blocked for 23.746ms for cause Background
12-09 07:36:17.874 I/art     ( 3702): Background sticky concurrent mark sweep GC freed 47632(2MB) AllocSpace objects, 1(20KB) LOS objects, 40% free, 2MB/3MB, paused 942us total 130.811ms
12-09 07:36:18.012 I/System.out( 3702): URI: //gesture
12-09 07:36:18.012 I/System.out( 3702): params: {json={"query_timeout":5.0,"gestures":[{"query_string":"android.widget.Button index:2","touches":[{"x":50,"y":50,"offset_x":0,"offset_y":0,"wait":0.0,"time":0.2,"release":true,"query_string":null}]}]}
12-09 07:36:18.012 I/System.out( 3702): }
12-09 07:36:18.729 W/AudioTrack( 1592): AUDIO_OUTPUT_FLAG_FAST denied by client; transfer 4, track 48000 Hz, output 44100 Hz
12-09 07:36:18.777 W/audio_hw_generic( 1308): Hardware backing HAL too slow, could only write 0 of 661 frames
12-09 07:36:18.777 W/audio_hw_generic( 1308): Hardware backing HAL too slow, could only write 0 of 661 frames
12-09 07:36:18.777 W/audio_hw_generic( 1308): Hardware backing HAL too slow, could only write 0 of 661 frames
12-09 07:36:18.803 W/audio_hw_generic( 1308): Hardware backing HAL too slow, could only write 0 of 661 frames
12-09 07:36:18.831 W/audio_hw_generic( 1308): Hardware backing HAL too slow, could only write 0 of 661 frames
12-09 07:36:18.846 W/audio_hw_generic( 1308): Hardware backing HAL too slow, could only write 0 of 661 frames
12-09 07:36:18.847 I/art     ( 3702): Background sticky concurrent mark sweep GC freed 47057(2MB) AllocSpace objects, 1(20KB) LOS objects, 33% free, 2MB/3MB, paused 1.436ms total 137.051ms
12-09 07:36:18.857 I/LatinIME( 1859): Starting input. Cursor position = 0,0
12-09 07:36:18.868 W/audio_hw_generic( 1308): Hardware backing HAL too slow, could only write 0 of 661 frames
12-09 07:36:18.885 W/audio_hw_generic( 1308): Hardware backing HAL too slow, could only write 0 of 661 frames
12-09 07:36:18.885 D/AudioFlinger( 1308): mixer(0xf4380000) throttle end: throttle time(11)
12-09 07:36:19.022 D/gralloc_ranchu( 1219): gralloc_alloc: Creating ashmem region of size 45056
12-09 07:36:19.232 W/audio_hw_generic( 1308): Not supplying enough data to HAL, expected position 464914 , only wrote 464022
12-09 07:36:19.232 W/audio_hw_generic( 1308): Not supplying enough data to HAL, expected position 464028 , only wrote 464022
12-09 07:36:19.262 W/audio_hw_generic( 1308): Not supplying enough data to HAL, expected position 465358 , only wrote 464683
12-09 07:36:19.262 W/audio_hw_generic( 1308): Hardware backing HAL too slow, could only write 0 of 661 frames
12-09 07:36:19.288 W/audio_hw_generic( 1308): Hardware backing HAL too slow, could only write 0 of 661 frames
12-09 07:36:19.303 W/audio_hw_generic( 1308): Hardware backing HAL too slow, could only write 0 of 661 frames
12-09 07:36:19.348 W/audio_hw_generic( 1308): Hardware backing HAL too slow, could only write 0 of 661 frames
12-09 07:36:19.382 W/audio_hw_generic( 1308): Not supplying enough data to HAL, expected position 469944 , only wrote 469310
12-09 07:36:19.438 E/SurfaceFlinger( 1219): ro.sf.lcd_density must be defined as a build property
12-09 07:36:19.458 D/gralloc_ranchu( 1219): gralloc_alloc: Creating ashmem region of size 3686400
12-09 07:36:19.523 W/audio_hw_generic( 1308): Not supplying enough data to HAL, expected position 475563 , only wrote 473937
12-09 07:36:19.544 D/        ( 3736): HostConnection::get() New Host Connection established 0x7f05dab12480, tid 3736
12-09 07:36:19.569 E/EGL_emulation( 1219): tid 1219: eglCreateSyncKHR(1881): error 0x3004 (EGL_BAD_ATTRIBUTE)
12-09 07:36:19.668 W/audio_hw_generic( 1308): Not supplying enough data to HAL, expected position 480320 , only wrote 479886
12-09 07:36:19.668 W/audio_hw_generic( 1308): Not supplying enough data to HAL, expected position 479892 , only wrote 479886
12-09 07:36:19.686 W/audio_hw_generic( 1308): Not supplying enough data to HAL, expected position 480654 , only wrote 480547
12-09 07:36:19.837 I/Choreographer( 1859): Skipped 59 frames!  The application may be doing too much work on its main thread.
12-09 07:36:19.850 W/audio_hw_generic( 1308): Hardware backing HAL too slow, could only write 0 of 661 frames
12-09 07:36:19.863 I/art     ( 1859): Background sticky concurrent mark sweep GC freed 2120(239KB) AllocSpace objects, 2(56KB) LOS objects, 19% free, 1953KB/2MB, paused 6.124ms total 102.892ms
12-09 07:36:19.865 W/audio_hw_generic( 1308): Hardware backing HAL too slow, could only write 0 of 661 frames
12-09 07:36:19.882 W/audio_hw_generic( 1308): Hardware backing HAL too slow, could only write 0 of 661 frames
12-09 07:36:19.956 W/audio_hw_generic( 1308): Hardware backing HAL too slow, could only write 0 of 661 frames
12-09 07:36:19.956 W/audio_hw_generic( 1308): Not supplying enough data to HAL, expected position 492477 , only wrote 490462
12-09 07:36:19.956 W/audio_hw_generic( 1308): Not supplying enough data to HAL, expected position 490467 , only wrote 490462
12-09 07:36:19.956 W/audio_hw_generic( 1308): Hardware backing HAL too slow, could only write 0 of 661 frames
12-09 07:36:19.978 W/audio_hw_generic( 1308): Not supplying enough data to HAL, expected position 491403 , only wrote 491123
12-09 07:36:19.978 W/audio_hw_generic( 1308): Hardware backing HAL too slow, could only write 0 of 661 frames
12-09 07:36:19.994 W/audio_hw_generic( 1308): Hardware backing HAL too slow, could only write 0 of 661 frames
12-09 07:36:20.017 W/audio_hw_generic( 1308): Hardware backing HAL too slow, could only write 0 of 661 frames
12-09 07:36:20.242 I/System.out( 3702): URI: //map
12-09 07:36:20.242 I/System.out( 3702): params: {json={"query":"android.widget.EditText id:'volume'","operation":{"method_name":"query","arguments":[]}}
12-09 07:36:20.242 I/System.out( 3702): }
12-09 07:36:20.327 W/ResourceType( 3702): No package identifier when getting name for resource number 0x00000001
12-09 07:36:20.330 W/audio_hw_generic( 1308): Not supplying enough data to HAL, expected position 506649 , only wrote 506326
12-09 07:36:20.481 I/art     ( 3702): Background sticky concurrent mark sweep GC freed 45479(2MB) AllocSpace objects, 3(60KB) LOS objects, 32% free, 2MB/3MB, paused 980us total 128.922ms
12-09 07:36:20.482 I/System.out( 3702): URI: //gesture
12-09 07:36:20.482 I/System.out( 3702): params: {json={"query_timeout":5.0,"gestures":[{"query_string":"android.widget.EditText id:'volume'","touches":[{"x":50,"y":50,"offset_x":0,"offset_y":0,"wait":0.0,"time":0.2,"release":true,"query_string":null}]}]}
12-09 07:36:20.482 I/System.out( 3702): }
12-09 07:36:20.502 W/ResourceType( 3702): No package identifier when getting name for resource number 0x00000001
12-09 07:36:20.540 W/audio_hw_generic( 1308): Hardware backing HAL too slow, could only write 0 of 661 frames
12-09 07:36:20.555 W/audio_hw_generic( 1308): Hardware backing HAL too slow, could only write 0 of 661 frames
12-09 07:36:20.575 W/audio_hw_generic( 1308): Hardware backing HAL too slow, could only write 0 of 661 frames
12-09 07:36:20.592 W/audio_hw_generic( 1308): Hardware backing HAL too slow, could only write 0 of 661 frames
12-09 07:36:20.663 W/audio_hw_generic( 1308): Not supplying enough data to HAL, expected position 521043 , only wrote 520868
12-09 07:36:20.664 W/audio_hw_generic( 1308): Not supplying enough data to HAL, expected position 520874 , only wrote 520868
12-09 07:36:20.683 W/audio_hw_generic( 1308): Not supplying enough data to HAL, expected position 521735 , only wrote 521529
12-09 07:36:20.723 W/audio_hw_generic( 1308): Hardware backing HAL too slow, could only write 0 of 661 frames
12-09 07:36:20.804 W/audio_hw_generic( 1308): Not supplying enough data to HAL, expected position 526831 , only wrote 526817
12-09 07:36:20.859 W/audio_hw_generic( 1308): Hardware backing HAL too slow, could only write 0 of 661 frames
12-09 07:36:20.889 W/audio_hw_generic( 1308): Hardware backing HAL too slow, could only write 0 of 661 frames
12-09 07:36:20.919 W/audio_hw_generic( 1308): Not supplying enough data to HAL, expected position 531929 , only wrote 531444
12-09 07:36:20.920 W/audio_hw_generic( 1308): Hardware backing HAL too slow, could only write 0 of 661 frames
12-09 07:36:21.036 I/art     ( 3702): Background sticky concurrent mark sweep GC freed 44978(2023KB) AllocSpace objects, 1(20KB) LOS objects, 29% free, 2MB/3MB, paused 5.479ms total 109.901ms
12-09 07:36:21.415 W/audio_hw_generic( 1308): Not supplying enough data to HAL, expected position 553299 , only wrote 548630
12-09 07:36:21.415 W/audio_hw_generic( 1308): Not supplying enough data to HAL, expected position 548636 , only wrote 548630
12-09 07:36:21.459 W/audio_hw_generic( 1308): Not supplying enough data to HAL, expected position 550573 , only wrote 549952
12-09 07:36:21.489 W/audio_hw_generic( 1308): Hardware backing HAL too slow, could only write 0 of 661 frames
12-09 07:36:21.528 I/System.out( 3702): URI: //
12-09 07:36:21.528 I/System.out( 3702): params: {json={"command":"set_selection","arguments":[-1,-1]}
12-09 07:36:21.528 I/System.out( 3702): }
12-09 07:36:21.528 I/System.out( 3702): header: {date=Sun, 09 Dec 2018 07:36:22 GMT, accept=*/*, content-length=47, host=127.0.0.1:34777, user-agent=HTTPClient/1.0 (2.8.3, ruby 2.3.1 (2016-04-26)), content-type=application/json;charset=utf-8}
12-09 07:36:21.528 I/System.out( 3702): params: {json={"command":"set_selection","arguments":[-1,-1]}
12-09 07:36:21.528 I/System.out( 3702): }
12-09 07:36:21.528 I/System.out( 3702): ProP json = {"command":"set_selection","arguments":[-1,-1]}
12-09 07:36:21.528 I/System.out( 3702): files: {}
12-09 07:36:21.528 I/System.out( 3702): command: {"command":"set_selection","arguments":[-1,-1]}
12-09 07:36:21.529 I/InstrumentationBackend( 3702): Got command:'Command:'Line:null,set_selection', arguments:'[-1, -1]'
12-09 07:36:21.543 I/System.out( 3702): result:{"bonusInformation":[],"message":"","success":true}
12-09 07:36:21.668 W/audio_hw_generic( 1308): Not supplying enough data to HAL, expected position 559136 , only wrote 558545
12-09 07:36:21.671 W/audio_hw_generic( 1308): Not supplying enough data to HAL, expected position 558702 , only wrote 558545
12-09 07:36:21.819 W/audio_hw_generic( 1308): Not supplying enough data to HAL, expected position 565085 , only wrote 559206
12-09 07:36:21.856 I/System.out( 3702): URI: //
12-09 07:36:21.856 I/System.out( 3702): params: {json={"command":"keyboard_enter_text","arguments":["000"]}
12-09 07:36:21.856 I/System.out( 3702): }
12-09 07:36:21.856 I/System.out( 3702): header: {date=Sun, 09 Dec 2018 07:36:22 GMT, accept=*/*, content-length=53, host=127.0.0.1:34777, user-agent=HTTPClient/1.0 (2.8.3, ruby 2.3.1 (2016-04-26)), content-type=application/json;charset=utf-8}
12-09 07:36:21.856 I/System.out( 3702): params: {json={"command":"keyboard_enter_text","arguments":["000"]}
12-09 07:36:21.856 I/System.out( 3702): }
12-09 07:36:21.856 I/System.out( 3702): ProP json = {"command":"keyboard_enter_text","arguments":["000"]}
12-09 07:36:21.856 I/System.out( 3702): files: {}
12-09 07:36:21.856 I/System.out( 3702): command: {"command":"keyboard_enter_text","arguments":["000"]}
12-09 07:36:21.857 I/InstrumentationBackend( 3702): Got command:'Command:'Line:null,keyboard_enter_text', arguments:'[000]'
12-09 07:36:21.862 E/SpannableStringBuilder( 3702): SPAN_EXCLUSIVE_EXCLUSIVE spans cannot have a zero length
12-09 07:36:21.862 E/SpannableStringBuilder( 3702): SPAN_EXCLUSIVE_EXCLUSIVE spans cannot have a zero length
12-09 07:36:21.895 W/audio_hw_generic( 1308): Not supplying enough data to HAL, expected position 562557 , only wrote 562511
12-09 07:36:21.896 W/audio_hw_generic( 1308): Not supplying enough data to HAL, expected position 562517 , only wrote 562511
12-09 07:36:21.896 W/audio_hw_generic( 1308): Hardware backing HAL too slow, could only write 0 of 661 frames
12-09 07:36:21.898 E/SpannableStringBuilder( 3702): SPAN_EXCLUSIVE_EXCLUSIVE spans cannot have a zero length
12-09 07:36:21.898 E/SpannableStringBuilder( 3702): SPAN_EXCLUSIVE_EXCLUSIVE spans cannot have a zero length
12-09 07:36:21.916 W/audio_hw_generic( 1308): Not supplying enough data to HAL, expected position 563417 , only wrote 563172
12-09 07:36:21.992 I/System.out( 3702): result:{"bonusInformation":[],"message":"","success":true}
12-09 07:36:22.027 I/art     ( 3702): Background sticky concurrent mark sweep GC freed 25229(1136KB) AllocSpace objects, 6(120KB) LOS objects, 24% free, 2MB/3MB, paused 8.694ms total 112.881ms
12-09 07:36:22.028 I/System.out( 3702): URI: //map
12-09 07:36:22.028 I/System.out( 3702): params: {json={"query":"android.widget.Button index:2","operation":{"method_name":"query","arguments":[]}}
12-09 07:36:22.028 I/System.out( 3702): }
12-09 07:36:22.257 I/art     ( 3702): Background partial concurrent mark sweep GC freed 50687(2MB) AllocSpace objects, 10(200KB) LOS objects, 39% free, 2MB/3MB, paused 1.093ms total 147.989ms
12-09 07:36:22.320 I/System.out( 3702): URI: //gesture
12-09 07:36:22.320 I/System.out( 3702): params: {json={"query_timeout":5.0,"gestures":[{"query_string":"android.widget.Button index:2","touches":[{"x":50,"y":50,"offset_x":0,"offset_y":0,"wait":0.0,"time":0.2,"release":true,"query_string":null}]}]}
12-09 07:36:22.320 I/System.out( 3702): }
12-09 07:36:22.854 D/AudioFlinger( 1308): mixer(0xf4380000) throttle end: throttle time(11)
12-09 07:36:22.867 W/audio_hw_generic( 1308): Hardware backing HAL too slow, could only write 0 of 661 frames
12-09 07:36:22.883 W/audio_hw_generic( 1308): Hardware backing HAL too slow, could only write 0 of 661 frames
12-09 07:36:22.898 I/art     ( 3702): Background sticky concurrent mark sweep GC freed 46734(2MB) AllocSpace objects, 2(40KB) LOS objects, 34% free, 2MB/3MB, paused 1.372ms total 102.980ms
12-09 07:36:22.930 I/LatinIME( 1859): Starting input. Cursor position = 0,0
12-09 07:36:23.388 W/audio_hw_generic( 1308): Not supplying enough data to HAL, expected position 588379 , only wrote 586968
12-09 07:36:23.388 W/audio_hw_generic( 1308): Not supplying enough data to HAL, expected position 586974 , only wrote 586968
12-09 07:36:23.411 W/audio_hw_generic( 1308): Not supplying enough data to HAL, expected position 588013 , only wrote 587629
12-09 07:36:23.412 W/audio_hw_generic( 1308): Hardware backing HAL too slow, could only write 0 of 661 frames
12-09 07:36:23.447 W/audio_hw_generic( 1308): Hardware backing HAL too slow, could only write 0 of 661 frames
12-09 07:36:23.450 D/gralloc_ranchu( 1219): gralloc_alloc: Creating ashmem region of size 49152
12-09 07:36:23.472 E/SurfaceFlinger( 1219): ro.sf.lcd_density must be defined as a build property
12-09 07:36:23.472 W/audio_hw_generic( 1308): Hardware backing HAL too slow, could only write 0 of 661 frames
12-09 07:36:23.477 W/audio_hw_generic( 1308): Hardware backing HAL too slow, could only write 0 of 661 frames
12-09 07:36:23.525 D/gralloc_ranchu( 1219): gralloc_alloc: Creating ashmem region of size 3686400
12-09 07:36:23.600 W/audio_hw_generic( 1308): Not supplying enough data to HAL, expected position 595936 , only wrote 593578
12-09 07:36:23.624 D/        ( 3748): HostConnection::get() New Host Connection established 0x7f109a092480, tid 3748
12-09 07:36:23.642 E/EGL_emulation( 1219): tid 1219: eglCreateSyncKHR(1881): error 0x3004 (EGL_BAD_ATTRIBUTE)
12-09 07:36:23.888 W/audio_hw_generic( 1308): Not supplying enough data to HAL, expected position 606308 , only wrote 606137
12-09 07:36:23.889 W/audio_hw_generic( 1308): Not supplying enough data to HAL, expected position 606143 , only wrote 606137
12-09 07:36:23.895 W/art     ( 1592): Long monitor contention event with owner method=void com.android.server.wm.WindowAnimator$1.doFrame(long) from WindowAnimator.java:121 waiters=0 for 177ms
12-09 07:36:23.905 W/audio_hw_generic( 1308): Not supplying enough data to HAL, expected position 606860 , only wrote 606798
12-09 07:36:23.967 W/audio_hw_generic( 1308): Not supplying enough data to HAL, expected position 609553 , only wrote 609442
12-09 07:36:23.968 W/audio_hw_generic( 1308): Not supplying enough data to HAL, expected position 609448 , only wrote 609442
12-09 07:36:23.994 W/audio_hw_generic( 1308): Not supplying enough data to HAL, expected position 610601 , only wrote 610103
12-09 07:36:24.026 W/audio_hw_generic( 1308): Not supplying enough data to HAL, expected position 611503 , only wrote 611425
12-09 07:36:24.042 W/art     ( 1592): Long monitor contention event with owner method=void com.android.server.wm.WindowAnimator$1.doFrame(long) from WindowAnimator.java:121 waiters=0 for 147ms
12-09 07:36:24.238 W/audio_hw_generic( 1308): Not supplying enough data to HAL, expected position 620784 , only wrote 619357
12-09 07:36:24.263 W/audio_hw_generic( 1308): Not supplying enough data to HAL, expected position 620453 , only wrote 620018
12-09 07:36:24.263 W/audio_hw_generic( 1308): Hardware backing HAL too slow, could only write 0 of 661 frames
12-09 07:36:24.293 W/audio_hw_generic( 1308): Hardware backing HAL too slow, could only write 0 of 661 frames
12-09 07:36:24.302 I/Choreographer( 1859): Skipped 85 frames!  The application may be doing too much work on its main thread.
12-09 07:36:24.316 W/audio_hw_generic( 1308): Hardware backing HAL too slow, could only write 0 of 661 frames
12-09 07:36:24.326 W/audio_hw_generic( 1308): Hardware backing HAL too slow, could only write 0 of 661 frames
12-09 07:36:24.342 W/audio_hw_generic( 1308): Hardware backing HAL too slow, could only write 0 of 661 frames
12-09 07:36:24.355 W/audio_hw_generic( 1308): Hardware backing HAL too slow, could only write 0 of 661 frames
12-09 07:36:24.604 W/audio_hw_generic( 1308): Not supplying enough data to HAL, expected position 635048 , only wrote 634560
12-09 07:36:24.708 W/audio_hw_generic( 1308): Not supplying enough data to HAL, expected position 639154 , only wrote 637204
12-09 07:36:24.708 W/audio_hw_generic( 1308): Not supplying enough data to HAL, expected position 637211 , only wrote 637204
12-09 07:36:24.752 I/System.out( 3702): URI: //map
12-09 07:36:24.752 I/System.out( 3702): params: {json={"query":"android.widget.EditText id:'odometer'","operation":{"method_name":"query","arguments":[]}}
12-09 07:36:24.752 I/System.out( 3702): }
12-09 07:36:24.755 W/audio_hw_generic( 1308): Not supplying enough data to HAL, expected position 639292 , only wrote 639187
12-09 07:36:24.782 W/ResourceType( 3702): No package identifier when getting name for resource number 0x00000001
12-09 07:36:24.791 W/audio_hw_generic( 1308): Hardware backing HAL too slow, could only write 0 of 661 frames
12-09 07:36:24.807 W/audio_hw_generic( 1308): Hardware backing HAL too slow, could only write 0 of 661 frames
12-09 07:36:24.915 W/audio_hw_generic( 1308): Not supplying enough data to HAL, expected position 646252 , only wrote 645797
12-09 07:36:24.924 I/art     ( 3702): Background sticky concurrent mark sweep GC freed 47105(2MB) AllocSpace objects, 3(60KB) LOS objects, 36% free, 2MB/3MB, paused 15.901ms total 112.374ms
12-09 07:36:24.925 I/System.out( 3702): URI: //gesture
