--------- beginning of main
12-09 07:44:31.149 W/audio_hw_generic( 1307): Not supplying enough data to HAL, expected position 7203585 , only wrote 7203578
12-09 07:44:31.149 W/audio_hw_generic( 1307): Not supplying enough data to HAL, expected position 7203584 , only wrote 7203578
12-09 07:44:31.172 E/EGL_emulation( 1219): tid 1219: eglCreateSyncKHR(1881): error 0x3004 (EGL_BAD_ATTRIBUTE)
12-09 07:44:31.380 W/art     ( 1593): Long monitor contention event with owner method=void com.android.server.am.ActivityManagerService.activityPaused(android.os.IBinder) from ActivityManagerService.java:6439 waiters=1 for 135ms
--------- beginning of system
12-09 07:44:31.380 W/ActivityManager( 1593): Finishing task with all activities already finished
12-09 07:44:31.385 I/art     ( 1593): Background partial concurrent mark sweep GC freed 21257(1589KB) AllocSpace objects, 7(140KB) LOS objects, 29% free, 9MB/13MB, paused 3.292ms total 193.711ms
12-09 07:44:31.409 W/ActivityManager( 1593): Duplicate finish request for ActivityRecord{d27dda7 u0 com.evancharlton.mileage/.Mileage t348 f}
12-09 07:44:31.410 W/ActivityManager( 1593): Finishing task with all activities already finished
12-09 07:44:31.410 W/ActivityManager( 1593): Duplicate finish request for ActivityRecord{d27dda7 u0 com.evancharlton.mileage/.Mileage t348 f}
12-09 07:44:31.410 W/ActivityManager( 1593): Finishing task with all activities already finished
12-09 07:44:31.410 W/ActivityManager( 1593): Duplicate finish request for ActivityRecord{d27dda7 u0 com.evancharlton.mileage/.Mileage t348 f}
12-09 07:44:31.597 D/EGL_emulation( 1924): eglMakeCurrent: 0x7f0a6ddb4b40: ver 2 0 (tinfo 0x7f0a6dd82cc0)
12-09 07:44:31.948 D/AndroidRuntime( 6090): >>>>>> START com.android.internal.os.RuntimeInit uid 0 <<<<<<
12-09 07:44:31.965 D/AndroidRuntime( 6090): CheckJNI is ON
12-09 07:44:31.987 W/art     ( 1593): Long monitor contention event with owner method=void com.android.server.wm.WindowAnimator$1.doFrame(long) from WindowAnimator.java:121 waiters=1 for 184ms
12-09 07:44:32.000 D/ICU     ( 6090): No timezone override file found: /data/misc/zoneinfo/current/icu/icu_tzdata.dat
12-09 07:44:32.077 E/memtrack( 6090): Couldn't load memtrack module (No such file or directory)
12-09 07:44:32.077 E/android.os.Debug( 6090): failed to load memtrack module: -2
12-09 07:44:32.078 I/Radio-JNI( 6090): register_android_hardware_Radio DONE
12-09 07:44:32.105 D/AndroidRuntime( 6090): Calling main entry com.android.commands.am.Am
12-09 07:44:32.157 I/ActivityManager( 1593): Force stopping com.evancharlton.mileage appid=10119 user=0: start instr
12-09 07:44:32.169 I/ActivityManager( 1593): Killing 6051:com.evancharlton.mileage/u0a119 (adj 0): stop com.evancharlton.mileage
12-09 07:44:32.186 W/audio_hw_generic( 1307): Not supplying enough data to HAL, expected position 7249290 , only wrote 7246543
12-09 07:44:32.189 W/audio_hw_generic( 1307): Not supplying enough data to HAL, expected position 7246682 , only wrote 7246543
12-09 07:44:32.202 W/art     ( 1593): Long monitor contention event with owner method=void com.android.server.wm.WindowAnimator$1.doFrame(long) from WindowAnimator.java:121 waiters=1 for 215ms
12-09 07:44:32.229 W/InputDispatcher( 1593): channel '21ed0ee PopupWindow:d7d4005 (server)' ~ Consumer closed input channel or an error occurred.  events=0x9
12-09 07:44:32.229 E/InputDispatcher( 1593): channel '21ed0ee PopupWindow:d7d4005 (server)' ~ Channel is unrecoverably broken and will be disposed!
12-09 07:44:32.230 W/InputDispatcher( 1593): channel '1fb1884 com.evancharlton.mileage/com.evancharlton.mileage.Mileage (server)' ~ Consumer closed input channel or an error occurred.  events=0x9
12-09 07:44:32.230 E/InputDispatcher( 1593): channel '1fb1884 com.evancharlton.mileage/com.evancharlton.mileage.Mileage (server)' ~ Channel is unrecoverably broken and will be disposed!
12-09 07:44:32.304 W/art     ( 1593): Long monitor contention event with owner method=void com.android.server.wm.WindowAnimator$1.doFrame(long) from WindowAnimator.java:121 waiters=1 for 228ms
12-09 07:44:32.425 W/art     ( 1593): Long monitor contention event with owner method=void com.android.server.wm.WindowAnimator$1.doFrame(long) from WindowAnimator.java:121 waiters=1 for 223ms
12-09 07:44:32.505 W/art     ( 1593): Long monitor contention event with owner method=void com.android.server.wm.WindowAnimator$1.doFrame(long) from WindowAnimator.java:121 waiters=2 for 202ms
12-09 07:44:32.785 W/art     ( 1593): Long monitor contention event with owner method=void com.android.server.wm.WindowAnimator$1.doFrame(long) from WindowAnimator.java:121 waiters=4 for 481ms
12-09 07:44:32.855 W/art     ( 1593): Long monitor contention event with owner method=void com.android.server.wm.WindowAnimator$1.doFrame(long) from WindowAnimator.java:121 waiters=4 for 430ms
12-09 07:44:32.974 W/art     ( 1593): Long monitor contention event with owner method=void com.android.server.wm.WindowAnimator$1.doFrame(long) from WindowAnimator.java:121 waiters=4 for 469ms
12-09 07:44:33.030 W/art     ( 1593): Long monitor contention event with owner method=void com.android.server.wm.WindowAnimator$1.doFrame(long) from WindowAnimator.java:121 waiters=4 for 475ms
12-09 07:44:33.030 I/WindowState( 1593): WIN DEATH: Window{1fb1884 u0 com.evancharlton.mileage/com.evancharlton.mileage.Mileage}
12-09 07:44:33.030 W/InputDispatcher( 1593): Attempted to unregister already unregistered input channel '1fb1884 com.evancharlton.mileage/com.evancharlton.mileage.Mileage (server)'
12-09 07:44:33.046 W/InputDispatcher( 1593): Attempted to unregister already unregistered input channel '21ed0ee PopupWindow:d7d4005 (server)'
12-09 07:44:33.050 W/art     ( 1593): Long monitor contention event with owner method=void com.android.server.wm.WindowAnimator$1.doFrame(long) from WindowAnimator.java:121 waiters=4 for 237ms
12-09 07:44:33.228 W/art     ( 1593): Long monitor contention event with owner method=void com.android.server.wm.WindowAnimator$1.doFrame(long) from WindowAnimator.java:121 waiters=4 for 373ms
12-09 07:44:33.228 W/InputMethodManagerService( 1593): Got RemoteException sending setActive(false) notification to pid 6051 uid 10119
12-09 07:44:33.229 W/ActivityManager( 1593): Crash of app com.evancharlton.mileage running instrumentation ComponentInfo{com.evancharlton.mileage.test/sh.calaba.instrumentationbackend.CalabashInstrumentationTestRunner}
12-09 07:44:33.229 I/ActivityManager( 1593): Force stopping com.evancharlton.mileage appid=10119 user=0: finished inst
12-09 07:44:33.230 W/art     ( 1593): Long monitor contention event with owner method=com.android.internal.view.InputBindResult com.android.server.InputMethodManagerService.windowGainedFocus(com.android.internal.view.IInputMethodClient, android.os.IBinder, int, int, int, android.view.inputmethod.EditorInfo, com.android.internal.view.IInputContext) from InputMethodManagerService.java:2177 waiters=0 for 927ms
12-09 07:44:33.230 I/Choreographer( 1924): Skipped 95 frames!  The application may be doing too much work on its main thread.
12-09 07:44:33.316 I/ActivityManager( 1593): Start proc 6099:com.evancharlton.mileage/u0a119 for added application com.evancharlton.mileage
12-09 07:44:33.316 W/art     ( 1593): Long monitor contention event with owner method=boolean com.android.server.am.ActivityManagerService.startInstrumentation(android.content.ComponentName, java.lang.String, int, android.os.Bundle, android.app.IInstrumentationWatcher, android.app.IUiAutomationConnection, int, java.lang.String) from ActivityManagerService.java:17066 waiters=0 for 1.130s
12-09 07:44:33.317 W/art     ( 1593): Long monitor contention event with owner method=boolean com.android.server.am.ActivityManagerService.startInstrumentation(android.content.ComponentName, java.lang.String, int, android.os.Bundle, android.app.IInstrumentationWatcher, android.app.IUiAutomationConnection, int, java.lang.String) from ActivityManagerService.java:17066 waiters=1 for 1.028s
12-09 07:44:33.333 D/AndroidRuntime( 6090): Shutting down VM
12-09 07:44:33.501 W/art     ( 1593): Long monitor contention event with owner method=void com.android.server.wm.WindowAnimator$1.doFrame(long) from WindowAnimator.java:121 waiters=2 for 178ms
12-09 07:44:33.502 I/WindowState( 1593): WIN DEATH: Window{21ed0ee u0 PopupWindow:d7d4005 EXITING}
12-09 07:44:33.502 W/art     ( 1593): Long monitor contention event with owner method=java.util.List com.android.server.am.ActivityManagerService.getAllStackInfos() from ActivityManagerService.java:8937 waiters=0 for 112ms
12-09 07:44:33.764 W/System  ( 6099): ClassLoader referenced unknown path: /data/app/com.evancharlton.mileage.test-1/lib/x86_64
12-09 07:44:33.764 W/System  ( 6099): ClassLoader referenced unknown path: /data/app/com.evancharlton.mileage-1/lib/x86_64
12-09 07:44:33.886 I/System.out( 6099): Main activity name automatically set to: com.evancharlton.mileage.Mileage
12-09 07:44:33.887 I/System.out( 6099): Calabash did not load Mono. This is only a problem if you are trying to test a Mono application
12-09 07:44:33.887 I/calabash( 6099): Test server port: 7102
12-09 07:44:33.888 I/InstrumentationBackend( 6099): Added:'GetPreferences', with key:'get_preferences'
12-09 07:44:33.998 I/art     ( 6099): Background sticky concurrent mark sweep GC freed 50697(1734KB) AllocSpace objects, 0(0B) LOS objects, 77% free, 880KB/3MB, paused 10.736ms total 208.867ms
12-09 07:44:34.048 I/InstrumentationBackend( 6099): Added:'SetPreferences', with key:'set_preferences'
12-09 07:44:34.053 I/InstrumentationBackend( 6099): Added:'ClearPreferences', with key:'clear_preferences'
12-09 07:44:34.053 I/InstrumentationBackend( 6099): Added:'PressElement', with key:'press_l10n_element'
12-09 07:44:34.053 I/InstrumentationBackend( 6099): Added:'WaitForElement', with key:'wait_for_l10n_element'
12-09 07:44:34.054 I/InstrumentationBackend( 6099): Added:'NullAction', with key:'nullAction'
12-09 07:44:34.054 I/InstrumentationBackend( 6099): Added:'PressKey', with key:'press_key'
12-09 07:44:34.054 I/InstrumentationBackend( 6099): Added:'SetActivityOrientation', with key:'set_activity_orientation'
12-09 07:44:34.054 I/InstrumentationBackend( 6099): Added:'GetActivityOrientation', with key:'get_activity_orientation'
12-09 07:44:34.054 I/InstrumentationBackend( 6099): Added:'FakeGPSLocation', with key:'set_gps_coordinates'
12-09 07:44:34.054 I/InstrumentationBackend( 6099): Added:'SetPropertyByCssSelector', with key:'set_property_by_css_selector'
12-09 07:44:34.055 I/InstrumentationBackend( 6099): Added:'GetUrl', with key:'get_url'
12-09 07:44:34.055 I/InstrumentationBackend( 6099): Added:'ScrollTo', with key:'scroll_to'
12-09 07:44:34.056 I/InstrumentationBackend( 6099): Added:'GetLoadProgress', with key:'get_load_progress'
12-09 07:44:34.056 I/InstrumentationBackend( 6099): Added:'DumpHtml', with key:'dump_html'
12-09 07:44:34.056 I/InstrumentationBackend( 6099): Added:'DumpBodyHtml', with key:'dump_body_html'
12-09 07:44:34.056 I/InstrumentationBackend( 6099): Added:'EnterTextByCssSelector', with key:'enter_text_by_selector'
12-09 07:44:34.062 I/InstrumentationBackend( 6099): Added:'AndroidSDKVersion', with key:'android_sdk_version'
12-09 07:44:34.069 I/InstrumentationBackend( 6099): Added:'Version', with key:'version'
12-09 07:44:34.069 I/InstrumentationBackend( 6099): Added:'Drag', with key:'drag'
12-09 07:44:34.069 I/InstrumentationBackend( 6099): Added:'TouchCoordinates', with key:'touch_coordinate'
12-09 07:44:34.069 I/InstrumentationBackend( 6099): Added:'LongPressCoordinate', with key:'long_press_coordinate'
12-09 07:44:34.070 I/InstrumentationBackend( 6099): Added:'DragCoordinates', with key:'drag_coordinates'
12-09 07:44:34.070 I/InstrumentationBackend( 6099): Added:'ResumeApplication', with key:'resume_application'
12-09 07:44:34.070 I/InstrumentationBackend( 6099): Added:'Swipe', with key:'swipe'
12-09 07:44:34.070 I/InstrumentationBackend( 6099): Added:'DoubleTapCoordinate', with key:'double_tap_coordinate'
12-09 07:44:34.070 I/InstrumentationBackend( 6099): Added:'ClickOnScreen', with key:'click_on_screen'
12-09 07:44:34.070 I/InstrumentationBackend( 6099): Added:'GetActivityName', with key:'get_activity_name'
12-09 07:44:34.071 I/InstrumentationBackend( 6099): Added:'ScrollToView', with key:'scroll_to_view'
12-09 07:44:34.071 I/InstrumentationBackend( 6099): Added:'ViewConfiguration', with key:'view_configuration'
12-09 07:44:34.071 I/InstrumentationBackend( 6099): Added:'IsCurrentActivityFocused', with key:'is_current_activity_focused'
12-09 07:44:34.071 I/InstrumentationBackend( 6099): Added:'SendTcp', with key:'send_tcp'
12-09 07:44:34.071 I/InstrumentationBackend( 6099): Added:'DpToDevicePixel', with key:'dp_to_device_pixel'
12-09 07:44:34.072 I/InstrumentationBackend( 6099): Added:'KeyboardEnterText', with key:'keyboard_enter_text'
12-09 07:44:34.072 I/InstrumentationBackend( 6099): Added:'DeleteSurroundingText', with key:'delete_surrounding_text'
12-09 07:44:34.078 I/InstrumentationBackend( 6099): Added:'SetComposingRegion', with key:'set_composing_region'
12-09 07:44:34.078 I/InstrumentationBackend( 6099): Added:'SetSelection', with key:'set_selection'
12-09 07:44:34.078 I/InstrumentationBackend( 6099): Added:'KeyboardKeyEvent', with key:'keyboard_key_event'
12-09 07:44:34.079 I/InstrumentationBackend( 6099): Added:'PressUserActionButton', with key:'press_user_action_button'
12-09 07:44:34.079 I/InstrumentationBackend( 6099): Added:'HideSoftKeyboard', with key:'hide_soft_keyboard'
12-09 07:44:34.079 I/InstrumentationBackend( 6099): Added:'ListActions', with key:'list_actions'
12-09 07:44:34.080 I/calabash( 6099): Instantiating http server at 7102
12-09 07:44:34.080 I/System.out( 6099): HTTP Daemon listening on: 7102
12-09 07:44:34.179 I/System.out( 6099): URI: //ping
12-09 07:44:34.180 I/System.out( 6099): params: {json={}
12-09 07:44:34.180 I/System.out( 6099): }
12-09 07:44:34.189 W/art     ( 1593): Long monitor contention event with owner method=void com.android.server.wm.WindowAnimator$1.doFrame(long) from WindowAnimator.java:121 waiters=0 for 195ms
12-09 07:44:34.191 W/WindowAnimator( 1593): Failed to dispatch window animation state change.
12-09 07:44:34.191 W/WindowAnimator( 1593): android.os.DeadObjectException
12-09 07:44:34.191 W/WindowAnimator( 1593): 	at android.os.BinderProxy.transactNative(Native Method)
12-09 07:44:34.191 W/WindowAnimator( 1593): 	at android.os.BinderProxy.transact(Binder.java:503)
12-09 07:44:34.191 W/WindowAnimator( 1593): 	at android.view.IWindow$Stub$Proxy.onAnimationStopped(IWindow.java:534)
12-09 07:44:34.191 W/WindowAnimator( 1593): 	at com.android.server.wm.WindowAnimator.updateWindowsLocked(WindowAnimator.java:286)
12-09 07:44:34.191 W/WindowAnimator( 1593): 	at com.android.server.wm.WindowAnimator.animateLocked(WindowAnimator.java:678)
12-09 07:44:34.191 W/WindowAnimator( 1593): 	at com.android.server.wm.WindowAnimator.-wrap0(WindowAnimator.java)
12-09 07:44:34.191 W/WindowAnimator( 1593): 	at com.android.server.wm.WindowAnimator$1.doFrame(WindowAnimator.java:123)
12-09 07:44:34.191 W/WindowAnimator( 1593): 	at android.view.Choreographer$CallbackRecord.run(Choreographer.java:856)
12-09 07:44:34.191 W/WindowAnimator( 1593): 	at android.view.Choreographer.doCallbacks(Choreographer.java:670)
12-09 07:44:34.191 W/WindowAnimator( 1593): 	at android.view.Choreographer.doFrame(Choreographer.java:603)
12-09 07:44:34.191 W/WindowAnimator( 1593): 	at android.view.Choreographer$FrameDisplayEventReceiver.run(Choreographer.java:844)
12-09 07:44:34.191 W/WindowAnimator( 1593): 	at android.os.Handler.handleCallback(Handler.java:739)
12-09 07:44:34.191 W/WindowAnimator( 1593): 	at android.os.Handler.dispatchMessage(Handler.java:95)
12-09 07:44:34.191 W/WindowAnimator( 1593): 	at android.os.Looper.loop(Looper.java:148)
12-09 07:44:34.191 W/WindowAnimator( 1593): 	at android.os.HandlerThread.run(HandlerThread.java:61)
12-09 07:44:34.191 W/WindowAnimator( 1593): 	at com.android.server.ServiceThread.run(ServiceThread.java:46)
12-09 07:44:34.191 W/WindowAnimator( 1593): Failed to dispatch window animation state change.
12-09 07:44:34.191 W/WindowAnimator( 1593): android.os.DeadObjectException
12-09 07:44:34.191 W/WindowAnimator( 1593): 	at android.os.BinderProxy.transactNative(Native Method)
12-09 07:44:34.191 W/WindowAnimator( 1593): 	at android.os.BinderProxy.transact(Binder.java:503)
12-09 07:44:34.191 W/WindowAnimator( 1593): 	at android.view.IWindow$Stub$Proxy.onAnimationStopped(IWindow.java:534)
12-09 07:44:34.191 W/WindowAnimator( 1593): 	at com.android.server.wm.WindowAnimator.updateWindowsLocked(WindowAnimator.java:286)
12-09 07:44:34.191 W/WindowAnimator( 1593): 	at com.android.server.wm.WindowAnimator.animateLocked(WindowAnimator.java:678)
12-09 07:44:34.191 W/WindowAnimator( 1593): 	at com.android.server.wm.WindowAnimator.-wrap0(WindowAnimator.java)
12-09 07:44:34.191 W/WindowAnimator( 1593): 	at com.android.server.wm.WindowAnimator$1.doFrame(WindowAnimator.java:123)
12-09 07:44:34.191 W/WindowAnimator( 1593): 	at android.view.Choreographer$CallbackRecord.run(Choreographer.java:856)
12-09 07:44:34.191 W/WindowAnimator( 1593): 	at android.view.Choreographer.doCallbacks(Choreographer.java:670)
12-09 07:44:34.191 W/WindowAnimator( 1593): 	at android.view.Choreographer.doFrame(Choreographer.java:603)
12-09 07:44:34.191 W/WindowAnimator( 1593): 	at android.view.Choreographer$FrameDisplayEventReceiver.run(Choreographer.java:844)
12-09 07:44:34.191 W/WindowAnimator( 1593): 	at android.os.Handler.handleCallback(Handler.java:739)
12-09 07:44:34.191 W/WindowAnimator( 1593): 	at android.os.Handler.dispatchMessage(Handler.java:95)
12-09 07:44:34.191 W/WindowAnimator( 1593): 	at android.os.Looper.loop(Looper.java:148)
12-09 07:44:34.191 W/WindowAnimator( 1593): 	at android.os.HandlerThread.run(HandlerThread.java:61)
12-09 07:44:34.191 W/WindowAnimator( 1593): 	at com.android.server.ServiceThread.run(ServiceThread.java:46)
12-09 07:44:34.206 W/OpenGLRenderer( 1924): Incorrectly called buildLayer on View: ShortcutAndWidgetContainer, destroying layer...
12-09 07:44:34.241 I/System.out( 6099): URI: //ping
12-09 07:44:34.241 I/System.out( 6099): params: {json={}
12-09 07:44:34.241 I/System.out( 6099): }
12-09 07:44:34.309 I/System.out( 6099): URI: //ready
12-09 07:44:34.309 I/System.out( 6099): params: {json={}
12-09 07:44:34.309 I/System.out( 6099): }
12-09 07:44:34.358 I/System.out( 6099): URI: //
12-09 07:44:34.358 I/System.out( 6099): params: {json={"command":"version","arguments":[]}
12-09 07:44:34.358 I/System.out( 6099): }
12-09 07:44:34.358 I/System.out( 6099): header: {date=Sun, 09 Dec 2018 07:44:35 GMT, accept=*/*, content-length=36, host=127.0.0.1:34777, user-agent=HTTPClient/1.0 (2.8.3, ruby 2.3.1 (2016-04-26)), content-type=application/json;charset=utf-8}
12-09 07:44:34.358 I/System.out( 6099): params: {json={"command":"version","arguments":[]}
12-09 07:44:34.358 I/System.out( 6099): }
12-09 07:44:34.358 I/System.out( 6099): ProP json = {"command":"version","arguments":[]}
12-09 07:44:34.358 I/System.out( 6099): files: {}
12-09 07:44:34.358 I/System.out( 6099): command: {"command":"version","arguments":[]}
12-09 07:44:34.389 I/InstrumentationBackend( 6099): Got command:'Command:'Line:null,version', arguments:'[]'
12-09 07:44:34.425 I/System.out( 6099): result:{"bonusInformation":[],"message":"0.9.8","success":true}
12-09 07:44:34.554 I/System.out( 6099): URI: //start-application
12-09 07:44:34.554 I/System.out( 6099): params: {json={"intent":null}
12-09 07:44:34.554 I/System.out( 6099): }
12-09 07:44:34.727 I/ActivityManager( 1593): START u0 {act=android.intent.action.MAIN cat=[android.intent.category.LAUNCHER] flg=0x10200000 cmp=com.evancharlton.mileage/.Mileage} from uid 10119 on display 0
12-09 07:44:34.754 W/art     ( 6099): Suspending all threads took: 21.636ms
12-09 07:44:34.771 I/art     ( 6099): Background partial concurrent mark sweep GC freed 36732(2MB) AllocSpace objects, 15(300KB) LOS objects, 45% free, 1219KB/2MB, paused 22.621ms total 138.460ms
12-09 07:44:35.161 I/calabash( 6099): newActivity1
12-09 07:44:35.163 D/gralloc_ranchu( 1219): gralloc_alloc: Creating ashmem region of size 3686400
12-09 07:44:35.175 W/art     ( 1593): Long monitor contention event with owner method=void com.android.server.am.ActivityManagerService.activityPaused(android.os.IBinder) from ActivityManagerService.java:6439 waiters=1 for 125ms
12-09 07:44:35.218 I/calabash( 6099): newActivity1
12-09 07:44:35.219 W/ActivityManager( 1593): Bad activity token: android.os.BinderProxy@7419c4c
12-09 07:44:35.219 W/ActivityManager( 1593): java.lang.ClassCastException: android.os.BinderProxy cannot be cast to com.android.server.am.ActivityRecord$Token
12-09 07:44:35.219 W/ActivityManager( 1593): 	at com.android.server.am.ActivityRecord.forTokenLocked(ActivityRecord.java:424)
12-09 07:44:35.219 W/ActivityManager( 1593): 	at com.android.server.am.ActivityRecord.isInStackLocked(ActivityRecord.java:1121)
12-09 07:44:35.219 W/ActivityManager( 1593): 	at com.android.server.am.ActivityRecord.getStackLocked(ActivityRecord.java:1126)
12-09 07:44:35.219 W/ActivityManager( 1593): 	at com.android.server.am.ActivityManagerService.getActivityDisplayId(ActivityManagerService.java:8889)
12-09 07:44:35.219 W/ActivityManager( 1593): 	at android.app.ActivityManagerNative.onTransact(ActivityManagerNative.java:2338)
12-09 07:44:35.219 W/ActivityManager( 1593): 	at com.android.server.am.ActivityManagerService.onTransact(ActivityManagerService.java:2443)
12-09 07:44:35.219 W/ActivityManager( 1593): 	at android.os.Binder.execTransact(Binder.java:453)
12-09 07:44:35.220 W/ActivityManager( 1593): Bad activity token: android.os.BinderProxy@7419c4c
12-09 07:44:35.220 W/ActivityManager( 1593): java.lang.ClassCastException: android.os.BinderProxy cannot be cast to com.android.server.am.ActivityRecord$Token
12-09 07:44:35.220 W/ActivityManager( 1593): 	at com.android.server.am.ActivityRecord.forTokenLocked(ActivityRecord.java:424)
12-09 07:44:35.220 W/ActivityManager( 1593): 	at com.android.server.am.ActivityRecord.isInStackLocked(ActivityRecord.java:1121)
12-09 07:44:35.220 W/ActivityManager( 1593): 	at com.android.server.am.ActivityManagerService.setTaskDescription(ActivityManagerService.java:8547)
12-09 07:44:35.220 W/ActivityManager( 1593): 	at android.app.ActivityManagerNative.onTransact(ActivityManagerNative.java:2410)
12-09 07:44:35.220 W/ActivityManager( 1593): 	at com.android.server.am.ActivityManagerService.onTransact(ActivityManagerService.java:2443)
12-09 07:44:35.220 W/ActivityManager( 1593): 	at android.os.Binder.execTransact(Binder.java:453)
12-09 07:44:35.336 W/ActivityManager( 1593): Bad activity token: android.os.BinderProxy@7419c4c
12-09 07:44:35.336 W/ActivityManager( 1593): java.lang.ClassCastException: android.os.BinderProxy cannot be cast to com.android.server.am.ActivityRecord$Token
12-09 07:44:35.336 W/ActivityManager( 1593): 	at com.android.server.am.ActivityRecord.forTokenLocked(ActivityRecord.java:424)
12-09 07:44:35.336 W/ActivityManager( 1593): 	at com.android.server.am.ActivityRecord.isInStackLocked(ActivityRecord.java:1121)
12-09 07:44:35.336 W/ActivityManager( 1593): 	at com.android.server.am.ActivityManagerService.getActivityOptions(ActivityManagerService.java:11038)
12-09 07:44:35.336 W/ActivityManager( 1593): 	at android.app.ActivityManagerNative.onTransact(ActivityManagerNative.java:1734)
12-09 07:44:35.336 W/ActivityManager( 1593): 	at com.android.server.am.ActivityManagerService.onTransact(ActivityManagerService.java:2443)
12-09 07:44:35.336 W/ActivityManager( 1593): 	at android.os.Binder.execTransact(Binder.java:453)
12-09 07:44:35.336 W/ActivityManager( 1593): Bad activity token: android.os.BinderProxy@7419c4c
12-09 07:44:35.336 W/ActivityManager( 1593): java.lang.ClassCastException: android.os.BinderProxy cannot be cast to com.android.server.am.ActivityRecord$Token
12-09 07:44:35.336 W/ActivityManager( 1593): 	at com.android.server.am.ActivityRecord.forTokenLocked(ActivityRecord.java:424)
12-09 07:44:35.336 W/ActivityManager( 1593): 	at com.android.server.am.ActivityRecord.isInStackLocked(ActivityRecord.java:1121)
12-09 07:44:35.336 W/ActivityManager( 1593): 	at com.android.server.am.ActivityManagerService.getActivityOptions(ActivityManagerService.java:11038)
12-09 07:44:35.336 W/ActivityManager( 1593): 	at android.app.ActivityManagerNative.onTransact(ActivityManagerNative.java:1734)
12-09 07:44:35.336 W/ActivityManager( 1593): 	at com.android.server.am.ActivityManagerService.onTransact(ActivityManagerService.java:2443)
12-09 07:44:35.336 W/ActivityManager( 1593): 	at android.os.Binder.execTransact(Binder.java:453)
12-09 07:44:35.503 I/art     ( 6099): Background sticky concurrent mark sweep GC freed 1869(322KB) AllocSpace objects, 0(0B) LOS objects, 18% free, 1818KB/2MB, paused 5.324ms total 133.830ms
12-09 07:44:35.527 V/PhoneStatusBar( 1684): setLightsOn(true)
12-09 07:44:35.610 D/EGL_emulation( 1924): eglMakeCurrent: 0x7f0a6ddb4b40: ver 2 0 (tinfo 0x7f0a6dd82cc0)
12-09 07:44:35.611 E/Surface ( 1924): getSlotFromBufferLocked: unknown buffer: 0x7f0a6a355160
12-09 07:44:35.970 W/art     ( 1593): Long monitor contention event with owner method=void com.android.server.wm.WindowAnimator$1.doFrame(long) from WindowAnimator.java:121 waiters=0 for 294ms
12-09 07:44:36.122 D/gralloc_ranchu( 1219): gralloc_alloc: Creating ashmem region of size 3686400
12-09 07:44:36.304 D/        ( 6099): HostConnection::get() New Host Connection established 0x7f0a6a3bcf20, tid 6099
12-09 07:44:36.690 I/ActivityManager( 1593): Displayed com.evancharlton.mileage/.Mileage: +1s676ms
12-09 07:44:36.837 D/gralloc_ranchu( 1219): gralloc_alloc: Creating ashmem region of size 3686400
12-09 07:44:37.345 D/gralloc_ranchu( 1219): gralloc_alloc: Creating ashmem region of size 3686400
12-09 07:44:37.825 I/art     ( 6099): Background partial concurrent mark sweep GC freed 9781(474KB) AllocSpace objects, 0(0B) LOS objects, 40% free, 2MB/3MB, paused 10.654ms total 48.090ms
12-09 07:44:37.901 I/System.out( 6099): URI: //map
12-09 07:44:37.901 I/System.out( 6099): params: {json={"query":"android.widget.CheckBox index:0","operation":{"method_name":"query","arguments":[]}}
12-09 07:44:37.901 I/System.out( 6099): }
12-09 07:44:38.129 I/art     ( 6099): Background sticky concurrent mark sweep GC freed 49772(2MB) AllocSpace objects, 3(60KB) LOS objects, 36% free, 2MB/3MB, paused 958us total 112.827ms
12-09 07:44:38.173 I/System.out( 6099): URI: //gesture
12-09 07:44:38.173 I/System.out( 6099): params: {json={"query_timeout":5.0,"gestures":[{"query_string":"android.widget.CheckBox index:0","touches":[{"x":50,"y":50,"offset_x":0,"offset_y":0,"wait":0.0,"time":0.2,"release":true,"query_string":null}]}]}
12-09 07:44:38.173 I/System.out( 6099): }
12-09 07:44:38.725 W/audio_hw_generic( 1307): Not supplying enough data to HAL, expected position 7247727 , only wrote 7247204
12-09 07:44:38.725 W/audio_hw_generic( 1307): Not supplying enough data to HAL, expected position 7247210 , only wrote 7247204
12-09 07:44:38.725 W/audio_hw_generic( 1307): Hardware backing HAL too slow, could only write 0 of 661 frames
12-09 07:44:38.725 W/audio_hw_generic( 1307): Hardware backing HAL too slow, could only write 0 of 661 frames
12-09 07:44:38.749 W/audio_hw_generic( 1307): Hardware backing HAL too slow, could only write 0 of 661 frames
12-09 07:44:38.778 I/art     ( 6099): Background sticky concurrent mark sweep GC freed 24930(1028KB) AllocSpace objects, 1(20KB) LOS objects, 6% free, 3MB/3MB, paused 46.020ms total 169.528ms
12-09 07:44:38.782 D/AudioFlinger( 1307): mixer(0xf4380000) throttle end: throttle time(11)
12-09 07:44:38.785 W/audio_hw_generic( 1307): Hardware backing HAL too slow, could only write 0 of 661 frames
12-09 07:44:38.795 W/audio_hw_generic( 1307): Hardware backing HAL too slow, could only write 0 of 661 frames
12-09 07:44:38.897 I/art     ( 6099): Background partial concurrent mark sweep GC freed 22088(1207KB) AllocSpace objects, 2(40KB) LOS objects, 40% free, 2MB/3MB, paused 1.810ms total 111.005ms
12-09 07:44:39.028 W/audio_hw_generic( 1307): Not supplying enough data to HAL, expected position 7260567 , only wrote 7260424
12-09 07:44:39.028 W/audio_hw_generic( 1307): Not supplying enough data to HAL, expected position 7260430 , only wrote 7260424
12-09 07:44:39.045 W/audio_hw_generic( 1307): Not supplying enough data to HAL, expected position 7261185 , only wrote 7261085
12-09 07:44:39.292 E/SurfaceFlinger( 1219): ro.sf.lcd_density must be defined as a build property
12-09 07:44:39.295 D/gralloc_ranchu( 1219): gralloc_alloc: Creating ashmem region of size 3686400
12-09 07:44:39.309 D/        ( 6126): HostConnection::get() New Host Connection established 0x7fca85192480, tid 6126
12-09 07:44:39.323 E/EGL_emulation( 1219): tid 1219: eglCreateSyncKHR(1881): error 0x3004 (EGL_BAD_ATTRIBUTE)
12-09 07:44:40.142 I/System.out( 6099): URI: //map
12-09 07:44:40.142 I/System.out( 6099): params: {json={"query":"android.widget.CheckBox index:0","operation":{"method_name":"query","arguments":[]}}
12-09 07:44:40.142 I/System.out( 6099): }
12-09 07:44:40.181 W/audio_hw_generic( 1307): Not supplying enough data to HAL, expected position 7311185 , only wrote 7310660
12-09 07:44:40.182 W/audio_hw_generic( 1307): Not supplying enough data to HAL, expected position 7310666 , only wrote 7310660
12-09 07:44:40.308 I/art     ( 6099): Background sticky concurrent mark sweep GC freed 45371(2030KB) AllocSpace objects, 3(60KB) LOS objects, 37% free, 2MB/3MB, paused 5.336ms total 89.898ms
12-09 07:44:40.325 I/System.out( 6099): URI: //gesture
12-09 07:44:40.325 I/System.out( 6099): params: {json={"query_timeout":5.0,"gestures":[{"query_string":"android.widget.CheckBox index:0","touches":[{"x":50,"y":50,"offset_x":0,"offset_y":0,"wait":0.0,"time":0.2,"release":true,"query_string":null}]}]}
12-09 07:44:40.325 I/System.out( 6099): }
12-09 07:44:40.393 W/audio_hw_generic( 1307): Hardware backing HAL too slow, could only write 0 of 661 frames
12-09 07:44:40.405 W/audio_hw_generic( 1307): Hardware backing HAL too slow, could only write 0 of 661 frames
12-09 07:44:40.432 W/audio_hw_generic( 1307): Hardware backing HAL too slow, could only write 0 of 661 frames
12-09 07:44:40.726 W/audio_hw_generic( 1307): Not supplying enough data to HAL, expected position 7334651 , only wrote 7331151
12-09 07:44:40.726 W/audio_hw_generic( 1307): Not supplying enough data to HAL, expected position 7331157 , only wrote 7331151
12-09 07:44:40.849 W/audio_hw_generic( 1307): Not supplying enough data to HAL, expected position 7336577 , only wrote 7331812
12-09 07:44:40.881 W/audio_hw_generic( 1307): Not supplying enough data to HAL, expected position 7333221 , only wrote 7333134
12-09 07:44:40.942 W/audio_hw_generic( 1307): Not supplying enough data to HAL, expected position 7335825 , only wrote 7333795
12-09 07:44:41.017 W/audio_hw_generic( 1307): Hardware backing HAL too slow, could only write 0 of 661 frames
12-09 07:44:41.025 D/AudioFlinger( 1307): mixer(0xf4380000) throttle end: throttle time(23)
12-09 07:44:41.273 E/SurfaceFlinger( 1219): ro.sf.lcd_density must be defined as a build property
12-09 07:44:41.274 D/gralloc_ranchu( 1219): gralloc_alloc: Creating ashmem region of size 3686400
12-09 07:44:41.276 W/audio_hw_generic( 1307): Not supplying enough data to HAL, expected position 7348524 , only wrote 7348337
12-09 07:44:41.276 W/audio_hw_generic( 1307): Not supplying enough data to HAL, expected position 7348343 , only wrote 7348337
12-09 07:44:41.286 D/        ( 6132): HostConnection::get() New Host Connection established 0x7f1b75a92480, tid 6132
12-09 07:44:41.321 E/EGL_emulation( 1219): tid 1219: eglCreateSyncKHR(1881): error 0x3004 (EGL_BAD_ATTRIBUTE)
12-09 07:44:41.350 W/audio_hw_generic( 1307): Not supplying enough data to HAL, expected position 7351594 , only wrote 7350320
12-09 07:44:41.387 W/audio_hw_generic( 1307): Hardware backing HAL too slow, could only write 0 of 661 frames
12-09 07:44:41.492 W/audio_hw_generic( 1307): Not supplying enough data to HAL, expected position 7356568 , only wrote 7355608
