--------- beginning of main
12-09 08:18:09.444 D/gralloc_ranchu( 1223): gralloc_alloc: Creating ashmem region of size 708608
12-09 08:18:09.514 E/EGL_emulation( 1223): tid 1223: eglCreateSyncKHR(1881): error 0x3004 (EGL_BAD_ATTRIBUTE)
12-09 08:18:09.651 W/audio_hw_generic( 1308): Hardware backing HAL too slow, could only write 0 of 661 frames
--------- beginning of system
12-09 08:18:09.652 W/ActivityManager( 1591): Finishing task with all activities already finished
12-09 08:18:09.652 W/ActivityManager( 1591): Duplicate finish request for ActivityRecord{11dc849 u0 com.evancharlton.mileage/.Mileage t433 f}
12-09 08:18:09.653 W/ActivityManager( 1591): Finishing task with all activities already finished
12-09 08:18:09.653 W/ActivityManager( 1591): Duplicate finish request for ActivityRecord{11dc849 u0 com.evancharlton.mileage/.Mileage t433 f}
12-09 08:18:09.653 W/ActivityManager( 1591): Finishing task with all activities already finished
12-09 08:18:09.653 W/ActivityManager( 1591): Duplicate finish request for ActivityRecord{11dc849 u0 com.evancharlton.mileage/.Mileage t433 f}
12-09 08:18:09.685 W/audio_hw_generic( 1308): Hardware backing HAL too slow, could only write 0 of 661 frames
12-09 08:18:09.697 W/audio_hw_generic( 1308): Hardware backing HAL too slow, could only write 0 of 661 frames
12-09 08:18:09.712 W/audio_hw_generic( 1308): Hardware backing HAL too slow, could only write 0 of 661 frames
12-09 08:18:09.746 W/audio_hw_generic( 1308): Hardware backing HAL too slow, could only write 0 of 661 frames
12-09 08:18:09.758 W/audio_hw_generic( 1308): Hardware backing HAL too slow, could only write 0 of 661 frames
12-09 08:18:09.771 W/audio_hw_generic( 1308): Hardware backing HAL too slow, could only write 0 of 661 frames
12-09 08:18:09.789 W/audio_hw_generic( 1308): Hardware backing HAL too slow, could only write 0 of 661 frames
12-09 08:18:09.810 I/art     ( 1591): Background partial concurrent mark sweep GC freed 8465(732KB) AllocSpace objects, 3(60KB) LOS objects, 29% free, 9MB/13MB, paused 5.760ms total 84.308ms
12-09 08:18:09.825 W/audio_hw_generic( 1308): Hardware backing HAL too slow, could only write 0 of 661 frames
12-09 08:18:09.835 W/audio_hw_generic( 1308): Hardware backing HAL too slow, could only write 0 of 661 frames
12-09 08:18:09.857 W/audio_hw_generic( 1308): Hardware backing HAL too slow, could only write 0 of 661 frames
12-09 08:18:09.874 D/EGL_emulation( 1922): eglMakeCurrent: 0x7f91c29b4b40: ver 2 0 (tinfo 0x7f91c2982d80)
12-09 08:18:09.979 W/audio_hw_generic( 1308): Not supplying enough data to HAL, expected position 33804442 , only wrote 33802879
12-09 08:18:09.979 W/audio_hw_generic( 1308): Not supplying enough data to HAL, expected position 33802886 , only wrote 33802879
12-09 08:18:10.102 W/audio_hw_generic( 1308): Not supplying enough data to HAL, expected position 33808281 , only wrote 33808167
12-09 08:18:10.102 W/audio_hw_generic( 1308): Not supplying enough data to HAL, expected position 33808174 , only wrote 33808167
12-09 08:18:10.125 W/audio_hw_generic( 1308): Not supplying enough data to HAL, expected position 33809197 , only wrote 33808828
12-09 08:18:10.160 W/audio_hw_generic( 1308): Hardware backing HAL too slow, could only write 0 of 661 frames
12-09 08:18:10.177 W/audio_hw_generic( 1308): Hardware backing HAL too slow, could only write 0 of 661 frames
12-09 08:18:10.190 W/audio_hw_generic( 1308): Hardware backing HAL too slow, could only write 0 of 661 frames
12-09 08:18:10.246 W/art     ( 1591): Long monitor contention event with owner method=void com.android.server.wm.WindowAnimator$1.doFrame(long) from WindowAnimator.java:121 waiters=1 for 220ms
12-09 08:18:10.290 W/audio_hw_generic( 1308): Not supplying enough data to HAL, expected position 33816084 , only wrote 33815438
12-09 08:18:10.429 W/audio_hw_generic( 1308): Not supplying enough data to HAL, expected position 33826839 , only wrote 33821387
12-09 08:18:10.524 W/art     ( 1591): Long monitor contention event with owner method=void com.android.server.wm.WindowAnimator$1.doFrame(long) from WindowAnimator.java:121 waiters=1 for 176ms
12-09 08:18:10.560 D/AndroidRuntime(14585): >>>>>> START com.android.internal.os.RuntimeInit uid 0 <<<<<<
12-09 08:18:10.567 D/AndroidRuntime(14585): CheckJNI is ON
12-09 08:18:10.624 D/ICU     (14585): No timezone override file found: /data/misc/zoneinfo/current/icu/icu_tzdata.dat
12-09 08:18:10.627 W/art     ( 1591): Long monitor contention event with owner method=void com.android.server.wm.WindowAnimator$1.doFrame(long) from WindowAnimator.java:121 waiters=1 for 195ms
12-09 08:18:10.731 W/art     ( 1591): Long monitor contention event with owner method=void com.android.server.wm.WindowAnimator$1.doFrame(long) from WindowAnimator.java:121 waiters=1 for 206ms
12-09 08:18:10.867 E/memtrack(14585): Couldn't load memtrack module (No such file or directory)
12-09 08:18:10.867 E/android.os.Debug(14585): failed to load memtrack module: -2
12-09 08:18:10.868 I/Radio-JNI(14585): register_android_hardware_Radio DONE
12-09 08:18:10.909 D/AndroidRuntime(14585): Calling main entry com.android.commands.am.Am
12-09 08:18:10.990 W/art     ( 1591): Long monitor contention event with owner method=void com.android.server.wm.WindowAnimator$1.doFrame(long) from WindowAnimator.java:121 waiters=2 for 180ms
12-09 08:18:11.036 W/art     ( 1591): Long monitor contention event with owner method=void com.android.server.wm.WindowAnimator$1.doFrame(long) from WindowAnimator.java:121 waiters=2 for 185ms
12-09 08:18:11.289 W/art     ( 1591): Long monitor contention event with owner method=void com.android.server.wm.WindowAnimator$1.doFrame(long) from WindowAnimator.java:121 waiters=2 for 209ms
12-09 08:18:11.415 W/art     ( 1591): Long monitor contention event with owner method=void com.android.server.wm.WindowAnimator$1.doFrame(long) from WindowAnimator.java:121 waiters=2 for 289ms
12-09 08:18:11.550 W/art     ( 1591): Long monitor contention event with owner method=void com.android.server.wm.WindowAnimator$1.doFrame(long) from WindowAnimator.java:121 waiters=2 for 381ms
12-09 08:18:11.551 W/art     ( 1591): Long monitor contention event with owner method=void com.android.server.wm.WindowAnimator$1.doFrame(long) from WindowAnimator.java:121 waiters=2 for 261ms
12-09 08:18:11.552 I/Choreographer(14540): Skipped 93 frames!  The application may be doing too much work on its main thread.
12-09 08:18:11.554 I/Choreographer( 1922): Skipped 93 frames!  The application may be doing too much work on its main thread.
12-09 08:18:11.927 W/art     ( 1591): Long monitor contention event with owner method=void com.android.server.wm.WindowAnimator$1.doFrame(long) from WindowAnimator.java:121 waiters=1 for 169ms
12-09 08:18:12.076 W/art     ( 1591): Long monitor contention event with owner method=void com.android.server.wm.WindowAnimator$1.doFrame(long) from WindowAnimator.java:121 waiters=1 for 138ms
12-09 08:18:12.332 W/art     ( 1591): Long monitor contention event with owner method=void com.android.server.wm.WindowAnimator$1.doFrame(long) from WindowAnimator.java:121 waiters=1 for 164ms
12-09 08:18:12.466 W/art     ( 1591): Long monitor contention event with owner method=void com.android.server.wm.WindowAnimator$1.doFrame(long) from WindowAnimator.java:121 waiters=1 for 259ms
12-09 08:18:12.506 W/art     ( 1591): Long monitor contention event with owner method=void com.android.server.wm.WindowAnimator$1.doFrame(long) from WindowAnimator.java:121 waiters=1 for 174ms
12-09 08:18:12.607 W/art     ( 1591): Long monitor contention event with owner method=void com.android.server.wm.WindowAnimator$1.doFrame(long) from WindowAnimator.java:121 waiters=1 for 141ms
12-09 08:18:12.634 W/art     ( 1591): Long monitor contention event with owner method=void com.android.server.wm.WindowAnimator$1.doFrame(long) from WindowAnimator.java:121 waiters=1 for 128ms
12-09 08:18:12.929 W/art     ( 1591): Long monitor contention event with owner method=void com.android.server.wm.WindowAnimator$1.doFrame(long) from WindowAnimator.java:121 waiters=1 for 294ms
12-09 08:18:13.009 W/art     ( 1591): Long monitor contention event with owner method=void com.android.server.wm.WindowAnimator$1.doFrame(long) from WindowAnimator.java:121 waiters=1 for 267ms
12-09 08:18:13.010 W/art     ( 1591): Long monitor contention event with owner method=java.util.List com.android.server.am.ActivityManagerService.getAllStackInfos() from ActivityManagerService.java:8937 waiters=0 for 2.049s
12-09 08:18:13.010 I/ActivityManager( 1591): Force stopping com.evancharlton.mileage appid=10133 user=0: start instr
12-09 08:18:13.010 I/ActivityManager( 1591): Killing 14540:com.evancharlton.mileage/u0a133 (adj 0): stop com.evancharlton.mileage
12-09 08:18:13.058 I/Choreographer( 1922): Skipped 89 frames!  The application may be doing too much work on its main thread.
12-09 08:18:13.142 W/OpenGLRenderer( 1922): Incorrectly called buildLayer on View: ShortcutAndWidgetContainer, destroying layer...
12-09 08:18:13.317 W/ActivityManager( 1591): Crash of app com.evancharlton.mileage running instrumentation ComponentInfo{com.evancharlton.mileage.test/sh.calaba.instrumentationbackend.CalabashInstrumentationTestRunner}
12-09 08:18:13.318 I/ActivityManager( 1591): Force stopping com.evancharlton.mileage appid=10133 user=0: finished inst
12-09 08:18:13.320 I/WindowState( 1591): WIN DEATH: Window{8517467 u0 com.evancharlton.mileage/com.evancharlton.mileage.Mileage EXITING}
12-09 08:18:13.540 I/ActivityManager( 1591): Start proc 14594:com.evancharlton.mileage/u0a133 for added application com.evancharlton.mileage
12-09 08:18:13.545 D/AndroidRuntime(14585): Shutting down VM
12-09 08:18:13.550 W/art     ( 1591): Long monitor contention event with owner method=java.util.List com.android.server.am.ActivityManagerService.getAllStackInfos() from ActivityManagerService.java:8937 waiters=1 for 2.203s
12-09 08:18:13.550 W/art     ( 1591): Long monitor contention event with owner method=java.util.List com.android.server.am.ActivityManagerService.getAllStackInfos() from ActivityManagerService.java:8937 waiters=2 for 1.997s
12-09 08:18:13.562 W/art     ( 1591): Long monitor contention event with owner method=boolean com.android.server.am.ActivityManagerService.startInstrumentation(android.content.ComponentName, java.lang.String, int, android.os.Bundle, android.app.IInstrumentationWatcher, android.app.IUiAutomationConnection, int, java.lang.String) from ActivityManagerService.java:17066 waiters=4 for 389ms
12-09 08:18:13.562 W/art     ( 1591): Long monitor contention event with owner method=boolean com.android.server.am.ActivityManagerService.startInstrumentation(android.content.ComponentName, java.lang.String, int, android.os.Bundle, android.app.IInstrumentationWatcher, android.app.IUiAutomationConnection, int, java.lang.String) from ActivityManagerService.java:17066 waiters=2 for 493ms
12-09 08:18:13.564 W/WindowAnimator( 1591): Failed to dispatch window animation state change.
12-09 08:18:13.564 W/WindowAnimator( 1591): android.os.DeadObjectException
12-09 08:18:13.564 W/WindowAnimator( 1591): 	at android.os.BinderProxy.transactNative(Native Method)
12-09 08:18:13.564 W/WindowAnimator( 1591): 	at android.os.BinderProxy.transact(Binder.java:503)
12-09 08:18:13.564 W/WindowAnimator( 1591): 	at android.view.IWindow$Stub$Proxy.onAnimationStopped(IWindow.java:534)
12-09 08:18:13.564 W/WindowAnimator( 1591): 	at com.android.server.wm.WindowAnimator.updateWindowsLocked(WindowAnimator.java:286)
12-09 08:18:13.564 W/WindowAnimator( 1591): 	at com.android.server.wm.WindowAnimator.animateLocked(WindowAnimator.java:678)
12-09 08:18:13.564 W/WindowAnimator( 1591): 	at com.android.server.wm.WindowAnimator.-wrap0(WindowAnimator.java)
12-09 08:18:13.564 W/WindowAnimator( 1591): 	at com.android.server.wm.WindowAnimator$1.doFrame(WindowAnimator.java:123)
12-09 08:18:13.564 W/WindowAnimator( 1591): 	at android.view.Choreographer$CallbackRecord.run(Choreographer.java:856)
12-09 08:18:13.564 W/WindowAnimator( 1591): 	at android.view.Choreographer.doCallbacks(Choreographer.java:670)
12-09 08:18:13.564 W/WindowAnimator( 1591): 	at android.view.Choreographer.doFrame(Choreographer.java:603)
12-09 08:18:13.564 W/WindowAnimator( 1591): 	at android.view.Choreographer$FrameDisplayEventReceiver.run(Choreographer.java:844)
12-09 08:18:13.564 W/WindowAnimator( 1591): 	at android.os.Handler.handleCallback(Handler.java:739)
12-09 08:18:13.564 W/WindowAnimator( 1591): 	at android.os.Handler.dispatchMessage(Handler.java:95)
12-09 08:18:13.564 W/WindowAnimator( 1591): 	at android.os.Looper.loop(Looper.java:148)
12-09 08:18:13.564 W/WindowAnimator( 1591): 	at android.os.HandlerThread.run(HandlerThread.java:61)
12-09 08:18:13.564 W/WindowAnimator( 1591): 	at com.android.server.ServiceThread.run(ServiceThread.java:46)
12-09 08:18:13.584 W/art     ( 1591): Long monitor contention event with owner method=boolean com.android.server.am.ActivityManagerService.startInstrumentation(android.content.ComponentName, java.lang.String, int, android.os.Bundle, android.app.IInstrumentationWatcher, android.app.IUiAutomationConnection, int, java.lang.String) from ActivityManagerService.java:17066 waiters=6 for 226ms
12-09 08:18:13.719 W/System  (14594): ClassLoader referenced unknown path: /data/app/com.evancharlton.mileage.test-1/lib/x86_64
12-09 08:18:13.719 W/System  (14594): ClassLoader referenced unknown path: /data/app/com.evancharlton.mileage-1/lib/x86_64
12-09 08:18:13.784 I/System.out(14594): Main activity name automatically set to: com.evancharlton.mileage.Mileage
12-09 08:18:13.789 I/System.out(14594): Calabash did not load Mono. This is only a problem if you are trying to test a Mono application
12-09 08:18:13.823 I/calabash(14594): Test server port: 7102
12-09 08:18:13.824 I/InstrumentationBackend(14594): Added:'GetPreferences', with key:'get_preferences'
12-09 08:18:14.001 I/art     (14594): Background partial concurrent mark sweep GC freed 31348(1279KB) AllocSpace objects, 0(0B) LOS objects, 54% free, 860KB/1884KB, paused 5.216ms total 63.567ms
12-09 08:18:14.052 I/InstrumentationBackend(14594): Added:'SetPreferences', with key:'set_preferences'
12-09 08:18:14.052 I/InstrumentationBackend(14594): Added:'ClearPreferences', with key:'clear_preferences'
12-09 08:18:14.061 I/InstrumentationBackend(14594): Added:'PressElement', with key:'press_l10n_element'
12-09 08:18:14.078 I/InstrumentationBackend(14594): Added:'WaitForElement', with key:'wait_for_l10n_element'
12-09 08:18:14.078 I/InstrumentationBackend(14594): Added:'NullAction', with key:'nullAction'
12-09 08:18:14.078 I/InstrumentationBackend(14594): Added:'PressKey', with key:'press_key'
12-09 08:18:14.078 I/InstrumentationBackend(14594): Added:'SetActivityOrientation', with key:'set_activity_orientation'
12-09 08:18:14.079 I/InstrumentationBackend(14594): Added:'GetActivityOrientation', with key:'get_activity_orientation'
12-09 08:18:14.079 I/InstrumentationBackend(14594): Added:'FakeGPSLocation', with key:'set_gps_coordinates'
12-09 08:18:14.079 I/InstrumentationBackend(14594): Added:'SetPropertyByCssSelector', with key:'set_property_by_css_selector'
12-09 08:18:14.079 I/InstrumentationBackend(14594): Added:'GetUrl', with key:'get_url'
12-09 08:18:14.080 I/InstrumentationBackend(14594): Added:'ScrollTo', with key:'scroll_to'
12-09 08:18:14.080 I/InstrumentationBackend(14594): Added:'GetLoadProgress', with key:'get_load_progress'
12-09 08:18:14.080 I/InstrumentationBackend(14594): Added:'DumpHtml', with key:'dump_html'
12-09 08:18:14.090 I/InstrumentationBackend(14594): Added:'DumpBodyHtml', with key:'dump_body_html'
12-09 08:18:14.091 I/InstrumentationBackend(14594): Added:'EnterTextByCssSelector', with key:'enter_text_by_selector'
12-09 08:18:14.092 I/InstrumentationBackend(14594): Added:'AndroidSDKVersion', with key:'android_sdk_version'
12-09 08:18:14.092 I/InstrumentationBackend(14594): Added:'Version', with key:'version'
12-09 08:18:14.092 I/InstrumentationBackend(14594): Added:'Drag', with key:'drag'
12-09 08:18:14.092 I/InstrumentationBackend(14594): Added:'TouchCoordinates', with key:'touch_coordinate'
12-09 08:18:14.092 I/InstrumentationBackend(14594): Added:'LongPressCoordinate', with key:'long_press_coordinate'
12-09 08:18:14.092 I/InstrumentationBackend(14594): Added:'DragCoordinates', with key:'drag_coordinates'
12-09 08:18:14.125 I/InstrumentationBackend(14594): Added:'ResumeApplication', with key:'resume_application'
12-09 08:18:14.125 I/InstrumentationBackend(14594): Added:'Swipe', with key:'swipe'
12-09 08:18:14.125 I/InstrumentationBackend(14594): Added:'DoubleTapCoordinate', with key:'double_tap_coordinate'
12-09 08:18:14.126 I/InstrumentationBackend(14594): Added:'ClickOnScreen', with key:'click_on_screen'
12-09 08:18:14.126 I/InstrumentationBackend(14594): Added:'GetActivityName', with key:'get_activity_name'
12-09 08:18:14.126 I/InstrumentationBackend(14594): Added:'ScrollToView', with key:'scroll_to_view'
12-09 08:18:14.126 I/InstrumentationBackend(14594): Added:'ViewConfiguration', with key:'view_configuration'
12-09 08:18:14.127 I/InstrumentationBackend(14594): Added:'IsCurrentActivityFocused', with key:'is_current_activity_focused'
12-09 08:18:14.127 I/InstrumentationBackend(14594): Added:'SendTcp', with key:'send_tcp'
12-09 08:18:14.127 I/InstrumentationBackend(14594): Added:'DpToDevicePixel', with key:'dp_to_device_pixel'
12-09 08:18:14.127 I/InstrumentationBackend(14594): Added:'KeyboardEnterText', with key:'keyboard_enter_text'
12-09 08:18:14.127 I/InstrumentationBackend(14594): Added:'DeleteSurroundingText', with key:'delete_surrounding_text'
12-09 08:18:14.128 I/InstrumentationBackend(14594): Added:'SetComposingRegion', with key:'set_composing_region'
12-09 08:18:14.128 I/InstrumentationBackend(14594): Added:'SetSelection', with key:'set_selection'
12-09 08:18:14.128 I/InstrumentationBackend(14594): Added:'KeyboardKeyEvent', with key:'keyboard_key_event'
12-09 08:18:14.128 I/InstrumentationBackend(14594): Added:'PressUserActionButton', with key:'press_user_action_button'
12-09 08:18:14.139 I/InstrumentationBackend(14594): Added:'HideSoftKeyboard', with key:'hide_soft_keyboard'
12-09 08:18:14.140 I/InstrumentationBackend(14594): Added:'ListActions', with key:'list_actions'
12-09 08:18:14.140 I/calabash(14594): Instantiating http server at 7102
12-09 08:18:14.141 I/System.out(14594): HTTP Daemon listening on: 7102
12-09 08:18:14.228 I/System.out(14594): URI: //ping
12-09 08:18:14.228 I/System.out(14594): params: {json={}
12-09 08:18:14.228 I/System.out(14594): }
12-09 08:18:14.317 I/System.out(14594): URI: //ping
12-09 08:18:14.317 I/System.out(14594): params: {json={}
12-09 08:18:14.317 I/System.out(14594): }
12-09 08:18:14.366 I/System.out(14594): URI: //ready
12-09 08:18:14.369 I/System.out(14594): params: {json={}
12-09 08:18:14.369 I/System.out(14594): }
12-09 08:18:14.429 I/System.out(14594): URI: //
12-09 08:18:14.430 I/System.out(14594): params: {json={"command":"version","arguments":[]}
12-09 08:18:14.430 I/System.out(14594): }
12-09 08:18:14.430 I/System.out(14594): header: {date=Sun, 09 Dec 2018 08:18:14 GMT, accept=*/*, content-length=36, host=127.0.0.1:34777, user-agent=HTTPClient/1.0 (2.8.3, ruby 2.3.1 (2016-04-26)), content-type=application/json;charset=utf-8}
12-09 08:18:14.430 I/System.out(14594): params: {json={"command":"version","arguments":[]}
12-09 08:18:14.430 I/System.out(14594): }
12-09 08:18:14.430 I/System.out(14594): ProP json = {"command":"version","arguments":[]}
12-09 08:18:14.430 I/System.out(14594): files: {}
12-09 08:18:14.430 I/System.out(14594): command: {"command":"version","arguments":[]}
12-09 08:18:14.507 W/art     (14594): Suspending all threads took: 9.420ms
12-09 08:18:14.511 I/InstrumentationBackend(14594): Got command:'Command:'Line:null,version', arguments:'[]'
12-09 08:18:14.514 I/art     (14594): Background sticky concurrent mark sweep GC freed 3582(393KB) AllocSpace objects, 10(200KB) LOS objects, 32% free, 1267KB/1884KB, paused 10.653ms total 73.109ms
12-09 08:18:14.558 I/System.out(14594): result:{"bonusInformation":[],"message":"0.9.8","success":true}
12-09 08:18:14.617 I/System.out(14594): URI: //start-application
12-09 08:18:14.617 I/System.out(14594): params: {json={"intent":null}
12-09 08:18:14.618 I/System.out(14594): }
12-09 08:18:14.809 I/art     (14594): Background partial concurrent mark sweep GC freed 13215(698KB) AllocSpace objects, 5(100KB) LOS objects, 43% free, 1339KB/2MB, paused 2.162ms total 254.599ms
12-09 08:18:14.901 I/ActivityManager( 1591): START u0 {act=android.intent.action.MAIN cat=[android.intent.category.LAUNCHER] flg=0x10200000 cmp=com.evancharlton.mileage/.Mileage} from uid 10133 on display 0
12-09 08:18:15.176 W/art     ( 1591): Long monitor contention event with owner method=int com.android.server.wm.WindowManagerService.relayoutWindow(com.android.server.wm.Session, android.view.IWindow, int, android.view.WindowManager$LayoutParams, int, int, int, int, android.graphics.Rect, android.graphics.Rect, android.graphics.Rect, android.graphics.Rect, android.graphics.Rect, android.graphics.Rect, android.content.res.Configuration, android.view.Surface) from WindowManagerService.java:3103 waiters=0 for 175ms
12-09 08:18:15.198 I/calabash(14594): newActivity1
12-09 08:18:15.246 D/gralloc_ranchu( 1223): gralloc_alloc: Creating ashmem region of size 3686400
12-09 08:18:15.250 W/art     ( 1591): Long monitor contention event with owner method=void com.android.server.am.ActivityManagerService.activityPaused(android.os.IBinder) from ActivityManagerService.java:6439 waiters=0 for 249ms
12-09 08:18:15.448 I/art     (14594): Background sticky concurrent mark sweep GC freed 16539(871KB) AllocSpace objects, 0(0B) LOS objects, 38% free, 1448KB/2MB, paused 2.919ms total 137.561ms
12-09 08:18:15.457 I/calabash(14594): newActivity1
12-09 08:18:15.485 W/ActivityManager( 1591): Bad activity token: android.os.BinderProxy@e664bdc
12-09 08:18:15.485 W/ActivityManager( 1591): java.lang.ClassCastException: android.os.BinderProxy cannot be cast to com.android.server.am.ActivityRecord$Token
12-09 08:18:15.485 W/ActivityManager( 1591): 	at com.android.server.am.ActivityRecord.forTokenLocked(ActivityRecord.java:424)
12-09 08:18:15.485 W/ActivityManager( 1591): 	at com.android.server.am.ActivityRecord.isInStackLocked(ActivityRecord.java:1121)
12-09 08:18:15.485 W/ActivityManager( 1591): 	at com.android.server.am.ActivityRecord.getStackLocked(ActivityRecord.java:1126)
12-09 08:18:15.485 W/ActivityManager( 1591): 	at com.android.server.am.ActivityManagerService.getActivityDisplayId(ActivityManagerService.java:8889)
12-09 08:18:15.485 W/ActivityManager( 1591): 	at android.app.ActivityManagerNative.onTransact(ActivityManagerNative.java:2338)
12-09 08:18:15.485 W/ActivityManager( 1591): 	at com.android.server.am.ActivityManagerService.onTransact(ActivityManagerService.java:2443)
12-09 08:18:15.485 W/ActivityManager( 1591): 	at android.os.Binder.execTransact(Binder.java:453)
12-09 08:18:15.511 W/ActivityManager( 1591): Bad activity token: android.os.BinderProxy@e664bdc
12-09 08:18:15.511 W/ActivityManager( 1591): java.lang.ClassCastException: android.os.BinderProxy cannot be cast to com.android.server.am.ActivityRecord$Token
12-09 08:18:15.511 W/ActivityManager( 1591): 	at com.android.server.am.ActivityRecord.forTokenLocked(ActivityRecord.java:424)
12-09 08:18:15.511 W/ActivityManager( 1591): 	at com.android.server.am.ActivityRecord.isInStackLocked(ActivityRecord.java:1121)
12-09 08:18:15.511 W/ActivityManager( 1591): 	at com.android.server.am.ActivityManagerService.setTaskDescription(ActivityManagerService.java:8547)
12-09 08:18:15.511 W/ActivityManager( 1591): 	at android.app.ActivityManagerNative.onTransact(ActivityManagerNative.java:2410)
12-09 08:18:15.511 W/ActivityManager( 1591): 	at com.android.server.am.ActivityManagerService.onTransact(ActivityManagerService.java:2443)
12-09 08:18:15.511 W/ActivityManager( 1591): 	at android.os.Binder.execTransact(Binder.java:453)
12-09 08:18:15.613 D/EGL_emulation( 1922): eglMakeCurrent: 0x7f91c29b4b40: ver 2 0 (tinfo 0x7f91c2982d80)
12-09 08:18:15.618 E/Surface ( 1922): getSlotFromBufferLocked: unknown buffer: 0x7f91bef8c1a0
12-09 08:18:15.632 V/PhoneStatusBar( 1706): setLightsOn(true)
12-09 08:18:15.648 W/ActivityManager( 1591): Bad activity token: android.os.BinderProxy@e664bdc
12-09 08:18:15.648 W/ActivityManager( 1591): java.lang.ClassCastException: android.os.BinderProxy cannot be cast to com.android.server.am.ActivityRecord$Token
12-09 08:18:15.648 W/ActivityManager( 1591): 	at com.android.server.am.ActivityRecord.forTokenLocked(ActivityRecord.java:424)
12-09 08:18:15.648 W/ActivityManager( 1591): 	at com.android.server.am.ActivityRecord.isInStackLocked(ActivityRecord.java:1121)
12-09 08:18:15.648 W/ActivityManager( 1591): 	at com.android.server.am.ActivityManagerService.getActivityOptions(ActivityManagerService.java:11038)
12-09 08:18:15.648 W/ActivityManager( 1591): 	at android.app.ActivityManagerNative.onTransact(ActivityManagerNative.java:1734)
12-09 08:18:15.648 W/ActivityManager( 1591): 	at com.android.server.am.ActivityManagerService.onTransact(ActivityManagerService.java:2443)
12-09 08:18:15.648 W/ActivityManager( 1591): 	at android.os.Binder.execTransact(Binder.java:453)
12-09 08:18:15.676 W/ActivityManager( 1591): Bad activity token: android.os.BinderProxy@e664bdc
12-09 08:18:15.676 W/ActivityManager( 1591): java.lang.ClassCastException: android.os.BinderProxy cannot be cast to com.android.server.am.ActivityRecord$Token
12-09 08:18:15.676 W/ActivityManager( 1591): 	at com.android.server.am.ActivityRecord.forTokenLocked(ActivityRecord.java:424)
12-09 08:18:15.676 W/ActivityManager( 1591): 	at com.android.server.am.ActivityRecord.isInStackLocked(ActivityRecord.java:1121)
12-09 08:18:15.676 W/ActivityManager( 1591): 	at com.android.server.am.ActivityManagerService.getActivityOptions(ActivityManagerService.java:11038)
12-09 08:18:15.676 W/ActivityManager( 1591): 	at android.app.ActivityManagerNative.onTransact(ActivityManagerNative.java:1734)
12-09 08:18:15.676 W/ActivityManager( 1591): 	at com.android.server.am.ActivityManagerService.onTransact(ActivityManagerService.java:2443)
12-09 08:18:15.676 W/ActivityManager( 1591): 	at android.os.Binder.execTransact(Binder.java:453)
12-09 08:18:16.063 I/art     (14594): Background partial concurrent mark sweep GC freed 4167(357KB) AllocSpace objects, 0(0B) LOS objects, 39% free, 1892KB/3MB, paused 1.880ms total 143.417ms
12-09 08:18:16.320 W/art     ( 1591): Long monitor contention event with owner method=void com.android.server.wm.WindowAnimator$1.doFrame(long) from WindowAnimator.java:121 waiters=0 for 121ms
12-09 08:18:16.434 W/art     ( 1591): Long monitor contention event with owner method=java.util.List com.android.server.am.ActivityManagerService.getAllStackInfos() from ActivityManagerService.java:8937 waiters=0 for 113ms
12-09 08:18:16.527 I/Choreographer(14594): Skipped 31 frames!  The application may be doing too much work on its main thread.
12-09 08:18:16.528 D/gralloc_ranchu( 1223): gralloc_alloc: Creating ashmem region of size 3686400
12-09 08:18:16.618 D/        (14594): HostConnection::get() New Host Connection established 0x7f91beffd580, tid 14594
12-09 08:18:16.742 I/ActivityManager( 1591): Displayed com.evancharlton.mileage/.Mileage: +1s750ms
12-09 08:18:16.786 D/gralloc_ranchu( 1223): gralloc_alloc: Creating ashmem region of size 3686400
12-09 08:18:17.506 D/gralloc_ranchu( 1223): gralloc_alloc: Creating ashmem region of size 3686400
12-09 08:18:18.709 I/System.out(14594): URI: //map
12-09 08:18:18.709 I/System.out(14594): params: {json={"query":"android.widget.EditText id:'price'","operation":{"method_name":"query","arguments":[]}}
12-09 08:18:18.709 I/System.out(14594): }
12-09 08:18:18.778 W/ResourceType(14594): No package identifier when getting name for resource number 0x00000001
12-09 08:18:18.871 I/art     (14594): Background sticky concurrent mark sweep GC freed 32927(1555KB) AllocSpace objects, 1(20KB) LOS objects, 27% free, 2MB/3MB, paused 6.572ms total 69.375ms
12-09 08:18:18.872 I/System.out(14594): URI: //gesture
12-09 08:18:18.872 I/System.out(14594): params: {json={"query_timeout":5.0,"gestures":[{"query_string":"android.widget.EditText id:'price'","touches":[{"x":50,"y":50,"offset_x":0,"offset_y":0,"wait":0.0,"time":0.2,"release":true,"query_string":null}]}]}
12-09 08:18:18.872 I/System.out(14594): }
12-09 08:18:18.923 W/ResourceType(14594): No package identifier when getting name for resource number 0x00000001
12-09 08:18:19.325 I/LatinIME( 1870): Starting input. Cursor position = 0,0
12-09 08:18:19.596 D/EGL_emulation( 1870): eglMakeCurrent: 0x7f91c29b4820: ver 2 0 (tinfo 0x7f91c2982f40)
12-09 08:18:19.951 I/System.out(14594): URI: //
12-09 08:18:19.951 I/System.out(14594): params: {json={"command":"set_selection","arguments":[-1,-1]}
12-09 08:18:19.951 I/System.out(14594): }
12-09 08:18:19.951 I/System.out(14594): header: {date=Sun, 09 Dec 2018 08:18:20 GMT, accept=*/*, content-length=47, host=127.0.0.1:34777, user-agent=HTTPClient/1.0 (2.8.3, ruby 2.3.1 (2016-04-26)), content-type=application/json;charset=utf-8}
12-09 08:18:19.951 I/System.out(14594): params: {json={"command":"set_selection","arguments":[-1,-1]}
12-09 08:18:19.951 I/System.out(14594): }
12-09 08:18:19.951 I/System.out(14594): ProP json = {"command":"set_selection","arguments":[-1,-1]}
12-09 08:18:19.951 I/System.out(14594): files: {}
12-09 08:18:19.952 I/System.out(14594): command: {"command":"set_selection","arguments":[-1,-1]}
12-09 08:18:19.953 I/InstrumentationBackend(14594): Got command:'Command:'Line:null,set_selection', arguments:'[-1, -1]'
12-09 08:18:20.007 I/System.out(14594): result:{"bonusInformation":[],"message":"","success":true}
12-09 08:18:20.186 I/System.out(14594): URI: //
12-09 08:18:20.186 I/System.out(14594): params: {json={"command":"keyboard_enter_text","arguments":["-321ßå∂˚¡–ºß123"]}
12-09 08:18:20.186 I/System.out(14594): }
12-09 08:18:20.186 I/System.out(14594): header: {date=Sun, 09 Dec 2018 08:18:20 GMT, accept=*/*, content-length=75, host=127.0.0.1:34777, user-agent=HTTPClient/1.0 (2.8.3, ruby 2.3.1 (2016-04-26)), content-type=application/json;charset=utf-8}
12-09 08:18:20.186 I/System.out(14594): params: {json={"command":"keyboard_enter_text","arguments":["-321ßå∂˚¡–ºß123"]}
12-09 08:18:20.186 I/System.out(14594): }
12-09 08:18:20.186 I/System.out(14594): ProP json = {"command":"keyboard_enter_text","arguments":["-321ßå∂˚¡–ºß123"]}
12-09 08:18:20.186 I/System.out(14594): files: {}
12-09 08:18:20.186 I/System.out(14594): command: {"command":"keyboard_enter_text","arguments":["-321ßå∂˚¡–ºß123"]}
12-09 08:18:20.187 I/InstrumentationBackend(14594): Got command:'Command:'Line:null,keyboard_enter_text', arguments:'[-321ßå∂˚¡–ºß123]'
12-09 08:18:20.191 E/SpannableStringBuilder(14594): SPAN_EXCLUSIVE_EXCLUSIVE spans cannot have a zero length
12-09 08:18:20.191 E/SpannableStringBuilder(14594): SPAN_EXCLUSIVE_EXCLUSIVE spans cannot have a zero length
12-09 08:18:20.340 E/SpannableStringBuilder(14594): SPAN_EXCLUSIVE_EXCLUSIVE spans cannot have a zero length
12-09 08:18:20.340 E/SpannableStringBuilder(14594): SPAN_EXCLUSIVE_EXCLUSIVE spans cannot have a zero length
12-09 08:18:20.359 I/System.out(14594): result:{"bonusInformation":[],"message":"","success":true}
12-09 08:18:20.987 E/SurfaceFlinger( 1223): ro.sf.lcd_density must be defined as a build property
12-09 08:18:21.114 D/gralloc_ranchu( 1223): gralloc_alloc: Creating ashmem region of size 3686400
12-09 08:18:21.180 D/        (14626): HostConnection::get() New Host Connection established 0x7fa0bbfd2480, tid 14626
12-09 08:18:21.201 E/EGL_emulation( 1223): tid 1223: eglCreateSyncKHR(1881): error 0x3004 (EGL_BAD_ATTRIBUTE)
12-09 08:18:22.262 I/System.out(14594): URI: //map
12-09 08:18:22.262 I/System.out(14594): params: {json={"query":"android.widget.EditText id:'volume'","operation":{"method_name":"query","arguments":[]}}
12-09 08:18:22.262 I/System.out(14594): }
12-09 08:18:22.290 W/ResourceType(14594): No package identifier when getting name for resource number 0x00000001
12-09 08:18:22.427 I/art     (14594): Background sticky concurrent mark sweep GC freed 26889(1122KB) AllocSpace objects, 1(20KB) LOS objects, 0% free, 3MB/3MB, paused 5.018ms total 132.474ms
12-09 08:18:22.670 I/System.out(14594): URI: //gesture
12-09 08:18:22.671 I/System.out(14594): params: {json={"query_timeout":5.0,"gestures":[{"query_string":"android.widget.EditText id:'volume'","touches":[{"x":50,"y":50,"offset_x":0,"offset_y":0,"wait":0.0,"time":0.2,"release":true,"query_string":null}]}]}
12-09 08:18:22.671 I/System.out(14594): }
12-09 08:18:22.679 W/ResourceType(14594): No package identifier when getting name for resource number 0x00000001
12-09 08:18:22.726 I/art     (14594): Background partial concurrent mark sweep GC freed 36821(1937KB) AllocSpace objects, 7(140KB) LOS objects, 40% free, 2MB/3MB, paused 1.079ms total 297.010ms
12-09 08:18:23.036 I/LatinIME( 1870): Starting input. Cursor position = 0,0
12-09 08:18:23.074 W/art     (14594): Suspending all threads took: 5.905ms
12-09 08:18:23.141 I/art     (14594): Background sticky concurrent mark sweep GC freed 28520(1326KB) AllocSpace objects, 0(0B) LOS objects, 36% free, 2MB/3MB, paused 7.116ms total 81.365ms
12-09 08:18:23.650 I/System.out(14594): URI: //
12-09 08:18:23.650 I/System.out(14594): params: {json={"command":"set_selection","arguments":[-1,-1]}
12-09 08:18:23.651 I/System.out(14594): }
12-09 08:18:23.651 I/System.out(14594): header: {date=Sun, 09 Dec 2018 08:18:24 GMT, accept=*/*, content-length=47, host=127.0.0.1:34777, user-agent=HTTPClient/1.0 (2.8.3, ruby 2.3.1 (2016-04-26)), content-type=application/json;charset=utf-8}
12-09 08:18:23.651 I/System.out(14594): params: {json={"command":"set_selection","arguments":[-1,-1]}
12-09 08:18:23.651 I/System.out(14594): }
12-09 08:18:23.651 I/System.out(14594): ProP json = {"command":"set_selection","arguments":[-1,-1]}
12-09 08:18:23.651 I/System.out(14594): files: {}
12-09 08:18:23.651 I/System.out(14594): command: {"command":"set_selection","arguments":[-1,-1]}
12-09 08:18:23.652 I/InstrumentationBackend(14594): Got command:'Command:'Line:null,set_selection', arguments:'[-1, -1]'
12-09 08:18:23.660 I/System.out(14594): result:{"bonusInformation":[],"message":"","success":true}
12-09 08:18:23.826 I/System.out(14594): URI: //
12-09 08:18:23.827 I/System.out(14594): params: {json={"command":"keyboard_enter_text","arguments":["åß9∂º–ç¬  ß29å∂˚¡–ºß123"]}
12-09 08:18:23.827 I/System.out(14594): }
12-09 08:18:23.827 I/System.out(14594): header: {date=Sun, 09 Dec 2018 08:18:24 GMT, accept=*/*, content-length=92, host=127.0.0.1:34777, user-agent=HTTPClient/1.0 (2.8.3, ruby 2.3.1 (2016-04-26)), content-type=application/json;charset=utf-8}
12-09 08:18:23.827 I/System.out(14594): params: {json={"command":"keyboard_enter_text","arguments":["åß9∂º–ç¬  ß29å∂˚¡–ºß123"]}
12-09 08:18:23.827 I/System.out(14594): }
12-09 08:18:23.827 I/System.out(14594): ProP json = {"command":"keyboard_enter_text","arguments":["åß9∂º–ç¬  ß29å∂˚¡–ºß123"]}
12-09 08:18:23.827 I/System.out(14594): files: {}
12-09 08:18:23.827 I/System.out(14594): command: {"command":"keyboard_enter_text","arguments":["åß9∂º–ç¬  ß29å∂˚¡–ºß123"]}
12-09 08:18:23.828 I/InstrumentationBackend(14594): Got command:'Command:'Line:null,keyboard_enter_text', arguments:'[åß9∂º–ç¬  ß29å∂˚¡–ºß123]'
12-09 08:18:23.833 E/SpannableStringBuilder(14594): SPAN_EXCLUSIVE_EXCLUSIVE spans cannot have a zero length
12-09 08:18:23.833 E/SpannableStringBuilder(14594): SPAN_EXCLUSIVE_EXCLUSIVE spans cannot have a zero length
12-09 08:18:23.836 E/SpannableStringBuilder(14594): SPAN_EXCLUSIVE_EXCLUSIVE spans cannot have a zero length
12-09 08:18:23.836 E/SpannableStringBuilder(14594): SPAN_EXCLUSIVE_EXCLUSIVE spans cannot have a zero length
12-09 08:18:23.849 I/System.out(14594): result:{"bonusInformation":[],"message":"","success":true}
12-09 08:18:24.090 I/art     (14594): Background sticky concurrent mark sweep GC freed 27998(1328KB) AllocSpace objects, 7(140KB) LOS objects, 37% free, 2MB/3MB, paused 1.077ms total 243.653ms
12-09 08:18:24.355 E/SurfaceFlinger( 1223): ro.sf.lcd_density must be defined as a build property
12-09 08:18:24.447 D/gralloc_ranchu( 1223): gralloc_alloc: Creating ashmem region of size 3686400
12-09 08:18:24.614 D/        (14636): HostConnection::get() New Host Connection established 0x7f3499092480, tid 14636
12-09 08:18:24.634 E/EGL_emulation( 1223): tid 1223: eglCreateSyncKHR(1881): error 0x3004 (EGL_BAD_ATTRIBUTE)
12-09 08:18:25.808 I/System.out(14594): URI: //map
12-09 08:18:25.808 I/System.out(14594): params: {json={"query":"android.widget.EditText id:'odometer'","operation":{"method_name":"query","arguments":[]}}
12-09 08:18:25.808 I/System.out(14594): }
12-09 08:18:25.826 W/ResourceType(14594): No package identifier when getting name for resource number 0x00000001
12-09 08:18:26.173 I/System.out(14594): URI: //gesture
12-09 08:18:26.173 I/System.out(14594): params: {json={"query_timeout":5.0,"gestures":[{"query_string":"android.widget.EditText id:'odometer'","touches":[{"x":50,"y":50,"offset_x":0,"offset_y":0,"wait":0.0,"time":0.2,"release":true,"query_string":null}]}]}
12-09 08:18:26.173 I/System.out(14594): }
12-09 08:18:26.213 W/ResourceType(14594): No package identifier when getting name for resource number 0x00000001
12-09 08:18:26.978 I/LatinIME( 1870): Starting input. Cursor position = 0,0
12-09 08:18:27.024 I/art     (14594): Background sticky concurrent mark sweep GC freed 45624(2MB) AllocSpace objects, 3(60KB) LOS objects, 35% free, 2MB/3MB, paused 4.862ms total 116.813ms
12-09 08:18:27.205 D/gralloc_ranchu( 1223): gralloc_alloc: Creating ashmem region of size 12288
12-09 08:18:27.506 I/System.out(14594): URI: //
12-09 08:18:27.506 I/System.out(14594): params: {json={"command":"set_selection","arguments":[-1,-1]}
12-09 08:18:27.506 I/System.out(14594): }
12-09 08:18:27.506 I/System.out(14594): header: {date=Sun, 09 Dec 2018 08:18:28 GMT, accept=*/*, content-length=47, host=127.0.0.1:34777, user-agent=HTTPClient/1.0 (2.8.3, ruby 2.3.1 (2016-04-26)), content-type=application/json;charset=utf-8}
12-09 08:18:27.506 I/System.out(14594): params: {json={"command":"set_selection","arguments":[-1,-1]}
12-09 08:18:27.506 I/System.out(14594): }
12-09 08:18:27.506 I/System.out(14594): ProP json = {"command":"set_selection","arguments":[-1,-1]}
12-09 08:18:27.506 I/System.out(14594): files: {}
12-09 08:18:27.506 I/System.out(14594): command: {"command":"set_selection","arguments":[-1,-1]}
12-09 08:18:27.507 I/InstrumentationBackend(14594): Got command:'Command:'Line:null,set_selection', arguments:'[-1, -1]'
12-09 08:18:27.804 D/gralloc_ranchu( 1223): gralloc_alloc: Creating ashmem region of size 32768
12-09 08:18:27.920 D/gralloc_ranchu( 1223): gralloc_alloc: Creating ashmem region of size 32768
12-09 08:18:27.921 I/System.out(14594): result:{"bonusInformation":[],"message":"","success":true}
12-09 08:18:28.101 I/Choreographer( 1870): Skipped 70 frames!  The application may be doing too much work on its main thread.
12-09 08:18:28.339 I/System.out(14594): URI: //
12-09 08:18:28.339 I/System.out(14594): params: {json={"command":"keyboard_enter_text","arguments":["=+œå∑ß≈´∂ç®ƒ√†©∫¡™£"]}
12-09 08:18:28.339 I/System.out(14594): }
12-09 08:18:28.339 I/System.out(14594): header: {date=Sun, 09 Dec 2018 08:18:28 GMT, accept=*/*, content-length=93, host=127.0.0.1:34777, user-agent=HTTPClient/1.0 (2.8.3, ruby 2.3.1 (2016-04-26)), content-type=application/json;charset=utf-8}
12-09 08:18:28.339 I/System.out(14594): params: {json={"command":"keyboard_enter_text","arguments":["=+œå∑ß≈´∂ç®ƒ√†©∫¡™£"]}
12-09 08:18:28.339 I/System.out(14594): }
12-09 08:18:28.339 I/System.out(14594): ProP json = {"command":"keyboard_enter_text","arguments":["=+œå∑ß≈´∂ç®ƒ√†©∫¡™£"]}
12-09 08:18:28.339 I/System.out(14594): files: {}
12-09 08:18:28.339 I/System.out(14594): command: {"command":"keyboard_enter_text","arguments":["=+œå∑ß≈´∂ç®ƒ√†©∫¡™£"]}
12-09 08:18:28.340 I/InstrumentationBackend(14594): Got command:'Command:'Line:null,keyboard_enter_text', arguments:'[=+œå∑ß≈´∂ç®ƒ√†©∫¡™£]'
12-09 08:18:28.359 D/gralloc_ranchu( 1223): gralloc_alloc: Creating ashmem region of size 32768
12-09 08:18:28.569 E/SpannableStringBuilder(14594): SPAN_EXCLUSIVE_EXCLUSIVE spans cannot have a zero length
12-09 08:18:28.569 E/SpannableStringBuilder(14594): SPAN_EXCLUSIVE_EXCLUSIVE spans cannot have a zero length
12-09 08:18:28.585 E/SpannableStringBuilder(14594): SPAN_EXCLUSIVE_EXCLUSIVE spans cannot have a zero length
12-09 08:18:28.585 E/SpannableStringBuilder(14594): SPAN_EXCLUSIVE_EXCLUSIVE spans cannot have a zero length
12-09 08:18:28.634 I/System.out(14594): result:{"bonusInformation":[],"message":"","success":true}
12-09 08:18:28.706 I/art     (14594): Background sticky concurrent mark sweep GC freed 27237(1259KB) AllocSpace objects, 6(120KB) LOS objects, 32% free, 2MB/3MB, paused 2.609ms total 107.747ms
12-09 08:18:29.268 E/SurfaceFlinger( 1223): ro.sf.lcd_density must be defined as a build property
12-09 08:18:29.277 I/Choreographer(14594): Skipped 41 frames!  The application may be doing too much work on its main thread.
12-09 08:18:29.351 D/gralloc_ranchu( 1223): gralloc_alloc: Creating ashmem region of size 3686400
12-09 08:18:29.371 D/        (14647): HostConnection::get() New Host Connection established 0x7f95748d2480, tid 14647
12-09 08:18:29.414 E/EGL_emulation( 1223): tid 1223: eglCreateSyncKHR(1881): error 0x3004 (EGL_BAD_ATTRIBUTE)
