12-09 07:50:37.208 W/audio_hw_generic( 1308): Hardware backing HAL too slow, could only write 0 of 661 frames
12-09 07:50:37.302 V/PhoneStatusBar( 1693): setLightsOn(true)
12-09 07:50:37.411 W/audio_hw_generic( 1308): Not supplying enough data to HAL, expected position 11107391 , only wrote 11106783
12-09 07:50:37.411 W/audio_hw_generic( 1308): Not supplying enough data to HAL, expected position 11106789 , only wrote 11106783
12-09 07:50:37.428 D/gralloc_ranchu( 1219): gralloc_alloc: Creating ashmem region of size 3686400
12-09 07:50:37.431 W/audio_hw_generic( 1308): Not supplying enough data to HAL, expected position 11107656 , only wrote 11107444
12-09 07:50:37.469 W/audio_hw_generic( 1308): Not supplying enough data to HAL, expected position 11109096 , only wrote 11108766
12-09 07:50:37.577 E/SurfaceFlinger( 1219): ro.sf.lcd_density must be defined as a build property
12-09 07:50:37.586 D/gralloc_ranchu( 1219): gralloc_alloc: Creating ashmem region of size 3686400
12-09 07:50:37.657 W/audio_hw_generic( 1308): Not supplying enough data to HAL, expected position 11117059 , only wrote 11116698
12-09 07:50:37.657 W/audio_hw_generic( 1308): Not supplying enough data to HAL, expected position 11116704 , only wrote 11116698
12-09 07:50:37.660 D/        ( 7547): HostConnection::get() New Host Connection established 0x7fccf1092480, tid 7547
12-09 07:50:37.684 E/EGL_emulation( 1219): tid 1219: eglCreateSyncKHR(1881): error 0x3004 (EGL_BAD_ATTRIBUTE)
12-09 07:50:37.751 W/audio_hw_generic( 1308): Not supplying enough data to HAL, expected position 11120842 , only wrote 11120003
12-09 07:50:37.751 W/audio_hw_generic( 1308): Not supplying enough data to HAL, expected position 11120009 , only wrote 11120003
12-09 07:50:37.790 W/audio_hw_generic( 1308): Not supplying enough data to HAL, expected position 11121703 , only wrote 11120664
12-09 07:50:37.831 W/audio_hw_generic( 1308): Not supplying enough data to HAL, expected position 11122497 , only wrote 11121986
12-09 07:50:37.863 W/audio_hw_generic( 1308): Hardware backing HAL too slow, could only write 0 of 661 frames
12-09 07:50:37.876 W/audio_hw_generic( 1308): Hardware backing HAL too slow, could only write 0 of 661 frames
12-09 07:50:37.900 W/audio_hw_generic( 1308): Hardware backing HAL too slow, could only write 0 of 661 frames
12-09 07:50:37.913 W/audio_hw_generic( 1308): Hardware backing HAL too slow, could only write 0 of 661 frames
12-09 07:50:38.107 W/audio_hw_generic( 1308): Not supplying enough data to HAL, expected position 11134158 , only wrote 11132562
12-09 07:50:38.107 W/audio_hw_generic( 1308): Not supplying enough data to HAL, expected position 11132568 , only wrote 11132562
12-09 07:50:38.147 W/audio_hw_generic( 1308): Hardware backing HAL too slow, could only write 0 of 661 frames
12-09 07:50:38.167 W/audio_hw_generic( 1308): Hardware backing HAL too slow, could only write 0 of 661 frames
12-09 07:50:38.183 W/audio_hw_generic( 1308): Hardware backing HAL too slow, could only write 0 of 661 frames
12-09 07:50:38.231 W/audio_hw_generic( 1308): Not supplying enough data to HAL, expected position 11138032 , only wrote 11137850
12-09 07:50:38.482 W/audio_hw_generic( 1308): Not supplying enough data to HAL, expected position 11148913 , only wrote 11148426
12-09 07:50:38.482 W/audio_hw_generic( 1308): Not supplying enough data to HAL, expected position 11148432 , only wrote 11148426
12-09 07:50:38.497 W/art     ( 1592): Long monitor contention event with owner method=void com.android.server.wm.WindowAnimator$1.doFrame(long) from WindowAnimator.java:121 waiters=1 for 300ms
12-09 07:50:38.553 W/audio_hw_generic( 1308): Not supplying enough data to HAL, expected position 11151538 , only wrote 11149087
12-09 07:50:38.582 W/art     ( 1592): Long monitor contention event with owner method=void com.android.server.wm.WindowAnimator$1.doFrame(long) from WindowAnimator.java:121 waiters=1 for 283ms
12-09 07:50:38.627 W/audio_hw_generic( 1308): Not supplying enough data to HAL, expected position 11152335 , only wrote 11150409
12-09 07:50:38.849 W/art     ( 1592): Long monitor contention event with owner method=void com.android.server.wm.WindowAnimator$1.doFrame(long) from WindowAnimator.java:121 waiters=1 for 185ms
12-09 07:50:39.130 D/AndroidRuntime( 7550): >>>>>> START com.android.internal.os.RuntimeInit uid 0 <<<<<<
12-09 07:50:39.138 D/AndroidRuntime( 7550): CheckJNI is ON
12-09 07:50:39.176 D/ICU     ( 7550): No timezone override file found: /data/misc/zoneinfo/current/icu/icu_tzdata.dat
12-09 07:50:39.279 W/audio_hw_generic( 1308): Not supplying enough data to HAL, expected position 11179161 , only wrote 11178832
12-09 07:50:39.279 W/audio_hw_generic( 1308): Not supplying enough data to HAL, expected position 11178838 , only wrote 11178832
12-09 07:50:39.329 W/audio_hw_generic( 1308): Not supplying enough data to HAL, expected position 11181042 , only wrote 11179493
12-09 07:50:39.419 W/audio_hw_generic( 1308): Not supplying enough data to HAL, expected position 11183476 , only wrote 11183459
12-09 07:50:39.419 W/audio_hw_generic( 1308): Not supplying enough data to HAL, expected position 11183465 , only wrote 11183459
12-09 07:50:39.433 E/memtrack( 7550): Couldn't load memtrack module (No such file or directory)
12-09 07:50:39.433 E/android.os.Debug( 7550): failed to load memtrack module: -2
12-09 07:50:39.434 I/Radio-JNI( 7550): register_android_hardware_Radio DONE
12-09 07:50:39.446 W/art     ( 1592): Long monitor contention event with owner method=void com.android.server.wm.WindowAnimator$1.doFrame(long) from WindowAnimator.java:121 waiters=1 for 170ms
12-09 07:50:39.479 D/AndroidRuntime( 7550): Calling main entry com.android.commands.input.Input
12-09 07:50:39.480 I/Input   ( 7550): injectKeyEvent: KeyEvent { action=ACTION_DOWN, keyCode=KEYCODE_BACK, scanCode=0, metaState=0, flags=0x0, repeatCount=0, eventTime=3253885, downTime=3253885, deviceId=-1, source=0x101 }
12-09 07:50:39.537 W/art     ( 1592): Long monitor contention event with owner method=void com.android.server.wm.WindowAnimator$1.doFrame(long) from WindowAnimator.java:121 waiters=1 for 162ms
12-09 07:50:39.601 W/art     ( 1592): Long monitor contention event with owner method=void com.android.server.wm.WindowAnimator$1.doFrame(long) from WindowAnimator.java:121 waiters=1 for 155ms
12-09 07:50:39.729 W/art     ( 1592): Long monitor contention event with owner method=void com.android.server.wm.WindowAnimator$1.doFrame(long) from WindowAnimator.java:121 waiters=1 for 127ms
12-09 07:50:39.788 W/audio_hw_generic( 1308): Not supplying enough data to HAL, expected position 11199712 , only wrote 11196018
12-09 07:50:39.788 W/audio_hw_generic( 1308): Not supplying enough data to HAL, expected position 11196027 , only wrote 11196018
12-09 07:50:39.807 W/audio_hw_generic( 1308): Not supplying enough data to HAL, expected position 11196854 , only wrote 11196679
12-09 07:50:39.822 W/art     ( 1592): Long monitor contention event with owner method=void com.android.server.wm.WindowAnimator$1.doFrame(long) from WindowAnimator.java:121 waiters=1 for 182ms
12-09 07:50:39.950 W/audio_hw_generic( 1308): Not supplying enough data to HAL, expected position 11202979 , only wrote 11202628
12-09 07:50:39.950 W/audio_hw_generic( 1308): Not supplying enough data to HAL, expected position 11202634 , only wrote 11202628
12-09 07:50:39.975 W/audio_hw_generic( 1308): Not supplying enough data to HAL, expected position 11203730 , only wrote 11203289
12-09 07:50:39.975 W/audio_hw_generic( 1308): Hardware backing HAL too slow, could only write 0 of 661 frames
12-09 07:50:39.975 W/audio_hw_generic( 1308): Hardware backing HAL too slow, could only write 0 of 661 frames
12-09 07:50:40.016 W/audio_hw_generic( 1308): Not supplying enough data to HAL, expected position 11205077 , only wrote 11204611
12-09 07:50:40.019 W/art     ( 1592): Long monitor contention event with owner method=void com.android.server.wm.WindowAnimator$1.doFrame(long) from WindowAnimator.java:121 waiters=1 for 197ms
12-09 07:50:40.408 W/art     ( 1592): Long monitor contention event with owner method=void com.android.server.wm.WindowAnimator$1.doFrame(long) from WindowAnimator.java:121 waiters=1 for 135ms
12-09 07:50:40.408 W/art     ( 1592): Long monitor contention event with owner method=java.util.List com.android.server.am.ActivityManagerService.getAllStackInfos() from ActivityManagerService.java:8937 waiters=0 for 2.495s
12-09 07:50:40.409 W/ViewRootImpl( 7436): Dropping event due to no window focus: KeyEvent { action=ACTION_DOWN, keyCode=KEYCODE_BACK, scanCode=0, metaState=0, flags=0x0, repeatCount=0, eventTime=3253885, downTime=3253885, deviceId=-1, source=0x101 }
12-09 07:50:40.409 W/art     ( 1592): Long monitor contention event with owner method=java.util.List com.android.server.am.ActivityManagerService.getAllStackInfos() from ActivityManagerService.java:8937 waiters=1 for 2.352s
12-09 07:50:40.416 I/Input   ( 7550): injectKeyEvent: KeyEvent { action=ACTION_UP, keyCode=KEYCODE_BACK, scanCode=0, metaState=0, flags=0x0, repeatCount=0, eventTime=3253885, downTime=3253885, deviceId=-1, source=0x101 }
12-09 07:50:40.418 D/AndroidRuntime( 7550): Shutting down VM
12-09 07:50:40.496 D/gralloc_ranchu( 1219): gralloc_alloc: Creating ashmem region of size 3686400
12-09 07:50:40.760 I/ActivityManager( 1592): Displayed com.evancharlton.mileage/.FillupInfoActivity: +3s882ms
12-09 07:50:40.776 I/System.out( 7436): URI: //gesture
12-09 07:50:40.776 I/System.out( 7436): params: {json={"query_timeout":5.0,"gestures":[{"query_string":"android.widget.TabWidget descendant TextView index:2","touches":[{"x":50,"y":50,"offset_x":0,"offset_y":0,"wait":0.0,"time":0.2,"release":true,"query_string":null}]}]}
12-09 07:50:40.776 I/System.out( 7436): }
12-09 07:50:46.125 W/System.err( 7436): java.lang.RuntimeException: Could not find views '[android.widget.TabWidget descendant TextView index:2]'
12-09 07:50:46.131 W/System.err( 7436): 	at sh.calaba.instrumentationbackend.actions.MultiTouchGesture.evaluateQueries(MultiTouchGesture.java:225)
12-09 07:50:46.131 W/System.err( 7436): 	at sh.calaba.instrumentationbackend.actions.MultiTouchGesture.parseGesture(MultiTouchGesture.java:68)
12-09 07:50:46.131 W/System.err( 7436): 	at sh.calaba.instrumentationbackend.actions.MultiTouchGesture.perform(MultiTouchGesture.java:144)
12-09 07:50:46.131 W/System.err( 7436): 	at sh.calaba.instrumentationbackend.actions.HttpServer.serve(HttpServer.java:540)
12-09 07:50:46.131 W/System.err( 7436): 	at sh.calaba.instrumentationbackend.actions.NanoHTTPD$HTTPSession.run(NanoHTTPD.java:487)
12-09 07:50:46.131 W/System.err( 7436): 	at java.lang.Thread.run(Thread.java:818)
