--------- beginning of main
12-09 08:08:17.471 D/gralloc_ranchu( 1218): gralloc_alloc: Creating ashmem region of size 708608
12-09 08:08:17.473 W/audio_hw_generic( 1309): Not supplying enough data to HAL, expected position 21043229 , only wrote 21040952
12-09 08:08:17.473 W/audio_hw_generic( 1309): Not supplying enough data to HAL, expected position 21040959 , only wrote 21040952
12-09 08:08:17.500 W/audio_hw_generic( 1309): Not supplying enough data to HAL, expected position 21042130 , only wrote 21041613
12-09 08:08:17.501 E/EGL_emulation( 1218): tid 1218: eglCreateSyncKHR(1881): error 0x3004 (EGL_BAD_ATTRIBUTE)
12-09 08:08:17.665 I/art     ( 1592): Background partial concurrent mark sweep GC freed 10889(771KB) AllocSpace objects, 7(140KB) LOS objects, 29% free, 9MB/13MB, paused 3.623ms total 103.172ms
12-09 08:08:17.728 W/art     ( 1592): Long monitor contention event with owner method=void com.android.server.am.ActivityManagerService.activityPaused(android.os.IBinder) from ActivityManagerService.java:6439 waiters=0 for 116ms
--------- beginning of system
12-09 08:08:17.740 W/ActivityManager( 1592): Finishing task with all activities already finished
12-09 08:08:17.740 W/ActivityManager( 1592): Duplicate finish request for ActivityRecord{5a6094e u0 com.evancharlton.mileage/.Mileage t435 f}
12-09 08:08:17.752 W/ActivityManager( 1592): Finishing task with all activities already finished
12-09 08:08:17.752 W/ActivityManager( 1592): Duplicate finish request for ActivityRecord{5a6094e u0 com.evancharlton.mileage/.Mileage t435 f}
12-09 08:08:17.752 W/ActivityManager( 1592): Finishing task with all activities already finished
12-09 08:08:17.753 W/ActivityManager( 1592): Duplicate finish request for ActivityRecord{5a6094e u0 com.evancharlton.mileage/.Mileage t435 f}
12-09 08:08:17.810 W/audio_hw_generic( 1309): Not supplying enough data to HAL, expected position 21055271 , only wrote 21054833
12-09 08:08:17.886 W/audio_hw_generic( 1309): Not supplying enough data to HAL, expected position 21060974 , only wrote 21058138
12-09 08:08:17.950 D/EGL_emulation( 1949): eglMakeCurrent: 0x7f45d5621d20: ver 2 0 (tinfo 0x7f45d56028e0)
12-09 08:08:18.012 W/art     ( 1592): Long monitor contention event with owner method=void com.android.server.wm.WindowAnimator$1.doFrame(long) from WindowAnimator.java:121 waiters=0 for 114ms
12-09 08:08:18.266 W/art     ( 1592): Long monitor contention event with owner method=void com.android.server.wm.WindowAnimator$1.doFrame(long) from WindowAnimator.java:121 waiters=1 for 254ms
12-09 08:08:18.311 D/AndroidRuntime(13709): >>>>>> START com.android.internal.os.RuntimeInit uid 0 <<<<<<
12-09 08:08:18.312 D/AndroidRuntime(13709): CheckJNI is ON
12-09 08:08:18.367 D/ICU     (13709): No timezone override file found: /data/misc/zoneinfo/current/icu/icu_tzdata.dat
12-09 08:08:18.546 W/art     ( 1592): Long monitor contention event with owner method=void com.android.server.wm.WindowAnimator$1.doFrame(long) from WindowAnimator.java:121 waiters=1 for 280ms
12-09 08:08:18.661 E/memtrack(13709): Couldn't load memtrack module (No such file or directory)
12-09 08:08:18.661 E/android.os.Debug(13709): failed to load memtrack module: -2
12-09 08:08:18.676 I/Radio-JNI(13709): register_android_hardware_Radio DONE
12-09 08:08:18.696 D/AndroidRuntime(13709): Calling main entry com.android.commands.am.Am
12-09 08:08:18.714 W/art     ( 1592): Long monitor contention event with owner method=void com.android.server.wm.WindowAnimator$1.doFrame(long) from WindowAnimator.java:121 waiters=1 for 300ms
12-09 08:08:18.723 I/ActivityManager( 1592): Force stopping com.evancharlton.mileage appid=10133 user=0: start instr
12-09 08:08:18.723 I/ActivityManager( 1592): Killing 13640:com.evancharlton.mileage/u0a133 (adj 0): stop com.evancharlton.mileage
12-09 08:08:18.750 W/InputDispatcher( 1592): channel '4a81614 com.evancharlton.mileage/com.evancharlton.mileage.Mileage (server)' ~ Consumer closed input channel or an error occurred.  events=0x9
12-09 08:08:18.750 E/InputDispatcher( 1592): channel '4a81614 com.evancharlton.mileage/com.evancharlton.mileage.Mileage (server)' ~ Channel is unrecoverably broken and will be disposed!
12-09 08:08:18.750 W/InputDispatcher( 1592): channel 'c4dbfdc Toast (server)' ~ Consumer closed input channel or an error occurred.  events=0x9
12-09 08:08:18.750 E/InputDispatcher( 1592): channel 'c4dbfdc Toast (server)' ~ Channel is unrecoverably broken and will be disposed!
12-09 08:08:18.845 W/art     ( 1592): Long monitor contention event with owner method=void com.android.server.wm.WindowAnimator$1.doFrame(long) from WindowAnimator.java:121 waiters=1 for 299ms
12-09 08:08:18.926 W/art     ( 1592): Long monitor contention event with owner method=void com.android.server.wm.WindowAnimator$1.doFrame(long) from WindowAnimator.java:121 waiters=2 for 128ms
12-09 08:08:18.927 W/ActivityManager( 1592): Crash of app com.evancharlton.mileage running instrumentation ComponentInfo{com.evancharlton.mileage.test/sh.calaba.instrumentationbackend.CalabashInstrumentationTestRunner}
12-09 08:08:18.927 I/ActivityManager( 1592): Force stopping com.evancharlton.mileage appid=10133 user=0: finished inst
12-09 08:08:18.927 W/art     ( 1592): Long monitor contention event with owner method=void com.android.server.wm.WindowAnimator$1.doFrame(long) from WindowAnimator.java:121 waiters=3 for 128ms
12-09 08:08:18.928 I/WindowState( 1592): WIN DEATH: Window{4a81614 u0 com.evancharlton.mileage/com.evancharlton.mileage.Mileage}
12-09 08:08:18.928 W/InputDispatcher( 1592): Attempted to unregister already unregistered input channel '4a81614 com.evancharlton.mileage/com.evancharlton.mileage.Mileage (server)'
12-09 08:08:18.929 I/WindowState( 1592): WIN DEATH: Window{c4dbfdc u0 Toast}
12-09 08:08:18.929 W/InputDispatcher( 1592): Attempted to unregister already unregistered input channel 'c4dbfdc Toast (server)'
12-09 08:08:19.090 W/WindowAnimator( 1592): Failed to dispatch window animation state change.
12-09 08:08:19.090 W/WindowAnimator( 1592): android.os.DeadObjectException
12-09 08:08:19.090 W/WindowAnimator( 1592): 	at android.os.BinderProxy.transactNative(Native Method)
12-09 08:08:19.090 W/WindowAnimator( 1592): 	at android.os.BinderProxy.transact(Binder.java:503)
12-09 08:08:19.090 W/WindowAnimator( 1592): 	at android.view.IWindow$Stub$Proxy.onAnimationStarted(IWindow.java:520)
12-09 08:08:19.090 W/WindowAnimator( 1592): 	at com.android.server.wm.WindowAnimator.updateWindowsLocked(WindowAnimator.java:282)
12-09 08:08:19.090 W/WindowAnimator( 1592): 	at com.android.server.wm.WindowAnimator.animateLocked(WindowAnimator.java:678)
12-09 08:08:19.090 W/WindowAnimator( 1592): 	at com.android.server.wm.WindowAnimator.-wrap0(WindowAnimator.java)
12-09 08:08:19.090 W/WindowAnimator( 1592): 	at com.android.server.wm.WindowAnimator$1.doFrame(WindowAnimator.java:123)
12-09 08:08:19.090 W/WindowAnimator( 1592): 	at android.view.Choreographer$CallbackRecord.run(Choreographer.java:856)
12-09 08:08:19.090 W/WindowAnimator( 1592): 	at android.view.Choreographer.doCallbacks(Choreographer.java:670)
12-09 08:08:19.090 W/WindowAnimator( 1592): 	at android.view.Choreographer.doFrame(Choreographer.java:603)
12-09 08:08:19.090 W/WindowAnimator( 1592): 	at android.view.Choreographer$FrameDisplayEventReceiver.run(Choreographer.java:844)
12-09 08:08:19.090 W/WindowAnimator( 1592): 	at android.os.Handler.handleCallback(Handler.java:739)
12-09 08:08:19.090 W/WindowAnimator( 1592): 	at android.os.Handler.dispatchMessage(Handler.java:95)
12-09 08:08:19.090 W/WindowAnimator( 1592): 	at android.os.Looper.loop(Looper.java:148)
12-09 08:08:19.090 W/WindowAnimator( 1592): 	at android.os.HandlerThread.run(HandlerThread.java:61)
12-09 08:08:19.090 W/WindowAnimator( 1592): 	at com.android.server.ServiceThread.run(ServiceThread.java:46)
12-09 08:08:19.231 I/ActivityManager( 1592): Start proc 13718:com.evancharlton.mileage/u0a133 for added application com.evancharlton.mileage
12-09 08:08:19.232 W/art     ( 1592): Long monitor contention event with owner method=boolean com.android.server.am.ActivityManagerService.startInstrumentation(android.content.ComponentName, java.lang.String, int, android.os.Bundle, android.app.IInstrumentationWatcher, android.app.IUiAutomationConnection, int, java.lang.String) from ActivityManagerService.java:17066 waiters=0 for 509ms
12-09 08:08:19.232 W/art     ( 1592): Long monitor contention event with owner method=boolean com.android.server.am.ActivityManagerService.startInstrumentation(android.content.ComponentName, java.lang.String, int, android.os.Bundle, android.app.IInstrumentationWatcher, android.app.IUiAutomationConnection, int, java.lang.String) from ActivityManagerService.java:17066 waiters=1 for 499ms
12-09 08:08:19.237 W/art     ( 1592): Long monitor contention event with owner method=boolean com.android.server.am.ActivityManagerService.startInstrumentation(android.content.ComponentName, java.lang.String, int, android.os.Bundle, android.app.IInstrumentationWatcher, android.app.IUiAutomationConnection, int, java.lang.String) from ActivityManagerService.java:17066 waiters=2 for 311ms
12-09 08:08:19.238 W/InputMethodManagerService( 1592): Got RemoteException sending setActive(false) notification to pid 13640 uid 10133
12-09 08:08:19.239 W/art     ( 1592): Long monitor contention event with owner method=com.android.internal.view.InputBindResult com.android.server.InputMethodManagerService.windowGainedFocus(com.android.internal.view.IInputMethodClient, android.os.IBinder, int, int, int, android.view.inputmethod.EditorInfo, com.android.internal.view.IInputContext) from InputMethodManagerService.java:2177 waiters=0 for 442ms
12-09 08:08:19.240 W/art     ( 1592): Long monitor contention event with owner method=com.android.internal.view.InputBindResult com.android.server.InputMethodManagerService.windowGainedFocus(com.android.internal.view.IInputMethodClient, android.os.IBinder, int, int, int, android.view.inputmethod.EditorInfo, com.android.internal.view.IInputContext) from InputMethodManagerService.java:2177 waiters=1 for 314ms
12-09 08:08:19.263 I/Choreographer( 1949): Skipped 76 frames!  The application may be doing too much work on its main thread.
12-09 08:08:19.273 D/AndroidRuntime(13709): Shutting down VM
12-09 08:08:19.345 D/EGL_emulation( 1877): eglMakeCurrent: 0x7f45c9d44b20: ver 2 0 (tinfo 0x7f45c9dbd4a0)
12-09 08:08:19.347 E/Surface ( 1877): getSlotFromBufferLocked: unknown buffer: 0x7f45c8aa9000
12-09 08:08:19.475 I/art     (13718): Background sticky concurrent mark sweep GC freed 10751(365KB) AllocSpace objects, 0(0B) LOS objects, 67% free, 424KB/1295KB, paused 17.520ms total 226.639ms
12-09 08:08:19.581 W/System  (13718): ClassLoader referenced unknown path: /data/app/com.evancharlton.mileage.test-1/lib/x86_64
12-09 08:08:19.589 W/System  (13718): ClassLoader referenced unknown path: /data/app/com.evancharlton.mileage-1/lib/x86_64
12-09 08:08:19.671 I/System.out(13718): Main activity name automatically set to: com.evancharlton.mileage.Mileage
12-09 08:08:19.671 I/System.out(13718): Calabash did not load Mono. This is only a problem if you are trying to test a Mono application
12-09 08:08:19.671 I/calabash(13718): Test server port: 7102
12-09 08:08:19.673 I/InstrumentationBackend(13718): Added:'GetPreferences', with key:'get_preferences'
12-09 08:08:19.722 W/WindowAnimator( 1592): Failed to dispatch window animation state change.
12-09 08:08:19.722 W/WindowAnimator( 1592): android.os.DeadObjectException
12-09 08:08:19.722 W/WindowAnimator( 1592): 	at android.os.BinderProxy.transactNative(Native Method)
12-09 08:08:19.722 W/WindowAnimator( 1592): 	at android.os.BinderProxy.transact(Binder.java:503)
12-09 08:08:19.722 W/WindowAnimator( 1592): 	at android.view.IWindow$Stub$Proxy.onAnimationStopped(IWindow.java:534)
12-09 08:08:19.722 W/WindowAnimator( 1592): 	at com.android.server.wm.WindowAnimator.updateWindowsLocked(WindowAnimator.java:286)
12-09 08:08:19.722 W/WindowAnimator( 1592): 	at com.android.server.wm.WindowAnimator.animateLocked(WindowAnimator.java:678)
12-09 08:08:19.722 W/WindowAnimator( 1592): 	at com.android.server.wm.WindowAnimator.-wrap0(WindowAnimator.java)
12-09 08:08:19.722 W/WindowAnimator( 1592): 	at com.android.server.wm.WindowAnimator$1.doFrame(WindowAnimator.java:123)
12-09 08:08:19.722 W/WindowAnimator( 1592): 	at android.view.Choreographer$CallbackRecord.run(Choreographer.java:856)
12-09 08:08:19.722 W/WindowAnimator( 1592): 	at android.view.Choreographer.doCallbacks(Choreographer.java:670)
12-09 08:08:19.722 W/WindowAnimator( 1592): 	at android.view.Choreographer.doFrame(Choreographer.java:603)
12-09 08:08:19.722 W/WindowAnimator( 1592): 	at android.view.Choreographer$FrameDisplayEventReceiver.run(Choreographer.java:844)
12-09 08:08:19.722 W/WindowAnimator( 1592): 	at android.os.Handler.handleCallback(Handler.java:739)
12-09 08:08:19.722 W/WindowAnimator( 1592): 	at android.os.Handler.dispatchMessage(Handler.java:95)
12-09 08:08:19.722 W/WindowAnimator( 1592): 	at android.os.Looper.loop(Looper.java:148)
12-09 08:08:19.722 W/WindowAnimator( 1592): 	at android.os.HandlerThread.run(HandlerThread.java:61)
12-09 08:08:19.722 W/WindowAnimator( 1592): 	at com.android.server.ServiceThread.run(ServiceThread.java:46)
12-09 08:08:19.725 W/art     ( 1592): Long monitor contention event with owner method=void com.android.server.wm.WindowAnimator$1.doFrame(long) from WindowAnimator.java:121 waiters=1 for 155ms
12-09 08:08:20.029 W/art     ( 1592): Long monitor contention event with owner method=void com.android.server.wm.WindowAnimator$1.doFrame(long) from WindowAnimator.java:121 waiters=1 for 304ms
12-09 08:08:20.029 I/InstrumentationBackend(13718): Added:'SetPreferences', with key:'set_preferences'
12-09 08:08:20.029 I/InstrumentationBackend(13718): Added:'ClearPreferences', with key:'clear_preferences'
12-09 08:08:20.029 I/InstrumentationBackend(13718): Added:'PressElement', with key:'press_l10n_element'
12-09 08:08:20.030 I/InstrumentationBackend(13718): Added:'WaitForElement', with key:'wait_for_l10n_element'
12-09 08:08:20.030 I/InstrumentationBackend(13718): Added:'NullAction', with key:'nullAction'
12-09 08:08:20.030 I/InstrumentationBackend(13718): Added:'PressKey', with key:'press_key'
12-09 08:08:20.030 I/InstrumentationBackend(13718): Added:'SetActivityOrientation', with key:'set_activity_orientation'
12-09 08:08:20.031 I/InstrumentationBackend(13718): Added:'GetActivityOrientation', with key:'get_activity_orientation'
12-09 08:08:20.031 I/InstrumentationBackend(13718): Added:'FakeGPSLocation', with key:'set_gps_coordinates'
12-09 08:08:20.031 I/InstrumentationBackend(13718): Added:'SetPropertyByCssSelector', with key:'set_property_by_css_selector'
12-09 08:08:20.031 I/InstrumentationBackend(13718): Added:'GetUrl', with key:'get_url'
12-09 08:08:20.032 I/InstrumentationBackend(13718): Added:'ScrollTo', with key:'scroll_to'
12-09 08:08:20.032 I/InstrumentationBackend(13718): Added:'GetLoadProgress', with key:'get_load_progress'
12-09 08:08:20.043 I/InstrumentationBackend(13718): Added:'DumpHtml', with key:'dump_html'
12-09 08:08:20.043 I/InstrumentationBackend(13718): Added:'DumpBodyHtml', with key:'dump_body_html'
12-09 08:08:20.043 I/InstrumentationBackend(13718): Added:'EnterTextByCssSelector', with key:'enter_text_by_selector'
12-09 08:08:20.108 I/art     (13718): Background partial concurrent mark sweep GC freed 4031(380KB) AllocSpace objects, 0(0B) LOS objects, 51% free, 964KB/1988KB, paused 1.864ms total 325.922ms
12-09 08:08:20.110 I/InstrumentationBackend(13718): Added:'AndroidSDKVersion', with key:'android_sdk_version'
12-09 08:08:20.111 I/InstrumentationBackend(13718): Added:'Version', with key:'version'
12-09 08:08:20.111 I/InstrumentationBackend(13718): Added:'Drag', with key:'drag'
12-09 08:08:20.111 I/InstrumentationBackend(13718): Added:'TouchCoordinates', with key:'touch_coordinate'
12-09 08:08:20.111 I/InstrumentationBackend(13718): Added:'LongPressCoordinate', with key:'long_press_coordinate'
12-09 08:08:20.111 I/InstrumentationBackend(13718): Added:'DragCoordinates', with key:'drag_coordinates'
12-09 08:08:20.111 I/InstrumentationBackend(13718): Added:'ResumeApplication', with key:'resume_application'
12-09 08:08:20.112 I/InstrumentationBackend(13718): Added:'Swipe', with key:'swipe'
12-09 08:08:20.112 I/InstrumentationBackend(13718): Added:'DoubleTapCoordinate', with key:'double_tap_coordinate'
12-09 08:08:20.112 I/InstrumentationBackend(13718): Added:'ClickOnScreen', with key:'click_on_screen'
12-09 08:08:20.112 I/InstrumentationBackend(13718): Added:'GetActivityName', with key:'get_activity_name'
12-09 08:08:20.118 I/InstrumentationBackend(13718): Added:'ScrollToView', with key:'scroll_to_view'
12-09 08:08:20.121 I/InstrumentationBackend(13718): Added:'ViewConfiguration', with key:'view_configuration'
12-09 08:08:20.121 I/InstrumentationBackend(13718): Added:'IsCurrentActivityFocused', with key:'is_current_activity_focused'
12-09 08:08:20.121 I/InstrumentationBackend(13718): Added:'SendTcp', with key:'send_tcp'
12-09 08:08:20.121 I/InstrumentationBackend(13718): Added:'DpToDevicePixel', with key:'dp_to_device_pixel'
12-09 08:08:20.122 I/InstrumentationBackend(13718): Added:'KeyboardEnterText', with key:'keyboard_enter_text'
12-09 08:08:20.122 I/InstrumentationBackend(13718): Added:'DeleteSurroundingText', with key:'delete_surrounding_text'
12-09 08:08:20.122 I/InstrumentationBackend(13718): Added:'SetComposingRegion', with key:'set_composing_region'
12-09 08:08:20.122 I/InstrumentationBackend(13718): Added:'SetSelection', with key:'set_selection'
12-09 08:08:20.122 I/InstrumentationBackend(13718): Added:'KeyboardKeyEvent', with key:'keyboard_key_event'
12-09 08:08:20.123 I/InstrumentationBackend(13718): Added:'PressUserActionButton', with key:'press_user_action_button'
12-09 08:08:20.123 I/InstrumentationBackend(13718): Added:'HideSoftKeyboard', with key:'hide_soft_keyboard'
12-09 08:08:20.123 I/InstrumentationBackend(13718): Added:'ListActions', with key:'list_actions'
12-09 08:08:20.137 I/calabash(13718): Instantiating http server at 7102
12-09 08:08:20.138 I/System.out(13718): HTTP Daemon listening on: 7102
12-09 08:08:20.201 W/art     ( 1592): Long monitor contention event with owner method=void com.android.server.wm.WindowManagerService$H.handleMessage(android.os.Message) from WindowManagerService.java:7820 waiters=1 for 172ms
12-09 08:08:20.249 I/System.out(13718): URI: //ping
12-09 08:08:20.250 I/System.out(13718): params: {json={}
12-09 08:08:20.250 I/System.out(13718): }
12-09 08:08:20.374 W/art     ( 1592): Long monitor contention event with owner method=void com.android.server.wm.WindowAnimator$1.doFrame(long) from WindowAnimator.java:121 waiters=1 for 340ms
12-09 08:08:20.422 I/System.out(13718): URI: //ping
12-09 08:08:20.422 I/System.out(13718): params: {json={}
12-09 08:08:20.422 I/System.out(13718): }
12-09 08:08:20.490 W/art     ( 1592): Long monitor contention event with owner method=void com.android.server.wm.WindowAnimator$1.doFrame(long) from WindowAnimator.java:121 waiters=1 for 289ms
12-09 08:08:20.493 I/System.out(13718): URI: //ready
12-09 08:08:20.493 I/System.out(13718): params: {json={}
12-09 08:08:20.493 I/System.out(13718): }
12-09 08:08:20.569 I/System.out(13718): URI: //
12-09 08:08:20.569 I/System.out(13718): params: {json={"command":"version","arguments":[]}
12-09 08:08:20.569 I/System.out(13718): }
12-09 08:08:20.570 I/System.out(13718): header: {date=Sun, 09 Dec 2018 08:08:20 GMT, accept=*/*, content-length=36, host=127.0.0.1:34777, user-agent=HTTPClient/1.0 (2.8.3, ruby 2.3.1 (2016-04-26)), content-type=application/json;charset=utf-8}
12-09 08:08:20.570 I/System.out(13718): params: {json={"command":"version","arguments":[]}
12-09 08:08:20.570 I/System.out(13718): }
12-09 08:08:20.570 I/System.out(13718): ProP json = {"command":"version","arguments":[]}
12-09 08:08:20.570 I/System.out(13718): files: {}
12-09 08:08:20.570 I/System.out(13718): command: {"command":"version","arguments":[]}
12-09 08:08:20.598 I/InstrumentationBackend(13718): Got command:'Command:'Line:null,version', arguments:'[]'
12-09 08:08:20.698 W/art     ( 1592): Long monitor contention event with owner method=void com.android.server.wm.WindowAnimator$1.doFrame(long) from WindowAnimator.java:121 waiters=1 for 324ms
12-09 08:08:20.712 I/art     (13718): Background sticky concurrent mark sweep GC freed 8334(587KB) AllocSpace objects, 11(220KB) LOS objects, 33% free, 1330KB/1988KB, paused 62.965ms total 100.524ms
12-09 08:08:20.724 I/System.out(13718): result:{"bonusInformation":[],"message":"0.9.8","success":true}
12-09 08:08:20.757 I/System.out(13718): URI: //start-application
12-09 08:08:20.757 I/System.out(13718): params: {json={"intent":null}
12-09 08:08:20.757 I/System.out(13718): }
12-09 08:08:20.978 W/art     ( 1592): Long monitor contention event with owner method=void com.android.server.wm.WindowAnimator$1.doFrame(long) from WindowAnimator.java:121 waiters=1 for 280ms
12-09 08:08:21.106 W/art     ( 1592): Long monitor contention event with owner method=void com.android.server.wm.WindowAnimator$1.doFrame(long) from WindowAnimator.java:121 waiters=1 for 300ms
12-09 08:08:21.262 W/art     ( 1592): Long monitor contention event with owner method=void com.android.server.wm.WindowAnimator$1.doFrame(long) from WindowAnimator.java:121 waiters=2 for 430ms
12-09 08:08:21.574 W/art     ( 1592): Long monitor contention event with owner method=void com.android.server.wm.WindowAnimator$1.doFrame(long) from WindowAnimator.java:121 waiters=2 for 468ms
12-09 08:08:21.575 I/Choreographer( 1949): Skipped 136 frames!  The application may be doing too much work on its main thread.
12-09 08:08:21.590 I/ActivityManager( 1592): START u0 {act=android.intent.action.MAIN cat=[android.intent.category.LAUNCHER] flg=0x10200000 cmp=com.evancharlton.mileage/.Mileage} from uid 10133 on display 0
12-09 08:08:21.592 W/OpenGLRenderer( 1949): Incorrectly called buildLayer on View: ShortcutAndWidgetContainer, destroying layer...
12-09 08:08:21.816 W/WindowState( 1592): Failed to report 'resized' to the client of Window{4a81614 u0 com.evancharlton.mileage/com.evancharlton.mileage.Mileage EXITING}, removing this window.
12-09 08:08:21.817 W/art     ( 1592): Long monitor contention event with owner method=void com.android.server.wm.WindowAnimator$1.doFrame(long) from WindowAnimator.java:121 waiters=1 for 203ms
12-09 08:08:21.820 W/art     ( 1592): Long monitor contention event with owner method=void com.android.server.wm.WindowAnimator$1.doFrame(long) from WindowAnimator.java:121 waiters=2 for 205ms
12-09 08:08:21.834 E/WindowState( 1592): getStack: Window{4a81614 u0 com.evancharlton.mileage/com.evancharlton.mileage.Mileage EXITING} couldn't find task for AppWindowToken{dd6c5a token=Token{edbea6f ActivityRecord{5a6094e u0 com.evancharlton.mileage/.Mileage t435}}} Callers=com.android.server.wm.WindowState.getDisplayContent:847 com.android.server.wm.WindowState.getWindowList:1457 com.android.server.wm.WindowManagerService.findDesiredInputMethodWindowIndexLocked:1464 com.android.server.wm.WindowManagerService.moveInputMethodWindowsIfNeededLocked:1684 
12-09 08:08:21.835 W/art     ( 1592): Long monitor contention event with owner method=int com.android.server.am.ActivityStackSupervisor.startActivityMayWait(android.app.IApplicationThread, int, java.lang.String, android.content.Intent, java.lang.String, android.service.voice.IVoiceInteractionSession, com.android.internal.app.IVoiceInteractor, android.os.IBinder, java.lang.String, int, int, android.app.ProfilerInfo, android.app.IActivityManager$WaitResult, android.content.res.Configuration, android.os.Bundle, boolean, int, android.app.IActivityContainer, com.android.server.am.TaskRecord) from ActivityStackSupervisor.java:946 waiters=0 for 243ms
12-09 08:08:22.026 D/gralloc_ranchu( 1218): gralloc_alloc: Creating ashmem region of size 3686400
12-09 08:08:22.029 W/art     ( 1592): Long monitor contention event with owner method=int com.android.server.wm.WindowManagerService.relayoutWindow(com.android.server.wm.Session, android.view.IWindow, int, android.view.WindowManager$LayoutParams, int, int, int, int, android.graphics.Rect, android.graphics.Rect, android.graphics.Rect, android.graphics.Rect, android.graphics.Rect, android.graphics.Rect, android.content.res.Configuration, android.view.Surface) from WindowManagerService.java:3103 waiters=0 for 179ms
12-09 08:08:22.050 I/calabash(13718): newActivity1
12-09 08:08:22.076 I/calabash(13718): newActivity1
12-09 08:08:22.090 W/ActivityManager( 1592): Bad activity token: android.os.BinderProxy@de371d1
12-09 08:08:22.090 W/ActivityManager( 1592): java.lang.ClassCastException: android.os.BinderProxy cannot be cast to com.android.server.am.ActivityRecord$Token
12-09 08:08:22.090 W/ActivityManager( 1592): 	at com.android.server.am.ActivityRecord.forTokenLocked(ActivityRecord.java:424)
12-09 08:08:22.090 W/ActivityManager( 1592): 	at com.android.server.am.ActivityRecord.isInStackLocked(ActivityRecord.java:1121)
12-09 08:08:22.090 W/ActivityManager( 1592): 	at com.android.server.am.ActivityRecord.getStackLocked(ActivityRecord.java:1126)
12-09 08:08:22.090 W/ActivityManager( 1592): 	at com.android.server.am.ActivityManagerService.getActivityDisplayId(ActivityManagerService.java:8889)
12-09 08:08:22.090 W/ActivityManager( 1592): 	at android.app.ActivityManagerNative.onTransact(ActivityManagerNative.java:2338)
12-09 08:08:22.090 W/ActivityManager( 1592): 	at com.android.server.am.ActivityManagerService.onTransact(ActivityManagerService.java:2443)
12-09 08:08:22.090 W/ActivityManager( 1592): 	at android.os.Binder.execTransact(Binder.java:453)
12-09 08:08:22.091 W/ActivityManager( 1592): Bad activity token: android.os.BinderProxy@de371d1
12-09 08:08:22.091 W/ActivityManager( 1592): java.lang.ClassCastException: android.os.BinderProxy cannot be cast to com.android.server.am.ActivityRecord$Token
12-09 08:08:22.091 W/ActivityManager( 1592): 	at com.android.server.am.ActivityRecord.forTokenLocked(ActivityRecord.java:424)
12-09 08:08:22.091 W/ActivityManager( 1592): 	at com.android.server.am.ActivityRecord.isInStackLocked(ActivityRecord.java:1121)
12-09 08:08:22.091 W/ActivityManager( 1592): 	at com.android.server.am.ActivityManagerService.setTaskDescription(ActivityManagerService.java:8547)
12-09 08:08:22.091 W/ActivityManager( 1592): 	at android.app.ActivityManagerNative.onTransact(ActivityManagerNative.java:2410)
12-09 08:08:22.091 W/ActivityManager( 1592): 	at com.android.server.am.ActivityManagerService.onTransact(ActivityManagerService.java:2443)
12-09 08:08:22.091 W/ActivityManager( 1592): 	at android.os.Binder.execTransact(Binder.java:453)
12-09 08:08:22.169 I/art     (13718): Background sticky concurrent mark sweep GC freed 1482(194KB) AllocSpace objects, 0(0B) LOS objects, 16% free, 1651KB/1988KB, paused 16.369ms total 60.979ms
12-09 08:08:22.207 V/PhoneStatusBar( 3052): setLightsOn(true)
12-09 08:08:22.309 D/EGL_emulation( 1949): eglMakeCurrent: 0x7f45d5621d20: ver 2 0 (tinfo 0x7f45d56028e0)
12-09 08:08:22.310 E/Surface ( 1949): getSlotFromBufferLocked: unknown buffer: 0x7f45d1c29d00
12-09 08:08:22.328 W/ActivityManager( 1592): Bad activity token: android.os.BinderProxy@de371d1
12-09 08:08:22.328 W/ActivityManager( 1592): java.lang.ClassCastException: android.os.BinderProxy cannot be cast to com.android.server.am.ActivityRecord$Token
12-09 08:08:22.328 W/ActivityManager( 1592): 	at com.android.server.am.ActivityRecord.forTokenLocked(ActivityRecord.java:424)
12-09 08:08:22.328 W/ActivityManager( 1592): 	at com.android.server.am.ActivityRecord.isInStackLocked(ActivityRecord.java:1121)
12-09 08:08:22.328 W/ActivityManager( 1592): 	at com.android.server.am.ActivityManagerService.getActivityOptions(ActivityManagerService.java:11038)
12-09 08:08:22.328 W/ActivityManager( 1592): 	at android.app.ActivityManagerNative.onTransact(ActivityManagerNative.java:1734)
12-09 08:08:22.328 W/ActivityManager( 1592): 	at com.android.server.am.ActivityManagerService.onTransact(ActivityManagerService.java:2443)
12-09 08:08:22.328 W/ActivityManager( 1592): 	at android.os.Binder.execTransact(Binder.java:453)
12-09 08:08:22.345 W/ActivityManager( 1592): Bad activity token: android.os.BinderProxy@de371d1
12-09 08:08:22.345 W/ActivityManager( 1592): java.lang.ClassCastException: android.os.BinderProxy cannot be cast to com.android.server.am.ActivityRecord$Token
12-09 08:08:22.345 W/ActivityManager( 1592): 	at com.android.server.am.ActivityRecord.forTokenLocked(ActivityRecord.java:424)
12-09 08:08:22.345 W/ActivityManager( 1592): 	at com.android.server.am.ActivityRecord.isInStackLocked(ActivityRecord.java:1121)
12-09 08:08:22.345 W/ActivityManager( 1592): 	at com.android.server.am.ActivityManagerService.getActivityOptions(ActivityManagerService.java:11038)
12-09 08:08:22.345 W/ActivityManager( 1592): 	at android.app.ActivityManagerNative.onTransact(ActivityManagerNative.java:1734)
12-09 08:08:22.345 W/ActivityManager( 1592): 	at com.android.server.am.ActivityManagerService.onTransact(ActivityManagerService.java:2443)
12-09 08:08:22.345 W/ActivityManager( 1592): 	at android.os.Binder.execTransact(Binder.java:453)
12-09 08:08:22.390 I/art     (13718): Background sticky concurrent mark sweep GC freed 362(114KB) AllocSpace objects, 0(0B) LOS objects, 2% free, 1936KB/1988KB, paused 7.057ms total 70.885ms
12-09 08:08:22.521 I/art     (13718): Background sticky concurrent mark sweep GC freed 46(22KB) AllocSpace objects, 0(0B) LOS objects, 0% free, 1996KB/1996KB, paused 1.056ms total 106.084ms
12-09 08:08:22.524 W/art     ( 1592): Long monitor contention event with owner method=void com.android.server.wm.WindowAnimator$1.doFrame(long) from WindowAnimator.java:121 waiters=0 for 171ms
12-09 08:08:22.632 I/art     (13718): Background partial concurrent mark sweep GC freed 2834(194KB) AllocSpace objects, 2(40KB) LOS objects, 40% free, 1845KB/3MB, paused 34.737ms total 97.158ms
12-09 08:08:23.509 D/gralloc_ranchu( 1218): gralloc_alloc: Creating ashmem region of size 3686400
12-09 08:08:23.538 D/        (13718): HostConnection::get() New Host Connection established 0x7f45d3586500, tid 13718
12-09 08:08:23.609 I/ActivityManager( 1592): Displayed com.evancharlton.mileage/.Mileage: +1s772ms
12-09 08:08:23.637 D/gralloc_ranchu( 1218): gralloc_alloc: Creating ashmem region of size 3686400
12-09 08:08:24.517 D/gralloc_ranchu( 1218): gralloc_alloc: Creating ashmem region of size 3686400
12-09 08:08:25.265 I/System.out(13718): URI: //map
12-09 08:08:25.265 I/System.out(13718): params: {json={"query":"android.widget.EditText id:'price'","operation":{"method_name":"query","arguments":[]}}
12-09 08:08:25.265 I/System.out(13718): }
12-09 08:08:25.351 W/ResourceType(13718): No package identifier when getting name for resource number 0x00000001
12-09 08:08:25.405 I/UsageStatsService( 1592): User[0] Flushing usage stats to disk
12-09 08:08:25.445 I/System.out(13718): URI: //gesture
12-09 08:08:25.445 I/System.out(13718): params: {json={"query_timeout":5.0,"gestures":[{"query_string":"android.widget.EditText id:'price'","touches":[{"x":50,"y":50,"offset_x":0,"offset_y":0,"wait":0.0,"time":0.2,"release":true,"query_string":null}]}]}
12-09 08:08:25.445 I/System.out(13718): }
12-09 08:08:25.488 I/art     (13718): Background sticky concurrent mark sweep GC freed 11710(502KB) AllocSpace objects, 1(20KB) LOS objects, 20% free, 2MB/3MB, paused 5.587ms total 28.269ms
12-09 08:08:25.491 W/ResourceType(13718): No package identifier when getting name for resource number 0x00000001
12-09 08:08:25.850 I/LatinIME( 1877): Starting input. Cursor position = 0,0
12-09 08:08:25.896 W/art     (13718): Suspending all threads took: 31.443ms
12-09 08:08:26.025 I/art     (13718): Background sticky concurrent mark sweep GC freed 32460(1500KB) AllocSpace objects, 0(0B) LOS objects, 17% free, 2MB/3MB, paused 41.273ms total 194.533ms
12-09 08:08:26.354 I/art     ( 1877): Background partial concurrent mark sweep GC freed 5271(426KB) AllocSpace objects, 3(60KB) LOS objects, 40% free, 2MB/3MB, paused 1.193ms total 171.497ms
12-09 08:08:26.453 D/EGL_emulation( 1877): eglMakeCurrent: 0x7f45c9d44b20: ver 2 0 (tinfo 0x7f45c9dbd4a0)
12-09 08:08:26.511 I/System.out(13718): URI: //
12-09 08:08:26.511 I/System.out(13718): params: {json={"command":"set_selection","arguments":[-1,-1]}
12-09 08:08:26.511 I/System.out(13718): }
12-09 08:08:26.511 I/System.out(13718): header: {date=Sun, 09 Dec 2018 08:08:26 GMT, accept=*/*, content-length=47, host=127.0.0.1:34777, user-agent=HTTPClient/1.0 (2.8.3, ruby 2.3.1 (2016-04-26)), content-type=application/json;charset=utf-8}
12-09 08:08:26.511 I/System.out(13718): params: {json={"command":"set_selection","arguments":[-1,-1]}
12-09 08:08:26.511 I/System.out(13718): }
12-09 08:08:26.511 I/System.out(13718): ProP json = {"command":"set_selection","arguments":[-1,-1]}
12-09 08:08:26.511 I/System.out(13718): files: {}
12-09 08:08:26.511 I/System.out(13718): command: {"command":"set_selection","arguments":[-1,-1]}
12-09 08:08:26.586 I/InstrumentationBackend(13718): Got command:'Command:'Line:null,set_selection', arguments:'[-1, -1]'
12-09 08:08:26.678 I/System.out(13718): result:{"bonusInformation":[],"message":"","success":true}
12-09 08:08:26.947 I/System.out(13718): URI: //
12-09 08:08:26.947 I/System.out(13718): params: {json={"command":"keyboard_enter_text","arguments":["23"]}
12-09 08:08:26.947 I/System.out(13718): }
12-09 08:08:26.947 I/System.out(13718): header: {date=Sun, 09 Dec 2018 08:08:27 GMT, accept=*/*, content-length=52, host=127.0.0.1:34777, user-agent=HTTPClient/1.0 (2.8.3, ruby 2.3.1 (2016-04-26)), content-type=application/json;charset=utf-8}
12-09 08:08:26.947 I/System.out(13718): params: {json={"command":"keyboard_enter_text","arguments":["23"]}
12-09 08:08:26.947 I/System.out(13718): }
12-09 08:08:26.947 I/System.out(13718): ProP json = {"command":"keyboard_enter_text","arguments":["23"]}
12-09 08:08:26.947 I/System.out(13718): files: {}
12-09 08:08:26.947 I/System.out(13718): command: {"command":"keyboard_enter_text","arguments":["23"]}
12-09 08:08:26.950 I/InstrumentationBackend(13718): Got command:'Command:'Line:null,keyboard_enter_text', arguments:'[23]'
12-09 08:08:26.993 E/SpannableStringBuilder(13718): SPAN_EXCLUSIVE_EXCLUSIVE spans cannot have a zero length
12-09 08:08:26.994 E/SpannableStringBuilder(13718): SPAN_EXCLUSIVE_EXCLUSIVE spans cannot have a zero length
12-09 08:08:27.268 W/art     ( 1592): Long monitor contention event with owner method=void com.android.server.wm.WindowAnimator$1.doFrame(long) from WindowAnimator.java:121 waiters=0 for 160ms
12-09 08:08:27.375 E/SpannableStringBuilder(13718): SPAN_EXCLUSIVE_EXCLUSIVE spans cannot have a zero length
12-09 08:08:27.375 E/SpannableStringBuilder(13718): SPAN_EXCLUSIVE_EXCLUSIVE spans cannot have a zero length
12-09 08:08:27.395 I/System.out(13718): result:{"bonusInformation":[],"message":"","success":true}
12-09 08:08:27.713 I/art     (13718): Background sticky concurrent mark sweep GC freed 13211(575KB) AllocSpace objects, 3(60KB) LOS objects, 10% free, 2MB/3MB, paused 14.478ms total 306.180ms
12-09 08:08:27.911 E/SurfaceFlinger( 1218): ro.sf.lcd_density must be defined as a build property
12-09 08:08:27.977 D/gralloc_ranchu( 1218): gralloc_alloc: Creating ashmem region of size 3686400
12-09 08:08:28.015 D/        (13750): HostConnection::get() New Host Connection established 0x7fe786712480, tid 13750
12-09 08:08:28.083 E/EGL_emulation( 1218): tid 1218: eglCreateSyncKHR(1881): error 0x3004 (EGL_BAD_ATTRIBUTE)
12-09 08:08:29.077 I/System.out(13718): URI: //map
12-09 08:08:29.077 I/System.out(13718): params: {json={"query":"android.widget.EditText id:'volume'","operation":{"method_name":"query","arguments":[]}}
12-09 08:08:29.077 I/System.out(13718): }
12-09 08:08:29.089 I/art     (13718): WaitForGcToComplete blocked for 11.008ms for cause Background
12-09 08:08:29.154 W/ResourceType(13718): No package identifier when getting name for resource number 0x00000001
12-09 08:08:29.249 I/System.out(13718): URI: //gesture
12-09 08:08:29.249 I/System.out(13718): params: {json={"query_timeout":5.0,"gestures":[{"query_string":"android.widget.EditText id:'volume'","touches":[{"x":50,"y":50,"offset_x":0,"offset_y":0,"wait":0.0,"time":0.2,"release":true,"query_string":null}]}]}
12-09 08:08:29.249 I/System.out(13718): }
12-09 08:08:29.267 W/ResourceType(13718): No package identifier when getting name for resource number 0x00000001
12-09 08:08:29.530 I/LatinIME( 1877): Starting input. Cursor position = 0,0
12-09 08:08:29.634 I/art     (13718): Background partial concurrent mark sweep GC freed 33824(1956KB) AllocSpace objects, 7(140KB) LOS objects, 40% free, 2MB/3MB, paused 6.164ms total 54.402ms
12-09 08:08:30.245 I/System.out(13718): URI: //
12-09 08:08:30.245 I/System.out(13718): params: {json={"command":"set_selection","arguments":[-1,-1]}
12-09 08:08:30.245 I/System.out(13718): }
12-09 08:08:30.245 I/System.out(13718): header: {date=Sun, 09 Dec 2018 08:08:30 GMT, accept=*/*, content-length=47, host=127.0.0.1:34777, user-agent=HTTPClient/1.0 (2.8.3, ruby 2.3.1 (2016-04-26)), content-type=application/json;charset=utf-8}
12-09 08:08:30.245 I/System.out(13718): params: {json={"command":"set_selection","arguments":[-1,-1]}
12-09 08:08:30.245 I/System.out(13718): }
12-09 08:08:30.245 I/System.out(13718): ProP json = {"command":"set_selection","arguments":[-1,-1]}
12-09 08:08:30.246 I/System.out(13718): files: {}
12-09 08:08:30.246 I/System.out(13718): command: {"command":"set_selection","arguments":[-1,-1]}
12-09 08:08:30.247 I/InstrumentationBackend(13718): Got command:'Command:'Line:null,set_selection', arguments:'[-1, -1]'
12-09 08:08:30.273 I/System.out(13718): result:{"bonusInformation":[],"message":"","success":true}
12-09 08:08:30.473 I/System.out(13718): URI: //
12-09 08:08:30.473 I/System.out(13718): params: {json={"command":"keyboard_enter_text","arguments":["49"]}
12-09 08:08:30.473 I/System.out(13718): }
12-09 08:08:30.473 I/System.out(13718): header: {date=Sun, 09 Dec 2018 08:08:30 GMT, accept=*/*, content-length=52, host=127.0.0.1:34777, user-agent=HTTPClient/1.0 (2.8.3, ruby 2.3.1 (2016-04-26)), content-type=application/json;charset=utf-8}
12-09 08:08:30.473 I/System.out(13718): params: {json={"command":"keyboard_enter_text","arguments":["49"]}
12-09 08:08:30.473 I/System.out(13718): }
12-09 08:08:30.474 I/System.out(13718): ProP json = {"command":"keyboard_enter_text","arguments":["49"]}
12-09 08:08:30.474 I/System.out(13718): files: {}
12-09 08:08:30.474 I/System.out(13718): command: {"command":"keyboard_enter_text","arguments":["49"]}
12-09 08:08:30.475 I/InstrumentationBackend(13718): Got command:'Command:'Line:null,keyboard_enter_text', arguments:'[49]'
12-09 08:08:30.475 E/SpannableStringBuilder(13718): SPAN_EXCLUSIVE_EXCLUSIVE spans cannot have a zero length
12-09 08:08:30.475 E/SpannableStringBuilder(13718): SPAN_EXCLUSIVE_EXCLUSIVE spans cannot have a zero length
12-09 08:08:30.478 E/SpannableStringBuilder(13718): SPAN_EXCLUSIVE_EXCLUSIVE spans cannot have a zero length
12-09 08:08:30.478 E/SpannableStringBuilder(13718): SPAN_EXCLUSIVE_EXCLUSIVE spans cannot have a zero length
12-09 08:08:30.502 I/System.out(13718): result:{"bonusInformation":[],"message":"","success":true}
12-09 08:08:31.099 E/SurfaceFlinger( 1218): ro.sf.lcd_density must be defined as a build property
12-09 08:08:31.100 D/gralloc_ranchu( 1218): gralloc_alloc: Creating ashmem region of size 3686400
12-09 08:08:31.126 D/        (13760): HostConnection::get() New Host Connection established 0x7f78252d2480, tid 13760
12-09 08:08:31.149 E/EGL_emulation( 1218): tid 1218: eglCreateSyncKHR(1881): error 0x3004 (EGL_BAD_ATTRIBUTE)
12-09 08:08:31.937 I/System.out(13718): URI: //map
12-09 08:08:31.937 I/System.out(13718): params: {json={"query":"android.widget.EditText id:'odometer'","operation":{"method_name":"query","arguments":[]}}
12-09 08:08:31.937 I/System.out(13718): }
12-09 08:08:31.977 W/ResourceType(13718): No package identifier when getting name for resource number 0x00000001
12-09 08:08:32.187 I/System.out(13718): URI: //gesture
12-09 08:08:32.187 I/System.out(13718): params: {json={"query_timeout":5.0,"gestures":[{"query_string":"android.widget.EditText id:'odometer'","touches":[{"x":50,"y":50,"offset_x":0,"offset_y":0,"wait":0.0,"time":0.2,"release":true,"query_string":null}]}]}
12-09 08:08:32.187 I/System.out(13718): }
12-09 08:08:32.201 I/art     (13718): Background sticky concurrent mark sweep GC freed 45486(2MB) AllocSpace objects, 4(80KB) LOS objects, 22% free, 2MB/3MB, paused 1.102ms total 183.494ms
12-09 08:08:32.213 W/ResourceType(13718): No package identifier when getting name for resource number 0x00000001
12-09 08:08:32.603 I/LatinIME( 1877): Starting input. Cursor position = 0,0
12-09 08:08:32.732 I/art     (13718): Background sticky concurrent mark sweep GC freed 26115(1085KB) AllocSpace objects, 1(20KB) LOS objects, 9% free, 3MB/3MB, paused 13.539ms total 71.362ms
12-09 08:08:33.305 I/System.out(13718): URI: //
12-09 08:08:33.305 I/System.out(13718): params: {json={"command":"set_selection","arguments":[-1,-1]}
12-09 08:08:33.305 I/System.out(13718): }
12-09 08:08:33.305 I/System.out(13718): header: {date=Sun, 09 Dec 2018 08:08:33 GMT, accept=*/*, content-length=47, host=127.0.0.1:34777, user-agent=HTTPClient/1.0 (2.8.3, ruby 2.3.1 (2016-04-26)), content-type=application/json;charset=utf-8}
12-09 08:08:33.305 I/System.out(13718): params: {json={"command":"set_selection","arguments":[-1,-1]}
12-09 08:08:33.305 I/System.out(13718): }
12-09 08:08:33.305 I/System.out(13718): ProP json = {"command":"set_selection","arguments":[-1,-1]}
12-09 08:08:33.305 I/System.out(13718): files: {}
12-09 08:08:33.305 I/System.out(13718): command: {"command":"set_selection","arguments":[-1,-1]}
12-09 08:08:33.306 I/InstrumentationBackend(13718): Got command:'Command:'Line:null,set_selection', arguments:'[-1, -1]'
12-09 08:08:33.319 I/System.out(13718): result:{"bonusInformation":[],"message":"","success":true}
12-09 08:08:33.490 I/System.out(13718): URI: //
12-09 08:08:33.490 I/System.out(13718): params: {json={"command":"keyboard_enter_text","arguments":["12"]}
12-09 08:08:33.491 I/System.out(13718): }
12-09 08:08:33.491 I/System.out(13718): header: {date=Sun, 09 Dec 2018 08:08:33 GMT, accept=*/*, content-length=52, host=127.0.0.1:34777, user-agent=HTTPClient/1.0 (2.8.3, ruby 2.3.1 (2016-04-26)), content-type=application/json;charset=utf-8}
12-09 08:08:33.491 I/System.out(13718): params: {json={"command":"keyboard_enter_text","arguments":["12"]}
12-09 08:08:33.491 I/System.out(13718): }
12-09 08:08:33.491 I/System.out(13718): ProP json = {"command":"keyboard_enter_text","arguments":["12"]}
12-09 08:08:33.491 I/System.out(13718): files: {}
12-09 08:08:33.491 I/System.out(13718): command: {"command":"keyboard_enter_text","arguments":["12"]}
12-09 08:08:33.492 I/InstrumentationBackend(13718): Got command:'Command:'Line:null,keyboard_enter_text', arguments:'[12]'
12-09 08:08:33.492 E/SpannableStringBuilder(13718): SPAN_EXCLUSIVE_EXCLUSIVE spans cannot have a zero length
12-09 08:08:33.493 E/SpannableStringBuilder(13718): SPAN_EXCLUSIVE_EXCLUSIVE spans cannot have a zero length
12-09 08:08:33.494 E/SpannableStringBuilder(13718): SPAN_EXCLUSIVE_EXCLUSIVE spans cannot have a zero length
12-09 08:08:33.494 E/SpannableStringBuilder(13718): SPAN_EXCLUSIVE_EXCLUSIVE spans cannot have a zero length
12-09 08:08:33.505 I/System.out(13718): result:{"bonusInformation":[],"message":"","success":true}
12-09 08:08:33.988 E/SurfaceFlinger( 1218): ro.sf.lcd_density must be defined as a build property
12-09 08:08:33.989 D/gralloc_ranchu( 1218): gralloc_alloc: Creating ashmem region of size 3686400
12-09 08:08:34.049 D/        (13770): HostConnection::get() New Host Connection established 0x7fc250e92480, tid 13770
12-09 08:08:34.077 E/EGL_emulation( 1218): tid 1218: eglCreateSyncKHR(1881): error 0x3004 (EGL_BAD_ATTRIBUTE)
12-09 08:08:35.945 I/System.out(13718): URI: //map
12-09 08:08:35.945 I/System.out(13718): params: {json={"query":"android.widget.Button index:2","operation":{"method_name":"query","arguments":[]}}
12-09 08:08:35.945 I/System.out(13718): }
12-09 08:08:36.330 I/System.out(13718): URI: //gesture
12-09 08:08:36.330 I/System.out(13718): params: {json={"query_timeout":5.0,"gestures":[{"query_string":"android.widget.Button index:2","touches":[{"x":50,"y":50,"offset_x":0,"offset_y":0,"wait":0.0,"time":0.2,"release":true,"query_string":null}]}]}
12-09 08:08:36.330 I/System.out(13718): }
12-09 08:08:36.825 W/audio_hw_generic( 1309): Hardware backing HAL too slow, could only write 0 of 661 frames
12-09 08:08:36.833 W/audio_hw_generic( 1309): Hardware backing HAL too slow, could only write 0 of 661 frames
12-09 08:08:36.846 W/audio_hw_generic( 1309): Hardware backing HAL too slow, could only write 0 of 661 frames
12-09 08:08:36.866 I/art     (13718): Background sticky concurrent mark sweep GC freed 47580(2008KB) AllocSpace objects, 1(20KB) LOS objects, 19% free, 3MB/3MB, paused 1.288ms total 128.686ms
12-09 08:08:36.987 I/calabash(13718): newActivity1
12-09 08:08:36.987 W/ActivityManager( 1592): Bad activity token: android.os.BinderProxy@833f11f
12-09 08:08:36.987 W/ActivityManager( 1592): java.lang.ClassCastException: android.os.BinderProxy cannot be cast to com.android.server.am.ActivityRecord$Token
12-09 08:08:36.987 W/ActivityManager( 1592): 	at com.android.server.am.ActivityRecord.forTokenLocked(ActivityRecord.java:424)
12-09 08:08:36.987 W/ActivityManager( 1592): 	at com.android.server.am.ActivityRecord.isInStackLocked(ActivityRecord.java:1121)
12-09 08:08:36.987 W/ActivityManager( 1592): 	at com.android.server.am.ActivityRecord.getStackLocked(ActivityRecord.java:1126)
12-09 08:08:36.987 W/ActivityManager( 1592): 	at com.android.server.am.ActivityManagerService.getActivityDisplayId(ActivityManagerService.java:8889)
12-09 08:08:36.987 W/ActivityManager( 1592): 	at android.app.ActivityManagerNative.onTransact(ActivityManagerNative.java:2338)
12-09 08:08:36.987 W/ActivityManager( 1592): 	at com.android.server.am.ActivityManagerService.onTransact(ActivityManagerService.java:2443)
12-09 08:08:36.987 W/ActivityManager( 1592): 	at android.os.Binder.execTransact(Binder.java:453)
12-09 08:08:36.992 W/ActivityManager( 1592): Bad activity token: android.os.BinderProxy@833f11f
12-09 08:08:36.992 W/ActivityManager( 1592): java.lang.ClassCastException: android.os.BinderProxy cannot be cast to com.android.server.am.ActivityRecord$Token
12-09 08:08:36.992 W/ActivityManager( 1592): 	at com.android.server.am.ActivityRecord.forTokenLocked(ActivityRecord.java:424)
12-09 08:08:36.992 W/ActivityManager( 1592): 	at com.android.server.am.ActivityRecord.isInStackLocked(ActivityRecord.java:1121)
12-09 08:08:36.992 W/ActivityManager( 1592): 	at com.android.server.am.ActivityManagerService.setTaskDescription(ActivityManagerService.java:8547)
12-09 08:08:36.992 W/ActivityManager( 1592): 	at android.app.ActivityManagerNative.onTransact(ActivityManagerNative.java:2410)
12-09 08:08:36.992 W/ActivityManager( 1592): 	at com.android.server.am.ActivityManagerService.onTransact(ActivityManagerService.java:2443)
12-09 08:08:36.992 W/ActivityManager( 1592): 	at android.os.Binder.execTransact(Binder.java:453)
12-09 08:08:37.071 W/audio_hw_generic( 1309): Not supplying enough data to HAL, expected position 21071366 , only wrote 21071358
12-09 08:08:37.147 W/audio_hw_generic( 1309): Not supplying enough data to HAL, expected position 21074742 , only wrote 21074663
12-09 08:08:37.195 W/ActivityManager( 1592): Bad activity token: android.os.BinderProxy@833f11f
12-09 08:08:37.195 W/ActivityManager( 1592): java.lang.ClassCastException: android.os.BinderProxy cannot be cast to com.android.server.am.ActivityRecord$Token
12-09 08:08:37.195 W/ActivityManager( 1592): 	at com.android.server.am.ActivityRecord.forTokenLocked(ActivityRecord.java:424)
12-09 08:08:37.195 W/ActivityManager( 1592): 	at com.android.server.am.ActivityRecord.isInStackLocked(ActivityRecord.java:1121)
12-09 08:08:37.195 W/ActivityManager( 1592): 	at com.android.server.am.ActivityManagerService.getActivityOptions(ActivityManagerService.java:11038)
12-09 08:08:37.195 W/ActivityManager( 1592): 	at android.app.ActivityManagerNative.onTransact(ActivityManagerNative.java:1734)
12-09 08:08:37.195 W/ActivityManager( 1592): 	at com.android.server.am.ActivityManagerService.onTransact(ActivityManagerService.java:2443)
12-09 08:08:37.195 W/ActivityManager( 1592): 	at android.os.Binder.execTransact(Binder.java:453)
12-09 08:08:37.195 W/ActivityManager( 1592): Bad activity token: android.os.BinderProxy@833f11f
12-09 08:08:37.195 W/ActivityManager( 1592): java.lang.ClassCastException: android.os.BinderProxy cannot be cast to com.android.server.am.ActivityRecord$Token
12-09 08:08:37.195 W/ActivityManager( 1592): 	at com.android.server.am.ActivityRecord.forTokenLocked(ActivityRecord.java:424)
12-09 08:08:37.195 W/ActivityManager( 1592): 	at com.android.server.am.ActivityRecord.isInStackLocked(ActivityRecord.java:1121)
12-09 08:08:37.195 W/ActivityManager( 1592): 	at com.android.server.am.ActivityManagerService.getActivityOptions(ActivityManagerService.java:11038)
12-09 08:08:37.195 W/ActivityManager( 1592): 	at android.app.ActivityManagerNative.onTransact(ActivityManagerNative.java:1734)
12-09 08:08:37.195 W/ActivityManager( 1592): 	at com.android.server.am.ActivityManagerService.onTransact(ActivityManagerService.java:2443)
12-09 08:08:37.195 W/ActivityManager( 1592): 	at android.os.Binder.execTransact(Binder.java:453)
12-09 08:08:37.250 I/Choreographer(13718): Skipped 31 frames!  The application may be doing too much work on its main thread.
12-09 08:08:37.281 I/LatinIME( 1877): Starting input. Cursor position = -1,-1
12-09 08:08:37.311 E/SurfaceFlinger( 1218): ro.sf.lcd_density must be defined as a build property
