--------- beginning of main
12-09 08:25:58.867 D/AndroidRuntime(16572): >>>>>> START com.android.internal.os.RuntimeInit uid 0 <<<<<<
12-09 08:25:58.872 D/AndroidRuntime(16572): CheckJNI is ON
12-09 08:25:58.885 D/ICU     (16572): No timezone override file found: /data/misc/zoneinfo/current/icu/icu_tzdata.dat
12-09 08:25:59.170 E/memtrack(16572): Couldn't load memtrack module (No such file or directory)
12-09 08:25:59.179 E/android.os.Debug(16572): failed to load memtrack module: -2
12-09 08:25:59.180 I/Radio-JNI(16572): register_android_hardware_Radio DONE
12-09 08:25:59.191 D/AndroidRuntime(16572): Calling main entry com.android.commands.am.Am
--------- beginning of system
12-09 08:25:59.192 I/ActivityManager( 1858): Force stopping com.evancharlton.mileage appid=10135 user=0: start instr
12-09 08:25:59.199 I/ActivityManager( 1858): Killing 16470:com.evancharlton.mileage/u0a135 (adj 0): stop com.evancharlton.mileage
12-09 08:25:59.254 W/InputDispatcher( 1858): channel '9e3c565 com.evancharlton.mileage/com.evancharlton.mileage.Mileage (server)' ~ Consumer closed input channel or an error occurred.  events=0x9
12-09 08:25:59.254 E/InputDispatcher( 1858): channel '9e3c565 com.evancharlton.mileage/com.evancharlton.mileage.Mileage (server)' ~ Channel is unrecoverably broken and will be disposed!
12-09 08:25:59.264 I/WindowState( 1858): WIN DEATH: Window{9e3c565 u0 com.evancharlton.mileage/com.evancharlton.mileage.Mileage}
12-09 08:25:59.264 W/InputDispatcher( 1858): Attempted to unregister already unregistered input channel '9e3c565 com.evancharlton.mileage/com.evancharlton.mileage.Mileage (server)'
12-09 08:26:09.095 W/ActivityManager( 1858): Force removing ActivityRecord{5d5b0fb u0 com.evancharlton.mileage/.Mileage t448}: app died, no saved state
12-09 08:26:09.104 W/ActivityManager( 1858): Crash of app com.evancharlton.mileage running instrumentation ComponentInfo{com.evancharlton.mileage.test/sh.calaba.instrumentationbackend.CalabashInstrumentationTestRunner}
12-09 08:26:09.104 I/ActivityManager( 1858): Force stopping com.evancharlton.mileage appid=10135 user=0: finished inst
12-09 08:26:09.182 I/art     (16581): WaitForGcToComplete blocked for 5.212ms for cause Background
12-09 08:26:09.194 I/ActivityManager( 1858): Start proc 16581:com.evancharlton.mileage/u0a135 for added application com.evancharlton.mileage
12-09 08:26:09.195 W/art     ( 1858): Long monitor contention event with owner method=boolean com.android.server.am.ActivityManagerService.startInstrumentation(android.content.ComponentName, java.lang.String, int, android.os.Bundle, android.app.IInstrumentationWatcher, android.app.IUiAutomationConnection, int, java.lang.String) from ActivityManagerService.java:17066 waiters=0 for 9.942s
12-09 08:26:09.199 W/art     ( 1858): Long monitor contention event with owner method=boolean com.android.server.am.ActivityManagerService.startInstrumentation(android.content.ComponentName, java.lang.String, int, android.os.Bundle, android.app.IInstrumentationWatcher, android.app.IUiAutomationConnection, int, java.lang.String) from ActivityManagerService.java:17066 waiters=1 for 9.942s
12-09 08:26:09.200 W/ActivityManager( 1858): Spurious death for ProcessRecord{a83da45 0:com.evancharlton.mileage/u0a135}, curProc for 16470: null
12-09 08:26:09.200 W/art     ( 1858): Long monitor contention event with owner method=boolean com.android.server.am.ActivityManagerService.startInstrumentation(android.content.ComponentName, java.lang.String, int, android.os.Bundle, android.app.IInstrumentationWatcher, android.app.IUiAutomationConnection, int, java.lang.String) from ActivityManagerService.java:17066 waiters=2 for 9.904s
12-09 08:26:09.201 W/art     ( 1858): Long monitor contention event with owner method=boolean com.android.server.am.ActivityManagerService.startInstrumentation(android.content.ComponentName, java.lang.String, int, android.os.Bundle, android.app.IInstrumentationWatcher, android.app.IUiAutomationConnection, int, java.lang.String) from ActivityManagerService.java:17066 waiters=3 for 9.893s
12-09 08:26:09.201 I/Choreographer( 1858): Skipped 592 frames!  The application may be doing too much work on its main thread.
12-09 08:26:09.202 W/art     ( 1858): Long monitor contention event with owner method=boolean com.android.server.am.ActivityManagerService.startInstrumentation(android.content.ComponentName, java.lang.String, int, android.os.Bundle, android.app.IInstrumentationWatcher, android.app.IUiAutomationConnection, int, java.lang.String) from ActivityManagerService.java:17066 waiters=4 for 9.201s
12-09 08:26:09.216 W/art     ( 1858): Long monitor contention event with owner method=boolean com.android.server.am.ActivityManagerService.startInstrumentation(android.content.ComponentName, java.lang.String, int, android.os.Bundle, android.app.IInstrumentationWatcher, android.app.IUiAutomationConnection, int, java.lang.String) from ActivityManagerService.java:17066 waiters=6 for 138ms
12-09 08:26:09.250 D/AndroidRuntime(16572): Shutting down VM
12-09 08:26:09.286 W/System  (16581): ClassLoader referenced unknown path: /data/app/com.evancharlton.mileage.test-1/lib/x86_64
12-09 08:26:09.286 W/System  (16581): ClassLoader referenced unknown path: /data/app/com.evancharlton.mileage-1/lib/x86_64
12-09 08:26:09.324 I/System.out(16581): Main activity name automatically set to: com.evancharlton.mileage.Mileage
12-09 08:26:09.325 I/System.out(16581): Calabash did not load Mono. This is only a problem if you are trying to test a Mono application
12-09 08:26:09.325 I/calabash(16581): Test server port: 7102
12-09 08:26:09.326 I/InstrumentationBackend(16581): Added:'GetPreferences', with key:'get_preferences'
12-09 08:26:09.392 D/EGL_emulation( 2225): eglMakeCurrent: 0x7fc2ca5b65a0: ver 2 0 (tinfo 0x7fc2ca582700)
12-09 08:26:09.523 I/InstrumentationBackend(16581): Added:'SetPreferences', with key:'set_preferences'
12-09 08:26:09.524 I/InstrumentationBackend(16581): Added:'ClearPreferences', with key:'clear_preferences'
12-09 08:26:09.524 I/InstrumentationBackend(16581): Added:'PressElement', with key:'press_l10n_element'
12-09 08:26:09.524 I/InstrumentationBackend(16581): Added:'WaitForElement', with key:'wait_for_l10n_element'
12-09 08:26:09.525 I/InstrumentationBackend(16581): Added:'NullAction', with key:'nullAction'
12-09 08:26:09.525 I/InstrumentationBackend(16581): Added:'PressKey', with key:'press_key'
12-09 08:26:09.525 I/InstrumentationBackend(16581): Added:'SetActivityOrientation', with key:'set_activity_orientation'
12-09 08:26:09.525 I/InstrumentationBackend(16581): Added:'GetActivityOrientation', with key:'get_activity_orientation'
12-09 08:26:09.525 I/InstrumentationBackend(16581): Added:'FakeGPSLocation', with key:'set_gps_coordinates'
12-09 08:26:09.526 I/InstrumentationBackend(16581): Added:'SetPropertyByCssSelector', with key:'set_property_by_css_selector'
12-09 08:26:09.526 I/InstrumentationBackend(16581): Added:'GetUrl', with key:'get_url'
12-09 08:26:09.583 W/art     ( 1858): Long monitor contention event with owner method=void com.android.server.wm.WindowAnimator$1.doFrame(long) from WindowAnimator.java:121 waiters=0 for 153ms
12-09 08:26:09.599 W/art     (16581): Suspending all threads took: 70.238ms
12-09 08:26:09.641 I/InstrumentationBackend(16581): Added:'ScrollTo', with key:'scroll_to'
12-09 08:26:09.642 I/InstrumentationBackend(16581): Added:'GetLoadProgress', with key:'get_load_progress'
12-09 08:26:09.642 I/InstrumentationBackend(16581): Added:'DumpHtml', with key:'dump_html'
12-09 08:26:09.642 I/InstrumentationBackend(16581): Added:'DumpBodyHtml', with key:'dump_body_html'
12-09 08:26:09.642 I/InstrumentationBackend(16581): Added:'EnterTextByCssSelector', with key:'enter_text_by_selector'
12-09 08:26:09.730 I/art     (16581): Background partial concurrent mark sweep GC freed 2993(319KB) AllocSpace objects, 0(0B) LOS objects, 51% free, 965KB/1989KB, paused 111.625ms total 215.985ms
12-09 08:26:09.742 I/InstrumentationBackend(16581): Added:'AndroidSDKVersion', with key:'android_sdk_version'
12-09 08:26:09.742 I/InstrumentationBackend(16581): Added:'Version', with key:'version'
12-09 08:26:09.742 I/InstrumentationBackend(16581): Added:'Drag', with key:'drag'
12-09 08:26:09.743 I/InstrumentationBackend(16581): Added:'TouchCoordinates', with key:'touch_coordinate'
12-09 08:26:09.743 I/InstrumentationBackend(16581): Added:'LongPressCoordinate', with key:'long_press_coordinate'
12-09 08:26:09.748 I/InstrumentationBackend(16581): Added:'DragCoordinates', with key:'drag_coordinates'
12-09 08:26:09.748 I/InstrumentationBackend(16581): Added:'ResumeApplication', with key:'resume_application'
12-09 08:26:09.748 I/InstrumentationBackend(16581): Added:'Swipe', with key:'swipe'
12-09 08:26:09.749 I/InstrumentationBackend(16581): Added:'DoubleTapCoordinate', with key:'double_tap_coordinate'
12-09 08:26:09.749 I/InstrumentationBackend(16581): Added:'ClickOnScreen', with key:'click_on_screen'
12-09 08:26:09.749 I/InstrumentationBackend(16581): Added:'GetActivityName', with key:'get_activity_name'
12-09 08:26:09.749 I/InstrumentationBackend(16581): Added:'ScrollToView', with key:'scroll_to_view'
12-09 08:26:09.750 I/InstrumentationBackend(16581): Added:'ViewConfiguration', with key:'view_configuration'
12-09 08:26:09.750 I/InstrumentationBackend(16581): Added:'IsCurrentActivityFocused', with key:'is_current_activity_focused'
12-09 08:26:09.750 I/InstrumentationBackend(16581): Added:'SendTcp', with key:'send_tcp'
12-09 08:26:09.750 I/InstrumentationBackend(16581): Added:'DpToDevicePixel', with key:'dp_to_device_pixel'
12-09 08:26:09.756 W/InputMethodManagerService( 1858): Got RemoteException sending setActive(false) notification to pid 16470 uid 10135
12-09 08:26:09.760 I/InstrumentationBackend(16581): Added:'KeyboardEnterText', with key:'keyboard_enter_text'
12-09 08:26:09.760 I/InstrumentationBackend(16581): Added:'DeleteSurroundingText', with key:'delete_surrounding_text'
12-09 08:26:09.760 I/InstrumentationBackend(16581): Added:'SetComposingRegion', with key:'set_composing_region'
12-09 08:26:09.760 I/InstrumentationBackend(16581): Added:'SetSelection', with key:'set_selection'
12-09 08:26:09.761 I/InstrumentationBackend(16581): Added:'KeyboardKeyEvent', with key:'keyboard_key_event'
12-09 08:26:09.761 I/InstrumentationBackend(16581): Added:'PressUserActionButton', with key:'press_user_action_button'
12-09 08:26:09.761 I/InstrumentationBackend(16581): Added:'HideSoftKeyboard', with key:'hide_soft_keyboard'
12-09 08:26:09.762 I/InstrumentationBackend(16581): Added:'ListActions', with key:'list_actions'
12-09 08:26:09.768 I/calabash(16581): Instantiating http server at 7102
12-09 08:26:09.768 I/System.out(16581): HTTP Daemon listening on: 7102
12-09 08:26:10.037 I/System.out(16581): URI: //ping
12-09 08:26:10.037 I/System.out(16581): params: {json={}
12-09 08:26:10.037 I/System.out(16581): }
12-09 08:26:10.047 I/Choreographer( 2225): Skipped 37 frames!  The application may be doing too much work on its main thread.
12-09 08:26:10.056 I/System.out(16581): URI: //ping
12-09 08:26:10.056 I/System.out(16581): params: {json={}
12-09 08:26:10.056 I/System.out(16581): }
12-09 08:26:10.100 I/System.out(16581): URI: //ready
12-09 08:26:10.103 I/System.out(16581): params: {json={}
12-09 08:26:10.103 I/System.out(16581): }
12-09 08:26:10.200 D/EGL_emulation( 2161): eglMakeCurrent: 0x7fc2cf765300: ver 2 0 (tinfo 0x7fc2beaff9c0)
12-09 08:26:10.209 E/Surface ( 2161): getSlotFromBufferLocked: unknown buffer: 0x7fc2bd41a8c0
12-09 08:26:10.252 I/System.out(16581): URI: //
12-09 08:26:10.253 I/System.out(16581): params: {json={"command":"version","arguments":[]}
12-09 08:26:10.253 I/System.out(16581): }
12-09 08:26:10.253 I/System.out(16581): header: {date=Sun, 09 Dec 2018 08:26:10 GMT, accept=*/*, content-length=36, host=127.0.0.1:34777, user-agent=HTTPClient/1.0 (2.8.3, ruby 2.3.1 (2016-04-26)), content-type=application/json;charset=utf-8}
12-09 08:26:10.253 I/System.out(16581): params: {json={"command":"version","arguments":[]}
12-09 08:26:10.253 I/System.out(16581): }
12-09 08:26:10.253 I/System.out(16581): ProP json = {"command":"version","arguments":[]}
12-09 08:26:10.253 I/System.out(16581): files: {}
12-09 08:26:10.253 I/System.out(16581): command: {"command":"version","arguments":[]}
12-09 08:26:10.281 I/InstrumentationBackend(16581): Got command:'Command:'Line:null,version', arguments:'[]'
12-09 08:26:10.439 W/art     (16581): Suspending all threads took: 36.676ms
12-09 08:26:10.455 I/art     (16581): Background sticky concurrent mark sweep GC freed 7293(558KB) AllocSpace objects, 11(220KB) LOS objects, 39% free, 1207KB/1989KB, paused 37.832ms total 105.475ms
12-09 08:26:10.482 I/System.out(16581): result:{"bonusInformation":[],"message":"0.9.8","success":true}
12-09 08:26:10.569 I/System.out(16581): URI: //start-application
12-09 08:26:10.569 I/System.out(16581): params: {json={"intent":null}
12-09 08:26:10.569 I/System.out(16581): }
12-09 08:26:10.848 I/Choreographer( 2225): Skipped 47 frames!  The application may be doing too much work on its main thread.
12-09 08:26:10.849 W/art     ( 1858): Long monitor contention event with owner method=void com.android.server.wm.WindowAnimator$1.doFrame(long) from WindowAnimator.java:121 waiters=2 for 165ms
12-09 08:26:10.853 I/ActivityManager( 1858): START u0 {act=android.intent.action.MAIN cat=[android.intent.category.LAUNCHER] flg=0x10200000 cmp=com.evancharlton.mileage/.Mileage} from uid 10135 on display 0
12-09 08:26:10.955 W/OpenGLRenderer( 2225): Incorrectly called buildLayer on View: ShortcutAndWidgetContainer, destroying layer...
12-09 08:26:11.150 I/calabash(16581): newActivity1
12-09 08:26:11.225 I/calabash(16581): newActivity1
12-09 08:26:11.227 W/ActivityManager( 1858): Bad activity token: android.os.BinderProxy@23022c0
12-09 08:26:11.227 W/ActivityManager( 1858): java.lang.ClassCastException: android.os.BinderProxy cannot be cast to com.android.server.am.ActivityRecord$Token
12-09 08:26:11.227 W/ActivityManager( 1858): 	at com.android.server.am.ActivityRecord.forTokenLocked(ActivityRecord.java:424)
12-09 08:26:11.227 W/ActivityManager( 1858): 	at com.android.server.am.ActivityRecord.isInStackLocked(ActivityRecord.java:1121)
12-09 08:26:11.227 W/ActivityManager( 1858): 	at com.android.server.am.ActivityRecord.getStackLocked(ActivityRecord.java:1126)
12-09 08:26:11.227 W/ActivityManager( 1858): 	at com.android.server.am.ActivityManagerService.getActivityDisplayId(ActivityManagerService.java:8889)
12-09 08:26:11.227 W/ActivityManager( 1858): 	at android.app.ActivityManagerNative.onTransact(ActivityManagerNative.java:2338)
12-09 08:26:11.227 W/ActivityManager( 1858): 	at com.android.server.am.ActivityManagerService.onTransact(ActivityManagerService.java:2443)
12-09 08:26:11.227 W/ActivityManager( 1858): 	at android.os.Binder.execTransact(Binder.java:453)
12-09 08:26:11.242 W/ActivityManager( 1858): Bad activity token: android.os.BinderProxy@23022c0
12-09 08:26:11.242 W/ActivityManager( 1858): java.lang.ClassCastException: android.os.BinderProxy cannot be cast to com.android.server.am.ActivityRecord$Token
12-09 08:26:11.242 W/ActivityManager( 1858): 	at com.android.server.am.ActivityRecord.forTokenLocked(ActivityRecord.java:424)
12-09 08:26:11.242 W/ActivityManager( 1858): 	at com.android.server.am.ActivityRecord.isInStackLocked(ActivityRecord.java:1121)
12-09 08:26:11.242 W/ActivityManager( 1858): 	at com.android.server.am.ActivityManagerService.setTaskDescription(ActivityManagerService.java:8547)
12-09 08:26:11.242 W/ActivityManager( 1858): 	at android.app.ActivityManagerNative.onTransact(ActivityManagerNative.java:2410)
12-09 08:26:11.242 W/ActivityManager( 1858): 	at com.android.server.am.ActivityManagerService.onTransact(ActivityManagerService.java:2443)
12-09 08:26:11.242 W/ActivityManager( 1858): 	at android.os.Binder.execTransact(Binder.java:453)
12-09 08:26:11.447 I/art     (16581): Background sticky concurrent mark sweep GC freed 1551(198KB) AllocSpace objects, 0(0B) LOS objects, 14% free, 1695KB/1989KB, paused 10.155ms total 124.174ms
12-09 08:26:11.512 W/art     ( 1858): Long monitor contention event with owner method=int com.android.server.wm.WindowManagerService.relayoutWindow(com.android.server.wm.Session, android.view.IWindow, int, android.view.WindowManager$LayoutParams, int, int, int, int, android.graphics.Rect, android.graphics.Rect, android.graphics.Rect, android.graphics.Rect, android.graphics.Rect, android.graphics.Rect, android.content.res.Configuration, android.view.Surface) from WindowManagerService.java:3103 waiters=0 for 205ms
12-09 08:26:11.561 D/gralloc_ranchu( 1224): gralloc_alloc: Creating ashmem region of size 3686400
12-09 08:26:11.566 I/art     (16581): Background partial concurrent mark sweep GC freed 2431(252KB) AllocSpace objects, 2(40KB) LOS objects, 39% free, 1729KB/2MB, paused 29.705ms total 74.410ms
12-09 08:26:11.573 W/ActivityManager( 1858): Bad activity token: android.os.BinderProxy@23022c0
12-09 08:26:11.573 W/ActivityManager( 1858): java.lang.ClassCastException: android.os.BinderProxy cannot be cast to com.android.server.am.ActivityRecord$Token
12-09 08:26:11.573 W/ActivityManager( 1858): 	at com.android.server.am.ActivityRecord.forTokenLocked(ActivityRecord.java:424)
12-09 08:26:11.573 W/ActivityManager( 1858): 	at com.android.server.am.ActivityRecord.isInStackLocked(ActivityRecord.java:1121)
12-09 08:26:11.573 W/ActivityManager( 1858): 	at com.android.server.am.ActivityManagerService.getActivityOptions(ActivityManagerService.java:11038)
12-09 08:26:11.573 W/ActivityManager( 1858): 	at android.app.ActivityManagerNative.onTransact(ActivityManagerNative.java:1734)
12-09 08:26:11.573 W/ActivityManager( 1858): 	at com.android.server.am.ActivityManagerService.onTransact(ActivityManagerService.java:2443)
12-09 08:26:11.573 W/ActivityManager( 1858): 	at android.os.Binder.execTransact(Binder.java:453)
12-09 08:26:11.576 W/ActivityManager( 1858): Bad activity token: android.os.BinderProxy@23022c0
12-09 08:26:11.576 W/ActivityManager( 1858): java.lang.ClassCastException: android.os.BinderProxy cannot be cast to com.android.server.am.ActivityRecord$Token
12-09 08:26:11.576 W/ActivityManager( 1858): 	at com.android.server.am.ActivityRecord.forTokenLocked(ActivityRecord.java:424)
12-09 08:26:11.576 W/ActivityManager( 1858): 	at com.android.server.am.ActivityRecord.isInStackLocked(ActivityRecord.java:1121)
12-09 08:26:11.576 W/ActivityManager( 1858): 	at com.android.server.am.ActivityManagerService.getActivityOptions(ActivityManagerService.java:11038)
12-09 08:26:11.576 W/ActivityManager( 1858): 	at android.app.ActivityManagerNative.onTransact(ActivityManagerNative.java:1734)
12-09 08:26:11.576 W/ActivityManager( 1858): 	at com.android.server.am.ActivityManagerService.onTransact(ActivityManagerService.java:2443)
12-09 08:26:11.576 W/ActivityManager( 1858): 	at android.os.Binder.execTransact(Binder.java:453)
12-09 08:26:11.752 V/PhoneStatusBar( 1963): setLightsOn(true)
12-09 08:26:11.836 D/gralloc_ranchu( 1224): gralloc_alloc: Creating ashmem region of size 3686400
12-09 08:26:11.870 V/PhoneStatusBar( 1963): setLightsOn(true)
12-09 08:26:11.981 D/EGL_emulation( 2225): eglMakeCurrent: 0x7fc2ca5b65a0: ver 2 0 (tinfo 0x7fc2ca582700)
12-09 08:26:11.986 D/        (16581): HostConnection::get() New Host Connection established 0x7fc2c6b98d40, tid 16581
12-09 08:26:12.023 E/Surface ( 2225): getSlotFromBufferLocked: unknown buffer: 0x7fc2be2b2320
12-09 08:26:12.361 W/art     ( 1858): Long monitor contention event with owner method=void com.android.server.wm.WindowAnimator$1.doFrame(long) from WindowAnimator.java:121 waiters=1 for 208ms
12-09 08:26:12.450 W/art     ( 1858): Long monitor contention event with owner method=void com.android.server.wm.WindowAnimator$1.doFrame(long) from WindowAnimator.java:121 waiters=1 for 207ms
12-09 08:26:12.618 W/art     ( 1858): Long monitor contention event with owner method=void com.android.server.wm.WindowAnimator$1.doFrame(long) from WindowAnimator.java:121 waiters=2 for 362ms
12-09 08:26:12.893 W/art     ( 1858): Long monitor contention event with owner method=int com.android.server.wm.WindowManagerService.relayoutWindow(com.android.server.wm.Session, android.view.IWindow, int, android.view.WindowManager$LayoutParams, int, int, int, int, android.graphics.Rect, android.graphics.Rect, android.graphics.Rect, android.graphics.Rect, android.graphics.Rect, android.graphics.Rect, android.content.res.Configuration, android.view.Surface) from WindowManagerService.java:3103 waiters=2 for 268ms
12-09 08:26:12.960 I/ActivityManager( 1858): Displayed com.evancharlton.mileage/.Mileage: +1s813ms
12-09 08:26:12.961 W/art     ( 1858): Long monitor contention event with owner method=void com.android.server.am.ActivityStackSupervisor$ActivityStackSupervisorHandler.activityIdleInternal(com.android.server.am.ActivityRecord) from ActivityStackSupervisor.java:4011 waiters=0 for 294ms
12-09 08:26:12.978 D/gralloc_ranchu( 1224): gralloc_alloc: Creating ashmem region of size 3686400
12-09 08:26:13.572 D/gralloc_ranchu( 1224): gralloc_alloc: Creating ashmem region of size 3686400
12-09 08:26:14.955 I/System.out(16581): URI: //map
12-09 08:26:14.955 I/System.out(16581): params: {json={"query":"android.widget.EditText id:'price'","operation":{"method_name":"query","arguments":[]}}
12-09 08:26:14.956 I/System.out(16581): }
12-09 08:26:15.175 W/ResourceType(16581): No package identifier when getting name for resource number 0x00000001
12-09 08:26:15.322 I/art     (16581): Background sticky concurrent mark sweep GC freed 32825(1527KB) AllocSpace objects, 1(20KB) LOS objects, 18% free, 2MB/2MB, paused 1.170ms total 118.134ms
12-09 08:26:15.328 I/System.out(16581): URI: //gesture
12-09 08:26:15.328 I/System.out(16581): params: {json={"query_timeout":5.0,"gestures":[{"query_string":"android.widget.EditText id:'price'","touches":[{"x":50,"y":50,"offset_x":0,"offset_y":0,"wait":0.0,"time":0.2,"release":true,"query_string":null}]}]}
12-09 08:26:15.328 I/System.out(16581): }
12-09 08:26:15.349 W/ResourceType(16581): No package identifier when getting name for resource number 0x00000001
12-09 08:26:15.757 I/LatinIME( 2161): Starting input. Cursor position = 0,0
12-09 08:26:15.884 I/art     (16581): Background sticky concurrent mark sweep GC freed 32549(1502KB) AllocSpace objects, 1(20KB) LOS objects, 13% free, 2MB/2MB, paused 1.189ms total 145.996ms
12-09 08:26:16.160 D/EGL_emulation( 2161): eglMakeCurrent: 0x7fc2cf765300: ver 2 0 (tinfo 0x7fc2beaff9c0)
12-09 08:26:16.400 I/System.out(16581): URI: //
12-09 08:26:16.400 I/System.out(16581): params: {json={"command":"set_selection","arguments":[-1,-1]}
12-09 08:26:16.400 I/System.out(16581): }
12-09 08:26:16.400 I/System.out(16581): header: {date=Sun, 09 Dec 2018 08:26:16 GMT, accept=*/*, content-length=47, host=127.0.0.1:34777, user-agent=HTTPClient/1.0 (2.8.3, ruby 2.3.1 (2016-04-26)), content-type=application/json;charset=utf-8}
12-09 08:26:16.400 I/System.out(16581): params: {json={"command":"set_selection","arguments":[-1,-1]}
12-09 08:26:16.400 I/System.out(16581): }
12-09 08:26:16.400 I/System.out(16581): ProP json = {"command":"set_selection","arguments":[-1,-1]}
12-09 08:26:16.400 I/System.out(16581): files: {}
12-09 08:26:16.400 I/System.out(16581): command: {"command":"set_selection","arguments":[-1,-1]}
12-09 08:26:16.401 I/InstrumentationBackend(16581): Got command:'Command:'Line:null,set_selection', arguments:'[-1, -1]'
12-09 08:26:16.489 I/art     (16581): Background sticky concurrent mark sweep GC freed 1043(56KB) AllocSpace objects, 0(0B) LOS objects, 6% free, 2MB/2MB, paused 1.172ms total 105.928ms
12-09 08:26:16.542 I/System.out(16581): result:{"bonusInformation":[],"message":"","success":true}
12-09 08:26:16.606 I/art     (16581): Background partial concurrent mark sweep GC freed 15426(861KB) AllocSpace objects, 5(100KB) LOS objects, 39% free, 2MB/3MB, paused 1.178ms total 111.278ms
12-09 08:26:16.772 I/System.out(16581): URI: //
12-09 08:26:16.772 I/System.out(16581): params: {json={"command":"keyboard_enter_text","arguments":["98879898249712372391"]}
12-09 08:26:16.772 I/System.out(16581): }
12-09 08:26:16.772 I/System.out(16581): header: {date=Sun, 09 Dec 2018 08:26:16 GMT, accept=*/*, content-length=70, host=127.0.0.1:34777, user-agent=HTTPClient/1.0 (2.8.3, ruby 2.3.1 (2016-04-26)), content-type=application/json;charset=utf-8}
12-09 08:26:16.772 I/System.out(16581): params: {json={"command":"keyboard_enter_text","arguments":["98879898249712372391"]}
12-09 08:26:16.773 I/System.out(16581): }
12-09 08:26:16.773 I/System.out(16581): ProP json = {"command":"keyboard_enter_text","arguments":["98879898249712372391"]}
12-09 08:26:16.773 I/System.out(16581): files: {}
12-09 08:26:16.773 I/System.out(16581): command: {"command":"keyboard_enter_text","arguments":["98879898249712372391"]}
12-09 08:26:16.774 I/InstrumentationBackend(16581): Got command:'Command:'Line:null,keyboard_enter_text', arguments:'[98879898249712372391]'
12-09 08:26:16.936 E/SpannableStringBuilder(16581): SPAN_EXCLUSIVE_EXCLUSIVE spans cannot have a zero length
12-09 08:26:16.936 E/SpannableStringBuilder(16581): SPAN_EXCLUSIVE_EXCLUSIVE spans cannot have a zero length
12-09 08:26:17.191 E/SpannableStringBuilder(16581): SPAN_EXCLUSIVE_EXCLUSIVE spans cannot have a zero length
12-09 08:26:17.192 E/SpannableStringBuilder(16581): SPAN_EXCLUSIVE_EXCLUSIVE spans cannot have a zero length
12-09 08:26:17.208 I/System.out(16581): result:{"bonusInformation":[],"message":"","success":true}
12-09 08:26:17.923 E/SurfaceFlinger( 1224): ro.sf.lcd_density must be defined as a build property
12-09 08:26:17.962 D/gralloc_ranchu( 1224): gralloc_alloc: Creating ashmem region of size 3686400
12-09 08:26:17.985 D/        (16613): HostConnection::get() New Host Connection established 0x7f081dad2480, tid 16613
12-09 08:26:18.004 E/EGL_emulation( 1224): tid 1224: eglCreateSyncKHR(1881): error 0x3004 (EGL_BAD_ATTRIBUTE)
12-09 08:26:18.963 I/System.out(16581): URI: //map
12-09 08:26:18.963 I/System.out(16581): params: {json={"query":"android.widget.EditText id:'volume'","operation":{"method_name":"query","arguments":[]}}
12-09 08:26:18.963 I/System.out(16581): }
12-09 08:26:19.098 W/ResourceType(16581): No package identifier when getting name for resource number 0x00000001
12-09 08:26:19.100 I/art     (16581): Background sticky concurrent mark sweep GC freed 26274(1188KB) AllocSpace objects, 5(100KB) LOS objects, 35% free, 2MB/3MB, paused 9.489ms total 99.807ms
12-09 08:26:19.188 I/System.out(16581): URI: //gesture
12-09 08:26:19.188 I/System.out(16581): params: {json={"query_timeout":5.0,"gestures":[{"query_string":"android.widget.EditText id:'volume'","touches":[{"x":50,"y":50,"offset_x":0,"offset_y":0,"wait":0.0,"time":0.2,"release":true,"query_string":null}]}]}
12-09 08:26:19.188 I/System.out(16581): }
12-09 08:26:19.261 W/ResourceType(16581): No package identifier when getting name for resource number 0x00000001
12-09 08:26:19.648 I/LatinIME( 2161): Starting input. Cursor position = 0,0
12-09 08:26:20.328 I/System.out(16581): URI: //
12-09 08:26:20.328 I/System.out(16581): params: {json={"command":"set_selection","arguments":[-1,-1]}
12-09 08:26:20.328 I/System.out(16581): }
12-09 08:26:20.328 I/System.out(16581): header: {date=Sun, 09 Dec 2018 08:26:20 GMT, accept=*/*, content-length=47, host=127.0.0.1:34777, user-agent=HTTPClient/1.0 (2.8.3, ruby 2.3.1 (2016-04-26)), content-type=application/json;charset=utf-8}
12-09 08:26:20.328 I/System.out(16581): params: {json={"command":"set_selection","arguments":[-1,-1]}
12-09 08:26:20.328 I/System.out(16581): }
12-09 08:26:20.328 I/System.out(16581): ProP json = {"command":"set_selection","arguments":[-1,-1]}
12-09 08:26:20.328 I/System.out(16581): files: {}
12-09 08:26:20.328 I/System.out(16581): command: {"command":"set_selection","arguments":[-1,-1]}
12-09 08:26:20.330 I/InstrumentationBackend(16581): Got command:'Command:'Line:null,set_selection', arguments:'[-1, -1]'
12-09 08:26:20.346 I/System.out(16581): result:{"bonusInformation":[],"message":"","success":true}
12-09 08:26:20.480 I/System.out(16581): URI: //
12-09 08:26:20.480 I/System.out(16581): params: {json={"command":"keyboard_enter_text","arguments":["98879891284721092831"]}
12-09 08:26:20.480 I/System.out(16581): }
12-09 08:26:20.481 I/System.out(16581): header: {date=Sun, 09 Dec 2018 08:26:20 GMT, accept=*/*, content-length=70, host=127.0.0.1:34777, user-agent=HTTPClient/1.0 (2.8.3, ruby 2.3.1 (2016-04-26)), content-type=application/json;charset=utf-8}
12-09 08:26:20.481 I/System.out(16581): params: {json={"command":"keyboard_enter_text","arguments":["98879891284721092831"]}
12-09 08:26:20.481 I/System.out(16581): }
12-09 08:26:20.481 I/System.out(16581): ProP json = {"command":"keyboard_enter_text","arguments":["98879891284721092831"]}
12-09 08:26:20.481 I/System.out(16581): files: {}
12-09 08:26:20.481 I/System.out(16581): command: {"command":"keyboard_enter_text","arguments":["98879891284721092831"]}
12-09 08:26:20.482 I/InstrumentationBackend(16581): Got command:'Command:'Line:null,keyboard_enter_text', arguments:'[98879891284721092831]'
12-09 08:26:20.482 E/SpannableStringBuilder(16581): SPAN_EXCLUSIVE_EXCLUSIVE spans cannot have a zero length
12-09 08:26:20.483 E/SpannableStringBuilder(16581): SPAN_EXCLUSIVE_EXCLUSIVE spans cannot have a zero length
12-09 08:26:20.530 E/SpannableStringBuilder(16581): SPAN_EXCLUSIVE_EXCLUSIVE spans cannot have a zero length
12-09 08:26:20.530 E/SpannableStringBuilder(16581): SPAN_EXCLUSIVE_EXCLUSIVE spans cannot have a zero length
12-09 08:26:20.535 I/System.out(16581): result:{"bonusInformation":[],"message":"","success":true}
12-09 08:26:21.179 E/SurfaceFlinger( 1224): ro.sf.lcd_density must be defined as a build property
12-09 08:26:21.291 D/gralloc_ranchu( 1224): gralloc_alloc: Creating ashmem region of size 3686400
12-09 08:26:21.314 D/        (16623): HostConnection::get() New Host Connection established 0x7f46964d2480, tid 16623
12-09 08:26:21.332 E/EGL_emulation( 1224): tid 1224: eglCreateSyncKHR(1881): error 0x3004 (EGL_BAD_ATTRIBUTE)
12-09 08:26:22.612 I/System.out(16581): URI: //map
12-09 08:26:22.612 I/System.out(16581): params: {json={"query":"android.widget.EditText id:'odometer'","operation":{"method_name":"query","arguments":[]}}
12-09 08:26:22.612 I/System.out(16581): }
12-09 08:26:22.725 W/ResourceType(16581): No package identifier when getting name for resource number 0x00000001
12-09 08:26:22.909 I/art     (16581): Background sticky concurrent mark sweep GC freed 32830(1512KB) AllocSpace objects, 1(20KB) LOS objects, 28% free, 2MB/3MB, paused 1.135ms total 138.359ms
12-09 08:26:22.928 I/System.out(16581): URI: //gesture
12-09 08:26:22.928 I/System.out(16581): params: {json={"query_timeout":5.0,"gestures":[{"query_string":"android.widget.EditText id:'odometer'","touches":[{"x":50,"y":50,"offset_x":0,"offset_y":0,"wait":0.0,"time":0.2,"release":true,"query_string":null}]}]}
12-09 08:26:22.928 I/System.out(16581): }
12-09 08:26:22.969 W/ResourceType(16581): No package identifier when getting name for resource number 0x00000001
12-09 08:26:23.356 I/LatinIME( 2161): Starting input. Cursor position = 0,0
12-09 08:26:23.431 I/art     (16581): Background sticky concurrent mark sweep GC freed 36494(1530KB) AllocSpace objects, 1(20KB) LOS objects, 11% free, 3MB/3MB, paused 1.975ms total 112.959ms
12-09 08:26:24.004 I/System.out(16581): URI: //
12-09 08:26:24.004 I/System.out(16581): params: {json={"command":"set_selection","arguments":[-1,-1]}
12-09 08:26:24.004 I/System.out(16581): }
12-09 08:26:24.004 I/System.out(16581): header: {date=Sun, 09 Dec 2018 08:26:24 GMT, accept=*/*, content-length=47, host=127.0.0.1:34777, user-agent=HTTPClient/1.0 (2.8.3, ruby 2.3.1 (2016-04-26)), content-type=application/json;charset=utf-8}
12-09 08:26:24.004 I/System.out(16581): params: {json={"command":"set_selection","arguments":[-1,-1]}
12-09 08:26:24.004 I/System.out(16581): }
12-09 08:26:24.004 I/System.out(16581): ProP json = {"command":"set_selection","arguments":[-1,-1]}
12-09 08:26:24.004 I/System.out(16581): files: {}
12-09 08:26:24.004 I/System.out(16581): command: {"command":"set_selection","arguments":[-1,-1]}
12-09 08:26:24.005 I/InstrumentationBackend(16581): Got command:'Command:'Line:null,set_selection', arguments:'[-1, -1]'
12-09 08:26:24.013 I/System.out(16581): result:{"bonusInformation":[],"message":"","success":true}
12-09 08:26:24.051 W/art     (16581): Suspending all threads took: 8.624ms
12-09 08:26:24.068 I/art     (16581): Background sticky concurrent mark sweep GC freed 21828(1137KB) AllocSpace objects, 4(80KB) LOS objects, 24% free, 2MB/3MB, paused 12.324ms total 53.730ms
12-09 08:26:24.118 I/System.out(16581): URI: //
12-09 08:26:24.118 I/System.out(16581): params: {json={"command":"keyboard_enter_text","arguments":["74394723984721092831"]}
12-09 08:26:24.119 I/System.out(16581): }
12-09 08:26:24.119 I/System.out(16581): header: {date=Sun, 09 Dec 2018 08:26:24 GMT, accept=*/*, content-length=70, host=127.0.0.1:34777, user-agent=HTTPClient/1.0 (2.8.3, ruby 2.3.1 (2016-04-26)), content-type=application/json;charset=utf-8}
12-09 08:26:24.119 I/System.out(16581): params: {json={"command":"keyboard_enter_text","arguments":["74394723984721092831"]}
12-09 08:26:24.119 I/System.out(16581): }
12-09 08:26:24.119 I/System.out(16581): ProP json = {"command":"keyboard_enter_text","arguments":["74394723984721092831"]}
12-09 08:26:24.119 I/System.out(16581): files: {}
12-09 08:26:24.119 I/System.out(16581): command: {"command":"keyboard_enter_text","arguments":["74394723984721092831"]}
12-09 08:26:24.121 I/InstrumentationBackend(16581): Got command:'Command:'Line:null,keyboard_enter_text', arguments:'[74394723984721092831]'
12-09 08:26:24.121 E/SpannableStringBuilder(16581): SPAN_EXCLUSIVE_EXCLUSIVE spans cannot have a zero length
12-09 08:26:24.121 E/SpannableStringBuilder(16581): SPAN_EXCLUSIVE_EXCLUSIVE spans cannot have a zero length
12-09 08:26:24.151 E/SpannableStringBuilder(16581): SPAN_EXCLUSIVE_EXCLUSIVE spans cannot have a zero length
12-09 08:26:24.151 E/SpannableStringBuilder(16581): SPAN_EXCLUSIVE_EXCLUSIVE spans cannot have a zero length
12-09 08:26:24.158 I/System.out(16581): result:{"bonusInformation":[],"message":"","success":true}
12-09 08:26:24.652 E/SurfaceFlinger( 1224): ro.sf.lcd_density must be defined as a build property
12-09 08:26:24.684 D/gralloc_ranchu( 1224): gralloc_alloc: Creating ashmem region of size 3686400
12-09 08:26:24.743 D/        (16633): HostConnection::get() New Host Connection established 0x7f62be592480, tid 16633
12-09 08:26:24.795 E/EGL_emulation( 1224): tid 1224: eglCreateSyncKHR(1881): error 0x3004 (EGL_BAD_ATTRIBUTE)
12-09 08:26:26.988 I/System.out(16581): URI: //map
12-09 08:26:26.988 I/System.out(16581): params: {json={"query":"android.widget.Button index:2","operation":{"method_name":"query","arguments":[]}}
12-09 08:26:26.989 I/System.out(16581): }
12-09 08:26:26.992 I/art     (16581): Background sticky concurrent mark sweep GC freed 14198(677KB) AllocSpace objects, 4(80KB) LOS objects, 17% free, 2MB/3MB, paused 6.508ms total 79.977ms
12-09 08:26:27.164 I/System.out(16581): URI: //gesture
12-09 08:26:27.164 I/System.out(16581): params: {json={"query_timeout":5.0,"gestures":[{"query_string":"android.widget.Button index:2","touches":[{"x":50,"y":50,"offset_x":0,"offset_y":0,"wait":0.0,"time":0.2,"release":true,"query_string":null}]}]}
12-09 08:26:27.164 I/System.out(16581): }
12-09 08:26:27.318 I/art     (16581): Background sticky concurrent mark sweep GC freed 17597(676KB) AllocSpace objects, 1(20KB) LOS objects, 20% free, 2MB/3MB, paused 1.358ms total 107.013ms
12-09 08:26:27.681 W/audio_hw_generic( 1595): Hardware backing HAL too slow, could only write 0 of 661 frames
12-09 08:26:27.693 I/art     (16581): Background sticky concurrent mark sweep GC freed 32701(1541KB) AllocSpace objects, 0(0B) LOS objects, 17% free, 3MB/3MB, paused 1.567ms total 115.182ms
12-09 08:26:27.696 W/audio_hw_generic( 1595): Hardware backing HAL too slow, could only write 0 of 661 frames
12-09 08:26:27.714 W/audio_hw_generic( 1595): Hardware backing HAL too slow, could only write 0 of 661 frames
12-09 08:26:27.838 W/audio_hw_generic( 1595): Not supplying enough data to HAL, expected position 38906785 , only wrote 38905799
12-09 08:26:27.838 W/audio_hw_generic( 1595): Not supplying enough data to HAL, expected position 38905810 , only wrote 38905799
12-09 08:26:27.855 W/audio_hw_generic( 1595): Not supplying enough data to HAL, expected position 38906554 , only wrote 38906460
12-09 08:26:27.866 I/calabash(16581): newActivity1
12-09 08:26:27.866 W/ActivityManager( 1858): Bad activity token: android.os.BinderProxy@e7a2ac6
12-09 08:26:27.866 W/ActivityManager( 1858): java.lang.ClassCastException: android.os.BinderProxy cannot be cast to com.android.server.am.ActivityRecord$Token
12-09 08:26:27.866 W/ActivityManager( 1858): 	at com.android.server.am.ActivityRecord.forTokenLocked(ActivityRecord.java:424)
12-09 08:26:27.866 W/ActivityManager( 1858): 	at com.android.server.am.ActivityRecord.isInStackLocked(ActivityRecord.java:1121)
12-09 08:26:27.866 W/ActivityManager( 1858): 	at com.android.server.am.ActivityRecord.getStackLocked(ActivityRecord.java:1126)
12-09 08:26:27.866 W/ActivityManager( 1858): 	at com.android.server.am.ActivityManagerService.getActivityDisplayId(ActivityManagerService.java:8889)
12-09 08:26:27.866 W/ActivityManager( 1858): 	at android.app.ActivityManagerNative.onTransact(ActivityManagerNative.java:2338)
12-09 08:26:27.866 W/ActivityManager( 1858): 	at com.android.server.am.ActivityManagerService.onTransact(ActivityManagerService.java:2443)
12-09 08:26:27.866 W/ActivityManager( 1858): 	at android.os.Binder.execTransact(Binder.java:453)
12-09 08:26:27.874 W/ActivityManager( 1858): Bad activity token: android.os.BinderProxy@e7a2ac6
12-09 08:26:27.874 W/ActivityManager( 1858): java.lang.ClassCastException: android.os.BinderProxy cannot be cast to com.android.server.am.ActivityRecord$Token
12-09 08:26:27.874 W/ActivityManager( 1858): 	at com.android.server.am.ActivityRecord.forTokenLocked(ActivityRecord.java:424)
12-09 08:26:27.874 W/ActivityManager( 1858): 	at com.android.server.am.ActivityRecord.isInStackLocked(ActivityRecord.java:1121)
12-09 08:26:27.874 W/ActivityManager( 1858): 	at com.android.server.am.ActivityManagerService.setTaskDescription(ActivityManagerService.java:8547)
12-09 08:26:27.874 W/ActivityManager( 1858): 	at android.app.ActivityManagerNative.onTransact(ActivityManagerNative.java:2410)
12-09 08:26:27.874 W/ActivityManager( 1858): 	at com.android.server.am.ActivityManagerService.onTransact(ActivityManagerService.java:2443)
12-09 08:26:27.874 W/ActivityManager( 1858): 	at android.os.Binder.execTransact(Binder.java:453)
12-09 08:26:27.990 W/ActivityManager( 1858): Bad activity token: android.os.BinderProxy@e7a2ac6
12-09 08:26:27.990 W/ActivityManager( 1858): java.lang.ClassCastException: android.os.BinderProxy cannot be cast to com.android.server.am.ActivityRecord$Token
12-09 08:26:27.990 W/ActivityManager( 1858): 	at com.android.server.am.ActivityRecord.forTokenLocked(ActivityRecord.java:424)
12-09 08:26:27.990 W/ActivityManager( 1858): 	at com.android.server.am.ActivityRecord.isInStackLocked(ActivityRecord.java:1121)
12-09 08:26:27.990 W/ActivityManager( 1858): 	at com.android.server.am.ActivityManagerService.getActivityOptions(ActivityManagerService.java:11038)
12-09 08:26:27.990 W/ActivityManager( 1858): 	at android.app.ActivityManagerNative.onTransact(ActivityManagerNative.java:1734)
12-09 08:26:27.990 W/ActivityManager( 1858): 	at com.android.server.am.ActivityManagerService.onTransact(ActivityManagerService.java:2443)
12-09 08:26:27.990 W/ActivityManager( 1858): 	at android.os.Binder.execTransact(Binder.java:453)
12-09 08:26:27.990 W/ActivityManager( 1858): Bad activity token: android.os.BinderProxy@e7a2ac6
12-09 08:26:27.990 W/ActivityManager( 1858): java.lang.ClassCastException: android.os.BinderProxy cannot be cast to com.android.server.am.ActivityRecord$Token
12-09 08:26:27.990 W/ActivityManager( 1858): 	at com.android.server.am.ActivityRecord.forTokenLocked(ActivityRecord.java:424)
12-09 08:26:27.990 W/ActivityManager( 1858): 	at com.android.server.am.ActivityRecord.isInStackLocked(ActivityRecord.java:1121)
12-09 08:26:27.990 W/ActivityManager( 1858): 	at com.android.server.am.ActivityManagerService.getActivityOptions(ActivityManagerService.java:11038)
12-09 08:26:27.990 W/ActivityManager( 1858): 	at android.app.ActivityManagerNative.onTransact(ActivityManagerNative.java:1734)
12-09 08:26:27.990 W/ActivityManager( 1858): 	at com.android.server.am.ActivityManagerService.onTransact(ActivityManagerService.java:2443)
12-09 08:26:27.990 W/ActivityManager( 1858): 	at android.os.Binder.execTransact(Binder.java:453)
12-09 08:26:28.064 W/audio_hw_generic( 1595): Not supplying enough data to HAL, expected position 38915675 , only wrote 38915053
12-09 08:26:28.064 W/audio_hw_generic( 1595): Not supplying enough data to HAL, expected position 38915060 , only wrote 38915053
12-09 08:26:28.081 W/audio_hw_generic( 1595): Not supplying enough data to HAL, expected position 38915766 , only wrote 38915714
12-09 08:26:28.093 I/LatinIME( 2161): Starting input. Cursor position = -1,-1
12-09 08:26:28.138 I/Choreographer(16581): Skipped 34 frames!  The application may be doing too much work on its main thread.
12-09 08:26:28.181 I/art     (16581): Background sticky concurrent mark sweep GC freed 4706(266KB) AllocSpace objects, 1(20KB) LOS objects, 10% free, 3MB/3MB, paused 6.584ms total 30.797ms
12-09 08:26:28.211 E/SurfaceFlinger( 1224): ro.sf.lcd_density must be defined as a build property
12-09 08:26:28.221 D/gralloc_ranchu( 1224): gralloc_alloc: Creating ashmem region of size 3686400
12-09 08:26:28.289 D/        (16639): HostConnection::get() New Host Connection established 0x7fc6f1852480, tid 16639
12-09 08:26:28.328 E/EGL_emulation( 1224): tid 1224: eglCreateSyncKHR(1881): error 0x3004 (EGL_BAD_ATTRIBUTE)
12-09 08:26:28.401 W/audio_hw_generic( 1595): Not supplying enough data to HAL, expected position 38929844 , only wrote 38929595
12-09 08:26:28.410 D/Mileage.ABS(16581): Finished backup
12-09 08:26:28.423 D/Mileage (16581): Recalculating
12-09 08:26:28.450 D/Mileage.ABS(16581): Not backing up; 110
12-09 08:26:28.451 D/Mileage.ABS(16581): Not backing up; 111
12-09 08:26:28.502 W/audio_hw_generic( 1595): Hardware backing HAL too slow, could only write 0 of 661 frames
12-09 08:26:28.537 W/audio_hw_generic( 1595): Hardware backing HAL too slow, could only write 0 of 661 frames
12-09 08:26:28.549 W/audio_hw_generic( 1595): Hardware backing HAL too slow, could only write 0 of 661 frames
12-09 08:26:28.569 W/audio_hw_generic( 1595): Hardware backing HAL too slow, could only write 0 of 661 frames
12-09 08:26:28.570 I/art     (16581): Background sticky concurrent mark sweep GC freed 3906(239KB) AllocSpace objects, 0(0B) LOS objects, 10% free, 3MB/3MB, paused 10.898ms total 144.809ms
12-09 08:26:28.583 W/audio_hw_generic( 1595): Hardware backing HAL too slow, could only write 0 of 661 frames
12-09 08:26:28.599 W/audio_hw_generic( 1595): Hardware backing HAL too slow, could only write 0 of 661 frames
12-09 08:26:28.611 W/audio_hw_generic( 1595): Hardware backing HAL too slow, could only write 0 of 661 frames
12-09 08:26:28.636 W/audio_hw_generic( 1595): Hardware backing HAL too slow, could only write 0 of 661 frames
12-09 08:26:28.639 W/audio_hw_generic( 1595): Hardware backing HAL too slow, could only write 0 of 661 frames
12-09 08:26:28.655 W/audio_hw_generic( 1595): Hardware backing HAL too slow, could only write 0 of 661 frames
12-09 08:26:28.669 W/audio_hw_generic( 1595): Hardware backing HAL too slow, could only write 0 of 661 frames
12-09 08:26:28.686 W/audio_hw_generic( 1595): Hardware backing HAL too slow, could only write 0 of 661 frames
12-09 08:26:28.716 W/audio_hw_generic( 1595): Hardware backing HAL too slow, could only write 0 of 661 frames
12-09 08:26:28.737 W/audio_hw_generic( 1595): Hardware backing HAL too slow, could only write 0 of 661 frames
12-09 08:26:28.799 W/audio_hw_generic( 1595): Hardware backing HAL too slow, could only write 0 of 661 frames
12-09 08:26:28.799 W/audio_hw_generic( 1595): Not supplying enough data to HAL, expected position 38947166 , only wrote 38946120
12-09 08:26:28.800 W/audio_hw_generic( 1595): Not supplying enough data to HAL, expected position 38946126 , only wrote 38946120
12-09 08:26:28.800 W/audio_hw_generic( 1595): Hardware backing HAL too slow, could only write 0 of 661 frames
12-09 08:26:28.817 W/audio_hw_generic( 1595): Not supplying enough data to HAL, expected position 38946904 , only wrote 38946781
12-09 08:26:28.817 W/audio_hw_generic( 1595): Hardware backing HAL too slow, could only write 0 of 661 frames
12-09 08:26:28.818 W/audio_hw_generic( 1595): Hardware backing HAL too slow, could only write 0 of 661 frames
12-09 08:26:28.835 W/audio_hw_generic( 1595): Hardware backing HAL too slow, could only write 0 of 661 frames
12-09 08:26:28.853 W/audio_hw_generic( 1595): Hardware backing HAL too slow, could only write 0 of 661 frames
12-09 08:26:28.867 W/audio_hw_generic( 1595): Hardware backing HAL too slow, could only write 0 of 661 frames
12-09 08:26:28.884 W/audio_hw_generic( 1595): Hardware backing HAL too slow, could only write 0 of 661 frames
12-09 08:26:28.921 W/RichInputConnection( 2161): Slow InputConnection: GET_TEXT_BEFORE_CURSOR took 228 ms.
12-09 08:26:28.936 D/Mileage.ABS(16581): Not backing up; 596
12-09 08:26:28.938 D/FillupAdapter(16581): Average economy: 0.7523746539172881
12-09 08:26:28.956 I/InputAttributes( 2161): InputType.TYPE_NULL is specified
12-09 08:26:28.996 I/Choreographer( 2161): Skipped 58 frames!  The application may be doing too much work on its main thread.
12-09 08:26:29.260 W/audio_hw_generic( 1595): Not supplying enough data to HAL, expected position 38966299 , only wrote 38965950
12-09 08:26:29.369 W/audio_hw_generic( 1595): Not supplying enough data to HAL, expected position 38970747 , only wrote 38970577
12-09 08:26:29.369 W/audio_hw_generic( 1595): Not supplying enough data to HAL, expected position 38970587 , only wrote 38970577
12-09 08:26:29.388 W/audio_hw_generic( 1595): Not supplying enough data to HAL, expected position 38971393 , only wrote 38971238
12-09 08:26:29.416 D/EGL_emulation( 2161): eglMakeCurrent: 0x7fc2cf765300: ver 2 0 (tinfo 0x7fc2beaff9c0)
12-09 08:26:29.466 W/audio_hw_generic( 1595): Not supplying enough data to HAL, expected position 38974719 , only wrote 38974543
12-09 08:26:29.467 W/audio_hw_generic( 1595): Not supplying enough data to HAL, expected position 38974550 , only wrote 38974543
12-09 08:26:29.488 W/audio_hw_generic( 1595): Not supplying enough data to HAL, expected position 38975484 , only wrote 38975204
12-09 08:26:29.580 W/audio_hw_generic( 1595): Not supplying enough data to HAL, expected position 38979275 , only wrote 38979170
12-09 08:26:29.588 E/Surface ( 2161): getSlotFromBufferLocked: unknown buffer: 0x7fc2c852c300
12-09 08:26:29.664 I/System.out(16581): URI: //gesture
12-09 08:26:29.664 I/System.out(16581): params: {json={"query_timeout":5.0,"gestures":[{"query_string":"android.widget.TabWidget descendant TextView index:0","touches":[{"x":50,"y":50,"offset_x":0,"offset_y":0,"wait":0.0,"time":0.2,"release":true,"query_string":null}]}]}
12-09 08:26:29.665 I/System.out(16581): }
12-09 08:26:29.690 W/audio_hw_generic( 1595): Hardware backing HAL too slow, could only write 0 of 661 frames
12-09 08:26:29.836 W/audio_hw_generic( 1595): Not supplying enough data to HAL, expected position 38990450 , only wrote 38989746
12-09 08:26:29.836 W/audio_hw_generic( 1595): Hardware backing HAL too slow, could only write 0 of 661 frames
12-09 08:26:29.876 W/audio_hw_generic( 1595): Hardware backing HAL too slow, could only write 0 of 661 frames
12-09 08:26:29.895 W/audio_hw_generic( 1595): Hardware backing HAL too slow, could only write 0 of 661 frames
12-09 08:26:29.897 I/art     (16581): Background partial concurrent mark sweep GC freed 18140(1259KB) AllocSpace objects, 9(180KB) LOS objects, 39% free, 2MB/4MB, paused 2.391ms total 208.474ms
12-09 08:26:29.908 W/audio_hw_generic( 1595): Hardware backing HAL too slow, could only write 0 of 661 frames
12-09 08:26:29.919 W/audio_hw_generic( 1595): Hardware backing HAL too slow, could only write 0 of 661 frames
12-09 08:26:29.980 W/audio_hw_generic( 1595): Not supplying enough data to HAL, expected position 38996102 , only wrote 38995695
12-09 08:26:30.284 W/audio_hw_generic( 1595): Not supplying enough data to HAL, expected position 39009091 , only wrote 39008915
12-09 08:26:30.284 W/audio_hw_generic( 1595): Not supplying enough data to HAL, expected position 39008922 , only wrote 39008915
12-09 08:26:30.346 W/audio_hw_generic( 1595): Not supplying enough data to HAL, expected position 39011635 , only wrote 39010898
12-09 08:26:30.423 W/audio_hw_generic( 1595): Not supplying enough data to HAL, expected position 39014309 , only wrote 39014203
12-09 08:26:30.477 D/AudioFlinger( 1595): mixer(0xf4380000) throttle end: throttle time(11)
12-09 08:26:30.903 W/audio_hw_generic( 1595): Not supplying enough data to HAL, expected position 39035376 , only wrote 39035355
12-09 08:26:30.904 W/audio_hw_generic( 1595): Not supplying enough data to HAL, expected position 39035363 , only wrote 39035355
12-09 08:26:30.928 W/audio_hw_generic( 1595): Not supplying enough data to HAL, expected position 39036436 , only wrote 39036016
12-09 08:26:31.024 W/audio_hw_generic( 1595): Not supplying enough data to HAL, expected position 39040237 , only wrote 39039982
12-09 08:26:31.024 W/audio_hw_generic( 1595): Not supplying enough data to HAL, expected position 39039990 , only wrote 39039982
12-09 08:26:31.039 W/audio_hw_generic( 1595): Not supplying enough data to HAL, expected position 39040647 , only wrote 39040643
