--------- beginning of main
12-09 07:54:18.477 W/art     ( 1591): Long monitor contention event with owner method=void com.android.server.wm.WindowAnimator$1.doFrame(long) from WindowAnimator.java:121 waiters=1 for 189ms
--------- beginning of system
12-09 07:54:18.478 I/WindowManager( 1591): Screenshot max retries 4 of Token{3210501 ActivityRecord{3cf8ae8 u0 com.evancharlton.mileage.test/sh.calaba.instrumentationbackend.StatusReporterActivity t371 f}} appWin=Window{28c6dfb u0 Starting com.evancharlton.mileage.test} drawState=3
12-09 07:54:18.500 W/art     ( 1591): Long monitor contention event with owner method=boolean com.android.server.am.ActivityManagerService.finishActivity(android.os.IBinder, int, android.content.Intent, boolean) from ActivityManagerService.java:4245 waiters=0 for 1.874s
12-09 07:54:18.500 W/art     ( 1591): Long monitor contention event with owner method=boolean com.android.server.am.ActivityManagerService.finishActivity(android.os.IBinder, int, android.content.Intent, boolean) from ActivityManagerService.java:4245 waiters=1 for 1.270s
12-09 07:54:18.503 W/art     ( 1591): Long monitor contention event with owner method=boolean com.android.server.am.ActivityManagerService.finishActivity(android.os.IBinder, int, android.content.Intent, boolean) from ActivityManagerService.java:4245 waiters=2 for 777ms
12-09 07:54:19.034 W/art     ( 1591): Long monitor contention event with owner method=void com.android.server.wm.WindowAnimator$1.doFrame(long) from WindowAnimator.java:121 waiters=0 for 119ms
12-09 07:54:19.066 D/AndroidRuntime( 8408): >>>>>> START com.android.internal.os.RuntimeInit uid 0 <<<<<<
12-09 07:54:19.068 D/AndroidRuntime( 8408): CheckJNI is ON
12-09 07:54:19.109 D/ICU     ( 8408): No timezone override file found: /data/misc/zoneinfo/current/icu/icu_tzdata.dat
12-09 07:54:19.166 W/art     ( 1591): Long monitor contention event with owner method=void com.android.server.wm.WindowAnimator$1.doFrame(long) from WindowAnimator.java:121 waiters=0 for 132ms
12-09 07:54:19.224 E/memtrack( 8408): Couldn't load memtrack module (No such file or directory)
12-09 07:54:19.224 E/android.os.Debug( 8408): failed to load memtrack module: -2
12-09 07:54:19.325 I/Radio-JNI( 8408): register_android_hardware_Radio DONE
12-09 07:54:19.389 D/AndroidRuntime( 8408): Calling main entry com.android.commands.am.Am
12-09 07:54:19.480 W/art     ( 1591): Long monitor contention event with owner method=void com.android.server.wm.WindowAnimator$1.doFrame(long) from WindowAnimator.java:121 waiters=0 for 161ms
12-09 07:54:19.849 W/art     ( 1591): Long monitor contention event with owner method=void com.android.server.wm.WindowAnimator$1.doFrame(long) from WindowAnimator.java:121 waiters=0 for 195ms
12-09 07:54:19.922 W/art     ( 1591): Long monitor contention event with owner method=void com.android.server.am.ActivityManagerService.activityPaused(android.os.IBinder) from ActivityManagerService.java:6439 waiters=0 for 1.405s
12-09 07:54:19.922 W/art     ( 1591): Long monitor contention event with owner method=void com.android.server.am.ActivityManagerService.activityPaused(android.os.IBinder) from ActivityManagerService.java:6439 waiters=1 for 1.403s
12-09 07:54:19.922 W/art     ( 1591): Long monitor contention event with owner method=void com.android.server.am.ActivityManagerService.activityPaused(android.os.IBinder) from ActivityManagerService.java:6439 waiters=2 for 1.111s
12-09 07:54:20.087 W/art     ( 1591): Long monitor contention event with owner method=void com.android.server.am.ActivityManagerService.activityPaused(android.os.IBinder) from ActivityManagerService.java:6439 waiters=3 for 1.085s
12-09 07:54:20.088 W/art     ( 1591): Long monitor contention event with owner method=void com.android.server.am.ActivityManagerService.activityPaused(android.os.IBinder) from ActivityManagerService.java:6439 waiters=4 for 637ms
12-09 07:54:20.088 I/ActivityManager( 1591): Force stopping com.evancharlton.mileage appid=10123 user=0: start instr
12-09 07:54:20.088 I/ActivityManager( 1591): Killing 8377:com.evancharlton.mileage/u0a123 (adj 0): stop com.evancharlton.mileage
12-09 07:54:20.369 W/ActivityManager( 1591): Crash of app com.evancharlton.mileage running instrumentation ComponentInfo{com.evancharlton.mileage.test/sh.calaba.instrumentationbackend.ClearAppData2}
12-09 07:54:20.369 I/ActivityManager( 1591): Force stopping com.evancharlton.mileage appid=10123 user=0: finished inst
12-09 07:54:20.418 I/ActivityManager( 1591): Start proc 8417:com.evancharlton.mileage/u0a123 for added application com.evancharlton.mileage
12-09 07:54:20.418 W/art     ( 1591): Long monitor contention event with owner method=java.util.List com.android.server.am.ActivityManagerService.getAllStackInfos() from ActivityManagerService.java:8937 waiters=4 for 496ms
12-09 07:54:20.425 D/AndroidRuntime( 8408): Shutting down VM
12-09 07:54:20.434 W/art     ( 1591): Long monitor contention event with owner method=boolean com.android.server.am.ActivityManagerService.startInstrumentation(android.content.ComponentName, java.lang.String, int, android.os.Bundle, android.app.IInstrumentationWatcher, android.app.IUiAutomationConnection, int, java.lang.String) from ActivityManagerService.java:17066 waiters=2 for 337ms
12-09 07:54:20.489 I/Choreographer( 1922): Skipped 33 frames!  The application may be doing too much work on its main thread.
12-09 07:54:20.504 W/InputMethodManagerService( 1591): Window already focused, ignoring focus gain of: com.android.internal.view.IInputMethodClient$Stub$Proxy@8a13e56 attribute=null, token = android.os.BinderProxy@364e2ef
12-09 07:54:20.587 W/System  ( 8417): ClassLoader referenced unknown path: /data/app/com.evancharlton.mileage.test-1/lib/x86_64
12-09 07:54:20.587 W/System  ( 8417): ClassLoader referenced unknown path: /data/app/com.evancharlton.mileage-1/lib/x86_64
12-09 07:54:20.642 I/System.out( 8417): Main activity name automatically set to: com.evancharlton.mileage.Mileage
12-09 07:54:20.643 I/System.out( 8417): Calabash did not load Mono. This is only a problem if you are trying to test a Mono application
12-09 07:54:20.643 I/calabash( 8417): Test server port: 7102
12-09 07:54:20.644 I/InstrumentationBackend( 8417): Added:'GetPreferences', with key:'get_preferences'
12-09 07:54:20.731 I/InstrumentationBackend( 8417): Added:'SetPreferences', with key:'set_preferences'
12-09 07:54:20.737 I/InstrumentationBackend( 8417): Added:'ClearPreferences', with key:'clear_preferences'
12-09 07:54:20.737 I/InstrumentationBackend( 8417): Added:'PressElement', with key:'press_l10n_element'
12-09 07:54:20.737 I/InstrumentationBackend( 8417): Added:'WaitForElement', with key:'wait_for_l10n_element'
12-09 07:54:20.738 I/InstrumentationBackend( 8417): Added:'NullAction', with key:'nullAction'
12-09 07:54:20.738 I/InstrumentationBackend( 8417): Added:'PressKey', with key:'press_key'
12-09 07:54:20.738 I/InstrumentationBackend( 8417): Added:'SetActivityOrientation', with key:'set_activity_orientation'
12-09 07:54:20.738 I/InstrumentationBackend( 8417): Added:'GetActivityOrientation', with key:'get_activity_orientation'
12-09 07:54:20.739 I/InstrumentationBackend( 8417): Added:'FakeGPSLocation', with key:'set_gps_coordinates'
12-09 07:54:20.739 I/InstrumentationBackend( 8417): Added:'SetPropertyByCssSelector', with key:'set_property_by_css_selector'
12-09 07:54:20.739 I/InstrumentationBackend( 8417): Added:'GetUrl', with key:'get_url'
12-09 07:54:20.740 I/InstrumentationBackend( 8417): Added:'ScrollTo', with key:'scroll_to'
12-09 07:54:20.740 I/InstrumentationBackend( 8417): Added:'GetLoadProgress', with key:'get_load_progress'
12-09 07:54:20.740 I/InstrumentationBackend( 8417): Added:'DumpHtml', with key:'dump_html'
12-09 07:54:20.740 I/InstrumentationBackend( 8417): Added:'DumpBodyHtml', with key:'dump_body_html'
12-09 07:54:20.742 I/InstrumentationBackend( 8417): Added:'EnterTextByCssSelector', with key:'enter_text_by_selector'
12-09 07:54:20.743 I/InstrumentationBackend( 8417): Added:'AndroidSDKVersion', with key:'android_sdk_version'
12-09 07:54:20.743 I/InstrumentationBackend( 8417): Added:'Version', with key:'version'
12-09 07:54:20.743 I/InstrumentationBackend( 8417): Added:'Drag', with key:'drag'
12-09 07:54:20.744 I/InstrumentationBackend( 8417): Added:'TouchCoordinates', with key:'touch_coordinate'
12-09 07:54:20.744 I/InstrumentationBackend( 8417): Added:'LongPressCoordinate', with key:'long_press_coordinate'
12-09 07:54:20.744 I/InstrumentationBackend( 8417): Added:'DragCoordinates', with key:'drag_coordinates'
12-09 07:54:20.744 I/InstrumentationBackend( 8417): Added:'ResumeApplication', with key:'resume_application'
12-09 07:54:20.744 I/InstrumentationBackend( 8417): Added:'Swipe', with key:'swipe'
12-09 07:54:20.745 I/InstrumentationBackend( 8417): Added:'DoubleTapCoordinate', with key:'double_tap_coordinate'
12-09 07:54:20.749 I/InstrumentationBackend( 8417): Added:'ClickOnScreen', with key:'click_on_screen'
12-09 07:54:20.749 I/InstrumentationBackend( 8417): Added:'GetActivityName', with key:'get_activity_name'
12-09 07:54:20.749 I/InstrumentationBackend( 8417): Added:'ScrollToView', with key:'scroll_to_view'
12-09 07:54:20.749 I/InstrumentationBackend( 8417): Added:'ViewConfiguration', with key:'view_configuration'
12-09 07:54:20.750 I/InstrumentationBackend( 8417): Added:'IsCurrentActivityFocused', with key:'is_current_activity_focused'
12-09 07:54:20.750 I/InstrumentationBackend( 8417): Added:'SendTcp', with key:'send_tcp'
12-09 07:54:20.750 I/InstrumentationBackend( 8417): Added:'DpToDevicePixel', with key:'dp_to_device_pixel'
12-09 07:54:20.750 I/InstrumentationBackend( 8417): Added:'KeyboardEnterText', with key:'keyboard_enter_text'
12-09 07:54:20.751 I/InstrumentationBackend( 8417): Added:'DeleteSurroundingText', with key:'delete_surrounding_text'
12-09 07:54:20.751 I/InstrumentationBackend( 8417): Added:'SetComposingRegion', with key:'set_composing_region'
12-09 07:54:20.751 I/InstrumentationBackend( 8417): Added:'SetSelection', with key:'set_selection'
12-09 07:54:20.751 I/InstrumentationBackend( 8417): Added:'KeyboardKeyEvent', with key:'keyboard_key_event'
12-09 07:54:20.751 I/InstrumentationBackend( 8417): Added:'PressUserActionButton', with key:'press_user_action_button'
12-09 07:54:20.752 I/InstrumentationBackend( 8417): Added:'HideSoftKeyboard', with key:'hide_soft_keyboard'
12-09 07:54:20.752 I/InstrumentationBackend( 8417): Added:'ListActions', with key:'list_actions'
12-09 07:54:20.752 I/calabash( 8417): Instantiating http server at 7102
12-09 07:54:20.761 I/System.out( 8417): HTTP Daemon listening on: 7102
12-09 07:54:20.950 I/System.out( 8417): URI: //ping
12-09 07:54:20.953 I/System.out( 8417): params: {json={}
12-09 07:54:20.953 I/System.out( 8417): }
12-09 07:54:21.109 I/System.out( 8417): URI: //ping
12-09 07:54:21.113 I/System.out( 8417): params: {json={}
12-09 07:54:21.113 I/System.out( 8417): }
12-09 07:54:21.173 I/System.out( 8417): URI: //ready
12-09 07:54:21.173 I/System.out( 8417): params: {json={}
12-09 07:54:21.173 I/System.out( 8417): }
12-09 07:54:21.189 I/System.out( 8417): URI: //
12-09 07:54:21.189 I/System.out( 8417): params: {json={"command":"version","arguments":[]}
12-09 07:54:21.189 I/System.out( 8417): }
12-09 07:54:21.189 I/System.out( 8417): header: {date=Sun, 09 Dec 2018 07:54:21 GMT, accept=*/*, content-length=36, host=127.0.0.1:34777, user-agent=HTTPClient/1.0 (2.8.3, ruby 2.3.1 (2016-04-26)), content-type=application/json;charset=utf-8}
12-09 07:54:21.189 I/System.out( 8417): params: {json={"command":"version","arguments":[]}
12-09 07:54:21.189 I/System.out( 8417): }
12-09 07:54:21.189 I/System.out( 8417): ProP json = {"command":"version","arguments":[]}
12-09 07:54:21.189 I/System.out( 8417): files: {}
12-09 07:54:21.189 I/System.out( 8417): command: {"command":"version","arguments":[]}
12-09 07:54:21.199 I/InstrumentationBackend( 8417): Got command:'Command:'Line:null,version', arguments:'[]'
12-09 07:54:21.220 I/System.out( 8417): result:{"bonusInformation":[],"message":"0.9.8","success":true}
12-09 07:54:21.333 I/System.out( 8417): URI: //start-application
12-09 07:54:21.333 I/System.out( 8417): params: {json={"intent":null}
12-09 07:54:21.333 I/System.out( 8417): }
12-09 07:54:21.393 I/ActivityManager( 1591): START u0 {act=android.intent.action.MAIN cat=[android.intent.category.LAUNCHER] flg=0x10200000 cmp=com.evancharlton.mileage/.Mileage} from uid 10123 on display 0
12-09 07:54:21.415 I/calabash( 8417): newActivity1
12-09 07:54:21.508 I/calabash( 8417): newActivity1
12-09 07:54:21.519 W/ActivityManager( 1591): Bad activity token: android.os.BinderProxy@f70675c
12-09 07:54:21.519 W/ActivityManager( 1591): java.lang.ClassCastException: android.os.BinderProxy cannot be cast to com.android.server.am.ActivityRecord$Token
12-09 07:54:21.519 W/ActivityManager( 1591): 	at com.android.server.am.ActivityRecord.forTokenLocked(ActivityRecord.java:424)
12-09 07:54:21.519 W/ActivityManager( 1591): 	at com.android.server.am.ActivityRecord.isInStackLocked(ActivityRecord.java:1121)
12-09 07:54:21.519 W/ActivityManager( 1591): 	at com.android.server.am.ActivityRecord.getStackLocked(ActivityRecord.java:1126)
12-09 07:54:21.519 W/ActivityManager( 1591): 	at com.android.server.am.ActivityManagerService.getActivityDisplayId(ActivityManagerService.java:8889)
12-09 07:54:21.519 W/ActivityManager( 1591): 	at android.app.ActivityManagerNative.onTransact(ActivityManagerNative.java:2338)
12-09 07:54:21.519 W/ActivityManager( 1591): 	at com.android.server.am.ActivityManagerService.onTransact(ActivityManagerService.java:2443)
12-09 07:54:21.519 W/ActivityManager( 1591): 	at android.os.Binder.execTransact(Binder.java:453)
12-09 07:54:21.537 W/ActivityManager( 1591): Bad activity token: android.os.BinderProxy@f70675c
12-09 07:54:21.537 W/ActivityManager( 1591): java.lang.ClassCastException: android.os.BinderProxy cannot be cast to com.android.server.am.ActivityRecord$Token
12-09 07:54:21.537 W/ActivityManager( 1591): 	at com.android.server.am.ActivityRecord.forTokenLocked(ActivityRecord.java:424)
12-09 07:54:21.537 W/ActivityManager( 1591): 	at com.android.server.am.ActivityRecord.isInStackLocked(ActivityRecord.java:1121)
12-09 07:54:21.537 W/ActivityManager( 1591): 	at com.android.server.am.ActivityManagerService.setTaskDescription(ActivityManagerService.java:8547)
12-09 07:54:21.537 W/ActivityManager( 1591): 	at android.app.ActivityManagerNative.onTransact(ActivityManagerNative.java:2410)
12-09 07:54:21.537 W/ActivityManager( 1591): 	at com.android.server.am.ActivityManagerService.onTransact(ActivityManagerService.java:2443)
12-09 07:54:21.537 W/ActivityManager( 1591): 	at android.os.Binder.execTransact(Binder.java:453)
12-09 07:54:21.647 D/gralloc_ranchu( 1223): gralloc_alloc: Creating ashmem region of size 3686400
12-09 07:54:22.010 V/PhoneStatusBar( 1706): setLightsOn(true)
12-09 07:54:22.085 D/FillupsProvider( 8417): Creating database
12-09 07:54:22.245 D/EGL_emulation( 1922): eglMakeCurrent: 0x7f91c29b4b40: ver 2 0 (tinfo 0x7f91c2982d80)
12-09 07:54:22.269 E/Surface ( 1922): getSlotFromBufferLocked: unknown buffer: 0x7f91bef8c060
12-09 07:54:22.361 W/art     ( 8417): Suspending all threads took: 42.516ms
12-09 07:54:22.401 I/art     ( 8417): Background sticky concurrent mark sweep GC freed 7373(468KB) AllocSpace objects, 0(0B) LOS objects, 27% free, 1664KB/2MB, paused 48.746ms total 105.637ms
12-09 07:54:22.429 W/ActivityManager( 1591): Bad activity token: android.os.BinderProxy@f70675c
12-09 07:54:22.429 W/ActivityManager( 1591): java.lang.ClassCastException: android.os.BinderProxy cannot be cast to com.android.server.am.ActivityRecord$Token
12-09 07:54:22.429 W/ActivityManager( 1591): 	at com.android.server.am.ActivityRecord.forTokenLocked(ActivityRecord.java:424)
12-09 07:54:22.429 W/ActivityManager( 1591): 	at com.android.server.am.ActivityRecord.isInStackLocked(ActivityRecord.java:1121)
12-09 07:54:22.429 W/ActivityManager( 1591): 	at com.android.server.am.ActivityManagerService.getActivityOptions(ActivityManagerService.java:11038)
12-09 07:54:22.429 W/ActivityManager( 1591): 	at android.app.ActivityManagerNative.onTransact(ActivityManagerNative.java:1734)
12-09 07:54:22.429 W/ActivityManager( 1591): 	at com.android.server.am.ActivityManagerService.onTransact(ActivityManagerService.java:2443)
12-09 07:54:22.429 W/ActivityManager( 1591): 	at android.os.Binder.execTransact(Binder.java:453)
12-09 07:54:22.430 W/ActivityManager( 1591): Bad activity token: android.os.BinderProxy@f70675c
12-09 07:54:22.430 W/ActivityManager( 1591): java.lang.ClassCastException: android.os.BinderProxy cannot be cast to com.android.server.am.ActivityRecord$Token
12-09 07:54:22.430 W/ActivityManager( 1591): 	at com.android.server.am.ActivityRecord.forTokenLocked(ActivityRecord.java:424)
12-09 07:54:22.430 W/ActivityManager( 1591): 	at com.android.server.am.ActivityRecord.isInStackLocked(ActivityRecord.java:1121)
12-09 07:54:22.430 W/ActivityManager( 1591): 	at com.android.server.am.ActivityManagerService.getActivityOptions(ActivityManagerService.java:11038)
12-09 07:54:22.430 W/ActivityManager( 1591): 	at android.app.ActivityManagerNative.onTransact(ActivityManagerNative.java:1734)
12-09 07:54:22.430 W/ActivityManager( 1591): 	at com.android.server.am.ActivityManagerService.onTransact(ActivityManagerService.java:2443)
12-09 07:54:22.430 W/ActivityManager( 1591): 	at android.os.Binder.execTransact(Binder.java:453)
12-09 07:54:22.570 W/art     ( 1591): Long monitor contention event with owner method=void com.android.server.wm.WindowAnimator$1.doFrame(long) from WindowAnimator.java:121 waiters=0 for 180ms
12-09 07:54:22.938 W/art     ( 1591): Long monitor contention event with owner method=void com.android.server.wm.WindowAnimator$1.doFrame(long) from WindowAnimator.java:121 waiters=2 for 260ms
12-09 07:54:23.098 I/Choreographer( 1706): Skipped 30 frames!  The application may be doing too much work on its main thread.
12-09 07:54:23.342 D/gralloc_ranchu( 1223): gralloc_alloc: Creating ashmem region of size 3686400
12-09 07:54:23.438 I/ContentMaintenance( 2341): Internal cache bytes used: 0; limit: 40626585; download size: 0
12-09 07:54:23.446 I/RealtimeCacheCleanup( 2341): Beginning Realtime garbage collection.
12-09 07:54:23.447 I/RealtimeCacheCleanup( 2341): Finished Realtime garbage collection.
12-09 07:54:23.458 D/        ( 8417): HostConnection::get() New Host Connection established 0x7f91beffcf20, tid 8417
12-09 07:54:23.592 I/ActivityManager( 1591): Displayed com.evancharlton.mileage/.Mileage: +2s181ms
12-09 07:54:23.659 D/gralloc_ranchu( 1223): gralloc_alloc: Creating ashmem region of size 3686400
12-09 07:54:23.694 I/art     ( 8417): Background partial concurrent mark sweep GC freed 3156(218KB) AllocSpace objects, 0(0B) LOS objects, 39% free, 1889KB/3MB, paused 9.669ms total 36.028ms
12-09 07:54:24.433 I/System.out( 8417): URI: //map
12-09 07:54:24.433 I/System.out( 8417): params: {json={"query":"android.widget.Button index:2","operation":{"method_name":"query","arguments":[]}}
12-09 07:54:24.433 I/System.out( 8417): }
12-09 07:54:24.903 I/art     ( 8417): Background partial concurrent mark sweep GC freed 33315(1502KB) AllocSpace objects, 1(20KB) LOS objects, 39% free, 2MB/3MB, paused 1.514ms total 147.400ms
12-09 07:54:25.001 I/System.out( 8417): URI: //gesture
12-09 07:54:25.001 I/System.out( 8417): params: {json={"query_timeout":5.0,"gestures":[{"query_string":"android.widget.Button index:2","touches":[{"x":50,"y":50,"offset_x":0,"offset_y":0,"wait":0.0,"time":0.2,"release":true,"query_string":null}]}]}
12-09 07:54:25.001 I/System.out( 8417): }
12-09 07:54:25.437 W/AudioTrack( 1591): AUDIO_OUTPUT_FLAG_FAST denied by client; transfer 4, track 48000 Hz, output 44100 Hz
12-09 07:54:25.536 W/audio_hw_generic( 1308): Hardware backing HAL too slow, could only write 0 of 661 frames
12-09 07:54:25.555 W/audio_hw_generic( 1308): Hardware backing HAL too slow, could only write 0 of 661 frames
12-09 07:54:25.569 W/audio_hw_generic( 1308): Hardware backing HAL too slow, could only write 0 of 661 frames
12-09 07:54:25.581 W/audio_hw_generic( 1308): Hardware backing HAL too slow, could only write 0 of 661 frames
12-09 07:54:25.586 I/art     ( 8417): Background sticky concurrent mark sweep GC freed 53419(2MB) AllocSpace objects, 2(40KB) LOS objects, 40% free, 2MB/3MB, paused 1.321ms total 130.063ms
12-09 07:54:25.601 W/audio_hw_generic( 1308): Hardware backing HAL too slow, could only write 0 of 661 frames
12-09 07:54:25.751 D/gralloc_ranchu( 1223): gralloc_alloc: Creating ashmem region of size 45056
12-09 07:54:26.102 E/SurfaceFlinger( 1223): ro.sf.lcd_density must be defined as a build property
12-09 07:54:26.105 D/gralloc_ranchu( 1223): gralloc_alloc: Creating ashmem region of size 3686400
12-09 07:54:26.127 D/        ( 8445): HostConnection::get() New Host Connection established 0x7ff7cc352480, tid 8445
12-09 07:54:26.152 E/EGL_emulation( 1223): tid 1223: eglCreateSyncKHR(1881): error 0x3004 (EGL_BAD_ATTRIBUTE)
12-09 07:54:26.207 W/audio_hw_generic( 1308): Not supplying enough data to HAL, expected position 14890852 , only wrote 14890347
12-09 07:54:26.238 W/audio_hw_generic( 1308): Hardware backing HAL too slow, could only write 0 of 661 frames
12-09 07:54:26.252 W/audio_hw_generic( 1308): Hardware backing HAL too slow, could only write 0 of 661 frames
12-09 07:54:26.267 W/audio_hw_generic( 1308): Hardware backing HAL too slow, could only write 0 of 661 frames
12-09 07:54:26.298 W/audio_hw_generic( 1308): Hardware backing HAL too slow, could only write 0 of 661 frames
12-09 07:54:26.414 W/audio_hw_generic( 1308): Not supplying enough data to HAL, expected position 14899475 , only wrote 14898940
12-09 07:54:26.414 W/audio_hw_generic( 1308): Not supplying enough data to HAL, expected position 14898948 , only wrote 14898940
12-09 07:54:26.572 W/audio_hw_generic( 1308): Not supplying enough data to HAL, expected position 14905919 , only wrote 14904889
12-09 07:54:26.572 W/audio_hw_generic( 1308): Not supplying enough data to HAL, expected position 14904896 , only wrote 14904889
12-09 07:54:26.620 W/audio_hw_generic( 1308): Not supplying enough data to HAL, expected position 14906982 , only wrote 14905550
12-09 07:54:26.956 W/audio_hw_generic( 1308): Not supplying enough data to HAL, expected position 14920398 , only wrote 14920092
12-09 07:54:26.957 W/audio_hw_generic( 1308): Not supplying enough data to HAL, expected position 14920100 , only wrote 14920092
