12-09 07:37:17.593 W/audio_hw_generic( 1306): Not supplying enough data to HAL, expected position 1030506 , only wrote 1030499
12-09 07:37:17.605 W/ResourceType( 3860): No package identifier when getting name for resource number 0x00000001
12-09 07:37:17.728 I/System.out( 3860): URI: //gesture
12-09 07:37:17.728 I/System.out( 3860): params: {json={"query_timeout":5.0,"gestures":[{"query_string":"android.widget.EditText id:'price'","touches":[{"x":50,"y":50,"offset_x":0,"offset_y":0,"wait":0.0,"time":0.2,"release":true,"query_string":null}]}]}
12-09 07:37:17.728 I/System.out( 3860): }
12-09 07:37:17.929 W/ResourceType( 3860): No package identifier when getting name for resource number 0x00000001
12-09 07:37:17.998 W/audio_hw_generic( 1306): Not supplying enough data to HAL, expected position 1048369 , only wrote 1048346
12-09 07:37:18.060 W/audio_hw_generic( 1306): Not supplying enough data to HAL, expected position 1051053 , only wrote 1050990
12-09 07:37:18.060 W/audio_hw_generic( 1306): Not supplying enough data to HAL, expected position 1050997 , only wrote 1050990
12-09 07:37:18.077 W/audio_hw_generic( 1306): Not supplying enough data to HAL, expected position 1051722 , only wrote 1051651
12-09 07:37:18.465 W/audio_hw_generic( 1306): Not supplying enough data to HAL, expected position 1068127 , only wrote 1064210
12-09 07:37:18.481 W/audio_hw_generic( 1306): Not supplying enough data to HAL, expected position 1065567 , only wrote 1064871
12-09 07:37:18.481 W/audio_hw_generic( 1306): Not supplying enough data to HAL, expected position 1064878 , only wrote 1064871
12-09 07:37:18.501 W/audio_hw_generic( 1306): Not supplying enough data to HAL, expected position 1065730 , only wrote 1065532
12-09 07:37:18.571 W/audio_hw_generic( 1306): Hardware backing HAL too slow, could only write 0 of 661 frames
12-09 07:37:18.572 W/audio_hw_generic( 1306): Not supplying enough data to HAL, expected position 1068661 , only wrote 1068176
12-09 07:37:18.572 W/audio_hw_generic( 1306): Not supplying enough data to HAL, expected position 1068182 , only wrote 1068176
12-09 07:37:18.589 W/audio_hw_generic( 1306): Not supplying enough data to HAL, expected position 1068937 , only wrote 1068837
12-09 07:37:18.636 W/audio_hw_generic( 1306): Hardware backing HAL too slow, could only write 0 of 661 frames
12-09 07:37:18.665 W/audio_hw_generic( 1306): Hardware backing HAL too slow, could only write 0 of 661 frames
12-09 07:37:18.688 I/LatinIME( 1881): Starting input. Cursor position = 0,0
12-09 07:37:18.911 W/audio_hw_generic( 1306): Not supplying enough data to HAL, expected position 1083038 , only wrote 1081396
12-09 07:37:18.911 W/audio_hw_generic( 1306): Not supplying enough data to HAL, expected position 1081403 , only wrote 1081396
12-09 07:37:18.929 D/EGL_emulation( 1881): eglMakeCurrent: 0x7fa32eb02140: ver 2 0 (tinfo 0x7fa3365b38e0)
12-09 07:37:19.008 W/audio_hw_generic( 1306): Hardware backing HAL too slow, could only write 0 of 661 frames
12-09 07:37:19.083 W/audio_hw_generic( 1306): Not supplying enough data to HAL, expected position 1088963 , only wrote 1088667
12-09 07:37:19.124 W/audio_hw_generic( 1306): Not supplying enough data to HAL, expected position 1090491 , only wrote 1089989
12-09 07:37:19.173 I/System.out( 3860): URI: //
12-09 07:37:19.173 I/System.out( 3860): params: {json={"command":"set_selection","arguments":[-1,-1]}
12-09 07:37:19.173 I/System.out( 3860): }
12-09 07:37:19.173 I/System.out( 3860): header: {date=Sun, 09 Dec 2018 07:37:19 GMT, accept=*/*, content-length=47, host=127.0.0.1:34777, user-agent=HTTPClient/1.0 (2.8.3, ruby 2.3.1 (2016-04-26)), content-type=application/json;charset=utf-8}
12-09 07:37:19.174 I/System.out( 3860): params: {json={"command":"set_selection","arguments":[-1,-1]}
12-09 07:37:19.174 I/System.out( 3860): }
12-09 07:37:19.174 I/System.out( 3860): ProP json = {"command":"set_selection","arguments":[-1,-1]}
12-09 07:37:19.174 I/System.out( 3860): files: {}
12-09 07:37:19.174 I/System.out( 3860): command: {"command":"set_selection","arguments":[-1,-1]}
12-09 07:37:19.175 I/InstrumentationBackend( 3860): Got command:'Command:'Line:null,set_selection', arguments:'[-1, -1]'
12-09 07:37:19.226 W/audio_hw_generic( 1306): Not supplying enough data to HAL, expected position 1094466 , only wrote 1093955
12-09 07:37:19.226 W/audio_hw_generic( 1306): Hardware backing HAL too slow, could only write 0 of 661 frames
12-09 07:37:19.241 W/audio_hw_generic( 1306): Hardware backing HAL too slow, could only write 0 of 661 frames
12-09 07:37:19.257 W/audio_hw_generic( 1306): Hardware backing HAL too slow, could only write 0 of 661 frames
12-09 07:37:19.279 I/System.out( 3860): result:{"bonusInformation":[],"message":"","success":true}
12-09 07:37:19.293 W/audio_hw_generic( 1306): Hardware backing HAL too slow, could only write 0 of 661 frames
12-09 07:37:19.305 W/audio_hw_generic( 1306): Hardware backing HAL too slow, could only write 0 of 661 frames
12-09 07:37:19.327 W/audio_hw_generic( 1306): Hardware backing HAL too slow, could only write 0 of 661 frames
12-09 07:37:19.469 I/System.out( 3860): URI: //
12-09 07:37:19.469 I/System.out( 3860): params: {json={"command":"keyboard_enter_text","arguments":["54"]}
12-09 07:37:19.469 I/System.out( 3860): }
12-09 07:37:19.469 I/System.out( 3860): header: {date=Sun, 09 Dec 2018 07:37:20 GMT, accept=*/*, content-length=52, host=127.0.0.1:34777, user-agent=HTTPClient/1.0 (2.8.3, ruby 2.3.1 (2016-04-26)), content-type=application/json;charset=utf-8}
12-09 07:37:19.469 I/System.out( 3860): params: {json={"command":"keyboard_enter_text","arguments":["54"]}
12-09 07:37:19.469 I/System.out( 3860): }
12-09 07:37:19.469 I/System.out( 3860): ProP json = {"command":"keyboard_enter_text","arguments":["54"]}
12-09 07:37:19.469 I/System.out( 3860): files: {}
12-09 07:37:19.469 I/System.out( 3860): command: {"command":"keyboard_enter_text","arguments":["54"]}
12-09 07:37:19.471 I/InstrumentationBackend( 3860): Got command:'Command:'Line:null,keyboard_enter_text', arguments:'[54]'
12-09 07:37:19.471 E/SpannableStringBuilder( 3860): SPAN_EXCLUSIVE_EXCLUSIVE spans cannot have a zero length
12-09 07:37:19.510 E/SpannableStringBuilder( 3860): SPAN_EXCLUSIVE_EXCLUSIVE spans cannot have a zero length
12-09 07:37:19.526 W/audio_hw_generic( 1306): Not supplying enough data to HAL, expected position 1120327 , only wrote 1107175
12-09 07:37:19.644 E/SpannableStringBuilder( 3860): SPAN_EXCLUSIVE_EXCLUSIVE spans cannot have a zero length
12-09 07:37:19.644 E/SpannableStringBuilder( 3860): SPAN_EXCLUSIVE_EXCLUSIVE spans cannot have a zero length
12-09 07:37:19.670 I/System.out( 3860): result:{"bonusInformation":[],"message":"","success":true}
12-09 07:37:19.831 I/art     ( 3860): Background sticky concurrent mark sweep GC freed 27691(1274KB) AllocSpace objects, 6(120KB) LOS objects, 33% free, 2MB/4MB, paused 1.133ms total 172.894ms
12-09 07:37:19.832 I/System.out( 3860): URI: //map
12-09 07:37:19.832 I/System.out( 3860): params: {json={"query":"android.widget.EditText id:'volume'","operation":{"method_name":"query","arguments":[]}}
12-09 07:37:19.833 I/System.out( 3860): }
12-09 07:37:19.852 W/ResourceType( 3860): No package identifier when getting name for resource number 0x00000001
12-09 07:37:20.077 I/System.out( 3860): URI: //gesture
12-09 07:37:20.077 I/System.out( 3860): params: {json={"query_timeout":5.0,"gestures":[{"query_string":"android.widget.EditText id:'volume'","touches":[{"x":50,"y":50,"offset_x":0,"offset_y":0,"wait":0.0,"time":0.2,"release":true,"query_string":null}]}]}
12-09 07:37:20.078 I/System.out( 3860): }
12-09 07:37:20.186 I/art     ( 3860): Background sticky concurrent mark sweep GC freed 45081(2026KB) AllocSpace objects, 1(20KB) LOS objects, 15% free, 3MB/4MB, paused 17.448ms total 272.622ms
12-09 07:37:20.322 W/ResourceType( 3860): No package identifier when getting name for resource number 0x00000001
12-09 07:37:20.798 I/LatinIME( 1881): Starting input. Cursor position = 0,0
12-09 07:37:20.892 W/art     ( 3860): Suspending all threads took: 33.644ms
12-09 07:37:20.933 I/art     ( 3860): Background sticky concurrent mark sweep GC freed 45025(2027KB) AllocSpace objects, 2(40KB) LOS objects, 27% free, 2MB/4MB, paused 34.989ms total 110.406ms
12-09 07:37:21.433 I/System.out( 3860): URI: //
12-09 07:37:21.433 I/System.out( 3860): params: {json={"command":"set_selection","arguments":[-1,-1]}
12-09 07:37:21.433 I/System.out( 3860): }
12-09 07:37:21.433 I/System.out( 3860): header: {date=Sun, 09 Dec 2018 07:37:22 GMT, accept=*/*, content-length=47, host=127.0.0.1:34777, user-agent=HTTPClient/1.0 (2.8.3, ruby 2.3.1 (2016-04-26)), content-type=application/json;charset=utf-8}
12-09 07:37:21.433 I/System.out( 3860): params: {json={"command":"set_selection","arguments":[-1,-1]}
12-09 07:37:21.433 I/System.out( 3860): }
12-09 07:37:21.433 I/System.out( 3860): ProP json = {"command":"set_selection","arguments":[-1,-1]}
12-09 07:37:21.433 I/System.out( 3860): files: {}
12-09 07:37:21.433 I/System.out( 3860): command: {"command":"set_selection","arguments":[-1,-1]}
12-09 07:37:21.434 I/InstrumentationBackend( 3860): Got command:'Command:'Line:null,set_selection', arguments:'[-1, -1]'
12-09 07:37:21.440 I/System.out( 3860): result:{"bonusInformation":[],"message":"","success":true}
12-09 07:37:21.611 I/art     ( 1881): Background partial concurrent mark sweep GC freed 4938(367KB) AllocSpace objects, 3(60KB) LOS objects, 40% free, 1871KB/3MB, paused 15.348ms total 21.938ms
12-09 07:37:21.618 I/System.out( 3860): URI: //
12-09 07:37:21.618 I/System.out( 3860): params: {json={"command":"keyboard_enter_text","arguments":["100"]}
12-09 07:37:21.618 I/System.out( 3860): }
12-09 07:37:21.618 I/System.out( 3860): header: {date=Sun, 09 Dec 2018 07:37:22 GMT, accept=*/*, content-length=53, host=127.0.0.1:34777, user-agent=HTTPClient/1.0 (2.8.3, ruby 2.3.1 (2016-04-26)), content-type=application/json;charset=utf-8}
12-09 07:37:21.618 I/System.out( 3860): params: {json={"command":"keyboard_enter_text","arguments":["100"]}
12-09 07:37:21.618 I/System.out( 3860): }
12-09 07:37:21.618 I/System.out( 3860): ProP json = {"command":"keyboard_enter_text","arguments":["100"]}
12-09 07:37:21.618 I/System.out( 3860): files: {}
12-09 07:37:21.618 I/System.out( 3860): command: {"command":"keyboard_enter_text","arguments":["100"]}
12-09 07:37:21.619 I/InstrumentationBackend( 3860): Got command:'Command:'Line:null,keyboard_enter_text', arguments:'[100]'
12-09 07:37:21.620 E/SpannableStringBuilder( 3860): SPAN_EXCLUSIVE_EXCLUSIVE spans cannot have a zero length
12-09 07:37:21.620 E/SpannableStringBuilder( 3860): SPAN_EXCLUSIVE_EXCLUSIVE spans cannot have a zero length
12-09 07:37:21.634 E/SpannableStringBuilder( 3860): SPAN_EXCLUSIVE_EXCLUSIVE spans cannot have a zero length
12-09 07:37:21.634 E/SpannableStringBuilder( 3860): SPAN_EXCLUSIVE_EXCLUSIVE spans cannot have a zero length
12-09 07:37:21.651 I/System.out( 3860): result:{"bonusInformation":[],"message":"","success":true}
12-09 07:37:21.702 I/System.out( 3860): URI: //map
12-09 07:37:21.702 I/System.out( 3860): params: {json={"query":"android.widget.EditText id:'odometer'","operation":{"method_name":"query","arguments":[]}}
12-09 07:37:21.703 I/System.out( 3860): }
12-09 07:37:21.742 W/ResourceType( 3860): No package identifier when getting name for resource number 0x00000001
12-09 07:37:21.799 W/art     ( 3860): Suspending all threads took: 12.849ms
12-09 07:37:21.899 I/art     ( 3860): Background sticky concurrent mark sweep GC freed 41640(1775KB) AllocSpace objects, 2(40KB) LOS objects, 16% free, 3MB/4MB, paused 14.149ms total 146.702ms
12-09 07:37:21.982 I/System.out( 3860): URI: //gesture
12-09 07:37:21.982 I/System.out( 3860): params: {json={"query_timeout":5.0,"gestures":[{"query_string":"android.widget.EditText id:'odometer'","touches":[{"x":50,"y":50,"offset_x":0,"offset_y":0,"wait":0.0,"time":0.2,"release":true,"query_string":null}]}]}
12-09 07:37:21.982 I/System.out( 3860): }
12-09 07:37:22.022 W/ResourceType( 3860): No package identifier when getting name for resource number 0x00000001
12-09 07:37:22.041 W/art     ( 3860): Suspending all threads took: 15.544ms
12-09 07:37:22.063 I/art     ( 3860): Background sticky concurrent mark sweep GC freed 18414(865KB) AllocSpace objects, 2(40KB) LOS objects, 20% free, 3MB/4MB, paused 17.092ms total 54.022ms
12-09 07:37:22.336 I/LatinIME( 1881): Starting input. Cursor position = 0,0
12-09 07:37:23.053 I/System.out( 3860): URI: //
12-09 07:37:23.060 I/System.out( 3860): params: {json={"command":"set_selection","arguments":[-1,-1]}
12-09 07:37:23.060 I/System.out( 3860): }
12-09 07:37:23.060 I/System.out( 3860): header: {date=Sun, 09 Dec 2018 07:37:23 GMT, accept=*/*, content-length=47, host=127.0.0.1:34777, user-agent=HTTPClient/1.0 (2.8.3, ruby 2.3.1 (2016-04-26)), content-type=application/json;charset=utf-8}
12-09 07:37:23.061 I/System.out( 3860): params: {json={"command":"set_selection","arguments":[-1,-1]}
12-09 07:37:23.061 I/System.out( 3860): }
12-09 07:37:23.061 I/System.out( 3860): ProP json = {"command":"set_selection","arguments":[-1,-1]}
12-09 07:37:23.061 I/System.out( 3860): files: {}
12-09 07:37:23.061 I/System.out( 3860): command: {"command":"set_selection","arguments":[-1,-1]}
12-09 07:37:23.062 I/InstrumentationBackend( 3860): Got command:'Command:'Line:null,set_selection', arguments:'[-1, -1]'
12-09 07:37:23.126 I/System.out( 3860): result:{"bonusInformation":[],"message":"","success":true}
12-09 07:37:23.242 I/System.out( 3860): URI: //
12-09 07:37:23.242 I/System.out( 3860): params: {json={"command":"keyboard_enter_text","arguments":["14"]}
12-09 07:37:23.242 I/System.out( 3860): }
12-09 07:37:23.242 I/System.out( 3860): header: {date=Sun, 09 Dec 2018 07:37:24 GMT, accept=*/*, content-length=52, host=127.0.0.1:34777, user-agent=HTTPClient/1.0 (2.8.3, ruby 2.3.1 (2016-04-26)), content-type=application/json;charset=utf-8}
12-09 07:37:23.242 I/System.out( 3860): params: {json={"command":"keyboard_enter_text","arguments":["14"]}
12-09 07:37:23.242 I/System.out( 3860): }
12-09 07:37:23.242 I/System.out( 3860): ProP json = {"command":"keyboard_enter_text","arguments":["14"]}
12-09 07:37:23.242 I/System.out( 3860): files: {}
12-09 07:37:23.242 I/System.out( 3860): command: {"command":"keyboard_enter_text","arguments":["14"]}
12-09 07:37:23.243 I/InstrumentationBackend( 3860): Got command:'Command:'Line:null,keyboard_enter_text', arguments:'[14]'
12-09 07:37:23.244 E/SpannableStringBuilder( 3860): SPAN_EXCLUSIVE_EXCLUSIVE spans cannot have a zero length
12-09 07:37:23.244 E/SpannableStringBuilder( 3860): SPAN_EXCLUSIVE_EXCLUSIVE spans cannot have a zero length
12-09 07:37:23.283 E/SpannableStringBuilder( 3860): SPAN_EXCLUSIVE_EXCLUSIVE spans cannot have a zero length
12-09 07:37:23.283 E/SpannableStringBuilder( 3860): SPAN_EXCLUSIVE_EXCLUSIVE spans cannot have a zero length
12-09 07:37:23.288 I/System.out( 3860): result:{"bonusInformation":[],"message":"","success":true}
12-09 07:37:24.491 I/System.out( 3860): URI: //map
12-09 07:37:24.513 I/System.out( 3860): params: {json={"query":"android.widget.Button index:2","operation":{"method_name":"query","arguments":[]}}
12-09 07:37:24.513 I/System.out( 3860): }
12-09 07:37:24.674 I/art     ( 3860): Background sticky concurrent mark sweep GC freed 23561(1175KB) AllocSpace objects, 0(0B) LOS objects, 14% free, 3MB/4MB, paused 5.324ms total 60.647ms
12-09 07:37:24.701 I/System.out( 3860): URI: //gesture
12-09 07:37:24.701 I/System.out( 3860): params: {json={"query_timeout":5.0,"gestures":[{"query_string":"android.widget.Button index:2","touches":[{"x":50,"y":50,"offset_x":0,"offset_y":0,"wait":0.0,"time":0.2,"release":true,"query_string":null}]}]}
12-09 07:37:24.701 I/System.out( 3860): }
12-09 07:37:25.277 W/audio_hw_generic( 1306): Hardware backing HAL too slow, could only write 0 of 661 frames
12-09 07:37:25.313 W/audio_hw_generic( 1306): Hardware backing HAL too slow, could only write 0 of 661 frames
12-09 07:37:25.324 W/audio_hw_generic( 1306): Hardware backing HAL too slow, could only write 0 of 661 frames
12-09 07:37:25.326 I/art     ( 3860): Background sticky concurrent mark sweep GC freed 9210(376KB) AllocSpace objects, 0(0B) LOS objects, 0% free, 4MB/4MB, paused 1.529ms total 110.778ms
12-09 07:37:25.333 W/audio_hw_generic( 1306): Hardware backing HAL too slow, could only write 0 of 661 frames
12-09 07:37:25.357 W/audio_hw_generic( 1306): Hardware backing HAL too slow, could only write 0 of 661 frames
12-09 07:37:25.621 W/audio_hw_generic( 1306): Not supplying enough data to HAL, expected position 1123867 , only wrote 1123700
12-09 07:37:25.622 I/art     ( 3860): Background partial concurrent mark sweep GC freed 33016(2MB) AllocSpace objects, 13(260KB) LOS objects, 39% free, 2MB/4MB, paused 1.152ms total 202.239ms
12-09 07:37:25.861 W/audio_hw_generic( 1306): Not supplying enough data to HAL, expected position 1134310 , only wrote 1134276
12-09 07:37:25.862 W/audio_hw_generic( 1306): Not supplying enough data to HAL, expected position 1134297 , only wrote 1134276
12-09 07:37:25.877 W/audio_hw_generic( 1306): Not supplying enough data to HAL, expected position 1134948 , only wrote 1134937
12-09 07:37:25.892 W/audio_hw_generic( 1306): Hardware backing HAL too slow, could only write 0 of 661 frames
12-09 07:37:25.911 W/audio_hw_generic( 1306): Hardware backing HAL too slow, could only write 0 of 661 frames
12-09 07:37:25.925 W/audio_hw_generic( 1306): Hardware backing HAL too slow, could only write 0 of 661 frames
12-09 07:37:25.927 I/LatinIME( 1881): Starting input. Cursor position = -1,-1
12-09 07:37:25.940 W/audio_hw_generic( 1306): Hardware backing HAL too slow, could only write 0 of 661 frames
12-09 07:37:25.951 I/Choreographer( 3860): Skipped 45 frames!  The application may be doing too much work on its main thread.
12-09 07:37:25.976 W/audio_hw_generic( 1306): Hardware backing HAL too slow, could only write 0 of 661 frames
12-09 07:37:25.985 W/audio_hw_generic( 1306): Hardware backing HAL too slow, could only write 0 of 661 frames
12-09 07:37:26.005 W/audio_hw_generic( 1306): Hardware backing HAL too slow, could only write 0 of 661 frames
12-09 07:37:26.013 W/audio_hw_generic( 1306): Hardware backing HAL too slow, could only write 0 of 661 frames
12-09 07:37:26.041 E/SurfaceFlinger( 1219): ro.sf.lcd_density must be defined as a build property
12-09 07:37:26.059 D/Mileage.ABS( 3860): Finished backup
12-09 07:37:26.070 D/gralloc_ranchu( 1219): gralloc_alloc: Creating ashmem region of size 3686400
12-09 07:37:26.087 D/Mileage.ABS( 3860): Not backing up; 55
12-09 07:37:26.089 D/Mileage.ABS( 3860): Not backing up; 57
12-09 07:37:26.089 D/Mileage.ABS( 3860): Not backing up; 57
12-09 07:37:26.111 D/        ( 3948): HostConnection::get() New Host Connection established 0x7fc972312480, tid 3948
12-09 07:37:26.144 E/EGL_emulation( 1219): tid 1219: eglCreateSyncKHR(1881): error 0x3004 (EGL_BAD_ATTRIBUTE)
12-09 07:37:26.314 W/audio_hw_generic( 1306): Not supplying enough data to HAL, expected position 1154190 , only wrote 1153445
12-09 07:37:26.328 W/audio_hw_generic( 1306): Not supplying enough data to HAL, expected position 1154080 , only wrote 1153445
12-09 07:37:26.354 W/audio_hw_generic( 1306): Not supplying enough data to HAL, expected position 1154575 , only wrote 1154106
12-09 07:37:26.354 W/audio_hw_generic( 1306): Hardware backing HAL too slow, could only write 0 of 661 frames
12-09 07:37:26.389 W/audio_hw_generic( 1306): Hardware backing HAL too slow, could only write 0 of 661 frames
12-09 07:37:26.401 W/audio_hw_generic( 1306): Hardware backing HAL too slow, could only write 0 of 661 frames
12-09 07:37:26.418 W/audio_hw_generic( 1306): Hardware backing HAL too slow, could only write 0 of 661 frames
12-09 07:37:26.429 W/audio_hw_generic( 1306): Hardware backing HAL too slow, could only write 0 of 661 frames
12-09 07:37:26.445 W/audio_hw_generic( 1306): Hardware backing HAL too slow, could only write 0 of 661 frames
12-09 07:37:26.461 W/audio_hw_generic( 1306): Hardware backing HAL too slow, could only write 0 of 661 frames
12-09 07:37:26.748 W/RichInputConnection( 1881): Slow InputConnection: GET_TEXT_BEFORE_CURSOR took 233 ms.
12-09 07:37:26.792 W/audio_hw_generic( 1306): Hardware backing HAL too slow, could only write 0 of 661 frames
12-09 07:37:26.804 W/audio_hw_generic( 1306): Hardware backing HAL too slow, could only write 0 of 661 frames
12-09 07:37:26.959 I/InputAttributes( 1881): InputType.TYPE_NULL is specified
12-09 07:37:27.015 I/Choreographer( 1881): Skipped 71 frames!  The application may be doing too much work on its main thread.
12-09 07:37:27.051 W/audio_hw_generic( 1306): Not supplying enough data to HAL, expected position 1184860 , only wrote 1184512
12-09 07:37:27.051 W/audio_hw_generic( 1306): Not supplying enough data to HAL, expected position 1184519 , only wrote 1184512
12-09 07:37:27.069 W/audio_hw_generic( 1306): Not supplying enough data to HAL, expected position 1185276 , only wrote 1185173
12-09 07:37:27.106 W/audio_hw_generic( 1306): Not supplying enough data to HAL, expected position 1186809 , only wrote 1186495
12-09 07:37:27.106 W/audio_hw_generic( 1306): Hardware backing HAL too slow, could only write 0 of 661 frames
12-09 07:37:27.137 W/audio_hw_generic( 1306): Hardware backing HAL too slow, could only write 0 of 661 frames
12-09 07:37:27.151 W/audio_hw_generic( 1306): Hardware backing HAL too slow, could only write 0 of 661 frames
12-09 07:37:27.169 W/audio_hw_generic( 1306): Hardware backing HAL too slow, could only write 0 of 661 frames
12-09 07:37:27.186 W/audio_hw_generic( 1306): Hardware backing HAL too slow, could only write 0 of 661 frames
12-09 07:37:27.196 W/audio_hw_generic( 1306): Hardware backing HAL too slow, could only write 0 of 661 frames
12-09 07:37:27.217 W/audio_hw_generic( 1306): Hardware backing HAL too slow, could only write 0 of 661 frames
12-09 07:37:27.281 W/audio_hw_generic( 1306): Not supplying enough data to HAL, expected position 1194214 , only wrote 1193105
12-09 07:37:27.281 W/audio_hw_generic( 1306): Not supplying enough data to HAL, expected position 1193112 , only wrote 1193105
12-09 07:37:27.317 W/audio_hw_generic( 1306): Hardware backing HAL too slow, could only write 0 of 661 frames
12-09 07:37:27.319 I/System.out( 3860): URI: //map
12-09 07:37:27.319 I/System.out( 3860): params: {json={"query":"android.widget.ListView index:0 android.widget.TextView index:0","operation":{"method_name":"query","arguments":[]}}
12-09 07:37:27.319 I/System.out( 3860): }
12-09 07:37:27.333 W/audio_hw_generic( 1306): Hardware backing HAL too slow, could only write 0 of 661 frames
12-09 07:37:27.348 W/audio_hw_generic( 1306): Hardware backing HAL too slow, could only write 0 of 661 frames
12-09 07:37:27.369 W/audio_hw_generic( 1306): Hardware backing HAL too slow, could only write 0 of 661 frames
12-09 07:37:27.402 D/EGL_emulation( 1881): eglMakeCurrent: 0x7fa32eb02140: ver 2 0 (tinfo 0x7fa3365b38e0)
12-09 07:37:27.451 E/Surface ( 1881): getSlotFromBufferLocked: unknown buffer: 0x7fa32eb028c0
12-09 07:37:27.514 W/audio_hw_generic( 1306): Not supplying enough data to HAL, expected position 1203361 , only wrote 1203020
12-09 07:37:27.528 W/audio_hw_generic( 1306): Hardware backing HAL too slow, could only write 0 of 661 frames
12-09 07:37:27.548 W/audio_hw_generic( 1306): Hardware backing HAL too slow, could only write 0 of 661 frames
12-09 07:37:27.559 W/audio_hw_generic( 1306): Hardware backing HAL too slow, could only write 0 of 661 frames
12-09 07:37:27.581 W/audio_hw_generic( 1306): Hardware backing HAL too slow, could only write 0 of 661 frames
12-09 07:37:27.589 W/audio_hw_generic( 1306): Hardware backing HAL too slow, could only write 0 of 661 frames
12-09 07:37:27.606 W/audio_hw_generic( 1306): Hardware backing HAL too slow, could only write 0 of 661 frames
12-09 07:37:27.903 W/art     ( 1593): Long monitor contention event with owner method=void com.android.server.wm.WindowAnimator$1.doFrame(long) from WindowAnimator.java:121 waiters=0 for 139ms
12-09 07:37:27.925 W/audio_hw_generic( 1306): Not supplying enough data to HAL, expected position 1221175 , only wrote 1220867
12-09 07:37:28.267 I/art     ( 3860): Background sticky concurrent mark sweep GC freed 39251(1491KB) AllocSpace objects, 1(20KB) LOS objects, 9% free, 3MB/4MB, paused 7.298ms total 147.495ms
12-09 07:37:28.369 I/System.out( 3860): URI: //gesture
12-09 07:37:28.369 I/System.out( 3860): params: {json={"query_timeout":5.0,"gestures":[{"query_string":"android.widget.ListView index:0 android.widget.TextView index:0","touches":[{"x":50,"y":50,"offset_x":0,"offset_y":0,"wait":0.0,"time":0.2,"release":true,"query_string":null}]}]}
12-09 07:37:28.369 I/System.out( 3860): }
12-09 07:37:28.417 W/audio_hw_generic( 1306): Not supplying enough data to HAL, expected position 1262975 , only wrote 1242019
12-09 07:37:28.455 I/art     ( 3860): Background sticky concurrent mark sweep GC freed 43779(1929KB) AllocSpace objects, 2(40KB) LOS objects, 33% free, 2MB/4MB, paused 6.027ms total 76.865ms
12-09 07:37:29.441 I/art     ( 3860): Background sticky concurrent mark sweep GC freed 38067(1669KB) AllocSpace objects, 0(0B) LOS objects, 33% free, 2MB/4MB, paused 2.155ms total 168.045ms
12-09 07:37:29.458 I/ActivityManager( 1593): START u0 {cmp=com.evancharlton.mileage/.FillupInfoActivity (has extras)} from uid 10115 on display 0
12-09 07:37:29.530 W/audio_hw_generic( 1306): Hardware backing HAL too slow, could only write 0 of 661 frames
12-09 07:37:29.550 W/audio_hw_generic( 1306): Hardware backing HAL too slow, could only write 0 of 661 frames
12-09 07:37:29.565 W/audio_hw_generic( 1306): Hardware backing HAL too slow, could only write 0 of 661 frames
12-09 07:37:29.604 W/audio_hw_generic( 1306): Hardware backing HAL too slow, could only write 0 of 661 frames
12-09 07:37:29.696 W/audio_hw_generic( 1306): Hardware backing HAL too slow, could only write 0 of 661 frames
12-09 07:37:29.741 W/audio_hw_generic( 1306): Not supplying enough data to HAL, expected position 1253334 , only wrote 1252595
12-09 07:37:29.741 W/audio_hw_generic( 1306): Not supplying enough data to HAL, expected position 1252602 , only wrote 1252595
12-09 07:37:29.752 I/calabash( 3860): newActivity1
12-09 07:37:29.757 W/audio_hw_generic( 1306): Not supplying enough data to HAL, expected position 1253291 , only wrote 1253256
12-09 07:37:29.862 E/SurfaceFlinger( 1219): ro.sf.lcd_density must be defined as a build property
12-09 07:37:29.875 D/gralloc_ranchu( 1219): gralloc_alloc: Creating ashmem region of size 3686400
12-09 07:37:29.983 D/        ( 3956): HostConnection::get() New Host Connection established 0x7f891c412480, tid 3956
12-09 07:37:30.017 E/EGL_emulation( 1219): tid 1219: eglCreateSyncKHR(1881): error 0x3004 (EGL_BAD_ATTRIBUTE)
12-09 07:37:30.034 W/audio_hw_generic( 1306): Hardware backing HAL too slow, could only write 0 of 661 frames
12-09 07:37:30.107 W/audio_hw_generic( 1306): Not supplying enough data to HAL, expected position 1268678 , only wrote 1268459
12-09 07:37:30.107 W/audio_hw_generic( 1306): Not supplying enough data to HAL, expected position 1268470 , only wrote 1268459
12-09 07:37:30.122 W/audio_hw_generic( 1306): Not supplying enough data to HAL, expected position 1269125 , only wrote 1269120
12-09 07:37:30.155 V/PhoneStatusBar( 3290): setLightsOn(true)
12-09 07:37:30.224 W/audio_hw_generic( 1306): Not supplying enough data to HAL, expected position 1273588 , only wrote 1273086
12-09 07:37:30.229 W/audio_hw_generic( 1306): Hardware backing HAL too slow, could only write 0 of 661 frames
12-09 07:37:30.249 W/audio_hw_generic( 1306): Hardware backing HAL too slow, could only write 0 of 661 frames
12-09 07:37:30.268 W/audio_hw_generic( 1306): Hardware backing HAL too slow, could only write 0 of 661 frames
12-09 07:37:30.282 W/art     ( 1593): Long monitor contention event with owner method=int com.android.server.wm.WindowManagerService.relayoutWindow(com.android.server.wm.Session, android.view.IWindow, int, android.view.WindowManager$LayoutParams, int, int, int, int, android.graphics.Rect, android.graphics.Rect, android.graphics.Rect, android.graphics.Rect, android.graphics.Rect, android.graphics.Rect, android.content.res.Configuration, android.view.Surface) from WindowManagerService.java:3103 waiters=0 for 160ms
12-09 07:37:30.289 D/gralloc_ranchu( 1219): gralloc_alloc: Creating ashmem region of size 3686400
12-09 07:37:30.296 W/audio_hw_generic( 1306): Hardware backing HAL too slow, could only write 0 of 661 frames
12-09 07:37:30.317 W/audio_hw_generic( 1306): Hardware backing HAL too slow, could only write 0 of 661 frames
12-09 07:37:30.325 W/audio_hw_generic( 1306): Hardware backing HAL too slow, could only write 0 of 661 frames
12-09 07:37:30.339 W/audio_hw_generic( 1306): Hardware backing HAL too slow, could only write 0 of 661 frames
12-09 07:37:30.357 W/audio_hw_generic( 1306): Hardware backing HAL too slow, could only write 0 of 661 frames
12-09 07:37:30.369 W/audio_hw_generic( 1306): Hardware backing HAL too slow, could only write 0 of 661 frames
12-09 07:37:30.384 W/audio_hw_generic( 1306): Hardware backing HAL too slow, could only write 0 of 661 frames
12-09 07:37:30.402 W/audio_hw_generic( 1306): Hardware backing HAL too slow, could only write 0 of 661 frames
12-09 07:37:30.726 W/audio_hw_generic( 1306): Not supplying enough data to HAL, expected position 1295251 , only wrote 1286967
12-09 07:37:30.726 W/audio_hw_generic( 1306): Not supplying enough data to HAL, expected position 1286974 , only wrote 1286967
12-09 07:37:30.765 W/audio_hw_generic( 1306): Not supplying enough data to HAL, expected position 1288661 , only wrote 1287628
12-09 07:37:30.801 W/audio_hw_generic( 1306): Not supplying enough data to HAL, expected position 1289210 , only wrote 1288950
12-09 07:37:30.804 W/audio_hw_generic( 1306): Hardware backing HAL too slow, could only write 0 of 661 frames
12-09 07:37:30.818 W/audio_hw_generic( 1306): Hardware backing HAL too slow, could only write 0 of 661 frames
12-09 07:37:30.833 W/audio_hw_generic( 1306): Hardware backing HAL too slow, could only write 0 of 661 frames
12-09 07:37:30.853 I/System.out( 3860): URI: //map
12-09 07:37:30.854 I/System.out( 3860): params: {json={"query":"android.widget.Button index:1","operation":{"method_name":"query","arguments":[]}}
12-09 07:37:30.854 I/System.out( 3860): }
12-09 07:37:30.857 W/audio_hw_generic( 1306): Hardware backing HAL too slow, could only write 0 of 661 frames
12-09 07:37:30.885 W/audio_hw_generic( 1306): Hardware backing HAL too slow, could only write 0 of 661 frames
12-09 07:37:30.897 W/audio_hw_generic( 1306): Hardware backing HAL too slow, could only write 0 of 661 frames
12-09 07:37:30.913 W/audio_hw_generic( 1306): Hardware backing HAL too slow, could only write 0 of 661 frames
12-09 07:37:30.925 W/audio_hw_generic( 1306): Hardware backing HAL too slow, could only write 0 of 661 frames
12-09 07:37:30.974 W/art     ( 1593): Long monitor contention event with owner method=void com.android.server.wm.WindowAnimator$1.doFrame(long) from WindowAnimator.java:121 waiters=1 for 216ms
12-09 07:37:31.189 W/art     ( 1593): Long monitor contention event with owner method=void com.android.server.wm.WindowAnimator$1.doFrame(long) from WindowAnimator.java:121 waiters=1 for 353ms
12-09 07:37:31.299 W/audio_hw_generic( 1306): Not supplying enough data to HAL, expected position 1310945 , only wrote 1310763
12-09 07:37:31.300 W/audio_hw_generic( 1306): Not supplying enough data to HAL, expected position 1310770 , only wrote 1310763
12-09 07:37:31.320 W/audio_hw_generic( 1306): Not supplying enough data to HAL, expected position 1311644 , only wrote 1311424
12-09 07:37:31.748 W/art     ( 1593): Long monitor contention event with owner method=void com.android.server.wm.WindowAnimator$1.doFrame(long) from WindowAnimator.java:121 waiters=1 for 239ms
12-09 07:37:31.816 W/audio_hw_generic( 1306): Not supplying enough data to HAL, expected position 1333333 , only wrote 1323983
12-09 07:37:31.817 W/audio_hw_generic( 1306): Not supplying enough data to HAL, expected position 1323991 , only wrote 1323983
12-09 07:37:31.839 W/audio_hw_generic( 1306): Not supplying enough data to HAL, expected position 1324982 , only wrote 1324644
12-09 07:37:31.903 W/audio_hw_generic( 1306): Not supplying enough data to HAL, expected position 1327444 , only wrote 1327288
12-09 07:37:31.903 W/audio_hw_generic( 1306): Not supplying enough data to HAL, expected position 1327295 , only wrote 1327288
12-09 07:37:31.950 W/audio_hw_generic( 1306): Hardware backing HAL too slow, could only write 0 of 661 frames
12-09 07:37:32.042 W/audio_hw_generic( 1306): Not supplying enough data to HAL, expected position 1333423 , only wrote 1333237
12-09 07:37:32.042 W/audio_hw_generic( 1306): Not supplying enough data to HAL, expected position 1333244 , only wrote 1333237
12-09 07:37:32.083 W/art     ( 1593): Long monitor contention event with owner method=void com.android.server.wm.WindowAnimator$1.doFrame(long) from WindowAnimator.java:121 waiters=1 for 158ms
12-09 07:37:32.174 W/art     ( 1593): Long monitor contention event with owner method=void com.android.server.wm.WindowAnimator$1.doFrame(long) from WindowAnimator.java:121 waiters=1 for 154ms
12-09 07:37:32.557 W/audio_hw_generic( 1306): Not supplying enough data to HAL, expected position 1355956 , only wrote 1355711
12-09 07:37:32.558 W/audio_hw_generic( 1306): Not supplying enough data to HAL, expected position 1355718 , only wrote 1355711
12-09 07:37:32.581 W/audio_hw_generic( 1306): Not supplying enough data to HAL, expected position 1356736 , only wrote 1356372
12-09 07:37:32.583 W/art     ( 1593): Long monitor contention event with owner method=void com.android.server.wm.WindowAnimator$1.doFrame(long) from WindowAnimator.java:121 waiters=1 for 144ms
12-09 07:37:32.612 W/audio_hw_generic( 1306): Not supplying enough data to HAL, expected position 1358387 , only wrote 1357694
12-09 07:37:32.617 W/art     ( 1593): Long monitor contention event with owner method=void com.android.server.wm.WindowAnimator$1.doFrame(long) from WindowAnimator.java:121 waiters=1 for 138ms
12-09 07:37:32.909 W/art     ( 1593): Long monitor contention event with owner method=java.util.List com.android.server.am.ActivityManagerService.getAllStackInfos() from ActivityManagerService.java:8937 waiters=0 for 1.682s
12-09 07:37:32.926 W/art     ( 1593): Long monitor contention event with owner method=java.util.List com.android.server.am.ActivityManagerService.getAllStackInfos() from ActivityManagerService.java:8937 waiters=1 for 432ms
12-09 07:37:33.147 I/ActivityManager( 1593): Displayed com.evancharlton.mileage/.FillupInfoActivity: +3s468ms
12-09 07:37:33.152 D/gralloc_ranchu( 1219): gralloc_alloc: Creating ashmem region of size 3686400
12-09 07:37:33.593 W/art     ( 3860): Suspending all threads took: 5.751ms
12-09 07:37:33.773 I/art     ( 3860): Background sticky concurrent mark sweep GC freed 30898(1346KB) AllocSpace objects, 1(20KB) LOS objects, 8% free, 3MB/4MB, paused 7.084ms total 191.059ms
12-09 07:37:33.797 D/gralloc_ranchu( 1219): gralloc_alloc: Creating ashmem region of size 3686400
12-09 07:37:33.805 I/System.out( 3860): URI: //gesture
12-09 07:37:33.805 I/System.out( 3860): params: {json={"query_timeout":5.0,"gestures":[{"query_string":"android.widget.Button index:1","touches":[{"x":50,"y":50,"offset_x":0,"offset_y":0,"wait":0.0,"time":0.2,"release":true,"query_string":null}]}]}
12-09 07:37:33.805 I/System.out( 3860): }
12-09 07:37:34.253 I/ActivityManager( 1593): START u0 {cmp=com.evancharlton.mileage/.FillupInfoActivity (has extras)} from uid 10115 on display 0
12-09 07:37:34.317 W/audio_hw_generic( 1306): Hardware backing HAL too slow, could only write 0 of 661 frames
12-09 07:37:34.329 W/audio_hw_generic( 1306): Hardware backing HAL too slow, could only write 0 of 661 frames
12-09 07:37:34.346 W/audio_hw_generic( 1306): Hardware backing HAL too slow, could only write 0 of 661 frames
12-09 07:37:34.521 I/art     ( 3860): Background sticky concurrent mark sweep GC freed 43307(1979KB) AllocSpace objects, 1(20KB) LOS objects, 39% free, 2MB/4MB, paused 62.996ms total 194.312ms
12-09 07:37:34.523 I/calabash( 3860): newActivity1
12-09 07:37:34.709 V/PhoneStatusBar( 3290): setLightsOn(true)
12-09 07:37:34.718 W/audio_hw_generic( 1306): Not supplying enough data to HAL, expected position 1377531 , only wrote 1377524
12-09 07:37:34.743 W/art     ( 1593): Long monitor contention event with owner method=int com.android.server.wm.WindowManagerService.relayoutWindow(com.android.server.wm.Session, android.view.IWindow, int, android.view.WindowManager$LayoutParams, int, int, int, int, android.graphics.Rect, android.graphics.Rect, android.graphics.Rect, android.graphics.Rect, android.graphics.Rect, android.graphics.Rect, android.content.res.Configuration, android.view.Surface) from WindowManagerService.java:3103 waiters=0 for 107ms
12-09 07:37:34.746 D/gralloc_ranchu( 1219): gralloc_alloc: Creating ashmem region of size 3686400
12-09 07:37:34.972 E/SurfaceFlinger( 1219): ro.sf.lcd_density must be defined as a build property
12-09 07:37:35.017 W/audio_hw_generic( 1306): Hardware backing HAL too slow, could only write 0 of 661 frames
12-09 07:37:35.020 D/gralloc_ranchu( 1219): gralloc_alloc: Creating ashmem region of size 3686400
12-09 07:37:35.032 W/audio_hw_generic( 1306): Hardware backing HAL too slow, could only write 0 of 661 frames
12-09 07:37:35.048 W/audio_hw_generic( 1306): Hardware backing HAL too slow, could only write 0 of 661 frames
12-09 07:37:35.069 D/        ( 3962): HostConnection::get() New Host Connection established 0x7f26e0d92480, tid 3962
12-09 07:37:35.080 W/audio_hw_generic( 1306): Hardware backing HAL too slow, could only write 0 of 661 frames
12-09 07:37:35.127 W/audio_hw_generic( 1306): Not supplying enough data to HAL, expected position 1395528 , only wrote 1394710
12-09 07:37:35.127 W/audio_hw_generic( 1306): Not supplying enough data to HAL, expected position 1394718 , only wrote 1394710
12-09 07:37:35.144 W/audio_hw_generic( 1306): Not supplying enough data to HAL, expected position 1395464 , only wrote 1395371
12-09 07:37:35.146 E/EGL_emulation( 1219): tid 1219: eglCreateSyncKHR(1881): error 0x3004 (EGL_BAD_ATTRIBUTE)
12-09 07:37:35.239 W/art     ( 1593): Long monitor contention event with owner method=void com.android.server.wm.WindowAnimator$1.doFrame(long) from WindowAnimator.java:121 waiters=0 for 344ms
12-09 07:37:35.286 W/audio_hw_generic( 1306): Hardware backing HAL too slow, could only write 0 of 661 frames
12-09 07:37:35.301 W/audio_hw_generic( 1306): Hardware backing HAL too slow, could only write 0 of 661 frames
12-09 07:37:35.361 I/ActivityManager( 1593): Displayed com.evancharlton.mileage/.FillupInfoActivity: +1s87ms
12-09 07:37:35.365 D/gralloc_ranchu( 1219): gralloc_alloc: Creating ashmem region of size 3686400
12-09 07:37:35.674 W/audio_hw_generic( 1306): Not supplying enough data to HAL, expected position 1418756 , only wrote 1418506
12-09 07:37:35.675 W/audio_hw_generic( 1306): Not supplying enough data to HAL, expected position 1418515 , only wrote 1418506
12-09 07:37:35.690 W/audio_hw_generic( 1306): Hardware backing HAL too slow, could only write 0 of 661 frames
12-09 07:37:35.705 W/audio_hw_generic( 1306): Hardware backing HAL too slow, could only write 0 of 661 frames
12-09 07:37:35.723 W/audio_hw_generic( 1306): Hardware backing HAL too slow, could only write 0 of 661 frames
12-09 07:37:35.745 W/audio_hw_generic( 1306): Hardware backing HAL too slow, could only write 0 of 661 frames
12-09 07:37:35.818 W/audio_hw_generic( 1306): Not supplying enough data to HAL, expected position 1424832 , only wrote 1423133
12-09 07:37:35.836 W/audio_hw_generic( 1306): Not supplying enough data to HAL, expected position 1423947 , only wrote 1423794
12-09 07:37:35.853 W/audio_hw_generic( 1306): Hardware backing HAL too slow, could only write 0 of 661 frames
12-09 07:37:35.870 W/audio_hw_generic( 1306): Hardware backing HAL too slow, could only write 0 of 661 frames
12-09 07:37:35.903 W/audio_hw_generic( 1306): Hardware backing HAL too slow, could only write 0 of 661 frames
12-09 07:37:35.913 W/audio_hw_generic( 1306): Hardware backing HAL too slow, could only write 0 of 661 frames
12-09 07:37:35.928 W/audio_hw_generic( 1306): Hardware backing HAL too slow, could only write 0 of 661 frames
12-09 07:37:35.945 W/audio_hw_generic( 1306): Hardware backing HAL too slow, could only write 0 of 661 frames
12-09 07:37:36.057 W/audio_hw_generic( 1306): Not supplying enough data to HAL, expected position 1433527 , only wrote 1433048
12-09 07:37:36.117 W/audio_hw_generic( 1306): Not supplying enough data to HAL, expected position 1435699 , only wrote 1435692
12-09 07:37:36.117 W/audio_hw_generic( 1306): Not supplying enough data to HAL, expected position 1435699 , only wrote 1435692
12-09 07:37:36.156 W/audio_hw_generic( 1306): Not supplying enough data to HAL, expected position 1437368 , only wrote 1436353
12-09 07:37:36.309 W/audio_hw_generic( 1306): Not supplying enough data to HAL, expected position 1443133 , only wrote 1442963
12-09 07:37:36.404 I/System.out( 3860): URI: //map
12-09 07:37:36.408 I/System.out( 3860): params: {json={"query":"android.widget.Button index:0","operation":{"method_name":"query","arguments":[]}}
12-09 07:37:36.408 I/System.out( 3860): }
12-09 07:37:36.421 W/audio_hw_generic( 1306): Hardware backing HAL too slow, could only write 0 of 661 frames
12-09 07:37:36.457 D/gralloc_ranchu( 1219): gralloc_alloc: Creating ashmem region of size 3686400
12-09 07:37:36.537 W/audio_hw_generic( 1306): Not supplying enough data to HAL, expected position 1452985 , only wrote 1452878
12-09 07:37:36.537 W/audio_hw_generic( 1306): Hardware backing HAL too slow, could only write 0 of 661 frames
12-09 07:37:36.552 W/audio_hw_generic( 1306): Hardware backing HAL too slow, could only write 0 of 661 frames
12-09 07:37:36.569 W/audio_hw_generic( 1306): Hardware backing HAL too slow, could only write 0 of 661 frames
12-09 07:37:36.598 W/audio_hw_generic( 1306): Hardware backing HAL too slow, could only write 0 of 661 frames
12-09 07:37:36.613 W/audio_hw_generic( 1306): Hardware backing HAL too slow, could only write 0 of 661 frames
12-09 07:37:36.629 W/audio_hw_generic( 1306): Hardware backing HAL too slow, could only write 0 of 661 frames
12-09 07:37:36.677 W/audio_hw_generic( 1306): Hardware backing HAL too slow, could only write 0 of 661 frames
12-09 07:37:36.692 W/audio_hw_generic( 1306): Hardware backing HAL too slow, could only write 0 of 661 frames
12-09 07:37:36.720 W/audio_hw_generic( 1306): Hardware backing HAL too slow, could only write 0 of 661 frames
12-09 07:37:36.849 I/System.out( 3860): URI: //gesture
12-09 07:37:36.849 I/System.out( 3860): params: {json={"query_timeout":5.0,"gestures":[{"query_string":"android.widget.Button index:0","touches":[{"x":50,"y":50,"offset_x":0,"offset_y":0,"wait":0.0,"time":0.2,"release":true,"query_string":null}]}]}
12-09 07:37:36.849 I/System.out( 3860): }
12-09 07:37:37.013 W/audio_hw_generic( 1306): Not supplying enough data to HAL, expected position 1473894 , only wrote 1471386
12-09 07:37:37.045 W/audio_hw_generic( 1306): Not supplying enough data to HAL, expected position 1472773 , only wrote 1471386
12-09 07:37:37.065 W/audio_hw_generic( 1306): Not supplying enough data to HAL, expected position 1472264 , only wrote 1472047
12-09 07:37:37.085 W/audio_hw_generic( 1306): Hardware backing HAL too slow, could only write 0 of 661 frames
12-09 07:37:37.100 W/audio_hw_generic( 1306): Hardware backing HAL too slow, could only write 0 of 661 frames
12-09 07:37:37.178 I/ActivityManager( 1593): START u0 {cmp=com.evancharlton.mileage/.FillupInfoActivity (has extras)} from uid 10115 on display 0
12-09 07:37:37.290 D/AudioFlinger( 1306): mixer(0xf43c0000) throttle end: throttle time(22)
12-09 07:37:37.337 I/art     ( 3860): Background sticky concurrent mark sweep GC freed 29159(1342KB) AllocSpace objects, 2(40KB) LOS objects, 13% free, 3MB/4MB, paused 1.107ms total 103.978ms
12-09 07:37:37.442 W/audio_hw_generic( 1306): Not supplying enough data to HAL, expected position 1488678 , only wrote 1488572
12-09 07:37:37.450 W/audio_hw_generic( 1306): Not supplying enough data to HAL, expected position 1488942 , only wrote 1488572
12-09 07:37:37.459 I/calabash( 3860): newActivity1
12-09 07:37:37.520 W/audio_hw_generic( 1306): Hardware backing HAL too slow, could only write 0 of 661 frames
12-09 07:37:37.541 W/audio_hw_generic( 1306): Hardware backing HAL too slow, could only write 0 of 661 frames
12-09 07:37:37.563 W/audio_hw_generic( 1306): Hardware backing HAL too slow, could only write 0 of 661 frames
12-09 07:37:37.585 W/audio_hw_generic( 1306): Hardware backing HAL too slow, could only write 0 of 661 frames
12-09 07:37:37.601 W/audio_hw_generic( 1306): Hardware backing HAL too slow, could only write 0 of 661 frames
12-09 07:37:37.615 W/audio_hw_generic( 1306): Hardware backing HAL too slow, could only write 0 of 661 frames
12-09 07:37:37.639 W/audio_hw_generic( 1306): Hardware backing HAL too slow, could only write 0 of 661 frames
12-09 07:37:37.725 W/audio_hw_generic( 1306): Not supplying enough data to HAL, expected position 1500685 , only wrote 1500470
12-09 07:37:37.748 W/audio_hw_generic( 1306): Hardware backing HAL too slow, could only write 0 of 661 frames
12-09 07:37:37.765 W/audio_hw_generic( 1306): Hardware backing HAL too slow, could only write 0 of 661 frames
12-09 07:37:37.809 W/audio_hw_generic( 1306): Not supplying enough data to HAL, expected position 1504203 , only wrote 1503775
12-09 07:37:37.810 W/audio_hw_generic( 1306): Not supplying enough data to HAL, expected position 1503782 , only wrote 1503775
12-09 07:37:37.823 V/PhoneStatusBar( 3290): setLightsOn(true)
12-09 07:37:37.897 D/gralloc_ranchu( 1219): gralloc_alloc: Creating ashmem region of size 3686400
12-09 07:37:38.023 E/SurfaceFlinger( 1219): ro.sf.lcd_density must be defined as a build property
12-09 07:37:38.066 D/gralloc_ranchu( 1219): gralloc_alloc: Creating ashmem region of size 3686400
12-09 07:37:38.081 D/        ( 3968): HostConnection::get() New Host Connection established 0x7f1b09fd2480, tid 3968
12-09 07:37:38.117 E/EGL_emulation( 1219): tid 1219: eglCreateSyncKHR(1881): error 0x3004 (EGL_BAD_ATTRIBUTE)
12-09 07:37:38.519 W/audio_hw_generic( 1306): Not supplying enough data to HAL, expected position 1535068 , only wrote 1530876
12-09 07:37:38.519 W/audio_hw_generic( 1306): Not supplying enough data to HAL, expected position 1530883 , only wrote 1530876
12-09 07:37:38.533 D/gralloc_ranchu( 1219): gralloc_alloc: Creating ashmem region of size 3686400
12-09 07:37:38.662 W/audio_hw_generic( 1306): Not supplying enough data to HAL, expected position 1537182 , only wrote 1536825
12-09 07:37:38.663 W/audio_hw_generic( 1306): Not supplying enough data to HAL, expected position 1536832 , only wrote 1536825
12-09 07:37:38.666 I/ActivityManager( 1593): Displayed com.evancharlton.mileage/.FillupInfoActivity: +1s246ms
12-09 07:37:38.681 W/audio_hw_generic( 1306): Not supplying enough data to HAL, expected position 1537641 , only wrote 1537486
12-09 07:37:38.715 W/audio_hw_generic( 1306): Not supplying enough data to HAL, expected position 1538981 , only wrote 1538808
12-09 07:37:38.877 W/audio_hw_generic( 1306): Not supplying enough data to HAL, expected position 1545969 , only wrote 1545418
12-09 07:37:38.878 W/audio_hw_generic( 1306): Not supplying enough data to HAL, expected position 1545425 , only wrote 1545418
12-09 07:37:38.897 W/audio_hw_generic( 1306): Not supplying enough data to HAL, expected position 1546285 , only wrote 1546079
12-09 07:37:38.933 W/audio_hw_generic( 1306): Not supplying enough data to HAL, expected position 1547645 , only wrote 1547401
12-09 07:37:39.001 W/audio_hw_generic( 1306): Not supplying enough data to HAL, expected position 1550418 , only wrote 1550045
12-09 07:37:39.001 W/audio_hw_generic( 1306): Not supplying enough data to HAL, expected position 1550052 , only wrote 1550045
12-09 07:37:39.018 W/audio_hw_generic( 1306): Not supplying enough data to HAL, expected position 1550789 , only wrote 1550706
12-09 07:37:39.142 W/audio_hw_generic( 1306): Hardware backing HAL too slow, could only write 0 of 661 frames
12-09 07:37:39.157 W/audio_hw_generic( 1306): Hardware backing HAL too slow, could only write 0 of 661 frames
12-09 07:37:39.169 W/audio_hw_generic( 1306): Hardware backing HAL too slow, could only write 0 of 661 frames
12-09 07:37:39.185 W/audio_hw_generic( 1306): Hardware backing HAL too slow, could only write 0 of 661 frames
12-09 07:37:39.202 W/audio_hw_generic( 1306): Hardware backing HAL too slow, could only write 0 of 661 frames
12-09 07:37:39.213 W/audio_hw_generic( 1306): Hardware backing HAL too slow, could only write 0 of 661 frames
12-09 07:37:39.235 W/audio_hw_generic( 1306): Hardware backing HAL too slow, could only write 0 of 661 frames
12-09 07:37:39.258 W/audio_hw_generic( 1306): Hardware backing HAL too slow, could only write 0 of 661 frames
12-09 07:37:39.297 W/audio_hw_generic( 1306): Hardware backing HAL too slow, could only write 0 of 661 frames
12-09 07:37:39.297 W/audio_hw_generic( 1306): Not supplying enough data to HAL, expected position 1562993 , only wrote 1562604
12-09 07:37:39.297 W/audio_hw_generic( 1306): Not supplying enough data to HAL, expected position 1562610 , only wrote 1562604
12-09 07:37:39.297 W/audio_hw_generic( 1306): Hardware backing HAL too slow, could only write 0 of 661 frames
12-09 07:37:39.311 W/audio_hw_generic( 1306): Hardware backing HAL too slow, could only write 0 of 661 frames
12-09 07:37:39.312 W/audio_hw_generic( 1306): Hardware backing HAL too slow, could only write 0 of 661 frames
12-09 07:37:39.329 W/audio_hw_generic( 1306): Hardware backing HAL too slow, could only write 0 of 661 frames
