--------- beginning of main
12-09 08:29:48.354 D/AndroidRuntime(19055): >>>>>> START com.android.internal.os.RuntimeInit uid 0 <<<<<<
12-09 08:29:48.370 D/AndroidRuntime(19055): CheckJNI is ON
12-09 08:29:48.383 D/ICU     (19055): No timezone override file found: /data/misc/zoneinfo/current/icu/icu_tzdata.dat
12-09 08:29:48.723 E/memtrack(19055): Couldn't load memtrack module (No such file or directory)
12-09 08:29:48.724 E/android.os.Debug(19055): failed to load memtrack module: -2
12-09 08:29:48.884 I/Radio-JNI(19055): register_android_hardware_Radio DONE
12-09 08:29:48.899 D/AndroidRuntime(19055): Calling main entry com.android.commands.am.Am
--------- beginning of system
12-09 08:29:48.971 I/ActivityManager( 1592): Force stopping com.evancharlton.mileage appid=10143 user=0: start instr
12-09 08:29:48.971 I/ActivityManager( 1592): Killing 19025:com.evancharlton.mileage/u0a143 (adj 0): stop com.evancharlton.mileage
12-09 08:29:49.039 W/ActivityManager( 1592): Crash of app com.evancharlton.mileage running instrumentation ComponentInfo{com.evancharlton.mileage.test/sh.calaba.instrumentationbackend.ClearAppData2}
12-09 08:29:49.039 I/ActivityManager( 1592): Force stopping com.evancharlton.mileage appid=10143 user=0: finished inst
12-09 08:29:49.257 I/ActivityManager( 1592): Start proc 19064:com.evancharlton.mileage/u0a143 for added application com.evancharlton.mileage
12-09 08:29:49.264 D/AndroidRuntime(19055): Shutting down VM
12-09 08:29:49.284 W/ActivityManager( 1592): Spurious death for ProcessRecord{1781898 0:com.evancharlton.mileage/u0a143}, curProc for 19025: null
12-09 08:29:49.285 W/art     ( 1592): Long monitor contention event with owner method=boolean com.android.server.am.ActivityManagerService.startInstrumentation(android.content.ComponentName, java.lang.String, int, android.os.Bundle, android.app.IInstrumentationWatcher, android.app.IUiAutomationConnection, int, java.lang.String) from ActivityManagerService.java:17066 waiters=3 for 208ms
12-09 08:29:49.638 W/System  (19064): ClassLoader referenced unknown path: /data/app/com.evancharlton.mileage.test-1/lib/x86_64
12-09 08:29:49.639 W/System  (19064): ClassLoader referenced unknown path: /data/app/com.evancharlton.mileage-1/lib/x86_64
12-09 08:29:49.688 I/System.out(19064): Main activity name automatically set to: com.evancharlton.mileage.Mileage
12-09 08:29:49.689 I/System.out(19064): Calabash did not load Mono. This is only a problem if you are trying to test a Mono application
12-09 08:29:49.689 I/calabash(19064): Test server port: 7102
12-09 08:29:49.690 I/InstrumentationBackend(19064): Added:'GetPreferences', with key:'get_preferences'
12-09 08:29:49.872 I/art     (19064): Background sticky concurrent mark sweep GC freed 5668(333KB) AllocSpace objects, 0(0B) LOS objects, 29% free, 919KB/1295KB, paused 1.128ms total 174.344ms
12-09 08:29:49.892 I/InstrumentationBackend(19064): Added:'SetPreferences', with key:'set_preferences'
12-09 08:29:49.892 I/InstrumentationBackend(19064): Added:'ClearPreferences', with key:'clear_preferences'
12-09 08:29:49.893 I/InstrumentationBackend(19064): Added:'PressElement', with key:'press_l10n_element'
12-09 08:29:49.893 I/InstrumentationBackend(19064): Added:'WaitForElement', with key:'wait_for_l10n_element'
12-09 08:29:49.893 I/InstrumentationBackend(19064): Added:'NullAction', with key:'nullAction'
12-09 08:29:49.893 I/InstrumentationBackend(19064): Added:'PressKey', with key:'press_key'
12-09 08:29:49.894 I/InstrumentationBackend(19064): Added:'SetActivityOrientation', with key:'set_activity_orientation'
12-09 08:29:49.912 I/InstrumentationBackend(19064): Added:'GetActivityOrientation', with key:'get_activity_orientation'
12-09 08:29:49.913 I/InstrumentationBackend(19064): Added:'FakeGPSLocation', with key:'set_gps_coordinates'
12-09 08:29:49.913 I/InstrumentationBackend(19064): Added:'SetPropertyByCssSelector', with key:'set_property_by_css_selector'
12-09 08:29:49.913 I/InstrumentationBackend(19064): Added:'GetUrl', with key:'get_url'
12-09 08:29:49.914 I/InstrumentationBackend(19064): Added:'ScrollTo', with key:'scroll_to'
12-09 08:29:49.914 I/InstrumentationBackend(19064): Added:'GetLoadProgress', with key:'get_load_progress'
12-09 08:29:49.914 I/InstrumentationBackend(19064): Added:'DumpHtml', with key:'dump_html'
12-09 08:29:49.914 I/InstrumentationBackend(19064): Added:'DumpBodyHtml', with key:'dump_body_html'
12-09 08:29:49.914 I/InstrumentationBackend(19064): Added:'EnterTextByCssSelector', with key:'enter_text_by_selector'
12-09 08:29:49.916 I/InstrumentationBackend(19064): Added:'AndroidSDKVersion', with key:'android_sdk_version'
12-09 08:29:49.916 I/InstrumentationBackend(19064): Added:'Version', with key:'version'
12-09 08:29:49.916 I/InstrumentationBackend(19064): Added:'Drag', with key:'drag'
12-09 08:29:49.917 I/InstrumentationBackend(19064): Added:'TouchCoordinates', with key:'touch_coordinate'
12-09 08:29:49.917 I/InstrumentationBackend(19064): Added:'LongPressCoordinate', with key:'long_press_coordinate'
12-09 08:29:49.917 I/InstrumentationBackend(19064): Added:'DragCoordinates', with key:'drag_coordinates'
12-09 08:29:49.917 I/InstrumentationBackend(19064): Added:'ResumeApplication', with key:'resume_application'
12-09 08:29:49.917 I/InstrumentationBackend(19064): Added:'Swipe', with key:'swipe'
12-09 08:29:49.917 I/InstrumentationBackend(19064): Added:'DoubleTapCoordinate', with key:'double_tap_coordinate'
12-09 08:29:49.918 I/InstrumentationBackend(19064): Added:'ClickOnScreen', with key:'click_on_screen'
12-09 08:29:49.918 I/InstrumentationBackend(19064): Added:'GetActivityName', with key:'get_activity_name'
12-09 08:29:49.918 I/InstrumentationBackend(19064): Added:'ScrollToView', with key:'scroll_to_view'
12-09 08:29:49.918 I/InstrumentationBackend(19064): Added:'ViewConfiguration', with key:'view_configuration'
12-09 08:29:49.918 I/InstrumentationBackend(19064): Added:'IsCurrentActivityFocused', with key:'is_current_activity_focused'
12-09 08:29:49.919 I/InstrumentationBackend(19064): Added:'SendTcp', with key:'send_tcp'
12-09 08:29:49.919 I/InstrumentationBackend(19064): Added:'DpToDevicePixel', with key:'dp_to_device_pixel'
12-09 08:29:49.919 I/InstrumentationBackend(19064): Added:'KeyboardEnterText', with key:'keyboard_enter_text'
12-09 08:29:49.919 I/InstrumentationBackend(19064): Added:'DeleteSurroundingText', with key:'delete_surrounding_text'
12-09 08:29:49.919 I/InstrumentationBackend(19064): Added:'SetComposingRegion', with key:'set_composing_region'
12-09 08:29:49.920 I/InstrumentationBackend(19064): Added:'SetSelection', with key:'set_selection'
12-09 08:29:49.921 I/InstrumentationBackend(19064): Added:'KeyboardKeyEvent', with key:'keyboard_key_event'
12-09 08:29:49.921 I/InstrumentationBackend(19064): Added:'PressUserActionButton', with key:'press_user_action_button'
12-09 08:29:49.921 I/InstrumentationBackend(19064): Added:'HideSoftKeyboard', with key:'hide_soft_keyboard'
12-09 08:29:49.922 I/InstrumentationBackend(19064): Added:'ListActions', with key:'list_actions'
12-09 08:29:49.922 I/calabash(19064): Instantiating http server at 7102
12-09 08:29:49.923 I/System.out(19064): HTTP Daemon listening on: 7102
12-09 08:29:49.989 I/System.out(19064): URI: //ping
12-09 08:29:49.993 I/System.out(19064): params: {json={}
12-09 08:29:49.993 I/System.out(19064): }
12-09 08:29:50.085 I/System.out(19064): URI: //ping
12-09 08:29:50.085 I/System.out(19064): params: {json={}
12-09 08:29:50.085 I/System.out(19064): }
12-09 08:29:50.184 I/System.out(19064): URI: //ready
12-09 08:29:50.185 I/System.out(19064): params: {json={}
12-09 08:29:50.185 I/System.out(19064): }
12-09 08:29:50.237 I/System.out(19064): URI: //
12-09 08:29:50.237 I/System.out(19064): params: {json={"command":"version","arguments":[]}
12-09 08:29:50.237 I/System.out(19064): }
12-09 08:29:50.237 I/System.out(19064): header: {date=Sun, 09 Dec 2018 08:29:50 GMT, accept=*/*, content-length=36, host=127.0.0.1:34777, user-agent=HTTPClient/1.0 (2.8.3, ruby 2.3.1 (2016-04-26)), content-type=application/json;charset=utf-8}
12-09 08:29:50.237 I/System.out(19064): params: {json={"command":"version","arguments":[]}
12-09 08:29:50.237 I/System.out(19064): }
12-09 08:29:50.237 I/System.out(19064): ProP json = {"command":"version","arguments":[]}
12-09 08:29:50.237 I/System.out(19064): files: {}
12-09 08:29:50.237 I/System.out(19064): command: {"command":"version","arguments":[]}
12-09 08:29:50.252 I/InstrumentationBackend(19064): Got command:'Command:'Line:null,version', arguments:'[]'
12-09 08:29:50.301 I/System.out(19064): result:{"bonusInformation":[],"message":"0.9.8","success":true}
12-09 08:29:50.317 I/System.out(19064): URI: //start-application
12-09 08:29:50.317 I/System.out(19064): params: {json={"intent":null}
12-09 08:29:50.317 I/System.out(19064): }
12-09 08:29:50.364 W/art     (19064): Suspending all threads took: 18.804ms
12-09 08:29:50.404 I/art     (19064): Background sticky concurrent mark sweep GC freed 10777(486KB) AllocSpace objects, 2(40KB) LOS objects, 30% free, 1373KB/1984KB, paused 19.873ms total 75.159ms
12-09 08:29:50.523 I/ActivityManager( 1592): START u0 {act=android.intent.action.MAIN cat=[android.intent.category.LAUNCHER] flg=0x10200000 cmp=com.evancharlton.mileage/.Mileage} from uid 10143 on display 0
12-09 08:29:50.567 I/calabash(19064): newActivity1
12-09 08:29:50.647 D/gralloc_ranchu( 1223): gralloc_alloc: Creating ashmem region of size 3686400
12-09 08:29:50.671 I/calabash(19064): newActivity1
12-09 08:29:50.682 W/ActivityManager( 1592): Bad activity token: android.os.BinderProxy@bc770ae
12-09 08:29:50.682 W/ActivityManager( 1592): java.lang.ClassCastException: android.os.BinderProxy cannot be cast to com.android.server.am.ActivityRecord$Token
12-09 08:29:50.682 W/ActivityManager( 1592): 	at com.android.server.am.ActivityRecord.forTokenLocked(ActivityRecord.java:424)
12-09 08:29:50.682 W/ActivityManager( 1592): 	at com.android.server.am.ActivityRecord.isInStackLocked(ActivityRecord.java:1121)
12-09 08:29:50.682 W/ActivityManager( 1592): 	at com.android.server.am.ActivityRecord.getStackLocked(ActivityRecord.java:1126)
12-09 08:29:50.682 W/ActivityManager( 1592): 	at com.android.server.am.ActivityManagerService.getActivityDisplayId(ActivityManagerService.java:8889)
12-09 08:29:50.682 W/ActivityManager( 1592): 	at android.app.ActivityManagerNative.onTransact(ActivityManagerNative.java:2338)
12-09 08:29:50.682 W/ActivityManager( 1592): 	at com.android.server.am.ActivityManagerService.onTransact(ActivityManagerService.java:2443)
12-09 08:29:50.682 W/ActivityManager( 1592): 	at android.os.Binder.execTransact(Binder.java:453)
12-09 08:29:50.682 W/ActivityManager( 1592): Bad activity token: android.os.BinderProxy@bc770ae
12-09 08:29:50.682 W/ActivityManager( 1592): java.lang.ClassCastException: android.os.BinderProxy cannot be cast to com.android.server.am.ActivityRecord$Token
12-09 08:29:50.682 W/ActivityManager( 1592): 	at com.android.server.am.ActivityRecord.forTokenLocked(ActivityRecord.java:424)
12-09 08:29:50.682 W/ActivityManager( 1592): 	at com.android.server.am.ActivityRecord.isInStackLocked(ActivityRecord.java:1121)
12-09 08:29:50.682 W/ActivityManager( 1592): 	at com.android.server.am.ActivityManagerService.setTaskDescription(ActivityManagerService.java:8547)
12-09 08:29:50.682 W/ActivityManager( 1592): 	at android.app.ActivityManagerNative.onTransact(ActivityManagerNative.java:2410)
12-09 08:29:50.682 W/ActivityManager( 1592): 	at com.android.server.am.ActivityManagerService.onTransact(ActivityManagerService.java:2443)
12-09 08:29:50.682 W/ActivityManager( 1592): 	at android.os.Binder.execTransact(Binder.java:453)
12-09 08:29:50.852 I/art     (19064): Background sticky concurrent mark sweep GC freed 1549(198KB) AllocSpace objects, 0(0B) LOS objects, 16% free, 1655KB/1984KB, paused 932us total 114.969ms
12-09 08:29:50.947 V/PhoneStatusBar( 3069): setLightsOn(true)
12-09 08:29:50.954 D/FillupsProvider(19064): Creating database
12-09 08:29:50.967 D/EGL_emulation( 1921): eglMakeCurrent: 0x7f56b61e1aa0: ver 2 0 (tinfo 0x7f56b61c2820)
12-09 08:29:50.971 E/Surface ( 1921): getSlotFromBufferLocked: unknown buffer: 0x7f56b2113060
12-09 08:29:51.170 W/ActivityManager( 1592): Bad activity token: android.os.BinderProxy@bc770ae
12-09 08:29:51.170 W/ActivityManager( 1592): java.lang.ClassCastException: android.os.BinderProxy cannot be cast to com.android.server.am.ActivityRecord$Token
12-09 08:29:51.170 W/ActivityManager( 1592): 	at com.android.server.am.ActivityRecord.forTokenLocked(ActivityRecord.java:424)
12-09 08:29:51.170 W/ActivityManager( 1592): 	at com.android.server.am.ActivityRecord.isInStackLocked(ActivityRecord.java:1121)
12-09 08:29:51.170 W/ActivityManager( 1592): 	at com.android.server.am.ActivityManagerService.getActivityOptions(ActivityManagerService.java:11038)
12-09 08:29:51.170 W/ActivityManager( 1592): 	at android.app.ActivityManagerNative.onTransact(ActivityManagerNative.java:1734)
12-09 08:29:51.170 W/ActivityManager( 1592): 	at com.android.server.am.ActivityManagerService.onTransact(ActivityManagerService.java:2443)
12-09 08:29:51.170 W/ActivityManager( 1592): 	at android.os.Binder.execTransact(Binder.java:453)
12-09 08:29:51.170 W/ActivityManager( 1592): Bad activity token: android.os.BinderProxy@bc770ae
12-09 08:29:51.170 W/ActivityManager( 1592): java.lang.ClassCastException: android.os.BinderProxy cannot be cast to com.android.server.am.ActivityRecord$Token
12-09 08:29:51.170 W/ActivityManager( 1592): 	at com.android.server.am.ActivityRecord.forTokenLocked(ActivityRecord.java:424)
12-09 08:29:51.170 W/ActivityManager( 1592): 	at com.android.server.am.ActivityRecord.isInStackLocked(ActivityRecord.java:1121)
12-09 08:29:51.170 W/ActivityManager( 1592): 	at com.android.server.am.ActivityManagerService.getActivityOptions(ActivityManagerService.java:11038)
12-09 08:29:51.170 W/ActivityManager( 1592): 	at android.app.ActivityManagerNative.onTransact(ActivityManagerNative.java:1734)
12-09 08:29:51.170 W/ActivityManager( 1592): 	at com.android.server.am.ActivityManagerService.onTransact(ActivityManagerService.java:2443)
12-09 08:29:51.170 W/ActivityManager( 1592): 	at android.os.Binder.execTransact(Binder.java:453)
12-09 08:29:51.948 W/art     ( 1592): Long monitor contention event with owner method=java.util.List com.android.server.am.ActivityManagerService.getAllStackInfos() from ActivityManagerService.java:8937 waiters=0 for 162ms
12-09 08:29:52.103 W/art     ( 1592): Long monitor contention event with owner method=int com.android.server.wm.WindowManagerService.relayoutWindow(com.android.server.wm.Session, android.view.IWindow, int, android.view.WindowManager$LayoutParams, int, int, int, int, android.graphics.Rect, android.graphics.Rect, android.graphics.Rect, android.graphics.Rect, android.graphics.Rect, android.graphics.Rect, android.content.res.Configuration, android.view.Surface) from WindowManagerService.java:3103 waiters=0 for 154ms
12-09 08:29:52.105 I/Choreographer(19064): Skipped 45 frames!  The application may be doing too much work on its main thread.
12-09 08:29:52.105 D/gralloc_ranchu( 1223): gralloc_alloc: Creating ashmem region of size 3686400
12-09 08:29:52.134 D/        (19064): HostConnection::get() New Host Connection established 0x7f56b291d220, tid 19064
12-09 08:29:52.385 W/art     ( 1592): Long monitor contention event with owner method=void com.android.server.wm.WindowManagerService$H.handleMessage(android.os.Message) from WindowManagerService.java:7820 waiters=0 for 129ms
12-09 08:29:52.394 I/ActivityManager( 1592): Displayed com.evancharlton.mileage/.Mileage: +1s844ms
12-09 08:29:52.405 D/gralloc_ranchu( 1223): gralloc_alloc: Creating ashmem region of size 3686400
12-09 08:29:52.790 I/ContentMaintenance( 2374): Internal cache bytes used: 0; limit: 40626585; download size: 0
12-09 08:29:52.893 I/RealtimeCacheCleanup( 2374): Beginning Realtime garbage collection.
12-09 08:29:52.894 I/RealtimeCacheCleanup( 2374): Finished Realtime garbage collection.
12-09 08:29:53.151 D/gralloc_ranchu( 1223): gralloc_alloc: Creating ashmem region of size 3686400
12-09 08:29:53.504 I/art     (19064): Background sticky concurrent mark sweep GC freed 14377(800KB) AllocSpace objects, 0(0B) LOS objects, 22% free, 2002KB/2MB, paused 6.672ms total 83.589ms
12-09 08:29:53.525 I/System.out(19064): URI: //map
12-09 08:29:53.525 I/System.out(19064): params: {json={"query":"android.widget.Button index:2","operation":{"method_name":"query","arguments":[]}}
12-09 08:29:53.525 I/System.out(19064): }
12-09 08:29:53.612 W/art     (19064): Suspending all threads took: 19.578ms
12-09 08:29:53.708 I/art     (19064): Background sticky concurrent mark sweep GC freed 12614(552KB) AllocSpace objects, 2(40KB) LOS objects, 0% free, 3MB/3MB, paused 21.102ms total 143.415ms
12-09 08:29:53.760 I/art     (19064): Background partial concurrent mark sweep GC freed 35923(1767KB) AllocSpace objects, 3(60KB) LOS objects, 40% free, 2MB/3MB, paused 21.302ms total 37.805ms
12-09 08:29:53.764 I/System.out(19064): URI: //gesture
12-09 08:29:53.764 I/System.out(19064): params: {json={"query_timeout":5.0,"gestures":[{"query_string":"android.widget.Button index:2","touches":[{"x":50,"y":50,"offset_x":0,"offset_y":0,"wait":0.0,"time":0.2,"release":true,"query_string":null}]}]}
12-09 08:29:53.764 I/System.out(19064): }
12-09 08:29:54.205 W/AudioTrack( 1592): AUDIO_OUTPUT_FLAG_FAST denied by client; transfer 4, track 48000 Hz, output 44100 Hz
12-09 08:29:54.271 W/audio_hw_generic( 1307): Hardware backing HAL too slow, could only write 0 of 661 frames
12-09 08:29:54.375 W/audio_hw_generic( 1307): Hardware backing HAL too slow, could only write 0 of 661 frames
12-09 08:29:54.395 W/audio_hw_generic( 1307): Hardware backing HAL too slow, could only write 0 of 661 frames
12-09 08:29:54.469 D/gralloc_ranchu( 1223): gralloc_alloc: Creating ashmem region of size 45056
12-09 08:29:54.482 W/audio_hw_generic( 1307): Not supplying enough data to HAL, expected position 32045425 , only wrote 32045280
12-09 08:29:54.482 W/audio_hw_generic( 1307): Not supplying enough data to HAL, expected position 32045287 , only wrote 32045280
12-09 08:29:54.512 W/audio_hw_generic( 1307): Not supplying enough data to HAL, expected position 32046585 , only wrote 32045941
12-09 08:29:54.512 W/audio_hw_generic( 1307): Hardware backing HAL too slow, could only write 0 of 661 frames
12-09 08:29:54.546 W/audio_hw_generic( 1307): Not supplying enough data to HAL, expected position 32047456 , only wrote 32047263
12-09 08:29:54.546 W/audio_hw_generic( 1307): Hardware backing HAL too slow, could only write 0 of 661 frames
12-09 08:29:54.547 W/audio_hw_generic( 1307): Hardware backing HAL too slow, could only write 0 of 661 frames
12-09 08:29:54.569 W/audio_hw_generic( 1307): Hardware backing HAL too slow, could only write 0 of 661 frames
12-09 08:29:54.587 W/audio_hw_generic( 1307): Hardware backing HAL too slow, could only write 0 of 661 frames
12-09 08:29:54.742 W/audio_hw_generic( 1307): Not supplying enough data to HAL, expected position 32055891 , only wrote 32053873
12-09 08:29:54.815 W/audio_hw_generic( 1307): Hardware backing HAL too slow, could only write 0 of 661 frames
12-09 08:29:54.849 W/audio_hw_generic( 1307): Not supplying enough data to HAL, expected position 32058610 , only wrote 32058500
12-09 08:29:54.850 W/audio_hw_generic( 1307): Not supplying enough data to HAL, expected position 32058507 , only wrote 32058500
12-09 08:29:54.894 W/audio_hw_generic( 1307): Not supplying enough data to HAL, expected position 32060448 , only wrote 32059161
12-09 08:29:54.994 E/SurfaceFlinger( 1223): ro.sf.lcd_density must be defined as a build property
12-09 08:29:55.014 D/gralloc_ranchu( 1223): gralloc_alloc: Creating ashmem region of size 3686400
12-09 08:29:55.060 W/audio_hw_generic( 1307): Not supplying enough data to HAL, expected position 32066488 , only wrote 32063127
12-09 08:29:55.060 W/audio_hw_generic( 1307): Not supplying enough data to HAL, expected position 32063133 , only wrote 32063127
12-09 08:29:55.105 D/        (19092): HostConnection::get() New Host Connection established 0x7eff27ed2480, tid 19092
12-09 08:29:55.137 W/audio_hw_generic( 1307): Not supplying enough data to HAL, expected position 32066526 , only wrote 32063788
12-09 08:29:55.139 E/EGL_emulation( 1223): tid 1223: eglCreateSyncKHR(1881): error 0x3004 (EGL_BAD_ATTRIBUTE)
12-09 08:29:55.291 W/audio_hw_generic( 1307): Not supplying enough data to HAL, expected position 32070564 , only wrote 32069737
12-09 08:29:55.291 W/audio_hw_generic( 1307): Not supplying enough data to HAL, expected position 32069743 , only wrote 32069737
12-09 08:29:55.392 W/audio_hw_generic( 1307): Not supplying enough data to HAL, expected position 32074212 , only wrote 32073042
12-09 08:29:55.393 W/audio_hw_generic( 1307): Not supplying enough data to HAL, expected position 32073048 , only wrote 32073042
