--------- beginning of main
12-09 07:56:53.113 D/AndroidRuntime(10937): >>>>>> START com.android.internal.os.RuntimeInit uid 0 <<<<<<
12-09 07:56:53.114 D/AndroidRuntime(10937): CheckJNI is ON
12-09 07:56:53.127 D/ICU     (10937): No timezone override file found: /data/misc/zoneinfo/current/icu/icu_tzdata.dat
12-09 07:56:53.385 E/memtrack(10937): Couldn't load memtrack module (No such file or directory)
12-09 07:56:53.386 E/android.os.Debug(10937): failed to load memtrack module: -2
12-09 07:56:53.387 I/Radio-JNI(10937): register_android_hardware_Radio DONE
12-09 07:56:53.508 D/AndroidRuntime(10937): Calling main entry com.android.commands.am.Am
--------- beginning of system
12-09 07:56:53.530 I/ActivityManager( 1592): Force stopping com.evancharlton.mileage appid=10129 user=0: start instr
12-09 07:56:53.530 I/ActivityManager( 1592): Killing 10906:com.evancharlton.mileage/u0a129 (adj 0): stop com.evancharlton.mileage
12-09 07:56:53.584 W/ActivityManager( 1592): Crash of app com.evancharlton.mileage running instrumentation ComponentInfo{com.evancharlton.mileage.test/sh.calaba.instrumentationbackend.ClearAppData2}
12-09 07:56:53.584 I/ActivityManager( 1592): Force stopping com.evancharlton.mileage appid=10129 user=0: finished inst
12-09 07:56:53.614 I/ActivityManager( 1592): Start proc 10946:com.evancharlton.mileage/u0a129 for added application com.evancharlton.mileage
12-09 07:56:53.621 D/AndroidRuntime(10937): Shutting down VM
12-09 07:56:53.641 W/ActivityManager( 1592): Spurious death for ProcessRecord{f1e3a01 0:com.evancharlton.mileage/u0a129}, curProc for 10906: null
12-09 07:56:53.864 W/System  (10946): ClassLoader referenced unknown path: /data/app/com.evancharlton.mileage.test-1/lib/x86_64
12-09 07:56:53.864 W/System  (10946): ClassLoader referenced unknown path: /data/app/com.evancharlton.mileage-1/lib/x86_64
12-09 07:56:53.948 I/System.out(10946): Main activity name automatically set to: com.evancharlton.mileage.Mileage
12-09 07:56:53.949 I/System.out(10946): Calabash did not load Mono. This is only a problem if you are trying to test a Mono application
12-09 07:56:53.950 I/calabash(10946): Test server port: 7102
12-09 07:56:53.950 I/InstrumentationBackend(10946): Added:'GetPreferences', with key:'get_preferences'
12-09 07:56:54.123 I/InstrumentationBackend(10946): Added:'SetPreferences', with key:'set_preferences'
12-09 07:56:54.123 I/InstrumentationBackend(10946): Added:'ClearPreferences', with key:'clear_preferences'
12-09 07:56:54.123 I/InstrumentationBackend(10946): Added:'PressElement', with key:'press_l10n_element'
12-09 07:56:54.123 I/InstrumentationBackend(10946): Added:'WaitForElement', with key:'wait_for_l10n_element'
12-09 07:56:54.124 I/InstrumentationBackend(10946): Added:'NullAction', with key:'nullAction'
12-09 07:56:54.124 I/InstrumentationBackend(10946): Added:'PressKey', with key:'press_key'
12-09 07:56:54.124 I/InstrumentationBackend(10946): Added:'SetActivityOrientation', with key:'set_activity_orientation'
12-09 07:56:54.124 I/InstrumentationBackend(10946): Added:'GetActivityOrientation', with key:'get_activity_orientation'
12-09 07:56:54.137 I/InstrumentationBackend(10946): Added:'FakeGPSLocation', with key:'set_gps_coordinates'
12-09 07:56:54.137 I/InstrumentationBackend(10946): Added:'SetPropertyByCssSelector', with key:'set_property_by_css_selector'
12-09 07:56:54.137 I/InstrumentationBackend(10946): Added:'GetUrl', with key:'get_url'
12-09 07:56:54.170 I/InstrumentationBackend(10946): Added:'ScrollTo', with key:'scroll_to'
12-09 07:56:54.170 I/InstrumentationBackend(10946): Added:'GetLoadProgress', with key:'get_load_progress'
12-09 07:56:54.170 I/InstrumentationBackend(10946): Added:'DumpHtml', with key:'dump_html'
12-09 07:56:54.171 I/InstrumentationBackend(10946): Added:'DumpBodyHtml', with key:'dump_body_html'
12-09 07:56:54.171 I/InstrumentationBackend(10946): Added:'EnterTextByCssSelector', with key:'enter_text_by_selector'
12-09 07:56:54.174 I/InstrumentationBackend(10946): Added:'AndroidSDKVersion', with key:'android_sdk_version'
12-09 07:56:54.175 I/InstrumentationBackend(10946): Added:'Version', with key:'version'
12-09 07:56:54.175 I/InstrumentationBackend(10946): Added:'Drag', with key:'drag'
12-09 07:56:54.175 I/InstrumentationBackend(10946): Added:'TouchCoordinates', with key:'touch_coordinate'
12-09 07:56:54.175 I/InstrumentationBackend(10946): Added:'LongPressCoordinate', with key:'long_press_coordinate'
12-09 07:56:54.175 I/InstrumentationBackend(10946): Added:'DragCoordinates', with key:'drag_coordinates'
12-09 07:56:54.175 I/InstrumentationBackend(10946): Added:'ResumeApplication', with key:'resume_application'
12-09 07:56:54.176 I/InstrumentationBackend(10946): Added:'Swipe', with key:'swipe'
12-09 07:56:54.176 I/InstrumentationBackend(10946): Added:'DoubleTapCoordinate', with key:'double_tap_coordinate'
12-09 07:56:54.176 I/InstrumentationBackend(10946): Added:'ClickOnScreen', with key:'click_on_screen'
12-09 07:56:54.176 I/InstrumentationBackend(10946): Added:'GetActivityName', with key:'get_activity_name'
12-09 07:56:54.176 I/InstrumentationBackend(10946): Added:'ScrollToView', with key:'scroll_to_view'
12-09 07:56:54.177 I/InstrumentationBackend(10946): Added:'ViewConfiguration', with key:'view_configuration'
12-09 07:56:54.177 I/InstrumentationBackend(10946): Added:'IsCurrentActivityFocused', with key:'is_current_activity_focused'
12-09 07:56:54.177 I/InstrumentationBackend(10946): Added:'SendTcp', with key:'send_tcp'
12-09 07:56:54.177 I/InstrumentationBackend(10946): Added:'DpToDevicePixel', with key:'dp_to_device_pixel'
12-09 07:56:54.181 I/InstrumentationBackend(10946): Added:'KeyboardEnterText', with key:'keyboard_enter_text'
12-09 07:56:54.181 I/InstrumentationBackend(10946): Added:'DeleteSurroundingText', with key:'delete_surrounding_text'
12-09 07:56:54.181 I/InstrumentationBackend(10946): Added:'SetComposingRegion', with key:'set_composing_region'
12-09 07:56:54.181 I/InstrumentationBackend(10946): Added:'SetSelection', with key:'set_selection'
12-09 07:56:54.181 I/InstrumentationBackend(10946): Added:'KeyboardKeyEvent', with key:'keyboard_key_event'
12-09 07:56:54.182 I/InstrumentationBackend(10946): Added:'PressUserActionButton', with key:'press_user_action_button'
12-09 07:56:54.182 I/InstrumentationBackend(10946): Added:'HideSoftKeyboard', with key:'hide_soft_keyboard'
12-09 07:56:54.182 I/InstrumentationBackend(10946): Added:'ListActions', with key:'list_actions'
12-09 07:56:54.182 I/calabash(10946): Instantiating http server at 7102
12-09 07:56:54.183 I/System.out(10946): HTTP Daemon listening on: 7102
12-09 07:56:54.361 W/art     (10946): Suspending all threads took: 7.413ms
12-09 07:56:54.440 I/System.out(10946): URI: //ping
12-09 07:56:54.440 I/System.out(10946): params: {json={}
12-09 07:56:54.440 I/System.out(10946): }
12-09 07:56:54.458 I/art     (10946): Background partial concurrent mark sweep GC freed 27490(1233KB) AllocSpace objects, 1(20KB) LOS objects, 46% free, 1175KB/2MB, paused 16.312ms total 436.643ms
12-09 07:56:54.521 I/System.out(10946): URI: //ping
12-09 07:56:54.521 I/System.out(10946): params: {json={}
12-09 07:56:54.521 I/System.out(10946): }
12-09 07:56:54.581 I/System.out(10946): URI: //ready
12-09 07:56:54.581 I/System.out(10946): params: {json={}
12-09 07:56:54.581 I/System.out(10946): }
12-09 07:56:54.629 I/System.out(10946): URI: //
12-09 07:56:54.635 I/System.out(10946): params: {json={"command":"version","arguments":[]}
12-09 07:56:54.635 I/System.out(10946): }
12-09 07:56:54.635 I/System.out(10946): header: {date=Sun, 09 Dec 2018 07:56:54 GMT, accept=*/*, content-length=36, host=127.0.0.1:34777, user-agent=HTTPClient/1.0 (2.8.3, ruby 2.3.1 (2016-04-26)), content-type=application/json;charset=utf-8}
12-09 07:56:54.635 I/System.out(10946): params: {json={"command":"version","arguments":[]}
12-09 07:56:54.635 I/System.out(10946): }
12-09 07:56:54.635 I/System.out(10946): ProP json = {"command":"version","arguments":[]}
12-09 07:56:54.635 I/System.out(10946): files: {}
12-09 07:56:54.635 I/System.out(10946): command: {"command":"version","arguments":[]}
12-09 07:56:54.652 I/InstrumentationBackend(10946): Got command:'Command:'Line:null,version', arguments:'[]'
12-09 07:56:54.782 I/art     (10946): Background sticky concurrent mark sweep GC freed 14202(825KB) AllocSpace objects, 11(220KB) LOS objects, 43% free, 1234KB/2MB, paused 2.243ms total 100.496ms
12-09 07:56:54.783 I/System.out(10946): result:{"bonusInformation":[],"message":"0.9.8","success":true}
12-09 07:56:54.857 I/System.out(10946): URI: //start-application
12-09 07:56:54.857 I/System.out(10946): params: {json={"intent":null}
12-09 07:56:54.857 I/System.out(10946): }
12-09 07:56:54.901 I/ActivityManager( 1592): START u0 {act=android.intent.action.MAIN cat=[android.intent.category.LAUNCHER] flg=0x10200000 cmp=com.evancharlton.mileage/.Mileage} from uid 10129 on display 0
12-09 07:56:55.053 I/calabash(10946): newActivity1
12-09 07:56:55.057 D/gralloc_ranchu( 1224): gralloc_alloc: Creating ashmem region of size 3686400
12-09 07:56:55.071 I/calabash(10946): newActivity1
12-09 07:56:55.082 W/ActivityManager( 1592): Bad activity token: android.os.BinderProxy@86fdfdf
12-09 07:56:55.082 W/ActivityManager( 1592): java.lang.ClassCastException: android.os.BinderProxy cannot be cast to com.android.server.am.ActivityRecord$Token
12-09 07:56:55.082 W/ActivityManager( 1592): 	at com.android.server.am.ActivityRecord.forTokenLocked(ActivityRecord.java:424)
12-09 07:56:55.082 W/ActivityManager( 1592): 	at com.android.server.am.ActivityRecord.isInStackLocked(ActivityRecord.java:1121)
12-09 07:56:55.082 W/ActivityManager( 1592): 	at com.android.server.am.ActivityRecord.getStackLocked(ActivityRecord.java:1126)
12-09 07:56:55.082 W/ActivityManager( 1592): 	at com.android.server.am.ActivityManagerService.getActivityDisplayId(ActivityManagerService.java:8889)
12-09 07:56:55.082 W/ActivityManager( 1592): 	at android.app.ActivityManagerNative.onTransact(ActivityManagerNative.java:2338)
12-09 07:56:55.082 W/ActivityManager( 1592): 	at com.android.server.am.ActivityManagerService.onTransact(ActivityManagerService.java:2443)
12-09 07:56:55.082 W/ActivityManager( 1592): 	at android.os.Binder.execTransact(Binder.java:453)
12-09 07:56:55.083 W/ActivityManager( 1592): Bad activity token: android.os.BinderProxy@86fdfdf
12-09 07:56:55.083 W/ActivityManager( 1592): java.lang.ClassCastException: android.os.BinderProxy cannot be cast to com.android.server.am.ActivityRecord$Token
12-09 07:56:55.083 W/ActivityManager( 1592): 	at com.android.server.am.ActivityRecord.forTokenLocked(ActivityRecord.java:424)
12-09 07:56:55.083 W/ActivityManager( 1592): 	at com.android.server.am.ActivityRecord.isInStackLocked(ActivityRecord.java:1121)
12-09 07:56:55.083 W/ActivityManager( 1592): 	at com.android.server.am.ActivityManagerService.setTaskDescription(ActivityManagerService.java:8547)
12-09 07:56:55.083 W/ActivityManager( 1592): 	at android.app.ActivityManagerNative.onTransact(ActivityManagerNative.java:2410)
12-09 07:56:55.083 W/ActivityManager( 1592): 	at com.android.server.am.ActivityManagerService.onTransact(ActivityManagerService.java:2443)
12-09 07:56:55.083 W/ActivityManager( 1592): 	at android.os.Binder.execTransact(Binder.java:453)
12-09 07:56:55.280 V/PhoneStatusBar( 1724): setLightsOn(true)
12-09 07:56:55.364 D/FillupsProvider(10946): Creating database
12-09 07:56:55.376 D/EGL_emulation( 1953): eglMakeCurrent: 0x7f9d18cf4b40: ver 2 0 (tinfo 0x7f9d18cc2d20)
12-09 07:56:55.382 E/Surface ( 1953): getSlotFromBufferLocked: unknown buffer: 0x7f9d1528b100
12-09 07:56:55.441 I/art     (10946): Background sticky concurrent mark sweep GC freed 6938(390KB) AllocSpace objects, 0(0B) LOS objects, 22% free, 1696KB/2MB, paused 11.787ms total 45.824ms
12-09 07:56:55.670 W/ActivityManager( 1592): Bad activity token: android.os.BinderProxy@86fdfdf
12-09 07:56:55.670 W/ActivityManager( 1592): java.lang.ClassCastException: android.os.BinderProxy cannot be cast to com.android.server.am.ActivityRecord$Token
12-09 07:56:55.670 W/ActivityManager( 1592): 	at com.android.server.am.ActivityRecord.forTokenLocked(ActivityRecord.java:424)
12-09 07:56:55.670 W/ActivityManager( 1592): 	at com.android.server.am.ActivityRecord.isInStackLocked(ActivityRecord.java:1121)
12-09 07:56:55.670 W/ActivityManager( 1592): 	at com.android.server.am.ActivityManagerService.getActivityOptions(ActivityManagerService.java:11038)
12-09 07:56:55.670 W/ActivityManager( 1592): 	at android.app.ActivityManagerNative.onTransact(ActivityManagerNative.java:1734)
12-09 07:56:55.670 W/ActivityManager( 1592): 	at com.android.server.am.ActivityManagerService.onTransact(ActivityManagerService.java:2443)
12-09 07:56:55.670 W/ActivityManager( 1592): 	at android.os.Binder.execTransact(Binder.java:453)
12-09 07:56:55.693 W/ActivityManager( 1592): Bad activity token: android.os.BinderProxy@86fdfdf
12-09 07:56:55.693 W/ActivityManager( 1592): java.lang.ClassCastException: android.os.BinderProxy cannot be cast to com.android.server.am.ActivityRecord$Token
12-09 07:56:55.693 W/ActivityManager( 1592): 	at com.android.server.am.ActivityRecord.forTokenLocked(ActivityRecord.java:424)
12-09 07:56:55.693 W/ActivityManager( 1592): 	at com.android.server.am.ActivityRecord.isInStackLocked(ActivityRecord.java:1121)
12-09 07:56:55.693 W/ActivityManager( 1592): 	at com.android.server.am.ActivityManagerService.getActivityOptions(ActivityManagerService.java:11038)
12-09 07:56:55.693 W/ActivityManager( 1592): 	at android.app.ActivityManagerNative.onTransact(ActivityManagerNative.java:1734)
12-09 07:56:55.693 W/ActivityManager( 1592): 	at com.android.server.am.ActivityManagerService.onTransact(ActivityManagerService.java:2443)
12-09 07:56:55.693 W/ActivityManager( 1592): 	at android.os.Binder.execTransact(Binder.java:453)
12-09 07:56:55.981 W/art     ( 1592): Long monitor contention event with owner method=void com.android.server.wm.WindowAnimator$1.doFrame(long) from WindowAnimator.java:121 waiters=0 for 177ms
12-09 07:56:56.285 W/art     ( 1592): Long monitor contention event with owner method=void com.android.server.wm.WindowAnimator$1.doFrame(long) from WindowAnimator.java:121 waiters=0 for 304ms
12-09 07:56:56.482 W/art     ( 1592): Long monitor contention event with owner method=void com.android.server.wm.WindowAnimator$1.doFrame(long) from WindowAnimator.java:121 waiters=1 for 435ms
12-09 07:56:56.613 W/art     ( 1592): Long monitor contention event with owner method=void com.android.server.wm.WindowAnimator$1.doFrame(long) from WindowAnimator.java:121 waiters=1 for 327ms
12-09 07:56:56.613 W/art     ( 1592): Long monitor contention event with owner method=void com.android.server.wm.WindowManagerService$H.handleMessage(android.os.Message) from WindowManagerService.java:7820 waiters=1 for 131ms
12-09 07:56:56.614 W/art     ( 1592): Long monitor contention event with owner method=java.util.List com.android.server.am.ActivityManagerService.getAllStackInfos() from ActivityManagerService.java:8937 waiters=0 for 552ms
12-09 07:56:56.832 I/art     (10946): Background sticky concurrent mark sweep GC freed 480(33KB) AllocSpace objects, 0(0B) LOS objects, 8% free, 2019KB/2MB, paused 9.662ms total 31.325ms
12-09 07:56:56.914 D/gralloc_ranchu( 1224): gralloc_alloc: Creating ashmem region of size 3686400
12-09 07:56:56.950 D/        (10946): HostConnection::get() New Host Connection established 0x7f9d152fd1c0, tid 10946
12-09 07:56:57.078 I/ActivityManager( 1592): Displayed com.evancharlton.mileage/.Mileage: +2s123ms
12-09 07:56:57.130 D/gralloc_ranchu( 1224): gralloc_alloc: Creating ashmem region of size 3686400
12-09 07:56:57.661 I/System.out(10946): URI: //map
12-09 07:56:57.661 I/System.out(10946): params: {json={"query":"android.widget.Button index:2","operation":{"method_name":"query","arguments":[]}}
12-09 07:56:57.661 I/System.out(10946): }
12-09 07:56:57.953 I/System.out(10946): URI: //gesture
12-09 07:56:57.953 I/System.out(10946): params: {json={"query_timeout":5.0,"gestures":[{"query_string":"android.widget.Button index:2","touches":[{"x":50,"y":50,"offset_x":0,"offset_y":0,"wait":0.0,"time":0.2,"release":true,"query_string":null}]}]}
12-09 07:56:57.953 I/System.out(10946): }
12-09 07:56:57.959 I/art     (10946): Background sticky concurrent mark sweep GC freed 35236(1635KB) AllocSpace objects, 1(20KB) LOS objects, 13% free, 2MB/3MB, paused 1.193ms total 136.420ms
12-09 07:56:58.159 D/gralloc_ranchu( 1224): gralloc_alloc: Creating ashmem region of size 3686400
12-09 07:56:58.182 I/art     (10946): Background sticky concurrent mark sweep GC freed 15808(623KB) AllocSpace objects, 1(20KB) LOS objects, 25% free, 2MB/3MB, paused 5.512ms total 24.327ms
12-09 07:56:59.062 I/ContentMaintenance( 2376): Internal cache bytes used: 0; limit: 40626585; download size: 0
12-09 07:56:59.065 I/RealtimeCacheCleanup( 2376): Beginning Realtime garbage collection.
12-09 07:56:59.066 I/RealtimeCacheCleanup( 2376): Finished Realtime garbage collection.
12-09 07:56:59.105 W/audio_hw_generic( 1309): Not supplying enough data to HAL, expected position 12099884 , only wrote 12098944
12-09 07:56:59.105 W/audio_hw_generic( 1309): Not supplying enough data to HAL, expected position 12098951 , only wrote 12098944
12-09 07:56:59.121 W/audio_hw_generic( 1309): Hardware backing HAL too slow, could only write 0 of 661 frames
12-09 07:56:59.127 I/art     (10946): Background sticky concurrent mark sweep GC freed 24593(1061KB) AllocSpace objects, 0(0B) LOS objects, 21% free, 2MB/3MB, paused 1.499ms total 172.714ms
12-09 07:56:59.157 W/audio_hw_generic( 1309): Hardware backing HAL too slow, could only write 0 of 661 frames
12-09 07:56:59.360 D/gralloc_ranchu( 1224): gralloc_alloc: Creating ashmem region of size 45056
12-09 07:56:59.430 W/audio_hw_generic( 1309): Hardware backing HAL too slow, could only write 0 of 661 frames
12-09 07:56:59.444 W/audio_hw_generic( 1309): Hardware backing HAL too slow, could only write 0 of 661 frames
12-09 07:56:59.474 W/audio_hw_generic( 1309): Hardware backing HAL too slow, could only write 0 of 661 frames
12-09 07:56:59.489 W/audio_hw_generic( 1309): Hardware backing HAL too slow, could only write 0 of 661 frames
12-09 07:56:59.566 W/audio_hw_generic( 1309): Hardware backing HAL too slow, could only write 0 of 661 frames
12-09 07:56:59.566 W/audio_hw_generic( 1309): Not supplying enough data to HAL, expected position 12119267 , only wrote 12118113
12-09 07:56:59.566 W/audio_hw_generic( 1309): Not supplying enough data to HAL, expected position 12118119 , only wrote 12118113
12-09 07:56:59.587 W/audio_hw_generic( 1309): Not supplying enough data to HAL, expected position 12119045 , only wrote 12118774
12-09 07:56:59.621 W/audio_hw_generic( 1309): Hardware backing HAL too slow, could only write 0 of 661 frames
12-09 07:56:59.643 W/audio_hw_generic( 1309): Hardware backing HAL too slow, could only write 0 of 661 frames
12-09 07:56:59.652 W/audio_hw_generic( 1309): Hardware backing HAL too slow, could only write 0 of 661 frames
12-09 07:56:59.789 E/SurfaceFlinger( 1224): ro.sf.lcd_density must be defined as a build property
12-09 07:56:59.889 W/audio_hw_generic( 1309): Not supplying enough data to HAL, expected position 12132083 , only wrote 12128028
12-09 07:56:59.899 W/audio_hw_generic( 1309): Not supplying enough data to HAL, expected position 12128454 , only wrote 12128028
12-09 07:56:59.936 D/gralloc_ranchu( 1224): gralloc_alloc: Creating ashmem region of size 3686400
12-09 07:56:59.943 W/audio_hw_generic( 1309): Not supplying enough data to HAL, expected position 12129989 , only wrote 12128689
12-09 07:56:59.973 D/        (10974): HostConnection::get() New Host Connection established 0x7f44dd1d2480, tid 10974
12-09 07:56:59.977 W/audio_hw_generic( 1309): Hardware backing HAL too slow, could only write 0 of 661 frames
12-09 07:56:59.991 W/audio_hw_generic( 1309): Hardware backing HAL too slow, could only write 0 of 661 frames
12-09 07:57:00.010 E/EGL_emulation( 1224): tid 1224: eglCreateSyncKHR(1881): error 0x3004 (EGL_BAD_ATTRIBUTE)
12-09 07:57:00.012 W/audio_hw_generic( 1309): Hardware backing HAL too slow, could only write 0 of 661 frames
12-09 07:57:00.097 W/audio_hw_generic( 1309): Hardware backing HAL too slow, could only write 0 of 661 frames
12-09 07:57:00.153 W/audio_hw_generic( 1309): Not supplying enough data to HAL, expected position 12137961 , only wrote 12137943
12-09 07:57:00.153 W/audio_hw_generic( 1309): Not supplying enough data to HAL, expected position 12137950 , only wrote 12137943
12-09 07:57:00.186 W/audio_hw_generic( 1309): Not supplying enough data to HAL, expected position 12139379 , only wrote 12138604
12-09 07:57:00.186 W/audio_hw_generic( 1309): Hardware backing HAL too slow, could only write 0 of 661 frames
12-09 07:57:00.225 W/audio_hw_generic( 1309): Hardware backing HAL too slow, could only write 0 of 661 frames
12-09 07:57:00.236 W/audio_hw_generic( 1309): Hardware backing HAL too slow, could only write 0 of 661 frames
12-09 07:57:00.260 W/audio_hw_generic( 1309): Hardware backing HAL too slow, could only write 0 of 661 frames
12-09 07:57:00.415 W/audio_hw_generic( 1309): Not supplying enough data to HAL, expected position 12148721 , only wrote 12147858
12-09 07:57:00.553 W/audio_hw_generic( 1309): Not supplying enough data to HAL, expected position 12153932 , only wrote 12153807
12-09 07:57:00.553 W/audio_hw_generic( 1309): Not supplying enough data to HAL, expected position 12153814 , only wrote 12153807
12-09 07:57:00.570 W/audio_hw_generic( 1309): Not supplying enough data to HAL, expected position 12154531 , only wrote 12154468
12-09 07:57:00.877 W/audio_hw_generic( 1309): Not supplying enough data to HAL, expected position 12168022 , only wrote 12167688
