--------- beginning of main
12-09 07:41:06.047 E/EGL_emulation( 1219): tid 1219: eglCreateSyncKHR(1881): error 0x3004 (EGL_BAD_ATTRIBUTE)
--------- beginning of system
12-09 07:41:06.209 W/ActivityManager( 1594): Finishing task with all activities already finished
12-09 07:41:06.209 W/ActivityManager( 1594): Duplicate finish request for ActivityRecord{1b2bf05 u0 com.evancharlton.mileage/.Mileage t350 f}
12-09 07:41:06.210 W/ActivityManager( 1594): Finishing task with all activities already finished
12-09 07:41:06.210 W/ActivityManager( 1594): Duplicate finish request for ActivityRecord{1b2bf05 u0 com.evancharlton.mileage/.Mileage t350 f}
12-09 07:41:06.210 W/ActivityManager( 1594): Finishing task with all activities already finished
12-09 07:41:06.210 W/ActivityManager( 1594): Duplicate finish request for ActivityRecord{1b2bf05 u0 com.evancharlton.mileage/.Mileage t350 f}
12-09 07:41:06.322 I/art     ( 1594): Background partial concurrent mark sweep GC freed 3567(313KB) AllocSpace objects, 2(40KB) LOS objects, 30% free, 9MB/13MB, paused 1.490ms total 108.328ms
12-09 07:41:06.525 W/art     ( 1594): Long monitor contention event with owner method=void com.android.server.wm.WindowAnimator$1.doFrame(long) from WindowAnimator.java:121 waiters=2 for 257ms
12-09 07:41:06.760 W/art     ( 1594): Long monitor contention event with owner method=void com.android.server.wm.WindowAnimator$1.doFrame(long) from WindowAnimator.java:121 waiters=2 for 359ms
12-09 07:41:06.760 W/art     ( 1594): Long monitor contention event with owner method=void com.android.server.wm.WindowAnimator$1.doFrame(long) from WindowAnimator.java:121 waiters=2 for 235ms
12-09 07:41:06.761 W/art     ( 1594): Long monitor contention event with owner method=void com.android.server.wm.WindowAnimator$1.doFrame(long) from WindowAnimator.java:121 waiters=2 for 117ms
12-09 07:41:06.902 D/EGL_emulation( 1899): eglMakeCurrent: 0x7f347faf4dc0: ver 2 0 (tinfo 0x7f347fac2ce0)
12-09 07:41:07.420 W/art     ( 1594): Long monitor contention event with owner method=void com.android.server.wm.WindowAnimator$1.doFrame(long) from WindowAnimator.java:121 waiters=1 for 186ms
12-09 07:41:07.492 D/AndroidRuntime( 5351): >>>>>> START com.android.internal.os.RuntimeInit uid 0 <<<<<<
12-09 07:41:07.493 D/AndroidRuntime( 5351): CheckJNI is ON
12-09 07:41:07.543 W/art     ( 1594): Long monitor contention event with owner method=void com.android.server.wm.WindowAnimator$1.doFrame(long) from WindowAnimator.java:121 waiters=1 for 262ms
12-09 07:41:07.576 D/ICU     ( 5351): No timezone override file found: /data/misc/zoneinfo/current/icu/icu_tzdata.dat
12-09 07:41:07.677 W/art     ( 1594): Long monitor contention event with owner method=void com.android.server.wm.WindowAnimator$1.doFrame(long) from WindowAnimator.java:121 waiters=1 for 256ms
12-09 07:41:07.681 E/memtrack( 5351): Couldn't load memtrack module (No such file or directory)
12-09 07:41:07.681 E/android.os.Debug( 5351): failed to load memtrack module: -2
12-09 07:41:07.682 I/Radio-JNI( 5351): register_android_hardware_Radio DONE
12-09 07:41:07.715 D/AndroidRuntime( 5351): Calling main entry com.android.commands.am.Am
12-09 07:41:07.829 W/art     ( 1594): Long monitor contention event with owner method=void com.android.server.wm.WindowAnimator$1.doFrame(long) from WindowAnimator.java:121 waiters=1 for 286ms
12-09 07:41:07.886 W/art     ( 1594): Long monitor contention event with owner method=void com.android.server.wm.WindowAnimator$1.doFrame(long) from WindowAnimator.java:121 waiters=1 for 209ms
12-09 07:41:08.252 W/art     ( 1594): Long monitor contention event with owner method=void com.android.server.wm.WindowAnimator$1.doFrame(long) from WindowAnimator.java:121 waiters=1 for 366ms
12-09 07:41:08.353 W/art     ( 1594): Long monitor contention event with owner method=void com.android.server.wm.WindowAnimator$1.doFrame(long) from WindowAnimator.java:121 waiters=1 for 289ms
12-09 07:41:08.685 W/art     ( 1594): Long monitor contention event with owner method=java.util.List com.android.server.am.ActivityManagerService.getAllStackInfos() from ActivityManagerService.java:8937 waiters=0 for 1.389s
12-09 07:41:08.686 I/Choreographer( 1899): Skipped 104 frames!  The application may be doing too much work on its main thread.
12-09 07:41:08.690 W/art     ( 1594): Long monitor contention event with owner method=java.util.List com.android.server.am.ActivityManagerService.getAllStackInfos() from ActivityManagerService.java:8937 waiters=1 for 849ms
12-09 07:41:08.695 I/ActivityManager( 1594): Force stopping com.evancharlton.mileage appid=10119 user=0: start instr
12-09 07:41:08.695 I/ActivityManager( 1594): Killing 5312:com.evancharlton.mileage/u0a119 (adj 0): stop com.evancharlton.mileage
12-09 07:41:08.845 W/OpenGLRenderer( 1899): Incorrectly called buildLayer on View: ShortcutAndWidgetContainer, destroying layer...
12-09 07:41:08.964 W/art     ( 1594): Long monitor contention event with owner method=void com.android.server.wm.WindowManagerService$H.handleMessage(android.os.Message) from WindowManagerService.java:7820 waiters=1 for 107ms
12-09 07:41:08.964 I/WindowState( 1594): WIN DEATH: Window{9cc905f u0 com.evancharlton.mileage/com.evancharlton.mileage.Mileage EXITING}
12-09 07:41:08.980 W/ActivityManager( 1594): Crash of app com.evancharlton.mileage running instrumentation ComponentInfo{com.evancharlton.mileage.test/sh.calaba.instrumentationbackend.CalabashInstrumentationTestRunner}
12-09 07:41:08.980 I/ActivityManager( 1594): Force stopping com.evancharlton.mileage appid=10119 user=0: finished inst
12-09 07:41:09.012 I/ActivityManager( 1594): Start proc 5360:com.evancharlton.mileage/u0a119 for added application com.evancharlton.mileage
12-09 07:41:09.024 D/AndroidRuntime( 5351): Shutting down VM
12-09 07:41:09.115 W/art     ( 1594): Long monitor contention event with owner method=boolean com.android.server.am.ActivityManagerService.startInstrumentation(android.content.ComponentName, java.lang.String, int, android.os.Bundle, android.app.IInstrumentationWatcher, android.app.IUiAutomationConnection, int, java.lang.String) from ActivityManagerService.java:17066 waiters=0 for 420ms
12-09 07:41:09.115 W/art     ( 1594): Long monitor contention event with owner method=boolean com.android.server.am.ActivityManagerService.startInstrumentation(android.content.ComponentName, java.lang.String, int, android.os.Bundle, android.app.IInstrumentationWatcher, android.app.IUiAutomationConnection, int, java.lang.String) from ActivityManagerService.java:17066 waiters=1 for 419ms
12-09 07:41:09.115 W/art     ( 1594): Long monitor contention event with owner method=boolean com.android.server.am.ActivityManagerService.startInstrumentation(android.content.ComponentName, java.lang.String, int, android.os.Bundle, android.app.IInstrumentationWatcher, android.app.IUiAutomationConnection, int, java.lang.String) from ActivityManagerService.java:17066 waiters=2 for 258ms
12-09 07:41:09.116 W/ActivityManager( 1594): Spurious death for ProcessRecord{7ba9c2d 0:com.evancharlton.mileage/u0a119}, curProc for 5312: null
12-09 07:41:09.223 I/art     ( 1697): Background partial concurrent mark sweep GC freed 4565(190KB) AllocSpace objects, 0(0B) LOS objects, 39% free, 3MB/6MB, paused 10.314ms total 97.526ms
12-09 07:41:09.265 W/System  ( 5360): ClassLoader referenced unknown path: /data/app/com.evancharlton.mileage.test-1/lib/x86_64
12-09 07:41:09.265 W/System  ( 5360): ClassLoader referenced unknown path: /data/app/com.evancharlton.mileage-1/lib/x86_64
12-09 07:41:09.294 I/System.out( 5360): Main activity name automatically set to: com.evancharlton.mileage.Mileage
12-09 07:41:09.302 I/System.out( 5360): Calabash did not load Mono. This is only a problem if you are trying to test a Mono application
12-09 07:41:09.302 I/calabash( 5360): Test server port: 7102
12-09 07:41:09.312 I/InstrumentationBackend( 5360): Added:'GetPreferences', with key:'get_preferences'
12-09 07:41:09.364 W/WindowAnimator( 1594): Failed to dispatch window animation state change.
12-09 07:41:09.364 W/WindowAnimator( 1594): android.os.DeadObjectException
12-09 07:41:09.364 W/WindowAnimator( 1594): 	at android.os.BinderProxy.transactNative(Native Method)
12-09 07:41:09.364 W/WindowAnimator( 1594): 	at android.os.BinderProxy.transact(Binder.java:503)
12-09 07:41:09.364 W/WindowAnimator( 1594): 	at android.view.IWindow$Stub$Proxy.onAnimationStopped(IWindow.java:534)
12-09 07:41:09.364 W/WindowAnimator( 1594): 	at com.android.server.wm.WindowAnimator.updateWindowsLocked(WindowAnimator.java:286)
12-09 07:41:09.364 W/WindowAnimator( 1594): 	at com.android.server.wm.WindowAnimator.animateLocked(WindowAnimator.java:678)
12-09 07:41:09.364 W/WindowAnimator( 1594): 	at com.android.server.wm.WindowAnimator.-wrap0(WindowAnimator.java)
12-09 07:41:09.364 W/WindowAnimator( 1594): 	at com.android.server.wm.WindowAnimator$1.doFrame(WindowAnimator.java:123)
12-09 07:41:09.364 W/WindowAnimator( 1594): 	at android.view.Choreographer$CallbackRecord.run(Choreographer.java:856)
12-09 07:41:09.364 W/WindowAnimator( 1594): 	at android.view.Choreographer.doCallbacks(Choreographer.java:670)
12-09 07:41:09.364 W/WindowAnimator( 1594): 	at android.view.Choreographer.doFrame(Choreographer.java:603)
12-09 07:41:09.364 W/WindowAnimator( 1594): 	at android.view.Choreographer$FrameDisplayEventReceiver.run(Choreographer.java:844)
12-09 07:41:09.364 W/WindowAnimator( 1594): 	at android.os.Handler.handleCallback(Handler.java:739)
12-09 07:41:09.364 W/WindowAnimator( 1594): 	at android.os.Handler.dispatchMessage(Handler.java:95)
12-09 07:41:09.364 W/WindowAnimator( 1594): 	at android.os.Looper.loop(Looper.java:148)
12-09 07:41:09.364 W/WindowAnimator( 1594): 	at android.os.HandlerThread.run(HandlerThread.java:61)
12-09 07:41:09.364 W/WindowAnimator( 1594): 	at com.android.server.ServiceThread.run(ServiceThread.java:46)
12-09 07:41:09.431 W/art     ( 5360): Suspending all threads took: 20.461ms
12-09 07:41:09.565 I/art     ( 5360): Background sticky concurrent mark sweep GC freed 40112(1564KB) AllocSpace objects, 0(0B) LOS objects, 76% free, 914KB/3MB, paused 21.677ms total 225.098ms
12-09 07:41:09.573 I/InstrumentationBackend( 5360): Added:'SetPreferences', with key:'set_preferences'
12-09 07:41:09.573 I/InstrumentationBackend( 5360): Added:'ClearPreferences', with key:'clear_preferences'
12-09 07:41:09.574 I/InstrumentationBackend( 5360): Added:'PressElement', with key:'press_l10n_element'
12-09 07:41:09.574 I/InstrumentationBackend( 5360): Added:'WaitForElement', with key:'wait_for_l10n_element'
12-09 07:41:09.574 I/InstrumentationBackend( 5360): Added:'NullAction', with key:'nullAction'
12-09 07:41:09.631 I/InstrumentationBackend( 5360): Added:'PressKey', with key:'press_key'
12-09 07:41:09.631 I/InstrumentationBackend( 5360): Added:'SetActivityOrientation', with key:'set_activity_orientation'
12-09 07:41:09.631 I/InstrumentationBackend( 5360): Added:'GetActivityOrientation', with key:'get_activity_orientation'
12-09 07:41:09.632 I/InstrumentationBackend( 5360): Added:'FakeGPSLocation', with key:'set_gps_coordinates'
12-09 07:41:09.632 I/InstrumentationBackend( 5360): Added:'SetPropertyByCssSelector', with key:'set_property_by_css_selector'
12-09 07:41:09.632 I/InstrumentationBackend( 5360): Added:'GetUrl', with key:'get_url'
12-09 07:41:09.633 I/InstrumentationBackend( 5360): Added:'ScrollTo', with key:'scroll_to'
12-09 07:41:09.633 I/InstrumentationBackend( 5360): Added:'GetLoadProgress', with key:'get_load_progress'
12-09 07:41:09.633 I/InstrumentationBackend( 5360): Added:'DumpHtml', with key:'dump_html'
12-09 07:41:09.633 I/InstrumentationBackend( 5360): Added:'DumpBodyHtml', with key:'dump_body_html'
12-09 07:41:09.634 I/InstrumentationBackend( 5360): Added:'EnterTextByCssSelector', with key:'enter_text_by_selector'
12-09 07:41:09.647 I/InstrumentationBackend( 5360): Added:'AndroidSDKVersion', with key:'android_sdk_version'
12-09 07:41:09.647 I/InstrumentationBackend( 5360): Added:'Version', with key:'version'
12-09 07:41:09.647 I/InstrumentationBackend( 5360): Added:'Drag', with key:'drag'
12-09 07:41:09.647 I/InstrumentationBackend( 5360): Added:'TouchCoordinates', with key:'touch_coordinate'
12-09 07:41:09.675 I/InstrumentationBackend( 5360): Added:'LongPressCoordinate', with key:'long_press_coordinate'
12-09 07:41:09.675 I/InstrumentationBackend( 5360): Added:'DragCoordinates', with key:'drag_coordinates'
12-09 07:41:09.676 I/InstrumentationBackend( 5360): Added:'ResumeApplication', with key:'resume_application'
12-09 07:41:09.676 I/InstrumentationBackend( 5360): Added:'Swipe', with key:'swipe'
12-09 07:41:09.676 I/InstrumentationBackend( 5360): Added:'DoubleTapCoordinate', with key:'double_tap_coordinate'
12-09 07:41:09.676 I/InstrumentationBackend( 5360): Added:'ClickOnScreen', with key:'click_on_screen'
12-09 07:41:09.676 I/InstrumentationBackend( 5360): Added:'GetActivityName', with key:'get_activity_name'
12-09 07:41:09.677 I/InstrumentationBackend( 5360): Added:'ScrollToView', with key:'scroll_to_view'
12-09 07:41:09.677 I/InstrumentationBackend( 5360): Added:'ViewConfiguration', with key:'view_configuration'
12-09 07:41:09.677 I/InstrumentationBackend( 5360): Added:'IsCurrentActivityFocused', with key:'is_current_activity_focused'
12-09 07:41:09.677 I/InstrumentationBackend( 5360): Added:'SendTcp', with key:'send_tcp'
12-09 07:41:09.677 I/InstrumentationBackend( 5360): Added:'DpToDevicePixel', with key:'dp_to_device_pixel'
12-09 07:41:09.678 I/InstrumentationBackend( 5360): Added:'KeyboardEnterText', with key:'keyboard_enter_text'
12-09 07:41:09.678 I/InstrumentationBackend( 5360): Added:'DeleteSurroundingText', with key:'delete_surrounding_text'
12-09 07:41:09.678 I/InstrumentationBackend( 5360): Added:'SetComposingRegion', with key:'set_composing_region'
12-09 07:41:09.691 I/InstrumentationBackend( 5360): Added:'SetSelection', with key:'set_selection'
12-09 07:41:09.691 I/InstrumentationBackend( 5360): Added:'KeyboardKeyEvent', with key:'keyboard_key_event'
12-09 07:41:09.691 I/InstrumentationBackend( 5360): Added:'PressUserActionButton', with key:'press_user_action_button'
12-09 07:41:09.692 I/InstrumentationBackend( 5360): Added:'HideSoftKeyboard', with key:'hide_soft_keyboard'
12-09 07:41:09.692 I/InstrumentationBackend( 5360): Added:'ListActions', with key:'list_actions'
12-09 07:41:09.692 I/calabash( 5360): Instantiating http server at 7102
12-09 07:41:09.693 I/System.out( 5360): HTTP Daemon listening on: 7102
12-09 07:41:09.790 I/System.out( 5360): URI: //ping
12-09 07:41:09.790 I/System.out( 5360): params: {json={}
12-09 07:41:09.790 I/System.out( 5360): }
12-09 07:41:09.820 I/System.out( 5360): URI: //ping
12-09 07:41:09.820 I/System.out( 5360): params: {json={}
12-09 07:41:09.820 I/System.out( 5360): }
12-09 07:41:09.844 I/System.out( 5360): URI: //ready
12-09 07:41:09.844 I/System.out( 5360): params: {json={}
12-09 07:41:09.844 I/System.out( 5360): }
12-09 07:41:09.912 I/System.out( 5360): URI: //
12-09 07:41:09.912 I/System.out( 5360): params: {json={"command":"version","arguments":[]}
12-09 07:41:09.912 I/System.out( 5360): }
12-09 07:41:09.912 I/System.out( 5360): header: {date=Sun, 09 Dec 2018 07:41:10 GMT, accept=*/*, content-length=36, host=127.0.0.1:34777, user-agent=HTTPClient/1.0 (2.8.3, ruby 2.3.1 (2016-04-26)), content-type=application/json;charset=utf-8}
12-09 07:41:09.912 I/System.out( 5360): params: {json={"command":"version","arguments":[]}
12-09 07:41:09.912 I/System.out( 5360): }
12-09 07:41:09.912 I/System.out( 5360): ProP json = {"command":"version","arguments":[]}
12-09 07:41:09.912 I/System.out( 5360): files: {}
12-09 07:41:09.912 I/System.out( 5360): command: {"command":"version","arguments":[]}
12-09 07:41:09.939 I/InstrumentationBackend( 5360): Got command:'Command:'Line:null,version', arguments:'[]'
12-09 07:41:09.971 I/System.out( 5360): result:{"bonusInformation":[],"message":"0.9.8","success":true}
12-09 07:41:10.138 I/System.out( 5360): URI: //start-application
12-09 07:41:10.138 I/System.out( 5360): params: {json={"intent":null}
12-09 07:41:10.138 I/System.out( 5360): }
12-09 07:41:10.178 I/ActivityManager( 1594): START u0 {act=android.intent.action.MAIN cat=[android.intent.category.LAUNCHER] flg=0x10200000 cmp=com.evancharlton.mileage/.Mileage} from uid 10119 on display 0
12-09 07:41:10.532 W/art     ( 1594): Long monitor contention event with owner method=void com.android.server.wm.WindowManagerService.moveTaskToTop(int) from WindowManagerService.java:5099 waiters=1 for 137ms
12-09 07:41:10.567 W/art     ( 1594): Long monitor contention event with owner method=int com.android.server.am.ActivityStackSupervisor.startActivityMayWait(android.app.IApplicationThread, int, java.lang.String, android.content.Intent, java.lang.String, android.service.voice.IVoiceInteractionSession, com.android.internal.app.IVoiceInteractor, android.os.IBinder, java.lang.String, int, int, android.app.ProfilerInfo, android.app.IActivityManager$WaitResult, android.content.res.Configuration, android.os.Bundle, boolean, int, android.app.IActivityContainer, com.android.server.am.TaskRecord) from ActivityStackSupervisor.java:946 waiters=0 for 179ms
12-09 07:41:10.811 I/calabash( 5360): newActivity1
12-09 07:41:10.853 D/gralloc_ranchu( 1219): gralloc_alloc: Creating ashmem region of size 3686400
12-09 07:41:10.864 W/art     ( 1594): Long monitor contention event with owner method=void com.android.server.am.ActivityManagerService.activityPaused(android.os.IBinder) from ActivityManagerService.java:6439 waiters=0 for 296ms
12-09 07:41:10.871 W/art     ( 1594): Long monitor contention event with owner method=void com.android.server.am.ActivityManagerService.activityPaused(android.os.IBinder) from ActivityManagerService.java:6439 waiters=1 for 290ms
12-09 07:41:10.954 I/calabash( 5360): newActivity1
12-09 07:41:10.961 W/ActivityManager( 1594): Bad activity token: android.os.BinderProxy@a4606dc
12-09 07:41:10.961 W/ActivityManager( 1594): java.lang.ClassCastException: android.os.BinderProxy cannot be cast to com.android.server.am.ActivityRecord$Token
12-09 07:41:10.961 W/ActivityManager( 1594): 	at com.android.server.am.ActivityRecord.forTokenLocked(ActivityRecord.java:424)
12-09 07:41:10.961 W/ActivityManager( 1594): 	at com.android.server.am.ActivityRecord.isInStackLocked(ActivityRecord.java:1121)
12-09 07:41:10.961 W/ActivityManager( 1594): 	at com.android.server.am.ActivityRecord.getStackLocked(ActivityRecord.java:1126)
12-09 07:41:10.961 W/ActivityManager( 1594): 	at com.android.server.am.ActivityManagerService.getActivityDisplayId(ActivityManagerService.java:8889)
12-09 07:41:10.961 W/ActivityManager( 1594): 	at android.app.ActivityManagerNative.onTransact(ActivityManagerNative.java:2338)
12-09 07:41:10.961 W/ActivityManager( 1594): 	at com.android.server.am.ActivityManagerService.onTransact(ActivityManagerService.java:2443)
12-09 07:41:10.961 W/ActivityManager( 1594): 	at android.os.Binder.execTransact(Binder.java:453)
12-09 07:41:11.002 I/art     ( 5360): Background partial concurrent mark sweep GC freed 34814(1995KB) AllocSpace objects, 15(300KB) LOS objects, 41% free, 1460KB/2MB, paused 1.403ms total 122.646ms
12-09 07:41:11.007 W/ActivityManager( 1594): Bad activity token: android.os.BinderProxy@a4606dc
12-09 07:41:11.007 W/ActivityManager( 1594): java.lang.ClassCastException: android.os.BinderProxy cannot be cast to com.android.server.am.ActivityRecord$Token
12-09 07:41:11.007 W/ActivityManager( 1594): 	at com.android.server.am.ActivityRecord.forTokenLocked(ActivityRecord.java:424)
12-09 07:41:11.007 W/ActivityManager( 1594): 	at com.android.server.am.ActivityRecord.isInStackLocked(ActivityRecord.java:1121)
12-09 07:41:11.007 W/ActivityManager( 1594): 	at com.android.server.am.ActivityManagerService.setTaskDescription(ActivityManagerService.java:8547)
12-09 07:41:11.007 W/ActivityManager( 1594): 	at android.app.ActivityManagerNative.onTransact(ActivityManagerNative.java:2410)
12-09 07:41:11.007 W/ActivityManager( 1594): 	at com.android.server.am.ActivityManagerService.onTransact(ActivityManagerService.java:2443)
12-09 07:41:11.007 W/ActivityManager( 1594): 	at android.os.Binder.execTransact(Binder.java:453)
12-09 07:41:11.103 W/ActivityManager( 1594): Bad activity token: android.os.BinderProxy@a4606dc
12-09 07:41:11.103 W/ActivityManager( 1594): java.lang.ClassCastException: android.os.BinderProxy cannot be cast to com.android.server.am.ActivityRecord$Token
12-09 07:41:11.103 W/ActivityManager( 1594): 	at com.android.server.am.ActivityRecord.forTokenLocked(ActivityRecord.java:424)
12-09 07:41:11.103 W/ActivityManager( 1594): 	at com.android.server.am.ActivityRecord.isInStackLocked(ActivityRecord.java:1121)
12-09 07:41:11.103 W/ActivityManager( 1594): 	at com.android.server.am.ActivityManagerService.getActivityOptions(ActivityManagerService.java:11038)
12-09 07:41:11.103 W/ActivityManager( 1594): 	at android.app.ActivityManagerNative.onTransact(ActivityManagerNative.java:1734)
12-09 07:41:11.103 W/ActivityManager( 1594): 	at com.android.server.am.ActivityManagerService.onTransact(ActivityManagerService.java:2443)
12-09 07:41:11.103 W/ActivityManager( 1594): 	at android.os.Binder.execTransact(Binder.java:453)
12-09 07:41:11.104 W/ActivityManager( 1594): Bad activity token: android.os.BinderProxy@a4606dc
12-09 07:41:11.104 W/ActivityManager( 1594): java.lang.ClassCastException: android.os.BinderProxy cannot be cast to com.android.server.am.ActivityRecord$Token
12-09 07:41:11.104 W/ActivityManager( 1594): 	at com.android.server.am.ActivityRecord.forTokenLocked(ActivityRecord.java:424)
12-09 07:41:11.104 W/ActivityManager( 1594): 	at com.android.server.am.ActivityRecord.isInStackLocked(ActivityRecord.java:1121)
12-09 07:41:11.104 W/ActivityManager( 1594): 	at com.android.server.am.ActivityManagerService.getActivityOptions(ActivityManagerService.java:11038)
12-09 07:41:11.104 W/ActivityManager( 1594): 	at android.app.ActivityManagerNative.onTransact(ActivityManagerNative.java:1734)
12-09 07:41:11.104 W/ActivityManager( 1594): 	at com.android.server.am.ActivityManagerService.onTransact(ActivityManagerService.java:2443)
12-09 07:41:11.104 W/ActivityManager( 1594): 	at android.os.Binder.execTransact(Binder.java:453)
12-09 07:41:11.247 D/EGL_emulation( 1899): eglMakeCurrent: 0x7f347faf4dc0: ver 2 0 (tinfo 0x7f347fac2ce0)
12-09 07:41:11.256 E/Surface ( 1899): getSlotFromBufferLocked: unknown buffer: 0x7f347c0f9480
12-09 07:41:11.646 W/art     ( 1594): Long monitor contention event with owner method=void com.android.server.wm.WindowAnimator$1.doFrame(long) from WindowAnimator.java:121 waiters=0 for 163ms
12-09 07:41:12.304 I/Choreographer( 5360): Skipped 54 frames!  The application may be doing too much work on its main thread.
12-09 07:41:12.305 D/gralloc_ranchu( 1219): gralloc_alloc: Creating ashmem region of size 3686400
12-09 07:41:12.512 D/        ( 5360): HostConnection::get() New Host Connection established 0x7f347c1bf040, tid 5360
12-09 07:41:12.630 I/ActivityManager( 1594): Displayed com.evancharlton.mileage/.Mileage: +2s51ms
12-09 07:41:12.704 D/gralloc_ranchu( 1219): gralloc_alloc: Creating ashmem region of size 3686400
12-09 07:41:13.464 I/art     ( 5360): Background sticky concurrent mark sweep GC freed 15651(879KB) AllocSpace objects, 0(0B) LOS objects, 20% free, 1973KB/2MB, paused 21.430ms total 110.636ms
12-09 07:41:14.499 I/System.out( 5360): URI: //map
12-09 07:41:14.499 I/System.out( 5360): params: {json={"query":"android.widget.EditText id:'price'","operation":{"method_name":"query","arguments":[]}}
12-09 07:41:14.499 I/System.out( 5360): }
12-09 07:41:14.612 W/ResourceType( 5360): No package identifier when getting name for resource number 0x00000001
12-09 07:41:14.689 I/art     ( 5360): Background partial concurrent mark sweep GC freed 12907(662KB) AllocSpace objects, 3(60KB) LOS objects, 39% free, 2MB/3MB, paused 2.029ms total 157.988ms
12-09 07:41:14.816 I/System.out( 5360): URI: //gesture
12-09 07:41:14.816 I/System.out( 5360): params: {json={"query_timeout":5.0,"gestures":[{"query_string":"android.widget.EditText id:'price'","touches":[{"x":50,"y":50,"offset_x":0,"offset_y":0,"wait":0.0,"time":0.2,"release":true,"query_string":null}]}]}
12-09 07:41:14.816 I/System.out( 5360): }
12-09 07:41:14.849 W/ResourceType( 5360): No package identifier when getting name for resource number 0x00000001
12-09 07:41:14.919 W/art     ( 5360): Suspending all threads took: 59.154ms
12-09 07:41:14.931 W/InputDispatcher( 1594): Permission denied: injecting event from pid 5360 uid 10119 to window Window{98c7dec u0 Application Not Responding: system} owned by uid 1000
12-09 07:41:14.933 W/InputManager( 1594): Input event injection from pid 5360 permission denied.
12-09 07:41:14.938 I/art     ( 5360): Background sticky concurrent mark sweep GC freed 47485(2MB) AllocSpace objects, 2(40KB) LOS objects, 43% free, 2MB/3MB, paused 60.411ms total 117.670ms
12-09 07:41:15.039 W/InputDispatcher( 1594): Permission denied: injecting event from pid 5360 uid 10119 to window Window{98c7dec u0 Application Not Responding: system} owned by uid 1000
12-09 07:41:15.040 W/InputManager( 1594): Input event injection from pid 5360 permission denied.
12-09 07:41:15.151 W/InputDispatcher( 1594): Permission denied: injecting event from pid 5360 uid 10119 to window Window{98c7dec u0 Application Not Responding: system} owned by uid 1000
12-09 07:41:15.152 W/InputManager( 1594): Input event injection from pid 5360 permission denied.
12-09 07:41:15.254 W/InputDispatcher( 1594): Permission denied: injecting event from pid 5360 uid 10119 to window Window{98c7dec u0 Application Not Responding: system} owned by uid 1000
12-09 07:41:15.255 W/InputManager( 1594): Input event injection from pid 5360 permission denied.
12-09 07:41:15.379 W/InputDispatcher( 1594): Permission denied: injecting event from pid 5360 uid 10119 to window Window{98c7dec u0 Application Not Responding: system} owned by uid 1000
12-09 07:41:15.399 W/InputManager( 1594): Input event injection from pid 5360 permission denied.
12-09 07:41:15.543 W/InputDispatcher( 1594): Permission denied: injecting event from pid 5360 uid 10119 to window Window{98c7dec u0 Application Not Responding: system} owned by uid 1000
12-09 07:41:15.551 W/InputManager( 1594): Input event injection from pid 5360 permission denied.
12-09 07:41:15.676 W/InputDispatcher( 1594): Permission denied: injecting event from pid 5360 uid 10119 to window Window{98c7dec u0 Application Not Responding: system} owned by uid 1000
12-09 07:41:15.676 W/InputManager( 1594): Input event injection from pid 5360 permission denied.
12-09 07:41:15.783 W/InputDispatcher( 1594): Permission denied: injecting event from pid 5360 uid 10119 to window Window{98c7dec u0 Application Not Responding: system} owned by uid 1000
12-09 07:41:15.811 W/InputManager( 1594): Input event injection from pid 5360 permission denied.
12-09 07:41:15.913 W/InputDispatcher( 1594): Permission denied: injecting event from pid 5360 uid 10119 to window Window{98c7dec u0 Application Not Responding: system} owned by uid 1000
12-09 07:41:15.915 W/InputManager( 1594): Input event injection from pid 5360 permission denied.
12-09 07:41:16.018 W/InputDispatcher( 1594): Permission denied: injecting event from pid 5360 uid 10119 to window Window{98c7dec u0 Application Not Responding: system} owned by uid 1000
12-09 07:41:16.018 W/InputManager( 1594): Input event injection from pid 5360 permission denied.
12-09 07:41:16.120 W/System.err( 5360): java.lang.SecurityException: java.lang.SecurityException: Injecting to another application requires INJECT_EVENTS permission
12-09 07:41:16.121 W/System.err( 5360): 	at sh.calaba.instrumentationbackend.actions.MultiTouchGesture.pressGestures(MultiTouchGesture.java:268)
12-09 07:41:16.121 W/System.err( 5360): 	at sh.calaba.instrumentationbackend.actions.MultiTouchGesture.perform(MultiTouchGesture.java:167)
12-09 07:41:16.121 W/System.err( 5360): 	at sh.calaba.instrumentationbackend.actions.HttpServer.serve(HttpServer.java:540)
12-09 07:41:16.121 W/System.err( 5360): 	at sh.calaba.instrumentationbackend.actions.NanoHTTPD$HTTPSession.run(NanoHTTPD.java:487)
12-09 07:41:16.121 W/System.err( 5360): 	at java.lang.Thread.run(Thread.java:818)
12-09 07:41:16.121 W/System.err( 5360): Caused by: java.lang.SecurityException: Injecting to another application requires INJECT_EVENTS permission
12-09 07:41:16.121 W/System.err( 5360): 	at android.os.Parcel.readException(Parcel.java:1599)
12-09 07:41:16.121 W/System.err( 5360): 	at android.os.Parcel.readException(Parcel.java:1552)
12-09 07:41:16.121 W/System.err( 5360): 	at android.hardware.input.IInputManager$Stub$Proxy.injectInputEvent(IInputManager.java:417)
12-09 07:41:16.121 W/System.err( 5360): 	at android.hardware.input.InputManager.injectInputEvent(InputManager.java:679)
12-09 07:41:16.121 W/System.err( 5360): 	at android.app.Instrumentation.sendPointerSync(Instrumentation.java:943)
12-09 07:41:16.121 W/System.err( 5360): 	at sh.calaba.instrumentationbackend.actions.MultiTouchGesture.sendPointerSync(MultiTouchGesture.java:229)
12-09 07:41:16.121 W/System.err( 5360): 	at sh.calaba.instrumentationbackend.actions.MultiTouchGesture.pressGestures(MultiTouchGesture.java:246)
12-09 07:41:16.121 W/System.err( 5360): 	... 4 more
