--------- beginning of main
12-09 08:01:47.124 D/AndroidRuntime(11880): >>>>>> START com.android.internal.os.RuntimeInit uid 0 <<<<<<
12-09 08:01:47.125 D/AndroidRuntime(11880): CheckJNI is ON
12-09 08:01:47.138 D/ICU     (11880): No timezone override file found: /data/misc/zoneinfo/current/icu/icu_tzdata.dat
12-09 08:01:47.242 E/memtrack(11880): Couldn't load memtrack module (No such file or directory)
12-09 08:01:47.242 E/android.os.Debug(11880): failed to load memtrack module: -2
12-09 08:01:47.244 I/Radio-JNI(11880): register_android_hardware_Radio DONE
12-09 08:01:47.496 D/AndroidRuntime(11880): Calling main entry com.android.commands.am.Am
--------- beginning of system
12-09 08:01:47.498 I/ActivityManager( 1592): Force stopping com.evancharlton.mileage appid=10129 user=0: start instr
12-09 08:01:47.498 I/ActivityManager( 1592): Killing 11863:com.evancharlton.mileage/u0a129 (adj 0): stop com.evancharlton.mileage
12-09 08:01:47.594 W/ActivityManager( 1592): Crash of app com.evancharlton.mileage running instrumentation ComponentInfo{com.evancharlton.mileage.test/sh.calaba.instrumentationbackend.ClearAppData2}
12-09 08:01:47.594 I/ActivityManager( 1592): Force stopping com.evancharlton.mileage appid=10129 user=0: finished inst
12-09 08:01:47.681 I/ActivityManager( 1592): Start proc 11889:com.evancharlton.mileage/u0a129 for added application com.evancharlton.mileage
12-09 08:01:47.681 W/art     ( 1592): Long monitor contention event with owner method=boolean com.android.server.am.ActivityManagerService.startInstrumentation(android.content.ComponentName, java.lang.String, int, android.os.Bundle, android.app.IInstrumentationWatcher, android.app.IUiAutomationConnection, int, java.lang.String) from ActivityManagerService.java:17066 waiters=0 for 176ms
12-09 08:01:47.681 W/ActivityManager( 1592): Spurious death for ProcessRecord{3ec4e9a 0:com.evancharlton.mileage/u0a129}, curProc for 11863: null
12-09 08:01:47.682 D/AndroidRuntime(11880): Shutting down VM
12-09 08:01:47.974 W/System  (11889): ClassLoader referenced unknown path: /data/app/com.evancharlton.mileage.test-1/lib/x86_64
12-09 08:01:47.981 W/System  (11889): ClassLoader referenced unknown path: /data/app/com.evancharlton.mileage-1/lib/x86_64
12-09 08:01:48.010 I/System.out(11889): Main activity name automatically set to: com.evancharlton.mileage.Mileage
12-09 08:01:48.017 I/System.out(11889): Calabash did not load Mono. This is only a problem if you are trying to test a Mono application
12-09 08:01:48.017 I/calabash(11889): Test server port: 7102
12-09 08:01:48.019 I/InstrumentationBackend(11889): Added:'GetPreferences', with key:'get_preferences'
12-09 08:01:48.067 I/InstrumentationBackend(11889): Added:'SetPreferences', with key:'set_preferences'
12-09 08:01:48.073 I/InstrumentationBackend(11889): Added:'ClearPreferences', with key:'clear_preferences'
12-09 08:01:48.073 I/InstrumentationBackend(11889): Added:'PressElement', with key:'press_l10n_element'
12-09 08:01:48.073 I/InstrumentationBackend(11889): Added:'WaitForElement', with key:'wait_for_l10n_element'
12-09 08:01:48.074 I/InstrumentationBackend(11889): Added:'NullAction', with key:'nullAction'
12-09 08:01:48.074 I/InstrumentationBackend(11889): Added:'PressKey', with key:'press_key'
12-09 08:01:48.074 I/InstrumentationBackend(11889): Added:'SetActivityOrientation', with key:'set_activity_orientation'
12-09 08:01:48.074 I/InstrumentationBackend(11889): Added:'GetActivityOrientation', with key:'get_activity_orientation'
12-09 08:01:48.075 I/InstrumentationBackend(11889): Added:'FakeGPSLocation', with key:'set_gps_coordinates'
12-09 08:01:48.075 I/InstrumentationBackend(11889): Added:'SetPropertyByCssSelector', with key:'set_property_by_css_selector'
12-09 08:01:48.075 I/InstrumentationBackend(11889): Added:'GetUrl', with key:'get_url'
12-09 08:01:48.076 I/InstrumentationBackend(11889): Added:'ScrollTo', with key:'scroll_to'
12-09 08:01:48.076 I/InstrumentationBackend(11889): Added:'GetLoadProgress', with key:'get_load_progress'
12-09 08:01:48.076 I/InstrumentationBackend(11889): Added:'DumpHtml', with key:'dump_html'
12-09 08:01:48.078 I/InstrumentationBackend(11889): Added:'DumpBodyHtml', with key:'dump_body_html'
12-09 08:01:48.078 I/InstrumentationBackend(11889): Added:'EnterTextByCssSelector', with key:'enter_text_by_selector'
12-09 08:01:48.080 I/InstrumentationBackend(11889): Added:'AndroidSDKVersion', with key:'android_sdk_version'
12-09 08:01:48.080 I/InstrumentationBackend(11889): Added:'Version', with key:'version'
12-09 08:01:48.080 I/InstrumentationBackend(11889): Added:'Drag', with key:'drag'
12-09 08:01:48.080 I/InstrumentationBackend(11889): Added:'TouchCoordinates', with key:'touch_coordinate'
12-09 08:01:48.080 I/InstrumentationBackend(11889): Added:'LongPressCoordinate', with key:'long_press_coordinate'
12-09 08:01:48.083 I/InstrumentationBackend(11889): Added:'DragCoordinates', with key:'drag_coordinates'
12-09 08:01:48.096 I/InstrumentationBackend(11889): Added:'ResumeApplication', with key:'resume_application'
12-09 08:01:48.096 I/InstrumentationBackend(11889): Added:'Swipe', with key:'swipe'
12-09 08:01:48.097 I/InstrumentationBackend(11889): Added:'DoubleTapCoordinate', with key:'double_tap_coordinate'
12-09 08:01:48.097 I/InstrumentationBackend(11889): Added:'ClickOnScreen', with key:'click_on_screen'
12-09 08:01:48.097 I/InstrumentationBackend(11889): Added:'GetActivityName', with key:'get_activity_name'
12-09 08:01:48.097 I/InstrumentationBackend(11889): Added:'ScrollToView', with key:'scroll_to_view'
12-09 08:01:48.098 I/InstrumentationBackend(11889): Added:'ViewConfiguration', with key:'view_configuration'
12-09 08:01:48.098 I/InstrumentationBackend(11889): Added:'IsCurrentActivityFocused', with key:'is_current_activity_focused'
12-09 08:01:48.098 I/InstrumentationBackend(11889): Added:'SendTcp', with key:'send_tcp'
12-09 08:01:48.098 I/InstrumentationBackend(11889): Added:'DpToDevicePixel', with key:'dp_to_device_pixel'
12-09 08:01:48.099 I/InstrumentationBackend(11889): Added:'KeyboardEnterText', with key:'keyboard_enter_text'
12-09 08:01:48.099 I/InstrumentationBackend(11889): Added:'DeleteSurroundingText', with key:'delete_surrounding_text'
12-09 08:01:48.099 I/InstrumentationBackend(11889): Added:'SetComposingRegion', with key:'set_composing_region'
12-09 08:01:48.099 I/InstrumentationBackend(11889): Added:'SetSelection', with key:'set_selection'
12-09 08:01:48.099 I/InstrumentationBackend(11889): Added:'KeyboardKeyEvent', with key:'keyboard_key_event'
12-09 08:01:48.100 I/InstrumentationBackend(11889): Added:'PressUserActionButton', with key:'press_user_action_button'
12-09 08:01:48.105 I/InstrumentationBackend(11889): Added:'HideSoftKeyboard', with key:'hide_soft_keyboard'
12-09 08:01:48.105 I/InstrumentationBackend(11889): Added:'ListActions', with key:'list_actions'
12-09 08:01:48.105 I/calabash(11889): Instantiating http server at 7102
12-09 08:01:48.106 I/System.out(11889): HTTP Daemon listening on: 7102
12-09 08:01:48.229 I/art     (11889): Background partial concurrent mark sweep GC freed 1528(193KB) AllocSpace objects, 1(20KB) LOS objects, 51% free, 975KB/1999KB, paused 1.063ms total 105.538ms
12-09 08:01:48.254 I/System.out(11889): URI: //ping
12-09 08:01:48.261 I/System.out(11889): params: {json={}
12-09 08:01:48.261 I/System.out(11889): }
12-09 08:01:48.330 I/System.out(11889): URI: //ping
12-09 08:01:48.330 I/System.out(11889): params: {json={}
12-09 08:01:48.330 I/System.out(11889): }
12-09 08:01:48.441 I/System.out(11889): URI: //ready
12-09 08:01:48.441 I/System.out(11889): params: {json={}
12-09 08:01:48.441 I/System.out(11889): }
12-09 08:01:48.494 I/System.out(11889): URI: //
12-09 08:01:48.494 I/System.out(11889): params: {json={"command":"version","arguments":[]}
12-09 08:01:48.494 I/System.out(11889): }
12-09 08:01:48.494 I/System.out(11889): header: {date=Sun, 09 Dec 2018 08:01:48 GMT, accept=*/*, content-length=36, host=127.0.0.1:34777, user-agent=HTTPClient/1.0 (2.8.3, ruby 2.3.1 (2016-04-26)), content-type=application/json;charset=utf-8}
12-09 08:01:48.494 I/System.out(11889): params: {json={"command":"version","arguments":[]}
12-09 08:01:48.494 I/System.out(11889): }
12-09 08:01:48.494 I/System.out(11889): ProP json = {"command":"version","arguments":[]}
12-09 08:01:48.494 I/System.out(11889): files: {}
12-09 08:01:48.494 I/System.out(11889): command: {"command":"version","arguments":[]}
12-09 08:01:48.505 I/InstrumentationBackend(11889): Got command:'Command:'Line:null,version', arguments:'[]'
12-09 08:01:48.553 I/System.out(11889): result:{"bonusInformation":[],"message":"0.9.8","success":true}
12-09 08:01:48.653 I/art     (11889): Background sticky concurrent mark sweep GC freed 14267(830KB) AllocSpace objects, 12(240KB) LOS objects, 39% free, 1204KB/1999KB, paused 1.083ms total 104.346ms
12-09 08:01:48.689 I/System.out(11889): URI: //start-application
12-09 08:01:48.689 I/System.out(11889): params: {json={"intent":null}
12-09 08:01:48.689 I/System.out(11889): }
12-09 08:01:48.722 I/ActivityManager( 1592): START u0 {act=android.intent.action.MAIN cat=[android.intent.category.LAUNCHER] flg=0x10200000 cmp=com.evancharlton.mileage/.Mileage} from uid 10129 on display 0
12-09 08:01:48.776 I/calabash(11889): newActivity1
12-09 08:01:48.827 I/calabash(11889): newActivity1
12-09 08:01:48.841 W/ActivityManager( 1592): Bad activity token: android.os.BinderProxy@e0513c0
12-09 08:01:48.841 W/ActivityManager( 1592): java.lang.ClassCastException: android.os.BinderProxy cannot be cast to com.android.server.am.ActivityRecord$Token
12-09 08:01:48.841 W/ActivityManager( 1592): 	at com.android.server.am.ActivityRecord.forTokenLocked(ActivityRecord.java:424)
12-09 08:01:48.841 W/ActivityManager( 1592): 	at com.android.server.am.ActivityRecord.isInStackLocked(ActivityRecord.java:1121)
12-09 08:01:48.841 W/ActivityManager( 1592): 	at com.android.server.am.ActivityRecord.getStackLocked(ActivityRecord.java:1126)
12-09 08:01:48.841 W/ActivityManager( 1592): 	at com.android.server.am.ActivityManagerService.getActivityDisplayId(ActivityManagerService.java:8889)
12-09 08:01:48.841 W/ActivityManager( 1592): 	at android.app.ActivityManagerNative.onTransact(ActivityManagerNative.java:2338)
12-09 08:01:48.841 W/ActivityManager( 1592): 	at com.android.server.am.ActivityManagerService.onTransact(ActivityManagerService.java:2443)
12-09 08:01:48.841 W/ActivityManager( 1592): 	at android.os.Binder.execTransact(Binder.java:453)
12-09 08:01:48.846 W/ActivityManager( 1592): Bad activity token: android.os.BinderProxy@e0513c0
12-09 08:01:48.846 W/ActivityManager( 1592): java.lang.ClassCastException: android.os.BinderProxy cannot be cast to com.android.server.am.ActivityRecord$Token
12-09 08:01:48.846 W/ActivityManager( 1592): 	at com.android.server.am.ActivityRecord.forTokenLocked(ActivityRecord.java:424)
12-09 08:01:48.846 W/ActivityManager( 1592): 	at com.android.server.am.ActivityRecord.isInStackLocked(ActivityRecord.java:1121)
12-09 08:01:48.846 W/ActivityManager( 1592): 	at com.android.server.am.ActivityManagerService.setTaskDescription(ActivityManagerService.java:8547)
12-09 08:01:48.846 W/ActivityManager( 1592): 	at android.app.ActivityManagerNative.onTransact(ActivityManagerNative.java:2410)
12-09 08:01:48.846 W/ActivityManager( 1592): 	at com.android.server.am.ActivityManagerService.onTransact(ActivityManagerService.java:2443)
12-09 08:01:48.846 W/ActivityManager( 1592): 	at android.os.Binder.execTransact(Binder.java:453)
12-09 08:01:48.930 I/art     (11889): Background sticky concurrent mark sweep GC freed 1558(199KB) AllocSpace objects, 0(0B) LOS objects, 16% free, 1659KB/1999KB, paused 13.033ms total 33.731ms
12-09 08:01:49.029 D/gralloc_ranchu( 1218): gralloc_alloc: Creating ashmem region of size 3686400
12-09 08:01:49.105 D/FillupsProvider(11889): Creating database
12-09 08:01:49.303 D/EGL_emulation( 1949): eglMakeCurrent: 0x7f45d5621d20: ver 2 0 (tinfo 0x7f45d56028e0)
12-09 08:01:49.311 E/Surface ( 1949): getSlotFromBufferLocked: unknown buffer: 0x7f45d1c2ade0
12-09 08:01:49.328 V/PhoneStatusBar( 3052): setLightsOn(true)
12-09 08:01:49.494 W/ActivityManager( 1592): Bad activity token: android.os.BinderProxy@e0513c0
12-09 08:01:49.494 W/ActivityManager( 1592): java.lang.ClassCastException: android.os.BinderProxy cannot be cast to com.android.server.am.ActivityRecord$Token
12-09 08:01:49.494 W/ActivityManager( 1592): 	at com.android.server.am.ActivityRecord.forTokenLocked(ActivityRecord.java:424)
12-09 08:01:49.494 W/ActivityManager( 1592): 	at com.android.server.am.ActivityRecord.isInStackLocked(ActivityRecord.java:1121)
12-09 08:01:49.494 W/ActivityManager( 1592): 	at com.android.server.am.ActivityManagerService.getActivityOptions(ActivityManagerService.java:11038)
12-09 08:01:49.494 W/ActivityManager( 1592): 	at android.app.ActivityManagerNative.onTransact(ActivityManagerNative.java:1734)
12-09 08:01:49.494 W/ActivityManager( 1592): 	at com.android.server.am.ActivityManagerService.onTransact(ActivityManagerService.java:2443)
12-09 08:01:49.494 W/ActivityManager( 1592): 	at android.os.Binder.execTransact(Binder.java:453)
12-09 08:01:49.494 W/ActivityManager( 1592): Bad activity token: android.os.BinderProxy@e0513c0
12-09 08:01:49.494 W/ActivityManager( 1592): java.lang.ClassCastException: android.os.BinderProxy cannot be cast to com.android.server.am.ActivityRecord$Token
12-09 08:01:49.494 W/ActivityManager( 1592): 	at com.android.server.am.ActivityRecord.forTokenLocked(ActivityRecord.java:424)
12-09 08:01:49.494 W/ActivityManager( 1592): 	at com.android.server.am.ActivityRecord.isInStackLocked(ActivityRecord.java:1121)
12-09 08:01:49.494 W/ActivityManager( 1592): 	at com.android.server.am.ActivityManagerService.getActivityOptions(ActivityManagerService.java:11038)
12-09 08:01:49.494 W/ActivityManager( 1592): 	at android.app.ActivityManagerNative.onTransact(ActivityManagerNative.java:1734)
12-09 08:01:49.494 W/ActivityManager( 1592): 	at com.android.server.am.ActivityManagerService.onTransact(ActivityManagerService.java:2443)
12-09 08:01:49.494 W/ActivityManager( 1592): 	at android.os.Binder.execTransact(Binder.java:453)
12-09 08:01:49.615 I/art     (11889): Background partial concurrent mark sweep GC freed 2754(212KB) AllocSpace objects, 1(20KB) LOS objects, 39% free, 1864KB/3MB, paused 5.013ms total 83.290ms
12-09 08:01:49.818 W/art     ( 1592): Long monitor contention event with owner method=void com.android.server.wm.WindowAnimator$1.doFrame(long) from WindowAnimator.java:121 waiters=0 for 192ms
12-09 08:01:49.960 W/art     ( 1592): Long monitor contention event with owner method=void com.android.server.wm.WindowAnimator$1.doFrame(long) from WindowAnimator.java:121 waiters=0 for 142ms
12-09 08:01:50.061 W/art     ( 1592): Long monitor contention event with owner method=void com.android.server.wm.WindowAnimator$1.doFrame(long) from WindowAnimator.java:121 waiters=1 for 228ms
12-09 08:01:50.069 W/art     ( 1592): Long monitor contention event with owner method=void com.android.server.wm.WindowAnimator$1.doFrame(long) from WindowAnimator.java:121 waiters=1 for 109ms
12-09 08:01:50.356 D/gralloc_ranchu( 1218): gralloc_alloc: Creating ashmem region of size 3686400
12-09 08:01:50.401 D/        (11889): HostConnection::get() New Host Connection established 0x7f45d3586320, tid 11889
12-09 08:01:50.482 I/ActivityManager( 1592): Displayed com.evancharlton.mileage/.Mileage: +1s738ms
12-09 08:01:50.503 D/gralloc_ranchu( 1218): gralloc_alloc: Creating ashmem region of size 3686400
12-09 08:01:51.089 I/System.out(11889): URI: //gesture
12-09 08:01:51.089 I/System.out(11889): params: {json={"query_timeout":5.0,"gestures":[{"query_string":"android.widget.TabWidget descendant TextView index:3","touches":[{"x":50,"y":50,"offset_x":0,"offset_y":0,"wait":0.0,"time":0.2,"release":true,"query_string":null}]}]}
12-09 08:01:51.089 I/System.out(11889): }
12-09 08:01:51.169 W/art     (11889): Suspending all threads took: 18.719ms
12-09 08:01:51.226 I/art     (11889): Background sticky concurrent mark sweep GC freed 25594(1172KB) AllocSpace objects, 2(40KB) LOS objects, 30% free, 2MB/3MB, paused 23.583ms total 111.322ms
12-09 08:01:51.466 D/gralloc_ranchu( 1218): gralloc_alloc: Creating ashmem region of size 3686400
12-09 08:01:52.011 I/calabash(11889): newActivity1
12-09 08:01:52.012 W/ActivityManager( 1592): Bad activity token: android.os.BinderProxy@b998c84
12-09 08:01:52.012 W/ActivityManager( 1592): java.lang.ClassCastException: android.os.BinderProxy cannot be cast to com.android.server.am.ActivityRecord$Token
12-09 08:01:52.012 W/ActivityManager( 1592): 	at com.android.server.am.ActivityRecord.forTokenLocked(ActivityRecord.java:424)
12-09 08:01:52.012 W/ActivityManager( 1592): 	at com.android.server.am.ActivityRecord.isInStackLocked(ActivityRecord.java:1121)
12-09 08:01:52.012 W/ActivityManager( 1592): 	at com.android.server.am.ActivityRecord.getStackLocked(ActivityRecord.java:1126)
12-09 08:01:52.012 W/ActivityManager( 1592): 	at com.android.server.am.ActivityManagerService.getActivityDisplayId(ActivityManagerService.java:8889)
12-09 08:01:52.012 W/ActivityManager( 1592): 	at android.app.ActivityManagerNative.onTransact(ActivityManagerNative.java:2338)
12-09 08:01:52.012 W/ActivityManager( 1592): 	at com.android.server.am.ActivityManagerService.onTransact(ActivityManagerService.java:2443)
12-09 08:01:52.012 W/ActivityManager( 1592): 	at android.os.Binder.execTransact(Binder.java:453)
12-09 08:01:52.027 W/ActivityManager( 1592): Bad activity token: android.os.BinderProxy@b998c84
12-09 08:01:52.027 W/ActivityManager( 1592): java.lang.ClassCastException: android.os.BinderProxy cannot be cast to com.android.server.am.ActivityRecord$Token
12-09 08:01:52.027 W/ActivityManager( 1592): 	at com.android.server.am.ActivityRecord.forTokenLocked(ActivityRecord.java:424)
12-09 08:01:52.027 W/ActivityManager( 1592): 	at com.android.server.am.ActivityRecord.isInStackLocked(ActivityRecord.java:1121)
12-09 08:01:52.027 W/ActivityManager( 1592): 	at com.android.server.am.ActivityManagerService.setTaskDescription(ActivityManagerService.java:8547)
12-09 08:01:52.027 W/ActivityManager( 1592): 	at android.app.ActivityManagerNative.onTransact(ActivityManagerNative.java:2410)
12-09 08:01:52.027 W/ActivityManager( 1592): 	at com.android.server.am.ActivityManagerService.onTransact(ActivityManagerService.java:2443)
12-09 08:01:52.027 W/ActivityManager( 1592): 	at android.os.Binder.execTransact(Binder.java:453)
12-09 08:01:52.051 W/ActivityManager( 1592): Bad activity token: android.os.BinderProxy@b998c84
12-09 08:01:52.051 W/ActivityManager( 1592): java.lang.ClassCastException: android.os.BinderProxy cannot be cast to com.android.server.am.ActivityRecord$Token
12-09 08:01:52.051 W/ActivityManager( 1592): 	at com.android.server.am.ActivityRecord.forTokenLocked(ActivityRecord.java:424)
12-09 08:01:52.051 W/ActivityManager( 1592): 	at com.android.server.am.ActivityRecord.isInStackLocked(ActivityRecord.java:1121)
12-09 08:01:52.051 W/ActivityManager( 1592): 	at com.android.server.am.ActivityManagerService.getActivityOptions(ActivityManagerService.java:11038)
12-09 08:01:52.051 W/ActivityManager( 1592): 	at android.app.ActivityManagerNative.onTransact(ActivityManagerNative.java:1734)
12-09 08:01:52.051 W/ActivityManager( 1592): 	at com.android.server.am.ActivityManagerService.onTransact(ActivityManagerService.java:2443)
12-09 08:01:52.051 W/ActivityManager( 1592): 	at android.os.Binder.execTransact(Binder.java:453)
12-09 08:01:52.051 W/ActivityManager( 1592): Bad activity token: android.os.BinderProxy@b998c84
12-09 08:01:52.051 W/ActivityManager( 1592): java.lang.ClassCastException: android.os.BinderProxy cannot be cast to com.android.server.am.ActivityRecord$Token
12-09 08:01:52.051 W/ActivityManager( 1592): 	at com.android.server.am.ActivityRecord.forTokenLocked(ActivityRecord.java:424)
12-09 08:01:52.051 W/ActivityManager( 1592): 	at com.android.server.am.ActivityRecord.isInStackLocked(ActivityRecord.java:1121)
12-09 08:01:52.051 W/ActivityManager( 1592): 	at com.android.server.am.ActivityManagerService.getActivityOptions(ActivityManagerService.java:11038)
12-09 08:01:52.051 W/ActivityManager( 1592): 	at android.app.ActivityManagerNative.onTransact(ActivityManagerNative.java:1734)
12-09 08:01:52.051 W/ActivityManager( 1592): 	at com.android.server.am.ActivityManagerService.onTransact(ActivityManagerService.java:2443)
12-09 08:01:52.051 W/ActivityManager( 1592): 	at android.os.Binder.execTransact(Binder.java:453)
12-09 08:01:52.089 I/System.out(11889): URI: //map
12-09 08:01:52.090 I/System.out(11889): params: {json={"query":"android.widget.ListView index:0 android.widget.TextView index:0","operation":{"method_name":"query","arguments":[]}}
12-09 08:01:52.090 I/System.out(11889): }
12-09 08:01:52.389 I/System.out(11889): URI: //gesture
12-09 08:01:52.389 I/System.out(11889): params: {json={"query_timeout":5.0,"gestures":[{"query_string":"android.widget.ListView index:0 android.widget.TextView index:0","touches":[{"x":50,"y":50,"offset_x":0,"offset_y":0,"wait":0.0,"time":0.2,"release":true,"query_string":null}]}]}
12-09 08:01:52.389 I/System.out(11889): }
12-09 08:01:52.393 I/art     (11889): Background sticky concurrent mark sweep GC freed 35208(1579KB) AllocSpace objects, 0(0B) LOS objects, 2% free, 2MB/3MB, paused 3.835ms total 143.529ms
12-09 08:01:53.055 W/audio_hw_generic( 1309): Not supplying enough data to HAL, expected position 16367123 , only wrote 16322073
12-09 08:01:53.055 W/audio_hw_generic( 1309): Not supplying enough data to HAL, expected position 16322086 , only wrote 16322073
12-09 08:01:53.101 W/audio_hw_generic( 1309): Hardware backing HAL too slow, could only write 0 of 661 frames
12-09 08:01:53.217 W/audio_hw_generic( 1309): Not supplying enough data to HAL, expected position 16329221 , only wrote 16328683
12-09 08:01:53.218 W/audio_hw_generic( 1309): Not supplying enough data to HAL, expected position 16328690 , only wrote 16328683
12-09 08:01:53.236 W/audio_hw_generic( 1309): Not supplying enough data to HAL, expected position 16329481 , only wrote 16329344
12-09 08:01:53.281 W/audio_hw_generic( 1309): Not supplying enough data to HAL, expected position 16331359 , only wrote 16330666
12-09 08:01:53.293 W/art     (11889): Suspending all threads took: 47.809ms
12-09 08:01:53.347 I/art     (11889): Background sticky concurrent mark sweep GC freed 24028(1028KB) AllocSpace objects, 0(0B) LOS objects, 0% free, 3MB/3MB, paused 49.295ms total 117.027ms
12-09 08:01:53.415 I/ActivityManager( 1592): START u0 {cmp=com.evancharlton.mileage/.VehicleActivity (has extras)} from uid 10129 on display 0
12-09 08:01:53.417 W/audio_hw_generic( 1309): Not supplying enough data to HAL, expected position 16336655 , only wrote 16335293
12-09 08:01:53.417 W/audio_hw_generic( 1309): Not supplying enough data to HAL, expected position 16335300 , only wrote 16335293
12-09 08:01:53.433 W/audio_hw_generic( 1309): Not supplying enough data to HAL, expected position 16335996 , only wrote 16335954
12-09 08:01:53.465 W/audio_hw_generic( 1309): Not supplying enough data to HAL, expected position 16337352 , only wrote 16337276
12-09 08:01:53.482 W/audio_hw_generic( 1309): Not supplying enough data to HAL, expected position 16338004 , only wrote 16337937
12-09 08:01:53.501 D/AudioFlinger( 1309): mixer(0xf4300000) throttle end: throttle time(11)
12-09 08:01:53.521 W/audio_hw_generic( 1309): Not supplying enough data to HAL, expected position 16339693 , only wrote 16339259
12-09 08:01:53.538 I/art     (11889): Background partial concurrent mark sweep GC freed 10786(820KB) AllocSpace objects, 6(120KB) LOS objects, 39% free, 2MB/3MB, paused 10.320ms total 130.541ms
12-09 08:01:53.560 W/audio_hw_generic( 1309): Hardware backing HAL too slow, could only write 0 of 661 frames
12-09 08:01:53.569 W/audio_hw_generic( 1309): Hardware backing HAL too slow, could only write 0 of 661 frames
12-09 08:01:53.598 W/audio_hw_generic( 1309): Hardware backing HAL too slow, could only write 0 of 661 frames
12-09 08:01:53.617 W/audio_hw_generic( 1309): Hardware backing HAL too slow, could only write 0 of 661 frames
12-09 08:01:53.633 W/audio_hw_generic( 1309): Hardware backing HAL too slow, could only write 0 of 661 frames
12-09 08:01:53.646 W/audio_hw_generic( 1309): Hardware backing HAL too slow, could only write 0 of 661 frames
12-09 08:01:53.661 W/audio_hw_generic( 1309): Hardware backing HAL too slow, could only write 0 of 661 frames
12-09 08:01:53.779 W/audio_hw_generic( 1309): Hardware backing HAL too slow, could only write 0 of 661 frames
12-09 08:01:53.792 W/audio_hw_generic( 1309): Hardware backing HAL too slow, could only write 0 of 661 frames
12-09 08:01:53.817 W/audio_hw_generic( 1309): Hardware backing HAL too slow, could only write 0 of 661 frames
12-09 08:01:53.839 W/audio_hw_generic( 1309): Hardware backing HAL too slow, could only write 0 of 661 frames
12-09 08:01:53.856 W/audio_hw_generic( 1309): Hardware backing HAL too slow, could only write 0 of 661 frames
12-09 08:01:53.963 I/calabash(11889): newActivity1
12-09 08:01:54.027 E/SurfaceFlinger( 1218): ro.sf.lcd_density must be defined as a build property
12-09 08:01:54.117 W/audio_hw_generic( 1309): Hardware backing HAL too slow, could only write 0 of 661 frames
12-09 08:01:54.130 D/gralloc_ranchu( 1218): gralloc_alloc: Creating ashmem region of size 3686400
12-09 08:01:54.153 D/        (11917): HostConnection::get() New Host Connection established 0x7f899e1d2480, tid 11917
12-09 08:01:54.177 E/EGL_emulation( 1218): tid 1218: eglCreateSyncKHR(1881): error 0x3004 (EGL_BAD_ATTRIBUTE)
12-09 08:01:54.237 W/audio_hw_generic( 1309): Not supplying enough data to HAL, expected position 16370809 , only wrote 16370326
12-09 08:01:54.384 W/audio_hw_generic( 1309): Not supplying enough data to HAL, expected position 16376834 , only wrote 16376275
12-09 08:01:54.388 V/PhoneStatusBar( 3052): setLightsOn(true)
12-09 08:01:54.410 D/gralloc_ranchu( 1218): gralloc_alloc: Creating ashmem region of size 3686400
12-09 08:01:54.556 W/audio_hw_generic( 1309): Hardware backing HAL too slow, could only write 0 of 661 frames
12-09 08:01:54.593 W/audio_hw_generic( 1309): Hardware backing HAL too slow, could only write 0 of 661 frames
12-09 08:01:54.604 W/audio_hw_generic( 1309): Hardware backing HAL too slow, could only write 0 of 661 frames
12-09 08:01:54.620 W/audio_hw_generic( 1309): Hardware backing HAL too slow, could only write 0 of 661 frames
12-09 08:01:54.632 W/audio_hw_generic( 1309): Hardware backing HAL too slow, could only write 0 of 661 frames
12-09 08:01:54.744 W/audio_hw_generic( 1309): Not supplying enough data to HAL, expected position 16392151 , only wrote 16392139
12-09 08:01:54.830 W/audio_hw_generic( 1309): Hardware backing HAL too slow, could only write 0 of 661 frames
12-09 08:01:54.852 W/audio_hw_generic( 1309): Not supplying enough data to HAL, expected position 16396866 , only wrote 16396766
12-09 08:01:54.852 W/audio_hw_generic( 1309): Hardware backing HAL too slow, could only write 0 of 661 frames
12-09 08:01:54.852 W/audio_hw_generic( 1309): Hardware backing HAL too slow, could only write 0 of 661 frames
12-09 08:01:54.889 W/audio_hw_generic( 1309): Hardware backing HAL too slow, could only write 0 of 661 frames
12-09 08:01:54.911 W/audio_hw_generic( 1309): Hardware backing HAL too slow, could only write 0 of 661 frames
12-09 08:01:54.934 W/audio_hw_generic( 1309): Hardware backing HAL too slow, could only write 0 of 661 frames
12-09 08:01:54.935 W/audio_hw_generic( 1309): Hardware backing HAL too slow, could only write 0 of 661 frames
12-09 08:01:54.936 W/art     ( 1592): Long monitor contention event with owner method=void com.android.server.wm.WindowAnimator$1.doFrame(long) from WindowAnimator.java:121 waiters=0 for 136ms
12-09 08:01:54.953 W/audio_hw_generic( 1309): Hardware backing HAL too slow, could only write 0 of 661 frames
12-09 08:01:54.973 W/audio_hw_generic( 1309): Hardware backing HAL too slow, could only write 0 of 661 frames
12-09 08:01:55.047 W/art     ( 1592): Long monitor contention event with owner method=void com.android.server.wm.WindowAnimator$1.doFrame(long) from WindowAnimator.java:121 waiters=1 for 239ms
12-09 08:01:55.129 W/audio_hw_generic( 1309): Not supplying enough data to HAL, expected position 16409004 , only wrote 16407342
12-09 08:01:55.129 W/audio_hw_generic( 1309): Not supplying enough data to HAL, expected position 16407349 , only wrote 16407342
12-09 08:01:55.145 W/audio_hw_generic( 1309): Not supplying enough data to HAL, expected position 16408021 , only wrote 16408003
12-09 08:01:55.293 W/art     ( 1592): Long monitor contention event with owner method=void com.android.server.wm.WindowAnimator$1.doFrame(long) from WindowAnimator.java:121 waiters=1 for 357ms
12-09 08:01:55.300 W/audio_hw_generic( 1309): Not supplying enough data to HAL, expected position 16414839 , only wrote 16413291
12-09 08:01:55.330 W/audio_hw_generic( 1309): Hardware backing HAL too slow, could only write 0 of 661 frames
12-09 08:01:55.347 W/RichInputMethodSubtype( 1877): Can't find emoji subtype
12-09 08:01:55.348 W/RichInputMethodSubtype( 1877): No input method subtype found; returning dummy subtype: Multi-lingual subtype: android.view.inputmethod.InputMethodSubtype@d78b2ed0, zz
