--------- beginning of main
12-09 07:44:54.655 W/audio_hw_generic( 1307): Not supplying enough data to HAL, expected position 3786604 , only wrote 3786208
12-09 07:44:54.655 W/audio_hw_generic( 1307): Not supplying enough data to HAL, expected position 3786215 , only wrote 3786208
12-09 07:44:54.658 D/gralloc_ranchu( 1219): gralloc_alloc: Creating ashmem region of size 708608
12-09 07:44:54.674 W/audio_hw_generic( 1307): Not supplying enough data to HAL, expected position 3787031 , only wrote 3786869
12-09 07:44:54.799 W/audio_hw_generic( 1307): Not supplying enough data to HAL, expected position 3792392 , only wrote 3788191
12-09 07:44:54.844 D/        ( 1593): HostConnection::get() New Host Connection established 0x7f953e29a3c0, tid 4218
12-09 07:44:54.851 W/audio_hw_generic( 1307): Not supplying enough data to HAL, expected position 3790488 , only wrote 3789513
12-09 07:44:54.865 E/EGL_emulation( 1219): tid 1219: eglCreateSyncKHR(1881): error 0x3004 (EGL_BAD_ATTRIBUTE)
12-09 07:44:54.918 W/audio_hw_generic( 1307): Not supplying enough data to HAL, expected position 3792451 , only wrote 3792157
12-09 07:44:54.918 W/audio_hw_generic( 1307): Not supplying enough data to HAL, expected position 3792164 , only wrote 3792157
12-09 07:44:54.946 W/audio_hw_generic( 1307): Not supplying enough data to HAL, expected position 3793389 , only wrote 3792818
12-09 07:44:54.991 W/art     ( 1593): Long monitor contention event with owner method=android.graphics.Bitmap com.android.server.wm.WindowManagerService.screenshotApplicationsInner(android.os.IBinder, int, int, int, boolean) from WindowManagerService.java:6223 waiters=0 for 308ms
12-09 07:44:55.187 W/audio_hw_generic( 1307): Not supplying enough data to HAL, expected position 3803467 , only wrote 3803394
12-09 07:44:55.188 W/audio_hw_generic( 1307): Not supplying enough data to HAL, expected position 3803401 , only wrote 3803394
12-09 07:44:55.208 W/audio_hw_generic( 1307): Not supplying enough data to HAL, expected position 3804277 , only wrote 3804055
12-09 07:44:55.242 W/audio_hw_generic( 1307): Not supplying enough data to HAL, expected position 3805564 , only wrote 3805377
--------- beginning of system
12-09 07:44:55.298 W/ActivityManager( 1593): Finishing task with all activities already finished
12-09 07:44:55.298 W/ActivityManager( 1593): Duplicate finish request for ActivityRecord{9e05628 u0 com.evancharlton.mileage/.Mileage t372 f}
12-09 07:44:55.298 W/ActivityManager( 1593): Finishing task with all activities already finished
12-09 07:44:55.298 W/ActivityManager( 1593): Duplicate finish request for ActivityRecord{9e05628 u0 com.evancharlton.mileage/.Mileage t372 f}
12-09 07:44:55.298 W/ActivityManager( 1593): Finishing task with all activities already finished
12-09 07:44:55.298 W/ActivityManager( 1593): Duplicate finish request for ActivityRecord{9e05628 u0 com.evancharlton.mileage/.Mileage t372 f}
12-09 07:44:55.420 I/art     ( 1593): Background partial concurrent mark sweep GC freed 20472(1509KB) AllocSpace objects, 6(120KB) LOS objects, 29% free, 9MB/13MB, paused 1.753ms total 412.820ms
12-09 07:44:55.541 D/EGL_emulation( 1913): eglMakeCurrent: 0x7f954d0a1aa0: ver 2 0 (tinfo 0x7f954d082840)
12-09 07:44:55.741 W/audio_hw_generic( 1307): Not supplying enough data to HAL, expected position 3827379 , only wrote 3826529
12-09 07:44:56.152 D/AndroidRuntime( 7629): >>>>>> START com.android.internal.os.RuntimeInit uid 0 <<<<<<
12-09 07:44:56.159 D/AndroidRuntime( 7629): CheckJNI is ON
12-09 07:44:56.214 D/ICU     ( 7629): No timezone override file found: /data/misc/zoneinfo/current/icu/icu_tzdata.dat
12-09 07:44:56.515 W/art     ( 1593): Long monitor contention event with owner method=void com.android.server.wm.WindowAnimator$1.doFrame(long) from WindowAnimator.java:121 waiters=1 for 152ms
12-09 07:44:56.517 E/memtrack( 7629): Couldn't load memtrack module (No such file or directory)
12-09 07:44:56.517 E/android.os.Debug( 7629): failed to load memtrack module: -2
12-09 07:44:56.519 I/Radio-JNI( 7629): register_android_hardware_Radio DONE
12-09 07:44:56.558 D/AndroidRuntime( 7629): Calling main entry com.android.commands.am.Am
12-09 07:44:56.611 I/Choreographer( 1913): Skipped 61 frames!  The application may be doing too much work on its main thread.
12-09 07:44:56.616 I/ActivityManager( 1593): Force stopping com.evancharlton.mileage appid=10123 user=0: start instr
12-09 07:44:56.617 I/ActivityManager( 1593): Killing 7590:com.evancharlton.mileage/u0a123 (adj 0): stop com.evancharlton.mileage
12-09 07:44:56.639 W/OpenGLRenderer( 1913): Incorrectly called buildLayer on View: ShortcutAndWidgetContainer, destroying layer...
12-09 07:44:56.751 W/ActivityManager( 1593): Crash of app com.evancharlton.mileage running instrumentation ComponentInfo{com.evancharlton.mileage.test/sh.calaba.instrumentationbackend.CalabashInstrumentationTestRunner}
12-09 07:44:56.751 I/ActivityManager( 1593): Force stopping com.evancharlton.mileage appid=10123 user=0: finished inst
12-09 07:44:56.926 I/WindowState( 1593): WIN DEATH: Window{63f4ab1 u0 com.evancharlton.mileage/com.evancharlton.mileage.Mileage EXITING}
12-09 07:44:56.951 W/art     ( 1593): Long monitor contention event with owner method=void com.android.server.wm.WindowAnimator$1.doFrame(long) from WindowAnimator.java:121 waiters=3 for 199ms
12-09 07:44:56.952 I/WindowState( 1593): WIN DEATH: Window{b2ce9b3 u0 PopupWindow:1874b44 EXITING}
12-09 07:44:56.967 I/ActivityManager( 1593): Start proc 7639:com.evancharlton.mileage/u0a123 for added application com.evancharlton.mileage
12-09 07:44:56.979 D/AndroidRuntime( 7629): Shutting down VM
12-09 07:44:56.990 W/art     ( 1593): Long monitor contention event with owner method=boolean com.android.server.am.ActivityManagerService.startInstrumentation(android.content.ComponentName, java.lang.String, int, android.os.Bundle, android.app.IInstrumentationWatcher, android.app.IUiAutomationConnection, int, java.lang.String) from ActivityManagerService.java:17066 waiters=0 for 372ms
12-09 07:44:56.990 W/art     ( 1593): Long monitor contention event with owner method=boolean com.android.server.am.ActivityManagerService.startInstrumentation(android.content.ComponentName, java.lang.String, int, android.os.Bundle, android.app.IInstrumentationWatcher, android.app.IUiAutomationConnection, int, java.lang.String) from ActivityManagerService.java:17066 waiters=1 for 344ms
12-09 07:44:56.994 W/art     ( 1593): Long monitor contention event with owner method=boolean com.android.server.am.ActivityManagerService.startInstrumentation(android.content.ComponentName, java.lang.String, int, android.os.Bundle, android.app.IInstrumentationWatcher, android.app.IUiAutomationConnection, int, java.lang.String) from ActivityManagerService.java:17066 waiters=2 for 244ms
12-09 07:44:56.994 W/ActivityManager( 1593): Spurious death for ProcessRecord{fc01007 0:com.evancharlton.mileage/u0a123}, curProc for 7590: null
12-09 07:44:57.147 W/System  ( 7639): ClassLoader referenced unknown path: /data/app/com.evancharlton.mileage.test-1/lib/x86_64
12-09 07:44:57.154 W/System  ( 7639): ClassLoader referenced unknown path: /data/app/com.evancharlton.mileage-1/lib/x86_64
12-09 07:44:57.184 W/WindowAnimator( 1593): Failed to dispatch window animation state change.
12-09 07:44:57.184 W/WindowAnimator( 1593): android.os.DeadObjectException
12-09 07:44:57.184 W/WindowAnimator( 1593): 	at android.os.BinderProxy.transactNative(Native Method)
12-09 07:44:57.184 W/WindowAnimator( 1593): 	at android.os.BinderProxy.transact(Binder.java:503)
12-09 07:44:57.184 W/WindowAnimator( 1593): 	at android.view.IWindow$Stub$Proxy.onAnimationStopped(IWindow.java:534)
12-09 07:44:57.184 W/WindowAnimator( 1593): 	at com.android.server.wm.WindowAnimator.updateWindowsLocked(WindowAnimator.java:286)
12-09 07:44:57.184 W/WindowAnimator( 1593): 	at com.android.server.wm.WindowAnimator.animateLocked(WindowAnimator.java:678)
12-09 07:44:57.184 W/WindowAnimator( 1593): 	at com.android.server.wm.WindowAnimator.-wrap0(WindowAnimator.java)
12-09 07:44:57.184 W/WindowAnimator( 1593): 	at com.android.server.wm.WindowAnimator$1.doFrame(WindowAnimator.java:123)
12-09 07:44:57.184 W/WindowAnimator( 1593): 	at android.view.Choreographer$CallbackRecord.run(Choreographer.java:856)
12-09 07:44:57.184 W/WindowAnimator( 1593): 	at android.view.Choreographer.doCallbacks(Choreographer.java:670)
12-09 07:44:57.184 W/WindowAnimator( 1593): 	at android.view.Choreographer.doFrame(Choreographer.java:603)
12-09 07:44:57.184 W/WindowAnimator( 1593): 	at android.view.Choreographer$FrameDisplayEventReceiver.run(Choreographer.java:844)
12-09 07:44:57.184 W/WindowAnimator( 1593): 	at android.os.Handler.handleCallback(Handler.java:739)
12-09 07:44:57.184 W/WindowAnimator( 1593): 	at android.os.Handler.dispatchMessage(Handler.java:95)
12-09 07:44:57.184 W/WindowAnimator( 1593): 	at android.os.Looper.loop(Looper.java:148)
12-09 07:44:57.184 W/WindowAnimator( 1593): 	at android.os.HandlerThread.run(HandlerThread.java:61)
12-09 07:44:57.184 W/WindowAnimator( 1593): 	at com.android.server.ServiceThread.run(ServiceThread.java:46)
12-09 07:44:57.184 W/WindowAnimator( 1593): Failed to dispatch window animation state change.
12-09 07:44:57.184 W/WindowAnimator( 1593): android.os.DeadObjectException
12-09 07:44:57.184 W/WindowAnimator( 1593): 	at android.os.BinderProxy.transactNative(Native Method)
12-09 07:44:57.184 W/WindowAnimator( 1593): 	at android.os.BinderProxy.transact(Binder.java:503)
12-09 07:44:57.184 W/WindowAnimator( 1593): 	at android.view.IWindow$Stub$Proxy.onAnimationStopped(IWindow.java:534)
12-09 07:44:57.184 W/WindowAnimator( 1593): 	at com.android.server.wm.WindowAnimator.updateWindowsLocked(WindowAnimator.java:286)
12-09 07:44:57.184 W/WindowAnimator( 1593): 	at com.android.server.wm.WindowAnimator.animateLocked(WindowAnimator.java:678)
12-09 07:44:57.184 W/WindowAnimator( 1593): 	at com.android.server.wm.WindowAnimator.-wrap0(WindowAnimator.java)
12-09 07:44:57.184 W/WindowAnimator( 1593): 	at com.android.server.wm.WindowAnimator$1.doFrame(WindowAnimator.java:123)
12-09 07:44:57.184 W/WindowAnimator( 1593): 	at android.view.Choreographer$CallbackRecord.run(Choreographer.java:856)
12-09 07:44:57.184 W/WindowAnimator( 1593): 	at android.view.Choreographer.doCallbacks(Choreographer.java:670)
12-09 07:44:57.184 W/WindowAnimator( 1593): 	at android.view.Choreographer.doFrame(Choreographer.java:603)
12-09 07:44:57.184 W/WindowAnimator( 1593): 	at android.view.Choreographer$FrameDisplayEventReceiver.run(Choreographer.java:844)
12-09 07:44:57.184 W/WindowAnimator( 1593): 	at android.os.Handler.handleCallback(Handler.java:739)
12-09 07:44:57.184 W/WindowAnimator( 1593): 	at android.os.Handler.dispatchMessage(Handler.java:95)
12-09 07:44:57.184 W/WindowAnimator( 1593): 	at android.os.Looper.loop(Looper.java:148)
12-09 07:44:57.184 W/WindowAnimator( 1593): 	at android.os.HandlerThread.run(HandlerThread.java:61)
12-09 07:44:57.184 W/WindowAnimator( 1593): 	at com.android.server.ServiceThread.run(ServiceThread.java:46)
12-09 07:44:57.228 I/System.out( 7639): Main activity name automatically set to: com.evancharlton.mileage.Mileage
12-09 07:44:57.228 I/System.out( 7639): Calabash did not load Mono. This is only a problem if you are trying to test a Mono application
12-09 07:44:57.229 I/calabash( 7639): Test server port: 7102
12-09 07:44:57.242 I/InstrumentationBackend( 7639): Added:'GetPreferences', with key:'get_preferences'
12-09 07:44:57.310 I/InstrumentationBackend( 7639): Added:'SetPreferences', with key:'set_preferences'
12-09 07:44:57.310 I/InstrumentationBackend( 7639): Added:'ClearPreferences', with key:'clear_preferences'
12-09 07:44:57.310 I/InstrumentationBackend( 7639): Added:'PressElement', with key:'press_l10n_element'
12-09 07:44:57.311 I/InstrumentationBackend( 7639): Added:'WaitForElement', with key:'wait_for_l10n_element'
12-09 07:44:57.311 I/InstrumentationBackend( 7639): Added:'NullAction', with key:'nullAction'
12-09 07:44:57.312 I/InstrumentationBackend( 7639): Added:'PressKey', with key:'press_key'
12-09 07:44:57.312 I/InstrumentationBackend( 7639): Added:'SetActivityOrientation', with key:'set_activity_orientation'
12-09 07:44:57.312 I/InstrumentationBackend( 7639): Added:'GetActivityOrientation', with key:'get_activity_orientation'
12-09 07:44:57.312 I/InstrumentationBackend( 7639): Added:'FakeGPSLocation', with key:'set_gps_coordinates'
12-09 07:44:57.312 I/InstrumentationBackend( 7639): Added:'SetPropertyByCssSelector', with key:'set_property_by_css_selector'
12-09 07:44:57.313 I/InstrumentationBackend( 7639): Added:'GetUrl', with key:'get_url'
12-09 07:44:57.313 I/InstrumentationBackend( 7639): Added:'ScrollTo', with key:'scroll_to'
12-09 07:44:57.323 I/InstrumentationBackend( 7639): Added:'GetLoadProgress', with key:'get_load_progress'
12-09 07:44:57.323 I/InstrumentationBackend( 7639): Added:'DumpHtml', with key:'dump_html'
12-09 07:44:57.324 I/InstrumentationBackend( 7639): Added:'DumpBodyHtml', with key:'dump_body_html'
12-09 07:44:57.324 I/InstrumentationBackend( 7639): Added:'EnterTextByCssSelector', with key:'enter_text_by_selector'
12-09 07:44:57.325 I/InstrumentationBackend( 7639): Added:'AndroidSDKVersion', with key:'android_sdk_version'
12-09 07:44:57.325 I/InstrumentationBackend( 7639): Added:'Version', with key:'version'
12-09 07:44:57.325 I/InstrumentationBackend( 7639): Added:'Drag', with key:'drag'
12-09 07:44:57.335 I/InstrumentationBackend( 7639): Added:'TouchCoordinates', with key:'touch_coordinate'
12-09 07:44:57.335 I/InstrumentationBackend( 7639): Added:'LongPressCoordinate', with key:'long_press_coordinate'
12-09 07:44:57.335 I/InstrumentationBackend( 7639): Added:'DragCoordinates', with key:'drag_coordinates'
12-09 07:44:57.336 I/InstrumentationBackend( 7639): Added:'ResumeApplication', with key:'resume_application'
12-09 07:44:57.336 I/InstrumentationBackend( 7639): Added:'Swipe', with key:'swipe'
12-09 07:44:57.336 I/InstrumentationBackend( 7639): Added:'DoubleTapCoordinate', with key:'double_tap_coordinate'
12-09 07:44:57.336 I/InstrumentationBackend( 7639): Added:'ClickOnScreen', with key:'click_on_screen'
12-09 07:44:57.336 I/InstrumentationBackend( 7639): Added:'GetActivityName', with key:'get_activity_name'
12-09 07:44:57.336 I/InstrumentationBackend( 7639): Added:'ScrollToView', with key:'scroll_to_view'
12-09 07:44:57.337 I/InstrumentationBackend( 7639): Added:'ViewConfiguration', with key:'view_configuration'
12-09 07:44:57.337 I/InstrumentationBackend( 7639): Added:'IsCurrentActivityFocused', with key:'is_current_activity_focused'
12-09 07:44:57.337 I/InstrumentationBackend( 7639): Added:'SendTcp', with key:'send_tcp'
12-09 07:44:57.337 I/InstrumentationBackend( 7639): Added:'DpToDevicePixel', with key:'dp_to_device_pixel'
12-09 07:44:57.347 I/InstrumentationBackend( 7639): Added:'KeyboardEnterText', with key:'keyboard_enter_text'
12-09 07:44:57.348 I/InstrumentationBackend( 7639): Added:'DeleteSurroundingText', with key:'delete_surrounding_text'
12-09 07:44:57.348 I/InstrumentationBackend( 7639): Added:'SetComposingRegion', with key:'set_composing_region'
12-09 07:44:57.348 I/InstrumentationBackend( 7639): Added:'SetSelection', with key:'set_selection'
12-09 07:44:57.348 I/InstrumentationBackend( 7639): Added:'KeyboardKeyEvent', with key:'keyboard_key_event'
12-09 07:44:57.348 I/InstrumentationBackend( 7639): Added:'PressUserActionButton', with key:'press_user_action_button'
12-09 07:44:57.349 I/InstrumentationBackend( 7639): Added:'HideSoftKeyboard', with key:'hide_soft_keyboard'
12-09 07:44:57.349 I/InstrumentationBackend( 7639): Added:'ListActions', with key:'list_actions'
12-09 07:44:57.349 I/calabash( 7639): Instantiating http server at 7102
12-09 07:44:57.357 I/System.out( 7639): HTTP Daemon listening on: 7102
12-09 07:44:57.472 I/System.out( 7639): URI: //ping
12-09 07:44:57.472 I/System.out( 7639): params: {json={}
12-09 07:44:57.472 I/System.out( 7639): }
12-09 07:44:57.519 I/System.out( 7639): URI: //ping
12-09 07:44:57.519 I/System.out( 7639): params: {json={}
12-09 07:44:57.519 I/System.out( 7639): }
12-09 07:44:57.692 I/art     ( 7639): Background partial concurrent mark sweep GC freed 45162(1872KB) AllocSpace objects, 7(140KB) LOS objects, 51% free, 982KB/2006KB, paused 1.776ms total 165.927ms
12-09 07:44:57.693 I/System.out( 7639): URI: //ready
12-09 07:44:57.693 I/System.out( 7639): params: {json={}
12-09 07:44:57.693 I/System.out( 7639): }
12-09 07:44:57.792 I/System.out( 7639): URI: //
12-09 07:44:57.792 I/System.out( 7639): params: {json={"command":"version","arguments":[]}
12-09 07:44:57.793 I/System.out( 7639): }
12-09 07:44:57.793 I/System.out( 7639): header: {date=Sun, 09 Dec 2018 07:44:58 GMT, accept=*/*, content-length=36, host=127.0.0.1:34777, user-agent=HTTPClient/1.0 (2.8.3, ruby 2.3.1 (2016-04-26)), content-type=application/json;charset=utf-8}
12-09 07:44:57.793 I/System.out( 7639): params: {json={"command":"version","arguments":[]}
12-09 07:44:57.793 I/System.out( 7639): }
12-09 07:44:57.793 I/System.out( 7639): ProP json = {"command":"version","arguments":[]}
12-09 07:44:57.793 I/System.out( 7639): files: {}
12-09 07:44:57.793 I/System.out( 7639): command: {"command":"version","arguments":[]}
12-09 07:44:57.824 I/InstrumentationBackend( 7639): Got command:'Command:'Line:null,version', arguments:'[]'
12-09 07:44:57.860 I/System.out( 7639): result:{"bonusInformation":[],"message":"0.9.8","success":true}
12-09 07:44:57.944 I/System.out( 7639): URI: //start-application
12-09 07:44:57.944 I/System.out( 7639): params: {json={"intent":null}
12-09 07:44:57.944 I/System.out( 7639): }
12-09 07:44:58.054 I/art     ( 7639): Background sticky concurrent mark sweep GC freed 14451(785KB) AllocSpace objects, 7(140KB) LOS objects, 23% free, 1534KB/2006KB, paused 1.096ms total 156.248ms
12-09 07:44:58.090 I/ActivityManager( 1593): START u0 {act=android.intent.action.MAIN cat=[android.intent.category.LAUNCHER] flg=0x10200000 cmp=com.evancharlton.mileage/.Mileage} from uid 10123 on display 0
12-09 07:44:58.365 D/gralloc_ranchu( 1219): gralloc_alloc: Creating ashmem region of size 3686400
12-09 07:44:58.387 W/art     ( 1593): Long monitor contention event with owner method=void com.android.server.am.ActivityManagerService.activityPaused(android.os.IBinder) from ActivityManagerService.java:6439 waiters=1 for 231ms
12-09 07:44:58.391 I/calabash( 7639): newActivity1
12-09 07:44:58.480 I/calabash( 7639): newActivity1
12-09 07:44:58.495 W/ActivityManager( 1593): Bad activity token: android.os.BinderProxy@112f81e
12-09 07:44:58.495 W/ActivityManager( 1593): java.lang.ClassCastException: android.os.BinderProxy cannot be cast to com.android.server.am.ActivityRecord$Token
12-09 07:44:58.495 W/ActivityManager( 1593): 	at com.android.server.am.ActivityRecord.forTokenLocked(ActivityRecord.java:424)
12-09 07:44:58.495 W/ActivityManager( 1593): 	at com.android.server.am.ActivityRecord.isInStackLocked(ActivityRecord.java:1121)
12-09 07:44:58.495 W/ActivityManager( 1593): 	at com.android.server.am.ActivityRecord.getStackLocked(ActivityRecord.java:1126)
12-09 07:44:58.495 W/ActivityManager( 1593): 	at com.android.server.am.ActivityManagerService.getActivityDisplayId(ActivityManagerService.java:8889)
12-09 07:44:58.495 W/ActivityManager( 1593): 	at android.app.ActivityManagerNative.onTransact(ActivityManagerNative.java:2338)
12-09 07:44:58.495 W/ActivityManager( 1593): 	at com.android.server.am.ActivityManagerService.onTransact(ActivityManagerService.java:2443)
12-09 07:44:58.495 W/ActivityManager( 1593): 	at android.os.Binder.execTransact(Binder.java:453)
12-09 07:44:58.495 W/ActivityManager( 1593): Bad activity token: android.os.BinderProxy@112f81e
12-09 07:44:58.495 W/ActivityManager( 1593): java.lang.ClassCastException: android.os.BinderProxy cannot be cast to com.android.server.am.ActivityRecord$Token
12-09 07:44:58.495 W/ActivityManager( 1593): 	at com.android.server.am.ActivityRecord.forTokenLocked(ActivityRecord.java:424)
12-09 07:44:58.495 W/ActivityManager( 1593): 	at com.android.server.am.ActivityRecord.isInStackLocked(ActivityRecord.java:1121)
12-09 07:44:58.495 W/ActivityManager( 1593): 	at com.android.server.am.ActivityManagerService.setTaskDescription(ActivityManagerService.java:8547)
12-09 07:44:58.495 W/ActivityManager( 1593): 	at android.app.ActivityManagerNative.onTransact(ActivityManagerNative.java:2410)
12-09 07:44:58.495 W/ActivityManager( 1593): 	at com.android.server.am.ActivityManagerService.onTransact(ActivityManagerService.java:2443)
12-09 07:44:58.495 W/ActivityManager( 1593): 	at android.os.Binder.execTransact(Binder.java:453)
12-09 07:44:58.570 W/ActivityManager( 1593): Bad activity token: android.os.BinderProxy@112f81e
12-09 07:44:58.570 W/ActivityManager( 1593): java.lang.ClassCastException: android.os.BinderProxy cannot be cast to com.android.server.am.ActivityRecord$Token
12-09 07:44:58.570 W/ActivityManager( 1593): 	at com.android.server.am.ActivityRecord.forTokenLocked(ActivityRecord.java:424)
12-09 07:44:58.570 W/ActivityManager( 1593): 	at com.android.server.am.ActivityRecord.isInStackLocked(ActivityRecord.java:1121)
12-09 07:44:58.570 W/ActivityManager( 1593): 	at com.android.server.am.ActivityManagerService.getActivityOptions(ActivityManagerService.java:11038)
12-09 07:44:58.570 W/ActivityManager( 1593): 	at android.app.ActivityManagerNative.onTransact(ActivityManagerNative.java:1734)
12-09 07:44:58.570 W/ActivityManager( 1593): 	at com.android.server.am.ActivityManagerService.onTransact(ActivityManagerService.java:2443)
12-09 07:44:58.570 W/ActivityManager( 1593): 	at android.os.Binder.execTransact(Binder.java:453)
12-09 07:44:58.570 W/ActivityManager( 1593): Bad activity token: android.os.BinderProxy@112f81e
12-09 07:44:58.570 W/ActivityManager( 1593): java.lang.ClassCastException: android.os.BinderProxy cannot be cast to com.android.server.am.ActivityRecord$Token
12-09 07:44:58.570 W/ActivityManager( 1593): 	at com.android.server.am.ActivityRecord.forTokenLocked(ActivityRecord.java:424)
12-09 07:44:58.570 W/ActivityManager( 1593): 	at com.android.server.am.ActivityRecord.isInStackLocked(ActivityRecord.java:1121)
12-09 07:44:58.570 W/ActivityManager( 1593): 	at com.android.server.am.ActivityManagerService.getActivityOptions(ActivityManagerService.java:11038)
12-09 07:44:58.570 W/ActivityManager( 1593): 	at android.app.ActivityManagerNative.onTransact(ActivityManagerNative.java:1734)
12-09 07:44:58.570 W/ActivityManager( 1593): 	at com.android.server.am.ActivityManagerService.onTransact(ActivityManagerService.java:2443)
12-09 07:44:58.570 W/ActivityManager( 1593): 	at android.os.Binder.execTransact(Binder.java:453)
12-09 07:44:58.645 V/PhoneStatusBar( 1684): setLightsOn(true)
12-09 07:44:58.706 D/EGL_emulation( 1913): eglMakeCurrent: 0x7f954d0a1aa0: ver 2 0 (tinfo 0x7f954d082840)
12-09 07:44:58.707 E/Surface ( 1913): getSlotFromBufferLocked: unknown buffer: 0x7f9548ec9f20
12-09 07:44:59.056 D/gralloc_ranchu( 1219): gralloc_alloc: Creating ashmem region of size 3686400
12-09 07:44:59.123 D/        ( 7639): HostConnection::get() New Host Connection established 0x7f954cedd4a0, tid 7639
12-09 07:44:59.583 W/art     ( 1593): Long monitor contention event with owner method=void com.android.server.wm.WindowAnimator$1.doFrame(long) from WindowAnimator.java:121 waiters=1 for 154ms
12-09 07:44:59.608 D/gralloc_ranchu( 1219): gralloc_alloc: Creating ashmem region of size 3686400
12-09 07:44:59.739 I/ActivityManager( 1593): Displayed com.evancharlton.mileage/.Mileage: +1s591ms
12-09 07:44:59.842 D/hwcomposer( 1219): hw_composer sent 427 syncs in 60s
12-09 07:45:00.134 W/art     ( 1593): Long monitor contention event with owner method=void com.android.server.wm.WindowAnimator$1.doFrame(long) from WindowAnimator.java:121 waiters=0 for 230ms
12-09 07:45:00.385 W/art     ( 7639): Suspending all threads took: 23.249ms
12-09 07:45:00.388 I/art     ( 7639): Background partial concurrent mark sweep GC freed 3449(192KB) AllocSpace objects, 0(0B) LOS objects, 39% free, 1899KB/3MB, paused 24.426ms total 237.298ms
12-09 07:45:00.435 D/gralloc_ranchu( 1219): gralloc_alloc: Creating ashmem region of size 3686400
12-09 07:45:00.451 I/System.out( 7639): URI: //map
12-09 07:45:00.451 I/System.out( 7639): params: {json={"query":"android.widget.CheckBox index:0","operation":{"method_name":"query","arguments":[]}}
12-09 07:45:00.451 I/System.out( 7639): }
12-09 07:45:00.866 I/System.out( 7639): URI: //gesture
12-09 07:45:00.866 I/System.out( 7639): params: {json={"query_timeout":5.0,"gestures":[{"query_string":"android.widget.CheckBox index:0","touches":[{"x":50,"y":50,"offset_x":0,"offset_y":0,"wait":0.0,"time":0.2,"release":true,"query_string":null}]}]}
12-09 07:45:00.866 I/System.out( 7639): }
12-09 07:45:01.523 W/audio_hw_generic( 1307): Hardware backing HAL too slow, could only write 0 of 661 frames
12-09 07:45:01.525 I/art     ( 7639): Background sticky concurrent mark sweep GC freed 45603(2MB) AllocSpace objects, 2(40KB) LOS objects, 25% free, 2MB/3MB, paused 1.091ms total 147.855ms
12-09 07:45:01.530 W/audio_hw_generic( 1307): Hardware backing HAL too slow, could only write 0 of 661 frames
12-09 07:45:01.554 W/audio_hw_generic( 1307): Hardware backing HAL too slow, could only write 0 of 661 frames
12-09 07:45:01.582 W/audio_hw_generic( 1307): Hardware backing HAL too slow, could only write 0 of 661 frames
12-09 07:45:01.606 W/audio_hw_generic( 1307): Hardware backing HAL too slow, could only write 0 of 661 frames
12-09 07:45:01.930 W/audio_hw_generic( 1307): Not supplying enough data to HAL, expected position 3846797 , only wrote 3845698
12-09 07:45:01.939 E/SurfaceFlinger( 1219): ro.sf.lcd_density must be defined as a build property
12-09 07:45:01.940 W/audio_hw_generic( 1307): Not supplying enough data to HAL, expected position 3846157 , only wrote 3845698
12-09 07:45:01.955 D/gralloc_ranchu( 1219): gralloc_alloc: Creating ashmem region of size 3686400
12-09 07:45:01.970 W/audio_hw_generic( 1307): Not supplying enough data to HAL, expected position 3847013 , only wrote 3846359
12-09 07:45:02.000 W/audio_hw_generic( 1307): Not supplying enough data to HAL, expected position 3847693 , only wrote 3847681
12-09 07:45:02.022 D/        ( 7666): HostConnection::get() New Host Connection established 0x7fa1c7b52480, tid 7666
12-09 07:45:02.044 E/EGL_emulation( 1219): tid 1219: eglCreateSyncKHR(1881): error 0x3004 (EGL_BAD_ATTRIBUTE)
12-09 07:45:02.106 W/audio_hw_generic( 1307): Hardware backing HAL too slow, could only write 0 of 661 frames
12-09 07:45:02.121 W/audio_hw_generic( 1307): Hardware backing HAL too slow, could only write 0 of 661 frames
12-09 07:45:02.747 W/audio_hw_generic( 1307): Not supplying enough data to HAL, expected position 3880611 , only wrote 3879409
12-09 07:45:02.747 W/audio_hw_generic( 1307): Not supplying enough data to HAL, expected position 3879417 , only wrote 3879409
12-09 07:45:02.840 I/System.out( 7639): URI: //map
12-09 07:45:02.840 I/System.out( 7639): params: {json={"query":"android.widget.CheckBox index:0","operation":{"method_name":"query","arguments":[]}}
12-09 07:45:02.840 I/System.out( 7639): }
12-09 07:45:02.966 W/art     ( 7639): Suspending all threads took: 34.419ms
12-09 07:45:03.001 I/art     ( 7639): Background sticky concurrent mark sweep GC freed 29613(1261KB) AllocSpace objects, 0(0B) LOS objects, 13% free, 2MB/3MB, paused 36.205ms total 78.874ms
12-09 07:45:03.054 W/audio_hw_generic( 1307): Not supplying enough data to HAL, expected position 3892928 , only wrote 3890646
12-09 07:45:03.070 W/audio_hw_generic( 1307): Not supplying enough data to HAL, expected position 3891350 , only wrote 3890646
12-09 07:45:03.126 I/System.out( 7639): URI: //gesture
12-09 07:45:03.126 I/System.out( 7639): params: {json={"query_timeout":5.0,"gestures":[{"query_string":"android.widget.CheckBox index:0","touches":[{"x":50,"y":50,"offset_x":0,"offset_y":0,"wait":0.0,"time":0.2,"release":true,"query_string":null}]}]}
12-09 07:45:03.126 I/System.out( 7639): }
12-09 07:45:03.242 W/audio_hw_generic( 1307): Not supplying enough data to HAL, expected position 3898231 , only wrote 3897256
12-09 07:45:03.294 W/audio_hw_generic( 1307): Not supplying enough data to HAL, expected position 3899551 , only wrote 3897256
12-09 07:45:03.299 W/audio_hw_generic( 1307): Hardware backing HAL too slow, could only write 0 of 661 frames
12-09 07:45:03.329 W/audio_hw_generic( 1307): Not supplying enough data to HAL, expected position 3898818 , only wrote 3898578
12-09 07:45:03.329 W/audio_hw_generic( 1307): Hardware backing HAL too slow, could only write 0 of 661 frames
12-09 07:45:03.344 W/audio_hw_generic( 1307): Hardware backing HAL too slow, could only write 0 of 661 frames
12-09 07:45:03.361 W/audio_hw_generic( 1307): Hardware backing HAL too slow, could only write 0 of 661 frames
12-09 07:45:03.374 W/audio_hw_generic( 1307): Hardware backing HAL too slow, could only write 0 of 661 frames
12-09 07:45:03.429 W/audio_hw_generic( 1307): Not supplying enough data to HAL, expected position 3902999 , only wrote 3902544
12-09 07:45:03.429 W/audio_hw_generic( 1307): Not supplying enough data to HAL, expected position 3902552 , only wrote 3902544
12-09 07:45:03.450 W/audio_hw_generic( 1307): Not supplying enough data to HAL, expected position 3903461 , only wrote 3903205
12-09 07:45:03.556 I/art     ( 7639): Background sticky concurrent mark sweep GC freed 24263(1002KB) AllocSpace objects, 0(0B) LOS objects, 1% free, 3MB/3MB, paused 5.056ms total 88.610ms
12-09 07:45:03.604 W/audio_hw_generic( 1307): Not supplying enough data to HAL, expected position 3909999 , only wrote 3909815
12-09 07:45:03.604 W/audio_hw_generic( 1307): Not supplying enough data to HAL, expected position 3909822 , only wrote 3909815
12-09 07:45:03.625 W/audio_hw_generic( 1307): Not supplying enough data to HAL, expected position 3910704 , only wrote 3910476
12-09 07:45:03.642 W/audio_hw_generic( 1307): Hardware backing HAL too slow, could only write 0 of 661 frames
12-09 07:45:03.665 W/audio_hw_generic( 1307): Hardware backing HAL too slow, could only write 0 of 661 frames
12-09 07:45:03.678 W/audio_hw_generic( 1307): Hardware backing HAL too slow, could only write 0 of 661 frames
12-09 07:45:03.690 W/audio_hw_generic( 1307): Hardware backing HAL too slow, could only write 0 of 661 frames
12-09 07:45:03.710 W/audio_hw_generic( 1307): Hardware backing HAL too slow, could only write 0 of 661 frames
12-09 07:45:03.732 W/audio_hw_generic( 1307): Hardware backing HAL too slow, could only write 0 of 661 frames
12-09 07:45:03.747 W/audio_hw_generic( 1307): Hardware backing HAL too slow, could only write 0 of 661 frames
12-09 07:45:03.762 W/audio_hw_generic( 1307): Hardware backing HAL too slow, could only write 0 of 661 frames
12-09 07:45:03.958 E/SurfaceFlinger( 1219): ro.sf.lcd_density must be defined as a build property
12-09 07:45:03.959 D/gralloc_ranchu( 1219): gralloc_alloc: Creating ashmem region of size 3686400
12-09 07:45:03.981 D/        ( 7672): HostConnection::get() New Host Connection established 0x7f2cec952480, tid 7672
12-09 07:45:04.010 E/EGL_emulation( 1219): tid 1219: eglCreateSyncKHR(1881): error 0x3004 (EGL_BAD_ATTRIBUTE)
12-09 07:45:04.065 W/audio_hw_generic( 1307): Not supplying enough data to HAL, expected position 3929902 , only wrote 3928984
12-09 07:45:04.076 W/audio_hw_generic( 1307): Not supplying enough data to HAL, expected position 3929457 , only wrote 3928984
12-09 07:45:04.095 W/audio_hw_generic( 1307): Not supplying enough data to HAL, expected position 3929823 , only wrote 3929645
12-09 07:45:04.682 W/audio_hw_generic( 1307): Not supplying enough data to HAL, expected position 3955530 , only wrote 3954763
12-09 07:45:04.682 W/audio_hw_generic( 1307): Not supplying enough data to HAL, expected position 3954770 , only wrote 3954763
12-09 07:45:04.719 W/audio_hw_generic( 1307): Not supplying enough data to HAL, expected position 3956402 , only wrote 3955424
12-09 07:45:04.780 W/audio_hw_generic( 1307): Hardware backing HAL too slow, could only write 0 of 661 frames
