12-09 08:50:23.075 W/audio_hw_generic( 1308): Hardware backing HAL too slow, could only write 0 of 661 frames
12-09 08:50:23.101 W/ActivityManager( 1592): Bad activity token: android.os.BinderProxy@199f505
12-09 08:50:23.101 W/ActivityManager( 1592): java.lang.ClassCastException: android.os.BinderProxy cannot be cast to com.android.server.am.ActivityRecord$Token
12-09 08:50:23.101 W/ActivityManager( 1592): 	at com.android.server.am.ActivityRecord.forTokenLocked(ActivityRecord.java:424)
12-09 08:50:23.101 W/ActivityManager( 1592): 	at com.android.server.am.ActivityRecord.isInStackLocked(ActivityRecord.java:1121)
12-09 08:50:23.101 W/ActivityManager( 1592): 	at com.android.server.am.ActivityManagerService.getActivityOptions(ActivityManagerService.java:11038)
12-09 08:50:23.101 W/ActivityManager( 1592): 	at android.app.ActivityManagerNative.onTransact(ActivityManagerNative.java:1734)
12-09 08:50:23.101 W/ActivityManager( 1592): 	at com.android.server.am.ActivityManagerService.onTransact(ActivityManagerService.java:2443)
12-09 08:50:23.101 W/ActivityManager( 1592): 	at android.os.Binder.execTransact(Binder.java:453)
12-09 08:50:23.102 W/ActivityManager( 1592): Bad activity token: android.os.BinderProxy@199f505
12-09 08:50:23.102 W/ActivityManager( 1592): java.lang.ClassCastException: android.os.BinderProxy cannot be cast to com.android.server.am.ActivityRecord$Token
12-09 08:50:23.102 W/ActivityManager( 1592): 	at com.android.server.am.ActivityRecord.forTokenLocked(ActivityRecord.java:424)
12-09 08:50:23.102 W/ActivityManager( 1592): 	at com.android.server.am.ActivityRecord.isInStackLocked(ActivityRecord.java:1121)
12-09 08:50:23.102 W/ActivityManager( 1592): 	at com.android.server.am.ActivityManagerService.getActivityOptions(ActivityManagerService.java:11038)
12-09 08:50:23.102 W/ActivityManager( 1592): 	at android.app.ActivityManagerNative.onTransact(ActivityManagerNative.java:1734)
12-09 08:50:23.102 W/ActivityManager( 1592): 	at com.android.server.am.ActivityManagerService.onTransact(ActivityManagerService.java:2443)
12-09 08:50:23.102 W/ActivityManager( 1592): 	at android.os.Binder.execTransact(Binder.java:453)
12-09 08:50:23.158 W/audio_hw_generic( 1308): Not supplying enough data to HAL, expected position 56689076 , only wrote 56686699
12-09 08:50:23.200 D/Mileage.ABS(22064): Finished backup
12-09 08:50:23.207 I/LatinIME( 1887): Starting input. Cursor position = -1,-1
12-09 08:50:23.218 E/SurfaceFlinger( 1219): ro.sf.lcd_density must be defined as a build property
12-09 08:50:23.219 D/gralloc_ranchu( 1219): gralloc_alloc: Creating ashmem region of size 3686400
12-09 08:50:23.254 D/        (22122): HostConnection::get() New Host Connection established 0x7fa0d4912480, tid 22122
12-09 08:50:23.306 E/EGL_emulation( 1219): tid 1219: eglCreateSyncKHR(1881): error 0x3004 (EGL_BAD_ATTRIBUTE)
12-09 08:50:23.309 W/audio_hw_generic( 1308): Not supplying enough data to HAL, expected position 56693363 , only wrote 56693309
12-09 08:50:23.310 W/audio_hw_generic( 1308): Not supplying enough data to HAL, expected position 56693316 , only wrote 56693309
12-09 08:50:23.314 D/Mileage.ABS(22064): Not backing up; 121
12-09 08:50:23.314 D/Mileage.ABS(22064): Not backing up; 122
12-09 08:50:23.440 W/audio_hw_generic( 1308): Not supplying enough data to HAL, expected position 56699045 , only wrote 56693970
12-09 08:50:23.507 W/audio_hw_generic( 1308): Hardware backing HAL too slow, could only write 0 of 661 frames
12-09 08:50:23.509 D/Mileage (22064): Not enough fillups to calculate economy
12-09 08:50:23.578 W/audio_hw_generic( 1308): Not supplying enough data to HAL, expected position 56700085 , only wrote 56699919
12-09 08:50:23.578 W/audio_hw_generic( 1308): Not supplying enough data to HAL, expected position 56699926 , only wrote 56699919
12-09 08:50:23.610 W/audio_hw_generic( 1308): Not supplying enough data to HAL, expected position 56701308 , only wrote 56700580
12-09 08:50:23.874 W/audio_hw_generic( 1308): Not supplying enough data to HAL, expected position 56712199 , only wrote 56711817
12-09 08:50:23.874 W/audio_hw_generic( 1308): Hardware backing HAL too slow, could only write 0 of 661 frames
12-09 08:50:23.874 W/audio_hw_generic( 1308): Hardware backing HAL too slow, could only write 0 of 661 frames
12-09 08:50:23.904 W/audio_hw_generic( 1308): Hardware backing HAL too slow, could only write 0 of 661 frames
12-09 08:50:23.919 W/audio_hw_generic( 1308): Hardware backing HAL too slow, could only write 0 of 661 frames
12-09 08:50:23.932 I/InputAttributes( 1887): InputType.TYPE_NULL is specified
12-09 08:50:23.939 W/audio_hw_generic( 1308): Hardware backing HAL too slow, could only write 0 of 661 frames
12-09 08:50:23.950 W/audio_hw_generic( 1308): Hardware backing HAL too slow, could only write 0 of 661 frames
12-09 08:50:23.965 I/Choreographer( 1887): Skipped 46 frames!  The application may be doing too much work on its main thread.
12-09 08:50:24.110 D/EGL_emulation( 1887): eglMakeCurrent: 0x7fc06d596060: ver 2 0 (tinfo 0x7fc0654ffbe0)
12-09 08:50:24.122 E/Surface ( 1887): getSlotFromBufferLocked: unknown buffer: 0x7fc063ff9e60
12-09 08:50:24.403 W/audio_hw_generic( 1308): Not supplying enough data to HAL, expected position 56735148 , only wrote 56734291
12-09 08:50:24.403 W/audio_hw_generic( 1308): Not supplying enough data to HAL, expected position 56734298 , only wrote 56734291
12-09 08:50:24.436 W/audio_hw_generic( 1308): Not supplying enough data to HAL, expected position 56735740 , only wrote 56734952
12-09 08:50:24.474 W/audio_hw_generic( 1308): Hardware backing HAL too slow, could only write 0 of 661 frames
12-09 08:50:24.505 W/audio_hw_generic( 1308): Hardware backing HAL too slow, could only write 0 of 661 frames
12-09 08:50:24.514 W/audio_hw_generic( 1308): Hardware backing HAL too slow, could only write 0 of 661 frames
12-09 08:50:24.542 W/audio_hw_generic( 1308): Hardware backing HAL too slow, could only write 0 of 661 frames
12-09 08:50:24.544 W/audio_hw_generic( 1308): Hardware backing HAL too slow, could only write 0 of 661 frames
12-09 08:50:24.654 I/System.out(22064): URI: //gesture
12-09 08:50:24.655 I/System.out(22064): params: {json={"query_timeout":5.0,"gestures":[{"query_string":"android.widget.TabWidget descendant TextView index:0","touches":[{"x":50,"y":50,"offset_x":0,"offset_y":0,"wait":0.0,"time":0.2,"release":true,"query_string":null}]}]}
12-09 08:50:24.655 I/System.out(22064): }
12-09 08:50:24.735 W/CursorWrapperInner(22064): Cursor finalized without prior close()
12-09 08:50:25.059 W/audio_hw_generic( 1308): Not supplying enough data to HAL, expected position 56762429 , only wrote 56762053
12-09 08:50:25.059 W/audio_hw_generic( 1308): Not supplying enough data to HAL, expected position 56762060 , only wrote 56762053
12-09 08:50:25.086 W/audio_hw_generic( 1308): Not supplying enough data to HAL, expected position 56763265 , only wrote 56762714
12-09 08:50:25.086 W/audio_hw_generic( 1308): Hardware backing HAL too slow, could only write 0 of 661 frames
12-09 08:50:25.087 W/audio_hw_generic( 1308): Hardware backing HAL too slow, could only write 0 of 661 frames
12-09 08:50:25.170 W/audio_hw_generic( 1308): Hardware backing HAL too slow, could only write 0 of 661 frames
12-09 08:50:25.323 W/audio_hw_generic( 1308): Hardware backing HAL too slow, could only write 0 of 661 frames
12-09 08:50:25.346 W/audio_hw_generic( 1308): Not supplying enough data to HAL, expected position 56774180 , only wrote 56773951
12-09 08:50:25.346 W/audio_hw_generic( 1308): Not supplying enough data to HAL, expected position 56773958 , only wrote 56773951
12-09 08:50:25.378 W/audio_hw_generic( 1308): Not supplying enough data to HAL, expected position 56775332 , only wrote 56774612
12-09 08:50:25.544 W/audio_hw_generic( 1308): Not supplying enough data to HAL, expected position 56781941 , only wrote 56781883
12-09 08:50:25.544 W/audio_hw_generic( 1308): Not supplying enough data to HAL, expected position 56781891 , only wrote 56781883
12-09 08:50:25.571 W/audio_hw_generic( 1308): Not supplying enough data to HAL, expected position 56783065 , only wrote 56782544
12-09 08:50:25.590 W/audio_hw_generic( 1308): Not supplying enough data to HAL, expected position 56783397 , only wrote 56783205
12-09 08:50:25.874 W/audio_hw_generic( 1308): Hardware backing HAL too slow, could only write 0 of 661 frames
12-09 08:50:25.890 W/audio_hw_generic( 1308): Hardware backing HAL too slow, could only write 0 of 661 frames
12-09 08:50:25.906 W/audio_hw_generic( 1308): Hardware backing HAL too slow, could only write 0 of 661 frames
12-09 08:50:25.914 W/audio_hw_generic( 1308): Hardware backing HAL too slow, could only write 0 of 661 frames
12-09 08:50:25.930 W/audio_hw_generic( 1308): Hardware backing HAL too slow, could only write 0 of 661 frames
12-09 08:50:26.254 W/audio_hw_generic( 1308): Not supplying enough data to HAL, expected position 56812478 , only wrote 56812289
12-09 08:50:26.807 I/System.out(22064): URI: //map
12-09 08:50:26.807 I/System.out(22064): params: {json={"query":"android.widget.EditText id:'price'","operation":{"method_name":"query","arguments":[]}}
12-09 08:50:26.807 I/System.out(22064): }
12-09 08:50:26.820 W/ResourceType(22064): No package identifier when getting name for resource number 0x00000001
12-09 08:50:26.960 W/art     (22064): Suspending all threads took: 14.862ms
12-09 08:50:27.024 I/art     (22064): Background sticky concurrent mark sweep GC freed 57153(2MB) AllocSpace objects, 2(40KB) LOS objects, 22% free, 2MB/3MB, paused 16.125ms total 209.908ms
12-09 08:50:27.025 I/System.out(22064): URI: //gesture
12-09 08:50:27.025 I/System.out(22064): params: {json={"query_timeout":5.0,"gestures":[{"query_string":"android.widget.EditText id:'price'","touches":[{"x":50,"y":50,"offset_x":0,"offset_y":0,"wait":0.0,"time":0.2,"release":true,"query_string":null}]}]}
12-09 08:50:27.025 I/System.out(22064): }
12-09 08:50:27.050 W/audio_hw_generic( 1308): Hardware backing HAL too slow, could only write 0 of 661 frames
12-09 08:50:27.167 I/art     (22064): Background partial concurrent mark sweep GC freed 14634(801KB) AllocSpace objects, 5(100KB) LOS objects, 39% free, 2MB/4MB, paused 1.182ms total 112.923ms
12-09 08:50:27.251 W/ResourceType(22064): No package identifier when getting name for resource number 0x00000001
12-09 08:50:27.319 W/audio_hw_generic( 1308): Hardware backing HAL too slow, could only write 0 of 661 frames
12-09 08:50:27.474 W/audio_hw_generic( 1308): Not supplying enough data to HAL, expected position 56866091 , only wrote 56865830
12-09 08:50:27.474 W/audio_hw_generic( 1308): Not supplying enough data to HAL, expected position 56865837 , only wrote 56865830
12-09 08:50:27.493 W/audio_hw_generic( 1308): Not supplying enough data to HAL, expected position 56866646 , only wrote 56866491
12-09 08:50:27.512 W/audio_hw_generic( 1308): Hardware backing HAL too slow, could only write 0 of 661 frames
12-09 08:50:27.527 W/audio_hw_generic( 1308): Hardware backing HAL too slow, could only write 0 of 661 frames
12-09 08:50:27.543 W/audio_hw_generic( 1308): Hardware backing HAL too slow, could only write 0 of 661 frames
12-09 08:50:27.558 W/audio_hw_generic( 1308): Hardware backing HAL too slow, could only write 0 of 661 frames
12-09 08:50:27.572 W/audio_hw_generic( 1308): Hardware backing HAL too slow, could only write 0 of 661 frames
12-09 08:50:27.606 W/audio_hw_generic( 1308): Hardware backing HAL too slow, could only write 0 of 661 frames
12-09 08:50:27.624 W/audio_hw_generic( 1308): Hardware backing HAL too slow, could only write 0 of 661 frames
12-09 08:50:27.632 W/audio_hw_generic( 1308): Hardware backing HAL too slow, could only write 0 of 661 frames
12-09 08:50:27.651 I/LatinIME( 1887): Starting input. Cursor position = 0,0
12-09 08:50:27.658 W/audio_hw_generic( 1308): Hardware backing HAL too slow, could only write 0 of 661 frames
12-09 08:50:27.666 W/audio_hw_generic( 1308): Hardware backing HAL too slow, could only write 0 of 661 frames
12-09 08:50:27.682 W/audio_hw_generic( 1308): Hardware backing HAL too slow, could only write 0 of 661 frames
12-09 08:50:27.753 W/audio_hw_generic( 1308): Not supplying enough data to HAL, expected position 56877968 , only wrote 56877728
12-09 08:50:27.884 W/audio_hw_generic( 1308): Not supplying enough data to HAL, expected position 56883514 , only wrote 56879050
12-09 08:50:27.902 D/EGL_emulation( 1887): eglMakeCurrent: 0x7fc06d596060: ver 2 0 (tinfo 0x7fc0654ffbe0)
12-09 08:50:27.916 W/audio_hw_generic( 1308): Not supplying enough data to HAL, expected position 56880441 , only wrote 56880372
12-09 08:50:27.949 W/audio_hw_generic( 1308): Hardware backing HAL too slow, could only write 0 of 661 frames
12-09 08:50:28.058 W/audio_hw_generic( 1308): Hardware backing HAL too slow, could only write 0 of 661 frames
12-09 08:50:28.066 W/audio_hw_generic( 1308): Not supplying enough data to HAL, expected position 56887009 , only wrote 56886982
12-09 08:50:28.067 W/audio_hw_generic( 1308): Not supplying enough data to HAL, expected position 56886989 , only wrote 56886982
12-09 08:50:28.067 W/audio_hw_generic( 1308): Hardware backing HAL too slow, could only write 0 of 661 frames
12-09 08:50:28.082 W/audio_hw_generic( 1308): Not supplying enough data to HAL, expected position 56887644 , only wrote 56887643
12-09 08:50:28.082 W/audio_hw_generic( 1308): Hardware backing HAL too slow, could only write 0 of 661 frames
12-09 08:50:28.082 W/audio_hw_generic( 1308): Hardware backing HAL too slow, could only write 0 of 661 frames
12-09 08:50:28.098 W/audio_hw_generic( 1308): Hardware backing HAL too slow, could only write 0 of 661 frames
12-09 08:50:28.136 W/audio_hw_generic( 1308): Hardware backing HAL too slow, could only write 0 of 661 frames
12-09 08:50:28.152 W/audio_hw_generic( 1308): Hardware backing HAL too slow, could only write 0 of 661 frames
12-09 08:50:28.172 W/audio_hw_generic( 1308): Hardware backing HAL too slow, could only write 0 of 661 frames
12-09 08:50:28.203 I/System.out(22064): URI: //
12-09 08:50:28.203 I/System.out(22064): params: {json={"command":"set_selection","arguments":[-1,-1]}
12-09 08:50:28.203 I/System.out(22064): }
12-09 08:50:28.203 I/System.out(22064): header: {date=Sun, 09 Dec 2018 08:50:28 GMT, accept=*/*, content-length=47, host=127.0.0.1:34777, user-agent=HTTPClient/1.0 (2.8.3, ruby 2.3.1 (2016-04-26)), content-type=application/json;charset=utf-8}
12-09 08:50:28.203 I/System.out(22064): params: {json={"command":"set_selection","arguments":[-1,-1]}
12-09 08:50:28.203 I/System.out(22064): }
12-09 08:50:28.203 I/System.out(22064): ProP json = {"command":"set_selection","arguments":[-1,-1]}
12-09 08:50:28.203 I/System.out(22064): files: {}
12-09 08:50:28.203 I/System.out(22064): command: {"command":"set_selection","arguments":[-1,-1]}
12-09 08:50:28.205 I/InstrumentationBackend(22064): Got command:'Command:'Line:null,set_selection', arguments:'[-1, -1]'
12-09 08:50:28.226 W/audio_hw_generic( 1308): Not supplying enough data to HAL, expected position 56894002 , only wrote 56893592
12-09 08:50:28.327 W/audio_hw_generic( 1308): Hardware backing HAL too slow, could only write 0 of 661 frames
12-09 08:50:28.337 W/audio_hw_generic( 1308): Hardware backing HAL too slow, could only write 0 of 661 frames
12-09 08:50:28.338 I/System.out(22064): result:{"bonusInformation":[],"message":"","success":true}
12-09 08:50:28.362 W/audio_hw_generic( 1308): Hardware backing HAL too slow, could only write 0 of 661 frames
12-09 08:50:28.390 W/audio_hw_generic( 1308): Hardware backing HAL too slow, could only write 0 of 661 frames
12-09 08:50:28.391 W/audio_hw_generic( 1308): Hardware backing HAL too slow, could only write 0 of 661 frames
12-09 08:50:28.407 W/audio_hw_generic( 1308): Not supplying enough data to HAL, expected position 56901586 , only wrote 56901524
12-09 08:50:28.454 W/audio_hw_generic( 1308): Hardware backing HAL too slow, could only write 0 of 661 frames
12-09 08:50:28.485 W/audio_hw_generic( 1308): Hardware backing HAL too slow, could only write 0 of 661 frames
12-09 08:50:28.504 I/System.out(22064): URI: //
12-09 08:50:28.504 I/System.out(22064): params: {json={"command":"keyboard_enter_text","arguments":["54"]}
12-09 08:50:28.504 I/System.out(22064): }
12-09 08:50:28.504 I/System.out(22064): header: {date=Sun, 09 Dec 2018 08:50:28 GMT, accept=*/*, content-length=52, host=127.0.0.1:34777, user-agent=HTTPClient/1.0 (2.8.3, ruby 2.3.1 (2016-04-26)), content-type=application/json;charset=utf-8}
12-09 08:50:28.504 I/System.out(22064): params: {json={"command":"keyboard_enter_text","arguments":["54"]}
12-09 08:50:28.504 I/System.out(22064): }
12-09 08:50:28.504 I/System.out(22064): ProP json = {"command":"keyboard_enter_text","arguments":["54"]}
12-09 08:50:28.504 I/System.out(22064): files: {}
12-09 08:50:28.504 I/System.out(22064): command: {"command":"keyboard_enter_text","arguments":["54"]}
12-09 08:50:28.510 I/InstrumentationBackend(22064): Got command:'Command:'Line:null,keyboard_enter_text', arguments:'[54]'
12-09 08:50:28.511 E/SpannableStringBuilder(22064): SPAN_EXCLUSIVE_EXCLUSIVE spans cannot have a zero length
12-09 08:50:28.511 E/SpannableStringBuilder(22064): SPAN_EXCLUSIVE_EXCLUSIVE spans cannot have a zero length
12-09 08:50:28.551 W/audio_hw_generic( 1308): Hardware backing HAL too slow, could only write 0 of 661 frames
12-09 08:50:28.577 W/audio_hw_generic( 1308): Not supplying enough data to HAL, expected position 56909020 , only wrote 56908795
12-09 08:50:28.577 W/audio_hw_generic( 1308): Hardware backing HAL too slow, could only write 0 of 661 frames
12-09 08:50:28.577 W/audio_hw_generic( 1308): Hardware backing HAL too slow, could only write 0 of 661 frames
12-09 08:50:28.614 W/audio_hw_generic( 1308): Hardware backing HAL too slow, could only write 0 of 661 frames
12-09 08:50:28.624 W/audio_hw_generic( 1308): Hardware backing HAL too slow, could only write 0 of 661 frames
12-09 08:50:28.646 W/audio_hw_generic( 1308): Hardware backing HAL too slow, could only write 0 of 661 frames
12-09 08:50:28.687 W/audio_hw_generic( 1308): Not supplying enough data to HAL, expected position 56917188 , only wrote 56913422
12-09 08:50:28.790 E/SpannableStringBuilder(22064): SPAN_EXCLUSIVE_EXCLUSIVE spans cannot have a zero length
12-09 08:50:28.790 E/SpannableStringBuilder(22064): SPAN_EXCLUSIVE_EXCLUSIVE spans cannot have a zero length
12-09 08:50:28.827 I/System.out(22064): result:{"bonusInformation":[],"message":"","success":true}
12-09 08:50:29.006 I/System.out(22064): URI: //map
12-09 08:50:29.006 I/System.out(22064): params: {json={"query":"android.widget.EditText id:'volume'","operation":{"method_name":"query","arguments":[]}}
12-09 08:50:29.006 I/System.out(22064): }
12-09 08:50:29.104 W/ResourceType(22064): No package identifier when getting name for resource number 0x00000001
12-09 08:50:29.147 I/art     (22064): Background sticky concurrent mark sweep GC freed 39502(1826KB) AllocSpace objects, 8(160KB) LOS objects, 30% free, 2MB/4MB, paused 6.288ms total 136.232ms
12-09 08:50:29.310 I/art     (22064): Background partial concurrent mark sweep GC freed 34895(1706KB) AllocSpace objects, 3(60KB) LOS objects, 40% free, 2MB/4MB, paused 1.137ms total 111.944ms
12-09 08:50:29.312 I/System.out(22064): URI: //gesture
12-09 08:50:29.312 I/System.out(22064): params: {json={"query_timeout":5.0,"gestures":[{"query_string":"android.widget.EditText id:'volume'","touches":[{"x":50,"y":50,"offset_x":0,"offset_y":0,"wait":0.0,"time":0.2,"release":true,"query_string":null}]}]}
12-09 08:50:29.312 I/System.out(22064): }
12-09 08:50:29.798 W/ResourceType(22064): No package identifier when getting name for resource number 0x00000001
12-09 08:50:30.205 I/LatinIME( 1887): Starting input. Cursor position = 0,0
12-09 08:50:30.518 I/art     ( 1887): Background partial concurrent mark sweep GC freed 5618(419KB) AllocSpace objects, 3(60KB) LOS objects, 40% free, 2MB/3MB, paused 21.178ms total 163.001ms
12-09 08:50:30.906 I/System.out(22064): URI: //
12-09 08:50:30.906 I/System.out(22064): params: {json={"command":"set_selection","arguments":[-1,-1]}
12-09 08:50:30.906 I/System.out(22064): }
12-09 08:50:30.906 I/System.out(22064): header: {date=Sun, 09 Dec 2018 08:50:30 GMT, accept=*/*, content-length=47, host=127.0.0.1:34777, user-agent=HTTPClient/1.0 (2.8.3, ruby 2.3.1 (2016-04-26)), content-type=application/json;charset=utf-8}
12-09 08:50:30.906 I/System.out(22064): params: {json={"command":"set_selection","arguments":[-1,-1]}
12-09 08:50:30.906 I/System.out(22064): }
12-09 08:50:30.906 I/System.out(22064): ProP json = {"command":"set_selection","arguments":[-1,-1]}
12-09 08:50:30.906 I/System.out(22064): files: {}
12-09 08:50:30.906 I/System.out(22064): command: {"command":"set_selection","arguments":[-1,-1]}
12-09 08:50:30.907 I/InstrumentationBackend(22064): Got command:'Command:'Line:null,set_selection', arguments:'[-1, -1]'
12-09 08:50:30.913 I/System.out(22064): result:{"bonusInformation":[],"message":"","success":true}
12-09 08:50:31.050 I/System.out(22064): URI: //
12-09 08:50:31.050 I/System.out(22064): params: {json={"command":"keyboard_enter_text","arguments":["100"]}
12-09 08:50:31.050 I/System.out(22064): }
12-09 08:50:31.050 I/System.out(22064): header: {date=Sun, 09 Dec 2018 08:50:31 GMT, accept=*/*, content-length=53, host=127.0.0.1:34777, user-agent=HTTPClient/1.0 (2.8.3, ruby 2.3.1 (2016-04-26)), content-type=application/json;charset=utf-8}
12-09 08:50:31.050 I/System.out(22064): params: {json={"command":"keyboard_enter_text","arguments":["100"]}
12-09 08:50:31.050 I/System.out(22064): }
12-09 08:50:31.050 I/System.out(22064): ProP json = {"command":"keyboard_enter_text","arguments":["100"]}
12-09 08:50:31.050 I/System.out(22064): files: {}
12-09 08:50:31.050 I/System.out(22064): command: {"command":"keyboard_enter_text","arguments":["100"]}
12-09 08:50:31.051 I/InstrumentationBackend(22064): Got command:'Command:'Line:null,keyboard_enter_text', arguments:'[100]'
12-09 08:50:31.054 E/SpannableStringBuilder(22064): SPAN_EXCLUSIVE_EXCLUSIVE spans cannot have a zero length
12-09 08:50:31.054 E/SpannableStringBuilder(22064): SPAN_EXCLUSIVE_EXCLUSIVE spans cannot have a zero length
12-09 08:50:31.084 E/SpannableStringBuilder(22064): SPAN_EXCLUSIVE_EXCLUSIVE spans cannot have a zero length
12-09 08:50:31.084 E/SpannableStringBuilder(22064): SPAN_EXCLUSIVE_EXCLUSIVE spans cannot have a zero length
12-09 08:50:31.115 I/System.out(22064): result:{"bonusInformation":[],"message":"","success":true}
12-09 08:50:31.421 I/System.out(22064): URI: //map
12-09 08:50:31.421 I/System.out(22064): params: {json={"query":"android.widget.EditText id:'odometer'","operation":{"method_name":"query","arguments":[]}}
12-09 08:50:31.421 I/System.out(22064): }
12-09 08:50:31.569 I/art     (22064): Background sticky concurrent mark sweep GC freed 27085(1286KB) AllocSpace objects, 7(140KB) LOS objects, 22% free, 3MB/4MB, paused 5.380ms total 446.797ms
12-09 08:50:31.572 W/ResourceType(22064): No package identifier when getting name for resource number 0x00000001
12-09 08:50:32.212 I/art     (22064): Background partial concurrent mark sweep GC freed 45725(2MB) AllocSpace objects, 3(60KB) LOS objects, 39% free, 2MB/4MB, paused 1.219ms total 591.712ms
12-09 08:50:32.212 I/System.out(22064): URI: //gesture
12-09 08:50:32.212 I/System.out(22064): params: {json={"query_timeout":5.0,"gestures":[{"query_string":"android.widget.EditText id:'odometer'","touches":[{"x":50,"y":50,"offset_x":0,"offset_y":0,"wait":0.0,"time":0.2,"release":true,"query_string":null}]}]}
12-09 08:50:32.212 I/System.out(22064): }
12-09 08:50:32.246 W/ResourceType(22064): No package identifier when getting name for resource number 0x00000001
12-09 08:50:32.635 I/LatinIME( 1887): Starting input. Cursor position = 0,0
12-09 08:50:32.761 I/art     (22064): Background sticky concurrent mark sweep GC freed 40177(1721KB) AllocSpace objects, 1(20KB) LOS objects, 28% free, 2MB/4MB, paused 1.345ms total 130.459ms
12-09 08:50:33.282 I/System.out(22064): URI: //
12-09 08:50:33.283 I/System.out(22064): params: {json={"command":"set_selection","arguments":[-1,-1]}
12-09 08:50:33.283 I/System.out(22064): }
12-09 08:50:33.283 I/System.out(22064): header: {date=Sun, 09 Dec 2018 08:50:33 GMT, accept=*/*, content-length=47, host=127.0.0.1:34777, user-agent=HTTPClient/1.0 (2.8.3, ruby 2.3.1 (2016-04-26)), content-type=application/json;charset=utf-8}
12-09 08:50:33.283 I/System.out(22064): params: {json={"command":"set_selection","arguments":[-1,-1]}
12-09 08:50:33.283 I/System.out(22064): }
12-09 08:50:33.283 I/System.out(22064): ProP json = {"command":"set_selection","arguments":[-1,-1]}
12-09 08:50:33.283 I/System.out(22064): files: {}
12-09 08:50:33.283 I/System.out(22064): command: {"command":"set_selection","arguments":[-1,-1]}
12-09 08:50:33.285 I/InstrumentationBackend(22064): Got command:'Command:'Line:null,set_selection', arguments:'[-1, -1]'
12-09 08:50:33.307 I/System.out(22064): result:{"bonusInformation":[],"message":"","success":true}
12-09 08:50:33.579 I/System.out(22064): URI: //
12-09 08:50:33.579 I/System.out(22064): params: {json={"command":"keyboard_enter_text","arguments":["14"]}
12-09 08:50:33.579 I/System.out(22064): }
12-09 08:50:33.579 I/System.out(22064): header: {date=Sun, 09 Dec 2018 08:50:33 GMT, accept=*/*, content-length=52, host=127.0.0.1:34777, user-agent=HTTPClient/1.0 (2.8.3, ruby 2.3.1 (2016-04-26)), content-type=application/json;charset=utf-8}
12-09 08:50:33.579 I/System.out(22064): params: {json={"command":"keyboard_enter_text","arguments":["14"]}
12-09 08:50:33.579 I/System.out(22064): }
12-09 08:50:33.579 I/System.out(22064): ProP json = {"command":"keyboard_enter_text","arguments":["14"]}
12-09 08:50:33.579 I/System.out(22064): files: {}
12-09 08:50:33.579 I/System.out(22064): command: {"command":"keyboard_enter_text","arguments":["14"]}
12-09 08:50:33.580 I/InstrumentationBackend(22064): Got command:'Command:'Line:null,keyboard_enter_text', arguments:'[14]'
12-09 08:50:33.581 E/SpannableStringBuilder(22064): SPAN_EXCLUSIVE_EXCLUSIVE spans cannot have a zero length
12-09 08:50:33.581 E/SpannableStringBuilder(22064): SPAN_EXCLUSIVE_EXCLUSIVE spans cannot have a zero length
12-09 08:50:33.610 E/SpannableStringBuilder(22064): SPAN_EXCLUSIVE_EXCLUSIVE spans cannot have a zero length
12-09 08:50:33.610 E/SpannableStringBuilder(22064): SPAN_EXCLUSIVE_EXCLUSIVE spans cannot have a zero length
12-09 08:50:33.619 I/System.out(22064): result:{"bonusInformation":[],"message":"","success":true}
12-09 08:50:33.752 I/art     (22064): Background sticky concurrent mark sweep GC freed 31771(1551KB) AllocSpace objects, 7(140KB) LOS objects, 35% free, 2MB/4MB, paused 22.310ms total 133.373ms
12-09 08:50:34.730 I/System.out(22064): URI: //map
12-09 08:50:34.730 I/System.out(22064): params: {json={"query":"android.widget.Button index:2","operation":{"method_name":"query","arguments":[]}}
12-09 08:50:34.730 I/System.out(22064): }
12-09 08:50:34.930 I/System.out(22064): URI: //gesture
12-09 08:50:34.930 I/System.out(22064): params: {json={"query_timeout":5.0,"gestures":[{"query_string":"android.widget.Button index:2","touches":[{"x":50,"y":50,"offset_x":0,"offset_y":0,"wait":0.0,"time":0.2,"release":true,"query_string":null}]}]}
12-09 08:50:34.930 I/System.out(22064): }
12-09 08:50:34.934 I/art     (22064): Background sticky concurrent mark sweep GC freed 47411(2MB) AllocSpace objects, 2(40KB) LOS objects, 20% free, 3MB/4MB, paused 8.502ms total 130.493ms
12-09 08:50:35.476 W/audio_hw_generic( 1308): Hardware backing HAL too slow, could only write 0 of 661 frames
12-09 08:50:35.490 W/audio_hw_generic( 1308): Hardware backing HAL too slow, could only write 0 of 661 frames
12-09 08:50:35.500 I/art     (22064): Background sticky concurrent mark sweep GC freed 27997(1135KB) AllocSpace objects, 1(20KB) LOS objects, 2% free, 4MB/4MB, paused 1.077ms total 158.536ms
12-09 08:50:35.506 W/audio_hw_generic( 1308): Hardware backing HAL too slow, could only write 0 of 661 frames
12-09 08:50:35.676 W/audio_hw_generic( 1308): Hardware backing HAL too slow, could only write 0 of 661 frames
12-09 08:50:35.682 W/audio_hw_generic( 1308): Hardware backing HAL too slow, could only write 0 of 661 frames
12-09 08:50:35.695 W/audio_hw_generic( 1308): Hardware backing HAL too slow, could only write 0 of 661 frames
12-09 08:50:35.718 W/audio_hw_generic( 1308): Hardware backing HAL too slow, could only write 0 of 661 frames
12-09 08:50:35.730 W/audio_hw_generic( 1308): Hardware backing HAL too slow, could only write 0 of 661 frames
12-09 08:50:35.749 I/art     (22064): Background partial concurrent mark sweep GC freed 26957(1575KB) AllocSpace objects, 6(120KB) LOS objects, 39% free, 2MB/4MB, paused 64.870ms total 208.592ms
12-09 08:50:35.758 W/audio_hw_generic( 1308): Hardware backing HAL too slow, could only write 0 of 661 frames
12-09 08:50:35.802 W/audio_hw_generic( 1308): Hardware backing HAL too slow, could only write 0 of 661 frames
12-09 08:50:35.802 W/audio_hw_generic( 1308): Hardware backing HAL too slow, could only write 0 of 661 frames
12-09 08:50:35.833 W/audio_hw_generic( 1308): Hardware backing HAL too slow, could only write 0 of 661 frames
12-09 08:50:35.899 W/audio_hw_generic( 1308): Not supplying enough data to HAL, expected position 56934085 , only wrote 56933913
12-09 08:50:35.899 W/audio_hw_generic( 1308): Not supplying enough data to HAL, expected position 56933920 , only wrote 56933913
12-09 08:50:35.914 W/audio_hw_generic( 1308): Not supplying enough data to HAL, expected position 56934603 , only wrote 56934574
12-09 08:50:36.002 E/SurfaceFlinger( 1219): ro.sf.lcd_density must be defined as a build property
12-09 08:50:36.003 D/gralloc_ranchu( 1219): gralloc_alloc: Creating ashmem region of size 3686400
12-09 08:50:36.056 I/LatinIME( 1887): Starting input. Cursor position = -1,-1
12-09 08:50:36.075 I/Choreographer(22064): Skipped 45 frames!  The application may be doing too much work on its main thread.
12-09 08:50:36.138 D/        (22151): HostConnection::get() New Host Connection established 0x7fa298e12480, tid 22151
12-09 08:50:36.168 E/EGL_emulation( 1219): tid 1219: eglCreateSyncKHR(1881): error 0x3004 (EGL_BAD_ATTRIBUTE)
12-09 08:50:36.173 D/Mileage.ABS(22064): Finished backup
12-09 08:50:36.181 D/Mileage.ABS(22064): Not backing up; 37
12-09 08:50:36.184 D/Mileage.ABS(22064): Not backing up; 40
12-09 08:50:36.185 D/Mileage.ABS(22064): Not backing up; 41
12-09 08:50:36.262 W/audio_hw_generic( 1308): Not supplying enough data to HAL, expected position 56949884 , only wrote 56949777
12-09 08:50:36.455 W/audio_hw_generic( 1308): Hardware backing HAL too slow, could only write 0 of 661 frames
12-09 08:50:36.674 W/audio_hw_generic( 1308): Not supplying enough data to HAL, expected position 56967979 , only wrote 56967624
12-09 08:50:36.674 W/audio_hw_generic( 1308): Not supplying enough data to HAL, expected position 56967631 , only wrote 56967624
12-09 08:50:36.693 W/audio_hw_generic( 1308): Not supplying enough data to HAL, expected position 56968420 , only wrote 56968285
12-09 08:50:36.726 W/audio_hw_generic( 1308): Not supplying enough data to HAL, expected position 56969753 , only wrote 56969607
12-09 08:50:36.933 W/RichInputConnection( 1887): Slow InputConnection: GET_TEXT_BEFORE_CURSOR took 360 ms.
12-09 08:50:36.953 W/audio_hw_generic( 1308): Not supplying enough data to HAL, expected position 56979636 , only wrote 56979522
12-09 08:50:36.954 W/audio_hw_generic( 1308): Not supplying enough data to HAL, expected position 56979541 , only wrote 56979522
12-09 08:50:37.210 W/audio_hw_generic( 1308): Not supplying enough data to HAL, expected position 56990839 , only wrote 56990759
12-09 08:50:37.211 W/audio_hw_generic( 1308): Not supplying enough data to HAL, expected position 56990767 , only wrote 56990759
12-09 08:50:37.227 W/audio_hw_generic( 1308): Not supplying enough data to HAL, expected position 56991494 , only wrote 56991420
12-09 08:50:37.246 W/audio_hw_generic( 1308): Hardware backing HAL too slow, could only write 0 of 661 frames
12-09 08:50:37.248 I/InputAttributes( 1887): InputType.TYPE_NULL is specified
12-09 08:50:37.262 W/audio_hw_generic( 1308): Hardware backing HAL too slow, could only write 0 of 661 frames
12-09 08:50:37.298 W/audio_hw_generic( 1308): Hardware backing HAL too slow, could only write 0 of 661 frames
12-09 08:50:37.307 W/audio_hw_generic( 1308): Hardware backing HAL too slow, could only write 0 of 661 frames
12-09 08:50:37.326 W/audio_hw_generic( 1308): Hardware backing HAL too slow, could only write 0 of 661 frames
12-09 08:50:37.328 I/Choreographer( 1887): Skipped 76 frames!  The application may be doing too much work on its main thread.
12-09 08:50:37.337 W/audio_hw_generic( 1308): Hardware backing HAL too slow, could only write 0 of 661 frames
12-09 08:50:37.352 W/audio_hw_generic( 1308): Hardware backing HAL too slow, could only write 0 of 661 frames
12-09 08:50:37.353 I/System.out(22064): URI: //map
12-09 08:50:37.358 I/System.out(22064): params: {json={"query":"android.widget.ListView index:0 android.widget.TextView index:0","operation":{"method_name":"query","arguments":[]}}
12-09 08:50:37.358 I/System.out(22064): }
12-09 08:50:37.394 W/audio_hw_generic( 1308): Not supplying enough data to HAL, expected position 56998787 , only wrote 56998691
12-09 08:50:37.394 W/audio_hw_generic( 1308): Not supplying enough data to HAL, expected position 56998698 , only wrote 56998691
12-09 08:50:37.403 D/EGL_emulation( 1887): eglMakeCurrent: 0x7fc06d596060: ver 2 0 (tinfo 0x7fc0654ffbe0)
12-09 08:50:37.410 W/audio_hw_generic( 1308): Not supplying enough data to HAL, expected position 56999377 , only wrote 56999352
12-09 08:50:37.415 E/Surface ( 1887): getSlotFromBufferLocked: unknown buffer: 0x7fc063ff93c0
12-09 08:50:37.539 W/audio_hw_generic( 1308): Not supplying enough data to HAL, expected position 57005037 , only wrote 57004640
12-09 08:50:37.539 W/audio_hw_generic( 1308): Not supplying enough data to HAL, expected position 57004647 , only wrote 57004640
12-09 08:50:37.554 W/audio_hw_generic( 1308): Not supplying enough data to HAL, expected position 57005315 , only wrote 57005301
12-09 08:50:37.733 W/audio_hw_generic( 1308): Hardware backing HAL too slow, could only write 0 of 661 frames
12-09 08:50:37.748 W/audio_hw_generic( 1308): Hardware backing HAL too slow, could only write 0 of 661 frames
12-09 08:50:38.007 W/art     ( 1592): Long monitor contention event with owner method=void com.android.server.wm.WindowAnimator$1.doFrame(long) from WindowAnimator.java:121 waiters=0 for 162ms
12-09 08:50:38.095 W/audio_hw_generic( 1308): Not supplying enough data to HAL, expected position 57029134 , only wrote 57029097
12-09 08:50:38.261 W/audio_hw_generic( 1308): Not supplying enough data to HAL, expected position 57036426 , only wrote 57036368
12-09 08:50:38.261 W/audio_hw_generic( 1308): Not supplying enough data to HAL, expected position 57036380 , only wrote 57036368
12-09 08:50:38.282 W/audio_hw_generic( 1308): Not supplying enough data to HAL, expected position 57037292 , only wrote 57037029
12-09 08:50:38.297 W/audio_hw_generic( 1308): Hardware backing HAL too slow, could only write 0 of 661 frames
12-09 08:50:38.312 W/audio_hw_generic( 1308): Hardware backing HAL too slow, could only write 0 of 661 frames
12-09 08:50:38.440 I/System.out(22064): URI: //gesture
12-09 08:50:38.440 I/System.out(22064): params: {json={"query_timeout":5.0,"gestures":[{"query_string":"android.widget.ListView index:0 android.widget.TextView index:0","touches":[{"x":50,"y":50,"offset_x":0,"offset_y":0,"wait":0.0,"time":0.2,"release":true,"query_string":null}]}]}
12-09 08:50:38.440 I/System.out(22064): }
12-09 08:50:38.471 I/art     (22064): Background sticky concurrent mark sweep GC freed 61000(2MB) AllocSpace objects, 1(20KB) LOS objects, 7% free, 3MB/4MB, paused 21.224ms total 158.214ms
12-09 08:50:38.591 W/audio_hw_generic( 1308): Not supplying enough data to HAL, expected position 57061608 , only wrote 57048927
12-09 08:50:39.110 I/art     (22064): Background sticky concurrent mark sweep GC freed 29889(1424KB) AllocSpace objects, 1(20KB) LOS objects, 33% free, 2MB/4MB, paused 1.427ms total 119.884ms
12-09 08:50:39.127 I/ActivityManager( 1592): START u0 {cmp=com.evancharlton.mileage/.FillupInfoActivity (has extras)} from uid 10145 on display 0
12-09 08:50:39.206 D/AudioFlinger( 1308): mixer(0xf4300000) throttle end: throttle time(11)
12-09 08:50:39.230 W/audio_hw_generic( 1308): Hardware backing HAL too slow, could only write 0 of 661 frames
12-09 08:50:39.234 W/audio_hw_generic( 1308): Hardware backing HAL too slow, could only write 0 of 661 frames
12-09 08:50:39.250 W/audio_hw_generic( 1308): Hardware backing HAL too slow, could only write 0 of 661 frames
12-09 08:50:39.277 W/audio_hw_generic( 1308): Hardware backing HAL too slow, could only write 0 of 661 frames
12-09 08:50:39.372 I/calabash(22064): newActivity1
12-09 08:50:39.596 W/art     (22064): Suspending all threads took: 7.176ms
12-09 08:50:39.640 I/art     (22064): Background sticky concurrent mark sweep GC freed 17185(967KB) AllocSpace objects, 0(0B) LOS objects, 25% free, 3MB/4MB, paused 26.049ms total 107.082ms
12-09 08:50:39.673 E/SurfaceFlinger( 1219): ro.sf.lcd_density must be defined as a build property
12-09 08:50:39.734 W/audio_hw_generic( 1308): Not supplying enough data to HAL, expected position 57073741 , only wrote 57072723
12-09 08:50:39.735 W/audio_hw_generic( 1308): Not supplying enough data to HAL, expected position 57072730 , only wrote 57072723
12-09 08:50:39.750 W/audio_hw_generic( 1308): Not supplying enough data to HAL, expected position 57073424 , only wrote 57073384
12-09 08:50:39.809 D/gralloc_ranchu( 1219): gralloc_alloc: Creating ashmem region of size 3686400
12-09 08:50:39.878 W/audio_hw_generic( 1308): Hardware backing HAL too slow, could only write 0 of 661 frames
12-09 08:50:39.887 W/audio_hw_generic( 1308): Hardware backing HAL too slow, could only write 0 of 661 frames
12-09 08:50:39.899 D/        (22159): HostConnection::get() New Host Connection established 0x7f93868d2480, tid 22159
12-09 08:50:39.921 W/audio_hw_generic( 1308): Hardware backing HAL too slow, could only write 0 of 661 frames
12-09 08:50:39.922 E/EGL_emulation( 1219): tid 1219: eglCreateSyncKHR(1881): error 0x3004 (EGL_BAD_ATTRIBUTE)
12-09 08:50:39.931 W/audio_hw_generic( 1308): Hardware backing HAL too slow, could only write 0 of 661 frames
12-09 08:50:39.970 V/PhoneStatusBar( 1699): setLightsOn(true)
12-09 08:50:40.001 D/gralloc_ranchu( 1219): gralloc_alloc: Creating ashmem region of size 3686400
12-09 08:50:40.166 W/audio_hw_generic( 1308): Not supplying enough data to HAL, expected position 57091704 , only wrote 57086604
12-09 08:50:40.166 W/audio_hw_generic( 1308): Not supplying enough data to HAL, expected position 57086611 , only wrote 57086604
12-09 08:50:40.242 W/audio_hw_generic( 1308): Not supplying enough data to HAL, expected position 57089939 , only wrote 57087265
12-09 08:50:40.260 W/audio_hw_generic( 1308): Hardware backing HAL too slow, could only write 0 of 661 frames
12-09 08:50:40.291 W/audio_hw_generic( 1308): Hardware backing HAL too slow, could only write 0 of 661 frames
12-09 08:50:40.291 W/audio_hw_generic( 1308): Hardware backing HAL too slow, could only write 0 of 661 frames
12-09 08:50:40.346 W/audio_hw_generic( 1308): Hardware backing HAL too slow, could only write 0 of 661 frames
12-09 08:50:40.346 W/audio_hw_generic( 1308): Hardware backing HAL too slow, could only write 0 of 661 frames
12-09 08:50:40.377 W/audio_hw_generic( 1308): Hardware backing HAL too slow, could only write 0 of 661 frames
12-09 08:50:40.391 W/audio_hw_generic( 1308): Hardware backing HAL too slow, could only write 0 of 661 frames
12-09 08:50:40.415 W/audio_hw_generic( 1308): Hardware backing HAL too slow, could only write 0 of 661 frames
12-09 08:50:40.455 W/audio_hw_generic( 1308): Not supplying enough data to HAL, expected position 57096652 , only wrote 57095858
12-09 08:50:40.618 W/art     ( 1592): Long monitor contention event with owner method=void com.android.server.wm.WindowAnimator$1.doFrame(long) from WindowAnimator.java:121 waiters=1 for 255ms
12-09 08:50:40.739 W/art     ( 1592): Long monitor contention event with owner method=void com.android.server.wm.WindowAnimator$1.doFrame(long) from WindowAnimator.java:121 waiters=1 for 254ms
12-09 08:50:41.054 W/audio_hw_generic( 1308): Not supplying enough data to HAL, expected position 57122282 , only wrote 57110400
12-09 08:50:41.054 W/audio_hw_generic( 1308): Not supplying enough data to HAL, expected position 57110408 , only wrote 57110400
12-09 08:50:41.084 W/art     ( 1592): Long monitor contention event with owner method=void com.android.server.wm.WindowAnimator$1.doFrame(long) from WindowAnimator.java:121 waiters=1 for 467ms
12-09 08:50:41.124 I/System.out(22064): URI: //map
12-09 08:50:41.124 I/System.out(22064): params: {json={"query":"android.widget.Button index:1","operation":{"method_name":"query","arguments":[]}}
12-09 08:50:41.124 I/System.out(22064): }
12-09 08:50:41.134 W/audio_hw_generic( 1308): Hardware backing HAL too slow, could only write 0 of 661 frames
12-09 08:50:41.143 W/audio_hw_generic( 1308): Hardware backing HAL too slow, could only write 0 of 661 frames
12-09 08:50:41.197 W/audio_hw_generic( 1308): Not supplying enough data to HAL, expected position 57116718 , only wrote 57116349
12-09 08:50:41.197 W/audio_hw_generic( 1308): Not supplying enough data to HAL, expected position 57116358 , only wrote 57116349
12-09 08:50:41.218 W/audio_hw_generic( 1308): Not supplying enough data to HAL, expected position 57117243 , only wrote 57117010
12-09 08:50:41.224 W/art     ( 1592): Long monitor contention event with owner method=void com.android.server.wm.WindowAnimator$1.doFrame(long) from WindowAnimator.java:121 waiters=1 for 485ms
12-09 08:50:41.231 W/art     ( 1592): Long monitor contention event with owner method=java.util.List com.android.server.am.ActivityManagerService.getAllStackInfos() from ActivityManagerService.java:8937 waiters=0 for 875ms
12-09 08:50:41.331 D/gralloc_ranchu( 1219): gralloc_alloc: Creating ashmem region of size 3686400
12-09 08:50:41.526 W/audio_hw_generic( 1308): Hardware backing HAL too slow, could only write 0 of 661 frames
12-09 08:50:41.541 W/audio_hw_generic( 1308): Hardware backing HAL too slow, could only write 0 of 661 frames
12-09 08:50:41.556 W/audio_hw_generic( 1308): Hardware backing HAL too slow, could only write 0 of 661 frames
12-09 08:50:41.586 W/audio_hw_generic( 1308): Hardware backing HAL too slow, could only write 0 of 661 frames
12-09 08:50:41.639 I/ActivityManager( 1592): Displayed com.evancharlton.mileage/.FillupInfoActivity: +2s344ms
12-09 08:50:41.821 W/audio_hw_generic( 1308): Not supplying enough data to HAL, expected position 57143632 , only wrote 57143450
12-09 08:50:41.822 W/audio_hw_generic( 1308): Not supplying enough data to HAL, expected position 57143457 , only wrote 57143450
12-09 08:50:41.842 W/audio_hw_generic( 1308): Not supplying enough data to HAL, expected position 57144344 , only wrote 57144111
12-09 08:50:41.906 W/art     ( 1592): Long monitor contention event with owner method=void com.android.server.wm.WindowAnimator$1.doFrame(long) from WindowAnimator.java:121 waiters=0 for 181ms
12-09 08:50:42.013 I/art     (22064): Background partial concurrent mark sweep GC freed 46113(2MB) AllocSpace objects, 4(80KB) LOS objects, 39% free, 2MB/4MB, paused 10.251ms total 297.280ms
12-09 08:50:42.024 I/System.out(22064): URI: //gesture
12-09 08:50:42.024 I/System.out(22064): params: {json={"query_timeout":5.0,"gestures":[{"query_string":"android.widget.Button index:1","touches":[{"x":50,"y":50,"offset_x":0,"offset_y":0,"wait":0.0,"time":0.2,"release":true,"query_string":null}]}]}
12-09 08:50:42.024 I/System.out(22064): }
12-09 08:50:42.082 W/audio_hw_generic( 1308): Not supplying enough data to HAL, expected position 57154692 , only wrote 57154687
12-09 08:50:42.082 W/audio_hw_generic( 1308): Not supplying enough data to HAL, expected position 57154694 , only wrote 57154687
12-09 08:50:42.098 W/audio_hw_generic( 1308): Not supplying enough data to HAL, expected position 57155395 , only wrote 57155348
12-09 08:50:42.294 W/audio_hw_generic( 1308): Not supplying enough data to HAL, expected position 57171761 , only wrote 57163941
12-09 08:50:42.777 I/ActivityManager( 1592): START u0 {cmp=com.evancharlton.mileage/.FillupInfoActivity (has extras)} from uid 10145 on display 0
12-09 08:50:42.858 I/art     (22064): WaitForGcToComplete blocked for 36.521ms for cause Background
12-09 08:50:42.862 W/audio_hw_generic( 1308): Hardware backing HAL too slow, could only write 0 of 661 frames
12-09 08:50:42.868 W/audio_hw_generic( 1308): Hardware backing HAL too slow, could only write 0 of 661 frames
12-09 08:50:42.880 D/AudioFlinger( 1308): mixer(0xf4300000) throttle end: throttle time(18)
12-09 08:50:42.895 W/audio_hw_generic( 1308): Hardware backing HAL too slow, could only write 0 of 661 frames
12-09 08:50:42.902 W/audio_hw_generic( 1308): Hardware backing HAL too slow, could only write 0 of 661 frames
12-09 08:50:42.925 W/audio_hw_generic( 1308): Hardware backing HAL too slow, could only write 0 of 661 frames
12-09 08:50:42.999 I/calabash(22064): newActivity1
12-09 08:50:43.011 I/art     (22064): Background sticky concurrent mark sweep GC freed 42550(1885KB) AllocSpace objects, 1(20KB) LOS objects, 32% free, 3MB/4MB, paused 1.300ms total 146.817ms
12-09 08:50:43.182 W/audio_hw_generic( 1308): Not supplying enough data to HAL, expected position 57180493 , only wrote 57180466
12-09 08:50:43.206 W/audio_hw_generic( 1308): Hardware backing HAL too slow, could only write 0 of 661 frames
12-09 08:50:43.240 W/audio_hw_generic( 1308): Hardware backing HAL too slow, could only write 0 of 661 frames
12-09 08:50:43.244 W/audio_hw_generic( 1308): Not supplying enough data to HAL, expected position 57183208 , only wrote 57183110
12-09 08:50:43.244 W/audio_hw_generic( 1308): Hardware backing HAL too slow, could only write 0 of 661 frames
12-09 08:50:43.262 W/audio_hw_generic( 1308): Not supplying enough data to HAL, expected position 57183900 , only wrote 57183771
12-09 08:50:43.262 W/audio_hw_generic( 1308): Hardware backing HAL too slow, could only write 0 of 661 frames
12-09 08:50:43.262 W/audio_hw_generic( 1308): Hardware backing HAL too slow, could only write 0 of 661 frames
12-09 08:50:43.294 W/audio_hw_generic( 1308): Hardware backing HAL too slow, could only write 0 of 661 frames
12-09 08:50:43.300 V/PhoneStatusBar( 1699): setLightsOn(true)
12-09 08:50:43.301 D/gralloc_ranchu( 1219): gralloc_alloc: Creating ashmem region of size 3686400
12-09 08:50:43.314 W/audio_hw_generic( 1308): Hardware backing HAL too slow, could only write 0 of 661 frames
12-09 08:50:43.334 W/audio_hw_generic( 1308): Hardware backing HAL too slow, could only write 0 of 661 frames
12-09 08:50:43.377 W/audio_hw_generic( 1308): Hardware backing HAL too slow, could only write 0 of 661 frames
12-09 08:50:43.415 W/audio_hw_generic( 1308): Not supplying enough data to HAL, expected position 57190523 , only wrote 57188398
12-09 08:50:43.415 W/audio_hw_generic( 1308): Not supplying enough data to HAL, expected position 57188405 , only wrote 57188398
12-09 08:50:43.415 W/audio_hw_generic( 1308): Hardware backing HAL too slow, could only write 0 of 661 frames
12-09 08:50:43.438 W/audio_hw_generic( 1308): Not supplying enough data to HAL, expected position 57189393 , only wrote 57189059
12-09 08:50:43.438 W/audio_hw_generic( 1308): Hardware backing HAL too slow, could only write 0 of 661 frames
12-09 08:50:43.438 W/audio_hw_generic( 1308): Hardware backing HAL too slow, could only write 0 of 661 frames
12-09 08:50:43.452 W/audio_hw_generic( 1308): Hardware backing HAL too slow, could only write 0 of 661 frames
12-09 08:50:43.497 W/audio_hw_generic( 1308): Hardware backing HAL too slow, could only write 0 of 661 frames
12-09 08:50:43.621 E/SurfaceFlinger( 1219): ro.sf.lcd_density must be defined as a build property
12-09 08:50:43.643 W/audio_hw_generic( 1308): Not supplying enough data to HAL, expected position 57198093 , only wrote 57196330
12-09 08:50:43.643 W/audio_hw_generic( 1308): Not supplying enough data to HAL, expected position 57196337 , only wrote 57196330
12-09 08:50:43.658 W/audio_hw_generic( 1308): Not supplying enough data to HAL, expected position 57196995 , only wrote 57196991
12-09 08:50:43.735 D/hwcomposer( 1219): hw_composer sent 561 syncs in 60s
12-09 08:50:43.736 D/gralloc_ranchu( 1219): gralloc_alloc: Creating ashmem region of size 3686400
12-09 08:50:43.773 D/        (22165): HostConnection::get() New Host Connection established 0x7fb07e6d2480, tid 22165
12-09 08:50:43.824 E/EGL_emulation( 1219): tid 1219: eglCreateSyncKHR(1881): error 0x3004 (EGL_BAD_ATTRIBUTE)
12-09 08:50:43.870 W/audio_hw_generic( 1308): Not supplying enough data to HAL, expected position 57206352 , only wrote 57206245
12-09 08:50:43.956 W/audio_hw_generic( 1308): Not supplying enough data to HAL, expected position 57210035 , only wrote 57209550
12-09 08:50:43.956 W/audio_hw_generic( 1308): Not supplying enough data to HAL, expected position 57209557 , only wrote 57209550
12-09 08:50:43.976 W/audio_hw_generic( 1308): Not supplying enough data to HAL, expected position 57210445 , only wrote 57210211
12-09 08:50:44.004 D/gralloc_ranchu( 1219): gralloc_alloc: Creating ashmem region of size 3686400
12-09 08:50:44.023 W/audio_hw_generic( 1308): Hardware backing HAL too slow, could only write 0 of 661 frames
12-09 08:50:44.052 W/audio_hw_generic( 1308): Hardware backing HAL too slow, could only write 0 of 661 frames
12-09 08:50:44.070 W/audio_hw_generic( 1308): Hardware backing HAL too slow, could only write 0 of 661 frames
12-09 08:50:44.082 W/audio_hw_generic( 1308): Hardware backing HAL too slow, could only write 0 of 661 frames
