--------- beginning of main
12-09 08:19:24.695 W/audio_hw_generic( 1308): Not supplying enough data to HAL, expected position 30653381 , only wrote 30652553
12-09 08:19:24.709 E/EGL_emulation( 1223): tid 1223: eglCreateSyncKHR(1881): error 0x3004 (EGL_BAD_ATTRIBUTE)
12-09 08:19:24.865 W/audio_hw_generic( 1308): Hardware backing HAL too slow, could only write 0 of 661 frames
--------- beginning of system
12-09 08:19:24.890 W/ActivityManager( 1591): Finishing task with all activities already finished
12-09 08:19:24.890 W/ActivityManager( 1591): Duplicate finish request for ActivityRecord{339aab5 u0 com.evancharlton.mileage/.Mileage t433 f}
12-09 08:19:24.890 W/ActivityManager( 1591): Finishing task with all activities already finished
12-09 08:19:24.890 W/ActivityManager( 1591): Duplicate finish request for ActivityRecord{339aab5 u0 com.evancharlton.mileage/.Mileage t433 f}
12-09 08:19:24.890 W/ActivityManager( 1591): Finishing task with all activities already finished
12-09 08:19:24.890 W/ActivityManager( 1591): Duplicate finish request for ActivityRecord{339aab5 u0 com.evancharlton.mileage/.Mileage t433 f}
12-09 08:19:25.043 W/audio_hw_generic( 1308): Not supplying enough data to HAL, expected position 30667889 , only wrote 30667756
12-09 08:19:25.043 W/audio_hw_generic( 1308): Not supplying enough data to HAL, expected position 30667762 , only wrote 30667756
12-09 08:19:25.091 D/EGL_emulation( 2738): eglMakeCurrent: 0x7f1cf5c9c580: ver 2 0 (tinfo 0x7f1cee30fec0)
12-09 08:19:25.159 I/art     ( 1591): Background partial concurrent mark sweep GC freed 4626(354KB) AllocSpace objects, 2(40KB) LOS objects, 29% free, 9MB/13MB, paused 1.373ms total 384.892ms
12-09 08:19:25.254 W/audio_hw_generic( 1308): Hardware backing HAL too slow, could only write 0 of 661 frames
12-09 08:19:25.358 W/audio_hw_generic( 1308): Not supplying enough data to HAL, expected position 30694509 , only wrote 30681637
12-09 08:19:25.587 D/AndroidRuntime(14384): >>>>>> START com.android.internal.os.RuntimeInit uid 0 <<<<<<
12-09 08:19:25.589 D/AndroidRuntime(14384): CheckJNI is ON
12-09 08:19:25.635 D/ICU     (14384): No timezone override file found: /data/misc/zoneinfo/current/icu/icu_tzdata.dat
12-09 08:19:25.720 I/Choreographer( 2738): Skipped 34 frames!  The application may be doing too much work on its main thread.
12-09 08:19:25.749 E/memtrack(14384): Couldn't load memtrack module (No such file or directory)
12-09 08:19:25.755 E/android.os.Debug(14384): failed to load memtrack module: -2
12-09 08:19:25.756 I/Radio-JNI(14384): register_android_hardware_Radio DONE
12-09 08:19:25.812 D/AndroidRuntime(14384): Calling main entry com.android.commands.am.Am
12-09 08:19:25.820 I/ActivityManager( 1591): Force stopping com.evancharlton.mileage appid=10133 user=0: start instr
12-09 08:19:25.820 I/ActivityManager( 1591): Killing 14345:com.evancharlton.mileage/u0a133 (adj 0): stop com.evancharlton.mileage
12-09 08:19:25.885 W/InputDispatcher( 1591): channel '9e45508 com.evancharlton.mileage/com.evancharlton.mileage.Mileage (server)' ~ Consumer closed input channel or an error occurred.  events=0x9
12-09 08:19:25.885 E/InputDispatcher( 1591): channel '9e45508 com.evancharlton.mileage/com.evancharlton.mileage.Mileage (server)' ~ Channel is unrecoverably broken and will be disposed!
12-09 08:19:25.885 W/InputDispatcher( 1591): channel '824e89e PopupWindow:16cf0e (server)' ~ Consumer closed input channel or an error occurred.  events=0x9
12-09 08:19:25.885 E/InputDispatcher( 1591): channel '824e89e PopupWindow:16cf0e (server)' ~ Channel is unrecoverably broken and will be disposed!
12-09 08:19:26.089 W/art     ( 1591): Long monitor contention event with owner method=void com.android.server.wm.WindowAnimator$1.doFrame(long) from WindowAnimator.java:121 waiters=1 for 196ms
12-09 08:19:26.224 W/art     ( 1591): Long monitor contention event with owner method=void com.android.server.wm.WindowAnimator$1.doFrame(long) from WindowAnimator.java:121 waiters=2 for 331ms
12-09 08:19:26.360 W/art     ( 1591): Long monitor contention event with owner method=void com.android.server.wm.WindowAnimator$1.doFrame(long) from WindowAnimator.java:121 waiters=3 for 467ms
12-09 08:19:26.610 W/art     ( 1591): Long monitor contention event with owner method=void com.android.server.wm.WindowAnimator$1.doFrame(long) from WindowAnimator.java:121 waiters=4 for 716ms
12-09 08:19:26.687 W/art     ( 1591): Long monitor contention event with owner method=void com.android.server.wm.WindowAnimator$1.doFrame(long) from WindowAnimator.java:121 waiters=4 for 716ms
12-09 08:19:26.696 W/art     ( 1591): Long monitor contention event with owner method=void com.android.server.wm.WindowAnimator$1.doFrame(long) from WindowAnimator.java:121 waiters=4 for 607ms
12-09 08:19:26.697 I/Choreographer( 2738): Skipped 56 frames!  The application may be doing too much work on its main thread.
12-09 08:19:26.890 W/art     ( 1591): Long monitor contention event with owner method=void com.android.server.wm.WindowAnimator$1.doFrame(long) from WindowAnimator.java:121 waiters=4 for 666ms
12-09 08:19:26.894 W/WindowAnimator( 1591): Failed to dispatch window animation state change.
12-09 08:19:26.894 W/WindowAnimator( 1591): android.os.DeadObjectException
12-09 08:19:26.894 W/WindowAnimator( 1591): 	at android.os.BinderProxy.transactNative(Native Method)
12-09 08:19:26.894 W/WindowAnimator( 1591): 	at android.os.BinderProxy.transact(Binder.java:503)
12-09 08:19:26.894 W/WindowAnimator( 1591): 	at android.view.IWindow$Stub$Proxy.onAnimationStarted(IWindow.java:520)
12-09 08:19:26.894 W/WindowAnimator( 1591): 	at com.android.server.wm.WindowAnimator.updateWindowsLocked(WindowAnimator.java:282)
12-09 08:19:26.894 W/WindowAnimator( 1591): 	at com.android.server.wm.WindowAnimator.animateLocked(WindowAnimator.java:678)
12-09 08:19:26.894 W/WindowAnimator( 1591): 	at com.android.server.wm.WindowAnimator.-wrap0(WindowAnimator.java)
12-09 08:19:26.894 W/WindowAnimator( 1591): 	at com.android.server.wm.WindowAnimator$1.doFrame(WindowAnimator.java:123)
12-09 08:19:26.894 W/WindowAnimator( 1591): 	at android.view.Choreographer$CallbackRecord.run(Choreographer.java:856)
12-09 08:19:26.894 W/WindowAnimator( 1591): 	at android.view.Choreographer.doCallbacks(Choreographer.java:670)
12-09 08:19:26.894 W/WindowAnimator( 1591): 	at android.view.Choreographer.doFrame(Choreographer.java:603)
12-09 08:19:26.894 W/WindowAnimator( 1591): 	at android.view.Choreographer$FrameDisplayEventReceiver.run(Choreographer.java:844)
12-09 08:19:26.894 W/WindowAnimator( 1591): 	at android.os.Handler.handleCallback(Handler.java:739)
12-09 08:19:26.894 W/WindowAnimator( 1591): 	at android.os.Handler.dispatchMessage(Handler.java:95)
12-09 08:19:26.894 W/WindowAnimator( 1591): 	at android.os.Looper.loop(Looper.java:148)
12-09 08:19:26.894 W/WindowAnimator( 1591): 	at android.os.HandlerThread.run(HandlerThread.java:61)
12-09 08:19:26.894 W/WindowAnimator( 1591): 	at com.android.server.ServiceThread.run(ServiceThread.java:46)
12-09 08:19:26.894 W/WindowAnimator( 1591): Failed to dispatch window animation state change.
12-09 08:19:26.894 W/WindowAnimator( 1591): android.os.DeadObjectException
12-09 08:19:26.894 W/WindowAnimator( 1591): 	at android.os.BinderProxy.transactNative(Native Method)
12-09 08:19:26.894 W/WindowAnimator( 1591): 	at android.os.BinderProxy.transact(Binder.java:503)
12-09 08:19:26.894 W/WindowAnimator( 1591): 	at android.view.IWindow$Stub$Proxy.onAnimationStarted(IWindow.java:520)
12-09 08:19:26.894 W/WindowAnimator( 1591): 	at com.android.server.wm.WindowAnimator.updateWindowsLocked(WindowAnimator.java:282)
12-09 08:19:26.894 W/WindowAnimator( 1591): 	at com.android.server.wm.WindowAnimator.animateLocked(WindowAnimator.java:678)
12-09 08:19:26.894 W/WindowAnimator( 1591): 	at com.android.server.wm.WindowAnimator.-wrap0(WindowAnimator.java)
12-09 08:19:26.894 W/WindowAnimator( 1591): 	at com.android.server.wm.WindowAnimator$1.doFrame(WindowAnimator.java:123)
12-09 08:19:26.894 W/WindowAnimator( 1591): 	at android.view.Choreographer$CallbackRecord.run(Choreographer.java:856)
12-09 08:19:26.894 W/WindowAnimator( 1591): 	at android.view.Choreographer.doCallbacks(Choreographer.java:670)
12-09 08:19:26.894 W/WindowAnimator( 1591): 	at android.view.Choreographer.doFrame(Choreographer.java:603)
12-09 08:19:26.894 W/WindowAnimator( 1591): 	at android.view.Choreographer$FrameDisplayEventReceiver.run(Choreographer.java:844)
12-09 08:19:26.894 W/WindowAnimator( 1591): 	at android.os.Handler.handleCallback(Handler.java:739)
12-09 08:19:26.894 W/WindowAnimator( 1591): 	at android.os.Handler.dispatchMessage(Handler.java:95)
12-09 08:19:26.894 W/WindowAnimator( 1591): 	at android.os.Looper.loop(Looper.java:148)
12-09 08:19:26.894 W/WindowAnimator( 1591): 	at android.os.HandlerThread.run(HandlerThread.java:61)
12-09 08:19:26.894 W/WindowAnimator( 1591): 	at com.android.server.ServiceThread.run(ServiceThread.java:46)
12-09 08:19:26.905 W/art     ( 1591): Long monitor contention event with owner method=void com.android.server.wm.WindowAnimator$1.doFrame(long) from WindowAnimator.java:121 waiters=4 for 534ms
12-09 08:19:27.021 W/art     ( 1591): Long monitor contention event with owner method=void com.android.server.wm.WindowAnimator$1.doFrame(long) from WindowAnimator.java:121 waiters=4 for 411ms
12-09 08:19:27.021 W/art     ( 1591): Long monitor contention event with owner method=void com.android.server.wm.WindowAnimator$1.doFrame(long) from WindowAnimator.java:121 waiters=3 for 324ms
12-09 08:19:27.021 I/WindowState( 1591): WIN DEATH: Window{824e89e u0 PopupWindow:16cf0e}
12-09 08:19:27.021 W/InputDispatcher( 1591): Attempted to unregister already unregistered input channel '824e89e PopupWindow:16cf0e (server)'
12-09 08:19:27.027 I/WindowState( 1591): WIN DEATH: Window{9e45508 u0 com.evancharlton.mileage/com.evancharlton.mileage.Mileage}
12-09 08:19:27.027 W/InputDispatcher( 1591): Attempted to unregister already unregistered input channel '9e45508 com.evancharlton.mileage/com.evancharlton.mileage.Mileage (server)'
12-09 08:19:27.028 W/ActivityManager( 1591): Crash of app com.evancharlton.mileage running instrumentation ComponentInfo{com.evancharlton.mileage.test/sh.calaba.instrumentationbackend.CalabashInstrumentationTestRunner}
12-09 08:19:27.028 I/ActivityManager( 1591): Force stopping com.evancharlton.mileage appid=10133 user=0: finished inst
12-09 08:19:27.051 I/ActivityManager( 1591): Start proc 14393:com.evancharlton.mileage/u0a133 for added application com.evancharlton.mileage
12-09 08:19:27.051 W/art     ( 1591): Long monitor contention event with owner method=boolean com.android.server.am.ActivityManagerService.startInstrumentation(android.content.ComponentName, java.lang.String, int, android.os.Bundle, android.app.IInstrumentationWatcher, android.app.IUiAutomationConnection, int, java.lang.String) from ActivityManagerService.java:17066 waiters=0 for 1.230s
12-09 08:19:27.052 W/art     ( 1591): Long monitor contention event with owner method=boolean com.android.server.am.ActivityManagerService.startInstrumentation(android.content.ComponentName, java.lang.String, int, android.os.Bundle, android.app.IInstrumentationWatcher, android.app.IUiAutomationConnection, int, java.lang.String) from ActivityManagerService.java:17066 waiters=1 for 1.158s
12-09 08:19:27.055 W/art     ( 1591): Long monitor contention event with owner method=boolean com.android.server.am.ActivityManagerService.startInstrumentation(android.content.ComponentName, java.lang.String, int, android.os.Bundle, android.app.IInstrumentationWatcher, android.app.IUiAutomationConnection, int, java.lang.String) from ActivityManagerService.java:17066 waiters=2 for 1.009s
12-09 08:19:27.084 D/AndroidRuntime(14384): Shutting down VM
12-09 08:19:27.604 W/WindowAnimator( 1591): Failed to dispatch window animation state change.
12-09 08:19:27.604 W/WindowAnimator( 1591): android.os.DeadObjectException
12-09 08:19:27.604 W/WindowAnimator( 1591): 	at android.os.BinderProxy.transactNative(Native Method)
12-09 08:19:27.604 W/WindowAnimator( 1591): 	at android.os.BinderProxy.transact(Binder.java:503)
12-09 08:19:27.604 W/WindowAnimator( 1591): 	at android.view.IWindow$Stub$Proxy.onAnimationStopped(IWindow.java:534)
12-09 08:19:27.604 W/WindowAnimator( 1591): 	at com.android.server.wm.WindowAnimator.updateWindowsLocked(WindowAnimator.java:286)
12-09 08:19:27.604 W/WindowAnimator( 1591): 	at com.android.server.wm.WindowAnimator.animateLocked(WindowAnimator.java:678)
12-09 08:19:27.604 W/WindowAnimator( 1591): 	at com.android.server.wm.WindowAnimator.-wrap0(WindowAnimator.java)
12-09 08:19:27.604 W/WindowAnimator( 1591): 	at com.android.server.wm.WindowAnimator$1.doFrame(WindowAnimator.java:123)
12-09 08:19:27.604 W/WindowAnimator( 1591): 	at android.view.Choreographer$CallbackRecord.run(Choreographer.java:856)
12-09 08:19:27.604 W/WindowAnimator( 1591): 	at android.view.Choreographer.doCallbacks(Choreographer.java:670)
12-09 08:19:27.604 W/WindowAnimator( 1591): 	at android.view.Choreographer.doFrame(Choreographer.java:603)
12-09 08:19:27.604 W/WindowAnimator( 1591): 	at android.view.Choreographer$FrameDisplayEventReceiver.run(Choreographer.java:844)
12-09 08:19:27.604 W/WindowAnimator( 1591): 	at android.os.Handler.handleCallback(Handler.java:739)
12-09 08:19:27.604 W/WindowAnimator( 1591): 	at android.os.Handler.dispatchMessage(Handler.java:95)
12-09 08:19:27.604 W/WindowAnimator( 1591): 	at android.os.Looper.loop(Looper.java:148)
12-09 08:19:27.604 W/WindowAnimator( 1591): 	at android.os.HandlerThread.run(HandlerThread.java:61)
12-09 08:19:27.604 W/WindowAnimator( 1591): 	at com.android.server.ServiceThread.run(ServiceThread.java:46)
12-09 08:19:27.604 W/WindowAnimator( 1591): Failed to dispatch window animation state change.
12-09 08:19:27.604 W/WindowAnimator( 1591): android.os.DeadObjectException
12-09 08:19:27.604 W/WindowAnimator( 1591): 	at android.os.BinderProxy.transactNative(Native Method)
12-09 08:19:27.604 W/WindowAnimator( 1591): 	at android.os.BinderProxy.transact(Binder.java:503)
12-09 08:19:27.604 W/WindowAnimator( 1591): 	at android.view.IWindow$Stub$Proxy.onAnimationStopped(IWindow.java:534)
12-09 08:19:27.604 W/WindowAnimator( 1591): 	at com.android.server.wm.WindowAnimator.updateWindowsLocked(WindowAnimator.java:286)
12-09 08:19:27.604 W/WindowAnimator( 1591): 	at com.android.server.wm.WindowAnimator.animateLocked(WindowAnimator.java:678)
12-09 08:19:27.604 W/WindowAnimator( 1591): 	at com.android.server.wm.WindowAnimator.-wrap0(WindowAnimator.java)
12-09 08:19:27.604 W/WindowAnimator( 1591): 	at com.android.server.wm.WindowAnimator$1.doFrame(WindowAnimator.java:123)
12-09 08:19:27.604 W/WindowAnimator( 1591): 	at android.view.Choreographer$CallbackRecord.run(Choreographer.java:856)
12-09 08:19:27.604 W/WindowAnimator( 1591): 	at android.view.Choreographer.doCallbacks(Choreographer.java:670)
12-09 08:19:27.604 W/WindowAnimator( 1591): 	at android.view.Choreographer.doFrame(Choreographer.java:603)
12-09 08:19:27.604 W/WindowAnimator( 1591): 	at android.view.Choreographer$FrameDisplayEventReceiver.run(Choreographer.java:844)
12-09 08:19:27.604 W/WindowAnimator( 1591): 	at android.os.Handler.handleCallback(Handler.java:739)
12-09 08:19:27.604 W/WindowAnimator( 1591): 	at android.os.Handler.dispatchMessage(Handler.java:95)
12-09 08:19:27.604 W/WindowAnimator( 1591): 	at android.os.Looper.loop(Looper.java:148)
12-09 08:19:27.604 W/WindowAnimator( 1591): 	at android.os.HandlerThread.run(HandlerThread.java:61)
12-09 08:19:27.604 W/WindowAnimator( 1591): 	at com.android.server.ServiceThread.run(ServiceThread.java:46)
12-09 08:19:27.719 W/art     ( 1591): Long monitor contention event with owner method=void com.android.server.wm.WindowAnimator$1.doFrame(long) from WindowAnimator.java:121 waiters=1 for 277ms
12-09 08:19:27.721 W/art     ( 1591): Long monitor contention event with owner method=java.util.List com.android.server.am.ActivityManagerService.getAllStackInfos() from ActivityManagerService.java:8937 waiters=0 for 620ms
12-09 08:19:27.744 I/Choreographer( 1718): Skipped 39 frames!  The application may be doing too much work on its main thread.
12-09 08:19:27.753 W/System  (14393): ClassLoader referenced unknown path: /data/app/com.evancharlton.mileage.test-1/lib/x86_64
12-09 08:19:27.753 W/System  (14393): ClassLoader referenced unknown path: /data/app/com.evancharlton.mileage-1/lib/x86_64
12-09 08:19:27.969 I/art     (14393): Background partial concurrent mark sweep GC freed 40084(1418KB) AllocSpace objects, 0(0B) LOS objects, 61% free, 646KB/1670KB, paused 40.367ms total 190.823ms
12-09 08:19:28.016 I/System.out(14393): Main activity name automatically set to: com.evancharlton.mileage.Mileage
12-09 08:19:28.016 I/System.out(14393): Calabash did not load Mono. This is only a problem if you are trying to test a Mono application
12-09 08:19:28.016 I/calabash(14393): Test server port: 7102
12-09 08:19:28.017 I/InstrumentationBackend(14393): Added:'GetPreferences', with key:'get_preferences'
12-09 08:19:28.099 I/InstrumentationBackend(14393): Added:'SetPreferences', with key:'set_preferences'
12-09 08:19:28.100 I/InstrumentationBackend(14393): Added:'ClearPreferences', with key:'clear_preferences'
12-09 08:19:28.100 I/InstrumentationBackend(14393): Added:'PressElement', with key:'press_l10n_element'
12-09 08:19:28.100 I/InstrumentationBackend(14393): Added:'WaitForElement', with key:'wait_for_l10n_element'
12-09 08:19:28.100 I/InstrumentationBackend(14393): Added:'NullAction', with key:'nullAction'
12-09 08:19:28.101 I/InstrumentationBackend(14393): Added:'PressKey', with key:'press_key'
12-09 08:19:28.101 I/InstrumentationBackend(14393): Added:'SetActivityOrientation', with key:'set_activity_orientation'
12-09 08:19:28.101 I/InstrumentationBackend(14393): Added:'GetActivityOrientation', with key:'get_activity_orientation'
12-09 08:19:28.101 I/InstrumentationBackend(14393): Added:'FakeGPSLocation', with key:'set_gps_coordinates'
12-09 08:19:28.101 I/InstrumentationBackend(14393): Added:'SetPropertyByCssSelector', with key:'set_property_by_css_selector'
12-09 08:19:28.101 I/InstrumentationBackend(14393): Added:'GetUrl', with key:'get_url'
12-09 08:19:28.111 I/InstrumentationBackend(14393): Added:'ScrollTo', with key:'scroll_to'
12-09 08:19:28.112 I/InstrumentationBackend(14393): Added:'GetLoadProgress', with key:'get_load_progress'
12-09 08:19:28.112 I/InstrumentationBackend(14393): Added:'DumpHtml', with key:'dump_html'
12-09 08:19:28.112 I/InstrumentationBackend(14393): Added:'DumpBodyHtml', with key:'dump_body_html'
12-09 08:19:28.112 I/InstrumentationBackend(14393): Added:'EnterTextByCssSelector', with key:'enter_text_by_selector'
12-09 08:19:28.113 I/InstrumentationBackend(14393): Added:'AndroidSDKVersion', with key:'android_sdk_version'
12-09 08:19:28.113 I/InstrumentationBackend(14393): Added:'Version', with key:'version'
12-09 08:19:28.114 I/InstrumentationBackend(14393): Added:'Drag', with key:'drag'
12-09 08:19:28.114 I/InstrumentationBackend(14393): Added:'TouchCoordinates', with key:'touch_coordinate'
12-09 08:19:28.114 I/InstrumentationBackend(14393): Added:'LongPressCoordinate', with key:'long_press_coordinate'
12-09 08:19:28.114 I/InstrumentationBackend(14393): Added:'DragCoordinates', with key:'drag_coordinates'
12-09 08:19:28.114 I/InstrumentationBackend(14393): Added:'ResumeApplication', with key:'resume_application'
12-09 08:19:28.123 I/InstrumentationBackend(14393): Added:'Swipe', with key:'swipe'
12-09 08:19:28.124 I/InstrumentationBackend(14393): Added:'DoubleTapCoordinate', with key:'double_tap_coordinate'
12-09 08:19:28.124 I/InstrumentationBackend(14393): Added:'ClickOnScreen', with key:'click_on_screen'
12-09 08:19:28.124 I/InstrumentationBackend(14393): Added:'GetActivityName', with key:'get_activity_name'
12-09 08:19:28.124 I/InstrumentationBackend(14393): Added:'ScrollToView', with key:'scroll_to_view'
12-09 08:19:28.125 I/InstrumentationBackend(14393): Added:'ViewConfiguration', with key:'view_configuration'
12-09 08:19:28.125 I/InstrumentationBackend(14393): Added:'IsCurrentActivityFocused', with key:'is_current_activity_focused'
12-09 08:19:28.125 I/InstrumentationBackend(14393): Added:'SendTcp', with key:'send_tcp'
12-09 08:19:28.125 I/InstrumentationBackend(14393): Added:'DpToDevicePixel', with key:'dp_to_device_pixel'
12-09 08:19:28.126 I/InstrumentationBackend(14393): Added:'KeyboardEnterText', with key:'keyboard_enter_text'
12-09 08:19:28.126 I/InstrumentationBackend(14393): Added:'DeleteSurroundingText', with key:'delete_surrounding_text'
12-09 08:19:28.126 I/InstrumentationBackend(14393): Added:'SetComposingRegion', with key:'set_composing_region'
12-09 08:19:28.131 I/InstrumentationBackend(14393): Added:'SetSelection', with key:'set_selection'
12-09 08:19:28.132 I/InstrumentationBackend(14393): Added:'KeyboardKeyEvent', with key:'keyboard_key_event'
12-09 08:19:28.132 I/InstrumentationBackend(14393): Added:'PressUserActionButton', with key:'press_user_action_button'
12-09 08:19:28.132 I/InstrumentationBackend(14393): Added:'HideSoftKeyboard', with key:'hide_soft_keyboard'
12-09 08:19:28.132 I/InstrumentationBackend(14393): Added:'ListActions', with key:'list_actions'
12-09 08:19:28.133 I/calabash(14393): Instantiating http server at 7102
12-09 08:19:28.133 I/System.out(14393): HTTP Daemon listening on: 7102
12-09 08:19:28.229 I/System.out(14393): URI: //ping
12-09 08:19:28.229 I/System.out(14393): params: {json={}
12-09 08:19:28.229 I/System.out(14393): }
12-09 08:19:28.282 W/art     (14393): Suspending all threads took: 13.496ms
12-09 08:19:28.285 I/System.out(14393): URI: //ping
12-09 08:19:28.285 I/System.out(14393): params: {json={}
12-09 08:19:28.285 I/System.out(14393): }
12-09 08:19:28.297 I/art     (14393): Background sticky concurrent mark sweep GC freed 3693(419KB) AllocSpace objects, 4(80KB) LOS objects, 34% free, 1099KB/1670KB, paused 14.519ms total 45.607ms
12-09 08:19:28.315 I/System.out(14393): URI: //ready
12-09 08:19:28.315 I/System.out(14393): params: {json={}
12-09 08:19:28.315 I/System.out(14393): }
12-09 08:19:28.387 I/System.out(14393): URI: //
12-09 08:19:28.387 I/System.out(14393): params: {json={"command":"version","arguments":[]}
12-09 08:19:28.387 I/System.out(14393): }
12-09 08:19:28.387 I/System.out(14393): header: {date=Sun, 09 Dec 2018 08:19:28 GMT, accept=*/*, content-length=36, host=127.0.0.1:34777, user-agent=HTTPClient/1.0 (2.8.3, ruby 2.3.1 (2016-04-26)), content-type=application/json;charset=utf-8}
12-09 08:19:28.387 I/System.out(14393): params: {json={"command":"version","arguments":[]}
12-09 08:19:28.387 I/System.out(14393): }
12-09 08:19:28.387 I/System.out(14393): ProP json = {"command":"version","arguments":[]}
12-09 08:19:28.388 I/System.out(14393): files: {}
12-09 08:19:28.388 I/System.out(14393): command: {"command":"version","arguments":[]}
12-09 08:19:28.431 I/InstrumentationBackend(14393): Got command:'Command:'Line:null,version', arguments:'[]'
12-09 08:19:28.478 W/art     (14393): Suspending all threads took: 19.203ms
12-09 08:19:28.537 I/art     (14393): Background sticky concurrent mark sweep GC freed 2492(246KB) AllocSpace objects, 8(160KB) LOS objects, 29% free, 1176KB/1670KB, paused 20.367ms total 101.572ms
12-09 08:19:28.607 I/System.out(14393): result:{"bonusInformation":[],"message":"0.9.8","success":true}
12-09 08:19:28.692 I/System.out(14393): URI: //start-application
12-09 08:19:28.692 I/System.out(14393): params: {json={"intent":null}
12-09 08:19:28.692 I/System.out(14393): }
12-09 08:19:28.739 I/ActivityManager( 1591): START u0 {act=android.intent.action.MAIN cat=[android.intent.category.LAUNCHER] flg=0x10200000 cmp=com.evancharlton.mileage/.Mileage} from uid 10133 on display 0
12-09 08:19:28.804 D/gralloc_ranchu( 1223): gralloc_alloc: Creating ashmem region of size 708608
12-09 08:19:28.868 E/EGL_emulation( 1223): tid 1223: eglCreateSyncKHR(1881): error 0x3004 (EGL_BAD_ATTRIBUTE)
12-09 08:19:29.100 I/calabash(14393): newActivity1
12-09 08:19:29.111 D/gralloc_ranchu( 1223): gralloc_alloc: Creating ashmem region of size 3686400
12-09 08:19:29.188 I/calabash(14393): newActivity1
12-09 08:19:29.190 W/ActivityManager( 1591): Bad activity token: android.os.BinderProxy@e3ba8b
12-09 08:19:29.190 W/ActivityManager( 1591): java.lang.ClassCastException: android.os.BinderProxy cannot be cast to com.android.server.am.ActivityRecord$Token
12-09 08:19:29.190 W/ActivityManager( 1591): 	at com.android.server.am.ActivityRecord.forTokenLocked(ActivityRecord.java:424)
12-09 08:19:29.190 W/ActivityManager( 1591): 	at com.android.server.am.ActivityRecord.isInStackLocked(ActivityRecord.java:1121)
12-09 08:19:29.190 W/ActivityManager( 1591): 	at com.android.server.am.ActivityRecord.getStackLocked(ActivityRecord.java:1126)
12-09 08:19:29.190 W/ActivityManager( 1591): 	at com.android.server.am.ActivityManagerService.getActivityDisplayId(ActivityManagerService.java:8889)
12-09 08:19:29.190 W/ActivityManager( 1591): 	at android.app.ActivityManagerNative.onTransact(ActivityManagerNative.java:2338)
12-09 08:19:29.190 W/ActivityManager( 1591): 	at com.android.server.am.ActivityManagerService.onTransact(ActivityManagerService.java:2443)
12-09 08:19:29.190 W/ActivityManager( 1591): 	at android.os.Binder.execTransact(Binder.java:453)
12-09 08:19:29.200 W/ActivityManager( 1591): Bad activity token: android.os.BinderProxy@e3ba8b
12-09 08:19:29.200 W/ActivityManager( 1591): java.lang.ClassCastException: android.os.BinderProxy cannot be cast to com.android.server.am.ActivityRecord$Token
12-09 08:19:29.200 W/ActivityManager( 1591): 	at com.android.server.am.ActivityRecord.forTokenLocked(ActivityRecord.java:424)
12-09 08:19:29.200 W/ActivityManager( 1591): 	at com.android.server.am.ActivityRecord.isInStackLocked(ActivityRecord.java:1121)
12-09 08:19:29.200 W/ActivityManager( 1591): 	at com.android.server.am.ActivityManagerService.setTaskDescription(ActivityManagerService.java:8547)
12-09 08:19:29.200 W/ActivityManager( 1591): 	at android.app.ActivityManagerNative.onTransact(ActivityManagerNative.java:2410)
12-09 08:19:29.200 W/ActivityManager( 1591): 	at com.android.server.am.ActivityManagerService.onTransact(ActivityManagerService.java:2443)
12-09 08:19:29.200 W/ActivityManager( 1591): 	at android.os.Binder.execTransact(Binder.java:453)
12-09 08:19:29.310 W/ActivityManager( 1591): Bad activity token: android.os.BinderProxy@e3ba8b
12-09 08:19:29.310 W/ActivityManager( 1591): java.lang.ClassCastException: android.os.BinderProxy cannot be cast to com.android.server.am.ActivityRecord$Token
12-09 08:19:29.310 W/ActivityManager( 1591): 	at com.android.server.am.ActivityRecord.forTokenLocked(ActivityRecord.java:424)
12-09 08:19:29.310 W/ActivityManager( 1591): 	at com.android.server.am.ActivityRecord.isInStackLocked(ActivityRecord.java:1121)
12-09 08:19:29.310 W/ActivityManager( 1591): 	at com.android.server.am.ActivityManagerService.getActivityOptions(ActivityManagerService.java:11038)
12-09 08:19:29.310 W/ActivityManager( 1591): 	at android.app.ActivityManagerNative.onTransact(ActivityManagerNative.java:1734)
12-09 08:19:29.310 W/ActivityManager( 1591): 	at com.android.server.am.ActivityManagerService.onTransact(ActivityManagerService.java:2443)
12-09 08:19:29.310 W/ActivityManager( 1591): 	at android.os.Binder.execTransact(Binder.java:453)
12-09 08:19:29.310 W/ActivityManager( 1591): Bad activity token: android.os.BinderProxy@e3ba8b
12-09 08:19:29.310 W/ActivityManager( 1591): java.lang.ClassCastException: android.os.BinderProxy cannot be cast to com.android.server.am.ActivityRecord$Token
12-09 08:19:29.310 W/ActivityManager( 1591): 	at com.android.server.am.ActivityRecord.forTokenLocked(ActivityRecord.java:424)
12-09 08:19:29.310 W/ActivityManager( 1591): 	at com.android.server.am.ActivityRecord.isInStackLocked(ActivityRecord.java:1121)
12-09 08:19:29.310 W/ActivityManager( 1591): 	at com.android.server.am.ActivityManagerService.getActivityOptions(ActivityManagerService.java:11038)
12-09 08:19:29.310 W/ActivityManager( 1591): 	at android.app.ActivityManagerNative.onTransact(ActivityManagerNative.java:1734)
12-09 08:19:29.310 W/ActivityManager( 1591): 	at com.android.server.am.ActivityManagerService.onTransact(ActivityManagerService.java:2443)
12-09 08:19:29.310 W/ActivityManager( 1591): 	at android.os.Binder.execTransact(Binder.java:453)
12-09 08:19:29.402 V/PhoneStatusBar( 1718): setLightsOn(true)
12-09 08:19:29.443 D/EGL_emulation( 2738): eglMakeCurrent: 0x7f1cf5c9c580: ver 2 0 (tinfo 0x7f1cee30fec0)
12-09 08:19:29.445 E/Surface ( 2738): getSlotFromBufferLocked: unknown buffer: 0x7f1cf5c9ad20
12-09 08:19:29.799 W/art     ( 1591): Long monitor contention event with owner method=void com.android.server.wm.WindowAnimator$1.doFrame(long) from WindowAnimator.java:121 waiters=1 for 297ms
12-09 08:19:29.800 W/art     ( 1591): Long monitor contention event with owner method=void com.android.server.wm.WindowAnimator$1.doFrame(long) from WindowAnimator.java:121 waiters=1 for 143ms
12-09 08:19:30.007 D/gralloc_ranchu( 1223): gralloc_alloc: Creating ashmem region of size 3686400
12-09 08:19:30.060 D/        (14393): HostConnection::get() New Host Connection established 0x7f1cf5cfcf20, tid 14393
12-09 08:19:30.444 I/ActivityManager( 1591): Displayed com.evancharlton.mileage/.Mileage: +1s353ms
12-09 08:19:30.503 D/gralloc_ranchu( 1223): gralloc_alloc: Creating ashmem region of size 3686400
12-09 08:19:30.536 W/SurfaceFlinger( 1223): couldn't log to binary event log: overflow.
12-09 08:19:30.919 W/art     ( 1591): Long monitor contention event with owner method=void com.android.server.wm.WindowAnimator$1.doFrame(long) from WindowAnimator.java:121 waiters=0 for 130ms
12-09 08:19:31.185 D/gralloc_ranchu( 1223): gralloc_alloc: Creating ashmem region of size 3686400
12-09 08:19:31.684 I/System.out(14393): URI: //map
12-09 08:19:31.684 I/System.out(14393): params: {json={"query":"android.widget.CheckBox index:0","operation":{"method_name":"query","arguments":[]}}
12-09 08:19:31.684 I/System.out(14393): }
12-09 08:19:31.975 I/System.out(14393): URI: //gesture
12-09 08:19:31.975 I/System.out(14393): params: {json={"query_timeout":5.0,"gestures":[{"query_string":"android.widget.CheckBox index:0","touches":[{"x":50,"y":50,"offset_x":0,"offset_y":0,"wait":0.0,"time":0.2,"release":true,"query_string":null}]}]}
12-09 08:19:31.976 I/System.out(14393): }
12-09 08:19:32.408 W/audio_hw_generic( 1308): Hardware backing HAL too slow, could only write 0 of 661 frames
12-09 08:19:32.431 W/audio_hw_generic( 1308): Hardware backing HAL too slow, could only write 0 of 661 frames
12-09 08:19:32.679 W/audio_hw_generic( 1308): Not supplying enough data to HAL, expected position 30695571 , only wrote 30694857
12-09 08:19:32.679 W/audio_hw_generic( 1308): Not supplying enough data to HAL, expected position 30694866 , only wrote 30694857
12-09 08:19:32.698 W/audio_hw_generic( 1308): Not supplying enough data to HAL, expected position 30695709 , only wrote 30695518
12-09 08:19:32.895 E/SurfaceFlinger( 1223): ro.sf.lcd_density must be defined as a build property
12-09 08:19:32.896 D/gralloc_ranchu( 1223): gralloc_alloc: Creating ashmem region of size 3686400
12-09 08:19:32.899 W/audio_hw_generic( 1308): Not supplying enough data to HAL, expected position 30704353 , only wrote 30703450
12-09 08:19:32.949 D/        (14420): HostConnection::get() New Host Connection established 0x7f1bbf192480, tid 14420
12-09 08:19:32.981 E/EGL_emulation( 1223): tid 1223: eglCreateSyncKHR(1881): error 0x3004 (EGL_BAD_ATTRIBUTE)
12-09 08:19:33.155 W/audio_hw_generic( 1308): Not supplying enough data to HAL, expected position 30714741 , only wrote 30714687
12-09 08:19:33.672 I/System.out(14393): URI: //map
12-09 08:19:33.672 I/System.out(14393): params: {json={"query":"android.widget.CheckBox index:0","operation":{"method_name":"query","arguments":[]}}
12-09 08:19:33.672 I/System.out(14393): }
12-09 08:19:33.693 I/art     (14393): WaitForGcToComplete blocked for 8.629ms for cause Background
12-09 08:19:33.783 I/art     (14393): Background sticky concurrent mark sweep GC freed 21733(865KB) AllocSpace objects, 1(20KB) LOS objects, 0% free, 3MB/3MB, paused 6.153ms total 78.020ms
12-09 08:19:33.819 W/audio_hw_generic( 1308): Not supplying enough data to HAL, expected position 30743967 , only wrote 30743771
12-09 08:19:33.819 W/audio_hw_generic( 1308): Not supplying enough data to HAL, expected position 30743778 , only wrote 30743771
12-09 08:19:33.828 I/System.out(14393): URI: //gesture
12-09 08:19:33.828 I/System.out(14393): params: {json={"query_timeout":5.0,"gestures":[{"query_string":"android.widget.CheckBox index:0","touches":[{"x":50,"y":50,"offset_x":0,"offset_y":0,"wait":0.0,"time":0.2,"release":true,"query_string":null}]}]}
12-09 08:19:33.828 I/System.out(14393): }
12-09 08:19:33.943 W/audio_hw_generic( 1308): Hardware backing HAL too slow, could only write 0 of 661 frames
12-09 08:19:33.967 W/audio_hw_generic( 1308): Hardware backing HAL too slow, could only write 0 of 661 frames
12-09 08:19:34.089 W/audio_hw_generic( 1308): Hardware backing HAL too slow, could only write 0 of 661 frames
12-09 08:19:34.089 W/audio_hw_generic( 1308): Not supplying enough data to HAL, expected position 30755700 , only wrote 30754347
12-09 08:19:34.090 W/audio_hw_generic( 1308): Not supplying enough data to HAL, expected position 30754352 , only wrote 30754347
12-09 08:19:34.162 W/audio_hw_generic( 1308): Not supplying enough data to HAL, expected position 30757528 , only wrote 30756330
12-09 08:19:34.207 W/audio_hw_generic( 1308): Not supplying enough data to HAL, expected position 30758314 , only wrote 30757652
12-09 08:19:34.261 W/audio_hw_generic( 1308): Not supplying enough data to HAL, expected position 30760039 , only wrote 30758974
12-09 08:19:34.325 W/audio_hw_generic( 1308): Not supplying enough data to HAL, expected position 30761783 , only wrote 30761618
12-09 08:19:34.356 W/audio_hw_generic( 1308): Not supplying enough data to HAL, expected position 30763025 , only wrote 30761618
12-09 08:19:34.386 W/audio_hw_generic( 1308): Not supplying enough data to HAL, expected position 30762924 , only wrote 30762279
12-09 08:19:34.398 D/AudioFlinger( 1308): mixer(0xf43c0000) throttle end: throttle time(11)
12-09 08:19:34.447 W/audio_hw_generic( 1308): Hardware backing HAL too slow, could only write 0 of 661 frames
12-09 08:19:34.468 I/art     (14393): Background sticky concurrent mark sweep GC freed 31833(1490KB) AllocSpace objects, 1(20KB) LOS objects, 41% free, 2MB/3MB, paused 8.158ms total 78.708ms
12-09 08:19:34.856 E/SurfaceFlinger( 1223): ro.sf.lcd_density must be defined as a build property
12-09 08:19:34.876 D/gralloc_ranchu( 1223): gralloc_alloc: Creating ashmem region of size 3686400
12-09 08:19:34.878 W/audio_hw_generic( 1308): Not supplying enough data to HAL, expected position 30783975 , only wrote 30782109
12-09 08:19:34.878 W/audio_hw_generic( 1308): Not supplying enough data to HAL, expected position 30782115 , only wrote 30782109
12-09 08:19:34.893 W/audio_hw_generic( 1308): Hardware backing HAL too slow, could only write 0 of 661 frames
12-09 08:19:34.908 W/audio_hw_generic( 1308): Hardware backing HAL too slow, could only write 0 of 661 frames
12-09 08:19:34.910 D/        (14426): HostConnection::get() New Host Connection established 0x7fed33252480, tid 14426
12-09 08:19:34.920 E/EGL_emulation( 1223): tid 1223: eglCreateSyncKHR(1881): error 0x3004 (EGL_BAD_ATTRIBUTE)
12-09 08:19:34.924 W/audio_hw_generic( 1308): Hardware backing HAL too slow, could only write 0 of 661 frames
12-09 08:19:35.257 W/audio_hw_generic( 1308): Not supplying enough data to HAL, expected position 30798819 , only wrote 30798634
12-09 08:19:35.257 W/audio_hw_generic( 1308): Not supplying enough data to HAL, expected position 30798640 , only wrote 30798634
12-09 08:19:35.280 W/audio_hw_generic( 1308): Not supplying enough data to HAL, expected position 30799617 , only wrote 30799295
12-09 08:19:35.535 W/audio_hw_generic( 1308): Not supplying enough data to HAL, expected position 30810547 , only wrote 30810532
12-09 08:19:35.535 W/audio_hw_generic( 1308): Hardware backing HAL too slow, could only write 0 of 661 frames
12-09 08:19:35.535 W/audio_hw_generic( 1308): Hardware backing HAL too slow, could only write 0 of 661 frames
12-09 08:19:35.574 W/audio_hw_generic( 1308): Hardware backing HAL too slow, could only write 0 of 661 frames
12-09 08:19:35.588 W/audio_hw_generic( 1308): Hardware backing HAL too slow, could only write 0 of 661 frames
12-09 08:19:35.617 W/audio_hw_generic( 1308): Hardware backing HAL too slow, could only write 0 of 661 frames
