--------- beginning of main
12-09 08:44:21.004 D/AndroidRuntime(21096): >>>>>> START com.android.internal.os.RuntimeInit uid 0 <<<<<<
12-09 08:44:21.018 D/AndroidRuntime(21096): CheckJNI is ON
12-09 08:44:21.039 D/ICU     (21096): No timezone override file found: /data/misc/zoneinfo/current/icu/icu_tzdata.dat
12-09 08:44:21.424 E/memtrack(21096): Couldn't load memtrack module (No such file or directory)
12-09 08:44:21.424 E/android.os.Debug(21096): failed to load memtrack module: -2
12-09 08:44:21.469 I/Radio-JNI(21096): register_android_hardware_Radio DONE
12-09 08:44:21.538 D/AndroidRuntime(21096): Calling main entry com.android.commands.am.Am
--------- beginning of system
12-09 08:44:21.655 I/ActivityManager( 1592): Force stopping com.evancharlton.mileage appid=10143 user=0: start instr
12-09 08:44:21.656 I/ActivityManager( 1592): Killing 21079:com.evancharlton.mileage/u0a143 (adj 0): stop com.evancharlton.mileage
12-09 08:44:21.734 W/ActivityManager( 1592): Crash of app com.evancharlton.mileage running instrumentation ComponentInfo{com.evancharlton.mileage.test/sh.calaba.instrumentationbackend.ClearAppData2}
12-09 08:44:21.734 I/ActivityManager( 1592): Force stopping com.evancharlton.mileage appid=10143 user=0: finished inst
12-09 08:44:21.740 I/ActivityManager( 1592): Start proc 21105:com.evancharlton.mileage/u0a143 for added application com.evancharlton.mileage
12-09 08:44:21.752 D/AndroidRuntime(21096): Shutting down VM
12-09 08:44:21.761 W/ActivityManager( 1592): Spurious death for ProcessRecord{8cd5a5c 0:com.evancharlton.mileage/u0a143}, curProc for 21079: null
12-09 08:44:21.832 W/System  (21105): ClassLoader referenced unknown path: /data/app/com.evancharlton.mileage.test-1/lib/x86_64
12-09 08:44:21.837 W/System  (21105): ClassLoader referenced unknown path: /data/app/com.evancharlton.mileage-1/lib/x86_64
12-09 08:44:21.877 W/art     (21105): Suspending all threads took: 7.604ms
12-09 08:44:21.900 I/art     (21105): Background sticky concurrent mark sweep GC freed 7870(306KB) AllocSpace objects, 0(0B) LOS objects, 47% free, 674KB/1288KB, paused 21.337ms total 61.650ms
12-09 08:44:21.915 I/System.out(21105): Main activity name automatically set to: com.evancharlton.mileage.Mileage
12-09 08:44:21.915 I/System.out(21105): Calabash did not load Mono. This is only a problem if you are trying to test a Mono application
12-09 08:44:21.915 I/calabash(21105): Test server port: 7102
12-09 08:44:21.916 I/InstrumentationBackend(21105): Added:'GetPreferences', with key:'get_preferences'
12-09 08:44:21.973 I/InstrumentationBackend(21105): Added:'SetPreferences', with key:'set_preferences'
12-09 08:44:21.973 I/InstrumentationBackend(21105): Added:'ClearPreferences', with key:'clear_preferences'
12-09 08:44:21.974 I/InstrumentationBackend(21105): Added:'PressElement', with key:'press_l10n_element'
12-09 08:44:21.974 I/InstrumentationBackend(21105): Added:'WaitForElement', with key:'wait_for_l10n_element'
12-09 08:44:21.974 I/InstrumentationBackend(21105): Added:'NullAction', with key:'nullAction'
12-09 08:44:21.975 I/InstrumentationBackend(21105): Added:'PressKey', with key:'press_key'
12-09 08:44:21.975 I/InstrumentationBackend(21105): Added:'SetActivityOrientation', with key:'set_activity_orientation'
12-09 08:44:21.975 I/InstrumentationBackend(21105): Added:'GetActivityOrientation', with key:'get_activity_orientation'
12-09 08:44:21.975 I/InstrumentationBackend(21105): Added:'FakeGPSLocation', with key:'set_gps_coordinates'
12-09 08:44:21.975 I/InstrumentationBackend(21105): Added:'SetPropertyByCssSelector', with key:'set_property_by_css_selector'
12-09 08:44:21.976 I/InstrumentationBackend(21105): Added:'GetUrl', with key:'get_url'
12-09 08:44:21.976 I/InstrumentationBackend(21105): Added:'ScrollTo', with key:'scroll_to'
12-09 08:44:21.982 I/InstrumentationBackend(21105): Added:'GetLoadProgress', with key:'get_load_progress'
12-09 08:44:21.983 I/InstrumentationBackend(21105): Added:'DumpHtml', with key:'dump_html'
12-09 08:44:21.983 I/InstrumentationBackend(21105): Added:'DumpBodyHtml', with key:'dump_body_html'
12-09 08:44:21.983 I/InstrumentationBackend(21105): Added:'EnterTextByCssSelector', with key:'enter_text_by_selector'
12-09 08:44:22.045 I/InstrumentationBackend(21105): Added:'AndroidSDKVersion', with key:'android_sdk_version'
12-09 08:44:22.046 I/InstrumentationBackend(21105): Added:'Version', with key:'version'
12-09 08:44:22.046 I/InstrumentationBackend(21105): Added:'Drag', with key:'drag'
12-09 08:44:22.046 I/InstrumentationBackend(21105): Added:'TouchCoordinates', with key:'touch_coordinate'
12-09 08:44:22.046 I/InstrumentationBackend(21105): Added:'LongPressCoordinate', with key:'long_press_coordinate'
12-09 08:44:22.046 I/InstrumentationBackend(21105): Added:'DragCoordinates', with key:'drag_coordinates'
12-09 08:44:22.046 I/InstrumentationBackend(21105): Added:'ResumeApplication', with key:'resume_application'
12-09 08:44:22.047 I/InstrumentationBackend(21105): Added:'Swipe', with key:'swipe'
12-09 08:44:22.047 I/InstrumentationBackend(21105): Added:'DoubleTapCoordinate', with key:'double_tap_coordinate'
12-09 08:44:22.047 I/InstrumentationBackend(21105): Added:'ClickOnScreen', with key:'click_on_screen'
12-09 08:44:22.047 I/InstrumentationBackend(21105): Added:'GetActivityName', with key:'get_activity_name'
12-09 08:44:22.047 I/InstrumentationBackend(21105): Added:'ScrollToView', with key:'scroll_to_view'
12-09 08:44:22.048 I/InstrumentationBackend(21105): Added:'ViewConfiguration', with key:'view_configuration'
12-09 08:44:22.048 I/InstrumentationBackend(21105): Added:'IsCurrentActivityFocused', with key:'is_current_activity_focused'
12-09 08:44:22.048 I/InstrumentationBackend(21105): Added:'SendTcp', with key:'send_tcp'
12-09 08:44:22.048 I/InstrumentationBackend(21105): Added:'DpToDevicePixel', with key:'dp_to_device_pixel'
12-09 08:44:22.049 I/InstrumentationBackend(21105): Added:'KeyboardEnterText', with key:'keyboard_enter_text'
12-09 08:44:22.049 I/InstrumentationBackend(21105): Added:'DeleteSurroundingText', with key:'delete_surrounding_text'
12-09 08:44:22.049 I/InstrumentationBackend(21105): Added:'SetComposingRegion', with key:'set_composing_region'
12-09 08:44:22.050 I/InstrumentationBackend(21105): Added:'SetSelection', with key:'set_selection'
12-09 08:44:22.050 I/InstrumentationBackend(21105): Added:'KeyboardKeyEvent', with key:'keyboard_key_event'
12-09 08:44:22.050 I/InstrumentationBackend(21105): Added:'PressUserActionButton', with key:'press_user_action_button'
12-09 08:44:22.050 I/InstrumentationBackend(21105): Added:'HideSoftKeyboard', with key:'hide_soft_keyboard'
12-09 08:44:22.051 I/InstrumentationBackend(21105): Added:'ListActions', with key:'list_actions'
12-09 08:44:22.051 I/calabash(21105): Instantiating http server at 7102
12-09 08:44:22.052 I/System.out(21105): HTTP Daemon listening on: 7102
12-09 08:44:22.233 I/System.out(21105): URI: //ping
12-09 08:44:22.234 I/System.out(21105): params: {json={}
12-09 08:44:22.234 I/System.out(21105): }
12-09 08:44:22.253 I/art     (21105): Background partial concurrent mark sweep GC freed 3526(356KB) AllocSpace objects, 1(20KB) LOS objects, 46% free, 1162KB/2MB, paused 1.084ms total 268.731ms
12-09 08:44:22.374 I/System.out(21105): URI: //ping
12-09 08:44:22.374 I/System.out(21105): params: {json={}
12-09 08:44:22.374 I/System.out(21105): }
12-09 08:44:22.430 I/System.out(21105): URI: //ready
12-09 08:44:22.430 I/System.out(21105): params: {json={}
12-09 08:44:22.430 I/System.out(21105): }
12-09 08:44:22.505 I/System.out(21105): URI: //
12-09 08:44:22.505 I/System.out(21105): params: {json={"command":"version","arguments":[]}
12-09 08:44:22.505 I/System.out(21105): }
12-09 08:44:22.506 I/System.out(21105): header: {date=Sun, 09 Dec 2018 08:44:22 GMT, accept=*/*, content-length=36, host=127.0.0.1:34777, user-agent=HTTPClient/1.0 (2.8.3, ruby 2.3.1 (2016-04-26)), content-type=application/json;charset=utf-8}
12-09 08:44:22.506 I/System.out(21105): params: {json={"command":"version","arguments":[]}
12-09 08:44:22.506 I/System.out(21105): }
12-09 08:44:22.506 I/System.out(21105): ProP json = {"command":"version","arguments":[]}
12-09 08:44:22.506 I/System.out(21105): files: {}
12-09 08:44:22.506 I/System.out(21105): command: {"command":"version","arguments":[]}
12-09 08:44:22.516 I/InstrumentationBackend(21105): Got command:'Command:'Line:null,version', arguments:'[]'
12-09 08:44:22.560 I/System.out(21105): result:{"bonusInformation":[],"message":"0.9.8","success":true}
12-09 08:44:22.645 I/System.out(21105): URI: //start-application
12-09 08:44:22.645 I/System.out(21105): params: {json={"intent":null}
12-09 08:44:22.645 I/System.out(21105): }
12-09 08:44:22.685 I/ActivityManager( 1592): START u0 {act=android.intent.action.MAIN cat=[android.intent.category.LAUNCHER] flg=0x10200000 cmp=com.evancharlton.mileage/.Mileage} from uid 10143 on display 0
12-09 08:44:22.715 I/calabash(21105): newActivity1
12-09 08:44:22.771 I/calabash(21105): newActivity1
12-09 08:44:22.918 W/ActivityManager( 1592): Bad activity token: android.os.BinderProxy@3fd9a92
12-09 08:44:22.918 W/ActivityManager( 1592): java.lang.ClassCastException: android.os.BinderProxy cannot be cast to com.android.server.am.ActivityRecord$Token
12-09 08:44:22.918 W/ActivityManager( 1592): 	at com.android.server.am.ActivityRecord.forTokenLocked(ActivityRecord.java:424)
12-09 08:44:22.918 W/ActivityManager( 1592): 	at com.android.server.am.ActivityRecord.isInStackLocked(ActivityRecord.java:1121)
12-09 08:44:22.918 W/ActivityManager( 1592): 	at com.android.server.am.ActivityRecord.getStackLocked(ActivityRecord.java:1126)
12-09 08:44:22.918 W/ActivityManager( 1592): 	at com.android.server.am.ActivityManagerService.getActivityDisplayId(ActivityManagerService.java:8889)
12-09 08:44:22.918 W/ActivityManager( 1592): 	at android.app.ActivityManagerNative.onTransact(ActivityManagerNative.java:2338)
12-09 08:44:22.918 W/ActivityManager( 1592): 	at com.android.server.am.ActivityManagerService.onTransact(ActivityManagerService.java:2443)
12-09 08:44:22.918 W/ActivityManager( 1592): 	at android.os.Binder.execTransact(Binder.java:453)
12-09 08:44:22.919 W/ActivityManager( 1592): Bad activity token: android.os.BinderProxy@3fd9a92
12-09 08:44:22.919 W/ActivityManager( 1592): java.lang.ClassCastException: android.os.BinderProxy cannot be cast to com.android.server.am.ActivityRecord$Token
12-09 08:44:22.919 W/ActivityManager( 1592): 	at com.android.server.am.ActivityRecord.forTokenLocked(ActivityRecord.java:424)
12-09 08:44:22.919 W/ActivityManager( 1592): 	at com.android.server.am.ActivityRecord.isInStackLocked(ActivityRecord.java:1121)
12-09 08:44:22.919 W/ActivityManager( 1592): 	at com.android.server.am.ActivityManagerService.setTaskDescription(ActivityManagerService.java:8547)
12-09 08:44:22.919 W/ActivityManager( 1592): 	at android.app.ActivityManagerNative.onTransact(ActivityManagerNative.java:2410)
12-09 08:44:22.919 W/ActivityManager( 1592): 	at com.android.server.am.ActivityManagerService.onTransact(ActivityManagerService.java:2443)
12-09 08:44:22.919 W/ActivityManager( 1592): 	at android.os.Binder.execTransact(Binder.java:453)
12-09 08:44:22.936 D/gralloc_ranchu( 1218): gralloc_alloc: Creating ashmem region of size 3686400
12-09 08:44:23.195 D/FillupsProvider(21105): Creating database
12-09 08:44:23.218 D/EGL_emulation( 1949): eglMakeCurrent: 0x7f3f5c334dc0: ver 2 0 (tinfo 0x7f3f5c302d00)
12-09 08:44:23.219 E/Surface ( 1949): getSlotFromBufferLocked: unknown buffer: 0x7f3f588d2dc0
12-09 08:44:23.227 V/PhoneStatusBar( 1704): setLightsOn(true)
12-09 08:44:23.524 W/ActivityManager( 1592): Bad activity token: android.os.BinderProxy@3fd9a92
12-09 08:44:23.524 W/ActivityManager( 1592): java.lang.ClassCastException: android.os.BinderProxy cannot be cast to com.android.server.am.ActivityRecord$Token
12-09 08:44:23.524 W/ActivityManager( 1592): 	at com.android.server.am.ActivityRecord.forTokenLocked(ActivityRecord.java:424)
12-09 08:44:23.524 W/ActivityManager( 1592): 	at com.android.server.am.ActivityRecord.isInStackLocked(ActivityRecord.java:1121)
12-09 08:44:23.524 W/ActivityManager( 1592): 	at com.android.server.am.ActivityManagerService.getActivityOptions(ActivityManagerService.java:11038)
12-09 08:44:23.524 W/ActivityManager( 1592): 	at android.app.ActivityManagerNative.onTransact(ActivityManagerNative.java:1734)
12-09 08:44:23.524 W/ActivityManager( 1592): 	at com.android.server.am.ActivityManagerService.onTransact(ActivityManagerService.java:2443)
12-09 08:44:23.524 W/ActivityManager( 1592): 	at android.os.Binder.execTransact(Binder.java:453)
12-09 08:44:23.529 W/ActivityManager( 1592): Bad activity token: android.os.BinderProxy@3fd9a92
12-09 08:44:23.529 W/ActivityManager( 1592): java.lang.ClassCastException: android.os.BinderProxy cannot be cast to com.android.server.am.ActivityRecord$Token
12-09 08:44:23.529 W/ActivityManager( 1592): 	at com.android.server.am.ActivityRecord.forTokenLocked(ActivityRecord.java:424)
12-09 08:44:23.529 W/ActivityManager( 1592): 	at com.android.server.am.ActivityRecord.isInStackLocked(ActivityRecord.java:1121)
12-09 08:44:23.529 W/ActivityManager( 1592): 	at com.android.server.am.ActivityManagerService.getActivityOptions(ActivityManagerService.java:11038)
12-09 08:44:23.529 W/ActivityManager( 1592): 	at android.app.ActivityManagerNative.onTransact(ActivityManagerNative.java:1734)
12-09 08:44:23.529 W/ActivityManager( 1592): 	at com.android.server.am.ActivityManagerService.onTransact(ActivityManagerService.java:2443)
12-09 08:44:23.529 W/ActivityManager( 1592): 	at android.os.Binder.execTransact(Binder.java:453)
12-09 08:44:23.554 W/art     (21105): Suspending all threads took: 5.985ms
12-09 08:44:23.588 I/art     (21105): Background sticky concurrent mark sweep GC freed 358(138KB) AllocSpace objects, 0(0B) LOS objects, 7% free, 2015KB/2MB, paused 7.144ms total 44.646ms
12-09 08:44:23.783 I/art     (21105): Background sticky concurrent mark sweep GC freed 1083(56KB) AllocSpace objects, 0(0B) LOS objects, 8% free, 2003KB/2MB, paused 35.637ms total 57.821ms
12-09 08:44:24.082 W/art     ( 1592): Long monitor contention event with owner method=void com.android.server.wm.WindowManagerService$H.handleMessage(android.os.Message) from WindowManagerService.java:7820 waiters=1 for 189ms
12-09 08:44:24.201 W/art     ( 1592): Long monitor contention event with owner method=void com.android.server.wm.WindowAnimator$1.doFrame(long) from WindowAnimator.java:121 waiters=1 for 307ms
12-09 08:44:24.252 I/Choreographer(21105): Skipped 31 frames!  The application may be doing too much work on its main thread.
12-09 08:44:24.262 D/gralloc_ranchu( 1218): gralloc_alloc: Creating ashmem region of size 3686400
12-09 08:44:24.621 D/        (21105): HostConnection::get() New Host Connection established 0x7f3f5893cc20, tid 21105
12-09 08:44:24.714 I/ActivityManager( 1592): Displayed com.evancharlton.mileage/.Mileage: +2s10ms
12-09 08:44:24.813 D/gralloc_ranchu( 1218): gralloc_alloc: Creating ashmem region of size 3686400
12-09 08:44:25.520 D/gralloc_ranchu( 1218): gralloc_alloc: Creating ashmem region of size 3686400
12-09 08:44:26.101 I/art     (21105): Background partial concurrent mark sweep GC freed 13534(704KB) AllocSpace objects, 2(40KB) LOS objects, 40% free, 1933KB/3MB, paused 2.966ms total 157.771ms
12-09 08:44:26.210 I/System.out(21105): URI: //
12-09 08:44:26.210 I/System.out(21105): params: {json={"command":"set_activity_orientation","arguments":["landscape"]}
12-09 08:44:26.210 I/System.out(21105): }
12-09 08:44:26.210 I/System.out(21105): header: {date=Sun, 09 Dec 2018 08:44:26 GMT, accept=*/*, content-length=64, host=127.0.0.1:34777, user-agent=HTTPClient/1.0 (2.8.3, ruby 2.3.1 (2016-04-26)), content-type=application/json;charset=utf-8}
12-09 08:44:26.210 I/System.out(21105): params: {json={"command":"set_activity_orientation","arguments":["landscape"]}
12-09 08:44:26.210 I/System.out(21105): }
12-09 08:44:26.210 I/System.out(21105): ProP json = {"command":"set_activity_orientation","arguments":["landscape"]}
12-09 08:44:26.210 I/System.out(21105): files: {}
12-09 08:44:26.210 I/System.out(21105): command: {"command":"set_activity_orientation","arguments":["landscape"]}
12-09 08:44:26.211 I/InstrumentationBackend(21105): Got command:'Command:'Line:null,set_activity_orientation', arguments:'[landscape]'
12-09 08:44:26.215 D/gralloc_ranchu( 1218): gralloc_alloc: Creating ashmem region of size 3686400
12-09 08:44:26.296 E/EGL_emulation( 1218): tid 1218: eglCreateSyncKHR(1881): error 0x3004 (EGL_BAD_ATTRIBUTE)
12-09 08:44:26.389 I/ActivityManager( 1592): Config changes=480 {1.0 310mcc260mnc en_US ldltr sw720dp w1280dp h696dp 160dpi xlrg long land finger -keyb/v/h tball/v s.62}
12-09 08:44:26.402 I/InputReader( 1592): Reconfiguring input devices.  changes=0x00000004
12-09 08:44:26.402 I/InputReader( 1592): Device reconfigured: id=0, name='qwerty2', size 720x1280, orientation 1, mode 1, display id 0
12-09 08:44:26.653 W/art     ( 1592): Long monitor contention event with owner method=void com.android.server.am.ActivityManagerService.setRequestedOrientation(android.os.IBinder, int) from ActivityManagerService.java:4192 waiters=0 for 349ms
12-09 08:44:26.818 I/calabash(21105): newActivity1
12-09 08:44:26.823 I/System.out(21105): result:{"bonusInformation":[],"message":"","success":true}
12-09 08:44:26.851 I/calabash(21105): newActivity1
12-09 08:44:26.852 W/ActivityManager( 1592): Bad activity token: android.os.BinderProxy@79f23b7
12-09 08:44:26.852 W/ActivityManager( 1592): java.lang.ClassCastException: android.os.BinderProxy cannot be cast to com.android.server.am.ActivityRecord$Token
12-09 08:44:26.852 W/ActivityManager( 1592): 	at com.android.server.am.ActivityRecord.forTokenLocked(ActivityRecord.java:424)
12-09 08:44:26.852 W/ActivityManager( 1592): 	at com.android.server.am.ActivityRecord.isInStackLocked(ActivityRecord.java:1121)
12-09 08:44:26.852 W/ActivityManager( 1592): 	at com.android.server.am.ActivityRecord.getStackLocked(ActivityRecord.java:1126)
12-09 08:44:26.852 W/ActivityManager( 1592): 	at com.android.server.am.ActivityManagerService.getActivityDisplayId(ActivityManagerService.java:8889)
12-09 08:44:26.852 W/ActivityManager( 1592): 	at android.app.ActivityManagerNative.onTransact(ActivityManagerNative.java:2338)
12-09 08:44:26.852 W/ActivityManager( 1592): 	at com.android.server.am.ActivityManagerService.onTransact(ActivityManagerService.java:2443)
12-09 08:44:26.852 W/ActivityManager( 1592): 	at android.os.Binder.execTransact(Binder.java:453)
12-09 08:44:26.865 W/ActivityManager( 1592): Bad activity token: android.os.BinderProxy@79f23b7
12-09 08:44:26.865 W/ActivityManager( 1592): java.lang.ClassCastException: android.os.BinderProxy cannot be cast to com.android.server.am.ActivityRecord$Token
12-09 08:44:26.865 W/ActivityManager( 1592): 	at com.android.server.am.ActivityRecord.forTokenLocked(ActivityRecord.java:424)
12-09 08:44:26.865 W/ActivityManager( 1592): 	at com.android.server.am.ActivityRecord.isInStackLocked(ActivityRecord.java:1121)
12-09 08:44:26.865 W/ActivityManager( 1592): 	at com.android.server.am.ActivityManagerService.setTaskDescription(ActivityManagerService.java:8547)
12-09 08:44:26.865 W/ActivityManager( 1592): 	at android.app.ActivityManagerNative.onTransact(ActivityManagerNative.java:2410)
12-09 08:44:26.865 W/ActivityManager( 1592): 	at com.android.server.am.ActivityManagerService.onTransact(ActivityManagerService.java:2443)
12-09 08:44:26.865 W/ActivityManager( 1592): 	at android.os.Binder.execTransact(Binder.java:453)
12-09 08:44:26.883 W/ActivityManager( 1592): Bad activity token: android.os.BinderProxy@79f23b7
12-09 08:44:26.883 W/ActivityManager( 1592): java.lang.ClassCastException: android.os.BinderProxy cannot be cast to com.android.server.am.ActivityRecord$Token
12-09 08:44:26.883 W/ActivityManager( 1592): 	at com.android.server.am.ActivityRecord.forTokenLocked(ActivityRecord.java:424)
12-09 08:44:26.883 W/ActivityManager( 1592): 	at com.android.server.am.ActivityRecord.isInStackLocked(ActivityRecord.java:1121)
12-09 08:44:26.883 W/ActivityManager( 1592): 	at com.android.server.am.ActivityManagerService.getActivityOptions(ActivityManagerService.java:11038)
12-09 08:44:26.883 W/ActivityManager( 1592): 	at android.app.ActivityManagerNative.onTransact(ActivityManagerNative.java:1734)
12-09 08:44:26.883 W/ActivityManager( 1592): 	at com.android.server.am.ActivityManagerService.onTransact(ActivityManagerService.java:2443)
12-09 08:44:26.883 W/ActivityManager( 1592): 	at android.os.Binder.execTransact(Binder.java:453)
12-09 08:44:26.883 W/ActivityManager( 1592): Bad activity token: android.os.BinderProxy@79f23b7
12-09 08:44:26.883 W/ActivityManager( 1592): java.lang.ClassCastException: android.os.BinderProxy cannot be cast to com.android.server.am.ActivityRecord$Token
12-09 08:44:26.883 W/ActivityManager( 1592): 	at com.android.server.am.ActivityRecord.forTokenLocked(ActivityRecord.java:424)
12-09 08:44:26.883 W/ActivityManager( 1592): 	at com.android.server.am.ActivityRecord.isInStackLocked(ActivityRecord.java:1121)
12-09 08:44:26.883 W/ActivityManager( 1592): 	at com.android.server.am.ActivityManagerService.getActivityOptions(ActivityManagerService.java:11038)
12-09 08:44:26.883 W/ActivityManager( 1592): 	at android.app.ActivityManagerNative.onTransact(ActivityManagerNative.java:1734)
12-09 08:44:26.883 W/ActivityManager( 1592): 	at com.android.server.am.ActivityManagerService.onTransact(ActivityManagerService.java:2443)
12-09 08:44:26.883 W/ActivityManager( 1592): 	at android.os.Binder.execTransact(Binder.java:453)
12-09 08:44:27.033 D/EGL_emulation( 1704): eglMakeCurrent: 0x7f3f588d3f40: ver 2 0 (tinfo 0x7f3f4fe2e0a0)
12-09 08:44:27.034 E/Surface ( 1704): getSlotFromBufferLocked: unknown buffer: 0x7f3f4f3b5420
12-09 08:44:27.045 D/EGL_emulation( 1704): eglMakeCurrent: 0x7f3f588d3f40: ver 2 0 (tinfo 0x7f3f4fe2e0a0)
12-09 08:44:27.078 I/WindowManager( 1592): Screen frozen for +866ms due to Window{6a373f4 u0 StatusBar}
12-09 08:44:27.164 D/gralloc_ranchu( 1218): gralloc_alloc: Creating ashmem region of size 3686400
12-09 08:44:27.502 W/art     ( 1592): Long monitor contention event with owner method=void com.android.server.wm.WindowAnimator$1.doFrame(long) from WindowAnimator.java:121 waiters=0 for 261ms
12-09 08:44:27.919 D/gralloc_ranchu( 1218): gralloc_alloc: Creating ashmem region of size 3686400
12-09 08:44:28.322 D/gralloc_ranchu( 1218): gralloc_alloc: Creating ashmem region of size 3686400
12-09 08:44:29.086 E/SurfaceFlinger( 1218): ro.sf.lcd_density must be defined as a build property
12-09 08:44:29.105 D/gralloc_ranchu( 1218): gralloc_alloc: Creating ashmem region of size 3686400
12-09 08:44:29.109 I/art     ( 1592): Starting a blocking GC Explicit
12-09 08:44:29.161 I/art     ( 1592): Explicit concurrent mark sweep GC freed 11644(911KB) AllocSpace objects, 3(60KB) LOS objects, 29% free, 9MB/13MB, paused 1.264ms total 34.512ms
12-09 08:44:29.195 D/        (21133): HostConnection::get() New Host Connection established 0x7fa396692480, tid 21133
12-09 08:44:29.214 E/EGL_emulation( 1218): tid 1218: eglCreateSyncKHR(1881): error 0x3004 (EGL_BAD_ATTRIBUTE)
12-09 08:44:30.170 I/System.out(21105): URI: //
12-09 08:44:30.170 I/System.out(21105): params: {json={"command":"set_activity_orientation","arguments":["portrait"]}
12-09 08:44:30.170 I/System.out(21105): }
12-09 08:44:30.170 I/System.out(21105): header: {date=Sun, 09 Dec 2018 08:44:30 GMT, accept=*/*, content-length=63, host=127.0.0.1:34777, user-agent=HTTPClient/1.0 (2.8.3, ruby 2.3.1 (2016-04-26)), content-type=application/json;charset=utf-8}
12-09 08:44:30.170 I/System.out(21105): params: {json={"command":"set_activity_orientation","arguments":["portrait"]}
12-09 08:44:30.170 I/System.out(21105): }
12-09 08:44:30.170 I/System.out(21105): ProP json = {"command":"set_activity_orientation","arguments":["portrait"]}
12-09 08:44:30.170 I/System.out(21105): files: {}
12-09 08:44:30.171 I/System.out(21105): command: {"command":"set_activity_orientation","arguments":["portrait"]}
12-09 08:44:30.172 I/InstrumentationBackend(21105): Got command:'Command:'Line:null,set_activity_orientation', arguments:'[portrait]'
12-09 08:44:30.179 D/gralloc_ranchu( 1218): gralloc_alloc: Creating ashmem region of size 3686400
12-09 08:44:30.337 E/EGL_emulation( 1218): tid 1218: eglCreateSyncKHR(1881): error 0x3004 (EGL_BAD_ATTRIBUTE)
12-09 08:44:30.474 I/ActivityManager( 1592): Config changes=480 {1.0 310mcc260mnc en_US ldltr sw720dp w720dp h1256dp 160dpi xlrg long port finger -keyb/v/h tball/v s.63}
12-09 08:44:30.722 W/art     ( 1592): Long monitor contention event with owner method=void com.android.server.wm.WindowManagerService.setNewConfiguration(android.content.res.Configuration) from WindowManagerService.java:4043 waiters=1 for 213ms
12-09 08:44:30.745 I/InputReader( 1592): Reconfiguring input devices.  changes=0x00000004
12-09 08:44:30.745 I/InputReader( 1592): Device reconfigured: id=0, name='qwerty2', size 720x1280, orientation 0, mode 1, display id 0
12-09 08:44:30.750 W/art     ( 1592): Long monitor contention event with owner method=void com.android.server.am.ActivityManagerService.setRequestedOrientation(android.os.IBinder, int) from ActivityManagerService.java:4192 waiters=1 for 256ms
12-09 08:44:30.882 I/System.out(21105): result:{"bonusInformation":[],"message":"","success":true}
12-09 08:44:30.940 I/calabash(21105): newActivity1
12-09 08:44:31.004 I/calabash(21105): newActivity1
12-09 08:44:31.021 W/ActivityManager( 1592): Bad activity token: android.os.BinderProxy@525c645
12-09 08:44:31.021 W/ActivityManager( 1592): java.lang.ClassCastException: android.os.BinderProxy cannot be cast to com.android.server.am.ActivityRecord$Token
12-09 08:44:31.021 W/ActivityManager( 1592): 	at com.android.server.am.ActivityRecord.forTokenLocked(ActivityRecord.java:424)
12-09 08:44:31.021 W/ActivityManager( 1592): 	at com.android.server.am.ActivityRecord.isInStackLocked(ActivityRecord.java:1121)
12-09 08:44:31.021 W/ActivityManager( 1592): 	at com.android.server.am.ActivityRecord.getStackLocked(ActivityRecord.java:1126)
12-09 08:44:31.021 W/ActivityManager( 1592): 	at com.android.server.am.ActivityManagerService.getActivityDisplayId(ActivityManagerService.java:8889)
12-09 08:44:31.021 W/ActivityManager( 1592): 	at android.app.ActivityManagerNative.onTransact(ActivityManagerNative.java:2338)
12-09 08:44:31.021 W/ActivityManager( 1592): 	at com.android.server.am.ActivityManagerService.onTransact(ActivityManagerService.java:2443)
12-09 08:44:31.021 W/ActivityManager( 1592): 	at android.os.Binder.execTransact(Binder.java:453)
12-09 08:44:31.022 W/ActivityManager( 1592): Bad activity token: android.os.BinderProxy@525c645
12-09 08:44:31.022 W/ActivityManager( 1592): java.lang.ClassCastException: android.os.BinderProxy cannot be cast to com.android.server.am.ActivityRecord$Token
12-09 08:44:31.022 W/ActivityManager( 1592): 	at com.android.server.am.ActivityRecord.forTokenLocked(ActivityRecord.java:424)
12-09 08:44:31.022 W/ActivityManager( 1592): 	at com.android.server.am.ActivityRecord.isInStackLocked(ActivityRecord.java:1121)
12-09 08:44:31.022 W/ActivityManager( 1592): 	at com.android.server.am.ActivityManagerService.setTaskDescription(ActivityManagerService.java:8547)
12-09 08:44:31.022 W/ActivityManager( 1592): 	at android.app.ActivityManagerNative.onTransact(ActivityManagerNative.java:2410)
12-09 08:44:31.022 W/ActivityManager( 1592): 	at com.android.server.am.ActivityManagerService.onTransact(ActivityManagerService.java:2443)
12-09 08:44:31.022 W/ActivityManager( 1592): 	at android.os.Binder.execTransact(Binder.java:453)
12-09 08:44:31.076 I/art     (21105): Background sticky concurrent mark sweep GC freed 15472(747KB) AllocSpace objects, 3(60KB) LOS objects, 27% free, 2MB/3MB, paused 9.650ms total 69.919ms
12-09 08:44:31.105 W/ActivityManager( 1592): Bad activity token: android.os.BinderProxy@525c645
12-09 08:44:31.105 W/ActivityManager( 1592): java.lang.ClassCastException: android.os.BinderProxy cannot be cast to com.android.server.am.ActivityRecord$Token
12-09 08:44:31.105 W/ActivityManager( 1592): 	at com.android.server.am.ActivityRecord.forTokenLocked(ActivityRecord.java:424)
12-09 08:44:31.105 W/ActivityManager( 1592): 	at com.android.server.am.ActivityRecord.isInStackLocked(ActivityRecord.java:1121)
12-09 08:44:31.105 W/ActivityManager( 1592): 	at com.android.server.am.ActivityManagerService.getActivityOptions(ActivityManagerService.java:11038)
12-09 08:44:31.105 W/ActivityManager( 1592): 	at android.app.ActivityManagerNative.onTransact(ActivityManagerNative.java:1734)
12-09 08:44:31.105 W/ActivityManager( 1592): 	at com.android.server.am.ActivityManagerService.onTransact(ActivityManagerService.java:2443)
12-09 08:44:31.105 W/ActivityManager( 1592): 	at android.os.Binder.execTransact(Binder.java:453)
12-09 08:44:31.122 W/ActivityManager( 1592): Bad activity token: android.os.BinderProxy@525c645
12-09 08:44:31.122 W/ActivityManager( 1592): java.lang.ClassCastException: android.os.BinderProxy cannot be cast to com.android.server.am.ActivityRecord$Token
12-09 08:44:31.122 W/ActivityManager( 1592): 	at com.android.server.am.ActivityRecord.forTokenLocked(ActivityRecord.java:424)
12-09 08:44:31.122 W/ActivityManager( 1592): 	at com.android.server.am.ActivityRecord.isInStackLocked(ActivityRecord.java:1121)
12-09 08:44:31.122 W/ActivityManager( 1592): 	at com.android.server.am.ActivityManagerService.getActivityOptions(ActivityManagerService.java:11038)
12-09 08:44:31.122 W/ActivityManager( 1592): 	at android.app.ActivityManagerNative.onTransact(ActivityManagerNative.java:1734)
12-09 08:44:31.122 W/ActivityManager( 1592): 	at com.android.server.am.ActivityManagerService.onTransact(ActivityManagerService.java:2443)
12-09 08:44:31.122 W/ActivityManager( 1592): 	at android.os.Binder.execTransact(Binder.java:453)
12-09 08:44:31.145 D/EGL_emulation( 1704): eglMakeCurrent: 0x7f3f588d3f40: ver 2 0 (tinfo 0x7f3f4fe2e0a0)
12-09 08:44:31.146 E/Surface ( 1704): getSlotFromBufferLocked: unknown buffer: 0x7f3f4f3b4700
12-09 08:44:31.147 D/EGL_emulation( 1704): eglMakeCurrent: 0x7f3f588d3f40: ver 2 0 (tinfo 0x7f3f4fe2e0a0)
12-09 08:44:31.193 I/Choreographer(21105): Skipped 39 frames!  The application may be doing too much work on its main thread.
12-09 08:44:31.203 I/WindowManager( 1592): Screen frozen for +1s31ms due to Window{6a373f4 u0 StatusBar}
12-09 08:44:31.413 W/art     ( 1592): Long monitor contention event with owner method=void com.android.server.wm.WindowManagerService$H.handleMessage(android.os.Message) from WindowManagerService.java:7820 waiters=0 for 180ms
12-09 08:44:31.424 D/gralloc_ranchu( 1218): gralloc_alloc: Creating ashmem region of size 3686400
12-09 08:44:31.818 W/art     ( 1592): Long monitor contention event with owner method=void com.android.server.wm.WindowAnimator$1.doFrame(long) from WindowAnimator.java:121 waiters=0 for 127ms
12-09 08:44:31.975 W/art     ( 1592): Long monitor contention event with owner method=void com.android.server.wm.WindowAnimator$1.doFrame(long) from WindowAnimator.java:121 waiters=0 for 154ms
12-09 08:44:31.977 D/gralloc_ranchu( 1218): gralloc_alloc: Creating ashmem region of size 3686400
12-09 08:44:32.557 D/gralloc_ranchu( 1218): gralloc_alloc: Creating ashmem region of size 3686400
12-09 08:44:33.182 E/SurfaceFlinger( 1218): ro.sf.lcd_density must be defined as a build property
12-09 08:44:33.236 D/gralloc_ranchu( 1218): gralloc_alloc: Creating ashmem region of size 3686400
12-09 08:44:33.258 D/        (21140): HostConnection::get() New Host Connection established 0x7fdb0ea92480, tid 21140
12-09 08:44:33.309 E/EGL_emulation( 1218): tid 1218: eglCreateSyncKHR(1881): error 0x3004 (EGL_BAD_ATTRIBUTE)
12-09 08:44:33.405 I/art     ( 1592): Starting a blocking GC Explicit
12-09 08:44:33.447 I/art     ( 1592): Explicit concurrent mark sweep GC freed 4616(343KB) AllocSpace objects, 0(0B) LOS objects, 30% free, 9MB/13MB, paused 4.476ms total 41.396ms
