12-09 07:37:16.887 W/audio_hw_generic( 1308): Not supplying enough data to HAL, expected position 977939 , only wrote 977619
12-09 07:37:16.888 W/audio_hw_generic( 1308): Not supplying enough data to HAL, expected position 977626 , only wrote 977619
12-09 07:37:17.338 W/audio_hw_generic( 1308): Not supplying enough data to HAL, expected position 997474 , only wrote 997449
12-09 07:37:17.354 W/audio_hw_generic( 1308): Hardware backing HAL too slow, could only write 0 of 661 frames
12-09 07:37:17.372 W/audio_hw_generic( 1308): Hardware backing HAL too slow, could only write 0 of 661 frames
12-09 07:37:17.398 I/System.out( 3828): URI: //map
12-09 07:37:17.398 I/System.out( 3828): params: {json={"query":"android.widget.EditText id:'price'","operation":{"method_name":"query","arguments":[]}}
12-09 07:37:17.398 I/System.out( 3828): }
12-09 07:37:17.420 W/ResourceType( 3828): No package identifier when getting name for resource number 0x00000001
12-09 07:37:17.558 W/audio_hw_generic( 1308): Hardware backing HAL too slow, could only write 0 of 661 frames
12-09 07:37:17.565 W/audio_hw_generic( 1308): Hardware backing HAL too slow, could only write 0 of 661 frames
12-09 07:37:17.640 I/art     ( 3828): Background sticky concurrent mark sweep GC freed 45025(2041KB) AllocSpace objects, 2(40KB) LOS objects, 37% free, 2MB/4MB, paused 7.614ms total 197.602ms
12-09 07:37:17.654 I/System.out( 3828): URI: //gesture
12-09 07:37:17.654 I/System.out( 3828): params: {json={"query_timeout":5.0,"gestures":[{"query_string":"android.widget.EditText id:'price'","touches":[{"x":50,"y":50,"offset_x":0,"offset_y":0,"wait":0.0,"time":0.2,"release":true,"query_string":null}]}]}
12-09 07:37:17.654 I/System.out( 3828): }
12-09 07:37:17.750 W/audio_hw_generic( 1308): Not supplying enough data to HAL, expected position 1015620 , only wrote 1015296
12-09 07:37:17.890 W/audio_hw_generic( 1308): Not supplying enough data to HAL, expected position 1021471 , only wrote 1021245
12-09 07:37:17.921 W/ResourceType( 3828): No package identifier when getting name for resource number 0x00000001
12-09 07:37:18.006 W/audio_hw_generic( 1308): Not supplying enough data to HAL, expected position 1026367 , only wrote 1023889
12-09 07:37:18.006 W/audio_hw_generic( 1308): Not supplying enough data to HAL, expected position 1023896 , only wrote 1023889
12-09 07:37:18.074 W/audio_hw_generic( 1308): Not supplying enough data to HAL, expected position 1026879 , only wrote 1024550
12-09 07:37:18.113 W/audio_hw_generic( 1308): Not supplying enough data to HAL, expected position 1026287 , only wrote 1025211
12-09 07:37:18.114 W/audio_hw_generic( 1308): Not supplying enough data to HAL, expected position 1025218 , only wrote 1025211
12-09 07:37:18.129 W/audio_hw_generic( 1308): Not supplying enough data to HAL, expected position 1025912 , only wrote 1025872
12-09 07:37:18.161 W/audio_hw_generic( 1308): Hardware backing HAL too slow, could only write 0 of 661 frames
12-09 07:37:18.266 W/audio_hw_generic( 1308): Not supplying enough data to HAL, expected position 1031892 , only wrote 1031821
12-09 07:37:18.266 W/audio_hw_generic( 1308): Not supplying enough data to HAL, expected position 1031828 , only wrote 1031821
12-09 07:37:18.290 W/audio_hw_generic( 1308): Not supplying enough data to HAL, expected position 1032887 , only wrote 1032482
12-09 07:37:18.291 W/audio_hw_generic( 1308): Hardware backing HAL too slow, could only write 0 of 661 frames
12-09 07:37:18.309 W/audio_hw_generic( 1308): Hardware backing HAL too slow, could only write 0 of 661 frames
12-09 07:37:18.325 W/audio_hw_generic( 1308): Hardware backing HAL too slow, could only write 0 of 661 frames
12-09 07:37:18.355 W/audio_hw_generic( 1308): Hardware backing HAL too slow, could only write 0 of 661 frames
12-09 07:37:18.490 W/audio_hw_generic( 1308): Not supplying enough data to HAL, expected position 1041287 , only wrote 1041075
12-09 07:37:18.490 W/audio_hw_generic( 1308): Not supplying enough data to HAL, expected position 1041082 , only wrote 1041075
12-09 07:37:18.531 W/audio_hw_generic( 1308): Not supplying enough data to HAL, expected position 1042854 , only wrote 1041736
12-09 07:37:18.538 I/LatinIME( 1873): Starting input. Cursor position = 0,0
12-09 07:37:18.697 W/audio_hw_generic( 1308): Hardware backing HAL too slow, could only write 0 of 661 frames
12-09 07:37:18.697 W/audio_hw_generic( 1308): Not supplying enough data to HAL, expected position 1049097 , only wrote 1049007
12-09 07:37:18.698 W/audio_hw_generic( 1308): Not supplying enough data to HAL, expected position 1049013 , only wrote 1049007
12-09 07:37:18.718 W/audio_hw_generic( 1308): Not supplying enough data to HAL, expected position 1049903 , only wrote 1049668
12-09 07:37:18.904 I/art     ( 3828): Background partial concurrent mark sweep GC freed 46798(2MB) AllocSpace objects, 3(60KB) LOS objects, 40% free, 2MB/4MB, paused 1.073ms total 322.849ms
12-09 07:37:18.954 W/audio_hw_generic( 1308): Not supplying enough data to HAL, expected position 1060075 , only wrote 1059583
12-09 07:37:18.954 W/audio_hw_generic( 1308): Not supplying enough data to HAL, expected position 1059590 , only wrote 1059583
12-09 07:37:18.974 W/audio_hw_generic( 1308): Not supplying enough data to HAL, expected position 1060453 , only wrote 1060244
12-09 07:37:19.015 D/EGL_emulation( 1873): eglMakeCurrent: 0x7fe272e09380: ver 2 0 (tinfo 0x7fe2766d8d20)
12-09 07:37:19.058 W/audio_hw_generic( 1308): Not supplying enough data to HAL, expected position 1063946 , only wrote 1063549
12-09 07:37:19.172 W/audio_hw_generic( 1308): Not supplying enough data to HAL, expected position 1068603 , only wrote 1068176
12-09 07:37:19.173 W/audio_hw_generic( 1308): Not supplying enough data to HAL, expected position 1068183 , only wrote 1068176
12-09 07:37:19.190 W/audio_hw_generic( 1308): Not supplying enough data to HAL, expected position 1068967 , only wrote 1068837
12-09 07:37:19.357 W/audio_hw_generic( 1308): Not supplying enough data to HAL, expected position 1081618 , only wrote 1075447
12-09 07:37:19.367 I/System.out( 3828): URI: //
12-09 07:37:19.368 I/System.out( 3828): params: {json={"command":"set_selection","arguments":[-1,-1]}
12-09 07:37:19.368 I/System.out( 3828): }
12-09 07:37:19.368 I/System.out( 3828): header: {date=Sun, 09 Dec 2018 07:37:19 GMT, accept=*/*, content-length=47, host=127.0.0.1:34777, user-agent=HTTPClient/1.0 (2.8.3, ruby 2.3.1 (2016-04-26)), content-type=application/json;charset=utf-8}
12-09 07:37:19.368 I/System.out( 3828): params: {json={"command":"set_selection","arguments":[-1,-1]}
12-09 07:37:19.368 I/System.out( 3828): }
12-09 07:37:19.368 I/System.out( 3828): ProP json = {"command":"set_selection","arguments":[-1,-1]}
12-09 07:37:19.368 I/System.out( 3828): files: {}
12-09 07:37:19.368 I/System.out( 3828): command: {"command":"set_selection","arguments":[-1,-1]}
12-09 07:37:19.369 I/InstrumentationBackend( 3828): Got command:'Command:'Line:null,set_selection', arguments:'[-1, -1]'
12-09 07:37:19.385 I/System.out( 3828): result:{"bonusInformation":[],"message":"","success":true}
12-09 07:37:19.775 I/System.out( 3828): URI: //
12-09 07:37:19.775 I/System.out( 3828): params: {json={"command":"keyboard_enter_text","arguments":["97123743947239847210"]}
12-09 07:37:19.775 I/System.out( 3828): }
12-09 07:37:19.775 I/System.out( 3828): header: {date=Sun, 09 Dec 2018 07:37:19 GMT, accept=*/*, content-length=70, host=127.0.0.1:34777, user-agent=HTTPClient/1.0 (2.8.3, ruby 2.3.1 (2016-04-26)), content-type=application/json;charset=utf-8}
12-09 07:37:19.775 I/System.out( 3828): params: {json={"command":"keyboard_enter_text","arguments":["97123743947239847210"]}
12-09 07:37:19.776 I/System.out( 3828): }
12-09 07:37:19.776 I/System.out( 3828): ProP json = {"command":"keyboard_enter_text","arguments":["97123743947239847210"]}
12-09 07:37:19.776 I/System.out( 3828): files: {}
12-09 07:37:19.776 I/System.out( 3828): command: {"command":"keyboard_enter_text","arguments":["97123743947239847210"]}
12-09 07:37:19.777 I/InstrumentationBackend( 3828): Got command:'Command:'Line:null,keyboard_enter_text', arguments:'[97123743947239847210]'
12-09 07:37:19.891 E/SpannableStringBuilder( 3828): SPAN_EXCLUSIVE_EXCLUSIVE spans cannot have a zero length
12-09 07:37:19.891 E/SpannableStringBuilder( 3828): SPAN_EXCLUSIVE_EXCLUSIVE spans cannot have a zero length
12-09 07:37:20.163 E/SpannableStringBuilder( 3828): SPAN_EXCLUSIVE_EXCLUSIVE spans cannot have a zero length
12-09 07:37:20.163 E/SpannableStringBuilder( 3828): SPAN_EXCLUSIVE_EXCLUSIVE spans cannot have a zero length
12-09 07:37:20.185 I/System.out( 3828): result:{"bonusInformation":[],"message":"","success":true}
12-09 07:37:20.321 I/System.out( 3828): URI: //map
12-09 07:37:20.321 I/System.out( 3828): params: {json={"query":"android.widget.EditText id:'volume'","operation":{"method_name":"query","arguments":[]}}
12-09 07:37:20.321 I/System.out( 3828): }
12-09 07:37:20.412 I/art     ( 3828): Background sticky concurrent mark sweep GC freed 36882(1692KB) AllocSpace objects, 9(180KB) LOS objects, 35% free, 2MB/4MB, paused 18.243ms total 96.652ms
12-09 07:37:20.470 W/ResourceType( 3828): No package identifier when getting name for resource number 0x00000001
12-09 07:37:20.634 I/System.out( 3828): URI: //gesture
12-09 07:37:20.634 I/System.out( 3828): params: {json={"query_timeout":5.0,"gestures":[{"query_string":"android.widget.EditText id:'volume'","touches":[{"x":50,"y":50,"offset_x":0,"offset_y":0,"wait":0.0,"time":0.2,"release":true,"query_string":null}]}]}
12-09 07:37:20.634 I/System.out( 3828): }
12-09 07:37:20.670 I/art     ( 3828): Background sticky concurrent mark sweep GC freed 36438(1700KB) AllocSpace objects, 1(20KB) LOS objects, 27% free, 3MB/4MB, paused 8.026ms total 138.833ms
12-09 07:37:20.795 W/ResourceType( 3828): No package identifier when getting name for resource number 0x00000001
12-09 07:37:21.318 I/LatinIME( 1873): Starting input. Cursor position = 0,0
12-09 07:37:21.382 W/art     ( 3828): Suspending all threads took: 23.392ms
12-09 07:37:21.455 I/art     ( 3828): Background sticky concurrent mark sweep GC freed 44440(2007KB) AllocSpace objects, 1(20KB) LOS objects, 35% free, 2MB/4MB, paused 24.719ms total 120.440ms
12-09 07:37:21.824 I/Choreographer( 1873): Skipped 33 frames!  The application may be doing too much work on its main thread.
12-09 07:37:21.983 I/System.out( 3828): URI: //
12-09 07:37:21.983 I/System.out( 3828): params: {json={"command":"set_selection","arguments":[-1,-1]}
12-09 07:37:21.983 I/System.out( 3828): }
12-09 07:37:21.983 I/System.out( 3828): header: {date=Sun, 09 Dec 2018 07:37:22 GMT, accept=*/*, content-length=47, host=127.0.0.1:34777, user-agent=HTTPClient/1.0 (2.8.3, ruby 2.3.1 (2016-04-26)), content-type=application/json;charset=utf-8}
12-09 07:37:21.983 I/System.out( 3828): params: {json={"command":"set_selection","arguments":[-1,-1]}
12-09 07:37:21.983 I/System.out( 3828): }
12-09 07:37:21.983 I/System.out( 3828): ProP json = {"command":"set_selection","arguments":[-1,-1]}
12-09 07:37:21.983 I/System.out( 3828): files: {}
12-09 07:37:21.983 I/System.out( 3828): command: {"command":"set_selection","arguments":[-1,-1]}
12-09 07:37:21.984 I/InstrumentationBackend( 3828): Got command:'Command:'Line:null,set_selection', arguments:'[-1, -1]'
12-09 07:37:22.131 I/System.out( 3828): result:{"bonusInformation":[],"message":"","success":true}
12-09 07:37:22.418 I/System.out( 3828): URI: //
12-09 07:37:22.418 I/System.out( 3828): params: {json={"command":"keyboard_enter_text","arguments":["98123743947721092831"]}
12-09 07:37:22.418 I/System.out( 3828): }
12-09 07:37:22.418 I/System.out( 3828): header: {date=Sun, 09 Dec 2018 07:37:22 GMT, accept=*/*, content-length=70, host=127.0.0.1:34777, user-agent=HTTPClient/1.0 (2.8.3, ruby 2.3.1 (2016-04-26)), content-type=application/json;charset=utf-8}
12-09 07:37:22.418 I/System.out( 3828): params: {json={"command":"keyboard_enter_text","arguments":["98123743947721092831"]}
12-09 07:37:22.418 I/System.out( 3828): }
12-09 07:37:22.418 I/System.out( 3828): ProP json = {"command":"keyboard_enter_text","arguments":["98123743947721092831"]}
12-09 07:37:22.425 I/System.out( 3828): files: {}
12-09 07:37:22.425 I/System.out( 3828): command: {"command":"keyboard_enter_text","arguments":["98123743947721092831"]}
12-09 07:37:22.428 I/InstrumentationBackend( 3828): Got command:'Command:'Line:null,keyboard_enter_text', arguments:'[98123743947721092831]'
12-09 07:37:22.428 E/SpannableStringBuilder( 3828): SPAN_EXCLUSIVE_EXCLUSIVE spans cannot have a zero length
12-09 07:37:22.428 E/SpannableStringBuilder( 3828): SPAN_EXCLUSIVE_EXCLUSIVE spans cannot have a zero length
12-09 07:37:22.443 E/SpannableStringBuilder( 3828): SPAN_EXCLUSIVE_EXCLUSIVE spans cannot have a zero length
12-09 07:37:22.443 E/SpannableStringBuilder( 3828): SPAN_EXCLUSIVE_EXCLUSIVE spans cannot have a zero length
12-09 07:37:22.475 I/System.out( 3828): result:{"bonusInformation":[],"message":"","success":true}
12-09 07:37:22.581 I/System.out( 3828): URI: //map
12-09 07:37:22.582 I/System.out( 3828): params: {json={"query":"android.widget.EditText id:'odometer'","operation":{"method_name":"query","arguments":[]}}
12-09 07:37:22.582 I/System.out( 3828): }
12-09 07:37:22.607 W/ResourceType( 3828): No package identifier when getting name for resource number 0x00000001
12-09 07:37:22.771 I/art     ( 3828): Background sticky concurrent mark sweep GC freed 38397(1627KB) AllocSpace objects, 1(20KB) LOS objects, 25% free, 3MB/4MB, paused 9.704ms total 106.145ms
12-09 07:37:22.853 I/System.out( 3828): URI: //gesture
12-09 07:37:22.853 I/System.out( 3828): params: {json={"query_timeout":5.0,"gestures":[{"query_string":"android.widget.EditText id:'odometer'","touches":[{"x":50,"y":50,"offset_x":0,"offset_y":0,"wait":0.0,"time":0.2,"release":true,"query_string":null}]}]}
12-09 07:37:22.854 I/System.out( 3828): }
12-09 07:37:23.088 W/ResourceType( 3828): No package identifier when getting name for resource number 0x00000001
12-09 07:37:23.394 I/LatinIME( 1873): Starting input. Cursor position = 0,0
12-09 07:37:23.556 I/art     ( 3828): Background sticky concurrent mark sweep GC freed 51732(2MB) AllocSpace objects, 2(40KB) LOS objects, 28% free, 3MB/4MB, paused 3.059ms total 128.235ms
12-09 07:37:24.078 I/System.out( 3828): URI: //
12-09 07:37:24.078 I/System.out( 3828): params: {json={"command":"set_selection","arguments":[-1,-1]}
12-09 07:37:24.078 I/System.out( 3828): }
12-09 07:37:24.078 I/System.out( 3828): header: {date=Sun, 09 Dec 2018 07:37:24 GMT, accept=*/*, content-length=47, host=127.0.0.1:34777, user-agent=HTTPClient/1.0 (2.8.3, ruby 2.3.1 (2016-04-26)), content-type=application/json;charset=utf-8}
12-09 07:37:24.078 I/System.out( 3828): params: {json={"command":"set_selection","arguments":[-1,-1]}
12-09 07:37:24.078 I/System.out( 3828): }
12-09 07:37:24.078 I/System.out( 3828): ProP json = {"command":"set_selection","arguments":[-1,-1]}
12-09 07:37:24.078 I/System.out( 3828): files: {}
12-09 07:37:24.078 I/System.out( 3828): command: {"command":"set_selection","arguments":[-1,-1]}
12-09 07:37:24.079 I/InstrumentationBackend( 3828): Got command:'Command:'Line:null,set_selection', arguments:'[-1, -1]'
12-09 07:37:24.129 I/System.out( 3828): result:{"bonusInformation":[],"message":"","success":true}
12-09 07:37:24.322 I/System.out( 3828): URI: //
12-09 07:37:24.322 I/System.out( 3828): params: {json={"command":"keyboard_enter_text","arguments":["98879898284721092831"]}
12-09 07:37:24.323 I/System.out( 3828): }
12-09 07:37:24.323 I/System.out( 3828): header: {date=Sun, 09 Dec 2018 07:37:24 GMT, accept=*/*, content-length=70, host=127.0.0.1:34777, user-agent=HTTPClient/1.0 (2.8.3, ruby 2.3.1 (2016-04-26)), content-type=application/json;charset=utf-8}
12-09 07:37:24.323 I/System.out( 3828): params: {json={"command":"keyboard_enter_text","arguments":["98879898284721092831"]}
12-09 07:37:24.323 I/System.out( 3828): }
12-09 07:37:24.323 I/System.out( 3828): ProP json = {"command":"keyboard_enter_text","arguments":["98879898284721092831"]}
12-09 07:37:24.323 I/System.out( 3828): files: {}
12-09 07:37:24.323 I/System.out( 3828): command: {"command":"keyboard_enter_text","arguments":["98879898284721092831"]}
12-09 07:37:24.324 I/InstrumentationBackend( 3828): Got command:'Command:'Line:null,keyboard_enter_text', arguments:'[98879898284721092831]'
12-09 07:37:24.324 E/SpannableStringBuilder( 3828): SPAN_EXCLUSIVE_EXCLUSIVE spans cannot have a zero length
12-09 07:37:24.324 E/SpannableStringBuilder( 3828): SPAN_EXCLUSIVE_EXCLUSIVE spans cannot have a zero length
12-09 07:37:24.351 E/SpannableStringBuilder( 3828): SPAN_EXCLUSIVE_EXCLUSIVE spans cannot have a zero length
12-09 07:37:24.351 E/SpannableStringBuilder( 3828): SPAN_EXCLUSIVE_EXCLUSIVE spans cannot have a zero length
12-09 07:37:24.366 I/System.out( 3828): result:{"bonusInformation":[],"message":"","success":true}
12-09 07:37:24.401 W/art     ( 3828): Suspending all threads took: 19.809ms
12-09 07:37:24.470 I/art     ( 3828): Background sticky concurrent mark sweep GC freed 27157(1247KB) AllocSpace objects, 7(140KB) LOS objects, 27% free, 3MB/4MB, paused 21.941ms total 114.512ms
12-09 07:37:25.570 I/System.out( 3828): URI: //map
12-09 07:37:25.570 I/System.out( 3828): params: {json={"query":"android.widget.Button index:2","operation":{"method_name":"query","arguments":[]}}
12-09 07:37:25.570 I/System.out( 3828): }
12-09 07:37:25.953 I/art     ( 3828): Background partial concurrent mark sweep GC freed 52168(2MB) AllocSpace objects, 9(180KB) LOS objects, 39% free, 2MB/4MB, paused 9.223ms total 341.627ms
12-09 07:37:25.994 I/System.out( 3828): URI: //gesture
12-09 07:37:25.995 I/System.out( 3828): params: {json={"query_timeout":5.0,"gestures":[{"query_string":"android.widget.Button index:2","touches":[{"x":50,"y":50,"offset_x":0,"offset_y":0,"wait":0.0,"time":0.2,"release":true,"query_string":null}]}]}
12-09 07:37:25.995 I/System.out( 3828): }
12-09 07:37:26.510 W/audio_hw_generic( 1308): Hardware backing HAL too slow, could only write 0 of 661 frames
12-09 07:37:26.531 W/audio_hw_generic( 1308): Hardware backing HAL too slow, could only write 0 of 661 frames
12-09 07:37:26.610 I/art     ( 3828): Background sticky concurrent mark sweep GC freed 40458(1673KB) AllocSpace objects, 1(20KB) LOS objects, 20% free, 3MB/4MB, paused 1.548ms total 135.890ms
12-09 07:37:26.636 W/audio_hw_generic( 1308): Not supplying enough data to HAL, expected position 1083007 , only wrote 1082718
12-09 07:37:26.636 W/audio_hw_generic( 1308): Not supplying enough data to HAL, expected position 1082725 , only wrote 1082718
12-09 07:37:26.653 W/audio_hw_generic( 1308): Not supplying enough data to HAL, expected position 1083446 , only wrote 1083379
12-09 07:37:26.806 W/audio_hw_generic( 1308): Not supplying enough data to HAL, expected position 1090098 , only wrote 1089989
12-09 07:37:26.872 I/LatinIME( 1873): Starting input. Cursor position = -1,-1
12-09 07:37:27.030 W/audio_hw_generic( 1308): Not supplying enough data to HAL, expected position 1099907 , only wrote 1099904
12-09 07:37:27.046 W/audio_hw_generic( 1308): Not supplying enough data to HAL, expected position 1100607 , only wrote 1100565
12-09 07:37:27.081 W/audio_hw_generic( 1308): Hardware backing HAL too slow, could only write 0 of 661 frames
12-09 07:37:27.113 W/audio_hw_generic( 1308): Hardware backing HAL too slow, could only write 0 of 661 frames
12-09 07:37:27.133 D/Mileage.ABS( 3828): Finished backup
12-09 07:37:27.148 D/Mileage.ABS( 3828): Not backing up; 27
12-09 07:37:27.148 D/Mileage.ABS( 3828): Not backing up; 27
12-09 07:37:27.148 D/Mileage.ABS( 3828): Not backing up; 27
12-09 07:37:27.249 E/SurfaceFlinger( 1223): ro.sf.lcd_density must be defined as a build property
12-09 07:37:27.315 D/gralloc_ranchu( 1223): gralloc_alloc: Creating ashmem region of size 3686400
12-09 07:37:27.425 W/audio_hw_generic( 1308): Not supplying enough data to HAL, expected position 1117287 , only wrote 1113785
12-09 07:37:27.425 W/audio_hw_generic( 1308): Not supplying enough data to HAL, expected position 1113792 , only wrote 1113785
12-09 07:37:27.450 W/audio_hw_generic( 1308): Not supplying enough data to HAL, expected position 1114889 , only wrote 1114446
12-09 07:37:27.485 D/        ( 3916): HostConnection::get() New Host Connection established 0x7fc984e92480, tid 3916
12-09 07:37:27.498 W/audio_hw_generic( 1308): Hardware backing HAL too slow, could only write 0 of 661 frames
12-09 07:37:27.513 W/audio_hw_generic( 1308): Hardware backing HAL too slow, could only write 0 of 661 frames
12-09 07:37:27.518 E/EGL_emulation( 1223): tid 1223: eglCreateSyncKHR(1881): error 0x3004 (EGL_BAD_ATTRIBUTE)
12-09 07:37:27.557 W/audio_hw_generic( 1308): Hardware backing HAL too slow, could only write 0 of 661 frames
12-09 07:37:27.565 W/audio_hw_generic( 1308): Not supplying enough data to HAL, expected position 1119520 , only wrote 1119073
12-09 07:37:27.566 W/audio_hw_generic( 1308): Not supplying enough data to HAL, expected position 1119081 , only wrote 1119073
12-09 07:37:27.621 W/audio_hw_generic( 1308): Hardware backing HAL too slow, could only write 0 of 661 frames
12-09 07:37:27.637 W/audio_hw_generic( 1308): Hardware backing HAL too slow, could only write 0 of 661 frames
12-09 07:37:27.692 W/audio_hw_generic( 1308): Not supplying enough data to HAL, expected position 1124634 , only wrote 1123039
12-09 07:37:27.692 W/audio_hw_generic( 1308): Not supplying enough data to HAL, expected position 1123047 , only wrote 1123039
12-09 07:37:27.707 W/audio_hw_generic( 1308): Not supplying enough data to HAL, expected position 1123714 , only wrote 1123700
12-09 07:37:27.707 W/audio_hw_generic( 1308): Hardware backing HAL too slow, could only write 0 of 661 frames
12-09 07:37:27.708 W/audio_hw_generic( 1308): Hardware backing HAL too slow, could only write 0 of 661 frames
12-09 07:37:27.761 W/audio_hw_generic( 1308): Hardware backing HAL too slow, could only write 0 of 661 frames
12-09 07:37:27.761 W/audio_hw_generic( 1308): Hardware backing HAL too slow, could only write 0 of 661 frames
12-09 07:37:27.777 W/audio_hw_generic( 1308): Hardware backing HAL too slow, could only write 0 of 661 frames
12-09 07:37:27.808 W/audio_hw_generic( 1308): Hardware backing HAL too slow, could only write 0 of 661 frames
12-09 07:37:27.833 W/audio_hw_generic( 1308): Not supplying enough data to HAL, expected position 1129263 , only wrote 1128327
12-09 07:37:27.834 W/audio_hw_generic( 1308): Not supplying enough data to HAL, expected position 1128338 , only wrote 1128327
12-09 07:37:27.834 W/audio_hw_generic( 1308): Hardware backing HAL too slow, could only write 0 of 661 frames
12-09 07:37:27.848 W/audio_hw_generic( 1308): Hardware backing HAL too slow, could only write 0 of 661 frames
12-09 07:37:27.849 W/audio_hw_generic( 1308): Hardware backing HAL too slow, could only write 0 of 661 frames
12-09 07:37:27.853 W/RichInputConnection( 1873): Slow InputConnection: GET_TEXT_BEFORE_CURSOR took 354 ms.
12-09 07:37:27.870 W/audio_hw_generic( 1308): Hardware backing HAL too slow, could only write 0 of 661 frames
12-09 07:37:27.886 W/audio_hw_generic( 1308): Hardware backing HAL too slow, could only write 0 of 661 frames
12-09 07:37:28.170 I/InputAttributes( 1873): InputType.TYPE_NULL is specified
12-09 07:37:28.264 W/audio_hw_generic( 1308): Not supplying enough data to HAL, expected position 1147316 , only wrote 1146835
12-09 07:37:28.264 W/audio_hw_generic( 1308): Not supplying enough data to HAL, expected position 1146842 , only wrote 1146835
12-09 07:37:28.302 W/audio_hw_generic( 1308): Not supplying enough data to HAL, expected position 1148482 , only wrote 1147496
12-09 07:37:28.382 I/Choreographer( 1873): Skipped 90 frames!  The application may be doing too much work on its main thread.
12-09 07:37:28.482 W/audio_hw_generic( 1308): Not supplying enough data to HAL, expected position 1155446 , only wrote 1154767
12-09 07:37:28.482 W/audio_hw_generic( 1308): Not supplying enough data to HAL, expected position 1154774 , only wrote 1154767
12-09 07:37:28.525 D/EGL_emulation( 1873): eglMakeCurrent: 0x7fe272e09380: ver 2 0 (tinfo 0x7fe2766d8d20)
12-09 07:37:28.525 W/audio_hw_generic( 1308): Not supplying enough data to HAL, expected position 1156655 , only wrote 1155428
12-09 07:37:28.533 E/Surface ( 1873): getSlotFromBufferLocked: unknown buffer: 0x7fe27b8a6980
12-09 07:37:28.574 I/System.out( 3828): URI: //map
12-09 07:37:28.574 I/System.out( 3828): params: {json={"query":"android.widget.ListView index:0 android.widget.TextView index:0","operation":{"method_name":"query","arguments":[]}}
12-09 07:37:28.575 I/System.out( 3828): }
12-09 07:37:28.575 W/audio_hw_generic( 1308): Hardware backing HAL too slow, could only write 0 of 661 frames
12-09 07:37:28.598 W/audio_hw_generic( 1308): Hardware backing HAL too slow, could only write 0 of 661 frames
12-09 07:37:28.634 W/audio_hw_generic( 1308): Not supplying enough data to HAL, expected position 1160244 , only wrote 1160055
12-09 07:37:28.697 W/audio_hw_generic( 1308): Hardware backing HAL too slow, could only write 0 of 661 frames
12-09 07:37:28.697 W/audio_hw_generic( 1308): Not supplying enough data to HAL, expected position 1162835 , only wrote 1162699
12-09 07:37:28.698 W/audio_hw_generic( 1308): Not supplying enough data to HAL, expected position 1162705 , only wrote 1162699
12-09 07:37:28.698 W/audio_hw_generic( 1308): Hardware backing HAL too slow, could only write 0 of 661 frames
12-09 07:37:28.698 I/art     ( 3828): WaitForGcToComplete blocked for 89.515ms for cause Background
12-09 07:37:28.715 W/audio_hw_generic( 1308): Not supplying enough data to HAL, expected position 1163491 , only wrote 1163360
12-09 07:37:28.716 W/audio_hw_generic( 1308): Hardware backing HAL too slow, could only write 0 of 661 frames
12-09 07:37:28.750 W/audio_hw_generic( 1308): Hardware backing HAL too slow, could only write 0 of 661 frames
12-09 07:37:28.832 W/audio_hw_generic( 1308): Not supplying enough data to HAL, expected position 1168517 , only wrote 1167987
12-09 07:37:28.833 W/audio_hw_generic( 1308): Not supplying enough data to HAL, expected position 1167995 , only wrote 1167987
12-09 07:37:28.854 W/audio_hw_generic( 1308): Not supplying enough data to HAL, expected position 1168931 , only wrote 1168648
12-09 07:37:28.967 W/audio_hw_generic( 1308): Not supplying enough data to HAL, expected position 1173640 , only wrote 1171953
12-09 07:37:28.967 W/audio_hw_generic( 1308): Not supplying enough data to HAL, expected position 1171960 , only wrote 1171953
12-09 07:37:29.011 W/audio_hw_generic( 1308): Not supplying enough data to HAL, expected position 1173867 , only wrote 1172614
12-09 07:37:29.415 I/System.out( 3828): URI: //gesture
12-09 07:37:29.435 I/System.out( 3828): params: {json={"query_timeout":5.0,"gestures":[{"query_string":"android.widget.ListView index:0 android.widget.TextView index:0","touches":[{"x":50,"y":50,"offset_x":0,"offset_y":0,"wait":0.0,"time":0.2,"release":true,"query_string":null}]}]}
12-09 07:37:29.435 I/System.out( 3828): }
12-09 07:37:29.505 W/audio_hw_generic( 1308): Not supplying enough data to HAL, expected position 1194419 , only wrote 1193766
12-09 07:37:29.542 W/audio_hw_generic( 1308): Hardware backing HAL too slow, could only write 0 of 661 frames
12-09 07:37:29.612 W/audio_hw_generic( 1308): Not supplying enough data to HAL, expected position 1201412 , only wrote 1197732
12-09 07:37:29.986 W/art     ( 3828): Suspending all threads took: 5.621ms
12-09 07:37:30.068 I/ActivityManager( 1591): START u0 {cmp=com.evancharlton.mileage/.FillupInfoActivity (has extras)} from uid 10115 on display 0
12-09 07:37:30.096 I/art     ( 3828): Background sticky concurrent mark sweep GC freed 57286(2MB) AllocSpace objects, 1(20KB) LOS objects, 26% free, 3MB/4MB, paused 17.410ms total 163.778ms
12-09 07:37:30.159 D/AudioFlinger( 1308): mixer(0xf43c0000) throttle end: throttle time(11)
12-09 07:37:30.185 W/audio_hw_generic( 1308): Hardware backing HAL too slow, could only write 0 of 661 frames
12-09 07:37:30.205 W/audio_hw_generic( 1308): Hardware backing HAL too slow, could only write 0 of 661 frames
12-09 07:37:30.208 I/calabash( 3828): newActivity1
12-09 07:37:30.219 W/audio_hw_generic( 1308): Hardware backing HAL too slow, could only write 0 of 661 frames
12-09 07:37:30.233 W/audio_hw_generic( 1308): Hardware backing HAL too slow, could only write 0 of 661 frames
12-09 07:37:30.257 W/audio_hw_generic( 1308): Hardware backing HAL too slow, could only write 0 of 661 frames
12-09 07:37:30.398 I/art     ( 3828): Background sticky concurrent mark sweep GC freed 15252(914KB) AllocSpace objects, 1(20KB) LOS objects, 22% free, 3MB/4MB, paused 1.529ms total 102.006ms
12-09 07:37:30.469 W/audio_hw_generic( 1308): Not supplying enough data to HAL, expected position 1212275 , only wrote 1212274
12-09 07:37:30.487 W/audio_hw_generic( 1308): Hardware backing HAL too slow, could only write 0 of 661 frames
12-09 07:37:30.487 W/audio_hw_generic( 1308): Not supplying enough data to HAL, expected position 1213052 , only wrote 1212935
12-09 07:37:30.487 W/audio_hw_generic( 1308): Not supplying enough data to HAL, expected position 1212941 , only wrote 1212935
12-09 07:37:30.487 W/audio_hw_generic( 1308): Hardware backing HAL too slow, could only write 0 of 661 frames
12-09 07:37:30.508 W/audio_hw_generic( 1308): Not supplying enough data to HAL, expected position 1213846 , only wrote 1213596
12-09 07:37:30.508 W/audio_hw_generic( 1308): Hardware backing HAL too slow, could only write 0 of 661 frames
12-09 07:37:30.508 W/audio_hw_generic( 1308): Hardware backing HAL too slow, could only write 0 of 661 frames
12-09 07:37:30.549 W/audio_hw_generic( 1308): Hardware backing HAL too slow, could only write 0 of 661 frames
12-09 07:37:30.564 W/audio_hw_generic( 1308): Hardware backing HAL too slow, could only write 0 of 661 frames
12-09 07:37:30.573 W/audio_hw_generic( 1308): Hardware backing HAL too slow, could only write 0 of 661 frames
12-09 07:37:30.710 E/SurfaceFlinger( 1223): ro.sf.lcd_density must be defined as a build property
12-09 07:37:30.715 W/audio_hw_generic( 1308): Not supplying enough data to HAL, expected position 1222714 , only wrote 1221528
12-09 07:37:30.731 V/PhoneStatusBar( 1701): setLightsOn(true)
12-09 07:37:30.738 D/gralloc_ranchu( 1223): gralloc_alloc: Creating ashmem region of size 3686400
12-09 07:37:30.853 D/gralloc_ranchu( 1223): gralloc_alloc: Creating ashmem region of size 3686400
12-09 07:37:30.874 D/        ( 3923): HostConnection::get() New Host Connection established 0x7f4fff7d2480, tid 3923
12-09 07:37:30.924 W/audio_hw_generic( 1308): Not supplying enough data to HAL, expected position 1230749 , only wrote 1230121
12-09 07:37:30.924 W/audio_hw_generic( 1308): Not supplying enough data to HAL, expected position 1230128 , only wrote 1230121
12-09 07:37:30.940 W/audio_hw_generic( 1308): Not supplying enough data to HAL, expected position 1230818 , only wrote 1230782
12-09 07:37:30.945 E/EGL_emulation( 1223): tid 1223: eglCreateSyncKHR(1881): error 0x3004 (EGL_BAD_ATTRIBUTE)
12-09 07:37:31.136 W/audio_hw_generic( 1308): Not supplying enough data to HAL, expected position 1239450 , only wrote 1239375
12-09 07:37:31.137 W/audio_hw_generic( 1308): Not supplying enough data to HAL, expected position 1239382 , only wrote 1239375
12-09 07:37:31.176 W/audio_hw_generic( 1308): Not supplying enough data to HAL, expected position 1241094 , only wrote 1240036
12-09 07:37:31.316 W/art     ( 1591): Long monitor contention event with owner method=void com.android.server.wm.WindowAnimator$1.doFrame(long) from WindowAnimator.java:121 waiters=0 for 102ms
12-09 07:37:31.430 W/audio_hw_generic( 1308): Not supplying enough data to HAL, expected position 1251244 , only wrote 1250612
12-09 07:37:31.621 W/art     ( 1591): Long monitor contention event with owner method=void com.android.server.wm.WindowAnimator$1.doFrame(long) from WindowAnimator.java:121 waiters=1 for 206ms
12-09 07:37:31.642 D/gralloc_ranchu( 1223): gralloc_alloc: Creating ashmem region of size 3686400
12-09 07:37:31.726 W/audio_hw_generic( 1308): Not supplying enough data to HAL, expected position 1263681 , only wrote 1262510
12-09 07:37:31.726 W/audio_hw_generic( 1308): Not supplying enough data to HAL, expected position 1262517 , only wrote 1262510
12-09 07:37:31.746 W/audio_hw_generic( 1308): Not supplying enough data to HAL, expected position 1263392 , only wrote 1263171
12-09 07:37:31.854 W/audio_hw_generic( 1308): Not supplying enough data to HAL, expected position 1267922 , only wrote 1267798
12-09 07:37:31.854 W/audio_hw_generic( 1308): Not supplying enough data to HAL, expected position 1267805 , only wrote 1267798
12-09 07:37:31.854 W/audio_hw_generic( 1308): Hardware backing HAL too slow, could only write 0 of 661 frames
12-09 07:37:31.869 W/audio_hw_generic( 1308): Not supplying enough data to HAL, expected position 1268472 , only wrote 1268459
12-09 07:37:31.870 W/audio_hw_generic( 1308): Hardware backing HAL too slow, could only write 0 of 661 frames
12-09 07:37:31.884 W/audio_hw_generic( 1308): Hardware backing HAL too slow, could only write 0 of 661 frames
12-09 07:37:31.917 W/audio_hw_generic( 1308): Hardware backing HAL too slow, could only write 0 of 661 frames
12-09 07:37:31.918 W/audio_hw_generic( 1308): Hardware backing HAL too slow, could only write 0 of 661 frames
12-09 07:37:31.937 W/audio_hw_generic( 1308): Hardware backing HAL too slow, could only write 0 of 661 frames
12-09 07:37:31.953 W/audio_hw_generic( 1308): Hardware backing HAL too slow, could only write 0 of 661 frames
12-09 07:37:31.992 I/System.out( 3828): URI: //map
12-09 07:37:31.992 I/System.out( 3828): params: {json={"query":"android.widget.Button index:1","operation":{"method_name":"query","arguments":[]}}
12-09 07:37:31.992 I/System.out( 3828): }
12-09 07:37:32.065 W/audio_hw_generic( 1308): Not supplying enough data to HAL, expected position 1277090 , only wrote 1277052
12-09 07:37:32.112 I/ActivityManager( 1591): Displayed com.evancharlton.mileage/.FillupInfoActivity: +1s925ms
12-09 07:37:32.144 W/audio_hw_generic( 1308): Not supplying enough data to HAL, expected position 1280536 , only wrote 1280357
12-09 07:37:32.144 W/audio_hw_generic( 1308): Not supplying enough data to HAL, expected position 1280364 , only wrote 1280357
12-09 07:37:32.149 I/art     ( 3828): Background partial concurrent mark sweep GC freed 19204(1057KB) AllocSpace objects, 5(100KB) LOS objects, 39% free, 2MB/4MB, paused 29.729ms total 76.611ms
12-09 07:37:32.162 W/audio_hw_generic( 1308): Not supplying enough data to HAL, expected position 1281127 , only wrote 1281018
12-09 07:37:32.313 W/audio_hw_generic( 1308): Not supplying enough data to HAL, expected position 1287502 , only wrote 1286967
12-09 07:37:32.330 W/audio_hw_generic( 1308): Not supplying enough data to HAL, expected position 1287897 , only wrote 1286967
12-09 07:37:32.477 I/System.out( 3828): URI: //gesture
12-09 07:37:32.477 I/System.out( 3828): params: {json={"query_timeout":5.0,"gestures":[{"query_string":"android.widget.Button index:1","touches":[{"x":50,"y":50,"offset_x":0,"offset_y":0,"wait":0.0,"time":0.2,"release":true,"query_string":null}]}]}
12-09 07:37:32.477 I/System.out( 3828): }
12-09 07:37:32.494 W/audio_hw_generic( 1308): Not supplying enough data to HAL, expected position 1294189 , only wrote 1293577
12-09 07:37:32.494 W/audio_hw_generic( 1308): Not supplying enough data to HAL, expected position 1293584 , only wrote 1293577
12-09 07:37:32.579 W/audio_hw_generic( 1308): Hardware backing HAL too slow, could only write 0 of 661 frames
12-09 07:37:32.586 I/art     ( 3828): Background sticky concurrent mark sweep GC freed 43751(2000KB) AllocSpace objects, 2(40KB) LOS objects, 37% free, 2MB/4MB, paused 1.070ms total 105.314ms
12-09 07:37:32.597 W/audio_hw_generic( 1308): Hardware backing HAL too slow, could only write 0 of 661 frames
12-09 07:37:32.608 W/audio_hw_generic( 1308): Hardware backing HAL too slow, could only write 0 of 661 frames
12-09 07:37:32.630 W/audio_hw_generic( 1308): Hardware backing HAL too slow, could only write 0 of 661 frames
12-09 07:37:32.643 D/gralloc_ranchu( 1223): gralloc_alloc: Creating ashmem region of size 3686400
12-09 07:37:33.034 W/audio_hw_generic( 1308): Not supplying enough data to HAL, expected position 1317391 , only wrote 1316712
12-09 07:37:33.034 W/audio_hw_generic( 1308): Not supplying enough data to HAL, expected position 1316719 , only wrote 1316712
12-09 07:37:33.046 I/ActivityManager( 1591): START u0 {cmp=com.evancharlton.mileage/.FillupInfoActivity (has extras)} from uid 10115 on display 0
12-09 07:37:33.051 W/audio_hw_generic( 1308): Not supplying enough data to HAL, expected position 1317471 , only wrote 1317373
12-09 07:37:33.088 W/audio_hw_generic( 1308): Not supplying enough data to HAL, expected position 1318971 , only wrote 1318695
12-09 07:37:33.110 W/audio_hw_generic( 1308): Not supplying enough data to HAL, expected position 1319684 , only wrote 1319356
12-09 07:37:33.141 W/audio_hw_generic( 1308): Not supplying enough data to HAL, expected position 1320721 , only wrote 1320678
12-09 07:37:33.212 I/calabash( 3828): newActivity1
12-09 07:37:33.298 W/audio_hw_generic( 1308): Not supplying enough data to HAL, expected position 1327600 , only wrote 1327288
12-09 07:37:33.386 W/audio_hw_generic( 1308): Not supplying enough data to HAL, expected position 1331170 , only wrote 1329932
12-09 07:37:33.386 W/audio_hw_generic( 1308): Not supplying enough data to HAL, expected position 1329939 , only wrote 1329932
12-09 07:37:33.404 W/audio_hw_generic( 1308): Not supplying enough data to HAL, expected position 1330734 , only wrote 1330593
12-09 07:37:33.451 I/art     ( 3828): Background sticky concurrent mark sweep GC freed 33752(1581KB) AllocSpace objects, 1(20KB) LOS objects, 34% free, 3MB/4MB, paused 1.412ms total 165.707ms
12-09 07:37:33.559 W/audio_hw_generic( 1308): Not supplying enough data to HAL, expected position 1337403 , only wrote 1337203
12-09 07:37:33.620 V/PhoneStatusBar( 1701): setLightsOn(true)
12-09 07:37:33.666 D/gralloc_ranchu( 1223): gralloc_alloc: Creating ashmem region of size 3686400
12-09 07:37:33.832 W/audio_hw_generic( 1308): Not supplying enough data to HAL, expected position 1349241 , only wrote 1349101
12-09 07:37:33.847 W/audio_hw_generic( 1308): Hardware backing HAL too slow, could only write 0 of 661 frames
12-09 07:37:33.867 W/audio_hw_generic( 1308): Hardware backing HAL too slow, could only write 0 of 661 frames
12-09 07:37:33.875 E/SurfaceFlinger( 1223): ro.sf.lcd_density must be defined as a build property
12-09 07:37:33.878 W/audio_hw_generic( 1308): Hardware backing HAL too slow, could only write 0 of 661 frames
12-09 07:37:33.908 W/audio_hw_generic( 1308): Hardware backing HAL too slow, could only write 0 of 661 frames
12-09 07:37:33.911 D/gralloc_ranchu( 1223): gralloc_alloc: Creating ashmem region of size 3686400
12-09 07:37:33.934 W/audio_hw_generic( 1308): Hardware backing HAL too slow, could only write 0 of 661 frames
12-09 07:37:33.942 W/audio_hw_generic( 1308): Hardware backing HAL too slow, could only write 0 of 661 frames
12-09 07:37:33.953 W/audio_hw_generic( 1308): Hardware backing HAL too slow, could only write 0 of 661 frames
12-09 07:37:33.982 W/audio_hw_generic( 1308): Hardware backing HAL too slow, could only write 0 of 661 frames
12-09 07:37:33.995 I/ActivityManager( 1591): Displayed com.evancharlton.mileage/.FillupInfoActivity: +901ms
12-09 07:37:33.998 D/gralloc_ranchu( 1223): gralloc_alloc: Creating ashmem region of size 3686400
12-09 07:37:34.086 D/        ( 3929): HostConnection::get() New Host Connection established 0x7f3e55f52480, tid 3929
12-09 07:37:34.110 E/EGL_emulation( 1223): tid 1223: eglCreateSyncKHR(1881): error 0x3004 (EGL_BAD_ATTRIBUTE)
12-09 07:37:34.199 W/audio_hw_generic( 1308): Not supplying enough data to HAL, expected position 1365274 , only wrote 1364304
12-09 07:37:34.199 W/audio_hw_generic( 1308): Not supplying enough data to HAL, expected position 1364312 , only wrote 1364304
12-09 07:37:34.216 W/art     ( 1591): Long monitor contention event with owner method=void com.android.server.wm.WindowAnimator$1.doFrame(long) from WindowAnimator.java:121 waiters=0 for 138ms
12-09 07:37:34.393 W/audio_hw_generic( 1308): Not supplying enough data to HAL, expected position 1372874 , only wrote 1372236
12-09 07:37:34.410 W/audio_hw_generic( 1308): Hardware backing HAL too slow, could only write 0 of 661 frames
12-09 07:37:34.425 W/audio_hw_generic( 1308): Hardware backing HAL too slow, could only write 0 of 661 frames
12-09 07:37:34.455 W/audio_hw_generic( 1308): Hardware backing HAL too slow, could only write 0 of 661 frames
12-09 07:37:34.584 W/audio_hw_generic( 1308): Not supplying enough data to HAL, expected position 1380666 , only wrote 1376863
12-09 07:37:34.584 W/audio_hw_generic( 1308): Not supplying enough data to HAL, expected position 1376870 , only wrote 1376863
12-09 07:37:34.671 W/audio_hw_generic( 1308): Not supplying enough data to HAL, expected position 1380660 , only wrote 1377524
12-09 07:37:34.732 W/audio_hw_generic( 1308): Hardware backing HAL too slow, could only write 0 of 661 frames
12-09 07:37:34.821 W/audio_hw_generic( 1308): Not supplying enough data to HAL, expected position 1384178 , only wrote 1383473
12-09 07:37:34.938 W/audio_hw_generic( 1308): Hardware backing HAL too slow, could only write 0 of 661 frames
12-09 07:37:34.963 W/audio_hw_generic( 1308): Not supplying enough data to HAL, expected position 1389696 , only wrote 1389422
12-09 07:37:34.963 W/audio_hw_generic( 1308): Hardware backing HAL too slow, could only write 0 of 661 frames
12-09 07:37:34.963 W/audio_hw_generic( 1308): Hardware backing HAL too slow, could only write 0 of 661 frames
12-09 07:37:35.005 W/audio_hw_generic( 1308): Hardware backing HAL too slow, could only write 0 of 661 frames
12-09 07:37:35.025 W/audio_hw_generic( 1308): Hardware backing HAL too slow, could only write 0 of 661 frames
12-09 07:37:35.039 W/audio_hw_generic( 1308): Hardware backing HAL too slow, could only write 0 of 661 frames
12-09 07:37:35.050 W/audio_hw_generic( 1308): Hardware backing HAL too slow, could only write 0 of 661 frames
12-09 07:37:35.065 W/audio_hw_generic( 1308): Hardware backing HAL too slow, could only write 0 of 661 frames
12-09 07:37:35.170 W/audio_hw_generic( 1308): Not supplying enough data to HAL, expected position 1398560 , only wrote 1398015
12-09 07:37:35.182 W/audio_hw_generic( 1308): Not supplying enough data to HAL, expected position 1398551 , only wrote 1398015
12-09 07:37:35.195 I/System.out( 3828): URI: //map
12-09 07:37:35.195 I/System.out( 3828): params: {json={"query":"android.widget.Button index:0","operation":{"method_name":"query","arguments":[]}}
12-09 07:37:35.195 I/System.out( 3828): }
12-09 07:37:35.197 W/audio_hw_generic( 1308): Not supplying enough data to HAL, expected position 1398694 , only wrote 1398676
12-09 07:37:35.450 I/System.out( 3828): URI: //gesture
12-09 07:37:35.450 I/System.out( 3828): params: {json={"query_timeout":5.0,"gestures":[{"query_string":"android.widget.Button index:0","touches":[{"x":50,"y":50,"offset_x":0,"offset_y":0,"wait":0.0,"time":0.2,"release":true,"query_string":null}]}]}
12-09 07:37:35.450 I/System.out( 3828): }
12-09 07:37:35.544 W/audio_hw_generic( 1308): Not supplying enough data to HAL, expected position 1413966 , only wrote 1413879
12-09 07:37:35.544 W/audio_hw_generic( 1308): Not supplying enough data to HAL, expected position 1413886 , only wrote 1413879
12-09 07:37:35.761 W/audio_hw_generic( 1308): Not supplying enough data to HAL, expected position 1423440 , only wrote 1414540
12-09 07:37:35.793 W/audio_hw_generic( 1308): Not supplying enough data to HAL, expected position 1415966 , only wrote 1415862
12-09 07:37:35.802 I/ActivityManager( 1591): START u0 {cmp=com.evancharlton.mileage/.FillupInfoActivity (has extras)} from uid 10115 on display 0
12-09 07:37:35.841 W/audio_hw_generic( 1308): Not supplying enough data to HAL, expected position 1417981 , only wrote 1417845
12-09 07:37:35.842 W/audio_hw_generic( 1308): Hardware backing HAL too slow, could only write 0 of 661 frames
12-09 07:37:35.842 W/audio_hw_generic( 1308): Hardware backing HAL too slow, could only write 0 of 661 frames
12-09 07:37:35.902 W/audio_hw_generic( 1308): Hardware backing HAL too slow, could only write 0 of 661 frames
12-09 07:37:35.912 W/audio_hw_generic( 1308): Not supplying enough data to HAL, expected position 1420966 , only wrote 1420489
12-09 07:37:35.912 W/audio_hw_generic( 1308): Not supplying enough data to HAL, expected position 1420496 , only wrote 1420489
12-09 07:37:35.922 D/AudioFlinger( 1308): mixer(0xf43c0000) throttle end: throttle time(22)
12-09 07:37:36.080 W/audio_hw_generic( 1308): Not supplying enough data to HAL, expected position 1427872 , only wrote 1426438
12-09 07:37:36.080 W/audio_hw_generic( 1308): Not supplying enough data to HAL, expected position 1426445 , only wrote 1426438
12-09 07:37:36.116 I/calabash( 3828): newActivity1
12-09 07:37:36.138 W/audio_hw_generic( 1308): Not supplying enough data to HAL, expected position 1428989 , only wrote 1427099
12-09 07:37:36.174 W/audio_hw_generic( 1308): Not supplying enough data to HAL, expected position 1428701 , only wrote 1427760
12-09 07:37:36.174 W/audio_hw_generic( 1308): Not supplying enough data to HAL, expected position 1427767 , only wrote 1427760
12-09 07:37:36.184 I/art     ( 3828): Background sticky concurrent mark sweep GC freed 44036(2010KB) AllocSpace objects, 2(40KB) LOS objects, 37% free, 2MB/4MB, paused 12.241ms total 325.122ms
12-09 07:37:36.205 W/audio_hw_generic( 1308): Not supplying enough data to HAL, expected position 1429124 , only wrote 1428421
12-09 07:37:36.235 W/audio_hw_generic( 1308): Hardware backing HAL too slow, could only write 0 of 661 frames
12-09 07:37:36.257 W/audio_hw_generic( 1308): Hardware backing HAL too slow, could only write 0 of 661 frames
12-09 07:37:36.269 W/audio_hw_generic( 1308): Hardware backing HAL too slow, could only write 0 of 661 frames
12-09 07:37:36.280 W/audio_hw_generic( 1308): Hardware backing HAL too slow, could only write 0 of 661 frames
12-09 07:37:36.400 V/PhoneStatusBar( 1701): setLightsOn(true)
12-09 07:37:36.406 W/audio_hw_generic( 1308): Not supplying enough data to HAL, expected position 1437270 , only wrote 1437014
12-09 07:37:36.435 D/gralloc_ranchu( 1223): gralloc_alloc: Creating ashmem region of size 3686400
12-09 07:37:36.563 E/SurfaceFlinger( 1223): ro.sf.lcd_density must be defined as a build property
12-09 07:37:36.695 D/gralloc_ranchu( 1223): gralloc_alloc: Creating ashmem region of size 3686400
12-09 07:37:36.787 W/audio_hw_generic( 1308): Not supplying enough data to HAL, expected position 1453806 , only wrote 1450895
12-09 07:37:36.825 W/audio_hw_generic( 1308): Not supplying enough data to HAL, expected position 1452583 , only wrote 1450895
12-09 07:37:36.840 D/        ( 3936): HostConnection::get() New Host Connection established 0x7f41f3712480, tid 3936
12-09 07:37:36.841 W/audio_hw_generic( 1308): Not supplying enough data to HAL, expected position 1451599 , only wrote 1451556
12-09 07:37:36.873 W/audio_hw_generic( 1308): Not supplying enough data to HAL, expected position 1452978 , only wrote 1452217
12-09 07:37:36.873 W/audio_hw_generic( 1308): Not supplying enough data to HAL, expected position 1452224 , only wrote 1452217
12-09 07:37:36.894 E/EGL_emulation( 1223): tid 1223: eglCreateSyncKHR(1881): error 0x3004 (EGL_BAD_ATTRIBUTE)
12-09 07:37:36.894 W/audio_hw_generic( 1308): Not supplying enough data to HAL, expected position 1453146 , only wrote 1452878
12-09 07:37:36.939 W/audio_hw_generic( 1308): Hardware backing HAL too slow, could only write 0 of 661 frames
12-09 07:37:36.954 W/audio_hw_generic( 1308): Hardware backing HAL too slow, could only write 0 of 661 frames
12-09 07:37:36.956 W/art     ( 1591): Long monitor contention event with owner method=void com.android.server.wm.WindowAnimator$1.doFrame(long) from WindowAnimator.java:121 waiters=0 for 373ms
12-09 07:37:36.968 W/audio_hw_generic( 1308): Hardware backing HAL too slow, could only write 0 of 661 frames
12-09 07:37:37.038 W/audio_hw_generic( 1308): Not supplying enough data to HAL, expected position 1459220 , only wrote 1458827
12-09 07:37:37.038 W/audio_hw_generic( 1308): Not supplying enough data to HAL, expected position 1458834 , only wrote 1458827
12-09 07:37:37.058 W/audio_hw_generic( 1308): Not supplying enough data to HAL, expected position 1459671 , only wrote 1459488
12-09 07:37:37.108 W/audio_hw_generic( 1308): Hardware backing HAL too slow, could only write 0 of 661 frames
12-09 07:37:37.130 W/audio_hw_generic( 1308): Hardware backing HAL too slow, could only write 0 of 661 frames
12-09 07:37:37.140 W/audio_hw_generic( 1308): Hardware backing HAL too slow, could only write 0 of 661 frames
12-09 07:37:37.152 W/audio_hw_generic( 1308): Hardware backing HAL too slow, could only write 0 of 661 frames
12-09 07:37:37.167 W/audio_hw_generic( 1308): Hardware backing HAL too slow, could only write 0 of 661 frames
12-09 07:37:37.573 W/audio_hw_generic( 1308): Hardware backing HAL too slow, could only write 0 of 661 frames
12-09 07:37:37.630 W/audio_hw_generic( 1308): Not supplying enough data to HAL, expected position 1484726 , only wrote 1484606
12-09 07:37:37.630 W/audio_hw_generic( 1308): Not supplying enough data to HAL, expected position 1484613 , only wrote 1484606
12-09 07:37:37.654 W/audio_hw_generic( 1308): Not supplying enough data to HAL, expected position 1485664 , only wrote 1485267
12-09 07:37:37.694 W/audio_hw_generic( 1308): Not supplying enough data to HAL, expected position 1487020 , only wrote 1486589
12-09 07:37:37.772 D/gralloc_ranchu( 1223): gralloc_alloc: Creating ashmem region of size 3686400
