--------- beginning of main
12-09 08:19:25.331 W/audio_hw_generic( 1308): Hardware backing HAL too slow, could only write 0 of 661 frames
12-09 08:19:25.350 W/audio_hw_generic( 1308): Hardware backing HAL too slow, could only write 0 of 661 frames
12-09 08:19:25.380 E/EGL_emulation( 1219): tid 1219: eglCreateSyncKHR(1881): error 0x3004 (EGL_BAD_ATTRIBUTE)
12-09 08:19:25.539 W/audio_hw_generic( 1308): Not supplying enough data to HAL, expected position 30409309 , only wrote 30409305
12-09 08:19:25.540 W/audio_hw_generic( 1308): Not supplying enough data to HAL, expected position 30409313 , only wrote 30409305
12-09 08:19:25.541 I/art     ( 1592): Background partial concurrent mark sweep GC freed 10921(755KB) AllocSpace objects, 5(100KB) LOS objects, 29% free, 9MB/13MB, paused 1.600ms total 122.537ms
12-09 08:19:25.555 W/audio_hw_generic( 1308): Not supplying enough data to HAL, expected position 30409997 , only wrote 30409966
12-09 08:19:25.556 W/audio_hw_generic( 1308): Hardware backing HAL too slow, could only write 0 of 661 frames
12-09 08:19:25.571 W/audio_hw_generic( 1308): Hardware backing HAL too slow, could only write 0 of 661 frames
12-09 08:19:25.587 W/audio_hw_generic( 1308): Hardware backing HAL too slow, could only write 0 of 661 frames
12-09 08:19:25.602 W/audio_hw_generic( 1308): Hardware backing HAL too slow, could only write 0 of 661 frames
--------- beginning of system
12-09 08:19:25.676 W/ActivityManager( 1592): Finishing task with all activities already finished
12-09 08:19:25.676 W/ActivityManager( 1592): Duplicate finish request for ActivityRecord{36e8b2 u0 com.evancharlton.mileage/.Mileage t447 f}
12-09 08:19:25.677 W/ActivityManager( 1592): Finishing task with all activities already finished
12-09 08:19:25.677 W/ActivityManager( 1592): Duplicate finish request for ActivityRecord{36e8b2 u0 com.evancharlton.mileage/.Mileage t447 f}
12-09 08:19:25.677 W/ActivityManager( 1592): Finishing task with all activities already finished
12-09 08:19:25.677 W/ActivityManager( 1592): Duplicate finish request for ActivityRecord{36e8b2 u0 com.evancharlton.mileage/.Mileage t447 f}
12-09 08:19:25.842 W/audio_hw_generic( 1308): Not supplying enough data to HAL, expected position 30433240 , only wrote 30421203
12-09 08:19:25.934 D/EGL_emulation( 1928): eglMakeCurrent: 0x7fb965834b40: ver 2 0 (tinfo 0x7fb965802ca0)
12-09 08:19:26.060 D/EGL_emulation( 1859): eglMakeCurrent: 0x7fb959a49a00: ver 2 0 (tinfo 0x7fb961736e20)
12-09 08:19:26.064 E/Surface ( 1859): getSlotFromBufferLocked: unknown buffer: 0x7fb961dd41c0
12-09 08:19:26.178 D/AndroidRuntime(15920): >>>>>> START com.android.internal.os.RuntimeInit uid 0 <<<<<<
12-09 08:19:26.193 D/AndroidRuntime(15920): CheckJNI is ON
12-09 08:19:26.232 D/ICU     (15920): No timezone override file found: /data/misc/zoneinfo/current/icu/icu_tzdata.dat
12-09 08:19:26.501 W/art     ( 1592): Long monitor contention event with owner method=void com.android.server.wm.WindowAnimator$1.doFrame(long) from WindowAnimator.java:121 waiters=1 for 293ms
12-09 08:19:26.569 E/memtrack(15920): Couldn't load memtrack module (No such file or directory)
12-09 08:19:26.569 E/android.os.Debug(15920): failed to load memtrack module: -2
12-09 08:19:26.571 I/Radio-JNI(15920): register_android_hardware_Radio DONE
12-09 08:19:26.603 D/AndroidRuntime(15920): Calling main entry com.android.commands.am.Am
12-09 08:19:26.627 I/ActivityManager( 1592): Force stopping com.evancharlton.mileage appid=10135 user=0: start instr
12-09 08:19:26.647 I/ActivityManager( 1592): Killing 15851:com.evancharlton.mileage/u0a135 (adj 0): stop com.evancharlton.mileage
12-09 08:19:26.715 W/art     ( 1592): Long monitor contention event with owner method=void com.android.server.wm.WindowAnimator$1.doFrame(long) from WindowAnimator.java:121 waiters=2 for 479ms
12-09 08:19:26.723 W/InputDispatcher( 1592): channel '63d335e Toast (server)' ~ Consumer closed input channel or an error occurred.  events=0x9
12-09 08:19:26.723 E/InputDispatcher( 1592): channel '63d335e Toast (server)' ~ Channel is unrecoverably broken and will be disposed!
12-09 08:19:26.856 W/ActivityManager( 1592): Crash of app com.evancharlton.mileage running instrumentation ComponentInfo{com.evancharlton.mileage.test/sh.calaba.instrumentationbackend.CalabashInstrumentationTestRunner}
12-09 08:19:26.856 I/ActivityManager( 1592): Force stopping com.evancharlton.mileage appid=10135 user=0: finished inst
12-09 08:19:26.944 W/art     ( 1592): Long monitor contention event with owner method=void com.android.server.wm.WindowAnimator$1.doFrame(long) from WindowAnimator.java:121 waiters=2 for 646ms
12-09 08:19:27.087 W/art     ( 1592): Long monitor contention event with owner method=void com.android.server.wm.WindowAnimator$1.doFrame(long) from WindowAnimator.java:121 waiters=2 for 586ms
12-09 08:19:27.195 W/art     ( 1592): Long monitor contention event with owner method=void com.android.server.wm.WindowAnimator$1.doFrame(long) from WindowAnimator.java:121 waiters=2 for 481ms
12-09 08:19:27.196 W/art     ( 1592): Long monitor contention event with owner method=void com.android.server.wm.WindowAnimator$1.doFrame(long) from WindowAnimator.java:121 waiters=3 for 412ms
12-09 08:19:27.196 I/WindowState( 1592): WIN DEATH: Window{63d335e u0 Toast}
12-09 08:19:27.196 W/InputDispatcher( 1592): Attempted to unregister already unregistered input channel '63d335e Toast (server)'
12-09 08:19:27.201 I/Choreographer( 1928): Skipped 73 frames!  The application may be doing too much work on its main thread.
12-09 08:19:27.253 W/art     ( 1592): Long monitor contention event with owner method=void com.android.server.wm.WindowAnimator$1.doFrame(long) from WindowAnimator.java:121 waiters=4 for 469ms
12-09 08:19:27.253 I/WindowState( 1592): WIN DEATH: Window{3d6e262 u0 com.evancharlton.mileage/com.evancharlton.mileage.Mileage EXITING}
12-09 08:19:27.253 W/art     ( 1592): Long monitor contention event with owner method=void com.android.server.wm.WindowAnimator$1.doFrame(long) from WindowAnimator.java:121 waiters=5 for 469ms
12-09 08:19:27.254 W/art     ( 1592): Long monitor contention event with owner method=void com.android.server.wm.WindowAnimator$1.doFrame(long) from WindowAnimator.java:121 waiters=6 for 396ms
12-09 08:19:27.254 W/art     ( 1592): Long monitor contention event with owner method=void com.android.server.wm.WindowAnimator$1.doFrame(long) from WindowAnimator.java:121 waiters=6 for 310ms
12-09 08:19:27.356 W/art     ( 1592): Long monitor contention event with owner method=void com.android.server.wm.WindowAnimator$1.doFrame(long) from WindowAnimator.java:121 waiters=6 for 269ms
12-09 08:19:27.417 W/WindowAnimator( 1592): Failed to dispatch window animation state change.
12-09 08:19:27.417 W/WindowAnimator( 1592): android.os.DeadObjectException
12-09 08:19:27.417 W/WindowAnimator( 1592): 	at android.os.BinderProxy.transactNative(Native Method)
12-09 08:19:27.417 W/WindowAnimator( 1592): 	at android.os.BinderProxy.transact(Binder.java:503)
12-09 08:19:27.417 W/WindowAnimator( 1592): 	at android.view.IWindow$Stub$Proxy.onAnimationStarted(IWindow.java:520)
12-09 08:19:27.417 W/WindowAnimator( 1592): 	at com.android.server.wm.WindowAnimator.updateWindowsLocked(WindowAnimator.java:282)
12-09 08:19:27.417 W/WindowAnimator( 1592): 	at com.android.server.wm.WindowAnimator.animateLocked(WindowAnimator.java:678)
12-09 08:19:27.417 W/WindowAnimator( 1592): 	at com.android.server.wm.WindowAnimator.-wrap0(WindowAnimator.java)
12-09 08:19:27.417 W/WindowAnimator( 1592): 	at com.android.server.wm.WindowAnimator$1.doFrame(WindowAnimator.java:123)
12-09 08:19:27.417 W/WindowAnimator( 1592): 	at android.view.Choreographer$CallbackRecord.run(Choreographer.java:856)
12-09 08:19:27.417 W/WindowAnimator( 1592): 	at android.view.Choreographer.doCallbacks(Choreographer.java:670)
12-09 08:19:27.417 W/WindowAnimator( 1592): 	at android.view.Choreographer.doFrame(Choreographer.java:603)
12-09 08:19:27.417 W/WindowAnimator( 1592): 	at android.view.Choreographer$FrameDisplayEventReceiver.run(Choreographer.java:844)
12-09 08:19:27.417 W/WindowAnimator( 1592): 	at android.os.Handler.handleCallback(Handler.java:739)
12-09 08:19:27.417 W/WindowAnimator( 1592): 	at android.os.Handler.dispatchMessage(Handler.java:95)
12-09 08:19:27.417 W/WindowAnimator( 1592): 	at android.os.Looper.loop(Looper.java:148)
12-09 08:19:27.417 W/WindowAnimator( 1592): 	at android.os.HandlerThread.run(HandlerThread.java:61)
12-09 08:19:27.417 W/WindowAnimator( 1592): 	at com.android.server.ServiceThread.run(ServiceThread.java:46)
12-09 08:19:27.429 W/OpenGLRenderer( 1928): Incorrectly called buildLayer on View: ShortcutAndWidgetContainer, destroying layer...
12-09 08:19:27.623 I/ActivityManager( 1592): Start proc 15929:com.evancharlton.mileage/u0a135 for added application com.evancharlton.mileage
12-09 08:19:27.623 W/art     ( 1592): Long monitor contention event with owner method=boolean com.android.server.am.ActivityManagerService.startInstrumentation(android.content.ComponentName, java.lang.String, int, android.os.Bundle, android.app.IInstrumentationWatcher, android.app.IUiAutomationConnection, int, java.lang.String) from ActivityManagerService.java:17066 waiters=0 for 975ms
12-09 08:19:27.624 W/art     ( 1592): Long monitor contention event with owner method=boolean com.android.server.am.ActivityManagerService.startInstrumentation(android.content.ComponentName, java.lang.String, int, android.os.Bundle, android.app.IInstrumentationWatcher, android.app.IUiAutomationConnection, int, java.lang.String) from ActivityManagerService.java:17066 waiters=1 for 916ms
12-09 08:19:27.624 W/art     ( 1592): Long monitor contention event with owner method=boolean com.android.server.am.ActivityManagerService.startInstrumentation(android.content.ComponentName, java.lang.String, int, android.os.Bundle, android.app.IInstrumentationWatcher, android.app.IUiAutomationConnection, int, java.lang.String) from ActivityManagerService.java:17066 waiters=2 for 841ms
12-09 08:19:27.624 W/ActivityManager( 1592): Spurious death for ProcessRecord{bcd7b10 0:com.evancharlton.mileage/u0a135}, curProc for 15851: null
12-09 08:19:27.625 W/art     ( 1592): Long monitor contention event with owner method=boolean com.android.server.am.ActivityManagerService.startInstrumentation(android.content.ComponentName, java.lang.String, int, android.os.Bundle, android.app.IInstrumentationWatcher, android.app.IUiAutomationConnection, int, java.lang.String) from ActivityManagerService.java:17066 waiters=3 for 207ms
12-09 08:19:27.626 W/WindowAnimator( 1592): Failed to dispatch window animation state change.
12-09 08:19:27.626 W/WindowAnimator( 1592): android.os.DeadObjectException
12-09 08:19:27.626 W/WindowAnimator( 1592): 	at android.os.BinderProxy.transactNative(Native Method)
12-09 08:19:27.626 W/WindowAnimator( 1592): 	at android.os.BinderProxy.transact(Binder.java:503)
12-09 08:19:27.626 W/WindowAnimator( 1592): 	at android.view.IWindow$Stub$Proxy.onAnimationStopped(IWindow.java:534)
12-09 08:19:27.626 W/WindowAnimator( 1592): 	at com.android.server.wm.WindowAnimator.updateWindowsLocked(WindowAnimator.java:286)
12-09 08:19:27.626 W/WindowAnimator( 1592): 	at com.android.server.wm.WindowAnimator.animateLocked(WindowAnimator.java:678)
12-09 08:19:27.626 W/WindowAnimator( 1592): 	at com.android.server.wm.WindowAnimator.-wrap0(WindowAnimator.java)
12-09 08:19:27.626 W/WindowAnimator( 1592): 	at com.android.server.wm.WindowAnimator$1.doFrame(WindowAnimator.java:123)
12-09 08:19:27.626 W/WindowAnimator( 1592): 	at android.view.Choreographer$CallbackRecord.run(Choreographer.java:856)
12-09 08:19:27.626 W/WindowAnimator( 1592): 	at android.view.Choreographer.doCallbacks(Choreographer.java:670)
12-09 08:19:27.626 W/WindowAnimator( 1592): 	at android.view.Choreographer.doFrame(Choreographer.java:603)
12-09 08:19:27.626 W/WindowAnimator( 1592): 	at android.view.Choreographer$FrameDisplayEventReceiver.run(Choreographer.java:844)
12-09 08:19:27.626 W/WindowAnimator( 1592): 	at android.os.Handler.handleCallback(Handler.java:739)
12-09 08:19:27.626 W/WindowAnimator( 1592): 	at android.os.Handler.dispatchMessage(Handler.java:95)
12-09 08:19:27.626 W/WindowAnimator( 1592): 	at android.os.Looper.loop(Looper.java:148)
12-09 08:19:27.626 W/WindowAnimator( 1592): 	at android.os.HandlerThread.run(HandlerThread.java:61)
12-09 08:19:27.626 W/WindowAnimator( 1592): 	at com.android.server.ServiceThread.run(ServiceThread.java:46)
12-09 08:19:27.637 D/AndroidRuntime(15920): Shutting down VM
12-09 08:19:28.002 W/art     ( 1592): Long monitor contention event with owner method=void com.android.server.wm.WindowAnimator$1.doFrame(long) from WindowAnimator.java:121 waiters=0 for 114ms
12-09 08:19:28.018 W/System  (15929): ClassLoader referenced unknown path: /data/app/com.evancharlton.mileage.test-1/lib/x86_64
12-09 08:19:28.032 W/System  (15929): ClassLoader referenced unknown path: /data/app/com.evancharlton.mileage-1/lib/x86_64
12-09 08:19:28.072 W/WindowAnimator( 1592): Failed to dispatch window animation state change.
12-09 08:19:28.072 W/WindowAnimator( 1592): android.os.DeadObjectException
12-09 08:19:28.072 W/WindowAnimator( 1592): 	at android.os.BinderProxy.transactNative(Native Method)
12-09 08:19:28.072 W/WindowAnimator( 1592): 	at android.os.BinderProxy.transact(Binder.java:503)
12-09 08:19:28.072 W/WindowAnimator( 1592): 	at android.view.IWindow$Stub$Proxy.onAnimationStopped(IWindow.java:534)
12-09 08:19:28.072 W/WindowAnimator( 1592): 	at com.android.server.wm.WindowAnimator.updateWindowsLocked(WindowAnimator.java:286)
12-09 08:19:28.072 W/WindowAnimator( 1592): 	at com.android.server.wm.WindowAnimator.animateLocked(WindowAnimator.java:678)
12-09 08:19:28.072 W/WindowAnimator( 1592): 	at com.android.server.wm.WindowAnimator.-wrap0(WindowAnimator.java)
12-09 08:19:28.072 W/WindowAnimator( 1592): 	at com.android.server.wm.WindowAnimator$1.doFrame(WindowAnimator.java:123)
12-09 08:19:28.072 W/WindowAnimator( 1592): 	at android.view.Choreographer$CallbackRecord.run(Choreographer.java:856)
12-09 08:19:28.072 W/WindowAnimator( 1592): 	at android.view.Choreographer.doCallbacks(Choreographer.java:670)
12-09 08:19:28.072 W/WindowAnimator( 1592): 	at android.view.Choreographer.doFrame(Choreographer.java:603)
12-09 08:19:28.072 W/WindowAnimator( 1592): 	at android.view.Choreographer$FrameDisplayEventReceiver.run(Choreographer.java:844)
12-09 08:19:28.072 W/WindowAnimator( 1592): 	at android.os.Handler.handleCallback(Handler.java:739)
12-09 08:19:28.072 W/WindowAnimator( 1592): 	at android.os.Handler.dispatchMessage(Handler.java:95)
12-09 08:19:28.072 W/WindowAnimator( 1592): 	at android.os.Looper.loop(Looper.java:148)
12-09 08:19:28.072 W/WindowAnimator( 1592): 	at android.os.HandlerThread.run(HandlerThread.java:61)
12-09 08:19:28.072 W/WindowAnimator( 1592): 	at com.android.server.ServiceThread.run(ServiceThread.java:46)
12-09 08:19:28.103 I/System.out(15929): Main activity name automatically set to: com.evancharlton.mileage.Mileage
12-09 08:19:28.104 I/System.out(15929): Calabash did not load Mono. This is only a problem if you are trying to test a Mono application
12-09 08:19:28.104 I/calabash(15929): Test server port: 7102
12-09 08:19:28.129 I/InstrumentationBackend(15929): Added:'GetPreferences', with key:'get_preferences'
12-09 08:19:28.207 W/art     (15929): Suspending all threads took: 8.406ms
12-09 08:19:28.251 I/art     (15929): Background sticky concurrent mark sweep GC freed 14567(607KB) AllocSpace objects, 0(0B) LOS objects, 37% free, 808KB/1284KB, paused 21.632ms total 206.565ms
12-09 08:19:28.288 I/InstrumentationBackend(15929): Added:'SetPreferences', with key:'set_preferences'
12-09 08:19:28.300 I/InstrumentationBackend(15929): Added:'ClearPreferences', with key:'clear_preferences'
12-09 08:19:28.300 I/InstrumentationBackend(15929): Added:'PressElement', with key:'press_l10n_element'
12-09 08:19:28.300 I/InstrumentationBackend(15929): Added:'WaitForElement', with key:'wait_for_l10n_element'
12-09 08:19:28.300 I/InstrumentationBackend(15929): Added:'NullAction', with key:'nullAction'
12-09 08:19:28.301 I/InstrumentationBackend(15929): Added:'PressKey', with key:'press_key'
12-09 08:19:28.301 I/InstrumentationBackend(15929): Added:'SetActivityOrientation', with key:'set_activity_orientation'
12-09 08:19:28.301 I/InstrumentationBackend(15929): Added:'GetActivityOrientation', with key:'get_activity_orientation'
12-09 08:19:28.301 I/InstrumentationBackend(15929): Added:'FakeGPSLocation', with key:'set_gps_coordinates'
12-09 08:19:28.301 I/InstrumentationBackend(15929): Added:'SetPropertyByCssSelector', with key:'set_property_by_css_selector'
12-09 08:19:28.302 I/InstrumentationBackend(15929): Added:'GetUrl', with key:'get_url'
12-09 08:19:28.302 I/InstrumentationBackend(15929): Added:'ScrollTo', with key:'scroll_to'
12-09 08:19:28.302 I/InstrumentationBackend(15929): Added:'GetLoadProgress', with key:'get_load_progress'
12-09 08:19:28.303 I/InstrumentationBackend(15929): Added:'DumpHtml', with key:'dump_html'
12-09 08:19:28.303 I/InstrumentationBackend(15929): Added:'DumpBodyHtml', with key:'dump_body_html'
12-09 08:19:28.308 I/InstrumentationBackend(15929): Added:'EnterTextByCssSelector', with key:'enter_text_by_selector'
12-09 08:19:28.312 I/InstrumentationBackend(15929): Added:'AndroidSDKVersion', with key:'android_sdk_version'
12-09 08:19:28.313 I/InstrumentationBackend(15929): Added:'Version', with key:'version'
12-09 08:19:28.313 I/InstrumentationBackend(15929): Added:'Drag', with key:'drag'
12-09 08:19:28.313 I/InstrumentationBackend(15929): Added:'TouchCoordinates', with key:'touch_coordinate'
12-09 08:19:28.313 I/InstrumentationBackend(15929): Added:'LongPressCoordinate', with key:'long_press_coordinate'
12-09 08:19:28.313 I/InstrumentationBackend(15929): Added:'DragCoordinates', with key:'drag_coordinates'
12-09 08:19:28.313 I/InstrumentationBackend(15929): Added:'ResumeApplication', with key:'resume_application'
12-09 08:19:28.314 I/InstrumentationBackend(15929): Added:'Swipe', with key:'swipe'
12-09 08:19:28.314 I/InstrumentationBackend(15929): Added:'DoubleTapCoordinate', with key:'double_tap_coordinate'
12-09 08:19:28.314 I/InstrumentationBackend(15929): Added:'ClickOnScreen', with key:'click_on_screen'
12-09 08:19:28.314 I/InstrumentationBackend(15929): Added:'GetActivityName', with key:'get_activity_name'
12-09 08:19:28.314 I/InstrumentationBackend(15929): Added:'ScrollToView', with key:'scroll_to_view'
12-09 08:19:28.315 I/InstrumentationBackend(15929): Added:'ViewConfiguration', with key:'view_configuration'
12-09 08:19:28.315 I/InstrumentationBackend(15929): Added:'IsCurrentActivityFocused', with key:'is_current_activity_focused'
12-09 08:19:28.333 I/InstrumentationBackend(15929): Added:'SendTcp', with key:'send_tcp'
12-09 08:19:28.333 I/InstrumentationBackend(15929): Added:'DpToDevicePixel', with key:'dp_to_device_pixel'
12-09 08:19:28.373 I/art     (15929): Background partial concurrent mark sweep GC freed 1350(179KB) AllocSpace objects, 0(0B) LOS objects, 51% free, 962KB/1986KB, paused 10.052ms total 39.088ms
12-09 08:19:28.444 I/InstrumentationBackend(15929): Added:'KeyboardEnterText', with key:'keyboard_enter_text'
12-09 08:19:28.444 I/InstrumentationBackend(15929): Added:'DeleteSurroundingText', with key:'delete_surrounding_text'
12-09 08:19:28.444 I/InstrumentationBackend(15929): Added:'SetComposingRegion', with key:'set_composing_region'
12-09 08:19:28.444 I/InstrumentationBackend(15929): Added:'SetSelection', with key:'set_selection'
12-09 08:19:28.444 I/InstrumentationBackend(15929): Added:'KeyboardKeyEvent', with key:'keyboard_key_event'
12-09 08:19:28.445 I/InstrumentationBackend(15929): Added:'PressUserActionButton', with key:'press_user_action_button'
12-09 08:19:28.445 I/InstrumentationBackend(15929): Added:'HideSoftKeyboard', with key:'hide_soft_keyboard'
12-09 08:19:28.445 I/InstrumentationBackend(15929): Added:'ListActions', with key:'list_actions'
12-09 08:19:28.446 I/calabash(15929): Instantiating http server at 7102
12-09 08:19:28.446 I/System.out(15929): HTTP Daemon listening on: 7102
12-09 08:19:28.550 I/System.out(15929): URI: //ping
12-09 08:19:28.550 I/System.out(15929): params: {json={}
12-09 08:19:28.550 I/System.out(15929): }
12-09 08:19:28.654 I/System.out(15929): URI: //ping
12-09 08:19:28.654 I/System.out(15929): params: {json={}
12-09 08:19:28.654 I/System.out(15929): }
12-09 08:19:28.678 I/System.out(15929): URI: //ready
12-09 08:19:28.678 I/System.out(15929): params: {json={}
12-09 08:19:28.678 I/System.out(15929): }
12-09 08:19:28.818 I/System.out(15929): URI: //
12-09 08:19:28.819 I/System.out(15929): params: {json={"command":"version","arguments":[]}
12-09 08:19:28.819 I/System.out(15929): }
12-09 08:19:28.819 I/System.out(15929): header: {date=Sun, 09 Dec 2018 08:19:29 GMT, accept=*/*, content-length=36, host=127.0.0.1:34777, user-agent=HTTPClient/1.0 (2.8.3, ruby 2.3.1 (2016-04-26)), content-type=application/json;charset=utf-8}
12-09 08:19:28.819 I/System.out(15929): params: {json={"command":"version","arguments":[]}
12-09 08:19:28.819 I/System.out(15929): }
12-09 08:19:28.819 I/System.out(15929): ProP json = {"command":"version","arguments":[]}
12-09 08:19:28.819 I/System.out(15929): files: {}
12-09 08:19:28.819 I/System.out(15929): command: {"command":"version","arguments":[]}
12-09 08:19:28.846 I/InstrumentationBackend(15929): Got command:'Command:'Line:null,version', arguments:'[]'
12-09 08:19:29.025 I/art     (15929): Background sticky concurrent mark sweep GC freed 7618(556KB) AllocSpace objects, 11(220KB) LOS objects, 24% free, 1504KB/1986KB, paused 1.739ms total 153.121ms
12-09 08:19:29.026 I/System.out(15929): result:{"bonusInformation":[],"message":"0.9.8","success":true}
12-09 08:19:29.090 I/System.out(15929): URI: //start-application
12-09 08:19:29.090 I/System.out(15929): params: {json={"intent":null}
12-09 08:19:29.090 I/System.out(15929): }
12-09 08:19:29.292 I/ActivityManager( 1592): START u0 {act=android.intent.action.MAIN cat=[android.intent.category.LAUNCHER] flg=0x10200000 cmp=com.evancharlton.mileage/.Mileage} from uid 10135 on display 0
12-09 08:19:29.322 I/art     (15929): Background partial concurrent mark sweep GC freed 25017(1232KB) AllocSpace objects, 4(80KB) LOS objects, 45% free, 1250KB/2MB, paused 1.024ms total 194.347ms
12-09 08:19:29.506 W/art     ( 1592): Long monitor contention event with owner method=int com.android.server.wm.WindowManagerService.relayoutWindow(com.android.server.wm.Session, android.view.IWindow, int, android.view.WindowManager$LayoutParams, int, int, int, int, android.graphics.Rect, android.graphics.Rect, android.graphics.Rect, android.graphics.Rect, android.graphics.Rect, android.graphics.Rect, android.content.res.Configuration, android.view.Surface) from WindowManagerService.java:3103 waiters=1 for 151ms
12-09 08:19:29.507 I/calabash(15929): newActivity1
12-09 08:19:29.508 W/art     ( 1592): Long monitor contention event with owner method=void com.android.server.am.ActivityManagerService.activityPaused(android.os.IBinder) from ActivityManagerService.java:6439 waiters=1 for 155ms
12-09 08:19:29.556 D/gralloc_ranchu( 1219): gralloc_alloc: Creating ashmem region of size 3686400
12-09 08:19:29.590 I/calabash(15929): newActivity1
12-09 08:19:29.604 W/ActivityManager( 1592): Bad activity token: android.os.BinderProxy@2e6fa4b
12-09 08:19:29.604 W/ActivityManager( 1592): java.lang.ClassCastException: android.os.BinderProxy cannot be cast to com.android.server.am.ActivityRecord$Token
12-09 08:19:29.604 W/ActivityManager( 1592): 	at com.android.server.am.ActivityRecord.forTokenLocked(ActivityRecord.java:424)
12-09 08:19:29.604 W/ActivityManager( 1592): 	at com.android.server.am.ActivityRecord.isInStackLocked(ActivityRecord.java:1121)
12-09 08:19:29.604 W/ActivityManager( 1592): 	at com.android.server.am.ActivityRecord.getStackLocked(ActivityRecord.java:1126)
12-09 08:19:29.604 W/ActivityManager( 1592): 	at com.android.server.am.ActivityManagerService.getActivityDisplayId(ActivityManagerService.java:8889)
12-09 08:19:29.604 W/ActivityManager( 1592): 	at android.app.ActivityManagerNative.onTransact(ActivityManagerNative.java:2338)
12-09 08:19:29.604 W/ActivityManager( 1592): 	at com.android.server.am.ActivityManagerService.onTransact(ActivityManagerService.java:2443)
12-09 08:19:29.604 W/ActivityManager( 1592): 	at android.os.Binder.execTransact(Binder.java:453)
12-09 08:19:29.605 W/ActivityManager( 1592): Bad activity token: android.os.BinderProxy@2e6fa4b
12-09 08:19:29.605 W/ActivityManager( 1592): java.lang.ClassCastException: android.os.BinderProxy cannot be cast to com.android.server.am.ActivityRecord$Token
12-09 08:19:29.605 W/ActivityManager( 1592): 	at com.android.server.am.ActivityRecord.forTokenLocked(ActivityRecord.java:424)
12-09 08:19:29.605 W/ActivityManager( 1592): 	at com.android.server.am.ActivityRecord.isInStackLocked(ActivityRecord.java:1121)
12-09 08:19:29.605 W/ActivityManager( 1592): 	at com.android.server.am.ActivityManagerService.setTaskDescription(ActivityManagerService.java:8547)
12-09 08:19:29.605 W/ActivityManager( 1592): 	at android.app.ActivityManagerNative.onTransact(ActivityManagerNative.java:2410)
12-09 08:19:29.605 W/ActivityManager( 1592): 	at com.android.server.am.ActivityManagerService.onTransact(ActivityManagerService.java:2443)
12-09 08:19:29.605 W/ActivityManager( 1592): 	at android.os.Binder.execTransact(Binder.java:453)
12-09 08:19:29.743 W/ActivityManager( 1592): Bad activity token: android.os.BinderProxy@2e6fa4b
12-09 08:19:29.743 W/ActivityManager( 1592): java.lang.ClassCastException: android.os.BinderProxy cannot be cast to com.android.server.am.ActivityRecord$Token
12-09 08:19:29.743 W/ActivityManager( 1592): 	at com.android.server.am.ActivityRecord.forTokenLocked(ActivityRecord.java:424)
12-09 08:19:29.743 W/ActivityManager( 1592): 	at com.android.server.am.ActivityRecord.isInStackLocked(ActivityRecord.java:1121)
12-09 08:19:29.743 W/ActivityManager( 1592): 	at com.android.server.am.ActivityManagerService.getActivityOptions(ActivityManagerService.java:11038)
12-09 08:19:29.743 W/ActivityManager( 1592): 	at android.app.ActivityManagerNative.onTransact(ActivityManagerNative.java:1734)
12-09 08:19:29.743 W/ActivityManager( 1592): 	at com.android.server.am.ActivityManagerService.onTransact(ActivityManagerService.java:2443)
12-09 08:19:29.743 W/ActivityManager( 1592): 	at android.os.Binder.execTransact(Binder.java:453)
12-09 08:19:29.749 W/ActivityManager( 1592): Bad activity token: android.os.BinderProxy@2e6fa4b
12-09 08:19:29.749 W/ActivityManager( 1592): java.lang.ClassCastException: android.os.BinderProxy cannot be cast to com.android.server.am.ActivityRecord$Token
12-09 08:19:29.749 W/ActivityManager( 1592): 	at com.android.server.am.ActivityRecord.forTokenLocked(ActivityRecord.java:424)
12-09 08:19:29.749 W/ActivityManager( 1592): 	at com.android.server.am.ActivityRecord.isInStackLocked(ActivityRecord.java:1121)
12-09 08:19:29.749 W/ActivityManager( 1592): 	at com.android.server.am.ActivityManagerService.getActivityOptions(ActivityManagerService.java:11038)
12-09 08:19:29.749 W/ActivityManager( 1592): 	at android.app.ActivityManagerNative.onTransact(ActivityManagerNative.java:1734)
12-09 08:19:29.749 W/ActivityManager( 1592): 	at com.android.server.am.ActivityManagerService.onTransact(ActivityManagerService.java:2443)
12-09 08:19:29.749 W/ActivityManager( 1592): 	at android.os.Binder.execTransact(Binder.java:453)
12-09 08:19:29.800 D/EGL_emulation( 1928): eglMakeCurrent: 0x7fb965834b40: ver 2 0 (tinfo 0x7fb965802ca0)
12-09 08:19:29.813 E/Surface ( 1928): getSlotFromBufferLocked: unknown buffer: 0x7fb961dd61a0
12-09 08:19:29.819 I/art     (15929): Background sticky concurrent mark sweep GC freed 1895(331KB) AllocSpace objects, 0(0B) LOS objects, 17% free, 1885KB/2MB, paused 9.719ms total 42.460ms
12-09 08:19:29.851 V/PhoneStatusBar( 1685): setLightsOn(true)
12-09 08:19:30.250 D/gralloc_ranchu( 1219): gralloc_alloc: Creating ashmem region of size 3686400
12-09 08:19:30.432 D/        (15929): HostConnection::get() New Host Connection established 0x7fb961e3cf80, tid 15929
12-09 08:19:30.925 D/gralloc_ranchu( 1219): gralloc_alloc: Creating ashmem region of size 3686400
12-09 08:19:31.035 W/art     ( 1592): Long monitor contention event with owner method=java.util.List com.android.server.am.ActivityManagerService.getAllStackInfos() from ActivityManagerService.java:8937 waiters=0 for 273ms
12-09 08:19:31.036 I/ActivityManager( 1592): Displayed com.evancharlton.mileage/.Mileage: +1s694ms
12-09 08:19:31.671 D/gralloc_ranchu( 1219): gralloc_alloc: Creating ashmem region of size 3686400
12-09 08:19:32.082 I/art     (15929): Background sticky concurrent mark sweep GC freed 13989(664KB) AllocSpace objects, 1(20KB) LOS objects, 13% free, 1959KB/2MB, paused 9.604ms total 123.457ms
12-09 08:19:33.044 I/System.out(15929): URI: //map
12-09 08:19:33.044 I/System.out(15929): params: {json={"query":"android.widget.EditText id:'price'","operation":{"method_name":"query","arguments":[]}}
12-09 08:19:33.044 I/System.out(15929): }
12-09 08:19:33.345 W/ResourceType(15929): No package identifier when getting name for resource number 0x00000001
12-09 08:19:33.401 I/art     (15929): Background partial concurrent mark sweep GC freed 14002(664KB) AllocSpace objects, 2(40KB) LOS objects, 39% free, 2MB/3MB, paused 2.431ms total 353.626ms
12-09 08:19:33.548 I/System.out(15929): URI: //gesture
12-09 08:19:33.548 I/System.out(15929): params: {json={"query_timeout":5.0,"gestures":[{"query_string":"android.widget.EditText id:'price'","touches":[{"x":50,"y":50,"offset_x":0,"offset_y":0,"wait":0.0,"time":0.2,"release":true,"query_string":null}]}]}
12-09 08:19:33.548 I/System.out(15929): }
12-09 08:19:33.561 W/ResourceType(15929): No package identifier when getting name for resource number 0x00000001
12-09 08:19:33.988 I/LatinIME( 1859): Starting input. Cursor position = 0,0
12-09 08:19:34.125 I/art     (15929): Background sticky concurrent mark sweep GC freed 45079(2029KB) AllocSpace objects, 1(20KB) LOS objects, 38% free, 2MB/3MB, paused 13.260ms total 151.180ms
12-09 08:19:34.576 I/art     ( 1859): Background sticky concurrent mark sweep GC freed 1217(140KB) AllocSpace objects, 1(36KB) LOS objects, 21% free, 2MB/2MB, paused 21.280ms total 72.474ms
12-09 08:19:34.629 D/EGL_emulation( 1859): eglMakeCurrent: 0x7fb959a49a00: ver 2 0 (tinfo 0x7fb961736e20)
12-09 08:19:34.636 I/System.out(15929): URI: //
12-09 08:19:34.637 I/System.out(15929): params: {json={"command":"set_selection","arguments":[-1,-1]}
12-09 08:19:34.637 I/System.out(15929): }
12-09 08:19:34.637 I/System.out(15929): header: {date=Sun, 09 Dec 2018 08:19:35 GMT, accept=*/*, content-length=47, host=127.0.0.1:34777, user-agent=HTTPClient/1.0 (2.8.3, ruby 2.3.1 (2016-04-26)), content-type=application/json;charset=utf-8}
12-09 08:19:34.637 I/System.out(15929): params: {json={"command":"set_selection","arguments":[-1,-1]}
12-09 08:19:34.637 I/System.out(15929): }
12-09 08:19:34.637 I/System.out(15929): ProP json = {"command":"set_selection","arguments":[-1,-1]}
12-09 08:19:34.637 I/System.out(15929): files: {}
12-09 08:19:34.637 I/System.out(15929): command: {"command":"set_selection","arguments":[-1,-1]}
12-09 08:19:34.638 I/InstrumentationBackend(15929): Got command:'Command:'Line:null,set_selection', arguments:'[-1, -1]'
12-09 08:19:34.784 I/System.out(15929): result:{"bonusInformation":[],"message":"","success":true}
12-09 08:19:35.100 I/System.out(15929): URI: //
12-09 08:19:35.103 I/System.out(15929): params: {json={"command":"keyboard_enter_text","arguments":["23"]}
12-09 08:19:35.103 I/System.out(15929): }
12-09 08:19:35.103 I/System.out(15929): header: {date=Sun, 09 Dec 2018 08:19:35 GMT, accept=*/*, content-length=52, host=127.0.0.1:34777, user-agent=HTTPClient/1.0 (2.8.3, ruby 2.3.1 (2016-04-26)), content-type=application/json;charset=utf-8}
12-09 08:19:35.103 I/System.out(15929): params: {json={"command":"keyboard_enter_text","arguments":["23"]}
12-09 08:19:35.103 I/System.out(15929): }
12-09 08:19:35.103 I/System.out(15929): ProP json = {"command":"keyboard_enter_text","arguments":["23"]}
12-09 08:19:35.103 I/System.out(15929): files: {}
12-09 08:19:35.103 I/System.out(15929): command: {"command":"keyboard_enter_text","arguments":["23"]}
12-09 08:19:35.104 I/InstrumentationBackend(15929): Got command:'Command:'Line:null,keyboard_enter_text', arguments:'[23]'
12-09 08:19:35.232 E/SpannableStringBuilder(15929): SPAN_EXCLUSIVE_EXCLUSIVE spans cannot have a zero length
12-09 08:19:35.232 E/SpannableStringBuilder(15929): SPAN_EXCLUSIVE_EXCLUSIVE spans cannot have a zero length
12-09 08:19:35.261 E/SpannableStringBuilder(15929): SPAN_EXCLUSIVE_EXCLUSIVE spans cannot have a zero length
12-09 08:19:35.261 E/SpannableStringBuilder(15929): SPAN_EXCLUSIVE_EXCLUSIVE spans cannot have a zero length
12-09 08:19:35.283 I/System.out(15929): result:{"bonusInformation":[],"message":"","success":true}
12-09 08:19:35.903 E/SurfaceFlinger( 1219): ro.sf.lcd_density must be defined as a build property
12-09 08:19:35.973 D/gralloc_ranchu( 1219): gralloc_alloc: Creating ashmem region of size 3686400
12-09 08:19:36.045 D/        (15960): HostConnection::get() New Host Connection established 0x7fa96ff92480, tid 15960
12-09 08:19:36.077 E/EGL_emulation( 1219): tid 1219: eglCreateSyncKHR(1881): error 0x3004 (EGL_BAD_ATTRIBUTE)
12-09 08:19:36.960 I/System.out(15929): URI: //map
12-09 08:19:36.961 I/System.out(15929): params: {json={"query":"android.widget.EditText id:'volume'","operation":{"method_name":"query","arguments":[]}}
12-09 08:19:36.961 I/System.out(15929): }
12-09 08:19:37.045 W/ResourceType(15929): No package identifier when getting name for resource number 0x00000001
12-09 08:19:37.097 I/art     (15929): Background sticky concurrent mark sweep GC freed 26194(1087KB) AllocSpace objects, 1(20KB) LOS objects, 19% free, 2MB/3MB, paused 10.927ms total 35.924ms
12-09 08:19:37.184 I/System.out(15929): URI: //gesture
12-09 08:19:37.184 I/System.out(15929): params: {json={"query_timeout":5.0,"gestures":[{"query_string":"android.widget.EditText id:'volume'","touches":[{"x":50,"y":50,"offset_x":0,"offset_y":0,"wait":0.0,"time":0.2,"release":true,"query_string":null}]}]}
12-09 08:19:37.184 I/System.out(15929): }
12-09 08:19:37.207 W/ResourceType(15929): No package identifier when getting name for resource number 0x00000001
12-09 08:19:37.529 I/LatinIME( 1859): Starting input. Cursor position = 0,0
12-09 08:19:38.196 I/System.out(15929): URI: //
12-09 08:19:38.223 I/System.out(15929): params: {json={"command":"set_selection","arguments":[-1,-1]}
12-09 08:19:38.223 I/System.out(15929): }
12-09 08:19:38.223 I/System.out(15929): header: {date=Sun, 09 Dec 2018 08:19:38 GMT, accept=*/*, content-length=47, host=127.0.0.1:34777, user-agent=HTTPClient/1.0 (2.8.3, ruby 2.3.1 (2016-04-26)), content-type=application/json;charset=utf-8}
12-09 08:19:38.224 I/System.out(15929): params: {json={"command":"set_selection","arguments":[-1,-1]}
12-09 08:19:38.224 I/System.out(15929): }
12-09 08:19:38.224 I/System.out(15929): ProP json = {"command":"set_selection","arguments":[-1,-1]}
12-09 08:19:38.224 I/System.out(15929): files: {}
12-09 08:19:38.224 I/System.out(15929): command: {"command":"set_selection","arguments":[-1,-1]}
12-09 08:19:38.225 I/InstrumentationBackend(15929): Got command:'Command:'Line:null,set_selection', arguments:'[-1, -1]'
12-09 08:19:38.237 I/System.out(15929): result:{"bonusInformation":[],"message":"","success":true}
12-09 08:19:38.468 I/System.out(15929): URI: //
12-09 08:19:38.468 I/System.out(15929): params: {json={"command":"keyboard_enter_text","arguments":["49"]}
12-09 08:19:38.468 I/System.out(15929): }
12-09 08:19:38.468 I/System.out(15929): header: {date=Sun, 09 Dec 2018 08:19:39 GMT, accept=*/*, content-length=52, host=127.0.0.1:34777, user-agent=HTTPClient/1.0 (2.8.3, ruby 2.3.1 (2016-04-26)), content-type=application/json;charset=utf-8}
12-09 08:19:38.468 I/System.out(15929): params: {json={"command":"keyboard_enter_text","arguments":["49"]}
12-09 08:19:38.468 I/System.out(15929): }
12-09 08:19:38.468 I/System.out(15929): ProP json = {"command":"keyboard_enter_text","arguments":["49"]}
12-09 08:19:38.469 I/System.out(15929): files: {}
12-09 08:19:38.469 I/System.out(15929): command: {"command":"keyboard_enter_text","arguments":["49"]}
12-09 08:19:38.470 I/InstrumentationBackend(15929): Got command:'Command:'Line:null,keyboard_enter_text', arguments:'[49]'
12-09 08:19:38.470 E/SpannableStringBuilder(15929): SPAN_EXCLUSIVE_EXCLUSIVE spans cannot have a zero length
12-09 08:19:38.471 E/SpannableStringBuilder(15929): SPAN_EXCLUSIVE_EXCLUSIVE spans cannot have a zero length
12-09 08:19:38.474 E/SpannableStringBuilder(15929): SPAN_EXCLUSIVE_EXCLUSIVE spans cannot have a zero length
12-09 08:19:38.474 E/SpannableStringBuilder(15929): SPAN_EXCLUSIVE_EXCLUSIVE spans cannot have a zero length
12-09 08:19:38.516 W/art     (15929): Suspending all threads took: 19.650ms
12-09 08:19:38.526 I/System.out(15929): result:{"bonusInformation":[],"message":"","success":true}
12-09 08:19:38.621 I/art     (15929): Background sticky concurrent mark sweep GC freed 23651(1051KB) AllocSpace objects, 5(100KB) LOS objects, 22% free, 2MB/3MB, paused 20.888ms total 140.475ms
12-09 08:19:39.017 E/SurfaceFlinger( 1219): ro.sf.lcd_density must be defined as a build property
12-09 08:19:39.018 D/gralloc_ranchu( 1219): gralloc_alloc: Creating ashmem region of size 3686400
12-09 08:19:39.301 D/        (15971): HostConnection::get() New Host Connection established 0x7f7b35492480, tid 15971
12-09 08:19:39.324 E/EGL_emulation( 1219): tid 1219: eglCreateSyncKHR(1881): error 0x3004 (EGL_BAD_ATTRIBUTE)
12-09 08:19:40.320 I/System.out(15929): URI: //map
12-09 08:19:40.320 I/System.out(15929): params: {json={"query":"android.widget.EditText id:'odometer'","operation":{"method_name":"query","arguments":[]}}
12-09 08:19:40.320 I/System.out(15929): }
12-09 08:19:40.378 W/ResourceType(15929): No package identifier when getting name for resource number 0x00000001
12-09 08:19:40.508 I/art     (15929): Background sticky concurrent mark sweep GC freed 47934(2MB) AllocSpace objects, 2(40KB) LOS objects, 23% free, 2MB/3MB, paused 5.440ms total 107.485ms
12-09 08:19:40.509 I/System.out(15929): URI: //gesture
12-09 08:19:40.515 I/System.out(15929): params: {json={"query_timeout":5.0,"gestures":[{"query_string":"android.widget.EditText id:'odometer'","touches":[{"x":50,"y":50,"offset_x":0,"offset_y":0,"wait":0.0,"time":0.2,"release":true,"query_string":null}]}]}
12-09 08:19:40.515 I/System.out(15929): }
12-09 08:19:40.704 W/ResourceType(15929): No package identifier when getting name for resource number 0x00000001
12-09 08:19:41.170 I/LatinIME( 1859): Starting input. Cursor position = 0,0
12-09 08:19:41.836 I/System.out(15929): URI: //
12-09 08:19:41.836 I/System.out(15929): params: {json={"command":"set_selection","arguments":[-1,-1]}
12-09 08:19:41.836 I/System.out(15929): }
12-09 08:19:41.836 I/System.out(15929): header: {date=Sun, 09 Dec 2018 08:19:42 GMT, accept=*/*, content-length=47, host=127.0.0.1:34777, user-agent=HTTPClient/1.0 (2.8.3, ruby 2.3.1 (2016-04-26)), content-type=application/json;charset=utf-8}
12-09 08:19:41.836 I/System.out(15929): params: {json={"command":"set_selection","arguments":[-1,-1]}
12-09 08:19:41.836 I/System.out(15929): }
12-09 08:19:41.836 I/System.out(15929): ProP json = {"command":"set_selection","arguments":[-1,-1]}
12-09 08:19:41.836 I/System.out(15929): files: {}
12-09 08:19:41.836 I/System.out(15929): command: {"command":"set_selection","arguments":[-1,-1]}
12-09 08:19:41.837 I/InstrumentationBackend(15929): Got command:'Command:'Line:null,set_selection', arguments:'[-1, -1]'
12-09 08:19:41.856 I/System.out(15929): result:{"bonusInformation":[],"message":"","success":true}
12-09 08:19:42.033 I/System.out(15929): URI: //
12-09 08:19:42.033 I/System.out(15929): params: {json={"command":"keyboard_enter_text","arguments":["12"]}
12-09 08:19:42.033 I/System.out(15929): }
12-09 08:19:42.033 I/System.out(15929): header: {date=Sun, 09 Dec 2018 08:19:42 GMT, accept=*/*, content-length=52, host=127.0.0.1:34777, user-agent=HTTPClient/1.0 (2.8.3, ruby 2.3.1 (2016-04-26)), content-type=application/json;charset=utf-8}
12-09 08:19:42.033 I/System.out(15929): params: {json={"command":"keyboard_enter_text","arguments":["12"]}
12-09 08:19:42.033 I/System.out(15929): }
12-09 08:19:42.033 I/System.out(15929): ProP json = {"command":"keyboard_enter_text","arguments":["12"]}
12-09 08:19:42.033 I/System.out(15929): files: {}
12-09 08:19:42.033 I/System.out(15929): command: {"command":"keyboard_enter_text","arguments":["12"]}
12-09 08:19:42.034 I/InstrumentationBackend(15929): Got command:'Command:'Line:null,keyboard_enter_text', arguments:'[12]'
12-09 08:19:42.035 E/SpannableStringBuilder(15929): SPAN_EXCLUSIVE_EXCLUSIVE spans cannot have a zero length
12-09 08:19:42.035 E/SpannableStringBuilder(15929): SPAN_EXCLUSIVE_EXCLUSIVE spans cannot have a zero length
12-09 08:19:42.037 E/SpannableStringBuilder(15929): SPAN_EXCLUSIVE_EXCLUSIVE spans cannot have a zero length
12-09 08:19:42.037 E/SpannableStringBuilder(15929): SPAN_EXCLUSIVE_EXCLUSIVE spans cannot have a zero length
12-09 08:19:42.053 I/System.out(15929): result:{"bonusInformation":[],"message":"","success":true}
12-09 08:19:42.309 I/art     (15929): Background sticky concurrent mark sweep GC freed 13667(669KB) AllocSpace objects, 5(100KB) LOS objects, 19% free, 2MB/3MB, paused 13.604ms total 253.638ms
12-09 08:19:42.563 E/SurfaceFlinger( 1219): ro.sf.lcd_density must be defined as a build property
12-09 08:19:42.564 D/gralloc_ranchu( 1219): gralloc_alloc: Creating ashmem region of size 3686400
12-09 08:19:42.600 D/        (15981): HostConnection::get() New Host Connection established 0x7f7557552480, tid 15981
12-09 08:19:42.636 E/EGL_emulation( 1219): tid 1219: eglCreateSyncKHR(1881): error 0x3004 (EGL_BAD_ATTRIBUTE)
12-09 08:19:44.580 I/System.out(15929): URI: //map
12-09 08:19:44.580 I/System.out(15929): params: {json={"query":"android.widget.Button index:2","operation":{"method_name":"query","arguments":[]}}
12-09 08:19:44.580 I/System.out(15929): }
12-09 08:19:44.865 I/System.out(15929): URI: //gesture
12-09 08:19:44.866 I/System.out(15929): params: {json={"query_timeout":5.0,"gestures":[{"query_string":"android.widget.Button index:2","touches":[{"x":50,"y":50,"offset_x":0,"offset_y":0,"wait":0.0,"time":0.2,"release":true,"query_string":null}]}]}
12-09 08:19:44.866 I/System.out(15929): }
12-09 08:19:45.194 W/art     ( 1592): Long monitor contention event with owner method=void com.android.server.AlarmManagerService$AlarmThread.run() from AlarmManagerService.java:2237 waiters=0 for 112ms
12-09 08:19:45.691 W/audio_hw_generic( 1308): Hardware backing HAL too slow, could only write 0 of 661 frames
12-09 08:19:45.707 I/art     (15929): Background sticky concurrent mark sweep GC freed 53256(2MB) AllocSpace objects, 2(40KB) LOS objects, 40% free, 2MB/4MB, paused 1.168ms total 132.546ms
12-09 08:19:45.796 W/audio_hw_generic( 1308): Hardware backing HAL too slow, could only write 0 of 661 frames
12-09 08:19:45.811 W/audio_hw_generic( 1308): Hardware backing HAL too slow, could only write 0 of 661 frames
12-09 08:19:45.841 W/audio_hw_generic( 1308): Hardware backing HAL too slow, could only write 0 of 661 frames
12-09 08:19:45.841 W/audio_hw_generic( 1308): Hardware backing HAL too slow, could only write 0 of 661 frames
12-09 08:19:45.977 W/audio_hw_generic( 1308): Not supplying enough data to HAL, expected position 30435817 , only wrote 30435084
12-09 08:19:45.977 W/audio_hw_generic( 1308): Hardware backing HAL too slow, could only write 0 of 661 frames
12-09 08:19:45.977 W/audio_hw_generic( 1308): Hardware backing HAL too slow, could only write 0 of 661 frames
12-09 08:19:46.017 W/audio_hw_generic( 1308): Hardware backing HAL too slow, could only write 0 of 661 frames
12-09 08:19:46.030 W/audio_hw_generic( 1308): Hardware backing HAL too slow, could only write 0 of 661 frames
12-09 08:19:46.055 W/audio_hw_generic( 1308): Hardware backing HAL too slow, could only write 0 of 661 frames
12-09 08:19:46.074 I/calabash(15929): newActivity1
12-09 08:19:46.083 W/ActivityManager( 1592): Bad activity token: android.os.BinderProxy@f5e0eed
12-09 08:19:46.083 W/ActivityManager( 1592): java.lang.ClassCastException: android.os.BinderProxy cannot be cast to com.android.server.am.ActivityRecord$Token
12-09 08:19:46.083 W/ActivityManager( 1592): 	at com.android.server.am.ActivityRecord.forTokenLocked(ActivityRecord.java:424)
12-09 08:19:46.083 W/ActivityManager( 1592): 	at com.android.server.am.ActivityRecord.isInStackLocked(ActivityRecord.java:1121)
12-09 08:19:46.083 W/ActivityManager( 1592): 	at com.android.server.am.ActivityRecord.getStackLocked(ActivityRecord.java:1126)
12-09 08:19:46.083 W/ActivityManager( 1592): 	at com.android.server.am.ActivityManagerService.getActivityDisplayId(ActivityManagerService.java:8889)
12-09 08:19:46.083 W/ActivityManager( 1592): 	at android.app.ActivityManagerNative.onTransact(ActivityManagerNative.java:2338)
12-09 08:19:46.083 W/ActivityManager( 1592): 	at com.android.server.am.ActivityManagerService.onTransact(ActivityManagerService.java:2443)
12-09 08:19:46.083 W/ActivityManager( 1592): 	at android.os.Binder.execTransact(Binder.java:453)
12-09 08:19:46.084 W/ActivityManager( 1592): Bad activity token: android.os.BinderProxy@f5e0eed
12-09 08:19:46.084 W/ActivityManager( 1592): java.lang.ClassCastException: android.os.BinderProxy cannot be cast to com.android.server.am.ActivityRecord$Token
12-09 08:19:46.084 W/ActivityManager( 1592): 	at com.android.server.am.ActivityRecord.forTokenLocked(ActivityRecord.java:424)
12-09 08:19:46.084 W/ActivityManager( 1592): 	at com.android.server.am.ActivityRecord.isInStackLocked(ActivityRecord.java:1121)
12-09 08:19:46.084 W/ActivityManager( 1592): 	at com.android.server.am.ActivityManagerService.setTaskDescription(ActivityManagerService.java:8547)
12-09 08:19:46.084 W/ActivityManager( 1592): 	at android.app.ActivityManagerNative.onTransact(ActivityManagerNative.java:2410)
12-09 08:19:46.084 W/ActivityManager( 1592): 	at com.android.server.am.ActivityManagerService.onTransact(ActivityManagerService.java:2443)
12-09 08:19:46.084 W/ActivityManager( 1592): 	at android.os.Binder.execTransact(Binder.java:453)
12-09 08:19:46.102 E/SurfaceFlinger( 1219): ro.sf.lcd_density must be defined as a build property
12-09 08:19:46.104 D/gralloc_ranchu( 1219): gralloc_alloc: Creating ashmem region of size 3686400
12-09 08:19:46.113 W/ActivityManager( 1592): Bad activity token: android.os.BinderProxy@f5e0eed
12-09 08:19:46.113 W/ActivityManager( 1592): java.lang.ClassCastException: android.os.BinderProxy cannot be cast to com.android.server.am.ActivityRecord$Token
12-09 08:19:46.113 W/ActivityManager( 1592): 	at com.android.server.am.ActivityRecord.forTokenLocked(ActivityRecord.java:424)
12-09 08:19:46.113 W/ActivityManager( 1592): 	at com.android.server.am.ActivityRecord.isInStackLocked(ActivityRecord.java:1121)
12-09 08:19:46.113 W/ActivityManager( 1592): 	at com.android.server.am.ActivityManagerService.getActivityOptions(ActivityManagerService.java:11038)
12-09 08:19:46.113 W/ActivityManager( 1592): 	at android.app.ActivityManagerNative.onTransact(ActivityManagerNative.java:1734)
12-09 08:19:46.113 W/ActivityManager( 1592): 	at com.android.server.am.ActivityManagerService.onTransact(ActivityManagerService.java:2443)
12-09 08:19:46.113 W/ActivityManager( 1592): 	at android.os.Binder.execTransact(Binder.java:453)
12-09 08:19:46.114 W/ActivityManager( 1592): Bad activity token: android.os.BinderProxy@f5e0eed
12-09 08:19:46.114 W/ActivityManager( 1592): java.lang.ClassCastException: android.os.BinderProxy cannot be cast to com.android.server.am.ActivityRecord$Token
12-09 08:19:46.114 W/ActivityManager( 1592): 	at com.android.server.am.ActivityRecord.forTokenLocked(ActivityRecord.java:424)
12-09 08:19:46.114 W/ActivityManager( 1592): 	at com.android.server.am.ActivityRecord.isInStackLocked(ActivityRecord.java:1121)
12-09 08:19:46.114 W/ActivityManager( 1592): 	at com.android.server.am.ActivityManagerService.getActivityOptions(ActivityManagerService.java:11038)
12-09 08:19:46.114 W/ActivityManager( 1592): 	at android.app.ActivityManagerNative.onTransact(ActivityManagerNative.java:1734)
12-09 08:19:46.114 W/ActivityManager( 1592): 	at com.android.server.am.ActivityManagerService.onTransact(ActivityManagerService.java:2443)
12-09 08:19:46.114 W/ActivityManager( 1592): 	at android.os.Binder.execTransact(Binder.java:453)
12-09 08:19:46.136 I/Choreographer(15929): Skipped 36 frames!  The application may be doing too much work on its main thread.
12-09 08:19:46.148 I/LatinIME( 1859): Starting input. Cursor position = -1,-1
12-09 08:19:46.205 D/        (15987): HostConnection::get() New Host Connection established 0x7f7129652480, tid 15987
12-09 08:19:46.248 E/EGL_emulation( 1219): tid 1219: eglCreateSyncKHR(1881): error 0x3004 (EGL_BAD_ATTRIBUTE)
12-09 08:19:46.297 D/Mileage (15929): Not enough fillups to calculate economy
12-09 08:19:46.320 D/Mileage.ABS(15929): Finished backup
12-09 08:19:46.389 D/Mileage.ABS(15929): Not backing up; 152
12-09 08:19:46.390 D/Mileage.ABS(15929): Not backing up; 153
12-09 08:19:46.477 W/audio_hw_generic( 1308): Not supplying enough data to HAL, expected position 30457160 , only wrote 30456236
12-09 08:19:46.477 W/audio_hw_generic( 1308): Not supplying enough data to HAL, expected position 30456242 , only wrote 30456236
12-09 08:19:46.497 W/audio_hw_generic( 1308): Not supplying enough data to HAL, expected position 30457125 , only wrote 30456897
12-09 08:19:46.723 W/audio_hw_generic( 1308): Not supplying enough data to HAL, expected position 30466859 , only wrote 30466812
12-09 08:19:46.769 I/InputAttributes( 1859): InputType.TYPE_NULL is specified
