12-09 08:19:04.206 W/audio_hw_generic( 1308): Not supplying enough data to HAL, expected position 31665211 , only wrote 31665205
12-09 08:19:04.225 W/audio_hw_generic( 1308): Not supplying enough data to HAL, expected position 31666048 , only wrote 31665866
12-09 08:19:04.225 W/audio_hw_generic( 1308): Hardware backing HAL too slow, could only write 0 of 661 frames
12-09 08:19:04.226 W/audio_hw_generic( 1308): Hardware backing HAL too slow, could only write 0 of 661 frames
12-09 08:19:04.269 W/audio_hw_generic( 1308): Not supplying enough data to HAL, expected position 31667806 , only wrote 31667188
12-09 08:19:04.270 W/audio_hw_generic( 1308): Hardware backing HAL too slow, could only write 0 of 661 frames
12-09 08:19:04.270 W/audio_hw_generic( 1308): Hardware backing HAL too slow, could only write 0 of 661 frames
12-09 08:19:04.273 I/Choreographer( 1873): Skipped 72 frames!  The application may be doing too much work on its main thread.
12-09 08:19:04.293 W/audio_hw_generic( 1308): Hardware backing HAL too slow, could only write 0 of 661 frames
12-09 08:19:04.339 W/audio_hw_generic( 1308): Hardware backing HAL too slow, could only write 0 of 661 frames
12-09 08:19:04.340 W/audio_hw_generic( 1308): Not supplying enough data to HAL, expected position 31670280 , only wrote 31669832
12-09 08:19:04.340 W/audio_hw_generic( 1308): Not supplying enough data to HAL, expected position 31669838 , only wrote 31669832
12-09 08:19:04.359 W/audio_hw_generic( 1308): Not supplying enough data to HAL, expected position 31670685 , only wrote 31670493
12-09 08:19:04.361 D/EGL_emulation( 1873): eglMakeCurrent: 0x7fe272e09380: ver 2 0 (tinfo 0x7fe2766d8d20)
12-09 08:19:04.362 E/Surface ( 1873): getSlotFromBufferLocked: unknown buffer: 0x7fe26984b640
12-09 08:19:04.407 I/System.out(14825): URI: //gesture
12-09 08:19:04.407 I/System.out(14825): params: {json={"query_timeout":5.0,"gestures":[{"query_string":"android.widget.TabWidget descendant TextView index:0","touches":[{"x":50,"y":50,"offset_x":0,"offset_y":0,"wait":0.0,"time":0.2,"release":true,"query_string":null}]}]}
12-09 08:19:04.407 I/System.out(14825): }
12-09 08:19:04.534 I/art     (14825): Background partial concurrent mark sweep GC freed 21866(1194KB) AllocSpace objects, 5(100KB) LOS objects, 39% free, 2MB/4MB, paused 9.425ms total 115.287ms
12-09 08:19:04.586 W/audio_hw_generic( 1308): Not supplying enough data to HAL, expected position 31680501 , only wrote 31680408
12-09 08:19:04.586 W/audio_hw_generic( 1308): Not supplying enough data to HAL, expected position 31680415 , only wrote 31680408
12-09 08:19:04.602 W/audio_hw_generic( 1308): Not supplying enough data to HAL, expected position 31681124 , only wrote 31681069
12-09 08:19:04.846 W/art     ( 1591): Long monitor contention event with owner method=void com.android.server.wm.WindowAnimator$1.doFrame(long) from WindowAnimator.java:121 waiters=0 for 140ms
12-09 08:19:04.953 W/audio_hw_generic( 1308): Not supplying enough data to HAL, expected position 31696544 , only wrote 31696272
12-09 08:19:04.953 W/audio_hw_generic( 1308): Not supplying enough data to HAL, expected position 31696279 , only wrote 31696272
12-09 08:19:04.970 W/audio_hw_generic( 1308): Not supplying enough data to HAL, expected position 31696985 , only wrote 31696933
12-09 08:19:04.985 W/audio_hw_generic( 1308): Hardware backing HAL too slow, could only write 0 of 661 frames
12-09 08:19:05.005 W/audio_hw_generic( 1308): Hardware backing HAL too slow, could only write 0 of 661 frames
12-09 08:19:05.089 W/audio_hw_generic( 1308): Hardware backing HAL too slow, could only write 0 of 661 frames
12-09 08:19:05.101 W/audio_hw_generic( 1308): Hardware backing HAL too slow, could only write 0 of 661 frames
12-09 08:19:05.134 W/audio_hw_generic( 1308): Hardware backing HAL too slow, could only write 0 of 661 frames
12-09 08:19:05.225 W/audio_hw_generic( 1308): Not supplying enough data to HAL, expected position 31708206 , only wrote 31708170
12-09 08:19:05.300 W/audio_hw_generic( 1308): Hardware backing HAL too slow, could only write 0 of 661 frames
12-09 08:19:05.317 W/audio_hw_generic( 1308): Hardware backing HAL too slow, could only write 0 of 661 frames
12-09 08:19:05.377 W/audio_hw_generic( 1308): Hardware backing HAL too slow, could only write 0 of 661 frames
12-09 08:19:05.378 W/audio_hw_generic( 1308): Not supplying enough data to HAL, expected position 31714884 , only wrote 31714780
12-09 08:19:05.378 W/audio_hw_generic( 1308): Not supplying enough data to HAL, expected position 31714786 , only wrote 31714780
12-09 08:19:05.378 W/audio_hw_generic( 1308): Hardware backing HAL too slow, could only write 0 of 661 frames
12-09 08:19:05.393 W/audio_hw_generic( 1308): Hardware backing HAL too slow, could only write 0 of 661 frames
12-09 08:19:05.393 W/audio_hw_generic( 1308): Hardware backing HAL too slow, could only write 0 of 661 frames
12-09 08:19:05.557 W/audio_hw_generic( 1308): Not supplying enough data to HAL, expected position 31722020 , only wrote 31720729
12-09 08:19:05.557 W/audio_hw_generic( 1308): Not supplying enough data to HAL, expected position 31721414 , only wrote 31720729
12-09 08:19:05.587 W/audio_hw_generic( 1308): Not supplying enough data to HAL, expected position 31722044 , only wrote 31721390
12-09 08:19:05.754 W/audio_hw_generic( 1308): Hardware backing HAL too slow, could only write 0 of 661 frames
12-09 08:19:05.761 W/audio_hw_generic( 1308): Hardware backing HAL too slow, could only write 0 of 661 frames
12-09 08:19:05.769 D/AudioFlinger( 1308): mixer(0xf43c0000) throttle end: throttle time(13)
12-09 08:19:05.777 W/audio_hw_generic( 1308): Hardware backing HAL too slow, could only write 0 of 661 frames
12-09 08:19:05.882 W/audio_hw_generic( 1308): Not supplying enough data to HAL, expected position 31729441 , only wrote 31729322
12-09 08:19:05.917 W/audio_hw_generic( 1308): Hardware backing HAL too slow, could only write 0 of 661 frames
12-09 08:19:05.941 W/audio_hw_generic( 1308): Hardware backing HAL too slow, could only write 0 of 661 frames
12-09 08:19:06.258 W/audio_hw_generic( 1308): Hardware backing HAL too slow, could only write 0 of 661 frames
12-09 08:19:06.274 W/audio_hw_generic( 1308): Hardware backing HAL too slow, could only write 0 of 661 frames
12-09 08:19:06.293 W/audio_hw_generic( 1308): Hardware backing HAL too slow, could only write 0 of 661 frames
12-09 08:19:06.318 W/audio_hw_generic( 1308): Hardware backing HAL too slow, could only write 0 of 661 frames
12-09 08:19:06.333 W/audio_hw_generic( 1308): Hardware backing HAL too slow, could only write 0 of 661 frames
12-09 08:19:06.348 W/audio_hw_generic( 1308): Hardware backing HAL too slow, could only write 0 of 661 frames
12-09 08:19:06.414 W/audio_hw_generic( 1308): Not supplying enough data to HAL, expected position 31752757 , only wrote 31752457
12-09 08:19:06.414 W/audio_hw_generic( 1308): Not supplying enough data to HAL, expected position 31752465 , only wrote 31752457
12-09 08:19:06.811 W/audio_hw_generic( 1308): Not supplying enough data to HAL, expected position 31769963 , only wrote 31769643
12-09 08:19:06.887 I/System.out(14825): URI: //map
12-09 08:19:06.904 I/System.out(14825): params: {json={"query":"android.widget.EditText id:'price'","operation":{"method_name":"query","arguments":[]}}
12-09 08:19:06.904 I/System.out(14825): }
12-09 08:19:07.029 W/ResourceType(14825): No package identifier when getting name for resource number 0x00000001
12-09 08:19:07.188 I/art     (14825): Background sticky concurrent mark sweep GC freed 37263(1564KB) AllocSpace objects, 1(20KB) LOS objects, 25% free, 3MB/4MB, paused 1.235ms total 125.284ms
12-09 08:19:07.219 I/System.out(14825): URI: //gesture
12-09 08:19:07.219 I/System.out(14825): params: {json={"query_timeout":5.0,"gestures":[{"query_string":"android.widget.EditText id:'price'","touches":[{"x":50,"y":50,"offset_x":0,"offset_y":0,"wait":0.0,"time":0.2,"release":true,"query_string":null}]}]}
12-09 08:19:07.219 I/System.out(14825): }
12-09 08:19:07.338 W/audio_hw_generic( 1308): Hardware backing HAL too slow, could only write 0 of 661 frames
12-09 08:19:07.412 W/ResourceType(14825): No package identifier when getting name for resource number 0x00000001
12-09 08:19:07.454 W/audio_hw_generic( 1308): Not supplying enough data to HAL, expected position 31797986 , only wrote 31797405
12-09 08:19:07.460 W/audio_hw_generic( 1308): Not supplying enough data to HAL, expected position 31797688 , only wrote 31797405
12-09 08:19:07.621 W/audio_hw_generic( 1308): Not supplying enough data to HAL, expected position 31804479 , only wrote 31799388
12-09 08:19:07.638 W/audio_hw_generic( 1308): Not supplying enough data to HAL, expected position 31800156 , only wrote 31800049
12-09 08:19:07.661 W/audio_hw_generic( 1308): Not supplying enough data to HAL, expected position 31801074 , only wrote 31800049
12-09 08:19:07.737 I/LatinIME( 1873): Starting input. Cursor position = 0,0
12-09 08:19:07.746 W/audio_hw_generic( 1308): Not supplying enough data to HAL, expected position 31803799 , only wrote 31803354
12-09 08:19:07.747 W/audio_hw_generic( 1308): Not supplying enough data to HAL, expected position 31803361 , only wrote 31803354
12-09 08:19:07.765 W/audio_hw_generic( 1308): Not supplying enough data to HAL, expected position 31804180 , only wrote 31804015
12-09 08:19:07.798 W/audio_hw_generic( 1308): Hardware backing HAL too slow, could only write 0 of 661 frames
12-09 08:19:07.890 W/audio_hw_generic( 1308): Hardware backing HAL too slow, could only write 0 of 661 frames
12-09 08:19:07.974 W/audio_hw_generic( 1308): Not supplying enough data to HAL, expected position 31813215 , only wrote 31812608
12-09 08:19:07.974 W/audio_hw_generic( 1308): Not supplying enough data to HAL, expected position 31812615 , only wrote 31812608
12-09 08:19:07.989 W/audio_hw_generic( 1308): Not supplying enough data to HAL, expected position 31813279 , only wrote 31813269
12-09 08:19:08.021 W/audio_hw_generic( 1308): Not supplying enough data to HAL, expected position 31814684 , only wrote 31814591
12-09 08:19:08.061 D/EGL_emulation( 1873): eglMakeCurrent: 0x7fe272e09380: ver 2 0 (tinfo 0x7fe2766d8d20)
12-09 08:19:08.064 W/audio_hw_generic( 1308): Hardware backing HAL too slow, could only write 0 of 661 frames
12-09 08:19:08.201 W/audio_hw_generic( 1308): Not supplying enough data to HAL, expected position 31822526 , only wrote 31822523
12-09 08:19:08.263 W/audio_hw_generic( 1308): Hardware backing HAL too slow, could only write 0 of 661 frames
12-09 08:19:08.279 W/audio_hw_generic( 1308): Hardware backing HAL too slow, could only write 0 of 661 frames
12-09 08:19:08.310 W/audio_hw_generic( 1308): Hardware backing HAL too slow, could only write 0 of 661 frames
12-09 08:19:08.325 W/audio_hw_generic( 1308): Hardware backing HAL too slow, could only write 0 of 661 frames
12-09 08:19:08.438 W/audio_hw_generic( 1308): Not supplying enough data to HAL, expected position 31832957 , only wrote 31832438
12-09 08:19:08.438 W/audio_hw_generic( 1308): Not supplying enough data to HAL, expected position 31832452 , only wrote 31832438
12-09 08:19:08.454 W/audio_hw_generic( 1308): Not supplying enough data to HAL, expected position 31833148 , only wrote 31833099
12-09 08:19:08.462 I/System.out(14825): URI: //
12-09 08:19:08.462 I/System.out(14825): params: {json={"command":"set_selection","arguments":[-1,-1]}
12-09 08:19:08.463 I/System.out(14825): }
12-09 08:19:08.463 I/System.out(14825): header: {date=Sun, 09 Dec 2018 08:19:08 GMT, accept=*/*, content-length=47, host=127.0.0.1:34777, user-agent=HTTPClient/1.0 (2.8.3, ruby 2.3.1 (2016-04-26)), content-type=application/json;charset=utf-8}
12-09 08:19:08.463 I/System.out(14825): params: {json={"command":"set_selection","arguments":[-1,-1]}
12-09 08:19:08.463 I/System.out(14825): }
12-09 08:19:08.463 I/System.out(14825): ProP json = {"command":"set_selection","arguments":[-1,-1]}
12-09 08:19:08.463 I/System.out(14825): files: {}
12-09 08:19:08.463 I/System.out(14825): command: {"command":"set_selection","arguments":[-1,-1]}
12-09 08:19:08.464 I/InstrumentationBackend(14825): Got command:'Command:'Line:null,set_selection', arguments:'[-1, -1]'
12-09 08:19:08.497 I/System.out(14825): result:{"bonusInformation":[],"message":"","success":true}
12-09 08:19:08.594 W/audio_hw_generic( 1308): Not supplying enough data to HAL, expected position 31839262 , only wrote 31839048
12-09 08:19:08.610 I/art     (14825): Background sticky concurrent mark sweep GC freed 25752(1243KB) AllocSpace objects, 3(60KB) LOS objects, 33% free, 2MB/4MB, paused 1.277ms total 109.523ms
12-09 08:19:08.810 W/audio_hw_generic( 1308): Not supplying enough data to HAL, expected position 31857344 , only wrote 31848302
12-09 08:19:08.878 I/System.out(14825): URI: //
12-09 08:19:08.878 I/System.out(14825): params: {json={"command":"keyboard_enter_text","arguments":["97123743947239847210"]}
12-09 08:19:08.878 I/System.out(14825): }
12-09 08:19:08.878 I/System.out(14825): header: {date=Sun, 09 Dec 2018 08:19:08 GMT, accept=*/*, content-length=70, host=127.0.0.1:34777, user-agent=HTTPClient/1.0 (2.8.3, ruby 2.3.1 (2016-04-26)), content-type=application/json;charset=utf-8}
12-09 08:19:08.878 I/System.out(14825): params: {json={"command":"keyboard_enter_text","arguments":["97123743947239847210"]}
12-09 08:19:08.878 I/System.out(14825): }
12-09 08:19:08.878 I/System.out(14825): ProP json = {"command":"keyboard_enter_text","arguments":["97123743947239847210"]}
12-09 08:19:08.878 I/System.out(14825): files: {}
12-09 08:19:08.878 I/System.out(14825): command: {"command":"keyboard_enter_text","arguments":["97123743947239847210"]}
12-09 08:19:08.880 I/InstrumentationBackend(14825): Got command:'Command:'Line:null,keyboard_enter_text', arguments:'[97123743947239847210]'
12-09 08:19:08.986 E/SpannableStringBuilder(14825): SPAN_EXCLUSIVE_EXCLUSIVE spans cannot have a zero length
12-09 08:19:08.986 E/SpannableStringBuilder(14825): SPAN_EXCLUSIVE_EXCLUSIVE spans cannot have a zero length
12-09 08:19:09.039 E/SpannableStringBuilder(14825): SPAN_EXCLUSIVE_EXCLUSIVE spans cannot have a zero length
12-09 08:19:09.039 E/SpannableStringBuilder(14825): SPAN_EXCLUSIVE_EXCLUSIVE spans cannot have a zero length
12-09 08:19:09.056 I/System.out(14825): result:{"bonusInformation":[],"message":"","success":true}
12-09 08:19:09.102 I/System.out(14825): URI: //map
12-09 08:19:09.102 I/System.out(14825): params: {json={"query":"android.widget.EditText id:'volume'","operation":{"method_name":"query","arguments":[]}}
12-09 08:19:09.102 I/System.out(14825): }
12-09 08:19:09.211 I/art     (14825): Background sticky concurrent mark sweep GC freed 25788(1175KB) AllocSpace objects, 5(100KB) LOS objects, 30% free, 2MB/4MB, paused 16.768ms total 95.212ms
12-09 08:19:09.215 W/ResourceType(14825): No package identifier when getting name for resource number 0x00000001
12-09 08:19:09.435 I/System.out(14825): URI: //gesture
12-09 08:19:09.435 I/System.out(14825): params: {json={"query_timeout":5.0,"gestures":[{"query_string":"android.widget.EditText id:'volume'","touches":[{"x":50,"y":50,"offset_x":0,"offset_y":0,"wait":0.0,"time":0.2,"release":true,"query_string":null}]}]}
12-09 08:19:09.435 I/System.out(14825): }
12-09 08:19:09.460 W/ResourceType(14825): No package identifier when getting name for resource number 0x00000001
12-09 08:19:09.999 I/LatinIME( 1873): Starting input. Cursor position = 0,0
12-09 08:19:10.556 I/System.out(14825): URI: //
12-09 08:19:10.556 I/System.out(14825): params: {json={"command":"set_selection","arguments":[-1,-1]}
12-09 08:19:10.556 I/System.out(14825): }
12-09 08:19:10.556 I/System.out(14825): header: {date=Sun, 09 Dec 2018 08:19:10 GMT, accept=*/*, content-length=47, host=127.0.0.1:34777, user-agent=HTTPClient/1.0 (2.8.3, ruby 2.3.1 (2016-04-26)), content-type=application/json;charset=utf-8}
12-09 08:19:10.556 I/System.out(14825): params: {json={"command":"set_selection","arguments":[-1,-1]}
12-09 08:19:10.556 I/System.out(14825): }
12-09 08:19:10.556 I/System.out(14825): ProP json = {"command":"set_selection","arguments":[-1,-1]}
12-09 08:19:10.556 I/System.out(14825): files: {}
12-09 08:19:10.556 I/System.out(14825): command: {"command":"set_selection","arguments":[-1,-1]}
12-09 08:19:10.566 I/InstrumentationBackend(14825): Got command:'Command:'Line:null,set_selection', arguments:'[-1, -1]'
12-09 08:19:10.679 I/System.out(14825): result:{"bonusInformation":[],"message":"","success":true}
12-09 08:19:10.732 I/art     (14825): Background sticky concurrent mark sweep GC freed 21971(1091KB) AllocSpace objects, 3(60KB) LOS objects, 26% free, 3MB/4MB, paused 6.385ms total 48.627ms
12-09 08:19:10.894 I/System.out(14825): URI: //
12-09 08:19:10.895 I/System.out(14825): params: {json={"command":"keyboard_enter_text","arguments":["98123743947721092831"]}
12-09 08:19:10.895 I/System.out(14825): }
12-09 08:19:10.895 I/System.out(14825): header: {date=Sun, 09 Dec 2018 08:19:10 GMT, accept=*/*, content-length=70, host=127.0.0.1:34777, user-agent=HTTPClient/1.0 (2.8.3, ruby 2.3.1 (2016-04-26)), content-type=application/json;charset=utf-8}
12-09 08:19:10.895 I/System.out(14825): params: {json={"command":"keyboard_enter_text","arguments":["98123743947721092831"]}
12-09 08:19:10.895 I/System.out(14825): }
12-09 08:19:10.895 I/System.out(14825): ProP json = {"command":"keyboard_enter_text","arguments":["98123743947721092831"]}
12-09 08:19:10.895 I/System.out(14825): files: {}
12-09 08:19:10.895 I/System.out(14825): command: {"command":"keyboard_enter_text","arguments":["98123743947721092831"]}
12-09 08:19:10.896 I/InstrumentationBackend(14825): Got command:'Command:'Line:null,keyboard_enter_text', arguments:'[98123743947721092831]'
12-09 08:19:10.897 E/SpannableStringBuilder(14825): SPAN_EXCLUSIVE_EXCLUSIVE spans cannot have a zero length
12-09 08:19:10.897 E/SpannableStringBuilder(14825): SPAN_EXCLUSIVE_EXCLUSIVE spans cannot have a zero length
12-09 08:19:10.926 E/SpannableStringBuilder(14825): SPAN_EXCLUSIVE_EXCLUSIVE spans cannot have a zero length
12-09 08:19:10.930 E/SpannableStringBuilder(14825): SPAN_EXCLUSIVE_EXCLUSIVE spans cannot have a zero length
12-09 08:19:10.954 I/System.out(14825): result:{"bonusInformation":[],"message":"","success":true}
12-09 08:19:11.079 I/System.out(14825): URI: //map
12-09 08:19:11.101 I/System.out(14825): params: {json={"query":"android.widget.EditText id:'odometer'","operation":{"method_name":"query","arguments":[]}}
12-09 08:19:11.101 I/System.out(14825): }
12-09 08:19:11.295 I/art     (14825): Background sticky concurrent mark sweep GC freed 16777(788KB) AllocSpace objects, 5(100KB) LOS objects, 21% free, 3MB/4MB, paused 6.101ms total 192.030ms
12-09 08:19:11.312 W/ResourceType(14825): No package identifier when getting name for resource number 0x00000001
12-09 08:19:11.747 I/System.out(14825): URI: //gesture
12-09 08:19:11.747 I/System.out(14825): params: {json={"query_timeout":5.0,"gestures":[{"query_string":"android.widget.EditText id:'odometer'","touches":[{"x":50,"y":50,"offset_x":0,"offset_y":0,"wait":0.0,"time":0.2,"release":true,"query_string":null}]}]}
12-09 08:19:11.747 I/System.out(14825): }
12-09 08:19:11.763 W/ResourceType(14825): No package identifier when getting name for resource number 0x00000001
12-09 08:19:11.786 I/art     (14825): Background partial concurrent mark sweep GC freed 47116(2MB) AllocSpace objects, 9(184KB) LOS objects, 40% free, 3MB/5MB, paused 7.170ms total 462.087ms
12-09 08:19:11.969 D/hwcomposer( 1223): hw_composer sent 684 syncs in 60s
12-09 08:19:12.140 I/LatinIME( 1873): Starting input. Cursor position = 0,0
12-09 08:19:12.718 I/System.out(14825): URI: //
12-09 08:19:12.718 I/System.out(14825): params: {json={"command":"set_selection","arguments":[-1,-1]}
12-09 08:19:12.718 I/System.out(14825): }
12-09 08:19:12.718 I/System.out(14825): header: {date=Sun, 09 Dec 2018 08:19:12 GMT, accept=*/*, content-length=47, host=127.0.0.1:34777, user-agent=HTTPClient/1.0 (2.8.3, ruby 2.3.1 (2016-04-26)), content-type=application/json;charset=utf-8}
12-09 08:19:12.718 I/System.out(14825): params: {json={"command":"set_selection","arguments":[-1,-1]}
12-09 08:19:12.718 I/System.out(14825): }
12-09 08:19:12.718 I/System.out(14825): ProP json = {"command":"set_selection","arguments":[-1,-1]}
12-09 08:19:12.718 I/System.out(14825): files: {}
12-09 08:19:12.718 I/System.out(14825): command: {"command":"set_selection","arguments":[-1,-1]}
12-09 08:19:12.720 I/InstrumentationBackend(14825): Got command:'Command:'Line:null,set_selection', arguments:'[-1, -1]'
12-09 08:19:12.735 W/art     (14825): Suspending all threads took: 8.186ms
12-09 08:19:12.750 I/System.out(14825): result:{"bonusInformation":[],"message":"","success":true}
12-09 08:19:12.798 I/art     (14825): Background sticky concurrent mark sweep GC freed 57740(2MB) AllocSpace objects, 3(60KB) LOS objects, 48% free, 2MB/5MB, paused 9.517ms total 68.144ms
12-09 08:19:12.975 I/System.out(14825): URI: //
12-09 08:19:12.975 I/System.out(14825): params: {json={"command":"keyboard_enter_text","arguments":["98879898284721092831"]}
12-09 08:19:12.975 I/System.out(14825): }
12-09 08:19:12.975 I/System.out(14825): header: {date=Sun, 09 Dec 2018 08:19:12 GMT, accept=*/*, content-length=70, host=127.0.0.1:34777, user-agent=HTTPClient/1.0 (2.8.3, ruby 2.3.1 (2016-04-26)), content-type=application/json;charset=utf-8}
12-09 08:19:12.975 I/System.out(14825): params: {json={"command":"keyboard_enter_text","arguments":["98879898284721092831"]}
12-09 08:19:12.975 I/System.out(14825): }
12-09 08:19:12.975 I/System.out(14825): ProP json = {"command":"keyboard_enter_text","arguments":["98879898284721092831"]}
12-09 08:19:12.975 I/System.out(14825): files: {}
12-09 08:19:12.975 I/System.out(14825): command: {"command":"keyboard_enter_text","arguments":["98879898284721092831"]}
12-09 08:19:12.976 I/InstrumentationBackend(14825): Got command:'Command:'Line:null,keyboard_enter_text', arguments:'[98879898284721092831]'
12-09 08:19:12.978 E/SpannableStringBuilder(14825): SPAN_EXCLUSIVE_EXCLUSIVE spans cannot have a zero length
12-09 08:19:12.981 E/SpannableStringBuilder(14825): SPAN_EXCLUSIVE_EXCLUSIVE spans cannot have a zero length
12-09 08:19:13.060 E/SpannableStringBuilder(14825): SPAN_EXCLUSIVE_EXCLUSIVE spans cannot have a zero length
12-09 08:19:13.060 E/SpannableStringBuilder(14825): SPAN_EXCLUSIVE_EXCLUSIVE spans cannot have a zero length
12-09 08:19:13.065 I/System.out(14825): result:{"bonusInformation":[],"message":"","success":true}
12-09 08:19:14.123 I/System.out(14825): URI: //map
12-09 08:19:14.123 I/System.out(14825): params: {json={"query":"android.widget.Button index:2","operation":{"method_name":"query","arguments":[]}}
12-09 08:19:14.123 I/System.out(14825): }
12-09 08:19:14.262 I/System.out(14825): URI: //gesture
12-09 08:19:14.262 I/System.out(14825): params: {json={"query_timeout":5.0,"gestures":[{"query_string":"android.widget.Button index:2","touches":[{"x":50,"y":50,"offset_x":0,"offset_y":0,"wait":0.0,"time":0.2,"release":true,"query_string":null}]}]}
12-09 08:19:14.262 I/System.out(14825): }
12-09 08:19:14.753 W/audio_hw_generic( 1308): Hardware backing HAL too slow, could only write 0 of 661 frames
12-09 08:19:14.765 W/audio_hw_generic( 1308): Hardware backing HAL too slow, could only write 0 of 661 frames
12-09 08:19:14.777 W/audio_hw_generic( 1308): Hardware backing HAL too slow, could only write 0 of 661 frames
12-09 08:19:14.798 W/audio_hw_generic( 1308): Hardware backing HAL too slow, could only write 0 of 661 frames
12-09 08:19:14.805 W/audio_hw_generic( 1308): Hardware backing HAL too slow, could only write 0 of 661 frames
12-09 08:19:14.819 W/audio_hw_generic( 1308): Hardware backing HAL too slow, could only write 0 of 661 frames
12-09 08:19:14.836 W/audio_hw_generic( 1308): Hardware backing HAL too slow, could only write 0 of 661 frames
12-09 08:19:14.850 I/art     (14825): Background sticky concurrent mark sweep GC freed 51452(2MB) AllocSpace objects, 2(40KB) LOS objects, 44% free, 2MB/5MB, paused 8.038ms total 77.051ms
12-09 08:19:14.956 W/audio_hw_generic( 1308): Hardware backing HAL too slow, could only write 0 of 661 frames
12-09 08:19:14.985 W/audio_hw_generic( 1308): Hardware backing HAL too slow, could only write 0 of 661 frames
12-09 08:19:15.006 W/audio_hw_generic( 1308): Hardware backing HAL too slow, could only write 0 of 661 frames
12-09 08:19:15.025 W/audio_hw_generic( 1308): Hardware backing HAL too slow, could only write 0 of 661 frames
12-09 08:19:15.050 W/audio_hw_generic( 1308): Hardware backing HAL too slow, could only write 0 of 661 frames
12-09 08:19:15.158 W/audio_hw_generic( 1308): Hardware backing HAL too slow, could only write 0 of 661 frames
12-09 08:19:15.187 W/audio_hw_generic( 1308): Hardware backing HAL too slow, could only write 0 of 661 frames
12-09 08:19:15.202 W/audio_hw_generic( 1308): Hardware backing HAL too slow, could only write 0 of 661 frames
12-09 08:19:15.215 I/LatinIME( 1873): Starting input. Cursor position = -1,-1
12-09 08:19:15.218 W/audio_hw_generic( 1308): Hardware backing HAL too slow, could only write 0 of 661 frames
12-09 08:19:15.235 I/Choreographer(14825): Skipped 32 frames!  The application may be doing too much work on its main thread.
12-09 08:19:15.352 E/SurfaceFlinger( 1223): ro.sf.lcd_density must be defined as a build property
12-09 08:19:15.353 D/gralloc_ranchu( 1223): gralloc_alloc: Creating ashmem region of size 3686400
12-09 08:19:15.392 D/        (14913): HostConnection::get() New Host Connection established 0x7fea99992480, tid 14913
12-09 08:19:15.451 W/audio_hw_generic( 1308): Not supplying enough data to HAL, expected position 31881485 , only wrote 31880691
12-09 08:19:15.451 W/audio_hw_generic( 1308): Not supplying enough data to HAL, expected position 31880699 , only wrote 31880691
12-09 08:19:15.470 D/Mileage.ABS(14825): Finished backup
12-09 08:19:15.483 D/Mileage.ABS(14825): Not backing up; 83
12-09 08:19:15.483 D/Mileage.ABS(14825): Not backing up; 83
12-09 08:19:15.483 D/Mileage.ABS(14825): Not backing up; 83
12-09 08:19:15.498 E/EGL_emulation( 1223): tid 1223: eglCreateSyncKHR(1881): error 0x3004 (EGL_BAD_ATTRIBUTE)
12-09 08:19:15.620 W/audio_hw_generic( 1308): Not supplying enough data to HAL, expected position 31888139 , only wrote 31885318
12-09 08:19:15.944 W/audio_hw_generic( 1308): Hardware backing HAL too slow, could only write 0 of 661 frames
12-09 08:19:16.192 I/InputAttributes( 1873): InputType.TYPE_NULL is specified
12-09 08:19:16.236 I/Choreographer( 1873): Skipped 60 frames!  The application may be doing too much work on its main thread.
12-09 08:19:16.420 W/audio_hw_generic( 1308): Not supplying enough data to HAL, expected position 31920602 , only wrote 31919029
12-09 08:19:16.438 W/audio_hw_generic( 1308): Not supplying enough data to HAL, expected position 31919825 , only wrote 31919029
12-09 08:19:16.452 D/EGL_emulation( 1873): eglMakeCurrent: 0x7fe272e09380: ver 2 0 (tinfo 0x7fe2766d8d20)
12-09 08:19:16.457 W/audio_hw_generic( 1308): Not supplying enough data to HAL, expected position 31919861 , only wrote 31919690
12-09 08:19:16.466 E/Surface ( 1873): getSlotFromBufferLocked: unknown buffer: 0x7fe26984b780
12-09 08:19:16.497 W/audio_hw_generic( 1308): Hardware backing HAL too slow, could only write 0 of 661 frames
12-09 08:19:16.536 W/audio_hw_generic( 1308): Hardware backing HAL too slow, could only write 0 of 661 frames
12-09 08:19:16.537 W/audio_hw_generic( 1308): Not supplying enough data to HAL, expected position 31923187 , only wrote 31922995
12-09 08:19:16.537 W/audio_hw_generic( 1308): Not supplying enough data to HAL, expected position 31923001 , only wrote 31922995
12-09 08:19:16.537 W/audio_hw_generic( 1308): Hardware backing HAL too slow, could only write 0 of 661 frames
12-09 08:19:16.550 I/System.out(14825): URI: //map
12-09 08:19:16.550 I/System.out(14825): params: {json={"query":"android.widget.ListView index:0 android.widget.TextView index:0","operation":{"method_name":"query","arguments":[]}}
12-09 08:19:16.550 I/System.out(14825): }
12-09 08:19:16.551 W/audio_hw_generic( 1308): Hardware backing HAL too slow, could only write 0 of 661 frames
12-09 08:19:16.551 W/audio_hw_generic( 1308): Hardware backing HAL too slow, could only write 0 of 661 frames
12-09 08:19:16.830 W/audio_hw_generic( 1308): Not supplying enough data to HAL, expected position 31935940 , only wrote 31934893
12-09 08:19:16.830 W/audio_hw_generic( 1308): Not supplying enough data to HAL, expected position 31934900 , only wrote 31934893
12-09 08:19:16.866 W/audio_hw_generic( 1308): Not supplying enough data to HAL, expected position 31936477 , only wrote 31935554
12-09 08:19:16.896 W/audio_hw_generic( 1308): Hardware backing HAL too slow, could only write 0 of 661 frames
12-09 08:19:16.921 W/audio_hw_generic( 1308): Hardware backing HAL too slow, could only write 0 of 661 frames
12-09 08:19:16.929 W/audio_hw_generic( 1308): Hardware backing HAL too slow, could only write 0 of 661 frames
12-09 08:19:16.931 W/art     ( 1591): Long monitor contention event with owner method=void com.android.server.wm.WindowAnimator$1.doFrame(long) from WindowAnimator.java:121 waiters=0 for 179ms
12-09 08:19:16.942 W/audio_hw_generic( 1308): Hardware backing HAL too slow, could only write 0 of 661 frames
12-09 08:19:16.956 W/audio_hw_generic( 1308): Hardware backing HAL too slow, could only write 0 of 661 frames
12-09 08:19:17.002 W/audio_hw_generic( 1308): Not supplying enough data to HAL, expected position 31941527 , only wrote 31941503
12-09 08:19:17.020 W/audio_hw_generic( 1308): Not supplying enough data to HAL, expected position 31942282 , only wrote 31941503
12-09 08:19:17.167 W/audio_hw_generic( 1308): Hardware backing HAL too slow, could only write 0 of 661 frames
12-09 08:19:17.185 W/audio_hw_generic( 1308): Hardware backing HAL too slow, could only write 0 of 661 frames
12-09 08:19:17.195 W/audio_hw_generic( 1308): Hardware backing HAL too slow, could only write 0 of 661 frames
12-09 08:19:17.478 W/audio_hw_generic( 1308): Not supplying enough data to HAL, expected position 31961722 , only wrote 31961333
12-09 08:19:17.478 W/audio_hw_generic( 1308): Not supplying enough data to HAL, expected position 31961341 , only wrote 31961333
12-09 08:19:17.497 W/audio_hw_generic( 1308): Not supplying enough data to HAL, expected position 31962180 , only wrote 31961994
12-09 08:19:17.529 W/audio_hw_generic( 1308): Hardware backing HAL too slow, could only write 0 of 661 frames
12-09 08:19:17.562 W/art     (14825): Suspending all threads took: 19.185ms
12-09 08:19:17.706 I/System.out(14825): URI: //gesture
12-09 08:19:17.707 I/System.out(14825): params: {json={"query_timeout":5.0,"gestures":[{"query_string":"android.widget.ListView index:0 android.widget.TextView index:0","touches":[{"x":50,"y":50,"offset_x":0,"offset_y":0,"wait":0.0,"time":0.2,"release":true,"query_string":null}]}]}
12-09 08:19:17.707 I/System.out(14825): }
12-09 08:19:17.713 I/art     (14825): Background sticky concurrent mark sweep GC freed 78578(3MB) AllocSpace objects, 2(40KB) LOS objects, 36% free, 3MB/5MB, paused 24.856ms total 271.747ms
12-09 08:19:17.825 W/audio_hw_generic( 1308): Not supplying enough data to HAL, expected position 31989628 , only wrote 31975875
12-09 08:19:18.285 I/ActivityManager( 1591): START u0 {cmp=com.evancharlton.mileage/.FillupInfoActivity (has extras)} from uid 10133 on display 0
12-09 08:19:18.357 D/AudioFlinger( 1308): mixer(0xf43c0000) throttle end: throttle time(11)
12-09 08:19:18.375 W/audio_hw_generic( 1308): Hardware backing HAL too slow, could only write 0 of 661 frames
12-09 08:19:18.390 W/audio_hw_generic( 1308): Hardware backing HAL too slow, could only write 0 of 661 frames
12-09 08:19:18.396 I/art     (14825): Background sticky concurrent mark sweep GC freed 72341(2MB) AllocSpace objects, 3(60KB) LOS objects, 41% free, 3MB/5MB, paused 1.167ms total 163.586ms
12-09 08:19:18.417 W/audio_hw_generic( 1308): Hardware backing HAL too slow, could only write 0 of 661 frames
12-09 08:19:18.421 W/audio_hw_generic( 1308): Hardware backing HAL too slow, could only write 0 of 661 frames
12-09 08:19:18.437 W/audio_hw_generic( 1308): Hardware backing HAL too slow, could only write 0 of 661 frames
12-09 08:19:18.469 W/audio_hw_generic( 1308): Hardware backing HAL too slow, could only write 0 of 661 frames
12-09 08:19:18.470 W/audio_hw_generic( 1308): Hardware backing HAL too slow, could only write 0 of 661 frames
12-09 08:19:18.565 W/audio_hw_generic( 1308): Not supplying enough data to HAL, expected position 31986244 , only wrote 31985790
12-09 08:19:18.581 I/calabash(14825): newActivity1
12-09 08:19:18.617 W/audio_hw_generic( 1308): Hardware backing HAL too slow, could only write 0 of 661 frames
12-09 08:19:18.652 W/audio_hw_generic( 1308): Hardware backing HAL too slow, could only write 0 of 661 frames
12-09 08:19:18.680 W/audio_hw_generic( 1308): Hardware backing HAL too slow, could only write 0 of 661 frames
12-09 08:19:18.680 W/audio_hw_generic( 1308): Hardware backing HAL too slow, could only write 0 of 661 frames
12-09 08:19:18.703 W/audio_hw_generic( 1308): Not supplying enough data to HAL, expected position 31991890 , only wrote 31991739
12-09 08:19:18.703 W/audio_hw_generic( 1308): Hardware backing HAL too slow, could only write 0 of 661 frames
12-09 08:19:18.709 W/audio_hw_generic( 1308): Hardware backing HAL too slow, could only write 0 of 661 frames
12-09 08:19:18.718 W/audio_hw_generic( 1308): Hardware backing HAL too slow, could only write 0 of 661 frames
12-09 08:19:18.734 W/audio_hw_generic( 1308): Hardware backing HAL too slow, could only write 0 of 661 frames
12-09 08:19:18.748 W/audio_hw_generic( 1308): Hardware backing HAL too slow, could only write 0 of 661 frames
12-09 08:19:18.775 W/audio_hw_generic( 1308): Hardware backing HAL too slow, could only write 0 of 661 frames
12-09 08:19:18.804 V/PhoneStatusBar( 1701): setLightsOn(true)
12-09 08:19:18.829 D/gralloc_ranchu( 1223): gralloc_alloc: Creating ashmem region of size 3686400
12-09 08:19:18.891 E/SurfaceFlinger( 1223): ro.sf.lcd_density must be defined as a build property
12-09 08:19:18.953 D/gralloc_ranchu( 1223): gralloc_alloc: Creating ashmem region of size 3686400
12-09 08:19:19.042 W/audio_hw_generic( 1308): Not supplying enough data to HAL, expected position 32006681 , only wrote 32005620
12-09 08:19:19.042 W/audio_hw_generic( 1308): Not supplying enough data to HAL, expected position 32005628 , only wrote 32005620
12-09 08:19:19.058 W/audio_hw_generic( 1308): Not supplying enough data to HAL, expected position 32006305 , only wrote 32006281
12-09 08:19:19.126 D/        (14921): HostConnection::get() New Host Connection established 0x7fe1dd812480, tid 14921
12-09 08:19:19.171 W/audio_hw_generic( 1308): Not supplying enough data to HAL, expected position 32011276 , only wrote 32010908
12-09 08:19:19.202 W/audio_hw_generic( 1308): Not supplying enough data to HAL, expected position 32012281 , only wrote 32012230
12-09 08:19:19.202 W/audio_hw_generic( 1308): Hardware backing HAL too slow, could only write 0 of 661 frames
12-09 08:19:19.246 W/audio_hw_generic( 1308): Hardware backing HAL too slow, could only write 0 of 661 frames
12-09 08:19:19.262 E/EGL_emulation( 1223): tid 1223: eglCreateSyncKHR(1881): error 0x3004 (EGL_BAD_ATTRIBUTE)
12-09 08:19:19.318 W/art     ( 1591): Long monitor contention event with owner method=void com.android.server.wm.WindowAnimator$1.doFrame(long) from WindowAnimator.java:121 waiters=0 for 341ms
12-09 08:19:19.353 W/audio_hw_generic( 1308): Not supplying enough data to HAL, expected position 32018900 , only wrote 32018840
12-09 08:19:19.353 W/audio_hw_generic( 1308): Not supplying enough data to HAL, expected position 32018847 , only wrote 32018840
12-09 08:19:19.379 W/audio_hw_generic( 1308): Not supplying enough data to HAL, expected position 32019985 , only wrote 32019501
12-09 08:19:19.410 W/audio_hw_generic( 1308): Not supplying enough data to HAL, expected position 32020849 , only wrote 32020823
12-09 08:19:19.735 W/art     ( 1591): Long monitor contention event with owner method=void com.android.server.wm.WindowAnimator$1.doFrame(long) from WindowAnimator.java:121 waiters=1 for 147ms
12-09 08:19:19.816 W/audio_hw_generic( 1308): Not supplying enough data to HAL, expected position 32038741 , only wrote 32038009
12-09 08:19:19.817 W/audio_hw_generic( 1308): Not supplying enough data to HAL, expected position 32038016 , only wrote 32038009
12-09 08:19:19.833 W/audio_hw_generic( 1308): Not supplying enough data to HAL, expected position 32038746 , only wrote 32038670
12-09 08:19:19.914 W/art     ( 1591): Long monitor contention event with owner method=void com.android.server.wm.WindowAnimator$1.doFrame(long) from WindowAnimator.java:121 waiters=1 for 263ms
12-09 08:19:20.214 I/System.out(14825): URI: //map
12-09 08:19:20.214 I/System.out(14825): params: {json={"query":"android.widget.Button index:1","operation":{"method_name":"query","arguments":[]}}
12-09 08:19:20.214 I/System.out(14825): }
12-09 08:19:20.276 W/art     ( 1591): Long monitor contention event with owner method=void com.android.server.wm.WindowAnimator$1.doFrame(long) from WindowAnimator.java:121 waiters=1 for 292ms
12-09 08:19:20.284 W/audio_hw_generic( 1308): Hardware backing HAL too slow, could only write 0 of 661 frames
12-09 08:19:20.309 W/audio_hw_generic( 1308): Hardware backing HAL too slow, could only write 0 of 661 frames
12-09 08:19:20.322 W/audio_hw_generic( 1308): Hardware backing HAL too slow, could only write 0 of 661 frames
12-09 08:19:20.339 W/audio_hw_generic( 1308): Hardware backing HAL too slow, could only write 0 of 661 frames
12-09 08:19:20.546 W/audio_hw_generic( 1308): Not supplying enough data to HAL, expected position 32070118 , only wrote 32069737
12-09 08:19:20.547 W/audio_hw_generic( 1308): Not supplying enough data to HAL, expected position 32069744 , only wrote 32069737
12-09 08:19:20.887 W/art     ( 1591): Long monitor contention event with owner method=void com.android.server.wm.WindowAnimator$1.doFrame(long) from WindowAnimator.java:121 waiters=1 for 132ms
12-09 08:19:21.095 W/art     ( 1591): Long monitor contention event with owner method=void com.android.server.wm.WindowAnimator$1.doFrame(long) from WindowAnimator.java:121 waiters=1 for 204ms
12-09 08:19:21.119 W/audio_hw_generic( 1308): Not supplying enough data to HAL, expected position 32094966 , only wrote 32094855
12-09 08:19:21.119 W/audio_hw_generic( 1308): Not supplying enough data to HAL, expected position 32094863 , only wrote 32094855
12-09 08:19:21.233 W/art     ( 1591): Long monitor contention event with owner method=void com.android.server.wm.WindowAnimator$1.doFrame(long) from WindowAnimator.java:121 waiters=1 for 137ms
12-09 08:19:21.327 W/art     ( 1591): Long monitor contention event with owner method=void com.android.server.wm.WindowAnimator$1.doFrame(long) from WindowAnimator.java:121 waiters=1 for 178ms
12-09 08:19:21.394 W/audio_hw_generic( 1308): Not supplying enough data to HAL, expected position 32106971 , only wrote 32106753
12-09 08:19:21.437 W/audio_hw_generic( 1308): Not supplying enough data to HAL, expected position 32109411 , only wrote 32108075
12-09 08:19:21.518 W/art     ( 1591): Long monitor contention event with owner method=void com.android.server.wm.WindowAnimator$1.doFrame(long) from WindowAnimator.java:121 waiters=1 for 286ms
12-09 08:19:21.535 W/art     ( 1591): Long monitor contention event with owner method=void com.android.server.wm.WindowAnimator$1.doFrame(long) from WindowAnimator.java:121 waiters=1 for 208ms
12-09 08:19:22.050 W/art     ( 1591): Long monitor contention event with owner method=void com.android.server.wm.WindowAnimator$1.doFrame(long) from WindowAnimator.java:121 waiters=1 for 159ms
12-09 08:19:23.232 W/art     ( 1591): Long monitor contention event with owner method=java.util.List com.android.server.am.ActivityManagerService.getAllStackInfos() from ActivityManagerService.java:8937 waiters=0 for 3.138s
12-09 08:19:23.243 W/art     ( 1591): Long monitor contention event with owner method=java.util.List com.android.server.am.ActivityManagerService.getAllStackInfos() from ActivityManagerService.java:8937 waiters=1 for 1.895s
12-09 08:19:23.251 W/art     ( 1591): Long monitor contention event with owner method=java.util.List com.android.server.am.ActivityManagerService.getAllStackInfos() from ActivityManagerService.java:8937 waiters=2 for 777ms
12-09 08:19:23.389 D/gralloc_ranchu( 1223): gralloc_alloc: Creating ashmem region of size 3686400
12-09 08:19:23.503 I/ActivityManager( 1591): Displayed com.evancharlton.mileage/.FillupInfoActivity: +4s955ms
12-09 08:19:23.518 I/art     (14825): Background sticky concurrent mark sweep GC freed 31462(1556KB) AllocSpace objects, 1(20KB) LOS objects, 33% free, 3MB/5MB, paused 1.169ms total 104.974ms
12-09 08:19:24.358 I/System.out(14825): URI: //gesture
12-09 08:19:24.358 I/System.out(14825): params: {json={"query_timeout":5.0,"gestures":[{"query_string":"android.widget.Button index:1","touches":[{"x":50,"y":50,"offset_x":0,"offset_y":0,"wait":0.0,"time":0.2,"release":true,"query_string":null}]}]}
12-09 08:19:24.358 I/System.out(14825): }
12-09 08:19:24.433 I/art     (14825): Background sticky concurrent mark sweep GC freed 38946(1792KB) AllocSpace objects, 2(40KB) LOS objects, 28% free, 3MB/5MB, paused 16.531ms total 67.181ms
12-09 08:19:24.786 I/ActivityManager( 1591): START u0 {cmp=com.evancharlton.mileage/.FillupInfoActivity (has extras)} from uid 10133 on display 0
12-09 08:19:24.922 W/audio_hw_generic( 1308): Hardware backing HAL too slow, could only write 0 of 661 frames
12-09 08:19:24.936 I/art     (14825): Background sticky concurrent mark sweep GC freed 35619(1660KB) AllocSpace objects, 1(20KB) LOS objects, 31% free, 3MB/5MB, paused 5.225ms total 87.941ms
12-09 08:19:24.950 W/audio_hw_generic( 1308): Hardware backing HAL too slow, could only write 0 of 661 frames
12-09 08:19:24.952 W/audio_hw_generic( 1308): Hardware backing HAL too slow, could only write 0 of 661 frames
12-09 08:19:24.970 W/audio_hw_generic( 1308): Hardware backing HAL too slow, could only write 0 of 661 frames
12-09 08:19:25.014 W/audio_hw_generic( 1308): Hardware backing HAL too slow, could only write 0 of 661 frames
12-09 08:19:25.029 W/audio_hw_generic( 1308): Hardware backing HAL too slow, could only write 0 of 661 frames
12-09 08:19:25.045 W/audio_hw_generic( 1308): Hardware backing HAL too slow, could only write 0 of 661 frames
12-09 08:19:25.078 W/audio_hw_generic( 1308): Hardware backing HAL too slow, could only write 0 of 661 frames
12-09 08:19:25.089 W/audio_hw_generic( 1308): Hardware backing HAL too slow, could only write 0 of 661 frames
12-09 08:19:25.104 I/calabash(14825): newActivity1
12-09 08:19:25.113 W/audio_hw_generic( 1308): Hardware backing HAL too slow, could only write 0 of 661 frames
12-09 08:19:25.127 W/audio_hw_generic( 1308): Hardware backing HAL too slow, could only write 0 of 661 frames
12-09 08:19:25.182 W/audio_hw_generic( 1308): Hardware backing HAL too slow, could only write 0 of 661 frames
12-09 08:19:25.182 W/audio_hw_generic( 1308): Not supplying enough data to HAL, expected position 32121538 , only wrote 32120634
12-09 08:19:25.182 W/audio_hw_generic( 1308): Not supplying enough data to HAL, expected position 32120640 , only wrote 32120634
12-09 08:19:25.182 W/audio_hw_generic( 1308): Hardware backing HAL too slow, could only write 0 of 661 frames
12-09 08:19:25.198 W/audio_hw_generic( 1308): Not supplying enough data to HAL, expected position 32121325 , only wrote 32121295
12-09 08:19:25.198 W/audio_hw_generic( 1308): Hardware backing HAL too slow, could only write 0 of 661 frames
12-09 08:19:25.198 W/audio_hw_generic( 1308): Hardware backing HAL too slow, could only write 0 of 661 frames
12-09 08:19:25.212 W/audio_hw_generic( 1308): Hardware backing HAL too slow, could only write 0 of 661 frames
12-09 08:19:25.228 W/audio_hw_generic( 1308): Hardware backing HAL too slow, could only write 0 of 661 frames
12-09 08:19:25.406 V/PhoneStatusBar( 1701): setLightsOn(true)
12-09 08:19:25.458 D/gralloc_ranchu( 1223): gralloc_alloc: Creating ashmem region of size 3686400
12-09 08:19:25.498 E/SurfaceFlinger( 1223): ro.sf.lcd_density must be defined as a build property
12-09 08:19:25.505 W/audio_hw_generic( 1308): Not supplying enough data to HAL, expected position 32134849 , only wrote 32134515
12-09 08:19:25.567 D/gralloc_ranchu( 1223): gralloc_alloc: Creating ashmem region of size 3686400
12-09 08:19:25.596 W/audio_hw_generic( 1308): Hardware backing HAL too slow, could only write 0 of 661 frames
12-09 08:19:25.630 D/        (14927): HostConnection::get() New Host Connection established 0x7fb2ca412480, tid 14927
12-09 08:19:25.631 W/audio_hw_generic( 1308): Not supplying enough data to HAL, expected position 32140088 , only wrote 32139803
12-09 08:19:25.631 W/audio_hw_generic( 1308): Hardware backing HAL too slow, could only write 0 of 661 frames
12-09 08:19:25.632 W/audio_hw_generic( 1308): Hardware backing HAL too slow, could only write 0 of 661 frames
12-09 08:19:25.646 W/audio_hw_generic( 1308): Hardware backing HAL too slow, could only write 0 of 661 frames
12-09 08:19:25.661 W/audio_hw_generic( 1308): Hardware backing HAL too slow, could only write 0 of 661 frames
12-09 08:19:25.677 W/audio_hw_generic( 1308): Hardware backing HAL too slow, could only write 0 of 661 frames
12-09 08:19:25.685 E/EGL_emulation( 1223): tid 1223: eglCreateSyncKHR(1881): error 0x3004 (EGL_BAD_ATTRIBUTE)
12-09 08:19:25.772 W/audio_hw_generic( 1308): Not supplying enough data to HAL, expected position 32145965 , only wrote 32145091
12-09 08:19:25.772 W/audio_hw_generic( 1308): Not supplying enough data to HAL, expected position 32145135 , only wrote 32145091
12-09 08:19:25.791 W/audio_hw_generic( 1308): Not supplying enough data to HAL, expected position 32145939 , only wrote 32145752
12-09 08:19:25.936 W/art     ( 1591): Long monitor contention event with owner method=void com.android.server.wm.WindowAnimator$1.doFrame(long) from WindowAnimator.java:121 waiters=0 for 133ms
12-09 08:19:26.118 W/audio_hw_generic( 1308): Not supplying enough data to HAL, expected position 32160159 , only wrote 32159633
12-09 08:19:26.118 W/audio_hw_generic( 1308): Not supplying enough data to HAL, expected position 32159641 , only wrote 32159633
12-09 08:19:26.141 W/audio_hw_generic( 1308): Not supplying enough data to HAL, expected position 32160628 , only wrote 32160294
12-09 08:19:26.237 W/audio_hw_generic( 1308): Hardware backing HAL too slow, could only write 0 of 661 frames
12-09 08:19:26.257 W/audio_hw_generic( 1308): Hardware backing HAL too slow, could only write 0 of 661 frames
12-09 08:19:26.266 W/audio_hw_generic( 1308): Hardware backing HAL too slow, could only write 0 of 661 frames
12-09 08:19:26.288 W/audio_hw_generic( 1308): Hardware backing HAL too slow, could only write 0 of 661 frames
12-09 08:19:26.311 W/audio_hw_generic( 1308): Hardware backing HAL too slow, could only write 0 of 661 frames
12-09 08:19:26.336 W/audio_hw_generic( 1308): Hardware backing HAL too slow, could only write 0 of 661 frames
12-09 08:19:26.355 W/audio_hw_generic( 1308): Hardware backing HAL too slow, could only write 0 of 661 frames
12-09 08:19:26.431 W/art     ( 1591): Long monitor contention event with owner method=void com.android.server.wm.WindowAnimator$1.doFrame(long) from WindowAnimator.java:121 waiters=1 for 267ms
12-09 08:19:26.452 W/audio_hw_generic( 1308): Hardware backing HAL too slow, could only write 0 of 661 frames
12-09 08:19:26.517 W/audio_hw_generic( 1308): Not supplying enough data to HAL, expected position 32176908 , only wrote 32175497
12-09 08:19:26.518 W/audio_hw_generic( 1308): Not supplying enough data to HAL, expected position 32175504 , only wrote 32175497
12-09 08:19:26.539 W/audio_hw_generic( 1308): Not supplying enough data to HAL, expected position 32176461 , only wrote 32176158
12-09 08:19:26.568 W/art     ( 1591): Long monitor contention event with owner method=void com.android.server.wm.WindowAnimator$1.doFrame(long) from WindowAnimator.java:121 waiters=1 for 293ms
12-09 08:19:26.762 W/art     ( 1591): Long monitor contention event with owner method=void com.android.server.wm.WindowAnimator$1.doFrame(long) from WindowAnimator.java:121 waiters=0 for 174ms
12-09 08:19:26.764 D/gralloc_ranchu( 1223): gralloc_alloc: Creating ashmem region of size 3686400
12-09 08:19:26.783 I/System.out(14825): URI: //map
12-09 08:19:26.783 I/System.out(14825): params: {json={"query":"android.widget.Button index:0","operation":{"method_name":"query","arguments":[]}}
12-09 08:19:26.783 I/System.out(14825): }
12-09 08:19:26.878 W/audio_hw_generic( 1308): Hardware backing HAL too slow, could only write 0 of 661 frames
12-09 08:19:26.885 W/audio_hw_generic( 1308): Hardware backing HAL too slow, could only write 0 of 661 frames
12-09 08:19:26.887 I/ActivityManager( 1591): Displayed com.evancharlton.mileage/.FillupInfoActivity: +1s846ms
12-09 08:19:26.942 W/audio_hw_generic( 1308): Hardware backing HAL too slow, could only write 0 of 661 frames
12-09 08:19:27.006 W/audio_hw_generic( 1308): Not supplying enough data to HAL, expected position 32196734 , only wrote 32195988
12-09 08:19:27.006 W/audio_hw_generic( 1308): Not supplying enough data to HAL, expected position 32195996 , only wrote 32195988
12-09 08:19:27.026 W/audio_hw_generic( 1308): Not supplying enough data to HAL, expected position 32196852 , only wrote 32196649
12-09 08:19:27.474 W/audio_hw_generic( 1308): Hardware backing HAL too slow, could only write 0 of 661 frames
12-09 08:19:27.574 W/audio_hw_generic( 1308): Not supplying enough data to HAL, expected position 32220821 , only wrote 32219784
12-09 08:19:27.589 W/audio_hw_generic( 1308): Hardware backing HAL too slow, could only write 0 of 661 frames
12-09 08:19:27.589 W/audio_hw_generic( 1308): Hardware backing HAL too slow, could only write 0 of 661 frames
