--------- beginning of main
12-09 07:59:48.957 E/EGL_emulation( 1219): tid 1219: eglCreateSyncKHR(1881): error 0x3004 (EGL_BAD_ATTRIBUTE)
--------- beginning of system
12-09 07:59:49.120 W/ActivityManager( 1593): Finishing task with all activities already finished
12-09 07:59:49.120 W/ActivityManager( 1593): Duplicate finish request for ActivityRecord{16a4378 u0 com.evancharlton.mileage/.Mileage t387 f}
12-09 07:59:49.140 W/ActivityManager( 1593): Finishing task with all activities already finished
12-09 07:59:49.140 W/ActivityManager( 1593): Duplicate finish request for ActivityRecord{16a4378 u0 com.evancharlton.mileage/.Mileage t387 f}
12-09 07:59:49.140 W/ActivityManager( 1593): Finishing task with all activities already finished
12-09 07:59:49.140 W/ActivityManager( 1593): Duplicate finish request for ActivityRecord{16a4378 u0 com.evancharlton.mileage/.Mileage t387 f}
12-09 07:59:49.237 W/audio_hw_generic( 1307): Not supplying enough data to HAL, expected position 18931391 , only wrote 18928396
12-09 07:59:49.244 W/audio_hw_generic( 1307): Not supplying enough data to HAL, expected position 18928697 , only wrote 18928396
12-09 07:59:49.445 D/EGL_emulation( 1928): eglMakeCurrent: 0x7f6d8d074dc0: ver 2 0 (tinfo 0x7f6d8d042de0)
12-09 07:59:49.762 W/art     ( 1593): Long monitor contention event with owner method=void com.android.server.wm.WindowAnimator$1.doFrame(long) from WindowAnimator.java:121 waiters=1 for 200ms
12-09 07:59:49.885 D/AndroidRuntime( 9992): >>>>>> START com.android.internal.os.RuntimeInit uid 0 <<<<<<
12-09 07:59:49.902 D/AndroidRuntime( 9992): CheckJNI is ON
12-09 07:59:49.943 D/ICU     ( 9992): No timezone override file found: /data/misc/zoneinfo/current/icu/icu_tzdata.dat
12-09 07:59:50.079 E/memtrack( 9992): Couldn't load memtrack module (No such file or directory)
12-09 07:59:50.079 E/android.os.Debug( 9992): failed to load memtrack module: -2
12-09 07:59:50.080 I/Radio-JNI( 9992): register_android_hardware_Radio DONE
12-09 07:59:50.130 D/AndroidRuntime( 9992): Calling main entry com.android.commands.am.Am
12-09 07:59:50.132 I/ActivityManager( 1593): Force stopping com.evancharlton.mileage appid=10125 user=0: start instr
12-09 07:59:50.132 I/ActivityManager( 1593): Killing 9921:com.evancharlton.mileage/u0a125 (adj 0): stop com.evancharlton.mileage
12-09 07:59:50.193 W/art     ( 1593): Long monitor contention event with owner method=void com.android.server.wm.WindowAnimator$1.doFrame(long) from WindowAnimator.java:121 waiters=1 for 278ms
12-09 07:59:50.281 W/InputDispatcher( 1593): channel '6e6599a com.evancharlton.mileage/com.evancharlton.mileage.Mileage (server)' ~ Consumer closed input channel or an error occurred.  events=0x9
12-09 07:59:50.281 E/InputDispatcher( 1593): channel '6e6599a com.evancharlton.mileage/com.evancharlton.mileage.Mileage (server)' ~ Channel is unrecoverably broken and will be disposed!
12-09 07:59:50.281 W/InputDispatcher( 1593): channel '4c70416 Toast (server)' ~ Consumer closed input channel or an error occurred.  events=0x9
12-09 07:59:50.281 E/InputDispatcher( 1593): channel '4c70416 Toast (server)' ~ Channel is unrecoverably broken and will be disposed!
12-09 07:59:50.347 W/art     ( 1593): Long monitor contention event with owner method=void com.android.server.wm.WindowAnimator$1.doFrame(long) from WindowAnimator.java:121 waiters=1 for 276ms
12-09 07:59:50.827 W/art     ( 1593): Long monitor contention event with owner method=void com.android.server.wm.WindowAnimator$1.doFrame(long) from WindowAnimator.java:121 waiters=4 for 489ms
12-09 07:59:50.914 W/art     ( 1593): Long monitor contention event with owner method=void com.android.server.wm.WindowAnimator$1.doFrame(long) from WindowAnimator.java:121 waiters=4 for 567ms
12-09 07:59:51.015 W/art     ( 1593): Long monitor contention event with owner method=void com.android.server.wm.WindowAnimator$1.doFrame(long) from WindowAnimator.java:121 waiters=4 for 624ms
12-09 07:59:51.095 W/art     ( 1593): Long monitor contention event with owner method=void com.android.server.wm.WindowAnimator$1.doFrame(long) from WindowAnimator.java:121 waiters=4 for 492ms
12-09 07:59:51.182 W/art     ( 1593): Long monitor contention event with owner method=void com.android.server.wm.WindowAnimator$1.doFrame(long) from WindowAnimator.java:121 waiters=4 for 472ms
12-09 07:59:51.267 W/art     ( 1593): Long monitor contention event with owner method=void com.android.server.wm.WindowAnimator$1.doFrame(long) from WindowAnimator.java:121 waiters=4 for 440ms
12-09 07:59:51.267 I/WindowState( 1593): WIN DEATH: Window{6e6599a u0 com.evancharlton.mileage/com.evancharlton.mileage.Mileage}
12-09 07:59:51.267 W/InputDispatcher( 1593): Attempted to unregister already unregistered input channel '6e6599a com.evancharlton.mileage/com.evancharlton.mileage.Mileage (server)'
12-09 07:59:51.268 W/art     ( 1593): Long monitor contention event with owner method=void com.android.server.wm.WindowAnimator$1.doFrame(long) from WindowAnimator.java:121 waiters=4 for 354ms
12-09 07:59:51.282 W/ActivityManager( 1593): Crash of app com.evancharlton.mileage running instrumentation ComponentInfo{com.evancharlton.mileage.test/sh.calaba.instrumentationbackend.CalabashInstrumentationTestRunner}
12-09 07:59:51.282 I/ActivityManager( 1593): Force stopping com.evancharlton.mileage appid=10125 user=0: finished inst
12-09 07:59:51.377 I/WindowState( 1593): WIN DEATH: Window{4c70416 u0 Toast}
12-09 07:59:51.377 W/InputDispatcher( 1593): Attempted to unregister already unregistered input channel '4c70416 Toast (server)'
12-09 07:59:51.383 I/ActivityManager( 1593): Start proc 10001:com.evancharlton.mileage/u0a125 for added application com.evancharlton.mileage
12-09 07:59:51.384 W/art     ( 1593): Long monitor contention event with owner method=boolean com.android.server.am.ActivityManagerService.startInstrumentation(android.content.ComponentName, java.lang.String, int, android.os.Bundle, android.app.IInstrumentationWatcher, android.app.IUiAutomationConnection, int, java.lang.String) from ActivityManagerService.java:17066 waiters=0 for 1.248s
12-09 07:59:51.384 D/AndroidRuntime( 9992): Shutting down VM
12-09 07:59:51.390 W/art     ( 1593): Long monitor contention event with owner method=boolean com.android.server.am.ActivityManagerService.startInstrumentation(android.content.ComponentName, java.lang.String, int, android.os.Bundle, android.app.IInstrumentationWatcher, android.app.IUiAutomationConnection, int, java.lang.String) from ActivityManagerService.java:17066 waiters=1 for 1.248s
12-09 07:59:51.391 W/art     ( 1593): Long monitor contention event with owner method=boolean com.android.server.am.ActivityManagerService.startInstrumentation(android.content.ComponentName, java.lang.String, int, android.os.Bundle, android.app.IInstrumentationWatcher, android.app.IUiAutomationConnection, int, java.lang.String) from ActivityManagerService.java:17066 waiters=2 for 698ms
12-09 07:59:51.392 W/InputMethodManagerService( 1593): Got RemoteException sending setActive(false) notification to pid 9921 uid 10125
12-09 07:59:51.402 W/WindowAnimator( 1593): Failed to dispatch window animation state change.
12-09 07:59:51.402 W/WindowAnimator( 1593): android.os.DeadObjectException
12-09 07:59:51.402 W/WindowAnimator( 1593): 	at android.os.BinderProxy.transactNative(Native Method)
12-09 07:59:51.402 W/WindowAnimator( 1593): 	at android.os.BinderProxy.transact(Binder.java:503)
12-09 07:59:51.402 W/WindowAnimator( 1593): 	at android.view.IWindow$Stub$Proxy.onAnimationStarted(IWindow.java:520)
12-09 07:59:51.402 W/WindowAnimator( 1593): 	at com.android.server.wm.WindowAnimator.updateWindowsLocked(WindowAnimator.java:282)
12-09 07:59:51.402 W/WindowAnimator( 1593): 	at com.android.server.wm.WindowAnimator.animateLocked(WindowAnimator.java:678)
12-09 07:59:51.402 W/WindowAnimator( 1593): 	at com.android.server.wm.WindowAnimator.-wrap0(WindowAnimator.java)
12-09 07:59:51.402 W/WindowAnimator( 1593): 	at com.android.server.wm.WindowAnimator$1.doFrame(WindowAnimator.java:123)
12-09 07:59:51.402 W/WindowAnimator( 1593): 	at android.view.Choreographer$CallbackRecord.run(Choreographer.java:856)
12-09 07:59:51.402 W/WindowAnimator( 1593): 	at android.view.Choreographer.doCallbacks(Choreographer.java:670)
12-09 07:59:51.402 W/WindowAnimator( 1593): 	at android.view.Choreographer.doFrame(Choreographer.java:603)
12-09 07:59:51.402 W/WindowAnimator( 1593): 	at android.view.Choreographer$FrameDisplayEventReceiver.run(Choreographer.java:844)
12-09 07:59:51.402 W/WindowAnimator( 1593): 	at android.os.Handler.handleCallback(Handler.java:739)
12-09 07:59:51.402 W/WindowAnimator( 1593): 	at android.os.Handler.dispatchMessage(Handler.java:95)
12-09 07:59:51.402 W/WindowAnimator( 1593): 	at android.os.Looper.loop(Looper.java:148)
12-09 07:59:51.402 W/WindowAnimator( 1593): 	at android.os.HandlerThread.run(HandlerThread.java:61)
12-09 07:59:51.402 W/WindowAnimator( 1593): 	at com.android.server.ServiceThread.run(ServiceThread.java:46)
12-09 07:59:51.655 W/art     ( 1593): Long monitor contention event with owner method=void com.android.server.wm.WindowAnimator$1.doFrame(long) from WindowAnimator.java:121 waiters=2 for 251ms
12-09 07:59:51.745 W/art     ( 1593): Long monitor contention event with owner method=void com.android.server.wm.WindowAnimator$1.doFrame(long) from WindowAnimator.java:121 waiters=2 for 283ms
12-09 07:59:51.905 W/art     ( 1593): Long monitor contention event with owner method=com.android.internal.view.InputBindResult com.android.server.InputMethodManagerService.windowGainedFocus(com.android.internal.view.IInputMethodClient, android.os.IBinder, int, int, int, android.view.inputmethod.EditorInfo, com.android.internal.view.IInputContext) from InputMethodManagerService.java:2177 waiters=0 for 1.567s
12-09 07:59:51.905 W/art     ( 1593): Long monitor contention event with owner method=java.util.List com.android.server.am.ActivityManagerService.getAllStackInfos() from ActivityManagerService.java:8937 waiters=0 for 502ms
12-09 07:59:51.906 W/art     ( 1593): Long monitor contention event with owner method=java.util.List com.android.server.am.ActivityManagerService.getAllStackInfos() from ActivityManagerService.java:8937 waiters=1 for 420ms
12-09 07:59:51.908 I/Choreographer( 1928): Skipped 140 frames!  The application may be doing too much work on its main thread.
12-09 07:59:51.916 W/art     ( 1593): Long monitor contention event with owner method=com.android.internal.view.InputBindResult com.android.server.InputMethodManagerService.windowGainedFocus(com.android.internal.view.IInputMethodClient, android.os.IBinder, int, int, int, android.view.inputmethod.EditorInfo, com.android.internal.view.IInputContext) from InputMethodManagerService.java:2177 waiters=1 for 647ms
12-09 07:59:52.073 W/art     ( 1593): Long monitor contention event with owner method=void com.android.server.wm.WindowAnimator$1.doFrame(long) from WindowAnimator.java:121 waiters=0 for 158ms
12-09 07:59:52.093 W/WindowAnimator( 1593): Failed to dispatch window animation state change.
12-09 07:59:52.093 W/WindowAnimator( 1593): android.os.DeadObjectException
12-09 07:59:52.093 W/WindowAnimator( 1593): 	at android.os.BinderProxy.transactNative(Native Method)
12-09 07:59:52.093 W/WindowAnimator( 1593): 	at android.os.BinderProxy.transact(Binder.java:503)
12-09 07:59:52.093 W/WindowAnimator( 1593): 	at android.view.IWindow$Stub$Proxy.onAnimationStopped(IWindow.java:534)
12-09 07:59:52.093 W/WindowAnimator( 1593): 	at com.android.server.wm.WindowAnimator.updateWindowsLocked(WindowAnimator.java:286)
12-09 07:59:52.093 W/WindowAnimator( 1593): 	at com.android.server.wm.WindowAnimator.animateLocked(WindowAnimator.java:678)
12-09 07:59:52.093 W/WindowAnimator( 1593): 	at com.android.server.wm.WindowAnimator.-wrap0(WindowAnimator.java)
12-09 07:59:52.093 W/WindowAnimator( 1593): 	at com.android.server.wm.WindowAnimator$1.doFrame(WindowAnimator.java:123)
12-09 07:59:52.093 W/WindowAnimator( 1593): 	at android.view.Choreographer$CallbackRecord.run(Choreographer.java:856)
12-09 07:59:52.093 W/WindowAnimator( 1593): 	at android.view.Choreographer.doCallbacks(Choreographer.java:670)
12-09 07:59:52.093 W/WindowAnimator( 1593): 	at android.view.Choreographer.doFrame(Choreographer.java:603)
12-09 07:59:52.093 W/WindowAnimator( 1593): 	at android.view.Choreographer$FrameDisplayEventReceiver.run(Choreographer.java:844)
12-09 07:59:52.093 W/WindowAnimator( 1593): 	at android.os.Handler.handleCallback(Handler.java:739)
12-09 07:59:52.093 W/WindowAnimator( 1593): 	at android.os.Handler.dispatchMessage(Handler.java:95)
12-09 07:59:52.093 W/WindowAnimator( 1593): 	at android.os.Looper.loop(Looper.java:148)
12-09 07:59:52.093 W/WindowAnimator( 1593): 	at android.os.HandlerThread.run(HandlerThread.java:61)
12-09 07:59:52.093 W/WindowAnimator( 1593): 	at com.android.server.ServiceThread.run(ServiceThread.java:46)
12-09 07:59:52.114 W/System  (10001): ClassLoader referenced unknown path: /data/app/com.evancharlton.mileage.test-1/lib/x86_64
12-09 07:59:52.114 W/System  (10001): ClassLoader referenced unknown path: /data/app/com.evancharlton.mileage-1/lib/x86_64
12-09 07:59:52.153 I/System.out(10001): Main activity name automatically set to: com.evancharlton.mileage.Mileage
12-09 07:59:52.153 I/System.out(10001): Calabash did not load Mono. This is only a problem if you are trying to test a Mono application
12-09 07:59:52.153 I/calabash(10001): Test server port: 7102
12-09 07:59:52.154 I/InstrumentationBackend(10001): Added:'GetPreferences', with key:'get_preferences'
12-09 07:59:52.219 D/EGL_emulation( 1862): eglMakeCurrent: 0x7f6d8d074aa0: ver 2 0 (tinfo 0x7f6d8d042e80)
12-09 07:59:52.238 E/Surface ( 1862): getSlotFromBufferLocked: unknown buffer: 0x7f6d89613fe0
12-09 07:59:52.311 I/InstrumentationBackend(10001): Added:'SetPreferences', with key:'set_preferences'
12-09 07:59:52.334 I/InstrumentationBackend(10001): Added:'ClearPreferences', with key:'clear_preferences'
12-09 07:59:52.334 I/InstrumentationBackend(10001): Added:'PressElement', with key:'press_l10n_element'
12-09 07:59:52.334 I/InstrumentationBackend(10001): Added:'WaitForElement', with key:'wait_for_l10n_element'
12-09 07:59:52.334 I/InstrumentationBackend(10001): Added:'NullAction', with key:'nullAction'
12-09 07:59:52.335 I/InstrumentationBackend(10001): Added:'PressKey', with key:'press_key'
12-09 07:59:52.335 I/InstrumentationBackend(10001): Added:'SetActivityOrientation', with key:'set_activity_orientation'
12-09 07:59:52.335 I/InstrumentationBackend(10001): Added:'GetActivityOrientation', with key:'get_activity_orientation'
12-09 07:59:52.335 I/InstrumentationBackend(10001): Added:'FakeGPSLocation', with key:'set_gps_coordinates'
12-09 07:59:52.335 I/InstrumentationBackend(10001): Added:'SetPropertyByCssSelector', with key:'set_property_by_css_selector'
12-09 07:59:52.336 I/InstrumentationBackend(10001): Added:'GetUrl', with key:'get_url'
12-09 07:59:52.341 I/InstrumentationBackend(10001): Added:'ScrollTo', with key:'scroll_to'
12-09 07:59:52.342 I/InstrumentationBackend(10001): Added:'GetLoadProgress', with key:'get_load_progress'
12-09 07:59:52.342 I/InstrumentationBackend(10001): Added:'DumpHtml', with key:'dump_html'
12-09 07:59:52.342 I/InstrumentationBackend(10001): Added:'DumpBodyHtml', with key:'dump_body_html'
12-09 07:59:52.342 I/InstrumentationBackend(10001): Added:'EnterTextByCssSelector', with key:'enter_text_by_selector'
12-09 07:59:52.343 I/InstrumentationBackend(10001): Added:'AndroidSDKVersion', with key:'android_sdk_version'
12-09 07:59:52.344 I/InstrumentationBackend(10001): Added:'Version', with key:'version'
12-09 07:59:52.344 I/InstrumentationBackend(10001): Added:'Drag', with key:'drag'
12-09 07:59:52.344 I/InstrumentationBackend(10001): Added:'TouchCoordinates', with key:'touch_coordinate'
12-09 07:59:52.344 I/InstrumentationBackend(10001): Added:'LongPressCoordinate', with key:'long_press_coordinate'
12-09 07:59:52.344 I/InstrumentationBackend(10001): Added:'DragCoordinates', with key:'drag_coordinates'
12-09 07:59:52.344 I/InstrumentationBackend(10001): Added:'ResumeApplication', with key:'resume_application'
12-09 07:59:52.357 I/InstrumentationBackend(10001): Added:'Swipe', with key:'swipe'
12-09 07:59:52.358 I/InstrumentationBackend(10001): Added:'DoubleTapCoordinate', with key:'double_tap_coordinate'
12-09 07:59:52.358 I/InstrumentationBackend(10001): Added:'ClickOnScreen', with key:'click_on_screen'
12-09 07:59:52.358 I/InstrumentationBackend(10001): Added:'GetActivityName', with key:'get_activity_name'
12-09 07:59:52.358 I/InstrumentationBackend(10001): Added:'ScrollToView', with key:'scroll_to_view'
12-09 07:59:52.359 I/InstrumentationBackend(10001): Added:'ViewConfiguration', with key:'view_configuration'
12-09 07:59:52.359 I/InstrumentationBackend(10001): Added:'IsCurrentActivityFocused', with key:'is_current_activity_focused'
12-09 07:59:52.359 I/InstrumentationBackend(10001): Added:'SendTcp', with key:'send_tcp'
12-09 07:59:52.359 I/InstrumentationBackend(10001): Added:'DpToDevicePixel', with key:'dp_to_device_pixel'
12-09 07:59:52.360 I/InstrumentationBackend(10001): Added:'KeyboardEnterText', with key:'keyboard_enter_text'
12-09 07:59:52.360 I/InstrumentationBackend(10001): Added:'DeleteSurroundingText', with key:'delete_surrounding_text'
12-09 07:59:52.360 I/InstrumentationBackend(10001): Added:'SetComposingRegion', with key:'set_composing_region'
12-09 07:59:52.360 I/InstrumentationBackend(10001): Added:'SetSelection', with key:'set_selection'
12-09 07:59:52.360 I/InstrumentationBackend(10001): Added:'KeyboardKeyEvent', with key:'keyboard_key_event'
12-09 07:59:52.365 I/InstrumentationBackend(10001): Added:'PressUserActionButton', with key:'press_user_action_button'
12-09 07:59:52.370 I/InstrumentationBackend(10001): Added:'HideSoftKeyboard', with key:'hide_soft_keyboard'
12-09 07:59:52.371 I/InstrumentationBackend(10001): Added:'ListActions', with key:'list_actions'
12-09 07:59:52.371 I/calabash(10001): Instantiating http server at 7102
12-09 07:59:52.406 W/art     ( 1593): Long monitor contention event with owner method=void com.android.server.wm.WindowAnimator$1.doFrame(long) from WindowAnimator.java:121 waiters=0 for 167ms
12-09 07:59:52.406 W/art     ( 1593): Long monitor contention event with owner method=void com.android.server.wm.WindowAnimator$1.doFrame(long) from WindowAnimator.java:121 waiters=1 for 156ms
12-09 07:59:52.416 I/System.out(10001): HTTP Daemon listening on: 7102
12-09 07:59:52.533 I/System.out(10001): URI: //ping
12-09 07:59:52.534 I/System.out(10001): params: {json={}
12-09 07:59:52.534 I/System.out(10001): }
12-09 07:59:52.547 W/OpenGLRenderer( 1928): Incorrectly called buildLayer on View: ShortcutAndWidgetContainer, destroying layer...
12-09 07:59:52.572 I/System.out(10001): URI: //ping
12-09 07:59:52.572 I/System.out(10001): params: {json={}
12-09 07:59:52.573 I/System.out(10001): }
12-09 07:59:52.601 I/System.out(10001): URI: //ready
12-09 07:59:52.601 I/System.out(10001): params: {json={}
12-09 07:59:52.601 I/System.out(10001): }
12-09 07:59:52.652 I/System.out(10001): URI: //
12-09 07:59:52.652 I/System.out(10001): params: {json={"command":"version","arguments":[]}
12-09 07:59:52.652 I/System.out(10001): }
12-09 07:59:52.652 I/System.out(10001): header: {date=Sun, 09 Dec 2018 07:59:53 GMT, accept=*/*, content-length=36, host=127.0.0.1:34777, user-agent=HTTPClient/1.0 (2.8.3, ruby 2.3.1 (2016-04-26)), content-type=application/json;charset=utf-8}
12-09 07:59:52.652 I/System.out(10001): params: {json={"command":"version","arguments":[]}
12-09 07:59:52.652 I/System.out(10001): }
12-09 07:59:52.652 I/System.out(10001): ProP json = {"command":"version","arguments":[]}
12-09 07:59:52.652 I/System.out(10001): files: {}
12-09 07:59:52.652 I/System.out(10001): command: {"command":"version","arguments":[]}
12-09 07:59:52.716 I/InstrumentationBackend(10001): Got command:'Command:'Line:null,version', arguments:'[]'
12-09 07:59:52.759 I/System.out(10001): result:{"bonusInformation":[],"message":"0.9.8","success":true}
12-09 07:59:52.797 I/System.out(10001): URI: //start-application
12-09 07:59:52.797 I/System.out(10001): params: {json={"intent":null}
12-09 07:59:52.797 I/System.out(10001): }
12-09 07:59:52.858 W/art     (10001): Suspending all threads took: 10.351ms
12-09 07:59:52.918 I/art     (10001): Background partial concurrent mark sweep GC freed 22302(1508KB) AllocSpace objects, 15(300KB) LOS objects, 45% free, 1227KB/2MB, paused 18.986ms total 94.944ms
12-09 07:59:53.120 W/art     ( 1593): Long monitor contention event with owner method=void com.android.server.wm.WindowManagerService$H.handleMessage(android.os.Message) from WindowManagerService.java:7820 waiters=1 for 337ms
12-09 07:59:53.142 I/ActivityManager( 1593): START u0 {act=android.intent.action.MAIN cat=[android.intent.category.LAUNCHER] flg=0x10200000 cmp=com.evancharlton.mileage/.Mileage} from uid 10125 on display 0
12-09 07:59:53.144 W/WindowAnimator( 1593): Failed to dispatch window animation state change.
12-09 07:59:53.144 W/WindowAnimator( 1593): android.os.DeadObjectException
12-09 07:59:53.144 W/WindowAnimator( 1593): 	at android.os.BinderProxy.transactNative(Native Method)
12-09 07:59:53.144 W/WindowAnimator( 1593): 	at android.os.BinderProxy.transact(Binder.java:503)
12-09 07:59:53.144 W/WindowAnimator( 1593): 	at android.view.IWindow$Stub$Proxy.onAnimationStopped(IWindow.java:534)
12-09 07:59:53.144 W/WindowAnimator( 1593): 	at com.android.server.wm.WindowAnimator.updateWindowsLocked(WindowAnimator.java:286)
12-09 07:59:53.144 W/WindowAnimator( 1593): 	at com.android.server.wm.WindowAnimator.animateLocked(WindowAnimator.java:678)
12-09 07:59:53.144 W/WindowAnimator( 1593): 	at com.android.server.wm.WindowAnimator.-wrap0(WindowAnimator.java)
12-09 07:59:53.144 W/WindowAnimator( 1593): 	at com.android.server.wm.WindowAnimator$1.doFrame(WindowAnimator.java:123)
12-09 07:59:53.144 W/WindowAnimator( 1593): 	at android.view.Choreographer$CallbackRecord.run(Choreographer.java:856)
12-09 07:59:53.144 W/WindowAnimator( 1593): 	at android.view.Choreographer.doCallbacks(Choreographer.java:670)
12-09 07:59:53.144 W/WindowAnimator( 1593): 	at android.view.Choreographer.doFrame(Choreographer.java:603)
12-09 07:59:53.144 W/WindowAnimator( 1593): 	at android.view.Choreographer$FrameDisplayEventReceiver.run(Choreographer.java:844)
12-09 07:59:53.144 W/WindowAnimator( 1593): 	at android.os.Handler.handleCallback(Handler.java:739)
12-09 07:59:53.144 W/WindowAnimator( 1593): 	at android.os.Handler.dispatchMessage(Handler.java:95)
12-09 07:59:53.144 W/WindowAnimator( 1593): 	at android.os.Looper.loop(Looper.java:148)
12-09 07:59:53.144 W/WindowAnimator( 1593): 	at android.os.HandlerThread.run(HandlerThread.java:61)
12-09 07:59:53.144 W/WindowAnimator( 1593): 	at com.android.server.ServiceThread.run(ServiceThread.java:46)
12-09 07:59:53.364 I/calabash(10001): newActivity1
12-09 07:59:53.474 I/art     (10001): Background sticky concurrent mark sweep GC freed 16271(791KB) AllocSpace objects, 0(0B) LOS objects, 38% free, 1384KB/2MB, paused 7.138ms total 99.491ms
12-09 07:59:53.533 I/calabash(10001): newActivity1
12-09 07:59:53.535 W/ActivityManager( 1593): Bad activity token: android.os.BinderProxy@18c1c23
12-09 07:59:53.535 W/ActivityManager( 1593): java.lang.ClassCastException: android.os.BinderProxy cannot be cast to com.android.server.am.ActivityRecord$Token
12-09 07:59:53.535 W/ActivityManager( 1593): 	at com.android.server.am.ActivityRecord.forTokenLocked(ActivityRecord.java:424)
12-09 07:59:53.535 W/ActivityManager( 1593): 	at com.android.server.am.ActivityRecord.isInStackLocked(ActivityRecord.java:1121)
12-09 07:59:53.535 W/ActivityManager( 1593): 	at com.android.server.am.ActivityRecord.getStackLocked(ActivityRecord.java:1126)
12-09 07:59:53.535 W/ActivityManager( 1593): 	at com.android.server.am.ActivityManagerService.getActivityDisplayId(ActivityManagerService.java:8889)
12-09 07:59:53.535 W/ActivityManager( 1593): 	at android.app.ActivityManagerNative.onTransact(ActivityManagerNative.java:2338)
12-09 07:59:53.535 W/ActivityManager( 1593): 	at com.android.server.am.ActivityManagerService.onTransact(ActivityManagerService.java:2443)
12-09 07:59:53.535 W/ActivityManager( 1593): 	at android.os.Binder.execTransact(Binder.java:453)
12-09 07:59:53.536 W/ActivityManager( 1593): Bad activity token: android.os.BinderProxy@18c1c23
12-09 07:59:53.536 W/ActivityManager( 1593): java.lang.ClassCastException: android.os.BinderProxy cannot be cast to com.android.server.am.ActivityRecord$Token
12-09 07:59:53.536 W/ActivityManager( 1593): 	at com.android.server.am.ActivityRecord.forTokenLocked(ActivityRecord.java:424)
12-09 07:59:53.536 W/ActivityManager( 1593): 	at com.android.server.am.ActivityRecord.isInStackLocked(ActivityRecord.java:1121)
12-09 07:59:53.536 W/ActivityManager( 1593): 	at com.android.server.am.ActivityManagerService.setTaskDescription(ActivityManagerService.java:8547)
12-09 07:59:53.536 W/ActivityManager( 1593): 	at android.app.ActivityManagerNative.onTransact(ActivityManagerNative.java:2410)
12-09 07:59:53.536 W/ActivityManager( 1593): 	at com.android.server.am.ActivityManagerService.onTransact(ActivityManagerService.java:2443)
12-09 07:59:53.536 W/ActivityManager( 1593): 	at android.os.Binder.execTransact(Binder.java:453)
12-09 07:59:53.647 D/gralloc_ranchu( 1219): gralloc_alloc: Creating ashmem region of size 3686400
12-09 07:59:53.656 W/ActivityManager( 1593): Bad activity token: android.os.BinderProxy@18c1c23
12-09 07:59:53.656 W/ActivityManager( 1593): java.lang.ClassCastException: android.os.BinderProxy cannot be cast to com.android.server.am.ActivityRecord$Token
12-09 07:59:53.656 W/ActivityManager( 1593): 	at com.android.server.am.ActivityRecord.forTokenLocked(ActivityRecord.java:424)
12-09 07:59:53.656 W/ActivityManager( 1593): 	at com.android.server.am.ActivityRecord.isInStackLocked(ActivityRecord.java:1121)
12-09 07:59:53.656 W/ActivityManager( 1593): 	at com.android.server.am.ActivityManagerService.getActivityOptions(ActivityManagerService.java:11038)
12-09 07:59:53.656 W/ActivityManager( 1593): 	at android.app.ActivityManagerNative.onTransact(ActivityManagerNative.java:1734)
12-09 07:59:53.656 W/ActivityManager( 1593): 	at com.android.server.am.ActivityManagerService.onTransact(ActivityManagerService.java:2443)
12-09 07:59:53.656 W/ActivityManager( 1593): 	at android.os.Binder.execTransact(Binder.java:453)
12-09 07:59:53.665 W/ActivityManager( 1593): Bad activity token: android.os.BinderProxy@18c1c23
12-09 07:59:53.665 W/ActivityManager( 1593): java.lang.ClassCastException: android.os.BinderProxy cannot be cast to com.android.server.am.ActivityRecord$Token
12-09 07:59:53.665 W/ActivityManager( 1593): 	at com.android.server.am.ActivityRecord.forTokenLocked(ActivityRecord.java:424)
12-09 07:59:53.665 W/ActivityManager( 1593): 	at com.android.server.am.ActivityRecord.isInStackLocked(ActivityRecord.java:1121)
12-09 07:59:53.665 W/ActivityManager( 1593): 	at com.android.server.am.ActivityManagerService.getActivityOptions(ActivityManagerService.java:11038)
12-09 07:59:53.665 W/ActivityManager( 1593): 	at android.app.ActivityManagerNative.onTransact(ActivityManagerNative.java:1734)
12-09 07:59:53.665 W/ActivityManager( 1593): 	at com.android.server.am.ActivityManagerService.onTransact(ActivityManagerService.java:2443)
12-09 07:59:53.665 W/ActivityManager( 1593): 	at android.os.Binder.execTransact(Binder.java:453)
12-09 07:59:53.796 I/art     (10001): Background partial concurrent mark sweep GC freed 3523(361KB) AllocSpace objects, 0(0B) LOS objects, 40% free, 1870KB/3MB, paused 21.776ms total 115.853ms
12-09 07:59:53.917 D/EGL_emulation( 1928): eglMakeCurrent: 0x7f6d8d074dc0: ver 2 0 (tinfo 0x7f6d8d042de0)
12-09 07:59:53.922 V/PhoneStatusBar( 3077): setLightsOn(true)
12-09 07:59:53.925 E/Surface ( 1928): getSlotFromBufferLocked: unknown buffer: 0x7f6d8961aa00
12-09 07:59:54.246 D/gralloc_ranchu( 1219): gralloc_alloc: Creating ashmem region of size 3686400
12-09 07:59:54.282 D/        (10001): HostConnection::get() New Host Connection established 0x7f6d8cfcb2c0, tid 10001
12-09 07:59:54.877 W/art     ( 1593): Long monitor contention event with owner method=void com.android.server.wm.WindowAnimator$1.doFrame(long) from WindowAnimator.java:121 waiters=1 for 259ms
12-09 07:59:54.955 I/ActivityManager( 1593): Displayed com.evancharlton.mileage/.Mileage: +1s602ms
12-09 07:59:55.404 D/gralloc_ranchu( 1219): gralloc_alloc: Creating ashmem region of size 3686400
12-09 07:59:55.866 D/gralloc_ranchu( 1219): gralloc_alloc: Creating ashmem region of size 3686400
12-09 07:59:57.318 I/System.out(10001): URI: //map
12-09 07:59:57.318 I/System.out(10001): params: {json={"query":"android.widget.EditText id:'price'","operation":{"method_name":"query","arguments":[]}}
12-09 07:59:57.318 I/System.out(10001): }
12-09 07:59:57.473 I/art     (10001): Background sticky concurrent mark sweep GC freed 25996(1214KB) AllocSpace objects, 2(40KB) LOS objects, 31% free, 2MB/3MB, paused 2.128ms total 140.353ms
12-09 07:59:57.539 W/ResourceType(10001): No package identifier when getting name for resource number 0x00000001
12-09 07:59:57.677 I/System.out(10001): URI: //gesture
12-09 07:59:57.678 I/System.out(10001): params: {json={"query_timeout":5.0,"gestures":[{"query_string":"android.widget.EditText id:'price'","touches":[{"x":50,"y":50,"offset_x":0,"offset_y":0,"wait":0.0,"time":0.2,"release":true,"query_string":null}]}]}
12-09 07:59:57.678 I/System.out(10001): }
12-09 07:59:57.686 W/ResourceType(10001): No package identifier when getting name for resource number 0x00000001
12-09 07:59:58.129 I/LatinIME( 1862): Starting input. Cursor position = 0,0
12-09 07:59:58.268 I/art     (10001): Background sticky concurrent mark sweep GC freed 44857(2023KB) AllocSpace objects, 1(20KB) LOS objects, 35% free, 2MB/3MB, paused 1.707ms total 134.147ms
12-09 07:59:58.592 D/EGL_emulation( 1862): eglMakeCurrent: 0x7f6d8d074aa0: ver 2 0 (tinfo 0x7f6d8d042e80)
12-09 07:59:58.866 I/System.out(10001): URI: //
12-09 07:59:58.867 I/System.out(10001): params: {json={"command":"set_selection","arguments":[-1,-1]}
12-09 07:59:58.867 I/System.out(10001): }
12-09 07:59:58.867 I/System.out(10001): header: {date=Sun, 09 Dec 2018 07:59:59 GMT, accept=*/*, content-length=47, host=127.0.0.1:34777, user-agent=HTTPClient/1.0 (2.8.3, ruby 2.3.1 (2016-04-26)), content-type=application/json;charset=utf-8}
12-09 07:59:58.867 I/System.out(10001): params: {json={"command":"set_selection","arguments":[-1,-1]}
12-09 07:59:58.867 I/System.out(10001): }
12-09 07:59:58.867 I/System.out(10001): ProP json = {"command":"set_selection","arguments":[-1,-1]}
12-09 07:59:58.867 I/System.out(10001): files: {}
12-09 07:59:58.867 I/System.out(10001): command: {"command":"set_selection","arguments":[-1,-1]}
12-09 07:59:58.868 I/InstrumentationBackend(10001): Got command:'Command:'Line:null,set_selection', arguments:'[-1, -1]'
12-09 07:59:58.912 I/System.out(10001): result:{"bonusInformation":[],"message":"","success":true}
12-09 07:59:59.136 I/System.out(10001): URI: //
12-09 07:59:59.136 I/System.out(10001): params: {json={"command":"keyboard_enter_text","arguments":["23"]}
12-09 07:59:59.136 I/System.out(10001): }
12-09 07:59:59.136 I/System.out(10001): header: {date=Sun, 09 Dec 2018 07:59:59 GMT, accept=*/*, content-length=52, host=127.0.0.1:34777, user-agent=HTTPClient/1.0 (2.8.3, ruby 2.3.1 (2016-04-26)), content-type=application/json;charset=utf-8}
12-09 07:59:59.136 I/System.out(10001): params: {json={"command":"keyboard_enter_text","arguments":["23"]}
12-09 07:59:59.136 I/System.out(10001): }
12-09 07:59:59.136 I/System.out(10001): ProP json = {"command":"keyboard_enter_text","arguments":["23"]}
12-09 07:59:59.136 I/System.out(10001): files: {}
12-09 07:59:59.136 I/System.out(10001): command: {"command":"keyboard_enter_text","arguments":["23"]}
12-09 07:59:59.158 I/InstrumentationBackend(10001): Got command:'Command:'Line:null,keyboard_enter_text', arguments:'[23]'
12-09 07:59:59.254 E/SpannableStringBuilder(10001): SPAN_EXCLUSIVE_EXCLUSIVE spans cannot have a zero length
12-09 07:59:59.254 E/SpannableStringBuilder(10001): SPAN_EXCLUSIVE_EXCLUSIVE spans cannot have a zero length
12-09 07:59:59.275 E/SpannableStringBuilder(10001): SPAN_EXCLUSIVE_EXCLUSIVE spans cannot have a zero length
12-09 07:59:59.275 E/SpannableStringBuilder(10001): SPAN_EXCLUSIVE_EXCLUSIVE spans cannot have a zero length
12-09 07:59:59.299 I/System.out(10001): result:{"bonusInformation":[],"message":"","success":true}
12-09 07:59:59.377 I/art     (10001): Background sticky concurrent mark sweep GC freed 28063(1339KB) AllocSpace objects, 8(160KB) LOS objects, 36% free, 2MB/3MB, paused 11.872ms total 79.911ms
12-09 07:59:59.943 E/SurfaceFlinger( 1219): ro.sf.lcd_density must be defined as a build property
12-09 07:59:59.977 D/gralloc_ranchu( 1219): gralloc_alloc: Creating ashmem region of size 3686400
12-09 08:00:00.226 D/        (10033): HostConnection::get() New Host Connection established 0x7fe0a5a52480, tid 10033
12-09 08:00:00.263 E/EGL_emulation( 1219): tid 1219: eglCreateSyncKHR(1881): error 0x3004 (EGL_BAD_ATTRIBUTE)
12-09 08:00:01.317 I/System.out(10001): URI: //map
12-09 08:00:01.317 I/System.out(10001): params: {json={"query":"android.widget.EditText id:'volume'","operation":{"method_name":"query","arguments":[]}}
12-09 08:00:01.317 I/System.out(10001): }
12-09 08:00:01.456 W/ResourceType(10001): No package identifier when getting name for resource number 0x00000001
12-09 08:00:01.609 I/art     (10001): Background sticky concurrent mark sweep GC freed 44978(2023KB) AllocSpace objects, 2(40KB) LOS objects, 33% free, 2MB/3MB, paused 1.249ms total 114.272ms
12-09 08:00:01.641 I/System.out(10001): URI: //gesture
12-09 08:00:01.641 I/System.out(10001): params: {json={"query_timeout":5.0,"gestures":[{"query_string":"android.widget.EditText id:'volume'","touches":[{"x":50,"y":50,"offset_x":0,"offset_y":0,"wait":0.0,"time":0.2,"release":true,"query_string":null}]}]}
12-09 08:00:01.642 I/System.out(10001): }
12-09 08:00:01.650 W/ResourceType(10001): No package identifier when getting name for resource number 0x00000001
12-09 08:00:02.119 I/LatinIME( 1862): Starting input. Cursor position = 0,0
12-09 08:00:02.196 I/art     (10001): Background sticky concurrent mark sweep GC freed 35808(1496KB) AllocSpace objects, 1(20KB) LOS objects, 13% free, 3MB/3MB, paused 1.702ms total 122.008ms
12-09 08:00:02.702 I/System.out(10001): URI: //
12-09 08:00:02.702 I/System.out(10001): params: {json={"command":"set_selection","arguments":[-1,-1]}
12-09 08:00:02.702 I/System.out(10001): }
12-09 08:00:02.702 I/System.out(10001): header: {date=Sun, 09 Dec 2018 08:00:03 GMT, accept=*/*, content-length=47, host=127.0.0.1:34777, user-agent=HTTPClient/1.0 (2.8.3, ruby 2.3.1 (2016-04-26)), content-type=application/json;charset=utf-8}
12-09 08:00:02.702 I/System.out(10001): params: {json={"command":"set_selection","arguments":[-1,-1]}
12-09 08:00:02.702 I/System.out(10001): }
12-09 08:00:02.702 I/System.out(10001): ProP json = {"command":"set_selection","arguments":[-1,-1]}
12-09 08:00:02.702 I/System.out(10001): files: {}
12-09 08:00:02.702 I/System.out(10001): command: {"command":"set_selection","arguments":[-1,-1]}
12-09 08:00:02.703 I/InstrumentationBackend(10001): Got command:'Command:'Line:null,set_selection', arguments:'[-1, -1]'
12-09 08:00:02.745 I/System.out(10001): result:{"bonusInformation":[],"message":"","success":true}
12-09 08:00:02.786 I/art     (10001): Background partial concurrent mark sweep GC freed 25001(1441KB) AllocSpace objects, 7(140KB) LOS objects, 40% free, 2MB/3MB, paused 8.817ms total 61.174ms
12-09 08:00:02.975 I/art     ( 1862): Background sticky concurrent mark sweep GC freed 2539(299KB) AllocSpace objects, 2(56KB) LOS objects, 20% free, 2MB/2MB, paused 5.630ms total 12.690ms
12-09 08:00:02.982 I/System.out(10001): URI: //
12-09 08:00:02.982 I/System.out(10001): params: {json={"command":"keyboard_enter_text","arguments":["49"]}
12-09 08:00:02.982 I/System.out(10001): }
12-09 08:00:02.982 I/System.out(10001): header: {date=Sun, 09 Dec 2018 08:00:03 GMT, accept=*/*, content-length=52, host=127.0.0.1:34777, user-agent=HTTPClient/1.0 (2.8.3, ruby 2.3.1 (2016-04-26)), content-type=application/json;charset=utf-8}
12-09 08:00:02.982 I/System.out(10001): params: {json={"command":"keyboard_enter_text","arguments":["49"]}
12-09 08:00:02.982 I/System.out(10001): }
12-09 08:00:02.982 I/System.out(10001): ProP json = {"command":"keyboard_enter_text","arguments":["49"]}
12-09 08:00:02.982 I/System.out(10001): files: {}
12-09 08:00:02.982 I/System.out(10001): command: {"command":"keyboard_enter_text","arguments":["49"]}
12-09 08:00:02.989 I/InstrumentationBackend(10001): Got command:'Command:'Line:null,keyboard_enter_text', arguments:'[49]'
12-09 08:00:02.990 E/SpannableStringBuilder(10001): SPAN_EXCLUSIVE_EXCLUSIVE spans cannot have a zero length
12-09 08:00:02.990 E/SpannableStringBuilder(10001): SPAN_EXCLUSIVE_EXCLUSIVE spans cannot have a zero length
12-09 08:00:02.991 E/SpannableStringBuilder(10001): SPAN_EXCLUSIVE_EXCLUSIVE spans cannot have a zero length
12-09 08:00:02.992 E/SpannableStringBuilder(10001): SPAN_EXCLUSIVE_EXCLUSIVE spans cannot have a zero length
12-09 08:00:03.014 I/System.out(10001): result:{"bonusInformation":[],"message":"","success":true}
12-09 08:00:04.197 E/SurfaceFlinger( 1219): ro.sf.lcd_density must be defined as a build property
12-09 08:00:04.208 D/gralloc_ranchu( 1219): gralloc_alloc: Creating ashmem region of size 3686400
12-09 08:00:04.226 D/        (10044): HostConnection::get() New Host Connection established 0x7f0c5c792480, tid 10044
12-09 08:00:04.253 E/EGL_emulation( 1219): tid 1219: eglCreateSyncKHR(1881): error 0x3004 (EGL_BAD_ATTRIBUTE)
12-09 08:00:04.501 D/hwcomposer( 1219): hw_composer sent 676 syncs in 60s
12-09 08:00:05.158 I/System.out(10001): URI: //map
12-09 08:00:05.158 I/System.out(10001): params: {json={"query":"android.widget.EditText id:'odometer'","operation":{"method_name":"query","arguments":[]}}
12-09 08:00:05.158 I/System.out(10001): }
12-09 08:00:05.316 W/ResourceType(10001): No package identifier when getting name for resource number 0x00000001
12-09 08:00:05.433 I/art     (10001): Background sticky concurrent mark sweep GC freed 33270(1538KB) AllocSpace objects, 1(20KB) LOS objects, 37% free, 2MB/3MB, paused 7.567ms total 69.554ms
12-09 08:00:05.501 I/System.out(10001): URI: //gesture
12-09 08:00:05.502 I/System.out(10001): params: {json={"query_timeout":5.0,"gestures":[{"query_string":"android.widget.EditText id:'odometer'","touches":[{"x":50,"y":50,"offset_x":0,"offset_y":0,"wait":0.0,"time":0.2,"release":true,"query_string":null}]}]}
12-09 08:00:05.502 I/System.out(10001): }
12-09 08:00:05.555 W/ResourceType(10001): No package identifier when getting name for resource number 0x00000001
12-09 08:00:05.963 I/LatinIME( 1862): Starting input. Cursor position = 0,0
12-09 08:00:06.629 I/System.out(10001): URI: //
12-09 08:00:06.629 I/System.out(10001): params: {json={"command":"set_selection","arguments":[-1,-1]}
12-09 08:00:06.629 I/System.out(10001): }
12-09 08:00:06.630 I/System.out(10001): header: {date=Sun, 09 Dec 2018 08:00:07 GMT, accept=*/*, content-length=47, host=127.0.0.1:34777, user-agent=HTTPClient/1.0 (2.8.3, ruby 2.3.1 (2016-04-26)), content-type=application/json;charset=utf-8}
12-09 08:00:06.630 I/System.out(10001): params: {json={"command":"set_selection","arguments":[-1,-1]}
12-09 08:00:06.630 I/System.out(10001): }
12-09 08:00:06.630 I/System.out(10001): ProP json = {"command":"set_selection","arguments":[-1,-1]}
12-09 08:00:06.630 I/System.out(10001): files: {}
12-09 08:00:06.630 I/System.out(10001): command: {"command":"set_selection","arguments":[-1,-1]}
12-09 08:00:06.632 I/InstrumentationBackend(10001): Got command:'Command:'Line:null,set_selection', arguments:'[-1, -1]'
12-09 08:00:06.794 I/Choreographer( 1862): Skipped 50 frames!  The application may be doing too much work on its main thread.
12-09 08:00:06.803 I/System.out(10001): result:{"bonusInformation":[],"message":"","success":true}
12-09 08:00:07.110 I/System.out(10001): URI: //
12-09 08:00:07.110 I/System.out(10001): params: {json={"command":"keyboard_enter_text","arguments":["12"]}
12-09 08:00:07.110 I/System.out(10001): }
12-09 08:00:07.110 I/System.out(10001): header: {date=Sun, 09 Dec 2018 08:00:07 GMT, accept=*/*, content-length=52, host=127.0.0.1:34777, user-agent=HTTPClient/1.0 (2.8.3, ruby 2.3.1 (2016-04-26)), content-type=application/json;charset=utf-8}
12-09 08:00:07.110 I/System.out(10001): params: {json={"command":"keyboard_enter_text","arguments":["12"]}
12-09 08:00:07.110 I/System.out(10001): }
12-09 08:00:07.110 I/System.out(10001): ProP json = {"command":"keyboard_enter_text","arguments":["12"]}
12-09 08:00:07.111 I/System.out(10001): files: {}
12-09 08:00:07.111 I/System.out(10001): command: {"command":"keyboard_enter_text","arguments":["12"]}
12-09 08:00:07.112 I/InstrumentationBackend(10001): Got command:'Command:'Line:null,keyboard_enter_text', arguments:'[12]'
12-09 08:00:07.117 E/SpannableStringBuilder(10001): SPAN_EXCLUSIVE_EXCLUSIVE spans cannot have a zero length
12-09 08:00:07.117 E/SpannableStringBuilder(10001): SPAN_EXCLUSIVE_EXCLUSIVE spans cannot have a zero length
12-09 08:00:07.119 E/SpannableStringBuilder(10001): SPAN_EXCLUSIVE_EXCLUSIVE spans cannot have a zero length
12-09 08:00:07.119 E/SpannableStringBuilder(10001): SPAN_EXCLUSIVE_EXCLUSIVE spans cannot have a zero length
12-09 08:00:07.124 I/System.out(10001): result:{"bonusInformation":[],"message":"","success":true}
12-09 08:00:07.558 E/SurfaceFlinger( 1219): ro.sf.lcd_density must be defined as a build property
12-09 08:00:07.559 D/gralloc_ranchu( 1219): gralloc_alloc: Creating ashmem region of size 3686400
12-09 08:00:07.605 D/        (10054): HostConnection::get() New Host Connection established 0x7f6126852480, tid 10054
12-09 08:00:07.631 E/EGL_emulation( 1219): tid 1219: eglCreateSyncKHR(1881): error 0x3004 (EGL_BAD_ATTRIBUTE)
12-09 08:00:09.827 I/System.out(10001): URI: //map
12-09 08:00:09.827 I/System.out(10001): params: {json={"query":"android.widget.Button index:2","operation":{"method_name":"query","arguments":[]}}
12-09 08:00:09.827 I/System.out(10001): }
12-09 08:00:09.889 W/art     (10001): Suspending all threads took: 19.119ms
12-09 08:00:09.982 I/art     (10001): Background sticky concurrent mark sweep GC freed 37815(1611KB) AllocSpace objects, 5(100KB) LOS objects, 5% free, 3MB/3MB, paused 20.394ms total 140.757ms
12-09 08:00:10.134 I/System.out(10001): URI: //gesture
12-09 08:00:10.141 I/System.out(10001): params: {json={"query_timeout":5.0,"gestures":[{"query_string":"android.widget.Button index:2","touches":[{"x":50,"y":50,"offset_x":0,"offset_y":0,"wait":0.0,"time":0.2,"release":true,"query_string":null}]}]}
12-09 08:00:10.141 I/System.out(10001): }
12-09 08:00:10.153 I/art     (10001): Background partial concurrent mark sweep GC freed 25348(1471KB) AllocSpace objects, 5(100KB) LOS objects, 39% free, 2MB/4MB, paused 1.131ms total 127.664ms
12-09 08:00:10.683 D/AudioFlinger( 1307): mixer(0xf4300000) throttle end: throttle time(9)
12-09 08:00:10.705 W/audio_hw_generic( 1307): Hardware backing HAL too slow, could only write 0 of 661 frames
12-09 08:00:10.717 W/audio_hw_generic( 1307): Hardware backing HAL too slow, could only write 0 of 661 frames
12-09 08:00:10.722 I/art     (10001): Background sticky concurrent mark sweep GC freed 50683(2MB) AllocSpace objects, 1(20KB) LOS objects, 50% free, 2MB/4MB, paused 5.583ms total 75.738ms
12-09 08:00:10.730 W/audio_hw_generic( 1307): Hardware backing HAL too slow, could only write 0 of 661 frames
12-09 08:00:10.746 W/audio_hw_generic( 1307): Hardware backing HAL too slow, could only write 0 of 661 frames
12-09 08:00:10.882 I/calabash(10001): newActivity1
12-09 08:00:10.913 W/ActivityManager( 1593): Bad activity token: android.os.BinderProxy@ec35805
12-09 08:00:10.913 W/ActivityManager( 1593): java.lang.ClassCastException: android.os.BinderProxy cannot be cast to com.android.server.am.ActivityRecord$Token
12-09 08:00:10.913 W/ActivityManager( 1593): 	at com.android.server.am.ActivityRecord.forTokenLocked(ActivityRecord.java:424)
12-09 08:00:10.913 W/ActivityManager( 1593): 	at com.android.server.am.ActivityRecord.isInStackLocked(ActivityRecord.java:1121)
12-09 08:00:10.913 W/ActivityManager( 1593): 	at com.android.server.am.ActivityRecord.getStackLocked(ActivityRecord.java:1126)
12-09 08:00:10.913 W/ActivityManager( 1593): 	at com.android.server.am.ActivityManagerService.getActivityDisplayId(ActivityManagerService.java:8889)
12-09 08:00:10.913 W/ActivityManager( 1593): 	at android.app.ActivityManagerNative.onTransact(ActivityManagerNative.java:2338)
12-09 08:00:10.913 W/ActivityManager( 1593): 	at com.android.server.am.ActivityManagerService.onTransact(ActivityManagerService.java:2443)
12-09 08:00:10.913 W/ActivityManager( 1593): 	at android.os.Binder.execTransact(Binder.java:453)
12-09 08:00:10.926 W/ActivityManager( 1593): Bad activity token: android.os.BinderProxy@ec35805
12-09 08:00:10.926 W/ActivityManager( 1593): java.lang.ClassCastException: android.os.BinderProxy cannot be cast to com.android.server.am.ActivityRecord$Token
12-09 08:00:10.926 W/ActivityManager( 1593): 	at com.android.server.am.ActivityRecord.forTokenLocked(ActivityRecord.java:424)
12-09 08:00:10.926 W/ActivityManager( 1593): 	at com.android.server.am.ActivityRecord.isInStackLocked(ActivityRecord.java:1121)
12-09 08:00:10.926 W/ActivityManager( 1593): 	at com.android.server.am.ActivityManagerService.setTaskDescription(ActivityManagerService.java:8547)
12-09 08:00:10.926 W/ActivityManager( 1593): 	at android.app.ActivityManagerNative.onTransact(ActivityManagerNative.java:2410)
12-09 08:00:10.926 W/ActivityManager( 1593): 	at com.android.server.am.ActivityManagerService.onTransact(ActivityManagerService.java:2443)
12-09 08:00:10.926 W/ActivityManager( 1593): 	at android.os.Binder.execTransact(Binder.java:453)
12-09 08:00:10.939 W/audio_hw_generic( 1307): Not supplying enough data to HAL, expected position 18940937 , only wrote 18940294
12-09 08:00:10.939 W/audio_hw_generic( 1307): Not supplying enough data to HAL, expected position 18940301 , only wrote 18940294
12-09 08:00:10.989 W/audio_hw_generic( 1307): Not supplying enough data to HAL, expected position 18942505 , only wrote 18940955
12-09 08:00:11.022 W/ActivityManager( 1593): Bad activity token: android.os.BinderProxy@ec35805
12-09 08:00:11.022 W/ActivityManager( 1593): java.lang.ClassCastException: android.os.BinderProxy cannot be cast to com.android.server.am.ActivityRecord$Token
12-09 08:00:11.022 W/ActivityManager( 1593): 	at com.android.server.am.ActivityRecord.forTokenLocked(ActivityRecord.java:424)
12-09 08:00:11.022 W/ActivityManager( 1593): 	at com.android.server.am.ActivityRecord.isInStackLocked(ActivityRecord.java:1121)
12-09 08:00:11.022 W/ActivityManager( 1593): 	at com.android.server.am.ActivityManagerService.getActivityOptions(ActivityManagerService.java:11038)
12-09 08:00:11.022 W/ActivityManager( 1593): 	at android.app.ActivityManagerNative.onTransact(ActivityManagerNative.java:1734)
12-09 08:00:11.022 W/ActivityManager( 1593): 	at com.android.server.am.ActivityManagerService.onTransact(ActivityManagerService.java:2443)
12-09 08:00:11.022 W/ActivityManager( 1593): 	at android.os.Binder.execTransact(Binder.java:453)
12-09 08:00:11.022 W/ActivityManager( 1593): Bad activity token: android.os.BinderProxy@ec35805
12-09 08:00:11.022 W/ActivityManager( 1593): java.lang.ClassCastException: android.os.BinderProxy cannot be cast to com.android.server.am.ActivityRecord$Token
12-09 08:00:11.022 W/ActivityManager( 1593): 	at com.android.server.am.ActivityRecord.forTokenLocked(ActivityRecord.java:424)
12-09 08:00:11.022 W/ActivityManager( 1593): 	at com.android.server.am.ActivityRecord.isInStackLocked(ActivityRecord.java:1121)
12-09 08:00:11.022 W/ActivityManager( 1593): 	at com.android.server.am.ActivityManagerService.getActivityOptions(ActivityManagerService.java:11038)
12-09 08:00:11.022 W/ActivityManager( 1593): 	at android.app.ActivityManagerNative.onTransact(ActivityManagerNative.java:1734)
12-09 08:00:11.022 W/ActivityManager( 1593): 	at com.android.server.am.ActivityManagerService.onTransact(ActivityManagerService.java:2443)
12-09 08:00:11.022 W/ActivityManager( 1593): 	at android.os.Binder.execTransact(Binder.java:453)
12-09 08:00:11.054 W/audio_hw_generic( 1307): Hardware backing HAL too slow, could only write 0 of 661 frames
12-09 08:00:11.132 E/SurfaceFlinger( 1219): ro.sf.lcd_density must be defined as a build property
12-09 08:00:11.173 W/audio_hw_generic( 1307): Not supplying enough data to HAL, expected position 18949037 , only wrote 18948887
12-09 08:00:11.173 W/audio_hw_generic( 1307): Not supplying enough data to HAL, expected position 18948894 , only wrote 18948887
12-09 08:00:11.175 I/LatinIME( 1862): Starting input. Cursor position = -1,-1
12-09 08:00:11.178 D/gralloc_ranchu( 1219): gralloc_alloc: Creating ashmem region of size 3686400
12-09 08:00:11.193 W/audio_hw_generic( 1307): Not supplying enough data to HAL, expected position 18949786 , only wrote 18949548
12-09 08:00:11.222 W/audio_hw_generic( 1307): Not supplying enough data to HAL, expected position 18950811 , only wrote 18950209
12-09 08:00:11.222 W/audio_hw_generic( 1307): Not supplying enough data to HAL, expected position 18950216 , only wrote 18950209
12-09 08:00:11.237 W/audio_hw_generic( 1307): Not supplying enough data to HAL, expected position 18950883 , only wrote 18950870
12-09 08:00:11.252 D/Mileage (10001): Not enough fillups to calculate economy
12-09 08:00:11.270 D/Mileage.ABS(10001): Finished backup
12-09 08:00:11.276 D/        (10060): HostConnection::get() New Host Connection established 0x7fc477112480, tid 10060
