--------- beginning of main
12-09 08:12:29.320 D/gralloc_ranchu( 1223): gralloc_alloc: Creating ashmem region of size 708608
12-09 08:12:29.384 W/audio_hw_generic( 1306): Hardware backing HAL too slow, could only write 0 of 661 frames
12-09 08:12:29.395 W/audio_hw_generic( 1306): Hardware backing HAL too slow, could only write 0 of 661 frames
12-09 08:12:29.409 W/audio_hw_generic( 1306): Hardware backing HAL too slow, could only write 0 of 661 frames
12-09 08:12:29.433 W/audio_hw_generic( 1306): Hardware backing HAL too slow, could only write 0 of 661 frames
12-09 08:12:29.439 E/EGL_emulation( 1223): tid 1223: eglCreateSyncKHR(1881): error 0x3004 (EGL_BAD_ATTRIBUTE)
12-09 08:12:29.459 W/audio_hw_generic( 1306): Hardware backing HAL too slow, could only write 0 of 661 frames
12-09 08:12:29.476 W/audio_hw_generic( 1306): Hardware backing HAL too slow, could only write 0 of 661 frames
12-09 08:12:29.556 W/audio_hw_generic( 1306): Not supplying enough data to HAL, expected position 27189434 , only wrote 27188913
--------- beginning of system
12-09 08:12:29.639 W/ActivityManager( 1593): Finishing task with all activities already finished
12-09 08:12:29.639 W/ActivityManager( 1593): Duplicate finish request for ActivityRecord{941d71b u0 com.evancharlton.mileage/.Mileage t423 f}
12-09 08:12:29.640 W/ActivityManager( 1593): Finishing task with all activities already finished
12-09 08:12:29.640 W/ActivityManager( 1593): Duplicate finish request for ActivityRecord{941d71b u0 com.evancharlton.mileage/.Mileage t423 f}
12-09 08:12:29.640 W/ActivityManager( 1593): Finishing task with all activities already finished
12-09 08:12:29.640 W/ActivityManager( 1593): Duplicate finish request for ActivityRecord{941d71b u0 com.evancharlton.mileage/.Mileage t423 f}
12-09 08:12:29.675 I/art     ( 1593): Background partial concurrent mark sweep GC freed 10963(759KB) AllocSpace objects, 5(100KB) LOS objects, 29% free, 9MB/13MB, paused 5.381ms total 186.835ms
12-09 08:12:30.080 D/EGL_emulation( 1941): eglMakeCurrent: 0x7fc6dfc21d20: ver 2 0 (tinfo 0x7fc6dfc028e0)
12-09 08:12:30.351 W/art     ( 1593): Long monitor contention event with owner method=void com.android.server.wm.WindowAnimator$1.doFrame(long) from WindowAnimator.java:121 waiters=1 for 249ms
12-09 08:12:30.386 D/AndroidRuntime(13400): >>>>>> START com.android.internal.os.RuntimeInit uid 0 <<<<<<
12-09 08:12:30.396 D/AndroidRuntime(13400): CheckJNI is ON
12-09 08:12:30.481 D/ICU     (13400): No timezone override file found: /data/misc/zoneinfo/current/icu/icu_tzdata.dat
12-09 08:12:30.637 W/art     ( 1593): Long monitor contention event with owner method=void com.android.server.wm.WindowAnimator$1.doFrame(long) from WindowAnimator.java:121 waiters=1 for 277ms
12-09 08:12:30.656 E/memtrack(13400): Couldn't load memtrack module (No such file or directory)
12-09 08:12:30.659 E/android.os.Debug(13400): failed to load memtrack module: -2
12-09 08:12:30.680 I/Radio-JNI(13400): register_android_hardware_Radio DONE
12-09 08:12:30.707 D/AndroidRuntime(13400): Calling main entry com.android.commands.am.Am
12-09 08:12:30.781 I/ActivityManager( 1593): Force stopping com.evancharlton.mileage appid=10131 user=0: start instr
12-09 08:12:30.782 I/ActivityManager( 1593): Killing 13332:com.evancharlton.mileage/u0a131 (adj 0): stop com.evancharlton.mileage
12-09 08:12:30.785 W/art     ( 1593): Long monitor contention event with owner method=void com.android.server.wm.WindowAnimator$1.doFrame(long) from WindowAnimator.java:121 waiters=1 for 299ms
12-09 08:12:31.012 W/ActivityManager( 1593): Crash of app com.evancharlton.mileage running instrumentation ComponentInfo{com.evancharlton.mileage.test/sh.calaba.instrumentationbackend.CalabashInstrumentationTestRunner}
12-09 08:12:31.012 I/ActivityManager( 1593): Force stopping com.evancharlton.mileage appid=10131 user=0: finished inst
12-09 08:12:31.157 W/art     ( 1593): Long monitor contention event with owner method=void com.android.server.wm.WindowAnimator$1.doFrame(long) from WindowAnimator.java:121 waiters=1 for 520ms
12-09 08:12:31.192 W/art     ( 1593): Long monitor contention event with owner method=void com.android.server.wm.WindowAnimator$1.doFrame(long) from WindowAnimator.java:121 waiters=1 for 407ms
12-09 08:12:31.197 W/art     ( 1593): Long monitor contention event with owner method=void com.android.server.wm.WindowAnimator$1.doFrame(long) from WindowAnimator.java:121 waiters=2 for 249ms
12-09 08:12:31.403 W/art     ( 1593): Long monitor contention event with owner method=void com.android.server.wm.WindowAnimator$1.doFrame(long) from WindowAnimator.java:121 waiters=4 for 245ms
12-09 08:12:31.520 W/art     ( 1593): Long monitor contention event with owner method=void com.android.server.wm.WindowManagerService$H.handleMessage(android.os.Message) from WindowManagerService.java:7820 waiters=4 for 328ms
12-09 08:12:31.624 W/art     ( 1593): Long monitor contention event with owner method=void com.android.server.wm.WindowAnimator$1.doFrame(long) from WindowAnimator.java:121 waiters=4 for 427ms
12-09 08:12:31.753 W/art     ( 1593): Long monitor contention event with owner method=void com.android.server.wm.WindowAnimator$1.doFrame(long) from WindowAnimator.java:121 waiters=4 for 488ms
12-09 08:12:31.855 W/art     ( 1593): Long monitor contention event with owner method=void com.android.server.wm.WindowAnimator$1.doFrame(long) from WindowAnimator.java:121 waiters=4 for 503ms
12-09 08:12:31.936 W/art     ( 1593): Long monitor contention event with owner method=void com.android.server.wm.WindowAnimator$1.doFrame(long) from WindowAnimator.java:121 waiters=4 for 533ms
12-09 08:12:32.036 W/art     ( 1593): Long monitor contention event with owner method=void com.android.server.wm.WindowAnimator$1.doFrame(long) from WindowAnimator.java:121 waiters=4 for 516ms
12-09 08:12:32.156 W/art     ( 1593): Long monitor contention event with owner method=void com.android.server.wm.WindowAnimator$1.doFrame(long) from WindowAnimator.java:121 waiters=4 for 532ms
12-09 08:12:32.243 W/art     ( 1593): Long monitor contention event with owner method=void com.android.server.wm.WindowAnimator$1.doFrame(long) from WindowAnimator.java:121 waiters=4 for 490ms
12-09 08:12:32.334 W/art     ( 1593): Long monitor contention event with owner method=void com.android.server.wm.WindowAnimator$1.doFrame(long) from WindowAnimator.java:121 waiters=4 for 479ms
12-09 08:12:32.524 W/art     ( 1593): Long monitor contention event with owner method=void com.android.server.wm.WindowAnimator$1.doFrame(long) from WindowAnimator.java:121 waiters=4 for 588ms
12-09 08:12:32.525 W/art     ( 1593): Long monitor contention event with owner method=void com.android.server.wm.WindowAnimator$1.doFrame(long) from WindowAnimator.java:121 waiters=4 for 369ms
12-09 08:12:32.525 W/WindowManager( 1593): Failed looking up window
12-09 08:12:32.525 W/WindowManager( 1593): java.lang.IllegalArgumentException: Requested window android.os.BinderProxy@178f0c4 does not exist
12-09 08:12:32.525 W/WindowManager( 1593): 	at com.android.server.wm.WindowManagerService.windowForClientLocked(WindowManagerService.java:8733)
12-09 08:12:32.525 W/WindowManager( 1593): 	at com.android.server.wm.WindowManagerService.windowForClientLocked(WindowManagerService.java:8724)
12-09 08:12:32.525 W/WindowManager( 1593): 	at com.android.server.wm.WindowState$DeathRecipient.binderDied(WindowState.java:1209)
12-09 08:12:32.525 W/WindowManager( 1593): 	at android.os.BinderProxy.sendDeathNotice(Binder.java:558)
12-09 08:12:32.525 I/WindowState( 1593): WIN DEATH: null
12-09 08:12:32.525 W/art     ( 1593): Long monitor contention event with owner method=void com.android.server.wm.WindowAnimator$1.doFrame(long) from WindowAnimator.java:121 waiters=4 for 282ms
12-09 08:12:32.526 I/WindowState( 1593): WIN DEATH: Window{46f3e85 u0 com.evancharlton.mileage/com.evancharlton.mileage.Mileage EXITING}
12-09 08:12:32.624 I/ActivityManager( 1593): Start proc 13409:com.evancharlton.mileage/u0a131 for added application com.evancharlton.mileage
12-09 08:12:32.625 W/art     ( 1593): Long monitor contention event with owner method=boolean com.android.server.am.ActivityManagerService.startInstrumentation(android.content.ComponentName, java.lang.String, int, android.os.Bundle, android.app.IInstrumentationWatcher, android.app.IUiAutomationConnection, int, java.lang.String) from ActivityManagerService.java:17066 waiters=0 for 1.842s
12-09 08:12:32.635 W/art     ( 1593): Long monitor contention event with owner method=boolean com.android.server.am.ActivityManagerService.startInstrumentation(android.content.ComponentName, java.lang.String, int, android.os.Bundle, android.app.IInstrumentationWatcher, android.app.IUiAutomationConnection, int, java.lang.String) from ActivityManagerService.java:17066 waiters=1 for 1.852s
12-09 08:12:32.636 W/art     ( 1593): Long monitor contention event with owner method=boolean com.android.server.am.ActivityManagerService.startInstrumentation(android.content.ComponentName, java.lang.String, int, android.os.Bundle, android.app.IInstrumentationWatcher, android.app.IUiAutomationConnection, int, java.lang.String) from ActivityManagerService.java:17066 waiters=2 for 1.688s
12-09 08:12:32.636 W/ActivityManager( 1593): Spurious death for ProcessRecord{ca3945c 0:com.evancharlton.mileage/u0a131}, curProc for 13332: null
12-09 08:12:32.636 W/art     ( 1593): Long monitor contention event with owner method=boolean com.android.server.am.ActivityManagerService.startInstrumentation(android.content.ComponentName, java.lang.String, int, android.os.Bundle, android.app.IInstrumentationWatcher, android.app.IUiAutomationConnection, int, java.lang.String) from ActivityManagerService.java:17066 waiters=3 for 112ms
12-09 08:12:32.667 D/AndroidRuntime(13400): Shutting down VM
12-09 08:12:32.689 W/InputMethodManagerService( 1593): Got RemoteException sending setActive(false) notification to pid 13332 uid 10131
12-09 08:12:32.770 W/art     ( 1593): Long monitor contention event with owner method=com.android.internal.view.InputBindResult com.android.server.InputMethodManagerService.windowGainedFocus(com.android.internal.view.IInputMethodClient, android.os.IBinder, int, int, int, android.view.inputmethod.EditorInfo, com.android.internal.view.IInputContext) from InputMethodManagerService.java:2177 waiters=0 for 1.822s
12-09 08:12:32.773 W/art     ( 1593): Long monitor contention event with owner method=com.android.internal.view.InputBindResult com.android.server.InputMethodManagerService.windowGainedFocus(com.android.internal.view.IInputMethodClient, android.os.IBinder, int, int, int, android.view.inputmethod.EditorInfo, com.android.internal.view.IInputContext) from InputMethodManagerService.java:2177 waiters=1 for 246ms
12-09 08:12:32.779 I/Choreographer( 1941): Skipped 159 frames!  The application may be doing too much work on its main thread.
12-09 08:12:32.963 W/System  (13409): ClassLoader referenced unknown path: /data/app/com.evancharlton.mileage.test-1/lib/x86_64
12-09 08:12:32.964 W/System  (13409): ClassLoader referenced unknown path: /data/app/com.evancharlton.mileage-1/lib/x86_64
12-09 08:12:33.026 I/System.out(13409): Main activity name automatically set to: com.evancharlton.mileage.Mileage
12-09 08:12:33.026 I/System.out(13409): Calabash did not load Mono. This is only a problem if you are trying to test a Mono application
12-09 08:12:33.026 I/calabash(13409): Test server port: 7102
12-09 08:12:33.043 D/EGL_emulation( 1866): eglMakeCurrent: 0x7fc6dfc21640: ver 2 0 (tinfo 0x7fc6d3fdc6e0)
12-09 08:12:33.047 E/Surface ( 1866): getSlotFromBufferLocked: unknown buffer: 0x7fc6dbb49a20
12-09 08:12:33.112 I/InstrumentationBackend(13409): Added:'GetPreferences', with key:'get_preferences'
12-09 08:12:33.124 W/art     (13409): Suspending all threads took: 7.854ms
12-09 08:12:33.172 I/art     (13409): Background sticky concurrent mark sweep GC freed 3888(270KB) AllocSpace objects, 0(0B) LOS objects, 39% free, 778KB/1295KB, paused 9.070ms total 168.143ms
12-09 08:12:33.271 W/art     ( 1593): Long monitor contention event with owner method=void com.android.server.wm.WindowAnimator$1.doFrame(long) from WindowAnimator.java:121 waiters=0 for 124ms
12-09 08:12:33.286 I/InstrumentationBackend(13409): Added:'SetPreferences', with key:'set_preferences'
12-09 08:12:33.299 I/InstrumentationBackend(13409): Added:'ClearPreferences', with key:'clear_preferences'
12-09 08:12:33.300 I/InstrumentationBackend(13409): Added:'PressElement', with key:'press_l10n_element'
12-09 08:12:33.300 I/InstrumentationBackend(13409): Added:'WaitForElement', with key:'wait_for_l10n_element'
12-09 08:12:33.300 I/InstrumentationBackend(13409): Added:'NullAction', with key:'nullAction'
12-09 08:12:33.300 I/InstrumentationBackend(13409): Added:'PressKey', with key:'press_key'
12-09 08:12:33.301 I/InstrumentationBackend(13409): Added:'SetActivityOrientation', with key:'set_activity_orientation'
12-09 08:12:33.301 I/InstrumentationBackend(13409): Added:'GetActivityOrientation', with key:'get_activity_orientation'
12-09 08:12:33.301 I/InstrumentationBackend(13409): Added:'FakeGPSLocation', with key:'set_gps_coordinates'
12-09 08:12:33.301 I/InstrumentationBackend(13409): Added:'SetPropertyByCssSelector', with key:'set_property_by_css_selector'
12-09 08:12:33.301 I/InstrumentationBackend(13409): Added:'GetUrl', with key:'get_url'
12-09 08:12:33.302 I/InstrumentationBackend(13409): Added:'ScrollTo', with key:'scroll_to'
12-09 08:12:33.302 I/InstrumentationBackend(13409): Added:'GetLoadProgress', with key:'get_load_progress'
12-09 08:12:33.303 I/InstrumentationBackend(13409): Added:'DumpHtml', with key:'dump_html'
12-09 08:12:33.309 I/InstrumentationBackend(13409): Added:'DumpBodyHtml', with key:'dump_body_html'
12-09 08:12:33.310 I/InstrumentationBackend(13409): Added:'EnterTextByCssSelector', with key:'enter_text_by_selector'
12-09 08:12:33.316 I/InstrumentationBackend(13409): Added:'AndroidSDKVersion', with key:'android_sdk_version'
12-09 08:12:33.317 I/InstrumentationBackend(13409): Added:'Version', with key:'version'
12-09 08:12:33.317 I/InstrumentationBackend(13409): Added:'Drag', with key:'drag'
12-09 08:12:33.317 I/InstrumentationBackend(13409): Added:'TouchCoordinates', with key:'touch_coordinate'
12-09 08:12:33.317 I/InstrumentationBackend(13409): Added:'LongPressCoordinate', with key:'long_press_coordinate'
12-09 08:12:33.317 I/InstrumentationBackend(13409): Added:'DragCoordinates', with key:'drag_coordinates'
12-09 08:12:33.317 I/InstrumentationBackend(13409): Added:'ResumeApplication', with key:'resume_application'
12-09 08:12:33.318 I/InstrumentationBackend(13409): Added:'Swipe', with key:'swipe'
12-09 08:12:33.318 I/InstrumentationBackend(13409): Added:'DoubleTapCoordinate', with key:'double_tap_coordinate'
12-09 08:12:33.318 I/InstrumentationBackend(13409): Added:'ClickOnScreen', with key:'click_on_screen'
12-09 08:12:33.318 I/InstrumentationBackend(13409): Added:'GetActivityName', with key:'get_activity_name'
12-09 08:12:33.318 I/InstrumentationBackend(13409): Added:'ScrollToView', with key:'scroll_to_view'
12-09 08:12:33.319 I/InstrumentationBackend(13409): Added:'ViewConfiguration', with key:'view_configuration'
12-09 08:12:33.347 I/InstrumentationBackend(13409): Added:'IsCurrentActivityFocused', with key:'is_current_activity_focused'
12-09 08:12:33.348 I/InstrumentationBackend(13409): Added:'SendTcp', with key:'send_tcp'
12-09 08:12:33.348 I/InstrumentationBackend(13409): Added:'DpToDevicePixel', with key:'dp_to_device_pixel'
12-09 08:12:33.348 I/InstrumentationBackend(13409): Added:'KeyboardEnterText', with key:'keyboard_enter_text'
12-09 08:12:33.348 I/InstrumentationBackend(13409): Added:'DeleteSurroundingText', with key:'delete_surrounding_text'
12-09 08:12:33.349 I/InstrumentationBackend(13409): Added:'SetComposingRegion', with key:'set_composing_region'
12-09 08:12:33.349 I/InstrumentationBackend(13409): Added:'SetSelection', with key:'set_selection'
12-09 08:12:33.349 I/InstrumentationBackend(13409): Added:'KeyboardKeyEvent', with key:'keyboard_key_event'
12-09 08:12:33.350 I/InstrumentationBackend(13409): Added:'PressUserActionButton', with key:'press_user_action_button'
12-09 08:12:33.350 I/InstrumentationBackend(13409): Added:'HideSoftKeyboard', with key:'hide_soft_keyboard'
12-09 08:12:33.350 I/InstrumentationBackend(13409): Added:'ListActions', with key:'list_actions'
12-09 08:12:33.350 I/calabash(13409): Instantiating http server at 7102
12-09 08:12:33.425 I/System.out(13409): HTTP Daemon listening on: 7102
12-09 08:12:33.582 I/art     (13409): Background partial concurrent mark sweep GC freed 1834(227KB) AllocSpace objects, 1(20KB) LOS objects, 50% free, 994KB/2018KB, paused 64.001ms total 230.144ms
12-09 08:12:33.587 I/System.out(13409): URI: //ping
12-09 08:12:33.588 I/System.out(13409): params: {json={}
12-09 08:12:33.588 I/System.out(13409): }
12-09 08:12:33.632 I/System.out(13409): URI: //ping
12-09 08:12:33.632 I/System.out(13409): params: {json={}
12-09 08:12:33.633 I/System.out(13409): }
12-09 08:12:33.740 I/System.out(13409): URI: //ready
12-09 08:12:33.740 I/System.out(13409): params: {json={}
12-09 08:12:33.740 I/System.out(13409): }
12-09 08:12:33.744 W/art     ( 1593): Long monitor contention event with owner method=void com.android.server.wm.WindowAnimator$1.doFrame(long) from WindowAnimator.java:121 waiters=1 for 321ms
12-09 08:12:33.780 I/System.out(13409): URI: //
12-09 08:12:33.780 I/System.out(13409): params: {json={"command":"version","arguments":[]}
12-09 08:12:33.780 I/System.out(13409): }
12-09 08:12:33.780 I/System.out(13409): header: {date=Sun, 09 Dec 2018 08:12:34 GMT, accept=*/*, content-length=36, host=127.0.0.1:34777, user-agent=HTTPClient/1.0 (2.8.3, ruby 2.3.1 (2016-04-26)), content-type=application/json;charset=utf-8}
12-09 08:12:33.780 I/System.out(13409): params: {json={"command":"version","arguments":[]}
12-09 08:12:33.780 I/System.out(13409): }
12-09 08:12:33.780 I/System.out(13409): ProP json = {"command":"version","arguments":[]}
12-09 08:12:33.780 I/System.out(13409): files: {}
12-09 08:12:33.780 I/System.out(13409): command: {"command":"version","arguments":[]}
12-09 08:12:33.812 I/InstrumentationBackend(13409): Got command:'Command:'Line:null,version', arguments:'[]'
12-09 08:12:33.891 W/art     ( 1593): Long monitor contention event with owner method=void com.android.server.wm.WindowAnimator$1.doFrame(long) from WindowAnimator.java:121 waiters=1 for 304ms
12-09 08:12:33.894 I/art     (13409): Background sticky concurrent mark sweep GC freed 7193(529KB) AllocSpace objects, 11(220KB) LOS objects, 41% free, 1188KB/2018KB, paused 5.517ms total 35.797ms
12-09 08:12:33.920 I/System.out(13409): result:{"bonusInformation":[],"message":"0.9.8","success":true}
12-09 08:12:34.012 I/System.out(13409): URI: //start-application
12-09 08:12:34.012 I/System.out(13409): params: {json={"intent":null}
12-09 08:12:34.012 I/System.out(13409): }
12-09 08:12:34.042 W/art     ( 1593): Long monitor contention event with owner method=void com.android.server.wm.WindowAnimator$1.doFrame(long) from WindowAnimator.java:121 waiters=1 for 297ms
12-09 08:12:34.079 W/art     (13409): Suspending all threads took: 11.101ms
12-09 08:12:34.133 I/art     (13409): Background sticky concurrent mark sweep GC freed 22628(1039KB) AllocSpace objects, 2(40KB) LOS objects, 27% free, 1464KB/2018KB, paused 41.589ms total 96.816ms
12-09 08:12:34.474 W/art     ( 1593): Long monitor contention event with owner method=void com.android.server.wm.WindowAnimator$1.doFrame(long) from WindowAnimator.java:121 waiters=2 for 323ms
12-09 08:12:34.545 W/art     ( 1593): Long monitor contention event with owner method=void com.android.server.wm.WindowAnimator$1.doFrame(long) from WindowAnimator.java:121 waiters=2 for 333ms
12-09 08:12:34.876 W/art     ( 1593): Long monitor contention event with owner method=void com.android.server.wm.WindowAnimator$1.doFrame(long) from WindowAnimator.java:121 waiters=2 for 330ms
12-09 08:12:34.987 W/art     ( 1593): Long monitor contention event with owner method=void com.android.server.wm.WindowAnimator$1.doFrame(long) from WindowAnimator.java:121 waiters=2 for 331ms
12-09 08:12:35.002 W/art     ( 1593): Long monitor contention event with owner method=void com.android.server.wm.WindowAnimator$1.doFrame(long) from WindowAnimator.java:121 waiters=2 for 262ms
12-09 08:12:35.219 W/art     ( 1593): Long monitor contention event with owner method=void com.android.server.wm.WindowManagerService$H.handleMessage(android.os.Message) from WindowManagerService.java:8000 waiters=2 for 232ms
12-09 08:12:35.220 W/art     ( 1593): Long monitor contention event with owner method=void com.android.server.wm.WindowAnimator$1.doFrame(long) from WindowAnimator.java:121 waiters=2 for 217ms
12-09 08:12:35.222 I/ActivityManager( 1593): START u0 {act=android.intent.action.MAIN cat=[android.intent.category.LAUNCHER] flg=0x10200000 cmp=com.evancharlton.mileage/.Mileage} from uid 10131 on display 0
12-09 08:12:35.236 W/art     ( 1593): Long monitor contention event with owner method=void com.android.server.wm.WindowAnimator$1.doFrame(long) from WindowAnimator.java:121 waiters=3 for 232ms
12-09 08:12:35.237 I/Choreographer( 1941): Skipped 137 frames!  The application may be doing too much work on its main thread.
12-09 08:12:35.340 W/OpenGLRenderer( 1941): Incorrectly called buildLayer on View: ShortcutAndWidgetContainer, destroying layer...
12-09 08:12:35.640 W/WindowState( 1593): Failed to report 'resized' to the client of Window{46f3e85 u0 com.evancharlton.mileage/com.evancharlton.mileage.Mileage EXITING}, removing this window.
12-09 08:12:35.697 E/WindowState( 1593): getStack: Window{46f3e85 u0 com.evancharlton.mileage/com.evancharlton.mileage.Mileage EXITING} couldn't find task for AppWindowToken{598e91 token=Token{a7500b8 ActivityRecord{941d71b u0 com.evancharlton.mileage/.Mileage t423}}} Callers=com.android.server.wm.WindowState.getDisplayContent:847 com.android.server.wm.WindowState.getWindowList:1457 com.android.server.wm.WindowManagerService.findDesiredInputMethodWindowIndexLocked:1464 com.android.server.wm.WindowManagerService.moveInputMethodWindowsIfNeededLocked:1684 
12-09 08:12:35.737 I/calabash(13409): newActivity1
12-09 08:12:35.803 D/EGL_emulation( 1941): eglMakeCurrent: 0x7fc6dfc21d20: ver 2 0 (tinfo 0x7fc6dfc028e0)
12-09 08:12:35.806 E/Surface ( 1941): getSlotFromBufferLocked: unknown buffer: 0x7fc6dbb49c00
12-09 08:12:35.839 I/calabash(13409): newActivity1
12-09 08:12:35.867 D/gralloc_ranchu( 1223): gralloc_alloc: Creating ashmem region of size 3686400
12-09 08:12:35.880 W/ActivityManager( 1593): Bad activity token: android.os.BinderProxy@4a2ddbf
12-09 08:12:35.880 W/ActivityManager( 1593): java.lang.ClassCastException: android.os.BinderProxy cannot be cast to com.android.server.am.ActivityRecord$Token
12-09 08:12:35.880 W/ActivityManager( 1593): 	at com.android.server.am.ActivityRecord.forTokenLocked(ActivityRecord.java:424)
12-09 08:12:35.880 W/ActivityManager( 1593): 	at com.android.server.am.ActivityRecord.isInStackLocked(ActivityRecord.java:1121)
12-09 08:12:35.880 W/ActivityManager( 1593): 	at com.android.server.am.ActivityRecord.getStackLocked(ActivityRecord.java:1126)
12-09 08:12:35.880 W/ActivityManager( 1593): 	at com.android.server.am.ActivityManagerService.getActivityDisplayId(ActivityManagerService.java:8889)
12-09 08:12:35.880 W/ActivityManager( 1593): 	at android.app.ActivityManagerNative.onTransact(ActivityManagerNative.java:2338)
12-09 08:12:35.880 W/ActivityManager( 1593): 	at com.android.server.am.ActivityManagerService.onTransact(ActivityManagerService.java:2443)
12-09 08:12:35.880 W/ActivityManager( 1593): 	at android.os.Binder.execTransact(Binder.java:453)
12-09 08:12:36.001 W/ActivityManager( 1593): Bad activity token: android.os.BinderProxy@4a2ddbf
12-09 08:12:36.001 W/ActivityManager( 1593): java.lang.ClassCastException: android.os.BinderProxy cannot be cast to com.android.server.am.ActivityRecord$Token
12-09 08:12:36.001 W/ActivityManager( 1593): 	at com.android.server.am.ActivityRecord.forTokenLocked(ActivityRecord.java:424)
12-09 08:12:36.001 W/ActivityManager( 1593): 	at com.android.server.am.ActivityRecord.isInStackLocked(ActivityRecord.java:1121)
12-09 08:12:36.001 W/ActivityManager( 1593): 	at com.android.server.am.ActivityManagerService.setTaskDescription(ActivityManagerService.java:8547)
12-09 08:12:36.001 W/ActivityManager( 1593): 	at android.app.ActivityManagerNative.onTransact(ActivityManagerNative.java:2410)
12-09 08:12:36.001 W/ActivityManager( 1593): 	at com.android.server.am.ActivityManagerService.onTransact(ActivityManagerService.java:2443)
12-09 08:12:36.001 W/ActivityManager( 1593): 	at android.os.Binder.execTransact(Binder.java:453)
12-09 08:12:36.156 W/ActivityManager( 1593): Bad activity token: android.os.BinderProxy@4a2ddbf
12-09 08:12:36.156 W/ActivityManager( 1593): java.lang.ClassCastException: android.os.BinderProxy cannot be cast to com.android.server.am.ActivityRecord$Token
12-09 08:12:36.156 W/ActivityManager( 1593): 	at com.android.server.am.ActivityRecord.forTokenLocked(ActivityRecord.java:424)
12-09 08:12:36.156 W/ActivityManager( 1593): 	at com.android.server.am.ActivityRecord.isInStackLocked(ActivityRecord.java:1121)
12-09 08:12:36.156 W/ActivityManager( 1593): 	at com.android.server.am.ActivityManagerService.getActivityOptions(ActivityManagerService.java:11038)
12-09 08:12:36.156 W/ActivityManager( 1593): 	at android.app.ActivityManagerNative.onTransact(ActivityManagerNative.java:1734)
12-09 08:12:36.156 W/ActivityManager( 1593): 	at com.android.server.am.ActivityManagerService.onTransact(ActivityManagerService.java:2443)
12-09 08:12:36.156 W/ActivityManager( 1593): 	at android.os.Binder.execTransact(Binder.java:453)
12-09 08:12:36.156 W/ActivityManager( 1593): Bad activity token: android.os.BinderProxy@4a2ddbf
12-09 08:12:36.156 W/ActivityManager( 1593): java.lang.ClassCastException: android.os.BinderProxy cannot be cast to com.android.server.am.ActivityRecord$Token
12-09 08:12:36.156 W/ActivityManager( 1593): 	at com.android.server.am.ActivityRecord.forTokenLocked(ActivityRecord.java:424)
12-09 08:12:36.156 W/ActivityManager( 1593): 	at com.android.server.am.ActivityRecord.isInStackLocked(ActivityRecord.java:1121)
12-09 08:12:36.156 W/ActivityManager( 1593): 	at com.android.server.am.ActivityManagerService.getActivityOptions(ActivityManagerService.java:11038)
12-09 08:12:36.156 W/ActivityManager( 1593): 	at android.app.ActivityManagerNative.onTransact(ActivityManagerNative.java:1734)
12-09 08:12:36.156 W/ActivityManager( 1593): 	at com.android.server.am.ActivityManagerService.onTransact(ActivityManagerService.java:2443)
12-09 08:12:36.156 W/ActivityManager( 1593): 	at android.os.Binder.execTransact(Binder.java:453)
12-09 08:12:36.256 I/art     (13409): Background sticky concurrent mark sweep GC freed 263(103KB) AllocSpace objects, 0(0B) LOS objects, 0% free, 2MB/2MB, paused 5.641ms total 60.082ms
12-09 08:12:36.410 I/art     (13409): Background partial concurrent mark sweep GC freed 2791(213KB) AllocSpace objects, 1(20KB) LOS objects, 40% free, 1832KB/2MB, paused 1.217ms total 105.688ms
12-09 08:12:36.424 V/PhoneStatusBar( 1689): setLightsOn(true)
12-09 08:12:36.507 W/art     ( 1593): Long monitor contention event with owner method=void com.android.server.wm.WindowAnimator$1.doFrame(long) from WindowAnimator.java:121 waiters=0 for 104ms
12-09 08:12:36.725 D/gralloc_ranchu( 1223): gralloc_alloc: Creating ashmem region of size 3686400
12-09 08:12:36.771 D/        (13409): HostConnection::get() New Host Connection established 0x7fc6dfb4b380, tid 13409
12-09 08:12:37.165 W/art     ( 1593): Long monitor contention event with owner method=void com.android.server.wm.WindowAnimator$1.doFrame(long) from WindowAnimator.java:121 waiters=1 for 120ms
12-09 08:12:37.262 D/gralloc_ranchu( 1223): gralloc_alloc: Creating ashmem region of size 3686400
12-09 08:12:37.417 I/ActivityManager( 1593): Displayed com.evancharlton.mileage/.Mileage: +1s705ms
12-09 08:12:38.124 D/gralloc_ranchu( 1223): gralloc_alloc: Creating ashmem region of size 3686400
12-09 08:12:39.412 I/System.out(13409): URI: //map
12-09 08:12:39.412 I/System.out(13409): params: {json={"query":"android.widget.EditText id:'price'","operation":{"method_name":"query","arguments":[]}}
12-09 08:12:39.412 I/System.out(13409): }
12-09 08:12:39.550 W/ResourceType(13409): No package identifier when getting name for resource number 0x00000001
12-09 08:12:39.667 I/System.out(13409): URI: //gesture
12-09 08:12:39.671 I/System.out(13409): params: {json={"query_timeout":5.0,"gestures":[{"query_string":"android.widget.EditText id:'price'","touches":[{"x":50,"y":50,"offset_x":0,"offset_y":0,"wait":0.0,"time":0.2,"release":true,"query_string":null}]}]}
12-09 08:12:39.671 I/System.out(13409): }
12-09 08:12:39.686 W/ResourceType(13409): No package identifier when getting name for resource number 0x00000001
12-09 08:12:39.751 I/art     (13409): Background sticky concurrent mark sweep GC freed 15399(615KB) AllocSpace objects, 1(20KB) LOS objects, 22% free, 2MB/2MB, paused 5.777ms total 63.957ms
12-09 08:12:40.113 I/LatinIME( 1866): Starting input. Cursor position = 0,0
12-09 08:12:40.355 D/EGL_emulation( 1866): eglMakeCurrent: 0x7fc6dfc21640: ver 2 0 (tinfo 0x7fc6d3fdc6e0)
12-09 08:12:40.708 I/System.out(13409): URI: //
12-09 08:12:40.708 I/System.out(13409): params: {json={"command":"set_selection","arguments":[-1,-1]}
12-09 08:12:40.708 I/System.out(13409): }
12-09 08:12:40.708 I/System.out(13409): header: {date=Sun, 09 Dec 2018 08:12:41 GMT, accept=*/*, content-length=47, host=127.0.0.1:34777, user-agent=HTTPClient/1.0 (2.8.3, ruby 2.3.1 (2016-04-26)), content-type=application/json;charset=utf-8}
12-09 08:12:40.708 I/System.out(13409): params: {json={"command":"set_selection","arguments":[-1,-1]}
12-09 08:12:40.708 I/System.out(13409): }
12-09 08:12:40.708 I/System.out(13409): ProP json = {"command":"set_selection","arguments":[-1,-1]}
12-09 08:12:40.708 I/System.out(13409): files: {}
12-09 08:12:40.709 I/System.out(13409): command: {"command":"set_selection","arguments":[-1,-1]}
12-09 08:12:40.710 I/InstrumentationBackend(13409): Got command:'Command:'Line:null,set_selection', arguments:'[-1, -1]'
12-09 08:12:40.741 I/System.out(13409): result:{"bonusInformation":[],"message":"","success":true}
12-09 08:12:40.893 I/System.out(13409): URI: //
12-09 08:12:40.893 I/System.out(13409): params: {json={"command":"keyboard_enter_text","arguments":["23"]}
12-09 08:12:40.893 I/System.out(13409): }
12-09 08:12:40.893 I/System.out(13409): header: {date=Sun, 09 Dec 2018 08:12:41 GMT, accept=*/*, content-length=52, host=127.0.0.1:34777, user-agent=HTTPClient/1.0 (2.8.3, ruby 2.3.1 (2016-04-26)), content-type=application/json;charset=utf-8}
12-09 08:12:40.893 I/System.out(13409): params: {json={"command":"keyboard_enter_text","arguments":["23"]}
12-09 08:12:40.893 I/System.out(13409): }
12-09 08:12:40.893 I/System.out(13409): ProP json = {"command":"keyboard_enter_text","arguments":["23"]}
12-09 08:12:40.893 I/System.out(13409): files: {}
12-09 08:12:40.893 I/System.out(13409): command: {"command":"keyboard_enter_text","arguments":["23"]}
12-09 08:12:40.894 I/InstrumentationBackend(13409): Got command:'Command:'Line:null,keyboard_enter_text', arguments:'[23]'
12-09 08:12:40.895 E/SpannableStringBuilder(13409): SPAN_EXCLUSIVE_EXCLUSIVE spans cannot have a zero length
12-09 08:12:40.895 E/SpannableStringBuilder(13409): SPAN_EXCLUSIVE_EXCLUSIVE spans cannot have a zero length
12-09 08:12:41.103 W/art     ( 1593): Long monitor contention event with owner method=void com.android.server.wm.WindowAnimator$1.doFrame(long) from WindowAnimator.java:121 waiters=0 for 154ms
12-09 08:12:41.214 E/SpannableStringBuilder(13409): SPAN_EXCLUSIVE_EXCLUSIVE spans cannot have a zero length
12-09 08:12:41.214 E/SpannableStringBuilder(13409): SPAN_EXCLUSIVE_EXCLUSIVE spans cannot have a zero length
12-09 08:12:41.241 I/System.out(13409): result:{"bonusInformation":[],"message":"","success":true}
12-09 08:12:41.267 I/art     (13409): Background sticky concurrent mark sweep GC freed 13539(598KB) AllocSpace objects, 2(40KB) LOS objects, 15% free, 2MB/2MB, paused 6.510ms total 37.519ms
12-09 08:12:41.883 E/SurfaceFlinger( 1223): ro.sf.lcd_density must be defined as a build property
12-09 08:12:41.927 D/gralloc_ranchu( 1223): gralloc_alloc: Creating ashmem region of size 3686400
12-09 08:12:41.947 D/        (13440): HostConnection::get() New Host Connection established 0x7fc10b552480, tid 13440
12-09 08:12:42.028 E/EGL_emulation( 1223): tid 1223: eglCreateSyncKHR(1881): error 0x3004 (EGL_BAD_ATTRIBUTE)
12-09 08:12:43.060 I/System.out(13409): URI: //map
12-09 08:12:43.060 I/System.out(13409): params: {json={"query":"android.widget.EditText id:'volume'","operation":{"method_name":"query","arguments":[]}}
12-09 08:12:43.060 I/System.out(13409): }
12-09 08:12:43.082 W/ResourceType(13409): No package identifier when getting name for resource number 0x00000001
12-09 08:12:43.481 I/System.out(13409): URI: //gesture
12-09 08:12:43.481 I/System.out(13409): params: {json={"query_timeout":5.0,"gestures":[{"query_string":"android.widget.EditText id:'volume'","touches":[{"x":50,"y":50,"offset_x":0,"offset_y":0,"wait":0.0,"time":0.2,"release":true,"query_string":null}]}]}
12-09 08:12:43.481 I/System.out(13409): }
12-09 08:12:43.498 I/art     (13409): Background partial concurrent mark sweep GC freed 26970(1590KB) AllocSpace objects, 6(120KB) LOS objects, 40% free, 2MB/3MB, paused 1.085ms total 360.073ms
12-09 08:12:43.507 W/ResourceType(13409): No package identifier when getting name for resource number 0x00000001
12-09 08:12:43.966 I/LatinIME( 1866): Starting input. Cursor position = 0,0
12-09 08:12:44.539 I/System.out(13409): URI: //
12-09 08:12:44.539 I/System.out(13409): params: {json={"command":"set_selection","arguments":[-1,-1]}
12-09 08:12:44.539 I/System.out(13409): }
12-09 08:12:44.539 I/System.out(13409): header: {date=Sun, 09 Dec 2018 08:12:45 GMT, accept=*/*, content-length=47, host=127.0.0.1:34777, user-agent=HTTPClient/1.0 (2.8.3, ruby 2.3.1 (2016-04-26)), content-type=application/json;charset=utf-8}
12-09 08:12:44.539 I/System.out(13409): params: {json={"command":"set_selection","arguments":[-1,-1]}
12-09 08:12:44.539 I/System.out(13409): }
12-09 08:12:44.540 I/System.out(13409): ProP json = {"command":"set_selection","arguments":[-1,-1]}
12-09 08:12:44.540 I/System.out(13409): files: {}
12-09 08:12:44.540 I/System.out(13409): command: {"command":"set_selection","arguments":[-1,-1]}
12-09 08:12:44.546 I/InstrumentationBackend(13409): Got command:'Command:'Line:null,set_selection', arguments:'[-1, -1]'
12-09 08:12:44.567 I/System.out(13409): result:{"bonusInformation":[],"message":"","success":true}
12-09 08:12:44.696 I/System.out(13409): URI: //
12-09 08:12:44.696 I/System.out(13409): params: {json={"command":"keyboard_enter_text","arguments":["49"]}
12-09 08:12:44.696 I/System.out(13409): }
12-09 08:12:44.696 I/System.out(13409): header: {date=Sun, 09 Dec 2018 08:12:45 GMT, accept=*/*, content-length=52, host=127.0.0.1:34777, user-agent=HTTPClient/1.0 (2.8.3, ruby 2.3.1 (2016-04-26)), content-type=application/json;charset=utf-8}
12-09 08:12:44.696 I/System.out(13409): params: {json={"command":"keyboard_enter_text","arguments":["49"]}
12-09 08:12:44.696 I/System.out(13409): }
12-09 08:12:44.696 I/System.out(13409): ProP json = {"command":"keyboard_enter_text","arguments":["49"]}
12-09 08:12:44.696 I/System.out(13409): files: {}
12-09 08:12:44.696 I/System.out(13409): command: {"command":"keyboard_enter_text","arguments":["49"]}
12-09 08:12:44.697 I/InstrumentationBackend(13409): Got command:'Command:'Line:null,keyboard_enter_text', arguments:'[49]'
12-09 08:12:44.698 E/SpannableStringBuilder(13409): SPAN_EXCLUSIVE_EXCLUSIVE spans cannot have a zero length
12-09 08:12:44.698 E/SpannableStringBuilder(13409): SPAN_EXCLUSIVE_EXCLUSIVE spans cannot have a zero length
12-09 08:12:44.700 E/SpannableStringBuilder(13409): SPAN_EXCLUSIVE_EXCLUSIVE spans cannot have a zero length
12-09 08:12:44.700 E/SpannableStringBuilder(13409): SPAN_EXCLUSIVE_EXCLUSIVE spans cannot have a zero length
12-09 08:12:44.710 I/System.out(13409): result:{"bonusInformation":[],"message":"","success":true}
12-09 08:12:45.398 E/SurfaceFlinger( 1223): ro.sf.lcd_density must be defined as a build property
12-09 08:12:45.527 D/gralloc_ranchu( 1223): gralloc_alloc: Creating ashmem region of size 3686400
12-09 08:12:45.689 D/        (13450): HostConnection::get() New Host Connection established 0x7fcea8592480, tid 13450
12-09 08:12:45.732 E/EGL_emulation( 1223): tid 1223: eglCreateSyncKHR(1881): error 0x3004 (EGL_BAD_ATTRIBUTE)
12-09 08:12:46.748 I/System.out(13409): URI: //map
12-09 08:12:46.748 I/System.out(13409): params: {json={"query":"android.widget.EditText id:'odometer'","operation":{"method_name":"query","arguments":[]}}
12-09 08:12:46.748 I/System.out(13409): }
12-09 08:12:46.893 W/ResourceType(13409): No package identifier when getting name for resource number 0x00000001
12-09 08:12:47.042 I/System.out(13409): URI: //gesture
12-09 08:12:47.042 I/System.out(13409): params: {json={"query_timeout":5.0,"gestures":[{"query_string":"android.widget.EditText id:'odometer'","touches":[{"x":50,"y":50,"offset_x":0,"offset_y":0,"wait":0.0,"time":0.2,"release":true,"query_string":null}]}]}
12-09 08:12:47.042 I/System.out(13409): }
12-09 08:12:47.090 W/ResourceType(13409): No package identifier when getting name for resource number 0x00000001
12-09 08:12:47.580 I/LatinIME( 1866): Starting input. Cursor position = 0,0
12-09 08:12:48.444 I/System.out(13409): URI: //
12-09 08:12:48.445 I/System.out(13409): params: {json={"command":"set_selection","arguments":[-1,-1]}
12-09 08:12:48.445 I/System.out(13409): }
12-09 08:12:48.445 I/System.out(13409): header: {date=Sun, 09 Dec 2018 08:12:49 GMT, accept=*/*, content-length=47, host=127.0.0.1:34777, user-agent=HTTPClient/1.0 (2.8.3, ruby 2.3.1 (2016-04-26)), content-type=application/json;charset=utf-8}
12-09 08:12:48.445 I/System.out(13409): params: {json={"command":"set_selection","arguments":[-1,-1]}
12-09 08:12:48.445 I/System.out(13409): }
12-09 08:12:48.445 I/System.out(13409): ProP json = {"command":"set_selection","arguments":[-1,-1]}
12-09 08:12:48.445 I/System.out(13409): files: {}
12-09 08:12:48.445 I/System.out(13409): command: {"command":"set_selection","arguments":[-1,-1]}
12-09 08:12:48.446 I/InstrumentationBackend(13409): Got command:'Command:'Line:null,set_selection', arguments:'[-1, -1]'
12-09 08:12:48.452 I/System.out(13409): result:{"bonusInformation":[],"message":"","success":true}
12-09 08:12:48.624 I/System.out(13409): URI: //
12-09 08:12:48.624 I/System.out(13409): params: {json={"command":"keyboard_enter_text","arguments":["12"]}
12-09 08:12:48.624 I/System.out(13409): }
12-09 08:12:48.624 I/System.out(13409): header: {date=Sun, 09 Dec 2018 08:12:49 GMT, accept=*/*, content-length=52, host=127.0.0.1:34777, user-agent=HTTPClient/1.0 (2.8.3, ruby 2.3.1 (2016-04-26)), content-type=application/json;charset=utf-8}
12-09 08:12:48.624 I/System.out(13409): params: {json={"command":"keyboard_enter_text","arguments":["12"]}
12-09 08:12:48.624 I/System.out(13409): }
12-09 08:12:48.624 I/System.out(13409): ProP json = {"command":"keyboard_enter_text","arguments":["12"]}
12-09 08:12:48.624 I/System.out(13409): files: {}
12-09 08:12:48.624 I/System.out(13409): command: {"command":"keyboard_enter_text","arguments":["12"]}
12-09 08:12:48.625 I/InstrumentationBackend(13409): Got command:'Command:'Line:null,keyboard_enter_text', arguments:'[12]'
12-09 08:12:48.755 E/SpannableStringBuilder(13409): SPAN_EXCLUSIVE_EXCLUSIVE spans cannot have a zero length
12-09 08:12:48.755 E/SpannableStringBuilder(13409): SPAN_EXCLUSIVE_EXCLUSIVE spans cannot have a zero length
12-09 08:12:48.766 E/SpannableStringBuilder(13409): SPAN_EXCLUSIVE_EXCLUSIVE spans cannot have a zero length
12-09 08:12:48.766 E/SpannableStringBuilder(13409): SPAN_EXCLUSIVE_EXCLUSIVE spans cannot have a zero length
12-09 08:12:48.773 I/System.out(13409): result:{"bonusInformation":[],"message":"","success":true}
12-09 08:12:48.860 I/art     (13409): Background sticky concurrent mark sweep GC freed 26904(1222KB) AllocSpace objects, 6(120KB) LOS objects, 37% free, 2MB/3MB, paused 14.060ms total 64.431ms
12-09 08:12:49.317 E/SurfaceFlinger( 1223): ro.sf.lcd_density must be defined as a build property
12-09 08:12:49.340 D/gralloc_ranchu( 1223): gralloc_alloc: Creating ashmem region of size 3686400
12-09 08:12:49.382 D/        (13460): HostConnection::get() New Host Connection established 0x7fca98fd2480, tid 13460
12-09 08:12:49.407 E/EGL_emulation( 1223): tid 1223: eglCreateSyncKHR(1881): error 0x3004 (EGL_BAD_ATTRIBUTE)
12-09 08:12:51.431 I/System.out(13409): URI: //map
12-09 08:12:51.431 I/System.out(13409): params: {json={"query":"android.widget.Button index:2","operation":{"method_name":"query","arguments":[]}}
12-09 08:12:51.431 I/System.out(13409): }
12-09 08:12:51.631 W/art     (13409): Suspending all threads took: 63.223ms
12-09 08:12:51.740 I/System.out(13409): URI: //gesture
12-09 08:12:51.740 I/System.out(13409): params: {json={"query_timeout":5.0,"gestures":[{"query_string":"android.widget.Button index:2","touches":[{"x":50,"y":50,"offset_x":0,"offset_y":0,"wait":0.0,"time":0.2,"release":true,"query_string":null}]}]}
12-09 08:12:51.740 I/System.out(13409): }
12-09 08:12:51.752 I/art     (13409): Background sticky concurrent mark sweep GC freed 46872(2MB) AllocSpace objects, 1(20KB) LOS objects, 18% free, 3MB/3MB, paused 64.454ms total 218.002ms
12-09 08:12:52.163 W/audio_hw_generic( 1306): Hardware backing HAL too slow, could only write 0 of 661 frames
12-09 08:12:52.179 W/audio_hw_generic( 1306): Hardware backing HAL too slow, could only write 0 of 661 frames
12-09 08:12:52.203 I/art     (13409): Background sticky concurrent mark sweep GC freed 46269(2MB) AllocSpace objects, 2(40KB) LOS objects, 26% free, 2MB/3MB, paused 15.588ms total 125.611ms
12-09 08:12:52.216 W/audio_hw_generic( 1306): Hardware backing HAL too slow, could only write 0 of 661 frames
12-09 08:12:52.242 W/audio_hw_generic( 1306): Hardware backing HAL too slow, could only write 0 of 661 frames
12-09 08:12:52.243 W/audio_hw_generic( 1306): Hardware backing HAL too slow, could only write 0 of 661 frames
12-09 08:12:52.271 W/audio_hw_generic( 1306): Hardware backing HAL too slow, could only write 0 of 661 frames
12-09 08:12:52.273 W/audio_hw_generic( 1306): Hardware backing HAL too slow, could only write 0 of 661 frames
12-09 08:12:52.304 W/audio_hw_generic( 1306): Hardware backing HAL too slow, could only write 0 of 661 frames
12-09 08:12:52.452 W/audio_hw_generic( 1306): Not supplying enough data to HAL, expected position 27201654 , only wrote 27201472
12-09 08:12:52.452 W/audio_hw_generic( 1306): Not supplying enough data to HAL, expected position 27201479 , only wrote 27201472
12-09 08:12:52.479 W/audio_hw_generic( 1306): Not supplying enough data to HAL, expected position 27202648 , only wrote 27202133
12-09 08:12:52.513 I/calabash(13409): newActivity1
12-09 08:12:52.513 W/ActivityManager( 1593): Bad activity token: android.os.BinderProxy@18e53c1
12-09 08:12:52.513 W/ActivityManager( 1593): java.lang.ClassCastException: android.os.BinderProxy cannot be cast to com.android.server.am.ActivityRecord$Token
12-09 08:12:52.513 W/ActivityManager( 1593): 	at com.android.server.am.ActivityRecord.forTokenLocked(ActivityRecord.java:424)
12-09 08:12:52.513 W/ActivityManager( 1593): 	at com.android.server.am.ActivityRecord.isInStackLocked(ActivityRecord.java:1121)
12-09 08:12:52.513 W/ActivityManager( 1593): 	at com.android.server.am.ActivityRecord.getStackLocked(ActivityRecord.java:1126)
12-09 08:12:52.513 W/ActivityManager( 1593): 	at com.android.server.am.ActivityManagerService.getActivityDisplayId(ActivityManagerService.java:8889)
12-09 08:12:52.513 W/ActivityManager( 1593): 	at android.app.ActivityManagerNative.onTransact(ActivityManagerNative.java:2338)
12-09 08:12:52.513 W/ActivityManager( 1593): 	at com.android.server.am.ActivityManagerService.onTransact(ActivityManagerService.java:2443)
12-09 08:12:52.513 W/ActivityManager( 1593): 	at android.os.Binder.execTransact(Binder.java:453)
12-09 08:12:52.514 W/ActivityManager( 1593): Bad activity token: android.os.BinderProxy@18e53c1
12-09 08:12:52.514 W/ActivityManager( 1593): java.lang.ClassCastException: android.os.BinderProxy cannot be cast to com.android.server.am.ActivityRecord$Token
12-09 08:12:52.514 W/ActivityManager( 1593): 	at com.android.server.am.ActivityRecord.forTokenLocked(ActivityRecord.java:424)
12-09 08:12:52.514 W/ActivityManager( 1593): 	at com.android.server.am.ActivityRecord.isInStackLocked(ActivityRecord.java:1121)
12-09 08:12:52.514 W/ActivityManager( 1593): 	at com.android.server.am.ActivityManagerService.setTaskDescription(ActivityManagerService.java:8547)
12-09 08:12:52.514 W/ActivityManager( 1593): 	at android.app.ActivityManagerNative.onTransact(ActivityManagerNative.java:2410)
12-09 08:12:52.514 W/ActivityManager( 1593): 	at com.android.server.am.ActivityManagerService.onTransact(ActivityManagerService.java:2443)
12-09 08:12:52.514 W/ActivityManager( 1593): 	at android.os.Binder.execTransact(Binder.java:453)
12-09 08:12:52.594 W/ActivityManager( 1593): Bad activity token: android.os.BinderProxy@18e53c1
12-09 08:12:52.594 W/ActivityManager( 1593): java.lang.ClassCastException: android.os.BinderProxy cannot be cast to com.android.server.am.ActivityRecord$Token
12-09 08:12:52.594 W/ActivityManager( 1593): 	at com.android.server.am.ActivityRecord.forTokenLocked(ActivityRecord.java:424)
12-09 08:12:52.594 W/ActivityManager( 1593): 	at com.android.server.am.ActivityRecord.isInStackLocked(ActivityRecord.java:1121)
12-09 08:12:52.594 W/ActivityManager( 1593): 	at com.android.server.am.ActivityManagerService.getActivityOptions(ActivityManagerService.java:11038)
12-09 08:12:52.594 W/ActivityManager( 1593): 	at android.app.ActivityManagerNative.onTransact(ActivityManagerNative.java:1734)
12-09 08:12:52.594 W/ActivityManager( 1593): 	at com.android.server.am.ActivityManagerService.onTransact(ActivityManagerService.java:2443)
12-09 08:12:52.594 W/ActivityManager( 1593): 	at android.os.Binder.execTransact(Binder.java:453)
12-09 08:12:52.594 W/ActivityManager( 1593): Bad activity token: android.os.BinderProxy@18e53c1
12-09 08:12:52.594 W/ActivityManager( 1593): java.lang.ClassCastException: android.os.BinderProxy cannot be cast to com.android.server.am.ActivityRecord$Token
12-09 08:12:52.594 W/ActivityManager( 1593): 	at com.android.server.am.ActivityRecord.forTokenLocked(ActivityRecord.java:424)
12-09 08:12:52.594 W/ActivityManager( 1593): 	at com.android.server.am.ActivityRecord.isInStackLocked(ActivityRecord.java:1121)
12-09 08:12:52.594 W/ActivityManager( 1593): 	at com.android.server.am.ActivityManagerService.getActivityOptions(ActivityManagerService.java:11038)
12-09 08:12:52.594 W/ActivityManager( 1593): 	at android.app.ActivityManagerNative.onTransact(ActivityManagerNative.java:1734)
12-09 08:12:52.594 W/ActivityManager( 1593): 	at com.android.server.am.ActivityManagerService.onTransact(ActivityManagerService.java:2443)
12-09 08:12:52.594 W/ActivityManager( 1593): 	at android.os.Binder.execTransact(Binder.java:453)
12-09 08:12:52.625 E/SurfaceFlinger( 1223): ro.sf.lcd_density must be defined as a build property
12-09 08:12:52.625 D/gralloc_ranchu( 1223): gralloc_alloc: Creating ashmem region of size 3686400
12-09 08:12:52.637 I/Choreographer(13409): Skipped 33 frames!  The application may be doing too much work on its main thread.
12-09 08:12:52.650 I/LatinIME( 1866): Starting input. Cursor position = -1,-1
12-09 08:12:52.737 W/audio_hw_generic( 1306): Not supplying enough data to HAL, expected position 27213506 , only wrote 27213370
12-09 08:12:52.756 D/        (13466): HostConnection::get() New Host Connection established 0x7fe731712480, tid 13466
12-09 08:12:52.835 D/Mileage.ABS(13409): Finished backup
12-09 08:12:52.848 D/Mileage.ABS(13409): Not backing up; 50
12-09 08:12:52.848 D/Mileage.ABS(13409): Not backing up; 50
12-09 08:12:52.849 D/Mileage (13409): Not enough fillups to calculate economy
12-09 08:12:52.858 E/EGL_emulation( 1223): tid 1223: eglCreateSyncKHR(1881): error 0x3004 (EGL_BAD_ATTRIBUTE)
12-09 08:12:53.126 W/audio_hw_generic( 1306): Not supplying enough data to HAL, expected position 27230553 , only wrote 27229234
12-09 08:12:53.287 W/audio_hw_generic( 1306): Hardware backing HAL too slow, could only write 0 of 661 frames
12-09 08:12:53.298 W/audio_hw_generic( 1306): Hardware backing HAL too slow, could only write 0 of 661 frames
12-09 08:12:53.311 W/audio_hw_generic( 1306): Hardware backing HAL too slow, could only write 0 of 661 frames
12-09 08:12:53.323 W/audio_hw_generic( 1306): Hardware backing HAL too slow, could only write 0 of 661 frames
12-09 08:12:53.340 W/audio_hw_generic( 1306): Hardware backing HAL too slow, could only write 0 of 661 frames
12-09 08:12:53.412 W/audio_hw_generic( 1306): Not supplying enough data to HAL, expected position 27241829 , only wrote 27241793
12-09 08:12:53.462 I/InputAttributes( 1866): InputType.TYPE_NULL is specified
12-09 08:12:53.522 I/Choreographer( 1866): Skipped 53 frames!  The application may be doing too much work on its main thread.
12-09 08:12:53.592 D/EGL_emulation( 1866): eglMakeCurrent: 0x7fc6dfc21640: ver 2 0 (tinfo 0x7fc6d3fdc6e0)
12-09 08:12:53.592 E/Surface ( 1866): getSlotFromBufferLocked: unknown buffer: 0x7fc6dbb49980
12-09 08:12:53.885 W/audio_hw_generic( 1306): Not supplying enough data to HAL, expected position 27262642 , only wrote 27262284
12-09 08:12:54.011 I/System.out(13409): URI: //gesture
