--------- beginning of main
12-09 08:38:11.878 D/AndroidRuntime(20940): >>>>>> START com.android.internal.os.RuntimeInit uid 0 <<<<<<
12-09 08:38:11.879 D/AndroidRuntime(20940): CheckJNI is ON
12-09 08:38:11.906 D/ICU     (20940): No timezone override file found: /data/misc/zoneinfo/current/icu/icu_tzdata.dat
12-09 08:38:12.431 E/memtrack(20940): Couldn't load memtrack module (No such file or directory)
12-09 08:38:12.431 E/android.os.Debug(20940): failed to load memtrack module: -2
12-09 08:38:12.432 I/Radio-JNI(20940): register_android_hardware_Radio DONE
12-09 08:38:12.447 D/AndroidRuntime(20940): Calling main entry com.android.commands.am.Am
--------- beginning of system
12-09 08:38:12.472 I/ActivityManager( 1592): Force stopping com.evancharlton.mileage appid=10143 user=0: start instr
12-09 08:38:12.480 I/ActivityManager( 1592): Killing 20923:com.evancharlton.mileage/u0a143 (adj 0): stop com.evancharlton.mileage
12-09 08:38:12.675 W/ActivityManager( 1592): Crash of app com.evancharlton.mileage running instrumentation ComponentInfo{com.evancharlton.mileage.test/sh.calaba.instrumentationbackend.ClearAppData2}
12-09 08:38:12.676 I/ActivityManager( 1592): Force stopping com.evancharlton.mileage appid=10143 user=0: finished inst
12-09 08:38:12.752 I/ActivityManager( 1592): Start proc 20949:com.evancharlton.mileage/u0a143 for added application com.evancharlton.mileage
12-09 08:38:12.752 W/art     ( 1592): Long monitor contention event with owner method=boolean com.android.server.am.ActivityManagerService.startInstrumentation(android.content.ComponentName, java.lang.String, int, android.os.Bundle, android.app.IInstrumentationWatcher, android.app.IUiAutomationConnection, int, java.lang.String) from ActivityManagerService.java:17066 waiters=0 for 253ms
12-09 08:38:12.753 D/AndroidRuntime(20940): Shutting down VM
12-09 08:38:12.763 W/art     ( 1592): Long monitor contention event with owner method=boolean com.android.server.am.ActivityManagerService.startInstrumentation(android.content.ComponentName, java.lang.String, int, android.os.Bundle, android.app.IInstrumentationWatcher, android.app.IUiAutomationConnection, int, java.lang.String) from ActivityManagerService.java:17066 waiters=1 for 144ms
12-09 08:38:12.781 W/ActivityManager( 1592): Spurious death for ProcessRecord{f9c15d3 0:com.evancharlton.mileage/u0a143}, curProc for 20923: null
12-09 08:38:12.813 W/System  (20949): ClassLoader referenced unknown path: /data/app/com.evancharlton.mileage.test-1/lib/x86_64
12-09 08:38:12.813 W/System  (20949): ClassLoader referenced unknown path: /data/app/com.evancharlton.mileage-1/lib/x86_64
12-09 08:38:12.922 I/art     (20949): Background partial concurrent mark sweep GC freed 11623(434KB) AllocSpace objects, 0(0B) LOS objects, 61% free, 630KB/1654KB, paused 21.846ms total 105.753ms
12-09 08:38:12.926 I/System.out(20949): Main activity name automatically set to: com.evancharlton.mileage.Mileage
12-09 08:38:12.926 I/System.out(20949): Calabash did not load Mono. This is only a problem if you are trying to test a Mono application
12-09 08:38:12.926 I/calabash(20949): Test server port: 7102
12-09 08:38:12.944 I/InstrumentationBackend(20949): Added:'GetPreferences', with key:'get_preferences'
12-09 08:38:12.969 I/InstrumentationBackend(20949): Added:'SetPreferences', with key:'set_preferences'
12-09 08:38:12.984 I/InstrumentationBackend(20949): Added:'ClearPreferences', with key:'clear_preferences'
12-09 08:38:12.984 I/InstrumentationBackend(20949): Added:'PressElement', with key:'press_l10n_element'
12-09 08:38:12.984 I/InstrumentationBackend(20949): Added:'WaitForElement', with key:'wait_for_l10n_element'
12-09 08:38:12.984 I/InstrumentationBackend(20949): Added:'NullAction', with key:'nullAction'
12-09 08:38:12.985 I/InstrumentationBackend(20949): Added:'PressKey', with key:'press_key'
12-09 08:38:12.985 I/InstrumentationBackend(20949): Added:'SetActivityOrientation', with key:'set_activity_orientation'
12-09 08:38:12.985 I/InstrumentationBackend(20949): Added:'GetActivityOrientation', with key:'get_activity_orientation'
12-09 08:38:12.985 I/InstrumentationBackend(20949): Added:'FakeGPSLocation', with key:'set_gps_coordinates'
12-09 08:38:12.985 I/InstrumentationBackend(20949): Added:'SetPropertyByCssSelector', with key:'set_property_by_css_selector'
12-09 08:38:12.986 I/InstrumentationBackend(20949): Added:'GetUrl', with key:'get_url'
12-09 08:38:12.986 I/InstrumentationBackend(20949): Added:'ScrollTo', with key:'scroll_to'
12-09 08:38:12.986 I/InstrumentationBackend(20949): Added:'GetLoadProgress', with key:'get_load_progress'
12-09 08:38:12.987 I/InstrumentationBackend(20949): Added:'DumpHtml', with key:'dump_html'
12-09 08:38:12.987 I/InstrumentationBackend(20949): Added:'DumpBodyHtml', with key:'dump_body_html'
12-09 08:38:12.991 I/InstrumentationBackend(20949): Added:'EnterTextByCssSelector', with key:'enter_text_by_selector'
12-09 08:38:12.992 I/InstrumentationBackend(20949): Added:'AndroidSDKVersion', with key:'android_sdk_version'
12-09 08:38:12.992 I/InstrumentationBackend(20949): Added:'Version', with key:'version'
12-09 08:38:12.993 I/InstrumentationBackend(20949): Added:'Drag', with key:'drag'
12-09 08:38:12.993 I/InstrumentationBackend(20949): Added:'TouchCoordinates', with key:'touch_coordinate'
12-09 08:38:12.993 I/InstrumentationBackend(20949): Added:'LongPressCoordinate', with key:'long_press_coordinate'
12-09 08:38:12.993 I/InstrumentationBackend(20949): Added:'DragCoordinates', with key:'drag_coordinates'
12-09 08:38:12.993 I/InstrumentationBackend(20949): Added:'ResumeApplication', with key:'resume_application'
12-09 08:38:12.993 I/InstrumentationBackend(20949): Added:'Swipe', with key:'swipe'
12-09 08:38:12.993 I/InstrumentationBackend(20949): Added:'DoubleTapCoordinate', with key:'double_tap_coordinate'
12-09 08:38:12.994 I/InstrumentationBackend(20949): Added:'ClickOnScreen', with key:'click_on_screen'
12-09 08:38:12.994 I/InstrumentationBackend(20949): Added:'GetActivityName', with key:'get_activity_name'
12-09 08:38:12.994 I/InstrumentationBackend(20949): Added:'ScrollToView', with key:'scroll_to_view'
12-09 08:38:12.994 I/InstrumentationBackend(20949): Added:'ViewConfiguration', with key:'view_configuration'
12-09 08:38:12.994 I/InstrumentationBackend(20949): Added:'IsCurrentActivityFocused', with key:'is_current_activity_focused'
12-09 08:38:12.995 I/InstrumentationBackend(20949): Added:'SendTcp', with key:'send_tcp'
12-09 08:38:12.995 I/InstrumentationBackend(20949): Added:'DpToDevicePixel', with key:'dp_to_device_pixel'
12-09 08:38:13.016 I/InstrumentationBackend(20949): Added:'KeyboardEnterText', with key:'keyboard_enter_text'
12-09 08:38:13.016 I/InstrumentationBackend(20949): Added:'DeleteSurroundingText', with key:'delete_surrounding_text'
12-09 08:38:13.016 I/InstrumentationBackend(20949): Added:'SetComposingRegion', with key:'set_composing_region'
12-09 08:38:13.016 I/InstrumentationBackend(20949): Added:'SetSelection', with key:'set_selection'
12-09 08:38:13.016 I/InstrumentationBackend(20949): Added:'KeyboardKeyEvent', with key:'keyboard_key_event'
12-09 08:38:13.017 I/InstrumentationBackend(20949): Added:'PressUserActionButton', with key:'press_user_action_button'
12-09 08:38:13.017 I/InstrumentationBackend(20949): Added:'HideSoftKeyboard', with key:'hide_soft_keyboard'
12-09 08:38:13.017 I/InstrumentationBackend(20949): Added:'ListActions', with key:'list_actions'
12-09 08:38:13.017 I/calabash(20949): Instantiating http server at 7102
12-09 08:38:13.018 I/System.out(20949): HTTP Daemon listening on: 7102
12-09 08:38:13.128 I/System.out(20949): URI: //ping
12-09 08:38:13.128 I/System.out(20949): params: {json={}
12-09 08:38:13.128 I/System.out(20949): }
12-09 08:38:13.196 I/System.out(20949): URI: //ping
12-09 08:38:13.196 I/System.out(20949): params: {json={}
12-09 08:38:13.196 I/System.out(20949): }
12-09 08:38:13.236 I/System.out(20949): URI: //ready
12-09 08:38:13.247 I/System.out(20949): params: {json={}
12-09 08:38:13.247 I/System.out(20949): }
12-09 08:38:13.305 I/System.out(20949): URI: //
12-09 08:38:13.305 I/System.out(20949): params: {json={"command":"version","arguments":[]}
12-09 08:38:13.305 I/System.out(20949): }
12-09 08:38:13.305 I/System.out(20949): header: {date=Sun, 09 Dec 2018 08:38:13 GMT, accept=*/*, content-length=36, host=127.0.0.1:34777, user-agent=HTTPClient/1.0 (2.8.3, ruby 2.3.1 (2016-04-26)), content-type=application/json;charset=utf-8}
12-09 08:38:13.305 I/System.out(20949): params: {json={"command":"version","arguments":[]}
12-09 08:38:13.305 I/System.out(20949): }
12-09 08:38:13.305 I/System.out(20949): ProP json = {"command":"version","arguments":[]}
12-09 08:38:13.305 I/System.out(20949): files: {}
12-09 08:38:13.305 I/System.out(20949): command: {"command":"version","arguments":[]}
12-09 08:38:13.336 I/InstrumentationBackend(20949): Got command:'Command:'Line:null,version', arguments:'[]'
12-09 08:38:13.449 I/System.out(20949): result:{"bonusInformation":[],"message":"0.9.8","success":true}
12-09 08:38:13.564 I/System.out(20949): URI: //start-application
12-09 08:38:13.564 I/System.out(20949): params: {json={"intent":null}
12-09 08:38:13.564 I/System.out(20949): }
12-09 08:38:13.636 I/ActivityManager( 1592): START u0 {act=android.intent.action.MAIN cat=[android.intent.category.LAUNCHER] flg=0x10200000 cmp=com.evancharlton.mileage/.Mileage} from uid 10143 on display 0
12-09 08:38:13.694 I/calabash(20949): newActivity1
12-09 08:38:13.852 D/gralloc_ranchu( 1219): gralloc_alloc: Creating ashmem region of size 3686400
12-09 08:38:13.872 I/calabash(20949): newActivity1
12-09 08:38:13.873 W/ActivityManager( 1592): Bad activity token: android.os.BinderProxy@d7c391a
12-09 08:38:13.873 W/ActivityManager( 1592): java.lang.ClassCastException: android.os.BinderProxy cannot be cast to com.android.server.am.ActivityRecord$Token
12-09 08:38:13.873 W/ActivityManager( 1592): 	at com.android.server.am.ActivityRecord.forTokenLocked(ActivityRecord.java:424)
12-09 08:38:13.873 W/ActivityManager( 1592): 	at com.android.server.am.ActivityRecord.isInStackLocked(ActivityRecord.java:1121)
12-09 08:38:13.873 W/ActivityManager( 1592): 	at com.android.server.am.ActivityRecord.getStackLocked(ActivityRecord.java:1126)
12-09 08:38:13.873 W/ActivityManager( 1592): 	at com.android.server.am.ActivityManagerService.getActivityDisplayId(ActivityManagerService.java:8889)
12-09 08:38:13.873 W/ActivityManager( 1592): 	at android.app.ActivityManagerNative.onTransact(ActivityManagerNative.java:2338)
12-09 08:38:13.873 W/ActivityManager( 1592): 	at com.android.server.am.ActivityManagerService.onTransact(ActivityManagerService.java:2443)
12-09 08:38:13.873 W/ActivityManager( 1592): 	at android.os.Binder.execTransact(Binder.java:453)
12-09 08:38:13.874 W/ActivityManager( 1592): Bad activity token: android.os.BinderProxy@d7c391a
12-09 08:38:13.874 W/ActivityManager( 1592): java.lang.ClassCastException: android.os.BinderProxy cannot be cast to com.android.server.am.ActivityRecord$Token
12-09 08:38:13.874 W/ActivityManager( 1592): 	at com.android.server.am.ActivityRecord.forTokenLocked(ActivityRecord.java:424)
12-09 08:38:13.874 W/ActivityManager( 1592): 	at com.android.server.am.ActivityRecord.isInStackLocked(ActivityRecord.java:1121)
12-09 08:38:13.874 W/ActivityManager( 1592): 	at com.android.server.am.ActivityManagerService.setTaskDescription(ActivityManagerService.java:8547)
12-09 08:38:13.874 W/ActivityManager( 1592): 	at android.app.ActivityManagerNative.onTransact(ActivityManagerNative.java:2410)
12-09 08:38:13.874 W/ActivityManager( 1592): 	at com.android.server.am.ActivityManagerService.onTransact(ActivityManagerService.java:2443)
12-09 08:38:13.874 W/ActivityManager( 1592): 	at android.os.Binder.execTransact(Binder.java:453)
12-09 08:38:14.068 I/art     (20949): Background partial concurrent mark sweep GC freed 2884(247KB) AllocSpace objects, 3(60KB) LOS objects, 40% free, 1519KB/2MB, paused 1.023ms total 180.747ms
12-09 08:38:14.152 D/EGL_emulation( 1928): eglMakeCurrent: 0x7fb965834b40: ver 2 0 (tinfo 0x7fb965802ca0)
12-09 08:38:14.156 D/FillupsProvider(20949): Creating database
12-09 08:38:14.160 E/Surface ( 1928): getSlotFromBufferLocked: unknown buffer: 0x7fb961dd5f20
12-09 08:38:14.163 V/PhoneStatusBar( 1685): setLightsOn(true)
12-09 08:38:14.392 W/ActivityManager( 1592): Bad activity token: android.os.BinderProxy@d7c391a
12-09 08:38:14.392 W/ActivityManager( 1592): java.lang.ClassCastException: android.os.BinderProxy cannot be cast to com.android.server.am.ActivityRecord$Token
12-09 08:38:14.392 W/ActivityManager( 1592): 	at com.android.server.am.ActivityRecord.forTokenLocked(ActivityRecord.java:424)
12-09 08:38:14.392 W/ActivityManager( 1592): 	at com.android.server.am.ActivityRecord.isInStackLocked(ActivityRecord.java:1121)
12-09 08:38:14.392 W/ActivityManager( 1592): 	at com.android.server.am.ActivityManagerService.getActivityOptions(ActivityManagerService.java:11038)
12-09 08:38:14.392 W/ActivityManager( 1592): 	at android.app.ActivityManagerNative.onTransact(ActivityManagerNative.java:1734)
12-09 08:38:14.392 W/ActivityManager( 1592): 	at com.android.server.am.ActivityManagerService.onTransact(ActivityManagerService.java:2443)
12-09 08:38:14.392 W/ActivityManager( 1592): 	at android.os.Binder.execTransact(Binder.java:453)
12-09 08:38:14.392 W/ActivityManager( 1592): Bad activity token: android.os.BinderProxy@d7c391a
12-09 08:38:14.392 W/ActivityManager( 1592): java.lang.ClassCastException: android.os.BinderProxy cannot be cast to com.android.server.am.ActivityRecord$Token
12-09 08:38:14.392 W/ActivityManager( 1592): 	at com.android.server.am.ActivityRecord.forTokenLocked(ActivityRecord.java:424)
12-09 08:38:14.392 W/ActivityManager( 1592): 	at com.android.server.am.ActivityRecord.isInStackLocked(ActivityRecord.java:1121)
12-09 08:38:14.392 W/ActivityManager( 1592): 	at com.android.server.am.ActivityManagerService.getActivityOptions(ActivityManagerService.java:11038)
12-09 08:38:14.392 W/ActivityManager( 1592): 	at android.app.ActivityManagerNative.onTransact(ActivityManagerNative.java:1734)
12-09 08:38:14.392 W/ActivityManager( 1592): 	at com.android.server.am.ActivityManagerService.onTransact(ActivityManagerService.java:2443)
12-09 08:38:14.392 W/ActivityManager( 1592): 	at android.os.Binder.execTransact(Binder.java:453)
12-09 08:38:14.601 D/gralloc_ranchu( 1219): gralloc_alloc: Creating ashmem region of size 3686400
12-09 08:38:14.782 D/        (20949): HostConnection::get() New Host Connection established 0x7fb961e3d0a0, tid 20949
12-09 08:38:15.082 I/ActivityManager( 1592): Displayed com.evancharlton.mileage/.Mileage: +1s432ms
12-09 08:38:15.117 D/gralloc_ranchu( 1219): gralloc_alloc: Creating ashmem region of size 3686400
12-09 08:38:15.672 I/art     (20949): Background sticky concurrent mark sweep GC freed 12121(570KB) AllocSpace objects, 1(20KB) LOS objects, 22% free, 1962KB/2MB, paused 10.308ms total 114.055ms
12-09 08:38:15.673 I/System.out(20949): URI: //gesture
12-09 08:38:15.673 I/System.out(20949): params: {json={"query_timeout":5.0,"gestures":[{"query_string":"android.widget.TabWidget descendant TextView index:3","touches":[{"x":50,"y":50,"offset_x":0,"offset_y":0,"wait":0.0,"time":0.2,"release":true,"query_string":null}]}]}
12-09 08:38:15.673 I/System.out(20949): }
12-09 08:38:15.824 D/gralloc_ranchu( 1219): gralloc_alloc: Creating ashmem region of size 3686400
12-09 08:38:16.696 W/art     (20949): Suspending all threads took: 127.838ms
12-09 08:38:16.724 I/calabash(20949): newActivity1
12-09 08:38:16.732 W/ActivityManager( 1592): Bad activity token: android.os.BinderProxy@7868f1f
12-09 08:38:16.732 W/ActivityManager( 1592): java.lang.ClassCastException: android.os.BinderProxy cannot be cast to com.android.server.am.ActivityRecord$Token
12-09 08:38:16.732 W/ActivityManager( 1592): 	at com.android.server.am.ActivityRecord.forTokenLocked(ActivityRecord.java:424)
12-09 08:38:16.732 W/ActivityManager( 1592): 	at com.android.server.am.ActivityRecord.isInStackLocked(ActivityRecord.java:1121)
12-09 08:38:16.732 W/ActivityManager( 1592): 	at com.android.server.am.ActivityRecord.getStackLocked(ActivityRecord.java:1126)
12-09 08:38:16.732 W/ActivityManager( 1592): 	at com.android.server.am.ActivityManagerService.getActivityDisplayId(ActivityManagerService.java:8889)
12-09 08:38:16.732 W/ActivityManager( 1592): 	at android.app.ActivityManagerNative.onTransact(ActivityManagerNative.java:2338)
12-09 08:38:16.732 W/ActivityManager( 1592): 	at com.android.server.am.ActivityManagerService.onTransact(ActivityManagerService.java:2443)
12-09 08:38:16.732 W/ActivityManager( 1592): 	at android.os.Binder.execTransact(Binder.java:453)
12-09 08:38:16.735 W/ActivityManager( 1592): Bad activity token: android.os.BinderProxy@7868f1f
12-09 08:38:16.735 W/ActivityManager( 1592): java.lang.ClassCastException: android.os.BinderProxy cannot be cast to com.android.server.am.ActivityRecord$Token
12-09 08:38:16.735 W/ActivityManager( 1592): 	at com.android.server.am.ActivityRecord.forTokenLocked(ActivityRecord.java:424)
12-09 08:38:16.735 W/ActivityManager( 1592): 	at com.android.server.am.ActivityRecord.isInStackLocked(ActivityRecord.java:1121)
12-09 08:38:16.735 W/ActivityManager( 1592): 	at com.android.server.am.ActivityManagerService.setTaskDescription(ActivityManagerService.java:8547)
12-09 08:38:16.735 W/ActivityManager( 1592): 	at android.app.ActivityManagerNative.onTransact(ActivityManagerNative.java:2410)
12-09 08:38:16.735 W/ActivityManager( 1592): 	at com.android.server.am.ActivityManagerService.onTransact(ActivityManagerService.java:2443)
12-09 08:38:16.735 W/ActivityManager( 1592): 	at android.os.Binder.execTransact(Binder.java:453)
12-09 08:38:16.740 W/ActivityManager( 1592): Bad activity token: android.os.BinderProxy@7868f1f
12-09 08:38:16.740 W/ActivityManager( 1592): java.lang.ClassCastException: android.os.BinderProxy cannot be cast to com.android.server.am.ActivityRecord$Token
12-09 08:38:16.740 W/ActivityManager( 1592): 	at com.android.server.am.ActivityRecord.forTokenLocked(ActivityRecord.java:424)
12-09 08:38:16.740 W/ActivityManager( 1592): 	at com.android.server.am.ActivityRecord.isInStackLocked(ActivityRecord.java:1121)
12-09 08:38:16.740 W/ActivityManager( 1592): 	at com.android.server.am.ActivityManagerService.getActivityOptions(ActivityManagerService.java:11038)
12-09 08:38:16.740 W/ActivityManager( 1592): 	at android.app.ActivityManagerNative.onTransact(ActivityManagerNative.java:1734)
12-09 08:38:16.740 W/ActivityManager( 1592): 	at com.android.server.am.ActivityManagerService.onTransact(ActivityManagerService.java:2443)
12-09 08:38:16.740 W/ActivityManager( 1592): 	at android.os.Binder.execTransact(Binder.java:453)
12-09 08:38:16.747 W/ActivityManager( 1592): Bad activity token: android.os.BinderProxy@7868f1f
12-09 08:38:16.747 W/ActivityManager( 1592): java.lang.ClassCastException: android.os.BinderProxy cannot be cast to com.android.server.am.ActivityRecord$Token
12-09 08:38:16.747 W/ActivityManager( 1592): 	at com.android.server.am.ActivityRecord.forTokenLocked(ActivityRecord.java:424)
12-09 08:38:16.747 W/ActivityManager( 1592): 	at com.android.server.am.ActivityRecord.isInStackLocked(ActivityRecord.java:1121)
12-09 08:38:16.747 W/ActivityManager( 1592): 	at com.android.server.am.ActivityManagerService.getActivityOptions(ActivityManagerService.java:11038)
12-09 08:38:16.747 W/ActivityManager( 1592): 	at android.app.ActivityManagerNative.onTransact(ActivityManagerNative.java:1734)
12-09 08:38:16.747 W/ActivityManager( 1592): 	at com.android.server.am.ActivityManagerService.onTransact(ActivityManagerService.java:2443)
12-09 08:38:16.747 W/ActivityManager( 1592): 	at android.os.Binder.execTransact(Binder.java:453)
12-09 08:38:16.754 I/art     (20949): Background sticky concurrent mark sweep GC freed 22518(975KB) AllocSpace objects, 0(0B) LOS objects, 0% free, 2MB/2MB, paused 129.230ms total 265.651ms
12-09 08:38:16.776 W/audio_hw_generic( 1308): Hardware backing HAL too slow, could only write 0 of 661 frames
12-09 08:38:16.882 I/System.out(20949): URI: //map
12-09 08:38:16.883 I/System.out(20949): params: {json={"query":"android.widget.ListView index:0 android.widget.TextView index:0","operation":{"method_name":"query","arguments":[]}}
12-09 08:38:16.883 I/System.out(20949): }
12-09 08:38:17.046 W/audio_hw_generic( 1308): Not supplying enough data to HAL, expected position 42534669 , only wrote 42534028
12-09 08:38:17.101 I/System.out(20949): URI: //gesture
12-09 08:38:17.101 I/System.out(20949): params: {json={"query_timeout":5.0,"gestures":[{"query_string":"android.widget.ListView index:0 android.widget.TextView index:0","touches":[{"x":50,"y":50,"offset_x":0,"offset_y":0,"wait":0.0,"time":0.2,"release":true,"query_string":null}]}]}
12-09 08:38:17.101 I/System.out(20949): }
12-09 08:38:17.109 I/art     (20949): Background sticky concurrent mark sweep GC freed 47379(2MB) AllocSpace objects, 2(40KB) LOS objects, 20% free, 2MB/3MB, paused 989us total 136.718ms
12-09 08:38:17.232 W/audio_hw_generic( 1308): Not supplying enough data to HAL, expected position 42542234 , only wrote 42540638
12-09 08:38:17.232 W/audio_hw_generic( 1308): Not supplying enough data to HAL, expected position 42540644 , only wrote 42540638
12-09 08:38:17.251 W/audio_hw_generic( 1308): Not supplying enough data to HAL, expected position 42541473 , only wrote 42541299
12-09 08:38:17.402 W/audio_hw_generic( 1308): Hardware backing HAL too slow, could only write 0 of 661 frames
12-09 08:38:17.474 W/audio_hw_generic( 1308): Not supplying enough data to HAL, expected position 42551104 , only wrote 42550553
12-09 08:38:17.474 W/audio_hw_generic( 1308): Not supplying enough data to HAL, expected position 42550559 , only wrote 42550553
12-09 08:38:17.491 W/audio_hw_generic( 1308): Not supplying enough data to HAL, expected position 42551329 , only wrote 42551214
12-09 08:38:17.578 W/audio_hw_generic( 1308): Not supplying enough data to HAL, expected position 42555012 , only wrote 42554519
12-09 08:38:17.578 W/audio_hw_generic( 1308): Not supplying enough data to HAL, expected position 42554525 , only wrote 42554519
12-09 08:38:17.580 I/art     (20949): WaitForGcToComplete blocked for 24.823ms for cause Background
12-09 08:38:17.595 W/audio_hw_generic( 1308): Not supplying enough data to HAL, expected position 42555266 , only wrote 42555180
12-09 08:38:17.699 I/ActivityManager( 1592): START u0 {cmp=com.evancharlton.mileage/.VehicleActivity (has extras)} from uid 10143 on display 0
12-09 08:38:17.746 W/audio_hw_generic( 1308): Not supplying enough data to HAL, expected position 42561873 , only wrote 42561790
12-09 08:38:17.763 W/audio_hw_generic( 1308): Not supplying enough data to HAL, expected position 42562537 , only wrote 42561790
12-09 08:38:17.807 D/AudioFlinger( 1308): mixer(0xf4380000) throttle end: throttle time(27)
12-09 08:38:17.965 W/audio_hw_generic( 1308): Not supplying enough data to HAL, expected position 42570680 , only wrote 42567739
12-09 08:38:17.965 W/audio_hw_generic( 1308): Not supplying enough data to HAL, expected position 42567745 , only wrote 42567739
12-09 08:38:17.989 I/calabash(20949): newActivity1
12-09 08:38:18.133 I/art     (20949): Background sticky concurrent mark sweep GC freed 21926(1098KB) AllocSpace objects, 1(20KB) LOS objects, 31% free, 2MB/3MB, paused 21.452ms total 141.235ms
12-09 08:38:18.188 W/audio_hw_generic( 1308): Not supplying enough data to HAL, expected position 42577573 , only wrote 42576993
12-09 08:38:18.230 E/SurfaceFlinger( 1219): ro.sf.lcd_density must be defined as a build property
12-09 08:38:18.231 D/gralloc_ranchu( 1219): gralloc_alloc: Creating ashmem region of size 3686400
12-09 08:38:18.235 V/PhoneStatusBar( 1685): setLightsOn(true)
12-09 08:38:18.255 D/        (20978): HostConnection::get() New Host Connection established 0x7f86ad392480, tid 20978
12-09 08:38:18.271 E/EGL_emulation( 1219): tid 1219: eglCreateSyncKHR(1881): error 0x3004 (EGL_BAD_ATTRIBUTE)
12-09 08:38:18.459 D/gralloc_ranchu( 1219): gralloc_alloc: Creating ashmem region of size 3686400
12-09 08:38:18.685 D/hwcomposer( 1219): hw_composer sent 634 syncs in 60s
12-09 08:38:18.935 W/audio_hw_generic( 1308): Not supplying enough data to HAL, expected position 42609933 , only wrote 42604094
12-09 08:38:18.935 W/audio_hw_generic( 1308): Not supplying enough data to HAL, expected position 42604100 , only wrote 42604094
12-09 08:38:18.982 W/audio_hw_generic( 1308): Not supplying enough data to HAL, expected position 42606169 , only wrote 42604755
12-09 08:38:19.013 W/audio_hw_generic( 1308): Not supplying enough data to HAL, expected position 42606128 , only wrote 42605416
12-09 08:38:19.014 W/audio_hw_generic( 1308): Not supplying enough data to HAL, expected position 42605422 , only wrote 42605416
12-09 08:38:19.074 W/art     ( 1592): Long monitor contention event with owner method=void com.android.server.wm.WindowAnimator$1.doFrame(long) from WindowAnimator.java:121 waiters=0 for 124ms
