--------- beginning of main
12-09 08:09:40.126 W/art     ( 1591): Long monitor contention event with owner method=void com.android.server.wm.WindowAnimator$1.doFrame(long) from WindowAnimator.java:121 waiters=1 for 352ms
12-09 08:09:40.159 W/art     ( 1591): Long monitor contention event with owner method=void com.android.server.wm.WindowAnimator$1.doFrame(long) from WindowAnimator.java:121 waiters=1 for 309ms
12-09 08:09:40.839 W/art     ( 1591): Long monitor contention event with owner method=void com.android.server.wm.WindowAnimator$1.doFrame(long) from WindowAnimator.java:121 waiters=1 for 245ms
12-09 08:09:40.895 W/art     ( 1591): Long monitor contention event with owner method=void com.android.server.am.ActivityManagerService.activityPaused(android.os.IBinder) from ActivityManagerService.java:6439 waiters=0 for 2.254s
12-09 08:09:40.896 W/art     ( 1591): Long monitor contention event with owner method=void com.android.server.am.ActivityManagerService.activityPaused(android.os.IBinder) from ActivityManagerService.java:6439 waiters=1 for 2.137s
12-09 08:09:40.897 W/art     ( 1591): Long monitor contention event with owner method=void com.android.server.am.ActivityManagerService.activityPaused(android.os.IBinder) from ActivityManagerService.java:6439 waiters=2 for 1.459s
12-09 08:09:40.898 W/art     ( 1591): Long monitor contention event with owner method=void com.android.server.am.ActivityManagerService.activityPaused(android.os.IBinder) from ActivityManagerService.java:6439 waiters=3 for 1.451s
12-09 08:09:40.898 W/art     ( 1591): Long monitor contention event with owner method=void com.android.server.am.ActivityManagerService.activityPaused(android.os.IBinder) from ActivityManagerService.java:6439 waiters=4 for 1.440s
12-09 08:09:40.899 I/Choreographer( 1916): Skipped 85 frames!  The application may be doing too much work on its main thread.
--------- beginning of system
12-09 08:09:41.000 W/InputMethodManagerService( 1591): Window already focused, ignoring focus gain of: com.android.internal.view.IInputMethodClient$Stub$Proxy@6bf94c7 attribute=null, token = android.os.BinderProxy@2960e29
12-09 08:09:41.493 D/AndroidRuntime(12142): >>>>>> START com.android.internal.os.RuntimeInit uid 0 <<<<<<
12-09 08:09:41.507 D/AndroidRuntime(12142): CheckJNI is ON
12-09 08:09:41.530 D/ICU     (12142): No timezone override file found: /data/misc/zoneinfo/current/icu/icu_tzdata.dat
12-09 08:09:41.674 E/memtrack(12142): Couldn't load memtrack module (No such file or directory)
12-09 08:09:41.674 E/android.os.Debug(12142): failed to load memtrack module: -2
12-09 08:09:41.676 I/Radio-JNI(12142): register_android_hardware_Radio DONE
12-09 08:09:41.693 D/AndroidRuntime(12142): Calling main entry com.android.commands.am.Am
12-09 08:09:41.710 I/ActivityManager( 1591): Force stopping com.evancharlton.mileage appid=10129 user=0: start instr
12-09 08:09:41.718 I/ActivityManager( 1591): Killing 12112:com.evancharlton.mileage/u0a129 (adj 0): stop com.evancharlton.mileage
12-09 08:09:41.802 W/ActivityManager( 1591): Crash of app com.evancharlton.mileage running instrumentation ComponentInfo{com.evancharlton.mileage.test/sh.calaba.instrumentationbackend.ClearAppData2}
12-09 08:09:41.802 I/ActivityManager( 1591): Force stopping com.evancharlton.mileage appid=10129 user=0: finished inst
12-09 08:09:41.846 I/ActivityManager( 1591): Start proc 12151:com.evancharlton.mileage/u0a129 for added application com.evancharlton.mileage
12-09 08:09:41.847 D/AndroidRuntime(12142): Shutting down VM
12-09 08:09:41.854 W/art     ( 1591): Long monitor contention event with owner method=boolean com.android.server.am.ActivityManagerService.startInstrumentation(android.content.ComponentName, java.lang.String, int, android.os.Bundle, android.app.IInstrumentationWatcher, android.app.IUiAutomationConnection, int, java.lang.String) from ActivityManagerService.java:17066 waiters=1 for 130ms
12-09 08:09:41.854 W/ActivityManager( 1591): Spurious death for ProcessRecord{7d12af4 0:com.evancharlton.mileage/u0a129}, curProc for 12112: null
12-09 08:09:41.913 W/System  (12151): ClassLoader referenced unknown path: /data/app/com.evancharlton.mileage.test-1/lib/x86_64
12-09 08:09:41.913 W/System  (12151): ClassLoader referenced unknown path: /data/app/com.evancharlton.mileage-1/lib/x86_64
12-09 08:09:41.950 I/System.out(12151): Main activity name automatically set to: com.evancharlton.mileage.Mileage
12-09 08:09:41.958 I/System.out(12151): Calabash did not load Mono. This is only a problem if you are trying to test a Mono application
12-09 08:09:41.958 I/calabash(12151): Test server port: 7102
12-09 08:09:41.959 I/InstrumentationBackend(12151): Added:'GetPreferences', with key:'get_preferences'
12-09 08:09:41.991 I/InstrumentationBackend(12151): Added:'SetPreferences', with key:'set_preferences'
12-09 08:09:41.991 I/InstrumentationBackend(12151): Added:'ClearPreferences', with key:'clear_preferences'
12-09 08:09:41.991 I/InstrumentationBackend(12151): Added:'PressElement', with key:'press_l10n_element'
12-09 08:09:41.991 I/InstrumentationBackend(12151): Added:'WaitForElement', with key:'wait_for_l10n_element'
12-09 08:09:41.992 I/InstrumentationBackend(12151): Added:'NullAction', with key:'nullAction'
12-09 08:09:41.992 I/InstrumentationBackend(12151): Added:'PressKey', with key:'press_key'
12-09 08:09:41.992 I/InstrumentationBackend(12151): Added:'SetActivityOrientation', with key:'set_activity_orientation'
12-09 08:09:41.992 I/InstrumentationBackend(12151): Added:'GetActivityOrientation', with key:'get_activity_orientation'
12-09 08:09:41.992 I/InstrumentationBackend(12151): Added:'FakeGPSLocation', with key:'set_gps_coordinates'
12-09 08:09:41.993 I/InstrumentationBackend(12151): Added:'SetPropertyByCssSelector', with key:'set_property_by_css_selector'
12-09 08:09:41.993 I/InstrumentationBackend(12151): Added:'GetUrl', with key:'get_url'
12-09 08:09:41.994 I/InstrumentationBackend(12151): Added:'ScrollTo', with key:'scroll_to'
12-09 08:09:42.003 I/InstrumentationBackend(12151): Added:'GetLoadProgress', with key:'get_load_progress'
12-09 08:09:42.003 I/InstrumentationBackend(12151): Added:'DumpHtml', with key:'dump_html'
12-09 08:09:42.003 I/InstrumentationBackend(12151): Added:'DumpBodyHtml', with key:'dump_body_html'
12-09 08:09:42.003 I/InstrumentationBackend(12151): Added:'EnterTextByCssSelector', with key:'enter_text_by_selector'
12-09 08:09:42.004 I/InstrumentationBackend(12151): Added:'AndroidSDKVersion', with key:'android_sdk_version'
12-09 08:09:42.004 I/InstrumentationBackend(12151): Added:'Version', with key:'version'
12-09 08:09:42.004 I/InstrumentationBackend(12151): Added:'Drag', with key:'drag'
12-09 08:09:42.005 I/InstrumentationBackend(12151): Added:'TouchCoordinates', with key:'touch_coordinate'
12-09 08:09:42.005 I/InstrumentationBackend(12151): Added:'LongPressCoordinate', with key:'long_press_coordinate'
12-09 08:09:42.005 I/InstrumentationBackend(12151): Added:'DragCoordinates', with key:'drag_coordinates'
12-09 08:09:42.005 I/InstrumentationBackend(12151): Added:'ResumeApplication', with key:'resume_application'
12-09 08:09:42.005 I/InstrumentationBackend(12151): Added:'Swipe', with key:'swipe'
12-09 08:09:42.006 I/InstrumentationBackend(12151): Added:'DoubleTapCoordinate', with key:'double_tap_coordinate'
12-09 08:09:42.006 I/InstrumentationBackend(12151): Added:'ClickOnScreen', with key:'click_on_screen'
12-09 08:09:42.006 I/InstrumentationBackend(12151): Added:'GetActivityName', with key:'get_activity_name'
12-09 08:09:42.006 I/InstrumentationBackend(12151): Added:'ScrollToView', with key:'scroll_to_view'
12-09 08:09:42.007 I/InstrumentationBackend(12151): Added:'ViewConfiguration', with key:'view_configuration'
12-09 08:09:42.007 I/InstrumentationBackend(12151): Added:'IsCurrentActivityFocused', with key:'is_current_activity_focused'
12-09 08:09:42.007 I/InstrumentationBackend(12151): Added:'SendTcp', with key:'send_tcp'
12-09 08:09:42.007 I/InstrumentationBackend(12151): Added:'DpToDevicePixel', with key:'dp_to_device_pixel'
12-09 08:09:42.007 I/InstrumentationBackend(12151): Added:'KeyboardEnterText', with key:'keyboard_enter_text'
12-09 08:09:42.008 I/InstrumentationBackend(12151): Added:'DeleteSurroundingText', with key:'delete_surrounding_text'
12-09 08:09:42.008 I/InstrumentationBackend(12151): Added:'SetComposingRegion', with key:'set_composing_region'
12-09 08:09:42.008 I/InstrumentationBackend(12151): Added:'SetSelection', with key:'set_selection'
12-09 08:09:42.008 I/InstrumentationBackend(12151): Added:'KeyboardKeyEvent', with key:'keyboard_key_event'
12-09 08:09:42.008 I/InstrumentationBackend(12151): Added:'PressUserActionButton', with key:'press_user_action_button'
12-09 08:09:42.009 I/InstrumentationBackend(12151): Added:'HideSoftKeyboard', with key:'hide_soft_keyboard'
12-09 08:09:42.009 I/InstrumentationBackend(12151): Added:'ListActions', with key:'list_actions'
12-09 08:09:42.009 I/calabash(12151): Instantiating http server at 7102
12-09 08:09:42.026 I/System.out(12151): HTTP Daemon listening on: 7102
12-09 08:09:42.139 I/System.out(12151): URI: //ping
12-09 08:09:42.139 I/System.out(12151): params: {json={}
12-09 08:09:42.139 I/System.out(12151): }
12-09 08:09:42.202 I/System.out(12151): URI: //ping
12-09 08:09:42.202 I/System.out(12151): params: {json={}
12-09 08:09:42.202 I/System.out(12151): }
12-09 08:09:42.246 I/System.out(12151): URI: //ready
12-09 08:09:42.246 I/System.out(12151): params: {json={}
12-09 08:09:42.246 I/System.out(12151): }
12-09 08:09:42.311 I/System.out(12151): URI: //
12-09 08:09:42.311 I/System.out(12151): params: {json={"command":"version","arguments":[]}
12-09 08:09:42.311 I/System.out(12151): }
12-09 08:09:42.311 I/System.out(12151): header: {date=Sun, 09 Dec 2018 08:09:42 GMT, accept=*/*, content-length=36, host=127.0.0.1:34777, user-agent=HTTPClient/1.0 (2.8.3, ruby 2.3.1 (2016-04-26)), content-type=application/json;charset=utf-8}
12-09 08:09:42.311 I/System.out(12151): params: {json={"command":"version","arguments":[]}
12-09 08:09:42.311 I/System.out(12151): }
12-09 08:09:42.311 I/System.out(12151): ProP json = {"command":"version","arguments":[]}
12-09 08:09:42.311 I/System.out(12151): files: {}
12-09 08:09:42.311 I/System.out(12151): command: {"command":"version","arguments":[]}
12-09 08:09:42.322 I/InstrumentationBackend(12151): Got command:'Command:'Line:null,version', arguments:'[]'
12-09 08:09:42.622 I/System.out(12151): result:{"bonusInformation":[],"message":"0.9.8","success":true}
12-09 08:09:42.690 I/art     (12151): Background partial concurrent mark sweep GC freed 29840(1688KB) AllocSpace objects, 13(260KB) LOS objects, 46% free, 1188KB/2MB, paused 939us total 329.927ms
12-09 08:09:42.726 I/System.out(12151): URI: //start-application
12-09 08:09:42.726 I/System.out(12151): params: {json={"intent":null}
12-09 08:09:42.726 I/System.out(12151): }
12-09 08:09:42.774 I/ActivityManager( 1591): START u0 {act=android.intent.action.MAIN cat=[android.intent.category.LAUNCHER] flg=0x10200000 cmp=com.evancharlton.mileage/.Mileage} from uid 10129 on display 0
12-09 08:09:42.986 D/gralloc_ranchu( 1218): gralloc_alloc: Creating ashmem region of size 3686400
12-09 08:09:42.990 W/art     ( 1591): Long monitor contention event with owner method=int com.android.server.wm.WindowManagerService.relayoutWindow(com.android.server.wm.Session, android.view.IWindow, int, android.view.WindowManager$LayoutParams, int, int, int, int, android.graphics.Rect, android.graphics.Rect, android.graphics.Rect, android.graphics.Rect, android.graphics.Rect, android.graphics.Rect, android.content.res.Configuration, android.view.Surface) from WindowManagerService.java:3103 waiters=0 for 151ms
12-09 08:09:42.991 I/calabash(12151): newActivity1
12-09 08:09:43.098 I/calabash(12151): newActivity1
12-09 08:09:43.100 W/ActivityManager( 1591): Bad activity token: android.os.BinderProxy@c400bea
12-09 08:09:43.100 W/ActivityManager( 1591): java.lang.ClassCastException: android.os.BinderProxy cannot be cast to com.android.server.am.ActivityRecord$Token
12-09 08:09:43.100 W/ActivityManager( 1591): 	at com.android.server.am.ActivityRecord.forTokenLocked(ActivityRecord.java:424)
12-09 08:09:43.100 W/ActivityManager( 1591): 	at com.android.server.am.ActivityRecord.isInStackLocked(ActivityRecord.java:1121)
12-09 08:09:43.100 W/ActivityManager( 1591): 	at com.android.server.am.ActivityRecord.getStackLocked(ActivityRecord.java:1126)
12-09 08:09:43.100 W/ActivityManager( 1591): 	at com.android.server.am.ActivityManagerService.getActivityDisplayId(ActivityManagerService.java:8889)
12-09 08:09:43.100 W/ActivityManager( 1591): 	at android.app.ActivityManagerNative.onTransact(ActivityManagerNative.java:2338)
12-09 08:09:43.100 W/ActivityManager( 1591): 	at com.android.server.am.ActivityManagerService.onTransact(ActivityManagerService.java:2443)
12-09 08:09:43.100 W/ActivityManager( 1591): 	at android.os.Binder.execTransact(Binder.java:453)
12-09 08:09:43.101 W/ActivityManager( 1591): Bad activity token: android.os.BinderProxy@c400bea
12-09 08:09:43.101 W/ActivityManager( 1591): java.lang.ClassCastException: android.os.BinderProxy cannot be cast to com.android.server.am.ActivityRecord$Token
12-09 08:09:43.101 W/ActivityManager( 1591): 	at com.android.server.am.ActivityRecord.forTokenLocked(ActivityRecord.java:424)
12-09 08:09:43.101 W/ActivityManager( 1591): 	at com.android.server.am.ActivityRecord.isInStackLocked(ActivityRecord.java:1121)
12-09 08:09:43.101 W/ActivityManager( 1591): 	at com.android.server.am.ActivityManagerService.setTaskDescription(ActivityManagerService.java:8547)
12-09 08:09:43.101 W/ActivityManager( 1591): 	at android.app.ActivityManagerNative.onTransact(ActivityManagerNative.java:2410)
12-09 08:09:43.101 W/ActivityManager( 1591): 	at com.android.server.am.ActivityManagerService.onTransact(ActivityManagerService.java:2443)
12-09 08:09:43.101 W/ActivityManager( 1591): 	at android.os.Binder.execTransact(Binder.java:453)
12-09 08:09:43.231 V/PhoneStatusBar( 1690): setLightsOn(true)
12-09 08:09:43.339 D/EGL_emulation( 1916): eglMakeCurrent: 0x7f48158191a0: ver 2 0 (tinfo 0x7f481989af00)
12-09 08:09:43.349 E/Surface ( 1916): getSlotFromBufferLocked: unknown buffer: 0x7f480ba1eaa0
12-09 08:09:43.542 D/FillupsProvider(12151): Creating database
12-09 08:09:43.725 I/art     (12151): Background sticky concurrent mark sweep GC freed 7238(413KB) AllocSpace objects, 0(0B) LOS objects, 25% free, 1650KB/2MB, paused 10.378ms total 121.632ms
12-09 08:09:43.845 W/ActivityManager( 1591): Bad activity token: android.os.BinderProxy@c400bea
12-09 08:09:43.845 W/ActivityManager( 1591): java.lang.ClassCastException: android.os.BinderProxy cannot be cast to com.android.server.am.ActivityRecord$Token
12-09 08:09:43.845 W/ActivityManager( 1591): 	at com.android.server.am.ActivityRecord.forTokenLocked(ActivityRecord.java:424)
12-09 08:09:43.845 W/ActivityManager( 1591): 	at com.android.server.am.ActivityRecord.isInStackLocked(ActivityRecord.java:1121)
12-09 08:09:43.845 W/ActivityManager( 1591): 	at com.android.server.am.ActivityManagerService.getActivityOptions(ActivityManagerService.java:11038)
12-09 08:09:43.845 W/ActivityManager( 1591): 	at android.app.ActivityManagerNative.onTransact(ActivityManagerNative.java:1734)
12-09 08:09:43.845 W/ActivityManager( 1591): 	at com.android.server.am.ActivityManagerService.onTransact(ActivityManagerService.java:2443)
12-09 08:09:43.845 W/ActivityManager( 1591): 	at android.os.Binder.execTransact(Binder.java:453)
12-09 08:09:43.845 W/ActivityManager( 1591): Bad activity token: android.os.BinderProxy@c400bea
12-09 08:09:43.845 W/ActivityManager( 1591): java.lang.ClassCastException: android.os.BinderProxy cannot be cast to com.android.server.am.ActivityRecord$Token
12-09 08:09:43.845 W/ActivityManager( 1591): 	at com.android.server.am.ActivityRecord.forTokenLocked(ActivityRecord.java:424)
12-09 08:09:43.845 W/ActivityManager( 1591): 	at com.android.server.am.ActivityRecord.isInStackLocked(ActivityRecord.java:1121)
12-09 08:09:43.845 W/ActivityManager( 1591): 	at com.android.server.am.ActivityManagerService.getActivityOptions(ActivityManagerService.java:11038)
12-09 08:09:43.845 W/ActivityManager( 1591): 	at android.app.ActivityManagerNative.onTransact(ActivityManagerNative.java:1734)
12-09 08:09:43.845 W/ActivityManager( 1591): 	at com.android.server.am.ActivityManagerService.onTransact(ActivityManagerService.java:2443)
12-09 08:09:43.845 W/ActivityManager( 1591): 	at android.os.Binder.execTransact(Binder.java:453)
12-09 08:09:43.901 I/art     (12151): Background partial concurrent mark sweep GC freed 1901(256KB) AllocSpace objects, 1(20KB) LOS objects, 40% free, 1837KB/2MB, paused 10.491ms total 38.775ms
12-09 08:09:44.259 W/art     ( 1591): Long monitor contention event with owner method=void com.android.server.wm.WindowAnimator$1.doFrame(long) from WindowAnimator.java:121 waiters=1 for 148ms
12-09 08:09:44.579 D/gralloc_ranchu( 1218): gralloc_alloc: Creating ashmem region of size 3686400
12-09 08:09:44.627 D/        (12151): HostConnection::get() New Host Connection established 0x7f481980aea0, tid 12151
12-09 08:09:44.789 I/ActivityManager( 1591): Displayed com.evancharlton.mileage/.Mileage: +1s964ms
12-09 08:09:44.852 D/gralloc_ranchu( 1218): gralloc_alloc: Creating ashmem region of size 3686400
12-09 08:09:45.087 I/ContentMaintenance( 2369): Internal cache bytes used: 0; limit: 40626585; download size: 0
12-09 08:09:45.112 I/RealtimeCacheCleanup( 2369): Beginning Realtime garbage collection.
12-09 08:09:45.112 I/RealtimeCacheCleanup( 2369): Finished Realtime garbage collection.
12-09 08:09:45.387 I/System.out(12151): URI: //map
12-09 08:09:45.387 I/System.out(12151): params: {json={"query":"android.widget.Button index:2","operation":{"method_name":"query","arguments":[]}}
12-09 08:09:45.387 I/System.out(12151): }
12-09 08:09:45.659 I/System.out(12151): URI: //gesture
12-09 08:09:45.690 I/System.out(12151): params: {json={"query_timeout":5.0,"gestures":[{"query_string":"android.widget.Button index:2","touches":[{"x":50,"y":50,"offset_x":0,"offset_y":0,"wait":0.0,"time":0.2,"release":true,"query_string":null}]}]}
12-09 08:09:45.690 I/System.out(12151): }
12-09 08:09:45.698 I/art     (12151): Background sticky concurrent mark sweep GC freed 35048(1599KB) AllocSpace objects, 0(0B) LOS objects, 2% free, 2MB/2MB, paused 1.288ms total 171.157ms
12-09 08:09:45.910 D/gralloc_ranchu( 1218): gralloc_alloc: Creating ashmem region of size 3686400
12-09 08:09:46.443 W/AudioTrack( 1591): AUDIO_OUTPUT_FLAG_FAST denied by client; transfer 4, track 48000 Hz, output 44100 Hz
12-09 08:09:46.620 W/audio_hw_generic( 1307): Hardware backing HAL too slow, could only write 0 of 661 frames
12-09 08:09:46.673 I/art     (12151): Background sticky concurrent mark sweep GC freed 9357(577KB) AllocSpace objects, 1(20KB) LOS objects, 18% free, 2MB/2MB, paused 1.120ms total 187.022ms
12-09 08:09:46.748 D/gralloc_ranchu( 1218): gralloc_alloc: Creating ashmem region of size 45056
12-09 08:09:46.810 W/audio_hw_generic( 1307): Not supplying enough data to HAL, expected position 22721330 , only wrote 22721214
12-09 08:09:46.872 W/audio_hw_generic( 1307): Hardware backing HAL too slow, could only write 0 of 661 frames
12-09 08:09:46.872 W/audio_hw_generic( 1307): Hardware backing HAL too slow, could only write 0 of 661 frames
12-09 08:09:46.916 W/audio_hw_generic( 1307): Not supplying enough data to HAL, expected position 22725891 , only wrote 22725180
12-09 08:09:46.954 W/audio_hw_generic( 1307): Not supplying enough data to HAL, expected position 22726846 , only wrote 22726502
12-09 08:09:47.227 W/audio_hw_generic( 1307): Not supplying enough data to HAL, expected position 22738527 , only wrote 22738400
12-09 08:09:47.227 W/audio_hw_generic( 1307): Not supplying enough data to HAL, expected position 22738406 , only wrote 22738400
12-09 08:09:47.228 E/SurfaceFlinger( 1218): ro.sf.lcd_density must be defined as a build property
12-09 08:09:47.245 D/gralloc_ranchu( 1218): gralloc_alloc: Creating ashmem region of size 3686400
12-09 08:09:47.246 W/audio_hw_generic( 1307): Not supplying enough data to HAL, expected position 22739240 , only wrote 22739061
12-09 08:09:47.293 D/        (12179): HostConnection::get() New Host Connection established 0x7f5fedd52480, tid 12179
12-09 08:09:47.345 E/EGL_emulation( 1218): tid 1218: eglCreateSyncKHR(1881): error 0x3004 (EGL_BAD_ATTRIBUTE)
12-09 08:09:47.389 W/audio_hw_generic( 1307): Not supplying enough data to HAL, expected position 22745359 , only wrote 22745010
12-09 08:09:47.389 W/audio_hw_generic( 1307): Not supplying enough data to HAL, expected position 22745017 , only wrote 22745010
12-09 08:09:47.496 W/audio_hw_generic( 1307): Not supplying enough data to HAL, expected position 22749753 , only wrote 22749637
12-09 08:09:47.496 W/audio_hw_generic( 1307): Not supplying enough data to HAL, expected position 22749644 , only wrote 22749637
12-09 08:09:47.522 W/audio_hw_generic( 1307): Not supplying enough data to HAL, expected position 22750748 , only wrote 22750298
12-09 08:09:47.577 W/audio_hw_generic( 1307): Not supplying enough data to HAL, expected position 22752718 , only wrote 22752281
12-09 08:09:47.577 W/audio_hw_generic( 1307): Not supplying enough data to HAL, expected position 22752288 , only wrote 22752281
12-09 08:09:47.596 W/audio_hw_generic( 1307): Not supplying enough data to HAL, expected position 22753146 , only wrote 22752942
12-09 08:09:47.613 W/audio_hw_generic( 1307): Not supplying enough data to HAL, expected position 22753688 , only wrote 22753603
12-09 08:09:47.613 W/audio_hw_generic( 1307): Not supplying enough data to HAL, expected position 22753611 , only wrote 22753603
12-09 08:09:47.644 W/audio_hw_generic( 1307): Not supplying enough data to HAL, expected position 22754955 , only wrote 22754264
12-09 08:09:48.161 W/audio_hw_generic( 1307): Not supplying enough data to HAL, expected position 22777077 , only wrote 22771450
12-09 08:09:48.198 W/audio_hw_generic( 1307): Not supplying enough data to HAL, expected position 22773040 , only wrote 22771450
12-09 08:09:48.210 W/audio_hw_generic( 1307): Hardware backing HAL too slow, could only write 0 of 661 frames
12-09 08:09:48.245 W/audio_hw_generic( 1307): Not supplying enough data to HAL, expected position 22773538 , only wrote 22773433
12-09 08:09:48.245 W/audio_hw_generic( 1307): Hardware backing HAL too slow, could only write 0 of 661 frames
12-09 08:09:48.245 W/audio_hw_generic( 1307): Hardware backing HAL too slow, could only write 0 of 661 frames
12-09 08:09:48.262 W/audio_hw_generic( 1307): Hardware backing HAL too slow, could only write 0 of 661 frames
12-09 08:09:48.284 W/audio_hw_generic( 1307): Hardware backing HAL too slow, could only write 0 of 661 frames
12-09 08:09:48.412 W/audio_hw_generic( 1307): Not supplying enough data to HAL, expected position 22780822 , only wrote 22780704
12-09 08:09:48.413 W/audio_hw_generic( 1307): Hardware backing HAL too slow, could only write 0 of 661 frames
12-09 08:09:48.413 W/audio_hw_generic( 1307): Hardware backing HAL too slow, could only write 0 of 661 frames
12-09 08:09:48.430 W/audio_hw_generic( 1307): Hardware backing HAL too slow, could only write 0 of 661 frames
