12-09 07:39:13.181 D/VehicleStatisticsAdapter( 4259): Building new values ...
12-09 07:39:13.183 W/audio_hw_generic( 1307): Not supplying enough data to HAL, expected position 2931265 , only wrote 2930874
12-09 07:39:13.183 W/audio_hw_generic( 1307): Not supplying enough data to HAL, expected position 2930881 , only wrote 2930874
12-09 07:39:13.207 W/audio_hw_generic( 1307): Not supplying enough data to HAL, expected position 2931916 , only wrote 2931535
12-09 07:39:13.207 D/VehicleStatisticsAdapter( 4259): Writing 29 records to the database ...
12-09 07:39:13.272 D/VehicleStatisticsAdapter( 4259): Erasing the cache ...
12-09 07:39:13.273 D/Mileage.ABS( 4259): Not backing up; 163
12-09 07:39:13.522 W/audio_hw_generic( 1307): Not supplying enough data to HAL, expected position 2945444 , only wrote 2944755
12-09 07:39:13.534 E/SurfaceFlinger( 1223): ro.sf.lcd_density must be defined as a build property
12-09 07:39:13.542 D/gralloc_ranchu( 1223): gralloc_alloc: Creating ashmem region of size 3686400
12-09 07:39:13.546 D/Mileage.ABS( 4259): Not backing up; 436
12-09 07:39:13.567 D/VehicleStatisticsAdapter( 4259): Building new values ...
12-09 07:39:13.567 D/VehicleStatisticsAdapter( 4259): Writing 29 records to the database ...
12-09 07:39:13.569 D/Mileage.ABS( 4259): Not backing up; 459
12-09 07:39:13.638 D/        ( 4301): HostConnection::get() New Host Connection established 0x7fd26a712480, tid 4301
12-09 07:39:13.652 D/Mileage.ABS( 4259): Not backing up; 542
12-09 07:39:13.668 E/EGL_emulation( 1223): tid 1223: eglCreateSyncKHR(1881): error 0x3004 (EGL_BAD_ATTRIBUTE)
12-09 07:39:13.742 D/Mileage.ABS( 4259): Not backing up; 632
12-09 07:39:13.742 D/Mileage.ABS( 4259): Not backing up; 632
12-09 07:39:13.782 D/Mileage.ABS( 4259): Not backing up; 671
12-09 07:39:13.798 D/Mileage.ABS( 4259): Not backing up; 688
12-09 07:39:13.857 D/Mileage.ABS( 4259): Not backing up; 747
12-09 07:39:13.972 D/Mileage.ABS( 4259): Not backing up; 862
12-09 07:39:14.068 D/Mileage.ABS( 4259): Not backing up; 958
12-09 07:39:14.078 D/Mileage.ABS( 4259): Not backing up; 968
12-09 07:39:14.082 D/Mileage.ABS( 4259): Not backing up; 972
12-09 07:39:14.218 W/audio_hw_generic( 1307): Not supplying enough data to HAL, expected position 2975463 , only wrote 2975161
12-09 07:39:14.294 D/Mileage.ABS( 4259): Finished backup
12-09 07:39:14.294 D/Mileage.ABS( 4259): Not backing up; 40
12-09 07:39:14.295 D/Mileage.ABS( 4259): Not backing up; 40
12-09 07:39:14.295 D/Mileage.ABS( 4259): Not backing up; 41
12-09 07:39:14.366 W/audio_hw_generic( 1307): Not supplying enough data to HAL, expected position 2981694 , only wrote 2981110
12-09 07:39:14.373 W/audio_hw_generic( 1307): Not supplying enough data to HAL, expected position 2981402 , only wrote 2981110
12-09 07:39:14.398 W/audio_hw_generic( 1307): Not supplying enough data to HAL, expected position 2982197 , only wrote 2981771
12-09 07:39:14.443 W/audio_hw_generic( 1307): Not supplying enough data to HAL, expected position 2983788 , only wrote 2983754
12-09 07:39:14.454 W/audio_hw_generic( 1307): Not supplying enough data to HAL, expected position 2984218 , only wrote 2983754
12-09 07:39:14.474 W/audio_hw_generic( 1307): Not supplying enough data to HAL, expected position 2984612 , only wrote 2984415
12-09 07:39:14.509 W/audio_hw_generic( 1307): Hardware backing HAL too slow, could only write 0 of 661 frames
12-09 07:39:14.510 D/Mileage.ABS( 4259): Not backing up; 256
12-09 07:39:14.511 D/Mileage.ABS( 4259): Not backing up; 257
12-09 07:39:14.511 D/Mileage.ABS( 4259): Not backing up; 257
12-09 07:39:14.525 W/audio_hw_generic( 1307): Hardware backing HAL too slow, could only write 0 of 661 frames
12-09 07:39:14.537 W/audio_hw_generic( 1307): Hardware backing HAL too slow, could only write 0 of 661 frames
12-09 07:39:14.538 I/System.out( 4259): URI: //gesture
12-09 07:39:14.538 I/System.out( 4259): params: {json={"query_timeout":5.0,"gestures":[{"query_string":"android.widget.TabWidget descendant TextView index:0","touches":[{"x":50,"y":50,"offset_x":0,"offset_y":0,"wait":0.0,"time":0.2,"release":true,"query_string":null}]}]}
12-09 07:39:14.538 I/System.out( 4259): }
12-09 07:39:14.553 W/audio_hw_generic( 1307): Hardware backing HAL too slow, could only write 0 of 661 frames
12-09 07:39:14.565 W/audio_hw_generic( 1307): Hardware backing HAL too slow, could only write 0 of 661 frames
12-09 07:39:14.589 W/art     ( 4259): Suspending all threads took: 16.968ms
12-09 07:39:14.672 W/audio_hw_generic( 1307): Not supplying enough data to HAL, expected position 2993157 , only wrote 2991686
12-09 07:39:14.672 W/audio_hw_generic( 1307): Not supplying enough data to HAL, expected position 2991693 , only wrote 2991686
12-09 07:39:14.709 W/audio_hw_generic( 1307): Not supplying enough data to HAL, expected position 2993318 , only wrote 2992347
12-09 07:39:14.726 W/CursorWrapperInner( 4259): Cursor finalized without prior close()
12-09 07:39:14.734 I/art     ( 4259): Background sticky concurrent mark sweep GC freed 18614(952KB) AllocSpace objects, 2(40KB) LOS objects, 27% free, 3MB/4MB, paused 18.486ms total 179.569ms
12-09 07:39:14.734 W/CursorWrapperInner( 4259): Cursor finalized without prior close()
12-09 07:39:14.747 W/audio_hw_generic( 1307): Hardware backing HAL too slow, could only write 0 of 661 frames
12-09 07:39:14.851 D/Mileage.ABS( 4259): Not backing up; 597
12-09 07:39:14.851 D/Mileage.ABS( 4259): Not backing up; 597
12-09 07:39:14.851 D/Mileage.ABS( 4259): Not backing up; 597
12-09 07:39:14.851 D/Mileage.ABS( 4259): Not backing up; 597
12-09 07:39:14.852 D/Mileage.ABS( 4259): Not backing up; 598
12-09 07:39:14.859 D/Mileage.ABS( 4259): Not backing up; 605
12-09 07:39:15.055 D/Mileage.ABS( 4259): Not backing up; 801
12-09 07:39:15.070 D/Mileage.ABS( 4259): Not backing up; 816
12-09 07:39:15.071 D/Mileage.ABS( 4259): Not backing up; 817
12-09 07:39:15.071 D/Mileage.ABS( 4259): Not backing up; 817
12-09 07:39:15.071 D/Mileage.ABS( 4259): Not backing up; 817
12-09 07:39:15.071 D/Mileage.ABS( 4259): Not backing up; 817
12-09 07:39:15.072 D/Mileage.ABS( 4259): Not backing up; 818
12-09 07:39:15.177 W/audio_hw_generic( 1307): Not supplying enough data to HAL, expected position 3012980 , only wrote 3012838
12-09 07:39:15.177 W/audio_hw_generic( 1307): Not supplying enough data to HAL, expected position 3012845 , only wrote 3012838
12-09 07:39:15.182 D/Mileage.ABS( 4259): Not backing up; 928
12-09 07:39:15.183 D/Mileage.ABS( 4259): Not backing up; 929
12-09 07:39:15.183 D/Mileage.ABS( 4259): Not backing up; 929
12-09 07:39:15.183 D/Mileage.ABS( 4259): Not backing up; 929
12-09 07:39:15.183 D/Mileage.ABS( 4259): Not backing up; 929
12-09 07:39:15.270 W/audio_hw_generic( 1307): Not supplying enough data to HAL, expected position 3016937 , only wrote 3016804
12-09 07:39:15.270 W/audio_hw_generic( 1307): Not supplying enough data to HAL, expected position 3016811 , only wrote 3016804
12-09 07:39:15.295 W/audio_hw_generic( 1307): Not supplying enough data to HAL, expected position 3017880 , only wrote 3017465
12-09 07:39:15.313 W/audio_hw_generic( 1307): Not supplying enough data to HAL, expected position 3018290 , only wrote 3018126
12-09 07:39:15.406 W/audio_hw_generic( 1307): Not supplying enough data to HAL, expected position 3022195 , only wrote 3022092
12-09 07:39:15.445 W/audio_hw_generic( 1307): Not supplying enough data to HAL, expected position 3023848 , only wrote 3023414
12-09 07:39:15.641 W/audio_hw_generic( 1307): Not supplying enough data to HAL, expected position 3032025 , only wrote 3032007
12-09 07:39:15.641 W/audio_hw_generic( 1307): Not supplying enough data to HAL, expected position 3032015 , only wrote 3032007
12-09 07:39:15.661 W/audio_hw_generic( 1307): Not supplying enough data to HAL, expected position 3032880 , only wrote 3032668
12-09 07:39:15.772 I/art     ( 4259): Background partial concurrent mark sweep GC freed 38056(1793KB) AllocSpace objects, 1(20KB) LOS objects, 39% free, 2MB/4MB, paused 3.319ms total 496.257ms
12-09 07:39:15.861 I/Choreographer( 4259): Skipped 33 frames!  The application may be doing too much work on its main thread.
12-09 07:39:16.069 W/audio_hw_generic( 1307): Not supplying enough data to HAL, expected position 3050683 , only wrote 3047871
12-09 07:39:16.069 W/audio_hw_generic( 1307): Not supplying enough data to HAL, expected position 3047878 , only wrote 3047871
12-09 07:39:16.106 W/audio_hw_generic( 1307): Not supplying enough data to HAL, expected position 3049494 , only wrote 3048532
12-09 07:39:16.128 D/Mileage.ABS( 4259): Finished backup
12-09 07:39:16.138 D/Mileage.ABS( 4259): Not backing up; 144
12-09 07:39:16.138 D/Mileage.ABS( 4259): Not backing up; 144
12-09 07:39:16.138 D/Mileage.ABS( 4259): Not backing up; 144
12-09 07:39:16.139 D/Mileage.ABS( 4259): Not backing up; 145
12-09 07:39:16.139 D/Mileage.ABS( 4259): Not backing up; 145
12-09 07:39:16.177 W/audio_hw_generic( 1307): Hardware backing HAL too slow, could only write 0 of 661 frames
12-09 07:39:16.199 W/audio_hw_generic( 1307): Hardware backing HAL too slow, could only write 0 of 661 frames
12-09 07:39:16.210 W/audio_hw_generic( 1307): Hardware backing HAL too slow, could only write 0 of 661 frames
12-09 07:39:16.222 W/audio_hw_generic( 1307): Hardware backing HAL too slow, could only write 0 of 661 frames
12-09 07:39:16.256 W/audio_hw_generic( 1307): Hardware backing HAL too slow, could only write 0 of 661 frames
12-09 07:39:16.263 D/Mileage.ABS( 4259): Not backing up; 269
12-09 07:39:16.264 D/Mileage.ABS( 4259): Not backing up; 270
12-09 07:39:16.271 W/audio_hw_generic( 1307): Hardware backing HAL too slow, could only write 0 of 661 frames
12-09 07:39:16.282 W/audio_hw_generic( 1307): Hardware backing HAL too slow, could only write 0 of 661 frames
12-09 07:39:16.305 W/audio_hw_generic( 1307): Hardware backing HAL too slow, could only write 0 of 661 frames
12-09 07:39:16.313 W/audio_hw_generic( 1307): Hardware backing HAL too slow, could only write 0 of 661 frames
12-09 07:39:16.328 W/audio_hw_generic( 1307): Hardware backing HAL too slow, could only write 0 of 661 frames
12-09 07:39:16.435 D/Mileage.ABS( 4259): Not backing up; 441
12-09 07:39:16.435 D/Mileage.ABS( 4259): Not backing up; 441
12-09 07:39:16.456 E/SurfaceFlinger( 1223): ro.sf.lcd_density must be defined as a build property
12-09 07:39:16.526 W/audio_hw_generic( 1307): Not supplying enough data to HAL, expected position 3067054 , only wrote 3067040
12-09 07:39:16.581 D/gralloc_ranchu( 1223): gralloc_alloc: Creating ashmem region of size 3686400
12-09 07:39:16.599 D/Mileage.ABS( 4259): Not backing up; 605
12-09 07:39:16.600 D/Mileage.ABS( 4259): Not backing up; 605
12-09 07:39:16.630 D/        ( 4321): HostConnection::get() New Host Connection established 0x7f8fb9692480, tid 4321
12-09 07:39:16.653 E/EGL_emulation( 1223): tid 1223: eglCreateSyncKHR(1881): error 0x3004 (EGL_BAD_ATTRIBUTE)
12-09 07:39:16.727 D/Mileage.ABS( 4259): Not backing up; 733
12-09 07:39:16.920 D/VehicleStatisticsAdapter( 4259): Caching of 29 records complete! (3.713 seconds)
12-09 07:39:16.982 D/VehicleStatisticsAdapter( 4259): Caching of 29 records complete! (3.415 seconds)
12-09 07:39:16.993 D/Mileage.ABS( 4259): Not backing up; 999
12-09 07:39:16.994 D/Mileage.ABS( 4259): Not backing up; 999
12-09 07:39:17.009 D/Mileage.ABS( 4259): Finished backup
12-09 07:39:17.036 W/audio_hw_generic( 1307): Hardware backing HAL too slow, could only write 0 of 661 frames
12-09 07:39:17.049 D/Mileage.ABS( 4259): Not backing up; 55
12-09 07:39:17.050 D/Mileage.ABS( 4259): Not backing up; 56
12-09 07:39:17.050 D/Mileage.ABS( 4259): Not backing up; 56
12-09 07:39:17.050 D/Mileage.ABS( 4259): Not backing up; 56
12-09 07:39:17.118 D/Mileage.ABS( 4259): Not backing up; 123
12-09 07:39:17.118 D/Mileage.ABS( 4259): Not backing up; 124
12-09 07:39:17.149 W/audio_hw_generic( 1307): Hardware backing HAL too slow, could only write 0 of 661 frames
12-09 07:39:17.161 W/audio_hw_generic( 1307): Hardware backing HAL too slow, could only write 0 of 661 frames
12-09 07:39:17.177 W/audio_hw_generic( 1307): Hardware backing HAL too slow, could only write 0 of 661 frames
12-09 07:39:17.288 W/audio_hw_generic( 1307): Hardware backing HAL too slow, could only write 0 of 661 frames
12-09 07:39:17.369 W/audio_hw_generic( 1307): Not supplying enough data to HAL, expected position 3104229 , only wrote 3104056
12-09 07:39:17.370 W/audio_hw_generic( 1307): Not supplying enough data to HAL, expected position 3104064 , only wrote 3104056
12-09 07:39:17.411 W/audio_hw_generic( 1307): Not supplying enough data to HAL, expected position 3105895 , only wrote 3104717
12-09 07:39:17.578 W/audio_hw_generic( 1307): Not supplying enough data to HAL, expected position 3112073 , only wrote 3109344
12-09 07:39:17.639 W/audio_hw_generic( 1307): Not supplying enough data to HAL, expected position 3112031 , only wrote 3111988
12-09 07:39:17.657 W/audio_hw_generic( 1307): Hardware backing HAL too slow, could only write 0 of 661 frames
12-09 07:39:17.677 W/audio_hw_generic( 1307): Hardware backing HAL too slow, could only write 0 of 661 frames
12-09 07:39:17.710 I/System.out( 4259): URI: //
12-09 07:39:17.710 I/System.out( 4259): params: {json={"command":"set_activity_orientation","arguments":["landscape"]}
12-09 07:39:17.710 I/System.out( 4259): }
12-09 07:39:17.710 I/System.out( 4259): header: {date=Sun, 09 Dec 2018 07:39:17 GMT, accept=*/*, content-length=64, host=127.0.0.1:34777, user-agent=HTTPClient/1.0 (2.8.3, ruby 2.3.1 (2016-04-26)), content-type=application/json;charset=utf-8}
12-09 07:39:17.710 I/System.out( 4259): params: {json={"command":"set_activity_orientation","arguments":["landscape"]}
12-09 07:39:17.710 I/System.out( 4259): }
12-09 07:39:17.710 I/System.out( 4259): ProP json = {"command":"set_activity_orientation","arguments":["landscape"]}
12-09 07:39:17.711 I/System.out( 4259): files: {}
12-09 07:39:17.711 I/System.out( 4259): command: {"command":"set_activity_orientation","arguments":["landscape"]}
12-09 07:39:17.712 I/InstrumentationBackend( 4259): Got command:'Command:'Line:null,set_activity_orientation', arguments:'[landscape]'
12-09 07:39:17.713 W/audio_hw_generic( 1307): Hardware backing HAL too slow, could only write 0 of 661 frames
12-09 07:39:17.718 W/audio_hw_generic( 1307): Hardware backing HAL too slow, could only write 0 of 661 frames
12-09 07:39:17.762 W/audio_hw_generic( 1307): Hardware backing HAL too slow, could only write 0 of 661 frames
12-09 07:39:17.790 D/gralloc_ranchu( 1223): gralloc_alloc: Creating ashmem region of size 3686400
12-09 07:39:17.865 W/audio_hw_generic( 1307): Not supplying enough data to HAL, expected position 3121965 , only wrote 3121903
12-09 07:39:17.865 W/audio_hw_generic( 1307): Not supplying enough data to HAL, expected position 3121910 , only wrote 3121903
12-09 07:39:17.882 W/audio_hw_generic( 1307): Not supplying enough data to HAL, expected position 3122629 , only wrote 3122564
12-09 07:39:17.882 W/audio_hw_generic( 1307): Hardware backing HAL too slow, could only write 0 of 661 frames
12-09 07:39:17.889 E/EGL_emulation( 1223): tid 1223: eglCreateSyncKHR(1881): error 0x3004 (EGL_BAD_ATTRIBUTE)
12-09 07:39:17.913 W/audio_hw_generic( 1307): Hardware backing HAL too slow, could only write 0 of 661 frames
12-09 07:39:17.927 W/audio_hw_generic( 1307): Hardware backing HAL too slow, could only write 0 of 661 frames
12-09 07:39:17.949 W/audio_hw_generic( 1307): Hardware backing HAL too slow, could only write 0 of 661 frames
12-09 07:39:18.006 I/ActivityManager( 1591): Config changes=480 {1.0 310mcc260mnc en_US ldltr sw720dp w1280dp h696dp 160dpi xlrg long land finger -keyb/v/h tball/v s.8}
12-09 07:39:18.162 W/audio_hw_generic( 1307): Not supplying enough data to HAL, expected position 3134907 , only wrote 3130496
12-09 07:39:18.162 W/audio_hw_generic( 1307): Not supplying enough data to HAL, expected position 3130503 , only wrote 3130496
12-09 07:39:18.181 W/audio_hw_generic( 1307): Not supplying enough data to HAL, expected position 3131328 , only wrote 3131157
12-09 07:39:18.226 W/audio_hw_generic( 1307): Hardware backing HAL too slow, could only write 0 of 661 frames
12-09 07:39:18.337 W/art     ( 1591): Long monitor contention event with owner method=void com.android.server.wm.WindowManagerService.setNewConfiguration(android.content.res.Configuration) from WindowManagerService.java:4043 waiters=0 for 330ms
12-09 07:39:18.364 I/calabash( 4259): newActivity1
12-09 07:39:18.378 W/art     ( 1591): Long monitor contention event with owner method=void com.android.server.am.ActivityManagerService.setRequestedOrientation(android.os.IBinder, int) from ActivityManagerService.java:4192 waiters=0 for 438ms
12-09 07:39:18.379 W/art     ( 1591): Long monitor contention event with owner method=void com.android.server.am.ActivityManagerService.setRequestedOrientation(android.os.IBinder, int) from ActivityManagerService.java:4192 waiters=1 for 362ms
12-09 07:39:18.380 I/InputReader( 1591): Reconfiguring input devices.  changes=0x00000004
12-09 07:39:18.381 I/InputReader( 1591): Device reconfigured: id=0, name='qwerty2', size 720x1280, orientation 1, mode 1, display id 0
12-09 07:39:18.422 W/audio_hw_generic( 1307): Not supplying enough data to HAL, expected position 3141778 , only wrote 3141733
12-09 07:39:18.422 W/audio_hw_generic( 1307): Not supplying enough data to HAL, expected position 3141740 , only wrote 3141733
12-09 07:39:18.444 W/audio_hw_generic( 1307): Not supplying enough data to HAL, expected position 3142687 , only wrote 3142394
12-09 07:39:18.571 I/calabash( 4259): newActivity1
12-09 07:39:18.572 W/ActivityManager( 1591): Bad activity token: android.os.BinderProxy@a6a2e8
12-09 07:39:18.572 W/ActivityManager( 1591): java.lang.ClassCastException: android.os.BinderProxy cannot be cast to com.android.server.am.ActivityRecord$Token
12-09 07:39:18.572 W/ActivityManager( 1591): 	at com.android.server.am.ActivityRecord.forTokenLocked(ActivityRecord.java:424)
12-09 07:39:18.572 W/ActivityManager( 1591): 	at com.android.server.am.ActivityRecord.isInStackLocked(ActivityRecord.java:1121)
12-09 07:39:18.572 W/ActivityManager( 1591): 	at com.android.server.am.ActivityRecord.getStackLocked(ActivityRecord.java:1126)
12-09 07:39:18.572 W/ActivityManager( 1591): 	at com.android.server.am.ActivityManagerService.getActivityDisplayId(ActivityManagerService.java:8889)
12-09 07:39:18.572 W/ActivityManager( 1591): 	at android.app.ActivityManagerNative.onTransact(ActivityManagerNative.java:2338)
12-09 07:39:18.572 W/ActivityManager( 1591): 	at com.android.server.am.ActivityManagerService.onTransact(ActivityManagerService.java:2443)
12-09 07:39:18.572 W/ActivityManager( 1591): 	at android.os.Binder.execTransact(Binder.java:453)
12-09 07:39:18.586 W/ActivityManager( 1591): Bad activity token: android.os.BinderProxy@a6a2e8
12-09 07:39:18.586 W/ActivityManager( 1591): java.lang.ClassCastException: android.os.BinderProxy cannot be cast to com.android.server.am.ActivityRecord$Token
12-09 07:39:18.586 W/ActivityManager( 1591): 	at com.android.server.am.ActivityRecord.forTokenLocked(ActivityRecord.java:424)
12-09 07:39:18.586 W/ActivityManager( 1591): 	at com.android.server.am.ActivityRecord.isInStackLocked(ActivityRecord.java:1121)
12-09 07:39:18.586 W/ActivityManager( 1591): 	at com.android.server.am.ActivityManagerService.setTaskDescription(ActivityManagerService.java:8547)
12-09 07:39:18.586 W/ActivityManager( 1591): 	at android.app.ActivityManagerNative.onTransact(ActivityManagerNative.java:2410)
12-09 07:39:18.586 W/ActivityManager( 1591): 	at com.android.server.am.ActivityManagerService.onTransact(ActivityManagerService.java:2443)
12-09 07:39:18.586 W/ActivityManager( 1591): 	at android.os.Binder.execTransact(Binder.java:453)
12-09 07:39:18.613 I/System.out( 4259): result:{"bonusInformation":[],"message":"","success":true}
12-09 07:39:18.660 W/ActivityManager( 1591): Bad activity token: android.os.BinderProxy@a6a2e8
12-09 07:39:18.660 W/ActivityManager( 1591): java.lang.ClassCastException: android.os.BinderProxy cannot be cast to com.android.server.am.ActivityRecord$Token
12-09 07:39:18.660 W/ActivityManager( 1591): 	at com.android.server.am.ActivityRecord.forTokenLocked(ActivityRecord.java:424)
12-09 07:39:18.660 W/ActivityManager( 1591): 	at com.android.server.am.ActivityRecord.isInStackLocked(ActivityRecord.java:1121)
12-09 07:39:18.660 W/ActivityManager( 1591): 	at com.android.server.am.ActivityManagerService.getActivityOptions(ActivityManagerService.java:11038)
12-09 07:39:18.660 W/ActivityManager( 1591): 	at android.app.ActivityManagerNative.onTransact(ActivityManagerNative.java:1734)
12-09 07:39:18.660 W/ActivityManager( 1591): 	at com.android.server.am.ActivityManagerService.onTransact(ActivityManagerService.java:2443)
12-09 07:39:18.660 W/ActivityManager( 1591): 	at android.os.Binder.execTransact(Binder.java:453)
12-09 07:39:18.667 W/ActivityManager( 1591): Bad activity token: android.os.BinderProxy@a6a2e8
12-09 07:39:18.667 W/ActivityManager( 1591): java.lang.ClassCastException: android.os.BinderProxy cannot be cast to com.android.server.am.ActivityRecord$Token
12-09 07:39:18.667 W/ActivityManager( 1591): 	at com.android.server.am.ActivityRecord.forTokenLocked(ActivityRecord.java:424)
12-09 07:39:18.667 W/ActivityManager( 1591): 	at com.android.server.am.ActivityRecord.isInStackLocked(ActivityRecord.java:1121)
12-09 07:39:18.667 W/ActivityManager( 1591): 	at com.android.server.am.ActivityManagerService.getActivityOptions(ActivityManagerService.java:11038)
12-09 07:39:18.667 W/ActivityManager( 1591): 	at android.app.ActivityManagerNative.onTransact(ActivityManagerNative.java:1734)
12-09 07:39:18.667 W/ActivityManager( 1591): 	at com.android.server.am.ActivityManagerService.onTransact(ActivityManagerService.java:2443)
12-09 07:39:18.667 W/ActivityManager( 1591): 	at android.os.Binder.execTransact(Binder.java:453)
12-09 07:39:18.678 W/PhoneWindow( 4259): Previously focused view reported id 2131296279 during save, but can't be found during restore.
12-09 07:39:18.705 D/EGL_emulation( 1720): eglMakeCurrent: 0x7ff618109420: ver 2 0 (tinfo 0x7ff60daf61c0)
12-09 07:39:18.711 I/Choreographer( 4259): Skipped 39 frames!  The application may be doing too much work on its main thread.
12-09 07:39:18.721 E/Surface ( 1720): getSlotFromBufferLocked: unknown buffer: 0x7ff60b897960
12-09 07:39:18.722 D/EGL_emulation( 1720): eglMakeCurrent: 0x7ff618109420: ver 2 0 (tinfo 0x7ff60daf61c0)
12-09 07:39:18.771 D/gralloc_ranchu( 1223): gralloc_alloc: Creating ashmem region of size 3686400
12-09 07:39:18.899 I/WindowManager( 1591): Screen frozen for +1s171ms due to Window{d0477a6 u0 com.evancharlton.mileage/com.evancharlton.mileage.Mileage}
12-09 07:39:18.929 D/gralloc_ranchu( 1223): gralloc_alloc: Creating ashmem region of size 3686400
12-09 07:39:20.219 D/gralloc_ranchu( 1223): gralloc_alloc: Creating ashmem region of size 3686400
12-09 07:39:20.682 I/System.out( 4259): URI: //gesture
12-09 07:39:20.682 I/System.out( 4259): params: {json={"query_timeout":5.0,"gestures":[{"query_string":"android.widget.TabWidget descendant TextView index:1","touches":[{"x":50,"y":50,"offset_x":0,"offset_y":0,"wait":0.0,"time":0.2,"release":true,"query_string":null}]}]}
12-09 07:39:20.682 I/System.out( 4259): }
12-09 07:39:21.013 I/calabash( 4259): newActivity1
12-09 07:39:21.014 W/ActivityManager( 1591): Bad activity token: android.os.BinderProxy@338d57e
12-09 07:39:21.014 W/ActivityManager( 1591): java.lang.ClassCastException: android.os.BinderProxy cannot be cast to com.android.server.am.ActivityRecord$Token
12-09 07:39:21.014 W/ActivityManager( 1591): 	at com.android.server.am.ActivityRecord.forTokenLocked(ActivityRecord.java:424)
12-09 07:39:21.014 W/ActivityManager( 1591): 	at com.android.server.am.ActivityRecord.isInStackLocked(ActivityRecord.java:1121)
12-09 07:39:21.014 W/ActivityManager( 1591): 	at com.android.server.am.ActivityRecord.getStackLocked(ActivityRecord.java:1126)
12-09 07:39:21.014 W/ActivityManager( 1591): 	at com.android.server.am.ActivityManagerService.getActivityDisplayId(ActivityManagerService.java:8889)
12-09 07:39:21.014 W/ActivityManager( 1591): 	at android.app.ActivityManagerNative.onTransact(ActivityManagerNative.java:2338)
12-09 07:39:21.014 W/ActivityManager( 1591): 	at com.android.server.am.ActivityManagerService.onTransact(ActivityManagerService.java:2443)
12-09 07:39:21.014 W/ActivityManager( 1591): 	at android.os.Binder.execTransact(Binder.java:453)
12-09 07:39:21.019 W/ActivityManager( 1591): Bad activity token: android.os.BinderProxy@338d57e
12-09 07:39:21.019 W/ActivityManager( 1591): java.lang.ClassCastException: android.os.BinderProxy cannot be cast to com.android.server.am.ActivityRecord$Token
12-09 07:39:21.019 W/ActivityManager( 1591): 	at com.android.server.am.ActivityRecord.forTokenLocked(ActivityRecord.java:424)
12-09 07:39:21.019 W/ActivityManager( 1591): 	at com.android.server.am.ActivityRecord.isInStackLocked(ActivityRecord.java:1121)
12-09 07:39:21.019 W/ActivityManager( 1591): 	at com.android.server.am.ActivityManagerService.setTaskDescription(ActivityManagerService.java:8547)
12-09 07:39:21.019 W/ActivityManager( 1591): 	at android.app.ActivityManagerNative.onTransact(ActivityManagerNative.java:2410)
12-09 07:39:21.019 W/ActivityManager( 1591): 	at com.android.server.am.ActivityManagerService.onTransact(ActivityManagerService.java:2443)
12-09 07:39:21.019 W/ActivityManager( 1591): 	at android.os.Binder.execTransact(Binder.java:453)
12-09 07:39:21.068 D/AudioFlinger( 1307): mixer(0xf4340000) throttle end: throttle time(44)
12-09 07:39:21.111 W/audio_hw_generic( 1307): Hardware backing HAL too slow, could only write 0 of 661 frames
12-09 07:39:21.158 W/ActivityManager( 1591): Bad activity token: android.os.BinderProxy@338d57e
12-09 07:39:21.158 W/ActivityManager( 1591): java.lang.ClassCastException: android.os.BinderProxy cannot be cast to com.android.server.am.ActivityRecord$Token
12-09 07:39:21.158 W/ActivityManager( 1591): 	at com.android.server.am.ActivityRecord.forTokenLocked(ActivityRecord.java:424)
12-09 07:39:21.158 W/ActivityManager( 1591): 	at com.android.server.am.ActivityRecord.isInStackLocked(ActivityRecord.java:1121)
12-09 07:39:21.158 W/ActivityManager( 1591): 	at com.android.server.am.ActivityManagerService.getActivityOptions(ActivityManagerService.java:11038)
12-09 07:39:21.158 W/ActivityManager( 1591): 	at android.app.ActivityManagerNative.onTransact(ActivityManagerNative.java:1734)
12-09 07:39:21.158 W/ActivityManager( 1591): 	at com.android.server.am.ActivityManagerService.onTransact(ActivityManagerService.java:2443)
12-09 07:39:21.158 W/ActivityManager( 1591): 	at android.os.Binder.execTransact(Binder.java:453)
12-09 07:39:21.188 W/ActivityManager( 1591): Bad activity token: android.os.BinderProxy@338d57e
12-09 07:39:21.188 W/ActivityManager( 1591): java.lang.ClassCastException: android.os.BinderProxy cannot be cast to com.android.server.am.ActivityRecord$Token
12-09 07:39:21.188 W/ActivityManager( 1591): 	at com.android.server.am.ActivityRecord.forTokenLocked(ActivityRecord.java:424)
12-09 07:39:21.188 W/ActivityManager( 1591): 	at com.android.server.am.ActivityRecord.isInStackLocked(ActivityRecord.java:1121)
12-09 07:39:21.188 W/ActivityManager( 1591): 	at com.android.server.am.ActivityManagerService.getActivityOptions(ActivityManagerService.java:11038)
12-09 07:39:21.188 W/ActivityManager( 1591): 	at android.app.ActivityManagerNative.onTransact(ActivityManagerNative.java:1734)
12-09 07:39:21.188 W/ActivityManager( 1591): 	at com.android.server.am.ActivityManagerService.onTransact(ActivityManagerService.java:2443)
12-09 07:39:21.188 W/ActivityManager( 1591): 	at android.os.Binder.execTransact(Binder.java:453)
12-09 07:39:21.190 I/art     ( 4259): Background sticky concurrent mark sweep GC freed 31735(1516KB) AllocSpace objects, 0(0B) LOS objects, 33% free, 3MB/4MB, paused 9.905ms total 39.452ms
12-09 07:39:21.286 I/art     ( 1591): Starting a blocking GC Explicit
12-09 07:39:21.320 D/Mileage ( 4259): Not enough fillups to calculate economy
12-09 07:39:21.523 I/art     ( 1591): Explicit concurrent mark sweep GC freed 9301(857KB) AllocSpace objects, 3(60KB) LOS objects, 30% free, 9MB/13MB, paused 29.533ms total 236.402ms
12-09 07:39:21.641 W/audio_hw_generic( 1307): Not supplying enough data to HAL, expected position 3167791 , only wrote 3167512
12-09 07:39:21.641 W/audio_hw_generic( 1307): Not supplying enough data to HAL, expected position 3167519 , only wrote 3167512
12-09 07:39:21.668 W/audio_hw_generic( 1307): Not supplying enough data to HAL, expected position 3168669 , only wrote 3168173
12-09 07:39:21.683 W/audio_hw_generic( 1307): Not supplying enough data to HAL, expected position 3168837 , only wrote 3168834
12-09 07:39:21.821 E/SurfaceFlinger( 1223): ro.sf.lcd_density must be defined as a build property
12-09 07:39:21.879 D/gralloc_ranchu( 1223): gralloc_alloc: Creating ashmem region of size 3686400
12-09 07:39:21.893 D/        ( 4332): HostConnection::get() New Host Connection established 0x7fe43ad52480, tid 4332
12-09 07:39:21.945 E/EGL_emulation( 1223): tid 1223: eglCreateSyncKHR(1881): error 0x3004 (EGL_BAD_ATTRIBUTE)
12-09 07:39:22.481 W/audio_hw_generic( 1307): Not supplying enough data to HAL, expected position 3204048 , only wrote 3203867
12-09 07:39:22.481 W/audio_hw_generic( 1307): Not supplying enough data to HAL, expected position 3203874 , only wrote 3203867
12-09 07:39:22.501 W/audio_hw_generic( 1307): Not supplying enough data to HAL, expected position 3204743 , only wrote 3204528
12-09 07:39:22.674 W/audio_hw_generic( 1307): Not supplying enough data to HAL, expected position 3212146 , only wrote 3211799
12-09 07:39:22.674 W/audio_hw_generic( 1307): Not supplying enough data to HAL, expected position 3211806 , only wrote 3211799
12-09 07:39:22.691 W/audio_hw_generic( 1307): Not supplying enough data to HAL, expected position 3212551 , only wrote 3212460
12-09 07:39:22.723 W/audio_hw_generic( 1307): Not supplying enough data to HAL, expected position 3213876 , only wrote 3213782
12-09 07:39:22.724 W/audio_hw_generic( 1307): Hardware backing HAL too slow, could only write 0 of 661 frames
12-09 07:39:22.810 W/audio_hw_generic( 1307): Not supplying enough data to HAL, expected position 3217584 , only wrote 3217087
12-09 07:39:22.810 W/audio_hw_generic( 1307): Not supplying enough data to HAL, expected position 3217095 , only wrote 3217087
12-09 07:39:22.850 W/audio_hw_generic( 1307): Not supplying enough data to HAL, expected position 3218843 , only wrote 3217748
12-09 07:39:22.850 W/audio_hw_generic( 1307): Hardware backing HAL too slow, could only write 0 of 661 frames
12-09 07:39:22.972 W/audio_hw_generic( 1307): Not supplying enough data to HAL, expected position 3223130 , only wrote 3223036
12-09 07:39:22.972 W/audio_hw_generic( 1307): Not supplying enough data to HAL, expected position 3223043 , only wrote 3223036
12-09 07:39:22.996 I/System.out( 4259): URI: //gesture
12-09 07:39:22.996 I/System.out( 4259): params: {json={"query_timeout":5.0,"gestures":[{"query_string":"android.widget.TabWidget descendant TextView index:3","touches":[{"x":50,"y":50,"offset_x":0,"offset_y":0,"wait":0.0,"time":0.2,"release":true,"query_string":null}]}]}
12-09 07:39:22.996 I/System.out( 4259): }
12-09 07:39:23.181 W/audio_hw_generic( 1307): Hardware backing HAL too slow, could only write 0 of 661 frames
12-09 07:39:23.197 W/audio_hw_generic( 1307): Not supplying enough data to HAL, expected position 3232967 , only wrote 3232951
12-09 07:39:23.197 W/audio_hw_generic( 1307): Hardware backing HAL too slow, could only write 0 of 661 frames
12-09 07:39:23.197 W/audio_hw_generic( 1307): Hardware backing HAL too slow, could only write 0 of 661 frames
12-09 07:39:23.229 W/audio_hw_generic( 1307): Hardware backing HAL too slow, could only write 0 of 661 frames
12-09 07:39:23.244 W/audio_hw_generic( 1307): Hardware backing HAL too slow, could only write 0 of 661 frames
12-09 07:39:23.297 W/audio_hw_generic( 1307): Not supplying enough data to HAL, expected position 3237379 , only wrote 3236917
12-09 07:39:23.298 W/audio_hw_generic( 1307): Not supplying enough data to HAL, expected position 3236924 , only wrote 3236917
12-09 07:39:23.333 W/audio_hw_generic( 1307): Not supplying enough data to HAL, expected position 3238472 , only wrote 3237578
12-09 07:39:23.338 I/calabash( 4259): newActivity1
12-09 07:39:23.339 W/ActivityManager( 1591): Bad activity token: android.os.BinderProxy@c7ee5fb
12-09 07:39:23.339 W/ActivityManager( 1591): java.lang.ClassCastException: android.os.BinderProxy cannot be cast to com.android.server.am.ActivityRecord$Token
12-09 07:39:23.339 W/ActivityManager( 1591): 	at com.android.server.am.ActivityRecord.forTokenLocked(ActivityRecord.java:424)
12-09 07:39:23.339 W/ActivityManager( 1591): 	at com.android.server.am.ActivityRecord.isInStackLocked(ActivityRecord.java:1121)
12-09 07:39:23.339 W/ActivityManager( 1591): 	at com.android.server.am.ActivityRecord.getStackLocked(ActivityRecord.java:1126)
12-09 07:39:23.339 W/ActivityManager( 1591): 	at com.android.server.am.ActivityManagerService.getActivityDisplayId(ActivityManagerService.java:8889)
12-09 07:39:23.339 W/ActivityManager( 1591): 	at android.app.ActivityManagerNative.onTransact(ActivityManagerNative.java:2338)
12-09 07:39:23.339 W/ActivityManager( 1591): 	at com.android.server.am.ActivityManagerService.onTransact(ActivityManagerService.java:2443)
12-09 07:39:23.339 W/ActivityManager( 1591): 	at android.os.Binder.execTransact(Binder.java:453)
12-09 07:39:23.339 W/ActivityManager( 1591): Bad activity token: android.os.BinderProxy@c7ee5fb
12-09 07:39:23.339 W/ActivityManager( 1591): java.lang.ClassCastException: android.os.BinderProxy cannot be cast to com.android.server.am.ActivityRecord$Token
12-09 07:39:23.339 W/ActivityManager( 1591): 	at com.android.server.am.ActivityRecord.forTokenLocked(ActivityRecord.java:424)
12-09 07:39:23.339 W/ActivityManager( 1591): 	at com.android.server.am.ActivityRecord.isInStackLocked(ActivityRecord.java:1121)
12-09 07:39:23.339 W/ActivityManager( 1591): 	at com.android.server.am.ActivityManagerService.setTaskDescription(ActivityManagerService.java:8547)
12-09 07:39:23.339 W/ActivityManager( 1591): 	at android.app.ActivityManagerNative.onTransact(ActivityManagerNative.java:2410)
12-09 07:39:23.339 W/ActivityManager( 1591): 	at com.android.server.am.ActivityManagerService.onTransact(ActivityManagerService.java:2443)
12-09 07:39:23.339 W/ActivityManager( 1591): 	at android.os.Binder.execTransact(Binder.java:453)
12-09 07:39:23.356 W/ActivityManager( 1591): Bad activity token: android.os.BinderProxy@c7ee5fb
12-09 07:39:23.356 W/ActivityManager( 1591): java.lang.ClassCastException: android.os.BinderProxy cannot be cast to com.android.server.am.ActivityRecord$Token
12-09 07:39:23.356 W/ActivityManager( 1591): 	at com.android.server.am.ActivityRecord.forTokenLocked(ActivityRecord.java:424)
12-09 07:39:23.356 W/ActivityManager( 1591): 	at com.android.server.am.ActivityRecord.isInStackLocked(ActivityRecord.java:1121)
12-09 07:39:23.356 W/ActivityManager( 1591): 	at com.android.server.am.ActivityManagerService.getActivityOptions(ActivityManagerService.java:11038)
12-09 07:39:23.356 W/ActivityManager( 1591): 	at android.app.ActivityManagerNative.onTransact(ActivityManagerNative.java:1734)
12-09 07:39:23.356 W/ActivityManager( 1591): 	at com.android.server.am.ActivityManagerService.onTransact(ActivityManagerService.java:2443)
12-09 07:39:23.356 W/ActivityManager( 1591): 	at android.os.Binder.execTransact(Binder.java:453)
12-09 07:39:23.394 W/ActivityManager( 1591): Bad activity token: android.os.BinderProxy@c7ee5fb
12-09 07:39:23.394 W/ActivityManager( 1591): java.lang.ClassCastException: android.os.BinderProxy cannot be cast to com.android.server.am.ActivityRecord$Token
12-09 07:39:23.394 W/ActivityManager( 1591): 	at com.android.server.am.ActivityRecord.forTokenLocked(ActivityRecord.java:424)
12-09 07:39:23.394 W/ActivityManager( 1591): 	at com.android.server.am.ActivityRecord.isInStackLocked(ActivityRecord.java:1121)
12-09 07:39:23.394 W/ActivityManager( 1591): 	at com.android.server.am.ActivityManagerService.getActivityOptions(ActivityManagerService.java:11038)
12-09 07:39:23.394 W/ActivityManager( 1591): 	at android.app.ActivityManagerNative.onTransact(ActivityManagerNative.java:1734)
12-09 07:39:23.394 W/ActivityManager( 1591): 	at com.android.server.am.ActivityManagerService.onTransact(ActivityManagerService.java:2443)
12-09 07:39:23.394 W/ActivityManager( 1591): 	at android.os.Binder.execTransact(Binder.java:453)
12-09 07:39:23.400 W/audio_hw_generic( 1307): Not supplying enough data to HAL, expected position 3240517 , only wrote 3240222
12-09 07:39:23.415 W/audio_hw_generic( 1307): Not supplying enough data to HAL, expected position 3240911 , only wrote 3240883
12-09 07:39:23.518 W/audio_hw_generic( 1307): Not supplying enough data to HAL, expected position 3245401 , only wrote 3244849
12-09 07:39:23.518 W/audio_hw_generic( 1307): Not supplying enough data to HAL, expected position 3244857 , only wrote 3244849
12-09 07:39:23.533 W/audio_hw_generic( 1307): Not supplying enough data to HAL, expected position 3245530 , only wrote 3245510
12-09 07:39:23.547 I/art     ( 4259): Background sticky concurrent mark sweep GC freed 42133(1793KB) AllocSpace objects, 1(20KB) LOS objects, 22% free, 3MB/4MB, paused 2.539ms total 145.670ms
12-09 07:39:23.554 W/CursorWrapperInner( 4259): Cursor finalized without prior close()
12-09 07:39:23.661 W/audio_hw_generic( 1307): Not supplying enough data to HAL, expected position 3251138 , only wrote 3250798
12-09 07:39:23.665 W/audio_hw_generic( 1307): Not supplying enough data to HAL, expected position 3250975 , only wrote 3250798
12-09 07:39:23.706 W/audio_hw_generic( 1307): Not supplying enough data to HAL, expected position 3252595 , only wrote 3252120
12-09 07:39:23.726 W/audio_hw_generic( 1307): Hardware backing HAL too slow, could only write 0 of 661 frames
12-09 07:39:23.768 W/audio_hw_generic( 1307): Hardware backing HAL too slow, could only write 0 of 661 frames
12-09 07:39:23.768 W/audio_hw_generic( 1307): Not supplying enough data to HAL, expected position 3254868 , only wrote 3254764
12-09 07:39:23.768 W/audio_hw_generic( 1307): Not supplying enough data to HAL, expected position 3254770 , only wrote 3254764
12-09 07:39:23.768 W/audio_hw_generic( 1307): Hardware backing HAL too slow, could only write 0 of 661 frames
12-09 07:39:23.789 W/audio_hw_generic( 1307): Not supplying enough data to HAL, expected position 3255684 , only wrote 3255425
12-09 07:39:23.789 W/audio_hw_generic( 1307): Hardware backing HAL too slow, could only write 0 of 661 frames
12-09 07:39:23.804 W/audio_hw_generic( 1307): Hardware backing HAL too slow, could only write 0 of 661 frames
12-09 07:39:23.841 W/audio_hw_generic( 1307): Hardware backing HAL too slow, could only write 0 of 661 frames
12-09 07:39:23.841 W/audio_hw_generic( 1307): Hardware backing HAL too slow, could only write 0 of 661 frames
12-09 07:39:23.988 W/audio_hw_generic( 1307): Not supplying enough data to HAL, expected position 3264214 , only wrote 3264018
12-09 07:39:24.029 W/audio_hw_generic( 1307): Not supplying enough data to HAL, expected position 3265824 , only wrote 3265340
12-09 07:39:24.050 W/audio_hw_generic( 1307): Hardware backing HAL too slow, could only write 0 of 661 frames
12-09 07:39:24.065 W/audio_hw_generic( 1307): Hardware backing HAL too slow, could only write 0 of 661 frames
12-09 07:39:24.157 E/SurfaceFlinger( 1223): ro.sf.lcd_density must be defined as a build property
12-09 07:39:24.158 W/audio_hw_generic( 1307): Not supplying enough data to HAL, expected position 3271015 , only wrote 3269967
12-09 07:39:24.158 W/audio_hw_generic( 1307): Not supplying enough data to HAL, expected position 3269974 , only wrote 3269967
12-09 07:39:24.184 W/audio_hw_generic( 1307): Not supplying enough data to HAL, expected position 3271095 , only wrote 3270628
12-09 07:39:24.194 D/gralloc_ranchu( 1223): gralloc_alloc: Creating ashmem region of size 3686400
12-09 07:39:24.238 W/audio_hw_generic( 1307): Not supplying enough data to HAL, expected position 3273010 , only wrote 3271950
12-09 07:39:24.286 D/        ( 4337): HostConnection::get() New Host Connection established 0x7fa4fff92480, tid 4337
12-09 07:39:24.306 E/EGL_emulation( 1223): tid 1223: eglCreateSyncKHR(1881): error 0x3004 (EGL_BAD_ATTRIBUTE)
12-09 07:39:24.445 W/audio_hw_generic( 1307): Not supplying enough data to HAL, expected position 3281104 , only wrote 3280543
12-09 07:39:24.446 W/audio_hw_generic( 1307): Not supplying enough data to HAL, expected position 3280552 , only wrote 3280543
12-09 07:39:24.465 W/audio_hw_generic( 1307): Not supplying enough data to HAL, expected position 3281396 , only wrote 3281204
12-09 07:39:24.885 W/audio_hw_generic( 1307): Hardware backing HAL too slow, could only write 0 of 661 frames
12-09 07:39:24.905 W/audio_hw_generic( 1307): Hardware backing HAL too slow, could only write 0 of 661 frames
12-09 07:39:25.082 W/audio_hw_generic( 1307): Not supplying enough data to HAL, expected position 3308429 , only wrote 3308305
12-09 07:39:25.102 W/audio_hw_generic( 1307): Not supplying enough data to HAL, expected position 3309158 , only wrote 3308966
12-09 07:39:25.142 W/audio_hw_generic( 1307): Not supplying enough data to HAL, expected position 3310765 , only wrote 3310288
12-09 07:39:25.173 W/audio_hw_generic( 1307): Hardware backing HAL too slow, could only write 0 of 661 frames
12-09 07:39:25.270 W/audio_hw_generic( 1307): Not supplying enough data to HAL, expected position 3315902 , only wrote 3314915
12-09 07:39:25.270 W/audio_hw_generic( 1307): Not supplying enough data to HAL, expected position 3314922 , only wrote 3314915
12-09 07:39:25.325 I/System.out( 4259): URI: //gesture
12-09 07:39:25.325 I/System.out( 4259): params: {json={"query_timeout":5.0,"gestures":[{"query_string":"android.widget.TabWidget descendant TextView index:2","touches":[{"x":50,"y":50,"offset_x":0,"offset_y":0,"wait":0.0,"time":0.2,"release":true,"query_string":null}]}]}
12-09 07:39:25.325 I/System.out( 4259): }
12-09 07:39:25.613 W/audio_hw_generic( 1307): Hardware backing HAL too slow, could only write 0 of 661 frames
12-09 07:39:25.633 W/audio_hw_generic( 1307): Hardware backing HAL too slow, could only write 0 of 661 frames
12-09 07:39:25.643 W/audio_hw_generic( 1307): Hardware backing HAL too slow, could only write 0 of 661 frames
12-09 07:39:25.685 W/audio_hw_generic( 1307): Not supplying enough data to HAL, expected position 3333236 , only wrote 3332762
12-09 07:39:25.686 W/audio_hw_generic( 1307): Not supplying enough data to HAL, expected position 3332770 , only wrote 3332762
12-09 07:39:25.709 W/audio_hw_generic( 1307): Not supplying enough data to HAL, expected position 3333815 , only wrote 3333423
12-09 07:39:25.711 I/calabash( 4259): newActivity1
12-09 07:39:25.718 W/ActivityManager( 1591): Bad activity token: android.os.BinderProxy@73c9618
12-09 07:39:25.718 W/ActivityManager( 1591): java.lang.ClassCastException: android.os.BinderProxy cannot be cast to com.android.server.am.ActivityRecord$Token
12-09 07:39:25.718 W/ActivityManager( 1591): 	at com.android.server.am.ActivityRecord.forTokenLocked(ActivityRecord.java:424)
12-09 07:39:25.718 W/ActivityManager( 1591): 	at com.android.server.am.ActivityRecord.isInStackLocked(ActivityRecord.java:1121)
12-09 07:39:25.718 W/ActivityManager( 1591): 	at com.android.server.am.ActivityRecord.getStackLocked(ActivityRecord.java:1126)
12-09 07:39:25.718 W/ActivityManager( 1591): 	at com.android.server.am.ActivityManagerService.getActivityDisplayId(ActivityManagerService.java:8889)
12-09 07:39:25.718 W/ActivityManager( 1591): 	at android.app.ActivityManagerNative.onTransact(ActivityManagerNative.java:2338)
12-09 07:39:25.718 W/ActivityManager( 1591): 	at com.android.server.am.ActivityManagerService.onTransact(ActivityManagerService.java:2443)
12-09 07:39:25.718 W/ActivityManager( 1591): 	at android.os.Binder.execTransact(Binder.java:453)
12-09 07:39:25.720 W/ActivityManager( 1591): Bad activity token: android.os.BinderProxy@73c9618
12-09 07:39:25.720 W/ActivityManager( 1591): java.lang.ClassCastException: android.os.BinderProxy cannot be cast to com.android.server.am.ActivityRecord$Token
12-09 07:39:25.720 W/ActivityManager( 1591): 	at com.android.server.am.ActivityRecord.forTokenLocked(ActivityRecord.java:424)
12-09 07:39:25.720 W/ActivityManager( 1591): 	at com.android.server.am.ActivityRecord.isInStackLocked(ActivityRecord.java:1121)
12-09 07:39:25.720 W/ActivityManager( 1591): 	at com.android.server.am.ActivityManagerService.setTaskDescription(ActivityManagerService.java:8547)
12-09 07:39:25.720 W/ActivityManager( 1591): 	at android.app.ActivityManagerNative.onTransact(ActivityManagerNative.java:2410)
12-09 07:39:25.720 W/ActivityManager( 1591): 	at com.android.server.am.ActivityManagerService.onTransact(ActivityManagerService.java:2443)
12-09 07:39:25.720 W/ActivityManager( 1591): 	at android.os.Binder.execTransact(Binder.java:453)
12-09 07:39:25.738 W/art     ( 4259): Suspending all threads took: 5.393ms
12-09 07:39:25.788 W/audio_hw_generic( 1307): Not supplying enough data to HAL, expected position 3336871 , only wrote 3336067
12-09 07:39:25.808 W/audio_hw_generic( 1307): Not supplying enough data to HAL, expected position 3336960 , only wrote 3336728
12-09 07:39:25.819 I/art     ( 4259): Background sticky concurrent mark sweep GC freed 30539(1368KB) AllocSpace objects, 2(40KB) LOS objects, 25% free, 3MB/4MB, paused 6.619ms total 173.517ms
12-09 07:39:25.825 D/VehicleStatisticsActivity( 4259): Checking recalculation ...
12-09 07:39:25.826 D/VehicleStatisticsActivity( 4259): Recalculation not necessary.
12-09 07:39:25.827 W/ActivityManager( 1591): Bad activity token: android.os.BinderProxy@73c9618
12-09 07:39:25.827 W/ActivityManager( 1591): java.lang.ClassCastException: android.os.BinderProxy cannot be cast to com.android.server.am.ActivityRecord$Token
12-09 07:39:25.827 W/ActivityManager( 1591): 	at com.android.server.am.ActivityRecord.forTokenLocked(ActivityRecord.java:424)
12-09 07:39:25.827 W/ActivityManager( 1591): 	at com.android.server.am.ActivityRecord.isInStackLocked(ActivityRecord.java:1121)
12-09 07:39:25.827 W/ActivityManager( 1591): 	at com.android.server.am.ActivityManagerService.getActivityOptions(ActivityManagerService.java:11038)
12-09 07:39:25.827 W/ActivityManager( 1591): 	at android.app.ActivityManagerNative.onTransact(ActivityManagerNative.java:1734)
12-09 07:39:25.827 W/ActivityManager( 1591): 	at com.android.server.am.ActivityManagerService.onTransact(ActivityManagerService.java:2443)
12-09 07:39:25.827 W/ActivityManager( 1591): 	at android.os.Binder.execTransact(Binder.java:453)
12-09 07:39:25.827 W/ActivityManager( 1591): Bad activity token: android.os.BinderProxy@73c9618
12-09 07:39:25.827 W/ActivityManager( 1591): java.lang.ClassCastException: android.os.BinderProxy cannot be cast to com.android.server.am.ActivityRecord$Token
12-09 07:39:25.827 W/ActivityManager( 1591): 	at com.android.server.am.ActivityRecord.forTokenLocked(ActivityRecord.java:424)
12-09 07:39:25.827 W/ActivityManager( 1591): 	at com.android.server.am.ActivityRecord.isInStackLocked(ActivityRecord.java:1121)
12-09 07:39:25.827 W/ActivityManager( 1591): 	at com.android.server.am.ActivityManagerService.getActivityOptions(ActivityManagerService.java:11038)
12-09 07:39:25.827 W/ActivityManager( 1591): 	at android.app.ActivityManagerNative.onTransact(ActivityManagerNative.java:1734)
12-09 07:39:25.827 W/ActivityManager( 1591): 	at com.android.server.am.ActivityManagerService.onTransact(ActivityManagerService.java:2443)
12-09 07:39:25.827 W/ActivityManager( 1591): 	at android.os.Binder.execTransact(Binder.java:453)
12-09 07:39:25.834 D/VehicleStatisticsActivity( 4259): Checking recalculation ...
12-09 07:39:25.835 D/VehicleStatisticsActivity( 4259): Recalculation not necessary.
12-09 07:39:25.862 D/AudioFlinger( 1307): mixer(0xf4340000) throttle end: throttle time(37)
12-09 07:39:25.959 W/audio_hw_generic( 1307): Not supplying enough data to HAL, expected position 3343387 , only wrote 3343338
12-09 07:39:25.959 W/audio_hw_generic( 1307): Not supplying enough data to HAL, expected position 3343345 , only wrote 3343338
12-09 07:39:25.981 W/audio_hw_generic( 1307): Not supplying enough data to HAL, expected position 3344301 , only wrote 3343999
12-09 07:39:26.017 W/audio_hw_generic( 1307): Hardware backing HAL too slow, could only write 0 of 661 frames
12-09 07:39:26.018 I/art     ( 4259): Background partial concurrent mark sweep GC freed 27901(1620KB) AllocSpace objects, 6(120KB) LOS objects, 40% free, 3MB/5MB, paused 1.082ms total 150.290ms
12-09 07:39:26.031 W/audio_hw_generic( 1307): Hardware backing HAL too slow, could only write 0 of 661 frames
12-09 07:39:26.046 W/audio_hw_generic( 1307): Hardware backing HAL too slow, could only write 0 of 661 frames
12-09 07:39:26.061 W/audio_hw_generic( 1307): Hardware backing HAL too slow, could only write 0 of 661 frames
12-09 07:39:26.076 W/audio_hw_generic( 1307): Hardware backing HAL too slow, could only write 0 of 661 frames
12-09 07:39:26.372 E/SurfaceFlinger( 1223): ro.sf.lcd_density must be defined as a build property
12-09 07:39:26.410 D/gralloc_ranchu( 1223): gralloc_alloc: Creating ashmem region of size 3686400
12-09 07:39:26.427 D/        ( 4342): HostConnection::get() New Host Connection established 0x7f93be3d2480, tid 4342
12-09 07:39:26.449 E/EGL_emulation( 1223): tid 1223: eglCreateSyncKHR(1881): error 0x3004 (EGL_BAD_ATTRIBUTE)
12-09 07:39:27.121 W/audio_hw_generic( 1307): Not supplying enough data to HAL, expected position 3394259 , only wrote 3393574
12-09 07:39:27.121 W/audio_hw_generic( 1307): Not supplying enough data to HAL, expected position 3393581 , only wrote 3393574
