--------- beginning of system
12-09 07:36:27.786 W/ActivityManager( 1591): Finishing task with all activities already finished
12-09 07:36:27.786 W/ActivityManager( 1591): Duplicate finish request for ActivityRecord{aea1c0a u0 com.evancharlton.mileage/.Mileage t327 f}
12-09 07:36:27.786 W/ActivityManager( 1591): Finishing task with all activities already finished
12-09 07:36:27.787 W/ActivityManager( 1591): Duplicate finish request for ActivityRecord{aea1c0a u0 com.evancharlton.mileage/.Mileage t327 f}
12-09 07:36:27.787 W/ActivityManager( 1591): Finishing task with all activities already finished
12-09 07:36:27.787 W/ActivityManager( 1591): Duplicate finish request for ActivityRecord{aea1c0a u0 com.evancharlton.mileage/.Mileage t327 f}
--------- beginning of main
12-09 07:36:27.831 I/art     ( 1591): Background partial concurrent mark sweep GC freed 10868(775KB) AllocSpace objects, 7(140KB) LOS objects, 30% free, 9MB/13MB, paused 1.676ms total 135.401ms
12-09 07:36:28.073 W/audio_hw_generic( 1307): Not supplying enough data to HAL, expected position 797278 , only wrote 797166
12-09 07:36:28.073 W/audio_hw_generic( 1307): Not supplying enough data to HAL, expected position 797172 , only wrote 797166
12-09 07:36:28.154 D/EGL_emulation( 1917): eglMakeCurrent: 0x7f8a842f4dc0: ver 2 0 (tinfo 0x7f8a842c2cc0)
12-09 07:36:28.181 W/audio_hw_generic( 1307): Not supplying enough data to HAL, expected position 801916 , only wrote 801793
12-09 07:36:28.334 W/audio_hw_generic( 1307): Not supplying enough data to HAL, expected position 808539 , only wrote 806420
12-09 07:36:28.334 W/audio_hw_generic( 1307): Not supplying enough data to HAL, expected position 806427 , only wrote 806420
12-09 07:36:28.467 W/art     ( 1591): Long monitor contention event with owner method=void com.android.server.wm.WindowAnimator$1.doFrame(long) from WindowAnimator.java:121 waiters=0 for 134ms
12-09 07:36:28.473 W/audio_hw_generic( 1307): Not supplying enough data to HAL, expected position 812567 , only wrote 812369
12-09 07:36:28.599 W/audio_hw_generic( 1307): Not supplying enough data to HAL, expected position 822510 , only wrote 817657
12-09 07:36:28.639 D/AndroidRuntime( 3781): >>>>>> START com.android.internal.os.RuntimeInit uid 0 <<<<<<
12-09 07:36:28.663 D/AndroidRuntime( 3781): CheckJNI is ON
12-09 07:36:28.703 D/ICU     ( 3781): No timezone override file found: /data/misc/zoneinfo/current/icu/icu_tzdata.dat
12-09 07:36:28.911 E/memtrack( 3781): Couldn't load memtrack module (No such file or directory)
12-09 07:36:28.911 E/android.os.Debug( 3781): failed to load memtrack module: -2
12-09 07:36:28.912 I/Radio-JNI( 3781): register_android_hardware_Radio DONE
12-09 07:36:28.942 D/AndroidRuntime( 3781): Calling main entry com.android.commands.am.Am
12-09 07:36:29.121 W/art     ( 1591): Long monitor contention event with owner method=void com.android.server.wm.WindowAnimator$1.doFrame(long) from WindowAnimator.java:121 waiters=1 for 229ms
12-09 07:36:29.184 W/art     ( 1591): Long monitor contention event with owner method=void com.android.server.wm.WindowAnimator$1.doFrame(long) from WindowAnimator.java:121 waiters=2 for 185ms
12-09 07:36:29.446 W/art     ( 1591): Long monitor contention event with owner method=void com.android.server.wm.WindowAnimator$1.doFrame(long) from WindowAnimator.java:121 waiters=2 for 261ms
12-09 07:36:29.500 W/art     ( 1591): Long monitor contention event with owner method=void com.android.server.wm.WindowAnimator$1.doFrame(long) from WindowAnimator.java:121 waiters=2 for 225ms
12-09 07:36:29.611 W/art     ( 1591): Long monitor contention event with owner method=void com.android.server.wm.WindowAnimator$1.doFrame(long) from WindowAnimator.java:121 waiters=2 for 255ms
12-09 07:36:29.959 W/art     ( 1591): Long monitor contention event with owner method=void com.android.server.wm.WindowAnimator$1.doFrame(long) from WindowAnimator.java:121 waiters=2 for 281ms
12-09 07:36:29.990 W/art     ( 1591): Long monitor contention event with owner method=void com.android.server.wm.WindowAnimator$1.doFrame(long) from WindowAnimator.java:121 waiters=2 for 244ms
12-09 07:36:29.991 W/art     ( 1591): Long monitor contention event with owner method=java.util.List com.android.server.am.ActivityManagerService.getAllStackInfos() from ActivityManagerService.java:8937 waiters=0 for 993ms
12-09 07:36:30.105 W/art     ( 1591): Long monitor contention event with owner method=java.util.List com.android.server.am.ActivityManagerService.getAllStackInfos() from ActivityManagerService.java:8937 waiters=1 for 1.054s
12-09 07:36:30.105 I/ActivityManager( 1591): Force stopping com.evancharlton.mileage appid=10115 user=0: start instr
12-09 07:36:30.105 I/ActivityManager( 1591): Killing 3711:com.evancharlton.mileage/u0a115 (adj 0): stop com.evancharlton.mileage
12-09 07:36:30.319 W/ActivityManager( 1591): Crash of app com.evancharlton.mileage running instrumentation ComponentInfo{com.evancharlton.mileage.test/sh.calaba.instrumentationbackend.CalabashInstrumentationTestRunner}
12-09 07:36:30.319 I/ActivityManager( 1591): Force stopping com.evancharlton.mileage appid=10115 user=0: finished inst
12-09 07:36:30.320 W/art     ( 1591): Long monitor contention event with owner method=void com.android.server.wm.WindowAnimator$1.doFrame(long) from WindowAnimator.java:121 waiters=0 for 214ms
12-09 07:36:30.320 I/WindowState( 1591): WIN DEATH: Window{bb1dbdc u0 com.evancharlton.mileage/com.evancharlton.mileage.Mileage EXITING}
12-09 07:36:30.321 W/art     ( 1591): Long monitor contention event with owner method=com.android.internal.view.InputBindResult com.android.server.InputMethodManagerService.windowGainedFocus(com.android.internal.view.IInputMethodClient, android.os.IBinder, int, int, int, android.view.inputmethod.EditorInfo, com.android.internal.view.IInputContext) from InputMethodManagerService.java:2177 waiters=0 for 306ms
12-09 07:36:30.322 I/WindowState( 1591): WIN DEATH: Window{a7044f8 u0 Toast EXITING}
12-09 07:36:30.326 I/Choreographer( 1917): Skipped 121 frames!  The application may be doing too much work on its main thread.
12-09 07:36:30.356 I/ActivityManager( 1591): Start proc 3790:com.evancharlton.mileage/u0a115 for added application com.evancharlton.mileage
12-09 07:36:30.356 W/art     ( 1591): Long monitor contention event with owner method=java.util.List com.android.server.am.ActivityManagerService.getAllStackInfos() from ActivityManagerService.java:8937 waiters=2 for 1.001s
12-09 07:36:30.357 W/art     ( 1591): Long monitor contention event with owner method=boolean com.android.server.am.ActivityManagerService.unbindService(android.app.IServiceConnection) from ActivityManagerService.java:15918 waiters=3 for 365ms
12-09 07:36:30.357 W/art     ( 1591): Long monitor contention event with owner method=boolean com.android.server.am.ActivityManagerService.unbindService(android.app.IServiceConnection) from ActivityManagerService.java:15918 waiters=4 for 341ms
12-09 07:36:30.358 W/art     ( 1591): Long monitor contention event with owner method=java.util.List com.android.server.am.ActivityManagerService.getAllStackInfos() from ActivityManagerService.java:8937 waiters=3 for 395ms
12-09 07:36:30.360 D/AndroidRuntime( 3781): Shutting down VM
12-09 07:36:30.518 D/EGL_emulation( 1864): eglMakeCurrent: 0x7f8a842f46e0: ver 2 0 (tinfo 0x7f8a80b4fa80)
12-09 07:36:30.610 E/Surface ( 1864): getSlotFromBufferLocked: unknown buffer: 0x7f8a842f5540
12-09 07:36:30.687 W/System  ( 3790): ClassLoader referenced unknown path: /data/app/com.evancharlton.mileage.test-1/lib/x86_64
12-09 07:36:30.687 W/System  ( 3790): ClassLoader referenced unknown path: /data/app/com.evancharlton.mileage-1/lib/x86_64
12-09 07:36:30.764 W/WindowAnimator( 1591): Failed to dispatch window animation state change.
12-09 07:36:30.764 W/WindowAnimator( 1591): android.os.DeadObjectException
12-09 07:36:30.764 W/WindowAnimator( 1591): 	at android.os.BinderProxy.transactNative(Native Method)
12-09 07:36:30.764 W/WindowAnimator( 1591): 	at android.os.BinderProxy.transact(Binder.java:503)
12-09 07:36:30.764 W/WindowAnimator( 1591): 	at android.view.IWindow$Stub$Proxy.onAnimationStopped(IWindow.java:534)
12-09 07:36:30.764 W/WindowAnimator( 1591): 	at com.android.server.wm.WindowAnimator.updateWindowsLocked(WindowAnimator.java:286)
12-09 07:36:30.764 W/WindowAnimator( 1591): 	at com.android.server.wm.WindowAnimator.animateLocked(WindowAnimator.java:678)
12-09 07:36:30.764 W/WindowAnimator( 1591): 	at com.android.server.wm.WindowAnimator.-wrap0(WindowAnimator.java)
12-09 07:36:30.764 W/WindowAnimator( 1591): 	at com.android.server.wm.WindowAnimator$1.doFrame(WindowAnimator.java:123)
12-09 07:36:30.764 W/WindowAnimator( 1591): 	at android.view.Choreographer$CallbackRecord.run(Choreographer.java:856)
12-09 07:36:30.764 W/WindowAnimator( 1591): 	at android.view.Choreographer.doCallbacks(Choreographer.java:670)
12-09 07:36:30.764 W/WindowAnimator( 1591): 	at android.view.Choreographer.doFrame(Choreographer.java:603)
12-09 07:36:30.764 W/WindowAnimator( 1591): 	at android.view.Choreographer$FrameDisplayEventReceiver.run(Choreographer.java:844)
12-09 07:36:30.764 W/WindowAnimator( 1591): 	at android.os.Handler.handleCallback(Handler.java:739)
12-09 07:36:30.764 W/WindowAnimator( 1591): 	at android.os.Handler.dispatchMessage(Handler.java:95)
12-09 07:36:30.764 W/WindowAnimator( 1591): 	at android.os.Looper.loop(Looper.java:148)
12-09 07:36:30.764 W/WindowAnimator( 1591): 	at android.os.HandlerThread.run(HandlerThread.java:61)
12-09 07:36:30.764 W/WindowAnimator( 1591): 	at com.android.server.ServiceThread.run(ServiceThread.java:46)
12-09 07:36:30.785 I/System.out( 3790): Main activity name automatically set to: com.evancharlton.mileage.Mileage
12-09 07:36:30.786 I/System.out( 3790): Calabash did not load Mono. This is only a problem if you are trying to test a Mono application
12-09 07:36:30.790 I/calabash( 3790): Test server port: 7102
12-09 07:36:30.791 I/InstrumentationBackend( 3790): Added:'GetPreferences', with key:'get_preferences'
12-09 07:36:30.863 I/InstrumentationBackend( 3790): Added:'SetPreferences', with key:'set_preferences'
12-09 07:36:30.874 I/InstrumentationBackend( 3790): Added:'ClearPreferences', with key:'clear_preferences'
12-09 07:36:30.874 I/InstrumentationBackend( 3790): Added:'PressElement', with key:'press_l10n_element'
12-09 07:36:30.874 I/InstrumentationBackend( 3790): Added:'WaitForElement', with key:'wait_for_l10n_element'
12-09 07:36:30.874 I/InstrumentationBackend( 3790): Added:'NullAction', with key:'nullAction'
12-09 07:36:30.875 I/InstrumentationBackend( 3790): Added:'PressKey', with key:'press_key'
12-09 07:36:30.875 I/InstrumentationBackend( 3790): Added:'SetActivityOrientation', with key:'set_activity_orientation'
12-09 07:36:30.875 I/InstrumentationBackend( 3790): Added:'GetActivityOrientation', with key:'get_activity_orientation'
12-09 07:36:30.875 I/InstrumentationBackend( 3790): Added:'FakeGPSLocation', with key:'set_gps_coordinates'
12-09 07:36:30.876 I/InstrumentationBackend( 3790): Added:'SetPropertyByCssSelector', with key:'set_property_by_css_selector'
12-09 07:36:30.876 I/InstrumentationBackend( 3790): Added:'GetUrl', with key:'get_url'
12-09 07:36:30.876 I/InstrumentationBackend( 3790): Added:'ScrollTo', with key:'scroll_to'
12-09 07:36:30.881 I/InstrumentationBackend( 3790): Added:'GetLoadProgress', with key:'get_load_progress'
12-09 07:36:30.890 I/InstrumentationBackend( 3790): Added:'DumpHtml', with key:'dump_html'
12-09 07:36:30.890 I/InstrumentationBackend( 3790): Added:'DumpBodyHtml', with key:'dump_body_html'
12-09 07:36:30.890 I/InstrumentationBackend( 3790): Added:'EnterTextByCssSelector', with key:'enter_text_by_selector'
12-09 07:36:30.891 I/InstrumentationBackend( 3790): Added:'AndroidSDKVersion', with key:'android_sdk_version'
12-09 07:36:30.891 I/InstrumentationBackend( 3790): Added:'Version', with key:'version'
12-09 07:36:30.892 I/InstrumentationBackend( 3790): Added:'Drag', with key:'drag'
12-09 07:36:30.892 I/InstrumentationBackend( 3790): Added:'TouchCoordinates', with key:'touch_coordinate'
12-09 07:36:30.892 I/InstrumentationBackend( 3790): Added:'LongPressCoordinate', with key:'long_press_coordinate'
12-09 07:36:30.892 I/InstrumentationBackend( 3790): Added:'DragCoordinates', with key:'drag_coordinates'
12-09 07:36:30.892 I/InstrumentationBackend( 3790): Added:'ResumeApplication', with key:'resume_application'
12-09 07:36:30.892 I/InstrumentationBackend( 3790): Added:'Swipe', with key:'swipe'
12-09 07:36:30.892 I/InstrumentationBackend( 3790): Added:'DoubleTapCoordinate', with key:'double_tap_coordinate'
12-09 07:36:30.893 I/InstrumentationBackend( 3790): Added:'ClickOnScreen', with key:'click_on_screen'
12-09 07:36:30.893 I/InstrumentationBackend( 3790): Added:'GetActivityName', with key:'get_activity_name'
12-09 07:36:30.893 I/InstrumentationBackend( 3790): Added:'ScrollToView', with key:'scroll_to_view'
12-09 07:36:30.914 I/InstrumentationBackend( 3790): Added:'ViewConfiguration', with key:'view_configuration'
12-09 07:36:30.915 I/InstrumentationBackend( 3790): Added:'IsCurrentActivityFocused', with key:'is_current_activity_focused'
12-09 07:36:30.915 I/InstrumentationBackend( 3790): Added:'SendTcp', with key:'send_tcp'
12-09 07:36:30.915 I/InstrumentationBackend( 3790): Added:'DpToDevicePixel', with key:'dp_to_device_pixel'
12-09 07:36:30.916 I/InstrumentationBackend( 3790): Added:'KeyboardEnterText', with key:'keyboard_enter_text'
12-09 07:36:30.916 I/InstrumentationBackend( 3790): Added:'DeleteSurroundingText', with key:'delete_surrounding_text'
12-09 07:36:30.916 I/InstrumentationBackend( 3790): Added:'SetComposingRegion', with key:'set_composing_region'
12-09 07:36:30.916 I/InstrumentationBackend( 3790): Added:'SetSelection', with key:'set_selection'
12-09 07:36:30.916 I/InstrumentationBackend( 3790): Added:'KeyboardKeyEvent', with key:'keyboard_key_event'
12-09 07:36:30.917 I/InstrumentationBackend( 3790): Added:'PressUserActionButton', with key:'press_user_action_button'
12-09 07:36:30.923 W/art     ( 1591): Long monitor contention event with owner method=void com.android.server.wm.WindowAnimator$1.doFrame(long) from WindowAnimator.java:121 waiters=1 for 235ms
12-09 07:36:30.925 I/InstrumentationBackend( 3790): Added:'HideSoftKeyboard', with key:'hide_soft_keyboard'
12-09 07:36:30.925 I/InstrumentationBackend( 3790): Added:'ListActions', with key:'list_actions'
12-09 07:36:30.930 I/calabash( 3790): Instantiating http server at 7102
12-09 07:36:30.931 I/System.out( 3790): HTTP Daemon listening on: 7102
12-09 07:36:31.045 I/System.out( 3790): URI: //ping
12-09 07:36:31.046 I/System.out( 3790): params: {json={}
12-09 07:36:31.046 I/System.out( 3790): }
12-09 07:36:31.050 W/art     ( 1591): Long monitor contention event with owner method=void com.android.server.wm.WindowAnimator$1.doFrame(long) from WindowAnimator.java:121 waiters=1 for 286ms
12-09 07:36:31.070 I/System.out( 3790): URI: //ping
12-09 07:36:31.073 I/System.out( 3790): params: {json={}
12-09 07:36:31.073 I/System.out( 3790): }
12-09 07:36:31.119 I/System.out( 3790): URI: //ready
12-09 07:36:31.119 I/System.out( 3790): params: {json={}
12-09 07:36:31.119 I/System.out( 3790): }
12-09 07:36:31.187 I/System.out( 3790): URI: //
12-09 07:36:31.187 I/System.out( 3790): params: {json={"command":"version","arguments":[]}
12-09 07:36:31.187 I/System.out( 3790): }
12-09 07:36:31.187 I/System.out( 3790): header: {date=Sun, 09 Dec 2018 07:36:31 GMT, accept=*/*, content-length=36, host=127.0.0.1:34777, user-agent=HTTPClient/1.0 (2.8.3, ruby 2.3.1 (2016-04-26)), content-type=application/json;charset=utf-8}
12-09 07:36:31.187 I/System.out( 3790): params: {json={"command":"version","arguments":[]}
12-09 07:36:31.187 I/System.out( 3790): }
12-09 07:36:31.187 I/System.out( 3790): ProP json = {"command":"version","arguments":[]}
12-09 07:36:31.187 I/System.out( 3790): files: {}
12-09 07:36:31.187 I/System.out( 3790): command: {"command":"version","arguments":[]}
12-09 07:36:31.203 I/InstrumentationBackend( 3790): Got command:'Command:'Line:null,version', arguments:'[]'
12-09 07:36:31.248 I/System.out( 3790): result:{"bonusInformation":[],"message":"0.9.8","success":true}
12-09 07:36:31.368 W/art     ( 1591): Long monitor contention event with owner method=void com.android.server.wm.WindowAnimator$1.doFrame(long) from WindowAnimator.java:121 waiters=1 for 315ms
12-09 07:36:31.379 I/System.out( 3790): URI: //start-application
12-09 07:36:31.379 I/System.out( 3790): params: {json={"intent":null}
12-09 07:36:31.379 I/System.out( 3790): }
12-09 07:36:31.514 I/art     ( 3790): Background sticky concurrent mark sweep GC freed 29883(1691KB) AllocSpace objects, 13(260KB) LOS objects, 55% free, 1694KB/3MB, paused 1.004ms total 196.970ms
12-09 07:36:31.543 W/art     ( 1591): Long monitor contention event with owner method=void com.android.server.wm.WindowAnimator$1.doFrame(long) from WindowAnimator.java:121 waiters=1 for 335ms
12-09 07:36:31.546 I/Choreographer( 1917): Skipped 70 frames!  The application may be doing too much work on its main thread.
12-09 07:36:31.583 I/ActivityManager( 1591): START u0 {act=android.intent.action.MAIN cat=[android.intent.category.LAUNCHER] flg=0x10200000 cmp=com.evancharlton.mileage/.Mileage} from uid 10115 on display 0
12-09 07:36:31.836 W/OpenGLRenderer( 1917): Incorrectly called buildLayer on View: ShortcutAndWidgetContainer, destroying layer...
12-09 07:36:31.879 W/WindowState( 1591): Failed to report 'resized' to the client of Window{bb1dbdc u0 com.evancharlton.mileage/com.evancharlton.mileage.Mileage EXITING}, removing this window.
12-09 07:36:31.910 W/art     ( 1591): Long monitor contention event with owner method=void com.android.server.wm.WindowManagerService.attachStack(int, int) from WindowManagerService.java:5157 waiters=1 for 326ms
12-09 07:36:31.924 E/WindowState( 1591): getStack: Window{bb1dbdc u0 com.evancharlton.mileage/com.evancharlton.mileage.Mileage EXITING} couldn't find task for AppWindowToken{815eed6 token=Token{3f52c7b ActivityRecord{aea1c0a u0 com.evancharlton.mileage/.Mileage t327}}} Callers=com.android.server.wm.WindowState.getDisplayContent:847 com.android.server.wm.WindowState.getWindowList:1457 com.android.server.wm.WindowManagerService.findDesiredInputMethodWindowIndexLocked:1464 com.android.server.wm.WindowManagerService.moveInputMethodWindowsIfNeededLocked:1684 
12-09 07:36:31.988 I/calabash( 3790): newActivity1
12-09 07:36:32.150 I/calabash( 3790): newActivity1
12-09 07:36:32.151 W/ActivityManager( 1591): Bad activity token: android.os.BinderProxy@2844c7d
12-09 07:36:32.151 W/ActivityManager( 1591): java.lang.ClassCastException: android.os.BinderProxy cannot be cast to com.android.server.am.ActivityRecord$Token
12-09 07:36:32.151 W/ActivityManager( 1591): 	at com.android.server.am.ActivityRecord.forTokenLocked(ActivityRecord.java:424)
12-09 07:36:32.151 W/ActivityManager( 1591): 	at com.android.server.am.ActivityRecord.isInStackLocked(ActivityRecord.java:1121)
12-09 07:36:32.151 W/ActivityManager( 1591): 	at com.android.server.am.ActivityRecord.getStackLocked(ActivityRecord.java:1126)
12-09 07:36:32.151 W/ActivityManager( 1591): 	at com.android.server.am.ActivityManagerService.getActivityDisplayId(ActivityManagerService.java:8889)
12-09 07:36:32.151 W/ActivityManager( 1591): 	at android.app.ActivityManagerNative.onTransact(ActivityManagerNative.java:2338)
12-09 07:36:32.151 W/ActivityManager( 1591): 	at com.android.server.am.ActivityManagerService.onTransact(ActivityManagerService.java:2443)
12-09 07:36:32.151 W/ActivityManager( 1591): 	at android.os.Binder.execTransact(Binder.java:453)
12-09 07:36:32.152 W/ActivityManager( 1591): Bad activity token: android.os.BinderProxy@2844c7d
12-09 07:36:32.152 W/ActivityManager( 1591): java.lang.ClassCastException: android.os.BinderProxy cannot be cast to com.android.server.am.ActivityRecord$Token
12-09 07:36:32.152 W/ActivityManager( 1591): 	at com.android.server.am.ActivityRecord.forTokenLocked(ActivityRecord.java:424)
12-09 07:36:32.152 W/ActivityManager( 1591): 	at com.android.server.am.ActivityRecord.isInStackLocked(ActivityRecord.java:1121)
12-09 07:36:32.152 W/ActivityManager( 1591): 	at com.android.server.am.ActivityManagerService.setTaskDescription(ActivityManagerService.java:8547)
12-09 07:36:32.152 W/ActivityManager( 1591): 	at android.app.ActivityManagerNative.onTransact(ActivityManagerNative.java:2410)
12-09 07:36:32.152 W/ActivityManager( 1591): 	at com.android.server.am.ActivityManagerService.onTransact(ActivityManagerService.java:2443)
12-09 07:36:32.152 W/ActivityManager( 1591): 	at android.os.Binder.execTransact(Binder.java:453)
12-09 07:36:32.231 D/gralloc_ranchu( 1223): gralloc_alloc: Creating ashmem region of size 3686400
12-09 07:36:32.246 W/ActivityManager( 1591): Bad activity token: android.os.BinderProxy@2844c7d
12-09 07:36:32.246 W/ActivityManager( 1591): java.lang.ClassCastException: android.os.BinderProxy cannot be cast to com.android.server.am.ActivityRecord$Token
12-09 07:36:32.246 W/ActivityManager( 1591): 	at com.android.server.am.ActivityRecord.forTokenLocked(ActivityRecord.java:424)
12-09 07:36:32.246 W/ActivityManager( 1591): 	at com.android.server.am.ActivityRecord.isInStackLocked(ActivityRecord.java:1121)
12-09 07:36:32.246 W/ActivityManager( 1591): 	at com.android.server.am.ActivityManagerService.getActivityOptions(ActivityManagerService.java:11038)
12-09 07:36:32.246 W/ActivityManager( 1591): 	at android.app.ActivityManagerNative.onTransact(ActivityManagerNative.java:1734)
12-09 07:36:32.246 W/ActivityManager( 1591): 	at com.android.server.am.ActivityManagerService.onTransact(ActivityManagerService.java:2443)
12-09 07:36:32.246 W/ActivityManager( 1591): 	at android.os.Binder.execTransact(Binder.java:453)
12-09 07:36:32.246 W/ActivityManager( 1591): Bad activity token: android.os.BinderProxy@2844c7d
12-09 07:36:32.246 W/ActivityManager( 1591): java.lang.ClassCastException: android.os.BinderProxy cannot be cast to com.android.server.am.ActivityRecord$Token
12-09 07:36:32.246 W/ActivityManager( 1591): 	at com.android.server.am.ActivityRecord.forTokenLocked(ActivityRecord.java:424)
12-09 07:36:32.246 W/ActivityManager( 1591): 	at com.android.server.am.ActivityRecord.isInStackLocked(ActivityRecord.java:1121)
12-09 07:36:32.246 W/ActivityManager( 1591): 	at com.android.server.am.ActivityManagerService.getActivityOptions(ActivityManagerService.java:11038)
12-09 07:36:32.246 W/ActivityManager( 1591): 	at android.app.ActivityManagerNative.onTransact(ActivityManagerNative.java:1734)
12-09 07:36:32.246 W/ActivityManager( 1591): 	at com.android.server.am.ActivityManagerService.onTransact(ActivityManagerService.java:2443)
12-09 07:36:32.246 W/ActivityManager( 1591): 	at android.os.Binder.execTransact(Binder.java:453)
12-09 07:36:32.430 V/PhoneStatusBar( 1690): setLightsOn(true)
12-09 07:36:32.526 D/EGL_emulation( 1917): eglMakeCurrent: 0x7f8a842f4dc0: ver 2 0 (tinfo 0x7f8a842c2cc0)
12-09 07:36:32.534 E/Surface ( 1917): getSlotFromBufferLocked: unknown buffer: 0x7f8a842f5c20
12-09 07:36:32.554 D/gralloc_ranchu( 1223): gralloc_alloc: Creating ashmem region of size 3686400
12-09 07:36:32.806 D/        ( 3790): HostConnection::get() New Host Connection established 0x7f8a82246800, tid 3790
12-09 07:36:33.399 I/ActivityManager( 1591): Displayed com.evancharlton.mileage/.Mileage: +1s429ms
12-09 07:36:33.410 I/WindowManager( 1591): Switching to real app window: Window{40e3379 u0 com.evancharlton.mileage/com.evancharlton.mileage.Mileage}
12-09 07:36:33.482 D/gralloc_ranchu( 1223): gralloc_alloc: Creating ashmem region of size 3686400
12-09 07:36:33.874 W/art     ( 1591): Long monitor contention event with owner method=void com.android.server.wm.WindowAnimator$1.doFrame(long) from WindowAnimator.java:121 waiters=0 for 109ms
12-09 07:36:34.230 D/gralloc_ranchu( 1223): gralloc_alloc: Creating ashmem region of size 3686400
12-09 07:36:34.649 I/art     ( 3790): Background partial concurrent mark sweep GC freed 34597(1938KB) AllocSpace objects, 3(60KB) LOS objects, 39% free, 1936KB/3MB, paused 5.326ms total 79.397ms
12-09 07:36:35.647 I/System.out( 3790): URI: //map
12-09 07:36:35.647 I/System.out( 3790): params: {json={"query":"android.widget.EditText id:'price'","operation":{"method_name":"query","arguments":[]}}
12-09 07:36:35.647 I/System.out( 3790): }
12-09 07:36:35.728 W/ResourceType( 3790): No package identifier when getting name for resource number 0x00000001
12-09 07:36:35.914 I/System.out( 3790): URI: //gesture
12-09 07:36:35.914 I/System.out( 3790): params: {json={"query_timeout":5.0,"gestures":[{"query_string":"android.widget.EditText id:'price'","touches":[{"x":50,"y":50,"offset_x":0,"offset_y":0,"wait":0.0,"time":0.2,"release":true,"query_string":null}]}]}
12-09 07:36:35.914 I/System.out( 3790): }
12-09 07:36:36.003 W/ResourceType( 3790): No package identifier when getting name for resource number 0x00000001
12-09 07:36:36.466 I/LatinIME( 1864): Starting input. Cursor position = 0,0
12-09 07:36:36.644 I/art     ( 3790): Background sticky concurrent mark sweep GC freed 35076(1639KB) AllocSpace objects, 1(20KB) LOS objects, 25% free, 2MB/3MB, paused 1.019ms total 105.015ms
12-09 07:36:36.835 D/EGL_emulation( 1864): eglMakeCurrent: 0x7f8a842f46e0: ver 2 0 (tinfo 0x7f8a80b4fa80)
12-09 07:36:37.162 I/System.out( 3790): URI: //
12-09 07:36:37.162 I/System.out( 3790): params: {json={"command":"set_selection","arguments":[-1,-1]}
12-09 07:36:37.162 I/System.out( 3790): }
12-09 07:36:37.163 I/System.out( 3790): header: {date=Sun, 09 Dec 2018 07:36:37 GMT, accept=*/*, content-length=47, host=127.0.0.1:34777, user-agent=HTTPClient/1.0 (2.8.3, ruby 2.3.1 (2016-04-26)), content-type=application/json;charset=utf-8}
12-09 07:36:37.163 I/System.out( 3790): params: {json={"command":"set_selection","arguments":[-1,-1]}
12-09 07:36:37.163 I/System.out( 3790): }
12-09 07:36:37.163 I/System.out( 3790): ProP json = {"command":"set_selection","arguments":[-1,-1]}
12-09 07:36:37.163 I/System.out( 3790): files: {}
12-09 07:36:37.163 I/System.out( 3790): command: {"command":"set_selection","arguments":[-1,-1]}
12-09 07:36:37.164 I/InstrumentationBackend( 3790): Got command:'Command:'Line:null,set_selection', arguments:'[-1, -1]'
12-09 07:36:37.350 I/System.out( 3790): result:{"bonusInformation":[],"message":"","success":true}
12-09 07:36:37.418 I/art     ( 3790): Background partial concurrent mark sweep GC freed 17280(901KB) AllocSpace objects, 5(100KB) LOS objects, 39% free, 2MB/3MB, paused 13.797ms total 55.716ms
12-09 07:36:37.702 I/System.out( 3790): URI: //
12-09 07:36:37.702 I/System.out( 3790): params: {json={"command":"keyboard_enter_text","arguments":["23"]}
12-09 07:36:37.702 I/System.out( 3790): }
12-09 07:36:37.702 I/System.out( 3790): header: {date=Sun, 09 Dec 2018 07:36:37 GMT, accept=*/*, content-length=52, host=127.0.0.1:34777, user-agent=HTTPClient/1.0 (2.8.3, ruby 2.3.1 (2016-04-26)), content-type=application/json;charset=utf-8}
12-09 07:36:37.702 I/System.out( 3790): params: {json={"command":"keyboard_enter_text","arguments":["23"]}
12-09 07:36:37.702 I/System.out( 3790): }
12-09 07:36:37.702 I/System.out( 3790): ProP json = {"command":"keyboard_enter_text","arguments":["23"]}
12-09 07:36:37.702 I/System.out( 3790): files: {}
12-09 07:36:37.702 I/System.out( 3790): command: {"command":"keyboard_enter_text","arguments":["23"]}
12-09 07:36:37.704 I/InstrumentationBackend( 3790): Got command:'Command:'Line:null,keyboard_enter_text', arguments:'[23]'
12-09 07:36:37.705 E/SpannableStringBuilder( 3790): SPAN_EXCLUSIVE_EXCLUSIVE spans cannot have a zero length
12-09 07:36:37.705 E/SpannableStringBuilder( 3790): SPAN_EXCLUSIVE_EXCLUSIVE spans cannot have a zero length
12-09 07:36:37.707 E/SpannableStringBuilder( 3790): SPAN_EXCLUSIVE_EXCLUSIVE spans cannot have a zero length
12-09 07:36:37.707 E/SpannableStringBuilder( 3790): SPAN_EXCLUSIVE_EXCLUSIVE spans cannot have a zero length
12-09 07:36:37.713 I/System.out( 3790): result:{"bonusInformation":[],"message":"","success":true}
12-09 07:36:38.325 E/SurfaceFlinger( 1223): ro.sf.lcd_density must be defined as a build property
12-09 07:36:38.326 D/gralloc_ranchu( 1223): gralloc_alloc: Creating ashmem region of size 3686400
12-09 07:36:38.403 D/        ( 3822): HostConnection::get() New Host Connection established 0x7f89d22d2480, tid 3822
12-09 07:36:38.423 E/EGL_emulation( 1223): tid 1223: eglCreateSyncKHR(1881): error 0x3004 (EGL_BAD_ATTRIBUTE)
12-09 07:36:39.512 I/System.out( 3790): URI: //map
12-09 07:36:39.512 I/System.out( 3790): params: {json={"query":"android.widget.EditText id:'volume'","operation":{"method_name":"query","arguments":[]}}
12-09 07:36:39.512 I/System.out( 3790): }
12-09 07:36:39.539 W/ResourceType( 3790): No package identifier when getting name for resource number 0x00000001
12-09 07:36:39.637 I/art     ( 3790): Background sticky concurrent mark sweep GC freed 57827(2MB) AllocSpace objects, 5(100KB) LOS objects, 34% free, 2MB/3MB, paused 4.417ms total 120.568ms
12-09 07:36:39.639 I/System.out( 3790): URI: //gesture
12-09 07:36:39.639 I/System.out( 3790): params: {json={"query_timeout":5.0,"gestures":[{"query_string":"android.widget.EditText id:'volume'","touches":[{"x":50,"y":50,"offset_x":0,"offset_y":0,"wait":0.0,"time":0.2,"release":true,"query_string":null}]}]}
12-09 07:36:39.639 I/System.out( 3790): }
12-09 07:36:39.679 W/ResourceType( 3790): No package identifier when getting name for resource number 0x00000001
12-09 07:36:40.026 I/LatinIME( 1864): Starting input. Cursor position = 0,0
12-09 07:36:40.425 I/art     ( 3790): Background partial concurrent mark sweep GC freed 44498(2MB) AllocSpace objects, 4(80KB) LOS objects, 40% free, 2MB/3MB, paused 5.124ms total 390.879ms
12-09 07:36:40.982 I/System.out( 3790): URI: //
12-09 07:36:40.982 I/System.out( 3790): params: {json={"command":"set_selection","arguments":[-1,-1]}
12-09 07:36:40.982 I/System.out( 3790): }
12-09 07:36:40.982 I/System.out( 3790): header: {date=Sun, 09 Dec 2018 07:36:41 GMT, accept=*/*, content-length=47, host=127.0.0.1:34777, user-agent=HTTPClient/1.0 (2.8.3, ruby 2.3.1 (2016-04-26)), content-type=application/json;charset=utf-8}
12-09 07:36:40.982 I/System.out( 3790): params: {json={"command":"set_selection","arguments":[-1,-1]}
12-09 07:36:40.982 I/System.out( 3790): }
12-09 07:36:40.982 I/System.out( 3790): ProP json = {"command":"set_selection","arguments":[-1,-1]}
12-09 07:36:40.982 I/System.out( 3790): files: {}
12-09 07:36:40.982 I/System.out( 3790): command: {"command":"set_selection","arguments":[-1,-1]}
12-09 07:36:40.983 I/InstrumentationBackend( 3790): Got command:'Command:'Line:null,set_selection', arguments:'[-1, -1]'
12-09 07:36:40.992 I/System.out( 3790): result:{"bonusInformation":[],"message":"","success":true}
12-09 07:36:41.182 I/System.out( 3790): URI: //
12-09 07:36:41.182 I/System.out( 3790): params: {json={"command":"keyboard_enter_text","arguments":["49"]}
12-09 07:36:41.182 I/System.out( 3790): }
12-09 07:36:41.182 I/System.out( 3790): header: {date=Sun, 09 Dec 2018 07:36:41 GMT, accept=*/*, content-length=52, host=127.0.0.1:34777, user-agent=HTTPClient/1.0 (2.8.3, ruby 2.3.1 (2016-04-26)), content-type=application/json;charset=utf-8}
12-09 07:36:41.182 I/System.out( 3790): params: {json={"command":"keyboard_enter_text","arguments":["49"]}
12-09 07:36:41.182 I/System.out( 3790): }
12-09 07:36:41.182 I/System.out( 3790): ProP json = {"command":"keyboard_enter_text","arguments":["49"]}
12-09 07:36:41.182 I/System.out( 3790): files: {}
12-09 07:36:41.182 I/System.out( 3790): command: {"command":"keyboard_enter_text","arguments":["49"]}
12-09 07:36:41.183 I/InstrumentationBackend( 3790): Got command:'Command:'Line:null,keyboard_enter_text', arguments:'[49]'
12-09 07:36:41.184 E/SpannableStringBuilder( 3790): SPAN_EXCLUSIVE_EXCLUSIVE spans cannot have a zero length
12-09 07:36:41.184 E/SpannableStringBuilder( 3790): SPAN_EXCLUSIVE_EXCLUSIVE spans cannot have a zero length
12-09 07:36:41.197 E/SpannableStringBuilder( 3790): SPAN_EXCLUSIVE_EXCLUSIVE spans cannot have a zero length
12-09 07:36:41.197 E/SpannableStringBuilder( 3790): SPAN_EXCLUSIVE_EXCLUSIVE spans cannot have a zero length
12-09 07:36:41.209 I/System.out( 3790): result:{"bonusInformation":[],"message":"","success":true}
12-09 07:36:41.391 I/art     ( 3790): Background sticky concurrent mark sweep GC freed 28899(1377KB) AllocSpace objects, 6(120KB) LOS objects, 37% free, 2MB/3MB, paused 1.131ms total 180.210ms
12-09 07:36:41.844 E/SurfaceFlinger( 1223): ro.sf.lcd_density must be defined as a build property
12-09 07:36:41.930 D/gralloc_ranchu( 1223): gralloc_alloc: Creating ashmem region of size 3686400
12-09 07:36:41.947 D/        ( 3832): HostConnection::get() New Host Connection established 0x7ff842a12480, tid 3832
12-09 07:36:42.112 E/EGL_emulation( 1223): tid 1223: eglCreateSyncKHR(1881): error 0x3004 (EGL_BAD_ATTRIBUTE)
12-09 07:36:43.078 I/System.out( 3790): URI: //map
12-09 07:36:43.078 I/System.out( 3790): params: {json={"query":"android.widget.EditText id:'odometer'","operation":{"method_name":"query","arguments":[]}}
12-09 07:36:43.078 I/System.out( 3790): }
12-09 07:36:43.176 W/ResourceType( 3790): No package identifier when getting name for resource number 0x00000001
12-09 07:36:43.508 I/System.out( 3790): URI: //gesture
12-09 07:36:43.508 I/System.out( 3790): params: {json={"query_timeout":5.0,"gestures":[{"query_string":"android.widget.EditText id:'odometer'","touches":[{"x":50,"y":50,"offset_x":0,"offset_y":0,"wait":0.0,"time":0.2,"release":true,"query_string":null}]}]}
12-09 07:36:43.508 I/System.out( 3790): }
12-09 07:36:43.523 I/art     ( 3790): Background partial concurrent mark sweep GC freed 46431(2MB) AllocSpace objects, 5(100KB) LOS objects, 39% free, 2MB/3MB, paused 1.248ms total 304.397ms
12-09 07:36:43.561 W/ResourceType( 3790): No package identifier when getting name for resource number 0x00000001
12-09 07:36:44.038 I/LatinIME( 1864): Starting input. Cursor position = 0,0
12-09 07:36:44.162 I/art     ( 3790): Background sticky concurrent mark sweep GC freed 44918(2022KB) AllocSpace objects, 1(20KB) LOS objects, 43% free, 2MB/3MB, paused 21.615ms total 99.670ms
12-09 07:36:44.652 I/System.out( 3790): URI: //
12-09 07:36:44.652 I/System.out( 3790): params: {json={"command":"set_selection","arguments":[-1,-1]}
12-09 07:36:44.652 I/System.out( 3790): }
12-09 07:36:44.652 I/System.out( 3790): header: {date=Sun, 09 Dec 2018 07:36:44 GMT, accept=*/*, content-length=47, host=127.0.0.1:34777, user-agent=HTTPClient/1.0 (2.8.3, ruby 2.3.1 (2016-04-26)), content-type=application/json;charset=utf-8}
12-09 07:36:44.652 I/System.out( 3790): params: {json={"command":"set_selection","arguments":[-1,-1]}
12-09 07:36:44.652 I/System.out( 3790): }
12-09 07:36:44.652 I/System.out( 3790): ProP json = {"command":"set_selection","arguments":[-1,-1]}
12-09 07:36:44.652 I/System.out( 3790): files: {}
12-09 07:36:44.652 I/System.out( 3790): command: {"command":"set_selection","arguments":[-1,-1]}
12-09 07:36:44.654 I/InstrumentationBackend( 3790): Got command:'Command:'Line:null,set_selection', arguments:'[-1, -1]'
12-09 07:36:44.687 I/System.out( 3790): result:{"bonusInformation":[],"message":"","success":true}
12-09 07:36:45.074 I/System.out( 3790): URI: //
12-09 07:36:45.074 I/System.out( 3790): params: {json={"command":"keyboard_enter_text","arguments":["12"]}
12-09 07:36:45.074 I/System.out( 3790): }
12-09 07:36:45.074 I/System.out( 3790): header: {date=Sun, 09 Dec 2018 07:36:45 GMT, accept=*/*, content-length=52, host=127.0.0.1:34777, user-agent=HTTPClient/1.0 (2.8.3, ruby 2.3.1 (2016-04-26)), content-type=application/json;charset=utf-8}
12-09 07:36:45.074 I/System.out( 3790): params: {json={"command":"keyboard_enter_text","arguments":["12"]}
12-09 07:36:45.074 I/System.out( 3790): }
12-09 07:36:45.074 I/System.out( 3790): ProP json = {"command":"keyboard_enter_text","arguments":["12"]}
12-09 07:36:45.074 I/System.out( 3790): files: {}
12-09 07:36:45.074 I/System.out( 3790): command: {"command":"keyboard_enter_text","arguments":["12"]}
12-09 07:36:45.075 I/InstrumentationBackend( 3790): Got command:'Command:'Line:null,keyboard_enter_text', arguments:'[12]'
12-09 07:36:45.114 E/SpannableStringBuilder( 3790): SPAN_EXCLUSIVE_EXCLUSIVE spans cannot have a zero length
12-09 07:36:45.114 E/SpannableStringBuilder( 3790): SPAN_EXCLUSIVE_EXCLUSIVE spans cannot have a zero length
12-09 07:36:45.120 E/SpannableStringBuilder( 3790): SPAN_EXCLUSIVE_EXCLUSIVE spans cannot have a zero length
12-09 07:36:45.120 E/SpannableStringBuilder( 3790): SPAN_EXCLUSIVE_EXCLUSIVE spans cannot have a zero length
12-09 07:36:45.127 I/System.out( 3790): result:{"bonusInformation":[],"message":"","success":true}
12-09 07:36:45.540 E/SurfaceFlinger( 1223): ro.sf.lcd_density must be defined as a build property
12-09 07:36:45.654 D/gralloc_ranchu( 1223): gralloc_alloc: Creating ashmem region of size 3686400
12-09 07:36:45.665 D/        ( 3842): HostConnection::get() New Host Connection established 0x7f0bd1892480, tid 3842
12-09 07:36:45.746 E/EGL_emulation( 1223): tid 1223: eglCreateSyncKHR(1881): error 0x3004 (EGL_BAD_ATTRIBUTE)
12-09 07:36:47.638 I/System.out( 3790): URI: //map
12-09 07:36:47.638 I/System.out( 3790): params: {json={"query":"android.widget.Button index:2","operation":{"method_name":"query","arguments":[]}}
12-09 07:36:47.638 I/System.out( 3790): }
12-09 07:36:47.902 I/art     ( 3790): Background sticky concurrent mark sweep GC freed 46877(2MB) AllocSpace objects, 1(20KB) LOS objects, 40% free, 2MB/3MB, paused 919us total 136.721ms
12-09 07:36:47.903 I/System.out( 3790): URI: //gesture
12-09 07:36:47.903 I/System.out( 3790): params: {json={"query_timeout":5.0,"gestures":[{"query_string":"android.widget.Button index:2","touches":[{"x":50,"y":50,"offset_x":0,"offset_y":0,"wait":0.0,"time":0.2,"release":true,"query_string":null}]}]}
12-09 07:36:47.903 I/System.out( 3790): }
12-09 07:36:48.405 W/audio_hw_generic( 1307): Hardware backing HAL too slow, could only write 0 of 661 frames
12-09 07:36:48.417 W/audio_hw_generic( 1307): Hardware backing HAL too slow, could only write 0 of 661 frames
12-09 07:36:48.441 W/audio_hw_generic( 1307): Hardware backing HAL too slow, could only write 0 of 661 frames
12-09 07:36:48.578 W/audio_hw_generic( 1307): Not supplying enough data to HAL, expected position 827546 , only wrote 826911
12-09 07:36:48.609 W/audio_hw_generic( 1307): Not supplying enough data to HAL, expected position 828268 , only wrote 827572
12-09 07:36:48.609 W/audio_hw_generic( 1307): Not supplying enough data to HAL, expected position 827580 , only wrote 827572
12-09 07:36:48.780 W/audio_hw_generic( 1307): Not supplying enough data to HAL, expected position 835131 , only wrote 834182
12-09 07:36:48.785 W/audio_hw_generic( 1307): Hardware backing HAL too slow, could only write 0 of 661 frames
12-09 07:36:48.806 I/calabash( 3790): newActivity1
12-09 07:36:48.812 W/ActivityManager( 1591): Bad activity token: android.os.BinderProxy@1e06c0f
12-09 07:36:48.812 W/ActivityManager( 1591): java.lang.ClassCastException: android.os.BinderProxy cannot be cast to com.android.server.am.ActivityRecord$Token
12-09 07:36:48.812 W/ActivityManager( 1591): 	at com.android.server.am.ActivityRecord.forTokenLocked(ActivityRecord.java:424)
12-09 07:36:48.812 W/ActivityManager( 1591): 	at com.android.server.am.ActivityRecord.isInStackLocked(ActivityRecord.java:1121)
12-09 07:36:48.812 W/ActivityManager( 1591): 	at com.android.server.am.ActivityRecord.getStackLocked(ActivityRecord.java:1126)
12-09 07:36:48.812 W/ActivityManager( 1591): 	at com.android.server.am.ActivityManagerService.getActivityDisplayId(ActivityManagerService.java:8889)
12-09 07:36:48.812 W/ActivityManager( 1591): 	at android.app.ActivityManagerNative.onTransact(ActivityManagerNative.java:2338)
12-09 07:36:48.812 W/ActivityManager( 1591): 	at com.android.server.am.ActivityManagerService.onTransact(ActivityManagerService.java:2443)
12-09 07:36:48.812 W/ActivityManager( 1591): 	at android.os.Binder.execTransact(Binder.java:453)
12-09 07:36:48.813 W/ActivityManager( 1591): Bad activity token: android.os.BinderProxy@1e06c0f
12-09 07:36:48.813 W/ActivityManager( 1591): java.lang.ClassCastException: android.os.BinderProxy cannot be cast to com.android.server.am.ActivityRecord$Token
12-09 07:36:48.813 W/ActivityManager( 1591): 	at com.android.server.am.ActivityRecord.forTokenLocked(ActivityRecord.java:424)
12-09 07:36:48.813 W/ActivityManager( 1591): 	at com.android.server.am.ActivityRecord.isInStackLocked(ActivityRecord.java:1121)
12-09 07:36:48.813 W/ActivityManager( 1591): 	at com.android.server.am.ActivityManagerService.setTaskDescription(ActivityManagerService.java:8547)
12-09 07:36:48.813 W/ActivityManager( 1591): 	at android.app.ActivityManagerNative.onTransact(ActivityManagerNative.java:2410)
12-09 07:36:48.813 W/ActivityManager( 1591): 	at com.android.server.am.ActivityManagerService.onTransact(ActivityManagerService.java:2443)
12-09 07:36:48.813 W/ActivityManager( 1591): 	at android.os.Binder.execTransact(Binder.java:453)
12-09 07:36:48.871 E/SurfaceFlinger( 1223): ro.sf.lcd_density must be defined as a build property
12-09 07:36:48.872 D/gralloc_ranchu( 1223): gralloc_alloc: Creating ashmem region of size 3686400
12-09 07:36:48.882 W/ActivityManager( 1591): Bad activity token: android.os.BinderProxy@1e06c0f
12-09 07:36:48.882 W/ActivityManager( 1591): java.lang.ClassCastException: android.os.BinderProxy cannot be cast to com.android.server.am.ActivityRecord$Token
12-09 07:36:48.882 W/ActivityManager( 1591): 	at com.android.server.am.ActivityRecord.forTokenLocked(ActivityRecord.java:424)
12-09 07:36:48.882 W/ActivityManager( 1591): 	at com.android.server.am.ActivityRecord.isInStackLocked(ActivityRecord.java:1121)
12-09 07:36:48.882 W/ActivityManager( 1591): 	at com.android.server.am.ActivityManagerService.getActivityOptions(ActivityManagerService.java:11038)
12-09 07:36:48.882 W/ActivityManager( 1591): 	at android.app.ActivityManagerNative.onTransact(ActivityManagerNative.java:1734)
12-09 07:36:48.882 W/ActivityManager( 1591): 	at com.android.server.am.ActivityManagerService.onTransact(ActivityManagerService.java:2443)
12-09 07:36:48.882 W/ActivityManager( 1591): 	at android.os.Binder.execTransact(Binder.java:453)
12-09 07:36:48.882 W/ActivityManager( 1591): Bad activity token: android.os.BinderProxy@1e06c0f
12-09 07:36:48.882 W/ActivityManager( 1591): java.lang.ClassCastException: android.os.BinderProxy cannot be cast to com.android.server.am.ActivityRecord$Token
12-09 07:36:48.882 W/ActivityManager( 1591): 	at com.android.server.am.ActivityRecord.forTokenLocked(ActivityRecord.java:424)
12-09 07:36:48.882 W/ActivityManager( 1591): 	at com.android.server.am.ActivityRecord.isInStackLocked(ActivityRecord.java:1121)
12-09 07:36:48.882 W/ActivityManager( 1591): 	at com.android.server.am.ActivityManagerService.getActivityOptions(ActivityManagerService.java:11038)
12-09 07:36:48.882 W/ActivityManager( 1591): 	at android.app.ActivityManagerNative.onTransact(ActivityManagerNative.java:1734)
12-09 07:36:48.882 W/ActivityManager( 1591): 	at com.android.server.am.ActivityManagerService.onTransact(ActivityManagerService.java:2443)
12-09 07:36:48.882 W/ActivityManager( 1591): 	at android.os.Binder.execTransact(Binder.java:453)
12-09 07:36:48.903 I/LatinIME( 1864): Starting input. Cursor position = -1,-1
12-09 07:36:48.940 I/Choreographer( 3790): Skipped 38 frames!  The application may be doing too much work on its main thread.
12-09 07:36:49.198 I/art     ( 3790): Background sticky concurrent mark sweep GC freed 21512(1149KB) AllocSpace objects, 1(20KB) LOS objects, 31% free, 2MB/3MB, paused 1.093ms total 245.830ms
12-09 07:36:49.218 D/Mileage ( 3790): Not enough fillups to calculate economy
12-09 07:36:49.227 D/Mileage.ABS( 3790): Finished backup
12-09 07:36:49.231 D/Mileage.ABS( 3790): Not backing up; 97
12-09 07:36:49.231 D/Mileage.ABS( 3790): Not backing up; 98
12-09 07:36:49.277 D/        ( 3848): HostConnection::get() New Host Connection established 0x7f19ee292480, tid 3848
12-09 07:36:49.312 E/EGL_emulation( 1223): tid 1223: eglCreateSyncKHR(1881): error 0x3004 (EGL_BAD_ATTRIBUTE)
12-09 07:36:49.349 W/audio_hw_generic( 1307): Not supplying enough data to HAL, expected position 859278 , only wrote 857978
12-09 07:36:49.738 W/audio_hw_generic( 1307): Not supplying enough data to HAL, expected position 875113 , only wrote 874503
12-09 07:36:49.738 W/audio_hw_generic( 1307): Not supplying enough data to HAL, expected position 874510 , only wrote 874503
12-09 07:36:49.744 W/RichInputConnection( 1864): Slow InputConnection: GET_TEXT_BEFORE_CURSOR took 203 ms.
12-09 07:36:49.745 I/InputAttributes( 1864): InputType.TYPE_NULL is specified
12-09 07:36:49.873 I/Choreographer( 1864): Skipped 59 frames!  The application may be doing too much work on its main thread.
12-09 07:36:49.982 W/audio_hw_generic( 1307): Not supplying enough data to HAL, expected position 885251 , only wrote 885079
12-09 07:36:49.982 W/audio_hw_generic( 1307): Not supplying enough data to HAL, expected position 885086 , only wrote 885079
12-09 07:36:50.151 D/EGL_emulation( 1864): eglMakeCurrent: 0x7f8a842f46e0: ver 2 0 (tinfo 0x7f8a80b4fa80)
12-09 07:36:50.169 E/Surface ( 1864): getSlotFromBufferLocked: unknown buffer: 0x7f8a842f4b40
12-09 07:36:50.234 W/audio_hw_generic( 1307): Not supplying enough data to HAL, expected position 896181 , only wrote 895655
12-09 07:36:50.266 W/audio_hw_generic( 1307): Hardware backing HAL too slow, could only write 0 of 661 frames
12-09 07:36:50.296 I/System.out( 3790): URI: //gesture
12-09 07:36:50.296 I/System.out( 3790): params: {json={"query_timeout":5.0,"gestures":[{"query_string":"android.widget.TabWidget descendant TextView index:0","touches":[{"x":50,"y":50,"offset_x":0,"offset_y":0,"wait":0.0,"time":0.2,"release":true,"query_string":null}]}]}
12-09 07:36:50.296 I/System.out( 3790): }
12-09 07:36:50.417 W/audio_hw_generic( 1307): Not supplying enough data to HAL, expected position 903755 , only wrote 900943
12-09 07:36:50.470 W/audio_hw_generic( 1307): Not supplying enough data to HAL, expected position 903259 , only wrote 902265
12-09 07:36:50.497 W/audio_hw_generic( 1307): Hardware backing HAL too slow, could only write 0 of 661 frames
12-09 07:36:50.520 W/audio_hw_generic( 1307): Hardware backing HAL too slow, could only write 0 of 661 frames
12-09 07:36:50.542 W/audio_hw_generic( 1307): Hardware backing HAL too slow, could only write 0 of 661 frames
12-09 07:36:50.542 W/audio_hw_generic( 1307): Hardware backing HAL too slow, could only write 0 of 661 frames
12-09 07:36:50.572 W/audio_hw_generic( 1307): Hardware backing HAL too slow, could only write 0 of 661 frames
12-09 07:36:50.589 W/audio_hw_generic( 1307): Hardware backing HAL too slow, could only write 0 of 661 frames
12-09 07:36:50.665 W/audio_hw_generic( 1307): Not supplying enough data to HAL, expected position 910852 , only wrote 910197
12-09 07:36:50.665 W/audio_hw_generic( 1307): Not supplying enough data to HAL, expected position 910204 , only wrote 910197
12-09 07:36:50.679 W/audio_hw_generic( 1307): Hardware backing HAL too slow, could only write 0 of 661 frames
12-09 07:36:50.679 W/audio_hw_generic( 1307): Hardware backing HAL too slow, could only write 0 of 661 frames
12-09 07:36:50.702 W/audio_hw_generic( 1307): Hardware backing HAL too slow, could only write 0 of 661 frames
12-09 07:36:50.745 W/audio_hw_generic( 1307): Hardware backing HAL too slow, could only write 0 of 661 frames
12-09 07:36:50.745 W/audio_hw_generic( 1307): Not supplying enough data to HAL, expected position 913721 , only wrote 913502
12-09 07:36:50.745 W/audio_hw_generic( 1307): Not supplying enough data to HAL, expected position 913508 , only wrote 913502
12-09 07:36:50.768 W/audio_hw_generic( 1307): Not supplying enough data to HAL, expected position 914518 , only wrote 914163
12-09 07:36:50.826 W/audio_hw_generic( 1307): Hardware backing HAL too slow, could only write 0 of 661 frames
12-09 07:36:50.826 W/audio_hw_generic( 1307): Hardware backing HAL too slow, could only write 0 of 661 frames
12-09 07:36:50.909 W/audio_hw_generic( 1307): Not supplying enough data to HAL, expected position 920384 , only wrote 920112
12-09 07:36:50.909 W/audio_hw_generic( 1307): Not supplying enough data to HAL, expected position 920118 , only wrote 920112
12-09 07:36:50.941 W/audio_hw_generic( 1307): Not supplying enough data to HAL, expected position 921543 , only wrote 920773
12-09 07:36:50.995 W/audio_hw_generic( 1307): Hardware backing HAL too slow, could only write 0 of 661 frames
12-09 07:36:51.075 W/audio_hw_generic( 1307): Not supplying enough data to HAL, expected position 926669 , only wrote 924078
12-09 07:36:51.076 W/audio_hw_generic( 1307): Hardware backing HAL too slow, could only write 0 of 661 frames
12-09 07:36:51.076 W/audio_hw_generic( 1307): Hardware backing HAL too slow, could only write 0 of 661 frames
12-09 07:36:51.106 W/audio_hw_generic( 1307): Hardware backing HAL too slow, could only write 0 of 661 frames
12-09 07:36:51.198 W/audio_hw_generic( 1307): Not supplying enough data to HAL, expected position 929511 , only wrote 929366
12-09 07:36:51.562 W/audio_hw_generic( 1307): Not supplying enough data to HAL, expected position 945381 , only wrote 944569
12-09 07:36:51.562 W/audio_hw_generic( 1307): Hardware backing HAL too slow, could only write 0 of 661 frames
12-09 07:36:51.562 W/audio_hw_generic( 1307): Hardware backing HAL too slow, could only write 0 of 661 frames
12-09 07:36:51.668 W/audio_hw_generic( 1307): Not supplying enough data to HAL, expected position 949258 , only wrote 945891
12-09 07:36:51.746 I/art     ( 3790): Background partial concurrent mark sweep GC freed 44948(2MB) AllocSpace objects, 5(100KB) LOS objects, 39% free, 2MB/4MB, paused 44.262ms total 387.369ms
