12-09 07:59:45.050 W/audio_hw_generic( 1308): Hardware backing HAL too slow, could only write 0 of 661 frames
12-09 07:59:45.075 W/audio_hw_generic( 1308): Hardware backing HAL too slow, could only write 0 of 661 frames
12-09 07:59:45.083 W/audio_hw_generic( 1308): Hardware backing HAL too slow, could only write 0 of 661 frames
12-09 07:59:45.222 W/audio_hw_generic( 1308): Not supplying enough data to HAL, expected position 18375553 , only wrote 18375139
12-09 07:59:45.223 W/audio_hw_generic( 1308): Not supplying enough data to HAL, expected position 18375146 , only wrote 18375139
12-09 07:59:45.224 I/System.out( 9777): URI: //map
12-09 07:59:45.224 I/System.out( 9777): params: {json={"query":"android.widget.EditText id:'odometer'","operation":{"method_name":"query","arguments":[]}}
12-09 07:59:45.224 I/System.out( 9777): }
12-09 07:59:45.242 W/ResourceType( 9777): No package identifier when getting name for resource number 0x00000001
12-09 07:59:45.246 W/audio_hw_generic( 1308): Not supplying enough data to HAL, expected position 18376156 , only wrote 18375800
12-09 07:59:45.287 W/audio_hw_generic( 1308): Not supplying enough data to HAL, expected position 18377638 , only wrote 18377122
12-09 07:59:45.355 I/System.out( 9777): URI: //gesture
12-09 07:59:45.359 I/System.out( 9777): params: {json={"query_timeout":5.0,"gestures":[{"query_string":"android.widget.EditText id:'odometer'","touches":[{"x":50,"y":50,"offset_x":0,"offset_y":0,"wait":0.0,"time":0.2,"release":true,"query_string":null}]}]}
12-09 07:59:45.369 I/System.out( 9777): }
12-09 07:59:45.418 W/ResourceType( 9777): No package identifier when getting name for resource number 0x00000001
12-09 07:59:45.551 W/audio_hw_generic( 1308): Not supplying enough data to HAL, expected position 18388761 , only wrote 18387698
12-09 07:59:45.551 W/audio_hw_generic( 1308): Not supplying enough data to HAL, expected position 18387705 , only wrote 18387698
12-09 07:59:45.581 W/audio_hw_generic( 1308): Not supplying enough data to HAL, expected position 18388977 , only wrote 18388359
12-09 07:59:45.581 W/audio_hw_generic( 1308): Not supplying enough data to HAL, expected position 18388366 , only wrote 18388359
12-09 07:59:45.631 W/audio_hw_generic( 1308): Hardware backing HAL too slow, could only write 0 of 661 frames
12-09 07:59:45.727 W/audio_hw_generic( 1308): Hardware backing HAL too slow, could only write 0 of 661 frames
12-09 07:59:45.736 W/audio_hw_generic( 1308): Hardware backing HAL too slow, could only write 0 of 661 frames
12-09 07:59:45.751 W/audio_hw_generic( 1308): Hardware backing HAL too slow, could only write 0 of 661 frames
12-09 07:59:45.783 W/audio_hw_generic( 1308): Hardware backing HAL too slow, could only write 0 of 661 frames
12-09 07:59:45.955 W/audio_hw_generic( 1308): Not supplying enough data to HAL, expected position 18404868 , only wrote 18401579
12-09 07:59:45.983 W/audio_hw_generic( 1308): Not supplying enough data to HAL, expected position 18402794 , only wrote 18401579
12-09 07:59:46.000 W/audio_hw_generic( 1308): Not supplying enough data to HAL, expected position 18402348 , only wrote 18402240
12-09 07:59:46.317 I/System.out( 9777): URI: //
12-09 07:59:46.317 I/System.out( 9777): params: {json={"command":"set_selection","arguments":[-1,-1]}
12-09 07:59:46.317 I/System.out( 9777): }
12-09 07:59:46.317 I/System.out( 9777): header: {date=Sun, 09 Dec 2018 07:59:46 GMT, accept=*/*, content-length=47, host=127.0.0.1:34777, user-agent=HTTPClient/1.0 (2.8.3, ruby 2.3.1 (2016-04-26)), content-type=application/json;charset=utf-8}
12-09 07:59:46.317 I/System.out( 9777): params: {json={"command":"set_selection","arguments":[-1,-1]}
12-09 07:59:46.317 I/System.out( 9777): }
12-09 07:59:46.317 I/System.out( 9777): ProP json = {"command":"set_selection","arguments":[-1,-1]}
12-09 07:59:46.317 I/System.out( 9777): files: {}
12-09 07:59:46.317 I/System.out( 9777): command: {"command":"set_selection","arguments":[-1,-1]}
12-09 07:59:46.318 I/InstrumentationBackend( 9777): Got command:'Command:'Line:null,set_selection', arguments:'[-1, -1]'
12-09 07:59:46.327 I/System.out( 9777): result:{"bonusInformation":[],"message":"","success":true}
12-09 07:59:46.440 W/audio_hw_generic( 1308): Not supplying enough data to HAL, expected position 18421659 , only wrote 18420748
12-09 07:59:46.441 W/audio_hw_generic( 1308): Not supplying enough data to HAL, expected position 18420755 , only wrote 18420748
12-09 07:59:46.441 W/audio_hw_generic( 1308): Hardware backing HAL too slow, could only write 0 of 661 frames
12-09 07:59:46.455 W/audio_hw_generic( 1308): Hardware backing HAL too slow, could only write 0 of 661 frames
12-09 07:59:46.486 W/audio_hw_generic( 1308): Not supplying enough data to HAL, expected position 18424386 , only wrote 18422731
12-09 07:59:46.596 I/System.out( 9777): URI: //
12-09 07:59:46.596 I/System.out( 9777): params: {json={"command":"keyboard_enter_text","arguments":["000"]}
12-09 07:59:46.596 I/System.out( 9777): }
12-09 07:59:46.596 I/System.out( 9777): header: {date=Sun, 09 Dec 2018 07:59:46 GMT, accept=*/*, content-length=53, host=127.0.0.1:34777, user-agent=HTTPClient/1.0 (2.8.3, ruby 2.3.1 (2016-04-26)), content-type=application/json;charset=utf-8}
12-09 07:59:46.596 I/System.out( 9777): params: {json={"command":"keyboard_enter_text","arguments":["000"]}
12-09 07:59:46.596 I/System.out( 9777): }
12-09 07:59:46.596 I/System.out( 9777): ProP json = {"command":"keyboard_enter_text","arguments":["000"]}
12-09 07:59:46.596 I/System.out( 9777): files: {}
12-09 07:59:46.596 I/System.out( 9777): command: {"command":"keyboard_enter_text","arguments":["000"]}
12-09 07:59:46.597 I/InstrumentationBackend( 9777): Got command:'Command:'Line:null,keyboard_enter_text', arguments:'[000]'
12-09 07:59:46.598 E/SpannableStringBuilder( 9777): SPAN_EXCLUSIVE_EXCLUSIVE spans cannot have a zero length
12-09 07:59:46.598 E/SpannableStringBuilder( 9777): SPAN_EXCLUSIVE_EXCLUSIVE spans cannot have a zero length
12-09 07:59:46.607 E/SpannableStringBuilder( 9777): SPAN_EXCLUSIVE_EXCLUSIVE spans cannot have a zero length
12-09 07:59:46.612 E/SpannableStringBuilder( 9777): SPAN_EXCLUSIVE_EXCLUSIVE spans cannot have a zero length
12-09 07:59:46.645 I/System.out( 9777): result:{"bonusInformation":[],"message":"","success":true}
12-09 07:59:46.728 I/art     ( 9777): Background sticky concurrent mark sweep GC freed 31221(1513KB) AllocSpace objects, 6(120KB) LOS objects, 36% free, 2MB/3MB, paused 21.782ms total 83.123ms
12-09 07:59:46.744 I/System.out( 9777): URI: //map
12-09 07:59:46.764 I/System.out( 9777): params: {json={"query":"android.widget.Button index:2","operation":{"method_name":"query","arguments":[]}}
12-09 07:59:46.764 I/System.out( 9777): }
12-09 07:59:47.206 I/System.out( 9777): URI: //gesture
12-09 07:59:47.206 I/System.out( 9777): params: {json={"query_timeout":5.0,"gestures":[{"query_string":"android.widget.Button index:2","touches":[{"x":50,"y":50,"offset_x":0,"offset_y":0,"wait":0.0,"time":0.2,"release":true,"query_string":null}]}]}
12-09 07:59:47.206 I/System.out( 9777): }
12-09 07:59:47.778 I/art     ( 9777): Background sticky concurrent mark sweep GC freed 47192(2MB) AllocSpace objects, 3(60KB) LOS objects, 32% free, 2MB/3MB, paused 1.136ms total 137.104ms
12-09 07:59:47.821 W/audio_hw_generic( 1308): Hardware backing HAL too slow, could only write 0 of 661 frames
12-09 07:59:47.821 W/audio_hw_generic( 1308): Hardware backing HAL too slow, could only write 0 of 661 frames
12-09 07:59:47.821 W/audio_hw_generic( 1308): Hardware backing HAL too slow, could only write 0 of 661 frames
12-09 07:59:47.836 W/audio_hw_generic( 1308): Hardware backing HAL too slow, could only write 0 of 661 frames
12-09 07:59:47.867 W/audio_hw_generic( 1308): Hardware backing HAL too slow, could only write 0 of 661 frames
12-09 07:59:47.881 W/audio_hw_generic( 1308): Hardware backing HAL too slow, could only write 0 of 661 frames
12-09 07:59:47.902 W/audio_hw_generic( 1308): Hardware backing HAL too slow, could only write 0 of 661 frames
12-09 07:59:47.918 W/audio_hw_generic( 1308): Hardware backing HAL too slow, could only write 0 of 661 frames
12-09 07:59:47.931 W/audio_hw_generic( 1308): Hardware backing HAL too slow, could only write 0 of 661 frames
12-09 07:59:47.969 W/audio_hw_generic( 1308): Hardware backing HAL too slow, could only write 0 of 661 frames
12-09 07:59:47.969 W/audio_hw_generic( 1308): Hardware backing HAL too slow, could only write 0 of 661 frames
12-09 07:59:48.003 W/audio_hw_generic( 1308): Hardware backing HAL too slow, could only write 0 of 661 frames
12-09 07:59:48.075 W/audio_hw_generic( 1308): Hardware backing HAL too slow, could only write 0 of 661 frames
12-09 07:59:48.076 W/audio_hw_generic( 1308): Hardware backing HAL too slow, could only write 0 of 661 frames
12-09 07:59:48.102 W/audio_hw_generic( 1308): Hardware backing HAL too slow, could only write 0 of 661 frames
12-09 07:59:48.174 W/audio_hw_generic( 1308): Hardware backing HAL too slow, could only write 0 of 661 frames
12-09 07:59:48.174 W/audio_hw_generic( 1308): Not supplying enough data to HAL, expected position 18438315 , only wrote 18436612
12-09 07:59:48.174 W/audio_hw_generic( 1308): Not supplying enough data to HAL, expected position 18436621 , only wrote 18436612
12-09 07:59:48.175 W/audio_hw_generic( 1308): Hardware backing HAL too slow, could only write 0 of 661 frames
12-09 07:59:48.183 D/gralloc_ranchu( 1219): gralloc_alloc: Creating ashmem region of size 40960
12-09 07:59:48.191 W/audio_hw_generic( 1308): Not supplying enough data to HAL, expected position 18437341 , only wrote 18437273
12-09 07:59:48.191 W/audio_hw_generic( 1308): Hardware backing HAL too slow, could only write 0 of 661 frames
12-09 07:59:48.191 W/audio_hw_generic( 1308): Hardware backing HAL too slow, could only write 0 of 661 frames
12-09 07:59:48.211 W/audio_hw_generic( 1308): Hardware backing HAL too slow, could only write 0 of 661 frames
12-09 07:59:48.227 W/audio_hw_generic( 1308): Hardware backing HAL too slow, could only write 0 of 661 frames
12-09 07:59:48.242 W/audio_hw_generic( 1308): Hardware backing HAL too slow, could only write 0 of 661 frames
12-09 07:59:48.339 E/SurfaceFlinger( 1219): ro.sf.lcd_density must be defined as a build property
12-09 07:59:48.478 W/audio_hw_generic( 1308): Not supplying enough data to HAL, expected position 18449923 , only wrote 18449832
12-09 07:59:48.478 W/audio_hw_generic( 1308): Not supplying enough data to HAL, expected position 18449840 , only wrote 18449832
12-09 07:59:48.484 D/gralloc_ranchu( 1219): gralloc_alloc: Creating ashmem region of size 3686400
12-09 07:59:48.512 D/        ( 9834): HostConnection::get() New Host Connection established 0x7f8a57452480, tid 9834
12-09 07:59:48.577 E/EGL_emulation( 1219): tid 1219: eglCreateSyncKHR(1881): error 0x3004 (EGL_BAD_ATTRIBUTE)
12-09 07:59:48.793 W/audio_hw_generic( 1308): Not supplying enough data to HAL, expected position 18463721 , only wrote 18463713
12-09 07:59:48.793 W/audio_hw_generic( 1308): Not supplying enough data to HAL, expected position 18463720 , only wrote 18463713
12-09 07:59:48.828 W/audio_hw_generic( 1308): Not supplying enough data to HAL, expected position 18465235 , only wrote 18464374
12-09 07:59:48.828 W/audio_hw_generic( 1308): Hardware backing HAL too slow, could only write 0 of 661 frames
12-09 07:59:48.828 W/audio_hw_generic( 1308): Hardware backing HAL too slow, could only write 0 of 661 frames
12-09 07:59:48.903 W/audio_hw_generic( 1308): Not supplying enough data to HAL, expected position 18467715 , only wrote 18467679
12-09 07:59:48.904 W/audio_hw_generic( 1308): Not supplying enough data to HAL, expected position 18467686 , only wrote 18467679
12-09 07:59:48.979 W/audio_hw_generic( 1308): Hardware backing HAL too slow, could only write 0 of 661 frames
12-09 07:59:48.994 W/audio_hw_generic( 1308): Hardware backing HAL too slow, could only write 0 of 661 frames
12-09 07:59:49.023 W/audio_hw_generic( 1308): Hardware backing HAL too slow, could only write 0 of 661 frames
12-09 07:59:49.043 W/audio_hw_generic( 1308): Hardware backing HAL too slow, could only write 0 of 661 frames
12-09 07:59:49.053 W/audio_hw_generic( 1308): Hardware backing HAL too slow, could only write 0 of 661 frames
12-09 07:59:49.071 W/audio_hw_generic( 1308): Hardware backing HAL too slow, could only write 0 of 661 frames
12-09 07:59:49.114 W/audio_hw_generic( 1308): Not supplying enough data to HAL, expected position 18476944 , only wrote 18476933
12-09 07:59:49.114 W/audio_hw_generic( 1308): Not supplying enough data to HAL, expected position 18476941 , only wrote 18476933
12-09 07:59:49.134 W/audio_hw_generic( 1308): Not supplying enough data to HAL, expected position 18477837 , only wrote 18477594
12-09 07:59:49.213 W/audio_hw_generic( 1308): Not supplying enough data to HAL, expected position 18481078 , only wrote 18480899
12-09 07:59:49.214 W/audio_hw_generic( 1308): Not supplying enough data to HAL, expected position 18480906 , only wrote 18480899
12-09 07:59:49.231 W/audio_hw_generic( 1308): Not supplying enough data to HAL, expected position 18481679 , only wrote 18481560
12-09 07:59:49.367 W/audio_hw_generic( 1308): Not supplying enough data to HAL, expected position 18487558 , only wrote 18487509
12-09 07:59:49.435 W/audio_hw_generic( 1308): Not supplying enough data to HAL, expected position 18490514 , only wrote 18488831
12-09 07:59:49.647 W/audio_hw_generic( 1308): Not supplying enough data to HAL, expected position 18498174 , only wrote 18498085
12-09 07:59:49.647 W/audio_hw_generic( 1308): Not supplying enough data to HAL, expected position 18498092 , only wrote 18498085
12-09 07:59:49.664 W/audio_hw_generic( 1308): Not supplying enough data to HAL, expected position 18498812 , only wrote 18498746
12-09 07:59:49.832 W/audio_hw_generic( 1308): Not supplying enough data to HAL, expected position 18506142 , only wrote 18506017
12-09 07:59:49.832 W/audio_hw_generic( 1308): Not supplying enough data to HAL, expected position 18506024 , only wrote 18506017
12-09 07:59:49.877 W/audio_hw_generic( 1308): Hardware backing HAL too slow, could only write 0 of 661 frames
12-09 07:59:49.893 W/audio_hw_generic( 1308): Hardware backing HAL too slow, could only write 0 of 661 frames
12-09 07:59:49.935 W/audio_hw_generic( 1308): Hardware backing HAL too slow, could only write 0 of 661 frames
12-09 07:59:49.966 W/audio_hw_generic( 1308): Not supplying enough data to HAL, expected position 18511909 , only wrote 18511305
