--------- beginning of main
12-09 08:12:25.376 D/AndroidRuntime(14208): >>>>>> START com.android.internal.os.RuntimeInit uid 0 <<<<<<
12-09 08:12:25.378 D/AndroidRuntime(14208): CheckJNI is ON
12-09 08:12:25.426 D/ICU     (14208): No timezone override file found: /data/misc/zoneinfo/current/icu/icu_tzdata.dat
12-09 08:12:25.587 E/memtrack(14208): Couldn't load memtrack module (No such file or directory)
12-09 08:12:25.594 E/android.os.Debug(14208): failed to load memtrack module: -2
12-09 08:12:25.595 I/Radio-JNI(14208): register_android_hardware_Radio DONE
12-09 08:12:25.610 D/AndroidRuntime(14208): Calling main entry com.android.commands.am.Am
--------- beginning of system
12-09 08:12:25.729 I/ActivityManager( 1591): Force stopping com.evancharlton.mileage appid=10133 user=0: start instr
12-09 08:12:25.729 I/ActivityManager( 1591): Killing 14191:com.evancharlton.mileage/u0a133 (adj 0): stop com.evancharlton.mileage
12-09 08:12:25.790 W/ActivityManager( 1591): Crash of app com.evancharlton.mileage running instrumentation ComponentInfo{com.evancharlton.mileage.test/sh.calaba.instrumentationbackend.ClearAppData2}
12-09 08:12:25.790 I/ActivityManager( 1591): Force stopping com.evancharlton.mileage appid=10133 user=0: finished inst
12-09 08:12:25.795 I/ActivityManager( 1591): Start proc 14217:com.evancharlton.mileage/u0a133 for added application com.evancharlton.mileage
12-09 08:12:25.796 D/AndroidRuntime(14208): Shutting down VM
12-09 08:12:25.856 W/ActivityManager( 1591): Spurious death for ProcessRecord{7d60b66 0:com.evancharlton.mileage/u0a133}, curProc for 14191: null
12-09 08:12:25.907 W/System  (14217): ClassLoader referenced unknown path: /data/app/com.evancharlton.mileage.test-1/lib/x86_64
12-09 08:12:25.914 W/System  (14217): ClassLoader referenced unknown path: /data/app/com.evancharlton.mileage-1/lib/x86_64
12-09 08:12:26.074 I/art     (14217): Background sticky concurrent mark sweep GC freed 3970(187KB) AllocSpace objects, 0(0B) LOS objects, 58% free, 531KB/1285KB, paused 1.186ms total 150.507ms
12-09 08:12:26.149 I/System.out(14217): Main activity name automatically set to: com.evancharlton.mileage.Mileage
12-09 08:12:26.150 I/System.out(14217): Calabash did not load Mono. This is only a problem if you are trying to test a Mono application
12-09 08:12:26.154 I/calabash(14217): Test server port: 7102
12-09 08:12:26.154 I/InstrumentationBackend(14217): Added:'GetPreferences', with key:'get_preferences'
12-09 08:12:26.196 I/InstrumentationBackend(14217): Added:'SetPreferences', with key:'set_preferences'
12-09 08:12:26.196 I/InstrumentationBackend(14217): Added:'ClearPreferences', with key:'clear_preferences'
12-09 08:12:26.196 I/InstrumentationBackend(14217): Added:'PressElement', with key:'press_l10n_element'
12-09 08:12:26.196 I/InstrumentationBackend(14217): Added:'WaitForElement', with key:'wait_for_l10n_element'
12-09 08:12:26.197 I/InstrumentationBackend(14217): Added:'NullAction', with key:'nullAction'
12-09 08:12:26.197 I/InstrumentationBackend(14217): Added:'PressKey', with key:'press_key'
12-09 08:12:26.197 I/InstrumentationBackend(14217): Added:'SetActivityOrientation', with key:'set_activity_orientation'
12-09 08:12:26.197 I/InstrumentationBackend(14217): Added:'GetActivityOrientation', with key:'get_activity_orientation'
12-09 08:12:26.198 I/InstrumentationBackend(14217): Added:'FakeGPSLocation', with key:'set_gps_coordinates'
12-09 08:12:26.198 I/InstrumentationBackend(14217): Added:'SetPropertyByCssSelector', with key:'set_property_by_css_selector'
12-09 08:12:26.198 I/InstrumentationBackend(14217): Added:'GetUrl', with key:'get_url'
12-09 08:12:26.226 I/InstrumentationBackend(14217): Added:'ScrollTo', with key:'scroll_to'
12-09 08:12:26.226 I/InstrumentationBackend(14217): Added:'GetLoadProgress', with key:'get_load_progress'
12-09 08:12:26.227 I/InstrumentationBackend(14217): Added:'DumpHtml', with key:'dump_html'
12-09 08:12:26.227 I/InstrumentationBackend(14217): Added:'DumpBodyHtml', with key:'dump_body_html'
12-09 08:12:26.227 I/InstrumentationBackend(14217): Added:'EnterTextByCssSelector', with key:'enter_text_by_selector'
12-09 08:12:26.228 I/InstrumentationBackend(14217): Added:'AndroidSDKVersion', with key:'android_sdk_version'
12-09 08:12:26.228 I/InstrumentationBackend(14217): Added:'Version', with key:'version'
12-09 08:12:26.229 I/InstrumentationBackend(14217): Added:'Drag', with key:'drag'
12-09 08:12:26.229 I/InstrumentationBackend(14217): Added:'TouchCoordinates', with key:'touch_coordinate'
12-09 08:12:26.229 I/InstrumentationBackend(14217): Added:'LongPressCoordinate', with key:'long_press_coordinate'
12-09 08:12:26.229 I/InstrumentationBackend(14217): Added:'DragCoordinates', with key:'drag_coordinates'
12-09 08:12:26.233 I/InstrumentationBackend(14217): Added:'ResumeApplication', with key:'resume_application'
12-09 08:12:26.240 I/InstrumentationBackend(14217): Added:'Swipe', with key:'swipe'
12-09 08:12:26.241 I/InstrumentationBackend(14217): Added:'DoubleTapCoordinate', with key:'double_tap_coordinate'
12-09 08:12:26.241 I/InstrumentationBackend(14217): Added:'ClickOnScreen', with key:'click_on_screen'
12-09 08:12:26.241 I/InstrumentationBackend(14217): Added:'GetActivityName', with key:'get_activity_name'
12-09 08:12:26.241 I/InstrumentationBackend(14217): Added:'ScrollToView', with key:'scroll_to_view'
12-09 08:12:26.241 I/InstrumentationBackend(14217): Added:'ViewConfiguration', with key:'view_configuration'
12-09 08:12:26.242 I/InstrumentationBackend(14217): Added:'IsCurrentActivityFocused', with key:'is_current_activity_focused'
12-09 08:12:26.242 I/InstrumentationBackend(14217): Added:'SendTcp', with key:'send_tcp'
12-09 08:12:26.242 I/InstrumentationBackend(14217): Added:'DpToDevicePixel', with key:'dp_to_device_pixel'
12-09 08:12:26.242 I/InstrumentationBackend(14217): Added:'KeyboardEnterText', with key:'keyboard_enter_text'
12-09 08:12:26.243 I/InstrumentationBackend(14217): Added:'DeleteSurroundingText', with key:'delete_surrounding_text'
12-09 08:12:26.243 I/InstrumentationBackend(14217): Added:'SetComposingRegion', with key:'set_composing_region'
12-09 08:12:26.243 I/InstrumentationBackend(14217): Added:'SetSelection', with key:'set_selection'
12-09 08:12:26.243 I/InstrumentationBackend(14217): Added:'KeyboardKeyEvent', with key:'keyboard_key_event'
12-09 08:12:26.243 I/InstrumentationBackend(14217): Added:'PressUserActionButton', with key:'press_user_action_button'
12-09 08:12:26.244 I/InstrumentationBackend(14217): Added:'HideSoftKeyboard', with key:'hide_soft_keyboard'
12-09 08:12:26.244 I/InstrumentationBackend(14217): Added:'ListActions', with key:'list_actions'
12-09 08:12:26.259 I/calabash(14217): Instantiating http server at 7102
12-09 08:12:26.273 I/System.out(14217): HTTP Daemon listening on: 7102
12-09 08:12:26.584 I/System.out(14217): URI: //ping
12-09 08:12:26.610 I/art     (14217): Background partial concurrent mark sweep GC freed 3581(362KB) AllocSpace objects, 0(0B) LOS objects, 47% free, 1145KB/2MB, paused 5.483ms total 413.651ms
12-09 08:12:26.618 I/System.out(14217): params: {json={}
12-09 08:12:26.626 I/System.out(14217): }
12-09 08:12:26.666 I/System.out(14217): URI: //ping
12-09 08:12:26.666 I/System.out(14217): params: {json={}
12-09 08:12:26.666 I/System.out(14217): }
12-09 08:12:26.720 I/System.out(14217): URI: //ready
12-09 08:12:26.720 I/System.out(14217): params: {json={}
12-09 08:12:26.720 I/System.out(14217): }
12-09 08:12:26.762 I/System.out(14217): URI: //
12-09 08:12:26.762 I/System.out(14217): params: {json={"command":"version","arguments":[]}
12-09 08:12:26.762 I/System.out(14217): }
12-09 08:12:26.762 I/System.out(14217): header: {date=Sun, 09 Dec 2018 08:12:26 GMT, accept=*/*, content-length=36, host=127.0.0.1:34777, user-agent=HTTPClient/1.0 (2.8.3, ruby 2.3.1 (2016-04-26)), content-type=application/json;charset=utf-8}
12-09 08:12:26.763 I/System.out(14217): params: {json={"command":"version","arguments":[]}
12-09 08:12:26.763 I/System.out(14217): }
12-09 08:12:26.763 I/System.out(14217): ProP json = {"command":"version","arguments":[]}
12-09 08:12:26.763 I/System.out(14217): files: {}
12-09 08:12:26.763 I/System.out(14217): command: {"command":"version","arguments":[]}
12-09 08:12:26.779 I/InstrumentationBackend(14217): Got command:'Command:'Line:null,version', arguments:'[]'
12-09 08:12:26.844 I/System.out(14217): result:{"bonusInformation":[],"message":"0.9.8","success":true}
12-09 08:12:26.874 I/System.out(14217): URI: //start-application
12-09 08:12:26.874 I/System.out(14217): params: {json={"intent":null}
12-09 08:12:26.874 I/System.out(14217): }
12-09 08:12:26.946 I/ActivityManager( 1591): START u0 {act=android.intent.action.MAIN cat=[android.intent.category.LAUNCHER] flg=0x10200000 cmp=com.evancharlton.mileage/.Mileage} from uid 10133 on display 0
12-09 08:12:26.962 D/gralloc_ranchu( 1223): gralloc_alloc: Creating ashmem region of size 708608
12-09 08:12:27.140 E/EGL_emulation( 1223): tid 1223: eglCreateSyncKHR(1881): error 0x3004 (EGL_BAD_ATTRIBUTE)
12-09 08:12:27.266 I/art     ( 1591): Background partial concurrent mark sweep GC freed 1965(145KB) AllocSpace objects, 1(20KB) LOS objects, 29% free, 9MB/13MB, paused 7.728ms total 49.881ms
12-09 08:12:27.289 I/calabash(14217): newActivity1
12-09 08:12:27.296 D/gralloc_ranchu( 1223): gralloc_alloc: Creating ashmem region of size 3686400
12-09 08:12:27.373 I/calabash(14217): newActivity1
12-09 08:12:27.380 W/ActivityManager( 1591): Bad activity token: android.os.BinderProxy@3be04ec
12-09 08:12:27.380 W/ActivityManager( 1591): java.lang.ClassCastException: android.os.BinderProxy cannot be cast to com.android.server.am.ActivityRecord$Token
12-09 08:12:27.380 W/ActivityManager( 1591): 	at com.android.server.am.ActivityRecord.forTokenLocked(ActivityRecord.java:424)
12-09 08:12:27.380 W/ActivityManager( 1591): 	at com.android.server.am.ActivityRecord.isInStackLocked(ActivityRecord.java:1121)
12-09 08:12:27.380 W/ActivityManager( 1591): 	at com.android.server.am.ActivityRecord.getStackLocked(ActivityRecord.java:1126)
12-09 08:12:27.380 W/ActivityManager( 1591): 	at com.android.server.am.ActivityManagerService.getActivityDisplayId(ActivityManagerService.java:8889)
12-09 08:12:27.380 W/ActivityManager( 1591): 	at android.app.ActivityManagerNative.onTransact(ActivityManagerNative.java:2338)
12-09 08:12:27.380 W/ActivityManager( 1591): 	at com.android.server.am.ActivityManagerService.onTransact(ActivityManagerService.java:2443)
12-09 08:12:27.380 W/ActivityManager( 1591): 	at android.os.Binder.execTransact(Binder.java:453)
12-09 08:12:27.381 W/ActivityManager( 1591): Bad activity token: android.os.BinderProxy@3be04ec
12-09 08:12:27.381 W/ActivityManager( 1591): java.lang.ClassCastException: android.os.BinderProxy cannot be cast to com.android.server.am.ActivityRecord$Token
12-09 08:12:27.381 W/ActivityManager( 1591): 	at com.android.server.am.ActivityRecord.forTokenLocked(ActivityRecord.java:424)
12-09 08:12:27.381 W/ActivityManager( 1591): 	at com.android.server.am.ActivityRecord.isInStackLocked(ActivityRecord.java:1121)
12-09 08:12:27.381 W/ActivityManager( 1591): 	at com.android.server.am.ActivityManagerService.setTaskDescription(ActivityManagerService.java:8547)
12-09 08:12:27.381 W/ActivityManager( 1591): 	at android.app.ActivityManagerNative.onTransact(ActivityManagerNative.java:2410)
12-09 08:12:27.381 W/ActivityManager( 1591): 	at com.android.server.am.ActivityManagerService.onTransact(ActivityManagerService.java:2443)
12-09 08:12:27.381 W/ActivityManager( 1591): 	at android.os.Binder.execTransact(Binder.java:453)
12-09 08:12:27.626 D/EGL_emulation( 2751): eglMakeCurrent: 0x7fbc78950800: ver 2 0 (tinfo 0x7fbc7c2dade0)
12-09 08:12:27.627 V/PhoneStatusBar( 1699): setLightsOn(true)
12-09 08:12:27.630 E/Surface ( 2751): getSlotFromBufferLocked: unknown buffer: 0x7fbc78951660
12-09 08:12:27.674 D/FillupsProvider(14217): Creating database
12-09 08:12:27.762 I/art     (14217): Background sticky concurrent mark sweep GC freed 7183(408KB) AllocSpace objects, 0(0B) LOS objects, 22% free, 1680KB/2MB, paused 13.787ms total 47.919ms
12-09 08:12:28.024 W/ActivityManager( 1591): Bad activity token: android.os.BinderProxy@3be04ec
12-09 08:12:28.024 W/ActivityManager( 1591): java.lang.ClassCastException: android.os.BinderProxy cannot be cast to com.android.server.am.ActivityRecord$Token
12-09 08:12:28.024 W/ActivityManager( 1591): 	at com.android.server.am.ActivityRecord.forTokenLocked(ActivityRecord.java:424)
12-09 08:12:28.024 W/ActivityManager( 1591): 	at com.android.server.am.ActivityRecord.isInStackLocked(ActivityRecord.java:1121)
12-09 08:12:28.024 W/ActivityManager( 1591): 	at com.android.server.am.ActivityManagerService.getActivityOptions(ActivityManagerService.java:11038)
12-09 08:12:28.024 W/ActivityManager( 1591): 	at android.app.ActivityManagerNative.onTransact(ActivityManagerNative.java:1734)
12-09 08:12:28.024 W/ActivityManager( 1591): 	at com.android.server.am.ActivityManagerService.onTransact(ActivityManagerService.java:2443)
12-09 08:12:28.024 W/ActivityManager( 1591): 	at android.os.Binder.execTransact(Binder.java:453)
12-09 08:12:28.025 W/ActivityManager( 1591): Bad activity token: android.os.BinderProxy@3be04ec
12-09 08:12:28.025 W/ActivityManager( 1591): java.lang.ClassCastException: android.os.BinderProxy cannot be cast to com.android.server.am.ActivityRecord$Token
12-09 08:12:28.025 W/ActivityManager( 1591): 	at com.android.server.am.ActivityRecord.forTokenLocked(ActivityRecord.java:424)
12-09 08:12:28.025 W/ActivityManager( 1591): 	at com.android.server.am.ActivityRecord.isInStackLocked(ActivityRecord.java:1121)
12-09 08:12:28.025 W/ActivityManager( 1591): 	at com.android.server.am.ActivityManagerService.getActivityOptions(ActivityManagerService.java:11038)
12-09 08:12:28.025 W/ActivityManager( 1591): 	at android.app.ActivityManagerNative.onTransact(ActivityManagerNative.java:1734)
12-09 08:12:28.025 W/ActivityManager( 1591): 	at com.android.server.am.ActivityManagerService.onTransact(ActivityManagerService.java:2443)
12-09 08:12:28.025 W/ActivityManager( 1591): 	at android.os.Binder.execTransact(Binder.java:453)
12-09 08:12:28.467 W/art     ( 1591): Long monitor contention event with owner method=void com.android.server.wm.WindowAnimator$1.doFrame(long) from WindowAnimator.java:121 waiters=1 for 108ms
12-09 08:12:28.712 I/art     (14217): Background partial concurrent mark sweep GC freed 1349(146KB) AllocSpace objects, 2(40KB) LOS objects, 40% free, 1870KB/3MB, paused 101.398ms total 164.886ms
12-09 08:12:28.723 W/SurfaceFlinger( 1223): couldn't log to binary event log: overflow.
12-09 08:12:28.735 W/art     ( 1591): Long monitor contention event with owner method=void com.android.server.wm.WindowAnimator$1.doFrame(long) from WindowAnimator.java:121 waiters=0 for 149ms
12-09 08:12:28.803 D/gralloc_ranchu( 1223): gralloc_alloc: Creating ashmem region of size 3686400
12-09 08:12:28.814 D/        (14217): HostConnection::get() New Host Connection established 0x7fbc7894d0a0, tid 14217
12-09 08:12:28.933 I/ActivityManager( 1591): Displayed com.evancharlton.mileage/.Mileage: +1s656ms (total +5s668ms)
12-09 08:12:28.965 D/gralloc_ranchu( 1223): gralloc_alloc: Creating ashmem region of size 3686400
12-09 08:12:29.359 W/art     ( 1591): Long monitor contention event with owner method=void com.android.server.wm.WindowAnimator$1.doFrame(long) from WindowAnimator.java:121 waiters=0 for 139ms
12-09 08:12:29.692 I/System.out(14217): URI: //gesture
12-09 08:12:29.692 I/System.out(14217): params: {json={"query_timeout":5.0,"gestures":[{"query_string":"android.widget.TabWidget descendant TextView index:3","touches":[{"x":50,"y":50,"offset_x":0,"offset_y":0,"wait":0.0,"time":0.2,"release":true,"query_string":null}]}]}
12-09 08:12:29.692 I/System.out(14217): }
12-09 08:12:29.870 D/gralloc_ranchu( 1223): gralloc_alloc: Creating ashmem region of size 3686400
12-09 08:12:30.404 I/calabash(14217): newActivity1
12-09 08:12:30.405 W/ActivityManager( 1591): Bad activity token: android.os.BinderProxy@b0655ee
12-09 08:12:30.405 W/ActivityManager( 1591): java.lang.ClassCastException: android.os.BinderProxy cannot be cast to com.android.server.am.ActivityRecord$Token
12-09 08:12:30.405 W/ActivityManager( 1591): 	at com.android.server.am.ActivityRecord.forTokenLocked(ActivityRecord.java:424)
12-09 08:12:30.405 W/ActivityManager( 1591): 	at com.android.server.am.ActivityRecord.isInStackLocked(ActivityRecord.java:1121)
12-09 08:12:30.405 W/ActivityManager( 1591): 	at com.android.server.am.ActivityRecord.getStackLocked(ActivityRecord.java:1126)
12-09 08:12:30.405 W/ActivityManager( 1591): 	at com.android.server.am.ActivityManagerService.getActivityDisplayId(ActivityManagerService.java:8889)
12-09 08:12:30.405 W/ActivityManager( 1591): 	at android.app.ActivityManagerNative.onTransact(ActivityManagerNative.java:2338)
12-09 08:12:30.405 W/ActivityManager( 1591): 	at com.android.server.am.ActivityManagerService.onTransact(ActivityManagerService.java:2443)
12-09 08:12:30.405 W/ActivityManager( 1591): 	at android.os.Binder.execTransact(Binder.java:453)
12-09 08:12:30.415 D/AudioFlinger( 1307): mixer(0xf4340000) throttle end: throttle time(2)
12-09 08:12:30.454 W/audio_hw_generic( 1307): Hardware backing HAL too slow, could only write 0 of 661 frames
12-09 08:12:30.463 W/audio_hw_generic( 1307): Hardware backing HAL too slow, could only write 0 of 661 frames
12-09 08:12:30.477 W/ActivityManager( 1591): Bad activity token: android.os.BinderProxy@b0655ee
12-09 08:12:30.477 W/ActivityManager( 1591): java.lang.ClassCastException: android.os.BinderProxy cannot be cast to com.android.server.am.ActivityRecord$Token
12-09 08:12:30.477 W/ActivityManager( 1591): 	at com.android.server.am.ActivityRecord.forTokenLocked(ActivityRecord.java:424)
12-09 08:12:30.477 W/ActivityManager( 1591): 	at com.android.server.am.ActivityRecord.isInStackLocked(ActivityRecord.java:1121)
12-09 08:12:30.477 W/ActivityManager( 1591): 	at com.android.server.am.ActivityManagerService.setTaskDescription(ActivityManagerService.java:8547)
12-09 08:12:30.477 W/ActivityManager( 1591): 	at android.app.ActivityManagerNative.onTransact(ActivityManagerNative.java:2410)
12-09 08:12:30.477 W/ActivityManager( 1591): 	at com.android.server.am.ActivityManagerService.onTransact(ActivityManagerService.java:2443)
12-09 08:12:30.477 W/ActivityManager( 1591): 	at android.os.Binder.execTransact(Binder.java:453)
12-09 08:12:30.478 W/audio_hw_generic( 1307): Hardware backing HAL too slow, could only write 0 of 661 frames
12-09 08:12:30.502 W/ActivityManager( 1591): Bad activity token: android.os.BinderProxy@b0655ee
12-09 08:12:30.502 W/ActivityManager( 1591): java.lang.ClassCastException: android.os.BinderProxy cannot be cast to com.android.server.am.ActivityRecord$Token
12-09 08:12:30.502 W/ActivityManager( 1591): 	at com.android.server.am.ActivityRecord.forTokenLocked(ActivityRecord.java:424)
12-09 08:12:30.502 W/ActivityManager( 1591): 	at com.android.server.am.ActivityRecord.isInStackLocked(ActivityRecord.java:1121)
12-09 08:12:30.502 W/ActivityManager( 1591): 	at com.android.server.am.ActivityManagerService.getActivityOptions(ActivityManagerService.java:11038)
12-09 08:12:30.502 W/ActivityManager( 1591): 	at android.app.ActivityManagerNative.onTransact(ActivityManagerNative.java:1734)
12-09 08:12:30.502 W/ActivityManager( 1591): 	at com.android.server.am.ActivityManagerService.onTransact(ActivityManagerService.java:2443)
12-09 08:12:30.502 W/ActivityManager( 1591): 	at android.os.Binder.execTransact(Binder.java:453)
12-09 08:12:30.502 W/ActivityManager( 1591): Bad activity token: android.os.BinderProxy@b0655ee
12-09 08:12:30.502 W/ActivityManager( 1591): java.lang.ClassCastException: android.os.BinderProxy cannot be cast to com.android.server.am.ActivityRecord$Token
12-09 08:12:30.502 W/ActivityManager( 1591): 	at com.android.server.am.ActivityRecord.forTokenLocked(ActivityRecord.java:424)
12-09 08:12:30.502 W/ActivityManager( 1591): 	at com.android.server.am.ActivityRecord.isInStackLocked(ActivityRecord.java:1121)
12-09 08:12:30.502 W/ActivityManager( 1591): 	at com.android.server.am.ActivityManagerService.getActivityOptions(ActivityManagerService.java:11038)
12-09 08:12:30.502 W/ActivityManager( 1591): 	at android.app.ActivityManagerNative.onTransact(ActivityManagerNative.java:1734)
12-09 08:12:30.502 W/ActivityManager( 1591): 	at com.android.server.am.ActivityManagerService.onTransact(ActivityManagerService.java:2443)
12-09 08:12:30.502 W/ActivityManager( 1591): 	at android.os.Binder.execTransact(Binder.java:453)
12-09 08:12:30.505 I/System.out(14217): URI: //map
12-09 08:12:30.505 I/System.out(14217): params: {json={"query":"android.widget.ListView index:0 android.widget.TextView index:0","operation":{"method_name":"query","arguments":[]}}
12-09 08:12:30.505 I/System.out(14217): }
12-09 08:12:30.515 I/art     (14217): Background sticky concurrent mark sweep GC freed 34214(1582KB) AllocSpace objects, 0(0B) LOS objects, 18% free, 2MB/3MB, paused 5.648ms total 128.355ms
12-09 08:12:30.698 I/art     (14217): Background sticky concurrent mark sweep GC freed 12291(549KB) AllocSpace objects, 2(40KB) LOS objects, 15% free, 2MB/3MB, paused 1.404ms total 134.240ms
12-09 08:12:30.878 I/System.out(14217): URI: //gesture
12-09 08:12:30.878 I/System.out(14217): params: {json={"query_timeout":5.0,"gestures":[{"query_string":"android.widget.ListView index:0 android.widget.TextView index:0","touches":[{"x":50,"y":50,"offset_x":0,"offset_y":0,"wait":0.0,"time":0.2,"release":true,"query_string":null}]}]}
12-09 08:12:30.879 I/System.out(14217): }
12-09 08:12:30.962 W/audio_hw_generic( 1307): Not supplying enough data to HAL, expected position 22175448 , only wrote 22174567
12-09 08:12:30.962 W/audio_hw_generic( 1307): Not supplying enough data to HAL, expected position 22174576 , only wrote 22174567
12-09 08:12:30.983 W/audio_hw_generic( 1307): Not supplying enough data to HAL, expected position 22175477 , only wrote 22175228
12-09 08:12:30.989 I/art     (14217): Background sticky concurrent mark sweep GC freed 5228(339KB) AllocSpace objects, 2(40KB) LOS objects, 1% free, 2MB/3MB, paused 7.861ms total 107.972ms
12-09 08:12:31.260 W/audio_hw_generic( 1307): Not supplying enough data to HAL, expected position 22187467 , only wrote 22185804
12-09 08:12:31.291 W/audio_hw_generic( 1307): Not supplying enough data to HAL, expected position 22187155 , only wrote 22187126
12-09 08:12:31.327 W/audio_hw_generic( 1307): Hardware backing HAL too slow, could only write 0 of 661 frames
12-09 08:12:31.340 W/audio_hw_generic( 1307): Hardware backing HAL too slow, could only write 0 of 661 frames
12-09 08:12:31.406 W/audio_hw_generic( 1307): Not supplying enough data to HAL, expected position 22192196 , only wrote 22191753
12-09 08:12:31.406 W/audio_hw_generic( 1307): Not supplying enough data to HAL, expected position 22191762 , only wrote 22191753
12-09 08:12:31.424 W/audio_hw_generic( 1307): Not supplying enough data to HAL, expected position 22192548 , only wrote 22192414
12-09 08:12:31.462 W/audio_hw_generic( 1307): Hardware backing HAL too slow, could only write 0 of 661 frames
12-09 08:12:31.528 W/audio_hw_generic( 1307): Not supplying enough data to HAL, expected position 22197018 , only wrote 22195719
12-09 08:12:31.529 W/audio_hw_generic( 1307): Not supplying enough data to HAL, expected position 22195726 , only wrote 22195719
12-09 08:12:31.576 W/audio_hw_generic( 1307): Not supplying enough data to HAL, expected position 22197799 , only wrote 22197702
12-09 08:12:31.576 W/audio_hw_generic( 1307): Hardware backing HAL too slow, could only write 0 of 661 frames
12-09 08:12:31.630 W/audio_hw_generic( 1307): Hardware backing HAL too slow, could only write 0 of 661 frames
12-09 08:12:31.740 W/art     (14217): Suspending all threads took: 7.486ms
12-09 08:12:31.780 I/art     (14217): Background sticky concurrent mark sweep GC freed 22346(935KB) AllocSpace objects, 0(0B) LOS objects, 0% free, 3MB/3MB, paused 8.989ms total 100.267ms
12-09 08:12:31.869 W/audio_hw_generic( 1307): Not supplying enough data to HAL, expected position 22210619 , only wrote 22208278
12-09 08:12:31.869 W/audio_hw_generic( 1307): Not supplying enough data to HAL, expected position 22208287 , only wrote 22208278
12-09 08:12:31.886 W/audio_hw_generic( 1307): Not supplying enough data to HAL, expected position 22209016 , only wrote 22208939
12-09 08:12:31.924 W/audio_hw_generic( 1307): Hardware backing HAL too slow, could only write 0 of 661 frames
12-09 08:12:31.931 W/audio_hw_generic( 1307): Hardware backing HAL too slow, could only write 0 of 661 frames
12-09 08:12:31.940 I/art     (14217): Background partial concurrent mark sweep GC freed 13953(940KB) AllocSpace objects, 5(100KB) LOS objects, 39% free, 2MB/3MB, paused 1.196ms total 157.811ms
12-09 08:12:31.958 I/ActivityManager( 1591): START u0 {cmp=com.evancharlton.mileage/.VehicleActivity (has extras)} from uid 10133 on display 0
12-09 08:12:32.026 W/audio_hw_generic( 1307): Not supplying enough data to HAL, expected position 22215130 , only wrote 22214227
12-09 08:12:32.026 W/audio_hw_generic( 1307): Not supplying enough data to HAL, expected position 22214234 , only wrote 22214227
12-09 08:12:32.050 W/audio_hw_generic( 1307): Not supplying enough data to HAL, expected position 22215264 , only wrote 22214888
12-09 08:12:32.090 W/audio_hw_generic( 1307): Not supplying enough data to HAL, expected position 22216657 , only wrote 22215549
12-09 08:12:32.160 D/AudioFlinger( 1307): mixer(0xf4340000) throttle end: throttle time(30)
12-09 08:12:32.214 W/audio_hw_generic( 1307): Not supplying enough data to HAL, expected position 22221013 , only wrote 22220837
12-09 08:12:32.214 W/audio_hw_generic( 1307): Not supplying enough data to HAL, expected position 22220846 , only wrote 22220837
12-09 08:12:32.236 W/audio_hw_generic( 1307): Not supplying enough data to HAL, expected position 22221809 , only wrote 22221498
12-09 08:12:32.262 W/audio_hw_generic( 1307): Hardware backing HAL too slow, could only write 0 of 661 frames
12-09 08:12:32.277 W/audio_hw_generic( 1307): Hardware backing HAL too slow, could only write 0 of 661 frames
12-09 08:12:32.423 W/audio_hw_generic( 1307): Not supplying enough data to HAL, expected position 22229757 , only wrote 22228108
12-09 08:12:32.437 W/audio_hw_generic( 1307): Not supplying enough data to HAL, expected position 22228115 , only wrote 22228108
12-09 08:12:32.496 I/calabash(14217): newActivity1
12-09 08:12:32.498 W/audio_hw_generic( 1307): Hardware backing HAL too slow, could only write 0 of 661 frames
12-09 08:12:32.516 W/audio_hw_generic( 1307): Hardware backing HAL too slow, could only write 0 of 661 frames
12-09 08:12:32.607 E/SurfaceFlinger( 1223): ro.sf.lcd_density must be defined as a build property
12-09 08:12:32.642 D/gralloc_ranchu( 1223): gralloc_alloc: Creating ashmem region of size 3686400
12-09 08:12:32.717 W/audio_hw_generic( 1307): Not supplying enough data to HAL, expected position 22241058 , only wrote 22240667
12-09 08:12:32.717 W/audio_hw_generic( 1307): Not supplying enough data to HAL, expected position 22240674 , only wrote 22240667
12-09 08:12:32.723 D/        (14245): HostConnection::get() New Host Connection established 0x7f1fc0012480, tid 14245
12-09 08:12:32.734 W/audio_hw_generic( 1307): Not supplying enough data to HAL, expected position 22241392 , only wrote 22241328
12-09 08:12:32.734 W/audio_hw_generic( 1307): Hardware backing HAL too slow, could only write 0 of 661 frames
12-09 08:12:32.752 W/audio_hw_generic( 1307): Hardware backing HAL too slow, could only write 0 of 661 frames
12-09 08:12:32.767 W/audio_hw_generic( 1307): Hardware backing HAL too slow, could only write 0 of 661 frames
12-09 08:12:32.783 E/EGL_emulation( 1223): tid 1223: eglCreateSyncKHR(1881): error 0x3004 (EGL_BAD_ATTRIBUTE)
12-09 08:12:32.784 I/LatinIME:LogUtils( 1889): Dictionary info: dictionary = spellcheck_contacts.en_US ; version = 1544343152 ; date = ?
12-09 08:12:32.786 I/AccountManagerService( 1591): getTypesVisibleToCaller: isPermitted? true
12-09 08:12:32.902 W/audio_hw_generic( 1307): Not supplying enough data to HAL, expected position 22248739 , only wrote 22248599
12-09 08:12:32.904 I/LatinIME:LogUtils( 1889): Dictionary info: dictionary = spellcheck_userunigram.en_US ; version = 1544343152 ; date = ?
12-09 08:12:32.952 W/audio_hw_generic( 1307): Hardware backing HAL too slow, could only write 0 of 661 frames
12-09 08:12:32.999 V/PhoneStatusBar( 1699): setLightsOn(true)
12-09 08:12:33.004 I/LatinIME:LogUtils( 1889): Dictionary info: dictionary = main:en ; version = 54 ; date = 1414726273
12-09 08:12:33.022 W/audio_hw_generic( 1307): Not supplying enough data to HAL, expected position 22253896 , only wrote 22253887
12-09 08:12:33.089 W/art     ( 1591): Long monitor contention event with owner method=int com.android.server.wm.WindowManagerService.relayoutWindow(com.android.server.wm.Session, android.view.IWindow, int, android.view.WindowManager$LayoutParams, int, int, int, int, android.graphics.Rect, android.graphics.Rect, android.graphics.Rect, android.graphics.Rect, android.graphics.Rect, android.graphics.Rect, android.content.res.Configuration, android.view.Surface) from WindowManagerService.java:3103 waiters=0 for 250ms
12-09 08:12:33.099 D/gralloc_ranchu( 1223): gralloc_alloc: Creating ashmem region of size 3686400
12-09 08:12:33.232 W/audio_hw_generic( 1307): Not supplying enough data to HAL, expected position 22263166 , only wrote 22262480
12-09 08:12:33.233 W/audio_hw_generic( 1307): Not supplying enough data to HAL, expected position 22262487 , only wrote 22262480
12-09 08:12:33.252 W/audio_hw_generic( 1307): Not supplying enough data to HAL, expected position 22263354 , only wrote 22263141
12-09 08:12:33.410 W/audio_hw_generic( 1307): Not supplying enough data to HAL, expected position 22270087 , only wrote 22268429
12-09 08:12:33.410 W/audio_hw_generic( 1307): Not supplying enough data to HAL, expected position 22268436 , only wrote 22268429
12-09 08:12:33.425 W/audio_hw_generic( 1307): Not supplying enough data to HAL, expected position 22269098 , only wrote 22269090
12-09 08:12:33.451 W/art     ( 1591): Long monitor contention event with owner method=void com.android.server.wm.WindowAnimator$1.doFrame(long) from WindowAnimator.java:121 waiters=1 for 136ms
12-09 08:12:33.749 W/art     ( 1591): Long monitor contention event with owner method=void com.android.server.wm.WindowAnimator$1.doFrame(long) from WindowAnimator.java:121 waiters=1 for 285ms
12-09 08:12:33.830 W/audio_hw_generic( 1307): Not supplying enough data to HAL, expected position 22286939 , only wrote 22286937
12-09 08:12:33.830 W/audio_hw_generic( 1307): Not supplying enough data to HAL, expected position 22286946 , only wrote 22286937
12-09 08:12:33.850 W/audio_hw_generic( 1307): Not supplying enough data to HAL, expected position 22287803 , only wrote 22287598
12-09 08:12:33.893 W/audio_hw_generic( 1307): Hardware backing HAL too slow, could only write 0 of 661 frames
12-09 08:12:33.937 W/audio_hw_generic( 1307): Hardware backing HAL too slow, could only write 0 of 661 frames
12-09 08:12:33.938 W/audio_hw_generic( 1307): Not supplying enough data to HAL, expected position 22291457 , only wrote 22290903
12-09 08:12:33.938 W/audio_hw_generic( 1307): Not supplying enough data to HAL, expected position 22290926 , only wrote 22290903
12-09 08:12:33.954 W/audio_hw_generic( 1307): Not supplying enough data to HAL, expected position 22291631 , only wrote 22291564
