--------- beginning of main
12-09 08:41:59.465 D/AndroidRuntime(21417): >>>>>> START com.android.internal.os.RuntimeInit uid 0 <<<<<<
12-09 08:41:59.472 D/AndroidRuntime(21417): CheckJNI is ON
12-09 08:41:59.494 D/ICU     (21417): No timezone override file found: /data/misc/zoneinfo/current/icu/icu_tzdata.dat
12-09 08:41:59.789 E/memtrack(21417): Couldn't load memtrack module (No such file or directory)
12-09 08:41:59.789 E/android.os.Debug(21417): failed to load memtrack module: -2
12-09 08:41:59.791 I/Radio-JNI(21417): register_android_hardware_Radio DONE
12-09 08:41:59.802 D/AndroidRuntime(21417): Calling main entry com.android.commands.am.Am
12-09 08:42:00.016 I/Choreographer( 1591): Skipped 47 frames!  The application may be doing too much work on its main thread.
12-09 08:42:00.016 W/art     ( 1591): Long monitor contention event with owner method=void com.android.server.wm.WindowAnimator$1.doFrame(long) from WindowAnimator.java:121 waiters=0 for 791ms
12-09 08:42:00.807 W/art     ( 1591): Long monitor contention event with owner method=void com.android.server.am.ActivityManagerService.activityPaused(android.os.IBinder) from ActivityManagerService.java:6439 waiters=0 for 3.314s
12-09 08:42:00.808 W/art     ( 1591): Long monitor contention event with owner method=void com.android.server.am.ActivityManagerService.activityPaused(android.os.IBinder) from ActivityManagerService.java:6439 waiters=3 for 1.651s
12-09 08:42:00.809 W/art     ( 1591): Long monitor contention event with owner method=void com.android.server.am.ActivityManagerService.activityPaused(android.os.IBinder) from ActivityManagerService.java:6439 waiters=4 for 1.650s
12-09 08:42:00.809 W/art     ( 1591): Long monitor contention event with owner method=void com.android.server.am.ActivityManagerService.activityPaused(android.os.IBinder) from ActivityManagerService.java:6439 waiters=5 for 872ms
12-09 08:42:00.809 I/Choreographer( 1932): Skipped 98 frames!  The application may be doing too much work on its main thread.
12-09 08:42:00.811 W/art     ( 1591): Long monitor contention event with owner method=void com.android.server.am.ActivityManagerService.activityPaused(android.os.IBinder) from ActivityManagerService.java:6439 waiters=1 for 2.928s
12-09 08:42:00.812 W/art     ( 1591): Long monitor contention event with owner method=void com.android.server.am.ActivityManagerService.activityPaused(android.os.IBinder) from ActivityManagerService.java:6439 waiters=2 for 2.092s
--------- beginning of system
12-09 08:42:00.819 I/ActivityManager( 1591): Force stopping com.evancharlton.mileage appid=10145 user=0: start instr
12-09 08:42:00.820 I/ActivityManager( 1591): Killing 21386:com.evancharlton.mileage/u0a145 (adj 0): stop com.evancharlton.mileage
12-09 08:42:00.900 W/InputMethodManagerService( 1591): Window already focused, ignoring focus gain of: com.android.internal.view.IInputMethodClient$Stub$Proxy@615b225 attribute=null, token = android.os.BinderProxy@5dfaac
12-09 08:42:00.900 W/ActivityManager( 1591): Crash of app com.evancharlton.mileage running instrumentation ComponentInfo{com.evancharlton.mileage.test/sh.calaba.instrumentationbackend.ClearAppData2}
12-09 08:42:00.900 I/ActivityManager( 1591): Force stopping com.evancharlton.mileage appid=10145 user=0: finished inst
12-09 08:42:00.972 I/ActivityManager( 1591): Start proc 21426:com.evancharlton.mileage/u0a145 for added application com.evancharlton.mileage
12-09 08:42:00.973 W/art     ( 1591): Long monitor contention event with owner method=void com.android.server.am.ActivityManagerService.activityPaused(android.os.IBinder) from ActivityManagerService.java:6439 waiters=6 for 970ms
12-09 08:42:00.974 D/AndroidRuntime(21417): Shutting down VM
12-09 08:42:00.984 W/art     ( 1591): Long monitor contention event with owner method=boolean com.android.server.am.ActivityManagerService.startInstrumentation(android.content.ComponentName, java.lang.String, int, android.os.Bundle, android.app.IInstrumentationWatcher, android.app.IUiAutomationConnection, int, java.lang.String) from ActivityManagerService.java:17066 waiters=2 for 172ms
12-09 08:42:00.985 W/art     ( 1591): Long monitor contention event with owner method=boolean com.android.server.am.ActivityManagerService.startInstrumentation(android.content.ComponentName, java.lang.String, int, android.os.Bundle, android.app.IInstrumentationWatcher, android.app.IUiAutomationConnection, int, java.lang.String) from ActivityManagerService.java:17066 waiters=3 for 161ms
12-09 08:42:00.986 W/ActivityManager( 1591): Spurious death for ProcessRecord{1224ffa 0:com.evancharlton.mileage/u0a145}, curProc for 21386: null
12-09 08:42:00.986 W/art     ( 1591): Long monitor contention event with owner method=boolean com.android.server.am.ActivityManagerService.startInstrumentation(android.content.ComponentName, java.lang.String, int, android.os.Bundle, android.app.IInstrumentationWatcher, android.app.IUiAutomationConnection, int, java.lang.String) from ActivityManagerService.java:17066 waiters=5 for 162ms
12-09 08:42:01.187 W/System  (21426): ClassLoader referenced unknown path: /data/app/com.evancharlton.mileage.test-1/lib/x86_64
12-09 08:42:01.187 W/System  (21426): ClassLoader referenced unknown path: /data/app/com.evancharlton.mileage-1/lib/x86_64
12-09 08:42:01.265 I/System.out(21426): Main activity name automatically set to: com.evancharlton.mileage.Mileage
12-09 08:42:01.266 I/System.out(21426): Calabash did not load Mono. This is only a problem if you are trying to test a Mono application
12-09 08:42:01.266 I/calabash(21426): Test server port: 7102
12-09 08:42:01.267 I/InstrumentationBackend(21426): Added:'GetPreferences', with key:'get_preferences'
12-09 08:42:01.303 W/art     (21426): Suspending all threads took: 8.663ms
12-09 08:42:01.330 I/art     (21426): Background sticky concurrent mark sweep GC freed 7689(386KB) AllocSpace objects, 0(0B) LOS objects, 42% free, 733KB/1285KB, paused 9.734ms total 95.281ms
12-09 08:42:01.421 I/InstrumentationBackend(21426): Added:'SetPreferences', with key:'set_preferences'
12-09 08:42:01.427 I/InstrumentationBackend(21426): Added:'ClearPreferences', with key:'clear_preferences'
12-09 08:42:01.427 I/InstrumentationBackend(21426): Added:'PressElement', with key:'press_l10n_element'
12-09 08:42:01.427 I/InstrumentationBackend(21426): Added:'WaitForElement', with key:'wait_for_l10n_element'
12-09 08:42:01.428 I/InstrumentationBackend(21426): Added:'NullAction', with key:'nullAction'
12-09 08:42:01.428 I/InstrumentationBackend(21426): Added:'PressKey', with key:'press_key'
12-09 08:42:01.428 I/InstrumentationBackend(21426): Added:'SetActivityOrientation', with key:'set_activity_orientation'
12-09 08:42:01.428 I/InstrumentationBackend(21426): Added:'GetActivityOrientation', with key:'get_activity_orientation'
12-09 08:42:01.429 I/InstrumentationBackend(21426): Added:'FakeGPSLocation', with key:'set_gps_coordinates'
12-09 08:42:01.429 I/InstrumentationBackend(21426): Added:'SetPropertyByCssSelector', with key:'set_property_by_css_selector'
12-09 08:42:01.429 I/InstrumentationBackend(21426): Added:'GetUrl', with key:'get_url'
12-09 08:42:01.430 I/InstrumentationBackend(21426): Added:'ScrollTo', with key:'scroll_to'
12-09 08:42:01.430 I/InstrumentationBackend(21426): Added:'GetLoadProgress', with key:'get_load_progress'
12-09 08:42:01.430 I/InstrumentationBackend(21426): Added:'DumpHtml', with key:'dump_html'
12-09 08:42:01.431 I/InstrumentationBackend(21426): Added:'DumpBodyHtml', with key:'dump_body_html'
12-09 08:42:01.434 I/InstrumentationBackend(21426): Added:'EnterTextByCssSelector', with key:'enter_text_by_selector'
12-09 08:42:01.440 I/InstrumentationBackend(21426): Added:'AndroidSDKVersion', with key:'android_sdk_version'
12-09 08:42:01.440 I/InstrumentationBackend(21426): Added:'Version', with key:'version'
12-09 08:42:01.440 I/InstrumentationBackend(21426): Added:'Drag', with key:'drag'
12-09 08:42:01.441 I/InstrumentationBackend(21426): Added:'TouchCoordinates', with key:'touch_coordinate'
12-09 08:42:01.441 I/InstrumentationBackend(21426): Added:'LongPressCoordinate', with key:'long_press_coordinate'
12-09 08:42:01.441 I/InstrumentationBackend(21426): Added:'DragCoordinates', with key:'drag_coordinates'
12-09 08:42:01.441 I/InstrumentationBackend(21426): Added:'ResumeApplication', with key:'resume_application'
12-09 08:42:01.441 I/InstrumentationBackend(21426): Added:'Swipe', with key:'swipe'
12-09 08:42:01.450 I/InstrumentationBackend(21426): Added:'DoubleTapCoordinate', with key:'double_tap_coordinate'
12-09 08:42:01.450 I/InstrumentationBackend(21426): Added:'ClickOnScreen', with key:'click_on_screen'
12-09 08:42:01.450 I/InstrumentationBackend(21426): Added:'GetActivityName', with key:'get_activity_name'
12-09 08:42:01.450 I/InstrumentationBackend(21426): Added:'ScrollToView', with key:'scroll_to_view'
12-09 08:42:01.451 I/InstrumentationBackend(21426): Added:'ViewConfiguration', with key:'view_configuration'
12-09 08:42:01.451 I/InstrumentationBackend(21426): Added:'IsCurrentActivityFocused', with key:'is_current_activity_focused'
12-09 08:42:01.451 I/InstrumentationBackend(21426): Added:'SendTcp', with key:'send_tcp'
12-09 08:42:01.451 I/InstrumentationBackend(21426): Added:'DpToDevicePixel', with key:'dp_to_device_pixel'
12-09 08:42:01.452 I/InstrumentationBackend(21426): Added:'KeyboardEnterText', with key:'keyboard_enter_text'
12-09 08:42:01.452 I/InstrumentationBackend(21426): Added:'DeleteSurroundingText', with key:'delete_surrounding_text'
12-09 08:42:01.452 I/InstrumentationBackend(21426): Added:'SetComposingRegion', with key:'set_composing_region'
12-09 08:42:01.452 I/InstrumentationBackend(21426): Added:'SetSelection', with key:'set_selection'
12-09 08:42:01.468 I/InstrumentationBackend(21426): Added:'KeyboardKeyEvent', with key:'keyboard_key_event'
12-09 08:42:01.468 I/InstrumentationBackend(21426): Added:'PressUserActionButton', with key:'press_user_action_button'
12-09 08:42:01.468 I/InstrumentationBackend(21426): Added:'HideSoftKeyboard', with key:'hide_soft_keyboard'
12-09 08:42:01.469 I/InstrumentationBackend(21426): Added:'ListActions', with key:'list_actions'
12-09 08:42:01.475 I/calabash(21426): Instantiating http server at 7102
12-09 08:42:01.559 I/art     (21426): Background partial concurrent mark sweep GC freed 2260(225KB) AllocSpace objects, 1(20KB) LOS objects, 50% free, 986KB/2010KB, paused 1.113ms total 107.429ms
12-09 08:42:01.588 I/System.out(21426): HTTP Daemon listening on: 7102
12-09 08:42:01.653 I/System.out(21426): URI: //ping
12-09 08:42:01.653 I/System.out(21426): params: {json={}
12-09 08:42:01.654 I/System.out(21426): }
12-09 08:42:01.724 I/System.out(21426): URI: //ping
12-09 08:42:01.724 I/System.out(21426): params: {json={}
12-09 08:42:01.724 I/System.out(21426): }
12-09 08:42:01.852 I/System.out(21426): URI: //ready
12-09 08:42:01.852 I/System.out(21426): params: {json={}
12-09 08:42:01.852 I/System.out(21426): }
12-09 08:42:01.923 I/System.out(21426): URI: //
12-09 08:42:01.931 I/System.out(21426): params: {json={"command":"version","arguments":[]}
12-09 08:42:01.931 I/System.out(21426): }
12-09 08:42:01.931 I/System.out(21426): header: {date=Sun, 09 Dec 2018 08:42:02 GMT, accept=*/*, content-length=36, host=127.0.0.1:34777, user-agent=HTTPClient/1.0 (2.8.3, ruby 2.3.1 (2016-04-26)), content-type=application/json;charset=utf-8}
12-09 08:42:01.931 I/System.out(21426): params: {json={"command":"version","arguments":[]}
12-09 08:42:01.931 I/System.out(21426): }
12-09 08:42:01.932 I/System.out(21426): ProP json = {"command":"version","arguments":[]}
12-09 08:42:01.932 I/System.out(21426): files: {}
12-09 08:42:01.932 I/System.out(21426): command: {"command":"version","arguments":[]}
12-09 08:42:01.941 I/InstrumentationBackend(21426): Got command:'Command:'Line:null,version', arguments:'[]'
12-09 08:42:01.968 I/System.out(21426): result:{"bonusInformation":[],"message":"0.9.8","success":true}
12-09 08:42:02.003 I/System.out(21426): URI: //start-application
12-09 08:42:02.003 I/System.out(21426): params: {json={"intent":null}
12-09 08:42:02.003 I/System.out(21426): }
12-09 08:42:02.115 I/ActivityManager( 1591): START u0 {act=android.intent.action.MAIN cat=[android.intent.category.LAUNCHER] flg=0x10200000 cmp=com.evancharlton.mileage/.Mileage} from uid 10145 on display 0
12-09 08:42:02.215 I/calabash(21426): newActivity1
12-09 08:42:02.246 I/calabash(21426): newActivity1
12-09 08:42:02.253 W/ActivityManager( 1591): Bad activity token: android.os.BinderProxy@aed1020
12-09 08:42:02.253 W/ActivityManager( 1591): java.lang.ClassCastException: android.os.BinderProxy cannot be cast to com.android.server.am.ActivityRecord$Token
12-09 08:42:02.253 W/ActivityManager( 1591): 	at com.android.server.am.ActivityRecord.forTokenLocked(ActivityRecord.java:424)
12-09 08:42:02.253 W/ActivityManager( 1591): 	at com.android.server.am.ActivityRecord.isInStackLocked(ActivityRecord.java:1121)
12-09 08:42:02.253 W/ActivityManager( 1591): 	at com.android.server.am.ActivityRecord.getStackLocked(ActivityRecord.java:1126)
12-09 08:42:02.253 W/ActivityManager( 1591): 	at com.android.server.am.ActivityManagerService.getActivityDisplayId(ActivityManagerService.java:8889)
12-09 08:42:02.253 W/ActivityManager( 1591): 	at android.app.ActivityManagerNative.onTransact(ActivityManagerNative.java:2338)
12-09 08:42:02.253 W/ActivityManager( 1591): 	at com.android.server.am.ActivityManagerService.onTransact(ActivityManagerService.java:2443)
12-09 08:42:02.253 W/ActivityManager( 1591): 	at android.os.Binder.execTransact(Binder.java:453)
12-09 08:42:02.254 W/ActivityManager( 1591): Bad activity token: android.os.BinderProxy@aed1020
12-09 08:42:02.254 W/ActivityManager( 1591): java.lang.ClassCastException: android.os.BinderProxy cannot be cast to com.android.server.am.ActivityRecord$Token
12-09 08:42:02.254 W/ActivityManager( 1591): 	at com.android.server.am.ActivityRecord.forTokenLocked(ActivityRecord.java:424)
12-09 08:42:02.254 W/ActivityManager( 1591): 	at com.android.server.am.ActivityRecord.isInStackLocked(ActivityRecord.java:1121)
12-09 08:42:02.254 W/ActivityManager( 1591): 	at com.android.server.am.ActivityManagerService.setTaskDescription(ActivityManagerService.java:8547)
12-09 08:42:02.254 W/ActivityManager( 1591): 	at android.app.ActivityManagerNative.onTransact(ActivityManagerNative.java:2410)
12-09 08:42:02.254 W/ActivityManager( 1591): 	at com.android.server.am.ActivityManagerService.onTransact(ActivityManagerService.java:2443)
12-09 08:42:02.254 W/ActivityManager( 1591): 	at android.os.Binder.execTransact(Binder.java:453)
12-09 08:42:02.537 D/gralloc_ranchu( 1223): gralloc_alloc: Creating ashmem region of size 3686400
12-09 08:42:02.697 V/PhoneStatusBar( 1692): setLightsOn(true)
12-09 08:42:02.977 D/EGL_emulation( 1932): eglMakeCurrent: 0x7fb0c9676820: ver 2 0 (tinfo 0x7fb0c9642960)
12-09 08:42:02.978 E/Surface ( 1932): getSlotFromBufferLocked: unknown buffer: 0x7fb0c55b2ce0
12-09 08:42:03.242 I/art     (21426): Background sticky concurrent mark sweep GC freed 1565(199KB) AllocSpace objects, 0(0B) LOS objects, 18% free, 1640KB/2010KB, paused 5.881ms total 20.889ms
12-09 08:42:03.436 D/FillupsProvider(21426): Creating database
12-09 08:42:03.681 W/art     ( 1591): Long monitor contention event with owner method=void com.android.server.wm.WindowAnimator$1.doFrame(long) from WindowAnimator.java:121 waiters=0 for 184ms
12-09 08:42:03.690 I/art     (21426): Background sticky concurrent mark sweep GC freed 253(104KB) AllocSpace objects, 0(0B) LOS objects, 6% free, 1883KB/2010KB, paused 5.652ms total 62.513ms
12-09 08:42:03.796 W/art     ( 1591): Long monitor contention event with owner method=java.util.List com.android.server.am.ActivityManagerService.getAllStackInfos() from ActivityManagerService.java:8937 waiters=1 for 208ms
12-09 08:42:03.797 W/ActivityManager( 1591): Bad activity token: android.os.BinderProxy@aed1020
12-09 08:42:03.797 W/ActivityManager( 1591): java.lang.ClassCastException: android.os.BinderProxy cannot be cast to com.android.server.am.ActivityRecord$Token
12-09 08:42:03.797 W/ActivityManager( 1591): 	at com.android.server.am.ActivityRecord.forTokenLocked(ActivityRecord.java:424)
12-09 08:42:03.797 W/ActivityManager( 1591): 	at com.android.server.am.ActivityRecord.isInStackLocked(ActivityRecord.java:1121)
12-09 08:42:03.797 W/ActivityManager( 1591): 	at com.android.server.am.ActivityManagerService.getActivityOptions(ActivityManagerService.java:11038)
12-09 08:42:03.797 W/ActivityManager( 1591): 	at android.app.ActivityManagerNative.onTransact(ActivityManagerNative.java:1734)
12-09 08:42:03.797 W/ActivityManager( 1591): 	at com.android.server.am.ActivityManagerService.onTransact(ActivityManagerService.java:2443)
12-09 08:42:03.797 W/ActivityManager( 1591): 	at android.os.Binder.execTransact(Binder.java:453)
12-09 08:42:03.798 W/ActivityManager( 1591): Bad activity token: android.os.BinderProxy@aed1020
12-09 08:42:03.798 W/ActivityManager( 1591): java.lang.ClassCastException: android.os.BinderProxy cannot be cast to com.android.server.am.ActivityRecord$Token
12-09 08:42:03.798 W/ActivityManager( 1591): 	at com.android.server.am.ActivityRecord.forTokenLocked(ActivityRecord.java:424)
12-09 08:42:03.798 W/ActivityManager( 1591): 	at com.android.server.am.ActivityRecord.isInStackLocked(ActivityRecord.java:1121)
12-09 08:42:03.798 W/ActivityManager( 1591): 	at com.android.server.am.ActivityManagerService.getActivityOptions(ActivityManagerService.java:11038)
12-09 08:42:03.798 W/ActivityManager( 1591): 	at android.app.ActivityManagerNative.onTransact(ActivityManagerNative.java:1734)
12-09 08:42:03.798 W/ActivityManager( 1591): 	at com.android.server.am.ActivityManagerService.onTransact(ActivityManagerService.java:2443)
12-09 08:42:03.798 W/ActivityManager( 1591): 	at android.os.Binder.execTransact(Binder.java:453)
12-09 08:42:04.119 D/gralloc_ranchu( 1223): gralloc_alloc: Creating ashmem region of size 3686400
12-09 08:42:04.142 D/        (21426): HostConnection::get() New Host Connection established 0x7fb0c75c7280, tid 21426
12-09 08:42:04.256 I/ActivityManager( 1591): Displayed com.evancharlton.mileage/.Mileage: +2s59ms
12-09 08:42:04.266 D/gralloc_ranchu( 1223): gralloc_alloc: Creating ashmem region of size 3686400
12-09 08:42:04.365 I/ContentMaintenance( 2373): Internal cache bytes used: 0; limit: 40626585; download size: 0
12-09 08:42:04.405 I/RealtimeCacheCleanup( 2373): Beginning Realtime garbage collection.
12-09 08:42:04.406 I/RealtimeCacheCleanup( 2373): Finished Realtime garbage collection.
12-09 08:42:05.021 I/System.out(21426): URI: //map
12-09 08:42:05.021 I/System.out(21426): params: {json={"query":"android.widget.Button index:2","operation":{"method_name":"query","arguments":[]}}
12-09 08:42:05.021 I/System.out(21426): }
12-09 08:42:05.352 D/gralloc_ranchu( 1223): gralloc_alloc: Creating ashmem region of size 3686400
12-09 08:42:05.550 I/System.out(21426): URI: //gesture
12-09 08:42:05.550 I/System.out(21426): params: {json={"query_timeout":5.0,"gestures":[{"query_string":"android.widget.Button index:2","touches":[{"x":50,"y":50,"offset_x":0,"offset_y":0,"wait":0.0,"time":0.2,"release":true,"query_string":null}]}]}
12-09 08:42:05.550 I/System.out(21426): }
12-09 08:42:05.604 I/art     (21426): Background sticky concurrent mark sweep GC freed 45437(2MB) AllocSpace objects, 0(0B) LOS objects, 2% free, 2MB/3MB, paused 1.302ms total 238.796ms
12-09 08:42:05.668 I/art     (21426): Background sticky concurrent mark sweep GC freed 12086(513KB) AllocSpace objects, 1(20KB) LOS objects, 20% free, 2MB/3MB, paused 11.370ms total 36.595ms
12-09 08:42:05.840 I/art     (21426): Background sticky concurrent mark sweep GC freed 5521(165KB) AllocSpace objects, 0(0B) LOS objects, 20% free, 2MB/3MB, paused 2.626ms total 164.205ms
12-09 08:42:06.064 W/AudioTrack( 1591): AUDIO_OUTPUT_FLAG_FAST denied by client; transfer 4, track 48000 Hz, output 44100 Hz
12-09 08:42:06.100 W/audio_hw_generic( 1307): Hardware backing HAL too slow, could only write 0 of 661 frames
12-09 08:42:06.127 W/audio_hw_generic( 1307): Hardware backing HAL too slow, could only write 0 of 661 frames
12-09 08:42:06.145 W/audio_hw_generic( 1307): Hardware backing HAL too slow, could only write 0 of 661 frames
12-09 08:42:06.163 W/audio_hw_generic( 1307): Hardware backing HAL too slow, could only write 0 of 661 frames
12-09 08:42:06.175 W/audio_hw_generic( 1307): Hardware backing HAL too slow, could only write 0 of 661 frames
12-09 08:42:06.190 W/audio_hw_generic( 1307): Hardware backing HAL too slow, could only write 0 of 661 frames
12-09 08:42:06.265 D/gralloc_ranchu( 1223): gralloc_alloc: Creating ashmem region of size 45056
12-09 08:42:06.386 W/audio_hw_generic( 1307): Not supplying enough data to HAL, expected position 50679591 , only wrote 50676887
12-09 08:42:06.386 W/audio_hw_generic( 1307): Not supplying enough data to HAL, expected position 50676893 , only wrote 50676887
12-09 08:42:06.456 W/audio_hw_generic( 1307): Not supplying enough data to HAL, expected position 50679982 , only wrote 50677548
12-09 08:42:06.516 W/audio_hw_generic( 1307): Hardware backing HAL too slow, could only write 0 of 661 frames
12-09 08:42:06.537 W/audio_hw_generic( 1307): Hardware backing HAL too slow, could only write 0 of 661 frames
12-09 08:42:06.658 E/SurfaceFlinger( 1223): ro.sf.lcd_density must be defined as a build property
12-09 08:42:06.725 D/gralloc_ranchu( 1223): gralloc_alloc: Creating ashmem region of size 3686400
12-09 08:42:06.767 D/        (21455): HostConnection::get() New Host Connection established 0x7fda0fa12480, tid 21455
12-09 08:42:06.834 E/EGL_emulation( 1223): tid 1223: eglCreateSyncKHR(1881): error 0x3004 (EGL_BAD_ATTRIBUTE)
