--------- beginning of main
12-09 08:32:44.659 E/EGL_emulation( 1218): tid 1218: eglCreateSyncKHR(1881): error 0x3004 (EGL_BAD_ATTRIBUTE)
--------- beginning of system
12-09 08:32:44.877 W/ActivityManager( 1592): Finishing task with all activities already finished
12-09 08:32:44.877 W/ActivityManager( 1592): Duplicate finish request for ActivityRecord{202d0e6 u0 com.evancharlton.mileage/.charts.AverageFuelEconomyChart t472 f}
12-09 08:32:44.897 I/art     ( 1592): Background partial concurrent mark sweep GC freed 26024(1838KB) AllocSpace objects, 17(340KB) LOS objects, 29% free, 9MB/13MB, paused 17.855ms total 190.413ms
12-09 08:32:44.981 D/EGL_emulation( 1949): eglMakeCurrent: 0x7f1b08134640: ver 2 0 (tinfo 0x7f1b08102800)
12-09 08:32:45.465 D/AndroidRuntime(18469): >>>>>> START com.android.internal.os.RuntimeInit uid 0 <<<<<<
12-09 08:32:45.490 D/AndroidRuntime(18469): CheckJNI is ON
12-09 08:32:45.521 D/ICU     (18469): No timezone override file found: /data/misc/zoneinfo/current/icu/icu_tzdata.dat
12-09 08:32:45.673 E/memtrack(18469): Couldn't load memtrack module (No such file or directory)
12-09 08:32:45.681 E/android.os.Debug(18469): failed to load memtrack module: -2
12-09 08:32:45.682 I/Radio-JNI(18469): register_android_hardware_Radio DONE
12-09 08:32:45.698 D/AndroidRuntime(18469): Calling main entry com.android.commands.am.Am
12-09 08:32:45.699 I/ActivityManager( 1592): Force stopping com.evancharlton.mileage appid=10139 user=0: start instr
12-09 08:32:45.700 I/ActivityManager( 1592): Killing 18312:com.evancharlton.mileage/u0a139 (adj 0): stop com.evancharlton.mileage
12-09 08:32:45.798 W/ActivityManager( 1592): Crash of app com.evancharlton.mileage running instrumentation ComponentInfo{com.evancharlton.mileage.test/sh.calaba.instrumentationbackend.CalabashInstrumentationTestRunner}
12-09 08:32:45.798 I/ActivityManager( 1592): Force stopping com.evancharlton.mileage appid=10139 user=0: finished inst
12-09 08:32:46.121 W/art     ( 1592): Long monitor contention event with owner method=void com.android.server.wm.WindowAnimator$1.doFrame(long) from WindowAnimator.java:121 waiters=2 for 259ms
12-09 08:32:46.222 W/art     ( 1592): Long monitor contention event with owner method=void com.android.server.wm.WindowAnimator$1.doFrame(long) from WindowAnimator.java:121 waiters=2 for 312ms
12-09 08:32:46.222 I/WindowState( 1592): WIN DEATH: Window{4140979 u0 com.evancharlton.mileage/com.evancharlton.mileage.charts.AverageFuelEconomyChart EXITING}
12-09 08:32:46.223 W/art     ( 1592): Long monitor contention event with owner method=void com.android.server.wm.WindowAnimator$1.doFrame(long) from WindowAnimator.java:121 waiters=2 for 214ms
12-09 08:32:46.607 W/art     ( 1592): Long monitor contention event with owner method=void com.android.server.wm.WindowAnimator$1.doFrame(long) from WindowAnimator.java:121 waiters=1 for 104ms
12-09 08:32:46.654 W/InputMethodManagerService( 1592): Got RemoteException sending setActive(false) notification to pid 18312 uid 10139
12-09 08:32:46.656 W/art     ( 1592): Long monitor contention event with owner method=com.android.internal.view.InputBindResult com.android.server.InputMethodManagerService.windowGainedFocus(com.android.internal.view.IInputMethodClient, android.os.IBinder, int, int, int, android.view.inputmethod.EditorInfo, com.android.internal.view.IInputContext) from InputMethodManagerService.java:2177 waiters=0 for 882ms
12-09 08:32:46.669 I/Choreographer( 1949): Skipped 100 frames!  The application may be doing too much work on its main thread.
12-09 08:32:46.807 I/ActivityManager( 1592): Start proc 18478:com.evancharlton.mileage/u0a139 for added application com.evancharlton.mileage
12-09 08:32:46.807 W/art     ( 1592): Long monitor contention event with owner method=boolean com.android.server.am.ActivityManagerService.startInstrumentation(android.content.ComponentName, java.lang.String, int, android.os.Bundle, android.app.IInstrumentationWatcher, android.app.IUiAutomationConnection, int, java.lang.String) from ActivityManagerService.java:17066 waiters=0 for 1.083s
12-09 08:32:46.837 W/art     ( 1592): Long monitor contention event with owner method=boolean com.android.server.am.ActivityManagerService.startInstrumentation(android.content.ComponentName, java.lang.String, int, android.os.Bundle, android.app.IInstrumentationWatcher, android.app.IUiAutomationConnection, int, java.lang.String) from ActivityManagerService.java:17066 waiters=2 for 1.044s
12-09 08:32:46.853 W/art     ( 1592): Long monitor contention event with owner method=boolean com.android.server.am.ActivityManagerService.startInstrumentation(android.content.ComponentName, java.lang.String, int, android.os.Bundle, android.app.IInstrumentationWatcher, android.app.IUiAutomationConnection, int, java.lang.String) from ActivityManagerService.java:17066 waiters=1 for 1.080s
12-09 08:32:46.862 W/ActivityManager( 1592): Spurious death for ProcessRecord{8173f96 0:com.evancharlton.mileage/u0a139}, curProc for 18312: null
12-09 08:32:46.862 D/AndroidRuntime(18469): Shutting down VM
12-09 08:32:47.588 W/art     ( 1592): Long monitor contention event with owner method=void com.android.server.wm.WindowAnimator$1.doFrame(long) from WindowAnimator.java:121 waiters=1 for 333ms
12-09 08:32:47.816 W/art     ( 1592): Long monitor contention event with owner method=void com.android.server.wm.WindowAnimator$1.doFrame(long) from WindowAnimator.java:121 waiters=1 for 227ms
12-09 08:32:47.982 W/art     ( 1592): Long monitor contention event with owner method=void com.android.server.wm.WindowAnimator$1.doFrame(long) from WindowAnimator.java:121 waiters=1 for 165ms
12-09 08:32:48.311 W/art     ( 1592): Long monitor contention event with owner method=void com.android.server.wm.WindowAnimator$1.doFrame(long) from WindowAnimator.java:121 waiters=1 for 154ms
12-09 08:32:48.558 W/art     ( 1592): Long monitor contention event with owner method=void com.android.server.wm.WindowAnimator$1.doFrame(long) from WindowAnimator.java:121 waiters=1 for 145ms
12-09 08:32:48.814 W/art     ( 1592): Long monitor contention event with owner method=void com.android.server.wm.WindowAnimator$1.doFrame(long) from WindowAnimator.java:121 waiters=1 for 163ms
12-09 08:32:49.026 W/art     ( 1592): Long monitor contention event with owner method=void com.android.server.wm.WindowAnimator$1.doFrame(long) from WindowAnimator.java:121 waiters=1 for 157ms
12-09 08:32:49.242 W/art     ( 1592): Long monitor contention event with owner method=void com.android.server.wm.WindowAnimator$1.doFrame(long) from WindowAnimator.java:121 waiters=1 for 216ms
12-09 08:32:49.253 W/art     ( 1592): Long monitor contention event with owner method=java.util.List com.android.server.am.ActivityManagerService.getAllStackInfos() from ActivityManagerService.java:8937 waiters=0 for 2.348s
12-09 08:32:49.255 I/Choreographer( 1949): Skipped 152 frames!  The application may be doing too much work on its main thread.
12-09 08:32:49.261 W/art     ( 1592): Long monitor contention event with owner method=java.util.List com.android.server.am.ActivityManagerService.getAllStackInfos() from ActivityManagerService.java:8937 waiters=1 for 1.912s
12-09 08:32:49.261 W/art     ( 1592): Long monitor contention event with owner method=java.util.List com.android.server.am.ActivityManagerService.getAllStackInfos() from ActivityManagerService.java:8937 waiters=2 for 1.564s
12-09 08:32:49.286 W/OpenGLRenderer( 1949): Incorrectly called buildLayer on View: ShortcutAndWidgetContainer, destroying layer...
12-09 08:32:49.315 W/System  (18478): ClassLoader referenced unknown path: /data/app/com.evancharlton.mileage.test-1/lib/x86_64
12-09 08:32:49.316 W/System  (18478): ClassLoader referenced unknown path: /data/app/com.evancharlton.mileage-1/lib/x86_64
12-09 08:32:49.399 I/System.out(18478): Main activity name automatically set to: com.evancharlton.mileage.Mileage
12-09 08:32:49.400 I/System.out(18478): Calabash did not load Mono. This is only a problem if you are trying to test a Mono application
12-09 08:32:49.400 I/calabash(18478): Test server port: 7102
12-09 08:32:49.418 I/InstrumentationBackend(18478): Added:'GetPreferences', with key:'get_preferences'
12-09 08:32:49.487 I/InstrumentationBackend(18478): Added:'SetPreferences', with key:'set_preferences'
12-09 08:32:49.487 I/InstrumentationBackend(18478): Added:'ClearPreferences', with key:'clear_preferences'
12-09 08:32:49.488 I/InstrumentationBackend(18478): Added:'PressElement', with key:'press_l10n_element'
12-09 08:32:49.488 I/InstrumentationBackend(18478): Added:'WaitForElement', with key:'wait_for_l10n_element'
12-09 08:32:49.499 I/InstrumentationBackend(18478): Added:'NullAction', with key:'nullAction'
12-09 08:32:49.499 I/InstrumentationBackend(18478): Added:'PressKey', with key:'press_key'
12-09 08:32:49.499 I/InstrumentationBackend(18478): Added:'SetActivityOrientation', with key:'set_activity_orientation'
12-09 08:32:49.500 I/InstrumentationBackend(18478): Added:'GetActivityOrientation', with key:'get_activity_orientation'
12-09 08:32:49.500 I/InstrumentationBackend(18478): Added:'FakeGPSLocation', with key:'set_gps_coordinates'
12-09 08:32:49.508 I/InstrumentationBackend(18478): Added:'SetPropertyByCssSelector', with key:'set_property_by_css_selector'
12-09 08:32:49.509 I/InstrumentationBackend(18478): Added:'GetUrl', with key:'get_url'
12-09 08:32:49.520 I/InstrumentationBackend(18478): Added:'ScrollTo', with key:'scroll_to'
12-09 08:32:49.520 I/InstrumentationBackend(18478): Added:'GetLoadProgress', with key:'get_load_progress'
12-09 08:32:49.520 I/InstrumentationBackend(18478): Added:'DumpHtml', with key:'dump_html'
12-09 08:32:49.520 I/InstrumentationBackend(18478): Added:'DumpBodyHtml', with key:'dump_body_html'
12-09 08:32:49.521 I/InstrumentationBackend(18478): Added:'EnterTextByCssSelector', with key:'enter_text_by_selector'
12-09 08:32:49.522 I/InstrumentationBackend(18478): Added:'AndroidSDKVersion', with key:'android_sdk_version'
12-09 08:32:49.522 I/InstrumentationBackend(18478): Added:'Version', with key:'version'
12-09 08:32:49.522 I/InstrumentationBackend(18478): Added:'Drag', with key:'drag'
12-09 08:32:49.522 I/InstrumentationBackend(18478): Added:'TouchCoordinates', with key:'touch_coordinate'
12-09 08:32:49.522 I/InstrumentationBackend(18478): Added:'LongPressCoordinate', with key:'long_press_coordinate'
12-09 08:32:49.522 I/InstrumentationBackend(18478): Added:'DragCoordinates', with key:'drag_coordinates'
12-09 08:32:49.523 I/InstrumentationBackend(18478): Added:'ResumeApplication', with key:'resume_application'
12-09 08:32:49.523 I/InstrumentationBackend(18478): Added:'Swipe', with key:'swipe'
12-09 08:32:49.551 I/InstrumentationBackend(18478): Added:'DoubleTapCoordinate', with key:'double_tap_coordinate'
12-09 08:32:49.551 I/InstrumentationBackend(18478): Added:'ClickOnScreen', with key:'click_on_screen'
12-09 08:32:49.551 I/InstrumentationBackend(18478): Added:'GetActivityName', with key:'get_activity_name'
12-09 08:32:49.551 I/InstrumentationBackend(18478): Added:'ScrollToView', with key:'scroll_to_view'
12-09 08:32:49.552 I/InstrumentationBackend(18478): Added:'ViewConfiguration', with key:'view_configuration'
12-09 08:32:49.561 I/InstrumentationBackend(18478): Added:'IsCurrentActivityFocused', with key:'is_current_activity_focused'
12-09 08:32:49.561 I/InstrumentationBackend(18478): Added:'SendTcp', with key:'send_tcp'
12-09 08:32:49.561 I/InstrumentationBackend(18478): Added:'DpToDevicePixel', with key:'dp_to_device_pixel'
12-09 08:32:49.581 I/InstrumentationBackend(18478): Added:'KeyboardEnterText', with key:'keyboard_enter_text'
12-09 08:32:49.581 I/InstrumentationBackend(18478): Added:'DeleteSurroundingText', with key:'delete_surrounding_text'
12-09 08:32:49.581 I/InstrumentationBackend(18478): Added:'SetComposingRegion', with key:'set_composing_region'
12-09 08:32:49.581 I/InstrumentationBackend(18478): Added:'SetSelection', with key:'set_selection'
12-09 08:32:49.582 I/InstrumentationBackend(18478): Added:'KeyboardKeyEvent', with key:'keyboard_key_event'
12-09 08:32:49.582 I/InstrumentationBackend(18478): Added:'PressUserActionButton', with key:'press_user_action_button'
12-09 08:32:49.582 I/InstrumentationBackend(18478): Added:'HideSoftKeyboard', with key:'hide_soft_keyboard'
12-09 08:32:49.583 I/InstrumentationBackend(18478): Added:'ListActions', with key:'list_actions'
12-09 08:32:49.650 I/calabash(18478): Instantiating http server at 7102
12-09 08:32:49.651 I/System.out(18478): HTTP Daemon listening on: 7102
12-09 08:32:49.730 I/art     (18478): Background sticky concurrent mark sweep GC freed 3307(330KB) AllocSpace objects, 0(0B) LOS objects, 22% free, 1065KB/1374KB, paused 1.449ms total 243.466ms
12-09 08:32:49.731 I/System.out(18478): URI: //ping
12-09 08:32:49.732 I/System.out(18478): params: {json={}
12-09 08:32:49.732 I/System.out(18478): }
12-09 08:32:49.827 W/WindowAnimator( 1592): Failed to dispatch window animation state change.
12-09 08:32:49.827 W/WindowAnimator( 1592): android.os.DeadObjectException
12-09 08:32:49.827 W/WindowAnimator( 1592): 	at android.os.BinderProxy.transactNative(Native Method)
12-09 08:32:49.827 W/WindowAnimator( 1592): 	at android.os.BinderProxy.transact(Binder.java:503)
12-09 08:32:49.827 W/WindowAnimator( 1592): 	at android.view.IWindow$Stub$Proxy.onAnimationStopped(IWindow.java:534)
12-09 08:32:49.827 W/WindowAnimator( 1592): 	at com.android.server.wm.WindowAnimator.updateWindowsLocked(WindowAnimator.java:286)
12-09 08:32:49.827 W/WindowAnimator( 1592): 	at com.android.server.wm.WindowAnimator.animateLocked(WindowAnimator.java:678)
12-09 08:32:49.827 W/WindowAnimator( 1592): 	at com.android.server.wm.WindowAnimator.-wrap0(WindowAnimator.java)
12-09 08:32:49.827 W/WindowAnimator( 1592): 	at com.android.server.wm.WindowAnimator$1.doFrame(WindowAnimator.java:123)
12-09 08:32:49.827 W/WindowAnimator( 1592): 	at android.view.Choreographer$CallbackRecord.run(Choreographer.java:856)
12-09 08:32:49.827 W/WindowAnimator( 1592): 	at android.view.Choreographer.doCallbacks(Choreographer.java:670)
12-09 08:32:49.827 W/WindowAnimator( 1592): 	at android.view.Choreographer.doFrame(Choreographer.java:603)
12-09 08:32:49.827 W/WindowAnimator( 1592): 	at android.view.Choreographer$FrameDisplayEventReceiver.run(Choreographer.java:844)
12-09 08:32:49.827 W/WindowAnimator( 1592): 	at android.os.Handler.handleCallback(Handler.java:739)
12-09 08:32:49.827 W/WindowAnimator( 1592): 	at android.os.Handler.dispatchMessage(Handler.java:95)
12-09 08:32:49.827 W/WindowAnimator( 1592): 	at android.os.Looper.loop(Looper.java:148)
12-09 08:32:49.827 W/WindowAnimator( 1592): 	at android.os.HandlerThread.run(HandlerThread.java:61)
12-09 08:32:49.827 W/WindowAnimator( 1592): 	at com.android.server.ServiceThread.run(ServiceThread.java:46)
12-09 08:32:49.851 I/System.out(18478): URI: //ping
12-09 08:32:49.851 I/System.out(18478): params: {json={}
12-09 08:32:49.851 I/System.out(18478): }
12-09 08:32:49.913 I/System.out(18478): URI: //ready
12-09 08:32:49.913 I/System.out(18478): params: {json={}
12-09 08:32:49.913 I/System.out(18478): }
12-09 08:32:49.922 I/art     (18478): Background partial concurrent mark sweep GC freed 1038(201KB) AllocSpace objects, 7(140KB) LOS objects, 47% free, 1117KB/2MB, paused 15.566ms total 69.681ms
12-09 08:32:49.974 I/System.out(18478): URI: //
12-09 08:32:49.974 I/System.out(18478): params: {json={"command":"version","arguments":[]}
12-09 08:32:49.974 I/System.out(18478): }
12-09 08:32:49.974 I/System.out(18478): header: {date=Sun, 09 Dec 2018 08:32:50 GMT, accept=*/*, content-length=36, host=127.0.0.1:34777, user-agent=HTTPClient/1.0 (2.8.3, ruby 2.3.1 (2016-04-26)), content-type=application/json;charset=utf-8}
12-09 08:32:49.974 I/System.out(18478): params: {json={"command":"version","arguments":[]}
12-09 08:32:49.974 I/System.out(18478): }
12-09 08:32:49.974 I/System.out(18478): ProP json = {"command":"version","arguments":[]}
12-09 08:32:49.975 I/System.out(18478): files: {}
12-09 08:32:49.975 I/System.out(18478): command: {"command":"version","arguments":[]}
12-09 08:32:50.017 I/InstrumentationBackend(18478): Got command:'Command:'Line:null,version', arguments:'[]'
12-09 08:32:50.069 I/System.out(18478): result:{"bonusInformation":[],"message":"0.9.8","success":true}
12-09 08:32:50.172 W/art     ( 1592): Long monitor contention event with owner method=void com.android.server.wm.WindowAnimator$1.doFrame(long) from WindowAnimator.java:121 waiters=0 for 171ms
12-09 08:32:50.260 I/art     (18478): Background sticky concurrent mark sweep GC freed 14353(727KB) AllocSpace objects, 6(120KB) LOS objects, 44% free, 1179KB/2MB, paused 1.110ms total 185.936ms
12-09 08:32:50.297 I/System.out(18478): URI: //start-application
12-09 08:32:50.304 I/System.out(18478): params: {json={"intent":null}
12-09 08:32:50.304 I/System.out(18478): }
12-09 08:32:50.441 I/ActivityManager( 1592): START u0 {act=android.intent.action.MAIN cat=[android.intent.category.LAUNCHER] flg=0x10200000 cmp=com.evancharlton.mileage/.Mileage} from uid 10139 on display 0
12-09 08:32:50.681 I/calabash(18478): newActivity1
12-09 08:32:50.694 D/gralloc_ranchu( 1218): gralloc_alloc: Creating ashmem region of size 3686400
12-09 08:32:50.730 I/calabash(18478): newActivity1
12-09 08:32:50.731 W/ActivityManager( 1592): Bad activity token: android.os.BinderProxy@b016621
12-09 08:32:50.731 W/ActivityManager( 1592): java.lang.ClassCastException: android.os.BinderProxy cannot be cast to com.android.server.am.ActivityRecord$Token
12-09 08:32:50.731 W/ActivityManager( 1592): 	at com.android.server.am.ActivityRecord.forTokenLocked(ActivityRecord.java:424)
12-09 08:32:50.731 W/ActivityManager( 1592): 	at com.android.server.am.ActivityRecord.isInStackLocked(ActivityRecord.java:1121)
12-09 08:32:50.731 W/ActivityManager( 1592): 	at com.android.server.am.ActivityRecord.getStackLocked(ActivityRecord.java:1126)
12-09 08:32:50.731 W/ActivityManager( 1592): 	at com.android.server.am.ActivityManagerService.getActivityDisplayId(ActivityManagerService.java:8889)
12-09 08:32:50.731 W/ActivityManager( 1592): 	at android.app.ActivityManagerNative.onTransact(ActivityManagerNative.java:2338)
12-09 08:32:50.731 W/ActivityManager( 1592): 	at com.android.server.am.ActivityManagerService.onTransact(ActivityManagerService.java:2443)
12-09 08:32:50.731 W/ActivityManager( 1592): 	at android.os.Binder.execTransact(Binder.java:453)
12-09 08:32:50.741 W/ActivityManager( 1592): Bad activity token: android.os.BinderProxy@b016621
12-09 08:32:50.741 W/ActivityManager( 1592): java.lang.ClassCastException: android.os.BinderProxy cannot be cast to com.android.server.am.ActivityRecord$Token
12-09 08:32:50.741 W/ActivityManager( 1592): 	at com.android.server.am.ActivityRecord.forTokenLocked(ActivityRecord.java:424)
12-09 08:32:50.741 W/ActivityManager( 1592): 	at com.android.server.am.ActivityRecord.isInStackLocked(ActivityRecord.java:1121)
12-09 08:32:50.741 W/ActivityManager( 1592): 	at com.android.server.am.ActivityManagerService.setTaskDescription(ActivityManagerService.java:8547)
12-09 08:32:50.741 W/ActivityManager( 1592): 	at android.app.ActivityManagerNative.onTransact(ActivityManagerNative.java:2410)
12-09 08:32:50.741 W/ActivityManager( 1592): 	at com.android.server.am.ActivityManagerService.onTransact(ActivityManagerService.java:2443)
12-09 08:32:50.741 W/ActivityManager( 1592): 	at android.os.Binder.execTransact(Binder.java:453)
12-09 08:32:50.841 W/ActivityManager( 1592): Bad activity token: android.os.BinderProxy@b016621
12-09 08:32:50.841 W/ActivityManager( 1592): java.lang.ClassCastException: android.os.BinderProxy cannot be cast to com.android.server.am.ActivityRecord$Token
12-09 08:32:50.841 W/ActivityManager( 1592): 	at com.android.server.am.ActivityRecord.forTokenLocked(ActivityRecord.java:424)
12-09 08:32:50.841 W/ActivityManager( 1592): 	at com.android.server.am.ActivityRecord.isInStackLocked(ActivityRecord.java:1121)
12-09 08:32:50.841 W/ActivityManager( 1592): 	at com.android.server.am.ActivityManagerService.getActivityOptions(ActivityManagerService.java:11038)
12-09 08:32:50.841 W/ActivityManager( 1592): 	at android.app.ActivityManagerNative.onTransact(ActivityManagerNative.java:1734)
12-09 08:32:50.841 W/ActivityManager( 1592): 	at com.android.server.am.ActivityManagerService.onTransact(ActivityManagerService.java:2443)
12-09 08:32:50.841 W/ActivityManager( 1592): 	at android.os.Binder.execTransact(Binder.java:453)
12-09 08:32:50.841 W/ActivityManager( 1592): Bad activity token: android.os.BinderProxy@b016621
12-09 08:32:50.841 W/ActivityManager( 1592): java.lang.ClassCastException: android.os.BinderProxy cannot be cast to com.android.server.am.ActivityRecord$Token
12-09 08:32:50.841 W/ActivityManager( 1592): 	at com.android.server.am.ActivityRecord.forTokenLocked(ActivityRecord.java:424)
12-09 08:32:50.841 W/ActivityManager( 1592): 	at com.android.server.am.ActivityRecord.isInStackLocked(ActivityRecord.java:1121)
12-09 08:32:50.841 W/ActivityManager( 1592): 	at com.android.server.am.ActivityManagerService.getActivityOptions(ActivityManagerService.java:11038)
12-09 08:32:50.841 W/ActivityManager( 1592): 	at android.app.ActivityManagerNative.onTransact(ActivityManagerNative.java:1734)
12-09 08:32:50.841 W/ActivityManager( 1592): 	at com.android.server.am.ActivityManagerService.onTransact(ActivityManagerService.java:2443)
12-09 08:32:50.841 W/ActivityManager( 1592): 	at android.os.Binder.execTransact(Binder.java:453)
12-09 08:32:50.995 V/PhoneStatusBar( 1706): setLightsOn(true)
12-09 08:32:51.025 D/EGL_emulation( 1949): eglMakeCurrent: 0x7f1b08134640: ver 2 0 (tinfo 0x7f1b08102800)
12-09 08:32:51.026 E/Surface ( 1949): getSlotFromBufferLocked: unknown buffer: 0x7f1b046d6c40
12-09 08:32:51.140 I/art     (18478): Background sticky concurrent mark sweep GC freed 1508(130KB) AllocSpace objects, 0(0B) LOS objects, 12% free, 1992KB/2MB, paused 66.210ms total 99.658ms
12-09 08:32:51.307 D/gralloc_ranchu( 1218): gralloc_alloc: Creating ashmem region of size 3686400
12-09 08:32:51.447 D/        (18478): HostConnection::get() New Host Connection established 0x7f1b0473d0a0, tid 18478
12-09 08:32:51.897 D/gralloc_ranchu( 1218): gralloc_alloc: Creating ashmem region of size 3686400
12-09 08:32:52.097 I/ActivityManager( 1592): Displayed com.evancharlton.mileage/.Mileage: +1s577ms
12-09 08:32:52.396 D/gralloc_ranchu( 1218): gralloc_alloc: Creating ashmem region of size 3686400
12-09 08:32:53.353 I/System.out(18478): URI: //map
12-09 08:32:53.353 I/System.out(18478): params: {json={"query":"android.widget.EditText id:'price'","operation":{"method_name":"query","arguments":[]}}
12-09 08:32:53.353 I/System.out(18478): }
12-09 08:32:53.558 W/ResourceType(18478): No package identifier when getting name for resource number 0x00000001
12-09 08:32:53.604 I/art     (18478): Background sticky concurrent mark sweep GC freed 24174(1079KB) AllocSpace objects, 2(40KB) LOS objects, 29% free, 2MB/3MB, paused 2.279ms total 220.531ms
12-09 08:32:53.870 I/System.out(18478): URI: //gesture
12-09 08:32:53.870 I/System.out(18478): params: {json={"query_timeout":5.0,"gestures":[{"query_string":"android.widget.EditText id:'price'","touches":[{"x":50,"y":50,"offset_x":0,"offset_y":0,"wait":0.0,"time":0.2,"release":true,"query_string":null}]}]}
12-09 08:32:53.870 I/System.out(18478): }
12-09 08:32:53.890 W/ResourceType(18478): No package identifier when getting name for resource number 0x00000001
12-09 08:32:53.915 I/art     (18478): Background partial concurrent mark sweep GC freed 48458(2MB) AllocSpace objects, 3(60KB) LOS objects, 40% free, 2MB/3MB, paused 2.438ms total 254.752ms
12-09 08:32:54.349 I/LatinIME( 1884): Starting input. Cursor position = 0,0
12-09 08:32:54.538 I/art     (18478): Background sticky concurrent mark sweep GC freed 29479(1419KB) AllocSpace objects, 1(20KB) LOS objects, 39% free, 2MB/3MB, paused 14.797ms total 176.258ms
12-09 08:32:54.633 D/EGL_emulation( 1884): eglMakeCurrent: 0x7f1b08138e20: ver 2 0 (tinfo 0x7f1b040237c0)
12-09 08:32:54.961 I/System.out(18478): URI: //
12-09 08:32:54.961 I/System.out(18478): params: {json={"command":"set_selection","arguments":[-1,-1]}
12-09 08:32:54.961 I/System.out(18478): }
12-09 08:32:54.961 I/System.out(18478): header: {date=Sun, 09 Dec 2018 08:32:54 GMT, accept=*/*, content-length=47, host=127.0.0.1:34777, user-agent=HTTPClient/1.0 (2.8.3, ruby 2.3.1 (2016-04-26)), content-type=application/json;charset=utf-8}
12-09 08:32:54.961 I/System.out(18478): params: {json={"command":"set_selection","arguments":[-1,-1]}
12-09 08:32:54.961 I/System.out(18478): }
12-09 08:32:54.962 I/System.out(18478): ProP json = {"command":"set_selection","arguments":[-1,-1]}
12-09 08:32:54.962 I/System.out(18478): files: {}
12-09 08:32:54.962 I/System.out(18478): command: {"command":"set_selection","arguments":[-1,-1]}
12-09 08:32:54.963 I/InstrumentationBackend(18478): Got command:'Command:'Line:null,set_selection', arguments:'[-1, -1]'
12-09 08:32:54.979 I/System.out(18478): result:{"bonusInformation":[],"message":"","success":true}
12-09 08:32:55.232 I/art     ( 1884): Background sticky concurrent mark sweep GC freed 1499(161KB) AllocSpace objects, 1(36KB) LOS objects, 19% free, 2MB/2MB, paused 11.053ms total 27.725ms
12-09 08:32:55.337 I/System.out(18478): URI: //
12-09 08:32:55.337 I/System.out(18478): params: {json={"command":"keyboard_enter_text","arguments":["98879898249712372391"]}
12-09 08:32:55.337 I/System.out(18478): }
12-09 08:32:55.337 I/System.out(18478): header: {date=Sun, 09 Dec 2018 08:32:55 GMT, accept=*/*, content-length=70, host=127.0.0.1:34777, user-agent=HTTPClient/1.0 (2.8.3, ruby 2.3.1 (2016-04-26)), content-type=application/json;charset=utf-8}
12-09 08:32:55.337 I/System.out(18478): params: {json={"command":"keyboard_enter_text","arguments":["98879898249712372391"]}
12-09 08:32:55.338 I/System.out(18478): }
12-09 08:32:55.338 I/System.out(18478): ProP json = {"command":"keyboard_enter_text","arguments":["98879898249712372391"]}
12-09 08:32:55.338 I/System.out(18478): files: {}
12-09 08:32:55.338 I/System.out(18478): command: {"command":"keyboard_enter_text","arguments":["98879898249712372391"]}
12-09 08:32:55.339 I/InstrumentationBackend(18478): Got command:'Command:'Line:null,keyboard_enter_text', arguments:'[98879898249712372391]'
12-09 08:32:55.371 E/SpannableStringBuilder(18478): SPAN_EXCLUSIVE_EXCLUSIVE spans cannot have a zero length
12-09 08:32:55.371 E/SpannableStringBuilder(18478): SPAN_EXCLUSIVE_EXCLUSIVE spans cannot have a zero length
12-09 08:32:55.524 W/art     ( 1592): Long monitor contention event with owner method=void com.android.server.wm.WindowAnimator$1.doFrame(long) from WindowAnimator.java:121 waiters=0 for 131ms
12-09 08:32:55.635 E/SpannableStringBuilder(18478): SPAN_EXCLUSIVE_EXCLUSIVE spans cannot have a zero length
12-09 08:32:55.635 E/SpannableStringBuilder(18478): SPAN_EXCLUSIVE_EXCLUSIVE spans cannot have a zero length
12-09 08:32:55.958 I/System.out(18478): result:{"bonusInformation":[],"message":"","success":true}
12-09 08:32:56.013 I/art     (18478): Background partial concurrent mark sweep GC freed 28781(1402KB) AllocSpace objects, 7(140KB) LOS objects, 39% free, 2MB/3MB, paused 2.381ms total 362.187ms
12-09 08:32:56.605 E/SurfaceFlinger( 1218): ro.sf.lcd_density must be defined as a build property
12-09 08:32:56.606 D/gralloc_ranchu( 1218): gralloc_alloc: Creating ashmem region of size 3686400
12-09 08:32:56.654 D/        (18510): HostConnection::get() New Host Connection established 0x7f417fe52480, tid 18510
12-09 08:32:56.744 E/EGL_emulation( 1218): tid 1218: eglCreateSyncKHR(1881): error 0x3004 (EGL_BAD_ATTRIBUTE)
12-09 08:32:57.683 I/System.out(18478): URI: //map
12-09 08:32:57.683 I/System.out(18478): params: {json={"query":"android.widget.EditText id:'volume'","operation":{"method_name":"query","arguments":[]}}
12-09 08:32:57.683 I/System.out(18478): }
12-09 08:32:57.784 W/ResourceType(18478): No package identifier when getting name for resource number 0x00000001
12-09 08:32:57.893 I/System.out(18478): URI: //gesture
12-09 08:32:57.893 I/System.out(18478): params: {json={"query_timeout":5.0,"gestures":[{"query_string":"android.widget.EditText id:'volume'","touches":[{"x":50,"y":50,"offset_x":0,"offset_y":0,"wait":0.0,"time":0.2,"release":true,"query_string":null}]}]}
12-09 08:32:57.893 I/System.out(18478): }
12-09 08:32:57.924 W/ResourceType(18478): No package identifier when getting name for resource number 0x00000001
12-09 08:32:57.963 I/art     (18478): Background sticky concurrent mark sweep GC freed 45493(2MB) AllocSpace objects, 3(60KB) LOS objects, 21% free, 2MB/3MB, paused 1.112ms total 157.491ms
12-09 08:32:58.293 I/LatinIME( 1884): Starting input. Cursor position = 0,0
12-09 08:32:58.413 I/art     (18478): Background sticky concurrent mark sweep GC freed 44714(2028KB) AllocSpace objects, 2(40KB) LOS objects, 37% free, 2MB/3MB, paused 1.151ms total 108.592ms
12-09 08:32:58.887 I/System.out(18478): URI: //
12-09 08:32:58.887 I/System.out(18478): params: {json={"command":"set_selection","arguments":[-1,-1]}
12-09 08:32:58.887 I/System.out(18478): }
12-09 08:32:58.887 I/System.out(18478): header: {date=Sun, 09 Dec 2018 08:32:58 GMT, accept=*/*, content-length=47, host=127.0.0.1:34777, user-agent=HTTPClient/1.0 (2.8.3, ruby 2.3.1 (2016-04-26)), content-type=application/json;charset=utf-8}
12-09 08:32:58.887 I/System.out(18478): params: {json={"command":"set_selection","arguments":[-1,-1]}
12-09 08:32:58.887 I/System.out(18478): }
12-09 08:32:58.887 I/System.out(18478): ProP json = {"command":"set_selection","arguments":[-1,-1]}
12-09 08:32:58.888 I/System.out(18478): files: {}
12-09 08:32:58.888 I/System.out(18478): command: {"command":"set_selection","arguments":[-1,-1]}
12-09 08:32:58.889 I/InstrumentationBackend(18478): Got command:'Command:'Line:null,set_selection', arguments:'[-1, -1]'
12-09 08:32:58.915 I/System.out(18478): result:{"bonusInformation":[],"message":"","success":true}
12-09 08:32:59.120 I/System.out(18478): URI: //
12-09 08:32:59.121 I/System.out(18478): params: {json={"command":"keyboard_enter_text","arguments":["98879891284721092831"]}
12-09 08:32:59.121 I/System.out(18478): }
12-09 08:32:59.121 I/System.out(18478): header: {date=Sun, 09 Dec 2018 08:32:59 GMT, accept=*/*, content-length=70, host=127.0.0.1:34777, user-agent=HTTPClient/1.0 (2.8.3, ruby 2.3.1 (2016-04-26)), content-type=application/json;charset=utf-8}
12-09 08:32:59.121 I/System.out(18478): params: {json={"command":"keyboard_enter_text","arguments":["98879891284721092831"]}
12-09 08:32:59.121 I/System.out(18478): }
12-09 08:32:59.121 I/System.out(18478): ProP json = {"command":"keyboard_enter_text","arguments":["98879891284721092831"]}
12-09 08:32:59.121 I/System.out(18478): files: {}
12-09 08:32:59.121 I/System.out(18478): command: {"command":"keyboard_enter_text","arguments":["98879891284721092831"]}
12-09 08:32:59.122 I/InstrumentationBackend(18478): Got command:'Command:'Line:null,keyboard_enter_text', arguments:'[98879891284721092831]'
12-09 08:32:59.133 E/SpannableStringBuilder(18478): SPAN_EXCLUSIVE_EXCLUSIVE spans cannot have a zero length
12-09 08:32:59.133 E/SpannableStringBuilder(18478): SPAN_EXCLUSIVE_EXCLUSIVE spans cannot have a zero length
12-09 08:32:59.147 E/SpannableStringBuilder(18478): SPAN_EXCLUSIVE_EXCLUSIVE spans cannot have a zero length
12-09 08:32:59.147 E/SpannableStringBuilder(18478): SPAN_EXCLUSIVE_EXCLUSIVE spans cannot have a zero length
12-09 08:32:59.172 I/System.out(18478): result:{"bonusInformation":[],"message":"","success":true}
12-09 08:32:59.198 I/art     (18478): Background sticky concurrent mark sweep GC freed 24270(1078KB) AllocSpace objects, 5(100KB) LOS objects, 29% free, 2MB/3MB, paused 5.002ms total 37.614ms
12-09 08:32:59.754 E/SurfaceFlinger( 1218): ro.sf.lcd_density must be defined as a build property
12-09 08:32:59.895 D/gralloc_ranchu( 1218): gralloc_alloc: Creating ashmem region of size 3686400
12-09 08:33:00.090 D/        (18520): HostConnection::get() New Host Connection established 0x7fea654d2480, tid 18520
12-09 08:33:00.201 E/EGL_emulation( 1218): tid 1218: eglCreateSyncKHR(1881): error 0x3004 (EGL_BAD_ATTRIBUTE)
12-09 08:33:01.113 I/System.out(18478): URI: //map
12-09 08:33:01.113 I/System.out(18478): params: {json={"query":"android.widget.EditText id:'odometer'","operation":{"method_name":"query","arguments":[]}}
12-09 08:33:01.113 I/System.out(18478): }
12-09 08:33:01.129 W/ResourceType(18478): No package identifier when getting name for resource number 0x00000001
12-09 08:33:01.227 I/System.out(18478): URI: //gesture
12-09 08:33:01.227 I/System.out(18478): params: {json={"query_timeout":5.0,"gestures":[{"query_string":"android.widget.EditText id:'odometer'","touches":[{"x":50,"y":50,"offset_x":0,"offset_y":0,"wait":0.0,"time":0.2,"release":true,"query_string":null}]}]}
12-09 08:33:01.227 I/System.out(18478): }
12-09 08:33:01.310 W/ResourceType(18478): No package identifier when getting name for resource number 0x00000001
12-09 08:33:01.985 I/LatinIME( 1884): Starting input. Cursor position = 0,0
12-09 08:33:02.121 I/art     (18478): Background sticky concurrent mark sweep GC freed 24048(993KB) AllocSpace objects, 1(20KB) LOS objects, 2% free, 3MB/3MB, paused 3.852ms total 201.584ms
12-09 08:33:02.289 I/art     ( 1884): Background partial concurrent mark sweep GC freed 6837(487KB) AllocSpace objects, 3(76KB) LOS objects, 39% free, 2MB/3MB, paused 22.248ms total 103.067ms
12-09 08:33:02.561 I/System.out(18478): URI: //
12-09 08:33:02.561 I/System.out(18478): params: {json={"command":"set_selection","arguments":[-1,-1]}
12-09 08:33:02.561 I/System.out(18478): }
12-09 08:33:02.561 I/System.out(18478): header: {date=Sun, 09 Dec 2018 08:33:02 GMT, accept=*/*, content-length=47, host=127.0.0.1:34777, user-agent=HTTPClient/1.0 (2.8.3, ruby 2.3.1 (2016-04-26)), content-type=application/json;charset=utf-8}
12-09 08:33:02.561 I/System.out(18478): params: {json={"command":"set_selection","arguments":[-1,-1]}
12-09 08:33:02.561 I/System.out(18478): }
12-09 08:33:02.561 I/System.out(18478): ProP json = {"command":"set_selection","arguments":[-1,-1]}
12-09 08:33:02.561 I/System.out(18478): files: {}
12-09 08:33:02.561 I/System.out(18478): command: {"command":"set_selection","arguments":[-1,-1]}
12-09 08:33:02.562 I/InstrumentationBackend(18478): Got command:'Command:'Line:null,set_selection', arguments:'[-1, -1]'
12-09 08:33:02.581 I/System.out(18478): result:{"bonusInformation":[],"message":"","success":true}
12-09 08:33:02.817 I/System.out(18478): URI: //
12-09 08:33:02.817 I/System.out(18478): params: {json={"command":"keyboard_enter_text","arguments":["74394723984721092831"]}
12-09 08:33:02.817 I/System.out(18478): }
12-09 08:33:02.817 I/System.out(18478): header: {date=Sun, 09 Dec 2018 08:33:02 GMT, accept=*/*, content-length=70, host=127.0.0.1:34777, user-agent=HTTPClient/1.0 (2.8.3, ruby 2.3.1 (2016-04-26)), content-type=application/json;charset=utf-8}
12-09 08:33:02.817 I/System.out(18478): params: {json={"command":"keyboard_enter_text","arguments":["74394723984721092831"]}
12-09 08:33:02.817 I/System.out(18478): }
12-09 08:33:02.817 I/System.out(18478): ProP json = {"command":"keyboard_enter_text","arguments":["74394723984721092831"]}
12-09 08:33:02.817 I/System.out(18478): files: {}
12-09 08:33:02.817 I/System.out(18478): command: {"command":"keyboard_enter_text","arguments":["74394723984721092831"]}
12-09 08:33:02.818 I/InstrumentationBackend(18478): Got command:'Command:'Line:null,keyboard_enter_text', arguments:'[74394723984721092831]'
12-09 08:33:02.819 E/SpannableStringBuilder(18478): SPAN_EXCLUSIVE_EXCLUSIVE spans cannot have a zero length
12-09 08:33:02.819 E/SpannableStringBuilder(18478): SPAN_EXCLUSIVE_EXCLUSIVE spans cannot have a zero length
12-09 08:33:02.887 E/SpannableStringBuilder(18478): SPAN_EXCLUSIVE_EXCLUSIVE spans cannot have a zero length
12-09 08:33:02.887 E/SpannableStringBuilder(18478): SPAN_EXCLUSIVE_EXCLUSIVE spans cannot have a zero length
12-09 08:33:02.927 I/System.out(18478): result:{"bonusInformation":[],"message":"","success":true}
12-09 08:33:03.044 I/art     (18478): Background sticky concurrent mark sweep GC freed 24055(1068KB) AllocSpace objects, 5(100KB) LOS objects, 30% free, 2MB/3MB, paused 1.974ms total 138.734ms
12-09 08:33:03.330 E/SurfaceFlinger( 1218): ro.sf.lcd_density must be defined as a build property
12-09 08:33:03.350 D/gralloc_ranchu( 1218): gralloc_alloc: Creating ashmem region of size 3686400
12-09 08:33:03.380 D/        (18530): HostConnection::get() New Host Connection established 0x7fc497e92480, tid 18530
12-09 08:33:03.401 E/EGL_emulation( 1218): tid 1218: eglCreateSyncKHR(1881): error 0x3004 (EGL_BAD_ATTRIBUTE)
12-09 08:33:05.641 I/System.out(18478): URI: //map
12-09 08:33:05.641 I/System.out(18478): params: {json={"query":"android.widget.Button index:2","operation":{"method_name":"query","arguments":[]}}
12-09 08:33:05.641 I/System.out(18478): }
12-09 08:33:06.030 I/art     (18478): Background partial concurrent mark sweep GC freed 45523(1997KB) AllocSpace objects, 3(60KB) LOS objects, 39% free, 2MB/4MB, paused 2.413ms total 326.965ms
12-09 08:33:06.085 I/System.out(18478): URI: //gesture
12-09 08:33:06.085 I/System.out(18478): params: {json={"query_timeout":5.0,"gestures":[{"query_string":"android.widget.Button index:2","touches":[{"x":50,"y":50,"offset_x":0,"offset_y":0,"wait":0.0,"time":0.2,"release":true,"query_string":null}]}]}
12-09 08:33:06.085 I/System.out(18478): }
12-09 08:33:06.837 I/art     (18478): Background sticky concurrent mark sweep GC freed 53524(2MB) AllocSpace objects, 2(40KB) LOS objects, 44% free, 2MB/4MB, paused 1.216ms total 173.892ms
12-09 08:33:06.857 W/audio_hw_generic( 1307): Hardware backing HAL too slow, could only write 0 of 661 frames
12-09 08:33:06.884 W/audio_hw_generic( 1307): Hardware backing HAL too slow, could only write 0 of 661 frames
12-09 08:33:06.884 W/audio_hw_generic( 1307): Hardware backing HAL too slow, could only write 0 of 661 frames
12-09 08:33:06.900 W/audio_hw_generic( 1307): Hardware backing HAL too slow, could only write 0 of 661 frames
12-09 08:33:07.114 W/audio_hw_generic( 1307): Not supplying enough data to HAL, expected position 42316492 , only wrote 42314576
12-09 08:33:07.114 W/audio_hw_generic( 1307): Not supplying enough data to HAL, expected position 42314583 , only wrote 42314576
12-09 08:33:07.132 W/audio_hw_generic( 1307): Not supplying enough data to HAL, expected position 42315391 , only wrote 42315237
12-09 08:33:07.158 I/calabash(18478): newActivity1
12-09 08:33:07.158 W/ActivityManager( 1592): Bad activity token: android.os.BinderProxy@4de63ef
12-09 08:33:07.158 W/ActivityManager( 1592): java.lang.ClassCastException: android.os.BinderProxy cannot be cast to com.android.server.am.ActivityRecord$Token
12-09 08:33:07.158 W/ActivityManager( 1592): 	at com.android.server.am.ActivityRecord.forTokenLocked(ActivityRecord.java:424)
12-09 08:33:07.158 W/ActivityManager( 1592): 	at com.android.server.am.ActivityRecord.isInStackLocked(ActivityRecord.java:1121)
12-09 08:33:07.158 W/ActivityManager( 1592): 	at com.android.server.am.ActivityRecord.getStackLocked(ActivityRecord.java:1126)
12-09 08:33:07.158 W/ActivityManager( 1592): 	at com.android.server.am.ActivityManagerService.getActivityDisplayId(ActivityManagerService.java:8889)
12-09 08:33:07.158 W/ActivityManager( 1592): 	at android.app.ActivityManagerNative.onTransact(ActivityManagerNative.java:2338)
12-09 08:33:07.158 W/ActivityManager( 1592): 	at com.android.server.am.ActivityManagerService.onTransact(ActivityManagerService.java:2443)
12-09 08:33:07.158 W/ActivityManager( 1592): 	at android.os.Binder.execTransact(Binder.java:453)
12-09 08:33:07.160 W/ActivityManager( 1592): Bad activity token: android.os.BinderProxy@4de63ef
12-09 08:33:07.160 W/ActivityManager( 1592): java.lang.ClassCastException: android.os.BinderProxy cannot be cast to com.android.server.am.ActivityRecord$Token
12-09 08:33:07.160 W/ActivityManager( 1592): 	at com.android.server.am.ActivityRecord.forTokenLocked(ActivityRecord.java:424)
12-09 08:33:07.160 W/ActivityManager( 1592): 	at com.android.server.am.ActivityRecord.isInStackLocked(ActivityRecord.java:1121)
12-09 08:33:07.160 W/ActivityManager( 1592): 	at com.android.server.am.ActivityManagerService.setTaskDescription(ActivityManagerService.java:8547)
12-09 08:33:07.160 W/ActivityManager( 1592): 	at android.app.ActivityManagerNative.onTransact(ActivityManagerNative.java:2410)
12-09 08:33:07.160 W/ActivityManager( 1592): 	at com.android.server.am.ActivityManagerService.onTransact(ActivityManagerService.java:2443)
12-09 08:33:07.160 W/ActivityManager( 1592): 	at android.os.Binder.execTransact(Binder.java:453)
12-09 08:33:07.177 W/audio_hw_generic( 1307): Hardware backing HAL too slow, could only write 0 of 661 frames
12-09 08:33:07.197 W/audio_hw_generic( 1307): Hardware backing HAL too slow, could only write 0 of 661 frames
12-09 08:33:07.203 W/ActivityManager( 1592): Bad activity token: android.os.BinderProxy@4de63ef
12-09 08:33:07.203 W/ActivityManager( 1592): java.lang.ClassCastException: android.os.BinderProxy cannot be cast to com.android.server.am.ActivityRecord$Token
12-09 08:33:07.203 W/ActivityManager( 1592): 	at com.android.server.am.ActivityRecord.forTokenLocked(ActivityRecord.java:424)
12-09 08:33:07.203 W/ActivityManager( 1592): 	at com.android.server.am.ActivityRecord.isInStackLocked(ActivityRecord.java:1121)
12-09 08:33:07.203 W/ActivityManager( 1592): 	at com.android.server.am.ActivityManagerService.getActivityOptions(ActivityManagerService.java:11038)
12-09 08:33:07.203 W/ActivityManager( 1592): 	at android.app.ActivityManagerNative.onTransact(ActivityManagerNative.java:1734)
12-09 08:33:07.203 W/ActivityManager( 1592): 	at com.android.server.am.ActivityManagerService.onTransact(ActivityManagerService.java:2443)
12-09 08:33:07.203 W/ActivityManager( 1592): 	at android.os.Binder.execTransact(Binder.java:453)
12-09 08:33:07.203 W/ActivityManager( 1592): Bad activity token: android.os.BinderProxy@4de63ef
12-09 08:33:07.203 W/ActivityManager( 1592): java.lang.ClassCastException: android.os.BinderProxy cannot be cast to com.android.server.am.ActivityRecord$Token
12-09 08:33:07.203 W/ActivityManager( 1592): 	at com.android.server.am.ActivityRecord.forTokenLocked(ActivityRecord.java:424)
12-09 08:33:07.203 W/ActivityManager( 1592): 	at com.android.server.am.ActivityRecord.isInStackLocked(ActivityRecord.java:1121)
12-09 08:33:07.203 W/ActivityManager( 1592): 	at com.android.server.am.ActivityManagerService.getActivityOptions(ActivityManagerService.java:11038)
12-09 08:33:07.203 W/ActivityManager( 1592): 	at android.app.ActivityManagerNative.onTransact(ActivityManagerNative.java:1734)
12-09 08:33:07.203 W/ActivityManager( 1592): 	at com.android.server.am.ActivityManagerService.onTransact(ActivityManagerService.java:2443)
12-09 08:33:07.203 W/ActivityManager( 1592): 	at android.os.Binder.execTransact(Binder.java:453)
12-09 08:33:07.259 I/LatinIME( 1884): Starting input. Cursor position = -1,-1
12-09 08:33:07.260 E/SurfaceFlinger( 1218): ro.sf.lcd_density must be defined as a build property
12-09 08:33:07.264 D/gralloc_ranchu( 1218): gralloc_alloc: Creating ashmem region of size 3686400
12-09 08:33:07.280 I/Choreographer(18478): Skipped 36 frames!  The application may be doing too much work on its main thread.
12-09 08:33:07.329 D/        (18536): HostConnection::get() New Host Connection established 0x7fefa7292480, tid 18536
12-09 08:33:07.352 E/EGL_emulation( 1218): tid 1218: eglCreateSyncKHR(1881): error 0x3004 (EGL_BAD_ATTRIBUTE)
12-09 08:33:07.431 D/Mileage.ABS(18478): Finished backup
12-09 08:33:07.445 D/Mileage.ABS(18478): Not backing up; 16
12-09 08:33:07.445 D/Mileage.ABS(18478): Not backing up; 16
12-09 08:33:07.477 D/Mileage (18478): Recalculating
12-09 08:33:07.484 W/audio_hw_generic( 1307): Hardware backing HAL too slow, could only write 0 of 661 frames
12-09 08:33:07.560 W/audio_hw_generic( 1307): Hardware backing HAL too slow, could only write 0 of 661 frames
12-09 08:33:07.588 W/audio_hw_generic( 1307): Not supplying enough data to HAL, expected position 42335348 , only wrote 42335067
12-09 08:33:07.589 W/audio_hw_generic( 1307): Not supplying enough data to HAL, expected position 42335074 , only wrote 42335067
12-09 08:33:07.649 W/audio_hw_generic( 1307): Hardware backing HAL too slow, could only write 0 of 661 frames
12-09 08:33:07.785 W/audio_hw_generic( 1307): Not supplying enough data to HAL, expected position 42343710 , only wrote 42343660
12-09 08:33:07.785 W/audio_hw_generic( 1307): Not supplying enough data to HAL, expected position 42343667 , only wrote 42343660
12-09 08:33:07.800 W/audio_hw_generic( 1307): Not supplying enough data to HAL, expected position 42344347 , only wrote 42344321
12-09 08:33:07.842 W/audio_hw_generic( 1307): Not supplying enough data to HAL, expected position 42346145 , only wrote 42345643
12-09 08:33:07.874 D/Mileage.ABS(18478): Not backing up; 445
12-09 08:33:07.875 D/FillupAdapter(18478): Average economy: 0.7523746539172881
12-09 08:33:07.877 W/audio_hw_generic( 1307): Not supplying enough data to HAL, expected position 42347179 , only wrote 42346965
12-09 08:33:08.014 W/audio_hw_generic( 1307): Not supplying enough data to HAL, expected position 42353031 , only wrote 42351592
12-09 08:33:08.014 W/audio_hw_generic( 1307): Not supplying enough data to HAL, expected position 42351599 , only wrote 42351592
12-09 08:33:08.014 W/audio_hw_generic( 1307): Hardware backing HAL too slow, could only write 0 of 661 frames
12-09 08:33:08.029 W/audio_hw_generic( 1307): Hardware backing HAL too slow, could only write 0 of 661 frames
12-09 08:33:08.065 W/audio_hw_generic( 1307): Hardware backing HAL too slow, could only write 0 of 661 frames
12-09 08:33:08.065 W/audio_hw_generic( 1307): Hardware backing HAL too slow, could only write 0 of 661 frames
12-09 08:33:08.080 W/audio_hw_generic( 1307): Hardware backing HAL too slow, could only write 0 of 661 frames
12-09 08:33:08.087 W/RichInputConnection( 1884): Slow InputConnection: GET_TEXT_BEFORE_CURSOR took 206 ms.
12-09 08:33:08.088 I/InputAttributes( 1884): InputType.TYPE_NULL is specified
12-09 08:33:08.096 W/audio_hw_generic( 1307): Hardware backing HAL too slow, could only write 0 of 661 frames
12-09 08:33:08.110 W/audio_hw_generic( 1307): Hardware backing HAL too slow, could only write 0 of 661 frames
12-09 08:33:08.192 W/audio_hw_generic( 1307): Not supplying enough data to HAL, expected position 42359447 , only wrote 42357541
12-09 08:33:08.193 W/audio_hw_generic( 1307): Not supplying enough data to HAL, expected position 42357548 , only wrote 42357541
12-09 08:33:08.214 W/audio_hw_generic( 1307): Not supplying enough data to HAL, expected position 42358469 , only wrote 42358202
12-09 08:33:08.243 I/Choreographer( 1884): Skipped 60 frames!  The application may be doing too much work on its main thread.
12-09 08:33:08.257 W/audio_hw_generic( 1307): Not supplying enough data to HAL, expected position 42360095 , only wrote 42359524
12-09 08:33:08.257 W/audio_hw_generic( 1307): Hardware backing HAL too slow, could only write 0 of 661 frames
12-09 08:33:08.257 W/audio_hw_generic( 1307): Hardware backing HAL too slow, could only write 0 of 661 frames
12-09 08:33:08.280 W/audio_hw_generic( 1307): Hardware backing HAL too slow, could only write 0 of 661 frames
12-09 08:33:08.296 W/audio_hw_generic( 1307): Hardware backing HAL too slow, could only write 0 of 661 frames
12-09 08:33:08.335 D/EGL_emulation( 1884): eglMakeCurrent: 0x7f1b08138e20: ver 2 0 (tinfo 0x7f1b040237c0)
12-09 08:33:08.354 E/Surface ( 1884): getSlotFromBufferLocked: unknown buffer: 0x7f1b046da8c0
12-09 08:33:08.397 W/audio_hw_generic( 1307): Not supplying enough data to HAL, expected position 42365722 , only wrote 42364812
12-09 08:33:08.401 I/System.out(18478): URI: //gesture
12-09 08:33:08.402 I/System.out(18478): params: {json={"query_timeout":5.0,"gestures":[{"query_string":"android.widget.TabWidget descendant TextView index:0","touches":[{"x":50,"y":50,"offset_x":0,"offset_y":0,"wait":0.0,"time":0.2,"release":true,"query_string":null}]}]}
12-09 08:33:08.402 I/System.out(18478): }
12-09 08:33:08.667 I/art     (18478): Background sticky concurrent mark sweep GC freed 26823(1326KB) AllocSpace objects, 1(20KB) LOS objects, 36% free, 2MB/4MB, paused 1.089ms total 139.615ms
12-09 08:33:08.737 W/audio_hw_generic( 1307): Not supplying enough data to HAL, expected position 42379780 , only wrote 42379354
12-09 08:33:08.737 W/audio_hw_generic( 1307): Not supplying enough data to HAL, expected position 42379361 , only wrote 42379354
12-09 08:33:09.025 W/audio_hw_generic( 1307): Not supplying enough data to HAL, expected position 42392069 , only wrote 42387286
12-09 08:33:09.025 W/audio_hw_generic( 1307): Not supplying enough data to HAL, expected position 42387297 , only wrote 42387286
12-09 08:33:09.082 W/audio_hw_generic( 1307): Not supplying enough data to HAL, expected position 42389774 , only wrote 42387947
12-09 08:33:09.175 W/audio_hw_generic( 1307): Not supplying enough data to HAL, expected position 42392073 , only wrote 42391913
12-09 08:33:09.175 W/audio_hw_generic( 1307): Not supplying enough data to HAL, expected position 42391921 , only wrote 42391913
12-09 08:33:09.196 W/audio_hw_generic( 1307): Not supplying enough data to HAL, expected position 42392833 , only wrote 42392574
12-09 08:33:09.212 W/audio_hw_generic( 1307): Hardware backing HAL too slow, could only write 0 of 661 frames
12-09 08:33:09.228 W/audio_hw_generic( 1307): Hardware backing HAL too slow, could only write 0 of 661 frames
12-09 08:33:09.244 W/audio_hw_generic( 1307): Hardware backing HAL too slow, could only write 0 of 661 frames
12-09 08:33:09.273 W/audio_hw_generic( 1307): Hardware backing HAL too slow, could only write 0 of 661 frames
