--------- beginning of system
12-09 07:35:45.756 W/ActivityManager( 1593): Finishing task with all activities already finished
12-09 07:35:45.854 W/ActivityManager( 1593): Duplicate finish request for ActivityRecord{8051b15 u0 com.evancharlton.mileage/.Mileage t325 f}
12-09 07:35:45.866 W/ActivityManager( 1593): Finishing task with all activities already finished
12-09 07:35:45.866 W/ActivityManager( 1593): Duplicate finish request for ActivityRecord{8051b15 u0 com.evancharlton.mileage/.Mileage t325 f}
12-09 07:35:45.871 W/ActivityManager( 1593): Finishing task with all activities already finished
12-09 07:35:45.871 W/ActivityManager( 1593): Duplicate finish request for ActivityRecord{8051b15 u0 com.evancharlton.mileage/.Mileage t325 f}
--------- beginning of main
12-09 07:35:46.001 W/audio_hw_generic( 1307): Not supplying enough data to HAL, expected position 283690 , only wrote 283569
12-09 07:35:46.010 W/audio_hw_generic( 1307): Hardware backing HAL too slow, could only write 0 of 661 frames
12-09 07:35:46.045 W/audio_hw_generic( 1307): Hardware backing HAL too slow, could only write 0 of 661 frames
12-09 07:35:46.060 W/audio_hw_generic( 1307): Hardware backing HAL too slow, could only write 0 of 661 frames
12-09 07:35:46.082 W/audio_hw_generic( 1307): Hardware backing HAL too slow, could only write 0 of 661 frames
12-09 07:35:46.087 D/EGL_emulation( 1931): eglMakeCurrent: 0x7f276feb4dc0: ver 2 0 (tinfo 0x7f276fe82ce0)
12-09 07:35:46.098 W/audio_hw_generic( 1307): Hardware backing HAL too slow, could only write 0 of 661 frames
12-09 07:35:46.143 W/audio_hw_generic( 1307): Not supplying enough data to HAL, expected position 289823 , only wrote 289518
12-09 07:35:46.143 W/audio_hw_generic( 1307): Not supplying enough data to HAL, expected position 289525 , only wrote 289518
12-09 07:35:46.159 W/audio_hw_generic( 1307): Not supplying enough data to HAL, expected position 290249 , only wrote 290179
12-09 07:35:46.160 W/audio_hw_generic( 1307): Hardware backing HAL too slow, could only write 0 of 661 frames
12-09 07:35:46.223 W/audio_hw_generic( 1307): Not supplying enough data to HAL, expected position 292965 , only wrote 292823
12-09 07:35:46.223 W/audio_hw_generic( 1307): Not supplying enough data to HAL, expected position 292830 , only wrote 292823
12-09 07:35:46.239 W/audio_hw_generic( 1307): Not supplying enough data to HAL, expected position 293557 , only wrote 293484
12-09 07:35:46.256 W/art     ( 1593): Long monitor contention event with owner method=void com.android.server.wm.WindowAnimator$1.doFrame(long) from WindowAnimator.java:121 waiters=1 for 156ms
12-09 07:35:46.277 W/audio_hw_generic( 1307): Hardware backing HAL too slow, could only write 0 of 661 frames
12-09 07:35:46.298 W/audio_hw_generic( 1307): Hardware backing HAL too slow, could only write 0 of 661 frames
12-09 07:35:46.301 W/audio_hw_generic( 1307): Hardware backing HAL too slow, could only write 0 of 661 frames
12-09 07:35:46.543 W/art     ( 1593): Long monitor contention event with owner method=void com.android.server.wm.WindowAnimator$1.doFrame(long) from WindowAnimator.java:121 waiters=1 for 196ms
12-09 07:35:46.645 D/AndroidRuntime( 3600): >>>>>> START com.android.internal.os.RuntimeInit uid 0 <<<<<<
12-09 07:35:46.661 D/AndroidRuntime( 3600): CheckJNI is ON
12-09 07:35:46.701 D/ICU     ( 3600): No timezone override file found: /data/misc/zoneinfo/current/icu/icu_tzdata.dat
12-09 07:35:46.795 W/audio_hw_generic( 1307): Not supplying enough data to HAL, expected position 317971 , only wrote 315958
12-09 07:35:46.795 W/audio_hw_generic( 1307): Not supplying enough data to HAL, expected position 315965 , only wrote 315958
12-09 07:35:46.812 W/art     ( 1593): Long monitor contention event with owner method=void com.android.server.wm.WindowAnimator$1.doFrame(long) from WindowAnimator.java:121 waiters=1 for 269ms
12-09 07:35:46.833 W/audio_hw_generic( 1307): Not supplying enough data to HAL, expected position 317627 , only wrote 316619
12-09 07:35:46.892 E/memtrack( 3600): Couldn't load memtrack module (No such file or directory)
12-09 07:35:46.892 E/android.os.Debug( 3600): failed to load memtrack module: -2
12-09 07:35:46.904 I/Radio-JNI( 3600): register_android_hardware_Radio DONE
12-09 07:35:46.928 D/AndroidRuntime( 3600): Calling main entry com.android.commands.am.Am
12-09 07:35:46.966 W/art     ( 1593): Long monitor contention event with owner method=void com.android.server.wm.WindowAnimator$1.doFrame(long) from WindowAnimator.java:121 waiters=2 for 199ms
12-09 07:35:46.982 I/ActivityManager( 1593): Force stopping com.evancharlton.mileage appid=10115 user=0: start instr
12-09 07:35:46.982 I/ActivityManager( 1593): Killing 3556:com.evancharlton.mileage/u0a115 (adj 0): stop com.evancharlton.mileage
12-09 07:35:47.013 I/art     ( 1697): Background partial concurrent mark sweep GC freed 5751(272KB) AllocSpace objects, 0(0B) LOS objects, 39% free, 4MB/7MB, paused 5.148ms total 33.291ms
12-09 07:35:47.040 W/ActivityManager( 1593): Crash of app com.evancharlton.mileage running instrumentation ComponentInfo{com.evancharlton.mileage.test/sh.calaba.instrumentationbackend.CalabashInstrumentationTestRunner}
12-09 07:35:47.041 I/ActivityManager( 1593): Force stopping com.evancharlton.mileage appid=10115 user=0: finished inst
12-09 07:35:47.223 W/audio_hw_generic( 1307): Not supplying enough data to HAL, expected position 350370 , only wrote 333805
12-09 07:35:47.339 W/art     ( 1593): Long monitor contention event with owner method=void com.android.server.wm.WindowAnimator$1.doFrame(long) from WindowAnimator.java:121 waiters=2 for 263ms
12-09 07:35:47.659 W/art     ( 1593): Long monitor contention event with owner method=void com.android.server.wm.WindowAnimator$1.doFrame(long) from WindowAnimator.java:121 waiters=2 for 223ms
12-09 07:35:47.773 W/art     ( 1593): Long monitor contention event with owner method=void com.android.server.wm.WindowAnimator$1.doFrame(long) from WindowAnimator.java:121 waiters=2 for 284ms
12-09 07:35:47.776 W/art     ( 1593): Long monitor contention event with owner method=void com.android.server.wm.WindowAnimator$1.doFrame(long) from WindowAnimator.java:121 waiters=2 for 117ms
12-09 07:35:47.776 I/WindowState( 1593): WIN DEATH: Window{cd3ab93 u0 com.evancharlton.mileage/com.evancharlton.mileage.Mileage EXITING}
12-09 07:35:47.807 I/ActivityManager( 1593): Start proc 3609:com.evancharlton.mileage/u0a115 for added application com.evancharlton.mileage
12-09 07:35:47.807 W/art     ( 1593): Long monitor contention event with owner method=boolean com.android.server.am.ActivityManagerService.startInstrumentation(android.content.ComponentName, java.lang.String, int, android.os.Bundle, android.app.IInstrumentationWatcher, android.app.IUiAutomationConnection, int, java.lang.String) from ActivityManagerService.java:17066 waiters=0 for 821ms
12-09 07:35:47.808 W/art     ( 1593): Long monitor contention event with owner method=boolean com.android.server.am.ActivityManagerService.startInstrumentation(android.content.ComponentName, java.lang.String, int, android.os.Bundle, android.app.IInstrumentationWatcher, android.app.IUiAutomationConnection, int, java.lang.String) from ActivityManagerService.java:17066 waiters=1 for 772ms
12-09 07:35:47.808 W/ActivityManager( 1593): Spurious death for ProcessRecord{cde05a6 0:com.evancharlton.mileage/u0a115}, curProc for 3556: null
12-09 07:35:47.808 D/AndroidRuntime( 3600): Shutting down VM
12-09 07:35:47.814 W/art     ( 1593): Long monitor contention event with owner method=boolean com.android.server.am.ActivityManagerService.startInstrumentation(android.content.ComponentName, java.lang.String, int, android.os.Bundle, android.app.IInstrumentationWatcher, android.app.IUiAutomationConnection, int, java.lang.String) from ActivityManagerService.java:17066 waiters=2 for 490ms
12-09 07:35:47.864 W/System  ( 3609): ClassLoader referenced unknown path: /data/app/com.evancharlton.mileage.test-1/lib/x86_64
12-09 07:35:47.864 W/System  ( 3609): ClassLoader referenced unknown path: /data/app/com.evancharlton.mileage-1/lib/x86_64
12-09 07:35:47.887 I/System.out( 3609): Main activity name automatically set to: com.evancharlton.mileage.Mileage
12-09 07:35:47.894 I/System.out( 3609): Calabash did not load Mono. This is only a problem if you are trying to test a Mono application
12-09 07:35:47.895 I/calabash( 3609): Test server port: 7102
12-09 07:35:47.895 I/InstrumentationBackend( 3609): Added:'GetPreferences', with key:'get_preferences'
12-09 07:35:48.004 I/InstrumentationBackend( 3609): Added:'SetPreferences', with key:'set_preferences'
12-09 07:35:48.026 I/InstrumentationBackend( 3609): Added:'ClearPreferences', with key:'clear_preferences'
12-09 07:35:48.026 I/InstrumentationBackend( 3609): Added:'PressElement', with key:'press_l10n_element'
12-09 07:35:48.026 I/InstrumentationBackend( 3609): Added:'WaitForElement', with key:'wait_for_l10n_element'
12-09 07:35:48.027 I/InstrumentationBackend( 3609): Added:'NullAction', with key:'nullAction'
12-09 07:35:48.027 I/InstrumentationBackend( 3609): Added:'PressKey', with key:'press_key'
12-09 07:35:48.027 I/InstrumentationBackend( 3609): Added:'SetActivityOrientation', with key:'set_activity_orientation'
12-09 07:35:48.027 I/InstrumentationBackend( 3609): Added:'GetActivityOrientation', with key:'get_activity_orientation'
12-09 07:35:48.027 I/InstrumentationBackend( 3609): Added:'FakeGPSLocation', with key:'set_gps_coordinates'
12-09 07:35:48.028 I/InstrumentationBackend( 3609): Added:'SetPropertyByCssSelector', with key:'set_property_by_css_selector'
12-09 07:35:48.028 I/InstrumentationBackend( 3609): Added:'GetUrl', with key:'get_url'
12-09 07:35:48.029 I/InstrumentationBackend( 3609): Added:'ScrollTo', with key:'scroll_to'
12-09 07:35:48.029 I/InstrumentationBackend( 3609): Added:'GetLoadProgress', with key:'get_load_progress'
12-09 07:35:48.029 I/InstrumentationBackend( 3609): Added:'DumpHtml', with key:'dump_html'
12-09 07:35:48.029 I/InstrumentationBackend( 3609): Added:'DumpBodyHtml', with key:'dump_body_html'
12-09 07:35:48.029 I/InstrumentationBackend( 3609): Added:'EnterTextByCssSelector', with key:'enter_text_by_selector'
12-09 07:35:48.093 I/InstrumentationBackend( 3609): Added:'AndroidSDKVersion', with key:'android_sdk_version'
12-09 07:35:48.093 I/InstrumentationBackend( 3609): Added:'Version', with key:'version'
12-09 07:35:48.093 I/InstrumentationBackend( 3609): Added:'Drag', with key:'drag'
12-09 07:35:48.093 I/InstrumentationBackend( 3609): Added:'TouchCoordinates', with key:'touch_coordinate'
12-09 07:35:48.094 I/InstrumentationBackend( 3609): Added:'LongPressCoordinate', with key:'long_press_coordinate'
12-09 07:35:48.095 W/art     ( 1593): Long monitor contention event with owner method=void com.android.server.wm.WindowAnimator$1.doFrame(long) from WindowAnimator.java:121 waiters=0 for 111ms
12-09 07:35:48.097 I/InstrumentationBackend( 3609): Added:'DragCoordinates', with key:'drag_coordinates'
12-09 07:35:48.097 I/InstrumentationBackend( 3609): Added:'ResumeApplication', with key:'resume_application'
12-09 07:35:48.097 I/InstrumentationBackend( 3609): Added:'Swipe', with key:'swipe'
12-09 07:35:48.103 I/InstrumentationBackend( 3609): Added:'DoubleTapCoordinate', with key:'double_tap_coordinate'
12-09 07:35:48.103 I/InstrumentationBackend( 3609): Added:'ClickOnScreen', with key:'click_on_screen'
12-09 07:35:48.103 I/InstrumentationBackend( 3609): Added:'GetActivityName', with key:'get_activity_name'
12-09 07:35:48.104 I/InstrumentationBackend( 3609): Added:'ScrollToView', with key:'scroll_to_view'
12-09 07:35:48.104 I/InstrumentationBackend( 3609): Added:'ViewConfiguration', with key:'view_configuration'
12-09 07:35:48.104 I/InstrumentationBackend( 3609): Added:'IsCurrentActivityFocused', with key:'is_current_activity_focused'
12-09 07:35:48.104 I/InstrumentationBackend( 3609): Added:'SendTcp', with key:'send_tcp'
12-09 07:35:48.105 I/InstrumentationBackend( 3609): Added:'DpToDevicePixel', with key:'dp_to_device_pixel'
12-09 07:35:48.105 I/InstrumentationBackend( 3609): Added:'KeyboardEnterText', with key:'keyboard_enter_text'
12-09 07:35:48.105 I/InstrumentationBackend( 3609): Added:'DeleteSurroundingText', with key:'delete_surrounding_text'
12-09 07:35:48.111 I/InstrumentationBackend( 3609): Added:'SetComposingRegion', with key:'set_composing_region'
12-09 07:35:48.114 I/InstrumentationBackend( 3609): Added:'SetSelection', with key:'set_selection'
12-09 07:35:48.114 I/InstrumentationBackend( 3609): Added:'KeyboardKeyEvent', with key:'keyboard_key_event'
12-09 07:35:48.115 I/InstrumentationBackend( 3609): Added:'PressUserActionButton', with key:'press_user_action_button'
12-09 07:35:48.115 I/InstrumentationBackend( 3609): Added:'HideSoftKeyboard', with key:'hide_soft_keyboard'
12-09 07:35:48.116 I/InstrumentationBackend( 3609): Added:'ListActions', with key:'list_actions'
12-09 07:35:48.116 I/calabash( 3609): Instantiating http server at 7102
12-09 07:35:48.125 I/System.out( 3609): HTTP Daemon listening on: 7102
12-09 07:35:48.281 I/System.out( 3609): URI: //ping
12-09 07:35:48.281 I/System.out( 3609): params: {json={}
12-09 07:35:48.281 I/System.out( 3609): }
12-09 07:35:48.283 W/InputMethodManagerService( 1593): Got RemoteException sending setActive(false) notification to pid 3556 uid 10115
12-09 07:35:48.283 W/art     ( 1593): Long monitor contention event with owner method=com.android.internal.view.InputBindResult com.android.server.InputMethodManagerService.windowGainedFocus(com.android.internal.view.IInputMethodClient, android.os.IBinder, int, int, int, android.view.inputmethod.EditorInfo, com.android.internal.view.IInputContext) from InputMethodManagerService.java:2177 waiters=0 for 1.247s
12-09 07:35:48.284 I/Choreographer( 1931): Skipped 128 frames!  The application may be doing too much work on its main thread.
12-09 07:35:48.359 I/System.out( 3609): URI: //ping
12-09 07:35:48.359 I/System.out( 3609): params: {json={}
12-09 07:35:48.359 I/System.out( 3609): }
12-09 07:35:48.388 I/System.out( 3609): URI: //ready
12-09 07:35:48.388 I/System.out( 3609): params: {json={}
12-09 07:35:48.388 I/System.out( 3609): }
12-09 07:35:48.566 I/System.out( 3609): URI: //
12-09 07:35:48.566 I/System.out( 3609): params: {json={"command":"version","arguments":[]}
12-09 07:35:48.567 I/System.out( 3609): }
12-09 07:35:48.567 I/System.out( 3609): header: {date=Sun, 09 Dec 2018 07:35:48 GMT, accept=*/*, content-length=36, host=127.0.0.1:34777, user-agent=HTTPClient/1.0 (2.8.3, ruby 2.3.1 (2016-04-26)), content-type=application/json;charset=utf-8}
12-09 07:35:48.567 I/System.out( 3609): params: {json={"command":"version","arguments":[]}
12-09 07:35:48.567 I/System.out( 3609): }
12-09 07:35:48.567 I/System.out( 3609): ProP json = {"command":"version","arguments":[]}
12-09 07:35:48.567 I/System.out( 3609): files: {}
12-09 07:35:48.567 I/System.out( 3609): command: {"command":"version","arguments":[]}
12-09 07:35:48.650 I/InstrumentationBackend( 3609): Got command:'Command:'Line:null,version', arguments:'[]'
12-09 07:35:48.683 I/art     ( 3609): Background sticky concurrent mark sweep GC freed 30244(1479KB) AllocSpace objects, 10(200KB) LOS objects, 66% free, 1272KB/3MB, paused 13.762ms total 293.727ms
12-09 07:35:48.727 I/System.out( 3609): result:{"bonusInformation":[],"message":"0.9.8","success":true}
12-09 07:35:48.831 I/System.out( 3609): URI: //start-application
12-09 07:35:48.831 I/System.out( 3609): params: {json={"intent":null}
12-09 07:35:48.831 I/System.out( 3609): }
12-09 07:35:49.308 W/art     ( 1593): Long monitor contention event with owner method=void com.android.server.wm.WindowAnimator$1.doFrame(long) from WindowAnimator.java:121 waiters=1 for 162ms
12-09 07:35:49.544 W/art     ( 1593): Long monitor contention event with owner method=void com.android.server.wm.WindowAnimator$1.doFrame(long) from WindowAnimator.java:121 waiters=1 for 181ms
12-09 07:35:49.948 W/art     ( 1593): Long monitor contention event with owner method=void com.android.server.wm.WindowAnimator$1.doFrame(long) from WindowAnimator.java:121 waiters=1 for 308ms
12-09 07:35:49.989 W/art     ( 1593): Long monitor contention event with owner method=void com.android.server.wm.WindowAnimator$1.doFrame(long) from WindowAnimator.java:121 waiters=1 for 218ms
12-09 07:35:50.097 W/art     ( 1593): Long monitor contention event with owner method=void com.android.server.wm.WindowAnimator$1.doFrame(long) from WindowAnimator.java:121 waiters=1 for 149ms
12-09 07:35:50.532 I/Choreographer( 1931): Skipped 135 frames!  The application may be doing too much work on its main thread.
12-09 07:35:50.536 I/ActivityManager( 1593): START u0 {act=android.intent.action.MAIN cat=[android.intent.category.LAUNCHER] flg=0x10200000 cmp=com.evancharlton.mileage/.Mileage} from uid 10115 on display 0
12-09 07:35:50.572 W/OpenGLRenderer( 1931): Incorrectly called buildLayer on View: ShortcutAndWidgetContainer, destroying layer...
12-09 07:35:50.922 W/WindowState( 1593): Failed to report 'resized' to the client of Window{cd3ab93 u0 com.evancharlton.mileage/com.evancharlton.mileage.Mileage EXITING}, removing this window.
12-09 07:35:50.924 W/art     ( 1593): Long monitor contention event with owner method=void com.android.server.wm.WindowAnimator$1.doFrame(long) from WindowAnimator.java:121 waiters=1 for 270ms
12-09 07:35:51.214 W/art     ( 1593): Long monitor contention event with owner method=int com.android.server.wm.WindowManagerService.relayoutWindow(com.android.server.wm.Session, android.view.IWindow, int, android.view.WindowManager$LayoutParams, int, int, int, int, android.graphics.Rect, android.graphics.Rect, android.graphics.Rect, android.graphics.Rect, android.graphics.Rect, android.graphics.Rect, android.content.res.Configuration, android.view.Surface) from WindowManagerService.java:3103 waiters=0 for 200ms
12-09 07:35:51.272 D/gralloc_ranchu( 1226): gralloc_alloc: Creating ashmem region of size 3686400
12-09 07:35:51.286 W/art     ( 1593): Long monitor contention event with owner method=void com.android.server.am.ActivityManagerService.activityPaused(android.os.IBinder) from ActivityManagerService.java:6439 waiters=1 for 276ms
12-09 07:35:51.293 I/calabash( 3609): newActivity1
12-09 07:35:51.348 I/calabash( 3609): newActivity1
12-09 07:35:51.349 W/ActivityManager( 1593): Bad activity token: android.os.BinderProxy@14cf98a
12-09 07:35:51.349 W/ActivityManager( 1593): java.lang.ClassCastException: android.os.BinderProxy cannot be cast to com.android.server.am.ActivityRecord$Token
12-09 07:35:51.349 W/ActivityManager( 1593): 	at com.android.server.am.ActivityRecord.forTokenLocked(ActivityRecord.java:424)
12-09 07:35:51.349 W/ActivityManager( 1593): 	at com.android.server.am.ActivityRecord.isInStackLocked(ActivityRecord.java:1121)
12-09 07:35:51.349 W/ActivityManager( 1593): 	at com.android.server.am.ActivityRecord.getStackLocked(ActivityRecord.java:1126)
12-09 07:35:51.349 W/ActivityManager( 1593): 	at com.android.server.am.ActivityManagerService.getActivityDisplayId(ActivityManagerService.java:8889)
12-09 07:35:51.349 W/ActivityManager( 1593): 	at android.app.ActivityManagerNative.onTransact(ActivityManagerNative.java:2338)
12-09 07:35:51.349 W/ActivityManager( 1593): 	at com.android.server.am.ActivityManagerService.onTransact(ActivityManagerService.java:2443)
12-09 07:35:51.349 W/ActivityManager( 1593): 	at android.os.Binder.execTransact(Binder.java:453)
12-09 07:35:51.395 W/ActivityManager( 1593): Bad activity token: android.os.BinderProxy@14cf98a
12-09 07:35:51.395 W/ActivityManager( 1593): java.lang.ClassCastException: android.os.BinderProxy cannot be cast to com.android.server.am.ActivityRecord$Token
12-09 07:35:51.395 W/ActivityManager( 1593): 	at com.android.server.am.ActivityRecord.forTokenLocked(ActivityRecord.java:424)
12-09 07:35:51.395 W/ActivityManager( 1593): 	at com.android.server.am.ActivityRecord.isInStackLocked(ActivityRecord.java:1121)
12-09 07:35:51.395 W/ActivityManager( 1593): 	at com.android.server.am.ActivityManagerService.setTaskDescription(ActivityManagerService.java:8547)
12-09 07:35:51.395 W/ActivityManager( 1593): 	at android.app.ActivityManagerNative.onTransact(ActivityManagerNative.java:2410)
12-09 07:35:51.395 W/ActivityManager( 1593): 	at com.android.server.am.ActivityManagerService.onTransact(ActivityManagerService.java:2443)
12-09 07:35:51.395 W/ActivityManager( 1593): 	at android.os.Binder.execTransact(Binder.java:453)
12-09 07:35:51.508 V/PhoneStatusBar( 1697): setLightsOn(true)
12-09 07:35:51.516 D/EGL_emulation( 1931): eglMakeCurrent: 0x7f276feb4dc0: ver 2 0 (tinfo 0x7f276fe82ce0)
12-09 07:35:51.517 E/Surface ( 1931): getSlotFromBufferLocked: unknown buffer: 0x7f276c455de0
12-09 07:35:51.535 W/ActivityManager( 1593): Bad activity token: android.os.BinderProxy@14cf98a
12-09 07:35:51.535 W/ActivityManager( 1593): java.lang.ClassCastException: android.os.BinderProxy cannot be cast to com.android.server.am.ActivityRecord$Token
12-09 07:35:51.535 W/ActivityManager( 1593): 	at com.android.server.am.ActivityRecord.forTokenLocked(ActivityRecord.java:424)
12-09 07:35:51.535 W/ActivityManager( 1593): 	at com.android.server.am.ActivityRecord.isInStackLocked(ActivityRecord.java:1121)
12-09 07:35:51.535 W/ActivityManager( 1593): 	at com.android.server.am.ActivityManagerService.getActivityOptions(ActivityManagerService.java:11038)
12-09 07:35:51.535 W/ActivityManager( 1593): 	at android.app.ActivityManagerNative.onTransact(ActivityManagerNative.java:1734)
12-09 07:35:51.535 W/ActivityManager( 1593): 	at com.android.server.am.ActivityManagerService.onTransact(ActivityManagerService.java:2443)
12-09 07:35:51.535 W/ActivityManager( 1593): 	at android.os.Binder.execTransact(Binder.java:453)
12-09 07:35:51.535 W/ActivityManager( 1593): Bad activity token: android.os.BinderProxy@14cf98a
12-09 07:35:51.535 W/ActivityManager( 1593): java.lang.ClassCastException: android.os.BinderProxy cannot be cast to com.android.server.am.ActivityRecord$Token
12-09 07:35:51.535 W/ActivityManager( 1593): 	at com.android.server.am.ActivityRecord.forTokenLocked(ActivityRecord.java:424)
12-09 07:35:51.535 W/ActivityManager( 1593): 	at com.android.server.am.ActivityRecord.isInStackLocked(ActivityRecord.java:1121)
12-09 07:35:51.535 W/ActivityManager( 1593): 	at com.android.server.am.ActivityManagerService.getActivityOptions(ActivityManagerService.java:11038)
12-09 07:35:51.535 W/ActivityManager( 1593): 	at android.app.ActivityManagerNative.onTransact(ActivityManagerNative.java:1734)
12-09 07:35:51.535 W/ActivityManager( 1593): 	at com.android.server.am.ActivityManagerService.onTransact(ActivityManagerService.java:2443)
12-09 07:35:51.535 W/ActivityManager( 1593): 	at android.os.Binder.execTransact(Binder.java:453)
12-09 07:35:52.175 I/Choreographer( 3609): Skipped 30 frames!  The application may be doing too much work on its main thread.
12-09 07:35:52.175 D/gralloc_ranchu( 1226): gralloc_alloc: Creating ashmem region of size 3686400
12-09 07:35:52.222 D/        ( 3609): HostConnection::get() New Host Connection established 0x7f276c57f1c0, tid 3609
12-09 07:35:52.578 I/ActivityManager( 1593): Displayed com.evancharlton.mileage/.Mileage: +1s363ms
12-09 07:35:52.584 D/gralloc_ranchu( 1226): gralloc_alloc: Creating ashmem region of size 3686400
12-09 07:35:53.290 D/gralloc_ranchu( 1226): gralloc_alloc: Creating ashmem region of size 3686400
12-09 07:35:54.459 I/System.out( 3609): URI: //map
12-09 07:35:54.459 I/System.out( 3609): params: {json={"query":"android.widget.EditText id:'price'","operation":{"method_name":"query","arguments":[]}}
12-09 07:35:54.459 I/System.out( 3609): }
12-09 07:35:54.514 W/art     ( 3609): Suspending all threads took: 26.697ms
12-09 07:35:54.553 I/art     ( 3609): Background sticky concurrent mark sweep GC freed 25835(1202KB) AllocSpace objects, 2(40KB) LOS objects, 29% free, 2MB/2MB, paused 27.928ms total 90.068ms
12-09 07:35:54.571 W/ResourceType( 3609): No package identifier when getting name for resource number 0x00000001
12-09 07:35:54.914 I/art     ( 3609): Background partial concurrent mark sweep GC freed 34078(1659KB) AllocSpace objects, 2(40KB) LOS objects, 39% free, 2MB/3MB, paused 1.164ms total 323.132ms
12-09 07:35:54.971 I/System.out( 3609): URI: //gesture
12-09 07:35:54.971 I/System.out( 3609): params: {json={"query_timeout":5.0,"gestures":[{"query_string":"android.widget.EditText id:'price'","touches":[{"x":50,"y":50,"offset_x":0,"offset_y":0,"wait":0.0,"time":0.2,"release":true,"query_string":null}]}]}
12-09 07:35:54.971 I/System.out( 3609): }
12-09 07:35:55.016 W/ResourceType( 3609): No package identifier when getting name for resource number 0x00000001
12-09 07:35:55.451 I/art     ( 3609): Background sticky concurrent mark sweep GC freed 29716(1262KB) AllocSpace objects, 1(20KB) LOS objects, 14% free, 2MB/3MB, paused 5.744ms total 79.970ms
12-09 07:35:55.467 W/art     ( 1870): Suspending all threads took: 20.101ms
12-09 07:35:55.518 I/art     ( 1870): Background sticky concurrent mark sweep GC freed 818(136KB) AllocSpace objects, 0(0B) LOS objects, 24% free, 982KB/1308KB, paused 21.413ms total 80.965ms
12-09 07:35:55.703 W/RichInputMethodSubtype( 1870): Can't find emoji subtype
12-09 07:35:55.703 W/RichInputMethodSubtype( 1870): No input method subtype found; returning dummy subtype: Multi-lingual subtype: android.view.inputmethod.InputMethodSubtype@d78b2ed0, zz
12-09 07:35:55.825 I/art     ( 1870): Background partial concurrent mark sweep GC freed 1828(151KB) AllocSpace objects, 0(0B) LOS objects, 47% free, 1150KB/2MB, paused 1.092ms total 243.109ms
12-09 07:35:56.029 I/System.out( 3609): URI: //
12-09 07:35:56.029 I/System.out( 3609): params: {json={"command":"set_selection","arguments":[-1,-1]}
12-09 07:35:56.029 I/System.out( 3609): }
12-09 07:35:56.029 I/System.out( 3609): header: {date=Sun, 09 Dec 2018 07:35:56 GMT, accept=*/*, content-length=47, host=127.0.0.1:34777, user-agent=HTTPClient/1.0 (2.8.3, ruby 2.3.1 (2016-04-26)), content-type=application/json;charset=utf-8}
12-09 07:35:56.029 I/System.out( 3609): params: {json={"command":"set_selection","arguments":[-1,-1]}
12-09 07:35:56.029 I/System.out( 3609): }
12-09 07:35:56.029 I/System.out( 3609): ProP json = {"command":"set_selection","arguments":[-1,-1]}
12-09 07:35:56.030 I/System.out( 3609): files: {}
12-09 07:35:56.030 I/System.out( 3609): command: {"command":"set_selection","arguments":[-1,-1]}
12-09 07:35:56.031 I/InstrumentationBackend( 3609): Got command:'Command:'Line:null,set_selection', arguments:'[-1, -1]'
12-09 07:35:56.060 I/System.out( 3609): result:{"bonusInformation":[],"message":"","success":true}
12-09 07:35:56.075 W/ViewPager( 1870): Requested offscreen page limit 0 too small; defaulting to 1
12-09 07:35:56.097 I/art     ( 1870): Background sticky concurrent mark sweep GC freed 14421(2MB) AllocSpace objects, 7(252KB) LOS objects, 0% free, 2MB/2MB, paused 1.279ms total 136.070ms
12-09 07:35:56.140 W/AudioTrack( 1593): AUDIO_OUTPUT_FLAG_FAST denied by client; transfer 4, track 48000 Hz, output 44100 Hz
12-09 07:35:56.164 I/LatinIME( 1870): Starting input. Cursor position = 0,0
12-09 07:35:56.203 W/audio_hw_generic( 1307): Hardware backing HAL too slow, could only write 0 of 661 frames
12-09 07:35:56.322 W/audio_hw_generic( 1307): Hardware backing HAL too slow, could only write 0 of 661 frames
12-09 07:35:56.326 E/SurfaceFlinger( 1226): ro.sf.lcd_density must be defined as a build property
12-09 07:35:56.327 D/OpenGLRenderer( 1870): Use EGL_SWAP_BEHAVIOR_PRESERVED: true
12-09 07:35:56.337 D/        ( 1870): HostConnection::get() New Host Connection established 0x7f276c57d480, tid 1870
12-09 07:35:56.358 W/audio_hw_generic( 1307): Hardware backing HAL too slow, could only write 0 of 661 frames
12-09 07:35:56.366 W/audio_hw_generic( 1307): Hardware backing HAL too slow, could only write 0 of 661 frames
12-09 07:35:56.416 D/        ( 1870): HostConnection::get() New Host Connection established 0x7f276feb0960, tid 3643
12-09 07:35:56.419 I/System.out( 3609): URI: //
12-09 07:35:56.419 I/System.out( 3609): params: {json={"command":"keyboard_enter_text","arguments":["-321ßå∂˚¡–ºß123"]}
12-09 07:35:56.419 I/System.out( 3609): }
12-09 07:35:56.419 I/System.out( 3609): header: {date=Sun, 09 Dec 2018 07:35:56 GMT, accept=*/*, content-length=75, host=127.0.0.1:34777, user-agent=HTTPClient/1.0 (2.8.3, ruby 2.3.1 (2016-04-26)), content-type=application/json;charset=utf-8}
12-09 07:35:56.419 I/System.out( 3609): params: {json={"command":"keyboard_enter_text","arguments":["-321ßå∂˚¡–ºß123"]}
12-09 07:35:56.419 I/System.out( 3609): }
12-09 07:35:56.419 I/System.out( 3609): ProP json = {"command":"keyboard_enter_text","arguments":["-321ßå∂˚¡–ºß123"]}
12-09 07:35:56.419 I/System.out( 3609): files: {}
12-09 07:35:56.419 I/System.out( 3609): command: {"command":"keyboard_enter_text","arguments":["-321ßå∂˚¡–ºß123"]}
12-09 07:35:56.438 I/InstrumentationBackend( 3609): Got command:'Command:'Line:null,keyboard_enter_text', arguments:'[-321ßå∂˚¡–ºß123]'
12-09 07:35:56.448 I/OpenGLRenderer( 1870): Initialized EGL, version 1.4
12-09 07:35:56.460 E/SpannableStringBuilder( 3609): SPAN_EXCLUSIVE_EXCLUSIVE spans cannot have a zero length
12-09 07:35:56.460 E/SpannableStringBuilder( 3609): SPAN_EXCLUSIVE_EXCLUSIVE spans cannot have a zero length
12-09 07:35:56.472 D/EGL_emulation( 1870): eglCreateContext: 0x7f2764105460: maj 2 min 0 rcv 2
12-09 07:35:56.473 D/EGL_emulation( 1870): eglMakeCurrent: 0x7f2764105460: ver 2 0 (tinfo 0x7f276bdbaa60)
12-09 07:35:56.476 E/SpannableStringBuilder( 3609): SPAN_EXCLUSIVE_EXCLUSIVE spans cannot have a zero length
12-09 07:35:56.476 E/SpannableStringBuilder( 3609): SPAN_EXCLUSIVE_EXCLUSIVE spans cannot have a zero length
12-09 07:35:56.507 D/EGL_emulation( 1870): eglMakeCurrent: 0x7f2764105460: ver 2 0 (tinfo 0x7f276bdbaa60)
12-09 07:35:56.515 I/System.out( 3609): result:{"bonusInformation":[],"message":"","success":true}
12-09 07:35:56.763 W/audio_hw_generic( 1307): Not supplying enough data to HAL, expected position 360594 , only wrote 360245
12-09 07:35:56.799 W/audio_hw_generic( 1307): Not supplying enough data to HAL, expected position 361825 , only wrote 361567
12-09 07:35:56.799 W/audio_hw_generic( 1307): Hardware backing HAL too slow, could only write 0 of 661 frames
12-09 07:35:56.799 W/audio_hw_generic( 1307): Hardware backing HAL too slow, could only write 0 of 661 frames
12-09 07:35:56.834 W/audio_hw_generic( 1307): Hardware backing HAL too slow, could only write 0 of 661 frames
12-09 07:35:56.854 W/audio_hw_generic( 1307): Hardware backing HAL too slow, could only write 0 of 661 frames
12-09 07:35:56.862 W/audio_hw_generic( 1307): Hardware backing HAL too slow, could only write 0 of 661 frames
12-09 07:35:56.960 W/audio_hw_generic( 1307): Hardware backing HAL too slow, could only write 0 of 661 frames
12-09 07:35:56.960 W/audio_hw_generic( 1307): Not supplying enough data to HAL, expected position 368662 , only wrote 366194
12-09 07:35:56.960 W/audio_hw_generic( 1307): Not supplying enough data to HAL, expected position 366201 , only wrote 366194
12-09 07:35:56.986 W/audio_hw_generic( 1307): Not supplying enough data to HAL, expected position 367336 , only wrote 366855
12-09 07:35:56.986 W/audio_hw_generic( 1307): Hardware backing HAL too slow, could only write 0 of 661 frames
12-09 07:35:57.005 W/audio_hw_generic( 1307): Hardware backing HAL too slow, could only write 0 of 661 frames
12-09 07:35:57.021 W/audio_hw_generic( 1307): Hardware backing HAL too slow, could only write 0 of 661 frames
12-09 07:35:57.042 W/audio_hw_generic( 1307): Hardware backing HAL too slow, could only write 0 of 661 frames
12-09 07:35:57.077 W/audio_hw_generic( 1307): Not supplying enough data to HAL, expected position 370845 , only wrote 370821
12-09 07:35:57.077 W/audio_hw_generic( 1307): Not supplying enough data to HAL, expected position 370828 , only wrote 370821
12-09 07:35:57.102 W/audio_hw_generic( 1307): Not supplying enough data to HAL, expected position 371929 , only wrote 371482
12-09 07:35:57.175 E/SurfaceFlinger( 1226): ro.sf.lcd_density must be defined as a build property
12-09 07:35:57.176 D/gralloc_ranchu( 1226): gralloc_alloc: Creating ashmem region of size 3686400
12-09 07:35:57.222 W/audio_hw_generic( 1307): Not supplying enough data to HAL, expected position 376794 , only wrote 376770
12-09 07:35:57.263 W/audio_hw_generic( 1307): Hardware backing HAL too slow, could only write 0 of 661 frames
12-09 07:35:57.274 W/audio_hw_generic( 1307): Hardware backing HAL too slow, could only write 0 of 661 frames
12-09 07:35:57.278 D/        ( 3647): HostConnection::get() New Host Connection established 0x7fbc47312480, tid 3647
12-09 07:35:57.310 W/audio_hw_generic( 1307): Hardware backing HAL too slow, could only write 0 of 661 frames
12-09 07:35:57.314 E/EGL_emulation( 1226): tid 1226: eglCreateSyncKHR(1881): error 0x3004 (EGL_BAD_ATTRIBUTE)
12-09 07:35:57.317 W/audio_hw_generic( 1307): Hardware backing HAL too slow, could only write 0 of 661 frames
12-09 07:35:57.557 W/audio_hw_generic( 1307): Not supplying enough data to HAL, expected position 391530 , only wrote 391312
12-09 07:35:57.557 W/audio_hw_generic( 1307): Not supplying enough data to HAL, expected position 391319 , only wrote 391312
12-09 07:35:57.575 W/audio_hw_generic( 1307): Not supplying enough data to HAL, expected position 392106 , only wrote 391973
12-09 07:35:58.107 W/audio_hw_generic( 1307): Not supplying enough data to HAL, expected position 415400 , only wrote 415108
12-09 07:35:58.107 W/audio_hw_generic( 1307): Not supplying enough data to HAL, expected position 415116 , only wrote 415108
12-09 07:35:58.130 W/audio_hw_generic( 1307): Not supplying enough data to HAL, expected position 416133 , only wrote 415769
12-09 07:35:58.313 W/audio_hw_generic( 1307): Not supplying enough data to HAL, expected position 423826 , only wrote 420396
12-09 07:35:58.313 W/audio_hw_generic( 1307): Not supplying enough data to HAL, expected position 420403 , only wrote 420396
12-09 07:35:58.329 W/audio_hw_generic( 1307): Not supplying enough data to HAL, expected position 421085 , only wrote 421057
12-09 07:35:58.330 I/System.out( 3609): URI: //map
12-09 07:35:58.330 I/System.out( 3609): params: {json={"query":"android.widget.EditText id:'volume'","operation":{"method_name":"query","arguments":[]}}
12-09 07:35:58.331 I/System.out( 3609): }
12-09 07:35:58.387 W/audio_hw_generic( 1307): Hardware backing HAL too slow, could only write 0 of 661 frames
12-09 07:35:58.389 W/ResourceType( 3609): No package identifier when getting name for resource number 0x00000001
12-09 07:35:58.513 I/art     ( 3609): Background sticky concurrent mark sweep GC freed 26322(1222KB) AllocSpace objects, 6(120KB) LOS objects, 0% free, 3MB/3MB, paused 3.586ms total 126.788ms
12-09 07:35:58.618 W/audio_hw_generic( 1307): Not supplying enough data to HAL, expected position 433826 , only wrote 433616
12-09 07:35:58.628 I/System.out( 3609): URI: //gesture
12-09 07:35:58.628 I/System.out( 3609): params: {json={"query_timeout":5.0,"gestures":[{"query_string":"android.widget.EditText id:'volume'","touches":[{"x":50,"y":50,"offset_x":0,"offset_y":0,"wait":0.0,"time":0.2,"release":true,"query_string":null}]}]}
12-09 07:35:58.628 I/System.out( 3609): }
12-09 07:35:58.709 W/ResourceType( 3609): No package identifier when getting name for resource number 0x00000001
12-09 07:35:59.143 I/art     ( 3609): Background sticky concurrent mark sweep GC freed 43070(1885KB) AllocSpace objects, 1(20KB) LOS objects, 32% free, 2MB/3MB, paused 16.012ms total 103.692ms
12-09 07:35:59.211 W/audio_hw_generic( 1307): Not supplying enough data to HAL, expected position 459747 , only wrote 458073
12-09 07:35:59.301 W/audio_hw_generic( 1307): Not supplying enough data to HAL, expected position 464770 , only wrote 462039
12-09 07:35:59.672 I/System.out( 3609): URI: //
12-09 07:35:59.672 I/System.out( 3609): params: {json={"command":"set_selection","arguments":[-1,-1]}
12-09 07:35:59.672 I/System.out( 3609): }
12-09 07:35:59.672 I/System.out( 3609): header: {date=Sun, 09 Dec 2018 07:35:59 GMT, accept=*/*, content-length=47, host=127.0.0.1:34777, user-agent=HTTPClient/1.0 (2.8.3, ruby 2.3.1 (2016-04-26)), content-type=application/json;charset=utf-8}
12-09 07:35:59.672 I/System.out( 3609): params: {json={"command":"set_selection","arguments":[-1,-1]}
12-09 07:35:59.672 I/System.out( 3609): }
12-09 07:35:59.672 I/System.out( 3609): ProP json = {"command":"set_selection","arguments":[-1,-1]}
12-09 07:35:59.672 I/System.out( 3609): files: {}
12-09 07:35:59.672 I/System.out( 3609): command: {"command":"set_selection","arguments":[-1,-1]}
12-09 07:35:59.673 I/InstrumentationBackend( 3609): Got command:'Command:'Line:null,set_selection', arguments:'[-1, -1]'
12-09 07:35:59.702 I/System.out( 3609): result:{"bonusInformation":[],"message":"","success":true}
12-09 07:36:00.268 D/hwcomposer( 1226): hw_composer sent 536 syncs in 60s
12-09 07:36:00.892 I/LatinIME( 1870): Starting input. Cursor position = 0,0
12-09 07:36:01.666 W/art     ( 1593): Long monitor contention event with owner method=void com.android.server.am.BroadcastQueue.processNextBroadcast(boolean) from BroadcastQueue.java:639 waiters=0 for 169ms
12-09 07:36:01.703 I/Choreographer( 1870): Skipped 51 frames!  The application may be doing too much work on its main thread.
12-09 07:36:01.735 I/System.out( 3609): URI: //
12-09 07:36:01.735 I/System.out( 3609): params: {json={"command":"keyboard_enter_text","arguments":["åß9∂º–ç¬  ß29å∂˚¡–ºß123"]}
12-09 07:36:01.735 I/System.out( 3609): }
12-09 07:36:01.735 I/System.out( 3609): header: {date=Sun, 09 Dec 2018 07:36:01 GMT, accept=*/*, content-length=92, host=127.0.0.1:34777, user-agent=HTTPClient/1.0 (2.8.3, ruby 2.3.1 (2016-04-26)), content-type=application/json;charset=utf-8}
12-09 07:36:01.735 I/System.out( 3609): params: {json={"command":"keyboard_enter_text","arguments":["åß9∂º–ç¬  ß29å∂˚¡–ºß123"]}
12-09 07:36:01.735 I/System.out( 3609): }
12-09 07:36:01.735 I/System.out( 3609): ProP json = {"command":"keyboard_enter_text","arguments":["åß9∂º–ç¬  ß29å∂˚¡–ºß123"]}
12-09 07:36:01.735 I/System.out( 3609): files: {}
12-09 07:36:01.735 I/System.out( 3609): command: {"command":"keyboard_enter_text","arguments":["åß9∂º–ç¬  ß29å∂˚¡–ºß123"]}
12-09 07:36:01.736 I/InstrumentationBackend( 3609): Got command:'Command:'Line:null,keyboard_enter_text', arguments:'[åß9∂º–ç¬  ß29å∂˚¡–ºß123]'
12-09 07:36:01.736 E/SpannableStringBuilder( 3609): SPAN_EXCLUSIVE_EXCLUSIVE spans cannot have a zero length
12-09 07:36:01.736 E/SpannableStringBuilder( 3609): SPAN_EXCLUSIVE_EXCLUSIVE spans cannot have a zero length
12-09 07:36:02.112 E/SpannableStringBuilder( 3609): SPAN_EXCLUSIVE_EXCLUSIVE spans cannot have a zero length
12-09 07:36:02.112 E/SpannableStringBuilder( 3609): SPAN_EXCLUSIVE_EXCLUSIVE spans cannot have a zero length
12-09 07:36:02.132 I/System.out( 3609): result:{"bonusInformation":[],"message":"","success":true}
12-09 07:36:02.219 I/AccountManagerService( 1593): getTypesVisibleToCaller: isPermitted? true
12-09 07:36:02.867 E/SurfaceFlinger( 1226): ro.sf.lcd_density must be defined as a build property
12-09 07:36:02.892 D/gralloc_ranchu( 1226): gralloc_alloc: Creating ashmem region of size 3686400
12-09 07:36:02.912 D/        ( 3661): HostConnection::get() New Host Connection established 0x7fa345252480, tid 3661
12-09 07:36:02.940 E/EGL_emulation( 1226): tid 1226: eglCreateSyncKHR(1881): error 0x3004 (EGL_BAD_ATTRIBUTE)
12-09 07:36:03.852 I/System.out( 3609): URI: //map
12-09 07:36:03.852 I/System.out( 3609): params: {json={"query":"android.widget.EditText id:'odometer'","operation":{"method_name":"query","arguments":[]}}
12-09 07:36:03.852 I/System.out( 3609): }
12-09 07:36:03.888 W/ResourceType( 3609): No package identifier when getting name for resource number 0x00000001
12-09 07:36:03.991 I/art     ( 3609): Background sticky concurrent mark sweep GC freed 27118(1111KB) AllocSpace objects, 2(40KB) LOS objects, 0% free, 3MB/3MB, paused 2.015ms total 114.497ms
12-09 07:36:04.303 I/System.out( 3609): URI: //gesture
12-09 07:36:04.303 I/System.out( 3609): params: {json={"query_timeout":5.0,"gestures":[{"query_string":"android.widget.EditText id:'odometer'","touches":[{"x":50,"y":50,"offset_x":0,"offset_y":0,"wait":0.0,"time":0.2,"release":true,"query_string":null}]}]}
12-09 07:36:04.303 I/System.out( 3609): }
12-09 07:36:04.336 W/ResourceType( 3609): No package identifier when getting name for resource number 0x00000001
12-09 07:36:04.350 I/art     ( 3609): Background partial concurrent mark sweep GC freed 31050(1601KB) AllocSpace objects, 3(60KB) LOS objects, 39% free, 2MB/4MB, paused 6.617ms total 354.247ms
12-09 07:36:04.679 I/LatinIME( 1870): Starting input. Cursor position = 0,0
12-09 07:36:05.247 I/System.out( 3609): URI: //
12-09 07:36:05.247 I/System.out( 3609): params: {json={"command":"set_selection","arguments":[-1,-1]}
12-09 07:36:05.247 I/System.out( 3609): }
12-09 07:36:05.247 I/System.out( 3609): header: {date=Sun, 09 Dec 2018 07:36:05 GMT, accept=*/*, content-length=47, host=127.0.0.1:34777, user-agent=HTTPClient/1.0 (2.8.3, ruby 2.3.1 (2016-04-26)), content-type=application/json;charset=utf-8}
12-09 07:36:05.247 I/System.out( 3609): params: {json={"command":"set_selection","arguments":[-1,-1]}
12-09 07:36:05.247 I/System.out( 3609): }
12-09 07:36:05.247 I/System.out( 3609): ProP json = {"command":"set_selection","arguments":[-1,-1]}
12-09 07:36:05.247 I/System.out( 3609): files: {}
12-09 07:36:05.247 I/System.out( 3609): command: {"command":"set_selection","arguments":[-1,-1]}
12-09 07:36:05.248 I/InstrumentationBackend( 3609): Got command:'Command:'Line:null,set_selection', arguments:'[-1, -1]'
12-09 07:36:05.274 I/System.out( 3609): result:{"bonusInformation":[],"message":"","success":true}
12-09 07:36:05.353 I/art     ( 3609): Background sticky concurrent mark sweep GC freed 58785(2MB) AllocSpace objects, 4(80KB) LOS objects, 52% free, 2MB/4MB, paused 1.103ms total 100.886ms
12-09 07:36:05.490 I/System.out( 3609): URI: //
12-09 07:36:05.490 I/System.out( 3609): params: {json={"command":"keyboard_enter_text","arguments":["=+œå∑ß≈´∂ç®ƒ√†©∫¡™£"]}
12-09 07:36:05.490 I/System.out( 3609): }
12-09 07:36:05.490 I/System.out( 3609): header: {date=Sun, 09 Dec 2018 07:36:05 GMT, accept=*/*, content-length=93, host=127.0.0.1:34777, user-agent=HTTPClient/1.0 (2.8.3, ruby 2.3.1 (2016-04-26)), content-type=application/json;charset=utf-8}
12-09 07:36:05.490 I/System.out( 3609): params: {json={"command":"keyboard_enter_text","arguments":["=+œå∑ß≈´∂ç®ƒ√†©∫¡™£"]}
12-09 07:36:05.490 I/System.out( 3609): }
12-09 07:36:05.490 I/System.out( 3609): ProP json = {"command":"keyboard_enter_text","arguments":["=+œå∑ß≈´∂ç®ƒ√†©∫¡™£"]}
12-09 07:36:05.491 I/System.out( 3609): files: {}
12-09 07:36:05.491 I/System.out( 3609): command: {"command":"keyboard_enter_text","arguments":["=+œå∑ß≈´∂ç®ƒ√†©∫¡™£"]}
12-09 07:36:05.492 I/InstrumentationBackend( 3609): Got command:'Command:'Line:null,keyboard_enter_text', arguments:'[=+œå∑ß≈´∂ç®ƒ√†©∫¡™£]'
12-09 07:36:05.492 E/SpannableStringBuilder( 3609): SPAN_EXCLUSIVE_EXCLUSIVE spans cannot have a zero length
12-09 07:36:05.492 E/SpannableStringBuilder( 3609): SPAN_EXCLUSIVE_EXCLUSIVE spans cannot have a zero length
12-09 07:36:05.498 E/SpannableStringBuilder( 3609): SPAN_EXCLUSIVE_EXCLUSIVE spans cannot have a zero length
12-09 07:36:05.498 E/SpannableStringBuilder( 3609): SPAN_EXCLUSIVE_EXCLUSIVE spans cannot have a zero length
12-09 07:36:05.513 I/System.out( 3609): result:{"bonusInformation":[],"message":"","success":true}
12-09 07:36:05.876 E/SurfaceFlinger( 1226): ro.sf.lcd_density must be defined as a build property
12-09 07:36:05.946 D/gralloc_ranchu( 1226): gralloc_alloc: Creating ashmem region of size 3686400
12-09 07:36:05.962 D/        ( 3671): HostConnection::get() New Host Connection established 0x7fe264152480, tid 3671
12-09 07:36:06.005 E/EGL_emulation( 1226): tid 1226: eglCreateSyncKHR(1881): error 0x3004 (EGL_BAD_ATTRIBUTE)
