--------- beginning of main
12-09 08:35:35.686 W/art     ( 1594): Long monitor contention event with owner method=void com.android.server.wm.WindowAnimator$1.doFrame(long) from WindowAnimator.java:121 waiters=1 for 163ms
12-09 08:35:35.786 W/art     ( 1594): Long monitor contention event with owner method=void com.android.server.wm.WindowAnimator$1.doFrame(long) from WindowAnimator.java:121 waiters=1 for 180ms
12-09 08:35:36.066 W/art     ( 1594): Long monitor contention event with owner method=void com.android.server.wm.WindowAnimator$1.doFrame(long) from WindowAnimator.java:121 waiters=1 for 280ms
12-09 08:35:36.298 W/art     ( 1594): Long monitor contention event with owner method=void com.android.server.wm.WindowManagerService.dump(java.io.FileDescriptor, java.io.PrintWriter, java.lang.String[]) from WindowManagerService.java:11632 waiters=1 for 161ms
12-09 08:35:36.786 D/AndroidRuntime(20462): >>>>>> START com.android.internal.os.RuntimeInit uid 0 <<<<<<
12-09 08:35:36.788 D/AndroidRuntime(20462): CheckJNI is ON
12-09 08:35:36.827 D/ICU     (20462): No timezone override file found: /data/misc/zoneinfo/current/icu/icu_tzdata.dat
12-09 08:35:37.023 W/art     ( 1594): Long monitor contention event with owner method=void com.android.server.wm.WindowAnimator$1.doFrame(long) from WindowAnimator.java:121 waiters=0 for 177ms
12-09 08:35:37.028 E/memtrack(20462): Couldn't load memtrack module (No such file or directory)
12-09 08:35:37.028 E/android.os.Debug(20462): failed to load memtrack module: -2
12-09 08:35:37.035 I/Radio-JNI(20462): register_android_hardware_Radio DONE
12-09 08:35:37.106 D/AndroidRuntime(20462): Calling main entry com.android.commands.am.Am
12-09 08:35:38.912 W/art     ( 1594): Long monitor contention event with owner method=void com.android.server.wm.WindowAnimator$1.doFrame(long) from WindowAnimator.java:121 waiters=0 for 115ms
12-09 08:35:39.061 W/art     ( 1594): Long monitor contention event with owner method=void com.android.server.wm.WindowAnimator$1.doFrame(long) from WindowAnimator.java:121 waiters=0 for 149ms
12-09 08:35:40.037 W/art     ( 1594): Long monitor contention event with owner method=void com.android.server.wm.WindowAnimator$1.doFrame(long) from WindowAnimator.java:121 waiters=0 for 137ms
12-09 08:35:40.166 W/art     ( 1594): Long monitor contention event with owner method=void com.android.server.wm.WindowAnimator$1.doFrame(long) from WindowAnimator.java:121 waiters=0 for 129ms
12-09 08:35:40.809 W/art     ( 1594): Long monitor contention event with owner method=void com.android.server.wm.WindowAnimator$1.doFrame(long) from WindowAnimator.java:121 waiters=0 for 643ms
12-09 08:35:41.371 W/art     ( 1594): Long monitor contention event with owner method=void com.android.server.am.ActivityManagerService.activityPaused(android.os.IBinder) from ActivityManagerService.java:6439 waiters=0 for 6.381s
12-09 08:35:41.371 W/art     ( 1594): Long monitor contention event with owner method=void com.android.server.am.ActivityManagerService.activityPaused(android.os.IBinder) from ActivityManagerService.java:6439 waiters=1 for 5.541s
12-09 08:35:41.372 W/art     ( 1594): Long monitor contention event with owner method=void com.android.server.am.ActivityManagerService.activityPaused(android.os.IBinder) from ActivityManagerService.java:6439 waiters=2 for 5.063s
12-09 08:35:41.374 W/art     ( 1594): Long monitor contention event with owner method=void com.android.server.am.ActivityManagerService.activityPaused(android.os.IBinder) from ActivityManagerService.java:6439 waiters=6 for 2.732s
12-09 08:35:41.377 W/art     ( 1594): Long monitor contention event with owner method=void com.android.server.am.ActivityManagerService.activityPaused(android.os.IBinder) from ActivityManagerService.java:6439 waiters=5 for 2.742s
12-09 08:35:41.377 W/art     ( 1594): Long monitor contention event with owner method=void com.android.server.am.ActivityManagerService.activityPaused(android.os.IBinder) from ActivityManagerService.java:6439 waiters=4 for 2.746s
12-09 08:35:41.378 W/art     ( 1594): Long monitor contention event with owner method=void com.android.server.am.ActivityManagerService.activityPaused(android.os.IBinder) from ActivityManagerService.java:6439 waiters=3 for 4.270s
--------- beginning of system
12-09 08:35:41.378 I/ActivityManager( 1594): Force stopping com.evancharlton.mileage appid=10143 user=0: start instr
12-09 08:35:41.378 I/ActivityManager( 1594): Killing 20445:com.evancharlton.mileage/u0a143 (adj 0): stop com.evancharlton.mileage
12-09 08:35:41.379 I/Choreographer( 1944): Skipped 164 frames!  The application may be doing too much work on its main thread.
12-09 08:35:41.541 W/art     ( 1594): Long monitor contention event with owner method=void com.android.server.wm.WindowAnimator$1.doFrame(long) from WindowAnimator.java:121 waiters=0 for 161ms
12-09 08:35:41.562 W/ProcessCpuTracker( 1594): Skipping unknown process pid 20445
12-09 08:35:41.563 W/ActivityManager( 1594): Crash of app com.evancharlton.mileage running instrumentation ComponentInfo{com.evancharlton.mileage.test/sh.calaba.instrumentationbackend.ClearAppData2}
12-09 08:35:41.563 I/ActivityManager( 1594): Force stopping com.evancharlton.mileage appid=10143 user=0: finished inst
12-09 08:35:41.567 W/InputMethodManagerService( 1594): Window already focused, ignoring focus gain of: com.android.internal.view.IInputMethodClient$Stub$Proxy@e54ace9 attribute=null, token = android.os.BinderProxy@53881e6
12-09 08:35:41.602 I/ActivityManager( 1594): Start proc 20472:com.evancharlton.mileage/u0a143 for added application com.evancharlton.mileage
12-09 08:35:41.613 D/AndroidRuntime(20462): Shutting down VM
12-09 08:35:41.638 W/art     ( 1594): Long monitor contention event with owner method=boolean com.android.server.am.ActivityManagerService.startInstrumentation(android.content.ComponentName, java.lang.String, int, android.os.Bundle, android.app.IInstrumentationWatcher, android.app.IUiAutomationConnection, int, java.lang.String) from ActivityManagerService.java:17066 waiters=1 for 258ms
12-09 08:35:41.639 W/art     ( 1594): Long monitor contention event with owner method=boolean com.android.server.am.ActivityManagerService.startInstrumentation(android.content.ComponentName, java.lang.String, int, android.os.Bundle, android.app.IInstrumentationWatcher, android.app.IUiAutomationConnection, int, java.lang.String) from ActivityManagerService.java:17066 waiters=2 for 258ms
12-09 08:35:41.643 W/ActivityManager( 1594): Spurious death for ProcessRecord{bf2cd6e 0:com.evancharlton.mileage/u0a143}, curProc for 20445: null
12-09 08:35:41.769 W/System  (20472): ClassLoader referenced unknown path: /data/app/com.evancharlton.mileage.test-1/lib/x86_64
12-09 08:35:41.777 W/System  (20472): ClassLoader referenced unknown path: /data/app/com.evancharlton.mileage-1/lib/x86_64
12-09 08:35:41.860 I/art     (20472): Background partial concurrent mark sweep GC freed 12472(458KB) AllocSpace objects, 0(0B) LOS objects, 61% free, 636KB/1660KB, paused 23.250ms total 38.238ms
12-09 08:35:41.892 I/System.out(20472): Main activity name automatically set to: com.evancharlton.mileage.Mileage
12-09 08:35:41.901 I/System.out(20472): Calabash did not load Mono. This is only a problem if you are trying to test a Mono application
12-09 08:35:41.901 I/calabash(20472): Test server port: 7102
12-09 08:35:41.902 I/InstrumentationBackend(20472): Added:'GetPreferences', with key:'get_preferences'
12-09 08:35:41.963 I/InstrumentationBackend(20472): Added:'SetPreferences', with key:'set_preferences'
12-09 08:35:41.981 I/InstrumentationBackend(20472): Added:'ClearPreferences', with key:'clear_preferences'
12-09 08:35:41.981 I/InstrumentationBackend(20472): Added:'PressElement', with key:'press_l10n_element'
12-09 08:35:41.981 I/InstrumentationBackend(20472): Added:'WaitForElement', with key:'wait_for_l10n_element'
12-09 08:35:41.982 I/InstrumentationBackend(20472): Added:'NullAction', with key:'nullAction'
12-09 08:35:41.982 I/InstrumentationBackend(20472): Added:'PressKey', with key:'press_key'
12-09 08:35:41.982 I/InstrumentationBackend(20472): Added:'SetActivityOrientation', with key:'set_activity_orientation'
12-09 08:35:41.982 I/InstrumentationBackend(20472): Added:'GetActivityOrientation', with key:'get_activity_orientation'
12-09 08:35:41.983 I/InstrumentationBackend(20472): Added:'FakeGPSLocation', with key:'set_gps_coordinates'
12-09 08:35:41.983 I/InstrumentationBackend(20472): Added:'SetPropertyByCssSelector', with key:'set_property_by_css_selector'
12-09 08:35:41.983 I/InstrumentationBackend(20472): Added:'GetUrl', with key:'get_url'
12-09 08:35:41.984 I/InstrumentationBackend(20472): Added:'ScrollTo', with key:'scroll_to'
12-09 08:35:41.984 I/InstrumentationBackend(20472): Added:'GetLoadProgress', with key:'get_load_progress'
12-09 08:35:41.989 I/InstrumentationBackend(20472): Added:'DumpHtml', with key:'dump_html'
12-09 08:35:42.022 I/InstrumentationBackend(20472): Added:'DumpBodyHtml', with key:'dump_body_html'
12-09 08:35:42.023 I/InstrumentationBackend(20472): Added:'EnterTextByCssSelector', with key:'enter_text_by_selector'
12-09 08:35:42.024 I/InstrumentationBackend(20472): Added:'AndroidSDKVersion', with key:'android_sdk_version'
12-09 08:35:42.024 I/InstrumentationBackend(20472): Added:'Version', with key:'version'
12-09 08:35:42.024 I/InstrumentationBackend(20472): Added:'Drag', with key:'drag'
12-09 08:35:42.041 I/InstrumentationBackend(20472): Added:'TouchCoordinates', with key:'touch_coordinate'
12-09 08:35:42.041 I/InstrumentationBackend(20472): Added:'LongPressCoordinate', with key:'long_press_coordinate'
12-09 08:35:42.041 I/InstrumentationBackend(20472): Added:'DragCoordinates', with key:'drag_coordinates'
12-09 08:35:42.041 I/InstrumentationBackend(20472): Added:'ResumeApplication', with key:'resume_application'
12-09 08:35:42.041 I/InstrumentationBackend(20472): Added:'Swipe', with key:'swipe'
12-09 08:35:42.042 I/InstrumentationBackend(20472): Added:'DoubleTapCoordinate', with key:'double_tap_coordinate'
12-09 08:35:42.042 I/InstrumentationBackend(20472): Added:'ClickOnScreen', with key:'click_on_screen'
12-09 08:35:42.042 I/InstrumentationBackend(20472): Added:'GetActivityName', with key:'get_activity_name'
12-09 08:35:42.042 I/InstrumentationBackend(20472): Added:'ScrollToView', with key:'scroll_to_view'
12-09 08:35:42.043 I/InstrumentationBackend(20472): Added:'ViewConfiguration', with key:'view_configuration'
12-09 08:35:42.043 I/InstrumentationBackend(20472): Added:'IsCurrentActivityFocused', with key:'is_current_activity_focused'
12-09 08:35:42.043 I/InstrumentationBackend(20472): Added:'SendTcp', with key:'send_tcp'
12-09 08:35:42.043 I/InstrumentationBackend(20472): Added:'DpToDevicePixel', with key:'dp_to_device_pixel'
12-09 08:35:42.044 I/InstrumentationBackend(20472): Added:'KeyboardEnterText', with key:'keyboard_enter_text'
12-09 08:35:42.044 I/InstrumentationBackend(20472): Added:'DeleteSurroundingText', with key:'delete_surrounding_text'
12-09 08:35:42.044 I/InstrumentationBackend(20472): Added:'SetComposingRegion', with key:'set_composing_region'
12-09 08:35:42.053 I/InstrumentationBackend(20472): Added:'SetSelection', with key:'set_selection'
12-09 08:35:42.053 I/InstrumentationBackend(20472): Added:'KeyboardKeyEvent', with key:'keyboard_key_event'
12-09 08:35:42.053 I/InstrumentationBackend(20472): Added:'PressUserActionButton', with key:'press_user_action_button'
12-09 08:35:42.054 I/InstrumentationBackend(20472): Added:'HideSoftKeyboard', with key:'hide_soft_keyboard'
12-09 08:35:42.054 I/InstrumentationBackend(20472): Added:'ListActions', with key:'list_actions'
12-09 08:35:42.054 I/calabash(20472): Instantiating http server at 7102
12-09 08:35:42.055 I/System.out(20472): HTTP Daemon listening on: 7102
12-09 08:35:42.160 I/System.out(20472): URI: //ping
12-09 08:35:42.160 I/System.out(20472): params: {json={}
12-09 08:35:42.160 I/System.out(20472): }
12-09 08:35:42.314 I/System.out(20472): URI: //ping
12-09 08:35:42.314 I/System.out(20472): params: {json={}
12-09 08:35:42.314 I/System.out(20472): }
12-09 08:35:42.337 I/System.out(20472): URI: //ready
12-09 08:35:42.337 I/System.out(20472): params: {json={}
12-09 08:35:42.337 I/System.out(20472): }
12-09 08:35:42.389 I/System.out(20472): URI: //
12-09 08:35:42.389 I/System.out(20472): params: {json={"command":"version","arguments":[]}
12-09 08:35:42.389 I/System.out(20472): }
12-09 08:35:42.389 I/System.out(20472): header: {date=Sun, 09 Dec 2018 08:35:42 GMT, accept=*/*, content-length=36, host=127.0.0.1:34777, user-agent=HTTPClient/1.0 (2.8.3, ruby 2.3.1 (2016-04-26)), content-type=application/json;charset=utf-8}
12-09 08:35:42.389 I/System.out(20472): params: {json={"command":"version","arguments":[]}
12-09 08:35:42.389 I/System.out(20472): }
12-09 08:35:42.389 I/System.out(20472): ProP json = {"command":"version","arguments":[]}
12-09 08:35:42.389 I/System.out(20472): files: {}
12-09 08:35:42.389 I/System.out(20472): command: {"command":"version","arguments":[]}
12-09 08:35:42.409 I/InstrumentationBackend(20472): Got command:'Command:'Line:null,version', arguments:'[]'
12-09 08:35:42.493 W/art     (20472): Suspending all threads took: 43.162ms
12-09 08:35:42.501 I/art     (20472): Background sticky concurrent mark sweep GC freed 3758(312KB) AllocSpace objects, 8(160KB) LOS objects, 23% free, 1268KB/1660KB, paused 44.463ms total 91.140ms
12-09 08:35:42.531 I/System.out(20472): result:{"bonusInformation":[],"message":"0.9.8","success":true}
12-09 08:35:42.700 I/art     (20472): Background partial concurrent mark sweep GC freed 10950(539KB) AllocSpace objects, 3(60KB) LOS objects, 46% free, 1172KB/2MB, paused 1.107ms total 177.122ms
12-09 08:35:42.701 I/System.out(20472): URI: //start-application
12-09 08:35:42.701 I/System.out(20472): params: {json={"intent":null}
12-09 08:35:42.701 I/System.out(20472): }
12-09 08:35:42.720 I/ActivityManager( 1594): START u0 {act=android.intent.action.MAIN cat=[android.intent.category.LAUNCHER] flg=0x10200000 cmp=com.evancharlton.mileage/.Mileage} from uid 10143 on display 0
12-09 08:35:42.928 I/calabash(20472): newActivity1
12-09 08:35:42.929 W/art     ( 1594): Long monitor contention event with owner method=void com.android.server.am.ActivityManagerService.activityPaused(android.os.IBinder) from ActivityManagerService.java:6439 waiters=1 for 153ms
12-09 08:35:42.935 D/gralloc_ranchu( 1224): gralloc_alloc: Creating ashmem region of size 3686400
12-09 08:35:42.968 I/calabash(20472): newActivity1
12-09 08:35:42.971 W/ActivityManager( 1594): Bad activity token: android.os.BinderProxy@4cc1021
12-09 08:35:42.971 W/ActivityManager( 1594): java.lang.ClassCastException: android.os.BinderProxy cannot be cast to com.android.server.am.ActivityRecord$Token
12-09 08:35:42.971 W/ActivityManager( 1594): 	at com.android.server.am.ActivityRecord.forTokenLocked(ActivityRecord.java:424)
12-09 08:35:42.971 W/ActivityManager( 1594): 	at com.android.server.am.ActivityRecord.isInStackLocked(ActivityRecord.java:1121)
12-09 08:35:42.971 W/ActivityManager( 1594): 	at com.android.server.am.ActivityRecord.getStackLocked(ActivityRecord.java:1126)
12-09 08:35:42.971 W/ActivityManager( 1594): 	at com.android.server.am.ActivityManagerService.getActivityDisplayId(ActivityManagerService.java:8889)
12-09 08:35:42.971 W/ActivityManager( 1594): 	at android.app.ActivityManagerNative.onTransact(ActivityManagerNative.java:2338)
12-09 08:35:42.971 W/ActivityManager( 1594): 	at com.android.server.am.ActivityManagerService.onTransact(ActivityManagerService.java:2443)
12-09 08:35:42.971 W/ActivityManager( 1594): 	at android.os.Binder.execTransact(Binder.java:453)
12-09 08:35:42.972 W/ActivityManager( 1594): Bad activity token: android.os.BinderProxy@4cc1021
12-09 08:35:42.972 W/ActivityManager( 1594): java.lang.ClassCastException: android.os.BinderProxy cannot be cast to com.android.server.am.ActivityRecord$Token
12-09 08:35:42.972 W/ActivityManager( 1594): 	at com.android.server.am.ActivityRecord.forTokenLocked(ActivityRecord.java:424)
12-09 08:35:42.972 W/ActivityManager( 1594): 	at com.android.server.am.ActivityRecord.isInStackLocked(ActivityRecord.java:1121)
12-09 08:35:42.972 W/ActivityManager( 1594): 	at com.android.server.am.ActivityManagerService.setTaskDescription(ActivityManagerService.java:8547)
12-09 08:35:42.972 W/ActivityManager( 1594): 	at android.app.ActivityManagerNative.onTransact(ActivityManagerNative.java:2410)
12-09 08:35:42.972 W/ActivityManager( 1594): 	at com.android.server.am.ActivityManagerService.onTransact(ActivityManagerService.java:2443)
12-09 08:35:42.972 W/ActivityManager( 1594): 	at android.os.Binder.execTransact(Binder.java:453)
12-09 08:35:43.129 V/PhoneStatusBar( 2192): setLightsOn(true)
12-09 08:35:43.139 D/FillupsProvider(20472): Creating database
12-09 08:35:43.154 D/EGL_emulation( 1944): eglMakeCurrent: 0x7f3f7fbe1d20: ver 2 0 (tinfo 0x7f3f7fbc28e0)
12-09 08:35:43.155 E/Surface ( 1944): getSlotFromBufferLocked: unknown buffer: 0x7f3f7c1a6560
12-09 08:35:43.503 I/art     (20472): Background sticky concurrent mark sweep GC freed 7318(433KB) AllocSpace objects, 0(0B) LOS objects, 22% free, 1695KB/2MB, paused 10.663ms total 186.760ms
12-09 08:35:43.566 W/ActivityManager( 1594): Bad activity token: android.os.BinderProxy@4cc1021
12-09 08:35:43.566 W/ActivityManager( 1594): java.lang.ClassCastException: android.os.BinderProxy cannot be cast to com.android.server.am.ActivityRecord$Token
12-09 08:35:43.566 W/ActivityManager( 1594): 	at com.android.server.am.ActivityRecord.forTokenLocked(ActivityRecord.java:424)
12-09 08:35:43.566 W/ActivityManager( 1594): 	at com.android.server.am.ActivityRecord.isInStackLocked(ActivityRecord.java:1121)
12-09 08:35:43.566 W/ActivityManager( 1594): 	at com.android.server.am.ActivityManagerService.getActivityOptions(ActivityManagerService.java:11038)
12-09 08:35:43.566 W/ActivityManager( 1594): 	at android.app.ActivityManagerNative.onTransact(ActivityManagerNative.java:1734)
12-09 08:35:43.566 W/ActivityManager( 1594): 	at com.android.server.am.ActivityManagerService.onTransact(ActivityManagerService.java:2443)
12-09 08:35:43.566 W/ActivityManager( 1594): 	at android.os.Binder.execTransact(Binder.java:453)
12-09 08:35:43.605 W/ActivityManager( 1594): Bad activity token: android.os.BinderProxy@4cc1021
12-09 08:35:43.605 W/ActivityManager( 1594): java.lang.ClassCastException: android.os.BinderProxy cannot be cast to com.android.server.am.ActivityRecord$Token
12-09 08:35:43.605 W/ActivityManager( 1594): 	at com.android.server.am.ActivityRecord.forTokenLocked(ActivityRecord.java:424)
12-09 08:35:43.605 W/ActivityManager( 1594): 	at com.android.server.am.ActivityRecord.isInStackLocked(ActivityRecord.java:1121)
12-09 08:35:43.605 W/ActivityManager( 1594): 	at com.android.server.am.ActivityManagerService.getActivityOptions(ActivityManagerService.java:11038)
12-09 08:35:43.605 W/ActivityManager( 1594): 	at android.app.ActivityManagerNative.onTransact(ActivityManagerNative.java:1734)
12-09 08:35:43.605 W/ActivityManager( 1594): 	at com.android.server.am.ActivityManagerService.onTransact(ActivityManagerService.java:2443)
12-09 08:35:43.605 W/ActivityManager( 1594): 	at android.os.Binder.execTransact(Binder.java:453)
12-09 08:35:43.726 D/AndroidRuntime(20472): Shutting down VM
--------- beginning of crash
12-09 08:35:43.726 E/AndroidRuntime(20472): FATAL EXCEPTION: main
12-09 08:35:43.726 E/AndroidRuntime(20472): Process: com.evancharlton.mileage, PID: 20472
12-09 08:35:43.726 E/AndroidRuntime(20472): java.lang.VerifyError: Rejecting class com.evancharlton.mileage.views.FieldView because it failed compile-time verification (declaration of 'com.evancharlton.mileage.views.FieldView' appears in /data/app/com.evancharlton.mileage-1/base.apk)
12-09 08:35:43.726 E/AndroidRuntime(20472): 	at java.lang.reflect.Constructor.newInstance(Native Method)
12-09 08:35:43.726 E/AndroidRuntime(20472): 	at android.view.LayoutInflater.createView(LayoutInflater.java:619)
12-09 08:35:43.726 E/AndroidRuntime(20472): 	at android.view.LayoutInflater.createViewFromTag(LayoutInflater.java:764)
12-09 08:35:43.726 E/AndroidRuntime(20472): 	at android.view.LayoutInflater.createViewFromTag(LayoutInflater.java:704)
12-09 08:35:43.726 E/AndroidRuntime(20472): 	at android.view.LayoutInflater.inflate(LayoutInflater.java:492)
12-09 08:35:43.726 E/AndroidRuntime(20472): 	at android.view.LayoutInflater.inflate(LayoutInflater.java:423)
12-09 08:35:43.726 E/AndroidRuntime(20472): 	at android.view.LayoutInflater.inflate(LayoutInflater.java:374)
12-09 08:35:43.726 E/AndroidRuntime(20472): 	at com.evancharlton.mileage.FillupActivity.onResume(FillupActivity.java:117)
12-09 08:35:43.726 E/AndroidRuntime(20472): 	at android.app.Instrumentation.callActivityOnResume(Instrumentation.java:1258)
12-09 08:35:43.726 E/AndroidRuntime(20472): 	at sh.calaba.instrumentationbackend.CalabashInstrumentation.callActivityOnResume(CalabashInstrumentation.java:80)
12-09 08:35:43.726 E/AndroidRuntime(20472): 	at android.app.Activity.performResume(Activity.java:6312)
12-09 08:35:43.726 E/AndroidRuntime(20472): 	at android.app.ActivityThread.performResumeActivity(ActivityThread.java:3092)
12-09 08:35:43.726 E/AndroidRuntime(20472): 	at android.app.LocalActivityManager.moveToState(LocalActivityManager.java:179)
12-09 08:35:43.726 E/AndroidRuntime(20472): 	at android.app.LocalActivityManager.dispatchResume(LocalActivityManager.java:524)
12-09 08:35:43.726 E/AndroidRuntime(20472): 	at android.app.ActivityGroup.onResume(ActivityGroup.java:61)
12-09 08:35:43.726 E/AndroidRuntime(20472): 	at android.app.Instrumentation.callActivityOnResume(Instrumentation.java:1258)
12-09 08:35:43.726 E/AndroidRuntime(20472): 	at sh.calaba.instrumentationbackend.CalabashInstrumentation.callActivityOnResume(CalabashInstrumentation.java:80)
12-09 08:35:43.726 E/AndroidRuntime(20472): 	at android.app.Activity.performResume(Activity.java:6312)
12-09 08:35:43.726 E/AndroidRuntime(20472): 	at android.app.ActivityThread.performResumeActivity(ActivityThread.java:3092)
12-09 08:35:43.726 E/AndroidRuntime(20472): 	at android.app.ActivityThread.handleResumeActivity(ActivityThread.java:3134)
12-09 08:35:43.726 E/AndroidRuntime(20472): 	at android.app.ActivityThread.handleLaunchActivity(ActivityThread.java:2481)
12-09 08:35:43.726 E/AndroidRuntime(20472): 	at android.app.ActivityThread.-wrap11(ActivityThread.java)
12-09 08:35:43.726 E/AndroidRuntime(20472): 	at android.app.ActivityThread$H.handleMessage(ActivityThread.java:1344)
12-09 08:35:43.726 E/AndroidRuntime(20472): 	at android.os.Handler.dispatchMessage(Handler.java:102)
12-09 08:35:43.726 E/AndroidRuntime(20472): 	at android.os.Looper.loop(Looper.java:148)
12-09 08:35:43.726 E/AndroidRuntime(20472): 	at android.app.ActivityThread.main(ActivityThread.java:5417)
12-09 08:35:43.726 E/AndroidRuntime(20472): 	at java.lang.reflect.Method.invoke(Native Method)
12-09 08:35:43.726 E/AndroidRuntime(20472): 	at com.android.internal.os.ZygoteInit$MethodAndArgsCaller.run(ZygoteInit.java:726)
12-09 08:35:43.726 E/AndroidRuntime(20472): 	at com.android.internal.os.ZygoteInit.main(ZygoteInit.java:616)
12-09 08:35:43.741 W/ActivityManager( 1594): Error in app com.evancharlton.mileage running instrumentation ComponentInfo{com.evancharlton.mileage.test/sh.calaba.instrumentationbackend.CalabashInstrumentationTestRunner}:
12-09 08:35:43.741 W/ActivityManager( 1594):   java.lang.VerifyError
12-09 08:35:43.741 W/ActivityManager( 1594):   java.lang.VerifyError: Rejecting class com.evancharlton.mileage.views.FieldView because it failed compile-time verification (declaration of 'com.evancharlton.mileage.views.FieldView' appears in /data/app/com.evancharlton.mileage-1/base.apk)
12-09 08:35:43.741 I/ActivityManager( 1594): Force stopping com.evancharlton.mileage appid=10143 user=0: finished inst
12-09 08:35:43.765 I/ActivityManager( 1594): Killing 20472:com.evancharlton.mileage/u0a143 (adj 0): stop com.evancharlton.mileage
