--------- beginning of main
12-09 08:32:33.945 D/gralloc_ranchu( 1223): gralloc_alloc: Creating ashmem region of size 708608
12-09 08:32:34.014 W/audio_hw_generic( 1308): Not supplying enough data to HAL, expected position 45444276 , only wrote 45443750
12-09 08:32:34.020 E/EGL_emulation( 1223): tid 1223: eglCreateSyncKHR(1881): error 0x3004 (EGL_BAD_ATTRIBUTE)
12-09 08:32:34.069 W/art     ( 1591): Suspending all threads took: 10.343ms
--------- beginning of system
12-09 08:32:34.078 W/ActivityManager( 1591): Finishing task with all activities already finished
12-09 08:32:34.085 W/ActivityManager( 1591): Duplicate finish request for ActivityRecord{234b764 u0 com.evancharlton.mileage/.Mileage t469 f}
12-09 08:32:34.085 W/ActivityManager( 1591): Finishing task with all activities already finished
12-09 08:32:34.093 W/ActivityManager( 1591): Duplicate finish request for ActivityRecord{234b764 u0 com.evancharlton.mileage/.Mileage t469 f}
12-09 08:32:34.110 W/ActivityManager( 1591): Finishing task with all activities already finished
12-09 08:32:34.125 W/ActivityManager( 1591): Duplicate finish request for ActivityRecord{234b764 u0 com.evancharlton.mileage/.Mileage t469 f}
12-09 08:32:34.145 I/art     ( 1591): Background partial concurrent mark sweep GC freed 5974(530KB) AllocSpace objects, 2(40KB) LOS objects, 29% free, 9MB/13MB, paused 13.179ms total 101.520ms
12-09 08:32:34.318 D/EGL_emulation( 1922): eglMakeCurrent: 0x7f91c29b4b40: ver 2 0 (tinfo 0x7f91c2982d80)
12-09 08:32:34.650 W/audio_hw_generic( 1308): Hardware backing HAL too slow, could only write 0 of 661 frames
12-09 08:32:34.689 W/audio_hw_generic( 1308): Not supplying enough data to HAL, expected position 45473528 , only wrote 45473495
12-09 08:32:34.690 W/audio_hw_generic( 1308): Not supplying enough data to HAL, expected position 45473502 , only wrote 45473495
12-09 08:32:34.709 W/audio_hw_generic( 1308): Not supplying enough data to HAL, expected position 45474351 , only wrote 45474156
12-09 08:32:34.709 W/audio_hw_generic( 1308): Hardware backing HAL too slow, could only write 0 of 661 frames
12-09 08:32:34.942 D/AndroidRuntime(18266): >>>>>> START com.android.internal.os.RuntimeInit uid 0 <<<<<<
12-09 08:32:34.944 D/AndroidRuntime(18266): CheckJNI is ON
12-09 08:32:34.991 D/ICU     (18266): No timezone override file found: /data/misc/zoneinfo/current/icu/icu_tzdata.dat
12-09 08:32:35.007 W/art     ( 1591): Long monitor contention event with owner method=void com.android.server.wm.WindowAnimator$1.doFrame(long) from WindowAnimator.java:121 waiters=0 for 111ms
12-09 08:32:35.150 W/audio_hw_generic( 1308): Not supplying enough data to HAL, expected position 45493584 , only wrote 45493325
12-09 08:32:35.389 W/audio_hw_generic( 1308): Not supplying enough data to HAL, expected position 45503889 , only wrote 45501257
12-09 08:32:35.389 W/audio_hw_generic( 1308): Not supplying enough data to HAL, expected position 45501264 , only wrote 45501257
12-09 08:32:35.398 W/art     ( 1591): Long monitor contention event with owner method=void com.android.server.wm.WindowAnimator$1.doFrame(long) from WindowAnimator.java:121 waiters=0 for 189ms
12-09 08:32:35.442 W/audio_hw_generic( 1308): Not supplying enough data to HAL, expected position 45503562 , only wrote 45501918
12-09 08:32:35.475 E/memtrack(18266): Couldn't load memtrack module (No such file or directory)
12-09 08:32:35.475 E/android.os.Debug(18266): failed to load memtrack module: -2
12-09 08:32:35.494 I/Radio-JNI(18266): register_android_hardware_Radio DONE
12-09 08:32:35.519 D/AndroidRuntime(18266): Calling main entry com.android.commands.am.Am
12-09 08:32:35.572 W/audio_hw_generic( 1308): Not supplying enough data to HAL, expected position 45511856 , only wrote 45507206
12-09 08:32:35.762 W/art     ( 1591): Long monitor contention event with owner method=void com.android.server.wm.WindowAnimator$1.doFrame(long) from WindowAnimator.java:121 waiters=1 for 161ms
12-09 08:32:36.166 W/art     ( 1591): Long monitor contention event with owner method=void com.android.server.wm.WindowAnimator$1.doFrame(long) from WindowAnimator.java:121 waiters=1 for 275ms
12-09 08:32:36.269 W/art     ( 1591): Long monitor contention event with owner method=java.util.List com.android.server.am.ActivityManagerService.getAllStackInfos() from ActivityManagerService.java:8937 waiters=0 for 749ms
12-09 08:32:36.269 I/ActivityManager( 1591): Force stopping com.evancharlton.mileage appid=10139 user=0: start instr
12-09 08:32:36.270 I/ActivityManager( 1591): Killing 18222:com.evancharlton.mileage/u0a139 (adj 0): stop com.evancharlton.mileage
12-09 08:32:36.274 I/Choreographer( 1922): Skipped 115 frames!  The application may be doing too much work on its main thread.
12-09 08:32:36.387 W/OpenGLRenderer( 1922): Incorrectly called buildLayer on View: ShortcutAndWidgetContainer, destroying layer...
12-09 08:32:36.408 W/ActivityManager( 1591): Crash of app com.evancharlton.mileage running instrumentation ComponentInfo{com.evancharlton.mileage.test/sh.calaba.instrumentationbackend.CalabashInstrumentationTestRunner}
12-09 08:32:36.408 I/ActivityManager( 1591): Force stopping com.evancharlton.mileage appid=10139 user=0: finished inst
12-09 08:32:36.539 W/art     ( 1591): Long monitor contention event with owner method=void com.android.server.wm.WindowAnimator$1.doFrame(long) from WindowAnimator.java:121 waiters=1 for 142ms
12-09 08:32:36.539 I/WindowState( 1591): WIN DEATH: Window{6e6d3a6 u0 com.evancharlton.mileage/com.evancharlton.mileage.Mileage EXITING}
12-09 08:32:36.567 I/ActivityManager( 1591): Start proc 18275:com.evancharlton.mileage/u0a139 for added application com.evancharlton.mileage
12-09 08:32:36.567 W/art     ( 1591): Long monitor contention event with owner method=java.util.List com.android.server.am.ActivityManagerService.getAllStackInfos() from ActivityManagerService.java:8937 waiters=1 for 822ms
12-09 08:32:36.568 W/art     ( 1591): Long monitor contention event with owner method=boolean com.android.server.am.ActivityManagerService.startInstrumentation(android.content.ComponentName, java.lang.String, int, android.os.Bundle, android.app.IInstrumentationWatcher, android.app.IUiAutomationConnection, int, java.lang.String) from ActivityManagerService.java:17066 waiters=1 for 298ms
12-09 08:32:36.568 W/ActivityManager( 1591): Spurious death for ProcessRecord{cf22df5 0:com.evancharlton.mileage/u0a139}, curProc for 18222: null
12-09 08:32:36.569 D/AndroidRuntime(18266): Shutting down VM
12-09 08:32:36.707 W/art     ( 1591): Long monitor contention event with owner method=boolean com.android.server.am.ActivityManagerService.startInstrumentation(android.content.ComponentName, java.lang.String, int, android.os.Bundle, android.app.IInstrumentationWatcher, android.app.IUiAutomationConnection, int, java.lang.String) from ActivityManagerService.java:17066 waiters=3 for 345ms
12-09 08:32:36.894 W/WindowAnimator( 1591): Failed to dispatch window animation state change.
12-09 08:32:36.894 W/WindowAnimator( 1591): android.os.DeadObjectException
12-09 08:32:36.894 W/WindowAnimator( 1591): 	at android.os.BinderProxy.transactNative(Native Method)
12-09 08:32:36.894 W/WindowAnimator( 1591): 	at android.os.BinderProxy.transact(Binder.java:503)
12-09 08:32:36.894 W/WindowAnimator( 1591): 	at android.view.IWindow$Stub$Proxy.onAnimationStopped(IWindow.java:534)
12-09 08:32:36.894 W/WindowAnimator( 1591): 	at com.android.server.wm.WindowAnimator.updateWindowsLocked(WindowAnimator.java:286)
12-09 08:32:36.894 W/WindowAnimator( 1591): 	at com.android.server.wm.WindowAnimator.animateLocked(WindowAnimator.java:678)
12-09 08:32:36.894 W/WindowAnimator( 1591): 	at com.android.server.wm.WindowAnimator.-wrap0(WindowAnimator.java)
12-09 08:32:36.894 W/WindowAnimator( 1591): 	at com.android.server.wm.WindowAnimator$1.doFrame(WindowAnimator.java:123)
12-09 08:32:36.894 W/WindowAnimator( 1591): 	at android.view.Choreographer$CallbackRecord.run(Choreographer.java:856)
12-09 08:32:36.894 W/WindowAnimator( 1591): 	at android.view.Choreographer.doCallbacks(Choreographer.java:670)
12-09 08:32:36.894 W/WindowAnimator( 1591): 	at android.view.Choreographer.doFrame(Choreographer.java:603)
12-09 08:32:36.894 W/WindowAnimator( 1591): 	at android.view.Choreographer$FrameDisplayEventReceiver.run(Choreographer.java:844)
12-09 08:32:36.894 W/WindowAnimator( 1591): 	at android.os.Handler.handleCallback(Handler.java:739)
12-09 08:32:36.894 W/WindowAnimator( 1591): 	at android.os.Handler.dispatchMessage(Handler.java:95)
12-09 08:32:36.894 W/WindowAnimator( 1591): 	at android.os.Looper.loop(Looper.java:148)
12-09 08:32:36.894 W/WindowAnimator( 1591): 	at android.os.HandlerThread.run(HandlerThread.java:61)
12-09 08:32:36.894 W/WindowAnimator( 1591): 	at com.android.server.ServiceThread.run(ServiceThread.java:46)
12-09 08:32:36.897 W/art     ( 1591): Long monitor contention event with owner method=void com.android.server.wm.WindowAnimator$1.doFrame(long) from WindowAnimator.java:121 waiters=0 for 189ms
12-09 08:32:36.945 W/System  (18275): ClassLoader referenced unknown path: /data/app/com.evancharlton.mileage.test-1/lib/x86_64
12-09 08:32:36.945 W/System  (18275): ClassLoader referenced unknown path: /data/app/com.evancharlton.mileage-1/lib/x86_64
12-09 08:32:37.070 W/art     ( 1591): Long monitor contention event with owner method=void com.android.server.wm.WindowAnimator$1.doFrame(long) from WindowAnimator.java:121 waiters=0 for 173ms
12-09 08:32:37.091 I/System.out(18275): Main activity name automatically set to: com.evancharlton.mileage.Mileage
12-09 08:32:37.091 I/System.out(18275): Calabash did not load Mono. This is only a problem if you are trying to test a Mono application
12-09 08:32:37.091 I/calabash(18275): Test server port: 7102
12-09 08:32:37.092 I/InstrumentationBackend(18275): Added:'GetPreferences', with key:'get_preferences'
12-09 08:32:37.241 W/art     (18275): Suspending all threads took: 20.593ms
12-09 08:32:37.252 I/art     (18275): Background partial concurrent mark sweep GC freed 2527(285KB) AllocSpace objects, 0(0B) LOS objects, 53% free, 905KB/1929KB, paused 21.766ms total 53.966ms
12-09 08:32:37.252 I/InstrumentationBackend(18275): Added:'SetPreferences', with key:'set_preferences'
12-09 08:32:37.253 I/InstrumentationBackend(18275): Added:'ClearPreferences', with key:'clear_preferences'
12-09 08:32:37.253 I/InstrumentationBackend(18275): Added:'PressElement', with key:'press_l10n_element'
12-09 08:32:37.253 I/InstrumentationBackend(18275): Added:'WaitForElement', with key:'wait_for_l10n_element'
12-09 08:32:37.254 I/InstrumentationBackend(18275): Added:'NullAction', with key:'nullAction'
12-09 08:32:37.254 I/InstrumentationBackend(18275): Added:'PressKey', with key:'press_key'
12-09 08:32:37.254 I/InstrumentationBackend(18275): Added:'SetActivityOrientation', with key:'set_activity_orientation'
12-09 08:32:37.254 I/InstrumentationBackend(18275): Added:'GetActivityOrientation', with key:'get_activity_orientation'
12-09 08:32:37.255 I/InstrumentationBackend(18275): Added:'FakeGPSLocation', with key:'set_gps_coordinates'
12-09 08:32:37.255 I/InstrumentationBackend(18275): Added:'SetPropertyByCssSelector', with key:'set_property_by_css_selector'
12-09 08:32:37.255 I/InstrumentationBackend(18275): Added:'GetUrl', with key:'get_url'
12-09 08:32:37.256 I/InstrumentationBackend(18275): Added:'ScrollTo', with key:'scroll_to'
12-09 08:32:37.256 I/InstrumentationBackend(18275): Added:'GetLoadProgress', with key:'get_load_progress'
12-09 08:32:37.256 I/InstrumentationBackend(18275): Added:'DumpHtml', with key:'dump_html'
12-09 08:32:37.256 I/InstrumentationBackend(18275): Added:'DumpBodyHtml', with key:'dump_body_html'
12-09 08:32:37.268 I/InstrumentationBackend(18275): Added:'EnterTextByCssSelector', with key:'enter_text_by_selector'
12-09 08:32:37.269 I/InstrumentationBackend(18275): Added:'AndroidSDKVersion', with key:'android_sdk_version'
12-09 08:32:37.269 I/InstrumentationBackend(18275): Added:'Version', with key:'version'
12-09 08:32:37.270 I/InstrumentationBackend(18275): Added:'Drag', with key:'drag'
12-09 08:32:37.270 I/InstrumentationBackend(18275): Added:'TouchCoordinates', with key:'touch_coordinate'
12-09 08:32:37.270 I/InstrumentationBackend(18275): Added:'LongPressCoordinate', with key:'long_press_coordinate'
12-09 08:32:37.270 I/InstrumentationBackend(18275): Added:'DragCoordinates', with key:'drag_coordinates'
12-09 08:32:37.270 I/InstrumentationBackend(18275): Added:'ResumeApplication', with key:'resume_application'
12-09 08:32:37.270 I/InstrumentationBackend(18275): Added:'Swipe', with key:'swipe'
12-09 08:32:37.271 I/InstrumentationBackend(18275): Added:'DoubleTapCoordinate', with key:'double_tap_coordinate'
12-09 08:32:37.271 I/InstrumentationBackend(18275): Added:'ClickOnScreen', with key:'click_on_screen'
12-09 08:32:37.271 I/InstrumentationBackend(18275): Added:'GetActivityName', with key:'get_activity_name'
12-09 08:32:37.271 I/InstrumentationBackend(18275): Added:'ScrollToView', with key:'scroll_to_view'
12-09 08:32:37.272 I/InstrumentationBackend(18275): Added:'ViewConfiguration', with key:'view_configuration'
12-09 08:32:37.272 I/InstrumentationBackend(18275): Added:'IsCurrentActivityFocused', with key:'is_current_activity_focused'
12-09 08:32:37.272 I/InstrumentationBackend(18275): Added:'SendTcp', with key:'send_tcp'
12-09 08:32:37.285 I/InstrumentationBackend(18275): Added:'DpToDevicePixel', with key:'dp_to_device_pixel'
12-09 08:32:37.285 I/InstrumentationBackend(18275): Added:'KeyboardEnterText', with key:'keyboard_enter_text'
12-09 08:32:37.286 I/InstrumentationBackend(18275): Added:'DeleteSurroundingText', with key:'delete_surrounding_text'
12-09 08:32:37.286 I/InstrumentationBackend(18275): Added:'SetComposingRegion', with key:'set_composing_region'
12-09 08:32:37.286 I/InstrumentationBackend(18275): Added:'SetSelection', with key:'set_selection'
12-09 08:32:37.286 I/InstrumentationBackend(18275): Added:'KeyboardKeyEvent', with key:'keyboard_key_event'
12-09 08:32:37.286 I/InstrumentationBackend(18275): Added:'PressUserActionButton', with key:'press_user_action_button'
12-09 08:32:37.287 I/InstrumentationBackend(18275): Added:'HideSoftKeyboard', with key:'hide_soft_keyboard'
12-09 08:32:37.287 I/InstrumentationBackend(18275): Added:'ListActions', with key:'list_actions'
12-09 08:32:37.287 I/calabash(18275): Instantiating http server at 7102
12-09 08:32:37.288 I/System.out(18275): HTTP Daemon listening on: 7102
12-09 08:32:37.377 I/System.out(18275): URI: //ping
12-09 08:32:37.377 I/System.out(18275): params: {json={}
12-09 08:32:37.377 I/System.out(18275): }
12-09 08:32:37.470 I/System.out(18275): URI: //ping
12-09 08:32:37.470 I/System.out(18275): params: {json={}
12-09 08:32:37.470 I/System.out(18275): }
12-09 08:32:37.541 I/System.out(18275): URI: //ready
12-09 08:32:37.541 I/System.out(18275): params: {json={}
12-09 08:32:37.541 I/System.out(18275): }
12-09 08:32:37.625 I/System.out(18275): URI: //
12-09 08:32:37.625 I/System.out(18275): params: {json={"command":"version","arguments":[]}
12-09 08:32:37.625 I/System.out(18275): }
12-09 08:32:37.625 I/System.out(18275): header: {date=Sun, 09 Dec 2018 08:32:38 GMT, accept=*/*, content-length=36, host=127.0.0.1:34777, user-agent=HTTPClient/1.0 (2.8.3, ruby 2.3.1 (2016-04-26)), content-type=application/json;charset=utf-8}
12-09 08:32:37.625 I/System.out(18275): params: {json={"command":"version","arguments":[]}
12-09 08:32:37.625 I/System.out(18275): }
12-09 08:32:37.625 I/System.out(18275): ProP json = {"command":"version","arguments":[]}
12-09 08:32:37.625 I/System.out(18275): files: {}
12-09 08:32:37.625 I/System.out(18275): command: {"command":"version","arguments":[]}
12-09 08:32:37.642 I/InstrumentationBackend(18275): Got command:'Command:'Line:null,version', arguments:'[]'
12-09 08:32:37.719 I/System.out(18275): result:{"bonusInformation":[],"message":"0.9.8","success":true}
12-09 08:32:37.782 I/System.out(18275): URI: //start-application
12-09 08:32:37.782 I/System.out(18275): params: {json={"intent":null}
12-09 08:32:37.782 I/System.out(18275): }
12-09 08:32:37.937 I/ActivityManager( 1591): START u0 {act=android.intent.action.MAIN cat=[android.intent.category.LAUNCHER] flg=0x10200000 cmp=com.evancharlton.mileage/.Mileage} from uid 10139 on display 0
12-09 08:32:37.977 I/art     (18275): Background partial concurrent mark sweep GC freed 21558(1135KB) AllocSpace objects, 4(80KB) LOS objects, 44% free, 1280KB/2MB, paused 1.260ms total 146.769ms
12-09 08:32:37.978 I/calabash(18275): newActivity1
12-09 08:32:38.050 I/calabash(18275): newActivity1
12-09 08:32:38.052 W/ActivityManager( 1591): Bad activity token: android.os.BinderProxy@f07b7c4
12-09 08:32:38.052 W/ActivityManager( 1591): java.lang.ClassCastException: android.os.BinderProxy cannot be cast to com.android.server.am.ActivityRecord$Token
12-09 08:32:38.052 W/ActivityManager( 1591): 	at com.android.server.am.ActivityRecord.forTokenLocked(ActivityRecord.java:424)
12-09 08:32:38.052 W/ActivityManager( 1591): 	at com.android.server.am.ActivityRecord.isInStackLocked(ActivityRecord.java:1121)
12-09 08:32:38.052 W/ActivityManager( 1591): 	at com.android.server.am.ActivityRecord.getStackLocked(ActivityRecord.java:1126)
12-09 08:32:38.052 W/ActivityManager( 1591): 	at com.android.server.am.ActivityManagerService.getActivityDisplayId(ActivityManagerService.java:8889)
12-09 08:32:38.052 W/ActivityManager( 1591): 	at android.app.ActivityManagerNative.onTransact(ActivityManagerNative.java:2338)
12-09 08:32:38.052 W/ActivityManager( 1591): 	at com.android.server.am.ActivityManagerService.onTransact(ActivityManagerService.java:2443)
12-09 08:32:38.052 W/ActivityManager( 1591): 	at android.os.Binder.execTransact(Binder.java:453)
12-09 08:32:38.054 D/gralloc_ranchu( 1223): gralloc_alloc: Creating ashmem region of size 3686400
12-09 08:32:38.082 W/ActivityManager( 1591): Bad activity token: android.os.BinderProxy@f07b7c4
12-09 08:32:38.082 W/ActivityManager( 1591): java.lang.ClassCastException: android.os.BinderProxy cannot be cast to com.android.server.am.ActivityRecord$Token
12-09 08:32:38.082 W/ActivityManager( 1591): 	at com.android.server.am.ActivityRecord.forTokenLocked(ActivityRecord.java:424)
12-09 08:32:38.082 W/ActivityManager( 1591): 	at com.android.server.am.ActivityRecord.isInStackLocked(ActivityRecord.java:1121)
12-09 08:32:38.082 W/ActivityManager( 1591): 	at com.android.server.am.ActivityManagerService.setTaskDescription(ActivityManagerService.java:8547)
12-09 08:32:38.082 W/ActivityManager( 1591): 	at android.app.ActivityManagerNative.onTransact(ActivityManagerNative.java:2410)
12-09 08:32:38.082 W/ActivityManager( 1591): 	at com.android.server.am.ActivityManagerService.onTransact(ActivityManagerService.java:2443)
12-09 08:32:38.082 W/ActivityManager( 1591): 	at android.os.Binder.execTransact(Binder.java:453)
12-09 08:32:38.240 W/ActivityManager( 1591): Bad activity token: android.os.BinderProxy@f07b7c4
12-09 08:32:38.240 W/ActivityManager( 1591): java.lang.ClassCastException: android.os.BinderProxy cannot be cast to com.android.server.am.ActivityRecord$Token
12-09 08:32:38.240 W/ActivityManager( 1591): 	at com.android.server.am.ActivityRecord.forTokenLocked(ActivityRecord.java:424)
12-09 08:32:38.240 W/ActivityManager( 1591): 	at com.android.server.am.ActivityRecord.isInStackLocked(ActivityRecord.java:1121)
12-09 08:32:38.240 W/ActivityManager( 1591): 	at com.android.server.am.ActivityManagerService.getActivityOptions(ActivityManagerService.java:11038)
12-09 08:32:38.240 W/ActivityManager( 1591): 	at android.app.ActivityManagerNative.onTransact(ActivityManagerNative.java:1734)
12-09 08:32:38.240 W/ActivityManager( 1591): 	at com.android.server.am.ActivityManagerService.onTransact(ActivityManagerService.java:2443)
12-09 08:32:38.240 W/ActivityManager( 1591): 	at android.os.Binder.execTransact(Binder.java:453)
12-09 08:32:38.240 W/ActivityManager( 1591): Bad activity token: android.os.BinderProxy@f07b7c4
12-09 08:32:38.240 W/ActivityManager( 1591): java.lang.ClassCastException: android.os.BinderProxy cannot be cast to com.android.server.am.ActivityRecord$Token
12-09 08:32:38.240 W/ActivityManager( 1591): 	at com.android.server.am.ActivityRecord.forTokenLocked(ActivityRecord.java:424)
12-09 08:32:38.240 W/ActivityManager( 1591): 	at com.android.server.am.ActivityRecord.isInStackLocked(ActivityRecord.java:1121)
12-09 08:32:38.240 W/ActivityManager( 1591): 	at com.android.server.am.ActivityManagerService.getActivityOptions(ActivityManagerService.java:11038)
12-09 08:32:38.240 W/ActivityManager( 1591): 	at android.app.ActivityManagerNative.onTransact(ActivityManagerNative.java:1734)
12-09 08:32:38.240 W/ActivityManager( 1591): 	at com.android.server.am.ActivityManagerService.onTransact(ActivityManagerService.java:2443)
12-09 08:32:38.240 W/ActivityManager( 1591): 	at android.os.Binder.execTransact(Binder.java:453)
12-09 08:32:38.364 I/art     (18275): Background sticky concurrent mark sweep GC freed 1877(327KB) AllocSpace objects, 0(0B) LOS objects, 18% free, 1870KB/2MB, paused 1.227ms total 102.690ms
12-09 08:32:38.548 D/EGL_emulation( 1922): eglMakeCurrent: 0x7f91c29b4b40: ver 2 0 (tinfo 0x7f91c2982d80)
12-09 08:32:38.566 E/Surface ( 1922): getSlotFromBufferLocked: unknown buffer: 0x7f91c29b59a0
12-09 08:32:38.571 V/PhoneStatusBar( 1706): setLightsOn(true)
12-09 08:32:38.766 D/gralloc_ranchu( 1223): gralloc_alloc: Creating ashmem region of size 3686400
12-09 08:32:38.851 D/        (18275): HostConnection::get() New Host Connection established 0x7f91beffcf80, tid 18275
12-09 08:32:39.318 W/art     ( 1591): Long monitor contention event with owner method=void com.android.server.wm.WindowAnimator$1.doFrame(long) from WindowAnimator.java:121 waiters=1 for 243ms
12-09 08:32:39.319 W/art     ( 1591): Long monitor contention event with owner method=void com.android.server.wm.WindowAnimator$1.doFrame(long) from WindowAnimator.java:121 waiters=1 for 110ms
12-09 08:32:39.515 D/gralloc_ranchu( 1223): gralloc_alloc: Creating ashmem region of size 3686400
12-09 08:32:39.522 I/ActivityManager( 1591): Displayed com.evancharlton.mileage/.Mileage: +1s565ms
12-09 08:32:39.699 D/gralloc_ranchu( 1223): gralloc_alloc: Creating ashmem region of size 3686400
12-09 08:32:41.526 I/System.out(18275): URI: //map
12-09 08:32:41.526 I/System.out(18275): params: {json={"query":"android.widget.EditText id:'price'","operation":{"method_name":"query","arguments":[]}}
12-09 08:32:41.527 I/System.out(18275): }
12-09 08:32:41.578 W/ResourceType(18275): No package identifier when getting name for resource number 0x00000001
12-09 08:32:41.779 I/System.out(18275): URI: //gesture
12-09 08:32:41.779 I/System.out(18275): params: {json={"query_timeout":5.0,"gestures":[{"query_string":"android.widget.EditText id:'price'","touches":[{"x":50,"y":50,"offset_x":0,"offset_y":0,"wait":0.0,"time":0.2,"release":true,"query_string":null}]}]}
12-09 08:32:41.779 I/System.out(18275): }
12-09 08:32:41.781 I/art     (18275): Background sticky concurrent mark sweep GC freed 44808(2MB) AllocSpace objects, 1(20KB) LOS objects, 19% free, 2MB/3MB, paused 15.128ms total 176.714ms
12-09 08:32:41.814 W/ResourceType(18275): No package identifier when getting name for resource number 0x00000001
12-09 08:32:42.218 I/LatinIME( 1870): Starting input. Cursor position = 0,0
12-09 08:32:42.309 W/art     (18275): Suspending all threads took: 10.825ms
12-09 08:32:42.328 I/art     (18275): Background sticky concurrent mark sweep GC freed 29160(1397KB) AllocSpace objects, 0(0B) LOS objects, 23% free, 2MB/3MB, paused 12.164ms total 105.467ms
12-09 08:32:42.774 D/EGL_emulation( 1870): eglMakeCurrent: 0x7f91c29b4820: ver 2 0 (tinfo 0x7f91c2982f40)
12-09 08:32:42.932 I/System.out(18275): URI: //
12-09 08:32:42.932 I/System.out(18275): params: {json={"command":"set_selection","arguments":[-1,-1]}
12-09 08:32:42.932 I/System.out(18275): }
12-09 08:32:42.933 I/System.out(18275): header: {date=Sun, 09 Dec 2018 08:32:43 GMT, accept=*/*, content-length=47, host=127.0.0.1:34777, user-agent=HTTPClient/1.0 (2.8.3, ruby 2.3.1 (2016-04-26)), content-type=application/json;charset=utf-8}
12-09 08:32:42.933 I/System.out(18275): params: {json={"command":"set_selection","arguments":[-1,-1]}
12-09 08:32:42.933 I/System.out(18275): }
12-09 08:32:42.933 I/System.out(18275): ProP json = {"command":"set_selection","arguments":[-1,-1]}
12-09 08:32:42.933 I/System.out(18275): files: {}
12-09 08:32:42.933 I/System.out(18275): command: {"command":"set_selection","arguments":[-1,-1]}
12-09 08:32:42.934 I/InstrumentationBackend(18275): Got command:'Command:'Line:null,set_selection', arguments:'[-1, -1]'
12-09 08:32:42.984 I/System.out(18275): result:{"bonusInformation":[],"message":"","success":true}
12-09 08:32:43.130 I/System.out(18275): URI: //
12-09 08:32:43.130 I/System.out(18275): params: {json={"command":"keyboard_enter_text","arguments":["-321ßå∂˚¡–ºß123"]}
12-09 08:32:43.130 I/System.out(18275): }
12-09 08:32:43.130 I/System.out(18275): header: {date=Sun, 09 Dec 2018 08:32:43 GMT, accept=*/*, content-length=75, host=127.0.0.1:34777, user-agent=HTTPClient/1.0 (2.8.3, ruby 2.3.1 (2016-04-26)), content-type=application/json;charset=utf-8}
12-09 08:32:43.130 I/System.out(18275): params: {json={"command":"keyboard_enter_text","arguments":["-321ßå∂˚¡–ºß123"]}
12-09 08:32:43.130 I/System.out(18275): }
12-09 08:32:43.130 I/System.out(18275): ProP json = {"command":"keyboard_enter_text","arguments":["-321ßå∂˚¡–ºß123"]}
12-09 08:32:43.130 I/System.out(18275): files: {}
12-09 08:32:43.130 I/System.out(18275): command: {"command":"keyboard_enter_text","arguments":["-321ßå∂˚¡–ºß123"]}
12-09 08:32:43.134 I/InstrumentationBackend(18275): Got command:'Command:'Line:null,keyboard_enter_text', arguments:'[-321ßå∂˚¡–ºß123]'
12-09 08:32:43.135 E/SpannableStringBuilder(18275): SPAN_EXCLUSIVE_EXCLUSIVE spans cannot have a zero length
12-09 08:32:43.135 E/SpannableStringBuilder(18275): SPAN_EXCLUSIVE_EXCLUSIVE spans cannot have a zero length
12-09 08:32:43.382 W/art     ( 1591): Long monitor contention event with owner method=void com.android.server.wm.WindowAnimator$1.doFrame(long) from WindowAnimator.java:121 waiters=0 for 103ms
12-09 08:32:43.483 E/SpannableStringBuilder(18275): SPAN_EXCLUSIVE_EXCLUSIVE spans cannot have a zero length
12-09 08:32:43.483 E/SpannableStringBuilder(18275): SPAN_EXCLUSIVE_EXCLUSIVE spans cannot have a zero length
12-09 08:32:43.503 I/System.out(18275): result:{"bonusInformation":[],"message":"","success":true}
12-09 08:32:44.156 E/SurfaceFlinger( 1223): ro.sf.lcd_density must be defined as a build property
12-09 08:32:44.242 D/gralloc_ranchu( 1223): gralloc_alloc: Creating ashmem region of size 3686400
12-09 08:32:44.252 D/        (18306): HostConnection::get() New Host Connection established 0x7f5c0c992480, tid 18306
12-09 08:32:44.277 E/EGL_emulation( 1223): tid 1223: eglCreateSyncKHR(1881): error 0x3004 (EGL_BAD_ATTRIBUTE)
12-09 08:32:45.244 I/System.out(18275): URI: //map
12-09 08:32:45.244 I/System.out(18275): params: {json={"query":"android.widget.EditText id:'volume'","operation":{"method_name":"query","arguments":[]}}
12-09 08:32:45.244 I/System.out(18275): }
12-09 08:32:45.284 W/ResourceType(18275): No package identifier when getting name for resource number 0x00000001
12-09 08:32:45.393 I/System.out(18275): URI: //gesture
12-09 08:32:45.393 I/System.out(18275): params: {json={"query_timeout":5.0,"gestures":[{"query_string":"android.widget.EditText id:'volume'","touches":[{"x":50,"y":50,"offset_x":0,"offset_y":0,"wait":0.0,"time":0.2,"release":true,"query_string":null}]}]}
12-09 08:32:45.393 I/System.out(18275): }
12-09 08:32:45.471 I/art     (18275): Background partial concurrent mark sweep GC freed 35952(1999KB) AllocSpace objects, 7(140KB) LOS objects, 40% free, 2MB/4MB, paused 6.499ms total 130.928ms
12-09 08:32:45.474 W/ResourceType(18275): No package identifier when getting name for resource number 0x00000001
12-09 08:32:45.898 I/LatinIME( 1870): Starting input. Cursor position = 0,0
12-09 08:32:46.494 I/System.out(18275): URI: //
12-09 08:32:46.494 I/System.out(18275): params: {json={"command":"set_selection","arguments":[-1,-1]}
12-09 08:32:46.494 I/System.out(18275): }
12-09 08:32:46.494 I/System.out(18275): header: {date=Sun, 09 Dec 2018 08:32:47 GMT, accept=*/*, content-length=47, host=127.0.0.1:34777, user-agent=HTTPClient/1.0 (2.8.3, ruby 2.3.1 (2016-04-26)), content-type=application/json;charset=utf-8}
12-09 08:32:46.494 I/System.out(18275): params: {json={"command":"set_selection","arguments":[-1,-1]}
12-09 08:32:46.494 I/System.out(18275): }
12-09 08:32:46.494 I/System.out(18275): ProP json = {"command":"set_selection","arguments":[-1,-1]}
12-09 08:32:46.495 I/System.out(18275): files: {}
12-09 08:32:46.495 I/System.out(18275): command: {"command":"set_selection","arguments":[-1,-1]}
12-09 08:32:46.496 I/InstrumentationBackend(18275): Got command:'Command:'Line:null,set_selection', arguments:'[-1, -1]'
12-09 08:32:46.557 W/art     (18275): Suspending all threads took: 31.562ms
12-09 08:32:46.567 I/System.out(18275): result:{"bonusInformation":[],"message":"","success":true}
12-09 08:32:46.599 I/art     (18275): Background sticky concurrent mark sweep GC freed 58451(2MB) AllocSpace objects, 4(80KB) LOS objects, 50% free, 2MB/4MB, paused 32.832ms total 101.659ms
12-09 08:32:46.771 I/System.out(18275): URI: //
12-09 08:32:46.771 I/System.out(18275): params: {json={"command":"keyboard_enter_text","arguments":["åß9∂º–ç¬  ß29å∂˚¡–ºß123"]}
12-09 08:32:46.771 I/System.out(18275): }
12-09 08:32:46.771 I/System.out(18275): header: {date=Sun, 09 Dec 2018 08:32:47 GMT, accept=*/*, content-length=92, host=127.0.0.1:34777, user-agent=HTTPClient/1.0 (2.8.3, ruby 2.3.1 (2016-04-26)), content-type=application/json;charset=utf-8}
12-09 08:32:46.771 I/System.out(18275): params: {json={"command":"keyboard_enter_text","arguments":["åß9∂º–ç¬  ß29å∂˚¡–ºß123"]}
12-09 08:32:46.771 I/System.out(18275): }
12-09 08:32:46.771 I/System.out(18275): ProP json = {"command":"keyboard_enter_text","arguments":["åß9∂º–ç¬  ß29å∂˚¡–ºß123"]}
12-09 08:32:46.771 I/System.out(18275): files: {}
12-09 08:32:46.771 I/System.out(18275): command: {"command":"keyboard_enter_text","arguments":["åß9∂º–ç¬  ß29å∂˚¡–ºß123"]}
12-09 08:32:46.773 I/InstrumentationBackend(18275): Got command:'Command:'Line:null,keyboard_enter_text', arguments:'[åß9∂º–ç¬  ß29å∂˚¡–ºß123]'
12-09 08:32:46.773 E/SpannableStringBuilder(18275): SPAN_EXCLUSIVE_EXCLUSIVE spans cannot have a zero length
12-09 08:32:46.773 E/SpannableStringBuilder(18275): SPAN_EXCLUSIVE_EXCLUSIVE spans cannot have a zero length
12-09 08:32:46.821 E/SpannableStringBuilder(18275): SPAN_EXCLUSIVE_EXCLUSIVE spans cannot have a zero length
12-09 08:32:46.821 E/SpannableStringBuilder(18275): SPAN_EXCLUSIVE_EXCLUSIVE spans cannot have a zero length
12-09 08:32:46.845 I/System.out(18275): result:{"bonusInformation":[],"message":"","success":true}
12-09 08:32:47.434 E/SurfaceFlinger( 1223): ro.sf.lcd_density must be defined as a build property
12-09 08:32:47.482 D/gralloc_ranchu( 1223): gralloc_alloc: Creating ashmem region of size 3686400
12-09 08:32:47.526 D/        (18316): HostConnection::get() New Host Connection established 0x7f3aab2d2480, tid 18316
12-09 08:32:47.579 E/EGL_emulation( 1223): tid 1223: eglCreateSyncKHR(1881): error 0x3004 (EGL_BAD_ATTRIBUTE)
12-09 08:32:48.649 I/System.out(18275): URI: //map
12-09 08:32:48.649 I/System.out(18275): params: {json={"query":"android.widget.EditText id:'odometer'","operation":{"method_name":"query","arguments":[]}}
12-09 08:32:48.649 I/System.out(18275): }
12-09 08:32:48.674 W/ResourceType(18275): No package identifier when getting name for resource number 0x00000001
12-09 08:32:48.946 I/System.out(18275): URI: //gesture
12-09 08:32:48.946 I/System.out(18275): params: {json={"query_timeout":5.0,"gestures":[{"query_string":"android.widget.EditText id:'odometer'","touches":[{"x":50,"y":50,"offset_x":0,"offset_y":0,"wait":0.0,"time":0.2,"release":true,"query_string":null}]}]}
12-09 08:32:48.946 I/System.out(18275): }
12-09 08:32:48.970 W/ResourceType(18275): No package identifier when getting name for resource number 0x00000001
12-09 08:32:48.976 I/art     (18275): Background sticky concurrent mark sweep GC freed 59333(2MB) AllocSpace objects, 7(140KB) LOS objects, 33% free, 2MB/4MB, paused 1.049ms total 245.040ms
12-09 08:32:49.372 I/art     (18275): Background partial concurrent mark sweep GC freed 43741(1998KB) AllocSpace objects, 3(60KB) LOS objects, 40% free, 2MB/3MB, paused 9.574ms total 26.527ms
12-09 08:32:49.382 I/LatinIME( 1870): Starting input. Cursor position = 0,0
12-09 08:32:49.942 I/System.out(18275): URI: //
12-09 08:32:49.957 I/System.out(18275): params: {json={"command":"set_selection","arguments":[-1,-1]}
12-09 08:32:49.957 I/System.out(18275): }
12-09 08:32:49.957 I/System.out(18275): header: {date=Sun, 09 Dec 2018 08:32:50 GMT, accept=*/*, content-length=47, host=127.0.0.1:34777, user-agent=HTTPClient/1.0 (2.8.3, ruby 2.3.1 (2016-04-26)), content-type=application/json;charset=utf-8}
12-09 08:32:49.957 I/System.out(18275): params: {json={"command":"set_selection","arguments":[-1,-1]}
12-09 08:32:49.957 I/System.out(18275): }
12-09 08:32:49.957 I/System.out(18275): ProP json = {"command":"set_selection","arguments":[-1,-1]}
12-09 08:32:49.957 I/System.out(18275): files: {}
12-09 08:32:49.957 I/System.out(18275): command: {"command":"set_selection","arguments":[-1,-1]}
12-09 08:32:49.958 I/InstrumentationBackend(18275): Got command:'Command:'Line:null,set_selection', arguments:'[-1, -1]'
12-09 08:32:50.003 I/System.out(18275): result:{"bonusInformation":[],"message":"","success":true}
12-09 08:32:50.213 I/System.out(18275): URI: //
12-09 08:32:50.213 I/System.out(18275): params: {json={"command":"keyboard_enter_text","arguments":["=+œå∑ß≈´∂ç®ƒ√†©∫¡™£"]}
12-09 08:32:50.213 I/System.out(18275): }
12-09 08:32:50.213 I/System.out(18275): header: {date=Sun, 09 Dec 2018 08:32:50 GMT, accept=*/*, content-length=93, host=127.0.0.1:34777, user-agent=HTTPClient/1.0 (2.8.3, ruby 2.3.1 (2016-04-26)), content-type=application/json;charset=utf-8}
12-09 08:32:50.213 I/System.out(18275): params: {json={"command":"keyboard_enter_text","arguments":["=+œå∑ß≈´∂ç®ƒ√†©∫¡™£"]}
12-09 08:32:50.214 I/System.out(18275): }
12-09 08:32:50.214 I/System.out(18275): ProP json = {"command":"keyboard_enter_text","arguments":["=+œå∑ß≈´∂ç®ƒ√†©∫¡™£"]}
12-09 08:32:50.214 I/System.out(18275): files: {}
12-09 08:32:50.214 I/System.out(18275): command: {"command":"keyboard_enter_text","arguments":["=+œå∑ß≈´∂ç®ƒ√†©∫¡™£"]}
12-09 08:32:50.215 I/InstrumentationBackend(18275): Got command:'Command:'Line:null,keyboard_enter_text', arguments:'[=+œå∑ß≈´∂ç®ƒ√†©∫¡™£]'
12-09 08:32:50.217 E/SpannableStringBuilder(18275): SPAN_EXCLUSIVE_EXCLUSIVE spans cannot have a zero length
12-09 08:32:50.217 E/SpannableStringBuilder(18275): SPAN_EXCLUSIVE_EXCLUSIVE spans cannot have a zero length
12-09 08:32:50.219 E/SpannableStringBuilder(18275): SPAN_EXCLUSIVE_EXCLUSIVE spans cannot have a zero length
12-09 08:32:50.219 E/SpannableStringBuilder(18275): SPAN_EXCLUSIVE_EXCLUSIVE spans cannot have a zero length
12-09 08:32:50.237 I/System.out(18275): result:{"bonusInformation":[],"message":"","success":true}
12-09 08:32:50.338 I/art     (18275): Background sticky concurrent mark sweep GC freed 29481(1476KB) AllocSpace objects, 8(160KB) LOS objects, 45% free, 2MB/3MB, paused 17.526ms total 81.293ms
12-09 08:32:50.736 E/SurfaceFlinger( 1223): ro.sf.lcd_density must be defined as a build property
12-09 08:32:50.737 D/gralloc_ranchu( 1223): gralloc_alloc: Creating ashmem region of size 3686400
12-09 08:32:50.859 D/        (18326): HostConnection::get() New Host Connection established 0x7f2cdf492480, tid 18326
12-09 08:32:50.892 E/EGL_emulation( 1223): tid 1223: eglCreateSyncKHR(1881): error 0x3004 (EGL_BAD_ATTRIBUTE)
