12-09 08:05:59.638 W/audio_hw_generic( 1307): Not supplying enough data to HAL, expected position 22171960 , only wrote 22171923
12-09 08:05:59.638 W/audio_hw_generic( 1307): Hardware backing HAL too slow, could only write 0 of 661 frames
12-09 08:05:59.639 W/audio_hw_generic( 1307): Hardware backing HAL too slow, could only write 0 of 661 frames
12-09 08:05:59.674 W/audio_hw_generic( 1307): Hardware backing HAL too slow, could only write 0 of 661 frames
12-09 08:06:00.035 W/audio_hw_generic( 1307): Not supplying enough data to HAL, expected position 22189411 , only wrote 22189109
12-09 08:06:00.035 W/audio_hw_generic( 1307): Not supplying enough data to HAL, expected position 22189116 , only wrote 22189109
12-09 08:06:00.054 W/audio_hw_generic( 1307): Not supplying enough data to HAL, expected position 22189968 , only wrote 22189770
12-09 08:06:00.095 W/audio_hw_generic( 1307): Hardware backing HAL too slow, could only write 0 of 661 frames
12-09 08:06:00.270 W/audio_hw_generic( 1307): Not supplying enough data to HAL, expected position 22199264 , only wrote 22199024
12-09 08:06:00.331 W/audio_hw_generic( 1307): Not supplying enough data to HAL, expected position 22201705 , only wrote 22201668
12-09 08:06:00.331 W/audio_hw_generic( 1307): Not supplying enough data to HAL, expected position 22201675 , only wrote 22201668
12-09 08:06:00.370 W/audio_hw_generic( 1307): Not supplying enough data to HAL, expected position 22203401 , only wrote 22202329
12-09 08:06:00.406 I/art     (11076): Background partial concurrent mark sweep GC freed 32908(1646KB) AllocSpace objects, 4(80KB) LOS objects, 40% free, 2MB/4MB, paused 1.316ms total 162.168ms
12-09 08:06:00.491 W/audio_hw_generic( 1307): Not supplying enough data to HAL, expected position 22207647 , only wrote 22207617
12-09 08:06:00.491 W/audio_hw_generic( 1307): Not supplying enough data to HAL, expected position 22207624 , only wrote 22207617
12-09 08:06:00.631 W/audio_hw_generic( 1307): Hardware backing HAL too slow, could only write 0 of 661 frames
12-09 08:06:00.646 W/audio_hw_generic( 1307): Hardware backing HAL too slow, could only write 0 of 661 frames
12-09 08:06:00.663 W/audio_hw_generic( 1307): Hardware backing HAL too slow, could only write 0 of 661 frames
12-09 08:06:00.702 W/audio_hw_generic( 1307): Hardware backing HAL too slow, could only write 0 of 661 frames
12-09 08:06:00.710 W/audio_hw_generic( 1307): Hardware backing HAL too slow, could only write 0 of 661 frames
12-09 08:06:00.729 W/audio_hw_generic( 1307): Hardware backing HAL too slow, could only write 0 of 661 frames
12-09 08:06:01.439 W/audio_hw_generic( 1307): Hardware backing HAL too slow, could only write 0 of 661 frames
12-09 08:06:01.440 I/System.out(11076): URI: //map
12-09 08:06:01.440 I/System.out(11076): params: {json={"query":"android.widget.EditText id:'price'","operation":{"method_name":"query","arguments":[]}}
12-09 08:06:01.440 I/System.out(11076): }
12-09 08:06:01.498 W/audio_hw_generic( 1307): Not supplying enough data to HAL, expected position 22252054 , only wrote 22251904
12-09 08:06:01.521 W/ResourceType(11076): No package identifier when getting name for resource number 0x00000001
12-09 08:06:01.532 W/audio_hw_generic( 1307): Hardware backing HAL too slow, could only write 0 of 661 frames
12-09 08:06:01.649 I/System.out(11076): URI: //gesture
12-09 08:06:01.649 I/System.out(11076): params: {json={"query_timeout":5.0,"gestures":[{"query_string":"android.widget.EditText id:'price'","touches":[{"x":50,"y":50,"offset_x":0,"offset_y":0,"wait":0.0,"time":0.2,"release":true,"query_string":null}]}]}
12-09 08:06:01.649 I/System.out(11076): }
12-09 08:06:01.666 W/audio_hw_generic( 1307): Hardware backing HAL too slow, could only write 0 of 661 frames
12-09 08:06:01.682 W/audio_hw_generic( 1307): Hardware backing HAL too slow, could only write 0 of 661 frames
12-09 08:06:01.691 W/audio_hw_generic( 1307): Hardware backing HAL too slow, could only write 0 of 661 frames
12-09 08:06:01.743 I/art     (11076): Background sticky concurrent mark sweep GC freed 62861(2MB) AllocSpace objects, 4(80KB) LOS objects, 43% free, 2MB/4MB, paused 1.432ms total 113.347ms
12-09 08:06:01.769 W/audio_hw_generic( 1307): Not supplying enough data to HAL, expected position 22263822 , only wrote 22263802
12-09 08:06:01.769 W/audio_hw_generic( 1307): Not supplying enough data to HAL, expected position 22263809 , only wrote 22263802
12-09 08:06:01.873 W/ResourceType(11076): No package identifier when getting name for resource number 0x00000001
12-09 08:06:01.876 W/audio_hw_generic( 1307): Hardware backing HAL too slow, could only write 0 of 661 frames
12-09 08:06:02.298 W/audio_hw_generic( 1307): Not supplying enough data to HAL, expected position 22287128 , only wrote 22286937
12-09 08:06:02.312 I/LatinIME( 1866): Starting input. Cursor position = 0,0
12-09 08:06:02.503 W/audio_hw_generic( 1307): Hardware backing HAL too slow, could only write 0 of 661 frames
12-09 08:06:02.514 W/audio_hw_generic( 1307): Hardware backing HAL too slow, could only write 0 of 661 frames
12-09 08:06:02.523 W/audio_hw_generic( 1307): Hardware backing HAL too slow, could only write 0 of 661 frames
12-09 08:06:02.532 D/EGL_emulation( 1866): eglMakeCurrent: 0x7f5299c25ec0: ver 2 0 (tinfo 0x7f5291e11c00)
12-09 08:06:02.554 W/audio_hw_generic( 1307): Hardware backing HAL too slow, could only write 0 of 661 frames
12-09 08:06:02.569 W/audio_hw_generic( 1307): Hardware backing HAL too slow, could only write 0 of 661 frames
12-09 08:06:02.586 W/audio_hw_generic( 1307): Hardware backing HAL too slow, could only write 0 of 661 frames
12-09 08:06:02.602 W/audio_hw_generic( 1307): Hardware backing HAL too slow, could only write 0 of 661 frames
12-09 08:06:02.622 W/audio_hw_generic( 1307): Hardware backing HAL too slow, could only write 0 of 661 frames
12-09 08:06:02.683 W/audio_hw_generic( 1307): Not supplying enough data to HAL, expected position 22303905 , only wrote 22303462
12-09 08:06:02.853 I/System.out(11076): URI: //
12-09 08:06:02.854 I/System.out(11076): params: {json={"command":"set_selection","arguments":[-1,-1]}
12-09 08:06:02.854 I/System.out(11076): }
12-09 08:06:02.854 I/System.out(11076): header: {date=Sun, 09 Dec 2018 08:06:02 GMT, accept=*/*, content-length=47, host=127.0.0.1:34777, user-agent=HTTPClient/1.0 (2.8.3, ruby 2.3.1 (2016-04-26)), content-type=application/json;charset=utf-8}
12-09 08:06:02.854 I/System.out(11076): params: {json={"command":"set_selection","arguments":[-1,-1]}
12-09 08:06:02.854 I/System.out(11076): }
12-09 08:06:02.854 I/System.out(11076): ProP json = {"command":"set_selection","arguments":[-1,-1]}
12-09 08:06:02.854 I/System.out(11076): files: {}
12-09 08:06:02.854 I/System.out(11076): command: {"command":"set_selection","arguments":[-1,-1]}
12-09 08:06:02.855 I/InstrumentationBackend(11076): Got command:'Command:'Line:null,set_selection', arguments:'[-1, -1]'
12-09 08:06:02.878 W/audio_hw_generic( 1307): Not supplying enough data to HAL, expected position 22312096 , only wrote 22312055
12-09 08:06:02.879 W/audio_hw_generic( 1307): Not supplying enough data to HAL, expected position 22312062 , only wrote 22312055
12-09 08:06:02.898 W/audio_hw_generic( 1307): Not supplying enough data to HAL, expected position 22312907 , only wrote 22312716
12-09 08:06:02.947 W/audio_hw_generic( 1307): Hardware backing HAL too slow, could only write 0 of 661 frames
12-09 08:06:02.948 W/audio_hw_generic( 1307): Hardware backing HAL too slow, could only write 0 of 661 frames
12-09 08:06:02.979 W/audio_hw_generic( 1307): Hardware backing HAL too slow, could only write 0 of 661 frames
12-09 08:06:03.007 W/audio_hw_generic( 1307): Hardware backing HAL too slow, could only write 0 of 661 frames
12-09 08:06:03.048 I/System.out(11076): result:{"bonusInformation":[],"message":"","success":true}
12-09 08:06:03.145 W/audio_hw_generic( 1307): Not supplying enough data to HAL, expected position 22323620 , only wrote 22323292
12-09 08:06:03.145 W/audio_hw_generic( 1307): Not supplying enough data to HAL, expected position 22323299 , only wrote 22323292
12-09 08:06:03.170 W/audio_hw_generic( 1307): Not supplying enough data to HAL, expected position 22324358 , only wrote 22323953
12-09 08:06:03.350 W/audio_hw_generic( 1307): Not supplying enough data to HAL, expected position 22339478 , only wrote 22331885
12-09 08:06:03.392 I/System.out(11076): URI: //
12-09 08:06:03.403 I/System.out(11076): params: {json={"command":"keyboard_enter_text","arguments":["97123743947239847210"]}
12-09 08:06:03.403 I/System.out(11076): }
12-09 08:06:03.403 I/System.out(11076): header: {date=Sun, 09 Dec 2018 08:06:03 GMT, accept=*/*, content-length=70, host=127.0.0.1:34777, user-agent=HTTPClient/1.0 (2.8.3, ruby 2.3.1 (2016-04-26)), content-type=application/json;charset=utf-8}
12-09 08:06:03.403 I/System.out(11076): params: {json={"command":"keyboard_enter_text","arguments":["97123743947239847210"]}
12-09 08:06:03.403 I/System.out(11076): }
12-09 08:06:03.403 I/System.out(11076): ProP json = {"command":"keyboard_enter_text","arguments":["97123743947239847210"]}
12-09 08:06:03.403 I/System.out(11076): files: {}
12-09 08:06:03.403 I/System.out(11076): command: {"command":"keyboard_enter_text","arguments":["97123743947239847210"]}
12-09 08:06:03.404 I/InstrumentationBackend(11076): Got command:'Command:'Line:null,keyboard_enter_text', arguments:'[97123743947239847210]'
12-09 08:06:03.418 E/SpannableStringBuilder(11076): SPAN_EXCLUSIVE_EXCLUSIVE spans cannot have a zero length
12-09 08:06:03.418 E/SpannableStringBuilder(11076): SPAN_EXCLUSIVE_EXCLUSIVE spans cannot have a zero length
12-09 08:06:03.439 E/SpannableStringBuilder(11076): SPAN_EXCLUSIVE_EXCLUSIVE spans cannot have a zero length
12-09 08:06:03.439 E/SpannableStringBuilder(11076): SPAN_EXCLUSIVE_EXCLUSIVE spans cannot have a zero length
12-09 08:06:03.481 I/System.out(11076): result:{"bonusInformation":[],"message":"","success":true}
12-09 08:06:03.578 I/System.out(11076): URI: //map
12-09 08:06:03.578 I/System.out(11076): params: {json={"query":"android.widget.EditText id:'volume'","operation":{"method_name":"query","arguments":[]}}
12-09 08:06:03.579 I/System.out(11076): }
12-09 08:06:03.592 W/ResourceType(11076): No package identifier when getting name for resource number 0x00000001
12-09 08:06:03.765 I/art     (11076): Background sticky concurrent mark sweep GC freed 48094(2MB) AllocSpace objects, 6(120KB) LOS objects, 26% free, 3MB/4MB, paused 15.109ms total 125.707ms
12-09 08:06:03.834 I/System.out(11076): URI: //gesture
12-09 08:06:03.834 I/System.out(11076): params: {json={"query_timeout":5.0,"gestures":[{"query_string":"android.widget.EditText id:'volume'","touches":[{"x":50,"y":50,"offset_x":0,"offset_y":0,"wait":0.0,"time":0.2,"release":true,"query_string":null}]}]}
12-09 08:06:03.834 I/System.out(11076): }
12-09 08:06:03.939 W/ResourceType(11076): No package identifier when getting name for resource number 0x00000001
12-09 08:06:04.362 I/LatinIME( 1866): Starting input. Cursor position = 0,0
12-09 08:06:04.404 I/art     ( 1866): Background partial concurrent mark sweep GC freed 6842(432KB) AllocSpace objects, 2(40KB) LOS objects, 39% free, 2MB/3MB, paused 12.837ms total 45.533ms
12-09 08:06:04.434 W/art     (11076): Suspending all threads took: 22.939ms
12-09 08:06:04.477 I/art     (11076): Background sticky concurrent mark sweep GC freed 54534(2MB) AllocSpace objects, 2(40KB) LOS objects, 33% free, 3MB/4MB, paused 24.290ms total 116.684ms
12-09 08:06:04.986 I/System.out(11076): URI: //
12-09 08:06:04.987 I/System.out(11076): params: {json={"command":"set_selection","arguments":[-1,-1]}
12-09 08:06:04.987 I/System.out(11076): }
12-09 08:06:04.987 I/System.out(11076): header: {date=Sun, 09 Dec 2018 08:06:05 GMT, accept=*/*, content-length=47, host=127.0.0.1:34777, user-agent=HTTPClient/1.0 (2.8.3, ruby 2.3.1 (2016-04-26)), content-type=application/json;charset=utf-8}
12-09 08:06:04.987 I/System.out(11076): params: {json={"command":"set_selection","arguments":[-1,-1]}
12-09 08:06:04.987 I/System.out(11076): }
12-09 08:06:04.987 I/System.out(11076): ProP json = {"command":"set_selection","arguments":[-1,-1]}
12-09 08:06:04.987 I/System.out(11076): files: {}
12-09 08:06:04.987 I/System.out(11076): command: {"command":"set_selection","arguments":[-1,-1]}
12-09 08:06:04.988 I/InstrumentationBackend(11076): Got command:'Command:'Line:null,set_selection', arguments:'[-1, -1]'
12-09 08:06:05.015 I/System.out(11076): result:{"bonusInformation":[],"message":"","success":true}
12-09 08:06:05.282 I/System.out(11076): URI: //
12-09 08:06:05.283 I/System.out(11076): params: {json={"command":"keyboard_enter_text","arguments":["98123743947721092831"]}
12-09 08:06:05.283 I/System.out(11076): }
12-09 08:06:05.283 I/System.out(11076): header: {date=Sun, 09 Dec 2018 08:06:05 GMT, accept=*/*, content-length=70, host=127.0.0.1:34777, user-agent=HTTPClient/1.0 (2.8.3, ruby 2.3.1 (2016-04-26)), content-type=application/json;charset=utf-8}
12-09 08:06:05.283 I/System.out(11076): params: {json={"command":"keyboard_enter_text","arguments":["98123743947721092831"]}
12-09 08:06:05.283 I/System.out(11076): }
12-09 08:06:05.283 I/System.out(11076): ProP json = {"command":"keyboard_enter_text","arguments":["98123743947721092831"]}
12-09 08:06:05.283 I/System.out(11076): files: {}
12-09 08:06:05.283 I/System.out(11076): command: {"command":"keyboard_enter_text","arguments":["98123743947721092831"]}
12-09 08:06:05.284 I/InstrumentationBackend(11076): Got command:'Command:'Line:null,keyboard_enter_text', arguments:'[98123743947721092831]'
12-09 08:06:05.284 E/SpannableStringBuilder(11076): SPAN_EXCLUSIVE_EXCLUSIVE spans cannot have a zero length
12-09 08:06:05.285 E/SpannableStringBuilder(11076): SPAN_EXCLUSIVE_EXCLUSIVE spans cannot have a zero length
12-09 08:06:05.347 E/SpannableStringBuilder(11076): SPAN_EXCLUSIVE_EXCLUSIVE spans cannot have a zero length
12-09 08:06:05.347 E/SpannableStringBuilder(11076): SPAN_EXCLUSIVE_EXCLUSIVE spans cannot have a zero length
12-09 08:06:05.359 I/System.out(11076): result:{"bonusInformation":[],"message":"","success":true}
12-09 08:06:05.473 I/System.out(11076): URI: //map
12-09 08:06:05.473 I/System.out(11076): params: {json={"query":"android.widget.EditText id:'odometer'","operation":{"method_name":"query","arguments":[]}}
12-09 08:06:05.473 I/System.out(11076): }
12-09 08:06:05.515 W/ResourceType(11076): No package identifier when getting name for resource number 0x00000001
12-09 08:06:05.667 I/art     (11076): Background sticky concurrent mark sweep GC freed 29074(1435KB) AllocSpace objects, 8(160KB) LOS objects, 0% free, 4MB/4MB, paused 1.464ms total 203.720ms
12-09 08:06:05.791 I/System.out(11076): URI: //gesture
12-09 08:06:05.791 I/System.out(11076): params: {json={"query_timeout":5.0,"gestures":[{"query_string":"android.widget.EditText id:'odometer'","touches":[{"x":50,"y":50,"offset_x":0,"offset_y":0,"wait":0.0,"time":0.2,"release":true,"query_string":null}]}]}
12-09 08:06:05.791 I/System.out(11076): }
12-09 08:06:05.836 W/ResourceType(11076): No package identifier when getting name for resource number 0x00000001
12-09 08:06:06.311 I/LatinIME( 1866): Starting input. Cursor position = 0,0
12-09 08:06:06.411 I/art     (11076): Background sticky concurrent mark sweep GC freed 33642(1423KB) AllocSpace objects, 1(20KB) LOS objects, 22% free, 3MB/4MB, paused 2.713ms total 107.106ms
12-09 08:06:06.947 I/System.out(11076): URI: //
12-09 08:06:06.947 I/System.out(11076): params: {json={"command":"set_selection","arguments":[-1,-1]}
12-09 08:06:06.947 I/System.out(11076): }
12-09 08:06:06.947 I/System.out(11076): header: {date=Sun, 09 Dec 2018 08:06:06 GMT, accept=*/*, content-length=47, host=127.0.0.1:34777, user-agent=HTTPClient/1.0 (2.8.3, ruby 2.3.1 (2016-04-26)), content-type=application/json;charset=utf-8}
12-09 08:06:06.947 I/System.out(11076): params: {json={"command":"set_selection","arguments":[-1,-1]}
12-09 08:06:06.947 I/System.out(11076): }
12-09 08:06:06.947 I/System.out(11076): ProP json = {"command":"set_selection","arguments":[-1,-1]}
12-09 08:06:06.947 I/System.out(11076): files: {}
12-09 08:06:06.948 I/System.out(11076): command: {"command":"set_selection","arguments":[-1,-1]}
12-09 08:06:06.949 I/InstrumentationBackend(11076): Got command:'Command:'Line:null,set_selection', arguments:'[-1, -1]'
12-09 08:06:06.969 I/System.out(11076): result:{"bonusInformation":[],"message":"","success":true}
12-09 08:06:07.413 I/System.out(11076): URI: //
12-09 08:06:07.413 I/System.out(11076): params: {json={"command":"keyboard_enter_text","arguments":["98879898284721092831"]}
12-09 08:06:07.413 I/System.out(11076): }
12-09 08:06:07.413 I/System.out(11076): header: {date=Sun, 09 Dec 2018 08:06:07 GMT, accept=*/*, content-length=70, host=127.0.0.1:34777, user-agent=HTTPClient/1.0 (2.8.3, ruby 2.3.1 (2016-04-26)), content-type=application/json;charset=utf-8}
12-09 08:06:07.413 I/System.out(11076): params: {json={"command":"keyboard_enter_text","arguments":["98879898284721092831"]}
12-09 08:06:07.413 I/System.out(11076): }
12-09 08:06:07.413 I/System.out(11076): ProP json = {"command":"keyboard_enter_text","arguments":["98879898284721092831"]}
12-09 08:06:07.413 I/System.out(11076): files: {}
12-09 08:06:07.413 I/System.out(11076): command: {"command":"keyboard_enter_text","arguments":["98879898284721092831"]}
12-09 08:06:07.414 I/InstrumentationBackend(11076): Got command:'Command:'Line:null,keyboard_enter_text', arguments:'[98879898284721092831]'
12-09 08:06:07.419 E/SpannableStringBuilder(11076): SPAN_EXCLUSIVE_EXCLUSIVE spans cannot have a zero length
12-09 08:06:07.419 E/SpannableStringBuilder(11076): SPAN_EXCLUSIVE_EXCLUSIVE spans cannot have a zero length
12-09 08:06:07.453 E/SpannableStringBuilder(11076): SPAN_EXCLUSIVE_EXCLUSIVE spans cannot have a zero length
12-09 08:06:07.453 E/SpannableStringBuilder(11076): SPAN_EXCLUSIVE_EXCLUSIVE spans cannot have a zero length
12-09 08:06:07.476 I/System.out(11076): result:{"bonusInformation":[],"message":"","success":true}
12-09 08:06:08.537 I/System.out(11076): URI: //map
12-09 08:06:08.542 I/System.out(11076): params: {json={"query":"android.widget.Button index:2","operation":{"method_name":"query","arguments":[]}}
12-09 08:06:08.542 I/System.out(11076): }
12-09 08:06:08.713 I/System.out(11076): URI: //gesture
12-09 08:06:08.713 I/System.out(11076): params: {json={"query_timeout":5.0,"gestures":[{"query_string":"android.widget.Button index:2","touches":[{"x":50,"y":50,"offset_x":0,"offset_y":0,"wait":0.0,"time":0.2,"release":true,"query_string":null}]}]}
12-09 08:06:08.713 I/System.out(11076): }
12-09 08:06:09.157 W/audio_hw_generic( 1307): Hardware backing HAL too slow, could only write 0 of 661 frames
12-09 08:06:09.172 W/audio_hw_generic( 1307): Hardware backing HAL too slow, could only write 0 of 661 frames
12-09 08:06:09.187 W/audio_hw_generic( 1307): Hardware backing HAL too slow, could only write 0 of 661 frames
12-09 08:06:09.202 W/audio_hw_generic( 1307): Hardware backing HAL too slow, could only write 0 of 661 frames
12-09 08:06:09.718 W/audio_hw_generic( 1307): Not supplying enough data to HAL, expected position 22358642 , only wrote 22354359
12-09 08:06:09.718 W/audio_hw_generic( 1307): Not supplying enough data to HAL, expected position 22354366 , only wrote 22354359
12-09 08:06:09.765 W/audio_hw_generic( 1307): Hardware backing HAL too slow, could only write 0 of 661 frames
12-09 08:06:09.773 E/SurfaceFlinger( 1226): ro.sf.lcd_density must be defined as a build property
12-09 08:06:09.780 I/LatinIME( 1866): Starting input. Cursor position = -1,-1
12-09 08:06:09.814 D/gralloc_ranchu( 1226): gralloc_alloc: Creating ashmem region of size 3686400
12-09 08:06:09.824 W/audio_hw_generic( 1307): Not supplying enough data to HAL, expected position 22359039 , only wrote 22358986
12-09 08:06:09.831 I/Choreographer(11076): Skipped 42 frames!  The application may be doing too much work on its main thread.
12-09 08:06:09.871 W/audio_hw_generic( 1307): Not supplying enough data to HAL, expected position 22361045 , only wrote 22360308
12-09 08:06:09.884 D/        (11164): HostConnection::get() New Host Connection established 0x7f844ea52480, tid 11164
12-09 08:06:09.957 E/EGL_emulation( 1226): tid 1226: eglCreateSyncKHR(1881): error 0x3004 (EGL_BAD_ATTRIBUTE)
12-09 08:06:10.087 W/audio_hw_generic( 1307): Not supplying enough data to HAL, expected position 22369842 , only wrote 22369562
12-09 08:06:10.087 W/audio_hw_generic( 1307): Not supplying enough data to HAL, expected position 22369569 , only wrote 22369562
12-09 08:06:10.113 W/audio_hw_generic( 1307): Not supplying enough data to HAL, expected position 22370695 , only wrote 22370223
12-09 08:06:10.115 D/Mileage.ABS(11076): Finished backup
12-09 08:06:10.143 D/Mileage.ABS(11076): Not backing up; 134
12-09 08:06:10.143 D/Mileage.ABS(11076): Not backing up; 134
12-09 08:06:10.143 D/Mileage.ABS(11076): Not backing up; 134
12-09 08:06:10.195 W/audio_hw_generic( 1307): Not supplying enough data to HAL, expected position 22373850 , only wrote 22373528
12-09 08:06:10.195 W/audio_hw_generic( 1307): Not supplying enough data to HAL, expected position 22373536 , only wrote 22373528
12-09 08:06:10.215 W/audio_hw_generic( 1307): Not supplying enough data to HAL, expected position 22374395 , only wrote 22374189
12-09 08:06:10.230 W/audio_hw_generic( 1307): Not supplying enough data to HAL, expected position 22374860 , only wrote 22374850
12-09 08:06:10.272 W/audio_hw_generic( 1307): Hardware backing HAL too slow, could only write 0 of 661 frames
12-09 08:06:10.282 W/audio_hw_generic( 1307): Hardware backing HAL too slow, could only write 0 of 661 frames
12-09 08:06:10.710 W/audio_hw_generic( 1307): Not supplying enough data to HAL, expected position 22395979 , only wrote 22395341
12-09 08:06:10.710 W/audio_hw_generic( 1307): Not supplying enough data to HAL, expected position 22395350 , only wrote 22395341
12-09 08:06:10.757 W/audio_hw_generic( 1307): Not supplying enough data to HAL, expected position 22397445 , only wrote 22396002
12-09 08:06:10.925 W/audio_hw_generic( 1307): Not supplying enough data to HAL, expected position 22403401 , only wrote 22403273
12-09 08:06:10.940 I/InputAttributes( 1866): InputType.TYPE_NULL is specified
12-09 08:06:10.994 W/audio_hw_generic( 1307): Not supplying enough data to HAL, expected position 22406325 , only wrote 22405917
12-09 08:06:11.006 W/audio_hw_generic( 1307): Not supplying enough data to HAL, expected position 22405924 , only wrote 22405917
12-09 08:06:11.026 W/audio_hw_generic( 1307): Not supplying enough data to HAL, expected position 22407305 , only wrote 22407239
12-09 08:06:11.035 I/Choreographer( 1866): Skipped 85 frames!  The application may be doing too much work on its main thread.
12-09 08:06:11.087 W/audio_hw_generic( 1307): Not supplying enough data to HAL, expected position 22409924 , only wrote 22409883
12-09 08:06:11.087 W/audio_hw_generic( 1307): Not supplying enough data to HAL, expected position 22409891 , only wrote 22409883
12-09 08:06:11.107 W/audio_hw_generic( 1307): Not supplying enough data to HAL, expected position 22410737 , only wrote 22410544
12-09 08:06:11.181 W/audio_hw_generic( 1307): Not supplying enough data to HAL, expected position 22413804 , only wrote 22413188
12-09 08:06:11.181 W/audio_hw_generic( 1307): Not supplying enough data to HAL, expected position 22413195 , only wrote 22413188
12-09 08:06:11.198 W/audio_hw_generic( 1307): Not supplying enough data to HAL, expected position 22413952 , only wrote 22413849
12-09 08:06:11.222 I/System.out(11076): URI: //map
12-09 08:06:11.223 I/System.out(11076): params: {json={"query":"android.widget.ListView index:0 android.widget.TextView index:0","operation":{"method_name":"query","arguments":[]}}
12-09 08:06:11.223 I/System.out(11076): }
12-09 08:06:11.248 D/EGL_emulation( 1866): eglMakeCurrent: 0x7f5299c25ec0: ver 2 0 (tinfo 0x7f5291e11c00)
12-09 08:06:11.249 E/Surface ( 1866): getSlotFromBufferLocked: unknown buffer: 0x7f529a413260
12-09 08:06:11.330 W/audio_hw_generic( 1307): Hardware backing HAL too slow, could only write 0 of 661 frames
12-09 08:06:11.361 W/audio_hw_generic( 1307): Not supplying enough data to HAL, expected position 22421047 , only wrote 22420459
12-09 08:06:11.361 W/audio_hw_generic( 1307): Not supplying enough data to HAL, expected position 22420466 , only wrote 22420459
12-09 08:06:11.391 W/audio_hw_generic( 1307): Not supplying enough data to HAL, expected position 22421749 , only wrote 22421120
12-09 08:06:11.519 W/audio_hw_generic( 1307): Not supplying enough data to HAL, expected position 22426756 , only wrote 22425747
12-09 08:06:11.535 W/audio_hw_generic( 1307): Not supplying enough data to HAL, expected position 22426470 , only wrote 22426408
12-09 08:06:11.535 W/audio_hw_generic( 1307): Not supplying enough data to HAL, expected position 22426415 , only wrote 22426408
12-09 08:06:11.560 W/audio_hw_generic( 1307): Not supplying enough data to HAL, expected position 22427522 , only wrote 22427069
12-09 08:06:11.594 W/audio_hw_generic( 1307): Not supplying enough data to HAL, expected position 22428556 , only wrote 22428391
12-09 08:06:11.594 W/audio_hw_generic( 1307): Hardware backing HAL too slow, could only write 0 of 661 frames
12-09 08:06:11.594 W/audio_hw_generic( 1307): Hardware backing HAL too slow, could only write 0 of 661 frames
12-09 08:06:11.626 W/audio_hw_generic( 1307): Hardware backing HAL too slow, could only write 0 of 661 frames
12-09 08:06:11.642 W/audio_hw_generic( 1307): Hardware backing HAL too slow, could only write 0 of 661 frames
12-09 08:06:11.654 W/audio_hw_generic( 1307): Hardware backing HAL too slow, could only write 0 of 661 frames
12-09 08:06:11.675 W/audio_hw_generic( 1307): Hardware backing HAL too slow, could only write 0 of 661 frames
12-09 08:06:11.745 W/audio_hw_generic( 1307): Not supplying enough data to HAL, expected position 22435059 , only wrote 22435001
12-09 08:06:11.774 W/audio_hw_generic( 1307): Not supplying enough data to HAL, expected position 22436285 , only wrote 22435001
12-09 08:06:11.794 W/audio_hw_generic( 1307): Not supplying enough data to HAL, expected position 22435863 , only wrote 22435662
12-09 08:06:11.864 W/audio_hw_generic( 1307): Hardware backing HAL too slow, could only write 0 of 661 frames
12-09 08:06:11.864 W/audio_hw_generic( 1307): Not supplying enough data to HAL, expected position 22438742 , only wrote 22438306
12-09 08:06:11.864 W/audio_hw_generic( 1307): Not supplying enough data to HAL, expected position 22438312 , only wrote 22438306
12-09 08:06:11.864 W/audio_hw_generic( 1307): Hardware backing HAL too slow, could only write 0 of 661 frames
12-09 08:06:11.878 W/audio_hw_generic( 1307): Hardware backing HAL too slow, could only write 0 of 661 frames
12-09 08:06:11.879 W/audio_hw_generic( 1307): Hardware backing HAL too slow, could only write 0 of 661 frames
12-09 08:06:11.902 W/audio_hw_generic( 1307): Hardware backing HAL too slow, could only write 0 of 661 frames
12-09 08:06:11.919 W/audio_hw_generic( 1307): Hardware backing HAL too slow, could only write 0 of 661 frames
12-09 08:06:11.937 W/art     ( 1592): Long monitor contention event with owner method=void com.android.server.wm.WindowAnimator$1.doFrame(long) from WindowAnimator.java:121 waiters=0 for 140ms
12-09 08:06:12.020 W/audio_hw_generic( 1307): Not supplying enough data to HAL, expected position 22445184 , only wrote 22444916
12-09 08:06:12.142 W/audio_hw_generic( 1307): Hardware backing HAL too slow, could only write 0 of 661 frames
12-09 08:06:12.161 W/audio_hw_generic( 1307): Hardware backing HAL too slow, could only write 0 of 661 frames
12-09 08:06:12.216 W/audio_hw_generic( 1307): Hardware backing HAL too slow, could only write 0 of 661 frames
12-09 08:06:12.222 W/audio_hw_generic( 1307): Not supplying enough data to HAL, expected position 22453580 , only wrote 22453509
12-09 08:06:12.230 W/audio_hw_generic( 1307): Not supplying enough data to HAL, expected position 22454106 , only wrote 22453509
12-09 08:06:12.245 I/art     (11076): Background sticky concurrent mark sweep GC freed 45023(1646KB) AllocSpace objects, 1(20KB) LOS objects, 28% free, 2MB/4MB, paused 6.485ms total 160.177ms
12-09 08:06:12.386 I/System.out(11076): URI: //gesture
12-09 08:06:12.387 I/System.out(11076): params: {json={"query_timeout":5.0,"gestures":[{"query_string":"android.widget.ListView index:0 android.widget.TextView index:0","touches":[{"x":50,"y":50,"offset_x":0,"offset_y":0,"wait":0.0,"time":0.2,"release":true,"query_string":null}]}]}
12-09 08:06:12.387 I/System.out(11076): }
12-09 08:06:12.399 I/art     (11076): Background partial concurrent mark sweep GC freed 33387(1608KB) AllocSpace objects, 2(40KB) LOS objects, 39% free, 3MB/5MB, paused 1.097ms total 148.075ms
12-09 08:06:12.924 I/art     (11076): Background sticky concurrent mark sweep GC freed 72282(2MB) AllocSpace objects, 1(20KB) LOS objects, 49% free, 2MB/5MB, paused 1.399ms total 106.111ms
12-09 08:06:12.940 I/ActivityManager( 1592): START u0 {cmp=com.evancharlton.mileage/.FillupInfoActivity (has extras)} from uid 10127 on display 0
12-09 08:06:13.002 D/AudioFlinger( 1307): mixer(0xf4300000) throttle end: throttle time(11)
12-09 08:06:13.031 W/audio_hw_generic( 1307): Hardware backing HAL too slow, could only write 0 of 661 frames
12-09 08:06:13.031 W/audio_hw_generic( 1307): Hardware backing HAL too slow, could only write 0 of 661 frames
12-09 08:06:13.047 W/audio_hw_generic( 1307): Hardware backing HAL too slow, could only write 0 of 661 frames
12-09 08:06:13.078 W/audio_hw_generic( 1307): Hardware backing HAL too slow, could only write 0 of 661 frames
12-09 08:06:13.078 W/audio_hw_generic( 1307): Hardware backing HAL too slow, could only write 0 of 661 frames
12-09 08:06:13.109 W/audio_hw_generic( 1307): Hardware backing HAL too slow, could only write 0 of 661 frames
12-09 08:06:13.127 I/calabash(11076): newActivity1
12-09 08:06:13.275 W/audio_hw_generic( 1307): Hardware backing HAL too slow, could only write 0 of 661 frames
12-09 08:06:13.397 W/audio_hw_generic( 1307): Not supplying enough data to HAL, expected position 22472345 , only wrote 22472017
12-09 08:06:13.406 V/PhoneStatusBar( 1705): setLightsOn(true)
12-09 08:06:13.451 D/gralloc_ranchu( 1226): gralloc_alloc: Creating ashmem region of size 3686400
12-09 08:06:13.556 E/SurfaceFlinger( 1226): ro.sf.lcd_density must be defined as a build property
12-09 08:06:13.633 D/gralloc_ranchu( 1226): gralloc_alloc: Creating ashmem region of size 3686400
12-09 08:06:13.649 D/        (11172): HostConnection::get() New Host Connection established 0x7f730ecd2480, tid 11172
12-09 08:06:13.668 E/EGL_emulation( 1226): tid 1226: eglCreateSyncKHR(1881): error 0x3004 (EGL_BAD_ATTRIBUTE)
12-09 08:06:13.783 W/audio_hw_generic( 1307): Not supplying enough data to HAL, expected position 22489051 , only wrote 22488542
12-09 08:06:13.814 W/audio_hw_generic( 1307): Not supplying enough data to HAL, expected position 22489902 , only wrote 22489864
12-09 08:06:14.054 W/audio_hw_generic( 1307): Hardware backing HAL too slow, could only write 0 of 661 frames
12-09 08:06:14.066 W/audio_hw_generic( 1307): Hardware backing HAL too slow, could only write 0 of 661 frames
12-09 08:06:14.081 W/audio_hw_generic( 1307): Hardware backing HAL too slow, could only write 0 of 661 frames
12-09 08:06:14.101 W/audio_hw_generic( 1307): Hardware backing HAL too slow, could only write 0 of 661 frames
12-09 08:06:14.279 W/audio_hw_generic( 1307): Hardware backing HAL too slow, could only write 0 of 661 frames
12-09 08:06:14.294 W/audio_hw_generic( 1307): Hardware backing HAL too slow, could only write 0 of 661 frames
12-09 08:06:14.310 W/audio_hw_generic( 1307): Hardware backing HAL too slow, could only write 0 of 661 frames
12-09 08:06:14.330 W/audio_hw_generic( 1307): Hardware backing HAL too slow, could only write 0 of 661 frames
12-09 08:06:14.379 W/art     ( 1592): Long monitor contention event with owner method=void com.android.server.wm.WindowAnimator$1.doFrame(long) from WindowAnimator.java:121 waiters=1 for 233ms
12-09 08:06:14.415 W/audio_hw_generic( 1307): Not supplying enough data to HAL, expected position 22516356 , only wrote 22516304
12-09 08:06:14.440 W/audio_hw_generic( 1307): Not supplying enough data to HAL, expected position 22517420 , only wrote 22516304
12-09 08:06:14.467 W/audio_hw_generic( 1307): Not supplying enough data to HAL, expected position 22517487 , only wrote 22516965
12-09 08:06:14.517 W/audio_hw_generic( 1307): Not supplying enough data to HAL, expected position 22519186 , only wrote 22517626
12-09 08:06:14.517 W/audio_hw_generic( 1307): Not supplying enough data to HAL, expected position 22517633 , only wrote 22517626
12-09 08:06:14.548 W/audio_hw_generic( 1307): Not supplying enough data to HAL, expected position 22518950 , only wrote 22518287
12-09 08:06:14.555 W/art     ( 1592): Long monitor contention event with owner method=void com.android.server.wm.WindowAnimator$1.doFrame(long) from WindowAnimator.java:121 waiters=1 for 311ms
12-09 08:06:14.582 W/audio_hw_generic( 1307): Hardware backing HAL too slow, could only write 0 of 661 frames
12-09 08:06:14.618 W/audio_hw_generic( 1307): Hardware backing HAL too slow, could only write 0 of 661 frames
12-09 08:06:14.618 W/audio_hw_generic( 1307): Hardware backing HAL too slow, could only write 0 of 661 frames
12-09 08:06:14.634 W/audio_hw_generic( 1307): Hardware backing HAL too slow, could only write 0 of 661 frames
12-09 08:06:14.650 W/audio_hw_generic( 1307): Hardware backing HAL too slow, could only write 0 of 661 frames
12-09 08:06:14.669 W/audio_hw_generic( 1307): Not supplying enough data to HAL, expected position 22523648 , only wrote 22523575
12-09 08:06:14.669 W/audio_hw_generic( 1307): Not supplying enough data to HAL, expected position 22523582 , only wrote 22523575
12-09 08:06:14.686 W/audio_hw_generic( 1307): Not supplying enough data to HAL, expected position 22524324 , only wrote 22524236
12-09 08:06:14.689 W/art     ( 1592): Long monitor contention event with owner method=void com.android.server.wm.WindowAnimator$1.doFrame(long) from WindowAnimator.java:121 waiters=1 for 310ms
12-09 08:06:14.692 I/System.out(11076): URI: //map
12-09 08:06:14.692 I/System.out(11076): params: {json={"query":"android.widget.Button index:1","operation":{"method_name":"query","arguments":[]}}
12-09 08:06:14.692 I/System.out(11076): }
12-09 08:06:14.722 W/audio_hw_generic( 1307): Hardware backing HAL too slow, could only write 0 of 661 frames
12-09 08:06:15.115 W/audio_hw_generic( 1307): Hardware backing HAL too slow, could only write 0 of 661 frames
12-09 08:06:15.130 W/audio_hw_generic( 1307): Hardware backing HAL too slow, could only write 0 of 661 frames
12-09 08:06:15.142 W/audio_hw_generic( 1307): Hardware backing HAL too slow, could only write 0 of 661 frames
12-09 08:06:15.154 W/audio_hw_generic( 1307): Hardware backing HAL too slow, could only write 0 of 661 frames
12-09 08:06:15.170 W/art     ( 1592): Long monitor contention event with owner method=void com.android.server.wm.WindowAnimator$1.doFrame(long) from WindowAnimator.java:121 waiters=1 for 207ms
12-09 08:06:15.190 W/audio_hw_generic( 1307): Hardware backing HAL too slow, could only write 0 of 661 frames
12-09 08:06:15.198 W/audio_hw_generic( 1307): Hardware backing HAL too slow, could only write 0 of 661 frames
12-09 08:06:15.212 W/audio_hw_generic( 1307): Hardware backing HAL too slow, could only write 0 of 661 frames
12-09 08:06:15.327 W/art     ( 1592): Long monitor contention event with owner method=void com.android.server.wm.WindowAnimator$1.doFrame(long) from WindowAnimator.java:121 waiters=1 for 157ms
12-09 08:06:15.401 W/audio_hw_generic( 1307): Not supplying enough data to HAL, expected position 22555749 , only wrote 22555303
12-09 08:06:15.401 W/audio_hw_generic( 1307): Not supplying enough data to HAL, expected position 22555310 , only wrote 22555303
12-09 08:06:15.407 W/art     ( 1592): Long monitor contention event with owner method=void com.android.server.wm.WindowAnimator$1.doFrame(long) from WindowAnimator.java:121 waiters=1 for 157ms
12-09 08:06:15.642 W/audio_hw_generic( 1307): Hardware backing HAL too slow, could only write 0 of 661 frames
12-09 08:06:15.670 W/audio_hw_generic( 1307): Hardware backing HAL too slow, could only write 0 of 661 frames
12-09 08:06:15.759 W/audio_hw_generic( 1307): Not supplying enough data to HAL, expected position 22571076 , only wrote 22569845
12-09 08:06:15.759 W/audio_hw_generic( 1307): Hardware backing HAL too slow, could only write 0 of 661 frames
12-09 08:06:16.032 W/art     ( 1592): Long monitor contention event with owner method=java.util.List com.android.server.am.ActivityManagerService.getAllStackInfos() from ActivityManagerService.java:8937 waiters=0 for 1.391s
12-09 08:06:16.110 W/audio_hw_generic( 1307): Not supplying enough data to HAL, expected position 22598671 , only wrote 22584387
12-09 08:06:16.245 I/ActivityManager( 1592): Displayed com.evancharlton.mileage/.FillupInfoActivity: +3s134ms
12-09 08:06:16.248 W/art     ( 1592): Long monitor contention event with owner method=void com.android.server.wm.WindowAnimator$1.doFrame(long) from WindowAnimator.java:121 waiters=0 for 125ms
12-09 08:06:16.251 D/gralloc_ranchu( 1226): gralloc_alloc: Creating ashmem region of size 3686400
12-09 08:06:16.768 I/System.out(11076): URI: //gesture
12-09 08:06:16.768 I/System.out(11076): params: {json={"query_timeout":5.0,"gestures":[{"query_string":"android.widget.Button index:1","touches":[{"x":50,"y":50,"offset_x":0,"offset_y":0,"wait":0.0,"time":0.2,"release":true,"query_string":null}]}]}
12-09 08:06:16.768 I/System.out(11076): }
12-09 08:06:16.788 I/art     (11076): Background sticky concurrent mark sweep GC freed 61372(2MB) AllocSpace objects, 3(60KB) LOS objects, 30% free, 3MB/5MB, paused 5.329ms total 134.549ms
12-09 08:06:16.953 D/gralloc_ranchu( 1226): gralloc_alloc: Creating ashmem region of size 3686400
12-09 08:06:17.204 I/ActivityManager( 1592): START u0 {cmp=com.evancharlton.mileage/.FillupInfoActivity (has extras)} from uid 10127 on display 0
12-09 08:06:17.266 W/audio_hw_generic( 1307): Hardware backing HAL too slow, could only write 0 of 661 frames
12-09 08:06:17.282 W/audio_hw_generic( 1307): Hardware backing HAL too slow, could only write 0 of 661 frames
12-09 08:06:17.298 W/audio_hw_generic( 1307): Hardware backing HAL too slow, could only write 0 of 661 frames
12-09 08:06:17.322 W/audio_hw_generic( 1307): Hardware backing HAL too slow, could only write 0 of 661 frames
12-09 08:06:17.325 W/audio_hw_generic( 1307): Hardware backing HAL too slow, could only write 0 of 661 frames
12-09 08:06:17.379 W/audio_hw_generic( 1307): Hardware backing HAL too slow, could only write 0 of 661 frames
12-09 08:06:17.421 I/art     (11076): Background sticky concurrent mark sweep GC freed 44487(2MB) AllocSpace objects, 3(60KB) LOS objects, 41% free, 3MB/5MB, paused 23.228ms total 144.398ms
12-09 08:06:17.437 I/calabash(11076): newActivity1
12-09 08:06:17.707 W/audio_hw_generic( 1307): Hardware backing HAL too slow, could only write 0 of 661 frames
12-09 08:06:17.712 V/PhoneStatusBar( 1705): setLightsOn(true)
12-09 08:06:17.757 D/gralloc_ranchu( 1226): gralloc_alloc: Creating ashmem region of size 3686400
12-09 08:06:17.775 W/audio_hw_generic( 1307): Not supplying enough data to HAL, expected position 22608854 , only wrote 22608844
12-09 08:06:17.799 W/audio_hw_generic( 1307): Not supplying enough data to HAL, expected position 22609904 , only wrote 22609505
12-09 08:06:17.799 W/audio_hw_generic( 1307): Not supplying enough data to HAL, expected position 22609512 , only wrote 22609505
12-09 08:06:17.814 W/audio_hw_generic( 1307): Not supplying enough data to HAL, expected position 22610184 , only wrote 22610166
12-09 08:06:17.814 W/audio_hw_generic( 1307): Hardware backing HAL too slow, could only write 0 of 661 frames
12-09 08:06:17.814 W/audio_hw_generic( 1307): Hardware backing HAL too slow, could only write 0 of 661 frames
12-09 08:06:17.831 W/audio_hw_generic( 1307): Hardware backing HAL too slow, could only write 0 of 661 frames
12-09 08:06:17.852 W/audio_hw_generic( 1307): Hardware backing HAL too slow, could only write 0 of 661 frames
12-09 08:06:17.876 W/audio_hw_generic( 1307): Hardware backing HAL too slow, could only write 0 of 661 frames
12-09 08:06:17.898 W/audio_hw_generic( 1307): Hardware backing HAL too slow, could only write 0 of 661 frames
12-09 08:06:17.913 W/audio_hw_generic( 1307): Hardware backing HAL too slow, could only write 0 of 661 frames
12-09 08:06:17.975 E/SurfaceFlinger( 1226): ro.sf.lcd_density must be defined as a build property
12-09 08:06:17.983 W/audio_hw_generic( 1307): Hardware backing HAL too slow, could only write 0 of 661 frames
12-09 08:06:18.034 D/gralloc_ranchu( 1226): gralloc_alloc: Creating ashmem region of size 3686400
12-09 08:06:18.049 D/        (11178): HostConnection::get() New Host Connection established 0x7f154f312480, tid 11178
12-09 08:06:18.093 E/EGL_emulation( 1226): tid 1226: eglCreateSyncKHR(1881): error 0x3004 (EGL_BAD_ATTRIBUTE)
12-09 08:06:18.239 W/audio_hw_generic( 1307): Hardware backing HAL too slow, could only write 0 of 661 frames
12-09 08:06:18.258 W/audio_hw_generic( 1307): Hardware backing HAL too slow, could only write 0 of 661 frames
12-09 08:06:18.265 W/art     ( 1592): Long monitor contention event with owner method=void com.android.server.wm.WindowAnimator$1.doFrame(long) from WindowAnimator.java:121 waiters=0 for 139ms
12-09 08:06:18.278 W/audio_hw_generic( 1307): Hardware backing HAL too slow, could only write 0 of 661 frames
12-09 08:06:18.298 W/audio_hw_generic( 1307): Hardware backing HAL too slow, could only write 0 of 661 frames
12-09 08:06:18.360 W/audio_hw_generic( 1307): Hardware backing HAL too slow, could only write 0 of 661 frames
12-09 08:06:18.361 W/audio_hw_generic( 1307): Not supplying enough data to HAL, expected position 22634264 , only wrote 22633301
12-09 08:06:18.361 W/audio_hw_generic( 1307): Not supplying enough data to HAL, expected position 22633307 , only wrote 22633301
12-09 08:06:18.361 W/audio_hw_generic( 1307): Hardware backing HAL too slow, could only write 0 of 661 frames
12-09 08:06:18.377 W/audio_hw_generic( 1307): Not supplying enough data to HAL, expected position 22634015 , only wrote 22633962
12-09 08:06:18.377 W/audio_hw_generic( 1307): Hardware backing HAL too slow, could only write 0 of 661 frames
12-09 08:06:18.377 W/audio_hw_generic( 1307): Hardware backing HAL too slow, could only write 0 of 661 frames
12-09 08:06:18.437 W/audio_hw_generic( 1307): Hardware backing HAL too slow, could only write 0 of 661 frames
12-09 08:06:18.437 W/audio_hw_generic( 1307): Not supplying enough data to HAL, expected position 22636608 , only wrote 22636606
12-09 08:06:18.437 W/audio_hw_generic( 1307): Not supplying enough data to HAL, expected position 22636612 , only wrote 22636606
12-09 08:06:18.454 W/audio_hw_generic( 1307): Not supplying enough data to HAL, expected position 22637345 , only wrote 22637267
12-09 08:06:18.490 W/audio_hw_generic( 1307): Hardware backing HAL too slow, could only write 0 of 661 frames
12-09 08:06:18.505 W/audio_hw_generic( 1307): Hardware backing HAL too slow, could only write 0 of 661 frames
12-09 08:06:18.521 W/audio_hw_generic( 1307): Hardware backing HAL too slow, could only write 0 of 661 frames
12-09 08:06:18.537 W/audio_hw_generic( 1307): Hardware backing HAL too slow, could only write 0 of 661 frames
12-09 08:06:18.551 W/audio_hw_generic( 1307): Hardware backing HAL too slow, could only write 0 of 661 frames
12-09 08:06:18.592 D/gralloc_ranchu( 1226): gralloc_alloc: Creating ashmem region of size 3686400
12-09 08:06:18.653 W/audio_hw_generic( 1307): Not supplying enough data to HAL, expected position 22646049 , only wrote 22645199
12-09 08:06:18.653 W/audio_hw_generic( 1307): Not supplying enough data to HAL, expected position 22645206 , only wrote 22645199
12-09 08:06:18.704 W/audio_hw_generic( 1307): Not supplying enough data to HAL, expected position 22647375 , only wrote 22645860
12-09 08:06:18.806 W/audio_hw_generic( 1307): Not supplying enough data to HAL, expected position 22650406 , only wrote 22649826
12-09 08:06:18.858 W/audio_hw_generic( 1307): Not supplying enough data to HAL, expected position 22652136 , only wrote 22650487
12-09 08:06:18.858 W/audio_hw_generic( 1307): Not supplying enough data to HAL, expected position 22650494 , only wrote 22650487
12-09 08:06:18.878 W/audio_hw_generic( 1307): Not supplying enough data to HAL, expected position 22651357 , only wrote 22651148
12-09 08:06:18.914 W/audio_hw_generic( 1307): Hardware backing HAL too slow, could only write 0 of 661 frames
12-09 08:06:18.915 I/ActivityManager( 1592): Displayed com.evancharlton.mileage/.FillupInfoActivity: +1s516ms
12-09 08:06:18.938 W/audio_hw_generic( 1307): Hardware backing HAL too slow, could only write 0 of 661 frames
12-09 08:06:18.954 W/audio_hw_generic( 1307): Hardware backing HAL too slow, could only write 0 of 661 frames
12-09 08:06:18.958 W/audio_hw_generic( 1307): Hardware backing HAL too slow, could only write 0 of 661 frames
12-09 08:06:18.973 W/audio_hw_generic( 1307): Hardware backing HAL too slow, could only write 0 of 661 frames
12-09 08:06:18.990 W/audio_hw_generic( 1307): Hardware backing HAL too slow, could only write 0 of 661 frames
12-09 08:06:19.005 W/audio_hw_generic( 1307): Hardware backing HAL too slow, could only write 0 of 661 frames
12-09 08:06:19.117 I/System.out(11076): URI: //map
12-09 08:06:19.117 I/System.out(11076): params: {json={"query":"android.widget.Button index:0","operation":{"method_name":"query","arguments":[]}}
12-09 08:06:19.117 I/System.out(11076): }
12-09 08:06:19.407 W/audio_hw_generic( 1307): Not supplying enough data to HAL, expected position 22674476 , only wrote 22674283
12-09 08:06:19.493 D/gralloc_ranchu( 1226): gralloc_alloc: Creating ashmem region of size 3686400
12-09 08:06:19.575 I/System.out(11076): URI: //gesture
12-09 08:06:19.575 I/System.out(11076): params: {json={"query_timeout":5.0,"gestures":[{"query_string":"android.widget.Button index:0","touches":[{"x":50,"y":50,"offset_x":0,"offset_y":0,"wait":0.0,"time":0.2,"release":true,"query_string":null}]}]}
12-09 08:06:19.575 I/System.out(11076): }
12-09 08:06:19.590 W/audio_hw_generic( 1307): Not supplying enough data to HAL, expected position 22682364 , only wrote 22682215
12-09 08:06:19.658 W/audio_hw_generic( 1307): Not supplying enough data to HAL, expected position 22685224 , only wrote 22684859
12-09 08:06:19.659 W/audio_hw_generic( 1307): Not supplying enough data to HAL, expected position 22684866 , only wrote 22684859
12-09 08:06:19.678 W/audio_hw_generic( 1307): Not supplying enough data to HAL, expected position 22685730 , only wrote 22685520
12-09 08:06:19.771 W/audio_hw_generic( 1307): Hardware backing HAL too slow, could only write 0 of 661 frames
12-09 08:06:19.794 W/audio_hw_generic( 1307): Hardware backing HAL too slow, could only write 0 of 661 frames
12-09 08:06:19.818 W/audio_hw_generic( 1307): Hardware backing HAL too slow, could only write 0 of 661 frames
12-09 08:06:19.834 W/audio_hw_generic( 1307): Hardware backing HAL too slow, could only write 0 of 661 frames
12-09 08:06:19.986 W/audio_hw_generic( 1307): Hardware backing HAL too slow, could only write 0 of 661 frames
12-09 08:06:19.999 D/hwcomposer( 1226): hw_composer sent 803 syncs in 60s
12-09 08:06:20.106 W/audio_hw_generic( 1307): Hardware backing HAL too slow, could only write 0 of 661 frames
12-09 08:06:20.118 W/audio_hw_generic( 1307): Hardware backing HAL too slow, could only write 0 of 661 frames
12-09 08:06:20.134 W/audio_hw_generic( 1307): Hardware backing HAL too slow, could only write 0 of 661 frames
12-09 08:06:20.150 W/audio_hw_generic( 1307): Hardware backing HAL too slow, could only write 0 of 661 frames
12-09 08:06:20.210 I/ActivityManager( 1592): START u0 {cmp=com.evancharlton.mileage/.FillupInfoActivity (has extras)} from uid 10127 on display 0
12-09 08:06:20.273 W/audio_hw_generic( 1307): Not supplying enough data to HAL, expected position 22711756 , only wrote 22711299
12-09 08:06:20.447 I/calabash(11076): newActivity1
12-09 08:06:20.687 V/PhoneStatusBar( 1705): setLightsOn(true)
12-09 08:06:20.730 W/audio_hw_generic( 1307): Not supplying enough data to HAL, expected position 22730664 , only wrote 22730468
12-09 08:06:20.731 W/audio_hw_generic( 1307): Not supplying enough data to HAL, expected position 22731265 , only wrote 22731129
12-09 08:06:20.731 W/audio_hw_generic( 1307): Not supplying enough data to HAL, expected position 22731135 , only wrote 22731129
12-09 08:06:20.748 W/audio_hw_generic( 1307): Hardware backing HAL too slow, could only write 0 of 661 frames
12-09 08:06:20.897 D/gralloc_ranchu( 1226): gralloc_alloc: Creating ashmem region of size 3686400
12-09 08:06:20.978 E/SurfaceFlinger( 1226): ro.sf.lcd_density must be defined as a build property
12-09 08:06:21.015 W/audio_hw_generic( 1307): Not supplying enough data to HAL, expected position 22743652 , only wrote 22741705
12-09 08:06:21.015 W/audio_hw_generic( 1307): Not supplying enough data to HAL, expected position 22741712 , only wrote 22741705
12-09 08:06:21.031 W/audio_hw_generic( 1307): Not supplying enough data to HAL, expected position 22742409 , only wrote 22742366
12-09 08:06:21.044 D/gralloc_ranchu( 1226): gralloc_alloc: Creating ashmem region of size 3686400
12-09 08:06:21.101 D/        (11184): HostConnection::get() New Host Connection established 0x7f25f1512480, tid 11184
12-09 08:06:21.158 W/audio_hw_generic( 1307): Not supplying enough data to HAL, expected position 22747986 , only wrote 22746993
12-09 08:06:21.158 W/audio_hw_generic( 1307): Not supplying enough data to HAL, expected position 22747000 , only wrote 22746993
