--------- beginning of main
12-09 08:09:40.237 W/art     ( 1591): Long monitor contention event with owner method=void com.android.server.wm.WindowAnimator$1.doFrame(long) from WindowAnimator.java:121 waiters=0 for 159ms
12-09 08:09:40.502 W/art     ( 1591): Long monitor contention event with owner method=void com.android.server.wm.WindowAnimator$1.doFrame(long) from WindowAnimator.java:121 waiters=1 for 251ms
12-09 08:09:40.719 W/art     ( 1591): Long monitor contention event with owner method=void com.android.server.wm.WindowAnimator$1.doFrame(long) from WindowAnimator.java:121 waiters=1 for 217ms
12-09 08:09:41.047 W/art     ( 1591): Long monitor contention event with owner method=void com.android.server.wm.WindowAnimator$1.doFrame(long) from WindowAnimator.java:121 waiters=1 for 228ms
12-09 08:09:42.047 W/art     ( 1591): Long monitor contention event with owner method=void com.android.server.wm.WindowAnimator$1.doFrame(long) from WindowAnimator.java:121 waiters=1 for 296ms
12-09 08:09:42.122 W/art     ( 1591): Long monitor contention event with owner method=void com.android.server.wm.WindowAnimator$1.doFrame(long) from WindowAnimator.java:121 waiters=1 for 241ms
12-09 08:09:43.185 W/SurfaceFlinger( 1223): Timed out waiting for hw vsync; faking it
12-09 08:09:43.245 W/art     ( 1591): Long monitor contention event with owner method=void com.android.server.wm.WindowAnimator$1.doFrame(long) from WindowAnimator.java:121 waiters=1 for 1.198s
--------- beginning of system
12-09 08:09:43.245 I/WindowManager( 1591): Screenshot max retries 4 of Token{42a6d3 ActivityRecord{e6228c2 u0 com.evancharlton.mileage.test/sh.calaba.instrumentationbackend.StatusReporterActivity t417 f}} appWin=Window{a9a4672 u0 Starting com.evancharlton.mileage.test} drawState=3
12-09 08:09:43.257 W/art     ( 1591): Long monitor contention event with owner method=void com.android.server.wm.WindowAnimator$1.doFrame(long) from WindowAnimator.java:121 waiters=1 for 1.134s
12-09 08:09:43.258 W/art     ( 1591): Long monitor contention event with owner method=boolean com.android.server.am.ActivityManagerService.finishActivity(android.os.IBinder, int, android.content.Intent, boolean) from ActivityManagerService.java:4245 waiters=0 for 4.477s
12-09 08:09:43.525 D/AndroidRuntime(12612): >>>>>> START com.android.internal.os.RuntimeInit uid 0 <<<<<<
12-09 08:09:43.530 D/AndroidRuntime(12612): CheckJNI is ON
12-09 08:09:43.543 D/ICU     (12612): No timezone override file found: /data/misc/zoneinfo/current/icu/icu_tzdata.dat
12-09 08:09:43.865 W/InputMethodManagerService( 1591): Window already focused, ignoring focus gain of: com.android.internal.view.IInputMethodClient$Stub$Proxy@77dae79 attribute=null, token = android.os.BinderProxy@3870060
12-09 08:09:43.905 E/memtrack(12612): Couldn't load memtrack module (No such file or directory)
12-09 08:09:43.905 E/android.os.Debug(12612): failed to load memtrack module: -2
12-09 08:09:43.906 I/Radio-JNI(12612): register_android_hardware_Radio DONE
12-09 08:09:43.949 D/AndroidRuntime(12612): Calling main entry com.android.commands.am.Am
12-09 08:09:44.066 I/ActivityManager( 1591): Force stopping com.evancharlton.mileage appid=10129 user=0: start instr
12-09 08:09:44.066 I/ActivityManager( 1591): Killing 12595:com.evancharlton.mileage/u0a129 (adj 0): stop com.evancharlton.mileage
12-09 08:09:44.199 W/ActivityManager( 1591): Crash of app com.evancharlton.mileage running instrumentation ComponentInfo{com.evancharlton.mileage.test/sh.calaba.instrumentationbackend.ClearAppData2}
12-09 08:09:44.199 I/ActivityManager( 1591): Force stopping com.evancharlton.mileage appid=10129 user=0: finished inst
12-09 08:09:44.281 I/ActivityManager( 1591): Start proc 12621:com.evancharlton.mileage/u0a129 for added application com.evancharlton.mileage
12-09 08:09:44.282 D/AndroidRuntime(12612): Shutting down VM
12-09 08:09:44.285 W/art     ( 1591): Long monitor contention event with owner method=boolean com.android.server.am.ActivityManagerService.startInstrumentation(android.content.ComponentName, java.lang.String, int, android.os.Bundle, android.app.IInstrumentationWatcher, android.app.IUiAutomationConnection, int, java.lang.String) from ActivityManagerService.java:17066 waiters=0 for 217ms
12-09 08:09:44.285 W/art     ( 1591): Long monitor contention event with owner method=boolean com.android.server.am.ActivityManagerService.startInstrumentation(android.content.ComponentName, java.lang.String, int, android.os.Bundle, android.app.IInstrumentationWatcher, android.app.IUiAutomationConnection, int, java.lang.String) from ActivityManagerService.java:17066 waiters=1 for 152ms
12-09 08:09:44.285 W/ActivityManager( 1591): Spurious death for ProcessRecord{64257be 0:com.evancharlton.mileage/u0a129}, curProc for 12595: null
12-09 08:09:44.427 W/System  (12621): ClassLoader referenced unknown path: /data/app/com.evancharlton.mileage.test-1/lib/x86_64
12-09 08:09:44.427 W/System  (12621): ClassLoader referenced unknown path: /data/app/com.evancharlton.mileage-1/lib/x86_64
12-09 08:09:44.514 I/System.out(12621): Main activity name automatically set to: com.evancharlton.mileage.Mileage
12-09 08:09:44.515 I/System.out(12621): Calabash did not load Mono. This is only a problem if you are trying to test a Mono application
12-09 08:09:44.515 I/calabash(12621): Test server port: 7102
12-09 08:09:44.516 I/InstrumentationBackend(12621): Added:'GetPreferences', with key:'get_preferences'
12-09 08:09:44.565 I/InstrumentationBackend(12621): Added:'SetPreferences', with key:'set_preferences'
12-09 08:09:44.565 I/InstrumentationBackend(12621): Added:'ClearPreferences', with key:'clear_preferences'
12-09 08:09:44.566 I/InstrumentationBackend(12621): Added:'PressElement', with key:'press_l10n_element'
12-09 08:09:44.566 I/InstrumentationBackend(12621): Added:'WaitForElement', with key:'wait_for_l10n_element'
12-09 08:09:44.566 I/InstrumentationBackend(12621): Added:'NullAction', with key:'nullAction'
12-09 08:09:44.566 I/InstrumentationBackend(12621): Added:'PressKey', with key:'press_key'
12-09 08:09:44.567 I/InstrumentationBackend(12621): Added:'SetActivityOrientation', with key:'set_activity_orientation'
12-09 08:09:44.567 I/InstrumentationBackend(12621): Added:'GetActivityOrientation', with key:'get_activity_orientation'
12-09 08:09:44.567 I/InstrumentationBackend(12621): Added:'FakeGPSLocation', with key:'set_gps_coordinates'
12-09 08:09:44.567 I/InstrumentationBackend(12621): Added:'SetPropertyByCssSelector', with key:'set_property_by_css_selector'
12-09 08:09:44.567 I/InstrumentationBackend(12621): Added:'GetUrl', with key:'get_url'
12-09 08:09:44.593 I/InstrumentationBackend(12621): Added:'ScrollTo', with key:'scroll_to'
12-09 08:09:44.593 I/InstrumentationBackend(12621): Added:'GetLoadProgress', with key:'get_load_progress'
12-09 08:09:44.594 I/InstrumentationBackend(12621): Added:'DumpHtml', with key:'dump_html'
12-09 08:09:44.594 I/InstrumentationBackend(12621): Added:'DumpBodyHtml', with key:'dump_body_html'
12-09 08:09:44.594 I/InstrumentationBackend(12621): Added:'EnterTextByCssSelector', with key:'enter_text_by_selector'
12-09 08:09:44.605 I/InstrumentationBackend(12621): Added:'AndroidSDKVersion', with key:'android_sdk_version'
12-09 08:09:44.606 I/InstrumentationBackend(12621): Added:'Version', with key:'version'
12-09 08:09:44.606 I/InstrumentationBackend(12621): Added:'Drag', with key:'drag'
12-09 08:09:44.606 I/InstrumentationBackend(12621): Added:'TouchCoordinates', with key:'touch_coordinate'
12-09 08:09:44.606 I/InstrumentationBackend(12621): Added:'LongPressCoordinate', with key:'long_press_coordinate'
12-09 08:09:44.606 I/InstrumentationBackend(12621): Added:'DragCoordinates', with key:'drag_coordinates'
12-09 08:09:44.606 I/InstrumentationBackend(12621): Added:'ResumeApplication', with key:'resume_application'
12-09 08:09:44.607 I/InstrumentationBackend(12621): Added:'Swipe', with key:'swipe'
12-09 08:09:44.607 I/InstrumentationBackend(12621): Added:'DoubleTapCoordinate', with key:'double_tap_coordinate'
12-09 08:09:44.607 I/InstrumentationBackend(12621): Added:'ClickOnScreen', with key:'click_on_screen'
12-09 08:09:44.608 I/InstrumentationBackend(12621): Added:'GetActivityName', with key:'get_activity_name'
12-09 08:09:44.608 I/InstrumentationBackend(12621): Added:'ScrollToView', with key:'scroll_to_view'
12-09 08:09:44.608 I/InstrumentationBackend(12621): Added:'ViewConfiguration', with key:'view_configuration'
12-09 08:09:44.608 I/InstrumentationBackend(12621): Added:'IsCurrentActivityFocused', with key:'is_current_activity_focused'
12-09 08:09:44.608 I/InstrumentationBackend(12621): Added:'SendTcp', with key:'send_tcp'
12-09 08:09:44.613 I/InstrumentationBackend(12621): Added:'DpToDevicePixel', with key:'dp_to_device_pixel'
12-09 08:09:44.614 I/InstrumentationBackend(12621): Added:'KeyboardEnterText', with key:'keyboard_enter_text'
12-09 08:09:44.614 I/InstrumentationBackend(12621): Added:'DeleteSurroundingText', with key:'delete_surrounding_text'
12-09 08:09:44.614 I/InstrumentationBackend(12621): Added:'SetComposingRegion', with key:'set_composing_region'
12-09 08:09:44.615 I/InstrumentationBackend(12621): Added:'SetSelection', with key:'set_selection'
12-09 08:09:44.615 I/InstrumentationBackend(12621): Added:'KeyboardKeyEvent', with key:'keyboard_key_event'
12-09 08:09:44.616 I/InstrumentationBackend(12621): Added:'PressUserActionButton', with key:'press_user_action_button'
12-09 08:09:44.616 I/InstrumentationBackend(12621): Added:'HideSoftKeyboard', with key:'hide_soft_keyboard'
12-09 08:09:44.616 I/InstrumentationBackend(12621): Added:'ListActions', with key:'list_actions'
12-09 08:09:44.625 I/calabash(12621): Instantiating http server at 7102
12-09 08:09:44.635 I/System.out(12621): HTTP Daemon listening on: 7102
12-09 08:09:45.098 I/System.out(12621): URI: //ping
12-09 08:09:45.130 I/System.out(12621): params: {json={}
12-09 08:09:45.130 I/System.out(12621): }
12-09 08:09:45.152 I/art     (12621): Background partial concurrent mark sweep GC freed 34958(1475KB) AllocSpace objects, 1(20KB) LOS objects, 46% free, 1156KB/2MB, paused 45.043ms total 582.107ms
12-09 08:09:45.194 I/System.out(12621): URI: //ping
12-09 08:09:45.194 I/System.out(12621): params: {json={}
12-09 08:09:45.194 I/System.out(12621): }
12-09 08:09:45.254 I/System.out(12621): URI: //ready
12-09 08:09:45.254 I/System.out(12621): params: {json={}
12-09 08:09:45.254 I/System.out(12621): }
12-09 08:09:45.309 I/System.out(12621): URI: //
12-09 08:09:45.309 I/System.out(12621): params: {json={"command":"version","arguments":[]}
12-09 08:09:45.310 I/System.out(12621): }
12-09 08:09:45.310 I/System.out(12621): header: {date=Sun, 09 Dec 2018 08:09:45 GMT, accept=*/*, content-length=36, host=127.0.0.1:34777, user-agent=HTTPClient/1.0 (2.8.3, ruby 2.3.1 (2016-04-26)), content-type=application/json;charset=utf-8}
12-09 08:09:45.310 I/System.out(12621): params: {json={"command":"version","arguments":[]}
12-09 08:09:45.310 I/System.out(12621): }
12-09 08:09:45.310 I/System.out(12621): ProP json = {"command":"version","arguments":[]}
12-09 08:09:45.310 I/System.out(12621): files: {}
12-09 08:09:45.310 I/System.out(12621): command: {"command":"version","arguments":[]}
12-09 08:09:45.321 I/InstrumentationBackend(12621): Got command:'Command:'Line:null,version', arguments:'[]'
12-09 08:09:45.409 W/art     (12621): Suspending all threads took: 7.441ms
12-09 08:09:45.429 I/art     (12621): Background sticky concurrent mark sweep GC freed 14113(821KB) AllocSpace objects, 11(220KB) LOS objects, 44% free, 1201KB/2MB, paused 12.266ms total 74.891ms
12-09 08:09:45.490 I/System.out(12621): result:{"bonusInformation":[],"message":"0.9.8","success":true}
12-09 08:09:45.510 I/System.out(12621): URI: //start-application
12-09 08:09:45.510 I/System.out(12621): params: {json={"intent":null}
12-09 08:09:45.510 I/System.out(12621): }
12-09 08:09:45.532 I/ActivityManager( 1591): START u0 {act=android.intent.action.MAIN cat=[android.intent.category.LAUNCHER] flg=0x10200000 cmp=com.evancharlton.mileage/.Mileage} from uid 10129 on display 0
12-09 08:09:45.634 D/gralloc_ranchu( 1223): gralloc_alloc: Creating ashmem region of size 3686400
12-09 08:09:45.652 I/calabash(12621): newActivity1
12-09 08:09:45.714 I/calabash(12621): newActivity1
12-09 08:09:45.716 W/ActivityManager( 1591): Bad activity token: android.os.BinderProxy@15b3004
12-09 08:09:45.716 W/ActivityManager( 1591): java.lang.ClassCastException: android.os.BinderProxy cannot be cast to com.android.server.am.ActivityRecord$Token
12-09 08:09:45.716 W/ActivityManager( 1591): 	at com.android.server.am.ActivityRecord.forTokenLocked(ActivityRecord.java:424)
12-09 08:09:45.716 W/ActivityManager( 1591): 	at com.android.server.am.ActivityRecord.isInStackLocked(ActivityRecord.java:1121)
12-09 08:09:45.716 W/ActivityManager( 1591): 	at com.android.server.am.ActivityRecord.getStackLocked(ActivityRecord.java:1126)
12-09 08:09:45.716 W/ActivityManager( 1591): 	at com.android.server.am.ActivityManagerService.getActivityDisplayId(ActivityManagerService.java:8889)
12-09 08:09:45.716 W/ActivityManager( 1591): 	at android.app.ActivityManagerNative.onTransact(ActivityManagerNative.java:2338)
12-09 08:09:45.716 W/ActivityManager( 1591): 	at com.android.server.am.ActivityManagerService.onTransact(ActivityManagerService.java:2443)
12-09 08:09:45.716 W/ActivityManager( 1591): 	at android.os.Binder.execTransact(Binder.java:453)
12-09 08:09:45.739 W/ActivityManager( 1591): Bad activity token: android.os.BinderProxy@15b3004
12-09 08:09:45.739 W/ActivityManager( 1591): java.lang.ClassCastException: android.os.BinderProxy cannot be cast to com.android.server.am.ActivityRecord$Token
12-09 08:09:45.739 W/ActivityManager( 1591): 	at com.android.server.am.ActivityRecord.forTokenLocked(ActivityRecord.java:424)
12-09 08:09:45.739 W/ActivityManager( 1591): 	at com.android.server.am.ActivityRecord.isInStackLocked(ActivityRecord.java:1121)
12-09 08:09:45.739 W/ActivityManager( 1591): 	at com.android.server.am.ActivityManagerService.setTaskDescription(ActivityManagerService.java:8547)
12-09 08:09:45.739 W/ActivityManager( 1591): 	at android.app.ActivityManagerNative.onTransact(ActivityManagerNative.java:2410)
12-09 08:09:45.739 W/ActivityManager( 1591): 	at com.android.server.am.ActivityManagerService.onTransact(ActivityManagerService.java:2443)
12-09 08:09:45.739 W/ActivityManager( 1591): 	at android.os.Binder.execTransact(Binder.java:453)
12-09 08:09:45.756 V/PhoneStatusBar( 1720): setLightsOn(true)
12-09 08:09:46.865 W/SurfaceFlinger( 1223): Timed out waiting for hw vsync; faking it
12-09 08:09:47.214 D/EGL_emulation( 1950): eglMakeCurrent: 0x7ff61a3b4dc0: ver 2 0 (tinfo 0x7ff61a382d00)
12-09 08:09:47.215 E/Surface ( 1950): getSlotFromBufferLocked: unknown buffer: 0x7ff61a3b5c20
12-09 08:09:47.270 D/FillupsProvider(12621): Creating database
12-09 08:09:47.351 I/art     (12621): Background sticky concurrent mark sweep GC freed 7241(413KB) AllocSpace objects, 0(0B) LOS objects, 24% free, 1645KB/2MB, paused 9.123ms total 62.680ms
12-09 08:09:47.458 W/ActivityManager( 1591): Bad activity token: android.os.BinderProxy@15b3004
12-09 08:09:47.458 W/ActivityManager( 1591): java.lang.ClassCastException: android.os.BinderProxy cannot be cast to com.android.server.am.ActivityRecord$Token
12-09 08:09:47.458 W/ActivityManager( 1591): 	at com.android.server.am.ActivityRecord.forTokenLocked(ActivityRecord.java:424)
12-09 08:09:47.458 W/ActivityManager( 1591): 	at com.android.server.am.ActivityRecord.isInStackLocked(ActivityRecord.java:1121)
12-09 08:09:47.458 W/ActivityManager( 1591): 	at com.android.server.am.ActivityManagerService.getActivityOptions(ActivityManagerService.java:11038)
12-09 08:09:47.458 W/ActivityManager( 1591): 	at android.app.ActivityManagerNative.onTransact(ActivityManagerNative.java:1734)
12-09 08:09:47.458 W/ActivityManager( 1591): 	at com.android.server.am.ActivityManagerService.onTransact(ActivityManagerService.java:2443)
12-09 08:09:47.458 W/ActivityManager( 1591): 	at android.os.Binder.execTransact(Binder.java:453)
12-09 08:09:47.459 W/ActivityManager( 1591): Bad activity token: android.os.BinderProxy@15b3004
12-09 08:09:47.459 W/ActivityManager( 1591): java.lang.ClassCastException: android.os.BinderProxy cannot be cast to com.android.server.am.ActivityRecord$Token
12-09 08:09:47.459 W/ActivityManager( 1591): 	at com.android.server.am.ActivityRecord.forTokenLocked(ActivityRecord.java:424)
12-09 08:09:47.459 W/ActivityManager( 1591): 	at com.android.server.am.ActivityRecord.isInStackLocked(ActivityRecord.java:1121)
12-09 08:09:47.459 W/ActivityManager( 1591): 	at com.android.server.am.ActivityManagerService.getActivityOptions(ActivityManagerService.java:11038)
12-09 08:09:47.459 W/ActivityManager( 1591): 	at android.app.ActivityManagerNative.onTransact(ActivityManagerNative.java:1734)
12-09 08:09:47.459 W/ActivityManager( 1591): 	at com.android.server.am.ActivityManagerService.onTransact(ActivityManagerService.java:2443)
12-09 08:09:47.459 W/ActivityManager( 1591): 	at android.os.Binder.execTransact(Binder.java:453)
12-09 08:09:48.152 W/art     (12621): Suspending all threads took: 74.113ms
12-09 08:09:48.199 I/art     (12621): Background sticky concurrent mark sweep GC freed 938(54KB) AllocSpace objects, 0(0B) LOS objects, 7% free, 2022KB/2MB, paused 75.545ms total 287.280ms
12-09 08:09:48.418 D/gralloc_ranchu( 1223): gralloc_alloc: Creating ashmem region of size 3686400
12-09 08:09:48.422 W/art     (12621): Long monitor contention event with owner method=void android.os.MessageQueue.removeSyncBarrier(int) from MessageQueue.java:504 waiters=0 for 113ms
12-09 08:09:48.575 D/        (12621): HostConnection::get() New Host Connection established 0x7ff616753f20, tid 12621
12-09 08:09:48.619 I/ActivityManager( 1591): Displayed com.evancharlton.mileage/.Mileage: +2s978ms
12-09 08:09:48.778 D/gralloc_ranchu( 1223): gralloc_alloc: Creating ashmem region of size 3686400
12-09 08:09:49.298 D/gralloc_ranchu( 1223): gralloc_alloc: Creating ashmem region of size 3686400
12-09 08:09:49.662 I/System.out(12621): URI: //gesture
12-09 08:09:49.662 I/System.out(12621): params: {json={"query_timeout":5.0,"gestures":[{"query_string":"android.widget.TabWidget descendant TextView index:3","touches":[{"x":50,"y":50,"offset_x":0,"offset_y":0,"wait":0.0,"time":0.2,"release":true,"query_string":null}]}]}
12-09 08:09:49.662 I/System.out(12621): }
12-09 08:09:50.252 I/calabash(12621): newActivity1
12-09 08:09:50.260 W/ActivityManager( 1591): Bad activity token: android.os.BinderProxy@5edb588
12-09 08:09:50.260 W/ActivityManager( 1591): java.lang.ClassCastException: android.os.BinderProxy cannot be cast to com.android.server.am.ActivityRecord$Token
12-09 08:09:50.260 W/ActivityManager( 1591): 	at com.android.server.am.ActivityRecord.forTokenLocked(ActivityRecord.java:424)
12-09 08:09:50.260 W/ActivityManager( 1591): 	at com.android.server.am.ActivityRecord.isInStackLocked(ActivityRecord.java:1121)
12-09 08:09:50.260 W/ActivityManager( 1591): 	at com.android.server.am.ActivityRecord.getStackLocked(ActivityRecord.java:1126)
12-09 08:09:50.260 W/ActivityManager( 1591): 	at com.android.server.am.ActivityManagerService.getActivityDisplayId(ActivityManagerService.java:8889)
12-09 08:09:50.260 W/ActivityManager( 1591): 	at android.app.ActivityManagerNative.onTransact(ActivityManagerNative.java:2338)
12-09 08:09:50.260 W/ActivityManager( 1591): 	at com.android.server.am.ActivityManagerService.onTransact(ActivityManagerService.java:2443)
12-09 08:09:50.260 W/ActivityManager( 1591): 	at android.os.Binder.execTransact(Binder.java:453)
12-09 08:09:50.266 W/ActivityManager( 1591): Bad activity token: android.os.BinderProxy@5edb588
12-09 08:09:50.266 W/ActivityManager( 1591): java.lang.ClassCastException: android.os.BinderProxy cannot be cast to com.android.server.am.ActivityRecord$Token
12-09 08:09:50.266 W/ActivityManager( 1591): 	at com.android.server.am.ActivityRecord.forTokenLocked(ActivityRecord.java:424)
12-09 08:09:50.266 W/ActivityManager( 1591): 	at com.android.server.am.ActivityRecord.isInStackLocked(ActivityRecord.java:1121)
12-09 08:09:50.266 W/ActivityManager( 1591): 	at com.android.server.am.ActivityManagerService.setTaskDescription(ActivityManagerService.java:8547)
12-09 08:09:50.266 W/ActivityManager( 1591): 	at android.app.ActivityManagerNative.onTransact(ActivityManagerNative.java:2410)
12-09 08:09:50.266 W/ActivityManager( 1591): 	at com.android.server.am.ActivityManagerService.onTransact(ActivityManagerService.java:2443)
12-09 08:09:50.266 W/ActivityManager( 1591): 	at android.os.Binder.execTransact(Binder.java:453)
12-09 08:09:50.270 D/AudioFlinger( 1307): mixer(0xf4340000) throttle end: throttle time(39)
12-09 08:09:50.281 W/ActivityManager( 1591): Bad activity token: android.os.BinderProxy@5edb588
12-09 08:09:50.281 W/ActivityManager( 1591): java.lang.ClassCastException: android.os.BinderProxy cannot be cast to com.android.server.am.ActivityRecord$Token
12-09 08:09:50.281 W/ActivityManager( 1591): 	at com.android.server.am.ActivityRecord.forTokenLocked(ActivityRecord.java:424)
12-09 08:09:50.281 W/ActivityManager( 1591): 	at com.android.server.am.ActivityRecord.isInStackLocked(ActivityRecord.java:1121)
12-09 08:09:50.281 W/ActivityManager( 1591): 	at com.android.server.am.ActivityManagerService.getActivityOptions(ActivityManagerService.java:11038)
12-09 08:09:50.281 W/ActivityManager( 1591): 	at android.app.ActivityManagerNative.onTransact(ActivityManagerNative.java:1734)
12-09 08:09:50.281 W/ActivityManager( 1591): 	at com.android.server.am.ActivityManagerService.onTransact(ActivityManagerService.java:2443)
12-09 08:09:50.281 W/ActivityManager( 1591): 	at android.os.Binder.execTransact(Binder.java:453)
12-09 08:09:50.293 W/audio_hw_generic( 1307): Hardware backing HAL too slow, could only write 0 of 661 frames
12-09 08:09:50.295 I/art     (12621): Background sticky concurrent mark sweep GC freed 33768(1558KB) AllocSpace objects, 0(0B) LOS objects, 23% free, 2MB/3MB, paused 6.191ms total 66.965ms
12-09 08:09:50.299 W/ActivityManager( 1591): Bad activity token: android.os.BinderProxy@5edb588
12-09 08:09:50.299 W/ActivityManager( 1591): java.lang.ClassCastException: android.os.BinderProxy cannot be cast to com.android.server.am.ActivityRecord$Token
12-09 08:09:50.299 W/ActivityManager( 1591): 	at com.android.server.am.ActivityRecord.forTokenLocked(ActivityRecord.java:424)
12-09 08:09:50.299 W/ActivityManager( 1591): 	at com.android.server.am.ActivityRecord.isInStackLocked(ActivityRecord.java:1121)
12-09 08:09:50.299 W/ActivityManager( 1591): 	at com.android.server.am.ActivityManagerService.getActivityOptions(ActivityManagerService.java:11038)
12-09 08:09:50.299 W/ActivityManager( 1591): 	at android.app.ActivityManagerNative.onTransact(ActivityManagerNative.java:1734)
12-09 08:09:50.299 W/ActivityManager( 1591): 	at com.android.server.am.ActivityManagerService.onTransact(ActivityManagerService.java:2443)
12-09 08:09:50.299 W/ActivityManager( 1591): 	at android.os.Binder.execTransact(Binder.java:453)
12-09 08:09:50.307 W/audio_hw_generic( 1307): Hardware backing HAL too slow, could only write 0 of 661 frames
12-09 08:09:50.329 I/System.out(12621): URI: //map
12-09 08:09:50.329 I/System.out(12621): params: {json={"query":"android.widget.ListView index:0 android.widget.TextView index:0","operation":{"method_name":"query","arguments":[]}}
12-09 08:09:50.329 I/System.out(12621): }
12-09 08:09:50.546 W/audio_hw_generic( 1307): Not supplying enough data to HAL, expected position 24716079 , only wrote 24714790
12-09 08:09:50.599 W/art     (12621): Suspending all threads took: 7.834ms
12-09 08:09:50.694 I/art     (12621): Background sticky concurrent mark sweep GC freed 32563(1384KB) AllocSpace objects, 0(0B) LOS objects, 11% free, 2MB/3MB, paused 9.152ms total 127.526ms
12-09 08:09:50.738 I/System.out(12621): URI: //gesture
12-09 08:09:50.738 I/System.out(12621): params: {json={"query_timeout":5.0,"gestures":[{"query_string":"android.widget.ListView index:0 android.widget.TextView index:0","touches":[{"x":50,"y":50,"offset_x":0,"offset_y":0,"wait":0.0,"time":0.2,"release":true,"query_string":null}]}]}
12-09 08:09:50.738 I/System.out(12621): }
12-09 08:09:50.929 W/audio_hw_generic( 1307): Hardware backing HAL too slow, could only write 0 of 661 frames
12-09 08:09:50.937 W/audio_hw_generic( 1307): Hardware backing HAL too slow, could only write 0 of 661 frames
12-09 08:09:50.951 W/audio_hw_generic( 1307): Hardware backing HAL too slow, could only write 0 of 661 frames
12-09 08:09:50.979 W/audio_hw_generic( 1307): Hardware backing HAL too slow, could only write 0 of 661 frames
12-09 08:09:50.994 W/audio_hw_generic( 1307): Hardware backing HAL too slow, could only write 0 of 661 frames
12-09 08:09:51.009 W/audio_hw_generic( 1307): Hardware backing HAL too slow, could only write 0 of 661 frames
12-09 08:09:51.025 W/audio_hw_generic( 1307): Hardware backing HAL too slow, could only write 0 of 661 frames
12-09 08:09:51.141 W/audio_hw_generic( 1307): Not supplying enough data to HAL, expected position 24741069 , only wrote 24740569
12-09 08:09:51.142 W/audio_hw_generic( 1307): Not supplying enough data to HAL, expected position 24740577 , only wrote 24740569
12-09 08:09:51.269 W/audio_hw_generic( 1307): Not supplying enough data to HAL, expected position 24746177 , only wrote 24745857
12-09 08:09:51.279 W/art     (12621): Suspending all threads took: 19.734ms
12-09 08:09:51.301 I/art     (12621): Background sticky concurrent mark sweep GC freed 32064(1487KB) AllocSpace objects, 0(0B) LOS objects, 13% free, 2MB/3MB, paused 22.531ms total 120.596ms
12-09 08:09:51.343 I/ActivityManager( 1591): START u0 {cmp=com.evancharlton.mileage/.VehicleActivity (has extras)} from uid 10129 on display 0
12-09 08:09:51.430 D/AudioFlinger( 1307): mixer(0xf4340000) throttle end: throttle time(22)
12-09 08:09:51.582 W/audio_hw_generic( 1307): Not supplying enough data to HAL, expected position 24759682 , only wrote 24759077
12-09 08:09:51.583 W/audio_hw_generic( 1307): Not supplying enough data to HAL, expected position 24759085 , only wrote 24759077
12-09 08:09:51.648 W/audio_hw_generic( 1307): Hardware backing HAL too slow, could only write 0 of 661 frames
12-09 08:09:51.660 W/audio_hw_generic( 1307): Hardware backing HAL too slow, could only write 0 of 661 frames
12-09 08:09:51.671 W/audio_hw_generic( 1307): Hardware backing HAL too slow, could only write 0 of 661 frames
12-09 08:09:51.689 W/audio_hw_generic( 1307): Hardware backing HAL too slow, could only write 0 of 661 frames
12-09 08:09:51.695 I/calabash(12621): newActivity1
12-09 08:09:51.721 W/audio_hw_generic( 1307): Hardware backing HAL too slow, could only write 0 of 661 frames
12-09 08:09:51.741 W/audio_hw_generic( 1307): Hardware backing HAL too slow, could only write 0 of 661 frames
12-09 08:09:51.763 W/audio_hw_generic( 1307): Hardware backing HAL too slow, could only write 0 of 661 frames
12-09 08:09:51.764 W/audio_hw_generic( 1307): Not supplying enough data to HAL, expected position 24767059 , only wrote 24767009
12-09 08:09:51.764 W/audio_hw_generic( 1307): Not supplying enough data to HAL, expected position 24767015 , only wrote 24767009
12-09 08:09:51.764 W/audio_hw_generic( 1307): Hardware backing HAL too slow, could only write 0 of 661 frames
12-09 08:09:51.792 W/audio_hw_generic( 1307): Not supplying enough data to HAL, expected position 24768260 , only wrote 24767670
12-09 08:09:51.792 W/audio_hw_generic( 1307): Hardware backing HAL too slow, could only write 0 of 661 frames
12-09 08:09:51.987 E/SurfaceFlinger( 1223): ro.sf.lcd_density must be defined as a build property
12-09 08:09:51.993 D/gralloc_ranchu( 1223): gralloc_alloc: Creating ashmem region of size 3686400
12-09 08:09:52.013 I/art     (12621): Background sticky concurrent mark sweep GC freed 2228(113KB) AllocSpace objects, 1(20KB) LOS objects, 6% free, 2MB/3MB, paused 5.545ms total 129.731ms
12-09 08:09:52.031 D/        (12650): HostConnection::get() New Host Connection established 0x7fb074112480, tid 12650
12-09 08:09:52.058 E/EGL_emulation( 1223): tid 1223: eglCreateSyncKHR(1881): error 0x3004 (EGL_BAD_ATTRIBUTE)
12-09 08:09:52.194 V/PhoneStatusBar( 1720): setLightsOn(true)
12-09 08:09:52.361 W/audio_hw_generic( 1307): Hardware backing HAL too slow, could only write 0 of 661 frames
12-09 08:09:52.417 W/audio_hw_generic( 1307): Not supplying enough data to HAL, expected position 24795234 , only wrote 24794771
12-09 08:09:52.417 W/audio_hw_generic( 1307): Not supplying enough data to HAL, expected position 24794778 , only wrote 24794771
12-09 08:09:52.480 D/gralloc_ranchu( 1223): gralloc_alloc: Creating ashmem region of size 3686400
12-09 08:09:52.730 W/audio_hw_generic( 1307): Hardware backing HAL too slow, could only write 0 of 661 frames
12-09 08:09:52.888 W/art     ( 1591): Long monitor contention event with owner method=void com.android.server.wm.WindowAnimator$1.doFrame(long) from WindowAnimator.java:121 waiters=1 for 206ms
12-09 08:09:52.972 W/audio_hw_generic( 1307): Not supplying enough data to HAL, expected position 24819221 , only wrote 24818567
12-09 08:09:53.041 W/audio_hw_generic( 1307): Hardware backing HAL too slow, could only write 0 of 661 frames
12-09 08:09:53.055 I/art     (12621): Background partial concurrent mark sweep GC freed 4812(450KB) AllocSpace objects, 4(80KB) LOS objects, 39% free, 2MB/3MB, paused 1.560ms total 153.109ms
12-09 08:09:53.061 W/audio_hw_generic( 1307): Hardware backing HAL too slow, could only write 0 of 661 frames
12-09 08:09:53.073 W/audio_hw_generic( 1307): Hardware backing HAL too slow, could only write 0 of 661 frames
12-09 08:09:53.077 W/art     ( 1591): Long monitor contention event with owner method=void com.android.server.wm.WindowAnimator$1.doFrame(long) from WindowAnimator.java:121 waiters=1 for 189ms
12-09 08:09:53.091 W/audio_hw_generic( 1307): Hardware backing HAL too slow, could only write 0 of 661 frames
12-09 08:09:53.091 I/Choreographer(12621): Skipped 35 frames!  The application may be doing too much work on its main thread.
12-09 08:09:53.105 W/audio_hw_generic( 1307): Hardware backing HAL too slow, could only write 0 of 661 frames
12-09 08:09:53.136 W/audio_hw_generic( 1307): Hardware backing HAL too slow, could only write 0 of 661 frames
