12-09 08:36:52.041 W/ActivityManager( 1591): 	at android.os.Binder.execTransact(Binder.java:453)
12-09 08:36:52.041 W/ActivityManager( 1591): Bad activity token: android.os.BinderProxy@55d0814
12-09 08:36:52.041 W/ActivityManager( 1591): java.lang.ClassCastException: android.os.BinderProxy cannot be cast to com.android.server.am.ActivityRecord$Token
12-09 08:36:52.041 W/ActivityManager( 1591): 	at com.android.server.am.ActivityRecord.forTokenLocked(ActivityRecord.java:424)
12-09 08:36:52.041 W/ActivityManager( 1591): 	at com.android.server.am.ActivityRecord.isInStackLocked(ActivityRecord.java:1121)
12-09 08:36:52.041 W/ActivityManager( 1591): 	at com.android.server.am.ActivityManagerService.getActivityOptions(ActivityManagerService.java:11038)
12-09 08:36:52.041 W/ActivityManager( 1591): 	at android.app.ActivityManagerNative.onTransact(ActivityManagerNative.java:1734)
12-09 08:36:52.041 W/ActivityManager( 1591): 	at com.android.server.am.ActivityManagerService.onTransact(ActivityManagerService.java:2443)
12-09 08:36:52.041 W/ActivityManager( 1591): 	at android.os.Binder.execTransact(Binder.java:453)
12-09 08:36:52.187 I/LatinIME( 1866): Starting input. Cursor position = -1,-1
12-09 08:36:52.200 I/Choreographer(19628): Skipped 32 frames!  The application may be doing too much work on its main thread.
12-09 08:36:52.274 I/art     (19628): Background sticky concurrent mark sweep GC freed 11348(725KB) AllocSpace objects, 1(20KB) LOS objects, 28% free, 2MB/3MB, paused 18.087ms total 60.868ms
12-09 08:36:52.279 E/SurfaceFlinger( 1218): ro.sf.lcd_density must be defined as a build property
12-09 08:36:52.287 D/gralloc_ranchu( 1218): gralloc_alloc: Creating ashmem region of size 3686400
12-09 08:36:52.305 D/Mileage.ABS(19628): Finished backup
12-09 08:36:52.311 D/Mileage.ABS(19628): Not backing up; 9
12-09 08:36:52.313 D/Mileage.ABS(19628): Not backing up; 11
12-09 08:36:52.373 D/Mileage (19628): Not enough fillups to calculate economy
12-09 08:36:52.401 D/        (19686): HostConnection::get() New Host Connection established 0x7fcdd98d2480, tid 19686
12-09 08:36:52.433 E/EGL_emulation( 1218): tid 1218: eglCreateSyncKHR(1881): error 0x3004 (EGL_BAD_ATTRIBUTE)
12-09 08:36:52.617 W/audio_hw_generic( 1307): Not supplying enough data to HAL, expected position 46528083 , only wrote 46527790
12-09 08:36:52.617 W/audio_hw_generic( 1307): Not supplying enough data to HAL, expected position 46527796 , only wrote 46527790
12-09 08:36:52.635 W/audio_hw_generic( 1307): Not supplying enough data to HAL, expected position 46528603 , only wrote 46528451
12-09 08:36:52.871 I/InputAttributes( 1866): InputType.TYPE_NULL is specified
12-09 08:36:52.939 I/Choreographer( 1866): Skipped 43 frames!  The application may be doing too much work on its main thread.
12-09 08:36:52.975 W/audio_hw_generic( 1307): Not supplying enough data to HAL, expected position 46543418 , only wrote 46541671
12-09 08:36:52.975 W/audio_hw_generic( 1307): Not supplying enough data to HAL, expected position 46541677 , only wrote 46541671
12-09 08:36:52.985 D/EGL_emulation( 1866): eglMakeCurrent: 0x7fb3a9bda8e0: ver 2 0 (tinfo 0x7fb3a18fec80)
12-09 08:36:52.986 E/Surface ( 1866): getSlotFromBufferLocked: unknown buffer: 0x7fb3a0522460
12-09 08:36:53.015 W/audio_hw_generic( 1307): Not supplying enough data to HAL, expected position 46543441 , only wrote 46542332
12-09 08:36:53.151 W/audio_hw_generic( 1307): Not supplying enough data to HAL, expected position 46548342 , only wrote 46548281
12-09 08:36:53.151 W/audio_hw_generic( 1307): Not supplying enough data to HAL, expected position 46548287 , only wrote 46548281
12-09 08:36:53.173 W/audio_hw_generic( 1307): Not supplying enough data to HAL, expected position 46549233 , only wrote 46548942
12-09 08:36:53.428 W/audio_hw_generic( 1307): Not supplying enough data to HAL, expected position 46560210 , only wrote 46560179
12-09 08:36:53.545 W/audio_hw_generic( 1307): Hardware backing HAL too slow, could only write 0 of 661 frames
12-09 08:36:53.564 I/System.out(19628): URI: //gesture
12-09 08:36:53.564 I/System.out(19628): params: {json={"query_timeout":5.0,"gestures":[{"query_string":"android.widget.TabWidget descendant TextView index:0","touches":[{"x":50,"y":50,"offset_x":0,"offset_y":0,"wait":0.0,"time":0.2,"release":true,"query_string":null}]}]}
12-09 08:36:53.564 I/System.out(19628): }
12-09 08:36:53.883 W/audio_hw_generic( 1307): Hardware backing HAL too slow, could only write 0 of 661 frames
12-09 08:36:53.913 W/audio_hw_generic( 1307): Hardware backing HAL too slow, could only write 0 of 661 frames
12-09 08:36:54.011 W/audio_hw_generic( 1307): Hardware backing HAL too slow, could only write 0 of 661 frames
12-09 08:36:54.098 W/CursorWrapperInner(19628): Cursor finalized without prior close()
12-09 08:36:54.223 W/audio_hw_generic( 1307): Not supplying enough data to HAL, expected position 46595240 , only wrote 46595212
12-09 08:36:54.224 W/audio_hw_generic( 1307): Not supplying enough data to HAL, expected position 46595219 , only wrote 46595212
12-09 08:36:54.367 D/AudioFlinger( 1307): mixer(0xf4380000) throttle end: throttle time(3)
12-09 08:36:54.391 W/audio_hw_generic( 1307): Not supplying enough data to HAL, expected position 46602584 , only wrote 46602483
12-09 08:36:54.391 W/audio_hw_generic( 1307): Not supplying enough data to HAL, expected position 46602489 , only wrote 46602483
12-09 08:36:54.467 I/art     (19628): Background sticky concurrent mark sweep GC freed 28810(1348KB) AllocSpace objects, 0(0B) LOS objects, 21% free, 2MB/3MB, paused 1.254ms total 110.187ms
12-09 08:36:54.991 W/audio_hw_generic( 1307): Not supplying enough data to HAL, expected position 46628927 , only wrote 46628923
12-09 08:36:55.006 W/audio_hw_generic( 1307): Not supplying enough data to HAL, expected position 46629598 , only wrote 46629584
12-09 08:36:55.118 W/audio_hw_generic( 1307): Hardware backing HAL too slow, could only write 0 of 661 frames
12-09 08:36:55.491 I/System.out(19628): URI: //map
12-09 08:36:55.491 I/System.out(19628): params: {json={"query":"android.widget.EditText id:'price'","operation":{"method_name":"query","arguments":[]}}
12-09 08:36:55.491 I/System.out(19628): }
12-09 08:36:55.611 W/audio_hw_generic( 1307): Not supplying enough data to HAL, expected position 46656272 , only wrote 46654702
12-09 08:36:55.611 W/audio_hw_generic( 1307): Not supplying enough data to HAL, expected position 46654708 , only wrote 46654702
12-09 08:36:55.627 W/audio_hw_generic( 1307): Not supplying enough data to HAL, expected position 46655391 , only wrote 46655363
12-09 08:36:55.663 W/audio_hw_generic( 1307): Not supplying enough data to HAL, expected position 46656960 , only wrote 46656685
12-09 08:36:55.686 W/ResourceType(19628): No package identifier when getting name for resource number 0x00000001
12-09 08:36:55.768 W/audio_hw_generic( 1307): Hardware backing HAL too slow, could only write 0 of 661 frames
12-09 08:36:55.783 I/System.out(19628): URI: //gesture
12-09 08:36:55.783 I/System.out(19628): params: {json={"query_timeout":5.0,"gestures":[{"query_string":"android.widget.EditText id:'price'","touches":[{"x":50,"y":50,"offset_x":0,"offset_y":0,"wait":0.0,"time":0.2,"release":true,"query_string":null}]}]}
12-09 08:36:55.783 I/System.out(19628): }
12-09 08:36:55.945 W/ResourceType(19628): No package identifier when getting name for resource number 0x00000001
12-09 08:36:56.260 I/LatinIME( 1866): Starting input. Cursor position = 0,0
12-09 08:36:56.366 I/art     (19628): Background sticky concurrent mark sweep GC freed 32903(1509KB) AllocSpace objects, 0(0B) LOS objects, 17% free, 2MB/3MB, paused 2.716ms total 137.134ms
12-09 08:36:56.498 W/audio_hw_generic( 1307): Hardware backing HAL too slow, could only write 0 of 661 frames
12-09 08:36:56.547 W/audio_hw_generic( 1307): Hardware backing HAL too slow, could only write 0 of 661 frames
12-09 08:36:56.559 W/audio_hw_generic( 1307): Hardware backing HAL too slow, could only write 0 of 661 frames
12-09 08:36:56.576 W/audio_hw_generic( 1307): Hardware backing HAL too slow, could only write 0 of 661 frames
12-09 08:36:56.595 W/audio_hw_generic( 1307): Hardware backing HAL too slow, could only write 0 of 661 frames
12-09 08:36:56.616 W/audio_hw_generic( 1307): Hardware backing HAL too slow, could only write 0 of 661 frames
12-09 08:36:56.632 W/audio_hw_generic( 1307): Hardware backing HAL too slow, could only write 0 of 661 frames
12-09 08:36:56.632 D/EGL_emulation( 1866): eglMakeCurrent: 0x7fb3a9bda8e0: ver 2 0 (tinfo 0x7fb3a18fec80)
12-09 08:36:56.668 W/audio_hw_generic( 1307): Hardware backing HAL too slow, could only write 0 of 661 frames
12-09 08:36:56.668 W/audio_hw_generic( 1307): Not supplying enough data to HAL, expected position 46701013 , only wrote 46700972
12-09 08:36:56.668 W/audio_hw_generic( 1307): Not supplying enough data to HAL, expected position 46700977 , only wrote 46700972
12-09 08:36:56.803 W/audio_hw_generic( 1307): Hardware backing HAL too slow, could only write 0 of 661 frames
12-09 08:36:56.803 W/audio_hw_generic( 1307): Hardware backing HAL too slow, could only write 0 of 661 frames
12-09 08:36:56.817 I/System.out(19628): URI: //
12-09 08:36:56.817 I/System.out(19628): params: {json={"command":"set_selection","arguments":[-1,-1]}
12-09 08:36:56.818 I/System.out(19628): }
12-09 08:36:56.818 I/System.out(19628): header: {date=Sun, 09 Dec 2018 08:36:57 GMT, accept=*/*, content-length=47, host=127.0.0.1:34777, user-agent=HTTPClient/1.0 (2.8.3, ruby 2.3.1 (2016-04-26)), content-type=application/json;charset=utf-8}
12-09 08:36:56.818 I/System.out(19628): params: {json={"command":"set_selection","arguments":[-1,-1]}
12-09 08:36:56.818 I/System.out(19628): }
12-09 08:36:56.818 I/System.out(19628): ProP json = {"command":"set_selection","arguments":[-1,-1]}
12-09 08:36:56.818 I/System.out(19628): files: {}
12-09 08:36:56.818 I/System.out(19628): command: {"command":"set_selection","arguments":[-1,-1]}
12-09 08:36:56.818 W/audio_hw_generic( 1307): Not supplying enough data to HAL, expected position 46707586 , only wrote 46707582
12-09 08:36:56.819 W/audio_hw_generic( 1307): Hardware backing HAL too slow, could only write 0 of 661 frames
12-09 08:36:56.835 W/audio_hw_generic( 1307): Hardware backing HAL too slow, could only write 0 of 661 frames
12-09 08:36:56.845 I/InstrumentationBackend(19628): Got command:'Command:'Line:null,set_selection', arguments:'[-1, -1]'
12-09 08:36:56.856 W/audio_hw_generic( 1307): Hardware backing HAL too slow, could only write 0 of 661 frames
12-09 08:36:56.865 W/audio_hw_generic( 1307): Hardware backing HAL too slow, could only write 0 of 661 frames
12-09 08:36:56.883 W/audio_hw_generic( 1307): Hardware backing HAL too slow, could only write 0 of 661 frames
12-09 08:36:56.895 W/audio_hw_generic( 1307): Hardware backing HAL too slow, could only write 0 of 661 frames
12-09 08:36:56.896 I/System.out(19628): result:{"bonusInformation":[],"message":"","success":true}
12-09 08:36:57.063 W/audio_hw_generic( 1307): Hardware backing HAL too slow, could only write 0 of 661 frames
12-09 08:36:57.079 W/audio_hw_generic( 1307): Hardware backing HAL too slow, could only write 0 of 661 frames
12-09 08:36:57.095 W/audio_hw_generic( 1307): Hardware backing HAL too slow, could only write 0 of 661 frames
12-09 08:36:57.111 W/audio_hw_generic( 1307): Hardware backing HAL too slow, could only write 0 of 661 frames
12-09 08:36:57.147 W/audio_hw_generic( 1307): Hardware backing HAL too slow, could only write 0 of 661 frames
12-09 08:36:57.155 W/audio_hw_generic( 1307): Hardware backing HAL too slow, could only write 0 of 661 frames
12-09 08:36:57.156 I/System.out(19628): URI: //
12-09 08:36:57.156 I/System.out(19628): params: {json={"command":"keyboard_enter_text","arguments":["54"]}
12-09 08:36:57.156 I/System.out(19628): }
12-09 08:36:57.156 I/System.out(19628): header: {date=Sun, 09 Dec 2018 08:36:57 GMT, accept=*/*, content-length=52, host=127.0.0.1:34777, user-agent=HTTPClient/1.0 (2.8.3, ruby 2.3.1 (2016-04-26)), content-type=application/json;charset=utf-8}
12-09 08:36:57.156 I/System.out(19628): params: {json={"command":"keyboard_enter_text","arguments":["54"]}
12-09 08:36:57.156 I/System.out(19628): }
12-09 08:36:57.156 I/System.out(19628): ProP json = {"command":"keyboard_enter_text","arguments":["54"]}
12-09 08:36:57.156 I/System.out(19628): files: {}
12-09 08:36:57.156 I/System.out(19628): command: {"command":"keyboard_enter_text","arguments":["54"]}
12-09 08:36:57.157 I/InstrumentationBackend(19628): Got command:'Command:'Line:null,keyboard_enter_text', arguments:'[54]'
12-09 08:36:57.158 E/SpannableStringBuilder(19628): SPAN_EXCLUSIVE_EXCLUSIVE spans cannot have a zero length
12-09 08:36:57.158 E/SpannableStringBuilder(19628): SPAN_EXCLUSIVE_EXCLUSIVE spans cannot have a zero length
12-09 08:36:57.171 W/audio_hw_generic( 1307): Hardware backing HAL too slow, could only write 0 of 661 frames
12-09 08:36:57.174 I/art     ( 1866): Background sticky concurrent mark sweep GC freed 2552(271KB) AllocSpace objects, 1(20KB) LOS objects, 17% free, 2MB/2MB, paused 33.615ms total 72.367ms
12-09 08:36:57.290 E/SpannableStringBuilder(19628): SPAN_EXCLUSIVE_EXCLUSIVE spans cannot have a zero length
12-09 08:36:57.290 E/SpannableStringBuilder(19628): SPAN_EXCLUSIVE_EXCLUSIVE spans cannot have a zero length
12-09 08:36:57.350 I/System.out(19628): result:{"bonusInformation":[],"message":"","success":true}
12-09 08:36:57.435 W/audio_hw_generic( 1307): Not supplying enough data to HAL, expected position 46761162 , only wrote 46734683
12-09 08:36:57.491 I/System.out(19628): URI: //map
12-09 08:36:57.491 I/System.out(19628): params: {json={"query":"android.widget.EditText id:'volume'","operation":{"method_name":"query","arguments":[]}}
12-09 08:36:57.491 I/System.out(19628): }
12-09 08:36:57.523 W/ResourceType(19628): No package identifier when getting name for resource number 0x00000001
12-09 08:36:57.629 I/art     (19628): Background sticky concurrent mark sweep GC freed 41768(1779KB) AllocSpace objects, 2(40KB) LOS objects, 2% free, 3MB/3MB, paused 15.559ms total 134.267ms
12-09 08:36:57.791 I/art     (19628): Background sticky concurrent mark sweep GC freed 2856(244KB) AllocSpace objects, 1(20KB) LOS objects, 9% free, 3MB/3MB, paused 6.917ms total 89.119ms
12-09 08:36:57.823 I/System.out(19628): URI: //gesture
12-09 08:36:57.823 I/System.out(19628): params: {json={"query_timeout":5.0,"gestures":[{"query_string":"android.widget.EditText id:'volume'","touches":[{"x":50,"y":50,"offset_x":0,"offset_y":0,"wait":0.0,"time":0.2,"release":true,"query_string":null}]}]}
12-09 08:36:57.823 I/System.out(19628): }
12-09 08:36:57.996 W/ResourceType(19628): No package identifier when getting name for resource number 0x00000001
12-09 08:36:58.511 I/LatinIME( 1866): Starting input. Cursor position = 0,0
12-09 08:36:59.147 I/System.out(19628): URI: //
12-09 08:36:59.147 I/System.out(19628): params: {json={"command":"set_selection","arguments":[-1,-1]}
12-09 08:36:59.147 I/System.out(19628): }
12-09 08:36:59.147 I/System.out(19628): header: {date=Sun, 09 Dec 2018 08:36:59 GMT, accept=*/*, content-length=47, host=127.0.0.1:34777, user-agent=HTTPClient/1.0 (2.8.3, ruby 2.3.1 (2016-04-26)), content-type=application/json;charset=utf-8}
12-09 08:36:59.147 I/System.out(19628): params: {json={"command":"set_selection","arguments":[-1,-1]}
12-09 08:36:59.147 I/System.out(19628): }
12-09 08:36:59.147 I/System.out(19628): ProP json = {"command":"set_selection","arguments":[-1,-1]}
12-09 08:36:59.147 I/System.out(19628): files: {}
12-09 08:36:59.147 I/System.out(19628): command: {"command":"set_selection","arguments":[-1,-1]}
12-09 08:36:59.148 I/InstrumentationBackend(19628): Got command:'Command:'Line:null,set_selection', arguments:'[-1, -1]'
12-09 08:36:59.155 I/System.out(19628): result:{"bonusInformation":[],"message":"","success":true}
12-09 08:36:59.295 I/System.out(19628): URI: //
12-09 08:36:59.295 I/System.out(19628): params: {json={"command":"keyboard_enter_text","arguments":["100"]}
12-09 08:36:59.295 I/System.out(19628): }
12-09 08:36:59.295 I/System.out(19628): header: {date=Sun, 09 Dec 2018 08:37:00 GMT, accept=*/*, content-length=53, host=127.0.0.1:34777, user-agent=HTTPClient/1.0 (2.8.3, ruby 2.3.1 (2016-04-26)), content-type=application/json;charset=utf-8}
12-09 08:36:59.295 I/System.out(19628): params: {json={"command":"keyboard_enter_text","arguments":["100"]}
12-09 08:36:59.295 I/System.out(19628): }
12-09 08:36:59.295 I/System.out(19628): ProP json = {"command":"keyboard_enter_text","arguments":["100"]}
12-09 08:36:59.295 I/System.out(19628): files: {}
12-09 08:36:59.295 I/System.out(19628): command: {"command":"keyboard_enter_text","arguments":["100"]}
12-09 08:36:59.296 I/InstrumentationBackend(19628): Got command:'Command:'Line:null,keyboard_enter_text', arguments:'[100]'
12-09 08:36:59.297 E/SpannableStringBuilder(19628): SPAN_EXCLUSIVE_EXCLUSIVE spans cannot have a zero length
12-09 08:36:59.297 E/SpannableStringBuilder(19628): SPAN_EXCLUSIVE_EXCLUSIVE spans cannot have a zero length
12-09 08:36:59.299 E/SpannableStringBuilder(19628): SPAN_EXCLUSIVE_EXCLUSIVE spans cannot have a zero length
12-09 08:36:59.299 E/SpannableStringBuilder(19628): SPAN_EXCLUSIVE_EXCLUSIVE spans cannot have a zero length
12-09 08:36:59.339 I/System.out(19628): result:{"bonusInformation":[],"message":"","success":true}
12-09 08:36:59.495 I/art     (19628): Background sticky concurrent mark sweep GC freed 26951(1220KB) AllocSpace objects, 6(120KB) LOS objects, 36% free, 2MB/4MB, paused 940us total 168.111ms
12-09 08:36:59.524 I/System.out(19628): URI: //map
12-09 08:36:59.524 I/System.out(19628): params: {json={"query":"android.widget.EditText id:'odometer'","operation":{"method_name":"query","arguments":[]}}
12-09 08:36:59.524 I/System.out(19628): }
12-09 08:36:59.589 W/ResourceType(19628): No package identifier when getting name for resource number 0x00000001
12-09 08:36:59.760 I/art     (19628): Background partial concurrent mark sweep GC freed 46527(2MB) AllocSpace objects, 4(80KB) LOS objects, 39% free, 2MB/4MB, paused 5.119ms total 90.967ms
12-09 08:36:59.935 I/System.out(19628): URI: //gesture
12-09 08:36:59.935 I/System.out(19628): params: {json={"query_timeout":5.0,"gestures":[{"query_string":"android.widget.EditText id:'odometer'","touches":[{"x":50,"y":50,"offset_x":0,"offset_y":0,"wait":0.0,"time":0.2,"release":true,"query_string":null}]}]}
12-09 08:36:59.935 I/System.out(19628): }
12-09 08:36:59.976 W/ResourceType(19628): No package identifier when getting name for resource number 0x00000001
12-09 08:37:00.305 I/art     (19628): Background sticky concurrent mark sweep GC freed 37670(1586KB) AllocSpace objects, 2(40KB) LOS objects, 25% free, 2MB/4MB, paused 13.659ms total 61.193ms
12-09 08:37:00.312 I/LatinIME( 1866): Starting input. Cursor position = 0,0
12-09 08:37:00.847 I/System.out(19628): URI: //
12-09 08:37:00.847 I/System.out(19628): params: {json={"command":"set_selection","arguments":[-1,-1]}
12-09 08:37:00.847 I/System.out(19628): }
12-09 08:37:00.847 I/System.out(19628): header: {date=Sun, 09 Dec 2018 08:37:01 GMT, accept=*/*, content-length=47, host=127.0.0.1:34777, user-agent=HTTPClient/1.0 (2.8.3, ruby 2.3.1 (2016-04-26)), content-type=application/json;charset=utf-8}
12-09 08:37:00.847 I/System.out(19628): params: {json={"command":"set_selection","arguments":[-1,-1]}
12-09 08:37:00.847 I/System.out(19628): }
12-09 08:37:00.848 I/System.out(19628): ProP json = {"command":"set_selection","arguments":[-1,-1]}
12-09 08:37:00.848 I/System.out(19628): files: {}
12-09 08:37:00.848 I/System.out(19628): command: {"command":"set_selection","arguments":[-1,-1]}
12-09 08:37:00.849 I/InstrumentationBackend(19628): Got command:'Command:'Line:null,set_selection', arguments:'[-1, -1]'
12-09 08:37:00.866 I/System.out(19628): result:{"bonusInformation":[],"message":"","success":true}
12-09 08:37:01.040 I/System.out(19628): URI: //
12-09 08:37:01.040 I/System.out(19628): params: {json={"command":"keyboard_enter_text","arguments":["14"]}
12-09 08:37:01.040 I/System.out(19628): }
12-09 08:37:01.040 I/System.out(19628): header: {date=Sun, 09 Dec 2018 08:37:01 GMT, accept=*/*, content-length=52, host=127.0.0.1:34777, user-agent=HTTPClient/1.0 (2.8.3, ruby 2.3.1 (2016-04-26)), content-type=application/json;charset=utf-8}
12-09 08:37:01.040 I/System.out(19628): params: {json={"command":"keyboard_enter_text","arguments":["14"]}
12-09 08:37:01.040 I/System.out(19628): }
12-09 08:37:01.040 I/System.out(19628): ProP json = {"command":"keyboard_enter_text","arguments":["14"]}
12-09 08:37:01.040 I/System.out(19628): files: {}
12-09 08:37:01.040 I/System.out(19628): command: {"command":"keyboard_enter_text","arguments":["14"]}
12-09 08:37:01.041 I/InstrumentationBackend(19628): Got command:'Command:'Line:null,keyboard_enter_text', arguments:'[14]'
12-09 08:37:01.042 E/SpannableStringBuilder(19628): SPAN_EXCLUSIVE_EXCLUSIVE spans cannot have a zero length
12-09 08:37:01.042 E/SpannableStringBuilder(19628): SPAN_EXCLUSIVE_EXCLUSIVE spans cannot have a zero length
12-09 08:37:01.047 E/SpannableStringBuilder(19628): SPAN_EXCLUSIVE_EXCLUSIVE spans cannot have a zero length
12-09 08:37:01.047 E/SpannableStringBuilder(19628): SPAN_EXCLUSIVE_EXCLUSIVE spans cannot have a zero length
12-09 08:37:01.060 I/System.out(19628): result:{"bonusInformation":[],"message":"","success":true}
12-09 08:37:02.179 I/System.out(19628): URI: //map
12-09 08:37:02.179 I/System.out(19628): params: {json={"query":"android.widget.Button index:2","operation":{"method_name":"query","arguments":[]}}
12-09 08:37:02.179 I/System.out(19628): }
12-09 08:37:02.275 W/art     (19628): Suspending all threads took: 35.008ms
12-09 08:37:02.326 I/art     (19628): Background sticky concurrent mark sweep GC freed 41695(1744KB) AllocSpace objects, 1(20KB) LOS objects, 22% free, 3MB/4MB, paused 36.897ms total 95.835ms
12-09 08:37:02.417 I/System.out(19628): URI: //gesture
12-09 08:37:02.417 I/System.out(19628): params: {json={"query_timeout":5.0,"gestures":[{"query_string":"android.widget.Button index:2","touches":[{"x":50,"y":50,"offset_x":0,"offset_y":0,"wait":0.0,"time":0.2,"release":true,"query_string":null}]}]}
12-09 08:37:02.417 I/System.out(19628): }
12-09 08:37:02.792 D/AudioFlinger( 1307): mixer(0xf4380000) throttle end: throttle time(11)
12-09 08:37:02.816 W/audio_hw_generic( 1307): Hardware backing HAL too slow, could only write 0 of 661 frames
12-09 08:37:02.821 I/art     (19628): Background sticky concurrent mark sweep GC freed 30573(1339KB) AllocSpace objects, 2(40KB) LOS objects, 13% free, 3MB/4MB, paused 7.550ms total 77.992ms
12-09 08:37:02.831 W/audio_hw_generic( 1307): Hardware backing HAL too slow, could only write 0 of 661 frames
12-09 08:37:02.847 W/audio_hw_generic( 1307): Hardware backing HAL too slow, could only write 0 of 661 frames
12-09 08:37:03.021 I/art     (19628): Background sticky concurrent mark sweep GC freed 22998(1043KB) AllocSpace objects, 0(0B) LOS objects, 19% free, 3MB/4MB, paused 15.384ms total 135.545ms
12-09 08:37:03.126 I/LatinIME( 1866): Starting input. Cursor position = -1,-1
12-09 08:37:03.207 W/audio_hw_generic( 1307): Not supplying enough data to HAL, expected position 46753940 , only wrote 46753852
12-09 08:37:03.208 W/audio_hw_generic( 1307): Not supplying enough data to HAL, expected position 46753862 , only wrote 46753852
12-09 08:37:03.223 W/audio_hw_generic( 1307): Not supplying enough data to HAL, expected position 46754538 , only wrote 46754513
12-09 08:37:03.301 D/Mileage.ABS(19628): Finished backup
12-09 08:37:03.337 D/Mileage.ABS(19628): Not backing up; 80
12-09 08:37:03.338 D/Mileage.ABS(19628): Not backing up; 81
12-09 08:37:03.338 D/Mileage.ABS(19628): Not backing up; 81
12-09 08:37:03.456 W/audio_hw_generic( 1307): Not supplying enough data to HAL, expected position 46764797 , only wrote 46763767
12-09 08:37:03.456 W/audio_hw_generic( 1307): Not supplying enough data to HAL, expected position 46763774 , only wrote 46763767
12-09 08:37:03.476 W/audio_hw_generic( 1307): Not supplying enough data to HAL, expected position 46764610 , only wrote 46764428
12-09 08:37:03.526 E/SurfaceFlinger( 1218): ro.sf.lcd_density must be defined as a build property
12-09 08:37:03.535 D/gralloc_ranchu( 1218): gralloc_alloc: Creating ashmem region of size 3686400
12-09 08:37:03.575 W/audio_hw_generic( 1307): Not supplying enough data to HAL, expected position 46768818 , only wrote 46768394
12-09 08:37:03.575 W/audio_hw_generic( 1307): Not supplying enough data to HAL, expected position 46768401 , only wrote 46768394
12-09 08:37:03.590 W/audio_hw_generic( 1307): Not supplying enough data to HAL, expected position 46769062 , only wrote 46769055
12-09 08:37:03.625 D/        (19718): HostConnection::get() New Host Connection established 0x7f2903e12480, tid 19718
12-09 08:37:03.684 W/audio_hw_generic( 1307): Not supplying enough data to HAL, expected position 46773170 , only wrote 46773021
12-09 08:37:03.688 E/EGL_emulation( 1218): tid 1218: eglCreateSyncKHR(1881): error 0x3004 (EGL_BAD_ATTRIBUTE)
12-09 08:37:03.977 W/audio_hw_generic( 1307): Not supplying enough data to HAL, expected position 46785971 , only wrote 46784919
12-09 08:37:03.978 W/audio_hw_generic( 1307): Not supplying enough data to HAL, expected position 46784926 , only wrote 46784919
12-09 08:37:04.007 W/audio_hw_generic( 1307): Not supplying enough data to HAL, expected position 46786226 , only wrote 46785580
12-09 08:37:04.039 W/audio_hw_generic( 1307): Hardware backing HAL too slow, could only write 0 of 661 frames
12-09 08:37:04.052 W/RichInputConnection( 1866): Slow InputConnection: GET_TEXT_BEFORE_CURSOR took 425 ms.
12-09 08:37:04.054 W/audio_hw_generic( 1307): Hardware backing HAL too slow, could only write 0 of 661 frames
12-09 08:37:04.074 W/audio_hw_generic( 1307): Hardware backing HAL too slow, could only write 0 of 661 frames
12-09 08:37:04.208 I/InputAttributes( 1866): InputType.TYPE_NULL is specified
12-09 08:37:04.283 I/Choreographer( 1866): Skipped 69 frames!  The application may be doing too much work on its main thread.
12-09 08:37:04.352 W/audio_hw_generic( 1307): Hardware backing HAL too slow, could only write 0 of 661 frames
12-09 08:37:04.367 W/audio_hw_generic( 1307): Hardware backing HAL too slow, could only write 0 of 661 frames
12-09 08:37:04.368 D/EGL_emulation( 1866): eglMakeCurrent: 0x7fb3a9bda8e0: ver 2 0 (tinfo 0x7fb3a18fec80)
12-09 08:37:04.391 E/Surface ( 1866): getSlotFromBufferLocked: unknown buffer: 0x7fb3a05230e0
12-09 08:37:04.419 W/audio_hw_generic( 1307): Hardware backing HAL too slow, could only write 0 of 661 frames
12-09 08:37:04.419 W/audio_hw_generic( 1307): Not supplying enough data to HAL, expected position 46803742 , only wrote 46803427
12-09 08:37:04.419 W/audio_hw_generic( 1307): Not supplying enough data to HAL, expected position 46803435 , only wrote 46803427
12-09 08:37:04.419 W/audio_hw_generic( 1307): Hardware backing HAL too slow, could only write 0 of 661 frames
12-09 08:37:04.438 W/audio_hw_generic( 1307): Not supplying enough data to HAL, expected position 46804255 , only wrote 46804088
12-09 08:37:04.438 W/audio_hw_generic( 1307): Hardware backing HAL too slow, could only write 0 of 661 frames
12-09 08:37:04.438 W/audio_hw_generic( 1307): Hardware backing HAL too slow, could only write 0 of 661 frames
12-09 08:37:04.454 W/audio_hw_generic( 1307): Hardware backing HAL too slow, could only write 0 of 661 frames
12-09 08:37:04.491 W/audio_hw_generic( 1307): Hardware backing HAL too slow, could only write 0 of 661 frames
12-09 08:37:04.572 W/audio_hw_generic( 1307): Not supplying enough data to HAL, expected position 46809990 , only wrote 46809376
12-09 08:37:04.572 W/audio_hw_generic( 1307): Not supplying enough data to HAL, expected position 46809382 , only wrote 46809376
12-09 08:37:04.572 W/audio_hw_generic( 1307): Hardware backing HAL too slow, could only write 0 of 661 frames
12-09 08:37:04.591 W/audio_hw_generic( 1307): Not supplying enough data to HAL, expected position 46810189 , only wrote 46810037
12-09 08:37:04.591 W/audio_hw_generic( 1307): Hardware backing HAL too slow, could only write 0 of 661 frames
12-09 08:37:04.591 W/audio_hw_generic( 1307): Hardware backing HAL too slow, could only write 0 of 661 frames
12-09 08:37:04.666 W/audio_hw_generic( 1307): Hardware backing HAL too slow, could only write 0 of 661 frames
12-09 08:37:04.681 W/audio_hw_generic( 1307): Hardware backing HAL too slow, could only write 0 of 661 frames
12-09 08:37:04.865 W/audio_hw_generic( 1307): Hardware backing HAL too slow, could only write 0 of 661 frames
12-09 08:37:04.866 W/audio_hw_generic( 1307): Not supplying enough data to HAL, expected position 46822164 , only wrote 46815986
12-09 08:37:04.866 W/audio_hw_generic( 1307): Not supplying enough data to HAL, expected position 46815991 , only wrote 46815986
12-09 08:37:04.937 I/System.out(19628): URI: //map
12-09 08:37:04.937 I/System.out(19628): params: {json={"query":"android.widget.ListView index:0 android.widget.TextView index:0","operation":{"method_name":"query","arguments":[]}}
12-09 08:37:04.937 I/System.out(19628): }
12-09 08:37:04.947 W/audio_hw_generic( 1307): Not supplying enough data to HAL, expected position 46819558 , only wrote 46816647
12-09 08:37:04.980 W/audio_hw_generic( 1307): Hardware backing HAL too slow, could only write 0 of 661 frames
12-09 08:37:05.039 W/audio_hw_generic( 1307): Not supplying enough data to HAL, expected position 46820718 , only wrote 46819952
12-09 08:37:05.039 W/audio_hw_generic( 1307): Not supplying enough data to HAL, expected position 46819959 , only wrote 46819952
12-09 08:37:05.041 I/art     (19628): Background partial concurrent mark sweep GC freed 21590(1374KB) AllocSpace objects, 8(160KB) LOS objects, 39% free, 2MB/4MB, paused 6.849ms total 32.283ms
12-09 08:37:05.063 W/audio_hw_generic( 1307): Not supplying enough data to HAL, expected position 46820990 , only wrote 46820613
12-09 08:37:05.083 W/art     ( 1591): Long monitor contention event with owner method=void com.android.server.wm.WindowAnimator$1.doFrame(long) from WindowAnimator.java:121 waiters=0 for 179ms
12-09 08:37:05.311 W/audio_hw_generic( 1307): Not supplying enough data to HAL, expected position 46831569 , only wrote 46831189
12-09 08:37:05.697 I/System.out(19628): URI: //gesture
12-09 08:37:05.702 I/System.out(19628): params: {json={"query_timeout":5.0,"gestures":[{"query_string":"android.widget.ListView index:0 android.widget.TextView index:0","touches":[{"x":50,"y":50,"offset_x":0,"offset_y":0,"wait":0.0,"time":0.2,"release":true,"query_string":null}]}]}
12-09 08:37:05.702 I/System.out(19628): }
12-09 08:37:05.743 W/AudioFlinger( 1307): write blocked for 418 msecs, 7 delayed writes, thread 0xf4380000
12-09 08:37:05.804 W/audio_hw_generic( 1307): Not supplying enough data to HAL, expected position 46852899 , only wrote 46850358
12-09 08:37:05.809 W/audio_hw_generic( 1307): Not supplying enough data to HAL, expected position 46850616 , only wrote 46850358
12-09 08:37:05.903 W/audio_hw_generic( 1307): Not supplying enough data to HAL, expected position 46857328 , only wrote 46854324
12-09 08:37:06.318 I/ActivityManager( 1591): START u0 {cmp=com.evancharlton.mileage/.FillupInfoActivity (has extras)} from uid 10141 on display 0
12-09 08:37:06.330 I/art     (19628): Background sticky concurrent mark sweep GC freed 53575(2MB) AllocSpace objects, 2(40KB) LOS objects, 24% free, 3MB/4MB, paused 19.384ms total 109.285ms
12-09 08:37:06.403 W/audio_hw_generic( 1307): Hardware backing HAL too slow, could only write 0 of 661 frames
12-09 08:37:06.405 D/AudioFlinger( 1307): mixer(0xf4380000) throttle end: throttle time(11)
12-09 08:37:06.424 W/audio_hw_generic( 1307): Hardware backing HAL too slow, could only write 0 of 661 frames
12-09 08:37:06.447 W/audio_hw_generic( 1307): Hardware backing HAL too slow, could only write 0 of 661 frames
12-09 08:37:06.448 W/audio_hw_generic( 1307): Hardware backing HAL too slow, could only write 0 of 661 frames
12-09 08:37:06.467 W/audio_hw_generic( 1307): Hardware backing HAL too slow, could only write 0 of 661 frames
12-09 08:37:06.487 W/audio_hw_generic( 1307): Hardware backing HAL too slow, could only write 0 of 661 frames
12-09 08:37:06.591 I/calabash(19628): newActivity1
12-09 08:37:06.831 V/PhoneStatusBar( 1689): setLightsOn(true)
12-09 08:37:06.886 D/gralloc_ranchu( 1218): gralloc_alloc: Creating ashmem region of size 3686400
12-09 08:37:06.963 E/SurfaceFlinger( 1218): ro.sf.lcd_density must be defined as a build property
12-09 08:37:06.973 W/audio_hw_generic( 1307): Not supplying enough data to HAL, expected position 46881590 , only wrote 46881425
12-09 08:37:07.003 D/gralloc_ranchu( 1218): gralloc_alloc: Creating ashmem region of size 3686400
12-09 08:37:07.020 W/audio_hw_generic( 1307): Hardware backing HAL too slow, could only write 0 of 661 frames
12-09 08:37:07.093 D/        (19724): HostConnection::get() New Host Connection established 0x7f5f25292480, tid 19724
12-09 08:37:07.118 E/EGL_emulation( 1218): tid 1218: eglCreateSyncKHR(1881): error 0x3004 (EGL_BAD_ATTRIBUTE)
12-09 08:37:07.137 W/art     ( 1591): Long monitor contention event with owner method=void com.android.server.wm.WindowAnimator$1.doFrame(long) from WindowAnimator.java:121 waiters=0 for 106ms
12-09 08:37:07.252 W/audio_hw_generic( 1307): Not supplying enough data to HAL, expected position 46893710 , only wrote 46892662
12-09 08:37:07.252 W/audio_hw_generic( 1307): Not supplying enough data to HAL, expected position 46892668 , only wrote 46892662
12-09 08:37:07.271 W/audio_hw_generic( 1307): Not supplying enough data to HAL, expected position 46893496 , only wrote 46893323
12-09 08:37:07.440 W/art     ( 1591): Long monitor contention event with owner method=void com.android.server.wm.WindowAnimator$1.doFrame(long) from WindowAnimator.java:121 waiters=0 for 152ms
12-09 08:37:07.592 W/audio_hw_generic( 1307): Not supplying enough data to HAL, expected position 46907476 , only wrote 46907204
12-09 08:37:07.592 W/audio_hw_generic( 1307): Not supplying enough data to HAL, expected position 46907210 , only wrote 46907204
12-09 08:37:07.611 W/audio_hw_generic( 1307): Not supplying enough data to HAL, expected position 46908033 , only wrote 46907865
12-09 08:37:07.626 W/audio_hw_generic( 1307): Hardware backing HAL too slow, could only write 0 of 661 frames
12-09 08:37:07.695 D/gralloc_ranchu( 1218): gralloc_alloc: Creating ashmem region of size 3686400
12-09 08:37:07.731 W/audio_hw_generic( 1307): Not supplying enough data to HAL, expected position 46913158 , only wrote 46913153
12-09 08:37:07.851 W/art     ( 1591): Long monitor contention event with owner method=void com.android.server.wm.WindowAnimator$1.doFrame(long) from WindowAnimator.java:121 waiters=0 for 162ms
12-09 08:37:07.857 I/ActivityManager( 1591): Displayed com.evancharlton.mileage/.FillupInfoActivity: +1s281ms
12-09 08:37:07.963 W/audio_hw_generic( 1307): Not supplying enough data to HAL, expected position 46923399 , only wrote 46922407
12-09 08:37:07.964 W/audio_hw_generic( 1307): Not supplying enough data to HAL, expected position 46922416 , only wrote 46922407
12-09 08:37:08.004 W/audio_hw_generic( 1307): Not supplying enough data to HAL, expected position 46924183 , only wrote 46923068
12-09 08:37:08.131 W/audio_hw_generic( 1307): Not supplying enough data to HAL, expected position 46928682 , only wrote 46926373
12-09 08:37:08.208 W/art     ( 1591): Long monitor contention event with owner method=void com.android.server.wm.WindowAnimator$1.doFrame(long) from WindowAnimator.java:121 waiters=0 for 243ms
12-09 08:37:08.257 I/System.out(19628): URI: //map
12-09 08:37:08.257 I/System.out(19628): params: {json={"query":"android.widget.Button index:1","operation":{"method_name":"query","arguments":[]}}
12-09 08:37:08.258 I/System.out(19628): }
12-09 08:37:08.292 W/art     ( 1866): Suspending all threads took: 9.361ms
12-09 08:37:08.592 D/gralloc_ranchu( 1218): gralloc_alloc: Creating ashmem region of size 3686400
12-09 08:37:08.731 W/audio_hw_generic( 1307): Not supplying enough data to HAL, expected position 46952846 , only wrote 46952813
12-09 08:37:08.733 W/art     (19628): Suspending all threads took: 7.210ms
12-09 08:37:08.771 I/art     (19628): Background sticky concurrent mark sweep GC freed 45898(2044KB) AllocSpace objects, 1(20KB) LOS objects, 23% free, 3MB/4MB, paused 9.069ms total 167.005ms
12-09 08:37:08.869 W/audio_hw_generic( 1307): Not supplying enough data to HAL, expected position 46958894 , only wrote 46958101
12-09 08:37:08.875 W/audio_hw_generic( 1307): Not supplying enough data to HAL, expected position 46958331 , only wrote 46958101
12-09 08:37:08.890 W/audio_hw_generic( 1307): Not supplying enough data to HAL, expected position 46958801 , only wrote 46958762
12-09 08:37:08.891 W/audio_hw_generic( 1307): Hardware backing HAL too slow, could only write 0 of 661 frames
12-09 08:37:08.907 W/audio_hw_generic( 1307): Hardware backing HAL too slow, could only write 0 of 661 frames
12-09 08:37:08.923 W/audio_hw_generic( 1307): Hardware backing HAL too slow, could only write 0 of 661 frames
12-09 08:37:08.926 I/System.out(19628): URI: //gesture
12-09 08:37:08.926 I/System.out(19628): params: {json={"query_timeout":5.0,"gestures":[{"query_string":"android.widget.Button index:1","touches":[{"x":50,"y":50,"offset_x":0,"offset_y":0,"wait":0.0,"time":0.2,"release":true,"query_string":null}]}]}
12-09 08:37:08.926 I/System.out(19628): }
12-09 08:37:08.952 W/audio_hw_generic( 1307): Hardware backing HAL too slow, could only write 0 of 661 frames
12-09 08:37:09.277 I/ActivityManager( 1591): START u0 {cmp=com.evancharlton.mileage/.FillupInfoActivity (has extras)} from uid 10141 on display 0
12-09 08:37:09.557 I/calabash(19628): newActivity1
12-09 08:37:09.617 W/audio_hw_generic( 1307): Not supplying enough data to HAL, expected position 46990819 , only wrote 46990490
12-09 08:37:09.618 W/audio_hw_generic( 1307): Not supplying enough data to HAL, expected position 46990496 , only wrote 46990490
12-09 08:37:09.633 W/audio_hw_generic( 1307): Hardware backing HAL too slow, could only write 0 of 661 frames
12-09 08:37:09.667 W/audio_hw_generic( 1307): Not supplying enough data to HAL, expected position 46992670 , only wrote 46992473
12-09 08:37:09.667 W/audio_hw_generic( 1307): Hardware backing HAL too slow, could only write 0 of 661 frames
12-09 08:37:09.760 V/PhoneStatusBar( 1689): setLightsOn(true)
12-09 08:37:09.789 D/gralloc_ranchu( 1218): gralloc_alloc: Creating ashmem region of size 3686400
12-09 08:37:09.898 E/SurfaceFlinger( 1218): ro.sf.lcd_density must be defined as a build property
12-09 08:37:09.905 W/audio_hw_generic( 1307): Not supplying enough data to HAL, expected position 47002956 , only wrote 47002388
12-09 08:37:09.951 W/audio_hw_generic( 1307): Hardware backing HAL too slow, could only write 0 of 661 frames
12-09 08:37:09.971 W/audio_hw_generic( 1307): Hardware backing HAL too slow, could only write 0 of 661 frames
12-09 08:37:09.984 D/gralloc_ranchu( 1218): gralloc_alloc: Creating ashmem region of size 3686400
12-09 08:37:09.990 W/audio_hw_generic( 1307): Hardware backing HAL too slow, could only write 0 of 661 frames
12-09 08:37:10.023 W/audio_hw_generic( 1307): Hardware backing HAL too slow, could only write 0 of 661 frames
12-09 08:37:10.033 W/audio_hw_generic( 1307): Hardware backing HAL too slow, could only write 0 of 661 frames
12-09 08:37:10.063 W/audio_hw_generic( 1307): Hardware backing HAL too slow, could only write 0 of 661 frames
12-09 08:37:10.063 W/audio_hw_generic( 1307): Hardware backing HAL too slow, could only write 0 of 661 frames
12-09 08:37:10.080 D/        (19730): HostConnection::get() New Host Connection established 0x7f8b73b12480, tid 19730
12-09 08:37:10.119 E/EGL_emulation( 1218): tid 1218: eglCreateSyncKHR(1881): error 0x3004 (EGL_BAD_ATTRIBUTE)
12-09 08:37:10.241 W/audio_hw_generic( 1307): Not supplying enough data to HAL, expected position 47017202 , only wrote 47016930
12-09 08:37:10.241 W/audio_hw_generic( 1307): Hardware backing HAL too slow, could only write 0 of 661 frames
12-09 08:37:10.284 D/gralloc_ranchu( 1218): gralloc_alloc: Creating ashmem region of size 3686400
12-09 08:37:10.511 W/audio_hw_generic( 1307): Not supplying enough data to HAL, expected position 47028841 , only wrote 47028828
12-09 08:37:10.511 W/audio_hw_generic( 1307): Not supplying enough data to HAL, expected position 47028837 , only wrote 47028828
12-09 08:37:10.520 I/ActivityManager( 1591): Displayed com.evancharlton.mileage/.FillupInfoActivity: +1s168ms
12-09 08:37:10.527 W/audio_hw_generic( 1307): Not supplying enough data to HAL, expected position 47029516 , only wrote 47029489
12-09 08:37:10.911 W/audio_hw_generic( 1307): Not supplying enough data to HAL, expected position 47046431 , only wrote 47042709
12-09 08:37:10.911 W/audio_hw_generic( 1307): Not supplying enough data to HAL, expected position 47042715 , only wrote 47042709
12-09 08:37:10.927 W/audio_hw_generic( 1307): Not supplying enough data to HAL, expected position 47043429 , only wrote 47043370
12-09 08:37:10.927 W/audio_hw_generic( 1307): Hardware backing HAL too slow, could only write 0 of 661 frames
12-09 08:37:10.943 W/audio_hw_generic( 1307): Hardware backing HAL too slow, could only write 0 of 661 frames
12-09 08:37:10.963 W/audio_hw_generic( 1307): Hardware backing HAL too slow, could only write 0 of 661 frames
12-09 08:37:10.979 W/art     ( 1591): Long monitor contention event with owner method=void com.android.server.wm.WindowAnimator$1.doFrame(long) from WindowAnimator.java:121 waiters=0 for 241ms
12-09 08:37:11.090 I/System.out(19628): URI: //map
12-09 08:37:11.090 I/System.out(19628): params: {json={"query":"android.widget.Button index:0","operation":{"method_name":"query","arguments":[]}}
12-09 08:37:11.090 I/System.out(19628): }
12-09 08:37:11.126 D/gralloc_ranchu( 1218): gralloc_alloc: Creating ashmem region of size 3686400
12-09 08:37:11.513 W/audio_hw_generic( 1307): Not supplying enough data to HAL, expected position 47069219 , only wrote 47069149
12-09 08:37:11.668 I/System.out(19628): URI: //gesture
12-09 08:37:11.668 I/System.out(19628): params: {json={"query_timeout":5.0,"gestures":[{"query_string":"android.widget.Button index:0","touches":[{"x":50,"y":50,"offset_x":0,"offset_y":0,"wait":0.0,"time":0.2,"release":true,"query_string":null}]}]}
12-09 08:37:11.668 I/System.out(19628): }
12-09 08:37:11.713 W/art     (19628): Suspending all threads took: 13.569ms
12-09 08:37:11.791 I/art     (19628): Background sticky concurrent mark sweep GC freed 12638(647KB) AllocSpace objects, 2(40KB) LOS objects, 7% free, 3MB/4MB, paused 35.358ms total 121.376ms
12-09 08:37:11.874 W/audio_hw_generic( 1307): Not supplying enough data to HAL, expected position 47085035 , only wrote 47085013
12-09 08:37:11.874 W/audio_hw_generic( 1307): Not supplying enough data to HAL, expected position 47085019 , only wrote 47085013
12-09 08:37:11.910 W/audio_hw_generic( 1307): Not supplying enough data to HAL, expected position 47086609 , only wrote 47085674
12-09 08:37:12.128 I/ActivityManager( 1591): START u0 {cmp=com.evancharlton.mileage/.FillupInfoActivity (has extras)} from uid 10141 on display 0
12-09 08:37:12.223 D/AudioFlinger( 1307): mixer(0xf4380000) throttle end: throttle time(22)
12-09 08:37:12.362 W/audio_hw_generic( 1307): Not supplying enough data to HAL, expected position 47105613 , only wrote 47102860
12-09 08:37:12.363 W/audio_hw_generic( 1307): Not supplying enough data to HAL, expected position 47102878 , only wrote 47102860
12-09 08:37:12.368 W/art     ( 1591): Long monitor contention event with owner method=void com.android.server.am.ActivityManagerService.activityPaused(android.os.IBinder) from ActivityManagerService.java:6439 waiters=0 for 102ms
12-09 08:37:12.369 I/calabash(19628): newActivity1
12-09 08:37:12.378 W/audio_hw_generic( 1307): Not supplying enough data to HAL, expected position 47103561 , only wrote 47103521
12-09 08:37:12.532 W/audio_hw_generic( 1307): Hardware backing HAL too slow, could only write 0 of 661 frames
12-09 08:37:12.532 W/audio_hw_generic( 1307): Not supplying enough data to HAL, expected position 47110274 , only wrote 47110131
12-09 08:37:12.532 W/audio_hw_generic( 1307): Not supplying enough data to HAL, expected position 47110136 , only wrote 47110131
12-09 08:37:12.532 W/audio_hw_generic( 1307): Hardware backing HAL too slow, could only write 0 of 661 frames
12-09 08:37:12.563 W/audio_hw_generic( 1307): Not supplying enough data to HAL, expected position 47111492 , only wrote 47110792
12-09 08:37:12.563 W/audio_hw_generic( 1307): Hardware backing HAL too slow, could only write 0 of 661 frames
12-09 08:37:12.563 W/audio_hw_generic( 1307): Hardware backing HAL too slow, could only write 0 of 661 frames
12-09 08:37:12.595 W/audio_hw_generic( 1307): Hardware backing HAL too slow, could only write 0 of 661 frames
12-09 08:37:12.611 W/audio_hw_generic( 1307): Hardware backing HAL too slow, could only write 0 of 661 frames
12-09 08:37:12.631 W/audio_hw_generic( 1307): Hardware backing HAL too slow, could only write 0 of 661 frames
12-09 08:37:12.699 W/audio_hw_generic( 1307): Hardware backing HAL too slow, could only write 0 of 661 frames
12-09 08:37:12.711 V/PhoneStatusBar( 1689): setLightsOn(true)
12-09 08:37:12.742 D/gralloc_ranchu( 1218): gralloc_alloc: Creating ashmem region of size 3686400
12-09 08:37:12.781 E/SurfaceFlinger( 1218): ro.sf.lcd_density must be defined as a build property
12-09 08:37:12.828 D/gralloc_ranchu( 1218): gralloc_alloc: Creating ashmem region of size 3686400
12-09 08:37:12.847 D/        (19736): HostConnection::get() New Host Connection established 0x7fbd76452480, tid 19736
12-09 08:37:12.883 E/EGL_emulation( 1218): tid 1218: eglCreateSyncKHR(1881): error 0x3004 (EGL_BAD_ATTRIBUTE)
12-09 08:37:12.948 W/audio_hw_generic( 1307): Hardware backing HAL too slow, could only write 0 of 661 frames
12-09 08:37:12.949 W/art     ( 1591): Long monitor contention event with owner method=void com.android.server.wm.WindowAnimator$1.doFrame(long) from WindowAnimator.java:121 waiters=0 for 109ms
12-09 08:37:12.985 W/audio_hw_generic( 1307): Hardware backing HAL too slow, could only write 0 of 661 frames
12-09 08:37:12.991 W/audio_hw_generic( 1307): Hardware backing HAL too slow, could only write 0 of 661 frames
12-09 08:37:13.015 W/audio_hw_generic( 1307): Not supplying enough data to HAL, expected position 47130734 , only wrote 47130622
12-09 08:37:13.015 W/audio_hw_generic( 1307): Hardware backing HAL too slow, could only write 0 of 661 frames
12-09 08:37:13.015 W/audio_hw_generic( 1307): Hardware backing HAL too slow, could only write 0 of 661 frames
12-09 08:37:13.099 D/gralloc_ranchu( 1218): gralloc_alloc: Creating ashmem region of size 3686400
12-09 08:37:13.121 W/audio_hw_generic( 1307): Not supplying enough data to HAL, expected position 47135304 , only wrote 47135249
12-09 08:37:13.235 W/audio_hw_generic( 1307): Not supplying enough data to HAL, expected position 47140265 , only wrote 47139876
12-09 08:37:13.269 W/audio_hw_generic( 1307): Not supplying enough data to HAL, expected position 47141387 , only wrote 47141198
12-09 08:37:13.296 I/ActivityManager( 1591): Displayed com.evancharlton.mileage/.FillupInfoActivity: +1s32ms
12-09 08:37:13.300 W/audio_hw_generic( 1307): Hardware backing HAL too slow, could only write 0 of 661 frames
12-09 08:37:13.470 W/audio_hw_generic( 1307): Not supplying enough data to HAL, expected position 47150058 , only wrote 47149791
12-09 08:37:13.470 W/audio_hw_generic( 1307): Not supplying enough data to HAL, expected position 47149797 , only wrote 47149791
12-09 08:37:13.487 W/audio_hw_generic( 1307): Not supplying enough data to HAL, expected position 47150541 , only wrote 47150452
12-09 08:37:13.763 W/audio_hw_generic( 1307): Not supplying enough data to HAL, expected position 47162618 , only wrote 47162350
12-09 08:37:13.851 W/audio_hw_generic( 1307): Not supplying enough data to HAL, expected position 47166237 , only wrote 47164994
12-09 08:37:13.851 W/audio_hw_generic( 1307): Not supplying enough data to HAL, expected position 47165000 , only wrote 47164994
12-09 08:37:13.870 W/audio_hw_generic( 1307): Not supplying enough data to HAL, expected position 47165832 , only wrote 47165655
12-09 08:37:14.012 W/audio_hw_generic( 1307): Hardware backing HAL too slow, could only write 0 of 661 frames
12-09 08:37:14.103 W/audio_hw_generic( 1307): Not supplying enough data to HAL, expected position 47175919 , only wrote 47175570
12-09 08:37:14.103 W/audio_hw_generic( 1307): Not supplying enough data to HAL, expected position 47175576 , only wrote 47175570
12-09 08:37:14.122 W/audio_hw_generic( 1307): Not supplying enough data to HAL, expected position 47176385 , only wrote 47176231
12-09 08:37:14.134 D/gralloc_ranchu( 1218): gralloc_alloc: Creating ashmem region of size 3686400
12-09 08:37:14.415 W/audio_hw_generic( 1307): Not supplying enough data to HAL, expected position 47189170 , only wrote 47188129
12-09 08:37:14.415 W/audio_hw_generic( 1307): Not supplying enough data to HAL, expected position 47188135 , only wrote 47188129
12-09 08:37:14.463 W/audio_hw_generic( 1307): Not supplying enough data to HAL, expected position 47190231 , only wrote 47190112
12-09 08:37:14.592 W/audio_hw_generic( 1307): Not supplying enough data to HAL, expected position 47195780 , only wrote 47194739
12-09 08:37:14.592 W/audio_hw_generic( 1307): Not supplying enough data to HAL, expected position 47194745 , only wrote 47194739
12-09 08:37:14.622 W/audio_hw_generic( 1307): Hardware backing HAL too slow, could only write 0 of 661 frames
12-09 08:37:14.644 W/audio_hw_generic( 1307): Hardware backing HAL too slow, could only write 0 of 661 frames
12-09 08:37:14.701 D/AndroidRuntime(19739): >>>>>> START com.android.internal.os.RuntimeInit uid 0 <<<<<<
12-09 08:37:14.704 D/AndroidRuntime(19739): CheckJNI is ON
