12-09 08:29:28.030 W/ActivityManager( 1595): 	at android.app.ActivityManagerNative.onTransact(ActivityManagerNative.java:2410)
12-09 08:29:28.030 W/ActivityManager( 1595): 	at com.android.server.am.ActivityManagerService.onTransact(ActivityManagerService.java:2443)
12-09 08:29:28.030 W/ActivityManager( 1595): 	at android.os.Binder.execTransact(Binder.java:453)
12-09 08:29:28.091 D/VehicleStatisticsActivity(18444): Checking recalculation ...
12-09 08:29:28.092 W/audio_hw_generic( 1310): Not supplying enough data to HAL, expected position 36834135 , only wrote 36832903
12-09 08:29:28.092 W/audio_hw_generic( 1310): Not supplying enough data to HAL, expected position 36832909 , only wrote 36832903
12-09 08:29:28.140 D/VehicleStatisticsActivity(18444): Recalculating statistics
12-09 08:29:28.141 D/VehicleStatisticsTask(18444): Calculation starting...
12-09 08:29:28.141 D/VehicleStatisticsActivity(18444): Recalculation started!
12-09 08:29:28.142 W/ActivityManager( 1595): Bad activity token: android.os.BinderProxy@6afe418
12-09 08:29:28.142 W/ActivityManager( 1595): java.lang.ClassCastException: android.os.BinderProxy cannot be cast to com.android.server.am.ActivityRecord$Token
12-09 08:29:28.142 W/ActivityManager( 1595): 	at com.android.server.am.ActivityRecord.forTokenLocked(ActivityRecord.java:424)
12-09 08:29:28.142 W/ActivityManager( 1595): 	at com.android.server.am.ActivityRecord.isInStackLocked(ActivityRecord.java:1121)
12-09 08:29:28.142 W/ActivityManager( 1595): 	at com.android.server.am.ActivityManagerService.getActivityOptions(ActivityManagerService.java:11038)
12-09 08:29:28.142 W/ActivityManager( 1595): 	at android.app.ActivityManagerNative.onTransact(ActivityManagerNative.java:1734)
12-09 08:29:28.142 W/ActivityManager( 1595): 	at com.android.server.am.ActivityManagerService.onTransact(ActivityManagerService.java:2443)
12-09 08:29:28.142 W/ActivityManager( 1595): 	at android.os.Binder.execTransact(Binder.java:453)
12-09 08:29:28.142 W/ActivityManager( 1595): Bad activity token: android.os.BinderProxy@6afe418
12-09 08:29:28.142 W/ActivityManager( 1595): java.lang.ClassCastException: android.os.BinderProxy cannot be cast to com.android.server.am.ActivityRecord$Token
12-09 08:29:28.142 W/ActivityManager( 1595): 	at com.android.server.am.ActivityRecord.forTokenLocked(ActivityRecord.java:424)
12-09 08:29:28.142 W/ActivityManager( 1595): 	at com.android.server.am.ActivityRecord.isInStackLocked(ActivityRecord.java:1121)
12-09 08:29:28.142 W/ActivityManager( 1595): 	at com.android.server.am.ActivityManagerService.getActivityOptions(ActivityManagerService.java:11038)
12-09 08:29:28.142 W/ActivityManager( 1595): 	at android.app.ActivityManagerNative.onTransact(ActivityManagerNative.java:1734)
12-09 08:29:28.142 W/ActivityManager( 1595): 	at com.android.server.am.ActivityManagerService.onTransact(ActivityManagerService.java:2443)
12-09 08:29:28.142 W/ActivityManager( 1595): 	at android.os.Binder.execTransact(Binder.java:453)
12-09 08:29:28.144 W/audio_hw_generic( 1310): Not supplying enough data to HAL, expected position 36835200 , only wrote 36833564
12-09 08:29:28.158 D/VehicleStatisticsActivity(18444): Checking recalculation ...
12-09 08:29:28.160 D/VehicleStatisticsActivity(18444): Recalculating statistics
12-09 08:29:28.160 D/VehicleStatisticsTask(18444): Calculation starting...
12-09 08:29:28.160 D/VehicleStatisticsActivity(18444): Recalculation started!
12-09 08:29:28.162 I/Choreographer(18444): Skipped 42 frames!  The application may be doing too much work on its main thread.
12-09 08:29:28.283 W/audio_hw_generic( 1310): Not supplying enough data to HAL, expected position 36839716 , only wrote 36839513
12-09 08:29:28.284 W/audio_hw_generic( 1310): Not supplying enough data to HAL, expected position 36839520 , only wrote 36839513
12-09 08:29:28.372 D/VehicleStatisticsTask(18444): Not enough fillups to calculate statistics
12-09 08:29:28.391 W/audio_hw_generic( 1310): Not supplying enough data to HAL, expected position 36844236 , only wrote 36844140
12-09 08:29:28.392 D/VehicleStatisticsTask(18444): Not enough fillups to calculate statistics
12-09 08:29:28.393 D/VehicleStatisticsTask(18444): Done recalculating!
12-09 08:29:28.406 D/Mileage.ABS(18444): Finished backup
12-09 08:29:28.408 D/VehicleStatisticsAdapter(18444): Erasing the cache ...
12-09 08:29:28.409 D/VehicleStatisticsAdapter(18444): Building new values ...
12-09 08:29:28.409 D/VehicleStatisticsAdapter(18444): Writing 29 records to the database ...
12-09 08:29:28.451 W/audio_hw_generic( 1310): Hardware backing HAL too slow, could only write 0 of 661 frames
12-09 08:29:28.503 E/SurfaceFlinger( 1219): ro.sf.lcd_density must be defined as a build property
12-09 08:29:28.532 D/gralloc_ranchu( 1219): gralloc_alloc: Creating ashmem region of size 3686400
12-09 08:29:28.549 D/Mileage.ABS(18444): Not backing up; 155
12-09 08:29:28.549 D/VehicleStatisticsTask(18444): Done recalculating!
12-09 08:29:28.550 D/Mileage.ABS(18444): Not backing up; 156
12-09 08:29:28.580 D/VehicleStatisticsAdapter(18444): Erasing the cache ...
12-09 08:29:28.611 W/audio_hw_generic( 1310): Not supplying enough data to HAL, expected position 36853862 , only wrote 36853394
12-09 08:29:28.642 W/audio_hw_generic( 1310): Not supplying enough data to HAL, expected position 36854749 , only wrote 36854716
12-09 08:29:28.675 W/CursorWrapperInner(18444): Cursor finalized without prior close()
12-09 08:29:28.676 W/CursorWrapperInner(18444): Cursor finalized without prior close()
12-09 08:29:28.687 D/Mileage.ABS(18444): Not backing up; 293
12-09 08:29:28.705 D/Mileage.ABS(18444): Not backing up; 311
12-09 08:29:28.753 D/VehicleStatisticsAdapter(18444): Building new values ...
12-09 08:29:28.753 D/VehicleStatisticsAdapter(18444): Writing 29 records to the database ...
12-09 08:29:28.754 D/Mileage.ABS(18444): Not backing up; 360
12-09 08:29:28.756 D/        (18487): HostConnection::get() New Host Connection established 0x7f88a9bd2480, tid 18487
12-09 08:29:28.782 E/EGL_emulation( 1219): tid 1219: eglCreateSyncKHR(1881): error 0x3004 (EGL_BAD_ATTRIBUTE)
12-09 08:29:28.879 D/Mileage.ABS(18444): Not backing up; 485
12-09 08:29:28.908 D/Mileage.ABS(18444): Not backing up; 514
12-09 08:29:28.932 W/audio_hw_generic( 1310): Not supplying enough data to HAL, expected position 36867500 , only wrote 36867275
12-09 08:29:28.943 D/Mileage.ABS(18444): Not backing up; 549
12-09 08:29:29.137 D/Mileage.ABS(18444): Not backing up; 743
12-09 08:29:29.144 D/Mileage.ABS(18444): Not backing up; 750
12-09 08:29:29.144 D/Mileage.ABS(18444): Not backing up; 750
12-09 08:29:29.144 D/Mileage.ABS(18444): Not backing up; 750
12-09 08:29:29.145 D/Mileage.ABS(18444): Not backing up; 751
12-09 08:29:29.145 D/Mileage.ABS(18444): Not backing up; 751
12-09 08:29:29.196 D/Mileage.ABS(18444): Not backing up; 802
12-09 08:29:29.196 D/Mileage.ABS(18444): Not backing up; 802
12-09 08:29:29.196 D/Mileage.ABS(18444): Not backing up; 802
12-09 08:29:29.284 W/audio_hw_generic( 1310): Hardware backing HAL too slow, could only write 0 of 661 frames
12-09 08:29:29.333 D/Mileage.ABS(18444): Not backing up; 921
12-09 08:29:29.333 D/Mileage.ABS(18444): Not backing up; 939
12-09 08:29:29.333 D/Mileage.ABS(18444): Not backing up; 939
12-09 08:29:29.344 W/audio_hw_generic( 1310): Hardware backing HAL too slow, could only write 0 of 661 frames
12-09 08:29:29.449 W/audio_hw_generic( 1310): Hardware backing HAL too slow, could only write 0 of 661 frames
12-09 08:29:29.498 D/Mileage.ABS(18444): Finished backup
12-09 08:29:29.499 D/Mileage.ABS(18444): Not backing up; 72
12-09 08:29:29.499 D/Mileage.ABS(18444): Not backing up; 72
12-09 08:29:29.578 I/System.out(18444): URI: //gesture
12-09 08:29:29.578 I/System.out(18444): params: {json={"query_timeout":5.0,"gestures":[{"query_string":"android.widget.TabWidget descendant TextView index:0","touches":[{"x":50,"y":50,"offset_x":0,"offset_y":0,"wait":0.0,"time":0.2,"release":true,"query_string":null}]}]}
12-09 08:29:29.578 I/System.out(18444): }
12-09 08:29:29.587 D/Mileage.ABS(18444): Not backing up; 160
12-09 08:29:29.623 D/Mileage.ABS(18444): Not backing up; 196
12-09 08:29:29.623 D/Mileage.ABS(18444): Not backing up; 196
12-09 08:29:29.690 W/audio_hw_generic( 1310): Not supplying enough data to HAL, expected position 36900695 , only wrote 36899664
12-09 08:29:29.690 W/audio_hw_generic( 1310): Not supplying enough data to HAL, expected position 36899670 , only wrote 36899664
12-09 08:29:29.713 W/audio_hw_generic( 1310): Not supplying enough data to HAL, expected position 36900685 , only wrote 36900325
12-09 08:29:29.758 W/audio_hw_generic( 1310): Hardware backing HAL too slow, could only write 0 of 661 frames
12-09 08:29:29.773 W/audio_hw_generic( 1310): Hardware backing HAL too slow, could only write 0 of 661 frames
12-09 08:29:29.789 W/audio_hw_generic( 1310): Hardware backing HAL too slow, could only write 0 of 661 frames
12-09 08:29:29.803 W/audio_hw_generic( 1310): Hardware backing HAL too slow, could only write 0 of 661 frames
12-09 08:29:29.821 W/audio_hw_generic( 1310): Hardware backing HAL too slow, could only write 0 of 661 frames
12-09 08:29:29.833 W/audio_hw_generic( 1310): Hardware backing HAL too slow, could only write 0 of 661 frames
12-09 08:29:29.852 W/audio_hw_generic( 1310): Hardware backing HAL too slow, could only write 0 of 661 frames
12-09 08:29:29.868 W/audio_hw_generic( 1310): Hardware backing HAL too slow, could only write 0 of 661 frames
12-09 08:29:29.880 W/audio_hw_generic( 1310): Hardware backing HAL too slow, could only write 0 of 661 frames
12-09 08:29:29.893 W/audio_hw_generic( 1310): Hardware backing HAL too slow, could only write 0 of 661 frames
12-09 08:29:29.908 W/audio_hw_generic( 1310): Hardware backing HAL too slow, could only write 0 of 661 frames
12-09 08:29:29.923 W/audio_hw_generic( 1310): Hardware backing HAL too slow, could only write 0 of 661 frames
12-09 08:29:29.938 W/audio_hw_generic( 1310): Hardware backing HAL too slow, could only write 0 of 661 frames
12-09 08:29:29.953 W/audio_hw_generic( 1310): Hardware backing HAL too slow, could only write 0 of 661 frames
12-09 08:29:29.968 W/audio_hw_generic( 1310): Hardware backing HAL too slow, could only write 0 of 661 frames
12-09 08:29:29.983 W/audio_hw_generic( 1310): Hardware backing HAL too slow, could only write 0 of 661 frames
12-09 08:29:30.000 W/audio_hw_generic( 1310): Hardware backing HAL too slow, could only write 0 of 661 frames
12-09 08:29:30.002 D/Mileage.ABS(18444): Not backing up; 575
12-09 08:29:30.003 D/Mileage.ABS(18444): Not backing up; 576
12-09 08:29:30.009 D/Mileage.ABS(18444): Not backing up; 582
12-09 08:29:30.012 D/Mileage.ABS(18444): Not backing up; 585
12-09 08:29:30.021 D/Mileage.ABS(18444): Not backing up; 594
12-09 08:29:30.028 W/audio_hw_generic( 1310): Hardware backing HAL too slow, could only write 0 of 661 frames
12-09 08:29:30.043 W/audio_hw_generic( 1310): Hardware backing HAL too slow, could only write 0 of 661 frames
12-09 08:29:30.123 D/Mileage.ABS(18444): Not backing up; 696
12-09 08:29:30.125 D/Mileage.ABS(18444): Not backing up; 698
12-09 08:29:30.132 D/Mileage.ABS(18444): Not backing up; 705
12-09 08:29:30.133 D/Mileage.ABS(18444): Not backing up; 706
12-09 08:29:30.133 D/Mileage.ABS(18444): Not backing up; 706
12-09 08:29:30.133 D/Mileage.ABS(18444): Not backing up; 706
12-09 08:29:30.133 D/Mileage.ABS(18444): Not backing up; 706
12-09 08:29:30.147 D/Mileage.ABS(18444): Not backing up; 719
12-09 08:29:30.147 D/Mileage.ABS(18444): Not backing up; 720
12-09 08:29:30.147 D/Mileage.ABS(18444): Not backing up; 720
12-09 08:29:30.147 D/Mileage.ABS(18444): Not backing up; 720
12-09 08:29:30.148 D/Mileage.ABS(18444): Not backing up; 721
12-09 08:29:30.148 D/Mileage.ABS(18444): Not backing up; 721
12-09 08:29:30.148 D/Mileage.ABS(18444): Not backing up; 721
12-09 08:29:30.170 D/Mileage.ABS(18444): Not backing up; 741
12-09 08:29:30.180 D/Mileage.ABS(18444): Not backing up; 753
12-09 08:29:30.196 D/Mileage.ABS(18444): Not backing up; 769
12-09 08:29:30.197 D/Mileage.ABS(18444): Not backing up; 770
12-09 08:29:30.197 D/Mileage.ABS(18444): Not backing up; 770
12-09 08:29:30.226 D/Mileage.ABS(18444): Not backing up; 799
12-09 08:29:30.227 D/Mileage.ABS(18444): Not backing up; 799
12-09 08:29:30.403 W/audio_hw_generic( 1310): Not supplying enough data to HAL, expected position 36930772 , only wrote 36927426
12-09 08:29:30.404 W/audio_hw_generic( 1310): Not supplying enough data to HAL, expected position 36927432 , only wrote 36927426
12-09 08:29:30.429 W/audio_hw_generic( 1310): Not supplying enough data to HAL, expected position 36928549 , only wrote 36928087
12-09 08:29:30.429 W/audio_hw_generic( 1310): Hardware backing HAL too slow, could only write 0 of 661 frames
12-09 08:29:30.460 W/audio_hw_generic( 1310): Not supplying enough data to HAL, expected position 36929438 , only wrote 36929409
12-09 08:29:30.460 W/audio_hw_generic( 1310): Hardware backing HAL too slow, could only write 0 of 661 frames
12-09 08:29:30.460 W/audio_hw_generic( 1310): Hardware backing HAL too slow, could only write 0 of 661 frames
12-09 08:29:30.552 W/audio_hw_generic( 1310): Hardware backing HAL too slow, could only write 0 of 661 frames
12-09 08:29:30.552 W/audio_hw_generic( 1310): Hardware backing HAL too slow, could only write 0 of 661 frames
12-09 08:29:30.592 W/audio_hw_generic( 1310): Not supplying enough data to HAL, expected position 36935236 , only wrote 36934697
12-09 08:29:30.592 W/audio_hw_generic( 1310): Hardware backing HAL too slow, could only write 0 of 661 frames
12-09 08:29:30.592 W/audio_hw_generic( 1310): Hardware backing HAL too slow, could only write 0 of 661 frames
12-09 08:29:30.608 W/audio_hw_generic( 1310): Hardware backing HAL too slow, could only write 0 of 661 frames
12-09 08:29:30.632 W/audio_hw_generic( 1310): Hardware backing HAL too slow, could only write 0 of 661 frames
12-09 08:29:30.676 W/audio_hw_generic( 1310): Not supplying enough data to HAL, expected position 36938396 , only wrote 36938002
12-09 08:29:30.728 D/AudioFlinger( 1310): mixer(0xf4300000) throttle end: throttle time(33)
12-09 08:29:30.742 I/art     (18444): Background sticky concurrent mark sweep GC freed 29616(1426KB) AllocSpace objects, 1(20KB) LOS objects, 24% free, 3MB/4MB, paused 1.134ms total 114.973ms
12-09 08:29:30.796 W/audio_hw_generic( 1310): Not supplying enough data to HAL, expected position 36943299 , only wrote 36943290
12-09 08:29:30.796 W/audio_hw_generic( 1310): Not supplying enough data to HAL, expected position 36943297 , only wrote 36943290
12-09 08:29:30.816 W/audio_hw_generic( 1310): Not supplying enough data to HAL, expected position 36944164 , only wrote 36943951
12-09 08:29:30.993 D/Mileage.ABS(18444): Finished backup
12-09 08:29:31.031 D/Mileage.ABS(18444): Not backing up; 83
12-09 08:29:31.116 W/audio_hw_generic( 1310): Not supplying enough data to HAL, expected position 36957203 , only wrote 36957171
12-09 08:29:31.119 D/Mileage.ABS(18444): Not backing up; 171
12-09 08:29:31.120 D/Mileage.ABS(18444): Not backing up; 172
12-09 08:29:31.120 D/Mileage.ABS(18444): Not backing up; 172
12-09 08:29:31.121 D/Mileage.ABS(18444): Not backing up; 173
12-09 08:29:31.156 W/audio_hw_generic( 1310): Hardware backing HAL too slow, could only write 0 of 661 frames
12-09 08:29:31.184 D/VehicleStatisticsAdapter(18444): Caching of 29 records complete! (2.431 seconds)
12-09 08:29:31.225 D/VehicleStatisticsAdapter(18444): Caching of 29 records complete! (2.816 seconds)
12-09 08:29:31.292 D/Mileage.ABS(18444): Not backing up; 339
12-09 08:29:31.292 D/Mileage.ABS(18444): Not backing up; 344
12-09 08:29:31.293 D/Mileage.ABS(18444): Not backing up; 345
12-09 08:29:31.318 E/SurfaceFlinger( 1219): ro.sf.lcd_density must be defined as a build property
12-09 08:29:31.350 W/audio_hw_generic( 1310): Not supplying enough data to HAL, expected position 36967470 , only wrote 36967086
12-09 08:29:31.350 W/audio_hw_generic( 1310): Not supplying enough data to HAL, expected position 36967092 , only wrote 36967086
12-09 08:29:31.368 W/audio_hw_generic( 1310): Not supplying enough data to HAL, expected position 36967883 , only wrote 36967747
12-09 08:29:31.417 D/gralloc_ranchu( 1219): gralloc_alloc: Creating ashmem region of size 3686400
12-09 08:29:31.474 D/        (18506): HostConnection::get() New Host Connection established 0x7ff1684d2480, tid 18506
12-09 08:29:31.505 E/EGL_emulation( 1219): tid 1219: eglCreateSyncKHR(1881): error 0x3004 (EGL_BAD_ATTRIBUTE)
12-09 08:29:31.688 W/audio_hw_generic( 1310): Hardware backing HAL too slow, could only write 0 of 661 frames
12-09 08:29:31.736 W/audio_hw_generic( 1310): Hardware backing HAL too slow, could only write 0 of 661 frames
12-09 08:29:31.736 W/audio_hw_generic( 1310): Not supplying enough data to HAL, expected position 36983977 , only wrote 36983611
12-09 08:29:31.736 W/audio_hw_generic( 1310): Not supplying enough data to HAL, expected position 36983616 , only wrote 36983611
12-09 08:29:31.752 W/audio_hw_generic( 1310): Not supplying enough data to HAL, expected position 36984283 , only wrote 36984272
12-09 08:29:31.980 W/audio_hw_generic( 1310): Not supplying enough data to HAL, expected position 36994328 , only wrote 36992865
12-09 08:29:31.980 W/audio_hw_generic( 1310): Not supplying enough data to HAL, expected position 36992871 , only wrote 36992865
12-09 08:29:32.048 W/audio_hw_generic( 1310): Not supplying enough data to HAL, expected position 36995866 , only wrote 36993526
12-09 08:29:32.368 W/audio_hw_generic( 1310): Not supplying enough data to HAL, expected position 37007648 , only wrote 37007407
12-09 08:29:32.368 W/audio_hw_generic( 1310): Not supplying enough data to HAL, expected position 37007413 , only wrote 37007407
12-09 08:29:32.388 W/audio_hw_generic( 1310): Not supplying enough data to HAL, expected position 37008266 , only wrote 37008068
12-09 08:29:32.636 I/System.out(18444): URI: //
12-09 08:29:32.636 I/System.out(18444): params: {json={"command":"set_activity_orientation","arguments":["landscape"]}
12-09 08:29:32.636 I/System.out(18444): }
12-09 08:29:32.636 I/System.out(18444): header: {date=Sun, 09 Dec 2018 08:29:32 GMT, accept=*/*, content-length=64, host=127.0.0.1:34777, user-agent=HTTPClient/1.0 (2.8.3, ruby 2.3.1 (2016-04-26)), content-type=application/json;charset=utf-8}
12-09 08:29:32.636 I/System.out(18444): params: {json={"command":"set_activity_orientation","arguments":["landscape"]}
12-09 08:29:32.636 I/System.out(18444): }
12-09 08:29:32.636 I/System.out(18444): ProP json = {"command":"set_activity_orientation","arguments":["landscape"]}
12-09 08:29:32.636 I/System.out(18444): files: {}
12-09 08:29:32.636 I/System.out(18444): command: {"command":"set_activity_orientation","arguments":["landscape"]}
12-09 08:29:32.638 I/InstrumentationBackend(18444): Got command:'Command:'Line:null,set_activity_orientation', arguments:'[landscape]'
12-09 08:29:32.708 D/gralloc_ranchu( 1219): gralloc_alloc: Creating ashmem region of size 3686400
12-09 08:29:32.779 W/audio_hw_generic( 1310): Not supplying enough data to HAL, expected position 37025345 , only wrote 37023932
12-09 08:29:32.780 W/audio_hw_generic( 1310): Not supplying enough data to HAL, expected position 37023938 , only wrote 37023932
12-09 08:29:32.812 E/EGL_emulation( 1219): tid 1219: eglCreateSyncKHR(1881): error 0x3004 (EGL_BAD_ATTRIBUTE)
12-09 08:29:32.848 W/audio_hw_generic( 1310): Not supplying enough data to HAL, expected position 37026956 , only wrote 37025254
12-09 08:29:32.928 W/audio_hw_generic( 1310): Not supplying enough data to HAL, expected position 37028762 , only wrote 37026576
12-09 08:29:32.996 I/ActivityManager( 1595): Config changes=480 {1.0 310mcc260mnc en_US ldltr sw720dp w1280dp h696dp 160dpi xlrg long land finger -keyb/v/h tball/v s.45}
12-09 08:29:33.024 W/audio_hw_generic( 1310): Not supplying enough data to HAL, expected position 37030805 , only wrote 37030542
12-09 08:29:33.024 W/audio_hw_generic( 1310): Not supplying enough data to HAL, expected position 37030548 , only wrote 37030542
12-09 08:29:33.040 W/audio_hw_generic( 1310): Not supplying enough data to HAL, expected position 37031247 , only wrote 37031203
12-09 08:29:33.068 W/audio_hw_generic( 1310): Not supplying enough data to HAL, expected position 37032435 , only wrote 37031864
12-09 08:29:33.068 W/audio_hw_generic( 1310): Not supplying enough data to HAL, expected position 37031870 , only wrote 37031864
12-09 08:29:33.085 W/audio_hw_generic( 1310): Not supplying enough data to HAL, expected position 37032629 , only wrote 37032525
12-09 08:29:33.086 I/InputReader( 1595): Reconfiguring input devices.  changes=0x00000004
12-09 08:29:33.086 I/InputReader( 1595): Device reconfigured: id=0, name='qwerty2', size 720x1280, orientation 1, mode 1, display id 0
12-09 08:29:33.118 W/audio_hw_generic( 1310): Not supplying enough data to HAL, expected position 37033989 , only wrote 37033847
12-09 08:29:33.198 W/art     ( 1595): Long monitor contention event with owner method=void com.android.server.am.ActivityManagerService.setRequestedOrientation(android.os.IBinder, int) from ActivityManagerService.java:4192 waiters=0 for 272ms
12-09 08:29:33.216 W/audio_hw_generic( 1310): Not supplying enough data to HAL, expected position 37038146 , only wrote 37037813
12-09 08:29:33.216 W/audio_hw_generic( 1310): Not supplying enough data to HAL, expected position 37037819 , only wrote 37037813
12-09 08:29:33.236 W/audio_hw_generic( 1310): Not supplying enough data to HAL, expected position 37038675 , only wrote 37038474
12-09 08:29:33.267 W/audio_hw_generic( 1310): Not supplying enough data to HAL, expected position 37039879 , only wrote 37039796
12-09 08:29:33.341 I/System.out(18444): result:{"bonusInformation":[],"message":"","success":true}
12-09 08:29:33.373 I/calabash(18444): newActivity1
12-09 08:29:33.376 D/EGL_emulation( 1681): eglMakeCurrent: 0x7f9186f05b40: ver 2 0 (tinfo 0x7f917e3523c0)
12-09 08:29:33.397 I/calabash(18444): newActivity1
12-09 08:29:33.398 W/ActivityManager( 1595): Bad activity token: android.os.BinderProxy@864865
12-09 08:29:33.398 W/ActivityManager( 1595): java.lang.ClassCastException: android.os.BinderProxy cannot be cast to com.android.server.am.ActivityRecord$Token
12-09 08:29:33.398 W/ActivityManager( 1595): 	at com.android.server.am.ActivityRecord.forTokenLocked(ActivityRecord.java:424)
12-09 08:29:33.398 W/ActivityManager( 1595): 	at com.android.server.am.ActivityRecord.isInStackLocked(ActivityRecord.java:1121)
12-09 08:29:33.398 W/ActivityManager( 1595): 	at com.android.server.am.ActivityRecord.getStackLocked(ActivityRecord.java:1126)
12-09 08:29:33.398 W/ActivityManager( 1595): 	at com.android.server.am.ActivityManagerService.getActivityDisplayId(ActivityManagerService.java:8889)
12-09 08:29:33.398 W/ActivityManager( 1595): 	at android.app.ActivityManagerNative.onTransact(ActivityManagerNative.java:2338)
12-09 08:29:33.398 W/ActivityManager( 1595): 	at com.android.server.am.ActivityManagerService.onTransact(ActivityManagerService.java:2443)
12-09 08:29:33.398 W/ActivityManager( 1595): 	at android.os.Binder.execTransact(Binder.java:453)
12-09 08:29:33.411 E/Surface ( 1681): getSlotFromBufferLocked: unknown buffer: 0x7f9186f171a0
12-09 08:29:33.421 W/ActivityManager( 1595): Bad activity token: android.os.BinderProxy@864865
12-09 08:29:33.421 W/ActivityManager( 1595): java.lang.ClassCastException: android.os.BinderProxy cannot be cast to com.android.server.am.ActivityRecord$Token
12-09 08:29:33.421 W/ActivityManager( 1595): 	at com.android.server.am.ActivityRecord.forTokenLocked(ActivityRecord.java:424)
12-09 08:29:33.421 W/ActivityManager( 1595): 	at com.android.server.am.ActivityRecord.isInStackLocked(ActivityRecord.java:1121)
12-09 08:29:33.421 W/ActivityManager( 1595): 	at com.android.server.am.ActivityManagerService.setTaskDescription(ActivityManagerService.java:8547)
12-09 08:29:33.421 W/ActivityManager( 1595): 	at android.app.ActivityManagerNative.onTransact(ActivityManagerNative.java:2410)
12-09 08:29:33.421 W/ActivityManager( 1595): 	at com.android.server.am.ActivityManagerService.onTransact(ActivityManagerService.java:2443)
12-09 08:29:33.421 W/ActivityManager( 1595): 	at android.os.Binder.execTransact(Binder.java:453)
12-09 08:29:33.484 W/ActivityManager( 1595): Bad activity token: android.os.BinderProxy@864865
12-09 08:29:33.484 W/ActivityManager( 1595): java.lang.ClassCastException: android.os.BinderProxy cannot be cast to com.android.server.am.ActivityRecord$Token
12-09 08:29:33.484 W/ActivityManager( 1595): 	at com.android.server.am.ActivityRecord.forTokenLocked(ActivityRecord.java:424)
12-09 08:29:33.484 W/ActivityManager( 1595): 	at com.android.server.am.ActivityRecord.isInStackLocked(ActivityRecord.java:1121)
12-09 08:29:33.484 W/ActivityManager( 1595): 	at com.android.server.am.ActivityManagerService.getActivityOptions(ActivityManagerService.java:11038)
12-09 08:29:33.484 W/ActivityManager( 1595): 	at android.app.ActivityManagerNative.onTransact(ActivityManagerNative.java:1734)
12-09 08:29:33.484 W/ActivityManager( 1595): 	at com.android.server.am.ActivityManagerService.onTransact(ActivityManagerService.java:2443)
12-09 08:29:33.484 W/ActivityManager( 1595): 	at android.os.Binder.execTransact(Binder.java:453)
12-09 08:29:33.484 W/ActivityManager( 1595): Bad activity token: android.os.BinderProxy@864865
12-09 08:29:33.484 W/ActivityManager( 1595): java.lang.ClassCastException: android.os.BinderProxy cannot be cast to com.android.server.am.ActivityRecord$Token
12-09 08:29:33.484 W/ActivityManager( 1595): 	at com.android.server.am.ActivityRecord.forTokenLocked(ActivityRecord.java:424)
12-09 08:29:33.484 W/ActivityManager( 1595): 	at com.android.server.am.ActivityRecord.isInStackLocked(ActivityRecord.java:1121)
12-09 08:29:33.484 W/ActivityManager( 1595): 	at com.android.server.am.ActivityManagerService.getActivityOptions(ActivityManagerService.java:11038)
12-09 08:29:33.484 W/ActivityManager( 1595): 	at android.app.ActivityManagerNative.onTransact(ActivityManagerNative.java:1734)
12-09 08:29:33.484 W/ActivityManager( 1595): 	at com.android.server.am.ActivityManagerService.onTransact(ActivityManagerService.java:2443)
12-09 08:29:33.484 W/ActivityManager( 1595): 	at android.os.Binder.execTransact(Binder.java:453)
12-09 08:29:33.493 W/audio_hw_generic( 1310): Hardware backing HAL too slow, could only write 0 of 661 frames
12-09 08:29:33.493 W/audio_hw_generic( 1310): Not supplying enough data to HAL, expected position 37049733 , only wrote 37049711
12-09 08:29:33.493 W/audio_hw_generic( 1310): Not supplying enough data to HAL, expected position 37049717 , only wrote 37049711
12-09 08:29:33.493 W/audio_hw_generic( 1310): Hardware backing HAL too slow, could only write 0 of 661 frames
12-09 08:29:33.497 D/EGL_emulation( 1681): eglMakeCurrent: 0x7f9186f05b40: ver 2 0 (tinfo 0x7f917e3523c0)
12-09 08:29:33.516 W/audio_hw_generic( 1310): Not supplying enough data to HAL, expected position 37050715 , only wrote 37050372
12-09 08:29:33.516 W/audio_hw_generic( 1310): Hardware backing HAL too slow, could only write 0 of 661 frames
12-09 08:29:33.530 W/audio_hw_generic( 1310): Hardware backing HAL too slow, could only write 0 of 661 frames
12-09 08:29:33.546 I/art     (18444): Background sticky concurrent mark sweep GC freed 15499(730KB) AllocSpace objects, 3(60KB) LOS objects, 23% free, 3MB/4MB, paused 1.255ms total 114.398ms
12-09 08:29:33.551 W/audio_hw_generic( 1310): Hardware backing HAL too slow, could only write 0 of 661 frames
12-09 08:29:33.564 W/audio_hw_generic( 1310): Hardware backing HAL too slow, could only write 0 of 661 frames
12-09 08:29:33.596 W/PhoneWindow(18444): Previously focused view reported id 2131296279 during save, but can't be found during restore.
12-09 08:29:33.640 W/audio_hw_generic( 1310): Hardware backing HAL too slow, could only write 0 of 661 frames
12-09 08:29:33.656 W/audio_hw_generic( 1310): Hardware backing HAL too slow, could only write 0 of 661 frames
12-09 08:29:33.664 I/WindowManager( 1595): Screen frozen for +1s25ms due to Window{92f2d07 u0 StatusBar}
12-09 08:29:33.756 W/audio_hw_generic( 1310): Not supplying enough data to HAL, expected position 37070316 , only wrote 37060948
12-09 08:29:33.909 W/art     ( 1595): Long monitor contention event with owner method=void com.android.server.wm.WindowManagerService$H.handleMessage(android.os.Message) from WindowManagerService.java:7820 waiters=0 for 236ms
12-09 08:29:33.931 D/gralloc_ranchu( 1219): gralloc_alloc: Creating ashmem region of size 3686400
12-09 08:29:34.673 D/gralloc_ranchu( 1219): gralloc_alloc: Creating ashmem region of size 3686400
12-09 08:29:34.864 D/gralloc_ranchu( 1219): gralloc_alloc: Creating ashmem region of size 3686400
12-09 08:29:35.428 I/System.out(18444): URI: //gesture
12-09 08:29:35.428 I/System.out(18444): params: {json={"query_timeout":5.0,"gestures":[{"query_string":"android.widget.TabWidget descendant TextView index:1","touches":[{"x":50,"y":50,"offset_x":0,"offset_y":0,"wait":0.0,"time":0.2,"release":true,"query_string":null}]}]}
12-09 08:29:35.428 I/System.out(18444): }
12-09 08:29:35.795 I/calabash(18444): newActivity1
12-09 08:29:35.849 W/ActivityManager( 1595): Bad activity token: android.os.BinderProxy@d584b63
12-09 08:29:35.849 W/ActivityManager( 1595): java.lang.ClassCastException: android.os.BinderProxy cannot be cast to com.android.server.am.ActivityRecord$Token
12-09 08:29:35.849 W/ActivityManager( 1595): 	at com.android.server.am.ActivityRecord.forTokenLocked(ActivityRecord.java:424)
12-09 08:29:35.849 W/ActivityManager( 1595): 	at com.android.server.am.ActivityRecord.isInStackLocked(ActivityRecord.java:1121)
12-09 08:29:35.849 W/ActivityManager( 1595): 	at com.android.server.am.ActivityRecord.getStackLocked(ActivityRecord.java:1126)
12-09 08:29:35.849 W/ActivityManager( 1595): 	at com.android.server.am.ActivityManagerService.getActivityDisplayId(ActivityManagerService.java:8889)
12-09 08:29:35.849 W/ActivityManager( 1595): 	at android.app.ActivityManagerNative.onTransact(ActivityManagerNative.java:2338)
12-09 08:29:35.849 W/ActivityManager( 1595): 	at com.android.server.am.ActivityManagerService.onTransact(ActivityManagerService.java:2443)
12-09 08:29:35.849 W/ActivityManager( 1595): 	at android.os.Binder.execTransact(Binder.java:453)
12-09 08:29:35.850 W/ActivityManager( 1595): Bad activity token: android.os.BinderProxy@d584b63
12-09 08:29:35.850 W/ActivityManager( 1595): java.lang.ClassCastException: android.os.BinderProxy cannot be cast to com.android.server.am.ActivityRecord$Token
12-09 08:29:35.850 W/ActivityManager( 1595): 	at com.android.server.am.ActivityRecord.forTokenLocked(ActivityRecord.java:424)
12-09 08:29:35.850 W/ActivityManager( 1595): 	at com.android.server.am.ActivityRecord.isInStackLocked(ActivityRecord.java:1121)
12-09 08:29:35.850 W/ActivityManager( 1595): 	at com.android.server.am.ActivityManagerService.setTaskDescription(ActivityManagerService.java:8547)
12-09 08:29:35.850 W/ActivityManager( 1595): 	at android.app.ActivityManagerNative.onTransact(ActivityManagerNative.java:2410)
12-09 08:29:35.850 W/ActivityManager( 1595): 	at com.android.server.am.ActivityManagerService.onTransact(ActivityManagerService.java:2443)
12-09 08:29:35.850 W/ActivityManager( 1595): 	at android.os.Binder.execTransact(Binder.java:453)
12-09 08:29:35.892 W/audio_hw_generic( 1310): Hardware backing HAL too slow, could only write 0 of 661 frames
12-09 08:29:35.904 I/art     ( 1595): Starting a blocking GC Explicit
12-09 08:29:35.945 I/art     ( 1595): Explicit concurrent mark sweep GC freed 9810(924KB) AllocSpace objects, 3(60KB) LOS objects, 29% free, 9MB/13MB, paused 10.180ms total 40.054ms
12-09 08:29:36.075 W/audio_hw_generic( 1310): Hardware backing HAL too slow, could only write 0 of 661 frames
12-09 08:29:36.100 W/audio_hw_generic( 1310): Hardware backing HAL too slow, could only write 0 of 661 frames
12-09 08:29:36.110 W/ActivityManager( 1595): Bad activity token: android.os.BinderProxy@5129019
12-09 08:29:36.110 W/ActivityManager( 1595): java.lang.ClassCastException: android.os.BinderProxy cannot be cast to com.android.server.am.ActivityRecord$Token
12-09 08:29:36.110 W/ActivityManager( 1595): 	at com.android.server.am.ActivityRecord.forTokenLocked(ActivityRecord.java:424)
12-09 08:29:36.110 W/ActivityManager( 1595): 	at com.android.server.am.ActivityRecord.isInStackLocked(ActivityRecord.java:1121)
12-09 08:29:36.110 W/ActivityManager( 1595): 	at com.android.server.am.ActivityManagerService.getActivityOptions(ActivityManagerService.java:11038)
12-09 08:29:36.110 W/ActivityManager( 1595): 	at android.app.ActivityManagerNative.onTransact(ActivityManagerNative.java:1734)
12-09 08:29:36.110 W/ActivityManager( 1595): 	at com.android.server.am.ActivityManagerService.onTransact(ActivityManagerService.java:2443)
12-09 08:29:36.110 W/ActivityManager( 1595): 	at android.os.Binder.execTransact(Binder.java:453)
12-09 08:29:36.110 W/ActivityManager( 1595): Bad activity token: android.os.BinderProxy@5129019
12-09 08:29:36.110 W/ActivityManager( 1595): java.lang.ClassCastException: android.os.BinderProxy cannot be cast to com.android.server.am.ActivityRecord$Token
12-09 08:29:36.110 W/ActivityManager( 1595): 	at com.android.server.am.ActivityRecord.forTokenLocked(ActivityRecord.java:424)
12-09 08:29:36.110 W/ActivityManager( 1595): 	at com.android.server.am.ActivityRecord.isInStackLocked(ActivityRecord.java:1121)
12-09 08:29:36.110 W/ActivityManager( 1595): 	at com.android.server.am.ActivityManagerService.getActivityOptions(ActivityManagerService.java:11038)
12-09 08:29:36.110 W/ActivityManager( 1595): 	at android.app.ActivityManagerNative.onTransact(ActivityManagerNative.java:1734)
12-09 08:29:36.110 W/ActivityManager( 1595): 	at com.android.server.am.ActivityManagerService.onTransact(ActivityManagerService.java:2443)
12-09 08:29:36.110 W/ActivityManager( 1595): 	at android.os.Binder.execTransact(Binder.java:453)
12-09 08:29:36.314 D/Mileage (18444): Not enough fillups to calculate economy
12-09 08:29:36.385 W/audio_hw_generic( 1310): Hardware backing HAL too slow, could only write 0 of 661 frames
12-09 08:29:36.488 E/SurfaceFlinger( 1219): ro.sf.lcd_density must be defined as a build property
12-09 08:29:36.572 D/gralloc_ranchu( 1219): gralloc_alloc: Creating ashmem region of size 3686400
12-09 08:29:36.597 D/        (18515): HostConnection::get() New Host Connection established 0x7f048d292480, tid 18515
12-09 08:29:36.613 W/audio_hw_generic( 1310): Hardware backing HAL too slow, could only write 0 of 661 frames
12-09 08:29:36.626 E/EGL_emulation( 1219): tid 1219: eglCreateSyncKHR(1881): error 0x3004 (EGL_BAD_ATTRIBUTE)
12-09 08:29:36.849 W/audio_hw_generic( 1310): Hardware backing HAL too slow, could only write 0 of 661 frames
12-09 08:29:36.849 W/audio_hw_generic( 1310): Not supplying enough data to HAL, expected position 37105297 , only wrote 37104574
12-09 08:29:36.849 W/audio_hw_generic( 1310): Not supplying enough data to HAL, expected position 37104580 , only wrote 37104574
12-09 08:29:36.865 W/audio_hw_generic( 1310): Not supplying enough data to HAL, expected position 37105253 , only wrote 37105235
12-09 08:29:37.046 W/audio_hw_generic( 1310): Not supplying enough data to HAL, expected position 37113209 , only wrote 37111845
12-09 08:29:37.046 W/audio_hw_generic( 1310): Not supplying enough data to HAL, expected position 37111851 , only wrote 37111845
12-09 08:29:37.061 W/audio_hw_generic( 1310): Not supplying enough data to HAL, expected position 37112531 , only wrote 37112506
12-09 08:29:37.389 W/audio_hw_generic( 1310): Not supplying enough data to HAL, expected position 37126951 , only wrote 37126387
12-09 08:29:37.389 W/audio_hw_generic( 1310): Not supplying enough data to HAL, expected position 37126393 , only wrote 37126387
12-09 08:29:37.484 W/audio_hw_generic( 1310): Not supplying enough data to HAL, expected position 37130577 , only wrote 37130353
12-09 08:29:37.484 W/audio_hw_generic( 1310): Not supplying enough data to HAL, expected position 37130363 , only wrote 37130353
12-09 08:29:37.500 W/audio_hw_generic( 1310): Not supplying enough data to HAL, expected position 37131036 , only wrote 37131014
12-09 08:29:37.584 I/System.out(18444): URI: //gesture
12-09 08:29:37.608 I/System.out(18444): params: {json={"query_timeout":5.0,"gestures":[{"query_string":"android.widget.TabWidget descendant TextView index:3","touches":[{"x":50,"y":50,"offset_x":0,"offset_y":0,"wait":0.0,"time":0.2,"release":true,"query_string":null}]}]}
12-09 08:29:37.608 I/System.out(18444): }
12-09 08:29:37.678 W/CursorWrapperInner(18444): Cursor finalized without prior close()
12-09 08:29:37.747 W/audio_hw_generic( 1310): Not supplying enough data to HAL, expected position 37141930 , only wrote 37140268
12-09 08:29:37.748 W/audio_hw_generic( 1310): Not supplying enough data to HAL, expected position 37140274 , only wrote 37140268
12-09 08:29:37.770 W/audio_hw_generic( 1310): Not supplying enough data to HAL, expected position 37141243 , only wrote 37140929
12-09 08:29:37.800 W/audio_hw_generic( 1310): Hardware backing HAL too slow, could only write 0 of 661 frames
12-09 08:29:37.900 W/audio_hw_generic( 1310): Not supplying enough data to HAL, expected position 37146669 , only wrote 37145556
12-09 08:29:37.900 W/audio_hw_generic( 1310): Not supplying enough data to HAL, expected position 37145562 , only wrote 37145556
12-09 08:29:38.082 I/calabash(18444): newActivity1
12-09 08:29:38.082 W/ActivityManager( 1595): Bad activity token: android.os.BinderProxy@b314d5
12-09 08:29:38.082 W/ActivityManager( 1595): java.lang.ClassCastException: android.os.BinderProxy cannot be cast to com.android.server.am.ActivityRecord$Token
12-09 08:29:38.082 W/ActivityManager( 1595): 	at com.android.server.am.ActivityRecord.forTokenLocked(ActivityRecord.java:424)
12-09 08:29:38.082 W/ActivityManager( 1595): 	at com.android.server.am.ActivityRecord.isInStackLocked(ActivityRecord.java:1121)
12-09 08:29:38.082 W/ActivityManager( 1595): 	at com.android.server.am.ActivityRecord.getStackLocked(ActivityRecord.java:1126)
12-09 08:29:38.082 W/ActivityManager( 1595): 	at com.android.server.am.ActivityManagerService.getActivityDisplayId(ActivityManagerService.java:8889)
12-09 08:29:38.082 W/ActivityManager( 1595): 	at android.app.ActivityManagerNative.onTransact(ActivityManagerNative.java:2338)
12-09 08:29:38.082 W/ActivityManager( 1595): 	at com.android.server.am.ActivityManagerService.onTransact(ActivityManagerService.java:2443)
12-09 08:29:38.082 W/ActivityManager( 1595): 	at android.os.Binder.execTransact(Binder.java:453)
12-09 08:29:38.083 W/ActivityManager( 1595): Bad activity token: android.os.BinderProxy@b314d5
12-09 08:29:38.083 W/ActivityManager( 1595): java.lang.ClassCastException: android.os.BinderProxy cannot be cast to com.android.server.am.ActivityRecord$Token
12-09 08:29:38.083 W/ActivityManager( 1595): 	at com.android.server.am.ActivityRecord.forTokenLocked(ActivityRecord.java:424)
12-09 08:29:38.083 W/ActivityManager( 1595): 	at com.android.server.am.ActivityRecord.isInStackLocked(ActivityRecord.java:1121)
12-09 08:29:38.083 W/ActivityManager( 1595): 	at com.android.server.am.ActivityManagerService.setTaskDescription(ActivityManagerService.java:8547)
12-09 08:29:38.083 W/ActivityManager( 1595): 	at android.app.ActivityManagerNative.onTransact(ActivityManagerNative.java:2410)
12-09 08:29:38.083 W/ActivityManager( 1595): 	at com.android.server.am.ActivityManagerService.onTransact(ActivityManagerService.java:2443)
12-09 08:29:38.083 W/ActivityManager( 1595): 	at android.os.Binder.execTransact(Binder.java:453)
12-09 08:29:38.104 W/audio_hw_generic( 1310): Not supplying enough data to HAL, expected position 37154534 , only wrote 37154149
12-09 08:29:38.116 W/ActivityManager( 1595): Bad activity token: android.os.BinderProxy@b314d5
12-09 08:29:38.116 W/ActivityManager( 1595): java.lang.ClassCastException: android.os.BinderProxy cannot be cast to com.android.server.am.ActivityRecord$Token
12-09 08:29:38.116 W/ActivityManager( 1595): 	at com.android.server.am.ActivityRecord.forTokenLocked(ActivityRecord.java:424)
12-09 08:29:38.116 W/ActivityManager( 1595): 	at com.android.server.am.ActivityRecord.isInStackLocked(ActivityRecord.java:1121)
12-09 08:29:38.116 W/ActivityManager( 1595): 	at com.android.server.am.ActivityManagerService.getActivityOptions(ActivityManagerService.java:11038)
12-09 08:29:38.116 W/ActivityManager( 1595): 	at android.app.ActivityManagerNative.onTransact(ActivityManagerNative.java:1734)
12-09 08:29:38.116 W/ActivityManager( 1595): 	at com.android.server.am.ActivityManagerService.onTransact(ActivityManagerService.java:2443)
12-09 08:29:38.116 W/ActivityManager( 1595): 	at android.os.Binder.execTransact(Binder.java:453)
12-09 08:29:38.116 W/ActivityManager( 1595): Bad activity token: android.os.BinderProxy@b314d5
12-09 08:29:38.116 W/ActivityManager( 1595): java.lang.ClassCastException: android.os.BinderProxy cannot be cast to com.android.server.am.ActivityRecord$Token
12-09 08:29:38.116 W/ActivityManager( 1595): 	at com.android.server.am.ActivityRecord.forTokenLocked(ActivityRecord.java:424)
12-09 08:29:38.116 W/ActivityManager( 1595): 	at com.android.server.am.ActivityRecord.isInStackLocked(ActivityRecord.java:1121)
12-09 08:29:38.116 W/ActivityManager( 1595): 	at com.android.server.am.ActivityManagerService.getActivityOptions(ActivityManagerService.java:11038)
12-09 08:29:38.116 W/ActivityManager( 1595): 	at android.app.ActivityManagerNative.onTransact(ActivityManagerNative.java:1734)
12-09 08:29:38.116 W/ActivityManager( 1595): 	at com.android.server.am.ActivityManagerService.onTransact(ActivityManagerService.java:2443)
12-09 08:29:38.116 W/ActivityManager( 1595): 	at android.os.Binder.execTransact(Binder.java:453)
12-09 08:29:38.180 W/audio_hw_generic( 1310): Not supplying enough data to HAL, expected position 37157522 , only wrote 37157454
12-09 08:29:38.274 I/art     (18444): Background sticky concurrent mark sweep GC freed 34471(1585KB) AllocSpace objects, 1(20KB) LOS objects, 11% free, 3MB/4MB, paused 7.201ms total 169.453ms
12-09 08:29:38.602 W/audio_hw_generic( 1310): Not supplying enough data to HAL, expected position 37176079 , only wrote 37175962
12-09 08:29:38.646 E/SurfaceFlinger( 1219): ro.sf.lcd_density must be defined as a build property
12-09 08:29:38.647 D/gralloc_ranchu( 1219): gralloc_alloc: Creating ashmem region of size 3686400
12-09 08:29:38.691 D/        (18520): HostConnection::get() New Host Connection established 0x7f371ffd2480, tid 18520
12-09 08:29:38.704 E/EGL_emulation( 1219): tid 1219: eglCreateSyncKHR(1881): error 0x3004 (EGL_BAD_ATTRIBUTE)
12-09 08:29:38.772 W/audio_hw_generic( 1310): Not supplying enough data to HAL, expected position 37183423 , only wrote 37182572
12-09 08:29:38.772 W/audio_hw_generic( 1310): Not supplying enough data to HAL, expected position 37182578 , only wrote 37182572
12-09 08:29:38.872 W/audio_hw_generic( 1310): Not supplying enough data to HAL, expected position 37187001 , only wrote 37185877
12-09 08:29:38.872 W/audio_hw_generic( 1310): Not supplying enough data to HAL, expected position 37185884 , only wrote 37185877
12-09 08:29:39.203 W/audio_hw_generic( 1310): Not supplying enough data to HAL, expected position 37200446 , only wrote 37198436
12-09 08:29:39.208 W/audio_hw_generic( 1310): Not supplying enough data to HAL, expected position 37198663 , only wrote 37198436
12-09 08:29:39.247 W/audio_hw_generic( 1310): Not supplying enough data to HAL, expected position 37200147 , only wrote 37199097
12-09 08:29:39.602 W/audio_hw_generic( 1310): Not supplying enough data to HAL, expected position 37214761 , only wrote 37210995
12-09 08:29:39.602 W/audio_hw_generic( 1310): Not supplying enough data to HAL, expected position 37211001 , only wrote 37210995
12-09 08:29:39.616 I/System.out(18444): URI: //gesture
12-09 08:29:39.616 I/System.out(18444): params: {json={"query_timeout":5.0,"gestures":[{"query_string":"android.widget.TabWidget descendant TextView index:2","touches":[{"x":50,"y":50,"offset_x":0,"offset_y":0,"wait":0.0,"time":0.2,"release":true,"query_string":null}]}]}
12-09 08:29:39.616 I/System.out(18444): }
12-09 08:29:39.620 W/audio_hw_generic( 1310): Not supplying enough data to HAL, expected position 37211764 , only wrote 37211656
12-09 08:29:39.656 W/audio_hw_generic( 1310): Hardware backing HAL too slow, could only write 0 of 661 frames
12-09 08:29:39.696 W/audio_hw_generic( 1310): Not supplying enough data to HAL, expected position 37215033 , only wrote 37214961
12-09 08:29:39.696 W/audio_hw_generic( 1310): Not supplying enough data to HAL, expected position 37214967 , only wrote 37214961
12-09 08:29:39.712 W/audio_hw_generic( 1310): Not supplying enough data to HAL, expected position 37215647 , only wrote 37215622
12-09 08:29:39.979 W/audio_hw_generic( 1310): Not supplying enough data to HAL, expected position 37227394 , only wrote 37226198
12-09 08:29:39.979 W/audio_hw_generic( 1310): Not supplying enough data to HAL, expected position 37226207 , only wrote 37226198
12-09 08:29:39.996 W/audio_hw_generic( 1310): Not supplying enough data to HAL, expected position 37226929 , only wrote 37226859
12-09 08:29:40.111 W/audio_hw_generic( 1310): Not supplying enough data to HAL, expected position 37231961 , only wrote 37229503
12-09 08:29:40.131 W/audio_hw_generic( 1310): Not supplying enough data to HAL, expected position 37230385 , only wrote 37229503
12-09 08:29:40.185 W/audio_hw_generic( 1310): Not supplying enough data to HAL, expected position 37231864 , only wrote 37230825
12-09 08:29:40.189 I/calabash(18444): newActivity1
12-09 08:29:40.200 W/ActivityManager( 1595): Bad activity token: android.os.BinderProxy@e56f4ea
12-09 08:29:40.200 W/ActivityManager( 1595): java.lang.ClassCastException: android.os.BinderProxy cannot be cast to com.android.server.am.ActivityRecord$Token
12-09 08:29:40.200 W/ActivityManager( 1595): 	at com.android.server.am.ActivityRecord.forTokenLocked(ActivityRecord.java:424)
12-09 08:29:40.200 W/ActivityManager( 1595): 	at com.android.server.am.ActivityRecord.isInStackLocked(ActivityRecord.java:1121)
12-09 08:29:40.200 W/ActivityManager( 1595): 	at com.android.server.am.ActivityRecord.getStackLocked(ActivityRecord.java:1126)
12-09 08:29:40.200 W/ActivityManager( 1595): 	at com.android.server.am.ActivityManagerService.getActivityDisplayId(ActivityManagerService.java:8889)
12-09 08:29:40.200 W/ActivityManager( 1595): 	at android.app.ActivityManagerNative.onTransact(ActivityManagerNative.java:2338)
12-09 08:29:40.200 W/ActivityManager( 1595): 	at com.android.server.am.ActivityManagerService.onTransact(ActivityManagerService.java:2443)
12-09 08:29:40.200 W/ActivityManager( 1595): 	at android.os.Binder.execTransact(Binder.java:453)
12-09 08:29:40.204 W/ActivityManager( 1595): Bad activity token: android.os.BinderProxy@e56f4ea
12-09 08:29:40.204 W/ActivityManager( 1595): java.lang.ClassCastException: android.os.BinderProxy cannot be cast to com.android.server.am.ActivityRecord$Token
12-09 08:29:40.204 W/ActivityManager( 1595): 	at com.android.server.am.ActivityRecord.forTokenLocked(ActivityRecord.java:424)
12-09 08:29:40.204 W/ActivityManager( 1595): 	at com.android.server.am.ActivityRecord.isInStackLocked(ActivityRecord.java:1121)
12-09 08:29:40.204 W/ActivityManager( 1595): 	at com.android.server.am.ActivityManagerService.setTaskDescription(ActivityManagerService.java:8547)
12-09 08:29:40.204 W/ActivityManager( 1595): 	at android.app.ActivityManagerNative.onTransact(ActivityManagerNative.java:2410)
12-09 08:29:40.204 W/ActivityManager( 1595): 	at com.android.server.am.ActivityManagerService.onTransact(ActivityManagerService.java:2443)
12-09 08:29:40.204 W/ActivityManager( 1595): 	at android.os.Binder.execTransact(Binder.java:453)
12-09 08:29:40.340 W/audio_hw_generic( 1310): Not supplying enough data to HAL, expected position 37237643 , only wrote 37237435
12-09 08:29:40.346 W/audio_hw_generic( 1310): Not supplying enough data to HAL, expected position 37237719 , only wrote 37237435
12-09 08:29:40.376 W/audio_hw_generic( 1310): Not supplying enough data to HAL, expected position 37238730 , only wrote 37238096
12-09 08:29:40.396 D/AudioFlinger( 1310): mixer(0xf4300000) throttle end: throttle time(37)
12-09 08:29:40.445 W/audio_hw_generic( 1310): Hardware backing HAL too slow, could only write 0 of 661 frames
12-09 08:29:40.484 D/VehicleStatisticsActivity(18444): Checking recalculation ...
12-09 08:29:40.504 D/VehicleStatisticsActivity(18444): Recalculation not necessary.
12-09 08:29:40.535 W/audio_hw_generic( 1310): Not supplying enough data to HAL, expected position 37245129 , only wrote 37244706
12-09 08:29:40.535 W/audio_hw_generic( 1310): Not supplying enough data to HAL, expected position 37244712 , only wrote 37244706
12-09 08:29:40.537 W/ActivityManager( 1595): Bad activity token: android.os.BinderProxy@e56f4ea
12-09 08:29:40.537 W/ActivityManager( 1595): java.lang.ClassCastException: android.os.BinderProxy cannot be cast to com.android.server.am.ActivityRecord$Token
12-09 08:29:40.537 W/ActivityManager( 1595): 	at com.android.server.am.ActivityRecord.forTokenLocked(ActivityRecord.java:424)
12-09 08:29:40.537 W/ActivityManager( 1595): 	at com.android.server.am.ActivityRecord.isInStackLocked(ActivityRecord.java:1121)
12-09 08:29:40.537 W/ActivityManager( 1595): 	at com.android.server.am.ActivityManagerService.getActivityOptions(ActivityManagerService.java:11038)
12-09 08:29:40.537 W/ActivityManager( 1595): 	at android.app.ActivityManagerNative.onTransact(ActivityManagerNative.java:1734)
12-09 08:29:40.537 W/ActivityManager( 1595): 	at com.android.server.am.ActivityManagerService.onTransact(ActivityManagerService.java:2443)
12-09 08:29:40.537 W/ActivityManager( 1595): 	at android.os.Binder.execTransact(Binder.java:453)
12-09 08:29:40.537 W/ActivityManager( 1595): Bad activity token: android.os.BinderProxy@e56f4ea
