--------- beginning of main
12-09 08:07:39.798 E/EGL_emulation( 1224): tid 1224: eglCreateSyncKHR(1881): error 0x3004 (EGL_BAD_ATTRIBUTE)
--------- beginning of system
12-09 08:07:39.825 W/ActivityManager( 1592): Finishing task with all activities already finished
12-09 08:07:39.825 W/ActivityManager( 1592): Duplicate finish request for ActivityRecord{70e9e17 u0 com.evancharlton.mileage/.Mileage t409 f}
12-09 08:07:39.835 W/ActivityManager( 1592): Finishing task with all activities already finished
12-09 08:07:39.839 W/ActivityManager( 1592): Duplicate finish request for ActivityRecord{70e9e17 u0 com.evancharlton.mileage/.Mileage t409 f}
12-09 08:07:39.840 W/ActivityManager( 1592): Finishing task with all activities already finished
12-09 08:07:39.840 W/ActivityManager( 1592): Duplicate finish request for ActivityRecord{70e9e17 u0 com.evancharlton.mileage/.Mileage t409 f}
12-09 08:07:39.966 D/EGL_emulation( 1933): eglMakeCurrent: 0x7f28c5d61aa0: ver 2 0 (tinfo 0x7f28c5d42860)
12-09 08:07:39.988 I/art     ( 1592): Background partial concurrent mark sweep GC freed 13161(846KB) AllocSpace objects, 6(120KB) LOS objects, 29% free, 9MB/13MB, paused 5.394ms total 174.700ms
12-09 08:07:40.055 W/audio_hw_generic( 1308): Not supplying enough data to HAL, expected position 23568208 , only wrote 23567294
12-09 08:07:40.088 W/audio_hw_generic( 1308): Not supplying enough data to HAL, expected position 23568739 , only wrote 23568616
12-09 08:07:40.539 I/Choreographer( 1933): Skipped 31 frames!  The application may be doing too much work on its main thread.
12-09 08:07:40.668 D/AndroidRuntime(11913): >>>>>> START com.android.internal.os.RuntimeInit uid 0 <<<<<<
12-09 08:07:40.674 D/AndroidRuntime(11913): CheckJNI is ON
12-09 08:07:40.718 D/ICU     (11913): No timezone override file found: /data/misc/zoneinfo/current/icu/icu_tzdata.dat
12-09 08:07:40.788 W/audio_hw_generic( 1308): Not supplying enough data to HAL, expected position 23599465 , only wrote 23598361
12-09 08:07:40.788 W/audio_hw_generic( 1308): Not supplying enough data to HAL, expected position 23598367 , only wrote 23598361
12-09 08:07:40.812 W/audio_hw_generic( 1308): Not supplying enough data to HAL, expected position 23599402 , only wrote 23599022
12-09 08:07:40.869 W/OpenGLRenderer( 1933): Incorrectly called buildLayer on View: ShortcutAndWidgetContainer, destroying layer...
12-09 08:07:40.882 E/memtrack(11913): Couldn't load memtrack module (No such file or directory)
12-09 08:07:40.882 E/android.os.Debug(11913): failed to load memtrack module: -2
12-09 08:07:40.896 I/Radio-JNI(11913): register_android_hardware_Radio DONE
12-09 08:07:40.933 D/AndroidRuntime(11913): Calling main entry com.android.commands.am.Am
12-09 08:07:40.934 I/ActivityManager( 1592): Force stopping com.evancharlton.mileage appid=10129 user=0: start instr
12-09 08:07:40.935 I/ActivityManager( 1592): Killing 11869:com.evancharlton.mileage/u0a129 (adj 0): stop com.evancharlton.mileage
12-09 08:07:40.976 W/audio_hw_generic( 1308): Not supplying enough data to HAL, expected position 23606254 , only wrote 23604971
12-09 08:07:41.012 W/audio_hw_generic( 1308): Not supplying enough data to HAL, expected position 23606567 , only wrote 23606293
12-09 08:07:41.015 W/audio_hw_generic( 1308): Hardware backing HAL too slow, could only write 0 of 661 frames
12-09 08:07:41.036 W/audio_hw_generic( 1308): Hardware backing HAL too slow, could only write 0 of 661 frames
12-09 08:07:41.059 W/audio_hw_generic( 1308): Hardware backing HAL too slow, could only write 0 of 661 frames
12-09 08:07:41.081 W/audio_hw_generic( 1308): Hardware backing HAL too slow, could only write 0 of 661 frames
12-09 08:07:41.099 W/audio_hw_generic( 1308): Hardware backing HAL too slow, could only write 0 of 661 frames
12-09 08:07:41.167 W/audio_hw_generic( 1308): Hardware backing HAL too slow, could only write 0 of 661 frames
12-09 08:07:41.167 W/audio_hw_generic( 1308): Not supplying enough data to HAL, expected position 23613148 , only wrote 23611581
12-09 08:07:41.167 W/audio_hw_generic( 1308): Not supplying enough data to HAL, expected position 23611586 , only wrote 23611581
12-09 08:07:41.185 W/audio_hw_generic( 1308): Not supplying enough data to HAL, expected position 23612346 , only wrote 23612242
12-09 08:07:41.216 I/WindowState( 1592): WIN DEATH: Window{93d83a5 u0 com.evancharlton.mileage/com.evancharlton.mileage.Mileage}
12-09 08:07:41.218 W/ActivityManager( 1592): Crash of app com.evancharlton.mileage running instrumentation ComponentInfo{com.evancharlton.mileage.test/sh.calaba.instrumentationbackend.CalabashInstrumentationTestRunner}
12-09 08:07:41.218 I/ActivityManager( 1592): Force stopping com.evancharlton.mileage appid=10129 user=0: finished inst
12-09 08:07:41.219 W/audio_hw_generic( 1308): Not supplying enough data to HAL, expected position 23614453 , only wrote 23613564
12-09 08:07:41.291 I/ActivityManager( 1592): Start proc 11922:com.evancharlton.mileage/u0a129 for added application com.evancharlton.mileage
12-09 08:07:41.293 D/AndroidRuntime(11913): Shutting down VM
12-09 08:07:41.300 W/art     ( 1592): Long monitor contention event with owner method=boolean com.android.server.am.ActivityManagerService.startInstrumentation(android.content.ComponentName, java.lang.String, int, android.os.Bundle, android.app.IInstrumentationWatcher, android.app.IUiAutomationConnection, int, java.lang.String) from ActivityManagerService.java:17066 waiters=0 for 365ms
12-09 08:07:41.303 W/art     ( 1592): Long monitor contention event with owner method=boolean com.android.server.am.ActivityManagerService.startInstrumentation(android.content.ComponentName, java.lang.String, int, android.os.Bundle, android.app.IInstrumentationWatcher, android.app.IUiAutomationConnection, int, java.lang.String) from ActivityManagerService.java:17066 waiters=2 for 239ms
12-09 08:07:41.354 W/System  (11922): ClassLoader referenced unknown path: /data/app/com.evancharlton.mileage.test-1/lib/x86_64
12-09 08:07:41.354 W/System  (11922): ClassLoader referenced unknown path: /data/app/com.evancharlton.mileage-1/lib/x86_64
12-09 08:07:41.421 I/System.out(11922): Main activity name automatically set to: com.evancharlton.mileage.Mileage
12-09 08:07:41.422 I/System.out(11922): Calabash did not load Mono. This is only a problem if you are trying to test a Mono application
12-09 08:07:41.422 I/calabash(11922): Test server port: 7102
12-09 08:07:41.431 I/InstrumentationBackend(11922): Added:'GetPreferences', with key:'get_preferences'
12-09 08:07:41.574 I/art     (11922): Background partial concurrent mark sweep GC freed 48233(1746KB) AllocSpace objects, 0(0B) LOS objects, 57% free, 757KB/1781KB, paused 924us total 137.559ms
12-09 08:07:41.613 I/InstrumentationBackend(11922): Added:'SetPreferences', with key:'set_preferences'
12-09 08:07:41.613 I/InstrumentationBackend(11922): Added:'ClearPreferences', with key:'clear_preferences'
12-09 08:07:41.613 I/InstrumentationBackend(11922): Added:'PressElement', with key:'press_l10n_element'
12-09 08:07:41.613 I/InstrumentationBackend(11922): Added:'WaitForElement', with key:'wait_for_l10n_element'
12-09 08:07:41.613 I/InstrumentationBackend(11922): Added:'NullAction', with key:'nullAction'
12-09 08:07:41.614 I/InstrumentationBackend(11922): Added:'PressKey', with key:'press_key'
12-09 08:07:41.614 I/InstrumentationBackend(11922): Added:'SetActivityOrientation', with key:'set_activity_orientation'
12-09 08:07:41.614 I/InstrumentationBackend(11922): Added:'GetActivityOrientation', with key:'get_activity_orientation'
12-09 08:07:41.614 I/InstrumentationBackend(11922): Added:'FakeGPSLocation', with key:'set_gps_coordinates'
12-09 08:07:41.614 I/InstrumentationBackend(11922): Added:'SetPropertyByCssSelector', with key:'set_property_by_css_selector'
12-09 08:07:41.615 I/InstrumentationBackend(11922): Added:'GetUrl', with key:'get_url'
12-09 08:07:41.619 I/InstrumentationBackend(11922): Added:'ScrollTo', with key:'scroll_to'
12-09 08:07:41.620 I/InstrumentationBackend(11922): Added:'GetLoadProgress', with key:'get_load_progress'
12-09 08:07:41.620 I/InstrumentationBackend(11922): Added:'DumpHtml', with key:'dump_html'
12-09 08:07:41.620 I/InstrumentationBackend(11922): Added:'DumpBodyHtml', with key:'dump_body_html'
12-09 08:07:41.620 I/InstrumentationBackend(11922): Added:'EnterTextByCssSelector', with key:'enter_text_by_selector'
12-09 08:07:41.621 I/InstrumentationBackend(11922): Added:'AndroidSDKVersion', with key:'android_sdk_version'
12-09 08:07:41.621 I/InstrumentationBackend(11922): Added:'Version', with key:'version'
12-09 08:07:41.622 I/InstrumentationBackend(11922): Added:'Drag', with key:'drag'
12-09 08:07:41.622 I/InstrumentationBackend(11922): Added:'TouchCoordinates', with key:'touch_coordinate'
12-09 08:07:41.622 I/InstrumentationBackend(11922): Added:'LongPressCoordinate', with key:'long_press_coordinate'
12-09 08:07:41.622 I/InstrumentationBackend(11922): Added:'DragCoordinates', with key:'drag_coordinates'
12-09 08:07:41.622 I/InstrumentationBackend(11922): Added:'ResumeApplication', with key:'resume_application'
12-09 08:07:41.622 I/InstrumentationBackend(11922): Added:'Swipe', with key:'swipe'
12-09 08:07:41.623 I/InstrumentationBackend(11922): Added:'DoubleTapCoordinate', with key:'double_tap_coordinate'
12-09 08:07:41.623 I/InstrumentationBackend(11922): Added:'ClickOnScreen', with key:'click_on_screen'
12-09 08:07:41.623 I/InstrumentationBackend(11922): Added:'GetActivityName', with key:'get_activity_name'
12-09 08:07:41.624 I/InstrumentationBackend(11922): Added:'ScrollToView', with key:'scroll_to_view'
12-09 08:07:41.624 I/InstrumentationBackend(11922): Added:'ViewConfiguration', with key:'view_configuration'
12-09 08:07:41.624 I/InstrumentationBackend(11922): Added:'IsCurrentActivityFocused', with key:'is_current_activity_focused'
12-09 08:07:41.624 I/InstrumentationBackend(11922): Added:'SendTcp', with key:'send_tcp'
12-09 08:07:41.624 I/InstrumentationBackend(11922): Added:'DpToDevicePixel', with key:'dp_to_device_pixel'
12-09 08:07:41.625 I/InstrumentationBackend(11922): Added:'KeyboardEnterText', with key:'keyboard_enter_text'
12-09 08:07:41.631 I/InstrumentationBackend(11922): Added:'DeleteSurroundingText', with key:'delete_surrounding_text'
12-09 08:07:41.631 I/InstrumentationBackend(11922): Added:'SetComposingRegion', with key:'set_composing_region'
12-09 08:07:41.631 I/InstrumentationBackend(11922): Added:'SetSelection', with key:'set_selection'
12-09 08:07:41.632 I/InstrumentationBackend(11922): Added:'KeyboardKeyEvent', with key:'keyboard_key_event'
12-09 08:07:41.632 I/InstrumentationBackend(11922): Added:'PressUserActionButton', with key:'press_user_action_button'
12-09 08:07:41.632 I/InstrumentationBackend(11922): Added:'HideSoftKeyboard', with key:'hide_soft_keyboard'
12-09 08:07:41.632 I/InstrumentationBackend(11922): Added:'ListActions', with key:'list_actions'
12-09 08:07:41.633 I/calabash(11922): Instantiating http server at 7102
12-09 08:07:41.633 I/System.out(11922): HTTP Daemon listening on: 7102
12-09 08:07:41.728 I/System.out(11922): URI: //ping
12-09 08:07:41.728 I/System.out(11922): params: {json={}
12-09 08:07:41.729 I/System.out(11922): }
12-09 08:07:41.768 I/System.out(11922): URI: //ping
12-09 08:07:41.768 I/System.out(11922): params: {json={}
12-09 08:07:41.768 I/System.out(11922): }
12-09 08:07:41.803 I/System.out(11922): URI: //ready
12-09 08:07:41.803 I/System.out(11922): params: {json={}
12-09 08:07:41.804 I/System.out(11922): }
12-09 08:07:41.937 I/System.out(11922): URI: //
12-09 08:07:41.937 I/System.out(11922): params: {json={"command":"version","arguments":[]}
12-09 08:07:41.937 I/System.out(11922): }
12-09 08:07:41.937 I/System.out(11922): header: {date=Sun, 09 Dec 2018 08:07:42 GMT, accept=*/*, content-length=36, host=127.0.0.1:34777, user-agent=HTTPClient/1.0 (2.8.3, ruby 2.3.1 (2016-04-26)), content-type=application/json;charset=utf-8}
12-09 08:07:41.937 I/System.out(11922): params: {json={"command":"version","arguments":[]}
12-09 08:07:41.937 I/System.out(11922): }
12-09 08:07:41.937 I/System.out(11922): ProP json = {"command":"version","arguments":[]}
12-09 08:07:41.937 I/System.out(11922): files: {}
12-09 08:07:41.937 I/System.out(11922): command: {"command":"version","arguments":[]}
12-09 08:07:41.946 I/InstrumentationBackend(11922): Got command:'Command:'Line:null,version', arguments:'[]'
12-09 08:07:41.979 W/art     (11922): Suspending all threads took: 7.801ms
12-09 08:07:42.035 I/art     (11922): Background partial concurrent mark sweep GC freed 8421(405KB) AllocSpace objects, 3(60KB) LOS objects, 45% free, 1230KB/2MB, paused 12.153ms total 66.641ms
12-09 08:07:42.100 I/System.out(11922): result:{"bonusInformation":[],"message":"0.9.8","success":true}
12-09 08:07:42.203 I/System.out(11922): URI: //start-application
12-09 08:07:42.203 I/System.out(11922): params: {json={"intent":null}
12-09 08:07:42.203 I/System.out(11922): }
12-09 08:07:42.264 I/ActivityManager( 1592): START u0 {act=android.intent.action.MAIN cat=[android.intent.category.LAUNCHER] flg=0x10200000 cmp=com.evancharlton.mileage/.Mileage} from uid 10129 on display 0
12-09 08:07:42.367 I/art     (11922): Background sticky concurrent mark sweep GC freed 22710(1093KB) AllocSpace objects, 2(40KB) LOS objects, 39% free, 1374KB/2MB, paused 973us total 134.914ms
12-09 08:07:42.447 I/calabash(11922): newActivity1
12-09 08:07:42.456 W/art     ( 1592): Long monitor contention event with owner method=void com.android.server.am.ActivityManagerService.activityPaused(android.os.IBinder) from ActivityManagerService.java:6439 waiters=0 for 103ms
12-09 08:07:42.512 I/calabash(11922): newActivity1
12-09 08:07:42.514 W/ActivityManager( 1592): Bad activity token: android.os.BinderProxy@5dea3f6
12-09 08:07:42.514 W/ActivityManager( 1592): java.lang.ClassCastException: android.os.BinderProxy cannot be cast to com.android.server.am.ActivityRecord$Token
12-09 08:07:42.514 W/ActivityManager( 1592): 	at com.android.server.am.ActivityRecord.forTokenLocked(ActivityRecord.java:424)
12-09 08:07:42.514 W/ActivityManager( 1592): 	at com.android.server.am.ActivityRecord.isInStackLocked(ActivityRecord.java:1121)
12-09 08:07:42.514 W/ActivityManager( 1592): 	at com.android.server.am.ActivityRecord.getStackLocked(ActivityRecord.java:1126)
12-09 08:07:42.514 W/ActivityManager( 1592): 	at com.android.server.am.ActivityManagerService.getActivityDisplayId(ActivityManagerService.java:8889)
12-09 08:07:42.514 W/ActivityManager( 1592): 	at android.app.ActivityManagerNative.onTransact(ActivityManagerNative.java:2338)
12-09 08:07:42.514 W/ActivityManager( 1592): 	at com.android.server.am.ActivityManagerService.onTransact(ActivityManagerService.java:2443)
12-09 08:07:42.514 W/ActivityManager( 1592): 	at android.os.Binder.execTransact(Binder.java:453)
12-09 08:07:42.514 W/ActivityManager( 1592): Bad activity token: android.os.BinderProxy@5dea3f6
12-09 08:07:42.514 W/ActivityManager( 1592): java.lang.ClassCastException: android.os.BinderProxy cannot be cast to com.android.server.am.ActivityRecord$Token
12-09 08:07:42.514 W/ActivityManager( 1592): 	at com.android.server.am.ActivityRecord.forTokenLocked(ActivityRecord.java:424)
12-09 08:07:42.514 W/ActivityManager( 1592): 	at com.android.server.am.ActivityRecord.isInStackLocked(ActivityRecord.java:1121)
12-09 08:07:42.514 W/ActivityManager( 1592): 	at com.android.server.am.ActivityManagerService.setTaskDescription(ActivityManagerService.java:8547)
12-09 08:07:42.514 W/ActivityManager( 1592): 	at android.app.ActivityManagerNative.onTransact(ActivityManagerNative.java:2410)
12-09 08:07:42.514 W/ActivityManager( 1592): 	at com.android.server.am.ActivityManagerService.onTransact(ActivityManagerService.java:2443)
12-09 08:07:42.514 W/ActivityManager( 1592): 	at android.os.Binder.execTransact(Binder.java:453)
12-09 08:07:42.632 W/ActivityManager( 1592): Bad activity token: android.os.BinderProxy@5dea3f6
12-09 08:07:42.632 W/ActivityManager( 1592): java.lang.ClassCastException: android.os.BinderProxy cannot be cast to com.android.server.am.ActivityRecord$Token
12-09 08:07:42.632 W/ActivityManager( 1592): 	at com.android.server.am.ActivityRecord.forTokenLocked(ActivityRecord.java:424)
12-09 08:07:42.632 W/ActivityManager( 1592): 	at com.android.server.am.ActivityRecord.isInStackLocked(ActivityRecord.java:1121)
12-09 08:07:42.632 W/ActivityManager( 1592): 	at com.android.server.am.ActivityManagerService.getActivityOptions(ActivityManagerService.java:11038)
12-09 08:07:42.632 W/ActivityManager( 1592): 	at android.app.ActivityManagerNative.onTransact(ActivityManagerNative.java:1734)
12-09 08:07:42.632 W/ActivityManager( 1592): 	at com.android.server.am.ActivityManagerService.onTransact(ActivityManagerService.java:2443)
12-09 08:07:42.632 W/ActivityManager( 1592): 	at android.os.Binder.execTransact(Binder.java:453)
12-09 08:07:42.632 W/ActivityManager( 1592): Bad activity token: android.os.BinderProxy@5dea3f6
12-09 08:07:42.632 W/ActivityManager( 1592): java.lang.ClassCastException: android.os.BinderProxy cannot be cast to com.android.server.am.ActivityRecord$Token
12-09 08:07:42.632 W/ActivityManager( 1592): 	at com.android.server.am.ActivityRecord.forTokenLocked(ActivityRecord.java:424)
12-09 08:07:42.632 W/ActivityManager( 1592): 	at com.android.server.am.ActivityRecord.isInStackLocked(ActivityRecord.java:1121)
12-09 08:07:42.632 W/ActivityManager( 1592): 	at com.android.server.am.ActivityManagerService.getActivityOptions(ActivityManagerService.java:11038)
12-09 08:07:42.632 W/ActivityManager( 1592): 	at android.app.ActivityManagerNative.onTransact(ActivityManagerNative.java:1734)
12-09 08:07:42.632 W/ActivityManager( 1592): 	at com.android.server.am.ActivityManagerService.onTransact(ActivityManagerService.java:2443)
12-09 08:07:42.632 W/ActivityManager( 1592): 	at android.os.Binder.execTransact(Binder.java:453)
12-09 08:07:42.660 D/gralloc_ranchu( 1224): gralloc_alloc: Creating ashmem region of size 3686400
12-09 08:07:42.789 V/PhoneStatusBar( 3051): setLightsOn(true)
12-09 08:07:42.888 D/gralloc_ranchu( 1224): gralloc_alloc: Creating ashmem region of size 3686400
12-09 08:07:42.925 V/PhoneStatusBar( 3051): setLightsOn(true)
12-09 08:07:42.941 D/EGL_emulation( 1933): eglMakeCurrent: 0x7f28c5d61aa0: ver 2 0 (tinfo 0x7f28c5d42860)
12-09 08:07:42.942 E/Surface ( 1933): getSlotFromBufferLocked: unknown buffer: 0x7f28c2276080
12-09 08:07:42.949 D/        (11922): HostConnection::get() New Host Connection established 0x7f28c239cc20, tid 11922
12-09 08:07:43.212 W/art     ( 1592): Long monitor contention event with owner method=void com.android.server.wm.WindowAnimator$1.doFrame(long) from WindowAnimator.java:121 waiters=1 for 264ms
12-09 08:07:43.213 W/art     ( 1592): Long monitor contention event with owner method=void com.android.server.wm.WindowAnimator$1.doFrame(long) from WindowAnimator.java:121 waiters=1 for 204ms
12-09 08:07:43.273 D/gralloc_ranchu( 1224): gralloc_alloc: Creating ashmem region of size 3686400
12-09 08:07:43.633 I/ActivityManager( 1592): Displayed com.evancharlton.mileage/.Mileage: +1s274ms
12-09 08:07:44.098 D/gralloc_ranchu( 1224): gralloc_alloc: Creating ashmem region of size 3686400
12-09 08:07:44.361 W/art     ( 1592): Long monitor contention event with owner method=void com.android.server.am.ActivityStackSupervisor$ActivityStackSupervisorHandler.activityIdleInternal(com.android.server.am.ActivityRecord) from ActivityStackSupervisor.java:4011 waiters=0 for 374ms
12-09 08:07:44.900 I/System.out(11922): URI: //map
12-09 08:07:44.900 I/System.out(11922): params: {json={"query":"android.widget.EditText id:'price'","operation":{"method_name":"query","arguments":[]}}
12-09 08:07:44.900 I/System.out(11922): }
12-09 08:07:44.959 W/art     (11922): Suspending all threads took: 26.894ms
12-09 08:07:44.995 I/art     (11922): Background sticky concurrent mark sweep GC freed 25843(1205KB) AllocSpace objects, 2(40KB) LOS objects, 31% free, 2MB/3MB, paused 28.013ms total 85.988ms
12-09 08:07:45.056 W/ResourceType(11922): No package identifier when getting name for resource number 0x00000001
12-09 08:07:45.235 I/System.out(11922): URI: //gesture
12-09 08:07:45.235 I/System.out(11922): params: {json={"query_timeout":5.0,"gestures":[{"query_string":"android.widget.EditText id:'price'","touches":[{"x":50,"y":50,"offset_x":0,"offset_y":0,"wait":0.0,"time":0.2,"release":true,"query_string":null}]}]}
12-09 08:07:45.235 I/System.out(11922): }
12-09 08:07:45.240 I/art     (11922): Background sticky concurrent mark sweep GC freed 32870(1540KB) AllocSpace objects, 1(20KB) LOS objects, 24% free, 2MB/3MB, paused 977us total 147.525ms
12-09 08:07:45.258 W/ResourceType(11922): No package identifier when getting name for resource number 0x00000001
12-09 08:07:45.841 I/LatinIME( 1862): Starting input. Cursor position = 0,0
12-09 08:07:46.267 D/EGL_emulation( 1862): eglMakeCurrent: 0x7f28ba1c4220: ver 2 0 (tinfo 0x7f28ba1d96a0)
12-09 08:07:46.432 I/System.out(11922): URI: //
12-09 08:07:46.432 I/System.out(11922): params: {json={"command":"set_selection","arguments":[-1,-1]}
12-09 08:07:46.432 I/System.out(11922): }
12-09 08:07:46.433 I/System.out(11922): header: {date=Sun, 09 Dec 2018 08:07:47 GMT, accept=*/*, content-length=47, host=127.0.0.1:34777, user-agent=HTTPClient/1.0 (2.8.3, ruby 2.3.1 (2016-04-26)), content-type=application/json;charset=utf-8}
12-09 08:07:46.433 I/System.out(11922): params: {json={"command":"set_selection","arguments":[-1,-1]}
12-09 08:07:46.433 I/System.out(11922): }
12-09 08:07:46.433 I/System.out(11922): ProP json = {"command":"set_selection","arguments":[-1,-1]}
12-09 08:07:46.433 I/System.out(11922): files: {}
12-09 08:07:46.433 I/System.out(11922): command: {"command":"set_selection","arguments":[-1,-1]}
12-09 08:07:46.434 I/InstrumentationBackend(11922): Got command:'Command:'Line:null,set_selection', arguments:'[-1, -1]'
12-09 08:07:46.526 I/System.out(11922): result:{"bonusInformation":[],"message":"","success":true}
12-09 08:07:46.718 W/art     ( 1862): Suspending all threads took: 7.771ms
12-09 08:07:46.722 I/art     ( 1862): Background sticky concurrent mark sweep GC freed 2529(248KB) AllocSpace objects, 1(36KB) LOS objects, 18% free, 2MB/2MB, paused 8.935ms total 58.148ms
12-09 08:07:46.766 I/System.out(11922): URI: //
12-09 08:07:46.766 I/System.out(11922): params: {json={"command":"keyboard_enter_text","arguments":["-321ßå∂˚¡–ºß123"]}
12-09 08:07:46.766 I/System.out(11922): }
12-09 08:07:46.766 I/System.out(11922): header: {date=Sun, 09 Dec 2018 08:07:47 GMT, accept=*/*, content-length=75, host=127.0.0.1:34777, user-agent=HTTPClient/1.0 (2.8.3, ruby 2.3.1 (2016-04-26)), content-type=application/json;charset=utf-8}
12-09 08:07:46.766 I/System.out(11922): params: {json={"command":"keyboard_enter_text","arguments":["-321ßå∂˚¡–ºß123"]}
12-09 08:07:46.766 I/System.out(11922): }
12-09 08:07:46.767 I/System.out(11922): ProP json = {"command":"keyboard_enter_text","arguments":["-321ßå∂˚¡–ºß123"]}
12-09 08:07:46.767 I/System.out(11922): files: {}
12-09 08:07:46.767 I/System.out(11922): command: {"command":"keyboard_enter_text","arguments":["-321ßå∂˚¡–ºß123"]}
12-09 08:07:46.776 I/InstrumentationBackend(11922): Got command:'Command:'Line:null,keyboard_enter_text', arguments:'[-321ßå∂˚¡–ºß123]'
12-09 08:07:46.887 E/SpannableStringBuilder(11922): SPAN_EXCLUSIVE_EXCLUSIVE spans cannot have a zero length
12-09 08:07:46.887 E/SpannableStringBuilder(11922): SPAN_EXCLUSIVE_EXCLUSIVE spans cannot have a zero length
12-09 08:07:47.176 E/SpannableStringBuilder(11922): SPAN_EXCLUSIVE_EXCLUSIVE spans cannot have a zero length
12-09 08:07:47.176 E/SpannableStringBuilder(11922): SPAN_EXCLUSIVE_EXCLUSIVE spans cannot have a zero length
12-09 08:07:47.182 I/System.out(11922): result:{"bonusInformation":[],"message":"","success":true}
12-09 08:07:47.785 E/SurfaceFlinger( 1224): ro.sf.lcd_density must be defined as a build property
12-09 08:07:47.883 D/gralloc_ranchu( 1224): gralloc_alloc: Creating ashmem region of size 3686400
12-09 08:07:47.909 D/        (11954): HostConnection::get() New Host Connection established 0x7fc635752480, tid 11954
12-09 08:07:47.968 E/EGL_emulation( 1224): tid 1224: eglCreateSyncKHR(1881): error 0x3004 (EGL_BAD_ATTRIBUTE)
12-09 08:07:48.871 I/System.out(11922): URI: //map
12-09 08:07:48.872 I/System.out(11922): params: {json={"query":"android.widget.EditText id:'volume'","operation":{"method_name":"query","arguments":[]}}
12-09 08:07:48.872 I/System.out(11922): }
12-09 08:07:48.896 W/ResourceType(11922): No package identifier when getting name for resource number 0x00000001
12-09 08:07:49.007 I/art     (11922): Background sticky concurrent mark sweep GC freed 44979(2023KB) AllocSpace objects, 3(60KB) LOS objects, 32% free, 2MB/3MB, paused 5.191ms total 86.264ms
12-09 08:07:49.017 I/System.out(11922): URI: //gesture
12-09 08:07:49.023 I/System.out(11922): params: {json={"query_timeout":5.0,"gestures":[{"query_string":"android.widget.EditText id:'volume'","touches":[{"x":50,"y":50,"offset_x":0,"offset_y":0,"wait":0.0,"time":0.2,"release":true,"query_string":null}]}]}
12-09 08:07:49.023 I/System.out(11922): }
12-09 08:07:49.040 W/ResourceType(11922): No package identifier when getting name for resource number 0x00000001
12-09 08:07:49.596 I/LatinIME( 1862): Starting input. Cursor position = 0,0
12-09 08:07:49.635 W/art     (11922): Suspending all threads took: 7.055ms
12-09 08:07:49.696 I/art     (11922): Background sticky concurrent mark sweep GC freed 43736(1949KB) AllocSpace objects, 1(20KB) LOS objects, 26% free, 2MB/3MB, paused 8.207ms total 96.024ms
12-09 08:07:50.292 I/System.out(11922): URI: //
12-09 08:07:50.304 I/System.out(11922): params: {json={"command":"set_selection","arguments":[-1,-1]}
12-09 08:07:50.304 I/System.out(11922): }
12-09 08:07:50.304 I/System.out(11922): header: {date=Sun, 09 Dec 2018 08:07:51 GMT, accept=*/*, content-length=47, host=127.0.0.1:34777, user-agent=HTTPClient/1.0 (2.8.3, ruby 2.3.1 (2016-04-26)), content-type=application/json;charset=utf-8}
12-09 08:07:50.304 I/System.out(11922): params: {json={"command":"set_selection","arguments":[-1,-1]}
12-09 08:07:50.304 I/System.out(11922): }
12-09 08:07:50.304 I/System.out(11922): ProP json = {"command":"set_selection","arguments":[-1,-1]}
12-09 08:07:50.304 I/System.out(11922): files: {}
12-09 08:07:50.304 I/System.out(11922): command: {"command":"set_selection","arguments":[-1,-1]}
12-09 08:07:50.305 I/InstrumentationBackend(11922): Got command:'Command:'Line:null,set_selection', arguments:'[-1, -1]'
12-09 08:07:50.344 I/System.out(11922): result:{"bonusInformation":[],"message":"","success":true}
12-09 08:07:50.466 I/System.out(11922): URI: //
12-09 08:07:50.466 I/System.out(11922): params: {json={"command":"keyboard_enter_text","arguments":["åß9∂º–ç¬  ß29å∂˚¡–ºß123"]}
12-09 08:07:50.466 I/System.out(11922): }
12-09 08:07:50.466 I/System.out(11922): header: {date=Sun, 09 Dec 2018 08:07:51 GMT, accept=*/*, content-length=92, host=127.0.0.1:34777, user-agent=HTTPClient/1.0 (2.8.3, ruby 2.3.1 (2016-04-26)), content-type=application/json;charset=utf-8}
12-09 08:07:50.466 I/System.out(11922): params: {json={"command":"keyboard_enter_text","arguments":["åß9∂º–ç¬  ß29å∂˚¡–ºß123"]}
12-09 08:07:50.466 I/System.out(11922): }
12-09 08:07:50.466 I/System.out(11922): ProP json = {"command":"keyboard_enter_text","arguments":["åß9∂º–ç¬  ß29å∂˚¡–ºß123"]}
12-09 08:07:50.466 I/System.out(11922): files: {}
12-09 08:07:50.466 I/System.out(11922): command: {"command":"keyboard_enter_text","arguments":["åß9∂º–ç¬  ß29å∂˚¡–ºß123"]}
12-09 08:07:50.467 I/InstrumentationBackend(11922): Got command:'Command:'Line:null,keyboard_enter_text', arguments:'[åß9∂º–ç¬  ß29å∂˚¡–ºß123]'
12-09 08:07:50.475 I/art     (11922): Background sticky concurrent mark sweep GC freed 14673(741KB) AllocSpace objects, 5(100KB) LOS objects, 24% free, 2MB/3MB, paused 9.534ms total 20.046ms
12-09 08:07:50.483 E/SpannableStringBuilder(11922): SPAN_EXCLUSIVE_EXCLUSIVE spans cannot have a zero length
12-09 08:07:50.483 E/SpannableStringBuilder(11922): SPAN_EXCLUSIVE_EXCLUSIVE spans cannot have a zero length
12-09 08:07:50.516 E/SpannableStringBuilder(11922): SPAN_EXCLUSIVE_EXCLUSIVE spans cannot have a zero length
12-09 08:07:50.516 E/SpannableStringBuilder(11922): SPAN_EXCLUSIVE_EXCLUSIVE spans cannot have a zero length
12-09 08:07:50.540 I/System.out(11922): result:{"bonusInformation":[],"message":"","success":true}
12-09 08:07:51.067 E/SurfaceFlinger( 1224): ro.sf.lcd_density must be defined as a build property
12-09 08:07:51.083 D/gralloc_ranchu( 1224): gralloc_alloc: Creating ashmem region of size 3686400
12-09 08:07:51.133 D/        (11964): HostConnection::get() New Host Connection established 0x7fcbb1ad2480, tid 11964
12-09 08:07:51.221 E/EGL_emulation( 1224): tid 1224: eglCreateSyncKHR(1881): error 0x3004 (EGL_BAD_ATTRIBUTE)
12-09 08:07:52.107 I/System.out(11922): URI: //map
12-09 08:07:52.107 I/System.out(11922): params: {json={"query":"android.widget.EditText id:'odometer'","operation":{"method_name":"query","arguments":[]}}
12-09 08:07:52.107 I/System.out(11922): }
12-09 08:07:52.160 W/ResourceType(11922): No package identifier when getting name for resource number 0x00000001
12-09 08:07:52.229 I/art     (11922): Background sticky concurrent mark sweep GC freed 36476(1554KB) AllocSpace objects, 4(80KB) LOS objects, 0% free, 3MB/3MB, paused 5.432ms total 112.881ms
12-09 08:07:52.326 I/System.out(11922): URI: //gesture
12-09 08:07:52.326 I/System.out(11922): params: {json={"query_timeout":5.0,"gestures":[{"query_string":"android.widget.EditText id:'odometer'","touches":[{"x":50,"y":50,"offset_x":0,"offset_y":0,"wait":0.0,"time":0.2,"release":true,"query_string":null}]}]}
12-09 08:07:52.326 I/System.out(11922): }
12-09 08:07:52.408 W/ResourceType(11922): No package identifier when getting name for resource number 0x00000001
12-09 08:07:52.904 I/LatinIME( 1862): Starting input. Cursor position = 0,0
12-09 08:07:53.028 W/art     (11922): Suspending all threads took: 26.838ms
12-09 08:07:53.059 I/art     (11922): Background sticky concurrent mark sweep GC freed 45081(2026KB) AllocSpace objects, 1(20KB) LOS objects, 35% free, 2MB/3MB, paused 27.981ms total 142.489ms
12-09 08:07:53.317 I/Choreographer( 1862): Skipped 31 frames!  The application may be doing too much work on its main thread.
12-09 08:07:53.397 I/art     ( 1862): Background partial concurrent mark sweep GC freed 2940(256KB) AllocSpace objects, 3(76KB) LOS objects, 39% free, 2MB/3MB, paused 1.921ms total 218.267ms
12-09 08:07:53.560 I/System.out(11922): URI: //
12-09 08:07:53.560 I/System.out(11922): params: {json={"command":"set_selection","arguments":[-1,-1]}
12-09 08:07:53.560 I/System.out(11922): }
12-09 08:07:53.560 I/System.out(11922): header: {date=Sun, 09 Dec 2018 08:07:54 GMT, accept=*/*, content-length=47, host=127.0.0.1:34777, user-agent=HTTPClient/1.0 (2.8.3, ruby 2.3.1 (2016-04-26)), content-type=application/json;charset=utf-8}
12-09 08:07:53.560 I/System.out(11922): params: {json={"command":"set_selection","arguments":[-1,-1]}
12-09 08:07:53.560 I/System.out(11922): }
12-09 08:07:53.560 I/System.out(11922): ProP json = {"command":"set_selection","arguments":[-1,-1]}
12-09 08:07:53.560 I/System.out(11922): files: {}
12-09 08:07:53.560 I/System.out(11922): command: {"command":"set_selection","arguments":[-1,-1]}
12-09 08:07:53.561 I/InstrumentationBackend(11922): Got command:'Command:'Line:null,set_selection', arguments:'[-1, -1]'
12-09 08:07:53.601 I/System.out(11922): result:{"bonusInformation":[],"message":"","success":true}
12-09 08:07:53.780 I/System.out(11922): URI: //
12-09 08:07:53.780 I/System.out(11922): params: {json={"command":"keyboard_enter_text","arguments":["=+œå∑ß≈´∂ç®ƒ√†©∫¡™£"]}
12-09 08:07:53.780 I/System.out(11922): }
12-09 08:07:53.780 I/System.out(11922): header: {date=Sun, 09 Dec 2018 08:07:54 GMT, accept=*/*, content-length=93, host=127.0.0.1:34777, user-agent=HTTPClient/1.0 (2.8.3, ruby 2.3.1 (2016-04-26)), content-type=application/json;charset=utf-8}
12-09 08:07:53.780 I/System.out(11922): params: {json={"command":"keyboard_enter_text","arguments":["=+œå∑ß≈´∂ç®ƒ√†©∫¡™£"]}
12-09 08:07:53.780 I/System.out(11922): }
12-09 08:07:53.780 I/System.out(11922): ProP json = {"command":"keyboard_enter_text","arguments":["=+œå∑ß≈´∂ç®ƒ√†©∫¡™£"]}
12-09 08:07:53.780 I/System.out(11922): files: {}
12-09 08:07:53.780 I/System.out(11922): command: {"command":"keyboard_enter_text","arguments":["=+œå∑ß≈´∂ç®ƒ√†©∫¡™£"]}
12-09 08:07:53.782 I/InstrumentationBackend(11922): Got command:'Command:'Line:null,keyboard_enter_text', arguments:'[=+œå∑ß≈´∂ç®ƒ√†©∫¡™£]'
12-09 08:07:53.782 E/SpannableStringBuilder(11922): SPAN_EXCLUSIVE_EXCLUSIVE spans cannot have a zero length
12-09 08:07:53.782 E/SpannableStringBuilder(11922): SPAN_EXCLUSIVE_EXCLUSIVE spans cannot have a zero length
12-09 08:07:53.792 E/SpannableStringBuilder(11922): SPAN_EXCLUSIVE_EXCLUSIVE spans cannot have a zero length
12-09 08:07:53.792 E/SpannableStringBuilder(11922): SPAN_EXCLUSIVE_EXCLUSIVE spans cannot have a zero length
12-09 08:07:53.806 I/System.out(11922): result:{"bonusInformation":[],"message":"","success":true}
12-09 08:07:53.914 I/art     (11922): Background partial concurrent mark sweep GC freed 27880(1343KB) AllocSpace objects, 7(140KB) LOS objects, 40% free, 2MB/3MB, paused 996us total 115.106ms
12-09 08:07:54.144 E/SurfaceFlinger( 1224): ro.sf.lcd_density must be defined as a build property
12-09 08:07:54.203 D/gralloc_ranchu( 1224): gralloc_alloc: Creating ashmem region of size 3686400
12-09 08:07:54.259 D/        (11974): HostConnection::get() New Host Connection established 0x7f81d3c92480, tid 11974
12-09 08:07:54.332 E/EGL_emulation( 1224): tid 1224: eglCreateSyncKHR(1881): error 0x3004 (EGL_BAD_ATTRIBUTE)
