--------- beginning of main
12-09 08:24:00.411 D/AndroidRuntime(16267): >>>>>> START com.android.internal.os.RuntimeInit uid 0 <<<<<<
12-09 08:24:00.413 D/AndroidRuntime(16267): CheckJNI is ON
12-09 08:24:00.439 D/ICU     (16267): No timezone override file found: /data/misc/zoneinfo/current/icu/icu_tzdata.dat
12-09 08:24:00.662 E/memtrack(16267): Couldn't load memtrack module (No such file or directory)
12-09 08:24:00.674 E/android.os.Debug(16267): failed to load memtrack module: -2
12-09 08:24:00.675 I/Radio-JNI(16267): register_android_hardware_Radio DONE
12-09 08:24:00.686 D/AndroidRuntime(16267): Calling main entry com.android.commands.am.Am
--------- beginning of system
12-09 08:24:00.702 I/ActivityManager( 1592): Force stopping com.evancharlton.mileage appid=10135 user=0: start instr
12-09 08:24:00.726 I/ActivityManager( 1592): Killing 16250:com.evancharlton.mileage/u0a135 (adj 0): stop com.evancharlton.mileage
12-09 08:24:00.776 W/ActivityManager( 1592): Crash of app com.evancharlton.mileage running instrumentation ComponentInfo{com.evancharlton.mileage.test/sh.calaba.instrumentationbackend.ClearAppData2}
12-09 08:24:00.776 I/ActivityManager( 1592): Force stopping com.evancharlton.mileage appid=10135 user=0: finished inst
12-09 08:24:00.935 I/ActivityManager( 1592): Start proc 16276:com.evancharlton.mileage/u0a135 for added application com.evancharlton.mileage
12-09 08:24:00.935 D/AndroidRuntime(16267): Shutting down VM
12-09 08:24:00.942 W/ActivityManager( 1592): Spurious death for ProcessRecord{c9c4ae3 0:com.evancharlton.mileage/u0a135}, curProc for 16250: null
12-09 08:24:01.175 W/System  (16276): ClassLoader referenced unknown path: /data/app/com.evancharlton.mileage.test-1/lib/x86_64
12-09 08:24:01.175 W/System  (16276): ClassLoader referenced unknown path: /data/app/com.evancharlton.mileage-1/lib/x86_64
12-09 08:24:01.246 I/System.out(16276): Main activity name automatically set to: com.evancharlton.mileage.Mileage
12-09 08:24:01.261 I/System.out(16276): Calabash did not load Mono. This is only a problem if you are trying to test a Mono application
12-09 08:24:01.354 I/calabash(16276): Test server port: 7102
12-09 08:24:01.382 I/InstrumentationBackend(16276): Added:'GetPreferences', with key:'get_preferences'
12-09 08:24:01.399 I/art     (16276): Background sticky concurrent mark sweep GC freed 9135(421KB) AllocSpace objects, 0(0B) LOS objects, 42% free, 732KB/1284KB, paused 1.873ms total 210.056ms
12-09 08:24:01.455 I/InstrumentationBackend(16276): Added:'SetPreferences', with key:'set_preferences'
12-09 08:24:01.462 I/InstrumentationBackend(16276): Added:'ClearPreferences', with key:'clear_preferences'
12-09 08:24:01.462 I/InstrumentationBackend(16276): Added:'PressElement', with key:'press_l10n_element'
12-09 08:24:01.462 I/InstrumentationBackend(16276): Added:'WaitForElement', with key:'wait_for_l10n_element'
12-09 08:24:01.462 I/InstrumentationBackend(16276): Added:'NullAction', with key:'nullAction'
12-09 08:24:01.463 I/InstrumentationBackend(16276): Added:'PressKey', with key:'press_key'
12-09 08:24:01.463 I/InstrumentationBackend(16276): Added:'SetActivityOrientation', with key:'set_activity_orientation'
12-09 08:24:01.463 I/InstrumentationBackend(16276): Added:'GetActivityOrientation', with key:'get_activity_orientation'
12-09 08:24:01.463 I/InstrumentationBackend(16276): Added:'FakeGPSLocation', with key:'set_gps_coordinates'
12-09 08:24:01.463 I/InstrumentationBackend(16276): Added:'SetPropertyByCssSelector', with key:'set_property_by_css_selector'
12-09 08:24:01.470 I/InstrumentationBackend(16276): Added:'GetUrl', with key:'get_url'
12-09 08:24:01.470 I/InstrumentationBackend(16276): Added:'ScrollTo', with key:'scroll_to'
12-09 08:24:01.471 I/InstrumentationBackend(16276): Added:'GetLoadProgress', with key:'get_load_progress'
12-09 08:24:01.471 I/InstrumentationBackend(16276): Added:'DumpHtml', with key:'dump_html'
12-09 08:24:01.471 I/InstrumentationBackend(16276): Added:'DumpBodyHtml', with key:'dump_body_html'
12-09 08:24:01.471 I/InstrumentationBackend(16276): Added:'EnterTextByCssSelector', with key:'enter_text_by_selector'
12-09 08:24:01.472 I/InstrumentationBackend(16276): Added:'AndroidSDKVersion', with key:'android_sdk_version'
12-09 08:24:01.478 I/InstrumentationBackend(16276): Added:'Version', with key:'version'
12-09 08:24:01.478 I/InstrumentationBackend(16276): Added:'Drag', with key:'drag'
12-09 08:24:01.478 I/InstrumentationBackend(16276): Added:'TouchCoordinates', with key:'touch_coordinate'
12-09 08:24:01.478 I/InstrumentationBackend(16276): Added:'LongPressCoordinate', with key:'long_press_coordinate'
12-09 08:24:01.479 I/InstrumentationBackend(16276): Added:'DragCoordinates', with key:'drag_coordinates'
12-09 08:24:01.479 I/InstrumentationBackend(16276): Added:'ResumeApplication', with key:'resume_application'
12-09 08:24:01.479 I/InstrumentationBackend(16276): Added:'Swipe', with key:'swipe'
12-09 08:24:01.479 I/InstrumentationBackend(16276): Added:'DoubleTapCoordinate', with key:'double_tap_coordinate'
12-09 08:24:01.479 I/InstrumentationBackend(16276): Added:'ClickOnScreen', with key:'click_on_screen'
12-09 08:24:01.479 I/InstrumentationBackend(16276): Added:'GetActivityName', with key:'get_activity_name'
12-09 08:24:01.480 I/InstrumentationBackend(16276): Added:'ScrollToView', with key:'scroll_to_view'
12-09 08:24:01.480 I/InstrumentationBackend(16276): Added:'ViewConfiguration', with key:'view_configuration'
12-09 08:24:01.480 I/InstrumentationBackend(16276): Added:'IsCurrentActivityFocused', with key:'is_current_activity_focused'
12-09 08:24:01.480 I/InstrumentationBackend(16276): Added:'SendTcp', with key:'send_tcp'
12-09 08:24:01.480 I/InstrumentationBackend(16276): Added:'DpToDevicePixel', with key:'dp_to_device_pixel'
12-09 08:24:01.481 I/InstrumentationBackend(16276): Added:'KeyboardEnterText', with key:'keyboard_enter_text'
12-09 08:24:01.481 I/InstrumentationBackend(16276): Added:'DeleteSurroundingText', with key:'delete_surrounding_text'
12-09 08:24:01.481 I/InstrumentationBackend(16276): Added:'SetComposingRegion', with key:'set_composing_region'
12-09 08:24:01.481 I/InstrumentationBackend(16276): Added:'SetSelection', with key:'set_selection'
12-09 08:24:01.486 I/InstrumentationBackend(16276): Added:'KeyboardKeyEvent', with key:'keyboard_key_event'
12-09 08:24:01.486 I/InstrumentationBackend(16276): Added:'PressUserActionButton', with key:'press_user_action_button'
12-09 08:24:01.487 I/InstrumentationBackend(16276): Added:'HideSoftKeyboard', with key:'hide_soft_keyboard'
12-09 08:24:01.487 I/InstrumentationBackend(16276): Added:'ListActions', with key:'list_actions'
12-09 08:24:01.534 I/calabash(16276): Instantiating http server at 7102
12-09 08:24:01.599 I/art     (16276): Background partial concurrent mark sweep GC freed 2352(240KB) AllocSpace objects, 0(0B) LOS objects, 50% free, 1002KB/2026KB, paused 1.702ms total 117.061ms
12-09 08:24:01.600 I/System.out(16276): HTTP Daemon listening on: 7102
12-09 08:24:01.698 I/System.out(16276): URI: //ping
12-09 08:24:01.699 I/System.out(16276): params: {json={}
12-09 08:24:01.699 I/System.out(16276): }
12-09 08:24:01.751 I/System.out(16276): URI: //ping
12-09 08:24:01.751 I/System.out(16276): params: {json={}
12-09 08:24:01.751 I/System.out(16276): }
12-09 08:24:01.830 I/System.out(16276): URI: //ready
12-09 08:24:01.830 I/System.out(16276): params: {json={}
12-09 08:24:01.830 I/System.out(16276): }
12-09 08:24:01.851 I/System.out(16276): URI: //
12-09 08:24:01.851 I/System.out(16276): params: {json={"command":"version","arguments":[]}
12-09 08:24:01.851 I/System.out(16276): }
12-09 08:24:01.851 I/System.out(16276): header: {date=Sun, 09 Dec 2018 08:24:01 GMT, accept=*/*, content-length=36, host=127.0.0.1:34777, user-agent=HTTPClient/1.0 (2.8.3, ruby 2.3.1 (2016-04-26)), content-type=application/json;charset=utf-8}
12-09 08:24:01.851 I/System.out(16276): params: {json={"command":"version","arguments":[]}
12-09 08:24:01.851 I/System.out(16276): }
12-09 08:24:01.851 I/System.out(16276): ProP json = {"command":"version","arguments":[]}
12-09 08:24:01.851 I/System.out(16276): files: {}
12-09 08:24:01.851 I/System.out(16276): command: {"command":"version","arguments":[]}
12-09 08:24:01.860 I/InstrumentationBackend(16276): Got command:'Command:'Line:null,version', arguments:'[]'
12-09 08:24:01.939 I/System.out(16276): result:{"bonusInformation":[],"message":"0.9.8","success":true}
12-09 08:24:01.993 I/System.out(16276): URI: //start-application
12-09 08:24:01.998 I/System.out(16276): params: {json={"intent":null}
12-09 08:24:01.998 I/System.out(16276): }
12-09 08:24:02.018 I/art     (16276): Background sticky concurrent mark sweep GC freed 14716(861KB) AllocSpace objects, 13(260KB) LOS objects, 32% free, 1372KB/2026KB, paused 2.409ms total 126.582ms
12-09 08:24:02.073 I/ActivityManager( 1592): START u0 {act=android.intent.action.MAIN cat=[android.intent.category.LAUNCHER] flg=0x10200000 cmp=com.evancharlton.mileage/.Mileage} from uid 10135 on display 0
12-09 08:24:02.355 D/gralloc_ranchu( 1219): gralloc_alloc: Creating ashmem region of size 3686400
12-09 08:24:02.379 I/calabash(16276): newActivity1
12-09 08:24:02.453 I/calabash(16276): newActivity1
12-09 08:24:02.457 V/PhoneStatusBar( 1686): setLightsOn(true)
12-09 08:24:02.480 W/ActivityManager( 1592): Bad activity token: android.os.BinderProxy@e816ba4
12-09 08:24:02.480 W/ActivityManager( 1592): java.lang.ClassCastException: android.os.BinderProxy cannot be cast to com.android.server.am.ActivityRecord$Token
12-09 08:24:02.480 W/ActivityManager( 1592): 	at com.android.server.am.ActivityRecord.forTokenLocked(ActivityRecord.java:424)
12-09 08:24:02.480 W/ActivityManager( 1592): 	at com.android.server.am.ActivityRecord.isInStackLocked(ActivityRecord.java:1121)
12-09 08:24:02.480 W/ActivityManager( 1592): 	at com.android.server.am.ActivityRecord.getStackLocked(ActivityRecord.java:1126)
12-09 08:24:02.480 W/ActivityManager( 1592): 	at com.android.server.am.ActivityManagerService.getActivityDisplayId(ActivityManagerService.java:8889)
12-09 08:24:02.480 W/ActivityManager( 1592): 	at android.app.ActivityManagerNative.onTransact(ActivityManagerNative.java:2338)
12-09 08:24:02.480 W/ActivityManager( 1592): 	at com.android.server.am.ActivityManagerService.onTransact(ActivityManagerService.java:2443)
12-09 08:24:02.480 W/ActivityManager( 1592): 	at android.os.Binder.execTransact(Binder.java:453)
12-09 08:24:02.481 W/ActivityManager( 1592): Bad activity token: android.os.BinderProxy@e816ba4
12-09 08:24:02.481 W/ActivityManager( 1592): java.lang.ClassCastException: android.os.BinderProxy cannot be cast to com.android.server.am.ActivityRecord$Token
12-09 08:24:02.481 W/ActivityManager( 1592): 	at com.android.server.am.ActivityRecord.forTokenLocked(ActivityRecord.java:424)
12-09 08:24:02.481 W/ActivityManager( 1592): 	at com.android.server.am.ActivityRecord.isInStackLocked(ActivityRecord.java:1121)
12-09 08:24:02.481 W/ActivityManager( 1592): 	at com.android.server.am.ActivityManagerService.setTaskDescription(ActivityManagerService.java:8547)
12-09 08:24:02.481 W/ActivityManager( 1592): 	at android.app.ActivityManagerNative.onTransact(ActivityManagerNative.java:2410)
12-09 08:24:02.481 W/ActivityManager( 1592): 	at com.android.server.am.ActivityManagerService.onTransact(ActivityManagerService.java:2443)
12-09 08:24:02.481 W/ActivityManager( 1592): 	at android.os.Binder.execTransact(Binder.java:453)
12-09 08:24:02.534 D/EGL_emulation( 1917): eglMakeCurrent: 0x7fdaa6961d20: ver 2 0 (tinfo 0x7fdaa69428e0)
12-09 08:24:02.543 E/Surface ( 1917): getSlotFromBufferLocked: unknown buffer: 0x7fdaa288b060
12-09 08:24:02.594 I/art     (16276): Background sticky concurrent mark sweep GC freed 1488(194KB) AllocSpace objects, 0(0B) LOS objects, 16% free, 1699KB/2026KB, paused 6.949ms total 30.044ms
12-09 08:24:03.068 D/FillupsProvider(16276): Creating database
12-09 08:24:03.297 W/art     (16276): Suspending all threads took: 14.817ms
12-09 08:24:03.409 I/art     (16276): Background sticky concurrent mark sweep GC freed 125(58KB) AllocSpace objects, 0(0B) LOS objects, 1% free, 1999KB/2026KB, paused 15.862ms total 137.785ms
12-09 08:24:03.419 W/ActivityManager( 1592): Bad activity token: android.os.BinderProxy@e816ba4
12-09 08:24:03.419 W/ActivityManager( 1592): java.lang.ClassCastException: android.os.BinderProxy cannot be cast to com.android.server.am.ActivityRecord$Token
12-09 08:24:03.419 W/ActivityManager( 1592): 	at com.android.server.am.ActivityRecord.forTokenLocked(ActivityRecord.java:424)
12-09 08:24:03.419 W/ActivityManager( 1592): 	at com.android.server.am.ActivityRecord.isInStackLocked(ActivityRecord.java:1121)
12-09 08:24:03.419 W/ActivityManager( 1592): 	at com.android.server.am.ActivityManagerService.getActivityOptions(ActivityManagerService.java:11038)
12-09 08:24:03.419 W/ActivityManager( 1592): 	at android.app.ActivityManagerNative.onTransact(ActivityManagerNative.java:1734)
12-09 08:24:03.419 W/ActivityManager( 1592): 	at com.android.server.am.ActivityManagerService.onTransact(ActivityManagerService.java:2443)
12-09 08:24:03.419 W/ActivityManager( 1592): 	at android.os.Binder.execTransact(Binder.java:453)
12-09 08:24:03.420 W/ActivityManager( 1592): Bad activity token: android.os.BinderProxy@e816ba4
12-09 08:24:03.420 W/ActivityManager( 1592): java.lang.ClassCastException: android.os.BinderProxy cannot be cast to com.android.server.am.ActivityRecord$Token
12-09 08:24:03.420 W/ActivityManager( 1592): 	at com.android.server.am.ActivityRecord.forTokenLocked(ActivityRecord.java:424)
12-09 08:24:03.420 W/ActivityManager( 1592): 	at com.android.server.am.ActivityRecord.isInStackLocked(ActivityRecord.java:1121)
12-09 08:24:03.420 W/ActivityManager( 1592): 	at com.android.server.am.ActivityManagerService.getActivityOptions(ActivityManagerService.java:11038)
12-09 08:24:03.420 W/ActivityManager( 1592): 	at android.app.ActivityManagerNative.onTransact(ActivityManagerNative.java:1734)
12-09 08:24:03.420 W/ActivityManager( 1592): 	at com.android.server.am.ActivityManagerService.onTransact(ActivityManagerService.java:2443)
12-09 08:24:03.420 W/ActivityManager( 1592): 	at android.os.Binder.execTransact(Binder.java:453)
12-09 08:24:03.552 W/art     ( 1592): Long monitor contention event with owner method=void com.android.server.wm.WindowAnimator$1.doFrame(long) from WindowAnimator.java:121 waiters=0 for 105ms
12-09 08:24:03.870 D/gralloc_ranchu( 1219): gralloc_alloc: Creating ashmem region of size 3686400
12-09 08:24:04.103 D/        (16276): HostConnection::get() New Host Connection established 0x7fdaa68dd620, tid 16276
12-09 08:24:04.241 I/ActivityManager( 1592): Displayed com.evancharlton.mileage/.Mileage: +2s9ms
12-09 08:24:04.285 D/gralloc_ranchu( 1219): gralloc_alloc: Creating ashmem region of size 3686400
12-09 08:24:04.870 I/System.out(16276): URI: //gesture
12-09 08:24:04.870 I/System.out(16276): params: {json={"query_timeout":5.0,"gestures":[{"query_string":"android.widget.TabWidget descendant TextView index:3","touches":[{"x":50,"y":50,"offset_x":0,"offset_y":0,"wait":0.0,"time":0.2,"release":true,"query_string":null}]}]}
12-09 08:24:04.870 I/System.out(16276): }
12-09 08:24:04.993 I/art     (16276): Background sticky concurrent mark sweep GC freed 22257(1034KB) AllocSpace objects, 2(40KB) LOS objects, 19% free, 2MB/2MB, paused 3.528ms total 112.494ms
12-09 08:24:05.007 D/gralloc_ranchu( 1219): gralloc_alloc: Creating ashmem region of size 3686400
12-09 08:24:05.785 I/calabash(16276): newActivity1
12-09 08:24:05.816 W/ActivityManager( 1592): Bad activity token: android.os.BinderProxy@f44a441
12-09 08:24:05.816 W/ActivityManager( 1592): java.lang.ClassCastException: android.os.BinderProxy cannot be cast to com.android.server.am.ActivityRecord$Token
12-09 08:24:05.816 W/ActivityManager( 1592): 	at com.android.server.am.ActivityRecord.forTokenLocked(ActivityRecord.java:424)
12-09 08:24:05.816 W/ActivityManager( 1592): 	at com.android.server.am.ActivityRecord.isInStackLocked(ActivityRecord.java:1121)
12-09 08:24:05.816 W/ActivityManager( 1592): 	at com.android.server.am.ActivityRecord.getStackLocked(ActivityRecord.java:1126)
12-09 08:24:05.816 W/ActivityManager( 1592): 	at com.android.server.am.ActivityManagerService.getActivityDisplayId(ActivityManagerService.java:8889)
12-09 08:24:05.816 W/ActivityManager( 1592): 	at android.app.ActivityManagerNative.onTransact(ActivityManagerNative.java:2338)
12-09 08:24:05.816 W/ActivityManager( 1592): 	at com.android.server.am.ActivityManagerService.onTransact(ActivityManagerService.java:2443)
12-09 08:24:05.816 W/ActivityManager( 1592): 	at android.os.Binder.execTransact(Binder.java:453)
12-09 08:24:05.817 W/ActivityManager( 1592): Bad activity token: android.os.BinderProxy@f44a441
12-09 08:24:05.817 W/ActivityManager( 1592): java.lang.ClassCastException: android.os.BinderProxy cannot be cast to com.android.server.am.ActivityRecord$Token
12-09 08:24:05.817 W/ActivityManager( 1592): 	at com.android.server.am.ActivityRecord.forTokenLocked(ActivityRecord.java:424)
12-09 08:24:05.817 W/ActivityManager( 1592): 	at com.android.server.am.ActivityRecord.isInStackLocked(ActivityRecord.java:1121)
12-09 08:24:05.817 W/ActivityManager( 1592): 	at com.android.server.am.ActivityManagerService.setTaskDescription(ActivityManagerService.java:8547)
12-09 08:24:05.817 W/ActivityManager( 1592): 	at android.app.ActivityManagerNative.onTransact(ActivityManagerNative.java:2410)
12-09 08:24:05.817 W/ActivityManager( 1592): 	at com.android.server.am.ActivityManagerService.onTransact(ActivityManagerService.java:2443)
12-09 08:24:05.817 W/ActivityManager( 1592): 	at android.os.Binder.execTransact(Binder.java:453)
12-09 08:24:05.854 W/audio_hw_generic( 1309): Hardware backing HAL too slow, could only write 0 of 661 frames
12-09 08:24:05.870 W/audio_hw_generic( 1309): Hardware backing HAL too slow, could only write 0 of 661 frames
12-09 08:24:05.886 W/audio_hw_generic( 1309): Hardware backing HAL too slow, could only write 0 of 661 frames
12-09 08:24:05.966 W/ActivityManager( 1592): Bad activity token: android.os.BinderProxy@f44a441
12-09 08:24:05.966 W/ActivityManager( 1592): java.lang.ClassCastException: android.os.BinderProxy cannot be cast to com.android.server.am.ActivityRecord$Token
12-09 08:24:05.966 W/ActivityManager( 1592): 	at com.android.server.am.ActivityRecord.forTokenLocked(ActivityRecord.java:424)
12-09 08:24:05.966 W/ActivityManager( 1592): 	at com.android.server.am.ActivityRecord.isInStackLocked(ActivityRecord.java:1121)
12-09 08:24:05.966 W/ActivityManager( 1592): 	at com.android.server.am.ActivityManagerService.getActivityOptions(ActivityManagerService.java:11038)
12-09 08:24:05.966 W/ActivityManager( 1592): 	at android.app.ActivityManagerNative.onTransact(ActivityManagerNative.java:1734)
12-09 08:24:05.966 W/ActivityManager( 1592): 	at com.android.server.am.ActivityManagerService.onTransact(ActivityManagerService.java:2443)
12-09 08:24:05.966 W/ActivityManager( 1592): 	at android.os.Binder.execTransact(Binder.java:453)
12-09 08:24:05.966 W/ActivityManager( 1592): Bad activity token: android.os.BinderProxy@f44a441
12-09 08:24:05.966 W/ActivityManager( 1592): java.lang.ClassCastException: android.os.BinderProxy cannot be cast to com.android.server.am.ActivityRecord$Token
12-09 08:24:05.966 W/ActivityManager( 1592): 	at com.android.server.am.ActivityRecord.forTokenLocked(ActivityRecord.java:424)
12-09 08:24:05.966 W/ActivityManager( 1592): 	at com.android.server.am.ActivityRecord.isInStackLocked(ActivityRecord.java:1121)
12-09 08:24:05.966 W/ActivityManager( 1592): 	at com.android.server.am.ActivityManagerService.getActivityOptions(ActivityManagerService.java:11038)
12-09 08:24:05.966 W/ActivityManager( 1592): 	at android.app.ActivityManagerNative.onTransact(ActivityManagerNative.java:1734)
12-09 08:24:05.966 W/ActivityManager( 1592): 	at com.android.server.am.ActivityManagerService.onTransact(ActivityManagerService.java:2443)
12-09 08:24:05.966 W/ActivityManager( 1592): 	at android.os.Binder.execTransact(Binder.java:453)
12-09 08:24:05.969 W/audio_hw_generic( 1309): Not supplying enough data to HAL, expected position 35594240 , only wrote 35592867
12-09 08:24:05.970 W/audio_hw_generic( 1309): Not supplying enough data to HAL, expected position 35592873 , only wrote 35592867
12-09 08:24:05.997 W/audio_hw_generic( 1309): Not supplying enough data to HAL, expected position 35594064 , only wrote 35593528
12-09 08:24:06.111 I/System.out(16276): URI: //map
12-09 08:24:06.111 I/System.out(16276): params: {json={"query":"android.widget.ListView index:0 android.widget.TextView index:0","operation":{"method_name":"query","arguments":[]}}
12-09 08:24:06.111 I/System.out(16276): }
12-09 08:24:06.230 W/audio_hw_generic( 1309): Not supplying enough data to HAL, expected position 35603806 , only wrote 35602782
12-09 08:24:06.230 W/audio_hw_generic( 1309): Not supplying enough data to HAL, expected position 35602788 , only wrote 35602782
12-09 08:24:06.258 I/art     (16276): Background sticky concurrent mark sweep GC freed 24530(977KB) AllocSpace objects, 1(20KB) LOS objects, 0% free, 3MB/3MB, paused 1.164ms total 136.515ms
12-09 08:24:06.287 I/System.out(16276): URI: //gesture
12-09 08:24:06.287 I/System.out(16276): params: {json={"query_timeout":5.0,"gestures":[{"query_string":"android.widget.ListView index:0 android.widget.TextView index:0","touches":[{"x":50,"y":50,"offset_x":0,"offset_y":0,"wait":0.0,"time":0.2,"release":true,"query_string":null}]}]}
12-09 08:24:06.287 I/System.out(16276): }
12-09 08:24:06.502 W/audio_hw_generic( 1309): Not supplying enough data to HAL, expected position 35614765 , only wrote 35614680
12-09 08:24:06.502 W/audio_hw_generic( 1309): Not supplying enough data to HAL, expected position 35614686 , only wrote 35614680
12-09 08:24:06.535 W/audio_hw_generic( 1309): Not supplying enough data to HAL, expected position 35616128 , only wrote 35615341
12-09 08:24:06.605 I/art     (16276): Background partial concurrent mark sweep GC freed 42734(2MB) AllocSpace objects, 5(100KB) LOS objects, 39% free, 2MB/3MB, paused 7.981ms total 314.659ms
12-09 08:24:06.673 W/audio_hw_generic( 1309): Not supplying enough data to HAL, expected position 35621439 , only wrote 35621290
12-09 08:24:06.686 W/audio_hw_generic( 1309): Not supplying enough data to HAL, expected position 35621849 , only wrote 35621290
12-09 08:24:06.710 W/audio_hw_generic( 1309): Not supplying enough data to HAL, expected position 35622354 , only wrote 35621951
12-09 08:24:06.822 W/audio_hw_generic( 1309): Not supplying enough data to HAL, expected position 35626886 , only wrote 35624595
12-09 08:24:06.822 W/audio_hw_generic( 1309): Not supplying enough data to HAL, expected position 35624602 , only wrote 35624595
12-09 08:24:06.843 W/audio_hw_generic( 1309): Not supplying enough data to HAL, expected position 35625514 , only wrote 35625256
12-09 08:24:06.857 W/audio_hw_generic( 1309): Hardware backing HAL too slow, could only write 0 of 661 frames
12-09 08:24:06.874 W/audio_hw_generic( 1309): Hardware backing HAL too slow, could only write 0 of 661 frames
12-09 08:24:07.011 W/audio_hw_generic( 1309): Not supplying enough data to HAL, expected position 35632656 , only wrote 35630544
12-09 08:24:07.011 W/audio_hw_generic( 1309): Not supplying enough data to HAL, expected position 35630550 , only wrote 35630544
12-09 08:24:07.037 W/audio_hw_generic( 1309): Not supplying enough data to HAL, expected position 35631696 , only wrote 35631205
12-09 08:24:07.173 W/audio_hw_generic( 1309): Not supplying enough data to HAL, expected position 35637219 , only wrote 35637154
12-09 08:24:07.192 W/audio_hw_generic( 1309): Not supplying enough data to HAL, expected position 35637969 , only wrote 35637154
12-09 08:24:07.214 W/audio_hw_generic( 1309): Not supplying enough data to HAL, expected position 35638133 , only wrote 35637815
12-09 08:24:07.250 W/audio_hw_generic( 1309): Not supplying enough data to HAL, expected position 35639396 , only wrote 35639137
12-09 08:24:07.266 I/art     (16276): Background sticky concurrent mark sweep GC freed 29828(1421KB) AllocSpace objects, 0(0B) LOS objects, 40% free, 2MB/3MB, paused 3.828ms total 130.362ms
12-09 08:24:07.293 I/ActivityManager( 1592): START u0 {cmp=com.evancharlton.mileage/.VehicleActivity (has extras)} from uid 10135 on display 0
12-09 08:24:07.345 W/audio_hw_generic( 1309): Not supplying enough data to HAL, expected position 35643334 , only wrote 35643103
12-09 08:24:07.359 W/audio_hw_generic( 1309): Not supplying enough data to HAL, expected position 35643720 , only wrote 35643103
12-09 08:24:07.375 W/audio_hw_generic( 1309): Not supplying enough data to HAL, expected position 35643828 , only wrote 35643764
12-09 08:24:07.398 D/AudioFlinger( 1309): mixer(0xf4300000) throttle end: throttle time(6)
12-09 08:24:07.514 W/audio_hw_generic( 1309): Not supplying enough data to HAL, expected position 35649879 , only wrote 35649713
12-09 08:24:07.514 W/audio_hw_generic( 1309): Not supplying enough data to HAL, expected position 35649720 , only wrote 35649713
12-09 08:24:07.532 W/audio_hw_generic( 1309): Not supplying enough data to HAL, expected position 35650496 , only wrote 35650374
12-09 08:24:07.627 I/calabash(16276): newActivity1
12-09 08:24:07.654 W/audio_hw_generic( 1309): Not supplying enough data to HAL, expected position 35655771 , only wrote 35655662
12-09 08:24:07.946 E/SurfaceFlinger( 1219): ro.sf.lcd_density must be defined as a build property
12-09 08:24:08.037 D/gralloc_ranchu( 1219): gralloc_alloc: Creating ashmem region of size 3686400
12-09 08:24:08.039 W/audio_hw_generic( 1309): Hardware backing HAL too slow, could only write 0 of 661 frames
12-09 08:24:08.143 W/audio_hw_generic( 1309): Not supplying enough data to HAL, expected position 35677219 , only wrote 35673509
12-09 08:24:08.188 D/        (16305): HostConnection::get() New Host Connection established 0x7fbf6b792480, tid 16305
12-09 08:24:08.206 W/audio_hw_generic( 1309): Not supplying enough data to HAL, expected position 35676272 , only wrote 35674831
12-09 08:24:08.214 E/EGL_emulation( 1219): tid 1219: eglCreateSyncKHR(1881): error 0x3004 (EGL_BAD_ATTRIBUTE)
12-09 08:24:08.274 V/PhoneStatusBar( 1686): setLightsOn(true)
12-09 08:24:08.296 W/art     ( 1592): Long monitor contention event with owner method=int com.android.server.wm.WindowManagerService.relayoutWindow(com.android.server.wm.Session, android.view.IWindow, int, android.view.WindowManager$LayoutParams, int, int, int, int, android.graphics.Rect, android.graphics.Rect, android.graphics.Rect, android.graphics.Rect, android.graphics.Rect, android.graphics.Rect, android.content.res.Configuration, android.view.Surface) from WindowManagerService.java:3103 waiters=0 for 409ms
12-09 08:24:08.345 W/audio_hw_generic( 1309): Not supplying enough data to HAL, expected position 35680946 , only wrote 35680780
12-09 08:24:08.470 D/gralloc_ranchu( 1219): gralloc_alloc: Creating ashmem region of size 3686400
12-09 08:24:08.525 W/audio_hw_generic( 1309): Not supplying enough data to HAL, expected position 35688721 , only wrote 35688712
12-09 08:24:08.597 W/audio_hw_generic( 1309): Not supplying enough data to HAL, expected position 35691896 , only wrote 35691356
12-09 08:24:08.597 W/audio_hw_generic( 1309): Not supplying enough data to HAL, expected position 35691363 , only wrote 35691356
12-09 08:24:08.597 W/audio_hw_generic( 1309): Hardware backing HAL too slow, could only write 0 of 661 frames
12-09 08:24:08.612 W/audio_hw_generic( 1309): Hardware backing HAL too slow, could only write 0 of 661 frames
12-09 08:24:08.630 W/audio_hw_generic( 1309): Hardware backing HAL too slow, could only write 0 of 661 frames
12-09 08:24:08.631 W/art     ( 1592): Long monitor contention event with owner method=void com.android.server.wm.WindowAnimator$1.doFrame(long) from WindowAnimator.java:121 waiters=0 for 118ms
12-09 08:24:08.662 W/audio_hw_generic( 1309): Hardware backing HAL too slow, could only write 0 of 661 frames
12-09 08:24:08.799 W/audio_hw_generic( 1309): Not supplying enough data to HAL, expected position 35700262 , only wrote 35699949
12-09 08:24:08.799 W/audio_hw_generic( 1309): Not supplying enough data to HAL, expected position 35699956 , only wrote 35699949
12-09 08:24:08.922 W/audio_hw_generic( 1309): Not supplying enough data to HAL, expected position 35705351 , only wrote 35703915
12-09 08:24:08.922 W/audio_hw_generic( 1309): Not supplying enough data to HAL, expected position 35703921 , only wrote 35703915
12-09 08:24:08.922 W/audio_hw_generic( 1309): Hardware backing HAL too slow, could only write 0 of 661 frames
12-09 08:24:08.937 W/art     ( 1592): Long monitor contention event with owner method=void com.android.server.wm.WindowAnimator$1.doFrame(long) from WindowAnimator.java:121 waiters=1 for 218ms
12-09 08:24:08.938 W/audio_hw_generic( 1309): Not supplying enough data to HAL, expected position 35704608 , only wrote 35704576
12-09 08:24:09.109 W/audio_hw_generic( 1309): Not supplying enough data to HAL, expected position 35712115 , only wrote 35711847
12-09 08:24:09.109 W/audio_hw_generic( 1309): Not supplying enough data to HAL, expected position 35711854 , only wrote 35711847
12-09 08:24:09.129 W/audio_hw_generic( 1309): Not supplying enough data to HAL, expected position 35712734 , only wrote 35712508
12-09 08:24:09.181 W/RichInputMethodSubtype( 1847): Can't find emoji subtype
12-09 08:24:09.183 W/RichInputMethodSubtype( 1847): No input method subtype found; returning dummy subtype: Multi-lingual subtype: android.view.inputmethod.InputMethodSubtype@d78b2ed0, zz
12-09 08:24:09.250 W/audio_hw_generic( 1309): Not supplying enough data to HAL, expected position 35717837 , only wrote 35717135
12-09 08:24:09.250 W/audio_hw_generic( 1309): Not supplying enough data to HAL, expected position 35717141 , only wrote 35717135
12-09 08:24:09.273 W/audio_hw_generic( 1309): Not supplying enough data to HAL, expected position 35718151 , only wrote 35717796
12-09 08:24:09.343 I/ActivityManager( 1592): Displayed com.evancharlton.mileage/.VehicleActivity: +1s870ms
12-09 08:24:09.377 W/audio_hw_generic( 1309): Not supplying enough data to HAL, expected position 35722376 , only wrote 35721762
12-09 08:24:09.377 W/audio_hw_generic( 1309): Not supplying enough data to HAL, expected position 35721769 , only wrote 35721762
12-09 08:24:09.390 I/art     ( 1847): Background sticky concurrent mark sweep GC freed 14631(1896KB) AllocSpace objects, 8(268KB) LOS objects, 0% free, 3MB/3MB, paused 1.394ms total 126.993ms
12-09 08:24:09.393 W/ViewPager( 1847): Requested offscreen page limit 0 too small; defaulting to 1
12-09 08:24:09.397 W/audio_hw_generic( 1309): Not supplying enough data to HAL, expected position 35722649 , only wrote 35722423
