--------- beginning of main
12-09 08:22:13.577 E/EGL_emulation( 1219): tid 1219: eglCreateSyncKHR(1881): error 0x3004 (EGL_BAD_ATTRIBUTE)
--------- beginning of system
12-09 08:22:13.699 W/ActivityManager( 1592): Finishing task with all activities already finished
12-09 08:22:13.700 W/ActivityManager( 1592): Duplicate finish request for ActivityRecord{fdcd67b u0 com.evancharlton.mileage/.Mileage t446 f}
12-09 08:22:13.707 W/ActivityManager( 1592): Finishing task with all activities already finished
12-09 08:22:13.707 W/ActivityManager( 1592): Duplicate finish request for ActivityRecord{fdcd67b u0 com.evancharlton.mileage/.Mileage t446 f}
12-09 08:22:13.707 W/ActivityManager( 1592): Finishing task with all activities already finished
12-09 08:22:13.707 W/ActivityManager( 1592): Duplicate finish request for ActivityRecord{fdcd67b u0 com.evancharlton.mileage/.Mileage t446 f}
12-09 08:22:14.298 D/EGL_emulation( 1950): eglMakeCurrent: 0x7f815e0f4dc0: ver 2 0 (tinfo 0x7f815e0c2d20)
12-09 08:22:14.564 D/AndroidRuntime(16050): >>>>>> START com.android.internal.os.RuntimeInit uid 0 <<<<<<
12-09 08:22:14.566 D/AndroidRuntime(16050): CheckJNI is ON
12-09 08:22:14.633 D/ICU     (16050): No timezone override file found: /data/misc/zoneinfo/current/icu/icu_tzdata.dat
12-09 08:22:14.865 E/memtrack(16050): Couldn't load memtrack module (No such file or directory)
12-09 08:22:14.901 E/android.os.Debug(16050): failed to load memtrack module: -2
12-09 08:22:14.902 I/Radio-JNI(16050): register_android_hardware_Radio DONE
12-09 08:22:14.925 D/AndroidRuntime(16050): Calling main entry com.android.commands.am.Am
12-09 08:22:14.978 W/art     ( 1592): Long monitor contention event with owner method=com.android.internal.view.InputBindResult com.android.server.InputMethodManagerService.windowGainedFocus(com.android.internal.view.IInputMethodClient, android.os.IBinder, int, int, int, android.view.inputmethod.EditorInfo, com.android.internal.view.IInputContext) from InputMethodManagerService.java:2177 waiters=0 for 337ms
12-09 08:22:14.979 I/ActivityManager( 1592): Force stopping com.evancharlton.mileage appid=10135 user=0: start instr
12-09 08:22:14.979 I/ActivityManager( 1592): Killing 15986:com.evancharlton.mileage/u0a135 (adj 0): stop com.evancharlton.mileage
12-09 08:22:15.026 I/Choreographer( 1950): Skipped 41 frames!  The application may be doing too much work on its main thread.
12-09 08:22:15.338 E/JavaBinder( 1887): !!! FAILED BINDER TRANSACTION !!!  (parcel size = 92)
12-09 08:22:15.441 D/hwcomposer( 1219): hw_composer sent 505 syncs in 60s
12-09 08:22:15.458 W/ActivityManager( 1592): Crash of app com.evancharlton.mileage running instrumentation ComponentInfo{com.evancharlton.mileage.test/sh.calaba.instrumentationbackend.CalabashInstrumentationTestRunner}
12-09 08:22:15.458 I/ActivityManager( 1592): Force stopping com.evancharlton.mileage appid=10135 user=0: finished inst
12-09 08:22:15.481 I/WindowState( 1592): WIN DEATH: Window{4ab6ee5 u0 com.evancharlton.mileage/com.evancharlton.mileage.Mileage EXITING}
12-09 08:22:15.533 D/EGL_emulation( 1887): eglMakeCurrent: 0x7f815e0f4820: ver 2 0 (tinfo 0x7f815e0c2f20)
12-09 08:22:15.534 E/Surface ( 1887): getSlotFromBufferLocked: unknown buffer: 0x7f815a68b400
12-09 08:22:15.566 W/OpenGLRenderer( 1950): Incorrectly called buildLayer on View: ShortcutAndWidgetContainer, destroying layer...
12-09 08:22:15.617 I/ActivityManager( 1592): Start proc 16059:com.evancharlton.mileage/u0a135 for added application com.evancharlton.mileage
12-09 08:22:15.617 W/art     ( 1592): Long monitor contention event with owner method=boolean com.android.server.am.ActivityManagerService.startInstrumentation(android.content.ComponentName, java.lang.String, int, android.os.Bundle, android.app.IInstrumentationWatcher, android.app.IUiAutomationConnection, int, java.lang.String) from ActivityManagerService.java:17066 waiters=0 for 592ms
12-09 08:22:15.618 D/AndroidRuntime(16050): Shutting down VM
12-09 08:22:15.619 W/art     ( 1592): Long monitor contention event with owner method=boolean com.android.server.am.ActivityManagerService.startInstrumentation(android.content.ComponentName, java.lang.String, int, android.os.Bundle, android.app.IInstrumentationWatcher, android.app.IUiAutomationConnection, int, java.lang.String) from ActivityManagerService.java:17066 waiters=1 for 254ms
12-09 08:22:15.903 W/System  (16059): ClassLoader referenced unknown path: /data/app/com.evancharlton.mileage.test-1/lib/x86_64
12-09 08:22:15.903 W/System  (16059): ClassLoader referenced unknown path: /data/app/com.evancharlton.mileage-1/lib/x86_64
12-09 08:22:15.999 W/WindowAnimator( 1592): Failed to dispatch window animation state change.
12-09 08:22:15.999 W/WindowAnimator( 1592): android.os.DeadObjectException
12-09 08:22:15.999 W/WindowAnimator( 1592): 	at android.os.BinderProxy.transactNative(Native Method)
12-09 08:22:15.999 W/WindowAnimator( 1592): 	at android.os.BinderProxy.transact(Binder.java:503)
12-09 08:22:15.999 W/WindowAnimator( 1592): 	at android.view.IWindow$Stub$Proxy.onAnimationStopped(IWindow.java:534)
12-09 08:22:15.999 W/WindowAnimator( 1592): 	at com.android.server.wm.WindowAnimator.updateWindowsLocked(WindowAnimator.java:286)
12-09 08:22:15.999 W/WindowAnimator( 1592): 	at com.android.server.wm.WindowAnimator.animateLocked(WindowAnimator.java:678)
12-09 08:22:15.999 W/WindowAnimator( 1592): 	at com.android.server.wm.WindowAnimator.-wrap0(WindowAnimator.java)
12-09 08:22:15.999 W/WindowAnimator( 1592): 	at com.android.server.wm.WindowAnimator$1.doFrame(WindowAnimator.java:123)
12-09 08:22:15.999 W/WindowAnimator( 1592): 	at android.view.Choreographer$CallbackRecord.run(Choreographer.java:856)
12-09 08:22:15.999 W/WindowAnimator( 1592): 	at android.view.Choreographer.doCallbacks(Choreographer.java:670)
12-09 08:22:15.999 W/WindowAnimator( 1592): 	at android.view.Choreographer.doFrame(Choreographer.java:603)
12-09 08:22:15.999 W/WindowAnimator( 1592): 	at android.view.Choreographer$FrameDisplayEventReceiver.run(Choreographer.java:844)
12-09 08:22:15.999 W/WindowAnimator( 1592): 	at android.os.Handler.handleCallback(Handler.java:739)
12-09 08:22:15.999 W/WindowAnimator( 1592): 	at android.os.Handler.dispatchMessage(Handler.java:95)
12-09 08:22:15.999 W/WindowAnimator( 1592): 	at android.os.Looper.loop(Looper.java:148)
12-09 08:22:15.999 W/WindowAnimator( 1592): 	at android.os.HandlerThread.run(HandlerThread.java:61)
12-09 08:22:15.999 W/WindowAnimator( 1592): 	at com.android.server.ServiceThread.run(ServiceThread.java:46)
12-09 08:22:16.053 I/art     (16059): Background partial concurrent mark sweep GC freed 38981(1383KB) AllocSpace objects, 0(0B) LOS objects, 62% free, 615KB/1639KB, paused 11.774ms total 144.801ms
12-09 08:22:16.168 I/System.out(16059): Main activity name automatically set to: com.evancharlton.mileage.Mileage
12-09 08:22:16.174 I/System.out(16059): Calabash did not load Mono. This is only a problem if you are trying to test a Mono application
12-09 08:22:16.176 I/calabash(16059): Test server port: 7102
12-09 08:22:16.177 I/InstrumentationBackend(16059): Added:'GetPreferences', with key:'get_preferences'
12-09 08:22:16.234 W/art     ( 1592): Long monitor contention event with owner method=void com.android.server.wm.WindowAnimator$1.doFrame(long) from WindowAnimator.java:121 waiters=0 for 234ms
12-09 08:22:16.251 I/InstrumentationBackend(16059): Added:'SetPreferences', with key:'set_preferences'
12-09 08:22:16.257 I/InstrumentationBackend(16059): Added:'ClearPreferences', with key:'clear_preferences'
12-09 08:22:16.257 I/InstrumentationBackend(16059): Added:'PressElement', with key:'press_l10n_element'
12-09 08:22:16.257 I/InstrumentationBackend(16059): Added:'WaitForElement', with key:'wait_for_l10n_element'
12-09 08:22:16.257 I/InstrumentationBackend(16059): Added:'NullAction', with key:'nullAction'
12-09 08:22:16.258 I/InstrumentationBackend(16059): Added:'PressKey', with key:'press_key'
12-09 08:22:16.258 I/InstrumentationBackend(16059): Added:'SetActivityOrientation', with key:'set_activity_orientation'
12-09 08:22:16.258 I/InstrumentationBackend(16059): Added:'GetActivityOrientation', with key:'get_activity_orientation'
12-09 08:22:16.258 I/InstrumentationBackend(16059): Added:'FakeGPSLocation', with key:'set_gps_coordinates'
12-09 08:22:16.258 I/InstrumentationBackend(16059): Added:'SetPropertyByCssSelector', with key:'set_property_by_css_selector'
12-09 08:22:16.269 I/InstrumentationBackend(16059): Added:'GetUrl', with key:'get_url'
12-09 08:22:16.270 I/InstrumentationBackend(16059): Added:'ScrollTo', with key:'scroll_to'
12-09 08:22:16.270 I/InstrumentationBackend(16059): Added:'GetLoadProgress', with key:'get_load_progress'
12-09 08:22:16.270 I/InstrumentationBackend(16059): Added:'DumpHtml', with key:'dump_html'
12-09 08:22:16.271 I/InstrumentationBackend(16059): Added:'DumpBodyHtml', with key:'dump_body_html'
12-09 08:22:16.271 I/InstrumentationBackend(16059): Added:'EnterTextByCssSelector', with key:'enter_text_by_selector'
12-09 08:22:16.272 I/InstrumentationBackend(16059): Added:'AndroidSDKVersion', with key:'android_sdk_version'
12-09 08:22:16.272 I/InstrumentationBackend(16059): Added:'Version', with key:'version'
12-09 08:22:16.272 I/InstrumentationBackend(16059): Added:'Drag', with key:'drag'
12-09 08:22:16.272 I/InstrumentationBackend(16059): Added:'TouchCoordinates', with key:'touch_coordinate'
12-09 08:22:16.272 I/InstrumentationBackend(16059): Added:'LongPressCoordinate', with key:'long_press_coordinate'
12-09 08:22:16.280 I/InstrumentationBackend(16059): Added:'DragCoordinates', with key:'drag_coordinates'
12-09 08:22:16.280 I/InstrumentationBackend(16059): Added:'ResumeApplication', with key:'resume_application'
12-09 08:22:16.280 I/InstrumentationBackend(16059): Added:'Swipe', with key:'swipe'
12-09 08:22:16.280 I/InstrumentationBackend(16059): Added:'DoubleTapCoordinate', with key:'double_tap_coordinate'
12-09 08:22:16.280 I/InstrumentationBackend(16059): Added:'ClickOnScreen', with key:'click_on_screen'
12-09 08:22:16.281 I/InstrumentationBackend(16059): Added:'GetActivityName', with key:'get_activity_name'
12-09 08:22:16.281 I/InstrumentationBackend(16059): Added:'ScrollToView', with key:'scroll_to_view'
12-09 08:22:16.281 I/InstrumentationBackend(16059): Added:'ViewConfiguration', with key:'view_configuration'
12-09 08:22:16.281 I/InstrumentationBackend(16059): Added:'IsCurrentActivityFocused', with key:'is_current_activity_focused'
12-09 08:22:16.282 I/InstrumentationBackend(16059): Added:'SendTcp', with key:'send_tcp'
12-09 08:22:16.282 I/InstrumentationBackend(16059): Added:'DpToDevicePixel', with key:'dp_to_device_pixel'
12-09 08:22:16.282 I/InstrumentationBackend(16059): Added:'KeyboardEnterText', with key:'keyboard_enter_text'
12-09 08:22:16.282 I/InstrumentationBackend(16059): Added:'DeleteSurroundingText', with key:'delete_surrounding_text'
12-09 08:22:16.283 I/InstrumentationBackend(16059): Added:'SetComposingRegion', with key:'set_composing_region'
12-09 08:22:16.283 I/InstrumentationBackend(16059): Added:'SetSelection', with key:'set_selection'
12-09 08:22:16.283 I/InstrumentationBackend(16059): Added:'KeyboardKeyEvent', with key:'keyboard_key_event'
12-09 08:22:16.283 I/InstrumentationBackend(16059): Added:'PressUserActionButton', with key:'press_user_action_button'
12-09 08:22:16.284 I/InstrumentationBackend(16059): Added:'HideSoftKeyboard', with key:'hide_soft_keyboard'
12-09 08:22:16.284 I/InstrumentationBackend(16059): Added:'ListActions', with key:'list_actions'
12-09 08:22:16.284 I/calabash(16059): Instantiating http server at 7102
12-09 08:22:16.297 I/System.out(16059): HTTP Daemon listening on: 7102
12-09 08:22:16.394 I/System.out(16059): URI: //ping
12-09 08:22:16.474 I/System.out(16059): params: {json={}
12-09 08:22:16.474 I/System.out(16059): }
12-09 08:22:16.508 I/System.out(16059): URI: //ping
12-09 08:22:16.508 I/System.out(16059): params: {json={}
12-09 08:22:16.508 I/System.out(16059): }
12-09 08:22:16.622 I/System.out(16059): URI: //ready
12-09 08:22:16.622 I/System.out(16059): params: {json={}
12-09 08:22:16.622 I/System.out(16059): }
12-09 08:22:16.677 I/System.out(16059): URI: //
12-09 08:22:16.677 I/System.out(16059): params: {json={"command":"version","arguments":[]}
12-09 08:22:16.678 I/System.out(16059): }
12-09 08:22:16.678 I/System.out(16059): header: {date=Sun, 09 Dec 2018 08:22:17 GMT, accept=*/*, content-length=36, host=127.0.0.1:34777, user-agent=HTTPClient/1.0 (2.8.3, ruby 2.3.1 (2016-04-26)), content-type=application/json;charset=utf-8}
12-09 08:22:16.678 I/System.out(16059): params: {json={"command":"version","arguments":[]}
12-09 08:22:16.678 I/System.out(16059): }
12-09 08:22:16.678 I/System.out(16059): ProP json = {"command":"version","arguments":[]}
12-09 08:22:16.678 I/System.out(16059): files: {}
12-09 08:22:16.678 I/System.out(16059): command: {"command":"version","arguments":[]}
12-09 08:22:16.787 I/InstrumentationBackend(16059): Got command:'Command:'Line:null,version', arguments:'[]'
12-09 08:22:16.791 I/art     (16059): Background partial concurrent mark sweep GC freed 1098(236KB) AllocSpace objects, 9(180KB) LOS objects, 44% free, 1277KB/2MB, paused 1.776ms total 104.968ms
12-09 08:22:16.809 I/System.out(16059): result:{"bonusInformation":[],"message":"0.9.8","success":true}
12-09 08:22:16.840 I/System.out(16059): URI: //start-application
12-09 08:22:16.840 I/System.out(16059): params: {json={"intent":null}
12-09 08:22:16.840 I/System.out(16059): }
12-09 08:22:17.005 I/ActivityManager( 1592): START u0 {act=android.intent.action.MAIN cat=[android.intent.category.LAUNCHER] flg=0x10200000 cmp=com.evancharlton.mileage/.Mileage} from uid 10135 on display 0
12-09 08:22:17.029 I/art     (16059): Background sticky concurrent mark sweep GC freed 30608(1435KB) AllocSpace objects, 3(60KB) LOS objects, 40% free, 1359KB/2MB, paused 13.454ms total 130.537ms
12-09 08:22:17.263 I/calabash(16059): newActivity1
12-09 08:22:17.401 W/art     ( 1592): Long monitor contention event with owner method=void com.android.server.wm.WindowManagerService.executeAppTransition() from WindowManagerService.java:4264 waiters=0 for 131ms
12-09 08:22:17.437 D/gralloc_ranchu( 1219): gralloc_alloc: Creating ashmem region of size 3686400
12-09 08:22:17.486 W/art     ( 1592): Long monitor contention event with owner method=void com.android.server.am.ActivityManagerService.activityPaused(android.os.IBinder) from ActivityManagerService.java:6439 waiters=1 for 224ms
12-09 08:22:17.487 W/art     ( 1592): Long monitor contention event with owner method=void com.android.server.am.ActivityManagerService.activityPaused(android.os.IBinder) from ActivityManagerService.java:6439 waiters=3 for 217ms
12-09 08:22:17.563 I/calabash(16059): newActivity1
12-09 08:22:17.611 W/ActivityManager( 1592): Bad activity token: android.os.BinderProxy@b33b009
12-09 08:22:17.611 W/ActivityManager( 1592): java.lang.ClassCastException: android.os.BinderProxy cannot be cast to com.android.server.am.ActivityRecord$Token
12-09 08:22:17.611 W/ActivityManager( 1592): 	at com.android.server.am.ActivityRecord.forTokenLocked(ActivityRecord.java:424)
12-09 08:22:17.611 W/ActivityManager( 1592): 	at com.android.server.am.ActivityRecord.isInStackLocked(ActivityRecord.java:1121)
12-09 08:22:17.611 W/ActivityManager( 1592): 	at com.android.server.am.ActivityRecord.getStackLocked(ActivityRecord.java:1126)
12-09 08:22:17.611 W/ActivityManager( 1592): 	at com.android.server.am.ActivityManagerService.getActivityDisplayId(ActivityManagerService.java:8889)
12-09 08:22:17.611 W/ActivityManager( 1592): 	at android.app.ActivityManagerNative.onTransact(ActivityManagerNative.java:2338)
12-09 08:22:17.611 W/ActivityManager( 1592): 	at com.android.server.am.ActivityManagerService.onTransact(ActivityManagerService.java:2443)
12-09 08:22:17.611 W/ActivityManager( 1592): 	at android.os.Binder.execTransact(Binder.java:453)
12-09 08:22:17.650 W/ActivityManager( 1592): Bad activity token: android.os.BinderProxy@b33b009
12-09 08:22:17.650 W/ActivityManager( 1592): java.lang.ClassCastException: android.os.BinderProxy cannot be cast to com.android.server.am.ActivityRecord$Token
12-09 08:22:17.650 W/ActivityManager( 1592): 	at com.android.server.am.ActivityRecord.forTokenLocked(ActivityRecord.java:424)
12-09 08:22:17.650 W/ActivityManager( 1592): 	at com.android.server.am.ActivityRecord.isInStackLocked(ActivityRecord.java:1121)
12-09 08:22:17.650 W/ActivityManager( 1592): 	at com.android.server.am.ActivityManagerService.setTaskDescription(ActivityManagerService.java:8547)
12-09 08:22:17.650 W/ActivityManager( 1592): 	at android.app.ActivityManagerNative.onTransact(ActivityManagerNative.java:2410)
12-09 08:22:17.650 W/ActivityManager( 1592): 	at com.android.server.am.ActivityManagerService.onTransact(ActivityManagerService.java:2443)
12-09 08:22:17.650 W/ActivityManager( 1592): 	at android.os.Binder.execTransact(Binder.java:453)
12-09 08:22:17.830 W/ActivityManager( 1592): Bad activity token: android.os.BinderProxy@b33b009
12-09 08:22:17.830 W/ActivityManager( 1592): java.lang.ClassCastException: android.os.BinderProxy cannot be cast to com.android.server.am.ActivityRecord$Token
12-09 08:22:17.830 W/ActivityManager( 1592): 	at com.android.server.am.ActivityRecord.forTokenLocked(ActivityRecord.java:424)
12-09 08:22:17.830 W/ActivityManager( 1592): 	at com.android.server.am.ActivityRecord.isInStackLocked(ActivityRecord.java:1121)
12-09 08:22:17.830 W/ActivityManager( 1592): 	at com.android.server.am.ActivityManagerService.getActivityOptions(ActivityManagerService.java:11038)
12-09 08:22:17.830 W/ActivityManager( 1592): 	at android.app.ActivityManagerNative.onTransact(ActivityManagerNative.java:1734)
12-09 08:22:17.830 W/ActivityManager( 1592): 	at com.android.server.am.ActivityManagerService.onTransact(ActivityManagerService.java:2443)
12-09 08:22:17.830 W/ActivityManager( 1592): 	at android.os.Binder.execTransact(Binder.java:453)
12-09 08:22:17.866 D/EGL_emulation( 1950): eglMakeCurrent: 0x7f815e0f4dc0: ver 2 0 (tinfo 0x7f815e0c2d20)
12-09 08:22:17.873 V/PhoneStatusBar( 1695): setLightsOn(true)
12-09 08:22:17.876 W/ActivityManager( 1592): Bad activity token: android.os.BinderProxy@b33b009
12-09 08:22:17.876 W/ActivityManager( 1592): java.lang.ClassCastException: android.os.BinderProxy cannot be cast to com.android.server.am.ActivityRecord$Token
12-09 08:22:17.876 W/ActivityManager( 1592): 	at com.android.server.am.ActivityRecord.forTokenLocked(ActivityRecord.java:424)
12-09 08:22:17.876 W/ActivityManager( 1592): 	at com.android.server.am.ActivityRecord.isInStackLocked(ActivityRecord.java:1121)
12-09 08:22:17.876 W/ActivityManager( 1592): 	at com.android.server.am.ActivityManagerService.getActivityOptions(ActivityManagerService.java:11038)
12-09 08:22:17.876 W/ActivityManager( 1592): 	at android.app.ActivityManagerNative.onTransact(ActivityManagerNative.java:1734)
12-09 08:22:17.876 W/ActivityManager( 1592): 	at com.android.server.am.ActivityManagerService.onTransact(ActivityManagerService.java:2443)
12-09 08:22:17.876 W/ActivityManager( 1592): 	at android.os.Binder.execTransact(Binder.java:453)
12-09 08:22:17.884 E/Surface ( 1950): getSlotFromBufferLocked: unknown buffer: 0x7f815a68d020
12-09 08:22:18.291 D/gralloc_ranchu( 1219): gralloc_alloc: Creating ashmem region of size 3686400
12-09 08:22:18.380 D/        (16059): HostConnection::get() New Host Connection established 0x7f815a6fd280, tid 16059
12-09 08:22:18.671 D/gralloc_ranchu( 1219): gralloc_alloc: Creating ashmem region of size 3686400
12-09 08:22:18.927 I/ActivityManager( 1592): Displayed com.evancharlton.mileage/.Mileage: +1s676ms
12-09 08:22:19.406 D/gralloc_ranchu( 1219): gralloc_alloc: Creating ashmem region of size 3686400
12-09 08:22:20.242 I/System.out(16059): URI: //map
12-09 08:22:20.242 I/System.out(16059): params: {json={"query":"android.widget.EditText id:'price'","operation":{"method_name":"query","arguments":[]}}
12-09 08:22:20.242 I/System.out(16059): }
12-09 08:22:20.293 W/ResourceType(16059): No package identifier when getting name for resource number 0x00000001
12-09 08:22:20.466 I/art     (16059): Background sticky concurrent mark sweep GC freed 47658(2MB) AllocSpace objects, 3(60KB) LOS objects, 34% free, 2MB/3MB, paused 1.126ms total 125.005ms
12-09 08:22:20.466 I/System.out(16059): URI: //gesture
12-09 08:22:20.481 I/System.out(16059): params: {json={"query_timeout":5.0,"gestures":[{"query_string":"android.widget.EditText id:'price'","touches":[{"x":50,"y":50,"offset_x":0,"offset_y":0,"wait":0.0,"time":0.2,"release":true,"query_string":null}]}]}
12-09 08:22:20.481 I/System.out(16059): }
12-09 08:22:20.505 W/ResourceType(16059): No package identifier when getting name for resource number 0x00000001
12-09 08:22:20.966 I/LatinIME( 1887): Starting input. Cursor position = 0,0
12-09 08:22:21.420 D/EGL_emulation( 1887): eglMakeCurrent: 0x7f815e0f4820: ver 2 0 (tinfo 0x7f815e0c2f20)
12-09 08:22:21.648 I/System.out(16059): URI: //
12-09 08:22:21.648 I/System.out(16059): params: {json={"command":"set_selection","arguments":[-1,-1]}
12-09 08:22:21.648 I/System.out(16059): }
12-09 08:22:21.648 I/System.out(16059): header: {date=Sun, 09 Dec 2018 08:22:22 GMT, accept=*/*, content-length=47, host=127.0.0.1:34777, user-agent=HTTPClient/1.0 (2.8.3, ruby 2.3.1 (2016-04-26)), content-type=application/json;charset=utf-8}
12-09 08:22:21.648 I/System.out(16059): params: {json={"command":"set_selection","arguments":[-1,-1]}
12-09 08:22:21.648 I/System.out(16059): }
12-09 08:22:21.648 I/System.out(16059): ProP json = {"command":"set_selection","arguments":[-1,-1]}
12-09 08:22:21.648 I/System.out(16059): files: {}
12-09 08:22:21.648 I/System.out(16059): command: {"command":"set_selection","arguments":[-1,-1]}
12-09 08:22:21.652 I/InstrumentationBackend(16059): Got command:'Command:'Line:null,set_selection', arguments:'[-1, -1]'
12-09 08:22:21.725 I/System.out(16059): result:{"bonusInformation":[],"message":"","success":true}
12-09 08:22:22.132 I/art     (16059): Background sticky concurrent mark sweep GC freed 15248(766KB) AllocSpace objects, 5(100KB) LOS objects, 30% free, 2MB/3MB, paused 1.061ms total 129.629ms
12-09 08:22:22.133 I/System.out(16059): URI: //
12-09 08:22:22.134 I/System.out(16059): params: {json={"command":"keyboard_enter_text","arguments":["000"]}
12-09 08:22:22.134 I/System.out(16059): }
12-09 08:22:22.134 I/System.out(16059): header: {date=Sun, 09 Dec 2018 08:22:22 GMT, accept=*/*, content-length=53, host=127.0.0.1:34777, user-agent=HTTPClient/1.0 (2.8.3, ruby 2.3.1 (2016-04-26)), content-type=application/json;charset=utf-8}
12-09 08:22:22.134 I/System.out(16059): params: {json={"command":"keyboard_enter_text","arguments":["000"]}
12-09 08:22:22.134 I/System.out(16059): }
12-09 08:22:22.134 I/System.out(16059): ProP json = {"command":"keyboard_enter_text","arguments":["000"]}
12-09 08:22:22.134 I/System.out(16059): files: {}
12-09 08:22:22.134 I/System.out(16059): command: {"command":"keyboard_enter_text","arguments":["000"]}
12-09 08:22:22.135 I/InstrumentationBackend(16059): Got command:'Command:'Line:null,keyboard_enter_text', arguments:'[000]'
12-09 08:22:22.555 E/SpannableStringBuilder(16059): SPAN_EXCLUSIVE_EXCLUSIVE spans cannot have a zero length
12-09 08:22:22.555 E/SpannableStringBuilder(16059): SPAN_EXCLUSIVE_EXCLUSIVE spans cannot have a zero length
12-09 08:22:22.744 E/SpannableStringBuilder(16059): SPAN_EXCLUSIVE_EXCLUSIVE spans cannot have a zero length
12-09 08:22:22.744 E/SpannableStringBuilder(16059): SPAN_EXCLUSIVE_EXCLUSIVE spans cannot have a zero length
12-09 08:22:22.775 I/System.out(16059): result:{"bonusInformation":[],"message":"","success":true}
12-09 08:22:22.918 I/System.out(16059): URI: //map
12-09 08:22:22.918 I/System.out(16059): params: {json={"query":"android.widget.Button index:2","operation":{"method_name":"query","arguments":[]}}
12-09 08:22:22.918 I/System.out(16059): }
12-09 08:22:23.078 I/art     (16059): Background partial concurrent mark sweep GC freed 25347(1290KB) AllocSpace objects, 7(140KB) LOS objects, 39% free, 2MB/4MB, paused 2.028ms total 157.754ms
12-09 08:22:23.221 I/System.out(16059): URI: //gesture
12-09 08:22:23.221 I/System.out(16059): params: {json={"query_timeout":5.0,"gestures":[{"query_string":"android.widget.Button index:2","touches":[{"x":50,"y":50,"offset_x":0,"offset_y":0,"wait":0.0,"time":0.2,"release":true,"query_string":null}]}]}
12-09 08:22:23.221 I/System.out(16059): }
12-09 08:22:23.387 I/art     (16059): Background sticky concurrent mark sweep GC freed 52294(2MB) AllocSpace objects, 2(40KB) LOS objects, 46% free, 2MB/4MB, paused 1.066ms total 163.162ms
12-09 08:22:23.920 W/audio_hw_generic( 1309): Hardware backing HAL too slow, could only write 0 of 661 frames
12-09 08:22:23.935 W/audio_hw_generic( 1309): Hardware backing HAL too slow, could only write 0 of 661 frames
12-09 08:22:23.950 W/audio_hw_generic( 1309): Hardware backing HAL too slow, could only write 0 of 661 frames
12-09 08:22:23.962 I/LatinIME( 1887): Starting input. Cursor position = 0,0
12-09 08:22:23.965 W/audio_hw_generic( 1309): Hardware backing HAL too slow, could only write 0 of 661 frames
12-09 08:22:23.996 W/audio_hw_generic( 1309): Hardware backing HAL too slow, could only write 0 of 661 frames
12-09 08:22:24.163 D/gralloc_ranchu( 1219): gralloc_alloc: Creating ashmem region of size 45056
12-09 08:22:24.198 W/audio_hw_generic( 1309): Not supplying enough data to HAL, expected position 36771833 , only wrote 36770769
12-09 08:22:24.231 W/audio_hw_generic( 1309): Not supplying enough data to HAL, expected position 36772184 , only wrote 36771430
12-09 08:22:24.231 W/audio_hw_generic( 1309): Not supplying enough data to HAL, expected position 36771437 , only wrote 36771430
12-09 08:22:24.262 W/audio_hw_generic( 1309): Not supplying enough data to HAL, expected position 36772808 , only wrote 36772091
12-09 08:22:24.284 W/audio_hw_generic( 1309): Hardware backing HAL too slow, could only write 0 of 661 frames
12-09 08:22:24.321 W/audio_hw_generic( 1309): Hardware backing HAL too slow, could only write 0 of 661 frames
12-09 08:22:24.331 W/audio_hw_generic( 1309): Hardware backing HAL too slow, could only write 0 of 661 frames
12-09 08:22:24.347 W/audio_hw_generic( 1309): Hardware backing HAL too slow, could only write 0 of 661 frames
12-09 08:22:24.362 W/audio_hw_generic( 1309): Hardware backing HAL too slow, could only write 0 of 661 frames
12-09 08:22:24.425 I/art     ( 1887): Background sticky concurrent mark sweep GC freed 1974(230KB) AllocSpace objects, 2(56KB) LOS objects, 20% free, 2MB/2MB, paused 12.951ms total 60.811ms
12-09 08:22:24.453 E/SurfaceFlinger( 1219): ro.sf.lcd_density must be defined as a build property
12-09 08:22:24.611 W/audio_hw_generic( 1309): Not supplying enough data to HAL, expected position 36787467 , only wrote 36787294
12-09 08:22:24.611 W/audio_hw_generic( 1309): Not supplying enough data to HAL, expected position 36787302 , only wrote 36787294
12-09 08:22:24.614 D/gralloc_ranchu( 1219): gralloc_alloc: Creating ashmem region of size 3686400
12-09 08:22:24.628 W/audio_hw_generic( 1309): Not supplying enough data to HAL, expected position 36788060 , only wrote 36787955
12-09 08:22:24.669 W/audio_hw_generic( 1309): Not supplying enough data to HAL, expected position 36789756 , only wrote 36789277
12-09 08:22:24.705 W/audio_hw_generic( 1309): Hardware backing HAL too slow, could only write 0 of 661 frames
12-09 08:22:24.721 W/audio_hw_generic( 1309): Hardware backing HAL too slow, could only write 0 of 661 frames
12-09 08:22:24.734 W/audio_hw_generic( 1309): Hardware backing HAL too slow, could only write 0 of 661 frames
12-09 08:22:24.740 D/        (16093): HostConnection::get() New Host Connection established 0x7fbd172d2480, tid 16093
12-09 08:22:24.761 W/audio_hw_generic( 1309): Hardware backing HAL too slow, could only write 0 of 661 frames
12-09 08:22:24.766 E/EGL_emulation( 1219): tid 1219: eglCreateSyncKHR(1881): error 0x3004 (EGL_BAD_ATTRIBUTE)
12-09 08:22:24.775 W/audio_hw_generic( 1309): Hardware backing HAL too slow, could only write 0 of 661 frames
12-09 08:22:24.821 W/art     ( 1592): Long monitor contention event with owner method=void com.android.server.wm.WindowAnimator$1.doFrame(long) from WindowAnimator.java:121 waiters=0 for 337ms
12-09 08:22:24.854 I/Choreographer( 1887): Skipped 54 frames!  The application may be doing too much work on its main thread.
12-09 08:22:25.001 W/audio_hw_generic( 1309): Not supplying enough data to HAL, expected position 36803905 , only wrote 36803819
12-09 08:22:25.274 W/audio_hw_generic( 1309): Not supplying enough data to HAL, expected position 36815877 , only wrote 36815717
12-09 08:22:25.275 W/audio_hw_generic( 1309): Not supplying enough data to HAL, expected position 36815727 , only wrote 36815717
12-09 08:22:25.290 W/audio_hw_generic( 1309): Not supplying enough data to HAL, expected position 36816387 , only wrote 36816378
12-09 08:22:25.322 W/audio_hw_generic( 1309): Not supplying enough data to HAL, expected position 36817813 , only wrote 36817700
12-09 08:22:25.505 W/audio_hw_generic( 1309): Not supplying enough data to HAL, expected position 36825778 , only wrote 36825632
12-09 08:22:25.506 W/audio_hw_generic( 1309): Not supplying enough data to HAL, expected position 36825639 , only wrote 36825632
12-09 08:22:25.621 W/audio_hw_generic( 1309): Hardware backing HAL too slow, could only write 0 of 661 frames
12-09 08:22:25.621 W/audio_hw_generic( 1309): Hardware backing HAL too slow, could only write 0 of 661 frames
12-09 08:22:25.705 W/audio_hw_generic( 1309): Not supplying enough data to HAL, expected position 36834438 , only wrote 36834225
12-09 08:22:25.705 W/audio_hw_generic( 1309): Hardware backing HAL too slow, could only write 0 of 661 frames
12-09 08:22:25.718 I/System.out(16059): URI: //map
12-09 08:22:25.718 I/System.out(16059): params: {json={"query":"android.widget.EditText id:'volume'","operation":{"method_name":"query","arguments":[]}}
12-09 08:22:25.718 I/System.out(16059): }
12-09 08:22:25.720 W/audio_hw_generic( 1309): Hardware backing HAL too slow, could only write 0 of 661 frames
12-09 08:22:25.737 W/audio_hw_generic( 1309): Hardware backing HAL too slow, could only write 0 of 661 frames
12-09 08:22:25.750 W/audio_hw_generic( 1309): Hardware backing HAL too slow, could only write 0 of 661 frames
12-09 08:22:25.752 W/ResourceType(16059): No package identifier when getting name for resource number 0x00000001
12-09 08:22:25.769 W/audio_hw_generic( 1309): Hardware backing HAL too slow, could only write 0 of 661 frames
12-09 08:22:25.785 W/audio_hw_generic( 1309): Hardware backing HAL too slow, could only write 0 of 661 frames
12-09 08:22:25.865 W/art     (16059): Suspending all threads took: 11.085ms
12-09 08:22:25.953 I/System.out(16059): URI: //gesture
12-09 08:22:25.953 I/System.out(16059): params: {json={"query_timeout":5.0,"gestures":[{"query_string":"android.widget.EditText id:'volume'","touches":[{"x":50,"y":50,"offset_x":0,"offset_y":0,"wait":0.0,"time":0.2,"release":true,"query_string":null}]}]}
12-09 08:22:25.953 I/System.out(16059): }
12-09 08:22:25.961 I/art     (16059): Background sticky concurrent mark sweep GC freed 75987(3MB) AllocSpace objects, 2(40KB) LOS objects, 27% free, 3MB/4MB, paused 22.654ms total 180.370ms
12-09 08:22:26.032 W/audio_hw_generic( 1309): Not supplying enough data to HAL, expected position 36848618 , only wrote 36847445
12-09 08:22:26.032 W/audio_hw_generic( 1309): Not supplying enough data to HAL, expected position 36847452 , only wrote 36847445
12-09 08:22:26.063 W/audio_hw_generic( 1309): Not supplying enough data to HAL, expected position 36848804 , only wrote 36848106
12-09 08:22:26.100 W/ResourceType(16059): No package identifier when getting name for resource number 0x00000001
12-09 08:22:26.101 W/audio_hw_generic( 1309): Not supplying enough data to HAL, expected position 36849813 , only wrote 36849428
12-09 08:22:26.301 W/audio_hw_generic( 1309): Not supplying enough data to HAL, expected position 36858250 , only wrote 36858021
12-09 08:22:26.302 W/audio_hw_generic( 1309): Not supplying enough data to HAL, expected position 36858028 , only wrote 36858021
12-09 08:22:26.321 W/audio_hw_generic( 1309): Not supplying enough data to HAL, expected position 36858898 , only wrote 36858682
12-09 08:22:26.357 W/audio_hw_generic( 1309): Hardware backing HAL too slow, could only write 0 of 661 frames
12-09 08:22:26.426 W/audio_hw_generic( 1309): Not supplying enough data to HAL, expected position 36863302 , only wrote 36861987
12-09 08:22:26.426 W/audio_hw_generic( 1309): Not supplying enough data to HAL, expected position 36861994 , only wrote 36861987
12-09 08:22:26.472 W/audio_hw_generic( 1309): Hardware backing HAL too slow, could only write 0 of 661 frames
12-09 08:22:26.989 W/audio_hw_generic( 1309): Not supplying enough data to HAL, expected position 36910423 , only wrote 36886444
12-09 08:22:27.063 I/System.out(16059): URI: //
12-09 08:22:27.063 I/System.out(16059): params: {json={"command":"set_selection","arguments":[-1,-1]}
12-09 08:22:27.063 I/System.out(16059): }
12-09 08:22:27.063 I/System.out(16059): header: {date=Sun, 09 Dec 2018 08:22:27 GMT, accept=*/*, content-length=47, host=127.0.0.1:34777, user-agent=HTTPClient/1.0 (2.8.3, ruby 2.3.1 (2016-04-26)), content-type=application/json;charset=utf-8}
12-09 08:22:27.063 I/System.out(16059): params: {json={"command":"set_selection","arguments":[-1,-1]}
12-09 08:22:27.063 I/System.out(16059): }
12-09 08:22:27.063 I/System.out(16059): ProP json = {"command":"set_selection","arguments":[-1,-1]}
12-09 08:22:27.063 I/System.out(16059): files: {}
12-09 08:22:27.063 I/System.out(16059): command: {"command":"set_selection","arguments":[-1,-1]}
12-09 08:22:27.064 I/InstrumentationBackend(16059): Got command:'Command:'Line:null,set_selection', arguments:'[-1, -1]'
12-09 08:22:27.071 I/System.out(16059): result:{"bonusInformation":[],"message":"","success":true}
12-09 08:22:27.336 I/System.out(16059): URI: //
12-09 08:22:27.336 I/System.out(16059): params: {json={"command":"keyboard_enter_text","arguments":["000"]}
12-09 08:22:27.338 I/System.out(16059): }
12-09 08:22:27.338 I/System.out(16059): header: {date=Sun, 09 Dec 2018 08:22:27 GMT, accept=*/*, content-length=53, host=127.0.0.1:34777, user-agent=HTTPClient/1.0 (2.8.3, ruby 2.3.1 (2016-04-26)), content-type=application/json;charset=utf-8}
12-09 08:22:27.338 I/System.out(16059): params: {json={"command":"keyboard_enter_text","arguments":["000"]}
12-09 08:22:27.338 I/System.out(16059): }
12-09 08:22:27.338 I/System.out(16059): ProP json = {"command":"keyboard_enter_text","arguments":["000"]}
12-09 08:22:27.338 I/System.out(16059): files: {}
12-09 08:22:27.338 I/System.out(16059): command: {"command":"keyboard_enter_text","arguments":["000"]}
12-09 08:22:27.349 I/InstrumentationBackend(16059): Got command:'Command:'Line:null,keyboard_enter_text', arguments:'[000]'
12-09 08:22:27.350 E/SpannableStringBuilder(16059): SPAN_EXCLUSIVE_EXCLUSIVE spans cannot have a zero length
12-09 08:22:27.350 E/SpannableStringBuilder(16059): SPAN_EXCLUSIVE_EXCLUSIVE spans cannot have a zero length
12-09 08:22:27.371 E/SpannableStringBuilder(16059): SPAN_EXCLUSIVE_EXCLUSIVE spans cannot have a zero length
12-09 08:22:27.371 E/SpannableStringBuilder(16059): SPAN_EXCLUSIVE_EXCLUSIVE spans cannot have a zero length
12-09 08:22:27.376 I/System.out(16059): result:{"bonusInformation":[],"message":"","success":true}
12-09 08:22:27.461 I/System.out(16059): URI: //map
12-09 08:22:27.461 I/System.out(16059): params: {json={"query":"android.widget.Button index:2","operation":{"method_name":"query","arguments":[]}}
12-09 08:22:27.461 I/System.out(16059): }
12-09 08:22:27.785 W/art     (16059): Suspending all threads took: 31.992ms
12-09 08:22:27.854 I/art     (16059): Background sticky concurrent mark sweep GC freed 59039(2MB) AllocSpace objects, 2(40KB) LOS objects, 36% free, 2MB/4MB, paused 33.172ms total 157.404ms
12-09 08:22:27.860 I/System.out(16059): URI: //gesture
12-09 08:22:27.862 I/System.out(16059): params: {json={"query_timeout":5.0,"gestures":[{"query_string":"android.widget.Button index:2","touches":[{"x":50,"y":50,"offset_x":0,"offset_y":0,"wait":0.0,"time":0.2,"release":true,"query_string":null}]}]}
12-09 08:22:27.862 I/System.out(16059): }
12-09 08:22:28.553 I/LatinIME( 1887): Starting input. Cursor position = 0,0
12-09 08:22:28.655 W/audio_hw_generic( 1309): Hardware backing HAL too slow, could only write 0 of 661 frames
12-09 08:22:28.655 W/audio_hw_generic( 1309): Hardware backing HAL too slow, could only write 0 of 661 frames
12-09 08:22:28.670 W/audio_hw_generic( 1309): Hardware backing HAL too slow, could only write 0 of 661 frames
12-09 08:22:28.675 I/art     (16059): Background sticky concurrent mark sweep GC freed 47521(2MB) AllocSpace objects, 3(60KB) LOS objects, 34% free, 2MB/4MB, paused 1.176ms total 140.966ms
12-09 08:22:28.685 W/audio_hw_generic( 1309): Hardware backing HAL too slow, could only write 0 of 661 frames
12-09 08:22:28.712 W/audio_hw_generic( 1309): Hardware backing HAL too slow, could only write 0 of 661 frames
12-09 08:22:28.717 W/audio_hw_generic( 1309): Hardware backing HAL too slow, could only write 0 of 661 frames
12-09 08:22:28.733 W/audio_hw_generic( 1309): Hardware backing HAL too slow, could only write 0 of 661 frames
12-09 08:22:28.746 W/audio_hw_generic( 1309): Hardware backing HAL too slow, could only write 0 of 661 frames
12-09 08:22:28.785 D/gralloc_ranchu( 1219): gralloc_alloc: Creating ashmem region of size 49152
12-09 08:22:28.983 W/audio_hw_generic( 1309): Hardware backing HAL too slow, could only write 0 of 661 frames
12-09 08:22:29.478 E/SurfaceFlinger( 1219): ro.sf.lcd_density must be defined as a build property
12-09 08:22:29.518 W/audio_hw_generic( 1309): Not supplying enough data to HAL, expected position 36927137 , only wrote 36925443
12-09 08:22:29.518 W/audio_hw_generic( 1309): Not supplying enough data to HAL, expected position 36925453 , only wrote 36925443
12-09 08:22:29.530 D/gralloc_ranchu( 1219): gralloc_alloc: Creating ashmem region of size 3686400
12-09 08:22:29.536 W/audio_hw_generic( 1309): Not supplying enough data to HAL, expected position 36926231 , only wrote 36926104
12-09 08:22:29.546 D/        (16105): HostConnection::get() New Host Connection established 0x7f2a2ffd2480, tid 16105
12-09 08:22:29.571 E/EGL_emulation( 1219): tid 1219: eglCreateSyncKHR(1881): error 0x3004 (EGL_BAD_ATTRIBUTE)
12-09 08:22:29.673 W/audio_hw_generic( 1309): Hardware backing HAL too slow, could only write 0 of 661 frames
12-09 08:22:29.729 I/Choreographer( 1887): Skipped 71 frames!  The application may be doing too much work on its main thread.
12-09 08:22:29.877 W/audio_hw_generic( 1309): Not supplying enough data to HAL, expected position 36941176 , only wrote 36939985
12-09 08:22:29.878 W/audio_hw_generic( 1309): Not supplying enough data to HAL, expected position 36939992 , only wrote 36939985
12-09 08:22:29.901 W/audio_hw_generic( 1309): Not supplying enough data to HAL, expected position 36941003 , only wrote 36940646
12-09 08:22:29.901 W/audio_hw_generic( 1309): Hardware backing HAL too slow, could only write 0 of 661 frames
12-09 08:22:29.937 W/audio_hw_generic( 1309): Hardware backing HAL too slow, could only write 0 of 661 frames
12-09 08:22:29.953 W/audio_hw_generic( 1309): Hardware backing HAL too slow, could only write 0 of 661 frames
12-09 08:22:29.969 W/audio_hw_generic( 1309): Hardware backing HAL too slow, could only write 0 of 661 frames
12-09 08:22:29.984 W/audio_hw_generic( 1309): Hardware backing HAL too slow, could only write 0 of 661 frames
12-09 08:22:30.232 W/audio_hw_generic( 1309): Not supplying enough data to HAL, expected position 36955251 , only wrote 36955188
12-09 08:22:30.232 W/audio_hw_generic( 1309): Not supplying enough data to HAL, expected position 36955195 , only wrote 36955188
12-09 08:22:30.254 W/audio_hw_generic( 1309): Not supplying enough data to HAL, expected position 36956149 , only wrote 36955849
12-09 08:22:30.369 W/audio_hw_generic( 1309): Hardware backing HAL too slow, could only write 0 of 661 frames
12-09 08:22:30.370 W/audio_hw_generic( 1309): Hardware backing HAL too slow, could only write 0 of 661 frames
12-09 08:22:30.405 W/audio_hw_generic( 1309): Hardware backing HAL too slow, could only write 0 of 661 frames
12-09 08:22:30.421 W/audio_hw_generic( 1309): Hardware backing HAL too slow, could only write 0 of 661 frames
12-09 08:22:30.433 W/audio_hw_generic( 1309): Hardware backing HAL too slow, could only write 0 of 661 frames
12-09 08:22:30.448 W/audio_hw_generic( 1309): Hardware backing HAL too slow, could only write 0 of 661 frames
12-09 08:22:30.463 W/audio_hw_generic( 1309): Hardware backing HAL too slow, could only write 0 of 661 frames
12-09 08:22:30.478 W/audio_hw_generic( 1309): Hardware backing HAL too slow, could only write 0 of 661 frames
12-09 08:22:30.603 W/audio_hw_generic( 1309): Not supplying enough data to HAL, expected position 36971262 , only wrote 36971052
12-09 08:22:30.604 W/audio_hw_generic( 1309): Not supplying enough data to HAL, expected position 36971062 , only wrote 36971052
12-09 08:22:30.624 W/audio_hw_generic( 1309): Not supplying enough data to HAL, expected position 36971929 , only wrote 36971713
12-09 08:22:30.685 I/System.out(16059): URI: //map
12-09 08:22:30.685 I/System.out(16059): params: {json={"query":"android.widget.EditText id:'odometer'","operation":{"method_name":"query","arguments":[]}}
12-09 08:22:30.686 I/System.out(16059): }
12-09 08:22:30.718 W/ResourceType(16059): No package identifier when getting name for resource number 0x00000001
12-09 08:22:30.845 I/art     (16059): Background sticky concurrent mark sweep GC freed 29422(1246KB) AllocSpace objects, 1(20KB) LOS objects, 13% free, 3MB/4MB, paused 16.338ms total 68.482ms
12-09 08:22:30.869 I/System.out(16059): URI: //gesture
12-09 08:22:30.869 I/System.out(16059): params: {json={"query_timeout":5.0,"gestures":[{"query_string":"android.widget.EditText id:'odometer'","touches":[{"x":50,"y":50,"offset_x":0,"offset_y":0,"wait":0.0,"time":0.2,"release":true,"query_string":null}]}]}
12-09 08:22:30.869 I/System.out(16059): }
12-09 08:22:30.911 W/ResourceType(16059): No package identifier when getting name for resource number 0x00000001
12-09 08:22:30.969 W/audio_hw_generic( 1309): Not supplying enough data to HAL, expected position 36986960 , only wrote 36986916
12-09 08:22:31.214 W/audio_hw_generic( 1309): Not supplying enough data to HAL, expected position 36997689 , only wrote 36997492
12-09 08:22:31.214 W/audio_hw_generic( 1309): Not supplying enough data to HAL, expected position 36997499 , only wrote 36997492
12-09 08:22:31.270 W/audio_hw_generic( 1309): Not supplying enough data to HAL, expected position 36999955 , only wrote 36998153
12-09 08:22:31.690 W/audio_hw_generic( 1309): Not supplying enough data to HAL, expected position 37034647 , only wrote 37016661
12-09 08:22:31.827 I/System.out(16059): URI: //
12-09 08:22:31.827 I/System.out(16059): params: {json={"command":"set_selection","arguments":[-1,-1]}
12-09 08:22:31.827 I/System.out(16059): }
12-09 08:22:31.827 I/System.out(16059): header: {date=Sun, 09 Dec 2018 08:22:32 GMT, accept=*/*, content-length=47, host=127.0.0.1:34777, user-agent=HTTPClient/1.0 (2.8.3, ruby 2.3.1 (2016-04-26)), content-type=application/json;charset=utf-8}
12-09 08:22:31.827 I/System.out(16059): params: {json={"command":"set_selection","arguments":[-1,-1]}
12-09 08:22:31.827 I/System.out(16059): }
12-09 08:22:31.827 I/System.out(16059): ProP json = {"command":"set_selection","arguments":[-1,-1]}
12-09 08:22:31.827 I/System.out(16059): files: {}
12-09 08:22:31.827 I/System.out(16059): command: {"command":"set_selection","arguments":[-1,-1]}
12-09 08:22:31.828 I/InstrumentationBackend(16059): Got command:'Command:'Line:null,set_selection', arguments:'[-1, -1]'
12-09 08:22:31.834 I/System.out(16059): result:{"bonusInformation":[],"message":"","success":true}
12-09 08:22:32.023 I/System.out(16059): URI: //
12-09 08:22:32.023 I/System.out(16059): params: {json={"command":"keyboard_enter_text","arguments":["000"]}
12-09 08:22:32.023 I/System.out(16059): }
12-09 08:22:32.023 I/System.out(16059): header: {date=Sun, 09 Dec 2018 08:22:32 GMT, accept=*/*, content-length=53, host=127.0.0.1:34777, user-agent=HTTPClient/1.0 (2.8.3, ruby 2.3.1 (2016-04-26)), content-type=application/json;charset=utf-8}
12-09 08:22:32.023 I/System.out(16059): params: {json={"command":"keyboard_enter_text","arguments":["000"]}
12-09 08:22:32.023 I/System.out(16059): }
12-09 08:22:32.023 I/System.out(16059): ProP json = {"command":"keyboard_enter_text","arguments":["000"]}
12-09 08:22:32.023 I/System.out(16059): files: {}
12-09 08:22:32.023 I/System.out(16059): command: {"command":"keyboard_enter_text","arguments":["000"]}
12-09 08:22:32.024 I/InstrumentationBackend(16059): Got command:'Command:'Line:null,keyboard_enter_text', arguments:'[000]'
12-09 08:22:32.029 E/SpannableStringBuilder(16059): SPAN_EXCLUSIVE_EXCLUSIVE spans cannot have a zero length
12-09 08:22:32.030 E/SpannableStringBuilder(16059): SPAN_EXCLUSIVE_EXCLUSIVE spans cannot have a zero length
12-09 08:22:32.033 E/SpannableStringBuilder(16059): SPAN_EXCLUSIVE_EXCLUSIVE spans cannot have a zero length
12-09 08:22:32.033 E/SpannableStringBuilder(16059): SPAN_EXCLUSIVE_EXCLUSIVE spans cannot have a zero length
12-09 08:22:32.062 I/System.out(16059): result:{"bonusInformation":[],"message":"","success":true}
12-09 08:22:32.115 I/art     (16059): Background sticky concurrent mark sweep GC freed 23244(1025KB) AllocSpace objects, 5(100KB) LOS objects, 22% free, 3MB/4MB, paused 5.495ms total 76.856ms
12-09 08:22:32.146 I/System.out(16059): URI: //map
12-09 08:22:32.146 I/System.out(16059): params: {json={"query":"android.widget.Button index:2","operation":{"method_name":"query","arguments":[]}}
12-09 08:22:32.146 I/System.out(16059): }
12-09 08:22:32.393 I/System.out(16059): URI: //gesture
12-09 08:22:32.393 I/System.out(16059): params: {json={"query_timeout":5.0,"gestures":[{"query_string":"android.widget.Button index:2","touches":[{"x":50,"y":50,"offset_x":0,"offset_y":0,"wait":0.0,"time":0.2,"release":true,"query_string":null}]}]}
12-09 08:22:32.393 I/System.out(16059): }
12-09 08:22:32.895 W/audio_hw_generic( 1309): Hardware backing HAL too slow, could only write 0 of 661 frames
12-09 08:22:32.911 W/audio_hw_generic( 1309): Hardware backing HAL too slow, could only write 0 of 661 frames
12-09 08:22:32.944 W/audio_hw_generic( 1309): Hardware backing HAL too slow, could only write 0 of 661 frames
12-09 08:22:32.976 W/audio_hw_generic( 1309): Hardware backing HAL too slow, could only write 0 of 661 frames
12-09 08:22:32.977 W/audio_hw_generic( 1309): Hardware backing HAL too slow, could only write 0 of 661 frames
12-09 08:22:32.992 W/audio_hw_generic( 1309): Hardware backing HAL too slow, could only write 0 of 661 frames
12-09 08:22:33.013 W/audio_hw_generic( 1309): Hardware backing HAL too slow, could only write 0 of 661 frames
12-09 08:22:33.095 I/art     (16059): Background sticky concurrent mark sweep GC freed 47130(2MB) AllocSpace objects, 2(40KB) LOS objects, 19% free, 3MB/4MB, paused 2.278ms total 284.937ms
12-09 08:22:33.537 D/gralloc_ranchu( 1219): gralloc_alloc: Creating ashmem region of size 40960
12-09 08:22:33.567 E/SurfaceFlinger( 1219): ro.sf.lcd_density must be defined as a build property
12-09 08:22:33.657 W/audio_hw_generic( 1309): Not supplying enough data to HAL, expected position 37050288 , only wrote 37047728
12-09 08:22:33.657 W/audio_hw_generic( 1309): Not supplying enough data to HAL, expected position 37047735 , only wrote 37047728
12-09 08:22:33.682 D/gralloc_ranchu( 1219): gralloc_alloc: Creating ashmem region of size 3686400
12-09 08:22:33.801 W/audio_hw_generic( 1309): Not supplying enough data to HAL, expected position 37054082 , only wrote 37048389
12-09 08:22:33.817 D/        (16117): HostConnection::get() New Host Connection established 0x7f1d32ad2480, tid 16117
12-09 08:22:33.840 E/EGL_emulation( 1219): tid 1219: eglCreateSyncKHR(1881): error 0x3004 (EGL_BAD_ATTRIBUTE)
12-09 08:22:33.852 W/audio_hw_generic( 1309): Not supplying enough data to HAL, expected position 37050614 , only wrote 37049711
12-09 08:22:34.399 W/audio_hw_generic( 1309): Not supplying enough data to HAL, expected position 37073851 , only wrote 37073507
12-09 08:22:34.586 W/audio_hw_generic( 1309): Hardware backing HAL too slow, could only write 0 of 661 frames
12-09 08:22:34.587 W/audio_hw_generic( 1309): Hardware backing HAL too slow, could only write 0 of 661 frames
12-09 08:22:34.605 W/audio_hw_generic( 1309): Hardware backing HAL too slow, could only write 0 of 661 frames
12-09 08:22:34.620 W/audio_hw_generic( 1309): Hardware backing HAL too slow, could only write 0 of 661 frames
12-09 08:22:34.635 W/audio_hw_generic( 1309): Hardware backing HAL too slow, could only write 0 of 661 frames
12-09 08:22:34.650 W/audio_hw_generic( 1309): Hardware backing HAL too slow, could only write 0 of 661 frames
12-09 08:22:34.718 W/audio_hw_generic( 1309): Not supplying enough data to HAL, expected position 37087553 , only wrote 37087388
12-09 08:22:34.718 W/audio_hw_generic( 1309): Not supplying enough data to HAL, expected position 37087395 , only wrote 37087388
12-09 08:22:34.745 W/audio_hw_generic( 1309): Not supplying enough data to HAL, expected position 37088596 , only wrote 37088049
12-09 08:22:34.934 W/audio_hw_generic( 1309): Hardware backing HAL too slow, could only write 0 of 661 frames
12-09 08:22:34.961 W/audio_hw_generic( 1309): Hardware backing HAL too slow, could only write 0 of 661 frames
12-09 08:22:34.977 W/audio_hw_generic( 1309): Hardware backing HAL too slow, could only write 0 of 661 frames
12-09 08:22:34.993 W/audio_hw_generic( 1309): Hardware backing HAL too slow, could only write 0 of 661 frames
