12-09 08:33:35.767 I/calabash(18391): newActivity1
12-09 08:33:35.768 W/ActivityManager( 1593): Bad activity token: android.os.BinderProxy@854d39a
12-09 08:33:35.768 W/ActivityManager( 1593): java.lang.ClassCastException: android.os.BinderProxy cannot be cast to com.android.server.am.ActivityRecord$Token
12-09 08:33:35.768 W/ActivityManager( 1593): 	at com.android.server.am.ActivityRecord.forTokenLocked(ActivityRecord.java:424)
12-09 08:33:35.768 W/ActivityManager( 1593): 	at com.android.server.am.ActivityRecord.isInStackLocked(ActivityRecord.java:1121)
12-09 08:33:35.768 W/ActivityManager( 1593): 	at com.android.server.am.ActivityRecord.getStackLocked(ActivityRecord.java:1126)
12-09 08:33:35.768 W/ActivityManager( 1593): 	at com.android.server.am.ActivityManagerService.getActivityDisplayId(ActivityManagerService.java:8889)
12-09 08:33:35.768 W/ActivityManager( 1593): 	at android.app.ActivityManagerNative.onTransact(ActivityManagerNative.java:2338)
12-09 08:33:35.768 W/ActivityManager( 1593): 	at com.android.server.am.ActivityManagerService.onTransact(ActivityManagerService.java:2443)
12-09 08:33:35.768 W/ActivityManager( 1593): 	at android.os.Binder.execTransact(Binder.java:453)
12-09 08:33:35.769 W/ActivityManager( 1593): Bad activity token: android.os.BinderProxy@854d39a
12-09 08:33:35.769 W/ActivityManager( 1593): java.lang.ClassCastException: android.os.BinderProxy cannot be cast to com.android.server.am.ActivityRecord$Token
12-09 08:33:35.769 W/ActivityManager( 1593): 	at com.android.server.am.ActivityRecord.forTokenLocked(ActivityRecord.java:424)
12-09 08:33:35.769 W/ActivityManager( 1593): 	at com.android.server.am.ActivityRecord.isInStackLocked(ActivityRecord.java:1121)
12-09 08:33:35.769 W/ActivityManager( 1593): 	at com.android.server.am.ActivityManagerService.setTaskDescription(ActivityManagerService.java:8547)
12-09 08:33:35.769 W/ActivityManager( 1593): 	at android.app.ActivityManagerNative.onTransact(ActivityManagerNative.java:2410)
12-09 08:33:35.769 W/ActivityManager( 1593): 	at com.android.server.am.ActivityManagerService.onTransact(ActivityManagerService.java:2443)
12-09 08:33:35.769 W/ActivityManager( 1593): 	at android.os.Binder.execTransact(Binder.java:453)
12-09 08:33:35.807 I/art     (18391): Background sticky concurrent mark sweep GC freed 51159(2MB) AllocSpace objects, 2(40KB) LOS objects, 32% free, 3MB/4MB, paused 1.025ms total 198.541ms
12-09 08:33:35.826 W/audio_hw_generic( 1305): Hardware backing HAL too slow, could only write 0 of 661 frames
12-09 08:33:35.838 W/audio_hw_generic( 1305): Hardware backing HAL too slow, could only write 0 of 661 frames
12-09 08:33:35.843 D/VehicleStatisticsActivity(18391): Checking recalculation ...
12-09 08:33:35.844 D/VehicleStatisticsActivity(18391): Recalculating statistics
12-09 08:33:35.844 D/VehicleStatisticsTask(18391): Calculation starting...
12-09 08:33:35.845 D/VehicleStatisticsActivity(18391): Recalculation started!
12-09 08:33:35.858 W/audio_hw_generic( 1305): Hardware backing HAL too slow, could only write 0 of 661 frames
12-09 08:33:35.863 W/ActivityManager( 1593): Bad activity token: android.os.BinderProxy@854d39a
12-09 08:33:35.863 W/ActivityManager( 1593): java.lang.ClassCastException: android.os.BinderProxy cannot be cast to com.android.server.am.ActivityRecord$Token
12-09 08:33:35.863 W/ActivityManager( 1593): 	at com.android.server.am.ActivityRecord.forTokenLocked(ActivityRecord.java:424)
12-09 08:33:35.863 W/ActivityManager( 1593): 	at com.android.server.am.ActivityRecord.isInStackLocked(ActivityRecord.java:1121)
12-09 08:33:35.863 W/ActivityManager( 1593): 	at com.android.server.am.ActivityManagerService.getActivityOptions(ActivityManagerService.java:11038)
12-09 08:33:35.863 W/ActivityManager( 1593): 	at android.app.ActivityManagerNative.onTransact(ActivityManagerNative.java:1734)
12-09 08:33:35.863 W/ActivityManager( 1593): 	at com.android.server.am.ActivityManagerService.onTransact(ActivityManagerService.java:2443)
12-09 08:33:35.863 W/ActivityManager( 1593): 	at android.os.Binder.execTransact(Binder.java:453)
12-09 08:33:35.863 W/ActivityManager( 1593): Bad activity token: android.os.BinderProxy@854d39a
12-09 08:33:35.863 W/ActivityManager( 1593): java.lang.ClassCastException: android.os.BinderProxy cannot be cast to com.android.server.am.ActivityRecord$Token
12-09 08:33:35.863 W/ActivityManager( 1593): 	at com.android.server.am.ActivityRecord.forTokenLocked(ActivityRecord.java:424)
12-09 08:33:35.863 W/ActivityManager( 1593): 	at com.android.server.am.ActivityRecord.isInStackLocked(ActivityRecord.java:1121)
12-09 08:33:35.863 W/ActivityManager( 1593): 	at com.android.server.am.ActivityManagerService.getActivityOptions(ActivityManagerService.java:11038)
12-09 08:33:35.863 W/ActivityManager( 1593): 	at android.app.ActivityManagerNative.onTransact(ActivityManagerNative.java:1734)
12-09 08:33:35.863 W/ActivityManager( 1593): 	at com.android.server.am.ActivityManagerService.onTransact(ActivityManagerService.java:2443)
12-09 08:33:35.863 W/ActivityManager( 1593): 	at android.os.Binder.execTransact(Binder.java:453)
12-09 08:33:35.983 W/audio_hw_generic( 1305): Not supplying enough data to HAL, expected position 45141790 , only wrote 45139690
12-09 08:33:35.983 W/audio_hw_generic( 1305): Not supplying enough data to HAL, expected position 45139696 , only wrote 45139690
12-09 08:33:36.002 W/audio_hw_generic( 1305): Not supplying enough data to HAL, expected position 45140560 , only wrote 45140351
12-09 08:33:36.075 D/VehicleStatisticsActivity(18391): Checking recalculation ...
12-09 08:33:36.076 D/CalculateTask(18391): Recalculating...
12-09 08:33:36.097 D/VehicleStatisticsActivity(18391): Recalculating statistics
12-09 08:33:36.097 D/VehicleStatisticsTask(18391): Calculation starting...
12-09 08:33:36.097 D/VehicleStatisticsActivity(18391): Recalculation started!
12-09 08:33:36.112 W/audio_hw_generic( 1305): Hardware backing HAL too slow, could only write 0 of 661 frames
12-09 08:33:36.221 E/SurfaceFlinger( 1223): ro.sf.lcd_density must be defined as a build property
12-09 08:33:36.301 D/CalculateTask(18391): Recalculating...
12-09 08:33:36.311 D/Mileage.ABS(18391): Finished backup
12-09 08:33:36.371 D/gralloc_ranchu( 1223): gralloc_alloc: Creating ashmem region of size 3686400
12-09 08:33:36.384 D/VehicleStatisticsTask(18391): Done recalculating!
12-09 08:33:36.385 D/Mileage.ABS(18391): Not backing up; 155
12-09 08:33:36.401 D/VehicleStatisticsTask(18391): Done recalculating!
12-09 08:33:36.407 D/VehicleStatisticsAdapter(18391): Erasing the cache ...
12-09 08:33:36.410 D/        (18515): HostConnection::get() New Host Connection established 0x7f104f512480, tid 18515
12-09 08:33:36.425 D/VehicleStatisticsAdapter(18391): Erasing the cache ...
12-09 08:33:36.464 D/VehicleStatisticsAdapter(18391): Building new values ...
12-09 08:33:36.464 D/VehicleStatisticsAdapter(18391): Writing 29 records to the database ...
12-09 08:33:36.482 E/EGL_emulation( 1223): tid 1223: eglCreateSyncKHR(1881): error 0x3004 (EGL_BAD_ATTRIBUTE)
12-09 08:33:36.501 D/VehicleStatisticsAdapter(18391): Building new values ...
12-09 08:33:36.501 D/VehicleStatisticsAdapter(18391): Writing 29 records to the database ...
12-09 08:33:36.623 W/audio_hw_generic( 1305): Hardware backing HAL too slow, could only write 0 of 661 frames
12-09 08:33:36.636 W/audio_hw_generic( 1305): Hardware backing HAL too slow, could only write 0 of 661 frames
12-09 08:33:36.641 D/Mileage.ABS(18391): Not backing up; 411
12-09 08:33:36.653 W/audio_hw_generic( 1305): Hardware backing HAL too slow, could only write 0 of 661 frames
12-09 08:33:36.764 D/Mileage.ABS(18391): Not backing up; 534
12-09 08:33:36.786 D/Mileage.ABS(18391): Not backing up; 556
12-09 08:33:36.789 D/Mileage.ABS(18391): Not backing up; 559
12-09 08:33:36.789 D/Mileage.ABS(18391): Not backing up; 559
12-09 08:33:36.789 D/Mileage.ABS(18391): Not backing up; 559
12-09 08:33:36.789 D/Mileage.ABS(18391): Not backing up; 559
12-09 08:33:36.790 D/Mileage.ABS(18391): Not backing up; 560
12-09 08:33:36.790 D/Mileage.ABS(18391): Not backing up; 560
12-09 08:33:36.836 D/Mileage.ABS(18391): Not backing up; 606
12-09 08:33:36.861 W/audio_hw_generic( 1305): Hardware backing HAL too slow, could only write 0 of 661 frames
12-09 08:33:36.877 D/Mileage.ABS(18391): Not backing up; 647
12-09 08:33:36.893 D/Mileage.ABS(18391): Not backing up; 663
12-09 08:33:36.924 D/Mileage.ABS(18391): Not backing up; 694
12-09 08:33:36.969 D/Mileage.ABS(18391): Not backing up; 739
12-09 08:33:36.993 D/Mileage.ABS(18391): Not backing up; 763
12-09 08:33:37.140 D/Mileage.ABS(18391): Not backing up; 910
12-09 08:33:37.141 D/Mileage.ABS(18391): Not backing up; 911
12-09 08:33:37.141 D/Mileage.ABS(18391): Not backing up; 911
12-09 08:33:37.141 D/Mileage.ABS(18391): Not backing up; 911
12-09 08:33:37.293 W/audio_hw_generic( 1305): Not supplying enough data to HAL, expected position 45197257 , only wrote 45196536
12-09 08:33:37.293 W/audio_hw_generic( 1305): Not supplying enough data to HAL, expected position 45196542 , only wrote 45196536
12-09 08:33:37.310 W/audio_hw_generic( 1305): Not supplying enough data to HAL, expected position 45197283 , only wrote 45197197
12-09 08:33:37.330 W/audio_hw_generic( 1305): Hardware backing HAL too slow, could only write 0 of 661 frames
12-09 08:33:37.332 D/Mileage.ABS(18391): Finished backup
12-09 08:33:37.333 D/Mileage.ABS(18391): Not backing up; 19
12-09 08:33:37.333 D/Mileage.ABS(18391): Not backing up; 19
12-09 08:33:37.338 D/Mileage.ABS(18391): Not backing up; 19
12-09 08:33:37.343 I/System.out(18391): URI: //map
12-09 08:33:37.343 I/System.out(18391): params: {json={"query":"* {text CONTAINS[c] 'Average fuel economy'}","operation":{"method_name":"query","arguments":[]}}
12-09 08:33:37.343 I/System.out(18391): }
12-09 08:33:37.346 W/audio_hw_generic( 1305): Hardware backing HAL too slow, could only write 0 of 661 frames
12-09 08:33:37.363 W/audio_hw_generic( 1305): Hardware backing HAL too slow, could only write 0 of 661 frames
12-09 08:33:37.375 W/audio_hw_generic( 1305): Hardware backing HAL too slow, could only write 0 of 661 frames
12-09 08:33:37.394 W/audio_hw_generic( 1305): Hardware backing HAL too slow, could only write 0 of 661 frames
12-09 08:33:37.508 I/art     (18391): Background sticky concurrent mark sweep GC freed 20593(873KB) AllocSpace objects, 1(20KB) LOS objects, 19% free, 3MB/4MB, paused 1.076ms total 136.196ms
12-09 08:33:37.530 D/Mileage.ABS(18391): Not backing up; 215
12-09 08:33:37.541 D/Mileage.ABS(18391): Not backing up; 227
12-09 08:33:37.543 D/Mileage.ABS(18391): Not backing up; 229
12-09 08:33:37.543 D/Mileage.ABS(18391): Not backing up; 229
12-09 08:33:37.544 D/Mileage.ABS(18391): Not backing up; 230
12-09 08:33:37.626 W/audio_hw_generic( 1305): Not supplying enough data to HAL, expected position 45211151 , only wrote 45211078
12-09 08:33:37.667 W/audio_hw_generic( 1305): Not supplying enough data to HAL, expected position 45212862 , only wrote 45211078
12-09 08:33:37.714 W/audio_hw_generic( 1305): Not supplying enough data to HAL, expected position 45213153 , only wrote 45213061
12-09 08:33:37.722 W/audio_hw_generic( 1305): Hardware backing HAL too slow, could only write 0 of 661 frames
12-09 08:33:37.738 D/Mileage.ABS(18391): Not backing up; 424
12-09 08:33:37.739 D/Mileage.ABS(18391): Not backing up; 425
12-09 08:33:37.739 D/Mileage.ABS(18391): Not backing up; 425
12-09 08:33:37.740 D/Mileage.ABS(18391): Not backing up; 426
12-09 08:33:37.740 D/Mileage.ABS(18391): Not backing up; 426
12-09 08:33:37.741 D/Mileage.ABS(18391): Not backing up; 427
12-09 08:33:37.742 W/audio_hw_generic( 1305): Hardware backing HAL too slow, could only write 0 of 661 frames
12-09 08:33:37.763 W/audio_hw_generic( 1305): Hardware backing HAL too slow, could only write 0 of 661 frames
12-09 08:33:37.842 D/Mileage.ABS(18391): Not backing up; 528
12-09 08:33:37.954 W/audio_hw_generic( 1305): Not supplying enough data to HAL, expected position 45223662 , only wrote 45223637
12-09 08:33:37.954 W/audio_hw_generic( 1305): Not supplying enough data to HAL, expected position 45223643 , only wrote 45223637
12-09 08:33:37.974 W/audio_hw_generic( 1305): Not supplying enough data to HAL, expected position 45224498 , only wrote 45224298
12-09 08:33:38.031 D/Mileage.ABS(18391): Not backing up; 717
12-09 08:33:38.031 D/Mileage.ABS(18391): Not backing up; 717
12-09 08:33:38.031 D/Mileage.ABS(18391): Not backing up; 717
12-09 08:33:38.032 D/Mileage.ABS(18391): Not backing up; 717
12-09 08:33:38.032 D/Mileage.ABS(18391): Not backing up; 718
12-09 08:33:38.032 D/Mileage.ABS(18391): Not backing up; 718
12-09 08:33:38.032 D/Mileage.ABS(18391): Not backing up; 718
12-09 08:33:38.033 D/Mileage.ABS(18391): Not backing up; 719
12-09 08:33:38.255 W/art     (18391): Suspending all threads took: 12.818ms
12-09 08:33:38.272 D/Mileage.ABS(18391): Not backing up; 958
12-09 08:33:38.311 I/art     (18391): Background partial concurrent mark sweep GC freed 45613(2MB) AllocSpace objects, 4(80KB) LOS objects, 40% free, 3MB/5MB, paused 13.942ms total 444.776ms
12-09 08:33:38.312 I/System.out(18391): URI: //gesture
12-09 08:33:38.312 I/System.out(18391): params: {json={"query_timeout":5.0,"gestures":[{"query_string":"* {text CONTAINS[c] 'Average fuel economy'}","touches":[{"x":50,"y":50,"offset_x":0,"offset_y":0,"wait":0.0,"time":0.2,"release":true,"query_string":null}]}]}
12-09 08:33:38.312 I/System.out(18391): }
12-09 08:33:38.338 D/VehicleStatisticsAdapter(18391): Caching of 29 records complete! (1.837 seconds)
12-09 08:33:38.443 D/Mileage.ABS(18391): Finished backup
12-09 08:33:38.446 D/Mileage.ABS(18391): Not backing up; 132
12-09 08:33:38.446 D/Mileage.ABS(18391): Not backing up; 132
12-09 08:33:38.447 D/Mileage.ABS(18391): Not backing up; 133
12-09 08:33:38.447 D/Mileage.ABS(18391): Not backing up; 133
12-09 08:33:38.447 D/Mileage.ABS(18391): Not backing up; 133
12-09 08:33:38.447 D/Mileage.ABS(18391): Not backing up; 133
12-09 08:33:38.447 D/Mileage.ABS(18391): Not backing up; 133
12-09 08:33:38.448 D/Mileage.ABS(18391): Not backing up; 134
12-09 08:33:38.448 D/Mileage.ABS(18391): Not backing up; 134
12-09 08:33:38.448 D/Mileage.ABS(18391): Not backing up; 134
12-09 08:33:38.448 D/Mileage.ABS(18391): Not backing up; 134
12-09 08:33:38.448 D/Mileage.ABS(18391): Not backing up; 134
12-09 08:33:38.494 D/VehicleStatisticsAdapter(18391): Caching of 29 records complete! (2.03 seconds)
12-09 08:33:38.519 D/Mileage.ABS(18391): Not backing up; 205
12-09 08:33:38.532 D/Mileage.ABS(18391): Not backing up; 218
12-09 08:33:38.533 D/Mileage.ABS(18391): Not backing up; 219
12-09 08:33:38.641 W/audio_hw_generic( 1305): Not supplying enough data to HAL, expected position 45253704 , only wrote 45253382
12-09 08:33:38.641 W/audio_hw_generic( 1305): Not supplying enough data to HAL, expected position 45253389 , only wrote 45253382
12-09 08:33:38.658 W/audio_hw_generic( 1305): Not supplying enough data to HAL, expected position 45254126 , only wrote 45254043
12-09 08:33:38.693 I/ActivityManager( 1593): START u0 {cmp=com.evancharlton.mileage/.charts.AverageFuelEconomyChart (has extras)} from uid 10139 on display 0
12-09 08:33:38.810 D/AudioFlinger( 1305): mixer(0xf4340000) throttle end: throttle time(22)
12-09 08:33:38.870 W/audio_hw_generic( 1305): Hardware backing HAL too slow, could only write 0 of 661 frames
12-09 08:33:38.888 I/calabash(18391): newActivity1
12-09 08:33:38.930 W/aiCharts(18391): License file is invalid or missing. 
12-09 08:33:38.930 W/aiCharts(18391): Please place proper license.lic to /assets folder.
12-09 08:33:38.933 I/art     (18391): Background sticky concurrent mark sweep GC freed 46126(2MB) AllocSpace objects, 1(20KB) LOS objects, 35% free, 3MB/5MB, paused 1.180ms total 129.725ms
12-09 08:33:39.021 V/PhoneStatusBar( 1706): setLightsOn(true)
12-09 08:33:39.105 W/audio_hw_generic( 1305): Hardware backing HAL too slow, could only write 0 of 661 frames
12-09 08:33:39.138 W/audio_hw_generic( 1305): Not supplying enough data to HAL, expected position 45275222 , only wrote 45275195
12-09 08:33:39.138 W/audio_hw_generic( 1305): Not supplying enough data to HAL, expected position 45275201 , only wrote 45275195
12-09 08:33:39.153 W/audio_hw_generic( 1305): Hardware backing HAL too slow, could only write 0 of 661 frames
12-09 08:33:39.172 W/audio_hw_generic( 1305): Hardware backing HAL too slow, could only write 0 of 661 frames
12-09 08:33:39.193 W/audio_hw_generic( 1305): Hardware backing HAL too slow, could only write 0 of 661 frames
12-09 08:33:39.203 W/audio_hw_generic( 1305): Hardware backing HAL too slow, could only write 0 of 661 frames
12-09 08:33:39.217 W/audio_hw_generic( 1305): Hardware backing HAL too slow, could only write 0 of 661 frames
12-09 08:33:39.250 W/audio_hw_generic( 1305): Hardware backing HAL too slow, could only write 0 of 661 frames
12-09 08:33:39.273 D/gralloc_ranchu( 1223): gralloc_alloc: Creating ashmem region of size 372736
12-09 08:33:39.390 W/audio_hw_generic( 1305): Hardware backing HAL too slow, could only write 0 of 661 frames
12-09 08:33:39.421 W/audio_hw_generic( 1305): Hardware backing HAL too slow, could only write 0 of 661 frames
12-09 08:33:39.447 W/audio_hw_generic( 1305): Hardware backing HAL too slow, could only write 0 of 661 frames
12-09 08:33:39.501 E/SurfaceFlinger( 1223): ro.sf.lcd_density must be defined as a build property
12-09 08:33:39.546 D/gralloc_ranchu( 1223): gralloc_alloc: Creating ashmem region of size 3686400
12-09 08:33:39.562 D/        (18535): HostConnection::get() New Host Connection established 0x7f9cc1712480, tid 18535
12-09 08:33:39.597 E/EGL_emulation( 1223): tid 1223: eglCreateSyncKHR(1881): error 0x3004 (EGL_BAD_ATTRIBUTE)
12-09 08:33:39.655 W/art     ( 1593): Long monitor contention event with owner method=void com.android.server.wm.WindowAnimator$1.doFrame(long) from WindowAnimator.java:121 waiters=0 for 167ms
12-09 08:33:39.676 D/gralloc_ranchu( 1223): gralloc_alloc: Creating ashmem region of size 3686400
12-09 08:33:39.755 W/audio_hw_generic( 1305): Not supplying enough data to HAL, expected position 45302404 , only wrote 45302296
12-09 08:33:39.755 W/audio_hw_generic( 1305): Not supplying enough data to HAL, expected position 45302303 , only wrote 45302296
12-09 08:33:39.770 W/audio_hw_generic( 1305): Not supplying enough data to HAL, expected position 45302959 , only wrote 45302957
12-09 08:33:39.915 W/audio_hw_generic( 1305): Not supplying enough data to HAL, expected position 45309327 , only wrote 45308906
12-09 08:33:39.915 W/audio_hw_generic( 1305): Not supplying enough data to HAL, expected position 45308913 , only wrote 45308906
12-09 08:33:39.930 W/audio_hw_generic( 1305): Not supplying enough data to HAL, expected position 45309571 , only wrote 45309567
12-09 08:33:40.020 W/audio_hw_generic( 1305): Hardware backing HAL too slow, could only write 0 of 661 frames
12-09 08:33:40.106 W/audio_hw_generic( 1305): Hardware backing HAL too slow, could only write 0 of 661 frames
12-09 08:33:40.137 W/audio_hw_generic( 1305): Hardware backing HAL too slow, could only write 0 of 661 frames
12-09 08:33:40.153 W/audio_hw_generic( 1305): Hardware backing HAL too slow, could only write 0 of 661 frames
12-09 08:33:40.166 W/audio_hw_generic( 1305): Hardware backing HAL too slow, could only write 0 of 661 frames
12-09 08:33:40.246 W/audio_hw_generic( 1305): Not supplying enough data to HAL, expected position 45323491 , only wrote 45322787
12-09 08:33:40.246 W/audio_hw_generic( 1305): Not supplying enough data to HAL, expected position 45322794 , only wrote 45322787
12-09 08:33:40.259 W/art     ( 1593): Long monitor contention event with owner method=void com.android.server.wm.WindowAnimator$1.doFrame(long) from WindowAnimator.java:121 waiters=1 for 234ms
12-09 08:33:40.270 W/audio_hw_generic( 1305): Not supplying enough data to HAL, expected position 45323848 , only wrote 45323448
12-09 08:33:40.285 W/audio_hw_generic( 1305): Hardware backing HAL too slow, could only write 0 of 661 frames
12-09 08:33:40.300 W/audio_hw_generic( 1305): Hardware backing HAL too slow, could only write 0 of 661 frames
12-09 08:33:40.318 W/audio_hw_generic( 1305): Hardware backing HAL too slow, could only write 0 of 661 frames
12-09 08:33:40.331 W/audio_hw_generic( 1305): Hardware backing HAL too slow, could only write 0 of 661 frames
12-09 08:33:40.479 W/audio_hw_generic( 1305): Hardware backing HAL too slow, could only write 0 of 661 frames
12-09 08:33:40.495 W/audio_hw_generic( 1305): Hardware backing HAL too slow, could only write 0 of 661 frames
12-09 08:33:40.495 W/art     ( 1593): Long monitor contention event with owner method=void com.android.server.wm.WindowAnimator$1.doFrame(long) from WindowAnimator.java:121 waiters=1 for 381ms
12-09 08:33:40.509 W/audio_hw_generic( 1305): Hardware backing HAL too slow, could only write 0 of 661 frames
12-09 08:33:40.545 W/audio_hw_generic( 1305): Hardware backing HAL too slow, could only write 0 of 661 frames
12-09 08:33:40.564 W/audio_hw_generic( 1305): Hardware backing HAL too slow, could only write 0 of 661 frames
12-09 08:33:40.571 W/art     ( 1593): Long monitor contention event with owner method=void com.android.server.wm.WindowAnimator$1.doFrame(long) from WindowAnimator.java:121 waiters=1 for 312ms
12-09 08:33:40.571 W/art     ( 1593): Long monitor contention event with owner method=java.util.List com.android.server.am.ActivityManagerService.getAllStackInfos() from ActivityManagerService.java:8937 waiters=0 for 190ms
12-09 08:33:40.573 W/audio_hw_generic( 1305): Hardware backing HAL too slow, could only write 0 of 661 frames
12-09 08:33:40.587 W/audio_hw_generic( 1305): Hardware backing HAL too slow, could only write 0 of 661 frames
12-09 08:33:40.599 W/audio_hw_generic( 1305): Hardware backing HAL too slow, could only write 0 of 661 frames
12-09 08:33:40.618 W/audio_hw_generic( 1305): Not supplying enough data to HAL, expected position 45338810 , only wrote 45338651
12-09 08:33:40.751 D/gralloc_ranchu( 1223): gralloc_alloc: Creating ashmem region of size 3686400
12-09 08:33:40.803 I/ActivityManager( 1593): Displayed com.evancharlton.mileage/.charts.AverageFuelEconomyChart: +1s931ms
12-09 08:33:40.995 W/audio_hw_generic( 1305): Not supplying enough data to HAL, expected position 45355241 , only wrote 45355176
12-09 08:33:41.027 W/audio_hw_generic( 1305): Not supplying enough data to HAL, expected position 45356603 , only wrote 45356498
12-09 08:33:41.027 W/audio_hw_generic( 1305): Hardware backing HAL too slow, could only write 0 of 661 frames
