--------- beginning of main
12-09 04:27:09.709 W/audio_hw_generic( 1310): Hardware backing HAL too slow, could only write 0 of 661 frames
12-09 04:27:09.722 E/EGL_emulation( 1224): tid 1224: eglCreateSyncKHR(1881): error 0x3004 (EGL_BAD_ATTRIBUTE)
--------- beginning of system
12-09 04:27:09.895 W/ActivityManager( 1594): Finishing task with all activities already finished
12-09 04:27:09.895 W/ActivityManager( 1594): Duplicate finish request for ActivityRecord{b556a25 u0 com.evancharlton.mileage/.Mileage t302 f}
12-09 04:27:09.895 W/ActivityManager( 1594): Finishing task with all activities already finished
12-09 04:27:09.895 W/ActivityManager( 1594): Duplicate finish request for ActivityRecord{b556a25 u0 com.evancharlton.mileage/.Mileage t302 f}
12-09 04:27:09.895 W/ActivityManager( 1594): Finishing task with all activities already finished
12-09 04:27:09.895 W/ActivityManager( 1594): Duplicate finish request for ActivityRecord{b556a25 u0 com.evancharlton.mileage/.Mileage t302 f}
12-09 04:27:10.100 D/EGL_emulation( 1937): eglMakeCurrent: 0x7f74244f4640: ver 2 0 (tinfo 0x7f74244c2780)
12-09 04:27:10.360 W/audio_hw_generic( 1310): Not supplying enough data to HAL, expected position 53439689 , only wrote 53408800
12-09 04:27:10.526 D/AndroidRuntime(22418): >>>>>> START com.android.internal.os.RuntimeInit uid 0 <<<<<<
12-09 04:27:10.548 D/AndroidRuntime(22418): CheckJNI is ON
12-09 04:27:10.580 D/ICU     (22418): No timezone override file found: /data/misc/zoneinfo/current/icu/icu_tzdata.dat
12-09 04:27:10.776 E/memtrack(22418): Couldn't load memtrack module (No such file or directory)
12-09 04:27:10.776 E/android.os.Debug(22418): failed to load memtrack module: -2
12-09 04:27:10.777 I/Radio-JNI(22418): register_android_hardware_Radio DONE
12-09 04:27:10.797 D/AndroidRuntime(22418): Calling main entry com.android.commands.am.Am
12-09 04:27:10.802 I/ActivityManager( 1594): Force stopping com.evancharlton.mileage appid=10111 user=0: start instr
12-09 04:27:10.802 I/ActivityManager( 1594): Killing 22349:com.evancharlton.mileage/u0a111 (adj 0): stop com.evancharlton.mileage
12-09 04:27:10.839 W/InputDispatcher( 1594): channel '120918b Toast (server)' ~ Consumer closed input channel or an error occurred.  events=0x9
12-09 04:27:10.839 E/InputDispatcher( 1594): channel '120918b Toast (server)' ~ Channel is unrecoverably broken and will be disposed!
12-09 04:27:10.924 W/ActivityManager( 1594): Crash of app com.evancharlton.mileage running instrumentation ComponentInfo{com.evancharlton.mileage.test/sh.calaba.instrumentationbackend.CalabashInstrumentationTestRunner}
12-09 04:27:10.924 I/ActivityManager( 1594): Force stopping com.evancharlton.mileage appid=10111 user=0: finished inst
12-09 04:27:10.981 W/art     ( 1594): Long monitor contention event with owner method=void com.android.server.wm.WindowAnimator$1.doFrame(long) from WindowAnimator.java:121 waiters=1 for 206ms
12-09 04:27:11.229 W/art     ( 1594): Long monitor contention event with owner method=void com.android.server.wm.WindowAnimator$1.doFrame(long) from WindowAnimator.java:121 waiters=3 for 304ms
12-09 04:27:11.313 W/art     ( 1594): Long monitor contention event with owner method=void com.android.server.wm.WindowAnimator$1.doFrame(long) from WindowAnimator.java:121 waiters=4 for 388ms
12-09 04:27:11.383 W/art     ( 1594): Long monitor contention event with owner method=void com.android.server.wm.WindowAnimator$1.doFrame(long) from WindowAnimator.java:121 waiters=4 for 402ms
12-09 04:27:11.608 W/art     ( 1594): Long monitor contention event with owner method=void com.android.server.wm.WindowAnimator$1.doFrame(long) from WindowAnimator.java:121 waiters=4 for 553ms
12-09 04:27:11.707 W/art     ( 1594): Long monitor contention event with owner method=void com.android.server.wm.WindowAnimator$1.doFrame(long) from WindowAnimator.java:121 waiters=4 for 570ms
12-09 04:27:11.791 W/art     ( 1594): Long monitor contention event with owner method=void com.android.server.wm.WindowAnimator$1.doFrame(long) from WindowAnimator.java:121 waiters=4 for 562ms
12-09 04:27:11.920 W/art     ( 1594): Long monitor contention event with owner method=void com.android.server.wm.WindowAnimator$1.doFrame(long) from WindowAnimator.java:121 waiters=4 for 607ms
12-09 04:27:12.084 W/art     ( 1594): Long monitor contention event with owner method=void com.android.server.wm.WindowAnimator$1.doFrame(long) from WindowAnimator.java:121 waiters=4 for 700ms
12-09 04:27:12.084 W/InputDispatcher( 1594): Attempted to unregister already unregistered input channel '120918b Toast (server)'
12-09 04:27:12.120 W/art     ( 1594): Long monitor contention event with owner method=void com.android.server.wm.WindowAnimator$1.doFrame(long) from WindowAnimator.java:121 waiters=4 for 511ms
12-09 04:27:12.122 W/art     ( 1594): Long monitor contention event with owner method=void com.android.server.wm.WindowAnimator$1.doFrame(long) from WindowAnimator.java:121 waiters=4 for 415ms
12-09 04:27:12.218 W/art     ( 1594): Long monitor contention event with owner method=void com.android.server.wm.WindowAnimator$1.doFrame(long) from WindowAnimator.java:121 waiters=4 for 426ms
12-09 04:27:12.218 I/WindowState( 1594): WIN DEATH: Window{120918b u0 Toast EXITING}
12-09 04:27:12.219 I/WindowState( 1594): WIN DEATH: Window{595db23 u0 com.evancharlton.mileage/com.evancharlton.mileage.Mileage EXITING}
12-09 04:27:12.220 W/WindowAnimator( 1594): Failed to dispatch window animation state change.
12-09 04:27:12.220 W/WindowAnimator( 1594): android.os.DeadObjectException
12-09 04:27:12.220 W/WindowAnimator( 1594): 	at android.os.BinderProxy.transactNative(Native Method)
12-09 04:27:12.220 W/WindowAnimator( 1594): 	at android.os.BinderProxy.transact(Binder.java:503)
12-09 04:27:12.220 W/WindowAnimator( 1594): 	at android.view.IWindow$Stub$Proxy.onAnimationStarted(IWindow.java:520)
12-09 04:27:12.220 W/WindowAnimator( 1594): 	at com.android.server.wm.WindowAnimator.updateWindowsLocked(WindowAnimator.java:282)
12-09 04:27:12.220 W/WindowAnimator( 1594): 	at com.android.server.wm.WindowAnimator.animateLocked(WindowAnimator.java:678)
12-09 04:27:12.220 W/WindowAnimator( 1594): 	at com.android.server.wm.WindowAnimator.-wrap0(WindowAnimator.java)
12-09 04:27:12.220 W/WindowAnimator( 1594): 	at com.android.server.wm.WindowAnimator$1.doFrame(WindowAnimator.java:123)
12-09 04:27:12.220 W/WindowAnimator( 1594): 	at android.view.Choreographer$CallbackRecord.run(Choreographer.java:856)
12-09 04:27:12.220 W/WindowAnimator( 1594): 	at android.view.Choreographer.doCallbacks(Choreographer.java:670)
12-09 04:27:12.220 W/WindowAnimator( 1594): 	at android.view.Choreographer.doFrame(Choreographer.java:603)
12-09 04:27:12.220 W/WindowAnimator( 1594): 	at android.view.Choreographer$FrameDisplayEventReceiver.run(Choreographer.java:844)
12-09 04:27:12.220 W/WindowAnimator( 1594): 	at android.os.Handler.handleCallback(Handler.java:739)
12-09 04:27:12.220 W/WindowAnimator( 1594): 	at android.os.Handler.dispatchMessage(Handler.java:95)
12-09 04:27:12.220 W/WindowAnimator( 1594): 	at android.os.Looper.loop(Looper.java:148)
12-09 04:27:12.220 W/WindowAnimator( 1594): 	at android.os.HandlerThread.run(HandlerThread.java:61)
12-09 04:27:12.220 W/WindowAnimator( 1594): 	at com.android.server.ServiceThread.run(ServiceThread.java:46)
12-09 04:27:12.408 I/ActivityManager( 1594): Start proc 22427:com.evancharlton.mileage/u0a111 for added application com.evancharlton.mileage
12-09 04:27:12.447 D/AndroidRuntime(22418): Shutting down VM
12-09 04:27:12.451 W/art     ( 1594): Long monitor contention event with owner method=boolean com.android.server.am.ActivityManagerService.startInstrumentation(android.content.ComponentName, java.lang.String, int, android.os.Bundle, android.app.IInstrumentationWatcher, android.app.IUiAutomationConnection, int, java.lang.String) from ActivityManagerService.java:17066 waiters=0 for 1.648s
12-09 04:27:12.451 W/art     ( 1594): Long monitor contention event with owner method=boolean com.android.server.am.ActivityManagerService.startInstrumentation(android.content.ComponentName, java.lang.String, int, android.os.Bundle, android.app.IInstrumentationWatcher, android.app.IUiAutomationConnection, int, java.lang.String) from ActivityManagerService.java:17066 waiters=1 for 1.536s
12-09 04:27:12.460 W/InputMethodManagerService( 1594): Got RemoteException sending setActive(false) notification to pid 22349 uid 10111
12-09 04:27:12.767 W/art     ( 1594): Long monitor contention event with owner method=com.android.internal.view.InputBindResult com.android.server.InputMethodManagerService.windowGainedFocus(com.android.internal.view.IInputMethodClient, android.os.IBinder, int, int, int, android.view.inputmethod.EditorInfo, com.android.internal.view.IInputContext) from InputMethodManagerService.java:2177 waiters=0 for 1.842s
12-09 04:27:12.780 W/WindowAnimator( 1594): Failed to dispatch window animation state change.
12-09 04:27:12.780 W/WindowAnimator( 1594): android.os.DeadObjectException
12-09 04:27:12.780 W/WindowAnimator( 1594): 	at android.os.BinderProxy.transactNative(Native Method)
12-09 04:27:12.780 W/WindowAnimator( 1594): 	at android.os.BinderProxy.transact(Binder.java:503)
12-09 04:27:12.780 W/WindowAnimator( 1594): 	at android.view.IWindow$Stub$Proxy.onAnimationStopped(IWindow.java:534)
12-09 04:27:12.780 W/WindowAnimator( 1594): 	at com.android.server.wm.WindowAnimator.updateWindowsLocked(WindowAnimator.java:286)
12-09 04:27:12.780 W/WindowAnimator( 1594): 	at com.android.server.wm.WindowAnimator.animateLocked(WindowAnimator.java:678)
12-09 04:27:12.780 W/WindowAnimator( 1594): 	at com.android.server.wm.WindowAnimator.-wrap0(WindowAnimator.java)
12-09 04:27:12.780 W/WindowAnimator( 1594): 	at com.android.server.wm.WindowAnimator$1.doFrame(WindowAnimator.java:123)
12-09 04:27:12.780 W/WindowAnimator( 1594): 	at android.view.Choreographer$CallbackRecord.run(Choreographer.java:856)
12-09 04:27:12.780 W/WindowAnimator( 1594): 	at android.view.Choreographer.doCallbacks(Choreographer.java:670)
12-09 04:27:12.780 W/WindowAnimator( 1594): 	at android.view.Choreographer.doFrame(Choreographer.java:603)
12-09 04:27:12.780 W/WindowAnimator( 1594): 	at android.view.Choreographer$FrameDisplayEventReceiver.run(Choreographer.java:844)
12-09 04:27:12.780 W/WindowAnimator( 1594): 	at android.os.Handler.handleCallback(Handler.java:739)
12-09 04:27:12.780 W/WindowAnimator( 1594): 	at android.os.Handler.dispatchMessage(Handler.java:95)
12-09 04:27:12.780 W/WindowAnimator( 1594): 	at android.os.Looper.loop(Looper.java:148)
12-09 04:27:12.780 W/WindowAnimator( 1594): 	at android.os.HandlerThread.run(HandlerThread.java:61)
12-09 04:27:12.780 W/WindowAnimator( 1594): 	at com.android.server.ServiceThread.run(ServiceThread.java:46)
12-09 04:27:12.781 I/Choreographer( 1937): Skipped 153 frames!  The application may be doing too much work on its main thread.
12-09 04:27:12.860 W/art     ( 1594): Long monitor contention event with owner method=com.android.internal.view.InputBindResult com.android.server.InputMethodManagerService.windowGainedFocus(com.android.internal.view.IInputMethodClient, android.os.IBinder, int, int, int, android.view.inputmethod.EditorInfo, com.android.internal.view.IInputContext) from InputMethodManagerService.java:2177 waiters=1 for 644ms
12-09 04:27:13.023 W/System  (22427): ClassLoader referenced unknown path: /data/app/com.evancharlton.mileage.test-1/lib/x86_64
12-09 04:27:13.023 W/System  (22427): ClassLoader referenced unknown path: /data/app/com.evancharlton.mileage-1/lib/x86_64
12-09 04:27:13.071 D/EGL_emulation( 1889): eglMakeCurrent: 0x7f74244f4820: ver 2 0 (tinfo 0x7f7420d4c120)
12-09 04:27:13.077 E/Surface ( 1889): getSlotFromBufferLocked: unknown buffer: 0x7f74296a5a80
12-09 04:27:13.091 I/System.out(22427): Main activity name automatically set to: com.evancharlton.mileage.Mileage
12-09 04:27:13.092 I/System.out(22427): Calabash did not load Mono. This is only a problem if you are trying to test a Mono application
12-09 04:27:13.092 I/calabash(22427): Test server port: 7102
12-09 04:27:13.093 I/InstrumentationBackend(22427): Added:'GetPreferences', with key:'get_preferences'
12-09 04:27:13.195 W/art     (22427): Suspending all threads took: 8.231ms
12-09 04:27:13.214 I/art     (22427): Background sticky concurrent mark sweep GC freed 9492(394KB) AllocSpace objects, 0(0B) LOS objects, 30% free, 888KB/1285KB, paused 20.052ms total 133.046ms
12-09 04:27:13.263 I/InstrumentationBackend(22427): Added:'SetPreferences', with key:'set_preferences'
12-09 04:27:13.263 I/InstrumentationBackend(22427): Added:'ClearPreferences', with key:'clear_preferences'
12-09 04:27:13.263 I/InstrumentationBackend(22427): Added:'PressElement', with key:'press_l10n_element'
12-09 04:27:13.263 I/InstrumentationBackend(22427): Added:'WaitForElement', with key:'wait_for_l10n_element'
12-09 04:27:13.264 I/InstrumentationBackend(22427): Added:'NullAction', with key:'nullAction'
12-09 04:27:13.264 I/InstrumentationBackend(22427): Added:'PressKey', with key:'press_key'
12-09 04:27:13.264 I/InstrumentationBackend(22427): Added:'SetActivityOrientation', with key:'set_activity_orientation'
12-09 04:27:13.265 I/InstrumentationBackend(22427): Added:'GetActivityOrientation', with key:'get_activity_orientation'
12-09 04:27:13.265 I/InstrumentationBackend(22427): Added:'FakeGPSLocation', with key:'set_gps_coordinates'
12-09 04:27:13.265 I/InstrumentationBackend(22427): Added:'SetPropertyByCssSelector', with key:'set_property_by_css_selector'
12-09 04:27:13.265 I/InstrumentationBackend(22427): Added:'GetUrl', with key:'get_url'
12-09 04:27:13.266 I/InstrumentationBackend(22427): Added:'ScrollTo', with key:'scroll_to'
12-09 04:27:13.276 I/InstrumentationBackend(22427): Added:'GetLoadProgress', with key:'get_load_progress'
12-09 04:27:13.283 I/InstrumentationBackend(22427): Added:'DumpHtml', with key:'dump_html'
12-09 04:27:13.285 I/InstrumentationBackend(22427): Added:'DumpBodyHtml', with key:'dump_body_html'
12-09 04:27:13.285 I/InstrumentationBackend(22427): Added:'EnterTextByCssSelector', with key:'enter_text_by_selector'
12-09 04:27:13.286 I/InstrumentationBackend(22427): Added:'AndroidSDKVersion', with key:'android_sdk_version'
12-09 04:27:13.295 I/InstrumentationBackend(22427): Added:'Version', with key:'version'
12-09 04:27:13.295 I/InstrumentationBackend(22427): Added:'Drag', with key:'drag'
12-09 04:27:13.295 I/InstrumentationBackend(22427): Added:'TouchCoordinates', with key:'touch_coordinate'
12-09 04:27:13.295 I/InstrumentationBackend(22427): Added:'LongPressCoordinate', with key:'long_press_coordinate'
12-09 04:27:13.307 I/InstrumentationBackend(22427): Added:'DragCoordinates', with key:'drag_coordinates'
12-09 04:27:13.307 I/InstrumentationBackend(22427): Added:'ResumeApplication', with key:'resume_application'
12-09 04:27:13.307 I/InstrumentationBackend(22427): Added:'Swipe', with key:'swipe'
12-09 04:27:13.308 I/InstrumentationBackend(22427): Added:'DoubleTapCoordinate', with key:'double_tap_coordinate'
12-09 04:27:13.308 I/InstrumentationBackend(22427): Added:'ClickOnScreen', with key:'click_on_screen'
12-09 04:27:13.308 I/InstrumentationBackend(22427): Added:'GetActivityName', with key:'get_activity_name'
12-09 04:27:13.308 I/InstrumentationBackend(22427): Added:'ScrollToView', with key:'scroll_to_view'
12-09 04:27:13.309 I/InstrumentationBackend(22427): Added:'ViewConfiguration', with key:'view_configuration'
12-09 04:27:13.309 I/InstrumentationBackend(22427): Added:'IsCurrentActivityFocused', with key:'is_current_activity_focused'
12-09 04:27:13.309 I/InstrumentationBackend(22427): Added:'SendTcp', with key:'send_tcp'
12-09 04:27:13.309 I/InstrumentationBackend(22427): Added:'DpToDevicePixel', with key:'dp_to_device_pixel'
12-09 04:27:13.316 I/InstrumentationBackend(22427): Added:'KeyboardEnterText', with key:'keyboard_enter_text'
12-09 04:27:13.316 I/InstrumentationBackend(22427): Added:'DeleteSurroundingText', with key:'delete_surrounding_text'
12-09 04:27:13.316 I/InstrumentationBackend(22427): Added:'SetComposingRegion', with key:'set_composing_region'
12-09 04:27:13.317 I/InstrumentationBackend(22427): Added:'SetSelection', with key:'set_selection'
12-09 04:27:13.317 I/InstrumentationBackend(22427): Added:'KeyboardKeyEvent', with key:'keyboard_key_event'
12-09 04:27:13.317 I/InstrumentationBackend(22427): Added:'PressUserActionButton', with key:'press_user_action_button'
12-09 04:27:13.317 I/InstrumentationBackend(22427): Added:'HideSoftKeyboard', with key:'hide_soft_keyboard'
12-09 04:27:13.318 I/InstrumentationBackend(22427): Added:'ListActions', with key:'list_actions'
12-09 04:27:13.318 I/calabash(22427): Instantiating http server at 7102
12-09 04:27:13.375 I/System.out(22427): HTTP Daemon listening on: 7102
12-09 04:27:13.568 W/art     ( 1594): Long monitor contention event with owner method=void com.android.server.wm.WindowAnimator$1.doFrame(long) from WindowAnimator.java:121 waiters=2 for 451ms
12-09 04:27:13.573 I/art     (22427): Background partial concurrent mark sweep GC freed 2402(264KB) AllocSpace objects, 1(20KB) LOS objects, 50% free, 995KB/2019KB, paused 996us total 290.179ms
12-09 04:27:13.584 W/art     ( 1594): Long monitor contention event with owner method=void com.android.server.wm.WindowManagerService$H.handleMessage(android.os.Message) from WindowManagerService.java:7820 waiters=2 for 335ms
12-09 04:27:13.585 W/art     ( 1594): Long monitor contention event with owner method=void com.android.server.wm.WindowAnimator$1.doFrame(long) from WindowAnimator.java:121 waiters=2 for 324ms
12-09 04:27:13.585 I/Choreographer( 1937): Skipped 42 frames!  The application may be doing too much work on its main thread.
12-09 04:27:13.595 I/System.out(22427): URI: //ping
12-09 04:27:13.596 I/System.out(22427): params: {json={}
12-09 04:27:13.596 I/System.out(22427): }
12-09 04:27:13.621 I/System.out(22427): URI: //ping
12-09 04:27:13.621 I/System.out(22427): params: {json={}
12-09 04:27:13.621 I/System.out(22427): }
12-09 04:27:13.650 I/System.out(22427): URI: //ready
12-09 04:27:13.650 I/System.out(22427): params: {json={}
12-09 04:27:13.651 I/System.out(22427): }
12-09 04:27:13.745 W/OpenGLRenderer( 1937): Incorrectly called buildLayer on View: ShortcutAndWidgetContainer, destroying layer...
12-09 04:27:13.782 I/System.out(22427): URI: //
12-09 04:27:13.782 I/System.out(22427): params: {json={"command":"version","arguments":[]}
12-09 04:27:13.782 I/System.out(22427): }
12-09 04:27:13.783 I/System.out(22427): header: {date=Sun, 09 Dec 2018 04:27:14 GMT, accept=*/*, content-length=36, host=127.0.0.1:34777, user-agent=HTTPClient/1.0 (2.8.3, ruby 2.3.1 (2016-04-26)), content-type=application/json;charset=utf-8}
12-09 04:27:13.783 I/System.out(22427): params: {json={"command":"version","arguments":[]}
12-09 04:27:13.783 I/System.out(22427): }
12-09 04:27:13.783 I/System.out(22427): ProP json = {"command":"version","arguments":[]}
12-09 04:27:13.783 I/System.out(22427): files: {}
12-09 04:27:13.783 I/System.out(22427): command: {"command":"version","arguments":[]}
12-09 04:27:13.822 I/InstrumentationBackend(22427): Got command:'Command:'Line:null,version', arguments:'[]'
12-09 04:27:13.916 I/System.out(22427): result:{"bonusInformation":[],"message":"0.9.8","success":true}
12-09 04:27:13.992 I/art     (22427): Background sticky concurrent mark sweep GC freed 14485(833KB) AllocSpace objects, 11(220KB) LOS objects, 37% free, 1255KB/2019KB, paused 1.122ms total 123.806ms
12-09 04:27:13.993 I/System.out(22427): URI: //start-application
12-09 04:27:13.993 I/System.out(22427): params: {json={"intent":null}
12-09 04:27:13.993 I/System.out(22427): }
12-09 04:27:14.212 W/WindowAnimator( 1594): Failed to dispatch window animation state change.
12-09 04:27:14.212 W/WindowAnimator( 1594): android.os.DeadObjectException
12-09 04:27:14.212 W/WindowAnimator( 1594): 	at android.os.BinderProxy.transactNative(Native Method)
12-09 04:27:14.212 W/WindowAnimator( 1594): 	at android.os.BinderProxy.transact(Binder.java:503)
12-09 04:27:14.212 W/WindowAnimator( 1594): 	at android.view.IWindow$Stub$Proxy.onAnimationStopped(IWindow.java:534)
12-09 04:27:14.212 W/WindowAnimator( 1594): 	at com.android.server.wm.WindowAnimator.updateWindowsLocked(WindowAnimator.java:286)
12-09 04:27:14.212 W/WindowAnimator( 1594): 	at com.android.server.wm.WindowAnimator.animateLocked(WindowAnimator.java:678)
12-09 04:27:14.212 W/WindowAnimator( 1594): 	at com.android.server.wm.WindowAnimator.-wrap0(WindowAnimator.java)
12-09 04:27:14.212 W/WindowAnimator( 1594): 	at com.android.server.wm.WindowAnimator$1.doFrame(WindowAnimator.java:123)
12-09 04:27:14.212 W/WindowAnimator( 1594): 	at android.view.Choreographer$CallbackRecord.run(Choreographer.java:856)
12-09 04:27:14.212 W/WindowAnimator( 1594): 	at android.view.Choreographer.doCallbacks(Choreographer.java:670)
12-09 04:27:14.212 W/WindowAnimator( 1594): 	at android.view.Choreographer.doFrame(Choreographer.java:603)
12-09 04:27:14.212 W/WindowAnimator( 1594): 	at android.view.Choreographer$FrameDisplayEventReceiver.run(Choreographer.java:844)
12-09 04:27:14.212 W/WindowAnimator( 1594): 	at android.os.Handler.handleCallback(Handler.java:739)
12-09 04:27:14.212 W/WindowAnimator( 1594): 	at android.os.Handler.dispatchMessage(Handler.java:95)
12-09 04:27:14.212 W/WindowAnimator( 1594): 	at android.os.Looper.loop(Looper.java:148)
12-09 04:27:14.212 W/WindowAnimator( 1594): 	at android.os.HandlerThread.run(HandlerThread.java:61)
12-09 04:27:14.212 W/WindowAnimator( 1594): 	at com.android.server.ServiceThread.run(ServiceThread.java:46)
12-09 04:27:14.534 W/art     ( 1594): Long monitor contention event with owner method=void com.android.server.wm.WindowAnimator$1.doFrame(long) from WindowAnimator.java:121 waiters=0 for 322ms
12-09 04:27:14.758 I/ActivityManager( 1594): START u0 {act=android.intent.action.MAIN cat=[android.intent.category.LAUNCHER] flg=0x10200000 cmp=com.evancharlton.mileage/.Mileage} from uid 10111 on display 0
12-09 04:27:14.848 I/calabash(22427): newActivity1
12-09 04:27:14.941 I/calabash(22427): newActivity1
12-09 04:27:14.943 W/ActivityManager( 1594): Bad activity token: android.os.BinderProxy@61d4c57
12-09 04:27:14.943 W/ActivityManager( 1594): java.lang.ClassCastException: android.os.BinderProxy cannot be cast to com.android.server.am.ActivityRecord$Token
12-09 04:27:14.943 W/ActivityManager( 1594): 	at com.android.server.am.ActivityRecord.forTokenLocked(ActivityRecord.java:424)
12-09 04:27:14.943 W/ActivityManager( 1594): 	at com.android.server.am.ActivityRecord.isInStackLocked(ActivityRecord.java:1121)
12-09 04:27:14.943 W/ActivityManager( 1594): 	at com.android.server.am.ActivityRecord.getStackLocked(ActivityRecord.java:1126)
12-09 04:27:14.943 W/ActivityManager( 1594): 	at com.android.server.am.ActivityManagerService.getActivityDisplayId(ActivityManagerService.java:8889)
12-09 04:27:14.943 W/ActivityManager( 1594): 	at android.app.ActivityManagerNative.onTransact(ActivityManagerNative.java:2338)
12-09 04:27:14.943 W/ActivityManager( 1594): 	at com.android.server.am.ActivityManagerService.onTransact(ActivityManagerService.java:2443)
12-09 04:27:14.943 W/ActivityManager( 1594): 	at android.os.Binder.execTransact(Binder.java:453)
12-09 04:27:14.975 W/ActivityManager( 1594): Bad activity token: android.os.BinderProxy@61d4c57
12-09 04:27:14.975 W/ActivityManager( 1594): java.lang.ClassCastException: android.os.BinderProxy cannot be cast to com.android.server.am.ActivityRecord$Token
12-09 04:27:14.975 W/ActivityManager( 1594): 	at com.android.server.am.ActivityRecord.forTokenLocked(ActivityRecord.java:424)
12-09 04:27:14.975 W/ActivityManager( 1594): 	at com.android.server.am.ActivityRecord.isInStackLocked(ActivityRecord.java:1121)
12-09 04:27:14.975 W/ActivityManager( 1594): 	at com.android.server.am.ActivityManagerService.setTaskDescription(ActivityManagerService.java:8547)
12-09 04:27:14.975 W/ActivityManager( 1594): 	at android.app.ActivityManagerNative.onTransact(ActivityManagerNative.java:2410)
12-09 04:27:14.975 W/ActivityManager( 1594): 	at com.android.server.am.ActivityManagerService.onTransact(ActivityManagerService.java:2443)
12-09 04:27:14.975 W/ActivityManager( 1594): 	at android.os.Binder.execTransact(Binder.java:453)
12-09 04:27:15.131 D/gralloc_ranchu( 1224): gralloc_alloc: Creating ashmem region of size 3686400
12-09 04:27:15.187 W/ActivityManager( 1594): Bad activity token: android.os.BinderProxy@61d4c57
12-09 04:27:15.187 W/ActivityManager( 1594): java.lang.ClassCastException: android.os.BinderProxy cannot be cast to com.android.server.am.ActivityRecord$Token
12-09 04:27:15.187 W/ActivityManager( 1594): 	at com.android.server.am.ActivityRecord.forTokenLocked(ActivityRecord.java:424)
12-09 04:27:15.187 W/ActivityManager( 1594): 	at com.android.server.am.ActivityRecord.isInStackLocked(ActivityRecord.java:1121)
12-09 04:27:15.187 W/ActivityManager( 1594): 	at com.android.server.am.ActivityManagerService.getActivityOptions(ActivityManagerService.java:11038)
12-09 04:27:15.187 W/ActivityManager( 1594): 	at android.app.ActivityManagerNative.onTransact(ActivityManagerNative.java:1734)
12-09 04:27:15.187 W/ActivityManager( 1594): 	at com.android.server.am.ActivityManagerService.onTransact(ActivityManagerService.java:2443)
12-09 04:27:15.187 W/ActivityManager( 1594): 	at android.os.Binder.execTransact(Binder.java:453)
12-09 04:27:15.195 W/ActivityManager( 1594): Bad activity token: android.os.BinderProxy@61d4c57
12-09 04:27:15.195 W/ActivityManager( 1594): java.lang.ClassCastException: android.os.BinderProxy cannot be cast to com.android.server.am.ActivityRecord$Token
12-09 04:27:15.195 W/ActivityManager( 1594): 	at com.android.server.am.ActivityRecord.forTokenLocked(ActivityRecord.java:424)
12-09 04:27:15.195 W/ActivityManager( 1594): 	at com.android.server.am.ActivityRecord.isInStackLocked(ActivityRecord.java:1121)
12-09 04:27:15.195 W/ActivityManager( 1594): 	at com.android.server.am.ActivityManagerService.getActivityOptions(ActivityManagerService.java:11038)
12-09 04:27:15.195 W/ActivityManager( 1594): 	at android.app.ActivityManagerNative.onTransact(ActivityManagerNative.java:1734)
12-09 04:27:15.195 W/ActivityManager( 1594): 	at com.android.server.am.ActivityManagerService.onTransact(ActivityManagerService.java:2443)
12-09 04:27:15.195 W/ActivityManager( 1594): 	at android.os.Binder.execTransact(Binder.java:453)
12-09 04:27:15.201 I/art     (22427): Background sticky concurrent mark sweep GC freed 1704(254KB) AllocSpace objects, 0(0B) LOS objects, 0% free, 2010KB/2019KB, paused 21.606ms total 154.082ms
12-09 04:27:15.332 I/art     (22427): Background sticky concurrent mark sweep GC freed 38(9KB) AllocSpace objects, 0(0B) LOS objects, 2% free, 1966KB/2019KB, paused 13.720ms total 37.125ms
12-09 04:27:15.342 V/PhoneStatusBar( 1702): setLightsOn(true)
12-09 04:27:15.407 I/art     (22427): Background partial concurrent mark sweep GC freed 827(121KB) AllocSpace objects, 1(20KB) LOS objects, 39% free, 1827KB/2MB, paused 5.576ms total 44.079ms
12-09 04:27:15.435 D/EGL_emulation( 1937): eglMakeCurrent: 0x7f74244f4640: ver 2 0 (tinfo 0x7f74244c2780)
12-09 04:27:15.472 E/Surface ( 1937): getSlotFromBufferLocked: unknown buffer: 0x7f7420a96a60
12-09 04:27:15.665 W/art     ( 1594): Long monitor contention event with owner method=void com.android.server.wm.WindowAnimator$1.doFrame(long) from WindowAnimator.java:121 waiters=0 for 206ms
12-09 04:27:15.997 W/art     ( 1594): Long monitor contention event with owner method=void com.android.server.wm.WindowAnimator$1.doFrame(long) from WindowAnimator.java:121 waiters=0 for 167ms
12-09 04:27:16.263 W/art     ( 1594): Long monitor contention event with owner method=void com.android.server.wm.WindowAnimator$1.doFrame(long) from WindowAnimator.java:121 waiters=1 for 203ms
12-09 04:27:16.297 W/art     ( 1594): Long monitor contention event with owner method=void com.android.server.wm.WindowAnimator$1.doFrame(long) from WindowAnimator.java:121 waiters=1 for 155ms
12-09 04:27:16.361 I/Choreographer(22427): Skipped 40 frames!  The application may be doing too much work on its main thread.
12-09 04:27:16.362 D/gralloc_ranchu( 1224): gralloc_alloc: Creating ashmem region of size 3686400
12-09 04:27:16.396 D/        (22427): HostConnection::get() New Host Connection established 0x7f7420afcfe0, tid 22427
12-09 04:27:16.477 D/gralloc_ranchu( 1224): gralloc_alloc: Creating ashmem region of size 3686400
12-09 04:27:16.479 I/ActivityManager( 1594): Displayed com.evancharlton.mileage/.Mileage: +1s642ms
12-09 04:27:17.720 I/System.out(22427): URI: //map
12-09 04:27:17.720 I/System.out(22427): params: {json={"query":"android.widget.EditText id:'price'","operation":{"method_name":"query","arguments":[]}}
12-09 04:27:17.720 I/System.out(22427): }
12-09 04:27:17.886 W/ResourceType(22427): No package identifier when getting name for resource number 0x00000001
12-09 04:27:18.039 W/art     (22427): Suspending all threads took: 49.977ms
12-09 04:27:18.048 I/art     (22427): Background partial concurrent mark sweep GC freed 25059(1279KB) AllocSpace objects, 1(20KB) LOS objects, 39% free, 2MB/3MB, paused 51.053ms total 76.611ms
12-09 04:27:18.103 I/System.out(22427): URI: //gesture
12-09 04:27:18.103 I/System.out(22427): params: {json={"query_timeout":5.0,"gestures":[{"query_string":"android.widget.EditText id:'price'","touches":[{"x":50,"y":50,"offset_x":0,"offset_y":0,"wait":0.0,"time":0.2,"release":true,"query_string":null}]}]}
12-09 04:27:18.103 I/System.out(22427): }
12-09 04:27:18.117 W/ResourceType(22427): No package identifier when getting name for resource number 0x00000001
12-09 04:27:18.467 I/LatinIME( 1889): Starting input. Cursor position = 0,0
12-09 04:27:18.859 D/EGL_emulation( 1889): eglMakeCurrent: 0x7f74244f4820: ver 2 0 (tinfo 0x7f7420d4c120)
12-09 04:27:19.015 I/System.out(22427): URI: //
12-09 04:27:19.015 I/System.out(22427): params: {json={"command":"set_selection","arguments":[-1,-1]}
12-09 04:27:19.015 I/System.out(22427): }
12-09 04:27:19.015 I/System.out(22427): header: {date=Sun, 09 Dec 2018 04:27:19 GMT, accept=*/*, content-length=47, host=127.0.0.1:34777, user-agent=HTTPClient/1.0 (2.8.3, ruby 2.3.1 (2016-04-26)), content-type=application/json;charset=utf-8}
12-09 04:27:19.016 I/System.out(22427): params: {json={"command":"set_selection","arguments":[-1,-1]}
12-09 04:27:19.016 I/System.out(22427): }
12-09 04:27:19.016 I/System.out(22427): ProP json = {"command":"set_selection","arguments":[-1,-1]}
12-09 04:27:19.016 I/System.out(22427): files: {}
12-09 04:27:19.016 I/System.out(22427): command: {"command":"set_selection","arguments":[-1,-1]}
12-09 04:27:19.017 I/InstrumentationBackend(22427): Got command:'Command:'Line:null,set_selection', arguments:'[-1, -1]'
12-09 04:27:19.147 I/System.out(22427): result:{"bonusInformation":[],"message":"","success":true}
12-09 04:27:19.221 D/gralloc_ranchu( 1224): gralloc_alloc: Creating ashmem region of size 3686400
12-09 04:27:19.471 I/System.out(22427): URI: //
12-09 04:27:19.471 I/System.out(22427): params: {json={"command":"keyboard_enter_text","arguments":["23"]}
12-09 04:27:19.471 I/System.out(22427): }
12-09 04:27:19.471 I/System.out(22427): header: {date=Sun, 09 Dec 2018 04:27:20 GMT, accept=*/*, content-length=52, host=127.0.0.1:34777, user-agent=HTTPClient/1.0 (2.8.3, ruby 2.3.1 (2016-04-26)), content-type=application/json;charset=utf-8}
12-09 04:27:19.471 I/System.out(22427): params: {json={"command":"keyboard_enter_text","arguments":["23"]}
12-09 04:27:19.471 I/System.out(22427): }
12-09 04:27:19.471 I/System.out(22427): ProP json = {"command":"keyboard_enter_text","arguments":["23"]}
12-09 04:27:19.471 I/System.out(22427): files: {}
12-09 04:27:19.471 I/System.out(22427): command: {"command":"keyboard_enter_text","arguments":["23"]}
12-09 04:27:19.472 I/InstrumentationBackend(22427): Got command:'Command:'Line:null,keyboard_enter_text', arguments:'[23]'
12-09 04:27:19.473 E/SpannableStringBuilder(22427): SPAN_EXCLUSIVE_EXCLUSIVE spans cannot have a zero length
12-09 04:27:19.473 E/SpannableStringBuilder(22427): SPAN_EXCLUSIVE_EXCLUSIVE spans cannot have a zero length
12-09 04:27:19.773 W/art     ( 1594): Long monitor contention event with owner method=void com.android.server.wm.WindowAnimator$1.doFrame(long) from WindowAnimator.java:121 waiters=0 for 173ms
12-09 04:27:19.856 E/SpannableStringBuilder(22427): SPAN_EXCLUSIVE_EXCLUSIVE spans cannot have a zero length
12-09 04:27:19.856 E/SpannableStringBuilder(22427): SPAN_EXCLUSIVE_EXCLUSIVE spans cannot have a zero length
12-09 04:27:19.881 I/System.out(22427): result:{"bonusInformation":[],"message":"","success":true}
12-09 04:27:20.561 E/SurfaceFlinger( 1224): ro.sf.lcd_density must be defined as a build property
12-09 04:27:20.603 D/gralloc_ranchu( 1224): gralloc_alloc: Creating ashmem region of size 3686400
12-09 04:27:20.626 D/        (22459): HostConnection::get() New Host Connection established 0x7f1216f12480, tid 22459
12-09 04:27:20.739 E/EGL_emulation( 1224): tid 1224: eglCreateSyncKHR(1881): error 0x3004 (EGL_BAD_ATTRIBUTE)
12-09 04:27:21.859 I/System.out(22427): URI: //map
12-09 04:27:21.859 I/System.out(22427): params: {json={"query":"android.widget.EditText id:'volume'","operation":{"method_name":"query","arguments":[]}}
12-09 04:27:21.859 I/System.out(22427): }
12-09 04:27:21.889 W/ResourceType(22427): No package identifier when getting name for resource number 0x00000001
12-09 04:27:22.099 I/System.out(22427): URI: //gesture
12-09 04:27:22.099 I/System.out(22427): params: {json={"query_timeout":5.0,"gestures":[{"query_string":"android.widget.EditText id:'volume'","touches":[{"x":50,"y":50,"offset_x":0,"offset_y":0,"wait":0.0,"time":0.2,"release":true,"query_string":null}]}]}
12-09 04:27:22.099 I/System.out(22427): }
12-09 04:27:22.105 I/art     (22427): Background sticky concurrent mark sweep GC freed 42020(1817KB) AllocSpace objects, 2(40KB) LOS objects, 11% free, 3MB/3MB, paused 2.040ms total 204.188ms
12-09 04:27:22.113 W/ResourceType(22427): No package identifier when getting name for resource number 0x00000001
12-09 04:27:22.524 I/LatinIME( 1889): Starting input. Cursor position = 0,0
12-09 04:27:22.531 W/art     (22427): Suspending all threads took: 8.819ms
12-09 04:27:22.553 I/art     (22427): Background sticky concurrent mark sweep GC freed 22069(966KB) AllocSpace objects, 0(0B) LOS objects, 15% free, 2MB/3MB, paused 9.893ms total 41.878ms
12-09 04:27:22.985 I/art     ( 1889): Background sticky concurrent mark sweep GC freed 2010(235KB) AllocSpace objects, 2(56KB) LOS objects, 20% free, 2MB/2MB, paused 960us total 235.950ms
12-09 04:27:23.089 I/Choreographer( 1889): Skipped 35 frames!  The application may be doing too much work on its main thread.
12-09 04:27:23.168 I/System.out(22427): URI: //
12-09 04:27:23.168 I/System.out(22427): params: {json={"command":"set_selection","arguments":[-1,-1]}
12-09 04:27:23.168 I/System.out(22427): }
12-09 04:27:23.168 I/System.out(22427): header: {date=Sun, 09 Dec 2018 04:27:24 GMT, accept=*/*, content-length=47, host=127.0.0.1:34777, user-agent=HTTPClient/1.0 (2.8.3, ruby 2.3.1 (2016-04-26)), content-type=application/json;charset=utf-8}
12-09 04:27:23.168 I/System.out(22427): params: {json={"command":"set_selection","arguments":[-1,-1]}
12-09 04:27:23.168 I/System.out(22427): }
12-09 04:27:23.168 I/System.out(22427): ProP json = {"command":"set_selection","arguments":[-1,-1]}
12-09 04:27:23.168 I/System.out(22427): files: {}
12-09 04:27:23.168 I/System.out(22427): command: {"command":"set_selection","arguments":[-1,-1]}
12-09 04:27:23.169 I/InstrumentationBackend(22427): Got command:'Command:'Line:null,set_selection', arguments:'[-1, -1]'
12-09 04:27:23.188 I/System.out(22427): result:{"bonusInformation":[],"message":"","success":true}
12-09 04:27:23.363 I/System.out(22427): URI: //
12-09 04:27:23.366 I/System.out(22427): params: {json={"command":"keyboard_enter_text","arguments":["49"]}
12-09 04:27:23.366 I/System.out(22427): }
12-09 04:27:23.366 I/System.out(22427): header: {date=Sun, 09 Dec 2018 04:27:24 GMT, accept=*/*, content-length=52, host=127.0.0.1:34777, user-agent=HTTPClient/1.0 (2.8.3, ruby 2.3.1 (2016-04-26)), content-type=application/json;charset=utf-8}
12-09 04:27:23.366 I/System.out(22427): params: {json={"command":"keyboard_enter_text","arguments":["49"]}
12-09 04:27:23.366 I/System.out(22427): }
12-09 04:27:23.367 I/System.out(22427): ProP json = {"command":"keyboard_enter_text","arguments":["49"]}
12-09 04:27:23.367 I/System.out(22427): files: {}
12-09 04:27:23.367 I/System.out(22427): command: {"command":"keyboard_enter_text","arguments":["49"]}
12-09 04:27:23.368 I/InstrumentationBackend(22427): Got command:'Command:'Line:null,keyboard_enter_text', arguments:'[49]'
12-09 04:27:23.411 E/SpannableStringBuilder(22427): SPAN_EXCLUSIVE_EXCLUSIVE spans cannot have a zero length
12-09 04:27:23.411 E/SpannableStringBuilder(22427): SPAN_EXCLUSIVE_EXCLUSIVE spans cannot have a zero length
12-09 04:27:23.425 E/SpannableStringBuilder(22427): SPAN_EXCLUSIVE_EXCLUSIVE spans cannot have a zero length
12-09 04:27:23.425 E/SpannableStringBuilder(22427): SPAN_EXCLUSIVE_EXCLUSIVE spans cannot have a zero length
12-09 04:27:23.450 I/System.out(22427): result:{"bonusInformation":[],"message":"","success":true}
12-09 04:27:24.093 E/SurfaceFlinger( 1224): ro.sf.lcd_density must be defined as a build property
12-09 04:27:24.169 D/gralloc_ranchu( 1224): gralloc_alloc: Creating ashmem region of size 3686400
12-09 04:27:24.190 D/        (22469): HostConnection::get() New Host Connection established 0x7f8332cd2480, tid 22469
12-09 04:27:24.228 E/EGL_emulation( 1224): tid 1224: eglCreateSyncKHR(1881): error 0x3004 (EGL_BAD_ATTRIBUTE)
12-09 04:27:25.291 I/System.out(22427): URI: //map
12-09 04:27:25.291 I/System.out(22427): params: {json={"query":"android.widget.EditText id:'odometer'","operation":{"method_name":"query","arguments":[]}}
12-09 04:27:25.291 I/System.out(22427): }
12-09 04:27:25.320 W/ResourceType(22427): No package identifier when getting name for resource number 0x00000001
12-09 04:27:25.432 I/art     (22427): Background sticky concurrent mark sweep GC freed 57910(2MB) AllocSpace objects, 5(100KB) LOS objects, 21% free, 2MB/3MB, paused 4.794ms total 131.127ms
12-09 04:27:25.499 I/System.out(22427): URI: //gesture
12-09 04:27:25.499 I/System.out(22427): params: {json={"query_timeout":5.0,"gestures":[{"query_string":"android.widget.EditText id:'odometer'","touches":[{"x":50,"y":50,"offset_x":0,"offset_y":0,"wait":0.0,"time":0.2,"release":true,"query_string":null}]}]}
12-09 04:27:25.499 I/System.out(22427): }
12-09 04:27:25.613 I/art     (22427): Background sticky concurrent mark sweep GC freed 11779(504KB) AllocSpace objects, 2(40KB) LOS objects, 19% free, 2MB/3MB, paused 941us total 103.690ms
12-09 04:27:25.672 W/ResourceType(22427): No package identifier when getting name for resource number 0x00000001
12-09 04:27:25.949 I/LatinIME( 1889): Starting input. Cursor position = 0,0
12-09 04:27:26.624 I/System.out(22427): URI: //
12-09 04:27:26.624 I/System.out(22427): params: {json={"command":"set_selection","arguments":[-1,-1]}
12-09 04:27:26.624 I/System.out(22427): }
12-09 04:27:26.624 I/System.out(22427): header: {date=Sun, 09 Dec 2018 04:27:27 GMT, accept=*/*, content-length=47, host=127.0.0.1:34777, user-agent=HTTPClient/1.0 (2.8.3, ruby 2.3.1 (2016-04-26)), content-type=application/json;charset=utf-8}
12-09 04:27:26.624 I/System.out(22427): params: {json={"command":"set_selection","arguments":[-1,-1]}
12-09 04:27:26.624 I/System.out(22427): }
12-09 04:27:26.625 I/System.out(22427): ProP json = {"command":"set_selection","arguments":[-1,-1]}
12-09 04:27:26.625 I/System.out(22427): files: {}
12-09 04:27:26.625 I/System.out(22427): command: {"command":"set_selection","arguments":[-1,-1]}
12-09 04:27:26.626 I/InstrumentationBackend(22427): Got command:'Command:'Line:null,set_selection', arguments:'[-1, -1]'
12-09 04:27:26.644 I/System.out(22427): result:{"bonusInformation":[],"message":"","success":true}
12-09 04:27:26.779 I/art     (22427): Background sticky concurrent mark sweep GC freed 13636(639KB) AllocSpace objects, 3(60KB) LOS objects, 18% free, 2MB/3MB, paused 1.108ms total 103.761ms
12-09 04:27:27.008 I/System.out(22427): URI: //
12-09 04:27:27.008 I/System.out(22427): params: {json={"command":"keyboard_enter_text","arguments":["12"]}
12-09 04:27:27.008 I/System.out(22427): }
12-09 04:27:27.008 I/System.out(22427): header: {date=Sun, 09 Dec 2018 04:27:27 GMT, accept=*/*, content-length=52, host=127.0.0.1:34777, user-agent=HTTPClient/1.0 (2.8.3, ruby 2.3.1 (2016-04-26)), content-type=application/json;charset=utf-8}
12-09 04:27:27.008 I/System.out(22427): params: {json={"command":"keyboard_enter_text","arguments":["12"]}
12-09 04:27:27.008 I/System.out(22427): }
12-09 04:27:27.008 I/System.out(22427): ProP json = {"command":"keyboard_enter_text","arguments":["12"]}
12-09 04:27:27.008 I/System.out(22427): files: {}
12-09 04:27:27.008 I/System.out(22427): command: {"command":"keyboard_enter_text","arguments":["12"]}
12-09 04:27:27.009 I/InstrumentationBackend(22427): Got command:'Command:'Line:null,keyboard_enter_text', arguments:'[12]'
12-09 04:27:27.071 E/SpannableStringBuilder(22427): SPAN_EXCLUSIVE_EXCLUSIVE spans cannot have a zero length
12-09 04:27:27.071 E/SpannableStringBuilder(22427): SPAN_EXCLUSIVE_EXCLUSIVE spans cannot have a zero length
12-09 04:27:27.073 E/SpannableStringBuilder(22427): SPAN_EXCLUSIVE_EXCLUSIVE spans cannot have a zero length
12-09 04:27:27.073 E/SpannableStringBuilder(22427): SPAN_EXCLUSIVE_EXCLUSIVE spans cannot have a zero length
12-09 04:27:27.083 I/System.out(22427): result:{"bonusInformation":[],"message":"","success":true}
12-09 04:27:27.373 I/art     (22427): Background sticky concurrent mark sweep GC freed 13523(597KB) AllocSpace objects, 2(40KB) LOS objects, 15% free, 2MB/3MB, paused 3.041ms total 287.286ms
12-09 04:27:27.591 E/SurfaceFlinger( 1224): ro.sf.lcd_density must be defined as a build property
12-09 04:27:27.632 D/gralloc_ranchu( 1224): gralloc_alloc: Creating ashmem region of size 3686400
12-09 04:27:27.679 D/        (22479): HostConnection::get() New Host Connection established 0x7f49c37d2480, tid 22479
12-09 04:27:27.727 E/EGL_emulation( 1224): tid 1224: eglCreateSyncKHR(1881): error 0x3004 (EGL_BAD_ATTRIBUTE)
12-09 04:27:29.469 I/System.out(22427): URI: //map
12-09 04:27:29.475 I/System.out(22427): params: {json={"query":"android.widget.Button index:2","operation":{"method_name":"query","arguments":[]}}
12-09 04:27:29.475 I/System.out(22427): }
12-09 04:27:29.607 I/System.out(22427): URI: //gesture
12-09 04:27:29.607 I/System.out(22427): params: {json={"query_timeout":5.0,"gestures":[{"query_string":"android.widget.Button index:2","touches":[{"x":50,"y":50,"offset_x":0,"offset_y":0,"wait":0.0,"time":0.2,"release":true,"query_string":null}]}]}
12-09 04:27:29.607 I/System.out(22427): }
12-09 04:27:29.621 I/art     (22427): Background sticky concurrent mark sweep GC freed 39141(1774KB) AllocSpace objects, 1(20KB) LOS objects, 33% free, 2MB/3MB, paused 6.379ms total 41.156ms
12-09 04:27:30.130 W/audio_hw_generic( 1310): Hardware backing HAL too slow, could only write 0 of 661 frames
12-09 04:27:30.141 W/audio_hw_generic( 1310): Hardware backing HAL too slow, could only write 0 of 661 frames
12-09 04:27:30.159 W/audio_hw_generic( 1310): Hardware backing HAL too slow, could only write 0 of 661 frames
12-09 04:27:30.177 W/audio_hw_generic( 1310): Hardware backing HAL too slow, could only write 0 of 661 frames
12-09 04:27:30.307 W/audio_hw_generic( 1310): Not supplying enough data to HAL, expected position 53419162 , only wrote 53418715
12-09 04:27:30.307 W/audio_hw_generic( 1310): Not supplying enough data to HAL, expected position 53418722 , only wrote 53418715
12-09 04:27:30.334 W/audio_hw_generic( 1310): Not supplying enough data to HAL, expected position 53419895 , only wrote 53419376
12-09 04:27:30.411 W/audio_hw_generic( 1310): Hardware backing HAL too slow, could only write 0 of 661 frames
12-09 04:27:30.411 W/audio_hw_generic( 1310): Not supplying enough data to HAL, expected position 53422768 , only wrote 53422681
12-09 04:27:30.411 W/audio_hw_generic( 1310): Not supplying enough data to HAL, expected position 53422687 , only wrote 53422681
12-09 04:27:30.411 W/audio_hw_generic( 1310): Hardware backing HAL too slow, could only write 0 of 661 frames
12-09 04:27:30.425 W/audio_hw_generic( 1310): Hardware backing HAL too slow, could only write 0 of 661 frames
12-09 04:27:30.426 W/audio_hw_generic( 1310): Hardware backing HAL too slow, could only write 0 of 661 frames
12-09 04:27:30.473 W/audio_hw_generic( 1310): Hardware backing HAL too slow, could only write 0 of 661 frames
12-09 04:27:30.494 W/audio_hw_generic( 1310): Hardware backing HAL too slow, could only write 0 of 661 frames
12-09 04:27:30.511 W/audio_hw_generic( 1310): Hardware backing HAL too slow, could only write 0 of 661 frames
12-09 04:27:30.533 W/audio_hw_generic( 1310): Hardware backing HAL too slow, could only write 0 of 661 frames
12-09 04:27:30.533 W/audio_hw_generic( 1310): Not supplying enough data to HAL, expected position 53428047 , only wrote 53427969
12-09 04:27:30.533 W/audio_hw_generic( 1310): Not supplying enough data to HAL, expected position 53427975 , only wrote 53427969
12-09 04:27:30.533 W/audio_hw_generic( 1310): Hardware backing HAL too slow, could only write 0 of 661 frames
12-09 04:27:30.553 W/audio_hw_generic( 1310): Not supplying enough data to HAL, expected position 53428861 , only wrote 53428630
12-09 04:27:30.553 W/audio_hw_generic( 1310): Hardware backing HAL too slow, could only write 0 of 661 frames
12-09 04:27:30.553 W/audio_hw_generic( 1310): Hardware backing HAL too slow, could only write 0 of 661 frames
12-09 04:27:30.568 W/audio_hw_generic( 1310): Hardware backing HAL too slow, could only write 0 of 661 frames
12-09 04:27:30.584 W/audio_hw_generic( 1310): Hardware backing HAL too slow, could only write 0 of 661 frames
12-09 04:27:30.612 I/calabash(22427): newActivity1
12-09 04:27:30.613 W/ActivityManager( 1594): Bad activity token: android.os.BinderProxy@3e7b399
12-09 04:27:30.613 W/ActivityManager( 1594): java.lang.ClassCastException: android.os.BinderProxy cannot be cast to com.android.server.am.ActivityRecord$Token
12-09 04:27:30.613 W/ActivityManager( 1594): 	at com.android.server.am.ActivityRecord.forTokenLocked(ActivityRecord.java:424)
12-09 04:27:30.613 W/ActivityManager( 1594): 	at com.android.server.am.ActivityRecord.isInStackLocked(ActivityRecord.java:1121)
12-09 04:27:30.613 W/ActivityManager( 1594): 	at com.android.server.am.ActivityRecord.getStackLocked(ActivityRecord.java:1126)
12-09 04:27:30.613 W/ActivityManager( 1594): 	at com.android.server.am.ActivityManagerService.getActivityDisplayId(ActivityManagerService.java:8889)
12-09 04:27:30.613 W/ActivityManager( 1594): 	at android.app.ActivityManagerNative.onTransact(ActivityManagerNative.java:2338)
12-09 04:27:30.613 W/ActivityManager( 1594): 	at com.android.server.am.ActivityManagerService.onTransact(ActivityManagerService.java:2443)
12-09 04:27:30.613 W/ActivityManager( 1594): 	at android.os.Binder.execTransact(Binder.java:453)
12-09 04:27:30.614 W/ActivityManager( 1594): Bad activity token: android.os.BinderProxy@3e7b399
12-09 04:27:30.614 W/ActivityManager( 1594): java.lang.ClassCastException: android.os.BinderProxy cannot be cast to com.android.server.am.ActivityRecord$Token
12-09 04:27:30.614 W/ActivityManager( 1594): 	at com.android.server.am.ActivityRecord.forTokenLocked(ActivityRecord.java:424)
12-09 04:27:30.614 W/ActivityManager( 1594): 	at com.android.server.am.ActivityRecord.isInStackLocked(ActivityRecord.java:1121)
12-09 04:27:30.614 W/ActivityManager( 1594): 	at com.android.server.am.ActivityManagerService.setTaskDescription(ActivityManagerService.java:8547)
12-09 04:27:30.614 W/ActivityManager( 1594): 	at android.app.ActivityManagerNative.onTransact(ActivityManagerNative.java:2410)
12-09 04:27:30.614 W/ActivityManager( 1594): 	at com.android.server.am.ActivityManagerService.onTransact(ActivityManagerService.java:2443)
12-09 04:27:30.614 W/ActivityManager( 1594): 	at android.os.Binder.execTransact(Binder.java:453)
12-09 04:27:30.654 E/SurfaceFlinger( 1224): ro.sf.lcd_density must be defined as a build property
12-09 04:27:30.656 D/gralloc_ranchu( 1224): gralloc_alloc: Creating ashmem region of size 3686400
12-09 04:27:30.659 W/audio_hw_generic( 1310): Not supplying enough data to HAL, expected position 53433306 , only wrote 53433257
12-09 04:27:30.659 W/audio_hw_generic( 1310): Not supplying enough data to HAL, expected position 53433263 , only wrote 53433257
12-09 04:27:30.675 W/audio_hw_generic( 1310): Not supplying enough data to HAL, expected position 53433936 , only wrote 53433918
12-09 04:27:30.743 D/        (22485): HostConnection::get() New Host Connection established 0x7f7af8cd2480, tid 22485
12-09 04:27:30.743 W/ActivityManager( 1594): Bad activity token: android.os.BinderProxy@3e7b399
12-09 04:27:30.743 W/ActivityManager( 1594): java.lang.ClassCastException: android.os.BinderProxy cannot be cast to com.android.server.am.ActivityRecord$Token
12-09 04:27:30.743 W/ActivityManager( 1594): 	at com.android.server.am.ActivityRecord.forTokenLocked(ActivityRecord.java:424)
12-09 04:27:30.743 W/ActivityManager( 1594): 	at com.android.server.am.ActivityRecord.isInStackLocked(ActivityRecord.java:1121)
12-09 04:27:30.743 W/ActivityManager( 1594): 	at com.android.server.am.ActivityManagerService.getActivityOptions(ActivityManagerService.java:11038)
12-09 04:27:30.743 W/ActivityManager( 1594): 	at android.app.ActivityManagerNative.onTransact(ActivityManagerNative.java:1734)
12-09 04:27:30.743 W/ActivityManager( 1594): 	at com.android.server.am.ActivityManagerService.onTransact(ActivityManagerService.java:2443)
