12-09 08:14:13.531 W/audio_hw_generic( 1307): Not supplying enough data to HAL, expected position 30148377 , only wrote 30148210
12-09 08:14:13.612 W/art     ( 1593): Long monitor contention event with owner method=void com.android.server.wm.WindowAnimator$1.doFrame(long) from WindowAnimator.java:121 waiters=0 for 205ms
12-09 08:14:13.806 W/audio_hw_generic( 1307): Not supplying enough data to HAL, expected position 30160350 , only wrote 30160108
12-09 08:14:13.883 W/audio_hw_generic( 1307): Not supplying enough data to HAL, expected position 30163504 , only wrote 30160108
12-09 08:14:13.906 W/audio_hw_generic( 1307): Not supplying enough data to HAL, expected position 30161122 , only wrote 30160769
12-09 08:14:13.917 I/Choreographer( 1870): Skipped 120 frames!  The application may be doing too much work on its main thread.
12-09 08:14:13.958 W/audio_hw_generic( 1307): Hardware backing HAL too slow, could only write 0 of 661 frames
12-09 08:14:13.958 W/audio_hw_generic( 1307): Hardware backing HAL too slow, could only write 0 of 661 frames
12-09 08:14:13.978 W/audio_hw_generic( 1307): Hardware backing HAL too slow, could only write 0 of 661 frames
12-09 08:14:13.981 I/System.out(13394): URI: //map
12-09 08:14:13.981 I/System.out(13394): params: {json={"query":"android.widget.EditText id:'odometer'","operation":{"method_name":"query","arguments":[]}}
12-09 08:14:13.981 I/System.out(13394): }
12-09 08:14:13.998 W/audio_hw_generic( 1307): Hardware backing HAL too slow, could only write 0 of 661 frames
12-09 08:14:14.010 W/audio_hw_generic( 1307): Hardware backing HAL too slow, could only write 0 of 661 frames
12-09 08:14:14.013 W/ResourceType(13394): No package identifier when getting name for resource number 0x00000001
12-09 08:14:14.048 W/audio_hw_generic( 1307): Not supplying enough data to HAL, expected position 30167038 , only wrote 30166718
12-09 08:14:14.049 W/audio_hw_generic( 1307): Not supplying enough data to HAL, expected position 30166725 , only wrote 30166718
12-09 08:14:14.137 I/art     (13394): Background sticky concurrent mark sweep GC freed 20533(824KB) AllocSpace objects, 1(20KB) LOS objects, 5% free, 3MB/3MB, paused 1.253ms total 129.670ms
12-09 08:14:14.159 W/audio_hw_generic( 1307): Not supplying enough data to HAL, expected position 30171579 , only wrote 30171345
12-09 08:14:14.267 I/System.out(13394): URI: //gesture
12-09 08:14:14.267 I/System.out(13394): params: {json={"query_timeout":5.0,"gestures":[{"query_string":"android.widget.EditText id:'odometer'","touches":[{"x":50,"y":50,"offset_x":0,"offset_y":0,"wait":0.0,"time":0.2,"release":true,"query_string":null}]}]}
12-09 08:14:14.267 I/System.out(13394): }
12-09 08:14:14.316 W/art     (13394): Suspending all threads took: 6.909ms
12-09 08:14:14.341 I/art     (13394): Background sticky concurrent mark sweep GC freed 12272(598KB) AllocSpace objects, 2(40KB) LOS objects, 8% free, 3MB/3MB, paused 8.084ms total 59.961ms
12-09 08:14:14.354 W/ResourceType(13394): No package identifier when getting name for resource number 0x00000001
12-09 08:14:14.569 W/audio_hw_generic( 1307): Hardware backing HAL too slow, could only write 0 of 661 frames
12-09 08:14:14.838 W/audio_hw_generic( 1307): Hardware backing HAL too slow, could only write 0 of 661 frames
12-09 08:14:14.839 I/art     (13394): Background sticky concurrent mark sweep GC freed 10084(381KB) AllocSpace objects, 0(0B) LOS objects, 0% free, 4MB/4MB, paused 1.239ms total 109.690ms
12-09 08:14:14.866 W/audio_hw_generic( 1307): Hardware backing HAL too slow, could only write 0 of 661 frames
12-09 08:14:14.866 W/audio_hw_generic( 1307): Hardware backing HAL too slow, could only write 0 of 661 frames
12-09 08:14:14.901 I/art     (13394): Background partial concurrent mark sweep GC freed 31618(2MB) AllocSpace objects, 12(240KB) LOS objects, 40% free, 2MB/3MB, paused 5.314ms total 23.145ms
12-09 08:14:14.928 W/audio_hw_generic( 1307): Not supplying enough data to HAL, expected position 30205257 , only wrote 30203734
12-09 08:14:15.395 I/System.out(13394): URI: //
12-09 08:14:15.395 I/System.out(13394): params: {json={"command":"set_selection","arguments":[-1,-1]}
12-09 08:14:15.395 I/System.out(13394): }
12-09 08:14:15.395 I/System.out(13394): header: {date=Sun, 09 Dec 2018 08:14:15 GMT, accept=*/*, content-length=47, host=127.0.0.1:34777, user-agent=HTTPClient/1.0 (2.8.3, ruby 2.3.1 (2016-04-26)), content-type=application/json;charset=utf-8}
12-09 08:14:15.395 I/System.out(13394): params: {json={"command":"set_selection","arguments":[-1,-1]}
12-09 08:14:15.395 I/System.out(13394): }
12-09 08:14:15.395 I/System.out(13394): ProP json = {"command":"set_selection","arguments":[-1,-1]}
12-09 08:14:15.395 I/System.out(13394): files: {}
12-09 08:14:15.395 I/System.out(13394): command: {"command":"set_selection","arguments":[-1,-1]}
12-09 08:14:15.396 I/InstrumentationBackend(13394): Got command:'Command:'Line:null,set_selection', arguments:'[-1, -1]'
12-09 08:14:15.452 I/System.out(13394): result:{"bonusInformation":[],"message":"","success":true}
12-09 08:14:15.542 I/System.out(13394): URI: //
12-09 08:14:15.546 I/System.out(13394): params: {json={"command":"keyboard_enter_text","arguments":["000"]}
12-09 08:14:15.546 I/System.out(13394): }
12-09 08:14:15.546 I/System.out(13394): header: {date=Sun, 09 Dec 2018 08:14:15 GMT, accept=*/*, content-length=53, host=127.0.0.1:34777, user-agent=HTTPClient/1.0 (2.8.3, ruby 2.3.1 (2016-04-26)), content-type=application/json;charset=utf-8}
12-09 08:14:15.546 I/System.out(13394): params: {json={"command":"keyboard_enter_text","arguments":["000"]}
12-09 08:14:15.546 I/System.out(13394): }
12-09 08:14:15.546 I/System.out(13394): ProP json = {"command":"keyboard_enter_text","arguments":["000"]}
12-09 08:14:15.546 I/System.out(13394): files: {}
12-09 08:14:15.546 I/System.out(13394): command: {"command":"keyboard_enter_text","arguments":["000"]}
12-09 08:14:15.547 I/InstrumentationBackend(13394): Got command:'Command:'Line:null,keyboard_enter_text', arguments:'[000]'
12-09 08:14:15.594 E/SpannableStringBuilder(13394): SPAN_EXCLUSIVE_EXCLUSIVE spans cannot have a zero length
12-09 08:14:15.594 E/SpannableStringBuilder(13394): SPAN_EXCLUSIVE_EXCLUSIVE spans cannot have a zero length
12-09 08:14:15.614 E/SpannableStringBuilder(13394): SPAN_EXCLUSIVE_EXCLUSIVE spans cannot have a zero length
12-09 08:14:15.614 E/SpannableStringBuilder(13394): SPAN_EXCLUSIVE_EXCLUSIVE spans cannot have a zero length
12-09 08:14:15.643 I/System.out(13394): result:{"bonusInformation":[],"message":"","success":true}
12-09 08:14:15.865 I/System.out(13394): URI: //map
12-09 08:14:15.865 I/System.out(13394): params: {json={"query":"android.widget.Button index:2","operation":{"method_name":"query","arguments":[]}}
12-09 08:14:15.865 I/System.out(13394): }
12-09 08:14:16.018 W/art     (13394): Suspending all threads took: 26.899ms
12-09 08:14:16.097 I/art     (13394): Background sticky concurrent mark sweep GC freed 47073(2MB) AllocSpace objects, 2(40KB) LOS objects, 33% free, 2MB/3MB, paused 28.149ms total 141.225ms
12-09 08:14:16.099 I/System.out(13394): URI: //gesture
12-09 08:14:16.123 I/System.out(13394): params: {json={"query_timeout":5.0,"gestures":[{"query_string":"android.widget.Button index:2","touches":[{"x":50,"y":50,"offset_x":0,"offset_y":0,"wait":0.0,"time":0.2,"release":true,"query_string":null}]}]}
12-09 08:14:16.123 I/System.out(13394): }
12-09 08:14:16.690 W/audio_hw_generic( 1307): Hardware backing HAL too slow, could only write 0 of 661 frames
12-09 08:14:16.706 W/audio_hw_generic( 1307): Hardware backing HAL too slow, could only write 0 of 661 frames
12-09 08:14:16.722 W/audio_hw_generic( 1307): Hardware backing HAL too slow, could only write 0 of 661 frames
12-09 08:14:16.805 I/art     (13394): Background sticky concurrent mark sweep GC freed 49155(2MB) AllocSpace objects, 3(60KB) LOS objects, 30% free, 2MB/3MB, paused 1.173ms total 163.032ms
12-09 08:14:16.875 W/audio_hw_generic( 1307): Hardware backing HAL too slow, could only write 0 of 661 frames
12-09 08:14:16.895 W/audio_hw_generic( 1307): Hardware backing HAL too slow, could only write 0 of 661 frames
12-09 08:14:16.913 W/audio_hw_generic( 1307): Hardware backing HAL too slow, could only write 0 of 661 frames
12-09 08:14:16.918 W/audio_hw_generic( 1307): Hardware backing HAL too slow, could only write 0 of 661 frames
12-09 08:14:16.930 W/audio_hw_generic( 1307): Hardware backing HAL too slow, could only write 0 of 661 frames
12-09 08:14:16.963 W/audio_hw_generic( 1307): Hardware backing HAL too slow, could only write 0 of 661 frames
12-09 08:14:16.963 W/audio_hw_generic( 1307): Hardware backing HAL too slow, could only write 0 of 661 frames
12-09 08:14:16.999 W/audio_hw_generic( 1307): Hardware backing HAL too slow, could only write 0 of 661 frames
12-09 08:14:17.007 D/gralloc_ranchu( 1226): gralloc_alloc: Creating ashmem region of size 40960
12-09 08:14:17.026 W/audio_hw_generic( 1307): Hardware backing HAL too slow, could only write 0 of 661 frames
12-09 08:14:17.032 W/audio_hw_generic( 1307): Hardware backing HAL too slow, could only write 0 of 661 frames
12-09 08:14:17.062 W/audio_hw_generic( 1307): Hardware backing HAL too slow, could only write 0 of 661 frames
12-09 08:14:17.223 W/audio_hw_generic( 1307): Not supplying enough data to HAL, expected position 30229308 , only wrote 30228852
12-09 08:14:17.267 W/audio_hw_generic( 1307): Hardware backing HAL too slow, could only write 0 of 661 frames
12-09 08:14:17.353 E/SurfaceFlinger( 1226): ro.sf.lcd_density must be defined as a build property
12-09 08:14:17.423 W/audio_hw_generic( 1307): Not supplying enough data to HAL, expected position 30237649 , only wrote 30235462
12-09 08:14:17.446 W/audio_hw_generic( 1307): Not supplying enough data to HAL, expected position 30236469 , only wrote 30236123
12-09 08:14:17.446 W/audio_hw_generic( 1307): Not supplying enough data to HAL, expected position 30236130 , only wrote 30236123
12-09 08:14:17.453 D/gralloc_ranchu( 1226): gralloc_alloc: Creating ashmem region of size 3686400
12-09 08:14:17.666 W/audio_hw_generic( 1307): Not supplying enough data to HAL, expected position 30245830 , only wrote 30236784
12-09 08:14:17.738 W/audio_hw_generic( 1307): Hardware backing HAL too slow, could only write 0 of 661 frames
12-09 08:14:17.738 W/audio_hw_generic( 1307): Hardware backing HAL too slow, could only write 0 of 661 frames
12-09 08:14:17.747 D/        (13452): HostConnection::get() New Host Connection established 0x7f4f3b812480, tid 13452
12-09 08:14:17.769 W/audio_hw_generic( 1307): Not supplying enough data to HAL, expected position 30241332 , only wrote 30240750
12-09 08:14:17.769 W/audio_hw_generic( 1307): Hardware backing HAL too slow, could only write 0 of 661 frames
12-09 08:14:17.787 E/EGL_emulation( 1226): tid 1226: eglCreateSyncKHR(1881): error 0x3004 (EGL_BAD_ATTRIBUTE)
12-09 08:14:17.792 W/audio_hw_generic( 1307): Hardware backing HAL too slow, could only write 0 of 661 frames
12-09 08:14:17.880 W/audio_hw_generic( 1307): Hardware backing HAL too slow, could only write 0 of 661 frames
12-09 08:14:17.880 W/audio_hw_generic( 1307): Not supplying enough data to HAL, expected position 30245658 , only wrote 30243394
12-09 08:14:17.881 W/audio_hw_generic( 1307): Not supplying enough data to HAL, expected position 30243400 , only wrote 30243394
12-09 08:14:17.898 W/audio_hw_generic( 1307): Not supplying enough data to HAL, expected position 30244160 , only wrote 30244055
12-09 08:14:17.902 I/Choreographer( 1593): Skipped 33 frames!  The application may be doing too much work on its main thread.
12-09 08:14:17.934 W/audio_hw_generic( 1307): Not supplying enough data to HAL, expected position 30245655 , only wrote 30245377
12-09 08:14:17.935 W/audio_hw_generic( 1307): Hardware backing HAL too slow, could only write 0 of 661 frames
12-09 08:14:17.950 W/audio_hw_generic( 1307): Hardware backing HAL too slow, could only write 0 of 661 frames
12-09 08:14:17.966 W/audio_hw_generic( 1307): Hardware backing HAL too slow, could only write 0 of 661 frames
12-09 08:14:17.984 W/audio_hw_generic( 1307): Hardware backing HAL too slow, could only write 0 of 661 frames
12-09 08:14:18.059 W/audio_hw_generic( 1307): Hardware backing HAL too slow, could only write 0 of 661 frames
12-09 08:14:18.080 W/audio_hw_generic( 1307): Hardware backing HAL too slow, could only write 0 of 661 frames
12-09 08:14:18.106 W/audio_hw_generic( 1307): Hardware backing HAL too slow, could only write 0 of 661 frames
12-09 08:14:18.130 W/audio_hw_generic( 1307): Hardware backing HAL too slow, could only write 0 of 661 frames
12-09 08:14:18.138 W/audio_hw_generic( 1307): Hardware backing HAL too slow, could only write 0 of 661 frames
12-09 08:14:18.150 W/audio_hw_generic( 1307): Hardware backing HAL too slow, could only write 0 of 661 frames
12-09 08:14:18.165 W/audio_hw_generic( 1307): Hardware backing HAL too slow, could only write 0 of 661 frames
12-09 08:14:18.211 W/audio_hw_generic( 1307): Not supplying enough data to HAL, expected position 30257561 , only wrote 30257275
12-09 08:14:18.409 W/audio_hw_generic( 1307): Not supplying enough data to HAL, expected position 30266005 , only wrote 30265868
12-09 08:14:18.919 W/audio_hw_generic( 1307): Not supplying enough data to HAL, expected position 30288358 , only wrote 30288342
12-09 08:14:18.919 W/audio_hw_generic( 1307): Not supplying enough data to HAL, expected position 30288349 , only wrote 30288342
12-09 08:14:18.936 W/audio_hw_generic( 1307): Not supplying enough data to HAL, expected position 30289120 , only wrote 30289003
