12-09 02:39:08.535 I/InstrumentationBackend( 3973): Got command:'Command:'Line:null,press_key', arguments:'[KEYCODE_BACK]'
12-09 02:39:08.543 W/art     ( 1593): Long monitor contention event with owner method=void com.android.server.wm.WindowAnimator$1.doFrame(long) from WindowAnimator.java:121 waiters=1 for 338ms
12-09 02:39:08.630 W/audio_hw_generic( 1309): Not supplying enough data to HAL, expected position 1477456 , only wrote 1477335
12-09 02:39:08.654 W/art     ( 1593): Long monitor contention event with owner method=void com.android.server.wm.WindowAnimator$1.doFrame(long) from WindowAnimator.java:121 waiters=1 for 286ms
12-09 02:39:08.754 W/audio_hw_generic( 1309): Not supplying enough data to HAL, expected position 1482785 , only wrote 1482623
12-09 02:39:08.792 W/audio_hw_generic( 1309): Not supplying enough data to HAL, expected position 1484299 , only wrote 1483945
12-09 02:39:08.824 W/art     ( 1593): Long monitor contention event with owner method=void com.android.server.wm.WindowAnimator$1.doFrame(long) from WindowAnimator.java:121 waiters=1 for 170ms
12-09 02:39:08.875 W/art     ( 1593): Long monitor contention event with owner method=void com.android.server.wm.WindowAnimator$1.doFrame(long) from WindowAnimator.java:121 waiters=1 for 135ms
12-09 02:39:08.944 W/audio_hw_generic( 1309): Not supplying enough data to HAL, expected position 1490660 , only wrote 1490555
12-09 02:39:08.944 W/audio_hw_generic( 1309): Not supplying enough data to HAL, expected position 1490562 , only wrote 1490555
12-09 02:39:08.957 W/art     ( 1593): Long monitor contention event with owner method=void com.android.server.wm.WindowAnimator$1.doFrame(long) from WindowAnimator.java:121 waiters=1 for 133ms
12-09 02:39:08.961 W/audio_hw_generic( 1309): Not supplying enough data to HAL, expected position 1491314 , only wrote 1491216
12-09 02:39:09.086 W/audio_hw_generic( 1309): Not supplying enough data to HAL, expected position 1496720 , only wrote 1496504
12-09 02:39:09.248 W/art     ( 1593): Long monitor contention event with owner method=java.util.List com.android.server.am.ActivityManagerService.getAllStackInfos() from ActivityManagerService.java:8937 waiters=0 for 1.285s
12-09 02:39:09.248 W/art     ( 1593): Long monitor contention event with owner method=java.util.List com.android.server.am.ActivityManagerService.getAllStackInfos() from ActivityManagerService.java:8937 waiters=1 for 1.259s
12-09 02:39:09.540 W/audio_hw_generic( 1309): Not supplying enough data to HAL, expected position 1516532 , only wrote 1516334
12-09 02:39:09.759 W/audio_hw_generic( 1309): Not supplying enough data to HAL, expected position 1525995 , only wrote 1524266
12-09 02:39:09.760 W/audio_hw_generic( 1309): Not supplying enough data to HAL, expected position 1524273 , only wrote 1524266
12-09 02:39:09.760 W/audio_hw_generic( 1309): Hardware backing HAL too slow, could only write 0 of 661 frames
12-09 02:39:09.777 W/ViewRootImpl( 3973): Dropping event due to no window focus: KeyEvent { action=ACTION_DOWN, keyCode=KEYCODE_BACK, scanCode=0, metaState=0, flags=0x8, repeatCount=0, eventTime=479572, downTime=479572, deviceId=-1, source=0x101 }
12-09 02:39:09.780 D/gralloc_ranchu( 1223): gralloc_alloc: Creating ashmem region of size 3686400
12-09 02:39:09.854 W/audio_hw_generic( 1309): Not supplying enough data to HAL, expected position 1528424 , only wrote 1524927
12-09 02:39:09.888 I/ActivityManager( 1593): Displayed com.evancharlton.mileage/.FillupInfoActivity: +2s999ms
12-09 02:39:10.025 W/audio_hw_generic( 1309): Not supplying enough data to HAL, expected position 1532490 , only wrote 1532198
12-09 02:39:10.026 W/audio_hw_generic( 1309): Not supplying enough data to HAL, expected position 1532205 , only wrote 1532198
12-09 02:39:10.046 W/audio_hw_generic( 1309): Not supplying enough data to HAL, expected position 1533097 , only wrote 1532859
12-09 02:39:10.136 W/audio_hw_generic( 1309): Not supplying enough data to HAL, expected position 1538572 , only wrote 1535503
12-09 02:39:10.363 I/System.out( 3973): result:{"bonusInformation":[],"message":"","success":true}
12-09 02:39:10.574 I/System.out( 3973): URI: //gesture
12-09 02:39:10.574 I/System.out( 3973): params: {json={"query_timeout":5.0,"gestures":[{"query_string":"android.widget.TabWidget descendant TextView index:2","touches":[{"x":50,"y":50,"offset_x":0,"offset_y":0,"wait":0.0,"time":0.2,"release":true,"query_string":null}]}]}
12-09 02:39:10.574 I/System.out( 3973): }
12-09 02:39:10.598 D/gralloc_ranchu( 1223): gralloc_alloc: Creating ashmem region of size 3686400
12-09 02:39:15.831 W/System.err( 3973): java.lang.RuntimeException: Could not find views '[android.widget.TabWidget descendant TextView index:2]'
12-09 02:39:15.838 W/System.err( 3973): 	at sh.calaba.instrumentationbackend.actions.MultiTouchGesture.evaluateQueries(MultiTouchGesture.java:225)
12-09 02:39:15.838 W/System.err( 3973): 	at sh.calaba.instrumentationbackend.actions.MultiTouchGesture.parseGesture(MultiTouchGesture.java:68)
12-09 02:39:15.838 W/System.err( 3973): 	at sh.calaba.instrumentationbackend.actions.MultiTouchGesture.perform(MultiTouchGesture.java:144)
12-09 02:39:15.838 W/System.err( 3973): 	at sh.calaba.instrumentationbackend.actions.HttpServer.serve(HttpServer.java:540)
12-09 02:39:15.838 W/System.err( 3973): 	at sh.calaba.instrumentationbackend.actions.NanoHTTPD$HTTPSession.run(NanoHTTPD.java:487)
12-09 02:39:15.838 W/System.err( 3973): 	at java.lang.Thread.run(Thread.java:818)
