12-09 07:58:25.876 W/audio_hw_generic( 1308): Not supplying enough data to HAL, expected position 17832730 , only wrote 17832458
12-09 07:58:25.876 W/audio_hw_generic( 1308): Not supplying enough data to HAL, expected position 17832465 , only wrote 17832458
12-09 07:58:25.896 W/audio_hw_generic( 1308): Not supplying enough data to HAL, expected position 17833345 , only wrote 17833119
12-09 07:58:26.118 W/art     ( 1593): Long monitor contention event with owner method=void com.android.server.wm.WindowAnimator$1.doFrame(long) from WindowAnimator.java:121 waiters=0 for 133ms
12-09 07:58:26.325 W/audio_hw_generic( 1308): Not supplying enough data to HAL, expected position 17852048 , only wrote 17850966
12-09 07:58:26.447 W/audio_hw_generic( 1308): Not supplying enough data to HAL, expected position 17856319 , only wrote 17856254
12-09 07:58:26.556 W/audio_hw_generic( 1308): Not supplying enough data to HAL, expected position 17861081 , only wrote 17860881
12-09 07:58:26.556 W/audio_hw_generic( 1308): Hardware backing HAL too slow, could only write 0 of 661 frames
12-09 07:58:26.557 W/audio_hw_generic( 1308): Hardware backing HAL too slow, could only write 0 of 661 frames
12-09 07:58:26.584 W/audio_hw_generic( 1308): Hardware backing HAL too slow, could only write 0 of 661 frames
12-09 07:58:26.600 W/audio_hw_generic( 1308): Hardware backing HAL too slow, could only write 0 of 661 frames
12-09 07:58:26.693 W/audio_hw_generic( 1308): Not supplying enough data to HAL, expected position 17866902 , only wrote 17866830
12-09 07:58:26.737 D/AudioFlinger( 1308): mixer(0xf4340000) throttle end: throttle time(22)
12-09 07:58:26.961 W/audio_hw_generic( 1308): Not supplying enough data to HAL, expected position 17878658 , only wrote 17874101
12-09 07:58:26.996 W/audio_hw_generic( 1308): Not supplying enough data to HAL, expected position 17875661 , only wrote 17874762
12-09 07:58:26.997 W/audio_hw_generic( 1308): Not supplying enough data to HAL, expected position 17874768 , only wrote 17874762
12-09 07:58:27.358 W/audio_hw_generic( 1308): Not supplying enough data to HAL, expected position 17890692 , only wrote 17890626
12-09 07:58:27.358 W/audio_hw_generic( 1308): Not supplying enough data to HAL, expected position 17890632 , only wrote 17890626
12-09 07:58:27.380 W/audio_hw_generic( 1308): Not supplying enough data to HAL, expected position 17891613 , only wrote 17891287
12-09 07:58:27.381 W/audio_hw_generic( 1308): Hardware backing HAL too slow, could only write 0 of 661 frames
12-09 07:58:27.410 W/audio_hw_generic( 1308): Hardware backing HAL too slow, could only write 0 of 661 frames
12-09 07:58:27.705 I/System.out( 9879): URI: //map
12-09 07:58:27.746 I/System.out( 9879): params: {json={"query":"android.widget.EditText id:'price'","operation":{"method_name":"query","arguments":[]}}
12-09 07:58:27.746 I/System.out( 9879): }
12-09 07:58:27.805 W/ResourceType( 9879): No package identifier when getting name for resource number 0x00000001
12-09 07:58:27.912 I/System.out( 9879): URI: //gesture
12-09 07:58:27.912 I/System.out( 9879): params: {json={"query_timeout":5.0,"gestures":[{"query_string":"android.widget.EditText id:'price'","touches":[{"x":50,"y":50,"offset_x":0,"offset_y":0,"wait":0.0,"time":0.2,"release":true,"query_string":null}]}]}
12-09 07:58:27.913 I/System.out( 9879): }
12-09 07:58:28.052 W/audio_hw_generic( 1308): Hardware backing HAL too slow, could only write 0 of 661 frames
12-09 07:58:28.061 W/audio_hw_generic( 1308): Hardware backing HAL too slow, could only write 0 of 661 frames
12-09 07:58:28.080 W/audio_hw_generic( 1308): Hardware backing HAL too slow, could only write 0 of 661 frames
12-09 07:58:28.092 W/audio_hw_generic( 1308): Hardware backing HAL too slow, could only write 0 of 661 frames
12-09 07:58:28.137 W/audio_hw_generic( 1308): Hardware backing HAL too slow, could only write 0 of 661 frames
12-09 07:58:28.161 W/audio_hw_generic( 1308): Not supplying enough data to HAL, expected position 17925728 , only wrote 17925659
12-09 07:58:28.230 W/ResourceType( 9879): No package identifier when getting name for resource number 0x00000001
12-09 07:58:28.444 W/audio_hw_generic( 1308): Hardware backing HAL too slow, could only write 0 of 661 frames
12-09 07:58:28.455 W/audio_hw_generic( 1308): Hardware backing HAL too slow, could only write 0 of 661 frames
12-09 07:58:28.524 W/audio_hw_generic( 1308): Not supplying enough data to HAL, expected position 17941637 , only wrote 17941523
12-09 07:58:28.652 W/audio_hw_generic( 1308): Not supplying enough data to HAL, expected position 17947183 , only wrote 17944828
12-09 07:58:28.652 W/audio_hw_generic( 1308): Not supplying enough data to HAL, expected position 17944835 , only wrote 17944828
12-09 07:58:28.716 W/audio_hw_generic( 1308): Not supplying enough data to HAL, expected position 17947652 , only wrote 17945489
12-09 07:58:28.776 W/audio_hw_generic( 1308): Hardware backing HAL too slow, could only write 0 of 661 frames
12-09 07:58:28.777 I/LatinIME( 1846): Starting input. Cursor position = 0,0
12-09 07:58:28.791 W/audio_hw_generic( 1308): Hardware backing HAL too slow, could only write 0 of 661 frames
12-09 07:58:28.807 W/audio_hw_generic( 1308): Hardware backing HAL too slow, could only write 0 of 661 frames
12-09 07:58:28.893 W/audio_hw_generic( 1308): Hardware backing HAL too slow, could only write 0 of 661 frames
12-09 07:58:28.899 W/audio_hw_generic( 1308): Hardware backing HAL too slow, could only write 0 of 661 frames
12-09 07:58:28.928 W/audio_hw_generic( 1308): Hardware backing HAL too slow, could only write 0 of 661 frames
12-09 07:58:28.949 W/audio_hw_generic( 1308): Hardware backing HAL too slow, could only write 0 of 661 frames
12-09 07:58:29.049 W/audio_hw_generic( 1308): Not supplying enough data to HAL, expected position 17960155 , only wrote 17960031
12-09 07:58:29.062 D/EGL_emulation( 1846): eglMakeCurrent: 0x7f9aed3a1140: ver 2 0 (tinfo 0x7f9ae181f7a0)
12-09 07:58:29.349 W/audio_hw_generic( 1308): Not supplying enough data to HAL, expected position 17973258 , only wrote 17973251
12-09 07:58:29.372 I/System.out( 9879): URI: //
12-09 07:58:29.372 I/System.out( 9879): params: {json={"command":"set_selection","arguments":[-1,-1]}
12-09 07:58:29.372 I/System.out( 9879): }
12-09 07:58:29.372 I/System.out( 9879): header: {date=Sun, 09 Dec 2018 07:58:30 GMT, accept=*/*, content-length=47, host=127.0.0.1:34777, user-agent=HTTPClient/1.0 (2.8.3, ruby 2.3.1 (2016-04-26)), content-type=application/json;charset=utf-8}
12-09 07:58:29.372 I/System.out( 9879): params: {json={"command":"set_selection","arguments":[-1,-1]}
12-09 07:58:29.372 I/System.out( 9879): }
12-09 07:58:29.372 I/System.out( 9879): ProP json = {"command":"set_selection","arguments":[-1,-1]}
12-09 07:58:29.372 I/System.out( 9879): files: {}
12-09 07:58:29.372 I/System.out( 9879): command: {"command":"set_selection","arguments":[-1,-1]}
12-09 07:58:29.373 I/InstrumentationBackend( 9879): Got command:'Command:'Line:null,set_selection', arguments:'[-1, -1]'
12-09 07:58:29.388 W/audio_hw_generic( 1308): Hardware backing HAL too slow, could only write 0 of 661 frames
12-09 07:58:29.425 W/audio_hw_generic( 1308): Hardware backing HAL too slow, could only write 0 of 661 frames
12-09 07:58:29.452 I/System.out( 9879): result:{"bonusInformation":[],"message":"","success":true}
12-09 07:58:29.541 W/audio_hw_generic( 1308): Not supplying enough data to HAL, expected position 17981738 , only wrote 17980522
12-09 07:58:29.541 W/audio_hw_generic( 1308): Not supplying enough data to HAL, expected position 17980528 , only wrote 17980522
12-09 07:58:29.587 W/audio_hw_generic( 1308): Not supplying enough data to HAL, expected position 17982529 , only wrote 17981183
12-09 07:58:29.677 I/System.out( 9879): URI: //
12-09 07:58:29.677 I/System.out( 9879): params: {json={"command":"keyboard_enter_text","arguments":["54"]}
12-09 07:58:29.677 I/System.out( 9879): }
12-09 07:58:29.677 I/System.out( 9879): header: {date=Sun, 09 Dec 2018 07:58:30 GMT, accept=*/*, content-length=52, host=127.0.0.1:34777, user-agent=HTTPClient/1.0 (2.8.3, ruby 2.3.1 (2016-04-26)), content-type=application/json;charset=utf-8}
12-09 07:58:29.677 I/System.out( 9879): params: {json={"command":"keyboard_enter_text","arguments":["54"]}
12-09 07:58:29.677 I/System.out( 9879): }
12-09 07:58:29.677 I/System.out( 9879): ProP json = {"command":"keyboard_enter_text","arguments":["54"]}
12-09 07:58:29.677 I/System.out( 9879): files: {}
12-09 07:58:29.677 I/System.out( 9879): command: {"command":"keyboard_enter_text","arguments":["54"]}
12-09 07:58:29.693 I/InstrumentationBackend( 9879): Got command:'Command:'Line:null,keyboard_enter_text', arguments:'[54]'
12-09 07:58:29.780 E/SpannableStringBuilder( 9879): SPAN_EXCLUSIVE_EXCLUSIVE spans cannot have a zero length
12-09 07:58:29.780 E/SpannableStringBuilder( 9879): SPAN_EXCLUSIVE_EXCLUSIVE spans cannot have a zero length
12-09 07:58:29.791 W/audio_hw_generic( 1308): Not supplying enough data to HAL, expected position 17997868 , only wrote 17989776
12-09 07:58:29.963 E/SpannableStringBuilder( 9879): SPAN_EXCLUSIVE_EXCLUSIVE spans cannot have a zero length
12-09 07:58:29.963 E/SpannableStringBuilder( 9879): SPAN_EXCLUSIVE_EXCLUSIVE spans cannot have a zero length
12-09 07:58:29.988 I/System.out( 9879): result:{"bonusInformation":[],"message":"","success":true}
12-09 07:58:30.162 I/System.out( 9879): URI: //map
12-09 07:58:30.162 I/System.out( 9879): params: {json={"query":"android.widget.EditText id:'volume'","operation":{"method_name":"query","arguments":[]}}
12-09 07:58:30.162 I/System.out( 9879): }
12-09 07:58:30.190 W/ResourceType( 9879): No package identifier when getting name for resource number 0x00000001
12-09 07:58:30.630 I/art     ( 9879): Background partial concurrent mark sweep GC freed 57913(2MB) AllocSpace objects, 5(100KB) LOS objects, 39% free, 2MB/4MB, paused 1.046ms total 418.132ms
12-09 07:58:30.721 I/System.out( 9879): URI: //gesture
12-09 07:58:30.721 I/System.out( 9879): params: {json={"query_timeout":5.0,"gestures":[{"query_string":"android.widget.EditText id:'volume'","touches":[{"x":50,"y":50,"offset_x":0,"offset_y":0,"wait":0.0,"time":0.2,"release":true,"query_string":null}]}]}
12-09 07:58:30.721 I/System.out( 9879): }
12-09 07:58:30.746 W/ResourceType( 9879): No package identifier when getting name for resource number 0x00000001
12-09 07:58:31.085 I/LatinIME( 1846): Starting input. Cursor position = 0,0
12-09 07:58:31.211 I/art     ( 9879): Background sticky concurrent mark sweep GC freed 27404(1144KB) AllocSpace objects, 2(40KB) LOS objects, 16% free, 3MB/4MB, paused 980us total 113.476ms
12-09 07:58:31.369 I/art     ( 1846): Background sticky concurrent mark sweep GC freed 2653(267KB) AllocSpace objects, 2(40KB) LOS objects, 17% free, 2MB/2MB, paused 970us total 118.704ms
12-09 07:58:31.754 I/System.out( 9879): URI: //
12-09 07:58:31.754 I/System.out( 9879): params: {json={"command":"set_selection","arguments":[-1,-1]}
12-09 07:58:31.754 I/System.out( 9879): }
12-09 07:58:31.754 I/System.out( 9879): header: {date=Sun, 09 Dec 2018 07:58:32 GMT, accept=*/*, content-length=47, host=127.0.0.1:34777, user-agent=HTTPClient/1.0 (2.8.3, ruby 2.3.1 (2016-04-26)), content-type=application/json;charset=utf-8}
12-09 07:58:31.754 I/System.out( 9879): params: {json={"command":"set_selection","arguments":[-1,-1]}
12-09 07:58:31.754 I/System.out( 9879): }
12-09 07:58:31.754 I/System.out( 9879): ProP json = {"command":"set_selection","arguments":[-1,-1]}
12-09 07:58:31.754 I/System.out( 9879): files: {}
12-09 07:58:31.754 I/System.out( 9879): command: {"command":"set_selection","arguments":[-1,-1]}
12-09 07:58:31.755 I/InstrumentationBackend( 9879): Got command:'Command:'Line:null,set_selection', arguments:'[-1, -1]'
12-09 07:58:31.760 I/System.out( 9879): result:{"bonusInformation":[],"message":"","success":true}
12-09 07:58:31.893 I/System.out( 9879): URI: //
12-09 07:58:31.893 I/System.out( 9879): params: {json={"command":"keyboard_enter_text","arguments":["100"]}
12-09 07:58:31.893 I/System.out( 9879): }
12-09 07:58:31.893 I/System.out( 9879): header: {date=Sun, 09 Dec 2018 07:58:32 GMT, accept=*/*, content-length=53, host=127.0.0.1:34777, user-agent=HTTPClient/1.0 (2.8.3, ruby 2.3.1 (2016-04-26)), content-type=application/json;charset=utf-8}
12-09 07:58:31.893 I/System.out( 9879): params: {json={"command":"keyboard_enter_text","arguments":["100"]}
12-09 07:58:31.894 I/System.out( 9879): }
12-09 07:58:31.894 I/System.out( 9879): ProP json = {"command":"keyboard_enter_text","arguments":["100"]}
12-09 07:58:31.894 I/System.out( 9879): files: {}
12-09 07:58:31.894 I/System.out( 9879): command: {"command":"keyboard_enter_text","arguments":["100"]}
12-09 07:58:31.895 I/InstrumentationBackend( 9879): Got command:'Command:'Line:null,keyboard_enter_text', arguments:'[100]'
12-09 07:58:31.895 E/SpannableStringBuilder( 9879): SPAN_EXCLUSIVE_EXCLUSIVE spans cannot have a zero length
12-09 07:58:31.895 E/SpannableStringBuilder( 9879): SPAN_EXCLUSIVE_EXCLUSIVE spans cannot have a zero length
12-09 07:58:31.907 E/SpannableStringBuilder( 9879): SPAN_EXCLUSIVE_EXCLUSIVE spans cannot have a zero length
12-09 07:58:31.907 E/SpannableStringBuilder( 9879): SPAN_EXCLUSIVE_EXCLUSIVE spans cannot have a zero length
12-09 07:58:31.918 I/System.out( 9879): result:{"bonusInformation":[],"message":"","success":true}
12-09 07:58:31.970 I/System.out( 9879): URI: //map
12-09 07:58:31.970 I/System.out( 9879): params: {json={"query":"android.widget.EditText id:'odometer'","operation":{"method_name":"query","arguments":[]}}
12-09 07:58:31.970 I/System.out( 9879): }
12-09 07:58:32.036 W/ResourceType( 9879): No package identifier when getting name for resource number 0x00000001
12-09 07:58:32.096 W/art     ( 9879): Suspending all threads took: 8.563ms
12-09 07:58:32.151 I/art     ( 9879): Background sticky concurrent mark sweep GC freed 36275(1571KB) AllocSpace objects, 5(100KB) LOS objects, 24% free, 3MB/4MB, paused 13.294ms total 82.280ms
12-09 07:58:32.249 I/System.out( 9879): URI: //gesture
12-09 07:58:32.249 I/System.out( 9879): params: {json={"query_timeout":5.0,"gestures":[{"query_string":"android.widget.EditText id:'odometer'","touches":[{"x":50,"y":50,"offset_x":0,"offset_y":0,"wait":0.0,"time":0.2,"release":true,"query_string":null}]}]}
12-09 07:58:32.249 I/System.out( 9879): }
12-09 07:58:32.291 W/ResourceType( 9879): No package identifier when getting name for resource number 0x00000001
12-09 07:58:32.810 I/LatinIME( 1846): Starting input. Cursor position = 0,0
12-09 07:58:33.406 I/System.out( 9879): URI: //
12-09 07:58:33.406 I/System.out( 9879): params: {json={"command":"set_selection","arguments":[-1,-1]}
12-09 07:58:33.406 I/System.out( 9879): }
12-09 07:58:33.406 I/System.out( 9879): header: {date=Sun, 09 Dec 2018 07:58:34 GMT, accept=*/*, content-length=47, host=127.0.0.1:34777, user-agent=HTTPClient/1.0 (2.8.3, ruby 2.3.1 (2016-04-26)), content-type=application/json;charset=utf-8}
12-09 07:58:33.406 I/System.out( 9879): params: {json={"command":"set_selection","arguments":[-1,-1]}
12-09 07:58:33.406 I/System.out( 9879): }
12-09 07:58:33.406 I/System.out( 9879): ProP json = {"command":"set_selection","arguments":[-1,-1]}
12-09 07:58:33.406 I/System.out( 9879): files: {}
12-09 07:58:33.406 I/System.out( 9879): command: {"command":"set_selection","arguments":[-1,-1]}
12-09 07:58:33.407 I/InstrumentationBackend( 9879): Got command:'Command:'Line:null,set_selection', arguments:'[-1, -1]'
12-09 07:58:33.438 I/System.out( 9879): result:{"bonusInformation":[],"message":"","success":true}
12-09 07:58:33.642 I/System.out( 9879): URI: //
12-09 07:58:33.642 I/System.out( 9879): params: {json={"command":"keyboard_enter_text","arguments":["14"]}
12-09 07:58:33.642 I/System.out( 9879): }
12-09 07:58:33.643 I/System.out( 9879): header: {date=Sun, 09 Dec 2018 07:58:34 GMT, accept=*/*, content-length=52, host=127.0.0.1:34777, user-agent=HTTPClient/1.0 (2.8.3, ruby 2.3.1 (2016-04-26)), content-type=application/json;charset=utf-8}
12-09 07:58:33.643 I/System.out( 9879): params: {json={"command":"keyboard_enter_text","arguments":["14"]}
12-09 07:58:33.643 I/System.out( 9879): }
12-09 07:58:33.643 I/System.out( 9879): ProP json = {"command":"keyboard_enter_text","arguments":["14"]}
12-09 07:58:33.643 I/System.out( 9879): files: {}
12-09 07:58:33.643 I/System.out( 9879): command: {"command":"keyboard_enter_text","arguments":["14"]}
12-09 07:58:33.644 I/InstrumentationBackend( 9879): Got command:'Command:'Line:null,keyboard_enter_text', arguments:'[14]'
12-09 07:58:33.648 E/SpannableStringBuilder( 9879): SPAN_EXCLUSIVE_EXCLUSIVE spans cannot have a zero length
12-09 07:58:33.648 E/SpannableStringBuilder( 9879): SPAN_EXCLUSIVE_EXCLUSIVE spans cannot have a zero length
12-09 07:58:33.651 E/SpannableStringBuilder( 9879): SPAN_EXCLUSIVE_EXCLUSIVE spans cannot have a zero length
12-09 07:58:33.651 E/SpannableStringBuilder( 9879): SPAN_EXCLUSIVE_EXCLUSIVE spans cannot have a zero length
12-09 07:58:33.659 I/System.out( 9879): result:{"bonusInformation":[],"message":"","success":true}
12-09 07:58:33.945 I/art     ( 9879): Background sticky concurrent mark sweep GC freed 26933(1232KB) AllocSpace objects, 6(120KB) LOS objects, 32% free, 2MB/4MB, paused 6.041ms total 287.572ms
12-09 07:58:34.758 I/System.out( 9879): URI: //map
12-09 07:58:34.759 I/System.out( 9879): params: {json={"query":"android.widget.Button index:2","operation":{"method_name":"query","arguments":[]}}
12-09 07:58:34.759 I/System.out( 9879): }
12-09 07:58:35.136 I/art     ( 9879): Background partial concurrent mark sweep GC freed 49508(2MB) AllocSpace objects, 5(100KB) LOS objects, 40% free, 2MB/4MB, paused 2.243ms total 182.624ms
12-09 07:58:35.243 I/System.out( 9879): URI: //gesture
12-09 07:58:35.244 I/System.out( 9879): params: {json={"query_timeout":5.0,"gestures":[{"query_string":"android.widget.Button index:2","touches":[{"x":50,"y":50,"offset_x":0,"offset_y":0,"wait":0.0,"time":0.2,"release":true,"query_string":null}]}]}
12-09 07:58:35.244 I/System.out( 9879): }
12-09 07:58:35.614 W/audio_hw_generic( 1308): Hardware backing HAL too slow, could only write 0 of 661 frames
12-09 07:58:35.633 W/audio_hw_generic( 1308): Hardware backing HAL too slow, could only write 0 of 661 frames
12-09 07:58:35.692 I/art     ( 9879): Background sticky concurrent mark sweep GC freed 45971(1941KB) AllocSpace objects, 2(40KB) LOS objects, 29% free, 2MB/4MB, paused 1.648ms total 106.120ms
12-09 07:58:35.982 I/LatinIME( 1846): Starting input. Cursor position = -1,-1
12-09 07:58:36.005 W/audio_hw_generic( 1308): Not supplying enough data to HAL, expected position 18009005 , only wrote 18008945
12-09 07:58:36.005 W/audio_hw_generic( 1308): Not supplying enough data to HAL, expected position 18008951 , only wrote 18008945
12-09 07:58:36.025 W/audio_hw_generic( 1308): Not supplying enough data to HAL, expected position 18009837 , only wrote 18009606
12-09 07:58:36.043 W/audio_hw_generic( 1308): Hardware backing HAL too slow, could only write 0 of 661 frames
12-09 07:58:36.065 W/audio_hw_generic( 1308): Hardware backing HAL too slow, could only write 0 of 661 frames
12-09 07:58:36.097 W/audio_hw_generic( 1308): Hardware backing HAL too slow, could only write 0 of 661 frames
12-09 07:58:36.103 W/audio_hw_generic( 1308): Hardware backing HAL too slow, could only write 0 of 661 frames
12-09 07:58:36.122 W/audio_hw_generic( 1308): Hardware backing HAL too slow, could only write 0 of 661 frames
12-09 07:58:36.135 D/Mileage.ABS( 9879): Finished backup
12-09 07:58:36.142 D/Mileage.ABS( 9879): Not backing up; 10
12-09 07:58:36.142 D/Mileage.ABS( 9879): Not backing up; 10
12-09 07:58:36.143 D/Mileage.ABS( 9879): Not backing up; 11
12-09 07:58:36.302 E/SurfaceFlinger( 1224): ro.sf.lcd_density must be defined as a build property
12-09 07:58:36.359 W/audio_hw_generic( 1308): Not supplying enough data to HAL, expected position 18024341 , only wrote 18020182
12-09 07:58:36.402 D/gralloc_ranchu( 1224): gralloc_alloc: Creating ashmem region of size 3686400
12-09 07:58:36.406 W/audio_hw_generic( 1308): Not supplying enough data to HAL, expected position 18022242 , only wrote 18020182
12-09 07:58:36.426 I/InputAttributes( 1846): InputType.TYPE_NULL is specified
12-09 07:58:36.435 W/audio_hw_generic( 1308): Not supplying enough data to HAL, expected position 18021449 , only wrote 18020843
12-09 07:58:36.438 D/EGL_emulation( 1846): eglMakeCurrent: 0x7f9aed3a1140: ver 2 0 (tinfo 0x7f9ae181f7a0)
12-09 07:58:36.440 E/Surface ( 1846): getSlotFromBufferLocked: unknown buffer: 0x7f9ae91c7780
12-09 07:58:36.462 D/        ( 9969): HostConnection::get() New Host Connection established 0x7ffb97652480, tid 9969
12-09 07:58:36.487 E/EGL_emulation( 1224): tid 1224: eglCreateSyncKHR(1881): error 0x3004 (EGL_BAD_ATTRIBUTE)
12-09 07:58:37.137 W/audio_hw_generic( 1308): Not supplying enough data to HAL, expected position 18051812 , only wrote 18051249
12-09 07:58:37.395 W/audio_hw_generic( 1308): Not supplying enough data to HAL, expected position 18062629 , only wrote 18062486
12-09 07:58:37.395 W/audio_hw_generic( 1308): Not supplying enough data to HAL, expected position 18062492 , only wrote 18062486
12-09 07:58:37.417 W/audio_hw_generic( 1308): Not supplying enough data to HAL, expected position 18063438 , only wrote 18063147
12-09 07:58:37.465 W/audio_hw_generic( 1308): Hardware backing HAL too slow, could only write 0 of 661 frames
12-09 07:58:37.484 W/audio_hw_generic( 1308): Hardware backing HAL too slow, could only write 0 of 661 frames
12-09 07:58:37.485 W/audio_hw_generic( 1308): Hardware backing HAL too slow, could only write 0 of 661 frames
12-09 07:58:37.520 W/audio_hw_generic( 1308): Hardware backing HAL too slow, could only write 0 of 661 frames
12-09 07:58:37.682 I/System.out( 9879): URI: //map
12-09 07:58:37.682 I/System.out( 9879): params: {json={"query":"android.widget.ListView index:0 android.widget.TextView index:0","operation":{"method_name":"query","arguments":[]}}
12-09 07:58:37.682 I/System.out( 9879): }
12-09 07:58:37.853 I/System.out( 9879): URI: //gesture
12-09 07:58:37.853 I/System.out( 9879): params: {json={"query_timeout":5.0,"gestures":[{"query_string":"android.widget.ListView index:0 android.widget.TextView index:0","touches":[{"x":50,"y":50,"offset_x":0,"offset_y":0,"wait":0.0,"time":0.2,"release":true,"query_string":null}]}]}
12-09 07:58:37.853 I/System.out( 9879): }
12-09 07:58:37.965 W/audio_hw_generic( 1308): Not supplying enough data to HAL, expected position 18087318 , only wrote 18086943
12-09 07:58:37.965 W/audio_hw_generic( 1308): Not supplying enough data to HAL, expected position 18086949 , only wrote 18086943
12-09 07:58:38.026 W/audio_hw_generic( 1308): Not supplying enough data to HAL, expected position 18089619 , only wrote 18088926
12-09 07:58:38.071 W/audio_hw_generic( 1308): Not supplying enough data to HAL, expected position 18090938 , only wrote 18090248
12-09 07:58:38.160 W/audio_hw_generic( 1308): Not supplying enough data to HAL, expected position 18094155 , only wrote 18092892
12-09 07:58:38.160 W/audio_hw_generic( 1308): Not supplying enough data to HAL, expected position 18092898 , only wrote 18092892
12-09 07:58:38.231 W/audio_hw_generic( 1308): Hardware backing HAL too slow, could only write 0 of 661 frames
12-09 07:58:38.256 W/audio_hw_generic( 1308): Hardware backing HAL too slow, could only write 0 of 661 frames
12-09 07:58:38.269 W/audio_hw_generic( 1308): Hardware backing HAL too slow, could only write 0 of 661 frames
12-09 07:58:38.276 W/audio_hw_generic( 1308): Hardware backing HAL too slow, could only write 0 of 661 frames
12-09 07:58:38.308 W/audio_hw_generic( 1308): Hardware backing HAL too slow, could only write 0 of 661 frames
12-09 07:58:38.325 W/audio_hw_generic( 1308): Hardware backing HAL too slow, could only write 0 of 661 frames
12-09 07:58:38.336 W/audio_hw_generic( 1308): Hardware backing HAL too slow, could only write 0 of 661 frames
12-09 07:58:38.351 W/audio_hw_generic( 1308): Hardware backing HAL too slow, could only write 0 of 661 frames
12-09 07:58:38.464 W/audio_hw_generic( 1308): Not supplying enough data to HAL, expected position 18106291 , only wrote 18106112
12-09 07:58:38.464 W/audio_hw_generic( 1308): Not supplying enough data to HAL, expected position 18106118 , only wrote 18106112
12-09 07:58:38.501 W/audio_hw_generic( 1308): Not supplying enough data to HAL, expected position 18107753 , only wrote 18106773
12-09 07:58:38.657 W/audio_hw_generic( 1308): Not supplying enough data to HAL, expected position 18113649 , only wrote 18113383
12-09 07:58:38.731 W/art     ( 9879): Suspending all threads took: 130.016ms
12-09 07:58:38.758 W/audio_hw_generic( 1308): Not supplying enough data to HAL, expected position 18117844 , only wrote 18117349
12-09 07:58:38.759 I/art     ( 9879): Background sticky concurrent mark sweep GC freed 58885(2MB) AllocSpace objects, 1(20KB) LOS objects, 29% free, 2MB/4MB, paused 131.166ms total 230.245ms
12-09 07:58:38.841 I/ActivityManager( 1593): START u0 {cmp=com.evancharlton.mileage/.FillupInfoActivity (has extras)} from uid 10125 on display 0
12-09 07:58:38.909 W/audio_hw_generic( 1308): Not supplying enough data to HAL, expected position 18118522 , only wrote 18118010
12-09 07:58:38.909 W/audio_hw_generic( 1308): Not supplying enough data to HAL, expected position 18118016 , only wrote 18118010
12-09 07:58:38.944 W/audio_hw_generic( 1308): Hardware backing HAL too slow, could only write 0 of 661 frames
12-09 07:58:38.945 W/audio_hw_generic( 1308): Hardware backing HAL too slow, could only write 0 of 661 frames
12-09 07:58:38.964 W/audio_hw_generic( 1308): Hardware backing HAL too slow, could only write 0 of 661 frames
12-09 07:58:38.969 D/AudioFlinger( 1308): mixer(0xf4340000) throttle end: throttle time(13)
12-09 07:58:38.976 W/audio_hw_generic( 1308): Hardware backing HAL too slow, could only write 0 of 661 frames
12-09 07:58:39.005 W/audio_hw_generic( 1308): Hardware backing HAL too slow, could only write 0 of 661 frames
12-09 07:58:39.016 D/AudioFlinger( 1308): mixer(0xf4340000) throttle end: throttle time(11)
12-09 07:58:39.020 W/audio_hw_generic( 1308): Hardware backing HAL too slow, could only write 0 of 661 frames
12-09 07:58:39.038 W/audio_hw_generic( 1308): Hardware backing HAL too slow, could only write 0 of 661 frames
12-09 07:58:39.061 W/audio_hw_generic( 1308): Hardware backing HAL too slow, could only write 0 of 661 frames
12-09 07:58:39.261 W/audio_hw_generic( 1308): Not supplying enough data to HAL, expected position 18133536 , only wrote 18131230
12-09 07:58:39.261 W/audio_hw_generic( 1308): Not supplying enough data to HAL, expected position 18131236 , only wrote 18131230
12-09 07:58:39.266 I/calabash( 9879): newActivity1
12-09 07:58:39.346 W/audio_hw_generic( 1308): Not supplying enough data to HAL, expected position 18134995 , only wrote 18131891
12-09 07:58:39.353 E/SurfaceFlinger( 1224): ro.sf.lcd_density must be defined as a build property
12-09 07:58:39.354 D/gralloc_ranchu( 1224): gralloc_alloc: Creating ashmem region of size 3686400
12-09 07:58:39.402 D/        ( 9975): HostConnection::get() New Host Connection established 0x7f09e5e52480, tid 9975
12-09 07:58:39.429 E/EGL_emulation( 1224): tid 1224: eglCreateSyncKHR(1881): error 0x3004 (EGL_BAD_ATTRIBUTE)
12-09 07:58:39.453 I/art     ( 9879): Background partial concurrent mark sweep GC freed 20421(1339KB) AllocSpace objects, 5(100KB) LOS objects, 40% free, 2MB/4MB, paused 970us total 149.484ms
12-09 07:58:39.554 V/PhoneStatusBar( 1704): setLightsOn(true)
12-09 07:58:39.556 W/audio_hw_generic( 1308): Not supplying enough data to HAL, expected position 18141158 , only wrote 18141145
12-09 07:58:39.585 D/gralloc_ranchu( 1224): gralloc_alloc: Creating ashmem region of size 3686400
12-09 07:58:39.607 W/audio_hw_generic( 1308): Hardware backing HAL too slow, could only write 0 of 661 frames
12-09 07:58:39.641 W/audio_hw_generic( 1308): Hardware backing HAL too slow, could only write 0 of 661 frames
12-09 07:58:39.656 W/audio_hw_generic( 1308): Hardware backing HAL too slow, could only write 0 of 661 frames
12-09 07:58:39.668 W/audio_hw_generic( 1308): Hardware backing HAL too slow, could only write 0 of 661 frames
12-09 07:58:39.782 W/audio_hw_generic( 1308): Not supplying enough data to HAL, expected position 18151095 , only wrote 18151060
12-09 07:58:39.892 W/audio_hw_generic( 1308): Hardware backing HAL too slow, could only write 0 of 661 frames
12-09 07:58:39.897 W/art     ( 1593): Long monitor contention event with owner method=void com.android.server.wm.WindowAnimator$1.doFrame(long) from WindowAnimator.java:121 waiters=0 for 111ms
12-09 07:58:39.969 W/audio_hw_generic( 1308): Not supplying enough data to HAL, expected position 18159303 , only wrote 18158331
12-09 07:58:40.317 W/audio_hw_generic( 1308): Not supplying enough data to HAL, expected position 18173656 , only wrote 18173534
12-09 07:58:40.317 W/audio_hw_generic( 1308): Not supplying enough data to HAL, expected position 18173541 , only wrote 18173534
12-09 07:58:40.349 W/audio_hw_generic( 1308): Not supplying enough data to HAL, expected position 18174961 , only wrote 18174195
12-09 07:58:40.349 W/audio_hw_generic( 1308): Hardware backing HAL too slow, could only write 0 of 661 frames
12-09 07:58:40.369 W/audio_hw_generic( 1308): Hardware backing HAL too slow, could only write 0 of 661 frames
12-09 07:58:40.410 W/audio_hw_generic( 1308): Hardware backing HAL too slow, could only write 0 of 661 frames
12-09 07:58:40.410 W/audio_hw_generic( 1308): Not supplying enough data to HAL, expected position 18176869 , only wrote 18176839
12-09 07:58:40.410 W/audio_hw_generic( 1308): Not supplying enough data to HAL, expected position 18176844 , only wrote 18176839
12-09 07:58:40.410 W/audio_hw_generic( 1308): Hardware backing HAL too slow, could only write 0 of 661 frames
12-09 07:58:40.424 W/audio_hw_generic( 1308): Hardware backing HAL too slow, could only write 0 of 661 frames
12-09 07:58:40.425 W/audio_hw_generic( 1308): Hardware backing HAL too slow, could only write 0 of 661 frames
12-09 07:58:40.461 W/audio_hw_generic( 1308): Hardware backing HAL too slow, could only write 0 of 661 frames
12-09 07:58:40.475 W/audio_hw_generic( 1308): Hardware backing HAL too slow, could only write 0 of 661 frames
12-09 07:58:40.533 W/audio_hw_generic( 1308): Hardware backing HAL too slow, could only write 0 of 661 frames
12-09 07:58:40.533 W/audio_hw_generic( 1308): Not supplying enough data to HAL, expected position 18182272 , only wrote 18181466
12-09 07:58:40.533 W/audio_hw_generic( 1308): Not supplying enough data to HAL, expected position 18181471 , only wrote 18181466
12-09 07:58:40.553 W/audio_hw_generic( 1308): Not supplying enough data to HAL, expected position 18182320 , only wrote 18182127
12-09 07:58:40.553 W/audio_hw_generic( 1308): Hardware backing HAL too slow, could only write 0 of 661 frames
12-09 07:58:40.554 I/System.out( 9879): URI: //map
12-09 07:58:40.554 I/System.out( 9879): params: {json={"query":"android.widget.Button index:1","operation":{"method_name":"query","arguments":[]}}
12-09 07:58:40.554 I/System.out( 9879): }
12-09 07:58:40.572 W/audio_hw_generic( 1308): Hardware backing HAL too slow, could only write 0 of 661 frames
12-09 07:58:40.578 W/art     ( 1593): Long monitor contention event with owner method=void com.android.server.wm.WindowAnimator$1.doFrame(long) from WindowAnimator.java:121 waiters=1 for 303ms
12-09 07:58:40.588 W/audio_hw_generic( 1308): Hardware backing HAL too slow, could only write 0 of 661 frames
12-09 07:58:40.687 W/art     ( 1593): Long monitor contention event with owner method=void com.android.server.wm.WindowAnimator$1.doFrame(long) from WindowAnimator.java:121 waiters=1 for 239ms
12-09 07:58:40.755 W/art     ( 1593): Long monitor contention event with owner method=void com.android.server.wm.WindowAnimator$1.doFrame(long) from WindowAnimator.java:121 waiters=1 for 178ms
12-09 07:58:40.957 W/audio_hw_generic( 1308): Not supplying enough data to HAL, expected position 18199956 , only wrote 18199313
12-09 07:58:40.987 D/gralloc_ranchu( 1224): gralloc_alloc: Creating ashmem region of size 3686400
12-09 07:58:41.117 W/audio_hw_generic( 1308): Not supplying enough data to HAL, expected position 18206371 , only wrote 18205923
12-09 07:58:41.117 W/audio_hw_generic( 1308): Not supplying enough data to HAL, expected position 18205929 , only wrote 18205923
12-09 07:58:41.133 W/audio_hw_generic( 1308): Not supplying enough data to HAL, expected position 18206623 , only wrote 18206584
12-09 07:58:41.207 I/ActivityManager( 1593): Displayed com.evancharlton.mileage/.FillupInfoActivity: +2s54ms
12-09 07:58:41.435 W/audio_hw_generic( 1308): Hardware backing HAL too slow, could only write 0 of 661 frames
12-09 07:58:41.453 W/art     ( 1593): Long monitor contention event with owner method=void com.android.server.wm.WindowAnimator$1.doFrame(long) from WindowAnimator.java:121 waiters=0 for 127ms
12-09 07:58:41.455 W/audio_hw_generic( 1308): Hardware backing HAL too slow, could only write 0 of 661 frames
12-09 07:58:41.485 W/audio_hw_generic( 1308): Hardware backing HAL too slow, could only write 0 of 661 frames
12-09 07:58:41.495 W/audio_hw_generic( 1308): Hardware backing HAL too slow, could only write 0 of 661 frames
12-09 07:58:41.513 W/audio_hw_generic( 1308): Hardware backing HAL too slow, could only write 0 of 661 frames
12-09 07:58:41.577 W/audio_hw_generic( 1308): Not supplying enough data to HAL, expected position 18226165 , only wrote 18225753
12-09 07:58:41.577 W/audio_hw_generic( 1308): Not supplying enough data to HAL, expected position 18225759 , only wrote 18225753
12-09 07:58:41.598 W/audio_hw_generic( 1308): Not supplying enough data to HAL, expected position 18226652 , only wrote 18226414
12-09 07:58:41.767 W/audio_hw_generic( 1308): Not supplying enough data to HAL, expected position 18233883 , only wrote 18233685
12-09 07:58:41.767 W/audio_hw_generic( 1308): Not supplying enough data to HAL, expected position 18233691 , only wrote 18233685
12-09 07:58:41.786 W/audio_hw_generic( 1308): Not supplying enough data to HAL, expected position 18234537 , only wrote 18234346
12-09 07:58:41.794 I/System.out( 9879): URI: //gesture
12-09 07:58:41.794 I/System.out( 9879): params: {json={"query_timeout":5.0,"gestures":[{"query_string":"android.widget.Button index:1","touches":[{"x":50,"y":50,"offset_x":0,"offset_y":0,"wait":0.0,"time":0.2,"release":true,"query_string":null}]}]}
12-09 07:58:41.794 I/System.out( 9879): }
12-09 07:58:41.797 D/gralloc_ranchu( 1224): gralloc_alloc: Creating ashmem region of size 3686400
12-09 07:58:41.969 W/audio_hw_generic( 1308): Not supplying enough data to HAL, expected position 18242415 , only wrote 18240956
12-09 07:58:41.970 W/audio_hw_generic( 1308): Not supplying enough data to HAL, expected position 18240964 , only wrote 18240956
12-09 07:58:41.985 W/audio_hw_generic( 1308): Not supplying enough data to HAL, expected position 18241644 , only wrote 18241617
12-09 07:58:42.053 W/audio_hw_generic( 1308): Not supplying enough data to HAL, expected position 18246251 , only wrote 18244261
12-09 07:58:42.627 I/ActivityManager( 1593): START u0 {cmp=com.evancharlton.mileage/.FillupInfoActivity (has extras)} from uid 10125 on display 0
12-09 07:58:42.689 D/AudioFlinger( 1308): mixer(0xf4340000) throttle end: throttle time(11)
12-09 07:58:42.716 W/audio_hw_generic( 1308): Hardware backing HAL too slow, could only write 0 of 661 frames
12-09 07:58:42.725 W/audio_hw_generic( 1308): Hardware backing HAL too slow, could only write 0 of 661 frames
12-09 07:58:42.748 W/audio_hw_generic( 1308): Hardware backing HAL too slow, could only write 0 of 661 frames
12-09 07:58:42.757 W/audio_hw_generic( 1308): Hardware backing HAL too slow, could only write 0 of 661 frames
12-09 07:58:42.823 I/calabash( 9879): newActivity1
12-09 07:58:42.863 I/art     ( 9879): Background sticky concurrent mark sweep GC freed 43929(1994KB) AllocSpace objects, 2(40KB) LOS objects, 34% free, 3MB/4MB, paused 1.066ms total 158.643ms
12-09 07:58:43.126 W/audio_hw_generic( 1308): Hardware backing HAL too slow, could only write 0 of 661 frames
12-09 07:58:43.140 V/PhoneStatusBar( 1704): setLightsOn(true)
12-09 07:58:43.180 D/gralloc_ranchu( 1224): gralloc_alloc: Creating ashmem region of size 3686400
12-09 07:58:43.445 W/art     ( 1593): Long monitor contention event with owner method=void com.android.server.wm.WindowAnimator$1.doFrame(long) from WindowAnimator.java:121 waiters=0 for 116ms
12-09 07:58:43.476 E/SurfaceFlinger( 1224): ro.sf.lcd_density must be defined as a build property
12-09 07:58:43.569 W/audio_hw_generic( 1308): Hardware backing HAL too slow, could only write 0 of 661 frames
12-09 07:58:43.584 W/audio_hw_generic( 1308): Hardware backing HAL too slow, could only write 0 of 661 frames
12-09 07:58:43.591 D/gralloc_ranchu( 1224): gralloc_alloc: Creating ashmem region of size 3686400
12-09 07:58:43.599 W/audio_hw_generic( 1308): Hardware backing HAL too slow, could only write 0 of 661 frames
12-09 07:58:43.604 D/        ( 9981): HostConnection::get() New Host Connection established 0x7f8429892480, tid 9981
12-09 07:58:43.625 E/EGL_emulation( 1224): tid 1224: eglCreateSyncKHR(1881): error 0x3004 (EGL_BAD_ATTRIBUTE)
12-09 07:58:43.632 W/audio_hw_generic( 1308): Hardware backing HAL too slow, could only write 0 of 661 frames
12-09 07:58:43.702 W/audio_hw_generic( 1308): Hardware backing HAL too slow, could only write 0 of 661 frames
12-09 07:58:43.717 W/audio_hw_generic( 1308): Hardware backing HAL too slow, could only write 0 of 661 frames
12-09 07:58:43.755 W/audio_hw_generic( 1308): Hardware backing HAL too slow, could only write 0 of 661 frames
12-09 07:58:43.762 W/audio_hw_generic( 1308): Hardware backing HAL too slow, could only write 0 of 661 frames
12-09 07:58:43.838 W/art     ( 1593): Long monitor contention event with owner method=void com.android.server.wm.WindowAnimator$1.doFrame(long) from WindowAnimator.java:121 waiters=0 for 112ms
12-09 07:58:43.848 W/art     ( 1593): Long monitor contention event with owner method=void com.android.server.wm.WindowAnimator$1.doFrame(long) from WindowAnimator.java:121 waiters=1 for 121ms
12-09 07:58:43.868 D/gralloc_ranchu( 1224): gralloc_alloc: Creating ashmem region of size 3686400
12-09 07:58:43.944 I/ActivityManager( 1593): Displayed com.evancharlton.mileage/.FillupInfoActivity: +1s270ms
12-09 07:58:43.962 W/audio_hw_generic( 1308): Hardware backing HAL too slow, could only write 0 of 661 frames
12-09 07:58:44.053 W/audio_hw_generic( 1308): Hardware backing HAL too slow, could only write 0 of 661 frames
12-09 07:58:44.072 W/audio_hw_generic( 1308): Hardware backing HAL too slow, could only write 0 of 661 frames
12-09 07:58:44.161 W/audio_hw_generic( 1308): Hardware backing HAL too slow, could only write 0 of 661 frames
12-09 07:58:44.175 W/audio_hw_generic( 1308): Hardware backing HAL too slow, could only write 0 of 661 frames
12-09 07:58:44.296 W/audio_hw_generic( 1308): Not supplying enough data to HAL, expected position 18316203 , only wrote 18314988
12-09 07:58:44.405 W/audio_hw_generic( 1308): Not supplying enough data to HAL, expected position 18319797 , only wrote 18318954
12-09 07:58:44.405 W/audio_hw_generic( 1308): Not supplying enough data to HAL, expected position 18318961 , only wrote 18318954
12-09 07:58:44.427 W/audio_hw_generic( 1308): Not supplying enough data to HAL, expected position 18319902 , only wrote 18319615
12-09 07:58:44.517 W/audio_hw_generic( 1308): Not supplying enough data to HAL, expected position 18323598 , only wrote 18323581
12-09 07:58:44.517 W/audio_hw_generic( 1308): Not supplying enough data to HAL, expected position 18323587 , only wrote 18323581
12-09 07:58:44.541 W/audio_hw_generic( 1308): Not supplying enough data to HAL, expected position 18324649 , only wrote 18324242
12-09 07:58:44.733 W/audio_hw_generic( 1308): Hardware backing HAL too slow, could only write 0 of 661 frames
12-09 07:58:44.748 W/audio_hw_generic( 1308): Hardware backing HAL too slow, could only write 0 of 661 frames
12-09 07:58:44.769 W/audio_hw_generic( 1308): Hardware backing HAL too slow, could only write 0 of 661 frames
12-09 07:58:44.776 W/audio_hw_generic( 1308): Hardware backing HAL too slow, could only write 0 of 661 frames
12-09 07:58:44.791 W/audio_hw_generic( 1308): Hardware backing HAL too slow, could only write 0 of 661 frames
12-09 07:58:44.804 W/audio_hw_generic( 1308): Hardware backing HAL too slow, could only write 0 of 661 frames
12-09 07:58:44.820 W/audio_hw_generic( 1308): Hardware backing HAL too slow, could only write 0 of 661 frames
12-09 07:58:44.822 I/System.out( 9879): URI: //map
12-09 07:58:44.822 I/System.out( 9879): params: {json={"query":"android.widget.Button index:0","operation":{"method_name":"query","arguments":[]}}
12-09 07:58:44.822 I/System.out( 9879): }
12-09 07:58:44.833 W/audio_hw_generic( 1308): Hardware backing HAL too slow, could only write 0 of 661 frames
12-09 07:58:44.848 W/audio_hw_generic( 1308): Hardware backing HAL too slow, could only write 0 of 661 frames
12-09 07:58:44.865 W/audio_hw_generic( 1308): Hardware backing HAL too slow, could only write 0 of 661 frames
12-09 07:58:44.925 W/audio_hw_generic( 1308): Not supplying enough data to HAL, expected position 18341161 , only wrote 18340767
12-09 07:58:44.925 W/audio_hw_generic( 1308): Not supplying enough data to HAL, expected position 18340774 , only wrote 18340767
12-09 07:58:44.951 W/audio_hw_generic( 1308): Not supplying enough data to HAL, expected position 18341916 , only wrote 18341428
12-09 07:58:45.261 W/audio_hw_generic( 1308): Not supplying enough data to HAL, expected position 18355067 , only wrote 18354648
12-09 07:58:45.337 W/audio_hw_generic( 1308): Not supplying enough data to HAL, expected position 18358003 , only wrote 18357953
12-09 07:58:45.369 W/audio_hw_generic( 1308): Not supplying enough data to HAL, expected position 18359368 , only wrote 18359275
12-09 07:58:45.492 W/audio_hw_generic( 1308): Not supplying enough data to HAL, expected position 18364708 , only wrote 18364563
12-09 07:58:45.492 W/audio_hw_generic( 1308): Not supplying enough data to HAL, expected position 18364570 , only wrote 18364563
12-09 07:58:45.521 W/audio_hw_generic( 1308): Not supplying enough data to HAL, expected position 18365830 , only wrote 18365224
12-09 07:58:45.572 I/art     ( 9879): Background partial concurrent mark sweep GC freed 43554(2046KB) AllocSpace objects, 5(104KB) LOS objects, 39% free, 2MB/4MB, paused 2.161ms total 391.978ms
12-09 07:58:45.585 W/audio_hw_generic( 1308): Not supplying enough data to HAL, expected position 18368073 , only wrote 18367868
12-09 07:58:45.586 W/audio_hw_generic( 1308): Not supplying enough data to HAL, expected position 18367877 , only wrote 18367868
12-09 07:58:45.605 W/audio_hw_generic( 1308): Not supplying enough data to HAL, expected position 18368697 , only wrote 18368529
12-09 07:58:45.764 W/audio_hw_generic( 1308): Not supplying enough data to HAL, expected position 18382165 , only wrote 18375139
12-09 07:58:45.873 I/System.out( 9879): URI: //map
12-09 07:58:45.873 I/System.out( 9879): params: {json={"query":"android.widget.Button index:0","operation":{"method_name":"query","arguments":[]}}
12-09 07:58:45.873 I/System.out( 9879): }
12-09 07:58:45.946 I/art     ( 9879): Background sticky concurrent mark sweep GC freed 44209(2MB) AllocSpace objects, 3(60KB) LOS objects, 39% free, 2MB/4MB, paused 7.282ms total 36.898ms
12-09 07:58:45.949 I/System.out( 9879): URI: //gesture
12-09 07:58:45.949 I/System.out( 9879): params: {json={"query_timeout":5.0,"gestures":[{"query_string":"android.widget.Button index:0","touches":[{"x":50,"y":50,"offset_x":0,"offset_y":0,"wait":0.0,"time":0.2,"release":true,"query_string":null}]}]}
12-09 07:58:45.949 I/System.out( 9879): }
12-09 07:58:46.280 I/ActivityManager( 1593): START u0 {cmp=com.evancharlton.mileage/.FillupInfoActivity (has extras)} from uid 10125 on display 0
12-09 07:58:46.372 W/audio_hw_generic( 1308): Hardware backing HAL too slow, could only write 0 of 661 frames
12-09 07:58:46.383 D/AudioFlinger( 1308): mixer(0xf4340000) throttle end: throttle time(21)
12-09 07:58:46.385 W/audio_hw_generic( 1308): Hardware backing HAL too slow, could only write 0 of 661 frames
12-09 07:58:46.405 W/audio_hw_generic( 1308): Hardware backing HAL too slow, could only write 0 of 661 frames
12-09 07:58:46.420 I/art     ( 9879): Background sticky concurrent mark sweep GC freed 44051(2008KB) AllocSpace objects, 2(40KB) LOS objects, 37% free, 3MB/4MB, paused 939us total 116.824ms
12-09 07:58:46.425 W/audio_hw_generic( 1308): Hardware backing HAL too slow, could only write 0 of 661 frames
12-09 07:58:46.539 W/audio_hw_generic( 1308): Not supplying enough data to HAL, expected position 18384605 , only wrote 18384393
12-09 07:58:46.547 I/calabash( 9879): newActivity1
12-09 07:58:46.791 V/PhoneStatusBar( 1704): setLightsOn(true)
12-09 07:58:46.891 W/audio_hw_generic( 1308): Not supplying enough data to HAL, expected position 18399898 , only wrote 18399596
12-09 07:58:46.924 D/gralloc_ranchu( 1224): gralloc_alloc: Creating ashmem region of size 3686400
12-09 07:58:47.009 W/audio_hw_generic( 1308): Not supplying enough data to HAL, expected position 18404790 , only wrote 18403562
12-09 07:58:47.009 W/audio_hw_generic( 1308): Not supplying enough data to HAL, expected position 18403568 , only wrote 18403562
12-09 07:58:47.045 W/audio_hw_generic( 1308): Not supplying enough data to HAL, expected position 18405140 , only wrote 18404223
12-09 07:58:47.045 W/audio_hw_generic( 1308): Hardware backing HAL too slow, could only write 0 of 661 frames
12-09 07:58:47.060 W/audio_hw_generic( 1308): Hardware backing HAL too slow, could only write 0 of 661 frames
12-09 07:58:47.077 W/audio_hw_generic( 1308): Hardware backing HAL too slow, could only write 0 of 661 frames
12-09 07:58:47.112 W/audio_hw_generic( 1308): Hardware backing HAL too slow, could only write 0 of 661 frames
12-09 07:58:47.120 W/audio_hw_generic( 1308): Hardware backing HAL too slow, could only write 0 of 661 frames
12-09 07:58:47.134 E/SurfaceFlinger( 1224): ro.sf.lcd_density must be defined as a build property
12-09 07:58:47.140 W/audio_hw_generic( 1308): Hardware backing HAL too slow, could only write 0 of 661 frames
12-09 07:58:47.152 W/audio_hw_generic( 1308): Hardware backing HAL too slow, could only write 0 of 661 frames
12-09 07:58:47.165 W/audio_hw_generic( 1308): Hardware backing HAL too slow, could only write 0 of 661 frames
12-09 07:58:47.182 W/audio_hw_generic( 1308): Hardware backing HAL too slow, could only write 0 of 661 frames
12-09 07:58:47.215 D/gralloc_ranchu( 1224): gralloc_alloc: Creating ashmem region of size 3686400
12-09 07:58:47.274 W/audio_hw_generic( 1308): Not supplying enough data to HAL, expected position 18414345 , only wrote 18414138
12-09 07:58:47.304 W/audio_hw_generic( 1308): Not supplying enough data to HAL, expected position 18415477 , only wrote 18415460
12-09 07:58:47.305 W/audio_hw_generic( 1308): Hardware backing HAL too slow, could only write 0 of 661 frames
12-09 07:58:47.329 D/        ( 9988): HostConnection::get() New Host Connection established 0x7f559e692480, tid 9988
12-09 07:58:47.340 W/audio_hw_generic( 1308): Hardware backing HAL too slow, could only write 0 of 661 frames
12-09 07:58:47.349 W/audio_hw_generic( 1308): Hardware backing HAL too slow, could only write 0 of 661 frames
12-09 07:58:47.374 E/EGL_emulation( 1224): tid 1224: eglCreateSyncKHR(1881): error 0x3004 (EGL_BAD_ATTRIBUTE)
12-09 07:58:47.436 W/art     ( 1593): Long monitor contention event with owner method=void com.android.server.wm.WindowAnimator$1.doFrame(long) from WindowAnimator.java:121 waiters=0 for 244ms
12-09 07:58:47.559 W/audio_hw_generic( 1308): Not supplying enough data to HAL, expected position 18426667 , only wrote 18426036
12-09 07:58:47.559 W/audio_hw_generic( 1308): Not supplying enough data to HAL, expected position 18426042 , only wrote 18426036
12-09 07:58:47.574 W/audio_hw_generic( 1308): Not supplying enough data to HAL, expected position 18426718 , only wrote 18426697
12-09 07:58:47.574 W/audio_hw_generic( 1308): Hardware backing HAL too slow, could only write 0 of 661 frames
12-09 07:58:47.609 W/audio_hw_generic( 1308): Hardware backing HAL too slow, could only write 0 of 661 frames
12-09 07:58:47.620 W/audio_hw_generic( 1308): Hardware backing HAL too slow, could only write 0 of 661 frames
12-09 07:58:47.624 W/art     ( 1593): Long monitor contention event with owner method=void com.android.server.wm.WindowAnimator$1.doFrame(long) from WindowAnimator.java:121 waiters=1 for 308ms
12-09 07:58:47.634 W/audio_hw_generic( 1308): Hardware backing HAL too slow, could only write 0 of 661 frames
12-09 07:58:47.771 W/art     ( 1593): Long monitor contention event with owner method=void com.android.server.wm.WindowAnimator$1.doFrame(long) from WindowAnimator.java:121 waiters=1 for 141ms
12-09 07:58:47.884 W/art     ( 1593): Long monitor contention event with owner method=void com.android.server.wm.WindowAnimator$1.doFrame(long) from WindowAnimator.java:121 waiters=0 for 103ms
12-09 07:58:47.915 W/audio_hw_generic( 1308): Not supplying enough data to HAL, expected position 18441711 , only wrote 18437934
12-09 07:58:47.915 W/audio_hw_generic( 1308): Not supplying enough data to HAL, expected position 18437940 , only wrote 18437934
12-09 07:58:47.935 W/audio_hw_generic( 1308): Not supplying enough data to HAL, expected position 18438823 , only wrote 18438595
12-09 07:58:47.969 I/ActivityManager( 1593): Displayed com.evancharlton.mileage/.FillupInfoActivity: +1s665ms
12-09 07:58:47.982 W/audio_hw_generic( 1308): Hardware backing HAL too slow, could only write 0 of 661 frames
12-09 07:58:47.996 W/audio_hw_generic( 1308): Hardware backing HAL too slow, could only write 0 of 661 frames
