12-09 08:31:06.332 W/audio_hw_generic( 1310): Not supplying enough data to HAL, expected position 39315856 , only wrote 39315619
12-09 08:31:06.616 I/System.out(19043): URI: //map
12-09 08:31:06.616 I/System.out(19043): params: {json={"query":"android.widget.EditText id:'price'","operation":{"method_name":"query","arguments":[]}}
12-09 08:31:06.616 I/System.out(19043): }
12-09 08:31:06.732 W/audio_hw_generic( 1310): Not supplying enough data to HAL, expected position 39333263 , only wrote 39330822
12-09 08:31:06.733 W/audio_hw_generic( 1310): Not supplying enough data to HAL, expected position 39330829 , only wrote 39330822
12-09 08:31:06.769 W/audio_hw_generic( 1310): Not supplying enough data to HAL, expected position 39332420 , only wrote 39331483
12-09 08:31:06.773 W/ResourceType(19043): No package identifier when getting name for resource number 0x00000001
12-09 08:31:06.894 I/System.out(19043): URI: //gesture
12-09 08:31:06.894 I/System.out(19043): params: {json={"query_timeout":5.0,"gestures":[{"query_string":"android.widget.EditText id:'price'","touches":[{"x":50,"y":50,"offset_x":0,"offset_y":0,"wait":0.0,"time":0.2,"release":true,"query_string":null}]}]}
12-09 08:31:06.894 I/System.out(19043): }
12-09 08:31:06.998 I/art     (19043): Background sticky concurrent mark sweep GC freed 57521(2MB) AllocSpace objects, 3(60KB) LOS objects, 45% free, 2MB/4MB, paused 17.623ms total 107.935ms
12-09 08:31:07.123 W/audio_hw_generic( 1310): Not supplying enough data to HAL, expected position 39347116 , only wrote 39344042
12-09 08:31:07.164 W/audio_hw_generic( 1310): Not supplying enough data to HAL, expected position 39345814 , only wrote 39345364
12-09 08:31:07.201 W/ResourceType(19043): No package identifier when getting name for resource number 0x00000001
12-09 08:31:07.316 W/audio_hw_generic( 1310): Not supplying enough data to HAL, expected position 39352106 , only wrote 39351974
12-09 08:31:07.346 W/audio_hw_generic( 1310): Hardware backing HAL too slow, could only write 0 of 661 frames
12-09 08:31:07.361 W/audio_hw_generic( 1310): Hardware backing HAL too slow, could only write 0 of 661 frames
12-09 08:31:07.385 W/audio_hw_generic( 1310): Hardware backing HAL too slow, could only write 0 of 661 frames
12-09 08:31:07.499 W/audio_hw_generic( 1310): Not supplying enough data to HAL, expected position 39360015 , only wrote 39359906
12-09 08:31:07.499 W/audio_hw_generic( 1310): Not supplying enough data to HAL, expected position 39359912 , only wrote 39359906
12-09 08:31:07.528 W/audio_hw_generic( 1310): Not supplying enough data to HAL, expected position 39361173 , only wrote 39360567
12-09 08:31:07.700 W/audio_hw_generic( 1310): Not supplying enough data to HAL, expected position 39368166 , only wrote 39367838
12-09 08:31:07.700 W/audio_hw_generic( 1310): Not supplying enough data to HAL, expected position 39367844 , only wrote 39367838
12-09 08:31:07.716 W/audio_hw_generic( 1310): Not supplying enough data to HAL, expected position 39368544 , only wrote 39368499
12-09 08:31:07.748 I/LatinIME( 1862): Starting input. Cursor position = 0,0
12-09 08:31:07.928 D/EGL_emulation( 1862): eglMakeCurrent: 0x7f2639a25d80: ver 2 0 (tinfo 0x7f262e26a640)
12-09 08:31:07.989 W/audio_hw_generic( 1310): Not supplying enough data to HAL, expected position 39380543 , only wrote 39380397
12-09 08:31:08.076 W/audio_hw_generic( 1310): Not supplying enough data to HAL, expected position 39384225 , only wrote 39383702
12-09 08:31:08.104 W/audio_hw_generic( 1310): Not supplying enough data to HAL, expected position 39384948 , only wrote 39384363
12-09 08:31:08.104 W/audio_hw_generic( 1310): Not supplying enough data to HAL, expected position 39384369 , only wrote 39384363
12-09 08:31:08.120 W/audio_hw_generic( 1310): Not supplying enough data to HAL, expected position 39385051 , only wrote 39385024
12-09 08:31:08.159 W/audio_hw_generic( 1310): Hardware backing HAL too slow, could only write 0 of 661 frames
12-09 08:31:08.204 W/audio_hw_generic( 1310): Not supplying enough data to HAL, expected position 39388720 , only wrote 39388329
12-09 08:31:08.204 W/audio_hw_generic( 1310): Not supplying enough data to HAL, expected position 39388335 , only wrote 39388329
12-09 08:31:08.220 W/audio_hw_generic( 1310): Not supplying enough data to HAL, expected position 39389008 , only wrote 39388990
12-09 08:31:08.327 W/audio_hw_generic( 1310): Hardware backing HAL too slow, could only write 0 of 661 frames
12-09 08:31:08.339 I/System.out(19043): URI: //
12-09 08:31:08.339 I/System.out(19043): params: {json={"command":"set_selection","arguments":[-1,-1]}
12-09 08:31:08.339 I/System.out(19043): }
12-09 08:31:08.339 I/System.out(19043): header: {date=Sun, 09 Dec 2018 08:31:09 GMT, accept=*/*, content-length=47, host=127.0.0.1:34777, user-agent=HTTPClient/1.0 (2.8.3, ruby 2.3.1 (2016-04-26)), content-type=application/json;charset=utf-8}
12-09 08:31:08.339 I/System.out(19043): params: {json={"command":"set_selection","arguments":[-1,-1]}
12-09 08:31:08.339 I/System.out(19043): }
12-09 08:31:08.339 W/audio_hw_generic( 1310): Hardware backing HAL too slow, could only write 0 of 661 frames
12-09 08:31:08.340 I/System.out(19043): ProP json = {"command":"set_selection","arguments":[-1,-1]}
12-09 08:31:08.340 I/System.out(19043): files: {}
12-09 08:31:08.340 I/System.out(19043): command: {"command":"set_selection","arguments":[-1,-1]}
12-09 08:31:08.341 I/InstrumentationBackend(19043): Got command:'Command:'Line:null,set_selection', arguments:'[-1, -1]'
12-09 08:31:08.354 W/audio_hw_generic( 1310): Hardware backing HAL too slow, could only write 0 of 661 frames
12-09 08:31:08.361 I/System.out(19043): result:{"bonusInformation":[],"message":"","success":true}
12-09 08:31:08.362 I/art     (19043): WaitForGcToComplete blocked for 7.184ms for cause Background
12-09 08:31:08.387 W/audio_hw_generic( 1310): Hardware backing HAL too slow, could only write 0 of 661 frames
12-09 08:31:08.431 W/audio_hw_generic( 1310): Not supplying enough data to HAL, expected position 39398327 , only wrote 39398244
12-09 08:31:08.431 W/audio_hw_generic( 1310): Not supplying enough data to HAL, expected position 39398254 , only wrote 39398244
12-09 08:31:08.452 W/audio_hw_generic( 1310): Not supplying enough data to HAL, expected position 39399139 , only wrote 39398905
12-09 08:31:08.588 W/audio_hw_generic( 1310): Not supplying enough data to HAL, expected position 39404913 , only wrote 39402871
12-09 08:31:08.609 I/System.out(19043): URI: //
12-09 08:31:08.609 I/System.out(19043): params: {json={"command":"keyboard_enter_text","arguments":["97123743947239847210"]}
12-09 08:31:08.609 I/System.out(19043): }
12-09 08:31:08.609 I/System.out(19043): header: {date=Sun, 09 Dec 2018 08:31:09 GMT, accept=*/*, content-length=70, host=127.0.0.1:34777, user-agent=HTTPClient/1.0 (2.8.3, ruby 2.3.1 (2016-04-26)), content-type=application/json;charset=utf-8}
12-09 08:31:08.609 I/System.out(19043): params: {json={"command":"keyboard_enter_text","arguments":["97123743947239847210"]}
12-09 08:31:08.610 I/System.out(19043): }
12-09 08:31:08.610 I/System.out(19043): ProP json = {"command":"keyboard_enter_text","arguments":["97123743947239847210"]}
12-09 08:31:08.610 I/System.out(19043): files: {}
12-09 08:31:08.610 I/System.out(19043): command: {"command":"keyboard_enter_text","arguments":["97123743947239847210"]}
12-09 08:31:08.611 I/InstrumentationBackend(19043): Got command:'Command:'Line:null,keyboard_enter_text', arguments:'[97123743947239847210]'
12-09 08:31:08.612 E/SpannableStringBuilder(19043): SPAN_EXCLUSIVE_EXCLUSIVE spans cannot have a zero length
12-09 08:31:08.612 E/SpannableStringBuilder(19043): SPAN_EXCLUSIVE_EXCLUSIVE spans cannot have a zero length
12-09 08:31:08.678 W/audio_hw_generic( 1310): Not supplying enough data to HAL, expected position 39410151 , only wrote 39406837
12-09 08:31:08.736 E/SpannableStringBuilder(19043): SPAN_EXCLUSIVE_EXCLUSIVE spans cannot have a zero length
12-09 08:31:08.736 E/SpannableStringBuilder(19043): SPAN_EXCLUSIVE_EXCLUSIVE spans cannot have a zero length
12-09 08:31:08.751 I/System.out(19043): result:{"bonusInformation":[],"message":"","success":true}
12-09 08:31:08.858 I/System.out(19043): URI: //map
12-09 08:31:08.858 I/System.out(19043): params: {json={"query":"android.widget.EditText id:'volume'","operation":{"method_name":"query","arguments":[]}}
12-09 08:31:08.858 I/System.out(19043): }
12-09 08:31:08.916 W/ResourceType(19043): No package identifier when getting name for resource number 0x00000001
12-09 08:31:09.052 I/art     (19043): Background sticky concurrent mark sweep GC freed 54725(2MB) AllocSpace objects, 5(100KB) LOS objects, 36% free, 3MB/4MB, paused 9.101ms total 101.527ms
12-09 08:31:09.140 I/System.out(19043): URI: //gesture
12-09 08:31:09.140 I/System.out(19043): params: {json={"query_timeout":5.0,"gestures":[{"query_string":"android.widget.EditText id:'volume'","touches":[{"x":50,"y":50,"offset_x":0,"offset_y":0,"wait":0.0,"time":0.2,"release":true,"query_string":null}]}]}
12-09 08:31:09.140 I/System.out(19043): }
12-09 08:31:09.155 W/ResourceType(19043): No package identifier when getting name for resource number 0x00000001
12-09 08:31:09.567 I/LatinIME( 1862): Starting input. Cursor position = 0,0
12-09 08:31:09.728 I/art     (19043): Background sticky concurrent mark sweep GC freed 49866(2MB) AllocSpace objects, 2(40KB) LOS objects, 39% free, 2MB/4MB, paused 1.044ms total 118.250ms
12-09 08:31:10.191 I/System.out(19043): URI: //
12-09 08:31:10.191 I/System.out(19043): params: {json={"command":"set_selection","arguments":[-1,-1]}
12-09 08:31:10.191 I/System.out(19043): }
12-09 08:31:10.191 I/System.out(19043): header: {date=Sun, 09 Dec 2018 08:31:11 GMT, accept=*/*, content-length=47, host=127.0.0.1:34777, user-agent=HTTPClient/1.0 (2.8.3, ruby 2.3.1 (2016-04-26)), content-type=application/json;charset=utf-8}
12-09 08:31:10.191 I/System.out(19043): params: {json={"command":"set_selection","arguments":[-1,-1]}
12-09 08:31:10.192 I/System.out(19043): }
12-09 08:31:10.192 I/System.out(19043): ProP json = {"command":"set_selection","arguments":[-1,-1]}
12-09 08:31:10.192 I/System.out(19043): files: {}
12-09 08:31:10.192 I/System.out(19043): command: {"command":"set_selection","arguments":[-1,-1]}
12-09 08:31:10.193 I/InstrumentationBackend(19043): Got command:'Command:'Line:null,set_selection', arguments:'[-1, -1]'
12-09 08:31:10.212 I/System.out(19043): result:{"bonusInformation":[],"message":"","success":true}
12-09 08:31:10.516 I/System.out(19043): URI: //
12-09 08:31:10.516 I/System.out(19043): params: {json={"command":"keyboard_enter_text","arguments":["98123743947721092831"]}
12-09 08:31:10.516 I/System.out(19043): }
12-09 08:31:10.517 I/System.out(19043): header: {date=Sun, 09 Dec 2018 08:31:11 GMT, accept=*/*, content-length=70, host=127.0.0.1:34777, user-agent=HTTPClient/1.0 (2.8.3, ruby 2.3.1 (2016-04-26)), content-type=application/json;charset=utf-8}
12-09 08:31:10.517 I/System.out(19043): params: {json={"command":"keyboard_enter_text","arguments":["98123743947721092831"]}
12-09 08:31:10.517 I/System.out(19043): }
12-09 08:31:10.517 I/System.out(19043): ProP json = {"command":"keyboard_enter_text","arguments":["98123743947721092831"]}
12-09 08:31:10.517 I/System.out(19043): files: {}
12-09 08:31:10.517 I/System.out(19043): command: {"command":"keyboard_enter_text","arguments":["98123743947721092831"]}
12-09 08:31:10.518 I/InstrumentationBackend(19043): Got command:'Command:'Line:null,keyboard_enter_text', arguments:'[98123743947721092831]'
12-09 08:31:10.563 E/SpannableStringBuilder(19043): SPAN_EXCLUSIVE_EXCLUSIVE spans cannot have a zero length
12-09 08:31:10.563 E/SpannableStringBuilder(19043): SPAN_EXCLUSIVE_EXCLUSIVE spans cannot have a zero length
12-09 08:31:10.581 E/SpannableStringBuilder(19043): SPAN_EXCLUSIVE_EXCLUSIVE spans cannot have a zero length
12-09 08:31:10.581 E/SpannableStringBuilder(19043): SPAN_EXCLUSIVE_EXCLUSIVE spans cannot have a zero length
12-09 08:31:10.587 I/System.out(19043): result:{"bonusInformation":[],"message":"","success":true}
12-09 08:31:10.632 I/System.out(19043): URI: //map
12-09 08:31:10.632 I/System.out(19043): params: {json={"query":"android.widget.EditText id:'odometer'","operation":{"method_name":"query","arguments":[]}}
12-09 08:31:10.632 I/System.out(19043): }
12-09 08:31:10.761 W/ResourceType(19043): No package identifier when getting name for resource number 0x00000001
12-09 08:31:10.825 I/System.out(19043): URI: //gesture
12-09 08:31:10.825 I/System.out(19043): params: {json={"query_timeout":5.0,"gestures":[{"query_string":"android.widget.EditText id:'odometer'","touches":[{"x":50,"y":50,"offset_x":0,"offset_y":0,"wait":0.0,"time":0.2,"release":true,"query_string":null}]}]}
12-09 08:31:10.825 I/System.out(19043): }
12-09 08:31:10.869 W/ResourceType(19043): No package identifier when getting name for resource number 0x00000001
12-09 08:31:11.313 I/LatinIME( 1862): Starting input. Cursor position = 0,0
12-09 08:31:11.886 I/System.out(19043): URI: //
12-09 08:31:11.886 I/System.out(19043): params: {json={"command":"set_selection","arguments":[-1,-1]}
12-09 08:31:11.886 I/System.out(19043): }
12-09 08:31:11.886 I/System.out(19043): header: {date=Sun, 09 Dec 2018 08:31:12 GMT, accept=*/*, content-length=47, host=127.0.0.1:34777, user-agent=HTTPClient/1.0 (2.8.3, ruby 2.3.1 (2016-04-26)), content-type=application/json;charset=utf-8}
12-09 08:31:11.886 I/System.out(19043): params: {json={"command":"set_selection","arguments":[-1,-1]}
12-09 08:31:11.886 I/System.out(19043): }
12-09 08:31:11.886 I/System.out(19043): ProP json = {"command":"set_selection","arguments":[-1,-1]}
12-09 08:31:11.886 I/System.out(19043): files: {}
12-09 08:31:11.886 I/System.out(19043): command: {"command":"set_selection","arguments":[-1,-1]}
12-09 08:31:11.896 I/InstrumentationBackend(19043): Got command:'Command:'Line:null,set_selection', arguments:'[-1, -1]'
12-09 08:31:11.928 I/System.out(19043): result:{"bonusInformation":[],"message":"","success":true}
12-09 08:31:12.124 I/System.out(19043): URI: //
12-09 08:31:12.124 I/System.out(19043): params: {json={"command":"keyboard_enter_text","arguments":["98879898284721092831"]}
12-09 08:31:12.124 I/System.out(19043): }
12-09 08:31:12.124 I/System.out(19043): header: {date=Sun, 09 Dec 2018 08:31:13 GMT, accept=*/*, content-length=70, host=127.0.0.1:34777, user-agent=HTTPClient/1.0 (2.8.3, ruby 2.3.1 (2016-04-26)), content-type=application/json;charset=utf-8}
12-09 08:31:12.124 I/System.out(19043): params: {json={"command":"keyboard_enter_text","arguments":["98879898284721092831"]}
12-09 08:31:12.124 I/System.out(19043): }
12-09 08:31:12.124 I/System.out(19043): ProP json = {"command":"keyboard_enter_text","arguments":["98879898284721092831"]}
12-09 08:31:12.124 I/System.out(19043): files: {}
12-09 08:31:12.124 I/System.out(19043): command: {"command":"keyboard_enter_text","arguments":["98879898284721092831"]}
12-09 08:31:12.125 I/InstrumentationBackend(19043): Got command:'Command:'Line:null,keyboard_enter_text', arguments:'[98879898284721092831]'
12-09 08:31:12.126 E/SpannableStringBuilder(19043): SPAN_EXCLUSIVE_EXCLUSIVE spans cannot have a zero length
12-09 08:31:12.126 E/SpannableStringBuilder(19043): SPAN_EXCLUSIVE_EXCLUSIVE spans cannot have a zero length
12-09 08:31:12.143 E/SpannableStringBuilder(19043): SPAN_EXCLUSIVE_EXCLUSIVE spans cannot have a zero length
12-09 08:31:12.143 E/SpannableStringBuilder(19043): SPAN_EXCLUSIVE_EXCLUSIVE spans cannot have a zero length
12-09 08:31:12.148 I/System.out(19043): result:{"bonusInformation":[],"message":"","success":true}
12-09 08:31:13.292 I/System.out(19043): URI: //map
12-09 08:31:13.292 I/System.out(19043): params: {json={"query":"android.widget.Button index:2","operation":{"method_name":"query","arguments":[]}}
12-09 08:31:13.292 I/System.out(19043): }
12-09 08:31:13.483 I/art     (19043): Background sticky concurrent mark sweep GC freed 61873(2MB) AllocSpace objects, 6(120KB) LOS objects, 33% free, 3MB/4MB, paused 981us total 131.199ms
12-09 08:31:13.520 I/System.out(19043): URI: //gesture
12-09 08:31:13.520 I/System.out(19043): params: {json={"query_timeout":5.0,"gestures":[{"query_string":"android.widget.Button index:2","touches":[{"x":50,"y":50,"offset_x":0,"offset_y":0,"wait":0.0,"time":0.2,"release":true,"query_string":null}]}]}
12-09 08:31:13.520 I/System.out(19043): }
12-09 08:31:13.890 W/audio_hw_generic( 1310): Hardware backing HAL too slow, could only write 0 of 661 frames
12-09 08:31:13.914 W/audio_hw_generic( 1310): Hardware backing HAL too slow, could only write 0 of 661 frames
12-09 08:31:13.914 W/audio_hw_generic( 1310): Hardware backing HAL too slow, could only write 0 of 661 frames
12-09 08:31:13.940 I/art     (19043): Background sticky concurrent mark sweep GC freed 38008(1599KB) AllocSpace objects, 1(20KB) LOS objects, 15% free, 4MB/4MB, paused 3.916ms total 112.624ms
12-09 08:31:14.272 W/audio_hw_generic( 1310): Not supplying enough data to HAL, expected position 39425967 , only wrote 39424023
12-09 08:31:14.288 W/audio_hw_generic( 1310): Not supplying enough data to HAL, expected position 39424699 , only wrote 39424023
12-09 08:31:14.303 I/LatinIME( 1862): Starting input. Cursor position = -1,-1
12-09 08:31:14.370 E/SurfaceFlinger( 1223): ro.sf.lcd_density must be defined as a build property
12-09 08:31:14.412 D/Mileage.ABS(19043): Finished backup
12-09 08:31:14.417 D/Mileage.ABS(19043): Not backing up; 43
12-09 08:31:14.418 D/Mileage.ABS(19043): Not backing up; 44
12-09 08:31:14.418 D/Mileage.ABS(19043): Not backing up; 44
12-09 08:31:14.419 D/gralloc_ranchu( 1223): gralloc_alloc: Creating ashmem region of size 3686400
12-09 08:31:14.489 D/        (19132): HostConnection::get() New Host Connection established 0x7fd3dd412480, tid 19132
12-09 08:31:14.531 E/EGL_emulation( 1223): tid 1223: eglCreateSyncKHR(1881): error 0x3004 (EGL_BAD_ATTRIBUTE)
12-09 08:31:14.588 W/audio_hw_generic( 1310): Not supplying enough data to HAL, expected position 39437275 , only wrote 39436582
12-09 08:31:14.588 W/audio_hw_generic( 1310): Not supplying enough data to HAL, expected position 39436588 , only wrote 39436582
12-09 08:31:14.651 W/audio_hw_generic( 1310): Hardware backing HAL too slow, could only write 0 of 661 frames
12-09 08:31:14.894 W/audio_hw_generic( 1310): Hardware backing HAL too slow, could only write 0 of 661 frames
12-09 08:31:14.894 W/audio_hw_generic( 1310): Hardware backing HAL too slow, could only write 0 of 661 frames
12-09 08:31:14.910 W/audio_hw_generic( 1310): Hardware backing HAL too slow, could only write 0 of 661 frames
12-09 08:31:14.925 W/audio_hw_generic( 1310): Hardware backing HAL too slow, could only write 0 of 661 frames
12-09 08:31:14.925 W/RichInputConnection( 1862): Slow InputConnection: GET_TEXT_BEFORE_CURSOR took 392 ms.
12-09 08:31:14.956 W/audio_hw_generic( 1310): Hardware backing HAL too slow, could only write 0 of 661 frames
12-09 08:31:15.120 I/InputAttributes( 1862): InputType.TYPE_NULL is specified
12-09 08:31:15.204 W/audio_hw_generic( 1310): Hardware backing HAL too slow, could only write 0 of 661 frames
12-09 08:31:15.204 W/audio_hw_generic( 1310): Not supplying enough data to HAL, expected position 39463738 , only wrote 39463683
12-09 08:31:15.204 W/audio_hw_generic( 1310): Not supplying enough data to HAL, expected position 39463688 , only wrote 39463683
12-09 08:31:15.204 W/audio_hw_generic( 1310): Hardware backing HAL too slow, could only write 0 of 661 frames
12-09 08:31:15.219 W/audio_hw_generic( 1310): Not supplying enough data to HAL, expected position 39464346 , only wrote 39464344
12-09 08:31:15.220 W/audio_hw_generic( 1310): Hardware backing HAL too slow, could only write 0 of 661 frames
12-09 08:31:15.273 W/audio_hw_generic( 1310): Not supplying enough data to HAL, expected position 39466696 , only wrote 39465666
12-09 08:31:15.273 W/audio_hw_generic( 1310): Hardware backing HAL too slow, could only write 0 of 661 frames
12-09 08:31:15.273 W/audio_hw_generic( 1310): Hardware backing HAL too slow, could only write 0 of 661 frames
12-09 08:31:15.295 W/audio_hw_generic( 1310): Hardware backing HAL too slow, could only write 0 of 661 frames
12-09 08:31:15.311 W/audio_hw_generic( 1310): Hardware backing HAL too slow, could only write 0 of 661 frames
12-09 08:31:15.321 I/Choreographer( 1862): Skipped 68 frames!  The application may be doing too much work on its main thread.
12-09 08:31:15.328 D/EGL_emulation( 1862): eglMakeCurrent: 0x7f2639a25d80: ver 2 0 (tinfo 0x7f262e26a640)
12-09 08:31:15.372 W/audio_hw_generic( 1310): Not supplying enough data to HAL, expected position 39470037 , only wrote 39469632
12-09 08:31:15.372 W/audio_hw_generic( 1310): Not supplying enough data to HAL, expected position 39469638 , only wrote 39469632
12-09 08:31:15.388 W/audio_hw_generic( 1310): Not supplying enough data to HAL, expected position 39470337 , only wrote 39470293
12-09 08:31:15.412 E/Surface ( 1862): getSlotFromBufferLocked: unknown buffer: 0x7f262e2750a0
12-09 08:31:15.490 W/audio_hw_generic( 1310): Not supplying enough data to HAL, expected position 39474767 , only wrote 39474259
12-09 08:31:15.490 W/audio_hw_generic( 1310): Not supplying enough data to HAL, expected position 39474265 , only wrote 39474259
12-09 08:31:15.539 I/System.out(19043): URI: //map
12-09 08:31:15.539 I/System.out(19043): params: {json={"query":"android.widget.ListView index:0 android.widget.TextView index:0","operation":{"method_name":"query","arguments":[]}}
12-09 08:31:15.539 I/System.out(19043): }
12-09 08:31:15.656 W/audio_hw_generic( 1310): Not supplying enough data to HAL, expected position 39481590 , only wrote 39481530
12-09 08:31:15.690 W/audio_hw_generic( 1310): Not supplying enough data to HAL, expected position 39483036 , only wrote 39482852
12-09 08:31:15.801 I/art     (19043): Background partial concurrent mark sweep GC freed 34631(2MB) AllocSpace objects, 13(260KB) LOS objects, 39% free, 2MB/4MB, paused 9.113ms total 239.344ms
12-09 08:31:15.948 W/audio_hw_generic( 1310): Hardware backing HAL too slow, could only write 0 of 661 frames
12-09 08:31:15.971 W/audio_hw_generic( 1310): Hardware backing HAL too slow, could only write 0 of 661 frames
12-09 08:31:15.980 W/audio_hw_generic( 1310): Hardware backing HAL too slow, could only write 0 of 661 frames
12-09 08:31:15.995 W/audio_hw_generic( 1310): Hardware backing HAL too slow, could only write 0 of 661 frames
12-09 08:31:16.008 W/audio_hw_generic( 1310): Hardware backing HAL too slow, could only write 0 of 661 frames
12-09 08:31:16.098 W/audio_hw_generic( 1310): Hardware backing HAL too slow, could only write 0 of 661 frames
12-09 08:31:16.115 W/audio_hw_generic( 1310): Hardware backing HAL too slow, could only write 0 of 661 frames
12-09 08:31:16.128 W/audio_hw_generic( 1310): Hardware backing HAL too slow, could only write 0 of 661 frames
12-09 08:31:16.143 W/audio_hw_generic( 1310): Hardware backing HAL too slow, could only write 0 of 661 frames
12-09 08:31:16.279 W/audio_hw_generic( 1310): Hardware backing HAL too slow, could only write 0 of 661 frames
12-09 08:31:16.311 W/audio_hw_generic( 1310): Hardware backing HAL too slow, could only write 0 of 661 frames
12-09 08:31:16.332 W/audio_hw_generic( 1310): Hardware backing HAL too slow, could only write 0 of 661 frames
12-09 08:31:16.348 W/audio_hw_generic( 1310): Hardware backing HAL too slow, could only write 0 of 661 frames
12-09 08:31:16.363 W/audio_hw_generic( 1310): Hardware backing HAL too slow, could only write 0 of 661 frames
12-09 08:31:16.378 W/audio_hw_generic( 1310): Hardware backing HAL too slow, could only write 0 of 661 frames
12-09 08:31:16.533 I/System.out(19043): URI: //gesture
12-09 08:31:16.533 I/System.out(19043): params: {json={"query_timeout":5.0,"gestures":[{"query_string":"android.widget.ListView index:0 android.widget.TextView index:0","touches":[{"x":50,"y":50,"offset_x":0,"offset_y":0,"wait":0.0,"time":0.2,"release":true,"query_string":null}]}]}
12-09 08:31:16.533 I/System.out(19043): }
12-09 08:31:16.620 W/audio_hw_generic( 1310): Not supplying enough data to HAL, expected position 39523853 , only wrote 39523834
12-09 08:31:16.620 W/audio_hw_generic( 1310): Not supplying enough data to HAL, expected position 39523840 , only wrote 39523834
12-09 08:31:16.640 W/audio_hw_generic( 1310): Not supplying enough data to HAL, expected position 39524723 , only wrote 39524495
12-09 08:31:16.640 W/audio_hw_generic( 1310): Hardware backing HAL too slow, could only write 0 of 661 frames
12-09 08:31:16.816 W/audio_hw_generic( 1310): Not supplying enough data to HAL, expected position 39532249 , only wrote 39531766
12-09 08:31:16.848 W/audio_hw_generic( 1310): Not supplying enough data to HAL, expected position 39533173 , only wrote 39533088
12-09 08:31:16.956 W/audio_hw_generic( 1310): Not supplying enough data to HAL, expected position 39542270 , only wrote 39537715
12-09 08:31:17.419 W/audio_hw_generic( 1310): Hardware backing HAL too slow, could only write 0 of 661 frames
12-09 08:31:17.431 W/audio_hw_generic( 1310): Hardware backing HAL too slow, could only write 0 of 661 frames
12-09 08:31:17.452 W/audio_hw_generic( 1310): Hardware backing HAL too slow, could only write 0 of 661 frames
12-09 08:31:17.453 D/AudioFlinger( 1310): mixer(0xf4380000) throttle end: throttle time(22)
12-09 08:31:17.464 W/audio_hw_generic( 1310): Hardware backing HAL too slow, could only write 0 of 661 frames
12-09 08:31:17.478 W/audio_hw_generic( 1310): Hardware backing HAL too slow, could only write 0 of 661 frames
12-09 08:31:17.481 I/ActivityManager( 1595): START u0 {cmp=com.evancharlton.mileage/.FillupInfoActivity (has extras)} from uid 10141 on display 0
12-09 08:31:17.495 W/audio_hw_generic( 1310): Hardware backing HAL too slow, could only write 0 of 661 frames
12-09 08:31:17.531 W/audio_hw_generic( 1310): Hardware backing HAL too slow, could only write 0 of 661 frames
12-09 08:31:17.532 W/audio_hw_generic( 1310): Hardware backing HAL too slow, could only write 0 of 661 frames
12-09 08:31:17.557 W/audio_hw_generic( 1310): Hardware backing HAL too slow, could only write 0 of 661 frames
12-09 08:31:17.576 W/audio_hw_generic( 1310): Hardware backing HAL too slow, could only write 0 of 661 frames
12-09 08:31:17.587 W/audio_hw_generic( 1310): Hardware backing HAL too slow, could only write 0 of 661 frames
12-09 08:31:17.664 I/calabash(19043): newActivity1
12-09 08:31:17.730 W/art     (19043): Suspending all threads took: 7.618ms
12-09 08:31:17.765 I/art     (19043): Background sticky concurrent mark sweep GC freed 35972(1755KB) AllocSpace objects, 1(20KB) LOS objects, 24% free, 3MB/4MB, paused 8.736ms total 107.148ms
12-09 08:31:17.793 E/SurfaceFlinger( 1223): ro.sf.lcd_density must be defined as a build property
12-09 08:31:17.914 D/gralloc_ranchu( 1223): gralloc_alloc: Creating ashmem region of size 3686400
12-09 08:31:17.942 D/        (19139): HostConnection::get() New Host Connection established 0x7f02cb152480, tid 19139
12-09 08:31:17.962 E/EGL_emulation( 1223): tid 1223: eglCreateSyncKHR(1881): error 0x3004 (EGL_BAD_ATTRIBUTE)
12-09 08:31:18.002 V/PhoneStatusBar( 1688): setLightsOn(true)
12-09 08:31:18.052 W/audio_hw_generic( 1310): Not supplying enough data to HAL, expected position 39567700 , only wrote 39567460
12-09 08:31:18.052 W/audio_hw_generic( 1310): Not supplying enough data to HAL, expected position 39567466 , only wrote 39567460
12-09 08:31:18.084 W/audio_hw_generic( 1310): Hardware backing HAL too slow, could only write 0 of 661 frames
12-09 08:31:18.086 D/gralloc_ranchu( 1223): gralloc_alloc: Creating ashmem region of size 3686400
12-09 08:31:18.099 W/audio_hw_generic( 1310): Hardware backing HAL too slow, could only write 0 of 661 frames
12-09 08:31:18.136 W/audio_hw_generic( 1310): Hardware backing HAL too slow, could only write 0 of 661 frames
12-09 08:31:18.364 W/audio_hw_generic( 1310): Hardware backing HAL too slow, could only write 0 of 661 frames
12-09 08:31:18.451 W/audio_hw_generic( 1310): Not supplying enough data to HAL, expected position 39585078 , only wrote 39583985
12-09 08:31:18.723 W/audio_hw_generic( 1310): Not supplying enough data to HAL, expected position 39595967 , only wrote 39595883
12-09 08:31:18.723 W/audio_hw_generic( 1310): Not supplying enough data to HAL, expected position 39595889 , only wrote 39595883
12-09 08:31:18.747 W/audio_hw_generic( 1310): Not supplying enough data to HAL, expected position 39596934 , only wrote 39596544
12-09 08:31:18.852 W/audio_hw_generic( 1310): Not supplying enough data to HAL, expected position 39601177 , only wrote 39601171
12-09 08:31:18.924 I/System.out(19043): URI: //map
12-09 08:31:18.924 I/System.out(19043): params: {json={"query":"android.widget.Button index:1","operation":{"method_name":"query","arguments":[]}}
12-09 08:31:18.924 I/System.out(19043): }
12-09 08:31:19.004 W/art     ( 1595): Long monitor contention event with owner method=void com.android.server.wm.WindowAnimator$1.doFrame(long) from WindowAnimator.java:121 waiters=1 for 304ms
12-09 08:31:19.050 W/audio_hw_generic( 1310): Not supplying enough data to HAL, expected position 39609893 , only wrote 39607781
12-09 08:31:19.050 W/audio_hw_generic( 1310): Not supplying enough data to HAL, expected position 39607787 , only wrote 39607781
12-09 08:31:19.070 W/audio_hw_generic( 1310): Not supplying enough data to HAL, expected position 39608667 , only wrote 39608442
12-09 08:31:19.070 W/audio_hw_generic( 1310): Not supplying enough data to HAL, expected position 39608448 , only wrote 39608442
12-09 08:31:19.116 W/audio_hw_generic( 1310): Not supplying enough data to HAL, expected position 39610476 , only wrote 39609103
12-09 08:31:19.119 I/art     (19043): Background sticky concurrent mark sweep GC freed 23064(1124KB) AllocSpace objects, 1(20KB) LOS objects, 27% free, 3MB/4MB, paused 93.415ms total 129.832ms
12-09 08:31:19.122 D/gralloc_ranchu( 1223): gralloc_alloc: Creating ashmem region of size 3686400
12-09 08:31:19.192 W/audio_hw_generic( 1310): Not supplying enough data to HAL, expected position 39612460 , only wrote 39611747
12-09 08:31:19.193 W/audio_hw_generic( 1310): Not supplying enough data to HAL, expected position 39611753 , only wrote 39611747
12-09 08:31:19.308 I/ActivityManager( 1595): Displayed com.evancharlton.mileage/.FillupInfoActivity: +1s688ms
12-09 08:31:19.343 W/audio_hw_generic( 1310): Hardware backing HAL too slow, could only write 0 of 661 frames
12-09 08:31:19.343 W/audio_hw_generic( 1310): Not supplying enough data to HAL, expected position 39618402 , only wrote 39618357
12-09 08:31:19.344 W/audio_hw_generic( 1310): Not supplying enough data to HAL, expected position 39618362 , only wrote 39618357
12-09 08:31:19.363 W/audio_hw_generic( 1310): Not supplying enough data to HAL, expected position 39619225 , only wrote 39619018
12-09 08:31:19.363 W/audio_hw_generic( 1310): Hardware backing HAL too slow, could only write 0 of 661 frames
12-09 08:31:19.364 W/audio_hw_generic( 1310): Hardware backing HAL too slow, could only write 0 of 661 frames
12-09 08:31:19.394 W/audio_hw_generic( 1310): Hardware backing HAL too slow, could only write 0 of 661 frames
12-09 08:31:19.508 W/audio_hw_generic( 1310): Not supplying enough data to HAL, expected position 39625376 , only wrote 39622323
12-09 08:31:19.508 W/audio_hw_generic( 1310): Not supplying enough data to HAL, expected position 39622329 , only wrote 39622323
12-09 08:31:19.527 W/audio_hw_generic( 1310): Not supplying enough data to HAL, expected position 39623171 , only wrote 39622984
12-09 08:31:19.740 W/audio_hw_generic( 1310): Not supplying enough data to HAL, expected position 39632381 , only wrote 39632238
12-09 08:31:19.740 W/audio_hw_generic( 1310): Not supplying enough data to HAL, expected position 39632244 , only wrote 39632238
12-09 08:31:19.742 W/art     ( 1595): Long monitor contention event with owner method=void com.android.server.wm.WindowAnimator$1.doFrame(long) from WindowAnimator.java:121 waiters=0 for 211ms
12-09 08:31:19.768 W/audio_hw_generic( 1310): Not supplying enough data to HAL, expected position 39633470 , only wrote 39632899
12-09 08:31:20.024 I/System.out(19043): URI: //gesture
12-09 08:31:20.024 I/System.out(19043): params: {json={"query_timeout":5.0,"gestures":[{"query_string":"android.widget.Button index:1","touches":[{"x":50,"y":50,"offset_x":0,"offset_y":0,"wait":0.0,"time":0.2,"release":true,"query_string":null}]}]}
12-09 08:31:20.024 I/System.out(19043): }
12-09 08:31:20.047 I/art     (19043): Background partial concurrent mark sweep GC freed 34623(1779KB) AllocSpace objects, 3(64KB) LOS objects, 39% free, 3MB/5MB, paused 1.309ms total 141.584ms
12-09 08:31:20.121 D/gralloc_ranchu( 1223): gralloc_alloc: Creating ashmem region of size 3686400
12-09 08:31:20.295 W/audio_hw_generic( 1310): Not supplying enough data to HAL, expected position 39656152 , only wrote 39656034
12-09 08:31:20.315 W/audio_hw_generic( 1310): Hardware backing HAL too slow, could only write 0 of 661 frames
12-09 08:31:20.332 W/audio_hw_generic( 1310): Hardware backing HAL too slow, could only write 0 of 661 frames
12-09 08:31:20.377 W/audio_hw_generic( 1310): Hardware backing HAL too slow, could only write 0 of 661 frames
12-09 08:31:20.405 W/audio_hw_generic( 1310): Not supplying enough data to HAL, expected position 39660871 , only wrote 39660661
12-09 08:31:20.514 W/audio_hw_generic( 1310): Not supplying enough data to HAL, expected position 39669448 , only wrote 39665288
12-09 08:31:20.718 I/ActivityManager( 1595): START u0 {cmp=com.evancharlton.mileage/.FillupInfoActivity (has extras)} from uid 10141 on display 0
12-09 08:31:20.798 W/audio_hw_generic( 1310): Hardware backing HAL too slow, could only write 0 of 661 frames
12-09 08:31:20.798 W/audio_hw_generic( 1310): Hardware backing HAL too slow, could only write 0 of 661 frames
12-09 08:31:20.798 W/audio_hw_generic( 1310): Hardware backing HAL too slow, could only write 0 of 661 frames
12-09 08:31:20.818 W/audio_hw_generic( 1310): Hardware backing HAL too slow, could only write 0 of 661 frames
12-09 08:31:20.847 W/audio_hw_generic( 1310): Hardware backing HAL too slow, could only write 0 of 661 frames
12-09 08:31:20.856 D/AudioFlinger( 1310): mixer(0xf4380000) throttle end: throttle time(22)
12-09 08:31:20.874 W/audio_hw_generic( 1310): Hardware backing HAL too slow, could only write 0 of 661 frames
12-09 08:31:20.874 W/audio_hw_generic( 1310): Hardware backing HAL too slow, could only write 0 of 661 frames
12-09 08:31:20.897 W/audio_hw_generic( 1310): Hardware backing HAL too slow, could only write 0 of 661 frames
12-09 08:31:20.907 I/calabash(19043): newActivity1
12-09 08:31:20.915 W/audio_hw_generic( 1310): Hardware backing HAL too slow, could only write 0 of 661 frames
12-09 08:31:21.108 I/art     (19043): Background sticky concurrent mark sweep GC freed 47582(2MB) AllocSpace objects, 3(60KB) LOS objects, 44% free, 3MB/5MB, paused 10.164ms total 105.314ms
12-09 08:31:21.150 W/audio_hw_generic( 1310): Not supplying enough data to HAL, expected position 39680831 , only wrote 39680491
12-09 08:31:21.150 W/audio_hw_generic( 1310): Not supplying enough data to HAL, expected position 39680498 , only wrote 39680491
12-09 08:31:21.186 W/audio_hw_generic( 1310): Not supplying enough data to HAL, expected position 39682046 , only wrote 39681152
12-09 08:31:21.224 V/PhoneStatusBar( 1688): setLightsOn(true)
12-09 08:31:21.315 D/gralloc_ranchu( 1223): gralloc_alloc: Creating ashmem region of size 3686400
12-09 08:31:21.325 E/SurfaceFlinger( 1223): ro.sf.lcd_density must be defined as a build property
12-09 08:31:21.398 D/gralloc_ranchu( 1223): gralloc_alloc: Creating ashmem region of size 3686400
12-09 08:31:21.451 D/        (19145): HostConnection::get() New Host Connection established 0x7f0196252480, tid 19145
12-09 08:31:21.510 E/EGL_emulation( 1223): tid 1223: eglCreateSyncKHR(1881): error 0x3004 (EGL_BAD_ATTRIBUTE)
12-09 08:31:21.629 W/audio_hw_generic( 1310): Not supplying enough data to HAL, expected position 39700702 , only wrote 39700321
12-09 08:31:21.629 W/audio_hw_generic( 1310): Not supplying enough data to HAL, expected position 39700327 , only wrote 39700321
12-09 08:31:21.688 W/audio_hw_generic( 1310): Hardware backing HAL too slow, could only write 0 of 661 frames
12-09 08:31:21.720 W/audio_hw_generic( 1310): Not supplying enough data to HAL, expected position 39704313 , only wrote 39704287
12-09 08:31:21.720 W/audio_hw_generic( 1310): Not supplying enough data to HAL, expected position 39704295 , only wrote 39704287
12-09 08:31:21.720 W/audio_hw_generic( 1310): Hardware backing HAL too slow, could only write 0 of 661 frames
12-09 08:31:21.734 W/audio_hw_generic( 1310): Hardware backing HAL too slow, could only write 0 of 661 frames
12-09 08:31:21.734 W/audio_hw_generic( 1310): Hardware backing HAL too slow, could only write 0 of 661 frames
12-09 08:31:21.755 W/audio_hw_generic( 1310): Hardware backing HAL too slow, could only write 0 of 661 frames
12-09 08:31:21.775 W/audio_hw_generic( 1310): Hardware backing HAL too slow, could only write 0 of 661 frames
12-09 08:31:21.824 W/art     ( 1595): Long monitor contention event with owner method=void com.android.server.wm.WindowAnimator$1.doFrame(long) from WindowAnimator.java:121 waiters=0 for 138ms
12-09 08:31:22.006 W/art     ( 1595): Long monitor contention event with owner method=void com.android.server.wm.WindowAnimator$1.doFrame(long) from WindowAnimator.java:121 waiters=1 for 137ms
12-09 08:31:22.073 W/audio_hw_generic( 1310): Not supplying enough data to HAL, expected position 39719867 , only wrote 39719490
12-09 08:31:22.073 W/audio_hw_generic( 1310): Not supplying enough data to HAL, expected position 39719498 , only wrote 39719490
12-09 08:31:22.089 W/audio_hw_generic( 1310): Not supplying enough data to HAL, expected position 39720179 , only wrote 39720151
12-09 08:31:22.127 W/audio_hw_generic( 1310): Hardware backing HAL too slow, could only write 0 of 661 frames
12-09 08:31:22.147 W/audio_hw_generic( 1310): Hardware backing HAL too slow, could only write 0 of 661 frames
12-09 08:31:22.156 W/audio_hw_generic( 1310): Hardware backing HAL too slow, could only write 0 of 661 frames
12-09 08:31:22.172 W/audio_hw_generic( 1310): Hardware backing HAL too slow, could only write 0 of 661 frames
12-09 08:31:22.412 W/audio_hw_generic( 1310): Not supplying enough data to HAL, expected position 39734390 , only wrote 39734032
12-09 08:31:22.489 W/audio_hw_generic( 1310): Not supplying enough data to HAL, expected position 39737429 , only wrote 39734032
12-09 08:31:22.517 W/art     ( 1595): Long monitor contention event with owner method=void com.android.server.wm.WindowAnimator$1.doFrame(long) from WindowAnimator.java:121 waiters=1 for 291ms
12-09 08:31:22.532 W/audio_hw_generic( 1310): Hardware backing HAL too slow, could only write 0 of 661 frames
12-09 08:31:22.563 W/audio_hw_generic( 1310): Hardware backing HAL too slow, could only write 0 of 661 frames
12-09 08:31:22.563 W/audio_hw_generic( 1310): Hardware backing HAL too slow, could only write 0 of 661 frames
12-09 08:31:22.632 W/art     ( 1595): Long monitor contention event with owner method=void com.android.server.wm.WindowAnimator$1.doFrame(long) from WindowAnimator.java:121 waiters=1 for 254ms
12-09 08:31:22.632 W/art     ( 1595): Long monitor contention event with owner method=java.util.List com.android.server.am.ActivityManagerService.getAllStackInfos() from ActivityManagerService.java:8937 waiters=0 for 361ms
12-09 08:31:22.645 I/System.out(19043): URI: //map
12-09 08:31:22.645 I/System.out(19043): params: {json={"query":"android.widget.Button index:0","operation":{"method_name":"query","arguments":[]}}
12-09 08:31:22.646 I/System.out(19043): }
12-09 08:31:22.652 D/gralloc_ranchu( 1223): gralloc_alloc: Creating ashmem region of size 3686400
12-09 08:31:22.799 W/audio_hw_generic( 1310): Hardware backing HAL too slow, could only write 0 of 661 frames
12-09 08:31:22.820 W/audio_hw_generic( 1310): Hardware backing HAL too slow, could only write 0 of 661 frames
12-09 08:31:22.820 W/audio_hw_generic( 1310): Not supplying enough data to HAL, expected position 39748656 , only wrote 39748574
12-09 08:31:22.821 W/audio_hw_generic( 1310): Not supplying enough data to HAL, expected position 39748579 , only wrote 39748574
12-09 08:31:22.821 W/audio_hw_generic( 1310): Hardware backing HAL too slow, could only write 0 of 661 frames
12-09 08:31:22.843 W/audio_hw_generic( 1310): Hardware backing HAL too slow, could only write 0 of 661 frames
12-09 08:31:22.858 W/audio_hw_generic( 1310): Hardware backing HAL too slow, could only write 0 of 661 frames
12-09 08:31:22.870 I/ActivityManager( 1595): Displayed com.evancharlton.mileage/.FillupInfoActivity: +2s108ms
12-09 08:31:22.874 W/audio_hw_generic( 1310): Hardware backing HAL too slow, could only write 0 of 661 frames
12-09 08:31:23.232 W/audio_hw_generic( 1310): Not supplying enough data to HAL, expected position 39766709 , only wrote 39766421
12-09 08:31:23.232 W/audio_hw_generic( 1310): Not supplying enough data to HAL, expected position 39766427 , only wrote 39766421
12-09 08:31:23.247 W/audio_hw_generic( 1310): Not supplying enough data to HAL, expected position 39767089 , only wrote 39767082
12-09 08:31:23.305 I/Choreographer(19043): Skipped 34 frames!  The application may be doing too much work on its main thread.
12-09 08:31:23.382 W/audio_hw_generic( 1310): Not supplying enough data to HAL, expected position 39773046 , only wrote 39772370
12-09 08:31:23.383 W/audio_hw_generic( 1310): Not supplying enough data to HAL, expected position 39772376 , only wrote 39772370
12-09 08:31:23.402 W/audio_hw_generic( 1310): Not supplying enough data to HAL, expected position 39773228 , only wrote 39773031
12-09 08:31:23.470 W/audio_hw_generic( 1310): Hardware backing HAL too slow, could only write 0 of 661 frames
12-09 08:31:23.496 D/gralloc_ranchu( 1223): gralloc_alloc: Creating ashmem region of size 3686400
12-09 08:31:23.601 I/System.out(19043): URI: //gesture
12-09 08:31:23.608 I/System.out(19043): params: {json={"query_timeout":5.0,"gestures":[{"query_string":"android.widget.Button index:0","touches":[{"x":50,"y":50,"offset_x":0,"offset_y":0,"wait":0.0,"time":0.2,"release":true,"query_string":null}]}]}
12-09 08:31:23.608 I/System.out(19043): }
12-09 08:31:23.636 W/audio_hw_generic( 1310): Not supplying enough data to HAL, expected position 39783341 , only wrote 39782946
12-09 08:31:23.636 W/audio_hw_generic( 1310): Not supplying enough data to HAL, expected position 39782952 , only wrote 39782946
12-09 08:31:23.709 I/art     (19043): Background sticky concurrent mark sweep GC freed 58645(2MB) AllocSpace objects, 4(80KB) LOS objects, 42% free, 3MB/5MB, paused 2.372ms total 105.800ms
12-09 08:31:23.852 W/audio_hw_generic( 1310): Hardware backing HAL too slow, could only write 0 of 661 frames
12-09 08:31:23.952 W/audio_hw_generic( 1310): Not supplying enough data to HAL, expected position 39796901 , only wrote 39794183
12-09 08:31:23.954 W/audio_hw_generic( 1310): Not supplying enough data to HAL, expected position 39794250 , only wrote 39794183
12-09 08:31:24.000 I/ActivityManager( 1595): START u0 {cmp=com.evancharlton.mileage/.FillupInfoActivity (has extras)} from uid 10141 on display 0
12-09 08:31:24.055 D/AudioFlinger( 1310): mixer(0xf4380000) throttle end: throttle time(11)
12-09 08:31:24.087 W/audio_hw_generic( 1310): Not supplying enough data to HAL, expected position 39796985 , only wrote 39796827
12-09 08:31:24.087 W/audio_hw_generic( 1310): Not supplying enough data to HAL, expected position 39796835 , only wrote 39796827
12-09 08:31:24.087 W/audio_hw_generic( 1310): Hardware backing HAL too slow, could only write 0 of 661 frames
12-09 08:31:24.087 W/audio_hw_generic( 1310): Hardware backing HAL too slow, could only write 0 of 661 frames
12-09 08:31:24.107 W/audio_hw_generic( 1310): Hardware backing HAL too slow, could only write 0 of 661 frames
12-09 08:31:24.119 W/audio_hw_generic( 1310): Hardware backing HAL too slow, could only write 0 of 661 frames
12-09 08:31:24.133 W/audio_hw_generic( 1310): Hardware backing HAL too slow, could only write 0 of 661 frames
12-09 08:31:24.226 I/calabash(19043): newActivity1
12-09 08:31:24.357 W/audio_hw_generic( 1310): Not supplying enough data to HAL, expected position 39808742 , only wrote 39808725
12-09 08:31:24.357 W/audio_hw_generic( 1310): Not supplying enough data to HAL, expected position 39808732 , only wrote 39808725
12-09 08:31:24.376 W/audio_hw_generic( 1310): Not supplying enough data to HAL, expected position 39809543 , only wrote 39809386
12-09 08:31:24.376 W/audio_hw_generic( 1310): Hardware backing HAL too slow, could only write 0 of 661 frames
12-09 08:31:24.392 W/audio_hw_generic( 1310): Hardware backing HAL too slow, could only write 0 of 661 frames
12-09 08:31:24.415 W/audio_hw_generic( 1310): Hardware backing HAL too slow, could only write 0 of 661 frames
12-09 08:31:24.423 W/audio_hw_generic( 1310): Hardware backing HAL too slow, could only write 0 of 661 frames
12-09 08:31:24.443 W/audio_hw_generic( 1310): Hardware backing HAL too slow, could only write 0 of 661 frames
12-09 08:31:24.451 V/PhoneStatusBar( 1688): setLightsOn(true)
12-09 08:31:24.459 W/audio_hw_generic( 1310): Hardware backing HAL too slow, could only write 0 of 661 frames
12-09 08:31:24.471 W/audio_hw_generic( 1310): Hardware backing HAL too slow, could only write 0 of 661 frames
12-09 08:31:24.498 W/audio_hw_generic( 1310): Hardware backing HAL too slow, could only write 0 of 661 frames
12-09 08:31:24.514 W/audio_hw_generic( 1310): Hardware backing HAL too slow, could only write 0 of 661 frames
12-09 08:31:24.527 W/audio_hw_generic( 1310): Hardware backing HAL too slow, could only write 0 of 661 frames
12-09 08:31:24.536 W/art     ( 1595): Long monitor contention event with owner method=int com.android.server.wm.WindowManagerService.relayoutWindow(com.android.server.wm.Session, android.view.IWindow, int, android.view.WindowManager$LayoutParams, int, int, int, int, android.graphics.Rect, android.graphics.Rect, android.graphics.Rect, android.graphics.Rect, android.graphics.Rect, android.graphics.Rect, android.content.res.Configuration, android.view.Surface) from WindowManagerService.java:3103 waiters=0 for 238ms
12-09 08:31:24.539 D/gralloc_ranchu( 1223): gralloc_alloc: Creating ashmem region of size 3686400
12-09 08:31:24.550 W/audio_hw_generic( 1310): Hardware backing HAL too slow, could only write 0 of 661 frames
12-09 08:31:24.597 E/SurfaceFlinger( 1223): ro.sf.lcd_density must be defined as a build property
12-09 08:31:24.601 D/gralloc_ranchu( 1223): gralloc_alloc: Creating ashmem region of size 3686400
12-09 08:31:24.680 W/audio_hw_generic( 1310): Not supplying enough data to HAL, expected position 39822774 , only wrote 39821284
12-09 08:31:24.680 W/audio_hw_generic( 1310): Not supplying enough data to HAL, expected position 39821290 , only wrote 39821284
12-09 08:31:24.720 W/audio_hw_generic( 1310): Not supplying enough data to HAL, expected position 39823062 , only wrote 39821945
12-09 08:31:24.739 W/audio_hw_generic( 1310): Not supplying enough data to HAL, expected position 39822799 , only wrote 39822606
12-09 08:31:24.740 W/audio_hw_generic( 1310): Not supplying enough data to HAL, expected position 39822612 , only wrote 39822606
12-09 08:31:24.761 D/        (19152): HostConnection::get() New Host Connection established 0x7fb652992480, tid 19152
12-09 08:31:24.787 W/audio_hw_generic( 1310): Hardware backing HAL too slow, could only write 0 of 661 frames
12-09 08:31:24.797 E/EGL_emulation( 1223): tid 1223: eglCreateSyncKHR(1881): error 0x3004 (EGL_BAD_ATTRIBUTE)
12-09 08:31:24.802 W/audio_hw_generic( 1310): Hardware backing HAL too slow, could only write 0 of 661 frames
12-09 08:31:24.866 D/gralloc_ranchu( 1223): gralloc_alloc: Creating ashmem region of size 3686400
12-09 08:31:24.869 I/ActivityManager( 1595): Displayed com.evancharlton.mileage/.FillupInfoActivity: +855ms
12-09 08:31:24.951 W/audio_hw_generic( 1310): Not supplying enough data to HAL, expected position 39831939 , only wrote 39831860
12-09 08:31:24.984 W/audio_hw_generic( 1310): Not supplying enough data to HAL, expected position 39833311 , only wrote 39833182
12-09 08:31:25.016 W/audio_hw_generic( 1310): Not supplying enough data to HAL, expected position 39834580 , only wrote 39834504
12-09 08:31:25.016 W/audio_hw_generic( 1310): Hardware backing HAL too slow, could only write 0 of 661 frames
12-09 08:31:25.031 W/audio_hw_generic( 1310): Hardware backing HAL too slow, could only write 0 of 661 frames
12-09 08:31:25.046 W/audio_hw_generic( 1310): Hardware backing HAL too slow, could only write 0 of 661 frames
12-09 08:31:25.244 W/audio_hw_generic( 1310): Not supplying enough data to HAL, expected position 39844586 , only wrote 39844419
12-09 08:31:25.386 W/audio_hw_generic( 1310): Not supplying enough data to HAL, expected position 39850682 , only wrote 39850368
12-09 08:31:25.418 W/audio_hw_generic( 1310): Hardware backing HAL too slow, could only write 0 of 661 frames
12-09 08:31:25.519 W/audio_hw_generic( 1310): Not supplying enough data to HAL, expected position 39856218 , only wrote 39855656
12-09 08:31:25.626 W/audio_hw_generic( 1310): Not supplying enough data to HAL, expected position 39860355 , only wrote 39860283
12-09 08:31:25.626 W/audio_hw_generic( 1310): Not supplying enough data to HAL, expected position 39860289 , only wrote 39860283
12-09 08:31:25.662 W/audio_hw_generic( 1310): Not supplying enough data to HAL, expected position 39861898 , only wrote 39860944
12-09 08:31:25.663 W/audio_hw_generic( 1310): Hardware backing HAL too slow, could only write 0 of 661 frames
12-09 08:31:25.663 W/audio_hw_generic( 1310): Hardware backing HAL too slow, could only write 0 of 661 frames
12-09 08:31:25.680 W/audio_hw_generic( 1310): Hardware backing HAL too slow, could only write 0 of 661 frames
