12-09 07:44:01.408 W/ActivityManager( 1591): 	at android.os.Binder.execTransact(Binder.java:453)
12-09 07:44:01.411 W/audio_hw_generic( 1307): Not supplying enough data to HAL, expected position 5037153 , only wrote 5036159
12-09 07:44:01.497 W/ActivityManager( 1591): Bad activity token: android.os.BinderProxy@8071316
12-09 07:44:01.497 W/ActivityManager( 1591): java.lang.ClassCastException: android.os.BinderProxy cannot be cast to com.android.server.am.ActivityRecord$Token
12-09 07:44:01.497 W/ActivityManager( 1591): 	at com.android.server.am.ActivityRecord.forTokenLocked(ActivityRecord.java:424)
12-09 07:44:01.497 W/ActivityManager( 1591): 	at com.android.server.am.ActivityRecord.isInStackLocked(ActivityRecord.java:1121)
12-09 07:44:01.497 W/ActivityManager( 1591): 	at com.android.server.am.ActivityManagerService.getActivityOptions(ActivityManagerService.java:11038)
12-09 07:44:01.497 W/ActivityManager( 1591): 	at android.app.ActivityManagerNative.onTransact(ActivityManagerNative.java:1734)
12-09 07:44:01.497 W/ActivityManager( 1591): 	at com.android.server.am.ActivityManagerService.onTransact(ActivityManagerService.java:2443)
12-09 07:44:01.497 W/ActivityManager( 1591): 	at android.os.Binder.execTransact(Binder.java:453)
12-09 07:44:01.497 W/ActivityManager( 1591): Bad activity token: android.os.BinderProxy@8071316
12-09 07:44:01.497 W/ActivityManager( 1591): java.lang.ClassCastException: android.os.BinderProxy cannot be cast to com.android.server.am.ActivityRecord$Token
12-09 07:44:01.497 W/ActivityManager( 1591): 	at com.android.server.am.ActivityRecord.forTokenLocked(ActivityRecord.java:424)
12-09 07:44:01.497 W/ActivityManager( 1591): 	at com.android.server.am.ActivityRecord.isInStackLocked(ActivityRecord.java:1121)
12-09 07:44:01.497 W/ActivityManager( 1591): 	at com.android.server.am.ActivityManagerService.getActivityOptions(ActivityManagerService.java:11038)
12-09 07:44:01.497 W/ActivityManager( 1591): 	at android.app.ActivityManagerNative.onTransact(ActivityManagerNative.java:1734)
12-09 07:44:01.497 W/ActivityManager( 1591): 	at com.android.server.am.ActivityManagerService.onTransact(ActivityManagerService.java:2443)
12-09 07:44:01.497 W/ActivityManager( 1591): 	at android.os.Binder.execTransact(Binder.java:453)
12-09 07:44:01.526 I/LatinIME( 1862): Starting input. Cursor position = -1,-1
12-09 07:44:01.602 E/SurfaceFlinger( 1224): ro.sf.lcd_density must be defined as a build property
12-09 07:44:01.605 D/gralloc_ranchu( 1224): gralloc_alloc: Creating ashmem region of size 3686400
12-09 07:44:01.644 D/Mileage ( 5980): No vehicle ID
12-09 07:44:01.655 W/audio_hw_generic( 1307): Not supplying enough data to HAL, expected position 5046916 , only wrote 5046735
12-09 07:44:01.655 W/audio_hw_generic( 1307): Not supplying enough data to HAL, expected position 5046741 , only wrote 5046735
12-09 07:44:01.694 D/Mileage.ABS( 5980): Finished backup
12-09 07:44:01.697 D/        ( 6039): HostConnection::get() New Host Connection established 0x7f8239712480, tid 6039
12-09 07:44:01.701 D/Mileage.ABS( 5980): Not backing up; 84
12-09 07:44:01.701 D/Mileage.ABS( 5980): Not backing up; 84
12-09 07:44:01.713 E/EGL_emulation( 1224): tid 1224: eglCreateSyncKHR(1881): error 0x3004 (EGL_BAD_ATTRIBUTE)
12-09 07:44:01.839 W/audio_hw_generic( 1307): Not supplying enough data to HAL, expected position 5054863 , only wrote 5054667
12-09 07:44:01.856 W/audio_hw_generic( 1307): Hardware backing HAL too slow, could only write 0 of 661 frames
12-09 07:44:01.873 W/audio_hw_generic( 1307): Hardware backing HAL too slow, could only write 0 of 661 frames
12-09 07:44:01.888 W/audio_hw_generic( 1307): Hardware backing HAL too slow, could only write 0 of 661 frames
12-09 07:44:01.924 W/audio_hw_generic( 1307): Hardware backing HAL too slow, could only write 0 of 661 frames
12-09 07:44:01.932 W/audio_hw_generic( 1307): Hardware backing HAL too slow, could only write 0 of 661 frames
12-09 07:44:02.049 W/audio_hw_generic( 1307): Not supplying enough data to HAL, expected position 5063947 , only wrote 5063921
12-09 07:44:02.221 I/InputAttributes( 1862): InputType.TYPE_NULL is specified
12-09 07:44:02.252 I/Choreographer( 1862): Skipped 44 frames!  The application may be doing too much work on its main thread.
12-09 07:44:02.389 W/audio_hw_generic( 1307): Not supplying enough data to HAL, expected position 5078879 , only wrote 5077802
12-09 07:44:02.405 W/audio_hw_generic( 1307): Hardware backing HAL too slow, could only write 0 of 661 frames
12-09 07:44:02.424 W/audio_hw_generic( 1307): Hardware backing HAL too slow, could only write 0 of 661 frames
12-09 07:44:02.451 W/audio_hw_generic( 1307): Hardware backing HAL too slow, could only write 0 of 661 frames
12-09 07:44:02.475 W/audio_hw_generic( 1307): Hardware backing HAL too slow, could only write 0 of 661 frames
12-09 07:44:02.484 W/audio_hw_generic( 1307): Hardware backing HAL too slow, could only write 0 of 661 frames
12-09 07:44:02.496 W/audio_hw_generic( 1307): Hardware backing HAL too slow, could only write 0 of 661 frames
12-09 07:44:02.512 W/audio_hw_generic( 1307): Hardware backing HAL too slow, could only write 0 of 661 frames
12-09 07:44:02.526 W/audio_hw_generic( 1307): Hardware backing HAL too slow, could only write 0 of 661 frames
12-09 07:44:02.543 W/audio_hw_generic( 1307): Hardware backing HAL too slow, could only write 0 of 661 frames
12-09 07:44:02.560 W/audio_hw_generic( 1307): Hardware backing HAL too slow, could only write 0 of 661 frames
12-09 07:44:02.561 D/EGL_emulation( 1862): eglMakeCurrent: 0x7f2bd73a1960: ver 2 0 (tinfo 0x7f2bd7382820)
12-09 07:44:02.569 E/Surface ( 1862): getSlotFromBufferLocked: unknown buffer: 0x7f2bd3a17a60
12-09 07:44:02.570 W/audio_hw_generic( 1307): Hardware backing HAL too slow, could only write 0 of 661 frames
12-09 07:44:02.645 W/audio_hw_generic( 1307): Not supplying enough data to HAL, expected position 5089102 , only wrote 5089039
12-09 07:44:02.645 W/audio_hw_generic( 1307): Not supplying enough data to HAL, expected position 5089045 , only wrote 5089039
12-09 07:44:02.665 W/audio_hw_generic( 1307): Not supplying enough data to HAL, expected position 5089909 , only wrote 5089700
12-09 07:44:02.835 W/audio_hw_generic( 1307): Hardware backing HAL too slow, could only write 0 of 661 frames
12-09 07:44:02.844 W/audio_hw_generic( 1307): Hardware backing HAL too slow, could only write 0 of 661 frames
12-09 07:44:02.855 I/System.out( 5980): URI: //gesture
12-09 07:44:02.855 I/System.out( 5980): params: {json={"query_timeout":5.0,"gestures":[{"query_string":"android.widget.TabWidget descendant TextView index:0","touches":[{"x":50,"y":50,"offset_x":0,"offset_y":0,"wait":0.0,"time":0.2,"release":true,"query_string":null}]}]}
12-09 07:44:02.855 I/System.out( 5980): }
12-09 07:44:02.969 W/audio_hw_generic( 1307): Not supplying enough data to HAL, expected position 5103130 , only wrote 5102920
12-09 07:44:02.969 W/audio_hw_generic( 1307): Not supplying enough data to HAL, expected position 5102926 , only wrote 5102920
12-09 07:44:02.989 W/audio_hw_generic( 1307): Not supplying enough data to HAL, expected position 5103781 , only wrote 5103581
12-09 07:44:03.217 W/audio_hw_generic( 1307): Hardware backing HAL too slow, could only write 0 of 661 frames
12-09 07:44:03.217 W/audio_hw_generic( 1307): Not supplying enough data to HAL, expected position 5113641 , only wrote 5113496
12-09 07:44:03.217 W/audio_hw_generic( 1307): Not supplying enough data to HAL, expected position 5113501 , only wrote 5113496
12-09 07:44:03.237 W/audio_hw_generic( 1307): Not supplying enough data to HAL, expected position 5114349 , only wrote 5114157
12-09 07:44:03.304 W/audio_hw_generic( 1307): Not supplying enough data to HAL, expected position 5117146 , only wrote 5116801
12-09 07:44:03.305 W/audio_hw_generic( 1307): Not supplying enough data to HAL, expected position 5116806 , only wrote 5116801
12-09 07:44:03.345 W/audio_hw_generic( 1307): Not supplying enough data to HAL, expected position 5118585 , only wrote 5117462
12-09 07:44:03.661 W/audio_hw_generic( 1307): Not supplying enough data to HAL, expected position 5131393 , only wrote 5130021
12-09 07:44:03.661 W/audio_hw_generic( 1307): Not supplying enough data to HAL, expected position 5130027 , only wrote 5130021
12-09 07:44:03.774 W/audio_hw_generic( 1307): Not supplying enough data to HAL, expected position 5134986 , only wrote 5130682
12-09 07:44:03.865 W/audio_hw_generic( 1307): Not supplying enough data to HAL, expected position 5134730 , only wrote 5132004
12-09 07:44:03.967 D/AudioFlinger( 1307): mixer(0xf4380000) throttle end: throttle time(13)
12-09 07:44:04.912 W/audio_hw_generic( 1307): Hardware backing HAL too slow, could only write 0 of 661 frames
12-09 07:44:04.993 W/audio_hw_generic( 1307): Hardware backing HAL too slow, could only write 0 of 661 frames
12-09 07:44:04.993 W/audio_hw_generic( 1307): Not supplying enough data to HAL, expected position 5181713 , only wrote 5181579
12-09 07:44:04.993 W/audio_hw_generic( 1307): Not supplying enough data to HAL, expected position 5181584 , only wrote 5181579
12-09 07:44:05.010 W/audio_hw_generic( 1307): Not supplying enough data to HAL, expected position 5182325 , only wrote 5182240
12-09 07:44:05.010 W/audio_hw_generic( 1307): Hardware backing HAL too slow, could only write 0 of 661 frames
12-09 07:44:05.010 W/audio_hw_generic( 1307): Hardware backing HAL too slow, could only write 0 of 661 frames
12-09 07:44:05.021 I/System.out( 5980): URI: //map
12-09 07:44:05.021 I/System.out( 5980): params: {json={"query":"android.widget.EditText id:'price'","operation":{"method_name":"query","arguments":[]}}
12-09 07:44:05.021 I/System.out( 5980): }
12-09 07:44:05.062 W/audio_hw_generic( 1307): Hardware backing HAL too slow, could only write 0 of 661 frames
12-09 07:44:05.064 W/art     ( 5980): Suspending all threads took: 15.952ms
12-09 07:44:05.089 I/art     ( 5980): Background sticky concurrent mark sweep GC freed 30956(1462KB) AllocSpace objects, 2(40KB) LOS objects, 36% free, 2MB/4MB, paused 16.925ms total 49.199ms
12-09 07:44:05.252 W/ResourceType( 5980): No package identifier when getting name for resource number 0x00000001
12-09 07:44:05.299 W/audio_hw_generic( 1307): Hardware backing HAL too slow, could only write 0 of 661 frames
12-09 07:44:05.373 W/audio_hw_generic( 1307): Not supplying enough data to HAL, expected position 5198255 , only wrote 5198104
12-09 07:44:05.373 W/audio_hw_generic( 1307): Not supplying enough data to HAL, expected position 5198110 , only wrote 5198104
12-09 07:44:05.389 W/audio_hw_generic( 1307): Not supplying enough data to HAL, expected position 5198805 , only wrote 5198765
12-09 07:44:05.389 W/audio_hw_generic( 1307): Hardware backing HAL too slow, could only write 0 of 661 frames
12-09 07:44:05.389 W/audio_hw_generic( 1307): Hardware backing HAL too slow, could only write 0 of 661 frames
12-09 07:44:05.437 W/audio_hw_generic( 1307): Not supplying enough data to HAL, expected position 5200882 , only wrote 5200087
12-09 07:44:05.449 I/art     ( 5980): Background sticky concurrent mark sweep GC freed 33281(1527KB) AllocSpace objects, 0(0B) LOS objects, 35% free, 2MB/4MB, paused 995us total 131.668ms
12-09 07:44:05.489 I/System.out( 5980): URI: //gesture
12-09 07:44:05.489 I/System.out( 5980): params: {json={"query_timeout":5.0,"gestures":[{"query_string":"android.widget.EditText id:'price'","touches":[{"x":50,"y":50,"offset_x":0,"offset_y":0,"wait":0.0,"time":0.2,"release":true,"query_string":null}]}]}
12-09 07:44:05.489 I/System.out( 5980): }
12-09 07:44:05.573 W/ResourceType( 5980): No package identifier when getting name for resource number 0x00000001
12-09 07:44:05.590 W/audio_hw_generic( 1307): Hardware backing HAL too slow, could only write 0 of 661 frames
12-09 07:44:05.732 W/audio_hw_generic( 1307): Hardware backing HAL too slow, could only write 0 of 661 frames
12-09 07:44:05.750 W/audio_hw_generic( 1307): Hardware backing HAL too slow, could only write 0 of 661 frames
12-09 07:44:05.777 W/audio_hw_generic( 1307): Hardware backing HAL too slow, could only write 0 of 661 frames
12-09 07:44:06.037 W/audio_hw_generic( 1307): Hardware backing HAL too slow, could only write 0 of 661 frames
12-09 07:44:06.060 I/LatinIME( 1862): Starting input. Cursor position = 0,0
12-09 07:44:06.065 W/audio_hw_generic( 1307): Hardware backing HAL too slow, could only write 0 of 661 frames
12-09 07:44:06.105 W/audio_hw_generic( 1307): Not supplying enough data to HAL, expected position 5229546 , only wrote 5229171
12-09 07:44:06.105 W/audio_hw_generic( 1307): Not supplying enough data to HAL, expected position 5229178 , only wrote 5229171
12-09 07:44:06.121 W/audio_hw_generic( 1307): Not supplying enough data to HAL, expected position 5229880 , only wrote 5229832
12-09 07:44:06.162 W/art     ( 5980): Suspending all threads took: 33.262ms
12-09 07:44:06.192 I/art     ( 5980): Background sticky concurrent mark sweep GC freed 44970(2025KB) AllocSpace objects, 1(20KB) LOS objects, 32% free, 3MB/4MB, paused 34.365ms total 110.258ms
12-09 07:44:06.273 W/audio_hw_generic( 1307): Not supplying enough data to HAL, expected position 5236537 , only wrote 5236442
12-09 07:44:06.276 W/audio_hw_generic( 1307): Hardware backing HAL too slow, could only write 0 of 661 frames
12-09 07:44:06.316 W/audio_hw_generic( 1307): Hardware backing HAL too slow, could only write 0 of 661 frames
12-09 07:44:06.325 I/art     ( 1862): Background partial concurrent mark sweep GC freed 5436(413KB) AllocSpace objects, 3(60KB) LOS objects, 39% free, 2MB/3MB, paused 5.172ms total 27.783ms
12-09 07:44:06.367 D/EGL_emulation( 1862): eglMakeCurrent: 0x7f2bd73a1960: ver 2 0 (tinfo 0x7f2bd7382820)
12-09 07:44:06.481 W/audio_hw_generic( 1307): Not supplying enough data to HAL, expected position 5245611 , only wrote 5245035
12-09 07:44:06.481 W/audio_hw_generic( 1307): Not supplying enough data to HAL, expected position 5245042 , only wrote 5245035
12-09 07:44:06.527 W/audio_hw_generic( 1307): Hardware backing HAL too slow, could only write 0 of 661 frames
12-09 07:44:06.621 W/audio_hw_generic( 1307): Not supplying enough data to HAL, expected position 5251191 , only wrote 5250984
12-09 07:44:06.621 W/audio_hw_generic( 1307): Not supplying enough data to HAL, expected position 5250991 , only wrote 5250984
12-09 07:44:06.649 W/audio_hw_generic( 1307): Not supplying enough data to HAL, expected position 5252213 , only wrote 5251645
12-09 07:44:06.733 I/System.out( 5980): URI: //
12-09 07:44:06.733 I/System.out( 5980): params: {json={"command":"set_selection","arguments":[-1,-1]}
12-09 07:44:06.733 I/System.out( 5980): }
12-09 07:44:06.733 I/System.out( 5980): header: {date=Sun, 09 Dec 2018 07:44:07 GMT, accept=*/*, content-length=47, host=127.0.0.1:34777, user-agent=HTTPClient/1.0 (2.8.3, ruby 2.3.1 (2016-04-26)), content-type=application/json;charset=utf-8}
12-09 07:44:06.733 I/System.out( 5980): params: {json={"command":"set_selection","arguments":[-1,-1]}
12-09 07:44:06.733 I/System.out( 5980): }
12-09 07:44:06.733 I/System.out( 5980): ProP json = {"command":"set_selection","arguments":[-1,-1]}
12-09 07:44:06.733 I/System.out( 5980): files: {}
12-09 07:44:06.733 I/System.out( 5980): command: {"command":"set_selection","arguments":[-1,-1]}
12-09 07:44:06.734 I/InstrumentationBackend( 5980): Got command:'Command:'Line:null,set_selection', arguments:'[-1, -1]'
12-09 07:44:06.791 W/audio_hw_generic( 1307): Not supplying enough data to HAL, expected position 5257914 , only wrote 5257594
12-09 07:44:06.806 W/audio_hw_generic( 1307): Not supplying enough data to HAL, expected position 5258245 , only wrote 5257594
12-09 07:44:06.825 W/audio_hw_generic( 1307): Not supplying enough data to HAL, expected position 5258420 , only wrote 5258255
12-09 07:44:06.825 W/audio_hw_generic( 1307): Hardware backing HAL too slow, could only write 0 of 661 frames
12-09 07:44:06.844 W/audio_hw_generic( 1307): Hardware backing HAL too slow, could only write 0 of 661 frames
12-09 07:44:06.859 W/audio_hw_generic( 1307): Hardware backing HAL too slow, could only write 0 of 661 frames
12-09 07:44:06.929 I/System.out( 5980): result:{"bonusInformation":[],"message":"","success":true}
12-09 07:44:06.997 W/audio_hw_generic( 1307): Not supplying enough data to HAL, expected position 5272255 , only wrote 5265526
12-09 07:44:07.253 I/System.out( 5980): URI: //
12-09 07:44:07.253 I/System.out( 5980): params: {json={"command":"keyboard_enter_text","arguments":["54"]}
12-09 07:44:07.253 I/System.out( 5980): }
12-09 07:44:07.253 I/System.out( 5980): header: {date=Sun, 09 Dec 2018 07:44:07 GMT, accept=*/*, content-length=52, host=127.0.0.1:34777, user-agent=HTTPClient/1.0 (2.8.3, ruby 2.3.1 (2016-04-26)), content-type=application/json;charset=utf-8}
12-09 07:44:07.253 I/System.out( 5980): params: {json={"command":"keyboard_enter_text","arguments":["54"]}
12-09 07:44:07.253 I/System.out( 5980): }
12-09 07:44:07.253 I/System.out( 5980): ProP json = {"command":"keyboard_enter_text","arguments":["54"]}
12-09 07:44:07.253 I/System.out( 5980): files: {}
12-09 07:44:07.253 I/System.out( 5980): command: {"command":"keyboard_enter_text","arguments":["54"]}
12-09 07:44:07.254 I/InstrumentationBackend( 5980): Got command:'Command:'Line:null,keyboard_enter_text', arguments:'[54]'
12-09 07:44:07.317 E/SpannableStringBuilder( 5980): SPAN_EXCLUSIVE_EXCLUSIVE spans cannot have a zero length
12-09 07:44:07.317 E/SpannableStringBuilder( 5980): SPAN_EXCLUSIVE_EXCLUSIVE spans cannot have a zero length
12-09 07:44:07.319 E/SpannableStringBuilder( 5980): SPAN_EXCLUSIVE_EXCLUSIVE spans cannot have a zero length
12-09 07:44:07.319 E/SpannableStringBuilder( 5980): SPAN_EXCLUSIVE_EXCLUSIVE spans cannot have a zero length
12-09 07:44:07.342 I/System.out( 5980): result:{"bonusInformation":[],"message":"","success":true}
12-09 07:44:07.437 I/System.out( 5980): URI: //map
12-09 07:44:07.438 I/System.out( 5980): params: {json={"query":"android.widget.EditText id:'volume'","operation":{"method_name":"query","arguments":[]}}
12-09 07:44:07.438 I/System.out( 5980): }
12-09 07:44:07.561 W/ResourceType( 5980): No package identifier when getting name for resource number 0x00000001
12-09 07:44:07.713 I/art     ( 5980): Background sticky concurrent mark sweep GC freed 45104(2027KB) AllocSpace objects, 2(40KB) LOS objects, 28% free, 3MB/4MB, paused 984us total 115.702ms
12-09 07:44:07.737 I/System.out( 5980): URI: //gesture
12-09 07:44:07.737 I/System.out( 5980): params: {json={"query_timeout":5.0,"gestures":[{"query_string":"android.widget.EditText id:'volume'","touches":[{"x":50,"y":50,"offset_x":0,"offset_y":0,"wait":0.0,"time":0.2,"release":true,"query_string":null}]}]}
12-09 07:44:07.737 I/System.out( 5980): }
12-09 07:44:07.758 W/ResourceType( 5980): No package identifier when getting name for resource number 0x00000001
12-09 07:44:08.123 I/LatinIME( 1862): Starting input. Cursor position = 0,0
12-09 07:44:08.765 I/System.out( 5980): URI: //
12-09 07:44:08.765 I/System.out( 5980): params: {json={"command":"set_selection","arguments":[-1,-1]}
12-09 07:44:08.766 I/System.out( 5980): }
12-09 07:44:08.766 I/System.out( 5980): header: {date=Sun, 09 Dec 2018 07:44:09 GMT, accept=*/*, content-length=47, host=127.0.0.1:34777, user-agent=HTTPClient/1.0 (2.8.3, ruby 2.3.1 (2016-04-26)), content-type=application/json;charset=utf-8}
12-09 07:44:08.766 I/System.out( 5980): params: {json={"command":"set_selection","arguments":[-1,-1]}
12-09 07:44:08.766 I/System.out( 5980): }
12-09 07:44:08.766 I/System.out( 5980): ProP json = {"command":"set_selection","arguments":[-1,-1]}
12-09 07:44:08.766 I/System.out( 5980): files: {}
12-09 07:44:08.766 I/System.out( 5980): command: {"command":"set_selection","arguments":[-1,-1]}
12-09 07:44:08.767 I/InstrumentationBackend( 5980): Got command:'Command:'Line:null,set_selection', arguments:'[-1, -1]'
12-09 07:44:08.790 I/System.out( 5980): result:{"bonusInformation":[],"message":"","success":true}
12-09 07:44:08.929 I/System.out( 5980): URI: //
12-09 07:44:08.929 I/System.out( 5980): params: {json={"command":"keyboard_enter_text","arguments":["100"]}
12-09 07:44:08.929 I/System.out( 5980): }
12-09 07:44:08.929 I/System.out( 5980): header: {date=Sun, 09 Dec 2018 07:44:09 GMT, accept=*/*, content-length=53, host=127.0.0.1:34777, user-agent=HTTPClient/1.0 (2.8.3, ruby 2.3.1 (2016-04-26)), content-type=application/json;charset=utf-8}
12-09 07:44:08.929 I/System.out( 5980): params: {json={"command":"keyboard_enter_text","arguments":["100"]}
12-09 07:44:08.929 I/System.out( 5980): }
12-09 07:44:08.929 I/System.out( 5980): ProP json = {"command":"keyboard_enter_text","arguments":["100"]}
12-09 07:44:08.929 I/System.out( 5980): files: {}
12-09 07:44:08.929 I/System.out( 5980): command: {"command":"keyboard_enter_text","arguments":["100"]}
12-09 07:44:08.930 I/InstrumentationBackend( 5980): Got command:'Command:'Line:null,keyboard_enter_text', arguments:'[100]'
12-09 07:44:08.931 E/SpannableStringBuilder( 5980): SPAN_EXCLUSIVE_EXCLUSIVE spans cannot have a zero length
12-09 07:44:08.931 E/SpannableStringBuilder( 5980): SPAN_EXCLUSIVE_EXCLUSIVE spans cannot have a zero length
12-09 07:44:08.934 E/SpannableStringBuilder( 5980): SPAN_EXCLUSIVE_EXCLUSIVE spans cannot have a zero length
12-09 07:44:08.934 E/SpannableStringBuilder( 5980): SPAN_EXCLUSIVE_EXCLUSIVE spans cannot have a zero length
12-09 07:44:08.984 I/System.out( 5980): result:{"bonusInformation":[],"message":"","success":true}
12-09 07:44:09.117 I/System.out( 5980): URI: //map
12-09 07:44:09.117 I/System.out( 5980): params: {json={"query":"android.widget.EditText id:'odometer'","operation":{"method_name":"query","arguments":[]}}
12-09 07:44:09.117 I/System.out( 5980): }
12-09 07:44:09.151 W/ResourceType( 5980): No package identifier when getting name for resource number 0x00000001
12-09 07:44:09.336 I/art     ( 5980): Background sticky concurrent mark sweep GC freed 42801(1855KB) AllocSpace objects, 1(20KB) LOS objects, 17% free, 3MB/4MB, paused 4.475ms total 131.969ms
12-09 07:44:09.577 I/System.out( 5980): URI: //gesture
12-09 07:44:09.577 I/System.out( 5980): params: {json={"query_timeout":5.0,"gestures":[{"query_string":"android.widget.EditText id:'odometer'","touches":[{"x":50,"y":50,"offset_x":0,"offset_y":0,"wait":0.0,"time":0.2,"release":true,"query_string":null}]}]}
12-09 07:44:09.577 I/System.out( 5980): }
12-09 07:44:09.833 W/ResourceType( 5980): No package identifier when getting name for resource number 0x00000001
12-09 07:44:10.209 I/LatinIME( 1862): Starting input. Cursor position = 0,0
12-09 07:44:10.817 I/System.out( 5980): URI: //
12-09 07:44:10.817 I/System.out( 5980): params: {json={"command":"set_selection","arguments":[-1,-1]}
12-09 07:44:10.817 I/System.out( 5980): }
12-09 07:44:10.817 I/System.out( 5980): header: {date=Sun, 09 Dec 2018 07:44:11 GMT, accept=*/*, content-length=47, host=127.0.0.1:34777, user-agent=HTTPClient/1.0 (2.8.3, ruby 2.3.1 (2016-04-26)), content-type=application/json;charset=utf-8}
12-09 07:44:10.817 I/System.out( 5980): params: {json={"command":"set_selection","arguments":[-1,-1]}
12-09 07:44:10.817 I/System.out( 5980): }
12-09 07:44:10.817 I/System.out( 5980): ProP json = {"command":"set_selection","arguments":[-1,-1]}
12-09 07:44:10.817 I/System.out( 5980): files: {}
12-09 07:44:10.817 I/System.out( 5980): command: {"command":"set_selection","arguments":[-1,-1]}
12-09 07:44:10.825 I/InstrumentationBackend( 5980): Got command:'Command:'Line:null,set_selection', arguments:'[-1, -1]'
12-09 07:44:10.830 I/System.out( 5980): result:{"bonusInformation":[],"message":"","success":true}
12-09 07:44:10.945 I/System.out( 5980): URI: //
12-09 07:44:10.945 I/System.out( 5980): params: {json={"command":"keyboard_enter_text","arguments":["14"]}
12-09 07:44:10.945 I/System.out( 5980): }
12-09 07:44:10.945 I/System.out( 5980): header: {date=Sun, 09 Dec 2018 07:44:11 GMT, accept=*/*, content-length=52, host=127.0.0.1:34777, user-agent=HTTPClient/1.0 (2.8.3, ruby 2.3.1 (2016-04-26)), content-type=application/json;charset=utf-8}
12-09 07:44:10.945 I/System.out( 5980): params: {json={"command":"keyboard_enter_text","arguments":["14"]}
12-09 07:44:10.945 I/System.out( 5980): }
12-09 07:44:10.945 I/System.out( 5980): ProP json = {"command":"keyboard_enter_text","arguments":["14"]}
12-09 07:44:10.945 I/System.out( 5980): files: {}
12-09 07:44:10.945 I/System.out( 5980): command: {"command":"keyboard_enter_text","arguments":["14"]}
12-09 07:44:10.946 I/InstrumentationBackend( 5980): Got command:'Command:'Line:null,keyboard_enter_text', arguments:'[14]'
12-09 07:44:10.947 E/SpannableStringBuilder( 5980): SPAN_EXCLUSIVE_EXCLUSIVE spans cannot have a zero length
12-09 07:44:10.947 E/SpannableStringBuilder( 5980): SPAN_EXCLUSIVE_EXCLUSIVE spans cannot have a zero length
12-09 07:44:10.948 E/SpannableStringBuilder( 5980): SPAN_EXCLUSIVE_EXCLUSIVE spans cannot have a zero length
12-09 07:44:10.950 E/SpannableStringBuilder( 5980): SPAN_EXCLUSIVE_EXCLUSIVE spans cannot have a zero length
12-09 07:44:10.985 I/System.out( 5980): result:{"bonusInformation":[],"message":"","success":true}
12-09 07:44:12.085 I/System.out( 5980): URI: //map
12-09 07:44:12.085 I/System.out( 5980): params: {json={"query":"android.widget.Button index:2","operation":{"method_name":"query","arguments":[]}}
12-09 07:44:12.085 I/System.out( 5980): }
12-09 07:44:12.229 I/art     ( 5980): Background sticky concurrent mark sweep GC freed 27756(1207KB) AllocSpace objects, 4(80KB) LOS objects, 0% free, 5MB/5MB, paused 5.763ms total 150.599ms
12-09 07:44:12.373 I/System.out( 5980): URI: //gesture
12-09 07:44:12.373 I/System.out( 5980): params: {json={"query_timeout":5.0,"gestures":[{"query_string":"android.widget.Button index:2","touches":[{"x":50,"y":50,"offset_x":0,"offset_y":0,"wait":0.0,"time":0.2,"release":true,"query_string":null}]}]}
12-09 07:44:12.373 I/System.out( 5980): }
12-09 07:44:13.023 W/audio_hw_generic( 1307): Hardware backing HAL too slow, could only write 0 of 661 frames
12-09 07:44:13.056 W/audio_hw_generic( 1307): Hardware backing HAL too slow, could only write 0 of 661 frames
12-09 07:44:13.113 I/art     ( 5980): Background sticky concurrent mark sweep GC freed 43480(1816KB) AllocSpace objects, 1(20KB) LOS objects, 24% free, 2MB/3MB, paused 5.369ms total 92.481ms
12-09 07:44:13.325 W/audio_hw_generic( 1307): Not supplying enough data to HAL, expected position 5280476 , only wrote 5278085
12-09 07:44:13.362 W/audio_hw_generic( 1307): Not supplying enough data to HAL, expected position 5279715 , only wrote 5279407
12-09 07:44:13.362 W/audio_hw_generic( 1307): Hardware backing HAL too slow, could only write 0 of 661 frames
12-09 07:44:13.394 W/audio_hw_generic( 1307): Hardware backing HAL too slow, could only write 0 of 661 frames
12-09 07:44:13.407 W/audio_hw_generic( 1307): Hardware backing HAL too slow, could only write 0 of 661 frames
12-09 07:44:13.427 I/LatinIME( 1862): Starting input. Cursor position = -1,-1
12-09 07:44:13.436 E/SurfaceFlinger( 1224): ro.sf.lcd_density must be defined as a build property
12-09 07:44:13.441 D/gralloc_ranchu( 1224): gralloc_alloc: Creating ashmem region of size 3686400
12-09 07:44:13.497 D/        ( 6067): HostConnection::get() New Host Connection established 0x7f32c2392480, tid 6067
12-09 07:44:13.554 E/EGL_emulation( 1224): tid 1224: eglCreateSyncKHR(1881): error 0x3004 (EGL_BAD_ATTRIBUTE)
12-09 07:44:13.610 W/audio_hw_generic( 1307): Not supplying enough data to HAL, expected position 5290343 , only wrote 5289983
12-09 07:44:13.610 W/audio_hw_generic( 1307): Not supplying enough data to HAL, expected position 5289989 , only wrote 5289983
12-09 07:44:13.610 D/Mileage.ABS( 5980): Finished backup
12-09 07:44:13.621 D/Mileage.ABS( 5980): Not backing up; 63
12-09 07:44:13.621 D/Mileage.ABS( 5980): Not backing up; 63
12-09 07:44:13.621 D/Mileage.ABS( 5980): Not backing up; 63
12-09 07:44:13.627 W/audio_hw_generic( 1307): Not supplying enough data to HAL, expected position 5290724 , only wrote 5290644
12-09 07:44:13.757 W/audio_hw_generic( 1307): Not supplying enough data to HAL, expected position 5296375 , only wrote 5295271
12-09 07:44:13.772 W/audio_hw_generic( 1307): Hardware backing HAL too slow, could only write 0 of 661 frames
12-09 07:44:13.792 W/audio_hw_generic( 1307): Hardware backing HAL too slow, could only write 0 of 661 frames
12-09 07:44:13.812 W/audio_hw_generic( 1307): Hardware backing HAL too slow, could only write 0 of 661 frames
12-09 07:44:13.892 W/audio_hw_generic( 1307): Hardware backing HAL too slow, could only write 0 of 661 frames
12-09 07:44:13.911 W/audio_hw_generic( 1307): Hardware backing HAL too slow, could only write 0 of 661 frames
12-09 07:44:13.937 W/audio_hw_generic( 1307): Hardware backing HAL too slow, could only write 0 of 661 frames
12-09 07:44:13.952 W/audio_hw_generic( 1307): Hardware backing HAL too slow, could only write 0 of 661 frames
12-09 07:44:14.044 W/audio_hw_generic( 1307): Not supplying enough data to HAL, expected position 5307946 , only wrote 5307169
12-09 07:44:14.044 W/audio_hw_generic( 1307): Not supplying enough data to HAL, expected position 5307183 , only wrote 5307169
12-09 07:44:14.090 W/audio_hw_generic( 1307): Hardware backing HAL too slow, could only write 0 of 661 frames
12-09 07:44:14.109 W/audio_hw_generic( 1307): Hardware backing HAL too slow, could only write 0 of 661 frames
12-09 07:44:14.286 W/audio_hw_generic( 1307): Not supplying enough data to HAL, expected position 5317815 , only wrote 5313118
12-09 07:44:14.286 W/audio_hw_generic( 1307): Not supplying enough data to HAL, expected position 5313124 , only wrote 5313118
12-09 07:44:14.305 W/audio_hw_generic( 1307): Not supplying enough data to HAL, expected position 5313974 , only wrote 5313779
12-09 07:44:14.343 W/audio_hw_generic( 1307): Not supplying enough data to HAL, expected position 5315422 , only wrote 5315101
12-09 07:44:14.688 W/audio_hw_generic( 1307): Not supplying enough data to HAL, expected position 5330352 , only wrote 5316423
12-09 07:44:14.713 W/RichInputConnection( 1862): Slow InputConnection: GET_TEXT_BEFORE_CURSOR took 613 ms.
12-09 07:44:14.720 I/System.out( 5980): URI: //map
12-09 07:44:14.720 I/System.out( 5980): params: {json={"query":"android.widget.ListView index:0 android.widget.TextView index:0","operation":{"method_name":"query","arguments":[]}}
12-09 07:44:14.721 I/System.out( 5980): }
12-09 07:44:14.764 W/audio_hw_generic( 1307): Hardware backing HAL too slow, could only write 0 of 661 frames
12-09 07:44:14.776 W/audio_hw_generic( 1307): Hardware backing HAL too slow, could only write 0 of 661 frames
12-09 07:44:14.818 W/audio_hw_generic( 1307): Not supplying enough data to HAL, expected position 5322152 , only wrote 5321711
12-09 07:44:14.819 W/audio_hw_generic( 1307): Not supplying enough data to HAL, expected position 5321717 , only wrote 5321711
12-09 07:44:14.875 I/InputAttributes( 1862): InputType.TYPE_NULL is specified
12-09 07:44:14.905 I/Choreographer( 1862): Skipped 88 frames!  The application may be doing too much work on its main thread.
12-09 07:44:14.949 D/EGL_emulation( 1862): eglMakeCurrent: 0x7f2bd73a1960: ver 2 0 (tinfo 0x7f2bd7382820)
12-09 07:44:14.950 E/Surface ( 1862): getSlotFromBufferLocked: unknown buffer: 0x7f2bd3a159e0
12-09 07:44:14.996 W/audio_hw_generic( 1307): Not supplying enough data to HAL, expected position 5329520 , only wrote 5328982
12-09 07:44:14.996 W/audio_hw_generic( 1307): Not supplying enough data to HAL, expected position 5328988 , only wrote 5328982
12-09 07:44:15.013 W/audio_hw_generic( 1307): Not supplying enough data to HAL, expected position 5329729 , only wrote 5329643
12-09 07:44:15.028 W/audio_hw_generic( 1307): Hardware backing HAL too slow, could only write 0 of 661 frames
12-09 07:44:15.044 W/audio_hw_generic( 1307): Hardware backing HAL too slow, could only write 0 of 661 frames
12-09 07:44:15.080 W/audio_hw_generic( 1307): Hardware backing HAL too slow, could only write 0 of 661 frames
12-09 07:44:15.372 W/audio_hw_generic( 1307): Hardware backing HAL too slow, could only write 0 of 661 frames
12-09 07:44:15.423 I/art     ( 5980): Background sticky concurrent mark sweep GC freed 46796(1940KB) AllocSpace objects, 0(0B) LOS objects, 31% free, 2MB/3MB, paused 2.820ms total 111.560ms
12-09 07:44:15.435 W/audio_hw_generic( 1307): Not supplying enough data to HAL, expected position 5348286 , only wrote 5348151
12-09 07:44:15.453 W/audio_hw_generic( 1307): Hardware backing HAL too slow, could only write 0 of 661 frames
12-09 07:44:15.472 W/audio_hw_generic( 1307): Hardware backing HAL too slow, could only write 0 of 661 frames
12-09 07:44:15.483 W/audio_hw_generic( 1307): Hardware backing HAL too slow, could only write 0 of 661 frames
12-09 07:44:15.498 W/audio_hw_generic( 1307): Hardware backing HAL too slow, could only write 0 of 661 frames
12-09 07:44:15.516 W/audio_hw_generic( 1307): Hardware backing HAL too slow, could only write 0 of 661 frames
12-09 07:44:15.532 W/audio_hw_generic( 1307): Hardware backing HAL too slow, could only write 0 of 661 frames
12-09 07:44:15.534 I/System.out( 5980): URI: //gesture
12-09 07:44:15.534 I/System.out( 5980): params: {json={"query_timeout":5.0,"gestures":[{"query_string":"android.widget.ListView index:0 android.widget.TextView index:0","touches":[{"x":50,"y":50,"offset_x":0,"offset_y":0,"wait":0.0,"time":0.2,"release":true,"query_string":null}]}]}
12-09 07:44:15.534 I/System.out( 5980): }
12-09 07:44:15.558 W/audio_hw_generic( 1307): Hardware backing HAL too slow, could only write 0 of 661 frames
12-09 07:44:15.604 W/audio_hw_generic( 1307): Hardware backing HAL too slow, could only write 0 of 661 frames
12-09 07:44:15.604 W/audio_hw_generic( 1307): Not supplying enough data to HAL, expected position 5355574 , only wrote 5355422
12-09 07:44:15.604 W/audio_hw_generic( 1307): Not supplying enough data to HAL, expected position 5355427 , only wrote 5355422
12-09 07:44:15.621 W/audio_hw_generic( 1307): Not supplying enough data to HAL, expected position 5356152 , only wrote 5356083
12-09 07:44:15.702 W/audio_hw_generic( 1307): Not supplying enough data to HAL, expected position 5359678 , only wrote 5359388
12-09 07:44:15.702 W/audio_hw_generic( 1307): Not supplying enough data to HAL, expected position 5359394 , only wrote 5359388
12-09 07:44:15.724 W/audio_hw_generic( 1307): Not supplying enough data to HAL, expected position 5360358 , only wrote 5360049
12-09 07:44:15.915 W/audio_hw_generic( 1307): Not supplying enough data to HAL, expected position 5368482 , only wrote 5364676
12-09 07:44:15.916 W/audio_hw_generic( 1307): Not supplying enough data to HAL, expected position 5364682 , only wrote 5364676
12-09 07:44:15.936 W/audio_hw_generic( 1307): Not supplying enough data to HAL, expected position 5365562 , only wrote 5365337
12-09 07:44:16.021 W/audio_hw_generic( 1307): Not supplying enough data to HAL, expected position 5369093 , only wrote 5368642
12-09 07:44:16.157 W/audio_hw_generic( 1307): Not supplying enough data to HAL, expected position 5380418 , only wrote 5374591
12-09 07:44:16.331 I/ActivityManager( 1591): START u0 {cmp=com.evancharlton.mileage/.FillupInfoActivity (has extras)} from uid 10119 on display 0
12-09 07:44:16.341 I/art     ( 5980): Background sticky concurrent mark sweep GC freed 31088(1458KB) AllocSpace objects, 0(0B) LOS objects, 28% free, 2MB/3MB, paused 925us total 173.097ms
12-09 07:44:16.630 D/AudioFlinger( 1307): mixer(0xf4380000) throttle end: throttle time(22)
12-09 07:44:16.663 W/audio_hw_generic( 1307): Hardware backing HAL too slow, could only write 0 of 661 frames
12-09 07:44:16.684 W/audio_hw_generic( 1307): Hardware backing HAL too slow, could only write 0 of 661 frames
12-09 07:44:16.695 W/audio_hw_generic( 1307): Hardware backing HAL too slow, could only write 0 of 661 frames
12-09 07:44:16.731 E/SurfaceFlinger( 1224): ro.sf.lcd_density must be defined as a build property
12-09 07:44:16.754 I/calabash( 5980): newActivity1
12-09 07:44:16.858 W/audio_hw_generic( 1307): Not supplying enough data to HAL, expected position 5385310 , only wrote 5384506
12-09 07:44:16.858 W/audio_hw_generic( 1307): Not supplying enough data to HAL, expected position 5384512 , only wrote 5384506
12-09 07:44:16.874 W/audio_hw_generic( 1307): Not supplying enough data to HAL, expected position 5385235 , only wrote 5385167
12-09 07:44:16.876 D/gralloc_ranchu( 1224): gralloc_alloc: Creating ashmem region of size 3686400
12-09 07:44:16.952 D/        ( 6075): HostConnection::get() New Host Connection established 0x7fbf72812480, tid 6075
12-09 07:44:16.991 W/audio_hw_generic( 1307): Not supplying enough data to HAL, expected position 5390309 , only wrote 5389794
12-09 07:44:17.028 W/audio_hw_generic( 1307): Hardware backing HAL too slow, could only write 0 of 661 frames
12-09 07:44:17.030 E/EGL_emulation( 1224): tid 1224: eglCreateSyncKHR(1881): error 0x3004 (EGL_BAD_ATTRIBUTE)
12-09 07:44:17.039 W/audio_hw_generic( 1307): Hardware backing HAL too slow, could only write 0 of 661 frames
12-09 07:44:17.082 W/audio_hw_generic( 1307): Not supplying enough data to HAL, expected position 5393828 , only wrote 5393760
12-09 07:44:17.122 W/audio_hw_generic( 1307): Not supplying enough data to HAL, expected position 5395525 , only wrote 5395082
12-09 07:44:17.126 V/PhoneStatusBar( 1684): setLightsOn(true)
12-09 07:44:17.190 D/gralloc_ranchu( 1224): gralloc_alloc: Creating ashmem region of size 3686400
12-09 07:44:17.348 W/audio_hw_generic( 1307): Not supplying enough data to HAL, expected position 5405049 , only wrote 5404997
12-09 07:44:17.349 W/audio_hw_generic( 1307): Not supplying enough data to HAL, expected position 5405003 , only wrote 5404997
12-09 07:44:17.365 W/audio_hw_generic( 1307): Not supplying enough data to HAL, expected position 5405712 , only wrote 5405658
12-09 07:44:17.681 W/audio_hw_generic( 1307): Not supplying enough data to HAL, expected position 5419602 , only wrote 5418878
12-09 07:44:17.681 W/audio_hw_generic( 1307): Not supplying enough data to HAL, expected position 5418884 , only wrote 5418878
12-09 07:44:17.700 W/audio_hw_generic( 1307): Not supplying enough data to HAL, expected position 5419713 , only wrote 5419539
12-09 07:44:17.700 W/audio_hw_generic( 1307): Hardware backing HAL too slow, could only write 0 of 661 frames
12-09 07:44:17.717 W/audio_hw_generic( 1307): Hardware backing HAL too slow, could only write 0 of 661 frames
12-09 07:44:17.740 W/audio_hw_generic( 1307): Hardware backing HAL too slow, could only write 0 of 661 frames
12-09 07:44:17.752 W/audio_hw_generic( 1307): Hardware backing HAL too slow, could only write 0 of 661 frames
12-09 07:44:17.780 W/audio_hw_generic( 1307): Hardware backing HAL too slow, could only write 0 of 661 frames
12-09 07:44:17.863 W/audio_hw_generic( 1307): Hardware backing HAL too slow, could only write 0 of 661 frames
12-09 07:44:17.863 W/audio_hw_generic( 1307): Not supplying enough data to HAL, expected position 5426707 , only wrote 5424827
12-09 07:44:17.863 W/audio_hw_generic( 1307): Not supplying enough data to HAL, expected position 5424832 , only wrote 5424827
12-09 07:44:17.877 W/audio_hw_generic( 1307): Hardware backing HAL too slow, could only write 0 of 661 frames
12-09 07:44:17.892 W/audio_hw_generic( 1307): Hardware backing HAL too slow, could only write 0 of 661 frames
12-09 07:44:17.908 W/audio_hw_generic( 1307): Hardware backing HAL too slow, could only write 0 of 661 frames
12-09 07:44:17.929 W/audio_hw_generic( 1307): Hardware backing HAL too slow, could only write 0 of 661 frames
12-09 07:44:17.938 W/audio_hw_generic( 1307): Hardware backing HAL too slow, could only write 0 of 661 frames
12-09 07:44:17.961 I/System.out( 5980): URI: //map
12-09 07:44:17.961 I/System.out( 5980): params: {json={"query":"android.widget.Button index:1","operation":{"method_name":"query","arguments":[]}}
12-09 07:44:17.961 I/System.out( 5980): }
12-09 07:44:18.031 W/art     ( 1591): Long monitor contention event with owner method=void com.android.server.wm.WindowAnimator$1.doFrame(long) from WindowAnimator.java:121 waiters=1 for 116ms
12-09 07:44:18.042 D/gralloc_ranchu( 1224): gralloc_alloc: Creating ashmem region of size 3686400
12-09 07:44:18.239 I/ActivityManager( 1591): Displayed com.evancharlton.mileage/.FillupInfoActivity: +1s515ms
12-09 07:44:18.765 W/audio_hw_generic( 1307): Not supplying enough data to HAL, expected position 5464611 , only wrote 5463826
12-09 07:44:18.765 W/audio_hw_generic( 1307): Not supplying enough data to HAL, expected position 5463832 , only wrote 5463826
12-09 07:44:18.785 W/audio_hw_generic( 1307): Not supplying enough data to HAL, expected position 5464700 , only wrote 5464487
12-09 07:44:18.831 D/gralloc_ranchu( 1224): gralloc_alloc: Creating ashmem region of size 3686400
12-09 07:44:18.832 W/audio_hw_generic( 1307): Hardware backing HAL too slow, could only write 0 of 661 frames
12-09 07:44:18.882 I/System.out( 5980): URI: //gesture
12-09 07:44:18.882 I/System.out( 5980): params: {json={"query_timeout":5.0,"gestures":[{"query_string":"android.widget.Button index:1","touches":[{"x":50,"y":50,"offset_x":0,"offset_y":0,"wait":0.0,"time":0.2,"release":true,"query_string":null}]}]}
12-09 07:44:18.882 I/System.out( 5980): }
12-09 07:44:19.189 W/audio_hw_generic( 1307): Not supplying enough data to HAL, expected position 5482300 , only wrote 5481673
12-09 07:44:19.189 W/audio_hw_generic( 1307): Not supplying enough data to HAL, expected position 5481679 , only wrote 5481673
12-09 07:44:19.209 W/audio_hw_generic( 1307): Not supplying enough data to HAL, expected position 5482542 , only wrote 5482334
12-09 07:44:19.254 W/audio_hw_generic( 1307): Not supplying enough data to HAL, expected position 5484317 , only wrote 5483656
12-09 07:44:19.369 I/ActivityManager( 1591): START u0 {cmp=com.evancharlton.mileage/.FillupInfoActivity (has extras)} from uid 10119 on display 0
12-09 07:44:19.419 W/audio_hw_generic( 1307): Not supplying enough data to HAL, expected position 5490966 , only wrote 5490927
12-09 07:44:19.456 W/audio_hw_generic( 1307): Hardware backing HAL too slow, could only write 0 of 661 frames
12-09 07:44:19.484 I/calabash( 5980): newActivity1
12-09 07:44:19.575 I/art     ( 5980): Background sticky concurrent mark sweep GC freed 41252(1793KB) AllocSpace objects, 1(20KB) LOS objects, 27% free, 3MB/4MB, paused 4.501ms total 119.778ms
12-09 07:44:19.774 V/PhoneStatusBar( 1684): setLightsOn(true)
12-09 07:44:19.787 W/audio_hw_generic( 1307): Not supplying enough data to HAL, expected position 5507137 , only wrote 5506791
12-09 07:44:19.837 W/audio_hw_generic( 1307): Not supplying enough data to HAL, expected position 5508981 , only wrote 5508113
12-09 07:44:19.947 W/art     ( 1591): Long monitor contention event with owner method=int com.android.server.wm.WindowManagerService.relayoutWindow(com.android.server.wm.Session, android.view.IWindow, int, android.view.WindowManager$LayoutParams, int, int, int, int, android.graphics.Rect, android.graphics.Rect, android.graphics.Rect, android.graphics.Rect, android.graphics.Rect, android.graphics.Rect, android.content.res.Configuration, android.view.Surface) from WindowManagerService.java:3103 waiters=0 for 207ms
12-09 07:44:19.951 D/gralloc_ranchu( 1224): gralloc_alloc: Creating ashmem region of size 3686400
12-09 07:44:20.109 W/audio_hw_generic( 1307): Not supplying enough data to HAL, expected position 5520109 , only wrote 5520011
12-09 07:44:20.109 W/audio_hw_generic( 1307): Not supplying enough data to HAL, expected position 5520018 , only wrote 5520011
12-09 07:44:20.124 W/audio_hw_generic( 1307): Not supplying enough data to HAL, expected position 5520687 , only wrote 5520672
12-09 07:44:20.185 E/SurfaceFlinger( 1224): ro.sf.lcd_density must be defined as a build property
12-09 07:44:20.260 W/audio_hw_generic( 1307): Hardware backing HAL too slow, could only write 0 of 661 frames
12-09 07:44:20.261 D/gralloc_ranchu( 1224): gralloc_alloc: Creating ashmem region of size 3686400
12-09 07:44:20.294 W/audio_hw_generic( 1307): Not supplying enough data to HAL, expected position 5528149 , only wrote 5527943
12-09 07:44:20.294 W/audio_hw_generic( 1307): Not supplying enough data to HAL, expected position 5527949 , only wrote 5527943
12-09 07:44:20.304 D/        ( 6081): HostConnection::get() New Host Connection established 0x7f5128392480, tid 6081
12-09 07:44:20.324 E/EGL_emulation( 1224): tid 1224: eglCreateSyncKHR(1881): error 0x3004 (EGL_BAD_ATTRIBUTE)
12-09 07:44:20.347 W/art     ( 1591): Long monitor contention event with owner method=void com.android.server.wm.WindowAnimator$1.doFrame(long) from WindowAnimator.java:121 waiters=0 for 198ms
12-09 07:44:20.473 W/audio_hw_generic( 1307): Hardware backing HAL too slow, could only write 0 of 661 frames
12-09 07:44:20.488 W/audio_hw_generic( 1307): Hardware backing HAL too slow, could only write 0 of 661 frames
12-09 07:44:20.528 W/audio_hw_generic( 1307): Hardware backing HAL too slow, could only write 0 of 661 frames
12-09 07:44:20.530 W/audio_hw_generic( 1307): Hardware backing HAL too slow, could only write 0 of 661 frames
12-09 07:44:20.545 W/audio_hw_generic( 1307): Hardware backing HAL too slow, could only write 0 of 661 frames
12-09 07:44:20.560 W/audio_hw_generic( 1307): Hardware backing HAL too slow, could only write 0 of 661 frames
12-09 07:44:20.575 W/audio_hw_generic( 1307): Hardware backing HAL too slow, could only write 0 of 661 frames
12-09 07:44:20.642 W/art     ( 1591): Long monitor contention event with owner method=void com.android.server.wm.WindowAnimator$1.doFrame(long) from WindowAnimator.java:121 waiters=1 for 141ms
12-09 07:44:20.646 D/gralloc_ranchu( 1224): gralloc_alloc: Creating ashmem region of size 3686400
12-09 07:44:20.656 W/audio_hw_generic( 1307): Hardware backing HAL too slow, could only write 0 of 661 frames
12-09 07:44:20.685 I/ActivityManager( 1591): Displayed com.evancharlton.mileage/.FillupInfoActivity: +1s206ms
12-09 07:44:20.797 W/audio_hw_generic( 1307): Not supplying enough data to HAL, expected position 5550124 , only wrote 5549756
12-09 07:44:20.797 W/audio_hw_generic( 1307): Not supplying enough data to HAL, expected position 5549762 , only wrote 5549756
12-09 07:44:20.820 W/audio_hw_generic( 1307): Not supplying enough data to HAL, expected position 5550777 , only wrote 5550417
12-09 07:44:20.857 W/audio_hw_generic( 1307): Hardware backing HAL too slow, could only write 0 of 661 frames
12-09 07:44:20.872 W/audio_hw_generic( 1307): Hardware backing HAL too slow, could only write 0 of 661 frames
12-09 07:44:20.888 W/audio_hw_generic( 1307): Hardware backing HAL too slow, could only write 0 of 661 frames
12-09 07:44:20.900 W/audio_hw_generic( 1307): Hardware backing HAL too slow, could only write 0 of 661 frames
12-09 07:44:20.925 W/audio_hw_generic( 1307): Hardware backing HAL too slow, could only write 0 of 661 frames
12-09 07:44:20.929 W/audio_hw_generic( 1307): Hardware backing HAL too slow, could only write 0 of 661 frames
12-09 07:44:20.963 W/audio_hw_generic( 1307): Hardware backing HAL too slow, could only write 0 of 661 frames
12-09 07:44:20.979 W/audio_hw_generic( 1307): Hardware backing HAL too slow, could only write 0 of 661 frames
12-09 07:44:21.101 W/audio_hw_generic( 1307): Not supplying enough data to HAL, expected position 5562797 , only wrote 5562315
12-09 07:44:21.101 W/audio_hw_generic( 1307): Not supplying enough data to HAL, expected position 5562321 , only wrote 5562315
12-09 07:44:21.122 W/audio_hw_generic( 1307): Not supplying enough data to HAL, expected position 5563232 , only wrote 5562976
12-09 07:44:21.135 I/System.out( 5980): URI: //map
12-09 07:44:21.135 I/System.out( 5980): params: {json={"query":"android.widget.Button index:0","operation":{"method_name":"query","arguments":[]}}
12-09 07:44:21.135 I/System.out( 5980): }
12-09 07:44:21.301 W/audio_hw_generic( 1307): Hardware backing HAL too slow, could only write 0 of 661 frames
12-09 07:44:21.385 W/audio_hw_generic( 1307): Not supplying enough data to HAL, expected position 5574578 , only wrote 5574213
12-09 07:44:21.385 W/audio_hw_generic( 1307): Not supplying enough data to HAL, expected position 5574220 , only wrote 5574213
12-09 07:44:21.405 W/audio_hw_generic( 1307): Not supplying enough data to HAL, expected position 5575100 , only wrote 5574874
12-09 07:44:21.406 W/audio_hw_generic( 1307): Hardware backing HAL too slow, could only write 0 of 661 frames
12-09 07:44:21.424 W/audio_hw_generic( 1307): Hardware backing HAL too slow, could only write 0 of 661 frames
12-09 07:44:21.440 W/audio_hw_generic( 1307): Hardware backing HAL too slow, could only write 0 of 661 frames
12-09 07:44:21.481 W/audio_hw_generic( 1307): Hardware backing HAL too slow, could only write 0 of 661 frames
12-09 07:44:21.609 W/audio_hw_generic( 1307): Not supplying enough data to HAL, expected position 5583850 , only wrote 5583467
12-09 07:44:21.609 W/audio_hw_generic( 1307): Not supplying enough data to HAL, expected position 5583473 , only wrote 5583467
12-09 07:44:21.628 W/audio_hw_generic( 1307): Not supplying enough data to HAL, expected position 5584287 , only wrote 5584128
12-09 07:44:21.725 W/audio_hw_generic( 1307): Not supplying enough data to HAL, expected position 5588414 , only wrote 5587433
12-09 07:44:21.725 W/audio_hw_generic( 1307): Not supplying enough data to HAL, expected position 5587439 , only wrote 5587433
12-09 07:44:21.839 I/System.out( 5980): URI: //gesture
12-09 07:44:21.839 I/System.out( 5980): params: {json={"query_timeout":5.0,"gestures":[{"query_string":"android.widget.Button index:0","touches":[{"x":50,"y":50,"offset_x":0,"offset_y":0,"wait":0.0,"time":0.2,"release":true,"query_string":null}]}]}
12-09 07:44:21.839 I/System.out( 5980): }
12-09 07:44:21.869 I/art     ( 5980): Background sticky concurrent mark sweep GC freed 50125(2MB) AllocSpace objects, 2(40KB) LOS objects, 15% free, 3MB/4MB, paused 3.268ms total 317.113ms
