--------- beginning of main
12-09 07:49:21.699 I/art     ( 1591): Background partial concurrent mark sweep GC freed 10062(717KB) AllocSpace objects, 6(120KB) LOS objects, 30% free, 9MB/13MB, paused 14.795ms total 140.691ms
12-09 07:49:21.745 W/audio_hw_generic( 1307): Not supplying enough data to HAL, expected position 10981034 , only wrote 10979210
12-09 07:49:21.745 W/audio_hw_generic( 1307): Not supplying enough data to HAL, expected position 10979217 , only wrote 10979210
12-09 07:49:21.754 W/art     ( 1591): Long monitor contention event with owner method=void com.android.server.wm.WindowAnimator$1.doFrame(long) from WindowAnimator.java:121 waiters=1 for 130ms
12-09 07:49:21.765 W/audio_hw_generic( 1307): Not supplying enough data to HAL, expected position 10980097 , only wrote 10979871
12-09 07:49:21.817 W/audio_hw_generic( 1307): Hardware backing HAL too slow, could only write 0 of 661 frames
12-09 07:49:21.833 W/audio_hw_generic( 1307): Hardware backing HAL too slow, could only write 0 of 661 frames
12-09 07:49:21.901 W/audio_hw_generic( 1307): Hardware backing HAL too slow, could only write 0 of 661 frames
12-09 07:49:21.901 W/audio_hw_generic( 1307): Not supplying enough data to HAL, expected position 10985845 , only wrote 10985159
12-09 07:49:21.901 W/audio_hw_generic( 1307): Not supplying enough data to HAL, expected position 10985164 , only wrote 10985159
12-09 07:49:21.917 W/audio_hw_generic( 1307): Not supplying enough data to HAL, expected position 10985844 , only wrote 10985820
12-09 07:49:21.974 W/art     ( 1591): Long monitor contention event with owner method=int com.android.server.wm.WindowManagerService.relayoutWindow(com.android.server.wm.Session, android.view.IWindow, int, android.view.WindowManager$LayoutParams, int, int, int, int, android.graphics.Rect, android.graphics.Rect, android.graphics.Rect, android.graphics.Rect, android.graphics.Rect, android.graphics.Rect, android.content.res.Configuration, android.view.Surface) from WindowManagerService.java:3103 waiters=0 for 200ms
12-09 07:49:21.984 W/audio_hw_generic( 1307): Hardware backing HAL too slow, could only write 0 of 661 frames
12-09 07:49:22.005 W/audio_hw_generic( 1307): Hardware backing HAL too slow, could only write 0 of 661 frames
12-09 07:49:22.022 W/audio_hw_generic( 1307): Not supplying enough data to HAL, expected position 10994538 , only wrote 10990447
12-09 07:49:22.197 D/EGL_emulation( 1946): eglMakeCurrent: 0x7f85871b4dc0: ver 2 0 (tinfo 0x7f8587182d60)
12-09 07:49:22.390 W/art     ( 1591): Long monitor contention event with owner method=void com.android.server.wm.WindowAnimator$1.doFrame(long) from WindowAnimator.java:121 waiters=0 for 155ms
12-09 07:49:22.525 W/art     ( 1591): Long monitor contention event with owner method=void com.android.server.wm.WindowAnimator$1.doFrame(long) from WindowAnimator.java:121 waiters=1 for 143ms
12-09 07:49:22.606 D/AndroidRuntime( 7568): >>>>>> START com.android.internal.os.RuntimeInit uid 0 <<<<<<
12-09 07:49:22.646 D/AndroidRuntime( 7568): CheckJNI is ON
12-09 07:49:22.715 D/ICU     ( 7568): No timezone override file found: /data/misc/zoneinfo/current/icu/icu_tzdata.dat
12-09 07:49:22.890 E/memtrack( 7568): Couldn't load memtrack module (No such file or directory)
12-09 07:49:22.890 E/android.os.Debug( 7568): failed to load memtrack module: -2
12-09 07:49:22.891 I/Radio-JNI( 7568): register_android_hardware_Radio DONE
12-09 07:49:22.929 D/AndroidRuntime( 7568): Calling main entry com.android.commands.am.Am
12-09 07:49:23.207 W/art     ( 1591): Long monitor contention event with owner method=void com.android.server.wm.WindowAnimator$1.doFrame(long) from WindowAnimator.java:121 waiters=2 for 225ms
12-09 07:49:23.277 W/art     ( 1591): Long monitor contention event with owner method=void com.android.server.wm.WindowAnimator$1.doFrame(long) from WindowAnimator.java:121 waiters=2 for 230ms
12-09 07:49:23.439 W/art     ( 1591): Long monitor contention event with owner method=void com.android.server.wm.WindowAnimator$1.doFrame(long) from WindowAnimator.java:121 waiters=2 for 232ms
12-09 07:49:23.525 W/art     ( 1591): Long monitor contention event with owner method=void com.android.server.wm.WindowAnimator$1.doFrame(long) from WindowAnimator.java:121 waiters=2 for 247ms
12-09 07:49:23.598 W/art     ( 1591): Long monitor contention event with owner method=void com.android.server.wm.WindowAnimator$1.doFrame(long) from WindowAnimator.java:121 waiters=2 for 158ms
12-09 07:49:23.598 W/art     ( 1591): Long monitor contention event with owner method=java.util.List com.android.server.am.ActivityManagerService.getAllStackInfos() from ActivityManagerService.java:8937 waiters=0 for 612ms
--------- beginning of system
12-09 07:49:23.598 I/ActivityManager( 1591): Force stopping com.evancharlton.mileage appid=10121 user=0: start instr
12-09 07:49:23.622 I/ActivityManager( 1591): Killing 7499:com.evancharlton.mileage/u0a121 (adj 0): stop com.evancharlton.mileage
12-09 07:49:23.743 W/ActivityManager( 1591): Crash of app com.evancharlton.mileage running instrumentation ComponentInfo{com.evancharlton.mileage.test/sh.calaba.instrumentationbackend.CalabashInstrumentationTestRunner}
12-09 07:49:23.743 I/ActivityManager( 1591): Force stopping com.evancharlton.mileage appid=10121 user=0: finished inst
12-09 07:49:24.101 W/art     ( 1591): Long monitor contention event with owner method=void com.android.server.wm.WindowAnimator$1.doFrame(long) from WindowAnimator.java:121 waiters=2 for 358ms
12-09 07:49:24.163 W/WindowAnimator( 1591): Failed to dispatch window animation state change.
12-09 07:49:24.163 W/WindowAnimator( 1591): android.os.DeadObjectException
12-09 07:49:24.163 W/WindowAnimator( 1591): 	at android.os.BinderProxy.transactNative(Native Method)
12-09 07:49:24.163 W/WindowAnimator( 1591): 	at android.os.BinderProxy.transact(Binder.java:503)
12-09 07:49:24.163 W/WindowAnimator( 1591): 	at android.view.IWindow$Stub$Proxy.onAnimationStopped(IWindow.java:534)
12-09 07:49:24.163 W/WindowAnimator( 1591): 	at com.android.server.wm.WindowAnimator.updateWindowsLocked(WindowAnimator.java:286)
12-09 07:49:24.163 W/WindowAnimator( 1591): 	at com.android.server.wm.WindowAnimator.animateLocked(WindowAnimator.java:678)
12-09 07:49:24.163 W/WindowAnimator( 1591): 	at com.android.server.wm.WindowAnimator.-wrap0(WindowAnimator.java)
12-09 07:49:24.163 W/WindowAnimator( 1591): 	at com.android.server.wm.WindowAnimator$1.doFrame(WindowAnimator.java:123)
12-09 07:49:24.163 W/WindowAnimator( 1591): 	at android.view.Choreographer$CallbackRecord.run(Choreographer.java:856)
12-09 07:49:24.163 W/WindowAnimator( 1591): 	at android.view.Choreographer.doCallbacks(Choreographer.java:670)
12-09 07:49:24.163 W/WindowAnimator( 1591): 	at android.view.Choreographer.doFrame(Choreographer.java:603)
12-09 07:49:24.163 W/WindowAnimator( 1591): 	at android.view.Choreographer$FrameDisplayEventReceiver.run(Choreographer.java:844)
12-09 07:49:24.163 W/WindowAnimator( 1591): 	at android.os.Handler.handleCallback(Handler.java:739)
12-09 07:49:24.163 W/WindowAnimator( 1591): 	at android.os.Handler.dispatchMessage(Handler.java:95)
12-09 07:49:24.163 W/WindowAnimator( 1591): 	at android.os.Looper.loop(Looper.java:148)
12-09 07:49:24.163 W/WindowAnimator( 1591): 	at android.os.HandlerThread.run(HandlerThread.java:61)
12-09 07:49:24.163 W/WindowAnimator( 1591): 	at com.android.server.ServiceThread.run(ServiceThread.java:46)
12-09 07:49:24.163 W/art     ( 1591): Long monitor contention event with owner method=void com.android.server.wm.WindowAnimator$1.doFrame(long) from WindowAnimator.java:121 waiters=2 for 282ms
12-09 07:49:24.428 W/art     ( 1591): Long monitor contention event with owner method=void com.android.server.wm.WindowAnimator$1.doFrame(long) from WindowAnimator.java:121 waiters=2 for 327ms
12-09 07:49:24.447 W/art     ( 1591): Long monitor contention event with owner method=void com.android.server.wm.WindowAnimator$1.doFrame(long) from WindowAnimator.java:121 waiters=2 for 283ms
12-09 07:49:24.447 I/WindowState( 1591): WIN DEATH: Window{9574330 u0 com.evancharlton.mileage/com.evancharlton.mileage.Mileage EXITING}
12-09 07:49:24.448 W/WindowManager( 1591): Failed looking up window
12-09 07:49:24.448 W/WindowManager( 1591): java.lang.IllegalArgumentException: Requested window android.os.BinderProxy@a35bcdb does not exist
12-09 07:49:24.448 W/WindowManager( 1591): 	at com.android.server.wm.WindowManagerService.windowForClientLocked(WindowManagerService.java:8733)
12-09 07:49:24.448 W/WindowManager( 1591): 	at com.android.server.wm.WindowManagerService.windowForClientLocked(WindowManagerService.java:8724)
12-09 07:49:24.448 W/WindowManager( 1591): 	at com.android.server.wm.WindowState$DeathRecipient.binderDied(WindowState.java:1209)
12-09 07:49:24.448 W/WindowManager( 1591): 	at android.os.BinderProxy.sendDeathNotice(Binder.java:558)
12-09 07:49:24.448 I/WindowState( 1591): WIN DEATH: null
12-09 07:49:24.477 I/ActivityManager( 1591): Start proc 7577:com.evancharlton.mileage/u0a121 for added application com.evancharlton.mileage
12-09 07:49:24.478 D/AndroidRuntime( 7568): Shutting down VM
12-09 07:49:24.497 W/art     ( 1591): Long monitor contention event with owner method=java.util.List com.android.server.am.ActivityManagerService.getAllStackInfos() from ActivityManagerService.java:8937 waiters=1 for 1.445s
12-09 07:49:24.529 W/art     ( 1591): Long monitor contention event with owner method=java.util.List com.android.server.am.ActivityManagerService.getAllStackInfos() from ActivityManagerService.java:8937 waiters=2 for 952ms
12-09 07:49:24.606 W/art     ( 1591): Long monitor contention event with owner method=boolean com.android.server.am.ActivityManagerService.startInstrumentation(android.content.ComponentName, java.lang.String, int, android.os.Bundle, android.app.IInstrumentationWatcher, android.app.IUiAutomationConnection, int, java.lang.String) from ActivityManagerService.java:17066 waiters=2 for 984ms
12-09 07:49:24.606 W/art     ( 1591): Long monitor contention event with owner method=boolean com.android.server.am.ActivityManagerService.startInstrumentation(android.content.ComponentName, java.lang.String, int, android.os.Bundle, android.app.IInstrumentationWatcher, android.app.IUiAutomationConnection, int, java.lang.String) from ActivityManagerService.java:17066 waiters=3 for 981ms
12-09 07:49:24.607 W/art     ( 1591): Long monitor contention event with owner method=boolean com.android.server.am.ActivityManagerService.startInstrumentation(android.content.ComponentName, java.lang.String, int, android.os.Bundle, android.app.IInstrumentationWatcher, android.app.IUiAutomationConnection, int, java.lang.String) from ActivityManagerService.java:17066 waiters=4 for 885ms
12-09 07:49:24.607 W/ActivityManager( 1591): Spurious death for ProcessRecord{b9cec53 0:com.evancharlton.mileage/u0a121}, curProc for 7499: null
12-09 07:49:24.617 W/InputMethodManagerService( 1591): Got RemoteException sending setActive(false) notification to pid 7499 uid 10121
12-09 07:49:24.802 W/art     ( 1591): Long monitor contention event with owner method=void com.android.server.wm.WindowAnimator$1.doFrame(long) from WindowAnimator.java:121 waiters=0 for 185ms
12-09 07:49:24.999 W/System  ( 7577): ClassLoader referenced unknown path: /data/app/com.evancharlton.mileage.test-1/lib/x86_64
12-09 07:49:25.000 W/System  ( 7577): ClassLoader referenced unknown path: /data/app/com.evancharlton.mileage-1/lib/x86_64
12-09 07:49:25.102 I/System.out( 7577): Main activity name automatically set to: com.evancharlton.mileage.Mileage
12-09 07:49:25.102 I/System.out( 7577): Calabash did not load Mono. This is only a problem if you are trying to test a Mono application
12-09 07:49:25.102 I/calabash( 7577): Test server port: 7102
12-09 07:49:25.103 I/InstrumentationBackend( 7577): Added:'GetPreferences', with key:'get_preferences'
12-09 07:49:25.188 W/art     ( 1591): Long monitor contention event with owner method=void com.android.server.wm.WindowAnimator$1.doFrame(long) from WindowAnimator.java:121 waiters=0 for 133ms
12-09 07:49:25.197 I/InstrumentationBackend( 7577): Added:'SetPreferences', with key:'set_preferences'
12-09 07:49:25.205 I/InstrumentationBackend( 7577): Added:'ClearPreferences', with key:'clear_preferences'
12-09 07:49:25.205 I/InstrumentationBackend( 7577): Added:'PressElement', with key:'press_l10n_element'
12-09 07:49:25.205 I/InstrumentationBackend( 7577): Added:'WaitForElement', with key:'wait_for_l10n_element'
12-09 07:49:25.206 I/InstrumentationBackend( 7577): Added:'NullAction', with key:'nullAction'
12-09 07:49:25.206 I/InstrumentationBackend( 7577): Added:'PressKey', with key:'press_key'
12-09 07:49:25.206 I/InstrumentationBackend( 7577): Added:'SetActivityOrientation', with key:'set_activity_orientation'
12-09 07:49:25.206 I/InstrumentationBackend( 7577): Added:'GetActivityOrientation', with key:'get_activity_orientation'
12-09 07:49:25.206 I/InstrumentationBackend( 7577): Added:'FakeGPSLocation', with key:'set_gps_coordinates'
12-09 07:49:25.206 I/InstrumentationBackend( 7577): Added:'SetPropertyByCssSelector', with key:'set_property_by_css_selector'
12-09 07:49:25.207 I/InstrumentationBackend( 7577): Added:'GetUrl', with key:'get_url'
12-09 07:49:25.207 I/InstrumentationBackend( 7577): Added:'ScrollTo', with key:'scroll_to'
12-09 07:49:25.207 I/InstrumentationBackend( 7577): Added:'GetLoadProgress', with key:'get_load_progress'
12-09 07:49:25.208 I/InstrumentationBackend( 7577): Added:'DumpHtml', with key:'dump_html'
12-09 07:49:25.274 I/InstrumentationBackend( 7577): Added:'DumpBodyHtml', with key:'dump_body_html'
12-09 07:49:25.275 I/InstrumentationBackend( 7577): Added:'EnterTextByCssSelector', with key:'enter_text_by_selector'
12-09 07:49:25.276 I/InstrumentationBackend( 7577): Added:'AndroidSDKVersion', with key:'android_sdk_version'
12-09 07:49:25.276 I/InstrumentationBackend( 7577): Added:'Version', with key:'version'
12-09 07:49:25.276 I/InstrumentationBackend( 7577): Added:'Drag', with key:'drag'
12-09 07:49:25.276 I/InstrumentationBackend( 7577): Added:'TouchCoordinates', with key:'touch_coordinate'
12-09 07:49:25.276 I/InstrumentationBackend( 7577): Added:'LongPressCoordinate', with key:'long_press_coordinate'
12-09 07:49:25.292 I/InstrumentationBackend( 7577): Added:'DragCoordinates', with key:'drag_coordinates'
12-09 07:49:25.292 I/InstrumentationBackend( 7577): Added:'ResumeApplication', with key:'resume_application'
12-09 07:49:25.292 I/InstrumentationBackend( 7577): Added:'Swipe', with key:'swipe'
12-09 07:49:25.292 I/InstrumentationBackend( 7577): Added:'DoubleTapCoordinate', with key:'double_tap_coordinate'
12-09 07:49:25.294 I/InstrumentationBackend( 7577): Added:'ClickOnScreen', with key:'click_on_screen'
12-09 07:49:25.294 I/InstrumentationBackend( 7577): Added:'GetActivityName', with key:'get_activity_name'
12-09 07:49:25.294 I/InstrumentationBackend( 7577): Added:'ScrollToView', with key:'scroll_to_view'
12-09 07:49:25.294 I/InstrumentationBackend( 7577): Added:'ViewConfiguration', with key:'view_configuration'
12-09 07:49:25.294 I/InstrumentationBackend( 7577): Added:'IsCurrentActivityFocused', with key:'is_current_activity_focused'
12-09 07:49:25.295 I/InstrumentationBackend( 7577): Added:'SendTcp', with key:'send_tcp'
12-09 07:49:25.295 I/InstrumentationBackend( 7577): Added:'DpToDevicePixel', with key:'dp_to_device_pixel'
12-09 07:49:25.295 I/InstrumentationBackend( 7577): Added:'KeyboardEnterText', with key:'keyboard_enter_text'
12-09 07:49:25.295 I/InstrumentationBackend( 7577): Added:'DeleteSurroundingText', with key:'delete_surrounding_text'
12-09 07:49:25.295 I/InstrumentationBackend( 7577): Added:'SetComposingRegion', with key:'set_composing_region'
12-09 07:49:25.296 I/InstrumentationBackend( 7577): Added:'SetSelection', with key:'set_selection'
12-09 07:49:25.296 I/InstrumentationBackend( 7577): Added:'KeyboardKeyEvent', with key:'keyboard_key_event'
12-09 07:49:25.296 I/InstrumentationBackend( 7577): Added:'PressUserActionButton', with key:'press_user_action_button'
12-09 07:49:25.321 I/InstrumentationBackend( 7577): Added:'HideSoftKeyboard', with key:'hide_soft_keyboard'
12-09 07:49:25.321 I/InstrumentationBackend( 7577): Added:'ListActions', with key:'list_actions'
12-09 07:49:25.322 I/calabash( 7577): Instantiating http server at 7102
12-09 07:49:25.322 I/System.out( 7577): HTTP Daemon listening on: 7102
12-09 07:49:25.382 W/art     ( 1591): Long monitor contention event with owner method=void com.android.server.wm.WindowAnimator$1.doFrame(long) from WindowAnimator.java:121 waiters=0 for 194ms
12-09 07:49:25.582 I/System.out( 7577): URI: //ping
12-09 07:49:25.582 I/System.out( 7577): params: {json={}
12-09 07:49:25.582 I/System.out( 7577): }
12-09 07:49:25.641 I/System.out( 7577): URI: //ping
12-09 07:49:25.641 I/System.out( 7577): params: {json={}
12-09 07:49:25.641 I/System.out( 7577): }
12-09 07:49:25.767 I/System.out( 7577): URI: //ready
12-09 07:49:25.767 I/System.out( 7577): params: {json={}
12-09 07:49:25.767 I/System.out( 7577): }
12-09 07:49:25.913 I/System.out( 7577): URI: //
12-09 07:49:25.913 I/System.out( 7577): params: {json={"command":"version","arguments":[]}
12-09 07:49:25.913 I/System.out( 7577): }
12-09 07:49:25.913 I/System.out( 7577): header: {date=Sun, 09 Dec 2018 07:49:25 GMT, accept=*/*, content-length=36, host=127.0.0.1:34777, user-agent=HTTPClient/1.0 (2.8.3, ruby 2.3.1 (2016-04-26)), content-type=application/json;charset=utf-8}
12-09 07:49:25.913 I/System.out( 7577): params: {json={"command":"version","arguments":[]}
12-09 07:49:25.913 I/System.out( 7577): }
12-09 07:49:25.914 I/System.out( 7577): ProP json = {"command":"version","arguments":[]}
12-09 07:49:25.914 I/System.out( 7577): files: {}
12-09 07:49:25.914 I/System.out( 7577): command: {"command":"version","arguments":[]}
12-09 07:49:25.943 I/InstrumentationBackend( 7577): Got command:'Command:'Line:null,version', arguments:'[]'
12-09 07:49:25.990 I/System.out( 7577): result:{"bonusInformation":[],"message":"0.9.8","success":true}
12-09 07:49:26.074 I/System.out( 7577): URI: //start-application
12-09 07:49:26.074 I/System.out( 7577): params: {json={"intent":null}
12-09 07:49:26.074 I/System.out( 7577): }
12-09 07:49:26.304 W/art     ( 1591): Long monitor contention event with owner method=void com.android.server.wm.WindowAnimator$1.doFrame(long) from WindowAnimator.java:121 waiters=1 for 159ms
12-09 07:49:26.487 W/art     ( 1591): Long monitor contention event with owner method=void com.android.server.wm.WindowAnimator$1.doFrame(long) from WindowAnimator.java:121 waiters=1 for 304ms
12-09 07:49:26.905 W/art     ( 1591): Long monitor contention event with owner method=void com.android.server.wm.WindowManagerService$H.handleMessage(android.os.Message) from WindowManagerService.java:8000 waiters=1 for 226ms
12-09 07:49:26.907 I/ActivityManager( 1591): START u0 {act=android.intent.action.MAIN cat=[android.intent.category.LAUNCHER] flg=0x10200000 cmp=com.evancharlton.mileage/.Mileage} from uid 10121 on display 0
12-09 07:49:26.908 W/art     ( 1591): Long monitor contention event with owner method=com.android.internal.view.InputBindResult com.android.server.InputMethodManagerService.windowGainedFocus(com.android.internal.view.IInputMethodClient, android.os.IBinder, int, int, int, android.view.inputmethod.EditorInfo, com.android.internal.view.IInputContext) from InputMethodManagerService.java:2177 waiters=0 for 3.331s
12-09 07:49:26.908 W/art     ( 1591): Long monitor contention event with owner method=com.android.internal.view.InputBindResult com.android.server.InputMethodManagerService.windowGainedFocus(com.android.internal.view.IInputMethodClient, android.os.IBinder, int, int, int, android.view.inputmethod.EditorInfo, com.android.internal.view.IInputContext) from InputMethodManagerService.java:2177 waiters=1 for 3.186s
12-09 07:49:26.909 I/Choreographer( 1946): Skipped 281 frames!  The application may be doing too much work on its main thread.
12-09 07:49:27.060 D/EGL_emulation( 1876): eglMakeCurrent: 0x7f857b5181c0: ver 2 0 (tinfo 0x7f857b515660)
12-09 07:49:27.062 E/Surface ( 1876): getSlotFromBufferLocked: unknown buffer: 0x7f857b5165a0
12-09 07:49:27.114 W/WindowState( 1591): Failed to report 'resized' to the client of Window{9574330 u0 com.evancharlton.mileage/com.evancharlton.mileage.Mileage EXITING}, removing this window.
12-09 07:49:27.116 W/art     ( 1591): Long monitor contention event with owner method=void com.android.server.wm.WindowManagerService.attachStack(int, int) from WindowManagerService.java:5157 waiters=0 for 206ms
12-09 07:49:27.137 E/WindowState( 1591): getStack: Window{9574330 u0 com.evancharlton.mileage/com.evancharlton.mileage.Mileage EXITING} couldn't find task for AppWindowToken{9e86918 token=Token{ffa24fb ActivityRecord{d7da68a u0 com.evancharlton.mileage/.Mileage t363}}} Callers=com.android.server.wm.WindowState.getDisplayContent:847 com.android.server.wm.WindowState.getWindowList:1457 com.android.server.wm.WindowManagerService.findDesiredInputMethodWindowIndexLocked:1464 com.android.server.wm.WindowManagerService.moveInputMethodWindowsIfNeededLocked:1684 
12-09 07:49:27.364 D/gralloc_ranchu( 1223): gralloc_alloc: Creating ashmem region of size 3686400
12-09 07:49:27.395 I/calabash( 7577): newActivity1
12-09 07:49:27.456 I/calabash( 7577): newActivity1
12-09 07:49:27.470 W/ActivityManager( 1591): Bad activity token: android.os.BinderProxy@69611f2
12-09 07:49:27.470 W/ActivityManager( 1591): java.lang.ClassCastException: android.os.BinderProxy cannot be cast to com.android.server.am.ActivityRecord$Token
12-09 07:49:27.470 W/ActivityManager( 1591): 	at com.android.server.am.ActivityRecord.forTokenLocked(ActivityRecord.java:424)
12-09 07:49:27.470 W/ActivityManager( 1591): 	at com.android.server.am.ActivityRecord.isInStackLocked(ActivityRecord.java:1121)
12-09 07:49:27.470 W/ActivityManager( 1591): 	at com.android.server.am.ActivityRecord.getStackLocked(ActivityRecord.java:1126)
12-09 07:49:27.470 W/ActivityManager( 1591): 	at com.android.server.am.ActivityManagerService.getActivityDisplayId(ActivityManagerService.java:8889)
12-09 07:49:27.470 W/ActivityManager( 1591): 	at android.app.ActivityManagerNative.onTransact(ActivityManagerNative.java:2338)
12-09 07:49:27.470 W/ActivityManager( 1591): 	at com.android.server.am.ActivityManagerService.onTransact(ActivityManagerService.java:2443)
12-09 07:49:27.470 W/ActivityManager( 1591): 	at android.os.Binder.execTransact(Binder.java:453)
12-09 07:49:27.471 W/ActivityManager( 1591): Bad activity token: android.os.BinderProxy@69611f2
12-09 07:49:27.471 W/ActivityManager( 1591): java.lang.ClassCastException: android.os.BinderProxy cannot be cast to com.android.server.am.ActivityRecord$Token
12-09 07:49:27.471 W/ActivityManager( 1591): 	at com.android.server.am.ActivityRecord.forTokenLocked(ActivityRecord.java:424)
12-09 07:49:27.471 W/ActivityManager( 1591): 	at com.android.server.am.ActivityRecord.isInStackLocked(ActivityRecord.java:1121)
12-09 07:49:27.471 W/ActivityManager( 1591): 	at com.android.server.am.ActivityManagerService.setTaskDescription(ActivityManagerService.java:8547)
12-09 07:49:27.471 W/ActivityManager( 1591): 	at android.app.ActivityManagerNative.onTransact(ActivityManagerNative.java:2410)
12-09 07:49:27.471 W/ActivityManager( 1591): 	at com.android.server.am.ActivityManagerService.onTransact(ActivityManagerService.java:2443)
12-09 07:49:27.471 W/ActivityManager( 1591): 	at android.os.Binder.execTransact(Binder.java:453)
12-09 07:49:27.560 W/ActivityManager( 1591): Bad activity token: android.os.BinderProxy@69611f2
12-09 07:49:27.560 W/ActivityManager( 1591): java.lang.ClassCastException: android.os.BinderProxy cannot be cast to com.android.server.am.ActivityRecord$Token
12-09 07:49:27.560 W/ActivityManager( 1591): 	at com.android.server.am.ActivityRecord.forTokenLocked(ActivityRecord.java:424)
12-09 07:49:27.560 W/ActivityManager( 1591): 	at com.android.server.am.ActivityRecord.isInStackLocked(ActivityRecord.java:1121)
12-09 07:49:27.560 W/ActivityManager( 1591): 	at com.android.server.am.ActivityManagerService.getActivityOptions(ActivityManagerService.java:11038)
12-09 07:49:27.560 W/ActivityManager( 1591): 	at android.app.ActivityManagerNative.onTransact(ActivityManagerNative.java:1734)
12-09 07:49:27.560 W/ActivityManager( 1591): 	at com.android.server.am.ActivityManagerService.onTransact(ActivityManagerService.java:2443)
12-09 07:49:27.560 W/ActivityManager( 1591): 	at android.os.Binder.execTransact(Binder.java:453)
12-09 07:49:27.561 W/ActivityManager( 1591): Bad activity token: android.os.BinderProxy@69611f2
12-09 07:49:27.561 W/ActivityManager( 1591): java.lang.ClassCastException: android.os.BinderProxy cannot be cast to com.android.server.am.ActivityRecord$Token
12-09 07:49:27.561 W/ActivityManager( 1591): 	at com.android.server.am.ActivityRecord.forTokenLocked(ActivityRecord.java:424)
12-09 07:49:27.561 W/ActivityManager( 1591): 	at com.android.server.am.ActivityRecord.isInStackLocked(ActivityRecord.java:1121)
12-09 07:49:27.561 W/ActivityManager( 1591): 	at com.android.server.am.ActivityManagerService.getActivityOptions(ActivityManagerService.java:11038)
12-09 07:49:27.561 W/ActivityManager( 1591): 	at android.app.ActivityManagerNative.onTransact(ActivityManagerNative.java:1734)
12-09 07:49:27.561 W/ActivityManager( 1591): 	at com.android.server.am.ActivityManagerService.onTransact(ActivityManagerService.java:2443)
12-09 07:49:27.561 W/ActivityManager( 1591): 	at android.os.Binder.execTransact(Binder.java:453)
12-09 07:49:27.582 W/OpenGLRenderer( 1946): Incorrectly called buildLayer on View: ShortcutAndWidgetContainer, destroying layer...
12-09 07:49:27.797 I/art     ( 7577): Background sticky concurrent mark sweep GC freed 1936(334KB) AllocSpace objects, 0(0B) LOS objects, 17% free, 1852KB/2MB, paused 1.020ms total 235.298ms
12-09 07:49:27.846 D/EGL_emulation( 1946): eglMakeCurrent: 0x7f85871b4dc0: ver 2 0 (tinfo 0x7f8587182d60)
12-09 07:49:27.866 E/Surface ( 1946): getSlotFromBufferLocked: unknown buffer: 0x7f85871b5c20
12-09 07:49:27.873 V/PhoneStatusBar( 1692): setLightsOn(true)
12-09 07:49:28.083 W/art     ( 1591): Long monitor contention event with owner method=void com.android.server.wm.WindowAnimator$1.doFrame(long) from WindowAnimator.java:121 waiters=0 for 216ms
12-09 07:49:28.350 D/gralloc_ranchu( 1223): gralloc_alloc: Creating ashmem region of size 3686400
12-09 07:49:28.476 D/        ( 7577): HostConnection::get() New Host Connection established 0x7f85837bcfe0, tid 7577
12-09 07:49:28.559 W/art     ( 1591): Long monitor contention event with owner method=void com.android.server.wm.WindowAnimator$1.doFrame(long) from WindowAnimator.java:121 waiters=0 for 145ms
12-09 07:49:28.784 D/gralloc_ranchu( 1223): gralloc_alloc: Creating ashmem region of size 3686400
12-09 07:49:28.790 I/ActivityManager( 1591): Displayed com.evancharlton.mileage/.Mileage: +1s422ms
12-09 07:49:30.109 I/System.out( 7577): URI: //map
12-09 07:49:30.109 I/System.out( 7577): params: {json={"query":"android.widget.EditText id:'price'","operation":{"method_name":"query","arguments":[]}}
12-09 07:49:30.109 I/System.out( 7577): }
12-09 07:49:30.150 W/ResourceType( 7577): No package identifier when getting name for resource number 0x00000001
12-09 07:49:30.188 W/art     ( 7577): Suspending all threads took: 6.248ms
12-09 07:49:30.217 I/art     ( 7577): Background sticky concurrent mark sweep GC freed 49685(2MB) AllocSpace objects, 2(40KB) LOS objects, 30% free, 2MB/3MB, paused 15.130ms total 58.228ms
12-09 07:49:30.322 I/System.out( 7577): URI: //gesture
12-09 07:49:30.328 I/System.out( 7577): params: {json={"query_timeout":5.0,"gestures":[{"query_string":"android.widget.EditText id:'price'","touches":[{"x":50,"y":50,"offset_x":0,"offset_y":0,"wait":0.0,"time":0.2,"release":true,"query_string":null}]}]}
12-09 07:49:30.328 I/System.out( 7577): }
12-09 07:49:30.347 W/ResourceType( 7577): No package identifier when getting name for resource number 0x00000001
12-09 07:49:30.405 I/art     ( 7577): Background sticky concurrent mark sweep GC freed 17824(842KB) AllocSpace objects, 2(40KB) LOS objects, 27% free, 2MB/3MB, paused 21.286ms total 48.015ms
12-09 07:49:30.729 I/LatinIME( 1876): Starting input. Cursor position = 0,0
12-09 07:49:30.903 I/art     ( 7577): Background partial concurrent mark sweep GC freed 18156(908KB) AllocSpace objects, 2(40KB) LOS objects, 39% free, 2MB/4MB, paused 14.043ms total 188.048ms
12-09 07:49:31.204 D/EGL_emulation( 1876): eglMakeCurrent: 0x7f857b5181c0: ver 2 0 (tinfo 0x7f857b515660)
12-09 07:49:31.399 D/gralloc_ranchu( 1223): gralloc_alloc: Creating ashmem region of size 3686400
12-09 07:49:31.413 I/System.out( 7577): URI: //
12-09 07:49:31.413 I/System.out( 7577): params: {json={"command":"set_selection","arguments":[-1,-1]}
12-09 07:49:31.413 I/System.out( 7577): }
12-09 07:49:31.413 I/System.out( 7577): header: {date=Sun, 09 Dec 2018 07:49:31 GMT, accept=*/*, content-length=47, host=127.0.0.1:34777, user-agent=HTTPClient/1.0 (2.8.3, ruby 2.3.1 (2016-04-26)), content-type=application/json;charset=utf-8}
12-09 07:49:31.413 I/System.out( 7577): params: {json={"command":"set_selection","arguments":[-1,-1]}
12-09 07:49:31.413 I/System.out( 7577): }
12-09 07:49:31.414 I/System.out( 7577): ProP json = {"command":"set_selection","arguments":[-1,-1]}
12-09 07:49:31.414 I/System.out( 7577): files: {}
12-09 07:49:31.414 I/System.out( 7577): command: {"command":"set_selection","arguments":[-1,-1]}
12-09 07:49:31.415 I/InstrumentationBackend( 7577): Got command:'Command:'Line:null,set_selection', arguments:'[-1, -1]'
12-09 07:49:31.555 I/System.out( 7577): result:{"bonusInformation":[],"message":"","success":true}
12-09 07:49:31.669 I/System.out( 7577): URI: //
12-09 07:49:31.669 I/System.out( 7577): params: {json={"command":"keyboard_enter_text","arguments":["23"]}
12-09 07:49:31.669 I/System.out( 7577): }
12-09 07:49:31.669 I/System.out( 7577): header: {date=Sun, 09 Dec 2018 07:49:31 GMT, accept=*/*, content-length=52, host=127.0.0.1:34777, user-agent=HTTPClient/1.0 (2.8.3, ruby 2.3.1 (2016-04-26)), content-type=application/json;charset=utf-8}
12-09 07:49:31.669 I/System.out( 7577): params: {json={"command":"keyboard_enter_text","arguments":["23"]}
12-09 07:49:31.669 I/System.out( 7577): }
12-09 07:49:31.669 I/System.out( 7577): ProP json = {"command":"keyboard_enter_text","arguments":["23"]}
12-09 07:49:31.669 I/System.out( 7577): files: {}
12-09 07:49:31.669 I/System.out( 7577): command: {"command":"keyboard_enter_text","arguments":["23"]}
12-09 07:49:31.670 I/InstrumentationBackend( 7577): Got command:'Command:'Line:null,keyboard_enter_text', arguments:'[23]'
12-09 07:49:31.671 E/SpannableStringBuilder( 7577): SPAN_EXCLUSIVE_EXCLUSIVE spans cannot have a zero length
12-09 07:49:31.671 E/SpannableStringBuilder( 7577): SPAN_EXCLUSIVE_EXCLUSIVE spans cannot have a zero length
12-09 07:49:32.007 E/SpannableStringBuilder( 7577): SPAN_EXCLUSIVE_EXCLUSIVE spans cannot have a zero length
12-09 07:49:32.007 E/SpannableStringBuilder( 7577): SPAN_EXCLUSIVE_EXCLUSIVE spans cannot have a zero length
12-09 07:49:32.025 I/System.out( 7577): result:{"bonusInformation":[],"message":"","success":true}
12-09 07:49:32.673 E/SurfaceFlinger( 1223): ro.sf.lcd_density must be defined as a build property
12-09 07:49:32.675 D/gralloc_ranchu( 1223): gralloc_alloc: Creating ashmem region of size 3686400
12-09 07:49:32.809 D/        ( 7608): HostConnection::get() New Host Connection established 0x7f7a7ced2480, tid 7608
12-09 07:49:32.833 E/EGL_emulation( 1223): tid 1223: eglCreateSyncKHR(1881): error 0x3004 (EGL_BAD_ATTRIBUTE)
12-09 07:49:33.897 I/System.out( 7577): URI: //map
12-09 07:49:33.897 I/System.out( 7577): params: {json={"query":"android.widget.EditText id:'volume'","operation":{"method_name":"query","arguments":[]}}
12-09 07:49:33.897 I/System.out( 7577): }
12-09 07:49:33.934 W/ResourceType( 7577): No package identifier when getting name for resource number 0x00000001
12-09 07:49:34.159 I/art     ( 7577): Background sticky concurrent mark sweep GC freed 86982(3MB) AllocSpace objects, 9(180KB) LOS objects, 51% free, 2MB/4MB, paused 5.975ms total 241.147ms
12-09 07:49:34.160 I/System.out( 7577): URI: //gesture
12-09 07:49:34.160 I/System.out( 7577): params: {json={"query_timeout":5.0,"gestures":[{"query_string":"android.widget.EditText id:'volume'","touches":[{"x":50,"y":50,"offset_x":0,"offset_y":0,"wait":0.0,"time":0.2,"release":true,"query_string":null}]}]}
12-09 07:49:34.160 I/System.out( 7577): }
12-09 07:49:34.252 W/ResourceType( 7577): No package identifier when getting name for resource number 0x00000001
12-09 07:49:34.830 I/LatinIME( 1876): Starting input. Cursor position = 0,0
12-09 07:49:35.009 I/art     ( 7577): Background sticky concurrent mark sweep GC freed 45552(2MB) AllocSpace objects, 3(60KB) LOS objects, 52% free, 2MB/4MB, paused 1ms total 120.282ms
12-09 07:49:35.466 I/System.out( 7577): URI: //
12-09 07:49:35.466 I/System.out( 7577): params: {json={"command":"set_selection","arguments":[-1,-1]}
12-09 07:49:35.466 I/System.out( 7577): }
12-09 07:49:35.466 I/System.out( 7577): header: {date=Sun, 09 Dec 2018 07:49:35 GMT, accept=*/*, content-length=47, host=127.0.0.1:34777, user-agent=HTTPClient/1.0 (2.8.3, ruby 2.3.1 (2016-04-26)), content-type=application/json;charset=utf-8}
12-09 07:49:35.466 I/System.out( 7577): params: {json={"command":"set_selection","arguments":[-1,-1]}
12-09 07:49:35.466 I/System.out( 7577): }
12-09 07:49:35.466 I/System.out( 7577): ProP json = {"command":"set_selection","arguments":[-1,-1]}
12-09 07:49:35.466 I/System.out( 7577): files: {}
12-09 07:49:35.466 I/System.out( 7577): command: {"command":"set_selection","arguments":[-1,-1]}
12-09 07:49:35.467 I/InstrumentationBackend( 7577): Got command:'Command:'Line:null,set_selection', arguments:'[-1, -1]'
12-09 07:49:35.480 I/System.out( 7577): result:{"bonusInformation":[],"message":"","success":true}
12-09 07:49:35.629 I/art     ( 1876): WaitForGcToComplete blocked for 8.870ms for cause Background
12-09 07:49:35.725 I/System.out( 7577): URI: //
12-09 07:49:35.728 I/System.out( 7577): params: {json={"command":"keyboard_enter_text","arguments":["49"]}
12-09 07:49:35.728 I/System.out( 7577): }
12-09 07:49:35.728 I/System.out( 7577): header: {date=Sun, 09 Dec 2018 07:49:35 GMT, accept=*/*, content-length=52, host=127.0.0.1:34777, user-agent=HTTPClient/1.0 (2.8.3, ruby 2.3.1 (2016-04-26)), content-type=application/json;charset=utf-8}
12-09 07:49:35.729 I/System.out( 7577): params: {json={"command":"keyboard_enter_text","arguments":["49"]}
12-09 07:49:35.729 I/System.out( 7577): }
12-09 07:49:35.729 I/System.out( 7577): ProP json = {"command":"keyboard_enter_text","arguments":["49"]}
12-09 07:49:35.729 I/System.out( 7577): files: {}
12-09 07:49:35.729 I/System.out( 7577): command: {"command":"keyboard_enter_text","arguments":["49"]}
12-09 07:49:35.732 I/InstrumentationBackend( 7577): Got command:'Command:'Line:null,keyboard_enter_text', arguments:'[49]'
12-09 07:49:35.732 E/SpannableStringBuilder( 7577): SPAN_EXCLUSIVE_EXCLUSIVE spans cannot have a zero length
12-09 07:49:35.732 E/SpannableStringBuilder( 7577): SPAN_EXCLUSIVE_EXCLUSIVE spans cannot have a zero length
12-09 07:49:35.733 E/SpannableStringBuilder( 7577): SPAN_EXCLUSIVE_EXCLUSIVE spans cannot have a zero length
12-09 07:49:35.733 E/SpannableStringBuilder( 7577): SPAN_EXCLUSIVE_EXCLUSIVE spans cannot have a zero length
12-09 07:49:35.746 I/System.out( 7577): result:{"bonusInformation":[],"message":"","success":true}
12-09 07:49:36.266 E/SurfaceFlinger( 1223): ro.sf.lcd_density must be defined as a build property
12-09 07:49:36.267 D/gralloc_ranchu( 1223): gralloc_alloc: Creating ashmem region of size 3686400
12-09 07:49:36.397 D/        ( 7618): HostConnection::get() New Host Connection established 0x7f51026d2480, tid 7618
12-09 07:49:36.441 E/EGL_emulation( 1223): tid 1223: eglCreateSyncKHR(1881): error 0x3004 (EGL_BAD_ATTRIBUTE)
12-09 07:49:37.431 I/System.out( 7577): URI: //map
12-09 07:49:37.431 I/System.out( 7577): params: {json={"query":"android.widget.EditText id:'odometer'","operation":{"method_name":"query","arguments":[]}}
12-09 07:49:37.431 I/System.out( 7577): }
12-09 07:49:37.444 W/ResourceType( 7577): No package identifier when getting name for resource number 0x00000001
12-09 07:49:37.618 I/System.out( 7577): URI: //gesture
12-09 07:49:37.618 I/System.out( 7577): params: {json={"query_timeout":5.0,"gestures":[{"query_string":"android.widget.EditText id:'odometer'","touches":[{"x":50,"y":50,"offset_x":0,"offset_y":0,"wait":0.0,"time":0.2,"release":true,"query_string":null}]}]}
12-09 07:49:37.618 I/System.out( 7577): }
12-09 07:49:37.745 I/art     ( 7577): Background sticky concurrent mark sweep GC freed 72344(3MB) AllocSpace objects, 9(180KB) LOS objects, 42% free, 2MB/4MB, paused 1.211ms total 297.724ms
12-09 07:49:37.827 W/ResourceType( 7577): No package identifier when getting name for resource number 0x00000001
12-09 07:49:38.263 I/LatinIME( 1876): Starting input. Cursor position = 0,0
12-09 07:49:38.363 I/art     ( 7577): Background partial concurrent mark sweep GC freed 47102(2MB) AllocSpace objects, 6(120KB) LOS objects, 40% free, 2MB/3MB, paused 11.728ms total 60.344ms
12-09 07:49:38.857 I/System.out( 7577): URI: //
12-09 07:49:38.857 I/System.out( 7577): params: {json={"command":"set_selection","arguments":[-1,-1]}
12-09 07:49:38.857 I/System.out( 7577): }
12-09 07:49:38.857 I/System.out( 7577): header: {date=Sun, 09 Dec 2018 07:49:38 GMT, accept=*/*, content-length=47, host=127.0.0.1:34777, user-agent=HTTPClient/1.0 (2.8.3, ruby 2.3.1 (2016-04-26)), content-type=application/json;charset=utf-8}
12-09 07:49:38.857 I/System.out( 7577): params: {json={"command":"set_selection","arguments":[-1,-1]}
12-09 07:49:38.857 I/System.out( 7577): }
12-09 07:49:38.857 I/System.out( 7577): ProP json = {"command":"set_selection","arguments":[-1,-1]}
12-09 07:49:38.857 I/System.out( 7577): files: {}
12-09 07:49:38.857 I/System.out( 7577): command: {"command":"set_selection","arguments":[-1,-1]}
12-09 07:49:38.858 I/InstrumentationBackend( 7577): Got command:'Command:'Line:null,set_selection', arguments:'[-1, -1]'
12-09 07:49:38.863 I/System.out( 7577): result:{"bonusInformation":[],"message":"","success":true}
12-09 07:49:39.081 I/System.out( 7577): URI: //
12-09 07:49:39.081 I/System.out( 7577): params: {json={"command":"keyboard_enter_text","arguments":["12"]}
12-09 07:49:39.081 I/System.out( 7577): }
12-09 07:49:39.081 I/System.out( 7577): header: {date=Sun, 09 Dec 2018 07:49:39 GMT, accept=*/*, content-length=52, host=127.0.0.1:34777, user-agent=HTTPClient/1.0 (2.8.3, ruby 2.3.1 (2016-04-26)), content-type=application/json;charset=utf-8}
12-09 07:49:39.081 I/System.out( 7577): params: {json={"command":"keyboard_enter_text","arguments":["12"]}
12-09 07:49:39.081 I/System.out( 7577): }
12-09 07:49:39.081 I/System.out( 7577): ProP json = {"command":"keyboard_enter_text","arguments":["12"]}
12-09 07:49:39.081 I/System.out( 7577): files: {}
12-09 07:49:39.082 I/System.out( 7577): command: {"command":"keyboard_enter_text","arguments":["12"]}
12-09 07:49:39.082 I/InstrumentationBackend( 7577): Got command:'Command:'Line:null,keyboard_enter_text', arguments:'[12]'
12-09 07:49:39.093 E/SpannableStringBuilder( 7577): SPAN_EXCLUSIVE_EXCLUSIVE spans cannot have a zero length
12-09 07:49:39.093 E/SpannableStringBuilder( 7577): SPAN_EXCLUSIVE_EXCLUSIVE spans cannot have a zero length
12-09 07:49:39.094 E/SpannableStringBuilder( 7577): SPAN_EXCLUSIVE_EXCLUSIVE spans cannot have a zero length
12-09 07:49:39.094 E/SpannableStringBuilder( 7577): SPAN_EXCLUSIVE_EXCLUSIVE spans cannot have a zero length
12-09 07:49:39.103 I/System.out( 7577): result:{"bonusInformation":[],"message":"","success":true}
12-09 07:49:39.263 I/art     ( 7577): Background sticky concurrent mark sweep GC freed 26823(1218KB) AllocSpace objects, 6(120KB) LOS objects, 37% free, 2MB/3MB, paused 10.243ms total 160.652ms
12-09 07:49:39.617 E/SurfaceFlinger( 1223): ro.sf.lcd_density must be defined as a build property
12-09 07:49:39.686 D/gralloc_ranchu( 1223): gralloc_alloc: Creating ashmem region of size 3686400
12-09 07:49:39.716 D/        ( 7628): HostConnection::get() New Host Connection established 0x7f3875e12480, tid 7628
12-09 07:49:39.789 E/EGL_emulation( 1223): tid 1223: eglCreateSyncKHR(1881): error 0x3004 (EGL_BAD_ATTRIBUTE)
12-09 07:49:41.617 I/System.out( 7577): URI: //map
12-09 07:49:41.617 I/System.out( 7577): params: {json={"query":"android.widget.Button index:2","operation":{"method_name":"query","arguments":[]}}
12-09 07:49:41.617 I/System.out( 7577): }
12-09 07:49:42.054 I/System.out( 7577): URI: //gesture
12-09 07:49:42.054 I/System.out( 7577): params: {json={"query_timeout":5.0,"gestures":[{"query_string":"android.widget.Button index:2","touches":[{"x":50,"y":50,"offset_x":0,"offset_y":0,"wait":0.0,"time":0.2,"release":true,"query_string":null}]}]}
12-09 07:49:42.054 I/System.out( 7577): }
12-09 07:49:42.156 I/art     ( 7577): Background partial concurrent mark sweep GC freed 47731(2MB) AllocSpace objects, 4(80KB) LOS objects, 39% free, 2MB/4MB, paused 9.889ms total 463.742ms
12-09 07:49:42.813 W/audio_hw_generic( 1307): Hardware backing HAL too slow, could only write 0 of 661 frames
12-09 07:49:42.889 I/art     ( 7577): Background sticky concurrent mark sweep GC freed 47481(2002KB) AllocSpace objects, 1(20KB) LOS objects, 47% free, 2MB/4MB, paused 948us total 117.023ms
12-09 07:49:43.094 I/calabash( 7577): newActivity1
12-09 07:49:43.094 W/ActivityManager( 1591): Bad activity token: android.os.BinderProxy@932cb1c
12-09 07:49:43.094 W/ActivityManager( 1591): java.lang.ClassCastException: android.os.BinderProxy cannot be cast to com.android.server.am.ActivityRecord$Token
12-09 07:49:43.094 W/ActivityManager( 1591): 	at com.android.server.am.ActivityRecord.forTokenLocked(ActivityRecord.java:424)
12-09 07:49:43.094 W/ActivityManager( 1591): 	at com.android.server.am.ActivityRecord.isInStackLocked(ActivityRecord.java:1121)
12-09 07:49:43.094 W/ActivityManager( 1591): 	at com.android.server.am.ActivityRecord.getStackLocked(ActivityRecord.java:1126)
12-09 07:49:43.094 W/ActivityManager( 1591): 	at com.android.server.am.ActivityManagerService.getActivityDisplayId(ActivityManagerService.java:8889)
12-09 07:49:43.094 W/ActivityManager( 1591): 	at android.app.ActivityManagerNative.onTransact(ActivityManagerNative.java:2338)
12-09 07:49:43.094 W/ActivityManager( 1591): 	at com.android.server.am.ActivityManagerService.onTransact(ActivityManagerService.java:2443)
12-09 07:49:43.094 W/ActivityManager( 1591): 	at android.os.Binder.execTransact(Binder.java:453)
12-09 07:49:43.095 W/ActivityManager( 1591): Bad activity token: android.os.BinderProxy@932cb1c
12-09 07:49:43.095 W/ActivityManager( 1591): java.lang.ClassCastException: android.os.BinderProxy cannot be cast to com.android.server.am.ActivityRecord$Token
12-09 07:49:43.095 W/ActivityManager( 1591): 	at com.android.server.am.ActivityRecord.forTokenLocked(ActivityRecord.java:424)
12-09 07:49:43.095 W/ActivityManager( 1591): 	at com.android.server.am.ActivityRecord.isInStackLocked(ActivityRecord.java:1121)
12-09 07:49:43.095 W/ActivityManager( 1591): 	at com.android.server.am.ActivityManagerService.setTaskDescription(ActivityManagerService.java:8547)
12-09 07:49:43.095 W/ActivityManager( 1591): 	at android.app.ActivityManagerNative.onTransact(ActivityManagerNative.java:2410)
12-09 07:49:43.095 W/ActivityManager( 1591): 	at com.android.server.am.ActivityManagerService.onTransact(ActivityManagerService.java:2443)
12-09 07:49:43.095 W/ActivityManager( 1591): 	at android.os.Binder.execTransact(Binder.java:453)
12-09 07:49:43.160 W/audio_hw_generic( 1307): Not supplying enough data to HAL, expected position 11008015 , only wrote 11007633
12-09 07:49:43.221 W/ActivityManager( 1591): Bad activity token: android.os.BinderProxy@932cb1c
12-09 07:49:43.221 W/ActivityManager( 1591): java.lang.ClassCastException: android.os.BinderProxy cannot be cast to com.android.server.am.ActivityRecord$Token
12-09 07:49:43.221 W/ActivityManager( 1591): 	at com.android.server.am.ActivityRecord.forTokenLocked(ActivityRecord.java:424)
12-09 07:49:43.221 W/ActivityManager( 1591): 	at com.android.server.am.ActivityRecord.isInStackLocked(ActivityRecord.java:1121)
12-09 07:49:43.221 W/ActivityManager( 1591): 	at com.android.server.am.ActivityManagerService.getActivityOptions(ActivityManagerService.java:11038)
12-09 07:49:43.221 W/ActivityManager( 1591): 	at android.app.ActivityManagerNative.onTransact(ActivityManagerNative.java:1734)
12-09 07:49:43.221 W/ActivityManager( 1591): 	at com.android.server.am.ActivityManagerService.onTransact(ActivityManagerService.java:2443)
12-09 07:49:43.221 W/ActivityManager( 1591): 	at android.os.Binder.execTransact(Binder.java:453)
12-09 07:49:43.222 W/ActivityManager( 1591): Bad activity token: android.os.BinderProxy@932cb1c
12-09 07:49:43.222 W/ActivityManager( 1591): java.lang.ClassCastException: android.os.BinderProxy cannot be cast to com.android.server.am.ActivityRecord$Token
12-09 07:49:43.222 W/ActivityManager( 1591): 	at com.android.server.am.ActivityRecord.forTokenLocked(ActivityRecord.java:424)
12-09 07:49:43.222 W/ActivityManager( 1591): 	at com.android.server.am.ActivityRecord.isInStackLocked(ActivityRecord.java:1121)
12-09 07:49:43.222 W/ActivityManager( 1591): 	at com.android.server.am.ActivityManagerService.getActivityOptions(ActivityManagerService.java:11038)
12-09 07:49:43.222 W/ActivityManager( 1591): 	at android.app.ActivityManagerNative.onTransact(ActivityManagerNative.java:1734)
12-09 07:49:43.222 W/ActivityManager( 1591): 	at com.android.server.am.ActivityManagerService.onTransact(ActivityManagerService.java:2443)
12-09 07:49:43.222 W/ActivityManager( 1591): 	at android.os.Binder.execTransact(Binder.java:453)
12-09 07:49:43.246 I/LatinIME( 1876): Starting input. Cursor position = -1,-1
12-09 07:49:43.254 I/Choreographer( 7577): Skipped 32 frames!  The application may be doing too much work on its main thread.
12-09 07:49:43.269 E/SurfaceFlinger( 1223): ro.sf.lcd_density must be defined as a build property
12-09 07:49:43.269 D/gralloc_ranchu( 1223): gralloc_alloc: Creating ashmem region of size 3686400
12-09 07:49:43.315 D/        ( 7634): HostConnection::get() New Host Connection established 0x7f0169a12480, tid 7634
12-09 07:49:43.361 E/EGL_emulation( 1223): tid 1223: eglCreateSyncKHR(1881): error 0x3004 (EGL_BAD_ATTRIBUTE)
12-09 07:49:43.403 D/Mileage.ABS( 7577): Finished backup
12-09 07:49:43.417 D/Mileage.ABS( 7577): Not backing up; 54
12-09 07:49:43.418 D/Mileage ( 7577): Not enough fillups to calculate economy
12-09 07:49:43.425 D/Mileage.ABS( 7577): Not backing up; 62
12-09 07:49:43.501 W/audio_hw_generic( 1307): Hardware backing HAL too slow, could only write 0 of 661 frames
12-09 07:49:43.530 W/audio_hw_generic( 1307): Hardware backing HAL too slow, could only write 0 of 661 frames
12-09 07:49:43.545 W/audio_hw_generic( 1307): Hardware backing HAL too slow, could only write 0 of 661 frames
12-09 07:49:43.557 W/audio_hw_generic( 1307): Hardware backing HAL too slow, could only write 0 of 661 frames
12-09 07:49:43.595 W/audio_hw_generic( 1307): Not supplying enough data to HAL, expected position 11026837 , only wrote 11026802
12-09 07:49:43.595 W/audio_hw_generic( 1307): Not supplying enough data to HAL, expected position 11026812 , only wrote 11026802
12-09 07:49:43.635 W/audio_hw_generic( 1307): Not supplying enough data to HAL, expected position 11028555 , only wrote 11027463
12-09 07:49:44.012 W/RichInputConnection( 1876): Slow InputConnection: GET_TEXT_BEFORE_CURSOR took 323 ms.
12-09 07:49:44.059 I/InputAttributes( 1876): InputType.TYPE_NULL is specified
12-09 07:49:44.118 W/audio_hw_generic( 1307): Not supplying enough data to HAL, expected position 11048760 , only wrote 11048615
12-09 07:49:44.118 W/audio_hw_generic( 1307): Not supplying enough data to HAL, expected position 11048622 , only wrote 11048615
12-09 07:49:44.130 I/Choreographer( 1876): Skipped 54 frames!  The application may be doing too much work on its main thread.
12-09 07:49:44.139 W/audio_hw_generic( 1307): Not supplying enough data to HAL, expected position 11049528 , only wrote 11049276
12-09 07:49:44.163 D/EGL_emulation( 1876): eglMakeCurrent: 0x7f857b5181c0: ver 2 0 (tinfo 0x7f857b515660)
12-09 07:49:44.165 E/Surface ( 1876): getSlotFromBufferLocked: unknown buffer: 0x7f857b518940
12-09 07:49:44.209 W/audio_hw_generic( 1307): Not supplying enough data to HAL, expected position 11052387 , only wrote 11051920
12-09 07:49:44.230 W/audio_hw_generic( 1307): Not supplying enough data to HAL, expected position 11052836 , only wrote 11051920
12-09 07:49:44.285 W/audio_hw_generic( 1307): Hardware backing HAL too slow, could only write 0 of 661 frames
12-09 07:49:44.309 W/audio_hw_generic( 1307): Hardware backing HAL too slow, could only write 0 of 661 frames
12-09 07:49:44.309 W/audio_hw_generic( 1307): Hardware backing HAL too slow, could only write 0 of 661 frames
12-09 07:49:44.349 W/audio_hw_generic( 1307): Hardware backing HAL too slow, could only write 0 of 661 frames
12-09 07:49:44.375 W/audio_hw_generic( 1307): Hardware backing HAL too slow, could only write 0 of 661 frames
12-09 07:49:44.409 W/audio_hw_generic( 1307): Not supplying enough data to HAL, expected position 11059801 , only wrote 11059191
12-09 07:49:44.453 W/audio_hw_generic( 1307): Hardware backing HAL too slow, could only write 0 of 661 frames
12-09 07:49:44.465 I/System.out( 7577): URI: //gesture
12-09 07:49:44.465 I/System.out( 7577): params: {json={"query_timeout":5.0,"gestures":[{"query_string":"android.widget.TabWidget descendant TextView index:0","touches":[{"x":50,"y":50,"offset_x":0,"offset_y":0,"wait":0.0,"time":0.2,"release":true,"query_string":null}]}]}
12-09 07:49:44.465 I/System.out( 7577): }
