--------- beginning of main
12-09 07:39:55.614 D/AndroidRuntime( 4729): >>>>>> START com.android.internal.os.RuntimeInit uid 0 <<<<<<
12-09 07:39:55.629 D/AndroidRuntime( 4729): CheckJNI is ON
12-09 07:39:55.659 D/ICU     ( 4729): No timezone override file found: /data/misc/zoneinfo/current/icu/icu_tzdata.dat
12-09 07:39:56.168 E/memtrack( 4729): Couldn't load memtrack module (No such file or directory)
12-09 07:39:56.175 E/android.os.Debug( 4729): failed to load memtrack module: -2
12-09 07:39:56.176 I/Radio-JNI( 4729): register_android_hardware_Radio DONE
12-09 07:39:56.199 D/AndroidRuntime( 4729): Calling main entry com.android.commands.am.Am
--------- beginning of system
12-09 07:39:56.201 I/ActivityManager( 1592): Force stopping com.evancharlton.mileage appid=10117 user=0: start instr
12-09 07:39:56.201 I/ActivityManager( 1592): Killing 4699:com.evancharlton.mileage/u0a117 (adj 0): stop com.evancharlton.mileage
12-09 07:39:56.428 W/ActivityManager( 1592): Crash of app com.evancharlton.mileage running instrumentation ComponentInfo{com.evancharlton.mileage.test/sh.calaba.instrumentationbackend.ClearAppData2}
12-09 07:39:56.428 I/ActivityManager( 1592): Force stopping com.evancharlton.mileage appid=10117 user=0: finished inst
12-09 07:39:56.452 I/ActivityManager( 1592): Start proc 4738:com.evancharlton.mileage/u0a117 for added application com.evancharlton.mileage
12-09 07:39:56.453 D/AndroidRuntime( 4729): Shutting down VM
12-09 07:39:56.456 W/art     ( 1592): Long monitor contention event with owner method=boolean com.android.server.am.ActivityManagerService.startInstrumentation(android.content.ComponentName, java.lang.String, int, android.os.Bundle, android.app.IInstrumentationWatcher, android.app.IUiAutomationConnection, int, java.lang.String) from ActivityManagerService.java:17066 waiters=0 for 233ms
12-09 07:39:56.542 W/System  ( 4738): ClassLoader referenced unknown path: /data/app/com.evancharlton.mileage.test-1/lib/x86_64
12-09 07:39:56.547 W/System  ( 4738): ClassLoader referenced unknown path: /data/app/com.evancharlton.mileage-1/lib/x86_64
12-09 07:39:56.722 I/System.out( 4738): Main activity name automatically set to: com.evancharlton.mileage.Mileage
12-09 07:39:56.723 I/System.out( 4738): Calabash did not load Mono. This is only a problem if you are trying to test a Mono application
12-09 07:39:56.723 I/calabash( 4738): Test server port: 7102
12-09 07:39:56.726 I/InstrumentationBackend( 4738): Added:'GetPreferences', with key:'get_preferences'
12-09 07:39:56.761 I/InstrumentationBackend( 4738): Added:'SetPreferences', with key:'set_preferences'
12-09 07:39:56.782 I/InstrumentationBackend( 4738): Added:'ClearPreferences', with key:'clear_preferences'
12-09 07:39:56.782 I/InstrumentationBackend( 4738): Added:'PressElement', with key:'press_l10n_element'
12-09 07:39:56.782 I/InstrumentationBackend( 4738): Added:'WaitForElement', with key:'wait_for_l10n_element'
12-09 07:39:56.784 I/InstrumentationBackend( 4738): Added:'NullAction', with key:'nullAction'
12-09 07:39:56.785 I/InstrumentationBackend( 4738): Added:'PressKey', with key:'press_key'
12-09 07:39:56.785 I/InstrumentationBackend( 4738): Added:'SetActivityOrientation', with key:'set_activity_orientation'
12-09 07:39:56.785 I/InstrumentationBackend( 4738): Added:'GetActivityOrientation', with key:'get_activity_orientation'
12-09 07:39:56.785 I/InstrumentationBackend( 4738): Added:'FakeGPSLocation', with key:'set_gps_coordinates'
12-09 07:39:56.786 I/InstrumentationBackend( 4738): Added:'SetPropertyByCssSelector', with key:'set_property_by_css_selector'
12-09 07:39:56.786 I/InstrumentationBackend( 4738): Added:'GetUrl', with key:'get_url'
12-09 07:39:56.787 I/InstrumentationBackend( 4738): Added:'ScrollTo', with key:'scroll_to'
12-09 07:39:56.787 I/InstrumentationBackend( 4738): Added:'GetLoadProgress', with key:'get_load_progress'
12-09 07:39:56.787 I/InstrumentationBackend( 4738): Added:'DumpHtml', with key:'dump_html'
12-09 07:39:56.787 I/InstrumentationBackend( 4738): Added:'DumpBodyHtml', with key:'dump_body_html'
12-09 07:39:56.787 I/InstrumentationBackend( 4738): Added:'EnterTextByCssSelector', with key:'enter_text_by_selector'
12-09 07:39:56.788 I/InstrumentationBackend( 4738): Added:'AndroidSDKVersion', with key:'android_sdk_version'
12-09 07:39:56.788 I/InstrumentationBackend( 4738): Added:'Version', with key:'version'
12-09 07:39:56.789 I/InstrumentationBackend( 4738): Added:'Drag', with key:'drag'
12-09 07:39:56.789 I/InstrumentationBackend( 4738): Added:'TouchCoordinates', with key:'touch_coordinate'
12-09 07:39:56.789 I/InstrumentationBackend( 4738): Added:'LongPressCoordinate', with key:'long_press_coordinate'
12-09 07:39:56.789 I/InstrumentationBackend( 4738): Added:'DragCoordinates', with key:'drag_coordinates'
12-09 07:39:56.789 I/InstrumentationBackend( 4738): Added:'ResumeApplication', with key:'resume_application'
12-09 07:39:56.789 I/InstrumentationBackend( 4738): Added:'Swipe', with key:'swipe'
12-09 07:39:56.790 I/InstrumentationBackend( 4738): Added:'DoubleTapCoordinate', with key:'double_tap_coordinate'
12-09 07:39:56.790 I/InstrumentationBackend( 4738): Added:'ClickOnScreen', with key:'click_on_screen'
12-09 07:39:56.790 I/InstrumentationBackend( 4738): Added:'GetActivityName', with key:'get_activity_name'
12-09 07:39:56.790 I/InstrumentationBackend( 4738): Added:'ScrollToView', with key:'scroll_to_view'
12-09 07:39:56.790 I/InstrumentationBackend( 4738): Added:'ViewConfiguration', with key:'view_configuration'
12-09 07:39:56.791 I/InstrumentationBackend( 4738): Added:'IsCurrentActivityFocused', with key:'is_current_activity_focused'
12-09 07:39:56.791 I/InstrumentationBackend( 4738): Added:'SendTcp', with key:'send_tcp'
12-09 07:39:56.795 I/InstrumentationBackend( 4738): Added:'DpToDevicePixel', with key:'dp_to_device_pixel'
12-09 07:39:56.796 I/InstrumentationBackend( 4738): Added:'KeyboardEnterText', with key:'keyboard_enter_text'
12-09 07:39:56.796 I/InstrumentationBackend( 4738): Added:'DeleteSurroundingText', with key:'delete_surrounding_text'
12-09 07:39:56.796 I/InstrumentationBackend( 4738): Added:'SetComposingRegion', with key:'set_composing_region'
12-09 07:39:56.796 I/InstrumentationBackend( 4738): Added:'SetSelection', with key:'set_selection'
12-09 07:39:56.796 I/InstrumentationBackend( 4738): Added:'KeyboardKeyEvent', with key:'keyboard_key_event'
12-09 07:39:56.797 I/InstrumentationBackend( 4738): Added:'PressUserActionButton', with key:'press_user_action_button'
12-09 07:39:56.797 I/InstrumentationBackend( 4738): Added:'HideSoftKeyboard', with key:'hide_soft_keyboard'
12-09 07:39:56.797 I/InstrumentationBackend( 4738): Added:'ListActions', with key:'list_actions'
12-09 07:39:56.798 I/calabash( 4738): Instantiating http server at 7102
12-09 07:39:56.803 I/System.out( 4738): HTTP Daemon listening on: 7102
12-09 07:39:56.856 I/System.out( 4738): URI: //ping
12-09 07:39:56.856 I/System.out( 4738): params: {json={}
12-09 07:39:56.856 I/System.out( 4738): }
12-09 07:39:56.898 I/System.out( 4738): URI: //ping
12-09 07:39:56.898 I/System.out( 4738): params: {json={}
12-09 07:39:56.898 I/System.out( 4738): }
12-09 07:39:56.992 I/System.out( 4738): URI: //ready
12-09 07:39:56.992 I/System.out( 4738): params: {json={}
12-09 07:39:56.992 I/System.out( 4738): }
12-09 07:39:57.032 I/System.out( 4738): URI: //
12-09 07:39:57.032 I/System.out( 4738): params: {json={"command":"version","arguments":[]}
12-09 07:39:57.032 I/System.out( 4738): }
12-09 07:39:57.033 I/System.out( 4738): header: {date=Sun, 09 Dec 2018 07:39:57 GMT, accept=*/*, content-length=36, host=127.0.0.1:34777, user-agent=HTTPClient/1.0 (2.8.3, ruby 2.3.1 (2016-04-26)), content-type=application/json;charset=utf-8}
12-09 07:39:57.033 I/System.out( 4738): params: {json={"command":"version","arguments":[]}
12-09 07:39:57.033 I/System.out( 4738): }
12-09 07:39:57.033 I/System.out( 4738): ProP json = {"command":"version","arguments":[]}
12-09 07:39:57.033 I/System.out( 4738): files: {}
12-09 07:39:57.033 I/System.out( 4738): command: {"command":"version","arguments":[]}
12-09 07:39:57.046 I/InstrumentationBackend( 4738): Got command:'Command:'Line:null,version', arguments:'[]'
12-09 07:39:57.066 I/System.out( 4738): result:{"bonusInformation":[],"message":"0.9.8","success":true}
12-09 07:39:57.184 I/System.out( 4738): URI: //start-application
12-09 07:39:57.184 I/System.out( 4738): params: {json={"intent":null}
12-09 07:39:57.184 I/System.out( 4738): }
12-09 07:39:57.244 I/ActivityManager( 1592): START u0 {act=android.intent.action.MAIN cat=[android.intent.category.LAUNCHER] flg=0x10200000 cmp=com.evancharlton.mileage/.Mileage} from uid 10117 on display 0
12-09 07:39:57.421 I/calabash( 4738): newActivity1
12-09 07:39:57.457 I/calabash( 4738): newActivity1
12-09 07:39:57.562 W/ActivityManager( 1592): Bad activity token: android.os.BinderProxy@bb9cfb
12-09 07:39:57.562 W/ActivityManager( 1592): java.lang.ClassCastException: android.os.BinderProxy cannot be cast to com.android.server.am.ActivityRecord$Token
12-09 07:39:57.562 W/ActivityManager( 1592): 	at com.android.server.am.ActivityRecord.forTokenLocked(ActivityRecord.java:424)
12-09 07:39:57.562 W/ActivityManager( 1592): 	at com.android.server.am.ActivityRecord.isInStackLocked(ActivityRecord.java:1121)
12-09 07:39:57.562 W/ActivityManager( 1592): 	at com.android.server.am.ActivityRecord.getStackLocked(ActivityRecord.java:1126)
12-09 07:39:57.562 W/ActivityManager( 1592): 	at com.android.server.am.ActivityManagerService.getActivityDisplayId(ActivityManagerService.java:8889)
12-09 07:39:57.562 W/ActivityManager( 1592): 	at android.app.ActivityManagerNative.onTransact(ActivityManagerNative.java:2338)
12-09 07:39:57.562 W/ActivityManager( 1592): 	at com.android.server.am.ActivityManagerService.onTransact(ActivityManagerService.java:2443)
12-09 07:39:57.562 W/ActivityManager( 1592): 	at android.os.Binder.execTransact(Binder.java:453)
12-09 07:39:57.626 W/ActivityManager( 1592): Bad activity token: android.os.BinderProxy@bb9cfb
12-09 07:39:57.626 W/ActivityManager( 1592): java.lang.ClassCastException: android.os.BinderProxy cannot be cast to com.android.server.am.ActivityRecord$Token
12-09 07:39:57.626 W/ActivityManager( 1592): 	at com.android.server.am.ActivityRecord.forTokenLocked(ActivityRecord.java:424)
12-09 07:39:57.626 W/ActivityManager( 1592): 	at com.android.server.am.ActivityRecord.isInStackLocked(ActivityRecord.java:1121)
12-09 07:39:57.626 W/ActivityManager( 1592): 	at com.android.server.am.ActivityManagerService.setTaskDescription(ActivityManagerService.java:8547)
12-09 07:39:57.626 W/ActivityManager( 1592): 	at android.app.ActivityManagerNative.onTransact(ActivityManagerNative.java:2410)
12-09 07:39:57.626 W/ActivityManager( 1592): 	at com.android.server.am.ActivityManagerService.onTransact(ActivityManagerService.java:2443)
12-09 07:39:57.626 W/ActivityManager( 1592): 	at android.os.Binder.execTransact(Binder.java:453)
12-09 07:39:57.676 D/gralloc_ranchu( 1224): gralloc_alloc: Creating ashmem region of size 3686400
12-09 07:39:57.703 W/art     ( 4738): Suspending all threads took: 8.705ms
12-09 07:39:57.772 I/art     ( 4738): Background partial concurrent mark sweep GC freed 34625(1916KB) AllocSpace objects, 11(220KB) LOS objects, 40% free, 1530KB/2MB, paused 33.680ms total 114.615ms
12-09 07:39:57.853 D/FillupsProvider( 4738): Creating database
12-09 07:39:58.101 V/PhoneStatusBar( 3051): setLightsOn(true)
12-09 07:39:58.117 D/EGL_emulation( 1933): eglMakeCurrent: 0x7f28c5d61aa0: ver 2 0 (tinfo 0x7f28c5d42860)
12-09 07:39:58.120 E/Surface ( 1933): getSlotFromBufferLocked: unknown buffer: 0x7f28c1ba5060
12-09 07:39:58.166 W/ActivityManager( 1592): Bad activity token: android.os.BinderProxy@bb9cfb
12-09 07:39:58.166 W/ActivityManager( 1592): java.lang.ClassCastException: android.os.BinderProxy cannot be cast to com.android.server.am.ActivityRecord$Token
12-09 07:39:58.166 W/ActivityManager( 1592): 	at com.android.server.am.ActivityRecord.forTokenLocked(ActivityRecord.java:424)
12-09 07:39:58.166 W/ActivityManager( 1592): 	at com.android.server.am.ActivityRecord.isInStackLocked(ActivityRecord.java:1121)
12-09 07:39:58.166 W/ActivityManager( 1592): 	at com.android.server.am.ActivityManagerService.getActivityOptions(ActivityManagerService.java:11038)
12-09 07:39:58.166 W/ActivityManager( 1592): 	at android.app.ActivityManagerNative.onTransact(ActivityManagerNative.java:1734)
12-09 07:39:58.166 W/ActivityManager( 1592): 	at com.android.server.am.ActivityManagerService.onTransact(ActivityManagerService.java:2443)
12-09 07:39:58.166 W/ActivityManager( 1592): 	at android.os.Binder.execTransact(Binder.java:453)
12-09 07:39:58.170 W/ActivityManager( 1592): Bad activity token: android.os.BinderProxy@bb9cfb
12-09 07:39:58.170 W/ActivityManager( 1592): java.lang.ClassCastException: android.os.BinderProxy cannot be cast to com.android.server.am.ActivityRecord$Token
12-09 07:39:58.170 W/ActivityManager( 1592): 	at com.android.server.am.ActivityRecord.forTokenLocked(ActivityRecord.java:424)
12-09 07:39:58.170 W/ActivityManager( 1592): 	at com.android.server.am.ActivityRecord.isInStackLocked(ActivityRecord.java:1121)
12-09 07:39:58.170 W/ActivityManager( 1592): 	at com.android.server.am.ActivityManagerService.getActivityOptions(ActivityManagerService.java:11038)
12-09 07:39:58.170 W/ActivityManager( 1592): 	at android.app.ActivityManagerNative.onTransact(ActivityManagerNative.java:1734)
12-09 07:39:58.170 W/ActivityManager( 1592): 	at com.android.server.am.ActivityManagerService.onTransact(ActivityManagerService.java:2443)
12-09 07:39:58.170 W/ActivityManager( 1592): 	at android.os.Binder.execTransact(Binder.java:453)
12-09 07:39:58.529 W/art     ( 1592): Long monitor contention event with owner method=int com.android.server.wm.WindowManagerService.relayoutWindow(com.android.server.wm.Session, android.view.IWindow, int, android.view.WindowManager$LayoutParams, int, int, int, int, android.graphics.Rect, android.graphics.Rect, android.graphics.Rect, android.graphics.Rect, android.graphics.Rect, android.graphics.Rect, android.content.res.Configuration, android.view.Surface) from WindowManagerService.java:3103 waiters=0 for 203ms
12-09 07:39:58.687 D/gralloc_ranchu( 1224): gralloc_alloc: Creating ashmem region of size 3686400
12-09 07:39:59.004 D/        ( 4738): HostConnection::get() New Host Connection established 0x7f28c239d0a0, tid 4738
12-09 07:39:59.147 I/Choreographer( 3051): Skipped 37 frames!  The application may be doing too much work on its main thread.
12-09 07:39:59.160 I/ActivityManager( 1592): Displayed com.evancharlton.mileage/.Mileage: +1s737ms
12-09 07:39:59.170 D/gralloc_ranchu( 1224): gralloc_alloc: Creating ashmem region of size 3686400
12-09 07:40:00.089 D/hwcomposer( 1224): hw_composer sent 411 syncs in 60s
12-09 07:40:00.383 W/art     ( 4738): Suspending all threads took: 5.688ms
12-09 07:40:00.410 I/art     ( 4738): Background sticky concurrent mark sweep GC freed 11333(612KB) AllocSpace objects, 0(0B) LOS objects, 23% free, 1963KB/2MB, paused 10.716ms total 120.436ms
12-09 07:40:00.495 I/System.out( 4738): URI: //map
12-09 07:40:00.496 I/System.out( 4738): params: {json={"query":"android.widget.Button index:2","operation":{"method_name":"query","arguments":[]}}
12-09 07:40:00.496 I/System.out( 4738): }
12-09 07:40:00.876 I/art     ( 4738): Background partial concurrent mark sweep GC freed 22119(1065KB) AllocSpace objects, 3(60KB) LOS objects, 39% free, 3MB/5MB, paused 2.075ms total 375.884ms
12-09 07:40:00.951 I/System.out( 4738): URI: //gesture
12-09 07:40:00.951 I/System.out( 4738): params: {json={"query_timeout":5.0,"gestures":[{"query_string":"android.widget.Button index:2","touches":[{"x":50,"y":50,"offset_x":0,"offset_y":0,"wait":0.0,"time":0.2,"release":true,"query_string":null}]}]}
12-09 07:40:00.952 I/System.out( 4738): }
12-09 07:40:01.308 W/AudioTrack( 1592): AUDIO_OUTPUT_FLAG_FAST denied by client; transfer 4, track 48000 Hz, output 44100 Hz
12-09 07:40:01.325 D/gralloc_ranchu( 1224): gralloc_alloc: Creating ashmem region of size 3686400
12-09 07:40:01.341 W/audio_hw_generic( 1308): Hardware backing HAL too slow, could only write 0 of 661 frames
12-09 07:40:01.341 W/audio_hw_generic( 1308): Hardware backing HAL too slow, could only write 0 of 661 frames
12-09 07:40:01.341 W/audio_hw_generic( 1308): Hardware backing HAL too slow, could only write 0 of 661 frames
12-09 07:40:01.352 D/AudioFlinger( 1308): mixer(0xf43c0000) throttle end: throttle time(11)
12-09 07:40:01.363 W/audio_hw_generic( 1308): Hardware backing HAL too slow, could only write 0 of 661 frames
12-09 07:40:01.363 W/art     ( 4738): Suspending all threads took: 8.721ms
12-09 07:40:01.403 W/audio_hw_generic( 1308): Not supplying enough data to HAL, expected position 3558921 , only wrote 3558824
12-09 07:40:01.403 W/audio_hw_generic( 1308): Not supplying enough data to HAL, expected position 3558830 , only wrote 3558824
12-09 07:40:01.403 W/audio_hw_generic( 1308): Hardware backing HAL too slow, could only write 0 of 661 frames
12-09 07:40:01.403 W/audio_hw_generic( 1308): Hardware backing HAL too slow, could only write 0 of 661 frames
12-09 07:40:01.419 W/audio_hw_generic( 1308): Hardware backing HAL too slow, could only write 0 of 661 frames
12-09 07:40:01.435 W/audio_hw_generic( 1308): Hardware backing HAL too slow, could only write 0 of 661 frames
12-09 07:40:01.441 I/art     ( 4738): Background sticky concurrent mark sweep GC freed 73016(3MB) AllocSpace objects, 2(40KB) LOS objects, 47% free, 2MB/5MB, paused 9.765ms total 164.620ms
12-09 07:40:01.449 W/audio_hw_generic( 1308): Hardware backing HAL too slow, could only write 0 of 661 frames
12-09 07:40:01.646 W/audio_hw_generic( 1308): Not supplying enough data to HAL, expected position 3569520 , only wrote 3569400
12-09 07:40:01.676 W/audio_hw_generic( 1308): Not supplying enough data to HAL, expected position 3570726 , only wrote 3570722
12-09 07:40:01.677 D/gralloc_ranchu( 1224): gralloc_alloc: Creating ashmem region of size 45056
12-09 07:40:01.820 W/audio_hw_generic( 1308): Not supplying enough data to HAL, expected position 3577077 , only wrote 3576671
12-09 07:40:01.820 W/audio_hw_generic( 1308): Not supplying enough data to HAL, expected position 3576677 , only wrote 3576671
12-09 07:40:01.836 W/audio_hw_generic( 1308): Not supplying enough data to HAL, expected position 3577374 , only wrote 3577332
12-09 07:40:01.913 W/audio_hw_generic( 1308): Not supplying enough data to HAL, expected position 3580723 , only wrote 3579976
12-09 07:40:01.913 W/audio_hw_generic( 1308): Not supplying enough data to HAL, expected position 3579983 , only wrote 3579976
12-09 07:40:02.021 E/SurfaceFlinger( 1224): ro.sf.lcd_density must be defined as a build property
12-09 07:40:02.048 I/ContentMaintenance( 2348): Internal cache bytes used: 0; limit: 40626585; download size: 0
12-09 07:40:02.064 I/RealtimeCacheCleanup( 2348): Beginning Realtime garbage collection.
12-09 07:40:02.065 I/RealtimeCacheCleanup( 2348): Finished Realtime garbage collection.
12-09 07:40:02.066 D/gralloc_ranchu( 1224): gralloc_alloc: Creating ashmem region of size 3686400
12-09 07:40:02.077 D/        ( 4767): HostConnection::get() New Host Connection established 0x7f4a371d2480, tid 4767
12-09 07:40:02.176 E/EGL_emulation( 1224): tid 1224: eglCreateSyncKHR(1881): error 0x3004 (EGL_BAD_ATTRIBUTE)
12-09 07:40:02.318 W/audio_hw_generic( 1308): Not supplying enough data to HAL, expected position 3597834 , only wrote 3597162
12-09 07:40:02.347 W/audio_hw_generic( 1308): Not supplying enough data to HAL, expected position 3598434 , only wrote 3597162
12-09 07:40:02.367 W/audio_hw_generic( 1308): Not supplying enough data to HAL, expected position 3598065 , only wrote 3597823
12-09 07:40:02.367 W/audio_hw_generic( 1308): Hardware backing HAL too slow, could only write 0 of 661 frames
12-09 07:40:02.383 W/audio_hw_generic( 1308): Hardware backing HAL too slow, could only write 0 of 661 frames
12-09 07:40:02.399 W/audio_hw_generic( 1308): Hardware backing HAL too slow, could only write 0 of 661 frames
12-09 07:40:02.414 W/audio_hw_generic( 1308): Hardware backing HAL too slow, could only write 0 of 661 frames
12-09 07:40:02.444 W/audio_hw_generic( 1308): Hardware backing HAL too slow, could only write 0 of 661 frames
12-09 07:40:02.463 W/audio_hw_generic( 1308): Hardware backing HAL too slow, could only write 0 of 661 frames
12-09 07:40:02.476 W/audio_hw_generic( 1308): Hardware backing HAL too slow, could only write 0 of 661 frames
12-09 07:40:03.018 W/audio_hw_generic( 1308): Hardware backing HAL too slow, could only write 0 of 661 frames
12-09 07:40:03.043 W/audio_hw_generic( 1308): Hardware backing HAL too slow, could only write 0 of 661 frames
12-09 07:40:03.043 W/audio_hw_generic( 1308): Not supplying enough data to HAL, expected position 3627637 , only wrote 3627568
12-09 07:40:03.043 W/audio_hw_generic( 1308): Not supplying enough data to HAL, expected position 3627573 , only wrote 3627568
12-09 07:40:03.043 W/audio_hw_generic( 1308): Hardware backing HAL too slow, could only write 0 of 661 frames
12-09 07:40:03.063 W/audio_hw_generic( 1308): Not supplying enough data to HAL, expected position 3628443 , only wrote 3628229
12-09 07:40:03.063 W/audio_hw_generic( 1308): Hardware backing HAL too slow, could only write 0 of 661 frames
12-09 07:40:03.064 W/audio_hw_generic( 1308): Hardware backing HAL too slow, could only write 0 of 661 frames
12-09 07:40:03.111 W/audio_hw_generic( 1308): Not supplying enough data to HAL, expected position 3630342 , only wrote 3629551
12-09 07:40:03.111 W/audio_hw_generic( 1308): Hardware backing HAL too slow, could only write 0 of 661 frames
12-09 07:40:03.111 W/audio_hw_generic( 1308): Hardware backing HAL too slow, could only write 0 of 661 frames
12-09 07:40:03.127 W/audio_hw_generic( 1308): Hardware backing HAL too slow, could only write 0 of 661 frames
12-09 07:40:03.143 W/audio_hw_generic( 1308): Hardware backing HAL too slow, could only write 0 of 661 frames
12-09 07:40:03.179 W/audio_hw_generic( 1308): Hardware backing HAL too slow, could only write 0 of 661 frames
12-09 07:40:03.179 W/audio_hw_generic( 1308): Hardware backing HAL too slow, could only write 0 of 661 frames
12-09 07:40:03.213 W/audio_hw_generic( 1308): Hardware backing HAL too slow, could only write 0 of 661 frames
12-09 07:40:03.231 W/audio_hw_generic( 1308): Hardware backing HAL too slow, could only write 0 of 661 frames
12-09 07:40:03.244 W/audio_hw_generic( 1308): Hardware backing HAL too slow, could only write 0 of 661 frames
12-09 07:40:03.257 W/audio_hw_generic( 1308): Hardware backing HAL too slow, could only write 0 of 661 frames
