--------- beginning of main
12-09 08:34:04.088 D/AndroidRuntime(18497): >>>>>> START com.android.internal.os.RuntimeInit uid 0 <<<<<<
12-09 08:34:04.110 D/AndroidRuntime(18497): CheckJNI is ON
12-09 08:34:04.137 D/ICU     (18497): No timezone override file found: /data/misc/zoneinfo/current/icu/icu_tzdata.dat
12-09 08:34:04.501 E/memtrack(18497): Couldn't load memtrack module (No such file or directory)
12-09 08:34:04.506 E/android.os.Debug(18497): failed to load memtrack module: -2
12-09 08:34:04.507 I/Radio-JNI(18497): register_android_hardware_Radio DONE
12-09 08:34:04.530 D/AndroidRuntime(18497): Calling main entry com.android.commands.am.Am
--------- beginning of system
12-09 08:34:04.579 I/ActivityManager( 1593): Force stopping com.evancharlton.mileage appid=10139 user=0: start instr
12-09 08:34:04.579 I/ActivityManager( 1593): Killing 18480:com.evancharlton.mileage/u0a139 (adj 0): stop com.evancharlton.mileage
12-09 08:34:04.686 W/ActivityManager( 1593): Crash of app com.evancharlton.mileage running instrumentation ComponentInfo{com.evancharlton.mileage.test/sh.calaba.instrumentationbackend.ClearAppData2}
12-09 08:34:04.686 I/ActivityManager( 1593): Force stopping com.evancharlton.mileage appid=10139 user=0: finished inst
12-09 08:34:04.723 I/ActivityManager( 1593): Start proc 18507:com.evancharlton.mileage/u0a139 for added application com.evancharlton.mileage
12-09 08:34:04.724 D/AndroidRuntime(18497): Shutting down VM
12-09 08:34:04.726 W/ActivityManager( 1593): Spurious death for ProcessRecord{1e63953 0:com.evancharlton.mileage/u0a139}, curProc for 18480: null
12-09 08:34:05.021 W/System  (18507): ClassLoader referenced unknown path: /data/app/com.evancharlton.mileage.test-1/lib/x86_64
12-09 08:34:05.021 W/System  (18507): ClassLoader referenced unknown path: /data/app/com.evancharlton.mileage-1/lib/x86_64
12-09 08:34:05.061 I/System.out(18507): Main activity name automatically set to: com.evancharlton.mileage.Mileage
12-09 08:34:05.062 I/System.out(18507): Calabash did not load Mono. This is only a problem if you are trying to test a Mono application
12-09 08:34:05.062 I/calabash(18507): Test server port: 7102
12-09 08:34:05.063 I/InstrumentationBackend(18507): Added:'GetPreferences', with key:'get_preferences'
12-09 08:34:05.282 I/art     (18507): Background sticky concurrent mark sweep GC freed 5015(383KB) AllocSpace objects, 0(0B) LOS objects, 27% free, 926KB/1284KB, paused 7.129ms total 197.820ms
12-09 08:34:05.319 I/InstrumentationBackend(18507): Added:'SetPreferences', with key:'set_preferences'
12-09 08:34:05.319 I/InstrumentationBackend(18507): Added:'ClearPreferences', with key:'clear_preferences'
12-09 08:34:05.319 I/InstrumentationBackend(18507): Added:'PressElement', with key:'press_l10n_element'
12-09 08:34:05.319 I/InstrumentationBackend(18507): Added:'WaitForElement', with key:'wait_for_l10n_element'
12-09 08:34:05.320 I/InstrumentationBackend(18507): Added:'NullAction', with key:'nullAction'
12-09 08:34:05.320 I/InstrumentationBackend(18507): Added:'PressKey', with key:'press_key'
12-09 08:34:05.320 I/InstrumentationBackend(18507): Added:'SetActivityOrientation', with key:'set_activity_orientation'
12-09 08:34:05.320 I/InstrumentationBackend(18507): Added:'GetActivityOrientation', with key:'get_activity_orientation'
12-09 08:34:05.320 I/InstrumentationBackend(18507): Added:'FakeGPSLocation', with key:'set_gps_coordinates'
12-09 08:34:05.321 I/InstrumentationBackend(18507): Added:'SetPropertyByCssSelector', with key:'set_property_by_css_selector'
12-09 08:34:05.321 I/InstrumentationBackend(18507): Added:'GetUrl', with key:'get_url'
12-09 08:34:05.323 I/InstrumentationBackend(18507): Added:'ScrollTo', with key:'scroll_to'
12-09 08:34:05.330 I/InstrumentationBackend(18507): Added:'GetLoadProgress', with key:'get_load_progress'
12-09 08:34:05.330 I/InstrumentationBackend(18507): Added:'DumpHtml', with key:'dump_html'
12-09 08:34:05.331 I/InstrumentationBackend(18507): Added:'DumpBodyHtml', with key:'dump_body_html'
12-09 08:34:05.331 I/InstrumentationBackend(18507): Added:'EnterTextByCssSelector', with key:'enter_text_by_selector'
12-09 08:34:05.332 I/InstrumentationBackend(18507): Added:'AndroidSDKVersion', with key:'android_sdk_version'
12-09 08:34:05.332 I/InstrumentationBackend(18507): Added:'Version', with key:'version'
12-09 08:34:05.332 I/InstrumentationBackend(18507): Added:'Drag', with key:'drag'
12-09 08:34:05.332 I/InstrumentationBackend(18507): Added:'TouchCoordinates', with key:'touch_coordinate'
12-09 08:34:05.332 I/InstrumentationBackend(18507): Added:'LongPressCoordinate', with key:'long_press_coordinate'
12-09 08:34:05.332 I/InstrumentationBackend(18507): Added:'DragCoordinates', with key:'drag_coordinates'
12-09 08:34:05.333 I/InstrumentationBackend(18507): Added:'ResumeApplication', with key:'resume_application'
12-09 08:34:05.333 I/InstrumentationBackend(18507): Added:'Swipe', with key:'swipe'
12-09 08:34:05.333 I/InstrumentationBackend(18507): Added:'DoubleTapCoordinate', with key:'double_tap_coordinate'
12-09 08:34:05.333 I/InstrumentationBackend(18507): Added:'ClickOnScreen', with key:'click_on_screen'
12-09 08:34:05.333 I/InstrumentationBackend(18507): Added:'GetActivityName', with key:'get_activity_name'
12-09 08:34:05.334 I/InstrumentationBackend(18507): Added:'ScrollToView', with key:'scroll_to_view'
12-09 08:34:05.335 I/InstrumentationBackend(18507): Added:'ViewConfiguration', with key:'view_configuration'
12-09 08:34:05.335 I/InstrumentationBackend(18507): Added:'IsCurrentActivityFocused', with key:'is_current_activity_focused'
12-09 08:34:05.335 I/InstrumentationBackend(18507): Added:'SendTcp', with key:'send_tcp'
12-09 08:34:05.335 I/InstrumentationBackend(18507): Added:'DpToDevicePixel', with key:'dp_to_device_pixel'
12-09 08:34:05.336 I/InstrumentationBackend(18507): Added:'KeyboardEnterText', with key:'keyboard_enter_text'
12-09 08:34:05.336 I/InstrumentationBackend(18507): Added:'DeleteSurroundingText', with key:'delete_surrounding_text'
12-09 08:34:05.336 I/InstrumentationBackend(18507): Added:'SetComposingRegion', with key:'set_composing_region'
12-09 08:34:05.336 I/InstrumentationBackend(18507): Added:'SetSelection', with key:'set_selection'
12-09 08:34:05.336 I/InstrumentationBackend(18507): Added:'KeyboardKeyEvent', with key:'keyboard_key_event'
12-09 08:34:05.336 I/InstrumentationBackend(18507): Added:'PressUserActionButton', with key:'press_user_action_button'
12-09 08:34:05.337 I/InstrumentationBackend(18507): Added:'HideSoftKeyboard', with key:'hide_soft_keyboard'
12-09 08:34:05.337 I/InstrumentationBackend(18507): Added:'ListActions', with key:'list_actions'
12-09 08:34:05.337 I/calabash(18507): Instantiating http server at 7102
12-09 08:34:05.350 I/System.out(18507): HTTP Daemon listening on: 7102
12-09 08:34:05.468 I/art     (18507): Background partial concurrent mark sweep GC freed 1216(118KB) AllocSpace objects, 1(20KB) LOS objects, 50% free, 986KB/2010KB, paused 10.863ms total 52.332ms
12-09 08:34:05.475 I/System.out(18507): URI: //ping
12-09 08:34:05.475 I/System.out(18507): params: {json={}
12-09 08:34:05.475 I/System.out(18507): }
12-09 08:34:05.523 I/System.out(18507): URI: //ping
12-09 08:34:05.523 I/System.out(18507): params: {json={}
12-09 08:34:05.523 I/System.out(18507): }
12-09 08:34:05.574 I/System.out(18507): URI: //ready
12-09 08:34:05.574 I/System.out(18507): params: {json={}
12-09 08:34:05.574 I/System.out(18507): }
12-09 08:34:05.618 I/System.out(18507): URI: //
12-09 08:34:05.618 I/System.out(18507): params: {json={"command":"version","arguments":[]}
12-09 08:34:05.618 I/System.out(18507): }
12-09 08:34:05.619 I/System.out(18507): header: {date=Sun, 09 Dec 2018 08:34:05 GMT, accept=*/*, content-length=36, host=127.0.0.1:34777, user-agent=HTTPClient/1.0 (2.8.3, ruby 2.3.1 (2016-04-26)), content-type=application/json;charset=utf-8}
12-09 08:34:05.619 I/System.out(18507): params: {json={"command":"version","arguments":[]}
12-09 08:34:05.619 I/System.out(18507): }
12-09 08:34:05.619 I/System.out(18507): ProP json = {"command":"version","arguments":[]}
12-09 08:34:05.619 I/System.out(18507): files: {}
12-09 08:34:05.619 I/System.out(18507): command: {"command":"version","arguments":[]}
12-09 08:34:05.628 I/InstrumentationBackend(18507): Got command:'Command:'Line:null,version', arguments:'[]'
12-09 08:34:05.652 I/System.out(18507): result:{"bonusInformation":[],"message":"0.9.8","success":true}
12-09 08:34:05.780 I/System.out(18507): URI: //start-application
12-09 08:34:05.780 I/System.out(18507): params: {json={"intent":null}
12-09 08:34:05.780 I/System.out(18507): }
12-09 08:34:05.798 I/art     (18507): Background sticky concurrent mark sweep GC freed 14850(903KB) AllocSpace objects, 13(260KB) LOS objects, 14% free, 1720KB/2010KB, paused 1.109ms total 129.751ms
12-09 08:34:05.850 I/art     (18507): WaitForGcToComplete blocked for 6.229ms for cause Background
12-09 08:34:05.887 I/ActivityManager( 1593): START u0 {act=android.intent.action.MAIN cat=[android.intent.category.LAUNCHER] flg=0x10200000 cmp=com.evancharlton.mileage/.Mileage} from uid 10139 on display 0
12-09 08:34:06.092 I/calabash(18507): newActivity1
12-09 08:34:06.132 D/gralloc_ranchu( 1226): gralloc_alloc: Creating ashmem region of size 3686400
12-09 08:34:06.157 I/calabash(18507): newActivity1
12-09 08:34:06.196 W/ActivityManager( 1593): Bad activity token: android.os.BinderProxy@2f9ec1
12-09 08:34:06.196 W/ActivityManager( 1593): java.lang.ClassCastException: android.os.BinderProxy cannot be cast to com.android.server.am.ActivityRecord$Token
12-09 08:34:06.196 W/ActivityManager( 1593): 	at com.android.server.am.ActivityRecord.forTokenLocked(ActivityRecord.java:424)
12-09 08:34:06.196 W/ActivityManager( 1593): 	at com.android.server.am.ActivityRecord.isInStackLocked(ActivityRecord.java:1121)
12-09 08:34:06.196 W/ActivityManager( 1593): 	at com.android.server.am.ActivityRecord.getStackLocked(ActivityRecord.java:1126)
12-09 08:34:06.196 W/ActivityManager( 1593): 	at com.android.server.am.ActivityManagerService.getActivityDisplayId(ActivityManagerService.java:8889)
12-09 08:34:06.196 W/ActivityManager( 1593): 	at android.app.ActivityManagerNative.onTransact(ActivityManagerNative.java:2338)
12-09 08:34:06.196 W/ActivityManager( 1593): 	at com.android.server.am.ActivityManagerService.onTransact(ActivityManagerService.java:2443)
12-09 08:34:06.196 W/ActivityManager( 1593): 	at android.os.Binder.execTransact(Binder.java:453)
12-09 08:34:06.196 W/ActivityManager( 1593): Bad activity token: android.os.BinderProxy@2f9ec1
12-09 08:34:06.196 W/ActivityManager( 1593): java.lang.ClassCastException: android.os.BinderProxy cannot be cast to com.android.server.am.ActivityRecord$Token
12-09 08:34:06.196 W/ActivityManager( 1593): 	at com.android.server.am.ActivityRecord.forTokenLocked(ActivityRecord.java:424)
12-09 08:34:06.196 W/ActivityManager( 1593): 	at com.android.server.am.ActivityRecord.isInStackLocked(ActivityRecord.java:1121)
12-09 08:34:06.196 W/ActivityManager( 1593): 	at com.android.server.am.ActivityManagerService.setTaskDescription(ActivityManagerService.java:8547)
12-09 08:34:06.196 W/ActivityManager( 1593): 	at android.app.ActivityManagerNative.onTransact(ActivityManagerNative.java:2410)
12-09 08:34:06.196 W/ActivityManager( 1593): 	at com.android.server.am.ActivityManagerService.onTransact(ActivityManagerService.java:2443)
12-09 08:34:06.196 W/ActivityManager( 1593): 	at android.os.Binder.execTransact(Binder.java:453)
12-09 08:34:06.397 V/PhoneStatusBar( 1697): setLightsOn(true)
12-09 08:34:06.403 D/FillupsProvider(18507): Creating database
12-09 08:34:06.507 D/EGL_emulation( 1931): eglMakeCurrent: 0x7f276feb4dc0: ver 2 0 (tinfo 0x7f276fe82ce0)
12-09 08:34:06.519 E/Surface ( 1931): getSlotFromBufferLocked: unknown buffer: 0x7f276c454e40
12-09 08:34:06.695 W/ActivityManager( 1593): Bad activity token: android.os.BinderProxy@2f9ec1
12-09 08:34:06.695 W/ActivityManager( 1593): java.lang.ClassCastException: android.os.BinderProxy cannot be cast to com.android.server.am.ActivityRecord$Token
12-09 08:34:06.695 W/ActivityManager( 1593): 	at com.android.server.am.ActivityRecord.forTokenLocked(ActivityRecord.java:424)
12-09 08:34:06.695 W/ActivityManager( 1593): 	at com.android.server.am.ActivityRecord.isInStackLocked(ActivityRecord.java:1121)
12-09 08:34:06.695 W/ActivityManager( 1593): 	at com.android.server.am.ActivityManagerService.getActivityOptions(ActivityManagerService.java:11038)
12-09 08:34:06.695 W/ActivityManager( 1593): 	at android.app.ActivityManagerNative.onTransact(ActivityManagerNative.java:1734)
12-09 08:34:06.695 W/ActivityManager( 1593): 	at com.android.server.am.ActivityManagerService.onTransact(ActivityManagerService.java:2443)
12-09 08:34:06.695 W/ActivityManager( 1593): 	at android.os.Binder.execTransact(Binder.java:453)
12-09 08:34:06.727 W/ActivityManager( 1593): Bad activity token: android.os.BinderProxy@2f9ec1
12-09 08:34:06.727 W/ActivityManager( 1593): java.lang.ClassCastException: android.os.BinderProxy cannot be cast to com.android.server.am.ActivityRecord$Token
12-09 08:34:06.727 W/ActivityManager( 1593): 	at com.android.server.am.ActivityRecord.forTokenLocked(ActivityRecord.java:424)
12-09 08:34:06.727 W/ActivityManager( 1593): 	at com.android.server.am.ActivityRecord.isInStackLocked(ActivityRecord.java:1121)
12-09 08:34:06.727 W/ActivityManager( 1593): 	at com.android.server.am.ActivityManagerService.getActivityOptions(ActivityManagerService.java:11038)
12-09 08:34:06.727 W/ActivityManager( 1593): 	at android.app.ActivityManagerNative.onTransact(ActivityManagerNative.java:1734)
12-09 08:34:06.727 W/ActivityManager( 1593): 	at com.android.server.am.ActivityManagerService.onTransact(ActivityManagerService.java:2443)
12-09 08:34:06.727 W/ActivityManager( 1593): 	at android.os.Binder.execTransact(Binder.java:453)
12-09 08:34:06.739 I/art     (18507): WaitForGcToComplete blocked for 5.046ms for cause Background
12-09 08:34:06.855 I/art     (18507): Background sticky concurrent mark sweep GC freed 1097(169KB) AllocSpace objects, 0(0B) LOS objects, 3% free, 1931KB/2010KB, paused 1.078ms total 115.758ms
12-09 08:34:07.321 W/art     ( 1593): Long monitor contention event with owner method=void com.android.server.wm.WindowAnimator$1.doFrame(long) from WindowAnimator.java:121 waiters=0 for 268ms
12-09 08:34:07.518 W/art     ( 1593): Long monitor contention event with owner method=void com.android.server.wm.WindowManagerService$H.handleMessage(android.os.Message) from WindowManagerService.java:7820 waiters=1 for 105ms
12-09 08:34:07.520 W/art     ( 1593): Long monitor contention event with owner method=java.util.List com.android.server.am.ActivityManagerService.getAllStackInfos() from ActivityManagerService.java:8937 waiters=0 for 316ms
12-09 08:34:07.520 W/art     ( 1593): Long monitor contention event with owner method=java.util.List com.android.server.am.ActivityManagerService.getAllStackInfos() from ActivityManagerService.java:8937 waiters=1 for 106ms
12-09 08:34:07.759 D/gralloc_ranchu( 1226): gralloc_alloc: Creating ashmem region of size 3686400
12-09 08:34:07.927 D/        (18507): HostConnection::get() New Host Connection established 0x7f276c57f3a0, tid 18507
12-09 08:34:08.022 I/ActivityManager( 1593): Displayed com.evancharlton.mileage/.Mileage: +1s971ms
12-09 08:34:08.048 D/gralloc_ranchu( 1226): gralloc_alloc: Creating ashmem region of size 3686400
12-09 08:34:08.582 I/System.out(18507): URI: //
12-09 08:34:08.583 I/System.out(18507): params: {json={"command":"set_activity_orientation","arguments":["landscape"]}
12-09 08:34:08.583 I/System.out(18507): }
12-09 08:34:08.583 I/System.out(18507): header: {date=Sun, 09 Dec 2018 08:34:08 GMT, accept=*/*, content-length=64, host=127.0.0.1:34777, user-agent=HTTPClient/1.0 (2.8.3, ruby 2.3.1 (2016-04-26)), content-type=application/json;charset=utf-8}
12-09 08:34:08.583 I/System.out(18507): params: {json={"command":"set_activity_orientation","arguments":["landscape"]}
12-09 08:34:08.583 I/System.out(18507): }
12-09 08:34:08.583 I/System.out(18507): ProP json = {"command":"set_activity_orientation","arguments":["landscape"]}
12-09 08:34:08.583 I/System.out(18507): files: {}
12-09 08:34:08.583 I/System.out(18507): command: {"command":"set_activity_orientation","arguments":["landscape"]}
12-09 08:34:08.584 I/InstrumentationBackend(18507): Got command:'Command:'Line:null,set_activity_orientation', arguments:'[landscape]'
12-09 08:34:08.625 D/gralloc_ranchu( 1226): gralloc_alloc: Creating ashmem region of size 3686400
12-09 08:34:08.751 E/EGL_emulation( 1226): tid 1226: eglCreateSyncKHR(1881): error 0x3004 (EGL_BAD_ATTRIBUTE)
12-09 08:34:08.987 D/gralloc_ranchu( 1226): gralloc_alloc: Creating ashmem region of size 3686400
12-09 08:34:08.999 I/InputReader( 1593): Reconfiguring input devices.  changes=0x00000004
12-09 08:34:08.999 I/InputReader( 1593): Device reconfigured: id=0, name='qwerty2', size 720x1280, orientation 1, mode 1, display id 0
12-09 08:34:09.000 I/ActivityManager( 1593): Config changes=480 {1.0 310mcc260mnc en_US ldltr sw720dp w1280dp h696dp 160dpi xlrg long land finger -keyb/v/h tball/v s.52}
12-09 08:34:09.140 W/art     ( 1593): Long monitor contention event with owner method=void com.android.server.am.ActivityManagerService.setRequestedOrientation(android.os.IBinder, int) from ActivityManagerService.java:4192 waiters=0 for 313ms
12-09 08:34:09.155 W/art     ( 1593): Long monitor contention event with owner method=void com.android.server.am.ActivityManagerService.setRequestedOrientation(android.os.IBinder, int) from ActivityManagerService.java:4192 waiters=1 for 180ms
12-09 08:34:09.266 I/System.out(18507): result:{"bonusInformation":[],"message":"","success":true}
12-09 08:34:09.330 W/art     (18507): Suspending all threads took: 18.807ms
12-09 08:34:09.336 I/art     (18507): Background sticky concurrent mark sweep GC freed 26809(1206KB) AllocSpace objects, 2(40KB) LOS objects, 34% free, 2008KB/3MB, paused 19.960ms total 81.210ms
12-09 08:34:09.380 I/calabash(18507): newActivity1
12-09 08:34:09.402 I/calabash(18507): newActivity1
12-09 08:34:09.403 W/ActivityManager( 1593): Bad activity token: android.os.BinderProxy@949ae4a
12-09 08:34:09.403 W/ActivityManager( 1593): java.lang.ClassCastException: android.os.BinderProxy cannot be cast to com.android.server.am.ActivityRecord$Token
12-09 08:34:09.403 W/ActivityManager( 1593): 	at com.android.server.am.ActivityRecord.forTokenLocked(ActivityRecord.java:424)
12-09 08:34:09.403 W/ActivityManager( 1593): 	at com.android.server.am.ActivityRecord.isInStackLocked(ActivityRecord.java:1121)
12-09 08:34:09.403 W/ActivityManager( 1593): 	at com.android.server.am.ActivityRecord.getStackLocked(ActivityRecord.java:1126)
12-09 08:34:09.403 W/ActivityManager( 1593): 	at com.android.server.am.ActivityManagerService.getActivityDisplayId(ActivityManagerService.java:8889)
12-09 08:34:09.403 W/ActivityManager( 1593): 	at android.app.ActivityManagerNative.onTransact(ActivityManagerNative.java:2338)
12-09 08:34:09.403 W/ActivityManager( 1593): 	at com.android.server.am.ActivityManagerService.onTransact(ActivityManagerService.java:2443)
12-09 08:34:09.403 W/ActivityManager( 1593): 	at android.os.Binder.execTransact(Binder.java:453)
12-09 08:34:09.404 W/ActivityManager( 1593): Bad activity token: android.os.BinderProxy@949ae4a
12-09 08:34:09.404 W/ActivityManager( 1593): java.lang.ClassCastException: android.os.BinderProxy cannot be cast to com.android.server.am.ActivityRecord$Token
12-09 08:34:09.404 W/ActivityManager( 1593): 	at com.android.server.am.ActivityRecord.forTokenLocked(ActivityRecord.java:424)
12-09 08:34:09.404 W/ActivityManager( 1593): 	at com.android.server.am.ActivityRecord.isInStackLocked(ActivityRecord.java:1121)
12-09 08:34:09.404 W/ActivityManager( 1593): 	at com.android.server.am.ActivityManagerService.setTaskDescription(ActivityManagerService.java:8547)
12-09 08:34:09.404 W/ActivityManager( 1593): 	at android.app.ActivityManagerNative.onTransact(ActivityManagerNative.java:2410)
12-09 08:34:09.404 W/ActivityManager( 1593): 	at com.android.server.am.ActivityManagerService.onTransact(ActivityManagerService.java:2443)
12-09 08:34:09.404 W/ActivityManager( 1593): 	at android.os.Binder.execTransact(Binder.java:453)
12-09 08:34:09.439 W/ActivityManager( 1593): Bad activity token: android.os.BinderProxy@949ae4a
12-09 08:34:09.439 W/ActivityManager( 1593): java.lang.ClassCastException: android.os.BinderProxy cannot be cast to com.android.server.am.ActivityRecord$Token
12-09 08:34:09.439 W/ActivityManager( 1593): 	at com.android.server.am.ActivityRecord.forTokenLocked(ActivityRecord.java:424)
12-09 08:34:09.439 W/ActivityManager( 1593): 	at com.android.server.am.ActivityRecord.isInStackLocked(ActivityRecord.java:1121)
12-09 08:34:09.439 W/ActivityManager( 1593): 	at com.android.server.am.ActivityManagerService.getActivityOptions(ActivityManagerService.java:11038)
12-09 08:34:09.439 W/ActivityManager( 1593): 	at android.app.ActivityManagerNative.onTransact(ActivityManagerNative.java:1734)
12-09 08:34:09.439 W/ActivityManager( 1593): 	at com.android.server.am.ActivityManagerService.onTransact(ActivityManagerService.java:2443)
12-09 08:34:09.439 W/ActivityManager( 1593): 	at android.os.Binder.execTransact(Binder.java:453)
12-09 08:34:09.439 W/ActivityManager( 1593): Bad activity token: android.os.BinderProxy@949ae4a
12-09 08:34:09.439 W/ActivityManager( 1593): java.lang.ClassCastException: android.os.BinderProxy cannot be cast to com.android.server.am.ActivityRecord$Token
12-09 08:34:09.439 W/ActivityManager( 1593): 	at com.android.server.am.ActivityRecord.forTokenLocked(ActivityRecord.java:424)
12-09 08:34:09.439 W/ActivityManager( 1593): 	at com.android.server.am.ActivityRecord.isInStackLocked(ActivityRecord.java:1121)
12-09 08:34:09.439 W/ActivityManager( 1593): 	at com.android.server.am.ActivityManagerService.getActivityOptions(ActivityManagerService.java:11038)
12-09 08:34:09.439 W/ActivityManager( 1593): 	at android.app.ActivityManagerNative.onTransact(ActivityManagerNative.java:1734)
12-09 08:34:09.439 W/ActivityManager( 1593): 	at com.android.server.am.ActivityManagerService.onTransact(ActivityManagerService.java:2443)
12-09 08:34:09.439 W/ActivityManager( 1593): 	at android.os.Binder.execTransact(Binder.java:453)
12-09 08:34:09.463 D/EGL_emulation( 1697): eglMakeCurrent: 0x7f276c45c300: ver 2 0 (tinfo 0x7f276435f160)
12-09 08:34:09.464 E/Surface ( 1697): getSlotFromBufferLocked: unknown buffer: 0x7f276de09ae0
12-09 08:34:09.465 D/EGL_emulation( 1697): eglMakeCurrent: 0x7f276c45c300: ver 2 0 (tinfo 0x7f276435f160)
12-09 08:34:09.531 I/WindowManager( 1593): Screen frozen for +946ms due to Window{5aea50a u0 StatusBar}
12-09 08:34:09.859 W/art     ( 1593): Long monitor contention event with owner method=void com.android.server.wm.WindowManagerService$H.handleMessage(android.os.Message) from WindowManagerService.java:7820 waiters=0 for 230ms
12-09 08:34:09.863 D/gralloc_ranchu( 1226): gralloc_alloc: Creating ashmem region of size 3686400
12-09 08:34:10.582 D/gralloc_ranchu( 1226): gralloc_alloc: Creating ashmem region of size 3686400
12-09 08:34:11.180 D/gralloc_ranchu( 1226): gralloc_alloc: Creating ashmem region of size 3686400
12-09 08:34:11.238 D/hwcomposer( 1226): hw_composer sent 565 syncs in 60s
12-09 08:34:11.694 E/SurfaceFlinger( 1226): ro.sf.lcd_density must be defined as a build property
12-09 08:34:11.739 D/gralloc_ranchu( 1226): gralloc_alloc: Creating ashmem region of size 3686400
12-09 08:34:11.778 D/        (18535): HostConnection::get() New Host Connection established 0x7f9284252480, tid 18535
12-09 08:34:11.800 E/EGL_emulation( 1226): tid 1226: eglCreateSyncKHR(1881): error 0x3004 (EGL_BAD_ATTRIBUTE)
12-09 08:34:11.869 I/art     ( 1593): Starting a blocking GC Explicit
12-09 08:34:11.931 I/art     ( 1593): Explicit concurrent mark sweep GC freed 16600(1298KB) AllocSpace objects, 4(80KB) LOS objects, 29% free, 9MB/13MB, paused 10.536ms total 61.623ms
12-09 08:34:12.416 I/System.out(18507): URI: //
12-09 08:34:12.416 I/System.out(18507): params: {json={"command":"set_activity_orientation","arguments":["portrait"]}
12-09 08:34:12.416 I/System.out(18507): }
12-09 08:34:12.416 I/System.out(18507): header: {date=Sun, 09 Dec 2018 08:34:12 GMT, accept=*/*, content-length=63, host=127.0.0.1:34777, user-agent=HTTPClient/1.0 (2.8.3, ruby 2.3.1 (2016-04-26)), content-type=application/json;charset=utf-8}
12-09 08:34:12.416 I/System.out(18507): params: {json={"command":"set_activity_orientation","arguments":["portrait"]}
12-09 08:34:12.416 I/System.out(18507): }
12-09 08:34:12.416 I/System.out(18507): ProP json = {"command":"set_activity_orientation","arguments":["portrait"]}
12-09 08:34:12.416 I/System.out(18507): files: {}
12-09 08:34:12.416 I/System.out(18507): command: {"command":"set_activity_orientation","arguments":["portrait"]}
12-09 08:34:12.417 I/InstrumentationBackend(18507): Got command:'Command:'Line:null,set_activity_orientation', arguments:'[portrait]'
12-09 08:34:12.422 D/gralloc_ranchu( 1226): gralloc_alloc: Creating ashmem region of size 3686400
12-09 08:34:12.442 E/EGL_emulation( 1226): tid 1226: eglCreateSyncKHR(1881): error 0x3004 (EGL_BAD_ATTRIBUTE)
12-09 08:34:12.607 I/ActivityManager( 1593): Config changes=480 {1.0 310mcc260mnc en_US ldltr sw720dp w720dp h1256dp 160dpi xlrg long port finger -keyb/v/h tball/v s.53}
12-09 08:34:12.710 I/InputReader( 1593): Reconfiguring input devices.  changes=0x00000004
12-09 08:34:12.711 I/InputReader( 1593): Device reconfigured: id=0, name='qwerty2', size 720x1280, orientation 0, mode 1, display id 0
12-09 08:34:12.828 I/calabash(18507): newActivity1
12-09 08:34:12.851 I/art     (18507): Background sticky concurrent mark sweep GC freed 14200(624KB) AllocSpace objects, 2(40KB) LOS objects, 22% free, 2MB/3MB, paused 10.439ms total 36.681ms
12-09 08:34:12.853 I/System.out(18507): result:{"bonusInformation":[],"message":"","success":true}
12-09 08:34:12.918 I/calabash(18507): newActivity1
12-09 08:34:12.919 W/ActivityManager( 1593): Bad activity token: android.os.BinderProxy@d5fe8f0
12-09 08:34:12.919 W/ActivityManager( 1593): java.lang.ClassCastException: android.os.BinderProxy cannot be cast to com.android.server.am.ActivityRecord$Token
12-09 08:34:12.919 W/ActivityManager( 1593): 	at com.android.server.am.ActivityRecord.forTokenLocked(ActivityRecord.java:424)
12-09 08:34:12.919 W/ActivityManager( 1593): 	at com.android.server.am.ActivityRecord.isInStackLocked(ActivityRecord.java:1121)
12-09 08:34:12.919 W/ActivityManager( 1593): 	at com.android.server.am.ActivityRecord.getStackLocked(ActivityRecord.java:1126)
12-09 08:34:12.919 W/ActivityManager( 1593): 	at com.android.server.am.ActivityManagerService.getActivityDisplayId(ActivityManagerService.java:8889)
12-09 08:34:12.919 W/ActivityManager( 1593): 	at android.app.ActivityManagerNative.onTransact(ActivityManagerNative.java:2338)
12-09 08:34:12.919 W/ActivityManager( 1593): 	at com.android.server.am.ActivityManagerService.onTransact(ActivityManagerService.java:2443)
12-09 08:34:12.919 W/ActivityManager( 1593): 	at android.os.Binder.execTransact(Binder.java:453)
12-09 08:34:12.944 W/ActivityManager( 1593): Bad activity token: android.os.BinderProxy@d5fe8f0
12-09 08:34:12.944 W/ActivityManager( 1593): java.lang.ClassCastException: android.os.BinderProxy cannot be cast to com.android.server.am.ActivityRecord$Token
12-09 08:34:12.944 W/ActivityManager( 1593): 	at com.android.server.am.ActivityRecord.forTokenLocked(ActivityRecord.java:424)
12-09 08:34:12.944 W/ActivityManager( 1593): 	at com.android.server.am.ActivityRecord.isInStackLocked(ActivityRecord.java:1121)
12-09 08:34:12.944 W/ActivityManager( 1593): 	at com.android.server.am.ActivityManagerService.setTaskDescription(ActivityManagerService.java:8547)
12-09 08:34:12.944 W/ActivityManager( 1593): 	at android.app.ActivityManagerNative.onTransact(ActivityManagerNative.java:2410)
12-09 08:34:12.944 W/ActivityManager( 1593): 	at com.android.server.am.ActivityManagerService.onTransact(ActivityManagerService.java:2443)
12-09 08:34:12.944 W/ActivityManager( 1593): 	at android.os.Binder.execTransact(Binder.java:453)
12-09 08:34:12.951 D/EGL_emulation( 1697): eglMakeCurrent: 0x7f276c45c300: ver 2 0 (tinfo 0x7f276435f160)
12-09 08:34:12.955 E/Surface ( 1697): getSlotFromBufferLocked: unknown buffer: 0x7f276de097c0
12-09 08:34:12.962 D/EGL_emulation( 1697): eglMakeCurrent: 0x7f276c45c300: ver 2 0 (tinfo 0x7f276435f160)
12-09 08:34:12.968 W/ActivityManager( 1593): Bad activity token: android.os.BinderProxy@d5fe8f0
12-09 08:34:12.968 W/ActivityManager( 1593): java.lang.ClassCastException: android.os.BinderProxy cannot be cast to com.android.server.am.ActivityRecord$Token
12-09 08:34:12.968 W/ActivityManager( 1593): 	at com.android.server.am.ActivityRecord.forTokenLocked(ActivityRecord.java:424)
12-09 08:34:12.968 W/ActivityManager( 1593): 	at com.android.server.am.ActivityRecord.isInStackLocked(ActivityRecord.java:1121)
12-09 08:34:12.968 W/ActivityManager( 1593): 	at com.android.server.am.ActivityManagerService.getActivityOptions(ActivityManagerService.java:11038)
12-09 08:34:12.968 W/ActivityManager( 1593): 	at android.app.ActivityManagerNative.onTransact(ActivityManagerNative.java:1734)
12-09 08:34:12.968 W/ActivityManager( 1593): 	at com.android.server.am.ActivityManagerService.onTransact(ActivityManagerService.java:2443)
12-09 08:34:12.968 W/ActivityManager( 1593): 	at android.os.Binder.execTransact(Binder.java:453)
12-09 08:34:12.968 W/ActivityManager( 1593): Bad activity token: android.os.BinderProxy@d5fe8f0
12-09 08:34:12.968 W/ActivityManager( 1593): java.lang.ClassCastException: android.os.BinderProxy cannot be cast to com.android.server.am.ActivityRecord$Token
12-09 08:34:12.968 W/ActivityManager( 1593): 	at com.android.server.am.ActivityRecord.forTokenLocked(ActivityRecord.java:424)
12-09 08:34:12.968 W/ActivityManager( 1593): 	at com.android.server.am.ActivityRecord.isInStackLocked(ActivityRecord.java:1121)
12-09 08:34:12.968 W/ActivityManager( 1593): 	at com.android.server.am.ActivityManagerService.getActivityOptions(ActivityManagerService.java:11038)
12-09 08:34:12.968 W/ActivityManager( 1593): 	at android.app.ActivityManagerNative.onTransact(ActivityManagerNative.java:1734)
12-09 08:34:12.968 W/ActivityManager( 1593): 	at com.android.server.am.ActivityManagerService.onTransact(ActivityManagerService.java:2443)
12-09 08:34:12.968 W/ActivityManager( 1593): 	at android.os.Binder.execTransact(Binder.java:453)
12-09 08:34:13.015 I/WindowManager( 1593): Screen frozen for +597ms due to Window{5aea50a u0 StatusBar}
12-09 08:34:13.504 W/art     ( 1593): Long monitor contention event with owner method=int com.android.server.wm.WindowManagerService.relayoutWindow(com.android.server.wm.Session, android.view.IWindow, int, android.view.WindowManager$LayoutParams, int, int, int, int, android.graphics.Rect, android.graphics.Rect, android.graphics.Rect, android.graphics.Rect, android.graphics.Rect, android.graphics.Rect, android.content.res.Configuration, android.view.Surface) from WindowManagerService.java:3103 waiters=0 for 178ms
12-09 08:34:13.512 D/gralloc_ranchu( 1226): gralloc_alloc: Creating ashmem region of size 3686400
12-09 08:34:13.941 D/gralloc_ranchu( 1226): gralloc_alloc: Creating ashmem region of size 3686400
12-09 08:34:15.074 I/art     (18507): Background sticky concurrent mark sweep GC freed 5461(290KB) AllocSpace objects, 1(20KB) LOS objects, 17% free, 2MB/3MB, paused 10.126ms total 25.458ms
12-09 08:34:15.212 E/SurfaceFlinger( 1226): ro.sf.lcd_density must be defined as a build property
12-09 08:34:15.216 D/gralloc_ranchu( 1226): gralloc_alloc: Creating ashmem region of size 3686400
12-09 08:34:15.222 I/art     ( 1593): Starting a blocking GC Explicit
12-09 08:34:15.263 D/        (18541): HostConnection::get() New Host Connection established 0x7f496a112480, tid 18541
12-09 08:34:15.265 I/art     ( 1593): Explicit concurrent mark sweep GC freed 4296(309KB) AllocSpace objects, 0(0B) LOS objects, 29% free, 9MB/13MB, paused 1.362ms total 35.208ms
12-09 08:34:15.331 E/EGL_emulation( 1226): tid 1226: eglCreateSyncKHR(1881): error 0x3004 (EGL_BAD_ATTRIBUTE)
