--------- beginning of main
12-09 07:43:53.831 D/AndroidRuntime( 5580): >>>>>> START com.android.internal.os.RuntimeInit uid 0 <<<<<<
12-09 07:43:53.832 D/AndroidRuntime( 5580): CheckJNI is ON
12-09 07:43:53.858 D/ICU     ( 5580): No timezone override file found: /data/misc/zoneinfo/current/icu/icu_tzdata.dat
12-09 07:43:54.406 E/memtrack( 5580): Couldn't load memtrack module (No such file or directory)
12-09 07:43:54.406 E/android.os.Debug( 5580): failed to load memtrack module: -2
12-09 07:43:54.407 I/Radio-JNI( 5580): register_android_hardware_Radio DONE
12-09 07:43:54.419 D/AndroidRuntime( 5580): Calling main entry com.android.commands.am.Am
--------- beginning of system
12-09 07:43:54.420 I/ActivityManager( 1591): Force stopping com.evancharlton.mileage appid=10117 user=0: start instr
12-09 07:43:54.426 I/ActivityManager( 1591): Killing 5563:com.evancharlton.mileage/u0a117 (adj 0): stop com.evancharlton.mileage
12-09 07:43:54.561 W/ActivityManager( 1591): Crash of app com.evancharlton.mileage running instrumentation ComponentInfo{com.evancharlton.mileage.test/sh.calaba.instrumentationbackend.ClearAppData2}
12-09 07:43:54.573 I/ActivityManager( 1591): Force stopping com.evancharlton.mileage appid=10117 user=0: finished inst
12-09 07:43:54.595 I/ActivityManager( 1591): Start proc 5589:com.evancharlton.mileage/u0a117 for added application com.evancharlton.mileage
12-09 07:43:54.596 D/AndroidRuntime( 5580): Shutting down VM
12-09 07:43:54.601 W/ActivityManager( 1591): Spurious death for ProcessRecord{befd885 0:com.evancharlton.mileage/u0a117}, curProc for 5563: null
12-09 07:43:54.639 W/System  ( 5589): ClassLoader referenced unknown path: /data/app/com.evancharlton.mileage.test-1/lib/x86_64
12-09 07:43:54.639 W/System  ( 5589): ClassLoader referenced unknown path: /data/app/com.evancharlton.mileage-1/lib/x86_64
12-09 07:43:54.720 I/System.out( 5589): Main activity name automatically set to: com.evancharlton.mileage.Mileage
12-09 07:43:54.726 I/System.out( 5589): Calabash did not load Mono. This is only a problem if you are trying to test a Mono application
12-09 07:43:54.726 I/calabash( 5589): Test server port: 7102
12-09 07:43:54.727 I/InstrumentationBackend( 5589): Added:'GetPreferences', with key:'get_preferences'
12-09 07:43:54.752 I/InstrumentationBackend( 5589): Added:'SetPreferences', with key:'set_preferences'
12-09 07:43:54.752 I/InstrumentationBackend( 5589): Added:'ClearPreferences', with key:'clear_preferences'
12-09 07:43:54.752 I/InstrumentationBackend( 5589): Added:'PressElement', with key:'press_l10n_element'
12-09 07:43:54.752 I/InstrumentationBackend( 5589): Added:'WaitForElement', with key:'wait_for_l10n_element'
12-09 07:43:54.753 I/InstrumentationBackend( 5589): Added:'NullAction', with key:'nullAction'
12-09 07:43:54.753 I/InstrumentationBackend( 5589): Added:'PressKey', with key:'press_key'
12-09 07:43:54.757 I/InstrumentationBackend( 5589): Added:'SetActivityOrientation', with key:'set_activity_orientation'
12-09 07:43:54.757 I/InstrumentationBackend( 5589): Added:'GetActivityOrientation', with key:'get_activity_orientation'
12-09 07:43:54.757 I/InstrumentationBackend( 5589): Added:'FakeGPSLocation', with key:'set_gps_coordinates'
12-09 07:43:54.758 I/InstrumentationBackend( 5589): Added:'SetPropertyByCssSelector', with key:'set_property_by_css_selector'
12-09 07:43:54.758 I/InstrumentationBackend( 5589): Added:'GetUrl', with key:'get_url'
12-09 07:43:54.759 I/InstrumentationBackend( 5589): Added:'ScrollTo', with key:'scroll_to'
12-09 07:43:54.759 I/InstrumentationBackend( 5589): Added:'GetLoadProgress', with key:'get_load_progress'
12-09 07:43:54.759 I/InstrumentationBackend( 5589): Added:'DumpHtml', with key:'dump_html'
12-09 07:43:54.759 I/InstrumentationBackend( 5589): Added:'DumpBodyHtml', with key:'dump_body_html'
12-09 07:43:54.759 I/InstrumentationBackend( 5589): Added:'EnterTextByCssSelector', with key:'enter_text_by_selector'
12-09 07:43:54.760 I/InstrumentationBackend( 5589): Added:'AndroidSDKVersion', with key:'android_sdk_version'
12-09 07:43:54.760 I/InstrumentationBackend( 5589): Added:'Version', with key:'version'
12-09 07:43:54.760 I/InstrumentationBackend( 5589): Added:'Drag', with key:'drag'
12-09 07:43:54.761 I/InstrumentationBackend( 5589): Added:'TouchCoordinates', with key:'touch_coordinate'
12-09 07:43:54.761 I/InstrumentationBackend( 5589): Added:'LongPressCoordinate', with key:'long_press_coordinate'
12-09 07:43:54.761 I/InstrumentationBackend( 5589): Added:'DragCoordinates', with key:'drag_coordinates'
12-09 07:43:54.765 I/InstrumentationBackend( 5589): Added:'ResumeApplication', with key:'resume_application'
12-09 07:43:54.765 I/InstrumentationBackend( 5589): Added:'Swipe', with key:'swipe'
12-09 07:43:54.766 I/InstrumentationBackend( 5589): Added:'DoubleTapCoordinate', with key:'double_tap_coordinate'
12-09 07:43:54.766 I/InstrumentationBackend( 5589): Added:'ClickOnScreen', with key:'click_on_screen'
12-09 07:43:54.766 I/InstrumentationBackend( 5589): Added:'GetActivityName', with key:'get_activity_name'
12-09 07:43:54.766 I/InstrumentationBackend( 5589): Added:'ScrollToView', with key:'scroll_to_view'
12-09 07:43:54.766 I/InstrumentationBackend( 5589): Added:'ViewConfiguration', with key:'view_configuration'
12-09 07:43:54.767 I/InstrumentationBackend( 5589): Added:'IsCurrentActivityFocused', with key:'is_current_activity_focused'
12-09 07:43:54.767 I/InstrumentationBackend( 5589): Added:'SendTcp', with key:'send_tcp'
12-09 07:43:54.767 I/InstrumentationBackend( 5589): Added:'DpToDevicePixel', with key:'dp_to_device_pixel'
12-09 07:43:54.767 I/InstrumentationBackend( 5589): Added:'KeyboardEnterText', with key:'keyboard_enter_text'
12-09 07:43:54.768 I/InstrumentationBackend( 5589): Added:'DeleteSurroundingText', with key:'delete_surrounding_text'
12-09 07:43:54.768 I/InstrumentationBackend( 5589): Added:'SetComposingRegion', with key:'set_composing_region'
12-09 07:43:54.768 I/InstrumentationBackend( 5589): Added:'SetSelection', with key:'set_selection'
12-09 07:43:54.768 I/InstrumentationBackend( 5589): Added:'KeyboardKeyEvent', with key:'keyboard_key_event'
12-09 07:43:54.768 I/InstrumentationBackend( 5589): Added:'PressUserActionButton', with key:'press_user_action_button'
12-09 07:43:54.769 I/InstrumentationBackend( 5589): Added:'HideSoftKeyboard', with key:'hide_soft_keyboard'
12-09 07:43:54.769 I/InstrumentationBackend( 5589): Added:'ListActions', with key:'list_actions'
12-09 07:43:54.769 I/calabash( 5589): Instantiating http server at 7102
12-09 07:43:54.781 I/System.out( 5589): HTTP Daemon listening on: 7102
12-09 07:43:54.857 I/System.out( 5589): URI: //ping
12-09 07:43:54.858 I/System.out( 5589): params: {json={}
12-09 07:43:54.858 I/System.out( 5589): }
12-09 07:43:54.914 I/System.out( 5589): URI: //ping
12-09 07:43:54.929 I/System.out( 5589): params: {json={}
12-09 07:43:54.929 I/System.out( 5589): }
12-09 07:43:54.957 I/System.out( 5589): URI: //ready
12-09 07:43:54.957 I/System.out( 5589): params: {json={}
12-09 07:43:54.957 I/System.out( 5589): }
12-09 07:43:55.057 I/System.out( 5589): URI: //
12-09 07:43:55.057 I/System.out( 5589): params: {json={"command":"version","arguments":[]}
12-09 07:43:55.058 I/System.out( 5589): }
12-09 07:43:55.058 I/System.out( 5589): header: {date=Sun, 09 Dec 2018 07:43:55 GMT, accept=*/*, content-length=36, host=127.0.0.1:34777, user-agent=HTTPClient/1.0 (2.8.3, ruby 2.3.1 (2016-04-26)), content-type=application/json;charset=utf-8}
12-09 07:43:55.058 I/System.out( 5589): params: {json={"command":"version","arguments":[]}
12-09 07:43:55.058 I/System.out( 5589): }
12-09 07:43:55.058 I/System.out( 5589): ProP json = {"command":"version","arguments":[]}
12-09 07:43:55.058 I/System.out( 5589): files: {}
12-09 07:43:55.058 I/System.out( 5589): command: {"command":"version","arguments":[]}
12-09 07:43:55.066 I/InstrumentationBackend( 5589): Got command:'Command:'Line:null,version', arguments:'[]'
12-09 07:43:55.082 I/System.out( 5589): result:{"bonusInformation":[],"message":"0.9.8","success":true}
12-09 07:43:55.169 I/System.out( 5589): URI: //start-application
12-09 07:43:55.169 I/System.out( 5589): params: {json={"intent":null}
12-09 07:43:55.169 I/System.out( 5589): }
12-09 07:43:55.205 I/ActivityManager( 1591): START u0 {act=android.intent.action.MAIN cat=[android.intent.category.LAUNCHER] flg=0x10200000 cmp=com.evancharlton.mileage/.Mileage} from uid 10117 on display 0
12-09 07:43:55.244 I/calabash( 5589): newActivity1
12-09 07:43:55.354 I/calabash( 5589): newActivity1
12-09 07:43:55.355 W/ActivityManager( 1591): Bad activity token: android.os.BinderProxy@f422c83
12-09 07:43:55.355 W/ActivityManager( 1591): java.lang.ClassCastException: android.os.BinderProxy cannot be cast to com.android.server.am.ActivityRecord$Token
12-09 07:43:55.355 W/ActivityManager( 1591): 	at com.android.server.am.ActivityRecord.forTokenLocked(ActivityRecord.java:424)
12-09 07:43:55.355 W/ActivityManager( 1591): 	at com.android.server.am.ActivityRecord.isInStackLocked(ActivityRecord.java:1121)
12-09 07:43:55.355 W/ActivityManager( 1591): 	at com.android.server.am.ActivityRecord.getStackLocked(ActivityRecord.java:1126)
12-09 07:43:55.355 W/ActivityManager( 1591): 	at com.android.server.am.ActivityManagerService.getActivityDisplayId(ActivityManagerService.java:8889)
12-09 07:43:55.355 W/ActivityManager( 1591): 	at android.app.ActivityManagerNative.onTransact(ActivityManagerNative.java:2338)
12-09 07:43:55.355 W/ActivityManager( 1591): 	at com.android.server.am.ActivityManagerService.onTransact(ActivityManagerService.java:2443)
12-09 07:43:55.355 W/ActivityManager( 1591): 	at android.os.Binder.execTransact(Binder.java:453)
12-09 07:43:55.356 W/ActivityManager( 1591): Bad activity token: android.os.BinderProxy@f422c83
12-09 07:43:55.356 W/ActivityManager( 1591): java.lang.ClassCastException: android.os.BinderProxy cannot be cast to com.android.server.am.ActivityRecord$Token
12-09 07:43:55.356 W/ActivityManager( 1591): 	at com.android.server.am.ActivityRecord.forTokenLocked(ActivityRecord.java:424)
12-09 07:43:55.356 W/ActivityManager( 1591): 	at com.android.server.am.ActivityRecord.isInStackLocked(ActivityRecord.java:1121)
12-09 07:43:55.356 W/ActivityManager( 1591): 	at com.android.server.am.ActivityManagerService.setTaskDescription(ActivityManagerService.java:8547)
12-09 07:43:55.356 W/ActivityManager( 1591): 	at android.app.ActivityManagerNative.onTransact(ActivityManagerNative.java:2410)
12-09 07:43:55.356 W/ActivityManager( 1591): 	at com.android.server.am.ActivityManagerService.onTransact(ActivityManagerService.java:2443)
12-09 07:43:55.356 W/ActivityManager( 1591): 	at android.os.Binder.execTransact(Binder.java:453)
12-09 07:43:55.450 D/gralloc_ranchu( 1224): gralloc_alloc: Creating ashmem region of size 3686400
12-09 07:43:55.599 D/FillupsProvider( 5589): Creating database
12-09 07:43:55.641 V/PhoneStatusBar( 1691): setLightsOn(true)
12-09 07:43:55.749 D/EGL_emulation( 1934): eglMakeCurrent: 0x7f13e2ff4dc0: ver 2 0 (tinfo 0x7f13e2fc2d40)
12-09 07:43:55.751 E/Surface ( 1934): getSlotFromBufferLocked: unknown buffer: 0x7f13df595fc0
12-09 07:43:55.823 W/ActivityManager( 1591): Bad activity token: android.os.BinderProxy@f422c83
12-09 07:43:55.823 W/ActivityManager( 1591): java.lang.ClassCastException: android.os.BinderProxy cannot be cast to com.android.server.am.ActivityRecord$Token
12-09 07:43:55.823 W/ActivityManager( 1591): 	at com.android.server.am.ActivityRecord.forTokenLocked(ActivityRecord.java:424)
12-09 07:43:55.823 W/ActivityManager( 1591): 	at com.android.server.am.ActivityRecord.isInStackLocked(ActivityRecord.java:1121)
12-09 07:43:55.823 W/ActivityManager( 1591): 	at com.android.server.am.ActivityManagerService.getActivityOptions(ActivityManagerService.java:11038)
12-09 07:43:55.823 W/ActivityManager( 1591): 	at android.app.ActivityManagerNative.onTransact(ActivityManagerNative.java:1734)
12-09 07:43:55.823 W/ActivityManager( 1591): 	at com.android.server.am.ActivityManagerService.onTransact(ActivityManagerService.java:2443)
12-09 07:43:55.823 W/ActivityManager( 1591): 	at android.os.Binder.execTransact(Binder.java:453)
12-09 07:43:55.823 W/ActivityManager( 1591): Bad activity token: android.os.BinderProxy@f422c83
12-09 07:43:55.823 W/ActivityManager( 1591): java.lang.ClassCastException: android.os.BinderProxy cannot be cast to com.android.server.am.ActivityRecord$Token
12-09 07:43:55.823 W/ActivityManager( 1591): 	at com.android.server.am.ActivityRecord.forTokenLocked(ActivityRecord.java:424)
12-09 07:43:55.823 W/ActivityManager( 1591): 	at com.android.server.am.ActivityRecord.isInStackLocked(ActivityRecord.java:1121)
12-09 07:43:55.823 W/ActivityManager( 1591): 	at com.android.server.am.ActivityManagerService.getActivityOptions(ActivityManagerService.java:11038)
12-09 07:43:55.823 W/ActivityManager( 1591): 	at android.app.ActivityManagerNative.onTransact(ActivityManagerNative.java:1734)
12-09 07:43:55.823 W/ActivityManager( 1591): 	at com.android.server.am.ActivityManagerService.onTransact(ActivityManagerService.java:2443)
12-09 07:43:55.823 W/ActivityManager( 1591): 	at android.os.Binder.execTransact(Binder.java:453)
12-09 07:43:56.015 D/gralloc_ranchu( 1224): gralloc_alloc: Creating ashmem region of size 3686400
12-09 07:43:56.062 D/        ( 5589): HostConnection::get() New Host Connection established 0x7f13df6fef20, tid 5589
12-09 07:43:56.684 I/ActivityManager( 1591): Displayed com.evancharlton.mileage/.Mileage: +1s442ms
12-09 07:43:56.700 D/gralloc_ranchu( 1224): gralloc_alloc: Creating ashmem region of size 3686400
12-09 07:43:57.195 I/art     ( 5589): Background partial concurrent mark sweep GC freed 12983(612KB) AllocSpace objects, 0(0B) LOS objects, 40% free, 1930KB/3MB, paused 10.105ms total 32.945ms
12-09 07:43:57.220 I/System.out( 5589): URI: //gesture
12-09 07:43:57.220 I/System.out( 5589): params: {json={"query_timeout":5.0,"gestures":[{"query_string":"android.widget.TabWidget descendant TextView index:3","touches":[{"x":50,"y":50,"offset_x":0,"offset_y":0,"wait":0.0,"time":0.2,"release":true,"query_string":null}]}]}
12-09 07:43:57.220 I/System.out( 5589): }
12-09 07:43:57.308 D/gralloc_ranchu( 1224): gralloc_alloc: Creating ashmem region of size 3686400
12-09 07:43:58.151 I/calabash( 5589): newActivity1
12-09 07:43:58.158 W/ActivityManager( 1591): Bad activity token: android.os.BinderProxy@3c8d9d7
12-09 07:43:58.158 W/ActivityManager( 1591): java.lang.ClassCastException: android.os.BinderProxy cannot be cast to com.android.server.am.ActivityRecord$Token
12-09 07:43:58.158 W/ActivityManager( 1591): 	at com.android.server.am.ActivityRecord.forTokenLocked(ActivityRecord.java:424)
12-09 07:43:58.158 W/ActivityManager( 1591): 	at com.android.server.am.ActivityRecord.isInStackLocked(ActivityRecord.java:1121)
12-09 07:43:58.158 W/ActivityManager( 1591): 	at com.android.server.am.ActivityRecord.getStackLocked(ActivityRecord.java:1126)
12-09 07:43:58.158 W/ActivityManager( 1591): 	at com.android.server.am.ActivityManagerService.getActivityDisplayId(ActivityManagerService.java:8889)
12-09 07:43:58.158 W/ActivityManager( 1591): 	at android.app.ActivityManagerNative.onTransact(ActivityManagerNative.java:2338)
12-09 07:43:58.158 W/ActivityManager( 1591): 	at com.android.server.am.ActivityManagerService.onTransact(ActivityManagerService.java:2443)
12-09 07:43:58.158 W/ActivityManager( 1591): 	at android.os.Binder.execTransact(Binder.java:453)
12-09 07:43:58.159 W/ActivityManager( 1591): Bad activity token: android.os.BinderProxy@3c8d9d7
12-09 07:43:58.159 W/ActivityManager( 1591): java.lang.ClassCastException: android.os.BinderProxy cannot be cast to com.android.server.am.ActivityRecord$Token
12-09 07:43:58.159 W/ActivityManager( 1591): 	at com.android.server.am.ActivityRecord.forTokenLocked(ActivityRecord.java:424)
12-09 07:43:58.159 W/ActivityManager( 1591): 	at com.android.server.am.ActivityRecord.isInStackLocked(ActivityRecord.java:1121)
12-09 07:43:58.159 W/ActivityManager( 1591): 	at com.android.server.am.ActivityManagerService.setTaskDescription(ActivityManagerService.java:8547)
12-09 07:43:58.159 W/ActivityManager( 1591): 	at android.app.ActivityManagerNative.onTransact(ActivityManagerNative.java:2410)
12-09 07:43:58.159 W/ActivityManager( 1591): 	at com.android.server.am.ActivityManagerService.onTransact(ActivityManagerService.java:2443)
12-09 07:43:58.159 W/ActivityManager( 1591): 	at android.os.Binder.execTransact(Binder.java:453)
12-09 07:43:58.319 W/ActivityManager( 1591): Bad activity token: android.os.BinderProxy@3c8d9d7
12-09 07:43:58.319 W/ActivityManager( 1591): java.lang.ClassCastException: android.os.BinderProxy cannot be cast to com.android.server.am.ActivityRecord$Token
12-09 07:43:58.319 W/ActivityManager( 1591): 	at com.android.server.am.ActivityRecord.forTokenLocked(ActivityRecord.java:424)
12-09 07:43:58.319 W/ActivityManager( 1591): 	at com.android.server.am.ActivityRecord.isInStackLocked(ActivityRecord.java:1121)
12-09 07:43:58.319 W/ActivityManager( 1591): 	at com.android.server.am.ActivityManagerService.getActivityOptions(ActivityManagerService.java:11038)
12-09 07:43:58.319 W/ActivityManager( 1591): 	at android.app.ActivityManagerNative.onTransact(ActivityManagerNative.java:1734)
12-09 07:43:58.319 W/ActivityManager( 1591): 	at com.android.server.am.ActivityManagerService.onTransact(ActivityManagerService.java:2443)
12-09 07:43:58.319 W/ActivityManager( 1591): 	at android.os.Binder.execTransact(Binder.java:453)
12-09 07:43:58.321 W/ActivityManager( 1591): Bad activity token: android.os.BinderProxy@3c8d9d7
12-09 07:43:58.321 W/ActivityManager( 1591): java.lang.ClassCastException: android.os.BinderProxy cannot be cast to com.android.server.am.ActivityRecord$Token
12-09 07:43:58.321 W/ActivityManager( 1591): 	at com.android.server.am.ActivityRecord.forTokenLocked(ActivityRecord.java:424)
12-09 07:43:58.321 W/ActivityManager( 1591): 	at com.android.server.am.ActivityRecord.isInStackLocked(ActivityRecord.java:1121)
12-09 07:43:58.321 W/ActivityManager( 1591): 	at com.android.server.am.ActivityManagerService.getActivityOptions(ActivityManagerService.java:11038)
12-09 07:43:58.321 W/ActivityManager( 1591): 	at android.app.ActivityManagerNative.onTransact(ActivityManagerNative.java:1734)
12-09 07:43:58.321 W/ActivityManager( 1591): 	at com.android.server.am.ActivityManagerService.onTransact(ActivityManagerService.java:2443)
12-09 07:43:58.321 W/ActivityManager( 1591): 	at android.os.Binder.execTransact(Binder.java:453)
12-09 07:43:58.335 I/System.out( 5589): URI: //map
12-09 07:43:58.335 I/System.out( 5589): params: {json={"query":"android.widget.ListView index:0 android.widget.TextView index:0","operation":{"method_name":"query","arguments":[]}}
12-09 07:43:58.335 I/System.out( 5589): }
12-09 07:43:58.566 I/System.out( 5589): URI: //gesture
12-09 07:43:58.567 I/System.out( 5589): params: {json={"query_timeout":5.0,"gestures":[{"query_string":"android.widget.ListView index:0 android.widget.TextView index:0","touches":[{"x":50,"y":50,"offset_x":0,"offset_y":0,"wait":0.0,"time":0.2,"release":true,"query_string":null}]}]}
12-09 07:43:58.567 I/System.out( 5589): }
12-09 07:43:58.646 W/audio_hw_generic( 1307): Not supplying enough data to HAL, expected position 7515139 , only wrote 7514909
12-09 07:43:58.662 W/audio_hw_generic( 1307): Hardware backing HAL too slow, could only write 0 of 661 frames
12-09 07:43:58.677 W/audio_hw_generic( 1307): Hardware backing HAL too slow, could only write 0 of 661 frames
12-09 07:43:58.960 W/audio_hw_generic( 1307): Not supplying enough data to HAL, expected position 7528792 , only wrote 7528790
12-09 07:43:58.961 W/audio_hw_generic( 1307): Not supplying enough data to HAL, expected position 7528797 , only wrote 7528790
12-09 07:43:58.990 W/audio_hw_generic( 1307): Not supplying enough data to HAL, expected position 7530075 , only wrote 7529451
12-09 07:43:59.122 W/audio_hw_generic( 1307): Not supplying enough data to HAL, expected position 7535264 , only wrote 7534078
12-09 07:43:59.122 W/audio_hw_generic( 1307): Not supplying enough data to HAL, expected position 7534084 , only wrote 7534078
12-09 07:43:59.198 W/audio_hw_generic( 1307): Not supplying enough data to HAL, expected position 7537431 , only wrote 7534739
12-09 07:43:59.354 I/art     ( 5589): Background sticky concurrent mark sweep GC freed 47724(2MB) AllocSpace objects, 2(40KB) LOS objects, 34% free, 2MB/3MB, paused 917us total 228.802ms
12-09 07:43:59.360 I/ActivityManager( 1591): START u0 {cmp=com.evancharlton.mileage/.VehicleActivity (has extras)} from uid 10117 on display 0
12-09 07:43:59.403 W/audio_hw_generic( 1307): Hardware backing HAL too slow, could only write 0 of 661 frames
12-09 07:43:59.403 W/audio_hw_generic( 1307): Not supplying enough data to HAL, expected position 7543805 , only wrote 7543332
12-09 07:43:59.403 W/audio_hw_generic( 1307): Not supplying enough data to HAL, expected position 7543337 , only wrote 7543332
12-09 07:43:59.403 W/audio_hw_generic( 1307): Hardware backing HAL too slow, could only write 0 of 661 frames
12-09 07:43:59.421 W/audio_hw_generic( 1307): Not supplying enough data to HAL, expected position 7544126 , only wrote 7543993
12-09 07:43:59.422 W/audio_hw_generic( 1307): Hardware backing HAL too slow, could only write 0 of 661 frames
12-09 07:43:59.422 W/audio_hw_generic( 1307): Hardware backing HAL too slow, could only write 0 of 661 frames
12-09 07:43:59.534 W/audio_hw_generic( 1307): Not supplying enough data to HAL, expected position 7548952 , only wrote 7547298
12-09 07:43:59.551 W/audio_hw_generic( 1307): Not supplying enough data to HAL, expected position 7548055 , only wrote 7547959
12-09 07:43:59.612 D/AudioFlinger( 1307): mixer(0xf43c0000) throttle end: throttle time(11)
12-09 07:43:59.691 I/calabash( 5589): newActivity1
12-09 07:43:59.737 E/SurfaceFlinger( 1224): ro.sf.lcd_density must be defined as a build property
12-09 07:43:59.747 D/gralloc_ranchu( 1224): gralloc_alloc: Creating ashmem region of size 3686400
12-09 07:43:59.772 D/        ( 5617): HostConnection::get() New Host Connection established 0x7f3d67ed2480, tid 5617
12-09 07:43:59.794 E/EGL_emulation( 1224): tid 1224: eglCreateSyncKHR(1881): error 0x3004 (EGL_BAD_ATTRIBUTE)
12-09 07:43:59.933 W/audio_hw_generic( 1307): Hardware backing HAL too slow, could only write 0 of 661 frames
12-09 07:43:59.948 W/audio_hw_generic( 1307): Hardware backing HAL too slow, could only write 0 of 661 frames
12-09 07:44:00.045 V/PhoneStatusBar( 1691): setLightsOn(true)
12-09 07:44:00.264 D/hwcomposer( 1224): hw_composer sent 664 syncs in 60s
12-09 07:44:00.310 W/audio_hw_generic( 1307): Not supplying enough data to HAL, expected position 7581415 , only wrote 7581009
12-09 07:44:00.310 W/audio_hw_generic( 1307): Not supplying enough data to HAL, expected position 7581015 , only wrote 7581009
12-09 07:44:00.325 W/audio_hw_generic( 1307): Hardware backing HAL too slow, could only write 0 of 661 frames
12-09 07:44:00.345 W/audio_hw_generic( 1307): Hardware backing HAL too slow, could only write 0 of 661 frames
12-09 07:44:00.373 W/audio_hw_generic( 1307): Hardware backing HAL too slow, could only write 0 of 661 frames
12-09 07:44:00.393 W/audio_hw_generic( 1307): Hardware backing HAL too slow, could only write 0 of 661 frames
12-09 07:44:00.409 W/audio_hw_generic( 1307): Hardware backing HAL too slow, could only write 0 of 661 frames
12-09 07:44:00.424 W/audio_hw_generic( 1307): Hardware backing HAL too slow, could only write 0 of 661 frames
12-09 07:44:00.447 W/audio_hw_generic( 1307): Not supplying enough data to HAL, expected position 7587047 , only wrote 7586958
12-09 07:44:00.456 W/audio_hw_generic( 1307): Hardware backing HAL too slow, could only write 0 of 661 frames
