--------- beginning of main
12-09 08:13:18.234 D/gralloc_ranchu( 1218): gralloc_alloc: Creating ashmem region of size 708608
12-09 08:13:18.321 E/EGL_emulation( 1218): tid 1218: eglCreateSyncKHR(1881): error 0x3004 (EGL_BAD_ATTRIBUTE)
12-09 08:13:18.472 W/art     ( 1592): Long monitor contention event with owner method=android.graphics.Bitmap com.android.server.wm.WindowManagerService.screenshotApplicationsInner(android.os.IBinder, int, int, int, boolean) from WindowManagerService.java:6223 waiters=0 for 216ms
12-09 08:13:18.570 I/art     ( 1592): Background partial concurrent mark sweep GC freed 9989(733KB) AllocSpace objects, 7(136KB) LOS objects, 29% free, 9MB/13MB, paused 1.128ms total 103.551ms
--------- beginning of system
12-09 08:13:18.573 W/ActivityManager( 1592): Finishing task with all activities already finished
12-09 08:13:18.573 W/ActivityManager( 1592): Duplicate finish request for ActivityRecord{4e2b25b u0 com.evancharlton.mileage/.Mileage t458 f}
12-09 08:13:18.581 W/ActivityManager( 1592): Finishing task with all activities already finished
12-09 08:13:18.581 W/ActivityManager( 1592): Duplicate finish request for ActivityRecord{4e2b25b u0 com.evancharlton.mileage/.Mileage t458 f}
12-09 08:13:18.581 W/ActivityManager( 1592): Finishing task with all activities already finished
12-09 08:13:18.581 W/ActivityManager( 1592): Duplicate finish request for ActivityRecord{4e2b25b u0 com.evancharlton.mileage/.Mileage t458 f}
12-09 08:13:18.771 D/AndroidRuntime(15994): >>>>>> START com.android.internal.os.RuntimeInit uid 0 <<<<<<
12-09 08:13:18.776 D/AndroidRuntime(15994): CheckJNI is ON
12-09 08:13:18.802 D/ICU     (15994): No timezone override file found: /data/misc/zoneinfo/current/icu/icu_tzdata.dat
12-09 08:13:19.130 E/memtrack(15994): Couldn't load memtrack module (No such file or directory)
12-09 08:13:19.135 E/android.os.Debug(15994): failed to load memtrack module: -2
12-09 08:13:19.136 I/Radio-JNI(15994): register_android_hardware_Radio DONE
12-09 08:13:19.147 D/AndroidRuntime(15994): Calling main entry com.android.commands.am.Am
12-09 08:13:19.221 I/ActivityManager( 1592): Force stopping com.evancharlton.mileage appid=10137 user=0: start instr
12-09 08:13:19.221 I/ActivityManager( 1592): Killing 15930:com.evancharlton.mileage/u0a137 (adj 0): stop com.evancharlton.mileage
12-09 08:13:19.284 I/WindowState( 1592): WIN DEATH: Window{5be27c5 u0 com.evancharlton.mileage/com.evancharlton.mileage.Mileage EXITING}
12-09 08:13:19.582 W/SurfaceFlinger( 1218): Timed out waiting for hw vsync; faking it
12-09 08:13:20.628 W/ActivityManager( 1592): Crash of app com.evancharlton.mileage running instrumentation ComponentInfo{com.evancharlton.mileage.test/sh.calaba.instrumentationbackend.CalabashInstrumentationTestRunner}
12-09 08:13:20.628 I/ActivityManager( 1592): Force stopping com.evancharlton.mileage appid=10137 user=0: finished inst
12-09 08:13:20.881 I/ActivityManager( 1592): Start proc 16003:com.evancharlton.mileage/u0a137 for added application com.evancharlton.mileage
12-09 08:13:20.881 W/art     ( 1592): Long monitor contention event with owner method=boolean com.android.server.am.ActivityManagerService.startInstrumentation(android.content.ComponentName, java.lang.String, int, android.os.Bundle, android.app.IInstrumentationWatcher, android.app.IUiAutomationConnection, int, java.lang.String) from ActivityManagerService.java:17066 waiters=0 for 1.661s
12-09 08:13:20.882 D/AndroidRuntime(15994): Shutting down VM
12-09 08:13:20.891 W/art     ( 1592): Long monitor contention event with owner method=boolean com.android.server.am.ActivityManagerService.startInstrumentation(android.content.ComponentName, java.lang.String, int, android.os.Bundle, android.app.IInstrumentationWatcher, android.app.IUiAutomationConnection, int, java.lang.String) from ActivityManagerService.java:17066 waiters=3 for 1.251s
12-09 08:13:20.892 W/art     ( 1592): Long monitor contention event with owner method=boolean com.android.server.am.ActivityManagerService.startInstrumentation(android.content.ComponentName, java.lang.String, int, android.os.Bundle, android.app.IInstrumentationWatcher, android.app.IUiAutomationConnection, int, java.lang.String) from ActivityManagerService.java:17066 waiters=1 for 1.608s
12-09 08:13:20.892 W/ActivityManager( 1592): Spurious death for ProcessRecord{b227f17 0:com.evancharlton.mileage/u0a137}, curProc for 15930: null
12-09 08:13:20.892 W/art     ( 1592): Long monitor contention event with owner method=boolean com.android.server.am.ActivityManagerService.startInstrumentation(android.content.ComponentName, java.lang.String, int, android.os.Bundle, android.app.IInstrumentationWatcher, android.app.IUiAutomationConnection, int, java.lang.String) from ActivityManagerService.java:17066 waiters=2 for 1.343s
12-09 08:13:20.936 D/EGL_emulation( 1929): eglMakeCurrent: 0x7f5ab7a34640: ver 2 0 (tinfo 0x7f5ab7a02780)
12-09 08:13:20.942 W/InputMethodManagerService( 1592): Got RemoteException sending setActive(false) notification to pid 15930 uid 10137
12-09 08:13:20.960 I/art     (16003): Background sticky concurrent mark sweep GC freed 11132(402KB) AllocSpace objects, 0(0B) LOS objects, 70% free, 377KB/1295KB, paused 6.465ms total 59.239ms
12-09 08:13:20.985 W/System  (16003): ClassLoader referenced unknown path: /data/app/com.evancharlton.mileage.test-1/lib/x86_64
12-09 08:13:20.985 W/System  (16003): ClassLoader referenced unknown path: /data/app/com.evancharlton.mileage-1/lib/x86_64
12-09 08:13:21.086 D/EGL_emulation( 1857): eglMakeCurrent: 0x7f5ab7a35a40: ver 2 0 (tinfo 0x7f5abba2e960)
12-09 08:13:21.090 I/System.out(16003): Main activity name automatically set to: com.evancharlton.mileage.Mileage
12-09 08:13:21.091 I/System.out(16003): Calabash did not load Mono. This is only a problem if you are trying to test a Mono application
12-09 08:13:21.095 E/Surface ( 1857): getSlotFromBufferLocked: unknown buffer: 0x7f5ab3fe0c40
12-09 08:13:21.100 I/calabash(16003): Test server port: 7102
12-09 08:13:21.108 I/InstrumentationBackend(16003): Added:'GetPreferences', with key:'get_preferences'
12-09 08:13:21.342 I/InstrumentationBackend(16003): Added:'SetPreferences', with key:'set_preferences'
12-09 08:13:21.342 I/InstrumentationBackend(16003): Added:'ClearPreferences', with key:'clear_preferences'
12-09 08:13:21.343 I/InstrumentationBackend(16003): Added:'PressElement', with key:'press_l10n_element'
12-09 08:13:21.343 I/InstrumentationBackend(16003): Added:'WaitForElement', with key:'wait_for_l10n_element'
12-09 08:13:21.353 I/InstrumentationBackend(16003): Added:'NullAction', with key:'nullAction'
12-09 08:13:21.353 I/InstrumentationBackend(16003): Added:'PressKey', with key:'press_key'
12-09 08:13:21.353 I/InstrumentationBackend(16003): Added:'SetActivityOrientation', with key:'set_activity_orientation'
12-09 08:13:21.353 I/InstrumentationBackend(16003): Added:'GetActivityOrientation', with key:'get_activity_orientation'
12-09 08:13:21.353 I/InstrumentationBackend(16003): Added:'FakeGPSLocation', with key:'set_gps_coordinates'
12-09 08:13:21.354 I/InstrumentationBackend(16003): Added:'SetPropertyByCssSelector', with key:'set_property_by_css_selector'
12-09 08:13:21.354 I/InstrumentationBackend(16003): Added:'GetUrl', with key:'get_url'
12-09 08:13:21.413 I/InstrumentationBackend(16003): Added:'ScrollTo', with key:'scroll_to'
12-09 08:13:21.413 I/InstrumentationBackend(16003): Added:'GetLoadProgress', with key:'get_load_progress'
12-09 08:13:21.413 I/InstrumentationBackend(16003): Added:'DumpHtml', with key:'dump_html'
12-09 08:13:21.413 I/InstrumentationBackend(16003): Added:'DumpBodyHtml', with key:'dump_body_html'
12-09 08:13:21.414 I/InstrumentationBackend(16003): Added:'EnterTextByCssSelector', with key:'enter_text_by_selector'
12-09 08:13:21.414 I/InstrumentationBackend(16003): Added:'AndroidSDKVersion', with key:'android_sdk_version'
12-09 08:13:21.414 I/InstrumentationBackend(16003): Added:'Version', with key:'version'
12-09 08:13:21.415 I/InstrumentationBackend(16003): Added:'Drag', with key:'drag'
12-09 08:13:21.415 I/InstrumentationBackend(16003): Added:'TouchCoordinates', with key:'touch_coordinate'
12-09 08:13:21.415 I/InstrumentationBackend(16003): Added:'LongPressCoordinate', with key:'long_press_coordinate'
12-09 08:13:21.415 I/InstrumentationBackend(16003): Added:'DragCoordinates', with key:'drag_coordinates'
12-09 08:13:21.428 I/InstrumentationBackend(16003): Added:'ResumeApplication', with key:'resume_application'
12-09 08:13:21.428 I/InstrumentationBackend(16003): Added:'Swipe', with key:'swipe'
12-09 08:13:21.428 I/InstrumentationBackend(16003): Added:'DoubleTapCoordinate', with key:'double_tap_coordinate'
12-09 08:13:21.428 I/InstrumentationBackend(16003): Added:'ClickOnScreen', with key:'click_on_screen'
12-09 08:13:21.428 I/InstrumentationBackend(16003): Added:'GetActivityName', with key:'get_activity_name'
12-09 08:13:21.429 I/InstrumentationBackend(16003): Added:'ScrollToView', with key:'scroll_to_view'
12-09 08:13:21.429 I/InstrumentationBackend(16003): Added:'ViewConfiguration', with key:'view_configuration'
12-09 08:13:21.429 I/InstrumentationBackend(16003): Added:'IsCurrentActivityFocused', with key:'is_current_activity_focused'
12-09 08:13:21.429 I/InstrumentationBackend(16003): Added:'SendTcp', with key:'send_tcp'
12-09 08:13:21.430 I/InstrumentationBackend(16003): Added:'DpToDevicePixel', with key:'dp_to_device_pixel'
12-09 08:13:21.430 I/art     (16003): Background partial concurrent mark sweep GC freed 2928(313KB) AllocSpace objects, 0(0B) LOS objects, 50% free, 1022KB/2046KB, paused 1.867ms total 144.642ms
12-09 08:13:21.435 I/InstrumentationBackend(16003): Added:'KeyboardEnterText', with key:'keyboard_enter_text'
12-09 08:13:21.435 I/InstrumentationBackend(16003): Added:'DeleteSurroundingText', with key:'delete_surrounding_text'
12-09 08:13:21.435 I/InstrumentationBackend(16003): Added:'SetComposingRegion', with key:'set_composing_region'
12-09 08:13:21.435 I/InstrumentationBackend(16003): Added:'SetSelection', with key:'set_selection'
12-09 08:13:21.435 I/InstrumentationBackend(16003): Added:'KeyboardKeyEvent', with key:'keyboard_key_event'
12-09 08:13:21.435 I/InstrumentationBackend(16003): Added:'PressUserActionButton', with key:'press_user_action_button'
12-09 08:13:21.436 I/InstrumentationBackend(16003): Added:'HideSoftKeyboard', with key:'hide_soft_keyboard'
12-09 08:13:21.436 I/InstrumentationBackend(16003): Added:'ListActions', with key:'list_actions'
12-09 08:13:21.436 I/calabash(16003): Instantiating http server at 7102
12-09 08:13:21.437 I/System.out(16003): HTTP Daemon listening on: 7102
12-09 08:13:21.528 I/System.out(16003): URI: //ping
12-09 08:13:21.529 I/System.out(16003): params: {json={}
12-09 08:13:21.529 I/System.out(16003): }
12-09 08:13:21.548 W/art     ( 1592): Long monitor contention event with owner method=void com.android.server.wm.WindowAnimator$1.doFrame(long) from WindowAnimator.java:121 waiters=1 for 307ms
12-09 08:13:21.609 W/art     ( 1592): Long monitor contention event with owner method=void com.android.server.wm.WindowAnimator$1.doFrame(long) from WindowAnimator.java:121 waiters=1 for 281ms
12-09 08:13:21.633 I/System.out(16003): URI: //ping
12-09 08:13:21.633 I/System.out(16003): params: {json={}
12-09 08:13:21.633 I/System.out(16003): }
12-09 08:13:21.724 I/System.out(16003): URI: //ready
12-09 08:13:21.724 I/System.out(16003): params: {json={}
12-09 08:13:21.724 I/System.out(16003): }
12-09 08:13:21.816 I/System.out(16003): URI: //
12-09 08:13:21.816 I/System.out(16003): params: {json={"command":"version","arguments":[]}
12-09 08:13:21.816 I/System.out(16003): }
12-09 08:13:21.816 I/System.out(16003): header: {date=Sun, 09 Dec 2018 08:13:22 GMT, accept=*/*, content-length=36, host=127.0.0.1:34777, user-agent=HTTPClient/1.0 (2.8.3, ruby 2.3.1 (2016-04-26)), content-type=application/json;charset=utf-8}
12-09 08:13:21.816 I/System.out(16003): params: {json={"command":"version","arguments":[]}
12-09 08:13:21.816 I/System.out(16003): }
12-09 08:13:21.816 I/System.out(16003): ProP json = {"command":"version","arguments":[]}
12-09 08:13:21.816 I/System.out(16003): files: {}
12-09 08:13:21.816 I/System.out(16003): command: {"command":"version","arguments":[]}
12-09 08:13:21.840 I/InstrumentationBackend(16003): Got command:'Command:'Line:null,version', arguments:'[]'
12-09 08:13:21.907 I/System.out(16003): result:{"bonusInformation":[],"message":"0.9.8","success":true}
12-09 08:13:21.958 I/art     (16003): Background sticky concurrent mark sweep GC freed 15150(887KB) AllocSpace objects, 11(220KB) LOS objects, 36% free, 1292KB/2046KB, paused 1.142ms total 114.668ms
12-09 08:13:21.966 I/System.out(16003): URI: //start-application
12-09 08:13:21.967 I/System.out(16003): params: {json={"intent":null}
12-09 08:13:21.967 I/System.out(16003): }
12-09 08:13:22.023 W/art     ( 1592): Long monitor contention event with owner method=void com.android.server.wm.WindowAnimator$1.doFrame(long) from WindowAnimator.java:121 waiters=1 for 267ms
12-09 08:13:22.332 W/art     ( 1592): Long monitor contention event with owner method=void com.android.server.wm.WindowAnimator$1.doFrame(long) from WindowAnimator.java:121 waiters=2 for 319ms
12-09 08:13:22.393 W/art     ( 1592): Long monitor contention event with owner method=void com.android.server.wm.WindowAnimator$1.doFrame(long) from WindowAnimator.java:121 waiters=2 for 370ms
12-09 08:13:22.861 W/art     ( 1592): Long monitor contention event with owner method=void com.android.server.wm.WindowAnimator$1.doFrame(long) from WindowAnimator.java:121 waiters=2 for 332ms
12-09 08:13:23.096 W/art     ( 1592): Long monitor contention event with owner method=void com.android.server.wm.WindowAnimator$1.doFrame(long) from WindowAnimator.java:121 waiters=2 for 377ms
12-09 08:13:23.225 W/art     ( 1592): Long monitor contention event with owner method=void com.android.server.wm.WindowAnimator$1.doFrame(long) from WindowAnimator.java:121 waiters=2 for 276ms
12-09 08:13:23.288 W/art     ( 1592): Long monitor contention event with owner method=void com.android.server.wm.WindowAnimator$1.doFrame(long) from WindowAnimator.java:121 waiters=2 for 191ms
12-09 08:13:23.476 W/art     ( 1592): Long monitor contention event with owner method=void com.android.server.wm.WindowAnimator$1.doFrame(long) from WindowAnimator.java:121 waiters=2 for 251ms
12-09 08:13:23.654 W/art     ( 1592): Long monitor contention event with owner method=void com.android.server.wm.WindowAnimator$1.doFrame(long) from WindowAnimator.java:121 waiters=2 for 142ms
12-09 08:13:24.097 W/art     ( 1592): Long monitor contention event with owner method=void com.android.server.wm.WindowManagerService$H.handleMessage(android.os.Message) from WindowManagerService.java:8000 waiters=2 for 445ms
12-09 08:13:24.098 W/art     ( 1592): Long monitor contention event with owner method=void com.android.server.wm.WindowAnimator$1.doFrame(long) from WindowAnimator.java:121 waiters=2 for 443ms
12-09 08:13:24.100 W/art     ( 1592): Long monitor contention event with owner method=void com.android.server.wm.WindowAnimator$1.doFrame(long) from WindowAnimator.java:121 waiters=2 for 508ms
12-09 08:13:24.101 I/Choreographer( 1929): Skipped 187 frames!  The application may be doing too much work on its main thread.
12-09 08:13:24.113 I/ActivityManager( 1592): START u0 {act=android.intent.action.MAIN cat=[android.intent.category.LAUNCHER] flg=0x10200000 cmp=com.evancharlton.mileage/.Mileage} from uid 10137 on display 0
12-09 08:13:24.157 W/OpenGLRenderer( 1929): Incorrectly called buildLayer on View: ShortcutAndWidgetContainer, destroying layer...
12-09 08:13:24.325 W/WindowState( 1592): Failed to report 'resized' to the client of Window{5be27c5 u0 com.evancharlton.mileage/com.evancharlton.mileage.Mileage EXITING}, removing this window.
12-09 08:13:24.417 E/WindowState( 1592): getStack: Window{5be27c5 u0 com.evancharlton.mileage/com.evancharlton.mileage.Mileage EXITING} couldn't find task for AppWindowToken{7b7fbd1 token=Token{43fdaf8 ActivityRecord{4e2b25b u0 com.evancharlton.mileage/.Mileage t458}}} Callers=com.android.server.wm.WindowState.getDisplayContent:847 com.android.server.wm.WindowState.getWindowList:1457 com.android.server.wm.WindowManagerService.findDesiredInputMethodWindowIndexLocked:1464 com.android.server.wm.WindowManagerService.moveInputMethodWindowsIfNeededLocked:1684 
12-09 08:13:24.452 I/calabash(16003): newActivity1
12-09 08:13:24.576 I/calabash(16003): newActivity1
12-09 08:13:24.581 W/ActivityManager( 1592): Bad activity token: android.os.BinderProxy@93c6246
12-09 08:13:24.581 W/ActivityManager( 1592): java.lang.ClassCastException: android.os.BinderProxy cannot be cast to com.android.server.am.ActivityRecord$Token
12-09 08:13:24.581 W/ActivityManager( 1592): 	at com.android.server.am.ActivityRecord.forTokenLocked(ActivityRecord.java:424)
12-09 08:13:24.581 W/ActivityManager( 1592): 	at com.android.server.am.ActivityRecord.isInStackLocked(ActivityRecord.java:1121)
12-09 08:13:24.581 W/ActivityManager( 1592): 	at com.android.server.am.ActivityRecord.getStackLocked(ActivityRecord.java:1126)
12-09 08:13:24.581 W/ActivityManager( 1592): 	at com.android.server.am.ActivityManagerService.getActivityDisplayId(ActivityManagerService.java:8889)
12-09 08:13:24.581 W/ActivityManager( 1592): 	at android.app.ActivityManagerNative.onTransact(ActivityManagerNative.java:2338)
12-09 08:13:24.581 W/ActivityManager( 1592): 	at com.android.server.am.ActivityManagerService.onTransact(ActivityManagerService.java:2443)
12-09 08:13:24.581 W/ActivityManager( 1592): 	at android.os.Binder.execTransact(Binder.java:453)
12-09 08:13:24.582 W/ActivityManager( 1592): Bad activity token: android.os.BinderProxy@93c6246
12-09 08:13:24.582 W/ActivityManager( 1592): java.lang.ClassCastException: android.os.BinderProxy cannot be cast to com.android.server.am.ActivityRecord$Token
12-09 08:13:24.582 W/ActivityManager( 1592): 	at com.android.server.am.ActivityRecord.forTokenLocked(ActivityRecord.java:424)
12-09 08:13:24.582 W/ActivityManager( 1592): 	at com.android.server.am.ActivityRecord.isInStackLocked(ActivityRecord.java:1121)
12-09 08:13:24.582 W/ActivityManager( 1592): 	at com.android.server.am.ActivityManagerService.setTaskDescription(ActivityManagerService.java:8547)
12-09 08:13:24.582 W/ActivityManager( 1592): 	at android.app.ActivityManagerNative.onTransact(ActivityManagerNative.java:2410)
12-09 08:13:24.582 W/ActivityManager( 1592): 	at com.android.server.am.ActivityManagerService.onTransact(ActivityManagerService.java:2443)
12-09 08:13:24.582 W/ActivityManager( 1592): 	at android.os.Binder.execTransact(Binder.java:453)
12-09 08:13:24.754 D/gralloc_ranchu( 1218): gralloc_alloc: Creating ashmem region of size 3686400
12-09 08:13:24.770 W/art     (16003): Suspending all threads took: 113.995ms
12-09 08:13:24.806 I/art     (16003): Background sticky concurrent mark sweep GC freed 1601(210KB) AllocSpace objects, 0(0B) LOS objects, 5% free, 1933KB/2046KB, paused 123.633ms total 206.460ms
12-09 08:13:24.836 W/ActivityManager( 1592): Bad activity token: android.os.BinderProxy@93c6246
12-09 08:13:24.836 W/ActivityManager( 1592): java.lang.ClassCastException: android.os.BinderProxy cannot be cast to com.android.server.am.ActivityRecord$Token
12-09 08:13:24.836 W/ActivityManager( 1592): 	at com.android.server.am.ActivityRecord.forTokenLocked(ActivityRecord.java:424)
12-09 08:13:24.836 W/ActivityManager( 1592): 	at com.android.server.am.ActivityRecord.isInStackLocked(ActivityRecord.java:1121)
12-09 08:13:24.836 W/ActivityManager( 1592): 	at com.android.server.am.ActivityManagerService.getActivityOptions(ActivityManagerService.java:11038)
12-09 08:13:24.836 W/ActivityManager( 1592): 	at android.app.ActivityManagerNative.onTransact(ActivityManagerNative.java:1734)
12-09 08:13:24.836 W/ActivityManager( 1592): 	at com.android.server.am.ActivityManagerService.onTransact(ActivityManagerService.java:2443)
12-09 08:13:24.836 W/ActivityManager( 1592): 	at android.os.Binder.execTransact(Binder.java:453)
12-09 08:13:24.852 W/ActivityManager( 1592): Bad activity token: android.os.BinderProxy@93c6246
12-09 08:13:24.852 W/ActivityManager( 1592): java.lang.ClassCastException: android.os.BinderProxy cannot be cast to com.android.server.am.ActivityRecord$Token
12-09 08:13:24.852 W/ActivityManager( 1592): 	at com.android.server.am.ActivityRecord.forTokenLocked(ActivityRecord.java:424)
12-09 08:13:24.852 W/ActivityManager( 1592): 	at com.android.server.am.ActivityRecord.isInStackLocked(ActivityRecord.java:1121)
12-09 08:13:24.852 W/ActivityManager( 1592): 	at com.android.server.am.ActivityManagerService.getActivityOptions(ActivityManagerService.java:11038)
12-09 08:13:24.852 W/ActivityManager( 1592): 	at android.app.ActivityManagerNative.onTransact(ActivityManagerNative.java:1734)
12-09 08:13:24.852 W/ActivityManager( 1592): 	at com.android.server.am.ActivityManagerService.onTransact(ActivityManagerService.java:2443)
12-09 08:13:24.852 W/ActivityManager( 1592): 	at android.os.Binder.execTransact(Binder.java:453)
12-09 08:13:25.028 I/art     (16003): Background partial concurrent mark sweep GC freed 2181(270KB) AllocSpace objects, 2(40KB) LOS objects, 40% free, 1894KB/3MB, paused 1.035ms total 205.026ms
12-09 08:13:25.210 I/Choreographer( 1592): Skipped 35 frames!  The application may be doing too much work on its main thread.
12-09 08:13:25.221 V/PhoneStatusBar( 1704): setLightsOn(true)
12-09 08:13:25.222 D/gralloc_ranchu( 1218): gralloc_alloc: Creating ashmem region of size 3686400
12-09 08:13:25.315 D/        (16003): HostConnection::get() New Host Connection established 0x7f5ab40f4040, tid 16003
12-09 08:13:25.325 V/PhoneStatusBar( 1704): setLightsOn(true)
12-09 08:13:25.337 D/EGL_emulation( 1929): eglMakeCurrent: 0x7f5ab7a34640: ver 2 0 (tinfo 0x7f5ab7a02780)
12-09 08:13:25.338 E/Surface ( 1929): getSlotFromBufferLocked: unknown buffer: 0x7f5ab3fe0880
12-09 08:13:25.472 W/art     ( 1592): Long monitor contention event with owner method=void com.android.server.wm.WindowAnimator$1.doFrame(long) from WindowAnimator.java:121 waiters=0 for 102ms
12-09 08:13:25.600 W/art     ( 1592): Long monitor contention event with owner method=void com.android.server.wm.WindowManagerService$H.handleMessage(android.os.Message) from WindowManagerService.java:7820 waiters=1 for 127ms
12-09 08:13:26.100 W/art     ( 1592): Long monitor contention event with owner method=void com.android.server.wm.WindowAnimator$1.doFrame(long) from WindowAnimator.java:121 waiters=2 for 329ms
12-09 08:13:26.249 I/Choreographer( 1704): Skipped 44 frames!  The application may be doing too much work on its main thread.
12-09 08:13:26.253 D/gralloc_ranchu( 1218): gralloc_alloc: Creating ashmem region of size 3686400
12-09 08:13:26.448 I/ActivityManager( 1592): Displayed com.evancharlton.mileage/.Mileage: +2s15ms
12-09 08:13:26.708 D/gralloc_ranchu( 1218): gralloc_alloc: Creating ashmem region of size 3686400
12-09 08:13:28.168 I/System.out(16003): URI: //map
12-09 08:13:28.168 I/System.out(16003): params: {json={"query":"android.widget.EditText id:'price'","operation":{"method_name":"query","arguments":[]}}
12-09 08:13:28.168 I/System.out(16003): }
12-09 08:13:28.248 W/ResourceType(16003): No package identifier when getting name for resource number 0x00000001
12-09 08:13:28.604 I/art     (16003): Background partial concurrent mark sweep GC freed 22659(1189KB) AllocSpace objects, 1(20KB) LOS objects, 39% free, 2MB/3MB, paused 2.522ms total 260.288ms
12-09 08:13:28.605 I/System.out(16003): URI: //gesture
12-09 08:13:28.605 I/System.out(16003): params: {json={"query_timeout":5.0,"gestures":[{"query_string":"android.widget.EditText id:'price'","touches":[{"x":50,"y":50,"offset_x":0,"offset_y":0,"wait":0.0,"time":0.2,"release":true,"query_string":null}]}]}
12-09 08:13:28.605 I/System.out(16003): }
12-09 08:13:28.640 W/ResourceType(16003): No package identifier when getting name for resource number 0x00000001
12-09 08:13:29.173 I/LatinIME( 1857): Starting input. Cursor position = 0,0
12-09 08:13:29.293 I/art     (16003): Background sticky concurrent mark sweep GC freed 26971(1129KB) AllocSpace objects, 1(20KB) LOS objects, 13% free, 3MB/3MB, paused 10.695ms total 79.036ms
12-09 08:13:29.528 D/EGL_emulation( 1857): eglMakeCurrent: 0x7f5ab7a35a40: ver 2 0 (tinfo 0x7f5abba2e960)
12-09 08:13:29.856 I/System.out(16003): URI: //
12-09 08:13:29.856 I/System.out(16003): params: {json={"command":"set_selection","arguments":[-1,-1]}
12-09 08:13:29.856 I/System.out(16003): }
12-09 08:13:29.856 I/System.out(16003): header: {date=Sun, 09 Dec 2018 08:13:30 GMT, accept=*/*, content-length=47, host=127.0.0.1:34777, user-agent=HTTPClient/1.0 (2.8.3, ruby 2.3.1 (2016-04-26)), content-type=application/json;charset=utf-8}
12-09 08:13:29.857 I/System.out(16003): params: {json={"command":"set_selection","arguments":[-1,-1]}
12-09 08:13:29.857 I/System.out(16003): }
12-09 08:13:29.857 I/System.out(16003): ProP json = {"command":"set_selection","arguments":[-1,-1]}
12-09 08:13:29.857 I/System.out(16003): files: {}
12-09 08:13:29.857 I/System.out(16003): command: {"command":"set_selection","arguments":[-1,-1]}
12-09 08:13:29.858 I/InstrumentationBackend(16003): Got command:'Command:'Line:null,set_selection', arguments:'[-1, -1]'
12-09 08:13:29.900 I/System.out(16003): result:{"bonusInformation":[],"message":"","success":true}
12-09 08:13:30.036 W/art     (16003): Suspending all threads took: 90.377ms
12-09 08:13:30.111 I/art     (16003): Background sticky concurrent mark sweep GC freed 31736(1492KB) AllocSpace objects, 2(40KB) LOS objects, 31% free, 2MB/3MB, paused 91.451ms total 222.050ms
12-09 08:13:30.320 I/System.out(16003): URI: //
12-09 08:13:30.320 I/System.out(16003): params: {json={"command":"keyboard_enter_text","arguments":["000"]}
12-09 08:13:30.320 I/System.out(16003): }
12-09 08:13:30.320 I/System.out(16003): header: {date=Sun, 09 Dec 2018 08:13:30 GMT, accept=*/*, content-length=53, host=127.0.0.1:34777, user-agent=HTTPClient/1.0 (2.8.3, ruby 2.3.1 (2016-04-26)), content-type=application/json;charset=utf-8}
12-09 08:13:30.320 I/System.out(16003): params: {json={"command":"keyboard_enter_text","arguments":["000"]}
12-09 08:13:30.320 I/System.out(16003): }
12-09 08:13:30.320 I/System.out(16003): ProP json = {"command":"keyboard_enter_text","arguments":["000"]}
12-09 08:13:30.320 I/System.out(16003): files: {}
12-09 08:13:30.320 I/System.out(16003): command: {"command":"keyboard_enter_text","arguments":["000"]}
12-09 08:13:30.321 I/InstrumentationBackend(16003): Got command:'Command:'Line:null,keyboard_enter_text', arguments:'[000]'
12-09 08:13:30.354 E/SpannableStringBuilder(16003): SPAN_EXCLUSIVE_EXCLUSIVE spans cannot have a zero length
12-09 08:13:30.354 E/SpannableStringBuilder(16003): SPAN_EXCLUSIVE_EXCLUSIVE spans cannot have a zero length
12-09 08:13:30.412 E/SpannableStringBuilder(16003): SPAN_EXCLUSIVE_EXCLUSIVE spans cannot have a zero length
12-09 08:13:30.412 E/SpannableStringBuilder(16003): SPAN_EXCLUSIVE_EXCLUSIVE spans cannot have a zero length
12-09 08:13:30.426 I/System.out(16003): result:{"bonusInformation":[],"message":"","success":true}
12-09 08:13:30.600 I/System.out(16003): URI: //map
12-09 08:13:30.600 I/System.out(16003): params: {json={"query":"android.widget.Button index:2","operation":{"method_name":"query","arguments":[]}}
12-09 08:13:30.600 I/System.out(16003): }
12-09 08:13:30.717 I/art     (16003): Background sticky concurrent mark sweep GC freed 59908(2MB) AllocSpace objects, 5(100KB) LOS objects, 27% free, 2MB/3MB, paused 1.868ms total 113.509ms
12-09 08:13:30.756 I/System.out(16003): URI: //gesture
12-09 08:13:30.796 I/System.out(16003): params: {json={"query_timeout":5.0,"gestures":[{"query_string":"android.widget.Button index:2","touches":[{"x":50,"y":50,"offset_x":0,"offset_y":0,"wait":0.0,"time":0.2,"release":true,"query_string":null}]}]}
12-09 08:13:30.796 I/System.out(16003): }
12-09 08:13:31.346 I/LatinIME( 1857): Starting input. Cursor position = 0,0
12-09 08:13:31.375 I/art     (16003): Background sticky concurrent mark sweep GC freed 29782(1443KB) AllocSpace objects, 0(0B) LOS objects, 23% free, 2MB/3MB, paused 10.487ms total 75.430ms
12-09 08:13:31.387 W/audio_hw_generic( 1307): Hardware backing HAL too slow, could only write 0 of 661 frames
12-09 08:13:31.400 W/audio_hw_generic( 1307): Hardware backing HAL too slow, could only write 0 of 661 frames
12-09 08:13:31.417 W/audio_hw_generic( 1307): Hardware backing HAL too slow, could only write 0 of 661 frames
12-09 08:13:31.539 D/gralloc_ranchu( 1218): gralloc_alloc: Creating ashmem region of size 45056
12-09 08:13:31.708 W/audio_hw_generic( 1307): Not supplying enough data to HAL, expected position 22969480 , only wrote 22965123
12-09 08:13:31.708 W/audio_hw_generic( 1307): Not supplying enough data to HAL, expected position 22965129 , only wrote 22965123
12-09 08:13:31.769 W/audio_hw_generic( 1307): Not supplying enough data to HAL, expected position 22967802 , only wrote 22965784
12-09 08:13:31.981 E/SurfaceFlinger( 1218): ro.sf.lcd_density must be defined as a build property
12-09 08:13:32.086 W/audio_hw_generic( 1307): Not supplying enough data to HAL, expected position 22979735 , only wrote 22977682
12-09 08:13:32.104 W/audio_hw_generic( 1307): Not supplying enough data to HAL, expected position 22978501 , only wrote 22977682
12-09 08:13:32.112 D/gralloc_ranchu( 1218): gralloc_alloc: Creating ashmem region of size 3686400
12-09 08:13:32.197 D/        (16036): HostConnection::get() New Host Connection established 0x7f9507a92480, tid 16036
12-09 08:13:32.221 E/EGL_emulation( 1218): tid 1218: eglCreateSyncKHR(1881): error 0x3004 (EGL_BAD_ATTRIBUTE)
12-09 08:13:32.392 W/audio_hw_generic( 1307): Not supplying enough data to HAL, expected position 22990393 , only wrote 22990241
12-09 08:13:32.392 W/audio_hw_generic( 1307): Not supplying enough data to HAL, expected position 22990247 , only wrote 22990241
12-09 08:13:32.422 W/audio_hw_generic( 1307): Hardware backing HAL too slow, could only write 0 of 661 frames
12-09 08:13:32.471 W/audio_hw_generic( 1307): Hardware backing HAL too slow, could only write 0 of 661 frames
12-09 08:13:32.471 W/audio_hw_generic( 1307): Not supplying enough data to HAL, expected position 22993701 , only wrote 22993546
12-09 08:13:32.471 W/audio_hw_generic( 1307): Not supplying enough data to HAL, expected position 22993551 , only wrote 22993546
12-09 08:13:32.471 W/audio_hw_generic( 1307): Hardware backing HAL too slow, could only write 0 of 661 frames
12-09 08:13:32.499 W/audio_hw_generic( 1307): Not supplying enough data to HAL, expected position 22994767 , only wrote 22994207
12-09 08:13:32.683 I/Choreographer( 1857): Skipped 84 frames!  The application may be doing too much work on its main thread.
12-09 08:13:33.116 I/System.out(16003): URI: //map
12-09 08:13:33.116 I/System.out(16003): params: {json={"query":"android.widget.EditText id:'volume'","operation":{"method_name":"query","arguments":[]}}
12-09 08:13:33.116 I/System.out(16003): }
12-09 08:13:33.272 W/audio_hw_generic( 1307): Not supplying enough data to HAL, expected position 23028329 , only wrote 23027257
12-09 08:13:33.273 W/audio_hw_generic( 1307): Not supplying enough data to HAL, expected position 23027263 , only wrote 23027257
12-09 08:13:33.275 W/ResourceType(16003): No package identifier when getting name for resource number 0x00000001
12-09 08:13:33.436 I/System.out(16003): URI: //gesture
12-09 08:13:33.436 I/System.out(16003): params: {json={"query_timeout":5.0,"gestures":[{"query_string":"android.widget.EditText id:'volume'","touches":[{"x":50,"y":50,"offset_x":0,"offset_y":0,"wait":0.0,"time":0.2,"release":true,"query_string":null}]}]}
12-09 08:13:33.436 I/System.out(16003): }
12-09 08:13:33.437 I/art     (16003): Background sticky concurrent mark sweep GC freed 45310(2036KB) AllocSpace objects, 2(40KB) LOS objects, 18% free, 2MB/3MB, paused 5.984ms total 131.619ms
12-09 08:13:33.538 W/audio_hw_generic( 1307): Not supplying enough data to HAL, expected position 23038959 , only wrote 23035850
12-09 08:13:33.551 W/audio_hw_generic( 1307): Not supplying enough data to HAL, expected position 23036435 , only wrote 23035850
12-09 08:13:33.565 W/ResourceType(16003): No package identifier when getting name for resource number 0x00000001
12-09 08:13:33.584 W/audio_hw_generic( 1307): Not supplying enough data to HAL, expected position 23037280 , only wrote 23037172
12-09 08:13:33.659 W/audio_hw_generic( 1307): Not supplying enough data to HAL, expected position 23040503 , only wrote 23039816
12-09 08:13:33.671 W/audio_hw_generic( 1307): Not supplying enough data to HAL, expected position 23040345 , only wrote 23039816
12-09 08:13:33.718 W/audio_hw_generic( 1307): Not supplying enough data to HAL, expected position 23041901 , only wrote 23040477
12-09 08:13:33.719 W/audio_hw_generic( 1307): Not supplying enough data to HAL, expected position 23040483 , only wrote 23040477
12-09 08:13:33.735 W/audio_hw_generic( 1307): Not supplying enough data to HAL, expected position 23041213 , only wrote 23041138
12-09 08:13:33.768 W/audio_hw_generic( 1307): Hardware backing HAL too slow, could only write 0 of 661 frames
12-09 08:13:33.835 W/audio_hw_generic( 1307): Not supplying enough data to HAL, expected position 23045553 , only wrote 23045104
12-09 08:13:33.836 W/audio_hw_generic( 1307): Not supplying enough data to HAL, expected position 23045110 , only wrote 23045104
12-09 08:13:33.867 W/audio_hw_generic( 1307): Not supplying enough data to HAL, expected position 23046507 , only wrote 23045765
12-09 08:13:34.196 W/audio_hw_generic( 1307): Not supplying enough data to HAL, expected position 23060245 , only wrote 23058985
12-09 08:13:34.319 W/audio_hw_generic( 1307): Hardware backing HAL too slow, could only write 0 of 661 frames
12-09 08:13:34.334 W/audio_hw_generic( 1307): Hardware backing HAL too slow, could only write 0 of 661 frames
12-09 08:13:34.448 I/System.out(16003): URI: //
12-09 08:13:34.448 I/System.out(16003): params: {json={"command":"set_selection","arguments":[-1,-1]}
12-09 08:13:34.448 I/System.out(16003): }
12-09 08:13:34.448 I/System.out(16003): header: {date=Sun, 09 Dec 2018 08:13:34 GMT, accept=*/*, content-length=47, host=127.0.0.1:34777, user-agent=HTTPClient/1.0 (2.8.3, ruby 2.3.1 (2016-04-26)), content-type=application/json;charset=utf-8}
12-09 08:13:34.448 I/System.out(16003): params: {json={"command":"set_selection","arguments":[-1,-1]}
12-09 08:13:34.448 I/System.out(16003): }
12-09 08:13:34.448 I/System.out(16003): ProP json = {"command":"set_selection","arguments":[-1,-1]}
12-09 08:13:34.448 I/System.out(16003): files: {}
12-09 08:13:34.448 I/System.out(16003): command: {"command":"set_selection","arguments":[-1,-1]}
12-09 08:13:34.452 I/InstrumentationBackend(16003): Got command:'Command:'Line:null,set_selection', arguments:'[-1, -1]'
12-09 08:13:34.458 I/System.out(16003): result:{"bonusInformation":[],"message":"","success":true}
12-09 08:13:34.466 W/audio_hw_generic( 1307): Not supplying enough data to HAL, expected position 23081963 , only wrote 23070883
12-09 08:13:34.688 I/System.out(16003): URI: //
12-09 08:13:34.688 I/System.out(16003): params: {json={"command":"keyboard_enter_text","arguments":["000"]}
12-09 08:13:34.688 I/System.out(16003): }
12-09 08:13:34.688 I/System.out(16003): header: {date=Sun, 09 Dec 2018 08:13:35 GMT, accept=*/*, content-length=53, host=127.0.0.1:34777, user-agent=HTTPClient/1.0 (2.8.3, ruby 2.3.1 (2016-04-26)), content-type=application/json;charset=utf-8}
12-09 08:13:34.688 I/System.out(16003): params: {json={"command":"keyboard_enter_text","arguments":["000"]}
12-09 08:13:34.689 I/System.out(16003): }
12-09 08:13:34.689 I/System.out(16003): ProP json = {"command":"keyboard_enter_text","arguments":["000"]}
12-09 08:13:34.689 I/System.out(16003): files: {}
12-09 08:13:34.689 I/System.out(16003): command: {"command":"keyboard_enter_text","arguments":["000"]}
12-09 08:13:34.690 I/InstrumentationBackend(16003): Got command:'Command:'Line:null,keyboard_enter_text', arguments:'[000]'
12-09 08:13:34.707 E/SpannableStringBuilder(16003): SPAN_EXCLUSIVE_EXCLUSIVE spans cannot have a zero length
12-09 08:13:34.707 E/SpannableStringBuilder(16003): SPAN_EXCLUSIVE_EXCLUSIVE spans cannot have a zero length
12-09 08:13:34.732 E/SpannableStringBuilder(16003): SPAN_EXCLUSIVE_EXCLUSIVE spans cannot have a zero length
12-09 08:13:34.732 E/SpannableStringBuilder(16003): SPAN_EXCLUSIVE_EXCLUSIVE spans cannot have a zero length
12-09 08:13:34.778 I/System.out(16003): result:{"bonusInformation":[],"message":"","success":true}
12-09 08:13:34.840 I/System.out(16003): URI: //map
12-09 08:13:34.840 I/System.out(16003): params: {json={"query":"android.widget.Button index:2","operation":{"method_name":"query","arguments":[]}}
12-09 08:13:34.840 I/System.out(16003): }
12-09 08:13:34.868 I/art     (16003): Background sticky concurrent mark sweep GC freed 13222(587KB) AllocSpace objects, 3(60KB) LOS objects, 0% free, 3MB/3MB, paused 15.057ms total 120.984ms
12-09 08:13:34.912 I/art     (16003): Background partial concurrent mark sweep GC freed 17281(1237KB) AllocSpace objects, 13(260KB) LOS objects, 40% free, 2MB/3MB, paused 17.479ms total 24.831ms
12-09 08:13:35.549 I/System.out(16003): URI: //gesture
12-09 08:13:35.549 I/System.out(16003): params: {json={"query_timeout":5.0,"gestures":[{"query_string":"android.widget.Button index:2","touches":[{"x":50,"y":50,"offset_x":0,"offset_y":0,"wait":0.0,"time":0.2,"release":true,"query_string":null}]}]}
12-09 08:13:35.549 I/System.out(16003): }
12-09 08:13:36.048 I/LatinIME( 1857): Starting input. Cursor position = 0,0
12-09 08:13:36.064 D/AudioFlinger( 1307): mixer(0xf4300000) throttle end: throttle time(1)
12-09 08:13:36.085 I/art     (16003): Background sticky concurrent mark sweep GC freed 39850(1652KB) AllocSpace objects, 1(20KB) LOS objects, 23% free, 2MB/3MB, paused 37.895ms total 116.660ms
12-09 08:13:36.092 W/audio_hw_generic( 1307): Hardware backing HAL too slow, could only write 0 of 661 frames
12-09 08:13:36.122 W/audio_hw_generic( 1307): Hardware backing HAL too slow, could only write 0 of 661 frames
12-09 08:13:36.146 W/audio_hw_generic( 1307): Hardware backing HAL too slow, could only write 0 of 661 frames
12-09 08:13:36.168 W/audio_hw_generic( 1307): Hardware backing HAL too slow, could only write 0 of 661 frames
12-09 08:13:36.187 W/audio_hw_generic( 1307): Hardware backing HAL too slow, could only write 0 of 661 frames
12-09 08:13:36.200 W/audio_hw_generic( 1307): Hardware backing HAL too slow, could only write 0 of 661 frames
12-09 08:13:36.224 D/gralloc_ranchu( 1218): gralloc_alloc: Creating ashmem region of size 49152
12-09 08:13:36.351 W/audio_hw_generic( 1307): Not supplying enough data to HAL, expected position 23084636 , only wrote 23081459
12-09 08:13:36.352 W/audio_hw_generic( 1307): Not supplying enough data to HAL, expected position 23081465 , only wrote 23081459
12-09 08:13:36.372 W/audio_hw_generic( 1307): Not supplying enough data to HAL, expected position 23082338 , only wrote 23082120
12-09 08:13:36.442 W/audio_hw_generic( 1307): Hardware backing HAL too slow, could only write 0 of 661 frames
12-09 08:13:36.445 W/audio_hw_generic( 1307): Hardware backing HAL too slow, could only write 0 of 661 frames
12-09 08:13:36.582 W/audio_hw_generic( 1307): Not supplying enough data to HAL, expected position 23091419 , only wrote 23091374
12-09 08:13:36.675 W/audio_hw_generic( 1307): Not supplying enough data to HAL, expected position 23095467 , only wrote 23095340
12-09 08:13:36.778 W/audio_hw_generic( 1307): Hardware backing HAL too slow, could only write 0 of 661 frames
12-09 08:13:36.778 E/SurfaceFlinger( 1218): ro.sf.lcd_density must be defined as a build property
12-09 08:13:36.799 W/audio_hw_generic( 1307): Not supplying enough data to HAL, expected position 23100818 , only wrote 23100628
12-09 08:13:36.800 W/audio_hw_generic( 1307): Hardware backing HAL too slow, could only write 0 of 661 frames
12-09 08:13:36.800 W/audio_hw_generic( 1307): Hardware backing HAL too slow, could only write 0 of 661 frames
12-09 08:13:36.824 W/art     ( 1592): Long monitor contention event with owner method=void com.android.server.wm.WindowAnimator$1.doFrame(long) from WindowAnimator.java:121 waiters=0 for 180ms
12-09 08:13:36.825 D/gralloc_ranchu( 1218): gralloc_alloc: Creating ashmem region of size 3686400
12-09 08:13:36.826 W/audio_hw_generic( 1307): Hardware backing HAL too slow, could only write 0 of 661 frames
12-09 08:13:36.897 W/audio_hw_generic( 1307): Hardware backing HAL too slow, could only write 0 of 661 frames
12-09 08:13:36.902 W/audio_hw_generic( 1307): Not supplying enough data to HAL, expected position 23105159 , only wrote 23103272
12-09 08:13:36.902 W/audio_hw_generic( 1307): Not supplying enough data to HAL, expected position 23103277 , only wrote 23103272
12-09 08:13:36.949 W/audio_hw_generic( 1307): Not supplying enough data to HAL, expected position 23105317 , only wrote 23104594
12-09 08:13:36.979 W/audio_hw_generic( 1307): Hardware backing HAL too slow, could only write 0 of 661 frames
12-09 08:13:37.023 D/        (16049): HostConnection::get() New Host Connection established 0x7fae74d92480, tid 16049
12-09 08:13:37.058 E/EGL_emulation( 1218): tid 1218: eglCreateSyncKHR(1881): error 0x3004 (EGL_BAD_ATTRIBUTE)
12-09 08:13:37.149 W/audio_hw_generic( 1307): Not supplying enough data to HAL, expected position 23113434 , only wrote 23112526
12-09 08:13:37.150 W/audio_hw_generic( 1307): Not supplying enough data to HAL, expected position 23112543 , only wrote 23112526
12-09 08:13:37.156 W/art     ( 1592): Long monitor contention event with owner method=void com.android.server.wm.WindowAnimator$1.doFrame(long) from WindowAnimator.java:121 waiters=0 for 333ms
12-09 08:13:37.166 W/audio_hw_generic( 1307): Not supplying enough data to HAL, expected position 23113258 , only wrote 23113187
12-09 08:13:37.183 W/audio_hw_generic( 1307): Hardware backing HAL too slow, could only write 0 of 661 frames
12-09 08:13:37.199 W/audio_hw_generic( 1307): Hardware backing HAL too slow, could only write 0 of 661 frames
12-09 08:13:37.317 W/audio_hw_generic( 1307): Not supplying enough data to HAL, expected position 23119853 , only wrote 23119797
12-09 08:13:37.318 W/audio_hw_generic( 1307): Not supplying enough data to HAL, expected position 23119803 , only wrote 23119797
12-09 08:13:37.321 I/Choreographer( 1857): Skipped 79 frames!  The application may be doing too much work on its main thread.
12-09 08:13:37.491 W/audio_hw_generic( 1307): Hardware backing HAL too slow, could only write 0 of 661 frames
12-09 08:13:37.494 W/audio_hw_generic( 1307): Hardware backing HAL too slow, could only write 0 of 661 frames
12-09 08:13:37.528 W/audio_hw_generic( 1307): Hardware backing HAL too slow, could only write 0 of 661 frames
12-09 08:13:37.662 W/audio_hw_generic( 1307): Not supplying enough data to HAL, expected position 23135002 , only wrote 23133678
12-09 08:13:37.662 W/audio_hw_generic( 1307): Not supplying enough data to HAL, expected position 23133684 , only wrote 23133678
12-09 08:13:37.684 W/audio_hw_generic( 1307): Not supplying enough data to HAL, expected position 23134608 , only wrote 23134339
12-09 08:13:37.684 W/audio_hw_generic( 1307): Hardware backing HAL too slow, could only write 0 of 661 frames
12-09 08:13:37.716 W/audio_hw_generic( 1307): Not supplying enough data to HAL, expected position 23135756 , only wrote 23135661
12-09 08:13:37.716 W/audio_hw_generic( 1307): Hardware backing HAL too slow, could only write 0 of 661 frames
12-09 08:13:37.716 W/audio_hw_generic( 1307): Hardware backing HAL too slow, could only write 0 of 661 frames
12-09 08:13:37.732 W/audio_hw_generic( 1307): Hardware backing HAL too slow, could only write 0 of 661 frames
12-09 08:13:37.788 W/audio_hw_generic( 1307): Hardware backing HAL too slow, could only write 0 of 661 frames
12-09 08:13:37.788 W/audio_hw_generic( 1307): Not supplying enough data to HAL, expected position 23138833 , only wrote 23138305
12-09 08:13:37.788 W/audio_hw_generic( 1307): Not supplying enough data to HAL, expected position 23138313 , only wrote 23138305
12-09 08:13:37.804 W/audio_hw_generic( 1307): Not supplying enough data to HAL, expected position 23139009 , only wrote 23138966
12-09 08:13:37.984 W/audio_hw_generic( 1307): Not supplying enough data to HAL, expected position 23146926 , only wrote 23144915
12-09 08:13:37.984 W/audio_hw_generic( 1307): Not supplying enough data to HAL, expected position 23144921 , only wrote 23144915
12-09 08:13:38.088 W/audio_hw_generic( 1307): Not supplying enough data to HAL, expected position 23149462 , only wrote 23148881
12-09 08:13:38.088 W/audio_hw_generic( 1307): Not supplying enough data to HAL, expected position 23148888 , only wrote 23148881
12-09 08:13:38.104 W/audio_hw_generic( 1307): Not supplying enough data to HAL, expected position 23149579 , only wrote 23149542
12-09 08:13:38.150 W/audio_hw_generic( 1307): Not supplying enough data to HAL, expected position 23151583 , only wrote 23150864
12-09 08:13:38.150 W/audio_hw_generic( 1307): Hardware backing HAL too slow, could only write 0 of 661 frames
12-09 08:13:38.227 W/audio_hw_generic( 1307): Not supplying enough data to HAL, expected position 23154249 , only wrote 23153508
12-09 08:13:38.227 W/audio_hw_generic( 1307): Not supplying enough data to HAL, expected position 23153514 , only wrote 23153508
12-09 08:13:38.228 I/System.out(16003): URI: //map
12-09 08:13:38.228 I/System.out(16003): params: {json={"query":"android.widget.EditText id:'odometer'","operation":{"method_name":"query","arguments":[]}}
12-09 08:13:38.228 I/System.out(16003): }
12-09 08:13:38.243 W/audio_hw_generic( 1307): Not supplying enough data to HAL, expected position 23154239 , only wrote 23154169
12-09 08:13:38.322 W/ResourceType(16003): No package identifier when getting name for resource number 0x00000001
12-09 08:13:38.326 W/audio_hw_generic( 1307): Not supplying enough data to HAL, expected position 23157828 , only wrote 23155491
12-09 08:13:38.347 I/art     (16003): WaitForGcToComplete blocked for 23.863ms for cause Background
12-09 08:13:38.504 I/System.out(16003): URI: //gesture
12-09 08:13:38.504 I/System.out(16003): params: {json={"query_timeout":5.0,"gestures":[{"query_string":"android.widget.EditText id:'odometer'","touches":[{"x":50,"y":50,"offset_x":0,"offset_y":0,"wait":0.0,"time":0.2,"release":true,"query_string":null}]}]}
12-09 08:13:38.504 I/System.out(16003): }
12-09 08:13:38.508 W/audio_hw_generic( 1307): Not supplying enough data to HAL, expected position 23163479 , only wrote 23159457
12-09 08:13:38.508 W/audio_hw_generic( 1307): Not supplying enough data to HAL, expected position 23159463 , only wrote 23159457
12-09 08:13:38.524 W/audio_hw_generic( 1307): Not supplying enough data to HAL, expected position 23160155 , only wrote 23160118
12-09 08:13:38.608 W/ResourceType(16003): No package identifier when getting name for resource number 0x00000001
12-09 08:13:38.625 W/audio_hw_generic( 1307): Hardware backing HAL too slow, could only write 0 of 661 frames
12-09 08:13:38.754 W/audio_hw_generic( 1307): Not supplying enough data to HAL, expected position 23170277 , only wrote 23170033
12-09 08:13:38.907 W/audio_hw_generic( 1307): Hardware backing HAL too slow, could only write 0 of 661 frames
12-09 08:13:38.919 W/audio_hw_generic( 1307): Hardware backing HAL too slow, could only write 0 of 661 frames
12-09 08:13:38.935 W/audio_hw_generic( 1307): Hardware backing HAL too slow, could only write 0 of 661 frames
12-09 08:13:38.955 W/audio_hw_generic( 1307): Hardware backing HAL too slow, could only write 0 of 661 frames
12-09 08:13:38.964 W/audio_hw_generic( 1307): Hardware backing HAL too slow, could only write 0 of 661 frames
12-09 08:13:39.319 W/audio_hw_generic( 1307): Not supplying enough data to HAL, expected position 23194962 , only wrote 23189863
12-09 08:13:39.338 W/audio_hw_generic( 1307): Not supplying enough data to HAL, expected position 23190674 , only wrote 23189863
12-09 08:13:39.548 I/System.out(16003): URI: //
12-09 08:13:39.548 I/System.out(16003): params: {json={"command":"set_selection","arguments":[-1,-1]}
12-09 08:13:39.548 I/System.out(16003): }
12-09 08:13:39.548 I/System.out(16003): header: {date=Sun, 09 Dec 2018 08:13:39 GMT, accept=*/*, content-length=47, host=127.0.0.1:34777, user-agent=HTTPClient/1.0 (2.8.3, ruby 2.3.1 (2016-04-26)), content-type=application/json;charset=utf-8}
12-09 08:13:39.548 I/System.out(16003): params: {json={"command":"set_selection","arguments":[-1,-1]}
12-09 08:13:39.548 I/System.out(16003): }
12-09 08:13:39.548 I/System.out(16003): ProP json = {"command":"set_selection","arguments":[-1,-1]}
12-09 08:13:39.548 I/System.out(16003): files: {}
12-09 08:13:39.548 I/System.out(16003): command: {"command":"set_selection","arguments":[-1,-1]}
12-09 08:13:39.549 I/InstrumentationBackend(16003): Got command:'Command:'Line:null,set_selection', arguments:'[-1, -1]'
12-09 08:13:39.673 I/System.out(16003): result:{"bonusInformation":[],"message":"","success":true}
12-09 08:13:39.988 I/System.out(16003): URI: //
12-09 08:13:39.988 I/System.out(16003): params: {json={"command":"keyboard_enter_text","arguments":["000"]}
12-09 08:13:39.989 I/System.out(16003): }
12-09 08:13:39.989 I/System.out(16003): header: {date=Sun, 09 Dec 2018 08:13:40 GMT, accept=*/*, content-length=53, host=127.0.0.1:34777, user-agent=HTTPClient/1.0 (2.8.3, ruby 2.3.1 (2016-04-26)), content-type=application/json;charset=utf-8}
12-09 08:13:39.989 I/System.out(16003): params: {json={"command":"keyboard_enter_text","arguments":["000"]}
12-09 08:13:39.989 I/System.out(16003): }
12-09 08:13:39.989 I/System.out(16003): ProP json = {"command":"keyboard_enter_text","arguments":["000"]}
12-09 08:13:39.989 I/System.out(16003): files: {}
