12-09 08:01:48.681 W/audio_hw_generic( 1310): Not supplying enough data to HAL, expected position 17329910 , only wrote 17329437
12-09 08:01:48.910 W/audio_hw_generic( 1310): Not supplying enough data to HAL, expected position 17339563 , only wrote 17338030
12-09 08:01:48.911 W/audio_hw_generic( 1310): Not supplying enough data to HAL, expected position 17338036 , only wrote 17338030
12-09 08:01:48.944 W/audio_hw_generic( 1310): Not supplying enough data to HAL, expected position 17339497 , only wrote 17338691
12-09 08:01:48.998 W/audio_hw_generic( 1310): Hardware backing HAL too slow, could only write 0 of 661 frames
12-09 08:01:49.032 W/audio_hw_generic( 1310): Not supplying enough data to HAL, expected position 17342572 , only wrote 17341996
12-09 08:01:49.032 W/audio_hw_generic( 1310): Not supplying enough data to HAL, expected position 17342002 , only wrote 17341996
12-09 08:01:49.032 W/audio_hw_generic( 1310): Hardware backing HAL too slow, could only write 0 of 661 frames
12-09 08:01:49.055 W/audio_hw_generic( 1310): Not supplying enough data to HAL, expected position 17343015 , only wrote 17342657
12-09 08:01:49.132 W/audio_hw_generic( 1310): Not supplying enough data to HAL, expected position 17346051 , only wrote 17343979
12-09 08:01:49.148 W/audio_hw_generic( 1310): Hardware backing HAL too slow, could only write 0 of 661 frames
12-09 08:01:49.164 W/audio_hw_generic( 1310): Hardware backing HAL too slow, could only write 0 of 661 frames
12-09 08:01:49.183 W/audio_hw_generic( 1310): Hardware backing HAL too slow, could only write 0 of 661 frames
12-09 08:01:49.194 I/System.out(10651): URI: //gesture
12-09 08:01:49.194 I/System.out(10651): params: {json={"query_timeout":5.0,"gestures":[{"query_string":"android.widget.TabWidget descendant TextView index:0","touches":[{"x":50,"y":50,"offset_x":0,"offset_y":0,"wait":0.0,"time":0.2,"release":true,"query_string":null}]}]}
12-09 08:01:49.194 I/System.out(10651): }
12-09 08:01:49.200 W/audio_hw_generic( 1310): Hardware backing HAL too slow, could only write 0 of 661 frames
12-09 08:01:49.220 W/audio_hw_generic( 1310): Hardware backing HAL too slow, could only write 0 of 661 frames
12-09 08:01:49.223 W/audio_hw_generic( 1310): Hardware backing HAL too slow, could only write 0 of 661 frames
12-09 08:01:49.253 W/CursorWrapperInner(10651): Cursor finalized without prior close()
12-09 08:01:49.260 I/art     (10651): Background sticky concurrent mark sweep GC freed 17928(888KB) AllocSpace objects, 1(20KB) LOS objects, 30% free, 2MB/3MB, paused 7.507ms total 52.455ms
12-09 08:01:49.306 W/audio_hw_generic( 1310): Not supplying enough data to HAL, expected position 17351653 , only wrote 17351250
12-09 08:01:49.306 W/audio_hw_generic( 1310): Not supplying enough data to HAL, expected position 17351258 , only wrote 17351250
12-09 08:01:49.324 W/audio_hw_generic( 1310): Not supplying enough data to HAL, expected position 17352014 , only wrote 17351911
12-09 08:01:49.324 W/audio_hw_generic( 1310): Hardware backing HAL too slow, could only write 0 of 661 frames
12-09 08:01:49.324 W/audio_hw_generic( 1310): Hardware backing HAL too slow, could only write 0 of 661 frames
12-09 08:01:49.340 W/audio_hw_generic( 1310): Hardware backing HAL too slow, could only write 0 of 661 frames
12-09 08:01:49.400 W/audio_hw_generic( 1310): Hardware backing HAL too slow, could only write 0 of 661 frames
12-09 08:01:49.400 W/audio_hw_generic( 1310): Not supplying enough data to HAL, expected position 17355268 , only wrote 17354555
12-09 08:01:49.400 W/audio_hw_generic( 1310): Not supplying enough data to HAL, expected position 17354560 , only wrote 17354555
12-09 08:01:49.422 W/audio_hw_generic( 1310): Not supplying enough data to HAL, expected position 17355510 , only wrote 17355216
12-09 08:01:49.468 W/audio_hw_generic( 1310): Hardware backing HAL too slow, could only write 0 of 661 frames
12-09 08:01:49.475 W/audio_hw_generic( 1310): Hardware backing HAL too slow, could only write 0 of 661 frames
12-09 08:01:49.591 W/audio_hw_generic( 1310): Not supplying enough data to HAL, expected position 17362666 , only wrote 17359843
12-09 08:01:49.724 W/audio_hw_generic( 1310): Not supplying enough data to HAL, expected position 17365712 , only wrote 17365131
12-09 08:01:49.728 W/audio_hw_generic( 1310): Not supplying enough data to HAL, expected position 17365321 , only wrote 17365131
12-09 08:01:49.756 W/audio_hw_generic( 1310): Not supplying enough data to HAL, expected position 17366351 , only wrote 17365792
12-09 08:01:49.798 W/audio_hw_generic( 1310): Hardware backing HAL too slow, could only write 0 of 661 frames
12-09 08:01:50.029 W/audio_hw_generic( 1310): Not supplying enough data to HAL, expected position 17377843 , only wrote 17377690
12-09 08:01:50.151 W/audio_hw_generic( 1310): Not supplying enough data to HAL, expected position 17383062 , only wrote 17381656
12-09 08:01:50.151 W/audio_hw_generic( 1310): Not supplying enough data to HAL, expected position 17381662 , only wrote 17381656
12-09 08:01:50.165 W/audio_hw_generic( 1310): Hardware backing HAL too slow, could only write 0 of 661 frames
12-09 08:01:50.166 I/art     (10651): Background sticky concurrent mark sweep GC freed 34684(1597KB) AllocSpace objects, 1(20KB) LOS objects, 28% free, 2MB/3MB, paused 7.822ms total 163.431ms
12-09 08:01:50.180 D/AudioFlinger( 1310): mixer(0xf4300000) throttle end: throttle time(15)
12-09 08:01:50.212 W/audio_hw_generic( 1310): Hardware backing HAL too slow, could only write 0 of 661 frames
12-09 08:01:50.256 W/audio_hw_generic( 1310): Not supplying enough data to HAL, expected position 17386298 , only wrote 17385622
12-09 08:01:50.256 W/audio_hw_generic( 1310): Not supplying enough data to HAL, expected position 17385631 , only wrote 17385622
12-09 08:01:50.296 W/audio_hw_generic( 1310): Not supplying enough data to HAL, expected position 17387359 , only wrote 17386283
12-09 08:01:50.316 W/audio_hw_generic( 1310): Not supplying enough data to HAL, expected position 17387157 , only wrote 17386944
12-09 08:01:50.316 W/audio_hw_generic( 1310): Not supplying enough data to HAL, expected position 17386950 , only wrote 17386944
12-09 08:01:50.332 W/audio_hw_generic( 1310): Not supplying enough data to HAL, expected position 17387645 , only wrote 17387605
12-09 08:01:50.392 W/audio_hw_generic( 1310): Not supplying enough data to HAL, expected position 17390250 , only wrote 17388927
12-09 08:01:50.943 W/audio_hw_generic( 1310): Not supplying enough data to HAL, expected position 17413231 , only wrote 17411401
12-09 08:01:50.943 W/audio_hw_generic( 1310): Not supplying enough data to HAL, expected position 17411408 , only wrote 17411401
12-09 08:01:50.958 W/audio_hw_generic( 1310): Not supplying enough data to HAL, expected position 17412071 , only wrote 17412062
12-09 08:01:51.086 I/System.out(10651): URI: //map
12-09 08:01:51.086 I/System.out(10651): params: {json={"query":"android.widget.EditText id:'price'","operation":{"method_name":"query","arguments":[]}}
12-09 08:01:51.086 I/System.out(10651): }
12-09 08:01:51.117 W/ResourceType(10651): No package identifier when getting name for resource number 0x00000001
12-09 08:01:51.191 W/audio_hw_generic( 1310): Not supplying enough data to HAL, expected position 17422326 , only wrote 17421977
12-09 08:01:51.191 W/audio_hw_generic( 1310): Not supplying enough data to HAL, expected position 17421984 , only wrote 17421977
12-09 08:01:51.207 W/audio_hw_generic( 1310): Not supplying enough data to HAL, expected position 17422671 , only wrote 17422638
12-09 08:01:51.241 W/audio_hw_generic( 1310): Not supplying enough data to HAL, expected position 17424161 , only wrote 17423960
12-09 08:01:51.308 W/audio_hw_generic( 1310): Not supplying enough data to HAL, expected position 17426886 , only wrote 17426604
12-09 08:01:51.308 W/audio_hw_generic( 1310): Not supplying enough data to HAL, expected position 17426610 , only wrote 17426604
12-09 08:01:51.328 W/audio_hw_generic( 1310): Not supplying enough data to HAL, expected position 17427474 , only wrote 17427265
12-09 08:01:51.352 W/audio_hw_generic( 1310): Hardware backing HAL too slow, could only write 0 of 661 frames
12-09 08:01:51.368 W/audio_hw_generic( 1310): Hardware backing HAL too slow, could only write 0 of 661 frames
12-09 08:01:51.382 W/audio_hw_generic( 1310): Hardware backing HAL too slow, could only write 0 of 661 frames
12-09 08:01:51.443 I/art     (10651): Background partial concurrent mark sweep GC freed 46773(2MB) AllocSpace objects, 4(80KB) LOS objects, 39% free, 2MB/4MB, paused 5.399ms total 316.240ms
12-09 08:01:51.449 W/audio_hw_generic( 1310): Not supplying enough data to HAL, expected position 17432598 , only wrote 17431892
12-09 08:01:51.488 W/audio_hw_generic( 1310): Not supplying enough data to HAL, expected position 17433614 , only wrote 17433214
12-09 08:01:51.508 I/System.out(10651): URI: //gesture
12-09 08:01:51.508 I/System.out(10651): params: {json={"query_timeout":5.0,"gestures":[{"query_string":"android.widget.EditText id:'price'","touches":[{"x":50,"y":50,"offset_x":0,"offset_y":0,"wait":0.0,"time":0.2,"release":true,"query_string":null}]}]}
12-09 08:01:51.508 I/System.out(10651): }
12-09 08:01:51.718 W/ResourceType(10651): No package identifier when getting name for resource number 0x00000001
12-09 08:01:51.720 W/audio_hw_generic( 1310): Not supplying enough data to HAL, expected position 17443443 , only wrote 17443129
12-09 08:01:51.720 W/audio_hw_generic( 1310): Not supplying enough data to HAL, expected position 17443135 , only wrote 17443129
12-09 08:01:51.740 W/audio_hw_generic( 1310): Not supplying enough data to HAL, expected position 17444024 , only wrote 17443790
12-09 08:01:51.871 W/audio_hw_generic( 1310): Not supplying enough data to HAL, expected position 17449571 , only wrote 17447095
12-09 08:01:51.871 W/audio_hw_generic( 1310): Not supplying enough data to HAL, expected position 17447102 , only wrote 17447095
12-09 08:01:51.928 W/audio_hw_generic( 1310): Hardware backing HAL too slow, could only write 0 of 661 frames
12-09 08:01:51.965 W/audio_hw_generic( 1310): Not supplying enough data to HAL, expected position 17451236 , only wrote 17451061
12-09 08:01:51.965 W/audio_hw_generic( 1310): Not supplying enough data to HAL, expected position 17451067 , only wrote 17451061
12-09 08:01:51.981 W/audio_hw_generic( 1310): Not supplying enough data to HAL, expected position 17451750 , only wrote 17451722
12-09 08:01:52.052 W/audio_hw_generic( 1310): Not supplying enough data to HAL, expected position 17454837 , only wrote 17454366
12-09 08:01:52.157 W/audio_hw_generic( 1310): Hardware backing HAL too slow, could only write 0 of 661 frames
12-09 08:01:52.172 W/audio_hw_generic( 1310): Hardware backing HAL too slow, could only write 0 of 661 frames
12-09 08:01:52.208 I/LatinIME( 1904): Starting input. Cursor position = 0,0
12-09 08:01:52.231 W/audio_hw_generic( 1310): Hardware backing HAL too slow, could only write 0 of 661 frames
12-09 08:01:52.297 W/audio_hw_generic( 1310): Hardware backing HAL too slow, could only write 0 of 661 frames
12-09 08:01:52.312 W/audio_hw_generic( 1310): Hardware backing HAL too slow, could only write 0 of 661 frames
12-09 08:01:52.324 W/audio_hw_generic( 1310): Hardware backing HAL too slow, could only write 0 of 661 frames
12-09 08:01:52.344 W/audio_hw_generic( 1310): Hardware backing HAL too slow, could only write 0 of 661 frames
12-09 08:01:52.356 W/audio_hw_generic( 1310): Hardware backing HAL too slow, could only write 0 of 661 frames
12-09 08:01:52.368 W/audio_hw_generic( 1310): Hardware backing HAL too slow, could only write 0 of 661 frames
12-09 08:01:52.384 W/audio_hw_generic( 1310): Hardware backing HAL too slow, could only write 0 of 661 frames
12-09 08:01:52.532 W/audio_hw_generic( 1310): Hardware backing HAL too slow, could only write 0 of 661 frames
12-09 08:01:52.534 D/EGL_emulation( 1904): eglMakeCurrent: 0x7f466b8363c0: ver 2 0 (tinfo 0x7f466b829800)
12-09 08:01:52.534 W/audio_hw_generic( 1310): Hardware backing HAL too slow, could only write 0 of 661 frames
12-09 08:01:52.609 W/audio_hw_generic( 1310): Hardware backing HAL too slow, could only write 0 of 661 frames
12-09 08:01:52.689 W/audio_hw_generic( 1310): Not supplying enough data to HAL, expected position 17482465 , only wrote 17482128
12-09 08:01:52.689 W/audio_hw_generic( 1310): Not supplying enough data to HAL, expected position 17482134 , only wrote 17482128
12-09 08:01:52.704 W/audio_hw_generic( 1310): Not supplying enough data to HAL, expected position 17482808 , only wrote 17482789
12-09 08:01:52.800 W/audio_hw_generic( 1310): Not supplying enough data to HAL, expected position 17487005 , only wrote 17486094
12-09 08:01:52.800 W/audio_hw_generic( 1310): Not supplying enough data to HAL, expected position 17486101 , only wrote 17486094
12-09 08:01:52.820 W/audio_hw_generic( 1310): Not supplying enough data to HAL, expected position 17486981 , only wrote 17486755
12-09 08:01:52.882 W/audio_hw_generic( 1310): Not supplying enough data to HAL, expected position 17489468 , only wrote 17489399
12-09 08:01:52.882 W/audio_hw_generic( 1310): Not supplying enough data to HAL, expected position 17489405 , only wrote 17489399
12-09 08:01:52.902 W/audio_hw_generic( 1310): Not supplying enough data to HAL, expected position 17490282 , only wrote 17490060
12-09 08:01:52.902 W/audio_hw_generic( 1310): Hardware backing HAL too slow, could only write 0 of 661 frames
12-09 08:01:52.925 I/System.out(10651): URI: //
12-09 08:01:52.925 I/System.out(10651): params: {json={"command":"set_selection","arguments":[-1,-1]}
12-09 08:01:52.925 I/System.out(10651): }
12-09 08:01:52.925 I/System.out(10651): header: {date=Sun, 09 Dec 2018 08:01:53 GMT, accept=*/*, content-length=47, host=127.0.0.1:34777, user-agent=HTTPClient/1.0 (2.8.3, ruby 2.3.1 (2016-04-26)), content-type=application/json;charset=utf-8}
12-09 08:01:52.926 I/System.out(10651): params: {json={"command":"set_selection","arguments":[-1,-1]}
12-09 08:01:52.926 I/System.out(10651): }
12-09 08:01:52.926 I/System.out(10651): ProP json = {"command":"set_selection","arguments":[-1,-1]}
12-09 08:01:52.926 I/System.out(10651): files: {}
12-09 08:01:52.926 I/System.out(10651): command: {"command":"set_selection","arguments":[-1,-1]}
12-09 08:01:52.927 I/InstrumentationBackend(10651): Got command:'Command:'Line:null,set_selection', arguments:'[-1, -1]'
12-09 08:01:52.937 W/audio_hw_generic( 1310): Hardware backing HAL too slow, could only write 0 of 661 frames
12-09 08:01:52.956 I/System.out(10651): result:{"bonusInformation":[],"message":"","success":true}
12-09 08:01:53.024 W/audio_hw_generic( 1310): Not supplying enough data to HAL, expected position 17495433 , only wrote 17495348
12-09 08:01:53.024 W/audio_hw_generic( 1310): Not supplying enough data to HAL, expected position 17495355 , only wrote 17495348
12-09 08:01:53.054 W/audio_hw_generic( 1310): Not supplying enough data to HAL, expected position 17496674 , only wrote 17496009
12-09 08:01:53.075 I/art     (10651): Background sticky concurrent mark sweep GC freed 31584(1491KB) AllocSpace objects, 3(60KB) LOS objects, 35% free, 2MB/4MB, paused 1ms total 127.842ms
12-09 08:01:53.084 W/audio_hw_generic( 1310): Not supplying enough data to HAL, expected position 17497338 , only wrote 17497331
12-09 08:01:53.146 W/audio_hw_generic( 1310): Not supplying enough data to HAL, expected position 17500031 , only wrote 17498653
12-09 08:01:53.238 W/audio_hw_generic( 1310): Not supplying enough data to HAL, expected position 17502709 , only wrote 17499975
12-09 08:01:53.268 W/audio_hw_generic( 1310): Not supplying enough data to HAL, expected position 17502116 , only wrote 17501297
12-09 08:01:53.325 I/System.out(10651): URI: //
12-09 08:01:53.330 I/System.out(10651): params: {json={"command":"keyboard_enter_text","arguments":["54"]}
12-09 08:01:53.331 I/System.out(10651): }
12-09 08:01:53.331 I/System.out(10651): header: {date=Sun, 09 Dec 2018 08:01:54 GMT, accept=*/*, content-length=52, host=127.0.0.1:34777, user-agent=HTTPClient/1.0 (2.8.3, ruby 2.3.1 (2016-04-26)), content-type=application/json;charset=utf-8}
12-09 08:01:53.331 I/System.out(10651): params: {json={"command":"keyboard_enter_text","arguments":["54"]}
12-09 08:01:53.331 I/System.out(10651): }
12-09 08:01:53.331 I/System.out(10651): ProP json = {"command":"keyboard_enter_text","arguments":["54"]}
12-09 08:01:53.331 I/System.out(10651): files: {}
12-09 08:01:53.331 I/System.out(10651): command: {"command":"keyboard_enter_text","arguments":["54"]}
12-09 08:01:53.335 I/InstrumentationBackend(10651): Got command:'Command:'Line:null,keyboard_enter_text', arguments:'[54]'
12-09 08:01:53.408 E/SpannableStringBuilder(10651): SPAN_EXCLUSIVE_EXCLUSIVE spans cannot have a zero length
12-09 08:01:53.408 E/SpannableStringBuilder(10651): SPAN_EXCLUSIVE_EXCLUSIVE spans cannot have a zero length
12-09 08:01:53.485 E/SpannableStringBuilder(10651): SPAN_EXCLUSIVE_EXCLUSIVE spans cannot have a zero length
12-09 08:01:53.485 E/SpannableStringBuilder(10651): SPAN_EXCLUSIVE_EXCLUSIVE spans cannot have a zero length
12-09 08:01:53.491 I/System.out(10651): result:{"bonusInformation":[],"message":"","success":true}
12-09 08:01:53.594 I/System.out(10651): URI: //map
12-09 08:01:53.594 I/System.out(10651): params: {json={"query":"android.widget.EditText id:'volume'","operation":{"method_name":"query","arguments":[]}}
12-09 08:01:53.594 I/System.out(10651): }
12-09 08:01:53.946 W/ResourceType(10651): No package identifier when getting name for resource number 0x00000001
12-09 08:01:53.951 I/art     (10651): Background partial concurrent mark sweep GC freed 27081(1410KB) AllocSpace objects, 8(160KB) LOS objects, 40% free, 2MB/4MB, paused 963us total 338.984ms
12-09 08:01:54.125 I/System.out(10651): URI: //gesture
12-09 08:01:54.144 I/System.out(10651): params: {json={"query_timeout":5.0,"gestures":[{"query_string":"android.widget.EditText id:'volume'","touches":[{"x":50,"y":50,"offset_x":0,"offset_y":0,"wait":0.0,"time":0.2,"release":true,"query_string":null}]}]}
12-09 08:01:54.144 I/System.out(10651): }
12-09 08:01:54.155 W/ResourceType(10651): No package identifier when getting name for resource number 0x00000001
12-09 08:01:54.717 I/LatinIME( 1904): Starting input. Cursor position = 0,0
12-09 08:01:55.448 I/System.out(10651): URI: //
12-09 08:01:55.448 I/System.out(10651): params: {json={"command":"set_selection","arguments":[-1,-1]}
12-09 08:01:55.449 I/System.out(10651): }
12-09 08:01:55.449 I/System.out(10651): header: {date=Sun, 09 Dec 2018 08:01:56 GMT, accept=*/*, content-length=47, host=127.0.0.1:34777, user-agent=HTTPClient/1.0 (2.8.3, ruby 2.3.1 (2016-04-26)), content-type=application/json;charset=utf-8}
12-09 08:01:55.449 I/System.out(10651): params: {json={"command":"set_selection","arguments":[-1,-1]}
12-09 08:01:55.449 I/System.out(10651): }
12-09 08:01:55.449 I/System.out(10651): ProP json = {"command":"set_selection","arguments":[-1,-1]}
12-09 08:01:55.449 I/System.out(10651): files: {}
12-09 08:01:55.449 I/System.out(10651): command: {"command":"set_selection","arguments":[-1,-1]}
12-09 08:01:55.450 I/InstrumentationBackend(10651): Got command:'Command:'Line:null,set_selection', arguments:'[-1, -1]'
12-09 08:01:55.477 I/System.out(10651): result:{"bonusInformation":[],"message":"","success":true}
12-09 08:01:55.718 I/System.out(10651): URI: //
12-09 08:01:55.718 I/System.out(10651): params: {json={"command":"keyboard_enter_text","arguments":["100"]}
12-09 08:01:55.718 I/System.out(10651): }
12-09 08:01:55.718 I/System.out(10651): header: {date=Sun, 09 Dec 2018 08:01:56 GMT, accept=*/*, content-length=53, host=127.0.0.1:34777, user-agent=HTTPClient/1.0 (2.8.3, ruby 2.3.1 (2016-04-26)), content-type=application/json;charset=utf-8}
12-09 08:01:55.718 I/System.out(10651): params: {json={"command":"keyboard_enter_text","arguments":["100"]}
12-09 08:01:55.718 I/System.out(10651): }
12-09 08:01:55.718 I/System.out(10651): ProP json = {"command":"keyboard_enter_text","arguments":["100"]}
12-09 08:01:55.718 I/System.out(10651): files: {}
12-09 08:01:55.718 I/System.out(10651): command: {"command":"keyboard_enter_text","arguments":["100"]}
12-09 08:01:55.719 I/InstrumentationBackend(10651): Got command:'Command:'Line:null,keyboard_enter_text', arguments:'[100]'
12-09 08:01:55.760 E/SpannableStringBuilder(10651): SPAN_EXCLUSIVE_EXCLUSIVE spans cannot have a zero length
12-09 08:01:55.760 E/SpannableStringBuilder(10651): SPAN_EXCLUSIVE_EXCLUSIVE spans cannot have a zero length
12-09 08:01:55.763 E/SpannableStringBuilder(10651): SPAN_EXCLUSIVE_EXCLUSIVE spans cannot have a zero length
12-09 08:01:55.763 E/SpannableStringBuilder(10651): SPAN_EXCLUSIVE_EXCLUSIVE spans cannot have a zero length
12-09 08:01:55.821 I/System.out(10651): result:{"bonusInformation":[],"message":"","success":true}
12-09 08:01:55.972 I/System.out(10651): URI: //map
12-09 08:01:55.972 I/System.out(10651): params: {json={"query":"android.widget.EditText id:'odometer'","operation":{"method_name":"query","arguments":[]}}
12-09 08:01:55.972 I/System.out(10651): }
12-09 08:01:55.983 I/art     (10651): Background sticky concurrent mark sweep GC freed 27003(1235KB) AllocSpace objects, 7(140KB) LOS objects, 20% free, 3MB/4MB, paused 8.015ms total 190.290ms
12-09 08:01:56.011 W/ResourceType(10651): No package identifier when getting name for resource number 0x00000001
12-09 08:01:56.183 W/art     (10651): Suspending all threads took: 83.135ms
12-09 08:01:56.314 I/art     (10651): Background partial concurrent mark sweep GC freed 34289(1627KB) AllocSpace objects, 4(80KB) LOS objects, 40% free, 3MB/5MB, paused 84.372ms total 265.292ms
12-09 08:01:56.396 I/System.out(10651): URI: //gesture
12-09 08:01:56.396 I/System.out(10651): params: {json={"query_timeout":5.0,"gestures":[{"query_string":"android.widget.EditText id:'odometer'","touches":[{"x":50,"y":50,"offset_x":0,"offset_y":0,"wait":0.0,"time":0.2,"release":true,"query_string":null}]}]}
12-09 08:01:56.396 I/System.out(10651): }
12-09 08:01:56.438 W/ResourceType(10651): No package identifier when getting name for resource number 0x00000001
12-09 08:01:56.749 I/LatinIME( 1904): Starting input. Cursor position = 0,0
12-09 08:01:57.372 I/System.out(10651): URI: //
12-09 08:01:57.372 I/System.out(10651): params: {json={"command":"set_selection","arguments":[-1,-1]}
12-09 08:01:57.372 I/System.out(10651): }
12-09 08:01:57.373 I/System.out(10651): header: {date=Sun, 09 Dec 2018 08:01:58 GMT, accept=*/*, content-length=47, host=127.0.0.1:34777, user-agent=HTTPClient/1.0 (2.8.3, ruby 2.3.1 (2016-04-26)), content-type=application/json;charset=utf-8}
12-09 08:01:57.373 I/System.out(10651): params: {json={"command":"set_selection","arguments":[-1,-1]}
12-09 08:01:57.373 I/System.out(10651): }
12-09 08:01:57.373 I/System.out(10651): ProP json = {"command":"set_selection","arguments":[-1,-1]}
12-09 08:01:57.373 I/System.out(10651): files: {}
12-09 08:01:57.373 I/System.out(10651): command: {"command":"set_selection","arguments":[-1,-1]}
12-09 08:01:57.374 I/InstrumentationBackend(10651): Got command:'Command:'Line:null,set_selection', arguments:'[-1, -1]'
12-09 08:01:57.391 I/System.out(10651): result:{"bonusInformation":[],"message":"","success":true}
12-09 08:01:57.673 I/System.out(10651): URI: //
12-09 08:01:57.673 I/System.out(10651): params: {json={"command":"keyboard_enter_text","arguments":["14"]}
12-09 08:01:57.673 I/System.out(10651): }
12-09 08:01:57.673 I/System.out(10651): header: {date=Sun, 09 Dec 2018 08:01:58 GMT, accept=*/*, content-length=52, host=127.0.0.1:34777, user-agent=HTTPClient/1.0 (2.8.3, ruby 2.3.1 (2016-04-26)), content-type=application/json;charset=utf-8}
12-09 08:01:57.673 I/System.out(10651): params: {json={"command":"keyboard_enter_text","arguments":["14"]}
12-09 08:01:57.673 I/System.out(10651): }
12-09 08:01:57.673 I/System.out(10651): ProP json = {"command":"keyboard_enter_text","arguments":["14"]}
12-09 08:01:57.673 I/System.out(10651): files: {}
12-09 08:01:57.673 I/System.out(10651): command: {"command":"keyboard_enter_text","arguments":["14"]}
12-09 08:01:57.675 I/InstrumentationBackend(10651): Got command:'Command:'Line:null,keyboard_enter_text', arguments:'[14]'
12-09 08:01:57.675 E/SpannableStringBuilder(10651): SPAN_EXCLUSIVE_EXCLUSIVE spans cannot have a zero length
12-09 08:01:57.676 E/SpannableStringBuilder(10651): SPAN_EXCLUSIVE_EXCLUSIVE spans cannot have a zero length
12-09 08:01:57.678 E/SpannableStringBuilder(10651): SPAN_EXCLUSIVE_EXCLUSIVE spans cannot have a zero length
12-09 08:01:57.678 E/SpannableStringBuilder(10651): SPAN_EXCLUSIVE_EXCLUSIVE spans cannot have a zero length
12-09 08:01:57.683 I/System.out(10651): result:{"bonusInformation":[],"message":"","success":true}
12-09 08:01:58.873 I/System.out(10651): URI: //map
12-09 08:01:58.888 I/System.out(10651): params: {json={"query":"android.widget.Button index:2","operation":{"method_name":"query","arguments":[]}}
12-09 08:01:58.888 I/System.out(10651): }
12-09 08:01:58.937 W/art     (10651): Suspending all threads took: 12.143ms
12-09 08:01:59.073 I/art     (10651): Background sticky concurrent mark sweep GC freed 53698(2MB) AllocSpace objects, 9(180KB) LOS objects, 23% free, 3MB/5MB, paused 13.486ms total 171.036ms
12-09 08:01:59.108 I/System.out(10651): URI: //gesture
12-09 08:01:59.108 I/System.out(10651): params: {json={"query_timeout":5.0,"gestures":[{"query_string":"android.widget.Button index:2","touches":[{"x":50,"y":50,"offset_x":0,"offset_y":0,"wait":0.0,"time":0.2,"release":true,"query_string":null}]}]}
12-09 08:01:59.108 I/System.out(10651): }
12-09 08:01:59.580 W/audio_hw_generic( 1310): Hardware backing HAL too slow, could only write 0 of 661 frames
12-09 08:01:59.596 W/audio_hw_generic( 1310): Hardware backing HAL too slow, could only write 0 of 661 frames
12-09 08:01:59.628 W/audio_hw_generic( 1310): Hardware backing HAL too slow, could only write 0 of 661 frames
12-09 08:01:59.640 W/audio_hw_generic( 1310): Hardware backing HAL too slow, could only write 0 of 661 frames
12-09 08:01:59.645 D/AudioFlinger( 1310): mixer(0xf4300000) throttle end: throttle time(11)
12-09 08:01:59.651 W/audio_hw_generic( 1310): Hardware backing HAL too slow, could only write 0 of 661 frames
12-09 08:01:59.668 W/audio_hw_generic( 1310): Hardware backing HAL too slow, could only write 0 of 661 frames
12-09 08:01:59.777 I/art     (10651): Background sticky concurrent mark sweep GC freed 51839(2MB) AllocSpace objects, 2(40KB) LOS objects, 20% free, 4MB/5MB, paused 34.009ms total 251.690ms
12-09 08:01:59.799 W/audio_hw_generic( 1310): Not supplying enough data to HAL, expected position 17512150 , only wrote 17511212
12-09 08:01:59.808 W/audio_hw_generic( 1310): Not supplying enough data to HAL, expected position 17511579 , only wrote 17511212
12-09 08:01:59.842 W/audio_hw_generic( 1310): Not supplying enough data to HAL, expected position 17512721 , only wrote 17512534
12-09 08:01:59.859 W/audio_hw_generic( 1310): Hardware backing HAL too slow, could only write 0 of 661 frames
12-09 08:01:59.876 W/audio_hw_generic( 1310): Hardware backing HAL too slow, could only write 0 of 661 frames
12-09 08:01:59.904 W/audio_hw_generic( 1310): Hardware backing HAL too slow, could only write 0 of 661 frames
12-09 08:01:59.920 W/audio_hw_generic( 1310): Hardware backing HAL too slow, could only write 0 of 661 frames
12-09 08:01:59.946 W/audio_hw_generic( 1310): Hardware backing HAL too slow, could only write 0 of 661 frames
12-09 08:02:00.010 W/audio_hw_generic( 1310): Hardware backing HAL too slow, could only write 0 of 661 frames
12-09 08:02:00.032 W/audio_hw_generic( 1310): Hardware backing HAL too slow, could only write 0 of 661 frames
12-09 08:02:00.047 W/audio_hw_generic( 1310): Hardware backing HAL too slow, could only write 0 of 661 frames
12-09 08:02:00.063 W/audio_hw_generic( 1310): Hardware backing HAL too slow, could only write 0 of 661 frames
12-09 08:02:00.086 I/LatinIME( 1904): Starting input. Cursor position = -1,-1
12-09 08:02:00.195 D/Mileage.ABS(10651): Finished backup
12-09 08:02:00.213 D/Mileage.ABS(10651): Not backing up; 45
12-09 08:02:00.213 D/Mileage.ABS(10651): Not backing up; 45
12-09 08:02:00.213 D/Mileage.ABS(10651): Not backing up; 45
12-09 08:02:00.251 E/SurfaceFlinger( 1219): ro.sf.lcd_density must be defined as a build property
12-09 08:02:00.320 W/audio_hw_generic( 1310): Not supplying enough data to HAL, expected position 17533622 , only wrote 17533025
12-09 08:02:00.320 W/audio_hw_generic( 1310): Not supplying enough data to HAL, expected position 17533031 , only wrote 17533025
12-09 08:02:00.342 W/audio_hw_generic( 1310): Not supplying enough data to HAL, expected position 17533994 , only wrote 17533686
12-09 08:02:00.375 W/audio_hw_generic( 1310): Hardware backing HAL too slow, could only write 0 of 661 frames
12-09 08:02:00.380 D/gralloc_ranchu( 1219): gralloc_alloc: Creating ashmem region of size 3686400
12-09 08:02:00.391 W/audio_hw_generic( 1310): Hardware backing HAL too slow, could only write 0 of 661 frames
12-09 08:02:00.502 W/audio_hw_generic( 1310): Not supplying enough data to HAL, expected position 17540738 , only wrote 17538974
12-09 08:02:00.502 W/audio_hw_generic( 1310): Not supplying enough data to HAL, expected position 17538981 , only wrote 17538974
12-09 08:02:00.561 W/audio_hw_generic( 1310): Not supplying enough data to HAL, expected position 17541564 , only wrote 17539635
12-09 08:02:00.597 D/        (10741): HostConnection::get() New Host Connection established 0x7fe81af12480, tid 10741
12-09 08:02:00.609 W/audio_hw_generic( 1310): Hardware backing HAL too slow, could only write 0 of 661 frames
12-09 08:02:00.617 W/audio_hw_generic( 1310): Hardware backing HAL too slow, could only write 0 of 661 frames
12-09 08:02:00.633 E/EGL_emulation( 1219): tid 1219: eglCreateSyncKHR(1881): error 0x3004 (EGL_BAD_ATTRIBUTE)
12-09 08:02:00.634 W/audio_hw_generic( 1310): Hardware backing HAL too slow, could only write 0 of 661 frames
12-09 08:02:00.649 W/audio_hw_generic( 1310): Hardware backing HAL too slow, could only write 0 of 661 frames
12-09 08:02:00.662 W/audio_hw_generic( 1310): Hardware backing HAL too slow, could only write 0 of 661 frames
12-09 08:02:00.749 W/audio_hw_generic( 1310): Not supplying enough data to HAL, expected position 17547934 , only wrote 17547567
12-09 08:02:00.749 W/audio_hw_generic( 1310): Not supplying enough data to HAL, expected position 17547574 , only wrote 17547567
12-09 08:02:00.788 W/audio_hw_generic( 1310): Not supplying enough data to HAL, expected position 17549254 , only wrote 17548228
12-09 08:02:00.984 W/audio_hw_generic( 1310): Not supplying enough data to HAL, expected position 17556856 , only wrote 17556821
12-09 08:02:00.984 W/audio_hw_generic( 1310): Not supplying enough data to HAL, expected position 17556837 , only wrote 17556821
12-09 08:02:01.245 W/audio_hw_generic( 1310): Not supplying enough data to HAL, expected position 17568319 , only wrote 17568058
12-09 08:02:01.245 W/audio_hw_generic( 1310): Not supplying enough data to HAL, expected position 17568064 , only wrote 17568058
12-09 08:02:01.266 W/audio_hw_generic( 1310): Not supplying enough data to HAL, expected position 17568989 , only wrote 17568719
12-09 08:02:01.287 I/InputAttributes( 1904): InputType.TYPE_NULL is specified
12-09 08:02:01.472 W/audio_hw_generic( 1310): Not supplying enough data to HAL, expected position 17577817 , only wrote 17575329
12-09 08:02:01.472 W/audio_hw_generic( 1310): Not supplying enough data to HAL, expected position 17575336 , only wrote 17575329
12-09 08:02:01.477 W/art     ( 1593): Long monitor contention event with owner method=boolean android.os.MessageQueue.enqueueMessage(android.os.Message, long) from MessageQueue.java:541 waiters=0 for 106ms
12-09 08:02:01.495 W/audio_hw_generic( 1310): Not supplying enough data to HAL, expected position 17576348 , only wrote 17575990
12-09 08:02:01.514 I/Choreographer( 1904): Skipped 89 frames!  The application may be doing too much work on its main thread.
12-09 08:02:01.560 W/audio_hw_generic( 1310): Hardware backing HAL too slow, could only write 0 of 661 frames
12-09 08:02:01.577 D/EGL_emulation( 1904): eglMakeCurrent: 0x7f466b8363c0: ver 2 0 (tinfo 0x7f466b829800)
12-09 08:02:01.579 E/Surface ( 1904): getSlotFromBufferLocked: unknown buffer: 0x7f466b8365a0
12-09 08:02:01.636 W/audio_hw_generic( 1310): Not supplying enough data to HAL, expected position 17582179 , only wrote 17581939
12-09 08:02:01.636 W/audio_hw_generic( 1310): Not supplying enough data to HAL, expected position 17581946 , only wrote 17581939
12-09 08:02:01.710 W/audio_hw_generic( 1310): Not supplying enough data to HAL, expected position 17585226 , only wrote 17582600
12-09 08:02:01.749 W/audio_hw_generic( 1310): Not supplying enough data to HAL, expected position 17584285 , only wrote 17583922
12-09 08:02:01.749 W/audio_hw_generic( 1310): Hardware backing HAL too slow, could only write 0 of 661 frames
12-09 08:02:01.769 W/audio_hw_generic( 1310): Hardware backing HAL too slow, could only write 0 of 661 frames
12-09 08:02:01.788 W/audio_hw_generic( 1310): Hardware backing HAL too slow, could only write 0 of 661 frames
12-09 08:02:01.804 W/audio_hw_generic( 1310): Hardware backing HAL too slow, could only write 0 of 661 frames
12-09 08:02:01.848 I/System.out(10651): URI: //map
12-09 08:02:01.848 I/System.out(10651): params: {json={"query":"android.widget.ListView index:0 android.widget.TextView index:0","operation":{"method_name":"query","arguments":[]}}
12-09 08:02:01.848 I/System.out(10651): }
12-09 08:02:01.863 I/art     (10651): WaitForGcToComplete blocked for 11.480ms for cause Background
12-09 08:02:01.960 W/audio_hw_generic( 1310): Not supplying enough data to HAL, expected position 17593223 , only wrote 17593176
12-09 08:02:01.960 W/audio_hw_generic( 1310): Not supplying enough data to HAL, expected position 17593183 , only wrote 17593176
12-09 08:02:01.988 W/audio_hw_generic( 1310): Not supplying enough data to HAL, expected position 17594418 , only wrote 17593837
12-09 08:02:02.051 I/art     (10651): Background partial concurrent mark sweep GC freed 43963(2MB) AllocSpace objects, 6(120KB) LOS objects, 40% free, 2MB/4MB, paused 14.891ms total 160.781ms
12-09 08:02:02.074 W/audio_hw_generic( 1310): Not supplying enough data to HAL, expected position 17597620 , only wrote 17597142
12-09 08:02:02.074 W/audio_hw_generic( 1310): Not supplying enough data to HAL, expected position 17597151 , only wrote 17597142
12-09 08:02:02.212 W/audio_hw_generic( 1310): Not supplying enough data to HAL, expected position 17603211 , only wrote 17603091
12-09 08:02:02.212 W/audio_hw_generic( 1310): Not supplying enough data to HAL, expected position 17603098 , only wrote 17603091
12-09 08:02:02.228 W/audio_hw_generic( 1310): Not supplying enough data to HAL, expected position 17603819 , only wrote 17603752
12-09 08:02:02.292 W/audio_hw_generic( 1310): Not supplying enough data to HAL, expected position 17606560 , only wrote 17606396
12-09 08:02:02.292 W/audio_hw_generic( 1310): Not supplying enough data to HAL, expected position 17606408 , only wrote 17606396
12-09 08:02:02.384 W/audio_hw_generic( 1310): Not supplying enough data to HAL, expected position 17610432 , only wrote 17609701
12-09 08:02:02.384 W/audio_hw_generic( 1310): Not supplying enough data to HAL, expected position 17609707 , only wrote 17609701
12-09 08:02:02.404 W/audio_hw_generic( 1310): Not supplying enough data to HAL, expected position 17610573 , only wrote 17610362
12-09 08:02:02.444 W/audio_hw_generic( 1310): Not supplying enough data to HAL, expected position 17612125 , only wrote 17611684
12-09 08:02:02.474 I/System.out(10651): URI: //gesture
12-09 08:02:02.474 I/System.out(10651): params: {json={"query_timeout":5.0,"gestures":[{"query_string":"android.widget.ListView index:0 android.widget.TextView index:0","touches":[{"x":50,"y":50,"offset_x":0,"offset_y":0,"wait":0.0,"time":0.2,"release":true,"query_string":null}]}]}
12-09 08:02:02.474 I/System.out(10651): }
12-09 08:02:02.594 W/audio_hw_generic( 1310): Not supplying enough data to HAL, expected position 17618321 , only wrote 17616311
12-09 08:02:02.599 W/audio_hw_generic( 1310): Not supplying enough data to HAL, expected position 17616544 , only wrote 17616311
12-09 08:02:02.632 W/audio_hw_generic( 1310): Not supplying enough data to HAL, expected position 17617727 , only wrote 17617633
12-09 08:02:02.668 W/audio_hw_generic( 1310): Hardware backing HAL too slow, could only write 0 of 661 frames
12-09 08:02:02.692 W/audio_hw_generic( 1310): Not supplying enough data to HAL, expected position 17622233 , only wrote 17620277
12-09 08:02:03.107 I/art     (10651): Background sticky concurrent mark sweep GC freed 36953(1352KB) AllocSpace objects, 1(20KB) LOS objects, 10% free, 3MB/4MB, paused 950us total 109.271ms
12-09 08:02:03.240 I/ActivityManager( 1593): START u0 {cmp=com.evancharlton.mileage/.FillupInfoActivity (has extras)} from uid 10127 on display 0
12-09 08:02:03.344 W/audio_hw_generic( 1310): Hardware backing HAL too slow, could only write 0 of 661 frames
12-09 08:02:03.360 D/AudioFlinger( 1310): mixer(0xf4300000) throttle end: throttle time(22)
12-09 08:02:03.364 W/audio_hw_generic( 1310): Hardware backing HAL too slow, could only write 0 of 661 frames
12-09 08:02:03.365 W/audio_hw_generic( 1310): Hardware backing HAL too slow, could only write 0 of 661 frames
12-09 08:02:03.388 W/audio_hw_generic( 1310): Hardware backing HAL too slow, could only write 0 of 661 frames
12-09 08:02:03.404 W/audio_hw_generic( 1310): Hardware backing HAL too slow, could only write 0 of 661 frames
12-09 08:02:03.406 I/calabash(10651): newActivity1
12-09 08:02:03.567 I/art     (10651): Background sticky concurrent mark sweep GC freed 27341(1406KB) AllocSpace objects, 1(20KB) LOS objects, 17% free, 3MB/4MB, paused 29.203ms total 132.978ms
12-09 08:02:03.637 V/PhoneStatusBar( 1687): setLightsOn(true)
12-09 08:02:03.687 D/gralloc_ranchu( 1219): gralloc_alloc: Creating ashmem region of size 3686400
12-09 08:02:03.688 E/SurfaceFlinger( 1219): ro.sf.lcd_density must be defined as a build property
12-09 08:02:03.766 D/gralloc_ranchu( 1219): gralloc_alloc: Creating ashmem region of size 3686400
12-09 08:02:03.838 W/audio_hw_generic( 1310): Not supplying enough data to HAL, expected position 17644463 , only wrote 17643412
12-09 08:02:03.838 W/audio_hw_generic( 1310): Not supplying enough data to HAL, expected position 17643419 , only wrote 17643412
12-09 08:02:03.862 D/        (10748): HostConnection::get() New Host Connection established 0x7fc6a1492480, tid 10748
12-09 08:02:03.891 W/audio_hw_generic( 1310): Not supplying enough data to HAL, expected position 17645762 , only wrote 17644073
12-09 08:02:03.907 E/EGL_emulation( 1219): tid 1219: eglCreateSyncKHR(1881): error 0x3004 (EGL_BAD_ATTRIBUTE)
12-09 08:02:03.995 W/art     ( 1593): Long monitor contention event with owner method=void com.android.server.wm.WindowAnimator$1.doFrame(long) from WindowAnimator.java:121 waiters=0 for 230ms
12-09 08:02:04.111 W/audio_hw_generic( 1310): Not supplying enough data to HAL, expected position 17653747 , only wrote 17652666
12-09 08:02:04.123 W/art     ( 1593): Long monitor contention event with owner method=void com.android.server.wm.WindowAnimator$1.doFrame(long) from WindowAnimator.java:121 waiters=0 for 128ms
12-09 08:02:04.217 W/audio_hw_generic( 1310): Not supplying enough data to HAL, expected position 17657342 , only wrote 17656632
12-09 08:02:04.217 W/audio_hw_generic( 1310): Not supplying enough data to HAL, expected position 17656638 , only wrote 17656632
12-09 08:02:04.269 W/audio_hw_generic( 1310): Not supplying enough data to HAL, expected position 17658925 , only wrote 17657293
12-09 08:02:04.274 W/art     ( 1593): Long monitor contention event with owner method=void com.android.server.wm.WindowAnimator$1.doFrame(long) from WindowAnimator.java:121 waiters=0 for 151ms
12-09 08:02:04.526 W/art     ( 1593): Long monitor contention event with owner method=void com.android.server.wm.WindowAnimator$1.doFrame(long) from WindowAnimator.java:121 waiters=1 for 133ms
12-09 08:02:04.571 W/audio_hw_generic( 1310): Not supplying enough data to HAL, expected position 17670607 , only wrote 17670513
12-09 08:02:04.571 W/audio_hw_generic( 1310): Not supplying enough data to HAL, expected position 17670519 , only wrote 17670513
12-09 08:02:04.587 W/audio_hw_generic( 1310): Not supplying enough data to HAL, expected position 17671232 , only wrote 17671174
12-09 08:02:04.588 W/audio_hw_generic( 1310): Hardware backing HAL too slow, could only write 0 of 661 frames
12-09 08:02:04.602 W/audio_hw_generic( 1310): Hardware backing HAL too slow, could only write 0 of 661 frames
12-09 08:02:04.617 W/audio_hw_generic( 1310): Hardware backing HAL too slow, could only write 0 of 661 frames
12-09 08:02:04.621 W/art     ( 1593): Long monitor contention event with owner method=void com.android.server.wm.WindowAnimator$1.doFrame(long) from WindowAnimator.java:121 waiters=1 for 192ms
12-09 08:02:04.639 W/audio_hw_generic( 1310): Hardware backing HAL too slow, could only write 0 of 661 frames
12-09 08:02:04.783 W/audio_hw_generic( 1310): Not supplying enough data to HAL, expected position 17679801 , only wrote 17679767
12-09 08:02:04.783 W/audio_hw_generic( 1310): Hardware backing HAL too slow, could only write 0 of 661 frames
12-09 08:02:04.833 W/audio_hw_generic( 1310): Not supplying enough data to HAL, expected position 17681990 , only wrote 17681089
12-09 08:02:04.834 W/audio_hw_generic( 1310): Hardware backing HAL too slow, could only write 0 of 661 frames
12-09 08:02:04.834 W/audio_hw_generic( 1310): Hardware backing HAL too slow, could only write 0 of 661 frames
12-09 08:02:04.845 W/art     ( 1593): Long monitor contention event with owner method=void com.android.server.wm.WindowManagerService$H.handleMessage(android.os.Message) from WindowManagerService.java:7820 waiters=0 for 123ms
12-09 08:02:04.847 D/gralloc_ranchu( 1219): gralloc_alloc: Creating ashmem region of size 3686400
12-09 08:02:04.864 W/audio_hw_generic( 1310): Not supplying enough data to HAL, expected position 17682453 , only wrote 17682411
12-09 08:02:04.880 W/audio_hw_generic( 1310): Hardware backing HAL too slow, could only write 0 of 661 frames
12-09 08:02:04.899 W/audio_hw_generic( 1310): Hardware backing HAL too slow, could only write 0 of 661 frames
12-09 08:02:04.961 W/audio_hw_generic( 1310): Hardware backing HAL too slow, could only write 0 of 661 frames
12-09 08:02:04.961 W/audio_hw_generic( 1310): Not supplying enough data to HAL, expected position 17686677 , only wrote 17685716
12-09 08:02:04.961 W/audio_hw_generic( 1310): Not supplying enough data to HAL, expected position 17685721 , only wrote 17685716
12-09 08:02:04.977 W/audio_hw_generic( 1310): Not supplying enough data to HAL, expected position 17686399 , only wrote 17686377
12-09 08:02:04.989 I/System.out(10651): URI: //map
12-09 08:02:04.989 I/System.out(10651): params: {json={"query":"android.widget.Button index:1","operation":{"method_name":"query","arguments":[]}}
12-09 08:02:04.989 I/System.out(10651): }
12-09 08:02:05.000 W/audio_hw_generic( 1310): Hardware backing HAL too slow, could only write 0 of 661 frames
12-09 08:02:05.015 W/audio_hw_generic( 1310): Hardware backing HAL too slow, could only write 0 of 661 frames
12-09 08:02:05.030 W/audio_hw_generic( 1310): Hardware backing HAL too slow, could only write 0 of 661 frames
12-09 08:02:05.064 W/audio_hw_generic( 1310): Hardware backing HAL too slow, could only write 0 of 661 frames
12-09 08:02:05.073 I/ActivityManager( 1593): Displayed com.evancharlton.mileage/.FillupInfoActivity: +1s687ms
12-09 08:02:05.093 W/audio_hw_generic( 1310): Not supplying enough data to HAL, expected position 17691493 , only wrote 17691004
12-09 08:02:05.162 W/audio_hw_generic( 1310): Not supplying enough data to HAL, expected position 17694037 , only wrote 17692326
12-09 08:02:05.220 W/art     ( 1904): Suspending all threads took: 57.150ms
12-09 08:02:05.228 W/audio_hw_generic( 1310): Hardware backing HAL too slow, could only write 0 of 661 frames
12-09 08:02:05.289 I/art     (10651): Background sticky concurrent mark sweep GC freed 23186(975KB) AllocSpace objects, 0(0B) LOS objects, 14% free, 3MB/4MB, paused 13.418ms total 67.012ms
12-09 08:02:05.344 I/System.out(10651): URI: //gesture
12-09 08:02:05.344 I/System.out(10651): params: {json={"query_timeout":5.0,"gestures":[{"query_string":"android.widget.Button index:1","touches":[{"x":50,"y":50,"offset_x":0,"offset_y":0,"wait":0.0,"time":0.2,"release":true,"query_string":null}]}]}
12-09 08:02:05.344 I/System.out(10651): }
12-09 08:02:05.392 W/art     (10651): Suspending all threads took: 19.104ms
12-09 08:02:05.402 I/art     (10651): Background sticky concurrent mark sweep GC freed 22341(1073KB) AllocSpace objects, 2(40KB) LOS objects, 23% free, 3MB/4MB, paused 20.217ms total 52.207ms
12-09 08:02:05.507 W/audio_hw_generic( 1310): Not supplying enough data to HAL, expected position 17707579 , only wrote 17707529
12-09 08:02:05.548 D/gralloc_ranchu( 1219): gralloc_alloc: Creating ashmem region of size 3686400
12-09 08:02:05.628 W/audio_hw_generic( 1310): Hardware backing HAL too slow, could only write 0 of 661 frames
12-09 08:02:05.632 W/audio_hw_generic( 1310): Hardware backing HAL too slow, could only write 0 of 661 frames
12-09 08:02:05.660 W/audio_hw_generic( 1310): Not supplying enough data to HAL, expected position 17714241 , only wrote 17714139
12-09 08:02:05.660 W/audio_hw_generic( 1310): Hardware backing HAL too slow, could only write 0 of 661 frames
12-09 08:02:05.660 W/audio_hw_generic( 1310): Hardware backing HAL too slow, could only write 0 of 661 frames
12-09 08:02:05.692 W/audio_hw_generic( 1310): Not supplying enough data to HAL, expected position 17715548 , only wrote 17715461
12-09 08:02:05.692 W/audio_hw_generic( 1310): Hardware backing HAL too slow, could only write 0 of 661 frames
12-09 08:02:05.692 W/audio_hw_generic( 1310): Hardware backing HAL too slow, could only write 0 of 661 frames
12-09 08:02:05.753 W/audio_hw_generic( 1310): Hardware backing HAL too slow, could only write 0 of 661 frames
12-09 08:02:05.753 W/audio_hw_generic( 1310): Not supplying enough data to HAL, expected position 17718187 , only wrote 17718105
12-09 08:02:05.754 W/audio_hw_generic( 1310): Not supplying enough data to HAL, expected position 17718119 , only wrote 17718105
12-09 08:02:05.754 W/audio_hw_generic( 1310): Hardware backing HAL too slow, could only write 0 of 661 frames
12-09 08:02:05.831 W/audio_hw_generic( 1310): Not supplying enough data to HAL, expected position 17721535 , only wrote 17721410
12-09 08:02:05.832 W/audio_hw_generic( 1310): Not supplying enough data to HAL, expected position 17721416 , only wrote 17721410
12-09 08:02:05.832 W/audio_hw_generic( 1310): Hardware backing HAL too slow, could only write 0 of 661 frames
12-09 08:02:05.847 W/audio_hw_generic( 1310): Not supplying enough data to HAL, expected position 17722084 , only wrote 17722071
12-09 08:02:05.876 W/audio_hw_generic( 1310): Not supplying enough data to HAL, expected position 17723374 , only wrote 17722732
12-09 08:02:05.877 W/audio_hw_generic( 1310): Not supplying enough data to HAL, expected position 17722738 , only wrote 17722732
12-09 08:02:05.911 W/audio_hw_generic( 1310): Hardware backing HAL too slow, could only write 0 of 661 frames
12-09 08:02:05.925 I/ActivityManager( 1593): START u0 {cmp=com.evancharlton.mileage/.FillupInfoActivity (has extras)} from uid 10127 on display 0
12-09 08:02:05.926 W/audio_hw_generic( 1310): Hardware backing HAL too slow, could only write 0 of 661 frames
12-09 08:02:05.952 W/audio_hw_generic( 1310): Hardware backing HAL too slow, could only write 0 of 661 frames
12-09 08:02:05.976 W/audio_hw_generic( 1310): Hardware backing HAL too slow, could only write 0 of 661 frames
12-09 08:02:05.991 W/audio_hw_generic( 1310): Hardware backing HAL too slow, could only write 0 of 661 frames
12-09 08:02:06.004 W/art     (10651): Suspending all threads took: 5.389ms
12-09 08:02:06.055 I/art     (10651): Background sticky concurrent mark sweep GC freed 23865(1059KB) AllocSpace objects, 0(0B) LOS objects, 14% free, 3MB/4MB, paused 6.541ms total 98.546ms
12-09 08:02:06.104 W/audio_hw_generic( 1310): Not supplying enough data to HAL, expected position 17732744 , only wrote 17732647
12-09 08:02:06.104 W/audio_hw_generic( 1310): Not supplying enough data to HAL, expected position 17732654 , only wrote 17732647
12-09 08:02:06.107 D/AudioFlinger( 1310): mixer(0xf4300000) throttle end: throttle time(11)
12-09 08:02:06.120 W/audio_hw_generic( 1310): Not supplying enough data to HAL, expected position 17733344 , only wrote 17733308
12-09 08:02:06.171 I/calabash(10651): newActivity1
12-09 08:02:06.239 W/audio_hw_generic( 1310): Not supplying enough data to HAL, expected position 17738591 , only wrote 17737274
12-09 08:02:06.259 W/audio_hw_generic( 1310): Not supplying enough data to HAL, expected position 17738153 , only wrote 17737274
12-09 08:02:06.377 W/audio_hw_generic( 1310): Not supplying enough data to HAL, expected position 17742454 , only wrote 17741901
12-09 08:02:06.377 W/audio_hw_generic( 1310): Not supplying enough data to HAL, expected position 17741908 , only wrote 17741901
12-09 08:02:06.506 D/hwcomposer( 1219): hw_composer sent 657 syncs in 60s
12-09 08:02:06.557 V/PhoneStatusBar( 1687): setLightsOn(true)
12-09 08:02:06.678 E/SurfaceFlinger( 1219): ro.sf.lcd_density must be defined as a build property
12-09 08:02:06.735 D/gralloc_ranchu( 1219): gralloc_alloc: Creating ashmem region of size 3686400
12-09 08:02:06.740 W/audio_hw_generic( 1310): Not supplying enough data to HAL, expected position 17757899 , only wrote 17757104
12-09 08:02:06.740 W/audio_hw_generic( 1310): Not supplying enough data to HAL, expected position 17757110 , only wrote 17757104
