12-09 08:29:08.774 D/gralloc_ranchu( 1226): gralloc_alloc: Creating ashmem region of size 3686400
12-09 08:29:08.794 W/audio_hw_generic( 1307): Hardware backing HAL too slow, could only write 0 of 661 frames
12-09 08:29:08.815 W/audio_hw_generic( 1307): Hardware backing HAL too slow, could only write 0 of 661 frames
12-09 08:29:08.850 W/audio_hw_generic( 1307): Hardware backing HAL too slow, could only write 0 of 661 frames
12-09 08:29:08.850 W/audio_hw_generic( 1307): Hardware backing HAL too slow, could only write 0 of 661 frames
12-09 08:29:08.938 W/audio_hw_generic( 1307): Not supplying enough data to HAL, expected position 40938437 , only wrote 40935730
12-09 08:29:08.954 D/        (17097): HostConnection::get() New Host Connection established 0x7ffd55552480, tid 17097
12-09 08:29:08.986 E/EGL_emulation( 1226): tid 1226: eglCreateSyncKHR(1881): error 0x3004 (EGL_BAD_ATTRIBUTE)
12-09 08:29:08.991 W/audio_hw_generic( 1307): Not supplying enough data to HAL, expected position 40938063 , only wrote 40937052
12-09 08:29:09.011 W/audio_hw_generic( 1307): Hardware backing HAL too slow, could only write 0 of 661 frames
12-09 08:29:09.024 W/art     ( 1592): Long monitor contention event with owner method=void com.android.server.wm.WindowAnimator$1.doFrame(long) from WindowAnimator.java:121 waiters=0 for 197ms
12-09 08:29:09.032 W/audio_hw_generic( 1307): Hardware backing HAL too slow, could only write 0 of 661 frames
12-09 08:29:09.041 W/audio_hw_generic( 1307): Hardware backing HAL too slow, could only write 0 of 661 frames
12-09 08:29:09.127 W/audio_hw_generic( 1307): Not supplying enough data to HAL, expected position 40943048 , only wrote 40942340
12-09 08:29:09.127 W/audio_hw_generic( 1307): Not supplying enough data to HAL, expected position 40942347 , only wrote 40942340
12-09 08:29:09.147 W/audio_hw_generic( 1307): Not supplying enough data to HAL, expected position 40943238 , only wrote 40943001
12-09 08:29:09.232 D/gralloc_ranchu( 1226): gralloc_alloc: Creating ashmem region of size 3686400
12-09 08:29:09.389 W/art     ( 1592): Long monitor contention event with owner method=java.util.List com.android.server.am.ActivityManagerService.getAllStackInfos() from ActivityManagerService.java:8937 waiters=0 for 103ms
12-09 08:29:09.400 I/ActivityManager( 1592): Displayed com.evancharlton.mileage/.FillupInfoActivity: +1s175ms
12-09 08:29:09.486 W/audio_hw_generic( 1307): Not supplying enough data to HAL, expected position 40957951 , only wrote 40957543
12-09 08:29:09.487 W/audio_hw_generic( 1307): Not supplying enough data to HAL, expected position 40957550 , only wrote 40957543
12-09 08:29:09.503 W/audio_hw_generic( 1307): Not supplying enough data to HAL, expected position 40958271 , only wrote 40958204
12-09 08:29:09.518 W/audio_hw_generic( 1307): Hardware backing HAL too slow, could only write 0 of 661 frames
12-09 08:29:09.533 W/audio_hw_generic( 1307): Hardware backing HAL too slow, could only write 0 of 661 frames
12-09 08:29:09.554 W/audio_hw_generic( 1307): Hardware backing HAL too slow, could only write 0 of 661 frames
12-09 08:29:09.563 W/audio_hw_generic( 1307): Hardware backing HAL too slow, could only write 0 of 661 frames
12-09 08:29:09.579 W/audio_hw_generic( 1307): Hardware backing HAL too slow, could only write 0 of 661 frames
12-09 08:29:09.674 W/audio_hw_generic( 1307): Not supplying enough data to HAL, expected position 40965759 , only wrote 40965475
12-09 08:29:09.726 W/audio_hw_generic( 1307): Hardware backing HAL too slow, could only write 0 of 661 frames
12-09 08:29:09.734 W/audio_hw_generic( 1307): Hardware backing HAL too slow, could only write 0 of 661 frames
12-09 08:29:09.768 W/audio_hw_generic( 1307): Hardware backing HAL too slow, could only write 0 of 661 frames
12-09 08:29:09.782 W/audio_hw_generic( 1307): Hardware backing HAL too slow, could only write 0 of 661 frames
12-09 08:29:09.795 W/audio_hw_generic( 1307): Hardware backing HAL too slow, could only write 0 of 661 frames
12-09 08:29:09.797 W/art     ( 1592): Long monitor contention event with owner method=void com.android.server.wm.WindowAnimator$1.doFrame(long) from WindowAnimator.java:121 waiters=0 for 157ms
12-09 08:29:09.810 W/audio_hw_generic( 1307): Hardware backing HAL too slow, could only write 0 of 661 frames
12-09 08:29:09.823 W/audio_hw_generic( 1307): Hardware backing HAL too slow, could only write 0 of 661 frames
12-09 08:29:09.842 W/audio_hw_generic( 1307): Hardware backing HAL too slow, could only write 0 of 661 frames
12-09 08:29:09.999 I/System.out(16995): URI: //map
12-09 08:29:09.999 I/System.out(16995): params: {json={"query":"android.widget.Button index:0","operation":{"method_name":"query","arguments":[]}}
12-09 08:29:09.999 I/System.out(16995): }
12-09 08:29:10.009 W/audio_hw_generic( 1307): Not supplying enough data to HAL, expected position 40980237 , only wrote 40980017
12-09 08:29:10.113 D/gralloc_ranchu( 1226): gralloc_alloc: Creating ashmem region of size 3686400
12-09 08:29:10.202 W/audio_hw_generic( 1307): Hardware backing HAL too slow, could only write 0 of 661 frames
12-09 08:29:10.229 W/audio_hw_generic( 1307): Hardware backing HAL too slow, could only write 0 of 661 frames
12-09 08:29:10.244 W/audio_hw_generic( 1307): Hardware backing HAL too slow, could only write 0 of 661 frames
12-09 08:29:10.266 W/audio_hw_generic( 1307): Not supplying enough data to HAL, expected position 40991350 , only wrote 40991254
12-09 08:29:10.318 W/audio_hw_generic( 1307): Not supplying enough data to HAL, expected position 40993536 , only wrote 40991915
12-09 08:29:10.318 W/audio_hw_generic( 1307): Not supplying enough data to HAL, expected position 40991922 , only wrote 40991915
12-09 08:29:10.338 W/audio_hw_generic( 1307): Not supplying enough data to HAL, expected position 40992792 , only wrote 40992576
12-09 08:29:10.401 W/audio_hw_generic( 1307): Not supplying enough data to HAL, expected position 40995359 , only wrote 40995220
12-09 08:29:10.401 W/audio_hw_generic( 1307): Not supplying enough data to HAL, expected position 40995228 , only wrote 40995220
12-09 08:29:10.417 W/audio_hw_generic( 1307): Not supplying enough data to HAL, expected position 40995917 , only wrote 40995881
12-09 08:29:10.466 W/art     (16995): Suspending all threads took: 6.172ms
12-09 08:29:10.523 I/art     (16995): Background sticky concurrent mark sweep GC freed 38866(1636KB) AllocSpace objects, 2(40KB) LOS objects, 17% free, 3MB/4MB, paused 7.348ms total 103.790ms
12-09 08:29:10.590 I/System.out(16995): URI: //gesture
12-09 08:29:10.590 I/System.out(16995): params: {json={"query_timeout":5.0,"gestures":[{"query_string":"android.widget.Button index:0","touches":[{"x":50,"y":50,"offset_x":0,"offset_y":0,"wait":0.0,"time":0.2,"release":true,"query_string":null}]}]}
12-09 08:29:10.590 I/System.out(16995): }
12-09 08:29:10.807 W/audio_hw_generic( 1307): Not supplying enough data to HAL, expected position 41012987 , only wrote 41011745
12-09 08:29:10.808 W/audio_hw_generic( 1307): Not supplying enough data to HAL, expected position 41011861 , only wrote 41011745
12-09 08:29:10.890 W/audio_hw_generic( 1307): Not supplying enough data to HAL, expected position 41015362 , only wrote 41015050
12-09 08:29:10.890 W/audio_hw_generic( 1307): Not supplying enough data to HAL, expected position 41015057 , only wrote 41015050
12-09 08:29:10.904 W/audio_hw_generic( 1307): Hardware backing HAL too slow, could only write 0 of 661 frames
12-09 08:29:10.905 W/audio_hw_generic( 1307): Hardware backing HAL too slow, could only write 0 of 661 frames
12-09 08:29:10.924 W/audio_hw_generic( 1307): Hardware backing HAL too slow, could only write 0 of 661 frames
12-09 08:29:10.942 W/audio_hw_generic( 1307): Hardware backing HAL too slow, could only write 0 of 661 frames
12-09 08:29:10.955 W/audio_hw_generic( 1307): Hardware backing HAL too slow, could only write 0 of 661 frames
12-09 08:29:11.039 W/audio_hw_generic( 1307): Not supplying enough data to HAL, expected position 41021606 , only wrote 41020338
12-09 08:29:11.040 I/ActivityManager( 1592): START u0 {cmp=com.evancharlton.mileage/.FillupInfoActivity (has extras)} from uid 10137 on display 0
12-09 08:29:11.094 W/audio_hw_generic( 1307): Not supplying enough data to HAL, expected position 41022792 , only wrote 41020338
12-09 08:29:11.110 W/audio_hw_generic( 1307): Not supplying enough data to HAL, expected position 41021033 , only wrote 41020999
12-09 08:29:11.158 W/audio_hw_generic( 1307): Hardware backing HAL too slow, could only write 0 of 661 frames
12-09 08:29:11.171 W/audio_hw_generic( 1307): Hardware backing HAL too slow, could only write 0 of 661 frames
12-09 08:29:11.187 W/audio_hw_generic( 1307): Hardware backing HAL too slow, could only write 0 of 661 frames
12-09 08:29:11.200 I/art     (16995): Background sticky concurrent mark sweep GC freed 29631(1430KB) AllocSpace objects, 1(20KB) LOS objects, 27% free, 3MB/4MB, paused 10.394ms total 137.222ms
12-09 08:29:11.256 I/calabash(16995): newActivity1
12-09 08:29:11.373 W/audio_hw_generic( 1307): Not supplying enough data to HAL, expected position 41032587 , only wrote 41032236
12-09 08:29:11.434 W/audio_hw_generic( 1307): Hardware backing HAL too slow, could only write 0 of 661 frames
12-09 08:29:11.470 W/audio_hw_generic( 1307): Hardware backing HAL too slow, could only write 0 of 661 frames
12-09 08:29:11.489 W/audio_hw_generic( 1307): Hardware backing HAL too slow, could only write 0 of 661 frames
12-09 08:29:11.498 W/audio_hw_generic( 1307): Hardware backing HAL too slow, could only write 0 of 661 frames
12-09 08:29:11.553 W/audio_hw_generic( 1307): Not supplying enough data to HAL, expected position 41040187 , only wrote 41040168
12-09 08:29:11.585 V/PhoneStatusBar( 1705): setLightsOn(true)
12-09 08:29:11.622 W/audio_hw_generic( 1307): Hardware backing HAL too slow, could only write 0 of 661 frames
12-09 08:29:11.663 W/audio_hw_generic( 1307): Hardware backing HAL too slow, could only write 0 of 661 frames
12-09 08:29:11.672 D/gralloc_ranchu( 1226): gralloc_alloc: Creating ashmem region of size 3686400
12-09 08:29:11.676 W/audio_hw_generic( 1307): Hardware backing HAL too slow, could only write 0 of 661 frames
12-09 08:29:11.710 W/audio_hw_generic( 1307): Hardware backing HAL too slow, could only write 0 of 661 frames
12-09 08:29:11.734 W/audio_hw_generic( 1307): Hardware backing HAL too slow, could only write 0 of 661 frames
12-09 08:29:11.741 W/audio_hw_generic( 1307): Hardware backing HAL too slow, could only write 0 of 661 frames
12-09 08:29:11.847 E/SurfaceFlinger( 1226): ro.sf.lcd_density must be defined as a build property
12-09 08:29:11.878 D/gralloc_ranchu( 1226): gralloc_alloc: Creating ashmem region of size 3686400
12-09 08:29:11.887 D/        (17104): HostConnection::get() New Host Connection established 0x7fbf7ff12480, tid 17104
12-09 08:29:11.909 E/EGL_emulation( 1226): tid 1226: eglCreateSyncKHR(1881): error 0x3004 (EGL_BAD_ATTRIBUTE)
12-09 08:29:11.993 W/art     ( 1592): Long monitor contention event with owner method=void com.android.server.wm.WindowAnimator$1.doFrame(long) from WindowAnimator.java:121 waiters=0 for 146ms
12-09 08:29:12.023 W/audio_hw_generic( 1307): Hardware backing HAL too slow, could only write 0 of 661 frames
12-09 08:29:12.023 W/audio_hw_generic( 1307): Not supplying enough data to HAL, expected position 41060876 , only wrote 41060659
12-09 08:29:12.023 W/audio_hw_generic( 1307): Not supplying enough data to HAL, expected position 41060665 , only wrote 41060659
12-09 08:29:12.025 I/ActivityManager( 1592): Displayed com.evancharlton.mileage/.FillupInfoActivity: +786ms
12-09 08:29:12.043 D/gralloc_ranchu( 1226): gralloc_alloc: Creating ashmem region of size 3686400
12-09 08:29:12.412 W/audio_hw_generic( 1307): Hardware backing HAL too slow, could only write 0 of 661 frames
12-09 08:29:12.469 W/audio_hw_generic( 1307): Not supplying enough data to HAL, expected position 41080102 , only wrote 41079828
12-09 08:29:12.470 W/audio_hw_generic( 1307): Not supplying enough data to HAL, expected position 41080085 , only wrote 41079828
12-09 08:29:12.490 W/audio_hw_generic( 1307): Not supplying enough data to HAL, expected position 41080715 , only wrote 41080489
12-09 08:29:12.516 W/audio_hw_generic( 1307): Hardware backing HAL too slow, could only write 0 of 661 frames
12-09 08:29:12.531 W/audio_hw_generic( 1307): Hardware backing HAL too slow, could only write 0 of 661 frames
12-09 08:29:12.552 W/art     ( 1592): Long monitor contention event with owner method=void com.android.server.wm.WindowAnimator$1.doFrame(long) from WindowAnimator.java:121 waiters=0 for 150ms
12-09 08:29:12.554 W/audio_hw_generic( 1307): Hardware backing HAL too slow, could only write 0 of 661 frames
12-09 08:29:12.561 W/audio_hw_generic( 1307): Hardware backing HAL too slow, could only write 0 of 661 frames
12-09 08:29:12.618 W/audio_hw_generic( 1307): Not supplying enough data to HAL, expected position 41086155 , only wrote 41085777
12-09 08:29:12.623 W/audio_hw_generic( 1307): Not supplying enough data to HAL, expected position 41085996 , only wrote 41085777
12-09 08:29:12.644 W/audio_hw_generic( 1307): Not supplying enough data to HAL, expected position 41086680 , only wrote 41086438
12-09 08:29:12.814 W/art     ( 1592): Long monitor contention event with owner method=void com.android.server.wm.WindowAnimator$1.doFrame(long) from WindowAnimator.java:121 waiters=0 for 141ms
12-09 08:29:12.827 W/audio_hw_generic( 1307): Not supplying enough data to HAL, expected position 41094506 , only wrote 41094370
12-09 08:29:12.827 W/audio_hw_generic( 1307): Hardware backing HAL too slow, could only write 0 of 661 frames
12-09 08:29:13.003 W/audio_hw_generic( 1307): Not supplying enough data to HAL, expected position 41102133 , only wrote 41101641
12-09 08:29:13.038 W/audio_hw_generic( 1307): Hardware backing HAL too slow, could only write 0 of 661 frames
12-09 08:29:13.140 D/gralloc_ranchu( 1226): gralloc_alloc: Creating ashmem region of size 3686400
12-09 08:29:13.679 D/AndroidRuntime(17108): >>>>>> START com.android.internal.os.RuntimeInit uid 0 <<<<<<
12-09 08:29:13.681 D/AndroidRuntime(17108): CheckJNI is ON
12-09 08:29:13.696 D/ICU     (17108): No timezone override file found: /data/misc/zoneinfo/current/icu/icu_tzdata.dat
12-09 08:29:13.987 E/memtrack(17108): Couldn't load memtrack module (No such file or directory)
12-09 08:29:13.987 E/android.os.Debug(17108): failed to load memtrack module: -2
12-09 08:29:13.988 I/Radio-JNI(17108): register_android_hardware_Radio DONE
12-09 08:29:14.002 D/AndroidRuntime(17108): Calling main entry com.android.commands.input.Input
12-09 08:29:14.003 I/Input   (17108): injectKeyEvent: KeyEvent { action=ACTION_DOWN, keyCode=KEYCODE_BACK, scanCode=0, metaState=0, flags=0x0, repeatCount=0, eventTime=5565041, downTime=5565041, deviceId=-1, source=0x101 }
12-09 08:29:14.030 W/audio_hw_generic( 1307): Not supplying enough data to HAL, expected position 41146970 , only wrote 41146589
12-09 08:29:14.031 W/audio_hw_generic( 1307): Not supplying enough data to HAL, expected position 41146596 , only wrote 41146589
12-09 08:29:14.048 W/audio_hw_generic( 1307): Not supplying enough data to HAL, expected position 41147351 , only wrote 41147250
12-09 08:29:14.082 W/audio_hw_generic( 1307): Not supplying enough data to HAL, expected position 41148771 , only wrote 41148572
12-09 08:29:14.206 W/audio_hw_generic( 1307): Not supplying enough data to HAL, expected position 41158637 , only wrote 41153860
12-09 08:29:14.227 I/Input   (17108): injectKeyEvent: KeyEvent { action=ACTION_UP, keyCode=KEYCODE_BACK, scanCode=0, metaState=0, flags=0x0, repeatCount=0, eventTime=5565041, downTime=5565041, deviceId=-1, source=0x101 }
12-09 08:29:14.235 D/AndroidRuntime(17108): Shutting down VM
12-09 08:29:14.463 W/ActivityManager( 1592): Bad activity token: android.os.BinderProxy@2a86230
12-09 08:29:14.463 W/ActivityManager( 1592): java.lang.ClassCastException: android.os.BinderProxy cannot be cast to com.android.server.am.ActivityRecord$Token
12-09 08:29:14.463 W/ActivityManager( 1592): 	at com.android.server.am.ActivityRecord.forTokenLocked(ActivityRecord.java:424)
12-09 08:29:14.463 W/ActivityManager( 1592): 	at com.android.server.am.ActivityRecord.isInStackLocked(ActivityRecord.java:1121)
12-09 08:29:14.463 W/ActivityManager( 1592): 	at com.android.server.am.ActivityManagerService.getActivityOptions(ActivityManagerService.java:11038)
12-09 08:29:14.463 W/ActivityManager( 1592): 	at android.app.ActivityManagerNative.onTransact(ActivityManagerNative.java:1734)
12-09 08:29:14.463 W/ActivityManager( 1592): 	at com.android.server.am.ActivityManagerService.onTransact(ActivityManagerService.java:2443)
12-09 08:29:14.463 W/ActivityManager( 1592): 	at android.os.Binder.execTransact(Binder.java:453)
12-09 08:29:14.491 V/PhoneStatusBar( 1705): setLightsOn(true)
12-09 08:29:14.508 I/System.out(16995): URI: //gesture
12-09 08:29:14.508 I/System.out(16995): params: {json={"query_timeout":5.0,"gestures":[{"query_string":"android.widget.TabWidget descendant TextView index:2","touches":[{"x":50,"y":50,"offset_x":0,"offset_y":0,"wait":0.0,"time":0.2,"release":true,"query_string":null}]}]}
12-09 08:29:14.508 I/System.out(16995): }
12-09 08:29:14.511 D/gralloc_ranchu( 1226): gralloc_alloc: Creating ashmem region of size 3686400
12-09 08:29:14.898 D/gralloc_ranchu( 1226): gralloc_alloc: Creating ashmem region of size 3686400
12-09 08:29:15.157 I/art     (16995): Background sticky concurrent mark sweep GC freed 20291(858KB) AllocSpace objects, 1(20KB) LOS objects, 22% free, 3MB/4MB, paused 22.798ms total 65.401ms
12-09 08:29:15.938 D/gralloc_ranchu( 1226): gralloc_alloc: Creating ashmem region of size 3686400
12-09 08:29:16.228 I/calabash(16995): newActivity1
12-09 08:29:16.261 W/ActivityManager( 1592): Bad activity token: android.os.BinderProxy@43fd5b5
12-09 08:29:16.261 W/ActivityManager( 1592): java.lang.ClassCastException: android.os.BinderProxy cannot be cast to com.android.server.am.ActivityRecord$Token
12-09 08:29:16.261 W/ActivityManager( 1592): 	at com.android.server.am.ActivityRecord.forTokenLocked(ActivityRecord.java:424)
12-09 08:29:16.261 W/ActivityManager( 1592): 	at com.android.server.am.ActivityRecord.isInStackLocked(ActivityRecord.java:1121)
12-09 08:29:16.261 W/ActivityManager( 1592): 	at com.android.server.am.ActivityRecord.getStackLocked(ActivityRecord.java:1126)
12-09 08:29:16.261 W/ActivityManager( 1592): 	at com.android.server.am.ActivityManagerService.getActivityDisplayId(ActivityManagerService.java:8889)
12-09 08:29:16.261 W/ActivityManager( 1592): 	at android.app.ActivityManagerNative.onTransact(ActivityManagerNative.java:2338)
12-09 08:29:16.261 W/ActivityManager( 1592): 	at com.android.server.am.ActivityManagerService.onTransact(ActivityManagerService.java:2443)
12-09 08:29:16.261 W/ActivityManager( 1592): 	at android.os.Binder.execTransact(Binder.java:453)
12-09 08:29:16.287 I/art     (16995): Background sticky concurrent mark sweep GC freed 30805(1450KB) AllocSpace objects, 1(20KB) LOS objects, 21% free, 3MB/4MB, paused 2.273ms total 124.330ms
12-09 08:29:16.288 W/ActivityManager( 1592): Bad activity token: android.os.BinderProxy@43fd5b5
12-09 08:29:16.288 W/ActivityManager( 1592): java.lang.ClassCastException: android.os.BinderProxy cannot be cast to com.android.server.am.ActivityRecord$Token
12-09 08:29:16.288 W/ActivityManager( 1592): 	at com.android.server.am.ActivityRecord.forTokenLocked(ActivityRecord.java:424)
12-09 08:29:16.288 W/ActivityManager( 1592): 	at com.android.server.am.ActivityRecord.isInStackLocked(ActivityRecord.java:1121)
12-09 08:29:16.288 W/ActivityManager( 1592): 	at com.android.server.am.ActivityManagerService.setTaskDescription(ActivityManagerService.java:8547)
12-09 08:29:16.288 W/ActivityManager( 1592): 	at android.app.ActivityManagerNative.onTransact(ActivityManagerNative.java:2410)
12-09 08:29:16.288 W/ActivityManager( 1592): 	at com.android.server.am.ActivityManagerService.onTransact(ActivityManagerService.java:2443)
12-09 08:29:16.288 W/ActivityManager( 1592): 	at android.os.Binder.execTransact(Binder.java:453)
12-09 08:29:16.338 W/audio_hw_generic( 1307): Hardware backing HAL too slow, could only write 0 of 661 frames
12-09 08:29:16.343 D/VehicleStatisticsActivity(16995): Checking recalculation ...
12-09 08:29:16.345 D/VehicleStatisticsActivity(16995): Recalculating statistics
12-09 08:29:16.345 D/VehicleStatisticsTask(16995): Calculation starting...
12-09 08:29:16.345 D/VehicleStatisticsActivity(16995): Recalculation started!
12-09 08:29:16.374 W/audio_hw_generic( 1307): Hardware backing HAL too slow, could only write 0 of 661 frames
12-09 08:29:16.376 D/CalculateTask(16995): Recalculating...
12-09 08:29:16.390 W/audio_hw_generic( 1307): Hardware backing HAL too slow, could only write 0 of 661 frames
12-09 08:29:16.393 W/ActivityManager( 1592): Bad activity token: android.os.BinderProxy@43fd5b5
12-09 08:29:16.393 W/ActivityManager( 1592): java.lang.ClassCastException: android.os.BinderProxy cannot be cast to com.android.server.am.ActivityRecord$Token
12-09 08:29:16.393 W/ActivityManager( 1592): 	at com.android.server.am.ActivityRecord.forTokenLocked(ActivityRecord.java:424)
12-09 08:29:16.393 W/ActivityManager( 1592): 	at com.android.server.am.ActivityRecord.isInStackLocked(ActivityRecord.java:1121)
12-09 08:29:16.393 W/ActivityManager( 1592): 	at com.android.server.am.ActivityManagerService.getActivityOptions(ActivityManagerService.java:11038)
12-09 08:29:16.393 W/ActivityManager( 1592): 	at android.app.ActivityManagerNative.onTransact(ActivityManagerNative.java:1734)
12-09 08:29:16.393 W/ActivityManager( 1592): 	at com.android.server.am.ActivityManagerService.onTransact(ActivityManagerService.java:2443)
12-09 08:29:16.393 W/ActivityManager( 1592): 	at android.os.Binder.execTransact(Binder.java:453)
12-09 08:29:16.393 W/ActivityManager( 1592): Bad activity token: android.os.BinderProxy@43fd5b5
12-09 08:29:16.393 W/ActivityManager( 1592): java.lang.ClassCastException: android.os.BinderProxy cannot be cast to com.android.server.am.ActivityRecord$Token
12-09 08:29:16.393 W/ActivityManager( 1592): 	at com.android.server.am.ActivityRecord.forTokenLocked(ActivityRecord.java:424)
12-09 08:29:16.393 W/ActivityManager( 1592): 	at com.android.server.am.ActivityRecord.isInStackLocked(ActivityRecord.java:1121)
12-09 08:29:16.393 W/ActivityManager( 1592): 	at com.android.server.am.ActivityManagerService.getActivityOptions(ActivityManagerService.java:11038)
12-09 08:29:16.393 W/ActivityManager( 1592): 	at android.app.ActivityManagerNative.onTransact(ActivityManagerNative.java:1734)
12-09 08:29:16.393 W/ActivityManager( 1592): 	at com.android.server.am.ActivityManagerService.onTransact(ActivityManagerService.java:2443)
12-09 08:29:16.393 W/ActivityManager( 1592): 	at android.os.Binder.execTransact(Binder.java:453)
12-09 08:29:16.403 W/audio_hw_generic( 1307): Hardware backing HAL too slow, could only write 0 of 661 frames
12-09 08:29:16.407 D/VehicleStatisticsActivity(16995): Checking recalculation ...
12-09 08:29:16.408 D/VehicleStatisticsActivity(16995): Recalculating statistics
12-09 08:29:16.408 D/VehicleStatisticsTask(16995): Calculation starting...
12-09 08:29:16.408 D/VehicleStatisticsActivity(16995): Recalculation started!
12-09 08:29:16.443 D/CalculateTask(16995): Recalculating...
12-09 08:29:16.693 D/VehicleStatisticsTask(16995): Done recalculating!
12-09 08:29:16.702 D/VehicleStatisticsAdapter(16995): Erasing the cache ...
12-09 08:29:16.716 D/VehicleStatisticsTask(16995): Done recalculating!
12-09 08:29:16.732 D/VehicleStatisticsAdapter(16995): Building new values ...
12-09 08:29:16.732 D/VehicleStatisticsAdapter(16995): Writing 29 records to the database ...
12-09 08:29:16.740 D/Mileage.ABS(16995): Finished backup
12-09 08:29:16.741 D/Mileage.ABS(16995): Not backing up; 70
12-09 08:29:16.745 D/VehicleStatisticsAdapter(16995): Erasing the cache ...
12-09 08:29:16.786 E/SurfaceFlinger( 1226): ro.sf.lcd_density must be defined as a build property
12-09 08:29:16.787 D/gralloc_ranchu( 1226): gralloc_alloc: Creating ashmem region of size 3686400
12-09 08:29:16.833 D/        (17119): HostConnection::get() New Host Connection established 0x7f6d5f9d2480, tid 17119
12-09 08:29:16.854 D/VehicleStatisticsAdapter(16995): Building new values ...
12-09 08:29:16.855 D/VehicleStatisticsAdapter(16995): Writing 29 records to the database ...
12-09 08:29:16.868 E/EGL_emulation( 1226): tid 1226: eglCreateSyncKHR(1881): error 0x3004 (EGL_BAD_ATTRIBUTE)
12-09 08:29:16.899 D/Mileage.ABS(16995): Not backing up; 228
12-09 08:29:16.943 W/audio_hw_generic( 1307): Not supplying enough data to HAL, expected position 41182461 , only wrote 41182283
12-09 08:29:16.943 W/audio_hw_generic( 1307): Not supplying enough data to HAL, expected position 41182290 , only wrote 41182283
12-09 08:29:16.961 W/audio_hw_generic( 1307): Not supplying enough data to HAL, expected position 41183032 , only wrote 41182944
12-09 08:29:16.966 D/Mileage.ABS(16995): Not backing up; 295
12-09 08:29:16.967 D/Mileage.ABS(16995): Not backing up; 296
12-09 08:29:16.968 D/Mileage.ABS(16995): Not backing up; 297
12-09 08:29:17.076 D/Mileage.ABS(16995): Not backing up; 405
12-09 08:29:17.077 D/Mileage.ABS(16995): Not backing up; 406
12-09 08:29:17.118 D/Mileage.ABS(16995): Not backing up; 406
12-09 08:29:17.119 D/Mileage.ABS(16995): Not backing up; 448
12-09 08:29:17.200 D/Mileage.ABS(16995): Not backing up; 529
12-09 08:29:17.219 D/Mileage.ABS(16995): Not backing up; 548
12-09 08:29:17.231 D/Mileage.ABS(16995): Not backing up; 560
12-09 08:29:17.257 W/audio_hw_generic( 1307): Hardware backing HAL too slow, could only write 0 of 661 frames
12-09 08:29:17.268 D/Mileage.ABS(16995): Not backing up; 597
12-09 08:29:17.320 D/Mileage.ABS(16995): Not backing up; 649
12-09 08:29:17.438 D/Mileage.ABS(16995): Not backing up; 767
12-09 08:29:17.439 D/Mileage.ABS(16995): Not backing up; 768
12-09 08:29:17.439 D/Mileage.ABS(16995): Not backing up; 768
12-09 08:29:17.586 W/audio_hw_generic( 1307): Hardware backing HAL too slow, could only write 0 of 661 frames
12-09 08:29:17.592 D/Mileage.ABS(16995): Not backing up; 921
12-09 08:29:17.593 D/Mileage.ABS(16995): Not backing up; 922
12-09 08:29:17.593 D/Mileage.ABS(16995): Not backing up; 922
12-09 08:29:17.593 D/Mileage.ABS(16995): Not backing up; 922
12-09 08:29:17.608 W/audio_hw_generic( 1307): Not supplying enough data to HAL, expected position 41211500 , only wrote 41211367
12-09 08:29:17.783 I/System.out(16995): URI: //map
12-09 08:29:17.783 I/System.out(16995): params: {json={"query":"* {text CONTAINS[c] 'Average fuel economy'}","operation":{"method_name":"query","arguments":[]}}
12-09 08:29:17.783 I/System.out(16995): }
12-09 08:29:17.810 D/Mileage.ABS(16995): Finished backup
12-09 08:29:17.811 D/Mileage.ABS(16995): Not backing up; 39
12-09 08:29:17.883 D/Mileage.ABS(16995): Not backing up; 111
12-09 08:29:17.884 D/Mileage.ABS(16995): Not backing up; 112
12-09 08:29:17.885 D/Mileage.ABS(16995): Not backing up; 113
12-09 08:29:17.916 W/audio_hw_generic( 1307): Hardware backing HAL too slow, could only write 0 of 661 frames
12-09 08:29:17.946 I/art     (16995): Background sticky concurrent mark sweep GC freed 12811(555KB) AllocSpace objects, 1(20KB) LOS objects, 12% free, 3MB/4MB, paused 1.314ms total 143.013ms
12-09 08:29:18.052 D/Mileage.ABS(16995): Not backing up; 280
12-09 08:29:18.052 D/Mileage.ABS(16995): Not backing up; 280
12-09 08:29:18.093 W/audio_hw_generic( 1307): Not supplying enough data to HAL, expected position 41232741 , only wrote 41232519
12-09 08:29:18.093 W/audio_hw_generic( 1307): Not supplying enough data to HAL, expected position 41232526 , only wrote 41232519
12-09 08:29:18.113 W/audio_hw_generic( 1307): Not supplying enough data to HAL, expected position 41233412 , only wrote 41233180
12-09 08:29:18.198 D/Mileage.ABS(16995): Not backing up; 426
12-09 08:29:18.213 D/Mileage.ABS(16995): Not backing up; 441
12-09 08:29:18.269 D/Mileage.ABS(16995): Not backing up; 497
12-09 08:29:18.320 D/Mileage.ABS(16995): Not backing up; 548
12-09 08:29:18.338 D/Mileage.ABS(16995): Not backing up; 566
12-09 08:29:18.338 D/Mileage.ABS(16995): Not backing up; 566
12-09 08:29:18.339 D/Mileage.ABS(16995): Not backing up; 567
12-09 08:29:18.339 D/Mileage.ABS(16995): Not backing up; 567
12-09 08:29:18.339 D/Mileage.ABS(16995): Not backing up; 567
12-09 08:29:18.339 D/Mileage.ABS(16995): Not backing up; 567
12-09 08:29:18.542 W/audio_hw_generic( 1307): Not supplying enough data to HAL, expected position 41252096 , only wrote 41247061
12-09 08:29:18.542 W/audio_hw_generic( 1307): Not supplying enough data to HAL, expected position 41247068 , only wrote 41247061
12-09 08:29:18.558 W/audio_hw_generic( 1307): Not supplying enough data to HAL, expected position 41247764 , only wrote 41247722
12-09 08:29:18.560 D/Mileage.ABS(16995): Not backing up; 788
12-09 08:29:18.560 D/Mileage.ABS(16995): Not backing up; 788
12-09 08:29:18.582 D/Mileage.ABS(16995): Not backing up; 810
12-09 08:29:18.583 D/Mileage.ABS(16995): Not backing up; 811
12-09 08:29:18.606 W/audio_hw_generic( 1307): Hardware backing HAL too slow, could only write 0 of 661 frames
12-09 08:29:18.619 W/audio_hw_generic( 1307): Hardware backing HAL too slow, could only write 0 of 661 frames
12-09 08:29:18.806 I/System.out(16995): URI: //gesture
12-09 08:29:18.806 I/System.out(16995): params: {json={"query_timeout":5.0,"gestures":[{"query_string":"* {text CONTAINS[c] 'Average fuel economy'}","touches":[{"x":50,"y":50,"offset_x":0,"offset_y":0,"wait":0.0,"time":0.2,"release":true,"query_string":null}]}]}
12-09 08:29:18.806 I/System.out(16995): }
12-09 08:29:18.958 I/art     (16995): Background partial concurrent mark sweep GC freed 41550(2MB) AllocSpace objects, 6(120KB) LOS objects, 40% free, 4MB/6MB, paused 12.013ms total 604.019ms
12-09 08:29:18.984 D/VehicleStatisticsAdapter(16995): Caching of 29 records complete! (2.129 seconds)
12-09 08:29:18.985 D/VehicleStatisticsAdapter(16995): Caching of 29 records complete! (2.253 seconds)
12-09 08:29:18.991 D/Mileage.ABS(16995): Finished backup
12-09 08:29:18.992 D/Mileage.ABS(16995): Not backing up; 140
12-09 08:29:18.993 D/Mileage.ABS(16995): Not backing up; 141
12-09 08:29:18.993 D/Mileage.ABS(16995): Not backing up; 141
12-09 08:29:18.993 D/Mileage.ABS(16995): Not backing up; 141
12-09 08:29:19.018 D/Mileage.ABS(16995): Not backing up; 141
12-09 08:29:19.022 D/Mileage.ABS(16995): Not backing up; 170
12-09 08:29:19.023 D/Mileage.ABS(16995): Not backing up; 171
12-09 08:29:19.023 D/Mileage.ABS(16995): Not backing up; 171
12-09 08:29:19.023 D/Mileage.ABS(16995): Not backing up; 171
12-09 08:29:19.024 D/Mileage.ABS(16995): Not backing up; 172
12-09 08:29:19.024 D/Mileage.ABS(16995): Not backing up; 172
12-09 08:29:19.024 D/Mileage.ABS(16995): Not backing up; 172
12-09 08:29:19.024 D/Mileage.ABS(16995): Not backing up; 172
12-09 08:29:19.025 D/Mileage.ABS(16995): Not backing up; 173
12-09 08:29:19.025 D/Mileage.ABS(16995): Not backing up; 173
12-09 08:29:19.025 D/Mileage.ABS(16995): Not backing up; 173
12-09 08:29:19.025 D/Mileage.ABS(16995): Not backing up; 173
12-09 08:29:19.041 D/Mileage.ABS(16995): Not backing up; 173
12-09 08:29:19.086 W/audio_hw_generic( 1307): Hardware backing HAL too slow, could only write 0 of 661 frames
12-09 08:29:19.099 W/audio_hw_generic( 1307): Hardware backing HAL too slow, could only write 0 of 661 frames
12-09 08:29:19.126 W/audio_hw_generic( 1307): Hardware backing HAL too slow, could only write 0 of 661 frames
12-09 08:29:19.134 W/audio_hw_generic( 1307): Hardware backing HAL too slow, could only write 0 of 661 frames
12-09 08:29:19.161 W/audio_hw_generic( 1307): Hardware backing HAL too slow, could only write 0 of 661 frames
12-09 08:29:19.177 W/audio_hw_generic( 1307): Hardware backing HAL too slow, could only write 0 of 661 frames
12-09 08:29:19.329 W/audio_hw_generic( 1307): Not supplying enough data to HAL, expected position 41281711 , only wrote 41279450
12-09 08:29:19.329 W/audio_hw_generic( 1307): Not supplying enough data to HAL, expected position 41279457 , only wrote 41279450
12-09 08:29:19.345 W/audio_hw_generic( 1307): Not supplying enough data to HAL, expected position 41280154 , only wrote 41280111
12-09 08:29:19.345 W/audio_hw_generic( 1307): Hardware backing HAL too slow, could only write 0 of 661 frames
12-09 08:29:19.345 W/audio_hw_generic( 1307): Hardware backing HAL too slow, could only write 0 of 661 frames
12-09 08:29:19.360 W/audio_hw_generic( 1307): Hardware backing HAL too slow, could only write 0 of 661 frames
12-09 08:29:19.378 W/audio_hw_generic( 1307): Hardware backing HAL too slow, could only write 0 of 661 frames
12-09 08:29:19.394 W/audio_hw_generic( 1307): Hardware backing HAL too slow, could only write 0 of 661 frames
12-09 08:29:19.426 W/audio_hw_generic( 1307): Not supplying enough data to HAL, expected position 41283702 , only wrote 41283416
12-09 08:29:19.487 I/ActivityManager( 1592): START u0 {cmp=com.evancharlton.mileage/.charts.AverageFuelEconomyChart (has extras)} from uid 10137 on display 0
12-09 08:29:19.563 D/AudioFlinger( 1307): mixer(0xf4300000) throttle end: throttle time(11)
12-09 08:29:19.574 W/audio_hw_generic( 1307): Hardware backing HAL too slow, could only write 0 of 661 frames
12-09 08:29:19.593 W/audio_hw_generic( 1307): Hardware backing HAL too slow, could only write 0 of 661 frames
12-09 08:29:19.610 W/audio_hw_generic( 1307): Hardware backing HAL too slow, could only write 0 of 661 frames
12-09 08:29:19.620 W/audio_hw_generic( 1307): Hardware backing HAL too slow, could only write 0 of 661 frames
12-09 08:29:19.722 W/audio_hw_generic( 1307): Hardware backing HAL too slow, could only write 0 of 661 frames
12-09 08:29:19.725 I/calabash(16995): newActivity1
12-09 08:29:19.738 W/audio_hw_generic( 1307): Hardware backing HAL too slow, could only write 0 of 661 frames
12-09 08:29:19.758 W/audio_hw_generic( 1307): Hardware backing HAL too slow, could only write 0 of 661 frames
12-09 08:29:19.766 W/audio_hw_generic( 1307): Hardware backing HAL too slow, could only write 0 of 661 frames
12-09 08:29:19.778 W/audio_hw_generic( 1307): Hardware backing HAL too slow, could only write 0 of 661 frames
12-09 08:29:19.780 W/aiCharts(16995): License file is invalid or missing. 
12-09 08:29:19.780 W/aiCharts(16995): Please place proper license.lic to /assets folder.
12-09 08:29:19.896 V/PhoneStatusBar( 1705): setLightsOn(true)
12-09 08:29:19.911 W/audio_hw_generic( 1307): Not supplying enough data to HAL, expected position 41300309 , only wrote 41297958
12-09 08:29:19.911 W/audio_hw_generic( 1307): Not supplying enough data to HAL, expected position 41297965 , only wrote 41297958
12-09 08:29:19.957 I/art     (16995): WaitForGcToComplete blocked for 32.293ms for cause Background
12-09 08:29:19.966 W/audio_hw_generic( 1307): Not supplying enough data to HAL, expected position 41300248 , only wrote 41299941
12-09 08:29:20.083 I/art     (16995): Background sticky concurrent mark sweep GC freed 50101(2MB) AllocSpace objects, 3(60KB) LOS objects, 44% free, 3MB/6MB, paused 6.814ms total 107.340ms
12-09 08:29:20.126 E/SurfaceFlinger( 1226): ro.sf.lcd_density must be defined as a build property
12-09 08:29:20.150 D/gralloc_ranchu( 1226): gralloc_alloc: Creating ashmem region of size 3686400
12-09 08:29:20.205 D/gralloc_ranchu( 1226): gralloc_alloc: Creating ashmem region of size 3686400
12-09 08:29:20.249 W/audio_hw_generic( 1307): Not supplying enough data to HAL, expected position 41312566 , only wrote 41312500
12-09 08:29:20.258 D/        (17139): HostConnection::get() New Host Connection established 0x7f26d4a92480, tid 17139
12-09 08:29:20.341 E/EGL_emulation( 1226): tid 1226: eglCreateSyncKHR(1881): error 0x3004 (EGL_BAD_ATTRIBUTE)
12-09 08:29:20.400 W/audio_hw_generic( 1307): Not supplying enough data to HAL, expected position 41319157 , only wrote 41319110
12-09 08:29:20.411 W/audio_hw_generic( 1307): Hardware backing HAL too slow, could only write 0 of 661 frames
12-09 08:29:20.445 W/audio_hw_generic( 1307): Hardware backing HAL too slow, could only write 0 of 661 frames
12-09 08:29:20.467 W/audio_hw_generic( 1307): Hardware backing HAL too slow, could only write 0 of 661 frames
12-09 08:29:20.481 W/audio_hw_generic( 1307): Hardware backing HAL too slow, could only write 0 of 661 frames
12-09 08:29:20.625 W/audio_hw_generic( 1307): Not supplying enough data to HAL, expected position 41329027 , only wrote 41329025
12-09 08:29:20.643 W/audio_hw_generic( 1307): Not supplying enough data to HAL, expected position 41329804 , only wrote 41329686
12-09 08:29:20.693 W/audio_hw_generic( 1307): Hardware backing HAL too slow, could only write 0 of 661 frames
12-09 08:29:20.867 W/audio_hw_generic( 1307): Hardware backing HAL too slow, could only write 0 of 661 frames
12-09 08:29:20.878 W/audio_hw_generic( 1307): Hardware backing HAL too slow, could only write 0 of 661 frames
12-09 08:29:20.908 W/audio_hw_generic( 1307): Hardware backing HAL too slow, could only write 0 of 661 frames
12-09 08:29:20.914 W/audio_hw_generic( 1307): Hardware backing HAL too slow, could only write 0 of 661 frames
12-09 08:29:20.934 W/audio_hw_generic( 1307): Hardware backing HAL too slow, could only write 0 of 661 frames
12-09 08:29:20.943 W/audio_hw_generic( 1307): Hardware backing HAL too slow, could only write 0 of 661 frames
12-09 08:29:20.958 W/audio_hw_generic( 1307): Hardware backing HAL too slow, could only write 0 of 661 frames
12-09 08:29:21.039 W/audio_hw_generic( 1307): Not supplying enough data to HAL, expected position 41347156 , only wrote 41345550
12-09 08:29:21.042 W/audio_hw_generic( 1307): Not supplying enough data to HAL, expected position 41345709 , only wrote 41345550
12-09 08:29:21.076 W/audio_hw_generic( 1307): Not supplying enough data to HAL, expected position 41347046 , only wrote 41346211
12-09 08:29:21.146 W/audio_hw_generic( 1307): Hardware backing HAL too slow, could only write 0 of 661 frames
12-09 08:29:21.146 W/audio_hw_generic( 1307): Not supplying enough data to HAL, expected position 41349290 , only wrote 41348855
12-09 08:29:21.146 W/audio_hw_generic( 1307): Not supplying enough data to HAL, expected position 41348861 , only wrote 41348855
12-09 08:29:21.146 W/audio_hw_generic( 1307): Hardware backing HAL too slow, could only write 0 of 661 frames
12-09 08:29:21.167 W/audio_hw_generic( 1307): Not supplying enough data to HAL, expected position 41349759 , only wrote 41349516
12-09 08:29:21.167 W/audio_hw_generic( 1307): Hardware backing HAL too slow, could only write 0 of 661 frames
12-09 08:29:21.167 W/audio_hw_generic( 1307): Hardware backing HAL too slow, could only write 0 of 661 frames
12-09 08:29:21.176 W/art     ( 1592): Long monitor contention event with owner method=void com.android.server.wm.WindowAnimator$1.doFrame(long) from WindowAnimator.java:121 waiters=1 for 415ms
12-09 08:29:21.186 W/audio_hw_generic( 1307): Hardware backing HAL too slow, could only write 0 of 661 frames
12-09 08:29:21.202 W/audio_hw_generic( 1307): Hardware backing HAL too slow, could only write 0 of 661 frames
12-09 08:29:21.218 W/audio_hw_generic( 1307): Hardware backing HAL too slow, could only write 0 of 661 frames
12-09 08:29:21.361 W/art     ( 1592): Long monitor contention event with owner method=void com.android.server.wm.WindowAnimator$1.doFrame(long) from WindowAnimator.java:121 waiters=1 for 433ms
12-09 08:29:21.368 W/art     ( 1592): Long monitor contention event with owner method=java.util.List com.android.server.am.ActivityManagerService.getAllStackInfos() from ActivityManagerService.java:8937 waiters=0 for 592ms
12-09 08:29:21.369 W/art     ( 1592): Long monitor contention event with owner method=java.util.List com.android.server.am.ActivityManagerService.getAllStackInfos() from ActivityManagerService.java:8937 waiters=2 for 193ms
12-09 08:29:21.374 I/ActivityManager( 1592): Displayed com.evancharlton.mileage/.charts.AverageFuelEconomyChart: +1s661ms
12-09 08:29:21.376 I/Choreographer(16995): Skipped 54 frames!  The application may be doing too much work on its main thread.
12-09 08:29:21.710 W/audio_hw_generic( 1307): Not supplying enough data to HAL, expected position 41373486 , only wrote 41373312
12-09 08:29:21.935 W/audio_hw_generic( 1307): Hardware backing HAL too slow, could only write 0 of 661 frames
12-09 08:29:22.131 W/audio_hw_generic( 1307): Not supplying enough data to HAL, expected position 41391841 , only wrote 41391159
12-09 08:29:22.131 W/audio_hw_generic( 1307): Not supplying enough data to HAL, expected position 41391166 , only wrote 41391159
12-09 08:29:22.156 W/audio_hw_generic( 1307): Not supplying enough data to HAL, expected position 41392280 , only wrote 41391820
