--------- beginning of main
12-09 08:34:25.198 D/AndroidRuntime(18707): >>>>>> START com.android.internal.os.RuntimeInit uid 0 <<<<<<
12-09 08:34:25.215 D/AndroidRuntime(18707): CheckJNI is ON
12-09 08:34:25.227 D/ICU     (18707): No timezone override file found: /data/misc/zoneinfo/current/icu/icu_tzdata.dat
12-09 08:34:25.591 E/memtrack(18707): Couldn't load memtrack module (No such file or directory)
12-09 08:34:25.591 E/android.os.Debug(18707): failed to load memtrack module: -2
12-09 08:34:25.592 I/Radio-JNI(18707): register_android_hardware_Radio DONE
12-09 08:34:25.613 D/AndroidRuntime(18707): Calling main entry com.android.commands.am.Am
--------- beginning of system
12-09 08:34:25.726 I/ActivityManager( 1592): Force stopping com.evancharlton.mileage appid=10139 user=0: start instr
12-09 08:34:25.734 I/ActivityManager( 1592): Killing 18689:com.evancharlton.mileage/u0a139 (adj 0): stop com.evancharlton.mileage
12-09 08:34:25.806 W/ActivityManager( 1592): Crash of app com.evancharlton.mileage running instrumentation ComponentInfo{com.evancharlton.mileage.test/sh.calaba.instrumentationbackend.ClearAppData2}
12-09 08:34:25.806 I/ActivityManager( 1592): Force stopping com.evancharlton.mileage appid=10139 user=0: finished inst
12-09 08:34:25.833 I/ActivityManager( 1592): Start proc 18716:com.evancharlton.mileage/u0a139 for added application com.evancharlton.mileage
12-09 08:34:25.834 D/AndroidRuntime(18707): Shutting down VM
12-09 08:34:26.087 I/art     (18716): Background sticky concurrent mark sweep GC freed 9382(347KB) AllocSpace objects, 0(0B) LOS objects, 71% free, 375KB/1295KB, paused 2.926ms total 143.067ms
12-09 08:34:26.117 W/System  (18716): ClassLoader referenced unknown path: /data/app/com.evancharlton.mileage.test-1/lib/x86_64
12-09 08:34:26.117 W/System  (18716): ClassLoader referenced unknown path: /data/app/com.evancharlton.mileage-1/lib/x86_64
12-09 08:34:26.184 I/System.out(18716): Main activity name automatically set to: com.evancharlton.mileage.Mileage
12-09 08:34:26.184 I/System.out(18716): Calabash did not load Mono. This is only a problem if you are trying to test a Mono application
12-09 08:34:26.185 I/calabash(18716): Test server port: 7102
12-09 08:34:26.186 I/InstrumentationBackend(18716): Added:'GetPreferences', with key:'get_preferences'
12-09 08:34:26.253 W/art     (18716): Suspending all threads took: 7.505ms
12-09 08:34:26.257 I/art     (18716): Background partial concurrent mark sweep GC freed 2703(285KB) AllocSpace objects, 0(0B) LOS objects, 54% free, 866KB/1890KB, paused 8.630ms total 26.718ms
12-09 08:34:26.271 I/InstrumentationBackend(18716): Added:'SetPreferences', with key:'set_preferences'
12-09 08:34:26.277 I/InstrumentationBackend(18716): Added:'ClearPreferences', with key:'clear_preferences'
12-09 08:34:26.277 I/InstrumentationBackend(18716): Added:'PressElement', with key:'press_l10n_element'
12-09 08:34:26.278 I/InstrumentationBackend(18716): Added:'WaitForElement', with key:'wait_for_l10n_element'
12-09 08:34:26.278 I/InstrumentationBackend(18716): Added:'NullAction', with key:'nullAction'
12-09 08:34:26.278 I/InstrumentationBackend(18716): Added:'PressKey', with key:'press_key'
12-09 08:34:26.278 I/InstrumentationBackend(18716): Added:'SetActivityOrientation', with key:'set_activity_orientation'
12-09 08:34:26.279 I/InstrumentationBackend(18716): Added:'GetActivityOrientation', with key:'get_activity_orientation'
12-09 08:34:26.279 I/InstrumentationBackend(18716): Added:'FakeGPSLocation', with key:'set_gps_coordinates'
12-09 08:34:26.279 I/InstrumentationBackend(18716): Added:'SetPropertyByCssSelector', with key:'set_property_by_css_selector'
12-09 08:34:26.279 I/InstrumentationBackend(18716): Added:'GetUrl', with key:'get_url'
12-09 08:34:26.280 I/InstrumentationBackend(18716): Added:'ScrollTo', with key:'scroll_to'
12-09 08:34:26.281 I/InstrumentationBackend(18716): Added:'GetLoadProgress', with key:'get_load_progress'
12-09 08:34:26.281 I/InstrumentationBackend(18716): Added:'DumpHtml', with key:'dump_html'
12-09 08:34:26.281 I/InstrumentationBackend(18716): Added:'DumpBodyHtml', with key:'dump_body_html'
12-09 08:34:26.281 I/InstrumentationBackend(18716): Added:'EnterTextByCssSelector', with key:'enter_text_by_selector'
12-09 08:34:26.282 I/InstrumentationBackend(18716): Added:'AndroidSDKVersion', with key:'android_sdk_version'
12-09 08:34:26.282 I/InstrumentationBackend(18716): Added:'Version', with key:'version'
12-09 08:34:26.283 I/InstrumentationBackend(18716): Added:'Drag', with key:'drag'
12-09 08:34:26.283 I/InstrumentationBackend(18716): Added:'TouchCoordinates', with key:'touch_coordinate'
12-09 08:34:26.283 I/InstrumentationBackend(18716): Added:'LongPressCoordinate', with key:'long_press_coordinate'
12-09 08:34:26.283 I/InstrumentationBackend(18716): Added:'DragCoordinates', with key:'drag_coordinates'
12-09 08:34:26.284 I/InstrumentationBackend(18716): Added:'ResumeApplication', with key:'resume_application'
12-09 08:34:26.284 I/InstrumentationBackend(18716): Added:'Swipe', with key:'swipe'
12-09 08:34:26.284 I/InstrumentationBackend(18716): Added:'DoubleTapCoordinate', with key:'double_tap_coordinate'
12-09 08:34:26.284 I/InstrumentationBackend(18716): Added:'ClickOnScreen', with key:'click_on_screen'
12-09 08:34:26.284 I/InstrumentationBackend(18716): Added:'GetActivityName', with key:'get_activity_name'
12-09 08:34:26.285 I/InstrumentationBackend(18716): Added:'ScrollToView', with key:'scroll_to_view'
12-09 08:34:26.285 I/InstrumentationBackend(18716): Added:'ViewConfiguration', with key:'view_configuration'
12-09 08:34:26.289 I/InstrumentationBackend(18716): Added:'IsCurrentActivityFocused', with key:'is_current_activity_focused'
12-09 08:34:26.289 I/InstrumentationBackend(18716): Added:'SendTcp', with key:'send_tcp'
12-09 08:34:26.289 I/InstrumentationBackend(18716): Added:'DpToDevicePixel', with key:'dp_to_device_pixel'
12-09 08:34:26.290 I/InstrumentationBackend(18716): Added:'KeyboardEnterText', with key:'keyboard_enter_text'
12-09 08:34:26.290 I/InstrumentationBackend(18716): Added:'DeleteSurroundingText', with key:'delete_surrounding_text'
12-09 08:34:26.290 I/InstrumentationBackend(18716): Added:'SetComposingRegion', with key:'set_composing_region'
12-09 08:34:26.290 I/InstrumentationBackend(18716): Added:'SetSelection', with key:'set_selection'
12-09 08:34:26.290 I/InstrumentationBackend(18716): Added:'KeyboardKeyEvent', with key:'keyboard_key_event'
12-09 08:34:26.291 I/InstrumentationBackend(18716): Added:'PressUserActionButton', with key:'press_user_action_button'
12-09 08:34:26.291 I/InstrumentationBackend(18716): Added:'HideSoftKeyboard', with key:'hide_soft_keyboard'
12-09 08:34:26.291 I/InstrumentationBackend(18716): Added:'ListActions', with key:'list_actions'
12-09 08:34:26.292 I/calabash(18716): Instantiating http server at 7102
12-09 08:34:26.313 I/System.out(18716): HTTP Daemon listening on: 7102
12-09 08:34:26.323 I/System.out(18716): URI: //ping
12-09 08:34:26.324 I/System.out(18716): params: {json={}
12-09 08:34:26.324 I/System.out(18716): }
12-09 08:34:26.454 I/System.out(18716): URI: //ping
12-09 08:34:26.454 I/System.out(18716): params: {json={}
12-09 08:34:26.454 I/System.out(18716): }
12-09 08:34:26.514 I/System.out(18716): URI: //ready
12-09 08:34:26.521 I/System.out(18716): params: {json={}
12-09 08:34:26.521 I/System.out(18716): }
12-09 08:34:26.598 I/System.out(18716): URI: //
12-09 08:34:26.598 I/System.out(18716): params: {json={"command":"version","arguments":[]}
12-09 08:34:26.598 I/System.out(18716): }
12-09 08:34:26.599 I/System.out(18716): header: {date=Sun, 09 Dec 2018 08:34:27 GMT, accept=*/*, content-length=36, host=127.0.0.1:34777, user-agent=HTTPClient/1.0 (2.8.3, ruby 2.3.1 (2016-04-26)), content-type=application/json;charset=utf-8}
12-09 08:34:26.599 I/System.out(18716): params: {json={"command":"version","arguments":[]}
12-09 08:34:26.599 I/System.out(18716): }
12-09 08:34:26.599 I/System.out(18716): ProP json = {"command":"version","arguments":[]}
12-09 08:34:26.599 I/System.out(18716): files: {}
12-09 08:34:26.599 I/System.out(18716): command: {"command":"version","arguments":[]}
12-09 08:34:26.621 I/InstrumentationBackend(18716): Got command:'Command:'Line:null,version', arguments:'[]'
12-09 08:34:26.667 I/System.out(18716): result:{"bonusInformation":[],"message":"0.9.8","success":true}
12-09 08:34:26.761 I/System.out(18716): URI: //start-application
12-09 08:34:26.761 I/System.out(18716): params: {json={"intent":null}
12-09 08:34:26.761 I/System.out(18716): }
12-09 08:34:26.835 I/ActivityManager( 1592): START u0 {act=android.intent.action.MAIN cat=[android.intent.category.LAUNCHER] flg=0x10200000 cmp=com.evancharlton.mileage/.Mileage} from uid 10139 on display 0
12-09 08:34:26.844 I/art     (18716): Background partial concurrent mark sweep GC freed 18702(949KB) AllocSpace objects, 3(60KB) LOS objects, 45% free, 1228KB/2MB, paused 5.335ms total 37.735ms
12-09 08:34:26.911 I/calabash(18716): newActivity1
12-09 08:34:26.982 I/calabash(18716): newActivity1
12-09 08:34:26.999 W/ActivityManager( 1592): Bad activity token: android.os.BinderProxy@46f578f
12-09 08:34:26.999 W/ActivityManager( 1592): java.lang.ClassCastException: android.os.BinderProxy cannot be cast to com.android.server.am.ActivityRecord$Token
12-09 08:34:26.999 W/ActivityManager( 1592): 	at com.android.server.am.ActivityRecord.forTokenLocked(ActivityRecord.java:424)
12-09 08:34:26.999 W/ActivityManager( 1592): 	at com.android.server.am.ActivityRecord.isInStackLocked(ActivityRecord.java:1121)
12-09 08:34:26.999 W/ActivityManager( 1592): 	at com.android.server.am.ActivityRecord.getStackLocked(ActivityRecord.java:1126)
12-09 08:34:26.999 W/ActivityManager( 1592): 	at com.android.server.am.ActivityManagerService.getActivityDisplayId(ActivityManagerService.java:8889)
12-09 08:34:26.999 W/ActivityManager( 1592): 	at android.app.ActivityManagerNative.onTransact(ActivityManagerNative.java:2338)
12-09 08:34:26.999 W/ActivityManager( 1592): 	at com.android.server.am.ActivityManagerService.onTransact(ActivityManagerService.java:2443)
12-09 08:34:26.999 W/ActivityManager( 1592): 	at android.os.Binder.execTransact(Binder.java:453)
12-09 08:34:27.045 W/ActivityManager( 1592): Bad activity token: android.os.BinderProxy@46f578f
12-09 08:34:27.045 W/ActivityManager( 1592): java.lang.ClassCastException: android.os.BinderProxy cannot be cast to com.android.server.am.ActivityRecord$Token
12-09 08:34:27.045 W/ActivityManager( 1592): 	at com.android.server.am.ActivityRecord.forTokenLocked(ActivityRecord.java:424)
12-09 08:34:27.045 W/ActivityManager( 1592): 	at com.android.server.am.ActivityRecord.isInStackLocked(ActivityRecord.java:1121)
12-09 08:34:27.045 W/ActivityManager( 1592): 	at com.android.server.am.ActivityManagerService.setTaskDescription(ActivityManagerService.java:8547)
12-09 08:34:27.045 W/ActivityManager( 1592): 	at android.app.ActivityManagerNative.onTransact(ActivityManagerNative.java:2410)
12-09 08:34:27.045 W/ActivityManager( 1592): 	at com.android.server.am.ActivityManagerService.onTransact(ActivityManagerService.java:2443)
12-09 08:34:27.045 W/ActivityManager( 1592): 	at android.os.Binder.execTransact(Binder.java:453)
12-09 08:34:27.055 D/gralloc_ranchu( 1226): gralloc_alloc: Creating ashmem region of size 3686400
12-09 08:34:27.303 V/PhoneStatusBar( 1687): setLightsOn(true)
12-09 08:34:27.349 D/EGL_emulation( 1943): eglMakeCurrent: 0x7f7a1dbb48c0: ver 2 0 (tinfo 0x7f7a1db82e80)
12-09 08:34:27.351 E/Surface ( 1943): getSlotFromBufferLocked: unknown buffer: 0x7f7a1a156380
12-09 08:34:27.682 D/FillupsProvider(18716): Creating database
12-09 08:34:28.130 I/art     (18716): Background sticky concurrent mark sweep GC freed 7545(525KB) AllocSpace objects, 0(0B) LOS objects, 22% free, 1754KB/2MB, paused 5.138ms total 55.021ms
12-09 08:34:28.302 W/art     ( 1592): Long monitor contention event with owner method=java.util.List com.android.server.am.ActivityManagerService.getAllStackInfos() from ActivityManagerService.java:8937 waiters=0 for 227ms
12-09 08:34:28.303 W/ActivityManager( 1592): Bad activity token: android.os.BinderProxy@46f578f
12-09 08:34:28.303 W/ActivityManager( 1592): java.lang.ClassCastException: android.os.BinderProxy cannot be cast to com.android.server.am.ActivityRecord$Token
12-09 08:34:28.303 W/ActivityManager( 1592): 	at com.android.server.am.ActivityRecord.forTokenLocked(ActivityRecord.java:424)
12-09 08:34:28.303 W/ActivityManager( 1592): 	at com.android.server.am.ActivityRecord.isInStackLocked(ActivityRecord.java:1121)
12-09 08:34:28.303 W/ActivityManager( 1592): 	at com.android.server.am.ActivityManagerService.getActivityOptions(ActivityManagerService.java:11038)
12-09 08:34:28.303 W/ActivityManager( 1592): 	at android.app.ActivityManagerNative.onTransact(ActivityManagerNative.java:1734)
12-09 08:34:28.303 W/ActivityManager( 1592): 	at com.android.server.am.ActivityManagerService.onTransact(ActivityManagerService.java:2443)
12-09 08:34:28.303 W/ActivityManager( 1592): 	at android.os.Binder.execTransact(Binder.java:453)
12-09 08:34:28.382 W/ActivityManager( 1592): Bad activity token: android.os.BinderProxy@46f578f
12-09 08:34:28.382 W/ActivityManager( 1592): java.lang.ClassCastException: android.os.BinderProxy cannot be cast to com.android.server.am.ActivityRecord$Token
12-09 08:34:28.382 W/ActivityManager( 1592): 	at com.android.server.am.ActivityRecord.forTokenLocked(ActivityRecord.java:424)
12-09 08:34:28.382 W/ActivityManager( 1592): 	at com.android.server.am.ActivityRecord.isInStackLocked(ActivityRecord.java:1121)
12-09 08:34:28.382 W/ActivityManager( 1592): 	at com.android.server.am.ActivityManagerService.getActivityOptions(ActivityManagerService.java:11038)
12-09 08:34:28.382 W/ActivityManager( 1592): 	at android.app.ActivityManagerNative.onTransact(ActivityManagerNative.java:1734)
12-09 08:34:28.382 W/ActivityManager( 1592): 	at com.android.server.am.ActivityManagerService.onTransact(ActivityManagerService.java:2443)
12-09 08:34:28.382 W/ActivityManager( 1592): 	at android.os.Binder.execTransact(Binder.java:453)
12-09 08:34:28.707 D/gralloc_ranchu( 1226): gralloc_alloc: Creating ashmem region of size 3686400
12-09 08:34:28.814 D/        (18716): HostConnection::get() New Host Connection established 0x7f7a1bb0c2c0, tid 18716
12-09 08:34:29.018 I/ActivityManager( 1592): Displayed com.evancharlton.mileage/.Mileage: +2s116ms
12-09 08:34:29.036 D/gralloc_ranchu( 1226): gralloc_alloc: Creating ashmem region of size 3686400
12-09 08:34:29.608 I/art     (18716): Background partial concurrent mark sweep GC freed 12054(592KB) AllocSpace objects, 0(0B) LOS objects, 39% free, 2MB/3MB, paused 7.377ms total 176.163ms
12-09 08:34:29.617 I/System.out(18716): URI: //
12-09 08:34:29.617 I/System.out(18716): params: {json={"command":"set_activity_orientation","arguments":["landscape"]}
12-09 08:34:29.617 I/System.out(18716): }
12-09 08:34:29.617 I/System.out(18716): header: {date=Sun, 09 Dec 2018 08:34:30 GMT, accept=*/*, content-length=64, host=127.0.0.1:34777, user-agent=HTTPClient/1.0 (2.8.3, ruby 2.3.1 (2016-04-26)), content-type=application/json;charset=utf-8}
12-09 08:34:29.618 I/System.out(18716): params: {json={"command":"set_activity_orientation","arguments":["landscape"]}
12-09 08:34:29.618 I/System.out(18716): }
12-09 08:34:29.618 I/System.out(18716): ProP json = {"command":"set_activity_orientation","arguments":["landscape"]}
12-09 08:34:29.618 I/System.out(18716): files: {}
12-09 08:34:29.618 I/System.out(18716): command: {"command":"set_activity_orientation","arguments":["landscape"]}
12-09 08:34:29.619 I/InstrumentationBackend(18716): Got command:'Command:'Line:null,set_activity_orientation', arguments:'[landscape]'
12-09 08:34:29.682 D/gralloc_ranchu( 1226): gralloc_alloc: Creating ashmem region of size 3686400
12-09 08:34:29.813 E/EGL_emulation( 1226): tid 1226: eglCreateSyncKHR(1881): error 0x3004 (EGL_BAD_ATTRIBUTE)
12-09 08:34:29.995 D/gralloc_ranchu( 1226): gralloc_alloc: Creating ashmem region of size 3686400
12-09 08:34:30.010 I/ActivityManager( 1592): Config changes=480 {1.0 310mcc260mnc en_US ldltr sw720dp w1280dp h696dp 160dpi xlrg long land finger -keyb/v/h tball/v s.54}
12-09 08:34:30.846 W/art     ( 1592): Long monitor contention event with owner method=void com.android.server.wm.WindowManagerService.setNewConfiguration(android.content.res.Configuration) from WindowManagerService.java:4043 waiters=0 for 834ms
12-09 08:34:30.846 W/art     ( 1592): Long monitor contention event with owner method=void com.android.server.am.ActivityManagerService.setRequestedOrientation(android.os.IBinder, int) from ActivityManagerService.java:4192 waiters=0 for 962ms
12-09 08:34:30.847 I/InputReader( 1592): Reconfiguring input devices.  changes=0x00000004
12-09 08:34:30.847 I/InputReader( 1592): Device reconfigured: id=0, name='qwerty2', size 720x1280, orientation 1, mode 1, display id 0
12-09 08:34:30.848 W/art     ( 1592): Long monitor contention event with owner method=void com.android.server.am.ActivityManagerService.setRequestedOrientation(android.os.IBinder, int) from ActivityManagerService.java:4192 waiters=1 for 962ms
12-09 08:34:30.854 W/art     ( 1592): Long monitor contention event with owner method=void com.android.server.am.ActivityManagerService.setRequestedOrientation(android.os.IBinder, int) from ActivityManagerService.java:4192 waiters=2 for 815ms
12-09 08:34:30.967 I/System.out(18716): result:{"bonusInformation":[],"message":"","success":true}
12-09 08:34:30.972 I/calabash(18716): newActivity1
12-09 08:34:31.024 I/calabash(18716): newActivity1
12-09 08:34:31.025 W/ActivityManager( 1592): Bad activity token: android.os.BinderProxy@7d7f420
12-09 08:34:31.025 W/ActivityManager( 1592): java.lang.ClassCastException: android.os.BinderProxy cannot be cast to com.android.server.am.ActivityRecord$Token
12-09 08:34:31.025 W/ActivityManager( 1592): 	at com.android.server.am.ActivityRecord.forTokenLocked(ActivityRecord.java:424)
12-09 08:34:31.025 W/ActivityManager( 1592): 	at com.android.server.am.ActivityRecord.isInStackLocked(ActivityRecord.java:1121)
12-09 08:34:31.025 W/ActivityManager( 1592): 	at com.android.server.am.ActivityRecord.getStackLocked(ActivityRecord.java:1126)
12-09 08:34:31.025 W/ActivityManager( 1592): 	at com.android.server.am.ActivityManagerService.getActivityDisplayId(ActivityManagerService.java:8889)
12-09 08:34:31.025 W/ActivityManager( 1592): 	at android.app.ActivityManagerNative.onTransact(ActivityManagerNative.java:2338)
12-09 08:34:31.025 W/ActivityManager( 1592): 	at com.android.server.am.ActivityManagerService.onTransact(ActivityManagerService.java:2443)
12-09 08:34:31.025 W/ActivityManager( 1592): 	at android.os.Binder.execTransact(Binder.java:453)
12-09 08:34:31.035 W/ActivityManager( 1592): Bad activity token: android.os.BinderProxy@7d7f420
12-09 08:34:31.035 W/ActivityManager( 1592): java.lang.ClassCastException: android.os.BinderProxy cannot be cast to com.android.server.am.ActivityRecord$Token
12-09 08:34:31.035 W/ActivityManager( 1592): 	at com.android.server.am.ActivityRecord.forTokenLocked(ActivityRecord.java:424)
12-09 08:34:31.035 W/ActivityManager( 1592): 	at com.android.server.am.ActivityRecord.isInStackLocked(ActivityRecord.java:1121)
12-09 08:34:31.035 W/ActivityManager( 1592): 	at com.android.server.am.ActivityManagerService.setTaskDescription(ActivityManagerService.java:8547)
12-09 08:34:31.035 W/ActivityManager( 1592): 	at android.app.ActivityManagerNative.onTransact(ActivityManagerNative.java:2410)
12-09 08:34:31.035 W/ActivityManager( 1592): 	at com.android.server.am.ActivityManagerService.onTransact(ActivityManagerService.java:2443)
12-09 08:34:31.035 W/ActivityManager( 1592): 	at android.os.Binder.execTransact(Binder.java:453)
12-09 08:34:31.058 W/ActivityManager( 1592): Bad activity token: android.os.BinderProxy@7d7f420
12-09 08:34:31.058 W/ActivityManager( 1592): java.lang.ClassCastException: android.os.BinderProxy cannot be cast to com.android.server.am.ActivityRecord$Token
12-09 08:34:31.058 W/ActivityManager( 1592): 	at com.android.server.am.ActivityRecord.forTokenLocked(ActivityRecord.java:424)
12-09 08:34:31.058 W/ActivityManager( 1592): 	at com.android.server.am.ActivityRecord.isInStackLocked(ActivityRecord.java:1121)
12-09 08:34:31.058 W/ActivityManager( 1592): 	at com.android.server.am.ActivityManagerService.getActivityOptions(ActivityManagerService.java:11038)
12-09 08:34:31.058 W/ActivityManager( 1592): 	at android.app.ActivityManagerNative.onTransact(ActivityManagerNative.java:1734)
12-09 08:34:31.058 W/ActivityManager( 1592): 	at com.android.server.am.ActivityManagerService.onTransact(ActivityManagerService.java:2443)
12-09 08:34:31.058 W/ActivityManager( 1592): 	at android.os.Binder.execTransact(Binder.java:453)
12-09 08:34:31.059 W/ActivityManager( 1592): Bad activity token: android.os.BinderProxy@7d7f420
12-09 08:34:31.059 W/ActivityManager( 1592): java.lang.ClassCastException: android.os.BinderProxy cannot be cast to com.android.server.am.ActivityRecord$Token
12-09 08:34:31.059 W/ActivityManager( 1592): 	at com.android.server.am.ActivityRecord.forTokenLocked(ActivityRecord.java:424)
12-09 08:34:31.059 W/ActivityManager( 1592): 	at com.android.server.am.ActivityRecord.isInStackLocked(ActivityRecord.java:1121)
12-09 08:34:31.059 W/ActivityManager( 1592): 	at com.android.server.am.ActivityManagerService.getActivityOptions(ActivityManagerService.java:11038)
12-09 08:34:31.059 W/ActivityManager( 1592): 	at android.app.ActivityManagerNative.onTransact(ActivityManagerNative.java:1734)
12-09 08:34:31.059 W/ActivityManager( 1592): 	at com.android.server.am.ActivityManagerService.onTransact(ActivityManagerService.java:2443)
12-09 08:34:31.059 W/ActivityManager( 1592): 	at android.os.Binder.execTransact(Binder.java:453)
12-09 08:34:31.106 D/EGL_emulation( 1687): eglMakeCurrent: 0x7f7a22d26b60: ver 2 0 (tinfo 0x7f7a114a18a0)
12-09 08:34:31.109 E/Surface ( 1687): getSlotFromBufferLocked: unknown buffer: 0x7f7a10b9d800
12-09 08:34:31.111 D/EGL_emulation( 1687): eglMakeCurrent: 0x7f7a22d26b60: ver 2 0 (tinfo 0x7f7a114a18a0)
12-09 08:34:31.183 D/gralloc_ranchu( 1226): gralloc_alloc: Creating ashmem region of size 3686400
12-09 08:34:31.538 D/gralloc_ranchu( 1226): gralloc_alloc: Creating ashmem region of size 3686400
12-09 08:34:31.544 I/WindowManager( 1592): Screen frozen for +1s914ms due to Window{8a779e u0 com.evancharlton.mileage/com.evancharlton.mileage.Mileage}
12-09 08:34:32.914 D/gralloc_ranchu( 1226): gralloc_alloc: Creating ashmem region of size 3686400
12-09 08:34:33.465 E/SurfaceFlinger( 1226): ro.sf.lcd_density must be defined as a build property
12-09 08:34:33.494 D/gralloc_ranchu( 1226): gralloc_alloc: Creating ashmem region of size 3686400
12-09 08:34:33.521 D/        (18744): HostConnection::get() New Host Connection established 0x7f0e22e92480, tid 18744
12-09 08:34:33.552 E/EGL_emulation( 1226): tid 1226: eglCreateSyncKHR(1881): error 0x3004 (EGL_BAD_ATTRIBUTE)
12-09 08:34:33.884 I/art     ( 1592): Starting a blocking GC Explicit
12-09 08:34:33.927 I/art     ( 1592): Explicit concurrent mark sweep GC freed 12139(1037KB) AllocSpace objects, 3(60KB) LOS objects, 29% free, 9MB/13MB, paused 3.014ms total 41.929ms
12-09 08:34:34.197 I/System.out(18716): URI: //
12-09 08:34:34.197 I/System.out(18716): params: {json={"command":"set_activity_orientation","arguments":["portrait"]}
12-09 08:34:34.198 I/System.out(18716): }
12-09 08:34:34.198 I/System.out(18716): header: {date=Sun, 09 Dec 2018 08:34:35 GMT, accept=*/*, content-length=63, host=127.0.0.1:34777, user-agent=HTTPClient/1.0 (2.8.3, ruby 2.3.1 (2016-04-26)), content-type=application/json;charset=utf-8}
12-09 08:34:34.198 I/System.out(18716): params: {json={"command":"set_activity_orientation","arguments":["portrait"]}
12-09 08:34:34.198 I/System.out(18716): }
12-09 08:34:34.198 I/System.out(18716): ProP json = {"command":"set_activity_orientation","arguments":["portrait"]}
12-09 08:34:34.198 I/System.out(18716): files: {}
12-09 08:34:34.198 I/System.out(18716): command: {"command":"set_activity_orientation","arguments":["portrait"]}
12-09 08:34:34.199 I/InstrumentationBackend(18716): Got command:'Command:'Line:null,set_activity_orientation', arguments:'[portrait]'
12-09 08:34:34.218 D/gralloc_ranchu( 1226): gralloc_alloc: Creating ashmem region of size 3686400
12-09 08:34:34.248 I/art     (18716): Background sticky concurrent mark sweep GC freed 20654(983KB) AllocSpace objects, 5(100KB) LOS objects, 36% free, 2MB/3MB, paused 5.193ms total 45.320ms
12-09 08:34:34.315 E/EGL_emulation( 1226): tid 1226: eglCreateSyncKHR(1881): error 0x3004 (EGL_BAD_ATTRIBUTE)
12-09 08:34:34.438 I/InputReader( 1592): Reconfiguring input devices.  changes=0x00000004
12-09 08:34:34.438 I/InputReader( 1592): Device reconfigured: id=0, name='qwerty2', size 720x1280, orientation 0, mode 1, display id 0
12-09 08:34:34.439 I/InputReader( 1592): Reconfiguring input devices.  changes=0x00000004
12-09 08:34:34.441 I/ActivityManager( 1592): Config changes=480 {1.0 310mcc260mnc en_US ldltr sw720dp w720dp h1256dp 160dpi xlrg long port finger -keyb/v/h tball/v s.55}
12-09 08:34:34.652 I/calabash(18716): newActivity1
12-09 08:34:34.672 I/calabash(18716): newActivity1
12-09 08:34:34.672 W/ActivityManager( 1592): Bad activity token: android.os.BinderProxy@2a26faa
12-09 08:34:34.672 W/ActivityManager( 1592): java.lang.ClassCastException: android.os.BinderProxy cannot be cast to com.android.server.am.ActivityRecord$Token
12-09 08:34:34.672 W/ActivityManager( 1592): 	at com.android.server.am.ActivityRecord.forTokenLocked(ActivityRecord.java:424)
12-09 08:34:34.672 W/ActivityManager( 1592): 	at com.android.server.am.ActivityRecord.isInStackLocked(ActivityRecord.java:1121)
12-09 08:34:34.672 W/ActivityManager( 1592): 	at com.android.server.am.ActivityRecord.getStackLocked(ActivityRecord.java:1126)
12-09 08:34:34.672 W/ActivityManager( 1592): 	at com.android.server.am.ActivityManagerService.getActivityDisplayId(ActivityManagerService.java:8889)
12-09 08:34:34.672 W/ActivityManager( 1592): 	at android.app.ActivityManagerNative.onTransact(ActivityManagerNative.java:2338)
12-09 08:34:34.672 W/ActivityManager( 1592): 	at com.android.server.am.ActivityManagerService.onTransact(ActivityManagerService.java:2443)
12-09 08:34:34.672 W/ActivityManager( 1592): 	at android.os.Binder.execTransact(Binder.java:453)
12-09 08:34:34.682 D/EGL_emulation( 1687): eglMakeCurrent: 0x7f7a22d26b60: ver 2 0 (tinfo 0x7f7a114a18a0)
12-09 08:34:34.684 W/ActivityManager( 1592): Bad activity token: android.os.BinderProxy@2a26faa
12-09 08:34:34.684 W/ActivityManager( 1592): java.lang.ClassCastException: android.os.BinderProxy cannot be cast to com.android.server.am.ActivityRecord$Token
12-09 08:34:34.684 W/ActivityManager( 1592): 	at com.android.server.am.ActivityRecord.forTokenLocked(ActivityRecord.java:424)
12-09 08:34:34.684 W/ActivityManager( 1592): 	at com.android.server.am.ActivityRecord.isInStackLocked(ActivityRecord.java:1121)
12-09 08:34:34.684 W/ActivityManager( 1592): 	at com.android.server.am.ActivityManagerService.setTaskDescription(ActivityManagerService.java:8547)
12-09 08:34:34.684 W/ActivityManager( 1592): 	at android.app.ActivityManagerNative.onTransact(ActivityManagerNative.java:2410)
12-09 08:34:34.684 W/ActivityManager( 1592): 	at com.android.server.am.ActivityManagerService.onTransact(ActivityManagerService.java:2443)
12-09 08:34:34.684 W/ActivityManager( 1592): 	at android.os.Binder.execTransact(Binder.java:453)
12-09 08:34:34.685 E/Surface ( 1687): getSlotFromBufferLocked: unknown buffer: 0x7f7a10b9e0c0
12-09 08:34:34.687 D/EGL_emulation( 1687): eglMakeCurrent: 0x7f7a22d26b60: ver 2 0 (tinfo 0x7f7a114a18a0)
12-09 08:34:34.716 W/ActivityManager( 1592): Bad activity token: android.os.BinderProxy@2a26faa
12-09 08:34:34.716 W/ActivityManager( 1592): java.lang.ClassCastException: android.os.BinderProxy cannot be cast to com.android.server.am.ActivityRecord$Token
12-09 08:34:34.716 W/ActivityManager( 1592): 	at com.android.server.am.ActivityRecord.forTokenLocked(ActivityRecord.java:424)
12-09 08:34:34.716 W/ActivityManager( 1592): 	at com.android.server.am.ActivityRecord.isInStackLocked(ActivityRecord.java:1121)
12-09 08:34:34.716 W/ActivityManager( 1592): 	at com.android.server.am.ActivityManagerService.getActivityOptions(ActivityManagerService.java:11038)
12-09 08:34:34.716 W/ActivityManager( 1592): 	at android.app.ActivityManagerNative.onTransact(ActivityManagerNative.java:1734)
12-09 08:34:34.716 W/ActivityManager( 1592): 	at com.android.server.am.ActivityManagerService.onTransact(ActivityManagerService.java:2443)
12-09 08:34:34.716 W/ActivityManager( 1592): 	at android.os.Binder.execTransact(Binder.java:453)
12-09 08:34:34.716 W/ActivityManager( 1592): Bad activity token: android.os.BinderProxy@2a26faa
12-09 08:34:34.716 W/ActivityManager( 1592): java.lang.ClassCastException: android.os.BinderProxy cannot be cast to com.android.server.am.ActivityRecord$Token
12-09 08:34:34.716 W/ActivityManager( 1592): 	at com.android.server.am.ActivityRecord.forTokenLocked(ActivityRecord.java:424)
12-09 08:34:34.716 W/ActivityManager( 1592): 	at com.android.server.am.ActivityRecord.isInStackLocked(ActivityRecord.java:1121)
12-09 08:34:34.716 W/ActivityManager( 1592): 	at com.android.server.am.ActivityManagerService.getActivityOptions(ActivityManagerService.java:11038)
12-09 08:34:34.716 W/ActivityManager( 1592): 	at android.app.ActivityManagerNative.onTransact(ActivityManagerNative.java:1734)
12-09 08:34:34.716 W/ActivityManager( 1592): 	at com.android.server.am.ActivityManagerService.onTransact(ActivityManagerService.java:2443)
12-09 08:34:34.716 W/ActivityManager( 1592): 	at android.os.Binder.execTransact(Binder.java:453)
12-09 08:34:34.723 I/System.out(18716): result:{"bonusInformation":[],"message":"","success":true}
12-09 08:34:34.774 I/WindowManager( 1592): Screen frozen for +569ms due to Window{80084ad u0 StatusBar}
12-09 08:34:35.054 W/art     ( 1592): Long monitor contention event with owner method=void com.android.server.wm.WindowManagerService$H.handleMessage(android.os.Message) from WindowManagerService.java:7820 waiters=0 for 301ms
12-09 08:34:35.605 I/Choreographer(18716): Skipped 62 frames!  The application may be doing too much work on its main thread.
12-09 08:34:35.745 D/gralloc_ranchu( 1226): gralloc_alloc: Creating ashmem region of size 3686400
12-09 08:34:35.845 D/gralloc_ranchu( 1226): gralloc_alloc: Creating ashmem region of size 3686400
12-09 08:34:36.975 D/gralloc_ranchu( 1226): gralloc_alloc: Creating ashmem region of size 3686400
12-09 08:34:37.100 I/art     ( 1592): Starting a blocking GC Explicit
12-09 08:34:37.172 I/art     ( 1592): Explicit concurrent mark sweep GC freed 4272(319KB) AllocSpace objects, 0(0B) LOS objects, 29% free, 9MB/13MB, paused 7.035ms total 71.046ms
12-09 08:34:37.236 E/SurfaceFlinger( 1226): ro.sf.lcd_density must be defined as a build property
12-09 08:34:37.237 D/gralloc_ranchu( 1226): gralloc_alloc: Creating ashmem region of size 3686400
12-09 08:34:37.322 D/        (18751): HostConnection::get() New Host Connection established 0x7f8144412480, tid 18751
12-09 08:34:37.366 E/EGL_emulation( 1226): tid 1226: eglCreateSyncKHR(1881): error 0x3004 (EGL_BAD_ATTRIBUTE)
