12-09 07:52:19.625 D/gralloc_ranchu( 1219): gralloc_alloc: Creating ashmem region of size 3686400
12-09 07:52:19.767 W/audio_hw_generic( 1307): Not supplying enough data to HAL, expected position 11461751 , only wrote 11461740
12-09 07:52:19.767 W/audio_hw_generic( 1307): Hardware backing HAL too slow, could only write 0 of 661 frames
12-09 07:52:19.869 W/audio_hw_generic( 1307): Not supplying enough data to HAL, expected position 11466245 , only wrote 11463062
12-09 07:52:19.890 W/audio_hw_generic( 1307): Not supplying enough data to HAL, expected position 11464012 , only wrote 11463723
12-09 07:52:19.894 W/art     ( 1592): Long monitor contention event with owner method=void com.android.server.wm.WindowAnimator$1.doFrame(long) from WindowAnimator.java:121 waiters=0 for 119ms
12-09 07:52:19.918 W/audio_hw_generic( 1307): Hardware backing HAL too slow, could only write 0 of 661 frames
12-09 07:52:19.933 I/ActivityManager( 1592): Displayed com.evancharlton.mileage/.FillupInfoActivity: +1s83ms
12-09 07:52:19.934 W/audio_hw_generic( 1307): Hardware backing HAL too slow, could only write 0 of 661 frames
12-09 07:52:19.966 W/audio_hw_generic( 1307): Hardware backing HAL too slow, could only write 0 of 661 frames
12-09 07:52:19.978 D/gralloc_ranchu( 1219): gralloc_alloc: Creating ashmem region of size 3686400
12-09 07:52:19.979 W/audio_hw_generic( 1307): Hardware backing HAL too slow, could only write 0 of 661 frames
12-09 07:52:19.994 W/audio_hw_generic( 1307): Hardware backing HAL too slow, could only write 0 of 661 frames
12-09 07:52:20.106 W/audio_hw_generic( 1307): Not supplying enough data to HAL, expected position 11473260 , only wrote 11472977
12-09 07:52:20.319 W/audio_hw_generic( 1307): Not supplying enough data to HAL, expected position 11482329 , only wrote 11482231
12-09 07:52:20.319 W/audio_hw_generic( 1307): Not supplying enough data to HAL, expected position 11482238 , only wrote 11482231
12-09 07:52:20.350 W/audio_hw_generic( 1307): Not supplying enough data to HAL, expected position 11483607 , only wrote 11482892
12-09 07:52:20.350 W/audio_hw_generic( 1307): Hardware backing HAL too slow, could only write 0 of 661 frames
12-09 07:52:20.350 W/audio_hw_generic( 1307): Hardware backing HAL too slow, could only write 0 of 661 frames
12-09 07:52:20.379 W/audio_hw_generic( 1307): Hardware backing HAL too slow, could only write 0 of 661 frames
12-09 07:52:20.394 W/audio_hw_generic( 1307): Hardware backing HAL too slow, could only write 0 of 661 frames
12-09 07:52:20.426 W/audio_hw_generic( 1307): Not supplying enough data to HAL, expected position 11486258 , only wrote 11486197
12-09 07:52:20.426 W/audio_hw_generic( 1307): Not supplying enough data to HAL, expected position 11486204 , only wrote 11486197
12-09 07:52:20.443 W/audio_hw_generic( 1307): Not supplying enough data to HAL, expected position 11486910 , only wrote 11486858
12-09 07:52:20.488 I/System.out( 7756): URI: //map
12-09 07:52:20.488 I/System.out( 7756): params: {json={"query":"android.widget.Button index:0","operation":{"method_name":"query","arguments":[]}}
12-09 07:52:20.488 I/System.out( 7756): }
12-09 07:52:20.542 W/audio_hw_generic( 1307): Not supplying enough data to HAL, expected position 11491253 , only wrote 11490824
12-09 07:52:20.542 W/audio_hw_generic( 1307): Not supplying enough data to HAL, expected position 11490831 , only wrote 11490824
12-09 07:52:20.637 W/audio_hw_generic( 1307): Not supplying enough data to HAL, expected position 11494990 , only wrote 11494790
12-09 07:52:20.637 W/audio_hw_generic( 1307): Not supplying enough data to HAL, expected position 11494797 , only wrote 11494790
12-09 07:52:20.669 W/audio_hw_generic( 1307): Not supplying enough data to HAL, expected position 11496181 , only wrote 11495451
12-09 07:52:20.679 W/art     ( 1592): Long monitor contention event with owner method=void com.android.server.wm.WindowAnimator$1.doFrame(long) from WindowAnimator.java:121 waiters=0 for 140ms
12-09 07:52:20.775 W/audio_hw_generic( 1307): Not supplying enough data to HAL, expected position 11500133 , only wrote 11498756
12-09 07:52:20.775 W/audio_hw_generic( 1307): Not supplying enough data to HAL, expected position 11498763 , only wrote 11498756
12-09 07:52:20.795 W/audio_hw_generic( 1307): Not supplying enough data to HAL, expected position 11499617 , only wrote 11499417
12-09 07:52:21.003 W/audio_hw_generic( 1307): Not supplying enough data to HAL, expected position 11508590 , only wrote 11508010
12-09 07:52:21.039 I/System.out( 7756): URI: //gesture
12-09 07:52:21.039 I/System.out( 7756): params: {json={"query_timeout":5.0,"gestures":[{"query_string":"android.widget.Button index:0","touches":[{"x":50,"y":50,"offset_x":0,"offset_y":0,"wait":0.0,"time":0.2,"release":true,"query_string":null}]}]}
12-09 07:52:21.039 I/System.out( 7756): }
12-09 07:52:21.114 D/gralloc_ranchu( 1219): gralloc_alloc: Creating ashmem region of size 3686400
12-09 07:52:21.358 W/audio_hw_generic( 1307): Not supplying enough data to HAL, expected position 11523695 , only wrote 11523213
12-09 07:52:21.358 W/audio_hw_generic( 1307): Not supplying enough data to HAL, expected position 11523220 , only wrote 11523213
12-09 07:52:21.378 W/audio_hw_generic( 1307): Not supplying enough data to HAL, expected position 11524094 , only wrote 11523874
12-09 07:52:21.435 W/audio_hw_generic( 1307): Hardware backing HAL too slow, could only write 0 of 661 frames
12-09 07:52:21.435 W/audio_hw_generic( 1307): Hardware backing HAL too slow, could only write 0 of 661 frames
12-09 07:52:21.602 W/audio_hw_generic( 1307): Not supplying enough data to HAL, expected position 11533740 , only wrote 11529823
12-09 07:52:21.602 W/audio_hw_generic( 1307): Not supplying enough data to HAL, expected position 11529831 , only wrote 11529823
12-09 07:52:21.714 W/audio_hw_generic( 1307): Not supplying enough data to HAL, expected position 11534768 , only wrote 11531145
12-09 07:52:21.746 W/audio_hw_generic( 1307): Hardware backing HAL too slow, could only write 0 of 661 frames
12-09 07:52:21.762 W/audio_hw_generic( 1307): Hardware backing HAL too slow, could only write 0 of 661 frames
12-09 07:52:21.778 W/audio_hw_generic( 1307): Hardware backing HAL too slow, could only write 0 of 661 frames
12-09 07:52:21.794 W/audio_hw_generic( 1307): Hardware backing HAL too slow, could only write 0 of 661 frames
12-09 07:52:21.832 W/audio_hw_generic( 1307): Not supplying enough data to HAL, expected position 11536323 , only wrote 11535772
12-09 07:52:21.835 W/audio_hw_generic( 1307): Not supplying enough data to HAL, expected position 11535912 , only wrote 11535772
12-09 07:52:21.892 I/ActivityManager( 1592): START u0 {cmp=com.evancharlton.mileage/.FillupInfoActivity (has extras)} from uid 10121 on display 0
12-09 07:52:21.915 W/audio_hw_generic( 1307): Hardware backing HAL too slow, could only write 0 of 661 frames
12-09 07:52:21.915 W/audio_hw_generic( 1307): Hardware backing HAL too slow, could only write 0 of 661 frames
12-09 07:52:21.915 W/audio_hw_generic( 1307): Hardware backing HAL too slow, could only write 0 of 661 frames
12-09 07:52:21.931 W/audio_hw_generic( 1307): Hardware backing HAL too slow, could only write 0 of 661 frames
12-09 07:52:21.936 D/AudioFlinger( 1307): mixer(0xf4380000) throttle end: throttle time(11)
12-09 07:52:21.985 W/audio_hw_generic( 1307): Hardware backing HAL too slow, could only write 0 of 661 frames
12-09 07:52:21.985 W/audio_hw_generic( 1307): Hardware backing HAL too slow, could only write 0 of 661 frames
12-09 07:52:22.011 W/audio_hw_generic( 1307): Hardware backing HAL too slow, could only write 0 of 661 frames
12-09 07:52:22.026 W/audio_hw_generic( 1307): Hardware backing HAL too slow, could only write 0 of 661 frames
12-09 07:52:22.042 W/audio_hw_generic( 1307): Hardware backing HAL too slow, could only write 0 of 661 frames
12-09 07:52:22.061 W/audio_hw_generic( 1307): Hardware backing HAL too slow, could only write 0 of 661 frames
12-09 07:52:22.074 W/audio_hw_generic( 1307): Hardware backing HAL too slow, could only write 0 of 661 frames
12-09 07:52:22.095 W/audio_hw_generic( 1307): Hardware backing HAL too slow, could only write 0 of 661 frames
12-09 07:52:22.101 W/audio_hw_generic( 1307): Hardware backing HAL too slow, could only write 0 of 661 frames
12-09 07:52:22.120 I/calabash( 7756): newActivity1
12-09 07:52:22.333 W/audio_hw_generic( 1307): Not supplying enough data to HAL, expected position 11554227 , only wrote 11553619
12-09 07:52:22.334 W/audio_hw_generic( 1307): Hardware backing HAL too slow, could only write 0 of 661 frames
12-09 07:52:22.346 I/art     ( 7756): Background sticky concurrent mark sweep GC freed 35566(1646KB) AllocSpace objects, 1(20KB) LOS objects, 31% free, 3MB/5MB, paused 1.394ms total 170.193ms
12-09 07:52:22.363 W/audio_hw_generic( 1307): Hardware backing HAL too slow, could only write 0 of 661 frames
12-09 07:52:22.391 V/PhoneStatusBar( 1689): setLightsOn(true)
12-09 07:52:22.413 D/gralloc_ranchu( 1219): gralloc_alloc: Creating ashmem region of size 3686400
12-09 07:52:22.516 W/audio_hw_generic( 1307): Hardware backing HAL too slow, could only write 0 of 661 frames
12-09 07:52:22.618 E/SurfaceFlinger( 1219): ro.sf.lcd_density must be defined as a build property
12-09 07:52:22.634 D/gralloc_ranchu( 1219): gralloc_alloc: Creating ashmem region of size 3686400
12-09 07:52:22.651 D/        ( 7866): HostConnection::get() New Host Connection established 0x7f2fd0012480, tid 7866
12-09 07:52:22.668 E/EGL_emulation( 1219): tid 1219: eglCreateSyncKHR(1881): error 0x3004 (EGL_BAD_ATTRIBUTE)
12-09 07:52:22.717 W/audio_hw_generic( 1307): Hardware backing HAL too slow, could only write 0 of 661 frames
12-09 07:52:22.795 W/audio_hw_generic( 1307): Not supplying enough data to HAL, expected position 11573959 , only wrote 11573449
12-09 07:52:22.795 W/audio_hw_generic( 1307): Not supplying enough data to HAL, expected position 11573456 , only wrote 11573449
12-09 07:52:22.815 W/audio_hw_generic( 1307): Not supplying enough data to HAL, expected position 11574322 , only wrote 11574110
12-09 07:52:23.094 W/audio_hw_generic( 1307): Not supplying enough data to HAL, expected position 11586426 , only wrote 11586008
12-09 07:52:23.094 W/audio_hw_generic( 1307): Not supplying enough data to HAL, expected position 11586015 , only wrote 11586008
12-09 07:52:23.294 W/art     ( 1592): Long monitor contention event with owner method=void com.android.server.wm.WindowAnimator$1.doFrame(long) from WindowAnimator.java:121 waiters=1 for 197ms
12-09 07:52:23.557 W/art     ( 1592): Long monitor contention event with owner method=void com.android.server.wm.WindowAnimator$1.doFrame(long) from WindowAnimator.java:121 waiters=1 for 263ms
12-09 07:52:23.584 W/audio_hw_generic( 1307): Not supplying enough data to HAL, expected position 11607600 , only wrote 11607160
12-09 07:52:23.728 W/art     ( 1592): Long monitor contention event with owner method=void com.android.server.wm.WindowAnimator$1.doFrame(long) from WindowAnimator.java:121 waiters=1 for 308ms
12-09 07:52:23.839 W/audio_hw_generic( 1307): Hardware backing HAL too slow, could only write 0 of 661 frames
12-09 07:52:23.840 W/audio_hw_generic( 1307): Not supplying enough data to HAL, expected position 11618442 , only wrote 11615753
12-09 07:52:23.840 W/audio_hw_generic( 1307): Not supplying enough data to HAL, expected position 11615759 , only wrote 11615753
12-09 07:52:23.858 W/audio_hw_generic( 1307): Not supplying enough data to HAL, expected position 11616572 , only wrote 11616414
12-09 07:52:23.951 W/art     ( 1592): Long monitor contention event with owner method=void com.android.server.wm.WindowAnimator$1.doFrame(long) from WindowAnimator.java:121 waiters=1 for 222ms
12-09 07:52:24.155 W/audio_hw_generic( 1307): Not supplying enough data to HAL, expected position 11629486 , only wrote 11628312
12-09 07:52:24.155 W/audio_hw_generic( 1307): Not supplying enough data to HAL, expected position 11628320 , only wrote 11628312
12-09 07:52:24.170 W/audio_hw_generic( 1307): Not supplying enough data to HAL, expected position 11628998 , only wrote 11628973
12-09 07:52:24.236 W/audio_hw_generic( 1307): Hardware backing HAL too slow, could only write 0 of 661 frames
12-09 07:52:24.287 W/art     ( 1592): Long monitor contention event with owner method=java.util.List com.android.server.am.ActivityManagerService.getAllStackInfos() from ActivityManagerService.java:8937 waiters=0 for 1.162s
12-09 07:52:24.287 W/art     ( 1592): Long monitor contention event with owner method=java.util.List com.android.server.am.ActivityManagerService.getAllStackInfos() from ActivityManagerService.java:8937 waiters=1 for 778ms
12-09 07:52:24.413 W/audio_hw_generic( 1307): Not supplying enough data to HAL, expected position 11639657 , only wrote 11637566
12-09 07:52:24.423 W/art     ( 1592): Long monitor contention event with owner method=void com.android.server.wm.WindowAnimator$1.doFrame(long) from WindowAnimator.java:121 waiters=0 for 137ms
12-09 07:52:24.467 W/audio_hw_generic( 1307): Hardware backing HAL too slow, could only write 0 of 661 frames
12-09 07:52:24.478 W/audio_hw_generic( 1307): Hardware backing HAL too slow, could only write 0 of 661 frames
12-09 07:52:24.525 W/audio_hw_generic( 1307): Hardware backing HAL too slow, could only write 0 of 661 frames
12-09 07:52:24.525 W/audio_hw_generic( 1307): Not supplying enough data to HAL, expected position 11642502 , only wrote 11642193
12-09 07:52:24.525 W/audio_hw_generic( 1307): Not supplying enough data to HAL, expected position 11642204 , only wrote 11642193
12-09 07:52:24.542 W/audio_hw_generic( 1307): Not supplying enough data to HAL, expected position 11642932 , only wrote 11642854
12-09 07:52:24.557 D/gralloc_ranchu( 1219): gralloc_alloc: Creating ashmem region of size 3686400
12-09 07:52:24.616 D/AndroidRuntime( 7869): >>>>>> START com.android.internal.os.RuntimeInit uid 0 <<<<<<
12-09 07:52:24.617 D/AndroidRuntime( 7869): CheckJNI is ON
12-09 07:52:24.695 D/ICU     ( 7869): No timezone override file found: /data/misc/zoneinfo/current/icu/icu_tzdata.dat
12-09 07:52:24.708 I/ActivityManager( 1592): Displayed com.evancharlton.mileage/.FillupInfoActivity: +2s716ms
12-09 07:52:24.783 W/audio_hw_generic( 1307): Not supplying enough data to HAL, expected position 11653477 , only wrote 11653430
12-09 07:52:24.783 W/audio_hw_generic( 1307): Not supplying enough data to HAL, expected position 11653437 , only wrote 11653430
12-09 07:52:24.833 E/memtrack( 7869): Couldn't load memtrack module (No such file or directory)
12-09 07:52:24.833 E/android.os.Debug( 7869): failed to load memtrack module: -2
12-09 07:52:24.843 I/Radio-JNI( 7869): register_android_hardware_Radio DONE
12-09 07:52:24.884 D/AndroidRuntime( 7869): Calling main entry com.android.commands.input.Input
12-09 07:52:24.884 I/Input   ( 7869): injectKeyEvent: KeyEvent { action=ACTION_DOWN, keyCode=KEYCODE_BACK, scanCode=0, metaState=0, flags=0x0, repeatCount=0, eventTime=2888333, downTime=2888333, deviceId=-1, source=0x101 }
12-09 07:52:24.960 W/audio_hw_generic( 1307): Not supplying enough data to HAL, expected position 11661252 , only wrote 11660701
12-09 07:52:24.960 W/audio_hw_generic( 1307): Not supplying enough data to HAL, expected position 11660708 , only wrote 11660701
12-09 07:52:24.991 W/audio_hw_generic( 1307): Not supplying enough data to HAL, expected position 11662037 , only wrote 11662023
12-09 07:52:25.066 W/audio_hw_generic( 1307): Not supplying enough data to HAL, expected position 11667884 , only wrote 11665328
12-09 07:52:25.284 I/Input   ( 7869): injectKeyEvent: KeyEvent { action=ACTION_UP, keyCode=KEYCODE_BACK, scanCode=0, metaState=0, flags=0x0, repeatCount=0, eventTime=2888333, downTime=2888333, deviceId=-1, source=0x101 }
12-09 07:52:25.364 D/AndroidRuntime( 7869): Shutting down VM
12-09 07:52:25.550 W/ActivityManager( 1592): Bad activity token: android.os.BinderProxy@428ffa5
12-09 07:52:25.550 W/ActivityManager( 1592): java.lang.ClassCastException: android.os.BinderProxy cannot be cast to com.android.server.am.ActivityRecord$Token
12-09 07:52:25.550 W/ActivityManager( 1592): 	at com.android.server.am.ActivityRecord.forTokenLocked(ActivityRecord.java:424)
12-09 07:52:25.550 W/ActivityManager( 1592): 	at com.android.server.am.ActivityRecord.isInStackLocked(ActivityRecord.java:1121)
12-09 07:52:25.550 W/ActivityManager( 1592): 	at com.android.server.am.ActivityManagerService.getActivityOptions(ActivityManagerService.java:11038)
12-09 07:52:25.550 W/ActivityManager( 1592): 	at android.app.ActivityManagerNative.onTransact(ActivityManagerNative.java:1734)
12-09 07:52:25.550 W/ActivityManager( 1592): 	at com.android.server.am.ActivityManagerService.onTransact(ActivityManagerService.java:2443)
12-09 07:52:25.550 W/ActivityManager( 1592): 	at android.os.Binder.execTransact(Binder.java:453)
12-09 07:52:25.578 V/PhoneStatusBar( 1689): setLightsOn(true)
12-09 07:52:25.592 D/gralloc_ranchu( 1219): gralloc_alloc: Creating ashmem region of size 3686400
12-09 07:52:25.616 I/System.out( 7756): URI: //gesture
12-09 07:52:25.616 I/System.out( 7756): params: {json={"query_timeout":5.0,"gestures":[{"query_string":"android.widget.TabWidget descendant TextView index:2","touches":[{"x":50,"y":50,"offset_x":0,"offset_y":0,"wait":0.0,"time":0.2,"release":true,"query_string":null}]}]}
12-09 07:52:25.616 I/System.out( 7756): }
12-09 07:52:26.299 I/Choreographer( 7756): Skipped 30 frames!  The application may be doing too much work on its main thread.
12-09 07:52:26.300 D/gralloc_ranchu( 1219): gralloc_alloc: Creating ashmem region of size 3686400
12-09 07:52:27.096 D/gralloc_ranchu( 1219): gralloc_alloc: Creating ashmem region of size 3686400
12-09 07:52:27.399 I/calabash( 7756): newActivity1
12-09 07:52:27.400 W/ActivityManager( 1592): Bad activity token: android.os.BinderProxy@8727873
12-09 07:52:27.400 W/ActivityManager( 1592): java.lang.ClassCastException: android.os.BinderProxy cannot be cast to com.android.server.am.ActivityRecord$Token
12-09 07:52:27.400 W/ActivityManager( 1592): 	at com.android.server.am.ActivityRecord.forTokenLocked(ActivityRecord.java:424)
12-09 07:52:27.400 W/ActivityManager( 1592): 	at com.android.server.am.ActivityRecord.isInStackLocked(ActivityRecord.java:1121)
12-09 07:52:27.400 W/ActivityManager( 1592): 	at com.android.server.am.ActivityRecord.getStackLocked(ActivityRecord.java:1126)
12-09 07:52:27.400 W/ActivityManager( 1592): 	at com.android.server.am.ActivityManagerService.getActivityDisplayId(ActivityManagerService.java:8889)
12-09 07:52:27.400 W/ActivityManager( 1592): 	at android.app.ActivityManagerNative.onTransact(ActivityManagerNative.java:2338)
12-09 07:52:27.400 W/ActivityManager( 1592): 	at com.android.server.am.ActivityManagerService.onTransact(ActivityManagerService.java:2443)
12-09 07:52:27.400 W/ActivityManager( 1592): 	at android.os.Binder.execTransact(Binder.java:453)
12-09 07:52:27.401 W/ActivityManager( 1592): Bad activity token: android.os.BinderProxy@8727873
12-09 07:52:27.401 W/ActivityManager( 1592): java.lang.ClassCastException: android.os.BinderProxy cannot be cast to com.android.server.am.ActivityRecord$Token
12-09 07:52:27.401 W/ActivityManager( 1592): 	at com.android.server.am.ActivityRecord.forTokenLocked(ActivityRecord.java:424)
12-09 07:52:27.401 W/ActivityManager( 1592): 	at com.android.server.am.ActivityRecord.isInStackLocked(ActivityRecord.java:1121)
12-09 07:52:27.401 W/ActivityManager( 1592): 	at com.android.server.am.ActivityManagerService.setTaskDescription(ActivityManagerService.java:8547)
12-09 07:52:27.401 W/ActivityManager( 1592): 	at android.app.ActivityManagerNative.onTransact(ActivityManagerNative.java:2410)
12-09 07:52:27.401 W/ActivityManager( 1592): 	at com.android.server.am.ActivityManagerService.onTransact(ActivityManagerService.java:2443)
12-09 07:52:27.401 W/ActivityManager( 1592): 	at android.os.Binder.execTransact(Binder.java:453)
12-09 07:52:27.447 D/AudioFlinger( 1307): mixer(0xf4380000) throttle end: throttle time(11)
12-09 07:52:27.490 W/audio_hw_generic( 1307): Hardware backing HAL too slow, could only write 0 of 661 frames
12-09 07:52:27.501 I/art     ( 7756): Background partial concurrent mark sweep GC freed 40035(2MB) AllocSpace objects, 9(180KB) LOS objects, 40% free, 3MB/5MB, paused 19.407ms total 85.677ms
12-09 07:52:27.503 W/audio_hw_generic( 1307): Hardware backing HAL too slow, could only write 0 of 661 frames
12-09 07:52:27.516 D/VehicleStatisticsActivity( 7756): Checking recalculation ...
12-09 07:52:27.517 D/VehicleStatisticsActivity( 7756): Recalculating statistics
12-09 07:52:27.517 D/VehicleStatisticsTask( 7756): Calculation starting...
12-09 07:52:27.517 D/VehicleStatisticsActivity( 7756): Recalculation started!
12-09 07:52:27.528 W/ActivityManager( 1592): Bad activity token: android.os.BinderProxy@8727873
12-09 07:52:27.528 W/ActivityManager( 1592): java.lang.ClassCastException: android.os.BinderProxy cannot be cast to com.android.server.am.ActivityRecord$Token
12-09 07:52:27.528 W/ActivityManager( 1592): 	at com.android.server.am.ActivityRecord.forTokenLocked(ActivityRecord.java:424)
12-09 07:52:27.528 W/ActivityManager( 1592): 	at com.android.server.am.ActivityRecord.isInStackLocked(ActivityRecord.java:1121)
12-09 07:52:27.528 W/ActivityManager( 1592): 	at com.android.server.am.ActivityManagerService.getActivityOptions(ActivityManagerService.java:11038)
12-09 07:52:27.528 W/ActivityManager( 1592): 	at android.app.ActivityManagerNative.onTransact(ActivityManagerNative.java:1734)
12-09 07:52:27.528 W/ActivityManager( 1592): 	at com.android.server.am.ActivityManagerService.onTransact(ActivityManagerService.java:2443)
12-09 07:52:27.528 W/ActivityManager( 1592): 	at android.os.Binder.execTransact(Binder.java:453)
12-09 07:52:27.539 W/ActivityManager( 1592): Bad activity token: android.os.BinderProxy@8727873
12-09 07:52:27.539 W/ActivityManager( 1592): java.lang.ClassCastException: android.os.BinderProxy cannot be cast to com.android.server.am.ActivityRecord$Token
12-09 07:52:27.539 W/ActivityManager( 1592): 	at com.android.server.am.ActivityRecord.forTokenLocked(ActivityRecord.java:424)
12-09 07:52:27.539 W/ActivityManager( 1592): 	at com.android.server.am.ActivityRecord.isInStackLocked(ActivityRecord.java:1121)
12-09 07:52:27.539 W/ActivityManager( 1592): 	at com.android.server.am.ActivityManagerService.getActivityOptions(ActivityManagerService.java:11038)
12-09 07:52:27.539 W/ActivityManager( 1592): 	at android.app.ActivityManagerNative.onTransact(ActivityManagerNative.java:1734)
12-09 07:52:27.539 W/ActivityManager( 1592): 	at com.android.server.am.ActivityManagerService.onTransact(ActivityManagerService.java:2443)
12-09 07:52:27.539 W/ActivityManager( 1592): 	at android.os.Binder.execTransact(Binder.java:453)
12-09 07:52:27.565 D/VehicleStatisticsActivity( 7756): Checking recalculation ...
12-09 07:52:27.576 D/VehicleStatisticsActivity( 7756): Recalculating statistics
12-09 07:52:27.576 D/VehicleStatisticsTask( 7756): Calculation starting...
12-09 07:52:27.576 D/VehicleStatisticsActivity( 7756): Recalculation started!
12-09 07:52:27.588 D/CalculateTask( 7756): Recalculating...
12-09 07:52:27.640 D/CalculateTask( 7756): Recalculating...
12-09 07:52:27.846 W/audio_hw_generic( 1307): Hardware backing HAL too slow, could only write 0 of 661 frames
12-09 07:52:27.855 D/Mileage.ABS( 7756): Finished backup
12-09 07:52:27.907 W/audio_hw_generic( 1307): Hardware backing HAL too slow, could only write 0 of 661 frames
12-09 07:52:27.938 W/audio_hw_generic( 1307): Hardware backing HAL too slow, could only write 0 of 661 frames
12-09 07:52:27.942 D/Mileage.ABS( 7756): Not backing up; 114
12-09 07:52:27.953 D/VehicleStatisticsTask( 7756): Done recalculating!
12-09 07:52:27.977 D/VehicleStatisticsTask( 7756): Done recalculating!
12-09 07:52:27.998 D/VehicleStatisticsAdapter( 7756): Erasing the cache ...
12-09 07:52:28.007 D/VehicleStatisticsAdapter( 7756): Building new values ...
12-09 07:52:28.007 D/VehicleStatisticsAdapter( 7756): Writing 29 records to the database ...
12-09 07:52:28.020 D/VehicleStatisticsAdapter( 7756): Erasing the cache ...
12-09 07:52:28.069 D/VehicleStatisticsAdapter( 7756): Building new values ...
12-09 07:52:28.069 D/VehicleStatisticsAdapter( 7756): Writing 29 records to the database ...
12-09 07:52:28.091 D/Mileage.ABS( 7756): Not backing up; 263
12-09 07:52:28.160 E/SurfaceFlinger( 1219): ro.sf.lcd_density must be defined as a build property
12-09 07:52:28.201 D/gralloc_ranchu( 1219): gralloc_alloc: Creating ashmem region of size 3686400
12-09 07:52:28.226 D/Mileage.ABS( 7756): Not backing up; 398
12-09 07:52:28.227 D/Mileage.ABS( 7756): Not backing up; 399
12-09 07:52:28.227 D/Mileage.ABS( 7756): Not backing up; 399
12-09 07:52:28.227 D/Mileage.ABS( 7756): Not backing up; 399
12-09 07:52:28.257 D/        ( 7882): HostConnection::get() New Host Connection established 0x7f66a7ad2480, tid 7882
12-09 07:52:28.286 E/EGL_emulation( 1219): tid 1219: eglCreateSyncKHR(1881): error 0x3004 (EGL_BAD_ATTRIBUTE)
12-09 07:52:28.428 D/Mileage.ABS( 7756): Not backing up; 600
12-09 07:52:28.428 D/Mileage.ABS( 7756): Not backing up; 600
12-09 07:52:28.429 D/Mileage.ABS( 7756): Not backing up; 601
12-09 07:52:28.459 W/audio_hw_generic( 1307): Hardware backing HAL too slow, could only write 0 of 661 frames
12-09 07:52:28.571 D/Mileage.ABS( 7756): Not backing up; 743
12-09 07:52:28.574 D/Mileage.ABS( 7756): Not backing up; 746
12-09 07:52:28.578 D/Mileage.ABS( 7756): Not backing up; 750
12-09 07:52:28.581 D/Mileage.ABS( 7756): Not backing up; 753
12-09 07:52:28.626 D/Mileage.ABS( 7756): Not backing up; 798
12-09 07:52:28.717 D/Mileage.ABS( 7756): Not backing up; 889
12-09 07:52:28.717 D/Mileage.ABS( 7756): Not backing up; 889
12-09 07:52:28.717 D/Mileage.ABS( 7756): Not backing up; 889
12-09 07:52:28.717 D/Mileage.ABS( 7756): Not backing up; 889
12-09 07:52:28.718 D/Mileage.ABS( 7756): Not backing up; 890
12-09 07:52:28.909 D/Mileage.ABS( 7756): Finished backup
12-09 07:52:28.922 W/audio_hw_generic( 1307): Hardware backing HAL too slow, could only write 0 of 661 frames
12-09 07:52:28.924 D/Mileage.ABS( 7756): Not backing up; 84
12-09 07:52:28.937 D/Mileage.ABS( 7756): Not backing up; 97
12-09 07:52:28.958 W/audio_hw_generic( 1307): Not supplying enough data to HAL, expected position 11732171 , only wrote 11732089
12-09 07:52:28.959 W/audio_hw_generic( 1307): Not supplying enough data to HAL, expected position 11732097 , only wrote 11732089
12-09 07:52:28.975 W/audio_hw_generic( 1307): Not supplying enough data to HAL, expected position 11732819 , only wrote 11732750
12-09 07:52:29.061 W/audio_hw_generic( 1307): Hardware backing HAL too slow, could only write 0 of 661 frames
12-09 07:52:29.085 D/Mileage.ABS( 7756): Not backing up; 245
12-09 07:52:29.085 D/Mileage.ABS( 7756): Not backing up; 245
12-09 07:52:29.087 I/System.out( 7756): URI: //map
12-09 07:52:29.088 I/System.out( 7756): params: {json={"query":"* {text CONTAINS[c] 'Average fuel economy'}","operation":{"method_name":"query","arguments":[]}}
12-09 07:52:29.088 I/System.out( 7756): }
12-09 07:52:29.170 W/audio_hw_generic( 1307): Not supplying enough data to HAL, expected position 11741344 , only wrote 11741343
12-09 07:52:29.193 W/audio_hw_generic( 1307): Not supplying enough data to HAL, expected position 11742359 , only wrote 11742004
12-09 07:52:29.196 D/Mileage.ABS( 7756): Not backing up; 356
12-09 07:52:29.197 D/Mileage.ABS( 7756): Not backing up; 357
12-09 07:52:29.198 D/Mileage.ABS( 7756): Not backing up; 358
12-09 07:52:29.376 D/Mileage.ABS( 7756): Not backing up; 536
12-09 07:52:29.497 W/audio_hw_generic( 1307): Not supplying enough data to HAL, expected position 11755400 , only wrote 11755224
12-09 07:52:29.497 W/audio_hw_generic( 1307): Not supplying enough data to HAL, expected position 11755231 , only wrote 11755224
12-09 07:52:29.502 D/Mileage.ABS( 7756): Not backing up; 662
12-09 07:52:29.503 D/Mileage.ABS( 7756): Not backing up; 663
12-09 07:52:29.515 W/audio_hw_generic( 1307): Not supplying enough data to HAL, expected position 11756005 , only wrote 11755885
12-09 07:52:29.522 D/Mileage.ABS( 7756): Not backing up; 682
12-09 07:52:29.539 D/Mileage.ABS( 7756): Not backing up; 699
12-09 07:52:29.539 D/Mileage.ABS( 7756): Not backing up; 699
12-09 07:52:29.540 D/Mileage.ABS( 7756): Not backing up; 699
12-09 07:52:29.540 D/Mileage.ABS( 7756): Not backing up; 700
12-09 07:52:29.540 D/Mileage.ABS( 7756): Not backing up; 700
12-09 07:52:29.591 W/audio_hw_generic( 1307): Not supplying enough data to HAL, expected position 11759231 , only wrote 11759190
12-09 07:52:29.615 W/audio_hw_generic( 1307): Hardware backing HAL too slow, could only write 0 of 661 frames
12-09 07:52:29.631 W/audio_hw_generic( 1307): Hardware backing HAL too slow, could only write 0 of 661 frames
12-09 07:52:29.648 W/audio_hw_generic( 1307): Hardware backing HAL too slow, could only write 0 of 661 frames
12-09 07:52:29.688 I/System.out( 7756): URI: //gesture
12-09 07:52:29.688 I/System.out( 7756): params: {json={"query_timeout":5.0,"gestures":[{"query_string":"* {text CONTAINS[c] 'Average fuel economy'}","touches":[{"x":50,"y":50,"offset_x":0,"offset_y":0,"wait":0.0,"time":0.2,"release":true,"query_string":null}]}]}
12-09 07:52:29.688 I/System.out( 7756): }
12-09 07:52:29.709 D/Mileage.ABS( 7756): Not backing up; 869
12-09 07:52:29.848 W/audio_hw_generic( 1307): Not supplying enough data to HAL, expected position 11770542 , only wrote 11770427
12-09 07:52:29.848 W/audio_hw_generic( 1307): Not supplying enough data to HAL, expected position 11770434 , only wrote 11770427
12-09 07:52:29.854 D/Mileage.ABS( 7756): Finished backup
12-09 07:52:29.876 D/Mileage.ABS( 7756): Not backing up; 24
12-09 07:52:29.878 W/audio_hw_generic( 1307): Not supplying enough data to HAL, expected position 11771752 , only wrote 11771088
12-09 07:52:29.878 W/audio_hw_generic( 1307): Hardware backing HAL too slow, could only write 0 of 661 frames
12-09 07:52:29.878 W/audio_hw_generic( 1307): Hardware backing HAL too slow, could only write 0 of 661 frames
12-09 07:52:29.883 I/art     ( 7756): Background sticky concurrent mark sweep GC freed 48179(2MB) AllocSpace objects, 2(40KB) LOS objects, 30% free, 3MB/5MB, paused 1.743ms total 146.647ms
12-09 07:52:29.927 W/audio_hw_generic( 1307): Hardware backing HAL too slow, could only write 0 of 661 frames
12-09 07:52:29.951 W/audio_hw_generic( 1307): Hardware backing HAL too slow, could only write 0 of 661 frames
12-09 07:52:29.951 W/audio_hw_generic( 1307): Hardware backing HAL too slow, could only write 0 of 661 frames
12-09 07:52:29.966 W/audio_hw_generic( 1307): Hardware backing HAL too slow, could only write 0 of 661 frames
12-09 07:52:30.008 W/audio_hw_generic( 1307): Hardware backing HAL too slow, could only write 0 of 661 frames
12-09 07:52:30.008 W/audio_hw_generic( 1307): Not supplying enough data to HAL, expected position 11776824 , only wrote 11776376
12-09 07:52:30.008 W/audio_hw_generic( 1307): Not supplying enough data to HAL, expected position 11776382 , only wrote 11776376
12-09 07:52:30.028 W/audio_hw_generic( 1307): Not supplying enough data to HAL, expected position 11777244 , only wrote 11777037
12-09 07:52:30.119 W/audio_hw_generic( 1307): Not supplying enough data to HAL, expected position 11781040 , only wrote 11781003
12-09 07:52:30.177 I/ActivityManager( 1592): START u0 {cmp=com.evancharlton.mileage/.charts.AverageFuelEconomyChart (has extras)} from uid 10121 on display 0
12-09 07:52:30.180 D/Mileage.ABS( 7756): Not backing up; 328
12-09 07:52:30.212 D/Mileage.ABS( 7756): Not backing up; 360
12-09 07:52:30.213 D/Mileage.ABS( 7756): Not backing up; 361
12-09 07:52:30.213 D/Mileage.ABS( 7756): Not backing up; 361
12-09 07:52:30.283 D/AudioFlinger( 1307): mixer(0xf4380000) throttle end: throttle time(22)
12-09 07:52:30.379 D/Mileage.ABS( 7756): Not backing up; 527
12-09 07:52:30.380 D/Mileage.ABS( 7756): Not backing up; 528
12-09 07:52:30.380 D/Mileage.ABS( 7756): Not backing up; 528
12-09 07:52:30.381 I/calabash( 7756): newActivity1
12-09 07:52:30.422 D/Mileage.ABS( 7756): Not backing up; 570
12-09 07:52:30.596 W/aiCharts( 7756): License file is invalid or missing. 
12-09 07:52:30.596 W/aiCharts( 7756): Please place proper license.lic to /assets folder.
12-09 07:52:30.653 W/audio_hw_generic( 1307): Not supplying enough data to HAL, expected position 11804565 , only wrote 11804138
12-09 07:52:30.673 W/audio_hw_generic( 1307): Not supplying enough data to HAL, expected position 11805015 , only wrote 11804138
12-09 07:52:30.704 W/audio_hw_generic( 1307): Hardware backing HAL too slow, could only write 0 of 661 frames
12-09 07:52:30.718 W/audio_hw_generic( 1307): Hardware backing HAL too slow, could only write 0 of 661 frames
12-09 07:52:30.739 W/audio_hw_generic( 1307): Hardware backing HAL too slow, could only write 0 of 661 frames
12-09 07:52:30.751 W/audio_hw_generic( 1307): Hardware backing HAL too slow, could only write 0 of 661 frames
12-09 07:52:30.763 W/audio_hw_generic( 1307): Hardware backing HAL too slow, could only write 0 of 661 frames
12-09 07:52:30.795 W/audio_hw_generic( 1307): Hardware backing HAL too slow, could only write 0 of 661 frames
12-09 07:52:30.814 W/audio_hw_generic( 1307): Hardware backing HAL too slow, could only write 0 of 661 frames
12-09 07:52:30.823 W/audio_hw_generic( 1307): Hardware backing HAL too slow, could only write 0 of 661 frames
12-09 07:52:30.832 I/art     ( 7756): Background sticky concurrent mark sweep GC freed 36766(1782KB) AllocSpace objects, 1(20KB) LOS objects, 31% free, 3MB/5MB, paused 1.277ms total 301.925ms
12-09 07:52:30.838 W/audio_hw_generic( 1307): Hardware backing HAL too slow, could only write 0 of 661 frames
12-09 07:52:30.853 W/audio_hw_generic( 1307): Hardware backing HAL too slow, could only write 0 of 661 frames
12-09 07:52:30.866 E/SurfaceFlinger( 1219): ro.sf.lcd_density must be defined as a build property
12-09 07:52:30.867 D/gralloc_ranchu( 1219): gralloc_alloc: Creating ashmem region of size 3686400
12-09 07:52:30.958 W/audio_hw_generic( 1307): Hardware backing HAL too slow, could only write 0 of 661 frames
12-09 07:52:31.007 W/audio_hw_generic( 1307): Hardware backing HAL too slow, could only write 0 of 661 frames
12-09 07:52:31.064 W/audio_hw_generic( 1307): Hardware backing HAL too slow, could only write 0 of 661 frames
12-09 07:52:31.064 W/audio_hw_generic( 1307): Not supplying enough data to HAL, expected position 11821389 , only wrote 11820663
12-09 07:52:31.064 W/audio_hw_generic( 1307): Not supplying enough data to HAL, expected position 11820669 , only wrote 11820663
12-09 07:52:31.064 W/audio_hw_generic( 1307): Hardware backing HAL too slow, could only write 0 of 661 frames
12-09 07:52:31.083 W/audio_hw_generic( 1307): Not supplying enough data to HAL, expected position 11821460 , only wrote 11821324
12-09 07:52:31.083 W/audio_hw_generic( 1307): Hardware backing HAL too slow, could only write 0 of 661 frames
12-09 07:52:31.094 D/        ( 7899): HostConnection::get() New Host Connection established 0x7f7833b92480, tid 7899
12-09 07:52:31.098 W/audio_hw_generic( 1307): Hardware backing HAL too slow, could only write 0 of 661 frames
12-09 07:52:31.119 W/audio_hw_generic( 1307): Hardware backing HAL too slow, could only write 0 of 661 frames
12-09 07:52:31.121 E/EGL_emulation( 1219): tid 1219: eglCreateSyncKHR(1881): error 0x3004 (EGL_BAD_ATTRIBUTE)
12-09 07:52:31.240 V/PhoneStatusBar( 1689): setLightsOn(true)
12-09 07:52:31.332 D/Mileage.ABS( 7756): Finished backup
12-09 07:52:31.332 D/Mileage.ABS( 7756): Not backing up; 9
12-09 07:52:31.333 D/Mileage.ABS( 7756): Not backing up; 9
12-09 07:52:31.333 D/Mileage.ABS( 7756): Not backing up; 10
12-09 07:52:31.333 D/Mileage.ABS( 7756): Not backing up; 10
12-09 07:52:31.333 D/Mileage.ABS( 7756): Not backing up; 10
12-09 07:52:31.333 D/Mileage.ABS( 7756): Not backing up; 10
12-09 07:52:31.334 D/Mileage.ABS( 7756): Not backing up; 11
12-09 07:52:31.334 D/Mileage.ABS( 7756): Not backing up; 11
12-09 07:52:31.522 W/audio_hw_generic( 1307): Not supplying enough data to HAL, expected position 11840721 , only wrote 11840493
12-09 07:52:31.549 W/audio_hw_generic( 1307): Hardware backing HAL too slow, could only write 0 of 661 frames
12-09 07:52:31.592 W/audio_hw_generic( 1307): Hardware backing HAL too slow, could only write 0 of 661 frames
12-09 07:52:31.592 W/audio_hw_generic( 1307): Not supplying enough data to HAL, expected position 11843578 , only wrote 11843137
12-09 07:52:31.593 W/audio_hw_generic( 1307): Not supplying enough data to HAL, expected position 11843146 , only wrote 11843137
12-09 07:52:31.624 W/art     ( 1592): Long monitor contention event with owner method=void com.android.server.wm.WindowAnimator$1.doFrame(long) from WindowAnimator.java:121 waiters=1 for 226ms
12-09 07:52:31.642 W/audio_hw_generic( 1307): Hardware backing HAL too slow, could only write 0 of 661 frames
12-09 07:52:31.779 W/art     ( 1592): Long monitor contention event with owner method=void com.android.server.wm.WindowAnimator$1.doFrame(long) from WindowAnimator.java:121 waiters=1 for 342ms
12-09 07:52:31.797 W/art     ( 1592): Long monitor contention event with owner method=void com.android.server.wm.WindowAnimator$1.doFrame(long) from WindowAnimator.java:121 waiters=1 for 173ms
12-09 07:52:31.813 D/VehicleStatisticsAdapter( 7756): Caching of 29 records complete! (3.744 seconds)
12-09 07:52:31.824 W/art     ( 1592): Long monitor contention event with owner method=java.util.List com.android.server.am.ActivityManagerService.getAllStackInfos() from ActivityManagerService.java:8937 waiters=1 for 366ms
12-09 07:52:31.824 W/art     ( 1592): Long monitor contention event with owner method=java.util.List com.android.server.am.ActivityManagerService.getAllStackInfos() from ActivityManagerService.java:8937 waiters=2 for 199ms
12-09 07:52:31.838 D/VehicleStatisticsAdapter( 7756): Caching of 29 records complete! (3.831 seconds)
12-09 07:52:31.847 W/audio_hw_generic( 1307): Not supplying enough data to HAL, expected position 11854375 , only wrote 11854374
12-09 07:52:31.849 I/Choreographer( 7756): Skipped 32 frames!  The application may be doing too much work on its main thread.
12-09 07:52:31.849 D/gralloc_ranchu( 1219): gralloc_alloc: Creating ashmem region of size 372736
12-09 07:52:31.863 W/audio_hw_generic( 1307): Not supplying enough data to HAL, expected position 11855046 , only wrote 11855035
12-09 07:52:31.893 W/audio_hw_generic( 1307): Not supplying enough data to HAL, expected position 11856385 , only wrote 11856357
12-09 07:52:31.912 D/Mileage.ABS( 7756): Not backing up; 589
12-09 07:52:31.912 D/Mileage.ABS( 7756): Not backing up; 589
12-09 07:52:31.925 W/audio_hw_generic( 1307): Hardware backing HAL too slow, could only write 0 of 661 frames
12-09 07:52:32.078 W/audio_hw_generic( 1307): Hardware backing HAL too slow, could only write 0 of 661 frames
12-09 07:52:32.090 W/audio_hw_generic( 1307): Hardware backing HAL too slow, could only write 0 of 661 frames
12-09 07:52:32.196 W/audio_hw_generic( 1307): Not supplying enough data to HAL, expected position 11869691 , only wrote 11868255
12-09 07:52:32.196 W/audio_hw_generic( 1307): Not supplying enough data to HAL, expected position 11868262 , only wrote 11868255
12-09 07:52:32.212 W/audio_hw_generic( 1307): Not supplying enough data to HAL, expected position 11868955 , only wrote 11868916
12-09 07:52:32.243 W/audio_hw_generic( 1307): Not supplying enough data to HAL, expected position 11870284 , only wrote 11870238
12-09 07:52:32.674 W/audio_hw_generic( 1307): Not supplying enough data to HAL, expected position 11889266 , only wrote 11888746
12-09 07:52:32.674 W/audio_hw_generic( 1307): Not supplying enough data to HAL, expected position 11888753 , only wrote 11888746
