12-09 08:04:49.049 W/audio_hw_generic( 1307): Not supplying enough data to HAL, expected position 21913983 , only wrote 21912811
12-09 08:04:49.049 W/audio_hw_generic( 1307): Not supplying enough data to HAL, expected position 21912818 , only wrote 21912811
12-09 08:04:49.074 W/audio_hw_generic( 1307): Not supplying enough data to HAL, expected position 21913901 , only wrote 21913472
12-09 08:04:49.178 W/audio_hw_generic( 1307): Not supplying enough data to HAL, expected position 21918065 , only wrote 21917438
12-09 08:04:49.178 W/audio_hw_generic( 1307): Not supplying enough data to HAL, expected position 21917445 , only wrote 21917438
12-09 08:04:49.210 W/audio_hw_generic( 1307): Not supplying enough data to HAL, expected position 21918845 , only wrote 21918099
12-09 08:04:49.220 E/memtrack(11271): Couldn't load memtrack module (No such file or directory)
12-09 08:04:49.220 E/android.os.Debug(11271): failed to load memtrack module: -2
12-09 08:04:49.230 I/Radio-JNI(11271): register_android_hardware_Radio DONE
12-09 08:04:49.245 D/AndroidRuntime(11271): Calling main entry com.android.commands.input.Input
12-09 08:04:49.257 W/audio_hw_generic( 1307): Hardware backing HAL too slow, could only write 0 of 661 frames
12-09 08:04:49.283 I/Input   (11271): injectKeyEvent: KeyEvent { action=ACTION_DOWN, keyCode=KEYCODE_BACK, scanCode=0, metaState=0, flags=0x0, repeatCount=0, eventTime=4102829, downTime=4102829, deviceId=-1, source=0x101 }
12-09 08:04:49.298 I/Input   (11271): injectKeyEvent: KeyEvent { action=ACTION_UP, keyCode=KEYCODE_BACK, scanCode=0, metaState=0, flags=0x0, repeatCount=0, eventTime=4102829, downTime=4102829, deviceId=-1, source=0x101 }
12-09 08:04:49.381 W/audio_hw_generic( 1307): Not supplying enough data to HAL, expected position 21925662 , only wrote 21925370
12-09 08:04:49.382 W/audio_hw_generic( 1307): Not supplying enough data to HAL, expected position 21925377 , only wrote 21925370
12-09 08:04:49.383 D/AndroidRuntime(11271): Shutting down VM
12-09 08:04:49.392 W/ActivityManager( 1591): Bad activity token: android.os.BinderProxy@13b521f
12-09 08:04:49.392 W/ActivityManager( 1591): java.lang.ClassCastException: android.os.BinderProxy cannot be cast to com.android.server.am.ActivityRecord$Token
12-09 08:04:49.392 W/ActivityManager( 1591): 	at com.android.server.am.ActivityRecord.forTokenLocked(ActivityRecord.java:424)
12-09 08:04:49.392 W/ActivityManager( 1591): 	at com.android.server.am.ActivityRecord.isInStackLocked(ActivityRecord.java:1121)
12-09 08:04:49.392 W/ActivityManager( 1591): 	at com.android.server.am.ActivityManagerService.getActivityOptions(ActivityManagerService.java:11038)
12-09 08:04:49.392 W/ActivityManager( 1591): 	at android.app.ActivityManagerNative.onTransact(ActivityManagerNative.java:1734)
12-09 08:04:49.392 W/ActivityManager( 1591): 	at com.android.server.am.ActivityManagerService.onTransact(ActivityManagerService.java:2443)
12-09 08:04:49.392 W/ActivityManager( 1591): 	at android.os.Binder.execTransact(Binder.java:453)
12-09 08:04:49.399 W/audio_hw_generic( 1307): Not supplying enough data to HAL, expected position 21926125 , only wrote 21926031
12-09 08:04:49.425 V/PhoneStatusBar( 3110): setLightsOn(true)
12-09 08:04:49.429 W/audio_hw_generic( 1307): Not supplying enough data to HAL, expected position 21928228 , only wrote 21927353
12-09 08:04:49.446 D/gralloc_ranchu( 1218): gralloc_alloc: Creating ashmem region of size 3686400
12-09 08:04:49.631 I/System.out(11159): URI: //gesture
12-09 08:04:49.631 I/System.out(11159): params: {json={"query_timeout":5.0,"gestures":[{"query_string":"android.widget.TabWidget descendant TextView index:2","touches":[{"x":50,"y":50,"offset_x":0,"offset_y":0,"wait":0.0,"time":0.2,"release":true,"query_string":null}]}]}
12-09 08:04:49.631 I/System.out(11159): }
12-09 08:04:49.888 D/gralloc_ranchu( 1218): gralloc_alloc: Creating ashmem region of size 3686400
12-09 08:04:50.563 D/gralloc_ranchu( 1218): gralloc_alloc: Creating ashmem region of size 3686400
12-09 08:04:51.236 I/calabash(11159): newActivity1
12-09 08:04:51.240 W/ActivityManager( 1591): Bad activity token: android.os.BinderProxy@ea9e001
12-09 08:04:51.240 W/ActivityManager( 1591): java.lang.ClassCastException: android.os.BinderProxy cannot be cast to com.android.server.am.ActivityRecord$Token
12-09 08:04:51.240 W/ActivityManager( 1591): 	at com.android.server.am.ActivityRecord.forTokenLocked(ActivityRecord.java:424)
12-09 08:04:51.240 W/ActivityManager( 1591): 	at com.android.server.am.ActivityRecord.isInStackLocked(ActivityRecord.java:1121)
12-09 08:04:51.240 W/ActivityManager( 1591): 	at com.android.server.am.ActivityRecord.getStackLocked(ActivityRecord.java:1126)
12-09 08:04:51.240 W/ActivityManager( 1591): 	at com.android.server.am.ActivityManagerService.getActivityDisplayId(ActivityManagerService.java:8889)
12-09 08:04:51.240 W/ActivityManager( 1591): 	at android.app.ActivityManagerNative.onTransact(ActivityManagerNative.java:2338)
12-09 08:04:51.240 W/ActivityManager( 1591): 	at com.android.server.am.ActivityManagerService.onTransact(ActivityManagerService.java:2443)
12-09 08:04:51.240 W/ActivityManager( 1591): 	at android.os.Binder.execTransact(Binder.java:453)
12-09 08:04:51.241 W/ActivityManager( 1591): Bad activity token: android.os.BinderProxy@ea9e001
12-09 08:04:51.241 W/ActivityManager( 1591): java.lang.ClassCastException: android.os.BinderProxy cannot be cast to com.android.server.am.ActivityRecord$Token
12-09 08:04:51.241 W/ActivityManager( 1591): 	at com.android.server.am.ActivityRecord.forTokenLocked(ActivityRecord.java:424)
12-09 08:04:51.241 W/ActivityManager( 1591): 	at com.android.server.am.ActivityRecord.isInStackLocked(ActivityRecord.java:1121)
12-09 08:04:51.241 W/ActivityManager( 1591): 	at com.android.server.am.ActivityManagerService.setTaskDescription(ActivityManagerService.java:8547)
12-09 08:04:51.241 W/ActivityManager( 1591): 	at android.app.ActivityManagerNative.onTransact(ActivityManagerNative.java:2410)
12-09 08:04:51.241 W/ActivityManager( 1591): 	at com.android.server.am.ActivityManagerService.onTransact(ActivityManagerService.java:2443)
12-09 08:04:51.241 W/ActivityManager( 1591): 	at android.os.Binder.execTransact(Binder.java:453)
12-09 08:04:51.336 D/VehicleStatisticsActivity(11159): Checking recalculation ...
12-09 08:04:51.354 D/VehicleStatisticsActivity(11159): Recalculating statistics
12-09 08:04:51.354 D/VehicleStatisticsTask(11159): Calculation starting...
12-09 08:04:51.354 D/VehicleStatisticsActivity(11159): Recalculation started!
12-09 08:04:51.362 W/audio_hw_generic( 1307): Hardware backing HAL too slow, could only write 0 of 661 frames
12-09 08:04:51.375 W/ActivityManager( 1591): Bad activity token: android.os.BinderProxy@ea9e001
12-09 08:04:51.375 W/ActivityManager( 1591): java.lang.ClassCastException: android.os.BinderProxy cannot be cast to com.android.server.am.ActivityRecord$Token
12-09 08:04:51.375 W/ActivityManager( 1591): 	at com.android.server.am.ActivityRecord.forTokenLocked(ActivityRecord.java:424)
12-09 08:04:51.375 W/ActivityManager( 1591): 	at com.android.server.am.ActivityRecord.isInStackLocked(ActivityRecord.java:1121)
12-09 08:04:51.375 W/ActivityManager( 1591): 	at com.android.server.am.ActivityManagerService.getActivityOptions(ActivityManagerService.java:11038)
12-09 08:04:51.375 W/ActivityManager( 1591): 	at android.app.ActivityManagerNative.onTransact(ActivityManagerNative.java:1734)
12-09 08:04:51.375 W/ActivityManager( 1591): 	at com.android.server.am.ActivityManagerService.onTransact(ActivityManagerService.java:2443)
12-09 08:04:51.375 W/ActivityManager( 1591): 	at android.os.Binder.execTransact(Binder.java:453)
12-09 08:04:51.375 W/ActivityManager( 1591): Bad activity token: android.os.BinderProxy@ea9e001
12-09 08:04:51.375 W/ActivityManager( 1591): java.lang.ClassCastException: android.os.BinderProxy cannot be cast to com.android.server.am.ActivityRecord$Token
12-09 08:04:51.375 W/ActivityManager( 1591): 	at com.android.server.am.ActivityRecord.forTokenLocked(ActivityRecord.java:424)
12-09 08:04:51.375 W/ActivityManager( 1591): 	at com.android.server.am.ActivityRecord.isInStackLocked(ActivityRecord.java:1121)
12-09 08:04:51.375 W/ActivityManager( 1591): 	at com.android.server.am.ActivityManagerService.getActivityOptions(ActivityManagerService.java:11038)
12-09 08:04:51.375 W/ActivityManager( 1591): 	at android.app.ActivityManagerNative.onTransact(ActivityManagerNative.java:1734)
12-09 08:04:51.375 W/ActivityManager( 1591): 	at com.android.server.am.ActivityManagerService.onTransact(ActivityManagerService.java:2443)
12-09 08:04:51.375 W/ActivityManager( 1591): 	at android.os.Binder.execTransact(Binder.java:453)
12-09 08:04:51.378 W/audio_hw_generic( 1307): Hardware backing HAL too slow, could only write 0 of 661 frames
12-09 08:04:51.390 W/audio_hw_generic( 1307): Hardware backing HAL too slow, could only write 0 of 661 frames
12-09 08:04:51.399 D/VehicleStatisticsActivity(11159): Checking recalculation ...
12-09 08:04:51.400 D/VehicleStatisticsActivity(11159): Recalculating statistics
12-09 08:04:51.400 D/VehicleStatisticsTask(11159): Calculation starting...
12-09 08:04:51.400 D/VehicleStatisticsActivity(11159): Recalculation started!
12-09 08:04:51.403 W/audio_hw_generic( 1307): Hardware backing HAL too slow, could only write 0 of 661 frames
12-09 08:04:51.530 D/CalculateTask(11159): Recalculating...
12-09 08:04:51.542 W/audio_hw_generic( 1307): Not supplying enough data to HAL, expected position 21937441 , only wrote 21935946
12-09 08:04:51.542 W/audio_hw_generic( 1307): Not supplying enough data to HAL, expected position 21935953 , only wrote 21935946
12-09 08:04:51.558 W/audio_hw_generic( 1307): Not supplying enough data to HAL, expected position 21936661 , only wrote 21936607
12-09 08:04:51.590 W/audio_hw_generic( 1307): Hardware backing HAL too slow, could only write 0 of 661 frames
12-09 08:04:51.612 W/audio_hw_generic( 1307): Hardware backing HAL too slow, could only write 0 of 661 frames
12-09 08:04:51.620 W/audio_hw_generic( 1307): Hardware backing HAL too slow, could only write 0 of 661 frames
12-09 08:04:51.639 W/audio_hw_generic( 1307): Hardware backing HAL too slow, could only write 0 of 661 frames
12-09 08:04:51.675 W/art     (11159): Long monitor contention event with owner method=void android.database.sqlite.SQLiteConnectionPool.releaseConnection(android.database.sqlite.SQLiteConnection) from SQLiteConnectionPool.java:363 waiters=0 for 220ms
12-09 08:04:51.731 D/Mileage.ABS(11159): Finished backup
12-09 08:04:51.738 D/VehicleStatisticsTask(11159): Done recalculating!
12-09 08:04:51.738 D/Mileage.ABS(11159): Not backing up; 37
12-09 08:04:51.740 D/CalculateTask(11159): Recalculating...
12-09 08:04:51.774 D/VehicleStatisticsAdapter(11159): Erasing the cache ...
12-09 08:04:51.794 D/VehicleStatisticsAdapter(11159): Building new values ...
12-09 08:04:51.794 D/VehicleStatisticsAdapter(11159): Writing 29 records to the database ...
12-09 08:04:51.845 E/SurfaceFlinger( 1218): ro.sf.lcd_density must be defined as a build property
12-09 08:04:51.854 D/gralloc_ranchu( 1218): gralloc_alloc: Creating ashmem region of size 3686400
12-09 08:04:51.946 W/audio_hw_generic( 1307): Hardware backing HAL too slow, could only write 0 of 661 frames
12-09 08:04:51.962 D/        (11283): HostConnection::get() New Host Connection established 0x7f6436592480, tid 11283
12-09 08:04:51.963 D/Mileage.ABS(11159): Not backing up; 262
12-09 08:04:52.002 E/EGL_emulation( 1218): tid 1218: eglCreateSyncKHR(1881): error 0x3004 (EGL_BAD_ATTRIBUTE)
12-09 08:04:52.215 D/VehicleStatisticsTask(11159): Done recalculating!
12-09 08:04:52.254 D/Mileage.ABS(11159): Not backing up; 553
12-09 08:04:52.255 D/Mileage.ABS(11159): Not backing up; 554
12-09 08:04:52.255 D/Mileage.ABS(11159): Not backing up; 554
12-09 08:04:52.255 D/Mileage.ABS(11159): Not backing up; 554
12-09 08:04:52.320 D/VehicleStatisticsAdapter(11159): Erasing the cache ...
12-09 08:04:52.353 W/audio_hw_generic( 1307): Not supplying enough data to HAL, expected position 21971649 , only wrote 21971640
12-09 08:04:52.353 W/audio_hw_generic( 1307): Not supplying enough data to HAL, expected position 21971647 , only wrote 21971640
12-09 08:04:52.368 W/audio_hw_generic( 1307): Not supplying enough data to HAL, expected position 21972314 , only wrote 21972301
12-09 08:04:52.424 D/VehicleStatisticsAdapter(11159): Building new values ...
12-09 08:04:52.428 D/VehicleStatisticsAdapter(11159): Writing 29 records to the database ...
12-09 08:04:52.448 D/Mileage.ABS(11159): Not backing up; 747
12-09 08:04:52.455 D/Mileage.ABS(11159): Not backing up; 754
12-09 08:04:52.474 D/Mileage.ABS(11159): Not backing up; 773
12-09 08:04:52.477 D/Mileage.ABS(11159): Not backing up; 776
12-09 08:04:52.477 D/Mileage.ABS(11159): Not backing up; 776
12-09 08:04:52.478 D/Mileage.ABS(11159): Not backing up; 777
12-09 08:04:52.478 D/Mileage.ABS(11159): Not backing up; 777
12-09 08:04:52.488 D/Mileage.ABS(11159): Not backing up; 787
12-09 08:04:52.551 W/audio_hw_generic( 1307): Hardware backing HAL too slow, could only write 0 of 661 frames
12-09 08:04:52.635 D/Mileage.ABS(11159): Not backing up; 934
12-09 08:04:52.637 D/Mileage.ABS(11159): Not backing up; 935
12-09 08:04:52.637 D/Mileage.ABS(11159): Not backing up; 936
12-09 08:04:52.637 D/Mileage.ABS(11159): Not backing up; 936
12-09 08:04:52.647 D/Mileage.ABS(11159): Not backing up; 946
12-09 08:04:52.803 W/audio_hw_generic( 1307): Not supplying enough data to HAL, expected position 21991490 , only wrote 21991470
12-09 08:04:52.804 W/audio_hw_generic( 1307): Not supplying enough data to HAL, expected position 21991489 , only wrote 21991470
12-09 08:04:52.822 W/audio_hw_generic( 1307): Not supplying enough data to HAL, expected position 21992267 , only wrote 21992131
12-09 08:04:52.836 W/audio_hw_generic( 1307): Hardware backing HAL too slow, could only write 0 of 661 frames
12-09 08:04:52.858 W/audio_hw_generic( 1307): Hardware backing HAL too slow, could only write 0 of 661 frames
12-09 08:04:52.942 W/audio_hw_generic( 1307): Hardware backing HAL too slow, could only write 0 of 661 frames
12-09 08:04:53.162 W/audio_hw_generic( 1307): Not supplying enough data to HAL, expected position 22007133 , only wrote 22006673
12-09 08:04:53.180 I/System.out(11159): URI: //map
12-09 08:04:53.180 I/System.out(11159): params: {json={"query":"* {text CONTAINS[c] 'Average fuel economy'}","operation":{"method_name":"query","arguments":[]}}
12-09 08:04:53.180 I/System.out(11159): }
12-09 08:04:53.226 D/Mileage.ABS(11159): Finished backup
12-09 08:04:53.264 D/Mileage.ABS(11159): Not backing up; 228
12-09 08:04:53.264 D/Mileage.ABS(11159): Not backing up; 228
12-09 08:04:53.264 D/Mileage.ABS(11159): Not backing up; 228
12-09 08:04:53.265 D/Mileage.ABS(11159): Not backing up; 228
12-09 08:04:53.265 D/Mileage.ABS(11159): Not backing up; 229
12-09 08:04:53.265 D/Mileage.ABS(11159): Not backing up; 229
12-09 08:04:53.265 D/Mileage.ABS(11159): Not backing up; 229
12-09 08:04:53.282 D/Mileage.ABS(11159): Not backing up; 246
12-09 08:04:53.283 D/Mileage.ABS(11159): Not backing up; 247
12-09 08:04:53.283 D/Mileage.ABS(11159): Not backing up; 247
12-09 08:04:53.372 W/audio_hw_generic( 1307): Hardware backing HAL too slow, could only write 0 of 661 frames
12-09 08:04:53.383 D/Mileage.ABS(11159): Not backing up; 347
12-09 08:04:53.386 W/audio_hw_generic( 1307): Hardware backing HAL too slow, could only write 0 of 661 frames
12-09 08:04:53.429 D/Mileage.ABS(11159): Not backing up; 393
12-09 08:04:53.432 D/Mileage.ABS(11159): Not backing up; 396
12-09 08:04:53.445 D/Mileage.ABS(11159): Not backing up; 409
12-09 08:04:53.446 D/Mileage.ABS(11159): Not backing up; 410
12-09 08:04:53.494 D/Mileage.ABS(11159): Not backing up; 451
12-09 08:04:53.586 W/audio_hw_generic( 1307): Hardware backing HAL too slow, could only write 0 of 661 frames
12-09 08:04:53.602 W/art     (11159): Suspending all threads took: 7.717ms
12-09 08:04:53.646 D/Mileage.ABS(11159): Not backing up; 610
12-09 08:04:53.656 D/Mileage.ABS(11159): Not backing up; 620
12-09 08:04:53.714 I/System.out(11159): URI: //gesture
12-09 08:04:53.714 I/System.out(11159): params: {json={"query_timeout":5.0,"gestures":[{"query_string":"* {text CONTAINS[c] 'Average fuel economy'}","touches":[{"x":50,"y":50,"offset_x":0,"offset_y":0,"wait":0.0,"time":0.2,"release":true,"query_string":null}]}]}
12-09 08:04:53.714 I/System.out(11159): }
12-09 08:04:53.833 I/art     (11159): Background sticky concurrent mark sweep GC freed 61853(2MB) AllocSpace objects, 2(40KB) LOS objects, 18% free, 4MB/5MB, paused 31.496ms total 358.448ms
12-09 08:04:53.849 D/Mileage.ABS(11159): Not backing up; 813
12-09 08:04:53.861 D/Mileage.ABS(11159): Not backing up; 825
12-09 08:04:53.875 D/Mileage.ABS(11159): Not backing up; 838
12-09 08:04:53.875 D/Mileage.ABS(11159): Not backing up; 839
12-09 08:04:53.876 D/Mileage.ABS(11159): Not backing up; 840
12-09 08:04:53.876 D/Mileage.ABS(11159): Not backing up; 840
12-09 08:04:53.892 D/Mileage.ABS(11159): Not backing up; 841
12-09 08:04:53.914 W/audio_hw_generic( 1307): Not supplying enough data to HAL, expected position 22039823 , only wrote 22039723
12-09 08:04:53.914 W/audio_hw_generic( 1307): Not supplying enough data to HAL, expected position 22039730 , only wrote 22039723
12-09 08:04:53.929 D/Mileage.ABS(11159): Not backing up; 893
12-09 08:04:53.934 W/audio_hw_generic( 1307): Not supplying enough data to HAL, expected position 22040604 , only wrote 22040384
12-09 08:04:53.957 D/VehicleStatisticsAdapter(11159): Caching of 29 records complete! (2.163 seconds)
12-09 08:04:53.974 W/audio_hw_generic( 1307): Hardware backing HAL too slow, could only write 0 of 661 frames
12-09 08:04:53.986 D/Mileage.ABS(11159): Not backing up; 950
12-09 08:04:54.007 D/Mileage.ABS(11159): Not backing up; 971
12-09 08:04:54.007 D/Mileage.ABS(11159): Not backing up; 971
12-09 08:04:54.031 D/Mileage.ABS(11159): Not backing up; 995
12-09 08:04:54.054 D/Mileage.ABS(11159): Finished backup
12-09 08:04:54.070 D/Mileage.ABS(11159): Not backing up; 30
12-09 08:04:54.070 D/Mileage.ABS(11159): Not backing up; 30
12-09 08:04:54.071 D/Mileage.ABS(11159): Not backing up; 31
12-09 08:04:54.071 D/Mileage.ABS(11159): Not backing up; 31
12-09 08:04:54.071 D/Mileage.ABS(11159): Not backing up; 31
12-09 08:04:54.071 D/Mileage.ABS(11159): Not backing up; 31
12-09 08:04:54.095 D/Mileage.ABS(11159): Not backing up; 55
12-09 08:04:54.151 D/VehicleStatisticsAdapter(11159): Caching of 29 records complete! (1.722 seconds)
12-09 08:04:54.176 D/Mileage.ABS(11159): Not backing up; 136
12-09 08:04:54.206 W/audio_hw_generic( 1307): Not supplying enough data to HAL, expected position 22052370 , only wrote 22052282
12-09 08:04:54.220 D/Mileage.ABS(11159): Not backing up; 180
12-09 08:04:54.221 D/Mileage.ABS(11159): Not backing up; 181
12-09 08:04:54.317 W/audio_hw_generic( 1307): Hardware backing HAL too slow, could only write 0 of 661 frames
12-09 08:04:54.370 W/audio_hw_generic( 1307): Not supplying enough data to HAL, expected position 22059515 , only wrote 22058892
12-09 08:04:54.370 W/audio_hw_generic( 1307): Not supplying enough data to HAL, expected position 22058900 , only wrote 22058892
12-09 08:04:54.390 W/audio_hw_generic( 1307): Not supplying enough data to HAL, expected position 22059767 , only wrote 22059553
12-09 08:04:54.450 I/ActivityManager( 1591): START u0 {cmp=com.evancharlton.mileage/.charts.AverageFuelEconomyChart (has extras)} from uid 10127 on display 0
12-09 08:04:54.467 W/audio_hw_generic( 1307): Not supplying enough data to HAL, expected position 22062942 , only wrote 22060875
12-09 08:04:54.495 W/audio_hw_generic( 1307): Hardware backing HAL too slow, could only write 0 of 661 frames
12-09 08:04:54.495 W/audio_hw_generic( 1307): Hardware backing HAL too slow, could only write 0 of 661 frames
12-09 08:04:54.496 W/audio_hw_generic( 1307): Hardware backing HAL too slow, could only write 0 of 661 frames
12-09 08:04:54.514 W/audio_hw_generic( 1307): Hardware backing HAL too slow, could only write 0 of 661 frames
12-09 08:04:54.534 D/AudioFlinger( 1307): mixer(0xf4340000) throttle end: throttle time(11)
12-09 08:04:54.543 W/audio_hw_generic( 1307): Hardware backing HAL too slow, could only write 0 of 661 frames
12-09 08:04:54.562 W/audio_hw_generic( 1307): Hardware backing HAL too slow, could only write 0 of 661 frames
12-09 08:04:54.710 I/art     (11159): Background partial concurrent mark sweep GC freed 53022(2MB) AllocSpace objects, 4(80KB) LOS objects, 39% free, 3MB/5MB, paused 10.323ms total 177.156ms
12-09 08:04:54.712 I/calabash(11159): newActivity1
12-09 08:04:54.745 W/aiCharts(11159): License file is invalid or missing. 
12-09 08:04:54.745 W/aiCharts(11159): Please place proper license.lic to /assets folder.
12-09 08:04:54.819 V/PhoneStatusBar( 3110): setLightsOn(true)
12-09 08:04:54.982 W/audio_hw_generic( 1307): Hardware backing HAL too slow, could only write 0 of 661 frames
12-09 08:04:55.000 W/audio_hw_generic( 1307): Hardware backing HAL too slow, could only write 0 of 661 frames
12-09 08:04:55.018 W/audio_hw_generic( 1307): Hardware backing HAL too slow, could only write 0 of 661 frames
12-09 08:04:55.018 W/audio_hw_generic( 1307): Hardware backing HAL too slow, could only write 0 of 661 frames
12-09 08:04:55.036 W/audio_hw_generic( 1307): Not supplying enough data to HAL, expected position 22084711 , only wrote 22084671
12-09 08:04:55.036 W/audio_hw_generic( 1307): Hardware backing HAL too slow, could only write 0 of 661 frames
12-09 08:04:55.036 W/audio_hw_generic( 1307): Hardware backing HAL too slow, could only write 0 of 661 frames
12-09 08:04:55.086 W/audio_hw_generic( 1307): Hardware backing HAL too slow, could only write 0 of 661 frames
12-09 08:04:55.100 W/audio_hw_generic( 1307): Hardware backing HAL too slow, could only write 0 of 661 frames
12-09 08:04:55.115 W/audio_hw_generic( 1307): Hardware backing HAL too slow, could only write 0 of 661 frames
12-09 08:04:55.180 E/SurfaceFlinger( 1218): ro.sf.lcd_density must be defined as a build property
12-09 08:04:55.214 W/audio_hw_generic( 1307): Not supplying enough data to HAL, expected position 22092513 , only wrote 22091281
12-09 08:04:55.216 D/gralloc_ranchu( 1218): gralloc_alloc: Creating ashmem region of size 372736
12-09 08:04:55.221 D/gralloc_ranchu( 1218): gralloc_alloc: Creating ashmem region of size 3686400
12-09 08:04:55.263 D/        (11301): HostConnection::get() New Host Connection established 0x7f5a5d3d2480, tid 11301
12-09 08:04:55.314 E/EGL_emulation( 1218): tid 1218: eglCreateSyncKHR(1881): error 0x3004 (EGL_BAD_ATTRIBUTE)
12-09 08:04:55.315 W/audio_hw_generic( 1307): Not supplying enough data to HAL, expected position 22095742 , only wrote 22095247
12-09 08:04:55.315 W/audio_hw_generic( 1307): Not supplying enough data to HAL, expected position 22095254 , only wrote 22095247
12-09 08:04:55.388 D/gralloc_ranchu( 1218): gralloc_alloc: Creating ashmem region of size 3686400
12-09 08:04:55.438 W/audio_hw_generic( 1307): Not supplying enough data to HAL, expected position 22100658 , only wrote 22100535
12-09 08:04:55.438 W/audio_hw_generic( 1307): Not supplying enough data to HAL, expected position 22100542 , only wrote 22100535
12-09 08:04:55.458 W/audio_hw_generic( 1307): Not supplying enough data to HAL, expected position 22101437 , only wrote 22101196
12-09 08:04:55.609 W/audio_hw_generic( 1307): Not supplying enough data to HAL, expected position 22107843 , only wrote 22107806
12-09 08:04:55.609 W/audio_hw_generic( 1307): Not supplying enough data to HAL, expected position 22107813 , only wrote 22107806
12-09 08:04:55.626 W/audio_hw_generic( 1307): Not supplying enough data to HAL, expected position 22108548 , only wrote 22108467
12-09 08:04:55.644 W/audio_hw_generic( 1307): Not supplying enough data to HAL, expected position 22109263 , only wrote 22109128
12-09 08:04:55.644 W/audio_hw_generic( 1307): Not supplying enough data to HAL, expected position 22109135 , only wrote 22109128
12-09 08:04:55.663 W/audio_hw_generic( 1307): Not supplying enough data to HAL, expected position 22109962 , only wrote 22109789
12-09 08:04:55.678 W/audio_hw_generic( 1307): Hardware backing HAL too slow, could only write 0 of 661 frames
12-09 08:04:55.704 W/audio_hw_generic( 1307): Hardware backing HAL too slow, could only write 0 of 661 frames
12-09 08:04:55.849 D/gralloc_ranchu( 1218): gralloc_alloc: Creating ashmem region of size 3686400
12-09 08:04:56.025 W/audio_hw_generic( 1307): Hardware backing HAL too slow, could only write 0 of 661 frames
12-09 08:04:56.025 W/audio_hw_generic( 1307): Not supplying enough data to HAL, expected position 22125729 , only wrote 22124992
12-09 08:04:56.025 W/audio_hw_generic( 1307): Not supplying enough data to HAL, expected position 22124998 , only wrote 22124992
12-09 08:04:56.025 W/audio_hw_generic( 1307): Hardware backing HAL too slow, could only write 0 of 661 frames
12-09 08:04:56.050 W/audio_hw_generic( 1307): Not supplying enough data to HAL, expected position 22126090 , only wrote 22125653
12-09 08:04:56.050 W/audio_hw_generic( 1307): Hardware backing HAL too slow, could only write 0 of 661 frames
12-09 08:04:56.050 W/audio_hw_generic( 1307): Hardware backing HAL too slow, could only write 0 of 661 frames
12-09 08:04:56.065 W/audio_hw_generic( 1307): Hardware backing HAL too slow, could only write 0 of 661 frames
12-09 08:04:56.100 W/audio_hw_generic( 1307): Hardware backing HAL too slow, could only write 0 of 661 frames
12-09 08:04:56.100 W/audio_hw_generic( 1307): Hardware backing HAL too slow, could only write 0 of 661 frames
12-09 08:04:56.150 W/audio_hw_generic( 1307): Not supplying enough data to HAL, expected position 22130061 , only wrote 22128958
12-09 08:04:56.179 I/ActivityManager( 1591): Displayed com.evancharlton.mileage/.charts.AverageFuelEconomyChart: +1s482ms
12-09 08:04:56.279 W/audio_hw_generic( 1307): Not supplying enough data to HAL, expected position 22134658 , only wrote 22134246
12-09 08:04:56.279 W/audio_hw_generic( 1307): Not supplying enough data to HAL, expected position 22134253 , only wrote 22134246
12-09 08:04:56.304 W/audio_hw_generic( 1307): Not supplying enough data to HAL, expected position 22135336 , only wrote 22134907
12-09 08:04:56.399 W/audio_hw_generic( 1307): Not supplying enough data to HAL, expected position 22139095 , only wrote 22138873
12-09 08:04:56.434 W/audio_hw_generic( 1307): Not supplying enough data to HAL, expected position 22140415 , only wrote 22140195
12-09 08:04:56.474 W/audio_hw_generic( 1307): Not supplying enough data to HAL, expected position 22141965 , only wrote 22141517
12-09 08:04:56.594 W/audio_hw_generic( 1307): Not supplying enough data to HAL, expected position 22146806 , only wrote 22146805
12-09 08:04:56.594 W/audio_hw_generic( 1307): Not supplying enough data to HAL, expected position 22146813 , only wrote 22146805
12-09 08:04:56.610 W/audio_hw_generic( 1307): Not supplying enough data to HAL, expected position 22147520 , only wrote 22147466
12-09 08:04:56.692 W/audio_hw_generic( 1307): Not supplying enough data to HAL, expected position 22151055 , only wrote 22150771
12-09 08:04:57.003 W/audio_hw_generic( 1307): Not supplying enough data to HAL, expected position 22164484 , only wrote 22163330
12-09 08:04:57.003 W/audio_hw_generic( 1307): Not supplying enough data to HAL, expected position 22163340 , only wrote 22163330
