--------- beginning of system
12-09 08:22:07.522 W/ActivityManager( 1593): Finishing task with all activities already finished
12-09 08:22:07.522 W/ActivityManager( 1593): Duplicate finish request for ActivityRecord{996c8c4 u0 com.evancharlton.mileage/.Mileage t459 f}
12-09 08:22:07.523 W/ActivityManager( 1593): Finishing task with all activities already finished
12-09 08:22:07.523 W/ActivityManager( 1593): Duplicate finish request for ActivityRecord{996c8c4 u0 com.evancharlton.mileage/.Mileage t459 f}
12-09 08:22:07.523 W/ActivityManager( 1593): Finishing task with all activities already finished
12-09 08:22:07.523 W/ActivityManager( 1593): Duplicate finish request for ActivityRecord{996c8c4 u0 com.evancharlton.mileage/.Mileage t459 f}
--------- beginning of main
12-09 08:22:07.664 W/audio_hw_generic( 1310): Not supplying enough data to HAL, expected position 30168952 , only wrote 30168040
12-09 08:22:07.868 D/EGL_emulation( 1946): eglMakeCurrent: 0x7f46773e1fa0: ver 2 0 (tinfo 0x7f46773c2b40)
12-09 08:22:07.993 D/EGL_emulation( 1904): eglMakeCurrent: 0x7f466b8363c0: ver 2 0 (tinfo 0x7f466b829800)
12-09 08:22:08.000 E/Surface ( 1904): getSlotFromBufferLocked: unknown buffer: 0x7f466b836140
12-09 08:22:08.148 D/AndroidRuntime(16329): >>>>>> START com.android.internal.os.RuntimeInit uid 0 <<<<<<
12-09 08:22:08.153 D/AndroidRuntime(16329): CheckJNI is ON
12-09 08:22:08.200 D/ICU     (16329): No timezone override file found: /data/misc/zoneinfo/current/icu/icu_tzdata.dat
12-09 08:22:08.519 E/memtrack(16329): Couldn't load memtrack module (No such file or directory)
12-09 08:22:08.519 E/android.os.Debug(16329): failed to load memtrack module: -2
12-09 08:22:08.530 W/art     ( 1593): Long monitor contention event with owner method=void com.android.server.wm.WindowAnimator$1.doFrame(long) from WindowAnimator.java:121 waiters=2 for 438ms
12-09 08:22:08.532 I/Radio-JNI(16329): register_android_hardware_Radio DONE
12-09 08:22:08.740 D/AndroidRuntime(16329): Calling main entry com.android.commands.am.Am
12-09 08:22:08.743 W/art     ( 1593): Long monitor contention event with owner method=void com.android.server.wm.WindowAnimator$1.doFrame(long) from WindowAnimator.java:121 waiters=2 for 606ms
12-09 08:22:08.873 W/art     ( 1593): Long monitor contention event with owner method=void com.android.server.wm.WindowAnimator$1.doFrame(long) from WindowAnimator.java:121 waiters=2 for 555ms
12-09 08:22:09.016 W/art     ( 1593): Long monitor contention event with owner method=void com.android.server.wm.WindowAnimator$1.doFrame(long) from WindowAnimator.java:121 waiters=3 for 499ms
12-09 08:22:09.196 W/art     ( 1593): Long monitor contention event with owner method=void com.android.server.wm.WindowAnimator$1.doFrame(long) from WindowAnimator.java:121 waiters=3 for 666ms
12-09 08:22:09.310 W/art     ( 1593): Long monitor contention event with owner method=void com.android.server.wm.WindowAnimator$1.doFrame(long) from WindowAnimator.java:121 waiters=3 for 567ms
12-09 08:22:09.432 W/art     ( 1593): Long monitor contention event with owner method=void com.android.server.wm.WindowAnimator$1.doFrame(long) from WindowAnimator.java:121 waiters=3 for 559ms
12-09 08:22:09.569 W/art     ( 1593): Long monitor contention event with owner method=void com.android.server.wm.WindowAnimator$1.doFrame(long) from WindowAnimator.java:121 waiters=3 for 553ms
12-09 08:22:09.570 W/art     ( 1593): Long monitor contention event with owner method=void com.android.server.wm.WindowAnimator$1.doFrame(long) from WindowAnimator.java:121 waiters=3 for 373ms
12-09 08:22:09.570 W/art     ( 1593): Long monitor contention event with owner method=java.util.List com.android.server.am.ActivityManagerService.getAllStackInfos() from ActivityManagerService.java:8937 waiters=0 for 828ms
12-09 08:22:09.570 I/ActivityManager( 1593): Force stopping com.evancharlton.mileage appid=10137 user=0: start instr
12-09 08:22:09.571 I/ActivityManager( 1593): Killing 16260:com.evancharlton.mileage/u0a137 (adj 0): stop com.evancharlton.mileage
12-09 08:22:09.585 W/art     ( 1593): Long monitor contention event with owner method=void com.android.server.wm.WindowAnimator$1.doFrame(long) from WindowAnimator.java:121 waiters=3 for 274ms
12-09 08:22:09.785 W/ActivityManager( 1593): Crash of app com.evancharlton.mileage running instrumentation ComponentInfo{com.evancharlton.mileage.test/sh.calaba.instrumentationbackend.CalabashInstrumentationTestRunner}
12-09 08:22:09.785 I/ActivityManager( 1593): Force stopping com.evancharlton.mileage appid=10137 user=0: finished inst
12-09 08:22:09.796 W/WindowAnimator( 1593): Failed to dispatch window animation state change.
12-09 08:22:09.796 W/WindowAnimator( 1593): android.os.DeadObjectException
12-09 08:22:09.796 W/WindowAnimator( 1593): 	at android.os.BinderProxy.transactNative(Native Method)
12-09 08:22:09.796 W/WindowAnimator( 1593): 	at android.os.BinderProxy.transact(Binder.java:503)
12-09 08:22:09.796 W/WindowAnimator( 1593): 	at android.view.IWindow$Stub$Proxy.onAnimationStarted(IWindow.java:520)
12-09 08:22:09.796 W/WindowAnimator( 1593): 	at com.android.server.wm.WindowAnimator.updateWindowsLocked(WindowAnimator.java:282)
12-09 08:22:09.796 W/WindowAnimator( 1593): 	at com.android.server.wm.WindowAnimator.animateLocked(WindowAnimator.java:678)
12-09 08:22:09.796 W/WindowAnimator( 1593): 	at com.android.server.wm.WindowAnimator.-wrap0(WindowAnimator.java)
12-09 08:22:09.796 W/WindowAnimator( 1593): 	at com.android.server.wm.WindowAnimator$1.doFrame(WindowAnimator.java:123)
12-09 08:22:09.796 W/WindowAnimator( 1593): 	at android.view.Choreographer$CallbackRecord.run(Choreographer.java:856)
12-09 08:22:09.796 W/WindowAnimator( 1593): 	at android.view.Choreographer.doCallbacks(Choreographer.java:670)
12-09 08:22:09.796 W/WindowAnimator( 1593): 	at android.view.Choreographer.doFrame(Choreographer.java:603)
12-09 08:22:09.796 W/WindowAnimator( 1593): 	at android.view.Choreographer$FrameDisplayEventReceiver.run(Choreographer.java:844)
12-09 08:22:09.796 W/WindowAnimator( 1593): 	at android.os.Handler.handleCallback(Handler.java:739)
12-09 08:22:09.796 W/WindowAnimator( 1593): 	at android.os.Handler.dispatchMessage(Handler.java:95)
12-09 08:22:09.796 W/WindowAnimator( 1593): 	at android.os.Looper.loop(Looper.java:148)
12-09 08:22:09.796 W/WindowAnimator( 1593): 	at android.os.HandlerThread.run(HandlerThread.java:61)
12-09 08:22:09.796 W/WindowAnimator( 1593): 	at com.android.server.ServiceThread.run(ServiceThread.java:46)
12-09 08:22:09.797 I/Choreographer( 1946): Skipped 113 frames!  The application may be doing too much work on its main thread.
12-09 08:22:09.824 I/WindowState( 1593): WIN DEATH: Window{cefc606 u0 com.evancharlton.mileage/com.evancharlton.mileage.Mileage EXITING}
12-09 08:22:09.825 I/WindowState( 1593): WIN DEATH: Window{23eee42 u0 Toast EXITING}
12-09 08:22:09.890 I/ActivityManager( 1593): Start proc 16338:com.evancharlton.mileage/u0a137 for added application com.evancharlton.mileage
12-09 08:22:09.890 W/art     ( 1593): Long monitor contention event with owner method=java.util.List com.android.server.am.ActivityManagerService.getAllStackInfos() from ActivityManagerService.java:8937 waiters=1 for 866ms
12-09 08:22:09.891 D/AndroidRuntime(16329): Shutting down VM
12-09 08:22:09.933 W/OpenGLRenderer( 1946): Incorrectly called buildLayer on View: ShortcutAndWidgetContainer, destroying layer...
12-09 08:22:10.062 I/art     (16338): Background sticky concurrent mark sweep GC freed 12752(444KB) AllocSpace objects, 0(0B) LOS objects, 70% free, 378KB/1300KB, paused 8.519ms total 104.884ms
12-09 08:22:10.077 W/System  (16338): ClassLoader referenced unknown path: /data/app/com.evancharlton.mileage.test-1/lib/x86_64
12-09 08:22:10.077 W/System  (16338): ClassLoader referenced unknown path: /data/app/com.evancharlton.mileage-1/lib/x86_64
12-09 08:22:10.110 I/System.out(16338): Main activity name automatically set to: com.evancharlton.mileage.Mileage
12-09 08:22:10.110 I/System.out(16338): Calabash did not load Mono. This is only a problem if you are trying to test a Mono application
12-09 08:22:10.111 I/calabash(16338): Test server port: 7102
12-09 08:22:10.112 I/InstrumentationBackend(16338): Added:'GetPreferences', with key:'get_preferences'
12-09 08:22:10.213 I/InstrumentationBackend(16338): Added:'SetPreferences', with key:'set_preferences'
12-09 08:22:10.213 I/InstrumentationBackend(16338): Added:'ClearPreferences', with key:'clear_preferences'
12-09 08:22:10.217 I/InstrumentationBackend(16338): Added:'PressElement', with key:'press_l10n_element'
12-09 08:22:10.217 I/InstrumentationBackend(16338): Added:'WaitForElement', with key:'wait_for_l10n_element'
12-09 08:22:10.217 I/InstrumentationBackend(16338): Added:'NullAction', with key:'nullAction'
12-09 08:22:10.217 I/InstrumentationBackend(16338): Added:'PressKey', with key:'press_key'
12-09 08:22:10.218 I/InstrumentationBackend(16338): Added:'SetActivityOrientation', with key:'set_activity_orientation'
12-09 08:22:10.218 I/InstrumentationBackend(16338): Added:'GetActivityOrientation', with key:'get_activity_orientation'
12-09 08:22:10.218 I/InstrumentationBackend(16338): Added:'FakeGPSLocation', with key:'set_gps_coordinates'
12-09 08:22:10.218 I/InstrumentationBackend(16338): Added:'SetPropertyByCssSelector', with key:'set_property_by_css_selector'
12-09 08:22:10.218 I/InstrumentationBackend(16338): Added:'GetUrl', with key:'get_url'
12-09 08:22:10.224 I/art     (16338): Background partial concurrent mark sweep GC freed 2690(286KB) AllocSpace objects, 0(0B) LOS objects, 52% free, 933KB/1957KB, paused 9.768ms total 40.105ms
12-09 08:22:10.226 I/InstrumentationBackend(16338): Added:'ScrollTo', with key:'scroll_to'
12-09 08:22:10.226 I/InstrumentationBackend(16338): Added:'GetLoadProgress', with key:'get_load_progress'
12-09 08:22:10.226 I/InstrumentationBackend(16338): Added:'DumpHtml', with key:'dump_html'
12-09 08:22:10.226 I/InstrumentationBackend(16338): Added:'DumpBodyHtml', with key:'dump_body_html'
12-09 08:22:10.226 I/InstrumentationBackend(16338): Added:'EnterTextByCssSelector', with key:'enter_text_by_selector'
12-09 08:22:10.230 I/InstrumentationBackend(16338): Added:'AndroidSDKVersion', with key:'android_sdk_version'
12-09 08:22:10.236 I/InstrumentationBackend(16338): Added:'Version', with key:'version'
12-09 08:22:10.236 I/InstrumentationBackend(16338): Added:'Drag', with key:'drag'
12-09 08:22:10.236 I/InstrumentationBackend(16338): Added:'TouchCoordinates', with key:'touch_coordinate'
12-09 08:22:10.236 I/InstrumentationBackend(16338): Added:'LongPressCoordinate', with key:'long_press_coordinate'
12-09 08:22:10.236 I/InstrumentationBackend(16338): Added:'DragCoordinates', with key:'drag_coordinates'
12-09 08:22:10.237 I/InstrumentationBackend(16338): Added:'ResumeApplication', with key:'resume_application'
12-09 08:22:10.237 I/InstrumentationBackend(16338): Added:'Swipe', with key:'swipe'
12-09 08:22:10.237 I/InstrumentationBackend(16338): Added:'DoubleTapCoordinate', with key:'double_tap_coordinate'
12-09 08:22:10.237 I/InstrumentationBackend(16338): Added:'ClickOnScreen', with key:'click_on_screen'
12-09 08:22:10.237 I/InstrumentationBackend(16338): Added:'GetActivityName', with key:'get_activity_name'
12-09 08:22:10.238 I/InstrumentationBackend(16338): Added:'ScrollToView', with key:'scroll_to_view'
12-09 08:22:10.238 I/InstrumentationBackend(16338): Added:'ViewConfiguration', with key:'view_configuration'
12-09 08:22:10.238 I/InstrumentationBackend(16338): Added:'IsCurrentActivityFocused', with key:'is_current_activity_focused'
12-09 08:22:10.238 I/InstrumentationBackend(16338): Added:'SendTcp', with key:'send_tcp'
12-09 08:22:10.238 I/InstrumentationBackend(16338): Added:'DpToDevicePixel', with key:'dp_to_device_pixel'
12-09 08:22:10.239 I/InstrumentationBackend(16338): Added:'KeyboardEnterText', with key:'keyboard_enter_text'
12-09 08:22:10.239 I/InstrumentationBackend(16338): Added:'DeleteSurroundingText', with key:'delete_surrounding_text'
12-09 08:22:10.239 I/InstrumentationBackend(16338): Added:'SetComposingRegion', with key:'set_composing_region'
12-09 08:22:10.239 I/InstrumentationBackend(16338): Added:'SetSelection', with key:'set_selection'
12-09 08:22:10.249 W/art     ( 1593): Long monitor contention event with owner method=void com.android.server.wm.WindowAnimator$1.doFrame(long) from WindowAnimator.java:121 waiters=0 for 233ms
12-09 08:22:10.254 I/InstrumentationBackend(16338): Added:'KeyboardKeyEvent', with key:'keyboard_key_event'
12-09 08:22:10.254 I/InstrumentationBackend(16338): Added:'PressUserActionButton', with key:'press_user_action_button'
12-09 08:22:10.254 I/InstrumentationBackend(16338): Added:'HideSoftKeyboard', with key:'hide_soft_keyboard'
12-09 08:22:10.255 I/InstrumentationBackend(16338): Added:'ListActions', with key:'list_actions'
12-09 08:22:10.255 I/calabash(16338): Instantiating http server at 7102
12-09 08:22:10.261 I/System.out(16338): HTTP Daemon listening on: 7102
12-09 08:22:10.334 I/System.out(16338): URI: //ping
12-09 08:22:10.335 I/System.out(16338): params: {json={}
12-09 08:22:10.335 I/System.out(16338): }
12-09 08:22:10.425 I/System.out(16338): URI: //ping
12-09 08:22:10.425 I/System.out(16338): params: {json={}
12-09 08:22:10.425 I/System.out(16338): }
12-09 08:22:10.536 W/WindowAnimator( 1593): Failed to dispatch window animation state change.
12-09 08:22:10.536 W/WindowAnimator( 1593): android.os.DeadObjectException
12-09 08:22:10.536 W/WindowAnimator( 1593): 	at android.os.BinderProxy.transactNative(Native Method)
12-09 08:22:10.536 W/WindowAnimator( 1593): 	at android.os.BinderProxy.transact(Binder.java:503)
12-09 08:22:10.536 W/WindowAnimator( 1593): 	at android.view.IWindow$Stub$Proxy.onAnimationStopped(IWindow.java:534)
12-09 08:22:10.536 W/WindowAnimator( 1593): 	at com.android.server.wm.WindowAnimator.updateWindowsLocked(WindowAnimator.java:286)
12-09 08:22:10.536 W/WindowAnimator( 1593): 	at com.android.server.wm.WindowAnimator.animateLocked(WindowAnimator.java:678)
12-09 08:22:10.536 W/WindowAnimator( 1593): 	at com.android.server.wm.WindowAnimator.-wrap0(WindowAnimator.java)
12-09 08:22:10.536 W/WindowAnimator( 1593): 	at com.android.server.wm.WindowAnimator$1.doFrame(WindowAnimator.java:123)
12-09 08:22:10.536 W/WindowAnimator( 1593): 	at android.view.Choreographer$CallbackRecord.run(Choreographer.java:856)
12-09 08:22:10.536 W/WindowAnimator( 1593): 	at android.view.Choreographer.doCallbacks(Choreographer.java:670)
12-09 08:22:10.536 W/WindowAnimator( 1593): 	at android.view.Choreographer.doFrame(Choreographer.java:603)
12-09 08:22:10.536 W/WindowAnimator( 1593): 	at android.view.Choreographer$FrameDisplayEventReceiver.run(Choreographer.java:844)
12-09 08:22:10.536 W/WindowAnimator( 1593): 	at android.os.Handler.handleCallback(Handler.java:739)
12-09 08:22:10.536 W/WindowAnimator( 1593): 	at android.os.Handler.dispatchMessage(Handler.java:95)
12-09 08:22:10.536 W/WindowAnimator( 1593): 	at android.os.Looper.loop(Looper.java:148)
12-09 08:22:10.536 W/WindowAnimator( 1593): 	at android.os.HandlerThread.run(HandlerThread.java:61)
12-09 08:22:10.536 W/WindowAnimator( 1593): 	at com.android.server.ServiceThread.run(ServiceThread.java:46)
12-09 08:22:10.537 W/WindowAnimator( 1593): Failed to dispatch window animation state change.
12-09 08:22:10.537 W/WindowAnimator( 1593): android.os.DeadObjectException
12-09 08:22:10.537 W/WindowAnimator( 1593): 	at android.os.BinderProxy.transactNative(Native Method)
12-09 08:22:10.537 W/WindowAnimator( 1593): 	at android.os.BinderProxy.transact(Binder.java:503)
12-09 08:22:10.537 W/WindowAnimator( 1593): 	at android.view.IWindow$Stub$Proxy.onAnimationStopped(IWindow.java:534)
12-09 08:22:10.537 W/WindowAnimator( 1593): 	at com.android.server.wm.WindowAnimator.updateWindowsLocked(WindowAnimator.java:286)
12-09 08:22:10.537 W/WindowAnimator( 1593): 	at com.android.server.wm.WindowAnimator.animateLocked(WindowAnimator.java:678)
12-09 08:22:10.537 W/WindowAnimator( 1593): 	at com.android.server.wm.WindowAnimator.-wrap0(WindowAnimator.java)
12-09 08:22:10.537 W/WindowAnimator( 1593): 	at com.android.server.wm.WindowAnimator$1.doFrame(WindowAnimator.java:123)
12-09 08:22:10.537 W/WindowAnimator( 1593): 	at android.view.Choreographer$CallbackRecord.run(Choreographer.java:856)
12-09 08:22:10.537 W/WindowAnimator( 1593): 	at android.view.Choreographer.doCallbacks(Choreographer.java:670)
12-09 08:22:10.537 W/WindowAnimator( 1593): 	at android.view.Choreographer.doFrame(Choreographer.java:603)
12-09 08:22:10.537 W/WindowAnimator( 1593): 	at android.view.Choreographer$FrameDisplayEventReceiver.run(Choreographer.java:844)
12-09 08:22:10.537 W/WindowAnimator( 1593): 	at android.os.Handler.handleCallback(Handler.java:739)
12-09 08:22:10.537 W/WindowAnimator( 1593): 	at android.os.Handler.dispatchMessage(Handler.java:95)
12-09 08:22:10.537 W/WindowAnimator( 1593): 	at android.os.Looper.loop(Looper.java:148)
12-09 08:22:10.537 W/WindowAnimator( 1593): 	at android.os.HandlerThread.run(HandlerThread.java:61)
12-09 08:22:10.537 W/WindowAnimator( 1593): 	at com.android.server.ServiceThread.run(ServiceThread.java:46)
12-09 08:22:10.554 I/System.out(16338): URI: //ready
12-09 08:22:10.555 I/System.out(16338): params: {json={}
12-09 08:22:10.555 I/System.out(16338): }
12-09 08:22:10.582 I/System.out(16338): URI: //
12-09 08:22:10.582 I/System.out(16338): params: {json={"command":"version","arguments":[]}
12-09 08:22:10.582 I/System.out(16338): }
12-09 08:22:10.582 I/System.out(16338): header: {date=Sun, 09 Dec 2018 08:22:11 GMT, accept=*/*, content-length=36, host=127.0.0.1:34777, user-agent=HTTPClient/1.0 (2.8.3, ruby 2.3.1 (2016-04-26)), content-type=application/json;charset=utf-8}
12-09 08:22:10.582 I/System.out(16338): params: {json={"command":"version","arguments":[]}
12-09 08:22:10.582 I/System.out(16338): }
12-09 08:22:10.582 I/System.out(16338): ProP json = {"command":"version","arguments":[]}
12-09 08:22:10.582 I/System.out(16338): files: {}
12-09 08:22:10.582 I/System.out(16338): command: {"command":"version","arguments":[]}
12-09 08:22:10.608 I/InstrumentationBackend(16338): Got command:'Command:'Line:null,version', arguments:'[]'
12-09 08:22:10.736 W/art     (16338): Suspending all threads took: 6.501ms
12-09 08:22:10.765 I/System.out(16338): result:{"bonusInformation":[],"message":"0.9.8","success":true}
12-09 08:22:10.783 I/art     (16338): Background sticky concurrent mark sweep GC freed 15169(915KB) AllocSpace objects, 11(220KB) LOS objects, 34% free, 1286KB/1957KB, paused 10.895ms total 165.903ms
12-09 08:22:10.784 W/art     ( 1593): Long monitor contention event with owner method=void com.android.server.wm.WindowAnimator$1.doFrame(long) from WindowAnimator.java:121 waiters=0 for 239ms
12-09 08:22:10.796 I/System.out(16338): URI: //start-application
12-09 08:22:10.796 I/System.out(16338): params: {json={"intent":null}
12-09 08:22:10.796 I/System.out(16338): }
12-09 08:22:11.053 I/ActivityManager( 1593): START u0 {act=android.intent.action.MAIN cat=[android.intent.category.LAUNCHER] flg=0x10200000 cmp=com.evancharlton.mileage/.Mileage} from uid 10137 on display 0
12-09 08:22:11.564 W/art     ( 1593): Long monitor contention event with owner method=int com.android.server.wm.WindowManagerService.relayoutWindow(com.android.server.wm.Session, android.view.IWindow, int, android.view.WindowManager$LayoutParams, int, int, int, int, android.graphics.Rect, android.graphics.Rect, android.graphics.Rect, android.graphics.Rect, android.graphics.Rect, android.graphics.Rect, android.content.res.Configuration, android.view.Surface) from WindowManagerService.java:3103 waiters=0 for 284ms
12-09 08:22:11.573 W/art     ( 1593): Long monitor contention event with owner method=void com.android.server.am.ActivityManagerService.activityPaused(android.os.IBinder) from ActivityManagerService.java:6439 waiters=0 for 293ms
12-09 08:22:11.575 I/calabash(16338): newActivity1
12-09 08:22:11.591 I/calabash(16338): newActivity1
12-09 08:22:11.599 D/gralloc_ranchu( 1219): gralloc_alloc: Creating ashmem region of size 3686400
12-09 08:22:11.606 W/ActivityManager( 1593): Bad activity token: android.os.BinderProxy@a395f9f
12-09 08:22:11.606 W/ActivityManager( 1593): java.lang.ClassCastException: android.os.BinderProxy cannot be cast to com.android.server.am.ActivityRecord$Token
12-09 08:22:11.606 W/ActivityManager( 1593): 	at com.android.server.am.ActivityRecord.forTokenLocked(ActivityRecord.java:424)
12-09 08:22:11.606 W/ActivityManager( 1593): 	at com.android.server.am.ActivityRecord.isInStackLocked(ActivityRecord.java:1121)
12-09 08:22:11.606 W/ActivityManager( 1593): 	at com.android.server.am.ActivityRecord.getStackLocked(ActivityRecord.java:1126)
12-09 08:22:11.606 W/ActivityManager( 1593): 	at com.android.server.am.ActivityManagerService.getActivityDisplayId(ActivityManagerService.java:8889)
12-09 08:22:11.606 W/ActivityManager( 1593): 	at android.app.ActivityManagerNative.onTransact(ActivityManagerNative.java:2338)
12-09 08:22:11.606 W/ActivityManager( 1593): 	at com.android.server.am.ActivityManagerService.onTransact(ActivityManagerService.java:2443)
12-09 08:22:11.606 W/ActivityManager( 1593): 	at android.os.Binder.execTransact(Binder.java:453)
12-09 08:22:11.606 W/ActivityManager( 1593): Bad activity token: android.os.BinderProxy@a395f9f
12-09 08:22:11.606 W/ActivityManager( 1593): java.lang.ClassCastException: android.os.BinderProxy cannot be cast to com.android.server.am.ActivityRecord$Token
12-09 08:22:11.606 W/ActivityManager( 1593): 	at com.android.server.am.ActivityRecord.forTokenLocked(ActivityRecord.java:424)
12-09 08:22:11.606 W/ActivityManager( 1593): 	at com.android.server.am.ActivityRecord.isInStackLocked(ActivityRecord.java:1121)
12-09 08:22:11.606 W/ActivityManager( 1593): 	at com.android.server.am.ActivityManagerService.setTaskDescription(ActivityManagerService.java:8547)
12-09 08:22:11.606 W/ActivityManager( 1593): 	at android.app.ActivityManagerNative.onTransact(ActivityManagerNative.java:2410)
12-09 08:22:11.606 W/ActivityManager( 1593): 	at com.android.server.am.ActivityManagerService.onTransact(ActivityManagerService.java:2443)
12-09 08:22:11.606 W/ActivityManager( 1593): 	at android.os.Binder.execTransact(Binder.java:453)
12-09 08:22:11.721 W/ActivityManager( 1593): Bad activity token: android.os.BinderProxy@a395f9f
12-09 08:22:11.721 W/ActivityManager( 1593): java.lang.ClassCastException: android.os.BinderProxy cannot be cast to com.android.server.am.ActivityRecord$Token
12-09 08:22:11.721 W/ActivityManager( 1593): 	at com.android.server.am.ActivityRecord.forTokenLocked(ActivityRecord.java:424)
12-09 08:22:11.721 W/ActivityManager( 1593): 	at com.android.server.am.ActivityRecord.isInStackLocked(ActivityRecord.java:1121)
12-09 08:22:11.721 W/ActivityManager( 1593): 	at com.android.server.am.ActivityManagerService.getActivityOptions(ActivityManagerService.java:11038)
12-09 08:22:11.721 W/ActivityManager( 1593): 	at android.app.ActivityManagerNative.onTransact(ActivityManagerNative.java:1734)
12-09 08:22:11.721 W/ActivityManager( 1593): 	at com.android.server.am.ActivityManagerService.onTransact(ActivityManagerService.java:2443)
12-09 08:22:11.721 W/ActivityManager( 1593): 	at android.os.Binder.execTransact(Binder.java:453)
12-09 08:22:11.722 W/ActivityManager( 1593): Bad activity token: android.os.BinderProxy@a395f9f
12-09 08:22:11.722 W/ActivityManager( 1593): java.lang.ClassCastException: android.os.BinderProxy cannot be cast to com.android.server.am.ActivityRecord$Token
12-09 08:22:11.722 W/ActivityManager( 1593): 	at com.android.server.am.ActivityRecord.forTokenLocked(ActivityRecord.java:424)
12-09 08:22:11.722 W/ActivityManager( 1593): 	at com.android.server.am.ActivityRecord.isInStackLocked(ActivityRecord.java:1121)
12-09 08:22:11.722 W/ActivityManager( 1593): 	at com.android.server.am.ActivityManagerService.getActivityOptions(ActivityManagerService.java:11038)
12-09 08:22:11.722 W/ActivityManager( 1593): 	at android.app.ActivityManagerNative.onTransact(ActivityManagerNative.java:1734)
12-09 08:22:11.722 W/ActivityManager( 1593): 	at com.android.server.am.ActivityManagerService.onTransact(ActivityManagerService.java:2443)
12-09 08:22:11.722 W/ActivityManager( 1593): 	at android.os.Binder.execTransact(Binder.java:453)
12-09 08:22:11.804 I/art     (16338): Background sticky concurrent mark sweep GC freed 1863(318KB) AllocSpace objects, 0(0B) LOS objects, 18% free, 1845KB/2MB, paused 18.626ms total 34.382ms
12-09 08:22:11.954 V/PhoneStatusBar(15401): setLightsOn(true)
12-09 08:22:12.085 D/gralloc_ranchu( 1219): gralloc_alloc: Creating ashmem region of size 3686400
12-09 08:22:12.150 D/        (16338): HostConnection::get() New Host Connection established 0x7f46738eeec0, tid 16338
12-09 08:22:12.155 I/Choreographer( 1593): Skipped 32 frames!  The application may be doing too much work on its main thread.
12-09 08:22:12.165 V/PhoneStatusBar(15401): setLightsOn(true)
12-09 08:22:12.243 I/ActivityManager( 1593): Displayed com.evancharlton.mileage/.Mileage: +678ms
12-09 08:22:12.247 D/EGL_emulation( 1946): eglMakeCurrent: 0x7f46773e1fa0: ver 2 0 (tinfo 0x7f46773c2b40)
12-09 08:22:12.252 E/Surface ( 1946): getSlotFromBufferLocked: unknown buffer: 0x7f4673205e80
12-09 08:22:12.299 D/gralloc_ranchu( 1219): gralloc_alloc: Creating ashmem region of size 3686400
12-09 08:22:12.916 I/art     (16338): Background partial concurrent mark sweep GC freed 15444(740KB) AllocSpace objects, 1(20KB) LOS objects, 39% free, 1898KB/3MB, paused 1.016ms total 190.905ms
12-09 08:22:13.050 W/art     ( 1593): Long monitor contention event with owner method=void com.android.server.wm.WindowAnimator$1.doFrame(long) from WindowAnimator.java:121 waiters=0 for 203ms
12-09 08:22:13.444 W/art     ( 1593): Long monitor contention event with owner method=void com.android.server.wm.WindowAnimator$1.doFrame(long) from WindowAnimator.java:121 waiters=0 for 304ms
12-09 08:22:13.459 I/Choreographer(15401): Skipped 49 frames!  The application may be doing too much work on its main thread.
12-09 08:22:13.601 D/gralloc_ranchu( 1219): gralloc_alloc: Creating ashmem region of size 3686400
12-09 08:22:13.937 I/System.out(16338): URI: //map
12-09 08:22:13.937 I/System.out(16338): params: {json={"query":"android.widget.EditText id:'price'","operation":{"method_name":"query","arguments":[]}}
12-09 08:22:13.937 I/System.out(16338): }
12-09 08:22:14.004 W/ResourceType(16338): No package identifier when getting name for resource number 0x00000001
12-09 08:22:14.117 I/System.out(16338): URI: //gesture
12-09 08:22:14.117 I/System.out(16338): params: {json={"query_timeout":5.0,"gestures":[{"query_string":"android.widget.EditText id:'price'","touches":[{"x":50,"y":50,"offset_x":0,"offset_y":0,"wait":0.0,"time":0.2,"release":true,"query_string":null}]}]}
12-09 08:22:14.117 I/System.out(16338): }
12-09 08:22:14.129 W/ResourceType(16338): No package identifier when getting name for resource number 0x00000001
12-09 08:22:14.494 I/LatinIME( 1904): Starting input. Cursor position = 0,0
12-09 08:22:14.591 I/art     (16338): Background sticky concurrent mark sweep GC freed 29112(1386KB) AllocSpace objects, 0(0B) LOS objects, 22% free, 2MB/3MB, paused 1.251ms total 112.271ms
12-09 08:22:14.808 D/EGL_emulation( 1904): eglMakeCurrent: 0x7f466b8363c0: ver 2 0 (tinfo 0x7f466b829800)
12-09 08:22:15.097 I/System.out(16338): URI: //
12-09 08:22:15.097 I/System.out(16338): params: {json={"command":"set_selection","arguments":[-1,-1]}
12-09 08:22:15.097 I/System.out(16338): }
12-09 08:22:15.097 I/System.out(16338): header: {date=Sun, 09 Dec 2018 08:22:15 GMT, accept=*/*, content-length=47, host=127.0.0.1:34777, user-agent=HTTPClient/1.0 (2.8.3, ruby 2.3.1 (2016-04-26)), content-type=application/json;charset=utf-8}
12-09 08:22:15.097 I/System.out(16338): params: {json={"command":"set_selection","arguments":[-1,-1]}
12-09 08:22:15.097 I/System.out(16338): }
12-09 08:22:15.097 I/System.out(16338): ProP json = {"command":"set_selection","arguments":[-1,-1]}
12-09 08:22:15.097 I/System.out(16338): files: {}
12-09 08:22:15.097 I/System.out(16338): command: {"command":"set_selection","arguments":[-1,-1]}
12-09 08:22:15.098 I/InstrumentationBackend(16338): Got command:'Command:'Line:null,set_selection', arguments:'[-1, -1]'
12-09 08:22:15.166 I/System.out(16338): result:{"bonusInformation":[],"message":"","success":true}
12-09 08:22:15.270 I/art     (16338): Background sticky concurrent mark sweep GC freed 14361(642KB) AllocSpace objects, 3(60KB) LOS objects, 20% free, 2MB/3MB, paused 993us total 100.695ms
12-09 08:22:15.608 I/System.out(16338): URI: //
12-09 08:22:15.608 I/System.out(16338): params: {json={"command":"keyboard_enter_text","arguments":["23"]}
12-09 08:22:15.608 I/System.out(16338): }
12-09 08:22:15.609 I/System.out(16338): header: {date=Sun, 09 Dec 2018 08:22:16 GMT, accept=*/*, content-length=52, host=127.0.0.1:34777, user-agent=HTTPClient/1.0 (2.8.3, ruby 2.3.1 (2016-04-26)), content-type=application/json;charset=utf-8}
12-09 08:22:15.609 I/System.out(16338): params: {json={"command":"keyboard_enter_text","arguments":["23"]}
12-09 08:22:15.609 I/System.out(16338): }
12-09 08:22:15.609 I/System.out(16338): ProP json = {"command":"keyboard_enter_text","arguments":["23"]}
12-09 08:22:15.609 I/System.out(16338): files: {}
12-09 08:22:15.609 I/System.out(16338): command: {"command":"keyboard_enter_text","arguments":["23"]}
12-09 08:22:15.610 I/InstrumentationBackend(16338): Got command:'Command:'Line:null,keyboard_enter_text', arguments:'[23]'
12-09 08:22:15.666 E/SpannableStringBuilder(16338): SPAN_EXCLUSIVE_EXCLUSIVE spans cannot have a zero length
12-09 08:22:15.666 E/SpannableStringBuilder(16338): SPAN_EXCLUSIVE_EXCLUSIVE spans cannot have a zero length
12-09 08:22:15.925 E/SpannableStringBuilder(16338): SPAN_EXCLUSIVE_EXCLUSIVE spans cannot have a zero length
12-09 08:22:15.925 E/SpannableStringBuilder(16338): SPAN_EXCLUSIVE_EXCLUSIVE spans cannot have a zero length
12-09 08:22:16.003 I/System.out(16338): result:{"bonusInformation":[],"message":"","success":true}
12-09 08:22:16.005 I/art     (16338): Background partial concurrent mark sweep GC freed 12564(709KB) AllocSpace objects, 6(120KB) LOS objects, 40% free, 2MB/3MB, paused 7.739ms total 20.476ms
12-09 08:22:16.715 E/SurfaceFlinger( 1219): ro.sf.lcd_density must be defined as a build property
12-09 08:22:16.804 D/gralloc_ranchu( 1219): gralloc_alloc: Creating ashmem region of size 3686400
12-09 08:22:16.837 D/        (16369): HostConnection::get() New Host Connection established 0x7f1389552480, tid 16369
12-09 08:22:16.865 E/EGL_emulation( 1219): tid 1219: eglCreateSyncKHR(1881): error 0x3004 (EGL_BAD_ATTRIBUTE)
12-09 08:22:17.824 I/System.out(16338): URI: //map
12-09 08:22:17.824 I/System.out(16338): params: {json={"query":"android.widget.EditText id:'volume'","operation":{"method_name":"query","arguments":[]}}
12-09 08:22:17.824 I/System.out(16338): }
12-09 08:22:17.853 W/ResourceType(16338): No package identifier when getting name for resource number 0x00000001
12-09 08:22:18.064 I/System.out(16338): URI: //gesture
12-09 08:22:18.064 I/System.out(16338): params: {json={"query_timeout":5.0,"gestures":[{"query_string":"android.widget.EditText id:'volume'","touches":[{"x":50,"y":50,"offset_x":0,"offset_y":0,"wait":0.0,"time":0.2,"release":true,"query_string":null}]}]}
12-09 08:22:18.064 I/System.out(16338): }
12-09 08:22:18.128 I/art     (16338): Background sticky concurrent mark sweep GC freed 48880(2MB) AllocSpace objects, 3(60KB) LOS objects, 27% free, 2MB/3MB, paused 1.003ms total 229.624ms
12-09 08:22:18.241 W/ResourceType(16338): No package identifier when getting name for resource number 0x00000001
12-09 08:22:18.781 I/LatinIME( 1904): Starting input. Cursor position = 0,0
12-09 08:22:19.426 I/System.out(16338): URI: //
12-09 08:22:19.426 I/System.out(16338): params: {json={"command":"set_selection","arguments":[-1,-1]}
12-09 08:22:19.426 I/System.out(16338): }
12-09 08:22:19.426 I/System.out(16338): header: {date=Sun, 09 Dec 2018 08:22:20 GMT, accept=*/*, content-length=47, host=127.0.0.1:34777, user-agent=HTTPClient/1.0 (2.8.3, ruby 2.3.1 (2016-04-26)), content-type=application/json;charset=utf-8}
12-09 08:22:19.426 I/System.out(16338): params: {json={"command":"set_selection","arguments":[-1,-1]}
12-09 08:22:19.426 I/System.out(16338): }
12-09 08:22:19.426 I/System.out(16338): ProP json = {"command":"set_selection","arguments":[-1,-1]}
12-09 08:22:19.426 I/System.out(16338): files: {}
12-09 08:22:19.426 I/System.out(16338): command: {"command":"set_selection","arguments":[-1,-1]}
12-09 08:22:19.428 I/InstrumentationBackend(16338): Got command:'Command:'Line:null,set_selection', arguments:'[-1, -1]'
12-09 08:22:19.443 I/System.out(16338): result:{"bonusInformation":[],"message":"","success":true}
12-09 08:22:19.741 I/System.out(16338): URI: //
12-09 08:22:19.741 I/System.out(16338): params: {json={"command":"keyboard_enter_text","arguments":["49"]}
12-09 08:22:19.741 I/System.out(16338): }
12-09 08:22:19.741 I/System.out(16338): header: {date=Sun, 09 Dec 2018 08:22:20 GMT, accept=*/*, content-length=52, host=127.0.0.1:34777, user-agent=HTTPClient/1.0 (2.8.3, ruby 2.3.1 (2016-04-26)), content-type=application/json;charset=utf-8}
12-09 08:22:19.741 I/System.out(16338): params: {json={"command":"keyboard_enter_text","arguments":["49"]}
12-09 08:22:19.741 I/System.out(16338): }
12-09 08:22:19.742 I/System.out(16338): ProP json = {"command":"keyboard_enter_text","arguments":["49"]}
12-09 08:22:19.742 I/System.out(16338): files: {}
12-09 08:22:19.742 I/System.out(16338): command: {"command":"keyboard_enter_text","arguments":["49"]}
12-09 08:22:19.743 I/InstrumentationBackend(16338): Got command:'Command:'Line:null,keyboard_enter_text', arguments:'[49]'
12-09 08:22:19.760 E/SpannableStringBuilder(16338): SPAN_EXCLUSIVE_EXCLUSIVE spans cannot have a zero length
12-09 08:22:19.760 E/SpannableStringBuilder(16338): SPAN_EXCLUSIVE_EXCLUSIVE spans cannot have a zero length
12-09 08:22:19.763 E/SpannableStringBuilder(16338): SPAN_EXCLUSIVE_EXCLUSIVE spans cannot have a zero length
12-09 08:22:19.763 E/SpannableStringBuilder(16338): SPAN_EXCLUSIVE_EXCLUSIVE spans cannot have a zero length
12-09 08:22:19.793 I/System.out(16338): result:{"bonusInformation":[],"message":"","success":true}
12-09 08:22:19.917 I/art     (16338): Background sticky concurrent mark sweep GC freed 27257(1294KB) AllocSpace objects, 8(160KB) LOS objects, 40% free, 2MB/3MB, paused 1.040ms total 108.629ms
12-09 08:22:20.192 D/hwcomposer( 1219): hw_composer sent 645 syncs in 60s
12-09 08:22:20.472 E/SurfaceFlinger( 1219): ro.sf.lcd_density must be defined as a build property
12-09 08:22:20.575 D/gralloc_ranchu( 1219): gralloc_alloc: Creating ashmem region of size 3686400
12-09 08:22:20.589 D/        (16379): HostConnection::get() New Host Connection established 0x7f7ce9952480, tid 16379
12-09 08:22:20.679 E/EGL_emulation( 1219): tid 1219: eglCreateSyncKHR(1881): error 0x3004 (EGL_BAD_ATTRIBUTE)
12-09 08:22:21.668 I/System.out(16338): URI: //map
12-09 08:22:21.668 I/System.out(16338): params: {json={"query":"android.widget.EditText id:'odometer'","operation":{"method_name":"query","arguments":[]}}
12-09 08:22:21.668 I/System.out(16338): }
12-09 08:22:21.680 W/ResourceType(16338): No package identifier when getting name for resource number 0x00000001
12-09 08:22:21.800 I/System.out(16338): URI: //gesture
12-09 08:22:21.800 I/System.out(16338): params: {json={"query_timeout":5.0,"gestures":[{"query_string":"android.widget.EditText id:'odometer'","touches":[{"x":50,"y":50,"offset_x":0,"offset_y":0,"wait":0.0,"time":0.2,"release":true,"query_string":null}]}]}
12-09 08:22:21.800 I/System.out(16338): }
12-09 08:22:21.873 I/art     (16338): Background sticky concurrent mark sweep GC freed 45098(2027KB) AllocSpace objects, 2(40KB) LOS objects, 21% free, 3MB/3MB, paused 1.016ms total 160.667ms
12-09 08:22:21.880 W/ResourceType(16338): No package identifier when getting name for resource number 0x00000001
12-09 08:22:22.483 I/LatinIME( 1904): Starting input. Cursor position = 0,0
12-09 08:22:22.538 I/art     (16338): Background sticky concurrent mark sweep GC freed 28031(1177KB) AllocSpace objects, 1(20KB) LOS objects, 34% free, 2MB/3MB, paused 5.649ms total 59.424ms
12-09 08:22:23.164 I/System.out(16338): URI: //
12-09 08:22:23.164 I/System.out(16338): params: {json={"command":"set_selection","arguments":[-1,-1]}
12-09 08:22:23.164 I/System.out(16338): }
12-09 08:22:23.164 I/System.out(16338): header: {date=Sun, 09 Dec 2018 08:22:24 GMT, accept=*/*, content-length=47, host=127.0.0.1:34777, user-agent=HTTPClient/1.0 (2.8.3, ruby 2.3.1 (2016-04-26)), content-type=application/json;charset=utf-8}
12-09 08:22:23.164 I/System.out(16338): params: {json={"command":"set_selection","arguments":[-1,-1]}
12-09 08:22:23.164 I/System.out(16338): }
12-09 08:22:23.165 I/System.out(16338): ProP json = {"command":"set_selection","arguments":[-1,-1]}
12-09 08:22:23.165 I/System.out(16338): files: {}
12-09 08:22:23.165 I/System.out(16338): command: {"command":"set_selection","arguments":[-1,-1]}
12-09 08:22:23.166 I/InstrumentationBackend(16338): Got command:'Command:'Line:null,set_selection', arguments:'[-1, -1]'
12-09 08:22:23.200 I/System.out(16338): result:{"bonusInformation":[],"message":"","success":true}
12-09 08:22:23.290 I/System.out(16338): URI: //
12-09 08:22:23.290 I/System.out(16338): params: {json={"command":"keyboard_enter_text","arguments":["12"]}
12-09 08:22:23.290 I/System.out(16338): }
12-09 08:22:23.290 I/System.out(16338): header: {date=Sun, 09 Dec 2018 08:22:24 GMT, accept=*/*, content-length=52, host=127.0.0.1:34777, user-agent=HTTPClient/1.0 (2.8.3, ruby 2.3.1 (2016-04-26)), content-type=application/json;charset=utf-8}
12-09 08:22:23.290 I/System.out(16338): params: {json={"command":"keyboard_enter_text","arguments":["12"]}
12-09 08:22:23.290 I/System.out(16338): }
12-09 08:22:23.290 I/System.out(16338): ProP json = {"command":"keyboard_enter_text","arguments":["12"]}
12-09 08:22:23.290 I/System.out(16338): files: {}
12-09 08:22:23.290 I/System.out(16338): command: {"command":"keyboard_enter_text","arguments":["12"]}
12-09 08:22:23.297 I/InstrumentationBackend(16338): Got command:'Command:'Line:null,keyboard_enter_text', arguments:'[12]'
12-09 08:22:23.297 E/SpannableStringBuilder(16338): SPAN_EXCLUSIVE_EXCLUSIVE spans cannot have a zero length
12-09 08:22:23.297 E/SpannableStringBuilder(16338): SPAN_EXCLUSIVE_EXCLUSIVE spans cannot have a zero length
12-09 08:22:23.299 E/SpannableStringBuilder(16338): SPAN_EXCLUSIVE_EXCLUSIVE spans cannot have a zero length
12-09 08:22:23.299 E/SpannableStringBuilder(16338): SPAN_EXCLUSIVE_EXCLUSIVE spans cannot have a zero length
12-09 08:22:23.325 I/System.out(16338): result:{"bonusInformation":[],"message":"","success":true}
12-09 08:22:23.780 E/SurfaceFlinger( 1219): ro.sf.lcd_density must be defined as a build property
12-09 08:22:23.781 D/gralloc_ranchu( 1219): gralloc_alloc: Creating ashmem region of size 3686400
12-09 08:22:23.790 D/        (16389): HostConnection::get() New Host Connection established 0x7fd6d1c92480, tid 16389
12-09 08:22:23.858 E/EGL_emulation( 1219): tid 1219: eglCreateSyncKHR(1881): error 0x3004 (EGL_BAD_ATTRIBUTE)
12-09 08:22:25.944 I/System.out(16338): URI: //map
12-09 08:22:25.944 I/System.out(16338): params: {json={"query":"android.widget.Button index:2","operation":{"method_name":"query","arguments":[]}}
12-09 08:22:25.944 I/System.out(16338): }
12-09 08:22:26.116 W/art     (16338): Suspending all threads took: 14.582ms
12-09 08:22:26.200 I/art     (16338): Background sticky concurrent mark sweep GC freed 30695(1291KB) AllocSpace objects, 0(0B) LOS objects, 21% free, 3MB/3MB, paused 19.182ms total 94.558ms
12-09 08:22:26.235 I/System.out(16338): URI: //gesture
12-09 08:22:26.235 I/System.out(16338): params: {json={"query_timeout":5.0,"gestures":[{"query_string":"android.widget.Button index:2","touches":[{"x":50,"y":50,"offset_x":0,"offset_y":0,"wait":0.0,"time":0.2,"release":true,"query_string":null}]}]}
12-09 08:22:26.235 I/System.out(16338): }
12-09 08:22:26.783 I/art     (16338): Background sticky concurrent mark sweep GC freed 26679(1192KB) AllocSpace objects, 0(0B) LOS objects, 23% free, 2MB/3MB, paused 5.862ms total 78.776ms
12-09 08:22:26.860 W/audio_hw_generic( 1310): Hardware backing HAL too slow, could only write 0 of 661 frames
12-09 08:22:26.875 W/audio_hw_generic( 1310): Hardware backing HAL too slow, could only write 0 of 661 frames
12-09 08:22:26.908 W/audio_hw_generic( 1310): Hardware backing HAL too slow, could only write 0 of 661 frames
12-09 08:22:26.920 W/audio_hw_generic( 1310): Hardware backing HAL too slow, could only write 0 of 661 frames
12-09 08:22:27.012 W/audio_hw_generic( 1310): Hardware backing HAL too slow, could only write 0 of 661 frames
12-09 08:22:27.088 W/audio_hw_generic( 1310): Not supplying enough data to HAL, expected position 30178886 , only wrote 30178616
12-09 08:22:27.160 W/audio_hw_generic( 1310): Not supplying enough data to HAL, expected position 30181790 , only wrote 30179938
12-09 08:22:27.177 I/calabash(16338): newActivity1
12-09 08:22:27.178 W/ActivityManager( 1593): Bad activity token: android.os.BinderProxy@b483ea1
12-09 08:22:27.178 W/ActivityManager( 1593): java.lang.ClassCastException: android.os.BinderProxy cannot be cast to com.android.server.am.ActivityRecord$Token
12-09 08:22:27.178 W/ActivityManager( 1593): 	at com.android.server.am.ActivityRecord.forTokenLocked(ActivityRecord.java:424)
12-09 08:22:27.178 W/ActivityManager( 1593): 	at com.android.server.am.ActivityRecord.isInStackLocked(ActivityRecord.java:1121)
12-09 08:22:27.178 W/ActivityManager( 1593): 	at com.android.server.am.ActivityRecord.getStackLocked(ActivityRecord.java:1126)
12-09 08:22:27.178 W/ActivityManager( 1593): 	at com.android.server.am.ActivityManagerService.getActivityDisplayId(ActivityManagerService.java:8889)
12-09 08:22:27.178 W/ActivityManager( 1593): 	at android.app.ActivityManagerNative.onTransact(ActivityManagerNative.java:2338)
12-09 08:22:27.178 W/ActivityManager( 1593): 	at com.android.server.am.ActivityManagerService.onTransact(ActivityManagerService.java:2443)
12-09 08:22:27.178 W/ActivityManager( 1593): 	at android.os.Binder.execTransact(Binder.java:453)
12-09 08:22:27.178 W/ActivityManager( 1593): Bad activity token: android.os.BinderProxy@b483ea1
12-09 08:22:27.178 W/ActivityManager( 1593): java.lang.ClassCastException: android.os.BinderProxy cannot be cast to com.android.server.am.ActivityRecord$Token
12-09 08:22:27.178 W/ActivityManager( 1593): 	at com.android.server.am.ActivityRecord.forTokenLocked(ActivityRecord.java:424)
12-09 08:22:27.178 W/ActivityManager( 1593): 	at com.android.server.am.ActivityRecord.isInStackLocked(ActivityRecord.java:1121)
12-09 08:22:27.178 W/ActivityManager( 1593): 	at com.android.server.am.ActivityManagerService.setTaskDescription(ActivityManagerService.java:8547)
12-09 08:22:27.178 W/ActivityManager( 1593): 	at android.app.ActivityManagerNative.onTransact(ActivityManagerNative.java:2410)
12-09 08:22:27.178 W/ActivityManager( 1593): 	at com.android.server.am.ActivityManagerService.onTransact(ActivityManagerService.java:2443)
12-09 08:22:27.178 W/ActivityManager( 1593): 	at android.os.Binder.execTransact(Binder.java:453)
12-09 08:22:27.190 W/audio_hw_generic( 1310): Hardware backing HAL too slow, could only write 0 of 661 frames
12-09 08:22:27.204 W/audio_hw_generic( 1310): Hardware backing HAL too slow, could only write 0 of 661 frames
12-09 08:22:27.220 W/audio_hw_generic( 1310): Hardware backing HAL too slow, could only write 0 of 661 frames
12-09 08:22:27.246 W/ActivityManager( 1593): Bad activity token: android.os.BinderProxy@b483ea1
12-09 08:22:27.246 W/ActivityManager( 1593): java.lang.ClassCastException: android.os.BinderProxy cannot be cast to com.android.server.am.ActivityRecord$Token
12-09 08:22:27.246 W/ActivityManager( 1593): 	at com.android.server.am.ActivityRecord.forTokenLocked(ActivityRecord.java:424)
12-09 08:22:27.246 W/ActivityManager( 1593): 	at com.android.server.am.ActivityRecord.isInStackLocked(ActivityRecord.java:1121)
12-09 08:22:27.246 W/ActivityManager( 1593): 	at com.android.server.am.ActivityManagerService.getActivityOptions(ActivityManagerService.java:11038)
12-09 08:22:27.246 W/ActivityManager( 1593): 	at android.app.ActivityManagerNative.onTransact(ActivityManagerNative.java:1734)
12-09 08:22:27.246 W/ActivityManager( 1593): 	at com.android.server.am.ActivityManagerService.onTransact(ActivityManagerService.java:2443)
12-09 08:22:27.246 W/ActivityManager( 1593): 	at android.os.Binder.execTransact(Binder.java:453)
12-09 08:22:27.247 W/ActivityManager( 1593): Bad activity token: android.os.BinderProxy@b483ea1
12-09 08:22:27.247 W/ActivityManager( 1593): java.lang.ClassCastException: android.os.BinderProxy cannot be cast to com.android.server.am.ActivityRecord$Token
12-09 08:22:27.247 W/ActivityManager( 1593): 	at com.android.server.am.ActivityRecord.forTokenLocked(ActivityRecord.java:424)
12-09 08:22:27.247 W/ActivityManager( 1593): 	at com.android.server.am.ActivityRecord.isInStackLocked(ActivityRecord.java:1121)
12-09 08:22:27.247 W/ActivityManager( 1593): 	at com.android.server.am.ActivityManagerService.getActivityOptions(ActivityManagerService.java:11038)
12-09 08:22:27.247 W/ActivityManager( 1593): 	at android.app.ActivityManagerNative.onTransact(ActivityManagerNative.java:1734)
12-09 08:22:27.247 W/ActivityManager( 1593): 	at com.android.server.am.ActivityManagerService.onTransact(ActivityManagerService.java:2443)
12-09 08:22:27.247 W/ActivityManager( 1593): 	at android.os.Binder.execTransact(Binder.java:453)
12-09 08:22:27.309 I/LatinIME( 1904): Starting input. Cursor position = -1,-1
12-09 08:22:27.335 E/SurfaceFlinger( 1219): ro.sf.lcd_density must be defined as a build property
12-09 08:22:27.335 D/gralloc_ranchu( 1219): gralloc_alloc: Creating ashmem region of size 3686400
12-09 08:22:27.371 D/        (16395): HostConnection::get() New Host Connection established 0x7fc007012480, tid 16395
12-09 08:22:27.372 I/Choreographer(16338): Skipped 41 frames!  The application may be doing too much work on its main thread.
12-09 08:22:27.416 E/EGL_emulation( 1219): tid 1219: eglCreateSyncKHR(1881): error 0x3004 (EGL_BAD_ATTRIBUTE)
12-09 08:22:27.552 D/Mileage (16338): Not enough fillups to calculate economy
12-09 08:22:27.576 D/Mileage.ABS(16338): Finished backup
12-09 08:22:27.587 D/Mileage.ABS(16338): Not backing up; 35
12-09 08:22:27.587 D/Mileage.ABS(16338): Not backing up; 35
12-09 08:22:27.846 W/audio_hw_generic( 1310): Not supplying enough data to HAL, expected position 30210200 , only wrote 30209683
12-09 08:22:27.846 W/audio_hw_generic( 1310): Not supplying enough data to HAL, expected position 30209690 , only wrote 30209683
12-09 08:22:27.872 W/audio_hw_generic( 1310): Not supplying enough data to HAL, expected position 30210841 , only wrote 30210344
12-09 08:22:28.008 W/audio_hw_generic( 1310): Not supplying enough data to HAL, expected position 30216313 , only wrote 30215632
12-09 08:22:28.008 W/audio_hw_generic( 1310): Not supplying enough data to HAL, expected position 30215638 , only wrote 30215632
12-09 08:22:28.032 W/audio_hw_generic( 1310): Not supplying enough data to HAL, expected position 30216687 , only wrote 30216293
12-09 08:22:28.187 I/InputAttributes( 1904): InputType.TYPE_NULL is specified
12-09 08:22:28.237 I/Choreographer( 1904): Skipped 55 frames!  The application may be doing too much work on its main thread.
12-09 08:22:28.272 W/audio_hw_generic( 1310): Not supplying enough data to HAL, expected position 30226878 , only wrote 30226869
12-09 08:22:28.272 W/audio_hw_generic( 1310): Not supplying enough data to HAL, expected position 30226876 , only wrote 30226869
12-09 08:22:28.288 W/audio_hw_generic( 1310): Not supplying enough data to HAL, expected position 30227564 , only wrote 30227530
12-09 08:22:28.342 D/EGL_emulation( 1904): eglMakeCurrent: 0x7f466b8363c0: ver 2 0 (tinfo 0x7f466b829800)
12-09 08:22:28.357 E/Surface ( 1904): getSlotFromBufferLocked: unknown buffer: 0x7f46732208c0
12-09 08:22:28.509 W/audio_hw_generic( 1310): Not supplying enough data to HAL, expected position 30237266 , only wrote 30233479
12-09 08:22:28.509 W/audio_hw_generic( 1310): Not supplying enough data to HAL, expected position 30233485 , only wrote 30233479
12-09 08:22:28.528 W/audio_hw_generic( 1310): Not supplying enough data to HAL, expected position 30234324 , only wrote 30234140
12-09 08:22:28.565 W/audio_hw_generic( 1310): Not supplying enough data to HAL, expected position 30235792 , only wrote 30235462
12-09 08:22:28.584 W/audio_hw_generic( 1310): Hardware backing HAL too slow, could only write 0 of 661 frames
12-09 08:22:28.600 W/audio_hw_generic( 1310): Hardware backing HAL too slow, could only write 0 of 661 frames
12-09 08:22:28.608 I/System.out(16338): URI: //gesture
12-09 08:22:28.608 I/System.out(16338): params: {json={"query_timeout":5.0,"gestures":[{"query_string":"android.widget.TabWidget descendant TextView index:0","touches":[{"x":50,"y":50,"offset_x":0,"offset_y":0,"wait":0.0,"time":0.2,"release":true,"query_string":null}]}]}
12-09 08:22:28.608 I/System.out(16338): }
12-09 08:22:28.676 W/audio_hw_generic( 1310): Not supplying enough data to HAL, expected position 30240326 , only wrote 30240089
12-09 08:22:28.676 W/audio_hw_generic( 1310): Not supplying enough data to HAL, expected position 30240095 , only wrote 30240089
12-09 08:22:28.692 W/audio_hw_generic( 1310): Not supplying enough data to HAL, expected position 30240788 , only wrote 30240750
12-09 08:22:28.692 W/art     (16338): Suspending all threads took: 13.034ms
12-09 08:22:28.748 W/CursorWrapperInner(16338): Cursor finalized without prior close()
