--------- beginning of main
12-09 08:11:34.892 W/audio_hw_generic( 1307): Not supplying enough data to HAL, expected position 21214242 , only wrote 21214134
12-09 08:11:34.905 E/EGL_emulation( 1224): tid 1224: eglCreateSyncKHR(1881): error 0x3004 (EGL_BAD_ATTRIBUTE)
--------- beginning of system
12-09 08:11:35.030 W/ActivityManager( 1591): Finishing task with all activities already finished
12-09 08:11:35.030 W/ActivityManager( 1591): Duplicate finish request for ActivityRecord{a54efba u0 com.evancharlton.mileage/.Mileage t444 f}
12-09 08:11:35.044 W/ActivityManager( 1591): Finishing task with all activities already finished
12-09 08:11:35.045 W/ActivityManager( 1591): Duplicate finish request for ActivityRecord{a54efba u0 com.evancharlton.mileage/.Mileage t444 f}
12-09 08:11:35.045 W/ActivityManager( 1591): Finishing task with all activities already finished
12-09 08:11:35.045 W/ActivityManager( 1591): Duplicate finish request for ActivityRecord{a54efba u0 com.evancharlton.mileage/.Mileage t444 f}
12-09 08:11:35.093 W/audio_hw_generic( 1307): Not supplying enough data to HAL, expected position 21223012 , only wrote 21222727
12-09 08:11:35.094 W/audio_hw_generic( 1307): Not supplying enough data to HAL, expected position 21222733 , only wrote 21222727
12-09 08:11:35.112 W/audio_hw_generic( 1307): Not supplying enough data to HAL, expected position 21223530 , only wrote 21223388
12-09 08:11:35.144 I/art     ( 1591): Background partial concurrent mark sweep GC freed 20355(1534KB) AllocSpace objects, 6(120KB) LOS objects, 29% free, 9MB/13MB, paused 1.585ms total 142.638ms
12-09 08:11:35.145 D/EGL_emulation( 1930): eglMakeCurrent: 0x7f2bd73a1aa0: ver 2 0 (tinfo 0x7f2bd7382800)
12-09 08:11:35.223 W/audio_hw_generic( 1307): Hardware backing HAL too slow, could only write 0 of 661 frames
12-09 08:11:35.427 W/audio_hw_generic( 1307): Hardware backing HAL too slow, could only write 0 of 661 frames
12-09 08:11:35.438 W/art     ( 1591): Long monitor contention event with owner method=void com.android.server.wm.WindowAnimator$1.doFrame(long) from WindowAnimator.java:121 waiters=1 for 171ms
12-09 08:11:35.517 W/audio_hw_generic( 1307): Not supplying enough data to HAL, expected position 21241236 , only wrote 21241235
12-09 08:11:35.777 W/art     ( 1591): Long monitor contention event with owner method=void com.android.server.wm.WindowAnimator$1.doFrame(long) from WindowAnimator.java:121 waiters=1 for 141ms
12-09 08:11:35.890 W/art     ( 1591): Long monitor contention event with owner method=void com.android.server.wm.WindowAnimator$1.doFrame(long) from WindowAnimator.java:121 waiters=1 for 210ms
12-09 08:11:35.912 W/audio_hw_generic( 1307): Hardware backing HAL too slow, could only write 0 of 661 frames
12-09 08:11:35.920 D/AndroidRuntime(14336): >>>>>> START com.android.internal.os.RuntimeInit uid 0 <<<<<<
12-09 08:11:35.921 D/AndroidRuntime(14336): CheckJNI is ON
12-09 08:11:35.957 D/ICU     (14336): No timezone override file found: /data/misc/zoneinfo/current/icu/icu_tzdata.dat
12-09 08:11:36.081 W/audio_hw_generic( 1307): Not supplying enough data to HAL, expected position 21266106 , only wrote 21265692
12-09 08:11:36.099 W/art     ( 1591): Long monitor contention event with owner method=void com.android.server.wm.WindowAnimator$1.doFrame(long) from WindowAnimator.java:121 waiters=1 for 210ms
12-09 08:11:36.173 W/audio_hw_generic( 1307): Hardware backing HAL too slow, could only write 0 of 661 frames
12-09 08:11:36.173 W/audio_hw_generic( 1307): Not supplying enough data to HAL, expected position 21269770 , only wrote 21269658
12-09 08:11:36.173 W/audio_hw_generic( 1307): Not supplying enough data to HAL, expected position 21269663 , only wrote 21269658
12-09 08:11:36.191 W/art     ( 1591): Long monitor contention event with owner method=void com.android.server.wm.WindowAnimator$1.doFrame(long) from WindowAnimator.java:121 waiters=1 for 217ms
12-09 08:11:36.215 E/memtrack(14336): Couldn't load memtrack module (No such file or directory)
12-09 08:11:36.215 E/android.os.Debug(14336): failed to load memtrack module: -2
12-09 08:11:36.216 I/Radio-JNI(14336): register_android_hardware_Radio DONE
12-09 08:11:36.241 D/AndroidRuntime(14336): Calling main entry com.android.commands.am.Am
12-09 08:11:36.326 W/art     ( 1591): Long monitor contention event with owner method=void com.android.server.wm.WindowAnimator$1.doFrame(long) from WindowAnimator.java:121 waiters=2 for 227ms
12-09 08:11:36.371 W/audio_hw_generic( 1307): Not supplying enough data to HAL, expected position 21284873 , only wrote 21276929
12-09 08:11:36.609 W/art     ( 1591): Long monitor contention event with owner method=void com.android.server.wm.WindowAnimator$1.doFrame(long) from WindowAnimator.java:121 waiters=2 for 219ms
12-09 08:11:36.610 W/art     ( 1591): Long monitor contention event with owner method=void com.android.server.wm.WindowAnimator$1.doFrame(long) from WindowAnimator.java:121 waiters=2 for 179ms
12-09 08:11:36.611 I/Choreographer( 1930): Skipped 69 frames!  The application may be doing too much work on its main thread.
12-09 08:11:36.690 W/OpenGLRenderer( 1930): Incorrectly called buildLayer on View: ShortcutAndWidgetContainer, destroying layer...
12-09 08:11:36.723 I/Choreographer(14297): Skipped 98 frames!  The application may be doing too much work on its main thread.
12-09 08:11:36.724 W/art     ( 1591): Long monitor contention event with owner method=java.util.List com.android.server.am.ActivityManagerService.getAllStackInfos() from ActivityManagerService.java:8937 waiters=0 for 482ms
12-09 08:11:36.731 I/ActivityManager( 1591): Force stopping com.evancharlton.mileage appid=10135 user=0: start instr
12-09 08:11:36.733 I/ActivityManager( 1591): Killing 14297:com.evancharlton.mileage/u0a135 (adj 0): stop com.evancharlton.mileage
12-09 08:11:36.841 I/WindowState( 1591): WIN DEATH: Window{aee485b u0 com.evancharlton.mileage/com.evancharlton.mileage.Mileage EXITING}
12-09 08:11:36.843 I/WindowState( 1591): WIN DEATH: Window{dae6a0d u0 PopupWindow:d4f7ec EXITING}
12-09 08:11:36.849 W/ActivityManager( 1591): Crash of app com.evancharlton.mileage running instrumentation ComponentInfo{com.evancharlton.mileage.test/sh.calaba.instrumentationbackend.CalabashInstrumentationTestRunner}
12-09 08:11:36.849 I/ActivityManager( 1591): Force stopping com.evancharlton.mileage appid=10135 user=0: finished inst
12-09 08:11:36.898 I/ActivityManager( 1591): Start proc 14345:com.evancharlton.mileage/u0a135 for added application com.evancharlton.mileage
12-09 08:11:36.899 W/art     ( 1591): Long monitor contention event with owner method=java.util.List com.android.server.am.ActivityManagerService.getAllStackInfos() from ActivityManagerService.java:8937 waiters=2 for 203ms
12-09 08:11:36.909 W/art     ( 1591): Long monitor contention event with owner method=boolean com.android.server.am.ActivityManagerService.startInstrumentation(android.content.ComponentName, java.lang.String, int, android.os.Bundle, android.app.IInstrumentationWatcher, android.app.IUiAutomationConnection, int, java.lang.String) from ActivityManagerService.java:17066 waiters=3 for 176ms
12-09 08:11:36.909 W/ActivityManager( 1591): Spurious death for ProcessRecord{4888141 0:com.evancharlton.mileage/u0a135}, curProc for 14297: null
12-09 08:11:36.912 D/AndroidRuntime(14336): Shutting down VM
12-09 08:11:37.166 I/art     (14345): Background partial concurrent mark sweep GC freed 45457(1566KB) AllocSpace objects, 0(0B) LOS objects, 73% free, 376KB/1400KB, paused 984us total 189.261ms
12-09 08:11:37.167 W/WindowAnimator( 1591): Failed to dispatch window animation state change.
12-09 08:11:37.167 W/WindowAnimator( 1591): android.os.DeadObjectException
12-09 08:11:37.167 W/WindowAnimator( 1591): 	at android.os.BinderProxy.transactNative(Native Method)
12-09 08:11:37.167 W/WindowAnimator( 1591): 	at android.os.BinderProxy.transact(Binder.java:503)
12-09 08:11:37.167 W/WindowAnimator( 1591): 	at android.view.IWindow$Stub$Proxy.onAnimationStopped(IWindow.java:534)
12-09 08:11:37.167 W/WindowAnimator( 1591): 	at com.android.server.wm.WindowAnimator.updateWindowsLocked(WindowAnimator.java:286)
12-09 08:11:37.167 W/WindowAnimator( 1591): 	at com.android.server.wm.WindowAnimator.animateLocked(WindowAnimator.java:678)
12-09 08:11:37.167 W/WindowAnimator( 1591): 	at com.android.server.wm.WindowAnimator.-wrap0(WindowAnimator.java)
12-09 08:11:37.167 W/WindowAnimator( 1591): 	at com.android.server.wm.WindowAnimator$1.doFrame(WindowAnimator.java:123)
12-09 08:11:37.167 W/WindowAnimator( 1591): 	at android.view.Choreographer$CallbackRecord.run(Choreographer.java:856)
12-09 08:11:37.167 W/WindowAnimator( 1591): 	at android.view.Choreographer.doCallbacks(Choreographer.java:670)
12-09 08:11:37.167 W/WindowAnimator( 1591): 	at android.view.Choreographer.doFrame(Choreographer.java:603)
12-09 08:11:37.167 W/WindowAnimator( 1591): 	at android.view.Choreographer$FrameDisplayEventReceiver.run(Choreographer.java:844)
12-09 08:11:37.167 W/WindowAnimator( 1591): 	at android.os.Handler.handleCallback(Handler.java:739)
12-09 08:11:37.167 W/WindowAnimator( 1591): 	at android.os.Handler.dispatchMessage(Handler.java:95)
12-09 08:11:37.167 W/WindowAnimator( 1591): 	at android.os.Looper.loop(Looper.java:148)
12-09 08:11:37.167 W/WindowAnimator( 1591): 	at android.os.HandlerThread.run(HandlerThread.java:61)
12-09 08:11:37.167 W/WindowAnimator( 1591): 	at com.android.server.ServiceThread.run(ServiceThread.java:46)
12-09 08:11:37.167 W/WindowAnimator( 1591): Failed to dispatch window animation state change.
12-09 08:11:37.167 W/WindowAnimator( 1591): android.os.DeadObjectException
12-09 08:11:37.167 W/WindowAnimator( 1591): 	at android.os.BinderProxy.transactNative(Native Method)
12-09 08:11:37.167 W/WindowAnimator( 1591): 	at android.os.BinderProxy.transact(Binder.java:503)
12-09 08:11:37.167 W/WindowAnimator( 1591): 	at android.view.IWindow$Stub$Proxy.onAnimationStopped(IWindow.java:534)
12-09 08:11:37.167 W/WindowAnimator( 1591): 	at com.android.server.wm.WindowAnimator.updateWindowsLocked(WindowAnimator.java:286)
12-09 08:11:37.167 W/WindowAnimator( 1591): 	at com.android.server.wm.WindowAnimator.animateLocked(WindowAnimator.java:678)
12-09 08:11:37.167 W/WindowAnimator( 1591): 	at com.android.server.wm.WindowAnimator.-wrap0(WindowAnimator.java)
12-09 08:11:37.167 W/WindowAnimator( 1591): 	at com.android.server.wm.WindowAnimator$1.doFrame(WindowAnimator.java:123)
12-09 08:11:37.167 W/WindowAnimator( 1591): 	at android.view.Choreographer$CallbackRecord.run(Choreographer.java:856)
12-09 08:11:37.167 W/WindowAnimator( 1591): 	at android.view.Choreographer.doCallbacks(Choreographer.java:670)
12-09 08:11:37.167 W/WindowAnimator( 1591): 	at android.view.Choreographer.doFrame(Choreographer.java:603)
12-09 08:11:37.167 W/WindowAnimator( 1591): 	at android.view.Choreographer$FrameDisplayEventReceiver.run(Choreographer.java:844)
12-09 08:11:37.167 W/WindowAnimator( 1591): 	at android.os.Handler.handleCallback(Handler.java:739)
12-09 08:11:37.167 W/WindowAnimator( 1591): 	at android.os.Handler.dispatchMessage(Handler.java:95)
12-09 08:11:37.167 W/WindowAnimator( 1591): 	at android.os.Looper.loop(Looper.java:148)
12-09 08:11:37.167 W/WindowAnimator( 1591): 	at android.os.HandlerThread.run(HandlerThread.java:61)
12-09 08:11:37.167 W/WindowAnimator( 1591): 	at com.android.server.ServiceThread.run(ServiceThread.java:46)
12-09 08:11:37.219 W/System  (14345): ClassLoader referenced unknown path: /data/app/com.evancharlton.mileage.test-1/lib/x86_64
12-09 08:11:37.220 W/System  (14345): ClassLoader referenced unknown path: /data/app/com.evancharlton.mileage-1/lib/x86_64
12-09 08:11:37.289 I/System.out(14345): Main activity name automatically set to: com.evancharlton.mileage.Mileage
12-09 08:11:37.289 I/System.out(14345): Calabash did not load Mono. This is only a problem if you are trying to test a Mono application
12-09 08:11:37.289 I/calabash(14345): Test server port: 7102
12-09 08:11:37.301 I/InstrumentationBackend(14345): Added:'GetPreferences', with key:'get_preferences'
12-09 08:11:37.379 I/InstrumentationBackend(14345): Added:'SetPreferences', with key:'set_preferences'
12-09 08:11:37.384 I/InstrumentationBackend(14345): Added:'ClearPreferences', with key:'clear_preferences'
12-09 08:11:37.384 I/InstrumentationBackend(14345): Added:'PressElement', with key:'press_l10n_element'
12-09 08:11:37.384 I/InstrumentationBackend(14345): Added:'WaitForElement', with key:'wait_for_l10n_element'
12-09 08:11:37.385 I/InstrumentationBackend(14345): Added:'NullAction', with key:'nullAction'
12-09 08:11:37.385 I/InstrumentationBackend(14345): Added:'PressKey', with key:'press_key'
12-09 08:11:37.385 I/InstrumentationBackend(14345): Added:'SetActivityOrientation', with key:'set_activity_orientation'
12-09 08:11:37.385 I/InstrumentationBackend(14345): Added:'GetActivityOrientation', with key:'get_activity_orientation'
12-09 08:11:37.386 I/InstrumentationBackend(14345): Added:'FakeGPSLocation', with key:'set_gps_coordinates'
12-09 08:11:37.386 I/InstrumentationBackend(14345): Added:'SetPropertyByCssSelector', with key:'set_property_by_css_selector'
12-09 08:11:37.386 I/InstrumentationBackend(14345): Added:'GetUrl', with key:'get_url'
12-09 08:11:37.475 I/InstrumentationBackend(14345): Added:'ScrollTo', with key:'scroll_to'
12-09 08:11:37.475 I/InstrumentationBackend(14345): Added:'GetLoadProgress', with key:'get_load_progress'
12-09 08:11:37.475 I/InstrumentationBackend(14345): Added:'DumpHtml', with key:'dump_html'
12-09 08:11:37.475 I/InstrumentationBackend(14345): Added:'DumpBodyHtml', with key:'dump_body_html'
12-09 08:11:37.476 I/InstrumentationBackend(14345): Added:'EnterTextByCssSelector', with key:'enter_text_by_selector'
12-09 08:11:37.512 W/art     (14345): Suspending all threads took: 10.892ms
12-09 08:11:37.525 I/InstrumentationBackend(14345): Added:'AndroidSDKVersion', with key:'android_sdk_version'
12-09 08:11:37.525 I/InstrumentationBackend(14345): Added:'Version', with key:'version'
12-09 08:11:37.525 I/InstrumentationBackend(14345): Added:'Drag', with key:'drag'
12-09 08:11:37.526 I/InstrumentationBackend(14345): Added:'TouchCoordinates', with key:'touch_coordinate'
12-09 08:11:37.526 I/InstrumentationBackend(14345): Added:'LongPressCoordinate', with key:'long_press_coordinate'
12-09 08:11:37.526 I/InstrumentationBackend(14345): Added:'DragCoordinates', with key:'drag_coordinates'
12-09 08:11:37.526 I/InstrumentationBackend(14345): Added:'ResumeApplication', with key:'resume_application'
12-09 08:11:37.526 I/InstrumentationBackend(14345): Added:'Swipe', with key:'swipe'
12-09 08:11:37.526 I/InstrumentationBackend(14345): Added:'DoubleTapCoordinate', with key:'double_tap_coordinate'
12-09 08:11:37.526 I/InstrumentationBackend(14345): Added:'ClickOnScreen', with key:'click_on_screen'
12-09 08:11:37.527 I/InstrumentationBackend(14345): Added:'GetActivityName', with key:'get_activity_name'
12-09 08:11:37.527 I/InstrumentationBackend(14345): Added:'ScrollToView', with key:'scroll_to_view'
12-09 08:11:37.527 I/InstrumentationBackend(14345): Added:'ViewConfiguration', with key:'view_configuration'
12-09 08:11:37.539 I/InstrumentationBackend(14345): Added:'IsCurrentActivityFocused', with key:'is_current_activity_focused'
12-09 08:11:37.539 I/InstrumentationBackend(14345): Added:'SendTcp', with key:'send_tcp'
12-09 08:11:37.539 I/InstrumentationBackend(14345): Added:'DpToDevicePixel', with key:'dp_to_device_pixel'
12-09 08:11:37.545 I/art     (14345): Background sticky concurrent mark sweep GC freed 3230(328KB) AllocSpace objects, 0(0B) LOS objects, 29% free, 986KB/1400KB, paused 12.190ms total 116.154ms
12-09 08:11:37.545 I/InstrumentationBackend(14345): Added:'KeyboardEnterText', with key:'keyboard_enter_text'
12-09 08:11:37.546 I/InstrumentationBackend(14345): Added:'DeleteSurroundingText', with key:'delete_surrounding_text'
12-09 08:11:37.546 I/InstrumentationBackend(14345): Added:'SetComposingRegion', with key:'set_composing_region'
12-09 08:11:37.546 I/InstrumentationBackend(14345): Added:'SetSelection', with key:'set_selection'
12-09 08:11:37.546 I/InstrumentationBackend(14345): Added:'KeyboardKeyEvent', with key:'keyboard_key_event'
12-09 08:11:37.546 I/InstrumentationBackend(14345): Added:'PressUserActionButton', with key:'press_user_action_button'
12-09 08:11:37.547 I/InstrumentationBackend(14345): Added:'HideSoftKeyboard', with key:'hide_soft_keyboard'
12-09 08:11:37.547 I/InstrumentationBackend(14345): Added:'ListActions', with key:'list_actions'
12-09 08:11:37.547 I/calabash(14345): Instantiating http server at 7102
12-09 08:11:37.548 I/System.out(14345): HTTP Daemon listening on: 7102
12-09 08:11:37.754 I/System.out(14345): URI: //ping
12-09 08:11:37.754 I/System.out(14345): params: {json={}
12-09 08:11:37.754 I/System.out(14345): }
12-09 08:11:37.813 I/System.out(14345): URI: //ping
12-09 08:11:37.813 I/System.out(14345): params: {json={}
12-09 08:11:37.813 I/System.out(14345): }
12-09 08:11:37.865 W/art     (14345): Suspending all threads took: 48.017ms
12-09 08:11:37.874 I/art     (14345): Background partial concurrent mark sweep GC freed 1008(142KB) AllocSpace objects, 5(100KB) LOS objects, 49% free, 1055KB/2MB, paused 48.983ms total 63.012ms
12-09 08:11:37.904 I/System.out(14345): URI: //ready
12-09 08:11:37.904 I/System.out(14345): params: {json={}
12-09 08:11:37.904 I/System.out(14345): }
12-09 08:11:37.960 I/System.out(14345): URI: //
12-09 08:11:37.960 I/System.out(14345): params: {json={"command":"version","arguments":[]}
12-09 08:11:37.961 I/System.out(14345): }
12-09 08:11:37.961 I/System.out(14345): header: {date=Sun, 09 Dec 2018 08:11:38 GMT, accept=*/*, content-length=36, host=127.0.0.1:34777, user-agent=HTTPClient/1.0 (2.8.3, ruby 2.3.1 (2016-04-26)), content-type=application/json;charset=utf-8}
12-09 08:11:37.961 I/System.out(14345): params: {json={"command":"version","arguments":[]}
12-09 08:11:37.961 I/System.out(14345): }
12-09 08:11:37.961 I/System.out(14345): ProP json = {"command":"version","arguments":[]}
12-09 08:11:37.961 I/System.out(14345): files: {}
12-09 08:11:37.961 I/System.out(14345): command: {"command":"version","arguments":[]}
12-09 08:11:37.982 I/InstrumentationBackend(14345): Got command:'Command:'Line:null,version', arguments:'[]'
12-09 08:11:38.010 I/System.out(14345): result:{"bonusInformation":[],"message":"0.9.8","success":true}
12-09 08:11:38.036 W/art     (14345): Suspending all threads took: 15.027ms
12-09 08:11:38.051 I/art     (14345): Background sticky concurrent mark sweep GC freed 13972(699KB) AllocSpace objects, 5(100KB) LOS objects, 36% free, 1329KB/2MB, paused 16.223ms total 38.918ms
12-09 08:11:38.057 I/System.out(14345): URI: //start-application
12-09 08:11:38.057 I/System.out(14345): params: {json={"intent":null}
12-09 08:11:38.057 I/System.out(14345): }
12-09 08:11:38.150 I/ActivityManager( 1591): START u0 {act=android.intent.action.MAIN cat=[android.intent.category.LAUNCHER] flg=0x10200000 cmp=com.evancharlton.mileage/.Mileage} from uid 10135 on display 0
12-09 08:11:38.226 I/calabash(14345): newActivity1
12-09 08:11:38.436 I/art     (14345): Background sticky concurrent mark sweep GC freed 7201(420KB) AllocSpace objects, 0(0B) LOS objects, 22% free, 1604KB/2MB, paused 975us total 201.754ms
12-09 08:11:38.481 I/calabash(14345): newActivity1
12-09 08:11:38.482 W/ActivityManager( 1591): Bad activity token: android.os.BinderProxy@4b4fc40
12-09 08:11:38.482 W/ActivityManager( 1591): java.lang.ClassCastException: android.os.BinderProxy cannot be cast to com.android.server.am.ActivityRecord$Token
12-09 08:11:38.482 W/ActivityManager( 1591): 	at com.android.server.am.ActivityRecord.forTokenLocked(ActivityRecord.java:424)
12-09 08:11:38.482 W/ActivityManager( 1591): 	at com.android.server.am.ActivityRecord.isInStackLocked(ActivityRecord.java:1121)
12-09 08:11:38.482 W/ActivityManager( 1591): 	at com.android.server.am.ActivityRecord.getStackLocked(ActivityRecord.java:1126)
12-09 08:11:38.482 W/ActivityManager( 1591): 	at com.android.server.am.ActivityManagerService.getActivityDisplayId(ActivityManagerService.java:8889)
12-09 08:11:38.482 W/ActivityManager( 1591): 	at android.app.ActivityManagerNative.onTransact(ActivityManagerNative.java:2338)
12-09 08:11:38.482 W/ActivityManager( 1591): 	at com.android.server.am.ActivityManagerService.onTransact(ActivityManagerService.java:2443)
12-09 08:11:38.482 W/ActivityManager( 1591): 	at android.os.Binder.execTransact(Binder.java:453)
12-09 08:11:38.483 W/ActivityManager( 1591): Bad activity token: android.os.BinderProxy@4b4fc40
12-09 08:11:38.483 W/ActivityManager( 1591): java.lang.ClassCastException: android.os.BinderProxy cannot be cast to com.android.server.am.ActivityRecord$Token
12-09 08:11:38.483 W/ActivityManager( 1591): 	at com.android.server.am.ActivityRecord.forTokenLocked(ActivityRecord.java:424)
12-09 08:11:38.483 W/ActivityManager( 1591): 	at com.android.server.am.ActivityRecord.isInStackLocked(ActivityRecord.java:1121)
12-09 08:11:38.483 W/ActivityManager( 1591): 	at com.android.server.am.ActivityManagerService.setTaskDescription(ActivityManagerService.java:8547)
12-09 08:11:38.483 W/ActivityManager( 1591): 	at android.app.ActivityManagerNative.onTransact(ActivityManagerNative.java:2410)
12-09 08:11:38.483 W/ActivityManager( 1591): 	at com.android.server.am.ActivityManagerService.onTransact(ActivityManagerService.java:2443)
12-09 08:11:38.483 W/ActivityManager( 1591): 	at android.os.Binder.execTransact(Binder.java:453)
12-09 08:11:38.537 D/gralloc_ranchu( 1224): gralloc_alloc: Creating ashmem region of size 3686400
12-09 08:11:38.635 W/ActivityManager( 1591): Bad activity token: android.os.BinderProxy@4b4fc40
12-09 08:11:38.635 W/ActivityManager( 1591): java.lang.ClassCastException: android.os.BinderProxy cannot be cast to com.android.server.am.ActivityRecord$Token
12-09 08:11:38.635 W/ActivityManager( 1591): 	at com.android.server.am.ActivityRecord.forTokenLocked(ActivityRecord.java:424)
12-09 08:11:38.635 W/ActivityManager( 1591): 	at com.android.server.am.ActivityRecord.isInStackLocked(ActivityRecord.java:1121)
12-09 08:11:38.635 W/ActivityManager( 1591): 	at com.android.server.am.ActivityManagerService.getActivityOptions(ActivityManagerService.java:11038)
12-09 08:11:38.635 W/ActivityManager( 1591): 	at android.app.ActivityManagerNative.onTransact(ActivityManagerNative.java:1734)
12-09 08:11:38.635 W/ActivityManager( 1591): 	at com.android.server.am.ActivityManagerService.onTransact(ActivityManagerService.java:2443)
12-09 08:11:38.635 W/ActivityManager( 1591): 	at android.os.Binder.execTransact(Binder.java:453)
12-09 08:11:38.636 W/ActivityManager( 1591): Bad activity token: android.os.BinderProxy@4b4fc40
12-09 08:11:38.636 W/ActivityManager( 1591): java.lang.ClassCastException: android.os.BinderProxy cannot be cast to com.android.server.am.ActivityRecord$Token
12-09 08:11:38.636 W/ActivityManager( 1591): 	at com.android.server.am.ActivityRecord.forTokenLocked(ActivityRecord.java:424)
12-09 08:11:38.636 W/ActivityManager( 1591): 	at com.android.server.am.ActivityRecord.isInStackLocked(ActivityRecord.java:1121)
12-09 08:11:38.636 W/ActivityManager( 1591): 	at com.android.server.am.ActivityManagerService.getActivityOptions(ActivityManagerService.java:11038)
12-09 08:11:38.636 W/ActivityManager( 1591): 	at android.app.ActivityManagerNative.onTransact(ActivityManagerNative.java:1734)
12-09 08:11:38.636 W/ActivityManager( 1591): 	at com.android.server.am.ActivityManagerService.onTransact(ActivityManagerService.java:2443)
12-09 08:11:38.636 W/ActivityManager( 1591): 	at android.os.Binder.execTransact(Binder.java:453)
12-09 08:11:38.956 V/PhoneStatusBar( 1684): setLightsOn(true)
12-09 08:11:38.967 D/gralloc_ranchu( 1224): gralloc_alloc: Creating ashmem region of size 3686400
12-09 08:11:39.002 V/PhoneStatusBar( 1684): setLightsOn(true)
12-09 08:11:39.025 D/EGL_emulation( 1930): eglMakeCurrent: 0x7f2bd73a1aa0: ver 2 0 (tinfo 0x7f2bd7382800)
12-09 08:11:39.030 E/Surface ( 1930): getSlotFromBufferLocked: unknown buffer: 0x7f2bca18e0e0
12-09 08:11:39.032 D/        (14345): HostConnection::get() New Host Connection established 0x7f2bd71dd7a0, tid 14345
12-09 08:11:39.213 W/art     ( 1591): Long monitor contention event with owner method=void com.android.server.wm.WindowAnimator$1.doFrame(long) from WindowAnimator.java:121 waiters=1 for 127ms
12-09 08:11:39.597 W/art     ( 1591): Long monitor contention event with owner method=void com.android.server.wm.WindowAnimator$1.doFrame(long) from WindowAnimator.java:121 waiters=1 for 384ms
12-09 08:11:39.754 W/art     ( 1591): Long monitor contention event with owner method=void com.android.server.wm.WindowAnimator$1.doFrame(long) from WindowAnimator.java:121 waiters=1 for 305ms
12-09 08:11:39.982 W/art     ( 1591): Long monitor contention event with owner method=java.util.List com.android.server.am.ActivityManagerService.getAllStackInfos() from ActivityManagerService.java:8937 waiters=0 for 205ms
12-09 08:11:39.989 I/Choreographer( 1684): Skipped 31 frames!  The application may be doing too much work on its main thread.
12-09 08:11:40.183 I/ActivityManager( 1591): Displayed com.evancharlton.mileage/.Mileage: +1s961ms
12-09 08:11:40.183 W/art     ( 1591): Long monitor contention event with owner method=void com.android.server.wm.WindowManagerService$H.handleMessage(android.os.Message) from WindowManagerService.java:7820 waiters=0 for 123ms
12-09 08:11:40.335 D/gralloc_ranchu( 1224): gralloc_alloc: Creating ashmem region of size 3686400
12-09 08:11:40.725 D/gralloc_ranchu( 1224): gralloc_alloc: Creating ashmem region of size 3686400
12-09 08:11:41.147 I/art     (14345): Background sticky concurrent mark sweep GC freed 14197(739KB) AllocSpace objects, 0(0B) LOS objects, 29% free, 1967KB/2MB, paused 5.113ms total 36.453ms
12-09 08:11:41.199 I/System.out(14345): URI: //map
12-09 08:11:41.199 I/System.out(14345): params: {json={"query":"android.widget.CheckBox index:0","operation":{"method_name":"query","arguments":[]}}
12-09 08:11:41.199 I/System.out(14345): }
12-09 08:11:41.304 W/art     (14345): Suspending all threads took: 6.755ms
12-09 08:11:41.361 I/art     (14345): Background sticky concurrent mark sweep GC freed 12696(559KB) AllocSpace objects, 2(40KB) LOS objects, 0% free, 3MB/3MB, paused 8.221ms total 143.886ms
12-09 08:11:41.749 I/System.out(14345): URI: //gesture
12-09 08:11:41.749 I/System.out(14345): params: {json={"query_timeout":5.0,"gestures":[{"query_string":"android.widget.CheckBox index:0","touches":[{"x":50,"y":50,"offset_x":0,"offset_y":0,"wait":0.0,"time":0.2,"release":true,"query_string":null}]}]}
12-09 08:11:41.749 I/System.out(14345): }
12-09 08:11:41.752 I/art     (14345): Background partial concurrent mark sweep GC freed 33587(1626KB) AllocSpace objects, 2(40KB) LOS objects, 39% free, 2MB/4MB, paused 1.074ms total 380.805ms
12-09 08:11:42.174 I/art     (14345): Background sticky concurrent mark sweep GC freed 45469(2037KB) AllocSpace objects, 1(20KB) LOS objects, 47% free, 2MB/4MB, paused 1.046ms total 102.119ms
12-09 08:11:42.196 W/audio_hw_generic( 1307): Hardware backing HAL too slow, could only write 0 of 661 frames
12-09 08:11:42.220 W/audio_hw_generic( 1307): Hardware backing HAL too slow, could only write 0 of 661 frames
12-09 08:11:42.224 W/audio_hw_generic( 1307): Hardware backing HAL too slow, could only write 0 of 661 frames
12-09 08:11:42.480 E/SurfaceFlinger( 1224): ro.sf.lcd_density must be defined as a build property
12-09 08:11:42.493 D/gralloc_ranchu( 1224): gralloc_alloc: Creating ashmem region of size 3686400
12-09 08:11:42.521 D/        (14373): HostConnection::get() New Host Connection established 0x7f335e392480, tid 14373
12-09 08:11:42.561 E/EGL_emulation( 1224): tid 1224: eglCreateSyncKHR(1881): error 0x3004 (EGL_BAD_ATTRIBUTE)
12-09 08:11:43.275 W/audio_hw_generic( 1307): Hardware backing HAL too slow, could only write 0 of 661 frames
12-09 08:11:43.291 W/audio_hw_generic( 1307): Hardware backing HAL too slow, could only write 0 of 661 frames
12-09 08:11:43.393 W/audio_hw_generic( 1307): Not supplying enough data to HAL, expected position 21331882 , only wrote 21331792
12-09 08:11:43.393 W/audio_hw_generic( 1307): Not supplying enough data to HAL, expected position 21331799 , only wrote 21331792
12-09 08:11:43.485 W/audio_hw_generic( 1307): Not supplying enough data to HAL, expected position 21335851 , only wrote 21335758
12-09 08:11:43.485 W/audio_hw_generic( 1307): Not supplying enough data to HAL, expected position 21335764 , only wrote 21335758
12-09 08:11:43.505 W/audio_hw_generic( 1307): Not supplying enough data to HAL, expected position 21336631 , only wrote 21336419
12-09 08:11:43.548 W/audio_hw_generic( 1307): Hardware backing HAL too slow, could only write 0 of 661 frames
12-09 08:11:43.556 W/audio_hw_generic( 1307): Hardware backing HAL too slow, could only write 0 of 661 frames
12-09 08:11:43.557 I/System.out(14345): URI: //map
12-09 08:11:43.557 I/System.out(14345): params: {json={"query":"android.widget.CheckBox index:0","operation":{"method_name":"query","arguments":[]}}
12-09 08:11:43.557 I/System.out(14345): }
12-09 08:11:43.667 I/art     (14345): Background sticky concurrent mark sweep GC freed 45743(2MB) AllocSpace objects, 4(80KB) LOS objects, 48% free, 2MB/4MB, paused 5.319ms total 34.426ms
12-09 08:11:43.672 I/System.out(14345): URI: //gesture
12-09 08:11:43.673 I/System.out(14345): params: {json={"query_timeout":5.0,"gestures":[{"query_string":"android.widget.CheckBox index:0","touches":[{"x":50,"y":50,"offset_x":0,"offset_y":0,"wait":0.0,"time":0.2,"release":true,"query_string":null}]}]}
12-09 08:11:43.673 I/System.out(14345): }
12-09 08:11:43.784 W/audio_hw_generic( 1307): Not supplying enough data to HAL, expected position 21348711 , only wrote 21346334
12-09 08:11:43.784 W/audio_hw_generic( 1307): Not supplying enough data to HAL, expected position 21346340 , only wrote 21346334
12-09 08:11:43.801 W/audio_hw_generic( 1307): Not supplying enough data to HAL, expected position 21347092 , only wrote 21346995
12-09 08:11:43.957 W/audio_hw_generic( 1307): Not supplying enough data to HAL, expected position 21353894 , only wrote 21353605
12-09 08:11:43.992 W/audio_hw_generic( 1307): Not supplying enough data to HAL, expected position 21355146 , only wrote 21354266
12-09 08:11:43.992 W/audio_hw_generic( 1307): Not supplying enough data to HAL, expected position 21354272 , only wrote 21354266
12-09 08:11:44.059 W/audio_hw_generic( 1307): Hardware backing HAL too slow, could only write 0 of 661 frames
12-09 08:11:44.089 W/audio_hw_generic( 1307): Not supplying enough data to HAL, expected position 21358519 , only wrote 21358232
12-09 08:11:44.114 W/audio_hw_generic( 1307): Not supplying enough data to HAL, expected position 21359336 , only wrote 21358893
12-09 08:11:44.144 W/audio_hw_generic( 1307): Not supplying enough data to HAL, expected position 21360229 , only wrote 21360215
12-09 08:11:44.541 E/SurfaceFlinger( 1224): ro.sf.lcd_density must be defined as a build property
12-09 08:11:44.542 D/gralloc_ranchu( 1224): gralloc_alloc: Creating ashmem region of size 3686400
12-09 08:11:44.614 W/audio_hw_generic( 1307): Not supplying enough data to HAL, expected position 21380946 , only wrote 21380045
12-09 08:11:44.629 W/audio_hw_generic( 1307): Not supplying enough data to HAL, expected position 21380685 , only wrote 21380045
12-09 08:11:44.633 D/        (14379): HostConnection::get() New Host Connection established 0x7f4f05792480, tid 14379
12-09 08:11:44.673 W/audio_hw_generic( 1307): Not supplying enough data to HAL, expected position 21382002 , only wrote 21380706
12-09 08:11:44.689 W/audio_hw_generic( 1307): Not supplying enough data to HAL, expected position 21381417 , only wrote 21381367
12-09 08:11:44.690 W/audio_hw_generic( 1307): Not supplying enough data to HAL, expected position 21381375 , only wrote 21381367
12-09 08:11:44.705 E/EGL_emulation( 1224): tid 1224: eglCreateSyncKHR(1881): error 0x3004 (EGL_BAD_ATTRIBUTE)
12-09 08:11:44.721 W/audio_hw_generic( 1307): Not supplying enough data to HAL, expected position 21382740 , only wrote 21382028
12-09 08:11:44.753 W/audio_hw_generic( 1307): Hardware backing HAL too slow, could only write 0 of 661 frames
