--------- beginning of system
12-09 07:49:55.477 W/ActivityManager( 1592): Finishing task with all activities already finished
12-09 07:49:55.477 W/ActivityManager( 1592): Duplicate finish request for ActivityRecord{47fdd8 u0 com.evancharlton.mileage/.Mileage t362 f}
12-09 07:49:55.477 W/ActivityManager( 1592): Finishing task with all activities already finished
12-09 07:49:55.477 W/ActivityManager( 1592): Duplicate finish request for ActivityRecord{47fdd8 u0 com.evancharlton.mileage/.Mileage t362 f}
12-09 07:49:55.477 W/ActivityManager( 1592): Finishing task with all activities already finished
12-09 07:49:55.477 W/ActivityManager( 1592): Duplicate finish request for ActivityRecord{47fdd8 u0 com.evancharlton.mileage/.Mileage t362 f}
--------- beginning of main
12-09 07:49:55.630 I/art     ( 1592): Background partial concurrent mark sweep GC freed 9743(705KB) AllocSpace objects, 6(116KB) LOS objects, 30% free, 9MB/13MB, paused 22.080ms total 150.235ms
12-09 07:49:55.700 W/art     ( 1592): Long monitor contention event with owner method=void com.android.server.wm.WindowAnimator$1.doFrame(long) from WindowAnimator.java:121 waiters=0 for 129ms
12-09 07:49:55.867 D/EGL_emulation( 1917): eglMakeCurrent: 0x7fdaa6961d20: ver 2 0 (tinfo 0x7fdaa69428e0)
12-09 07:49:55.974 D/EGL_emulation( 1847): eglMakeCurrent: 0x7fdaa6961aa0: ver 2 0 (tinfo 0x7fdaa6942ae0)
12-09 07:49:56.015 E/Surface ( 1847): getSlotFromBufferLocked: unknown buffer: 0x7fdaa28880e0
12-09 07:49:56.195 W/art     ( 1592): Long monitor contention event with owner method=void com.android.server.wm.WindowAnimator$1.doFrame(long) from WindowAnimator.java:121 waiters=0 for 148ms
12-09 07:49:56.246 D/AndroidRuntime( 7258): >>>>>> START com.android.internal.os.RuntimeInit uid 0 <<<<<<
12-09 07:49:56.259 D/AndroidRuntime( 7258): CheckJNI is ON
12-09 07:49:56.296 D/ICU     ( 7258): No timezone override file found: /data/misc/zoneinfo/current/icu/icu_tzdata.dat
12-09 07:49:56.357 E/memtrack( 7258): Couldn't load memtrack module (No such file or directory)
12-09 07:49:56.366 E/android.os.Debug( 7258): failed to load memtrack module: -2
12-09 07:49:56.367 I/Radio-JNI( 7258): register_android_hardware_Radio DONE
12-09 07:49:56.393 D/AndroidRuntime( 7258): Calling main entry com.android.commands.am.Am
12-09 07:49:56.435 I/ActivityManager( 1592): Force stopping com.evancharlton.mileage appid=10121 user=0: start instr
12-09 07:49:56.435 I/ActivityManager( 1592): Killing 7194:com.evancharlton.mileage/u0a121 (adj 0): stop com.evancharlton.mileage
12-09 07:49:56.516 W/InputDispatcher( 1592): channel '2369fee com.evancharlton.mileage/com.evancharlton.mileage.Mileage (server)' ~ Consumer closed input channel or an error occurred.  events=0x9
12-09 07:49:56.516 E/InputDispatcher( 1592): channel '2369fee com.evancharlton.mileage/com.evancharlton.mileage.Mileage (server)' ~ Channel is unrecoverably broken and will be disposed!
12-09 07:49:56.635 W/art     ( 1592): Long monitor contention event with owner method=void com.android.server.wm.WindowAnimator$1.doFrame(long) from WindowAnimator.java:121 waiters=2 for 440ms
12-09 07:49:56.738 W/art     ( 1592): Long monitor contention event with owner method=void com.android.server.wm.WindowAnimator$1.doFrame(long) from WindowAnimator.java:121 waiters=2 for 397ms
12-09 07:49:56.799 W/art     ( 1592): Long monitor contention event with owner method=void com.android.server.wm.WindowAnimator$1.doFrame(long) from WindowAnimator.java:121 waiters=2 for 267ms
12-09 07:49:56.888 W/art     ( 1592): Long monitor contention event with owner method=void com.android.server.wm.WindowAnimator$1.doFrame(long) from WindowAnimator.java:121 waiters=3 for 355ms
12-09 07:49:56.972 W/art     ( 1592): Long monitor contention event with owner method=void com.android.server.wm.WindowAnimator$1.doFrame(long) from WindowAnimator.java:121 waiters=4 for 439ms
12-09 07:49:57.047 W/art     ( 1592): Long monitor contention event with owner method=void com.android.server.wm.WindowAnimator$1.doFrame(long) from WindowAnimator.java:121 waiters=5 for 481ms
12-09 07:49:57.155 W/art     ( 1592): Long monitor contention event with owner method=void com.android.server.wm.WindowAnimator$1.doFrame(long) from WindowAnimator.java:121 waiters=5 for 520ms
12-09 07:49:57.247 W/art     ( 1592): Long monitor contention event with owner method=void com.android.server.wm.WindowAnimator$1.doFrame(long) from WindowAnimator.java:121 waiters=5 for 509ms
12-09 07:49:57.332 W/art     ( 1592): Long monitor contention event with owner method=void com.android.server.wm.WindowAnimator$1.doFrame(long) from WindowAnimator.java:121 waiters=5 for 532ms
12-09 07:49:57.426 W/art     ( 1592): Long monitor contention event with owner method=void com.android.server.wm.WindowAnimator$1.doFrame(long) from WindowAnimator.java:121 waiters=5 for 539ms
12-09 07:49:57.496 W/art     ( 1592): Long monitor contention event with owner method=void com.android.server.wm.WindowAnimator$1.doFrame(long) from WindowAnimator.java:121 waiters=5 for 524ms
12-09 07:49:57.618 W/art     ( 1592): Long monitor contention event with owner method=void com.android.server.wm.WindowAnimator$1.doFrame(long) from WindowAnimator.java:121 waiters=5 for 571ms
12-09 07:49:57.626 W/art     ( 1592): Long monitor contention event with owner method=void com.android.server.wm.WindowAnimator$1.doFrame(long) from WindowAnimator.java:121 waiters=5 for 471ms
12-09 07:49:57.626 W/InputDispatcher( 1592): Attempted to unregister already unregistered input channel '2369fee com.evancharlton.mileage/com.evancharlton.mileage.Mileage (server)'
12-09 07:49:57.643 W/art     ( 1592): Long monitor contention event with owner method=void com.android.server.wm.WindowAnimator$1.doFrame(long) from WindowAnimator.java:121 waiters=5 for 396ms
12-09 07:49:57.683 W/art     ( 1592): Long monitor contention event with owner method=void com.android.server.wm.WindowAnimator$1.doFrame(long) from WindowAnimator.java:121 waiters=5 for 350ms
12-09 07:49:57.683 W/art     ( 1592): Long monitor contention event with owner method=void com.android.server.wm.WindowAnimator$1.doFrame(long) from WindowAnimator.java:121 waiters=5 for 256ms
12-09 07:49:57.684 I/WindowState( 1592): WIN DEATH: Window{2369fee u0 com.evancharlton.mileage/com.evancharlton.mileage.Mileage EXITING}
12-09 07:49:57.684 I/Choreographer( 1917): Skipped 106 frames!  The application may be doing too much work on its main thread.
12-09 07:49:57.829 W/OpenGLRenderer( 1917): Incorrectly called buildLayer on View: ShortcutAndWidgetContainer, destroying layer...
12-09 07:49:57.836 W/ActivityManager( 1592): Crash of app com.evancharlton.mileage running instrumentation ComponentInfo{com.evancharlton.mileage.test/sh.calaba.instrumentationbackend.CalabashInstrumentationTestRunner}
12-09 07:49:57.836 I/ActivityManager( 1592): Force stopping com.evancharlton.mileage appid=10121 user=0: finished inst
12-09 07:49:57.854 I/ActivityManager( 1592): Start proc 7267:com.evancharlton.mileage/u0a121 for added application com.evancharlton.mileage
12-09 07:49:57.857 D/AndroidRuntime( 7258): Shutting down VM
12-09 07:49:57.859 W/art     ( 1592): Long monitor contention event with owner method=boolean com.android.server.am.ActivityManagerService.startInstrumentation(android.content.ComponentName, java.lang.String, int, android.os.Bundle, android.app.IInstrumentationWatcher, android.app.IUiAutomationConnection, int, java.lang.String) from ActivityManagerService.java:17066 waiters=0 for 1.421s
12-09 07:49:57.860 W/art     ( 1592): Long monitor contention event with owner method=boolean com.android.server.am.ActivityManagerService.startInstrumentation(android.content.ComponentName, java.lang.String, int, android.os.Bundle, android.app.IInstrumentationWatcher, android.app.IUiAutomationConnection, int, java.lang.String) from ActivityManagerService.java:17066 waiters=1 for 1.330s
12-09 07:49:57.871 W/art     ( 1592): Long monitor contention event with owner method=boolean com.android.server.am.ActivityManagerService.startInstrumentation(android.content.ComponentName, java.lang.String, int, android.os.Bundle, android.app.IInstrumentationWatcher, android.app.IUiAutomationConnection, int, java.lang.String) from ActivityManagerService.java:17066 waiters=2 for 1.338s
12-09 07:49:58.026 W/art     ( 1592): Long monitor contention event with owner method=void com.android.server.wm.WindowAnimator$1.doFrame(long) from WindowAnimator.java:121 waiters=0 for 121ms
12-09 07:49:58.218 W/ActivityManager( 1592): Spurious death for ProcessRecord{314afe4 0:com.evancharlton.mileage/u0a121}, curProc for 7194: null
12-09 07:49:58.221 W/art     ( 1592): Long monitor contention event with owner method=java.util.List com.android.server.am.ActivityManagerService.getAllStackInfos() from ActivityManagerService.java:8937 waiters=2 for 174ms
12-09 07:49:58.227 W/WindowAnimator( 1592): Failed to dispatch window animation state change.
12-09 07:49:58.227 W/WindowAnimator( 1592): android.os.DeadObjectException
12-09 07:49:58.227 W/WindowAnimator( 1592): 	at android.os.BinderProxy.transactNative(Native Method)
12-09 07:49:58.227 W/WindowAnimator( 1592): 	at android.os.BinderProxy.transact(Binder.java:503)
12-09 07:49:58.227 W/WindowAnimator( 1592): 	at android.view.IWindow$Stub$Proxy.onAnimationStopped(IWindow.java:534)
12-09 07:49:58.227 W/WindowAnimator( 1592): 	at com.android.server.wm.WindowAnimator.updateWindowsLocked(WindowAnimator.java:286)
12-09 07:49:58.227 W/WindowAnimator( 1592): 	at com.android.server.wm.WindowAnimator.animateLocked(WindowAnimator.java:678)
12-09 07:49:58.227 W/WindowAnimator( 1592): 	at com.android.server.wm.WindowAnimator.-wrap0(WindowAnimator.java)
12-09 07:49:58.227 W/WindowAnimator( 1592): 	at com.android.server.wm.WindowAnimator$1.doFrame(WindowAnimator.java:123)
12-09 07:49:58.227 W/WindowAnimator( 1592): 	at android.view.Choreographer$CallbackRecord.run(Choreographer.java:856)
12-09 07:49:58.227 W/WindowAnimator( 1592): 	at android.view.Choreographer.doCallbacks(Choreographer.java:670)
12-09 07:49:58.227 W/WindowAnimator( 1592): 	at android.view.Choreographer.doFrame(Choreographer.java:603)
12-09 07:49:58.227 W/WindowAnimator( 1592): 	at android.view.Choreographer$FrameDisplayEventReceiver.run(Choreographer.java:844)
12-09 07:49:58.227 W/WindowAnimator( 1592): 	at android.os.Handler.handleCallback(Handler.java:739)
12-09 07:49:58.227 W/WindowAnimator( 1592): 	at android.os.Handler.dispatchMessage(Handler.java:95)
12-09 07:49:58.227 W/WindowAnimator( 1592): 	at android.os.Looper.loop(Looper.java:148)
12-09 07:49:58.227 W/WindowAnimator( 1592): 	at android.os.HandlerThread.run(HandlerThread.java:61)
12-09 07:49:58.227 W/WindowAnimator( 1592): 	at com.android.server.ServiceThread.run(ServiceThread.java:46)
12-09 07:49:58.254 W/System  ( 7267): ClassLoader referenced unknown path: /data/app/com.evancharlton.mileage.test-1/lib/x86_64
12-09 07:49:58.254 W/System  ( 7267): ClassLoader referenced unknown path: /data/app/com.evancharlton.mileage-1/lib/x86_64
12-09 07:49:58.347 I/art     ( 7267): Background sticky concurrent mark sweep GC freed 41703(1461KB) AllocSpace objects, 0(0B) LOS objects, 85% free, 542KB/3MB, paused 6.340ms total 75.224ms
12-09 07:49:58.411 I/System.out( 7267): Main activity name automatically set to: com.evancharlton.mileage.Mileage
12-09 07:49:58.412 I/System.out( 7267): Calabash did not load Mono. This is only a problem if you are trying to test a Mono application
12-09 07:49:58.412 I/calabash( 7267): Test server port: 7102
12-09 07:49:58.413 I/InstrumentationBackend( 7267): Added:'GetPreferences', with key:'get_preferences'
12-09 07:49:58.495 I/InstrumentationBackend( 7267): Added:'SetPreferences', with key:'set_preferences'
12-09 07:49:58.495 I/InstrumentationBackend( 7267): Added:'ClearPreferences', with key:'clear_preferences'
12-09 07:49:58.496 I/InstrumentationBackend( 7267): Added:'PressElement', with key:'press_l10n_element'
12-09 07:49:58.496 I/InstrumentationBackend( 7267): Added:'WaitForElement', with key:'wait_for_l10n_element'
12-09 07:49:58.496 I/InstrumentationBackend( 7267): Added:'NullAction', with key:'nullAction'
12-09 07:49:58.496 I/InstrumentationBackend( 7267): Added:'PressKey', with key:'press_key'
12-09 07:49:58.497 I/InstrumentationBackend( 7267): Added:'SetActivityOrientation', with key:'set_activity_orientation'
12-09 07:49:58.497 I/InstrumentationBackend( 7267): Added:'GetActivityOrientation', with key:'get_activity_orientation'
12-09 07:49:58.497 I/InstrumentationBackend( 7267): Added:'FakeGPSLocation', with key:'set_gps_coordinates'
12-09 07:49:58.497 I/InstrumentationBackend( 7267): Added:'SetPropertyByCssSelector', with key:'set_property_by_css_selector'
12-09 07:49:58.497 I/InstrumentationBackend( 7267): Added:'GetUrl', with key:'get_url'
12-09 07:49:58.498 I/InstrumentationBackend( 7267): Added:'ScrollTo', with key:'scroll_to'
12-09 07:49:58.498 I/InstrumentationBackend( 7267): Added:'GetLoadProgress', with key:'get_load_progress'
12-09 07:49:58.499 I/InstrumentationBackend( 7267): Added:'DumpHtml', with key:'dump_html'
12-09 07:49:58.499 I/InstrumentationBackend( 7267): Added:'DumpBodyHtml', with key:'dump_body_html'
12-09 07:49:58.499 I/InstrumentationBackend( 7267): Added:'EnterTextByCssSelector', with key:'enter_text_by_selector'
12-09 07:49:58.500 I/InstrumentationBackend( 7267): Added:'AndroidSDKVersion', with key:'android_sdk_version'
12-09 07:49:58.500 I/InstrumentationBackend( 7267): Added:'Version', with key:'version'
12-09 07:49:58.500 I/InstrumentationBackend( 7267): Added:'Drag', with key:'drag'
12-09 07:49:58.500 I/InstrumentationBackend( 7267): Added:'TouchCoordinates', with key:'touch_coordinate'
12-09 07:49:58.500 I/InstrumentationBackend( 7267): Added:'LongPressCoordinate', with key:'long_press_coordinate'
12-09 07:49:58.501 I/InstrumentationBackend( 7267): Added:'DragCoordinates', with key:'drag_coordinates'
12-09 07:49:58.501 I/InstrumentationBackend( 7267): Added:'ResumeApplication', with key:'resume_application'
12-09 07:49:58.501 I/InstrumentationBackend( 7267): Added:'Swipe', with key:'swipe'
12-09 07:49:58.501 I/InstrumentationBackend( 7267): Added:'DoubleTapCoordinate', with key:'double_tap_coordinate'
12-09 07:49:58.501 I/InstrumentationBackend( 7267): Added:'ClickOnScreen', with key:'click_on_screen'
12-09 07:49:58.518 I/InstrumentationBackend( 7267): Added:'GetActivityName', with key:'get_activity_name'
12-09 07:49:58.520 I/InstrumentationBackend( 7267): Added:'ScrollToView', with key:'scroll_to_view'
12-09 07:49:58.521 I/InstrumentationBackend( 7267): Added:'ViewConfiguration', with key:'view_configuration'
12-09 07:49:58.521 I/InstrumentationBackend( 7267): Added:'IsCurrentActivityFocused', with key:'is_current_activity_focused'
12-09 07:49:58.521 I/InstrumentationBackend( 7267): Added:'SendTcp', with key:'send_tcp'
12-09 07:49:58.521 I/InstrumentationBackend( 7267): Added:'DpToDevicePixel', with key:'dp_to_device_pixel'
12-09 07:49:58.526 I/InstrumentationBackend( 7267): Added:'KeyboardEnterText', with key:'keyboard_enter_text'
12-09 07:49:58.527 I/InstrumentationBackend( 7267): Added:'DeleteSurroundingText', with key:'delete_surrounding_text'
12-09 07:49:58.527 I/InstrumentationBackend( 7267): Added:'SetComposingRegion', with key:'set_composing_region'
12-09 07:49:58.527 I/InstrumentationBackend( 7267): Added:'SetSelection', with key:'set_selection'
12-09 07:49:58.527 I/InstrumentationBackend( 7267): Added:'KeyboardKeyEvent', with key:'keyboard_key_event'
12-09 07:49:58.527 I/InstrumentationBackend( 7267): Added:'PressUserActionButton', with key:'press_user_action_button'
12-09 07:49:58.528 I/InstrumentationBackend( 7267): Added:'HideSoftKeyboard', with key:'hide_soft_keyboard'
12-09 07:49:58.528 I/InstrumentationBackend( 7267): Added:'ListActions', with key:'list_actions'
12-09 07:49:58.528 I/calabash( 7267): Instantiating http server at 7102
12-09 07:49:58.529 I/System.out( 7267): HTTP Daemon listening on: 7102
12-09 07:49:58.546 I/System.out( 7267): URI: //ping
12-09 07:49:58.546 I/System.out( 7267): params: {json={}
12-09 07:49:58.546 I/System.out( 7267): }
12-09 07:49:58.734 I/System.out( 7267): URI: //ping
12-09 07:49:58.734 I/System.out( 7267): params: {json={}
12-09 07:49:58.734 I/System.out( 7267): }
12-09 07:49:58.766 I/System.out( 7267): URI: //ready
12-09 07:49:58.766 I/System.out( 7267): params: {json={}
12-09 07:49:58.766 I/System.out( 7267): }
12-09 07:49:58.910 I/System.out( 7267): URI: //
12-09 07:49:58.911 I/System.out( 7267): params: {json={"command":"version","arguments":[]}
12-09 07:49:58.911 I/System.out( 7267): }
12-09 07:49:58.911 I/System.out( 7267): header: {date=Sun, 09 Dec 2018 07:49:58 GMT, accept=*/*, content-length=36, host=127.0.0.1:34777, user-agent=HTTPClient/1.0 (2.8.3, ruby 2.3.1 (2016-04-26)), content-type=application/json;charset=utf-8}
12-09 07:49:58.911 I/System.out( 7267): params: {json={"command":"version","arguments":[]}
12-09 07:49:58.911 I/System.out( 7267): }
12-09 07:49:58.911 I/System.out( 7267): ProP json = {"command":"version","arguments":[]}
12-09 07:49:58.911 I/System.out( 7267): files: {}
12-09 07:49:58.911 I/System.out( 7267): command: {"command":"version","arguments":[]}
12-09 07:49:58.952 I/InstrumentationBackend( 7267): Got command:'Command:'Line:null,version', arguments:'[]'
12-09 07:49:58.990 I/System.out( 7267): result:{"bonusInformation":[],"message":"0.9.8","success":true}
12-09 07:49:59.040 I/System.out( 7267): URI: //start-application
12-09 07:49:59.040 I/System.out( 7267): params: {json={"intent":null}
12-09 07:49:59.040 I/System.out( 7267): }
12-09 07:49:59.163 I/ActivityManager( 1592): START u0 {act=android.intent.action.MAIN cat=[android.intent.category.LAUNCHER] flg=0x10200000 cmp=com.evancharlton.mileage/.Mileage} from uid 10121 on display 0
12-09 07:49:59.316 W/art     ( 1592): Long monitor contention event with owner method=int com.android.server.am.ActivityStackSupervisor.startActivityMayWait(android.app.IApplicationThread, int, java.lang.String, android.content.Intent, java.lang.String, android.service.voice.IVoiceInteractionSession, com.android.internal.app.IVoiceInteractor, android.os.IBinder, java.lang.String, int, int, android.app.ProfilerInfo, android.app.IActivityManager$WaitResult, android.content.res.Configuration, android.os.Bundle, boolean, int, android.app.IActivityContainer, com.android.server.am.TaskRecord) from ActivityStackSupervisor.java:946 waiters=0 for 138ms
12-09 07:49:59.320 I/calabash( 7267): newActivity1
12-09 07:49:59.369 I/calabash( 7267): newActivity1
12-09 07:49:59.491 W/ActivityManager( 1592): Bad activity token: android.os.BinderProxy@94fbe6f
12-09 07:49:59.491 W/ActivityManager( 1592): java.lang.ClassCastException: android.os.BinderProxy cannot be cast to com.android.server.am.ActivityRecord$Token
12-09 07:49:59.491 W/ActivityManager( 1592): 	at com.android.server.am.ActivityRecord.forTokenLocked(ActivityRecord.java:424)
12-09 07:49:59.491 W/ActivityManager( 1592): 	at com.android.server.am.ActivityRecord.isInStackLocked(ActivityRecord.java:1121)
12-09 07:49:59.491 W/ActivityManager( 1592): 	at com.android.server.am.ActivityRecord.getStackLocked(ActivityRecord.java:1126)
12-09 07:49:59.491 W/ActivityManager( 1592): 	at com.android.server.am.ActivityManagerService.getActivityDisplayId(ActivityManagerService.java:8889)
12-09 07:49:59.491 W/ActivityManager( 1592): 	at android.app.ActivityManagerNative.onTransact(ActivityManagerNative.java:2338)
12-09 07:49:59.491 W/ActivityManager( 1592): 	at com.android.server.am.ActivityManagerService.onTransact(ActivityManagerService.java:2443)
12-09 07:49:59.491 W/ActivityManager( 1592): 	at android.os.Binder.execTransact(Binder.java:453)
12-09 07:49:59.492 W/ActivityManager( 1592): Bad activity token: android.os.BinderProxy@94fbe6f
12-09 07:49:59.492 W/ActivityManager( 1592): java.lang.ClassCastException: android.os.BinderProxy cannot be cast to com.android.server.am.ActivityRecord$Token
12-09 07:49:59.492 W/ActivityManager( 1592): 	at com.android.server.am.ActivityRecord.forTokenLocked(ActivityRecord.java:424)
12-09 07:49:59.492 W/ActivityManager( 1592): 	at com.android.server.am.ActivityRecord.isInStackLocked(ActivityRecord.java:1121)
12-09 07:49:59.492 W/ActivityManager( 1592): 	at com.android.server.am.ActivityManagerService.setTaskDescription(ActivityManagerService.java:8547)
12-09 07:49:59.492 W/ActivityManager( 1592): 	at android.app.ActivityManagerNative.onTransact(ActivityManagerNative.java:2410)
12-09 07:49:59.492 W/ActivityManager( 1592): 	at com.android.server.am.ActivityManagerService.onTransact(ActivityManagerService.java:2443)
12-09 07:49:59.492 W/ActivityManager( 1592): 	at android.os.Binder.execTransact(Binder.java:453)
12-09 07:49:59.559 W/ActivityManager( 1592): Bad activity token: android.os.BinderProxy@94fbe6f
12-09 07:49:59.559 W/ActivityManager( 1592): java.lang.ClassCastException: android.os.BinderProxy cannot be cast to com.android.server.am.ActivityRecord$Token
12-09 07:49:59.559 W/ActivityManager( 1592): 	at com.android.server.am.ActivityRecord.forTokenLocked(ActivityRecord.java:424)
12-09 07:49:59.559 W/ActivityManager( 1592): 	at com.android.server.am.ActivityRecord.isInStackLocked(ActivityRecord.java:1121)
12-09 07:49:59.559 W/ActivityManager( 1592): 	at com.android.server.am.ActivityManagerService.getActivityOptions(ActivityManagerService.java:11038)
12-09 07:49:59.559 W/ActivityManager( 1592): 	at android.app.ActivityManagerNative.onTransact(ActivityManagerNative.java:1734)
12-09 07:49:59.559 W/ActivityManager( 1592): 	at com.android.server.am.ActivityManagerService.onTransact(ActivityManagerService.java:2443)
12-09 07:49:59.559 W/ActivityManager( 1592): 	at android.os.Binder.execTransact(Binder.java:453)
12-09 07:49:59.559 W/ActivityManager( 1592): Bad activity token: android.os.BinderProxy@94fbe6f
12-09 07:49:59.559 W/ActivityManager( 1592): java.lang.ClassCastException: android.os.BinderProxy cannot be cast to com.android.server.am.ActivityRecord$Token
12-09 07:49:59.559 W/ActivityManager( 1592): 	at com.android.server.am.ActivityRecord.forTokenLocked(ActivityRecord.java:424)
12-09 07:49:59.559 W/ActivityManager( 1592): 	at com.android.server.am.ActivityRecord.isInStackLocked(ActivityRecord.java:1121)
12-09 07:49:59.559 W/ActivityManager( 1592): 	at com.android.server.am.ActivityManagerService.getActivityOptions(ActivityManagerService.java:11038)
12-09 07:49:59.559 W/ActivityManager( 1592): 	at android.app.ActivityManagerNative.onTransact(ActivityManagerNative.java:1734)
12-09 07:49:59.559 W/ActivityManager( 1592): 	at com.android.server.am.ActivityManagerService.onTransact(ActivityManagerService.java:2443)
12-09 07:49:59.559 W/ActivityManager( 1592): 	at android.os.Binder.execTransact(Binder.java:453)
12-09 07:49:59.658 D/gralloc_ranchu( 1219): gralloc_alloc: Creating ashmem region of size 3686400
12-09 07:49:59.686 I/art     ( 7267): Background sticky concurrent mark sweep GC freed 2609(366KB) AllocSpace objects, 0(0B) LOS objects, 17% free, 1839KB/2MB, paused 41.373ms total 104.097ms
12-09 07:49:59.903 V/PhoneStatusBar( 1686): setLightsOn(true)
12-09 07:49:59.952 D/EGL_emulation( 1917): eglMakeCurrent: 0x7fdaa6961d20: ver 2 0 (tinfo 0x7fdaa69428e0)
12-09 07:49:59.954 E/Surface ( 1917): getSlotFromBufferLocked: unknown buffer: 0x7fdaa288bb00
12-09 07:50:00.264 W/art     ( 1592): Long monitor contention event with owner method=void com.android.server.wm.WindowAnimator$1.doFrame(long) from WindowAnimator.java:121 waiters=1 for 361ms
12-09 07:50:00.265 W/art     ( 1592): Long monitor contention event with owner method=void com.android.server.wm.WindowAnimator$1.doFrame(long) from WindowAnimator.java:121 waiters=2 for 309ms
12-09 07:50:00.270 W/art     ( 1592): Long monitor contention event with owner method=void com.android.server.wm.WindowAnimator$1.doFrame(long) from WindowAnimator.java:121 waiters=2 for 207ms
12-09 07:50:00.444 I/Choreographer( 7267): Skipped 41 frames!  The application may be doing too much work on its main thread.
12-09 07:50:00.493 D/gralloc_ranchu( 1219): gralloc_alloc: Creating ashmem region of size 3686400
12-09 07:50:00.596 D/        ( 7267): HostConnection::get() New Host Connection established 0x7fdaa68dd4a0, tid 7267
12-09 07:50:00.844 W/art     ( 1592): Long monitor contention event with owner method=void com.android.server.wm.WindowAnimator$1.doFrame(long) from WindowAnimator.java:121 waiters=0 for 154ms
12-09 07:50:00.913 I/ActivityManager( 1592): Displayed com.evancharlton.mileage/.Mileage: +1s597ms
12-09 07:50:01.037 D/gralloc_ranchu( 1219): gralloc_alloc: Creating ashmem region of size 3686400
12-09 07:50:01.975 I/art     ( 7267): Background partial concurrent mark sweep GC freed 13943(717KB) AllocSpace objects, 2(40KB) LOS objects, 39% free, 1824KB/2MB, paused 13.027ms total 54.497ms
12-09 07:50:03.009 I/System.out( 7267): URI: //map
12-09 07:50:03.009 I/System.out( 7267): params: {json={"query":"android.widget.EditText id:'price'","operation":{"method_name":"query","arguments":[]}}
12-09 07:50:03.009 I/System.out( 7267): }
12-09 07:50:03.058 W/ResourceType( 7267): No package identifier when getting name for resource number 0x00000001
12-09 07:50:03.303 I/System.out( 7267): URI: //gesture
12-09 07:50:03.303 I/System.out( 7267): params: {json={"query_timeout":5.0,"gestures":[{"query_string":"android.widget.EditText id:'price'","touches":[{"x":50,"y":50,"offset_x":0,"offset_y":0,"wait":0.0,"time":0.2,"release":true,"query_string":null}]}]}
12-09 07:50:03.303 I/System.out( 7267): }
12-09 07:50:03.346 I/art     ( 7267): Background partial concurrent mark sweep GC freed 18821(954KB) AllocSpace objects, 0(0B) LOS objects, 39% free, 2MB/4MB, paused 953us total 123.058ms
12-09 07:50:03.346 W/ResourceType( 7267): No package identifier when getting name for resource number 0x00000001
12-09 07:50:04.062 I/LatinIME( 1847): Starting input. Cursor position = 0,0
12-09 07:50:04.466 D/EGL_emulation( 1847): eglMakeCurrent: 0x7fdaa6961aa0: ver 2 0 (tinfo 0x7fdaa6942ae0)
12-09 07:50:04.602 D/gralloc_ranchu( 1219): gralloc_alloc: Creating ashmem region of size 3686400
12-09 07:50:04.627 I/System.out( 7267): URI: //
12-09 07:50:04.627 I/System.out( 7267): params: {json={"command":"set_selection","arguments":[-1,-1]}
12-09 07:50:04.627 I/System.out( 7267): }
12-09 07:50:04.627 I/System.out( 7267): header: {date=Sun, 09 Dec 2018 07:50:04 GMT, accept=*/*, content-length=47, host=127.0.0.1:34777, user-agent=HTTPClient/1.0 (2.8.3, ruby 2.3.1 (2016-04-26)), content-type=application/json;charset=utf-8}
12-09 07:50:04.627 I/System.out( 7267): params: {json={"command":"set_selection","arguments":[-1,-1]}
12-09 07:50:04.627 I/System.out( 7267): }
12-09 07:50:04.628 I/System.out( 7267): ProP json = {"command":"set_selection","arguments":[-1,-1]}
12-09 07:50:04.628 I/System.out( 7267): files: {}
12-09 07:50:04.628 I/System.out( 7267): command: {"command":"set_selection","arguments":[-1,-1]}
12-09 07:50:04.629 I/InstrumentationBackend( 7267): Got command:'Command:'Line:null,set_selection', arguments:'[-1, -1]'
12-09 07:50:04.763 I/System.out( 7267): result:{"bonusInformation":[],"message":"","success":true}
12-09 07:50:05.056 I/System.out( 7267): URI: //
12-09 07:50:05.057 I/System.out( 7267): params: {json={"command":"keyboard_enter_text","arguments":["000"]}
12-09 07:50:05.057 I/System.out( 7267): }
12-09 07:50:05.057 I/System.out( 7267): header: {date=Sun, 09 Dec 2018 07:50:05 GMT, accept=*/*, content-length=53, host=127.0.0.1:34777, user-agent=HTTPClient/1.0 (2.8.3, ruby 2.3.1 (2016-04-26)), content-type=application/json;charset=utf-8}
12-09 07:50:05.057 I/System.out( 7267): params: {json={"command":"keyboard_enter_text","arguments":["000"]}
12-09 07:50:05.057 I/System.out( 7267): }
12-09 07:50:05.057 I/System.out( 7267): ProP json = {"command":"keyboard_enter_text","arguments":["000"]}
12-09 07:50:05.057 I/System.out( 7267): files: {}
12-09 07:50:05.057 I/System.out( 7267): command: {"command":"keyboard_enter_text","arguments":["000"]}
12-09 07:50:05.063 I/InstrumentationBackend( 7267): Got command:'Command:'Line:null,keyboard_enter_text', arguments:'[000]'
12-09 07:50:05.311 E/SpannableStringBuilder( 7267): SPAN_EXCLUSIVE_EXCLUSIVE spans cannot have a zero length
12-09 07:50:05.311 E/SpannableStringBuilder( 7267): SPAN_EXCLUSIVE_EXCLUSIVE spans cannot have a zero length
12-09 07:50:05.347 E/SpannableStringBuilder( 7267): SPAN_EXCLUSIVE_EXCLUSIVE spans cannot have a zero length
12-09 07:50:05.347 E/SpannableStringBuilder( 7267): SPAN_EXCLUSIVE_EXCLUSIVE spans cannot have a zero length
12-09 07:50:05.357 I/System.out( 7267): result:{"bonusInformation":[],"message":"","success":true}
12-09 07:50:05.386 I/System.out( 7267): URI: //map
12-09 07:50:05.386 I/System.out( 7267): params: {json={"query":"android.widget.Button index:2","operation":{"method_name":"query","arguments":[]}}
12-09 07:50:05.386 I/System.out( 7267): }
12-09 07:50:05.749 I/art     ( 7267): Background sticky concurrent mark sweep GC freed 74237(3MB) AllocSpace objects, 8(160KB) LOS objects, 47% free, 2MB/4MB, paused 13.326ms total 231.258ms
12-09 07:50:05.767 I/System.out( 7267): URI: //gesture
12-09 07:50:05.767 I/System.out( 7267): params: {json={"query_timeout":5.0,"gestures":[{"query_string":"android.widget.Button index:2","touches":[{"x":50,"y":50,"offset_x":0,"offset_y":0,"wait":0.0,"time":0.2,"release":true,"query_string":null}]}]}
12-09 07:50:05.767 I/System.out( 7267): }
12-09 07:50:06.311 W/audio_hw_generic( 1309): Hardware backing HAL too slow, could only write 0 of 661 frames
12-09 07:50:06.378 I/LatinIME( 1847): Starting input. Cursor position = 0,0
12-09 07:50:06.442 W/audio_hw_generic( 1309): Not supplying enough data to HAL, expected position 10263725 , only wrote 10263347
12-09 07:50:06.442 W/audio_hw_generic( 1309): Not supplying enough data to HAL, expected position 10263356 , only wrote 10263347
12-09 07:50:06.458 W/audio_hw_generic( 1309): Not supplying enough data to HAL, expected position 10264029 , only wrote 10264008
12-09 07:50:06.502 W/audio_hw_generic( 1309): Not supplying enough data to HAL, expected position 10265940 , only wrote 10265330
12-09 07:50:06.562 W/audio_hw_generic( 1309): Hardware backing HAL too slow, could only write 0 of 661 frames
12-09 07:50:06.576 W/audio_hw_generic( 1309): Hardware backing HAL too slow, could only write 0 of 661 frames
12-09 07:50:06.589 W/audio_hw_generic( 1309): Hardware backing HAL too slow, could only write 0 of 661 frames
12-09 07:50:06.610 W/audio_hw_generic( 1309): Hardware backing HAL too slow, could only write 0 of 661 frames
12-09 07:50:06.623 W/audio_hw_generic( 1309): Hardware backing HAL too slow, could only write 0 of 661 frames
12-09 07:50:06.641 D/gralloc_ranchu( 1219): gralloc_alloc: Creating ashmem region of size 45056
12-09 07:50:06.660 W/audio_hw_generic( 1309): Hardware backing HAL too slow, could only write 0 of 661 frames
12-09 07:50:06.666 W/audio_hw_generic( 1309): Hardware backing HAL too slow, could only write 0 of 661 frames
12-09 07:50:06.939 E/SurfaceFlinger( 1219): ro.sf.lcd_density must be defined as a build property
12-09 07:50:06.969 D/gralloc_ranchu( 1219): gralloc_alloc: Creating ashmem region of size 3686400
12-09 07:50:07.050 W/audio_hw_generic( 1309): Not supplying enough data to HAL, expected position 10289485 , only wrote 10287143
12-09 07:50:07.052 W/audio_hw_generic( 1309): Not supplying enough data to HAL, expected position 10287259 , only wrote 10287143
12-09 07:50:07.086 W/audio_hw_generic( 1309): Not supplying enough data to HAL, expected position 10288625 , only wrote 10287804
12-09 07:50:07.095 D/        ( 7301): HostConnection::get() New Host Connection established 0x7f1e32312480, tid 7301
12-09 07:50:07.118 E/EGL_emulation( 1219): tid 1219: eglCreateSyncKHR(1881): error 0x3004 (EGL_BAD_ATTRIBUTE)
12-09 07:50:07.153 W/audio_hw_generic( 1309): Hardware backing HAL too slow, could only write 0 of 661 frames
12-09 07:50:07.217 W/audio_hw_generic( 1309): Not supplying enough data to HAL, expected position 10293606 , only wrote 10293092
12-09 07:50:07.220 W/art     ( 1592): Long monitor contention event with owner method=void com.android.server.wm.WindowAnimator$1.doFrame(long) from WindowAnimator.java:121 waiters=0 for 252ms
12-09 07:50:07.430 W/audio_hw_generic( 1309): Not supplying enough data to HAL, expected position 10302464 , only wrote 10302346
12-09 07:50:07.506 I/Choreographer( 1847): Skipped 69 frames!  The application may be doing too much work on its main thread.
12-09 07:50:07.686 W/audio_hw_generic( 1309): Not supplying enough data to HAL, expected position 10313638 , only wrote 10313583
12-09 07:50:08.002 W/audio_hw_generic( 1309): Not supplying enough data to HAL, expected position 10327523 , only wrote 10327464
12-09 07:50:08.002 W/audio_hw_generic( 1309): Not supplying enough data to HAL, expected position 10327470 , only wrote 10327464
12-09 07:50:08.018 W/audio_hw_generic( 1309): Not supplying enough data to HAL, expected position 10328151 , only wrote 10328125
12-09 07:50:08.019 I/System.out( 7267): URI: //map
12-09 07:50:08.019 I/System.out( 7267): params: {json={"query":"android.widget.EditText id:'volume'","operation":{"method_name":"query","arguments":[]}}
12-09 07:50:08.019 I/System.out( 7267): }
12-09 07:50:08.116 W/audio_hw_generic( 1309): Not supplying enough data to HAL, expected position 10332439 , only wrote 10332091
12-09 07:50:08.116 W/audio_hw_generic( 1309): Not supplying enough data to HAL, expected position 10332097 , only wrote 10332091
12-09 07:50:08.118 W/ResourceType( 7267): No package identifier when getting name for resource number 0x00000001
12-09 07:50:08.134 W/audio_hw_generic( 1309): Not supplying enough data to HAL, expected position 10332883 , only wrote 10332752
12-09 07:50:08.259 I/System.out( 7267): URI: //gesture
12-09 07:50:08.259 I/System.out( 7267): params: {json={"query_timeout":5.0,"gestures":[{"query_string":"android.widget.EditText id:'volume'","touches":[{"x":50,"y":50,"offset_x":0,"offset_y":0,"wait":0.0,"time":0.2,"release":true,"query_string":null}]}]}
12-09 07:50:08.259 I/System.out( 7267): }
12-09 07:50:08.275 W/ResourceType( 7267): No package identifier when getting name for resource number 0x00000001
12-09 07:50:08.457 W/audio_hw_generic( 1309): Not supplying enough data to HAL, expected position 10347030 , only wrote 10342667
12-09 07:50:08.465 W/audio_hw_generic( 1309): Not supplying enough data to HAL, expected position 10342996 , only wrote 10342667
12-09 07:50:08.465 W/audio_hw_generic( 1309): Hardware backing HAL too slow, could only write 0 of 661 frames
12-09 07:50:08.490 W/audio_hw_generic( 1309): Not supplying enough data to HAL, expected position 10343751 , only wrote 10343328
12-09 07:50:08.490 W/audio_hw_generic( 1309): Hardware backing HAL too slow, could only write 0 of 661 frames
12-09 07:50:08.508 W/audio_hw_generic( 1309): Hardware backing HAL too slow, could only write 0 of 661 frames
12-09 07:50:08.524 W/audio_hw_generic( 1309): Hardware backing HAL too slow, could only write 0 of 661 frames
12-09 07:50:08.670 W/audio_hw_generic( 1309): Not supplying enough data to HAL, expected position 10351273 , only wrote 10351260
12-09 07:50:08.690 W/audio_hw_generic( 1309): Not supplying enough data to HAL, expected position 10352144 , only wrote 10351921
12-09 07:50:08.690 W/audio_hw_generic( 1309): Not supplying enough data to HAL, expected position 10351930 , only wrote 10351921
12-09 07:50:08.692 I/art     ( 7267): Background partial concurrent mark sweep GC freed 46202(2MB) AllocSpace objects, 3(60KB) LOS objects, 39% free, 2MB/3MB, paused 1.034ms total 130.655ms
12-09 07:50:08.714 W/audio_hw_generic( 1309): Not supplying enough data to HAL, expected position 10352967 , only wrote 10352582
12-09 07:50:08.734 W/audio_hw_generic( 1309): Hardware backing HAL too slow, could only write 0 of 661 frames
12-09 07:50:08.750 W/audio_hw_generic( 1309): Hardware backing HAL too slow, could only write 0 of 661 frames
12-09 07:50:08.827 W/audio_hw_generic( 1309): Not supplying enough data to HAL, expected position 10357561 , only wrote 10357209
12-09 07:50:08.827 W/audio_hw_generic( 1309): Not supplying enough data to HAL, expected position 10357216 , only wrote 10357209
12-09 07:50:09.028 W/audio_hw_generic( 1309): Not supplying enough data to HAL, expected position 10366098 , only wrote 10365141
12-09 07:50:09.029 W/audio_hw_generic( 1309): Not supplying enough data to HAL, expected position 10365147 , only wrote 10365141
12-09 07:50:09.047 W/audio_hw_generic( 1309): Not supplying enough data to HAL, expected position 10365963 , only wrote 10365802
12-09 07:50:09.117 W/audio_hw_generic( 1309): Not supplying enough data to HAL, expected position 10368857 , only wrote 10368446
12-09 07:50:09.117 W/audio_hw_generic( 1309): Not supplying enough data to HAL, expected position 10368454 , only wrote 10368446
12-09 07:50:09.132 W/audio_hw_generic( 1309): Not supplying enough data to HAL, expected position 10369114 , only wrote 10369107
12-09 07:50:09.208 I/System.out( 7267): URI: //
12-09 07:50:09.208 I/System.out( 7267): params: {json={"command":"set_selection","arguments":[-1,-1]}
12-09 07:50:09.208 I/System.out( 7267): }
12-09 07:50:09.208 I/System.out( 7267): header: {date=Sun, 09 Dec 2018 07:50:09 GMT, accept=*/*, content-length=47, host=127.0.0.1:34777, user-agent=HTTPClient/1.0 (2.8.3, ruby 2.3.1 (2016-04-26)), content-type=application/json;charset=utf-8}
12-09 07:50:09.208 I/System.out( 7267): params: {json={"command":"set_selection","arguments":[-1,-1]}
12-09 07:50:09.208 I/System.out( 7267): }
12-09 07:50:09.208 I/System.out( 7267): ProP json = {"command":"set_selection","arguments":[-1,-1]}
12-09 07:50:09.208 I/System.out( 7267): files: {}
12-09 07:50:09.208 I/System.out( 7267): command: {"command":"set_selection","arguments":[-1,-1]}
12-09 07:50:09.210 W/audio_hw_generic( 1309): Not supplying enough data to HAL, expected position 10372545 , only wrote 10372412
12-09 07:50:09.210 W/audio_hw_generic( 1309): Not supplying enough data to HAL, expected position 10372418 , only wrote 10372412
12-09 07:50:09.216 I/InstrumentationBackend( 7267): Got command:'Command:'Line:null,set_selection', arguments:'[-1, -1]'
12-09 07:50:09.271 W/audio_hw_generic( 1309): Not supplying enough data to HAL, expected position 10375084 , only wrote 10374395
12-09 07:50:09.283 I/System.out( 7267): result:{"bonusInformation":[],"message":"","success":true}
12-09 07:50:09.367 W/audio_hw_generic( 1309): Not supplying enough data to HAL, expected position 10381609 , only wrote 10377700
12-09 07:50:09.602 I/System.out( 7267): URI: //
12-09 07:50:09.602 I/System.out( 7267): params: {json={"command":"keyboard_enter_text","arguments":["000"]}
12-09 07:50:09.602 I/System.out( 7267): }
12-09 07:50:09.602 I/System.out( 7267): header: {date=Sun, 09 Dec 2018 07:50:09 GMT, accept=*/*, content-length=53, host=127.0.0.1:34777, user-agent=HTTPClient/1.0 (2.8.3, ruby 2.3.1 (2016-04-26)), content-type=application/json;charset=utf-8}
12-09 07:50:09.602 I/System.out( 7267): params: {json={"command":"keyboard_enter_text","arguments":["000"]}
12-09 07:50:09.602 I/System.out( 7267): }
12-09 07:50:09.602 I/System.out( 7267): ProP json = {"command":"keyboard_enter_text","arguments":["000"]}
12-09 07:50:09.602 I/System.out( 7267): files: {}
12-09 07:50:09.602 I/System.out( 7267): command: {"command":"keyboard_enter_text","arguments":["000"]}
12-09 07:50:09.603 I/InstrumentationBackend( 7267): Got command:'Command:'Line:null,keyboard_enter_text', arguments:'[000]'
12-09 07:50:09.639 E/SpannableStringBuilder( 7267): SPAN_EXCLUSIVE_EXCLUSIVE spans cannot have a zero length
12-09 07:50:09.639 E/SpannableStringBuilder( 7267): SPAN_EXCLUSIVE_EXCLUSIVE spans cannot have a zero length
12-09 07:50:09.687 E/SpannableStringBuilder( 7267): SPAN_EXCLUSIVE_EXCLUSIVE spans cannot have a zero length
12-09 07:50:09.687 E/SpannableStringBuilder( 7267): SPAN_EXCLUSIVE_EXCLUSIVE spans cannot have a zero length
12-09 07:50:09.711 I/System.out( 7267): result:{"bonusInformation":[],"message":"","success":true}
12-09 07:50:09.867 I/System.out( 7267): URI: //map
12-09 07:50:09.867 I/System.out( 7267): params: {json={"query":"android.widget.Button index:2","operation":{"method_name":"query","arguments":[]}}
12-09 07:50:09.867 I/System.out( 7267): }
12-09 07:50:10.007 I/art     ( 7267): Background sticky concurrent mark sweep GC freed 26801(1212KB) AllocSpace objects, 5(100KB) LOS objects, 19% free, 3MB/3MB, paused 3.423ms total 306.412ms
12-09 07:50:10.010 D/hwcomposer( 1219): hw_composer sent 628 syncs in 60s
12-09 07:50:10.210 W/art     ( 7267): Suspending all threads took: 7.948ms
12-09 07:50:10.331 I/art     ( 7267): Background partial concurrent mark sweep GC freed 47007(2MB) AllocSpace objects, 5(100KB) LOS objects, 39% free, 2MB/3MB, paused 48.799ms total 286.098ms
12-09 07:50:10.374 I/System.out( 7267): URI: //gesture
12-09 07:50:10.375 I/System.out( 7267): params: {json={"query_timeout":5.0,"gestures":[{"query_string":"android.widget.Button index:2","touches":[{"x":50,"y":50,"offset_x":0,"offset_y":0,"wait":0.0,"time":0.2,"release":true,"query_string":null}]}]}
12-09 07:50:10.375 I/System.out( 7267): }
12-09 07:50:10.866 I/art     ( 7267): WaitForGcToComplete blocked for 12.984ms for cause Background
12-09 07:50:10.907 I/LatinIME( 1847): Starting input. Cursor position = 0,0
12-09 07:50:10.918 W/audio_hw_generic( 1309): Hardware backing HAL too slow, could only write 0 of 661 frames
12-09 07:50:10.938 W/audio_hw_generic( 1309): Hardware backing HAL too slow, could only write 0 of 661 frames
12-09 07:50:10.942 W/audio_hw_generic( 1309): Hardware backing HAL too slow, could only write 0 of 661 frames
12-09 07:50:10.966 W/audio_hw_generic( 1309): Hardware backing HAL too slow, could only write 0 of 661 frames
12-09 07:50:10.979 W/audio_hw_generic( 1309): Hardware backing HAL too slow, could only write 0 of 661 frames
12-09 07:50:11.025 I/art     ( 7267): Background sticky concurrent mark sweep GC freed 48807(2MB) AllocSpace objects, 3(60KB) LOS objects, 39% free, 2MB/3MB, paused 1.047ms total 115.869ms
12-09 07:50:11.062 I/art     ( 7267): Background sticky concurrent mark sweep GC freed 3(48B) AllocSpace objects, 0(0B) LOS objects, 39% free, 2MB/3MB, paused 10.575ms total 30.493ms
12-09 07:50:11.340 D/gralloc_ranchu( 1219): gralloc_alloc: Creating ashmem region of size 49152
12-09 07:50:11.346 W/audio_hw_generic( 1309): Not supplying enough data to HAL, expected position 10398495 , only wrote 10397530
12-09 07:50:11.346 W/audio_hw_generic( 1309): Not supplying enough data to HAL, expected position 10397907 , only wrote 10397530
12-09 07:50:11.375 W/audio_hw_generic( 1309): Not supplying enough data to HAL, expected position 10398818 , only wrote 10398191
12-09 07:50:11.417 W/audio_hw_generic( 1309): Not supplying enough data to HAL, expected position 10400058 , only wrote 10399513
12-09 07:50:11.575 W/audio_hw_generic( 1309): Hardware backing HAL too slow, could only write 0 of 661 frames
12-09 07:50:11.575 W/audio_hw_generic( 1309): Hardware backing HAL too slow, could only write 0 of 661 frames
12-09 07:50:11.578 E/SurfaceFlinger( 1219): ro.sf.lcd_density must be defined as a build property
12-09 07:50:11.585 D/gralloc_ranchu( 1219): gralloc_alloc: Creating ashmem region of size 3686400
12-09 07:50:11.626 D/        ( 7313): HostConnection::get() New Host Connection established 0x7f555a412480, tid 7313
12-09 07:50:11.682 E/EGL_emulation( 1219): tid 1219: eglCreateSyncKHR(1881): error 0x3004 (EGL_BAD_ATTRIBUTE)
12-09 07:50:11.683 W/audio_hw_generic( 1309): Not supplying enough data to HAL, expected position 10411230 , only wrote 10410750
12-09 07:50:11.683 W/audio_hw_generic( 1309): Not supplying enough data to HAL, expected position 10410759 , only wrote 10410750
12-09 07:50:11.974 W/audio_hw_generic( 1309): Not supplying enough data to HAL, expected position 10423548 , only wrote 10421987
12-09 07:50:11.974 W/audio_hw_generic( 1309): Not supplying enough data to HAL, expected position 10421993 , only wrote 10421987
12-09 07:50:12.038 W/audio_hw_generic( 1309): Not supplying enough data to HAL, expected position 10424821 , only wrote 10422648
12-09 07:50:12.053 I/Choreographer( 1847): Skipped 70 frames!  The application may be doing too much work on its main thread.
12-09 07:50:12.121 W/audio_hw_generic( 1309): Not supplying enough data to HAL, expected position 10426307 , only wrote 10425953
12-09 07:50:12.183 W/audio_hw_generic( 1309): Not supplying enough data to HAL, expected position 10428697 , only wrote 10427275
12-09 07:50:12.224 W/audio_hw_generic( 1309): Not supplying enough data to HAL, expected position 10429079 , only wrote 10428597
12-09 07:50:12.332 W/audio_hw_generic( 1309): Not supplying enough data to HAL, expected position 10433354 , only wrote 10432563
12-09 07:50:12.332 W/audio_hw_generic( 1309): Hardware backing HAL too slow, could only write 0 of 661 frames
12-09 07:50:12.332 W/audio_hw_generic( 1309): Hardware backing HAL too slow, could only write 0 of 661 frames
12-09 07:50:12.347 W/audio_hw_generic( 1309): Hardware backing HAL too slow, could only write 0 of 661 frames
12-09 07:50:12.366 W/audio_hw_generic( 1309): Hardware backing HAL too slow, could only write 0 of 661 frames
12-09 07:50:12.397 W/audio_hw_generic( 1309): Hardware backing HAL too slow, could only write 0 of 661 frames
12-09 07:50:12.407 W/audio_hw_generic( 1309): Hardware backing HAL too slow, could only write 0 of 661 frames
12-09 07:50:12.442 W/audio_hw_generic( 1309): Hardware backing HAL too slow, could only write 0 of 661 frames
12-09 07:50:12.505 W/art     ( 1592): Long monitor contention event with owner method=void com.android.server.wm.WindowAnimator$1.doFrame(long) from WindowAnimator.java:121 waiters=0 for 158ms
12-09 07:50:12.822 W/audio_hw_generic( 1309): Not supplying enough data to HAL, expected position 10454165 , only wrote 10453054
12-09 07:50:12.822 W/audio_hw_generic( 1309): Not supplying enough data to HAL, expected position 10453060 , only wrote 10453054
12-09 07:50:12.822 W/audio_hw_generic( 1309): Hardware backing HAL too slow, could only write 0 of 661 frames
12-09 07:50:12.838 W/audio_hw_generic( 1309): Not supplying enough data to HAL, expected position 10453777 , only wrote 10453715
12-09 07:50:12.842 W/audio_hw_generic( 1309): Hardware backing HAL too slow, could only write 0 of 661 frames
12-09 07:50:12.870 W/audio_hw_generic( 1309): Not supplying enough data to HAL, expected position 10455099 , only wrote 10455037
12-09 07:50:12.870 W/audio_hw_generic( 1309): Hardware backing HAL too slow, could only write 0 of 661 frames
12-09 07:50:12.870 W/audio_hw_generic( 1309): Hardware backing HAL too slow, could only write 0 of 661 frames
12-09 07:50:12.902 W/audio_hw_generic( 1309): Not supplying enough data to HAL, expected position 10456448 , only wrote 10456359
12-09 07:50:12.902 W/audio_hw_generic( 1309): Hardware backing HAL too slow, could only write 0 of 661 frames
12-09 07:50:12.902 W/audio_hw_generic( 1309): Hardware backing HAL too slow, could only write 0 of 661 frames
12-09 07:50:12.933 W/audio_hw_generic( 1309): Hardware backing HAL too slow, could only write 0 of 661 frames
12-09 07:50:12.962 I/System.out( 7267): URI: //map
12-09 07:50:12.962 I/System.out( 7267): params: {json={"query":"android.widget.EditText id:'odometer'","operation":{"method_name":"query","arguments":[]}}
12-09 07:50:12.962 I/System.out( 7267): }
12-09 07:50:13.009 W/ResourceType( 7267): No package identifier when getting name for resource number 0x00000001
12-09 07:50:13.026 W/audio_hw_generic( 1309): Not supplying enough data to HAL, expected position 10461823 , only wrote 10461647
12-09 07:50:13.130 W/audio_hw_generic( 1309): Not supplying enough data to HAL, expected position 10466251 , only wrote 10465613
12-09 07:50:13.130 W/audio_hw_generic( 1309): Not supplying enough data to HAL, expected position 10465619 , only wrote 10465613
12-09 07:50:13.158 I/System.out( 7267): URI: //gesture
12-09 07:50:13.158 I/System.out( 7267): params: {json={"query_timeout":5.0,"gestures":[{"query_string":"android.widget.EditText id:'odometer'","touches":[{"x":50,"y":50,"offset_x":0,"offset_y":0,"wait":0.0,"time":0.2,"release":true,"query_string":null}]}]}
12-09 07:50:13.158 I/System.out( 7267): }
12-09 07:50:13.178 W/ResourceType( 7267): No package identifier when getting name for resource number 0x00000001
12-09 07:50:13.182 W/audio_hw_generic( 1309): Hardware backing HAL too slow, could only write 0 of 661 frames
12-09 07:50:13.266 W/audio_hw_generic( 1309): Not supplying enough data to HAL, expected position 10471596 , only wrote 10470901
12-09 07:50:13.266 W/audio_hw_generic( 1309): Not supplying enough data to HAL, expected position 10470907 , only wrote 10470901
12-09 07:50:13.289 W/audio_hw_generic( 1309): Not supplying enough data to HAL, expected position 10471890 , only wrote 10471562
12-09 07:50:13.338 W/audio_hw_generic( 1309): Not supplying enough data to HAL, expected position 10473726 , only wrote 10472884
12-09 07:50:13.399 W/audio_hw_generic( 1309): Hardware backing HAL too slow, could only write 0 of 661 frames
12-09 07:50:13.478 W/art     ( 7267): Suspending all threads took: 12.212ms
12-09 07:50:13.512 I/art     ( 7267): Background sticky concurrent mark sweep GC freed 59765(2MB) AllocSpace objects, 2(40KB) LOS objects, 40% free, 2MB/3MB, paused 17.944ms total 66.403ms
12-09 07:50:13.802 W/audio_hw_generic( 1309): Hardware backing HAL too slow, could only write 0 of 661 frames
12-09 07:50:13.829 W/audio_hw_generic( 1309): Not supplying enough data to HAL, expected position 10494563 , only wrote 10494036
12-09 07:50:13.829 W/audio_hw_generic( 1309): Hardware backing HAL too slow, could only write 0 of 661 frames
12-09 07:50:13.995 W/audio_hw_generic( 1309): Not supplying enough data to HAL, expected position 10507340 , only wrote 10501307
12-09 07:50:14.051 I/System.out( 7267): URI: //
