12-09 07:42:55.414 D/Mileage.ABS( 5282): Not backing up; 574
12-09 07:42:55.415 D/Mileage.ABS( 5282): Not backing up; 575
12-09 07:42:55.454 D/Mileage.ABS( 5282): Not backing up; 614
12-09 07:42:55.587 D/Mileage.ABS( 5282): Not backing up; 747
12-09 07:42:55.587 D/Mileage.ABS( 5282): Not backing up; 747
12-09 07:42:55.588 D/Mileage.ABS( 5282): Not backing up; 747
12-09 07:42:55.588 D/Mileage.ABS( 5282): Not backing up; 748
12-09 07:42:55.592 D/Mileage.ABS( 5282): Not backing up; 752
12-09 07:42:55.698 W/audio_hw_generic( 1307): Not supplying enough data to HAL, expected position 4921828 , only wrote 4921145
12-09 07:42:55.715 D/Mileage.ABS( 5282): Not backing up; 875
12-09 07:42:55.716 D/Mileage.ABS( 5282): Not backing up; 876
12-09 07:42:55.731 D/Mileage.ABS( 5282): Not backing up; 891
12-09 07:42:55.740 D/Mileage.ABS( 5282): Not backing up; 900
12-09 07:42:55.841 W/audio_hw_generic( 1307): Not supplying enough data to HAL, expected position 4927453 , only wrote 4927094
12-09 07:42:55.914 I/System.out( 5282): URI: //gesture
12-09 07:42:55.914 I/System.out( 5282): params: {json={"query_timeout":5.0,"gestures":[{"query_string":"android.widget.TabWidget descendant TextView index:0","touches":[{"x":50,"y":50,"offset_x":0,"offset_y":0,"wait":0.0,"time":0.2,"release":true,"query_string":null}]}]}
12-09 07:42:55.914 I/System.out( 5282): }
12-09 07:42:55.968 D/Mileage.ABS( 5282): Finished backup
12-09 07:42:55.969 D/Mileage.ABS( 5282): Not backing up; 62
12-09 07:42:55.969 D/Mileage.ABS( 5282): Not backing up; 62
12-09 07:42:55.969 D/Mileage.ABS( 5282): Not backing up; 62
12-09 07:42:55.970 D/Mileage.ABS( 5282): Not backing up; 62
12-09 07:42:55.970 D/Mileage.ABS( 5282): Not backing up; 63
12-09 07:42:56.030 D/Mileage.ABS( 5282): Not backing up; 123
12-09 07:42:56.116 W/audio_hw_generic( 1307): Hardware backing HAL too slow, could only write 0 of 661 frames
12-09 07:42:56.131 W/audio_hw_generic( 1307): Hardware backing HAL too slow, could only write 0 of 661 frames
12-09 07:42:56.154 W/audio_hw_generic( 1307): Hardware backing HAL too slow, could only write 0 of 661 frames
12-09 07:42:56.182 W/audio_hw_generic( 1307): Hardware backing HAL too slow, could only write 0 of 661 frames
12-09 07:42:56.204 D/Mileage.ABS( 5282): Not backing up; 297
12-09 07:42:56.207 D/Mileage.ABS( 5282): Not backing up; 300
12-09 07:42:56.214 D/Mileage.ABS( 5282): Not backing up; 307
12-09 07:42:56.215 D/Mileage.ABS( 5282): Not backing up; 308
12-09 07:42:56.328 D/Mileage.ABS( 5282): Not backing up; 421
12-09 07:42:56.351 D/Mileage.ABS( 5282): Not backing up; 444
12-09 07:42:56.368 D/Mileage.ABS( 5282): Not backing up; 461
12-09 07:42:56.369 D/Mileage.ABS( 5282): Not backing up; 462
12-09 07:42:56.369 D/Mileage.ABS( 5282): Not backing up; 462
12-09 07:42:56.370 D/Mileage.ABS( 5282): Not backing up; 463
12-09 07:42:56.537 W/audio_hw_generic( 1307): Not supplying enough data to HAL, expected position 4957757 , only wrote 4957500
12-09 07:42:56.537 W/audio_hw_generic( 1307): Not supplying enough data to HAL, expected position 4957507 , only wrote 4957500
12-09 07:42:56.566 W/audio_hw_generic( 1307): Not supplying enough data to HAL, expected position 4958785 , only wrote 4958161
12-09 07:42:56.695 D/Mileage.ABS( 5282): Not backing up; 787
12-09 07:42:56.695 D/Mileage.ABS( 5282): Not backing up; 788
12-09 07:42:56.696 D/Mileage.ABS( 5282): Not backing up; 788
12-09 07:42:56.696 D/Mileage.ABS( 5282): Not backing up; 789
12-09 07:42:56.696 D/Mileage.ABS( 5282): Not backing up; 789
12-09 07:42:56.703 D/Mileage.ABS( 5282): Not backing up; 796
12-09 07:42:56.704 D/Mileage.ABS( 5282): Not backing up; 797
12-09 07:42:56.704 D/Mileage.ABS( 5282): Not backing up; 797
12-09 07:42:56.788 D/AudioFlinger( 1307): mixer(0xf4300000) throttle end: throttle time(5)
12-09 07:42:56.893 W/art     ( 5282): Suspending all threads took: 16.328ms
12-09 07:42:56.913 W/audio_hw_generic( 1307): Not supplying enough data to HAL, expected position 4973491 , only wrote 4973364
12-09 07:42:56.914 W/audio_hw_generic( 1307): Not supplying enough data to HAL, expected position 4973371 , only wrote 4973364
12-09 07:42:56.933 W/audio_hw_generic( 1307): Not supplying enough data to HAL, expected position 4974205 , only wrote 4974025
12-09 07:42:56.965 W/audio_hw_generic( 1307): Hardware backing HAL too slow, could only write 0 of 661 frames
12-09 07:42:56.985 W/audio_hw_generic( 1307): Hardware backing HAL too slow, could only write 0 of 661 frames
12-09 07:42:56.994 W/audio_hw_generic( 1307): Hardware backing HAL too slow, could only write 0 of 661 frames
12-09 07:42:57.013 W/audio_hw_generic( 1307): Hardware backing HAL too slow, could only write 0 of 661 frames
12-09 07:42:57.024 W/audio_hw_generic( 1307): Hardware backing HAL too slow, could only write 0 of 661 frames
12-09 07:42:57.045 W/audio_hw_generic( 1307): Hardware backing HAL too slow, could only write 0 of 661 frames
12-09 07:42:57.062 W/audio_hw_generic( 1307): Hardware backing HAL too slow, could only write 0 of 661 frames
12-09 07:42:57.075 W/audio_hw_generic( 1307): Hardware backing HAL too slow, could only write 0 of 661 frames
12-09 07:42:57.085 W/audio_hw_generic( 1307): Hardware backing HAL too slow, could only write 0 of 661 frames
12-09 07:42:57.114 D/VehicleStatisticsAdapter( 5282): Caching of 29 records complete! (2.265 seconds)
12-09 07:42:57.122 W/audio_hw_generic( 1307): Hardware backing HAL too slow, could only write 0 of 661 frames
12-09 07:42:57.139 W/CursorWrapperInner( 5282): Cursor finalized without prior close()
12-09 07:42:57.146 D/VehicleStatisticsAdapter( 5282): Caching of 29 records complete! (2.287 seconds)
12-09 07:42:57.160 I/art     ( 5282): Background sticky concurrent mark sweep GC freed 52668(2MB) AllocSpace objects, 1(20KB) LOS objects, 31% free, 3MB/4MB, paused 57.212ms total 416.261ms
12-09 07:42:57.228 D/Mileage.ABS( 5282): Finished backup
12-09 07:42:57.238 D/Mileage.ABS( 5282): Not backing up; 35
12-09 07:42:57.238 D/Mileage.ABS( 5282): Not backing up; 35
12-09 07:42:57.239 D/Mileage.ABS( 5282): Not backing up; 36
12-09 07:42:57.239 D/Mileage.ABS( 5282): Not backing up; 36
12-09 07:42:57.239 D/Mileage.ABS( 5282): Not backing up; 36
12-09 07:42:57.239 D/Mileage.ABS( 5282): Not backing up; 36
12-09 07:42:57.240 D/Mileage.ABS( 5282): Not backing up; 37
12-09 07:42:57.240 D/Mileage.ABS( 5282): Not backing up; 37
12-09 07:42:57.330 D/Mileage.ABS( 5282): Not backing up; 127
12-09 07:42:57.332 D/Mileage.ABS( 5282): Not backing up; 128
12-09 07:42:57.366 D/Mileage.ABS( 5282): Not backing up; 162
12-09 07:42:57.366 D/Mileage.ABS( 5282): Not backing up; 163
12-09 07:42:57.444 W/audio_hw_generic( 1307): Not supplying enough data to HAL, expected position 4996571 , only wrote 4996499
12-09 07:42:57.444 W/audio_hw_generic( 1307): Not supplying enough data to HAL, expected position 4996506 , only wrote 4996499
12-09 07:42:57.465 W/audio_hw_generic( 1307): Not supplying enough data to HAL, expected position 4997419 , only wrote 4997160
12-09 07:42:57.596 E/SurfaceFlinger( 1225): ro.sf.lcd_density must be defined as a build property
12-09 07:42:57.639 D/gralloc_ranchu( 1225): gralloc_alloc: Creating ashmem region of size 3686400
12-09 07:42:57.646 D/        ( 5340): HostConnection::get() New Host Connection established 0x7fbe79452480, tid 5340
12-09 07:42:57.692 E/EGL_emulation( 1225): tid 1225: eglCreateSyncKHR(1881): error 0x3004 (EGL_BAD_ATTRIBUTE)
12-09 07:42:57.788 W/audio_hw_generic( 1307): Not supplying enough data to HAL, expected position 5011402 , only wrote 5011041
12-09 07:42:57.788 W/audio_hw_generic( 1307): Not supplying enough data to HAL, expected position 5011048 , only wrote 5011041
12-09 07:42:57.809 W/audio_hw_generic( 1307): Not supplying enough data to HAL, expected position 5011962 , only wrote 5011702
12-09 07:42:58.056 W/audio_hw_generic( 1307): Not supplying enough data to HAL, expected position 5022583 , only wrote 5022278
12-09 07:42:58.056 W/audio_hw_generic( 1307): Not supplying enough data to HAL, expected position 5022285 , only wrote 5022278
12-09 07:42:58.074 W/audio_hw_generic( 1307): Not supplying enough data to HAL, expected position 5023070 , only wrote 5022939
12-09 07:42:58.225 W/audio_hw_generic( 1307): Not supplying enough data to HAL, expected position 5029620 , only wrote 5029549
12-09 07:42:58.226 W/audio_hw_generic( 1307): Not supplying enough data to HAL, expected position 5029556 , only wrote 5029549
12-09 07:42:58.241 W/audio_hw_generic( 1307): Not supplying enough data to HAL, expected position 5030226 , only wrote 5030210
12-09 07:42:58.281 W/audio_hw_generic( 1307): Not supplying enough data to HAL, expected position 5031969 , only wrote 5031532
12-09 07:42:58.338 W/audio_hw_generic( 1307): Hardware backing HAL too slow, could only write 0 of 661 frames
12-09 07:42:58.369 W/audio_hw_generic( 1307): Hardware backing HAL too slow, could only write 0 of 661 frames
12-09 07:42:58.384 W/audio_hw_generic( 1307): Hardware backing HAL too slow, could only write 0 of 661 frames
12-09 07:42:58.450 W/audio_hw_generic( 1307): Hardware backing HAL too slow, could only write 0 of 661 frames
12-09 07:42:58.450 W/audio_hw_generic( 1307): Not supplying enough data to HAL, expected position 5038990 , only wrote 5037481
12-09 07:42:58.450 W/audio_hw_generic( 1307): Not supplying enough data to HAL, expected position 5037487 , only wrote 5037481
12-09 07:42:58.465 W/audio_hw_generic( 1307): Not supplying enough data to HAL, expected position 5038143 , only wrote 5038142
12-09 07:42:58.465 W/audio_hw_generic( 1307): Hardware backing HAL too slow, could only write 0 of 661 frames
12-09 07:42:58.485 W/audio_hw_generic( 1307): Hardware backing HAL too slow, could only write 0 of 661 frames
12-09 07:42:58.501 W/audio_hw_generic( 1307): Hardware backing HAL too slow, could only write 0 of 661 frames
12-09 07:42:58.517 W/audio_hw_generic( 1307): Hardware backing HAL too slow, could only write 0 of 661 frames
12-09 07:42:58.533 W/audio_hw_generic( 1307): Hardware backing HAL too slow, could only write 0 of 661 frames
12-09 07:42:58.553 W/audio_hw_generic( 1307): Hardware backing HAL too slow, could only write 0 of 661 frames
12-09 07:42:58.561 W/audio_hw_generic( 1307): Hardware backing HAL too slow, could only write 0 of 661 frames
12-09 07:42:58.705 W/audio_hw_generic( 1307): Not supplying enough data to HAL, expected position 5048739 , only wrote 5048057
12-09 07:42:58.746 W/audio_hw_generic( 1307): Not supplying enough data to HAL, expected position 5049830 , only wrote 5048057
12-09 07:42:58.746 W/audio_hw_generic( 1307): Hardware backing HAL too slow, could only write 0 of 661 frames
12-09 07:42:58.761 W/audio_hw_generic( 1307): Not supplying enough data to HAL, expected position 5048721 , only wrote 5048718
12-09 07:42:58.761 W/audio_hw_generic( 1307): Hardware backing HAL too slow, could only write 0 of 661 frames
12-09 07:42:58.761 W/audio_hw_generic( 1307): Hardware backing HAL too slow, could only write 0 of 661 frames
12-09 07:42:58.781 W/audio_hw_generic( 1307): Hardware backing HAL too slow, could only write 0 of 661 frames
12-09 07:42:58.796 W/audio_hw_generic( 1307): Hardware backing HAL too slow, could only write 0 of 661 frames
12-09 07:42:58.797 I/System.out( 5282): URI: //
12-09 07:42:58.805 I/System.out( 5282): params: {json={"command":"set_activity_orientation","arguments":["landscape"]}
12-09 07:42:58.805 I/System.out( 5282): }
12-09 07:42:58.805 I/System.out( 5282): header: {date=Sun, 09 Dec 2018 07:42:59 GMT, accept=*/*, content-length=64, host=127.0.0.1:34777, user-agent=HTTPClient/1.0 (2.8.3, ruby 2.3.1 (2016-04-26)), content-type=application/json;charset=utf-8}
12-09 07:42:58.805 I/System.out( 5282): params: {json={"command":"set_activity_orientation","arguments":["landscape"]}
12-09 07:42:58.805 I/System.out( 5282): }
12-09 07:42:58.805 I/System.out( 5282): ProP json = {"command":"set_activity_orientation","arguments":["landscape"]}
12-09 07:42:58.805 I/System.out( 5282): files: {}
12-09 07:42:58.805 I/System.out( 5282): command: {"command":"set_activity_orientation","arguments":["landscape"]}
12-09 07:42:58.806 I/InstrumentationBackend( 5282): Got command:'Command:'Line:null,set_activity_orientation', arguments:'[landscape]'
12-09 07:42:58.829 W/audio_hw_generic( 1307): Hardware backing HAL too slow, could only write 0 of 661 frames
12-09 07:42:58.871 W/audio_hw_generic( 1307): Hardware backing HAL too slow, could only write 0 of 661 frames
12-09 07:42:58.975 D/gralloc_ranchu( 1225): gralloc_alloc: Creating ashmem region of size 3686400
12-09 07:42:58.990 E/EGL_emulation( 1225): tid 1225: eglCreateSyncKHR(1881): error 0x3004 (EGL_BAD_ATTRIBUTE)
12-09 07:42:59.017 I/ActivityManager( 1593): Config changes=480 {1.0 310mcc260mnc en_US ldltr sw720dp w1280dp h696dp 160dpi xlrg long land finger -keyb/v/h tball/v s.13}
12-09 07:42:59.149 W/audio_hw_generic( 1307): Not supplying enough data to HAL, expected position 5065829 , only wrote 5065243
12-09 07:42:59.225 I/InputReader( 1593): Reconfiguring input devices.  changes=0x00000004
12-09 07:42:59.225 I/InputReader( 1593): Device reconfigured: id=0, name='qwerty2', size 720x1280, orientation 1, mode 1, display id 0
12-09 07:42:59.229 W/audio_hw_generic( 1307): Not supplying enough data to HAL, expected position 5068792 , only wrote 5068548
12-09 07:42:59.229 W/audio_hw_generic( 1307): Not supplying enough data to HAL, expected position 5068555 , only wrote 5068548
12-09 07:42:59.246 W/audio_hw_generic( 1307): Not supplying enough data to HAL, expected position 5069298 , only wrote 5069209
12-09 07:42:59.247 I/calabash( 5282): newActivity1
12-09 07:42:59.334 I/System.out( 5282): result:{"bonusInformation":[],"message":"","success":true}
12-09 07:42:59.357 I/calabash( 5282): newActivity1
12-09 07:42:59.358 W/ActivityManager( 1593): Bad activity token: android.os.BinderProxy@c1db535
12-09 07:42:59.358 W/ActivityManager( 1593): java.lang.ClassCastException: android.os.BinderProxy cannot be cast to com.android.server.am.ActivityRecord$Token
12-09 07:42:59.358 W/ActivityManager( 1593): 	at com.android.server.am.ActivityRecord.forTokenLocked(ActivityRecord.java:424)
12-09 07:42:59.358 W/ActivityManager( 1593): 	at com.android.server.am.ActivityRecord.isInStackLocked(ActivityRecord.java:1121)
12-09 07:42:59.358 W/ActivityManager( 1593): 	at com.android.server.am.ActivityRecord.getStackLocked(ActivityRecord.java:1126)
12-09 07:42:59.358 W/ActivityManager( 1593): 	at com.android.server.am.ActivityManagerService.getActivityDisplayId(ActivityManagerService.java:8889)
12-09 07:42:59.358 W/ActivityManager( 1593): 	at android.app.ActivityManagerNative.onTransact(ActivityManagerNative.java:2338)
12-09 07:42:59.358 W/ActivityManager( 1593): 	at com.android.server.am.ActivityManagerService.onTransact(ActivityManagerService.java:2443)
12-09 07:42:59.358 W/ActivityManager( 1593): 	at android.os.Binder.execTransact(Binder.java:453)
12-09 07:42:59.359 W/ActivityManager( 1593): Bad activity token: android.os.BinderProxy@c1db535
12-09 07:42:59.359 W/ActivityManager( 1593): java.lang.ClassCastException: android.os.BinderProxy cannot be cast to com.android.server.am.ActivityRecord$Token
12-09 07:42:59.359 W/ActivityManager( 1593): 	at com.android.server.am.ActivityRecord.forTokenLocked(ActivityRecord.java:424)
12-09 07:42:59.359 W/ActivityManager( 1593): 	at com.android.server.am.ActivityRecord.isInStackLocked(ActivityRecord.java:1121)
12-09 07:42:59.359 W/ActivityManager( 1593): 	at com.android.server.am.ActivityManagerService.setTaskDescription(ActivityManagerService.java:8547)
12-09 07:42:59.359 W/ActivityManager( 1593): 	at android.app.ActivityManagerNative.onTransact(ActivityManagerNative.java:2410)
12-09 07:42:59.359 W/ActivityManager( 1593): 	at com.android.server.am.ActivityManagerService.onTransact(ActivityManagerService.java:2443)
12-09 07:42:59.359 W/ActivityManager( 1593): 	at android.os.Binder.execTransact(Binder.java:453)
12-09 07:42:59.378 W/ActivityManager( 1593): Bad activity token: android.os.BinderProxy@c1db535
12-09 07:42:59.378 W/ActivityManager( 1593): java.lang.ClassCastException: android.os.BinderProxy cannot be cast to com.android.server.am.ActivityRecord$Token
12-09 07:42:59.378 W/ActivityManager( 1593): 	at com.android.server.am.ActivityRecord.forTokenLocked(ActivityRecord.java:424)
12-09 07:42:59.378 W/ActivityManager( 1593): 	at com.android.server.am.ActivityRecord.isInStackLocked(ActivityRecord.java:1121)
12-09 07:42:59.378 W/ActivityManager( 1593): 	at com.android.server.am.ActivityManagerService.getActivityOptions(ActivityManagerService.java:11038)
12-09 07:42:59.378 W/ActivityManager( 1593): 	at android.app.ActivityManagerNative.onTransact(ActivityManagerNative.java:1734)
12-09 07:42:59.378 W/ActivityManager( 1593): 	at com.android.server.am.ActivityManagerService.onTransact(ActivityManagerService.java:2443)
12-09 07:42:59.378 W/ActivityManager( 1593): 	at android.os.Binder.execTransact(Binder.java:453)
12-09 07:42:59.379 W/ActivityManager( 1593): Bad activity token: android.os.BinderProxy@c1db535
12-09 07:42:59.379 W/ActivityManager( 1593): java.lang.ClassCastException: android.os.BinderProxy cannot be cast to com.android.server.am.ActivityRecord$Token
12-09 07:42:59.379 W/ActivityManager( 1593): 	at com.android.server.am.ActivityRecord.forTokenLocked(ActivityRecord.java:424)
12-09 07:42:59.379 W/ActivityManager( 1593): 	at com.android.server.am.ActivityRecord.isInStackLocked(ActivityRecord.java:1121)
12-09 07:42:59.379 W/ActivityManager( 1593): 	at com.android.server.am.ActivityManagerService.getActivityOptions(ActivityManagerService.java:11038)
12-09 07:42:59.379 W/ActivityManager( 1593): 	at android.app.ActivityManagerNative.onTransact(ActivityManagerNative.java:1734)
12-09 07:42:59.379 W/ActivityManager( 1593): 	at com.android.server.am.ActivityManagerService.onTransact(ActivityManagerService.java:2443)
12-09 07:42:59.379 W/ActivityManager( 1593): 	at android.os.Binder.execTransact(Binder.java:453)
12-09 07:42:59.406 W/PhoneWindow( 5282): Previously focused view reported id 2131296279 during save, but can't be found during restore.
12-09 07:42:59.473 W/audio_hw_generic( 1307): Not supplying enough data to HAL, expected position 5079213 , only wrote 5079124
12-09 07:42:59.473 W/audio_hw_generic( 1307): Not supplying enough data to HAL, expected position 5079131 , only wrote 5079124
12-09 07:42:59.478 D/EGL_emulation( 1701): eglMakeCurrent: 0x7f52d2fc9180: ver 2 0 (tinfo 0x7f52c952c7e0)
12-09 07:42:59.486 E/Surface ( 1701): getSlotFromBufferLocked: unknown buffer: 0x7f52d161b200
12-09 07:42:59.487 D/EGL_emulation( 1701): eglMakeCurrent: 0x7f52d2fc9180: ver 2 0 (tinfo 0x7f52c952c7e0)
12-09 07:42:59.492 W/audio_hw_generic( 1307): Not supplying enough data to HAL, expected position 5079944 , only wrote 5079785
12-09 07:42:59.514 I/WindowManager( 1593): Screen frozen for +707ms due to Window{8c80d5b u0 StatusBar}
12-09 07:42:59.681 W/art     ( 1593): Long monitor contention event with owner method=void com.android.server.wm.WindowManagerService$H.handleMessage(android.os.Message) from WindowManagerService.java:7820 waiters=0 for 157ms
12-09 07:42:59.683 I/Choreographer( 5282): Skipped 35 frames!  The application may be doing too much work on its main thread.
12-09 07:42:59.762 W/audio_hw_generic( 1307): Hardware backing HAL too slow, could only write 0 of 661 frames
12-09 07:42:59.855 W/audio_hw_generic( 1307): Not supplying enough data to HAL, expected position 5110852 , only wrote 5095649
12-09 07:42:59.934 W/art     ( 1593): Long monitor contention event with owner method=int com.android.server.wm.WindowManagerService.relayoutWindow(com.android.server.wm.Session, android.view.IWindow, int, android.view.WindowManager$LayoutParams, int, int, int, int, android.graphics.Rect, android.graphics.Rect, android.graphics.Rect, android.graphics.Rect, android.graphics.Rect, android.graphics.Rect, android.content.res.Configuration, android.view.Surface) from WindowManagerService.java:3103 waiters=0 for 196ms
12-09 07:42:59.938 D/gralloc_ranchu( 1225): gralloc_alloc: Creating ashmem region of size 3686400
12-09 07:43:00.526 D/gralloc_ranchu( 1225): gralloc_alloc: Creating ashmem region of size 3686400
12-09 07:43:01.142 D/gralloc_ranchu( 1225): gralloc_alloc: Creating ashmem region of size 3686400
12-09 07:43:01.380 I/System.out( 5282): URI: //gesture
12-09 07:43:01.380 I/System.out( 5282): params: {json={"query_timeout":5.0,"gestures":[{"query_string":"android.widget.TabWidget descendant TextView index:1","touches":[{"x":50,"y":50,"offset_x":0,"offset_y":0,"wait":0.0,"time":0.2,"release":true,"query_string":null}]}]}
12-09 07:43:01.380 I/System.out( 5282): }
12-09 07:43:01.709 I/art     ( 1593): Starting a blocking GC Explicit
12-09 07:43:01.753 I/calabash( 5282): newActivity1
12-09 07:43:01.753 W/ActivityManager( 1593): Bad activity token: android.os.BinderProxy@c256017
12-09 07:43:01.753 W/ActivityManager( 1593): java.lang.ClassCastException: android.os.BinderProxy cannot be cast to com.android.server.am.ActivityRecord$Token
12-09 07:43:01.753 W/ActivityManager( 1593): 	at com.android.server.am.ActivityRecord.forTokenLocked(ActivityRecord.java:424)
12-09 07:43:01.753 W/ActivityManager( 1593): 	at com.android.server.am.ActivityRecord.isInStackLocked(ActivityRecord.java:1121)
12-09 07:43:01.753 W/ActivityManager( 1593): 	at com.android.server.am.ActivityRecord.getStackLocked(ActivityRecord.java:1126)
12-09 07:43:01.753 W/ActivityManager( 1593): 	at com.android.server.am.ActivityManagerService.getActivityDisplayId(ActivityManagerService.java:8889)
12-09 07:43:01.753 W/ActivityManager( 1593): 	at android.app.ActivityManagerNative.onTransact(ActivityManagerNative.java:2338)
12-09 07:43:01.753 W/ActivityManager( 1593): 	at com.android.server.am.ActivityManagerService.onTransact(ActivityManagerService.java:2443)
12-09 07:43:01.753 W/ActivityManager( 1593): 	at android.os.Binder.execTransact(Binder.java:453)
12-09 07:43:01.754 W/ActivityManager( 1593): Bad activity token: android.os.BinderProxy@c256017
12-09 07:43:01.754 W/ActivityManager( 1593): java.lang.ClassCastException: android.os.BinderProxy cannot be cast to com.android.server.am.ActivityRecord$Token
12-09 07:43:01.754 W/ActivityManager( 1593): 	at com.android.server.am.ActivityRecord.forTokenLocked(ActivityRecord.java:424)
12-09 07:43:01.754 W/ActivityManager( 1593): 	at com.android.server.am.ActivityRecord.isInStackLocked(ActivityRecord.java:1121)
12-09 07:43:01.754 W/ActivityManager( 1593): 	at com.android.server.am.ActivityManagerService.setTaskDescription(ActivityManagerService.java:8547)
12-09 07:43:01.754 W/ActivityManager( 1593): 	at android.app.ActivityManagerNative.onTransact(ActivityManagerNative.java:2410)
12-09 07:43:01.754 W/ActivityManager( 1593): 	at com.android.server.am.ActivityManagerService.onTransact(ActivityManagerService.java:2443)
12-09 07:43:01.754 W/ActivityManager( 1593): 	at android.os.Binder.execTransact(Binder.java:453)
12-09 07:43:01.789 I/art     ( 1593): Explicit concurrent mark sweep GC freed 7675(716KB) AllocSpace objects, 1(20KB) LOS objects, 30% free, 9MB/13MB, paused 9.744ms total 70.393ms
12-09 07:43:01.871 W/audio_hw_generic( 1307): Hardware backing HAL too slow, could only write 0 of 661 frames
12-09 07:43:01.892 W/audio_hw_generic( 1307): Hardware backing HAL too slow, could only write 0 of 661 frames
12-09 07:43:01.911 I/art     ( 5282): Background sticky concurrent mark sweep GC freed 36626(1575KB) AllocSpace objects, 1(20KB) LOS objects, 20% free, 3MB/4MB, paused 1.804ms total 124.237ms
12-09 07:43:01.919 W/audio_hw_generic( 1307): Hardware backing HAL too slow, could only write 0 of 661 frames
12-09 07:43:01.937 W/audio_hw_generic( 1307): Hardware backing HAL too slow, could only write 0 of 661 frames
12-09 07:43:01.945 W/ActivityManager( 1593): Bad activity token: android.os.BinderProxy@78c55ed
12-09 07:43:01.945 W/ActivityManager( 1593): java.lang.ClassCastException: android.os.BinderProxy cannot be cast to com.android.server.am.ActivityRecord$Token
12-09 07:43:01.945 W/ActivityManager( 1593): 	at com.android.server.am.ActivityRecord.forTokenLocked(ActivityRecord.java:424)
12-09 07:43:01.945 W/ActivityManager( 1593): 	at com.android.server.am.ActivityRecord.isInStackLocked(ActivityRecord.java:1121)
12-09 07:43:01.945 W/ActivityManager( 1593): 	at com.android.server.am.ActivityManagerService.getActivityOptions(ActivityManagerService.java:11038)
12-09 07:43:01.945 W/ActivityManager( 1593): 	at android.app.ActivityManagerNative.onTransact(ActivityManagerNative.java:1734)
12-09 07:43:01.945 W/ActivityManager( 1593): 	at com.android.server.am.ActivityManagerService.onTransact(ActivityManagerService.java:2443)
12-09 07:43:01.945 W/ActivityManager( 1593): 	at android.os.Binder.execTransact(Binder.java:453)
12-09 07:43:01.962 W/audio_hw_generic( 1307): Hardware backing HAL too slow, could only write 0 of 661 frames
12-09 07:43:01.965 W/ActivityManager( 1593): Bad activity token: android.os.BinderProxy@78c55ed
12-09 07:43:01.965 W/ActivityManager( 1593): java.lang.ClassCastException: android.os.BinderProxy cannot be cast to com.android.server.am.ActivityRecord$Token
12-09 07:43:01.965 W/ActivityManager( 1593): 	at com.android.server.am.ActivityRecord.forTokenLocked(ActivityRecord.java:424)
12-09 07:43:01.965 W/ActivityManager( 1593): 	at com.android.server.am.ActivityRecord.isInStackLocked(ActivityRecord.java:1121)
12-09 07:43:01.965 W/ActivityManager( 1593): 	at com.android.server.am.ActivityManagerService.getActivityOptions(ActivityManagerService.java:11038)
12-09 07:43:01.965 W/ActivityManager( 1593): 	at android.app.ActivityManagerNative.onTransact(ActivityManagerNative.java:1734)
12-09 07:43:01.965 W/ActivityManager( 1593): 	at com.android.server.am.ActivityManagerService.onTransact(ActivityManagerService.java:2443)
12-09 07:43:01.965 W/ActivityManager( 1593): 	at android.os.Binder.execTransact(Binder.java:453)
12-09 07:43:02.065 W/audio_hw_generic( 1307): Not supplying enough data to HAL, expected position 5104245 , only wrote 5104242
12-09 07:43:02.066 W/audio_hw_generic( 1307): Not supplying enough data to HAL, expected position 5104249 , only wrote 5104242
12-09 07:43:02.083 W/audio_hw_generic( 1307): Not supplying enough data to HAL, expected position 5105013 , only wrote 5104903
12-09 07:43:02.116 W/audio_hw_generic( 1307): Hardware backing HAL too slow, could only write 0 of 661 frames
12-09 07:43:02.117 D/Mileage ( 5282): Not enough fillups to calculate economy
12-09 07:43:02.203 W/audio_hw_generic( 1307): Not supplying enough data to HAL, expected position 5110175 , only wrote 5108869
12-09 07:43:02.220 W/audio_hw_generic( 1307): Hardware backing HAL too slow, could only write 0 of 661 frames
12-09 07:43:02.249 W/audio_hw_generic( 1307): Hardware backing HAL too slow, could only write 0 of 661 frames
12-09 07:43:02.267 W/audio_hw_generic( 1307): Hardware backing HAL too slow, could only write 0 of 661 frames
12-09 07:43:02.282 W/audio_hw_generic( 1307): Hardware backing HAL too slow, could only write 0 of 661 frames
12-09 07:43:02.305 W/audio_hw_generic( 1307): Hardware backing HAL too slow, could only write 0 of 661 frames
12-09 07:43:02.311 W/audio_hw_generic( 1307): Hardware backing HAL too slow, could only write 0 of 661 frames
12-09 07:43:02.450 E/SurfaceFlinger( 1225): ro.sf.lcd_density must be defined as a build property
12-09 07:43:02.524 D/gralloc_ranchu( 1225): gralloc_alloc: Creating ashmem region of size 3686400
12-09 07:43:02.620 W/audio_hw_generic( 1307): Not supplying enough data to HAL, expected position 5127265 , only wrote 5124733
12-09 07:43:02.620 W/audio_hw_generic( 1307): Not supplying enough data to HAL, expected position 5124740 , only wrote 5124733
12-09 07:43:02.658 D/        ( 5351): HostConnection::get() New Host Connection established 0x7feabcc52480, tid 5351
12-09 07:43:02.665 W/audio_hw_generic( 1307): Not supplying enough data to HAL, expected position 5126707 , only wrote 5125394
12-09 07:43:02.703 E/EGL_emulation( 1225): tid 1225: eglCreateSyncKHR(1881): error 0x3004 (EGL_BAD_ATTRIBUTE)
12-09 07:43:03.147 W/audio_hw_generic( 1307): Not supplying enough data to HAL, expected position 5146681 , only wrote 5146546
12-09 07:43:03.174 W/audio_hw_generic( 1307): Not supplying enough data to HAL, expected position 5147711 , only wrote 5147207
12-09 07:43:03.174 W/audio_hw_generic( 1307): Not supplying enough data to HAL, expected position 5147214 , only wrote 5147207
12-09 07:43:03.221 W/audio_hw_generic( 1307): Not supplying enough data to HAL, expected position 5149272 , only wrote 5147868
12-09 07:43:03.257 W/audio_hw_generic( 1307): Hardware backing HAL too slow, could only write 0 of 661 frames
12-09 07:43:03.267 W/audio_hw_generic( 1307): Hardware backing HAL too slow, could only write 0 of 661 frames
12-09 07:43:03.399 W/audio_hw_generic( 1307): Not supplying enough data to HAL, expected position 5155702 , only wrote 5155139
12-09 07:43:03.417 I/System.out( 5282): URI: //gesture
12-09 07:43:03.418 I/System.out( 5282): params: {json={"query_timeout":5.0,"gestures":[{"query_string":"android.widget.TabWidget descendant TextView index:3","touches":[{"x":50,"y":50,"offset_x":0,"offset_y":0,"wait":0.0,"time":0.2,"release":true,"query_string":null}]}]}
12-09 07:43:03.420 I/System.out( 5282): }
12-09 07:43:03.605 W/audio_hw_generic( 1307): Not supplying enough data to HAL, expected position 5164259 , only wrote 5162410
12-09 07:43:03.606 W/audio_hw_generic( 1307): Not supplying enough data to HAL, expected position 5162417 , only wrote 5162410
12-09 07:43:03.621 W/audio_hw_generic( 1307): Not supplying enough data to HAL, expected position 5163073 , only wrote 5163071
12-09 07:43:03.621 W/audio_hw_generic( 1307): Hardware backing HAL too slow, could only write 0 of 661 frames
12-09 07:43:03.637 W/audio_hw_generic( 1307): Hardware backing HAL too slow, could only write 0 of 661 frames
12-09 07:43:03.653 W/audio_hw_generic( 1307): Hardware backing HAL too slow, could only write 0 of 661 frames
12-09 07:43:03.750 W/CursorWrapperInner( 5282): Cursor finalized without prior close()
12-09 07:43:03.772 W/audio_hw_generic( 1307): Not supplying enough data to HAL, expected position 5169741 , only wrote 5169681
12-09 07:43:03.772 W/audio_hw_generic( 1307): Not supplying enough data to HAL, expected position 5169688 , only wrote 5169681
12-09 07:43:03.791 W/audio_hw_generic( 1307): Not supplying enough data to HAL, expected position 5170507 , only wrote 5170342
12-09 07:43:04.017 W/audio_hw_generic( 1307): Not supplying enough data to HAL, expected position 5180316 , only wrote 5176952
12-09 07:43:04.017 W/audio_hw_generic( 1307): Not supplying enough data to HAL, expected position 5176959 , only wrote 5176952
12-09 07:43:04.049 W/audio_hw_generic( 1307): Not supplying enough data to HAL, expected position 5178344 , only wrote 5177613
12-09 07:43:04.101 W/audio_hw_generic( 1307): Hardware backing HAL too slow, could only write 0 of 661 frames
12-09 07:43:04.102 I/calabash( 5282): newActivity1
12-09 07:43:04.103 W/ActivityManager( 1593): Bad activity token: android.os.BinderProxy@ee563e9
12-09 07:43:04.103 W/ActivityManager( 1593): java.lang.ClassCastException: android.os.BinderProxy cannot be cast to com.android.server.am.ActivityRecord$Token
12-09 07:43:04.103 W/ActivityManager( 1593): 	at com.android.server.am.ActivityRecord.forTokenLocked(ActivityRecord.java:424)
12-09 07:43:04.103 W/ActivityManager( 1593): 	at com.android.server.am.ActivityRecord.isInStackLocked(ActivityRecord.java:1121)
12-09 07:43:04.103 W/ActivityManager( 1593): 	at com.android.server.am.ActivityRecord.getStackLocked(ActivityRecord.java:1126)
12-09 07:43:04.103 W/ActivityManager( 1593): 	at com.android.server.am.ActivityManagerService.getActivityDisplayId(ActivityManagerService.java:8889)
12-09 07:43:04.103 W/ActivityManager( 1593): 	at android.app.ActivityManagerNative.onTransact(ActivityManagerNative.java:2338)
12-09 07:43:04.103 W/ActivityManager( 1593): 	at com.android.server.am.ActivityManagerService.onTransact(ActivityManagerService.java:2443)
12-09 07:43:04.103 W/ActivityManager( 1593): 	at android.os.Binder.execTransact(Binder.java:453)
12-09 07:43:04.121 W/ActivityManager( 1593): Bad activity token: android.os.BinderProxy@ee563e9
12-09 07:43:04.121 W/ActivityManager( 1593): java.lang.ClassCastException: android.os.BinderProxy cannot be cast to com.android.server.am.ActivityRecord$Token
12-09 07:43:04.121 W/ActivityManager( 1593): 	at com.android.server.am.ActivityRecord.forTokenLocked(ActivityRecord.java:424)
12-09 07:43:04.121 W/ActivityManager( 1593): 	at com.android.server.am.ActivityRecord.isInStackLocked(ActivityRecord.java:1121)
12-09 07:43:04.121 W/ActivityManager( 1593): 	at com.android.server.am.ActivityManagerService.setTaskDescription(ActivityManagerService.java:8547)
12-09 07:43:04.121 W/ActivityManager( 1593): 	at android.app.ActivityManagerNative.onTransact(ActivityManagerNative.java:2410)
12-09 07:43:04.121 W/ActivityManager( 1593): 	at com.android.server.am.ActivityManagerService.onTransact(ActivityManagerService.java:2443)
12-09 07:43:04.121 W/ActivityManager( 1593): 	at android.os.Binder.execTransact(Binder.java:453)
12-09 07:43:04.122 W/ActivityManager( 1593): Bad activity token: android.os.BinderProxy@ee563e9
12-09 07:43:04.122 W/ActivityManager( 1593): java.lang.ClassCastException: android.os.BinderProxy cannot be cast to com.android.server.am.ActivityRecord$Token
12-09 07:43:04.122 W/ActivityManager( 1593): 	at com.android.server.am.ActivityRecord.forTokenLocked(ActivityRecord.java:424)
12-09 07:43:04.122 W/ActivityManager( 1593): 	at com.android.server.am.ActivityRecord.isInStackLocked(ActivityRecord.java:1121)
12-09 07:43:04.122 W/ActivityManager( 1593): 	at com.android.server.am.ActivityManagerService.getActivityOptions(ActivityManagerService.java:11038)
12-09 07:43:04.122 W/ActivityManager( 1593): 	at android.app.ActivityManagerNative.onTransact(ActivityManagerNative.java:1734)
12-09 07:43:04.122 W/ActivityManager( 1593): 	at com.android.server.am.ActivityManagerService.onTransact(ActivityManagerService.java:2443)
12-09 07:43:04.122 W/ActivityManager( 1593): 	at android.os.Binder.execTransact(Binder.java:453)
12-09 07:43:04.123 W/ActivityManager( 1593): Bad activity token: android.os.BinderProxy@ee563e9
12-09 07:43:04.123 W/ActivityManager( 1593): java.lang.ClassCastException: android.os.BinderProxy cannot be cast to com.android.server.am.ActivityRecord$Token
12-09 07:43:04.123 W/ActivityManager( 1593): 	at com.android.server.am.ActivityRecord.forTokenLocked(ActivityRecord.java:424)
12-09 07:43:04.123 W/ActivityManager( 1593): 	at com.android.server.am.ActivityRecord.isInStackLocked(ActivityRecord.java:1121)
12-09 07:43:04.123 W/ActivityManager( 1593): 	at com.android.server.am.ActivityManagerService.getActivityOptions(ActivityManagerService.java:11038)
12-09 07:43:04.123 W/ActivityManager( 1593): 	at android.app.ActivityManagerNative.onTransact(ActivityManagerNative.java:1734)
12-09 07:43:04.123 W/ActivityManager( 1593): 	at com.android.server.am.ActivityManagerService.onTransact(ActivityManagerService.java:2443)
12-09 07:43:04.123 W/ActivityManager( 1593): 	at android.os.Binder.execTransact(Binder.java:453)
12-09 07:43:04.129 W/audio_hw_generic( 1307): Hardware backing HAL too slow, could only write 0 of 661 frames
12-09 07:43:04.145 W/audio_hw_generic( 1307): Hardware backing HAL too slow, could only write 0 of 661 frames
12-09 07:43:04.154 W/art     ( 5282): Suspending all threads took: 10.162ms
12-09 07:43:04.185 W/audio_hw_generic( 1307): Not supplying enough data to HAL, expected position 5183627 , only wrote 5183562
12-09 07:43:04.285 I/art     ( 5282): Background sticky concurrent mark sweep GC freed 29930(1438KB) AllocSpace objects, 1(20KB) LOS objects, 32% free, 3MB/4MB, paused 14.582ms total 160.511ms
12-09 07:43:04.605 E/SurfaceFlinger( 1225): ro.sf.lcd_density must be defined as a build property
12-09 07:43:04.613 D/gralloc_ranchu( 1225): gralloc_alloc: Creating ashmem region of size 3686400
12-09 07:43:04.675 D/        ( 5356): HostConnection::get() New Host Connection established 0x7f3d96452480, tid 5356
12-09 07:43:04.714 E/EGL_emulation( 1225): tid 1225: eglCreateSyncKHR(1881): error 0x3004 (EGL_BAD_ATTRIBUTE)
12-09 07:43:04.741 W/audio_hw_generic( 1307): Not supplying enough data to HAL, expected position 5208074 , only wrote 5208019
12-09 07:43:04.741 W/audio_hw_generic( 1307): Not supplying enough data to HAL, expected position 5208026 , only wrote 5208019
12-09 07:43:04.775 W/audio_hw_generic( 1307): Not supplying enough data to HAL, expected position 5209506 , only wrote 5208680
12-09 07:43:04.849 W/audio_hw_generic( 1307): Hardware backing HAL too slow, could only write 0 of 661 frames
12-09 07:43:04.865 W/audio_hw_generic( 1307): Hardware backing HAL too slow, could only write 0 of 661 frames
12-09 07:43:04.878 W/audio_hw_generic( 1307): Hardware backing HAL too slow, could only write 0 of 661 frames
12-09 07:43:05.185 W/audio_hw_generic( 1307): Not supplying enough data to HAL, expected position 5226760 , only wrote 5226527
12-09 07:43:05.366 W/audio_hw_generic( 1307): Not supplying enough data to HAL, expected position 5234500 , only wrote 5234459
12-09 07:43:05.366 W/audio_hw_generic( 1307): Not supplying enough data to HAL, expected position 5234466 , only wrote 5234459
12-09 07:43:05.388 W/audio_hw_generic( 1307): Not supplying enough data to HAL, expected position 5235419 , only wrote 5235120
12-09 07:43:05.553 W/audio_hw_generic( 1307): Not supplying enough data to HAL, expected position 5242424 , only wrote 5242391
12-09 07:43:05.553 W/audio_hw_generic( 1307): Not supplying enough data to HAL, expected position 5242398 , only wrote 5242391
12-09 07:43:05.568 W/audio_hw_generic( 1307): Hardware backing HAL too slow, could only write 0 of 661 frames
12-09 07:43:05.568 W/audio_hw_generic( 1307): Hardware backing HAL too slow, could only write 0 of 661 frames
12-09 07:43:05.598 I/System.out( 5282): URI: //gesture
12-09 07:43:05.598 I/System.out( 5282): params: {json={"query_timeout":5.0,"gestures":[{"query_string":"android.widget.TabWidget descendant TextView index:2","touches":[{"x":50,"y":50,"offset_x":0,"offset_y":0,"wait":0.0,"time":0.2,"release":true,"query_string":null}]}]}
12-09 07:43:05.598 I/System.out( 5282): }
12-09 07:43:05.598 W/audio_hw_generic( 1307): Hardware backing HAL too slow, could only write 0 of 661 frames
12-09 07:43:05.617 W/audio_hw_generic( 1307): Hardware backing HAL too slow, could only write 0 of 661 frames
12-09 07:43:05.629 W/audio_hw_generic( 1307): Hardware backing HAL too slow, could only write 0 of 661 frames
12-09 07:43:05.661 W/audio_hw_generic( 1307): Hardware backing HAL too slow, could only write 0 of 661 frames
12-09 07:43:05.661 W/audio_hw_generic( 1307): Hardware backing HAL too slow, could only write 0 of 661 frames
12-09 07:43:05.694 W/audio_hw_generic( 1307): Not supplying enough data to HAL, expected position 5248604 , only wrote 5248340
12-09 07:43:05.694 W/audio_hw_generic( 1307): Hardware backing HAL too slow, could only write 0 of 661 frames
12-09 07:43:05.695 D/hwcomposer( 1225): hw_composer sent 763 syncs in 60s
12-09 07:43:05.709 W/audio_hw_generic( 1307): Hardware backing HAL too slow, could only write 0 of 661 frames
12-09 07:43:05.724 W/audio_hw_generic( 1307): Hardware backing HAL too slow, could only write 0 of 661 frames
12-09 07:43:06.085 W/audio_hw_generic( 1307): Not supplying enough data to HAL, expected position 5265582 , only wrote 5263543
12-09 07:43:06.093 W/audio_hw_generic( 1307): Not supplying enough data to HAL, expected position 5263887 , only wrote 5263543
12-09 07:43:06.153 I/calabash( 5282): newActivity1
12-09 07:43:06.154 W/ActivityManager( 1593): Bad activity token: android.os.BinderProxy@b52b86e
12-09 07:43:06.154 W/ActivityManager( 1593): java.lang.ClassCastException: android.os.BinderProxy cannot be cast to com.android.server.am.ActivityRecord$Token
12-09 07:43:06.154 W/ActivityManager( 1593): 	at com.android.server.am.ActivityRecord.forTokenLocked(ActivityRecord.java:424)
12-09 07:43:06.154 W/ActivityManager( 1593): 	at com.android.server.am.ActivityRecord.isInStackLocked(ActivityRecord.java:1121)
12-09 07:43:06.154 W/ActivityManager( 1593): 	at com.android.server.am.ActivityRecord.getStackLocked(ActivityRecord.java:1126)
12-09 07:43:06.154 W/ActivityManager( 1593): 	at com.android.server.am.ActivityManagerService.getActivityDisplayId(ActivityManagerService.java:8889)
12-09 07:43:06.154 W/ActivityManager( 1593): 	at android.app.ActivityManagerNative.onTransact(ActivityManagerNative.java:2338)
12-09 07:43:06.154 W/ActivityManager( 1593): 	at com.android.server.am.ActivityManagerService.onTransact(ActivityManagerService.java:2443)
12-09 07:43:06.154 W/ActivityManager( 1593): 	at android.os.Binder.execTransact(Binder.java:453)
12-09 07:43:06.154 W/ActivityManager( 1593): Bad activity token: android.os.BinderProxy@b52b86e
12-09 07:43:06.154 W/ActivityManager( 1593): java.lang.ClassCastException: android.os.BinderProxy cannot be cast to com.android.server.am.ActivityRecord$Token
12-09 07:43:06.154 W/ActivityManager( 1593): 	at com.android.server.am.ActivityRecord.forTokenLocked(ActivityRecord.java:424)
12-09 07:43:06.154 W/ActivityManager( 1593): 	at com.android.server.am.ActivityRecord.isInStackLocked(ActivityRecord.java:1121)
12-09 07:43:06.154 W/ActivityManager( 1593): 	at com.android.server.am.ActivityManagerService.setTaskDescription(ActivityManagerService.java:8547)
12-09 07:43:06.154 W/ActivityManager( 1593): 	at android.app.ActivityManagerNative.onTransact(ActivityManagerNative.java:2410)
12-09 07:43:06.154 W/ActivityManager( 1593): 	at com.android.server.am.ActivityManagerService.onTransact(ActivityManagerService.java:2443)
12-09 07:43:06.154 W/ActivityManager( 1593): 	at android.os.Binder.execTransact(Binder.java:453)
12-09 07:43:06.191 D/VehicleStatisticsActivity( 5282): Checking recalculation ...
12-09 07:43:06.192 D/VehicleStatisticsActivity( 5282): Recalculation not necessary.
12-09 07:43:06.193 W/ActivityManager( 1593): Bad activity token: android.os.BinderProxy@b52b86e
12-09 07:43:06.193 W/ActivityManager( 1593): java.lang.ClassCastException: android.os.BinderProxy cannot be cast to com.android.server.am.ActivityRecord$Token
12-09 07:43:06.193 W/ActivityManager( 1593): 	at com.android.server.am.ActivityRecord.forTokenLocked(ActivityRecord.java:424)
12-09 07:43:06.193 W/ActivityManager( 1593): 	at com.android.server.am.ActivityRecord.isInStackLocked(ActivityRecord.java:1121)
12-09 07:43:06.193 W/ActivityManager( 1593): 	at com.android.server.am.ActivityManagerService.getActivityOptions(ActivityManagerService.java:11038)
12-09 07:43:06.193 W/ActivityManager( 1593): 	at android.app.ActivityManagerNative.onTransact(ActivityManagerNative.java:1734)
12-09 07:43:06.193 W/ActivityManager( 1593): 	at com.android.server.am.ActivityManagerService.onTransact(ActivityManagerService.java:2443)
12-09 07:43:06.193 W/ActivityManager( 1593): 	at android.os.Binder.execTransact(Binder.java:453)
12-09 07:43:06.193 W/ActivityManager( 1593): Bad activity token: android.os.BinderProxy@b52b86e
12-09 07:43:06.193 W/ActivityManager( 1593): java.lang.ClassCastException: android.os.BinderProxy cannot be cast to com.android.server.am.ActivityRecord$Token
12-09 07:43:06.193 W/ActivityManager( 1593): 	at com.android.server.am.ActivityRecord.forTokenLocked(ActivityRecord.java:424)
12-09 07:43:06.193 W/ActivityManager( 1593): 	at com.android.server.am.ActivityRecord.isInStackLocked(ActivityRecord.java:1121)
12-09 07:43:06.193 W/ActivityManager( 1593): 	at com.android.server.am.ActivityManagerService.getActivityOptions(ActivityManagerService.java:11038)
12-09 07:43:06.193 W/ActivityManager( 1593): 	at android.app.ActivityManagerNative.onTransact(ActivityManagerNative.java:1734)
12-09 07:43:06.193 W/ActivityManager( 1593): 	at com.android.server.am.ActivityManagerService.onTransact(ActivityManagerService.java:2443)
12-09 07:43:06.193 W/ActivityManager( 1593): 	at android.os.Binder.execTransact(Binder.java:453)
12-09 07:43:06.194 D/VehicleStatisticsActivity( 5282): Checking recalculation ...
12-09 07:43:06.195 D/VehicleStatisticsActivity( 5282): Recalculation not necessary.
12-09 07:43:06.219 W/audio_hw_generic( 1307): Not supplying enough data to HAL, expected position 5269101 , only wrote 5268831
12-09 07:43:06.252 D/AudioFlinger( 1307): mixer(0xf4300000) throttle end: throttle time(2)
12-09 07:43:06.501 W/audio_hw_generic( 1307): Hardware backing HAL too slow, could only write 0 of 661 frames
12-09 07:43:06.506 W/audio_hw_generic( 1307): Hardware backing HAL too slow, could only write 0 of 661 frames
12-09 07:43:06.523 W/audio_hw_generic( 1307): Not supplying enough data to HAL, expected position 5282224 , only wrote 5282051
12-09 07:43:06.523 W/audio_hw_generic( 1307): Hardware backing HAL too slow, could only write 0 of 661 frames
12-09 07:43:06.523 W/audio_hw_generic( 1307): Hardware backing HAL too slow, could only write 0 of 661 frames
12-09 07:43:06.556 W/audio_hw_generic( 1307): Hardware backing HAL too slow, could only write 0 of 661 frames
12-09 07:43:06.572 W/audio_hw_generic( 1307): Hardware backing HAL too slow, could only write 0 of 661 frames
12-09 07:43:06.592 W/audio_hw_generic( 1307): Hardware backing HAL too slow, could only write 0 of 661 frames
12-09 07:43:06.690 E/SurfaceFlinger( 1225): ro.sf.lcd_density must be defined as a build property
12-09 07:43:06.707 D/gralloc_ranchu( 1225): gralloc_alloc: Creating ashmem region of size 3686400
12-09 07:43:06.709 W/audio_hw_generic( 1307): Not supplying enough data to HAL, expected position 5290276 , only wrote 5289983
12-09 07:43:06.709 W/audio_hw_generic( 1307): Not supplying enough data to HAL, expected position 5289990 , only wrote 5289983
12-09 07:43:06.758 W/audio_hw_generic( 1307): Not supplying enough data to HAL, expected position 5292108 , only wrote 5290644
12-09 07:43:06.779 D/        ( 5361): HostConnection::get() New Host Connection established 0x7ff65a512480, tid 5361
12-09 07:43:06.796 W/audio_hw_generic( 1307): Not supplying enough data to HAL, expected position 5292316 , only wrote 5291966
12-09 07:43:06.800 E/EGL_emulation( 1225): tid 1225: eglCreateSyncKHR(1881): error 0x3004 (EGL_BAD_ATTRIBUTE)
12-09 07:43:07.068 W/audio_hw_generic( 1307): Not supplying enough data to HAL, expected position 5304000 , only wrote 5303864
12-09 07:43:07.628 W/audio_hw_generic( 1307): Not supplying enough data to HAL, expected position 5328544 , only wrote 5326999
12-09 07:43:07.712 I/System.out( 5282): URI: //gesture
12-09 07:43:07.712 I/System.out( 5282): params: {json={"query_timeout":5.0,"gestures":[{"query_string":"android.widget.TabWidget descendant TextView index:0","touches":[{"x":50,"y":50,"offset_x":0,"offset_y":0,"wait":0.0,"time":0.2,"release":true,"query_string":null}]}]}
12-09 07:43:07.712 I/System.out( 5282): }
12-09 07:43:08.064 W/audio_hw_generic( 1307): Not supplying enough data to HAL, expected position 5346185 , only wrote 5340880
12-09 07:43:08.064 W/audio_hw_generic( 1307): Not supplying enough data to HAL, expected position 5340912 , only wrote 5340880
12-09 07:43:08.121 W/audio_hw_generic( 1307): Not supplying enough data to HAL, expected position 5343396 , only wrote 5341541
12-09 07:43:08.201 W/audio_hw_generic( 1307): Hardware backing HAL too slow, could only write 0 of 661 frames
12-09 07:43:08.269 W/audio_hw_generic( 1307): Not supplying enough data to HAL, expected position 5348064 , only wrote 5347490
12-09 07:43:08.306 W/audio_hw_generic( 1307): Not supplying enough data to HAL, expected position 5349115 , only wrote 5348151
12-09 07:43:08.344 W/audio_hw_generic( 1307): Not supplying enough data to HAL, expected position 5349833 , only wrote 5349473
12-09 07:43:08.363 D/AudioFlinger( 1307): mixer(0xf4300000) throttle end: throttle time(6)
12-09 07:43:08.481 W/audio_hw_generic( 1307): Not supplying enough data to HAL, expected position 5355513 , only wrote 5354761
12-09 07:43:08.500 I/art     ( 5282): Background sticky concurrent mark sweep GC freed 49904(2MB) AllocSpace objects, 3(60KB) LOS objects, 23% free, 3MB/4MB, paused 10.968ms total 276.134ms
12-09 07:43:08.512 W/audio_hw_generic( 1307): Hardware backing HAL too slow, could only write 0 of 661 frames
12-09 07:43:08.545 W/audio_hw_generic( 1307): Hardware backing HAL too slow, could only write 0 of 661 frames
12-09 07:43:08.545 W/audio_hw_generic( 1307): Hardware backing HAL too slow, could only write 0 of 661 frames
12-09 07:43:08.561 W/audio_hw_generic( 1307): Hardware backing HAL too slow, could only write 0 of 661 frames
12-09 07:43:08.577 W/audio_hw_generic( 1307): Hardware backing HAL too slow, could only write 0 of 661 frames
12-09 07:43:08.650 W/audio_hw_generic( 1307): Not supplying enough data to HAL, expected position 5362200 , only wrote 5362032
12-09 07:43:08.897 E/SurfaceFlinger( 1225): ro.sf.lcd_density must be defined as a build property
12-09 07:43:08.942 W/audio_hw_generic( 1307): Not supplying enough data to HAL, expected position 5374914 , only wrote 5373269
12-09 07:43:08.946 W/audio_hw_generic( 1307): Not supplying enough data to HAL, expected position 5373444 , only wrote 5373269
12-09 07:43:08.997 D/gralloc_ranchu( 1225): gralloc_alloc: Creating ashmem region of size 3686400
12-09 07:43:09.005 W/audio_hw_generic( 1307): Not supplying enough data to HAL, expected position 5375894 , only wrote 5373930
12-09 07:43:09.085 W/audio_hw_generic( 1307): Not supplying enough data to HAL, expected position 5377426 , only wrote 5377235
12-09 07:43:09.085 W/audio_hw_generic( 1307): Not supplying enough data to HAL, expected position 5377254 , only wrote 5377235
12-09 07:43:09.090 D/        ( 5366): HostConnection::get() New Host Connection established 0x7f3124c92480, tid 5366
12-09 07:43:09.104 W/audio_hw_generic( 1307): Not supplying enough data to HAL, expected position 5378085 , only wrote 5377896
