--------- beginning of system
12-09 07:42:42.645 W/ActivityManager( 1593): Finishing task with all activities already finished
12-09 07:42:42.645 W/ActivityManager( 1593): Duplicate finish request for ActivityRecord{672f04e u0 com.evancharlton.mileage/.Mileage t343 f}
12-09 07:42:42.645 W/ActivityManager( 1593): Finishing task with all activities already finished
12-09 07:42:42.645 W/ActivityManager( 1593): Duplicate finish request for ActivityRecord{672f04e u0 com.evancharlton.mileage/.Mileage t343 f}
12-09 07:42:42.645 W/ActivityManager( 1593): Finishing task with all activities already finished
12-09 07:42:42.645 W/ActivityManager( 1593): Duplicate finish request for ActivityRecord{672f04e u0 com.evancharlton.mileage/.Mileage t343 f}
12-09 07:42:42.645 W/ActivityManager( 1593): Finishing task with all activities already finished
12-09 07:42:42.646 W/ActivityManager( 1593): Duplicate finish request for ActivityRecord{672f04e u0 com.evancharlton.mileage/.Mileage t343 f}
12-09 07:42:42.646 W/ActivityManager( 1593): Finishing task with all activities already finished
12-09 07:42:42.646 W/ActivityManager( 1593): Duplicate finish request for ActivityRecord{672f04e u0 com.evancharlton.mileage/.Mileage t343 f}
12-09 07:42:42.646 W/ActivityManager( 1593): Finishing task with all activities already finished
12-09 07:42:42.646 W/ActivityManager( 1593): Duplicate finish request for ActivityRecord{672f04e u0 com.evancharlton.mileage/.Mileage t343 f}
12-09 07:42:42.646 W/ActivityManager( 1593): Finishing task with all activities already finished
12-09 07:42:42.646 W/ActivityManager( 1593): Duplicate finish request for ActivityRecord{672f04e u0 com.evancharlton.mileage/.Mileage t343 f}
12-09 07:42:42.646 W/ActivityManager( 1593): Finishing task with all activities already finished
12-09 07:42:42.646 W/ActivityManager( 1593): Duplicate finish request for ActivityRecord{672f04e u0 com.evancharlton.mileage/.Mileage t343 f}
12-09 07:42:42.646 W/ActivityManager( 1593): Finishing task with all activities already finished
12-09 07:42:42.646 W/ActivityManager( 1593): Duplicate finish request for ActivityRecord{672f04e u0 com.evancharlton.mileage/.Mileage t343 f}
12-09 07:42:42.647 W/ActivityManager( 1593): Finishing task with all activities already finished
12-09 07:42:42.647 W/ActivityManager( 1593): Duplicate finish request for ActivityRecord{672f04e u0 com.evancharlton.mileage/.Mileage t343 f}
12-09 07:42:42.647 W/ActivityManager( 1593): Finishing task with all activities already finished
12-09 07:42:42.647 W/ActivityManager( 1593): Duplicate finish request for ActivityRecord{672f04e u0 com.evancharlton.mileage/.Mileage t343 f}
--------- beginning of main
12-09 07:42:42.738 D/EGL_emulation( 1937): eglMakeCurrent: 0x7f52d5074dc0: ver 2 0 (tinfo 0x7f52d5042d20)
12-09 07:42:43.330 D/AndroidRuntime( 5273): >>>>>> START com.android.internal.os.RuntimeInit uid 0 <<<<<<
12-09 07:42:43.331 D/AndroidRuntime( 5273): CheckJNI is ON
12-09 07:42:43.363 D/ICU     ( 5273): No timezone override file found: /data/misc/zoneinfo/current/icu/icu_tzdata.dat
12-09 07:42:43.407 W/art     ( 1593): Long monitor contention event with owner method=void com.android.server.wm.WindowAnimator$1.doFrame(long) from WindowAnimator.java:121 waiters=1 for 163ms
12-09 07:42:43.468 E/memtrack( 5273): Couldn't load memtrack module (No such file or directory)
12-09 07:42:43.475 E/android.os.Debug( 5273): failed to load memtrack module: -2
12-09 07:42:43.477 I/Radio-JNI( 5273): register_android_hardware_Radio DONE
12-09 07:42:43.513 D/AndroidRuntime( 5273): Calling main entry com.android.commands.am.Am
12-09 07:42:43.529 I/ActivityManager( 1593): Force stopping com.evancharlton.mileage appid=10117 user=0: start instr
12-09 07:42:43.530 I/ActivityManager( 1593): Killing 5228:com.evancharlton.mileage/u0a117 (adj 0): stop com.evancharlton.mileage
12-09 07:42:43.582 W/InputDispatcher( 1593): channel '32317b0 com.evancharlton.mileage/com.evancharlton.mileage.Mileage (server)' ~ Consumer closed input channel or an error occurred.  events=0x9
12-09 07:42:43.582 E/InputDispatcher( 1593): channel '32317b0 com.evancharlton.mileage/com.evancharlton.mileage.Mileage (server)' ~ Channel is unrecoverably broken and will be disposed!
12-09 07:42:43.676 W/InputDispatcher( 1593): Attempted to unregister already unregistered input channel '32317b0 com.evancharlton.mileage/com.evancharlton.mileage.Mileage (server)'
12-09 07:42:43.694 W/InputMethodManagerService( 1593): Got RemoteException sending setActive(false) notification to pid 5228 uid 10117
12-09 07:42:43.785 I/WindowState( 1593): WIN DEATH: Window{32317b0 u0 com.evancharlton.mileage/com.evancharlton.mileage.Mileage EXITING}
12-09 07:42:43.786 W/ActivityManager( 1593): Crash of app com.evancharlton.mileage running instrumentation ComponentInfo{com.evancharlton.mileage.test/sh.calaba.instrumentationbackend.CalabashInstrumentationTestRunner}
12-09 07:42:43.786 I/ActivityManager( 1593): Force stopping com.evancharlton.mileage appid=10117 user=0: finished inst
12-09 07:42:43.826 I/Choreographer( 1937): Skipped 61 frames!  The application may be doing too much work on its main thread.
12-09 07:42:43.831 W/InputMethodWrapper( 1855): Session is already finished: android.inputmethodservice.IInputMethodSessionWrapper@eaa5b6e
12-09 07:42:44.165 W/art     ( 1593): Long monitor contention event with owner method=void com.android.server.wm.WindowAnimator$1.doFrame(long) from WindowAnimator.java:121 waiters=2 for 193ms
12-09 07:42:44.210 W/art     ( 1593): Long monitor contention event with owner method=void com.android.server.wm.WindowAnimator$1.doFrame(long) from WindowAnimator.java:121 waiters=2 for 168ms
12-09 07:42:44.235 I/ActivityManager( 1593): Start proc 5282:com.evancharlton.mileage/u0a117 for added application com.evancharlton.mileage
12-09 07:42:44.236 W/art     ( 1593): Long monitor contention event with owner method=boolean com.android.server.am.ActivityManagerService.startInstrumentation(android.content.ComponentName, java.lang.String, int, android.os.Bundle, android.app.IInstrumentationWatcher, android.app.IUiAutomationConnection, int, java.lang.String) from ActivityManagerService.java:17066 waiters=0 for 706ms
12-09 07:42:44.236 W/art     ( 1593): Long monitor contention event with owner method=boolean com.android.server.am.ActivityManagerService.startInstrumentation(android.content.ComponentName, java.lang.String, int, android.os.Bundle, android.app.IInstrumentationWatcher, android.app.IUiAutomationConnection, int, java.lang.String) from ActivityManagerService.java:17066 waiters=1 for 595ms
12-09 07:42:44.246 D/AndroidRuntime( 5273): Shutting down VM
12-09 07:42:44.414 W/art     ( 1593): Long monitor contention event with owner method=void com.android.server.wm.WindowManagerService.executeAppTransition() from WindowManagerService.java:4264 waiters=2 for 193ms
12-09 07:42:44.445 W/art     ( 1593): Long monitor contention event with owner method=void com.android.server.wm.WindowAnimator$1.doFrame(long) from WindowAnimator.java:121 waiters=2 for 135ms
12-09 07:42:44.446 I/Choreographer( 1937): Skipped 36 frames!  The application may be doing too much work on its main thread.
12-09 07:42:44.473 W/art     ( 1593): Long monitor contention event with owner method=java.util.List com.android.server.am.ActivityManagerService.getAllStackInfos() from ActivityManagerService.java:8937 waiters=0 for 216ms
12-09 07:42:44.474 W/art     ( 1593): Long monitor contention event with owner method=java.util.List com.android.server.am.ActivityManagerService.getAllStackInfos() from ActivityManagerService.java:8937 waiters=1 for 192ms
12-09 07:42:44.484 W/OpenGLRenderer( 1937): Incorrectly called buildLayer on View: ShortcutAndWidgetContainer, destroying layer...
12-09 07:42:44.570 W/System  ( 5282): ClassLoader referenced unknown path: /data/app/com.evancharlton.mileage.test-1/lib/x86_64
12-09 07:42:44.570 W/System  ( 5282): ClassLoader referenced unknown path: /data/app/com.evancharlton.mileage-1/lib/x86_64
12-09 07:42:44.764 I/System.out( 5282): Main activity name automatically set to: com.evancharlton.mileage.Mileage
12-09 07:42:44.764 I/System.out( 5282): Calabash did not load Mono. This is only a problem if you are trying to test a Mono application
12-09 07:42:44.764 I/calabash( 5282): Test server port: 7102
12-09 07:42:44.766 I/InstrumentationBackend( 5282): Added:'GetPreferences', with key:'get_preferences'
12-09 07:42:44.903 I/InstrumentationBackend( 5282): Added:'SetPreferences', with key:'set_preferences'
12-09 07:42:44.903 I/InstrumentationBackend( 5282): Added:'ClearPreferences', with key:'clear_preferences'
12-09 07:42:44.903 I/InstrumentationBackend( 5282): Added:'PressElement', with key:'press_l10n_element'
12-09 07:42:44.904 I/InstrumentationBackend( 5282): Added:'WaitForElement', with key:'wait_for_l10n_element'
12-09 07:42:44.957 I/InstrumentationBackend( 5282): Added:'NullAction', with key:'nullAction'
12-09 07:42:44.957 I/InstrumentationBackend( 5282): Added:'PressKey', with key:'press_key'
12-09 07:42:44.957 I/InstrumentationBackend( 5282): Added:'SetActivityOrientation', with key:'set_activity_orientation'
12-09 07:42:44.958 I/InstrumentationBackend( 5282): Added:'GetActivityOrientation', with key:'get_activity_orientation'
12-09 07:42:44.958 I/InstrumentationBackend( 5282): Added:'FakeGPSLocation', with key:'set_gps_coordinates'
12-09 07:42:44.958 I/InstrumentationBackend( 5282): Added:'SetPropertyByCssSelector', with key:'set_property_by_css_selector'
12-09 07:42:44.958 I/InstrumentationBackend( 5282): Added:'GetUrl', with key:'get_url'
12-09 07:42:44.959 I/InstrumentationBackend( 5282): Added:'ScrollTo', with key:'scroll_to'
12-09 07:42:44.959 I/InstrumentationBackend( 5282): Added:'GetLoadProgress', with key:'get_load_progress'
12-09 07:42:44.959 I/InstrumentationBackend( 5282): Added:'DumpHtml', with key:'dump_html'
12-09 07:42:44.960 I/InstrumentationBackend( 5282): Added:'DumpBodyHtml', with key:'dump_body_html'
12-09 07:42:44.960 I/InstrumentationBackend( 5282): Added:'EnterTextByCssSelector', with key:'enter_text_by_selector'
12-09 07:42:44.980 I/InstrumentationBackend( 5282): Added:'AndroidSDKVersion', with key:'android_sdk_version'
12-09 07:42:44.980 I/InstrumentationBackend( 5282): Added:'Version', with key:'version'
12-09 07:42:44.980 I/InstrumentationBackend( 5282): Added:'Drag', with key:'drag'
12-09 07:42:44.980 I/InstrumentationBackend( 5282): Added:'TouchCoordinates', with key:'touch_coordinate'
12-09 07:42:44.989 I/InstrumentationBackend( 5282): Added:'LongPressCoordinate', with key:'long_press_coordinate'
12-09 07:42:44.989 I/InstrumentationBackend( 5282): Added:'DragCoordinates', with key:'drag_coordinates'
12-09 07:42:44.989 I/InstrumentationBackend( 5282): Added:'ResumeApplication', with key:'resume_application'
12-09 07:42:44.989 I/InstrumentationBackend( 5282): Added:'Swipe', with key:'swipe'
12-09 07:42:44.989 I/InstrumentationBackend( 5282): Added:'DoubleTapCoordinate', with key:'double_tap_coordinate'
12-09 07:42:44.990 I/InstrumentationBackend( 5282): Added:'ClickOnScreen', with key:'click_on_screen'
12-09 07:42:44.990 I/InstrumentationBackend( 5282): Added:'GetActivityName', with key:'get_activity_name'
12-09 07:42:44.990 I/InstrumentationBackend( 5282): Added:'ScrollToView', with key:'scroll_to_view'
12-09 07:42:44.990 I/InstrumentationBackend( 5282): Added:'ViewConfiguration', with key:'view_configuration'
12-09 07:42:44.991 I/InstrumentationBackend( 5282): Added:'IsCurrentActivityFocused', with key:'is_current_activity_focused'
12-09 07:42:44.991 I/InstrumentationBackend( 5282): Added:'SendTcp', with key:'send_tcp'
12-09 07:42:44.991 I/InstrumentationBackend( 5282): Added:'DpToDevicePixel', with key:'dp_to_device_pixel'
12-09 07:42:44.996 I/InstrumentationBackend( 5282): Added:'KeyboardEnterText', with key:'keyboard_enter_text'
12-09 07:42:44.996 I/InstrumentationBackend( 5282): Added:'DeleteSurroundingText', with key:'delete_surrounding_text'
12-09 07:42:44.996 I/InstrumentationBackend( 5282): Added:'SetComposingRegion', with key:'set_composing_region'
12-09 07:42:44.996 I/InstrumentationBackend( 5282): Added:'SetSelection', with key:'set_selection'
12-09 07:42:44.996 I/InstrumentationBackend( 5282): Added:'KeyboardKeyEvent', with key:'keyboard_key_event'
12-09 07:42:44.997 I/InstrumentationBackend( 5282): Added:'PressUserActionButton', with key:'press_user_action_button'
12-09 07:42:44.997 I/InstrumentationBackend( 5282): Added:'HideSoftKeyboard', with key:'hide_soft_keyboard'
12-09 07:42:44.997 I/InstrumentationBackend( 5282): Added:'ListActions', with key:'list_actions'
12-09 07:42:45.029 I/art     ( 5282): Background sticky concurrent mark sweep GC freed 38410(1530KB) AllocSpace objects, 0(0B) LOS objects, 72% free, 1068KB/3MB, paused 1.391ms total 175.733ms
12-09 07:42:45.030 I/calabash( 5282): Instantiating http server at 7102
12-09 07:42:45.030 I/System.out( 5282): HTTP Daemon listening on: 7102
12-09 07:42:45.107 I/System.out( 5282): URI: //ping
12-09 07:42:45.108 I/System.out( 5282): params: {json={}
12-09 07:42:45.108 I/System.out( 5282): }
12-09 07:42:45.166 I/System.out( 5282): URI: //ping
12-09 07:42:45.166 I/System.out( 5282): params: {json={}
12-09 07:42:45.167 I/System.out( 5282): }
12-09 07:42:45.178 W/WindowAnimator( 1593): Failed to dispatch window animation state change.
12-09 07:42:45.178 W/WindowAnimator( 1593): android.os.DeadObjectException
12-09 07:42:45.178 W/WindowAnimator( 1593): 	at android.os.BinderProxy.transactNative(Native Method)
12-09 07:42:45.178 W/WindowAnimator( 1593): 	at android.os.BinderProxy.transact(Binder.java:503)
12-09 07:42:45.178 W/WindowAnimator( 1593): 	at android.view.IWindow$Stub$Proxy.onAnimationStopped(IWindow.java:534)
12-09 07:42:45.178 W/WindowAnimator( 1593): 	at com.android.server.wm.WindowAnimator.updateWindowsLocked(WindowAnimator.java:286)
12-09 07:42:45.178 W/WindowAnimator( 1593): 	at com.android.server.wm.WindowAnimator.animateLocked(WindowAnimator.java:678)
12-09 07:42:45.178 W/WindowAnimator( 1593): 	at com.android.server.wm.WindowAnimator.-wrap0(WindowAnimator.java)
12-09 07:42:45.178 W/WindowAnimator( 1593): 	at com.android.server.wm.WindowAnimator$1.doFrame(WindowAnimator.java:123)
12-09 07:42:45.178 W/WindowAnimator( 1593): 	at android.view.Choreographer$CallbackRecord.run(Choreographer.java:856)
12-09 07:42:45.178 W/WindowAnimator( 1593): 	at android.view.Choreographer.doCallbacks(Choreographer.java:670)
12-09 07:42:45.178 W/WindowAnimator( 1593): 	at android.view.Choreographer.doFrame(Choreographer.java:603)
12-09 07:42:45.178 W/WindowAnimator( 1593): 	at android.view.Choreographer$FrameDisplayEventReceiver.run(Choreographer.java:844)
12-09 07:42:45.178 W/WindowAnimator( 1593): 	at android.os.Handler.handleCallback(Handler.java:739)
12-09 07:42:45.178 W/WindowAnimator( 1593): 	at android.os.Handler.dispatchMessage(Handler.java:95)
12-09 07:42:45.178 W/WindowAnimator( 1593): 	at android.os.Looper.loop(Looper.java:148)
12-09 07:42:45.178 W/WindowAnimator( 1593): 	at android.os.HandlerThread.run(HandlerThread.java:61)
12-09 07:42:45.178 W/WindowAnimator( 1593): 	at com.android.server.ServiceThread.run(ServiceThread.java:46)
12-09 07:42:45.250 I/System.out( 5282): URI: //ready
12-09 07:42:45.250 I/System.out( 5282): params: {json={}
12-09 07:42:45.250 I/System.out( 5282): }
12-09 07:42:45.354 I/System.out( 5282): URI: //
12-09 07:42:45.354 I/System.out( 5282): params: {json={"command":"version","arguments":[]}
12-09 07:42:45.354 I/System.out( 5282): }
12-09 07:42:45.354 I/System.out( 5282): header: {date=Sun, 09 Dec 2018 07:42:45 GMT, accept=*/*, content-length=36, host=127.0.0.1:34777, user-agent=HTTPClient/1.0 (2.8.3, ruby 2.3.1 (2016-04-26)), content-type=application/json;charset=utf-8}
12-09 07:42:45.354 I/System.out( 5282): params: {json={"command":"version","arguments":[]}
12-09 07:42:45.354 I/System.out( 5282): }
12-09 07:42:45.354 I/System.out( 5282): ProP json = {"command":"version","arguments":[]}
12-09 07:42:45.354 I/System.out( 5282): files: {}
12-09 07:42:45.354 I/System.out( 5282): command: {"command":"version","arguments":[]}
12-09 07:42:45.397 I/InstrumentationBackend( 5282): Got command:'Command:'Line:null,version', arguments:'[]'
12-09 07:42:45.428 I/System.out( 5282): result:{"bonusInformation":[],"message":"0.9.8","success":true}
12-09 07:42:45.557 I/System.out( 5282): URI: //start-application
12-09 07:42:45.557 I/System.out( 5282): params: {json={"intent":null}
12-09 07:42:45.557 I/System.out( 5282): }
12-09 07:42:45.682 I/ActivityManager( 1593): START u0 {act=android.intent.action.MAIN cat=[android.intent.category.LAUNCHER] flg=0x10200000 cmp=com.evancharlton.mileage/.Mileage} from uid 10117 on display 0
12-09 07:42:45.829 I/calabash( 5282): newActivity1
12-09 07:42:45.848 I/art     ( 5282): WaitForGcToComplete blocked for 7.632ms for cause Background
12-09 07:42:45.853 I/calabash( 5282): newActivity1
12-09 07:42:45.879 W/ActivityManager( 1593): Bad activity token: android.os.BinderProxy@e4d035b
12-09 07:42:45.879 W/ActivityManager( 1593): java.lang.ClassCastException: android.os.BinderProxy cannot be cast to com.android.server.am.ActivityRecord$Token
12-09 07:42:45.879 W/ActivityManager( 1593): 	at com.android.server.am.ActivityRecord.forTokenLocked(ActivityRecord.java:424)
12-09 07:42:45.879 W/ActivityManager( 1593): 	at com.android.server.am.ActivityRecord.isInStackLocked(ActivityRecord.java:1121)
12-09 07:42:45.879 W/ActivityManager( 1593): 	at com.android.server.am.ActivityRecord.getStackLocked(ActivityRecord.java:1126)
12-09 07:42:45.879 W/ActivityManager( 1593): 	at com.android.server.am.ActivityManagerService.getActivityDisplayId(ActivityManagerService.java:8889)
12-09 07:42:45.879 W/ActivityManager( 1593): 	at android.app.ActivityManagerNative.onTransact(ActivityManagerNative.java:2338)
12-09 07:42:45.879 W/ActivityManager( 1593): 	at com.android.server.am.ActivityManagerService.onTransact(ActivityManagerService.java:2443)
12-09 07:42:45.879 W/ActivityManager( 1593): 	at android.os.Binder.execTransact(Binder.java:453)
12-09 07:42:45.880 W/ActivityManager( 1593): Bad activity token: android.os.BinderProxy@e4d035b
12-09 07:42:45.880 W/ActivityManager( 1593): java.lang.ClassCastException: android.os.BinderProxy cannot be cast to com.android.server.am.ActivityRecord$Token
12-09 07:42:45.880 W/ActivityManager( 1593): 	at com.android.server.am.ActivityRecord.forTokenLocked(ActivityRecord.java:424)
12-09 07:42:45.880 W/ActivityManager( 1593): 	at com.android.server.am.ActivityRecord.isInStackLocked(ActivityRecord.java:1121)
12-09 07:42:45.880 W/ActivityManager( 1593): 	at com.android.server.am.ActivityManagerService.setTaskDescription(ActivityManagerService.java:8547)
12-09 07:42:45.880 W/ActivityManager( 1593): 	at android.app.ActivityManagerNative.onTransact(ActivityManagerNative.java:2410)
12-09 07:42:45.880 W/ActivityManager( 1593): 	at com.android.server.am.ActivityManagerService.onTransact(ActivityManagerService.java:2443)
12-09 07:42:45.880 W/ActivityManager( 1593): 	at android.os.Binder.execTransact(Binder.java:453)
12-09 07:42:46.153 D/gralloc_ranchu( 1225): gralloc_alloc: Creating ashmem region of size 3686400
12-09 07:42:46.180 I/art     ( 5282): Background partial concurrent mark sweep GC freed 35714(2041KB) AllocSpace objects, 15(300KB) LOS objects, 39% free, 1654KB/2MB, paused 10.848ms total 295.941ms
12-09 07:42:46.206 W/ActivityManager( 1593): Bad activity token: android.os.BinderProxy@e4d035b
12-09 07:42:46.206 W/ActivityManager( 1593): java.lang.ClassCastException: android.os.BinderProxy cannot be cast to com.android.server.am.ActivityRecord$Token
12-09 07:42:46.206 W/ActivityManager( 1593): 	at com.android.server.am.ActivityRecord.forTokenLocked(ActivityRecord.java:424)
12-09 07:42:46.206 W/ActivityManager( 1593): 	at com.android.server.am.ActivityRecord.isInStackLocked(ActivityRecord.java:1121)
12-09 07:42:46.206 W/ActivityManager( 1593): 	at com.android.server.am.ActivityManagerService.getActivityOptions(ActivityManagerService.java:11038)
12-09 07:42:46.206 W/ActivityManager( 1593): 	at android.app.ActivityManagerNative.onTransact(ActivityManagerNative.java:1734)
12-09 07:42:46.206 W/ActivityManager( 1593): 	at com.android.server.am.ActivityManagerService.onTransact(ActivityManagerService.java:2443)
12-09 07:42:46.206 W/ActivityManager( 1593): 	at android.os.Binder.execTransact(Binder.java:453)
12-09 07:42:46.206 W/ActivityManager( 1593): Bad activity token: android.os.BinderProxy@e4d035b
12-09 07:42:46.206 W/ActivityManager( 1593): java.lang.ClassCastException: android.os.BinderProxy cannot be cast to com.android.server.am.ActivityRecord$Token
12-09 07:42:46.206 W/ActivityManager( 1593): 	at com.android.server.am.ActivityRecord.forTokenLocked(ActivityRecord.java:424)
12-09 07:42:46.206 W/ActivityManager( 1593): 	at com.android.server.am.ActivityRecord.isInStackLocked(ActivityRecord.java:1121)
12-09 07:42:46.206 W/ActivityManager( 1593): 	at com.android.server.am.ActivityManagerService.getActivityOptions(ActivityManagerService.java:11038)
12-09 07:42:46.206 W/ActivityManager( 1593): 	at android.app.ActivityManagerNative.onTransact(ActivityManagerNative.java:1734)
12-09 07:42:46.206 W/ActivityManager( 1593): 	at com.android.server.am.ActivityManagerService.onTransact(ActivityManagerService.java:2443)
12-09 07:42:46.206 W/ActivityManager( 1593): 	at android.os.Binder.execTransact(Binder.java:453)
12-09 07:42:46.354 V/PhoneStatusBar( 1701): setLightsOn(true)
12-09 07:42:46.369 D/EGL_emulation( 1937): eglMakeCurrent: 0x7f52d5074dc0: ver 2 0 (tinfo 0x7f52d5042d20)
12-09 07:42:46.372 E/Surface ( 1937): getSlotFromBufferLocked: unknown buffer: 0x7f52d2fc9720
12-09 07:42:46.511 W/art     ( 1593): Long monitor contention event with owner method=void com.android.server.wm.WindowAnimator$1.doFrame(long) from WindowAnimator.java:121 waiters=1 for 130ms
12-09 07:42:46.798 D/gralloc_ranchu( 1225): gralloc_alloc: Creating ashmem region of size 3686400
12-09 07:42:47.018 D/        ( 5282): HostConnection::get() New Host Connection established 0x7f52d1786e60, tid 5282
12-09 07:42:47.162 W/art     ( 1593): Long monitor contention event with owner method=void com.android.server.wm.WindowAnimator$1.doFrame(long) from WindowAnimator.java:121 waiters=0 for 158ms
12-09 07:42:47.394 W/art     ( 1593): Long monitor contention event with owner method=void com.android.server.wm.WindowAnimator$1.doFrame(long) from WindowAnimator.java:121 waiters=1 for 213ms
12-09 07:42:47.395 W/art     ( 1593): Long monitor contention event with owner method=void com.android.server.wm.WindowAnimator$1.doFrame(long) from WindowAnimator.java:121 waiters=1 for 130ms
12-09 07:42:47.641 W/art     ( 1593): Long monitor contention event with owner method=java.util.List com.android.server.am.ActivityManagerService.getAllStackInfos() from ActivityManagerService.java:8937 waiters=1 for 285ms
12-09 07:42:47.656 I/ActivityManager( 1593): Displayed com.evancharlton.mileage/.Mileage: +1s833ms
12-09 07:42:47.689 D/gralloc_ranchu( 1225): gralloc_alloc: Creating ashmem region of size 3686400
12-09 07:42:48.228 D/gralloc_ranchu( 1225): gralloc_alloc: Creating ashmem region of size 3686400
12-09 07:42:48.761 I/System.out( 5282): URI: //gesture
12-09 07:42:48.773 I/art     ( 5282): Background sticky concurrent mark sweep GC freed 14209(804KB) AllocSpace objects, 0(0B) LOS objects, 24% free, 2MB/2MB, paused 1.160ms total 173.486ms
12-09 07:42:48.773 I/System.out( 5282): params: {json={"query_timeout":5.0,"gestures":[{"query_string":"android.widget.TabWidget descendant TextView index:1","touches":[{"x":50,"y":50,"offset_x":0,"offset_y":0,"wait":0.0,"time":0.2,"release":true,"query_string":null}]}]}
12-09 07:42:48.773 I/System.out( 5282): }
12-09 07:42:48.937 W/art     ( 5282): Suspending all threads took: 6.893ms
12-09 07:42:48.969 I/art     ( 5282): Background partial concurrent mark sweep GC freed 18301(844KB) AllocSpace objects, 3(60KB) LOS objects, 39% free, 2MB/3MB, paused 23.269ms total 145.648ms
12-09 07:42:49.430 I/calabash( 5282): newActivity1
12-09 07:42:49.431 W/ActivityManager( 1593): Bad activity token: android.os.BinderProxy@b361b3c
12-09 07:42:49.431 W/ActivityManager( 1593): java.lang.ClassCastException: android.os.BinderProxy cannot be cast to com.android.server.am.ActivityRecord$Token
12-09 07:42:49.431 W/ActivityManager( 1593): 	at com.android.server.am.ActivityRecord.forTokenLocked(ActivityRecord.java:424)
12-09 07:42:49.431 W/ActivityManager( 1593): 	at com.android.server.am.ActivityRecord.isInStackLocked(ActivityRecord.java:1121)
12-09 07:42:49.431 W/ActivityManager( 1593): 	at com.android.server.am.ActivityRecord.getStackLocked(ActivityRecord.java:1126)
12-09 07:42:49.431 W/ActivityManager( 1593): 	at com.android.server.am.ActivityManagerService.getActivityDisplayId(ActivityManagerService.java:8889)
12-09 07:42:49.431 W/ActivityManager( 1593): 	at android.app.ActivityManagerNative.onTransact(ActivityManagerNative.java:2338)
12-09 07:42:49.431 W/ActivityManager( 1593): 	at com.android.server.am.ActivityManagerService.onTransact(ActivityManagerService.java:2443)
12-09 07:42:49.431 W/ActivityManager( 1593): 	at android.os.Binder.execTransact(Binder.java:453)
12-09 07:42:49.432 W/ActivityManager( 1593): Bad activity token: android.os.BinderProxy@b361b3c
12-09 07:42:49.432 W/ActivityManager( 1593): java.lang.ClassCastException: android.os.BinderProxy cannot be cast to com.android.server.am.ActivityRecord$Token
12-09 07:42:49.432 W/ActivityManager( 1593): 	at com.android.server.am.ActivityRecord.forTokenLocked(ActivityRecord.java:424)
12-09 07:42:49.432 W/ActivityManager( 1593): 	at com.android.server.am.ActivityRecord.isInStackLocked(ActivityRecord.java:1121)
12-09 07:42:49.432 W/ActivityManager( 1593): 	at com.android.server.am.ActivityManagerService.setTaskDescription(ActivityManagerService.java:8547)
12-09 07:42:49.432 W/ActivityManager( 1593): 	at android.app.ActivityManagerNative.onTransact(ActivityManagerNative.java:2410)
12-09 07:42:49.432 W/ActivityManager( 1593): 	at com.android.server.am.ActivityManagerService.onTransact(ActivityManagerService.java:2443)
12-09 07:42:49.432 W/ActivityManager( 1593): 	at android.os.Binder.execTransact(Binder.java:453)
12-09 07:42:49.493 W/ActivityManager( 1593): Bad activity token: android.os.BinderProxy@b361b3c
12-09 07:42:49.493 W/ActivityManager( 1593): java.lang.ClassCastException: android.os.BinderProxy cannot be cast to com.android.server.am.ActivityRecord$Token
12-09 07:42:49.493 W/ActivityManager( 1593): 	at com.android.server.am.ActivityRecord.forTokenLocked(ActivityRecord.java:424)
12-09 07:42:49.493 W/ActivityManager( 1593): 	at com.android.server.am.ActivityRecord.isInStackLocked(ActivityRecord.java:1121)
12-09 07:42:49.493 W/ActivityManager( 1593): 	at com.android.server.am.ActivityManagerService.getActivityOptions(ActivityManagerService.java:11038)
12-09 07:42:49.493 W/ActivityManager( 1593): 	at android.app.ActivityManagerNative.onTransact(ActivityManagerNative.java:1734)
12-09 07:42:49.493 W/ActivityManager( 1593): 	at com.android.server.am.ActivityManagerService.onTransact(ActivityManagerService.java:2443)
12-09 07:42:49.493 W/ActivityManager( 1593): 	at android.os.Binder.execTransact(Binder.java:453)
12-09 07:42:49.494 W/ActivityManager( 1593): Bad activity token: android.os.BinderProxy@b361b3c
12-09 07:42:49.494 W/ActivityManager( 1593): java.lang.ClassCastException: android.os.BinderProxy cannot be cast to com.android.server.am.ActivityRecord$Token
12-09 07:42:49.494 W/ActivityManager( 1593): 	at com.android.server.am.ActivityRecord.forTokenLocked(ActivityRecord.java:424)
12-09 07:42:49.494 W/ActivityManager( 1593): 	at com.android.server.am.ActivityRecord.isInStackLocked(ActivityRecord.java:1121)
12-09 07:42:49.494 W/ActivityManager( 1593): 	at com.android.server.am.ActivityManagerService.getActivityOptions(ActivityManagerService.java:11038)
12-09 07:42:49.494 W/ActivityManager( 1593): 	at android.app.ActivityManagerNative.onTransact(ActivityManagerNative.java:1734)
12-09 07:42:49.494 W/ActivityManager( 1593): 	at com.android.server.am.ActivityManagerService.onTransact(ActivityManagerService.java:2443)
12-09 07:42:49.494 W/ActivityManager( 1593): 	at android.os.Binder.execTransact(Binder.java:453)
12-09 07:42:49.514 W/audio_hw_generic( 1307): Hardware backing HAL too slow, could only write 0 of 661 frames
12-09 07:42:49.529 W/audio_hw_generic( 1307): Hardware backing HAL too slow, could only write 0 of 661 frames
12-09 07:42:49.550 W/audio_hw_generic( 1307): Hardware backing HAL too slow, could only write 0 of 661 frames
12-09 07:42:49.594 I/art     ( 5282): Background sticky concurrent mark sweep GC freed 31424(1534KB) AllocSpace objects, 1(20KB) LOS objects, 35% free, 2MB/3MB, paused 18.008ms total 172.074ms
12-09 07:42:49.644 D/Mileage ( 5282): Not enough fillups to calculate economy
12-09 07:42:50.121 E/SurfaceFlinger( 1225): ro.sf.lcd_density must be defined as a build property
12-09 07:42:50.161 W/audio_hw_generic( 1307): Not supplying enough data to HAL, expected position 4697870 , only wrote 4696405
12-09 07:42:50.161 W/audio_hw_generic( 1307): Not supplying enough data to HAL, expected position 4696412 , only wrote 4696405
12-09 07:42:50.165 D/gralloc_ranchu( 1225): gralloc_alloc: Creating ashmem region of size 3686400
12-09 07:42:50.183 W/audio_hw_generic( 1307): Not supplying enough data to HAL, expected position 4697366 , only wrote 4697066
12-09 07:42:50.208 D/        ( 5309): HostConnection::get() New Host Connection established 0x7f526cd92480, tid 5309
12-09 07:42:50.218 W/audio_hw_generic( 1307): Hardware backing HAL too slow, could only write 0 of 661 frames
12-09 07:42:50.302 E/EGL_emulation( 1225): tid 1225: eglCreateSyncKHR(1881): error 0x3004 (EGL_BAD_ATTRIBUTE)
12-09 07:42:50.453 W/audio_hw_generic( 1307): Not supplying enough data to HAL, expected position 4708992 , only wrote 4708964
12-09 07:42:50.781 W/audio_hw_generic( 1307): Not supplying enough data to HAL, expected position 4723411 , only wrote 4720201
12-09 07:42:50.781 W/audio_hw_generic( 1307): Not supplying enough data to HAL, expected position 4720208 , only wrote 4720201
12-09 07:42:50.839 W/audio_hw_generic( 1307): Not supplying enough data to HAL, expected position 4722734 , only wrote 4720862
12-09 07:42:50.997 W/audio_hw_generic( 1307): Not supplying enough data to HAL, expected position 4727839 , only wrote 4727472
12-09 07:42:50.997 W/audio_hw_generic( 1307): Not supplying enough data to HAL, expected position 4727479 , only wrote 4727472
12-09 07:42:51.043 W/audio_hw_generic( 1307): Hardware backing HAL too slow, could only write 0 of 661 frames
12-09 07:42:51.062 W/audio_hw_generic( 1307): Hardware backing HAL too slow, could only write 0 of 661 frames
12-09 07:42:51.253 W/audio_hw_generic( 1307): Hardware backing HAL too slow, could only write 0 of 661 frames
12-09 07:42:51.285 W/audio_hw_generic( 1307): Hardware backing HAL too slow, could only write 0 of 661 frames
12-09 07:42:51.286 W/audio_hw_generic( 1307): Not supplying enough data to HAL, expected position 4740195 , only wrote 4740031
12-09 07:42:51.286 W/audio_hw_generic( 1307): Not supplying enough data to HAL, expected position 4740037 , only wrote 4740031
12-09 07:42:51.447 I/System.out( 5282): URI: //gesture
12-09 07:42:51.447 I/System.out( 5282): params: {json={"query_timeout":5.0,"gestures":[{"query_string":"android.widget.TabWidget descendant TextView index:3","touches":[{"x":50,"y":50,"offset_x":0,"offset_y":0,"wait":0.0,"time":0.2,"release":true,"query_string":null}]}]}
12-09 07:42:51.448 I/System.out( 5282): }
12-09 07:42:51.519 W/audio_hw_generic( 1307): Not supplying enough data to HAL, expected position 4750337 , only wrote 4749946
12-09 07:42:51.520 W/audio_hw_generic( 1307): Not supplying enough data to HAL, expected position 4749953 , only wrote 4749946
12-09 07:42:51.537 W/audio_hw_generic( 1307): Not supplying enough data to HAL, expected position 4750699 , only wrote 4750607
12-09 07:42:51.649 W/audio_hw_generic( 1307): Hardware backing HAL too slow, could only write 0 of 661 frames
12-09 07:42:51.706 W/audio_hw_generic( 1307): Not supplying enough data to HAL, expected position 4758060 , only wrote 4757217
12-09 07:42:51.753 W/audio_hw_generic( 1307): Not supplying enough data to HAL, expected position 4759316 , only wrote 4758539
12-09 07:42:51.867 I/calabash( 5282): newActivity1
12-09 07:42:51.868 W/ActivityManager( 1593): Bad activity token: android.os.BinderProxy@5f3f441
12-09 07:42:51.868 W/ActivityManager( 1593): java.lang.ClassCastException: android.os.BinderProxy cannot be cast to com.android.server.am.ActivityRecord$Token
12-09 07:42:51.868 W/ActivityManager( 1593): 	at com.android.server.am.ActivityRecord.forTokenLocked(ActivityRecord.java:424)
12-09 07:42:51.868 W/ActivityManager( 1593): 	at com.android.server.am.ActivityRecord.isInStackLocked(ActivityRecord.java:1121)
12-09 07:42:51.868 W/ActivityManager( 1593): 	at com.android.server.am.ActivityRecord.getStackLocked(ActivityRecord.java:1126)
12-09 07:42:51.868 W/ActivityManager( 1593): 	at com.android.server.am.ActivityManagerService.getActivityDisplayId(ActivityManagerService.java:8889)
12-09 07:42:51.868 W/ActivityManager( 1593): 	at android.app.ActivityManagerNative.onTransact(ActivityManagerNative.java:2338)
12-09 07:42:51.868 W/ActivityManager( 1593): 	at com.android.server.am.ActivityManagerService.onTransact(ActivityManagerService.java:2443)
12-09 07:42:51.868 W/ActivityManager( 1593): 	at android.os.Binder.execTransact(Binder.java:453)
12-09 07:42:51.871 W/ActivityManager( 1593): Bad activity token: android.os.BinderProxy@5f3f441
12-09 07:42:51.871 W/ActivityManager( 1593): java.lang.ClassCastException: android.os.BinderProxy cannot be cast to com.android.server.am.ActivityRecord$Token
12-09 07:42:51.871 W/ActivityManager( 1593): 	at com.android.server.am.ActivityRecord.forTokenLocked(ActivityRecord.java:424)
12-09 07:42:51.871 W/ActivityManager( 1593): 	at com.android.server.am.ActivityRecord.isInStackLocked(ActivityRecord.java:1121)
12-09 07:42:51.871 W/ActivityManager( 1593): 	at com.android.server.am.ActivityManagerService.setTaskDescription(ActivityManagerService.java:8547)
12-09 07:42:51.871 W/ActivityManager( 1593): 	at android.app.ActivityManagerNative.onTransact(ActivityManagerNative.java:2410)
12-09 07:42:51.871 W/ActivityManager( 1593): 	at com.android.server.am.ActivityManagerService.onTransact(ActivityManagerService.java:2443)
12-09 07:42:51.871 W/ActivityManager( 1593): 	at android.os.Binder.execTransact(Binder.java:453)
12-09 07:42:51.877 W/ActivityManager( 1593): Bad activity token: android.os.BinderProxy@5f3f441
12-09 07:42:51.877 W/ActivityManager( 1593): java.lang.ClassCastException: android.os.BinderProxy cannot be cast to com.android.server.am.ActivityRecord$Token
12-09 07:42:51.877 W/ActivityManager( 1593): 	at com.android.server.am.ActivityRecord.forTokenLocked(ActivityRecord.java:424)
12-09 07:42:51.877 W/ActivityManager( 1593): 	at com.android.server.am.ActivityRecord.isInStackLocked(ActivityRecord.java:1121)
12-09 07:42:51.877 W/ActivityManager( 1593): 	at com.android.server.am.ActivityManagerService.getActivityOptions(ActivityManagerService.java:11038)
12-09 07:42:51.877 W/ActivityManager( 1593): 	at android.app.ActivityManagerNative.onTransact(ActivityManagerNative.java:1734)
12-09 07:42:51.877 W/ActivityManager( 1593): 	at com.android.server.am.ActivityManagerService.onTransact(ActivityManagerService.java:2443)
12-09 07:42:51.877 W/ActivityManager( 1593): 	at android.os.Binder.execTransact(Binder.java:453)
12-09 07:42:51.877 W/ActivityManager( 1593): Bad activity token: android.os.BinderProxy@5f3f441
12-09 07:42:51.877 W/ActivityManager( 1593): java.lang.ClassCastException: android.os.BinderProxy cannot be cast to com.android.server.am.ActivityRecord$Token
12-09 07:42:51.877 W/ActivityManager( 1593): 	at com.android.server.am.ActivityRecord.forTokenLocked(ActivityRecord.java:424)
12-09 07:42:51.877 W/ActivityManager( 1593): 	at com.android.server.am.ActivityRecord.isInStackLocked(ActivityRecord.java:1121)
12-09 07:42:51.877 W/ActivityManager( 1593): 	at com.android.server.am.ActivityManagerService.getActivityOptions(ActivityManagerService.java:11038)
12-09 07:42:51.877 W/ActivityManager( 1593): 	at android.app.ActivityManagerNative.onTransact(ActivityManagerNative.java:1734)
12-09 07:42:51.877 W/ActivityManager( 1593): 	at com.android.server.am.ActivityManagerService.onTransact(ActivityManagerService.java:2443)
12-09 07:42:51.877 W/ActivityManager( 1593): 	at android.os.Binder.execTransact(Binder.java:453)
12-09 07:42:52.008 W/audio_hw_generic( 1307): Not supplying enough data to HAL, expected position 4769749 , only wrote 4768454
12-09 07:42:52.008 W/audio_hw_generic( 1307): Not supplying enough data to HAL, expected position 4768461 , only wrote 4768454
12-09 07:42:52.029 I/art     ( 5282): Background sticky concurrent mark sweep GC freed 47308(2MB) AllocSpace objects, 1(20KB) LOS objects, 28% free, 2MB/3MB, paused 1.493ms total 187.227ms
12-09 07:42:52.030 W/CursorWrapperInner( 5282): Cursor finalized without prior close()
12-09 07:42:52.177 W/audio_hw_generic( 1307): Not supplying enough data to HAL, expected position 4775930 , only wrote 4775725
12-09 07:42:52.306 W/audio_hw_generic( 1307): Hardware backing HAL too slow, could only write 0 of 661 frames
12-09 07:42:52.433 W/audio_hw_generic( 1307): Not supplying enough data to HAL, expected position 4787013 , only wrote 4786962
12-09 07:42:52.433 W/audio_hw_generic( 1307): Not supplying enough data to HAL, expected position 4786969 , only wrote 4786962
12-09 07:42:52.449 W/audio_hw_generic( 1307): Not supplying enough data to HAL, expected position 4787658 , only wrote 4787623
12-09 07:42:52.478 E/SurfaceFlinger( 1225): ro.sf.lcd_density must be defined as a build property
12-09 07:42:52.519 D/gralloc_ranchu( 1225): gralloc_alloc: Creating ashmem region of size 3686400
12-09 07:42:52.521 W/audio_hw_generic( 1307): Not supplying enough data to HAL, expected position 4790790 , only wrote 4788945
12-09 07:42:52.534 D/        ( 5314): HostConnection::get() New Host Connection established 0x7f320c012480, tid 5314
12-09 07:42:52.588 E/EGL_emulation( 1225): tid 1225: eglCreateSyncKHR(1881): error 0x3004 (EGL_BAD_ATTRIBUTE)
12-09 07:42:53.057 W/audio_hw_generic( 1307): Not supplying enough data to HAL, expected position 4812569 , only wrote 4812080
12-09 07:42:53.057 W/audio_hw_generic( 1307): Not supplying enough data to HAL, expected position 4812087 , only wrote 4812080
12-09 07:42:53.077 W/audio_hw_generic( 1307): Not supplying enough data to HAL, expected position 4812952 , only wrote 4812741
12-09 07:42:53.298 W/audio_hw_generic( 1307): Not supplying enough data to HAL, expected position 4822489 , only wrote 4821334
12-09 07:42:53.322 W/audio_hw_generic( 1307): Not supplying enough data to HAL, expected position 4822383 , only wrote 4821334
12-09 07:42:53.361 W/audio_hw_generic( 1307): Not supplying enough data to HAL, expected position 4823055 , only wrote 4821995
12-09 07:42:53.361 W/audio_hw_generic( 1307): Not supplying enough data to HAL, expected position 4822002 , only wrote 4821995
12-09 07:42:53.381 W/audio_hw_generic( 1307): Not supplying enough data to HAL, expected position 4822895 , only wrote 4822656
12-09 07:42:53.425 W/audio_hw_generic( 1307): Hardware backing HAL too slow, could only write 0 of 661 frames
12-09 07:42:53.441 W/audio_hw_generic( 1307): Hardware backing HAL too slow, could only write 0 of 661 frames
12-09 07:42:53.465 W/audio_hw_generic( 1307): Hardware backing HAL too slow, could only write 0 of 661 frames
12-09 07:42:53.465 W/audio_hw_generic( 1307): Hardware backing HAL too slow, could only write 0 of 661 frames
12-09 07:42:53.594 I/System.out( 5282): URI: //gesture
12-09 07:42:53.594 I/System.out( 5282): params: {json={"query_timeout":5.0,"gestures":[{"query_string":"android.widget.TabWidget descendant TextView index:2","touches":[{"x":50,"y":50,"offset_x":0,"offset_y":0,"wait":0.0,"time":0.2,"release":true,"query_string":null}]}]}
12-09 07:42:53.594 I/System.out( 5282): }
12-09 07:42:53.708 W/audio_hw_generic( 1307): Not supplying enough data to HAL, expected position 4837066 , only wrote 4836537
12-09 07:42:53.708 W/audio_hw_generic( 1307): Not supplying enough data to HAL, expected position 4836544 , only wrote 4836537
12-09 07:42:53.728 W/audio_hw_generic( 1307): Not supplying enough data to HAL, expected position 4837395 , only wrote 4837198
12-09 07:42:53.803 W/audio_hw_generic( 1307): Hardware backing HAL too slow, could only write 0 of 661 frames
12-09 07:42:53.843 W/audio_hw_generic( 1307): Hardware backing HAL too slow, could only write 0 of 661 frames
12-09 07:42:53.850 W/audio_hw_generic( 1307): Hardware backing HAL too slow, could only write 0 of 661 frames
12-09 07:42:54.103 W/audio_hw_generic( 1307): Not supplying enough data to HAL, expected position 4853759 , only wrote 4853723
12-09 07:42:54.103 W/audio_hw_generic( 1307): Not supplying enough data to HAL, expected position 4853730 , only wrote 4853723
12-09 07:42:54.134 W/audio_hw_generic( 1307): Hardware backing HAL too slow, could only write 0 of 661 frames
12-09 07:42:54.149 I/calabash( 5282): newActivity1
12-09 07:42:54.153 W/audio_hw_generic( 1307): Hardware backing HAL too slow, could only write 0 of 661 frames
12-09 07:42:54.184 W/ActivityManager( 1593): Bad activity token: android.os.BinderProxy@890fde6
12-09 07:42:54.184 W/ActivityManager( 1593): java.lang.ClassCastException: android.os.BinderProxy cannot be cast to com.android.server.am.ActivityRecord$Token
12-09 07:42:54.184 W/ActivityManager( 1593): 	at com.android.server.am.ActivityRecord.forTokenLocked(ActivityRecord.java:424)
12-09 07:42:54.184 W/ActivityManager( 1593): 	at com.android.server.am.ActivityRecord.isInStackLocked(ActivityRecord.java:1121)
12-09 07:42:54.184 W/ActivityManager( 1593): 	at com.android.server.am.ActivityRecord.getStackLocked(ActivityRecord.java:1126)
12-09 07:42:54.184 W/ActivityManager( 1593): 	at com.android.server.am.ActivityManagerService.getActivityDisplayId(ActivityManagerService.java:8889)
12-09 07:42:54.184 W/ActivityManager( 1593): 	at android.app.ActivityManagerNative.onTransact(ActivityManagerNative.java:2338)
12-09 07:42:54.184 W/ActivityManager( 1593): 	at com.android.server.am.ActivityManagerService.onTransact(ActivityManagerService.java:2443)
12-09 07:42:54.184 W/ActivityManager( 1593): 	at android.os.Binder.execTransact(Binder.java:453)
12-09 07:42:54.185 W/audio_hw_generic( 1307): Hardware backing HAL too slow, could only write 0 of 661 frames
12-09 07:42:54.191 W/ActivityManager( 1593): Bad activity token: android.os.BinderProxy@890fde6
12-09 07:42:54.191 W/ActivityManager( 1593): java.lang.ClassCastException: android.os.BinderProxy cannot be cast to com.android.server.am.ActivityRecord$Token
12-09 07:42:54.191 W/ActivityManager( 1593): 	at com.android.server.am.ActivityRecord.forTokenLocked(ActivityRecord.java:424)
12-09 07:42:54.191 W/ActivityManager( 1593): 	at com.android.server.am.ActivityRecord.isInStackLocked(ActivityRecord.java:1121)
12-09 07:42:54.191 W/ActivityManager( 1593): 	at com.android.server.am.ActivityManagerService.setTaskDescription(ActivityManagerService.java:8547)
12-09 07:42:54.191 W/ActivityManager( 1593): 	at android.app.ActivityManagerNative.onTransact(ActivityManagerNative.java:2410)
12-09 07:42:54.191 W/ActivityManager( 1593): 	at com.android.server.am.ActivityManagerService.onTransact(ActivityManagerService.java:2443)
12-09 07:42:54.191 W/ActivityManager( 1593): 	at android.os.Binder.execTransact(Binder.java:453)
12-09 07:42:54.261 W/audio_hw_generic( 1307): Not supplying enough data to HAL, expected position 4860684 , only wrote 4860333
12-09 07:42:54.261 W/audio_hw_generic( 1307): Not supplying enough data to HAL, expected position 4860340 , only wrote 4860333
12-09 07:42:54.284 W/audio_hw_generic( 1307): Not supplying enough data to HAL, expected position 4861345 , only wrote 4860994
12-09 07:42:54.331 D/AudioFlinger( 1307): mixer(0xf4300000) throttle end: throttle time(6)
12-09 07:42:54.381 I/art     ( 5282): Background sticky concurrent mark sweep GC freed 35084(1609KB) AllocSpace objects, 2(40KB) LOS objects, 0% free, 3MB/3MB, paused 2.270ms total 215.379ms
12-09 07:42:54.432 W/audio_hw_generic( 1307): Not supplying enough data to HAL, expected position 4867505 , only wrote 4866943
12-09 07:42:54.432 W/audio_hw_generic( 1307): Not supplying enough data to HAL, expected position 4866950 , only wrote 4866943
12-09 07:42:54.457 W/audio_hw_generic( 1307): Not supplying enough data to HAL, expected position 4868057 , only wrote 4867604
12-09 07:42:54.497 W/audio_hw_generic( 1307): Not supplying enough data to HAL, expected position 4869362 , only wrote 4868926
12-09 07:42:54.514 D/VehicleStatisticsActivity( 5282): Checking recalculation ...
12-09 07:42:54.515 D/VehicleStatisticsActivity( 5282): Recalculating statistics
12-09 07:42:54.515 D/VehicleStatisticsTask( 5282): Calculation starting...
12-09 07:42:54.516 D/VehicleStatisticsActivity( 5282): Recalculation started!
12-09 07:42:54.523 D/VehicleStatisticsTask( 5282): Not enough fillups to calculate statistics
12-09 07:42:54.574 W/ActivityManager( 1593): Bad activity token: android.os.BinderProxy@890fde6
12-09 07:42:54.574 W/ActivityManager( 1593): java.lang.ClassCastException: android.os.BinderProxy cannot be cast to com.android.server.am.ActivityRecord$Token
12-09 07:42:54.574 W/ActivityManager( 1593): 	at com.android.server.am.ActivityRecord.forTokenLocked(ActivityRecord.java:424)
12-09 07:42:54.574 W/ActivityManager( 1593): 	at com.android.server.am.ActivityRecord.isInStackLocked(ActivityRecord.java:1121)
12-09 07:42:54.574 W/ActivityManager( 1593): 	at com.android.server.am.ActivityManagerService.getActivityOptions(ActivityManagerService.java:11038)
12-09 07:42:54.574 W/ActivityManager( 1593): 	at android.app.ActivityManagerNative.onTransact(ActivityManagerNative.java:1734)
12-09 07:42:54.574 W/ActivityManager( 1593): 	at com.android.server.am.ActivityManagerService.onTransact(ActivityManagerService.java:2443)
12-09 07:42:54.574 W/ActivityManager( 1593): 	at android.os.Binder.execTransact(Binder.java:453)
12-09 07:42:54.574 W/ActivityManager( 1593): Bad activity token: android.os.BinderProxy@890fde6
12-09 07:42:54.574 W/ActivityManager( 1593): java.lang.ClassCastException: android.os.BinderProxy cannot be cast to com.android.server.am.ActivityRecord$Token
12-09 07:42:54.574 W/ActivityManager( 1593): 	at com.android.server.am.ActivityRecord.forTokenLocked(ActivityRecord.java:424)
12-09 07:42:54.574 W/ActivityManager( 1593): 	at com.android.server.am.ActivityRecord.isInStackLocked(ActivityRecord.java:1121)
12-09 07:42:54.574 W/ActivityManager( 1593): 	at com.android.server.am.ActivityManagerService.getActivityOptions(ActivityManagerService.java:11038)
12-09 07:42:54.574 W/ActivityManager( 1593): 	at android.app.ActivityManagerNative.onTransact(ActivityManagerNative.java:1734)
12-09 07:42:54.574 W/ActivityManager( 1593): 	at com.android.server.am.ActivityManagerService.onTransact(ActivityManagerService.java:2443)
12-09 07:42:54.574 W/ActivityManager( 1593): 	at android.os.Binder.execTransact(Binder.java:453)
12-09 07:42:54.576 D/VehicleStatisticsActivity( 5282): Checking recalculation ...
12-09 07:42:54.578 I/art     ( 5282): Background partial concurrent mark sweep GC freed 25785(1475KB) AllocSpace objects, 3(60KB) LOS objects, 39% free, 2MB/4MB, paused 1.278ms total 184.815ms
12-09 07:42:54.611 D/VehicleStatisticsActivity( 5282): Recalculating statistics
12-09 07:42:54.611 D/VehicleStatisticsTask( 5282): Calculation starting...
12-09 07:42:54.611 D/VehicleStatisticsActivity( 5282): Recalculation started!
12-09 07:42:54.612 W/CursorWrapperInner( 5282): Cursor finalized without prior close()
12-09 07:42:54.693 D/VehicleStatisticsTask( 5282): Not enough fillups to calculate statistics
12-09 07:42:54.813 W/audio_hw_generic( 1307): Not supplying enough data to HAL, expected position 4882865 , only wrote 4882807
12-09 07:42:54.836 D/VehicleStatisticsTask( 5282): Done recalculating!
12-09 07:42:54.837 D/VehicleStatisticsAdapter( 5282): Erasing the cache ...
12-09 07:42:54.838 D/VehicleStatisticsTask( 5282): Done recalculating!
12-09 07:42:54.839 D/VehicleStatisticsAdapter( 5282): Erasing the cache ...
12-09 07:42:54.849 D/VehicleStatisticsAdapter( 5282): Building new values ...
12-09 07:42:54.849 D/VehicleStatisticsAdapter( 5282): Writing 29 records to the database ...
12-09 07:42:54.858 D/VehicleStatisticsAdapter( 5282): Building new values ...
12-09 07:42:54.858 D/VehicleStatisticsAdapter( 5282): Writing 29 records to the database ...
12-09 07:42:54.894 D/Mileage.ABS( 5282): Finished backup
12-09 07:42:54.895 D/Mileage.ABS( 5282): Not backing up; 55
12-09 07:42:55.008 D/Mileage.ABS( 5282): Not backing up; 168
12-09 07:42:55.012 W/audio_hw_generic( 1307): Hardware backing HAL too slow, could only write 0 of 661 frames
12-09 07:42:55.013 D/Mileage.ABS( 5282): Not backing up; 168
12-09 07:42:55.056 E/SurfaceFlinger( 1225): ro.sf.lcd_density must be defined as a build property
12-09 07:42:55.145 D/gralloc_ranchu( 1225): gralloc_alloc: Creating ashmem region of size 3686400
12-09 07:42:55.180 D/        ( 5323): HostConnection::get() New Host Connection established 0x7f3f7cbd2480, tid 5323
12-09 07:42:55.233 E/EGL_emulation( 1225): tid 1225: eglCreateSyncKHR(1881): error 0x3004 (EGL_BAD_ATTRIBUTE)
12-09 07:42:55.246 D/Mileage.ABS( 5282): Not backing up; 405
12-09 07:42:55.246 D/Mileage.ABS( 5282): Not backing up; 406
12-09 07:42:55.247 D/Mileage.ABS( 5282): Not backing up; 406
12-09 07:42:55.247 D/Mileage.ABS( 5282): Not backing up; 407
12-09 07:42:55.247 D/Mileage.ABS( 5282): Not backing up; 407
12-09 07:42:55.247 D/Mileage.ABS( 5282): Not backing up; 407
12-09 07:42:55.269 D/Mileage.ABS( 5282): Not backing up; 407
12-09 07:42:55.323 D/Mileage.ABS( 5282): Not backing up; 483
