--------- beginning of main
12-09 08:02:25.745 E/EGL_emulation( 1218): tid 1218: eglCreateSyncKHR(1881): error 0x3004 (EGL_BAD_ATTRIBUTE)
--------- beginning of system
12-09 08:02:26.281 W/ActivityManager( 1592): Finishing task with all activities already finished
12-09 08:02:26.281 W/ActivityManager( 1592): Duplicate finish request for ActivityRecord{1bf11b5 u0 com.evancharlton.mileage/.Mileage t391 f}
12-09 08:02:26.282 W/ActivityManager( 1592): Finishing task with all activities already finished
12-09 08:02:26.282 W/ActivityManager( 1592): Duplicate finish request for ActivityRecord{1bf11b5 u0 com.evancharlton.mileage/.Mileage t391 f}
12-09 08:02:26.282 W/ActivityManager( 1592): Finishing task with all activities already finished
12-09 08:02:26.290 W/ActivityManager( 1592): Duplicate finish request for ActivityRecord{1bf11b5 u0 com.evancharlton.mileage/.Mileage t391 f}
12-09 08:02:26.322 W/ActivityManager( 1592): Finishing task with all activities already finished
12-09 08:02:26.322 W/ActivityManager( 1592): Duplicate finish request for ActivityRecord{1bf11b5 u0 com.evancharlton.mileage/.Mileage t391 f}
12-09 08:02:26.323 W/ActivityManager( 1592): Finishing task with all activities already finished
12-09 08:02:26.323 W/ActivityManager( 1592): Duplicate finish request for ActivityRecord{1bf11b5 u0 com.evancharlton.mileage/.Mileage t391 f}
12-09 08:02:26.323 W/ActivityManager( 1592): Finishing task with all activities already finished
12-09 08:02:26.323 W/ActivityManager( 1592): Duplicate finish request for ActivityRecord{1bf11b5 u0 com.evancharlton.mileage/.Mileage t391 f}
12-09 08:02:26.323 W/ActivityManager( 1592): Finishing task with all activities already finished
12-09 08:02:26.323 W/ActivityManager( 1592): Duplicate finish request for ActivityRecord{1bf11b5 u0 com.evancharlton.mileage/.Mileage t391 f}
12-09 08:02:26.323 W/ActivityManager( 1592): Finishing task with all activities already finished
12-09 08:02:26.323 W/ActivityManager( 1592): Duplicate finish request for ActivityRecord{1bf11b5 u0 com.evancharlton.mileage/.Mileage t391 f}
12-09 08:02:26.324 W/ActivityManager( 1592): Finishing task with all activities already finished
12-09 08:02:26.324 W/ActivityManager( 1592): Duplicate finish request for ActivityRecord{1bf11b5 u0 com.evancharlton.mileage/.Mileage t391 f}
12-09 08:02:26.324 W/ActivityManager( 1592): Finishing task with all activities already finished
12-09 08:02:26.324 W/ActivityManager( 1592): Duplicate finish request for ActivityRecord{1bf11b5 u0 com.evancharlton.mileage/.Mileage t391 f}
12-09 08:02:26.324 W/ActivityManager( 1592): Finishing task with all activities already finished
12-09 08:02:26.324 W/ActivityManager( 1592): Duplicate finish request for ActivityRecord{1bf11b5 u0 com.evancharlton.mileage/.Mileage t391 f}
12-09 08:02:26.368 I/art     ( 1592): Background partial concurrent mark sweep GC freed 1205(67KB) AllocSpace objects, 0(0B) LOS objects, 30% free, 9MB/13MB, paused 1.546ms total 597.313ms
12-09 08:02:26.425 D/EGL_emulation( 1949): eglMakeCurrent: 0x7f3f5c334dc0: ver 2 0 (tinfo 0x7f3f5c302d00)
12-09 08:02:27.090 D/AndroidRuntime(10318): >>>>>> START com.android.internal.os.RuntimeInit uid 0 <<<<<<
12-09 08:02:27.091 D/AndroidRuntime(10318): CheckJNI is ON
12-09 08:02:27.139 D/ICU     (10318): No timezone override file found: /data/misc/zoneinfo/current/icu/icu_tzdata.dat
12-09 08:02:27.222 E/memtrack(10318): Couldn't load memtrack module (No such file or directory)
12-09 08:02:27.222 E/android.os.Debug(10318): failed to load memtrack module: -2
12-09 08:02:27.224 I/Radio-JNI(10318): register_android_hardware_Radio DONE
12-09 08:02:27.265 D/AndroidRuntime(10318): Calling main entry com.android.commands.am.Am
12-09 08:02:27.266 I/ActivityManager( 1592): Force stopping com.evancharlton.mileage appid=10125 user=0: start instr
12-09 08:02:27.277 I/ActivityManager( 1592): Killing 10273:com.evancharlton.mileage/u0a125 (adj 0): stop com.evancharlton.mileage
12-09 08:02:27.392 E/JavaBinder( 1592): !!! FAILED BINDER TRANSACTION !!!  (parcel size = 52)
12-09 08:02:27.396 W/WindowAnimator( 1592): Failed to dispatch window animation state change.
12-09 08:02:27.396 W/WindowAnimator( 1592): android.os.DeadObjectException: Transaction failed on small parcel; remote process probably died
12-09 08:02:27.396 W/WindowAnimator( 1592): 	at android.os.BinderProxy.transactNative(Native Method)
12-09 08:02:27.396 W/WindowAnimator( 1592): 	at android.os.BinderProxy.transact(Binder.java:503)
12-09 08:02:27.396 W/WindowAnimator( 1592): 	at android.view.IWindow$Stub$Proxy.onAnimationStopped(IWindow.java:534)
12-09 08:02:27.396 W/WindowAnimator( 1592): 	at com.android.server.wm.WindowAnimator.updateWindowsLocked(WindowAnimator.java:286)
12-09 08:02:27.396 W/WindowAnimator( 1592): 	at com.android.server.wm.WindowAnimator.animateLocked(WindowAnimator.java:678)
12-09 08:02:27.396 W/WindowAnimator( 1592): 	at com.android.server.wm.WindowAnimator.-wrap0(WindowAnimator.java)
12-09 08:02:27.396 W/WindowAnimator( 1592): 	at com.android.server.wm.WindowAnimator$1.doFrame(WindowAnimator.java:123)
12-09 08:02:27.396 W/WindowAnimator( 1592): 	at android.view.Choreographer$CallbackRecord.run(Choreographer.java:856)
12-09 08:02:27.396 W/WindowAnimator( 1592): 	at android.view.Choreographer.doCallbacks(Choreographer.java:670)
12-09 08:02:27.396 W/WindowAnimator( 1592): 	at android.view.Choreographer.doFrame(Choreographer.java:603)
12-09 08:02:27.396 W/WindowAnimator( 1592): 	at android.view.Choreographer$FrameDisplayEventReceiver.run(Choreographer.java:844)
12-09 08:02:27.396 W/WindowAnimator( 1592): 	at android.os.Handler.handleCallback(Handler.java:739)
12-09 08:02:27.396 W/WindowAnimator( 1592): 	at android.os.Handler.dispatchMessage(Handler.java:95)
12-09 08:02:27.396 W/WindowAnimator( 1592): 	at android.os.Looper.loop(Looper.java:148)
12-09 08:02:27.396 W/WindowAnimator( 1592): 	at android.os.HandlerThread.run(HandlerThread.java:61)
12-09 08:02:27.396 W/WindowAnimator( 1592): 	at com.android.server.ServiceThread.run(ServiceThread.java:46)
12-09 08:02:27.402 W/OpenGLRenderer( 1949): Incorrectly called buildLayer on View: ShortcutAndWidgetContainer, destroying layer...
12-09 08:02:27.421 W/ActivityManager( 1592): Crash of app com.evancharlton.mileage running instrumentation ComponentInfo{com.evancharlton.mileage.test/sh.calaba.instrumentationbackend.CalabashInstrumentationTestRunner}
12-09 08:02:27.421 I/ActivityManager( 1592): Force stopping com.evancharlton.mileage appid=10125 user=0: finished inst
12-09 08:02:27.546 I/WindowState( 1592): WIN DEATH: Window{e4a7876 u0 com.evancharlton.mileage/com.evancharlton.mileage.Mileage}
12-09 08:02:27.547 W/art     ( 1592): Long monitor contention event with owner method=void com.android.server.wm.WindowAnimator$1.doFrame(long) from WindowAnimator.java:121 waiters=1 for 126ms
12-09 08:02:27.575 I/ActivityManager( 1592): Start proc 10327:com.evancharlton.mileage/u0a125 for added application com.evancharlton.mileage
12-09 08:02:27.576 D/AndroidRuntime(10318): Shutting down VM
12-09 08:02:27.581 W/art     ( 1592): Long monitor contention event with owner method=boolean com.android.server.am.ActivityManagerService.startInstrumentation(android.content.ComponentName, java.lang.String, int, android.os.Bundle, android.app.IInstrumentationWatcher, android.app.IUiAutomationConnection, int, java.lang.String) from ActivityManagerService.java:17066 waiters=1 for 232ms
12-09 08:02:27.728 W/System  (10327): ClassLoader referenced unknown path: /data/app/com.evancharlton.mileage.test-1/lib/x86_64
12-09 08:02:27.737 W/System  (10327): ClassLoader referenced unknown path: /data/app/com.evancharlton.mileage-1/lib/x86_64
12-09 08:02:27.763 I/System.out(10327): Main activity name automatically set to: com.evancharlton.mileage.Mileage
12-09 08:02:27.763 I/System.out(10327): Calabash did not load Mono. This is only a problem if you are trying to test a Mono application
12-09 08:02:27.763 I/calabash(10327): Test server port: 7102
12-09 08:02:27.764 I/InstrumentationBackend(10327): Added:'GetPreferences', with key:'get_preferences'
12-09 08:02:27.875 I/InstrumentationBackend(10327): Added:'SetPreferences', with key:'set_preferences'
12-09 08:02:27.875 I/InstrumentationBackend(10327): Added:'ClearPreferences', with key:'clear_preferences'
12-09 08:02:27.875 I/InstrumentationBackend(10327): Added:'PressElement', with key:'press_l10n_element'
12-09 08:02:27.875 I/InstrumentationBackend(10327): Added:'WaitForElement', with key:'wait_for_l10n_element'
12-09 08:02:27.876 I/InstrumentationBackend(10327): Added:'NullAction', with key:'nullAction'
12-09 08:02:27.876 I/InstrumentationBackend(10327): Added:'PressKey', with key:'press_key'
12-09 08:02:27.876 I/InstrumentationBackend(10327): Added:'SetActivityOrientation', with key:'set_activity_orientation'
12-09 08:02:27.890 I/InstrumentationBackend(10327): Added:'GetActivityOrientation', with key:'get_activity_orientation'
12-09 08:02:27.890 I/InstrumentationBackend(10327): Added:'FakeGPSLocation', with key:'set_gps_coordinates'
12-09 08:02:27.890 I/InstrumentationBackend(10327): Added:'SetPropertyByCssSelector', with key:'set_property_by_css_selector'
12-09 08:02:27.891 I/InstrumentationBackend(10327): Added:'GetUrl', with key:'get_url'
12-09 08:02:27.892 I/InstrumentationBackend(10327): Added:'ScrollTo', with key:'scroll_to'
12-09 08:02:27.892 I/InstrumentationBackend(10327): Added:'GetLoadProgress', with key:'get_load_progress'
12-09 08:02:27.892 I/InstrumentationBackend(10327): Added:'DumpHtml', with key:'dump_html'
12-09 08:02:27.892 I/InstrumentationBackend(10327): Added:'DumpBodyHtml', with key:'dump_body_html'
12-09 08:02:27.892 I/InstrumentationBackend(10327): Added:'EnterTextByCssSelector', with key:'enter_text_by_selector'
12-09 08:02:27.902 I/InstrumentationBackend(10327): Added:'AndroidSDKVersion', with key:'android_sdk_version'
12-09 08:02:27.902 I/InstrumentationBackend(10327): Added:'Version', with key:'version'
12-09 08:02:27.902 I/InstrumentationBackend(10327): Added:'Drag', with key:'drag'
12-09 08:02:27.902 I/InstrumentationBackend(10327): Added:'TouchCoordinates', with key:'touch_coordinate'
12-09 08:02:27.902 I/InstrumentationBackend(10327): Added:'LongPressCoordinate', with key:'long_press_coordinate'
12-09 08:02:27.902 I/InstrumentationBackend(10327): Added:'DragCoordinates', with key:'drag_coordinates'
12-09 08:02:27.903 I/InstrumentationBackend(10327): Added:'ResumeApplication', with key:'resume_application'
12-09 08:02:27.903 I/InstrumentationBackend(10327): Added:'Swipe', with key:'swipe'
12-09 08:02:27.903 I/InstrumentationBackend(10327): Added:'DoubleTapCoordinate', with key:'double_tap_coordinate'
12-09 08:02:27.903 I/InstrumentationBackend(10327): Added:'ClickOnScreen', with key:'click_on_screen'
12-09 08:02:27.903 I/InstrumentationBackend(10327): Added:'GetActivityName', with key:'get_activity_name'
12-09 08:02:27.904 I/InstrumentationBackend(10327): Added:'ScrollToView', with key:'scroll_to_view'
12-09 08:02:27.904 I/InstrumentationBackend(10327): Added:'ViewConfiguration', with key:'view_configuration'
12-09 08:02:27.904 I/InstrumentationBackend(10327): Added:'IsCurrentActivityFocused', with key:'is_current_activity_focused'
12-09 08:02:27.904 I/InstrumentationBackend(10327): Added:'SendTcp', with key:'send_tcp'
12-09 08:02:27.913 I/InstrumentationBackend(10327): Added:'DpToDevicePixel', with key:'dp_to_device_pixel'
12-09 08:02:27.914 I/InstrumentationBackend(10327): Added:'KeyboardEnterText', with key:'keyboard_enter_text'
12-09 08:02:27.914 I/InstrumentationBackend(10327): Added:'DeleteSurroundingText', with key:'delete_surrounding_text'
12-09 08:02:27.914 I/InstrumentationBackend(10327): Added:'SetComposingRegion', with key:'set_composing_region'
12-09 08:02:27.914 I/InstrumentationBackend(10327): Added:'SetSelection', with key:'set_selection'
12-09 08:02:27.914 I/InstrumentationBackend(10327): Added:'KeyboardKeyEvent', with key:'keyboard_key_event'
12-09 08:02:27.915 I/InstrumentationBackend(10327): Added:'PressUserActionButton', with key:'press_user_action_button'
12-09 08:02:27.915 I/InstrumentationBackend(10327): Added:'HideSoftKeyboard', with key:'hide_soft_keyboard'
12-09 08:02:27.915 I/InstrumentationBackend(10327): Added:'ListActions', with key:'list_actions'
12-09 08:02:27.915 I/calabash(10327): Instantiating http server at 7102
12-09 08:02:27.916 I/System.out(10327): HTTP Daemon listening on: 7102
12-09 08:02:28.026 I/System.out(10327): URI: //ping
12-09 08:02:28.026 I/System.out(10327): params: {json={}
12-09 08:02:28.026 I/System.out(10327): }
12-09 08:02:28.084 I/System.out(10327): URI: //ping
12-09 08:02:28.084 I/System.out(10327): params: {json={}
12-09 08:02:28.084 I/System.out(10327): }
12-09 08:02:28.146 I/System.out(10327): URI: //ready
12-09 08:02:28.146 I/System.out(10327): params: {json={}
12-09 08:02:28.146 I/System.out(10327): }
12-09 08:02:28.173 I/System.out(10327): URI: //
12-09 08:02:28.173 I/System.out(10327): params: {json={"command":"version","arguments":[]}
12-09 08:02:28.173 I/System.out(10327): }
12-09 08:02:28.173 I/System.out(10327): header: {date=Sun, 09 Dec 2018 08:02:28 GMT, accept=*/*, content-length=36, host=127.0.0.1:34777, user-agent=HTTPClient/1.0 (2.8.3, ruby 2.3.1 (2016-04-26)), content-type=application/json;charset=utf-8}
12-09 08:02:28.173 I/System.out(10327): params: {json={"command":"version","arguments":[]}
12-09 08:02:28.173 I/System.out(10327): }
12-09 08:02:28.173 I/System.out(10327): ProP json = {"command":"version","arguments":[]}
12-09 08:02:28.174 I/System.out(10327): files: {}
12-09 08:02:28.174 I/System.out(10327): command: {"command":"version","arguments":[]}
12-09 08:02:28.183 I/InstrumentationBackend(10327): Got command:'Command:'Line:null,version', arguments:'[]'
12-09 08:02:28.205 I/System.out(10327): result:{"bonusInformation":[],"message":"0.9.8","success":true}
12-09 08:02:28.337 I/System.out(10327): URI: //start-application
12-09 08:02:28.337 I/System.out(10327): params: {json={"intent":null}
12-09 08:02:28.338 I/System.out(10327): }
12-09 08:02:28.409 I/ActivityManager( 1592): START u0 {act=android.intent.action.MAIN cat=[android.intent.category.LAUNCHER] flg=0x10200000 cmp=com.evancharlton.mileage/.Mileage} from uid 10125 on display 0
12-09 08:02:28.538 I/calabash(10327): newActivity1
12-09 08:02:28.674 W/art     ( 1592): Long monitor contention event with owner method=void com.android.server.am.ActivityManagerService.activityPaused(android.os.IBinder) from ActivityManagerService.java:6439 waiters=1 for 135ms
12-09 08:02:28.674 D/gralloc_ranchu( 1218): gralloc_alloc: Creating ashmem region of size 3686400
12-09 08:02:28.742 I/calabash(10327): newActivity1
12-09 08:02:28.744 W/ActivityManager( 1592): Bad activity token: android.os.BinderProxy@69feb26
12-09 08:02:28.744 W/ActivityManager( 1592): java.lang.ClassCastException: android.os.BinderProxy cannot be cast to com.android.server.am.ActivityRecord$Token
12-09 08:02:28.744 W/ActivityManager( 1592): 	at com.android.server.am.ActivityRecord.forTokenLocked(ActivityRecord.java:424)
12-09 08:02:28.744 W/ActivityManager( 1592): 	at com.android.server.am.ActivityRecord.isInStackLocked(ActivityRecord.java:1121)
12-09 08:02:28.744 W/ActivityManager( 1592): 	at com.android.server.am.ActivityRecord.getStackLocked(ActivityRecord.java:1126)
12-09 08:02:28.744 W/ActivityManager( 1592): 	at com.android.server.am.ActivityManagerService.getActivityDisplayId(ActivityManagerService.java:8889)
12-09 08:02:28.744 W/ActivityManager( 1592): 	at android.app.ActivityManagerNative.onTransact(ActivityManagerNative.java:2338)
12-09 08:02:28.744 W/ActivityManager( 1592): 	at com.android.server.am.ActivityManagerService.onTransact(ActivityManagerService.java:2443)
12-09 08:02:28.744 W/ActivityManager( 1592): 	at android.os.Binder.execTransact(Binder.java:453)
12-09 08:02:28.762 W/ActivityManager( 1592): Bad activity token: android.os.BinderProxy@69feb26
12-09 08:02:28.762 W/ActivityManager( 1592): java.lang.ClassCastException: android.os.BinderProxy cannot be cast to com.android.server.am.ActivityRecord$Token
12-09 08:02:28.762 W/ActivityManager( 1592): 	at com.android.server.am.ActivityRecord.forTokenLocked(ActivityRecord.java:424)
12-09 08:02:28.762 W/ActivityManager( 1592): 	at com.android.server.am.ActivityRecord.isInStackLocked(ActivityRecord.java:1121)
12-09 08:02:28.762 W/ActivityManager( 1592): 	at com.android.server.am.ActivityManagerService.setTaskDescription(ActivityManagerService.java:8547)
12-09 08:02:28.762 W/ActivityManager( 1592): 	at android.app.ActivityManagerNative.onTransact(ActivityManagerNative.java:2410)
12-09 08:02:28.762 W/ActivityManager( 1592): 	at com.android.server.am.ActivityManagerService.onTransact(ActivityManagerService.java:2443)
12-09 08:02:28.762 W/ActivityManager( 1592): 	at android.os.Binder.execTransact(Binder.java:453)
12-09 08:02:28.875 V/PhoneStatusBar( 1704): setLightsOn(true)
12-09 08:02:28.904 W/ActivityManager( 1592): Bad activity token: android.os.BinderProxy@69feb26
12-09 08:02:28.904 W/ActivityManager( 1592): java.lang.ClassCastException: android.os.BinderProxy cannot be cast to com.android.server.am.ActivityRecord$Token
12-09 08:02:28.904 W/ActivityManager( 1592): 	at com.android.server.am.ActivityRecord.forTokenLocked(ActivityRecord.java:424)
12-09 08:02:28.904 W/ActivityManager( 1592): 	at com.android.server.am.ActivityRecord.isInStackLocked(ActivityRecord.java:1121)
12-09 08:02:28.904 W/ActivityManager( 1592): 	at com.android.server.am.ActivityManagerService.getActivityOptions(ActivityManagerService.java:11038)
12-09 08:02:28.904 W/ActivityManager( 1592): 	at android.app.ActivityManagerNative.onTransact(ActivityManagerNative.java:1734)
12-09 08:02:28.904 W/ActivityManager( 1592): 	at com.android.server.am.ActivityManagerService.onTransact(ActivityManagerService.java:2443)
12-09 08:02:28.904 W/ActivityManager( 1592): 	at android.os.Binder.execTransact(Binder.java:453)
12-09 08:02:28.913 W/ActivityManager( 1592): Bad activity token: android.os.BinderProxy@69feb26
12-09 08:02:28.913 W/ActivityManager( 1592): java.lang.ClassCastException: android.os.BinderProxy cannot be cast to com.android.server.am.ActivityRecord$Token
12-09 08:02:28.913 W/ActivityManager( 1592): 	at com.android.server.am.ActivityRecord.forTokenLocked(ActivityRecord.java:424)
12-09 08:02:28.913 W/ActivityManager( 1592): 	at com.android.server.am.ActivityRecord.isInStackLocked(ActivityRecord.java:1121)
12-09 08:02:28.913 W/ActivityManager( 1592): 	at com.android.server.am.ActivityManagerService.getActivityOptions(ActivityManagerService.java:11038)
12-09 08:02:28.913 W/ActivityManager( 1592): 	at android.app.ActivityManagerNative.onTransact(ActivityManagerNative.java:1734)
12-09 08:02:28.913 W/ActivityManager( 1592): 	at com.android.server.am.ActivityManagerService.onTransact(ActivityManagerService.java:2443)
12-09 08:02:28.913 W/ActivityManager( 1592): 	at android.os.Binder.execTransact(Binder.java:453)
12-09 08:02:29.009 D/EGL_emulation( 1949): eglMakeCurrent: 0x7f3f5c334dc0: ver 2 0 (tinfo 0x7f3f5c302d00)
12-09 08:02:29.023 E/Surface ( 1949): getSlotFromBufferLocked: unknown buffer: 0x7f3f588d5ac0
12-09 08:02:29.037 I/art     (10327): Background partial concurrent mark sweep GC freed 2985(338KB) AllocSpace objects, 0(0B) LOS objects, 39% free, 1852KB/3MB, paused 1.312ms total 147.372ms
12-09 08:02:29.954 I/Choreographer(10327): Skipped 35 frames!  The application may be doing too much work on its main thread.
12-09 08:02:29.955 D/gralloc_ranchu( 1218): gralloc_alloc: Creating ashmem region of size 3686400
12-09 08:02:29.974 D/        (10327): HostConnection::get() New Host Connection established 0x7f3f5893cda0, tid 10327
12-09 08:02:30.036 I/ActivityManager( 1592): Displayed com.evancharlton.mileage/.Mileage: +1s590ms
12-09 08:02:30.059 D/gralloc_ranchu( 1218): gralloc_alloc: Creating ashmem region of size 3686400
12-09 08:02:30.504 I/System.out(10327): URI: //gesture
12-09 08:02:30.504 I/System.out(10327): params: {json={"query_timeout":5.0,"gestures":[{"query_string":"android.widget.TabWidget descendant TextView index:1","touches":[{"x":50,"y":50,"offset_x":0,"offset_y":0,"wait":0.0,"time":0.2,"release":true,"query_string":null}]}]}
12-09 08:02:30.504 I/System.out(10327): }
12-09 08:02:30.649 D/gralloc_ranchu( 1218): gralloc_alloc: Creating ashmem region of size 3686400
12-09 08:02:31.631 I/calabash(10327): newActivity1
12-09 08:02:31.631 W/ActivityManager( 1592): Bad activity token: android.os.BinderProxy@1209b7b
12-09 08:02:31.631 W/ActivityManager( 1592): java.lang.ClassCastException: android.os.BinderProxy cannot be cast to com.android.server.am.ActivityRecord$Token
12-09 08:02:31.631 W/ActivityManager( 1592): 	at com.android.server.am.ActivityRecord.forTokenLocked(ActivityRecord.java:424)
12-09 08:02:31.631 W/ActivityManager( 1592): 	at com.android.server.am.ActivityRecord.isInStackLocked(ActivityRecord.java:1121)
12-09 08:02:31.631 W/ActivityManager( 1592): 	at com.android.server.am.ActivityRecord.getStackLocked(ActivityRecord.java:1126)
12-09 08:02:31.631 W/ActivityManager( 1592): 	at com.android.server.am.ActivityManagerService.getActivityDisplayId(ActivityManagerService.java:8889)
12-09 08:02:31.631 W/ActivityManager( 1592): 	at android.app.ActivityManagerNative.onTransact(ActivityManagerNative.java:2338)
12-09 08:02:31.631 W/ActivityManager( 1592): 	at com.android.server.am.ActivityManagerService.onTransact(ActivityManagerService.java:2443)
12-09 08:02:31.631 W/ActivityManager( 1592): 	at android.os.Binder.execTransact(Binder.java:453)
12-09 08:02:31.632 W/ActivityManager( 1592): Bad activity token: android.os.BinderProxy@1209b7b
12-09 08:02:31.632 W/ActivityManager( 1592): java.lang.ClassCastException: android.os.BinderProxy cannot be cast to com.android.server.am.ActivityRecord$Token
12-09 08:02:31.632 W/ActivityManager( 1592): 	at com.android.server.am.ActivityRecord.forTokenLocked(ActivityRecord.java:424)
12-09 08:02:31.632 W/ActivityManager( 1592): 	at com.android.server.am.ActivityRecord.isInStackLocked(ActivityRecord.java:1121)
12-09 08:02:31.632 W/ActivityManager( 1592): 	at com.android.server.am.ActivityManagerService.setTaskDescription(ActivityManagerService.java:8547)
12-09 08:02:31.632 W/ActivityManager( 1592): 	at android.app.ActivityManagerNative.onTransact(ActivityManagerNative.java:2410)
12-09 08:02:31.632 W/ActivityManager( 1592): 	at com.android.server.am.ActivityManagerService.onTransact(ActivityManagerService.java:2443)
12-09 08:02:31.632 W/ActivityManager( 1592): 	at android.os.Binder.execTransact(Binder.java:453)
12-09 08:02:31.669 W/audio_hw_generic( 1306): Hardware backing HAL too slow, could only write 0 of 661 frames
12-09 08:02:31.685 W/audio_hw_generic( 1306): Hardware backing HAL too slow, could only write 0 of 661 frames
12-09 08:02:31.776 I/art     (10327): Background sticky concurrent mark sweep GC freed 29871(1321KB) AllocSpace objects, 0(0B) LOS objects, 10% free, 2MB/3MB, paused 2.104ms total 151.487ms
12-09 08:02:31.825 W/audio_hw_generic( 1306): Hardware backing HAL too slow, could only write 0 of 661 frames
12-09 08:02:32.020 W/ActivityManager( 1592): Bad activity token: android.os.BinderProxy@1209b7b
12-09 08:02:32.020 W/ActivityManager( 1592): java.lang.ClassCastException: android.os.BinderProxy cannot be cast to com.android.server.am.ActivityRecord$Token
12-09 08:02:32.020 W/ActivityManager( 1592): 	at com.android.server.am.ActivityRecord.forTokenLocked(ActivityRecord.java:424)
12-09 08:02:32.020 W/ActivityManager( 1592): 	at com.android.server.am.ActivityRecord.isInStackLocked(ActivityRecord.java:1121)
12-09 08:02:32.020 W/ActivityManager( 1592): 	at com.android.server.am.ActivityManagerService.getActivityOptions(ActivityManagerService.java:11038)
12-09 08:02:32.020 W/ActivityManager( 1592): 	at android.app.ActivityManagerNative.onTransact(ActivityManagerNative.java:1734)
12-09 08:02:32.020 W/ActivityManager( 1592): 	at com.android.server.am.ActivityManagerService.onTransact(ActivityManagerService.java:2443)
12-09 08:02:32.020 W/ActivityManager( 1592): 	at android.os.Binder.execTransact(Binder.java:453)
12-09 08:02:32.028 W/ActivityManager( 1592): Bad activity token: android.os.BinderProxy@1209b7b
12-09 08:02:32.028 W/ActivityManager( 1592): java.lang.ClassCastException: android.os.BinderProxy cannot be cast to com.android.server.am.ActivityRecord$Token
12-09 08:02:32.028 W/ActivityManager( 1592): 	at com.android.server.am.ActivityRecord.forTokenLocked(ActivityRecord.java:424)
12-09 08:02:32.028 W/ActivityManager( 1592): 	at com.android.server.am.ActivityRecord.isInStackLocked(ActivityRecord.java:1121)
12-09 08:02:32.028 W/ActivityManager( 1592): 	at com.android.server.am.ActivityManagerService.getActivityOptions(ActivityManagerService.java:11038)
12-09 08:02:32.028 W/ActivityManager( 1592): 	at android.app.ActivityManagerNative.onTransact(ActivityManagerNative.java:1734)
12-09 08:02:32.028 W/ActivityManager( 1592): 	at com.android.server.am.ActivityManagerService.onTransact(ActivityManagerService.java:2443)
12-09 08:02:32.028 W/ActivityManager( 1592): 	at android.os.Binder.execTransact(Binder.java:453)
12-09 08:02:32.105 W/audio_hw_generic( 1306): Not supplying enough data to HAL, expected position 20402613 , only wrote 20402426
12-09 08:02:32.167 E/SurfaceFlinger( 1218): ro.sf.lcd_density must be defined as a build property
12-09 08:02:32.173 D/gralloc_ranchu( 1218): gralloc_alloc: Creating ashmem region of size 3686400
12-09 08:02:32.182 D/Mileage (10327): Not enough fillups to calculate economy
12-09 08:02:32.227 D/        (10353): HostConnection::get() New Host Connection established 0x7fbf20bd2480, tid 10353
12-09 08:02:32.302 E/EGL_emulation( 1218): tid 1218: eglCreateSyncKHR(1881): error 0x3004 (EGL_BAD_ATTRIBUTE)
12-09 08:02:32.529 W/audio_hw_generic( 1306): Not supplying enough data to HAL, expected position 20421146 , only wrote 20420273
12-09 08:02:32.530 W/audio_hw_generic( 1306): Not supplying enough data to HAL, expected position 20420281 , only wrote 20420273
12-09 08:02:32.603 W/audio_hw_generic( 1306): Hardware backing HAL too slow, could only write 0 of 661 frames
12-09 08:02:32.617 W/audio_hw_generic( 1306): Hardware backing HAL too slow, could only write 0 of 661 frames
12-09 08:02:32.668 W/audio_hw_generic( 1306): Not supplying enough data to HAL, expected position 20426356 , only wrote 20426222
12-09 08:02:32.867 W/audio_hw_generic( 1306): Not supplying enough data to HAL, expected position 20435016 , only wrote 20434815
12-09 08:02:32.936 W/audio_hw_generic( 1306): Not supplying enough data to HAL, expected position 20437843 , only wrote 20437459
12-09 08:02:32.936 W/audio_hw_generic( 1306): Not supplying enough data to HAL, expected position 20437466 , only wrote 20437459
12-09 08:02:32.953 W/audio_hw_generic( 1306): Not supplying enough data to HAL, expected position 20438222 , only wrote 20438120
12-09 08:02:32.953 W/audio_hw_generic( 1306): Hardware backing HAL too slow, could only write 0 of 661 frames
12-09 08:02:32.970 W/audio_hw_generic( 1306): Hardware backing HAL too slow, could only write 0 of 661 frames
12-09 08:02:32.985 W/audio_hw_generic( 1306): Hardware backing HAL too slow, could only write 0 of 661 frames
12-09 08:02:33.015 W/audio_hw_generic( 1306): Hardware backing HAL too slow, could only write 0 of 661 frames
12-09 08:02:33.034 W/audio_hw_generic( 1306): Hardware backing HAL too slow, could only write 0 of 661 frames
12-09 08:02:33.049 W/audio_hw_generic( 1306): Hardware backing HAL too slow, could only write 0 of 661 frames
12-09 08:02:33.064 W/audio_hw_generic( 1306): Hardware backing HAL too slow, could only write 0 of 661 frames
12-09 08:02:33.105 W/audio_hw_generic( 1306): Not supplying enough data to HAL, expected position 20444814 , only wrote 20444730
12-09 08:02:33.220 I/System.out(10327): URI: //gesture
12-09 08:02:33.220 I/System.out(10327): params: {json={"query_timeout":5.0,"gestures":[{"query_string":"android.widget.TabWidget descendant TextView index:3","touches":[{"x":50,"y":50,"offset_x":0,"offset_y":0,"wait":0.0,"time":0.2,"release":true,"query_string":null}]}]}
12-09 08:02:33.221 I/System.out(10327): }
12-09 08:02:33.461 W/audio_hw_generic( 1306): Hardware backing HAL too slow, could only write 0 of 661 frames
12-09 08:02:33.477 W/audio_hw_generic( 1306): Hardware backing HAL too slow, could only write 0 of 661 frames
12-09 08:02:33.506 W/audio_hw_generic( 1306): Hardware backing HAL too slow, could only write 0 of 661 frames
12-09 08:02:33.711 W/audio_hw_generic( 1306): Not supplying enough data to HAL, expected position 20471462 , only wrote 20470509
12-09 08:02:33.711 W/audio_hw_generic( 1306): Not supplying enough data to HAL, expected position 20470521 , only wrote 20470509
12-09 08:02:33.729 W/audio_hw_generic( 1306): Not supplying enough data to HAL, expected position 20471297 , only wrote 20471170
12-09 08:02:33.730 W/audio_hw_generic( 1306): Hardware backing HAL too slow, could only write 0 of 661 frames
12-09 08:02:33.761 W/audio_hw_generic( 1306): Hardware backing HAL too slow, could only write 0 of 661 frames
12-09 08:02:33.775 W/audio_hw_generic( 1306): Hardware backing HAL too slow, could only write 0 of 661 frames
12-09 08:02:33.884 I/calabash(10327): newActivity1
12-09 08:02:33.885 W/ActivityManager( 1592): Bad activity token: android.os.BinderProxy@f853b44
12-09 08:02:33.885 W/ActivityManager( 1592): java.lang.ClassCastException: android.os.BinderProxy cannot be cast to com.android.server.am.ActivityRecord$Token
12-09 08:02:33.885 W/ActivityManager( 1592): 	at com.android.server.am.ActivityRecord.forTokenLocked(ActivityRecord.java:424)
12-09 08:02:33.885 W/ActivityManager( 1592): 	at com.android.server.am.ActivityRecord.isInStackLocked(ActivityRecord.java:1121)
12-09 08:02:33.885 W/ActivityManager( 1592): 	at com.android.server.am.ActivityRecord.getStackLocked(ActivityRecord.java:1126)
12-09 08:02:33.885 W/ActivityManager( 1592): 	at com.android.server.am.ActivityManagerService.getActivityDisplayId(ActivityManagerService.java:8889)
12-09 08:02:33.885 W/ActivityManager( 1592): 	at android.app.ActivityManagerNative.onTransact(ActivityManagerNative.java:2338)
12-09 08:02:33.885 W/ActivityManager( 1592): 	at com.android.server.am.ActivityManagerService.onTransact(ActivityManagerService.java:2443)
12-09 08:02:33.885 W/ActivityManager( 1592): 	at android.os.Binder.execTransact(Binder.java:453)
12-09 08:02:33.886 W/ActivityManager( 1592): Bad activity token: android.os.BinderProxy@f853b44
12-09 08:02:33.886 W/ActivityManager( 1592): java.lang.ClassCastException: android.os.BinderProxy cannot be cast to com.android.server.am.ActivityRecord$Token
12-09 08:02:33.886 W/ActivityManager( 1592): 	at com.android.server.am.ActivityRecord.forTokenLocked(ActivityRecord.java:424)
12-09 08:02:33.886 W/ActivityManager( 1592): 	at com.android.server.am.ActivityRecord.isInStackLocked(ActivityRecord.java:1121)
12-09 08:02:33.886 W/ActivityManager( 1592): 	at com.android.server.am.ActivityManagerService.setTaskDescription(ActivityManagerService.java:8547)
12-09 08:02:33.886 W/ActivityManager( 1592): 	at android.app.ActivityManagerNative.onTransact(ActivityManagerNative.java:2410)
12-09 08:02:33.886 W/ActivityManager( 1592): 	at com.android.server.am.ActivityManagerService.onTransact(ActivityManagerService.java:2443)
12-09 08:02:33.886 W/ActivityManager( 1592): 	at android.os.Binder.execTransact(Binder.java:453)
12-09 08:02:33.893 W/ActivityManager( 1592): Bad activity token: android.os.BinderProxy@f853b44
12-09 08:02:33.893 W/ActivityManager( 1592): java.lang.ClassCastException: android.os.BinderProxy cannot be cast to com.android.server.am.ActivityRecord$Token
12-09 08:02:33.893 W/ActivityManager( 1592): 	at com.android.server.am.ActivityRecord.forTokenLocked(ActivityRecord.java:424)
12-09 08:02:33.893 W/ActivityManager( 1592): 	at com.android.server.am.ActivityRecord.isInStackLocked(ActivityRecord.java:1121)
12-09 08:02:33.893 W/ActivityManager( 1592): 	at com.android.server.am.ActivityManagerService.getActivityOptions(ActivityManagerService.java:11038)
12-09 08:02:33.893 W/ActivityManager( 1592): 	at android.app.ActivityManagerNative.onTransact(ActivityManagerNative.java:1734)
12-09 08:02:33.893 W/ActivityManager( 1592): 	at com.android.server.am.ActivityManagerService.onTransact(ActivityManagerService.java:2443)
12-09 08:02:33.893 W/ActivityManager( 1592): 	at android.os.Binder.execTransact(Binder.java:453)
12-09 08:02:33.905 W/ActivityManager( 1592): Bad activity token: android.os.BinderProxy@f853b44
12-09 08:02:33.905 W/ActivityManager( 1592): java.lang.ClassCastException: android.os.BinderProxy cannot be cast to com.android.server.am.ActivityRecord$Token
12-09 08:02:33.905 W/ActivityManager( 1592): 	at com.android.server.am.ActivityRecord.forTokenLocked(ActivityRecord.java:424)
12-09 08:02:33.905 W/ActivityManager( 1592): 	at com.android.server.am.ActivityRecord.isInStackLocked(ActivityRecord.java:1121)
12-09 08:02:33.905 W/ActivityManager( 1592): 	at com.android.server.am.ActivityManagerService.getActivityOptions(ActivityManagerService.java:11038)
12-09 08:02:33.905 W/ActivityManager( 1592): 	at android.app.ActivityManagerNative.onTransact(ActivityManagerNative.java:1734)
12-09 08:02:33.905 W/ActivityManager( 1592): 	at com.android.server.am.ActivityManagerService.onTransact(ActivityManagerService.java:2443)
12-09 08:02:33.905 W/ActivityManager( 1592): 	at android.os.Binder.execTransact(Binder.java:453)
12-09 08:02:33.937 W/art     (10327): Suspending all threads took: 7.495ms
12-09 08:02:34.016 W/CursorWrapperInner(10327): Cursor finalized without prior close()
12-09 08:02:34.030 W/audio_hw_generic( 1306): Not supplying enough data to HAL, expected position 20484416 , only wrote 20484390
12-09 08:02:34.037 W/audio_hw_generic( 1306): Not supplying enough data to HAL, expected position 20484694 , only wrote 20484390
12-09 08:02:34.045 I/art     (10327): Background sticky concurrent mark sweep GC freed 46849(2MB) AllocSpace objects, 1(20KB) LOS objects, 32% free, 2MB/3MB, paused 12.191ms total 135.848ms
12-09 08:02:34.057 W/audio_hw_generic( 1306): Not supplying enough data to HAL, expected position 20485278 , only wrote 20485051
12-09 08:02:34.387 W/audio_hw_generic( 1306): Not supplying enough data to HAL, expected position 20499607 , only wrote 20498271
12-09 08:02:34.387 W/audio_hw_generic( 1306): Not supplying enough data to HAL, expected position 20498278 , only wrote 20498271
12-09 08:02:34.425 E/SurfaceFlinger( 1218): ro.sf.lcd_density must be defined as a build property
12-09 08:02:34.447 D/gralloc_ranchu( 1218): gralloc_alloc: Creating ashmem region of size 3686400
12-09 08:02:34.460 D/        (10359): HostConnection::get() New Host Connection established 0x7f4f6da92480, tid 10359
12-09 08:02:34.550 E/EGL_emulation( 1218): tid 1218: eglCreateSyncKHR(1881): error 0x3004 (EGL_BAD_ATTRIBUTE)
12-09 08:02:34.688 W/audio_hw_generic( 1306): Hardware backing HAL too slow, could only write 0 of 661 frames
12-09 08:02:35.183 W/audio_hw_generic( 1306): Hardware backing HAL too slow, could only write 0 of 661 frames
12-09 08:02:35.220 W/audio_hw_generic( 1306): Hardware backing HAL too slow, could only write 0 of 661 frames
12-09 08:02:35.236 W/audio_hw_generic( 1306): Hardware backing HAL too slow, could only write 0 of 661 frames
12-09 08:02:35.246 W/audio_hw_generic( 1306): Hardware backing HAL too slow, could only write 0 of 661 frames
12-09 08:02:35.257 W/audio_hw_generic( 1306): Hardware backing HAL too slow, could only write 0 of 661 frames
12-09 08:02:35.365 W/audio_hw_generic( 1306): Not supplying enough data to HAL, expected position 20541417 , only wrote 20541236
12-09 08:02:35.366 W/audio_hw_generic( 1306): Not supplying enough data to HAL, expected position 20541243 , only wrote 20541236
12-09 08:02:35.382 W/audio_hw_generic( 1306): Not supplying enough data to HAL, expected position 20541941 , only wrote 20541897
12-09 08:02:35.562 W/audio_hw_generic( 1306): Not supplying enough data to HAL, expected position 20549842 , only wrote 20549829
12-09 08:02:35.562 W/audio_hw_generic( 1306): Hardware backing HAL too slow, could only write 0 of 661 frames
12-09 08:02:35.562 W/audio_hw_generic( 1306): Hardware backing HAL too slow, could only write 0 of 661 frames
12-09 08:02:35.621 I/System.out(10327): URI: //gesture
12-09 08:02:35.621 I/System.out(10327): params: {json={"query_timeout":5.0,"gestures":[{"query_string":"android.widget.TabWidget descendant TextView index:2","touches":[{"x":50,"y":50,"offset_x":0,"offset_y":0,"wait":0.0,"time":0.2,"release":true,"query_string":null}]}]}
12-09 08:02:35.621 I/System.out(10327): }
12-09 08:02:35.714 W/audio_hw_generic( 1306): Not supplying enough data to HAL, expected position 20556522 , only wrote 20555117
12-09 08:02:35.714 W/audio_hw_generic( 1306): Not supplying enough data to HAL, expected position 20555124 , only wrote 20555117
12-09 08:02:35.731 W/audio_hw_generic( 1306): Not supplying enough data to HAL, expected position 20555894 , only wrote 20555778
12-09 08:02:35.846 W/audio_hw_generic( 1306): Hardware backing HAL too slow, could only write 0 of 661 frames
12-09 08:02:35.866 W/audio_hw_generic( 1306): Hardware backing HAL too slow, could only write 0 of 661 frames
12-09 08:02:35.876 W/audio_hw_generic( 1306): Hardware backing HAL too slow, could only write 0 of 661 frames
12-09 08:02:35.970 I/calabash(10327): newActivity1
12-09 08:02:35.973 W/audio_hw_generic( 1306): Not supplying enough data to HAL, expected position 20566453 , only wrote 20565032
12-09 08:02:35.974 W/audio_hw_generic( 1306): Not supplying enough data to HAL, expected position 20565039 , only wrote 20565032
12-09 08:02:36.014 W/ActivityManager( 1592): Bad activity token: android.os.BinderProxy@e61242d
12-09 08:02:36.014 W/ActivityManager( 1592): java.lang.ClassCastException: android.os.BinderProxy cannot be cast to com.android.server.am.ActivityRecord$Token
12-09 08:02:36.014 W/ActivityManager( 1592): 	at com.android.server.am.ActivityRecord.forTokenLocked(ActivityRecord.java:424)
12-09 08:02:36.014 W/ActivityManager( 1592): 	at com.android.server.am.ActivityRecord.isInStackLocked(ActivityRecord.java:1121)
12-09 08:02:36.014 W/ActivityManager( 1592): 	at com.android.server.am.ActivityRecord.getStackLocked(ActivityRecord.java:1126)
12-09 08:02:36.014 W/ActivityManager( 1592): 	at com.android.server.am.ActivityManagerService.getActivityDisplayId(ActivityManagerService.java:8889)
12-09 08:02:36.014 W/ActivityManager( 1592): 	at android.app.ActivityManagerNative.onTransact(ActivityManagerNative.java:2338)
12-09 08:02:36.014 W/ActivityManager( 1592): 	at com.android.server.am.ActivityManagerService.onTransact(ActivityManagerService.java:2443)
12-09 08:02:36.014 W/ActivityManager( 1592): 	at android.os.Binder.execTransact(Binder.java:453)
12-09 08:02:36.014 W/ActivityManager( 1592): Bad activity token: android.os.BinderProxy@e61242d
12-09 08:02:36.014 W/ActivityManager( 1592): java.lang.ClassCastException: android.os.BinderProxy cannot be cast to com.android.server.am.ActivityRecord$Token
12-09 08:02:36.014 W/ActivityManager( 1592): 	at com.android.server.am.ActivityRecord.forTokenLocked(ActivityRecord.java:424)
12-09 08:02:36.014 W/ActivityManager( 1592): 	at com.android.server.am.ActivityRecord.isInStackLocked(ActivityRecord.java:1121)
12-09 08:02:36.014 W/ActivityManager( 1592): 	at com.android.server.am.ActivityManagerService.setTaskDescription(ActivityManagerService.java:8547)
12-09 08:02:36.014 W/ActivityManager( 1592): 	at android.app.ActivityManagerNative.onTransact(ActivityManagerNative.java:2410)
12-09 08:02:36.014 W/ActivityManager( 1592): 	at com.android.server.am.ActivityManagerService.onTransact(ActivityManagerService.java:2443)
12-09 08:02:36.014 W/ActivityManager( 1592): 	at android.os.Binder.execTransact(Binder.java:453)
12-09 08:02:36.050 W/audio_hw_generic( 1306): Not supplying enough data to HAL, expected position 20568386 , only wrote 20565693
12-09 08:02:36.085 W/audio_hw_generic( 1306): Not supplying enough data to HAL, expected position 20567250 , only wrote 20566354
12-09 08:02:36.104 D/AudioFlinger( 1306): mixer(0xf43c0000) throttle end: throttle time(11)
12-09 08:02:36.125 D/VehicleStatisticsActivity(10327): Checking recalculation ...
12-09 08:02:36.130 D/VehicleStatisticsActivity(10327): Recalculating statistics
12-09 08:02:36.130 D/VehicleStatisticsTask(10327): Calculation starting...
12-09 08:02:36.141 D/VehicleStatisticsActivity(10327): Recalculation started!
12-09 08:02:36.170 W/ActivityManager( 1592): Bad activity token: android.os.BinderProxy@e61242d
12-09 08:02:36.170 W/ActivityManager( 1592): java.lang.ClassCastException: android.os.BinderProxy cannot be cast to com.android.server.am.ActivityRecord$Token
12-09 08:02:36.170 W/ActivityManager( 1592): 	at com.android.server.am.ActivityRecord.forTokenLocked(ActivityRecord.java:424)
12-09 08:02:36.170 W/ActivityManager( 1592): 	at com.android.server.am.ActivityRecord.isInStackLocked(ActivityRecord.java:1121)
12-09 08:02:36.170 W/ActivityManager( 1592): 	at com.android.server.am.ActivityManagerService.getActivityOptions(ActivityManagerService.java:11038)
12-09 08:02:36.170 W/ActivityManager( 1592): 	at android.app.ActivityManagerNative.onTransact(ActivityManagerNative.java:1734)
12-09 08:02:36.170 W/ActivityManager( 1592): 	at com.android.server.am.ActivityManagerService.onTransact(ActivityManagerService.java:2443)
12-09 08:02:36.170 W/ActivityManager( 1592): 	at android.os.Binder.execTransact(Binder.java:453)
12-09 08:02:36.170 W/ActivityManager( 1592): Bad activity token: android.os.BinderProxy@e61242d
12-09 08:02:36.170 W/ActivityManager( 1592): java.lang.ClassCastException: android.os.BinderProxy cannot be cast to com.android.server.am.ActivityRecord$Token
12-09 08:02:36.170 W/ActivityManager( 1592): 	at com.android.server.am.ActivityRecord.forTokenLocked(ActivityRecord.java:424)
12-09 08:02:36.170 W/ActivityManager( 1592): 	at com.android.server.am.ActivityRecord.isInStackLocked(ActivityRecord.java:1121)
12-09 08:02:36.170 W/ActivityManager( 1592): 	at com.android.server.am.ActivityManagerService.getActivityOptions(ActivityManagerService.java:11038)
12-09 08:02:36.170 W/ActivityManager( 1592): 	at android.app.ActivityManagerNative.onTransact(ActivityManagerNative.java:1734)
12-09 08:02:36.170 W/ActivityManager( 1592): 	at com.android.server.am.ActivityManagerService.onTransact(ActivityManagerService.java:2443)
12-09 08:02:36.170 W/ActivityManager( 1592): 	at android.os.Binder.execTransact(Binder.java:453)
12-09 08:02:36.190 D/VehicleStatisticsActivity(10327): Checking recalculation ...
12-09 08:02:36.191 I/art     (10327): Background sticky concurrent mark sweep GC freed 59662(2MB) AllocSpace objects, 3(60KB) LOS objects, 23% free, 2MB/3MB, paused 1.206ms total 212.955ms
12-09 08:02:36.192 D/VehicleStatisticsActivity(10327): Recalculating statistics
12-09 08:02:36.192 D/VehicleStatisticsTask(10327): Calculation starting...
12-09 08:02:36.192 D/VehicleStatisticsActivity(10327): Recalculation started!
12-09 08:02:36.229 W/audio_hw_generic( 1306): Not supplying enough data to HAL, expected position 20572723 , only wrote 20572303
12-09 08:02:36.230 W/audio_hw_generic( 1306): Not supplying enough data to HAL, expected position 20572310 , only wrote 20572303
12-09 08:02:36.257 W/audio_hw_generic( 1306): Not supplying enough data to HAL, expected position 20573505 , only wrote 20572964
12-09 08:02:36.293 W/audio_hw_generic( 1306): Not supplying enough data to HAL, expected position 20574579 , only wrote 20574286
12-09 08:02:36.325 W/audio_hw_generic( 1306): Hardware backing HAL too slow, could only write 0 of 661 frames
12-09 08:02:36.370 D/VehicleStatisticsTask(10327): Not enough fillups to calculate statistics
12-09 08:02:36.407 D/VehicleStatisticsTask(10327): Not enough fillups to calculate statistics
12-09 08:02:36.484 D/VehicleStatisticsTask(10327): Done recalculating!
12-09 08:02:36.504 D/VehicleStatisticsTask(10327): Done recalculating!
12-09 08:02:36.506 D/VehicleStatisticsAdapter(10327): Erasing the cache ...
12-09 08:02:36.571 D/VehicleStatisticsAdapter(10327): Erasing the cache ...
12-09 08:02:36.633 D/VehicleStatisticsAdapter(10327): Building new values ...
12-09 08:02:36.633 D/VehicleStatisticsAdapter(10327): Writing 29 records to the database ...
12-09 08:02:36.697 D/VehicleStatisticsAdapter(10327): Building new values ...
12-09 08:02:36.697 D/VehicleStatisticsAdapter(10327): Writing 29 records to the database ...
12-09 08:02:36.733 E/SurfaceFlinger( 1218): ro.sf.lcd_density must be defined as a build property
12-09 08:02:36.734 D/gralloc_ranchu( 1218): gralloc_alloc: Creating ashmem region of size 3686400
12-09 08:02:36.753 D/Mileage.ABS(10327): Finished backup
12-09 08:02:36.753 D/Mileage.ABS(10327): Not backing up; 249
12-09 08:02:36.756 D/Mileage.ABS(10327): Not backing up; 252
12-09 08:02:36.756 D/Mileage.ABS(10327): Not backing up; 252
12-09 08:02:36.797 D/        (10368): HostConnection::get() New Host Connection established 0x7fc0f4652480, tid 10368
12-09 08:02:36.836 E/EGL_emulation( 1218): tid 1218: eglCreateSyncKHR(1881): error 0x3004 (EGL_BAD_ATTRIBUTE)
12-09 08:02:36.888 D/Mileage.ABS(10327): Not backing up; 384
12-09 08:02:36.888 D/Mileage.ABS(10327): Not backing up; 384
12-09 08:02:36.943 W/audio_hw_generic( 1306): Not supplying enough data to HAL, expected position 20602927 , only wrote 20602709
12-09 08:02:37.025 D/Mileage.ABS(10327): Not backing up; 521
12-09 08:02:37.031 W/CursorWrapperInner(10327): Cursor finalized without prior close()
12-09 08:02:37.031 W/CursorWrapperInner(10327): Cursor finalized without prior close()
12-09 08:02:37.041 I/art     (10327): Background sticky concurrent mark sweep GC freed 2664(127KB) AllocSpace objects, 0(0B) LOS objects, 18% free, 2MB/3MB, paused 35.810ms total 172.460ms
12-09 08:02:37.050 D/Mileage.ABS(10327): Not backing up; 546
12-09 08:02:37.127 D/Mileage.ABS(10327): Not backing up; 623
12-09 08:02:37.169 W/audio_hw_generic( 1306): Not supplying enough data to HAL, expected position 20612692 , only wrote 20612624
12-09 08:02:37.169 W/audio_hw_generic( 1306): Not supplying enough data to HAL, expected position 20612631 , only wrote 20612624
12-09 08:02:37.193 W/audio_hw_generic( 1306): Not supplying enough data to HAL, expected position 20613663 , only wrote 20613285
12-09 08:02:37.262 W/audio_hw_generic( 1306): Not supplying enough data to HAL, expected position 20616304 , only wrote 20615929
12-09 08:02:37.262 W/audio_hw_generic( 1306): Not supplying enough data to HAL, expected position 20615937 , only wrote 20615929
12-09 08:02:37.277 W/audio_hw_generic( 1306): Not supplying enough data to HAL, expected position 20616596 , only wrote 20616590
12-09 08:02:37.318 D/Mileage.ABS(10327): Not backing up; 814
12-09 08:02:37.427 W/audio_hw_generic( 1306): Not supplying enough data to HAL, expected position 20623231 , only wrote 20623200
12-09 08:02:37.470 W/audio_hw_generic( 1306): Hardware backing HAL too slow, could only write 0 of 661 frames
12-09 08:02:37.478 D/Mileage.ABS(10327): Not backing up; 974
12-09 08:02:37.483 D/Mileage.ABS(10327): Not backing up; 979
12-09 08:02:37.483 D/Mileage.ABS(10327): Not backing up; 979
12-09 08:02:37.538 I/System.out(10327): URI: //gesture
12-09 08:02:37.538 I/System.out(10327): params: {json={"query_timeout":5.0,"gestures":[{"query_string":"android.widget.TabWidget descendant TextView index:0","touches":[{"x":50,"y":50,"offset_x":0,"offset_y":0,"wait":0.0,"time":0.2,"release":true,"query_string":null}]}]}
12-09 08:02:37.538 I/System.out(10327): }
12-09 08:02:37.759 D/Mileage.ABS(10327): Finished backup
12-09 08:02:37.760 D/Mileage.ABS(10327): Not backing up; 80
12-09 08:02:37.826 D/Mileage.ABS(10327): Not backing up; 146
12-09 08:02:37.827 D/Mileage.ABS(10327): Not backing up; 147
12-09 08:02:37.827 D/Mileage.ABS(10327): Not backing up; 147
12-09 08:02:37.834 D/Mileage.ABS(10327): Not backing up; 154
12-09 08:02:37.857 D/Mileage.ABS(10327): Not backing up; 177
12-09 08:02:37.858 D/Mileage.ABS(10327): Not backing up; 178
12-09 08:02:37.858 D/Mileage.ABS(10327): Not backing up; 178
12-09 08:02:37.859 D/Mileage.ABS(10327): Not backing up; 179
12-09 08:02:37.860 D/Mileage.ABS(10327): Not backing up; 180
12-09 08:02:37.860 D/Mileage.ABS(10327): Not backing up; 180
12-09 08:02:37.862 I/art     (10327): Background partial concurrent mark sweep GC freed 16520(816KB) AllocSpace objects, 3(60KB) LOS objects, 40% free, 2MB/4MB, paused 1.165ms total 314.856ms
12-09 08:02:37.866 D/Mileage.ABS(10327): Not backing up; 186
12-09 08:02:37.872 W/audio_hw_generic( 1306): Hardware backing HAL too slow, could only write 0 of 661 frames
12-09 08:02:37.958 W/audio_hw_generic( 1306): Hardware backing HAL too slow, could only write 0 of 661 frames
12-09 08:02:38.012 D/Mileage.ABS(10327): Not backing up; 331
12-09 08:02:38.012 D/Mileage.ABS(10327): Not backing up; 332
12-09 08:02:38.012 D/Mileage.ABS(10327): Not backing up; 332
12-09 08:02:38.012 D/Mileage.ABS(10327): Not backing up; 332
12-09 08:02:38.142 D/Mileage.ABS(10327): Not backing up; 462
12-09 08:02:38.195 D/Mileage.ABS(10327): Not backing up; 515
12-09 08:02:38.196 D/Mileage.ABS(10327): Not backing up; 516
12-09 08:02:38.349 D/AudioFlinger( 1306): mixer(0xf43c0000) throttle end: throttle time(3)
12-09 08:02:38.428 D/Mileage.ABS(10327): Not backing up; 748
12-09 08:02:38.428 D/Mileage.ABS(10327): Not backing up; 748
12-09 08:02:38.562 W/audio_hw_generic( 1306): Hardware backing HAL too slow, could only write 0 of 661 frames
12-09 08:02:38.562 W/audio_hw_generic( 1306): Not supplying enough data to HAL, expected position 20673224 , only wrote 20672775
12-09 08:02:38.562 W/audio_hw_generic( 1306): Not supplying enough data to HAL, expected position 20672781 , only wrote 20672775
12-09 08:02:38.584 W/audio_hw_generic( 1306): Not supplying enough data to HAL, expected position 20673726 , only wrote 20673436
12-09 08:02:38.587 D/Mileage.ABS(10327): Not backing up; 907
