12-09 08:33:53.968 I/Input   (19424): injectKeyEvent: KeyEvent { action=ACTION_UP, keyCode=KEYCODE_BACK, scanCode=0, metaState=0, flags=0x0, repeatCount=0, eventTime=5849615, downTime=5849615, deviceId=-1, source=0x101 }
12-09 08:33:53.972 W/audio_hw_generic( 1307): Not supplying enough data to HAL, expected position 45102705 , only wrote 45102674
12-09 08:33:54.112 W/audio_hw_generic( 1307): Not supplying enough data to HAL, expected position 45108850 , only wrote 45103996
12-09 08:33:54.142 W/art     ( 1592): Long monitor contention event with owner method=void com.android.server.wm.WindowManagerService.prepareAppTransition(int, boolean) from WindowManagerService.java:4168 waiters=0 for 160ms
12-09 08:33:54.151 W/audio_hw_generic( 1307): Hardware backing HAL too slow, could only write 0 of 661 frames
12-09 08:33:54.153 W/art     ( 1592): Long monitor contention event with owner method=void com.android.server.am.ActivityManagerService.activityPaused(android.os.IBinder) from ActivityManagerService.java:6439 waiters=0 for 113ms
12-09 08:33:54.154 W/ActivityManager( 1592): Bad activity token: android.os.BinderProxy@ec93ece
12-09 08:33:54.154 W/ActivityManager( 1592): java.lang.ClassCastException: android.os.BinderProxy cannot be cast to com.android.server.am.ActivityRecord$Token
12-09 08:33:54.154 W/ActivityManager( 1592): 	at com.android.server.am.ActivityRecord.forTokenLocked(ActivityRecord.java:424)
12-09 08:33:54.154 W/ActivityManager( 1592): 	at com.android.server.am.ActivityRecord.isInStackLocked(ActivityRecord.java:1121)
12-09 08:33:54.154 W/ActivityManager( 1592): 	at com.android.server.am.ActivityManagerService.getActivityOptions(ActivityManagerService.java:11038)
12-09 08:33:54.154 W/ActivityManager( 1592): 	at android.app.ActivityManagerNative.onTransact(ActivityManagerNative.java:1734)
12-09 08:33:54.154 W/ActivityManager( 1592): 	at com.android.server.am.ActivityManagerService.onTransact(ActivityManagerService.java:2443)
12-09 08:33:54.154 W/ActivityManager( 1592): 	at android.os.Binder.execTransact(Binder.java:453)
12-09 08:33:54.156 D/AndroidRuntime(19424): Shutting down VM
12-09 08:33:54.176 W/audio_hw_generic( 1307): Not supplying enough data to HAL, expected position 45108541 , only wrote 45106640
12-09 08:33:54.274 V/PhoneStatusBar( 1719): setLightsOn(true)
12-09 08:33:54.274 W/art     ( 1592): Long monitor contention event with owner method=int com.android.server.wm.WindowManagerService.relayoutWindow(com.android.server.wm.Session, android.view.IWindow, int, android.view.WindowManager$LayoutParams, int, int, int, int, android.graphics.Rect, android.graphics.Rect, android.graphics.Rect, android.graphics.Rect, android.graphics.Rect, android.graphics.Rect, android.content.res.Configuration, android.view.Surface) from WindowManagerService.java:3103 waiters=0 for 102ms
12-09 08:33:54.278 D/gralloc_ranchu( 1223): gralloc_alloc: Creating ashmem region of size 3686400
12-09 08:33:54.433 I/System.out(19314): URI: //gesture
12-09 08:33:54.433 I/System.out(19314): params: {json={"query_timeout":5.0,"gestures":[{"query_string":"android.widget.TabWidget descendant TextView index:2","touches":[{"x":50,"y":50,"offset_x":0,"offset_y":0,"wait":0.0,"time":0.2,"release":true,"query_string":null}]}]}
12-09 08:33:54.433 I/System.out(19314): }
12-09 08:33:54.618 D/gralloc_ranchu( 1223): gralloc_alloc: Creating ashmem region of size 3686400
12-09 08:33:55.637 D/gralloc_ranchu( 1223): gralloc_alloc: Creating ashmem region of size 3686400
12-09 08:33:56.136 W/art     (19314): Suspending all threads took: 18.464ms
12-09 08:33:56.192 I/calabash(19314): newActivity1
12-09 08:33:56.193 W/ActivityManager( 1592): Bad activity token: android.os.BinderProxy@f6a56b7
12-09 08:33:56.193 W/ActivityManager( 1592): java.lang.ClassCastException: android.os.BinderProxy cannot be cast to com.android.server.am.ActivityRecord$Token
12-09 08:33:56.193 W/ActivityManager( 1592): 	at com.android.server.am.ActivityRecord.forTokenLocked(ActivityRecord.java:424)
12-09 08:33:56.193 W/ActivityManager( 1592): 	at com.android.server.am.ActivityRecord.isInStackLocked(ActivityRecord.java:1121)
12-09 08:33:56.193 W/ActivityManager( 1592): 	at com.android.server.am.ActivityRecord.getStackLocked(ActivityRecord.java:1126)
12-09 08:33:56.193 W/ActivityManager( 1592): 	at com.android.server.am.ActivityManagerService.getActivityDisplayId(ActivityManagerService.java:8889)
12-09 08:33:56.193 W/ActivityManager( 1592): 	at android.app.ActivityManagerNative.onTransact(ActivityManagerNative.java:2338)
12-09 08:33:56.193 W/ActivityManager( 1592): 	at com.android.server.am.ActivityManagerService.onTransact(ActivityManagerService.java:2443)
12-09 08:33:56.193 W/ActivityManager( 1592): 	at android.os.Binder.execTransact(Binder.java:453)
12-09 08:33:56.194 W/ActivityManager( 1592): Bad activity token: android.os.BinderProxy@f6a56b7
12-09 08:33:56.194 W/ActivityManager( 1592): java.lang.ClassCastException: android.os.BinderProxy cannot be cast to com.android.server.am.ActivityRecord$Token
12-09 08:33:56.194 W/ActivityManager( 1592): 	at com.android.server.am.ActivityRecord.forTokenLocked(ActivityRecord.java:424)
12-09 08:33:56.194 W/ActivityManager( 1592): 	at com.android.server.am.ActivityRecord.isInStackLocked(ActivityRecord.java:1121)
12-09 08:33:56.194 W/ActivityManager( 1592): 	at com.android.server.am.ActivityManagerService.setTaskDescription(ActivityManagerService.java:8547)
12-09 08:33:56.194 W/ActivityManager( 1592): 	at android.app.ActivityManagerNative.onTransact(ActivityManagerNative.java:2410)
12-09 08:33:56.194 W/ActivityManager( 1592): 	at com.android.server.am.ActivityManagerService.onTransact(ActivityManagerService.java:2443)
12-09 08:33:56.194 W/ActivityManager( 1592): 	at android.os.Binder.execTransact(Binder.java:453)
12-09 08:33:56.200 I/art     (19314): Background sticky concurrent mark sweep GC freed 47043(2MB) AllocSpace objects, 2(40KB) LOS objects, 22% free, 3MB/5MB, paused 19.546ms total 123.172ms
12-09 08:33:56.210 D/VehicleStatisticsActivity(19314): Checking recalculation ...
12-09 08:33:56.210 D/VehicleStatisticsActivity(19314): Recalculating statistics
12-09 08:33:56.211 D/VehicleStatisticsTask(19314): Calculation starting...
12-09 08:33:56.211 D/VehicleStatisticsActivity(19314): Recalculation started!
12-09 08:33:56.226 D/CalculateTask(19314): Recalculating...
12-09 08:33:56.235 W/ActivityManager( 1592): Bad activity token: android.os.BinderProxy@f6a56b7
12-09 08:33:56.235 W/ActivityManager( 1592): java.lang.ClassCastException: android.os.BinderProxy cannot be cast to com.android.server.am.ActivityRecord$Token
12-09 08:33:56.235 W/ActivityManager( 1592): 	at com.android.server.am.ActivityRecord.forTokenLocked(ActivityRecord.java:424)
12-09 08:33:56.235 W/ActivityManager( 1592): 	at com.android.server.am.ActivityRecord.isInStackLocked(ActivityRecord.java:1121)
12-09 08:33:56.235 W/ActivityManager( 1592): 	at com.android.server.am.ActivityManagerService.getActivityOptions(ActivityManagerService.java:11038)
12-09 08:33:56.235 W/ActivityManager( 1592): 	at android.app.ActivityManagerNative.onTransact(ActivityManagerNative.java:1734)
12-09 08:33:56.235 W/ActivityManager( 1592): 	at com.android.server.am.ActivityManagerService.onTransact(ActivityManagerService.java:2443)
12-09 08:33:56.235 W/ActivityManager( 1592): 	at android.os.Binder.execTransact(Binder.java:453)
12-09 08:33:56.240 W/ActivityManager( 1592): Bad activity token: android.os.BinderProxy@f6a56b7
12-09 08:33:56.240 W/ActivityManager( 1592): java.lang.ClassCastException: android.os.BinderProxy cannot be cast to com.android.server.am.ActivityRecord$Token
12-09 08:33:56.240 W/ActivityManager( 1592): 	at com.android.server.am.ActivityRecord.forTokenLocked(ActivityRecord.java:424)
12-09 08:33:56.240 W/ActivityManager( 1592): 	at com.android.server.am.ActivityRecord.isInStackLocked(ActivityRecord.java:1121)
12-09 08:33:56.240 W/ActivityManager( 1592): 	at com.android.server.am.ActivityManagerService.getActivityOptions(ActivityManagerService.java:11038)
12-09 08:33:56.240 W/ActivityManager( 1592): 	at android.app.ActivityManagerNative.onTransact(ActivityManagerNative.java:1734)
12-09 08:33:56.240 W/ActivityManager( 1592): 	at com.android.server.am.ActivityManagerService.onTransact(ActivityManagerService.java:2443)
12-09 08:33:56.240 W/ActivityManager( 1592): 	at android.os.Binder.execTransact(Binder.java:453)
12-09 08:33:56.241 D/VehicleStatisticsActivity(19314): Checking recalculation ...
12-09 08:33:56.241 D/VehicleStatisticsActivity(19314): Recalculating statistics
12-09 08:33:56.241 D/VehicleStatisticsTask(19314): Calculation starting...
12-09 08:33:56.241 D/VehicleStatisticsActivity(19314): Recalculation started!
12-09 08:33:56.268 W/audio_hw_generic( 1307): Hardware backing HAL too slow, could only write 0 of 661 frames
12-09 08:33:56.268 W/audio_hw_generic( 1307): Hardware backing HAL too slow, could only write 0 of 661 frames
12-09 08:33:56.280 D/CalculateTask(19314): Recalculating...
12-09 08:33:56.283 W/audio_hw_generic( 1307): Hardware backing HAL too slow, could only write 0 of 661 frames
12-09 08:33:56.321 W/audio_hw_generic( 1307): Hardware backing HAL too slow, could only write 0 of 661 frames
--------- beginning of crash
12-09 08:33:56.332 E/AndroidRuntime(19314): FATAL EXCEPTION: AsyncTask #2
12-09 08:33:56.332 E/AndroidRuntime(19314): Process: com.evancharlton.mileage, PID: 19314
12-09 08:33:56.332 E/AndroidRuntime(19314): java.lang.RuntimeException: An error occurred while executing doInBackground()
12-09 08:33:56.332 E/AndroidRuntime(19314): 	at android.os.AsyncTask$3.done(AsyncTask.java:309)
12-09 08:33:56.332 E/AndroidRuntime(19314): 	at java.util.concurrent.FutureTask.finishCompletion(FutureTask.java:354)
12-09 08:33:56.332 E/AndroidRuntime(19314): 	at java.util.concurrent.FutureTask.setException(FutureTask.java:223)
12-09 08:33:56.332 E/AndroidRuntime(19314): 	at java.util.concurrent.FutureTask.run(FutureTask.java:242)
12-09 08:33:56.332 E/AndroidRuntime(19314): 	at java.util.concurrent.ThreadPoolExecutor.runWorker(ThreadPoolExecutor.java:1113)
12-09 08:33:56.332 E/AndroidRuntime(19314): 	at java.util.concurrent.ThreadPoolExecutor$Worker.run(ThreadPoolExecutor.java:588)
12-09 08:33:56.332 E/AndroidRuntime(19314): 	at java.lang.Thread.run(Thread.java:818)
12-09 08:33:56.332 E/AndroidRuntime(19314): Caused by: java.lang.NullPointerException: Attempt to invoke virtual method 'void com.evancharlton.mileage.adapters.VehicleStatisticsAdapter.setValue(com.evancharlton.mileage.provider.Statistic, double)' on a null object reference
12-09 08:33:56.332 E/AndroidRuntime(19314): 	at com.evancharlton.mileage.tasks.VehicleStatisticsTask.update(VehicleStatisticsTask.java:333)
12-09 08:33:56.332 E/AndroidRuntime(19314): 	at com.evancharlton.mileage.tasks.VehicleStatisticsTask.doInBackground(VehicleStatisticsTask.java:202)
12-09 08:33:56.332 E/AndroidRuntime(19314): 	at com.evancharlton.mileage.tasks.VehicleStatisticsTask.doInBackground(VehicleStatisticsTask.java:20)
12-09 08:33:56.332 E/AndroidRuntime(19314): 	at android.os.AsyncTask$2.call(AsyncTask.java:295)
12-09 08:33:56.332 E/AndroidRuntime(19314): 	at java.util.concurrent.FutureTask.run(FutureTask.java:237)
12-09 08:33:56.332 E/AndroidRuntime(19314): 	... 3 more
12-09 08:33:56.333 W/ActivityManager( 1592): Error in app com.evancharlton.mileage running instrumentation ComponentInfo{com.evancharlton.mileage.test/sh.calaba.instrumentationbackend.CalabashInstrumentationTestRunner}:
12-09 08:33:56.333 W/ActivityManager( 1592):   java.lang.NullPointerException
12-09 08:33:56.333 W/ActivityManager( 1592):   java.lang.NullPointerException: Attempt to invoke virtual method 'void com.evancharlton.mileage.adapters.VehicleStatisticsAdapter.setValue(com.evancharlton.mileage.provider.Statistic, double)' on a null object reference
12-09 08:33:56.333 I/ActivityManager( 1592): Force stopping com.evancharlton.mileage appid=10141 user=0: finished inst
12-09 08:33:56.334 I/ActivityManager( 1592): Killing 19314:com.evancharlton.mileage/u0a141 (adj 0): stop com.evancharlton.mileage
12-09 08:33:56.336 W/audio_hw_generic( 1307): Hardware backing HAL too slow, could only write 0 of 661 frames
12-09 08:33:56.352 W/audio_hw_generic( 1307): Hardware backing HAL too slow, could only write 0 of 661 frames
12-09 08:33:56.358 W/audio_hw_generic( 1307): Hardware backing HAL too slow, could only write 0 of 661 frames
12-09 08:33:56.421 W/InputDispatcher( 1592): channel '1dbb760 com.evancharlton.mileage/com.evancharlton.mileage.FillupInfoActivity (server)' ~ Consumer closed input channel or an error occurred.  events=0x9
12-09 08:33:56.421 E/InputDispatcher( 1592): channel '1dbb760 com.evancharlton.mileage/com.evancharlton.mileage.FillupInfoActivity (server)' ~ Channel is unrecoverably broken and will be disposed!
12-09 08:33:56.422 W/InputDispatcher( 1592): channel 'a98f34 com.evancharlton.mileage/com.evancharlton.mileage.Mileage (server)' ~ Consumer closed input channel or an error occurred.  events=0x9
12-09 08:33:56.422 E/InputDispatcher( 1592): channel 'a98f34 com.evancharlton.mileage/com.evancharlton.mileage.Mileage (server)' ~ Channel is unrecoverably broken and will be disposed!
12-09 08:33:56.432 I/WindowState( 1592): WIN DEATH: Window{1dbb760 u0 com.evancharlton.mileage/com.evancharlton.mileage.FillupInfoActivity}
12-09 08:33:56.432 W/InputDispatcher( 1592): Attempted to unregister already unregistered input channel '1dbb760 com.evancharlton.mileage/com.evancharlton.mileage.FillupInfoActivity (server)'
12-09 08:33:56.434 W/ActivityManager( 1592): Scheduling restart of crashed service com.evancharlton.mileage/.services.AutomaticBackupService in 1000ms
12-09 08:33:56.452 W/ActivityManager( 1592): Force removing ActivityRecord{3c4716e u0 com.evancharlton.mileage/.Mileage t484}: app died, no saved state
12-09 08:33:56.454 W/InputDispatcher( 1592): Attempted to unregister already unregistered input channel 'a98f34 com.evancharlton.mileage/com.evancharlton.mileage.Mileage (server)'
12-09 08:33:56.476 W/WindowManager( 1592): Failed looking up window
12-09 08:33:56.476 W/WindowManager( 1592): java.lang.IllegalArgumentException: Requested window android.os.BinderProxy@a65e207 does not exist
12-09 08:33:56.476 W/WindowManager( 1592): 	at com.android.server.wm.WindowManagerService.windowForClientLocked(WindowManagerService.java:8733)
12-09 08:33:56.476 W/WindowManager( 1592): 	at com.android.server.wm.WindowManagerService.windowForClientLocked(WindowManagerService.java:8724)
12-09 08:33:56.476 W/WindowManager( 1592): 	at com.android.server.wm.WindowState$DeathRecipient.binderDied(WindowState.java:1209)
12-09 08:33:56.476 W/WindowManager( 1592): 	at android.os.BinderProxy.sendDeathNotice(Binder.java:558)
12-09 08:33:56.476 I/WindowState( 1592): WIN DEATH: null
12-09 08:33:56.496 I/ActivityManager( 1592):   Force stopping service ServiceRecord{f3cde24 u0 com.evancharlton.mileage/.services.AutomaticBackupService}
12-09 08:33:56.558 W/audio_hw_generic( 1307): Not supplying enough data to HAL, expected position 45119427 , only wrote 45118538
12-09 08:33:56.558 W/audio_hw_generic( 1307): Not supplying enough data to HAL, expected position 45118544 , only wrote 45118538
12-09 08:33:56.588 W/audio_hw_generic( 1307): Hardware backing HAL too slow, could only write 0 of 661 frames
12-09 08:33:56.655 D/EGL_emulation( 1930): eglMakeCurrent: 0x7f708f5b4dc0: ver 2 0 (tinfo 0x7f708f582d00)
12-09 08:33:56.679 W/InputMethodManagerService( 1592): Got RemoteException sending setActive(false) notification to pid 19314 uid 10141
12-09 08:33:56.776 E/SurfaceFlinger( 1223): ro.sf.lcd_density must be defined as a build property
12-09 08:33:56.804 W/audio_hw_generic( 1307): Not supplying enough data to HAL, expected position 45129413 , only wrote 45129114
12-09 08:33:56.852 D/gralloc_ranchu( 1223): gralloc_alloc: Creating ashmem region of size 3686400
12-09 08:33:56.860 I/AccountManagerService( 1592): getTypesVisibleToCaller: isPermitted? true
12-09 08:33:56.867 W/audio_hw_generic( 1307): Hardware backing HAL too slow, could only write 0 of 661 frames
12-09 08:33:56.958 D/        (19437): HostConnection::get() New Host Connection established 0x7fcc7b692480, tid 19437
12-09 08:33:56.988 W/audio_hw_generic( 1307): Not supplying enough data to HAL, expected position 45137207 , only wrote 45136385
12-09 08:33:57.016 W/audio_hw_generic( 1307): Not supplying enough data to HAL, expected position 45137628 , only wrote 45137046
12-09 08:33:57.016 W/audio_hw_generic( 1307): Not supplying enough data to HAL, expected position 45137052 , only wrote 45137046
12-09 08:33:57.042 W/audio_hw_generic( 1307): Not supplying enough data to HAL, expected position 45138198 , only wrote 45137707
12-09 08:33:57.042 W/audio_hw_generic( 1307): Hardware backing HAL too slow, could only write 0 of 661 frames
12-09 08:33:57.054 E/EGL_emulation( 1223): tid 1223: eglCreateSyncKHR(1881): error 0x3004 (EGL_BAD_ATTRIBUTE)
12-09 08:33:57.093 W/audio_hw_generic( 1307): Not supplying enough data to HAL, expected position 45139930 , only wrote 45139029
12-09 08:33:57.093 W/audio_hw_generic( 1307): Hardware backing HAL too slow, could only write 0 of 661 frames
12-09 08:33:57.116 W/audio_hw_generic( 1307): Hardware backing HAL too slow, could only write 0 of 661 frames
12-09 08:33:57.131 W/audio_hw_generic( 1307): Hardware backing HAL too slow, could only write 0 of 661 frames
12-09 08:33:57.199 W/audio_hw_generic( 1307): Not supplying enough data to HAL, expected position 45143736 , only wrote 45143656
12-09 08:33:57.352 W/audio_hw_generic( 1307): Not supplying enough data to HAL, expected position 45150376 , only wrote 45150266
12-09 08:33:57.462 I/Choreographer( 1930): Skipped 44 frames!  The application may be doing too much work on its main thread.
12-09 08:33:57.489 W/OpenGLRenderer( 1930): Incorrectly called buildLayer on View: ShortcutAndWidgetContainer, destroying layer...
12-09 08:33:57.600 W/audio_hw_generic( 1307): Not supplying enough data to HAL, expected position 45161208 , only wrote 45160842
12-09 08:33:57.691 W/audio_hw_generic( 1307): Not supplying enough data to HAL, expected position 45164876 , only wrote 45164808
12-09 08:33:57.949 W/audio_hw_generic( 1307): Not supplying enough data to HAL, expected position 45176145 , only wrote 45174062
12-09 08:33:57.960 W/audio_hw_generic( 1307): Not supplying enough data to HAL, expected position 45174560 , only wrote 45174062
12-09 08:33:58.010 W/audio_hw_generic( 1307): Not supplying enough data to HAL, expected position 45176273 , only wrote 45174723
12-09 08:33:58.356 W/audio_hw_generic( 1307): Hardware backing HAL too slow, could only write 0 of 661 frames
12-09 08:33:58.376 W/audio_hw_generic( 1307): Hardware backing HAL too slow, could only write 0 of 661 frames
12-09 08:33:58.448 E/SurfaceFlinger( 1223): ro.sf.lcd_density must be defined as a build property
12-09 08:33:58.472 W/audio_hw_generic( 1307): Not supplying enough data to HAL, expected position 45195091 , only wrote 45191909
12-09 08:33:58.500 D/gralloc_ranchu( 1223): gralloc_alloc: Creating ashmem region of size 3686400
12-09 08:33:58.508 W/audio_hw_generic( 1307): Not supplying enough data to HAL, expected position 45193481 , only wrote 45193231
12-09 08:33:58.522 W/audio_hw_generic( 1307): Hardware backing HAL too slow, could only write 0 of 661 frames
12-09 08:33:58.523 D/        (19444): HostConnection::get() New Host Connection established 0x7f94cd052480, tid 19444
12-09 08:33:58.539 W/audio_hw_generic( 1307): Hardware backing HAL too slow, could only write 0 of 661 frames
12-09 08:33:58.542 E/EGL_emulation( 1223): tid 1223: eglCreateSyncKHR(1881): error 0x3004 (EGL_BAD_ATTRIBUTE)
12-09 08:33:58.688 W/audio_hw_generic( 1307): Not supplying enough data to HAL, expected position 45201189 , only wrote 45201163
12-09 08:33:58.728 W/audio_hw_generic( 1307): Not supplying enough data to HAL, expected position 45202916 , only wrote 45202485
12-09 08:33:59.100 W/audio_hw_generic( 1307): Hardware backing HAL too slow, could only write 0 of 661 frames
12-09 08:33:59.358 W/audio_hw_generic( 1307): Not supplying enough data to HAL, expected position 45257059 , only wrote 45230247
