12-09 08:26:11.772 W/audio_hw_generic( 1310): Not supplying enough data to HAL, expected position 35459351 , only wrote 35459345
12-09 08:26:11.803 W/audio_hw_generic( 1310): Not supplying enough data to HAL, expected position 35460709 , only wrote 35460006
12-09 08:26:11.804 W/audio_hw_generic( 1310): Hardware backing HAL too slow, could only write 0 of 661 frames
12-09 08:26:11.921 W/art     ( 1595): Long monitor contention event with owner method=void com.android.server.wm.WindowAnimator$1.doFrame(long) from WindowAnimator.java:121 waiters=0 for 108ms
12-09 08:26:11.924 E/SurfaceFlinger( 1223): ro.sf.lcd_density must be defined as a build property
12-09 08:26:11.926 D/gralloc_ranchu( 1223): gralloc_alloc: Creating ashmem region of size 3686400
12-09 08:26:11.980 W/audio_hw_generic( 1310): Not supplying enough data to HAL, expected position 35467799 , only wrote 35467277
12-09 08:26:11.980 W/audio_hw_generic( 1310): Not supplying enough data to HAL, expected position 35467284 , only wrote 35467277
12-09 08:26:11.996 W/audio_hw_generic( 1310): Not supplying enough data to HAL, expected position 35467970 , only wrote 35467938
12-09 08:26:11.996 W/audio_hw_generic( 1310): Hardware backing HAL too slow, could only write 0 of 661 frames
12-09 08:26:12.011 W/audio_hw_generic( 1310): Hardware backing HAL too slow, could only write 0 of 661 frames
12-09 08:26:12.031 W/audio_hw_generic( 1310): Hardware backing HAL too slow, could only write 0 of 661 frames
12-09 08:26:12.042 W/audio_hw_generic( 1310): Hardware backing HAL too slow, could only write 0 of 661 frames
12-09 08:26:12.057 W/audio_hw_generic( 1310): Hardware backing HAL too slow, could only write 0 of 661 frames
12-09 08:26:12.072 W/audio_hw_generic( 1310): Hardware backing HAL too slow, could only write 0 of 661 frames
12-09 08:26:12.089 D/        (17802): HostConnection::get() New Host Connection established 0x7f950f0d2480, tid 17802
12-09 08:26:12.108 W/audio_hw_generic( 1310): Hardware backing HAL too slow, could only write 0 of 661 frames
12-09 08:26:12.116 W/audio_hw_generic( 1310): Hardware backing HAL too slow, could only write 0 of 661 frames
12-09 08:26:12.133 W/audio_hw_generic( 1310): Hardware backing HAL too slow, could only write 0 of 661 frames
12-09 08:26:12.134 E/EGL_emulation( 1223): tid 1223: eglCreateSyncKHR(1881): error 0x3004 (EGL_BAD_ATTRIBUTE)
12-09 08:26:12.151 W/art     ( 1595): Long monitor contention event with owner method=void com.android.server.wm.WindowAnimator$1.doFrame(long) from WindowAnimator.java:121 waiters=0 for 230ms
12-09 08:26:12.300 W/audio_hw_generic( 1310): Not supplying enough data to HAL, expected position 35481343 , only wrote 35481158
12-09 08:26:12.461 W/audio_hw_generic( 1310): Not supplying enough data to HAL, expected position 35488253 , only wrote 35487768
12-09 08:26:12.461 W/audio_hw_generic( 1310): Not supplying enough data to HAL, expected position 35487774 , only wrote 35487768
12-09 08:26:12.484 W/audio_hw_generic( 1310): Not supplying enough data to HAL, expected position 35488781 , only wrote 35488429
12-09 08:26:12.705 W/art     ( 1595): Long monitor contention event with owner method=void com.android.server.wm.WindowAnimator$1.doFrame(long) from WindowAnimator.java:121 waiters=1 for 214ms
12-09 08:26:12.806 W/audio_hw_generic( 1310): Hardware backing HAL too slow, could only write 0 of 661 frames
12-09 08:26:12.839 W/audio_hw_generic( 1310): Not supplying enough data to HAL, expected position 35504114 , only wrote 35503632
12-09 08:26:12.840 W/audio_hw_generic( 1310): Hardware backing HAL too slow, could only write 0 of 661 frames
12-09 08:26:12.840 W/audio_hw_generic( 1310): Hardware backing HAL too slow, could only write 0 of 661 frames
12-09 08:26:12.862 W/art     ( 1595): Long monitor contention event with owner method=void com.android.server.wm.WindowAnimator$1.doFrame(long) from WindowAnimator.java:121 waiters=1 for 266ms
12-09 08:26:12.879 W/audio_hw_generic( 1310): Hardware backing HAL too slow, could only write 0 of 661 frames
12-09 08:26:12.890 W/audio_hw_generic( 1310): Hardware backing HAL too slow, could only write 0 of 661 frames
12-09 08:26:12.905 W/audio_hw_generic( 1310): Hardware backing HAL too slow, could only write 0 of 661 frames
12-09 08:26:12.921 W/audio_hw_generic( 1310): Hardware backing HAL too slow, could only write 0 of 661 frames
12-09 08:26:12.991 W/art     ( 1595): Long monitor contention event with owner method=void com.android.server.wm.WindowAnimator$1.doFrame(long) from WindowAnimator.java:121 waiters=1 for 286ms
12-09 08:26:13.566 W/art     ( 1595): Long monitor contention event with owner method=void com.android.server.wm.WindowAnimator$1.doFrame(long) from WindowAnimator.java:121 waiters=1 for 183ms
12-09 08:26:13.639 D/AndroidRuntime(17805): >>>>>> START com.android.internal.os.RuntimeInit uid 0 <<<<<<
12-09 08:26:13.644 D/AndroidRuntime(17805): CheckJNI is ON
12-09 08:26:13.662 W/art     ( 1595): Long monitor contention event with owner method=void com.android.server.wm.WindowAnimator$1.doFrame(long) from WindowAnimator.java:121 waiters=1 for 182ms
12-09 08:26:13.682 D/ICU     (17805): No timezone override file found: /data/misc/zoneinfo/current/icu/icu_tzdata.dat
12-09 08:26:13.776 E/memtrack(17805): Couldn't load memtrack module (No such file or directory)
12-09 08:26:13.776 E/android.os.Debug(17805): failed to load memtrack module: -2
12-09 08:26:13.777 I/Radio-JNI(17805): register_android_hardware_Radio DONE
12-09 08:26:13.820 D/AndroidRuntime(17805): Calling main entry com.android.commands.input.Input
12-09 08:26:13.840 I/Input   (17805): injectKeyEvent: KeyEvent { action=ACTION_DOWN, keyCode=KEYCODE_BACK, scanCode=0, metaState=0, flags=0x0, repeatCount=0, eventTime=4918135, downTime=4918135, deviceId=-1, source=0x101 }
12-09 08:26:14.027 W/audio_hw_generic( 1310): Not supplying enough data to HAL, expected position 35555984 , only wrote 35555851
12-09 08:26:14.027 W/audio_hw_generic( 1310): Not supplying enough data to HAL, expected position 35555857 , only wrote 35555851
12-09 08:26:14.027 W/audio_hw_generic( 1310): Hardware backing HAL too slow, could only write 0 of 661 frames
12-09 08:26:14.041 W/audio_hw_generic( 1310): Hardware backing HAL too slow, could only write 0 of 661 frames
12-09 08:26:14.041 W/audio_hw_generic( 1310): Hardware backing HAL too slow, could only write 0 of 661 frames
12-09 08:26:14.042 W/art     ( 1595): Long monitor contention event with owner method=void com.android.server.wm.WindowAnimator$1.doFrame(long) from WindowAnimator.java:121 waiters=1 for 138ms
12-09 08:26:14.042 W/art     ( 1595): Long monitor contention event with owner method=java.util.List com.android.server.am.ActivityManagerService.getAllStackInfos() from ActivityManagerService.java:8937 waiters=0 for 1.839s
12-09 08:26:14.075 W/audio_hw_generic( 1310): Hardware backing HAL too slow, could only write 0 of 661 frames
12-09 08:26:14.091 W/audio_hw_generic( 1310): Hardware backing HAL too slow, could only write 0 of 661 frames
12-09 08:26:14.268 W/audio_hw_generic( 1310): Not supplying enough data to HAL, expected position 35566485 , only wrote 35566427
12-09 08:26:14.268 W/audio_hw_generic( 1310): Not supplying enough data to HAL, expected position 35566433 , only wrote 35566427
12-09 08:26:14.330 W/ViewRootImpl(17695): Dropping event due to no window focus: KeyEvent { action=ACTION_DOWN, keyCode=KEYCODE_BACK, scanCode=0, metaState=0, flags=0x0, repeatCount=0, eventTime=4918135, downTime=4918135, deviceId=-1, source=0x101 }
12-09 08:26:14.331 I/Input   (17805): injectKeyEvent: KeyEvent { action=ACTION_UP, keyCode=KEYCODE_BACK, scanCode=0, metaState=0, flags=0x0, repeatCount=0, eventTime=4918135, downTime=4918135, deviceId=-1, source=0x101 }
12-09 08:26:14.332 W/ViewRootImpl(17695): Cancelling event due to no window focus: KeyEvent { action=ACTION_UP, keyCode=KEYCODE_BACK, scanCode=0, metaState=0, flags=0x20, repeatCount=0, eventTime=4918135, downTime=4918135, deviceId=-1, source=0x101 }
12-09 08:26:14.332 W/ViewRootImpl(17695): Cancelling event due to no window focus: KeyEvent { action=ACTION_UP, keyCode=KEYCODE_BACK, scanCode=0, metaState=0, flags=0x20, repeatCount=0, eventTime=4918135, downTime=4918135, deviceId=-1, source=0x101 }
12-09 08:26:14.332 W/ViewRootImpl(17695): Cancelling event due to no window focus: KeyEvent { action=ACTION_UP, keyCode=KEYCODE_BACK, scanCode=0, metaState=0, flags=0x20, repeatCount=0, eventTime=4918135, downTime=4918135, deviceId=-1, source=0x101 }
12-09 08:26:14.332 W/ViewRootImpl(17695): Cancelling event due to no window focus: KeyEvent { action=ACTION_UP, keyCode=KEYCODE_BACK, scanCode=0, metaState=0, flags=0x20, repeatCount=0, eventTime=4918135, downTime=4918135, deviceId=-1, source=0x101 }
12-09 08:26:14.332 W/ViewRootImpl(17695): Cancelling event due to no window focus: KeyEvent { action=ACTION_UP, keyCode=KEYCODE_BACK, scanCode=0, metaState=0, flags=0x20, repeatCount=0, eventTime=4918135, downTime=4918135, deviceId=-1, source=0x101 }
12-09 08:26:14.336 W/ViewRootImpl(17695): Cancelling event due to no window focus: KeyEvent { action=ACTION_UP, keyCode=KEYCODE_BACK, scanCode=0, metaState=0, flags=0x20, repeatCount=0, eventTime=4918135, downTime=4918135, deviceId=-1, source=0x101 }
12-09 08:26:14.336 W/ViewRootImpl(17695): Cancelling event due to no window focus: KeyEvent { action=ACTION_UP, keyCode=KEYCODE_BACK, scanCode=0, metaState=0, flags=0x20, repeatCount=0, eventTime=4918135, downTime=4918135, deviceId=-1, source=0x101 }
12-09 08:26:14.336 W/ViewRootImpl(17695): Cancelling event due to no window focus: KeyEvent { action=ACTION_UP, keyCode=KEYCODE_BACK, scanCode=0, metaState=0, flags=0x20, repeatCount=0, eventTime=4918135, downTime=4918135, deviceId=-1, source=0x101 }
12-09 08:26:14.336 W/ViewRootImpl(17695): Cancelling event due to no window focus: KeyEvent { action=ACTION_UP, keyCode=KEYCODE_BACK, scanCode=0, metaState=0, flags=0x20, repeatCount=0, eventTime=4918135, downTime=4918135, deviceId=-1, source=0x101 }
12-09 08:26:14.346 D/AndroidRuntime(17805): Shutting down VM
12-09 08:26:14.364 W/art     (17695): Suspending all threads took: 14.106ms
12-09 08:26:14.393 I/art     (17695): Background sticky concurrent mark sweep GC freed 33816(1646KB) AllocSpace objects, 1(20KB) LOS objects, 37% free, 2MB/4MB, paused 15.696ms total 58.723ms
12-09 08:26:14.472 W/art     ( 1595): Long monitor contention event with owner method=void com.android.server.wm.WindowAnimator$1.doFrame(long) from WindowAnimator.java:121 waiters=0 for 135ms
12-09 08:26:14.475 W/audio_hw_generic( 1310): Not supplying enough data to HAL, expected position 35581394 , only wrote 35573037
12-09 08:26:14.478 D/gralloc_ranchu( 1223): gralloc_alloc: Creating ashmem region of size 3686400
12-09 08:26:14.591 I/ActivityManager( 1595): Displayed com.evancharlton.mileage/.FillupInfoActivity: +3s403ms
12-09 08:26:14.625 I/System.out(17695): URI: //gesture
12-09 08:26:14.625 I/System.out(17695): params: {json={"query_timeout":5.0,"gestures":[{"query_string":"android.widget.TabWidget descendant TextView index:2","touches":[{"x":50,"y":50,"offset_x":0,"offset_y":0,"wait":0.0,"time":0.2,"release":true,"query_string":null}]}]}
12-09 08:26:14.625 I/System.out(17695): }
12-09 08:26:19.712 W/System.err(17695): java.lang.RuntimeException: Could not find views '[android.widget.TabWidget descendant TextView index:2]'
12-09 08:26:19.712 W/System.err(17695): 	at sh.calaba.instrumentationbackend.actions.MultiTouchGesture.evaluateQueries(MultiTouchGesture.java:225)
12-09 08:26:19.712 W/System.err(17695): 	at sh.calaba.instrumentationbackend.actions.MultiTouchGesture.parseGesture(MultiTouchGesture.java:68)
12-09 08:26:19.712 W/System.err(17695): 	at sh.calaba.instrumentationbackend.actions.MultiTouchGesture.perform(MultiTouchGesture.java:144)
12-09 08:26:19.712 W/System.err(17695): 	at sh.calaba.instrumentationbackend.actions.HttpServer.serve(HttpServer.java:540)
12-09 08:26:19.712 W/System.err(17695): 	at sh.calaba.instrumentationbackend.actions.NanoHTTPD$HTTPSession.run(NanoHTTPD.java:487)
12-09 08:26:19.712 W/System.err(17695): 	at java.lang.Thread.run(Thread.java:818)
