--------- beginning of main
12-09 08:21:33.108 W/audio_hw_generic( 1308): Hardware backing HAL too slow, could only write 0 of 661 frames
12-09 08:21:33.115 D/gralloc_ranchu( 1218): gralloc_alloc: Creating ashmem region of size 708608
12-09 08:21:33.180 W/audio_hw_generic( 1308): Not supplying enough data to HAL, expected position 31330354 , only wrote 31329417
12-09 08:21:33.180 W/audio_hw_generic( 1308): Not supplying enough data to HAL, expected position 31329423 , only wrote 31329417
12-09 08:21:33.196 W/audio_hw_generic( 1308): Not supplying enough data to HAL, expected position 31330115 , only wrote 31330078
12-09 08:21:33.223 E/EGL_emulation( 1218): tid 1218: eglCreateSyncKHR(1881): error 0x3004 (EGL_BAD_ATTRIBUTE)
12-09 08:21:33.240 W/audio_hw_generic( 1308): Hardware backing HAL too slow, could only write 0 of 661 frames
12-09 08:21:33.258 W/art     ( 1591): Long monitor contention event with owner method=android.graphics.Bitmap com.android.server.wm.WindowManagerService.screenshotApplicationsInner(android.os.IBinder, int, int, int, boolean) from WindowManagerService.java:6223 waiters=0 for 101ms
12-09 08:21:33.260 W/audio_hw_generic( 1308): Hardware backing HAL too slow, could only write 0 of 661 frames
12-09 08:21:33.287 W/audio_hw_generic( 1308): Hardware backing HAL too slow, could only write 0 of 661 frames
12-09 08:21:33.366 I/art     ( 1591): Background partial concurrent mark sweep GC freed 10803(745KB) AllocSpace objects, 5(100KB) LOS objects, 29% free, 9MB/13MB, paused 26.757ms total 107.193ms
12-09 08:21:33.368 W/audio_hw_generic( 1308): Not supplying enough data to HAL, expected position 31337663 , only wrote 31336688
12-09 08:21:33.368 W/audio_hw_generic( 1308): Not supplying enough data to HAL, expected position 31336694 , only wrote 31336688
12-09 08:21:33.384 W/audio_hw_generic( 1308): Not supplying enough data to HAL, expected position 31337368 , only wrote 31337349
--------- beginning of system
12-09 08:21:33.398 W/ActivityManager( 1591): Finishing task with all activities already finished
12-09 08:21:33.398 W/ActivityManager( 1591): Duplicate finish request for ActivityRecord{fafa2 u0 com.evancharlton.mileage/.Mileage t471 f}
12-09 08:21:33.413 W/ActivityManager( 1591): Finishing task with all activities already finished
12-09 08:21:33.414 W/ActivityManager( 1591): Duplicate finish request for ActivityRecord{fafa2 u0 com.evancharlton.mileage/.Mileage t471 f}
12-09 08:21:33.415 W/ActivityManager( 1591): Finishing task with all activities already finished
12-09 08:21:33.415 W/ActivityManager( 1591): Duplicate finish request for ActivityRecord{fafa2 u0 com.evancharlton.mileage/.Mileage t471 f}
12-09 08:21:33.760 W/audio_hw_generic( 1308): Not supplying enough data to HAL, expected position 31370040 , only wrote 31353874
12-09 08:21:33.765 D/EGL_emulation( 1926): eglMakeCurrent: 0x7f4632e34b40: ver 2 0 (tinfo 0x7f4632e02d00)
12-09 08:21:34.013 D/AndroidRuntime(17390): >>>>>> START com.android.internal.os.RuntimeInit uid 0 <<<<<<
12-09 08:21:34.014 D/AndroidRuntime(17390): CheckJNI is ON
12-09 08:21:34.052 D/ICU     (17390): No timezone override file found: /data/misc/zoneinfo/current/icu/icu_tzdata.dat
12-09 08:21:34.127 W/art     ( 1591): Long monitor contention event with owner method=void com.android.server.wm.WindowAnimator$1.doFrame(long) from WindowAnimator.java:121 waiters=1 for 298ms
12-09 08:21:34.261 E/memtrack(17390): Couldn't load memtrack module (No such file or directory)
12-09 08:21:34.280 E/android.os.Debug(17390): failed to load memtrack module: -2
12-09 08:21:34.282 I/Radio-JNI(17390): register_android_hardware_Radio DONE
12-09 08:21:34.314 D/AndroidRuntime(17390): Calling main entry com.android.commands.am.Am
12-09 08:21:34.397 W/art     ( 1591): Long monitor contention event with owner method=void com.android.server.wm.WindowAnimator$1.doFrame(long) from WindowAnimator.java:121 waiters=1 for 270ms
12-09 08:21:34.452 W/art     ( 1591): Long monitor contention event with owner method=void com.android.server.wm.WindowAnimator$1.doFrame(long) from WindowAnimator.java:121 waiters=2 for 322ms
12-09 08:21:34.672 W/art     ( 1591): Long monitor contention event with owner method=void com.android.server.wm.WindowAnimator$1.doFrame(long) from WindowAnimator.java:121 waiters=2 for 275ms
12-09 08:21:34.915 W/art     ( 1591): Long monitor contention event with owner method=void com.android.server.wm.WindowAnimator$1.doFrame(long) from WindowAnimator.java:121 waiters=2 for 391ms
12-09 08:21:35.270 W/art     ( 1591): Long monitor contention event with owner method=void com.android.server.wm.WindowAnimator$1.doFrame(long) from WindowAnimator.java:121 waiters=2 for 530ms
12-09 08:21:35.346 W/art     ( 1591): Long monitor contention event with owner method=void com.android.server.wm.WindowAnimator$1.doFrame(long) from WindowAnimator.java:121 waiters=2 for 431ms
12-09 08:21:35.537 W/art     ( 1591): Long monitor contention event with owner method=void com.android.server.wm.WindowAnimator$1.doFrame(long) from WindowAnimator.java:121 waiters=2 for 535ms
12-09 08:21:35.740 W/art     ( 1591): Long monitor contention event with owner method=void com.android.server.am.ActivityManagerService.activityDestroyed(android.os.IBinder) from ActivityManagerService.java:6475 waiters=0 for 1.864s
12-09 08:21:35.741 W/art     ( 1591): Long monitor contention event with owner method=void com.android.server.am.ActivityManagerService.activityDestroyed(android.os.IBinder) from ActivityManagerService.java:6475 waiters=1 for 1.611s
12-09 08:21:35.741 W/art     ( 1591): Long monitor contention event with owner method=void com.android.server.am.ActivityManagerService.activityDestroyed(android.os.IBinder) from ActivityManagerService.java:6475 waiters=2 for 1.419s
12-09 08:21:35.741 I/ActivityManager( 1591): Force stopping com.evancharlton.mileage appid=10139 user=0: start instr
12-09 08:21:35.742 I/ActivityManager( 1591): Killing 17321:com.evancharlton.mileage/u0a139 (adj 0): stop com.evancharlton.mileage
12-09 08:21:35.804 W/InputDispatcher( 1591): channel 'a9aca50 Toast (server)' ~ Consumer closed input channel or an error occurred.  events=0x9
12-09 08:21:35.804 E/InputDispatcher( 1591): channel 'a9aca50 Toast (server)' ~ Channel is unrecoverably broken and will be disposed!
12-09 08:21:36.335 W/art     ( 1591): Long monitor contention event with owner method=void com.android.server.wm.WindowAnimator$1.doFrame(long) from WindowAnimator.java:121 waiters=1 for 476ms
12-09 08:21:36.350 W/ActivityManager( 1591): Crash of app com.evancharlton.mileage running instrumentation ComponentInfo{com.evancharlton.mileage.test/sh.calaba.instrumentationbackend.CalabashInstrumentationTestRunner}
12-09 08:21:36.350 I/ActivityManager( 1591): Force stopping com.evancharlton.mileage appid=10139 user=0: finished inst
12-09 08:21:36.464 W/art     ( 1591): Long monitor contention event with owner method=void com.android.server.wm.WindowAnimator$1.doFrame(long) from WindowAnimator.java:121 waiters=2 for 604ms
12-09 08:21:36.535 W/art     ( 1591): Long monitor contention event with owner method=void com.android.server.wm.WindowAnimator$1.doFrame(long) from WindowAnimator.java:121 waiters=2 for 602ms
12-09 08:21:36.601 W/art     ( 1591): Long monitor contention event with owner method=void com.android.server.wm.WindowAnimator$1.doFrame(long) from WindowAnimator.java:121 waiters=2 for 266ms
12-09 08:21:36.601 W/InputDispatcher( 1591): Attempted to unregister already unregistered input channel 'a9aca50 Toast (server)'
12-09 08:21:36.701 W/art     ( 1591): Long monitor contention event with owner method=void com.android.server.wm.WindowAnimator$1.doFrame(long) from WindowAnimator.java:121 waiters=3 for 237ms
12-09 08:21:36.701 I/WindowState( 1591): WIN DEATH: Window{6ec15b4 u0 com.evancharlton.mileage/com.evancharlton.mileage.Mileage EXITING}
12-09 08:21:36.702 I/WindowState( 1591): WIN DEATH: Window{a9aca50 u0 Toast EXITING}
12-09 08:21:36.703 W/WindowAnimator( 1591): Failed to dispatch window animation state change.
12-09 08:21:36.703 W/WindowAnimator( 1591): android.os.DeadObjectException
12-09 08:21:36.703 W/WindowAnimator( 1591): 	at android.os.BinderProxy.transactNative(Native Method)
12-09 08:21:36.703 W/WindowAnimator( 1591): 	at android.os.BinderProxy.transact(Binder.java:503)
12-09 08:21:36.703 W/WindowAnimator( 1591): 	at android.view.IWindow$Stub$Proxy.onAnimationStarted(IWindow.java:520)
12-09 08:21:36.703 W/WindowAnimator( 1591): 	at com.android.server.wm.WindowAnimator.updateWindowsLocked(WindowAnimator.java:282)
12-09 08:21:36.703 W/WindowAnimator( 1591): 	at com.android.server.wm.WindowAnimator.animateLocked(WindowAnimator.java:678)
12-09 08:21:36.703 W/WindowAnimator( 1591): 	at com.android.server.wm.WindowAnimator.-wrap0(WindowAnimator.java)
12-09 08:21:36.703 W/WindowAnimator( 1591): 	at com.android.server.wm.WindowAnimator$1.doFrame(WindowAnimator.java:123)
12-09 08:21:36.703 W/WindowAnimator( 1591): 	at android.view.Choreographer$CallbackRecord.run(Choreographer.java:856)
12-09 08:21:36.703 W/WindowAnimator( 1591): 	at android.view.Choreographer.doCallbacks(Choreographer.java:670)
12-09 08:21:36.703 W/WindowAnimator( 1591): 	at android.view.Choreographer.doFrame(Choreographer.java:603)
12-09 08:21:36.703 W/WindowAnimator( 1591): 	at android.view.Choreographer$FrameDisplayEventReceiver.run(Choreographer.java:844)
12-09 08:21:36.703 W/WindowAnimator( 1591): 	at android.os.Handler.handleCallback(Handler.java:739)
12-09 08:21:36.703 W/WindowAnimator( 1591): 	at android.os.Handler.dispatchMessage(Handler.java:95)
12-09 08:21:36.703 W/WindowAnimator( 1591): 	at android.os.Looper.loop(Looper.java:148)
12-09 08:21:36.703 W/WindowAnimator( 1591): 	at android.os.HandlerThread.run(HandlerThread.java:61)
12-09 08:21:36.703 W/WindowAnimator( 1591): 	at com.android.server.ServiceThread.run(ServiceThread.java:46)
12-09 08:21:36.796 I/ActivityManager( 1591): Start proc 17399:com.evancharlton.mileage/u0a139 for added application com.evancharlton.mileage
12-09 08:21:36.797 W/art     ( 1591): Long monitor contention event with owner method=boolean com.android.server.am.ActivityManagerService.startInstrumentation(android.content.ComponentName, java.lang.String, int, android.os.Bundle, android.app.IInstrumentationWatcher, android.app.IUiAutomationConnection, int, java.lang.String) from ActivityManagerService.java:17066 waiters=0 for 1.044s
12-09 08:21:36.797 W/InputMethodManagerService( 1591): Got RemoteException sending setActive(false) notification to pid 17321 uid 10139
12-09 08:21:36.798 W/art     ( 1591): Long monitor contention event with owner method=boolean com.android.server.am.ActivityManagerService.startInstrumentation(android.content.ComponentName, java.lang.String, int, android.os.Bundle, android.app.IInstrumentationWatcher, android.app.IUiAutomationConnection, int, java.lang.String) from ActivityManagerService.java:17066 waiters=1 for 1.045s
12-09 08:21:36.798 W/art     ( 1591): Long monitor contention event with owner method=boolean com.android.server.am.ActivityManagerService.startInstrumentation(android.content.ComponentName, java.lang.String, int, android.os.Bundle, android.app.IInstrumentationWatcher, android.app.IUiAutomationConnection, int, java.lang.String) from ActivityManagerService.java:17066 waiters=2 for 1.046s
12-09 08:21:36.799 W/art     ( 1591): Long monitor contention event with owner method=boolean com.android.server.am.ActivityManagerService.startInstrumentation(android.content.ComponentName, java.lang.String, int, android.os.Bundle, android.app.IInstrumentationWatcher, android.app.IUiAutomationConnection, int, java.lang.String) from ActivityManagerService.java:17066 waiters=3 for 939ms
12-09 08:21:36.799 W/ActivityManager( 1591): Spurious death for ProcessRecord{5db468b 0:com.evancharlton.mileage/u0a139}, curProc for 17321: null
12-09 08:21:36.799 W/art     ( 1591): Long monitor contention event with owner method=boolean com.android.server.am.ActivityManagerService.startInstrumentation(android.content.ComponentName, java.lang.String, int, android.os.Bundle, android.app.IInstrumentationWatcher, android.app.IUiAutomationConnection, int, java.lang.String) from ActivityManagerService.java:17066 waiters=4 for 502ms
12-09 08:21:36.806 D/AndroidRuntime(17390): Shutting down VM
12-09 08:21:36.945 W/art     ( 1591): Long monitor contention event with owner method=void com.android.server.wm.WindowAnimator$1.doFrame(long) from WindowAnimator.java:121 waiters=0 for 148ms
12-09 08:21:37.267 W/WindowAnimator( 1591): Failed to dispatch window animation state change.
12-09 08:21:37.267 W/WindowAnimator( 1591): android.os.DeadObjectException
12-09 08:21:37.267 W/WindowAnimator( 1591): 	at android.os.BinderProxy.transactNative(Native Method)
12-09 08:21:37.267 W/WindowAnimator( 1591): 	at android.os.BinderProxy.transact(Binder.java:503)
12-09 08:21:37.267 W/WindowAnimator( 1591): 	at android.view.IWindow$Stub$Proxy.onAnimationStopped(IWindow.java:534)
12-09 08:21:37.267 W/WindowAnimator( 1591): 	at com.android.server.wm.WindowAnimator.updateWindowsLocked(WindowAnimator.java:286)
12-09 08:21:37.267 W/WindowAnimator( 1591): 	at com.android.server.wm.WindowAnimator.animateLocked(WindowAnimator.java:678)
12-09 08:21:37.267 W/WindowAnimator( 1591): 	at com.android.server.wm.WindowAnimator.-wrap0(WindowAnimator.java)
12-09 08:21:37.267 W/WindowAnimator( 1591): 	at com.android.server.wm.WindowAnimator$1.doFrame(WindowAnimator.java:123)
12-09 08:21:37.267 W/WindowAnimator( 1591): 	at android.view.Choreographer$CallbackRecord.run(Choreographer.java:856)
12-09 08:21:37.267 W/WindowAnimator( 1591): 	at android.view.Choreographer.doCallbacks(Choreographer.java:670)
12-09 08:21:37.267 W/WindowAnimator( 1591): 	at android.view.Choreographer.doFrame(Choreographer.java:603)
12-09 08:21:37.267 W/WindowAnimator( 1591): 	at android.view.Choreographer$FrameDisplayEventReceiver.run(Choreographer.java:844)
12-09 08:21:37.267 W/WindowAnimator( 1591): 	at android.os.Handler.handleCallback(Handler.java:739)
12-09 08:21:37.267 W/WindowAnimator( 1591): 	at android.os.Handler.dispatchMessage(Handler.java:95)
12-09 08:21:37.267 W/WindowAnimator( 1591): 	at android.os.Looper.loop(Looper.java:148)
12-09 08:21:37.267 W/WindowAnimator( 1591): 	at android.os.HandlerThread.run(HandlerThread.java:61)
12-09 08:21:37.267 W/WindowAnimator( 1591): 	at com.android.server.ServiceThread.run(ServiceThread.java:46)
12-09 08:21:37.322 W/art     ( 1591): Long monitor contention event with owner method=void com.android.server.wm.WindowAnimator$1.doFrame(long) from WindowAnimator.java:121 waiters=1 for 184ms
12-09 08:21:37.324 W/art     ( 1591): Long monitor contention event with owner method=com.android.internal.view.InputBindResult com.android.server.InputMethodManagerService.windowGainedFocus(com.android.internal.view.IInputMethodClient, android.os.IBinder, int, int, int, android.view.inputmethod.EditorInfo, com.android.internal.view.IInputContext) from InputMethodManagerService.java:2177 waiters=0 for 1.595s
12-09 08:21:37.324 W/art     ( 1591): Long monitor contention event with owner method=java.util.List com.android.server.am.ActivityManagerService.getAllStackInfos() from ActivityManagerService.java:8937 waiters=0 for 510ms
12-09 08:21:37.325 I/Choreographer( 1926): Skipped 211 frames!  The application may be doing too much work on its main thread.
12-09 08:21:37.349 W/art     ( 1591): Long monitor contention event with owner method=java.util.List com.android.server.am.ActivityManagerService.getAllStackInfos() from ActivityManagerService.java:8937 waiters=1 for 405ms
12-09 08:21:37.363 W/art     ( 1591): Long monitor contention event with owner method=com.android.internal.view.InputBindResult com.android.server.InputMethodManagerService.windowGainedFocus(com.android.internal.view.IInputMethodClient, android.os.IBinder, int, int, int, android.view.inputmethod.EditorInfo, com.android.internal.view.IInputContext) from InputMethodManagerService.java:2177 waiters=1 for 1.503s
12-09 08:21:37.504 W/System  (17399): ClassLoader referenced unknown path: /data/app/com.evancharlton.mileage.test-1/lib/x86_64
12-09 08:21:37.529 W/System  (17399): ClassLoader referenced unknown path: /data/app/com.evancharlton.mileage-1/lib/x86_64
12-09 08:21:37.637 D/EGL_emulation( 1873): eglMakeCurrent: 0x7f4632e34780: ver 2 0 (tinfo 0x7f462ed2e2c0)
12-09 08:21:37.641 E/Surface ( 1873): getSlotFromBufferLocked: unknown buffer: 0x7f462f3d34a0
12-09 08:21:37.676 I/System.out(17399): Main activity name automatically set to: com.evancharlton.mileage.Mileage
12-09 08:21:37.677 I/System.out(17399): Calabash did not load Mono. This is only a problem if you are trying to test a Mono application
12-09 08:21:37.677 I/calabash(17399): Test server port: 7102
12-09 08:21:37.678 I/InstrumentationBackend(17399): Added:'GetPreferences', with key:'get_preferences'
12-09 08:21:37.757 I/art     (17399): Background sticky concurrent mark sweep GC freed 11998(434KB) AllocSpace objects, 0(0B) LOS objects, 10% free, 1158KB/1288KB, paused 4.705ms total 156.129ms
12-09 08:21:37.774 I/InstrumentationBackend(17399): Added:'SetPreferences', with key:'set_preferences'
12-09 08:21:37.774 I/InstrumentationBackend(17399): Added:'ClearPreferences', with key:'clear_preferences'
12-09 08:21:37.774 I/InstrumentationBackend(17399): Added:'PressElement', with key:'press_l10n_element'
12-09 08:21:37.774 I/InstrumentationBackend(17399): Added:'WaitForElement', with key:'wait_for_l10n_element'
12-09 08:21:37.774 I/InstrumentationBackend(17399): Added:'NullAction', with key:'nullAction'
12-09 08:21:37.775 I/InstrumentationBackend(17399): Added:'PressKey', with key:'press_key'
12-09 08:21:37.775 I/InstrumentationBackend(17399): Added:'SetActivityOrientation', with key:'set_activity_orientation'
12-09 08:21:37.775 I/InstrumentationBackend(17399): Added:'GetActivityOrientation', with key:'get_activity_orientation'
12-09 08:21:37.775 I/InstrumentationBackend(17399): Added:'FakeGPSLocation', with key:'set_gps_coordinates'
12-09 08:21:37.775 I/InstrumentationBackend(17399): Added:'SetPropertyByCssSelector', with key:'set_property_by_css_selector'
12-09 08:21:37.776 I/InstrumentationBackend(17399): Added:'GetUrl', with key:'get_url'
12-09 08:21:37.844 I/InstrumentationBackend(17399): Added:'ScrollTo', with key:'scroll_to'
12-09 08:21:37.845 I/InstrumentationBackend(17399): Added:'GetLoadProgress', with key:'get_load_progress'
12-09 08:21:37.857 I/InstrumentationBackend(17399): Added:'DumpHtml', with key:'dump_html'
12-09 08:21:37.865 I/InstrumentationBackend(17399): Added:'DumpBodyHtml', with key:'dump_body_html'
12-09 08:21:37.866 I/InstrumentationBackend(17399): Added:'EnterTextByCssSelector', with key:'enter_text_by_selector'
12-09 08:21:37.872 I/InstrumentationBackend(17399): Added:'AndroidSDKVersion', with key:'android_sdk_version'
12-09 08:21:37.873 I/InstrumentationBackend(17399): Added:'Version', with key:'version'
12-09 08:21:37.873 I/InstrumentationBackend(17399): Added:'Drag', with key:'drag'
12-09 08:21:37.873 I/InstrumentationBackend(17399): Added:'TouchCoordinates', with key:'touch_coordinate'
12-09 08:21:37.873 I/InstrumentationBackend(17399): Added:'LongPressCoordinate', with key:'long_press_coordinate'
12-09 08:21:37.873 I/InstrumentationBackend(17399): Added:'DragCoordinates', with key:'drag_coordinates'
12-09 08:21:37.873 I/InstrumentationBackend(17399): Added:'ResumeApplication', with key:'resume_application'
12-09 08:21:37.873 I/InstrumentationBackend(17399): Added:'Swipe', with key:'swipe'
12-09 08:21:37.874 I/InstrumentationBackend(17399): Added:'DoubleTapCoordinate', with key:'double_tap_coordinate'
12-09 08:21:37.874 I/InstrumentationBackend(17399): Added:'ClickOnScreen', with key:'click_on_screen'
12-09 08:21:37.874 I/InstrumentationBackend(17399): Added:'GetActivityName', with key:'get_activity_name'
12-09 08:21:37.874 I/InstrumentationBackend(17399): Added:'ScrollToView', with key:'scroll_to_view'
12-09 08:21:37.874 I/InstrumentationBackend(17399): Added:'ViewConfiguration', with key:'view_configuration'
12-09 08:21:37.875 I/InstrumentationBackend(17399): Added:'IsCurrentActivityFocused', with key:'is_current_activity_focused'
12-09 08:21:37.875 I/InstrumentationBackend(17399): Added:'SendTcp', with key:'send_tcp'
12-09 08:21:37.877 I/InstrumentationBackend(17399): Added:'DpToDevicePixel', with key:'dp_to_device_pixel'
12-09 08:21:37.881 I/art     (17399): Background partial concurrent mark sweep GC freed 2572(285KB) AllocSpace objects, 0(0B) LOS objects, 50% free, 1020KB/2044KB, paused 2.184ms total 120.125ms
12-09 08:21:37.882 I/InstrumentationBackend(17399): Added:'KeyboardEnterText', with key:'keyboard_enter_text'
12-09 08:21:37.882 I/InstrumentationBackend(17399): Added:'DeleteSurroundingText', with key:'delete_surrounding_text'
12-09 08:21:37.882 I/InstrumentationBackend(17399): Added:'SetComposingRegion', with key:'set_composing_region'
12-09 08:21:37.883 I/InstrumentationBackend(17399): Added:'SetSelection', with key:'set_selection'
12-09 08:21:37.883 I/InstrumentationBackend(17399): Added:'KeyboardKeyEvent', with key:'keyboard_key_event'
12-09 08:21:37.883 I/InstrumentationBackend(17399): Added:'PressUserActionButton', with key:'press_user_action_button'
12-09 08:21:37.883 I/InstrumentationBackend(17399): Added:'HideSoftKeyboard', with key:'hide_soft_keyboard'
12-09 08:21:37.884 I/InstrumentationBackend(17399): Added:'ListActions', with key:'list_actions'
12-09 08:21:37.890 I/calabash(17399): Instantiating http server at 7102
12-09 08:21:37.891 I/System.out(17399): HTTP Daemon listening on: 7102
12-09 08:21:37.974 W/art     ( 1591): Long monitor contention event with owner method=void com.android.server.wm.WindowAnimator$1.doFrame(long) from WindowAnimator.java:121 waiters=2 for 331ms
12-09 08:21:38.004 I/System.out(17399): URI: //ping
12-09 08:21:38.005 I/System.out(17399): params: {json={}
12-09 08:21:38.005 I/System.out(17399): }
12-09 08:21:38.077 I/System.out(17399): URI: //ping
12-09 08:21:38.077 I/System.out(17399): params: {json={}
12-09 08:21:38.077 I/System.out(17399): }
12-09 08:21:38.126 W/art     ( 1591): Long monitor contention event with owner method=void com.android.server.wm.WindowAnimator$1.doFrame(long) from WindowAnimator.java:121 waiters=2 for 440ms
12-09 08:21:38.140 I/System.out(17399): URI: //ready
12-09 08:21:38.140 I/System.out(17399): params: {json={}
12-09 08:21:38.140 I/System.out(17399): }
12-09 08:21:38.192 I/System.out(17399): URI: //
12-09 08:21:38.192 I/System.out(17399): params: {json={"command":"version","arguments":[]}
12-09 08:21:38.192 I/System.out(17399): }
12-09 08:21:38.192 I/System.out(17399): header: {date=Sun, 09 Dec 2018 08:21:38 GMT, accept=*/*, content-length=36, host=127.0.0.1:34777, user-agent=HTTPClient/1.0 (2.8.3, ruby 2.3.1 (2016-04-26)), content-type=application/json;charset=utf-8}
12-09 08:21:38.192 I/System.out(17399): params: {json={"command":"version","arguments":[]}
12-09 08:21:38.193 I/System.out(17399): }
12-09 08:21:38.193 I/System.out(17399): ProP json = {"command":"version","arguments":[]}
12-09 08:21:38.193 I/System.out(17399): files: {}
12-09 08:21:38.193 I/System.out(17399): command: {"command":"version","arguments":[]}
12-09 08:21:38.222 I/InstrumentationBackend(17399): Got command:'Command:'Line:null,version', arguments:'[]'
12-09 08:21:38.312 I/System.out(17399): result:{"bonusInformation":[],"message":"0.9.8","success":true}
12-09 08:21:38.426 W/art     ( 1591): Long monitor contention event with owner method=void com.android.server.wm.WindowAnimator$1.doFrame(long) from WindowAnimator.java:121 waiters=2 for 452ms
12-09 08:21:38.432 I/art     (17399): Background sticky concurrent mark sweep GC freed 15502(898KB) AllocSpace objects, 12(240KB) LOS objects, 39% free, 1243KB/2044KB, paused 961us total 179.194ms
12-09 08:21:38.505 I/System.out(17399): URI: //start-application
12-09 08:21:38.505 I/System.out(17399): params: {json={"intent":null}
12-09 08:21:38.505 I/System.out(17399): }
12-09 08:21:38.579 W/art     ( 1591): Long monitor contention event with owner method=void com.android.server.wm.WindowAnimator$1.doFrame(long) from WindowAnimator.java:121 waiters=2 for 453ms
12-09 08:21:38.592 W/art     ( 1591): Long monitor contention event with owner method=void com.android.server.wm.WindowAnimator$1.doFrame(long) from WindowAnimator.java:121 waiters=2 for 311ms
12-09 08:21:38.639 I/art     (17399): Background sticky concurrent mark sweep GC freed 17395(836KB) AllocSpace objects, 1(20KB) LOS objects, 31% free, 1396KB/2044KB, paused 985us total 107.390ms
12-09 08:21:38.798 W/art     ( 1591): Long monitor contention event with owner method=void com.android.server.wm.WindowAnimator$1.doFrame(long) from WindowAnimator.java:121 waiters=2 for 372ms
12-09 08:21:38.799 W/art     ( 1591): Long monitor contention event with owner method=void com.android.server.wm.WindowManagerService$H.handleMessage(android.os.Message) from WindowManagerService.java:8000 waiters=3 for 220ms
12-09 08:21:38.800 W/art     ( 1591): Long monitor contention event with owner method=void com.android.server.wm.WindowAnimator$1.doFrame(long) from WindowAnimator.java:121 waiters=3 for 207ms
12-09 08:21:38.833 I/Choreographer( 1926): Skipped 88 frames!  The application may be doing too much work on its main thread.
12-09 08:21:38.847 I/ActivityManager( 1591): START u0 {act=android.intent.action.MAIN cat=[android.intent.category.LAUNCHER] flg=0x10200000 cmp=com.evancharlton.mileage/.Mileage} from uid 10139 on display 0
12-09 08:21:38.966 W/OpenGLRenderer( 1926): Incorrectly called buildLayer on View: ShortcutAndWidgetContainer, destroying layer...
12-09 08:21:39.293 W/art     ( 1591): Long monitor contention event with owner method=void com.android.server.wm.WindowAnimator$1.doFrame(long) from WindowAnimator.java:121 waiters=1 for 445ms
12-09 08:21:39.410 W/WindowState( 1591): Failed to report 'resized' to the client of Window{6ec15b4 u0 com.evancharlton.mileage/com.evancharlton.mileage.Mileage EXITING}, removing this window.
12-09 08:21:39.433 W/art     ( 1591): Long monitor contention event with owner method=void com.android.server.wm.WindowAnimator$1.doFrame(long) from WindowAnimator.java:121 waiters=1 for 475ms
12-09 08:21:39.441 E/WindowState( 1591): getStack: Window{6ec15b4 u0 com.evancharlton.mileage/com.evancharlton.mileage.Mileage EXITING} couldn't find task for AppWindowToken{95d23ee token=Token{77d5433 ActivityRecord{fafa2 u0 com.evancharlton.mileage/.Mileage t471}}} Callers=com.android.server.wm.WindowState.getDisplayContent:847 com.android.server.wm.WindowState.getWindowList:1457 com.android.server.wm.WindowManagerService.findDesiredInputMethodWindowIndexLocked:1464 com.android.server.wm.WindowManagerService.moveInputMethodWindowsIfNeededLocked:1684 
12-09 08:21:39.560 D/gralloc_ranchu( 1218): gralloc_alloc: Creating ashmem region of size 3686400
12-09 08:21:39.569 W/art     ( 1591): Long monitor contention event with owner method=int com.android.server.am.ActivityStackSupervisor.startActivityMayWait(android.app.IApplicationThread, int, java.lang.String, android.content.Intent, java.lang.String, android.service.voice.IVoiceInteractionSession, com.android.internal.app.IVoiceInteractor, android.os.IBinder, java.lang.String, int, int, android.app.ProfilerInfo, android.app.IActivityManager$WaitResult, android.content.res.Configuration, android.os.Bundle, boolean, int, android.app.IActivityContainer, com.android.server.am.TaskRecord) from ActivityStackSupervisor.java:946 waiters=0 for 589ms
12-09 08:21:39.577 I/calabash(17399): newActivity1
12-09 08:21:39.620 I/calabash(17399): newActivity1
12-09 08:21:39.622 W/ActivityManager( 1591): Bad activity token: android.os.BinderProxy@225480a
12-09 08:21:39.622 W/ActivityManager( 1591): java.lang.ClassCastException: android.os.BinderProxy cannot be cast to com.android.server.am.ActivityRecord$Token
12-09 08:21:39.622 W/ActivityManager( 1591): 	at com.android.server.am.ActivityRecord.forTokenLocked(ActivityRecord.java:424)
12-09 08:21:39.622 W/ActivityManager( 1591): 	at com.android.server.am.ActivityRecord.isInStackLocked(ActivityRecord.java:1121)
12-09 08:21:39.622 W/ActivityManager( 1591): 	at com.android.server.am.ActivityRecord.getStackLocked(ActivityRecord.java:1126)
12-09 08:21:39.622 W/ActivityManager( 1591): 	at com.android.server.am.ActivityManagerService.getActivityDisplayId(ActivityManagerService.java:8889)
12-09 08:21:39.622 W/ActivityManager( 1591): 	at android.app.ActivityManagerNative.onTransact(ActivityManagerNative.java:2338)
12-09 08:21:39.622 W/ActivityManager( 1591): 	at com.android.server.am.ActivityManagerService.onTransact(ActivityManagerService.java:2443)
12-09 08:21:39.622 W/ActivityManager( 1591): 	at android.os.Binder.execTransact(Binder.java:453)
12-09 08:21:39.623 W/ActivityManager( 1591): Bad activity token: android.os.BinderProxy@225480a
12-09 08:21:39.623 W/ActivityManager( 1591): java.lang.ClassCastException: android.os.BinderProxy cannot be cast to com.android.server.am.ActivityRecord$Token
12-09 08:21:39.623 W/ActivityManager( 1591): 	at com.android.server.am.ActivityRecord.forTokenLocked(ActivityRecord.java:424)
12-09 08:21:39.623 W/ActivityManager( 1591): 	at com.android.server.am.ActivityRecord.isInStackLocked(ActivityRecord.java:1121)
12-09 08:21:39.623 W/ActivityManager( 1591): 	at com.android.server.am.ActivityManagerService.setTaskDescription(ActivityManagerService.java:8547)
12-09 08:21:39.623 W/ActivityManager( 1591): 	at android.app.ActivityManagerNative.onTransact(ActivityManagerNative.java:2410)
12-09 08:21:39.623 W/ActivityManager( 1591): 	at com.android.server.am.ActivityManagerService.onTransact(ActivityManagerService.java:2443)
12-09 08:21:39.623 W/ActivityManager( 1591): 	at android.os.Binder.execTransact(Binder.java:453)
12-09 08:21:39.767 W/ActivityManager( 1591): Bad activity token: android.os.BinderProxy@225480a
12-09 08:21:39.767 W/ActivityManager( 1591): java.lang.ClassCastException: android.os.BinderProxy cannot be cast to com.android.server.am.ActivityRecord$Token
12-09 08:21:39.767 W/ActivityManager( 1591): 	at com.android.server.am.ActivityRecord.forTokenLocked(ActivityRecord.java:424)
12-09 08:21:39.767 W/ActivityManager( 1591): 	at com.android.server.am.ActivityRecord.isInStackLocked(ActivityRecord.java:1121)
12-09 08:21:39.767 W/ActivityManager( 1591): 	at com.android.server.am.ActivityManagerService.getActivityOptions(ActivityManagerService.java:11038)
12-09 08:21:39.767 W/ActivityManager( 1591): 	at android.app.ActivityManagerNative.onTransact(ActivityManagerNative.java:1734)
12-09 08:21:39.767 W/ActivityManager( 1591): 	at com.android.server.am.ActivityManagerService.onTransact(ActivityManagerService.java:2443)
12-09 08:21:39.767 W/ActivityManager( 1591): 	at android.os.Binder.execTransact(Binder.java:453)
12-09 08:21:39.779 W/ActivityManager( 1591): Bad activity token: android.os.BinderProxy@225480a
12-09 08:21:39.779 W/ActivityManager( 1591): java.lang.ClassCastException: android.os.BinderProxy cannot be cast to com.android.server.am.ActivityRecord$Token
12-09 08:21:39.779 W/ActivityManager( 1591): 	at com.android.server.am.ActivityRecord.forTokenLocked(ActivityRecord.java:424)
12-09 08:21:39.779 W/ActivityManager( 1591): 	at com.android.server.am.ActivityRecord.isInStackLocked(ActivityRecord.java:1121)
12-09 08:21:39.779 W/ActivityManager( 1591): 	at com.android.server.am.ActivityManagerService.getActivityOptions(ActivityManagerService.java:11038)
12-09 08:21:39.779 W/ActivityManager( 1591): 	at android.app.ActivityManagerNative.onTransact(ActivityManagerNative.java:1734)
12-09 08:21:39.779 W/ActivityManager( 1591): 	at com.android.server.am.ActivityManagerService.onTransact(ActivityManagerService.java:2443)
12-09 08:21:39.779 W/ActivityManager( 1591): 	at android.os.Binder.execTransact(Binder.java:453)
12-09 08:21:39.781 V/PhoneStatusBar( 1719): setLightsOn(true)
12-09 08:21:39.904 D/EGL_emulation( 1926): eglMakeCurrent: 0x7f4632e34b40: ver 2 0 (tinfo 0x7f4632e02d00)
12-09 08:21:39.909 E/Surface ( 1926): getSlotFromBufferLocked: unknown buffer: 0x7f462f3d6100
12-09 08:21:40.236 D/gralloc_ranchu( 1218): gralloc_alloc: Creating ashmem region of size 3686400
12-09 08:21:40.277 D/        (17399): HostConnection::get() New Host Connection established 0x7f462f43cec0, tid 17399
12-09 08:21:40.538 D/gralloc_ranchu( 1218): gralloc_alloc: Creating ashmem region of size 3686400
12-09 08:21:40.838 W/art     ( 1591): Long monitor contention event with owner method=void com.android.server.wm.WindowAnimator$1.doFrame(long) from WindowAnimator.java:121 waiters=0 for 140ms
12-09 08:21:40.885 W/art     ( 1591): Long monitor contention event with owner method=java.util.List com.android.server.am.ActivityManagerService.getAllStackInfos() from ActivityManagerService.java:8937 waiters=0 for 244ms
12-09 08:21:40.898 I/ActivityManager( 1591): Displayed com.evancharlton.mileage/.Mileage: +1s327ms
12-09 08:21:41.518 D/gralloc_ranchu( 1218): gralloc_alloc: Creating ashmem region of size 3686400
12-09 08:21:42.033 I/System.out(17399): URI: //map
12-09 08:21:42.033 I/System.out(17399): params: {json={"query":"android.widget.EditText id:'price'","operation":{"method_name":"query","arguments":[]}}
12-09 08:21:42.033 I/System.out(17399): }
12-09 08:21:42.060 W/art     (17399): Suspending all threads took: 5.108ms
12-09 08:21:42.113 I/art     (17399): Background sticky concurrent mark sweep GC freed 24969(1135KB) AllocSpace objects, 2(40KB) LOS objects, 29% free, 2MB/2MB, paused 13.857ms total 75.223ms
12-09 08:21:42.161 W/ResourceType(17399): No package identifier when getting name for resource number 0x00000001
12-09 08:21:42.272 I/art     (17399): Background sticky concurrent mark sweep GC freed 32880(1552KB) AllocSpace objects, 1(20KB) LOS objects, 26% free, 2MB/2MB, paused 17.157ms total 86.749ms
12-09 08:21:42.313 I/System.out(17399): URI: //gesture
12-09 08:21:42.313 I/System.out(17399): params: {json={"query_timeout":5.0,"gestures":[{"query_string":"android.widget.EditText id:'price'","touches":[{"x":50,"y":50,"offset_x":0,"offset_y":0,"wait":0.0,"time":0.2,"release":true,"query_string":null}]}]}
12-09 08:21:42.313 I/System.out(17399): }
12-09 08:21:42.345 W/ResourceType(17399): No package identifier when getting name for resource number 0x00000001
12-09 08:21:42.849 I/LatinIME( 1873): Starting input. Cursor position = 0,0
12-09 08:21:42.924 W/art     (17399): Suspending all threads took: 14.910ms
12-09 08:21:42.940 I/art     (17399): Background sticky concurrent mark sweep GC freed 29420(1405KB) AllocSpace objects, 0(0B) LOS objects, 20% free, 2MB/2MB, paused 20.064ms total 66.274ms
12-09 08:21:43.337 D/EGL_emulation( 1873): eglMakeCurrent: 0x7f4632e34780: ver 2 0 (tinfo 0x7f462ed2e2c0)
12-09 08:21:43.545 I/System.out(17399): URI: //
12-09 08:21:43.545 I/System.out(17399): params: {json={"command":"set_selection","arguments":[-1,-1]}
12-09 08:21:43.545 I/System.out(17399): }
12-09 08:21:43.545 I/System.out(17399): header: {date=Sun, 09 Dec 2018 08:21:43 GMT, accept=*/*, content-length=47, host=127.0.0.1:34777, user-agent=HTTPClient/1.0 (2.8.3, ruby 2.3.1 (2016-04-26)), content-type=application/json;charset=utf-8}
12-09 08:21:43.545 I/System.out(17399): params: {json={"command":"set_selection","arguments":[-1,-1]}
12-09 08:21:43.545 I/System.out(17399): }
12-09 08:21:43.545 I/System.out(17399): ProP json = {"command":"set_selection","arguments":[-1,-1]}
12-09 08:21:43.545 I/System.out(17399): files: {}
12-09 08:21:43.545 I/System.out(17399): command: {"command":"set_selection","arguments":[-1,-1]}
12-09 08:21:43.549 I/InstrumentationBackend(17399): Got command:'Command:'Line:null,set_selection', arguments:'[-1, -1]'
12-09 08:21:43.605 I/System.out(17399): result:{"bonusInformation":[],"message":"","success":true}
12-09 08:21:43.631 I/art     (17399): Background sticky concurrent mark sweep GC freed 14015(602KB) AllocSpace objects, 2(40KB) LOS objects, 18% free, 2MB/2MB, paused 12.442ms total 34.577ms
12-09 08:21:43.814 I/System.out(17399): URI: //
12-09 08:21:43.814 I/System.out(17399): params: {json={"command":"keyboard_enter_text","arguments":["23"]}
12-09 08:21:43.814 I/System.out(17399): }
12-09 08:21:43.814 I/System.out(17399): header: {date=Sun, 09 Dec 2018 08:21:43 GMT, accept=*/*, content-length=52, host=127.0.0.1:34777, user-agent=HTTPClient/1.0 (2.8.3, ruby 2.3.1 (2016-04-26)), content-type=application/json;charset=utf-8}
12-09 08:21:43.814 I/System.out(17399): params: {json={"command":"keyboard_enter_text","arguments":["23"]}
12-09 08:21:43.814 I/System.out(17399): }
12-09 08:21:43.814 I/System.out(17399): ProP json = {"command":"keyboard_enter_text","arguments":["23"]}
12-09 08:21:43.814 I/System.out(17399): files: {}
12-09 08:21:43.814 I/System.out(17399): command: {"command":"keyboard_enter_text","arguments":["23"]}
12-09 08:21:43.815 I/InstrumentationBackend(17399): Got command:'Command:'Line:null,keyboard_enter_text', arguments:'[23]'
12-09 08:21:43.816 E/SpannableStringBuilder(17399): SPAN_EXCLUSIVE_EXCLUSIVE spans cannot have a zero length
12-09 08:21:43.816 E/SpannableStringBuilder(17399): SPAN_EXCLUSIVE_EXCLUSIVE spans cannot have a zero length
12-09 08:21:44.114 E/SpannableStringBuilder(17399): SPAN_EXCLUSIVE_EXCLUSIVE spans cannot have a zero length
12-09 08:21:44.114 E/SpannableStringBuilder(17399): SPAN_EXCLUSIVE_EXCLUSIVE spans cannot have a zero length
12-09 08:21:44.134 I/System.out(17399): result:{"bonusInformation":[],"message":"","success":true}
12-09 08:21:44.185 I/art     (17399): Background sticky concurrent mark sweep GC freed 13220(587KB) AllocSpace objects, 4(80KB) LOS objects, 15% free, 2MB/2MB, paused 6.762ms total 60.638ms
12-09 08:21:44.803 E/SurfaceFlinger( 1218): ro.sf.lcd_density must be defined as a build property
12-09 08:21:44.804 D/gralloc_ranchu( 1218): gralloc_alloc: Creating ashmem region of size 3686400
12-09 08:21:44.879 D/        (17430): HostConnection::get() New Host Connection established 0x7f36f9692480, tid 17430
12-09 08:21:44.895 E/EGL_emulation( 1218): tid 1218: eglCreateSyncKHR(1881): error 0x3004 (EGL_BAD_ATTRIBUTE)
12-09 08:21:46.009 I/System.out(17399): URI: //map
12-09 08:21:46.009 I/System.out(17399): params: {json={"query":"android.widget.EditText id:'volume'","operation":{"method_name":"query","arguments":[]}}
12-09 08:21:46.009 I/System.out(17399): }
12-09 08:21:46.070 I/art     (17399): Background sticky concurrent mark sweep GC freed 12383(518KB) AllocSpace objects, 1(20KB) LOS objects, 13% free, 2MB/2MB, paused 31.098ms total 57.648ms
12-09 08:21:46.071 W/ResourceType(17399): No package identifier when getting name for resource number 0x00000001
12-09 08:21:46.213 I/System.out(17399): URI: //gesture
12-09 08:21:46.213 I/System.out(17399): params: {json={"query_timeout":5.0,"gestures":[{"query_string":"android.widget.EditText id:'volume'","touches":[{"x":50,"y":50,"offset_x":0,"offset_y":0,"wait":0.0,"time":0.2,"release":true,"query_string":null}]}]}
12-09 08:21:46.213 I/System.out(17399): }
12-09 08:21:46.310 W/ResourceType(17399): No package identifier when getting name for resource number 0x00000001
12-09 08:21:46.760 I/LatinIME( 1873): Starting input. Cursor position = 0,0
12-09 08:21:47.361 I/System.out(17399): URI: //
12-09 08:21:47.361 I/System.out(17399): params: {json={"command":"set_selection","arguments":[-1,-1]}
12-09 08:21:47.361 I/System.out(17399): }
12-09 08:21:47.361 I/System.out(17399): header: {date=Sun, 09 Dec 2018 08:21:47 GMT, accept=*/*, content-length=47, host=127.0.0.1:34777, user-agent=HTTPClient/1.0 (2.8.3, ruby 2.3.1 (2016-04-26)), content-type=application/json;charset=utf-8}
12-09 08:21:47.361 I/System.out(17399): params: {json={"command":"set_selection","arguments":[-1,-1]}
12-09 08:21:47.361 I/System.out(17399): }
12-09 08:21:47.361 I/System.out(17399): ProP json = {"command":"set_selection","arguments":[-1,-1]}
12-09 08:21:47.361 I/System.out(17399): files: {}
12-09 08:21:47.361 I/System.out(17399): command: {"command":"set_selection","arguments":[-1,-1]}
12-09 08:21:47.377 I/InstrumentationBackend(17399): Got command:'Command:'Line:null,set_selection', arguments:'[-1, -1]'
12-09 08:21:47.409 I/System.out(17399): result:{"bonusInformation":[],"message":"","success":true}
12-09 08:21:47.738 I/System.out(17399): URI: //
12-09 08:21:47.738 I/System.out(17399): params: {json={"command":"keyboard_enter_text","arguments":["49"]}
12-09 08:21:47.738 I/System.out(17399): }
12-09 08:21:47.738 I/System.out(17399): header: {date=Sun, 09 Dec 2018 08:21:47 GMT, accept=*/*, content-length=52, host=127.0.0.1:34777, user-agent=HTTPClient/1.0 (2.8.3, ruby 2.3.1 (2016-04-26)), content-type=application/json;charset=utf-8}
12-09 08:21:47.738 I/System.out(17399): params: {json={"command":"keyboard_enter_text","arguments":["49"]}
12-09 08:21:47.738 I/System.out(17399): }
12-09 08:21:47.738 I/System.out(17399): ProP json = {"command":"keyboard_enter_text","arguments":["49"]}
12-09 08:21:47.738 I/System.out(17399): files: {}
12-09 08:21:47.738 I/System.out(17399): command: {"command":"keyboard_enter_text","arguments":["49"]}
12-09 08:21:47.739 I/InstrumentationBackend(17399): Got command:'Command:'Line:null,keyboard_enter_text', arguments:'[49]'
12-09 08:21:47.772 E/SpannableStringBuilder(17399): SPAN_EXCLUSIVE_EXCLUSIVE spans cannot have a zero length
12-09 08:21:47.772 E/SpannableStringBuilder(17399): SPAN_EXCLUSIVE_EXCLUSIVE spans cannot have a zero length
12-09 08:21:47.775 E/SpannableStringBuilder(17399): SPAN_EXCLUSIVE_EXCLUSIVE spans cannot have a zero length
12-09 08:21:47.775 E/SpannableStringBuilder(17399): SPAN_EXCLUSIVE_EXCLUSIVE spans cannot have a zero length
12-09 08:21:47.782 I/System.out(17399): result:{"bonusInformation":[],"message":"","success":true}
12-09 08:21:48.460 E/SurfaceFlinger( 1218): ro.sf.lcd_density must be defined as a build property
12-09 08:21:48.563 D/gralloc_ranchu( 1218): gralloc_alloc: Creating ashmem region of size 3686400
12-09 08:21:48.684 D/        (17442): HostConnection::get() New Host Connection established 0x7f3c84212480, tid 17442
12-09 08:21:48.785 E/EGL_emulation( 1218): tid 1218: eglCreateSyncKHR(1881): error 0x3004 (EGL_BAD_ATTRIBUTE)
12-09 08:21:49.736 I/System.out(17399): URI: //map
12-09 08:21:49.737 I/System.out(17399): params: {json={"query":"android.widget.EditText id:'odometer'","operation":{"method_name":"query","arguments":[]}}
12-09 08:21:49.737 I/System.out(17399): }
12-09 08:21:49.765 W/ResourceType(17399): No package identifier when getting name for resource number 0x00000001
12-09 08:21:49.913 I/art     (17399): Background sticky concurrent mark sweep GC freed 42361(1930KB) AllocSpace objects, 1(20KB) LOS objects, 30% free, 2MB/3MB, paused 8.839ms total 120.800ms
12-09 08:21:49.915 I/System.out(17399): URI: //gesture
12-09 08:21:49.915 I/System.out(17399): params: {json={"query_timeout":5.0,"gestures":[{"query_string":"android.widget.EditText id:'odometer'","touches":[{"x":50,"y":50,"offset_x":0,"offset_y":0,"wait":0.0,"time":0.2,"release":true,"query_string":null}]}]}
12-09 08:21:49.915 I/System.out(17399): }
12-09 08:21:49.945 W/ResourceType(17399): No package identifier when getting name for resource number 0x00000001
12-09 08:21:50.282 I/LatinIME( 1873): Starting input. Cursor position = 0,0
12-09 08:21:50.416 I/art     (17399): Background sticky concurrent mark sweep GC freed 37504(1588KB) AllocSpace objects, 1(20KB) LOS objects, 14% free, 2MB/3MB, paused 37.699ms total 87.844ms
12-09 08:21:51.041 I/System.out(17399): URI: //
12-09 08:21:51.041 I/System.out(17399): params: {json={"command":"set_selection","arguments":[-1,-1]}
12-09 08:21:51.041 I/System.out(17399): }
12-09 08:21:51.041 I/System.out(17399): header: {date=Sun, 09 Dec 2018 08:21:51 GMT, accept=*/*, content-length=47, host=127.0.0.1:34777, user-agent=HTTPClient/1.0 (2.8.3, ruby 2.3.1 (2016-04-26)), content-type=application/json;charset=utf-8}
12-09 08:21:51.041 I/System.out(17399): params: {json={"command":"set_selection","arguments":[-1,-1]}
12-09 08:21:51.041 I/System.out(17399): }
12-09 08:21:51.041 I/System.out(17399): ProP json = {"command":"set_selection","arguments":[-1,-1]}
12-09 08:21:51.041 I/System.out(17399): files: {}
12-09 08:21:51.041 I/System.out(17399): command: {"command":"set_selection","arguments":[-1,-1]}
12-09 08:21:51.042 I/InstrumentationBackend(17399): Got command:'Command:'Line:null,set_selection', arguments:'[-1, -1]'
12-09 08:21:51.051 I/System.out(17399): result:{"bonusInformation":[],"message":"","success":true}
12-09 08:21:51.106 I/art     (17399): Background sticky concurrent mark sweep GC freed 20758(1075KB) AllocSpace objects, 4(80KB) LOS objects, 26% free, 2MB/3MB, paused 5.468ms total 21.436ms
12-09 08:21:51.115 I/System.out(17399): URI: //
12-09 08:21:51.115 I/System.out(17399): params: {json={"command":"keyboard_enter_text","arguments":["12"]}
12-09 08:21:51.115 I/System.out(17399): }
12-09 08:21:51.115 I/System.out(17399): header: {date=Sun, 09 Dec 2018 08:21:51 GMT, accept=*/*, content-length=52, host=127.0.0.1:34777, user-agent=HTTPClient/1.0 (2.8.3, ruby 2.3.1 (2016-04-26)), content-type=application/json;charset=utf-8}
12-09 08:21:51.115 I/System.out(17399): params: {json={"command":"keyboard_enter_text","arguments":["12"]}
12-09 08:21:51.115 I/System.out(17399): }
12-09 08:21:51.115 I/System.out(17399): ProP json = {"command":"keyboard_enter_text","arguments":["12"]}
12-09 08:21:51.115 I/System.out(17399): files: {}
12-09 08:21:51.115 I/System.out(17399): command: {"command":"keyboard_enter_text","arguments":["12"]}
12-09 08:21:51.117 I/InstrumentationBackend(17399): Got command:'Command:'Line:null,keyboard_enter_text', arguments:'[12]'
12-09 08:21:51.118 E/SpannableStringBuilder(17399): SPAN_EXCLUSIVE_EXCLUSIVE spans cannot have a zero length
12-09 08:21:51.118 E/SpannableStringBuilder(17399): SPAN_EXCLUSIVE_EXCLUSIVE spans cannot have a zero length
12-09 08:21:51.120 E/SpannableStringBuilder(17399): SPAN_EXCLUSIVE_EXCLUSIVE spans cannot have a zero length
12-09 08:21:51.124 E/SpannableStringBuilder(17399): SPAN_EXCLUSIVE_EXCLUSIVE spans cannot have a zero length
12-09 08:21:51.155 I/System.out(17399): result:{"bonusInformation":[],"message":"","success":true}
12-09 08:21:51.563 E/SurfaceFlinger( 1218): ro.sf.lcd_density must be defined as a build property
12-09 08:21:51.564 D/gralloc_ranchu( 1218): gralloc_alloc: Creating ashmem region of size 3686400
12-09 08:21:51.633 D/        (17452): HostConnection::get() New Host Connection established 0x7f252c392480, tid 17452
12-09 08:21:51.700 E/EGL_emulation( 1218): tid 1218: eglCreateSyncKHR(1881): error 0x3004 (EGL_BAD_ATTRIBUTE)
12-09 08:21:53.547 I/System.out(17399): URI: //map
12-09 08:21:53.552 I/System.out(17399): params: {json={"query":"android.widget.Button index:2","operation":{"method_name":"query","arguments":[]}}
12-09 08:21:53.552 I/System.out(17399): }
12-09 08:21:54.172 I/art     (17399): Background partial concurrent mark sweep GC freed 50710(2MB) AllocSpace objects, 6(120KB) LOS objects, 39% free, 2MB/3MB, paused 923us total 500.684ms
12-09 08:21:54.174 I/System.out(17399): URI: //gesture
12-09 08:21:54.174 I/System.out(17399): params: {json={"query_timeout":5.0,"gestures":[{"query_string":"android.widget.Button index:2","touches":[{"x":50,"y":50,"offset_x":0,"offset_y":0,"wait":0.0,"time":0.2,"release":true,"query_string":null}]}]}
12-09 08:21:54.174 I/System.out(17399): }
12-09 08:21:54.720 W/audio_hw_generic( 1308): Hardware backing HAL too slow, could only write 0 of 661 frames
12-09 08:21:54.764 I/calabash(17399): newActivity1
12-09 08:21:54.770 W/ActivityManager( 1591): Bad activity token: android.os.BinderProxy@d089674
12-09 08:21:54.770 W/ActivityManager( 1591): java.lang.ClassCastException: android.os.BinderProxy cannot be cast to com.android.server.am.ActivityRecord$Token
12-09 08:21:54.770 W/ActivityManager( 1591): 	at com.android.server.am.ActivityRecord.forTokenLocked(ActivityRecord.java:424)
12-09 08:21:54.770 W/ActivityManager( 1591): 	at com.android.server.am.ActivityRecord.isInStackLocked(ActivityRecord.java:1121)
12-09 08:21:54.770 W/ActivityManager( 1591): 	at com.android.server.am.ActivityRecord.getStackLocked(ActivityRecord.java:1126)
12-09 08:21:54.770 W/ActivityManager( 1591): 	at com.android.server.am.ActivityManagerService.getActivityDisplayId(ActivityManagerService.java:8889)
12-09 08:21:54.770 W/ActivityManager( 1591): 	at android.app.ActivityManagerNative.onTransact(ActivityManagerNative.java:2338)
12-09 08:21:54.770 W/ActivityManager( 1591): 	at com.android.server.am.ActivityManagerService.onTransact(ActivityManagerService.java:2443)
12-09 08:21:54.770 W/ActivityManager( 1591): 	at android.os.Binder.execTransact(Binder.java:453)
12-09 08:21:54.771 W/ActivityManager( 1591): Bad activity token: android.os.BinderProxy@d089674
12-09 08:21:54.771 W/ActivityManager( 1591): java.lang.ClassCastException: android.os.BinderProxy cannot be cast to com.android.server.am.ActivityRecord$Token
12-09 08:21:54.771 W/ActivityManager( 1591): 	at com.android.server.am.ActivityRecord.forTokenLocked(ActivityRecord.java:424)
12-09 08:21:54.771 W/ActivityManager( 1591): 	at com.android.server.am.ActivityRecord.isInStackLocked(ActivityRecord.java:1121)
12-09 08:21:54.771 W/ActivityManager( 1591): 	at com.android.server.am.ActivityManagerService.setTaskDescription(ActivityManagerService.java:8547)
12-09 08:21:54.771 W/ActivityManager( 1591): 	at android.app.ActivityManagerNative.onTransact(ActivityManagerNative.java:2410)
12-09 08:21:54.771 W/ActivityManager( 1591): 	at com.android.server.am.ActivityManagerService.onTransact(ActivityManagerService.java:2443)
12-09 08:21:54.771 W/ActivityManager( 1591): 	at android.os.Binder.execTransact(Binder.java:453)
12-09 08:21:54.863 W/ActivityManager( 1591): Bad activity token: android.os.BinderProxy@d089674
