12-09 07:52:22.608 D/VehicleStatisticsAdapter( 7586): Building new values ...
12-09 07:52:22.608 D/VehicleStatisticsAdapter( 7586): Writing 29 records to the database ...
12-09 07:52:22.623 D/Mileage.ABS( 7586): Not backing up; 448
12-09 07:52:22.666 D/Mileage.ABS( 7586): Not backing up; 491
12-09 07:52:22.666 D/Mileage.ABS( 7586): Not backing up; 491
12-09 07:52:22.671 D/Mileage.ABS( 7586): Not backing up; 496
12-09 07:52:22.672 D/Mileage.ABS( 7586): Not backing up; 497
12-09 07:52:22.824 D/Mileage.ABS( 7586): Not backing up; 647
12-09 07:52:22.825 D/Mileage.ABS( 7586): Not backing up; 650
12-09 07:52:22.825 D/Mileage.ABS( 7586): Not backing up; 650
12-09 07:52:22.825 D/Mileage.ABS( 7586): Not backing up; 650
12-09 07:52:22.831 W/audio_hw_generic( 1308): Hardware backing HAL too slow, could only write 0 of 661 frames
12-09 07:52:22.850 D/Mileage.ABS( 7586): Not backing up; 675
12-09 07:52:22.853 D/Mileage.ABS( 7586): Not backing up; 677
12-09 07:52:22.932 D/Mileage.ABS( 7586): Not backing up; 757
12-09 07:52:22.967 W/audio_hw_generic( 1308): Not supplying enough data to HAL, expected position 13249143 , only wrote 13249084
12-09 07:52:22.968 W/audio_hw_generic( 1308): Not supplying enough data to HAL, expected position 13249091 , only wrote 13249084
12-09 07:52:22.978 D/Mileage.ABS( 7586): Not backing up; 803
12-09 07:52:22.984 W/audio_hw_generic( 1308): Not supplying enough data to HAL, expected position 13249821 , only wrote 13249745
12-09 07:52:22.996 D/Mileage.ABS( 7586): Not backing up; 820
12-09 07:52:22.997 D/Mileage.ABS( 7586): Not backing up; 822
12-09 07:52:23.092 W/audio_hw_generic( 1308): Not supplying enough data to HAL, expected position 13254483 , only wrote 13254372
12-09 07:52:23.094 D/Mileage.ABS( 7586): Not backing up; 919
12-09 07:52:23.170 W/audio_hw_generic( 1308): Not supplying enough data to HAL, expected position 13257837 , only wrote 13257016
12-09 07:52:23.171 W/audio_hw_generic( 1308): Not supplying enough data to HAL, expected position 13257023 , only wrote 13257016
12-09 07:52:23.211 W/audio_hw_generic( 1308): Not supplying enough data to HAL, expected position 13258779 , only wrote 13257677
12-09 07:52:23.244 W/audio_hw_generic( 1308): Not supplying enough data to HAL, expected position 13259154 , only wrote 13258999
12-09 07:52:23.348 I/System.out( 7586): URI: //map
12-09 07:52:23.349 I/System.out( 7586): params: {json={"query":"* {text CONTAINS[c] 'Average fuel economy'}","operation":{"method_name":"query","arguments":[]}}
12-09 07:52:23.349 I/System.out( 7586): }
12-09 07:52:23.461 D/Mileage.ABS( 7586): Finished backup
12-09 07:52:23.500 D/Mileage.ABS( 7586): Not backing up; 79
12-09 07:52:23.501 D/Mileage.ABS( 7586): Not backing up; 80
12-09 07:52:23.501 D/Mileage.ABS( 7586): Not backing up; 80
12-09 07:52:23.502 D/Mileage.ABS( 7586): Not backing up; 81
12-09 07:52:23.503 D/Mileage.ABS( 7586): Not backing up; 82
12-09 07:52:23.513 D/Mileage.ABS( 7586): Not backing up; 92
12-09 07:52:23.581 D/Mileage.ABS( 7586): Not backing up; 160
12-09 07:52:23.658 D/Mileage.ABS( 7586): Not backing up; 237
12-09 07:52:23.659 D/Mileage.ABS( 7586): Not backing up; 238
12-09 07:52:23.779 W/audio_hw_generic( 1308): Not supplying enough data to HAL, expected position 13282602 , only wrote 13282134
12-09 07:52:23.804 D/Mileage.ABS( 7586): Not backing up; 383
12-09 07:52:23.833 D/Mileage.ABS( 7586): Not backing up; 412
12-09 07:52:23.857 D/Mileage.ABS( 7586): Not backing up; 436
12-09 07:52:23.858 D/Mileage.ABS( 7586): Not backing up; 437
12-09 07:52:23.858 D/Mileage.ABS( 7586): Not backing up; 437
12-09 07:52:23.858 D/Mileage.ABS( 7586): Not backing up; 437
12-09 07:52:23.858 D/Mileage.ABS( 7586): Not backing up; 437
12-09 07:52:23.964 D/Mileage.ABS( 7586): Not backing up; 543
12-09 07:52:23.964 D/Mileage.ABS( 7586): Not backing up; 543
12-09 07:52:23.966 D/Mileage.ABS( 7586): Not backing up; 543
12-09 07:52:24.203 W/audio_hw_generic( 1308): Not supplying enough data to HAL, expected position 13300833 , only wrote 13299981
12-09 07:52:24.204 W/audio_hw_generic( 1308): Not supplying enough data to HAL, expected position 13299988 , only wrote 13299981
12-09 07:52:24.217 I/art     ( 7586): Background sticky concurrent mark sweep GC freed 60141(2MB) AllocSpace objects, 2(40KB) LOS objects, 33% free, 3MB/5MB, paused 3.674ms total 337.377ms
12-09 07:52:24.221 I/System.out( 7586): URI: //gesture
12-09 07:52:24.221 I/System.out( 7586): params: {json={"query_timeout":5.0,"gestures":[{"query_string":"* {text CONTAINS[c] 'Average fuel economy'}","touches":[{"x":50,"y":50,"offset_x":0,"offset_y":0,"wait":0.0,"time":0.2,"release":true,"query_string":null}]}]}
12-09 07:52:24.221 I/System.out( 7586): }
12-09 07:52:24.227 D/Mileage.ABS( 7586): Not backing up; 806
12-09 07:52:24.228 D/Mileage.ABS( 7586): Not backing up; 807
12-09 07:52:24.228 D/Mileage.ABS( 7586): Not backing up; 807
12-09 07:52:24.228 D/Mileage.ABS( 7586): Not backing up; 807
12-09 07:52:24.228 D/Mileage.ABS( 7586): Not backing up; 807
12-09 07:52:24.346 D/Mileage.ABS( 7586): Not backing up; 925
12-09 07:52:24.375 W/audio_hw_generic( 1308): Not supplying enough data to HAL, expected position 13307555 , only wrote 13307252
12-09 07:52:24.375 W/audio_hw_generic( 1308): Not supplying enough data to HAL, expected position 13307259 , only wrote 13307252
12-09 07:52:24.405 D/Mileage.ABS( 7586): Not backing up; 984
12-09 07:52:24.405 D/Mileage.ABS( 7586): Not backing up; 984
12-09 07:52:24.415 D/Mileage.ABS( 7586): Not backing up; 994
12-09 07:52:24.416 D/Mileage.ABS( 7586): Not backing up; 995
12-09 07:52:24.417 D/Mileage.ABS( 7586): Not backing up; 996
12-09 07:52:24.525 D/VehicleStatisticsAdapter( 7586): Caching of 29 records complete! (2.23 seconds)
12-09 07:52:24.535 D/Mileage.ABS( 7586): Finished backup
12-09 07:52:24.539 D/Mileage.ABS( 7586): Not backing up; 33
12-09 07:52:24.543 D/Mileage.ABS( 7586): Not backing up; 37
12-09 07:52:24.544 D/Mileage.ABS( 7586): Not backing up; 38
12-09 07:52:24.544 D/Mileage.ABS( 7586): Not backing up; 38
12-09 07:52:24.544 D/Mileage.ABS( 7586): Not backing up; 38
12-09 07:52:24.544 D/Mileage.ABS( 7586): Not backing up; 38
12-09 07:52:24.595 W/audio_hw_generic( 1308): Not supplying enough data to HAL, expected position 13316952 , only wrote 13316506
12-09 07:52:24.737 I/ActivityManager( 1592): START u0 {cmp=com.evancharlton.mileage/.charts.AverageFuelEconomyChart (has extras)} from uid 10121 on display 0
12-09 07:52:24.802 W/audio_hw_generic( 1308): Not supplying enough data to HAL, expected position 13325594 , only wrote 13324438
12-09 07:52:24.824 W/audio_hw_generic( 1308): Not supplying enough data to HAL, expected position 13325415 , only wrote 13325099
12-09 07:52:24.872 D/AudioFlinger( 1308): mixer(0xf4340000) throttle end: throttle time(11)
12-09 07:52:25.030 W/audio_hw_generic( 1308): Hardware backing HAL too slow, could only write 0 of 661 frames
12-09 07:52:25.031 I/art     ( 7586): Background partial concurrent mark sweep GC freed 52514(2MB) AllocSpace objects, 4(80KB) LOS objects, 40% free, 3MB/5MB, paused 12.703ms total 118.811ms
12-09 07:52:25.047 W/audio_hw_generic( 1308): Hardware backing HAL too slow, could only write 0 of 661 frames
12-09 07:52:25.076 W/audio_hw_generic( 1308): Hardware backing HAL too slow, could only write 0 of 661 frames
12-09 07:52:25.081 D/Mileage.ABS( 7586): Not backing up; 575
12-09 07:52:25.083 D/Mileage.ABS( 7586): Not backing up; 577
12-09 07:52:25.096 W/audio_hw_generic( 1308): Hardware backing HAL too slow, could only write 0 of 661 frames
12-09 07:52:25.106 W/audio_hw_generic( 1308): Hardware backing HAL too slow, could only write 0 of 661 frames
12-09 07:52:25.106 I/calabash( 7586): newActivity1
12-09 07:52:25.108 D/Mileage.ABS( 7586): Not backing up; 602
12-09 07:52:25.111 D/VehicleStatisticsAdapter( 7586): Caching of 29 records complete! (2.503 seconds)
12-09 07:52:25.127 W/audio_hw_generic( 1308): Hardware backing HAL too slow, could only write 0 of 661 frames
12-09 07:52:25.137 W/audio_hw_generic( 1308): Hardware backing HAL too slow, could only write 0 of 661 frames
12-09 07:52:25.146 W/aiCharts( 7586): License file is invalid or missing. 
12-09 07:52:25.146 W/aiCharts( 7586): Please place proper license.lic to /assets folder.
12-09 07:52:25.227 W/audio_hw_generic( 1308): Hardware backing HAL too slow, could only write 0 of 661 frames
12-09 07:52:25.250 W/audio_hw_generic( 1308): Hardware backing HAL too slow, could only write 0 of 661 frames
12-09 07:52:25.272 W/audio_hw_generic( 1308): Hardware backing HAL too slow, could only write 0 of 661 frames
12-09 07:52:25.326 V/PhoneStatusBar( 1693): setLightsOn(true)
12-09 07:52:25.328 W/audio_hw_generic( 1308): Not supplying enough data to HAL, expected position 13347057 , only wrote 13346912
12-09 07:52:25.328 W/audio_hw_generic( 1308): Not supplying enough data to HAL, expected position 13346919 , only wrote 13346912
12-09 07:52:25.349 W/audio_hw_generic( 1308): Not supplying enough data to HAL, expected position 13347843 , only wrote 13347573
12-09 07:52:25.370 D/Mileage.ABS( 7586): Not backing up; 864
12-09 07:52:25.385 D/Mileage.ABS( 7586): Not backing up; 878
12-09 07:52:25.458 E/SurfaceFlinger( 1219): ro.sf.lcd_density must be defined as a build property
12-09 07:52:25.534 D/gralloc_ranchu( 1219): gralloc_alloc: Creating ashmem region of size 3686400
12-09 07:52:25.535 W/audio_hw_generic( 1308): Not supplying enough data to HAL, expected position 13355800 , only wrote 13354183
12-09 07:52:25.536 W/audio_hw_generic( 1308): Not supplying enough data to HAL, expected position 13354190 , only wrote 13354183
12-09 07:52:25.556 D/        ( 7728): HostConnection::get() New Host Connection established 0x7f48d5752480, tid 7728
12-09 07:52:25.577 E/EGL_emulation( 1219): tid 1219: eglCreateSyncKHR(1881): error 0x3004 (EGL_BAD_ATTRIBUTE)
12-09 07:52:25.584 W/audio_hw_generic( 1308): Not supplying enough data to HAL, expected position 13356342 , only wrote 13354844
12-09 07:52:25.646 W/audio_hw_generic( 1308): Hardware backing HAL too slow, could only write 0 of 661 frames
12-09 07:52:25.669 W/audio_hw_generic( 1308): Hardware backing HAL too slow, could only write 0 of 661 frames
12-09 07:52:25.682 W/audio_hw_generic( 1308): Hardware backing HAL too slow, could only write 0 of 661 frames
12-09 07:52:25.685 D/gralloc_ranchu( 1219): gralloc_alloc: Creating ashmem region of size 3686400
12-09 07:52:25.819 W/audio_hw_generic( 1308): Hardware backing HAL too slow, could only write 0 of 661 frames
12-09 07:52:25.921 W/audio_hw_generic( 1308): Not supplying enough data to HAL, expected position 13369705 , only wrote 13369386
12-09 07:52:25.922 W/audio_hw_generic( 1308): Not supplying enough data to HAL, expected position 13369393 , only wrote 13369386
12-09 07:52:25.970 W/audio_hw_generic( 1308): Hardware backing HAL too slow, could only write 0 of 661 frames
12-09 07:52:25.981 W/audio_hw_generic( 1308): Hardware backing HAL too slow, could only write 0 of 661 frames
12-09 07:52:26.088 W/audio_hw_generic( 1308): Not supplying enough data to HAL, expected position 13376715 , only wrote 13376657
12-09 07:52:26.088 W/audio_hw_generic( 1308): Not supplying enough data to HAL, expected position 13376664 , only wrote 13376657
12-09 07:52:26.114 W/audio_hw_generic( 1308): Not supplying enough data to HAL, expected position 13377791 , only wrote 13377318
12-09 07:52:26.114 W/audio_hw_generic( 1308): Hardware backing HAL too slow, could only write 0 of 661 frames
12-09 07:52:26.150 W/audio_hw_generic( 1308): Hardware backing HAL too slow, could only write 0 of 661 frames
12-09 07:52:26.173 W/audio_hw_generic( 1308): Hardware backing HAL too slow, could only write 0 of 661 frames
12-09 07:52:26.184 W/audio_hw_generic( 1308): Hardware backing HAL too slow, could only write 0 of 661 frames
12-09 07:52:26.204 W/audio_hw_generic( 1308): Hardware backing HAL too slow, could only write 0 of 661 frames
12-09 07:52:26.271 W/audio_hw_generic( 1308): Hardware backing HAL too slow, could only write 0 of 661 frames
12-09 07:52:26.308 W/audio_hw_generic( 1308): Hardware backing HAL too slow, could only write 0 of 661 frames
12-09 07:52:26.331 W/audio_hw_generic( 1308): Not supplying enough data to HAL, expected position 13386917 , only wrote 13386572
12-09 07:52:26.387 W/audio_hw_generic( 1308): Hardware backing HAL too slow, could only write 0 of 661 frames
12-09 07:52:26.388 W/audio_hw_generic( 1308): Hardware backing HAL too slow, could only write 0 of 661 frames
12-09 07:52:26.412 W/audio_hw_generic( 1308): Not supplying enough data to HAL, expected position 13390105 , only wrote 13389877
12-09 07:52:26.412 W/audio_hw_generic( 1308): Hardware backing HAL too slow, could only write 0 of 661 frames
12-09 07:52:26.426 W/audio_hw_generic( 1308): Hardware backing HAL too slow, could only write 0 of 661 frames
12-09 07:52:26.441 W/audio_hw_generic( 1308): Hardware backing HAL too slow, could only write 0 of 661 frames
12-09 07:52:26.456 W/audio_hw_generic( 1308): Hardware backing HAL too slow, could only write 0 of 661 frames
12-09 07:52:26.479 W/audio_hw_generic( 1308): Hardware backing HAL too slow, could only write 0 of 661 frames
12-09 07:52:26.503 W/audio_hw_generic( 1308): Hardware backing HAL too slow, could only write 0 of 661 frames
12-09 07:52:26.535 W/audio_hw_generic( 1308): Hardware backing HAL too slow, could only write 0 of 661 frames
12-09 07:52:26.624 W/art     ( 1592): Long monitor contention event with owner method=void com.android.server.wm.WindowAnimator$1.doFrame(long) from WindowAnimator.java:121 waiters=0 for 226ms
12-09 07:52:26.747 W/audio_hw_generic( 1308): Not supplying enough data to HAL, expected position 13404683 , only wrote 13403097
12-09 07:52:26.747 W/audio_hw_generic( 1308): Not supplying enough data to HAL, expected position 13403104 , only wrote 13403097
12-09 07:52:26.763 W/audio_hw_generic( 1308): Not supplying enough data to HAL, expected position 13403764 , only wrote 13403758
12-09 07:52:26.890 W/audio_hw_generic( 1308): Not supplying enough data to HAL, expected position 13409385 , only wrote 13409046
12-09 07:52:26.890 W/audio_hw_generic( 1308): Not supplying enough data to HAL, expected position 13409053 , only wrote 13409046
12-09 07:52:26.905 I/ActivityManager( 1592): Displayed com.evancharlton.mileage/.charts.AverageFuelEconomyChart: +1s937ms
12-09 07:52:26.907 W/audio_hw_generic( 1308): Not supplying enough data to HAL, expected position 13409772 , only wrote 13409707
12-09 07:52:27.031 W/audio_hw_generic( 1308): Not supplying enough data to HAL, expected position 13415202 , only wrote 13414995
12-09 07:52:27.078 W/audio_hw_generic( 1308): Hardware backing HAL too slow, could only write 0 of 661 frames
