12-09 08:03:23.335 D/Mileage.ABS(10417): Not backing up; 790
12-09 08:03:23.339 D/Mileage.ABS(10417): Not backing up; 794
12-09 08:03:23.343 D/Mileage.ABS(10417): Not backing up; 798
12-09 08:03:23.346 D/Mileage.ABS(10417): Not backing up; 801
12-09 08:03:23.423 W/audio_hw_generic( 1308): Not supplying enough data to HAL, expected position 20918797 , only wrote 20918667
12-09 08:03:23.423 W/audio_hw_generic( 1308): Not supplying enough data to HAL, expected position 20918674 , only wrote 20918667
12-09 08:03:23.446 W/audio_hw_generic( 1308): Not supplying enough data to HAL, expected position 20919679 , only wrote 20919328
12-09 08:03:23.528 D/Mileage.ABS(10417): Not backing up; 983
12-09 08:03:23.529 D/Mileage.ABS(10417): Not backing up; 984
12-09 08:03:23.529 D/Mileage.ABS(10417): Not backing up; 984
12-09 08:03:23.529 D/Mileage.ABS(10417): Not backing up; 984
12-09 08:03:23.629 D/Mileage.ABS(10417): Finished backup
12-09 08:03:23.670 D/Mileage.ABS(10417): Not backing up; 112
12-09 08:03:23.670 D/Mileage.ABS(10417): Not backing up; 112
12-09 08:03:23.671 D/Mileage.ABS(10417): Not backing up; 113
12-09 08:03:23.782 W/audio_hw_generic( 1308): Not supplying enough data to HAL, expected position 20934144 , only wrote 20933870
12-09 08:03:23.841 I/System.out(10417): URI: //gesture
12-09 08:03:23.841 I/System.out(10417): params: {json={"query_timeout":5.0,"gestures":[{"query_string":"android.widget.TabWidget descendant TextView index:0","touches":[{"x":50,"y":50,"offset_x":0,"offset_y":0,"wait":0.0,"time":0.2,"release":true,"query_string":null}]}]}
12-09 08:03:23.841 I/System.out(10417): }
12-09 08:03:23.876 D/Mileage.ABS(10417): Not backing up; 318
12-09 08:03:23.877 D/Mileage.ABS(10417): Not backing up; 319
12-09 08:03:23.881 D/Mileage.ABS(10417): Not backing up; 323
12-09 08:03:23.881 D/Mileage.ABS(10417): Not backing up; 323
12-09 08:03:23.941 W/audio_hw_generic( 1308): Not supplying enough data to HAL, expected position 20940908 , only wrote 20940480
12-09 08:03:23.942 W/audio_hw_generic( 1308): Not supplying enough data to HAL, expected position 20940487 , only wrote 20940480
12-09 08:03:23.961 W/audio_hw_generic( 1308): Not supplying enough data to HAL, expected position 20941352 , only wrote 20941141
12-09 08:03:23.966 D/Mileage.ABS(10417): Not backing up; 408
12-09 08:03:23.966 D/Mileage.ABS(10417): Not backing up; 408
12-09 08:03:23.966 D/Mileage.ABS(10417): Not backing up; 408
12-09 08:03:23.971 D/Mileage.ABS(10417): Not backing up; 413
12-09 08:03:23.980 D/Mileage.ABS(10417): Not backing up; 422
12-09 08:03:23.981 D/Mileage.ABS(10417): Not backing up; 423
12-09 08:03:24.026 W/audio_hw_generic( 1308): Hardware backing HAL too slow, could only write 0 of 661 frames
12-09 08:03:24.026 W/audio_hw_generic( 1308): Not supplying enough data to HAL, expected position 20943979 , only wrote 20943785
12-09 08:03:24.026 W/audio_hw_generic( 1308): Not supplying enough data to HAL, expected position 20943791 , only wrote 20943785
12-09 08:03:24.067 W/audio_hw_generic( 1308): Hardware backing HAL too slow, could only write 0 of 661 frames
12-09 08:03:24.083 W/audio_hw_generic( 1308): Hardware backing HAL too slow, could only write 0 of 661 frames
12-09 08:03:24.191 W/audio_hw_generic( 1308): Not supplying enough data to HAL, expected position 20951072 , only wrote 20951056
12-09 08:03:24.307 W/art     (10417): Suspending all threads took: 28.457ms
12-09 08:03:24.326 W/audio_hw_generic( 1308): Not supplying enough data to HAL, expected position 20957019 , only wrote 20957005
12-09 08:03:24.327 W/audio_hw_generic( 1308): Hardware backing HAL too slow, could only write 0 of 661 frames
12-09 08:03:24.345 D/Mileage.ABS(10417): Not backing up; 787
12-09 08:03:24.351 D/Mileage.ABS(10417): Not backing up; 793
12-09 08:03:24.352 D/Mileage.ABS(10417): Not backing up; 794
12-09 08:03:24.352 D/Mileage.ABS(10417): Not backing up; 794
12-09 08:03:24.352 D/Mileage.ABS(10417): Not backing up; 794
12-09 08:03:24.352 D/Mileage.ABS(10417): Not backing up; 794
12-09 08:03:24.353 D/Mileage.ABS(10417): Not backing up; 795
12-09 08:03:24.353 D/Mileage.ABS(10417): Not backing up; 795
12-09 08:03:24.483 W/CursorWrapperInner(10417): Cursor finalized without prior close()
12-09 08:03:24.483 I/art     (10417): Background sticky concurrent mark sweep GC freed 37333(1840KB) AllocSpace objects, 2(40KB) LOS objects, 40% free, 2MB/5MB, paused 29.804ms total 258.262ms
12-09 08:03:24.516 W/CursorWrapperInner(10417): Cursor finalized without prior close()
12-09 08:03:24.527 D/Mileage.ABS(10417): Not backing up; 969
12-09 08:03:24.527 D/Mileage.ABS(10417): Not backing up; 969
12-09 08:03:24.527 D/Mileage.ABS(10417): Not backing up; 969
12-09 08:03:24.528 D/Mileage.ABS(10417): Not backing up; 970
12-09 08:03:24.686 W/audio_hw_generic( 1308): Not supplying enough data to HAL, expected position 20972883 , only wrote 20972208
12-09 08:03:24.687 W/audio_hw_generic( 1308): Not supplying enough data to HAL, expected position 20972215 , only wrote 20972208
12-09 08:03:24.710 W/audio_hw_generic( 1308): Not supplying enough data to HAL, expected position 20973236 , only wrote 20972869
12-09 08:03:24.718 D/hwcomposer( 1219): hw_composer sent 786 syncs in 60s
12-09 08:03:24.726 W/audio_hw_generic( 1308): Not supplying enough data to HAL, expected position 20973585 , only wrote 20973530
12-09 08:03:24.729 D/Mileage.ABS(10417): Finished backup
12-09 08:03:24.753 D/AudioFlinger( 1308): mixer(0xf4300000) throttle end: throttle time(24)
12-09 08:03:24.854 W/audio_hw_generic( 1308): Not supplying enough data to HAL, expected position 20979185 , only wrote 20978818
12-09 08:03:24.855 W/audio_hw_generic( 1308): Not supplying enough data to HAL, expected position 20978825 , only wrote 20978818
12-09 08:03:24.879 W/audio_hw_generic( 1308): Not supplying enough data to HAL, expected position 20979881 , only wrote 20979479
12-09 08:03:25.199 D/Mileage.ABS(10417): Not backing up; 477
12-09 08:03:25.221 D/Mileage.ABS(10417): Not backing up; 499
12-09 08:03:25.222 D/Mileage.ABS(10417): Not backing up; 500
12-09 08:03:25.384 D/Mileage.ABS(10417): Not backing up; 662
12-09 08:03:25.385 D/Mileage.ABS(10417): Not backing up; 663
12-09 08:03:25.385 D/Mileage.ABS(10417): Not backing up; 663
12-09 08:03:25.386 D/Mileage.ABS(10417): Not backing up; 664
12-09 08:03:25.386 D/Mileage.ABS(10417): Not backing up; 664
12-09 08:03:25.387 D/Mileage.ABS(10417): Not backing up; 665
12-09 08:03:25.396 D/Mileage.ABS(10417): Not backing up; 674
12-09 08:03:25.397 D/Mileage.ABS(10417): Not backing up; 675
12-09 08:03:25.407 E/SurfaceFlinger( 1219): ro.sf.lcd_density must be defined as a build property
12-09 08:03:25.491 W/audio_hw_generic( 1308): Not supplying enough data to HAL, expected position 21006488 , only wrote 21005919
12-09 08:03:25.491 W/audio_hw_generic( 1308): Not supplying enough data to HAL, expected position 21005926 , only wrote 21005919
12-09 08:03:25.509 W/audio_hw_generic( 1308): Not supplying enough data to HAL, expected position 21006678 , only wrote 21006580
12-09 08:03:25.565 D/gralloc_ranchu( 1219): gralloc_alloc: Creating ashmem region of size 3686400
12-09 08:03:25.573 D/Mileage.ABS(10417): Not backing up; 851
12-09 08:03:25.573 D/Mileage.ABS(10417): Not backing up; 851
12-09 08:03:25.573 D/Mileage.ABS(10417): Not backing up; 851
12-09 08:03:25.607 D/VehicleStatisticsAdapter(10417): Caching of 29 records complete! (2.696 seconds)
12-09 08:03:25.647 D/VehicleStatisticsAdapter(10417): Caching of 29 records complete! (3.051 seconds)
12-09 08:03:25.655 D/        (10472): HostConnection::get() New Host Connection established 0x7f748c552480, tid 10472
12-09 08:03:25.666 D/Mileage.ABS(10417): Not backing up; 944
12-09 08:03:25.729 E/EGL_emulation( 1219): tid 1219: eglCreateSyncKHR(1881): error 0x3004 (EGL_BAD_ATTRIBUTE)
12-09 08:03:25.915 W/audio_hw_generic( 1308): Not supplying enough data to HAL, expected position 21024490 , only wrote 21024427
12-09 08:03:25.915 W/audio_hw_generic( 1308): Not supplying enough data to HAL, expected position 21024434 , only wrote 21024427
12-09 08:03:25.934 W/audio_hw_generic( 1308): Not supplying enough data to HAL, expected position 21025282 , only wrote 21025088
12-09 08:03:25.934 W/audio_hw_generic( 1308): Hardware backing HAL too slow, could only write 0 of 661 frames
12-09 08:03:26.027 W/audio_hw_generic( 1308): Not supplying enough data to HAL, expected position 21029169 , only wrote 21029054
12-09 08:03:26.064 W/audio_hw_generic( 1308): Hardware backing HAL too slow, could only write 0 of 661 frames
12-09 08:03:26.074 W/audio_hw_generic( 1308): Hardware backing HAL too slow, could only write 0 of 661 frames
12-09 08:03:26.089 W/audio_hw_generic( 1308): Hardware backing HAL too slow, could only write 0 of 661 frames
12-09 08:03:26.114 W/audio_hw_generic( 1308): Hardware backing HAL too slow, could only write 0 of 661 frames
12-09 08:03:26.174 W/audio_hw_generic( 1308): Not supplying enough data to HAL, expected position 21035558 , only wrote 21035003
12-09 08:03:26.190 W/audio_hw_generic( 1308): Hardware backing HAL too slow, could only write 0 of 661 frames
12-09 08:03:26.205 W/audio_hw_generic( 1308): Hardware backing HAL too slow, could only write 0 of 661 frames
12-09 08:03:26.235 D/Mileage.ABS(10417): Finished backup
12-09 08:03:26.237 W/audio_hw_generic( 1308): Hardware backing HAL too slow, could only write 0 of 661 frames
12-09 08:03:26.250 W/audio_hw_generic( 1308): Hardware backing HAL too slow, could only write 0 of 661 frames
12-09 08:03:26.277 W/audio_hw_generic( 1308): Hardware backing HAL too slow, could only write 0 of 661 frames
12-09 08:03:26.341 W/audio_hw_generic( 1308): Hardware backing HAL too slow, could only write 0 of 661 frames
12-09 08:03:26.684 W/audio_hw_generic( 1308): Not supplying enough data to HAL, expected position 21057486 , only wrote 21057477
12-09 08:03:26.684 W/audio_hw_generic( 1308): Not supplying enough data to HAL, expected position 21057484 , only wrote 21057477
12-09 08:03:26.722 W/audio_hw_generic( 1308): Not supplying enough data to HAL, expected position 21059133 , only wrote 21058138
12-09 08:03:26.758 W/audio_hw_generic( 1308): Not supplying enough data to HAL, expected position 21059744 , only wrote 21059460
12-09 08:03:26.944 W/audio_hw_generic( 1308): Not supplying enough data to HAL, expected position 21067651 , only wrote 21067392
12-09 08:03:26.988 W/audio_hw_generic( 1308): Not supplying enough data to HAL, expected position 21069351 , only wrote 21067392
12-09 08:03:27.031 I/System.out(10417): URI: //
12-09 08:03:27.031 I/System.out(10417): params: {json={"command":"set_activity_orientation","arguments":["landscape"]}
12-09 08:03:27.031 I/System.out(10417): }
12-09 08:03:27.031 I/System.out(10417): header: {date=Sun, 09 Dec 2018 08:03:26 GMT, accept=*/*, content-length=64, host=127.0.0.1:34777, user-agent=HTTPClient/1.0 (2.8.3, ruby 2.3.1 (2016-04-26)), content-type=application/json;charset=utf-8}
12-09 08:03:27.031 I/System.out(10417): params: {json={"command":"set_activity_orientation","arguments":["landscape"]}
12-09 08:03:27.031 I/System.out(10417): }
12-09 08:03:27.031 I/System.out(10417): ProP json = {"command":"set_activity_orientation","arguments":["landscape"]}
12-09 08:03:27.031 I/System.out(10417): files: {}
12-09 08:03:27.031 I/System.out(10417): command: {"command":"set_activity_orientation","arguments":["landscape"]}
12-09 08:03:27.034 W/audio_hw_generic( 1308): Hardware backing HAL too slow, could only write 0 of 661 frames
12-09 08:03:27.064 I/InstrumentationBackend(10417): Got command:'Command:'Line:null,set_activity_orientation', arguments:'[landscape]'
12-09 08:03:27.066 W/audio_hw_generic( 1308): Hardware backing HAL too slow, could only write 0 of 661 frames
12-09 08:03:27.066 W/audio_hw_generic( 1308): Hardware backing HAL too slow, could only write 0 of 661 frames
12-09 08:03:27.082 W/audio_hw_generic( 1308): Hardware backing HAL too slow, could only write 0 of 661 frames
12-09 08:03:27.102 W/audio_hw_generic( 1308): Hardware backing HAL too slow, could only write 0 of 661 frames
12-09 08:03:27.112 W/audio_hw_generic( 1308): Hardware backing HAL too slow, could only write 0 of 661 frames
12-09 08:03:27.120 I/art     (10417): Background partial concurrent mark sweep GC freed 37226(1890KB) AllocSpace objects, 4(80KB) LOS objects, 40% free, 2MB/4MB, paused 6.655ms total 74.019ms
12-09 08:03:27.303 D/gralloc_ranchu( 1219): gralloc_alloc: Creating ashmem region of size 3686400
12-09 08:03:27.367 E/EGL_emulation( 1219): tid 1219: eglCreateSyncKHR(1881): error 0x3004 (EGL_BAD_ATTRIBUTE)
12-09 08:03:27.515 I/ActivityManager( 1592): Config changes=480 {1.0 310mcc260mnc en_US ldltr sw720dp w1280dp h696dp 160dpi xlrg long land finger -keyb/v/h tball/v s.29}
12-09 08:03:27.539 I/InputReader( 1592): Reconfiguring input devices.  changes=0x00000004
12-09 08:03:27.539 I/InputReader( 1592): Device reconfigured: id=0, name='qwerty2', size 720x1280, orientation 1, mode 1, display id 0
12-09 08:03:27.638 W/audio_hw_generic( 1308): Not supplying enough data to HAL, expected position 21096043 , only wrote 21095815
12-09 08:03:27.638 W/audio_hw_generic( 1308): Not supplying enough data to HAL, expected position 21095822 , only wrote 21095815
12-09 08:03:27.678 W/audio_hw_generic( 1308): Not supplying enough data to HAL, expected position 21097579 , only wrote 21096476
12-09 08:03:27.717 W/audio_hw_generic( 1308): Not supplying enough data to HAL, expected position 21098180 , only wrote 21097798
12-09 08:03:27.758 W/audio_hw_generic( 1308): Hardware backing HAL too slow, could only write 0 of 661 frames
12-09 08:03:27.771 W/audio_hw_generic( 1308): Hardware backing HAL too slow, could only write 0 of 661 frames
12-09 08:03:27.838 W/audio_hw_generic( 1308): Not supplying enough data to HAL, expected position 21103141 , only wrote 21102425
12-09 08:03:27.850 W/audio_hw_generic( 1308): Not supplying enough data to HAL, expected position 21102953 , only wrote 21102425
12-09 08:03:27.895 W/art     ( 1592): Long monitor contention event with owner method=void com.android.server.wm.WindowManagerService.setNewConfiguration(android.content.res.Configuration) from WindowManagerService.java:4043 waiters=0 for 106ms
12-09 08:03:27.895 W/art     ( 1592): Long monitor contention event with owner method=void com.android.server.am.ActivityManagerService.setRequestedOrientation(android.os.IBinder, int) from ActivityManagerService.java:4192 waiters=0 for 492ms
12-09 08:03:27.908 W/art     ( 1592): Long monitor contention event with owner method=void com.android.server.am.ActivityManagerService.setRequestedOrientation(android.os.IBinder, int) from ActivityManagerService.java:4192 waiters=1 for 307ms
12-09 08:03:27.912 I/calabash(10417): newActivity1
12-09 08:03:27.959 I/calabash(10417): newActivity1
12-09 08:03:27.966 W/ActivityManager( 1592): Bad activity token: android.os.BinderProxy@29d3595
12-09 08:03:27.966 W/ActivityManager( 1592): java.lang.ClassCastException: android.os.BinderProxy cannot be cast to com.android.server.am.ActivityRecord$Token
12-09 08:03:27.966 W/ActivityManager( 1592): 	at com.android.server.am.ActivityRecord.forTokenLocked(ActivityRecord.java:424)
12-09 08:03:27.966 W/ActivityManager( 1592): 	at com.android.server.am.ActivityRecord.isInStackLocked(ActivityRecord.java:1121)
12-09 08:03:27.966 W/ActivityManager( 1592): 	at com.android.server.am.ActivityRecord.getStackLocked(ActivityRecord.java:1126)
12-09 08:03:27.966 W/ActivityManager( 1592): 	at com.android.server.am.ActivityManagerService.getActivityDisplayId(ActivityManagerService.java:8889)
12-09 08:03:27.966 W/ActivityManager( 1592): 	at android.app.ActivityManagerNative.onTransact(ActivityManagerNative.java:2338)
12-09 08:03:27.966 W/ActivityManager( 1592): 	at com.android.server.am.ActivityManagerService.onTransact(ActivityManagerService.java:2443)
12-09 08:03:27.966 W/ActivityManager( 1592): 	at android.os.Binder.execTransact(Binder.java:453)
12-09 08:03:27.967 W/ActivityManager( 1592): Bad activity token: android.os.BinderProxy@29d3595
12-09 08:03:27.967 W/ActivityManager( 1592): java.lang.ClassCastException: android.os.BinderProxy cannot be cast to com.android.server.am.ActivityRecord$Token
12-09 08:03:27.967 W/ActivityManager( 1592): 	at com.android.server.am.ActivityRecord.forTokenLocked(ActivityRecord.java:424)
12-09 08:03:27.967 W/ActivityManager( 1592): 	at com.android.server.am.ActivityRecord.isInStackLocked(ActivityRecord.java:1121)
12-09 08:03:27.967 W/ActivityManager( 1592): 	at com.android.server.am.ActivityManagerService.setTaskDescription(ActivityManagerService.java:8547)
12-09 08:03:27.967 W/ActivityManager( 1592): 	at android.app.ActivityManagerNative.onTransact(ActivityManagerNative.java:2410)
12-09 08:03:27.967 W/ActivityManager( 1592): 	at com.android.server.am.ActivityManagerService.onTransact(ActivityManagerService.java:2443)
12-09 08:03:27.967 W/ActivityManager( 1592): 	at android.os.Binder.execTransact(Binder.java:453)
12-09 08:03:27.977 W/ActivityManager( 1592): Bad activity token: android.os.BinderProxy@29d3595
12-09 08:03:27.977 W/ActivityManager( 1592): java.lang.ClassCastException: android.os.BinderProxy cannot be cast to com.android.server.am.ActivityRecord$Token
12-09 08:03:27.977 W/ActivityManager( 1592): 	at com.android.server.am.ActivityRecord.forTokenLocked(ActivityRecord.java:424)
12-09 08:03:27.977 W/ActivityManager( 1592): 	at com.android.server.am.ActivityRecord.isInStackLocked(ActivityRecord.java:1121)
12-09 08:03:27.977 W/ActivityManager( 1592): 	at com.android.server.am.ActivityManagerService.getActivityOptions(ActivityManagerService.java:11038)
12-09 08:03:27.977 W/ActivityManager( 1592): 	at android.app.ActivityManagerNative.onTransact(ActivityManagerNative.java:1734)
12-09 08:03:27.977 W/ActivityManager( 1592): 	at com.android.server.am.ActivityManagerService.onTransact(ActivityManagerService.java:2443)
12-09 08:03:27.977 W/ActivityManager( 1592): 	at android.os.Binder.execTransact(Binder.java:453)
12-09 08:03:27.977 W/ActivityManager( 1592): Bad activity token: android.os.BinderProxy@29d3595
12-09 08:03:27.977 W/ActivityManager( 1592): java.lang.ClassCastException: android.os.BinderProxy cannot be cast to com.android.server.am.ActivityRecord$Token
12-09 08:03:27.977 W/ActivityManager( 1592): 	at com.android.server.am.ActivityRecord.forTokenLocked(ActivityRecord.java:424)
12-09 08:03:27.977 W/ActivityManager( 1592): 	at com.android.server.am.ActivityRecord.isInStackLocked(ActivityRecord.java:1121)
12-09 08:03:27.977 W/ActivityManager( 1592): 	at com.android.server.am.ActivityManagerService.getActivityOptions(ActivityManagerService.java:11038)
12-09 08:03:27.977 W/ActivityManager( 1592): 	at android.app.ActivityManagerNative.onTransact(ActivityManagerNative.java:1734)
12-09 08:03:27.977 W/ActivityManager( 1592): 	at com.android.server.am.ActivityManagerService.onTransact(ActivityManagerService.java:2443)
12-09 08:03:27.977 W/ActivityManager( 1592): 	at android.os.Binder.execTransact(Binder.java:453)
12-09 08:03:28.022 I/System.out(10417): result:{"bonusInformation":[],"message":"","success":true}
12-09 08:03:28.126 D/EGL_emulation( 1699): eglMakeCurrent: 0x7fc06d58e360: ver 2 0 (tinfo 0x7fc0649da840)
12-09 08:03:28.131 E/Surface ( 1699): getSlotFromBufferLocked: unknown buffer: 0x7fc0627f7ee0
12-09 08:03:28.134 W/PhoneWindow(10417): Previously focused view reported id 2131296279 during save, but can't be found during restore.
12-09 08:03:28.267 D/EGL_emulation( 1699): eglMakeCurrent: 0x7fc06d58e360: ver 2 0 (tinfo 0x7fc0649da840)
12-09 08:03:28.355 D/gralloc_ranchu( 1219): gralloc_alloc: Creating ashmem region of size 3686400
12-09 08:03:28.482 D/gralloc_ranchu( 1219): gralloc_alloc: Creating ashmem region of size 3686400
12-09 08:03:28.519 I/WindowManager( 1592): Screen frozen for +1s454ms due to Window{adcb29b u0 com.evancharlton.mileage/com.evancharlton.mileage.Mileage}
12-09 08:03:28.813 W/art     ( 1592): Long monitor contention event with owner method=void com.android.server.wm.WindowManagerService$H.handleMessage(android.os.Message) from WindowManagerService.java:7820 waiters=0 for 171ms
12-09 08:03:29.549 D/gralloc_ranchu( 1219): gralloc_alloc: Creating ashmem region of size 3686400
12-09 08:03:30.120 I/System.out(10417): URI: //gesture
12-09 08:03:30.120 I/System.out(10417): params: {json={"query_timeout":5.0,"gestures":[{"query_string":"android.widget.TabWidget descendant TextView index:1","touches":[{"x":50,"y":50,"offset_x":0,"offset_y":0,"wait":0.0,"time":0.2,"release":true,"query_string":null}]}]}
12-09 08:03:30.121 I/System.out(10417): }
12-09 08:03:30.550 I/calabash(10417): newActivity1
12-09 08:03:30.551 W/ActivityManager( 1592): Bad activity token: android.os.BinderProxy@549dd77
12-09 08:03:30.551 W/ActivityManager( 1592): java.lang.ClassCastException: android.os.BinderProxy cannot be cast to com.android.server.am.ActivityRecord$Token
12-09 08:03:30.551 W/ActivityManager( 1592): 	at com.android.server.am.ActivityRecord.forTokenLocked(ActivityRecord.java:424)
12-09 08:03:30.551 W/ActivityManager( 1592): 	at com.android.server.am.ActivityRecord.isInStackLocked(ActivityRecord.java:1121)
12-09 08:03:30.551 W/ActivityManager( 1592): 	at com.android.server.am.ActivityRecord.getStackLocked(ActivityRecord.java:1126)
12-09 08:03:30.551 W/ActivityManager( 1592): 	at com.android.server.am.ActivityManagerService.getActivityDisplayId(ActivityManagerService.java:8889)
12-09 08:03:30.551 W/ActivityManager( 1592): 	at android.app.ActivityManagerNative.onTransact(ActivityManagerNative.java:2338)
12-09 08:03:30.551 W/ActivityManager( 1592): 	at com.android.server.am.ActivityManagerService.onTransact(ActivityManagerService.java:2443)
12-09 08:03:30.551 W/ActivityManager( 1592): 	at android.os.Binder.execTransact(Binder.java:453)
12-09 08:03:30.552 W/ActivityManager( 1592): Bad activity token: android.os.BinderProxy@549dd77
12-09 08:03:30.552 W/ActivityManager( 1592): java.lang.ClassCastException: android.os.BinderProxy cannot be cast to com.android.server.am.ActivityRecord$Token
12-09 08:03:30.552 W/ActivityManager( 1592): 	at com.android.server.am.ActivityRecord.forTokenLocked(ActivityRecord.java:424)
12-09 08:03:30.552 W/ActivityManager( 1592): 	at com.android.server.am.ActivityRecord.isInStackLocked(ActivityRecord.java:1121)
12-09 08:03:30.552 W/ActivityManager( 1592): 	at com.android.server.am.ActivityManagerService.setTaskDescription(ActivityManagerService.java:8547)
12-09 08:03:30.552 W/ActivityManager( 1592): 	at android.app.ActivityManagerNative.onTransact(ActivityManagerNative.java:2410)
12-09 08:03:30.552 W/ActivityManager( 1592): 	at com.android.server.am.ActivityManagerService.onTransact(ActivityManagerService.java:2443)
12-09 08:03:30.552 W/ActivityManager( 1592): 	at android.os.Binder.execTransact(Binder.java:453)
12-09 08:03:30.601 D/AudioFlinger( 1308): mixer(0xf4300000) throttle end: throttle time(2)
12-09 08:03:30.604 I/art     (10417): Background sticky concurrent mark sweep GC freed 40253(1712KB) AllocSpace objects, 2(40KB) LOS objects, 32% free, 3MB/4MB, paused 14.759ms total 44.277ms
12-09 08:03:30.628 W/ActivityManager( 1592): Bad activity token: android.os.BinderProxy@549dd77
12-09 08:03:30.628 W/ActivityManager( 1592): java.lang.ClassCastException: android.os.BinderProxy cannot be cast to com.android.server.am.ActivityRecord$Token
12-09 08:03:30.628 W/ActivityManager( 1592): 	at com.android.server.am.ActivityRecord.forTokenLocked(ActivityRecord.java:424)
12-09 08:03:30.628 W/ActivityManager( 1592): 	at com.android.server.am.ActivityRecord.isInStackLocked(ActivityRecord.java:1121)
12-09 08:03:30.628 W/ActivityManager( 1592): 	at com.android.server.am.ActivityManagerService.getActivityOptions(ActivityManagerService.java:11038)
12-09 08:03:30.628 W/ActivityManager( 1592): 	at android.app.ActivityManagerNative.onTransact(ActivityManagerNative.java:1734)
12-09 08:03:30.628 W/ActivityManager( 1592): 	at com.android.server.am.ActivityManagerService.onTransact(ActivityManagerService.java:2443)
12-09 08:03:30.628 W/ActivityManager( 1592): 	at android.os.Binder.execTransact(Binder.java:453)
12-09 08:03:30.629 W/ActivityManager( 1592): Bad activity token: android.os.BinderProxy@549dd77
12-09 08:03:30.629 W/ActivityManager( 1592): java.lang.ClassCastException: android.os.BinderProxy cannot be cast to com.android.server.am.ActivityRecord$Token
12-09 08:03:30.629 W/ActivityManager( 1592): 	at com.android.server.am.ActivityRecord.forTokenLocked(ActivityRecord.java:424)
12-09 08:03:30.629 W/ActivityManager( 1592): 	at com.android.server.am.ActivityRecord.isInStackLocked(ActivityRecord.java:1121)
12-09 08:03:30.629 W/ActivityManager( 1592): 	at com.android.server.am.ActivityManagerService.getActivityOptions(ActivityManagerService.java:11038)
12-09 08:03:30.629 W/ActivityManager( 1592): 	at android.app.ActivityManagerNative.onTransact(ActivityManagerNative.java:1734)
12-09 08:03:30.629 W/ActivityManager( 1592): 	at com.android.server.am.ActivityManagerService.onTransact(ActivityManagerService.java:2443)
12-09 08:03:30.629 W/ActivityManager( 1592): 	at android.os.Binder.execTransact(Binder.java:453)
12-09 08:03:30.630 W/audio_hw_generic( 1308): Hardware backing HAL too slow, could only write 0 of 661 frames
12-09 08:03:30.797 D/Mileage (10417): Not enough fillups to calculate economy
12-09 08:03:30.802 W/audio_hw_generic( 1308): Hardware backing HAL too slow, could only write 0 of 661 frames
12-09 08:03:30.825 I/art     ( 1592): Starting a blocking GC Explicit
12-09 08:03:30.966 I/art     ( 1592): Explicit concurrent mark sweep GC freed 8580(834KB) AllocSpace objects, 3(60KB) LOS objects, 30% free, 9MB/13MB, paused 1.310ms total 122.568ms
12-09 08:03:31.070 W/audio_hw_generic( 1308): Not supplying enough data to HAL, expected position 21123910 , only wrote 21123577
12-09 08:03:31.070 W/audio_hw_generic( 1308): Not supplying enough data to HAL, expected position 21123584 , only wrote 21123577
12-09 08:03:31.094 W/audio_hw_generic( 1308): Not supplying enough data to HAL, expected position 21124621 , only wrote 21124238
12-09 08:03:31.162 W/audio_hw_generic( 1308): Not supplying enough data to HAL, expected position 21127243 , only wrote 21125560
12-09 08:03:31.306 E/SurfaceFlinger( 1219): ro.sf.lcd_density must be defined as a build property
12-09 08:03:31.340 W/audio_hw_generic( 1308): Not supplying enough data to HAL, expected position 21133395 , only wrote 21130848
12-09 08:03:31.345 W/audio_hw_generic( 1308): Not supplying enough data to HAL, expected position 21131054 , only wrote 21130848
12-09 08:03:31.356 D/gralloc_ranchu( 1219): gralloc_alloc: Creating ashmem region of size 3686400
12-09 08:03:31.372 W/audio_hw_generic( 1308): Not supplying enough data to HAL, expected position 21132060 , only wrote 21131509
12-09 08:03:31.428 D/        (10482): HostConnection::get() New Host Connection established 0x7f725c792480, tid 10482
12-09 08:03:31.486 E/EGL_emulation( 1219): tid 1219: eglCreateSyncKHR(1881): error 0x3004 (EGL_BAD_ATTRIBUTE)
12-09 08:03:31.556 W/audio_hw_generic( 1308): Not supplying enough data to HAL, expected position 21139613 , only wrote 21139441
12-09 08:03:31.658 W/audio_hw_generic( 1308): Not supplying enough data to HAL, expected position 21143930 , only wrote 21142085
12-09 08:03:31.658 W/audio_hw_generic( 1308): Not supplying enough data to HAL, expected position 21142092 , only wrote 21142085
12-09 08:03:32.354 W/audio_hw_generic( 1308): Not supplying enough data to HAL, expected position 21172796 , only wrote 21172491
12-09 08:03:32.398 W/audio_hw_generic( 1308): Hardware backing HAL too slow, could only write 0 of 661 frames
12-09 08:03:32.404 W/audio_hw_generic( 1308): Hardware backing HAL too slow, could only write 0 of 661 frames
12-09 08:03:32.419 W/audio_hw_generic( 1308): Hardware backing HAL too slow, could only write 0 of 661 frames
12-09 08:03:32.434 W/audio_hw_generic( 1308): Hardware backing HAL too slow, could only write 0 of 661 frames
12-09 08:03:32.450 W/audio_hw_generic( 1308): Hardware backing HAL too slow, could only write 0 of 661 frames
12-09 08:03:32.466 W/audio_hw_generic( 1308): Hardware backing HAL too slow, could only write 0 of 661 frames
12-09 08:03:32.598 I/System.out(10417): URI: //gesture
12-09 08:03:32.598 I/System.out(10417): params: {json={"query_timeout":5.0,"gestures":[{"query_string":"android.widget.TabWidget descendant TextView index:3","touches":[{"x":50,"y":50,"offset_x":0,"offset_y":0,"wait":0.0,"time":0.2,"release":true,"query_string":null}]}]}
12-09 08:03:32.598 I/System.out(10417): }
12-09 08:03:32.666 W/CursorWrapperInner(10417): Cursor finalized without prior close()
12-09 08:03:32.749 W/audio_hw_generic( 1308): Not supplying enough data to HAL, expected position 21189907 , only wrote 21189677
12-09 08:03:32.749 W/audio_hw_generic( 1308): Not supplying enough data to HAL, expected position 21189686 , only wrote 21189677
12-09 08:03:32.782 W/audio_hw_generic( 1308): Not supplying enough data to HAL, expected position 21191135 , only wrote 21190338
12-09 08:03:33.030 W/audio_hw_generic( 1308): Not supplying enough data to HAL, expected position 21201263 , only wrote 21200914
12-09 08:03:33.030 W/audio_hw_generic( 1308): Not supplying enough data to HAL, expected position 21200921 , only wrote 21200914
12-09 08:03:33.063 I/calabash(10417): newActivity1
12-09 08:03:33.063 W/ActivityManager( 1592): Bad activity token: android.os.BinderProxy@b64d450
12-09 08:03:33.063 W/ActivityManager( 1592): java.lang.ClassCastException: android.os.BinderProxy cannot be cast to com.android.server.am.ActivityRecord$Token
12-09 08:03:33.063 W/ActivityManager( 1592): 	at com.android.server.am.ActivityRecord.forTokenLocked(ActivityRecord.java:424)
12-09 08:03:33.063 W/ActivityManager( 1592): 	at com.android.server.am.ActivityRecord.isInStackLocked(ActivityRecord.java:1121)
12-09 08:03:33.063 W/ActivityManager( 1592): 	at com.android.server.am.ActivityRecord.getStackLocked(ActivityRecord.java:1126)
12-09 08:03:33.063 W/ActivityManager( 1592): 	at com.android.server.am.ActivityManagerService.getActivityDisplayId(ActivityManagerService.java:8889)
12-09 08:03:33.063 W/ActivityManager( 1592): 	at android.app.ActivityManagerNative.onTransact(ActivityManagerNative.java:2338)
12-09 08:03:33.063 W/ActivityManager( 1592): 	at com.android.server.am.ActivityManagerService.onTransact(ActivityManagerService.java:2443)
12-09 08:03:33.063 W/ActivityManager( 1592): 	at android.os.Binder.execTransact(Binder.java:453)
12-09 08:03:33.064 W/ActivityManager( 1592): Bad activity token: android.os.BinderProxy@b64d450
12-09 08:03:33.064 W/ActivityManager( 1592): java.lang.ClassCastException: android.os.BinderProxy cannot be cast to com.android.server.am.ActivityRecord$Token
12-09 08:03:33.064 W/ActivityManager( 1592): 	at com.android.server.am.ActivityRecord.forTokenLocked(ActivityRecord.java:424)
12-09 08:03:33.064 W/ActivityManager( 1592): 	at com.android.server.am.ActivityRecord.isInStackLocked(ActivityRecord.java:1121)
12-09 08:03:33.064 W/ActivityManager( 1592): 	at com.android.server.am.ActivityManagerService.setTaskDescription(ActivityManagerService.java:8547)
12-09 08:03:33.064 W/ActivityManager( 1592): 	at android.app.ActivityManagerNative.onTransact(ActivityManagerNative.java:2410)
12-09 08:03:33.064 W/ActivityManager( 1592): 	at com.android.server.am.ActivityManagerService.onTransact(ActivityManagerService.java:2443)
12-09 08:03:33.064 W/ActivityManager( 1592): 	at android.os.Binder.execTransact(Binder.java:453)
12-09 08:03:33.107 W/ActivityManager( 1592): Bad activity token: android.os.BinderProxy@b64d450
12-09 08:03:33.107 W/ActivityManager( 1592): java.lang.ClassCastException: android.os.BinderProxy cannot be cast to com.android.server.am.ActivityRecord$Token
12-09 08:03:33.107 W/ActivityManager( 1592): 	at com.android.server.am.ActivityRecord.forTokenLocked(ActivityRecord.java:424)
12-09 08:03:33.107 W/ActivityManager( 1592): 	at com.android.server.am.ActivityRecord.isInStackLocked(ActivityRecord.java:1121)
12-09 08:03:33.107 W/ActivityManager( 1592): 	at com.android.server.am.ActivityManagerService.getActivityOptions(ActivityManagerService.java:11038)
12-09 08:03:33.107 W/ActivityManager( 1592): 	at android.app.ActivityManagerNative.onTransact(ActivityManagerNative.java:1734)
12-09 08:03:33.107 W/ActivityManager( 1592): 	at com.android.server.am.ActivityManagerService.onTransact(ActivityManagerService.java:2443)
12-09 08:03:33.107 W/ActivityManager( 1592): 	at android.os.Binder.execTransact(Binder.java:453)
12-09 08:03:33.109 W/ActivityManager( 1592): Bad activity token: android.os.BinderProxy@b64d450
12-09 08:03:33.109 W/ActivityManager( 1592): java.lang.ClassCastException: android.os.BinderProxy cannot be cast to com.android.server.am.ActivityRecord$Token
12-09 08:03:33.109 W/ActivityManager( 1592): 	at com.android.server.am.ActivityRecord.forTokenLocked(ActivityRecord.java:424)
12-09 08:03:33.109 W/ActivityManager( 1592): 	at com.android.server.am.ActivityRecord.isInStackLocked(ActivityRecord.java:1121)
12-09 08:03:33.109 W/ActivityManager( 1592): 	at com.android.server.am.ActivityManagerService.getActivityOptions(ActivityManagerService.java:11038)
12-09 08:03:33.109 W/ActivityManager( 1592): 	at android.app.ActivityManagerNative.onTransact(ActivityManagerNative.java:1734)
12-09 08:03:33.109 W/ActivityManager( 1592): 	at com.android.server.am.ActivityManagerService.onTransact(ActivityManagerService.java:2443)
12-09 08:03:33.109 W/ActivityManager( 1592): 	at android.os.Binder.execTransact(Binder.java:453)
12-09 08:03:33.158 D/AudioFlinger( 1308): mixer(0xf4300000) throttle end: throttle time(11)
12-09 08:03:33.187 W/audio_hw_generic( 1308): Hardware backing HAL too slow, could only write 0 of 661 frames
12-09 08:03:33.206 W/audio_hw_generic( 1308): Hardware backing HAL too slow, could only write 0 of 661 frames
12-09 08:03:33.207 W/art     (10417): Suspending all threads took: 7.341ms
12-09 08:03:33.218 W/audio_hw_generic( 1308): Hardware backing HAL too slow, could only write 0 of 661 frames
12-09 08:03:33.232 I/art     (10417): Background sticky concurrent mark sweep GC freed 40303(1852KB) AllocSpace objects, 0(0B) LOS objects, 28% free, 3MB/4MB, paused 9.503ms total 116.038ms
12-09 08:03:33.237 W/audio_hw_generic( 1308): Hardware backing HAL too slow, could only write 0 of 661 frames
12-09 08:03:33.257 W/audio_hw_generic( 1308): Hardware backing HAL too slow, could only write 0 of 661 frames
12-09 08:03:33.350 W/audio_hw_generic( 1308): Not supplying enough data to HAL, expected position 21215024 , only wrote 21214795
12-09 08:03:33.350 W/audio_hw_generic( 1308): Not supplying enough data to HAL, expected position 21214802 , only wrote 21214795
12-09 08:03:33.374 W/audio_hw_generic( 1308): Not supplying enough data to HAL, expected position 21215852 , only wrote 21215456
12-09 08:03:33.375 W/audio_hw_generic( 1308): Hardware backing HAL too slow, could only write 0 of 661 frames
12-09 08:03:33.375 W/audio_hw_generic( 1308): Hardware backing HAL too slow, could only write 0 of 661 frames
12-09 08:03:33.397 W/audio_hw_generic( 1308): Hardware backing HAL too slow, could only write 0 of 661 frames
12-09 08:03:33.426 W/audio_hw_generic( 1308): Hardware backing HAL too slow, could only write 0 of 661 frames
12-09 08:03:33.438 W/audio_hw_generic( 1308): Hardware backing HAL too slow, could only write 0 of 661 frames
12-09 08:03:33.459 W/audio_hw_generic( 1308): Hardware backing HAL too slow, could only write 0 of 661 frames
12-09 08:03:33.538 W/audio_hw_generic( 1308): Hardware backing HAL too slow, could only write 0 of 661 frames
12-09 08:03:33.555 W/audio_hw_generic( 1308): Hardware backing HAL too slow, could only write 0 of 661 frames
12-09 08:03:33.715 E/SurfaceFlinger( 1219): ro.sf.lcd_density must be defined as a build property
12-09 08:03:33.716 D/gralloc_ranchu( 1219): gralloc_alloc: Creating ashmem region of size 3686400
12-09 08:03:33.729 D/        (10487): HostConnection::get() New Host Connection established 0x7fed67752480, tid 10487
12-09 08:03:33.780 E/EGL_emulation( 1219): tid 1219: eglCreateSyncKHR(1881): error 0x3004 (EGL_BAD_ATTRIBUTE)
12-09 08:03:33.915 W/audio_hw_generic( 1308): Not supplying enough data to HAL, expected position 21239274 , only wrote 21238591
12-09 08:03:33.915 W/audio_hw_generic( 1308): Not supplying enough data to HAL, expected position 21238598 , only wrote 21238591
12-09 08:03:33.934 W/audio_hw_generic( 1308): Not supplying enough data to HAL, expected position 21239443 , only wrote 21239252
12-09 08:03:33.967 W/audio_hw_generic( 1308): Hardware backing HAL too slow, could only write 0 of 661 frames
12-09 08:03:33.982 W/audio_hw_generic( 1308): Hardware backing HAL too slow, could only write 0 of 661 frames
12-09 08:03:34.001 W/audio_hw_generic( 1308): Hardware backing HAL too slow, could only write 0 of 661 frames
12-09 08:03:34.138 W/audio_hw_generic( 1308): Not supplying enough data to HAL, expected position 21248261 , only wrote 21247184
12-09 08:03:34.139 W/audio_hw_generic( 1308): Not supplying enough data to HAL, expected position 21247193 , only wrote 21247184
12-09 08:03:34.159 W/audio_hw_generic( 1308): Not supplying enough data to HAL, expected position 21248070 , only wrote 21247845
12-09 08:03:34.458 W/audio_hw_generic( 1308): Not supplying enough data to HAL, expected position 21261064 , only wrote 21260404
12-09 08:03:34.586 I/System.out(10417): URI: //gesture
12-09 08:03:34.587 I/System.out(10417): params: {json={"query_timeout":5.0,"gestures":[{"query_string":"android.widget.TabWidget descendant TextView index:2","touches":[{"x":50,"y":50,"offset_x":0,"offset_y":0,"wait":0.0,"time":0.2,"release":true,"query_string":null}]}]}
12-09 08:03:34.587 I/System.out(10417): }
12-09 08:03:34.737 W/audio_hw_generic( 1308): Not supplying enough data to HAL, expected position 21272668 , only wrote 21271641
12-09 08:03:34.737 W/audio_hw_generic( 1308): Not supplying enough data to HAL, expected position 21271648 , only wrote 21271641
12-09 08:03:34.838 W/audio_hw_generic( 1308): Hardware backing HAL too slow, could only write 0 of 661 frames
12-09 08:03:34.854 W/audio_hw_generic( 1308): Hardware backing HAL too slow, could only write 0 of 661 frames
12-09 08:03:34.862 W/audio_hw_generic( 1308): Hardware backing HAL too slow, could only write 0 of 661 frames
12-09 08:03:34.890 W/audio_hw_generic( 1308): Hardware backing HAL too slow, could only write 0 of 661 frames
12-09 08:03:34.892 W/audio_hw_generic( 1308): Hardware backing HAL too slow, could only write 0 of 661 frames
12-09 08:03:34.924 W/audio_hw_generic( 1308): Hardware backing HAL too slow, could only write 0 of 661 frames
12-09 08:03:35.001 W/audio_hw_generic( 1308): Hardware backing HAL too slow, could only write 0 of 661 frames
12-09 08:03:35.262 W/audio_hw_generic( 1308): Not supplying enough data to HAL, expected position 21294817 , only wrote 21294776
12-09 08:03:35.262 W/audio_hw_generic( 1308): Hardware backing HAL too slow, could only write 0 of 661 frames
12-09 08:03:35.341 W/audio_hw_generic( 1308): Not supplying enough data to HAL, expected position 21298269 , only wrote 21296098
12-09 08:03:35.361 I/calabash(10417): newActivity1
12-09 08:03:35.377 W/ActivityManager( 1592): Bad activity token: android.os.BinderProxy@87ef649
12-09 08:03:35.377 W/ActivityManager( 1592): java.lang.ClassCastException: android.os.BinderProxy cannot be cast to com.android.server.am.ActivityRecord$Token
12-09 08:03:35.377 W/ActivityManager( 1592): 	at com.android.server.am.ActivityRecord.forTokenLocked(ActivityRecord.java:424)
12-09 08:03:35.377 W/ActivityManager( 1592): 	at com.android.server.am.ActivityRecord.isInStackLocked(ActivityRecord.java:1121)
12-09 08:03:35.377 W/ActivityManager( 1592): 	at com.android.server.am.ActivityRecord.getStackLocked(ActivityRecord.java:1126)
12-09 08:03:35.377 W/ActivityManager( 1592): 	at com.android.server.am.ActivityManagerService.getActivityDisplayId(ActivityManagerService.java:8889)
12-09 08:03:35.377 W/ActivityManager( 1592): 	at android.app.ActivityManagerNative.onTransact(ActivityManagerNative.java:2338)
12-09 08:03:35.377 W/ActivityManager( 1592): 	at com.android.server.am.ActivityManagerService.onTransact(ActivityManagerService.java:2443)
12-09 08:03:35.377 W/ActivityManager( 1592): 	at android.os.Binder.execTransact(Binder.java:453)
12-09 08:03:35.391 W/ActivityManager( 1592): Bad activity token: android.os.BinderProxy@87ef649
12-09 08:03:35.391 W/ActivityManager( 1592): java.lang.ClassCastException: android.os.BinderProxy cannot be cast to com.android.server.am.ActivityRecord$Token
12-09 08:03:35.391 W/ActivityManager( 1592): 	at com.android.server.am.ActivityRecord.forTokenLocked(ActivityRecord.java:424)
12-09 08:03:35.391 W/ActivityManager( 1592): 	at com.android.server.am.ActivityRecord.isInStackLocked(ActivityRecord.java:1121)
12-09 08:03:35.391 W/ActivityManager( 1592): 	at com.android.server.am.ActivityManagerService.setTaskDescription(ActivityManagerService.java:8547)
12-09 08:03:35.391 W/ActivityManager( 1592): 	at android.app.ActivityManagerNative.onTransact(ActivityManagerNative.java:2410)
12-09 08:03:35.391 W/ActivityManager( 1592): 	at com.android.server.am.ActivityManagerService.onTransact(ActivityManagerService.java:2443)
12-09 08:03:35.391 W/ActivityManager( 1592): 	at android.os.Binder.execTransact(Binder.java:453)
12-09 08:03:35.434 W/audio_hw_generic( 1308): Not supplying enough data to HAL, expected position 21300154 , only wrote 21300064
12-09 08:03:35.516 D/VehicleStatisticsActivity(10417): Checking recalculation ...
12-09 08:03:35.516 D/VehicleStatisticsActivity(10417): Recalculation not necessary.
12-09 08:03:35.517 W/ActivityManager( 1592): Bad activity token: android.os.BinderProxy@87ef649
12-09 08:03:35.517 W/ActivityManager( 1592): java.lang.ClassCastException: android.os.BinderProxy cannot be cast to com.android.server.am.ActivityRecord$Token
12-09 08:03:35.517 W/ActivityManager( 1592): 	at com.android.server.am.ActivityRecord.forTokenLocked(ActivityRecord.java:424)
12-09 08:03:35.517 W/ActivityManager( 1592): 	at com.android.server.am.ActivityRecord.isInStackLocked(ActivityRecord.java:1121)
12-09 08:03:35.517 W/ActivityManager( 1592): 	at com.android.server.am.ActivityManagerService.getActivityOptions(ActivityManagerService.java:11038)
12-09 08:03:35.517 W/ActivityManager( 1592): 	at android.app.ActivityManagerNative.onTransact(ActivityManagerNative.java:1734)
12-09 08:03:35.517 W/ActivityManager( 1592): 	at com.android.server.am.ActivityManagerService.onTransact(ActivityManagerService.java:2443)
12-09 08:03:35.517 W/ActivityManager( 1592): 	at android.os.Binder.execTransact(Binder.java:453)
12-09 08:03:35.542 W/ActivityManager( 1592): Bad activity token: android.os.BinderProxy@87ef649
12-09 08:03:35.542 W/ActivityManager( 1592): java.lang.ClassCastException: android.os.BinderProxy cannot be cast to com.android.server.am.ActivityRecord$Token
12-09 08:03:35.542 W/ActivityManager( 1592): 	at com.android.server.am.ActivityRecord.forTokenLocked(ActivityRecord.java:424)
12-09 08:03:35.542 W/ActivityManager( 1592): 	at com.android.server.am.ActivityRecord.isInStackLocked(ActivityRecord.java:1121)
12-09 08:03:35.542 W/ActivityManager( 1592): 	at com.android.server.am.ActivityManagerService.getActivityOptions(ActivityManagerService.java:11038)
12-09 08:03:35.542 W/ActivityManager( 1592): 	at android.app.ActivityManagerNative.onTransact(ActivityManagerNative.java:1734)
12-09 08:03:35.542 W/ActivityManager( 1592): 	at com.android.server.am.ActivityManagerService.onTransact(ActivityManagerService.java:2443)
12-09 08:03:35.542 W/ActivityManager( 1592): 	at android.os.Binder.execTransact(Binder.java:453)
12-09 08:03:35.543 D/VehicleStatisticsActivity(10417): Checking recalculation ...
12-09 08:03:35.545 D/VehicleStatisticsActivity(10417): Recalculation not necessary.
12-09 08:03:35.560 W/audio_hw_generic( 1308): Not supplying enough data to HAL, expected position 21305663 , only wrote 21305352
12-09 08:03:35.561 W/audio_hw_generic( 1308): Not supplying enough data to HAL, expected position 21305359 , only wrote 21305352
12-09 08:03:35.586 W/audio_hw_generic( 1308): Not supplying enough data to HAL, expected position 21306473 , only wrote 21306013
12-09 08:03:35.967 E/SurfaceFlinger( 1219): ro.sf.lcd_density must be defined as a build property
12-09 08:03:35.968 D/gralloc_ranchu( 1219): gralloc_alloc: Creating ashmem region of size 3686400
12-09 08:03:36.068 D/        (10493): HostConnection::get() New Host Connection established 0x7ff3a9a12480, tid 10493
12-09 08:03:36.098 W/audio_hw_generic( 1308): Not supplying enough data to HAL, expected position 21328583 , only wrote 21328487
12-09 08:03:36.098 W/audio_hw_generic( 1308): Not supplying enough data to HAL, expected position 21328495 , only wrote 21328487
12-09 08:03:36.125 W/audio_hw_generic( 1308): Not supplying enough data to HAL, expected position 21329664 , only wrote 21329148
12-09 08:03:36.130 E/EGL_emulation( 1219): tid 1219: eglCreateSyncKHR(1881): error 0x3004 (EGL_BAD_ATTRIBUTE)
12-09 08:03:36.848 W/audio_hw_generic( 1308): Not supplying enough data to HAL, expected position 21361061 , only wrote 21360876
12-09 08:03:36.889 W/audio_hw_generic( 1308): Hardware backing HAL too slow, could only write 0 of 661 frames
12-09 08:03:36.913 W/audio_hw_generic( 1308): Hardware backing HAL too slow, could only write 0 of 661 frames
12-09 08:03:36.982 W/audio_hw_generic( 1308): Not supplying enough data to HAL, expected position 21366767 , only wrote 21366164
12-09 08:03:36.982 W/audio_hw_generic( 1308): Not supplying enough data to HAL, expected position 21366171 , only wrote 21366164
12-09 08:03:36.998 W/audio_hw_generic( 1308): Not supplying enough data to HAL, expected position 21366874 , only wrote 21366825
12-09 08:03:37.111 I/System.out(10417): URI: //gesture
12-09 08:03:37.111 I/System.out(10417): params: {json={"query_timeout":5.0,"gestures":[{"query_string":"android.widget.TabWidget descendant TextView index:0","touches":[{"x":50,"y":50,"offset_x":0,"offset_y":0,"wait":0.0,"time":0.2,"release":true,"query_string":null}]}]}
12-09 08:03:37.111 I/System.out(10417): }
12-09 08:03:37.250 W/audio_hw_generic( 1308): Not supplying enough data to HAL, expected position 21377937 , only wrote 21376079
12-09 08:03:37.250 W/audio_hw_generic( 1308): Not supplying enough data to HAL, expected position 21376086 , only wrote 21376079
12-09 08:03:37.270 W/audio_hw_generic( 1308): Not supplying enough data to HAL, expected position 21376952 , only wrote 21376740
12-09 08:03:37.407 W/audio_hw_generic( 1308): Not supplying enough data to HAL, expected position 21382761 , only wrote 21382689
12-09 08:03:37.407 W/audio_hw_generic( 1308): Hardware backing HAL too slow, could only write 0 of 661 frames
12-09 08:03:37.438 W/audio_hw_generic( 1308): Hardware backing HAL too slow, could only write 0 of 661 frames
12-09 08:03:37.452 W/audio_hw_generic( 1308): Hardware backing HAL too slow, could only write 0 of 661 frames
12-09 08:03:37.474 W/audio_hw_generic( 1308): Hardware backing HAL too slow, could only write 0 of 661 frames
12-09 08:03:37.734 W/audio_hw_generic( 1308): Not supplying enough data to HAL, expected position 21397120 , only wrote 21396570
12-09 08:03:37.734 W/audio_hw_generic( 1308): Not supplying enough data to HAL, expected position 21396577 , only wrote 21396570
12-09 08:03:37.750 W/audio_hw_generic( 1308): Not supplying enough data to HAL, expected position 21397265 , only wrote 21397231
12-09 08:03:37.786 W/audio_hw_generic( 1308): Hardware backing HAL too slow, could only write 0 of 661 frames
12-09 08:03:37.795 W/audio_hw_generic( 1308): Hardware backing HAL too slow, could only write 0 of 661 frames
12-09 08:03:37.837 W/audio_hw_generic( 1308): Not supplying enough data to HAL, expected position 21401050 , only wrote 21400536
12-09 08:03:37.854 W/audio_hw_generic( 1308): Not supplying enough data to HAL, expected position 21401290 , only wrote 21401197
12-09 08:03:37.862 D/AudioFlinger( 1308): mixer(0xf4300000) throttle end: throttle time(37)
12-09 08:03:37.962 W/audio_hw_generic( 1308): Hardware backing HAL too slow, could only write 0 of 661 frames
12-09 08:03:37.968 I/art     (10417): Background sticky concurrent mark sweep GC freed 32450(1463KB) AllocSpace objects, 0(0B) LOS objects, 15% free, 3MB/4MB, paused 2.113ms total 169.099ms
12-09 08:03:38.063 W/audio_hw_generic( 1308): Not supplying enough data to HAL, expected position 21410408 , only wrote 21409790
12-09 08:03:38.063 W/audio_hw_generic( 1308): Not supplying enough data to HAL, expected position 21409797 , only wrote 21409790
12-09 08:03:38.078 W/audio_hw_generic( 1308): Not supplying enough data to HAL, expected position 21410456 , only wrote 21410451
12-09 08:03:38.113 W/audio_hw_generic( 1308): Not supplying enough data to HAL, expected position 21411990 , only wrote 21411773
12-09 08:03:38.413 W/audio_hw_generic( 1308): Not supplying enough data to HAL, expected position 21425021 , only wrote 21424993
12-09 08:03:38.442 W/audio_hw_generic( 1308): Not supplying enough data to HAL, expected position 21426242 , only wrote 21424993
12-09 08:03:38.626 E/SurfaceFlinger( 1219): ro.sf.lcd_density must be defined as a build property
12-09 08:03:38.665 W/audio_hw_generic( 1308): Not supplying enough data to HAL, expected position 21434840 , only wrote 21430281
12-09 08:03:38.665 W/audio_hw_generic( 1308): Not supplying enough data to HAL, expected position 21430292 , only wrote 21430281
12-09 08:03:38.683 W/audio_hw_generic( 1308): Not supplying enough data to HAL, expected position 21431066 , only wrote 21430942
12-09 08:03:38.686 D/gralloc_ranchu( 1219): gralloc_alloc: Creating ashmem region of size 3686400
12-09 08:03:38.817 W/audio_hw_generic( 1308): Hardware backing HAL too slow, could only write 0 of 661 frames
12-09 08:03:38.819 D/        (10498): HostConnection::get() New Host Connection established 0x7fe4f3d52480, tid 10498
