--------- beginning of main
12-09 08:03:40.551 D/AndroidRuntime(11214): >>>>>> START com.android.internal.os.RuntimeInit uid 0 <<<<<<
12-09 08:03:40.556 D/AndroidRuntime(11214): CheckJNI is ON
12-09 08:03:40.573 D/ICU     (11214): No timezone override file found: /data/misc/zoneinfo/current/icu/icu_tzdata.dat
12-09 08:03:40.871 E/memtrack(11214): Couldn't load memtrack module (No such file or directory)
12-09 08:03:40.875 E/android.os.Debug(11214): failed to load memtrack module: -2
12-09 08:03:40.876 I/Radio-JNI(11214): register_android_hardware_Radio DONE
12-09 08:03:40.890 D/AndroidRuntime(11214): Calling main entry com.android.commands.am.Am
--------- beginning of system
12-09 08:03:40.892 I/ActivityManager( 1596): Force stopping com.evancharlton.mileage appid=10127 user=0: start instr
12-09 08:03:40.892 I/ActivityManager( 1596): Killing 11197:com.evancharlton.mileage/u0a127 (adj 0): stop com.evancharlton.mileage
12-09 08:03:41.011 W/ActivityManager( 1596): Crash of app com.evancharlton.mileage running instrumentation ComponentInfo{com.evancharlton.mileage.test/sh.calaba.instrumentationbackend.ClearAppData2}
12-09 08:03:41.011 I/ActivityManager( 1596): Force stopping com.evancharlton.mileage appid=10127 user=0: finished inst
12-09 08:03:41.030 I/ActivityManager( 1596): Start proc 11223:com.evancharlton.mileage/u0a127 for added application com.evancharlton.mileage
12-09 08:03:41.034 D/AndroidRuntime(11214): Shutting down VM
12-09 08:03:41.190 W/System  (11223): ClassLoader referenced unknown path: /data/app/com.evancharlton.mileage.test-1/lib/x86_64
12-09 08:03:41.190 W/System  (11223): ClassLoader referenced unknown path: /data/app/com.evancharlton.mileage-1/lib/x86_64
12-09 08:03:41.284 I/System.out(11223): Main activity name automatically set to: com.evancharlton.mileage.Mileage
12-09 08:03:41.284 I/System.out(11223): Calabash did not load Mono. This is only a problem if you are trying to test a Mono application
12-09 08:03:41.284 I/calabash(11223): Test server port: 7102
12-09 08:03:41.285 I/InstrumentationBackend(11223): Added:'GetPreferences', with key:'get_preferences'
12-09 08:03:41.416 I/InstrumentationBackend(11223): Added:'SetPreferences', with key:'set_preferences'
12-09 08:03:41.416 I/InstrumentationBackend(11223): Added:'ClearPreferences', with key:'clear_preferences'
12-09 08:03:41.417 I/InstrumentationBackend(11223): Added:'PressElement', with key:'press_l10n_element'
12-09 08:03:41.417 I/InstrumentationBackend(11223): Added:'WaitForElement', with key:'wait_for_l10n_element'
12-09 08:03:41.417 I/InstrumentationBackend(11223): Added:'NullAction', with key:'nullAction'
12-09 08:03:41.417 I/InstrumentationBackend(11223): Added:'PressKey', with key:'press_key'
12-09 08:03:41.418 I/InstrumentationBackend(11223): Added:'SetActivityOrientation', with key:'set_activity_orientation'
12-09 08:03:41.418 I/InstrumentationBackend(11223): Added:'GetActivityOrientation', with key:'get_activity_orientation'
12-09 08:03:41.423 I/InstrumentationBackend(11223): Added:'FakeGPSLocation', with key:'set_gps_coordinates'
12-09 08:03:41.426 I/InstrumentationBackend(11223): Added:'SetPropertyByCssSelector', with key:'set_property_by_css_selector'
12-09 08:03:41.427 I/InstrumentationBackend(11223): Added:'GetUrl', with key:'get_url'
12-09 08:03:41.439 I/InstrumentationBackend(11223): Added:'ScrollTo', with key:'scroll_to'
12-09 08:03:41.440 I/InstrumentationBackend(11223): Added:'GetLoadProgress', with key:'get_load_progress'
12-09 08:03:41.440 I/InstrumentationBackend(11223): Added:'DumpHtml', with key:'dump_html'
12-09 08:03:41.443 I/InstrumentationBackend(11223): Added:'DumpBodyHtml', with key:'dump_body_html'
12-09 08:03:41.443 I/InstrumentationBackend(11223): Added:'EnterTextByCssSelector', with key:'enter_text_by_selector'
12-09 08:03:41.451 I/InstrumentationBackend(11223): Added:'AndroidSDKVersion', with key:'android_sdk_version'
12-09 08:03:41.452 I/InstrumentationBackend(11223): Added:'Version', with key:'version'
12-09 08:03:41.452 I/InstrumentationBackend(11223): Added:'Drag', with key:'drag'
12-09 08:03:41.452 I/InstrumentationBackend(11223): Added:'TouchCoordinates', with key:'touch_coordinate'
12-09 08:03:41.452 I/InstrumentationBackend(11223): Added:'LongPressCoordinate', with key:'long_press_coordinate'
12-09 08:03:41.452 I/InstrumentationBackend(11223): Added:'DragCoordinates', with key:'drag_coordinates'
12-09 08:03:41.453 I/InstrumentationBackend(11223): Added:'ResumeApplication', with key:'resume_application'
12-09 08:03:41.453 I/InstrumentationBackend(11223): Added:'Swipe', with key:'swipe'
12-09 08:03:41.453 I/InstrumentationBackend(11223): Added:'DoubleTapCoordinate', with key:'double_tap_coordinate'
12-09 08:03:41.453 I/InstrumentationBackend(11223): Added:'ClickOnScreen', with key:'click_on_screen'
12-09 08:03:41.453 I/InstrumentationBackend(11223): Added:'GetActivityName', with key:'get_activity_name'
12-09 08:03:41.454 I/InstrumentationBackend(11223): Added:'ScrollToView', with key:'scroll_to_view'
12-09 08:03:41.454 I/InstrumentationBackend(11223): Added:'ViewConfiguration', with key:'view_configuration'
12-09 08:03:41.459 I/InstrumentationBackend(11223): Added:'IsCurrentActivityFocused', with key:'is_current_activity_focused'
12-09 08:03:41.459 I/InstrumentationBackend(11223): Added:'SendTcp', with key:'send_tcp'
12-09 08:03:41.459 I/InstrumentationBackend(11223): Added:'DpToDevicePixel', with key:'dp_to_device_pixel'
12-09 08:03:41.460 I/InstrumentationBackend(11223): Added:'KeyboardEnterText', with key:'keyboard_enter_text'
12-09 08:03:41.460 I/InstrumentationBackend(11223): Added:'DeleteSurroundingText', with key:'delete_surrounding_text'
12-09 08:03:41.461 I/InstrumentationBackend(11223): Added:'SetComposingRegion', with key:'set_composing_region'
12-09 08:03:41.461 I/InstrumentationBackend(11223): Added:'SetSelection', with key:'set_selection'
12-09 08:03:41.461 I/InstrumentationBackend(11223): Added:'KeyboardKeyEvent', with key:'keyboard_key_event'
12-09 08:03:41.461 I/InstrumentationBackend(11223): Added:'PressUserActionButton', with key:'press_user_action_button'
12-09 08:03:41.462 I/InstrumentationBackend(11223): Added:'HideSoftKeyboard', with key:'hide_soft_keyboard'
12-09 08:03:41.462 I/InstrumentationBackend(11223): Added:'ListActions', with key:'list_actions'
12-09 08:03:41.466 I/calabash(11223): Instantiating http server at 7102
12-09 08:03:41.538 I/System.out(11223): HTTP Daemon listening on: 7102
12-09 08:03:41.903 I/System.out(11223): URI: //ping
12-09 08:03:41.903 I/System.out(11223): params: {json={}
12-09 08:03:41.904 I/System.out(11223): }
12-09 08:03:41.908 I/art     (11223): Background partial concurrent mark sweep GC freed 38558(1536KB) AllocSpace objects, 0(0B) LOS objects, 45% free, 1224KB/2MB, paused 1.958ms total 586.615ms
12-09 08:03:42.015 I/System.out(11223): URI: //ping
12-09 08:03:42.015 I/System.out(11223): params: {json={}
12-09 08:03:42.015 I/System.out(11223): }
12-09 08:03:42.068 I/System.out(11223): URI: //ready
12-09 08:03:42.068 I/System.out(11223): params: {json={}
12-09 08:03:42.068 I/System.out(11223): }
12-09 08:03:42.158 I/System.out(11223): URI: //
12-09 08:03:42.158 I/System.out(11223): params: {json={"command":"version","arguments":[]}
12-09 08:03:42.158 I/System.out(11223): }
12-09 08:03:42.158 I/System.out(11223): header: {date=Sun, 09 Dec 2018 08:03:42 GMT, accept=*/*, content-length=36, host=127.0.0.1:34777, user-agent=HTTPClient/1.0 (2.8.3, ruby 2.3.1 (2016-04-26)), content-type=application/json;charset=utf-8}
12-09 08:03:42.158 I/System.out(11223): params: {json={"command":"version","arguments":[]}
12-09 08:03:42.158 I/System.out(11223): }
12-09 08:03:42.158 I/System.out(11223): ProP json = {"command":"version","arguments":[]}
12-09 08:03:42.159 I/System.out(11223): files: {}
12-09 08:03:42.159 I/System.out(11223): command: {"command":"version","arguments":[]}
12-09 08:03:42.169 I/InstrumentationBackend(11223): Got command:'Command:'Line:null,version', arguments:'[]'
12-09 08:03:42.271 I/System.out(11223): result:{"bonusInformation":[],"message":"0.9.8","success":true}
12-09 08:03:42.363 I/System.out(11223): URI: //start-application
12-09 08:03:42.377 I/System.out(11223): params: {json={"intent":null}
12-09 08:03:42.377 I/System.out(11223): }
12-09 08:03:42.467 I/ActivityManager( 1596): START u0 {act=android.intent.action.MAIN cat=[android.intent.category.LAUNCHER] flg=0x10200000 cmp=com.evancharlton.mileage/.Mileage} from uid 10127 on display 0
12-09 08:03:42.519 I/calabash(11223): newActivity1
12-09 08:03:42.745 W/art     ( 1596): Long monitor contention event with owner method=void com.android.server.am.ActivityManagerService.activityPaused(android.os.IBinder) from ActivityManagerService.java:6439 waiters=1 for 234ms
12-09 08:03:42.805 D/gralloc_ranchu( 1219): gralloc_alloc: Creating ashmem region of size 3686400
12-09 08:03:42.825 I/calabash(11223): newActivity1
12-09 08:03:42.831 W/ActivityManager( 1596): Bad activity token: android.os.BinderProxy@80c687f
12-09 08:03:42.831 W/ActivityManager( 1596): java.lang.ClassCastException: android.os.BinderProxy cannot be cast to com.android.server.am.ActivityRecord$Token
12-09 08:03:42.831 W/ActivityManager( 1596): 	at com.android.server.am.ActivityRecord.forTokenLocked(ActivityRecord.java:424)
12-09 08:03:42.831 W/ActivityManager( 1596): 	at com.android.server.am.ActivityRecord.isInStackLocked(ActivityRecord.java:1121)
12-09 08:03:42.831 W/ActivityManager( 1596): 	at com.android.server.am.ActivityRecord.getStackLocked(ActivityRecord.java:1126)
12-09 08:03:42.831 W/ActivityManager( 1596): 	at com.android.server.am.ActivityManagerService.getActivityDisplayId(ActivityManagerService.java:8889)
12-09 08:03:42.831 W/ActivityManager( 1596): 	at android.app.ActivityManagerNative.onTransact(ActivityManagerNative.java:2338)
12-09 08:03:42.831 W/ActivityManager( 1596): 	at com.android.server.am.ActivityManagerService.onTransact(ActivityManagerService.java:2443)
12-09 08:03:42.831 W/ActivityManager( 1596): 	at android.os.Binder.execTransact(Binder.java:453)
12-09 08:03:42.832 W/ActivityManager( 1596): Bad activity token: android.os.BinderProxy@80c687f
12-09 08:03:42.832 W/ActivityManager( 1596): java.lang.ClassCastException: android.os.BinderProxy cannot be cast to com.android.server.am.ActivityRecord$Token
12-09 08:03:42.832 W/ActivityManager( 1596): 	at com.android.server.am.ActivityRecord.forTokenLocked(ActivityRecord.java:424)
12-09 08:03:42.832 W/ActivityManager( 1596): 	at com.android.server.am.ActivityRecord.isInStackLocked(ActivityRecord.java:1121)
12-09 08:03:42.832 W/ActivityManager( 1596): 	at com.android.server.am.ActivityManagerService.setTaskDescription(ActivityManagerService.java:8547)
12-09 08:03:42.832 W/ActivityManager( 1596): 	at android.app.ActivityManagerNative.onTransact(ActivityManagerNative.java:2410)
12-09 08:03:42.832 W/ActivityManager( 1596): 	at com.android.server.am.ActivityManagerService.onTransact(ActivityManagerService.java:2443)
12-09 08:03:42.832 W/ActivityManager( 1596): 	at android.os.Binder.execTransact(Binder.java:453)
12-09 08:03:43.061 V/PhoneStatusBar( 1695): setLightsOn(true)
12-09 08:03:43.073 D/EGL_emulation( 1928): eglMakeCurrent: 0x7fe0556f5040: ver 2 0 (tinfo 0x7fe0556c2e60)
12-09 08:03:43.087 E/Surface ( 1928): getSlotFromBufferLocked: unknown buffer: 0x7fe051c96060
12-09 08:03:43.280 D/FillupsProvider(11223): Creating database
12-09 08:03:43.692 W/ActivityManager( 1596): Bad activity token: android.os.BinderProxy@80c687f
12-09 08:03:43.692 W/ActivityManager( 1596): java.lang.ClassCastException: android.os.BinderProxy cannot be cast to com.android.server.am.ActivityRecord$Token
12-09 08:03:43.692 W/ActivityManager( 1596): 	at com.android.server.am.ActivityRecord.forTokenLocked(ActivityRecord.java:424)
12-09 08:03:43.692 W/ActivityManager( 1596): 	at com.android.server.am.ActivityRecord.isInStackLocked(ActivityRecord.java:1121)
12-09 08:03:43.692 W/ActivityManager( 1596): 	at com.android.server.am.ActivityManagerService.getActivityOptions(ActivityManagerService.java:11038)
12-09 08:03:43.692 W/ActivityManager( 1596): 	at android.app.ActivityManagerNative.onTransact(ActivityManagerNative.java:1734)
12-09 08:03:43.692 W/ActivityManager( 1596): 	at com.android.server.am.ActivityManagerService.onTransact(ActivityManagerService.java:2443)
12-09 08:03:43.692 W/ActivityManager( 1596): 	at android.os.Binder.execTransact(Binder.java:453)
12-09 08:03:43.693 W/ActivityManager( 1596): Bad activity token: android.os.BinderProxy@80c687f
12-09 08:03:43.693 W/ActivityManager( 1596): java.lang.ClassCastException: android.os.BinderProxy cannot be cast to com.android.server.am.ActivityRecord$Token
12-09 08:03:43.693 W/ActivityManager( 1596): 	at com.android.server.am.ActivityRecord.forTokenLocked(ActivityRecord.java:424)
12-09 08:03:43.693 W/ActivityManager( 1596): 	at com.android.server.am.ActivityRecord.isInStackLocked(ActivityRecord.java:1121)
12-09 08:03:43.693 W/ActivityManager( 1596): 	at com.android.server.am.ActivityManagerService.getActivityOptions(ActivityManagerService.java:11038)
12-09 08:03:43.693 W/ActivityManager( 1596): 	at android.app.ActivityManagerNative.onTransact(ActivityManagerNative.java:1734)
12-09 08:03:43.693 W/ActivityManager( 1596): 	at com.android.server.am.ActivityManagerService.onTransact(ActivityManagerService.java:2443)
12-09 08:03:43.693 W/ActivityManager( 1596): 	at android.os.Binder.execTransact(Binder.java:453)
12-09 08:03:44.170 W/art     ( 1596): Long monitor contention event with owner method=java.util.List com.android.server.am.ActivityManagerService.getAllStackInfos() from ActivityManagerService.java:8937 waiters=0 for 115ms
12-09 08:03:44.536 D/gralloc_ranchu( 1219): gralloc_alloc: Creating ashmem region of size 3686400
12-09 08:03:44.795 D/        (11223): HostConnection::get() New Host Connection established 0x7fe051cfd100, tid 11223
12-09 08:03:44.901 I/ActivityManager( 1596): Displayed com.evancharlton.mileage/.Mileage: +2s400ms
12-09 08:03:44.920 D/gralloc_ranchu( 1219): gralloc_alloc: Creating ashmem region of size 3686400
12-09 08:03:45.351 I/art     (11223): Background sticky concurrent mark sweep GC freed 3708(179KB) AllocSpace objects, 0(0B) LOS objects, 0% free, 2MB/2MB, paused 6.433ms total 53.071ms
12-09 08:03:45.460 I/System.out(11223): URI: //gesture
12-09 08:03:45.460 I/System.out(11223): params: {json={"query_timeout":5.0,"gestures":[{"query_string":"android.widget.TabWidget descendant TextView index:3","touches":[{"x":50,"y":50,"offset_x":0,"offset_y":0,"wait":0.0,"time":0.2,"release":true,"query_string":null}]}]}
12-09 08:03:45.460 I/System.out(11223): }
12-09 08:03:45.657 D/gralloc_ranchu( 1219): gralloc_alloc: Creating ashmem region of size 3686400
12-09 08:03:46.132 I/calabash(11223): newActivity1
12-09 08:03:46.133 W/ActivityManager( 1596): Bad activity token: android.os.BinderProxy@f19513
12-09 08:03:46.133 W/ActivityManager( 1596): java.lang.ClassCastException: android.os.BinderProxy cannot be cast to com.android.server.am.ActivityRecord$Token
12-09 08:03:46.133 W/ActivityManager( 1596): 	at com.android.server.am.ActivityRecord.forTokenLocked(ActivityRecord.java:424)
12-09 08:03:46.133 W/ActivityManager( 1596): 	at com.android.server.am.ActivityRecord.isInStackLocked(ActivityRecord.java:1121)
12-09 08:03:46.133 W/ActivityManager( 1596): 	at com.android.server.am.ActivityRecord.getStackLocked(ActivityRecord.java:1126)
12-09 08:03:46.133 W/ActivityManager( 1596): 	at com.android.server.am.ActivityManagerService.getActivityDisplayId(ActivityManagerService.java:8889)
12-09 08:03:46.133 W/ActivityManager( 1596): 	at android.app.ActivityManagerNative.onTransact(ActivityManagerNative.java:2338)
12-09 08:03:46.133 W/ActivityManager( 1596): 	at com.android.server.am.ActivityManagerService.onTransact(ActivityManagerService.java:2443)
12-09 08:03:46.133 W/ActivityManager( 1596): 	at android.os.Binder.execTransact(Binder.java:453)
12-09 08:03:46.134 W/ActivityManager( 1596): Bad activity token: android.os.BinderProxy@f19513
12-09 08:03:46.134 W/ActivityManager( 1596): java.lang.ClassCastException: android.os.BinderProxy cannot be cast to com.android.server.am.ActivityRecord$Token
12-09 08:03:46.134 W/ActivityManager( 1596): 	at com.android.server.am.ActivityRecord.forTokenLocked(ActivityRecord.java:424)
12-09 08:03:46.134 W/ActivityManager( 1596): 	at com.android.server.am.ActivityRecord.isInStackLocked(ActivityRecord.java:1121)
12-09 08:03:46.134 W/ActivityManager( 1596): 	at com.android.server.am.ActivityManagerService.setTaskDescription(ActivityManagerService.java:8547)
12-09 08:03:46.134 W/ActivityManager( 1596): 	at android.app.ActivityManagerNative.onTransact(ActivityManagerNative.java:2410)
12-09 08:03:46.134 W/ActivityManager( 1596): 	at com.android.server.am.ActivityManagerService.onTransact(ActivityManagerService.java:2443)
12-09 08:03:46.134 W/ActivityManager( 1596): 	at android.os.Binder.execTransact(Binder.java:453)
12-09 08:03:46.174 W/audio_hw_generic( 1309): Hardware backing HAL too slow, could only write 0 of 661 frames
12-09 08:03:46.195 W/audio_hw_generic( 1309): Hardware backing HAL too slow, could only write 0 of 661 frames
12-09 08:03:46.215 W/ActivityManager( 1596): Bad activity token: android.os.BinderProxy@f19513
12-09 08:03:46.215 W/ActivityManager( 1596): java.lang.ClassCastException: android.os.BinderProxy cannot be cast to com.android.server.am.ActivityRecord$Token
12-09 08:03:46.215 W/ActivityManager( 1596): 	at com.android.server.am.ActivityRecord.forTokenLocked(ActivityRecord.java:424)
12-09 08:03:46.215 W/ActivityManager( 1596): 	at com.android.server.am.ActivityRecord.isInStackLocked(ActivityRecord.java:1121)
12-09 08:03:46.215 W/ActivityManager( 1596): 	at com.android.server.am.ActivityManagerService.getActivityOptions(ActivityManagerService.java:11038)
12-09 08:03:46.215 W/ActivityManager( 1596): 	at android.app.ActivityManagerNative.onTransact(ActivityManagerNative.java:1734)
12-09 08:03:46.215 W/ActivityManager( 1596): 	at com.android.server.am.ActivityManagerService.onTransact(ActivityManagerService.java:2443)
12-09 08:03:46.215 W/ActivityManager( 1596): 	at android.os.Binder.execTransact(Binder.java:453)
12-09 08:03:46.239 W/ActivityManager( 1596): Bad activity token: android.os.BinderProxy@f19513
12-09 08:03:46.239 W/ActivityManager( 1596): java.lang.ClassCastException: android.os.BinderProxy cannot be cast to com.android.server.am.ActivityRecord$Token
12-09 08:03:46.239 W/ActivityManager( 1596): 	at com.android.server.am.ActivityRecord.forTokenLocked(ActivityRecord.java:424)
12-09 08:03:46.239 W/ActivityManager( 1596): 	at com.android.server.am.ActivityRecord.isInStackLocked(ActivityRecord.java:1121)
12-09 08:03:46.239 W/ActivityManager( 1596): 	at com.android.server.am.ActivityManagerService.getActivityOptions(ActivityManagerService.java:11038)
12-09 08:03:46.239 W/ActivityManager( 1596): 	at android.app.ActivityManagerNative.onTransact(ActivityManagerNative.java:1734)
12-09 08:03:46.239 W/ActivityManager( 1596): 	at com.android.server.am.ActivityManagerService.onTransact(ActivityManagerService.java:2443)
12-09 08:03:46.239 W/ActivityManager( 1596): 	at android.os.Binder.execTransact(Binder.java:453)
12-09 08:03:46.280 I/System.out(11223): URI: //map
12-09 08:03:46.280 I/System.out(11223): params: {json={"query":"android.widget.ListView index:0 android.widget.TextView index:0","operation":{"method_name":"query","arguments":[]}}
12-09 08:03:46.280 I/System.out(11223): }
12-09 08:03:46.346 I/art     (11223): Background sticky concurrent mark sweep GC freed 46676(2MB) AllocSpace objects, 1(20KB) LOS objects, 3% free, 2MB/3MB, paused 2.263ms total 231.480ms
12-09 08:03:46.363 W/art     (11223): Suspending all threads took: 8.480ms
12-09 08:03:46.414 I/art     (11223): Background sticky concurrent mark sweep GC freed 12792(548KB) AllocSpace objects, 2(40KB) LOS objects, 13% free, 2MB/3MB, paused 9.683ms total 50.170ms
12-09 08:03:46.495 W/audio_hw_generic( 1309): Not supplying enough data to HAL, expected position 20370423 , only wrote 20368054
12-09 08:03:46.495 W/audio_hw_generic( 1309): Not supplying enough data to HAL, expected position 20368061 , only wrote 20368054
12-09 08:03:46.511 W/audio_hw_generic( 1309): Not supplying enough data to HAL, expected position 20368742 , only wrote 20368715
12-09 08:03:46.561 W/audio_hw_generic( 1309): Hardware backing HAL too slow, could only write 0 of 661 frames
12-09 08:03:46.563 I/System.out(11223): URI: //gesture
12-09 08:03:46.563 I/System.out(11223): params: {json={"query_timeout":5.0,"gestures":[{"query_string":"android.widget.ListView index:0 android.widget.TextView index:0","touches":[{"x":50,"y":50,"offset_x":0,"offset_y":0,"wait":0.0,"time":0.2,"release":true,"query_string":null}]}]}
12-09 08:03:46.563 I/System.out(11223): }
12-09 08:03:46.616 I/art     (11223): Background sticky concurrent mark sweep GC freed 34367(1568KB) AllocSpace objects, 1(20KB) LOS objects, 2% free, 3MB/3MB, paused 5.788ms total 85.405ms
12-09 08:03:46.654 W/audio_hw_generic( 1309): Hardware backing HAL too slow, could only write 0 of 661 frames
12-09 08:03:46.670 I/art     (11223): Background sticky concurrent mark sweep GC freed 17946(689KB) AllocSpace objects, 1(20KB) LOS objects, 18% free, 2MB/3MB, paused 8.672ms total 41.775ms
12-09 08:03:46.680 W/audio_hw_generic( 1309): Hardware backing HAL too slow, could only write 0 of 661 frames
12-09 08:03:46.811 W/audio_hw_generic( 1309): Not supplying enough data to HAL, expected position 20381954 , only wrote 20381935
12-09 08:03:46.947 W/audio_hw_generic( 1309): Not supplying enough data to HAL, expected position 20387945 , only wrote 20387884
12-09 08:03:46.947 W/audio_hw_generic( 1309): Not supplying enough data to HAL, expected position 20387891 , only wrote 20387884
12-09 08:03:46.963 W/audio_hw_generic( 1309): Not supplying enough data to HAL, expected position 20388550 , only wrote 20388545
12-09 08:03:47.023 W/audio_hw_generic( 1309): Not supplying enough data to HAL, expected position 20391190 , only wrote 20391189
12-09 08:03:47.039 W/audio_hw_generic( 1309): Hardware backing HAL too slow, could only write 0 of 661 frames
12-09 08:03:47.058 W/audio_hw_generic( 1309): Hardware backing HAL too slow, could only write 0 of 661 frames
12-09 08:03:47.075 W/audio_hw_generic( 1309): Hardware backing HAL too slow, could only write 0 of 661 frames
12-09 08:03:47.101 W/audio_hw_generic( 1309): Hardware backing HAL too slow, could only write 0 of 661 frames
12-09 08:03:47.118 W/audio_hw_generic( 1309): Hardware backing HAL too slow, could only write 0 of 661 frames
12-09 08:03:47.135 W/audio_hw_generic( 1309): Hardware backing HAL too slow, could only write 0 of 661 frames
12-09 08:03:47.177 I/art     (11223): Background sticky concurrent mark sweep GC freed 27314(1259KB) AllocSpace objects, 0(0B) LOS objects, 12% free, 2MB/3MB, paused 8.125ms total 87.885ms
12-09 08:03:47.180 I/ActivityManager( 1596): START u0 {cmp=com.evancharlton.mileage/.VehicleActivity (has extras)} from uid 10127 on display 0
12-09 08:03:47.339 W/audio_hw_generic( 1309): Not supplying enough data to HAL, expected position 20405124 , only wrote 20404409
12-09 08:03:47.339 W/audio_hw_generic( 1309): Not supplying enough data to HAL, expected position 20404416 , only wrote 20404409
12-09 08:03:47.628 W/audio_hw_generic( 1309): Not supplying enough data to HAL, expected position 20417186 , only wrote 20413002
12-09 08:03:47.629 W/audio_hw_generic( 1309): Not supplying enough data to HAL, expected position 20413010 , only wrote 20413002
12-09 08:03:47.637 W/art     ( 1596): Long monitor contention event with owner method=void com.android.server.am.ActivityManagerService.activityPaused(android.os.IBinder) from ActivityManagerService.java:6439 waiters=1 for 146ms
12-09 08:03:47.652 I/calabash(11223): newActivity1
12-09 08:03:47.672 W/audio_hw_generic( 1309): Not supplying enough data to HAL, expected position 20414893 , only wrote 20413663
12-09 08:03:47.817 E/SurfaceFlinger( 1219): ro.sf.lcd_density must be defined as a build property
12-09 08:03:47.818 D/gralloc_ranchu( 1219): gralloc_alloc: Creating ashmem region of size 3686400
12-09 08:03:47.891 D/        (11251): HostConnection::get() New Host Connection established 0x7fd882a92480, tid 11251
12-09 08:03:47.991 E/EGL_emulation( 1219): tid 1219: eglCreateSyncKHR(1881): error 0x3004 (EGL_BAD_ATTRIBUTE)
12-09 08:03:48.018 W/art     (11223): Suspending all threads took: 35.660ms
12-09 08:03:48.029 W/audio_hw_generic( 1309): Not supplying enough data to HAL, expected position 20429424 , only wrote 20428866
12-09 08:03:48.063 W/audio_hw_generic( 1309): Not supplying enough data to HAL, expected position 20430371 , only wrote 20430188
12-09 08:03:48.070 I/art     (11223): Background sticky concurrent mark sweep GC freed 4078(265KB) AllocSpace objects, 1(20KB) LOS objects, 9% free, 2MB/3MB, paused 50.280ms total 226.945ms
12-09 08:03:48.158 W/audio_hw_generic( 1309): Not supplying enough data to HAL, expected position 20434366 , only wrote 20432832
12-09 08:03:48.158 W/audio_hw_generic( 1309): Not supplying enough data to HAL, expected position 20432843 , only wrote 20432832
12-09 08:03:48.206 V/PhoneStatusBar( 1695): setLightsOn(true)
12-09 08:03:48.238 W/audio_hw_generic( 1309): Not supplying enough data to HAL, expected position 20436361 , only wrote 20433493
12-09 08:03:48.303 W/audio_hw_generic( 1309): Hardware backing HAL too slow, could only write 0 of 661 frames
12-09 08:03:48.317 W/audio_hw_generic( 1309): Hardware backing HAL too slow, could only write 0 of 661 frames
12-09 08:03:48.332 W/audio_hw_generic( 1309): Hardware backing HAL too slow, could only write 0 of 661 frames
12-09 08:03:48.408 D/gralloc_ranchu( 1219): gralloc_alloc: Creating ashmem region of size 3686400
12-09 08:03:48.571 W/audio_hw_generic( 1309): Not supplying enough data to HAL, expected position 20448159 , only wrote 20448035
12-09 08:03:48.576 W/audio_hw_generic( 1309): Hardware backing HAL too slow, could only write 0 of 661 frames
12-09 08:03:48.887 W/art     ( 1596): Long monitor contention event with owner method=void com.android.server.wm.WindowAnimator$1.doFrame(long) from WindowAnimator.java:121 waiters=1 for 207ms
12-09 08:03:49.079 W/audio_hw_generic( 1309): Not supplying enough data to HAL, expected position 20470438 , only wrote 20463899
12-09 08:03:49.079 W/audio_hw_generic( 1309): Not supplying enough data to HAL, expected position 20463906 , only wrote 20463899
12-09 08:03:49.099 W/art     ( 1596): Long monitor contention event with owner method=void com.android.server.wm.WindowAnimator$1.doFrame(long) from WindowAnimator.java:121 waiters=1 for 319ms
12-09 08:03:49.103 W/audio_hw_generic( 1309): Not supplying enough data to HAL, expected position 20464946 , only wrote 20464560
12-09 08:03:49.187 W/audio_hw_generic( 1309): Hardware backing HAL too slow, could only write 0 of 661 frames
12-09 08:03:49.187 W/audio_hw_generic( 1309): Not supplying enough data to HAL, expected position 20468277 , only wrote 20467865
12-09 08:03:49.187 W/audio_hw_generic( 1309): Not supplying enough data to HAL, expected position 20467871 , only wrote 20467865
12-09 08:03:49.187 W/audio_hw_generic( 1309): Hardware backing HAL too slow, could only write 0 of 661 frames
12-09 08:03:49.209 W/art     ( 1596): Long monitor contention event with owner method=void com.android.server.wm.WindowAnimator$1.doFrame(long) from WindowAnimator.java:121 waiters=1 for 321ms
12-09 08:03:49.276 W/art     ( 1596): Long monitor contention event with owner method=void com.android.server.wm.WindowAnimator$1.doFrame(long) from WindowAnimator.java:121 waiters=1 for 177ms
