12-09 07:41:23.296 W/ActivityManager( 1592): 	at com.android.server.am.ActivityRecord.forTokenLocked(ActivityRecord.java:424)
12-09 07:41:23.296 W/ActivityManager( 1592): 	at com.android.server.am.ActivityRecord.isInStackLocked(ActivityRecord.java:1121)
12-09 07:41:23.296 W/ActivityManager( 1592): 	at com.android.server.am.ActivityManagerService.getActivityOptions(ActivityManagerService.java:11038)
12-09 07:41:23.296 W/ActivityManager( 1592): 	at android.app.ActivityManagerNative.onTransact(ActivityManagerNative.java:1734)
12-09 07:41:23.296 W/ActivityManager( 1592): 	at com.android.server.am.ActivityManagerService.onTransact(ActivityManagerService.java:2443)
12-09 07:41:23.296 W/ActivityManager( 1592): 	at android.os.Binder.execTransact(Binder.java:453)
12-09 07:41:23.296 W/ActivityManager( 1592): Bad activity token: android.os.BinderProxy@8ec805b
12-09 07:41:23.296 W/ActivityManager( 1592): java.lang.ClassCastException: android.os.BinderProxy cannot be cast to com.android.server.am.ActivityRecord$Token
12-09 07:41:23.296 W/ActivityManager( 1592): 	at com.android.server.am.ActivityRecord.forTokenLocked(ActivityRecord.java:424)
12-09 07:41:23.296 W/ActivityManager( 1592): 	at com.android.server.am.ActivityRecord.isInStackLocked(ActivityRecord.java:1121)
12-09 07:41:23.296 W/ActivityManager( 1592): 	at com.android.server.am.ActivityManagerService.getActivityOptions(ActivityManagerService.java:11038)
12-09 07:41:23.296 W/ActivityManager( 1592): 	at android.app.ActivityManagerNative.onTransact(ActivityManagerNative.java:1734)
12-09 07:41:23.296 W/ActivityManager( 1592): 	at com.android.server.am.ActivityManagerService.onTransact(ActivityManagerService.java:2443)
12-09 07:41:23.296 W/ActivityManager( 1592): 	at android.os.Binder.execTransact(Binder.java:453)
12-09 07:41:23.298 D/VehicleStatisticsActivity( 5013): Checking recalculation ...
12-09 07:41:23.298 D/CalculateTask( 5013): Recalculating...
12-09 07:41:23.354 D/VehicleStatisticsActivity( 5013): Recalculating statistics
12-09 07:41:23.354 D/VehicleStatisticsTask( 5013): Calculation starting...
12-09 07:41:23.354 D/VehicleStatisticsActivity( 5013): Recalculation started!
12-09 07:41:23.481 W/audio_hw_generic( 1307): Not supplying enough data to HAL, expected position 5329559 , only wrote 5325016
12-09 07:41:23.481 W/audio_hw_generic( 1307): Not supplying enough data to HAL, expected position 5325022 , only wrote 5325016
12-09 07:41:23.511 W/audio_hw_generic( 1307): Not supplying enough data to HAL, expected position 5326303 , only wrote 5325677
12-09 07:41:23.554 W/audio_hw_generic( 1307): Not supplying enough data to HAL, expected position 5327576 , only wrote 5326999
12-09 07:41:23.556 I/art     ( 5013): Background partial concurrent mark sweep GC freed 46986(2MB) AllocSpace objects, 6(120KB) LOS objects, 39% free, 3MB/6MB, paused 974us total 336.546ms
12-09 07:41:23.591 W/audio_hw_generic( 1307): Hardware backing HAL too slow, could only write 0 of 661 frames
12-09 07:41:23.608 W/audio_hw_generic( 1307): Hardware backing HAL too slow, could only write 0 of 661 frames
12-09 07:41:23.672 D/CalculateTask( 5013): Recalculating...
12-09 07:41:23.767 D/VehicleStatisticsTask( 5013): Done recalculating!
12-09 07:41:23.775 D/Mileage.ABS( 5013): Finished backup
12-09 07:41:23.790 D/Mileage.ABS( 5013): Not backing up; 16
12-09 07:41:23.881 D/VehicleStatisticsAdapter( 5013): Erasing the cache ...
12-09 07:41:23.889 D/VehicleStatisticsAdapter( 5013): Building new values ...
12-09 07:41:23.889 D/VehicleStatisticsAdapter( 5013): Writing 29 records to the database ...
12-09 07:41:23.905 W/audio_hw_generic( 1307): Hardware backing HAL too slow, could only write 0 of 661 frames
12-09 07:41:23.926 D/VehicleStatisticsTask( 5013): Done recalculating!
12-09 07:41:23.936 D/Mileage.ABS( 5013): Not backing up; 163
12-09 07:41:23.937 D/VehicleStatisticsAdapter( 5013): Erasing the cache ...
12-09 07:41:23.978 E/SurfaceFlinger( 1223): ro.sf.lcd_density must be defined as a build property
12-09 07:41:24.020 D/VehicleStatisticsAdapter( 5013): Building new values ...
12-09 07:41:24.020 D/VehicleStatisticsAdapter( 5013): Writing 29 records to the database ...
12-09 07:41:24.054 D/gralloc_ranchu( 1223): gralloc_alloc: Creating ashmem region of size 3686400
12-09 07:41:24.098 D/Mileage.ABS( 5013): Not backing up; 325
12-09 07:41:24.099 D/Mileage.ABS( 5013): Not backing up; 326
12-09 07:41:24.099 D/Mileage.ABS( 5013): Not backing up; 326
12-09 07:41:24.099 D/Mileage.ABS( 5013): Not backing up; 326
12-09 07:41:24.100 D/Mileage.ABS( 5013): Not backing up; 327
12-09 07:41:24.113 D/Mileage.ABS( 5013): Not backing up; 340
12-09 07:41:24.119 D/        ( 5137): HostConnection::get() New Host Connection established 0x7ffb61612480, tid 5137
12-09 07:41:24.138 E/EGL_emulation( 1223): tid 1223: eglCreateSyncKHR(1881): error 0x3004 (EGL_BAD_ATTRIBUTE)
12-09 07:41:24.187 D/Mileage.ABS( 5013): Not backing up; 414
12-09 07:41:24.248 W/audio_hw_generic( 1307): Not supplying enough data to HAL, expected position 5357622 , only wrote 5357405
12-09 07:41:24.248 W/audio_hw_generic( 1307): Not supplying enough data to HAL, expected position 5357411 , only wrote 5357405
12-09 07:41:24.272 W/audio_hw_generic( 1307): Not supplying enough data to HAL, expected position 5358452 , only wrote 5358066
12-09 07:41:24.309 D/Mileage.ABS( 5013): Not backing up; 536
12-09 07:41:24.314 W/audio_hw_generic( 1307): Not supplying enough data to HAL, expected position 5359903 , only wrote 5359388
12-09 07:41:24.356 D/Mileage.ABS( 5013): Not backing up; 583
12-09 07:41:24.371 D/Mileage.ABS( 5013): Not backing up; 598
12-09 07:41:24.419 D/Mileage.ABS( 5013): Not backing up; 646
12-09 07:41:24.560 D/Mileage.ABS( 5013): Not backing up; 787
12-09 07:41:24.560 D/Mileage.ABS( 5013): Not backing up; 787
12-09 07:41:24.560 D/Mileage.ABS( 5013): Not backing up; 787
12-09 07:41:24.574 D/Mileage.ABS( 5013): Not backing up; 788
12-09 07:41:24.574 D/Mileage.ABS( 5013): Not backing up; 801
12-09 07:41:24.574 D/Mileage.ABS( 5013): Not backing up; 801
12-09 07:41:24.762 W/audio_hw_generic( 1307): Not supplying enough data to HAL, expected position 5379164 , only wrote 5378557
12-09 07:41:24.762 W/audio_hw_generic( 1307): Not supplying enough data to HAL, expected position 5378563 , only wrote 5378557
12-09 07:41:24.782 W/audio_hw_generic( 1307): Not supplying enough data to HAL, expected position 5379433 , only wrote 5379218
12-09 07:41:24.862 W/audio_hw_generic( 1307): Not supplying enough data to HAL, expected position 5382759 , only wrote 5381862
12-09 07:41:24.881 W/audio_hw_generic( 1307): Hardware backing HAL too slow, could only write 0 of 661 frames
12-09 07:41:24.887 I/System.out( 5013): URI: //map
12-09 07:41:24.887 I/System.out( 5013): params: {json={"query":"* {text CONTAINS[c] 'Average fuel economy'}","operation":{"method_name":"query","arguments":[]}}
12-09 07:41:24.887 I/System.out( 5013): }
12-09 07:41:24.896 W/audio_hw_generic( 1307): Hardware backing HAL too slow, could only write 0 of 661 frames
12-09 07:41:24.927 W/audio_hw_generic( 1307): Hardware backing HAL too slow, could only write 0 of 661 frames
12-09 07:41:24.947 W/audio_hw_generic( 1307): Hardware backing HAL too slow, could only write 0 of 661 frames
12-09 07:41:24.959 W/audio_hw_generic( 1307): Hardware backing HAL too slow, could only write 0 of 661 frames
12-09 07:41:24.964 D/Mileage.ABS( 5013): Finished backup
12-09 07:41:24.990 D/Mileage.ABS( 5013): Not backing up; 94
12-09 07:41:24.990 D/Mileage.ABS( 5013): Not backing up; 94
12-09 07:41:25.112 D/Mileage.ABS( 5013): Not backing up; 216
12-09 07:41:25.135 W/audio_hw_generic( 1307): Not supplying enough data to HAL, expected position 5393890 , only wrote 5393099
12-09 07:41:25.398 D/Mileage.ABS( 5013): Not backing up; 502
12-09 07:41:25.398 D/Mileage.ABS( 5013): Not backing up; 502
12-09 07:41:25.398 D/Mileage.ABS( 5013): Not backing up; 502
12-09 07:41:25.506 I/System.out( 5013): URI: //gesture
12-09 07:41:25.506 I/System.out( 5013): params: {json={"query_timeout":5.0,"gestures":[{"query_string":"* {text CONTAINS[c] 'Average fuel economy'}","touches":[{"x":50,"y":50,"offset_x":0,"offset_y":0,"wait":0.0,"time":0.2,"release":true,"query_string":null}]}]}
12-09 07:41:25.506 I/System.out( 5013): }
12-09 07:41:25.510 I/art     ( 5013): Background sticky concurrent mark sweep GC freed 63896(2MB) AllocSpace objects, 3(60KB) LOS objects, 37% free, 3MB/6MB, paused 963us total 109.622ms
12-09 07:41:25.511 D/Mileage.ABS( 5013): Not backing up; 615
12-09 07:41:25.511 D/Mileage.ABS( 5013): Not backing up; 615
12-09 07:41:25.592 W/audio_hw_generic( 1307): Not supplying enough data to HAL, expected position 5413238 , only wrote 5412929
12-09 07:41:25.592 W/audio_hw_generic( 1307): Not supplying enough data to HAL, expected position 5412935 , only wrote 5412929
12-09 07:41:25.612 W/audio_hw_generic( 1307): Not supplying enough data to HAL, expected position 5413814 , only wrote 5413590
12-09 07:41:25.665 D/Mileage.ABS( 5013): Not backing up; 768
12-09 07:41:25.671 D/Mileage.ABS( 5013): Not backing up; 775
12-09 07:41:25.707 W/audio_hw_generic( 1307): Not supplying enough data to HAL, expected position 5417762 , only wrote 5416895
12-09 07:41:25.837 W/audio_hw_generic( 1307): Not supplying enough data to HAL, expected position 5422655 , only wrote 5421522
12-09 07:41:25.837 W/audio_hw_generic( 1307): Not supplying enough data to HAL, expected position 5421528 , only wrote 5421522
12-09 07:41:25.857 W/audio_hw_generic( 1307): Not supplying enough data to HAL, expected position 5422404 , only wrote 5422183
12-09 07:41:25.976 W/audio_hw_generic( 1307): Not supplying enough data to HAL, expected position 5427395 , only wrote 5423505
12-09 07:41:26.007 W/audio_hw_generic( 1307): Not supplying enough data to HAL, expected position 5424906 , only wrote 5424827
12-09 07:41:26.039 W/audio_hw_generic( 1307): Hardware backing HAL too slow, could only write 0 of 661 frames
12-09 07:41:26.054 W/audio_hw_generic( 1307): Hardware backing HAL too slow, could only write 0 of 661 frames
12-09 07:41:26.057 D/Mileage.ABS( 5013): Finished backup
12-09 07:41:26.067 D/Mileage.ABS( 5013): Not backing up; 12
12-09 07:41:26.103 I/ActivityManager( 1592): START u0 {cmp=com.evancharlton.mileage/.charts.AverageFuelEconomyChart (has extras)} from uid 10117 on display 0
12-09 07:41:26.160 D/AudioFlinger( 1307): mixer(0xf4380000) throttle end: throttle time(11)
12-09 07:41:26.256 W/audio_hw_generic( 1307): Not supplying enough data to HAL, expected position 5435789 , only wrote 5435403
12-09 07:41:26.256 W/audio_hw_generic( 1307): Not supplying enough data to HAL, expected position 5435410 , only wrote 5435403
12-09 07:41:26.276 W/audio_hw_generic( 1307): Not supplying enough data to HAL, expected position 5436267 , only wrote 5436064
12-09 07:41:26.415 W/audio_hw_generic( 1307): Not supplying enough data to HAL, expected position 5442183 , only wrote 5442013
12-09 07:41:26.422 I/calabash( 5013): newActivity1
12-09 07:41:26.424 D/Mileage.ABS( 5013): Not backing up; 369
12-09 07:41:26.425 D/Mileage.ABS( 5013): Not backing up; 369
12-09 07:41:26.425 D/Mileage.ABS( 5013): Not backing up; 370
12-09 07:41:26.425 D/Mileage.ABS( 5013): Not backing up; 370
12-09 07:41:26.425 D/Mileage.ABS( 5013): Not backing up; 370
12-09 07:41:26.486 W/aiCharts( 5013): License file is invalid or missing. 
12-09 07:41:26.486 W/aiCharts( 5013): Please place proper license.lic to /assets folder.
12-09 07:41:26.679 I/art     ( 5013): Background sticky concurrent mark sweep GC freed 48976(2MB) AllocSpace objects, 3(60KB) LOS objects, 40% free, 3MB/6MB, paused 1.011ms total 154.414ms
12-09 07:41:26.736 E/SurfaceFlinger( 1223): ro.sf.lcd_density must be defined as a build property
12-09 07:41:26.737 D/gralloc_ranchu( 1223): gralloc_alloc: Creating ashmem region of size 3686400
12-09 07:41:26.740 V/PhoneStatusBar( 1719): setLightsOn(true)
12-09 07:41:26.742 D/Mileage.ABS( 5013): Not backing up; 687
12-09 07:41:26.742 D/Mileage.ABS( 5013): Not backing up; 687
12-09 07:41:26.743 D/Mileage.ABS( 5013): Not backing up; 688
12-09 07:41:26.749 D/Mileage.ABS( 5013): Not backing up; 694
12-09 07:41:26.752 D/Mileage.ABS( 5013): Not backing up; 697
12-09 07:41:26.752 D/Mileage.ABS( 5013): Not backing up; 697
12-09 07:41:26.753 D/Mileage.ABS( 5013): Not backing up; 698
12-09 07:41:26.753 D/Mileage.ABS( 5013): Not backing up; 698
12-09 07:41:26.753 D/Mileage.ABS( 5013): Not backing up; 698
12-09 07:41:26.753 D/Mileage.ABS( 5013): Not backing up; 698
12-09 07:41:26.883 D/VehicleStatisticsAdapter( 5013): Caching of 29 records complete! (2.994 seconds)
12-09 07:41:26.954 D/        ( 5159): HostConnection::get() New Host Connection established 0x7f29f5412480, tid 5159
12-09 07:41:26.987 E/EGL_emulation( 1223): tid 1223: eglCreateSyncKHR(1881): error 0x3004 (EGL_BAD_ATTRIBUTE)
12-09 07:41:27.066 W/audio_hw_generic( 1307): Not supplying enough data to HAL, expected position 5470722 , only wrote 5470436
12-09 07:41:27.066 W/audio_hw_generic( 1307): Not supplying enough data to HAL, expected position 5470442 , only wrote 5470436
12-09 07:41:27.186 W/audio_hw_generic( 1307): Hardware backing HAL too slow, could only write 0 of 661 frames
12-09 07:41:27.218 D/gralloc_ranchu( 1223): gralloc_alloc: Creating ashmem region of size 372736
12-09 07:41:27.299 D/VehicleStatisticsAdapter( 5013): Caching of 29 records complete! (3.279 seconds)
12-09 07:41:27.640 W/audio_hw_generic( 1307): Hardware backing HAL too slow, could only write 0 of 661 frames
12-09 07:41:27.720 W/audio_hw_generic( 1307): Not supplying enough data to HAL, expected position 5499299 , only wrote 5498859
12-09 07:41:27.765 W/audio_hw_generic( 1307): Not supplying enough data to HAL, expected position 5500841 , only wrote 5498859
12-09 07:41:27.800 W/audio_hw_generic( 1307): Not supplying enough data to HAL, expected position 5500382 , only wrote 5499520
12-09 07:41:27.800 W/audio_hw_generic( 1307): Hardware backing HAL too slow, could only write 0 of 661 frames
12-09 07:41:27.832 W/audio_hw_generic( 1307): Hardware backing HAL too slow, could only write 0 of 661 frames
12-09 07:41:27.851 W/audio_hw_generic( 1307): Hardware backing HAL too slow, could only write 0 of 661 frames
12-09 07:41:27.922 W/art     ( 1592): Long monitor contention event with owner method=void com.android.server.wm.WindowAnimator$1.doFrame(long) from WindowAnimator.java:121 waiters=1 for 253ms
12-09 07:41:28.014 W/audio_hw_generic( 1307): Not supplying enough data to HAL, expected position 5508956 , only wrote 5508113
12-09 07:41:28.108 W/audio_hw_generic( 1307): Not supplying enough data to HAL, expected position 5512278 , only wrote 5512079
12-09 07:41:28.108 W/audio_hw_generic( 1307): Hardware backing HAL too slow, could only write 0 of 661 frames
12-09 07:41:28.147 W/audio_hw_generic( 1307): Hardware backing HAL too slow, could only write 0 of 661 frames
12-09 07:41:28.158 W/audio_hw_generic( 1307): Hardware backing HAL too slow, could only write 0 of 661 frames
12-09 07:41:28.222 W/art     ( 1592): Long monitor contention event with owner method=void com.android.server.wm.WindowAnimator$1.doFrame(long) from WindowAnimator.java:121 waiters=1 for 192ms
12-09 07:41:28.292 W/audio_hw_generic( 1307): Not supplying enough data to HAL, expected position 5520185 , only wrote 5520011
12-09 07:41:28.328 W/audio_hw_generic( 1307): Not supplying enough data to HAL, expected position 5521599 , only wrote 5521333
12-09 07:41:28.560 W/audio_hw_generic( 1307): Not supplying enough data to HAL, expected position 5531543 , only wrote 5531248
12-09 07:41:28.560 W/audio_hw_generic( 1307): Not supplying enough data to HAL, expected position 5531254 , only wrote 5531248
12-09 07:41:28.584 W/audio_hw_generic( 1307): Not supplying enough data to HAL, expected position 5532319 , only wrote 5531909
12-09 07:41:28.609 W/art     ( 1592): Long monitor contention event with owner method=void com.android.server.wm.WindowAnimator$1.doFrame(long) from WindowAnimator.java:121 waiters=1 for 163ms
12-09 07:41:28.704 W/audio_hw_generic( 1307): Not supplying enough data to HAL, expected position 5537200 , only wrote 5537197
12-09 07:41:28.874 W/audio_hw_generic( 1307): Not supplying enough data to HAL, expected position 5544696 , only wrote 5544468
12-09 07:41:28.874 W/audio_hw_generic( 1307): Not supplying enough data to HAL, expected position 5544474 , only wrote 5544468
