12-09 08:36:47.332 W/InputDispatcher( 1595): Attempted to unregister already unregistered input channel '74dca27 com.evancharlton.mileage/com.evancharlton.mileage.Mileage (server)'
12-09 08:36:47.334 W/WindowManager( 1595): Failed looking up window
12-09 08:36:47.334 W/WindowManager( 1595): java.lang.IllegalArgumentException: Requested window android.os.BinderProxy@ee934e6 does not exist
12-09 08:36:47.334 W/WindowManager( 1595): 	at com.android.server.wm.WindowManagerService.windowForClientLocked(WindowManagerService.java:8733)
12-09 08:36:47.334 W/WindowManager( 1595): 	at com.android.server.wm.WindowManagerService.windowForClientLocked(WindowManagerService.java:8724)
12-09 08:36:47.334 W/WindowManager( 1595): 	at com.android.server.wm.WindowState$DeathRecipient.binderDied(WindowState.java:1209)
12-09 08:36:47.334 W/WindowManager( 1595): 	at android.os.BinderProxy.sendDeathNotice(Binder.java:558)
12-09 08:36:47.334 I/WindowState( 1595): WIN DEATH: null
12-09 08:36:47.365 E/SurfaceFlinger( 1219): ro.sf.lcd_density must be defined as a build property
12-09 08:36:47.374 I/ActivityManager( 1595):   Force stopping service ServiceRecord{f016b04 u0 com.evancharlton.mileage/.services.AutomaticBackupService}
12-09 08:36:47.442 W/audio_hw_generic( 1310): Not supplying enough data to HAL, expected position 41467525 , only wrote 41467174
12-09 08:36:47.516 D/gralloc_ranchu( 1219): gralloc_alloc: Creating ashmem region of size 3686400
12-09 08:36:47.538 D/        (20518): HostConnection::get() New Host Connection established 0x7f1e83e52480, tid 20518
12-09 08:36:47.617 W/audio_hw_generic( 1310): Not supplying enough data to HAL, expected position 41474894 , only wrote 41473784
12-09 08:36:47.617 W/audio_hw_generic( 1310): Not supplying enough data to HAL, expected position 41473794 , only wrote 41473784
12-09 08:36:47.619 I/AccountManagerService( 1595): getTypesVisibleToCaller: isPermitted? true
12-09 08:36:47.648 E/EGL_emulation( 1219): tid 1219: eglCreateSyncKHR(1881): error 0x3004 (EGL_BAD_ATTRIBUTE)
12-09 08:36:47.658 W/audio_hw_generic( 1310): Not supplying enough data to HAL, expected position 41475590 , only wrote 41474445
12-09 08:36:47.741 D/EGL_emulation( 1931): eglMakeCurrent: 0x7f918a7a1d20: ver 2 0 (tinfo 0x7f918a7828e0)
12-09 08:36:47.975 W/audio_hw_generic( 1310): Not supplying enough data to HAL, expected position 41488432 , only wrote 41488326
12-09 08:36:48.131 W/audio_hw_generic( 1310): Not supplying enough data to HAL, expected position 41495227 , only wrote 41494936
12-09 08:36:48.132 W/audio_hw_generic( 1310): Not supplying enough data to HAL, expected position 41494942 , only wrote 41494936
12-09 08:36:48.148 W/audio_hw_generic( 1310): Not supplying enough data to HAL, expected position 41495652 , only wrote 41495597
12-09 08:36:48.148 W/audio_hw_generic( 1310): Hardware backing HAL too slow, could only write 0 of 661 frames
12-09 08:36:48.168 W/audio_hw_generic( 1310): Hardware backing HAL too slow, could only write 0 of 661 frames
12-09 08:36:48.186 W/audio_hw_generic( 1310): Hardware backing HAL too slow, could only write 0 of 661 frames
12-09 08:36:48.201 W/audio_hw_generic( 1310): Hardware backing HAL too slow, could only write 0 of 661 frames
12-09 08:36:48.218 W/audio_hw_generic( 1310): Hardware backing HAL too slow, could only write 0 of 661 frames
12-09 08:36:48.268 W/audio_hw_generic( 1310): Not supplying enough data to HAL, expected position 41500894 , only wrote 41500885
12-09 08:36:48.268 W/audio_hw_generic( 1310): Not supplying enough data to HAL, expected position 41500891 , only wrote 41500885
12-09 08:36:48.288 W/audio_hw_generic( 1310): Not supplying enough data to HAL, expected position 41501743 , only wrote 41501546
12-09 08:36:48.317 W/art     ( 1595): Long monitor contention event with owner method=void com.android.server.wm.WindowAnimator$1.doFrame(long) from WindowAnimator.java:121 waiters=0 for 158ms
12-09 08:36:48.560 W/art     ( 1595): Long monitor contention event with owner method=void com.android.server.wm.WindowAnimator$1.doFrame(long) from WindowAnimator.java:121 waiters=0 for 244ms
12-09 08:36:48.615 W/audio_hw_generic( 1310): Not supplying enough data to HAL, expected position 41516005 , only wrote 41510800
12-09 08:36:48.636 W/audio_hw_generic( 1310): Not supplying enough data to HAL, expected position 41511690 , only wrote 41510800
12-09 08:36:48.654 W/audio_hw_generic( 1310): Not supplying enough data to HAL, expected position 41511617 , only wrote 41511461
12-09 08:36:48.654 W/audio_hw_generic( 1310): Not supplying enough data to HAL, expected position 41511467 , only wrote 41511461
12-09 08:36:48.684 W/audio_hw_generic( 1310): Not supplying enough data to HAL, expected position 41512764 , only wrote 41512122
12-09 08:36:48.720 W/audio_hw_generic( 1310): Hardware backing HAL too slow, could only write 0 of 661 frames
12-09 08:36:48.780 W/art     ( 1595): Long monitor contention event with owner method=void com.android.server.wm.WindowAnimator$1.doFrame(long) from WindowAnimator.java:121 waiters=0 for 127ms
12-09 08:36:48.803 W/audio_hw_generic( 1310): Not supplying enough data to HAL, expected position 41517353 , only wrote 41516749
12-09 08:36:48.803 W/audio_hw_generic( 1310): Not supplying enough data to HAL, expected position 41516755 , only wrote 41516749
12-09 08:36:48.823 W/audio_hw_generic( 1310): Not supplying enough data to HAL, expected position 41517662 , only wrote 41517410
