12-09 08:22:34.457 W/audio_hw_generic( 1308): Hardware backing HAL too slow, could only write 0 of 661 frames
12-09 08:22:34.515 W/audio_hw_generic( 1308): Hardware backing HAL too slow, could only write 0 of 661 frames
12-09 08:22:34.516 W/audio_hw_generic( 1308): Hardware backing HAL too slow, could only write 0 of 661 frames
12-09 08:22:34.567 D/gralloc_ranchu( 1224): gralloc_alloc: Creating ashmem region of size 3686400
12-09 08:22:34.581 D/Mileage.ABS(16354): Not backing up; 427
12-09 08:22:34.632 D/        (16396): HostConnection::get() New Host Connection established 0x7f733af52480, tid 16396
12-09 08:22:34.650 D/Mileage.ABS(16354): Not backing up; 496
12-09 08:22:34.660 E/EGL_emulation( 1224): tid 1224: eglCreateSyncKHR(1881): error 0x3004 (EGL_BAD_ATTRIBUTE)
12-09 08:22:34.682 D/Mileage.ABS(16354): Not backing up; 528
12-09 08:22:34.880 W/audio_hw_generic( 1308): Hardware backing HAL too slow, could only write 0 of 661 frames
12-09 08:22:34.912 D/Mileage.ABS(16354): Not backing up; 758
12-09 08:22:34.913 D/Mileage.ABS(16354): Not backing up; 758
12-09 08:22:34.913 D/Mileage.ABS(16354): Not backing up; 759
12-09 08:22:34.913 D/Mileage.ABS(16354): Not backing up; 759
12-09 08:22:34.913 D/Mileage.ABS(16354): Not backing up; 759
12-09 08:22:34.917 D/Mileage.ABS(16354): Not backing up; 763
12-09 08:22:34.994 D/Mileage.ABS(16354): Not backing up; 840
12-09 08:22:35.031 D/Mileage.ABS(16354): Not backing up; 877
12-09 08:22:35.031 D/Mileage.ABS(16354): Not backing up; 877
12-09 08:22:35.031 D/Mileage.ABS(16354): Not backing up; 877
12-09 08:22:35.055 D/Mileage.ABS(16354): Not backing up; 901
12-09 08:22:35.118 W/audio_hw_generic( 1308): Not supplying enough data to HAL, expected position 34417294 , only wrote 34416948
12-09 08:22:35.168 W/audio_hw_generic( 1308): Not supplying enough data to HAL, expected position 34419158 , only wrote 34418270
12-09 08:22:35.574 I/System.out(16354): URI: //gesture
12-09 08:22:35.575 I/System.out(16354): params: {json={"query_timeout":5.0,"gestures":[{"query_string":"android.widget.TabWidget descendant TextView index:0","touches":[{"x":50,"y":50,"offset_x":0,"offset_y":0,"wait":0.0,"time":0.2,"release":true,"query_string":null}]}]}
12-09 08:22:35.575 I/System.out(16354): }
12-09 08:22:35.577 D/Mileage.ABS(16354): Finished backup
12-09 08:22:35.577 D/Mileage.ABS(16354): Not backing up; 57
12-09 08:22:35.615 D/Mileage.ABS(16354): Not backing up; 95
12-09 08:22:35.616 D/Mileage.ABS(16354): Not backing up; 96
12-09 08:22:35.617 W/audio_hw_generic( 1308): Hardware backing HAL too slow, could only write 0 of 661 frames
12-09 08:22:35.655 D/Mileage.ABS(16354): Not backing up; 135
12-09 08:22:35.656 D/Mileage.ABS(16354): Not backing up; 135
12-09 08:22:35.656 D/Mileage.ABS(16354): Not backing up; 136
12-09 08:22:35.656 D/Mileage.ABS(16354): Not backing up; 136
12-09 08:22:35.656 D/Mileage.ABS(16354): Not backing up; 136
12-09 08:22:35.657 D/Mileage.ABS(16354): Not backing up; 137
12-09 08:22:35.658 D/Mileage.ABS(16354): Not backing up; 138
12-09 08:22:35.658 D/Mileage.ABS(16354): Not backing up; 138
12-09 08:22:35.659 D/Mileage.ABS(16354): Not backing up; 139
12-09 08:22:35.741 W/CursorWrapperInner(16354): Cursor finalized without prior close()
12-09 08:22:35.743 I/art     (16354): Background sticky concurrent mark sweep GC freed 14936(663KB) AllocSpace objects, 1(20KB) LOS objects, 22% free, 3MB/3MB, paused 1.434ms total 150.999ms
12-09 08:22:35.803 D/Mileage.ABS(16354): Not backing up; 283
12-09 08:22:35.803 D/Mileage.ABS(16354): Not backing up; 283
12-09 08:22:35.804 D/Mileage.ABS(16354): Not backing up; 284
12-09 08:22:35.804 D/Mileage.ABS(16354): Not backing up; 284
12-09 08:22:35.915 D/Mileage.ABS(16354): Not backing up; 395
12-09 08:22:35.916 D/Mileage.ABS(16354): Not backing up; 396
12-09 08:22:35.916 D/Mileage.ABS(16354): Not backing up; 396
12-09 08:22:35.917 D/Mileage.ABS(16354): Not backing up; 397
12-09 08:22:35.917 D/Mileage.ABS(16354): Not backing up; 397
12-09 08:22:36.023 D/Mileage.ABS(16354): Not backing up; 503
12-09 08:22:36.023 D/Mileage.ABS(16354): Not backing up; 503
12-09 08:22:36.042 W/audio_hw_generic( 1308): Not supplying enough data to HAL, expected position 34456803 , only wrote 34456608
12-09 08:22:36.057 W/audio_hw_generic( 1308): Not supplying enough data to HAL, expected position 34457276 , only wrote 34456608
12-09 08:22:36.078 W/audio_hw_generic( 1308): Not supplying enough data to HAL, expected position 34457538 , only wrote 34457269
12-09 08:22:36.130 W/audio_hw_generic( 1308): Not supplying enough data to HAL, expected position 34459530 , only wrote 34459252
12-09 08:22:36.130 W/audio_hw_generic( 1308): Not supplying enough data to HAL, expected position 34459259 , only wrote 34459252
12-09 08:22:36.169 W/audio_hw_generic( 1308): Not supplying enough data to HAL, expected position 34460986 , only wrote 34459913
12-09 08:22:36.201 W/audio_hw_generic( 1308): Not supplying enough data to HAL, expected position 34461328 , only wrote 34461235
12-09 08:22:36.241 W/audio_hw_generic( 1308): Not supplying enough data to HAL, expected position 34463004 , only wrote 34462557
12-09 08:22:36.338 D/AudioFlinger( 1308): mixer(0xf4300000) throttle end: throttle time(4)
12-09 08:22:36.458 I/art     (16354): Background partial concurrent mark sweep GC freed 37960(1848KB) AllocSpace objects, 3(60KB) LOS objects, 39% free, 2MB/4MB, paused 7.040ms total 219.937ms
12-09 08:22:36.617 W/audio_hw_generic( 1308): Hardware backing HAL too slow, could only write 0 of 661 frames
12-09 08:22:36.629 W/audio_hw_generic( 1308): Hardware backing HAL too slow, could only write 0 of 661 frames
12-09 08:22:36.683 W/audio_hw_generic( 1308): Hardware backing HAL too slow, could only write 0 of 661 frames
12-09 08:22:36.684 W/audio_hw_generic( 1308): Not supplying enough data to HAL, expected position 34482063 , only wrote 34481065
12-09 08:22:36.684 W/audio_hw_generic( 1308): Not supplying enough data to HAL, expected position 34481071 , only wrote 34481065
12-09 08:22:36.713 W/audio_hw_generic( 1308): Not supplying enough data to HAL, expected position 34482365 , only wrote 34481726
12-09 08:22:36.726 I/Choreographer(16354): Skipped 30 frames!  The application may be doing too much work on its main thread.
12-09 08:22:36.857 E/SurfaceFlinger( 1224): ro.sf.lcd_density must be defined as a build property
12-09 08:22:36.872 W/audio_hw_generic( 1308): Not supplying enough data to HAL, expected position 34488706 , only wrote 34488336
12-09 08:22:36.899 D/Mileage.ABS(16354): Finished backup
12-09 08:22:36.925 D/Mileage.ABS(16354): Not backing up; 55
12-09 08:22:36.925 D/Mileage.ABS(16354): Not backing up; 55
12-09 08:22:36.925 D/Mileage.ABS(16354): Not backing up; 55
12-09 08:22:36.926 D/Mileage.ABS(16354): Not backing up; 56
12-09 08:22:36.926 D/Mileage.ABS(16354): Not backing up; 56
12-09 08:22:36.926 D/Mileage.ABS(16354): Not backing up; 56
12-09 08:22:36.993 W/audio_hw_generic( 1308): Not supplying enough data to HAL, expected position 34493712 , only wrote 34493624
12-09 08:22:36.994 W/audio_hw_generic( 1308): Hardware backing HAL too slow, could only write 0 of 661 frames
12-09 08:22:36.994 D/gralloc_ranchu( 1224): gralloc_alloc: Creating ashmem region of size 3686400
12-09 08:22:37.007 D/Mileage.ABS(16354): Not backing up; 137
12-09 08:22:37.011 D/Mileage.ABS(16354): Not backing up; 141
12-09 08:22:37.012 D/Mileage.ABS(16354): Not backing up; 142
12-09 08:22:37.024 W/audio_hw_generic( 1308): Hardware backing HAL too slow, could only write 0 of 661 frames
12-09 08:22:37.042 W/audio_hw_generic( 1308): Hardware backing HAL too slow, could only write 0 of 661 frames
12-09 08:22:37.051 D/        (16412): HostConnection::get() New Host Connection established 0x7f654fc12480, tid 16412
12-09 08:22:37.056 W/audio_hw_generic( 1308): Hardware backing HAL too slow, could only write 0 of 661 frames
12-09 08:22:37.070 W/audio_hw_generic( 1308): Hardware backing HAL too slow, could only write 0 of 661 frames
12-09 08:22:37.084 W/audio_hw_generic( 1308): Hardware backing HAL too slow, could only write 0 of 661 frames
12-09 08:22:37.101 E/EGL_emulation( 1224): tid 1224: eglCreateSyncKHR(1881): error 0x3004 (EGL_BAD_ATTRIBUTE)
12-09 08:22:37.104 W/audio_hw_generic( 1308): Hardware backing HAL too slow, could only write 0 of 661 frames
12-09 08:22:37.116 W/audio_hw_generic( 1308): Hardware backing HAL too slow, could only write 0 of 661 frames
12-09 08:22:37.132 W/audio_hw_generic( 1308): Hardware backing HAL too slow, could only write 0 of 661 frames
12-09 08:22:37.146 W/audio_hw_generic( 1308): Hardware backing HAL too slow, could only write 0 of 661 frames
12-09 08:22:37.158 W/audio_hw_generic( 1308): Hardware backing HAL too slow, could only write 0 of 661 frames
12-09 08:22:37.251 D/VehicleStatisticsAdapter(16354): Caching of 29 records complete! (2.928 seconds)
12-09 08:22:37.305 D/Mileage.ABS(16354): Not backing up; 435
12-09 08:22:37.308 D/VehicleStatisticsAdapter(16354): Caching of 29 records complete! (2.983 seconds)
12-09 08:22:37.380 D/Mileage.ABS(16354): Not backing up; 510
12-09 08:22:37.380 D/Mileage.ABS(16354): Not backing up; 510
12-09 08:22:37.380 D/Mileage.ABS(16354): Not backing up; 510
12-09 08:22:37.401 D/Mileage.ABS(16354): Not backing up; 531
12-09 08:22:37.401 D/Mileage.ABS(16354): Not backing up; 531
12-09 08:22:37.402 D/Mileage.ABS(16354): Not backing up; 532
12-09 08:22:37.405 D/Mileage.ABS(16354): Not backing up; 534
12-09 08:22:37.406 D/Mileage.ABS(16354): Not backing up; 535
12-09 08:22:37.406 D/Mileage.ABS(16354): Not backing up; 536
12-09 08:22:37.506 W/audio_hw_generic( 1308): Hardware backing HAL too slow, could only write 0 of 661 frames
12-09 08:22:37.521 W/audio_hw_generic( 1308): Hardware backing HAL too slow, could only write 0 of 661 frames
12-09 08:22:37.537 W/audio_hw_generic( 1308): Hardware backing HAL too slow, could only write 0 of 661 frames
12-09 08:22:37.571 W/audio_hw_generic( 1308): Hardware backing HAL too slow, could only write 0 of 661 frames
12-09 08:22:37.581 W/audio_hw_generic( 1308): Hardware backing HAL too slow, could only write 0 of 661 frames
12-09 08:22:37.608 W/audio_hw_generic( 1308): Hardware backing HAL too slow, could only write 0 of 661 frames
12-09 08:22:37.618 W/audio_hw_generic( 1308): Hardware backing HAL too slow, could only write 0 of 661 frames
12-09 08:22:37.635 W/audio_hw_generic( 1308): Hardware backing HAL too slow, could only write 0 of 661 frames
12-09 08:22:37.651 W/audio_hw_generic( 1308): Hardware backing HAL too slow, could only write 0 of 661 frames
12-09 08:22:37.656 W/audio_hw_generic( 1308): Hardware backing HAL too slow, could only write 0 of 661 frames
12-09 08:22:37.682 W/audio_hw_generic( 1308): Hardware backing HAL too slow, could only write 0 of 661 frames
12-09 08:22:37.705 W/audio_hw_generic( 1308): Hardware backing HAL too slow, could only write 0 of 661 frames
12-09 08:22:37.837 W/audio_hw_generic( 1308): Not supplying enough data to HAL, expected position 34530823 , only wrote 34530640
12-09 08:22:37.837 W/audio_hw_generic( 1308): Not supplying enough data to HAL, expected position 34530647 , only wrote 34530640
12-09 08:22:37.854 W/audio_hw_generic( 1308): Not supplying enough data to HAL, expected position 34531370 , only wrote 34531301
12-09 08:22:37.854 W/audio_hw_generic( 1308): Hardware backing HAL too slow, could only write 0 of 661 frames
12-09 08:22:38.037 W/audio_hw_generic( 1308): Not supplying enough data to HAL, expected position 34539385 , only wrote 34534606
12-09 08:22:38.037 W/audio_hw_generic( 1308): Not supplying enough data to HAL, expected position 34534613 , only wrote 34534606
12-09 08:22:38.055 W/audio_hw_generic( 1308): Not supplying enough data to HAL, expected position 34535376 , only wrote 34535267
12-09 08:22:38.055 W/audio_hw_generic( 1308): Hardware backing HAL too slow, could only write 0 of 661 frames
12-09 08:22:38.097 W/audio_hw_generic( 1308): Not supplying enough data to HAL, expected position 34537147 , only wrote 34536589
12-09 08:22:38.097 W/audio_hw_generic( 1308): Hardware backing HAL too slow, could only write 0 of 661 frames
12-09 08:22:38.098 W/audio_hw_generic( 1308): Hardware backing HAL too slow, could only write 0 of 661 frames
12-09 08:22:38.112 W/audio_hw_generic( 1308): Hardware backing HAL too slow, could only write 0 of 661 frames
12-09 08:22:38.127 W/audio_hw_generic( 1308): Hardware backing HAL too slow, could only write 0 of 661 frames
12-09 08:22:38.145 W/audio_hw_generic( 1308): Hardware backing HAL too slow, could only write 0 of 661 frames
12-09 08:22:38.178 I/System.out(16354): URI: //
12-09 08:22:38.178 I/System.out(16354): params: {json={"command":"set_activity_orientation","arguments":["landscape"]}
12-09 08:22:38.178 I/System.out(16354): }
12-09 08:22:38.178 I/System.out(16354): header: {date=Sun, 09 Dec 2018 08:22:38 GMT, accept=*/*, content-length=64, host=127.0.0.1:34777, user-agent=HTTPClient/1.0 (2.8.3, ruby 2.3.1 (2016-04-26)), content-type=application/json;charset=utf-8}
12-09 08:22:38.178 I/System.out(16354): params: {json={"command":"set_activity_orientation","arguments":["landscape"]}
12-09 08:22:38.178 I/System.out(16354): }
12-09 08:22:38.178 I/System.out(16354): ProP json = {"command":"set_activity_orientation","arguments":["landscape"]}
12-09 08:22:38.178 I/System.out(16354): files: {}
12-09 08:22:38.178 I/System.out(16354): command: {"command":"set_activity_orientation","arguments":["landscape"]}
12-09 08:22:38.179 I/InstrumentationBackend(16354): Got command:'Command:'Line:null,set_activity_orientation', arguments:'[landscape]'
12-09 08:22:38.250 D/gralloc_ranchu( 1224): gralloc_alloc: Creating ashmem region of size 3686400
12-09 08:22:38.252 W/audio_hw_generic( 1308): Not supplying enough data to HAL, expected position 34543393 , only wrote 34542538
12-09 08:22:38.252 W/audio_hw_generic( 1308): Not supplying enough data to HAL, expected position 34542545 , only wrote 34542538
12-09 08:22:38.269 W/audio_hw_generic( 1308): Not supplying enough data to HAL, expected position 34543307 , only wrote 34543199
12-09 08:22:38.285 E/EGL_emulation( 1224): tid 1224: eglCreateSyncKHR(1881): error 0x3004 (EGL_BAD_ATTRIBUTE)
12-09 08:22:38.438 W/audio_hw_generic( 1308): Not supplying enough data to HAL, expected position 34550647 , only wrote 34547826
12-09 08:22:38.438 W/audio_hw_generic( 1308): Not supplying enough data to HAL, expected position 34547834 , only wrote 34547826
12-09 08:22:38.502 W/audio_hw_generic( 1308): Not supplying enough data to HAL, expected position 34550622 , only wrote 34548487
12-09 08:22:38.562 I/ActivityManager( 1594): Config changes=480 {1.0 310mcc260mnc en_US ldltr sw720dp w1280dp h696dp 160dpi xlrg long land finger -keyb/v/h tball/v s.45}
12-09 08:22:38.564 W/art     ( 1594): Long monitor contention event with owner method=android.content.res.Configuration com.android.server.wm.WindowManagerService.updateOrientationFromAppTokens(android.content.res.Configuration, android.os.IBinder) from WindowManagerService.java:3950 waiters=0 for 119ms
12-09 08:22:38.632 W/audio_hw_generic( 1308): Not supplying enough data to HAL, expected position 34554222 , only wrote 34553775
12-09 08:22:38.632 W/audio_hw_generic( 1308): Not supplying enough data to HAL, expected position 34553782 , only wrote 34553775
12-09 08:22:38.661 W/audio_hw_generic( 1308): Not supplying enough data to HAL, expected position 34555057 , only wrote 34554436
12-09 08:22:38.685 W/audio_hw_generic( 1308): Hardware backing HAL too slow, could only write 0 of 661 frames
12-09 08:22:38.701 W/audio_hw_generic( 1308): Hardware backing HAL too slow, could only write 0 of 661 frames
12-09 08:22:38.789 W/audio_hw_generic( 1308): Hardware backing HAL too slow, could only write 0 of 661 frames
12-09 08:22:38.789 W/audio_hw_generic( 1308): Not supplying enough data to HAL, expected position 34560080 , only wrote 34557741
12-09 08:22:38.789 W/audio_hw_generic( 1308): Not supplying enough data to HAL, expected position 34557747 , only wrote 34557741
12-09 08:22:38.789 W/audio_hw_generic( 1308): Hardware backing HAL too slow, could only write 0 of 661 frames
12-09 08:22:38.807 D/gralloc_ranchu( 1224): gralloc_alloc: Creating ashmem region of size 3686400
12-09 08:22:38.830 W/art     ( 1594): Long monitor contention event with owner method=void com.android.server.wm.WindowManagerService.setNewConfiguration(android.content.res.Configuration) from WindowManagerService.java:4043 waiters=0 for 266ms
12-09 08:22:38.831 I/InputReader( 1594): Reconfiguring input devices.  changes=0x00000004
12-09 08:22:38.831 I/InputReader( 1594): Device reconfigured: id=0, name='qwerty2', size 720x1280, orientation 1, mode 1, display id 0
12-09 08:22:38.849 W/art     ( 1594): Long monitor contention event with owner method=void com.android.server.am.ActivityManagerService.setRequestedOrientation(android.os.IBinder, int) from ActivityManagerService.java:4192 waiters=1 for 278ms
12-09 08:22:38.861 W/audio_hw_generic( 1308): Not supplying enough data to HAL, expected position 34560924 , only wrote 34558402
12-09 08:22:38.937 W/audio_hw_generic( 1308): Not supplying enough data to HAL, expected position 34561736 , only wrote 34561046
12-09 08:22:38.937 W/audio_hw_generic( 1308): Not supplying enough data to HAL, expected position 34561053 , only wrote 34561046
12-09 08:22:38.995 I/System.out(16354): result:{"bonusInformation":[],"message":"","success":true}
12-09 08:22:39.014 D/EGL_emulation( 3077): eglMakeCurrent: 0x7f003259ea60: ver 2 0 (tinfo 0x7f0029823c40)
12-09 08:22:39.019 E/Surface ( 3077): getSlotFromBufferLocked: unknown buffer: 0x7f00275c8340
12-09 08:22:39.036 D/EGL_emulation( 3077): eglMakeCurrent: 0x7f003259ea60: ver 2 0 (tinfo 0x7f0029823c40)
12-09 08:22:39.152 I/calabash(16354): newActivity1
12-09 08:22:39.155 I/calabash(16354): newActivity1
12-09 08:22:39.155 W/ActivityManager( 1594): Bad activity token: android.os.BinderProxy@23f4b17
12-09 08:22:39.155 W/ActivityManager( 1594): java.lang.ClassCastException: android.os.BinderProxy cannot be cast to com.android.server.am.ActivityRecord$Token
12-09 08:22:39.155 W/ActivityManager( 1594): 	at com.android.server.am.ActivityRecord.forTokenLocked(ActivityRecord.java:424)
12-09 08:22:39.155 W/ActivityManager( 1594): 	at com.android.server.am.ActivityRecord.isInStackLocked(ActivityRecord.java:1121)
12-09 08:22:39.155 W/ActivityManager( 1594): 	at com.android.server.am.ActivityRecord.getStackLocked(ActivityRecord.java:1126)
12-09 08:22:39.155 W/ActivityManager( 1594): 	at com.android.server.am.ActivityManagerService.getActivityDisplayId(ActivityManagerService.java:8889)
12-09 08:22:39.155 W/ActivityManager( 1594): 	at android.app.ActivityManagerNative.onTransact(ActivityManagerNative.java:2338)
12-09 08:22:39.155 W/ActivityManager( 1594): 	at com.android.server.am.ActivityManagerService.onTransact(ActivityManagerService.java:2443)
12-09 08:22:39.155 W/ActivityManager( 1594): 	at android.os.Binder.execTransact(Binder.java:453)
12-09 08:22:39.156 W/ActivityManager( 1594): Bad activity token: android.os.BinderProxy@23f4b17
12-09 08:22:39.156 W/ActivityManager( 1594): java.lang.ClassCastException: android.os.BinderProxy cannot be cast to com.android.server.am.ActivityRecord$Token
12-09 08:22:39.156 W/ActivityManager( 1594): 	at com.android.server.am.ActivityRecord.forTokenLocked(ActivityRecord.java:424)
12-09 08:22:39.156 W/ActivityManager( 1594): 	at com.android.server.am.ActivityRecord.isInStackLocked(ActivityRecord.java:1121)
12-09 08:22:39.156 W/ActivityManager( 1594): 	at com.android.server.am.ActivityManagerService.setTaskDescription(ActivityManagerService.java:8547)
12-09 08:22:39.156 W/ActivityManager( 1594): 	at android.app.ActivityManagerNative.onTransact(ActivityManagerNative.java:2410)
12-09 08:22:39.156 W/ActivityManager( 1594): 	at com.android.server.am.ActivityManagerService.onTransact(ActivityManagerService.java:2443)
12-09 08:22:39.156 W/ActivityManager( 1594): 	at android.os.Binder.execTransact(Binder.java:453)
12-09 08:22:39.205 W/audio_hw_generic( 1308): Hardware backing HAL too slow, could only write 0 of 661 frames
12-09 08:22:39.205 W/audio_hw_generic( 1308): Hardware backing HAL too slow, could only write 0 of 661 frames
12-09 08:22:39.215 W/ActivityManager( 1594): Bad activity token: android.os.BinderProxy@23f4b17
12-09 08:22:39.215 W/ActivityManager( 1594): java.lang.ClassCastException: android.os.BinderProxy cannot be cast to com.android.server.am.ActivityRecord$Token
12-09 08:22:39.215 W/ActivityManager( 1594): 	at com.android.server.am.ActivityRecord.forTokenLocked(ActivityRecord.java:424)
12-09 08:22:39.215 W/ActivityManager( 1594): 	at com.android.server.am.ActivityRecord.isInStackLocked(ActivityRecord.java:1121)
12-09 08:22:39.215 W/ActivityManager( 1594): 	at com.android.server.am.ActivityManagerService.getActivityOptions(ActivityManagerService.java:11038)
12-09 08:22:39.215 W/ActivityManager( 1594): 	at android.app.ActivityManagerNative.onTransact(ActivityManagerNative.java:1734)
12-09 08:22:39.215 W/ActivityManager( 1594): 	at com.android.server.am.ActivityManagerService.onTransact(ActivityManagerService.java:2443)
12-09 08:22:39.215 W/ActivityManager( 1594): 	at android.os.Binder.execTransact(Binder.java:453)
12-09 08:22:39.216 W/ActivityManager( 1594): Bad activity token: android.os.BinderProxy@23f4b17
12-09 08:22:39.216 W/ActivityManager( 1594): java.lang.ClassCastException: android.os.BinderProxy cannot be cast to com.android.server.am.ActivityRecord$Token
12-09 08:22:39.216 W/ActivityManager( 1594): 	at com.android.server.am.ActivityRecord.forTokenLocked(ActivityRecord.java:424)
12-09 08:22:39.216 W/ActivityManager( 1594): 	at com.android.server.am.ActivityRecord.isInStackLocked(ActivityRecord.java:1121)
12-09 08:22:39.216 W/ActivityManager( 1594): 	at com.android.server.am.ActivityManagerService.getActivityOptions(ActivityManagerService.java:11038)
12-09 08:22:39.216 W/ActivityManager( 1594): 	at android.app.ActivityManagerNative.onTransact(ActivityManagerNative.java:1734)
12-09 08:22:39.216 W/ActivityManager( 1594): 	at com.android.server.am.ActivityManagerService.onTransact(ActivityManagerService.java:2443)
12-09 08:22:39.216 W/ActivityManager( 1594): 	at android.os.Binder.execTransact(Binder.java:453)
12-09 08:22:39.227 W/audio_hw_generic( 1308): Not supplying enough data to HAL, expected position 34573827 , only wrote 34573605
12-09 08:22:39.269 W/audio_hw_generic( 1308): Not supplying enough data to HAL, expected position 34575464 , only wrote 34574927
12-09 08:22:39.282 W/PhoneWindow(16354): Previously focused view reported id 2131296279 during save, but can't be found during restore.
12-09 08:22:39.314 W/audio_hw_generic( 1308): Hardware backing HAL too slow, could only write 0 of 661 frames
12-09 08:22:39.329 W/audio_hw_generic( 1308): Hardware backing HAL too slow, could only write 0 of 661 frames
12-09 08:22:39.357 W/audio_hw_generic( 1308): Hardware backing HAL too slow, could only write 0 of 661 frames
12-09 08:22:39.359 W/audio_hw_generic( 1308): Hardware backing HAL too slow, could only write 0 of 661 frames
12-09 08:22:39.377 W/audio_hw_generic( 1308): Hardware backing HAL too slow, could only write 0 of 661 frames
12-09 08:22:39.397 W/audio_hw_generic( 1308): Hardware backing HAL too slow, could only write 0 of 661 frames
12-09 08:22:39.411 W/audio_hw_generic( 1308): Hardware backing HAL too slow, could only write 0 of 661 frames
12-09 08:22:39.425 W/audio_hw_generic( 1308): Hardware backing HAL too slow, could only write 0 of 661 frames
12-09 08:22:39.445 W/audio_hw_generic( 1308): Hardware backing HAL too slow, could only write 0 of 661 frames
12-09 08:22:39.453 W/audio_hw_generic( 1308): Hardware backing HAL too slow, could only write 0 of 661 frames
12-09 08:22:39.469 W/audio_hw_generic( 1308): Hardware backing HAL too slow, could only write 0 of 661 frames
12-09 08:22:39.501 W/audio_hw_generic( 1308): Not supplying enough data to HAL, expected position 34585152 , only wrote 34584842
12-09 08:22:39.580 I/Choreographer( 3077): Skipped 32 frames!  The application may be doing too much work on its main thread.
12-09 08:22:39.584 D/gralloc_ranchu( 1224): gralloc_alloc: Creating ashmem region of size 3686400
12-09 08:22:39.848 D/gralloc_ranchu( 1224): gralloc_alloc: Creating ashmem region of size 3686400
12-09 08:22:39.855 I/WindowManager( 1594): Screen frozen for +1s674ms due to Window{58bb8ed u0 com.evancharlton.mileage/com.evancharlton.mileage.Mileage}
12-09 08:22:41.062 D/gralloc_ranchu( 1224): gralloc_alloc: Creating ashmem region of size 3686400
12-09 08:22:41.084 I/System.out(16354): URI: //gesture
12-09 08:22:41.084 I/System.out(16354): params: {json={"query_timeout":5.0,"gestures":[{"query_string":"android.widget.TabWidget descendant TextView index:1","touches":[{"x":50,"y":50,"offset_x":0,"offset_y":0,"wait":0.0,"time":0.2,"release":true,"query_string":null}]}]}
12-09 08:22:41.084 I/System.out(16354): }
12-09 08:22:41.197 I/art     (16354): Background sticky concurrent mark sweep GC freed 28676(1323KB) AllocSpace objects, 4(80KB) LOS objects, 33% free, 3MB/4MB, paused 13.755ms total 86.617ms
12-09 08:22:41.636 I/calabash(16354): newActivity1
12-09 08:22:41.690 W/ActivityManager( 1594): Bad activity token: android.os.BinderProxy@1d018a5
12-09 08:22:41.690 W/ActivityManager( 1594): java.lang.ClassCastException: android.os.BinderProxy cannot be cast to com.android.server.am.ActivityRecord$Token
12-09 08:22:41.690 W/ActivityManager( 1594): 	at com.android.server.am.ActivityRecord.forTokenLocked(ActivityRecord.java:424)
12-09 08:22:41.690 W/ActivityManager( 1594): 	at com.android.server.am.ActivityRecord.isInStackLocked(ActivityRecord.java:1121)
12-09 08:22:41.690 W/ActivityManager( 1594): 	at com.android.server.am.ActivityRecord.getStackLocked(ActivityRecord.java:1126)
12-09 08:22:41.690 W/ActivityManager( 1594): 	at com.android.server.am.ActivityManagerService.getActivityDisplayId(ActivityManagerService.java:8889)
12-09 08:22:41.690 W/ActivityManager( 1594): 	at android.app.ActivityManagerNative.onTransact(ActivityManagerNative.java:2338)
12-09 08:22:41.690 W/ActivityManager( 1594): 	at com.android.server.am.ActivityManagerService.onTransact(ActivityManagerService.java:2443)
12-09 08:22:41.690 W/ActivityManager( 1594): 	at android.os.Binder.execTransact(Binder.java:453)
12-09 08:22:41.691 W/ActivityManager( 1594): Bad activity token: android.os.BinderProxy@1d018a5
12-09 08:22:41.691 W/ActivityManager( 1594): java.lang.ClassCastException: android.os.BinderProxy cannot be cast to com.android.server.am.ActivityRecord$Token
12-09 08:22:41.691 W/ActivityManager( 1594): 	at com.android.server.am.ActivityRecord.forTokenLocked(ActivityRecord.java:424)
12-09 08:22:41.691 W/ActivityManager( 1594): 	at com.android.server.am.ActivityRecord.isInStackLocked(ActivityRecord.java:1121)
12-09 08:22:41.691 W/ActivityManager( 1594): 	at com.android.server.am.ActivityManagerService.setTaskDescription(ActivityManagerService.java:8547)
12-09 08:22:41.691 W/ActivityManager( 1594): 	at android.app.ActivityManagerNative.onTransact(ActivityManagerNative.java:2410)
12-09 08:22:41.691 W/ActivityManager( 1594): 	at com.android.server.am.ActivityManagerService.onTransact(ActivityManagerService.java:2443)
12-09 08:22:41.691 W/ActivityManager( 1594): 	at android.os.Binder.execTransact(Binder.java:453)
12-09 08:22:41.771 W/audio_hw_generic( 1308): Hardware backing HAL too slow, could only write 0 of 661 frames
12-09 08:22:41.803 W/ActivityManager( 1594): Bad activity token: android.os.BinderProxy@1d018a5
12-09 08:22:41.803 W/ActivityManager( 1594): java.lang.ClassCastException: android.os.BinderProxy cannot be cast to com.android.server.am.ActivityRecord$Token
12-09 08:22:41.803 W/ActivityManager( 1594): 	at com.android.server.am.ActivityRecord.forTokenLocked(ActivityRecord.java:424)
12-09 08:22:41.803 W/ActivityManager( 1594): 	at com.android.server.am.ActivityRecord.isInStackLocked(ActivityRecord.java:1121)
12-09 08:22:41.803 W/ActivityManager( 1594): 	at com.android.server.am.ActivityManagerService.getActivityOptions(ActivityManagerService.java:11038)
12-09 08:22:41.803 W/ActivityManager( 1594): 	at android.app.ActivityManagerNative.onTransact(ActivityManagerNative.java:1734)
12-09 08:22:41.803 W/ActivityManager( 1594): 	at com.android.server.am.ActivityManagerService.onTransact(ActivityManagerService.java:2443)
12-09 08:22:41.803 W/ActivityManager( 1594): 	at android.os.Binder.execTransact(Binder.java:453)
12-09 08:22:41.803 W/ActivityManager( 1594): Bad activity token: android.os.BinderProxy@1d018a5
12-09 08:22:41.803 W/ActivityManager( 1594): java.lang.ClassCastException: android.os.BinderProxy cannot be cast to com.android.server.am.ActivityRecord$Token
12-09 08:22:41.803 W/ActivityManager( 1594): 	at com.android.server.am.ActivityRecord.forTokenLocked(ActivityRecord.java:424)
12-09 08:22:41.803 W/ActivityManager( 1594): 	at com.android.server.am.ActivityRecord.isInStackLocked(ActivityRecord.java:1121)
12-09 08:22:41.803 W/ActivityManager( 1594): 	at com.android.server.am.ActivityManagerService.getActivityOptions(ActivityManagerService.java:11038)
12-09 08:22:41.803 W/ActivityManager( 1594): 	at android.app.ActivityManagerNative.onTransact(ActivityManagerNative.java:1734)
12-09 08:22:41.803 W/ActivityManager( 1594): 	at com.android.server.am.ActivityManagerService.onTransact(ActivityManagerService.java:2443)
12-09 08:22:41.803 W/ActivityManager( 1594): 	at android.os.Binder.execTransact(Binder.java:453)
12-09 08:22:42.010 D/Mileage (16354): Not enough fillups to calculate economy
12-09 08:22:42.013 W/audio_hw_generic( 1308): Not supplying enough data to HAL, expected position 34597818 , only wrote 34596740
12-09 08:22:42.013 W/audio_hw_generic( 1308): Not supplying enough data to HAL, expected position 34596747 , only wrote 34596740
12-09 08:22:42.029 W/audio_hw_generic( 1308): Not supplying enough data to HAL, expected position 34597459 , only wrote 34597401
12-09 08:22:42.099 W/audio_hw_generic( 1308): Hardware backing HAL too slow, could only write 0 of 661 frames
12-09 08:22:42.113 I/art     ( 1594): Starting a blocking GC Explicit
12-09 08:22:42.129 W/audio_hw_generic( 1308): Hardware backing HAL too slow, could only write 0 of 661 frames
12-09 08:22:42.129 W/audio_hw_generic( 1308): Hardware backing HAL too slow, could only write 0 of 661 frames
12-09 08:22:42.154 W/audio_hw_generic( 1308): Not supplying enough data to HAL, expected position 34602907 , only wrote 34602689
12-09 08:22:42.154 W/audio_hw_generic( 1308): Hardware backing HAL too slow, could only write 0 of 661 frames
12-09 08:22:42.154 W/audio_hw_generic( 1308): Hardware backing HAL too slow, could only write 0 of 661 frames
12-09 08:22:42.290 I/art     ( 1594): Explicit concurrent mark sweep GC freed 9052(849KB) AllocSpace objects, 2(40KB) LOS objects, 29% free, 9MB/13MB, paused 5.471ms total 145.218ms
12-09 08:22:42.388 E/SurfaceFlinger( 1224): ro.sf.lcd_density must be defined as a build property
12-09 08:22:42.494 D/gralloc_ranchu( 1224): gralloc_alloc: Creating ashmem region of size 3686400
12-09 08:22:42.585 W/audio_hw_generic( 1308): Not supplying enough data to HAL, expected position 34621687 , only wrote 34619875
12-09 08:22:42.589 W/audio_hw_generic( 1308): Not supplying enough data to HAL, expected position 34620058 , only wrote 34619875
12-09 08:22:42.605 W/audio_hw_generic( 1308): Not supplying enough data to HAL, expected position 34620576 , only wrote 34620536
12-09 08:22:42.605 W/audio_hw_generic( 1308): Hardware backing HAL too slow, could only write 0 of 661 frames
12-09 08:22:42.617 D/        (16422): HostConnection::get() New Host Connection established 0x7f6c212d2480, tid 16422
12-09 08:22:42.637 E/EGL_emulation( 1224): tid 1224: eglCreateSyncKHR(1881): error 0x3004 (EGL_BAD_ATTRIBUTE)
12-09 08:22:42.757 W/audio_hw_generic( 1308): Not supplying enough data to HAL, expected position 34627217 , only wrote 34625824
12-09 08:22:42.757 W/audio_hw_generic( 1308): Not supplying enough data to HAL, expected position 34625835 , only wrote 34625824
12-09 08:22:42.773 W/audio_hw_generic( 1308): Not supplying enough data to HAL, expected position 34626538 , only wrote 34626485
12-09 08:22:42.922 W/audio_hw_generic( 1308): Not supplying enough data to HAL, expected position 34633050 , only wrote 34631112
12-09 08:22:42.922 W/audio_hw_generic( 1308): Not supplying enough data to HAL, expected position 34631119 , only wrote 34631112
12-09 08:22:42.954 W/audio_hw_generic( 1308): Not supplying enough data to HAL, expected position 34632543 , only wrote 34631773
12-09 08:22:43.212 W/audio_hw_generic( 1308): Not supplying enough data to HAL, expected position 34643134 , only wrote 34641688
12-09 08:22:43.212 W/audio_hw_generic( 1308): Not supplying enough data to HAL, expected position 34641695 , only wrote 34641688
12-09 08:22:43.273 W/audio_hw_generic( 1308): Not supplying enough data to HAL, expected position 34644381 , only wrote 34642349
12-09 08:22:43.329 W/audio_hw_generic( 1308): Hardware backing HAL too slow, could only write 0 of 661 frames
12-09 08:22:43.378 W/audio_hw_generic( 1308): Not supplying enough data to HAL, expected position 34646952 , only wrote 34645654
12-09 08:22:43.397 W/audio_hw_generic( 1308): Hardware backing HAL too slow, could only write 0 of 661 frames
12-09 08:22:43.415 W/audio_hw_generic( 1308): Hardware backing HAL too slow, could only write 0 of 661 frames
12-09 08:22:43.437 W/audio_hw_generic( 1308): Hardware backing HAL too slow, could only write 0 of 661 frames
12-09 08:22:43.461 W/audio_hw_generic( 1308): Hardware backing HAL too slow, could only write 0 of 661 frames
12-09 08:22:43.461 W/audio_hw_generic( 1308): Hardware backing HAL too slow, could only write 0 of 661 frames
12-09 08:22:43.483 W/audio_hw_generic( 1308): Hardware backing HAL too slow, could only write 0 of 661 frames
12-09 08:22:43.505 W/audio_hw_generic( 1308): Hardware backing HAL too slow, could only write 0 of 661 frames
12-09 08:22:43.507 W/audio_hw_generic( 1308): Hardware backing HAL too slow, could only write 0 of 661 frames
12-09 08:22:43.528 W/audio_hw_generic( 1308): Hardware backing HAL too slow, could only write 0 of 661 frames
12-09 08:22:43.748 W/audio_hw_generic( 1308): Not supplying enough data to HAL, expected position 34661999 , only wrote 34659535
12-09 08:22:43.749 W/audio_hw_generic( 1308): Not supplying enough data to HAL, expected position 34659545 , only wrote 34659535
12-09 08:22:43.762 I/System.out(16354): URI: //gesture
12-09 08:22:43.762 I/System.out(16354): params: {json={"query_timeout":5.0,"gestures":[{"query_string":"android.widget.TabWidget descendant TextView index:3","touches":[{"x":50,"y":50,"offset_x":0,"offset_y":0,"wait":0.0,"time":0.2,"release":true,"query_string":null}]}]}
12-09 08:22:43.762 I/System.out(16354): }
12-09 08:22:43.776 W/audio_hw_generic( 1308): Not supplying enough data to HAL, expected position 34660739 , only wrote 34660196
12-09 08:22:43.865 W/audio_hw_generic( 1308): Not supplying enough data to HAL, expected position 34664113 , only wrote 34662840
12-09 08:22:43.893 W/audio_hw_generic( 1308): Not supplying enough data to HAL, expected position 34664078 , only wrote 34662840
12-09 08:22:43.928 W/audio_hw_generic( 1308): Not supplying enough data to HAL, expected position 34664377 , only wrote 34664162
12-09 08:22:43.965 W/audio_hw_generic( 1308): Hardware backing HAL too slow, could only write 0 of 661 frames
12-09 08:22:44.044 W/audio_hw_generic( 1308): Hardware backing HAL too slow, could only write 0 of 661 frames
12-09 08:22:44.059 W/audio_hw_generic( 1308): Hardware backing HAL too slow, could only write 0 of 661 frames
12-09 08:22:44.077 W/audio_hw_generic( 1308): Hardware backing HAL too slow, could only write 0 of 661 frames
12-09 08:22:44.083 W/audio_hw_generic( 1308): Hardware backing HAL too slow, could only write 0 of 661 frames
12-09 08:22:44.099 W/audio_hw_generic( 1308): Hardware backing HAL too slow, could only write 0 of 661 frames
12-09 08:22:44.114 W/audio_hw_generic( 1308): Hardware backing HAL too slow, could only write 0 of 661 frames
12-09 08:22:44.273 W/audio_hw_generic( 1308): Not supplying enough data to HAL, expected position 34679380 , only wrote 34674077
12-09 08:22:44.273 W/audio_hw_generic( 1308): Not supplying enough data to HAL, expected position 34674084 , only wrote 34674077
12-09 08:22:44.321 W/audio_hw_generic( 1308): Not supplying enough data to HAL, expected position 34676197 , only wrote 34674738
12-09 08:22:44.341 W/audio_hw_generic( 1308): Not supplying enough data to HAL, expected position 34675612 , only wrote 34675399
12-09 08:22:44.341 W/audio_hw_generic( 1308): Not supplying enough data to HAL, expected position 34675406 , only wrote 34675399
12-09 08:22:44.357 W/audio_hw_generic( 1308): Not supplying enough data to HAL, expected position 34676098 , only wrote 34676060
12-09 08:22:44.371 I/calabash(16354): newActivity1
12-09 08:22:44.371 W/ActivityManager( 1594): Bad activity token: android.os.BinderProxy@9f3de46
12-09 08:22:44.371 W/ActivityManager( 1594): java.lang.ClassCastException: android.os.BinderProxy cannot be cast to com.android.server.am.ActivityRecord$Token
12-09 08:22:44.371 W/ActivityManager( 1594): 	at com.android.server.am.ActivityRecord.forTokenLocked(ActivityRecord.java:424)
12-09 08:22:44.371 W/ActivityManager( 1594): 	at com.android.server.am.ActivityRecord.isInStackLocked(ActivityRecord.java:1121)
12-09 08:22:44.371 W/ActivityManager( 1594): 	at com.android.server.am.ActivityRecord.getStackLocked(ActivityRecord.java:1126)
12-09 08:22:44.371 W/ActivityManager( 1594): 	at com.android.server.am.ActivityManagerService.getActivityDisplayId(ActivityManagerService.java:8889)
12-09 08:22:44.371 W/ActivityManager( 1594): 	at android.app.ActivityManagerNative.onTransact(ActivityManagerNative.java:2338)
12-09 08:22:44.371 W/ActivityManager( 1594): 	at com.android.server.am.ActivityManagerService.onTransact(ActivityManagerService.java:2443)
12-09 08:22:44.371 W/ActivityManager( 1594): 	at android.os.Binder.execTransact(Binder.java:453)
12-09 08:22:44.372 W/ActivityManager( 1594): Bad activity token: android.os.BinderProxy@9f3de46
12-09 08:22:44.372 W/ActivityManager( 1594): java.lang.ClassCastException: android.os.BinderProxy cannot be cast to com.android.server.am.ActivityRecord$Token
12-09 08:22:44.372 W/ActivityManager( 1594): 	at com.android.server.am.ActivityRecord.forTokenLocked(ActivityRecord.java:424)
12-09 08:22:44.372 W/ActivityManager( 1594): 	at com.android.server.am.ActivityRecord.isInStackLocked(ActivityRecord.java:1121)
12-09 08:22:44.372 W/ActivityManager( 1594): 	at com.android.server.am.ActivityManagerService.setTaskDescription(ActivityManagerService.java:8547)
12-09 08:22:44.372 W/ActivityManager( 1594): 	at android.app.ActivityManagerNative.onTransact(ActivityManagerNative.java:2410)
12-09 08:22:44.372 W/ActivityManager( 1594): 	at com.android.server.am.ActivityManagerService.onTransact(ActivityManagerService.java:2443)
12-09 08:22:44.372 W/ActivityManager( 1594): 	at android.os.Binder.execTransact(Binder.java:453)
12-09 08:22:44.402 W/ActivityManager( 1594): Bad activity token: android.os.BinderProxy@9f3de46
12-09 08:22:44.402 W/ActivityManager( 1594): java.lang.ClassCastException: android.os.BinderProxy cannot be cast to com.android.server.am.ActivityRecord$Token
12-09 08:22:44.402 W/ActivityManager( 1594): 	at com.android.server.am.ActivityRecord.forTokenLocked(ActivityRecord.java:424)
12-09 08:22:44.402 W/ActivityManager( 1594): 	at com.android.server.am.ActivityRecord.isInStackLocked(ActivityRecord.java:1121)
12-09 08:22:44.402 W/ActivityManager( 1594): 	at com.android.server.am.ActivityManagerService.getActivityOptions(ActivityManagerService.java:11038)
12-09 08:22:44.402 W/ActivityManager( 1594): 	at android.app.ActivityManagerNative.onTransact(ActivityManagerNative.java:1734)
12-09 08:22:44.402 W/ActivityManager( 1594): 	at com.android.server.am.ActivityManagerService.onTransact(ActivityManagerService.java:2443)
12-09 08:22:44.402 W/ActivityManager( 1594): 	at android.os.Binder.execTransact(Binder.java:453)
12-09 08:22:44.402 W/ActivityManager( 1594): Bad activity token: android.os.BinderProxy@9f3de46
12-09 08:22:44.402 W/ActivityManager( 1594): java.lang.ClassCastException: android.os.BinderProxy cannot be cast to com.android.server.am.ActivityRecord$Token
12-09 08:22:44.402 W/ActivityManager( 1594): 	at com.android.server.am.ActivityRecord.forTokenLocked(ActivityRecord.java:424)
12-09 08:22:44.402 W/ActivityManager( 1594): 	at com.android.server.am.ActivityRecord.isInStackLocked(ActivityRecord.java:1121)
12-09 08:22:44.402 W/ActivityManager( 1594): 	at com.android.server.am.ActivityManagerService.getActivityOptions(ActivityManagerService.java:11038)
12-09 08:22:44.402 W/ActivityManager( 1594): 	at android.app.ActivityManagerNative.onTransact(ActivityManagerNative.java:1734)
12-09 08:22:44.402 W/ActivityManager( 1594): 	at com.android.server.am.ActivityManagerService.onTransact(ActivityManagerService.java:2443)
12-09 08:22:44.402 W/ActivityManager( 1594): 	at android.os.Binder.execTransact(Binder.java:453)
12-09 08:22:44.521 W/audio_hw_generic( 1308): Not supplying enough data to HAL, expected position 34683292 , only wrote 34682009
12-09 08:22:44.521 W/audio_hw_generic( 1308): Not supplying enough data to HAL, expected position 34682016 , only wrote 34682009
12-09 08:22:44.535 D/AudioFlinger( 1308): mixer(0xf4300000) throttle end: throttle time(11)
12-09 08:22:44.544 W/audio_hw_generic( 1308): Not supplying enough data to HAL, expected position 34683017 , only wrote 34682670
12-09 08:22:44.603 W/CursorWrapperInner(16354): Cursor finalized without prior close()
12-09 08:22:44.604 I/art     (16354): Background sticky concurrent mark sweep GC freed 48719(2MB) AllocSpace objects, 1(20KB) LOS objects, 28% free, 3MB/4MB, paused 1.842ms total 164.284ms
12-09 08:22:44.677 W/audio_hw_generic( 1308): Not supplying enough data to HAL, expected position 34688547 , only wrote 34687958
12-09 08:22:44.677 W/audio_hw_generic( 1308): Not supplying enough data to HAL, expected position 34687967 , only wrote 34687958
12-09 08:22:44.697 W/audio_hw_generic( 1308): Not supplying enough data to HAL, expected position 34688828 , only wrote 34688619
12-09 08:22:45.080 E/SurfaceFlinger( 1224): ro.sf.lcd_density must be defined as a build property
12-09 08:22:45.081 D/gralloc_ranchu( 1224): gralloc_alloc: Creating ashmem region of size 3686400
12-09 08:22:45.085 W/audio_hw_generic( 1308): Not supplying enough data to HAL, expected position 34705701 , only wrote 34705144
12-09 08:22:45.085 W/audio_hw_generic( 1308): Not supplying enough data to HAL, expected position 34705152 , only wrote 34705144
12-09 08:22:45.106 D/        (16427): HostConnection::get() New Host Connection established 0x7f7cd5e12480, tid 16427
12-09 08:22:45.131 W/audio_hw_generic( 1308): Not supplying enough data to HAL, expected position 34707185 , only wrote 34707127
12-09 08:22:45.139 E/EGL_emulation( 1224): tid 1224: eglCreateSyncKHR(1881): error 0x3004 (EGL_BAD_ATTRIBUTE)
12-09 08:22:45.252 W/audio_hw_generic( 1308): Not supplying enough data to HAL, expected position 34712459 , only wrote 34712415
12-09 08:22:45.252 W/audio_hw_generic( 1308): Not supplying enough data to HAL, expected position 34712422 , only wrote 34712415
12-09 08:22:45.268 W/audio_hw_generic( 1308): Not supplying enough data to HAL, expected position 34713102 , only wrote 34713076
12-09 08:22:45.382 W/audio_hw_generic( 1308): Not supplying enough data to HAL, expected position 34718105 , only wrote 34717042
12-09 08:22:45.382 W/audio_hw_generic( 1308): Not supplying enough data to HAL, expected position 34717049 , only wrote 34717042
12-09 08:22:45.398 W/audio_hw_generic( 1308): Not supplying enough data to HAL, expected position 34717741 , only wrote 34717703
12-09 08:22:45.930 W/audio_hw_generic( 1308): Not supplying enough data to HAL, expected position 34741161 , only wrote 34740177
12-09 08:22:45.930 W/audio_hw_generic( 1308): Not supplying enough data to HAL, expected position 34740184 , only wrote 34740177
12-09 08:22:45.946 W/audio_hw_generic( 1308): Not supplying enough data to HAL, expected position 34740884 , only wrote 34740838
12-09 08:22:46.264 W/audio_hw_generic( 1308): Not supplying enough data to HAL, expected position 34754858 , only wrote 34754058
12-09 08:22:46.273 I/System.out(16354): URI: //gesture
12-09 08:22:46.273 I/System.out(16354): params: {json={"query_timeout":5.0,"gestures":[{"query_string":"android.widget.TabWidget descendant TextView index:2","touches":[{"x":50,"y":50,"offset_x":0,"offset_y":0,"wait":0.0,"time":0.2,"release":true,"query_string":null}]}]}
12-09 08:22:46.274 I/System.out(16354): }
12-09 08:22:46.373 W/audio_hw_generic( 1308): Not supplying enough data to HAL, expected position 34758849 , only wrote 34757363
12-09 08:22:46.373 W/audio_hw_generic( 1308): Not supplying enough data to HAL, expected position 34757372 , only wrote 34757363
12-09 08:22:46.389 W/audio_hw_generic( 1308): Not supplying enough data to HAL, expected position 34758086 , only wrote 34758024
12-09 08:22:46.425 W/audio_hw_generic( 1308): Not supplying enough data to HAL, expected position 34759602 , only wrote 34759346
12-09 08:22:46.445 W/audio_hw_generic( 1308): Hardware backing HAL too slow, could only write 0 of 661 frames
12-09 08:22:46.497 W/audio_hw_generic( 1308): Hardware backing HAL too slow, could only write 0 of 661 frames
12-09 08:22:46.497 W/audio_hw_generic( 1308): Not supplying enough data to HAL, expected position 34762534 , only wrote 34761990
12-09 08:22:46.497 W/audio_hw_generic( 1308): Not supplying enough data to HAL, expected position 34761996 , only wrote 34761990
12-09 08:22:46.517 W/audio_hw_generic( 1308): Not supplying enough data to HAL, expected position 34762869 , only wrote 34762651
12-09 08:22:46.580 W/audio_hw_generic( 1308): Not supplying enough data to HAL, expected position 34765419 , only wrote 34765295
12-09 08:22:46.580 W/audio_hw_generic( 1308): Not supplying enough data to HAL, expected position 34765302 , only wrote 34765295
12-09 08:22:46.597 W/audio_hw_generic( 1308): Not supplying enough data to HAL, expected position 34766038 , only wrote 34765956
12-09 08:22:46.653 W/audio_hw_generic( 1308): Not supplying enough data to HAL, expected position 34768428 , only wrote 34767278
12-09 08:22:46.675 I/calabash(16354): newActivity1
12-09 08:22:46.675 W/ActivityManager( 1594): Bad activity token: android.os.BinderProxy@ab32807
12-09 08:22:46.675 W/ActivityManager( 1594): java.lang.ClassCastException: android.os.BinderProxy cannot be cast to com.android.server.am.ActivityRecord$Token
12-09 08:22:46.675 W/ActivityManager( 1594): 	at com.android.server.am.ActivityRecord.forTokenLocked(ActivityRecord.java:424)
12-09 08:22:46.675 W/ActivityManager( 1594): 	at com.android.server.am.ActivityRecord.isInStackLocked(ActivityRecord.java:1121)
12-09 08:22:46.675 W/ActivityManager( 1594): 	at com.android.server.am.ActivityRecord.getStackLocked(ActivityRecord.java:1126)
12-09 08:22:46.675 W/ActivityManager( 1594): 	at com.android.server.am.ActivityManagerService.getActivityDisplayId(ActivityManagerService.java:8889)
12-09 08:22:46.675 W/ActivityManager( 1594): 	at android.app.ActivityManagerNative.onTransact(ActivityManagerNative.java:2338)
12-09 08:22:46.675 W/ActivityManager( 1594): 	at com.android.server.am.ActivityManagerService.onTransact(ActivityManagerService.java:2443)
12-09 08:22:46.675 W/ActivityManager( 1594): 	at android.os.Binder.execTransact(Binder.java:453)
12-09 08:22:46.676 W/ActivityManager( 1594): Bad activity token: android.os.BinderProxy@ab32807
12-09 08:22:46.676 W/ActivityManager( 1594): java.lang.ClassCastException: android.os.BinderProxy cannot be cast to com.android.server.am.ActivityRecord$Token
12-09 08:22:46.676 W/ActivityManager( 1594): 	at com.android.server.am.ActivityRecord.forTokenLocked(ActivityRecord.java:424)
12-09 08:22:46.676 W/ActivityManager( 1594): 	at com.android.server.am.ActivityRecord.isInStackLocked(ActivityRecord.java:1121)
12-09 08:22:46.676 W/ActivityManager( 1594): 	at com.android.server.am.ActivityManagerService.setTaskDescription(ActivityManagerService.java:8547)
12-09 08:22:46.676 W/ActivityManager( 1594): 	at android.app.ActivityManagerNative.onTransact(ActivityManagerNative.java:2410)
12-09 08:22:46.676 W/ActivityManager( 1594): 	at com.android.server.am.ActivityManagerService.onTransact(ActivityManagerService.java:2443)
12-09 08:22:46.676 W/ActivityManager( 1594): 	at android.os.Binder.execTransact(Binder.java:453)
12-09 08:22:46.801 D/AudioFlinger( 1308): mixer(0xf4300000) throttle end: throttle time(14)
12-09 08:22:46.802 D/VehicleStatisticsActivity(16354): Checking recalculation ...
12-09 08:22:46.821 W/audio_hw_generic( 1308): Not supplying enough data to HAL, expected position 34774679 , only wrote 34774549
12-09 08:22:46.846 D/VehicleStatisticsActivity(16354): Recalculation not necessary.
12-09 08:22:46.847 W/ActivityManager( 1594): Bad activity token: android.os.BinderProxy@ab32807
12-09 08:22:46.847 W/ActivityManager( 1594): java.lang.ClassCastException: android.os.BinderProxy cannot be cast to com.android.server.am.ActivityRecord$Token
12-09 08:22:46.847 W/ActivityManager( 1594): 	at com.android.server.am.ActivityRecord.forTokenLocked(ActivityRecord.java:424)
12-09 08:22:46.847 W/ActivityManager( 1594): 	at com.android.server.am.ActivityRecord.isInStackLocked(ActivityRecord.java:1121)
12-09 08:22:46.847 W/ActivityManager( 1594): 	at com.android.server.am.ActivityManagerService.getActivityOptions(ActivityManagerService.java:11038)
12-09 08:22:46.847 W/ActivityManager( 1594): 	at android.app.ActivityManagerNative.onTransact(ActivityManagerNative.java:1734)
12-09 08:22:46.847 W/ActivityManager( 1594): 	at com.android.server.am.ActivityManagerService.onTransact(ActivityManagerService.java:2443)
