--------- beginning of main
12-09 08:02:12.839 W/art     ( 1591): Long monitor contention event with owner method=void com.android.server.wm.WindowAnimator$1.doFrame(long) from WindowAnimator.java:121 waiters=2 for 256ms
12-09 08:02:13.108 W/art     ( 1591): Long monitor contention event with owner method=void com.android.server.wm.WindowAnimator$1.doFrame(long) from WindowAnimator.java:121 waiters=2 for 269ms
--------- beginning of system
12-09 08:02:13.109 W/InputMethodManagerService( 1591): Window already focused, ignoring focus gain of: com.android.internal.view.IInputMethodClient$Stub$Proxy@a751a18 attribute=null, token = android.os.BinderProxy@63adc2d
12-09 08:02:13.109 W/art     ( 1591): Long monitor contention event with owner method=java.util.List com.android.server.am.ActivityManagerService.getAllStackInfos() from ActivityManagerService.java:8937 waiters=1 for 705ms
12-09 08:02:13.109 W/art     ( 1591): Long monitor contention event with owner method=void com.android.server.wm.WindowAnimator$1.doFrame(long) from WindowAnimator.java:121 waiters=2 for 148ms
12-09 08:02:13.112 W/art     ( 1591): Long monitor contention event with owner method=java.util.List com.android.server.am.ActivityManagerService.getAllStackInfos() from ActivityManagerService.java:8937 waiters=2 for 707ms
12-09 08:02:13.113 I/Choreographer( 1926): Skipped 43 frames!  The application may be doing too much work on its main thread.
12-09 08:02:13.144 W/art     ( 1591): Long monitor contention event with owner method=java.util.List com.android.server.am.ActivityManagerService.getAllStackInfos() from ActivityManagerService.java:8937 waiters=2 for 729ms
12-09 08:02:13.145 W/art     ( 1591): Long monitor contention event with owner method=java.util.List com.android.server.am.ActivityManagerService.getAllStackInfos() from ActivityManagerService.java:8937 waiters=4 for 723ms
12-09 08:02:13.149 W/art     ( 1591): Long monitor contention event with owner method=java.util.List com.android.server.am.ActivityManagerService.getAllStackInfos() from ActivityManagerService.java:8937 waiters=3 for 729ms
12-09 08:02:13.159 W/art     ( 1591): Long monitor contention event with owner method=java.util.List com.android.server.am.ActivityManagerService.getAllStackInfos() from ActivityManagerService.java:8937 waiters=5 for 553ms
12-09 08:02:13.160 W/art     ( 1591): Long monitor contention event with owner method=java.util.List com.android.server.am.ActivityManagerService.getAllStackInfos() from ActivityManagerService.java:8937 waiters=6 for 252ms
12-09 08:02:13.289 W/art     ( 2385): Long monitor contention event with owner method=boolean android.os.BinderProxy.transactNative(int, android.os.Parcel, android.os.Parcel, int) from Binder.java:4294967294 waiters=0 for 280ms
12-09 08:02:13.395 I/AccountManagerService( 1591): getTypesVisibleToCaller: isPermitted? true
12-09 08:02:13.486 W/art     ( 1591): Long monitor contention event with owner method=void com.android.server.wm.WindowAnimator$1.doFrame(long) from WindowAnimator.java:121 waiters=0 for 104ms
12-09 08:02:13.971 D/AndroidRuntime(10753): >>>>>> START com.android.internal.os.RuntimeInit uid 0 <<<<<<
12-09 08:02:13.986 D/AndroidRuntime(10753): CheckJNI is ON
12-09 08:02:14.029 D/ICU     (10753): No timezone override file found: /data/misc/zoneinfo/current/icu/icu_tzdata.dat
12-09 08:02:14.193 E/memtrack(10753): Couldn't load memtrack module (No such file or directory)
12-09 08:02:14.202 E/android.os.Debug(10753): failed to load memtrack module: -2
12-09 08:02:14.203 I/Radio-JNI(10753): register_android_hardware_Radio DONE
12-09 08:02:14.259 D/AndroidRuntime(10753): Calling main entry com.android.commands.am.Am
12-09 08:02:14.269 I/ActivityManager( 1591): Force stopping com.evancharlton.mileage appid=10127 user=0: start instr
12-09 08:02:14.270 I/ActivityManager( 1591): Killing 10731:com.evancharlton.mileage/u0a127 (adj 9): stop com.evancharlton.mileage
12-09 08:02:14.481 I/ContentMaintenance( 2385): Internal cache bytes used: 0; limit: 40626585; download size: 0
12-09 08:02:14.532 I/RealtimeCacheCleanup( 2385): Beginning Realtime garbage collection.
12-09 08:02:14.533 I/Choreographer( 1926): Skipped 79 frames!  The application may be doing too much work on its main thread.
12-09 08:02:14.546 W/WindowManager( 1591): On display=0 Rebuild removed 2 windows but added 1
12-09 08:02:14.546 W/WindowManager( 1591): java.lang.RuntimeException: here
12-09 08:02:14.546 W/WindowManager( 1591): 	at com.android.server.wm.WindowManagerService.rebuildAppWindowListLocked(WindowManagerService.java:8832)
12-09 08:02:14.546 W/WindowManager( 1591): 	at com.android.server.wm.WindowManagerService.rebuildAppWindowListLocked(WindowManagerService.java:8756)
12-09 08:02:14.546 W/WindowManager( 1591): 	at com.android.server.wm.WindowManagerService.handleAppTransitionReadyLocked(WindowManagerService.java:9263)
12-09 08:02:14.546 W/WindowManager( 1591): 	at com.android.server.wm.WindowManagerService.performLayoutAndPlaceSurfacesLockedInner(WindowManagerService.java:10170)
12-09 08:02:14.546 W/WindowManager( 1591): 	at com.android.server.wm.WindowManagerService.performLayoutAndPlaceSurfacesLockedLoop(WindowManagerService.java:8980)
12-09 08:02:14.546 W/WindowManager( 1591): 	at com.android.server.wm.WindowManagerService.performLayoutAndPlaceSurfacesLocked(WindowManagerService.java:8927)
12-09 08:02:14.546 W/WindowManager( 1591): 	at com.android.server.wm.WindowManagerService.-wrap6(WindowManagerService.java)
12-09 08:02:14.546 W/WindowManager( 1591): 	at com.android.server.wm.WindowManagerService$H.handleMessage(WindowManagerService.java:7822)
12-09 08:02:14.546 W/WindowManager( 1591): 	at android.os.Handler.dispatchMessage(Handler.java:102)
12-09 08:02:14.546 W/WindowManager( 1591): 	at android.os.Looper.loop(Looper.java:148)
12-09 08:02:14.546 W/WindowManager( 1591): 	at android.os.HandlerThread.run(HandlerThread.java:61)
12-09 08:02:14.546 W/WindowManager( 1591): 	at com.android.server.ServiceThread.run(ServiceThread.java:46)
12-09 08:02:14.546 W/WindowManager( 1591): This window was lost: Window{92b1c3d u0 Starting com.evancharlton.mileage}
12-09 08:02:14.546 W/WindowManager( 1591): mDisplayId=-1 stackId=74 mSession=Session{71751c3 1591:1000} mClient=android.view.ViewRootImpl$W@b7ac994
12-09 08:02:14.546 W/WindowManager( 1591): mOwnerUid=1000 mShowToOwnerOnly=false package=com.evancharlton.mileage appop=NONE
12-09 08:02:14.546 W/WindowManager( 1591): mAttrs=WM.LayoutParams{(0,0)(fillxfill) sim=#20 ty=3 fl=#30118 pfl=0x11 wanim=0x1030001 needsMenuKey=1}
12-09 08:02:14.546 W/WindowManager( 1591): Requested w=720 h=1280 mLayoutSeq=2641
12-09 08:02:14.546 W/WindowManager( 1591): mBaseLayer=21000 mSubLayer=0 mAnimLayer=21005+0=21005 mLastLayer=21005
12-09 08:02:14.546 W/WindowManager( 1591): mToken=AppWindowToken{e23cc32 token=Token{ef626e8 ActivityRecord{6f3f80b u0 com.evancharlton.mileage/.Mileage t396}}}
12-09 08:02:14.546 W/WindowManager( 1591): mRootToken=AppWindowToken{e23cc32 token=Token{ef626e8 ActivityRecord{6f3f80b u0 com.evancharlton.mileage/.Mileage t396}}}
12-09 08:02:14.546 W/WindowManager( 1591): mAppToken=AppWindowToken{e23cc32 token=Token{ef626e8 ActivityRecord{6f3f80b u0 com.evancharlton.mileage/.Mileage t396}}}
12-09 08:02:14.546 W/WindowManager( 1591): mViewVisibility=0x0 mHaveFrame=true mObscured=false
12-09 08:02:14.546 W/WindowManager( 1591): mSeq=0 mSystemUiVisibility=0x0
12-09 08:02:14.546 W/WindowManager( 1591): mGivenContentInsets=[0,0][0,0] mGivenVisibleInsets=[0,0][0,0]
12-09 08:02:14.546 W/WindowManager( 1591): mConfiguration={1.0 310mcc260mnc en_US ldltr sw720dp w720dp h1256dp 160dpi xlrg long port finger -keyb/v/h tball/v s.29}
12-09 08:02:14.546 W/WindowManager( 1591): mHasSurface=false mShownFrame=[0.0,0.0][720.0,1280.0] isReadyForDisplay()=false
12-09 08:02:14.546 W/WindowManager( 1591): mFrame=[0,0][720,1280] last=[0,0][720,1280]
12-09 08:02:14.546 W/WindowManager( 1591): mSystemDecorRect=[0,24][720,1280] last=[0,0][0,0]
12-09 08:02:14.546 W/WindowManager( 1591): Frames: containing=[0,0][720,1280] parent=[0,0][720,1280]
12-09 08:02:14.546 W/WindowManager( 1591):     display=[0,0][720,1280] overscan=[0,0][720,1280]
12-09 08:02:14.546 W/WindowManager( 1591):     content=[0,24][720,1280] visible=[0,24][720,1280]
12-09 08:02:14.546 W/WindowManager( 1591):     decor=[0,24][720,1280]
12-09 08:02:14.546 W/WindowManager( 1591):     outset=[0,0][0,0]
12-09 08:02:14.546 W/WindowManager( 1591): Cur insets: overscan=[0,0][0,0] content=[0,24][0,0] visible=[0,24][0,0] stable=[0,24][0,0] outsets=[0,0][0,0]
12-09 08:02:14.546 W/WindowManager( 1591): Lst insets: overscan=[0,0][0,0] content=[0,24][0,0] visible=[0,24][0,0] stable=[0,24][0,0] physical=[0,0][0,0] outset=[0,0][0,0]
12-09 08:02:14.546 W/WindowManager( 1591): WindowStateAnimator{2c63a56 Starting com.evancharlton.mileage}:
12-09 08:02:14.546 W/WindowManager( 1591): mExiting=false mRemoveOnExit=false mDestroying=false mRemoved=true
12-09 08:02:14.546 W/WindowManager( 1591): Current app token list:
12-09 08:02:14.546 V/WindowManager( 1591):   Stack #0 tasks from bottom to top:
12-09 08:02:14.546 V/WindowManager( 1591):     Task #322 activities from bottom to top:
12-09 08:02:14.546 V/WindowManager( 1591):       activity #0: Token{7ed6485 ActivityRecord{28365fc u0 com.android.launcher3/.Launcher t322}}
12-09 08:02:14.546 W/WindowManager( 1591): Final window list:
12-09 08:02:14.546 V/WindowManager( 1591):  Display #0
12-09 08:02:14.546 V/WindowManager( 1591):   #4: Window{bdb53f4 u0 StatusBar}
12-09 08:02:14.547 V/WindowManager( 1591):   #3: Window{6c32abe u0 KeyguardScrim}
12-09 08:02:14.547 V/WindowManager( 1591):   #2: Window{1dc0d37 u0 InputMethod}
12-09 08:02:14.547 V/WindowManager( 1591):   #1: Window{df3a562 u0 com.android.launcher3/com.android.launcher3.Launcher}
12-09 08:02:14.547 V/WindowManager( 1591):   #0: Window{b64f63e u0 com.android.systemui.ImageWallpaper}
12-09 08:02:14.569 I/RealtimeCacheCleanup( 2385): Finished Realtime garbage collection.
12-09 08:02:14.582 W/OpenGLRenderer( 1926): Incorrectly called buildLayer on View: ShortcutAndWidgetContainer, destroying layer...
12-09 08:02:14.649 I/ActivityManager( 1591): Start proc 10762:com.evancharlton.mileage/u0a127 for added application com.evancharlton.mileage
12-09 08:02:14.663 D/AndroidRuntime(10753): Shutting down VM
12-09 08:02:14.746 W/System  (10762): ClassLoader referenced unknown path: /data/app/com.evancharlton.mileage.test-1/lib/x86_64
12-09 08:02:14.746 W/System  (10762): ClassLoader referenced unknown path: /data/app/com.evancharlton.mileage-1/lib/x86_64
12-09 08:02:14.817 I/System.out(10762): Main activity name automatically set to: com.evancharlton.mileage.Mileage
12-09 08:02:14.824 I/System.out(10762): Calabash did not load Mono. This is only a problem if you are trying to test a Mono application
12-09 08:02:14.824 I/calabash(10762): Test server port: 7102
12-09 08:02:14.825 I/InstrumentationBackend(10762): Added:'GetPreferences', with key:'get_preferences'
12-09 08:02:14.889 I/InstrumentationBackend(10762): Added:'SetPreferences', with key:'set_preferences'
12-09 08:02:14.892 I/InstrumentationBackend(10762): Added:'ClearPreferences', with key:'clear_preferences'
12-09 08:02:14.892 I/InstrumentationBackend(10762): Added:'PressElement', with key:'press_l10n_element'
12-09 08:02:14.892 I/InstrumentationBackend(10762): Added:'WaitForElement', with key:'wait_for_l10n_element'
12-09 08:02:14.893 I/InstrumentationBackend(10762): Added:'NullAction', with key:'nullAction'
12-09 08:02:14.893 I/InstrumentationBackend(10762): Added:'PressKey', with key:'press_key'
12-09 08:02:14.893 I/InstrumentationBackend(10762): Added:'SetActivityOrientation', with key:'set_activity_orientation'
12-09 08:02:14.893 I/InstrumentationBackend(10762): Added:'GetActivityOrientation', with key:'get_activity_orientation'
12-09 08:02:14.893 I/InstrumentationBackend(10762): Added:'FakeGPSLocation', with key:'set_gps_coordinates'
12-09 08:02:14.894 I/InstrumentationBackend(10762): Added:'SetPropertyByCssSelector', with key:'set_property_by_css_selector'
12-09 08:02:14.894 I/InstrumentationBackend(10762): Added:'GetUrl', with key:'get_url'
12-09 08:02:14.894 I/InstrumentationBackend(10762): Added:'ScrollTo', with key:'scroll_to'
12-09 08:02:14.895 I/InstrumentationBackend(10762): Added:'GetLoadProgress', with key:'get_load_progress'
12-09 08:02:14.895 I/InstrumentationBackend(10762): Added:'DumpHtml', with key:'dump_html'
12-09 08:02:14.895 I/InstrumentationBackend(10762): Added:'DumpBodyHtml', with key:'dump_body_html'
12-09 08:02:14.895 I/InstrumentationBackend(10762): Added:'EnterTextByCssSelector', with key:'enter_text_by_selector'
12-09 08:02:14.905 I/InstrumentationBackend(10762): Added:'AndroidSDKVersion', with key:'android_sdk_version'
12-09 08:02:14.905 I/InstrumentationBackend(10762): Added:'Version', with key:'version'
12-09 08:02:14.905 I/InstrumentationBackend(10762): Added:'Drag', with key:'drag'
12-09 08:02:14.905 I/InstrumentationBackend(10762): Added:'TouchCoordinates', with key:'touch_coordinate'
12-09 08:02:14.905 I/InstrumentationBackend(10762): Added:'LongPressCoordinate', with key:'long_press_coordinate'
12-09 08:02:14.905 I/InstrumentationBackend(10762): Added:'DragCoordinates', with key:'drag_coordinates'
12-09 08:02:14.905 I/InstrumentationBackend(10762): Added:'ResumeApplication', with key:'resume_application'
12-09 08:02:14.906 I/InstrumentationBackend(10762): Added:'Swipe', with key:'swipe'
12-09 08:02:14.906 I/InstrumentationBackend(10762): Added:'DoubleTapCoordinate', with key:'double_tap_coordinate'
12-09 08:02:14.906 I/InstrumentationBackend(10762): Added:'ClickOnScreen', with key:'click_on_screen'
12-09 08:02:14.906 I/InstrumentationBackend(10762): Added:'GetActivityName', with key:'get_activity_name'
12-09 08:02:14.907 I/InstrumentationBackend(10762): Added:'ScrollToView', with key:'scroll_to_view'
12-09 08:02:14.907 I/InstrumentationBackend(10762): Added:'ViewConfiguration', with key:'view_configuration'
12-09 08:02:14.907 I/InstrumentationBackend(10762): Added:'IsCurrentActivityFocused', with key:'is_current_activity_focused'
12-09 08:02:14.907 I/InstrumentationBackend(10762): Added:'SendTcp', with key:'send_tcp'
12-09 08:02:14.907 I/InstrumentationBackend(10762): Added:'DpToDevicePixel', with key:'dp_to_device_pixel'
12-09 08:02:14.917 I/InstrumentationBackend(10762): Added:'KeyboardEnterText', with key:'keyboard_enter_text'
12-09 08:02:14.917 I/InstrumentationBackend(10762): Added:'DeleteSurroundingText', with key:'delete_surrounding_text'
12-09 08:02:14.918 I/InstrumentationBackend(10762): Added:'SetComposingRegion', with key:'set_composing_region'
12-09 08:02:14.918 I/InstrumentationBackend(10762): Added:'SetSelection', with key:'set_selection'
12-09 08:02:14.918 I/InstrumentationBackend(10762): Added:'KeyboardKeyEvent', with key:'keyboard_key_event'
12-09 08:02:14.918 I/InstrumentationBackend(10762): Added:'PressUserActionButton', with key:'press_user_action_button'
12-09 08:02:14.919 I/InstrumentationBackend(10762): Added:'HideSoftKeyboard', with key:'hide_soft_keyboard'
12-09 08:02:14.919 I/InstrumentationBackend(10762): Added:'ListActions', with key:'list_actions'
12-09 08:02:14.919 I/calabash(10762): Instantiating http server at 7102
12-09 08:02:14.930 I/System.out(10762): HTTP Daemon listening on: 7102
12-09 08:02:15.115 I/System.out(10762): URI: //ping
12-09 08:02:15.115 I/System.out(10762): params: {json={}
12-09 08:02:15.115 I/System.out(10762): }
12-09 08:02:15.153 I/System.out(10762): URI: //ping
12-09 08:02:15.154 I/System.out(10762): params: {json={}
12-09 08:02:15.154 I/System.out(10762): }
12-09 08:02:15.210 I/System.out(10762): URI: //ready
12-09 08:02:15.210 I/System.out(10762): params: {json={}
12-09 08:02:15.210 I/System.out(10762): }
12-09 08:02:15.284 I/System.out(10762): URI: //
12-09 08:02:15.284 I/System.out(10762): params: {json={"command":"version","arguments":[]}
12-09 08:02:15.284 I/System.out(10762): }
12-09 08:02:15.284 I/System.out(10762): header: {date=Sun, 09 Dec 2018 08:02:15 GMT, accept=*/*, content-length=36, host=127.0.0.1:34777, user-agent=HTTPClient/1.0 (2.8.3, ruby 2.3.1 (2016-04-26)), content-type=application/json;charset=utf-8}
12-09 08:02:15.284 I/System.out(10762): params: {json={"command":"version","arguments":[]}
12-09 08:02:15.284 I/System.out(10762): }
12-09 08:02:15.284 I/System.out(10762): ProP json = {"command":"version","arguments":[]}
12-09 08:02:15.284 I/System.out(10762): files: {}
12-09 08:02:15.284 I/System.out(10762): command: {"command":"version","arguments":[]}
12-09 08:02:15.306 I/InstrumentationBackend(10762): Got command:'Command:'Line:null,version', arguments:'[]'
12-09 08:02:15.335 I/System.out(10762): result:{"bonusInformation":[],"message":"0.9.8","success":true}
12-09 08:02:15.517 I/System.out(10762): URI: //start-application
12-09 08:02:15.517 I/System.out(10762): params: {json={"intent":null}
12-09 08:02:15.517 I/System.out(10762): }
12-09 08:02:15.628 I/art     (10762): Background partial concurrent mark sweep GC freed 33493(1847KB) AllocSpace objects, 15(300KB) LOS objects, 45% free, 1223KB/2MB, paused 7.569ms total 99.416ms
12-09 08:02:15.692 I/ActivityManager( 1591): START u0 {act=android.intent.action.MAIN cat=[android.intent.category.LAUNCHER] flg=0x10200000 cmp=com.evancharlton.mileage/.Mileage} from uid 10127 on display 0
12-09 08:02:15.730 I/calabash(10762): newActivity1
12-09 08:02:16.034 W/art     ( 1591): Long monitor contention event with owner method=void com.android.server.am.ActivityManagerService.activityPaused(android.os.IBinder) from ActivityManagerService.java:6439 waiters=1 for 306ms
12-09 08:02:16.035 W/art     ( 1591): Long monitor contention event with owner method=void com.android.server.am.ActivityManagerService.activityPaused(android.os.IBinder) from ActivityManagerService.java:6439 waiters=2 for 301ms
12-09 08:02:16.035 D/gralloc_ranchu( 1218): gralloc_alloc: Creating ashmem region of size 3686400
12-09 08:02:16.058 I/calabash(10762): newActivity1
12-09 08:02:16.060 W/ActivityManager( 1591): Bad activity token: android.os.BinderProxy@30f7d1d
12-09 08:02:16.060 W/ActivityManager( 1591): java.lang.ClassCastException: android.os.BinderProxy cannot be cast to com.android.server.am.ActivityRecord$Token
12-09 08:02:16.060 W/ActivityManager( 1591): 	at com.android.server.am.ActivityRecord.forTokenLocked(ActivityRecord.java:424)
12-09 08:02:16.060 W/ActivityManager( 1591): 	at com.android.server.am.ActivityRecord.isInStackLocked(ActivityRecord.java:1121)
12-09 08:02:16.060 W/ActivityManager( 1591): 	at com.android.server.am.ActivityRecord.getStackLocked(ActivityRecord.java:1126)
12-09 08:02:16.060 W/ActivityManager( 1591): 	at com.android.server.am.ActivityManagerService.getActivityDisplayId(ActivityManagerService.java:8889)
12-09 08:02:16.060 W/ActivityManager( 1591): 	at android.app.ActivityManagerNative.onTransact(ActivityManagerNative.java:2338)
12-09 08:02:16.060 W/ActivityManager( 1591): 	at com.android.server.am.ActivityManagerService.onTransact(ActivityManagerService.java:2443)
12-09 08:02:16.060 W/ActivityManager( 1591): 	at android.os.Binder.execTransact(Binder.java:453)
12-09 08:02:16.068 W/ActivityManager( 1591): Bad activity token: android.os.BinderProxy@30f7d1d
12-09 08:02:16.068 W/ActivityManager( 1591): java.lang.ClassCastException: android.os.BinderProxy cannot be cast to com.android.server.am.ActivityRecord$Token
12-09 08:02:16.068 W/ActivityManager( 1591): 	at com.android.server.am.ActivityRecord.forTokenLocked(ActivityRecord.java:424)
12-09 08:02:16.068 W/ActivityManager( 1591): 	at com.android.server.am.ActivityRecord.isInStackLocked(ActivityRecord.java:1121)
12-09 08:02:16.068 W/ActivityManager( 1591): 	at com.android.server.am.ActivityManagerService.setTaskDescription(ActivityManagerService.java:8547)
12-09 08:02:16.068 W/ActivityManager( 1591): 	at android.app.ActivityManagerNative.onTransact(ActivityManagerNative.java:2410)
12-09 08:02:16.068 W/ActivityManager( 1591): 	at com.android.server.am.ActivityManagerService.onTransact(ActivityManagerService.java:2443)
12-09 08:02:16.068 W/ActivityManager( 1591): 	at android.os.Binder.execTransact(Binder.java:453)
12-09 08:02:16.100 D/AndroidRuntime(10762): Shutting down VM
--------- beginning of crash
12-09 08:02:16.104 E/AndroidRuntime(10762): FATAL EXCEPTION: main
12-09 08:02:16.104 E/AndroidRuntime(10762): Process: com.evancharlton.mileage, PID: 10762
12-09 08:02:16.104 E/AndroidRuntime(10762): java.lang.RuntimeException: Unable to start activity ComponentInfo{com.evancharlton.mileage/com.evancharlton.mileage.Mileage}: java.lang.RuntimeException: Unable to start activity ComponentInfo{com.evancharlton.mileage/com.evancharlton.mileage.FillupActivity}: android.view.InflateException: Binary XML file line #5: Binary XML file line #5: Error inflating class com.evancharlton.mileage.views.CursorSpinner
12-09 08:02:16.104 E/AndroidRuntime(10762): 	at android.app.ActivityThread.performLaunchActivity(ActivityThread.java:2416)
12-09 08:02:16.104 E/AndroidRuntime(10762): 	at android.app.ActivityThread.handleLaunchActivity(ActivityThread.java:2476)
12-09 08:02:16.104 E/AndroidRuntime(10762): 	at android.app.ActivityThread.-wrap11(ActivityThread.java)
12-09 08:02:16.104 E/AndroidRuntime(10762): 	at android.app.ActivityThread$H.handleMessage(ActivityThread.java:1344)
12-09 08:02:16.104 E/AndroidRuntime(10762): 	at android.os.Handler.dispatchMessage(Handler.java:102)
12-09 08:02:16.104 E/AndroidRuntime(10762): 	at android.os.Looper.loop(Looper.java:148)
12-09 08:02:16.104 E/AndroidRuntime(10762): 	at android.app.ActivityThread.main(ActivityThread.java:5417)
12-09 08:02:16.104 E/AndroidRuntime(10762): 	at java.lang.reflect.Method.invoke(Native Method)
12-09 08:02:16.104 E/AndroidRuntime(10762): 	at com.android.internal.os.ZygoteInit$MethodAndArgsCaller.run(ZygoteInit.java:726)
12-09 08:02:16.104 E/AndroidRuntime(10762): 	at com.android.internal.os.ZygoteInit.main(ZygoteInit.java:616)
12-09 08:02:16.104 E/AndroidRuntime(10762): Caused by: java.lang.RuntimeException: Unable to start activity ComponentInfo{com.evancharlton.mileage/com.evancharlton.mileage.FillupActivity}: android.view.InflateException: Binary XML file line #5: Binary XML file line #5: Error inflating class com.evancharlton.mileage.views.CursorSpinner
12-09 08:02:16.104 E/AndroidRuntime(10762): 	at android.app.ActivityThread.performLaunchActivity(ActivityThread.java:2416)
12-09 08:02:16.104 E/AndroidRuntime(10762): 	at android.app.ActivityThread.startActivityNow(ActivityThread.java:2240)
12-09 08:02:16.104 E/AndroidRuntime(10762): 	at android.app.LocalActivityManager.moveToState(LocalActivityManager.java:136)
12-09 08:02:16.104 E/AndroidRuntime(10762): 	at android.app.LocalActivityManager.startActivity(LocalActivityManager.java:348)
12-09 08:02:16.104 E/AndroidRuntime(10762): 	at android.widget.TabHost$IntentContentStrategy.getContentView(TabHost.java:724)
12-09 08:02:16.104 E/AndroidRuntime(10762): 	at android.widget.TabHost.setCurrentTab(TabHost.java:388)
12-09 08:02:16.104 E/AndroidRuntime(10762): 	at android.widget.TabHost.addTab(TabHost.java:222)
12-09 08:02:16.104 E/AndroidRuntime(10762): 	at com.evancharlton.mileage.Mileage.onCreate(Mileage.java:31)
12-09 08:02:16.104 E/AndroidRuntime(10762): 	at android.app.Activity.performCreate(Activity.java:6237)
12-09 08:02:16.104 E/AndroidRuntime(10762): 	at android.app.Instrumentation.callActivityOnCreate(Instrumentation.java:1107)
12-09 08:02:16.104 E/AndroidRuntime(10762): 	at android.app.ActivityThread.performLaunchActivity(ActivityThread.java:2369)
12-09 08:02:16.104 E/AndroidRuntime(10762): 	... 9 more
12-09 08:02:16.104 E/AndroidRuntime(10762): Caused by: android.view.InflateException: Binary XML file line #5: Binary XML file line #5: Error inflating class com.evancharlton.mileage.views.CursorSpinner
12-09 08:02:16.104 E/AndroidRuntime(10762): 	at android.view.LayoutInflater.inflate(LayoutInflater.java:539)
12-09 08:02:16.104 E/AndroidRuntime(10762): 	at android.view.LayoutInflater.inflate(LayoutInflater.java:423)
12-09 08:02:16.104 E/AndroidRuntime(10762): 	at android.view.LayoutInflater.inflate(LayoutInflater.java:374)
12-09 08:02:16.104 E/AndroidRuntime(10762): 	at com.evancharlton.mileage.BaseFormActivity.onCreate(BaseFormActivity.java:37)
12-09 08:02:16.104 E/AndroidRuntime(10762): 	at com.evancharlton.mileage.FillupActivity.onCreate(FillupActivity.java:72)
12-09 08:02:16.104 E/AndroidRuntime(10762): 	at android.app.Activity.performCreate(Activity.java:6237)
12-09 08:02:16.104 E/AndroidRuntime(10762): 	at android.app.Instrumentation.callActivityOnCreate(Instrumentation.java:1107)
12-09 08:02:16.104 E/AndroidRuntime(10762): 	at android.app.ActivityThread.performLaunchActivity(ActivityThread.java:2369)
12-09 08:02:16.104 E/AndroidRuntime(10762): 	... 19 more
12-09 08:02:16.104 E/AndroidRuntime(10762): Caused by: android.view.InflateException: Binary XML file line #5: Error inflating class com.evancharlton.mileage.views.CursorSpinner
12-09 08:02:16.104 E/AndroidRuntime(10762): 	at android.view.LayoutInflater.createView(LayoutInflater.java:645)
12-09 08:02:16.104 E/AndroidRuntime(10762): 	at android.view.LayoutInflater.createViewFromTag(LayoutInflater.java:764)
12-09 08:02:16.104 E/AndroidRuntime(10762): 	at android.view.LayoutInflater.createViewFromTag(LayoutInflater.java:704)
12-09 08:02:16.104 E/AndroidRuntime(10762): 	at android.view.LayoutInflater.rInflate(LayoutInflater.java:835)
12-09 08:02:16.104 E/AndroidRuntime(10762): 	at android.view.LayoutInflater.inflate(LayoutInflater.java:489)
12-09 08:02:16.104 E/AndroidRuntime(10762): 	... 26 more
12-09 08:02:16.104 E/AndroidRuntime(10762): Caused by: java.lang.reflect.InvocationTargetException
12-09 08:02:16.104 E/AndroidRuntime(10762): 	at java.lang.reflect.Constructor.newInstance(Native Method)
12-09 08:02:16.104 E/AndroidRuntime(10762): 	at android.view.LayoutInflater.createView(LayoutInflater.java:619)
12-09 08:02:16.104 E/AndroidRuntime(10762): 	... 30 more
12-09 08:02:16.104 E/AndroidRuntime(10762): Caused by: java.lang.NullPointerException: Attempt to invoke virtual method 'java.lang.Object android.content.Context.getSystemService(java.lang.String)' on a null object reference
12-09 08:02:16.104 E/AndroidRuntime(10762): 	at android.widget.ResourceCursorAdapter.<init>(ResourceCursorAdapter.java:57)
12-09 08:02:16.104 E/AndroidRuntime(10762): 	at android.widget.SimpleCursorAdapter.<init>(SimpleCursorAdapter.java:78)
12-09 08:02:16.104 E/AndroidRuntime(10762): 	at com.evancharlton.mileage.adapters.SpinnerCursorAdapter.<init
12-09 08:02:16.133 W/ActivityManager( 1591): Error in app com.evancharlton.mileage running instrumentation ComponentInfo{com.evancharlton.mileage.test/sh.calaba.instrumentationbackend.CalabashInstrumentationTestRunner}:
12-09 08:02:16.133 W/ActivityManager( 1591):   java.lang.NullPointerException
12-09 08:02:16.133 W/ActivityManager( 1591):   java.lang.NullPointerException: Attempt to invoke virtual method 'java.lang.Object android.content.Context.getSystemService(java.lang.String)' on a null object reference
12-09 08:02:16.133 I/ActivityManager( 1591): Force stopping com.evancharlton.mileage appid=10127 user=0: finished inst
12-09 08:02:16.144 I/ActivityManager( 1591): Killing 10762:com.evancharlton.mileage/u0a127 (adj 0): stop com.evancharlton.mileage
