12-09 07:56:37.785 W/audio_hw_generic( 1307): Hardware backing HAL too slow, could only write 0 of 661 frames
12-09 07:56:37.813 W/audio_hw_generic( 1307): Hardware backing HAL too slow, could only write 0 of 661 frames
12-09 07:56:37.923 I/System.out( 9016): URI: //map
12-09 07:56:37.923 I/System.out( 9016): params: {json={"query":"android.widget.EditText id:'price'","operation":{"method_name":"query","arguments":[]}}
12-09 07:56:37.923 I/System.out( 9016): }
12-09 07:56:37.948 W/ResourceType( 9016): No package identifier when getting name for resource number 0x00000001
12-09 07:56:38.035 I/System.out( 9016): URI: //gesture
12-09 07:56:38.035 I/System.out( 9016): params: {json={"query_timeout":5.0,"gestures":[{"query_string":"android.widget.EditText id:'price'","touches":[{"x":50,"y":50,"offset_x":0,"offset_y":0,"wait":0.0,"time":0.2,"release":true,"query_string":null}]}]}
12-09 07:56:38.036 I/System.out( 9016): }
12-09 07:56:38.055 W/ResourceType( 9016): No package identifier when getting name for resource number 0x00000001
12-09 07:56:38.187 W/audio_hw_generic( 1307): Not supplying enough data to HAL, expected position 15614828 , only wrote 15614803
12-09 07:56:38.447 W/audio_hw_generic( 1307): Not supplying enough data to HAL, expected position 15626269 , only wrote 15626040
12-09 07:56:38.447 W/audio_hw_generic( 1307): Not supplying enough data to HAL, expected position 15626046 , only wrote 15626040
12-09 07:56:38.467 W/audio_hw_generic( 1307): Not supplying enough data to HAL, expected position 15626938 , only wrote 15626701
12-09 07:56:38.491 I/LatinIME( 1866): Starting input. Cursor position = 0,0
12-09 07:56:38.543 W/audio_hw_generic( 1307): Not supplying enough data to HAL, expected position 15630051 , only wrote 15630006
12-09 07:56:38.543 W/audio_hw_generic( 1307): Not supplying enough data to HAL, expected position 15630012 , only wrote 15630006
12-09 07:56:38.567 W/audio_hw_generic( 1307): Not supplying enough data to HAL, expected position 15631035 , only wrote 15630667
12-09 07:56:38.613 I/art     ( 9016): Background sticky concurrent mark sweep GC freed 27665(1154KB) AllocSpace objects, 1(20KB) LOS objects, 4% free, 3MB/3MB, paused 1.412ms total 132.651ms
12-09 07:56:38.963 W/audio_hw_generic( 1307): Not supplying enough data to HAL, expected position 15648154 , only wrote 15647853
12-09 07:56:38.963 W/audio_hw_generic( 1307): Not supplying enough data to HAL, expected position 15647859 , only wrote 15647853
12-09 07:56:39.020 W/audio_hw_generic( 1307): Not supplying enough data to HAL, expected position 15650338 , only wrote 15649836
12-09 07:56:39.059 W/audio_hw_generic( 1307): Not supplying enough data to HAL, expected position 15651577 , only wrote 15651158
12-09 07:56:39.069 D/EGL_emulation( 1866): eglMakeCurrent: 0x7fb3a9bda8e0: ver 2 0 (tinfo 0x7fb3a18fec80)
12-09 07:56:39.163 I/System.out( 9016): URI: //
12-09 07:56:39.163 I/System.out( 9016): params: {json={"command":"set_selection","arguments":[-1,-1]}
12-09 07:56:39.164 I/System.out( 9016): }
12-09 07:56:39.164 I/System.out( 9016): header: {date=Sun, 09 Dec 2018 07:56:39 GMT, accept=*/*, content-length=47, host=127.0.0.1:34777, user-agent=HTTPClient/1.0 (2.8.3, ruby 2.3.1 (2016-04-26)), content-type=application/json;charset=utf-8}
12-09 07:56:39.164 I/System.out( 9016): params: {json={"command":"set_selection","arguments":[-1,-1]}
12-09 07:56:39.164 I/System.out( 9016): }
12-09 07:56:39.164 I/System.out( 9016): ProP json = {"command":"set_selection","arguments":[-1,-1]}
12-09 07:56:39.164 I/System.out( 9016): files: {}
12-09 07:56:39.164 I/System.out( 9016): command: {"command":"set_selection","arguments":[-1,-1]}
12-09 07:56:39.165 I/InstrumentationBackend( 9016): Got command:'Command:'Line:null,set_selection', arguments:'[-1, -1]'
12-09 07:56:39.199 W/audio_hw_generic( 1307): Not supplying enough data to HAL, expected position 15657314 , only wrote 15657107
12-09 07:56:39.199 W/audio_hw_generic( 1307): Not supplying enough data to HAL, expected position 15657114 , only wrote 15657107
12-09 07:56:39.213 W/audio_hw_generic( 1307): Hardware backing HAL too slow, could only write 0 of 661 frames
12-09 07:56:39.214 W/audio_hw_generic( 1307): Hardware backing HAL too slow, could only write 0 of 661 frames
12-09 07:56:39.230 W/audio_hw_generic( 1307): Hardware backing HAL too slow, could only write 0 of 661 frames
12-09 07:56:39.244 W/audio_hw_generic( 1307): Hardware backing HAL too slow, could only write 0 of 661 frames
12-09 07:56:39.259 I/art     ( 9016): Background sticky concurrent mark sweep GC freed 19554(977KB) AllocSpace objects, 2(40KB) LOS objects, 19% free, 3MB/3MB, paused 1.050ms total 111.147ms
12-09 07:56:39.270 I/System.out( 9016): result:{"bonusInformation":[],"message":"","success":true}
12-09 07:56:39.275 W/audio_hw_generic( 1307): Hardware backing HAL too slow, could only write 0 of 661 frames
12-09 07:56:39.291 W/audio_hw_generic( 1307): Hardware backing HAL too slow, could only write 0 of 661 frames
12-09 07:56:39.304 W/audio_hw_generic( 1307): Hardware backing HAL too slow, could only write 0 of 661 frames
12-09 07:56:39.319 W/audio_hw_generic( 1307): Hardware backing HAL too slow, could only write 0 of 661 frames
12-09 07:56:39.334 W/audio_hw_generic( 1307): Hardware backing HAL too slow, could only write 0 of 661 frames
12-09 07:56:39.350 W/audio_hw_generic( 1307): Hardware backing HAL too slow, could only write 0 of 661 frames
12-09 07:56:39.413 I/System.out( 9016): URI: //
12-09 07:56:39.413 I/System.out( 9016): params: {json={"command":"keyboard_enter_text","arguments":["97123743947239847210"]}
12-09 07:56:39.414 I/System.out( 9016): }
12-09 07:56:39.414 I/System.out( 9016): header: {date=Sun, 09 Dec 2018 07:56:40 GMT, accept=*/*, content-length=70, host=127.0.0.1:34777, user-agent=HTTPClient/1.0 (2.8.3, ruby 2.3.1 (2016-04-26)), content-type=application/json;charset=utf-8}
12-09 07:56:39.414 I/System.out( 9016): params: {json={"command":"keyboard_enter_text","arguments":["97123743947239847210"]}
12-09 07:56:39.414 I/System.out( 9016): }
12-09 07:56:39.414 I/System.out( 9016): ProP json = {"command":"keyboard_enter_text","arguments":["97123743947239847210"]}
12-09 07:56:39.414 I/System.out( 9016): files: {}
12-09 07:56:39.414 I/System.out( 9016): command: {"command":"keyboard_enter_text","arguments":["97123743947239847210"]}
12-09 07:56:39.417 I/InstrumentationBackend( 9016): Got command:'Command:'Line:null,keyboard_enter_text', arguments:'[97123743947239847210]'
12-09 07:56:39.417 E/SpannableStringBuilder( 9016): SPAN_EXCLUSIVE_EXCLUSIVE spans cannot have a zero length
12-09 07:56:39.418 E/SpannableStringBuilder( 9016): SPAN_EXCLUSIVE_EXCLUSIVE spans cannot have a zero length
12-09 07:56:39.687 W/audio_hw_generic( 1307): Not supplying enough data to HAL, expected position 15678640 , only wrote 15677598
12-09 07:56:39.687 W/audio_hw_generic( 1307): Not supplying enough data to HAL, expected position 15677604 , only wrote 15677598
12-09 07:56:39.788 E/SpannableStringBuilder( 9016): SPAN_EXCLUSIVE_EXCLUSIVE spans cannot have a zero length
12-09 07:56:39.788 E/SpannableStringBuilder( 9016): SPAN_EXCLUSIVE_EXCLUSIVE spans cannot have a zero length
12-09 07:56:39.798 I/System.out( 9016): result:{"bonusInformation":[],"message":"","success":true}
12-09 07:56:39.905 I/System.out( 9016): URI: //map
12-09 07:56:39.905 I/System.out( 9016): params: {json={"query":"android.widget.EditText id:'volume'","operation":{"method_name":"query","arguments":[]}}
12-09 07:56:39.905 I/System.out( 9016): }
12-09 07:56:39.959 W/audio_hw_generic( 1307): Not supplying enough data to HAL, expected position 15689563 , only wrote 15689496
12-09 07:56:39.971 W/ResourceType( 9016): No package identifier when getting name for resource number 0x00000001
12-09 07:56:40.099 W/audio_hw_generic( 1307): Hardware backing HAL too slow, could only write 0 of 661 frames
12-09 07:56:40.110 I/art     ( 9016): Background sticky concurrent mark sweep GC freed 16345(651KB) AllocSpace objects, 1(20KB) LOS objects, 0% free, 4MB/4MB, paused 925us total 134.074ms
12-09 07:56:40.163 W/audio_hw_generic( 1307): Not supplying enough data to HAL, expected position 15698512 , only wrote 15698089
12-09 07:56:40.163 W/audio_hw_generic( 1307): Not supplying enough data to HAL, expected position 15698095 , only wrote 15698089
12-09 07:56:40.179 W/audio_hw_generic( 1307): Not supplying enough data to HAL, expected position 15698776 , only wrote 15698750
12-09 07:56:40.199 W/audio_hw_generic( 1307): Not supplying enough data to HAL, expected position 15699616 , only wrote 15699411
12-09 07:56:40.199 W/audio_hw_generic( 1307): Not supplying enough data to HAL, expected position 15699417 , only wrote 15699411
12-09 07:56:40.217 W/audio_hw_generic( 1307): Not supplying enough data to HAL, expected position 15700219 , only wrote 15700072
12-09 07:56:40.256 I/System.out( 9016): URI: //gesture
12-09 07:56:40.256 I/System.out( 9016): params: {json={"query_timeout":5.0,"gestures":[{"query_string":"android.widget.EditText id:'volume'","touches":[{"x":50,"y":50,"offset_x":0,"offset_y":0,"wait":0.0,"time":0.2,"release":true,"query_string":null}]}]}
12-09 07:56:40.256 I/System.out( 9016): }
12-09 07:56:40.272 W/ResourceType( 9016): No package identifier when getting name for resource number 0x00000001
12-09 07:56:40.679 I/LatinIME( 1866): Starting input. Cursor position = 0,0
12-09 07:56:40.744 W/art     ( 9016): Suspending all threads took: 13.890ms
12-09 07:56:40.763 I/art     ( 9016): Background sticky concurrent mark sweep GC freed 45196(2043KB) AllocSpace objects, 2(40KB) LOS objects, 37% free, 2MB/4MB, paused 15.141ms total 75.650ms
12-09 07:56:41.343 I/System.out( 9016): URI: //
12-09 07:56:41.343 I/System.out( 9016): params: {json={"command":"set_selection","arguments":[-1,-1]}
12-09 07:56:41.343 I/System.out( 9016): }
12-09 07:56:41.343 I/System.out( 9016): header: {date=Sun, 09 Dec 2018 07:56:42 GMT, accept=*/*, content-length=47, host=127.0.0.1:34777, user-agent=HTTPClient/1.0 (2.8.3, ruby 2.3.1 (2016-04-26)), content-type=application/json;charset=utf-8}
12-09 07:56:41.343 I/System.out( 9016): params: {json={"command":"set_selection","arguments":[-1,-1]}
12-09 07:56:41.343 I/System.out( 9016): }
12-09 07:56:41.344 I/System.out( 9016): ProP json = {"command":"set_selection","arguments":[-1,-1]}
12-09 07:56:41.344 I/System.out( 9016): files: {}
12-09 07:56:41.344 I/System.out( 9016): command: {"command":"set_selection","arguments":[-1,-1]}
12-09 07:56:41.345 I/InstrumentationBackend( 9016): Got command:'Command:'Line:null,set_selection', arguments:'[-1, -1]'
12-09 07:56:41.370 I/System.out( 9016): result:{"bonusInformation":[],"message":"","success":true}
12-09 07:56:41.471 I/System.out( 9016): URI: //
12-09 07:56:41.472 I/System.out( 9016): params: {json={"command":"keyboard_enter_text","arguments":["98123743947721092831"]}
12-09 07:56:41.472 I/System.out( 9016): }
12-09 07:56:41.472 I/System.out( 9016): header: {date=Sun, 09 Dec 2018 07:56:42 GMT, accept=*/*, content-length=70, host=127.0.0.1:34777, user-agent=HTTPClient/1.0 (2.8.3, ruby 2.3.1 (2016-04-26)), content-type=application/json;charset=utf-8}
12-09 07:56:41.472 I/System.out( 9016): params: {json={"command":"keyboard_enter_text","arguments":["98123743947721092831"]}
12-09 07:56:41.472 I/System.out( 9016): }
12-09 07:56:41.472 I/System.out( 9016): ProP json = {"command":"keyboard_enter_text","arguments":["98123743947721092831"]}
12-09 07:56:41.472 I/System.out( 9016): files: {}
12-09 07:56:41.472 I/System.out( 9016): command: {"command":"keyboard_enter_text","arguments":["98123743947721092831"]}
12-09 07:56:41.473 I/InstrumentationBackend( 9016): Got command:'Command:'Line:null,keyboard_enter_text', arguments:'[98123743947721092831]'
12-09 07:56:41.474 E/SpannableStringBuilder( 9016): SPAN_EXCLUSIVE_EXCLUSIVE spans cannot have a zero length
12-09 07:56:41.474 E/SpannableStringBuilder( 9016): SPAN_EXCLUSIVE_EXCLUSIVE spans cannot have a zero length
12-09 07:56:41.538 E/SpannableStringBuilder( 9016): SPAN_EXCLUSIVE_EXCLUSIVE spans cannot have a zero length
12-09 07:56:41.539 E/SpannableStringBuilder( 9016): SPAN_EXCLUSIVE_EXCLUSIVE spans cannot have a zero length
12-09 07:56:41.595 I/System.out( 9016): result:{"bonusInformation":[],"message":"","success":true}
12-09 07:56:41.963 I/System.out( 9016): URI: //map
12-09 07:56:41.963 I/System.out( 9016): params: {json={"query":"android.widget.EditText id:'odometer'","operation":{"method_name":"query","arguments":[]}}
12-09 07:56:41.963 I/System.out( 9016): }
12-09 07:56:42.057 I/art     ( 9016): Background sticky concurrent mark sweep GC freed 27918(1324KB) AllocSpace objects, 7(140KB) LOS objects, 22% free, 3MB/4MB, paused 5.248ms total 448.561ms
12-09 07:56:42.202 W/ResourceType( 9016): No package identifier when getting name for resource number 0x00000001
12-09 07:56:42.658 I/art     ( 9016): Background partial concurrent mark sweep GC freed 46645(2MB) AllocSpace objects, 4(80KB) LOS objects, 39% free, 2MB/4MB, paused 954us total 407.746ms
12-09 07:56:42.668 I/System.out( 9016): URI: //gesture
12-09 07:56:42.687 I/System.out( 9016): params: {json={"query_timeout":5.0,"gestures":[{"query_string":"android.widget.EditText id:'odometer'","touches":[{"x":50,"y":50,"offset_x":0,"offset_y":0,"wait":0.0,"time":0.2,"release":true,"query_string":null}]}]}
12-09 07:56:42.687 I/System.out( 9016): }
12-09 07:56:42.712 W/ResourceType( 9016): No package identifier when getting name for resource number 0x00000001
12-09 07:56:43.319 I/LatinIME( 1866): Starting input. Cursor position = 0,0
12-09 07:56:43.985 I/System.out( 9016): URI: //
12-09 07:56:43.985 I/System.out( 9016): params: {json={"command":"set_selection","arguments":[-1,-1]}
12-09 07:56:43.985 I/System.out( 9016): }
12-09 07:56:43.985 I/System.out( 9016): header: {date=Sun, 09 Dec 2018 07:56:44 GMT, accept=*/*, content-length=47, host=127.0.0.1:34777, user-agent=HTTPClient/1.0 (2.8.3, ruby 2.3.1 (2016-04-26)), content-type=application/json;charset=utf-8}
12-09 07:56:43.985 I/System.out( 9016): params: {json={"command":"set_selection","arguments":[-1,-1]}
12-09 07:56:43.985 I/System.out( 9016): }
12-09 07:56:43.985 I/System.out( 9016): ProP json = {"command":"set_selection","arguments":[-1,-1]}
12-09 07:56:43.985 I/System.out( 9016): files: {}
12-09 07:56:43.985 I/System.out( 9016): command: {"command":"set_selection","arguments":[-1,-1]}
12-09 07:56:43.986 I/InstrumentationBackend( 9016): Got command:'Command:'Line:null,set_selection', arguments:'[-1, -1]'
12-09 07:56:43.991 I/System.out( 9016): result:{"bonusInformation":[],"message":"","success":true}
12-09 07:56:44.139 I/System.out( 9016): URI: //
12-09 07:56:44.142 I/System.out( 9016): params: {json={"command":"keyboard_enter_text","arguments":["98879898284721092831"]}
12-09 07:56:44.143 I/System.out( 9016): }
12-09 07:56:44.143 I/System.out( 9016): header: {date=Sun, 09 Dec 2018 07:56:44 GMT, accept=*/*, content-length=70, host=127.0.0.1:34777, user-agent=HTTPClient/1.0 (2.8.3, ruby 2.3.1 (2016-04-26)), content-type=application/json;charset=utf-8}
12-09 07:56:44.143 I/System.out( 9016): params: {json={"command":"keyboard_enter_text","arguments":["98879898284721092831"]}
12-09 07:56:44.143 I/System.out( 9016): }
12-09 07:56:44.143 I/System.out( 9016): ProP json = {"command":"keyboard_enter_text","arguments":["98879898284721092831"]}
12-09 07:56:44.143 I/System.out( 9016): files: {}
12-09 07:56:44.143 I/System.out( 9016): command: {"command":"keyboard_enter_text","arguments":["98879898284721092831"]}
12-09 07:56:44.144 I/InstrumentationBackend( 9016): Got command:'Command:'Line:null,keyboard_enter_text', arguments:'[98879898284721092831]'
12-09 07:56:44.144 E/SpannableStringBuilder( 9016): SPAN_EXCLUSIVE_EXCLUSIVE spans cannot have a zero length
12-09 07:56:44.144 E/SpannableStringBuilder( 9016): SPAN_EXCLUSIVE_EXCLUSIVE spans cannot have a zero length
12-09 07:56:44.224 E/SpannableStringBuilder( 9016): SPAN_EXCLUSIVE_EXCLUSIVE spans cannot have a zero length
12-09 07:56:44.224 E/SpannableStringBuilder( 9016): SPAN_EXCLUSIVE_EXCLUSIVE spans cannot have a zero length
12-09 07:56:44.238 I/System.out( 9016): result:{"bonusInformation":[],"message":"","success":true}
12-09 07:56:44.259 W/art     ( 9016): Suspending all threads took: 9.328ms
12-09 07:56:44.317 I/art     ( 9016): Background sticky concurrent mark sweep GC freed 27751(1263KB) AllocSpace objects, 5(100KB) LOS objects, 34% free, 2MB/4MB, paused 10.359ms total 75.486ms
12-09 07:56:45.327 I/System.out( 9016): URI: //map
12-09 07:56:45.327 I/System.out( 9016): params: {json={"query":"android.widget.Button index:2","operation":{"method_name":"query","arguments":[]}}
12-09 07:56:45.327 I/System.out( 9016): }
12-09 07:56:45.651 I/System.out( 9016): URI: //gesture
12-09 07:56:45.651 I/System.out( 9016): params: {json={"query_timeout":5.0,"gestures":[{"query_string":"android.widget.Button index:2","touches":[{"x":50,"y":50,"offset_x":0,"offset_y":0,"wait":0.0,"time":0.2,"release":true,"query_string":null}]}]}
12-09 07:56:45.651 I/System.out( 9016): }
12-09 07:56:45.654 I/art     ( 9016): Background sticky concurrent mark sweep GC freed 47617(2MB) AllocSpace objects, 3(60KB) LOS objects, 22% free, 3MB/4MB, paused 918us total 219.545ms
12-09 07:56:46.275 D/AudioFlinger( 1307): mixer(0xf4380000) throttle end: throttle time(44)
12-09 07:56:46.314 W/audio_hw_generic( 1307): Hardware backing HAL too slow, could only write 0 of 661 frames
12-09 07:56:46.334 W/audio_hw_generic( 1307): Hardware backing HAL too slow, could only write 0 of 661 frames
12-09 07:56:46.343 W/audio_hw_generic( 1307): Hardware backing HAL too slow, could only write 0 of 661 frames
12-09 07:56:46.354 I/art     ( 9016): Background sticky concurrent mark sweep GC freed 36834(1529KB) AllocSpace objects, 1(20KB) LOS objects, 11% free, 3MB/4MB, paused 1.429ms total 134.571ms
12-09 07:56:46.358 W/audio_hw_generic( 1307): Hardware backing HAL too slow, could only write 0 of 661 frames
12-09 07:56:46.782 W/audio_hw_generic( 1307): Not supplying enough data to HAL, expected position 15722795 , only wrote 15721885
12-09 07:56:46.782 W/audio_hw_generic( 1307): Not supplying enough data to HAL, expected position 15721892 , only wrote 15721885
12-09 07:56:46.803 I/LatinIME( 1866): Starting input. Cursor position = -1,-1
12-09 07:56:46.829 W/audio_hw_generic( 1307): Not supplying enough data to HAL, expected position 15723950 , only wrote 15722546
12-09 07:56:46.836 E/SurfaceFlinger( 1218): ro.sf.lcd_density must be defined as a build property
12-09 07:56:46.836 D/gralloc_ranchu( 1218): gralloc_alloc: Creating ashmem region of size 3686400
12-09 07:56:46.840 D/Mileage.ABS( 9016): Finished backup
12-09 07:56:46.842 D/Mileage.ABS( 9016): Not backing up; 15
12-09 07:56:46.846 D/Mileage.ABS( 9016): Not backing up; 19
12-09 07:56:46.863 D/Mileage.ABS( 9016): Not backing up; 36
12-09 07:56:46.943 D/        ( 9104): HostConnection::get() New Host Connection established 0x7f3e18052480, tid 9104
12-09 07:56:46.967 E/EGL_emulation( 1218): tid 1218: eglCreateSyncKHR(1881): error 0x3004 (EGL_BAD_ATTRIBUTE)
12-09 07:56:47.115 W/audio_hw_generic( 1307): Not supplying enough data to HAL, expected position 15735174 , only wrote 15735105
12-09 07:56:47.115 W/audio_hw_generic( 1307): Not supplying enough data to HAL, expected position 15735112 , only wrote 15735105
12-09 07:56:47.164 W/audio_hw_generic( 1307): Hardware backing HAL too slow, could only write 0 of 661 frames
12-09 07:56:47.179 W/audio_hw_generic( 1307): Hardware backing HAL too slow, could only write 0 of 661 frames
12-09 07:56:47.194 W/audio_hw_generic( 1307): Hardware backing HAL too slow, could only write 0 of 661 frames
12-09 07:56:47.211 W/audio_hw_generic( 1307): Hardware backing HAL too slow, could only write 0 of 661 frames
12-09 07:56:47.231 W/audio_hw_generic( 1307): Hardware backing HAL too slow, could only write 0 of 661 frames
12-09 07:56:47.561 W/RichInputConnection( 1866): Slow InputConnection: GET_TEXT_BEFORE_CURSOR took 286 ms.
12-09 07:56:47.687 W/audio_hw_generic( 1307): Not supplying enough data to HAL, expected position 15760332 , only wrote 15760223
12-09 07:56:47.803 I/InputAttributes( 1866): InputType.TYPE_NULL is specified
12-09 07:56:47.871 W/audio_hw_generic( 1307): Not supplying enough data to HAL, expected position 15768325 , only wrote 15767494
12-09 07:56:47.871 W/audio_hw_generic( 1307): Not supplying enough data to HAL, expected position 15767501 , only wrote 15767494
12-09 07:56:47.908 W/audio_hw_generic( 1307): Not supplying enough data to HAL, expected position 15769096 , only wrote 15768155
12-09 07:56:47.939 W/audio_hw_generic( 1307): Hardware backing HAL too slow, could only write 0 of 661 frames
12-09 07:56:47.954 W/audio_hw_generic( 1307): Hardware backing HAL too slow, could only write 0 of 661 frames
12-09 07:56:47.968 W/audio_hw_generic( 1307): Hardware backing HAL too slow, could only write 0 of 661 frames
12-09 07:56:48.010 I/Choreographer( 1866): Skipped 71 frames!  The application may be doing too much work on its main thread.
12-09 07:56:48.043 I/System.out( 9016): URI: //map
12-09 07:56:48.043 I/System.out( 9016): params: {json={"query":"android.widget.ListView index:0 android.widget.TextView index:0","operation":{"method_name":"query","arguments":[]}}
12-09 07:56:48.043 I/System.out( 9016): }
12-09 07:56:48.080 D/EGL_emulation( 1866): eglMakeCurrent: 0x7fb3a9bda8e0: ver 2 0 (tinfo 0x7fb3a18fec80)
12-09 07:56:48.081 E/Surface ( 1866): getSlotFromBufferLocked: unknown buffer: 0x7fb3b27a6a20
12-09 07:56:48.258 W/audio_hw_generic( 1307): Not supplying enough data to HAL, expected position 15783598 , only wrote 15783358
12-09 07:56:48.287 W/audio_hw_generic( 1307): Not supplying enough data to HAL, expected position 15784659 , only wrote 15784019
12-09 07:56:48.287 W/audio_hw_generic( 1307): Not supplying enough data to HAL, expected position 15784025 , only wrote 15784019
12-09 07:56:48.491 W/audio_hw_generic( 1307): Not supplying enough data to HAL, expected position 15793003 , only wrote 15792612
12-09 07:56:48.491 W/audio_hw_generic( 1307): Not supplying enough data to HAL, expected position 15792623 , only wrote 15792612
12-09 07:56:48.507 W/audio_hw_generic( 1307): Not supplying enough data to HAL, expected position 15793306 , only wrote 15793273
12-09 07:56:48.539 I/art     ( 9016): Background sticky concurrent mark sweep GC freed 40396(1390KB) AllocSpace objects, 1(20KB) LOS objects, 25% free, 3MB/4MB, paused 6.386ms total 110.495ms
12-09 07:56:48.761 I/System.out( 9016): URI: //gesture
12-09 07:56:48.761 I/System.out( 9016): params: {json={"query_timeout":5.0,"gestures":[{"query_string":"android.widget.ListView index:0 android.widget.TextView index:0","touches":[{"x":50,"y":50,"offset_x":0,"offset_y":0,"wait":0.0,"time":0.2,"release":true,"query_string":null}]}]}
12-09 07:56:48.762 I/System.out( 9016): }
12-09 07:56:48.763 I/art     ( 9016): Background sticky concurrent mark sweep GC freed 31877(1495KB) AllocSpace objects, 1(20KB) LOS objects, 22% free, 3MB/4MB, paused 5.587ms total 93.306ms
12-09 07:56:49.047 W/audio_hw_generic( 1307): Hardware backing HAL too slow, could only write 0 of 661 frames
12-09 07:56:49.143 W/audio_hw_generic( 1307): Not supplying enough data to HAL, expected position 15821321 , only wrote 15821035
12-09 07:56:49.143 W/audio_hw_generic( 1307): Not supplying enough data to HAL, expected position 15821041 , only wrote 15821035
12-09 07:56:49.159 W/audio_hw_generic( 1307): Not supplying enough data to HAL, expected position 15821743 , only wrote 15821696
12-09 07:56:49.238 W/audio_hw_generic( 1307): Hardware backing HAL too slow, could only write 0 of 661 frames
12-09 07:56:49.253 W/audio_hw_generic( 1307): Hardware backing HAL too slow, could only write 0 of 661 frames
12-09 07:56:49.280 W/audio_hw_generic( 1307): Hardware backing HAL too slow, could only write 0 of 661 frames
12-09 07:56:49.294 W/audio_hw_generic( 1307): Hardware backing HAL too slow, could only write 0 of 661 frames
12-09 07:56:49.391 W/audio_hw_generic( 1307): Not supplying enough data to HAL, expected position 15831906 , only wrote 15831611
12-09 07:56:49.498 I/ActivityManager( 1591): START u0 {cmp=com.evancharlton.mileage/.FillupInfoActivity (has extras)} from uid 10123 on display 0
12-09 07:56:49.513 I/art     ( 9016): Background sticky concurrent mark sweep GC freed 18009(778KB) AllocSpace objects, 0(0B) LOS objects, 3% free, 3MB/4MB, paused 940us total 103.230ms
12-09 07:56:49.571 W/audio_hw_generic( 1307): Hardware backing HAL too slow, could only write 0 of 661 frames
12-09 07:56:49.587 W/audio_hw_generic( 1307): Hardware backing HAL too slow, could only write 0 of 661 frames
12-09 07:56:49.593 D/AudioFlinger( 1307): mixer(0xf4380000) throttle end: throttle time(22)
12-09 07:56:49.606 W/audio_hw_generic( 1307): Hardware backing HAL too slow, could only write 0 of 661 frames
12-09 07:56:49.616 W/audio_hw_generic( 1307): Hardware backing HAL too slow, could only write 0 of 661 frames
12-09 07:56:49.647 W/audio_hw_generic( 1307): Hardware backing HAL too slow, could only write 0 of 661 frames
12-09 07:56:49.708 W/audio_hw_generic( 1307): Hardware backing HAL too slow, could only write 0 of 661 frames
12-09 07:56:49.723 W/audio_hw_generic( 1307): Hardware backing HAL too slow, could only write 0 of 661 frames
12-09 07:56:49.738 I/calabash( 9016): newActivity1
12-09 07:56:49.751 W/audio_hw_generic( 1307): Hardware backing HAL too slow, could only write 0 of 661 frames
12-09 07:56:49.755 W/audio_hw_generic( 1307): Hardware backing HAL too slow, could only write 0 of 661 frames
12-09 07:56:49.771 W/audio_hw_generic( 1307): Hardware backing HAL too slow, could only write 0 of 661 frames
12-09 07:56:49.787 W/audio_hw_generic( 1307): Hardware backing HAL too slow, could only write 0 of 661 frames
12-09 07:56:49.927 W/audio_hw_generic( 1307): Not supplying enough data to HAL, expected position 15849371 , only wrote 15847475
12-09 07:56:49.951 I/art     ( 9016): Background sticky concurrent mark sweep GC freed 22545(1174KB) AllocSpace objects, 1(20KB) LOS objects, 5% free, 3MB/4MB, paused 10.718ms total 179.777ms
12-09 07:56:50.035 V/PhoneStatusBar( 1689): setLightsOn(true)
12-09 07:56:50.040 E/SurfaceFlinger( 1218): ro.sf.lcd_density must be defined as a build property
12-09 07:56:50.082 D/gralloc_ranchu( 1218): gralloc_alloc: Creating ashmem region of size 3686400
12-09 07:56:50.163 D/gralloc_ranchu( 1218): gralloc_alloc: Creating ashmem region of size 3686400
12-09 07:56:50.248 W/audio_hw_generic( 1307): Not supplying enough data to HAL, expected position 15861619 , only wrote 15860034
12-09 07:56:50.254 W/audio_hw_generic( 1307): Not supplying enough data to HAL, expected position 15860333 , only wrote 15860034
12-09 07:56:50.305 W/audio_hw_generic( 1307): Not supplying enough data to HAL, expected position 15862272 , only wrote 15860695
12-09 07:56:50.308 D/        ( 9112): HostConnection::get() New Host Connection established 0x7f7616712480, tid 9112
12-09 07:56:50.335 E/EGL_emulation( 1218): tid 1218: eglCreateSyncKHR(1881): error 0x3004 (EGL_BAD_ATTRIBUTE)
12-09 07:56:50.352 W/audio_hw_generic( 1307): Hardware backing HAL too slow, could only write 0 of 661 frames
12-09 07:56:50.399 W/audio_hw_generic( 1307): Hardware backing HAL too slow, could only write 0 of 661 frames
12-09 07:56:50.399 W/audio_hw_generic( 1307): Not supplying enough data to HAL, expected position 15864847 , only wrote 15864661
12-09 07:56:50.399 W/audio_hw_generic( 1307): Not supplying enough data to HAL, expected position 15864667 , only wrote 15864661
12-09 07:56:50.434 W/art     ( 1591): Long monitor contention event with owner method=void com.android.server.wm.WindowAnimator$1.doFrame(long) from WindowAnimator.java:121 waiters=0 for 266ms
12-09 07:56:50.447 W/audio_hw_generic( 1307): Hardware backing HAL too slow, could only write 0 of 661 frames
12-09 07:56:50.681 W/audio_hw_generic( 1307): Not supplying enough data to HAL, expected position 15877064 , only wrote 15875898
12-09 07:56:50.711 W/audio_hw_generic( 1307): Not supplying enough data to HAL, expected position 15877246 , only wrote 15877220
12-09 07:56:50.937 W/audio_hw_generic( 1307): Not supplying enough data to HAL, expected position 15887173 , only wrote 15887135
12-09 07:56:50.941 W/audio_hw_generic( 1307): Not supplying enough data to HAL, expected position 15887336 , only wrote 15887135
12-09 07:56:50.958 W/audio_hw_generic( 1307): Not supplying enough data to HAL, expected position 15887866 , only wrote 15887796
12-09 07:56:50.958 W/audio_hw_generic( 1307): Not supplying enough data to HAL, expected position 15887803 , only wrote 15887796
12-09 07:56:50.979 W/audio_hw_generic( 1307): Not supplying enough data to HAL, expected position 15888690 , only wrote 15888457
12-09 07:56:50.982 W/art     ( 1591): Long monitor contention event with owner method=void com.android.server.wm.WindowAnimator$1.doFrame(long) from WindowAnimator.java:121 waiters=1 for 189ms
12-09 07:56:51.151 W/audio_hw_generic( 1307): Not supplying enough data to HAL, expected position 15896082 , only wrote 15895728
12-09 07:56:51.230 W/audio_hw_generic( 1307): Not supplying enough data to HAL, expected position 15899204 , only wrote 15895728
12-09 07:56:51.247 W/audio_hw_generic( 1307): Not supplying enough data to HAL, expected position 15896447 , only wrote 15896389
12-09 07:56:51.315 W/audio_hw_generic( 1307): Hardware backing HAL too slow, could only write 0 of 661 frames
12-09 07:56:51.327 W/audio_hw_generic( 1307): Hardware backing HAL too slow, could only write 0 of 661 frames
12-09 07:56:51.383 W/audio_hw_generic( 1307): Not supplying enough data to HAL, expected position 15902392 , only wrote 15901016
12-09 07:56:51.383 W/audio_hw_generic( 1307): Not supplying enough data to HAL, expected position 15901024 , only wrote 15901016
12-09 07:56:51.403 W/audio_hw_generic( 1307): Not supplying enough data to HAL, expected position 15901883 , only wrote 15901677
12-09 07:56:51.403 W/audio_hw_generic( 1307): Hardware backing HAL too slow, could only write 0 of 661 frames
12-09 07:56:51.403 W/audio_hw_generic( 1307): Hardware backing HAL too slow, could only write 0 of 661 frames
12-09 07:56:51.443 W/audio_hw_generic( 1307): Not supplying enough data to HAL, expected position 15903448 , only wrote 15902999
12-09 07:56:51.443 W/audio_hw_generic( 1307): Hardware backing HAL too slow, could only write 0 of 661 frames
12-09 07:56:51.443 W/audio_hw_generic( 1307): Hardware backing HAL too slow, could only write 0 of 661 frames
12-09 07:56:51.452 W/art     ( 1591): Long monitor contention event with owner method=void com.android.server.wm.WindowAnimator$1.doFrame(long) from WindowAnimator.java:121 waiters=1 for 373ms
12-09 07:56:51.471 W/audio_hw_generic( 1307): Hardware backing HAL too slow, could only write 0 of 661 frames
12-09 07:56:51.493 W/audio_hw_generic( 1307): Hardware backing HAL too slow, could only write 0 of 661 frames
12-09 07:56:51.505 W/audio_hw_generic( 1307): Hardware backing HAL too slow, could only write 0 of 661 frames
12-09 07:56:51.519 W/audio_hw_generic( 1307): Hardware backing HAL too slow, could only write 0 of 661 frames
12-09 07:56:51.534 W/audio_hw_generic( 1307): Hardware backing HAL too slow, could only write 0 of 661 frames
12-09 07:56:51.537 I/System.out( 9016): URI: //map
12-09 07:56:51.537 I/System.out( 9016): params: {json={"query":"android.widget.Button index:1","operation":{"method_name":"query","arguments":[]}}
12-09 07:56:51.537 I/System.out( 9016): }
12-09 07:56:51.572 W/art     ( 1591): Long monitor contention event with owner method=void com.android.server.wm.WindowAnimator$1.doFrame(long) from WindowAnimator.java:121 waiters=1 for 299ms
12-09 07:56:51.759 W/audio_hw_generic( 1307): Not supplying enough data to HAL, expected position 15916951 , only wrote 15916880
12-09 07:56:51.767 W/audio_hw_generic( 1307): Not supplying enough data to HAL, expected position 15917227 , only wrote 15916880
12-09 07:56:51.775 W/art     ( 1591): Long monitor contention event with owner method=void com.android.server.wm.WindowAnimator$1.doFrame(long) from WindowAnimator.java:121 waiters=1 for 204ms
12-09 07:56:51.783 W/audio_hw_generic( 1307): Not supplying enough data to HAL, expected position 15917583 , only wrote 15917541
12-09 07:56:52.131 W/audio_hw_generic( 1307): Not supplying enough data to HAL, expected position 15932882 , only wrote 15926795
12-09 07:56:52.131 W/audio_hw_generic( 1307): Not supplying enough data to HAL, expected position 15926803 , only wrote 15926795
12-09 07:56:52.179 W/audio_hw_generic( 1307): Not supplying enough data to HAL, expected position 15928924 , only wrote 15927456
12-09 07:56:52.247 W/audio_hw_generic( 1307): Hardware backing HAL too slow, could only write 0 of 661 frames
12-09 07:56:52.265 W/art     ( 1591): Long monitor contention event with owner method=void com.android.server.wm.WindowAnimator$1.doFrame(long) from WindowAnimator.java:121 waiters=1 for 288ms
12-09 07:56:52.277 W/audio_hw_generic( 1307): Hardware backing HAL too slow, could only write 0 of 661 frames
12-09 07:56:52.509 W/art     ( 1591): Long monitor contention event with owner method=void com.android.server.wm.WindowAnimator$1.doFrame(long) from WindowAnimator.java:121 waiters=1 for 182ms
12-09 07:56:52.560 W/art     ( 1591): Long monitor contention event with owner method=java.util.List com.android.server.am.ActivityManagerService.getAllStackInfos() from ActivityManagerService.java:8937 waiters=0 for 1.307s
12-09 07:56:52.561 W/art     ( 1591): Long monitor contention event with owner method=java.util.List com.android.server.am.ActivityManagerService.getAllStackInfos() from ActivityManagerService.java:8937 waiters=1 for 1.155s
12-09 07:56:52.652 D/gralloc_ranchu( 1218): gralloc_alloc: Creating ashmem region of size 3686400
12-09 07:56:52.685 W/audio_hw_generic( 1307): Not supplying enough data to HAL, expected position 15971447 , only wrote 15949269
12-09 07:56:52.861 I/ActivityManager( 1591): Displayed com.evancharlton.mileage/.FillupInfoActivity: +3s153ms
12-09 07:56:53.096 I/System.out( 9016): URI: //gesture
12-09 07:56:53.096 I/System.out( 9016): params: {json={"query_timeout":5.0,"gestures":[{"query_string":"android.widget.Button index:1","touches":[{"x":50,"y":50,"offset_x":0,"offset_y":0,"wait":0.0,"time":0.2,"release":true,"query_string":null}]}]}
12-09 07:56:53.096 I/System.out( 9016): }
12-09 07:56:53.381 D/gralloc_ranchu( 1218): gralloc_alloc: Creating ashmem region of size 3686400
12-09 07:56:53.616 I/ActivityManager( 1591): START u0 {cmp=com.evancharlton.mileage/.FillupInfoActivity (has extras)} from uid 10123 on display 0
12-09 07:56:53.683 W/audio_hw_generic( 1307): Hardware backing HAL too slow, could only write 0 of 661 frames
12-09 07:56:53.699 W/audio_hw_generic( 1307): Hardware backing HAL too slow, could only write 0 of 661 frames
12-09 07:56:53.732 W/audio_hw_generic( 1307): Hardware backing HAL too slow, could only write 0 of 661 frames
12-09 07:56:53.743 W/audio_hw_generic( 1307): Hardware backing HAL too slow, could only write 0 of 661 frames
12-09 07:56:53.856 I/calabash( 9016): newActivity1
12-09 07:56:53.952 W/audio_hw_generic( 1307): Not supplying enough data to HAL, expected position 15963156 , only wrote 15963150
12-09 07:56:53.952 W/audio_hw_generic( 1307): Not supplying enough data to HAL, expected position 15963156 , only wrote 15963150
12-09 07:56:53.968 W/audio_hw_generic( 1307): Not supplying enough data to HAL, expected position 15963830 , only wrote 15963811
12-09 07:56:54.006 W/audio_hw_generic( 1307): Hardware backing HAL too slow, could only write 0 of 661 frames
12-09 07:56:54.047 W/audio_hw_generic( 1307): Hardware backing HAL too slow, could only write 0 of 661 frames
12-09 07:56:54.056 V/PhoneStatusBar( 1689): setLightsOn(true)
12-09 07:56:54.120 W/audio_hw_generic( 1307): Not supplying enough data to HAL, expected position 15970545 , only wrote 15970421
12-09 07:56:54.120 W/audio_hw_generic( 1307): Not supplying enough data to HAL, expected position 15970427 , only wrote 15970421
12-09 07:56:54.138 W/audio_hw_generic( 1307): Not supplying enough data to HAL, expected position 15971185 , only wrote 15971082
12-09 07:56:54.171 D/gralloc_ranchu( 1218): gralloc_alloc: Creating ashmem region of size 3686400
12-09 07:56:54.215 W/audio_hw_generic( 1307): Not supplying enough data to HAL, expected position 15974503 , only wrote 15973726
12-09 07:56:54.215 W/audio_hw_generic( 1307): Not supplying enough data to HAL, expected position 15973733 , only wrote 15973726
12-09 07:56:54.240 W/audio_hw_generic( 1307): Not supplying enough data to HAL, expected position 15974788 , only wrote 15974387
12-09 07:56:54.291 W/audio_hw_generic( 1307): Not supplying enough data to HAL, expected position 15976661 , only wrote 15975709
12-09 07:56:54.351 W/audio_hw_generic( 1307): Hardware backing HAL too slow, could only write 0 of 661 frames
12-09 07:56:54.382 W/audio_hw_generic( 1307): Hardware backing HAL too slow, could only write 0 of 661 frames
12-09 07:56:54.383 W/audio_hw_generic( 1307): Hardware backing HAL too slow, could only write 0 of 661 frames
12-09 07:56:54.555 W/audio_hw_generic( 1307): Hardware backing HAL too slow, could only write 0 of 661 frames
12-09 07:56:54.559 W/art     ( 1591): Long monitor contention event with owner method=void com.android.server.wm.WindowAnimator$1.doFrame(long) from WindowAnimator.java:121 waiters=0 for 121ms
12-09 07:56:54.560 E/SurfaceFlinger( 1218): ro.sf.lcd_density must be defined as a build property
12-09 07:56:54.570 W/audio_hw_generic( 1307): Hardware backing HAL too slow, could only write 0 of 661 frames
12-09 07:56:54.643 W/audio_hw_generic( 1307): Not supplying enough data to HAL, expected position 15991231 , only wrote 15990251
12-09 07:56:54.643 W/audio_hw_generic( 1307): Not supplying enough data to HAL, expected position 15990257 , only wrote 15990251
12-09 07:56:54.651 D/gralloc_ranchu( 1218): gralloc_alloc: Creating ashmem region of size 3686400
12-09 07:56:54.660 W/audio_hw_generic( 1307): Not supplying enough data to HAL, expected position 15990991 , only wrote 15990912
12-09 07:56:54.704 W/audio_hw_generic( 1307): Not supplying enough data to HAL, expected position 15992864 , only wrote 15992234
12-09 07:56:54.730 W/audio_hw_generic( 1307): Not supplying enough data to HAL, expected position 15993387 , only wrote 15992895
12-09 07:56:54.731 W/audio_hw_generic( 1307): Not supplying enough data to HAL, expected position 15992902 , only wrote 15992895
12-09 07:56:54.737 D/        ( 9119): HostConnection::get() New Host Connection established 0x7fa4b1012480, tid 9119
12-09 07:56:54.747 W/audio_hw_generic( 1307): Not supplying enough data to HAL, expected position 15993605 , only wrote 15993556
12-09 07:56:54.762 E/EGL_emulation( 1218): tid 1218: eglCreateSyncKHR(1881): error 0x3004 (EGL_BAD_ATTRIBUTE)
12-09 07:56:54.777 W/audio_hw_generic( 1307): Hardware backing HAL too slow, could only write 0 of 661 frames
12-09 07:56:54.794 W/audio_hw_generic( 1307): Hardware backing HAL too slow, could only write 0 of 661 frames
12-09 07:56:54.827 W/art     ( 1591): Long monitor contention event with owner method=void com.android.server.wm.WindowAnimator$1.doFrame(long) from WindowAnimator.java:121 waiters=0 for 268ms
12-09 07:56:54.847 W/audio_hw_generic( 1307): Not supplying enough data to HAL, expected position 15997999 , only wrote 15997522
12-09 07:56:54.848 W/audio_hw_generic( 1307): Not supplying enough data to HAL, expected position 15997528 , only wrote 15997522
12-09 07:56:54.871 W/audio_hw_generic( 1307): Not supplying enough data to HAL, expected position 15998563 , only wrote 15998183
12-09 07:56:54.879 I/ActivityManager( 1591): Displayed com.evancharlton.mileage/.FillupInfoActivity: +1s173ms
12-09 07:56:54.886 W/audio_hw_generic( 1307): Hardware backing HAL too slow, could only write 0 of 661 frames
12-09 07:56:54.901 D/gralloc_ranchu( 1218): gralloc_alloc: Creating ashmem region of size 3686400
12-09 07:56:54.925 W/audio_hw_generic( 1307): Hardware backing HAL too slow, could only write 0 of 661 frames
12-09 07:56:54.925 W/audio_hw_generic( 1307): Hardware backing HAL too slow, could only write 0 of 661 frames
12-09 07:56:54.948 W/audio_hw_generic( 1307): Hardware backing HAL too slow, could only write 0 of 661 frames
12-09 07:56:54.963 W/audio_hw_generic( 1307): Hardware backing HAL too slow, could only write 0 of 661 frames
12-09 07:56:54.977 W/audio_hw_generic( 1307): Hardware backing HAL too slow, could only write 0 of 661 frames
12-09 07:56:54.986 W/audio_hw_generic( 1307): Hardware backing HAL too slow, could only write 0 of 661 frames
12-09 07:56:55.250 W/audio_hw_generic( 1307): Not supplying enough data to HAL, expected position 16014894 , only wrote 16014708
12-09 07:56:55.250 W/audio_hw_generic( 1307): Not supplying enough data to HAL, expected position 16014715 , only wrote 16014708
12-09 07:56:55.270 W/audio_hw_generic( 1307): Not supplying enough data to HAL, expected position 16015568 , only wrote 16015369
12-09 07:56:55.270 W/art     ( 1591): Long monitor contention event with owner method=void com.android.server.wm.WindowAnimator$1.doFrame(long) from WindowAnimator.java:121 waiters=0 for 124ms
12-09 07:56:55.578 W/audio_hw_generic( 1307): Hardware backing HAL too slow, could only write 0 of 661 frames
12-09 07:56:55.599 W/audio_hw_generic( 1307): Hardware backing HAL too slow, could only write 0 of 661 frames
12-09 07:56:55.635 W/audio_hw_generic( 1307): Hardware backing HAL too slow, could only write 0 of 661 frames
12-09 07:56:55.647 W/audio_hw_generic( 1307): Hardware backing HAL too slow, could only write 0 of 661 frames
12-09 07:56:55.653 W/audio_hw_generic( 1307): Hardware backing HAL too slow, could only write 0 of 661 frames
12-09 07:56:55.668 W/audio_hw_generic( 1307): Hardware backing HAL too slow, could only write 0 of 661 frames
12-09 07:56:55.757 W/audio_hw_generic( 1307): Hardware backing HAL too slow, could only write 0 of 661 frames
12-09 07:56:55.757 W/audio_hw_generic( 1307): Not supplying enough data to HAL, expected position 16036859 , only wrote 16034538
12-09 07:56:55.757 W/audio_hw_generic( 1307): Not supplying enough data to HAL, expected position 16034543 , only wrote 16034538
12-09 07:56:55.772 W/audio_hw_generic( 1307): Hardware backing HAL too slow, could only write 0 of 661 frames
12-09 07:56:55.787 W/audio_hw_generic( 1307): Hardware backing HAL too slow, could only write 0 of 661 frames
12-09 07:56:55.804 W/audio_hw_generic( 1307): Hardware backing HAL too slow, could only write 0 of 661 frames
12-09 07:56:55.818 W/audio_hw_generic( 1307): Hardware backing HAL too slow, could only write 0 of 661 frames
12-09 07:56:55.887 I/System.out( 9016): URI: //map
12-09 07:56:55.887 I/System.out( 9016): params: {json={"query":"android.widget.Button index:0","operation":{"method_name":"query","arguments":[]}}
12-09 07:56:55.887 I/System.out( 9016): }
12-09 07:56:55.901 W/audio_hw_generic( 1307): Hardware backing HAL too slow, could only write 0 of 661 frames
12-09 07:56:55.911 W/audio_hw_generic( 1307): Hardware backing HAL too slow, could only write 0 of 661 frames
12-09 07:56:55.922 W/audio_hw_generic( 1307): Hardware backing HAL too slow, could only write 0 of 661 frames
12-09 07:56:55.937 W/audio_hw_generic( 1307): Hardware backing HAL too slow, could only write 0 of 661 frames
12-09 07:56:56.167 W/audio_hw_generic( 1307): Not supplying enough data to HAL, expected position 16052584 , only wrote 16052385
12-09 07:56:56.167 W/audio_hw_generic( 1307): Not supplying enough data to HAL, expected position 16052391 , only wrote 16052385
12-09 07:56:56.184 W/audio_hw_generic( 1307): Not supplying enough data to HAL, expected position 16053153 , only wrote 16053046
12-09 07:56:56.184 W/audio_hw_generic( 1307): Hardware backing HAL too slow, could only write 0 of 661 frames
12-09 07:56:56.232 I/System.out( 9016): URI: //gesture
12-09 07:56:56.232 I/System.out( 9016): params: {json={"query_timeout":5.0,"gestures":[{"query_string":"android.widget.Button index:0","touches":[{"x":50,"y":50,"offset_x":0,"offset_y":0,"wait":0.0,"time":0.2,"release":true,"query_string":null}]}]}
12-09 07:56:56.232 I/System.out( 9016): }
12-09 07:56:56.335 W/audio_hw_generic( 1307): Not supplying enough data to HAL, expected position 16059696 , only wrote 16059656
12-09 07:56:56.335 W/audio_hw_generic( 1307): Not supplying enough data to HAL, expected position 16059662 , only wrote 16059656
12-09 07:56:56.351 W/audio_hw_generic( 1307): Not supplying enough data to HAL, expected position 16060339 , only wrote 16060317
12-09 07:56:56.381 W/audio_hw_generic( 1307): Not supplying enough data to HAL, expected position 16061675 , only wrote 16061639
12-09 07:56:56.419 W/audio_hw_generic( 1307): Not supplying enough data to HAL, expected position 16063279 , only wrote 16062961
12-09 07:56:56.513 W/audio_hw_generic( 1307): Not supplying enough data to HAL, expected position 16067132 , only wrote 16066927
12-09 07:56:56.513 W/audio_hw_generic( 1307): Not supplying enough data to HAL, expected position 16066933 , only wrote 16066927
12-09 07:56:56.543 W/audio_hw_generic( 1307): Hardware backing HAL too slow, could only write 0 of 661 frames
12-09 07:56:56.562 W/audio_hw_generic( 1307): Hardware backing HAL too slow, could only write 0 of 661 frames
12-09 07:56:56.591 W/audio_hw_generic( 1307): Hardware backing HAL too slow, could only write 0 of 661 frames
12-09 07:56:56.614 W/audio_hw_generic( 1307): Hardware backing HAL too slow, could only write 0 of 661 frames
12-09 07:56:56.621 W/audio_hw_generic( 1307): Hardware backing HAL too slow, could only write 0 of 661 frames
12-09 07:56:56.710 I/ActivityManager( 1591): START u0 {cmp=com.evancharlton.mileage/.FillupInfoActivity (has extras)} from uid 10123 on display 0
12-09 07:56:56.751 W/audio_hw_generic( 1307): Not supplying enough data to HAL, expected position 16086651 , only wrote 16076842
12-09 07:56:56.786 I/art     ( 9016): Background sticky concurrent mark sweep GC freed 43372(1958KB) AllocSpace objects, 2(40KB) LOS objects, 26% free, 3MB/4MB, paused 6.859ms total 57.558ms
12-09 07:56:56.827 D/AudioFlinger( 1307): mixer(0xf4380000) throttle end: throttle time(11)
12-09 07:56:56.846 W/audio_hw_generic( 1307): Hardware backing HAL too slow, could only write 0 of 661 frames
12-09 07:56:56.866 W/audio_hw_generic( 1307): Hardware backing HAL too slow, could only write 0 of 661 frames
12-09 07:56:56.869 I/calabash( 9016): newActivity1
12-09 07:56:56.925 W/audio_hw_generic( 1307): Hardware backing HAL too slow, could only write 0 of 661 frames
12-09 07:56:56.964 W/audio_hw_generic( 1307): Not supplying enough data to HAL, expected position 16084230 , only wrote 16083452
12-09 07:56:56.993 W/audio_hw_generic( 1307): Hardware backing HAL too slow, could only write 0 of 661 frames
12-09 07:56:57.008 W/audio_hw_generic( 1307): Hardware backing HAL too slow, could only write 0 of 661 frames
12-09 07:56:57.033 W/audio_hw_generic( 1307): Hardware backing HAL too slow, could only write 0 of 661 frames
12-09 07:56:57.053 W/audio_hw_generic( 1307): Hardware backing HAL too slow, could only write 0 of 661 frames
12-09 07:56:57.068 W/audio_hw_generic( 1307): Hardware backing HAL too slow, could only write 0 of 661 frames
12-09 07:56:57.098 W/audio_hw_generic( 1307): Hardware backing HAL too slow, could only write 0 of 661 frames
12-09 07:56:57.116 W/audio_hw_generic( 1307): Not supplying enough data to HAL, expected position 16090134 , only wrote 16090062
12-09 07:56:57.154 W/audio_hw_generic( 1307): Hardware backing HAL too slow, could only write 0 of 661 frames
12-09 07:56:57.262 V/PhoneStatusBar( 1689): setLightsOn(true)
12-09 07:56:57.303 E/SurfaceFlinger( 1218): ro.sf.lcd_density must be defined as a build property
12-09 07:56:57.305 D/gralloc_ranchu( 1218): gralloc_alloc: Creating ashmem region of size 3686400
12-09 07:56:57.381 D/gralloc_ranchu( 1218): gralloc_alloc: Creating ashmem region of size 3686400
12-09 07:56:57.474 W/audio_hw_generic( 1307): Not supplying enough data to HAL, expected position 16105870 , only wrote 16103282
12-09 07:56:57.474 W/audio_hw_generic( 1307): Not supplying enough data to HAL, expected position 16103288 , only wrote 16103282
12-09 07:56:57.512 W/audio_hw_generic( 1307): Not supplying enough data to HAL, expected position 16104918 , only wrote 16103943
12-09 07:56:57.546 D/        ( 9125): HostConnection::get() New Host Connection established 0x7f6b33092480, tid 9125
12-09 07:56:57.569 W/audio_hw_generic( 1307): Not supplying enough data to HAL, expected position 16106457 , only wrote 16105265
12-09 07:56:57.587 W/audio_hw_generic( 1307): Not supplying enough data to HAL, expected position 16106081 , only wrote 16105926
12-09 07:56:57.587 W/audio_hw_generic( 1307): Not supplying enough data to HAL, expected position 16105932 , only wrote 16105926
12-09 07:56:57.603 E/EGL_emulation( 1218): tid 1218: eglCreateSyncKHR(1881): error 0x3004 (EGL_BAD_ATTRIBUTE)
12-09 07:56:57.604 W/audio_hw_generic( 1307): Not supplying enough data to HAL, expected position 16106659 , only wrote 16106587
12-09 07:56:57.635 W/audio_hw_generic( 1307): Hardware backing HAL too slow, could only write 0 of 661 frames
12-09 07:56:57.663 W/art     ( 1591): Long monitor contention event with owner method=void com.android.server.wm.WindowAnimator$1.doFrame(long) from WindowAnimator.java:121 waiters=0 for 291ms
12-09 07:56:57.799 W/audio_hw_generic( 1307): Hardware backing HAL too slow, could only write 0 of 661 frames
12-09 07:56:57.806 W/art     ( 1591): Long monitor contention event with owner method=void com.android.server.wm.WindowAnimator$1.doFrame(long) from WindowAnimator.java:121 waiters=0 for 136ms
12-09 07:56:57.809 W/audio_hw_generic( 1307): Hardware backing HAL too slow, could only write 0 of 661 frames
12-09 07:56:57.840 W/audio_hw_generic( 1307): Hardware backing HAL too slow, could only write 0 of 661 frames
