--------- beginning of main
12-09 07:50:30.811 W/audio_hw_generic( 1308): Hardware backing HAL too slow, could only write 0 of 661 frames
12-09 07:50:30.826 W/audio_hw_generic( 1308): Hardware backing HAL too slow, could only write 0 of 661 frames
12-09 07:50:30.842 W/audio_hw_generic( 1308): Hardware backing HAL too slow, could only write 0 of 661 frames
12-09 07:50:30.887 D/gralloc_ranchu( 1219): gralloc_alloc: Creating ashmem region of size 708608
12-09 07:50:30.947 D/        ( 1592): HostConnection::get() New Host Connection established 0x7f14520abc00, tid 1904
12-09 07:50:30.963 E/EGL_emulation( 1219): tid 1219: eglCreateSyncKHR(1881): error 0x3004 (EGL_BAD_ATTRIBUTE)
12-09 07:50:31.146 W/audio_hw_generic( 1308): Hardware backing HAL too slow, could only write 0 of 661 frames
12-09 07:50:31.168 W/audio_hw_generic( 1308): Hardware backing HAL too slow, could only write 0 of 661 frames
12-09 07:50:31.250 I/art     ( 1592): Background partial concurrent mark sweep GC freed 10706(751KB) AllocSpace objects, 6(120KB) LOS objects, 30% free, 9MB/13MB, paused 10.245ms total 177.738ms
12-09 07:50:31.254 W/audio_hw_generic( 1308): Hardware backing HAL too slow, could only write 0 of 661 frames
12-09 07:50:31.295 W/audio_hw_generic( 1308): Not supplying enough data to HAL, expected position 10978145 , only wrote 10977227
12-09 07:50:31.295 W/audio_hw_generic( 1308): Not supplying enough data to HAL, expected position 10977233 , only wrote 10977227
--------- beginning of system
12-09 07:50:31.312 W/ActivityManager( 1592): Finishing task with all activities already finished
12-09 07:50:31.312 W/ActivityManager( 1592): Duplicate finish request for ActivityRecord{38730e u0 com.evancharlton.mileage/.Mileage t363 f}
12-09 07:50:31.314 W/audio_hw_generic( 1308): Not supplying enough data to HAL, expected position 10978040 , only wrote 10977888
12-09 07:50:31.314 W/audio_hw_generic( 1308): Hardware backing HAL too slow, could only write 0 of 661 frames
12-09 07:50:31.330 W/ActivityManager( 1592): Finishing task with all activities already finished
12-09 07:50:31.330 W/ActivityManager( 1592): Duplicate finish request for ActivityRecord{38730e u0 com.evancharlton.mileage/.Mileage t363 f}
12-09 07:50:31.331 W/ActivityManager( 1592): Finishing task with all activities already finished
12-09 07:50:31.331 W/ActivityManager( 1592): Duplicate finish request for ActivityRecord{38730e u0 com.evancharlton.mileage/.Mileage t363 f}
12-09 07:50:31.506 W/audio_hw_generic( 1308): Not supplying enough data to HAL, expected position 10986353 , only wrote 10985159
12-09 07:50:31.506 W/audio_hw_generic( 1308): Not supplying enough data to HAL, expected position 10985167 , only wrote 10985159
12-09 07:50:31.526 W/audio_hw_generic( 1308): Not supplying enough data to HAL, expected position 10986038 , only wrote 10985820
12-09 07:50:31.526 W/audio_hw_generic( 1308): Hardware backing HAL too slow, could only write 0 of 661 frames
12-09 07:50:31.566 W/audio_hw_generic( 1308): Not supplying enough data to HAL, expected position 10988277 , only wrote 10987142
12-09 07:50:31.575 D/EGL_emulation( 1961): eglMakeCurrent: 0x7f1460db4dc0: ver 2 0 (tinfo 0x7f1460d82b60)
12-09 07:50:31.606 W/art     ( 1592): Long monitor contention event with owner method=int com.android.server.wm.WindowManagerService.relayoutWindow(com.android.server.wm.Session, android.view.IWindow, int, android.view.WindowManager$LayoutParams, int, int, int, int, android.graphics.Rect, android.graphics.Rect, android.graphics.Rect, android.graphics.Rect, android.graphics.Rect, android.graphics.Rect, android.content.res.Configuration, android.view.Surface) from WindowManagerService.java:3103 waiters=0 for 272ms
12-09 07:50:31.778 D/EGL_emulation( 1886): eglMakeCurrent: 0x7f1460db4960: ver 2 0 (tinfo 0x7f145d53d9c0)
12-09 07:50:31.783 E/Surface ( 1886): getSlotFromBufferLocked: unknown buffer: 0x7f1460db52c0
12-09 07:50:31.983 W/art     ( 1592): Long monitor contention event with owner method=void com.android.server.wm.WindowAnimator$1.doFrame(long) from WindowAnimator.java:121 waiters=0 for 116ms
12-09 07:50:32.161 D/AndroidRuntime( 7480): >>>>>> START com.android.internal.os.RuntimeInit uid 0 <<<<<<
12-09 07:50:32.167 D/AndroidRuntime( 7480): CheckJNI is ON
12-09 07:50:32.276 W/art     ( 1592): Long monitor contention event with owner method=void com.android.server.wm.WindowAnimator$1.doFrame(long) from WindowAnimator.java:121 waiters=2 for 301ms
12-09 07:50:32.312 D/ICU     ( 7480): No timezone override file found: /data/misc/zoneinfo/current/icu/icu_tzdata.dat
12-09 07:50:32.424 W/art     ( 1592): Long monitor contention event with owner method=void com.android.server.wm.WindowAnimator$1.doFrame(long) from WindowAnimator.java:121 waiters=2 for 440ms
12-09 07:50:32.606 W/art     ( 1592): Long monitor contention event with owner method=void com.android.server.wm.WindowAnimator$1.doFrame(long) from WindowAnimator.java:121 waiters=2 for 483ms
12-09 07:50:32.607 W/art     ( 1592): Long monitor contention event with owner method=void com.android.server.wm.WindowAnimator$1.doFrame(long) from WindowAnimator.java:121 waiters=3 for 469ms
12-09 07:50:32.607 W/art     ( 1592): Long monitor contention event with owner method=void com.android.server.wm.WindowAnimator$1.doFrame(long) from WindowAnimator.java:121 waiters=3 for 331ms
12-09 07:50:32.625 E/memtrack( 7480): Couldn't load memtrack module (No such file or directory)
12-09 07:50:32.625 E/android.os.Debug( 7480): failed to load memtrack module: -2
12-09 07:50:32.640 I/Radio-JNI( 7480): register_android_hardware_Radio DONE
12-09 07:50:32.643 I/Choreographer( 1961): Skipped 58 frames!  The application may be doing too much work on its main thread.
12-09 07:50:32.663 D/AndroidRuntime( 7480): Calling main entry com.android.commands.am.Am
12-09 07:50:32.665 I/ActivityManager( 1592): Force stopping com.evancharlton.mileage appid=10121 user=0: start instr
12-09 07:50:32.665 I/ActivityManager( 1592): Killing 7411:com.evancharlton.mileage/u0a121 (adj 0): stop com.evancharlton.mileage
12-09 07:50:32.883 W/art     ( 1592): Long monitor contention event with owner method=void com.android.server.wm.WindowAnimator$1.doFrame(long) from WindowAnimator.java:121 waiters=0 for 238ms
12-09 07:50:32.883 I/WindowState( 1592): WIN DEATH: Window{d72dd4 u0 com.evancharlton.mileage/com.evancharlton.mileage.Mileage EXITING}
12-09 07:50:32.888 I/WindowState( 1592): WIN DEATH: Window{4e37f9c u0 Toast EXITING}
12-09 07:50:32.903 W/ActivityManager( 1592): Crash of app com.evancharlton.mileage running instrumentation ComponentInfo{com.evancharlton.mileage.test/sh.calaba.instrumentationbackend.CalabashInstrumentationTestRunner}
12-09 07:50:32.903 I/ActivityManager( 1592): Force stopping com.evancharlton.mileage appid=10121 user=0: finished inst
12-09 07:50:33.054 I/ActivityManager( 1592): Start proc 7489:com.evancharlton.mileage/u0a121 for added application com.evancharlton.mileage
12-09 07:50:33.062 D/AndroidRuntime( 7480): Shutting down VM
12-09 07:50:33.072 W/art     ( 1592): Long monitor contention event with owner method=boolean com.android.server.am.ActivityManagerService.startInstrumentation(android.content.ComponentName, java.lang.String, int, android.os.Bundle, android.app.IInstrumentationWatcher, android.app.IUiAutomationConnection, int, java.lang.String) from ActivityManagerService.java:17066 waiters=0 for 354ms
12-09 07:50:33.072 W/art     ( 1592): Long monitor contention event with owner method=boolean com.android.server.am.ActivityManagerService.startInstrumentation(android.content.ComponentName, java.lang.String, int, android.os.Bundle, android.app.IInstrumentationWatcher, android.app.IUiAutomationConnection, int, java.lang.String) from ActivityManagerService.java:17066 waiters=1 for 277ms
12-09 07:50:33.073 W/art     ( 1592): Long monitor contention event with owner method=boolean com.android.server.am.ActivityManagerService.startInstrumentation(android.content.ComponentName, java.lang.String, int, android.os.Bundle, android.app.IInstrumentationWatcher, android.app.IUiAutomationConnection, int, java.lang.String) from ActivityManagerService.java:17066 waiters=2 for 192ms
12-09 07:50:33.073 W/ActivityManager( 1592): Spurious death for ProcessRecord{605f11e 0:com.evancharlton.mileage/u0a121}, curProc for 7411: null
12-09 07:50:33.124 I/Choreographer( 1592): Skipped 30 frames!  The application may be doing too much work on its main thread.
12-09 07:50:33.147 W/WindowAnimator( 1592): Failed to dispatch window animation state change.
12-09 07:50:33.147 W/WindowAnimator( 1592): android.os.DeadObjectException
12-09 07:50:33.147 W/WindowAnimator( 1592): 	at android.os.BinderProxy.transactNative(Native Method)
12-09 07:50:33.147 W/WindowAnimator( 1592): 	at android.os.BinderProxy.transact(Binder.java:503)
12-09 07:50:33.147 W/WindowAnimator( 1592): 	at android.view.IWindow$Stub$Proxy.onAnimationStopped(IWindow.java:534)
12-09 07:50:33.147 W/WindowAnimator( 1592): 	at com.android.server.wm.WindowAnimator.updateWindowsLocked(WindowAnimator.java:286)
12-09 07:50:33.147 W/WindowAnimator( 1592): 	at com.android.server.wm.WindowAnimator.animateLocked(WindowAnimator.java:678)
12-09 07:50:33.147 W/WindowAnimator( 1592): 	at com.android.server.wm.WindowAnimator.-wrap0(WindowAnimator.java)
12-09 07:50:33.147 W/WindowAnimator( 1592): 	at com.android.server.wm.WindowAnimator$1.doFrame(WindowAnimator.java:123)
12-09 07:50:33.147 W/WindowAnimator( 1592): 	at android.view.Choreographer$CallbackRecord.run(Choreographer.java:856)
12-09 07:50:33.147 W/WindowAnimator( 1592): 	at android.view.Choreographer.doCallbacks(Choreographer.java:670)
12-09 07:50:33.147 W/WindowAnimator( 1592): 	at android.view.Choreographer.doFrame(Choreographer.java:603)
12-09 07:50:33.147 W/WindowAnimator( 1592): 	at android.view.Choreographer$FrameDisplayEventReceiver.run(Choreographer.java:844)
12-09 07:50:33.147 W/WindowAnimator( 1592): 	at android.os.Handler.handleCallback(Handler.java:739)
12-09 07:50:33.147 W/WindowAnimator( 1592): 	at android.os.Handler.dispatchMessage(Handler.java:95)
12-09 07:50:33.147 W/WindowAnimator( 1592): 	at android.os.Looper.loop(Looper.java:148)
12-09 07:50:33.147 W/WindowAnimator( 1592): 	at android.os.HandlerThread.run(HandlerThread.java:61)
12-09 07:50:33.147 W/WindowAnimator( 1592): 	at com.android.server.ServiceThread.run(ServiceThread.java:46)
12-09 07:50:33.172 W/WindowAnimator( 1592): Failed to dispatch window animation state change.
12-09 07:50:33.172 W/WindowAnimator( 1592): android.os.DeadObjectException
12-09 07:50:33.172 W/WindowAnimator( 1592): 	at android.os.BinderProxy.transactNative(Native Method)
12-09 07:50:33.172 W/WindowAnimator( 1592): 	at android.os.BinderProxy.transact(Binder.java:503)
12-09 07:50:33.172 W/WindowAnimator( 1592): 	at android.view.IWindow$Stub$Proxy.onAnimationStopped(IWindow.java:534)
12-09 07:50:33.172 W/WindowAnimator( 1592): 	at com.android.server.wm.WindowAnimator.updateWindowsLocked(WindowAnimator.java:286)
12-09 07:50:33.172 W/WindowAnimator( 1592): 	at com.android.server.wm.WindowAnimator.animateLocked(WindowAnimator.java:678)
12-09 07:50:33.172 W/WindowAnimator( 1592): 	at com.android.server.wm.WindowAnimator.-wrap0(WindowAnimator.java)
12-09 07:50:33.172 W/WindowAnimator( 1592): 	at com.android.server.wm.WindowAnimator$1.doFrame(WindowAnimator.java:123)
12-09 07:50:33.172 W/WindowAnimator( 1592): 	at android.view.Choreographer$CallbackRecord.run(Choreographer.java:856)
12-09 07:50:33.172 W/WindowAnimator( 1592): 	at android.view.Choreographer.doCallbacks(Choreographer.java:670)
12-09 07:50:33.172 W/WindowAnimator( 1592): 	at android.view.Choreographer.doFrame(Choreographer.java:603)
12-09 07:50:33.172 W/WindowAnimator( 1592): 	at android.view.Choreographer$FrameDisplayEventReceiver.run(Choreographer.java:844)
12-09 07:50:33.172 W/WindowAnimator( 1592): 	at android.os.Handler.handleCallback(Handler.java:739)
12-09 07:50:33.172 W/WindowAnimator( 1592): 	at android.os.Handler.dispatchMessage(Handler.java:95)
12-09 07:50:33.172 W/WindowAnimator( 1592): 	at android.os.Looper.loop(Looper.java:148)
12-09 07:50:33.172 W/WindowAnimator( 1592): 	at android.os.HandlerThread.run(HandlerThread.java:61)
12-09 07:50:33.172 W/WindowAnimator( 1592): 	at com.android.server.ServiceThread.run(ServiceThread.java:46)
12-09 07:50:33.190 W/OpenGLRenderer( 1961): Incorrectly called buildLayer on View: ShortcutAndWidgetContainer, destroying layer...
12-09 07:50:33.201 W/System  ( 7489): ClassLoader referenced unknown path: /data/app/com.evancharlton.mileage.test-1/lib/x86_64
12-09 07:50:33.201 W/System  ( 7489): ClassLoader referenced unknown path: /data/app/com.evancharlton.mileage-1/lib/x86_64
12-09 07:50:33.431 W/art     ( 7489): Suspending all threads took: 11.907ms
12-09 07:50:33.671 I/art     ( 7489): Background sticky concurrent mark sweep GC freed 42275(1480KB) AllocSpace objects, 0(0B) LOS objects, 82% free, 662KB/3MB, paused 26.415ms total 454.867ms
12-09 07:50:33.684 I/System.out( 7489): Main activity name automatically set to: com.evancharlton.mileage.Mileage
12-09 07:50:33.685 I/System.out( 7489): Calabash did not load Mono. This is only a problem if you are trying to test a Mono application
12-09 07:50:33.685 I/calabash( 7489): Test server port: 7102
12-09 07:50:33.690 I/InstrumentationBackend( 7489): Added:'GetPreferences', with key:'get_preferences'
12-09 07:50:33.762 I/InstrumentationBackend( 7489): Added:'SetPreferences', with key:'set_preferences'
12-09 07:50:33.763 I/InstrumentationBackend( 7489): Added:'ClearPreferences', with key:'clear_preferences'
12-09 07:50:33.763 I/InstrumentationBackend( 7489): Added:'PressElement', with key:'press_l10n_element'
12-09 07:50:33.763 I/InstrumentationBackend( 7489): Added:'WaitForElement', with key:'wait_for_l10n_element'
12-09 07:50:33.763 I/InstrumentationBackend( 7489): Added:'NullAction', with key:'nullAction'
12-09 07:50:33.763 I/InstrumentationBackend( 7489): Added:'PressKey', with key:'press_key'
12-09 07:50:33.764 I/InstrumentationBackend( 7489): Added:'SetActivityOrientation', with key:'set_activity_orientation'
12-09 07:50:33.764 I/InstrumentationBackend( 7489): Added:'GetActivityOrientation', with key:'get_activity_orientation'
12-09 07:50:33.764 I/InstrumentationBackend( 7489): Added:'FakeGPSLocation', with key:'set_gps_coordinates'
12-09 07:50:33.764 I/InstrumentationBackend( 7489): Added:'SetPropertyByCssSelector', with key:'set_property_by_css_selector'
12-09 07:50:33.764 I/InstrumentationBackend( 7489): Added:'GetUrl', with key:'get_url'
12-09 07:50:33.765 I/InstrumentationBackend( 7489): Added:'ScrollTo', with key:'scroll_to'
12-09 07:50:33.765 I/InstrumentationBackend( 7489): Added:'GetLoadProgress', with key:'get_load_progress'
12-09 07:50:33.778 I/InstrumentationBackend( 7489): Added:'DumpHtml', with key:'dump_html'
12-09 07:50:33.778 I/InstrumentationBackend( 7489): Added:'DumpBodyHtml', with key:'dump_body_html'
12-09 07:50:33.778 I/InstrumentationBackend( 7489): Added:'EnterTextByCssSelector', with key:'enter_text_by_selector'
12-09 07:50:33.779 I/InstrumentationBackend( 7489): Added:'AndroidSDKVersion', with key:'android_sdk_version'
12-09 07:50:33.779 I/InstrumentationBackend( 7489): Added:'Version', with key:'version'
12-09 07:50:33.779 I/InstrumentationBackend( 7489): Added:'Drag', with key:'drag'
12-09 07:50:33.779 I/InstrumentationBackend( 7489): Added:'TouchCoordinates', with key:'touch_coordinate'
12-09 07:50:33.780 I/InstrumentationBackend( 7489): Added:'LongPressCoordinate', with key:'long_press_coordinate'
12-09 07:50:33.780 I/InstrumentationBackend( 7489): Added:'DragCoordinates', with key:'drag_coordinates'
12-09 07:50:33.780 I/InstrumentationBackend( 7489): Added:'ResumeApplication', with key:'resume_application'
12-09 07:50:33.780 I/InstrumentationBackend( 7489): Added:'Swipe', with key:'swipe'
12-09 07:50:33.781 I/InstrumentationBackend( 7489): Added:'DoubleTapCoordinate', with key:'double_tap_coordinate'
12-09 07:50:33.781 I/InstrumentationBackend( 7489): Added:'ClickOnScreen', with key:'click_on_screen'
12-09 07:50:33.781 I/InstrumentationBackend( 7489): Added:'GetActivityName', with key:'get_activity_name'
12-09 07:50:33.781 I/InstrumentationBackend( 7489): Added:'ScrollToView', with key:'scroll_to_view'
12-09 07:50:33.781 I/InstrumentationBackend( 7489): Added:'ViewConfiguration', with key:'view_configuration'
12-09 07:50:33.794 I/InstrumentationBackend( 7489): Added:'IsCurrentActivityFocused', with key:'is_current_activity_focused'
12-09 07:50:33.794 I/InstrumentationBackend( 7489): Added:'SendTcp', with key:'send_tcp'
12-09 07:50:33.794 I/InstrumentationBackend( 7489): Added:'DpToDevicePixel', with key:'dp_to_device_pixel'
12-09 07:50:33.795 I/InstrumentationBackend( 7489): Added:'KeyboardEnterText', with key:'keyboard_enter_text'
12-09 07:50:33.795 I/InstrumentationBackend( 7489): Added:'DeleteSurroundingText', with key:'delete_surrounding_text'
12-09 07:50:33.795 I/InstrumentationBackend( 7489): Added:'SetComposingRegion', with key:'set_composing_region'
12-09 07:50:33.795 I/InstrumentationBackend( 7489): Added:'SetSelection', with key:'set_selection'
12-09 07:50:33.796 I/InstrumentationBackend( 7489): Added:'KeyboardKeyEvent', with key:'keyboard_key_event'
12-09 07:50:33.796 I/InstrumentationBackend( 7489): Added:'PressUserActionButton', with key:'press_user_action_button'
12-09 07:50:33.796 I/InstrumentationBackend( 7489): Added:'HideSoftKeyboard', with key:'hide_soft_keyboard'
12-09 07:50:33.796 I/InstrumentationBackend( 7489): Added:'ListActions', with key:'list_actions'
12-09 07:50:33.797 I/calabash( 7489): Instantiating http server at 7102
12-09 07:50:33.797 I/System.out( 7489): HTTP Daemon listening on: 7102
12-09 07:50:33.956 I/System.out( 7489): URI: //ping
12-09 07:50:33.956 I/System.out( 7489): params: {json={}
12-09 07:50:33.956 I/System.out( 7489): }
12-09 07:50:34.030 I/System.out( 7489): URI: //ping
12-09 07:50:34.030 I/System.out( 7489): params: {json={}
12-09 07:50:34.031 I/System.out( 7489): }
12-09 07:50:34.086 I/System.out( 7489): URI: //ready
12-09 07:50:34.087 I/System.out( 7489): params: {json={}
12-09 07:50:34.087 I/System.out( 7489): }
12-09 07:50:34.182 I/System.out( 7489): URI: //
12-09 07:50:34.182 I/System.out( 7489): params: {json={"command":"version","arguments":[]}
12-09 07:50:34.182 I/System.out( 7489): }
12-09 07:50:34.182 I/System.out( 7489): header: {date=Sun, 09 Dec 2018 07:50:34 GMT, accept=*/*, content-length=36, host=127.0.0.1:34777, user-agent=HTTPClient/1.0 (2.8.3, ruby 2.3.1 (2016-04-26)), content-type=application/json;charset=utf-8}
12-09 07:50:34.182 I/System.out( 7489): params: {json={"command":"version","arguments":[]}
12-09 07:50:34.182 I/System.out( 7489): }
12-09 07:50:34.182 I/System.out( 7489): ProP json = {"command":"version","arguments":[]}
12-09 07:50:34.182 I/System.out( 7489): files: {}
12-09 07:50:34.183 I/System.out( 7489): command: {"command":"version","arguments":[]}
12-09 07:50:34.200 I/InstrumentationBackend( 7489): Got command:'Command:'Line:null,version', arguments:'[]'
12-09 07:50:34.220 I/System.out( 7489): result:{"bonusInformation":[],"message":"0.9.8","success":true}
12-09 07:50:34.310 I/System.out( 7489): URI: //start-application
12-09 07:50:34.310 I/System.out( 7489): params: {json={"intent":null}
12-09 07:50:34.310 I/System.out( 7489): }
12-09 07:50:34.336 I/ActivityManager( 1592): START u0 {act=android.intent.action.MAIN cat=[android.intent.category.LAUNCHER] flg=0x10200000 cmp=com.evancharlton.mileage/.Mileage} from uid 10121 on display 0
12-09 07:50:34.499 D/gralloc_ranchu( 1219): gralloc_alloc: Creating ashmem region of size 3686400
12-09 07:50:34.508 I/calabash( 7489): newActivity1
12-09 07:50:34.560 I/calabash( 7489): newActivity1
12-09 07:50:34.571 W/ActivityManager( 1592): Bad activity token: android.os.BinderProxy@f2dd291
12-09 07:50:34.571 W/ActivityManager( 1592): java.lang.ClassCastException: android.os.BinderProxy cannot be cast to com.android.server.am.ActivityRecord$Token
12-09 07:50:34.571 W/ActivityManager( 1592): 	at com.android.server.am.ActivityRecord.forTokenLocked(ActivityRecord.java:424)
12-09 07:50:34.571 W/ActivityManager( 1592): 	at com.android.server.am.ActivityRecord.isInStackLocked(ActivityRecord.java:1121)
12-09 07:50:34.571 W/ActivityManager( 1592): 	at com.android.server.am.ActivityRecord.getStackLocked(ActivityRecord.java:1126)
12-09 07:50:34.571 W/ActivityManager( 1592): 	at com.android.server.am.ActivityManagerService.getActivityDisplayId(ActivityManagerService.java:8889)
12-09 07:50:34.571 W/ActivityManager( 1592): 	at android.app.ActivityManagerNative.onTransact(ActivityManagerNative.java:2338)
12-09 07:50:34.571 W/ActivityManager( 1592): 	at com.android.server.am.ActivityManagerService.onTransact(ActivityManagerService.java:2443)
12-09 07:50:34.571 W/ActivityManager( 1592): 	at android.os.Binder.execTransact(Binder.java:453)
12-09 07:50:34.572 W/ActivityManager( 1592): Bad activity token: android.os.BinderProxy@f2dd291
12-09 07:50:34.572 W/ActivityManager( 1592): java.lang.ClassCastException: android.os.BinderProxy cannot be cast to com.android.server.am.ActivityRecord$Token
12-09 07:50:34.572 W/ActivityManager( 1592): 	at com.android.server.am.ActivityRecord.forTokenLocked(ActivityRecord.java:424)
12-09 07:50:34.572 W/ActivityManager( 1592): 	at com.android.server.am.ActivityRecord.isInStackLocked(ActivityRecord.java:1121)
12-09 07:50:34.572 W/ActivityManager( 1592): 	at com.android.server.am.ActivityManagerService.setTaskDescription(ActivityManagerService.java:8547)
12-09 07:50:34.572 W/ActivityManager( 1592): 	at android.app.ActivityManagerNative.onTransact(ActivityManagerNative.java:2410)
12-09 07:50:34.572 W/ActivityManager( 1592): 	at com.android.server.am.ActivityManagerService.onTransact(ActivityManagerService.java:2443)
12-09 07:50:34.572 W/ActivityManager( 1592): 	at android.os.Binder.execTransact(Binder.java:453)
12-09 07:50:34.677 V/PhoneStatusBar( 2195): setLightsOn(true)
12-09 07:50:34.688 W/ActivityManager( 1592): Bad activity token: android.os.BinderProxy@f2dd291
12-09 07:50:34.688 W/ActivityManager( 1592): java.lang.ClassCastException: android.os.BinderProxy cannot be cast to com.android.server.am.ActivityRecord$Token
12-09 07:50:34.688 W/ActivityManager( 1592): 	at com.android.server.am.ActivityRecord.forTokenLocked(ActivityRecord.java:424)
12-09 07:50:34.688 W/ActivityManager( 1592): 	at com.android.server.am.ActivityRecord.isInStackLocked(ActivityRecord.java:1121)
12-09 07:50:34.688 W/ActivityManager( 1592): 	at com.android.server.am.ActivityManagerService.getActivityOptions(ActivityManagerService.java:11038)
12-09 07:50:34.688 W/ActivityManager( 1592): 	at android.app.ActivityManagerNative.onTransact(ActivityManagerNative.java:1734)
12-09 07:50:34.688 W/ActivityManager( 1592): 	at com.android.server.am.ActivityManagerService.onTransact(ActivityManagerService.java:2443)
12-09 07:50:34.688 W/ActivityManager( 1592): 	at android.os.Binder.execTransact(Binder.java:453)
12-09 07:50:34.689 W/ActivityManager( 1592): Bad activity token: android.os.BinderProxy@f2dd291
12-09 07:50:34.689 W/ActivityManager( 1592): java.lang.ClassCastException: android.os.BinderProxy cannot be cast to com.android.server.am.ActivityRecord$Token
12-09 07:50:34.689 W/ActivityManager( 1592): 	at com.android.server.am.ActivityRecord.forTokenLocked(ActivityRecord.java:424)
12-09 07:50:34.689 W/ActivityManager( 1592): 	at com.android.server.am.ActivityRecord.isInStackLocked(ActivityRecord.java:1121)
12-09 07:50:34.689 W/ActivityManager( 1592): 	at com.android.server.am.ActivityManagerService.getActivityOptions(ActivityManagerService.java:11038)
12-09 07:50:34.689 W/ActivityManager( 1592): 	at android.app.ActivityManagerNative.onTransact(ActivityManagerNative.java:1734)
12-09 07:50:34.689 W/ActivityManager( 1592): 	at com.android.server.am.ActivityManagerService.onTransact(ActivityManagerService.java:2443)
12-09 07:50:34.689 W/ActivityManager( 1592): 	at android.os.Binder.execTransact(Binder.java:453)
12-09 07:50:34.751 D/EGL_emulation( 1961): eglMakeCurrent: 0x7f1460db4dc0: ver 2 0 (tinfo 0x7f1460d82b60)
12-09 07:50:34.755 E/Surface ( 1961): getSlotFromBufferLocked: unknown buffer: 0x7f145d267f80
12-09 07:50:35.099 D/gralloc_ranchu( 1219): gralloc_alloc: Creating ashmem region of size 3686400
12-09 07:50:35.257 D/        ( 7489): HostConnection::get() New Host Connection established 0x7f145d378ce0, tid 7489
12-09 07:50:35.722 W/art     ( 1592): Long monitor contention event with owner method=void com.android.server.wm.WindowAnimator$1.doFrame(long) from WindowAnimator.java:121 waiters=0 for 241ms
12-09 07:50:35.836 W/art     ( 1592): Long monitor contention event with owner method=void com.android.server.wm.WindowAnimator$1.doFrame(long) from WindowAnimator.java:121 waiters=1 for 319ms
12-09 07:50:35.908 I/ActivityManager( 1592): Displayed com.evancharlton.mileage/.Mileage: +1s405ms
12-09 07:50:35.957 D/gralloc_ranchu( 1219): gralloc_alloc: Creating ashmem region of size 3686400
12-09 07:50:36.845 D/gralloc_ranchu( 1219): gralloc_alloc: Creating ashmem region of size 3686400
12-09 07:50:37.314 W/art     ( 7489): Suspending all threads took: 50.241ms
12-09 07:50:37.328 I/art     ( 7489): Background partial concurrent mark sweep GC freed 5553(292KB) AllocSpace objects, 0(0B) LOS objects, 40% free, 2MB/3MB, paused 51.403ms total 76.537ms
12-09 07:50:38.362 I/System.out( 7489): URI: //map
12-09 07:50:38.362 I/System.out( 7489): params: {json={"query":"android.widget.EditText id:'price'","operation":{"method_name":"query","arguments":[]}}
12-09 07:50:38.363 I/System.out( 7489): }
12-09 07:50:38.431 W/ResourceType( 7489): No package identifier when getting name for resource number 0x00000001
12-09 07:50:38.619 I/art     ( 7489): Background sticky concurrent mark sweep GC freed 53264(2MB) AllocSpace objects, 3(60KB) LOS objects, 38% free, 2MB/3MB, paused 1.491ms total 164.240ms
12-09 07:50:38.647 I/System.out( 7489): URI: //gesture
12-09 07:50:38.647 I/System.out( 7489): params: {json={"query_timeout":5.0,"gestures":[{"query_string":"android.widget.EditText id:'price'","touches":[{"x":50,"y":50,"offset_x":0,"offset_y":0,"wait":0.0,"time":0.2,"release":true,"query_string":null}]}]}
12-09 07:50:38.647 I/System.out( 7489): }
12-09 07:50:38.680 W/ResourceType( 7489): No package identifier when getting name for resource number 0x00000001
12-09 07:50:39.018 I/LatinIME( 1886): Starting input. Cursor position = 0,0
12-09 07:50:39.190 I/art     ( 7489): Background partial concurrent mark sweep GC freed 29056(1323KB) AllocSpace objects, 3(60KB) LOS objects, 39% free, 2MB/4MB, paused 982us total 185.856ms
12-09 07:50:39.570 D/EGL_emulation( 1886): eglMakeCurrent: 0x7f1460db4960: ver 2 0 (tinfo 0x7f145d53d9c0)
12-09 07:50:39.927 I/System.out( 7489): URI: //
12-09 07:50:39.927 I/System.out( 7489): params: {json={"command":"set_selection","arguments":[-1,-1]}
12-09 07:50:39.927 I/System.out( 7489): }
12-09 07:50:39.928 I/System.out( 7489): header: {date=Sun, 09 Dec 2018 07:50:40 GMT, accept=*/*, content-length=47, host=127.0.0.1:34777, user-agent=HTTPClient/1.0 (2.8.3, ruby 2.3.1 (2016-04-26)), content-type=application/json;charset=utf-8}
12-09 07:50:39.928 I/System.out( 7489): params: {json={"command":"set_selection","arguments":[-1,-1]}
12-09 07:50:39.928 I/System.out( 7489): }
12-09 07:50:39.928 I/System.out( 7489): ProP json = {"command":"set_selection","arguments":[-1,-1]}
12-09 07:50:39.928 I/System.out( 7489): files: {}
12-09 07:50:39.928 I/System.out( 7489): command: {"command":"set_selection","arguments":[-1,-1]}
12-09 07:50:39.929 I/InstrumentationBackend( 7489): Got command:'Command:'Line:null,set_selection', arguments:'[-1, -1]'
12-09 07:50:39.949 I/System.out( 7489): result:{"bonusInformation":[],"message":"","success":true}
12-09 07:50:40.450 I/System.out( 7489): URI: //
12-09 07:50:40.490 I/System.out( 7489): params: {json={"command":"keyboard_enter_text","arguments":["23"]}
12-09 07:50:40.490 I/System.out( 7489): }
12-09 07:50:40.490 I/System.out( 7489): header: {date=Sun, 09 Dec 2018 07:50:41 GMT, accept=*/*, content-length=52, host=127.0.0.1:34777, user-agent=HTTPClient/1.0 (2.8.3, ruby 2.3.1 (2016-04-26)), content-type=application/json;charset=utf-8}
12-09 07:50:40.490 I/System.out( 7489): params: {json={"command":"keyboard_enter_text","arguments":["23"]}
12-09 07:50:40.490 I/System.out( 7489): }
12-09 07:50:40.490 I/System.out( 7489): ProP json = {"command":"keyboard_enter_text","arguments":["23"]}
12-09 07:50:40.490 I/System.out( 7489): files: {}
12-09 07:50:40.490 I/System.out( 7489): command: {"command":"keyboard_enter_text","arguments":["23"]}
12-09 07:50:40.491 I/InstrumentationBackend( 7489): Got command:'Command:'Line:null,keyboard_enter_text', arguments:'[23]'
12-09 07:50:40.658 E/SpannableStringBuilder( 7489): SPAN_EXCLUSIVE_EXCLUSIVE spans cannot have a zero length
12-09 07:50:40.666 E/SpannableStringBuilder( 7489): SPAN_EXCLUSIVE_EXCLUSIVE spans cannot have a zero length
12-09 07:50:40.686 E/SpannableStringBuilder( 7489): SPAN_EXCLUSIVE_EXCLUSIVE spans cannot have a zero length
12-09 07:50:40.686 E/SpannableStringBuilder( 7489): SPAN_EXCLUSIVE_EXCLUSIVE spans cannot have a zero length
12-09 07:50:40.707 I/System.out( 7489): result:{"bonusInformation":[],"message":"","success":true}
12-09 07:50:40.801 I/art     ( 7489): Background sticky concurrent mark sweep GC freed 45100(2MB) AllocSpace objects, 6(120KB) LOS objects, 50% free, 2MB/4MB, paused 1.376ms total 101.109ms
12-09 07:50:41.289 E/SurfaceFlinger( 1219): ro.sf.lcd_density must be defined as a build property
12-09 07:50:41.304 D/gralloc_ranchu( 1219): gralloc_alloc: Creating ashmem region of size 3686400
12-09 07:50:41.362 D/        ( 7520): HostConnection::get() New Host Connection established 0x7f378d112480, tid 7520
12-09 07:50:41.427 E/EGL_emulation( 1219): tid 1219: eglCreateSyncKHR(1881): error 0x3004 (EGL_BAD_ATTRIBUTE)
12-09 07:50:42.474 I/System.out( 7489): URI: //map
12-09 07:50:42.474 I/System.out( 7489): params: {json={"query":"android.widget.EditText id:'volume'","operation":{"method_name":"query","arguments":[]}}
12-09 07:50:42.474 I/System.out( 7489): }
12-09 07:50:42.523 W/ResourceType( 7489): No package identifier when getting name for resource number 0x00000001
12-09 07:50:42.630 W/art     ( 7489): Suspending all threads took: 7.363ms
12-09 07:50:42.671 I/art     ( 7489): Background sticky concurrent mark sweep GC freed 45517(2MB) AllocSpace objects, 4(80KB) LOS objects, 50% free, 2MB/4MB, paused 8.351ms total 56.020ms
12-09 07:50:42.672 I/System.out( 7489): URI: //gesture
12-09 07:50:42.672 I/System.out( 7489): params: {json={"query_timeout":5.0,"gestures":[{"query_string":"android.widget.EditText id:'volume'","touches":[{"x":50,"y":50,"offset_x":0,"offset_y":0,"wait":0.0,"time":0.2,"release":true,"query_string":null}]}]}
12-09 07:50:42.672 I/System.out( 7489): }
12-09 07:50:42.686 W/ResourceType( 7489): No package identifier when getting name for resource number 0x00000001
12-09 07:50:43.067 I/LatinIME( 1886): Starting input. Cursor position = 0,0
12-09 07:50:43.754 I/System.out( 7489): URI: //
12-09 07:50:43.754 I/System.out( 7489): params: {json={"command":"set_selection","arguments":[-1,-1]}
12-09 07:50:43.754 I/System.out( 7489): }
12-09 07:50:43.754 I/System.out( 7489): header: {date=Sun, 09 Dec 2018 07:50:44 GMT, accept=*/*, content-length=47, host=127.0.0.1:34777, user-agent=HTTPClient/1.0 (2.8.3, ruby 2.3.1 (2016-04-26)), content-type=application/json;charset=utf-8}
12-09 07:50:43.754 I/System.out( 7489): params: {json={"command":"set_selection","arguments":[-1,-1]}
12-09 07:50:43.754 I/System.out( 7489): }
12-09 07:50:43.754 I/System.out( 7489): ProP json = {"command":"set_selection","arguments":[-1,-1]}
12-09 07:50:43.754 I/System.out( 7489): files: {}
12-09 07:50:43.754 I/System.out( 7489): command: {"command":"set_selection","arguments":[-1,-1]}
12-09 07:50:43.756 I/InstrumentationBackend( 7489): Got command:'Command:'Line:null,set_selection', arguments:'[-1, -1]'
12-09 07:50:43.785 I/System.out( 7489): result:{"bonusInformation":[],"message":"","success":true}
12-09 07:50:44.054 I/System.out( 7489): URI: //
12-09 07:50:44.054 I/System.out( 7489): params: {json={"command":"keyboard_enter_text","arguments":["49"]}
12-09 07:50:44.054 I/System.out( 7489): }
12-09 07:50:44.054 I/System.out( 7489): header: {date=Sun, 09 Dec 2018 07:50:44 GMT, accept=*/*, content-length=52, host=127.0.0.1:34777, user-agent=HTTPClient/1.0 (2.8.3, ruby 2.3.1 (2016-04-26)), content-type=application/json;charset=utf-8}
12-09 07:50:44.054 I/System.out( 7489): params: {json={"command":"keyboard_enter_text","arguments":["49"]}
12-09 07:50:44.054 I/System.out( 7489): }
12-09 07:50:44.054 I/System.out( 7489): ProP json = {"command":"keyboard_enter_text","arguments":["49"]}
12-09 07:50:44.055 I/System.out( 7489): files: {}
12-09 07:50:44.055 I/System.out( 7489): command: {"command":"keyboard_enter_text","arguments":["49"]}
12-09 07:50:44.056 I/InstrumentationBackend( 7489): Got command:'Command:'Line:null,keyboard_enter_text', arguments:'[49]'
12-09 07:50:44.056 E/SpannableStringBuilder( 7489): SPAN_EXCLUSIVE_EXCLUSIVE spans cannot have a zero length
12-09 07:50:44.056 E/SpannableStringBuilder( 7489): SPAN_EXCLUSIVE_EXCLUSIVE spans cannot have a zero length
12-09 07:50:44.058 E/SpannableStringBuilder( 7489): SPAN_EXCLUSIVE_EXCLUSIVE spans cannot have a zero length
12-09 07:50:44.058 E/SpannableStringBuilder( 7489): SPAN_EXCLUSIVE_EXCLUSIVE spans cannot have a zero length
12-09 07:50:44.065 I/System.out( 7489): result:{"bonusInformation":[],"message":"","success":true}
12-09 07:50:44.715 E/SurfaceFlinger( 1219): ro.sf.lcd_density must be defined as a build property
12-09 07:50:44.790 D/gralloc_ranchu( 1219): gralloc_alloc: Creating ashmem region of size 3686400
12-09 07:50:44.802 D/        ( 7531): HostConnection::get() New Host Connection established 0x7f0538d12480, tid 7531
12-09 07:50:44.885 E/EGL_emulation( 1219): tid 1219: eglCreateSyncKHR(1881): error 0x3004 (EGL_BAD_ATTRIBUTE)
12-09 07:50:45.756 I/System.out( 7489): URI: //map
12-09 07:50:45.762 I/System.out( 7489): params: {json={"query":"android.widget.EditText id:'odometer'","operation":{"method_name":"query","arguments":[]}}
12-09 07:50:45.762 I/System.out( 7489): }
12-09 07:50:45.783 W/ResourceType( 7489): No package identifier when getting name for resource number 0x00000001
12-09 07:50:45.916 I/System.out( 7489): URI: //gesture
12-09 07:50:45.916 I/System.out( 7489): params: {json={"query_timeout":5.0,"gestures":[{"query_string":"android.widget.EditText id:'odometer'","touches":[{"x":50,"y":50,"offset_x":0,"offset_y":0,"wait":0.0,"time":0.2,"release":true,"query_string":null}]}]}
12-09 07:50:45.916 I/System.out( 7489): }
12-09 07:50:45.934 W/ResourceType( 7489): No package identifier when getting name for resource number 0x00000001
12-09 07:50:46.295 I/LatinIME( 1886): Starting input. Cursor position = 0,0
12-09 07:50:46.895 I/System.out( 7489): URI: //
12-09 07:50:46.895 I/System.out( 7489): params: {json={"command":"set_selection","arguments":[-1,-1]}
12-09 07:50:46.895 I/System.out( 7489): }
12-09 07:50:46.895 I/System.out( 7489): header: {date=Sun, 09 Dec 2018 07:50:47 GMT, accept=*/*, content-length=47, host=127.0.0.1:34777, user-agent=HTTPClient/1.0 (2.8.3, ruby 2.3.1 (2016-04-26)), content-type=application/json;charset=utf-8}
12-09 07:50:46.895 I/System.out( 7489): params: {json={"command":"set_selection","arguments":[-1,-1]}
12-09 07:50:46.895 I/System.out( 7489): }
12-09 07:50:46.895 I/System.out( 7489): ProP json = {"command":"set_selection","arguments":[-1,-1]}
12-09 07:50:46.895 I/System.out( 7489): files: {}
12-09 07:50:46.895 I/System.out( 7489): command: {"command":"set_selection","arguments":[-1,-1]}
12-09 07:50:46.896 I/InstrumentationBackend( 7489): Got command:'Command:'Line:null,set_selection', arguments:'[-1, -1]'
12-09 07:50:46.910 I/System.out( 7489): result:{"bonusInformation":[],"message":"","success":true}
12-09 07:50:47.162 I/System.out( 7489): URI: //
12-09 07:50:47.162 I/System.out( 7489): params: {json={"command":"keyboard_enter_text","arguments":["12"]}
12-09 07:50:47.162 I/System.out( 7489): }
12-09 07:50:47.162 I/System.out( 7489): header: {date=Sun, 09 Dec 2018 07:50:47 GMT, accept=*/*, content-length=52, host=127.0.0.1:34777, user-agent=HTTPClient/1.0 (2.8.3, ruby 2.3.1 (2016-04-26)), content-type=application/json;charset=utf-8}
12-09 07:50:47.162 I/System.out( 7489): params: {json={"command":"keyboard_enter_text","arguments":["12"]}
12-09 07:50:47.162 I/System.out( 7489): }
12-09 07:50:47.162 I/System.out( 7489): ProP json = {"command":"keyboard_enter_text","arguments":["12"]}
12-09 07:50:47.162 I/System.out( 7489): files: {}
12-09 07:50:47.163 I/System.out( 7489): command: {"command":"keyboard_enter_text","arguments":["12"]}
12-09 07:50:47.163 I/InstrumentationBackend( 7489): Got command:'Command:'Line:null,keyboard_enter_text', arguments:'[12]'
12-09 07:50:47.164 E/SpannableStringBuilder( 7489): SPAN_EXCLUSIVE_EXCLUSIVE spans cannot have a zero length
12-09 07:50:47.164 E/SpannableStringBuilder( 7489): SPAN_EXCLUSIVE_EXCLUSIVE spans cannot have a zero length
12-09 07:50:47.211 E/SpannableStringBuilder( 7489): SPAN_EXCLUSIVE_EXCLUSIVE spans cannot have a zero length
12-09 07:50:47.211 E/SpannableStringBuilder( 7489): SPAN_EXCLUSIVE_EXCLUSIVE spans cannot have a zero length
12-09 07:50:47.217 I/System.out( 7489): result:{"bonusInformation":[],"message":"","success":true}
12-09 07:50:47.620 E/SurfaceFlinger( 1219): ro.sf.lcd_density must be defined as a build property
12-09 07:50:47.639 D/gralloc_ranchu( 1219): gralloc_alloc: Creating ashmem region of size 3686400
12-09 07:50:47.693 D/        ( 7541): HostConnection::get() New Host Connection established 0x7f1f44ad2480, tid 7541
12-09 07:50:47.723 E/EGL_emulation( 1219): tid 1219: eglCreateSyncKHR(1881): error 0x3004 (EGL_BAD_ATTRIBUTE)
12-09 07:50:49.770 I/System.out( 7489): URI: //map
12-09 07:50:49.770 I/System.out( 7489): params: {json={"query":"android.widget.Button index:2","operation":{"method_name":"query","arguments":[]}}
12-09 07:50:49.770 I/System.out( 7489): }
12-09 07:50:50.091 I/System.out( 7489): URI: //gesture
12-09 07:50:50.091 I/System.out( 7489): params: {json={"query_timeout":5.0,"gestures":[{"query_string":"android.widget.Button index:2","touches":[{"x":50,"y":50,"offset_x":0,"offset_y":0,"wait":0.0,"time":0.2,"release":true,"query_string":null}]}]}
12-09 07:50:50.091 I/System.out( 7489): }
12-09 07:50:50.287 I/art     ( 7489): Background sticky concurrent mark sweep GC freed 49050(2MB) AllocSpace objects, 2(40KB) LOS objects, 41% free, 2MB/4MB, paused 6.742ms total 192.193ms
12-09 07:50:51.070 W/audio_hw_generic( 1308): Hardware backing HAL too slow, could only write 0 of 661 frames
12-09 07:50:51.070 W/audio_hw_generic( 1308): Not supplying enough data to HAL, expected position 10988083 , only wrote 10987803
12-09 07:50:51.070 W/audio_hw_generic( 1308): Not supplying enough data to HAL, expected position 10987808 , only wrote 10987803
12-09 07:50:51.070 W/audio_hw_generic( 1308): Hardware backing HAL too slow, could only write 0 of 661 frames
12-09 07:50:51.070 W/audio_hw_generic( 1308): Hardware backing HAL too slow, could only write 0 of 661 frames
12-09 07:50:51.071 W/audio_hw_generic( 1308): Hardware backing HAL too slow, could only write 0 of 661 frames
12-09 07:50:51.088 W/audio_hw_generic( 1308): Hardware backing HAL too slow, could only write 0 of 661 frames
12-09 07:50:51.130 W/audio_hw_generic( 1308): Hardware backing HAL too slow, could only write 0 of 661 frames
12-09 07:50:51.130 W/audio_hw_generic( 1308): Hardware backing HAL too slow, could only write 0 of 661 frames
12-09 07:50:51.145 W/audio_hw_generic( 1308): Hardware backing HAL too slow, could only write 0 of 661 frames
12-09 07:50:51.175 W/audio_hw_generic( 1308): Hardware backing HAL too slow, could only write 0 of 661 frames
12-09 07:50:51.177 D/AudioFlinger( 1308): mixer(0xf43c0000) throttle end: throttle time(11)
12-09 07:50:51.192 W/audio_hw_generic( 1308): Hardware backing HAL too slow, could only write 0 of 661 frames
12-09 07:50:51.194 I/calabash( 7489): newActivity1
12-09 07:50:51.195 W/ActivityManager( 1592): Bad activity token: android.os.BinderProxy@546e683
12-09 07:50:51.195 W/ActivityManager( 1592): java.lang.ClassCastException: android.os.BinderProxy cannot be cast to com.android.server.am.ActivityRecord$Token
12-09 07:50:51.195 W/ActivityManager( 1592): 	at com.android.server.am.ActivityRecord.forTokenLocked(ActivityRecord.java:424)
12-09 07:50:51.195 W/ActivityManager( 1592): 	at com.android.server.am.ActivityRecord.isInStackLocked(ActivityRecord.java:1121)
12-09 07:50:51.195 W/ActivityManager( 1592): 	at com.android.server.am.ActivityRecord.getStackLocked(ActivityRecord.java:1126)
12-09 07:50:51.195 W/ActivityManager( 1592): 	at com.android.server.am.ActivityManagerService.getActivityDisplayId(ActivityManagerService.java:8889)
12-09 07:50:51.195 W/ActivityManager( 1592): 	at android.app.ActivityManagerNative.onTransact(ActivityManagerNative.java:2338)
12-09 07:50:51.195 W/ActivityManager( 1592): 	at com.android.server.am.ActivityManagerService.onTransact(ActivityManagerService.java:2443)
12-09 07:50:51.195 W/ActivityManager( 1592): 	at android.os.Binder.execTransact(Binder.java:453)
12-09 07:50:51.196 W/ActivityManager( 1592): Bad activity token: android.os.BinderProxy@546e683
12-09 07:50:51.196 W/ActivityManager( 1592): java.lang.ClassCastException: android.os.BinderProxy cannot be cast to com.android.server.am.ActivityRecord$Token
12-09 07:50:51.196 W/ActivityManager( 1592): 	at com.android.server.am.ActivityRecord.forTokenLocked(ActivityRecord.java:424)
12-09 07:50:51.196 W/ActivityManager( 1592): 	at com.android.server.am.ActivityRecord.isInStackLocked(ActivityRecord.java:1121)
12-09 07:50:51.196 W/ActivityManager( 1592): 	at com.android.server.am.ActivityManagerService.setTaskDescription(ActivityManagerService.java:8547)
12-09 07:50:51.196 W/ActivityManager( 1592): 	at android.app.ActivityManagerNative.onTransact(ActivityManagerNative.java:2410)
12-09 07:50:51.196 W/ActivityManager( 1592): 	at com.android.server.am.ActivityManagerService.onTransact(ActivityManagerService.java:2443)
12-09 07:50:51.196 W/ActivityManager( 1592): 	at android.os.Binder.execTransact(Binder.java:453)
12-09 07:50:51.205 W/audio_hw_generic( 1308): Hardware backing HAL too slow, could only write 0 of 661 frames
12-09 07:50:51.211 E/SurfaceFlinger( 1219): ro.sf.lcd_density must be defined as a build property
12-09 07:50:51.211 D/gralloc_ranchu( 1219): gralloc_alloc: Creating ashmem region of size 3686400
12-09 07:50:51.223 W/audio_hw_generic( 1308): Hardware backing HAL too slow, could only write 0 of 661 frames
12-09 07:50:51.249 D/        ( 7547): HostConnection::get() New Host Connection established 0x7f7987592480, tid 7547
12-09 07:50:51.287 E/EGL_emulation( 1219): tid 1219: eglCreateSyncKHR(1881): error 0x3004 (EGL_BAD_ATTRIBUTE)
12-09 07:50:51.314 W/ActivityManager( 1592): Bad activity token: android.os.BinderProxy@546e683
12-09 07:50:51.314 W/ActivityManager( 1592): java.lang.ClassCastException: android.os.BinderProxy cannot be cast to com.android.server.am.ActivityRecord$Token
12-09 07:50:51.314 W/ActivityManager( 1592): 	at com.android.server.am.ActivityRecord.forTokenLocked(ActivityRecord.java:424)
12-09 07:50:51.314 W/ActivityManager( 1592): 	at com.android.server.am.ActivityRecord.isInStackLocked(ActivityRecord.java:1121)
12-09 07:50:51.314 W/ActivityManager( 1592): 	at com.android.server.am.ActivityManagerService.getActivityOptions(ActivityManagerService.java:11038)
12-09 07:50:51.314 W/ActivityManager( 1592): 	at android.app.ActivityManagerNative.onTransact(ActivityManagerNative.java:1734)
12-09 07:50:51.314 W/ActivityManager( 1592): 	at com.android.server.am.ActivityManagerService.onTransact(ActivityManagerService.java:2443)
12-09 07:50:51.314 W/ActivityManager( 1592): 	at android.os.Binder.execTransact(Binder.java:453)
12-09 07:50:51.315 W/ActivityManager( 1592): Bad activity token: android.os.BinderProxy@546e683
12-09 07:50:51.315 W/ActivityManager( 1592): java.lang.ClassCastException: android.os.BinderProxy cannot be cast to com.android.server.am.ActivityRecord$Token
12-09 07:50:51.315 W/ActivityManager( 1592): 	at com.android.server.am.ActivityRecord.forTokenLocked(ActivityRecord.java:424)
12-09 07:50:51.315 W/ActivityManager( 1592): 	at com.android.server.am.ActivityRecord.isInStackLocked(ActivityRecord.java:1121)
12-09 07:50:51.315 W/ActivityManager( 1592): 	at com.android.server.am.ActivityManagerService.getActivityOptions(ActivityManagerService.java:11038)
12-09 07:50:51.315 W/ActivityManager( 1592): 	at android.app.ActivityManagerNative.onTransact(ActivityManagerNative.java:1734)
12-09 07:50:51.315 W/ActivityManager( 1592): 	at com.android.server.am.ActivityManagerService.onTransact(ActivityManagerService.java:2443)
12-09 07:50:51.315 W/ActivityManager( 1592): 	at android.os.Binder.execTransact(Binder.java:453)
12-09 07:50:51.363 W/audio_hw_generic( 1308): Not supplying enough data to HAL, expected position 11000705 , only wrote 11000362
12-09 07:50:51.363 W/audio_hw_generic( 1308): Not supplying enough data to HAL, expected position 11000368 , only wrote 11000362
12-09 07:50:51.420 W/audio_hw_generic( 1308): Not supplying enough data to HAL, expected position 11002858 , only wrote 11001023
12-09 07:50:51.432 I/LatinIME( 1886): Starting input. Cursor position = -1,-1
12-09 07:50:51.450 W/audio_hw_generic( 1308): Not supplying enough data to HAL, expected position 11002360 , only wrote 11002345
12-09 07:50:51.454 I/Choreographer( 7489): Skipped 48 frames!  The application may be doing too much work on its main thread.
12-09 07:50:51.625 D/Mileage.ABS( 7489): Finished backup
12-09 07:50:51.630 D/Mileage.ABS( 7489): Not backing up; 51
12-09 07:50:51.630 D/Mileage.ABS( 7489): Not backing up; 51
12-09 07:50:51.632 W/audio_hw_generic( 1308): Not supplying enough data to HAL, expected position 11010387 , only wrote 11010277
12-09 07:50:51.696 W/audio_hw_generic( 1308): Not supplying enough data to HAL, expected position 11013073 , only wrote 11012921
12-09 07:50:51.696 W/audio_hw_generic( 1308): Not supplying enough data to HAL, expected position 11012927 , only wrote 11012921
12-09 07:50:51.703 D/Mileage ( 7489): Not enough fillups to calculate economy
12-09 07:50:51.766 W/audio_hw_generic( 1308): Not supplying enough data to HAL, expected position 11016005 , only wrote 11013582
12-09 07:50:51.818 W/audio_hw_generic( 1308): Not supplying enough data to HAL, expected position 11015909 , only wrote 11014904
12-09 07:50:51.856 W/audio_hw_generic( 1308): Hardware backing HAL too slow, could only write 0 of 661 frames
12-09 07:50:52.008 I/InputAttributes( 1886): InputType.TYPE_NULL is specified
12-09 07:50:52.158 W/audio_hw_generic( 1308): Not supplying enough data to HAL, expected position 11029879 , only wrote 11024819
12-09 07:50:52.158 W/audio_hw_generic( 1308): Not supplying enough data to HAL, expected position 11024825 , only wrote 11024819
12-09 07:50:52.172 I/Choreographer( 1886): Skipped 48 frames!  The application may be doing too much work on its main thread.
12-09 07:50:52.178 W/audio_hw_generic( 1308): Not supplying enough data to HAL, expected position 11025684 , only wrote 11025480
12-09 07:50:52.208 W/audio_hw_generic( 1308): Not supplying enough data to HAL, expected position 11026810 , only wrote 11026802
12-09 07:50:52.208 W/audio_hw_generic( 1308): Hardware backing HAL too slow, could only write 0 of 661 frames
12-09 07:50:52.208 W/audio_hw_generic( 1308): Hardware backing HAL too slow, could only write 0 of 661 frames
12-09 07:50:52.230 W/audio_hw_generic( 1308): Hardware backing HAL too slow, could only write 0 of 661 frames
12-09 07:50:52.246 W/audio_hw_generic( 1308): Hardware backing HAL too slow, could only write 0 of 661 frames
12-09 07:50:52.262 W/audio_hw_generic( 1308): Hardware backing HAL too slow, could only write 0 of 661 frames
12-09 07:50:52.376 W/audio_hw_generic( 1308): Not supplying enough data to HAL, expected position 11034224 , only wrote 11032751
12-09 07:50:52.391 I/System.out( 7489): URI: //gesture
12-09 07:50:52.391 I/System.out( 7489): params: {json={"query_timeout":5.0,"gestures":[{"query_string":"android.widget.TabWidget descendant TextView index:0","touches":[{"x":50,"y":50,"offset_x":0,"offset_y":0,"wait":0.0,"time":0.2,"release":true,"query_string":null}]}]}
12-09 07:50:52.391 I/System.out( 7489): }
12-09 07:50:52.427 W/audio_hw_generic( 1308): Hardware backing HAL too slow, could only write 0 of 661 frames
12-09 07:50:52.431 D/EGL_emulation( 1886): eglMakeCurrent: 0x7f1460db4960: ver 2 0 (tinfo 0x7f145d53d9c0)
12-09 07:50:52.439 W/audio_hw_generic( 1308): Hardware backing HAL too slow, could only write 0 of 661 frames
12-09 07:50:52.441 E/Surface ( 1886): getSlotFromBufferLocked: unknown buffer: 0x7f1460db4b40
12-09 07:50:52.666 W/audio_hw_generic( 1308): Hardware backing HAL too slow, could only write 0 of 661 frames
12-09 07:50:52.694 W/audio_hw_generic( 1308): Hardware backing HAL too slow, could only write 0 of 661 frames
12-09 07:50:52.966 W/audio_hw_generic( 1308): Not supplying enough data to HAL, expected position 11058745 , only wrote 11055886
12-09 07:50:52.966 W/audio_hw_generic( 1308): Not supplying enough data to HAL, expected position 11055892 , only wrote 11055886
12-09 07:50:52.986 W/audio_hw_generic( 1308): Not supplying enough data to HAL, expected position 11056765 , only wrote 11056547
12-09 07:50:52.986 W/audio_hw_generic( 1308): Hardware backing HAL too slow, could only write 0 of 661 frames
12-09 07:50:52.999 W/art     ( 1592): Long monitor contention event with owner method=void com.android.server.wm.WindowAnimator$1.doFrame(long) from WindowAnimator.java:121 waiters=0 for 151ms
12-09 07:50:53.000 W/audio_hw_generic( 1308): Hardware backing HAL too slow, could only write 0 of 661 frames
