--------- beginning of main
12-09 07:52:44.184 D/gralloc_ranchu( 1224): gralloc_alloc: Creating ashmem region of size 708608
12-09 07:52:44.234 I/AccountManagerService( 1592): getTypesVisibleToCaller: isPermitted? false
12-09 07:52:44.262 D/        ( 1592): HostConnection::get() New Host Connection established 0x7fe7cf9fdda0, tid 1989
12-09 07:52:44.278 D/StrictMode( 8299): StrictMode policy violation; ~duration=322 ms: android.os.StrictMode$StrictModeDiskReadViolation: policy=65567 violation=2
12-09 07:52:44.278 D/StrictMode( 8299): 	at android.os.StrictMode$AndroidBlockGuardPolicy.onReadFromDisk(StrictMode.java:1263)
12-09 07:52:44.278 D/StrictMode( 8299): 	at libcore.io.BlockGuardOs.access(BlockGuardOs.java:67)
12-09 07:52:44.278 D/StrictMode( 8299): 	at java.io.File.doAccess(File.java:281)
12-09 07:52:44.278 D/StrictMode( 8299): 	at java.io.File.exists(File.java:361)
12-09 07:52:44.278 D/StrictMode( 8299): 	at android.app.ContextImpl.createFilesDirLocked(ContextImpl.java:418)
12-09 07:52:44.278 D/StrictMode( 8299): 	at android.app.ContextImpl.getFilesDir(ContextImpl.java:441)
12-09 07:52:44.278 D/StrictMode( 8299): 	at android.app.ContextImpl.openFileInput(ContextImpl.java:383)
12-09 07:52:44.278 D/StrictMode( 8299): 	at android.content.ContextWrapper.openFileInput(ContextWrapper.java:177)
12-09 07:52:44.278 D/StrictMode( 8299): 	at com.google.android.apps.gmm.shared.i.h.a(PG:250)
12-09 07:52:44.278 D/StrictMode( 8299): 	at com.google.android.apps.gmm.map.m.q.a(PG:8693)
12-09 07:52:44.278 D/StrictMode( 8299): 	at com.google.android.apps.gmm.shared.f.a.a(PG:48)
12-09 07:52:44.278 D/StrictMode( 8299): 	at com.google.android.apps.gmm.map.m.e.a(PG:1531)
12-09 07:52:44.278 D/StrictMode( 8299): 	at com.google.android.apps.gmm.base.app.a.a(PG:244)
12-09 07:52:44.278 D/StrictMode( 8299): 	at com.google.android.apps.gmm.base.app.a.a(PG:2265)
12-09 07:52:44.278 D/StrictMode( 8299): 	at com.google.android.apps.gmm.base.app.GoogleMapsApplication.a(PG:206)
12-09 07:52:44.278 D/StrictMode( 8299): 	at com.google.android.apps.gmm.base.app.GoogleMapsApplication.onCreate(PG:174)
12-09 07:52:44.278 D/StrictMode( 8299): 	at android.app.Instrumentation.callApplicationOnCreate(Instrumentation.java:1013)
12-09 07:52:44.278 D/StrictMode( 8299): 	at android.app.ActivityThread.handleBindApplication(ActivityThread.java:4707)
12-09 07:52:44.278 D/StrictMode( 8299): 	at android.app.ActivityThread.-wrap1(ActivityThread.java)
12-09 07:52:44.278 D/StrictMode( 8299): 	at android.app.ActivityThread$H.handleMessage(ActivityThread.java:1405)
12-09 07:52:44.278 D/StrictMode( 8299): 	at android.os.Handler.dispatchMessage(Handler.java:102)
12-09 07:52:44.278 D/StrictMode( 8299): 	at android.os.Looper.loop(Looper.java:148)
12-09 07:52:44.278 D/StrictMode( 8299): 	at android.app.ActivityThread.main(ActivityThread.java:5417)
12-09 07:52:44.278 D/StrictMode( 8299): 	at java.lang.reflect.Method.invoke(Native Method)
12-09 07:52:44.278 D/StrictMode( 8299): 	at com.android.internal.os.ZygoteInit$MethodAndArgsCaller.run(ZygoteInit.java:726)
12-09 07:52:44.278 D/StrictMode( 8299): 	at com.android.internal.os.ZygoteInit.main(ZygoteInit.java:616)
12-09 07:52:44.278 D/StrictMode( 8299): StrictMode policy violation; ~duration=319 ms: android.os.StrictMode$StrictModeDiskReadViolation: policy=65567 violation=2
12-09 07:52:44.278 D/StrictMode( 8299): 	at android.os.StrictMode$AndroidBlockGuardPolicy.onReadFromDisk(StrictMode.java:1263)
12-09 07:52:44.278 D/StrictMode( 8299): 	at libcore.io.BlockGuardOs.open(BlockGuardOs.java:182)
12-09 07:52:44.278 D/StrictMode( 8299): 	at libcore.io.IoBridge.open(IoBridge.java:438)
12-09 07:52:44.278 D/StrictMode( 8299): 	at java.io.FileInputStream.<init>(FileInputStream.java:76)
12-09 07:52:44.278 D/StrictMode( 8299): 	at android.app.ContextImpl.openFileInput(ContextImpl.java:384)
12-09 07:52:44.278 D/StrictMode( 8299): 	at android.content.ContextWrapper.openFileInput(ContextWrapper.java:177)
12-09 07:52:44.278 D/StrictMode( 8299): 	at com.google.android.apps.gmm.shared.i.h.a(PG:250)
12-09 07:52:44.278 D/StrictMode( 8299): 	at com.google.android.apps.gmm.map.m.q.a(PG:8693)
12-09 07:52:44.278 D/StrictMode( 8299): 	at com.google.android.apps.gmm.shared.f.a.a(PG:48)
12-09 07:52:44.278 D/StrictMode( 8299): 	at com.google.android.apps.gmm.map.m.e.a(PG:1531)
12-09 07:52:44.278 D/StrictMode( 8299): 	at com.google.android.apps.gmm.base.app.a.a(PG:244)
12-09 07:52:44.278 D/StrictMode( 8299): 	at com.google.android.apps.gmm.base.app.a.a(PG:2265)
12-09 07:52:44.278 D/StrictMode( 8299): 	at com.google.android.apps.gmm.base.app.GoogleMapsApplication.a(PG:206)
12-09 07:52:44.278 D/StrictMode( 8299): 	at com.google.android.apps.gmm.base.app.GoogleMapsApplication.onCreate(PG:174)
12-09 07:52:44.278 D/StrictMode( 8299): 	at android.app.Instrumentation.callApplicationOnCreate(Instrumentation.java:1013)
12-09 07:52:44.278 D/StrictMode( 8299): 	at android.app.ActivityThread.handleBindApplication(ActivityThread.java:4707)
12-09 07:52:44.278 D/StrictMode( 8299): 	at android.app.ActivityThread.-wrap1(ActivityThread.java)
12-09 07:52:44.278 D/StrictMode( 8299): 	at android.app.ActivityThread$H.handleMessage(ActivityThread.java:1405)
12-09 07:52:44.278 D/StrictMode( 8299): 	at android.os.Handler.dispatchMessage(Handler.java:102)
12-09 07:52:44.278 D/StrictMode( 8299): 	at android.os.Looper.loop(Looper.java:148)
12-09 07:52:44.278 D/StrictMode( 8299): 	at android.app.ActivityThread.main(ActivityThread.java:5417)
12-09 07:52:44.278 D/StrictMode( 8299): 	at java.lang.reflect.Method.invoke(Native Method)
12-09 07:52:44.278 D/StrictMode( 8299): 	at com.android.internal.os.ZygoteInit$MethodAndArgsCaller.run(ZygoteInit.java:726)
12-09 07:52:44.278 D/StrictMode( 8299): 	at com.android.internal.os.ZygoteInit.main(ZygoteInit.java:616)
12-09 07:52:44.278 D/StrictMode( 8299): StrictMode policy violation; ~duration=319 ms: android.os.StrictMode$StrictModeDiskReadViolation: policy=65567 violation=2
12-09 07:52:44.278 D/StrictMode( 8299): 	at android.os.StrictMode$AndroidBlockGuardPolicy.onReadFromDisk(StrictMode.java:1263)
12-09 07:52:44.278 D/StrictMode( 8299): 	at libcore.io.BlockGuardOs.fstat(BlockGuardOs.java:132)
12-09 07:52:44.278 D/StrictMode( 8299): 	at libcore.io.IoBridge.open(IoBridge.java:441)
12-09 07:52:44.278 D/StrictMode( 8299): 	at java.io.FileInputStream.<init>(FileInputStream.java:76)
12-09 07:52:44.278 D/StrictMode( 8299): 	at android.app.ContextImpl.openFileInput(ContextImpl.java:384)
12-09 07:52:44.278 D/StrictMode( 8299): 	at android.content.ContextWrapper.openFileInput(ContextWrapper.java:177)
12-09 07:52:44.278 D/StrictMode( 8299): 	at com.google.android.apps.gmm.shared.i.h.a(PG:250)
12-09 07:52:44.278 D/StrictMode( 8299): 	at com.google.android.apps.gmm.map.m.q.a(PG:8693)
12-09 07:52:44.278 D/StrictMode( 8299): 	at com.google.android.apps.gmm.shared.f.a.a(PG:48)
12-09 07:52:44.278 D/StrictMode( 8299): 	at com.google.android.apps.gmm.map.m.e.a(PG:1531)
12-09 07:52:44.278 D/StrictMode( 8299): 	at com.google.android.apps.gmm.base.app.a.a(PG:244)
12-09 07:52:44.278 D/StrictMode( 8299): 	at com.google.android.apps.gmm.base.app.a.a(PG:2265)
12-09 07:52:44.278 D/StrictMode( 8299): 	at com.google.android.apps.gmm.base.app.GoogleMapsApplication.a(PG:206)
12-09 07:52:44.278 D/StrictMode( 8299): 	at com.google.android.apps.gmm.base.app.GoogleMapsApplication.onCreate(PG:174)
12-09 07:52:44.278 D/StrictMode( 8299): 	at android.app.Instrumentation.callApplicationOnCreate(Instrumentation.java:1013)
12-09 07:52:44.278 D/StrictMode( 8299): 	at android.app.ActivityThread.handleBindApplication(ActivityThread.java:4707)
12-09 07:52:44.278 D/StrictMode( 8299): 	at android.app.ActivityThread.-wrap1(ActivityThread.java)
12-09 07:52:44.278 D/StrictMode( 8299): 	at android.app.ActivityThread$H.handleMessage(ActivityThread.java:1405)
12-09 07:52:44.278 D/StrictMode( 8299): 	at android.os.Handler.dispatchMessage(Handler.java:102)
12-09 07:52:44.278 D/StrictMode( 8299): 	at android.os.Looper.loop(Looper.java:148)
12-09 07:52:44.278 D/StrictMode( 8299): 	at android.app.ActivityThread.main(ActivityThread.java:5417)
12-09 07:52:44.278 D/StrictMode( 8299): 	at java.lang.reflect.Method.invoke(Native Method)
12-09 07:52:44.278 D/StrictMode( 8299): 	at com.android.internal.os.ZygoteInit$MethodAndArgsCaller.run(ZygoteInit.java:726)
12-09 07:52:44.278 D/StrictMode( 8299): 	at com.android.internal.os.ZygoteInit.main(ZygoteInit.java:616)
12-09 07:52:44.294 D/StrictMode( 8299): StrictMode policy violation; ~duration=318 ms: android.os.StrictMode$StrictModeDiskReadViolation: policy=65567 violation=2
12-09 07:52:44.294 D/StrictMode( 8299): 	at android.os.StrictMode$AndroidBlockGuardPolicy.onReadFromDisk(StrictMode.java:1263)
12-09 07:52:44.294 D/StrictMode( 8299): 	at libcore.io.BlockGuardOs.read(BlockGuardOs.java:229)
12-09 07:52:44.294 D/StrictMode( 8299): 	at libcore.io.IoBridge.read(IoBridge.java:468)
12-09 07:52:44.294 D/StrictMode( 8299): 	at java.io.FileInputStream.read(FileInputStream.java:177)
12-09 07:52:44.294 D/StrictMode( 8299): 	at java.io.BufferedInputStream.read(BufferedInputStream.java:290)
12-09 07:52:44.294 D/StrictMode( 8299): 	at java.io.DataInputStream.read(DataInputStream.java:63)
12-09 07:52:44.294 D/StrictMode( 8299): 	at com.google.r.k.d(PG:1187)
12-09 07:52:44.294 D/StrictMode( 8299): 	at com.google.r.k.a(PG:2107)
12-09 07:52:44.294 D/StrictMode( 8299): 	at com.google.w.a.a.do.<init>(PG:23)
12-09 07:52:44.294 D/StrictMode( 8299): 	at com.google.w.a.a.do.a(PG:405)
12-09 07:52:44.294 D/StrictMode( 8299): 	at com.google.r.v.a(PG:1161)
12-09 07:52:44.294 D/StrictMode( 8299): 	at com.google.r.y.a(PG:2188)
12-09 07:52:44.294 D/StrictMode( 8299): 	at com.google.r.e.b(PG:170)
12-09 07:52:44.294 D/StrictMode( 8299): 	at com.google.r.e.b(PG:15188)
12-09 07:52:44.294 D/StrictMode( 8299): 	at com.google.android.apps.gmm.shared.i.h.a(PG:251)
12-09 07:52:44.294 D/StrictMode( 8299): 	at com.google.android.apps.gmm.map.m.q.a(PG:8693)
12-09 07:52:44.294 D/StrictMode( 8299): 	at com.google.android.apps.gmm.shared.f.a.a(PG:48)
12-09 07:52:44.294 D/StrictMode( 8299): 	at com.google.android.apps.gmm.map.m.e.a(PG:1531)
12-09 07:52:44.294 D/StrictMode( 8299): 	at com.google.android.apps.gmm.base.app.a.a(PG:244)
12-09 07:52:44.294 D/StrictMode( 8299): 	at com.google.android.apps.gmm.base.app.a.a(PG:2265)
12-09 07:52:44.294 D/StrictMode( 8299): 	at com.google.android.apps.gmm.base.app.GoogleMapsApplication.a(PG:206)
12-09 07:52:44.294 D/StrictMode( 8299): 	at com.google.android.apps.gmm.base.app.GoogleMapsApplication.onCreate(PG:174)
12-09 07:52:44.294 D/StrictMode( 8299): 	at android.app.Instrumentation.callApplicationOnCreate(Instrumentation.java:1013)
12-09 07:52:44.294 D/StrictMode( 8299): 	at android.app.ActivityThread.handleBindApplication(ActivityThread.java:4707)
12-09 07:52:44.294 D/StrictMode( 8299): 	at android.app.ActivityThread.-wrap1(ActivityThread.java)
12-09 07:52:44.294 D/StrictMode( 8299): 	at android.app.ActivityThread$H.handleMessage(ActivityThread.java:1405)
12-09 07:52:44.294 D/StrictMode( 8299): 	at android.os.Handler.dispatchMessage(Handler.java:102)
12-09 07:52:44.294 D/StrictMode( 8299): 	at android.os.Looper.loop(Looper.java:148)
12-09 07:52:44.294 D/StrictMode( 8299): 	at android.app.ActivityThread.main(ActivityThread.java:5417)
12-09 07:52:44.294 D/StrictMode( 8299): 	at java.lang.reflect.Method.invoke(Native Method)
12-09 07:52:44.294 D/StrictMode( 8299): 	at com.android.internal.os.ZygoteInit$MethodAndArgsCaller.run(ZygoteInit.java:726)
12-09 07:52:44.294 D/StrictMode( 8299): 	at com.android.internal.os.ZygoteInit.main(ZygoteInit.java:616)
12-09 07:52:44.294 D/StrictMode( 8299): StrictMode policy violation; ~duration=318 ms: android.os.StrictMode$StrictModeDiskReadViolation: policy=65567 violation=2
12-09 07:52:44.294 D/StrictMode( 8299): 	at android.os.StrictMode$AndroidBlockGuardPolicy.onReadFromDisk(StrictMode.java:1263)
12-09 07:52:44.294 D/StrictMode( 8299): 	at libcore.io.BlockGuardOs.read(BlockGuardOs.java:229)
12-09 07:52:44.294 D/StrictMode( 8299): 	at libcore.io.IoBridge.read(IoBridge.java:468)
12-09 07:52:44.294 D/StrictMode( 8299): 	at java.io.FileInputStream.read(FileInputStream.java:177)
12-09 07:52:44.294 D/StrictMode( 8299): 	at java.io.BufferedInputStream.read(BufferedInputStream.java:290)
12-09 07:52:44.294 D/StrictMode( 8299): 	at java.io.DataInputStream.read(DataInputStream.java:63)
12-09 07:52:44.294 D/StrictMode( 8299): 	at com.google.r.k.c(PG:1302)
12-09 07:52:44.294 D/StrictMode( 8299): 	at com.google.r.k.d(PG:583)
12-09 07:52:44.294 D/StrictMode( 8299): 	at com.google.w.a.a.do.<init>(PG:40)
12-09 07:52:44.294 D/StrictMode( 8299): 	at com.google.w.a.a.do.a(PG:405)
12-09 07:52:44.294 D/StrictMode( 8299): 	at com.google.r.v.a(PG:1161)
12-09 07:52:44.294 D/StrictMode( 8299): 	at com.google.r.y.a(PG:2188)
12-09 07:52:44.294 D/StrictMode( 8299): 	at com.google.r.e.b(PG:170)
12-09 07:52:44.294 D/StrictMode( 8299): 	at com.google.r.e.b(PG:15188)
12-09 07:52:44.294 D/StrictMode( 8299): 	at com.google.android.apps.gmm.shared.i.h.a(PG:251)
12-09 07:52:44.294 D/StrictMode( 8299): 	at com.google.android.apps.gmm.map.m.q.a(PG:8693)
12-09 07:52:44.294 D/StrictMode( 8299): 	at com.google.android.apps.gmm.shared.f.a.a(PG:48)
12-09 07:52:44.294 D/StrictMode( 8299): 	at com.google.android.apps.gmm.map.m.e.a(PG:1531)
12-09 07:52:44.294 D/StrictMode( 8299): 	at com.google.android.apps.gmm.base.app.a.a(PG:244)
12-09 07:52:44.294 D/StrictMode( 8299): 	at com.google.android.apps.gmm.base.app.a.a(PG:2265)
12-09 07:52:44.294 D/StrictMode( 8299): 	at com.google.android.apps.gmm.base.app.GoogleMapsApplication.a(PG:206)
12-09 07:52:44.294 D/StrictMode( 8299): 	at com.google.android.apps.gmm.base.app.GoogleMapsApplication.onCreate(PG:174)
12-09 07:52:44.294 D/StrictMode( 8299): 	at android.app.Instrumentation.callApplicationOnCreate(Instrumentation.java:1013)
12-09 07:52:44.294 D/StrictMode( 8299): 	at android.app.ActivityThread.handleBindApplication(ActivityThread.java:4707)
12-09 07:52:44.294 D/StrictMode( 8299): 	at android.app.ActivityThread.-wrap1(ActivityThread.java)
12-09 07:52:44.294 D/StrictMode( 8299): 	at android.app.ActivityThread$H.handleMessage(ActivityThread.java:1405)
12-09 07:52:44.294 D/StrictMode( 8299): 	at android.os.Handler.dispatchMessage(Handler.java:102)
12-09 07:52:44.294 D/StrictMode( 8299): 	at android.os.Looper.loop(Looper.java:148)
12-09 07:52:44.294 D/StrictMode( 8299): 	at android.app.ActivityThread.main(ActivityThread.java:5417)
12-09 07:52:44.294 D/StrictMode( 8299): 	at java.lang.reflect.Method.invoke(Native Method)
12-09 07:52:44.294 D/StrictMode( 8299): 	at com.android.internal.os.ZygoteInit$MethodAndArgsCaller.run(ZygoteInit.java:726)
12-09 07:52:44.294 D/StrictMode( 8299): 	at com.android.internal.os.ZygoteInit.main(ZygoteInit.java:616)
12-09 07:52:44.294 D/StrictMode( 8299): StrictMode policy violation; ~duration=317 ms: android.os.StrictMode$StrictModeDiskReadViolation: policy=65567 violation=2
12-09 07:52:44.294 D/StrictMode( 8299): 	at android.os.StrictMode$AndroidBlockGuardPolicy.onReadFromDisk(StrictMode.java:1263)
12-09 07:52:44.294 D/StrictMode( 8299): 	at libcore.io.BlockGuardOs.read(BlockGuardOs.java:229)
12-09 07:52:44.294 D/StrictMode( 8299): 	at libcore.io.IoBridge.read(IoBridge.java:468)
12-09 07:52:44.294 D/StrictMode( 8299): 	at java.io.FileInputStream.read(FileInputStream.java:177)
12-09 07:52:44.294 D/StrictMode( 8299): 	at java.io.InputStream.read(InputStream.java:162)
12-09 07:52:44.294 D/StrictMode( 8299): 	at java.io.BufferedInputStream.fillbuf(BufferedInputStream.java:149)
12-09 07:52:44.294 D/StrictMode( 8299): 	at java.io.BufferedInputStream.read(BufferedInputStream.java:295)
12-09 07:52:44.294 D/StrictMode( 8299): 	at java.io.DataInputStream.read(DataInputStream.java:63)
12-09 07:52:44.294 D/StrictMode( 8299): 	at com.google.r.k.c(PG:1302)
12-09 07:52:44.294 D/StrictMode( 8299): 	at com.google.r.k.d(PG:583)
12-09 07:52:44.294 D/StrictMode( 8299): 	at com.google.w.a.a.do.<init>(PG:40)
12-09 07:52:44.294 D/StrictMode( 8299): 	at com.google.w.a.a.do.a(PG:405)
12-09 07:52:44.294 D/StrictMode( 8299): 	at com.google.r.v.a(PG:1161)
12-09 07:52:44.294 D/StrictMode( 8299): 	at com.google.r.y.a(PG:2188)
12-09 07:52:44.294 D/StrictMode( 8299): 	at com.google.r.e.b(PG:170)
12-09 07:52:44.294 D/StrictMode( 8299): 	at com.google.r.e.b(PG:15188)
12-09 07:52:44.294 D/StrictMode( 8299): 	at com.google.android.apps.gmm.shared.i.h.a(PG:251)
12-09 07:52:44.294 D/StrictMode( 8299): 	at com.google.android.apps.gmm.map.m.q.a(PG:8693)
12-09 07:52:44.294 D/StrictMode( 8299): 	at com.google.android.apps.gmm.shared.f.a.a(PG:48)
12-09 07:52:44.294 D/StrictMode( 8299): 	at com.google.android.apps.gmm.map.m.e.a(PG:1531)
12-09 07:52:44.294 D/StrictMode( 8299): 	at com.google.android.apps.gmm.base.app.a.a(PG:244)
12-09 07:52:44.294 D/StrictMode( 8299): 	at com.google.android.apps.gmm.base.app.a.a(PG:2265)
12-09 07:52:44.294 D/StrictMode( 8299): 	at com.google.android.apps.gmm.base.app.GoogleMapsApplication.a(PG:206)
12-09 07:52:44.294 D/StrictMode( 8299): 	at com.google.android.apps.gmm.base.app.GoogleMapsApplication.onCreate(PG:174)
12-09 07:52:44.294 D/StrictMode( 8299): 	at android.app.Instrumentation.callApplicationOnCreate(Instrumentation.java:1013)
12-09 07:52:44.294 D/StrictMode( 8299): 	at android.app.ActivityThread.handleBindApplication(ActivityThread.java:4707)
12-09 07:52:44.294 D/StrictMode( 8299): 	at android.app.ActivityThread.-wrap1(ActivityThread.java)
12-09 07:52:44.294 D/StrictMode( 8299): 	at android.app.ActivityThread$H.handleMessage(ActivityThread.java:1405)
12-09 07:52:44.294 D/StrictMode( 8299): 	at android.os.Handler.dispatchMessage(Handler.java:102)
12-09 07:52:44.294 D/StrictMode( 8299): 	at android.os.Looper.loop(Looper.java:148)
12-09 07:52:44.294 D/StrictMode( 8299): 	at android.app.ActivityThread.main(ActivityThread.java:5417)
12-09 07:52:44.294 D/StrictMode( 8299): 	at java.lang.reflect.Method.invoke(Native Method)
12-09 07:52:44.294 D/StrictMode( 8299): 	at com.android.internal.os.ZygoteInit$MethodAndArgsCaller.run(ZygoteInit.java:726)
12-09 07:52:44.294 D/StrictMode( 8299): 	at com.android.internal.os.ZygoteInit.main(ZygoteInit.java:616)
12-09 07:52:44.295 D/StrictMode( 8299): StrictMode policy violation; ~duration=317 ms: android.os.StrictMode$StrictModeDiskReadViolation: policy=65567 violation=2
12-09 07:52:44.295 D/StrictMode( 8299): 	at android.os.StrictMode$AndroidBlockGuardPolicy.onReadFromDisk(StrictMode.java:1263)
12-09 07:52:44.295 D/StrictMode( 8299): 	at libcore.io.BlockGuardOs.read(BlockGuardOs.java:229)
12-09 07:52:44.295 D/StrictMode( 8299): 	at libcore.io.IoBridge.read(IoBridge.java:468)
12-09 07:52:44.295 D/StrictMode( 8299): 	at java.io.FileInputStream.read(FileInputStream.java:177)
12-09 07:52:44.295 D/StrictMode( 8299): 	at java.io.InputStream.read(InputStream.java:162)
12-09 07:52:44.295 D/StrictMode( 8299): 	at java.io.BufferedInputStream.fillbuf(BufferedInputStream.java:149)
12-09 07:52:44.295 D/StrictMode( 8299): 	at java.io.BufferedInputStream.read(BufferedInputStream.java:295)
12-09 07:52:44.295 D/StrictMode( 8299): 	at java.io.DataInputStream.read(DataInputStream.java:63)
12-09 07:52:44.295 D/StrictMode( 8299): 	at com.google.r.k.d(PG:1187)
12-09 07:52:44.295 D/StrictMode( 8299): 	at com.google.r.k.a(PG:2107)
12-09 07:52:44.295 D/StrictMode( 8299): 	at com.google.w.a.a.do.<init>(PG:23)
12-09 07:52:44.295 D/StrictMode( 8299): 	at com.google.w.a.a.do.a(PG:405)
12-09 07:52:44.295 D/StrictMode( 8299): 	at com.google.r.v.a(PG:1161)
12-09 07:52:44.295 D/StrictMode( 8299): 	at com.google.r.y.a(PG:2188)
12-09 07:52:44.295 D/StrictMode( 8299): 	at com.google.r.e.b(PG:170)
12-09 07:52:44.295 D/StrictMode( 8299): 	at com.google.r.e.b(PG:15188)
12-09 07:52:44.295 D/StrictMode( 8299): 	at com.google.android.apps.gmm.shared.i.h.a(PG:251)
12-09 07:52:44.295 D/StrictMode( 8299): 	at com.google.android.apps.gmm.map.m.q.a(PG:8693)
12-09 07:52:44.295 D/StrictMode( 8299): 	at com.google.android.apps.gmm.shared.f.a.a(PG:48)
12-09 07:52:44.295 D/StrictMode( 8299): 	at com.google.android.apps.gmm.map.m.e.a(PG:1531)
12-09 07:52:44.295 D/StrictMode( 8299): 	at com.google.android.apps.gmm.base.app.a.a(PG:244)
12-09 07:52:44.295 D/StrictMode( 8299): 	at com.google.android.apps.gmm.base.app.a.a(PG:2265)
12-09 07:52:44.295 D/StrictMode( 8299): 	at com.google.android.apps.gmm.base.app.GoogleMapsApplication.a(PG:206)
12-09 07:52:44.295 D/StrictMode( 8299): 	at com.google.android.apps.gmm.base.app.GoogleMapsApplication.onCreate(PG:174)
12-09 07:52:44.295 D/StrictMode( 8299): 	at android.app.Instrumentation.callApplicationOnCreate(Instrumentation.java:1013)
12-09 07:52:44.295 D/StrictMode( 8299): 	at android.app.ActivityThread.handleBindApplication(ActivityThread.java:4707)
12-09 07:52:44.295 D/StrictMode( 8299): 	at android.app.ActivityThread.-wrap1(ActivityThread.java)
12-09 07:52:44.295 D/StrictMode( 8299): 	at android.app.ActivityThread$H.handleMessage(ActivityThread.java:1405)
12-09 07:52:44.295 D/StrictMode( 8299): 	at android.os.Handler.dispatchMessage(Handler.java:102)
12-09 07:52:44.295 D/StrictMode( 8299): 	at android.os.Looper.loop(Looper.java:148)
12-09 07:52:44.295 D/StrictMode( 8299): 	at android.app.ActivityThread.main(ActivityThread.java:5417)
12-09 07:52:44.295 D/StrictMode( 8299): 	at java.lang.reflect.Method.invoke(Native Method)
12-09 07:52:44.295 D/StrictMode( 8299): 	at com.android.internal.os.ZygoteInit$MethodAndArgsCaller.run(ZygoteInit.java:726)
12-09 07:52:44.295 D/StrictMode( 8299): 	at com.android.internal.os.ZygoteInit.main(ZygoteInit.java:616)
12-09 07:52:44.295 D/StrictMode( 8299): StrictMode policy violation; ~duration=316 ms: android.os.StrictMode$StrictModeDiskReadViolation: policy=65567 violation=2
12-09 07:52:44.295 D/StrictMode( 8299): 	at android.os.StrictMode$AndroidBlockGuardPolicy.onReadFromDisk(StrictMode.java:1263)
12-09 07:52:44.295 D/StrictMode( 8299): 	at libcore.io.BlockGuardOs.read(BlockGuardOs.java:229)
12-09 07:52:44.295 D/StrictMode( 8299): 	at libcore.io.IoBridge.read(IoBridge.java:468)
12-09 07:52:44.295 D/StrictMode( 8299): 	at java.io.FileInputStream.read(FileInputStream.java:177)
12-09 07:52:44.295 D/StrictMode( 8299): 	at java.io.InputStream.read(InputStream.java:162)
12-09 07:52:44.295 D/StrictMode( 8299): 	at java.io.BufferedInputStream.fillbuf(BufferedInputStream.java:149)
12-09 07:52:44.295 D/StrictMode( 8299): 	at java.io.BufferedInputStream.read(BufferedInputStream.java:295)
12-09 07:52:44.295 D/StrictMode( 8299): 	at java.io.DataInputStream.read(DataInputStream.java:63)
12-09 07:52:44.295 D/StrictMode( 8299): 	at com.google.r.k.d(PG:1187)
12-09 07:52:44.295 D/StrictMode( 8299): 	at com.google.r.k.c(PG:18147)
12-09 07:52:44.295 D/StrictMode( 8299): 	at com.google.r.k.d(PG:583)
12-09 07:52:44.295 D/StrictMode( 8299): 	at com.google.w.a.a.do.<init>(PG:40)
12-09 07:52:44.295 D/StrictMode( 8299): 	at com.google.w.a.a.do.a(PG:405)
12-09 07:52:44.295 D/StrictMode( 8299): 	at com.google.r.v.a(PG:1161)
12-09 07:52:44.295 D/StrictMode( 8299): 	at com.google.r.y.a(PG:2188)
12-09 07:52:44.295 D/StrictMode( 8299): 	at com.google.r.e.b(PG:170)
12-09 07:52:44.295 D/StrictMode( 8299): 	at com.google.r.e.b(PG:15188)
12-09 07:52:44.295 D/StrictMode( 8299): 	at com.google.android.apps.gmm.shared.i.h.a(PG:251)
12-09 07:52:44.295 D/StrictMode( 8299): 	at com.google.android.apps.gmm.map.m.q.a(PG:8693)
12-09 07:52:44.295 D/StrictMode( 8299): 	at com.google.android.apps.gmm.shared.f.a.a(PG:48)
12-09 07:52:44.295 D/StrictMode( 8299): 	at com.google.android.apps.gmm.map.m.e.a(PG:1531)
12-09 07:52:44.295 D/StrictMode( 8299): 	at com.google.android.apps.gmm.base.app.a.a(PG:244)
12-09 07:52:44.295 D/StrictMode( 8299): 	at com.google.android.apps.gmm.base.app.a.a(PG:2265)
12-09 07:52:44.295 D/StrictMode( 8299): 	at com.google.android.apps.gmm.base.app.GoogleMapsApplication.a(PG:206)
12-09 07:52:44.295 D/StrictMode( 8299): 	at com.google.android.apps.gmm.base.app.GoogleMapsApplication.onCreate(PG:174)
12-09 07:52:44.295 D/StrictMode( 8299): 	at android.app.Instrumentation.callApplicationOnCreate(Instrumentation.java:1013)
12-09 07:52:44.295 D/StrictMode( 8299): 	at android.app.ActivityThread.handleBindApplication(ActivityThread.java:4707)
12-09 07:52:44.295 D/StrictMode( 8299): 	at android.app.ActivityThread.-wrap1(ActivityThread.java)
12-09 07:52:44.295 D/StrictMode( 8299): 	at android.app.ActivityThread$H.handleMessage(ActivityThread.java:1405)
12-09 07:52:44.295 D/StrictMode( 8299): 	at android.os.Handler.dispatchMessage(Handler.java:102)
12-09 07:52:44.295 D/StrictMode( 8299): 	at android.os.Looper.loop(Looper.java:148)
12-09 07:52:44.295 D/StrictMode( 8299): 	at android.app.ActivityThread.main(ActivityThread.java:5417)
12-09 07:52:44.295 D/StrictMode( 8299): 	at java.lang.reflect.Method.invoke(Native Method)
12-09 07:52:44.295 D/StrictMode( 8299): 	at com.android.internal.os.ZygoteInit$MethodAndArgsCaller.run(ZygoteInit.java:726)
12-09 07:52:44.295 D/StrictMode( 8299): 	at com.android.internal.os.ZygoteInit.main(ZygoteInit.java:616)
12-09 07:52:44.327 E/EGL_emulation( 1224): tid 1224: eglCreateSyncKHR(1881): error 0x3004 (EGL_BAD_ATTRIBUTE)
--------- beginning of system
12-09 07:52:44.463 I/ActivityManager( 1592): Start proc 8333:com.google.android.apps.photos/u0a44 for broadcast com.google.android.apps.photos/com.google.android.libraries.social.account.refresh.receiver.AccountsChangedReceiver
12-09 07:52:44.464 I/ActivityManager( 1592): Killing 3211:com.android.externalstorage/u0a7 (adj 15): empty #17
12-09 07:52:44.561 W/ActivityManager( 1592): Finishing task with all activities already finished
12-09 07:52:44.561 W/ActivityManager( 1592): Duplicate finish request for ActivityRecord{eafe072 u0 com.evancharlton.mileage/.Mileage t372 f}
12-09 07:52:44.626 W/audio_hw_generic( 1309): Not supplying enough data to HAL, expected position 13351633 , only wrote 13351539
12-09 07:52:44.647 W/ActivityManager( 1592): Finishing task with all activities already finished
12-09 07:52:44.647 W/ActivityManager( 1592): Duplicate finish request for ActivityRecord{eafe072 u0 com.evancharlton.mileage/.Mileage t372 f}
12-09 07:52:44.654 W/ActivityManager( 1592): Finishing task with all activities already finished
12-09 07:52:44.654 W/ActivityManager( 1592): Duplicate finish request for ActivityRecord{eafe072 u0 com.evancharlton.mileage/.Mileage t372 f}
12-09 07:52:44.720 D/EGL_emulation( 1918): eglMakeCurrent: 0x7fe7e3334dc0: ver 2 0 (tinfo 0x7fe7e3302d00)
12-09 07:52:44.848 W/System  ( 8333): ClassLoader referenced unknown path: /system/app/Photos/lib/x86
12-09 07:52:45.011 D/AndroidRuntime( 8344): >>>>>> START com.android.internal.os.RuntimeInit uid 0 <<<<<<
12-09 07:52:45.012 D/AndroidRuntime( 8344): CheckJNI is ON
12-09 07:52:45.027 W/art     ( 1592): Long monitor contention event with owner method=void com.android.server.wm.WindowAnimator$1.doFrame(long) from WindowAnimator.java:121 waiters=1 for 200ms
12-09 07:52:45.048 D/ICU     ( 8344): No timezone override file found: /data/misc/zoneinfo/current/icu/icu_tzdata.dat
12-09 07:52:45.134 W/art     ( 1592): Long monitor contention event with owner method=void com.android.server.wm.WindowAnimator$1.doFrame(long) from WindowAnimator.java:121 waiters=1 for 203ms
12-09 07:52:45.144 E/memtrack( 8344): Couldn't load memtrack module (No such file or directory)
12-09 07:52:45.144 E/android.os.Debug( 8344): failed to load memtrack module: -2
12-09 07:52:45.145 I/Radio-JNI( 8344): register_android_hardware_Radio DONE
12-09 07:52:45.179 D/AndroidRuntime( 8344): Calling main entry com.android.commands.am.Am
12-09 07:52:45.180 I/ActivityManager( 1592): Force stopping com.evancharlton.mileage appid=10123 user=0: start instr
12-09 07:52:45.180 I/ActivityManager( 1592): Killing 8164:com.evancharlton.mileage/u0a123 (adj 0): stop com.evancharlton.mileage
12-09 07:52:45.247 W/InputDispatcher( 1592): channel 'c15a4cf PopupWindow:fb7ba9f (server)' ~ Consumer closed input channel or an error occurred.  events=0x9
12-09 07:52:45.247 E/InputDispatcher( 1592): channel 'c15a4cf PopupWindow:fb7ba9f (server)' ~ Channel is unrecoverably broken and will be disposed!
12-09 07:52:45.247 W/InputDispatcher( 1592): channel '2d07fd2 com.evancharlton.mileage/com.evancharlton.mileage.Mileage (server)' ~ Consumer closed input channel or an error occurred.  events=0x9
12-09 07:52:45.247 E/InputDispatcher( 1592): channel '2d07fd2 com.evancharlton.mileage/com.evancharlton.mileage.Mileage (server)' ~ Channel is unrecoverably broken and will be disposed!
12-09 07:52:45.274 W/audio_hw_generic( 1309): Not supplying enough data to HAL, expected position 13380120 , only wrote 13379962
12-09 07:52:45.274 W/audio_hw_generic( 1309): Not supplying enough data to HAL, expected position 13379968 , only wrote 13379962
12-09 07:52:45.296 W/audio_hw_generic( 1309): Not supplying enough data to HAL, expected position 13380903 , only wrote 13380623
12-09 07:52:45.417 W/audio_hw_generic( 1309): Not supplying enough data to HAL, expected position 13385996 , only wrote 13385250
12-09 07:52:45.418 W/audio_hw_generic( 1309): Not supplying enough data to HAL, expected position 13385256 , only wrote 13385250
12-09 07:52:45.434 W/audio_hw_generic( 1309): Not supplying enough data to HAL, expected position 13385966 , only wrote 13385911
12-09 07:52:45.437 W/art     ( 1592): Long monitor contention event with owner method=void com.android.server.wm.WindowAnimator$1.doFrame(long) from WindowAnimator.java:121 waiters=1 for 227ms
12-09 07:52:45.512 W/audio_hw_generic( 1309): Not supplying enough data to HAL, expected position 13391142 , only wrote 13388555
12-09 07:52:45.525 W/art     ( 1592): Long monitor contention event with owner method=void com.android.server.wm.WindowAnimator$1.doFrame(long) from WindowAnimator.java:121 waiters=2 for 225ms
12-09 07:52:45.696 W/art     ( 1592): Long monitor contention event with owner method=void com.android.server.wm.WindowAnimator$1.doFrame(long) from WindowAnimator.java:121 waiters=4 for 367ms
12-09 07:52:45.846 W/art     ( 1592): Long monitor contention event with owner method=void com.android.server.wm.WindowAnimator$1.doFrame(long) from WindowAnimator.java:121 waiters=4 for 321ms
12-09 07:52:45.924 W/art     ( 1592): Long monitor contention event with owner method=void com.android.server.wm.WindowAnimator$1.doFrame(long) from WindowAnimator.java:121 waiters=4 for 355ms
12-09 07:52:45.968 W/art     ( 1592): Long monitor contention event with owner method=void com.android.server.wm.WindowAnimator$1.doFrame(long) from WindowAnimator.java:121 waiters=4 for 357ms
12-09 07:52:46.084 W/art     ( 1592): Long monitor contention event with owner method=void com.android.server.wm.WindowAnimator$1.doFrame(long) from WindowAnimator.java:121 waiters=4 for 389ms
12-09 07:52:46.306 W/art     ( 1592): Long monitor contention event with owner method=void com.android.server.wm.WindowAnimator$1.doFrame(long) from WindowAnimator.java:121 waiters=4 for 532ms
12-09 07:52:46.307 W/art     ( 1592): Long monitor contention event with owner method=void com.android.server.wm.WindowAnimator$1.doFrame(long) from WindowAnimator.java:121 waiters=4 for 460ms
12-09 07:52:46.308 W/ActivityManager( 1592): Crash of app com.evancharlton.mileage running instrumentation ComponentInfo{com.evancharlton.mileage.test/sh.calaba.instrumentationbackend.CalabashInstrumentationTestRunner}
12-09 07:52:46.308 I/ActivityManager( 1592): Force stopping com.evancharlton.mileage appid=10123 user=0: finished inst
12-09 07:52:46.309 W/art     ( 1592): Long monitor contention event with owner method=void com.android.server.wm.WindowAnimator$1.doFrame(long) from WindowAnimator.java:121 waiters=4 for 385ms
12-09 07:52:46.314 W/art     ( 1592): Long monitor contention event with owner method=void com.android.server.wm.WindowAnimator$1.doFrame(long) from WindowAnimator.java:121 waiters=4 for 346ms
12-09 07:52:46.326 I/WindowState( 1592): WIN DEATH: Window{2d07fd2 u0 com.evancharlton.mileage/com.evancharlton.mileage.Mileage}
12-09 07:52:46.326 W/InputDispatcher( 1592): Attempted to unregister already unregistered input channel '2d07fd2 com.evancharlton.mileage/com.evancharlton.mileage.Mileage (server)'
12-09 07:52:46.327 I/WindowState( 1592): WIN DEATH: Window{c15a4cf u0 PopupWindow:fb7ba9f}
12-09 07:52:46.327 W/InputDispatcher( 1592): Attempted to unregister already unregistered input channel 'c15a4cf PopupWindow:fb7ba9f (server)'
12-09 07:52:46.328 W/WindowAnimator( 1592): Failed to dispatch window animation state change.
12-09 07:52:46.328 W/WindowAnimator( 1592): android.os.DeadObjectException
12-09 07:52:46.328 W/WindowAnimator( 1592): 	at android.os.BinderProxy.transactNative(Native Method)
12-09 07:52:46.328 W/WindowAnimator( 1592): 	at android.os.BinderProxy.transact(Binder.java:503)
12-09 07:52:46.328 W/WindowAnimator( 1592): 	at android.view.IWindow$Stub$Proxy.onAnimationStarted(IWindow.java:520)
12-09 07:52:46.328 W/WindowAnimator( 1592): 	at com.android.server.wm.WindowAnimator.updateWindowsLocked(WindowAnimator.java:282)
12-09 07:52:46.328 W/WindowAnimator( 1592): 	at com.android.server.wm.WindowAnimator.animateLocked(WindowAnimator.java:678)
12-09 07:52:46.328 W/WindowAnimator( 1592): 	at com.android.server.wm.WindowAnimator.-wrap0(WindowAnimator.java)
12-09 07:52:46.328 W/WindowAnimator( 1592): 	at com.android.server.wm.WindowAnimator$1.doFrame(WindowAnimator.java:123)
12-09 07:52:46.328 W/WindowAnimator( 1592): 	at android.view.Choreographer$CallbackRecord.run(Choreographer.java:856)
12-09 07:52:46.328 W/WindowAnimator( 1592): 	at android.view.Choreographer.doCallbacks(Choreographer.java:670)
12-09 07:52:46.328 W/WindowAnimator( 1592): 	at android.view.Choreographer.doFrame(Choreographer.java:603)
12-09 07:52:46.328 W/WindowAnimator( 1592): 	at android.view.Choreographer$FrameDisplayEventReceiver.run(Choreographer.java:844)
12-09 07:52:46.328 W/WindowAnimator( 1592): 	at android.os.Handler.handleCallback(Handler.java:739)
12-09 07:52:46.328 W/WindowAnimator( 1592): 	at android.os.Handler.dispatchMessage(Handler.java:95)
12-09 07:52:46.328 W/WindowAnimator( 1592): 	at android.os.Looper.loop(Looper.java:148)
12-09 07:52:46.328 W/WindowAnimator( 1592): 	at android.os.HandlerThread.run(HandlerThread.java:61)
12-09 07:52:46.328 W/WindowAnimator( 1592): 	at com.android.server.ServiceThread.run(ServiceThread.java:46)
12-09 07:52:46.336 I/ActivityManager( 1592): Start proc 8355:com.evancharlton.mileage/u0a123 for added application com.evancharlton.mileage
12-09 07:52:46.336 W/art     ( 1592): Long monitor contention event with owner method=boolean com.android.server.am.ActivityManagerService.startInstrumentation(android.content.ComponentName, java.lang.String, int, android.os.Bundle, android.app.IInstrumentationWatcher, android.app.IUiAutomationConnection, int, java.lang.String) from ActivityManagerService.java:17066 waiters=0 for 1.156s
12-09 07:52:46.337 W/art     ( 1592): Long monitor contention event with owner method=boolean com.android.server.am.ActivityManagerService.startInstrumentation(android.content.ComponentName, java.lang.String, int, android.os.Bundle, android.app.IInstrumentationWatcher, android.app.IUiAutomationConnection, int, java.lang.String) from ActivityManagerService.java:17066 waiters=1 for 1s
12-09 07:52:46.345 W/art     ( 1592): Long monitor contention event with owner method=boolean com.android.server.am.ActivityManagerService.startInstrumentation(android.content.ComponentName, java.lang.String, int, android.os.Bundle, android.app.IInstrumentationWatcher, android.app.IUiAutomationConnection, int, java.lang.String) from ActivityManagerService.java:17066 waiters=2 for 794ms
12-09 07:52:46.422 D/AndroidRuntime( 8344): Shutting down VM
12-09 07:52:46.564 W/System  ( 8355): ClassLoader referenced unknown path: /data/app/com.evancharlton.mileage.test-1/lib/x86_64
12-09 07:52:46.564 W/System  ( 8355): ClassLoader referenced unknown path: /data/app/com.evancharlton.mileage-1/lib/x86_64
12-09 07:52:46.679 W/WindowAnimator( 1592): Failed to dispatch window animation state change.
12-09 07:52:46.679 W/WindowAnimator( 1592): android.os.DeadObjectException
12-09 07:52:46.679 W/WindowAnimator( 1592): 	at android.os.BinderProxy.transactNative(Native Method)
12-09 07:52:46.679 W/WindowAnimator( 1592): 	at android.os.BinderProxy.transact(Binder.java:503)
12-09 07:52:46.679 W/WindowAnimator( 1592): 	at android.view.IWindow$Stub$Proxy.onAnimationStopped(IWindow.java:534)
12-09 07:52:46.679 W/WindowAnimator( 1592): 	at com.android.server.wm.WindowAnimator.updateWindowsLocked(WindowAnimator.java:286)
12-09 07:52:46.679 W/WindowAnimator( 1592): 	at com.android.server.wm.WindowAnimator.animateLocked(WindowAnimator.java:678)
12-09 07:52:46.679 W/WindowAnimator( 1592): 	at com.android.server.wm.WindowAnimator.-wrap0(WindowAnimator.java)
12-09 07:52:46.679 W/WindowAnimator( 1592): 	at com.android.server.wm.WindowAnimator$1.doFrame(WindowAnimator.java:123)
12-09 07:52:46.679 W/WindowAnimator( 1592): 	at android.view.Choreographer$CallbackRecord.run(Choreographer.java:856)
12-09 07:52:46.679 W/WindowAnimator( 1592): 	at android.view.Choreographer.doCallbacks(Choreographer.java:670)
12-09 07:52:46.679 W/WindowAnimator( 1592): 	at android.view.Choreographer.doFrame(Choreographer.java:603)
12-09 07:52:46.679 W/WindowAnimator( 1592): 	at android.view.Choreographer$FrameDisplayEventReceiver.run(Choreographer.java:844)
12-09 07:52:46.679 W/WindowAnimator( 1592): 	at android.os.Handler.handleCallback(Handler.java:739)
12-09 07:52:46.679 W/WindowAnimator( 1592): 	at android.os.Handler.dispatchMessage(Handler.java:95)
12-09 07:52:46.679 W/WindowAnimator( 1592): 	at android.os.Looper.loop(Looper.java:148)
12-09 07:52:46.679 W/WindowAnimator( 1592): 	at android.os.HandlerThread.run(HandlerThread.java:61)
12-09 07:52:46.679 W/WindowAnimator( 1592): 	at com.android.server.ServiceThread.run(ServiceThread.java:46)
12-09 07:52:46.748 W/art     ( 1592): Long monitor contention event with owner method=void com.android.server.wm.WindowAnimator$1.doFrame(long) from WindowAnimator.java:121 waiters=1 for 171ms
12-09 07:52:46.860 W/art     ( 1592): Long monitor contention event with owner method=void com.android.server.wm.WindowAnimator$1.doFrame(long) from WindowAnimator.java:121 waiters=1 for 112ms
12-09 07:52:47.215 W/art     ( 1592): Long monitor contention event with owner method=void com.android.server.wm.WindowAnimator$1.doFrame(long) from WindowAnimator.java:121 waiters=1 for 355ms
12-09 07:52:47.216 W/InputMethodManagerService( 1592): Got RemoteException sending setActive(false) notification to pid 8164 uid 10123
12-09 07:52:47.216 W/art     ( 1592): Long monitor contention event with owner method=com.android.internal.view.InputBindResult com.android.server.InputMethodManagerService.windowGainedFocus(com.android.internal.view.IInputMethodClient, android.os.IBinder, int, int, int, android.view.inputmethod.EditorInfo, com.android.internal.view.IInputContext) from InputMethodManagerService.java:2177 waiters=0 for 1.917s
12-09 07:52:47.218 W/art     ( 1592): Long monitor contention event with owner method=java.util.List com.android.server.am.ActivityManagerService.getAllStackInfos() from ActivityManagerService.java:8937 waiters=0 for 769ms
12-09 07:52:47.220 W/art     ( 1592): Long monitor contention event with owner method=java.util.List com.android.server.am.ActivityManagerService.getAllStackInfos() from ActivityManagerService.java:8937 waiters=1 for 766ms
12-09 07:52:47.220 W/art     ( 1592): Long monitor contention event with owner method=java.util.List com.android.server.am.ActivityManagerService.getAllStackInfos() from ActivityManagerService.java:8937 waiters=5 for 576ms
12-09 07:52:47.221 W/art     ( 1592): Long monitor contention event with owner method=java.util.List com.android.server.am.ActivityManagerService.getAllStackInfos() from ActivityManagerService.java:8937 waiters=2 for 766ms
12-09 07:52:47.221 W/art     ( 1592): Long monitor contention event with owner method=java.util.List com.android.server.am.ActivityManagerService.getAllStackInfos() from ActivityManagerService.java:8937 waiters=3 for 765ms
12-09 07:52:47.230 W/art     ( 1592): Long monitor contention event with owner method=java.util.List com.android.server.am.ActivityManagerService.getAllStackInfos() from ActivityManagerService.java:8937 waiters=4 for 661ms
12-09 07:52:47.291 I/Choreographer( 1918): Skipped 153 frames!  The application may be doing too much work on its main thread.
12-09 07:52:47.399 I/GAV2    ( 8224): Thread[GAThread,5,main]: No campaign data found.
12-09 07:52:47.431 I/System.out( 8355): Main activity name automatically set to: com.evancharlton.mileage.Mileage
12-09 07:52:47.432 I/System.out( 8355): Calabash did not load Mono. This is only a problem if you are trying to test a Mono application
12-09 07:52:47.432 I/calabash( 8355): Test server port: 7102
12-09 07:52:47.433 I/InstrumentationBackend( 8355): Added:'GetPreferences', with key:'get_preferences'
12-09 07:52:47.517 I/ActivityManager( 1592): Start proc 8370:com.google.android.gm/u0a47 for broadcast com.google.android.gm/.AccountsChangedReceiver
12-09 07:52:47.579 I/InstrumentationBackend( 8355): Added:'SetPreferences', with key:'set_preferences'
12-09 07:52:47.580 I/InstrumentationBackend( 8355): Added:'ClearPreferences', with key:'clear_preferences'
12-09 07:52:47.580 I/InstrumentationBackend( 8355): Added:'PressElement', with key:'press_l10n_element'
12-09 07:52:47.580 I/InstrumentationBackend( 8355): Added:'WaitForElement', with key:'wait_for_l10n_element'
12-09 07:52:47.580 I/InstrumentationBackend( 8355): Added:'NullAction', with key:'nullAction'
12-09 07:52:47.581 I/InstrumentationBackend( 8355): Added:'PressKey', with key:'press_key'
12-09 07:52:47.581 I/InstrumentationBackend( 8355): Added:'SetActivityOrientation', with key:'set_activity_orientation'
12-09 07:52:47.581 I/InstrumentationBackend( 8355): Added:'GetActivityOrientation', with key:'get_activity_orientation'
12-09 07:52:47.590 I/InstrumentationBackend( 8355): Added:'FakeGPSLocation', with key:'set_gps_coordinates'
12-09 07:52:47.590 I/InstrumentationBackend( 8355): Added:'SetPropertyByCssSelector', with key:'set_property_by_css_selector'
12-09 07:52:47.590 I/InstrumentationBackend( 8355): Added:'GetUrl', with key:'get_url'
12-09 07:52:47.591 I/InstrumentationBackend( 8355): Added:'ScrollTo', with key:'scroll_to'
12-09 07:52:47.591 I/InstrumentationBackend( 8355): Added:'GetLoadProgress', with key:'get_load_progress'
12-09 07:52:47.591 I/InstrumentationBackend( 8355): Added:'DumpHtml', with key:'dump_html'
12-09 07:52:47.591 I/InstrumentationBackend( 8355): Added:'DumpBodyHtml', with key:'dump_body_html'
12-09 07:52:47.592 I/InstrumentationBackend( 8355): Added:'EnterTextByCssSelector', with key:'enter_text_by_selector'
12-09 07:52:47.592 I/InstrumentationBackend( 8355): Added:'AndroidSDKVersion', with key:'android_sdk_version'
12-09 07:52:47.593 I/InstrumentationBackend( 8355): Added:'Version', with key:'version'
12-09 07:52:47.593 I/InstrumentationBackend( 8355): Added:'Drag', with key:'drag'
12-09 07:52:47.593 I/InstrumentationBackend( 8355): Added:'TouchCoordinates', with key:'touch_coordinate'
12-09 07:52:47.623 I/InstrumentationBackend( 8355): Added:'LongPressCoordinate', with key:'long_press_coordinate'
12-09 07:52:47.623 I/InstrumentationBackend( 8355): Added:'DragCoordinates', with key:'drag_coordinates'
12-09 07:52:47.623 I/InstrumentationBackend( 8355): Added:'ResumeApplication', with key:'resume_application'
12-09 07:52:47.623 I/InstrumentationBackend( 8355): Added:'Swipe', with key:'swipe'
12-09 07:52:47.624 I/InstrumentationBackend( 8355): Added:'DoubleTapCoordinate', with key:'double_tap_coordinate'
12-09 07:52:47.624 I/InstrumentationBackend( 8355): Added:'ClickOnScreen', with key:'click_on_screen'
12-09 07:52:47.624 I/InstrumentationBackend( 8355): Added:'GetActivityName', with key:'get_activity_name'
12-09 07:52:47.624 I/InstrumentationBackend( 8355): Added:'ScrollToView', with key:'scroll_to_view'
12-09 07:52:47.624 I/InstrumentationBackend( 8355): Added:'ViewConfiguration', with key:'view_configuration'
12-09 07:52:47.625 I/InstrumentationBackend( 8355): Added:'IsCurrentActivityFocused', with key:'is_current_activity_focused'
12-09 07:52:47.625 I/InstrumentationBackend( 8355): Added:'SendTcp', with key:'send_tcp'
12-09 07:52:47.625 I/InstrumentationBackend( 8355): Added:'DpToDevicePixel', with key:'dp_to_device_pixel'
12-09 07:52:47.639 I/InstrumentationBackend( 8355): Added:'KeyboardEnterText', with key:'keyboard_enter_text'
12-09 07:52:47.640 I/InstrumentationBackend( 8355): Added:'DeleteSurroundingText', with key:'delete_surrounding_text'
12-09 07:52:47.640 I/InstrumentationBackend( 8355): Added:'SetComposingRegion', with key:'set_composing_region'
12-09 07:52:47.640 I/InstrumentationBackend( 8355): Added:'SetSelection', with key:'set_selection'
12-09 07:52:47.640 I/InstrumentationBackend( 8355): Added:'KeyboardKeyEvent', with key:'keyboard_key_event'
12-09 07:52:47.640 I/InstrumentationBackend( 8355): Added:'PressUserActionButton', with key:'press_user_action_button'
12-09 07:52:47.641 I/InstrumentationBackend( 8355): Added:'HideSoftKeyboard', with key:'hide_soft_keyboard'
12-09 07:52:47.641 I/InstrumentationBackend( 8355): Added:'ListActions', with key:'list_actions'
12-09 07:52:47.655 I/art     ( 8370): WaitForGcToComplete blocked for 20.319ms for cause Background
12-09 07:52:47.666 I/calabash( 8355): Instantiating http server at 7102
12-09 07:52:47.667 I/System.out( 8355): HTTP Daemon listening on: 7102
12-09 07:52:47.915 I/System.out( 8355): URI: //ping
12-09 07:52:47.915 I/System.out( 8355): params: {json={}
12-09 07:52:47.915 I/System.out( 8355): }
12-09 07:52:47.936 I/Choreographer( 1918): Skipped 38 frames!  The application may be doing too much work on its main thread.
12-09 07:52:47.974 I/System.out( 8355): URI: //ping
12-09 07:52:47.974 I/System.out( 8355): params: {json={}
12-09 07:52:47.974 I/System.out( 8355): }
12-09 07:52:47.979 W/OpenGLRenderer( 1918): Incorrectly called buildLayer on View: ShortcutAndWidgetContainer, destroying layer...
12-09 07:52:48.000 W/ChimeraUtils( 2005): Non Chimera context
12-09 07:52:48.030 I/System.out( 8355): URI: //ready
12-09 07:52:48.030 I/System.out( 8355): params: {json={}
12-09 07:52:48.030 I/System.out( 8355): }
12-09 07:52:48.059 I/System.out( 8355): URI: //
12-09 07:52:48.060 I/System.out( 8355): params: {json={"command":"version","arguments":[]}
12-09 07:52:48.060 I/System.out( 8355): }
12-09 07:52:48.060 I/System.out( 8355): header: {date=Sun, 09 Dec 2018 07:52:48 GMT, accept=*/*, content-length=36, host=127.0.0.1:34777, user-agent=HTTPClient/1.0 (2.8.3, ruby 2.3.1 (2016-04-26)), content-type=application/json;charset=utf-8}
12-09 07:52:48.060 I/System.out( 8355): params: {json={"command":"version","arguments":[]}
12-09 07:52:48.060 I/System.out( 8355): }
12-09 07:52:48.060 I/System.out( 8355): ProP json = {"command":"version","arguments":[]}
12-09 07:52:48.060 I/System.out( 8355): files: {}
12-09 07:52:48.060 I/System.out( 8355): command: {"command":"version","arguments":[]}
12-09 07:52:48.101 I/InstrumentationBackend( 8355): Got command:'Command:'Line:null,version', arguments:'[]'
12-09 07:52:48.107 I/AccountManagerService( 1592): getTypesVisibleToCaller: isPermitted? true
12-09 07:52:48.131 W/System  ( 8370): ClassLoader referenced unknown path: /system/app/PrebuiltGmail/lib/x86_64
12-09 07:52:48.174 I/System.out( 8355): result:{"bonusInformation":[],"message":"0.9.8","success":true}
12-09 07:52:48.177 I/ActivityManager( 1592): Killing 2327:com.android.deskclock/u0a26 (adj 15): empty #17
12-09 07:52:48.214 I/System.out( 8355): URI: //start-application
12-09 07:52:48.214 I/System.out( 8355): params: {json={"intent":null}
12-09 07:52:48.214 I/System.out( 8355): }
12-09 07:52:48.266 D/ActivityThread( 8370): Loading provider com.google.android.gmail.provider;com.android.mail.notifier;com.google.android.gm.email.provider;com.google.android.gm.email.notifier: com.android.email.provider.EmailProvider
12-09 07:52:48.354 I/Gmail   ( 8370): getAccountsCursor
12-09 07:52:48.355 I/AccountManagerService( 1592): getTypesVisibleToCaller: isPermitted? true
12-09 07:52:48.370 W/ActivityManager( 1592): Unable to start service Intent { act=com.google.android.gm.email.EXCHANGE_INTENT pkg=com.google.android.gm.exchange } U=0: not found
12-09 07:52:48.370 W/ActivityManager( 1592): Unable to start service Intent { act=com.google.android.gm.email.EXCHANGE_INTENT pkg=com.google.android.gm.exchange } U=0: not found
12-09 07:52:48.530 W/WindowAnimator( 1592): Failed to dispatch window animation state change.
12-09 07:52:48.530 W/WindowAnimator( 1592): android.os.DeadObjectException
12-09 07:52:48.530 W/WindowAnimator( 1592): 	at android.os.BinderProxy.transactNative(Native Method)
12-09 07:52:48.530 W/WindowAnimator( 1592): 	at android.os.BinderProxy.transact(Binder.java:503)
12-09 07:52:48.530 W/WindowAnimator( 1592): 	at android.view.IWindow$Stub$Proxy.onAnimationStopped(IWindow.java:534)
12-09 07:52:48.530 W/WindowAnimator( 1592): 	at com.android.server.wm.WindowAnimator.updateWindowsLocked(WindowAnimator.java:286)
12-09 07:52:48.530 W/WindowAnimator( 1592): 	at com.android.server.wm.WindowAnimator.animateLocked(WindowAnimator.java:678)
12-09 07:52:48.530 W/WindowAnimator( 1592): 	at com.android.server.wm.WindowAnimator.-wrap0(WindowAnimator.java)
12-09 07:52:48.530 W/WindowAnimator( 1592): 	at com.android.server.wm.WindowAnimator$1.doFrame(WindowAnimator.java:123)
12-09 07:52:48.530 W/WindowAnimator( 1592): 	at android.view.Choreographer$CallbackRecord.run(Choreographer.java:856)
12-09 07:52:48.530 W/WindowAnimator( 1592): 	at android.view.Choreographer.doCallbacks(Choreographer.java:670)
12-09 07:52:48.530 W/WindowAnimator( 1592): 	at android.view.Choreographer.doFrame(Choreographer.java:603)
