--------- beginning of main
12-09 08:37:55.031 W/art     ( 1592): Long monitor contention event with owner method=void com.android.server.wm.WindowAnimator$1.doFrame(long) from WindowAnimator.java:121 waiters=0 for 173ms
--------- beginning of system
12-09 08:37:55.371 W/ActivityManager( 1592): Activity pause timeout for ActivityRecord{8ce58d0 u0 com.evancharlton.mileage.test/sh.calaba.instrumentationbackend.StatusReporterActivity t489 f}
12-09 08:37:55.670 W/art     ( 1592): Long monitor contention event with owner method=java.util.List com.android.server.am.ActivityManagerService.getAllStackInfos() from ActivityManagerService.java:8937 waiters=0 for 811ms
12-09 08:37:55.670 W/art     ( 1592): Long monitor contention event with owner method=java.util.List com.android.server.am.ActivityManagerService.getAllStackInfos() from ActivityManagerService.java:8937 waiters=1 for 299ms
12-09 08:37:55.847 W/art     ( 1592): Long monitor contention event with owner method=void com.android.server.wm.WindowAnimator$1.doFrame(long) from WindowAnimator.java:121 waiters=0 for 177ms
12-09 08:37:56.331 D/AndroidRuntime(19907): >>>>>> START com.android.internal.os.RuntimeInit uid 0 <<<<<<
12-09 08:37:56.379 D/AndroidRuntime(19907): CheckJNI is ON
12-09 08:37:56.436 D/ICU     (19907): No timezone override file found: /data/misc/zoneinfo/current/icu/icu_tzdata.dat
12-09 08:37:56.623 W/art     ( 1592): Long monitor contention event with owner method=void com.android.server.wm.WindowAnimator$1.doFrame(long) from WindowAnimator.java:121 waiters=0 for 223ms
12-09 08:37:56.853 E/memtrack(19907): Couldn't load memtrack module (No such file or directory)
12-09 08:37:56.853 E/android.os.Debug(19907): failed to load memtrack module: -2
12-09 08:37:56.896 I/Radio-JNI(19907): register_android_hardware_Radio DONE
12-09 08:37:56.914 D/AndroidRuntime(19907): Calling main entry com.android.commands.am.Am
12-09 08:37:57.768 W/art     ( 1592): Long monitor contention event with owner method=void com.android.server.wm.WindowAnimator$1.doFrame(long) from WindowAnimator.java:121 waiters=0 for 104ms
12-09 08:37:57.926 W/art     ( 1592): Long monitor contention event with owner method=void com.android.server.wm.WindowAnimator$1.doFrame(long) from WindowAnimator.java:121 waiters=0 for 158ms
12-09 08:37:58.111 W/art     ( 1592): Long monitor contention event with owner method=void com.android.server.am.ActivityStack$ActivityStackHandler.handleMessage(android.os.Message) from ActivityStack.java:283 waiters=0 for 2.441s
12-09 08:37:58.112 W/art     ( 1592): Long monitor contention event with owner method=void com.android.server.am.ActivityStack$ActivityStackHandler.handleMessage(android.os.Message) from ActivityStack.java:283 waiters=2 for 183ms
12-09 08:37:58.114 W/art     ( 1592): Long monitor contention event with owner method=void com.android.server.am.ActivityStack$ActivityStackHandler.handleMessage(android.os.Message) from ActivityStack.java:283 waiters=1 for 1.067s
12-09 08:37:58.114 I/ActivityManager( 1592): Force stopping com.evancharlton.mileage appid=10141 user=0: start instr
12-09 08:37:58.114 I/ActivityManager( 1592): Killing 19890:com.evancharlton.mileage/u0a141 (adj 0): stop com.evancharlton.mileage
12-09 08:37:58.269 W/ActivityManager( 1592): Crash of app com.evancharlton.mileage running instrumentation ComponentInfo{com.evancharlton.mileage.test/sh.calaba.instrumentationbackend.ClearAppData2}
12-09 08:37:58.269 I/ActivityManager( 1592): Force stopping com.evancharlton.mileage appid=10141 user=0: finished inst
12-09 08:37:58.385 I/ActivityManager( 1592): Start proc 19916:com.evancharlton.mileage/u0a141 for added application com.evancharlton.mileage
12-09 08:37:58.389 D/AndroidRuntime(19907): Shutting down VM
12-09 08:37:58.390 W/art     ( 1592): Long monitor contention event with owner method=boolean com.android.server.am.ActivityManagerService.startInstrumentation(android.content.ComponentName, java.lang.String, int, android.os.Bundle, android.app.IInstrumentationWatcher, android.app.IUiAutomationConnection, int, java.lang.String) from ActivityManagerService.java:17066 waiters=2 for 270ms
12-09 08:37:58.391 W/art     ( 1592): Long monitor contention event with owner method=boolean com.android.server.am.ActivityManagerService.startInstrumentation(android.content.ComponentName, java.lang.String, int, android.os.Bundle, android.app.IInstrumentationWatcher, android.app.IUiAutomationConnection, int, java.lang.String) from ActivityManagerService.java:17066 waiters=4 for 255ms
12-09 08:37:58.406 W/ActivityManager( 1592): Spurious death for ProcessRecord{20e9c7e 0:com.evancharlton.mileage/u0a141}, curProc for 19890: null
12-09 08:37:58.408 W/InputMethodManagerService( 1592): Window already focused, ignoring focus gain of: com.android.internal.view.IInputMethodClient$Stub$Proxy@b5b35df attribute=null, token = android.os.BinderProxy@b592db6
12-09 08:37:58.443 W/art     ( 1592): Long monitor contention event with owner method=boolean com.android.server.am.ActivityManagerService.startInstrumentation(android.content.ComponentName, java.lang.String, int, android.os.Bundle, android.app.IInstrumentationWatcher, android.app.IUiAutomationConnection, int, java.lang.String) from ActivityManagerService.java:17066 waiters=3 for 307ms
12-09 08:37:58.553 I/art     (19916): Background sticky concurrent mark sweep GC freed 10988(394KB) AllocSpace objects, 0(0B) LOS objects, 72% free, 359KB/1295KB, paused 33.337ms total 67.597ms
12-09 08:37:58.585 W/System  (19916): ClassLoader referenced unknown path: /data/app/com.evancharlton.mileage.test-1/lib/x86_64
12-09 08:37:58.585 W/System  (19916): ClassLoader referenced unknown path: /data/app/com.evancharlton.mileage-1/lib/x86_64
12-09 08:37:58.806 I/System.out(19916): Main activity name automatically set to: com.evancharlton.mileage.Mileage
12-09 08:37:58.807 I/System.out(19916): Calabash did not load Mono. This is only a problem if you are trying to test a Mono application
12-09 08:37:58.807 I/calabash(19916): Test server port: 7102
12-09 08:37:58.808 I/InstrumentationBackend(19916): Added:'GetPreferences', with key:'get_preferences'
12-09 08:37:58.850 I/InstrumentationBackend(19916): Added:'SetPreferences', with key:'set_preferences'
12-09 08:37:58.851 I/InstrumentationBackend(19916): Added:'ClearPreferences', with key:'clear_preferences'
12-09 08:37:58.851 I/InstrumentationBackend(19916): Added:'PressElement', with key:'press_l10n_element'
12-09 08:37:58.851 I/InstrumentationBackend(19916): Added:'WaitForElement', with key:'wait_for_l10n_element'
12-09 08:37:58.851 I/InstrumentationBackend(19916): Added:'NullAction', with key:'nullAction'
12-09 08:37:58.852 I/InstrumentationBackend(19916): Added:'PressKey', with key:'press_key'
12-09 08:37:58.852 I/InstrumentationBackend(19916): Added:'SetActivityOrientation', with key:'set_activity_orientation'
12-09 08:37:58.852 I/InstrumentationBackend(19916): Added:'GetActivityOrientation', with key:'get_activity_orientation'
12-09 08:37:58.852 I/InstrumentationBackend(19916): Added:'FakeGPSLocation', with key:'set_gps_coordinates'
12-09 08:37:58.852 I/InstrumentationBackend(19916): Added:'SetPropertyByCssSelector', with key:'set_property_by_css_selector'
12-09 08:37:58.852 I/InstrumentationBackend(19916): Added:'GetUrl', with key:'get_url'
12-09 08:37:58.882 I/InstrumentationBackend(19916): Added:'ScrollTo', with key:'scroll_to'
12-09 08:37:58.882 I/InstrumentationBackend(19916): Added:'GetLoadProgress', with key:'get_load_progress'
12-09 08:37:58.882 I/InstrumentationBackend(19916): Added:'DumpHtml', with key:'dump_html'
12-09 08:37:58.883 I/InstrumentationBackend(19916): Added:'DumpBodyHtml', with key:'dump_body_html'
12-09 08:37:58.883 I/InstrumentationBackend(19916): Added:'EnterTextByCssSelector', with key:'enter_text_by_selector'
12-09 08:37:58.884 I/InstrumentationBackend(19916): Added:'AndroidSDKVersion', with key:'android_sdk_version'
12-09 08:37:58.884 I/InstrumentationBackend(19916): Added:'Version', with key:'version'
12-09 08:37:58.884 I/InstrumentationBackend(19916): Added:'Drag', with key:'drag'
12-09 08:37:58.885 I/InstrumentationBackend(19916): Added:'TouchCoordinates', with key:'touch_coordinate'
12-09 08:37:58.885 I/InstrumentationBackend(19916): Added:'LongPressCoordinate', with key:'long_press_coordinate'
12-09 08:37:58.885 I/InstrumentationBackend(19916): Added:'DragCoordinates', with key:'drag_coordinates'
12-09 08:37:58.885 I/InstrumentationBackend(19916): Added:'ResumeApplication', with key:'resume_application'
12-09 08:37:58.885 I/InstrumentationBackend(19916): Added:'Swipe', with key:'swipe'
12-09 08:37:58.885 I/InstrumentationBackend(19916): Added:'DoubleTapCoordinate', with key:'double_tap_coordinate'
12-09 08:37:58.910 I/InstrumentationBackend(19916): Added:'ClickOnScreen', with key:'click_on_screen'
12-09 08:37:58.910 I/InstrumentationBackend(19916): Added:'GetActivityName', with key:'get_activity_name'
12-09 08:37:58.910 I/InstrumentationBackend(19916): Added:'ScrollToView', with key:'scroll_to_view'
12-09 08:37:58.911 I/InstrumentationBackend(19916): Added:'ViewConfiguration', with key:'view_configuration'
12-09 08:37:58.911 I/InstrumentationBackend(19916): Added:'IsCurrentActivityFocused', with key:'is_current_activity_focused'
12-09 08:37:58.911 I/InstrumentationBackend(19916): Added:'SendTcp', with key:'send_tcp'
12-09 08:37:58.911 I/InstrumentationBackend(19916): Added:'DpToDevicePixel', with key:'dp_to_device_pixel'
12-09 08:37:58.950 I/InstrumentationBackend(19916): Added:'KeyboardEnterText', with key:'keyboard_enter_text'
12-09 08:37:58.950 I/InstrumentationBackend(19916): Added:'DeleteSurroundingText', with key:'delete_surrounding_text'
12-09 08:37:58.950 I/InstrumentationBackend(19916): Added:'SetComposingRegion', with key:'set_composing_region'
12-09 08:37:58.951 I/InstrumentationBackend(19916): Added:'SetSelection', with key:'set_selection'
12-09 08:37:58.951 I/InstrumentationBackend(19916): Added:'KeyboardKeyEvent', with key:'keyboard_key_event'
12-09 08:37:58.951 I/InstrumentationBackend(19916): Added:'PressUserActionButton', with key:'press_user_action_button'
12-09 08:37:58.951 I/InstrumentationBackend(19916): Added:'HideSoftKeyboard', with key:'hide_soft_keyboard'
12-09 08:37:58.952 I/InstrumentationBackend(19916): Added:'ListActions', with key:'list_actions'
12-09 08:37:58.952 I/calabash(19916): Instantiating http server at 7102
12-09 08:37:58.952 I/System.out(19916): HTTP Daemon listening on: 7102
12-09 08:37:59.047 I/art     (19916): Background partial concurrent mark sweep GC freed 3837(379KB) AllocSpace objects, 0(0B) LOS objects, 50% free, 1023KB/2047KB, paused 19.369ms total 199.259ms
12-09 08:37:59.063 I/System.out(19916): URI: //ping
12-09 08:37:59.070 I/System.out(19916): params: {json={}
12-09 08:37:59.070 I/System.out(19916): }
12-09 08:37:59.102 I/System.out(19916): URI: //ping
12-09 08:37:59.102 I/System.out(19916): params: {json={}
12-09 08:37:59.103 I/System.out(19916): }
12-09 08:37:59.143 I/System.out(19916): URI: //ready
12-09 08:37:59.144 I/System.out(19916): params: {json={}
12-09 08:37:59.144 I/System.out(19916): }
12-09 08:37:59.219 I/System.out(19916): URI: //
12-09 08:37:59.219 I/System.out(19916): params: {json={"command":"version","arguments":[]}
12-09 08:37:59.219 I/System.out(19916): }
12-09 08:37:59.219 I/System.out(19916): header: {date=Sun, 09 Dec 2018 08:37:59 GMT, accept=*/*, content-length=36, host=127.0.0.1:34777, user-agent=HTTPClient/1.0 (2.8.3, ruby 2.3.1 (2016-04-26)), content-type=application/json;charset=utf-8}
12-09 08:37:59.219 I/System.out(19916): params: {json={"command":"version","arguments":[]}
12-09 08:37:59.219 I/System.out(19916): }
12-09 08:37:59.219 I/System.out(19916): ProP json = {"command":"version","arguments":[]}
12-09 08:37:59.219 I/System.out(19916): files: {}
12-09 08:37:59.219 I/System.out(19916): command: {"command":"version","arguments":[]}
12-09 08:37:59.228 I/InstrumentationBackend(19916): Got command:'Command:'Line:null,version', arguments:'[]'
12-09 08:37:59.291 I/System.out(19916): result:{"bonusInformation":[],"message":"0.9.8","success":true}
12-09 08:37:59.410 I/System.out(19916): URI: //start-application
12-09 08:37:59.410 I/System.out(19916): params: {json={"intent":null}
12-09 08:37:59.410 I/System.out(19916): }
12-09 08:37:59.452 I/ActivityManager( 1592): START u0 {act=android.intent.action.MAIN cat=[android.intent.category.LAUNCHER] flg=0x10200000 cmp=com.evancharlton.mileage/.Mileage} from uid 10141 on display 0
12-09 08:37:59.734 W/art     ( 1592): Long monitor contention event with owner method=int com.android.server.wm.WindowManagerService.relayoutWindow(com.android.server.wm.Session, android.view.IWindow, int, android.view.WindowManager$LayoutParams, int, int, int, int, android.graphics.Rect, android.graphics.Rect, android.graphics.Rect, android.graphics.Rect, android.graphics.Rect, android.graphics.Rect, android.content.res.Configuration, android.view.Surface) from WindowManagerService.java:3103 waiters=0 for 199ms
12-09 08:37:59.735 D/gralloc_ranchu( 1219): gralloc_alloc: Creating ashmem region of size 3686400
12-09 08:37:59.739 I/calabash(19916): newActivity1
12-09 08:37:59.853 I/calabash(19916): newActivity1
12-09 08:37:59.868 W/ActivityManager( 1592): Bad activity token: android.os.BinderProxy@7d62dad
12-09 08:37:59.868 W/ActivityManager( 1592): java.lang.ClassCastException: android.os.BinderProxy cannot be cast to com.android.server.am.ActivityRecord$Token
12-09 08:37:59.868 W/ActivityManager( 1592): 	at com.android.server.am.ActivityRecord.forTokenLocked(ActivityRecord.java:424)
12-09 08:37:59.868 W/ActivityManager( 1592): 	at com.android.server.am.ActivityRecord.isInStackLocked(ActivityRecord.java:1121)
12-09 08:37:59.868 W/ActivityManager( 1592): 	at com.android.server.am.ActivityRecord.getStackLocked(ActivityRecord.java:1126)
12-09 08:37:59.868 W/ActivityManager( 1592): 	at com.android.server.am.ActivityManagerService.getActivityDisplayId(ActivityManagerService.java:8889)
12-09 08:37:59.868 W/ActivityManager( 1592): 	at android.app.ActivityManagerNative.onTransact(ActivityManagerNative.java:2338)
12-09 08:37:59.868 W/ActivityManager( 1592): 	at com.android.server.am.ActivityManagerService.onTransact(ActivityManagerService.java:2443)
12-09 08:37:59.868 W/ActivityManager( 1592): 	at android.os.Binder.execTransact(Binder.java:453)
12-09 08:37:59.869 W/ActivityManager( 1592): Bad activity token: android.os.BinderProxy@7d62dad
12-09 08:37:59.869 W/ActivityManager( 1592): java.lang.ClassCastException: android.os.BinderProxy cannot be cast to com.android.server.am.ActivityRecord$Token
12-09 08:37:59.869 W/ActivityManager( 1592): 	at com.android.server.am.ActivityRecord.forTokenLocked(ActivityRecord.java:424)
12-09 08:37:59.869 W/ActivityManager( 1592): 	at com.android.server.am.ActivityRecord.isInStackLocked(ActivityRecord.java:1121)
12-09 08:37:59.869 W/ActivityManager( 1592): 	at com.android.server.am.ActivityManagerService.setTaskDescription(ActivityManagerService.java:8547)
12-09 08:37:59.869 W/ActivityManager( 1592): 	at android.app.ActivityManagerNative.onTransact(ActivityManagerNative.java:2410)
12-09 08:37:59.869 W/ActivityManager( 1592): 	at com.android.server.am.ActivityManagerService.onTransact(ActivityManagerService.java:2443)
12-09 08:37:59.869 W/ActivityManager( 1592): 	at android.os.Binder.execTransact(Binder.java:453)
12-09 08:38:00.117 V/PhoneStatusBar( 1686): setLightsOn(true)
12-09 08:38:00.278 D/EGL_emulation( 1917): eglMakeCurrent: 0x7fdaa6961d20: ver 2 0 (tinfo 0x7fdaa69428e0)
12-09 08:38:00.279 E/Surface ( 1917): getSlotFromBufferLocked: unknown buffer: 0x7fdaa30d4cc0
12-09 08:38:00.283 D/FillupsProvider(19916): Creating database
12-09 08:38:00.443 I/art     (19916): Background sticky concurrent mark sweep GC freed 5419(192KB) AllocSpace objects, 0(0B) LOS objects, 14% free, 1749KB/2047KB, paused 7.615ms total 119.699ms
12-09 08:38:00.558 W/ActivityManager( 1592): Bad activity token: android.os.BinderProxy@7d62dad
12-09 08:38:00.558 W/ActivityManager( 1592): java.lang.ClassCastException: android.os.BinderProxy cannot be cast to com.android.server.am.ActivityRecord$Token
12-09 08:38:00.558 W/ActivityManager( 1592): 	at com.android.server.am.ActivityRecord.forTokenLocked(ActivityRecord.java:424)
12-09 08:38:00.558 W/ActivityManager( 1592): 	at com.android.server.am.ActivityRecord.isInStackLocked(ActivityRecord.java:1121)
12-09 08:38:00.558 W/ActivityManager( 1592): 	at com.android.server.am.ActivityManagerService.getActivityOptions(ActivityManagerService.java:11038)
12-09 08:38:00.558 W/ActivityManager( 1592): 	at android.app.ActivityManagerNative.onTransact(ActivityManagerNative.java:1734)
12-09 08:38:00.558 W/ActivityManager( 1592): 	at com.android.server.am.ActivityManagerService.onTransact(ActivityManagerService.java:2443)
12-09 08:38:00.558 W/ActivityManager( 1592): 	at android.os.Binder.execTransact(Binder.java:453)
12-09 08:38:00.559 W/ActivityManager( 1592): Bad activity token: android.os.BinderProxy@7d62dad
12-09 08:38:00.559 W/ActivityManager( 1592): java.lang.ClassCastException: android.os.BinderProxy cannot be cast to com.android.server.am.ActivityRecord$Token
12-09 08:38:00.559 W/ActivityManager( 1592): 	at com.android.server.am.ActivityRecord.forTokenLocked(ActivityRecord.java:424)
12-09 08:38:00.559 W/ActivityManager( 1592): 	at com.android.server.am.ActivityRecord.isInStackLocked(ActivityRecord.java:1121)
12-09 08:38:00.559 W/ActivityManager( 1592): 	at com.android.server.am.ActivityManagerService.getActivityOptions(ActivityManagerService.java:11038)
12-09 08:38:00.559 W/ActivityManager( 1592): 	at android.app.ActivityManagerNative.onTransact(ActivityManagerNative.java:1734)
12-09 08:38:00.559 W/ActivityManager( 1592): 	at com.android.server.am.ActivityManagerService.onTransact(ActivityManagerService.java:2443)
12-09 08:38:00.559 W/ActivityManager( 1592): 	at android.os.Binder.execTransact(Binder.java:453)
12-09 08:38:00.626 W/art     (19916): Suspending all threads took: 31.170ms
12-09 08:38:00.733 I/art     (19916): Background partial concurrent mark sweep GC freed 3279(330KB) AllocSpace objects, 2(40KB) LOS objects, 39% free, 1853KB/3MB, paused 32.335ms total 171.768ms
12-09 08:38:01.408 D/gralloc_ranchu( 1219): gralloc_alloc: Creating ashmem region of size 3686400
12-09 08:38:01.566 D/        (19916): HostConnection::get() New Host Connection established 0x7fdaa68dd800, tid 19916
12-09 08:38:01.678 I/ActivityManager( 1592): Displayed com.evancharlton.mileage/.Mileage: +2s155ms
12-09 08:38:01.830 D/gralloc_ranchu( 1219): gralloc_alloc: Creating ashmem region of size 3686400
12-09 08:38:02.311 I/System.out(19916): URI: //gesture
12-09 08:38:02.311 I/System.out(19916): params: {json={"query_timeout":5.0,"gestures":[{"query_string":"android.widget.TabWidget descendant TextView index:3","touches":[{"x":50,"y":50,"offset_x":0,"offset_y":0,"wait":0.0,"time":0.2,"release":true,"query_string":null}]}]}
12-09 08:38:02.311 I/System.out(19916): }
12-09 08:38:02.424 I/art     (19916): Background sticky concurrent mark sweep GC freed 24845(1130KB) AllocSpace objects, 2(40KB) LOS objects, 30% free, 2MB/3MB, paused 1.362ms total 110.685ms
12-09 08:38:02.657 D/gralloc_ranchu( 1219): gralloc_alloc: Creating ashmem region of size 3686400
12-09 08:38:03.189 I/calabash(19916): newActivity1
12-09 08:38:03.202 W/ActivityManager( 1592): Bad activity token: android.os.BinderProxy@3b2f2e1
12-09 08:38:03.202 W/ActivityManager( 1592): java.lang.ClassCastException: android.os.BinderProxy cannot be cast to com.android.server.am.ActivityRecord$Token
12-09 08:38:03.202 W/ActivityManager( 1592): 	at com.android.server.am.ActivityRecord.forTokenLocked(ActivityRecord.java:424)
12-09 08:38:03.202 W/ActivityManager( 1592): 	at com.android.server.am.ActivityRecord.isInStackLocked(ActivityRecord.java:1121)
12-09 08:38:03.202 W/ActivityManager( 1592): 	at com.android.server.am.ActivityRecord.getStackLocked(ActivityRecord.java:1126)
12-09 08:38:03.202 W/ActivityManager( 1592): 	at com.android.server.am.ActivityManagerService.getActivityDisplayId(ActivityManagerService.java:8889)
12-09 08:38:03.202 W/ActivityManager( 1592): 	at android.app.ActivityManagerNative.onTransact(ActivityManagerNative.java:2338)
12-09 08:38:03.202 W/ActivityManager( 1592): 	at com.android.server.am.ActivityManagerService.onTransact(ActivityManagerService.java:2443)
12-09 08:38:03.202 W/ActivityManager( 1592): 	at android.os.Binder.execTransact(Binder.java:453)
12-09 08:38:03.208 W/ActivityManager( 1592): Bad activity token: android.os.BinderProxy@3b2f2e1
12-09 08:38:03.208 W/ActivityManager( 1592): java.lang.ClassCastException: android.os.BinderProxy cannot be cast to com.android.server.am.ActivityRecord$Token
12-09 08:38:03.208 W/ActivityManager( 1592): 	at com.android.server.am.ActivityRecord.forTokenLocked(ActivityRecord.java:424)
12-09 08:38:03.208 W/ActivityManager( 1592): 	at com.android.server.am.ActivityRecord.isInStackLocked(ActivityRecord.java:1121)
12-09 08:38:03.208 W/ActivityManager( 1592): 	at com.android.server.am.ActivityManagerService.setTaskDescription(ActivityManagerService.java:8547)
12-09 08:38:03.208 W/ActivityManager( 1592): 	at android.app.ActivityManagerNative.onTransact(ActivityManagerNative.java:2410)
12-09 08:38:03.208 W/ActivityManager( 1592): 	at com.android.server.am.ActivityManagerService.onTransact(ActivityManagerService.java:2443)
12-09 08:38:03.208 W/ActivityManager( 1592): 	at android.os.Binder.execTransact(Binder.java:453)
12-09 08:38:03.228 I/System.out(19916): URI: //map
12-09 08:38:03.228 I/System.out(19916): params: {json={"query":"android.widget.ListView index:0 android.widget.TextView index:0","operation":{"method_name":"query","arguments":[]}}
12-09 08:38:03.228 I/System.out(19916): }
12-09 08:38:03.233 W/audio_hw_generic( 1309): Hardware backing HAL too slow, could only write 0 of 661 frames
12-09 08:38:03.233 I/art     (19916): Background sticky concurrent mark sweep GC freed 34776(1636KB) AllocSpace objects, 1(20KB) LOS objects, 3% free, 2MB/3MB, paused 1.061ms total 108.630ms
12-09 08:38:03.285 W/ActivityManager( 1592): Bad activity token: android.os.BinderProxy@3b2f2e1
12-09 08:38:03.285 W/ActivityManager( 1592): java.lang.ClassCastException: android.os.BinderProxy cannot be cast to com.android.server.am.ActivityRecord$Token
12-09 08:38:03.285 W/ActivityManager( 1592): 	at com.android.server.am.ActivityRecord.forTokenLocked(ActivityRecord.java:424)
12-09 08:38:03.285 W/ActivityManager( 1592): 	at com.android.server.am.ActivityRecord.isInStackLocked(ActivityRecord.java:1121)
12-09 08:38:03.285 W/ActivityManager( 1592): 	at com.android.server.am.ActivityManagerService.getActivityOptions(ActivityManagerService.java:11038)
12-09 08:38:03.285 W/ActivityManager( 1592): 	at android.app.ActivityManagerNative.onTransact(ActivityManagerNative.java:1734)
12-09 08:38:03.285 W/ActivityManager( 1592): 	at com.android.server.am.ActivityManagerService.onTransact(ActivityManagerService.java:2443)
12-09 08:38:03.285 W/ActivityManager( 1592): 	at android.os.Binder.execTransact(Binder.java:453)
12-09 08:38:03.285 W/ActivityManager( 1592): Bad activity token: android.os.BinderProxy@3b2f2e1
12-09 08:38:03.285 W/ActivityManager( 1592): java.lang.ClassCastException: android.os.BinderProxy cannot be cast to com.android.server.am.ActivityRecord$Token
12-09 08:38:03.285 W/ActivityManager( 1592): 	at com.android.server.am.ActivityRecord.forTokenLocked(ActivityRecord.java:424)
12-09 08:38:03.285 W/ActivityManager( 1592): 	at com.android.server.am.ActivityRecord.isInStackLocked(ActivityRecord.java:1121)
12-09 08:38:03.285 W/ActivityManager( 1592): 	at com.android.server.am.ActivityManagerService.getActivityOptions(ActivityManagerService.java:11038)
12-09 08:38:03.285 W/ActivityManager( 1592): 	at android.app.ActivityManagerNative.onTransact(ActivityManagerNative.java:1734)
12-09 08:38:03.285 W/ActivityManager( 1592): 	at com.android.server.am.ActivityManagerService.onTransact(ActivityManagerService.java:2443)
12-09 08:38:03.285 W/ActivityManager( 1592): 	at android.os.Binder.execTransact(Binder.java:453)
12-09 08:38:03.654 W/audio_hw_generic( 1309): Not supplying enough data to HAL, expected position 46063855 , only wrote 46063768
12-09 08:38:03.654 W/audio_hw_generic( 1309): Hardware backing HAL too slow, could only write 0 of 661 frames
12-09 08:38:03.654 W/audio_hw_generic( 1309): Hardware backing HAL too slow, could only write 0 of 661 frames
12-09 08:38:03.670 W/audio_hw_generic( 1309): Hardware backing HAL too slow, could only write 0 of 661 frames
12-09 08:38:03.698 W/audio_hw_generic( 1309): Hardware backing HAL too slow, could only write 0 of 661 frames
12-09 08:38:03.708 W/audio_hw_generic( 1309): Hardware backing HAL too slow, could only write 0 of 661 frames
12-09 08:38:03.718 W/audio_hw_generic( 1309): Hardware backing HAL too slow, could only write 0 of 661 frames
12-09 08:38:03.734 W/audio_hw_generic( 1309): Hardware backing HAL too slow, could only write 0 of 661 frames
12-09 08:38:03.749 W/audio_hw_generic( 1309): Hardware backing HAL too slow, could only write 0 of 661 frames
12-09 08:38:03.766 W/audio_hw_generic( 1309): Hardware backing HAL too slow, could only write 0 of 661 frames
12-09 08:38:03.782 W/audio_hw_generic( 1309): Hardware backing HAL too slow, could only write 0 of 661 frames
12-09 08:38:03.806 W/audio_hw_generic( 1309): Hardware backing HAL too slow, could only write 0 of 661 frames
12-09 08:38:03.806 W/audio_hw_generic( 1309): Hardware backing HAL too slow, could only write 0 of 661 frames
12-09 08:38:03.829 W/audio_hw_generic( 1309): Hardware backing HAL too slow, could only write 0 of 661 frames
12-09 08:38:03.858 W/audio_hw_generic( 1309): Hardware backing HAL too slow, could only write 0 of 661 frames
12-09 08:38:03.866 W/audio_hw_generic( 1309): Hardware backing HAL too slow, could only write 0 of 661 frames
12-09 08:38:03.881 W/audio_hw_generic( 1309): Hardware backing HAL too slow, could only write 0 of 661 frames
12-09 08:38:03.890 W/audio_hw_generic( 1309): Hardware backing HAL too slow, could only write 0 of 661 frames
12-09 08:38:03.913 W/audio_hw_generic( 1309): Hardware backing HAL too slow, could only write 0 of 661 frames
12-09 08:38:03.935 W/audio_hw_generic( 1309): Hardware backing HAL too slow, could only write 0 of 661 frames
12-09 08:38:03.990 W/audio_hw_generic( 1309): Not supplying enough data to HAL, expected position 46078584 , only wrote 46077649
12-09 08:38:03.990 W/audio_hw_generic( 1309): Not supplying enough data to HAL, expected position 46077656 , only wrote 46077649
12-09 08:38:04.007 W/audio_hw_generic( 1309): Not supplying enough data to HAL, expected position 46078384 , only wrote 46078310
12-09 08:38:04.046 W/audio_hw_generic( 1309): Not supplying enough data to HAL, expected position 46080046 , only wrote 46079632
12-09 08:38:04.142 W/audio_hw_generic( 1309): Not supplying enough data to HAL, expected position 46083853 , only wrote 46080954
12-09 08:38:04.154 W/art     (19916): Suspending all threads took: 106.479ms
12-09 08:38:04.172 I/art     (19916): Background sticky concurrent mark sweep GC freed 32845(1426KB) AllocSpace objects, 0(0B) LOS objects, 17% free, 2MB/3MB, paused 107.666ms total 180.465ms
12-09 08:38:04.201 I/System.out(19916): URI: //gesture
12-09 08:38:04.202 I/System.out(19916): params: {json={"query_timeout":5.0,"gestures":[{"query_string":"android.widget.ListView index:0 android.widget.TextView index:0","touches":[{"x":50,"y":50,"offset_x":0,"offset_y":0,"wait":0.0,"time":0.2,"release":true,"query_string":null}]}]}
12-09 08:38:04.202 I/System.out(19916): }
12-09 08:38:04.218 W/audio_hw_generic( 1309): Hardware backing HAL too slow, could only write 0 of 661 frames
12-09 08:38:04.313 W/audio_hw_generic( 1309): Not supplying enough data to HAL, expected position 46088492 , only wrote 46086242
12-09 08:38:04.326 W/audio_hw_generic( 1309): Not supplying enough data to HAL, expected position 46086826 , only wrote 46086242
12-09 08:38:04.346 W/audio_hw_generic( 1309): Not supplying enough data to HAL, expected position 46087121 , only wrote 46086903
12-09 08:38:04.390 W/audio_hw_generic( 1309): Hardware backing HAL too slow, could only write 0 of 661 frames
12-09 08:38:04.423 W/audio_hw_generic( 1309): Hardware backing HAL too slow, could only write 0 of 661 frames
12-09 08:38:04.642 W/audio_hw_generic( 1309): Hardware backing HAL too slow, could only write 0 of 661 frames
12-09 08:38:04.724 W/audio_hw_generic( 1309): Not supplying enough data to HAL, expected position 46103594 , only wrote 46102106
12-09 08:38:04.796 I/art     (19916): Background sticky concurrent mark sweep GC freed 27934(1144KB) AllocSpace objects, 0(0B) LOS objects, 0% free, 3MB/3MB, paused 1.214ms total 164.149ms
12-09 08:38:04.890 W/audio_hw_generic( 1309): Not supplying enough data to HAL, expected position 46109408 , only wrote 46108716
12-09 08:38:04.890 W/audio_hw_generic( 1309): Not supplying enough data to HAL, expected position 46108722 , only wrote 46108716
12-09 08:38:04.924 W/audio_hw_generic( 1309): Not supplying enough data to HAL, expected position 46110227 , only wrote 46109377
12-09 08:38:04.988 I/ActivityManager( 1592): START u0 {cmp=com.evancharlton.mileage/.VehicleActivity (has extras)} from uid 10141 on display 0
12-09 08:38:05.114 W/audio_hw_generic( 1309): Not supplying enough data to HAL, expected position 46117729 , only wrote 46115326
12-09 08:38:05.150 D/AudioFlinger( 1309): mixer(0xf4300000) throttle end: throttle time(11)
12-09 08:38:05.231 W/audio_hw_generic( 1309): Not supplying enough data to HAL, expected position 46120516 , only wrote 46116648
12-09 08:38:05.322 W/audio_hw_generic( 1309): Not supplying enough data to HAL, expected position 46120632 , only wrote 46120614
12-09 08:38:05.335 E/SurfaceFlinger( 1219): ro.sf.lcd_density must be defined as a build property
12-09 08:38:05.388 W/audio_hw_generic( 1309): Not supplying enough data to HAL, expected position 46123532 , only wrote 46123258
12-09 08:38:05.388 W/audio_hw_generic( 1309): Not supplying enough data to HAL, expected position 46123265 , only wrote 46123258
12-09 08:38:05.406 W/audio_hw_generic( 1309): Not supplying enough data to HAL, expected position 46124040 , only wrote 46123919
12-09 08:38:05.487 W/audio_hw_generic( 1309): Not supplying enough data to HAL, expected position 46127500 , only wrote 46126563
12-09 08:38:05.487 W/audio_hw_generic( 1309): Not supplying enough data to HAL, expected position 46126569 , only wrote 46126563
12-09 08:38:05.488 D/gralloc_ranchu( 1219): gralloc_alloc: Creating ashmem region of size 3686400
12-09 08:38:05.519 D/        (19945): HostConnection::get() New Host Connection established 0x7f932d952480, tid 19945
12-09 08:38:05.542 W/audio_hw_generic( 1309): Not supplying enough data to HAL, expected position 46128983 , only wrote 46127224
12-09 08:38:05.573 W/audio_hw_generic( 1309): Not supplying enough data to HAL, expected position 46128573 , only wrote 46128546
12-09 08:38:05.614 E/EGL_emulation( 1219): tid 1219: eglCreateSyncKHR(1881): error 0x3004 (EGL_BAD_ATTRIBUTE)
12-09 08:38:05.632 I/calabash(19916): newActivity1
12-09 08:38:05.731 W/audio_hw_generic( 1309): Hardware backing HAL too slow, could only write 0 of 661 frames
12-09 08:38:05.743 W/audio_hw_generic( 1309): Hardware backing HAL too slow, could only write 0 of 661 frames
12-09 08:38:05.762 W/audio_hw_generic( 1309): Hardware backing HAL too slow, could only write 0 of 661 frames
12-09 08:38:05.847 W/audio_hw_generic( 1309): Not supplying enough data to HAL, expected position 46140659 , only wrote 46140444
12-09 08:38:05.847 W/audio_hw_generic( 1309): Not supplying enough data to HAL, expected position 46140450 , only wrote 46140444
12-09 08:38:05.866 W/audio_hw_generic( 1309): Not supplying enough data to HAL, expected position 46141244 , only wrote 46141105
12-09 08:38:05.890 I/LatinIME:LogUtils( 1847): Dictionary info: dictionary = spellcheck_contacts.en_US ; version = 1544344685 ; date = ?
12-09 08:38:05.899 I/AccountManagerService( 1592): getTypesVisibleToCaller: isPermitted? true
12-09 08:38:05.920 V/PhoneStatusBar( 1686): setLightsOn(true)
12-09 08:38:06.019 I/LatinIME:LogUtils( 1847): Dictionary info: dictionary = spellcheck_userunigram.en_US ; version = 1544344685 ; date = ?
12-09 08:38:06.039 W/audio_hw_generic( 1309): Hardware backing HAL too slow, could only write 0 of 661 frames
12-09 08:38:06.098 W/audio_hw_generic( 1309): Not supplying enough data to HAL, expected position 46151343 , only wrote 46151020
12-09 08:38:06.098 W/audio_hw_generic( 1309): Not supplying enough data to HAL, expected position 46151027 , only wrote 46151020
12-09 08:38:06.111 I/LatinIME:LogUtils( 1847): Dictionary info: dictionary = main:en ; version = 54 ; date = 1414726273
12-09 08:38:06.113 W/audio_hw_generic( 1309): Hardware backing HAL too slow, could only write 0 of 661 frames
12-09 08:38:06.144 W/audio_hw_generic( 1309): Hardware backing HAL too slow, could only write 0 of 661 frames
12-09 08:38:06.276 W/audio_hw_generic( 1309): Hardware backing HAL too slow, could only write 0 of 661 frames
12-09 08:38:06.423 I/Choreographer(19916): Skipped 33 frames!  The application may be doing too much work on its main thread.
12-09 08:38:06.424 D/gralloc_ranchu( 1219): gralloc_alloc: Creating ashmem region of size 3686400
12-09 08:38:06.482 W/audio_hw_generic( 1309): Not supplying enough data to HAL, expected position 46167957 , only wrote 46167545
12-09 08:38:06.482 W/audio_hw_generic( 1309): Not supplying enough data to HAL, expected position 46167551 , only wrote 46167545
12-09 08:38:06.538 W/audio_hw_generic( 1309): Not supplying enough data to HAL, expected position 46169998 , only wrote 46168206
