12-09 07:38:14.680 W/ActivityManager( 1592): 	at android.app.ActivityManagerNative.onTransact(ActivityManagerNative.java:2338)
12-09 07:38:14.680 W/ActivityManager( 1592): 	at com.android.server.am.ActivityManagerService.onTransact(ActivityManagerService.java:2443)
12-09 07:38:14.680 W/ActivityManager( 1592): 	at android.os.Binder.execTransact(Binder.java:453)
12-09 07:38:14.681 W/ActivityManager( 1592): Bad activity token: android.os.BinderProxy@576f5a4
12-09 07:38:14.681 W/ActivityManager( 1592): java.lang.ClassCastException: android.os.BinderProxy cannot be cast to com.android.server.am.ActivityRecord$Token
12-09 07:38:14.681 W/ActivityManager( 1592): 	at com.android.server.am.ActivityRecord.forTokenLocked(ActivityRecord.java:424)
12-09 07:38:14.681 W/ActivityManager( 1592): 	at com.android.server.am.ActivityRecord.isInStackLocked(ActivityRecord.java:1121)
12-09 07:38:14.681 W/ActivityManager( 1592): 	at com.android.server.am.ActivityManagerService.setTaskDescription(ActivityManagerService.java:8547)
12-09 07:38:14.681 W/ActivityManager( 1592): 	at android.app.ActivityManagerNative.onTransact(ActivityManagerNative.java:2410)
12-09 07:38:14.681 W/ActivityManager( 1592): 	at com.android.server.am.ActivityManagerService.onTransact(ActivityManagerService.java:2443)
12-09 07:38:14.681 W/ActivityManager( 1592): 	at android.os.Binder.execTransact(Binder.java:453)
12-09 07:38:14.757 W/audio_hw_generic( 1309): Hardware backing HAL too slow, could only write 0 of 661 frames
12-09 07:38:14.781 W/audio_hw_generic( 1309): Hardware backing HAL too slow, could only write 0 of 661 frames
12-09 07:38:14.785 W/audio_hw_generic( 1309): Hardware backing HAL too slow, could only write 0 of 661 frames
12-09 07:38:14.788 D/VehicleStatisticsActivity( 3912): Checking recalculation ...
12-09 07:38:14.789 D/VehicleStatisticsActivity( 3912): Recalculating statistics
12-09 07:38:14.789 D/VehicleStatisticsTask( 3912): Calculation starting...
12-09 07:38:14.789 D/VehicleStatisticsActivity( 3912): Recalculation started!
12-09 07:38:14.813 W/ActivityManager( 1592): Bad activity token: android.os.BinderProxy@576f5a4
12-09 07:38:14.813 W/ActivityManager( 1592): java.lang.ClassCastException: android.os.BinderProxy cannot be cast to com.android.server.am.ActivityRecord$Token
12-09 07:38:14.813 W/ActivityManager( 1592): 	at com.android.server.am.ActivityRecord.forTokenLocked(ActivityRecord.java:424)
12-09 07:38:14.813 W/ActivityManager( 1592): 	at com.android.server.am.ActivityRecord.isInStackLocked(ActivityRecord.java:1121)
12-09 07:38:14.813 W/ActivityManager( 1592): 	at com.android.server.am.ActivityManagerService.getActivityOptions(ActivityManagerService.java:11038)
12-09 07:38:14.813 W/ActivityManager( 1592): 	at android.app.ActivityManagerNative.onTransact(ActivityManagerNative.java:1734)
12-09 07:38:14.813 W/ActivityManager( 1592): 	at com.android.server.am.ActivityManagerService.onTransact(ActivityManagerService.java:2443)
12-09 07:38:14.813 W/ActivityManager( 1592): 	at android.os.Binder.execTransact(Binder.java:453)
12-09 07:38:14.818 W/ActivityManager( 1592): Bad activity token: android.os.BinderProxy@576f5a4
12-09 07:38:14.818 W/ActivityManager( 1592): java.lang.ClassCastException: android.os.BinderProxy cannot be cast to com.android.server.am.ActivityRecord$Token
12-09 07:38:14.818 W/ActivityManager( 1592): 	at com.android.server.am.ActivityRecord.forTokenLocked(ActivityRecord.java:424)
12-09 07:38:14.818 W/ActivityManager( 1592): 	at com.android.server.am.ActivityRecord.isInStackLocked(ActivityRecord.java:1121)
12-09 07:38:14.818 W/ActivityManager( 1592): 	at com.android.server.am.ActivityManagerService.getActivityOptions(ActivityManagerService.java:11038)
12-09 07:38:14.818 W/ActivityManager( 1592): 	at android.app.ActivityManagerNative.onTransact(ActivityManagerNative.java:1734)
12-09 07:38:14.818 W/ActivityManager( 1592): 	at com.android.server.am.ActivityManagerService.onTransact(ActivityManagerService.java:2443)
12-09 07:38:14.818 W/ActivityManager( 1592): 	at android.os.Binder.execTransact(Binder.java:453)
12-09 07:38:14.838 I/art     ( 3912): Background sticky concurrent mark sweep GC freed 40154(1853KB) AllocSpace objects, 2(40KB) LOS objects, 14% free, 4MB/4MB, paused 1.225ms total 148.258ms
12-09 07:38:14.959 D/CalculateTask( 3912): Recalculating...
12-09 07:38:14.975 D/VehicleStatisticsActivity( 3912): Checking recalculation ...
12-09 07:38:14.990 D/VehicleStatisticsActivity( 3912): Recalculating statistics
12-09 07:38:14.990 D/VehicleStatisticsTask( 3912): Calculation starting...
12-09 07:38:14.990 D/VehicleStatisticsActivity( 3912): Recalculation started!
12-09 07:38:14.999 W/audio_hw_generic( 1309): Hardware backing HAL too slow, could only write 0 of 661 frames
12-09 07:38:15.121 D/CalculateTask( 3912): Recalculating...
12-09 07:38:15.305 E/SurfaceFlinger( 1224): ro.sf.lcd_density must be defined as a build property
12-09 07:38:15.331 D/Mileage.ABS( 3912): Finished backup
12-09 07:38:15.341 D/VehicleStatisticsTask( 3912): Done recalculating!
12-09 07:38:15.343 D/Mileage.ABS( 3912): Not backing up; 40
12-09 07:38:15.374 D/gralloc_ranchu( 1224): gralloc_alloc: Creating ashmem region of size 3686400
12-09 07:38:15.375 D/VehicleStatisticsAdapter( 3912): Erasing the cache ...
12-09 07:38:15.379 D/VehicleStatisticsAdapter( 3912): Building new values ...
12-09 07:38:15.379 D/VehicleStatisticsAdapter( 3912): Writing 29 records to the database ...
12-09 07:38:15.384 D/VehicleStatisticsTask( 3912): Done recalculating!
12-09 07:38:15.460 D/        ( 4034): HostConnection::get() New Host Connection established 0x7f738a612480, tid 4034
12-09 07:38:15.500 D/VehicleStatisticsAdapter( 3912): Erasing the cache ...
12-09 07:38:15.519 E/EGL_emulation( 1224): tid 1224: eglCreateSyncKHR(1881): error 0x3004 (EGL_BAD_ATTRIBUTE)
12-09 07:38:15.581 D/Mileage.ABS( 3912): Not backing up; 277
12-09 07:38:15.581 D/Mileage.ABS( 3912): Not backing up; 278
12-09 07:38:15.582 D/Mileage.ABS( 3912): Not backing up; 279
12-09 07:38:15.583 D/Mileage.ABS( 3912): Not backing up; 280
12-09 07:38:15.616 D/Mileage.ABS( 3912): Not backing up; 313
12-09 07:38:15.616 D/Mileage.ABS( 3912): Not backing up; 313
12-09 07:38:15.636 D/VehicleStatisticsAdapter( 3912): Building new values ...
12-09 07:38:15.636 D/VehicleStatisticsAdapter( 3912): Writing 29 records to the database ...
12-09 07:38:15.787 D/Mileage.ABS( 3912): Not backing up; 484
12-09 07:38:15.787 D/Mileage.ABS( 3912): Not backing up; 484
12-09 07:38:15.788 D/Mileage.ABS( 3912): Not backing up; 485
12-09 07:38:15.912 D/Mileage.ABS( 3912): Not backing up; 609
12-09 07:38:15.916 D/Mileage.ABS( 3912): Not backing up; 613
12-09 07:38:15.959 D/Mileage.ABS( 3912): Not backing up; 656
12-09 07:38:15.998 W/audio_hw_generic( 1309): Not supplying enough data to HAL, expected position 2550817 , only wrote 2550799
12-09 07:38:15.998 W/audio_hw_generic( 1309): Hardware backing HAL too slow, could only write 0 of 661 frames
12-09 07:38:16.019 W/audio_hw_generic( 1309): Hardware backing HAL too slow, could only write 0 of 661 frames
12-09 07:38:16.057 W/audio_hw_generic( 1309): Hardware backing HAL too slow, could only write 0 of 661 frames
12-09 07:38:16.058 W/audio_hw_generic( 1309): Hardware backing HAL too slow, could only write 0 of 661 frames
12-09 07:38:16.093 W/audio_hw_generic( 1309): Not supplying enough data to HAL, expected position 2555002 , only wrote 2554104
12-09 07:38:16.093 W/audio_hw_generic( 1309): Hardware backing HAL too slow, could only write 0 of 661 frames
12-09 07:38:16.094 W/audio_hw_generic( 1309): Hardware backing HAL too slow, could only write 0 of 661 frames
12-09 07:38:16.109 W/audio_hw_generic( 1309): Hardware backing HAL too slow, could only write 0 of 661 frames
12-09 07:38:16.125 W/audio_hw_generic( 1309): Hardware backing HAL too slow, could only write 0 of 661 frames
12-09 07:38:16.145 W/audio_hw_generic( 1309): Hardware backing HAL too slow, could only write 0 of 661 frames
12-09 07:38:16.175 W/audio_hw_generic( 1309): Hardware backing HAL too slow, could only write 0 of 661 frames
12-09 07:38:16.186 W/audio_hw_generic( 1309): Hardware backing HAL too slow, could only write 0 of 661 frames
12-09 07:38:16.199 W/audio_hw_generic( 1309): Hardware backing HAL too slow, could only write 0 of 661 frames
12-09 07:38:16.217 W/audio_hw_generic( 1309): Hardware backing HAL too slow, could only write 0 of 661 frames
12-09 07:38:16.230 W/audio_hw_generic( 1309): Hardware backing HAL too slow, could only write 0 of 661 frames
12-09 07:38:16.262 W/audio_hw_generic( 1309): Hardware backing HAL too slow, could only write 0 of 661 frames
12-09 07:38:16.303 I/System.out( 3912): URI: //map
12-09 07:38:16.303 I/System.out( 3912): params: {json={"query":"* {text CONTAINS[c] 'Average fuel economy'}","operation":{"method_name":"query","arguments":[]}}
12-09 07:38:16.303 I/System.out( 3912): }
12-09 07:38:16.508 D/Mileage.ABS( 3912): Finished backup
12-09 07:38:16.508 D/Mileage.ABS( 3912): Not backing up; 45
12-09 07:38:16.553 D/Mileage.ABS( 3912): Not backing up; 90
12-09 07:38:16.554 D/Mileage.ABS( 3912): Not backing up; 91
12-09 07:38:16.554 D/Mileage.ABS( 3912): Not backing up; 91
12-09 07:38:16.555 D/Mileage.ABS( 3912): Not backing up; 92
12-09 07:38:16.556 D/Mileage.ABS( 3912): Not backing up; 93
12-09 07:38:16.717 W/audio_hw_generic( 1309): Not supplying enough data to HAL, expected position 2581586 , only wrote 2581205
12-09 07:38:16.717 W/audio_hw_generic( 1309): Not supplying enough data to HAL, expected position 2581211 , only wrote 2581205
12-09 07:38:16.722 D/Mileage.ABS( 3912): Not backing up; 259
12-09 07:38:16.726 D/Mileage.ABS( 3912): Not backing up; 263
12-09 07:38:16.733 W/audio_hw_generic( 1309): Not supplying enough data to HAL, expected position 2581935 , only wrote 2581866
12-09 07:38:16.750 W/audio_hw_generic( 1309): Hardware backing HAL too slow, could only write 0 of 661 frames
12-09 07:38:16.765 W/audio_hw_generic( 1309): Hardware backing HAL too slow, could only write 0 of 661 frames
12-09 07:38:16.827 D/Mileage.ABS( 3912): Not backing up; 364
12-09 07:38:16.828 D/Mileage.ABS( 3912): Not backing up; 365
12-09 07:38:16.828 D/Mileage.ABS( 3912): Not backing up; 365
12-09 07:38:16.829 D/Mileage.ABS( 3912): Not backing up; 366
12-09 07:38:16.942 D/Mileage.ABS( 3912): Not backing up; 479
12-09 07:38:16.942 D/Mileage.ABS( 3912): Not backing up; 479
12-09 07:38:16.942 D/Mileage.ABS( 3912): Not backing up; 479
12-09 07:38:16.945 I/art     ( 3912): Background sticky concurrent mark sweep GC freed 47264(2MB) AllocSpace objects, 1(20KB) LOS objects, 32% free, 3MB/5MB, paused 1.097ms total 163.845ms
12-09 07:38:17.069 I/System.out( 3912): URI: //gesture
12-09 07:38:17.071 I/System.out( 3912): params: {json={"query_timeout":5.0,"gestures":[{"query_string":"* {text CONTAINS[c] 'Average fuel economy'}","touches":[{"x":50,"y":50,"offset_x":0,"offset_y":0,"wait":0.0,"time":0.2,"release":true,"query_string":null}]}]}
12-09 07:38:17.071 I/System.out( 3912): }
12-09 07:38:17.102 D/Mileage.ABS( 3912): Not backing up; 639
12-09 07:38:17.105 D/Mileage.ABS( 3912): Not backing up; 642
12-09 07:38:17.170 D/Mileage.ABS( 3912): Not backing up; 707
12-09 07:38:17.170 D/Mileage.ABS( 3912): Not backing up; 707
12-09 07:38:17.170 D/Mileage.ABS( 3912): Not backing up; 707
12-09 07:38:17.171 D/Mileage.ABS( 3912): Not backing up; 708
12-09 07:38:17.171 D/Mileage.ABS( 3912): Not backing up; 708
12-09 07:38:17.174 D/Mileage.ABS( 3912): Not backing up; 711
12-09 07:38:17.179 D/Mileage.ABS( 3912): Not backing up; 716
12-09 07:38:17.179 D/Mileage.ABS( 3912): Not backing up; 716
12-09 07:38:17.186 D/Mileage.ABS( 3912): Not backing up; 723
12-09 07:38:17.193 D/Mileage.ABS( 3912): Not backing up; 730
12-09 07:38:17.194 D/Mileage.ABS( 3912): Not backing up; 730
12-09 07:38:17.194 D/Mileage.ABS( 3912): Not backing up; 731
12-09 07:38:17.194 D/Mileage.ABS( 3912): Not backing up; 731
12-09 07:38:17.313 D/Mileage.ABS( 3912): Not backing up; 850
12-09 07:38:17.314 D/Mileage.ABS( 3912): Not backing up; 850
12-09 07:38:17.314 D/Mileage.ABS( 3912): Not backing up; 851
12-09 07:38:17.314 D/Mileage.ABS( 3912): Not backing up; 851
12-09 07:38:17.314 D/Mileage.ABS( 3912): Not backing up; 851
12-09 07:38:17.314 D/Mileage.ABS( 3912): Not backing up; 851
12-09 07:38:17.315 D/Mileage.ABS( 3912): Not backing up; 852
12-09 07:38:17.315 D/Mileage.ABS( 3912): Not backing up; 852
12-09 07:38:17.422 W/audio_hw_generic( 1309): Not supplying enough data to HAL, expected position 2612234 , only wrote 2609628
12-09 07:38:17.422 W/audio_hw_generic( 1309): Not supplying enough data to HAL, expected position 2609635 , only wrote 2609628
12-09 07:38:17.448 W/audio_hw_generic( 1309): Not supplying enough data to HAL, expected position 2610756 , only wrote 2610289
12-09 07:38:17.618 I/ActivityManager( 1592): START u0 {cmp=com.evancharlton.mileage/.charts.AverageFuelEconomyChart (has extras)} from uid 10115 on display 0
12-09 07:38:17.625 D/Mileage.ABS( 3912): Finished backup
12-09 07:38:17.672 W/audio_hw_generic( 1309): Not supplying enough data to HAL, expected position 2620191 , only wrote 2619543
12-09 07:38:17.683 D/Mileage.ABS( 3912): Not backing up; 68
12-09 07:38:17.683 D/Mileage.ABS( 3912): Not backing up; 69
12-09 07:38:17.683 D/Mileage.ABS( 3912): Not backing up; 69
12-09 07:38:17.689 W/audio_hw_generic( 1309): Not supplying enough data to HAL, expected position 2620301 , only wrote 2619543
12-09 07:38:17.708 W/audio_hw_generic( 1309): Not supplying enough data to HAL, expected position 2620369 , only wrote 2620204
12-09 07:38:17.794 W/audio_hw_generic( 1309): Not supplying enough data to HAL, expected position 2623970 , only wrote 2623509
12-09 07:38:17.934 W/audio_hw_generic( 1309): Hardware backing HAL too slow, could only write 0 of 661 frames
12-09 07:38:17.950 I/art     ( 3912): Background partial concurrent mark sweep GC freed 54641(2MB) AllocSpace objects, 3(60KB) LOS objects, 39% free, 3MB/5MB, paused 1.015ms total 240.367ms
12-09 07:38:18.000 D/VehicleStatisticsAdapter( 3912): Caching of 29 records complete! (2.621 seconds)
12-09 07:38:18.023 I/calabash( 3912): newActivity1
12-09 07:38:18.034 D/Mileage.ABS( 3912): Not backing up; 420
12-09 07:38:18.035 D/Mileage.ABS( 3912): Not backing up; 421
12-09 07:38:18.119 D/VehicleStatisticsAdapter( 3912): Caching of 29 records complete! (2.483 seconds)
12-09 07:38:18.191 W/aiCharts( 3912): License file is invalid or missing. 
12-09 07:38:18.191 W/aiCharts( 3912): Please place proper license.lic to /assets folder.
12-09 07:38:18.239 W/audio_hw_generic( 1309): Not supplying enough data to HAL, expected position 2643170 , only wrote 2642678
12-09 07:38:18.240 W/audio_hw_generic( 1309): Not supplying enough data to HAL, expected position 2642684 , only wrote 2642678
12-09 07:38:18.269 W/audio_hw_generic( 1309): Not supplying enough data to HAL, expected position 2643988 , only wrote 2643339
12-09 07:38:18.308 W/audio_hw_generic( 1309): Hardware backing HAL too slow, could only write 0 of 661 frames
12-09 07:38:18.326 W/audio_hw_generic( 1309): Hardware backing HAL too slow, could only write 0 of 661 frames
12-09 07:38:18.327 V/PhoneStatusBar( 1688): setLightsOn(true)
12-09 07:38:18.337 W/audio_hw_generic( 1309): Hardware backing HAL too slow, could only write 0 of 661 frames
12-09 07:38:18.339 D/Mileage.ABS( 3912): Not backing up; 725
12-09 07:38:18.339 D/Mileage.ABS( 3912): Not backing up; 725
12-09 07:38:18.340 D/Mileage.ABS( 3912): Not backing up; 726
12-09 07:38:18.351 W/audio_hw_generic( 1309): Hardware backing HAL too slow, could only write 0 of 661 frames
12-09 07:38:18.454 W/audio_hw_generic( 1309): Not supplying enough data to HAL, expected position 2651468 , only wrote 2651271
12-09 07:38:18.454 W/audio_hw_generic( 1309): Not supplying enough data to HAL, expected position 2651278 , only wrote 2651271
12-09 07:38:18.468 W/audio_hw_generic( 1309): Hardware backing HAL too slow, could only write 0 of 661 frames
12-09 07:38:18.487 W/audio_hw_generic( 1309): Hardware backing HAL too slow, could only write 0 of 661 frames
12-09 07:38:18.494 D/gralloc_ranchu( 1224): gralloc_alloc: Creating ashmem region of size 372736
12-09 07:38:18.502 W/audio_hw_generic( 1309): Hardware backing HAL too slow, could only write 0 of 661 frames
12-09 07:38:18.517 W/audio_hw_generic( 1309): Hardware backing HAL too slow, could only write 0 of 661 frames
12-09 07:38:18.532 W/audio_hw_generic( 1309): Hardware backing HAL too slow, could only write 0 of 661 frames
12-09 07:38:18.591 E/SurfaceFlinger( 1224): ro.sf.lcd_density must be defined as a build property
12-09 07:38:18.596 D/gralloc_ranchu( 1224): gralloc_alloc: Creating ashmem region of size 3686400
12-09 07:38:18.638 W/audio_hw_generic( 1309): Not supplying enough data to HAL, expected position 2659407 , only wrote 2659203
12-09 07:38:18.638 W/audio_hw_generic( 1309): Not supplying enough data to HAL, expected position 2659209 , only wrote 2659203
12-09 07:38:18.659 W/audio_hw_generic( 1309): Not supplying enough data to HAL, expected position 2660103 , only wrote 2659864
12-09 07:38:18.662 D/        ( 4054): HostConnection::get() New Host Connection established 0x7fb085ed2480, tid 4054
12-09 07:38:18.718 E/EGL_emulation( 1224): tid 1224: eglCreateSyncKHR(1881): error 0x3004 (EGL_BAD_ATTRIBUTE)
12-09 07:38:18.829 W/audio_hw_generic( 1309): Not supplying enough data to HAL, expected position 2667388 , only wrote 2665152
12-09 07:38:18.830 W/audio_hw_generic( 1309): Not supplying enough data to HAL, expected position 2665159 , only wrote 2665152
12-09 07:38:18.862 W/audio_hw_generic( 1309): Not supplying enough data to HAL, expected position 2666590 , only wrote 2665813
12-09 07:38:18.903 W/audio_hw_generic( 1309): Not supplying enough data to HAL, expected position 2667600 , only wrote 2666474
12-09 07:38:18.903 W/audio_hw_generic( 1309): Not supplying enough data to HAL, expected position 2666480 , only wrote 2666474
12-09 07:38:18.949 W/audio_hw_generic( 1309): Hardware backing HAL too slow, could only write 0 of 661 frames
12-09 07:38:18.964 W/audio_hw_generic( 1309): Hardware backing HAL too slow, could only write 0 of 661 frames
12-09 07:38:18.982 W/audio_hw_generic( 1309): Hardware backing HAL too slow, could only write 0 of 661 frames
12-09 07:38:19.250 W/audio_hw_generic( 1309): Not supplying enough data to HAL, expected position 2681764 , only wrote 2681677
12-09 07:38:19.291 W/art     ( 1592): Long monitor contention event with owner method=void com.android.server.wm.WindowAnimator$1.doFrame(long) from WindowAnimator.java:121 waiters=1 for 226ms
12-09 07:38:19.391 W/audio_hw_generic( 1309): Not supplying enough data to HAL, expected position 2687899 , only wrote 2686965
12-09 07:38:19.391 W/audio_hw_generic( 1309): Not supplying enough data to HAL, expected position 2686972 , only wrote 2686965
12-09 07:38:19.410 W/audio_hw_generic( 1309): Not supplying enough data to HAL, expected position 2687798 , only wrote 2687626
12-09 07:38:19.450 W/art     ( 1592): Long monitor contention event with owner method=void com.android.server.wm.WindowAnimator$1.doFrame(long) from WindowAnimator.java:121 waiters=1 for 288ms
12-09 07:38:19.615 W/art     ( 1592): Long monitor contention event with owner method=void com.android.server.wm.WindowAnimator$1.doFrame(long) from WindowAnimator.java:121 waiters=1 for 325ms
12-09 07:38:19.624 D/gralloc_ranchu( 1224): gralloc_alloc: Creating ashmem region of size 3686400
12-09 07:38:19.630 W/art     ( 1592): Long monitor contention event with owner method=java.util.List com.android.server.am.ActivityManagerService.getAllStackInfos() from ActivityManagerService.java:8937 waiters=0 for 480ms
12-09 07:38:19.632 W/audio_hw_generic( 1309): Hardware backing HAL too slow, could only write 0 of 661 frames
12-09 07:38:19.650 W/audio_hw_generic( 1309): Hardware backing HAL too slow, could only write 0 of 661 frames
12-09 07:38:19.736 W/audio_hw_generic( 1309): Not supplying enough data to HAL, expected position 2702016 , only wrote 2701507
12-09 07:38:19.736 W/audio_hw_generic( 1309): Not supplying enough data to HAL, expected position 2701513 , only wrote 2701507
12-09 07:38:19.751 W/audio_hw_generic( 1309): Hardware backing HAL too slow, could only write 0 of 661 frames
12-09 07:38:19.785 W/audio_hw_generic( 1309): Hardware backing HAL too slow, could only write 0 of 661 frames
12-09 07:38:19.797 W/audio_hw_generic( 1309): Hardware backing HAL too slow, could only write 0 of 661 frames
12-09 07:38:19.822 W/audio_hw_generic( 1309): Hardware backing HAL too slow, could only write 0 of 661 frames
12-09 07:38:19.826 W/audio_hw_generic( 1309): Hardware backing HAL too slow, could only write 0 of 661 frames
12-09 07:38:20.121 W/audio_hw_generic( 1309): Not supplying enough data to HAL, expected position 2718483 , only wrote 2718032
12-09 07:38:20.121 W/audio_hw_generic( 1309): Not supplying enough data to HAL, expected position 2718038 , only wrote 2718032
12-09 07:38:20.143 W/audio_hw_generic( 1309): Not supplying enough data to HAL, expected position 2719006 , only wrote 2718693
12-09 07:38:20.144 W/audio_hw_generic( 1309): Hardware backing HAL too slow, could only write 0 of 661 frames
12-09 07:38:20.144 W/audio_hw_generic( 1309): Hardware backing HAL too slow, could only write 0 of 661 frames
12-09 07:38:20.346 W/audio_hw_generic( 1309): Not supplying enough data to HAL, expected position 2727622 , only wrote 2727286
12-09 07:38:20.346 W/audio_hw_generic( 1309): Not supplying enough data to HAL, expected position 2727292 , only wrote 2727286
12-09 07:38:20.365 W/audio_hw_generic( 1309): Not supplying enough data to HAL, expected position 2728135 , only wrote 2727947
12-09 07:38:20.474 W/audio_hw_generic( 1309): Not supplying enough data to HAL, expected position 2732732 , only wrote 2732574
12-09 07:38:20.474 W/audio_hw_generic( 1309): Not supplying enough data to HAL, expected position 2732580 , only wrote 2732574
12-09 07:38:20.498 W/audio_hw_generic( 1309): Not supplying enough data to HAL, expected position 2733623 , only wrote 2733235
12-09 07:38:20.537 W/audio_hw_generic( 1309): Hardware backing HAL too slow, could only write 0 of 661 frames
12-09 07:38:20.545 W/audio_hw_generic( 1309): Hardware backing HAL too slow, could only write 0 of 661 frames
12-09 07:38:20.558 W/audio_hw_generic( 1309): Hardware backing HAL too slow, could only write 0 of 661 frames
12-09 07:38:20.873 W/audio_hw_generic( 1309): Not supplying enough data to HAL, expected position 2749785 , only wrote 2744472
12-09 07:38:20.897 W/audio_hw_generic( 1309): Not supplying enough data to HAL, expected position 2745541 , only wrote 2744472
12-09 07:38:20.901 W/art     ( 1592): Long monitor contention event with owner method=void com.android.server.wm.WindowAnimator$1.doFrame(long) from WindowAnimator.java:121 waiters=0 for 179ms
