--------- beginning of main
12-09 07:54:32.978 D/AndroidRuntime( 8713): >>>>>> START com.android.internal.os.RuntimeInit uid 0 <<<<<<
12-09 07:54:32.979 D/AndroidRuntime( 8713): CheckJNI is ON
12-09 07:54:32.991 D/ICU     ( 8713): No timezone override file found: /data/misc/zoneinfo/current/icu/icu_tzdata.dat
12-09 07:54:33.281 E/memtrack( 8713): Couldn't load memtrack module (No such file or directory)
12-09 07:54:33.297 E/android.os.Debug( 8713): failed to load memtrack module: -2
12-09 07:54:33.298 I/Radio-JNI( 8713): register_android_hardware_Radio DONE
12-09 07:54:33.313 D/AndroidRuntime( 8713): Calling main entry com.android.commands.am.Am
--------- beginning of system
12-09 07:54:33.314 I/ActivityManager( 1591): Force stopping com.evancharlton.mileage appid=10123 user=0: start instr
12-09 07:54:33.321 I/ActivityManager( 1591): Killing 8696:com.evancharlton.mileage/u0a123 (adj 0): stop com.evancharlton.mileage
12-09 07:54:33.497 W/ActivityManager( 1591): Crash of app com.evancharlton.mileage running instrumentation ComponentInfo{com.evancharlton.mileage.test/sh.calaba.instrumentationbackend.ClearAppData2}
12-09 07:54:33.497 I/ActivityManager( 1591): Force stopping com.evancharlton.mileage appid=10123 user=0: finished inst
12-09 07:54:33.522 I/ActivityManager( 1591): Start proc 8722:com.evancharlton.mileage/u0a123 for added application com.evancharlton.mileage
12-09 07:54:33.530 D/AndroidRuntime( 8713): Shutting down VM
12-09 07:54:33.670 W/System  ( 8722): ClassLoader referenced unknown path: /data/app/com.evancharlton.mileage.test-1/lib/x86_64
12-09 07:54:33.677 W/System  ( 8722): ClassLoader referenced unknown path: /data/app/com.evancharlton.mileage-1/lib/x86_64
12-09 07:54:33.708 I/System.out( 8722): Main activity name automatically set to: com.evancharlton.mileage.Mileage
12-09 07:54:33.709 I/System.out( 8722): Calabash did not load Mono. This is only a problem if you are trying to test a Mono application
12-09 07:54:33.713 I/calabash( 8722): Test server port: 7102
12-09 07:54:33.714 I/InstrumentationBackend( 8722): Added:'GetPreferences', with key:'get_preferences'
12-09 07:54:33.774 I/InstrumentationBackend( 8722): Added:'SetPreferences', with key:'set_preferences'
12-09 07:54:33.781 I/InstrumentationBackend( 8722): Added:'ClearPreferences', with key:'clear_preferences'
12-09 07:54:33.781 I/InstrumentationBackend( 8722): Added:'PressElement', with key:'press_l10n_element'
12-09 07:54:33.781 I/InstrumentationBackend( 8722): Added:'WaitForElement', with key:'wait_for_l10n_element'
12-09 07:54:33.782 I/InstrumentationBackend( 8722): Added:'NullAction', with key:'nullAction'
12-09 07:54:33.782 I/InstrumentationBackend( 8722): Added:'PressKey', with key:'press_key'
12-09 07:54:33.782 I/InstrumentationBackend( 8722): Added:'SetActivityOrientation', with key:'set_activity_orientation'
12-09 07:54:33.783 I/InstrumentationBackend( 8722): Added:'GetActivityOrientation', with key:'get_activity_orientation'
12-09 07:54:33.783 I/InstrumentationBackend( 8722): Added:'FakeGPSLocation', with key:'set_gps_coordinates'
12-09 07:54:33.783 I/InstrumentationBackend( 8722): Added:'SetPropertyByCssSelector', with key:'set_property_by_css_selector'
12-09 07:54:33.783 I/InstrumentationBackend( 8722): Added:'GetUrl', with key:'get_url'
12-09 07:54:33.784 I/InstrumentationBackend( 8722): Added:'ScrollTo', with key:'scroll_to'
12-09 07:54:33.784 I/InstrumentationBackend( 8722): Added:'GetLoadProgress', with key:'get_load_progress'
12-09 07:54:33.784 I/InstrumentationBackend( 8722): Added:'DumpHtml', with key:'dump_html'
12-09 07:54:33.785 I/InstrumentationBackend( 8722): Added:'DumpBodyHtml', with key:'dump_body_html'
12-09 07:54:33.786 I/InstrumentationBackend( 8722): Added:'EnterTextByCssSelector', with key:'enter_text_by_selector'
12-09 07:54:33.787 I/InstrumentationBackend( 8722): Added:'AndroidSDKVersion', with key:'android_sdk_version'
12-09 07:54:33.787 I/InstrumentationBackend( 8722): Added:'Version', with key:'version'
12-09 07:54:33.787 I/InstrumentationBackend( 8722): Added:'Drag', with key:'drag'
12-09 07:54:33.787 I/InstrumentationBackend( 8722): Added:'TouchCoordinates', with key:'touch_coordinate'
12-09 07:54:33.787 I/InstrumentationBackend( 8722): Added:'LongPressCoordinate', with key:'long_press_coordinate'
12-09 07:54:33.787 I/InstrumentationBackend( 8722): Added:'DragCoordinates', with key:'drag_coordinates'
12-09 07:54:33.788 I/InstrumentationBackend( 8722): Added:'ResumeApplication', with key:'resume_application'
12-09 07:54:33.788 I/InstrumentationBackend( 8722): Added:'Swipe', with key:'swipe'
12-09 07:54:33.788 I/InstrumentationBackend( 8722): Added:'DoubleTapCoordinate', with key:'double_tap_coordinate'
12-09 07:54:33.788 I/InstrumentationBackend( 8722): Added:'ClickOnScreen', with key:'click_on_screen'
12-09 07:54:33.788 I/InstrumentationBackend( 8722): Added:'GetActivityName', with key:'get_activity_name'
12-09 07:54:33.789 I/InstrumentationBackend( 8722): Added:'ScrollToView', with key:'scroll_to_view'
12-09 07:54:33.793 I/InstrumentationBackend( 8722): Added:'ViewConfiguration', with key:'view_configuration'
12-09 07:54:33.793 I/InstrumentationBackend( 8722): Added:'IsCurrentActivityFocused', with key:'is_current_activity_focused'
12-09 07:54:33.793 I/InstrumentationBackend( 8722): Added:'SendTcp', with key:'send_tcp'
12-09 07:54:33.793 I/InstrumentationBackend( 8722): Added:'DpToDevicePixel', with key:'dp_to_device_pixel'
12-09 07:54:33.794 I/InstrumentationBackend( 8722): Added:'KeyboardEnterText', with key:'keyboard_enter_text'
12-09 07:54:33.794 I/InstrumentationBackend( 8722): Added:'DeleteSurroundingText', with key:'delete_surrounding_text'
12-09 07:54:33.794 I/InstrumentationBackend( 8722): Added:'SetComposingRegion', with key:'set_composing_region'
12-09 07:54:33.794 I/InstrumentationBackend( 8722): Added:'SetSelection', with key:'set_selection'
12-09 07:54:33.795 I/InstrumentationBackend( 8722): Added:'KeyboardKeyEvent', with key:'keyboard_key_event'
12-09 07:54:33.795 I/InstrumentationBackend( 8722): Added:'PressUserActionButton', with key:'press_user_action_button'
12-09 07:54:33.796 I/InstrumentationBackend( 8722): Added:'HideSoftKeyboard', with key:'hide_soft_keyboard'
12-09 07:54:33.796 I/InstrumentationBackend( 8722): Added:'ListActions', with key:'list_actions'
12-09 07:54:33.796 I/calabash( 8722): Instantiating http server at 7102
12-09 07:54:33.800 I/System.out( 8722): HTTP Daemon listening on: 7102
12-09 07:54:33.889 I/System.out( 8722): URI: //ping
12-09 07:54:33.890 I/System.out( 8722): params: {json={}
12-09 07:54:33.890 I/System.out( 8722): }
12-09 07:54:33.958 I/System.out( 8722): URI: //ping
12-09 07:54:33.958 I/System.out( 8722): params: {json={}
12-09 07:54:33.958 I/System.out( 8722): }
12-09 07:54:34.010 I/System.out( 8722): URI: //ready
12-09 07:54:34.010 I/System.out( 8722): params: {json={}
12-09 07:54:34.010 I/System.out( 8722): }
12-09 07:54:34.085 I/System.out( 8722): URI: //
12-09 07:54:34.085 I/System.out( 8722): params: {json={"command":"version","arguments":[]}
12-09 07:54:34.085 I/System.out( 8722): }
12-09 07:54:34.085 I/System.out( 8722): header: {date=Sun, 09 Dec 2018 07:54:34 GMT, accept=*/*, content-length=36, host=127.0.0.1:34777, user-agent=HTTPClient/1.0 (2.8.3, ruby 2.3.1 (2016-04-26)), content-type=application/json;charset=utf-8}
12-09 07:54:34.086 I/System.out( 8722): params: {json={"command":"version","arguments":[]}
12-09 07:54:34.086 I/System.out( 8722): }
12-09 07:54:34.086 I/System.out( 8722): ProP json = {"command":"version","arguments":[]}
12-09 07:54:34.086 I/System.out( 8722): files: {}
12-09 07:54:34.086 I/System.out( 8722): command: {"command":"version","arguments":[]}
12-09 07:54:34.096 I/InstrumentationBackend( 8722): Got command:'Command:'Line:null,version', arguments:'[]'
12-09 07:54:34.111 I/System.out( 8722): result:{"bonusInformation":[],"message":"0.9.8","success":true}
12-09 07:54:34.198 I/System.out( 8722): URI: //start-application
12-09 07:54:34.205 I/System.out( 8722): params: {json={"intent":null}
12-09 07:54:34.205 I/System.out( 8722): }
12-09 07:54:34.273 W/art     ( 8722): Suspending all threads took: 15.270ms
12-09 07:54:34.277 I/ActivityManager( 1591): START u0 {act=android.intent.action.MAIN cat=[android.intent.category.LAUNCHER] flg=0x10200000 cmp=com.evancharlton.mileage/.Mileage} from uid 10123 on display 0
12-09 07:54:34.288 I/art     ( 8722): Background partial concurrent mark sweep GC freed 42393(2MB) AllocSpace objects, 15(300KB) LOS objects, 44% free, 1269KB/2MB, paused 20.779ms total 73.904ms
12-09 07:54:34.331 I/calabash( 8722): newActivity1
12-09 07:54:34.440 D/gralloc_ranchu( 1223): gralloc_alloc: Creating ashmem region of size 3686400
12-09 07:54:34.528 I/calabash( 8722): newActivity1
12-09 07:54:34.530 W/ActivityManager( 1591): Bad activity token: android.os.BinderProxy@7f0d770
12-09 07:54:34.530 W/ActivityManager( 1591): java.lang.ClassCastException: android.os.BinderProxy cannot be cast to com.android.server.am.ActivityRecord$Token
12-09 07:54:34.530 W/ActivityManager( 1591): 	at com.android.server.am.ActivityRecord.forTokenLocked(ActivityRecord.java:424)
12-09 07:54:34.530 W/ActivityManager( 1591): 	at com.android.server.am.ActivityRecord.isInStackLocked(ActivityRecord.java:1121)
12-09 07:54:34.530 W/ActivityManager( 1591): 	at com.android.server.am.ActivityRecord.getStackLocked(ActivityRecord.java:1126)
12-09 07:54:34.530 W/ActivityManager( 1591): 	at com.android.server.am.ActivityManagerService.getActivityDisplayId(ActivityManagerService.java:8889)
12-09 07:54:34.530 W/ActivityManager( 1591): 	at android.app.ActivityManagerNative.onTransact(ActivityManagerNative.java:2338)
12-09 07:54:34.530 W/ActivityManager( 1591): 	at com.android.server.am.ActivityManagerService.onTransact(ActivityManagerService.java:2443)
12-09 07:54:34.530 W/ActivityManager( 1591): 	at android.os.Binder.execTransact(Binder.java:453)
12-09 07:54:34.531 W/ActivityManager( 1591): Bad activity token: android.os.BinderProxy@7f0d770
12-09 07:54:34.531 W/ActivityManager( 1591): java.lang.ClassCastException: android.os.BinderProxy cannot be cast to com.android.server.am.ActivityRecord$Token
12-09 07:54:34.531 W/ActivityManager( 1591): 	at com.android.server.am.ActivityRecord.forTokenLocked(ActivityRecord.java:424)
12-09 07:54:34.531 W/ActivityManager( 1591): 	at com.android.server.am.ActivityRecord.isInStackLocked(ActivityRecord.java:1121)
12-09 07:54:34.531 W/ActivityManager( 1591): 	at com.android.server.am.ActivityManagerService.setTaskDescription(ActivityManagerService.java:8547)
12-09 07:54:34.531 W/ActivityManager( 1591): 	at android.app.ActivityManagerNative.onTransact(ActivityManagerNative.java:2410)
12-09 07:54:34.531 W/ActivityManager( 1591): 	at com.android.server.am.ActivityManagerService.onTransact(ActivityManagerService.java:2443)
12-09 07:54:34.531 W/ActivityManager( 1591): 	at android.os.Binder.execTransact(Binder.java:453)
12-09 07:54:34.815 D/EGL_emulation( 1950): eglMakeCurrent: 0x7ff61a3b4dc0: ver 2 0 (tinfo 0x7ff61a382d00)
12-09 07:54:34.817 E/Surface ( 1950): getSlotFromBufferLocked: unknown buffer: 0x7ff61a3b5c20
12-09 07:54:34.903 V/PhoneStatusBar( 1720): setLightsOn(true)
12-09 07:54:34.920 D/FillupsProvider( 8722): Creating database
12-09 07:54:35.037 W/art     ( 1591): Long monitor contention event with owner method=void com.android.server.wm.WindowAnimator$1.doFrame(long) from WindowAnimator.java:121 waiters=0 for 144ms
12-09 07:54:35.223 W/ActivityManager( 1591): Bad activity token: android.os.BinderProxy@7f0d770
12-09 07:54:35.223 W/ActivityManager( 1591): java.lang.ClassCastException: android.os.BinderProxy cannot be cast to com.android.server.am.ActivityRecord$Token
12-09 07:54:35.223 W/ActivityManager( 1591): 	at com.android.server.am.ActivityRecord.forTokenLocked(ActivityRecord.java:424)
12-09 07:54:35.223 W/ActivityManager( 1591): 	at com.android.server.am.ActivityRecord.isInStackLocked(ActivityRecord.java:1121)
12-09 07:54:35.223 W/ActivityManager( 1591): 	at com.android.server.am.ActivityManagerService.getActivityOptions(ActivityManagerService.java:11038)
12-09 07:54:35.223 W/ActivityManager( 1591): 	at android.app.ActivityManagerNative.onTransact(ActivityManagerNative.java:1734)
12-09 07:54:35.223 W/ActivityManager( 1591): 	at com.android.server.am.ActivityManagerService.onTransact(ActivityManagerService.java:2443)
12-09 07:54:35.223 W/ActivityManager( 1591): 	at android.os.Binder.execTransact(Binder.java:453)
12-09 07:54:35.236 W/ActivityManager( 1591): Bad activity token: android.os.BinderProxy@7f0d770
12-09 07:54:35.236 W/ActivityManager( 1591): java.lang.ClassCastException: android.os.BinderProxy cannot be cast to com.android.server.am.ActivityRecord$Token
12-09 07:54:35.236 W/ActivityManager( 1591): 	at com.android.server.am.ActivityRecord.forTokenLocked(ActivityRecord.java:424)
12-09 07:54:35.236 W/ActivityManager( 1591): 	at com.android.server.am.ActivityRecord.isInStackLocked(ActivityRecord.java:1121)
12-09 07:54:35.236 W/ActivityManager( 1591): 	at com.android.server.am.ActivityManagerService.getActivityOptions(ActivityManagerService.java:11038)
12-09 07:54:35.236 W/ActivityManager( 1591): 	at android.app.ActivityManagerNative.onTransact(ActivityManagerNative.java:1734)
12-09 07:54:35.236 W/ActivityManager( 1591): 	at com.android.server.am.ActivityManagerService.onTransact(ActivityManagerService.java:2443)
12-09 07:54:35.236 W/ActivityManager( 1591): 	at android.os.Binder.execTransact(Binder.java:453)
12-09 07:54:35.703 W/art     ( 1591): Long monitor contention event with owner method=void com.android.server.wm.WindowAnimator$1.doFrame(long) from WindowAnimator.java:121 waiters=1 for 121ms
12-09 07:54:35.822 W/art     ( 1591): Long monitor contention event with owner method=void com.android.server.wm.WindowManagerService$H.handleMessage(android.os.Message) from WindowManagerService.java:7820 waiters=1 for 119ms
12-09 07:54:36.084 D/gralloc_ranchu( 1223): gralloc_alloc: Creating ashmem region of size 3686400
12-09 07:54:36.105 D/        ( 8722): HostConnection::get() New Host Connection established 0x7ff616754100, tid 8722
12-09 07:54:36.156 I/ActivityManager( 1591): Displayed com.evancharlton.mileage/.Mileage: +1s859ms
12-09 07:54:36.188 D/gralloc_ranchu( 1223): gralloc_alloc: Creating ashmem region of size 3686400
12-09 07:54:36.673 I/System.out( 8722): URI: //
12-09 07:54:36.673 I/System.out( 8722): params: {json={"command":"set_activity_orientation","arguments":["landscape"]}
12-09 07:54:36.673 I/System.out( 8722): }
12-09 07:54:36.673 I/System.out( 8722): header: {date=Sun, 09 Dec 2018 07:54:36 GMT, accept=*/*, content-length=64, host=127.0.0.1:34777, user-agent=HTTPClient/1.0 (2.8.3, ruby 2.3.1 (2016-04-26)), content-type=application/json;charset=utf-8}
12-09 07:54:36.673 I/System.out( 8722): params: {json={"command":"set_activity_orientation","arguments":["landscape"]}
12-09 07:54:36.673 I/System.out( 8722): }
12-09 07:54:36.673 I/System.out( 8722): ProP json = {"command":"set_activity_orientation","arguments":["landscape"]}
12-09 07:54:36.673 I/System.out( 8722): files: {}
12-09 07:54:36.673 I/System.out( 8722): command: {"command":"set_activity_orientation","arguments":["landscape"]}
12-09 07:54:36.674 I/InstrumentationBackend( 8722): Got command:'Command:'Line:null,set_activity_orientation', arguments:'[landscape]'
12-09 07:54:36.742 D/gralloc_ranchu( 1223): gralloc_alloc: Creating ashmem region of size 3686400
12-09 07:54:36.786 E/EGL_emulation( 1223): tid 1223: eglCreateSyncKHR(1881): error 0x3004 (EGL_BAD_ATTRIBUTE)
12-09 07:54:36.982 I/ActivityManager( 1591): Config changes=480 {1.0 310mcc260mnc en_US ldltr sw720dp w1280dp h696dp 160dpi xlrg long land finger -keyb/v/h tball/v s.18}
12-09 07:54:37.134 W/art     ( 1591): Long monitor contention event with owner method=void com.android.server.wm.WindowManagerService.setNewConfiguration(android.content.res.Configuration) from WindowManagerService.java:4043 waiters=1 for 116ms
12-09 07:54:37.141 I/InputReader( 1591): Reconfiguring input devices.  changes=0x00000004
12-09 07:54:37.141 I/InputReader( 1591): Device reconfigured: id=0, name='qwerty2', size 720x1280, orientation 1, mode 1, display id 0
12-09 07:54:37.258 I/calabash( 8722): newActivity1
12-09 07:54:37.259 W/art     ( 1591): Long monitor contention event with owner method=void com.android.server.am.ActivityManagerService.setRequestedOrientation(android.os.IBinder, int) from ActivityManagerService.java:4192 waiters=0 for 439ms
12-09 07:54:37.386 I/calabash( 8722): newActivity1
12-09 07:54:37.387 W/ActivityManager( 1591): Bad activity token: android.os.BinderProxy@af58b5d
12-09 07:54:37.387 W/ActivityManager( 1591): java.lang.ClassCastException: android.os.BinderProxy cannot be cast to com.android.server.am.ActivityRecord$Token
12-09 07:54:37.387 W/ActivityManager( 1591): 	at com.android.server.am.ActivityRecord.forTokenLocked(ActivityRecord.java:424)
12-09 07:54:37.387 W/ActivityManager( 1591): 	at com.android.server.am.ActivityRecord.isInStackLocked(ActivityRecord.java:1121)
12-09 07:54:37.387 W/ActivityManager( 1591): 	at com.android.server.am.ActivityRecord.getStackLocked(ActivityRecord.java:1126)
12-09 07:54:37.387 W/ActivityManager( 1591): 	at com.android.server.am.ActivityManagerService.getActivityDisplayId(ActivityManagerService.java:8889)
12-09 07:54:37.387 W/ActivityManager( 1591): 	at android.app.ActivityManagerNative.onTransact(ActivityManagerNative.java:2338)
12-09 07:54:37.387 W/ActivityManager( 1591): 	at com.android.server.am.ActivityManagerService.onTransact(ActivityManagerService.java:2443)
12-09 07:54:37.387 W/ActivityManager( 1591): 	at android.os.Binder.execTransact(Binder.java:453)
12-09 07:54:37.388 W/ActivityManager( 1591): Bad activity token: android.os.BinderProxy@af58b5d
12-09 07:54:37.388 W/ActivityManager( 1591): java.lang.ClassCastException: android.os.BinderProxy cannot be cast to com.android.server.am.ActivityRecord$Token
12-09 07:54:37.388 W/ActivityManager( 1591): 	at com.android.server.am.ActivityRecord.forTokenLocked(ActivityRecord.java:424)
12-09 07:54:37.388 W/ActivityManager( 1591): 	at com.android.server.am.ActivityRecord.isInStackLocked(ActivityRecord.java:1121)
12-09 07:54:37.388 W/ActivityManager( 1591): 	at com.android.server.am.ActivityManagerService.setTaskDescription(ActivityManagerService.java:8547)
12-09 07:54:37.388 W/ActivityManager( 1591): 	at android.app.ActivityManagerNative.onTransact(ActivityManagerNative.java:2410)
12-09 07:54:37.388 W/ActivityManager( 1591): 	at com.android.server.am.ActivityManagerService.onTransact(ActivityManagerService.java:2443)
12-09 07:54:37.388 W/ActivityManager( 1591): 	at android.os.Binder.execTransact(Binder.java:453)
12-09 07:54:37.424 I/System.out( 8722): result:{"bonusInformation":[],"message":"","success":true}
12-09 07:54:37.469 D/EGL_emulation( 1720): eglMakeCurrent: 0x7ff618109420: ver 2 0 (tinfo 0x7ff60daf61c0)
12-09 07:54:37.490 I/art     ( 8722): Background sticky concurrent mark sweep GC freed 26546(1183KB) AllocSpace objects, 3(60KB) LOS objects, 32% free, 2MB/3MB, paused 9.933ms total 114.462ms
12-09 07:54:37.509 W/ActivityManager( 1591): Bad activity token: android.os.BinderProxy@af58b5d
12-09 07:54:37.509 W/ActivityManager( 1591): java.lang.ClassCastException: android.os.BinderProxy cannot be cast to com.android.server.am.ActivityRecord$Token
12-09 07:54:37.509 W/ActivityManager( 1591): 	at com.android.server.am.ActivityRecord.forTokenLocked(ActivityRecord.java:424)
12-09 07:54:37.509 W/ActivityManager( 1591): 	at com.android.server.am.ActivityRecord.isInStackLocked(ActivityRecord.java:1121)
12-09 07:54:37.509 W/ActivityManager( 1591): 	at com.android.server.am.ActivityManagerService.getActivityOptions(ActivityManagerService.java:11038)
12-09 07:54:37.509 W/ActivityManager( 1591): 	at android.app.ActivityManagerNative.onTransact(ActivityManagerNative.java:1734)
12-09 07:54:37.509 W/ActivityManager( 1591): 	at com.android.server.am.ActivityManagerService.onTransact(ActivityManagerService.java:2443)
12-09 07:54:37.509 W/ActivityManager( 1591): 	at android.os.Binder.execTransact(Binder.java:453)
12-09 07:54:37.510 W/ActivityManager( 1591): Bad activity token: android.os.BinderProxy@af58b5d
12-09 07:54:37.510 W/ActivityManager( 1591): java.lang.ClassCastException: android.os.BinderProxy cannot be cast to com.android.server.am.ActivityRecord$Token
12-09 07:54:37.510 W/ActivityManager( 1591): 	at com.android.server.am.ActivityRecord.forTokenLocked(ActivityRecord.java:424)
12-09 07:54:37.510 W/ActivityManager( 1591): 	at com.android.server.am.ActivityRecord.isInStackLocked(ActivityRecord.java:1121)
12-09 07:54:37.510 W/ActivityManager( 1591): 	at com.android.server.am.ActivityManagerService.getActivityOptions(ActivityManagerService.java:11038)
12-09 07:54:37.510 W/ActivityManager( 1591): 	at android.app.ActivityManagerNative.onTransact(ActivityManagerNative.java:1734)
12-09 07:54:37.510 W/ActivityManager( 1591): 	at com.android.server.am.ActivityManagerService.onTransact(ActivityManagerService.java:2443)
12-09 07:54:37.510 W/ActivityManager( 1591): 	at android.os.Binder.execTransact(Binder.java:453)
12-09 07:54:37.526 E/Surface ( 1720): getSlotFromBufferLocked: unknown buffer: 0x7ff60b899bc0
12-09 07:54:37.527 D/EGL_emulation( 1720): eglMakeCurrent: 0x7ff618109420: ver 2 0 (tinfo 0x7ff60daf61c0)
12-09 07:54:37.536 I/Choreographer( 8722): Skipped 30 frames!  The application may be doing too much work on its main thread.
12-09 07:54:37.600 I/WindowManager( 1591): Screen frozen for +925ms due to Window{f45e62d u0 StatusBar}
12-09 07:54:38.050 W/art     ( 1591): Long monitor contention event with owner method=void com.android.server.wm.WindowManagerService$H.handleMessage(android.os.Message) from WindowManagerService.java:7820 waiters=0 for 431ms
12-09 07:54:38.112 I/Choreographer( 8722): Skipped 34 frames!  The application may be doing too much work on its main thread.
12-09 07:54:38.114 D/gralloc_ranchu( 1223): gralloc_alloc: Creating ashmem region of size 3686400
12-09 07:54:38.491 D/gralloc_ranchu( 1223): gralloc_alloc: Creating ashmem region of size 3686400
12-09 07:54:38.881 D/gralloc_ranchu( 1223): gralloc_alloc: Creating ashmem region of size 3686400
12-09 07:54:39.685 E/SurfaceFlinger( 1223): ro.sf.lcd_density must be defined as a build property
12-09 07:54:39.713 D/gralloc_ranchu( 1223): gralloc_alloc: Creating ashmem region of size 3686400
12-09 07:54:39.762 D/        ( 8751): HostConnection::get() New Host Connection established 0x7f23d2212480, tid 8751
12-09 07:54:39.805 E/EGL_emulation( 1223): tid 1223: eglCreateSyncKHR(1881): error 0x3004 (EGL_BAD_ATTRIBUTE)
12-09 07:54:40.052 I/art     ( 1591): Starting a blocking GC Explicit
12-09 07:54:40.094 I/art     ( 1591): Explicit concurrent mark sweep GC freed 11698(937KB) AllocSpace objects, 3(60KB) LOS objects, 29% free, 9MB/13MB, paused 3.729ms total 41.557ms
12-09 07:54:40.346 I/System.out( 8722): URI: //
12-09 07:54:40.346 I/System.out( 8722): params: {json={"command":"set_activity_orientation","arguments":["portrait"]}
12-09 07:54:40.346 I/System.out( 8722): }
12-09 07:54:40.346 I/System.out( 8722): header: {date=Sun, 09 Dec 2018 07:54:40 GMT, accept=*/*, content-length=63, host=127.0.0.1:34777, user-agent=HTTPClient/1.0 (2.8.3, ruby 2.3.1 (2016-04-26)), content-type=application/json;charset=utf-8}
12-09 07:54:40.346 I/System.out( 8722): params: {json={"command":"set_activity_orientation","arguments":["portrait"]}
12-09 07:54:40.346 I/System.out( 8722): }
12-09 07:54:40.346 I/System.out( 8722): ProP json = {"command":"set_activity_orientation","arguments":["portrait"]}
12-09 07:54:40.346 I/System.out( 8722): files: {}
12-09 07:54:40.346 I/System.out( 8722): command: {"command":"set_activity_orientation","arguments":["portrait"]}
12-09 07:54:40.347 I/InstrumentationBackend( 8722): Got command:'Command:'Line:null,set_activity_orientation', arguments:'[portrait]'
12-09 07:54:40.382 D/gralloc_ranchu( 1223): gralloc_alloc: Creating ashmem region of size 3686400
12-09 07:54:40.436 E/EGL_emulation( 1223): tid 1223: eglCreateSyncKHR(1881): error 0x3004 (EGL_BAD_ATTRIBUTE)
12-09 07:54:40.709 I/ActivityManager( 1591): Config changes=480 {1.0 310mcc260mnc en_US ldltr sw720dp w720dp h1256dp 160dpi xlrg long port finger -keyb/v/h tball/v s.19}
12-09 07:54:40.761 W/art     ( 1591): Long monitor contention event with owner method=android.content.res.Configuration com.android.server.wm.WindowManagerService.updateOrientationFromAppTokens(android.content.res.Configuration, android.os.IBinder) from WindowManagerService.java:3950 waiters=0 for 202ms
12-09 07:54:40.762 I/InputReader( 1591): Reconfiguring input devices.  changes=0x00000004
12-09 07:54:40.762 I/InputReader( 1591): Device reconfigured: id=0, name='qwerty2', size 720x1280, orientation 0, mode 1, display id 0
12-09 07:54:40.960 I/calabash( 8722): newActivity1
12-09 07:54:40.979 I/calabash( 8722): newActivity1
12-09 07:54:40.980 W/ActivityManager( 1591): Bad activity token: android.os.BinderProxy@83c44ff
12-09 07:54:40.980 W/ActivityManager( 1591): java.lang.ClassCastException: android.os.BinderProxy cannot be cast to com.android.server.am.ActivityRecord$Token
12-09 07:54:40.980 W/ActivityManager( 1591): 	at com.android.server.am.ActivityRecord.forTokenLocked(ActivityRecord.java:424)
12-09 07:54:40.980 W/ActivityManager( 1591): 	at com.android.server.am.ActivityRecord.isInStackLocked(ActivityRecord.java:1121)
12-09 07:54:40.980 W/ActivityManager( 1591): 	at com.android.server.am.ActivityRecord.getStackLocked(ActivityRecord.java:1126)
12-09 07:54:40.980 W/ActivityManager( 1591): 	at com.android.server.am.ActivityManagerService.getActivityDisplayId(ActivityManagerService.java:8889)
12-09 07:54:40.980 W/ActivityManager( 1591): 	at android.app.ActivityManagerNative.onTransact(ActivityManagerNative.java:2338)
12-09 07:54:40.980 W/ActivityManager( 1591): 	at com.android.server.am.ActivityManagerService.onTransact(ActivityManagerService.java:2443)
12-09 07:54:40.980 W/ActivityManager( 1591): 	at android.os.Binder.execTransact(Binder.java:453)
12-09 07:54:40.987 W/ActivityManager( 1591): Bad activity token: android.os.BinderProxy@83c44ff
12-09 07:54:40.987 W/ActivityManager( 1591): java.lang.ClassCastException: android.os.BinderProxy cannot be cast to com.android.server.am.ActivityRecord$Token
12-09 07:54:40.987 W/ActivityManager( 1591): 	at com.android.server.am.ActivityRecord.forTokenLocked(ActivityRecord.java:424)
12-09 07:54:40.987 W/ActivityManager( 1591): 	at com.android.server.am.ActivityRecord.isInStackLocked(ActivityRecord.java:1121)
12-09 07:54:40.987 W/ActivityManager( 1591): 	at com.android.server.am.ActivityManagerService.setTaskDescription(ActivityManagerService.java:8547)
12-09 07:54:40.987 W/ActivityManager( 1591): 	at android.app.ActivityManagerNative.onTransact(ActivityManagerNative.java:2410)
12-09 07:54:40.987 W/ActivityManager( 1591): 	at com.android.server.am.ActivityManagerService.onTransact(ActivityManagerService.java:2443)
12-09 07:54:40.987 W/ActivityManager( 1591): 	at android.os.Binder.execTransact(Binder.java:453)
12-09 07:54:41.031 W/ActivityManager( 1591): Bad activity token: android.os.BinderProxy@83c44ff
12-09 07:54:41.031 W/ActivityManager( 1591): java.lang.ClassCastException: android.os.BinderProxy cannot be cast to com.android.server.am.ActivityRecord$Token
12-09 07:54:41.031 W/ActivityManager( 1591): 	at com.android.server.am.ActivityRecord.forTokenLocked(ActivityRecord.java:424)
12-09 07:54:41.031 W/ActivityManager( 1591): 	at com.android.server.am.ActivityRecord.isInStackLocked(ActivityRecord.java:1121)
12-09 07:54:41.031 W/ActivityManager( 1591): 	at com.android.server.am.ActivityManagerService.getActivityOptions(ActivityManagerService.java:11038)
12-09 07:54:41.031 W/ActivityManager( 1591): 	at android.app.ActivityManagerNative.onTransact(ActivityManagerNative.java:1734)
12-09 07:54:41.031 W/ActivityManager( 1591): 	at com.android.server.am.ActivityManagerService.onTransact(ActivityManagerService.java:2443)
12-09 07:54:41.031 W/ActivityManager( 1591): 	at android.os.Binder.execTransact(Binder.java:453)
12-09 07:54:41.032 W/ActivityManager( 1591): Bad activity token: android.os.BinderProxy@83c44ff
12-09 07:54:41.032 W/ActivityManager( 1591): java.lang.ClassCastException: android.os.BinderProxy cannot be cast to com.android.server.am.ActivityRecord$Token
12-09 07:54:41.032 W/ActivityManager( 1591): 	at com.android.server.am.ActivityRecord.forTokenLocked(ActivityRecord.java:424)
12-09 07:54:41.032 W/ActivityManager( 1591): 	at com.android.server.am.ActivityRecord.isInStackLocked(ActivityRecord.java:1121)
12-09 07:54:41.032 W/ActivityManager( 1591): 	at com.android.server.am.ActivityManagerService.getActivityOptions(ActivityManagerService.java:11038)
12-09 07:54:41.032 W/ActivityManager( 1591): 	at android.app.ActivityManagerNative.onTransact(ActivityManagerNative.java:1734)
12-09 07:54:41.032 W/ActivityManager( 1591): 	at com.android.server.am.ActivityManagerService.onTransact(ActivityManagerService.java:2443)
12-09 07:54:41.032 W/ActivityManager( 1591): 	at android.os.Binder.execTransact(Binder.java:453)
12-09 07:54:41.052 I/System.out( 8722): result:{"bonusInformation":[],"message":"","success":true}
12-09 07:54:41.109 D/EGL_emulation( 1720): eglMakeCurrent: 0x7ff618109420: ver 2 0 (tinfo 0x7ff60daf61c0)
12-09 07:54:41.114 E/Surface ( 1720): getSlotFromBufferLocked: unknown buffer: 0x7ff60b897be0
12-09 07:54:41.119 D/EGL_emulation( 1720): eglMakeCurrent: 0x7ff618109420: ver 2 0 (tinfo 0x7ff60daf61c0)
12-09 07:54:41.495 D/gralloc_ranchu( 1223): gralloc_alloc: Creating ashmem region of size 3686400
12-09 07:54:41.767 D/gralloc_ranchu( 1223): gralloc_alloc: Creating ashmem region of size 3686400
12-09 07:54:41.779 I/WindowManager( 1591): Screen frozen for +1s431ms due to Window{d73c915 u0 com.evancharlton.mileage/com.evancharlton.mileage.Mileage}
12-09 07:54:42.646 D/gralloc_ranchu( 1223): gralloc_alloc: Creating ashmem region of size 3686400
12-09 07:54:43.353 E/SurfaceFlinger( 1223): ro.sf.lcd_density must be defined as a build property
12-09 07:54:43.354 D/gralloc_ranchu( 1223): gralloc_alloc: Creating ashmem region of size 3686400
12-09 07:54:43.386 D/        ( 8757): HostConnection::get() New Host Connection established 0x7f4a8d1d2480, tid 8757
12-09 07:54:43.417 E/EGL_emulation( 1223): tid 1223: eglCreateSyncKHR(1881): error 0x3004 (EGL_BAD_ATTRIBUTE)
12-09 07:54:43.909 I/art     ( 1591): Starting a blocking GC Explicit
12-09 07:54:43.943 I/art     ( 1591): Explicit concurrent mark sweep GC freed 4226(326KB) AllocSpace objects, 0(0B) LOS objects, 30% free, 9MB/13MB, paused 4.322ms total 34.317ms
