12-09 08:10:47.186 I/System.out(13463): params: {json={"query_timeout":5.0,"gestures":[{"query_string":"android.widget.TabWidget descendant TextView index:0","touches":[{"x":50,"y":50,"offset_x":0,"offset_y":0,"wait":0.0,"time":0.2,"release":true,"query_string":null}]}]}
12-09 08:10:47.186 I/System.out(13463): }
12-09 08:10:47.211 I/Choreographer( 1885): Skipped 61 frames!  The application may be doing too much work on its main thread.
12-09 08:10:47.246 D/EGL_emulation( 1885): eglMakeCurrent: 0x7f003259e2e0: ver 2 0 (tinfo 0x7f00325b5d80)
12-09 08:10:47.258 E/Surface ( 1885): getSlotFromBufferLocked: unknown buffer: 0x7f003259e9c0
12-09 08:10:47.488 W/audio_hw_generic( 1308): Not supplying enough data to HAL, expected position 24810862 , only wrote 24809974
12-09 08:10:47.488 W/audio_hw_generic( 1308): Not supplying enough data to HAL, expected position 24809981 , only wrote 24809974
12-09 08:10:47.516 W/audio_hw_generic( 1308): Not supplying enough data to HAL, expected position 24811183 , only wrote 24810635
12-09 08:10:47.634 W/audio_hw_generic( 1308): Not supplying enough data to HAL, expected position 24815870 , only wrote 24814601
12-09 08:10:47.635 W/audio_hw_generic( 1308): Not supplying enough data to HAL, expected position 24814608 , only wrote 24814601
12-09 08:10:47.710 W/audio_hw_generic( 1308): Hardware backing HAL too slow, could only write 0 of 661 frames
12-09 08:10:47.761 W/art     ( 1594): Long monitor contention event with owner method=void com.android.server.wm.WindowAnimator$1.doFrame(long) from WindowAnimator.java:121 waiters=0 for 167ms
12-09 08:10:47.781 W/audio_hw_generic( 1308): Not supplying enough data to HAL, expected position 24821062 , only wrote 24819228
12-09 08:10:47.813 W/audio_hw_generic( 1308): Not supplying enough data to HAL, expected position 24820642 , only wrote 24820550
12-09 08:10:47.814 W/audio_hw_generic( 1308): Hardware backing HAL too slow, could only write 0 of 661 frames
12-09 08:10:47.829 W/audio_hw_generic( 1308): Hardware backing HAL too slow, could only write 0 of 661 frames
12-09 08:10:47.845 W/audio_hw_generic( 1308): Hardware backing HAL too slow, could only write 0 of 661 frames
12-09 08:10:47.863 W/audio_hw_generic( 1308): Hardware backing HAL too slow, could only write 0 of 661 frames
12-09 08:10:48.002 W/audio_hw_generic( 1308): Not supplying enough data to HAL, expected position 24828861 , only wrote 24828482
12-09 08:10:48.002 W/audio_hw_generic( 1308): Not supplying enough data to HAL, expected position 24828489 , only wrote 24828482
12-09 08:10:48.081 W/audio_hw_generic( 1308): Not supplying enough data to HAL, expected position 24831979 , only wrote 24829143
12-09 08:10:48.145 W/audio_hw_generic( 1308): Hardware backing HAL too slow, could only write 0 of 661 frames
12-09 08:10:48.157 W/audio_hw_generic( 1308): Hardware backing HAL too slow, could only write 0 of 661 frames
12-09 08:10:48.173 W/audio_hw_generic( 1308): Hardware backing HAL too slow, could only write 0 of 661 frames
12-09 08:10:48.189 W/audio_hw_generic( 1308): Hardware backing HAL too slow, could only write 0 of 661 frames
12-09 08:10:48.223 W/audio_hw_generic( 1308): Hardware backing HAL too slow, could only write 0 of 661 frames
12-09 08:10:48.226 W/CursorWrapperInner(13463): Cursor finalized without prior close()
12-09 08:10:48.228 I/art     (13463): Background sticky concurrent mark sweep GC freed 49413(2MB) AllocSpace objects, 1(20KB) LOS objects, 33% free, 2MB/3MB, paused 1.307ms total 107.727ms
12-09 08:10:48.243 W/audio_hw_generic( 1308): Not supplying enough data to HAL, expected position 24836290 , only wrote 24835753
12-09 08:10:48.259 W/audio_hw_generic( 1308): Not supplying enough data to HAL, expected position 24836450 , only wrote 24836414
12-09 08:10:48.345 W/audio_hw_generic( 1308): Hardware backing HAL too slow, could only write 0 of 661 frames
12-09 08:10:48.353 W/audio_hw_generic( 1308): Hardware backing HAL too slow, could only write 0 of 661 frames
12-09 08:10:48.387 W/audio_hw_generic( 1308): Not supplying enough data to HAL, expected position 24842050 , only wrote 24841702
12-09 08:10:48.387 W/audio_hw_generic( 1308): Hardware backing HAL too slow, could only write 0 of 661 frames
12-09 08:10:48.387 W/audio_hw_generic( 1308): Hardware backing HAL too slow, could only write 0 of 661 frames
12-09 08:10:48.387 D/AudioFlinger( 1308): mixer(0xf4300000) throttle end: throttle time(11)
12-09 08:10:48.425 W/audio_hw_generic( 1308): Hardware backing HAL too slow, could only write 0 of 661 frames
12-09 08:10:48.437 W/audio_hw_generic( 1308): Hardware backing HAL too slow, could only write 0 of 661 frames
12-09 08:10:48.518 W/audio_hw_generic( 1308): Not supplying enough data to HAL, expected position 24847466 , only wrote 24845668
12-09 08:10:48.523 W/audio_hw_generic( 1308): Not supplying enough data to HAL, expected position 24845906 , only wrote 24845668
12-09 08:10:48.554 W/audio_hw_generic( 1308): Not supplying enough data to HAL, expected position 24847039 , only wrote 24846990
12-09 08:10:48.747 W/audio_hw_generic( 1308): Not supplying enough data to HAL, expected position 24855485 , only wrote 24853600
12-09 08:10:48.747 W/audio_hw_generic( 1308): Not supplying enough data to HAL, expected position 24853611 , only wrote 24853600
12-09 08:10:48.766 W/audio_hw_generic( 1308): Not supplying enough data to HAL, expected position 24854418 , only wrote 24854261
12-09 08:10:48.799 W/audio_hw_generic( 1308): Hardware backing HAL too slow, could only write 0 of 661 frames
12-09 08:10:48.815 W/audio_hw_generic( 1308): Hardware backing HAL too slow, could only write 0 of 661 frames
12-09 08:10:49.194 I/System.out(13463): URI: //map
12-09 08:10:49.194 I/System.out(13463): params: {json={"query":"android.widget.EditText id:'price'","operation":{"method_name":"query","arguments":[]}}
12-09 08:10:49.194 I/System.out(13463): }
12-09 08:10:49.260 W/ResourceType(13463): No package identifier when getting name for resource number 0x00000001
12-09 08:10:49.480 W/audio_hw_generic( 1308): Not supplying enough data to HAL, expected position 24885776 , only wrote 24882684
12-09 08:10:49.494 W/audio_hw_generic( 1308): Not supplying enough data to HAL, expected position 24883282 , only wrote 24882684
12-09 08:10:49.497 I/System.out(13463): URI: //gesture
12-09 08:10:49.498 I/System.out(13463): params: {json={"query_timeout":5.0,"gestures":[{"query_string":"android.widget.EditText id:'price'","touches":[{"x":50,"y":50,"offset_x":0,"offset_y":0,"wait":0.0,"time":0.2,"release":true,"query_string":null}]}]}
12-09 08:10:49.498 I/System.out(13463): }
12-09 08:10:49.515 W/audio_hw_generic( 1308): Not supplying enough data to HAL, expected position 24883604 , only wrote 24883345
12-09 08:10:49.552 W/audio_hw_generic( 1308): Hardware backing HAL too slow, could only write 0 of 661 frames
12-09 08:10:49.664 W/ResourceType(13463): No package identifier when getting name for resource number 0x00000001
12-09 08:10:49.915 W/audio_hw_generic( 1308): Not supplying enough data to HAL, expected position 24900991 , only wrote 24897226
12-09 08:10:49.933 W/audio_hw_generic( 1308): Not supplying enough data to HAL, expected position 24898021 , only wrote 24897226
12-09 08:10:49.955 W/audio_hw_generic( 1308): Not supplying enough data to HAL, expected position 24898187 , only wrote 24897887
12-09 08:10:50.001 W/audio_hw_generic( 1308): Hardware backing HAL too slow, could only write 0 of 661 frames
12-09 08:10:50.091 W/audio_hw_generic( 1308): Not supplying enough data to HAL, expected position 24903913 , only wrote 24903836
12-09 08:10:50.141 W/audio_hw_generic( 1308): Not supplying enough data to HAL, expected position 24906008 , only wrote 24904497
12-09 08:10:50.141 W/audio_hw_generic( 1308): Not supplying enough data to HAL, expected position 24904505 , only wrote 24904497
12-09 08:10:50.161 W/audio_hw_generic( 1308): Not supplying enough data to HAL, expected position 24905393 , only wrote 24905158
12-09 08:10:50.182 W/audio_hw_generic( 1308): Hardware backing HAL too slow, could only write 0 of 661 frames
12-09 08:10:50.197 W/audio_hw_generic( 1308): Hardware backing HAL too slow, could only write 0 of 661 frames
12-09 08:10:50.309 W/audio_hw_generic( 1308): Hardware backing HAL too slow, could only write 0 of 661 frames
12-09 08:10:50.309 W/audio_hw_generic( 1308): Not supplying enough data to HAL, expected position 24911686 , only wrote 24908463
12-09 08:10:50.309 W/audio_hw_generic( 1308): Not supplying enough data to HAL, expected position 24908469 , only wrote 24908463
12-09 08:10:50.309 W/audio_hw_generic( 1308): Hardware backing HAL too slow, could only write 0 of 661 frames
12-09 08:10:50.329 W/audio_hw_generic( 1308): Not supplying enough data to HAL, expected position 24909340 , only wrote 24909124
12-09 08:10:50.329 W/audio_hw_generic( 1308): Hardware backing HAL too slow, could only write 0 of 661 frames
12-09 08:10:50.344 W/audio_hw_generic( 1308): Hardware backing HAL too slow, could only write 0 of 661 frames
12-09 08:10:50.359 W/audio_hw_generic( 1308): Hardware backing HAL too slow, could only write 0 of 661 frames
12-09 08:10:50.374 W/audio_hw_generic( 1308): Hardware backing HAL too slow, could only write 0 of 661 frames
12-09 08:10:50.389 W/audio_hw_generic( 1308): Hardware backing HAL too slow, could only write 0 of 661 frames
12-09 08:10:50.404 W/audio_hw_generic( 1308): Hardware backing HAL too slow, could only write 0 of 661 frames
12-09 08:10:50.418 I/LatinIME( 1885): Starting input. Cursor position = 0,0
12-09 08:10:50.601 W/audio_hw_generic( 1308): Not supplying enough data to HAL, expected position 24921099 , only wrote 24919039
12-09 08:10:50.601 W/audio_hw_generic( 1308): Not supplying enough data to HAL, expected position 24919046 , only wrote 24919039
12-09 08:10:50.646 D/EGL_emulation( 1885): eglMakeCurrent: 0x7f003259e2e0: ver 2 0 (tinfo 0x7f00325b5d80)
12-09 08:10:50.655 W/audio_hw_generic( 1308): Not supplying enough data to HAL, expected position 24921423 , only wrote 24919700
12-09 08:10:50.861 W/audio_hw_generic( 1308): Hardware backing HAL too slow, could only write 0 of 661 frames
12-09 08:10:50.891 W/audio_hw_generic( 1308): Hardware backing HAL too slow, could only write 0 of 661 frames
12-09 08:10:50.892 W/audio_hw_generic( 1308): Hardware backing HAL too slow, could only write 0 of 661 frames
12-09 08:10:50.922 W/audio_hw_generic( 1308): Hardware backing HAL too slow, could only write 0 of 661 frames
12-09 08:10:50.936 I/System.out(13463): URI: //
12-09 08:10:50.962 I/System.out(13463): params: {json={"command":"set_selection","arguments":[-1,-1]}
12-09 08:10:50.962 I/System.out(13463): }
12-09 08:10:50.962 I/System.out(13463): header: {date=Sun, 09 Dec 2018 08:10:51 GMT, accept=*/*, content-length=47, host=127.0.0.1:34777, user-agent=HTTPClient/1.0 (2.8.3, ruby 2.3.1 (2016-04-26)), content-type=application/json;charset=utf-8}
12-09 08:10:50.962 I/System.out(13463): params: {json={"command":"set_selection","arguments":[-1,-1]}
12-09 08:10:50.962 I/System.out(13463): }
12-09 08:10:50.962 I/System.out(13463): ProP json = {"command":"set_selection","arguments":[-1,-1]}
12-09 08:10:50.962 I/System.out(13463): files: {}
12-09 08:10:50.962 I/System.out(13463): command: {"command":"set_selection","arguments":[-1,-1]}
12-09 08:10:50.963 I/InstrumentationBackend(13463): Got command:'Command:'Line:null,set_selection', arguments:'[-1, -1]'
12-09 08:10:50.965 W/audio_hw_generic( 1308): Hardware backing HAL too slow, could only write 0 of 661 frames
12-09 08:10:50.965 W/audio_hw_generic( 1308): Not supplying enough data to HAL, expected position 24933378 , only wrote 24932920
12-09 08:10:50.965 W/audio_hw_generic( 1308): Not supplying enough data to HAL, expected position 24932926 , only wrote 24932920
12-09 08:10:50.965 W/audio_hw_generic( 1308): Hardware backing HAL too slow, could only write 0 of 661 frames
12-09 08:10:50.986 W/audio_hw_generic( 1308): Not supplying enough data to HAL, expected position 24933852 , only wrote 24933581
12-09 08:10:50.987 W/audio_hw_generic( 1308): Hardware backing HAL too slow, could only write 0 of 661 frames
12-09 08:10:50.987 W/audio_hw_generic( 1308): Hardware backing HAL too slow, could only write 0 of 661 frames
12-09 08:10:51.046 I/System.out(13463): result:{"bonusInformation":[],"message":"","success":true}
12-09 08:10:51.048 W/audio_hw_generic( 1308): Not supplying enough data to HAL, expected position 24936272 , only wrote 24936225
12-09 08:10:51.048 W/audio_hw_generic( 1308): Not supplying enough data to HAL, expected position 24936232 , only wrote 24936225
12-09 08:10:51.067 W/audio_hw_generic( 1308): Not supplying enough data to HAL, expected position 24937055 , only wrote 24936886
12-09 08:10:51.107 W/audio_hw_generic( 1308): Not supplying enough data to HAL, expected position 24938675 , only wrote 24938208
12-09 08:10:51.238 W/audio_hw_generic( 1308): Hardware backing HAL too slow, could only write 0 of 661 frames
12-09 08:10:51.250 I/System.out(13463): URI: //
12-09 08:10:51.250 I/System.out(13463): params: {json={"command":"keyboard_enter_text","arguments":["54"]}
12-09 08:10:51.250 I/System.out(13463): }
12-09 08:10:51.250 I/System.out(13463): header: {date=Sun, 09 Dec 2018 08:10:51 GMT, accept=*/*, content-length=52, host=127.0.0.1:34777, user-agent=HTTPClient/1.0 (2.8.3, ruby 2.3.1 (2016-04-26)), content-type=application/json;charset=utf-8}
12-09 08:10:51.250 I/System.out(13463): params: {json={"command":"keyboard_enter_text","arguments":["54"]}
12-09 08:10:51.250 I/System.out(13463): }
12-09 08:10:51.250 I/System.out(13463): ProP json = {"command":"keyboard_enter_text","arguments":["54"]}
12-09 08:10:51.250 I/System.out(13463): files: {}
12-09 08:10:51.250 I/System.out(13463): command: {"command":"keyboard_enter_text","arguments":["54"]}
12-09 08:10:51.251 I/InstrumentationBackend(13463): Got command:'Command:'Line:null,keyboard_enter_text', arguments:'[54]'
12-09 08:10:51.252 E/SpannableStringBuilder(13463): SPAN_EXCLUSIVE_EXCLUSIVE spans cannot have a zero length
12-09 08:10:51.252 E/SpannableStringBuilder(13463): SPAN_EXCLUSIVE_EXCLUSIVE spans cannot have a zero length
12-09 08:10:51.257 I/art     ( 1885): Background partial concurrent mark sweep GC freed 5330(405KB) AllocSpace objects, 4(80KB) LOS objects, 39% free, 2MB/3MB, paused 7.596ms total 42.433ms
12-09 08:10:51.374 W/audio_hw_generic( 1308): Hardware backing HAL too slow, could only write 0 of 661 frames
12-09 08:10:51.422 W/audio_hw_generic( 1308): Not supplying enough data to HAL, expected position 24965761 , only wrote 24952089
12-09 08:10:51.426 E/SpannableStringBuilder(13463): SPAN_EXCLUSIVE_EXCLUSIVE spans cannot have a zero length
12-09 08:10:51.426 E/SpannableStringBuilder(13463): SPAN_EXCLUSIVE_EXCLUSIVE spans cannot have a zero length
12-09 08:10:51.548 I/System.out(13463): result:{"bonusInformation":[],"message":"","success":true}
12-09 08:10:51.666 I/art     (13463): Background sticky concurrent mark sweep GC freed 27689(1261KB) AllocSpace objects, 6(120KB) LOS objects, 26% free, 2MB/3MB, paused 1.278ms total 228.179ms
12-09 08:10:51.781 I/System.out(13463): URI: //map
12-09 08:10:51.781 I/System.out(13463): params: {json={"query":"android.widget.EditText id:'volume'","operation":{"method_name":"query","arguments":[]}}
12-09 08:10:51.781 I/System.out(13463): }
12-09 08:10:51.835 W/ResourceType(13463): No package identifier when getting name for resource number 0x00000001
12-09 08:10:52.372 I/art     (13463): Background partial concurrent mark sweep GC freed 48002(2MB) AllocSpace objects, 7(140KB) LOS objects, 39% free, 2MB/4MB, paused 1.166ms total 478.322ms
12-09 08:10:52.372 I/System.out(13463): URI: //gesture
12-09 08:10:52.372 I/System.out(13463): params: {json={"query_timeout":5.0,"gestures":[{"query_string":"android.widget.EditText id:'volume'","touches":[{"x":50,"y":50,"offset_x":0,"offset_y":0,"wait":0.0,"time":0.2,"release":true,"query_string":null}]}]}
12-09 08:10:52.372 I/System.out(13463): }
12-09 08:10:52.397 W/ResourceType(13463): No package identifier when getting name for resource number 0x00000001
12-09 08:10:52.846 I/LatinIME( 1885): Starting input. Cursor position = 0,0
12-09 08:10:52.994 W/art     (13463): Suspending all threads took: 92.439ms
12-09 08:10:53.041 I/art     (13463): Background sticky concurrent mark sweep GC freed 40513(1735KB) AllocSpace objects, 1(20KB) LOS objects, 29% free, 2MB/4MB, paused 93.829ms total 196.195ms
12-09 08:10:53.567 I/System.out(13463): URI: //
12-09 08:10:53.567 I/System.out(13463): params: {json={"command":"set_selection","arguments":[-1,-1]}
12-09 08:10:53.567 I/System.out(13463): }
12-09 08:10:53.567 I/System.out(13463): header: {date=Sun, 09 Dec 2018 08:10:54 GMT, accept=*/*, content-length=47, host=127.0.0.1:34777, user-agent=HTTPClient/1.0 (2.8.3, ruby 2.3.1 (2016-04-26)), content-type=application/json;charset=utf-8}
12-09 08:10:53.567 I/System.out(13463): params: {json={"command":"set_selection","arguments":[-1,-1]}
12-09 08:10:53.567 I/System.out(13463): }
12-09 08:10:53.567 I/System.out(13463): ProP json = {"command":"set_selection","arguments":[-1,-1]}
12-09 08:10:53.567 I/System.out(13463): files: {}
12-09 08:10:53.567 I/System.out(13463): command: {"command":"set_selection","arguments":[-1,-1]}
12-09 08:10:53.577 I/InstrumentationBackend(13463): Got command:'Command:'Line:null,set_selection', arguments:'[-1, -1]'
12-09 08:10:53.591 I/System.out(13463): result:{"bonusInformation":[],"message":"","success":true}
12-09 08:10:53.902 I/System.out(13463): URI: //
12-09 08:10:53.902 I/System.out(13463): params: {json={"command":"keyboard_enter_text","arguments":["100"]}
12-09 08:10:53.902 I/System.out(13463): }
12-09 08:10:53.902 I/System.out(13463): header: {date=Sun, 09 Dec 2018 08:10:54 GMT, accept=*/*, content-length=53, host=127.0.0.1:34777, user-agent=HTTPClient/1.0 (2.8.3, ruby 2.3.1 (2016-04-26)), content-type=application/json;charset=utf-8}
12-09 08:10:53.902 I/System.out(13463): params: {json={"command":"keyboard_enter_text","arguments":["100"]}
12-09 08:10:53.902 I/System.out(13463): }
12-09 08:10:53.902 I/System.out(13463): ProP json = {"command":"keyboard_enter_text","arguments":["100"]}
12-09 08:10:53.902 I/System.out(13463): files: {}
12-09 08:10:53.903 I/System.out(13463): command: {"command":"keyboard_enter_text","arguments":["100"]}
12-09 08:10:53.904 I/InstrumentationBackend(13463): Got command:'Command:'Line:null,keyboard_enter_text', arguments:'[100]'
12-09 08:10:53.932 E/SpannableStringBuilder(13463): SPAN_EXCLUSIVE_EXCLUSIVE spans cannot have a zero length
12-09 08:10:53.932 E/SpannableStringBuilder(13463): SPAN_EXCLUSIVE_EXCLUSIVE spans cannot have a zero length
12-09 08:10:53.935 E/SpannableStringBuilder(13463): SPAN_EXCLUSIVE_EXCLUSIVE spans cannot have a zero length
12-09 08:10:53.935 E/SpannableStringBuilder(13463): SPAN_EXCLUSIVE_EXCLUSIVE spans cannot have a zero length
12-09 08:10:53.993 W/art     (13463): Suspending all threads took: 8.284ms
12-09 08:10:54.013 I/System.out(13463): result:{"bonusInformation":[],"message":"","success":true}
12-09 08:10:54.258 I/System.out(13463): URI: //map
12-09 08:10:54.258 I/System.out(13463): params: {json={"query":"android.widget.EditText id:'odometer'","operation":{"method_name":"query","arguments":[]}}
12-09 08:10:54.258 I/System.out(13463): }
12-09 08:10:54.275 I/art     (13463): Background sticky concurrent mark sweep GC freed 27761(1340KB) AllocSpace objects, 6(120KB) LOS objects, 16% free, 3MB/4MB, paused 9.742ms total 328.598ms
12-09 08:10:54.283 W/ResourceType(13463): No package identifier when getting name for resource number 0x00000001
12-09 08:10:54.497 I/art     (13463): Background partial concurrent mark sweep GC freed 50579(2MB) AllocSpace objects, 6(124KB) LOS objects, 40% free, 2MB/4MB, paused 1.281ms total 197.602ms
12-09 08:10:54.498 I/System.out(13463): URI: //gesture
12-09 08:10:54.498 I/System.out(13463): params: {json={"query_timeout":5.0,"gestures":[{"query_string":"android.widget.EditText id:'odometer'","touches":[{"x":50,"y":50,"offset_x":0,"offset_y":0,"wait":0.0,"time":0.2,"release":true,"query_string":null}]}]}
12-09 08:10:54.498 I/System.out(13463): }
12-09 08:10:54.578 W/ResourceType(13463): No package identifier when getting name for resource number 0x00000001
12-09 08:10:54.885 I/LatinIME( 1885): Starting input. Cursor position = 0,0
12-09 08:10:55.499 I/System.out(13463): URI: //
12-09 08:10:55.517 I/System.out(13463): params: {json={"command":"set_selection","arguments":[-1,-1]}
12-09 08:10:55.525 I/System.out(13463): }
12-09 08:10:55.525 I/System.out(13463): header: {date=Sun, 09 Dec 2018 08:10:55 GMT, accept=*/*, content-length=47, host=127.0.0.1:34777, user-agent=HTTPClient/1.0 (2.8.3, ruby 2.3.1 (2016-04-26)), content-type=application/json;charset=utf-8}
12-09 08:10:55.525 I/System.out(13463): params: {json={"command":"set_selection","arguments":[-1,-1]}
12-09 08:10:55.525 I/System.out(13463): }
12-09 08:10:55.525 I/System.out(13463): ProP json = {"command":"set_selection","arguments":[-1,-1]}
12-09 08:10:55.526 I/System.out(13463): files: {}
12-09 08:10:55.526 I/System.out(13463): command: {"command":"set_selection","arguments":[-1,-1]}
12-09 08:10:55.527 I/InstrumentationBackend(13463): Got command:'Command:'Line:null,set_selection', arguments:'[-1, -1]'
12-09 08:10:55.598 I/System.out(13463): result:{"bonusInformation":[],"message":"","success":true}
12-09 08:10:55.810 I/System.out(13463): URI: //
12-09 08:10:55.810 I/System.out(13463): params: {json={"command":"keyboard_enter_text","arguments":["14"]}
12-09 08:10:55.810 I/System.out(13463): }
12-09 08:10:55.810 I/System.out(13463): header: {date=Sun, 09 Dec 2018 08:10:56 GMT, accept=*/*, content-length=52, host=127.0.0.1:34777, user-agent=HTTPClient/1.0 (2.8.3, ruby 2.3.1 (2016-04-26)), content-type=application/json;charset=utf-8}
12-09 08:10:55.810 I/System.out(13463): params: {json={"command":"keyboard_enter_text","arguments":["14"]}
12-09 08:10:55.810 I/System.out(13463): }
12-09 08:10:55.810 I/System.out(13463): ProP json = {"command":"keyboard_enter_text","arguments":["14"]}
12-09 08:10:55.810 I/System.out(13463): files: {}
12-09 08:10:55.810 I/System.out(13463): command: {"command":"keyboard_enter_text","arguments":["14"]}
12-09 08:10:55.811 I/InstrumentationBackend(13463): Got command:'Command:'Line:null,keyboard_enter_text', arguments:'[14]'
12-09 08:10:55.813 E/SpannableStringBuilder(13463): SPAN_EXCLUSIVE_EXCLUSIVE spans cannot have a zero length
12-09 08:10:55.813 E/SpannableStringBuilder(13463): SPAN_EXCLUSIVE_EXCLUSIVE spans cannot have a zero length
12-09 08:10:55.816 E/SpannableStringBuilder(13463): SPAN_EXCLUSIVE_EXCLUSIVE spans cannot have a zero length
12-09 08:10:55.816 E/SpannableStringBuilder(13463): SPAN_EXCLUSIVE_EXCLUSIVE spans cannot have a zero length
12-09 08:10:55.960 I/art     (13463): Background sticky concurrent mark sweep GC freed 26869(1360KB) AllocSpace objects, 6(120KB) LOS objects, 27% free, 3MB/4MB, paused 1.235ms total 148.068ms
12-09 08:10:55.964 I/System.out(13463): result:{"bonusInformation":[],"message":"","success":true}
12-09 08:10:57.034 I/System.out(13463): URI: //map
12-09 08:10:57.034 I/System.out(13463): params: {json={"query":"android.widget.Button index:2","operation":{"method_name":"query","arguments":[]}}
12-09 08:10:57.034 I/System.out(13463): }
12-09 08:10:57.659 I/art     (13463): Background partial concurrent mark sweep GC freed 59704(2MB) AllocSpace objects, 5(100KB) LOS objects, 39% free, 2MB/4MB, paused 5.651ms total 537.313ms
12-09 08:10:57.665 I/System.out(13463): URI: //gesture
12-09 08:10:57.665 I/System.out(13463): params: {json={"query_timeout":5.0,"gestures":[{"query_string":"android.widget.Button index:2","touches":[{"x":50,"y":50,"offset_x":0,"offset_y":0,"wait":0.0,"time":0.2,"release":true,"query_string":null}]}]}
12-09 08:10:57.665 I/System.out(13463): }
12-09 08:10:58.185 W/audio_hw_generic( 1308): Hardware backing HAL too slow, could only write 0 of 661 frames
12-09 08:10:58.233 W/audio_hw_generic( 1308): Not supplying enough data to HAL, expected position 24954906 , only wrote 24954733
12-09 08:10:58.233 W/audio_hw_generic( 1308): Not supplying enough data to HAL, expected position 24954739 , only wrote 24954733
12-09 08:10:58.233 W/audio_hw_generic( 1308): Hardware backing HAL too slow, could only write 0 of 661 frames
12-09 08:10:58.234 W/audio_hw_generic( 1308): Hardware backing HAL too slow, could only write 0 of 661 frames
12-09 08:10:58.254 W/art     (13463): Suspending all threads took: 63.173ms
12-09 08:10:58.261 W/audio_hw_generic( 1308): Hardware backing HAL too slow, could only write 0 of 661 frames
12-09 08:10:58.264 W/audio_hw_generic( 1308): Hardware backing HAL too slow, could only write 0 of 661 frames
12-09 08:10:58.279 W/audio_hw_generic( 1308): Hardware backing HAL too slow, could only write 0 of 661 frames
12-09 08:10:58.298 W/audio_hw_generic( 1308): Hardware backing HAL too slow, could only write 0 of 661 frames
12-09 08:10:58.313 W/audio_hw_generic( 1308): Hardware backing HAL too slow, could only write 0 of 661 frames
12-09 08:10:58.324 W/audio_hw_generic( 1308): Hardware backing HAL too slow, could only write 0 of 661 frames
12-09 08:10:58.334 I/art     (13463): Background sticky concurrent mark sweep GC freed 42664(1774KB) AllocSpace objects, 2(40KB) LOS objects, 24% free, 3MB/4MB, paused 64.553ms total 175.642ms
12-09 08:10:58.339 W/audio_hw_generic( 1308): Hardware backing HAL too slow, could only write 0 of 661 frames
12-09 08:10:58.356 W/audio_hw_generic( 1308): Hardware backing HAL too slow, could only write 0 of 661 frames
12-09 08:10:58.605 W/audio_hw_generic( 1308): Not supplying enough data to HAL, expected position 24971140 , only wrote 24967292
12-09 08:10:58.605 W/audio_hw_generic( 1308): Not supplying enough data to HAL, expected position 24967299 , only wrote 24967292
12-09 08:10:58.605 W/audio_hw_generic( 1308): Hardware backing HAL too slow, could only write 0 of 661 frames
12-09 08:10:58.626 W/audio_hw_generic( 1308): Not supplying enough data to HAL, expected position 24968180 , only wrote 24967953
12-09 08:10:58.641 W/audio_hw_generic( 1308): Not supplying enough data to HAL, expected position 24968649 , only wrote 24968614
12-09 08:10:58.642 W/audio_hw_generic( 1308): Not supplying enough data to HAL, expected position 24968622 , only wrote 24968614
12-09 08:10:58.642 W/audio_hw_generic( 1308): Hardware backing HAL too slow, could only write 0 of 661 frames
12-09 08:10:58.665 W/audio_hw_generic( 1308): Not supplying enough data to HAL, expected position 24969644 , only wrote 24969275
12-09 08:10:58.665 W/audio_hw_generic( 1308): Hardware backing HAL too slow, could only write 0 of 661 frames
12-09 08:10:58.665 W/audio_hw_generic( 1308): Hardware backing HAL too slow, could only write 0 of 661 frames
12-09 08:10:58.683 W/audio_hw_generic( 1308): Hardware backing HAL too slow, could only write 0 of 661 frames
12-09 08:10:58.698 W/audio_hw_generic( 1308): Hardware backing HAL too slow, could only write 0 of 661 frames
12-09 08:10:58.717 W/audio_hw_generic( 1308): Hardware backing HAL too slow, could only write 0 of 661 frames
12-09 08:10:58.724 I/Choreographer(13463): Skipped 34 frames!  The application may be doing too much work on its main thread.
12-09 08:10:58.779 I/LatinIME( 1885): Starting input. Cursor position = -1,-1
12-09 08:10:58.790 E/SurfaceFlinger( 1224): ro.sf.lcd_density must be defined as a build property
12-09 08:10:58.791 D/gralloc_ranchu( 1224): gralloc_alloc: Creating ashmem region of size 3686400
12-09 08:10:58.829 D/        (13551): HostConnection::get() New Host Connection established 0x7fb11f992480, tid 13551
12-09 08:10:58.875 E/EGL_emulation( 1224): tid 1224: eglCreateSyncKHR(1881): error 0x3004 (EGL_BAD_ATTRIBUTE)
12-09 08:10:58.883 W/audio_hw_generic( 1308): Not supplying enough data to HAL, expected position 24978897 , only wrote 24978529
12-09 08:10:58.883 W/audio_hw_generic( 1308): Not supplying enough data to HAL, expected position 24978536 , only wrote 24978529
12-09 08:10:58.903 W/audio_hw_generic( 1308): Not supplying enough data to HAL, expected position 24979397 , only wrote 24979190
12-09 08:10:58.904 D/Mileage.ABS(13463): Finished backup
12-09 08:10:58.913 D/Mileage.ABS(13463): Not backing up; 38
12-09 08:10:58.919 D/Mileage.ABS(13463): Not backing up; 38
12-09 08:10:58.921 D/Mileage.ABS(13463): Not backing up; 46
12-09 08:10:59.032 W/audio_hw_generic( 1308): Hardware backing HAL too slow, could only write 0 of 661 frames
12-09 08:10:59.044 W/audio_hw_generic( 1308): Hardware backing HAL too slow, could only write 0 of 661 frames
12-09 08:10:59.058 W/audio_hw_generic( 1308): Hardware backing HAL too slow, could only write 0 of 661 frames
12-09 08:10:59.114 W/audio_hw_generic( 1308): Not supplying enough data to HAL, expected position 24988487 , only wrote 24988444
12-09 08:10:59.114 W/audio_hw_generic( 1308): Not supplying enough data to HAL, expected position 24988451 , only wrote 24988444
12-09 08:10:59.269 W/audio_hw_generic( 1308): Not supplying enough data to HAL, expected position 24995288 , only wrote 24995054
12-09 08:10:59.400 W/audio_hw_generic( 1308): Not supplying enough data to HAL, expected position 25000842 , only wrote 25000342
12-09 08:10:59.401 W/audio_hw_generic( 1308): Not supplying enough data to HAL, expected position 25000349 , only wrote 25000342
12-09 08:10:59.416 W/audio_hw_generic( 1308): Not supplying enough data to HAL, expected position 25001030 , only wrote 25001003
12-09 08:10:59.599 W/RichInputConnection( 1885): Slow InputConnection: GET_TEXT_BEFORE_CURSOR took 317 ms.
12-09 08:10:59.628 W/audio_hw_generic( 1308): Not supplying enough data to HAL, expected position 25010359 , only wrote 25010257
12-09 08:10:59.629 W/audio_hw_generic( 1308): Not supplying enough data to HAL, expected position 25010265 , only wrote 25010257
12-09 08:10:59.655 W/audio_hw_generic( 1308): Not supplying enough data to HAL, expected position 25011415 , only wrote 25010918
12-09 08:10:59.729 W/audio_hw_generic( 1308): Hardware backing HAL too slow, could only write 0 of 661 frames
12-09 08:10:59.817 W/audio_hw_generic( 1308): Hardware backing HAL too slow, could only write 0 of 661 frames
12-09 08:10:59.860 W/audio_hw_generic( 1308): Hardware backing HAL too slow, could only write 0 of 661 frames
12-09 08:10:59.861 W/audio_hw_generic( 1308): Not supplying enough data to HAL, expected position 25019990 , only wrote 25019511
12-09 08:10:59.861 W/audio_hw_generic( 1308): Not supplying enough data to HAL, expected position 25019519 , only wrote 25019511
12-09 08:10:59.861 W/audio_hw_generic( 1308): Hardware backing HAL too slow, could only write 0 of 661 frames
12-09 08:10:59.885 W/audio_hw_generic( 1308): Not supplying enough data to HAL, expected position 25020573 , only wrote 25020172
12-09 08:10:59.885 W/audio_hw_generic( 1308): Hardware backing HAL too slow, could only write 0 of 661 frames
12-09 08:10:59.920 W/audio_hw_generic( 1308): Not supplying enough data to HAL, expected position 25021738 , only wrote 25021494
12-09 08:10:59.920 W/audio_hw_generic( 1308): Hardware backing HAL too slow, could only write 0 of 661 frames
12-09 08:10:59.921 W/audio_hw_generic( 1308): Hardware backing HAL too slow, could only write 0 of 661 frames
12-09 08:10:59.927 I/InputAttributes( 1885): InputType.TYPE_NULL is specified
12-09 08:10:59.935 W/audio_hw_generic( 1308): Hardware backing HAL too slow, could only write 0 of 661 frames
12-09 08:10:59.950 W/audio_hw_generic( 1308): Hardware backing HAL too slow, could only write 0 of 661 frames
12-09 08:10:59.973 W/audio_hw_generic( 1308): Hardware backing HAL too slow, could only write 0 of 661 frames
12-09 08:10:59.983 W/audio_hw_generic( 1308): Hardware backing HAL too slow, could only write 0 of 661 frames
12-09 08:10:59.996 W/audio_hw_generic( 1308): Hardware backing HAL too slow, could only write 0 of 661 frames
12-09 08:11:00.070 W/audio_hw_generic( 1308): Hardware backing HAL too slow, could only write 0 of 661 frames
12-09 08:11:00.093 W/audio_hw_generic( 1308): Hardware backing HAL too slow, could only write 0 of 661 frames
12-09 08:11:00.123 W/audio_hw_generic( 1308): Hardware backing HAL too slow, could only write 0 of 661 frames
12-09 08:11:00.125 I/Choreographer( 1885): Skipped 82 frames!  The application may be doing too much work on its main thread.
12-09 08:11:00.126 D/EGL_emulation( 1885): eglMakeCurrent: 0x7f003259e2e0: ver 2 0 (tinfo 0x7f00325b5d80)
12-09 08:11:00.127 E/Surface ( 1885): getSlotFromBufferLocked: unknown buffer: 0x7f00325923c0
12-09 08:11:00.140 W/audio_hw_generic( 1308): Hardware backing HAL too slow, could only write 0 of 661 frames
12-09 08:11:00.160 W/audio_hw_generic( 1308): Hardware backing HAL too slow, could only write 0 of 661 frames
12-09 08:11:00.197 W/audio_hw_generic( 1308): Hardware backing HAL too slow, could only write 0 of 661 frames
12-09 08:11:00.202 W/audio_hw_generic( 1308): Hardware backing HAL too slow, could only write 0 of 661 frames
12-09 08:11:00.217 W/audio_hw_generic( 1308): Hardware backing HAL too slow, could only write 0 of 661 frames
12-09 08:11:00.220 I/System.out(13463): URI: //map
12-09 08:11:00.220 I/System.out(13463): params: {json={"query":"android.widget.ListView index:0 android.widget.TextView index:0","operation":{"method_name":"query","arguments":[]}}
12-09 08:11:00.220 I/System.out(13463): }
12-09 08:11:00.233 W/audio_hw_generic( 1308): Hardware backing HAL too slow, could only write 0 of 661 frames
12-09 08:11:00.247 W/audio_hw_generic( 1308): Hardware backing HAL too slow, could only write 0 of 661 frames
12-09 08:11:00.262 W/audio_hw_generic( 1308): Hardware backing HAL too slow, could only write 0 of 661 frames
12-09 08:11:00.277 W/audio_hw_generic( 1308): Hardware backing HAL too slow, could only write 0 of 661 frames
12-09 08:11:00.335 I/art     (13463): Background sticky concurrent mark sweep GC freed 24037(1205KB) AllocSpace objects, 2(40KB) LOS objects, 34% free, 2MB/4MB, paused 1.100ms total 108.565ms
12-09 08:11:00.524 W/audio_hw_generic( 1308): Not supplying enough data to HAL, expected position 25048096 , only wrote 25043968
12-09 08:11:00.524 W/audio_hw_generic( 1308): Not supplying enough data to HAL, expected position 25043975 , only wrote 25043968
12-09 08:11:00.540 W/audio_hw_generic( 1308): Not supplying enough data to HAL, expected position 25044667 , only wrote 25044629
12-09 08:11:00.557 W/audio_hw_generic( 1308): Hardware backing HAL too slow, could only write 0 of 661 frames
12-09 08:11:00.573 W/audio_hw_generic( 1308): Hardware backing HAL too slow, could only write 0 of 661 frames
12-09 08:11:00.620 W/audio_hw_generic( 1308): Hardware backing HAL too slow, could only write 0 of 661 frames
12-09 08:11:00.691 W/audio_hw_generic( 1308): Not supplying enough data to HAL, expected position 25051323 , only wrote 25049917
12-09 08:11:00.692 W/audio_hw_generic( 1308): Not supplying enough data to HAL, expected position 25049925 , only wrote 25049917
12-09 08:11:00.709 W/audio_hw_generic( 1308): Not supplying enough data to HAL, expected position 25050688 , only wrote 25050578
12-09 08:11:00.745 W/audio_hw_generic( 1308): Not supplying enough data to HAL, expected position 25052169 , only wrote 25051900
12-09 08:11:00.885 W/audio_hw_generic( 1308): Hardware backing HAL too slow, could only write 0 of 661 frames
12-09 08:11:00.903 W/audio_hw_generic( 1308): Hardware backing HAL too slow, could only write 0 of 661 frames
12-09 08:11:00.959 W/audio_hw_generic( 1308): Hardware backing HAL too slow, could only write 0 of 661 frames
12-09 08:11:00.977 W/audio_hw_generic( 1308): Hardware backing HAL too slow, could only write 0 of 661 frames
12-09 08:11:01.050 W/audio_hw_generic( 1308): Not supplying enough data to HAL, expected position 25065349 , only wrote 25065120
12-09 08:11:01.050 W/audio_hw_generic( 1308): Not supplying enough data to HAL, expected position 25065127 , only wrote 25065120
12-09 08:11:01.061 I/System.out(13463): URI: //gesture
12-09 08:11:01.061 I/System.out(13463): params: {json={"query_timeout":5.0,"gestures":[{"query_string":"android.widget.ListView index:0 android.widget.TextView index:0","touches":[{"x":50,"y":50,"offset_x":0,"offset_y":0,"wait":0.0,"time":0.2,"release":true,"query_string":null}]}]}
12-09 08:11:01.061 I/System.out(13463): }
12-09 08:11:01.174 W/audio_hw_generic( 1308): Not supplying enough data to HAL, expected position 25070580 , only wrote 25069747
12-09 08:11:01.174 W/audio_hw_generic( 1308): Not supplying enough data to HAL, expected position 25069754 , only wrote 25069747
12-09 08:11:01.190 W/audio_hw_generic( 1308): Not supplying enough data to HAL, expected position 25070417 , only wrote 25070408
12-09 08:11:01.357 W/audio_hw_generic( 1308): Not supplying enough data to HAL, expected position 25077788 , only wrote 25073713
12-09 08:11:01.361 W/audio_hw_generic( 1308): Not supplying enough data to HAL, expected position 25073904 , only wrote 25073713
12-09 08:11:01.890 I/art     (13463): Background sticky concurrent mark sweep GC freed 40913(1548KB) AllocSpace objects, 1(20KB) LOS objects, 9% free, 3MB/4MB, paused 1.379ms total 183.028ms
12-09 08:11:01.934 I/ActivityManager( 1594): START u0 {cmp=com.evancharlton.mileage/.FillupInfoActivity (has extras)} from uid 10131 on display 0
12-09 08:11:01.993 W/audio_hw_generic( 1308): Not supplying enough data to HAL, expected position 25075188 , only wrote 25074374
12-09 08:11:01.993 W/audio_hw_generic( 1308): Not supplying enough data to HAL, expected position 25074381 , only wrote 25074374
12-09 08:11:02.009 W/audio_hw_generic( 1308): Hardware backing HAL too slow, could only write 0 of 661 frames
12-09 08:11:02.040 W/audio_hw_generic( 1308): Hardware backing HAL too slow, could only write 0 of 661 frames
12-09 08:11:02.045 D/AudioFlinger( 1308): mixer(0xf4300000) throttle end: throttle time(22)
12-09 08:11:02.054 W/audio_hw_generic( 1308): Hardware backing HAL too slow, could only write 0 of 661 frames
12-09 08:11:02.069 W/audio_hw_generic( 1308): Hardware backing HAL too slow, could only write 0 of 661 frames
12-09 08:11:02.093 W/audio_hw_generic( 1308): Hardware backing HAL too slow, could only write 0 of 661 frames
12-09 08:11:02.099 W/audio_hw_generic( 1308): Hardware backing HAL too slow, could only write 0 of 661 frames
12-09 08:11:02.257 W/audio_hw_generic( 1308): Hardware backing HAL too slow, could only write 0 of 661 frames
12-09 08:11:02.257 W/audio_hw_generic( 1308): Hardware backing HAL too slow, could only write 0 of 661 frames
12-09 08:11:02.285 W/audio_hw_generic( 1308): Hardware backing HAL too slow, could only write 0 of 661 frames
12-09 08:11:02.305 W/audio_hw_generic( 1308): Hardware backing HAL too slow, could only write 0 of 661 frames
12-09 08:11:02.308 I/calabash(13463): newActivity1
12-09 08:11:02.425 I/art     (13463): Background sticky concurrent mark sweep GC freed 22846(1160KB) AllocSpace objects, 1(20KB) LOS objects, 14% free, 3MB/4MB, paused 1.228ms total 113.432ms
12-09 08:11:02.493 V/PhoneStatusBar( 3077): setLightsOn(true)
12-09 08:11:02.526 E/SurfaceFlinger( 1224): ro.sf.lcd_density must be defined as a build property
12-09 08:11:02.535 D/gralloc_ranchu( 1224): gralloc_alloc: Creating ashmem region of size 3686400
12-09 08:11:02.687 D/gralloc_ranchu( 1224): gralloc_alloc: Creating ashmem region of size 3686400
12-09 08:11:02.723 W/audio_hw_generic( 1308): Hardware backing HAL too slow, could only write 0 of 661 frames
12-09 08:11:02.723 W/audio_hw_generic( 1308): Not supplying enough data to HAL, expected position 25106559 , only wrote 25104119
12-09 08:11:02.723 W/audio_hw_generic( 1308): Not supplying enough data to HAL, expected position 25104125 , only wrote 25104119
12-09 08:11:02.783 D/        (13559): HostConnection::get() New Host Connection established 0x7faef7492480, tid 13559
12-09 08:11:02.810 E/EGL_emulation( 1224): tid 1224: eglCreateSyncKHR(1881): error 0x3004 (EGL_BAD_ATTRIBUTE)
12-09 08:11:02.815 W/audio_hw_generic( 1308): Not supplying enough data to HAL, expected position 25108144 , only wrote 25108085
12-09 08:11:02.815 W/audio_hw_generic( 1308): Not supplying enough data to HAL, expected position 25108092 , only wrote 25108085
12-09 08:11:02.848 W/audio_hw_generic( 1308): Not supplying enough data to HAL, expected position 25109553 , only wrote 25108746
12-09 08:11:02.888 W/audio_hw_generic( 1308): Not supplying enough data to HAL, expected position 25110489 , only wrote 25110068
12-09 08:11:03.107 W/art     ( 1594): Long monitor contention event with owner method=void com.android.server.wm.WindowAnimator$1.doFrame(long) from WindowAnimator.java:121 waiters=0 for 106ms
12-09 08:11:03.214 D/gralloc_ranchu( 1224): gralloc_alloc: Creating ashmem region of size 3686400
12-09 08:11:03.322 W/audio_hw_generic( 1308): Not supplying enough data to HAL, expected position 25129247 , only wrote 25129237
12-09 08:11:03.323 W/audio_hw_generic( 1308): Not supplying enough data to HAL, expected position 25129244 , only wrote 25129237
12-09 08:11:03.338 W/audio_hw_generic( 1308): Not supplying enough data to HAL, expected position 25129918 , only wrote 25129898
12-09 08:11:03.469 W/audio_hw_generic( 1308): Not supplying enough data to HAL, expected position 25135689 , only wrote 25135186
12-09 08:11:03.470 W/audio_hw_generic( 1308): Not supplying enough data to HAL, expected position 25135193 , only wrote 25135186
12-09 08:11:03.482 W/art     ( 1594): Long monitor contention event with owner method=void com.android.server.wm.WindowAnimator$1.doFrame(long) from WindowAnimator.java:121 waiters=0 for 157ms
12-09 08:11:03.483 I/ActivityManager( 1594): Displayed com.evancharlton.mileage/.FillupInfoActivity: +1s300ms
12-09 08:11:03.807 I/System.out(13463): URI: //map
12-09 08:11:03.807 I/System.out(13463): params: {json={"query":"android.widget.Button index:1","operation":{"method_name":"query","arguments":[]}}
12-09 08:11:03.807 I/System.out(13463): }
12-09 08:11:03.913 W/audio_hw_generic( 1308): Not supplying enough data to HAL, expected position 25154745 , only wrote 25153033
12-09 08:11:03.943 I/art     (13463): Background sticky concurrent mark sweep GC freed 24821(1220KB) AllocSpace objects, 1(20KB) LOS objects, 21% free, 3MB/4MB, paused 17.488ms total 96.876ms
12-09 08:11:03.945 W/audio_hw_generic( 1308): Hardware backing HAL too slow, could only write 0 of 661 frames
12-09 08:11:03.969 W/audio_hw_generic( 1308): Hardware backing HAL too slow, could only write 0 of 661 frames
12-09 08:11:03.975 W/audio_hw_generic( 1308): Hardware backing HAL too slow, could only write 0 of 661 frames
12-09 08:11:04.045 W/audio_hw_generic( 1308): Not supplying enough data to HAL, expected position 25158854 , only wrote 25157660
12-09 08:11:04.119 W/audio_hw_generic( 1308): Not supplying enough data to HAL, expected position 25160898 , only wrote 25158982
12-09 08:11:04.163 W/audio_hw_generic( 1308): Not supplying enough data to HAL, expected position 25160961 , only wrote 25160304
12-09 08:11:04.223 W/audio_hw_generic( 1308): Hardware backing HAL too slow, could only write 0 of 661 frames
12-09 08:11:04.245 W/audio_hw_generic( 1308): Hardware backing HAL too slow, could only write 0 of 661 frames
12-09 08:11:04.260 W/audio_hw_generic( 1308): Hardware backing HAL too slow, could only write 0 of 661 frames
12-09 08:11:04.326 I/art     (13463): WaitForGcToComplete blocked for 6.885ms for cause Background
12-09 08:11:04.469 W/audio_hw_generic( 1308): Not supplying enough data to HAL, expected position 25173778 , only wrote 25173524
12-09 08:11:04.469 W/audio_hw_generic( 1308): Not supplying enough data to HAL, expected position 25173531 , only wrote 25173524
12-09 08:11:04.471 I/System.out(13463): URI: //gesture
12-09 08:11:04.471 I/System.out(13463): params: {json={"query_timeout":5.0,"gestures":[{"query_string":"android.widget.Button index:1","touches":[{"x":50,"y":50,"offset_x":0,"offset_y":0,"wait":0.0,"time":0.2,"release":true,"query_string":null}]}]}
12-09 08:11:04.471 I/System.out(13463): }
12-09 08:11:04.484 W/audio_hw_generic( 1308): Hardware backing HAL too slow, could only write 0 of 661 frames
12-09 08:11:04.514 W/audio_hw_generic( 1308): Hardware backing HAL too slow, could only write 0 of 661 frames
12-09 08:11:04.515 I/art     (13463): Background sticky concurrent mark sweep GC freed 31733(1488KB) AllocSpace objects, 1(20KB) LOS objects, 8% free, 3MB/4MB, paused 1.711ms total 189.461ms
12-09 08:11:04.529 W/audio_hw_generic( 1308): Hardware backing HAL too slow, could only write 0 of 661 frames
12-09 08:11:04.544 W/audio_hw_generic( 1308): Hardware backing HAL too slow, could only write 0 of 661 frames
12-09 08:11:04.845 I/ActivityManager( 1594): START u0 {cmp=com.evancharlton.mileage/.FillupInfoActivity (has extras)} from uid 10131 on display 0
12-09 08:11:04.922 W/art     (13463): Suspending all threads took: 5.998ms
12-09 08:11:04.925 W/audio_hw_generic( 1308): Hardware backing HAL too slow, could only write 0 of 661 frames
12-09 08:11:05.095 I/calabash(13463): newActivity1
12-09 08:11:05.141 I/art     (13463): Background partial concurrent mark sweep GC freed 27853(1489KB) AllocSpace objects, 6(120KB) LOS objects, 39% free, 3MB/6MB, paused 7.996ms total 270.788ms
12-09 08:11:05.252 V/PhoneStatusBar( 3077): setLightsOn(true)
12-09 08:11:05.286 D/gralloc_ranchu( 1224): gralloc_alloc: Creating ashmem region of size 3686400
12-09 08:11:05.348 W/audio_hw_generic( 1308): Not supplying enough data to HAL, expected position 25212269 , only wrote 25211862
12-09 08:11:05.348 W/audio_hw_generic( 1308): Not supplying enough data to HAL, expected position 25211869 , only wrote 25211862
12-09 08:11:05.366 W/audio_hw_generic( 1308): Not supplying enough data to HAL, expected position 25212598 , only wrote 25212523
12-09 08:11:05.639 W/art     ( 1594): Long monitor contention event with owner method=void com.android.server.wm.WindowAnimator$1.doFrame(long) from WindowAnimator.java:121 waiters=0 for 124ms
12-09 08:11:05.667 D/gralloc_ranchu( 1224): gralloc_alloc: Creating ashmem region of size 3686400
12-09 08:11:05.677 W/audio_hw_generic( 1308): Not supplying enough data to HAL, expected position 25226309 , only wrote 25225743
12-09 08:11:05.677 W/audio_hw_generic( 1308): Not supplying enough data to HAL, expected position 25225751 , only wrote 25225743
12-09 08:11:05.701 W/audio_hw_generic( 1308): Not supplying enough data to HAL, expected position 25226795 , only wrote 25226404
12-09 08:11:05.797 W/audio_hw_generic( 1308): Not supplying enough data to HAL, expected position 25230605 , only wrote 25229709
12-09 08:11:05.946 I/ActivityManager( 1594): Displayed com.evancharlton.mileage/.FillupInfoActivity: +1s93ms
12-09 08:11:06.020 E/SurfaceFlinger( 1224): ro.sf.lcd_density must be defined as a build property
12-09 08:11:06.024 D/gralloc_ranchu( 1224): gralloc_alloc: Creating ashmem region of size 3686400
12-09 08:11:06.053 D/        (13565): HostConnection::get() New Host Connection established 0x7fec12692480, tid 13565
12-09 08:11:06.076 E/EGL_emulation( 1224): tid 1224: eglCreateSyncKHR(1881): error 0x3004 (EGL_BAD_ATTRIBUTE)
12-09 08:11:06.137 W/audio_hw_generic( 1308): Not supplying enough data to HAL, expected position 25244714 , only wrote 25244251
12-09 08:11:06.137 W/audio_hw_generic( 1308): Not supplying enough data to HAL, expected position 25244258 , only wrote 25244251
12-09 08:11:06.154 W/audio_hw_generic( 1308): Not supplying enough data to HAL, expected position 25244993 , only wrote 25244912
12-09 08:11:06.294 W/art     ( 1594): Long monitor contention event with owner method=void com.android.server.wm.WindowAnimator$1.doFrame(long) from WindowAnimator.java:121 waiters=0 for 124ms
12-09 08:11:06.557 W/audio_hw_generic( 1308): Not supplying enough data to HAL, expected position 25262694 , only wrote 25260776
12-09 08:11:06.557 W/audio_hw_generic( 1308): Not supplying enough data to HAL, expected position 25260783 , only wrote 25260776
12-09 08:11:06.572 W/audio_hw_generic( 1308): Hardware backing HAL too slow, could only write 0 of 661 frames
12-09 08:11:06.587 W/audio_hw_generic( 1308): Hardware backing HAL too slow, could only write 0 of 661 frames
12-09 08:11:06.618 W/audio_hw_generic( 1308): Hardware backing HAL too slow, could only write 0 of 661 frames
12-09 08:11:06.619 W/audio_hw_generic( 1308): Hardware backing HAL too slow, could only write 0 of 661 frames
12-09 08:11:06.636 W/audio_hw_generic( 1308): Hardware backing HAL too slow, could only write 0 of 661 frames
12-09 08:11:06.657 W/audio_hw_generic( 1308): Hardware backing HAL too slow, could only write 0 of 661 frames
12-09 08:11:06.678 W/audio_hw_generic( 1308): Hardware backing HAL too slow, could only write 0 of 661 frames
12-09 08:11:06.692 W/audio_hw_generic( 1308): Hardware backing HAL too slow, could only write 0 of 661 frames
12-09 08:11:06.782 D/gralloc_ranchu( 1224): gralloc_alloc: Creating ashmem region of size 3686400
12-09 08:11:06.789 W/audio_hw_generic( 1308): Not supplying enough data to HAL, expected position 25271007 , only wrote 25268047
12-09 08:11:06.789 W/audio_hw_generic( 1308): Not supplying enough data to HAL, expected position 25268055 , only wrote 25268047
12-09 08:11:06.860 W/audio_hw_generic( 1308): Hardware backing HAL too slow, could only write 0 of 661 frames
12-09 08:11:06.860 W/audio_hw_generic( 1308): Hardware backing HAL too slow, could only write 0 of 661 frames
12-09 08:11:06.889 W/audio_hw_generic( 1308): Not supplying enough data to HAL, expected position 25272442 , only wrote 25272013
12-09 08:11:06.889 W/audio_hw_generic( 1308): Hardware backing HAL too slow, could only write 0 of 661 frames
12-09 08:11:06.889 W/audio_hw_generic( 1308): Hardware backing HAL too slow, could only write 0 of 661 frames
12-09 08:11:07.005 W/audio_hw_generic( 1308): Hardware backing HAL too slow, could only write 0 of 661 frames
