--------- beginning of main
12-09 08:28:55.643 D/AndroidRuntime(17658): >>>>>> START com.android.internal.os.RuntimeInit uid 0 <<<<<<
12-09 08:28:55.644 D/AndroidRuntime(17658): CheckJNI is ON
12-09 08:28:55.659 D/ICU     (17658): No timezone override file found: /data/misc/zoneinfo/current/icu/icu_tzdata.dat
12-09 08:28:56.246 E/memtrack(17658): Couldn't load memtrack module (No such file or directory)
12-09 08:28:56.252 E/android.os.Debug(17658): failed to load memtrack module: -2
12-09 08:28:56.261 I/Radio-JNI(17658): register_android_hardware_Radio DONE
12-09 08:28:56.276 D/AndroidRuntime(17658): Calling main entry com.android.commands.am.Am
--------- beginning of system
12-09 08:28:56.407 I/ActivityManager( 1593): Force stopping com.evancharlton.mileage appid=10137 user=0: start instr
12-09 08:28:56.407 I/ActivityManager( 1593): Killing 17641:com.evancharlton.mileage/u0a137 (adj 0): stop com.evancharlton.mileage
12-09 08:28:56.500 W/ActivityManager( 1593): Crash of app com.evancharlton.mileage running instrumentation ComponentInfo{com.evancharlton.mileage.test/sh.calaba.instrumentationbackend.ClearAppData2}
12-09 08:28:56.500 I/ActivityManager( 1593): Force stopping com.evancharlton.mileage appid=10137 user=0: finished inst
12-09 08:28:56.506 I/ActivityManager( 1593): Start proc 17667:com.evancharlton.mileage/u0a137 for added application com.evancharlton.mileage
12-09 08:28:56.509 D/AndroidRuntime(17658): Shutting down VM
12-09 08:28:56.689 W/System  (17667): ClassLoader referenced unknown path: /data/app/com.evancharlton.mileage.test-1/lib/x86_64
12-09 08:28:56.696 W/System  (17667): ClassLoader referenced unknown path: /data/app/com.evancharlton.mileage-1/lib/x86_64
12-09 08:28:56.851 I/System.out(17667): Main activity name automatically set to: com.evancharlton.mileage.Mileage
12-09 08:28:56.851 I/System.out(17667): Calabash did not load Mono. This is only a problem if you are trying to test a Mono application
12-09 08:28:56.852 I/calabash(17667): Test server port: 7102
12-09 08:28:56.853 I/InstrumentationBackend(17667): Added:'GetPreferences', with key:'get_preferences'
12-09 08:28:56.898 I/InstrumentationBackend(17667): Added:'SetPreferences', with key:'set_preferences'
12-09 08:28:56.899 I/InstrumentationBackend(17667): Added:'ClearPreferences', with key:'clear_preferences'
12-09 08:28:56.899 I/InstrumentationBackend(17667): Added:'PressElement', with key:'press_l10n_element'
12-09 08:28:56.899 I/InstrumentationBackend(17667): Added:'WaitForElement', with key:'wait_for_l10n_element'
12-09 08:28:56.899 I/InstrumentationBackend(17667): Added:'NullAction', with key:'nullAction'
12-09 08:28:56.904 I/InstrumentationBackend(17667): Added:'PressKey', with key:'press_key'
12-09 08:28:56.904 I/InstrumentationBackend(17667): Added:'SetActivityOrientation', with key:'set_activity_orientation'
12-09 08:28:56.904 I/InstrumentationBackend(17667): Added:'GetActivityOrientation', with key:'get_activity_orientation'
12-09 08:28:56.905 I/InstrumentationBackend(17667): Added:'FakeGPSLocation', with key:'set_gps_coordinates'
12-09 08:28:56.905 I/InstrumentationBackend(17667): Added:'SetPropertyByCssSelector', with key:'set_property_by_css_selector'
12-09 08:28:56.905 I/InstrumentationBackend(17667): Added:'GetUrl', with key:'get_url'
12-09 08:28:56.945 I/InstrumentationBackend(17667): Added:'ScrollTo', with key:'scroll_to'
12-09 08:28:56.945 I/InstrumentationBackend(17667): Added:'GetLoadProgress', with key:'get_load_progress'
12-09 08:28:56.945 I/InstrumentationBackend(17667): Added:'DumpHtml', with key:'dump_html'
12-09 08:28:56.945 I/InstrumentationBackend(17667): Added:'DumpBodyHtml', with key:'dump_body_html'
12-09 08:28:56.946 I/InstrumentationBackend(17667): Added:'EnterTextByCssSelector', with key:'enter_text_by_selector'
12-09 08:28:56.947 I/InstrumentationBackend(17667): Added:'AndroidSDKVersion', with key:'android_sdk_version'
12-09 08:28:56.947 I/InstrumentationBackend(17667): Added:'Version', with key:'version'
12-09 08:28:56.947 I/InstrumentationBackend(17667): Added:'Drag', with key:'drag'
12-09 08:28:56.947 I/InstrumentationBackend(17667): Added:'TouchCoordinates', with key:'touch_coordinate'
12-09 08:28:56.947 I/InstrumentationBackend(17667): Added:'LongPressCoordinate', with key:'long_press_coordinate'
12-09 08:28:56.953 I/InstrumentationBackend(17667): Added:'DragCoordinates', with key:'drag_coordinates'
12-09 08:28:56.954 I/InstrumentationBackend(17667): Added:'ResumeApplication', with key:'resume_application'
12-09 08:28:56.954 I/InstrumentationBackend(17667): Added:'Swipe', with key:'swipe'
12-09 08:28:56.954 I/InstrumentationBackend(17667): Added:'DoubleTapCoordinate', with key:'double_tap_coordinate'
12-09 08:28:56.954 I/InstrumentationBackend(17667): Added:'ClickOnScreen', with key:'click_on_screen'
12-09 08:28:56.954 I/InstrumentationBackend(17667): Added:'GetActivityName', with key:'get_activity_name'
12-09 08:28:56.955 I/InstrumentationBackend(17667): Added:'ScrollToView', with key:'scroll_to_view'
12-09 08:28:56.955 I/InstrumentationBackend(17667): Added:'ViewConfiguration', with key:'view_configuration'
12-09 08:28:56.955 I/InstrumentationBackend(17667): Added:'IsCurrentActivityFocused', with key:'is_current_activity_focused'
12-09 08:28:56.955 I/InstrumentationBackend(17667): Added:'SendTcp', with key:'send_tcp'
12-09 08:28:56.956 I/InstrumentationBackend(17667): Added:'DpToDevicePixel', with key:'dp_to_device_pixel'
12-09 08:28:56.964 I/InstrumentationBackend(17667): Added:'KeyboardEnterText', with key:'keyboard_enter_text'
12-09 08:28:56.964 I/InstrumentationBackend(17667): Added:'DeleteSurroundingText', with key:'delete_surrounding_text'
12-09 08:28:56.964 I/InstrumentationBackend(17667): Added:'SetComposingRegion', with key:'set_composing_region'
12-09 08:28:56.965 I/InstrumentationBackend(17667): Added:'SetSelection', with key:'set_selection'
12-09 08:28:56.965 I/InstrumentationBackend(17667): Added:'KeyboardKeyEvent', with key:'keyboard_key_event'
12-09 08:28:56.965 I/InstrumentationBackend(17667): Added:'PressUserActionButton', with key:'press_user_action_button'
12-09 08:28:56.965 I/InstrumentationBackend(17667): Added:'HideSoftKeyboard', with key:'hide_soft_keyboard'
12-09 08:28:56.966 I/InstrumentationBackend(17667): Added:'ListActions', with key:'list_actions'
12-09 08:28:56.972 I/calabash(17667): Instantiating http server at 7102
12-09 08:28:56.973 I/System.out(17667): HTTP Daemon listening on: 7102
12-09 08:28:57.079 I/System.out(17667): URI: //ping
12-09 08:28:57.080 I/System.out(17667): params: {json={}
12-09 08:28:57.080 I/System.out(17667): }
12-09 08:28:57.112 I/art     (17667): Background partial concurrent mark sweep GC freed 3781(426KB) AllocSpace objects, 4(80KB) LOS objects, 49% free, 1027KB/2MB, paused 1.145ms total 198.095ms
12-09 08:28:57.225 I/System.out(17667): URI: //ping
12-09 08:28:57.225 I/System.out(17667): params: {json={}
12-09 08:28:57.225 I/System.out(17667): }
12-09 08:28:57.273 I/System.out(17667): URI: //ready
12-09 08:28:57.273 I/System.out(17667): params: {json={}
12-09 08:28:57.273 I/System.out(17667): }
12-09 08:28:57.348 I/System.out(17667): URI: //
12-09 08:28:57.348 I/System.out(17667): params: {json={"command":"version","arguments":[]}
12-09 08:28:57.348 I/System.out(17667): }
12-09 08:28:57.348 I/System.out(17667): header: {date=Sun, 09 Dec 2018 08:28:57 GMT, accept=*/*, content-length=36, host=127.0.0.1:34777, user-agent=HTTPClient/1.0 (2.8.3, ruby 2.3.1 (2016-04-26)), content-type=application/json;charset=utf-8}
12-09 08:28:57.348 I/System.out(17667): params: {json={"command":"version","arguments":[]}
12-09 08:28:57.349 I/System.out(17667): }
12-09 08:28:57.349 I/System.out(17667): ProP json = {"command":"version","arguments":[]}
12-09 08:28:57.349 I/System.out(17667): files: {}
12-09 08:28:57.349 I/System.out(17667): command: {"command":"version","arguments":[]}
12-09 08:28:57.358 I/InstrumentationBackend(17667): Got command:'Command:'Line:null,version', arguments:'[]'
12-09 08:28:57.400 I/System.out(17667): result:{"bonusInformation":[],"message":"0.9.8","success":true}
12-09 08:28:57.481 I/System.out(17667): URI: //start-application
12-09 08:28:57.488 I/System.out(17667): params: {json={"intent":null}
12-09 08:28:57.488 I/System.out(17667): }
12-09 08:28:57.560 I/ActivityManager( 1593): START u0 {act=android.intent.action.MAIN cat=[android.intent.category.LAUNCHER] flg=0x10200000 cmp=com.evancharlton.mileage/.Mileage} from uid 10137 on display 0
12-09 08:28:57.774 W/art     ( 1593): Long monitor contention event with owner method=int com.android.server.wm.WindowManagerService.relayoutWindow(com.android.server.wm.Session, android.view.IWindow, int, android.view.WindowManager$LayoutParams, int, int, int, int, android.graphics.Rect, android.graphics.Rect, android.graphics.Rect, android.graphics.Rect, android.graphics.Rect, android.graphics.Rect, android.content.res.Configuration, android.view.Surface) from WindowManagerService.java:3103 waiters=0 for 144ms
12-09 08:28:57.775 I/calabash(17667): newActivity1
12-09 08:28:57.787 D/gralloc_ranchu( 1224): gralloc_alloc: Creating ashmem region of size 3686400
12-09 08:28:57.841 I/calabash(17667): newActivity1
12-09 08:28:57.843 W/ActivityManager( 1593): Bad activity token: android.os.BinderProxy@71a62aa
12-09 08:28:57.843 W/ActivityManager( 1593): java.lang.ClassCastException: android.os.BinderProxy cannot be cast to com.android.server.am.ActivityRecord$Token
12-09 08:28:57.843 W/ActivityManager( 1593): 	at com.android.server.am.ActivityRecord.forTokenLocked(ActivityRecord.java:424)
12-09 08:28:57.843 W/ActivityManager( 1593): 	at com.android.server.am.ActivityRecord.isInStackLocked(ActivityRecord.java:1121)
12-09 08:28:57.843 W/ActivityManager( 1593): 	at com.android.server.am.ActivityRecord.getStackLocked(ActivityRecord.java:1126)
12-09 08:28:57.843 W/ActivityManager( 1593): 	at com.android.server.am.ActivityManagerService.getActivityDisplayId(ActivityManagerService.java:8889)
12-09 08:28:57.843 W/ActivityManager( 1593): 	at android.app.ActivityManagerNative.onTransact(ActivityManagerNative.java:2338)
12-09 08:28:57.843 W/ActivityManager( 1593): 	at com.android.server.am.ActivityManagerService.onTransact(ActivityManagerService.java:2443)
12-09 08:28:57.843 W/ActivityManager( 1593): 	at android.os.Binder.execTransact(Binder.java:453)
12-09 08:28:57.856 W/ActivityManager( 1593): Bad activity token: android.os.BinderProxy@71a62aa
12-09 08:28:57.856 W/ActivityManager( 1593): java.lang.ClassCastException: android.os.BinderProxy cannot be cast to com.android.server.am.ActivityRecord$Token
12-09 08:28:57.856 W/ActivityManager( 1593): 	at com.android.server.am.ActivityRecord.forTokenLocked(ActivityRecord.java:424)
12-09 08:28:57.856 W/ActivityManager( 1593): 	at com.android.server.am.ActivityRecord.isInStackLocked(ActivityRecord.java:1121)
12-09 08:28:57.856 W/ActivityManager( 1593): 	at com.android.server.am.ActivityManagerService.setTaskDescription(ActivityManagerService.java:8547)
12-09 08:28:57.856 W/ActivityManager( 1593): 	at android.app.ActivityManagerNative.onTransact(ActivityManagerNative.java:2410)
12-09 08:28:57.856 W/ActivityManager( 1593): 	at com.android.server.am.ActivityManagerService.onTransact(ActivityManagerService.java:2443)
12-09 08:28:57.856 W/ActivityManager( 1593): 	at android.os.Binder.execTransact(Binder.java:453)
12-09 08:28:58.066 V/PhoneStatusBar( 1686): setLightsOn(true)
12-09 08:28:58.120 D/EGL_emulation( 1924): eglMakeCurrent: 0x7f78eed74640: ver 2 0 (tinfo 0x7f78eed42860)
12-09 08:28:58.129 E/Surface ( 1924): getSlotFromBufferLocked: unknown buffer: 0x7f78eb2166a0
12-09 08:28:58.338 D/FillupsProvider(17667): Creating database
12-09 08:28:58.416 I/art     (17667): Background sticky concurrent mark sweep GC freed 5790(347KB) AllocSpace objects, 0(0B) LOS objects, 15% free, 1729KB/2MB, paused 5.462ms total 65.305ms
12-09 08:28:58.685 W/ActivityManager( 1593): Bad activity token: android.os.BinderProxy@71a62aa
12-09 08:28:58.685 W/ActivityManager( 1593): java.lang.ClassCastException: android.os.BinderProxy cannot be cast to com.android.server.am.ActivityRecord$Token
12-09 08:28:58.685 W/ActivityManager( 1593): 	at com.android.server.am.ActivityRecord.forTokenLocked(ActivityRecord.java:424)
12-09 08:28:58.685 W/ActivityManager( 1593): 	at com.android.server.am.ActivityRecord.isInStackLocked(ActivityRecord.java:1121)
12-09 08:28:58.685 W/ActivityManager( 1593): 	at com.android.server.am.ActivityManagerService.getActivityOptions(ActivityManagerService.java:11038)
12-09 08:28:58.685 W/ActivityManager( 1593): 	at android.app.ActivityManagerNative.onTransact(ActivityManagerNative.java:1734)
12-09 08:28:58.685 W/ActivityManager( 1593): 	at com.android.server.am.ActivityManagerService.onTransact(ActivityManagerService.java:2443)
12-09 08:28:58.685 W/ActivityManager( 1593): 	at android.os.Binder.execTransact(Binder.java:453)
12-09 08:28:58.686 W/ActivityManager( 1593): Bad activity token: android.os.BinderProxy@71a62aa
12-09 08:28:58.686 W/ActivityManager( 1593): java.lang.ClassCastException: android.os.BinderProxy cannot be cast to com.android.server.am.ActivityRecord$Token
12-09 08:28:58.686 W/ActivityManager( 1593): 	at com.android.server.am.ActivityRecord.forTokenLocked(ActivityRecord.java:424)
12-09 08:28:58.686 W/ActivityManager( 1593): 	at com.android.server.am.ActivityRecord.isInStackLocked(ActivityRecord.java:1121)
12-09 08:28:58.686 W/ActivityManager( 1593): 	at com.android.server.am.ActivityManagerService.getActivityOptions(ActivityManagerService.java:11038)
12-09 08:28:58.686 W/ActivityManager( 1593): 	at android.app.ActivityManagerNative.onTransact(ActivityManagerNative.java:1734)
12-09 08:28:58.686 W/ActivityManager( 1593): 	at com.android.server.am.ActivityManagerService.onTransact(ActivityManagerService.java:2443)
12-09 08:28:58.686 W/ActivityManager( 1593): 	at android.os.Binder.execTransact(Binder.java:453)
12-09 08:28:58.708 I/art     (17667): Background sticky concurrent mark sweep GC freed 1616(161KB) AllocSpace objects, 0(0B) LOS objects, 0% free, 2043KB/2MB, paused 6.687ms total 21.647ms
12-09 08:28:58.943 I/art     (17667): Background partial concurrent mark sweep GC freed 809(138KB) AllocSpace objects, 1(20KB) LOS objects, 39% free, 1843KB/3MB, paused 23.460ms total 80.709ms
12-09 08:28:59.137 W/art     ( 1593): Long monitor contention event with owner method=void com.android.server.wm.WindowAnimator$1.doFrame(long) from WindowAnimator.java:121 waiters=1 for 257ms
12-09 08:28:59.519 D/gralloc_ranchu( 1224): gralloc_alloc: Creating ashmem region of size 3686400
12-09 08:28:59.582 D/        (17667): HostConnection::get() New Host Connection established 0x7f78eb339f20, tid 17667
12-09 08:28:59.605 D/hwcomposer( 1224): hw_composer sent 652 syncs in 60s
12-09 08:28:59.687 I/ActivityManager( 1593): Displayed com.evancharlton.mileage/.Mileage: +2s75ms
12-09 08:28:59.718 D/gralloc_ranchu( 1224): gralloc_alloc: Creating ashmem region of size 3686400
12-09 08:29:00.077 W/art     ( 1593): Long monitor contention event with owner method=void com.android.server.wm.WindowAnimator$1.doFrame(long) from WindowAnimator.java:121 waiters=0 for 155ms
12-09 08:29:00.217 W/art     ( 1593): Long monitor contention event with owner method=void com.android.server.wm.WindowAnimator$1.doFrame(long) from WindowAnimator.java:121 waiters=0 for 139ms
12-09 08:29:00.381 I/System.out(17667): URI: //
12-09 08:29:00.381 I/System.out(17667): params: {json={"command":"set_activity_orientation","arguments":["landscape"]}
12-09 08:29:00.381 I/System.out(17667): }
12-09 08:29:00.381 I/System.out(17667): header: {date=Sun, 09 Dec 2018 08:29:00 GMT, accept=*/*, content-length=64, host=127.0.0.1:34777, user-agent=HTTPClient/1.0 (2.8.3, ruby 2.3.1 (2016-04-26)), content-type=application/json;charset=utf-8}
12-09 08:29:00.381 I/System.out(17667): params: {json={"command":"set_activity_orientation","arguments":["landscape"]}
12-09 08:29:00.381 I/System.out(17667): }
12-09 08:29:00.381 I/System.out(17667): ProP json = {"command":"set_activity_orientation","arguments":["landscape"]}
12-09 08:29:00.382 I/System.out(17667): files: {}
12-09 08:29:00.382 I/System.out(17667): command: {"command":"set_activity_orientation","arguments":["landscape"]}
12-09 08:29:00.383 I/InstrumentationBackend(17667): Got command:'Command:'Line:null,set_activity_orientation', arguments:'[landscape]'
12-09 08:29:00.452 D/gralloc_ranchu( 1224): gralloc_alloc: Creating ashmem region of size 3686400
12-09 08:29:00.476 E/EGL_emulation( 1224): tid 1224: eglCreateSyncKHR(1881): error 0x3004 (EGL_BAD_ATTRIBUTE)
12-09 08:29:00.631 I/ActivityManager( 1593): Config changes=480 {1.0 310mcc260mnc en_US ldltr sw720dp w1280dp h696dp 160dpi xlrg long land finger -keyb/v/h tball/v s.50}
12-09 08:29:00.639 I/InputReader( 1593): Reconfiguring input devices.  changes=0x00000004
12-09 08:29:00.639 I/InputReader( 1593): Device reconfigured: id=0, name='qwerty2', size 720x1280, orientation 1, mode 1, display id 0
12-09 08:29:00.750 D/gralloc_ranchu( 1224): gralloc_alloc: Creating ashmem region of size 3686400
12-09 08:29:00.791 W/art     ( 1593): Long monitor contention event with owner method=void com.android.server.am.ActivityManagerService.setRequestedOrientation(android.os.IBinder, int) from ActivityManagerService.java:4192 waiters=0 for 403ms
12-09 08:29:00.800 W/art     ( 1593): Long monitor contention event with owner method=void com.android.server.am.ActivityManagerService.setRequestedOrientation(android.os.IBinder, int) from ActivityManagerService.java:4192 waiters=1 for 294ms
12-09 08:29:00.968 D/EGL_emulation( 1686): eglMakeCurrent: 0x7f78eed759a0: ver 2 0 (tinfo 0x7f78e3188360)
12-09 08:29:00.969 E/Surface ( 1686): getSlotFromBufferLocked: unknown buffer: 0x7f78e246f740
12-09 08:29:00.975 I/System.out(17667): result:{"bonusInformation":[],"message":"","success":true}
12-09 08:29:00.981 D/EGL_emulation( 1686): eglMakeCurrent: 0x7f78eed759a0: ver 2 0 (tinfo 0x7f78e3188360)
12-09 08:29:01.061 I/art     (17667): Background sticky concurrent mark sweep GC freed 26418(1196KB) AllocSpace objects, 3(60KB) LOS objects, 33% free, 2MB/3MB, paused 14.639ms total 148.103ms
12-09 08:29:01.071 I/calabash(17667): newActivity1
12-09 08:29:01.082 I/calabash(17667): newActivity1
12-09 08:29:01.083 W/ActivityManager( 1593): Bad activity token: android.os.BinderProxy@992906f
12-09 08:29:01.083 W/ActivityManager( 1593): java.lang.ClassCastException: android.os.BinderProxy cannot be cast to com.android.server.am.ActivityRecord$Token
12-09 08:29:01.083 W/ActivityManager( 1593): 	at com.android.server.am.ActivityRecord.forTokenLocked(ActivityRecord.java:424)
12-09 08:29:01.083 W/ActivityManager( 1593): 	at com.android.server.am.ActivityRecord.isInStackLocked(ActivityRecord.java:1121)
12-09 08:29:01.083 W/ActivityManager( 1593): 	at com.android.server.am.ActivityRecord.getStackLocked(ActivityRecord.java:1126)
12-09 08:29:01.083 W/ActivityManager( 1593): 	at com.android.server.am.ActivityManagerService.getActivityDisplayId(ActivityManagerService.java:8889)
12-09 08:29:01.083 W/ActivityManager( 1593): 	at android.app.ActivityManagerNative.onTransact(ActivityManagerNative.java:2338)
12-09 08:29:01.083 W/ActivityManager( 1593): 	at com.android.server.am.ActivityManagerService.onTransact(ActivityManagerService.java:2443)
12-09 08:29:01.083 W/ActivityManager( 1593): 	at android.os.Binder.execTransact(Binder.java:453)
12-09 08:29:01.132 W/ActivityManager( 1593): Bad activity token: android.os.BinderProxy@992906f
12-09 08:29:01.132 W/ActivityManager( 1593): java.lang.ClassCastException: android.os.BinderProxy cannot be cast to com.android.server.am.ActivityRecord$Token
12-09 08:29:01.132 W/ActivityManager( 1593): 	at com.android.server.am.ActivityRecord.forTokenLocked(ActivityRecord.java:424)
12-09 08:29:01.132 W/ActivityManager( 1593): 	at com.android.server.am.ActivityRecord.isInStackLocked(ActivityRecord.java:1121)
12-09 08:29:01.132 W/ActivityManager( 1593): 	at com.android.server.am.ActivityManagerService.setTaskDescription(ActivityManagerService.java:8547)
12-09 08:29:01.132 W/ActivityManager( 1593): 	at android.app.ActivityManagerNative.onTransact(ActivityManagerNative.java:2410)
12-09 08:29:01.132 W/ActivityManager( 1593): 	at com.android.server.am.ActivityManagerService.onTransact(ActivityManagerService.java:2443)
12-09 08:29:01.132 W/ActivityManager( 1593): 	at android.os.Binder.execTransact(Binder.java:453)
12-09 08:29:01.165 W/ActivityManager( 1593): Bad activity token: android.os.BinderProxy@992906f
12-09 08:29:01.165 W/ActivityManager( 1593): java.lang.ClassCastException: android.os.BinderProxy cannot be cast to com.android.server.am.ActivityRecord$Token
12-09 08:29:01.165 W/ActivityManager( 1593): 	at com.android.server.am.ActivityRecord.forTokenLocked(ActivityRecord.java:424)
12-09 08:29:01.165 W/ActivityManager( 1593): 	at com.android.server.am.ActivityRecord.isInStackLocked(ActivityRecord.java:1121)
12-09 08:29:01.165 W/ActivityManager( 1593): 	at com.android.server.am.ActivityManagerService.getActivityOptions(ActivityManagerService.java:11038)
12-09 08:29:01.165 W/ActivityManager( 1593): 	at android.app.ActivityManagerNative.onTransact(ActivityManagerNative.java:1734)
12-09 08:29:01.165 W/ActivityManager( 1593): 	at com.android.server.am.ActivityManagerService.onTransact(ActivityManagerService.java:2443)
12-09 08:29:01.165 W/ActivityManager( 1593): 	at android.os.Binder.execTransact(Binder.java:453)
12-09 08:29:01.166 W/ActivityManager( 1593): Bad activity token: android.os.BinderProxy@992906f
12-09 08:29:01.166 W/ActivityManager( 1593): java.lang.ClassCastException: android.os.BinderProxy cannot be cast to com.android.server.am.ActivityRecord$Token
12-09 08:29:01.166 W/ActivityManager( 1593): 	at com.android.server.am.ActivityRecord.forTokenLocked(ActivityRecord.java:424)
12-09 08:29:01.166 W/ActivityManager( 1593): 	at com.android.server.am.ActivityRecord.isInStackLocked(ActivityRecord.java:1121)
12-09 08:29:01.166 W/ActivityManager( 1593): 	at com.android.server.am.ActivityManagerService.getActivityOptions(ActivityManagerService.java:11038)
12-09 08:29:01.166 W/ActivityManager( 1593): 	at android.app.ActivityManagerNative.onTransact(ActivityManagerNative.java:1734)
12-09 08:29:01.166 W/ActivityManager( 1593): 	at com.android.server.am.ActivityManagerService.onTransact(ActivityManagerService.java:2443)
12-09 08:29:01.166 W/ActivityManager( 1593): 	at android.os.Binder.execTransact(Binder.java:453)
12-09 08:29:01.199 I/WindowManager( 1593): Screen frozen for +810ms due to Window{6389d02 u0 com.evancharlton.mileage/com.evancharlton.mileage.Mileage}
12-09 08:29:01.370 W/art     ( 1593): Long monitor contention event with owner method=void com.android.server.wm.WindowManagerService$H.handleMessage(android.os.Message) from WindowManagerService.java:7820 waiters=0 for 167ms
12-09 08:29:01.671 I/Choreographer(17667): Skipped 41 frames!  The application may be doing too much work on its main thread.
12-09 08:29:01.846 W/art     ( 1593): Long monitor contention event with owner method=void com.android.server.wm.WindowAnimator$1.doFrame(long) from WindowAnimator.java:121 waiters=0 for 126ms
12-09 08:29:02.044 D/gralloc_ranchu( 1224): gralloc_alloc: Creating ashmem region of size 3686400
12-09 08:29:02.289 D/gralloc_ranchu( 1224): gralloc_alloc: Creating ashmem region of size 3686400
12-09 08:29:02.968 D/gralloc_ranchu( 1224): gralloc_alloc: Creating ashmem region of size 3686400
12-09 08:29:03.349 I/art     ( 1593): Starting a blocking GC Explicit
12-09 08:29:03.497 I/art     ( 1593): Explicit concurrent mark sweep GC freed 12256(1003KB) AllocSpace objects, 4(80KB) LOS objects, 29% free, 9MB/13MB, paused 13.535ms total 147.365ms
12-09 08:29:03.557 E/SurfaceFlinger( 1224): ro.sf.lcd_density must be defined as a build property
12-09 08:29:03.558 D/gralloc_ranchu( 1224): gralloc_alloc: Creating ashmem region of size 3686400
12-09 08:29:03.579 D/        (17696): HostConnection::get() New Host Connection established 0x7f89bc792480, tid 17696
12-09 08:29:03.628 E/EGL_emulation( 1224): tid 1224: eglCreateSyncKHR(1881): error 0x3004 (EGL_BAD_ATTRIBUTE)
12-09 08:29:04.500 I/System.out(17667): URI: //
12-09 08:29:04.500 I/System.out(17667): params: {json={"command":"set_activity_orientation","arguments":["portrait"]}
12-09 08:29:04.500 I/System.out(17667): }
12-09 08:29:04.500 I/System.out(17667): header: {date=Sun, 09 Dec 2018 08:29:04 GMT, accept=*/*, content-length=63, host=127.0.0.1:34777, user-agent=HTTPClient/1.0 (2.8.3, ruby 2.3.1 (2016-04-26)), content-type=application/json;charset=utf-8}
12-09 08:29:04.500 I/System.out(17667): params: {json={"command":"set_activity_orientation","arguments":["portrait"]}
12-09 08:29:04.500 I/System.out(17667): }
12-09 08:29:04.500 I/System.out(17667): ProP json = {"command":"set_activity_orientation","arguments":["portrait"]}
12-09 08:29:04.500 I/System.out(17667): files: {}
12-09 08:29:04.501 I/System.out(17667): command: {"command":"set_activity_orientation","arguments":["portrait"]}
12-09 08:29:04.502 I/InstrumentationBackend(17667): Got command:'Command:'Line:null,set_activity_orientation', arguments:'[portrait]'
12-09 08:29:04.505 D/gralloc_ranchu( 1224): gralloc_alloc: Creating ashmem region of size 3686400
12-09 08:29:04.557 E/EGL_emulation( 1224): tid 1224: eglCreateSyncKHR(1881): error 0x3004 (EGL_BAD_ATTRIBUTE)
12-09 08:29:04.674 I/InputReader( 1593): Reconfiguring input devices.  changes=0x00000004
12-09 08:29:04.674 I/InputReader( 1593): Device reconfigured: id=0, name='qwerty2', size 720x1280, orientation 0, mode 1, display id 0
12-09 08:29:04.676 I/ActivityManager( 1593): Config changes=480 {1.0 310mcc260mnc en_US ldltr sw720dp w720dp h1256dp 160dpi xlrg long port finger -keyb/v/h tball/v s.51}
12-09 08:29:04.999 I/calabash(17667): newActivity1
12-09 08:29:05.013 D/EGL_emulation( 1686): eglMakeCurrent: 0x7f78eed759a0: ver 2 0 (tinfo 0x7f78e3188360)
12-09 08:29:05.014 E/Surface ( 1686): getSlotFromBufferLocked: unknown buffer: 0x7f78e24703c0
12-09 08:29:05.015 D/EGL_emulation( 1686): eglMakeCurrent: 0x7f78eed759a0: ver 2 0 (tinfo 0x7f78e3188360)
12-09 08:29:05.039 I/calabash(17667): newActivity1
12-09 08:29:05.049 W/ActivityManager( 1593): Bad activity token: android.os.BinderProxy@e7684bd
12-09 08:29:05.049 W/ActivityManager( 1593): java.lang.ClassCastException: android.os.BinderProxy cannot be cast to com.android.server.am.ActivityRecord$Token
12-09 08:29:05.049 W/ActivityManager( 1593): 	at com.android.server.am.ActivityRecord.forTokenLocked(ActivityRecord.java:424)
12-09 08:29:05.049 W/ActivityManager( 1593): 	at com.android.server.am.ActivityRecord.isInStackLocked(ActivityRecord.java:1121)
12-09 08:29:05.049 W/ActivityManager( 1593): 	at com.android.server.am.ActivityRecord.getStackLocked(ActivityRecord.java:1126)
12-09 08:29:05.049 W/ActivityManager( 1593): 	at com.android.server.am.ActivityManagerService.getActivityDisplayId(ActivityManagerService.java:8889)
12-09 08:29:05.049 W/ActivityManager( 1593): 	at android.app.ActivityManagerNative.onTransact(ActivityManagerNative.java:2338)
12-09 08:29:05.049 W/ActivityManager( 1593): 	at com.android.server.am.ActivityManagerService.onTransact(ActivityManagerService.java:2443)
12-09 08:29:05.049 W/ActivityManager( 1593): 	at android.os.Binder.execTransact(Binder.java:453)
12-09 08:29:05.051 W/ActivityManager( 1593): Bad activity token: android.os.BinderProxy@e7684bd
12-09 08:29:05.051 W/ActivityManager( 1593): java.lang.ClassCastException: android.os.BinderProxy cannot be cast to com.android.server.am.ActivityRecord$Token
12-09 08:29:05.051 W/ActivityManager( 1593): 	at com.android.server.am.ActivityRecord.forTokenLocked(ActivityRecord.java:424)
12-09 08:29:05.051 W/ActivityManager( 1593): 	at com.android.server.am.ActivityRecord.isInStackLocked(ActivityRecord.java:1121)
12-09 08:29:05.051 W/ActivityManager( 1593): 	at com.android.server.am.ActivityManagerService.setTaskDescription(ActivityManagerService.java:8547)
12-09 08:29:05.051 W/ActivityManager( 1593): 	at android.app.ActivityManagerNative.onTransact(ActivityManagerNative.java:2410)
12-09 08:29:05.051 W/ActivityManager( 1593): 	at com.android.server.am.ActivityManagerService.onTransact(ActivityManagerService.java:2443)
12-09 08:29:05.051 W/ActivityManager( 1593): 	at android.os.Binder.execTransact(Binder.java:453)
12-09 08:29:05.074 I/System.out(17667): result:{"bonusInformation":[],"message":"","success":true}
12-09 08:29:05.130 W/ActivityManager( 1593): Bad activity token: android.os.BinderProxy@e7684bd
12-09 08:29:05.130 W/ActivityManager( 1593): java.lang.ClassCastException: android.os.BinderProxy cannot be cast to com.android.server.am.ActivityRecord$Token
12-09 08:29:05.130 W/ActivityManager( 1593): 	at com.android.server.am.ActivityRecord.forTokenLocked(ActivityRecord.java:424)
12-09 08:29:05.130 W/ActivityManager( 1593): 	at com.android.server.am.ActivityRecord.isInStackLocked(ActivityRecord.java:1121)
12-09 08:29:05.130 W/ActivityManager( 1593): 	at com.android.server.am.ActivityManagerService.getActivityOptions(ActivityManagerService.java:11038)
12-09 08:29:05.130 W/ActivityManager( 1593): 	at android.app.ActivityManagerNative.onTransact(ActivityManagerNative.java:1734)
12-09 08:29:05.130 W/ActivityManager( 1593): 	at com.android.server.am.ActivityManagerService.onTransact(ActivityManagerService.java:2443)
12-09 08:29:05.130 W/ActivityManager( 1593): 	at android.os.Binder.execTransact(Binder.java:453)
12-09 08:29:05.130 W/ActivityManager( 1593): Bad activity token: android.os.BinderProxy@e7684bd
12-09 08:29:05.130 W/ActivityManager( 1593): java.lang.ClassCastException: android.os.BinderProxy cannot be cast to com.android.server.am.ActivityRecord$Token
12-09 08:29:05.130 W/ActivityManager( 1593): 	at com.android.server.am.ActivityRecord.forTokenLocked(ActivityRecord.java:424)
12-09 08:29:05.130 W/ActivityManager( 1593): 	at com.android.server.am.ActivityRecord.isInStackLocked(ActivityRecord.java:1121)
12-09 08:29:05.130 W/ActivityManager( 1593): 	at com.android.server.am.ActivityManagerService.getActivityOptions(ActivityManagerService.java:11038)
12-09 08:29:05.130 W/ActivityManager( 1593): 	at android.app.ActivityManagerNative.onTransact(ActivityManagerNative.java:1734)
12-09 08:29:05.130 W/ActivityManager( 1593): 	at com.android.server.am.ActivityManagerService.onTransact(ActivityManagerService.java:2443)
12-09 08:29:05.130 W/ActivityManager( 1593): 	at android.os.Binder.execTransact(Binder.java:453)
12-09 08:29:05.166 I/WindowManager( 1593): Screen frozen for +663ms due to Window{d55d151 u0 StatusBar}
12-09 08:29:05.458 D/gralloc_ranchu( 1224): gralloc_alloc: Creating ashmem region of size 3686400
12-09 08:29:05.959 W/art     ( 1593): Long monitor contention event with owner method=void com.android.server.wm.WindowAnimator$1.doFrame(long) from WindowAnimator.java:121 waiters=0 for 125ms
12-09 08:29:06.168 D/gralloc_ranchu( 1224): gralloc_alloc: Creating ashmem region of size 3686400
12-09 08:29:06.445 D/gralloc_ranchu( 1224): gralloc_alloc: Creating ashmem region of size 3686400
12-09 08:29:07.289 I/art     ( 1593): Starting a blocking GC Explicit
12-09 08:29:07.330 E/SurfaceFlinger( 1224): ro.sf.lcd_density must be defined as a build property
12-09 08:29:07.335 I/art     ( 1593): Explicit concurrent mark sweep GC freed 4573(339KB) AllocSpace objects, 0(0B) LOS objects, 30% free, 9MB/13MB, paused 7.135ms total 45.795ms
12-09 08:29:07.337 D/gralloc_ranchu( 1224): gralloc_alloc: Creating ashmem region of size 3686400
12-09 08:29:07.381 D/        (17702): HostConnection::get() New Host Connection established 0x7f72007d2480, tid 17702
12-09 08:29:07.418 E/EGL_emulation( 1224): tid 1224: eglCreateSyncKHR(1881): error 0x3004 (EGL_BAD_ATTRIBUTE)
