12-09 07:41:47.606 W/ActivityManager( 1591): java.lang.ClassCastException: android.os.BinderProxy cannot be cast to com.android.server.am.ActivityRecord$Token
12-09 07:41:47.606 W/ActivityManager( 1591): 	at com.android.server.am.ActivityRecord.forTokenLocked(ActivityRecord.java:424)
12-09 07:41:47.606 W/ActivityManager( 1591): 	at com.android.server.am.ActivityRecord.isInStackLocked(ActivityRecord.java:1121)
12-09 07:41:47.606 W/ActivityManager( 1591): 	at com.android.server.am.ActivityManagerService.getActivityOptions(ActivityManagerService.java:11038)
12-09 07:41:47.606 W/ActivityManager( 1591): 	at android.app.ActivityManagerNative.onTransact(ActivityManagerNative.java:1734)
12-09 07:41:47.606 W/ActivityManager( 1591): 	at com.android.server.am.ActivityManagerService.onTransact(ActivityManagerService.java:2443)
12-09 07:41:47.606 W/ActivityManager( 1591): 	at android.os.Binder.execTransact(Binder.java:453)
12-09 07:41:47.734 V/PhoneStatusBar( 1685): setLightsOn(true)
12-09 07:41:47.741 D/gralloc_ranchu( 1218): gralloc_alloc: Creating ashmem region of size 3686400
12-09 07:41:47.918 I/System.out( 4934): URI: //gesture
12-09 07:41:47.919 I/System.out( 4934): params: {json={"query_timeout":5.0,"gestures":[{"query_string":"android.widget.TabWidget descendant TextView index:2","touches":[{"x":50,"y":50,"offset_x":0,"offset_y":0,"wait":0.0,"time":0.2,"release":true,"query_string":null}]}]}
12-09 07:41:47.919 I/System.out( 4934): }
12-09 07:41:48.584 I/Choreographer( 4934): Skipped 38 frames!  The application may be doing too much work on its main thread.
12-09 07:41:48.584 D/gralloc_ranchu( 1218): gralloc_alloc: Creating ashmem region of size 3686400
12-09 07:41:48.925 W/art     ( 1591): Long monitor contention event with owner method=void com.android.server.wm.WindowAnimator$1.doFrame(long) from WindowAnimator.java:121 waiters=0 for 162ms
12-09 07:41:49.394 D/gralloc_ranchu( 1218): gralloc_alloc: Creating ashmem region of size 3686400
12-09 07:41:49.487 I/calabash( 4934): newActivity1
12-09 07:41:49.502 W/ActivityManager( 1591): Bad activity token: android.os.BinderProxy@c90f968
12-09 07:41:49.502 W/ActivityManager( 1591): java.lang.ClassCastException: android.os.BinderProxy cannot be cast to com.android.server.am.ActivityRecord$Token
12-09 07:41:49.502 W/ActivityManager( 1591): 	at com.android.server.am.ActivityRecord.forTokenLocked(ActivityRecord.java:424)
12-09 07:41:49.502 W/ActivityManager( 1591): 	at com.android.server.am.ActivityRecord.isInStackLocked(ActivityRecord.java:1121)
12-09 07:41:49.502 W/ActivityManager( 1591): 	at com.android.server.am.ActivityRecord.getStackLocked(ActivityRecord.java:1126)
12-09 07:41:49.502 W/ActivityManager( 1591): 	at com.android.server.am.ActivityManagerService.getActivityDisplayId(ActivityManagerService.java:8889)
12-09 07:41:49.502 W/ActivityManager( 1591): 	at android.app.ActivityManagerNative.onTransact(ActivityManagerNative.java:2338)
12-09 07:41:49.502 W/ActivityManager( 1591): 	at com.android.server.am.ActivityManagerService.onTransact(ActivityManagerService.java:2443)
12-09 07:41:49.502 W/ActivityManager( 1591): 	at android.os.Binder.execTransact(Binder.java:453)
12-09 07:41:49.503 W/ActivityManager( 1591): Bad activity token: android.os.BinderProxy@c90f968
12-09 07:41:49.503 W/ActivityManager( 1591): java.lang.ClassCastException: android.os.BinderProxy cannot be cast to com.android.server.am.ActivityRecord$Token
12-09 07:41:49.503 W/ActivityManager( 1591): 	at com.android.server.am.ActivityRecord.forTokenLocked(ActivityRecord.java:424)
12-09 07:41:49.503 W/ActivityManager( 1591): 	at com.android.server.am.ActivityRecord.isInStackLocked(ActivityRecord.java:1121)
12-09 07:41:49.503 W/ActivityManager( 1591): 	at com.android.server.am.ActivityManagerService.setTaskDescription(ActivityManagerService.java:8547)
12-09 07:41:49.503 W/ActivityManager( 1591): 	at android.app.ActivityManagerNative.onTransact(ActivityManagerNative.java:2410)
12-09 07:41:49.503 W/ActivityManager( 1591): 	at com.android.server.am.ActivityManagerService.onTransact(ActivityManagerService.java:2443)
12-09 07:41:49.503 W/ActivityManager( 1591): 	at android.os.Binder.execTransact(Binder.java:453)
12-09 07:41:49.561 W/audio_hw_generic( 1306): Hardware backing HAL too slow, could only write 0 of 661 frames
12-09 07:41:49.580 W/audio_hw_generic( 1306): Hardware backing HAL too slow, could only write 0 of 661 frames
12-09 07:41:49.581 W/art     ( 4934): Suspending all threads took: 6.834ms
12-09 07:41:49.616 D/VehicleStatisticsActivity( 4934): Checking recalculation ...
12-09 07:41:49.616 D/VehicleStatisticsActivity( 4934): Recalculating statistics
12-09 07:41:49.652 D/VehicleStatisticsTask( 4934): Calculation starting...
12-09 07:41:49.652 D/VehicleStatisticsActivity( 4934): Recalculation started!
12-09 07:41:49.700 W/ActivityManager( 1591): Bad activity token: android.os.BinderProxy@c90f968
12-09 07:41:49.700 W/ActivityManager( 1591): java.lang.ClassCastException: android.os.BinderProxy cannot be cast to com.android.server.am.ActivityRecord$Token
12-09 07:41:49.700 W/ActivityManager( 1591): 	at com.android.server.am.ActivityRecord.forTokenLocked(ActivityRecord.java:424)
12-09 07:41:49.700 W/ActivityManager( 1591): 	at com.android.server.am.ActivityRecord.isInStackLocked(ActivityRecord.java:1121)
12-09 07:41:49.700 W/ActivityManager( 1591): 	at com.android.server.am.ActivityManagerService.getActivityOptions(ActivityManagerService.java:11038)
12-09 07:41:49.700 W/ActivityManager( 1591): 	at android.app.ActivityManagerNative.onTransact(ActivityManagerNative.java:1734)
12-09 07:41:49.700 W/ActivityManager( 1591): 	at com.android.server.am.ActivityManagerService.onTransact(ActivityManagerService.java:2443)
12-09 07:41:49.700 W/ActivityManager( 1591): 	at android.os.Binder.execTransact(Binder.java:453)
12-09 07:41:49.700 W/ActivityManager( 1591): Bad activity token: android.os.BinderProxy@c90f968
12-09 07:41:49.700 W/ActivityManager( 1591): java.lang.ClassCastException: android.os.BinderProxy cannot be cast to com.android.server.am.ActivityRecord$Token
12-09 07:41:49.700 W/ActivityManager( 1591): 	at com.android.server.am.ActivityRecord.forTokenLocked(ActivityRecord.java:424)
12-09 07:41:49.700 W/ActivityManager( 1591): 	at com.android.server.am.ActivityRecord.isInStackLocked(ActivityRecord.java:1121)
12-09 07:41:49.700 W/ActivityManager( 1591): 	at com.android.server.am.ActivityManagerService.getActivityOptions(ActivityManagerService.java:11038)
12-09 07:41:49.700 W/ActivityManager( 1591): 	at android.app.ActivityManagerNative.onTransact(ActivityManagerNative.java:1734)
12-09 07:41:49.700 W/ActivityManager( 1591): 	at com.android.server.am.ActivityManagerService.onTransact(ActivityManagerService.java:2443)
12-09 07:41:49.700 W/ActivityManager( 1591): 	at android.os.Binder.execTransact(Binder.java:453)
12-09 07:41:49.707 D/VehicleStatisticsActivity( 4934): Checking recalculation ...
12-09 07:41:49.721 I/art     ( 4934): Background sticky concurrent mark sweep GC freed 56490(2MB) AllocSpace objects, 2(40KB) LOS objects, 25% free, 3MB/4MB, paused 39.608ms total 220.005ms
12-09 07:41:49.726 D/VehicleStatisticsActivity( 4934): Recalculating statistics
12-09 07:41:49.726 D/VehicleStatisticsTask( 4934): Calculation starting...
12-09 07:41:49.726 D/VehicleStatisticsActivity( 4934): Recalculation started!
12-09 07:41:49.728 D/CalculateTask( 4934): Recalculating...
12-09 07:41:49.895 D/CalculateTask( 4934): Recalculating...
12-09 07:41:49.971 D/Mileage.ABS( 4934): Finished backup
12-09 07:41:49.982 D/VehicleStatisticsTask( 4934): Done recalculating!
12-09 07:41:50.015 D/VehicleStatisticsAdapter( 4934): Erasing the cache ...
12-09 07:41:50.059 D/Mileage.ABS( 4934): Not backing up; 98
12-09 07:41:50.060 D/VehicleStatisticsAdapter( 4934): Building new values ...
12-09 07:41:50.074 D/VehicleStatisticsAdapter( 4934): Writing 29 records to the database ...
12-09 07:41:50.157 E/SurfaceFlinger( 1218): ro.sf.lcd_density must be defined as a build property
12-09 07:41:50.166 D/Mileage.ABS( 4934): Not backing up; 205
12-09 07:41:50.166 D/VehicleStatisticsTask( 4934): Done recalculating!
12-09 07:41:50.168 D/gralloc_ranchu( 1218): gralloc_alloc: Creating ashmem region of size 3686400
12-09 07:41:50.176 D/VehicleStatisticsAdapter( 4934): Erasing the cache ...
12-09 07:41:50.280 D/VehicleStatisticsAdapter( 4934): Building new values ...
12-09 07:41:50.280 D/VehicleStatisticsAdapter( 4934): Writing 29 records to the database ...
12-09 07:41:50.283 D/Mileage.ABS( 4934): Not backing up; 321
12-09 07:41:50.284 D/Mileage.ABS( 4934): Not backing up; 323
12-09 07:41:50.285 D/Mileage.ABS( 4934): Not backing up; 324
12-09 07:41:50.336 D/Mileage.ABS( 4934): Not backing up; 375
12-09 07:41:50.371 D/Mileage.ABS( 4934): Not backing up; 410
12-09 07:41:50.382 D/        ( 5058): HostConnection::get() New Host Connection established 0x7fab31592480, tid 5058
12-09 07:41:50.437 E/EGL_emulation( 1218): tid 1218: eglCreateSyncKHR(1881): error 0x3004 (EGL_BAD_ATTRIBUTE)
12-09 07:41:50.464 W/audio_hw_generic( 1306): Not supplying enough data to HAL, expected position 5201802 , only wrote 5199426
12-09 07:41:50.464 W/audio_hw_generic( 1306): Not supplying enough data to HAL, expected position 5199432 , only wrote 5199426
12-09 07:41:50.549 W/audio_hw_generic( 1306): Not supplying enough data to HAL, expected position 5203186 , only wrote 5200087
12-09 07:41:50.555 D/Mileage.ABS( 4934): Not backing up; 594
12-09 07:41:50.615 D/Mileage.ABS( 4934): Not backing up; 654
12-09 07:41:50.694 D/Mileage.ABS( 4934): Not backing up; 733
12-09 07:41:50.726 D/Mileage.ABS( 4934): Not backing up; 765
12-09 07:41:50.787 D/Mileage.ABS( 4934): Not backing up; 826
12-09 07:41:50.839 D/Mileage.ABS( 4934): Not backing up; 878
12-09 07:41:50.839 D/Mileage.ABS( 4934): Not backing up; 878
12-09 07:41:50.954 W/audio_hw_generic( 1306): Not supplying enough data to HAL, expected position 5217920 , only wrote 5217273
12-09 07:41:50.954 W/audio_hw_generic( 1306): Not supplying enough data to HAL, expected position 5217279 , only wrote 5217273
12-09 07:41:50.973 W/audio_hw_generic( 1306): Not supplying enough data to HAL, expected position 5218107 , only wrote 5217934
12-09 07:41:50.977 D/Mileage.ABS( 4934): Finished backup
12-09 07:41:51.003 W/audio_hw_generic( 1306): Not supplying enough data to HAL, expected position 5219259 , only wrote 5219256
12-09 07:41:51.003 W/audio_hw_generic( 1306): Hardware backing HAL too slow, could only write 0 of 661 frames
12-09 07:41:51.029 W/audio_hw_generic( 1306): Hardware backing HAL too slow, could only write 0 of 661 frames
12-09 07:41:51.045 W/audio_hw_generic( 1306): Hardware backing HAL too slow, could only write 0 of 661 frames
12-09 07:41:51.061 W/audio_hw_generic( 1306): Hardware backing HAL too slow, could only write 0 of 661 frames
12-09 07:41:51.089 W/audio_hw_generic( 1306): Hardware backing HAL too slow, could only write 0 of 661 frames
12-09 07:41:51.090 W/audio_hw_generic( 1306): Hardware backing HAL too slow, could only write 0 of 661 frames
12-09 07:41:51.113 W/audio_hw_generic( 1306): Not supplying enough data to HAL, expected position 5224110 , only wrote 5223883
12-09 07:41:51.113 W/audio_hw_generic( 1306): Hardware backing HAL too slow, could only write 0 of 661 frames
12-09 07:41:51.113 W/audio_hw_generic( 1306): Hardware backing HAL too slow, could only write 0 of 661 frames
12-09 07:41:51.193 W/audio_hw_generic( 1306): Hardware backing HAL too slow, could only write 0 of 661 frames
12-09 07:41:51.198 I/System.out( 4934): URI: //map
12-09 07:41:51.198 I/System.out( 4934): params: {json={"query":"* {text CONTAINS[c] 'Average fuel economy'}","operation":{"method_name":"query","arguments":[]}}
12-09 07:41:51.198 I/System.out( 4934): }
12-09 07:41:51.225 W/audio_hw_generic( 1306): Hardware backing HAL too slow, could only write 0 of 661 frames
12-09 07:41:51.225 W/audio_hw_generic( 1306): Hardware backing HAL too slow, could only write 0 of 661 frames
12-09 07:41:51.241 W/audio_hw_generic( 1306): Hardware backing HAL too slow, could only write 0 of 661 frames
12-09 07:41:51.257 W/audio_hw_generic( 1306): Hardware backing HAL too slow, could only write 0 of 661 frames
12-09 07:41:51.274 W/audio_hw_generic( 1306): Hardware backing HAL too slow, could only write 0 of 661 frames
12-09 07:41:51.348 I/art     ( 4934): Background sticky concurrent mark sweep GC freed 20574(903KB) AllocSpace objects, 2(40KB) LOS objects, 20% free, 3MB/4MB, paused 1.442ms total 117.762ms
12-09 07:41:51.411 D/Mileage.ABS( 4934): Not backing up; 447
12-09 07:41:51.430 D/Mileage.ABS( 4934): Not backing up; 465
12-09 07:41:51.430 D/Mileage.ABS( 4934): Not backing up; 466
12-09 07:41:51.430 D/Mileage.ABS( 4934): Not backing up; 466
12-09 07:41:51.431 D/Mileage.ABS( 4934): Not backing up; 467
12-09 07:41:51.472 W/audio_hw_generic( 1306): Not supplying enough data to HAL, expected position 5239723 , only wrote 5239086
12-09 07:41:51.472 W/audio_hw_generic( 1306): Not supplying enough data to HAL, expected position 5239092 , only wrote 5239086
12-09 07:41:51.492 W/audio_hw_generic( 1306): Not supplying enough data to HAL, expected position 5239964 , only wrote 5239747
12-09 07:41:51.519 W/audio_hw_generic( 1306): Hardware backing HAL too slow, could only write 0 of 661 frames
12-09 07:41:51.538 W/audio_hw_generic( 1306): Hardware backing HAL too slow, could only write 0 of 661 frames
12-09 07:41:51.569 W/audio_hw_generic( 1306): Hardware backing HAL too slow, could only write 0 of 661 frames
12-09 07:41:51.594 W/audio_hw_generic( 1306): Hardware backing HAL too slow, could only write 0 of 661 frames
12-09 07:41:51.677 D/Mileage.ABS( 4934): Not backing up; 713
12-09 07:41:51.754 D/Mileage.ABS( 4934): Not backing up; 790
12-09 07:41:51.754 D/Mileage.ABS( 4934): Not backing up; 790
12-09 07:41:51.754 D/Mileage.ABS( 4934): Not backing up; 790
12-09 07:41:51.754 D/Mileage.ABS( 4934): Not backing up; 790
12-09 07:41:51.755 D/Mileage.ABS( 4934): Not backing up; 791
12-09 07:41:51.755 D/Mileage.ABS( 4934): Not backing up; 791
12-09 07:41:51.755 D/Mileage.ABS( 4934): Not backing up; 791
12-09 07:41:51.855 D/Mileage.ABS( 4934): Not backing up; 891
12-09 07:41:51.855 D/Mileage.ABS( 4934): Not backing up; 891
12-09 07:41:51.856 D/Mileage.ABS( 4934): Not backing up; 892
12-09 07:41:51.877 I/art     ( 4934): Background sticky concurrent mark sweep GC freed 35602(1671KB) AllocSpace objects, 1(20KB) LOS objects, 19% free, 4MB/4MB, paused 3.840ms total 135.436ms
12-09 07:41:51.878 I/System.out( 4934): URI: //gesture
12-09 07:41:51.878 I/System.out( 4934): params: {json={"query_timeout":5.0,"gestures":[{"query_string":"* {text CONTAINS[c] 'Average fuel economy'}","touches":[{"x":50,"y":50,"offset_x":0,"offset_y":0,"wait":0.0,"time":0.2,"release":true,"query_string":null}]}]}
12-09 07:41:51.878 I/System.out( 4934): }
12-09 07:41:51.962 D/Mileage.ABS( 4934): Not backing up; 998
12-09 07:41:52.022 D/Mileage.ABS( 4934): Finished backup
12-09 07:41:52.032 D/Mileage.ABS( 4934): Not backing up; 64
12-09 07:41:52.058 D/Mileage.ABS( 4934): Not backing up; 89
12-09 07:41:52.058 D/Mileage.ABS( 4934): Not backing up; 90
12-09 07:41:52.058 D/Mileage.ABS( 4934): Not backing up; 90
12-09 07:41:52.059 D/Mileage.ABS( 4934): Not backing up; 91
12-09 07:41:52.059 D/Mileage.ABS( 4934): Not backing up; 91
12-09 07:41:52.060 D/Mileage.ABS( 4934): Not backing up; 92
12-09 07:41:52.060 D/Mileage.ABS( 4934): Not backing up; 92
12-09 07:41:52.060 D/Mileage.ABS( 4934): Not backing up; 92
12-09 07:41:52.099 D/Mileage.ABS( 4934): Not backing up; 131
12-09 07:41:52.100 D/Mileage.ABS( 4934): Not backing up; 132
12-09 07:41:52.139 D/Mileage.ABS( 4934): Not backing up; 171
12-09 07:41:52.139 D/Mileage.ABS( 4934): Not backing up; 171
12-09 07:41:52.364 D/Mileage.ABS( 4934): Not backing up; 396
12-09 07:41:52.371 D/Mileage.ABS( 4934): Not backing up; 403
12-09 07:41:52.446 D/VehicleStatisticsAdapter( 4934): Caching of 29 records complete! (2.166 seconds)
12-09 07:41:52.447 D/Mileage.ABS( 4934): Not backing up; 479
12-09 07:41:52.447 D/Mileage.ABS( 4934): Not backing up; 479
12-09 07:41:52.448 D/Mileage.ABS( 4934): Not backing up; 480
12-09 07:41:52.454 D/Mileage.ABS( 4934): Not backing up; 486
12-09 07:41:52.460 I/ActivityManager( 1591): START u0 {cmp=com.evancharlton.mileage/.charts.AverageFuelEconomyChart (has extras)} from uid 10117 on display 0
12-09 07:41:52.492 D/Mileage.ABS( 4934): Not backing up; 524
12-09 07:41:52.513 W/audio_hw_generic( 1306): Not supplying enough data to HAL, expected position 5284759 , only wrote 5284695
12-09 07:41:52.516 D/Mileage.ABS( 4934): Not backing up; 548
12-09 07:41:52.529 W/audio_hw_generic( 1306): Not supplying enough data to HAL, expected position 5285394 , only wrote 5285356
12-09 07:41:52.530 D/Mileage.ABS( 4934): Not backing up; 562
12-09 07:41:52.530 D/Mileage.ABS( 4934): Not backing up; 562
12-09 07:41:52.538 D/Mileage.ABS( 4934): Not backing up; 570
12-09 07:41:52.538 D/Mileage.ABS( 4934): Not backing up; 570
12-09 07:41:52.560 W/audio_hw_generic( 1306): Hardware backing HAL too slow, could only write 0 of 661 frames
12-09 07:41:52.684 D/VehicleStatisticsAdapter( 4934): Caching of 29 records complete! (2.61 seconds)
12-09 07:41:52.724 D/Mileage.ABS( 4934): Not backing up; 756
12-09 07:41:52.730 D/Mileage.ABS( 4934): Not backing up; 761
12-09 07:41:52.730 D/Mileage.ABS( 4934): Not backing up; 762
12-09 07:41:52.731 I/calabash( 4934): newActivity1
12-09 07:41:52.773 W/aiCharts( 4934): License file is invalid or missing. 
12-09 07:41:52.773 W/aiCharts( 4934): Please place proper license.lic to /assets folder.
12-09 07:41:52.928 W/audio_hw_generic( 1306): Not supplying enough data to HAL, expected position 5302954 , only wrote 5302542
12-09 07:41:52.930 V/PhoneStatusBar( 1685): setLightsOn(true)
12-09 07:41:52.961 W/audio_hw_generic( 1306): Hardware backing HAL too slow, could only write 0 of 661 frames
12-09 07:41:52.976 W/audio_hw_generic( 1306): Hardware backing HAL too slow, could only write 0 of 661 frames
12-09 07:41:52.998 W/audio_hw_generic( 1306): Hardware backing HAL too slow, could only write 0 of 661 frames
12-09 07:41:53.065 W/audio_hw_generic( 1306): Not supplying enough data to HAL, expected position 5308596 , only wrote 5307169
12-09 07:41:53.065 W/audio_hw_generic( 1306): Not supplying enough data to HAL, expected position 5307175 , only wrote 5307169
12-09 07:41:53.081 W/audio_hw_generic( 1306): Not supplying enough data to HAL, expected position 5307850 , only wrote 5307830
12-09 07:41:53.081 W/audio_hw_generic( 1306): Hardware backing HAL too slow, could only write 0 of 661 frames
12-09 07:41:53.081 W/audio_hw_generic( 1306): Hardware backing HAL too slow, could only write 0 of 661 frames
12-09 07:41:53.102 W/audio_hw_generic( 1306): Hardware backing HAL too slow, could only write 0 of 661 frames
12-09 07:41:53.133 W/audio_hw_generic( 1306): Hardware backing HAL too slow, could only write 0 of 661 frames
12-09 07:41:53.133 W/audio_hw_generic( 1306): Hardware backing HAL too slow, could only write 0 of 661 frames
12-09 07:41:53.154 I/art     ( 4934): Background sticky concurrent mark sweep GC freed 1716(197KB) AllocSpace objects, 1(20KB) LOS objects, 8% free, 4MB/4MB, paused 1.079ms total 158.805ms
12-09 07:41:53.166 W/audio_hw_generic( 1306): Hardware backing HAL too slow, could only write 0 of 661 frames
12-09 07:41:53.203 D/gralloc_ranchu( 1218): gralloc_alloc: Creating ashmem region of size 372736
12-09 07:41:53.312 E/SurfaceFlinger( 1218): ro.sf.lcd_density must be defined as a build property
12-09 07:41:53.366 D/gralloc_ranchu( 1218): gralloc_alloc: Creating ashmem region of size 3686400
12-09 07:41:53.449 W/audio_hw_generic( 1306): Not supplying enough data to HAL, expected position 5324082 , only wrote 5321711
12-09 07:41:53.450 W/audio_hw_generic( 1306): Not supplying enough data to HAL, expected position 5321719 , only wrote 5321711
12-09 07:41:53.479 W/audio_hw_generic( 1306): Not supplying enough data to HAL, expected position 5323025 , only wrote 5322372
12-09 07:41:53.526 D/        ( 5080): HostConnection::get() New Host Connection established 0x7f82db6d2480, tid 5080
12-09 07:41:53.550 E/EGL_emulation( 1218): tid 1218: eglCreateSyncKHR(1881): error 0x3004 (EGL_BAD_ATTRIBUTE)
12-09 07:41:53.618 W/audio_hw_generic( 1306): Hardware backing HAL too slow, could only write 0 of 661 frames
12-09 07:41:53.624 W/art     ( 1591): Long monitor contention event with owner method=void com.android.server.wm.WindowAnimator$1.doFrame(long) from WindowAnimator.java:121 waiters=0 for 256ms
12-09 07:41:53.632 W/audio_hw_generic( 1306): Hardware backing HAL too slow, could only write 0 of 661 frames
12-09 07:41:53.666 W/audio_hw_generic( 1306): Hardware backing HAL too slow, could only write 0 of 661 frames
12-09 07:41:53.745 W/audio_hw_generic( 1306): Not supplying enough data to HAL, expected position 5334103 , only wrote 5332948
12-09 07:41:53.940 W/audio_hw_generic( 1306): Not supplying enough data to HAL, expected position 5341546 , only wrote 5341541
12-09 07:41:53.948 W/art     ( 1591): Long monitor contention event with owner method=void com.android.server.wm.WindowAnimator$1.doFrame(long) from WindowAnimator.java:121 waiters=1 for 192ms
12-09 07:41:54.084 W/art     ( 1591): Long monitor contention event with owner method=void com.android.server.wm.WindowAnimator$1.doFrame(long) from WindowAnimator.java:121 waiters=1 for 209ms
12-09 07:41:54.093 W/audio_hw_generic( 1306): Not supplying enough data to HAL, expected position 5348251 , only wrote 5348151
12-09 07:41:54.094 W/audio_hw_generic( 1306): Not supplying enough data to HAL, expected position 5348213 , only wrote 5348151
12-09 07:41:54.134 W/audio_hw_generic( 1306): Not supplying enough data to HAL, expected position 5349902 , only wrote 5348812
12-09 07:41:54.180 W/art     ( 1591): Long monitor contention event with owner method=void com.android.server.wm.WindowAnimator$1.doFrame(long) from WindowAnimator.java:121 waiters=1 for 232ms
12-09 07:41:54.251 W/audio_hw_generic( 1306): Not supplying enough data to HAL, expected position 5353974 , only wrote 5353439
12-09 07:41:54.251 W/audio_hw_generic( 1306): Not supplying enough data to HAL, expected position 5353445 , only wrote 5353439
12-09 07:41:54.429 W/art     ( 1591): Long monitor contention event with owner method=void com.android.server.wm.WindowAnimator$1.doFrame(long) from WindowAnimator.java:121 waiters=1 for 248ms
12-09 07:41:54.638 W/audio_hw_generic( 1306): Not supplying enough data to HAL, expected position 5370500 , only wrote 5369964
12-09 07:41:54.670 W/audio_hw_generic( 1306): Not supplying enough data to HAL, expected position 5371360 , only wrote 5371286
12-09 07:41:54.676 W/art     ( 1591): Long monitor contention event with owner method=void com.android.server.wm.WindowAnimator$1.doFrame(long) from WindowAnimator.java:121 waiters=1 for 389ms
12-09 07:41:54.676 W/art     ( 1591): Long monitor contention event with owner method=java.util.List com.android.server.am.ActivityManagerService.getAllStackInfos() from ActivityManagerService.java:8937 waiters=0 for 425ms
12-09 07:41:54.677 D/gralloc_ranchu( 1218): gralloc_alloc: Creating ashmem region of size 3686400
12-09 07:41:55.073 W/audio_hw_generic( 1306): Hardware backing HAL too slow, could only write 0 of 661 frames
12-09 07:41:55.089 W/audio_hw_generic( 1306): Hardware backing HAL too slow, could only write 0 of 661 frames
12-09 07:41:55.121 W/audio_hw_generic( 1306): Hardware backing HAL too slow, could only write 0 of 661 frames
12-09 07:41:55.133 W/audio_hw_generic( 1306): Hardware backing HAL too slow, could only write 0 of 661 frames
12-09 07:41:55.212 W/audio_hw_generic( 1306): Not supplying enough data to HAL, expected position 5395210 , only wrote 5395082
12-09 07:41:55.212 W/audio_hw_generic( 1306): Not supplying enough data to HAL, expected position 5395088 , only wrote 5395082
