--------- beginning of system
12-09 08:32:13.709 W/ActivityManager( 1591): Duplicate finish request for ActivityRecord{144253e u0 com.evancharlton.mileage/.Mileage t472 f}
12-09 08:32:13.710 W/ActivityManager( 1591): Duplicate finish request for ActivityRecord{144253e u0 com.evancharlton.mileage/.Mileage t472 f}
12-09 08:32:13.710 W/ActivityManager( 1591): Duplicate finish request for ActivityRecord{144253e u0 com.evancharlton.mileage/.Mileage t472 f}
12-09 08:32:13.710 W/ActivityManager( 1591): Duplicate finish request for ActivityRecord{144253e u0 com.evancharlton.mileage/.Mileage t472 f}
12-09 08:32:13.710 W/ActivityManager( 1591): Duplicate finish request for ActivityRecord{144253e u0 com.evancharlton.mileage/.Mileage t472 f}
12-09 08:32:13.710 W/ActivityManager( 1591): Duplicate finish request for ActivityRecord{144253e u0 com.evancharlton.mileage/.Mileage t472 f}
12-09 08:32:13.710 W/ActivityManager( 1591): Duplicate finish request for ActivityRecord{144253e u0 com.evancharlton.mileage/.Mileage t472 f}
12-09 08:32:13.710 W/ActivityManager( 1591): Duplicate finish request for ActivityRecord{144253e u0 com.evancharlton.mileage/.Mileage t472 f}
12-09 08:32:13.796 W/ActivityManager( 1591): Duplicate finish request for ActivityRecord{144253e u0 com.evancharlton.mileage/.Mileage t472 f}
12-09 08:32:13.808 W/ActivityManager( 1591): Duplicate finish request for ActivityRecord{144253e u0 com.evancharlton.mileage/.Mileage t472 f}
12-09 08:32:13.808 W/ActivityManager( 1591): Duplicate finish request for ActivityRecord{144253e u0 com.evancharlton.mileage/.Mileage t472 f}
--------- beginning of main
12-09 08:32:13.889 D/gralloc_ranchu( 1218): gralloc_alloc: Creating ashmem region of size 708608
12-09 08:32:13.938 E/EGL_emulation( 1218): tid 1218: eglCreateSyncKHR(1881): error 0x3004 (EGL_BAD_ATTRIBUTE)
12-09 08:32:14.036 I/art     ( 1591): Background partial concurrent mark sweep GC freed 27950(2000KB) AllocSpace objects, 17(340KB) LOS objects, 29% free, 9MB/13MB, paused 10.186ms total 61.588ms
12-09 08:32:14.045 W/ActivityManager( 1591): Finishing task with all activities already finished
12-09 08:32:14.046 W/ActivityManager( 1591): Duplicate finish request for ActivityRecord{55ba96a u0 com.evancharlton.mileage/.charts.AverageFuelEconomyChart t472 f}
12-09 08:32:14.175 D/EGL_emulation( 1934): eglMakeCurrent: 0x7fe2a92f4640: ver 2 0 (tinfo 0x7fe2a92c2c80)
12-09 08:32:14.585 D/AndroidRuntime(18509): >>>>>> START com.android.internal.os.RuntimeInit uid 0 <<<<<<
12-09 08:32:14.597 D/AndroidRuntime(18509): CheckJNI is ON
12-09 08:32:14.668 D/ICU     (18509): No timezone override file found: /data/misc/zoneinfo/current/icu/icu_tzdata.dat
12-09 08:32:14.813 W/art     ( 1591): Long monitor contention event with owner method=void com.android.server.wm.WindowAnimator$1.doFrame(long) from WindowAnimator.java:121 waiters=0 for 104ms
12-09 08:32:14.833 E/memtrack(18509): Couldn't load memtrack module (No such file or directory)
12-09 08:32:14.843 E/android.os.Debug(18509): failed to load memtrack module: -2
12-09 08:32:14.844 I/Radio-JNI(18509): register_android_hardware_Radio DONE
12-09 08:32:14.876 D/AndroidRuntime(18509): Calling main entry com.android.commands.am.Am
12-09 08:32:14.878 I/ActivityManager( 1591): Force stopping com.evancharlton.mileage appid=10139 user=0: start instr
12-09 08:32:14.878 I/ActivityManager( 1591): Killing 18352:com.evancharlton.mileage/u0a139 (adj 0): stop com.evancharlton.mileage
12-09 08:32:15.005 W/ActivityManager( 1591): Crash of app com.evancharlton.mileage running instrumentation ComponentInfo{com.evancharlton.mileage.test/sh.calaba.instrumentationbackend.CalabashInstrumentationTestRunner}
12-09 08:32:15.005 I/ActivityManager( 1591): Force stopping com.evancharlton.mileage appid=10139 user=0: finished inst
12-09 08:32:15.352 W/art     ( 1591): Long monitor contention event with owner method=void com.android.server.wm.WindowAnimator$1.doFrame(long) from WindowAnimator.java:121 waiters=3 for 333ms
12-09 08:32:15.452 W/art     ( 1591): Long monitor contention event with owner method=void com.android.server.wm.WindowAnimator$1.doFrame(long) from WindowAnimator.java:121 waiters=3 for 312ms
12-09 08:32:15.780 W/art     ( 1591): Long monitor contention event with owner method=void com.android.server.wm.WindowAnimator$1.doFrame(long) from WindowAnimator.java:121 waiters=3 for 597ms
12-09 08:32:15.780 W/art     ( 1591): Long monitor contention event with owner method=void com.android.server.wm.WindowAnimator$1.doFrame(long) from WindowAnimator.java:121 waiters=3 for 537ms
12-09 08:32:15.791 I/WindowState( 1591): WIN DEATH: Window{3f1eaa4 u0 com.evancharlton.mileage/com.evancharlton.mileage.charts.AverageFuelEconomyChart EXITING}
12-09 08:32:15.792 I/Choreographer( 1934): Skipped 95 frames!  The application may be doing too much work on its main thread.
12-09 08:32:15.838 I/ActivityManager( 1591): Start proc 18518:com.evancharlton.mileage/u0a139 for added application com.evancharlton.mileage
12-09 08:32:15.839 W/OpenGLRenderer( 1934): Incorrectly called buildLayer on View: ShortcutAndWidgetContainer, destroying layer...
12-09 08:32:15.890 W/art     ( 1591): Long monitor contention event with owner method=boolean com.android.server.am.ActivityManagerService.startInstrumentation(android.content.ComponentName, java.lang.String, int, android.os.Bundle, android.app.IInstrumentationWatcher, android.app.IUiAutomationConnection, int, java.lang.String) from ActivityManagerService.java:17066 waiters=1 for 890ms
12-09 08:32:15.890 W/ActivityManager( 1591): Spurious death for ProcessRecord{9f04741 0:com.evancharlton.mileage/u0a139}, curProc for 18352: null
12-09 08:32:15.890 W/art     ( 1591): Long monitor contention event with owner method=boolean com.android.server.am.ActivityManagerService.startInstrumentation(android.content.ComponentName, java.lang.String, int, android.os.Bundle, android.app.IInstrumentationWatcher, android.app.IUiAutomationConnection, int, java.lang.String) from ActivityManagerService.java:17066 waiters=2 for 823ms
12-09 08:32:15.891 W/art     ( 1591): Long monitor contention event with owner method=boolean com.android.server.am.ActivityManagerService.startInstrumentation(android.content.ComponentName, java.lang.String, int, android.os.Bundle, android.app.IInstrumentationWatcher, android.app.IUiAutomationConnection, int, java.lang.String) from ActivityManagerService.java:17066 waiters=0 for 968ms
12-09 08:32:15.931 D/AndroidRuntime(18509): Shutting down VM
12-09 08:32:16.106 W/System  (18518): ClassLoader referenced unknown path: /data/app/com.evancharlton.mileage.test-1/lib/x86_64
12-09 08:32:16.106 W/System  (18518): ClassLoader referenced unknown path: /data/app/com.evancharlton.mileage-1/lib/x86_64
12-09 08:32:16.174 I/System.out(18518): Main activity name automatically set to: com.evancharlton.mileage.Mileage
12-09 08:32:16.174 I/System.out(18518): Calabash did not load Mono. This is only a problem if you are trying to test a Mono application
12-09 08:32:16.180 I/calabash(18518): Test server port: 7102
12-09 08:32:16.181 I/InstrumentationBackend(18518): Added:'GetPreferences', with key:'get_preferences'
12-09 08:32:16.300 I/InstrumentationBackend(18518): Added:'SetPreferences', with key:'set_preferences'
12-09 08:32:16.311 I/InstrumentationBackend(18518): Added:'ClearPreferences', with key:'clear_preferences'
12-09 08:32:16.311 I/InstrumentationBackend(18518): Added:'PressElement', with key:'press_l10n_element'
12-09 08:32:16.312 I/InstrumentationBackend(18518): Added:'WaitForElement', with key:'wait_for_l10n_element'
12-09 08:32:16.312 I/InstrumentationBackend(18518): Added:'NullAction', with key:'nullAction'
12-09 08:32:16.312 I/InstrumentationBackend(18518): Added:'PressKey', with key:'press_key'
12-09 08:32:16.312 I/InstrumentationBackend(18518): Added:'SetActivityOrientation', with key:'set_activity_orientation'
12-09 08:32:16.313 I/InstrumentationBackend(18518): Added:'GetActivityOrientation', with key:'get_activity_orientation'
12-09 08:32:16.313 I/InstrumentationBackend(18518): Added:'FakeGPSLocation', with key:'set_gps_coordinates'
12-09 08:32:16.313 I/InstrumentationBackend(18518): Added:'SetPropertyByCssSelector', with key:'set_property_by_css_selector'
12-09 08:32:16.313 I/InstrumentationBackend(18518): Added:'GetUrl', with key:'get_url'
12-09 08:32:16.314 I/InstrumentationBackend(18518): Added:'ScrollTo', with key:'scroll_to'
12-09 08:32:16.314 I/InstrumentationBackend(18518): Added:'GetLoadProgress', with key:'get_load_progress'
12-09 08:32:16.314 I/InstrumentationBackend(18518): Added:'DumpHtml', with key:'dump_html'
12-09 08:32:16.323 I/InstrumentationBackend(18518): Added:'DumpBodyHtml', with key:'dump_body_html'
12-09 08:32:16.323 I/InstrumentationBackend(18518): Added:'EnterTextByCssSelector', with key:'enter_text_by_selector'
12-09 08:32:16.324 I/InstrumentationBackend(18518): Added:'AndroidSDKVersion', with key:'android_sdk_version'
12-09 08:32:16.324 I/InstrumentationBackend(18518): Added:'Version', with key:'version'
12-09 08:32:16.324 I/InstrumentationBackend(18518): Added:'Drag', with key:'drag'
12-09 08:32:16.325 I/InstrumentationBackend(18518): Added:'TouchCoordinates', with key:'touch_coordinate'
12-09 08:32:16.325 I/InstrumentationBackend(18518): Added:'LongPressCoordinate', with key:'long_press_coordinate'
12-09 08:32:16.325 I/InstrumentationBackend(18518): Added:'DragCoordinates', with key:'drag_coordinates'
12-09 08:32:16.325 I/InstrumentationBackend(18518): Added:'ResumeApplication', with key:'resume_application'
12-09 08:32:16.326 I/InstrumentationBackend(18518): Added:'Swipe', with key:'swipe'
12-09 08:32:16.326 I/InstrumentationBackend(18518): Added:'DoubleTapCoordinate', with key:'double_tap_coordinate'
12-09 08:32:16.326 I/InstrumentationBackend(18518): Added:'ClickOnScreen', with key:'click_on_screen'
12-09 08:32:16.326 I/InstrumentationBackend(18518): Added:'GetActivityName', with key:'get_activity_name'
12-09 08:32:16.326 I/InstrumentationBackend(18518): Added:'ScrollToView', with key:'scroll_to_view'
12-09 08:32:16.339 I/InstrumentationBackend(18518): Added:'ViewConfiguration', with key:'view_configuration'
12-09 08:32:16.340 I/InstrumentationBackend(18518): Added:'IsCurrentActivityFocused', with key:'is_current_activity_focused'
12-09 08:32:16.340 I/InstrumentationBackend(18518): Added:'SendTcp', with key:'send_tcp'
12-09 08:32:16.340 I/InstrumentationBackend(18518): Added:'DpToDevicePixel', with key:'dp_to_device_pixel'
12-09 08:32:16.341 I/InstrumentationBackend(18518): Added:'KeyboardEnterText', with key:'keyboard_enter_text'
12-09 08:32:16.341 I/InstrumentationBackend(18518): Added:'DeleteSurroundingText', with key:'delete_surrounding_text'
12-09 08:32:16.341 I/InstrumentationBackend(18518): Added:'SetComposingRegion', with key:'set_composing_region'
12-09 08:32:16.341 I/InstrumentationBackend(18518): Added:'SetSelection', with key:'set_selection'
12-09 08:32:16.341 I/InstrumentationBackend(18518): Added:'KeyboardKeyEvent', with key:'keyboard_key_event'
12-09 08:32:16.342 I/InstrumentationBackend(18518): Added:'PressUserActionButton', with key:'press_user_action_button'
12-09 08:32:16.342 I/InstrumentationBackend(18518): Added:'HideSoftKeyboard', with key:'hide_soft_keyboard'
12-09 08:32:16.342 I/InstrumentationBackend(18518): Added:'ListActions', with key:'list_actions'
12-09 08:32:16.355 I/calabash(18518): Instantiating http server at 7102
12-09 08:32:16.356 I/System.out(18518): HTTP Daemon listening on: 7102
12-09 08:32:16.487 I/System.out(18518): URI: //ping
12-09 08:32:16.488 I/System.out(18518): params: {json={}
12-09 08:32:16.488 I/System.out(18518): }
12-09 08:32:16.528 W/WindowAnimator( 1591): Failed to dispatch window animation state change.
12-09 08:32:16.528 W/WindowAnimator( 1591): android.os.DeadObjectException
12-09 08:32:16.528 W/WindowAnimator( 1591): 	at android.os.BinderProxy.transactNative(Native Method)
12-09 08:32:16.528 W/WindowAnimator( 1591): 	at android.os.BinderProxy.transact(Binder.java:503)
12-09 08:32:16.528 W/WindowAnimator( 1591): 	at android.view.IWindow$Stub$Proxy.onAnimationStopped(IWindow.java:534)
12-09 08:32:16.528 W/WindowAnimator( 1591): 	at com.android.server.wm.WindowAnimator.updateWindowsLocked(WindowAnimator.java:286)
12-09 08:32:16.528 W/WindowAnimator( 1591): 	at com.android.server.wm.WindowAnimator.animateLocked(WindowAnimator.java:678)
12-09 08:32:16.528 W/WindowAnimator( 1591): 	at com.android.server.wm.WindowAnimator.-wrap0(WindowAnimator.java)
12-09 08:32:16.528 W/WindowAnimator( 1591): 	at com.android.server.wm.WindowAnimator$1.doFrame(WindowAnimator.java:123)
12-09 08:32:16.528 W/WindowAnimator( 1591): 	at android.view.Choreographer$CallbackRecord.run(Choreographer.java:856)
12-09 08:32:16.528 W/WindowAnimator( 1591): 	at android.view.Choreographer.doCallbacks(Choreographer.java:670)
12-09 08:32:16.528 W/WindowAnimator( 1591): 	at android.view.Choreographer.doFrame(Choreographer.java:603)
12-09 08:32:16.528 W/WindowAnimator( 1591): 	at android.view.Choreographer$FrameDisplayEventReceiver.run(Choreographer.java:844)
12-09 08:32:16.528 W/WindowAnimator( 1591): 	at android.os.Handler.handleCallback(Handler.java:739)
12-09 08:32:16.528 W/WindowAnimator( 1591): 	at android.os.Handler.dispatchMessage(Handler.java:95)
12-09 08:32:16.528 W/WindowAnimator( 1591): 	at android.os.Looper.loop(Looper.java:148)
12-09 08:32:16.528 W/WindowAnimator( 1591): 	at android.os.HandlerThread.run(HandlerThread.java:61)
12-09 08:32:16.528 W/WindowAnimator( 1591): 	at com.android.server.ServiceThread.run(ServiceThread.java:46)
12-09 08:32:16.560 I/System.out(18518): URI: //ping
12-09 08:32:16.560 I/System.out(18518): params: {json={}
12-09 08:32:16.560 I/System.out(18518): }
12-09 08:32:16.609 I/System.out(18518): URI: //ready
12-09 08:32:16.609 I/System.out(18518): params: {json={}
12-09 08:32:16.609 I/System.out(18518): }
12-09 08:32:16.784 I/System.out(18518): URI: //
12-09 08:32:16.784 I/System.out(18518): params: {json={"command":"version","arguments":[]}
12-09 08:32:16.784 I/System.out(18518): }
12-09 08:32:16.784 I/System.out(18518): header: {date=Sun, 09 Dec 2018 08:32:17 GMT, accept=*/*, content-length=36, host=127.0.0.1:34777, user-agent=HTTPClient/1.0 (2.8.3, ruby 2.3.1 (2016-04-26)), content-type=application/json;charset=utf-8}
12-09 08:32:16.784 I/System.out(18518): params: {json={"command":"version","arguments":[]}
12-09 08:32:16.784 I/System.out(18518): }
12-09 08:32:16.784 I/System.out(18518): ProP json = {"command":"version","arguments":[]}
12-09 08:32:16.784 I/System.out(18518): files: {}
12-09 08:32:16.784 I/System.out(18518): command: {"command":"version","arguments":[]}
12-09 08:32:16.950 I/InstrumentationBackend(18518): Got command:'Command:'Line:null,version', arguments:'[]'
12-09 08:32:17.012 I/art     (18518): Background sticky concurrent mark sweep GC freed 3013(419KB) AllocSpace objects, 9(180KB) LOS objects, 26% free, 1337KB/1825KB, paused 2.363ms total 303.998ms
12-09 08:32:17.055 I/System.out(18518): result:{"bonusInformation":[],"message":"0.9.8","success":true}
12-09 08:32:17.236 I/art     (18518): Background partial concurrent mark sweep GC freed 14248(689KB) AllocSpace objects, 4(80KB) LOS objects, 46% free, 1177KB/2MB, paused 1.121ms total 187.404ms
12-09 08:32:17.243 I/System.out(18518): URI: //start-application
12-09 08:32:17.244 I/System.out(18518): params: {json={"intent":null}
12-09 08:32:17.244 I/System.out(18518): }
12-09 08:32:17.336 I/ActivityManager( 1591): START u0 {act=android.intent.action.MAIN cat=[android.intent.category.LAUNCHER] flg=0x10200000 cmp=com.evancharlton.mileage/.Mileage} from uid 10139 on display 0
12-09 08:32:17.488 D/gralloc_ranchu( 1218): gralloc_alloc: Creating ashmem region of size 3686400
12-09 08:32:17.496 I/calabash(18518): newActivity1
12-09 08:32:17.512 W/art     ( 1591): Long monitor contention event with owner method=void com.android.server.am.ActivityManagerService.activityPaused(android.os.IBinder) from ActivityManagerService.java:6439 waiters=0 for 144ms
12-09 08:32:17.573 I/calabash(18518): newActivity1
12-09 08:32:17.588 W/ActivityManager( 1591): Bad activity token: android.os.BinderProxy@824b158
12-09 08:32:17.588 W/ActivityManager( 1591): java.lang.ClassCastException: android.os.BinderProxy cannot be cast to com.android.server.am.ActivityRecord$Token
12-09 08:32:17.588 W/ActivityManager( 1591): 	at com.android.server.am.ActivityRecord.forTokenLocked(ActivityRecord.java:424)
12-09 08:32:17.588 W/ActivityManager( 1591): 	at com.android.server.am.ActivityRecord.isInStackLocked(ActivityRecord.java:1121)
12-09 08:32:17.588 W/ActivityManager( 1591): 	at com.android.server.am.ActivityRecord.getStackLocked(ActivityRecord.java:1126)
12-09 08:32:17.588 W/ActivityManager( 1591): 	at com.android.server.am.ActivityManagerService.getActivityDisplayId(ActivityManagerService.java:8889)
12-09 08:32:17.588 W/ActivityManager( 1591): 	at android.app.ActivityManagerNative.onTransact(ActivityManagerNative.java:2338)
12-09 08:32:17.588 W/ActivityManager( 1591): 	at com.android.server.am.ActivityManagerService.onTransact(ActivityManagerService.java:2443)
12-09 08:32:17.588 W/ActivityManager( 1591): 	at android.os.Binder.execTransact(Binder.java:453)
12-09 08:32:17.589 W/ActivityManager( 1591): Bad activity token: android.os.BinderProxy@824b158
12-09 08:32:17.589 W/ActivityManager( 1591): java.lang.ClassCastException: android.os.BinderProxy cannot be cast to com.android.server.am.ActivityRecord$Token
12-09 08:32:17.589 W/ActivityManager( 1591): 	at com.android.server.am.ActivityRecord.forTokenLocked(ActivityRecord.java:424)
12-09 08:32:17.589 W/ActivityManager( 1591): 	at com.android.server.am.ActivityRecord.isInStackLocked(ActivityRecord.java:1121)
12-09 08:32:17.589 W/ActivityManager( 1591): 	at com.android.server.am.ActivityManagerService.setTaskDescription(ActivityManagerService.java:8547)
12-09 08:32:17.589 W/ActivityManager( 1591): 	at android.app.ActivityManagerNative.onTransact(ActivityManagerNative.java:2410)
12-09 08:32:17.589 W/ActivityManager( 1591): 	at com.android.server.am.ActivityManagerService.onTransact(ActivityManagerService.java:2443)
12-09 08:32:17.589 W/ActivityManager( 1591): 	at android.os.Binder.execTransact(Binder.java:453)
12-09 08:32:17.658 V/PhoneStatusBar( 1708): setLightsOn(true)
12-09 08:32:17.675 W/ActivityManager( 1591): Bad activity token: android.os.BinderProxy@824b158
12-09 08:32:17.675 W/ActivityManager( 1591): java.lang.ClassCastException: android.os.BinderProxy cannot be cast to com.android.server.am.ActivityRecord$Token
12-09 08:32:17.675 W/ActivityManager( 1591): 	at com.android.server.am.ActivityRecord.forTokenLocked(ActivityRecord.java:424)
12-09 08:32:17.675 W/ActivityManager( 1591): 	at com.android.server.am.ActivityRecord.isInStackLocked(ActivityRecord.java:1121)
12-09 08:32:17.675 W/ActivityManager( 1591): 	at com.android.server.am.ActivityManagerService.getActivityOptions(ActivityManagerService.java:11038)
12-09 08:32:17.675 W/ActivityManager( 1591): 	at android.app.ActivityManagerNative.onTransact(ActivityManagerNative.java:1734)
12-09 08:32:17.675 W/ActivityManager( 1591): 	at com.android.server.am.ActivityManagerService.onTransact(ActivityManagerService.java:2443)
12-09 08:32:17.675 W/ActivityManager( 1591): 	at android.os.Binder.execTransact(Binder.java:453)
12-09 08:32:17.686 W/ActivityManager( 1591): Bad activity token: android.os.BinderProxy@824b158
12-09 08:32:17.686 W/ActivityManager( 1591): java.lang.ClassCastException: android.os.BinderProxy cannot be cast to com.android.server.am.ActivityRecord$Token
12-09 08:32:17.686 W/ActivityManager( 1591): 	at com.android.server.am.ActivityRecord.forTokenLocked(ActivityRecord.java:424)
12-09 08:32:17.686 W/ActivityManager( 1591): 	at com.android.server.am.ActivityRecord.isInStackLocked(ActivityRecord.java:1121)
12-09 08:32:17.686 W/ActivityManager( 1591): 	at com.android.server.am.ActivityManagerService.getActivityOptions(ActivityManagerService.java:11038)
12-09 08:32:17.686 W/ActivityManager( 1591): 	at android.app.ActivityManagerNative.onTransact(ActivityManagerNative.java:1734)
12-09 08:32:17.686 W/ActivityManager( 1591): 	at com.android.server.am.ActivityManagerService.onTransact(ActivityManagerService.java:2443)
12-09 08:32:17.686 W/ActivityManager( 1591): 	at android.os.Binder.execTransact(Binder.java:453)
12-09 08:32:17.744 D/EGL_emulation( 1934): eglMakeCurrent: 0x7fe2a92f4640: ver 2 0 (tinfo 0x7fe2a92c2c80)
12-09 08:32:17.747 E/Surface ( 1934): getSlotFromBufferLocked: unknown buffer: 0x7fe2a5891880
12-09 08:32:17.816 I/art     (18518): Background sticky concurrent mark sweep GC freed 2640(360KB) AllocSpace objects, 0(0B) LOS objects, 12% free, 1936KB/2MB, paused 1.965ms total 153.958ms
12-09 08:32:18.045 I/art     (18518): Background partial concurrent mark sweep GC freed 1263(148KB) AllocSpace objects, 1(20KB) LOS objects, 39% free, 1933KB/3MB, paused 12.687ms total 49.695ms
12-09 08:32:18.409 W/art     ( 1591): Long monitor contention event with owner method=void com.android.server.wm.WindowAnimator$1.doFrame(long) from WindowAnimator.java:121 waiters=0 for 119ms
12-09 08:32:18.689 I/Choreographer(18518): Skipped 42 frames!  The application may be doing too much work on its main thread.
12-09 08:32:18.690 D/gralloc_ranchu( 1218): gralloc_alloc: Creating ashmem region of size 3686400
12-09 08:32:18.912 D/        (18518): HostConnection::get() New Host Connection established 0x7fe2a58fd280, tid 18518
12-09 08:32:18.968 I/ActivityManager( 1591): Displayed com.evancharlton.mileage/.Mileage: +1s602ms
12-09 08:32:19.054 D/gralloc_ranchu( 1218): gralloc_alloc: Creating ashmem region of size 3686400
12-09 08:32:19.473 D/gralloc_ranchu( 1218): gralloc_alloc: Creating ashmem region of size 3686400
12-09 08:32:20.876 I/System.out(18518): URI: //map
12-09 08:32:20.876 I/System.out(18518): params: {json={"query":"android.widget.EditText id:'price'","operation":{"method_name":"query","arguments":[]}}
12-09 08:32:20.876 I/System.out(18518): }
12-09 08:32:21.004 W/ResourceType(18518): No package identifier when getting name for resource number 0x00000001
12-09 08:32:21.028 I/art     (18518): Background sticky concurrent mark sweep GC freed 25495(1158KB) AllocSpace objects, 2(40KB) LOS objects, 28% free, 2MB/3MB, paused 7.691ms total 145.305ms
12-09 08:32:21.166 I/System.out(18518): URI: //gesture
12-09 08:32:21.166 I/System.out(18518): params: {json={"query_timeout":5.0,"gestures":[{"query_string":"android.widget.EditText id:'price'","touches":[{"x":50,"y":50,"offset_x":0,"offset_y":0,"wait":0.0,"time":0.2,"release":true,"query_string":null}]}]}
12-09 08:32:21.166 I/System.out(18518): }
12-09 08:32:21.183 I/art     (18518): Background sticky concurrent mark sweep GC freed 32251(1516KB) AllocSpace objects, 1(20KB) LOS objects, 8% free, 2MB/3MB, paused 5.484ms total 123.639ms
12-09 08:32:21.220 W/ResourceType(18518): No package identifier when getting name for resource number 0x00000001
12-09 08:32:21.707 I/LatinIME( 1878): Starting input. Cursor position = 0,0
12-09 08:32:21.972 D/EGL_emulation( 1878): eglMakeCurrent: 0x7fe29d789dc0: ver 2 0 (tinfo 0x7fe2a51f6620)
12-09 08:32:22.223 I/System.out(18518): URI: //
12-09 08:32:22.223 I/System.out(18518): params: {json={"command":"set_selection","arguments":[-1,-1]}
12-09 08:32:22.223 I/System.out(18518): }
12-09 08:32:22.223 I/System.out(18518): header: {date=Sun, 09 Dec 2018 08:32:22 GMT, accept=*/*, content-length=47, host=127.0.0.1:34777, user-agent=HTTPClient/1.0 (2.8.3, ruby 2.3.1 (2016-04-26)), content-type=application/json;charset=utf-8}
12-09 08:32:22.223 I/System.out(18518): params: {json={"command":"set_selection","arguments":[-1,-1]}
12-09 08:32:22.223 I/System.out(18518): }
12-09 08:32:22.223 I/System.out(18518): ProP json = {"command":"set_selection","arguments":[-1,-1]}
12-09 08:32:22.223 I/System.out(18518): files: {}
12-09 08:32:22.223 I/System.out(18518): command: {"command":"set_selection","arguments":[-1,-1]}
12-09 08:32:22.224 I/InstrumentationBackend(18518): Got command:'Command:'Line:null,set_selection', arguments:'[-1, -1]'
12-09 08:32:22.436 I/System.out(18518): result:{"bonusInformation":[],"message":"","success":true}
12-09 08:32:22.632 I/System.out(18518): URI: //
12-09 08:32:22.632 I/System.out(18518): params: {json={"command":"keyboard_enter_text","arguments":["98879898249712372391"]}
12-09 08:32:22.632 I/System.out(18518): }
12-09 08:32:22.632 I/System.out(18518): header: {date=Sun, 09 Dec 2018 08:32:23 GMT, accept=*/*, content-length=70, host=127.0.0.1:34777, user-agent=HTTPClient/1.0 (2.8.3, ruby 2.3.1 (2016-04-26)), content-type=application/json;charset=utf-8}
12-09 08:32:22.632 I/System.out(18518): params: {json={"command":"keyboard_enter_text","arguments":["98879898249712372391"]}
12-09 08:32:22.632 I/System.out(18518): }
12-09 08:32:22.632 I/System.out(18518): ProP json = {"command":"keyboard_enter_text","arguments":["98879898249712372391"]}
12-09 08:32:22.632 I/System.out(18518): files: {}
12-09 08:32:22.632 I/System.out(18518): command: {"command":"keyboard_enter_text","arguments":["98879898249712372391"]}
12-09 08:32:22.633 I/InstrumentationBackend(18518): Got command:'Command:'Line:null,keyboard_enter_text', arguments:'[98879898249712372391]'
12-09 08:32:22.780 E/SpannableStringBuilder(18518): SPAN_EXCLUSIVE_EXCLUSIVE spans cannot have a zero length
12-09 08:32:22.780 E/SpannableStringBuilder(18518): SPAN_EXCLUSIVE_EXCLUSIVE spans cannot have a zero length
12-09 08:32:22.781 D/hwcomposer( 1218): hw_composer sent 753 syncs in 60s
12-09 08:32:23.036 W/art     ( 1591): Long monitor contention event with owner method=void com.android.server.wm.WindowAnimator$1.doFrame(long) from WindowAnimator.java:121 waiters=1 for 125ms
12-09 08:32:23.126 E/SpannableStringBuilder(18518): SPAN_EXCLUSIVE_EXCLUSIVE spans cannot have a zero length
12-09 08:32:23.126 E/SpannableStringBuilder(18518): SPAN_EXCLUSIVE_EXCLUSIVE spans cannot have a zero length
12-09 08:32:23.137 I/System.out(18518): result:{"bonusInformation":[],"message":"","success":true}
12-09 08:32:23.211 I/art     (18518): Background sticky concurrent mark sweep GC freed 13766(608KB) AllocSpace objects, 3(60KB) LOS objects, 21% free, 2MB/3MB, paused 21.287ms total 56.656ms
12-09 08:32:23.739 E/SurfaceFlinger( 1218): ro.sf.lcd_density must be defined as a build property
12-09 08:32:23.806 D/gralloc_ranchu( 1218): gralloc_alloc: Creating ashmem region of size 3686400
12-09 08:32:23.863 D/        (18550): HostConnection::get() New Host Connection established 0x7f5374552480, tid 18550
12-09 08:32:23.957 E/EGL_emulation( 1218): tid 1218: eglCreateSyncKHR(1881): error 0x3004 (EGL_BAD_ATTRIBUTE)
12-09 08:32:24.976 I/System.out(18518): URI: //map
12-09 08:32:24.976 I/System.out(18518): params: {json={"query":"android.widget.EditText id:'volume'","operation":{"method_name":"query","arguments":[]}}
12-09 08:32:24.976 I/System.out(18518): }
12-09 08:32:24.990 W/ResourceType(18518): No package identifier when getting name for resource number 0x00000001
12-09 08:32:25.115 I/art     (18518): Background sticky concurrent mark sweep GC freed 22103(886KB) AllocSpace objects, 1(20KB) LOS objects, 0% free, 3MB/3MB, paused 2.013ms total 119.855ms
12-09 08:32:25.143 I/art     (18518): Background partial concurrent mark sweep GC freed 25597(1521KB) AllocSpace objects, 6(120KB) LOS objects, 39% free, 2MB/3MB, paused 5.674ms total 23.803ms
12-09 08:32:25.143 I/System.out(18518): URI: //gesture
12-09 08:32:25.143 I/System.out(18518): params: {json={"query_timeout":5.0,"gestures":[{"query_string":"android.widget.EditText id:'volume'","touches":[{"x":50,"y":50,"offset_x":0,"offset_y":0,"wait":0.0,"time":0.2,"release":true,"query_string":null}]}]}
12-09 08:32:25.143 I/System.out(18518): }
12-09 08:32:25.157 W/ResourceType(18518): No package identifier when getting name for resource number 0x00000001
12-09 08:32:25.597 I/LatinIME( 1878): Starting input. Cursor position = 0,0
12-09 08:32:25.760 I/art     (18518): Background sticky concurrent mark sweep GC freed 45151(2035KB) AllocSpace objects, 1(20KB) LOS objects, 34% free, 2MB/3MB, paused 4.287ms total 159.053ms
12-09 08:32:26.289 I/System.out(18518): URI: //
12-09 08:32:26.289 I/System.out(18518): params: {json={"command":"set_selection","arguments":[-1,-1]}
12-09 08:32:26.289 I/System.out(18518): }
12-09 08:32:26.289 I/System.out(18518): header: {date=Sun, 09 Dec 2018 08:32:26 GMT, accept=*/*, content-length=47, host=127.0.0.1:34777, user-agent=HTTPClient/1.0 (2.8.3, ruby 2.3.1 (2016-04-26)), content-type=application/json;charset=utf-8}
12-09 08:32:26.289 I/System.out(18518): params: {json={"command":"set_selection","arguments":[-1,-1]}
12-09 08:32:26.289 I/System.out(18518): }
12-09 08:32:26.289 I/System.out(18518): ProP json = {"command":"set_selection","arguments":[-1,-1]}
12-09 08:32:26.290 I/System.out(18518): files: {}
12-09 08:32:26.290 I/System.out(18518): command: {"command":"set_selection","arguments":[-1,-1]}
12-09 08:32:26.292 I/InstrumentationBackend(18518): Got command:'Command:'Line:null,set_selection', arguments:'[-1, -1]'
12-09 08:32:26.306 I/System.out(18518): result:{"bonusInformation":[],"message":"","success":true}
12-09 08:32:26.465 I/System.out(18518): URI: //
12-09 08:32:26.465 I/System.out(18518): params: {json={"command":"keyboard_enter_text","arguments":["98879891284721092831"]}
12-09 08:32:26.465 I/System.out(18518): }
12-09 08:32:26.465 I/System.out(18518): header: {date=Sun, 09 Dec 2018 08:32:27 GMT, accept=*/*, content-length=70, host=127.0.0.1:34777, user-agent=HTTPClient/1.0 (2.8.3, ruby 2.3.1 (2016-04-26)), content-type=application/json;charset=utf-8}
12-09 08:32:26.465 I/System.out(18518): params: {json={"command":"keyboard_enter_text","arguments":["98879891284721092831"]}
12-09 08:32:26.465 I/System.out(18518): }
12-09 08:32:26.466 I/System.out(18518): ProP json = {"command":"keyboard_enter_text","arguments":["98879891284721092831"]}
12-09 08:32:26.466 I/System.out(18518): files: {}
12-09 08:32:26.466 I/System.out(18518): command: {"command":"keyboard_enter_text","arguments":["98879891284721092831"]}
12-09 08:32:26.467 I/InstrumentationBackend(18518): Got command:'Command:'Line:null,keyboard_enter_text', arguments:'[98879891284721092831]'
12-09 08:32:26.467 E/SpannableStringBuilder(18518): SPAN_EXCLUSIVE_EXCLUSIVE spans cannot have a zero length
12-09 08:32:26.468 E/SpannableStringBuilder(18518): SPAN_EXCLUSIVE_EXCLUSIVE spans cannot have a zero length
12-09 08:32:26.546 E/SpannableStringBuilder(18518): SPAN_EXCLUSIVE_EXCLUSIVE spans cannot have a zero length
12-09 08:32:26.546 E/SpannableStringBuilder(18518): SPAN_EXCLUSIVE_EXCLUSIVE spans cannot have a zero length
12-09 08:32:26.611 I/System.out(18518): result:{"bonusInformation":[],"message":"","success":true}
12-09 08:32:26.669 I/art     (18518): Background sticky concurrent mark sweep GC freed 27527(1245KB) AllocSpace objects, 7(140KB) LOS objects, 34% free, 2MB/3MB, paused 6.370ms total 93.509ms
12-09 08:32:27.258 E/SurfaceFlinger( 1218): ro.sf.lcd_density must be defined as a build property
12-09 08:32:27.281 D/gralloc_ranchu( 1218): gralloc_alloc: Creating ashmem region of size 3686400
12-09 08:32:27.312 D/        (18560): HostConnection::get() New Host Connection established 0x7f7664b92480, tid 18560
12-09 08:32:27.335 E/EGL_emulation( 1218): tid 1218: eglCreateSyncKHR(1881): error 0x3004 (EGL_BAD_ATTRIBUTE)
12-09 08:32:28.449 I/System.out(18518): URI: //map
12-09 08:32:28.449 I/System.out(18518): params: {json={"query":"android.widget.EditText id:'odometer'","operation":{"method_name":"query","arguments":[]}}
12-09 08:32:28.449 I/System.out(18518): }
12-09 08:32:28.463 W/ResourceType(18518): No package identifier when getting name for resource number 0x00000001
12-09 08:32:28.503 W/art     (18518): Suspending all threads took: 6.011ms
12-09 08:32:28.541 I/art     (18518): Background sticky concurrent mark sweep GC freed 41904(1788KB) AllocSpace objects, 1(20KB) LOS objects, 24% free, 2MB/3MB, paused 13.138ms total 69.939ms
12-09 08:32:28.562 I/System.out(18518): URI: //gesture
12-09 08:32:28.562 I/System.out(18518): params: {json={"query_timeout":5.0,"gestures":[{"query_string":"android.widget.EditText id:'odometer'","touches":[{"x":50,"y":50,"offset_x":0,"offset_y":0,"wait":0.0,"time":0.2,"release":true,"query_string":null}]}]}
12-09 08:32:28.562 I/System.out(18518): }
12-09 08:32:28.674 W/ResourceType(18518): No package identifier when getting name for resource number 0x00000001
12-09 08:32:29.040 I/LatinIME( 1878): Starting input. Cursor position = 0,0
12-09 08:32:29.122 I/art     (18518): Background sticky concurrent mark sweep GC freed 38890(1751KB) AllocSpace objects, 2(40KB) LOS objects, 13% free, 3MB/3MB, paused 3.846ms total 102.543ms
12-09 08:32:29.652 I/System.out(18518): URI: //
12-09 08:32:29.659 I/System.out(18518): params: {json={"command":"set_selection","arguments":[-1,-1]}
12-09 08:32:29.659 I/System.out(18518): }
12-09 08:32:29.659 I/System.out(18518): header: {date=Sun, 09 Dec 2018 08:32:30 GMT, accept=*/*, content-length=47, host=127.0.0.1:34777, user-agent=HTTPClient/1.0 (2.8.3, ruby 2.3.1 (2016-04-26)), content-type=application/json;charset=utf-8}
12-09 08:32:29.659 I/System.out(18518): params: {json={"command":"set_selection","arguments":[-1,-1]}
12-09 08:32:29.659 I/System.out(18518): }
12-09 08:32:29.659 I/System.out(18518): ProP json = {"command":"set_selection","arguments":[-1,-1]}
12-09 08:32:29.659 I/System.out(18518): files: {}
12-09 08:32:29.659 I/System.out(18518): command: {"command":"set_selection","arguments":[-1,-1]}
12-09 08:32:29.661 I/InstrumentationBackend(18518): Got command:'Command:'Line:null,set_selection', arguments:'[-1, -1]'
12-09 08:32:29.683 I/System.out(18518): result:{"bonusInformation":[],"message":"","success":true}
12-09 08:32:29.749 I/art     (18518): Background sticky concurrent mark sweep GC freed 21854(1089KB) AllocSpace objects, 3(60KB) LOS objects, 26% free, 2MB/3MB, paused 9.689ms total 69.570ms
12-09 08:32:29.846 I/System.out(18518): URI: //
12-09 08:32:29.847 I/System.out(18518): params: {json={"command":"keyboard_enter_text","arguments":["74394723984721092831"]}
12-09 08:32:29.847 I/System.out(18518): }
12-09 08:32:29.847 I/System.out(18518): header: {date=Sun, 09 Dec 2018 08:32:30 GMT, accept=*/*, content-length=70, host=127.0.0.1:34777, user-agent=HTTPClient/1.0 (2.8.3, ruby 2.3.1 (2016-04-26)), content-type=application/json;charset=utf-8}
12-09 08:32:29.847 I/System.out(18518): params: {json={"command":"keyboard_enter_text","arguments":["74394723984721092831"]}
12-09 08:32:29.847 I/System.out(18518): }
12-09 08:32:29.847 I/System.out(18518): ProP json = {"command":"keyboard_enter_text","arguments":["74394723984721092831"]}
12-09 08:32:29.847 I/System.out(18518): files: {}
12-09 08:32:29.847 I/System.out(18518): command: {"command":"keyboard_enter_text","arguments":["74394723984721092831"]}
12-09 08:32:29.848 I/InstrumentationBackend(18518): Got command:'Command:'Line:null,keyboard_enter_text', arguments:'[74394723984721092831]'
12-09 08:32:29.849 E/SpannableStringBuilder(18518): SPAN_EXCLUSIVE_EXCLUSIVE spans cannot have a zero length
12-09 08:32:29.849 E/SpannableStringBuilder(18518): SPAN_EXCLUSIVE_EXCLUSIVE spans cannot have a zero length
12-09 08:32:29.870 E/SpannableStringBuilder(18518): SPAN_EXCLUSIVE_EXCLUSIVE spans cannot have a zero length
12-09 08:32:29.870 E/SpannableStringBuilder(18518): SPAN_EXCLUSIVE_EXCLUSIVE spans cannot have a zero length
12-09 08:32:29.884 I/System.out(18518): result:{"bonusInformation":[],"message":"","success":true}
12-09 08:32:30.359 E/SurfaceFlinger( 1218): ro.sf.lcd_density must be defined as a build property
12-09 08:32:30.360 D/gralloc_ranchu( 1218): gralloc_alloc: Creating ashmem region of size 3686400
12-09 08:32:30.381 D/        (18570): HostConnection::get() New Host Connection established 0x7fa9e3612480, tid 18570
12-09 08:32:30.400 E/EGL_emulation( 1218): tid 1218: eglCreateSyncKHR(1881): error 0x3004 (EGL_BAD_ATTRIBUTE)
12-09 08:32:32.460 I/System.out(18518): URI: //map
12-09 08:32:32.460 I/System.out(18518): params: {json={"query":"android.widget.Button index:2","operation":{"method_name":"query","arguments":[]}}
12-09 08:32:32.460 I/System.out(18518): }
12-09 08:32:32.510 I/art     (18518): Background sticky concurrent mark sweep GC freed 25930(1175KB) AllocSpace objects, 5(100KB) LOS objects, 23% free, 2MB/3MB, paused 17.290ms total 43.538ms
12-09 08:32:32.671 W/art     (18518): Suspending all threads took: 14.730ms
12-09 08:32:32.732 I/art     (18518): Background sticky concurrent mark sweep GC freed 34862(1570KB) AllocSpace objects, 0(0B) LOS objects, 21% free, 2MB/3MB, paused 19.966ms total 107.699ms
12-09 08:32:32.784 I/System.out(18518): URI: //gesture
12-09 08:32:32.785 I/System.out(18518): params: {json={"query_timeout":5.0,"gestures":[{"query_string":"android.widget.Button index:2","touches":[{"x":50,"y":50,"offset_x":0,"offset_y":0,"wait":0.0,"time":0.2,"release":true,"query_string":null}]}]}
12-09 08:32:32.785 I/System.out(18518): }
12-09 08:32:33.556 W/art     (18518): Suspending all threads took: 9.607ms
12-09 08:32:33.563 W/audio_hw_generic( 1307): Hardware backing HAL too slow, could only write 0 of 661 frames
12-09 08:32:33.563 W/audio_hw_generic( 1307): Hardware backing HAL too slow, could only write 0 of 661 frames
12-09 08:32:33.563 W/audio_hw_generic( 1307): Hardware backing HAL too slow, could only write 0 of 661 frames
12-09 08:32:33.579 W/audio_hw_generic( 1307): Hardware backing HAL too slow, could only write 0 of 661 frames
12-09 08:32:33.598 I/art     (18518): Background sticky concurrent mark sweep GC freed 17741(726KB) AllocSpace objects, 0(0B) LOS objects, 0% free, 3MB/3MB, paused 10.966ms total 65.415ms
12-09 08:32:33.611 W/audio_hw_generic( 1307): Hardware backing HAL too slow, could only write 0 of 661 frames
12-09 08:32:33.624 W/audio_hw_generic( 1307): Hardware backing HAL too slow, could only write 0 of 661 frames
12-09 08:32:33.639 W/audio_hw_generic( 1307): Hardware backing HAL too slow, could only write 0 of 661 frames
12-09 08:32:33.654 W/audio_hw_generic( 1307): Hardware backing HAL too slow, could only write 0 of 661 frames
12-09 08:32:33.671 W/audio_hw_generic( 1307): Hardware backing HAL too slow, could only write 0 of 661 frames
12-09 08:32:33.925 W/audio_hw_generic( 1307): Not supplying enough data to HAL, expected position 43852179 , only wrote 43852062
12-09 08:32:34.000 W/audio_hw_generic( 1307): Not supplying enough data to HAL, expected position 43855369 , only wrote 43855367
12-09 08:32:34.048 W/audio_hw_generic( 1307): Not supplying enough data to HAL, expected position 43857458 , only wrote 43856689
12-09 08:32:34.079 W/audio_hw_generic( 1307): Not supplying enough data to HAL, expected position 43858081 , only wrote 43858011
12-09 08:32:34.081 I/calabash(18518): newActivity1
12-09 08:32:34.082 W/ActivityManager( 1591): Bad activity token: android.os.BinderProxy@628d01e
12-09 08:32:34.082 W/ActivityManager( 1591): java.lang.ClassCastException: android.os.BinderProxy cannot be cast to com.android.server.am.ActivityRecord$Token
12-09 08:32:34.082 W/ActivityManager( 1591): 	at com.android.server.am.ActivityRecord.forTokenLocked(ActivityRecord.java:424)
12-09 08:32:34.082 W/ActivityManager( 1591): 	at com.android.server.am.ActivityRecord.isInStackLocked(ActivityRecord.java:1121)
12-09 08:32:34.082 W/ActivityManager( 1591): 	at com.android.server.am.ActivityRecord.getStackLocked(ActivityRecord.java:1126)
12-09 08:32:34.082 W/ActivityManager( 1591): 	at com.android.server.am.ActivityManagerService.getActivityDisplayId(ActivityManagerService.java:8889)
12-09 08:32:34.082 W/ActivityManager( 1591): 	at android.app.ActivityManagerNative.onTransact(ActivityManagerNative.java:2338)
12-09 08:32:34.082 W/ActivityManager( 1591): 	at com.android.server.am.ActivityManagerService.onTransact(ActivityManagerService.java:2443)
12-09 08:32:34.082 W/ActivityManager( 1591): 	at android.os.Binder.execTransact(Binder.java:453)
12-09 08:32:34.097 W/ActivityManager( 1591): Bad activity token: android.os.BinderProxy@628d01e
12-09 08:32:34.097 W/ActivityManager( 1591): java.lang.ClassCastException: android.os.BinderProxy cannot be cast to com.android.server.am.ActivityRecord$Token
12-09 08:32:34.097 W/ActivityManager( 1591): 	at com.android.server.am.ActivityRecord.forTokenLocked(ActivityRecord.java:424)
12-09 08:32:34.097 W/ActivityManager( 1591): 	at com.android.server.am.ActivityRecord.isInStackLocked(ActivityRecord.java:1121)
12-09 08:32:34.097 W/ActivityManager( 1591): 	at com.android.server.am.ActivityManagerService.setTaskDescription(ActivityManagerService.java:8547)
12-09 08:32:34.097 W/ActivityManager( 1591): 	at android.app.ActivityManagerNative.onTransact(ActivityManagerNative.java:2410)
12-09 08:32:34.097 W/ActivityManager( 1591): 	at com.android.server.am.ActivityManagerService.onTransact(ActivityManagerService.java:2443)
12-09 08:32:34.097 W/ActivityManager( 1591): 	at android.os.Binder.execTransact(Binder.java:453)
12-09 08:32:34.151 W/ActivityManager( 1591): Bad activity token: android.os.BinderProxy@628d01e
12-09 08:32:34.151 W/ActivityManager( 1591): java.lang.ClassCastException: android.os.BinderProxy cannot be cast to com.android.server.am.ActivityRecord$Token
12-09 08:32:34.151 W/ActivityManager( 1591): 	at com.android.server.am.ActivityRecord.forTokenLocked(ActivityRecord.java:424)
12-09 08:32:34.151 W/ActivityManager( 1591): 	at com.android.server.am.ActivityRecord.isInStackLocked(ActivityRecord.java:1121)
12-09 08:32:34.151 W/ActivityManager( 1591): 	at com.android.server.am.ActivityManagerService.getActivityOptions(ActivityManagerService.java:11038)
12-09 08:32:34.151 W/ActivityManager( 1591): 	at android.app.ActivityManagerNative.onTransact(ActivityManagerNative.java:1734)
12-09 08:32:34.151 W/ActivityManager( 1591): 	at com.android.server.am.ActivityManagerService.onTransact(ActivityManagerService.java:2443)
12-09 08:32:34.151 W/ActivityManager( 1591): 	at android.os.Binder.execTransact(Binder.java:453)
12-09 08:32:34.152 W/ActivityManager( 1591): Bad activity token: android.os.BinderProxy@628d01e
12-09 08:32:34.152 W/ActivityManager( 1591): java.lang.ClassCastException: android.os.BinderProxy cannot be cast to com.android.server.am.ActivityRecord$Token
12-09 08:32:34.152 W/ActivityManager( 1591): 	at com.android.server.am.ActivityRecord.forTokenLocked(ActivityRecord.java:424)
12-09 08:32:34.152 W/ActivityManager( 1591): 	at com.android.server.am.ActivityRecord.isInStackLocked(ActivityRecord.java:1121)
12-09 08:32:34.152 W/ActivityManager( 1591): 	at com.android.server.am.ActivityManagerService.getActivityOptions(ActivityManagerService.java:11038)
12-09 08:32:34.152 W/ActivityManager( 1591): 	at android.app.ActivityManagerNative.onTransact(ActivityManagerNative.java:1734)
12-09 08:32:34.152 W/ActivityManager( 1591): 	at com.android.server.am.ActivityManagerService.onTransact(ActivityManagerService.java:2443)
12-09 08:32:34.152 W/ActivityManager( 1591): 	at android.os.Binder.execTransact(Binder.java:453)
12-09 08:32:34.302 W/audio_hw_generic( 1307): Not supplying enough data to HAL, expected position 43866474 , only wrote 43864621
12-09 08:32:34.317 E/SurfaceFlinger( 1218): ro.sf.lcd_density must be defined as a build property
12-09 08:32:34.318 W/audio_hw_generic( 1307): Not supplying enough data to HAL, expected position 43866665 , only wrote 43864621
12-09 08:32:34.326 I/LatinIME( 1878): Starting input. Cursor position = -1,-1
12-09 08:32:34.341 W/audio_hw_generic( 1307): Not supplying enough data to HAL, expected position 43865648 , only wrote 43865282
12-09 08:32:34.354 D/Mileage.ABS(18518): Finished backup
12-09 08:32:34.360 D/Mileage.ABS(18518): Not backing up; 14
12-09 08:32:34.360 D/Mileage.ABS(18518): Not backing up; 14
12-09 08:32:34.360 D/gralloc_ranchu( 1218): gralloc_alloc: Creating ashmem region of size 3686400
12-09 08:32:34.387 D/        (18576): HostConnection::get() New Host Connection established 0x7f5b8d092480, tid 18576
12-09 08:32:34.439 E/EGL_emulation( 1218): tid 1218: eglCreateSyncKHR(1881): error 0x3004 (EGL_BAD_ATTRIBUTE)
12-09 08:32:34.576 W/audio_hw_generic( 1307): Not supplying enough data to HAL, expected position 43875645 , only wrote 43875197
12-09 08:32:34.609 D/Mileage (18518): Recalculating
12-09 08:32:35.018 D/FillupAdapter(18518): Average economy: 0.7523746539172881
12-09 08:32:35.031 D/Mileage.ABS(18518): Not backing up; 685
12-09 08:32:35.163 W/audio_hw_generic( 1307): Not supplying enough data to HAL, expected position 43901101 , only wrote 43900315
12-09 08:32:35.164 W/audio_hw_generic( 1307): Not supplying enough data to HAL, expected position 43900330 , only wrote 43900315
12-09 08:32:35.189 W/audio_hw_generic( 1307): Not supplying enough data to HAL, expected position 43901111 , only wrote 43900976
12-09 08:32:35.234 W/RichInputConnection( 1878): Slow InputConnection: GET_TEXT_BEFORE_CURSOR took 201 ms.
12-09 08:32:35.244 I/InputAttributes( 1878): InputType.TYPE_NULL is specified
12-09 08:32:35.285 I/Choreographer( 1878): Skipped 66 frames!  The application may be doing too much work on its main thread.
12-09 08:32:35.510 W/audio_hw_generic( 1307): Not supplying enough data to HAL, expected position 43915470 , only wrote 43911552
12-09 08:32:35.520 D/EGL_emulation( 1878): eglMakeCurrent: 0x7fe29d789dc0: ver 2 0 (tinfo 0x7fe2a51f6620)
12-09 08:32:35.521 E/Surface ( 1878): getSlotFromBufferLocked: unknown buffer: 0x7fe2a588f120
12-09 08:32:35.583 I/System.out(18518): URI: //gesture
12-09 08:32:35.583 I/System.out(18518): params: {json={"query_timeout":5.0,"gestures":[{"query_string":"android.widget.TabWidget descendant TextView index:0","touches":[{"x":50,"y":50,"offset_x":0,"offset_y":0,"wait":0.0,"time":0.2,"release":true,"query_string":null}]}]}
12-09 08:32:35.583 I/System.out(18518): }
12-09 08:32:35.611 W/audio_hw_generic( 1307): Not supplying enough data to HAL, expected position 43915989 , only wrote 43912874
12-09 08:32:35.670 I/art     (18518): Background sticky concurrent mark sweep GC freed 17751(913KB) AllocSpace objects, 1(20KB) LOS objects, 31% free, 2MB/3MB, paused 9.715ms total 44.487ms
12-09 08:32:35.678 W/audio_hw_generic( 1307): Hardware backing HAL too slow, could only write 0 of 661 frames
12-09 08:32:35.723 W/audio_hw_generic( 1307): Hardware backing HAL too slow, could only write 0 of 661 frames
12-09 08:32:35.723 W/audio_hw_generic( 1307): Not supplying enough data to HAL, expected position 43917816 , only wrote 43917501
12-09 08:32:35.723 W/audio_hw_generic( 1307): Not supplying enough data to HAL, expected position 43917507 , only wrote 43917501
12-09 08:32:35.744 W/audio_hw_generic( 1307): Not supplying enough data to HAL, expected position 43918422 , only wrote 43918162
12-09 08:32:35.764 W/audio_hw_generic( 1307): Hardware backing HAL too slow, could only write 0 of 661 frames
12-09 08:32:35.783 W/audio_hw_generic( 1307): Hardware backing HAL too slow, could only write 0 of 661 frames
12-09 08:32:35.794 W/audio_hw_generic( 1307): Hardware backing HAL too slow, could only write 0 of 661 frames
12-09 08:32:35.815 W/audio_hw_generic( 1307): Hardware backing HAL too slow, could only write 0 of 661 frames
12-09 08:32:35.846 W/audio_hw_generic( 1307): Not supplying enough data to HAL, expected position 43922672 , only wrote 43922128
12-09 08:32:35.851 W/audio_hw_generic( 1307): Hardware backing HAL too slow, could only write 0 of 661 frames
12-09 08:32:35.867 W/audio_hw_generic( 1307): Hardware backing HAL too slow, could only write 0 of 661 frames
12-09 08:32:35.895 W/audio_hw_generic( 1307): Hardware backing HAL too slow, could only write 0 of 661 frames
12-09 08:32:35.959 W/audio_hw_generic( 1307): Hardware backing HAL too slow, could only write 0 of 661 frames
12-09 08:32:35.987 W/audio_hw_generic( 1307): Hardware backing HAL too slow, could only write 0 of 661 frames
12-09 08:32:36.007 W/audio_hw_generic( 1307): Hardware backing HAL too slow, could only write 0 of 661 frames
12-09 08:32:36.438 W/audio_hw_generic( 1307): Not supplying enough data to HAL, expected position 43948210 , only wrote 43947907
12-09 08:32:36.478 W/audio_hw_generic( 1307): Not supplying enough data to HAL, expected position 43949694 , only wrote 43949229
12-09 08:32:36.487 D/AudioFlinger( 1307): mixer(0xf43c0000) throttle end: throttle time(14)
12-09 08:32:36.523 W/audio_hw_generic( 1307): Hardware backing HAL too slow, could only write 0 of 661 frames
12-09 08:32:36.579 I/art     (18518): Background sticky concurrent mark sweep GC freed 39098(1804KB) AllocSpace objects, 1(20KB) LOS objects, 29% free, 2MB/3MB, paused 9.255ms total 100.136ms
12-09 08:32:36.632 W/audio_hw_generic( 1307): Not supplying enough data to HAL, expected position 43955987 , only wrote 43955839
12-09 08:32:36.632 W/audio_hw_generic( 1307): Not supplying enough data to HAL, expected position 43955846 , only wrote 43955839
12-09 08:32:36.647 W/audio_hw_generic( 1307): Not supplying enough data to HAL, expected position 43956536 , only wrote 43956500
12-09 08:32:36.648 W/audio_hw_generic( 1307): Hardware backing HAL too slow, could only write 0 of 661 frames
12-09 08:32:36.754 W/audio_hw_generic( 1307): Not supplying enough data to HAL, expected position 43961189 , only wrote 43961127
12-09 08:32:36.754 W/audio_hw_generic( 1307): Not supplying enough data to HAL, expected position 43961134 , only wrote 43961127
12-09 08:32:36.771 W/audio_hw_generic( 1307): Not supplying enough data to HAL, expected position 43961897 , only wrote 43961788
12-09 08:32:37.307 W/audio_hw_generic( 1307): Not supplying enough data to HAL, expected position 43985403 , only wrote 43975008
12-09 08:32:37.307 W/audio_hw_generic( 1307): Not supplying enough data to HAL, expected position 43975015 , only wrote 43975008
12-09 08:32:37.327 W/audio_hw_generic( 1307): Not supplying enough data to HAL, expected position 43975880 , only wrote 43975669
