12-09 07:51:08.526 W/audio_hw_generic( 1307): Hardware backing HAL too slow, could only write 0 of 661 frames
12-09 07:51:08.555 W/audio_hw_generic( 1307): Hardware backing HAL too slow, could only write 0 of 661 frames
12-09 07:51:08.582 V/PhoneStatusBar( 1697): setLightsOn(true)
12-09 07:51:08.608 D/gralloc_ranchu( 1226): gralloc_alloc: Creating ashmem region of size 3686400
12-09 07:51:08.656 W/audio_hw_generic( 1307): Not supplying enough data to HAL, expected position 11711549 , only wrote 11710937
12-09 07:51:08.656 W/audio_hw_generic( 1307): Not supplying enough data to HAL, expected position 11710944 , only wrote 11710937
12-09 07:51:08.692 W/audio_hw_generic( 1307): Not supplying enough data to HAL, expected position 11712528 , only wrote 11711598
12-09 07:51:08.925 E/SurfaceFlinger( 1226): ro.sf.lcd_density must be defined as a build property
12-09 07:51:08.978 D/gralloc_ranchu( 1226): gralloc_alloc: Creating ashmem region of size 3686400
12-09 07:51:08.992 D/        ( 7441): HostConnection::get() New Host Connection established 0x7f09d23d2480, tid 7441
12-09 07:51:09.009 E/EGL_emulation( 1226): tid 1226: eglCreateSyncKHR(1881): error 0x3004 (EGL_BAD_ATTRIBUTE)
12-09 07:51:09.082 W/audio_hw_generic( 1307): Hardware backing HAL too slow, could only write 0 of 661 frames
12-09 07:51:09.102 W/audio_hw_generic( 1307): Hardware backing HAL too slow, could only write 0 of 661 frames
12-09 07:51:09.112 W/audio_hw_generic( 1307): Hardware backing HAL too slow, could only write 0 of 661 frames
12-09 07:51:09.138 W/audio_hw_generic( 1307): Hardware backing HAL too slow, could only write 0 of 661 frames
12-09 07:51:09.149 D/gralloc_ranchu( 1226): gralloc_alloc: Creating ashmem region of size 3686400
12-09 07:51:09.156 W/audio_hw_generic( 1307): Hardware backing HAL too slow, could only write 0 of 661 frames
12-09 07:51:09.158 I/ActivityManager( 1593): Displayed com.evancharlton.mileage/.FillupInfoActivity: +801ms
12-09 07:51:09.177 W/audio_hw_generic( 1307): Hardware backing HAL too slow, could only write 0 of 661 frames
12-09 07:51:09.322 W/audio_hw_generic( 1307): Not supplying enough data to HAL, expected position 11739383 , only wrote 11739360
12-09 07:51:09.322 W/audio_hw_generic( 1307): Not supplying enough data to HAL, expected position 11739368 , only wrote 11739360
12-09 07:51:09.379 W/audio_hw_generic( 1307): Not supplying enough data to HAL, expected position 11741841 , only wrote 11741343
12-09 07:51:09.462 W/audio_hw_generic( 1307): Not supplying enough data to HAL, expected position 11745020 , only wrote 11743987
12-09 07:51:09.475 W/audio_hw_generic( 1307): Not supplying enough data to HAL, expected position 11744538 , only wrote 11743987
12-09 07:51:09.534 W/audio_hw_generic( 1307): Hardware backing HAL too slow, could only write 0 of 661 frames
12-09 07:51:09.555 W/audio_hw_generic( 1307): Hardware backing HAL too slow, could only write 0 of 661 frames
12-09 07:51:09.565 W/audio_hw_generic( 1307): Hardware backing HAL too slow, could only write 0 of 661 frames
12-09 07:51:09.914 W/audio_hw_generic( 1307): Not supplying enough data to HAL, expected position 11763355 , only wrote 11763156
12-09 07:51:09.914 W/audio_hw_generic( 1307): Hardware backing HAL too slow, could only write 0 of 661 frames
12-09 07:51:09.914 W/audio_hw_generic( 1307): Hardware backing HAL too slow, could only write 0 of 661 frames
12-09 07:51:09.946 W/audio_hw_generic( 1307): Hardware backing HAL too slow, could only write 0 of 661 frames
12-09 07:51:09.966 W/audio_hw_generic( 1307): Hardware backing HAL too slow, could only write 0 of 661 frames
12-09 07:51:09.976 W/audio_hw_generic( 1307): Hardware backing HAL too slow, could only write 0 of 661 frames
12-09 07:51:09.984 D/gralloc_ranchu( 1226): gralloc_alloc: Creating ashmem region of size 3686400
12-09 07:51:10.017 W/audio_hw_generic( 1307): Hardware backing HAL too slow, could only write 0 of 661 frames
12-09 07:51:10.042 W/audio_hw_generic( 1307): Not supplying enough data to HAL, expected position 11768809 , only wrote 11768444
12-09 07:51:10.122 W/audio_hw_generic( 1307): Hardware backing HAL too slow, could only write 0 of 661 frames
12-09 07:51:10.122 W/audio_hw_generic( 1307): Not supplying enough data to HAL, expected position 11771983 , only wrote 11771088
12-09 07:51:10.122 W/audio_hw_generic( 1307): Not supplying enough data to HAL, expected position 11771094 , only wrote 11771088
12-09 07:51:10.122 W/audio_hw_generic( 1307): Hardware backing HAL too slow, could only write 0 of 661 frames
12-09 07:51:10.138 W/audio_hw_generic( 1307): Not supplying enough data to HAL, expected position 11771782 , only wrote 11771749
12-09 07:51:10.138 W/audio_hw_generic( 1307): Hardware backing HAL too slow, could only write 0 of 661 frames
12-09 07:51:10.138 W/audio_hw_generic( 1307): Hardware backing HAL too slow, could only write 0 of 661 frames
12-09 07:51:10.153 W/audio_hw_generic( 1307): Hardware backing HAL too slow, could only write 0 of 661 frames
12-09 07:51:10.170 W/audio_hw_generic( 1307): Hardware backing HAL too slow, could only write 0 of 661 frames
12-09 07:51:10.186 W/audio_hw_generic( 1307): Hardware backing HAL too slow, could only write 0 of 661 frames
12-09 07:51:10.198 W/audio_hw_generic( 1307): Hardware backing HAL too slow, could only write 0 of 661 frames
12-09 07:51:10.226 W/audio_hw_generic( 1307): Hardware backing HAL too slow, could only write 0 of 661 frames
12-09 07:51:10.332 W/audio_hw_generic( 1307): Hardware backing HAL too slow, could only write 0 of 661 frames
12-09 07:51:10.332 W/audio_hw_generic( 1307): Not supplying enough data to HAL, expected position 11780300 , only wrote 11777037
12-09 07:51:10.332 W/audio_hw_generic( 1307): Not supplying enough data to HAL, expected position 11777044 , only wrote 11777037
12-09 07:51:10.347 W/audio_hw_generic( 1307): Hardware backing HAL too slow, could only write 0 of 661 frames
12-09 07:51:10.362 W/audio_hw_generic( 1307): Hardware backing HAL too slow, could only write 0 of 661 frames
12-09 07:51:10.378 W/audio_hw_generic( 1307): Hardware backing HAL too slow, could only write 0 of 661 frames
12-09 07:51:10.393 W/audio_hw_generic( 1307): Hardware backing HAL too slow, could only write 0 of 661 frames
12-09 07:51:10.478 W/audio_hw_generic( 1307): Hardware backing HAL too slow, could only write 0 of 661 frames
12-09 07:51:10.502 W/audio_hw_generic( 1307): Hardware backing HAL too slow, could only write 0 of 661 frames
12-09 07:51:10.515 W/audio_hw_generic( 1307): Hardware backing HAL too slow, could only write 0 of 661 frames
12-09 07:51:10.836 D/AndroidRuntime( 7444): >>>>>> START com.android.internal.os.RuntimeInit uid 0 <<<<<<
12-09 07:51:10.853 D/AndroidRuntime( 7444): CheckJNI is ON
12-09 07:51:10.875 D/ICU     ( 7444): No timezone override file found: /data/misc/zoneinfo/current/icu/icu_tzdata.dat
12-09 07:51:11.203 W/audio_hw_generic( 1307): Not supplying enough data to HAL, expected position 11815455 , only wrote 11815375
12-09 07:51:11.353 E/memtrack( 7444): Couldn't load memtrack module (No such file or directory)
12-09 07:51:11.353 E/android.os.Debug( 7444): failed to load memtrack module: -2
12-09 07:51:11.355 W/audio_hw_generic( 1307): Not supplying enough data to HAL, expected position 11822045 , only wrote 11820663
12-09 07:51:11.357 I/Radio-JNI( 7444): register_android_hardware_Radio DONE
12-09 07:51:11.370 D/AndroidRuntime( 7444): Calling main entry com.android.commands.input.Input
12-09 07:51:11.371 I/Input   ( 7444): injectKeyEvent: KeyEvent { action=ACTION_DOWN, keyCode=KEYCODE_BACK, scanCode=0, metaState=0, flags=0x0, repeatCount=0, eventTime=3283181, downTime=3283181, deviceId=-1, source=0x101 }
12-09 07:51:11.412 I/Input   ( 7444): injectKeyEvent: KeyEvent { action=ACTION_UP, keyCode=KEYCODE_BACK, scanCode=0, metaState=0, flags=0x0, repeatCount=0, eventTime=3283181, downTime=3283181, deviceId=-1, source=0x101 }
12-09 07:51:11.418 W/audio_hw_generic( 1307): Not supplying enough data to HAL, expected position 11823478 , only wrote 11821985
12-09 07:51:11.702 D/AndroidRuntime( 7444): Shutting down VM
12-09 07:51:11.731 W/ActivityManager( 1593): Bad activity token: android.os.BinderProxy@b9a2309
12-09 07:51:11.731 W/ActivityManager( 1593): java.lang.ClassCastException: android.os.BinderProxy cannot be cast to com.android.server.am.ActivityRecord$Token
12-09 07:51:11.731 W/ActivityManager( 1593): 	at com.android.server.am.ActivityRecord.forTokenLocked(ActivityRecord.java:424)
12-09 07:51:11.731 W/ActivityManager( 1593): 	at com.android.server.am.ActivityRecord.isInStackLocked(ActivityRecord.java:1121)
12-09 07:51:11.731 W/ActivityManager( 1593): 	at com.android.server.am.ActivityManagerService.getActivityOptions(ActivityManagerService.java:11038)
12-09 07:51:11.731 W/ActivityManager( 1593): 	at android.app.ActivityManagerNative.onTransact(ActivityManagerNative.java:1734)
12-09 07:51:11.731 W/ActivityManager( 1593): 	at com.android.server.am.ActivityManagerService.onTransact(ActivityManagerService.java:2443)
12-09 07:51:11.731 W/ActivityManager( 1593): 	at android.os.Binder.execTransact(Binder.java:453)
12-09 07:51:11.801 V/PhoneStatusBar( 1697): setLightsOn(true)
12-09 07:51:11.859 D/gralloc_ranchu( 1226): gralloc_alloc: Creating ashmem region of size 3686400
12-09 07:51:12.035 I/System.out( 7333): URI: //gesture
12-09 07:51:12.035 I/System.out( 7333): params: {json={"query_timeout":5.0,"gestures":[{"query_string":"android.widget.TabWidget descendant TextView index:2","touches":[{"x":50,"y":50,"offset_x":0,"offset_y":0,"wait":0.0,"time":0.2,"release":true,"query_string":null}]}]}
12-09 07:51:12.035 I/System.out( 7333): }
12-09 07:51:12.418 W/art     ( 1593): Long monitor contention event with owner method=void com.android.server.wm.WindowAnimator$1.doFrame(long) from WindowAnimator.java:121 waiters=0 for 184ms
12-09 07:51:12.957 W/art     ( 1593): Long monitor contention event with owner method=void com.android.server.wm.WindowAnimator$1.doFrame(long) from WindowAnimator.java:121 waiters=1 for 173ms
12-09 07:51:12.967 W/art     ( 1593): Long monitor contention event with owner method=void com.android.server.wm.WindowAnimator$1.doFrame(long) from WindowAnimator.java:121 waiters=1 for 139ms
12-09 07:51:13.174 W/art     ( 1593): Long monitor contention event with owner method=java.util.List com.android.server.am.ActivityManagerService.getAllStackInfos() from ActivityManagerService.java:8937 waiters=0 for 421ms
12-09 07:51:13.601 I/Choreographer( 7333): Skipped 89 frames!  The application may be doing too much work on its main thread.
12-09 07:51:13.601 D/gralloc_ranchu( 1226): gralloc_alloc: Creating ashmem region of size 3686400
12-09 07:51:13.931 D/gralloc_ranchu( 1226): gralloc_alloc: Creating ashmem region of size 3686400
12-09 07:51:14.229 I/calabash( 7333): newActivity1
12-09 07:51:14.230 W/ActivityManager( 1593): Bad activity token: android.os.BinderProxy@310472a
12-09 07:51:14.230 W/ActivityManager( 1593): java.lang.ClassCastException: android.os.BinderProxy cannot be cast to com.android.server.am.ActivityRecord$Token
12-09 07:51:14.230 W/ActivityManager( 1593): 	at com.android.server.am.ActivityRecord.forTokenLocked(ActivityRecord.java:424)
12-09 07:51:14.230 W/ActivityManager( 1593): 	at com.android.server.am.ActivityRecord.isInStackLocked(ActivityRecord.java:1121)
12-09 07:51:14.230 W/ActivityManager( 1593): 	at com.android.server.am.ActivityRecord.getStackLocked(ActivityRecord.java:1126)
12-09 07:51:14.230 W/ActivityManager( 1593): 	at com.android.server.am.ActivityManagerService.getActivityDisplayId(ActivityManagerService.java:8889)
12-09 07:51:14.230 W/ActivityManager( 1593): 	at android.app.ActivityManagerNative.onTransact(ActivityManagerNative.java:2338)
12-09 07:51:14.230 W/ActivityManager( 1593): 	at com.android.server.am.ActivityManagerService.onTransact(ActivityManagerService.java:2443)
12-09 07:51:14.230 W/ActivityManager( 1593): 	at android.os.Binder.execTransact(Binder.java:453)
12-09 07:51:14.243 W/ActivityManager( 1593): Bad activity token: android.os.BinderProxy@310472a
12-09 07:51:14.243 W/ActivityManager( 1593): java.lang.ClassCastException: android.os.BinderProxy cannot be cast to com.android.server.am.ActivityRecord$Token
12-09 07:51:14.243 W/ActivityManager( 1593): 	at com.android.server.am.ActivityRecord.forTokenLocked(ActivityRecord.java:424)
12-09 07:51:14.243 W/ActivityManager( 1593): 	at com.android.server.am.ActivityRecord.isInStackLocked(ActivityRecord.java:1121)
12-09 07:51:14.243 W/ActivityManager( 1593): 	at com.android.server.am.ActivityManagerService.setTaskDescription(ActivityManagerService.java:8547)
12-09 07:51:14.243 W/ActivityManager( 1593): 	at android.app.ActivityManagerNative.onTransact(ActivityManagerNative.java:2410)
12-09 07:51:14.243 W/ActivityManager( 1593): 	at com.android.server.am.ActivityManagerService.onTransact(ActivityManagerService.java:2443)
12-09 07:51:14.243 W/ActivityManager( 1593): 	at android.os.Binder.execTransact(Binder.java:453)
12-09 07:51:14.294 W/audio_hw_generic( 1307): Hardware backing HAL too slow, could only write 0 of 661 frames
12-09 07:51:14.320 W/audio_hw_generic( 1307): Hardware backing HAL too slow, could only write 0 of 661 frames
12-09 07:51:14.342 W/audio_hw_generic( 1307): Hardware backing HAL too slow, could only write 0 of 661 frames
12-09 07:51:14.346 W/audio_hw_generic( 1307): Hardware backing HAL too slow, could only write 0 of 661 frames
12-09 07:51:14.362 W/audio_hw_generic( 1307): Hardware backing HAL too slow, could only write 0 of 661 frames
12-09 07:51:14.375 D/VehicleStatisticsActivity( 7333): Checking recalculation ...
12-09 07:51:14.376 D/VehicleStatisticsActivity( 7333): Recalculating statistics
12-09 07:51:14.376 D/VehicleStatisticsTask( 7333): Calculation starting...
12-09 07:51:14.376 D/VehicleStatisticsActivity( 7333): Recalculation started!
12-09 07:51:14.382 W/audio_hw_generic( 1307): Hardware backing HAL too slow, could only write 0 of 661 frames
12-09 07:51:14.395 W/ActivityManager( 1593): Bad activity token: android.os.BinderProxy@310472a
12-09 07:51:14.395 W/ActivityManager( 1593): java.lang.ClassCastException: android.os.BinderProxy cannot be cast to com.android.server.am.ActivityRecord$Token
12-09 07:51:14.395 W/ActivityManager( 1593): 	at com.android.server.am.ActivityRecord.forTokenLocked(ActivityRecord.java:424)
12-09 07:51:14.395 W/ActivityManager( 1593): 	at com.android.server.am.ActivityRecord.isInStackLocked(ActivityRecord.java:1121)
12-09 07:51:14.395 W/ActivityManager( 1593): 	at com.android.server.am.ActivityManagerService.getActivityOptions(ActivityManagerService.java:11038)
12-09 07:51:14.395 W/ActivityManager( 1593): 	at android.app.ActivityManagerNative.onTransact(ActivityManagerNative.java:1734)
12-09 07:51:14.395 W/ActivityManager( 1593): 	at com.android.server.am.ActivityManagerService.onTransact(ActivityManagerService.java:2443)
12-09 07:51:14.395 W/ActivityManager( 1593): 	at android.os.Binder.execTransact(Binder.java:453)
12-09 07:51:14.396 W/ActivityManager( 1593): Bad activity token: android.os.BinderProxy@310472a
12-09 07:51:14.396 W/ActivityManager( 1593): java.lang.ClassCastException: android.os.BinderProxy cannot be cast to com.android.server.am.ActivityRecord$Token
12-09 07:51:14.396 W/ActivityManager( 1593): 	at com.android.server.am.ActivityRecord.forTokenLocked(ActivityRecord.java:424)
12-09 07:51:14.396 W/ActivityManager( 1593): 	at com.android.server.am.ActivityRecord.isInStackLocked(ActivityRecord.java:1121)
12-09 07:51:14.396 W/ActivityManager( 1593): 	at com.android.server.am.ActivityManagerService.getActivityOptions(ActivityManagerService.java:11038)
12-09 07:51:14.396 W/ActivityManager( 1593): 	at android.app.ActivityManagerNative.onTransact(ActivityManagerNative.java:1734)
12-09 07:51:14.396 W/ActivityManager( 1593): 	at com.android.server.am.ActivityManagerService.onTransact(ActivityManagerService.java:2443)
12-09 07:51:14.396 W/ActivityManager( 1593): 	at android.os.Binder.execTransact(Binder.java:453)
12-09 07:51:14.397 D/VehicleStatisticsActivity( 7333): Checking recalculation ...
12-09 07:51:14.399 I/art     ( 7333): Background sticky concurrent mark sweep GC freed 52726(2MB) AllocSpace objects, 2(40KB) LOS objects, 32% free, 3MB/4MB, paused 18.686ms total 148.631ms
12-09 07:51:14.408 D/VehicleStatisticsActivity( 7333): Recalculating statistics
12-09 07:51:14.408 D/VehicleStatisticsTask( 7333): Calculation starting...
12-09 07:51:14.408 D/VehicleStatisticsActivity( 7333): Recalculation started!
12-09 07:51:14.426 D/CalculateTask( 7333): Recalculating...
12-09 07:51:14.546 D/CalculateTask( 7333): Recalculating...
12-09 07:51:14.652 W/audio_hw_generic( 1307): Not supplying enough data to HAL, expected position 11839180 , only wrote 11839171
12-09 07:51:14.739 W/audio_hw_generic( 1307): Hardware backing HAL too slow, could only write 0 of 661 frames
12-09 07:51:14.748 W/audio_hw_generic( 1307): Hardware backing HAL too slow, could only write 0 of 661 frames
12-09 07:51:14.749 D/Mileage.ABS( 7333): Finished backup
12-09 07:51:14.765 D/VehicleStatisticsTask( 7333): Done recalculating!
12-09 07:51:14.774 W/audio_hw_generic( 1307): Hardware backing HAL too slow, could only write 0 of 661 frames
12-09 07:51:14.782 D/Mileage.ABS( 7333): Not backing up; 98
12-09 07:51:14.786 D/VehicleStatisticsTask( 7333): Done recalculating!
12-09 07:51:14.791 W/audio_hw_generic( 1307): Hardware backing HAL too slow, could only write 0 of 661 frames
12-09 07:51:14.808 W/audio_hw_generic( 1307): Hardware backing HAL too slow, could only write 0 of 661 frames
12-09 07:51:14.818 W/audio_hw_generic( 1307): Hardware backing HAL too slow, could only write 0 of 661 frames
12-09 07:51:14.823 D/VehicleStatisticsAdapter( 7333): Erasing the cache ...
12-09 07:51:14.824 D/VehicleStatisticsAdapter( 7333): Erasing the cache ...
12-09 07:51:14.828 D/VehicleStatisticsAdapter( 7333): Building new values ...
12-09 07:51:14.829 D/VehicleStatisticsAdapter( 7333): Writing 29 records to the database ...
12-09 07:51:14.837 W/audio_hw_generic( 1307): Hardware backing HAL too slow, could only write 0 of 661 frames
12-09 07:51:14.840 D/VehicleStatisticsAdapter( 7333): Building new values ...
12-09 07:51:14.840 D/VehicleStatisticsAdapter( 7333): Writing 29 records to the database ...
12-09 07:51:14.892 E/SurfaceFlinger( 1226): ro.sf.lcd_density must be defined as a build property
12-09 07:51:14.893 D/gralloc_ranchu( 1226): gralloc_alloc: Creating ashmem region of size 3686400
12-09 07:51:14.925 D/Mileage.ABS( 7333): Not backing up; 241
12-09 07:51:14.932 D/Mileage.ABS( 7333): Not backing up; 247
12-09 07:51:14.987 D/        ( 7456): HostConnection::get() New Host Connection established 0x7f0c2cf12480, tid 7456
12-09 07:51:15.022 E/EGL_emulation( 1226): tid 1226: eglCreateSyncKHR(1881): error 0x3004 (EGL_BAD_ATTRIBUTE)
12-09 07:51:15.028 D/Mileage.ABS( 7333): Not backing up; 344
12-09 07:51:15.137 D/Mileage.ABS( 7333): Not backing up; 453
12-09 07:51:15.144 D/Mileage.ABS( 7333): Not backing up; 460
12-09 07:51:15.147 W/audio_hw_generic( 1307): Not supplying enough data to HAL, expected position 11861001 , only wrote 11860984
12-09 07:51:15.199 W/audio_hw_generic( 1307): Hardware backing HAL too slow, could only write 0 of 661 frames
12-09 07:51:15.212 W/audio_hw_generic( 1307): Hardware backing HAL too slow, could only write 0 of 661 frames
12-09 07:51:15.226 W/audio_hw_generic( 1307): Hardware backing HAL too slow, could only write 0 of 661 frames
12-09 07:51:15.239 D/Mileage.ABS( 7333): Not backing up; 555
12-09 07:51:15.240 W/audio_hw_generic( 1307): Hardware backing HAL too slow, could only write 0 of 661 frames
12-09 07:51:15.255 W/audio_hw_generic( 1307): Hardware backing HAL too slow, could only write 0 of 661 frames
12-09 07:51:15.272 W/audio_hw_generic( 1307): Hardware backing HAL too slow, could only write 0 of 661 frames
12-09 07:51:15.285 W/audio_hw_generic( 1307): Hardware backing HAL too slow, could only write 0 of 661 frames
12-09 07:51:15.304 W/audio_hw_generic( 1307): Hardware backing HAL too slow, could only write 0 of 661 frames
12-09 07:51:15.306 D/Mileage.ABS( 7333): Not backing up; 622
12-09 07:51:15.352 D/Mileage.ABS( 7333): Not backing up; 668
12-09 07:51:15.480 W/audio_hw_generic( 1307): Not supplying enough data to HAL, expected position 11875693 , only wrote 11875526
12-09 07:51:15.495 W/audio_hw_generic( 1307): Hardware backing HAL too slow, could only write 0 of 661 frames
12-09 07:51:15.498 D/Mileage.ABS( 7333): Not backing up; 811
12-09 07:51:15.499 D/Mileage.ABS( 7333): Not backing up; 815
12-09 07:51:15.499 D/Mileage.ABS( 7333): Not backing up; 815
12-09 07:51:15.499 D/Mileage.ABS( 7333): Not backing up; 815
12-09 07:51:15.516 W/audio_hw_generic( 1307): Hardware backing HAL too slow, could only write 0 of 661 frames
12-09 07:51:15.527 W/audio_hw_generic( 1307): Hardware backing HAL too slow, could only write 0 of 661 frames
12-09 07:51:15.532 D/Mileage.ABS( 7333): Not backing up; 848
12-09 07:51:15.547 W/audio_hw_generic( 1307): Hardware backing HAL too slow, could only write 0 of 661 frames
12-09 07:51:15.574 W/audio_hw_generic( 1307): Hardware backing HAL too slow, could only write 0 of 661 frames
12-09 07:51:15.587 W/audio_hw_generic( 1307): Hardware backing HAL too slow, could only write 0 of 661 frames
12-09 07:51:15.600 W/audio_hw_generic( 1307): Hardware backing HAL too slow, could only write 0 of 661 frames
12-09 07:51:15.615 W/audio_hw_generic( 1307): Hardware backing HAL too slow, could only write 0 of 661 frames
12-09 07:51:15.637 W/audio_hw_generic( 1307): Hardware backing HAL too slow, could only write 0 of 661 frames
12-09 07:51:15.638 D/Mileage.ABS( 7333): Not backing up; 954
12-09 07:51:15.645 W/audio_hw_generic( 1307): Hardware backing HAL too slow, could only write 0 of 661 frames
12-09 07:51:15.658 D/Mileage.ABS( 7333): Not backing up; 974
12-09 07:51:15.662 W/audio_hw_generic( 1307): Hardware backing HAL too slow, could only write 0 of 661 frames
12-09 07:51:15.689 I/System.out( 7333): URI: //map
12-09 07:51:15.689 I/System.out( 7333): params: {json={"query":"* {text CONTAINS[c] 'Average fuel economy'}","operation":{"method_name":"query","arguments":[]}}
12-09 07:51:15.689 I/System.out( 7333): }
12-09 07:51:15.804 D/Mileage.ABS( 7333): Finished backup
12-09 07:51:15.819 D/Mileage.ABS( 7333): Not backing up; 31
12-09 07:51:15.819 D/Mileage.ABS( 7333): Not backing up; 31
12-09 07:51:15.820 D/Mileage.ABS( 7333): Not backing up; 31
12-09 07:51:15.979 D/Mileage.ABS( 7333): Not backing up; 191
12-09 07:51:15.980 D/Mileage.ABS( 7333): Not backing up; 192
12-09 07:51:15.987 D/Mileage.ABS( 7333): Not backing up; 199
12-09 07:51:15.988 D/Mileage.ABS( 7333): Not backing up; 200
12-09 07:51:15.988 D/Mileage.ABS( 7333): Not backing up; 200
12-09 07:51:16.029 I/art     ( 7333): Background sticky concurrent mark sweep GC freed 21460(918KB) AllocSpace objects, 1(20KB) LOS objects, 25% free, 3MB/4MB, paused 14.207ms total 201.139ms
12-09 07:51:16.061 W/audio_hw_generic( 1307): Not supplying enough data to HAL, expected position 11901126 , only wrote 11900644
12-09 07:51:16.061 W/audio_hw_generic( 1307): Not supplying enough data to HAL, expected position 11900651 , only wrote 11900644
12-09 07:51:16.271 D/Mileage.ABS( 7333): Not backing up; 483
12-09 07:51:16.272 D/Mileage.ABS( 7333): Not backing up; 483
12-09 07:51:16.272 D/Mileage.ABS( 7333): Not backing up; 484
12-09 07:51:16.278 D/Mileage.ABS( 7333): Not backing up; 490
12-09 07:51:16.420 D/Mileage.ABS( 7333): Not backing up; 632
12-09 07:51:16.421 D/Mileage.ABS( 7333): Not backing up; 633
12-09 07:51:16.421 D/Mileage.ABS( 7333): Not backing up; 633
12-09 07:51:16.421 D/Mileage.ABS( 7333): Not backing up; 633
12-09 07:51:16.421 D/Mileage.ABS( 7333): Not backing up; 633
12-09 07:51:16.425 I/System.out( 7333): URI: //gesture
12-09 07:51:16.425 I/System.out( 7333): params: {json={"query_timeout":5.0,"gestures":[{"query_string":"* {text CONTAINS[c] 'Average fuel economy'}","touches":[{"x":50,"y":50,"offset_x":0,"offset_y":0,"wait":0.0,"time":0.2,"release":true,"query_string":null}]}]}
12-09 07:51:16.425 I/System.out( 7333): }
12-09 07:51:16.429 I/art     ( 7333): Background partial concurrent mark sweep GC freed 36496(1823KB) AllocSpace objects, 4(80KB) LOS objects, 40% free, 3MB/5MB, paused 1.430ms total 170.158ms
12-09 07:51:16.570 D/Mileage.ABS( 7333): Not backing up; 782
12-09 07:51:16.580 D/Mileage.ABS( 7333): Not backing up; 792
12-09 07:51:16.580 D/Mileage.ABS( 7333): Not backing up; 792
12-09 07:51:16.580 D/Mileage.ABS( 7333): Not backing up; 792
12-09 07:51:16.610 D/Mileage.ABS( 7333): Not backing up; 822
12-09 07:51:16.611 D/Mileage.ABS( 7333): Not backing up; 823
12-09 07:51:16.611 D/Mileage.ABS( 7333): Not backing up; 823
12-09 07:51:16.611 D/Mileage.ABS( 7333): Not backing up; 823
12-09 07:51:16.611 D/Mileage.ABS( 7333): Not backing up; 823
12-09 07:51:16.611 D/Mileage.ABS( 7333): Not backing up; 823
12-09 07:51:16.626 D/Mileage.ABS( 7333): Not backing up; 838
12-09 07:51:16.626 D/Mileage.ABS( 7333): Not backing up; 838
12-09 07:51:16.627 D/Mileage.ABS( 7333): Not backing up; 839
12-09 07:51:16.703 D/Mileage.ABS( 7333): Not backing up; 915
12-09 07:51:16.711 D/Mileage.ABS( 7333): Not backing up; 923
12-09 07:51:16.714 D/Mileage.ABS( 7333): Not backing up; 926
12-09 07:51:16.715 D/Mileage.ABS( 7333): Not backing up; 927
12-09 07:51:16.715 D/Mileage.ABS( 7333): Not backing up; 927
12-09 07:51:16.944 D/VehicleStatisticsAdapter( 7333): Caching of 29 records complete! (2.103 seconds)
12-09 07:51:16.944 D/Mileage.ABS( 7333): Finished backup
12-09 07:51:16.945 D/Mileage.ABS( 7333): Not backing up; 120
12-09 07:51:16.945 D/Mileage.ABS( 7333): Not backing up; 120
12-09 07:51:16.945 D/Mileage.ABS( 7333): Not backing up; 120
12-09 07:51:16.946 D/Mileage.ABS( 7333): Not backing up; 121
12-09 07:51:16.946 D/Mileage.ABS( 7333): Not backing up; 121
12-09 07:51:17.035 W/audio_hw_generic( 1307): Not supplying enough data to HAL, expected position 11943593 , only wrote 11942948
12-09 07:51:17.035 W/audio_hw_generic( 1307): Not supplying enough data to HAL, expected position 11942955 , only wrote 11942948
12-09 07:51:17.070 D/VehicleStatisticsAdapter( 7333): Caching of 29 records complete! (2.241 seconds)
12-09 07:51:17.103 D/Mileage.ABS( 7333): Not backing up; 278
12-09 07:51:17.104 D/Mileage.ABS( 7333): Not backing up; 279
12-09 07:51:17.110 W/audio_hw_generic( 1307): Hardware backing HAL too slow, could only write 0 of 661 frames
12-09 07:51:17.111 D/Mileage.ABS( 7333): Not backing up; 286
12-09 07:51:17.137 W/audio_hw_generic( 1307): Hardware backing HAL too slow, could only write 0 of 661 frames
12-09 07:51:17.138 I/ActivityManager( 1593): START u0 {cmp=com.evancharlton.mileage/.charts.AverageFuelEconomyChart (has extras)} from uid 10121 on display 0
12-09 07:51:17.230 W/audio_hw_generic( 1307): Not supplying enough data to HAL, expected position 11951559 , only wrote 11948897
12-09 07:51:17.250 W/audio_hw_generic( 1307): Not supplying enough data to HAL, expected position 11949779 , only wrote 11949558
12-09 07:51:17.279 D/AudioFlinger( 1307): mixer(0xf4340000) throttle end: throttle time(15)
12-09 07:51:17.326 W/audio_hw_generic( 1307): Hardware backing HAL too slow, could only write 0 of 661 frames
12-09 07:51:17.350 W/audio_hw_generic( 1307): Hardware backing HAL too slow, could only write 0 of 661 frames
12-09 07:51:17.366 W/audio_hw_generic( 1307): Hardware backing HAL too slow, could only write 0 of 661 frames
12-09 07:51:17.383 W/audio_hw_generic( 1307): Hardware backing HAL too slow, could only write 0 of 661 frames
12-09 07:51:17.417 I/art     ( 7333): Background sticky concurrent mark sweep GC freed 48908(2MB) AllocSpace objects, 1(20KB) LOS objects, 42% free, 3MB/5MB, paused 14.013ms total 65.644ms
12-09 07:51:17.449 I/calabash( 7333): newActivity1
12-09 07:51:17.489 W/aiCharts( 7333): License file is invalid or missing. 
12-09 07:51:17.489 W/aiCharts( 7333): Please place proper license.lic to /assets folder.
12-09 07:51:17.527 W/audio_hw_generic( 1307): Not supplying enough data to HAL, expected position 11961751 , only wrote 11961456
12-09 07:51:17.527 W/audio_hw_generic( 1307): Not supplying enough data to HAL, expected position 11961463 , only wrote 11961456
12-09 07:51:17.543 W/audio_hw_generic( 1307): Not supplying enough data to HAL, expected position 11962157 , only wrote 11962117
12-09 07:51:17.606 V/PhoneStatusBar( 1697): setLightsOn(true)
12-09 07:51:17.858 W/audio_hw_generic( 1307): Hardware backing HAL too slow, could only write 0 of 661 frames
12-09 07:51:17.858 W/audio_hw_generic( 1307): Not supplying enough data to HAL, expected position 11976008 , only wrote 11975998
12-09 07:51:17.858 W/audio_hw_generic( 1307): Not supplying enough data to HAL, expected position 11976004 , only wrote 11975998
12-09 07:51:17.858 W/audio_hw_generic( 1307): Hardware backing HAL too slow, could only write 0 of 661 frames
12-09 07:51:17.878 W/audio_hw_generic( 1307): Not supplying enough data to HAL, expected position 11976884 , only wrote 11976659
12-09 07:51:17.878 W/audio_hw_generic( 1307): Hardware backing HAL too slow, could only write 0 of 661 frames
12-09 07:51:17.882 D/gralloc_ranchu( 1226): gralloc_alloc: Creating ashmem region of size 372736
12-09 07:51:17.904 W/audio_hw_generic( 1307): Hardware backing HAL too slow, could only write 0 of 661 frames
12-09 07:51:17.924 W/audio_hw_generic( 1307): Hardware backing HAL too slow, could only write 0 of 661 frames
12-09 07:51:17.952 W/audio_hw_generic( 1307): Hardware backing HAL too slow, could only write 0 of 661 frames
12-09 07:51:17.977 W/audio_hw_generic( 1307): Hardware backing HAL too slow, could only write 0 of 661 frames
12-09 07:51:18.001 E/SurfaceFlinger( 1226): ro.sf.lcd_density must be defined as a build property
12-09 07:51:18.006 W/audio_hw_generic( 1307): Hardware backing HAL too slow, could only write 0 of 661 frames
12-09 07:51:18.013 W/audio_hw_generic( 1307): Hardware backing HAL too slow, could only write 0 of 661 frames
12-09 07:51:18.024 W/audio_hw_generic( 1307): Hardware backing HAL too slow, could only write 0 of 661 frames
12-09 07:51:18.027 D/gralloc_ranchu( 1226): gralloc_alloc: Creating ashmem region of size 3686400
12-09 07:51:18.038 D/        ( 7479): HostConnection::get() New Host Connection established 0x7fb5a07d2480, tid 7479
12-09 07:51:18.046 W/audio_hw_generic( 1307): Hardware backing HAL too slow, could only write 0 of 661 frames
12-09 07:51:18.116 W/audio_hw_generic( 1307): Hardware backing HAL too slow, could only write 0 of 661 frames
12-09 07:51:18.146 W/audio_hw_generic( 1307): Hardware backing HAL too slow, could only write 0 of 661 frames
12-09 07:51:18.146 W/audio_hw_generic( 1307): Hardware backing HAL too slow, could only write 0 of 661 frames
12-09 07:51:18.162 W/audio_hw_generic( 1307): Hardware backing HAL too slow, could only write 0 of 661 frames
12-09 07:51:18.167 E/EGL_emulation( 1226): tid 1226: eglCreateSyncKHR(1881): error 0x3004 (EGL_BAD_ATTRIBUTE)
12-09 07:51:18.177 W/audio_hw_generic( 1307): Hardware backing HAL too slow, could only write 0 of 661 frames
12-09 07:51:18.192 W/audio_hw_generic( 1307): Hardware backing HAL too slow, could only write 0 of 661 frames
12-09 07:51:18.204 W/art     ( 1593): Long monitor contention event with owner method=void com.android.server.wm.WindowAnimator$1.doFrame(long) from WindowAnimator.java:121 waiters=0 for 178ms
12-09 07:51:18.210 W/audio_hw_generic( 1307): Hardware backing HAL too slow, could only write 0 of 661 frames
12-09 07:51:18.295 W/audio_hw_generic( 1307): Not supplying enough data to HAL, expected position 11995037 , only wrote 11994506
12-09 07:51:18.378 W/audio_hw_generic( 1307): Hardware backing HAL too slow, could only write 0 of 661 frames
12-09 07:51:18.411 W/audio_hw_generic( 1307): Hardware backing HAL too slow, could only write 0 of 661 frames
12-09 07:51:18.423 W/audio_hw_generic( 1307): Hardware backing HAL too slow, could only write 0 of 661 frames
12-09 07:51:18.638 W/audio_hw_generic( 1307): Not supplying enough data to HAL, expected position 12009661 , only wrote 12007065
12-09 07:51:18.654 W/audio_hw_generic( 1307): Not supplying enough data to HAL, expected position 12007765 , only wrote 12007726
12-09 07:51:18.654 W/audio_hw_generic( 1307): Not supplying enough data to HAL, expected position 12007733 , only wrote 12007726
12-09 07:51:18.664 W/art     ( 1593): Long monitor contention event with owner method=void com.android.server.wm.WindowAnimator$1.doFrame(long) from WindowAnimator.java:121 waiters=1 for 188ms
12-09 07:51:18.700 W/audio_hw_generic( 1307): Not supplying enough data to HAL, expected position 12009720 , only wrote 12009709
12-09 07:51:18.883 W/art     ( 1593): Long monitor contention event with owner method=void com.android.server.wm.WindowAnimator$1.doFrame(long) from WindowAnimator.java:121 waiters=1 for 219ms
12-09 07:51:18.887 W/audio_hw_generic( 1307): Not supplying enough data to HAL, expected position 12017951 , only wrote 12017641
12-09 07:51:19.030 W/art     ( 1593): Long monitor contention event with owner method=void com.android.server.wm.WindowAnimator$1.doFrame(long) from WindowAnimator.java:121 waiters=1 for 244ms
12-09 07:51:19.107 W/audio_hw_generic( 1307): Not supplying enough data to HAL, expected position 12027345 , only wrote 12026234
12-09 07:51:19.107 W/audio_hw_generic( 1307): Not supplying enough data to HAL, expected position 12026241 , only wrote 12026234
12-09 07:51:19.130 W/audio_hw_generic( 1307): Not supplying enough data to HAL, expected position 12027260 , only wrote 12026895
12-09 07:51:19.155 W/audio_hw_generic( 1307): Not supplying enough data to HAL, expected position 12027972 , only wrote 12027556
12-09 07:51:19.155 W/audio_hw_generic( 1307): Not supplying enough data to HAL, expected position 12027563 , only wrote 12027556
12-09 07:51:19.177 W/audio_hw_generic( 1307): Not supplying enough data to HAL, expected position 12028520 , only wrote 12028217
12-09 07:51:19.210 W/audio_hw_generic( 1307): Hardware backing HAL too slow, could only write 0 of 661 frames
12-09 07:51:19.237 W/audio_hw_generic( 1307): Hardware backing HAL too slow, could only write 0 of 661 frames
12-09 07:51:19.239 W/audio_hw_generic( 1307): Hardware backing HAL too slow, could only write 0 of 661 frames
12-09 07:51:19.307 W/audio_hw_generic( 1307): Hardware backing HAL too slow, could only write 0 of 661 frames
12-09 07:51:19.307 W/audio_hw_generic( 1307): Not supplying enough data to HAL, expected position 12033985 , only wrote 12033505
12-09 07:51:19.308 W/audio_hw_generic( 1307): Not supplying enough data to HAL, expected position 12033511 , only wrote 12033505
12-09 07:51:19.326 W/audio_hw_generic( 1307): Not supplying enough data to HAL, expected position 12034320 , only wrote 12034166
12-09 07:51:19.326 W/audio_hw_generic( 1307): Hardware backing HAL too slow, could only write 0 of 661 frames
12-09 07:51:19.326 W/audio_hw_generic( 1307): Hardware backing HAL too slow, could only write 0 of 661 frames
12-09 07:51:19.335 W/art     ( 1593): Long monitor contention event with owner method=void com.android.server.wm.WindowAnimator$1.doFrame(long) from WindowAnimator.java:121 waiters=1 for 223ms
12-09 07:51:19.346 W/audio_hw_generic( 1307): Hardware backing HAL too slow, could only write 0 of 661 frames
12-09 07:51:19.362 W/audio_hw_generic( 1307): Hardware backing HAL too slow, could only write 0 of 661 frames
12-09 07:51:19.391 W/audio_hw_generic( 1307): Hardware backing HAL too slow, could only write 0 of 661 frames
12-09 07:51:19.732 W/audio_hw_generic( 1307): Not supplying enough data to HAL, expected position 12052083 , only wrote 12052013
12-09 07:51:19.733 W/audio_hw_generic( 1307): Not supplying enough data to HAL, expected position 12052020 , only wrote 12052013
12-09 07:51:19.862 W/art     ( 1593): Long monitor contention event with owner method=void com.android.server.wm.WindowAnimator$1.doFrame(long) from WindowAnimator.java:121 waiters=1 for 230ms
12-09 07:51:20.056 W/art     ( 1593): Long monitor contention event with owner method=void com.android.server.wm.WindowAnimator$1.doFrame(long) from WindowAnimator.java:121 waiters=1 for 194ms
