--------- beginning of main
12-09 08:39:17.291 W/audio_hw_generic( 1308): Hardware backing HAL too slow, could only write 0 of 661 frames
--------- beginning of system
12-09 08:39:17.310 W/ProcessCpuTracker( 1591): Skipping unknown process pid 19233
12-09 08:39:17.325 W/ActivityManager( 1591): Finishing task with all activities already finished
12-09 08:39:17.325 W/ActivityManager( 1591): Duplicate finish request for ActivityRecord{7d989c3 u0 com.evancharlton.mileage/.Mileage t482 f}
12-09 08:39:17.388 D/EGL_emulation( 2738): eglMakeCurrent: 0x7f1cf5c9c580: ver 2 0 (tinfo 0x7f1cee30fec0)
12-09 08:39:17.392 W/audio_hw_generic( 1308): Not supplying enough data to HAL, expected position 45238853 , only wrote 45238840
12-09 08:39:17.437 W/ActivityManager( 1591): Finishing task with all activities already finished
12-09 08:39:17.437 W/ActivityManager( 1591): Duplicate finish request for ActivityRecord{7d989c3 u0 com.evancharlton.mileage/.Mileage t482 f}
12-09 08:39:17.488 I/art     ( 1591): Background partial concurrent mark sweep GC freed 2037(179KB) AllocSpace objects, 1(20KB) LOS objects, 29% free, 9MB/13MB, paused 2.588ms total 192.150ms
12-09 08:39:17.558 W/audio_hw_generic( 1308): Not supplying enough data to HAL, expected position 45246152 , only wrote 45246111
12-09 08:39:17.558 W/audio_hw_generic( 1308): Not supplying enough data to HAL, expected position 45246118 , only wrote 45246111
12-09 08:39:17.579 W/audio_hw_generic( 1308): Not supplying enough data to HAL, expected position 45247034 , only wrote 45246772
12-09 08:39:17.587 D/hwcomposer( 1223): hw_composer sent 474 syncs in 61s
12-09 08:39:17.685 W/audio_hw_generic( 1308): Hardware backing HAL too slow, could only write 0 of 661 frames
12-09 08:39:17.685 W/audio_hw_generic( 1308): Not supplying enough data to HAL, expected position 45251451 , only wrote 45251399
12-09 08:39:17.685 W/audio_hw_generic( 1308): Not supplying enough data to HAL, expected position 45251404 , only wrote 45251399
12-09 08:39:17.707 W/audio_hw_generic( 1308): Not supplying enough data to HAL, expected position 45252356 , only wrote 45252060
12-09 08:39:17.788 W/art     ( 1591): Long monitor contention event with owner method=void com.android.server.wm.WindowAnimator$1.doFrame(long) from WindowAnimator.java:121 waiters=1 for 199ms
12-09 08:39:17.831 W/audio_hw_generic( 1308): Hardware backing HAL too slow, could only write 0 of 661 frames
12-09 08:39:17.962 W/audio_hw_generic( 1308): Hardware backing HAL too slow, could only write 0 of 661 frames
12-09 08:39:17.995 W/audio_hw_generic( 1308): Not supplying enough data to HAL, expected position 45264767 , only wrote 45264619
12-09 08:39:17.995 W/audio_hw_generic( 1308): Hardware backing HAL too slow, could only write 0 of 661 frames
12-09 08:39:17.995 W/audio_hw_generic( 1308): Hardware backing HAL too slow, could only write 0 of 661 frames
12-09 08:39:18.132 W/audio_hw_generic( 1308): Not supplying enough data to HAL, expected position 45270644 , only wrote 45270568
12-09 08:39:18.132 W/audio_hw_generic( 1308): Not supplying enough data to HAL, expected position 45270575 , only wrote 45270568
12-09 08:39:18.152 W/audio_hw_generic( 1308): Not supplying enough data to HAL, expected position 45271456 , only wrote 45271229
12-09 08:39:18.244 W/audio_hw_generic( 1308): Not supplying enough data to HAL, expected position 45275289 , only wrote 45275195
12-09 08:39:18.454 W/audio_hw_generic( 1308): Not supplying enough data to HAL, expected position 45284462 , only wrote 45283788
12-09 08:39:18.563 W/audio_hw_generic( 1308): Not supplying enough data to HAL, expected position 45292317 , only wrote 45288415
12-09 08:39:18.727 D/AndroidRuntime(19237): >>>>>> START com.android.internal.os.RuntimeInit uid 0 <<<<<<
12-09 08:39:18.728 D/AndroidRuntime(19237): CheckJNI is ON
12-09 08:39:18.772 D/ICU     (19237): No timezone override file found: /data/misc/zoneinfo/current/icu/icu_tzdata.dat
12-09 08:39:19.012 E/memtrack(19237): Couldn't load memtrack module (No such file or directory)
12-09 08:39:19.012 E/android.os.Debug(19237): failed to load memtrack module: -2
12-09 08:39:19.014 I/Radio-JNI(19237): register_android_hardware_Radio DONE
12-09 08:39:19.051 D/AndroidRuntime(19237): Calling main entry com.android.commands.am.Am
12-09 08:39:19.241 W/art     ( 1591): Long monitor contention event with owner method=java.util.List com.android.server.am.ActivityManagerService.getAllStackInfos() from ActivityManagerService.java:8937 waiters=0 for 209ms
12-09 08:39:19.242 W/art     ( 1591): Long monitor contention event with owner method=java.util.List com.android.server.am.ActivityManagerService.getAllStackInfos() from ActivityManagerService.java:8937 waiters=1 for 133ms
12-09 08:39:19.242 I/ActivityManager( 1591): Force stopping com.evancharlton.mileage appid=10141 user=0: start instr
12-09 08:39:19.242 I/ActivityManager( 1591): Killing 19192:com.evancharlton.mileage/u0a141 (adj 0): stop com.evancharlton.mileage
12-09 08:39:19.375 W/InputDispatcher( 1591): channel '4a069b3 com.evancharlton.mileage/com.evancharlton.mileage.Mileage (server)' ~ Consumer closed input channel or an error occurred.  events=0x9
12-09 08:39:19.375 E/InputDispatcher( 1591): channel '4a069b3 com.evancharlton.mileage/com.evancharlton.mileage.Mileage (server)' ~ Channel is unrecoverably broken and will be disposed!
12-09 08:39:19.399 I/WindowState( 1591): WIN DEATH: Window{4a069b3 u0 com.evancharlton.mileage/com.evancharlton.mileage.Mileage}
12-09 08:39:19.400 W/InputDispatcher( 1591): Attempted to unregister already unregistered input channel '4a069b3 com.evancharlton.mileage/com.evancharlton.mileage.Mileage (server)'
12-09 08:39:19.520 W/ActivityManager( 1591): Crash of app com.evancharlton.mileage running instrumentation ComponentInfo{com.evancharlton.mileage.test/sh.calaba.instrumentationbackend.CalabashInstrumentationTestRunner}
12-09 08:39:19.520 I/ActivityManager( 1591): Force stopping com.evancharlton.mileage appid=10141 user=0: finished inst
12-09 08:39:19.596 I/ActivityManager( 1591): Start proc 19246:com.evancharlton.mileage/u0a141 for added application com.evancharlton.mileage
12-09 08:39:19.596 D/AndroidRuntime(19237): Shutting down VM
12-09 08:39:19.607 W/art     ( 1591): Long monitor contention event with owner method=boolean com.android.server.am.ActivityManagerService.startInstrumentation(android.content.ComponentName, java.lang.String, int, android.os.Bundle, android.app.IInstrumentationWatcher, android.app.IUiAutomationConnection, int, java.lang.String) from ActivityManagerService.java:17066 waiters=3 for 208ms
12-09 08:39:19.607 W/ActivityManager( 1591): Spurious death for ProcessRecord{6db9007 0:com.evancharlton.mileage/u0a141}, curProc for 19192: null
12-09 08:39:19.607 I/Choreographer( 1718): Skipped 69 frames!  The application may be doing too much work on its main thread.
12-09 08:39:19.742 W/System  (19246): ClassLoader referenced unknown path: /data/app/com.evancharlton.mileage.test-1/lib/x86_64
12-09 08:39:19.742 W/System  (19246): ClassLoader referenced unknown path: /data/app/com.evancharlton.mileage-1/lib/x86_64
12-09 08:39:19.887 I/System.out(19246): Main activity name automatically set to: com.evancharlton.mileage.Mileage
12-09 08:39:19.891 I/System.out(19246): Calabash did not load Mono. This is only a problem if you are trying to test a Mono application
12-09 08:39:19.891 I/calabash(19246): Test server port: 7102
12-09 08:39:19.892 I/InstrumentationBackend(19246): Added:'GetPreferences', with key:'get_preferences'
12-09 08:39:20.050 I/InstrumentationBackend(19246): Added:'SetPreferences', with key:'set_preferences'
12-09 08:39:20.050 I/InstrumentationBackend(19246): Added:'ClearPreferences', with key:'clear_preferences'
12-09 08:39:20.050 I/InstrumentationBackend(19246): Added:'PressElement', with key:'press_l10n_element'
12-09 08:39:20.050 I/InstrumentationBackend(19246): Added:'WaitForElement', with key:'wait_for_l10n_element'
12-09 08:39:20.050 I/InstrumentationBackend(19246): Added:'NullAction', with key:'nullAction'
12-09 08:39:20.067 I/InstrumentationBackend(19246): Added:'PressKey', with key:'press_key'
12-09 08:39:20.067 I/InstrumentationBackend(19246): Added:'SetActivityOrientation', with key:'set_activity_orientation'
12-09 08:39:20.067 I/InstrumentationBackend(19246): Added:'GetActivityOrientation', with key:'get_activity_orientation'
12-09 08:39:20.068 I/InstrumentationBackend(19246): Added:'FakeGPSLocation', with key:'set_gps_coordinates'
12-09 08:39:20.068 I/InstrumentationBackend(19246): Added:'SetPropertyByCssSelector', with key:'set_property_by_css_selector'
12-09 08:39:20.068 I/InstrumentationBackend(19246): Added:'GetUrl', with key:'get_url'
12-09 08:39:20.105 I/art     (19246): Background sticky concurrent mark sweep GC freed 3961(369KB) AllocSpace objects, 0(0B) LOS objects, 26% free, 950KB/1295KB, paused 2.054ms total 180.003ms
12-09 08:39:20.106 I/InstrumentationBackend(19246): Added:'ScrollTo', with key:'scroll_to'
12-09 08:39:20.106 I/InstrumentationBackend(19246): Added:'GetLoadProgress', with key:'get_load_progress'
12-09 08:39:20.107 I/InstrumentationBackend(19246): Added:'DumpHtml', with key:'dump_html'
12-09 08:39:20.107 I/InstrumentationBackend(19246): Added:'DumpBodyHtml', with key:'dump_body_html'
12-09 08:39:20.107 I/InstrumentationBackend(19246): Added:'EnterTextByCssSelector', with key:'enter_text_by_selector'
12-09 08:39:20.108 I/InstrumentationBackend(19246): Added:'AndroidSDKVersion', with key:'android_sdk_version'
12-09 08:39:20.108 I/InstrumentationBackend(19246): Added:'Version', with key:'version'
12-09 08:39:20.108 I/InstrumentationBackend(19246): Added:'Drag', with key:'drag'
12-09 08:39:20.108 I/InstrumentationBackend(19246): Added:'TouchCoordinates', with key:'touch_coordinate'
12-09 08:39:20.108 I/InstrumentationBackend(19246): Added:'LongPressCoordinate', with key:'long_press_coordinate'
12-09 08:39:20.109 I/InstrumentationBackend(19246): Added:'DragCoordinates', with key:'drag_coordinates'
12-09 08:39:20.109 I/InstrumentationBackend(19246): Added:'ResumeApplication', with key:'resume_application'
12-09 08:39:20.109 I/InstrumentationBackend(19246): Added:'Swipe', with key:'swipe'
12-09 08:39:20.109 I/InstrumentationBackend(19246): Added:'DoubleTapCoordinate', with key:'double_tap_coordinate'
12-09 08:39:20.109 I/InstrumentationBackend(19246): Added:'ClickOnScreen', with key:'click_on_screen'
12-09 08:39:20.110 I/InstrumentationBackend(19246): Added:'GetActivityName', with key:'get_activity_name'
12-09 08:39:20.110 I/InstrumentationBackend(19246): Added:'ScrollToView', with key:'scroll_to_view'
12-09 08:39:20.110 I/InstrumentationBackend(19246): Added:'ViewConfiguration', with key:'view_configuration'
12-09 08:39:20.110 I/InstrumentationBackend(19246): Added:'IsCurrentActivityFocused', with key:'is_current_activity_focused'
12-09 08:39:20.111 I/InstrumentationBackend(19246): Added:'SendTcp', with key:'send_tcp'
12-09 08:39:20.119 I/InstrumentationBackend(19246): Added:'DpToDevicePixel', with key:'dp_to_device_pixel'
12-09 08:39:20.119 I/InstrumentationBackend(19246): Added:'KeyboardEnterText', with key:'keyboard_enter_text'
12-09 08:39:20.120 I/InstrumentationBackend(19246): Added:'DeleteSurroundingText', with key:'delete_surrounding_text'
12-09 08:39:20.120 I/InstrumentationBackend(19246): Added:'SetComposingRegion', with key:'set_composing_region'
12-09 08:39:20.120 I/InstrumentationBackend(19246): Added:'SetSelection', with key:'set_selection'
12-09 08:39:20.120 I/InstrumentationBackend(19246): Added:'KeyboardKeyEvent', with key:'keyboard_key_event'
12-09 08:39:20.120 I/InstrumentationBackend(19246): Added:'PressUserActionButton', with key:'press_user_action_button'
12-09 08:39:20.121 I/InstrumentationBackend(19246): Added:'HideSoftKeyboard', with key:'hide_soft_keyboard'
12-09 08:39:20.121 I/InstrumentationBackend(19246): Added:'ListActions', with key:'list_actions'
12-09 08:39:20.121 I/calabash(19246): Instantiating http server at 7102
12-09 08:39:20.131 I/System.out(19246): HTTP Daemon listening on: 7102
12-09 08:39:20.225 I/System.out(19246): URI: //ping
12-09 08:39:20.311 I/System.out(19246): params: {json={}
12-09 08:39:20.311 I/System.out(19246): }
12-09 08:39:20.383 I/System.out(19246): URI: //ping
12-09 08:39:20.383 I/System.out(19246): params: {json={}
12-09 08:39:20.383 I/System.out(19246): }
12-09 08:39:20.471 I/System.out(19246): URI: //ready
12-09 08:39:20.472 I/System.out(19246): params: {json={}
12-09 08:39:20.472 I/System.out(19246): }
12-09 08:39:20.563 I/System.out(19246): URI: //
12-09 08:39:20.563 I/System.out(19246): params: {json={"command":"version","arguments":[]}
12-09 08:39:20.563 I/System.out(19246): }
12-09 08:39:20.563 I/System.out(19246): header: {date=Sun, 09 Dec 2018 08:39:20 GMT, accept=*/*, content-length=36, host=127.0.0.1:34777, user-agent=HTTPClient/1.0 (2.8.3, ruby 2.3.1 (2016-04-26)), content-type=application/json;charset=utf-8}
12-09 08:39:20.563 I/System.out(19246): params: {json={"command":"version","arguments":[]}
12-09 08:39:20.563 I/System.out(19246): }
12-09 08:39:20.563 I/System.out(19246): ProP json = {"command":"version","arguments":[]}
12-09 08:39:20.563 I/System.out(19246): files: {}
12-09 08:39:20.563 I/System.out(19246): command: {"command":"version","arguments":[]}
12-09 08:39:20.573 I/InstrumentationBackend(19246): Got command:'Command:'Line:null,version', arguments:'[]'
12-09 08:39:20.620 I/System.out(19246): result:{"bonusInformation":[],"message":"0.9.8","success":true}
12-09 08:39:20.716 I/System.out(19246): URI: //start-application
12-09 08:39:20.722 I/System.out(19246): params: {json={"intent":null}
12-09 08:39:20.722 I/System.out(19246): }
12-09 08:39:20.826 I/ActivityManager( 1591): START u0 {act=android.intent.action.MAIN cat=[android.intent.category.LAUNCHER] flg=0x10200000 cmp=com.evancharlton.mileage/.Mileage} from uid 10141 on display 0
12-09 08:39:20.836 D/gralloc_ranchu( 1223): gralloc_alloc: Creating ashmem region of size 708608
12-09 08:39:20.885 E/EGL_emulation( 1223): tid 1223: eglCreateSyncKHR(1881): error 0x3004 (EGL_BAD_ATTRIBUTE)
12-09 08:39:21.047 I/calabash(19246): newActivity1
12-09 08:39:21.109 I/calabash(19246): newActivity1
12-09 08:39:21.156 W/ActivityManager( 1591): Bad activity token: android.os.BinderProxy@f1c781e
12-09 08:39:21.156 W/ActivityManager( 1591): java.lang.ClassCastException: android.os.BinderProxy cannot be cast to com.android.server.am.ActivityRecord$Token
12-09 08:39:21.156 W/ActivityManager( 1591): 	at com.android.server.am.ActivityRecord.forTokenLocked(ActivityRecord.java:424)
12-09 08:39:21.156 W/ActivityManager( 1591): 	at com.android.server.am.ActivityRecord.isInStackLocked(ActivityRecord.java:1121)
12-09 08:39:21.156 W/ActivityManager( 1591): 	at com.android.server.am.ActivityRecord.getStackLocked(ActivityRecord.java:1126)
12-09 08:39:21.156 W/ActivityManager( 1591): 	at com.android.server.am.ActivityManagerService.getActivityDisplayId(ActivityManagerService.java:8889)
12-09 08:39:21.156 W/ActivityManager( 1591): 	at android.app.ActivityManagerNative.onTransact(ActivityManagerNative.java:2338)
12-09 08:39:21.156 W/ActivityManager( 1591): 	at com.android.server.am.ActivityManagerService.onTransact(ActivityManagerService.java:2443)
12-09 08:39:21.156 W/ActivityManager( 1591): 	at android.os.Binder.execTransact(Binder.java:453)
12-09 08:39:21.157 W/ActivityManager( 1591): Bad activity token: android.os.BinderProxy@f1c781e
12-09 08:39:21.157 W/ActivityManager( 1591): java.lang.ClassCastException: android.os.BinderProxy cannot be cast to com.android.server.am.ActivityRecord$Token
12-09 08:39:21.157 W/ActivityManager( 1591): 	at com.android.server.am.ActivityRecord.forTokenLocked(ActivityRecord.java:424)
12-09 08:39:21.157 W/ActivityManager( 1591): 	at com.android.server.am.ActivityRecord.isInStackLocked(ActivityRecord.java:1121)
12-09 08:39:21.157 W/ActivityManager( 1591): 	at com.android.server.am.ActivityManagerService.setTaskDescription(ActivityManagerService.java:8547)
12-09 08:39:21.157 W/ActivityManager( 1591): 	at android.app.ActivityManagerNative.onTransact(ActivityManagerNative.java:2410)
12-09 08:39:21.157 W/ActivityManager( 1591): 	at com.android.server.am.ActivityManagerService.onTransact(ActivityManagerService.java:2443)
12-09 08:39:21.157 W/ActivityManager( 1591): 	at android.os.Binder.execTransact(Binder.java:453)
12-09 08:39:21.250 I/art     (19246): Background sticky concurrent mark sweep GC freed 1521(196KB) AllocSpace objects, 0(0B) LOS objects, 16% free, 1694KB/2038KB, paused 9.335ms total 50.306ms
12-09 08:39:21.258 D/gralloc_ranchu( 1223): gralloc_alloc: Creating ashmem region of size 3686400
12-09 08:39:21.436 I/art     (19246): Background sticky concurrent mark sweep GC freed 260(103KB) AllocSpace objects, 0(0B) LOS objects, 5% free, 1920KB/2038KB, paused 2.547ms total 109.689ms
12-09 08:39:21.459 W/ActivityManager( 1591): Bad activity token: android.os.BinderProxy@f1c781e
12-09 08:39:21.459 W/ActivityManager( 1591): java.lang.ClassCastException: android.os.BinderProxy cannot be cast to com.android.server.am.ActivityRecord$Token
12-09 08:39:21.459 W/ActivityManager( 1591): 	at com.android.server.am.ActivityRecord.forTokenLocked(ActivityRecord.java:424)
12-09 08:39:21.459 W/ActivityManager( 1591): 	at com.android.server.am.ActivityRecord.isInStackLocked(ActivityRecord.java:1121)
12-09 08:39:21.459 W/ActivityManager( 1591): 	at com.android.server.am.ActivityManagerService.getActivityOptions(ActivityManagerService.java:11038)
12-09 08:39:21.459 W/ActivityManager( 1591): 	at android.app.ActivityManagerNative.onTransact(ActivityManagerNative.java:1734)
12-09 08:39:21.459 W/ActivityManager( 1591): 	at com.android.server.am.ActivityManagerService.onTransact(ActivityManagerService.java:2443)
12-09 08:39:21.459 W/ActivityManager( 1591): 	at android.os.Binder.execTransact(Binder.java:453)
12-09 08:39:21.500 W/ActivityManager( 1591): Bad activity token: android.os.BinderProxy@f1c781e
12-09 08:39:21.500 W/ActivityManager( 1591): java.lang.ClassCastException: android.os.BinderProxy cannot be cast to com.android.server.am.ActivityRecord$Token
12-09 08:39:21.500 W/ActivityManager( 1591): 	at com.android.server.am.ActivityRecord.forTokenLocked(ActivityRecord.java:424)
12-09 08:39:21.500 W/ActivityManager( 1591): 	at com.android.server.am.ActivityRecord.isInStackLocked(ActivityRecord.java:1121)
12-09 08:39:21.500 W/ActivityManager( 1591): 	at com.android.server.am.ActivityManagerService.getActivityOptions(ActivityManagerService.java:11038)
12-09 08:39:21.500 W/ActivityManager( 1591): 	at android.app.ActivityManagerNative.onTransact(ActivityManagerNative.java:1734)
12-09 08:39:21.500 W/ActivityManager( 1591): 	at com.android.server.am.ActivityManagerService.onTransact(ActivityManagerService.java:2443)
12-09 08:39:21.500 W/ActivityManager( 1591): 	at android.os.Binder.execTransact(Binder.java:453)
12-09 08:39:21.518 V/PhoneStatusBar( 1718): setLightsOn(true)
12-09 08:39:21.536 D/EGL_emulation( 2738): eglMakeCurrent: 0x7f1cf5c9c580: ver 2 0 (tinfo 0x7f1cee30fec0)
12-09 08:39:21.543 E/Surface ( 2738): getSlotFromBufferLocked: unknown buffer: 0x7f1cf5c9cee0
12-09 08:39:21.545 I/art     (19246): Background partial concurrent mark sweep GC freed 1972(153KB) AllocSpace objects, 2(40KB) LOS objects, 39% free, 1783KB/2MB, paused 9.506ms total 43.893ms
12-09 08:39:22.132 W/art     ( 1591): Long monitor contention event with owner method=void com.android.server.wm.WindowManagerService$H.handleMessage(android.os.Message) from WindowManagerService.java:7820 waiters=2 for 423ms
12-09 08:39:22.133 W/art     ( 1591): Long monitor contention event with owner method=void com.android.server.wm.WindowAnimator$1.doFrame(long) from WindowAnimator.java:121 waiters=2 for 423ms
12-09 08:39:22.551 D/gralloc_ranchu( 1223): gralloc_alloc: Creating ashmem region of size 3686400
12-09 08:39:22.743 W/SurfaceFlinger( 1223): couldn't log to binary event log: overflow.
12-09 08:39:22.787 D/        (19246): HostConnection::get() New Host Connection established 0x7f1cf5cfd1c0, tid 19246
12-09 08:39:22.862 I/ActivityManager( 1591): Displayed com.evancharlton.mileage/.Mileage: +1s826ms
12-09 08:39:22.876 D/gralloc_ranchu( 1223): gralloc_alloc: Creating ashmem region of size 3686400
12-09 08:39:23.684 D/gralloc_ranchu( 1223): gralloc_alloc: Creating ashmem region of size 3686400
12-09 08:39:24.684 I/System.out(19246): URI: //map
12-09 08:39:24.684 I/System.out(19246): params: {json={"query":"android.widget.EditText id:'price'","operation":{"method_name":"query","arguments":[]}}
12-09 08:39:24.684 I/System.out(19246): }
12-09 08:39:24.779 W/ResourceType(19246): No package identifier when getting name for resource number 0x00000001
12-09 08:39:24.799 W/art     (19246): Suspending all threads took: 8.266ms
12-09 08:39:24.852 I/art     (19246): Background sticky concurrent mark sweep GC freed 34633(1544KB) AllocSpace objects, 2(40KB) LOS objects, 13% free, 2MB/2MB, paused 17.447ms total 156.027ms
12-09 08:39:24.955 I/System.out(19246): URI: //gesture
12-09 08:39:24.955 I/System.out(19246): params: {json={"query_timeout":5.0,"gestures":[{"query_string":"android.widget.EditText id:'price'","touches":[{"x":50,"y":50,"offset_x":0,"offset_y":0,"wait":0.0,"time":0.2,"release":true,"query_string":null}]}]}
12-09 08:39:24.955 I/System.out(19246): }
12-09 08:39:25.003 W/ResourceType(19246): No package identifier when getting name for resource number 0x00000001
12-09 08:39:25.427 I/LatinIME( 1898): Starting input. Cursor position = 0,0
12-09 08:39:25.693 I/art     (19246): Background sticky concurrent mark sweep GC freed 32807(1510KB) AllocSpace objects, 0(0B) LOS objects, 17% free, 2MB/2MB, paused 1.909ms total 287.140ms
12-09 08:39:25.887 D/EGL_emulation( 1898): eglMakeCurrent: 0x7f1cf5c9a320: ver 2 0 (tinfo 0x7f1ced9325a0)
12-09 08:39:26.133 I/System.out(19246): URI: //
12-09 08:39:26.133 I/System.out(19246): params: {json={"command":"set_selection","arguments":[-1,-1]}
12-09 08:39:26.133 I/System.out(19246): }
12-09 08:39:26.133 I/System.out(19246): header: {date=Sun, 09 Dec 2018 08:39:26 GMT, accept=*/*, content-length=47, host=127.0.0.1:34777, user-agent=HTTPClient/1.0 (2.8.3, ruby 2.3.1 (2016-04-26)), content-type=application/json;charset=utf-8}
12-09 08:39:26.133 I/System.out(19246): params: {json={"command":"set_selection","arguments":[-1,-1]}
12-09 08:39:26.133 I/System.out(19246): }
12-09 08:39:26.133 I/System.out(19246): ProP json = {"command":"set_selection","arguments":[-1,-1]}
12-09 08:39:26.133 I/System.out(19246): files: {}
12-09 08:39:26.134 I/System.out(19246): command: {"command":"set_selection","arguments":[-1,-1]}
12-09 08:39:26.144 I/InstrumentationBackend(19246): Got command:'Command:'Line:null,set_selection', arguments:'[-1, -1]'
12-09 08:39:26.177 I/art     (19246): Background sticky concurrent mark sweep GC freed 2519(117KB) AllocSpace objects, 1(20KB) LOS objects, 15% free, 2MB/2MB, paused 17.799ms total 32.220ms
12-09 08:39:26.230 I/System.out(19246): result:{"bonusInformation":[],"message":"","success":true}
12-09 08:39:26.564 I/System.out(19246): URI: //
12-09 08:39:26.564 I/System.out(19246): params: {json={"command":"keyboard_enter_text","arguments":["-321ßå∂˚¡–ºß123"]}
12-09 08:39:26.564 I/System.out(19246): }
12-09 08:39:26.564 I/System.out(19246): header: {date=Sun, 09 Dec 2018 08:39:26 GMT, accept=*/*, content-length=75, host=127.0.0.1:34777, user-agent=HTTPClient/1.0 (2.8.3, ruby 2.3.1 (2016-04-26)), content-type=application/json;charset=utf-8}
12-09 08:39:26.564 I/System.out(19246): params: {json={"command":"keyboard_enter_text","arguments":["-321ßå∂˚¡–ºß123"]}
12-09 08:39:26.564 I/System.out(19246): }
12-09 08:39:26.564 I/System.out(19246): ProP json = {"command":"keyboard_enter_text","arguments":["-321ßå∂˚¡–ºß123"]}
12-09 08:39:26.564 I/System.out(19246): files: {}
12-09 08:39:26.564 I/System.out(19246): command: {"command":"keyboard_enter_text","arguments":["-321ßå∂˚¡–ºß123"]}
12-09 08:39:26.566 I/InstrumentationBackend(19246): Got command:'Command:'Line:null,keyboard_enter_text', arguments:'[-321ßå∂˚¡–ºß123]'
12-09 08:39:26.649 E/SpannableStringBuilder(19246): SPAN_EXCLUSIVE_EXCLUSIVE spans cannot have a zero length
12-09 08:39:26.649 E/SpannableStringBuilder(19246): SPAN_EXCLUSIVE_EXCLUSIVE spans cannot have a zero length
12-09 08:39:26.801 E/SpannableStringBuilder(19246): SPAN_EXCLUSIVE_EXCLUSIVE spans cannot have a zero length
12-09 08:39:26.801 E/SpannableStringBuilder(19246): SPAN_EXCLUSIVE_EXCLUSIVE spans cannot have a zero length
12-09 08:39:26.849 I/System.out(19246): result:{"bonusInformation":[],"message":"","success":true}
12-09 08:39:27.511 E/SurfaceFlinger( 1223): ro.sf.lcd_density must be defined as a build property
12-09 08:39:27.583 D/gralloc_ranchu( 1223): gralloc_alloc: Creating ashmem region of size 3686400
12-09 08:39:27.603 D/        (19277): HostConnection::get() New Host Connection established 0x7f3f3ef12480, tid 19277
12-09 08:39:27.642 E/EGL_emulation( 1223): tid 1223: eglCreateSyncKHR(1881): error 0x3004 (EGL_BAD_ATTRIBUTE)
12-09 08:39:28.707 I/System.out(19246): URI: //map
12-09 08:39:28.707 I/System.out(19246): params: {json={"query":"android.widget.EditText id:'volume'","operation":{"method_name":"query","arguments":[]}}
12-09 08:39:28.707 I/System.out(19246): }
12-09 08:39:28.749 W/ResourceType(19246): No package identifier when getting name for resource number 0x00000001
12-09 08:39:28.905 I/System.out(19246): URI: //gesture
12-09 08:39:28.905 I/System.out(19246): params: {json={"query_timeout":5.0,"gestures":[{"query_string":"android.widget.EditText id:'volume'","touches":[{"x":50,"y":50,"offset_x":0,"offset_y":0,"wait":0.0,"time":0.2,"release":true,"query_string":null}]}]}
12-09 08:39:28.905 I/System.out(19246): }
12-09 08:39:28.977 W/ResourceType(19246): No package identifier when getting name for resource number 0x00000001
12-09 08:39:29.012 I/art     (19246): Background sticky concurrent mark sweep GC freed 12087(512KB) AllocSpace objects, 1(20KB) LOS objects, 0% free, 2MB/2MB, paused 990us total 107.487ms
12-09 08:39:29.356 I/LatinIME( 1898): Starting input. Cursor position = 0,0
12-09 08:39:29.649 I/art     ( 1898): Background sticky concurrent mark sweep GC freed 2363(257KB) AllocSpace objects, 2(56KB) LOS objects, 21% free, 2MB/2MB, paused 17.316ms total 80.497ms
12-09 08:39:29.946 I/System.out(19246): URI: //
12-09 08:39:29.947 I/System.out(19246): params: {json={"command":"set_selection","arguments":[-1,-1]}
12-09 08:39:29.947 I/System.out(19246): }
12-09 08:39:29.947 I/System.out(19246): header: {date=Sun, 09 Dec 2018 08:39:30 GMT, accept=*/*, content-length=47, host=127.0.0.1:34777, user-agent=HTTPClient/1.0 (2.8.3, ruby 2.3.1 (2016-04-26)), content-type=application/json;charset=utf-8}
12-09 08:39:29.947 I/System.out(19246): params: {json={"command":"set_selection","arguments":[-1,-1]}
12-09 08:39:29.947 I/System.out(19246): }
12-09 08:39:29.947 I/System.out(19246): ProP json = {"command":"set_selection","arguments":[-1,-1]}
12-09 08:39:29.947 I/System.out(19246): files: {}
12-09 08:39:29.947 I/System.out(19246): command: {"command":"set_selection","arguments":[-1,-1]}
12-09 08:39:29.951 I/InstrumentationBackend(19246): Got command:'Command:'Line:null,set_selection', arguments:'[-1, -1]'
12-09 08:39:29.981 I/System.out(19246): result:{"bonusInformation":[],"message":"","success":true}
12-09 08:39:30.178 I/System.out(19246): URI: //
12-09 08:39:30.178 I/System.out(19246): params: {json={"command":"keyboard_enter_text","arguments":["åß9∂º–ç¬  ß29å∂˚¡–ºß123"]}
12-09 08:39:30.178 I/System.out(19246): }
12-09 08:39:30.178 I/System.out(19246): header: {date=Sun, 09 Dec 2018 08:39:30 GMT, accept=*/*, content-length=92, host=127.0.0.1:34777, user-agent=HTTPClient/1.0 (2.8.3, ruby 2.3.1 (2016-04-26)), content-type=application/json;charset=utf-8}
12-09 08:39:30.178 I/System.out(19246): params: {json={"command":"keyboard_enter_text","arguments":["åß9∂º–ç¬  ß29å∂˚¡–ºß123"]}
12-09 08:39:30.178 I/System.out(19246): }
12-09 08:39:30.178 I/System.out(19246): ProP json = {"command":"keyboard_enter_text","arguments":["åß9∂º–ç¬  ß29å∂˚¡–ºß123"]}
12-09 08:39:30.178 I/System.out(19246): files: {}
12-09 08:39:30.178 I/System.out(19246): command: {"command":"keyboard_enter_text","arguments":["åß9∂º–ç¬  ß29å∂˚¡–ºß123"]}
12-09 08:39:30.179 I/InstrumentationBackend(19246): Got command:'Command:'Line:null,keyboard_enter_text', arguments:'[åß9∂º–ç¬  ß29å∂˚¡–ºß123]'
12-09 08:39:30.180 E/SpannableStringBuilder(19246): SPAN_EXCLUSIVE_EXCLUSIVE spans cannot have a zero length
12-09 08:39:30.180 E/SpannableStringBuilder(19246): SPAN_EXCLUSIVE_EXCLUSIVE spans cannot have a zero length
12-09 08:39:30.196 E/SpannableStringBuilder(19246): SPAN_EXCLUSIVE_EXCLUSIVE spans cannot have a zero length
12-09 08:39:30.196 E/SpannableStringBuilder(19246): SPAN_EXCLUSIVE_EXCLUSIVE spans cannot have a zero length
12-09 08:39:30.240 I/System.out(19246): result:{"bonusInformation":[],"message":"","success":true}
12-09 08:39:30.761 E/SurfaceFlinger( 1223): ro.sf.lcd_density must be defined as a build property
12-09 08:39:30.762 D/gralloc_ranchu( 1223): gralloc_alloc: Creating ashmem region of size 3686400
12-09 08:39:30.839 D/        (19287): HostConnection::get() New Host Connection established 0x7f3ca0cd2480, tid 19287
12-09 08:39:30.863 E/EGL_emulation( 1223): tid 1223: eglCreateSyncKHR(1881): error 0x3004 (EGL_BAD_ATTRIBUTE)
12-09 08:39:32.075 I/System.out(19246): URI: //map
12-09 08:39:32.075 I/System.out(19246): params: {json={"query":"android.widget.EditText id:'odometer'","operation":{"method_name":"query","arguments":[]}}
12-09 08:39:32.075 I/System.out(19246): }
12-09 08:39:32.123 W/ResourceType(19246): No package identifier when getting name for resource number 0x00000001
12-09 08:39:32.285 I/System.out(19246): URI: //gesture
12-09 08:39:32.285 I/System.out(19246): params: {json={"query_timeout":5.0,"gestures":[{"query_string":"android.widget.EditText id:'odometer'","touches":[{"x":50,"y":50,"offset_x":0,"offset_y":0,"wait":0.0,"time":0.2,"release":true,"query_string":null}]}]}
12-09 08:39:32.285 I/System.out(19246): }
12-09 08:39:32.322 I/art     (19246): Background sticky concurrent mark sweep GC freed 44958(2022KB) AllocSpace objects, 2(40KB) LOS objects, 20% free, 2MB/3MB, paused 1.008ms total 125.358ms
12-09 08:39:32.334 W/ResourceType(19246): No package identifier when getting name for resource number 0x00000001
12-09 08:39:32.704 I/LatinIME( 1898): Starting input. Cursor position = 0,0
12-09 08:39:32.828 I/art     (19246): Background sticky concurrent mark sweep GC freed 44922(2022KB) AllocSpace objects, 2(40KB) LOS objects, 29% free, 2MB/3MB, paused 6.488ms total 108.659ms
12-09 08:39:33.303 I/System.out(19246): URI: //
12-09 08:39:33.303 I/System.out(19246): params: {json={"command":"set_selection","arguments":[-1,-1]}
12-09 08:39:33.303 I/System.out(19246): }
12-09 08:39:33.303 I/System.out(19246): header: {date=Sun, 09 Dec 2018 08:39:33 GMT, accept=*/*, content-length=47, host=127.0.0.1:34777, user-agent=HTTPClient/1.0 (2.8.3, ruby 2.3.1 (2016-04-26)), content-type=application/json;charset=utf-8}
12-09 08:39:33.303 I/System.out(19246): params: {json={"command":"set_selection","arguments":[-1,-1]}
12-09 08:39:33.303 I/System.out(19246): }
12-09 08:39:33.303 I/System.out(19246): ProP json = {"command":"set_selection","arguments":[-1,-1]}
12-09 08:39:33.303 I/System.out(19246): files: {}
12-09 08:39:33.303 I/System.out(19246): command: {"command":"set_selection","arguments":[-1,-1]}
12-09 08:39:33.305 I/InstrumentationBackend(19246): Got command:'Command:'Line:null,set_selection', arguments:'[-1, -1]'
12-09 08:39:33.319 I/System.out(19246): result:{"bonusInformation":[],"message":"","success":true}
12-09 08:39:33.499 I/art     ( 1898): Background partial concurrent mark sweep GC freed 2768(272KB) AllocSpace objects, 2(56KB) LOS objects, 40% free, 2MB/3MB, paused 6.906ms total 16.134ms
12-09 08:39:33.543 I/System.out(19246): URI: //
12-09 08:39:33.547 I/System.out(19246): params: {json={"command":"keyboard_enter_text","arguments":["=+œå∑ß≈´∂ç®ƒ√†©∫¡™£"]}
12-09 08:39:33.547 I/System.out(19246): }
12-09 08:39:33.547 I/System.out(19246): header: {date=Sun, 09 Dec 2018 08:39:33 GMT, accept=*/*, content-length=93, host=127.0.0.1:34777, user-agent=HTTPClient/1.0 (2.8.3, ruby 2.3.1 (2016-04-26)), content-type=application/json;charset=utf-8}
12-09 08:39:33.547 I/System.out(19246): params: {json={"command":"keyboard_enter_text","arguments":["=+œå∑ß≈´∂ç®ƒ√†©∫¡™£"]}
12-09 08:39:33.547 I/System.out(19246): }
12-09 08:39:33.547 I/System.out(19246): ProP json = {"command":"keyboard_enter_text","arguments":["=+œå∑ß≈´∂ç®ƒ√†©∫¡™£"]}
12-09 08:39:33.547 I/System.out(19246): files: {}
12-09 08:39:33.547 I/System.out(19246): command: {"command":"keyboard_enter_text","arguments":["=+œå∑ß≈´∂ç®ƒ√†©∫¡™£"]}
12-09 08:39:33.554 I/InstrumentationBackend(19246): Got command:'Command:'Line:null,keyboard_enter_text', arguments:'[=+œå∑ß≈´∂ç®ƒ√†©∫¡™£]'
12-09 08:39:33.599 E/SpannableStringBuilder(19246): SPAN_EXCLUSIVE_EXCLUSIVE spans cannot have a zero length
12-09 08:39:33.599 E/SpannableStringBuilder(19246): SPAN_EXCLUSIVE_EXCLUSIVE spans cannot have a zero length
12-09 08:39:33.600 E/SpannableStringBuilder(19246): SPAN_EXCLUSIVE_EXCLUSIVE spans cannot have a zero length
12-09 08:39:33.601 E/SpannableStringBuilder(19246): SPAN_EXCLUSIVE_EXCLUSIVE spans cannot have a zero length
12-09 08:39:33.608 I/System.out(19246): result:{"bonusInformation":[],"message":"","success":true}
12-09 08:39:34.103 E/SurfaceFlinger( 1223): ro.sf.lcd_density must be defined as a build property
12-09 08:39:34.103 D/gralloc_ranchu( 1223): gralloc_alloc: Creating ashmem region of size 3686400
12-09 08:39:34.261 D/        (19297): HostConnection::get() New Host Connection established 0x7f8c9d112480, tid 19297
12-09 08:39:34.284 E/EGL_emulation( 1223): tid 1223: eglCreateSyncKHR(1881): error 0x3004 (EGL_BAD_ATTRIBUTE)
