--------- beginning of main
12-09 07:51:57.382 E/EGL_emulation( 1225): tid 1225: eglCreateSyncKHR(1881): error 0x3004 (EGL_BAD_ATTRIBUTE)
--------- beginning of system
12-09 07:51:57.399 W/ActivityManager( 1593): Finishing task with all activities already finished
12-09 07:51:57.399 W/ActivityManager( 1593): Duplicate finish request for ActivityRecord{fc82f95 u0 com.evancharlton.mileage/.Mileage t367 f}
12-09 07:51:57.399 W/ActivityManager( 1593): Finishing task with all activities already finished
12-09 07:51:57.399 W/ActivityManager( 1593): Duplicate finish request for ActivityRecord{fc82f95 u0 com.evancharlton.mileage/.Mileage t367 f}
12-09 07:51:57.399 W/ActivityManager( 1593): Finishing task with all activities already finished
12-09 07:51:57.399 W/ActivityManager( 1593): Duplicate finish request for ActivityRecord{fc82f95 u0 com.evancharlton.mileage/.Mileage t367 f}
12-09 07:51:57.399 W/ActivityManager( 1593): Finishing task with all activities already finished
12-09 07:51:57.400 W/ActivityManager( 1593): Duplicate finish request for ActivityRecord{fc82f95 u0 com.evancharlton.mileage/.Mileage t367 f}
12-09 07:51:57.434 W/ActivityManager( 1593): Finishing task with all activities already finished
12-09 07:51:57.434 W/ActivityManager( 1593): Duplicate finish request for ActivityRecord{fc82f95 u0 com.evancharlton.mileage/.Mileage t367 f}
12-09 07:51:57.459 W/ActivityManager( 1593): Finishing task with all activities already finished
12-09 07:51:57.459 W/ActivityManager( 1593): Duplicate finish request for ActivityRecord{fc82f95 u0 com.evancharlton.mileage/.Mileage t367 f}
12-09 07:51:57.473 W/ActivityManager( 1593): Finishing task with all activities already finished
12-09 07:51:57.474 W/ActivityManager( 1593): Duplicate finish request for ActivityRecord{fc82f95 u0 com.evancharlton.mileage/.Mileage t367 f}
12-09 07:51:57.508 I/art     ( 1593): Background partial concurrent mark sweep GC freed 497(24KB) AllocSpace objects, 0(0B) LOS objects, 30% free, 9MB/13MB, paused 12.368ms total 112.576ms
12-09 07:51:57.523 D/EGL_emulation( 1937): eglMakeCurrent: 0x7f52d5074dc0: ver 2 0 (tinfo 0x7f52d5042d20)
12-09 07:51:58.164 D/AndroidRuntime( 7694): >>>>>> START com.android.internal.os.RuntimeInit uid 0 <<<<<<
12-09 07:51:58.174 D/AndroidRuntime( 7694): CheckJNI is ON
12-09 07:51:58.213 D/ICU     ( 7694): No timezone override file found: /data/misc/zoneinfo/current/icu/icu_tzdata.dat
12-09 07:51:58.320 E/memtrack( 7694): Couldn't load memtrack module (No such file or directory)
12-09 07:51:58.320 E/android.os.Debug( 7694): failed to load memtrack module: -2
12-09 07:51:58.422 I/Radio-JNI( 7694): register_android_hardware_Radio DONE
12-09 07:51:58.530 D/AndroidRuntime( 7694): Calling main entry com.android.commands.am.Am
12-09 07:51:58.646 W/art     ( 1593): Long monitor contention event with owner method=void com.android.server.wm.WindowAnimator$1.doFrame(long) from WindowAnimator.java:121 waiters=1 for 215ms
12-09 07:51:58.809 W/art     ( 1593): Long monitor contention event with owner method=void com.android.server.wm.WindowAnimator$1.doFrame(long) from WindowAnimator.java:121 waiters=1 for 260ms
12-09 07:51:58.958 I/Choreographer( 1937): Skipped 81 frames!  The application may be doing too much work on its main thread.
12-09 07:51:58.985 W/art     ( 1593): Long monitor contention event with owner method=java.util.List com.android.server.am.ActivityManagerService.getAllStackInfos() from ActivityManagerService.java:8937 waiters=0 for 454ms
12-09 07:51:59.022 I/ActivityManager( 1593): Force stopping com.evancharlton.mileage appid=10121 user=0: start instr
12-09 07:51:59.023 I/ActivityManager( 1593): Killing 7648:com.evancharlton.mileage/u0a121 (adj 0): stop com.evancharlton.mileage
12-09 07:51:59.062 W/OpenGLRenderer( 1937): Incorrectly called buildLayer on View: ShortcutAndWidgetContainer, destroying layer...
12-09 07:51:59.330 I/WindowState( 1593): WIN DEATH: Window{b8af40a u0 com.evancharlton.mileage/com.evancharlton.mileage.Mileage EXITING}
12-09 07:52:00.037 W/ActivityManager( 1593): Crash of app com.evancharlton.mileage running instrumentation ComponentInfo{com.evancharlton.mileage.test/sh.calaba.instrumentationbackend.CalabashInstrumentationTestRunner}
12-09 07:52:00.037 I/ActivityManager( 1593): Force stopping com.evancharlton.mileage appid=10121 user=0: finished inst
12-09 07:52:00.145 I/ActivityManager( 1593): Start proc 7703:com.evancharlton.mileage/u0a121 for added application com.evancharlton.mileage
12-09 07:52:00.153 W/art     ( 1593): Long monitor contention event with owner method=boolean com.android.server.am.ActivityManagerService.startInstrumentation(android.content.ComponentName, java.lang.String, int, android.os.Bundle, android.app.IInstrumentationWatcher, android.app.IUiAutomationConnection, int, java.lang.String) from ActivityManagerService.java:17066 waiters=0 for 1.131s
12-09 07:52:00.166 W/art     ( 1593): Long monitor contention event with owner method=boolean com.android.server.am.ActivityManagerService.startInstrumentation(android.content.ComponentName, java.lang.String, int, android.os.Bundle, android.app.IInstrumentationWatcher, android.app.IUiAutomationConnection, int, java.lang.String) from ActivityManagerService.java:17066 waiters=2 for 1.073s
12-09 07:52:00.166 W/ActivityManager( 1593): Spurious death for ProcessRecord{b902729 0:com.evancharlton.mileage/u0a121}, curProc for 7648: null
12-09 07:52:00.167 W/art     ( 1593): Long monitor contention event with owner method=boolean com.android.server.am.ActivityManagerService.startInstrumentation(android.content.ComponentName, java.lang.String, int, android.os.Bundle, android.app.IInstrumentationWatcher, android.app.IUiAutomationConnection, int, java.lang.String) from ActivityManagerService.java:17066 waiters=3 for 837ms
12-09 07:52:00.177 W/art     ( 1593): Long monitor contention event with owner method=boolean com.android.server.am.ActivityManagerService.startInstrumentation(android.content.ComponentName, java.lang.String, int, android.os.Bundle, android.app.IInstrumentationWatcher, android.app.IUiAutomationConnection, int, java.lang.String) from ActivityManagerService.java:17066 waiters=4 for 654ms
12-09 07:52:00.178 I/Choreographer( 1593): Skipped 53 frames!  The application may be doing too much work on its main thread.
12-09 07:52:00.179 W/WindowAnimator( 1593): Failed to dispatch window animation state change.
12-09 07:52:00.179 W/WindowAnimator( 1593): android.os.DeadObjectException
12-09 07:52:00.179 W/WindowAnimator( 1593): 	at android.os.BinderProxy.transactNative(Native Method)
12-09 07:52:00.179 W/WindowAnimator( 1593): 	at android.os.BinderProxy.transact(Binder.java:503)
12-09 07:52:00.179 W/WindowAnimator( 1593): 	at android.view.IWindow$Stub$Proxy.onAnimationStopped(IWindow.java:534)
12-09 07:52:00.179 W/WindowAnimator( 1593): 	at com.android.server.wm.WindowAnimator.updateWindowsLocked(WindowAnimator.java:286)
12-09 07:52:00.179 W/WindowAnimator( 1593): 	at com.android.server.wm.WindowAnimator.animateLocked(WindowAnimator.java:678)
12-09 07:52:00.179 W/WindowAnimator( 1593): 	at com.android.server.wm.WindowAnimator.-wrap0(WindowAnimator.java)
12-09 07:52:00.179 W/WindowAnimator( 1593): 	at com.android.server.wm.WindowAnimator$1.doFrame(WindowAnimator.java:123)
12-09 07:52:00.179 W/WindowAnimator( 1593): 	at android.view.Choreographer$CallbackRecord.run(Choreographer.java:856)
12-09 07:52:00.179 W/WindowAnimator( 1593): 	at android.view.Choreographer.doCallbacks(Choreographer.java:670)
12-09 07:52:00.179 W/WindowAnimator( 1593): 	at android.view.Choreographer.doFrame(Choreographer.java:603)
12-09 07:52:00.179 W/WindowAnimator( 1593): 	at android.view.Choreographer$FrameDisplayEventReceiver.run(Choreographer.java:844)
12-09 07:52:00.179 W/WindowAnimator( 1593): 	at android.os.Handler.handleCallback(Handler.java:739)
12-09 07:52:00.179 W/WindowAnimator( 1593): 	at android.os.Handler.dispatchMessage(Handler.java:95)
12-09 07:52:00.179 W/WindowAnimator( 1593): 	at android.os.Looper.loop(Looper.java:148)
12-09 07:52:00.179 W/WindowAnimator( 1593): 	at android.os.HandlerThread.run(HandlerThread.java:61)
12-09 07:52:00.179 W/WindowAnimator( 1593): 	at com.android.server.ServiceThread.run(ServiceThread.java:46)
12-09 07:52:00.196 D/AndroidRuntime( 7694): Shutting down VM
12-09 07:52:00.205 W/art     ( 1593): Long monitor contention event with owner method=boolean com.android.server.am.ActivityManagerService.startInstrumentation(android.content.ComponentName, java.lang.String, int, android.os.Bundle, android.app.IInstrumentationWatcher, android.app.IUiAutomationConnection, int, java.lang.String) from ActivityManagerService.java:17066 waiters=1 for 1.127s
12-09 07:52:00.304 W/System  ( 7703): ClassLoader referenced unknown path: /data/app/com.evancharlton.mileage.test-1/lib/x86_64
12-09 07:52:00.304 W/System  ( 7703): ClassLoader referenced unknown path: /data/app/com.evancharlton.mileage-1/lib/x86_64
12-09 07:52:00.361 I/System.out( 7703): Main activity name automatically set to: com.evancharlton.mileage.Mileage
12-09 07:52:00.377 I/System.out( 7703): Calabash did not load Mono. This is only a problem if you are trying to test a Mono application
12-09 07:52:00.377 I/calabash( 7703): Test server port: 7102
12-09 07:52:00.378 I/InstrumentationBackend( 7703): Added:'GetPreferences', with key:'get_preferences'
12-09 07:52:00.451 I/InstrumentationBackend( 7703): Added:'SetPreferences', with key:'set_preferences'
12-09 07:52:00.451 I/InstrumentationBackend( 7703): Added:'ClearPreferences', with key:'clear_preferences'
12-09 07:52:00.451 I/InstrumentationBackend( 7703): Added:'PressElement', with key:'press_l10n_element'
12-09 07:52:00.452 I/InstrumentationBackend( 7703): Added:'WaitForElement', with key:'wait_for_l10n_element'
12-09 07:52:00.452 I/InstrumentationBackend( 7703): Added:'NullAction', with key:'nullAction'
12-09 07:52:00.452 I/InstrumentationBackend( 7703): Added:'PressKey', with key:'press_key'
12-09 07:52:00.457 I/InstrumentationBackend( 7703): Added:'SetActivityOrientation', with key:'set_activity_orientation'
12-09 07:52:00.457 I/InstrumentationBackend( 7703): Added:'GetActivityOrientation', with key:'get_activity_orientation'
12-09 07:52:00.457 I/InstrumentationBackend( 7703): Added:'FakeGPSLocation', with key:'set_gps_coordinates'
12-09 07:52:00.458 I/InstrumentationBackend( 7703): Added:'SetPropertyByCssSelector', with key:'set_property_by_css_selector'
12-09 07:52:00.458 I/InstrumentationBackend( 7703): Added:'GetUrl', with key:'get_url'
12-09 07:52:00.459 I/InstrumentationBackend( 7703): Added:'ScrollTo', with key:'scroll_to'
12-09 07:52:00.459 I/InstrumentationBackend( 7703): Added:'GetLoadProgress', with key:'get_load_progress'
12-09 07:52:00.459 I/InstrumentationBackend( 7703): Added:'DumpHtml', with key:'dump_html'
12-09 07:52:00.459 I/InstrumentationBackend( 7703): Added:'DumpBodyHtml', with key:'dump_body_html'
12-09 07:52:00.459 I/InstrumentationBackend( 7703): Added:'EnterTextByCssSelector', with key:'enter_text_by_selector'
12-09 07:52:00.470 I/InstrumentationBackend( 7703): Added:'AndroidSDKVersion', with key:'android_sdk_version'
12-09 07:52:00.471 I/InstrumentationBackend( 7703): Added:'Version', with key:'version'
12-09 07:52:00.471 I/InstrumentationBackend( 7703): Added:'Drag', with key:'drag'
12-09 07:52:00.472 I/InstrumentationBackend( 7703): Added:'TouchCoordinates', with key:'touch_coordinate'
12-09 07:52:00.472 I/InstrumentationBackend( 7703): Added:'LongPressCoordinate', with key:'long_press_coordinate'
12-09 07:52:00.472 I/InstrumentationBackend( 7703): Added:'DragCoordinates', with key:'drag_coordinates'
12-09 07:52:00.472 I/InstrumentationBackend( 7703): Added:'ResumeApplication', with key:'resume_application'
12-09 07:52:00.472 I/InstrumentationBackend( 7703): Added:'Swipe', with key:'swipe'
12-09 07:52:00.481 I/InstrumentationBackend( 7703): Added:'DoubleTapCoordinate', with key:'double_tap_coordinate'
12-09 07:52:00.482 I/InstrumentationBackend( 7703): Added:'ClickOnScreen', with key:'click_on_screen'
12-09 07:52:00.482 I/InstrumentationBackend( 7703): Added:'GetActivityName', with key:'get_activity_name'
12-09 07:52:00.482 I/InstrumentationBackend( 7703): Added:'ScrollToView', with key:'scroll_to_view'
12-09 07:52:00.482 I/InstrumentationBackend( 7703): Added:'ViewConfiguration', with key:'view_configuration'
12-09 07:52:00.483 I/InstrumentationBackend( 7703): Added:'IsCurrentActivityFocused', with key:'is_current_activity_focused'
12-09 07:52:00.483 I/InstrumentationBackend( 7703): Added:'SendTcp', with key:'send_tcp'
12-09 07:52:00.483 I/InstrumentationBackend( 7703): Added:'DpToDevicePixel', with key:'dp_to_device_pixel'
12-09 07:52:00.483 I/InstrumentationBackend( 7703): Added:'KeyboardEnterText', with key:'keyboard_enter_text'
12-09 07:52:00.484 I/InstrumentationBackend( 7703): Added:'DeleteSurroundingText', with key:'delete_surrounding_text'
12-09 07:52:00.484 I/InstrumentationBackend( 7703): Added:'SetComposingRegion', with key:'set_composing_region'
12-09 07:52:00.484 I/InstrumentationBackend( 7703): Added:'SetSelection', with key:'set_selection'
12-09 07:52:00.484 I/InstrumentationBackend( 7703): Added:'KeyboardKeyEvent', with key:'keyboard_key_event'
12-09 07:52:00.493 I/InstrumentationBackend( 7703): Added:'PressUserActionButton', with key:'press_user_action_button'
12-09 07:52:00.495 I/InstrumentationBackend( 7703): Added:'HideSoftKeyboard', with key:'hide_soft_keyboard'
12-09 07:52:00.495 I/InstrumentationBackend( 7703): Added:'ListActions', with key:'list_actions'
12-09 07:52:00.495 I/calabash( 7703): Instantiating http server at 7102
12-09 07:52:00.496 I/System.out( 7703): HTTP Daemon listening on: 7102
12-09 07:52:00.643 I/System.out( 7703): URI: //ping
12-09 07:52:00.643 I/System.out( 7703): params: {json={}
12-09 07:52:00.643 I/System.out( 7703): }
12-09 07:52:00.776 I/System.out( 7703): URI: //ping
12-09 07:52:00.776 I/System.out( 7703): params: {json={}
12-09 07:52:00.776 I/System.out( 7703): }
12-09 07:52:01.076 I/System.out( 7703): URI: //ready
12-09 07:52:01.076 I/System.out( 7703): params: {json={}
12-09 07:52:01.076 I/System.out( 7703): }
12-09 07:52:01.153 I/System.out( 7703): URI: //
12-09 07:52:01.153 I/System.out( 7703): params: {json={"command":"version","arguments":[]}
12-09 07:52:01.153 I/System.out( 7703): }
12-09 07:52:01.154 I/System.out( 7703): header: {date=Sun, 09 Dec 2018 07:52:01 GMT, accept=*/*, content-length=36, host=127.0.0.1:34777, user-agent=HTTPClient/1.0 (2.8.3, ruby 2.3.1 (2016-04-26)), content-type=application/json;charset=utf-8}
12-09 07:52:01.154 I/System.out( 7703): params: {json={"command":"version","arguments":[]}
12-09 07:52:01.154 I/System.out( 7703): }
12-09 07:52:01.154 I/System.out( 7703): ProP json = {"command":"version","arguments":[]}
12-09 07:52:01.154 I/System.out( 7703): files: {}
12-09 07:52:01.154 I/System.out( 7703): command: {"command":"version","arguments":[]}
12-09 07:52:01.188 I/InstrumentationBackend( 7703): Got command:'Command:'Line:null,version', arguments:'[]'
12-09 07:52:01.225 I/System.out( 7703): result:{"bonusInformation":[],"message":"0.9.8","success":true}
12-09 07:52:01.469 I/System.out( 7703): URI: //start-application
12-09 07:52:01.470 I/System.out( 7703): params: {json={"intent":null}
12-09 07:52:01.470 I/System.out( 7703): }
12-09 07:52:01.509 I/ActivityManager( 1593): START u0 {act=android.intent.action.MAIN cat=[android.intent.category.LAUNCHER] flg=0x10200000 cmp=com.evancharlton.mileage/.Mileage} from uid 10121 on display 0
12-09 07:52:01.715 D/gralloc_ranchu( 1225): gralloc_alloc: Creating ashmem region of size 3686400
12-09 07:52:01.717 W/art     ( 1593): Long monitor contention event with owner method=void com.android.server.am.ActivityManagerService.activityPaused(android.os.IBinder) from ActivityManagerService.java:6439 waiters=1 for 151ms
12-09 07:52:01.719 I/calabash( 7703): newActivity1
12-09 07:52:01.759 I/calabash( 7703): newActivity1
12-09 07:52:01.810 W/ActivityManager( 1593): Bad activity token: android.os.BinderProxy@edc7a47
12-09 07:52:01.810 W/ActivityManager( 1593): java.lang.ClassCastException: android.os.BinderProxy cannot be cast to com.android.server.am.ActivityRecord$Token
12-09 07:52:01.810 W/ActivityManager( 1593): 	at com.android.server.am.ActivityRecord.forTokenLocked(ActivityRecord.java:424)
12-09 07:52:01.810 W/ActivityManager( 1593): 	at com.android.server.am.ActivityRecord.isInStackLocked(ActivityRecord.java:1121)
12-09 07:52:01.810 W/ActivityManager( 1593): 	at com.android.server.am.ActivityRecord.getStackLocked(ActivityRecord.java:1126)
12-09 07:52:01.810 W/ActivityManager( 1593): 	at com.android.server.am.ActivityManagerService.getActivityDisplayId(ActivityManagerService.java:8889)
12-09 07:52:01.810 W/ActivityManager( 1593): 	at android.app.ActivityManagerNative.onTransact(ActivityManagerNative.java:2338)
12-09 07:52:01.810 W/ActivityManager( 1593): 	at com.android.server.am.ActivityManagerService.onTransact(ActivityManagerService.java:2443)
12-09 07:52:01.810 W/ActivityManager( 1593): 	at android.os.Binder.execTransact(Binder.java:453)
12-09 07:52:01.811 W/ActivityManager( 1593): Bad activity token: android.os.BinderProxy@edc7a47
12-09 07:52:01.811 W/ActivityManager( 1593): java.lang.ClassCastException: android.os.BinderProxy cannot be cast to com.android.server.am.ActivityRecord$Token
12-09 07:52:01.811 W/ActivityManager( 1593): 	at com.android.server.am.ActivityRecord.forTokenLocked(ActivityRecord.java:424)
12-09 07:52:01.811 W/ActivityManager( 1593): 	at com.android.server.am.ActivityRecord.isInStackLocked(ActivityRecord.java:1121)
12-09 07:52:01.811 W/ActivityManager( 1593): 	at com.android.server.am.ActivityManagerService.setTaskDescription(ActivityManagerService.java:8547)
12-09 07:52:01.811 W/ActivityManager( 1593): 	at android.app.ActivityManagerNative.onTransact(ActivityManagerNative.java:2410)
12-09 07:52:01.811 W/ActivityManager( 1593): 	at com.android.server.am.ActivityManagerService.onTransact(ActivityManagerService.java:2443)
12-09 07:52:01.811 W/ActivityManager( 1593): 	at android.os.Binder.execTransact(Binder.java:453)
12-09 07:52:01.921 W/ActivityManager( 1593): Bad activity token: android.os.BinderProxy@edc7a47
12-09 07:52:01.921 W/ActivityManager( 1593): java.lang.ClassCastException: android.os.BinderProxy cannot be cast to com.android.server.am.ActivityRecord$Token
12-09 07:52:01.921 W/ActivityManager( 1593): 	at com.android.server.am.ActivityRecord.forTokenLocked(ActivityRecord.java:424)
12-09 07:52:01.921 W/ActivityManager( 1593): 	at com.android.server.am.ActivityRecord.isInStackLocked(ActivityRecord.java:1121)
12-09 07:52:01.921 W/ActivityManager( 1593): 	at com.android.server.am.ActivityManagerService.getActivityOptions(ActivityManagerService.java:11038)
12-09 07:52:01.921 W/ActivityManager( 1593): 	at android.app.ActivityManagerNative.onTransact(ActivityManagerNative.java:1734)
12-09 07:52:01.921 W/ActivityManager( 1593): 	at com.android.server.am.ActivityManagerService.onTransact(ActivityManagerService.java:2443)
12-09 07:52:01.921 W/ActivityManager( 1593): 	at android.os.Binder.execTransact(Binder.java:453)
12-09 07:52:01.933 W/ActivityManager( 1593): Bad activity token: android.os.BinderProxy@edc7a47
12-09 07:52:01.933 W/ActivityManager( 1593): java.lang.ClassCastException: android.os.BinderProxy cannot be cast to com.android.server.am.ActivityRecord$Token
12-09 07:52:01.933 W/ActivityManager( 1593): 	at com.android.server.am.ActivityRecord.forTokenLocked(ActivityRecord.java:424)
12-09 07:52:01.933 W/ActivityManager( 1593): 	at com.android.server.am.ActivityRecord.isInStackLocked(ActivityRecord.java:1121)
12-09 07:52:01.933 W/ActivityManager( 1593): 	at com.android.server.am.ActivityManagerService.getActivityOptions(ActivityManagerService.java:11038)
12-09 07:52:01.933 W/ActivityManager( 1593): 	at android.app.ActivityManagerNative.onTransact(ActivityManagerNative.java:1734)
12-09 07:52:01.933 W/ActivityManager( 1593): 	at com.android.server.am.ActivityManagerService.onTransact(ActivityManagerService.java:2443)
12-09 07:52:01.933 W/ActivityManager( 1593): 	at android.os.Binder.execTransact(Binder.java:453)
12-09 07:52:01.996 V/PhoneStatusBar( 1701): setLightsOn(true)
12-09 07:52:02.085 I/art     ( 7703): Background sticky concurrent mark sweep GC freed 2605(363KB) AllocSpace objects, 0(0B) LOS objects, 16% free, 1869KB/2MB, paused 8.788ms total 66.797ms
12-09 07:52:02.145 D/EGL_emulation( 1937): eglMakeCurrent: 0x7f52d5074dc0: ver 2 0 (tinfo 0x7f52d5042d20)
12-09 07:52:02.161 E/Surface ( 1937): getSlotFromBufferLocked: unknown buffer: 0x7f52d5075c20
12-09 07:52:02.473 D/gralloc_ranchu( 1225): gralloc_alloc: Creating ashmem region of size 3686400
12-09 07:52:02.580 D/        ( 7703): HostConnection::get() New Host Connection established 0x7f52d1786d40, tid 7703
12-09 07:52:03.062 I/ActivityManager( 1593): Displayed com.evancharlton.mileage/.Mileage: +1s528ms
12-09 07:52:03.067 D/gralloc_ranchu( 1225): gralloc_alloc: Creating ashmem region of size 3686400
12-09 07:52:04.324 I/System.out( 7703): URI: //gesture
12-09 07:52:04.324 I/System.out( 7703): params: {json={"query_timeout":5.0,"gestures":[{"query_string":"android.widget.TabWidget descendant TextView index:1","touches":[{"x":50,"y":50,"offset_x":0,"offset_y":0,"wait":0.0,"time":0.2,"release":true,"query_string":null}]}]}
12-09 07:52:04.324 I/System.out( 7703): }
12-09 07:52:04.818 D/hwcomposer( 1225): hw_composer sent 916 syncs in 60s
12-09 07:52:04.917 W/audio_hw_generic( 1307): Hardware backing HAL too slow, could only write 0 of 661 frames
12-09 07:52:04.919 I/calabash( 7703): newActivity1
12-09 07:52:04.920 W/ActivityManager( 1593): Bad activity token: android.os.BinderProxy@e84dcf8
12-09 07:52:04.920 W/ActivityManager( 1593): java.lang.ClassCastException: android.os.BinderProxy cannot be cast to com.android.server.am.ActivityRecord$Token
12-09 07:52:04.920 W/ActivityManager( 1593): 	at com.android.server.am.ActivityRecord.forTokenLocked(ActivityRecord.java:424)
12-09 07:52:04.920 W/ActivityManager( 1593): 	at com.android.server.am.ActivityRecord.isInStackLocked(ActivityRecord.java:1121)
12-09 07:52:04.920 W/ActivityManager( 1593): 	at com.android.server.am.ActivityRecord.getStackLocked(ActivityRecord.java:1126)
12-09 07:52:04.920 W/ActivityManager( 1593): 	at com.android.server.am.ActivityManagerService.getActivityDisplayId(ActivityManagerService.java:8889)
12-09 07:52:04.920 W/ActivityManager( 1593): 	at android.app.ActivityManagerNative.onTransact(ActivityManagerNative.java:2338)
12-09 07:52:04.920 W/ActivityManager( 1593): 	at com.android.server.am.ActivityManagerService.onTransact(ActivityManagerService.java:2443)
12-09 07:52:04.920 W/ActivityManager( 1593): 	at android.os.Binder.execTransact(Binder.java:453)
12-09 07:52:04.921 W/ActivityManager( 1593): Bad activity token: android.os.BinderProxy@e84dcf8
12-09 07:52:04.921 W/ActivityManager( 1593): java.lang.ClassCastException: android.os.BinderProxy cannot be cast to com.android.server.am.ActivityRecord$Token
12-09 07:52:04.921 W/ActivityManager( 1593): 	at com.android.server.am.ActivityRecord.forTokenLocked(ActivityRecord.java:424)
12-09 07:52:04.921 W/ActivityManager( 1593): 	at com.android.server.am.ActivityRecord.isInStackLocked(ActivityRecord.java:1121)
12-09 07:52:04.921 W/ActivityManager( 1593): 	at com.android.server.am.ActivityManagerService.setTaskDescription(ActivityManagerService.java:8547)
12-09 07:52:04.921 W/ActivityManager( 1593): 	at android.app.ActivityManagerNative.onTransact(ActivityManagerNative.java:2410)
12-09 07:52:04.921 W/ActivityManager( 1593): 	at com.android.server.am.ActivityManagerService.onTransact(ActivityManagerService.java:2443)
12-09 07:52:04.921 W/ActivityManager( 1593): 	at android.os.Binder.execTransact(Binder.java:453)
12-09 07:52:04.946 W/audio_hw_generic( 1307): Hardware backing HAL too slow, could only write 0 of 661 frames
12-09 07:52:04.961 W/audio_hw_generic( 1307): Hardware backing HAL too slow, could only write 0 of 661 frames
12-09 07:52:04.976 I/art     ( 7703): Background partial concurrent mark sweep GC freed 33803(1623KB) AllocSpace objects, 2(40KB) LOS objects, 40% free, 2MB/3MB, paused 10.844ms total 84.354ms
12-09 07:52:04.976 W/audio_hw_generic( 1307): Hardware backing HAL too slow, could only write 0 of 661 frames
12-09 07:52:05.054 W/audio_hw_generic( 1307): Hardware backing HAL too slow, could only write 0 of 661 frames
12-09 07:52:05.164 W/ActivityManager( 1593): Bad activity token: android.os.BinderProxy@e84dcf8
12-09 07:52:05.164 W/ActivityManager( 1593): java.lang.ClassCastException: android.os.BinderProxy cannot be cast to com.android.server.am.ActivityRecord$Token
12-09 07:52:05.164 W/ActivityManager( 1593): 	at com.android.server.am.ActivityRecord.forTokenLocked(ActivityRecord.java:424)
12-09 07:52:05.164 W/ActivityManager( 1593): 	at com.android.server.am.ActivityRecord.isInStackLocked(ActivityRecord.java:1121)
12-09 07:52:05.164 W/ActivityManager( 1593): 	at com.android.server.am.ActivityManagerService.getActivityOptions(ActivityManagerService.java:11038)
12-09 07:52:05.164 W/ActivityManager( 1593): 	at android.app.ActivityManagerNative.onTransact(ActivityManagerNative.java:1734)
12-09 07:52:05.164 W/ActivityManager( 1593): 	at com.android.server.am.ActivityManagerService.onTransact(ActivityManagerService.java:2443)
12-09 07:52:05.164 W/ActivityManager( 1593): 	at android.os.Binder.execTransact(Binder.java:453)
12-09 07:52:05.164 W/ActivityManager( 1593): Bad activity token: android.os.BinderProxy@e84dcf8
12-09 07:52:05.164 W/ActivityManager( 1593): java.lang.ClassCastException: android.os.BinderProxy cannot be cast to com.android.server.am.ActivityRecord$Token
12-09 07:52:05.164 W/ActivityManager( 1593): 	at com.android.server.am.ActivityRecord.forTokenLocked(ActivityRecord.java:424)
12-09 07:52:05.164 W/ActivityManager( 1593): 	at com.android.server.am.ActivityRecord.isInStackLocked(ActivityRecord.java:1121)
12-09 07:52:05.164 W/ActivityManager( 1593): 	at com.android.server.am.ActivityManagerService.getActivityOptions(ActivityManagerService.java:11038)
12-09 07:52:05.164 W/ActivityManager( 1593): 	at android.app.ActivityManagerNative.onTransact(ActivityManagerNative.java:1734)
12-09 07:52:05.164 W/ActivityManager( 1593): 	at com.android.server.am.ActivityManagerService.onTransact(ActivityManagerService.java:2443)
12-09 07:52:05.164 W/ActivityManager( 1593): 	at android.os.Binder.execTransact(Binder.java:453)
12-09 07:52:05.342 D/gralloc_ranchu( 1225): gralloc_alloc: Creating ashmem region of size 3686400
12-09 07:52:05.350 D/Mileage ( 7703): Not enough fillups to calculate economy
12-09 07:52:05.433 W/audio_hw_generic( 1307): Not supplying enough data to HAL, expected position 12188540 , only wrote 12187518
12-09 07:52:05.433 W/audio_hw_generic( 1307): Not supplying enough data to HAL, expected position 12187525 , only wrote 12187518
12-09 07:52:05.450 W/audio_hw_generic( 1307): Not supplying enough data to HAL, expected position 12188227 , only wrote 12188179
12-09 07:52:05.503 E/SurfaceFlinger( 1225): ro.sf.lcd_density must be defined as a build property
12-09 07:52:05.504 D/gralloc_ranchu( 1225): gralloc_alloc: Creating ashmem region of size 3686400
12-09 07:52:05.598 D/        ( 7729): HostConnection::get() New Host Connection established 0x7f15336d2480, tid 7729
12-09 07:52:05.673 W/audio_hw_generic( 1307): Hardware backing HAL too slow, could only write 0 of 661 frames
12-09 07:52:05.688 W/audio_hw_generic( 1307): Hardware backing HAL too slow, could only write 0 of 661 frames
12-09 07:52:05.709 W/audio_hw_generic( 1307): Hardware backing HAL too slow, could only write 0 of 661 frames
12-09 07:52:05.719 W/audio_hw_generic( 1307): Hardware backing HAL too slow, could only write 0 of 661 frames
12-09 07:52:05.768 W/audio_hw_generic( 1307): Not supplying enough data to HAL, expected position 12202205 , only wrote 12201399
12-09 07:52:05.768 W/audio_hw_generic( 1307): Not supplying enough data to HAL, expected position 12201406 , only wrote 12201399
12-09 07:52:05.770 E/EGL_emulation( 1225): tid 1225: eglCreateSyncKHR(1881): error 0x3004 (EGL_BAD_ATTRIBUTE)
12-09 07:52:06.101 W/audio_hw_generic( 1307): Not supplying enough data to HAL, expected position 12216084 , only wrote 12215941
12-09 07:52:06.101 W/audio_hw_generic( 1307): Not supplying enough data to HAL, expected position 12215948 , only wrote 12215941
12-09 07:52:06.121 W/audio_hw_generic( 1307): Not supplying enough data to HAL, expected position 12216813 , only wrote 12216602
12-09 07:52:06.245 W/audio_hw_generic( 1307): Hardware backing HAL too slow, could only write 0 of 661 frames
12-09 07:52:06.508 I/System.out( 7703): URI: //gesture
12-09 07:52:06.508 I/System.out( 7703): params: {json={"query_timeout":5.0,"gestures":[{"query_string":"android.widget.TabWidget descendant TextView index:3","touches":[{"x":50,"y":50,"offset_x":0,"offset_y":0,"wait":0.0,"time":0.2,"release":true,"query_string":null}]}]}
12-09 07:52:06.508 I/System.out( 7703): }
12-09 07:52:06.779 W/audio_hw_generic( 1307): Not supplying enough data to HAL, expected position 12245638 , only wrote 12245025
12-09 07:52:06.779 W/audio_hw_generic( 1307): Not supplying enough data to HAL, expected position 12245032 , only wrote 12245025
12-09 07:52:06.887 W/audio_hw_generic( 1307): Hardware backing HAL too slow, could only write 0 of 661 frames
12-09 07:52:07.022 W/audio_hw_generic( 1307): Not supplying enough data to HAL, expected position 12255724 , only wrote 12255601
12-09 07:52:07.022 W/audio_hw_generic( 1307): Not supplying enough data to HAL, expected position 12255608 , only wrote 12255601
12-09 07:52:07.037 W/audio_hw_generic( 1307): Not supplying enough data to HAL, expected position 12256269 , only wrote 12256262
12-09 07:52:07.088 W/audio_hw_generic( 1307): Hardware backing HAL too slow, could only write 0 of 661 frames
12-09 07:52:07.199 W/audio_hw_generic( 1307): Not supplying enough data to HAL, expected position 12263399 , only wrote 12261550
12-09 07:52:07.203 I/calabash( 7703): newActivity1
12-09 07:52:07.203 W/ActivityManager( 1593): Bad activity token: android.os.BinderProxy@170fe0d
12-09 07:52:07.203 W/ActivityManager( 1593): java.lang.ClassCastException: android.os.BinderProxy cannot be cast to com.android.server.am.ActivityRecord$Token
12-09 07:52:07.203 W/ActivityManager( 1593): 	at com.android.server.am.ActivityRecord.forTokenLocked(ActivityRecord.java:424)
12-09 07:52:07.203 W/ActivityManager( 1593): 	at com.android.server.am.ActivityRecord.isInStackLocked(ActivityRecord.java:1121)
12-09 07:52:07.203 W/ActivityManager( 1593): 	at com.android.server.am.ActivityRecord.getStackLocked(ActivityRecord.java:1126)
12-09 07:52:07.203 W/ActivityManager( 1593): 	at com.android.server.am.ActivityManagerService.getActivityDisplayId(ActivityManagerService.java:8889)
12-09 07:52:07.203 W/ActivityManager( 1593): 	at android.app.ActivityManagerNative.onTransact(ActivityManagerNative.java:2338)
12-09 07:52:07.203 W/ActivityManager( 1593): 	at com.android.server.am.ActivityManagerService.onTransact(ActivityManagerService.java:2443)
12-09 07:52:07.203 W/ActivityManager( 1593): 	at android.os.Binder.execTransact(Binder.java:453)
12-09 07:52:07.204 W/ActivityManager( 1593): Bad activity token: android.os.BinderProxy@170fe0d
12-09 07:52:07.204 W/ActivityManager( 1593): java.lang.ClassCastException: android.os.BinderProxy cannot be cast to com.android.server.am.ActivityRecord$Token
12-09 07:52:07.204 W/ActivityManager( 1593): 	at com.android.server.am.ActivityRecord.forTokenLocked(ActivityRecord.java:424)
12-09 07:52:07.204 W/ActivityManager( 1593): 	at com.android.server.am.ActivityRecord.isInStackLocked(ActivityRecord.java:1121)
12-09 07:52:07.204 W/ActivityManager( 1593): 	at com.android.server.am.ActivityManagerService.setTaskDescription(ActivityManagerService.java:8547)
12-09 07:52:07.204 W/ActivityManager( 1593): 	at android.app.ActivityManagerNative.onTransact(ActivityManagerNative.java:2410)
12-09 07:52:07.204 W/ActivityManager( 1593): 	at com.android.server.am.ActivityManagerService.onTransact(ActivityManagerService.java:2443)
12-09 07:52:07.204 W/ActivityManager( 1593): 	at android.os.Binder.execTransact(Binder.java:453)
12-09 07:52:07.270 W/ActivityManager( 1593): Bad activity token: android.os.BinderProxy@170fe0d
12-09 07:52:07.270 W/ActivityManager( 1593): java.lang.ClassCastException: android.os.BinderProxy cannot be cast to com.android.server.am.ActivityRecord$Token
12-09 07:52:07.270 W/ActivityManager( 1593): 	at com.android.server.am.ActivityRecord.forTokenLocked(ActivityRecord.java:424)
12-09 07:52:07.270 W/ActivityManager( 1593): 	at com.android.server.am.ActivityRecord.isInStackLocked(ActivityRecord.java:1121)
12-09 07:52:07.270 W/ActivityManager( 1593): 	at com.android.server.am.ActivityManagerService.getActivityOptions(ActivityManagerService.java:11038)
12-09 07:52:07.270 W/ActivityManager( 1593): 	at android.app.ActivityManagerNative.onTransact(ActivityManagerNative.java:1734)
12-09 07:52:07.270 W/ActivityManager( 1593): 	at com.android.server.am.ActivityManagerService.onTransact(ActivityManagerService.java:2443)
12-09 07:52:07.270 W/ActivityManager( 1593): 	at android.os.Binder.execTransact(Binder.java:453)
12-09 07:52:07.270 W/ActivityManager( 1593): Bad activity token: android.os.BinderProxy@170fe0d
12-09 07:52:07.270 W/ActivityManager( 1593): java.lang.ClassCastException: android.os.BinderProxy cannot be cast to com.android.server.am.ActivityRecord$Token
12-09 07:52:07.270 W/ActivityManager( 1593): 	at com.android.server.am.ActivityRecord.forTokenLocked(ActivityRecord.java:424)
12-09 07:52:07.270 W/ActivityManager( 1593): 	at com.android.server.am.ActivityRecord.isInStackLocked(ActivityRecord.java:1121)
12-09 07:52:07.270 W/ActivityManager( 1593): 	at com.android.server.am.ActivityManagerService.getActivityOptions(ActivityManagerService.java:11038)
12-09 07:52:07.270 W/ActivityManager( 1593): 	at android.app.ActivityManagerNative.onTransact(ActivityManagerNative.java:1734)
12-09 07:52:07.270 W/ActivityManager( 1593): 	at com.android.server.am.ActivityManagerService.onTransact(ActivityManagerService.java:2443)
12-09 07:52:07.270 W/ActivityManager( 1593): 	at android.os.Binder.execTransact(Binder.java:453)
12-09 07:52:07.282 W/audio_hw_generic( 1307): Not supplying enough data to HAL, expected position 12265195 , only wrote 12264855
12-09 07:52:07.298 W/CursorWrapperInner( 7703): Cursor finalized without prior close()
12-09 07:52:07.337 D/AudioFlinger( 1307): mixer(0xf4300000) throttle end: throttle time(32)
12-09 07:52:07.447 W/audio_hw_generic( 1307): Not supplying enough data to HAL, expected position 12272162 , only wrote 12272126
12-09 07:52:07.448 W/audio_hw_generic( 1307): Not supplying enough data to HAL, expected position 12272133 , only wrote 12272126
12-09 07:52:07.486 W/audio_hw_generic( 1307): Not supplying enough data to HAL, expected position 12273814 , only wrote 12272787
12-09 07:52:07.486 W/audio_hw_generic( 1307): Hardware backing HAL too slow, could only write 0 of 661 frames
12-09 07:52:07.521 W/audio_hw_generic( 1307): Hardware backing HAL too slow, could only write 0 of 661 frames
12-09 07:52:07.531 W/audio_hw_generic( 1307): Hardware backing HAL too slow, could only write 0 of 661 frames
12-09 07:52:07.686 W/audio_hw_generic( 1307): Hardware backing HAL too slow, could only write 0 of 661 frames
12-09 07:52:07.686 W/audio_hw_generic( 1307): Not supplying enough data to HAL, expected position 12281596 , only wrote 12276753
12-09 07:52:07.686 W/audio_hw_generic( 1307): Not supplying enough data to HAL, expected position 12276759 , only wrote 12276753
12-09 07:52:07.716 W/audio_hw_generic( 1307): Not supplying enough data to HAL, expected position 12278090 , only wrote 12277414
12-09 07:52:07.752 W/audio_hw_generic( 1307): Hardware backing HAL too slow, could only write 0 of 661 frames
12-09 07:52:07.877 E/SurfaceFlinger( 1225): ro.sf.lcd_density must be defined as a build property
12-09 07:52:07.895 D/gralloc_ranchu( 1225): gralloc_alloc: Creating ashmem region of size 3686400
12-09 07:52:07.903 D/        ( 7735): HostConnection::get() New Host Connection established 0x7fb0b8e52480, tid 7735
12-09 07:52:07.951 E/EGL_emulation( 1225): tid 1225: eglCreateSyncKHR(1881): error 0x3004 (EGL_BAD_ATTRIBUTE)
12-09 07:52:08.249 W/audio_hw_generic( 1307): Not supplying enough data to HAL, expected position 12300932 , only wrote 12300549
12-09 07:52:08.638 I/System.out( 7703): URI: //gesture
12-09 07:52:08.638 I/System.out( 7703): params: {json={"query_timeout":5.0,"gestures":[{"query_string":"android.widget.TabWidget descendant TextView index:2","touches":[{"x":50,"y":50,"offset_x":0,"offset_y":0,"wait":0.0,"time":0.2,"release":true,"query_string":null}]}]}
12-09 07:52:08.638 I/System.out( 7703): }
12-09 07:52:09.049 W/audio_hw_generic( 1307): Not supplying enough data to HAL, expected position 12335825 , only wrote 12335582
12-09 07:52:09.050 W/audio_hw_generic( 1307): Not supplying enough data to HAL, expected position 12335589 , only wrote 12335582
12-09 07:52:09.242 I/calabash( 7703): newActivity1
12-09 07:52:09.277 W/audio_hw_generic( 1307): Not supplying enough data to HAL, expected position 12345630 , only wrote 12345497
12-09 07:52:09.278 W/audio_hw_generic( 1307): Not supplying enough data to HAL, expected position 12345504 , only wrote 12345497
12-09 07:52:09.298 W/audio_hw_generic( 1307): Not supplying enough data to HAL, expected position 12346417 , only wrote 12346158
12-09 07:52:09.317 W/audio_hw_generic( 1307): Not supplying enough data to HAL, expected position 12346964 , only wrote 12346819
12-09 07:52:09.320 W/ActivityManager( 1593): Bad activity token: android.os.BinderProxy@59251c2
12-09 07:52:09.320 W/ActivityManager( 1593): java.lang.ClassCastException: android.os.BinderProxy cannot be cast to com.android.server.am.ActivityRecord$Token
12-09 07:52:09.320 W/ActivityManager( 1593): 	at com.android.server.am.ActivityRecord.forTokenLocked(ActivityRecord.java:424)
12-09 07:52:09.320 W/ActivityManager( 1593): 	at com.android.server.am.ActivityRecord.isInStackLocked(ActivityRecord.java:1121)
12-09 07:52:09.320 W/ActivityManager( 1593): 	at com.android.server.am.ActivityRecord.getStackLocked(ActivityRecord.java:1126)
12-09 07:52:09.320 W/ActivityManager( 1593): 	at com.android.server.am.ActivityManagerService.getActivityDisplayId(ActivityManagerService.java:8889)
12-09 07:52:09.320 W/ActivityManager( 1593): 	at android.app.ActivityManagerNative.onTransact(ActivityManagerNative.java:2338)
12-09 07:52:09.320 W/ActivityManager( 1593): 	at com.android.server.am.ActivityManagerService.onTransact(ActivityManagerService.java:2443)
12-09 07:52:09.320 W/ActivityManager( 1593): 	at android.os.Binder.execTransact(Binder.java:453)
12-09 07:52:09.323 W/ActivityManager( 1593): Bad activity token: android.os.BinderProxy@59251c2
12-09 07:52:09.323 W/ActivityManager( 1593): java.lang.ClassCastException: android.os.BinderProxy cannot be cast to com.android.server.am.ActivityRecord$Token
12-09 07:52:09.323 W/ActivityManager( 1593): 	at com.android.server.am.ActivityRecord.forTokenLocked(ActivityRecord.java:424)
12-09 07:52:09.323 W/ActivityManager( 1593): 	at com.android.server.am.ActivityRecord.isInStackLocked(ActivityRecord.java:1121)
12-09 07:52:09.323 W/ActivityManager( 1593): 	at com.android.server.am.ActivityManagerService.setTaskDescription(ActivityManagerService.java:8547)
12-09 07:52:09.323 W/ActivityManager( 1593): 	at android.app.ActivityManagerNative.onTransact(ActivityManagerNative.java:2410)
12-09 07:52:09.323 W/ActivityManager( 1593): 	at com.android.server.am.ActivityManagerService.onTransact(ActivityManagerService.java:2443)
12-09 07:52:09.323 W/ActivityManager( 1593): 	at android.os.Binder.execTransact(Binder.java:453)
12-09 07:52:09.415 W/audio_hw_generic( 1307): Not supplying enough data to HAL, expected position 12351161 , only wrote 12350785
12-09 07:52:09.487 I/art     ( 7703): Background sticky concurrent mark sweep GC freed 37920(1809KB) AllocSpace objects, 0(0B) LOS objects, 29% free, 2MB/3MB, paused 1.311ms total 141.485ms
12-09 07:52:09.521 W/audio_hw_generic( 1307): Hardware backing HAL too slow, could only write 0 of 661 frames
12-09 07:52:09.609 D/VehicleStatisticsActivity( 7703): Checking recalculation ...
12-09 07:52:09.610 D/VehicleStatisticsActivity( 7703): Recalculating statistics
12-09 07:52:09.611 D/VehicleStatisticsTask( 7703): Calculation starting...
12-09 07:52:09.641 W/audio_hw_generic( 1307): Hardware backing HAL too slow, could only write 0 of 661 frames
12-09 07:52:09.642 D/VehicleStatisticsActivity( 7703): Recalculation started!
12-09 07:52:09.694 W/ActivityManager( 1593): Bad activity token: android.os.BinderProxy@59251c2
12-09 07:52:09.694 W/ActivityManager( 1593): java.lang.ClassCastException: android.os.BinderProxy cannot be cast to com.android.server.am.ActivityRecord$Token
12-09 07:52:09.694 W/ActivityManager( 1593): 	at com.android.server.am.ActivityRecord.forTokenLocked(ActivityRecord.java:424)
12-09 07:52:09.694 W/ActivityManager( 1593): 	at com.android.server.am.ActivityRecord.isInStackLocked(ActivityRecord.java:1121)
12-09 07:52:09.694 W/ActivityManager( 1593): 	at com.android.server.am.ActivityManagerService.getActivityOptions(ActivityManagerService.java:11038)
12-09 07:52:09.694 W/ActivityManager( 1593): 	at android.app.ActivityManagerNative.onTransact(ActivityManagerNative.java:1734)
12-09 07:52:09.694 W/ActivityManager( 1593): 	at com.android.server.am.ActivityManagerService.onTransact(ActivityManagerService.java:2443)
12-09 07:52:09.694 W/ActivityManager( 1593): 	at android.os.Binder.execTransact(Binder.java:453)
12-09 07:52:09.733 W/audio_hw_generic( 1307): Hardware backing HAL too slow, could only write 0 of 661 frames
12-09 07:52:09.745 W/audio_hw_generic( 1307): Hardware backing HAL too slow, could only write 0 of 661 frames
12-09 07:52:09.753 W/ActivityManager( 1593): Bad activity token: android.os.BinderProxy@59251c2
12-09 07:52:09.753 W/ActivityManager( 1593): java.lang.ClassCastException: android.os.BinderProxy cannot be cast to com.android.server.am.ActivityRecord$Token
12-09 07:52:09.753 W/ActivityManager( 1593): 	at com.android.server.am.ActivityRecord.forTokenLocked(ActivityRecord.java:424)
12-09 07:52:09.753 W/ActivityManager( 1593): 	at com.android.server.am.ActivityRecord.isInStackLocked(ActivityRecord.java:1121)
12-09 07:52:09.753 W/ActivityManager( 1593): 	at com.android.server.am.ActivityManagerService.getActivityOptions(ActivityManagerService.java:11038)
12-09 07:52:09.753 W/ActivityManager( 1593): 	at android.app.ActivityManagerNative.onTransact(ActivityManagerNative.java:1734)
12-09 07:52:09.753 W/ActivityManager( 1593): 	at com.android.server.am.ActivityManagerService.onTransact(ActivityManagerService.java:2443)
12-09 07:52:09.753 W/ActivityManager( 1593): 	at android.os.Binder.execTransact(Binder.java:453)
12-09 07:52:09.762 D/VehicleStatisticsActivity( 7703): Checking recalculation ...
12-09 07:52:09.764 D/VehicleStatisticsTask( 7703): Not enough fillups to calculate statistics
12-09 07:52:09.772 D/VehicleStatisticsActivity( 7703): Recalculating statistics
12-09 07:52:09.772 D/VehicleStatisticsTask( 7703): Calculation starting...
12-09 07:52:09.773 W/audio_hw_generic( 1307): Hardware backing HAL too slow, could only write 0 of 661 frames
12-09 07:52:09.780 D/VehicleStatisticsTask( 7703): Not enough fillups to calculate statistics
12-09 07:52:09.780 D/VehicleStatisticsActivity( 7703): Recalculation started!
12-09 07:52:09.791 I/Choreographer( 7703): Skipped 31 frames!  The application may be doing too much work on its main thread.
12-09 07:52:09.866 W/audio_hw_generic( 1307): Not supplying enough data to HAL, expected position 12370684 , only wrote 12370615
12-09 07:52:09.872 W/audio_hw_generic( 1307): Not supplying enough data to HAL, expected position 12370622 , only wrote 12370615
12-09 07:52:09.883 W/audio_hw_generic( 1307): Not supplying enough data to HAL, expected position 12371341 , only wrote 12371276
12-09 07:52:09.901 W/audio_hw_generic( 1307): Hardware backing HAL too slow, could only write 0 of 661 frames
12-09 07:52:09.929 W/audio_hw_generic( 1307): Hardware backing HAL too slow, could only write 0 of 661 frames
12-09 07:52:09.963 W/audio_hw_generic( 1307): Not supplying enough data to HAL, expected position 12374798 , only wrote 12374581
12-09 07:52:09.963 W/audio_hw_generic( 1307): Hardware backing HAL too slow, could only write 0 of 661 frames
12-09 07:52:09.963 W/audio_hw_generic( 1307): Hardware backing HAL too slow, could only write 0 of 661 frames
12-09 07:52:09.983 W/audio_hw_generic( 1307): Hardware backing HAL too slow, could only write 0 of 661 frames
12-09 07:52:10.000 W/audio_hw_generic( 1307): Hardware backing HAL too slow, could only write 0 of 661 frames
12-09 07:52:10.032 W/audio_hw_generic( 1307): Hardware backing HAL too slow, could only write 0 of 661 frames
12-09 07:52:10.057 W/audio_hw_generic( 1307): Not supplying enough data to HAL, expected position 12378745 , only wrote 12378547
12-09 07:52:10.116 D/VehicleStatisticsTask( 7703): Done recalculating!
12-09 07:52:10.117 D/VehicleStatisticsTask( 7703): Done recalculating!
12-09 07:52:10.118 D/VehicleStatisticsAdapter( 7703): Erasing the cache ...
12-09 07:52:10.119 D/VehicleStatisticsAdapter( 7703): Building new values ...
12-09 07:52:10.120 D/VehicleStatisticsAdapter( 7703): Writing 29 records to the database ...
12-09 07:52:10.152 D/Mileage.ABS( 7703): Finished backup
12-09 07:52:10.152 D/Mileage.ABS( 7703): Not backing up; 23
12-09 07:52:10.158 D/VehicleStatisticsAdapter( 7703): Erasing the cache ...
12-09 07:52:10.243 D/VehicleStatisticsAdapter( 7703): Building new values ...
12-09 07:52:10.243 D/VehicleStatisticsAdapter( 7703): Writing 29 records to the database ...
12-09 07:52:10.312 E/SurfaceFlinger( 1225): ro.sf.lcd_density must be defined as a build property
12-09 07:52:10.313 D/gralloc_ranchu( 1225): gralloc_alloc: Creating ashmem region of size 3686400
12-09 07:52:10.330 D/Mileage.ABS( 7703): Not backing up; 201
12-09 07:52:10.331 D/Mileage.ABS( 7703): Not backing up; 202
12-09 07:52:10.332 D/Mileage.ABS( 7703): Not backing up; 203
12-09 07:52:10.332 D/Mileage.ABS( 7703): Not backing up; 203
12-09 07:52:10.333 D/Mileage.ABS( 7703): Not backing up; 204
12-09 07:52:10.386 D/        ( 7744): HostConnection::get() New Host Connection established 0x7f4e63a92480, tid 7744
12-09 07:52:10.419 D/Mileage.ABS( 7703): Not backing up; 290
12-09 07:52:10.424 D/Mileage.ABS( 7703): Not backing up; 294
12-09 07:52:10.436 D/Mileage.ABS( 7703): Not backing up; 307
12-09 07:52:10.469 E/EGL_emulation( 1225): tid 1225: eglCreateSyncKHR(1881): error 0x3004 (EGL_BAD_ATTRIBUTE)
12-09 07:52:10.534 D/Mileage.ABS( 7703): Not backing up; 405
12-09 07:52:10.535 D/Mileage.ABS( 7703): Not backing up; 406
12-09 07:52:10.535 D/Mileage.ABS( 7703): Not backing up; 406
12-09 07:52:10.635 W/audio_hw_generic( 1307): Not supplying enough data to HAL, expected position 12404025 , only wrote 12403665
12-09 07:52:10.635 W/audio_hw_generic( 1307): Not supplying enough data to HAL, expected position 12403672 , only wrote 12403665
12-09 07:52:10.651 W/audio_hw_generic( 1307): Not supplying enough data to HAL, expected position 12404350 , only wrote 12404326
12-09 07:52:10.659 D/Mileage.ABS( 7703): Not backing up; 530
12-09 07:52:10.668 D/Mileage.ABS( 7703): Not backing up; 539
12-09 07:52:10.668 D/Mileage.ABS( 7703): Not backing up; 539
12-09 07:52:10.801 D/Mileage.ABS( 7703): Not backing up; 672
12-09 07:52:10.805 D/Mileage.ABS( 7703): Not backing up; 676
12-09 07:52:10.809 D/Mileage.ABS( 7703): Not backing up; 680
12-09 07:52:10.846 D/Mileage.ABS( 7703): Not backing up; 717
12-09 07:52:10.909 W/audio_hw_generic( 1307): Not supplying enough data to HAL, expected position 12415700 , only wrote 12415563
12-09 07:52:10.923 D/Mileage.ABS( 7703): Not backing up; 794
12-09 07:52:10.925 D/Mileage.ABS( 7703): Not backing up; 795
12-09 07:52:10.925 D/Mileage.ABS( 7703): Not backing up; 796
12-09 07:52:11.135 W/audio_hw_generic( 1307): Not supplying enough data to HAL, expected position 12425543 , only wrote 12423495
12-09 07:52:11.135 W/audio_hw_generic( 1307): Not supplying enough data to HAL, expected position 12423502 , only wrote 12423495
12-09 07:52:11.191 W/audio_hw_generic( 1307): Not supplying enough data to HAL, expected position 12425949 , only wrote 12424156
12-09 07:52:11.230 I/System.out( 7703): URI: //gesture
12-09 07:52:11.230 I/System.out( 7703): params: {json={"query_timeout":5.0,"gestures":[{"query_string":"android.widget.TabWidget descendant TextView index:0","touches":[{"x":50,"y":50,"offset_x":0,"offset_y":0,"wait":0.0,"time":0.2,"release":true,"query_string":null}]}]}
12-09 07:52:11.230 I/System.out( 7703): }
12-09 07:52:11.376 D/Mileage.ABS( 7703): Finished backup
12-09 07:52:11.394 D/Mileage.ABS( 7703): Not backing up; 52
12-09 07:52:11.412 W/CursorWrapperInner( 7703): Cursor finalized without prior close()
12-09 07:52:11.420 I/art     ( 7703): Background partial concurrent mark sweep GC freed 24269(1273KB) AllocSpace objects, 3(60KB) LOS objects, 40% free, 2MB/4MB, paused 1.663ms total 184.355ms
12-09 07:52:11.434 W/CursorWrapperInner( 7703): Cursor finalized without prior close()
12-09 07:52:11.461 W/audio_hw_generic( 1307): Not supplying enough data to HAL, expected position 12436077 , only wrote 12436054
12-09 07:52:11.461 W/audio_hw_generic( 1307): Not supplying enough data to HAL, expected position 12436062 , only wrote 12436054
12-09 07:52:11.477 W/audio_hw_generic( 1307): Not supplying enough data to HAL, expected position 12436726 , only wrote 12436715
12-09 07:52:11.546 D/Mileage.ABS( 7703): Not backing up; 204
12-09 07:52:11.556 D/Mileage.ABS( 7703): Not backing up; 214
12-09 07:52:11.559 D/Mileage.ABS( 7703): Not backing up; 217
12-09 07:52:11.560 D/Mileage.ABS( 7703): Not backing up; 218
