--------- beginning of main
12-09 08:36:07.017 D/AndroidRuntime(21339): >>>>>> START com.android.internal.os.RuntimeInit uid 0 <<<<<<
12-09 08:36:07.030 D/AndroidRuntime(21339): CheckJNI is ON
12-09 08:36:07.043 D/ICU     (21339): No timezone override file found: /data/misc/zoneinfo/current/icu/icu_tzdata.dat
12-09 08:36:07.191 E/memtrack(21339): Couldn't load memtrack module (No such file or directory)
12-09 08:36:07.191 E/android.os.Debug(21339): failed to load memtrack module: -2
12-09 08:36:07.192 I/Radio-JNI(21339): register_android_hardware_Radio DONE
12-09 08:36:07.213 D/AndroidRuntime(21339): Calling main entry com.android.commands.am.Am
--------- beginning of system
12-09 08:36:07.266 I/ActivityManager( 1592): Force stopping com.evancharlton.mileage appid=10145 user=0: start instr
12-09 08:36:07.273 I/ActivityManager( 1592): Killing 21322:com.evancharlton.mileage/u0a145 (adj 0): stop com.evancharlton.mileage
12-09 08:36:07.407 W/ActivityManager( 1592): Crash of app com.evancharlton.mileage running instrumentation ComponentInfo{com.evancharlton.mileage.test/sh.calaba.instrumentationbackend.ClearAppData2}
12-09 08:36:07.407 I/ActivityManager( 1592): Force stopping com.evancharlton.mileage appid=10145 user=0: finished inst
12-09 08:36:07.422 I/ActivityManager( 1592): Start proc 21348:com.evancharlton.mileage/u0a145 for added application com.evancharlton.mileage
12-09 08:36:07.423 D/AndroidRuntime(21339): Shutting down VM
12-09 08:36:07.453 W/ActivityManager( 1592): Spurious death for ProcessRecord{1fae80 0:com.evancharlton.mileage/u0a145}, curProc for 21322: null
12-09 08:36:07.464 W/System  (21348): ClassLoader referenced unknown path: /data/app/com.evancharlton.mileage.test-1/lib/x86_64
12-09 08:36:07.465 W/System  (21348): ClassLoader referenced unknown path: /data/app/com.evancharlton.mileage-1/lib/x86_64
12-09 08:36:07.525 I/System.out(21348): Main activity name automatically set to: com.evancharlton.mileage.Mileage
12-09 08:36:07.525 I/System.out(21348): Calabash did not load Mono. This is only a problem if you are trying to test a Mono application
12-09 08:36:07.526 I/calabash(21348): Test server port: 7102
12-09 08:36:07.527 I/InstrumentationBackend(21348): Added:'GetPreferences', with key:'get_preferences'
12-09 08:36:07.636 I/art     (21348): Background partial concurrent mark sweep GC freed 5311(269KB) AllocSpace objects, 0(0B) LOS objects, 55% free, 805KB/1829KB, paused 4.510ms total 121.400ms
12-09 08:36:07.680 I/InstrumentationBackend(21348): Added:'SetPreferences', with key:'set_preferences'
12-09 08:36:07.685 I/InstrumentationBackend(21348): Added:'ClearPreferences', with key:'clear_preferences'
12-09 08:36:07.685 I/InstrumentationBackend(21348): Added:'PressElement', with key:'press_l10n_element'
12-09 08:36:07.685 I/InstrumentationBackend(21348): Added:'WaitForElement', with key:'wait_for_l10n_element'
12-09 08:36:07.685 I/InstrumentationBackend(21348): Added:'NullAction', with key:'nullAction'
12-09 08:36:07.686 I/InstrumentationBackend(21348): Added:'PressKey', with key:'press_key'
12-09 08:36:07.686 I/InstrumentationBackend(21348): Added:'SetActivityOrientation', with key:'set_activity_orientation'
12-09 08:36:07.686 I/InstrumentationBackend(21348): Added:'GetActivityOrientation', with key:'get_activity_orientation'
12-09 08:36:07.686 I/InstrumentationBackend(21348): Added:'FakeGPSLocation', with key:'set_gps_coordinates'
12-09 08:36:07.686 I/InstrumentationBackend(21348): Added:'SetPropertyByCssSelector', with key:'set_property_by_css_selector'
12-09 08:36:07.687 I/InstrumentationBackend(21348): Added:'GetUrl', with key:'get_url'
12-09 08:36:07.687 I/InstrumentationBackend(21348): Added:'ScrollTo', with key:'scroll_to'
12-09 08:36:07.687 I/InstrumentationBackend(21348): Added:'GetLoadProgress', with key:'get_load_progress'
12-09 08:36:07.688 I/InstrumentationBackend(21348): Added:'DumpHtml', with key:'dump_html'
12-09 08:36:07.688 I/InstrumentationBackend(21348): Added:'DumpBodyHtml', with key:'dump_body_html'
12-09 08:36:07.688 I/InstrumentationBackend(21348): Added:'EnterTextByCssSelector', with key:'enter_text_by_selector'
12-09 08:36:07.693 I/InstrumentationBackend(21348): Added:'AndroidSDKVersion', with key:'android_sdk_version'
12-09 08:36:07.693 I/InstrumentationBackend(21348): Added:'Version', with key:'version'
12-09 08:36:07.694 I/InstrumentationBackend(21348): Added:'Drag', with key:'drag'
12-09 08:36:07.694 I/InstrumentationBackend(21348): Added:'TouchCoordinates', with key:'touch_coordinate'
12-09 08:36:07.694 I/InstrumentationBackend(21348): Added:'LongPressCoordinate', with key:'long_press_coordinate'
12-09 08:36:07.694 I/InstrumentationBackend(21348): Added:'DragCoordinates', with key:'drag_coordinates'
12-09 08:36:07.694 I/InstrumentationBackend(21348): Added:'ResumeApplication', with key:'resume_application'
12-09 08:36:07.694 I/InstrumentationBackend(21348): Added:'Swipe', with key:'swipe'
12-09 08:36:07.695 I/InstrumentationBackend(21348): Added:'DoubleTapCoordinate', with key:'double_tap_coordinate'
12-09 08:36:07.695 I/InstrumentationBackend(21348): Added:'ClickOnScreen', with key:'click_on_screen'
12-09 08:36:07.695 I/InstrumentationBackend(21348): Added:'GetActivityName', with key:'get_activity_name'
12-09 08:36:07.695 I/InstrumentationBackend(21348): Added:'ScrollToView', with key:'scroll_to_view'
12-09 08:36:07.695 I/InstrumentationBackend(21348): Added:'ViewConfiguration', with key:'view_configuration'
12-09 08:36:07.696 I/InstrumentationBackend(21348): Added:'IsCurrentActivityFocused', with key:'is_current_activity_focused'
12-09 08:36:07.696 I/InstrumentationBackend(21348): Added:'SendTcp', with key:'send_tcp'
12-09 08:36:07.696 I/InstrumentationBackend(21348): Added:'DpToDevicePixel', with key:'dp_to_device_pixel'
12-09 08:36:07.697 I/InstrumentationBackend(21348): Added:'KeyboardEnterText', with key:'keyboard_enter_text'
12-09 08:36:07.697 I/InstrumentationBackend(21348): Added:'DeleteSurroundingText', with key:'delete_surrounding_text'
12-09 08:36:07.697 I/InstrumentationBackend(21348): Added:'SetComposingRegion', with key:'set_composing_region'
12-09 08:36:07.697 I/InstrumentationBackend(21348): Added:'SetSelection', with key:'set_selection'
12-09 08:36:07.698 I/InstrumentationBackend(21348): Added:'KeyboardKeyEvent', with key:'keyboard_key_event'
12-09 08:36:07.698 I/InstrumentationBackend(21348): Added:'PressUserActionButton', with key:'press_user_action_button'
12-09 08:36:07.698 I/InstrumentationBackend(21348): Added:'HideSoftKeyboard', with key:'hide_soft_keyboard'
12-09 08:36:07.700 I/InstrumentationBackend(21348): Added:'ListActions', with key:'list_actions'
12-09 08:36:07.705 I/calabash(21348): Instantiating http server at 7102
12-09 08:36:07.729 I/System.out(21348): HTTP Daemon listening on: 7102
12-09 08:36:07.834 I/System.out(21348): URI: //ping
12-09 08:36:07.834 I/System.out(21348): params: {json={}
12-09 08:36:07.834 I/System.out(21348): }
12-09 08:36:07.906 I/System.out(21348): URI: //ping
12-09 08:36:07.913 I/System.out(21348): params: {json={}
12-09 08:36:07.913 I/System.out(21348): }
12-09 08:36:07.973 I/System.out(21348): URI: //ready
12-09 08:36:07.973 I/System.out(21348): params: {json={}
12-09 08:36:07.973 I/System.out(21348): }
12-09 08:36:08.006 I/System.out(21348): URI: //
12-09 08:36:08.006 I/System.out(21348): params: {json={"command":"version","arguments":[]}
12-09 08:36:08.006 I/System.out(21348): }
12-09 08:36:08.006 I/System.out(21348): header: {date=Sun, 09 Dec 2018 08:36:08 GMT, accept=*/*, content-length=36, host=127.0.0.1:34777, user-agent=HTTPClient/1.0 (2.8.3, ruby 2.3.1 (2016-04-26)), content-type=application/json;charset=utf-8}
12-09 08:36:08.006 I/System.out(21348): params: {json={"command":"version","arguments":[]}
12-09 08:36:08.006 I/System.out(21348): }
12-09 08:36:08.006 I/System.out(21348): ProP json = {"command":"version","arguments":[]}
12-09 08:36:08.006 I/System.out(21348): files: {}
12-09 08:36:08.006 I/System.out(21348): command: {"command":"version","arguments":[]}
12-09 08:36:08.016 I/InstrumentationBackend(21348): Got command:'Command:'Line:null,version', arguments:'[]'
12-09 08:36:08.099 I/System.out(21348): result:{"bonusInformation":[],"message":"0.9.8","success":true}
12-09 08:36:08.222 I/System.out(21348): URI: //start-application
12-09 08:36:08.222 I/System.out(21348): params: {json={"intent":null}
12-09 08:36:08.222 I/System.out(21348): }
12-09 08:36:08.321 I/ActivityManager( 1592): START u0 {act=android.intent.action.MAIN cat=[android.intent.category.LAUNCHER] flg=0x10200000 cmp=com.evancharlton.mileage/.Mileage} from uid 10145 on display 0
12-09 08:36:08.575 D/gralloc_ranchu( 1218): gralloc_alloc: Creating ashmem region of size 3686400
12-09 08:36:08.586 I/calabash(21348): newActivity1
12-09 08:36:08.597 W/art     ( 1592): Long monitor contention event with owner method=void com.android.server.am.ActivityManagerService.activityPaused(android.os.IBinder) from ActivityManagerService.java:6439 waiters=0 for 172ms
12-09 08:36:08.666 I/art     (21348): Background sticky concurrent mark sweep GC freed 310(120KB) AllocSpace objects, 0(0B) LOS objects, 10% free, 1636KB/1829KB, paused 18.322ms total 30.213ms
12-09 08:36:08.681 I/calabash(21348): newActivity1
12-09 08:36:08.829 W/ActivityManager( 1592): Bad activity token: android.os.BinderProxy@9e1d9d6
12-09 08:36:08.829 W/ActivityManager( 1592): java.lang.ClassCastException: android.os.BinderProxy cannot be cast to com.android.server.am.ActivityRecord$Token
12-09 08:36:08.829 W/ActivityManager( 1592): 	at com.android.server.am.ActivityRecord.forTokenLocked(ActivityRecord.java:424)
12-09 08:36:08.829 W/ActivityManager( 1592): 	at com.android.server.am.ActivityRecord.isInStackLocked(ActivityRecord.java:1121)
12-09 08:36:08.829 W/ActivityManager( 1592): 	at com.android.server.am.ActivityRecord.getStackLocked(ActivityRecord.java:1126)
12-09 08:36:08.829 W/ActivityManager( 1592): 	at com.android.server.am.ActivityManagerService.getActivityDisplayId(ActivityManagerService.java:8889)
12-09 08:36:08.829 W/ActivityManager( 1592): 	at android.app.ActivityManagerNative.onTransact(ActivityManagerNative.java:2338)
12-09 08:36:08.829 W/ActivityManager( 1592): 	at com.android.server.am.ActivityManagerService.onTransact(ActivityManagerService.java:2443)
12-09 08:36:08.829 W/ActivityManager( 1592): 	at android.os.Binder.execTransact(Binder.java:453)
12-09 08:36:08.830 W/ActivityManager( 1592): Bad activity token: android.os.BinderProxy@9e1d9d6
12-09 08:36:08.830 W/ActivityManager( 1592): java.lang.ClassCastException: android.os.BinderProxy cannot be cast to com.android.server.am.ActivityRecord$Token
12-09 08:36:08.830 W/ActivityManager( 1592): 	at com.android.server.am.ActivityRecord.forTokenLocked(ActivityRecord.java:424)
12-09 08:36:08.830 W/ActivityManager( 1592): 	at com.android.server.am.ActivityRecord.isInStackLocked(ActivityRecord.java:1121)
12-09 08:36:08.830 W/ActivityManager( 1592): 	at com.android.server.am.ActivityManagerService.setTaskDescription(ActivityManagerService.java:8547)
12-09 08:36:08.830 W/ActivityManager( 1592): 	at android.app.ActivityManagerNative.onTransact(ActivityManagerNative.java:2410)
12-09 08:36:08.830 W/ActivityManager( 1592): 	at com.android.server.am.ActivityManagerService.onTransact(ActivityManagerService.java:2443)
12-09 08:36:08.830 W/ActivityManager( 1592): 	at android.os.Binder.execTransact(Binder.java:453)
12-09 08:36:08.911 V/PhoneStatusBar( 3052): setLightsOn(true)
12-09 08:36:08.965 D/EGL_emulation( 1949): eglMakeCurrent: 0x7f45d5621d20: ver 2 0 (tinfo 0x7f45d56028e0)
12-09 08:36:08.999 E/Surface ( 1949): getSlotFromBufferLocked: unknown buffer: 0x7f45d1c2ade0
12-09 08:36:09.030 D/FillupsProvider(21348): Creating database
12-09 08:36:09.206 W/art     ( 1592): Long monitor contention event with owner method=void com.android.server.wm.WindowAnimator$1.doFrame(long) from WindowAnimator.java:121 waiters=1 for 205ms
12-09 08:36:09.406 W/art     ( 1592): Long monitor contention event with owner method=void com.android.server.wm.WindowAnimator$1.doFrame(long) from WindowAnimator.java:121 waiters=1 for 385ms
12-09 08:36:09.406 W/art     ( 1592): Long monitor contention event with owner method=void com.android.server.wm.WindowManagerService$H.handleMessage(android.os.Message) from WindowManagerService.java:7820 waiters=1 for 200ms
12-09 08:36:09.518 W/ActivityManager( 1592): Bad activity token: android.os.BinderProxy@9e1d9d6
12-09 08:36:09.518 W/ActivityManager( 1592): java.lang.ClassCastException: android.os.BinderProxy cannot be cast to com.android.server.am.ActivityRecord$Token
12-09 08:36:09.518 W/ActivityManager( 1592): 	at com.android.server.am.ActivityRecord.forTokenLocked(ActivityRecord.java:424)
12-09 08:36:09.518 W/ActivityManager( 1592): 	at com.android.server.am.ActivityRecord.isInStackLocked(ActivityRecord.java:1121)
12-09 08:36:09.518 W/ActivityManager( 1592): 	at com.android.server.am.ActivityManagerService.getActivityOptions(ActivityManagerService.java:11038)
12-09 08:36:09.518 W/ActivityManager( 1592): 	at android.app.ActivityManagerNative.onTransact(ActivityManagerNative.java:1734)
12-09 08:36:09.518 W/ActivityManager( 1592): 	at com.android.server.am.ActivityManagerService.onTransact(ActivityManagerService.java:2443)
12-09 08:36:09.518 W/ActivityManager( 1592): 	at android.os.Binder.execTransact(Binder.java:453)
12-09 08:36:09.519 W/ActivityManager( 1592): Bad activity token: android.os.BinderProxy@9e1d9d6
12-09 08:36:09.519 W/ActivityManager( 1592): java.lang.ClassCastException: android.os.BinderProxy cannot be cast to com.android.server.am.ActivityRecord$Token
12-09 08:36:09.519 W/ActivityManager( 1592): 	at com.android.server.am.ActivityRecord.forTokenLocked(ActivityRecord.java:424)
12-09 08:36:09.519 W/ActivityManager( 1592): 	at com.android.server.am.ActivityRecord.isInStackLocked(ActivityRecord.java:1121)
12-09 08:36:09.519 W/ActivityManager( 1592): 	at com.android.server.am.ActivityManagerService.getActivityOptions(ActivityManagerService.java:11038)
12-09 08:36:09.519 W/ActivityManager( 1592): 	at android.app.ActivityManagerNative.onTransact(ActivityManagerNative.java:1734)
12-09 08:36:09.519 W/ActivityManager( 1592): 	at com.android.server.am.ActivityManagerService.onTransact(ActivityManagerService.java:2443)
12-09 08:36:09.519 W/ActivityManager( 1592): 	at android.os.Binder.execTransact(Binder.java:453)
12-09 08:36:10.042 W/art     ( 1592): Long monitor contention event with owner method=void com.android.server.wm.WindowAnimator$1.doFrame(long) from WindowAnimator.java:121 waiters=0 for 166ms
12-09 08:36:10.065 W/art     ( 1592): Long monitor contention event with owner method=java.util.List com.android.server.am.ActivityManagerService.getAllStackInfos() from ActivityManagerService.java:8937 waiters=0 for 330ms
12-09 08:36:10.090 W/art     ( 1592): Long monitor contention event with owner method=java.util.List com.android.server.am.ActivityManagerService.getAllStackInfos() from ActivityManagerService.java:8937 waiters=1 for 213ms
12-09 08:36:10.357 I/art     (21348): Background sticky concurrent mark sweep GC freed 6835(405KB) AllocSpace objects, 0(0B) LOS objects, 20% free, 1887KB/2MB, paused 1.314ms total 111.280ms
12-09 08:36:10.672 D/gralloc_ranchu( 1218): gralloc_alloc: Creating ashmem region of size 3686400
12-09 08:36:10.722 D/        (21348): HostConnection::get() New Host Connection established 0x7f45d3586500, tid 21348
12-09 08:36:10.842 I/ActivityManager( 1592): Displayed com.evancharlton.mileage/.Mileage: +2s327ms
12-09 08:36:10.854 D/gralloc_ranchu( 1218): gralloc_alloc: Creating ashmem region of size 3686400
12-09 08:36:11.441 I/art     (21348): Background partial concurrent mark sweep GC freed 13184(639KB) AllocSpace objects, 1(20KB) LOS objects, 39% free, 1943KB/3MB, paused 25.829ms total 82.689ms
12-09 08:36:11.450 I/System.out(21348): URI: //gesture
12-09 08:36:11.450 I/System.out(21348): params: {json={"query_timeout":5.0,"gestures":[{"query_string":"android.widget.TabWidget descendant TextView index:3","touches":[{"x":50,"y":50,"offset_x":0,"offset_y":0,"wait":0.0,"time":0.2,"release":true,"query_string":null}]}]}
12-09 08:36:11.450 I/System.out(21348): }
12-09 08:36:11.811 D/gralloc_ranchu( 1218): gralloc_alloc: Creating ashmem region of size 3686400
12-09 08:36:12.180 I/calabash(21348): newActivity1
12-09 08:36:12.181 W/ActivityManager( 1592): Bad activity token: android.os.BinderProxy@c6196ba
12-09 08:36:12.181 W/ActivityManager( 1592): java.lang.ClassCastException: android.os.BinderProxy cannot be cast to com.android.server.am.ActivityRecord$Token
12-09 08:36:12.181 W/ActivityManager( 1592): 	at com.android.server.am.ActivityRecord.forTokenLocked(ActivityRecord.java:424)
12-09 08:36:12.181 W/ActivityManager( 1592): 	at com.android.server.am.ActivityRecord.isInStackLocked(ActivityRecord.java:1121)
12-09 08:36:12.181 W/ActivityManager( 1592): 	at com.android.server.am.ActivityRecord.getStackLocked(ActivityRecord.java:1126)
12-09 08:36:12.181 W/ActivityManager( 1592): 	at com.android.server.am.ActivityManagerService.getActivityDisplayId(ActivityManagerService.java:8889)
12-09 08:36:12.181 W/ActivityManager( 1592): 	at android.app.ActivityManagerNative.onTransact(ActivityManagerNative.java:2338)
12-09 08:36:12.181 W/ActivityManager( 1592): 	at com.android.server.am.ActivityManagerService.onTransact(ActivityManagerService.java:2443)
12-09 08:36:12.181 W/ActivityManager( 1592): 	at android.os.Binder.execTransact(Binder.java:453)
12-09 08:36:12.182 W/ActivityManager( 1592): Bad activity token: android.os.BinderProxy@c6196ba
12-09 08:36:12.182 W/ActivityManager( 1592): java.lang.ClassCastException: android.os.BinderProxy cannot be cast to com.android.server.am.ActivityRecord$Token
12-09 08:36:12.182 W/ActivityManager( 1592): 	at com.android.server.am.ActivityRecord.forTokenLocked(ActivityRecord.java:424)
12-09 08:36:12.182 W/ActivityManager( 1592): 	at com.android.server.am.ActivityRecord.isInStackLocked(ActivityRecord.java:1121)
12-09 08:36:12.182 W/ActivityManager( 1592): 	at com.android.server.am.ActivityManagerService.setTaskDescription(ActivityManagerService.java:8547)
12-09 08:36:12.182 W/ActivityManager( 1592): 	at android.app.ActivityManagerNative.onTransact(ActivityManagerNative.java:2410)
12-09 08:36:12.182 W/ActivityManager( 1592): 	at com.android.server.am.ActivityManagerService.onTransact(ActivityManagerService.java:2443)
12-09 08:36:12.182 W/ActivityManager( 1592): 	at android.os.Binder.execTransact(Binder.java:453)
12-09 08:36:12.184 W/ActivityManager( 1592): Bad activity token: android.os.BinderProxy@c6196ba
12-09 08:36:12.184 W/ActivityManager( 1592): java.lang.ClassCastException: android.os.BinderProxy cannot be cast to com.android.server.am.ActivityRecord$Token
12-09 08:36:12.184 W/ActivityManager( 1592): 	at com.android.server.am.ActivityRecord.forTokenLocked(ActivityRecord.java:424)
12-09 08:36:12.184 W/ActivityManager( 1592): 	at com.android.server.am.ActivityRecord.isInStackLocked(ActivityRecord.java:1121)
12-09 08:36:12.184 W/ActivityManager( 1592): 	at com.android.server.am.ActivityManagerService.getActivityOptions(ActivityManagerService.java:11038)
12-09 08:36:12.184 W/ActivityManager( 1592): 	at android.app.ActivityManagerNative.onTransact(ActivityManagerNative.java:1734)
12-09 08:36:12.184 W/ActivityManager( 1592): 	at com.android.server.am.ActivityManagerService.onTransact(ActivityManagerService.java:2443)
12-09 08:36:12.184 W/ActivityManager( 1592): 	at android.os.Binder.execTransact(Binder.java:453)
12-09 08:36:12.189 W/ActivityManager( 1592): Bad activity token: android.os.BinderProxy@c6196ba
12-09 08:36:12.189 W/ActivityManager( 1592): java.lang.ClassCastException: android.os.BinderProxy cannot be cast to com.android.server.am.ActivityRecord$Token
12-09 08:36:12.189 W/ActivityManager( 1592): 	at com.android.server.am.ActivityRecord.forTokenLocked(ActivityRecord.java:424)
12-09 08:36:12.189 W/ActivityManager( 1592): 	at com.android.server.am.ActivityRecord.isInStackLocked(ActivityRecord.java:1121)
12-09 08:36:12.189 W/ActivityManager( 1592): 	at com.android.server.am.ActivityManagerService.getActivityOptions(ActivityManagerService.java:11038)
12-09 08:36:12.189 W/ActivityManager( 1592): 	at android.app.ActivityManagerNative.onTransact(ActivityManagerNative.java:1734)
12-09 08:36:12.189 W/ActivityManager( 1592): 	at com.android.server.am.ActivityManagerService.onTransact(ActivityManagerService.java:2443)
12-09 08:36:12.189 W/ActivityManager( 1592): 	at android.os.Binder.execTransact(Binder.java:453)
12-09 08:36:12.221 W/audio_hw_generic( 1309): Hardware backing HAL too slow, could only write 0 of 661 frames
12-09 08:36:12.224 I/art     (21348): Background sticky concurrent mark sweep GC freed 42208(1845KB) AllocSpace objects, 1(20KB) LOS objects, 16% free, 2MB/3MB, paused 4.749ms total 150.378ms
12-09 08:36:12.340 I/System.out(21348): URI: //map
12-09 08:36:12.340 I/System.out(21348): params: {json={"query":"android.widget.ListView index:0 android.widget.TextView index:0","operation":{"method_name":"query","arguments":[]}}
12-09 08:36:12.340 I/System.out(21348): }
12-09 08:36:12.481 W/audio_hw_generic( 1309): Not supplying enough data to HAL, expected position 42311778 , only wrote 42309949
12-09 08:36:12.493 W/audio_hw_generic( 1309): Not supplying enough data to HAL, expected position 42310481 , only wrote 42309949
12-09 08:36:12.501 W/art     (21348): Long monitor contention event with owner method=boolean android.os.MessageQueue.enqueueMessage(android.os.Message, long) from MessageQueue.java:541 waiters=0 for 111ms
12-09 08:36:12.548 W/audio_hw_generic( 1309): Not supplying enough data to HAL, expected position 42312372 , only wrote 42310610
12-09 08:36:12.562 I/System.out(21348): URI: //gesture
12-09 08:36:12.562 I/System.out(21348): params: {json={"query_timeout":5.0,"gestures":[{"query_string":"android.widget.ListView index:0 android.widget.TextView index:0","touches":[{"x":50,"y":50,"offset_x":0,"offset_y":0,"wait":0.0,"time":0.2,"release":true,"query_string":null}]}]}
12-09 08:36:12.562 I/System.out(21348): }
12-09 08:36:12.730 W/audio_hw_generic( 1309): Not supplying enough data to HAL, expected position 42318649 , only wrote 42315237
12-09 08:36:12.953 W/audio_hw_generic( 1309): Not supplying enough data to HAL, expected position 42325037 , only wrote 42321186
12-09 08:36:12.953 W/audio_hw_generic( 1309): Not supplying enough data to HAL, expected position 42321198 , only wrote 42321186
12-09 08:36:13.000 W/audio_hw_generic( 1309): Not supplying enough data to HAL, expected position 42323280 , only wrote 42322508
12-09 08:36:13.030 W/audio_hw_generic( 1309): Hardware backing HAL too slow, could only write 0 of 661 frames
12-09 08:36:13.045 W/audio_hw_generic( 1309): Hardware backing HAL too slow, could only write 0 of 661 frames
12-09 08:36:13.060 W/audio_hw_generic( 1309): Hardware backing HAL too slow, could only write 0 of 661 frames
12-09 08:36:13.148 W/audio_hw_generic( 1309): Hardware backing HAL too slow, could only write 0 of 661 frames
12-09 08:36:13.165 W/audio_hw_generic( 1309): Hardware backing HAL too slow, could only write 0 of 661 frames
12-09 08:36:13.193 W/audio_hw_generic( 1309): Hardware backing HAL too slow, could only write 0 of 661 frames
12-09 08:36:13.202 I/art     (21348): Background sticky concurrent mark sweep GC freed 30053(1427KB) AllocSpace objects, 1(20KB) LOS objects, 19% free, 2MB/3MB, paused 6.094ms total 95.472ms
12-09 08:36:13.232 I/ActivityManager( 1592): START u0 {cmp=com.evancharlton.mileage/.VehicleActivity (has extras)} from uid 10145 on display 0
12-09 08:36:13.288 I/art     (21348): Background sticky concurrent mark sweep GC freed 15(8KB) AllocSpace objects, 0(0B) LOS objects, 19% free, 2MB/3MB, paused 29.628ms total 59.687ms
12-09 08:36:13.354 D/AudioFlinger( 1309): mixer(0xf4300000) throttle end: throttle time(13)
12-09 08:36:13.472 W/audio_hw_generic( 1309): Not supplying enough data to HAL, expected position 42343315 , only wrote 42342999
12-09 08:36:13.472 W/audio_hw_generic( 1309): Not supplying enough data to HAL, expected position 42343006 , only wrote 42342999
12-09 08:36:13.514 W/audio_hw_generic( 1309): Not supplying enough data to HAL, expected position 42344835 , only wrote 42343660
12-09 08:36:13.538 I/calabash(21348): newActivity1
12-09 08:36:13.561 W/audio_hw_generic( 1309): Hardware backing HAL too slow, could only write 0 of 661 frames
12-09 08:36:13.569 W/audio_hw_generic( 1309): Hardware backing HAL too slow, could only write 0 of 661 frames
12-09 08:36:13.581 W/audio_hw_generic( 1309): Hardware backing HAL too slow, could only write 0 of 661 frames
12-09 08:36:13.601 W/audio_hw_generic( 1309): Hardware backing HAL too slow, could only write 0 of 661 frames
12-09 08:36:13.621 W/audio_hw_generic( 1309): Hardware backing HAL too slow, could only write 0 of 661 frames
12-09 08:36:13.824 E/SurfaceFlinger( 1218): ro.sf.lcd_density must be defined as a build property
12-09 08:36:13.825 D/gralloc_ranchu( 1218): gralloc_alloc: Creating ashmem region of size 3686400
12-09 08:36:13.893 W/audio_hw_generic( 1309): Not supplying enough data to HAL, expected position 42360379 , only wrote 42358863
12-09 08:36:13.893 W/audio_hw_generic( 1309): Not supplying enough data to HAL, expected position 42358870 , only wrote 42358863
12-09 08:36:13.905 I/LatinIME:LogUtils( 1877): Dictionary info: dictionary = spellcheck_contacts.en_US ; version = 1544344573 ; date = ?
12-09 08:36:13.921 W/audio_hw_generic( 1309): Not supplying enough data to HAL, expected position 42360091 , only wrote 42359524
12-09 08:36:13.947 I/AccountManagerService( 1592): getTypesVisibleToCaller: isPermitted? true
12-09 08:36:14.025 D/        (21377): HostConnection::get() New Host Connection established 0x7feafef52480, tid 21377
12-09 08:36:14.049 E/EGL_emulation( 1218): tid 1218: eglCreateSyncKHR(1881): error 0x3004 (EGL_BAD_ATTRIBUTE)
12-09 08:36:14.073 I/LatinIME:LogUtils( 1877): Dictionary info: dictionary = spellcheck_userunigram.en_US ; version = 1544344574 ; date = ?
12-09 08:36:14.205 I/LatinIME:LogUtils( 1877): Dictionary info: dictionary = main:en ; version = 54 ; date = 1414726273
12-09 08:36:14.253 W/audio_hw_generic( 1309): Not supplying enough data to HAL, expected position 42374141 , only wrote 42374066
12-09 08:36:14.284 V/PhoneStatusBar( 3052): setLightsOn(true)
12-09 08:36:14.326 W/art     ( 1592): Long monitor contention event with owner method=int com.android.server.wm.WindowManagerService.relayoutWindow(com.android.server.wm.Session, android.view.IWindow, int, android.view.WindowManager$LayoutParams, int, int, int, int, android.graphics.Rect, android.graphics.Rect, android.graphics.Rect, android.graphics.Rect, android.graphics.Rect, android.graphics.Rect, android.content.res.Configuration, android.view.Surface) from WindowManagerService.java:3103 waiters=0 for 136ms
12-09 08:36:14.345 I/Choreographer(21348): Skipped 32 frames!  The application may be doing too much work on its main thread.
12-09 08:36:14.479 D/gralloc_ranchu( 1218): gralloc_alloc: Creating ashmem region of size 3686400
12-09 08:36:14.570 W/audio_hw_generic( 1309): Not supplying enough data to HAL, expected position 42388046 , only wrote 42387286
12-09 08:36:14.570 W/audio_hw_generic( 1309): Not supplying enough data to HAL, expected position 42387315 , only wrote 42387286
12-09 08:36:14.628 W/audio_hw_generic( 1309): Not supplying enough data to HAL, expected position 42389815 , only wrote 42387947
12-09 08:36:14.661 W/audio_hw_generic( 1309): Not supplying enough data to HAL, expected position 42389427 , only wrote 42389269
12-09 08:36:14.695 W/audio_hw_generic( 1309): Hardware backing HAL too slow, could only write 0 of 661 frames
12-09 08:36:14.709 W/audio_hw_generic( 1309): Hardware backing HAL too slow, could only write 0 of 661 frames
12-09 08:36:14.726 W/art     ( 1592): Long monitor contention event with owner method=void com.android.server.wm.WindowAnimator$1.doFrame(long) from WindowAnimator.java:121 waiters=0 for 153ms
12-09 08:36:14.792 W/audio_hw_generic( 1309): Hardware backing HAL too slow, could only write 0 of 661 frames
12-09 08:36:14.792 W/audio_hw_generic( 1309): Not supplying enough data to HAL, expected position 42395043 , only wrote 42393235
12-09 08:36:14.792 W/audio_hw_generic( 1309): Not supplying enough data to HAL, expected position 42393241 , only wrote 42393235
12-09 08:36:14.855 W/audio_hw_generic( 1309): Not supplying enough data to HAL, expected position 42396023 , only wrote 42393896
12-09 08:36:14.920 W/audio_hw_generic( 1309): Not supplying enough data to HAL, expected position 42396743 , only wrote 42395218
12-09 08:36:14.965 W/audio_hw_generic( 1309): Not supplying enough data to HAL, expected position 42397202 , only wrote 42396540
12-09 08:36:14.992 W/audio_hw_generic( 1309): Not supplying enough data to HAL, expected position 42397725 , only wrote 42397201
12-09 08:36:14.992 W/audio_hw_generic( 1309): Not supplying enough data to HAL, expected position 42397208 , only wrote 42397201
12-09 08:36:15.021 W/audio_hw_generic( 1309): Not supplying enough data to HAL, expected position 42398490 , only wrote 42397862
12-09 08:36:15.077 W/audio_hw_generic( 1309): Not supplying enough data to HAL, expected position 42400306 , only wrote 42399184
12-09 08:36:15.077 W/audio_hw_generic( 1309): Hardware backing HAL too slow, could only write 0 of 661 frames
12-09 08:36:15.091 W/audio_hw_generic( 1309): Hardware backing HAL too slow, could only write 0 of 661 frames
12-09 08:36:15.113 W/audio_hw_generic( 1309): Hardware backing HAL too slow, could only write 0 of 661 frames
12-09 08:36:15.130 W/audio_hw_generic( 1309): Hardware backing HAL too slow, could only write 0 of 661 frames
12-09 08:36:15.193 W/audio_hw_generic( 1309): Not supplying enough data to HAL, expected position 42404315 , only wrote 42403150
12-09 08:36:15.213 W/audio_hw_generic( 1309): Not supplying enough data to HAL, expected position 42404031 , only wrote 42403811
12-09 08:36:15.213 W/audio_hw_generic( 1309): Not supplying enough data to HAL, expected position 42403818 , only wrote 42403811
12-09 08:36:15.242 W/audio_hw_generic( 1309): Not supplying enough data to HAL, expected position 42405073 , only wrote 42404472
12-09 08:36:15.242 W/audio_hw_generic( 1309): Hardware backing HAL too slow, could only write 0 of 661 frames
12-09 08:36:15.263 W/audio_hw_generic( 1309): Hardware backing HAL too slow, could only write 0 of 661 frames
12-09 08:36:15.280 W/audio_hw_generic( 1309): Hardware backing HAL too slow, could only write 0 of 661 frames
12-09 08:36:15.301 W/audio_hw_generic( 1309): Hardware backing HAL too slow, could only write 0 of 661 frames
12-09 08:36:15.349 W/audio_hw_generic( 1309): Hardware backing HAL too slow, could only write 0 of 661 frames
12-09 08:36:15.349 W/audio_hw_generic( 1309): Not supplying enough data to HAL, expected position 42409195 , only wrote 42409099
12-09 08:36:15.349 W/audio_hw_generic( 1309): Not supplying enough data to HAL, expected position 42409105 , only wrote 42409099
12-09 08:36:15.349 W/audio_hw_generic( 1309): Hardware backing HAL too slow, could only write 0 of 661 frames
12-09 08:36:15.366 W/audio_hw_generic( 1309): Not supplying enough data to HAL, expected position 42409833 , only wrote 42409760
12-09 08:36:15.366 W/audio_hw_generic( 1309): Hardware backing HAL too slow, could only write 0 of 661 frames
12-09 08:36:15.366 W/audio_hw_generic( 1309): Hardware backing HAL too slow, could only write 0 of 661 frames
12-09 08:36:15.387 W/audio_hw_generic( 1309): Hardware backing HAL too slow, could only write 0 of 661 frames
12-09 08:36:15.400 W/art     ( 1592): Long monitor contention event with owner method=void com.android.server.wm.WindowAnimator$1.doFrame(long) from WindowAnimator.java:121 waiters=1 for 309ms
