12-09 04:28:28.335 W/audio_hw_generic( 1310): Not supplying enough data to HAL, expected position 54495179 , only wrote 54494823
12-09 04:28:28.335 W/audio_hw_generic( 1310): Hardware backing HAL too slow, could only write 0 of 661 frames
12-09 04:28:28.335 W/audio_hw_generic( 1310): Hardware backing HAL too slow, could only write 0 of 661 frames
12-09 04:28:28.355 W/audio_hw_generic( 1310): Hardware backing HAL too slow, could only write 0 of 661 frames
12-09 04:28:28.373 W/audio_hw_generic( 1310): Hardware backing HAL too slow, could only write 0 of 661 frames
12-09 04:28:28.676 I/art     (22599): Background sticky concurrent mark sweep GC freed 35309(1613KB) AllocSpace objects, 1(20KB) LOS objects, 39% free, 2MB/4MB, paused 9.930ms total 48.497ms
12-09 04:28:28.735 W/audio_hw_generic( 1310): Not supplying enough data to HAL, expected position 54512466 , only wrote 54512009
12-09 04:28:28.735 W/audio_hw_generic( 1310): Not supplying enough data to HAL, expected position 54512016 , only wrote 54512009
12-09 04:28:28.750 W/audio_hw_generic( 1310): Not supplying enough data to HAL, expected position 54512672 , only wrote 54512670
12-09 04:28:28.991 W/audio_hw_generic( 1310): Hardware backing HAL too slow, could only write 0 of 661 frames
12-09 04:28:29.723 I/System.out(22599): URI: //map
12-09 04:28:29.723 I/System.out(22599): params: {json={"query":"android.widget.EditText id:'price'","operation":{"method_name":"query","arguments":[]}}
12-09 04:28:29.723 I/System.out(22599): }
12-09 04:28:29.799 W/ResourceType(22599): No package identifier when getting name for resource number 0x00000001
12-09 04:28:29.802 W/audio_hw_generic( 1310): Not supplying enough data to HAL, expected position 54559058 , only wrote 54557618
12-09 04:28:29.802 W/audio_hw_generic( 1310): Not supplying enough data to HAL, expected position 54557625 , only wrote 54557618
12-09 04:28:29.819 W/audio_hw_generic( 1310): Not supplying enough data to HAL, expected position 54558353 , only wrote 54558279
12-09 04:28:29.862 W/audio_hw_generic( 1310): Hardware backing HAL too slow, could only write 0 of 661 frames
12-09 04:28:29.889 W/audio_hw_generic( 1310): Hardware backing HAL too slow, could only write 0 of 661 frames
12-09 04:28:29.944 I/art     (22599): Background sticky concurrent mark sweep GC freed 45104(2030KB) AllocSpace objects, 2(40KB) LOS objects, 36% free, 2MB/4MB, paused 2.065ms total 110.958ms
12-09 04:28:30.046 I/System.out(22599): URI: //gesture
12-09 04:28:30.046 I/System.out(22599): params: {json={"query_timeout":5.0,"gestures":[{"query_string":"android.widget.EditText id:'price'","touches":[{"x":50,"y":50,"offset_x":0,"offset_y":0,"wait":0.0,"time":0.2,"release":true,"query_string":null}]}]}
12-09 04:28:30.046 I/System.out(22599): }
12-09 04:28:30.243 W/ResourceType(22599): No package identifier when getting name for resource number 0x00000001
12-09 04:28:30.357 W/audio_hw_generic( 1310): Hardware backing HAL too slow, could only write 0 of 661 frames
12-09 04:28:30.555 W/audio_hw_generic( 1310): Hardware backing HAL too slow, could only write 0 of 661 frames
12-09 04:28:30.566 W/audio_hw_generic( 1310): Hardware backing HAL too slow, could only write 0 of 661 frames
12-09 04:28:30.582 W/audio_hw_generic( 1310): Hardware backing HAL too slow, could only write 0 of 661 frames
12-09 04:28:30.596 W/audio_hw_generic( 1310): Hardware backing HAL too slow, could only write 0 of 661 frames
12-09 04:28:30.627 I/LatinIME( 1889): Starting input. Cursor position = 0,0
12-09 04:28:30.677 W/art     (22599): Suspending all threads took: 17.989ms
12-09 04:28:30.774 W/audio_hw_generic( 1310): Not supplying enough data to HAL, expected position 54600380 , only wrote 54598600
12-09 04:28:30.774 W/audio_hw_generic( 1310): Not supplying enough data to HAL, expected position 54598607 , only wrote 54598600
12-09 04:28:30.790 W/audio_hw_generic( 1310): Not supplying enough data to HAL, expected position 54599314 , only wrote 54599261
12-09 04:28:30.798 I/art     (22599): Background sticky concurrent mark sweep GC freed 43027(1868KB) AllocSpace objects, 1(20KB) LOS objects, 28% free, 2MB/4MB, paused 19.201ms total 152.872ms
12-09 04:28:30.924 D/EGL_emulation( 1889): eglMakeCurrent: 0x7f74244f4820: ver 2 0 (tinfo 0x7f7420d4c120)
12-09 04:28:31.015 W/audio_hw_generic( 1310): Not supplying enough data to HAL, expected position 54609184 , only wrote 54608515
12-09 04:28:31.015 W/audio_hw_generic( 1310): Not supplying enough data to HAL, expected position 54608521 , only wrote 54608515
12-09 04:28:31.033 W/audio_hw_generic( 1310): Not supplying enough data to HAL, expected position 54609316 , only wrote 54609176
12-09 04:28:31.059 W/audio_hw_generic( 1310): Hardware backing HAL too slow, could only write 0 of 661 frames
12-09 04:28:31.074 W/audio_hw_generic( 1310): Hardware backing HAL too slow, could only write 0 of 661 frames
12-09 04:28:31.175 W/audio_hw_generic( 1310): Not supplying enough data to HAL, expected position 54615408 , only wrote 54615125
12-09 04:28:31.175 W/audio_hw_generic( 1310): Not supplying enough data to HAL, expected position 54615131 , only wrote 54615125
12-09 04:28:31.214 W/audio_hw_generic( 1310): Not supplying enough data to HAL, expected position 54616848 , only wrote 54615786
12-09 04:28:31.214 W/audio_hw_generic( 1310): Hardware backing HAL too slow, could only write 0 of 661 frames
12-09 04:28:31.247 W/audio_hw_generic( 1310): Hardware backing HAL too slow, could only write 0 of 661 frames
12-09 04:28:31.263 W/audio_hw_generic( 1310): Hardware backing HAL too slow, could only write 0 of 661 frames
12-09 04:28:31.334 I/System.out(22599): URI: //
12-09 04:28:31.334 I/System.out(22599): params: {json={"command":"set_selection","arguments":[-1,-1]}
12-09 04:28:31.334 I/System.out(22599): }
12-09 04:28:31.334 I/System.out(22599): header: {date=Sun, 09 Dec 2018 04:28:32 GMT, accept=*/*, content-length=47, host=127.0.0.1:34777, user-agent=HTTPClient/1.0 (2.8.3, ruby 2.3.1 (2016-04-26)), content-type=application/json;charset=utf-8}
12-09 04:28:31.334 I/System.out(22599): params: {json={"command":"set_selection","arguments":[-1,-1]}
12-09 04:28:31.334 I/System.out(22599): }
12-09 04:28:31.334 I/System.out(22599): ProP json = {"command":"set_selection","arguments":[-1,-1]}
12-09 04:28:31.334 I/System.out(22599): files: {}
12-09 04:28:31.334 I/System.out(22599): command: {"command":"set_selection","arguments":[-1,-1]}
12-09 04:28:31.338 I/InstrumentationBackend(22599): Got command:'Command:'Line:null,set_selection', arguments:'[-1, -1]'
12-09 04:28:31.358 I/System.out(22599): result:{"bonusInformation":[],"message":"","success":true}
12-09 04:28:31.559 W/audio_hw_generic( 1310): Not supplying enough data to HAL, expected position 54631012 , only wrote 54630989
12-09 04:28:31.563 W/audio_hw_generic( 1310): Not supplying enough data to HAL, expected position 54631166 , only wrote 54630989
12-09 04:28:31.599 W/audio_hw_generic( 1310): Not supplying enough data to HAL, expected position 54632570 , only wrote 54631650
12-09 04:28:31.799 W/audio_hw_generic( 1310): Not supplying enough data to HAL, expected position 54640452 , only wrote 54635616
12-09 04:28:31.805 W/audio_hw_generic( 1310): Not supplying enough data to HAL, expected position 54635897 , only wrote 54635616
12-09 04:28:31.832 I/System.out(22599): URI: //
12-09 04:28:31.832 I/System.out(22599): params: {json={"command":"keyboard_enter_text","arguments":["97123743947239847210"]}
12-09 04:28:31.832 I/System.out(22599): }
12-09 04:28:31.832 I/System.out(22599): header: {date=Sun, 09 Dec 2018 04:28:32 GMT, accept=*/*, content-length=70, host=127.0.0.1:34777, user-agent=HTTPClient/1.0 (2.8.3, ruby 2.3.1 (2016-04-26)), content-type=application/json;charset=utf-8}
12-09 04:28:31.832 I/System.out(22599): params: {json={"command":"keyboard_enter_text","arguments":["97123743947239847210"]}
12-09 04:28:31.832 I/System.out(22599): }
12-09 04:28:31.832 I/System.out(22599): ProP json = {"command":"keyboard_enter_text","arguments":["97123743947239847210"]}
12-09 04:28:31.832 I/System.out(22599): files: {}
12-09 04:28:31.832 I/System.out(22599): command: {"command":"keyboard_enter_text","arguments":["97123743947239847210"]}
12-09 04:28:31.833 I/InstrumentationBackend(22599): Got command:'Command:'Line:null,keyboard_enter_text', arguments:'[97123743947239847210]'
12-09 04:28:31.960 E/SpannableStringBuilder(22599): SPAN_EXCLUSIVE_EXCLUSIVE spans cannot have a zero length
12-09 04:28:31.960 E/SpannableStringBuilder(22599): SPAN_EXCLUSIVE_EXCLUSIVE spans cannot have a zero length
12-09 04:28:32.021 E/SpannableStringBuilder(22599): SPAN_EXCLUSIVE_EXCLUSIVE spans cannot have a zero length
12-09 04:28:32.021 E/SpannableStringBuilder(22599): SPAN_EXCLUSIVE_EXCLUSIVE spans cannot have a zero length
12-09 04:28:32.043 I/System.out(22599): result:{"bonusInformation":[],"message":"","success":true}
12-09 04:28:32.121 I/art     (22599): Background sticky concurrent mark sweep GC freed 30078(1452KB) AllocSpace objects, 6(120KB) LOS objects, 30% free, 2MB/4MB, paused 6.146ms total 97.804ms
12-09 04:28:32.122 I/System.out(22599): URI: //map
12-09 04:28:32.122 I/System.out(22599): params: {json={"query":"android.widget.EditText id:'volume'","operation":{"method_name":"query","arguments":[]}}
12-09 04:28:32.122 I/System.out(22599): }
12-09 04:28:32.172 W/ResourceType(22599): No package identifier when getting name for resource number 0x00000001
12-09 04:28:32.319 I/System.out(22599): URI: //gesture
12-09 04:28:32.319 I/System.out(22599): params: {json={"query_timeout":5.0,"gestures":[{"query_string":"android.widget.EditText id:'volume'","touches":[{"x":50,"y":50,"offset_x":0,"offset_y":0,"wait":0.0,"time":0.2,"release":true,"query_string":null}]}]}
12-09 04:28:32.319 I/System.out(22599): }
12-09 04:28:32.323 I/art     (22599): Background sticky concurrent mark sweep GC freed 45353(2033KB) AllocSpace objects, 2(40KB) LOS objects, 16% free, 3MB/4MB, paused 13.765ms total 119.902ms
12-09 04:28:32.352 W/ResourceType(22599): No package identifier when getting name for resource number 0x00000001
12-09 04:28:32.868 I/LatinIME( 1889): Starting input. Cursor position = 0,0
12-09 04:28:33.031 I/art     (22599): Background sticky concurrent mark sweep GC freed 23868(979KB) AllocSpace objects, 2(40KB) LOS objects, 0% free, 4MB/4MB, paused 1.054ms total 153.222ms
12-09 04:28:33.537 I/System.out(22599): URI: //
12-09 04:28:33.537 I/System.out(22599): params: {json={"command":"set_selection","arguments":[-1,-1]}
12-09 04:28:33.537 I/System.out(22599): }
12-09 04:28:33.538 I/System.out(22599): header: {date=Sun, 09 Dec 2018 04:28:34 GMT, accept=*/*, content-length=47, host=127.0.0.1:34777, user-agent=HTTPClient/1.0 (2.8.3, ruby 2.3.1 (2016-04-26)), content-type=application/json;charset=utf-8}
12-09 04:28:33.538 I/System.out(22599): params: {json={"command":"set_selection","arguments":[-1,-1]}
12-09 04:28:33.538 I/System.out(22599): }
12-09 04:28:33.538 I/System.out(22599): ProP json = {"command":"set_selection","arguments":[-1,-1]}
12-09 04:28:33.538 I/System.out(22599): files: {}
12-09 04:28:33.538 I/System.out(22599): command: {"command":"set_selection","arguments":[-1,-1]}
12-09 04:28:33.544 I/InstrumentationBackend(22599): Got command:'Command:'Line:null,set_selection', arguments:'[-1, -1]'
12-09 04:28:33.557 I/System.out(22599): result:{"bonusInformation":[],"message":"","success":true}
12-09 04:28:33.776 I/System.out(22599): URI: //
12-09 04:28:33.777 I/System.out(22599): params: {json={"command":"keyboard_enter_text","arguments":["98123743947721092831"]}
12-09 04:28:33.777 I/System.out(22599): }
12-09 04:28:33.777 I/System.out(22599): header: {date=Sun, 09 Dec 2018 04:28:34 GMT, accept=*/*, content-length=70, host=127.0.0.1:34777, user-agent=HTTPClient/1.0 (2.8.3, ruby 2.3.1 (2016-04-26)), content-type=application/json;charset=utf-8}
12-09 04:28:33.777 I/System.out(22599): params: {json={"command":"keyboard_enter_text","arguments":["98123743947721092831"]}
12-09 04:28:33.777 I/System.out(22599): }
12-09 04:28:33.777 I/System.out(22599): ProP json = {"command":"keyboard_enter_text","arguments":["98123743947721092831"]}
12-09 04:28:33.777 I/System.out(22599): files: {}
12-09 04:28:33.777 I/System.out(22599): command: {"command":"keyboard_enter_text","arguments":["98123743947721092831"]}
12-09 04:28:33.778 I/InstrumentationBackend(22599): Got command:'Command:'Line:null,keyboard_enter_text', arguments:'[98123743947721092831]'
12-09 04:28:33.859 E/SpannableStringBuilder(22599): SPAN_EXCLUSIVE_EXCLUSIVE spans cannot have a zero length
12-09 04:28:33.859 E/SpannableStringBuilder(22599): SPAN_EXCLUSIVE_EXCLUSIVE spans cannot have a zero length
12-09 04:28:33.899 E/SpannableStringBuilder(22599): SPAN_EXCLUSIVE_EXCLUSIVE spans cannot have a zero length
12-09 04:28:33.899 E/SpannableStringBuilder(22599): SPAN_EXCLUSIVE_EXCLUSIVE spans cannot have a zero length
12-09 04:28:33.927 I/System.out(22599): result:{"bonusInformation":[],"message":"","success":true}
12-09 04:28:34.032 I/System.out(22599): URI: //map
12-09 04:28:34.032 I/System.out(22599): params: {json={"query":"android.widget.EditText id:'odometer'","operation":{"method_name":"query","arguments":[]}}
12-09 04:28:34.032 I/System.out(22599): }
12-09 04:28:34.091 I/art     (22599): Background sticky concurrent mark sweep GC freed 27080(1236KB) AllocSpace objects, 6(120KB) LOS objects, 21% free, 3MB/3MB, paused 9.159ms total 165.873ms
12-09 04:28:34.244 W/ResourceType(22599): No package identifier when getting name for resource number 0x00000001
12-09 04:28:34.385 I/art     (22599): Background partial concurrent mark sweep GC freed 45790(2MB) AllocSpace objects, 2(40KB) LOS objects, 40% free, 2MB/4MB, paused 20.354ms total 101.722ms
12-09 04:28:34.407 I/System.out(22599): URI: //gesture
12-09 04:28:34.407 I/System.out(22599): params: {json={"query_timeout":5.0,"gestures":[{"query_string":"android.widget.EditText id:'odometer'","touches":[{"x":50,"y":50,"offset_x":0,"offset_y":0,"wait":0.0,"time":0.2,"release":true,"query_string":null}]}]}
12-09 04:28:34.407 I/System.out(22599): }
12-09 04:28:34.597 W/ResourceType(22599): No package identifier when getting name for resource number 0x00000001
12-09 04:28:35.188 I/LatinIME( 1889): Starting input. Cursor position = 0,0
12-09 04:28:35.332 I/art     (22599): Background sticky concurrent mark sweep GC freed 44820(2034KB) AllocSpace objects, 2(40KB) LOS objects, 37% free, 2MB/4MB, paused 6.869ms total 140.023ms
12-09 04:28:35.771 I/System.out(22599): URI: //
12-09 04:28:35.771 I/System.out(22599): params: {json={"command":"set_selection","arguments":[-1,-1]}
12-09 04:28:35.771 I/System.out(22599): }
12-09 04:28:35.771 I/System.out(22599): header: {date=Sun, 09 Dec 2018 04:28:36 GMT, accept=*/*, content-length=47, host=127.0.0.1:34777, user-agent=HTTPClient/1.0 (2.8.3, ruby 2.3.1 (2016-04-26)), content-type=application/json;charset=utf-8}
12-09 04:28:35.771 I/System.out(22599): params: {json={"command":"set_selection","arguments":[-1,-1]}
12-09 04:28:35.771 I/System.out(22599): }
12-09 04:28:35.771 I/System.out(22599): ProP json = {"command":"set_selection","arguments":[-1,-1]}
12-09 04:28:35.771 I/System.out(22599): files: {}
12-09 04:28:35.771 I/System.out(22599): command: {"command":"set_selection","arguments":[-1,-1]}
12-09 04:28:35.772 I/InstrumentationBackend(22599): Got command:'Command:'Line:null,set_selection', arguments:'[-1, -1]'
12-09 04:28:35.794 I/System.out(22599): result:{"bonusInformation":[],"message":"","success":true}
12-09 04:28:36.027 I/System.out(22599): URI: //
12-09 04:28:36.027 I/System.out(22599): params: {json={"command":"keyboard_enter_text","arguments":["98879898284721092831"]}
12-09 04:28:36.027 I/System.out(22599): }
12-09 04:28:36.027 I/System.out(22599): header: {date=Sun, 09 Dec 2018 04:28:36 GMT, accept=*/*, content-length=70, host=127.0.0.1:34777, user-agent=HTTPClient/1.0 (2.8.3, ruby 2.3.1 (2016-04-26)), content-type=application/json;charset=utf-8}
12-09 04:28:36.027 I/System.out(22599): params: {json={"command":"keyboard_enter_text","arguments":["98879898284721092831"]}
12-09 04:28:36.027 I/System.out(22599): }
12-09 04:28:36.027 I/System.out(22599): ProP json = {"command":"keyboard_enter_text","arguments":["98879898284721092831"]}
12-09 04:28:36.027 I/System.out(22599): files: {}
12-09 04:28:36.027 I/System.out(22599): command: {"command":"keyboard_enter_text","arguments":["98879898284721092831"]}
12-09 04:28:36.028 I/InstrumentationBackend(22599): Got command:'Command:'Line:null,keyboard_enter_text', arguments:'[98879898284721092831]'
12-09 04:28:36.029 E/SpannableStringBuilder(22599): SPAN_EXCLUSIVE_EXCLUSIVE spans cannot have a zero length
12-09 04:28:36.029 E/SpannableStringBuilder(22599): SPAN_EXCLUSIVE_EXCLUSIVE spans cannot have a zero length
12-09 04:28:36.064 E/SpannableStringBuilder(22599): SPAN_EXCLUSIVE_EXCLUSIVE spans cannot have a zero length
12-09 04:28:36.064 E/SpannableStringBuilder(22599): SPAN_EXCLUSIVE_EXCLUSIVE spans cannot have a zero length
12-09 04:28:36.079 I/System.out(22599): result:{"bonusInformation":[],"message":"","success":true}
12-09 04:28:36.207 I/art     (22599): Background sticky concurrent mark sweep GC freed 27708(1265KB) AllocSpace objects, 6(120KB) LOS objects, 35% free, 2MB/4MB, paused 963us total 103.626ms
12-09 04:28:37.239 I/System.out(22599): URI: //map
12-09 04:28:37.242 I/System.out(22599): params: {json={"query":"android.widget.Button index:2","operation":{"method_name":"query","arguments":[]}}
12-09 04:28:37.242 I/System.out(22599): }
12-09 04:28:37.720 I/art     (22599): Background partial concurrent mark sweep GC freed 49421(2MB) AllocSpace objects, 6(120KB) LOS objects, 40% free, 2MB/4MB, paused 1.010ms total 408.202ms
12-09 04:28:37.721 I/System.out(22599): URI: //gesture
12-09 04:28:37.721 I/System.out(22599): params: {json={"query_timeout":5.0,"gestures":[{"query_string":"android.widget.Button index:2","touches":[{"x":50,"y":50,"offset_x":0,"offset_y":0,"wait":0.0,"time":0.2,"release":true,"query_string":null}]}]}
12-09 04:28:37.721 I/System.out(22599): }
12-09 04:28:38.416 I/art     (22599): Background sticky concurrent mark sweep GC freed 50923(2MB) AllocSpace objects, 2(40KB) LOS objects, 37% free, 2MB/4MB, paused 1.024ms total 126.455ms
12-09 04:28:38.495 W/audio_hw_generic( 1310): Not supplying enough data to HAL, expected position 54637068 , only wrote 54636277
12-09 04:28:38.495 W/audio_hw_generic( 1310): Not supplying enough data to HAL, expected position 54636283 , only wrote 54636277
12-09 04:28:38.495 D/AudioFlinger( 1310): mixer(0xf4300000) throttle end: throttle time(20)
12-09 04:28:38.512 W/audio_hw_generic( 1310): Hardware backing HAL too slow, could only write 0 of 661 frames
12-09 04:28:38.540 W/audio_hw_generic( 1310): Hardware backing HAL too slow, could only write 0 of 661 frames
12-09 04:28:38.850 W/audio_hw_generic( 1310): Not supplying enough data to HAL, expected position 54651944 , only wrote 54647514
12-09 04:28:38.850 W/audio_hw_generic( 1310): Not supplying enough data to HAL, expected position 54647521 , only wrote 54647514
12-09 04:28:38.865 W/audio_hw_generic( 1310): Not supplying enough data to HAL, expected position 54648182 , only wrote 54648175
12-09 04:28:38.866 W/audio_hw_generic( 1310): Not supplying enough data to HAL, expected position 54648181 , only wrote 54648175
12-09 04:28:38.911 W/audio_hw_generic( 1310): Hardware backing HAL too slow, could only write 0 of 661 frames
12-09 04:28:38.935 I/LatinIME( 1889): Starting input. Cursor position = -1,-1
12-09 04:28:38.945 I/Choreographer(22599): Skipped 39 frames!  The application may be doing too much work on its main thread.
12-09 04:28:38.957 E/SurfaceFlinger( 1224): ro.sf.lcd_density must be defined as a build property
12-09 04:28:38.958 D/gralloc_ranchu( 1224): gralloc_alloc: Creating ashmem region of size 3686400
12-09 04:28:39.001 D/        (22687): HostConnection::get() New Host Connection established 0x7f5cdbe12480, tid 22687
12-09 04:28:39.039 E/EGL_emulation( 1224): tid 1224: eglCreateSyncKHR(1881): error 0x3004 (EGL_BAD_ATTRIBUTE)
12-09 04:28:39.073 D/Mileage.ABS(22599): Finished backup
12-09 04:28:39.079 D/Mileage.ABS(22599): Not backing up; 24
12-09 04:28:39.080 D/Mileage.ABS(22599): Not backing up; 25
12-09 04:28:39.080 D/Mileage.ABS(22599): Not backing up; 25
12-09 04:28:39.287 W/audio_hw_generic( 1310): Not supplying enough data to HAL, expected position 54666752 , only wrote 54666022
12-09 04:28:39.287 W/audio_hw_generic( 1310): Not supplying enough data to HAL, expected position 54666029 , only wrote 54666022
12-09 04:28:39.314 W/audio_hw_generic( 1310): Not supplying enough data to HAL, expected position 54667220 , only wrote 54666683
12-09 04:28:39.544 W/audio_hw_generic( 1310): Not supplying enough data to HAL, expected position 54676797 , only wrote 54676598
12-09 04:28:39.544 W/audio_hw_generic( 1310): Not supplying enough data to HAL, expected position 54676604 , only wrote 54676598
12-09 04:28:39.560 W/audio_hw_generic( 1310): Not supplying enough data to HAL, expected position 54677315 , only wrote 54677259
12-09 04:28:39.650 W/audio_hw_generic( 1310): Not supplying enough data to HAL, expected position 54681250 , only wrote 54681225
12-09 04:28:39.793 W/RichInputConnection( 1889): Slow InputConnection: GET_TEXT_BEFORE_CURSOR took 244 ms.
12-09 04:28:40.059 W/audio_hw_generic( 1310): Not supplying enough data to HAL, expected position 54699250 , only wrote 54699072
12-09 04:28:40.075 W/audio_hw_generic( 1310): Hardware backing HAL too slow, could only write 0 of 661 frames
12-09 04:28:40.095 W/audio_hw_generic( 1310): Hardware backing HAL too slow, could only write 0 of 661 frames
12-09 04:28:40.097 I/InputAttributes( 1889): InputType.TYPE_NULL is specified
12-09 04:28:40.157 I/Choreographer( 1889): Skipped 73 frames!  The application may be doing too much work on its main thread.
12-09 04:28:40.160 I/System.out(22599): URI: //map
12-09 04:28:40.161 I/System.out(22599): params: {json={"query":"android.widget.ListView index:0 android.widget.TextView index:0","operation":{"method_name":"query","arguments":[]}}
12-09 04:28:40.161 I/System.out(22599): }
12-09 04:28:40.168 D/EGL_emulation( 1889): eglMakeCurrent: 0x7f74244f4820: ver 2 0 (tinfo 0x7f7420d4c120)
12-09 04:28:40.169 E/Surface ( 1889): getSlotFromBufferLocked: unknown buffer: 0x7f74244f4a00
12-09 04:28:40.573 W/audio_hw_generic( 1310): Not supplying enough data to HAL, expected position 54721736 , only wrote 54721546
12-09 04:28:40.573 W/audio_hw_generic( 1310): Not supplying enough data to HAL, expected position 54721552 , only wrote 54721546
12-09 04:28:40.591 W/audio_hw_generic( 1310): Not supplying enough data to HAL, expected position 54722320 , only wrote 54722207
12-09 04:28:40.674 W/audio_hw_generic( 1310): Not supplying enough data to HAL, expected position 54725868 , only wrote 54725512
12-09 04:28:40.674 W/audio_hw_generic( 1310): Not supplying enough data to HAL, expected position 54725518 , only wrote 54725512
12-09 04:28:40.691 W/audio_hw_generic( 1310): Not supplying enough data to HAL, expected position 54726246 , only wrote 54726173
12-09 04:28:40.746 W/audio_hw_generic( 1310): Hardware backing HAL too slow, could only write 0 of 661 frames
12-09 04:28:40.827 W/audio_hw_generic( 1310): Not supplying enough data to HAL, expected position 54732170 , only wrote 54732122
12-09 04:28:40.827 W/audio_hw_generic( 1310): Not supplying enough data to HAL, expected position 54732128 , only wrote 54732122
12-09 04:28:40.896 I/art     (22599): Background sticky concurrent mark sweep GC freed 34080(1315KB) AllocSpace objects, 1(20KB) LOS objects, 12% free, 3MB/4MB, paused 17.630ms total 156.248ms
12-09 04:28:40.931 W/audio_hw_generic( 1310): Not supplying enough data to HAL, expected position 54736731 , only wrote 54736088
12-09 04:28:40.968 I/System.out(22599): URI: //gesture
12-09 04:28:40.971 I/System.out(22599): params: {json={"query_timeout":5.0,"gestures":[{"query_string":"android.widget.ListView index:0 android.widget.TextView index:0","touches":[{"x":50,"y":50,"offset_x":0,"offset_y":0,"wait":0.0,"time":0.2,"release":true,"query_string":null}]}]}
12-09 04:28:40.971 I/System.out(22599): }
12-09 04:28:41.067 W/audio_hw_generic( 1310): Not supplying enough data to HAL, expected position 54742073 , only wrote 54742037
12-09 04:28:41.203 W/audio_hw_generic( 1310): Hardware backing HAL too slow, could only write 0 of 661 frames
12-09 04:28:41.219 W/audio_hw_generic( 1310): Hardware backing HAL too slow, could only write 0 of 661 frames
12-09 04:28:41.242 W/audio_hw_generic( 1310): Hardware backing HAL too slow, could only write 0 of 661 frames
12-09 04:28:41.258 W/audio_hw_generic( 1310): Hardware backing HAL too slow, could only write 0 of 661 frames
12-09 04:28:41.457 W/audio_hw_generic( 1310): Not supplying enough data to HAL, expected position 54759238 , only wrote 54759223
12-09 04:28:41.491 W/audio_hw_generic( 1310): Hardware backing HAL too slow, could only write 0 of 661 frames
12-09 04:28:41.602 W/audio_hw_generic( 1310): Not supplying enough data to HAL, expected position 54770763 , only wrote 54765172
12-09 04:28:41.628 I/art     (22599): Background sticky concurrent mark sweep GC freed 29911(1424KB) AllocSpace objects, 0(0B) LOS objects, 36% free, 2MB/4MB, paused 1.233ms total 105.639ms
12-09 04:28:41.673 I/ActivityManager( 1594): START u0 {cmp=com.evancharlton.mileage/.FillupInfoActivity (has extras)} from uid 10111 on display 0
12-09 04:28:41.779 W/audio_hw_generic( 1310): Hardware backing HAL too slow, could only write 0 of 661 frames
12-09 04:28:41.785 D/AudioFlinger( 1310): mixer(0xf4300000) throttle end: throttle time(17)
12-09 04:28:41.877 I/calabash(22599): newActivity1
12-09 04:28:41.893 W/audio_hw_generic( 1310): Hardware backing HAL too slow, could only write 0 of 661 frames
12-09 04:28:41.926 W/audio_hw_generic( 1310): Hardware backing HAL too slow, could only write 0 of 661 frames
12-09 04:28:41.943 W/audio_hw_generic( 1310): Hardware backing HAL too slow, could only write 0 of 661 frames
12-09 04:28:41.960 W/audio_hw_generic( 1310): Hardware backing HAL too slow, could only write 0 of 661 frames
12-09 04:28:41.980 W/audio_hw_generic( 1310): Hardware backing HAL too slow, could only write 0 of 661 frames
12-09 04:28:41.995 W/audio_hw_generic( 1310): Hardware backing HAL too slow, could only write 0 of 661 frames
12-09 04:28:42.013 W/audio_hw_generic( 1310): Hardware backing HAL too slow, could only write 0 of 661 frames
12-09 04:28:42.100 V/PhoneStatusBar( 1702): setLightsOn(true)
12-09 04:28:42.127 D/gralloc_ranchu( 1224): gralloc_alloc: Creating ashmem region of size 3686400
12-09 04:28:42.147 E/SurfaceFlinger( 1224): ro.sf.lcd_density must be defined as a build property
12-09 04:28:42.281 D/gralloc_ranchu( 1224): gralloc_alloc: Creating ashmem region of size 3686400
12-09 04:28:42.296 D/        (22696): HostConnection::get() New Host Connection established 0x7fb19f4d2480, tid 22696
12-09 04:28:42.327 E/EGL_emulation( 1224): tid 1224: eglCreateSyncKHR(1881): error 0x3004 (EGL_BAD_ATTRIBUTE)
12-09 04:28:42.432 W/audio_hw_generic( 1310): Not supplying enough data to HAL, expected position 54796977 , only wrote 54796900
12-09 04:28:42.454 W/audio_hw_generic( 1310): Not supplying enough data to HAL, expected position 54797984 , only wrote 54797561
12-09 04:28:42.455 W/audio_hw_generic( 1310): Not supplying enough data to HAL, expected position 54797585 , only wrote 54797561
12-09 04:28:42.458 D/gralloc_ranchu( 1224): gralloc_alloc: Creating ashmem region of size 3686400
12-09 04:28:42.471 W/audio_hw_generic( 1310): Not supplying enough data to HAL, expected position 54798260 , only wrote 54798222
12-09 04:28:42.639 I/ActivityManager( 1594): Displayed com.evancharlton.mileage/.FillupInfoActivity: +778ms
12-09 04:28:42.992 W/art     ( 1594): Long monitor contention event with owner method=void com.android.server.wm.WindowAnimator$1.doFrame(long) from WindowAnimator.java:121 waiters=0 for 159ms
12-09 04:28:43.095 W/audio_hw_generic( 1310): Hardware backing HAL too slow, could only write 0 of 661 frames
12-09 04:28:43.096 W/audio_hw_generic( 1310): Hardware backing HAL too slow, could only write 0 of 661 frames
12-09 04:28:43.187 W/audio_hw_generic( 1310): Not supplying enough data to HAL, expected position 54829826 , only wrote 54828628
12-09 04:28:43.208 W/art     ( 1594): Long monitor contention event with owner method=void com.android.server.wm.WindowAnimator$1.doFrame(long) from WindowAnimator.java:121 waiters=1 for 327ms
12-09 04:28:43.209 W/art     ( 1594): Long monitor contention event with owner method=void com.android.server.wm.WindowAnimator$1.doFrame(long) from WindowAnimator.java:121 waiters=1 for 216ms
12-09 04:28:43.209 W/art     ( 1594): Long monitor contention event with owner method=java.util.List com.android.server.am.ActivityManagerService.getAllStackInfos() from ActivityManagerService.java:8937 waiters=0 for 209ms
12-09 04:28:43.332 W/audio_hw_generic( 1310): Not supplying enough data to HAL, expected position 54834992 , only wrote 54833255
12-09 04:28:43.332 W/audio_hw_generic( 1310): Not supplying enough data to HAL, expected position 54833266 , only wrote 54833255
12-09 04:28:43.354 W/audio_hw_generic( 1310): Not supplying enough data to HAL, expected position 54834217 , only wrote 54833916
12-09 04:28:43.387 W/audio_hw_generic( 1310): Hardware backing HAL too slow, could only write 0 of 661 frames
12-09 04:28:43.427 W/audio_hw_generic( 1310): Hardware backing HAL too slow, could only write 0 of 661 frames
12-09 04:28:43.445 W/audio_hw_generic( 1310): Not supplying enough data to HAL, expected position 54837929 , only wrote 54837882
12-09 04:28:43.489 W/audio_hw_generic( 1310): Hardware backing HAL too slow, could only write 0 of 661 frames
12-09 04:28:43.503 I/System.out(22599): URI: //map
12-09 04:28:43.503 I/System.out(22599): params: {json={"query":"android.widget.Button index:1","operation":{"method_name":"query","arguments":[]}}
12-09 04:28:43.503 I/System.out(22599): }
12-09 04:28:43.507 W/audio_hw_generic( 1310): Hardware backing HAL too slow, could only write 0 of 661 frames
12-09 04:28:43.572 D/gralloc_ranchu( 1224): gralloc_alloc: Creating ashmem region of size 3686400
12-09 04:28:43.599 W/audio_hw_generic( 1310): Not supplying enough data to HAL, expected position 54844700 , only wrote 54844492
12-09 04:28:43.599 W/audio_hw_generic( 1310): Not supplying enough data to HAL, expected position 54844499 , only wrote 54844492
12-09 04:28:43.628 W/audio_hw_generic( 1310): Not supplying enough data to HAL, expected position 54845730 , only wrote 54845153
12-09 04:28:43.628 W/audio_hw_generic( 1310): Hardware backing HAL too slow, could only write 0 of 661 frames
12-09 04:28:43.675 W/audio_hw_generic( 1310): Hardware backing HAL too slow, could only write 0 of 661 frames
12-09 04:28:43.699 W/audio_hw_generic( 1310): Hardware backing HAL too slow, could only write 0 of 661 frames
12-09 04:28:43.715 W/audio_hw_generic( 1310): Hardware backing HAL too slow, could only write 0 of 661 frames
12-09 04:28:43.913 W/audio_hw_generic( 1310): Not supplying enough data to HAL, expected position 54857750 , only wrote 54853085
12-09 04:28:43.913 W/audio_hw_generic( 1310): Not supplying enough data to HAL, expected position 54853092 , only wrote 54853085
12-09 04:28:44.003 W/audio_hw_generic( 1310): Not supplying enough data to HAL, expected position 54857048 , only wrote 54853746
12-09 04:28:44.092 I/art     (22599): Background sticky concurrent mark sweep GC freed 41327(1787KB) AllocSpace objects, 1(20KB) LOS objects, 21% free, 3MB/4MB, paused 10.362ms total 107.969ms
12-09 04:28:44.094 W/audio_hw_generic( 1310): Not supplying enough data to HAL, expected position 54857735 , only wrote 54857712
12-09 04:28:44.116 I/System.out(22599): URI: //gesture
12-09 04:28:44.116 I/System.out(22599): params: {json={"query_timeout":5.0,"gestures":[{"query_string":"android.widget.Button index:1","touches":[{"x":50,"y":50,"offset_x":0,"offset_y":0,"wait":0.0,"time":0.2,"release":true,"query_string":null}]}]}
12-09 04:28:44.116 I/System.out(22599): }
12-09 04:28:44.239 W/audio_hw_generic( 1310): Not supplying enough data to HAL, expected position 54864099 , only wrote 54863661
12-09 04:28:44.239 W/audio_hw_generic( 1310): Not supplying enough data to HAL, expected position 54863667 , only wrote 54863661
12-09 04:28:44.259 W/audio_hw_generic( 1310): Not supplying enough data to HAL, expected position 54864536 , only wrote 54864322
12-09 04:28:44.279 W/audio_hw_generic( 1310): Hardware backing HAL too slow, could only write 0 of 661 frames
12-09 04:28:44.299 W/audio_hw_generic( 1310): Hardware backing HAL too slow, could only write 0 of 661 frames
12-09 04:28:44.309 W/audio_hw_generic( 1310): Hardware backing HAL too slow, could only write 0 of 661 frames
12-09 04:28:44.389 I/ActivityManager( 1594): START u0 {cmp=com.evancharlton.mileage/.FillupInfoActivity (has extras)} from uid 10111 on display 0
12-09 04:28:44.434 W/audio_hw_generic( 1310): Not supplying enough data to HAL, expected position 54872037 , only wrote 54871593
12-09 04:28:44.451 W/audio_hw_generic( 1310): Not supplying enough data to HAL, expected position 54872343 , only wrote 54872254
12-09 04:28:44.491 D/AudioFlinger( 1310): mixer(0xf4300000) throttle end: throttle time(15)
12-09 04:28:44.547 I/art     (22599): Background sticky concurrent mark sweep GC freed 35182(1601KB) AllocSpace objects, 2(40KB) LOS objects, 18% free, 3MB/4MB, paused 3.771ms total 115.686ms
12-09 04:28:44.551 W/audio_hw_generic( 1310): Not supplying enough data to HAL, expected position 54876682 , only wrote 54876220
12-09 04:28:44.551 W/audio_hw_generic( 1310): Not supplying enough data to HAL, expected position 54876226 , only wrote 54876220
12-09 04:28:44.598 I/calabash(22599): newActivity1
12-09 04:28:44.995 W/audio_hw_generic( 1310): Hardware backing HAL too slow, could only write 0 of 661 frames
12-09 04:28:44.997 V/PhoneStatusBar( 1702): setLightsOn(true)
12-09 04:28:45.018 I/art     (22599): Background sticky concurrent mark sweep GC freed 14643(775KB) AllocSpace objects, 1(20KB) LOS objects, 21% free, 3MB/4MB, paused 1.032ms total 172.049ms
12-09 04:28:45.100 W/audio_hw_generic( 1310): Not supplying enough data to HAL, expected position 54900408 , only wrote 54899355
12-09 04:28:45.100 W/audio_hw_generic( 1310): Not supplying enough data to HAL, expected position 54899362 , only wrote 54899355
12-09 04:28:45.115 W/audio_hw_generic( 1310): Not supplying enough data to HAL, expected position 54900029 , only wrote 54900016
12-09 04:28:45.123 D/gralloc_ranchu( 1224): gralloc_alloc: Creating ashmem region of size 3686400
12-09 04:28:45.168 W/audio_hw_generic( 1310): Hardware backing HAL too slow, could only write 0 of 661 frames
12-09 04:28:45.220 E/SurfaceFlinger( 1224): ro.sf.lcd_density must be defined as a build property
12-09 04:28:45.278 D/gralloc_ranchu( 1224): gralloc_alloc: Creating ashmem region of size 3686400
12-09 04:28:45.292 W/audio_hw_generic( 1310): Hardware backing HAL too slow, could only write 0 of 661 frames
12-09 04:28:45.310 D/        (22702): HostConnection::get() New Host Connection established 0x7f7919252480, tid 22702
12-09 04:28:45.355 E/EGL_emulation( 1224): tid 1224: eglCreateSyncKHR(1881): error 0x3004 (EGL_BAD_ATTRIBUTE)
12-09 04:28:45.450 W/audio_hw_generic( 1310): Not supplying enough data to HAL, expected position 54914764 , only wrote 54914558
12-09 04:28:45.450 W/audio_hw_generic( 1310): Not supplying enough data to HAL, expected position 54914565 , only wrote 54914558
12-09 04:28:45.465 W/audio_hw_generic( 1310): Not supplying enough data to HAL, expected position 54915234 , only wrote 54915219
12-09 04:28:45.465 W/audio_hw_generic( 1310): Hardware backing HAL too slow, could only write 0 of 661 frames
12-09 04:28:45.468 W/audio_hw_generic( 1310): Hardware backing HAL too slow, could only write 0 of 661 frames
12-09 04:28:45.475 I/ActivityManager( 1594): Displayed com.evancharlton.mileage/.FillupInfoActivity: +1s13ms
12-09 04:28:45.480 W/audio_hw_generic( 1310): Hardware backing HAL too slow, could only write 0 of 661 frames
12-09 04:28:45.504 W/audio_hw_generic( 1310): Hardware backing HAL too slow, could only write 0 of 661 frames
12-09 04:28:45.510 W/audio_hw_generic( 1310): Hardware backing HAL too slow, could only write 0 of 661 frames
12-09 04:28:45.525 W/audio_hw_generic( 1310): Hardware backing HAL too slow, could only write 0 of 661 frames
12-09 04:28:45.532 D/gralloc_ranchu( 1224): gralloc_alloc: Creating ashmem region of size 3686400
12-09 04:28:45.547 W/audio_hw_generic( 1310): Hardware backing HAL too slow, could only write 0 of 661 frames
12-09 04:28:45.555 W/audio_hw_generic( 1310): Hardware backing HAL too slow, could only write 0 of 661 frames
12-09 04:28:45.662 W/audio_hw_generic( 1310): Hardware backing HAL too slow, could only write 0 of 661 frames
12-09 04:28:45.681 W/audio_hw_generic( 1310): Hardware backing HAL too slow, could only write 0 of 661 frames
12-09 04:28:45.691 W/audio_hw_generic( 1310): Hardware backing HAL too slow, could only write 0 of 661 frames
12-09 04:28:45.711 W/audio_hw_generic( 1310): Hardware backing HAL too slow, could only write 0 of 661 frames
12-09 04:28:45.735 W/audio_hw_generic( 1310): Hardware backing HAL too slow, could only write 0 of 661 frames
12-09 04:28:45.751 W/audio_hw_generic( 1310): Hardware backing HAL too slow, could only write 0 of 661 frames
12-09 04:28:45.977 W/audio_hw_generic( 1310): Not supplying enough data to HAL, expected position 54937773 , only wrote 54937693
12-09 04:28:45.977 W/audio_hw_generic( 1310): Not supplying enough data to HAL, expected position 54937700 , only wrote 54937693
12-09 04:28:46.003 W/audio_hw_generic( 1310): Not supplying enough data to HAL, expected position 54938867 , only wrote 54938354
12-09 04:28:46.112 W/audio_hw_generic( 1310): Not supplying enough data to HAL, expected position 54943126 , only wrote 54942981
12-09 04:28:46.112 W/audio_hw_generic( 1310): Not supplying enough data to HAL, expected position 54942988 , only wrote 54942981
12-09 04:28:46.172 W/audio_hw_generic( 1310): Not supplying enough data to HAL, expected position 54944721 , only wrote 54944303
12-09 04:28:46.172 W/audio_hw_generic( 1310): Not supplying enough data to HAL, expected position 54945208 , only wrote 54944964
12-09 04:28:46.172 W/audio_hw_generic( 1310): Not supplying enough data to HAL, expected position 54944969 , only wrote 54944964
12-09 04:28:46.189 W/audio_hw_generic( 1310): Not supplying enough data to HAL, expected position 54945724 , only wrote 54945625
12-09 04:28:46.189 W/audio_hw_generic( 1310): Hardware backing HAL too slow, could only write 0 of 661 frames
12-09 04:28:46.196 W/art     ( 1594): Long monitor contention event with owner method=void com.android.server.wm.WindowAnimator$1.doFrame(long) from WindowAnimator.java:121 waiters=0 for 133ms
12-09 04:28:46.218 W/audio_hw_generic( 1310): Hardware backing HAL too slow, could only write 0 of 661 frames
12-09 04:28:46.235 W/audio_hw_generic( 1310): Hardware backing HAL too slow, could only write 0 of 661 frames
12-09 04:28:46.256 W/audio_hw_generic( 1310): Hardware backing HAL too slow, could only write 0 of 661 frames
12-09 04:28:46.311 W/audio_hw_generic( 1310): Not supplying enough data to HAL, expected position 54951008 , only wrote 54950252
12-09 04:28:46.311 W/audio_hw_generic( 1310): Not supplying enough data to HAL, expected position 54950258 , only wrote 54950252
12-09 04:28:46.352 W/audio_hw_generic( 1310): Not supplying enough data to HAL, expected position 54952027 , only wrote 54950913
12-09 04:28:46.352 W/audio_hw_generic( 1310): Hardware backing HAL too slow, could only write 0 of 661 frames
12-09 04:28:46.392 W/audio_hw_generic( 1310): Hardware backing HAL too slow, could only write 0 of 661 frames
12-09 04:28:46.405 W/audio_hw_generic( 1310): Hardware backing HAL too slow, could only write 0 of 661 frames
12-09 04:28:46.431 W/audio_hw_generic( 1310): Hardware backing HAL too slow, could only write 0 of 661 frames
12-09 04:28:46.492 I/System.out(22599): URI: //map
12-09 04:28:46.492 I/System.out(22599): params: {json={"query":"android.widget.Button index:0","operation":{"method_name":"query","arguments":[]}}
12-09 04:28:46.492 I/System.out(22599): }
12-09 04:28:46.543 W/audio_hw_generic( 1310): Not supplying enough data to HAL, expected position 54959340 , only wrote 54958845
12-09 04:28:46.543 W/audio_hw_generic( 1310): Not supplying enough data to HAL, expected position 54958851 , only wrote 54958845
12-09 04:28:46.559 W/audio_hw_generic( 1310): Not supplying enough data to HAL, expected position 54959542 , only wrote 54959506
12-09 04:28:46.559 W/audio_hw_generic( 1310): Hardware backing HAL too slow, could only write 0 of 661 frames
12-09 04:28:46.559 W/audio_hw_generic( 1310): Hardware backing HAL too slow, could only write 0 of 661 frames
12-09 04:28:46.583 W/audio_hw_generic( 1310): Hardware backing HAL too slow, could only write 0 of 661 frames
12-09 04:28:46.598 W/audio_hw_generic( 1310): Hardware backing HAL too slow, could only write 0 of 661 frames
12-09 04:28:46.652 W/audio_hw_generic( 1310): Not supplying enough data to HAL, expected position 54963634 , only wrote 54962811
12-09 04:28:46.652 W/audio_hw_generic( 1310): Not supplying enough data to HAL, expected position 54962817 , only wrote 54962811
12-09 04:28:46.671 W/audio_hw_generic( 1310): Not supplying enough data to HAL, expected position 54963617 , only wrote 54963472
12-09 04:28:46.707 W/audio_hw_generic( 1310): Not supplying enough data to HAL, expected position 54965057 , only wrote 54964794
12-09 04:28:46.798 W/audio_hw_generic( 1310): Hardware backing HAL too slow, could only write 0 of 661 frames
12-09 04:28:46.815 W/audio_hw_generic( 1310): Hardware backing HAL too slow, could only write 0 of 661 frames
12-09 04:28:46.837 D/gralloc_ranchu( 1224): gralloc_alloc: Creating ashmem region of size 3686400
12-09 04:28:46.935 W/audio_hw_generic( 1310): Not supplying enough data to HAL, expected position 54974854 , only wrote 54974709
12-09 04:28:47.049 W/audio_hw_generic( 1310): Hardware backing HAL too slow, could only write 0 of 661 frames
12-09 04:28:47.065 W/audio_hw_generic( 1310): Hardware backing HAL too slow, could only write 0 of 661 frames
12-09 04:28:47.098 W/audio_hw_generic( 1310): Hardware backing HAL too slow, could only write 0 of 661 frames
12-09 04:28:47.190 I/art     (22599): Background partial concurrent mark sweep GC freed 35456(1738KB) AllocSpace objects, 6(120KB) LOS objects, 39% free, 3MB/5MB, paused 6.335ms total 106.424ms
12-09 04:28:47.223 I/System.out(22599): URI: //gesture
12-09 04:28:47.223 I/System.out(22599): params: {json={"query_timeout":5.0,"gestures":[{"query_string":"android.widget.Button index:0","touches":[{"x":50,"y":50,"offset_x":0,"offset_y":0,"wait":0.0,"time":0.2,"release":true,"query_string":null}]}]}
12-09 04:28:47.223 I/System.out(22599): }
12-09 04:28:47.580 W/audio_hw_generic( 1310): Not supplying enough data to HAL, expected position 55028779 , only wrote 55001149
12-09 04:28:47.638 I/ActivityManager( 1594): START u0 {cmp=com.evancharlton.mileage/.FillupInfoActivity (has extras)} from uid 10111 on display 0
12-09 04:28:47.719 W/audio_hw_generic( 1310): Hardware backing HAL too slow, could only write 0 of 661 frames
12-09 04:28:47.727 W/audio_hw_generic( 1310): Hardware backing HAL too slow, could only write 0 of 661 frames
12-09 04:28:47.810 D/AudioFlinger( 1310): mixer(0xf4300000) throttle end: throttle time(12)
12-09 04:28:47.827 W/audio_hw_generic( 1310): Hardware backing HAL too slow, could only write 0 of 661 frames
12-09 04:28:47.847 W/audio_hw_generic( 1310): Hardware backing HAL too slow, could only write 0 of 661 frames
12-09 04:28:47.874 I/calabash(22599): newActivity1
12-09 04:28:47.914 W/audio_hw_generic( 1310): Not supplying enough data to HAL, expected position 55012132 , only wrote 55011725
12-09 04:28:47.914 W/audio_hw_generic( 1310): Not supplying enough data to HAL, expected position 55011737 , only wrote 55011725
12-09 04:28:47.933 W/audio_hw_generic( 1310): Not supplying enough data to HAL, expected position 55012580 , only wrote 55012386
12-09 04:28:48.033 W/audio_hw_generic( 1310): Not supplying enough data to HAL, expected position 55016774 , only wrote 55015691
12-09 04:28:48.033 W/audio_hw_generic( 1310): Not supplying enough data to HAL, expected position 55015698 , only wrote 55015691
12-09 04:28:48.055 W/audio_hw_generic( 1310): Not supplying enough data to HAL, expected position 55016663 , only wrote 55016352
12-09 04:28:48.136 I/art     (22599): Background sticky concurrent mark sweep GC freed 57645(2MB) AllocSpace objects, 4(80KB) LOS objects, 48% free, 3MB/5MB, paused 1.431ms total 157.096ms
12-09 04:28:48.173 V/PhoneStatusBar( 1702): setLightsOn(true)
12-09 04:28:48.212 D/gralloc_ranchu( 1224): gralloc_alloc: Creating ashmem region of size 3686400
12-09 04:28:48.215 E/SurfaceFlinger( 1224): ro.sf.lcd_density must be defined as a build property
12-09 04:28:48.305 D/gralloc_ranchu( 1224): gralloc_alloc: Creating ashmem region of size 3686400
12-09 04:28:48.377 D/        (22709): HostConnection::get() New Host Connection established 0x7fb47d112480, tid 22709
12-09 04:28:48.436 E/EGL_emulation( 1224): tid 1224: eglCreateSyncKHR(1881): error 0x3004 (EGL_BAD_ATTRIBUTE)
12-09 04:28:48.466 I/ActivityManager( 1594): Displayed com.evancharlton.mileage/.FillupInfoActivity: +809ms
12-09 04:28:48.476 D/gralloc_ranchu( 1224): gralloc_alloc: Creating ashmem region of size 3686400
12-09 04:28:48.779 W/audio_hw_generic( 1310): Not supplying enough data to HAL, expected position 55048284 , only wrote 55048080
12-09 04:28:49.009 W/audio_hw_generic( 1310): Not supplying enough data to HAL, expected position 55058224 , only wrote 55057995
12-09 04:28:49.056 W/art     ( 1594): Long monitor contention event with owner method=void com.android.server.wm.WindowAnimator$1.doFrame(long) from WindowAnimator.java:121 waiters=1 for 135ms
12-09 04:28:49.201 W/audio_hw_generic( 1310): Not supplying enough data to HAL, expected position 55066444 , only wrote 55065927
12-09 04:28:49.201 W/audio_hw_generic( 1310): Not supplying enough data to HAL, expected position 55065934 , only wrote 55065927
12-09 04:28:49.235 W/audio_hw_generic( 1310): Not supplying enough data to HAL, expected position 55067432 , only wrote 55066588
12-09 04:28:49.348 W/audio_hw_generic( 1310): Not supplying enough data to HAL, expected position 55071585 , only wrote 55070554
12-09 04:28:49.407 W/audio_hw_generic( 1310): Hardware backing HAL too slow, could only write 0 of 661 frames
12-09 04:28:49.412 W/audio_hw_generic( 1310): Hardware backing HAL too slow, could only write 0 of 661 frames
12-09 04:28:49.437 W/audio_hw_generic( 1310): Hardware backing HAL too slow, could only write 0 of 661 frames
12-09 04:28:49.448 W/audio_hw_generic( 1310): Hardware backing HAL too slow, could only write 0 of 661 frames
12-09 04:28:49.509 D/gralloc_ranchu( 1224): gralloc_alloc: Creating ashmem region of size 3686400
12-09 04:28:50.020 D/AndroidRuntime(22714): >>>>>> START com.android.internal.os.RuntimeInit uid 0 <<<<<<
12-09 04:28:50.021 D/AndroidRuntime(22714): CheckJNI is ON
12-09 04:28:50.056 D/ICU     (22714): No timezone override file found: /data/misc/zoneinfo/current/icu/icu_tzdata.dat
12-09 04:28:50.161 W/audio_hw_generic( 1310): Not supplying enough data to HAL, expected position 55106390 , only wrote 55105587
12-09 04:28:50.161 W/audio_hw_generic( 1310): Not supplying enough data to HAL, expected position 55105594 , only wrote 55105587
12-09 04:28:50.187 W/audio_hw_generic( 1310): Not supplying enough data to HAL, expected position 55106730 , only wrote 55106248
12-09 04:28:50.263 W/audio_hw_generic( 1310): Not supplying enough data to HAL, expected position 55109602 , only wrote 55109553
12-09 04:28:50.263 W/audio_hw_generic( 1310): Not supplying enough data to HAL, expected position 55109560 , only wrote 55109553
12-09 04:28:50.283 W/audio_hw_generic( 1310): Not supplying enough data to HAL, expected position 55110404 , only wrote 55110214
12-09 04:28:50.331 E/memtrack(22714): Couldn't load memtrack module (No such file or directory)
12-09 04:28:50.332 E/android.os.Debug(22714): failed to load memtrack module: -2
12-09 04:28:50.365 I/Radio-JNI(22714): register_android_hardware_Radio DONE
12-09 04:28:50.411 D/AndroidRuntime(22714): Calling main entry com.android.commands.input.Input
12-09 04:28:50.421 I/Input   (22714): injectKeyEvent: KeyEvent { action=ACTION_DOWN, keyCode=KEYCODE_BACK, scanCode=0, metaState=0, flags=0x0, repeatCount=0, eventTime=5189536, downTime=5189536, deviceId=-1, source=0x101 }
12-09 04:28:50.511 I/Input   (22714): injectKeyEvent: KeyEvent { action=ACTION_UP, keyCode=KEYCODE_BACK, scanCode=0, metaState=0, flags=0x0, repeatCount=0, eventTime=5189536, downTime=5189536, deviceId=-1, source=0x101 }
12-09 04:28:50.575 W/audio_hw_generic( 1310): Not supplying enough data to HAL, expected position 55123109 , only wrote 55122773
12-09 04:28:50.575 W/audio_hw_generic( 1310): Not supplying enough data to HAL, expected position 55122779 , only wrote 55122773
12-09 04:28:50.578 D/AndroidRuntime(22714): Shutting down VM
12-09 04:28:50.590 W/ActivityManager( 1594): Bad activity token: android.os.BinderProxy@68b6892
12-09 04:28:50.590 W/ActivityManager( 1594): java.lang.ClassCastException: android.os.BinderProxy cannot be cast to com.android.server.am.ActivityRecord$Token
12-09 04:28:50.590 W/ActivityManager( 1594): 	at com.android.server.am.ActivityRecord.forTokenLocked(ActivityRecord.java:424)
12-09 04:28:50.590 W/ActivityManager( 1594): 	at com.android.server.am.ActivityRecord.isInStackLocked(ActivityRecord.java:1121)
12-09 04:28:50.590 W/ActivityManager( 1594): 	at com.android.server.am.ActivityManagerService.getActivityOptions(ActivityManagerService.java:11038)
