--------- beginning of main
12-09 08:30:58.280 D/AndroidRuntime(18424): >>>>>> START com.android.internal.os.RuntimeInit uid 0 <<<<<<
12-09 08:30:58.297 D/AndroidRuntime(18424): CheckJNI is ON
12-09 08:30:58.310 D/ICU     (18424): No timezone override file found: /data/misc/zoneinfo/current/icu/icu_tzdata.dat
12-09 08:30:58.492 E/memtrack(18424): Couldn't load memtrack module (No such file or directory)
12-09 08:30:58.507 E/android.os.Debug(18424): failed to load memtrack module: -2
12-09 08:30:58.509 I/Radio-JNI(18424): register_android_hardware_Radio DONE
12-09 08:30:58.523 D/AndroidRuntime(18424): Calling main entry com.android.commands.am.Am
--------- beginning of system
12-09 08:30:58.564 I/ActivityManager( 1592): Force stopping com.evancharlton.mileage appid=10139 user=0: start instr
12-09 08:30:58.571 I/ActivityManager( 1592): Start proc 18433:com.evancharlton.mileage/u0a139 for added application com.evancharlton.mileage
12-09 08:30:58.571 D/AndroidRuntime(18424): Shutting down VM
12-09 08:30:58.796 W/art     (18433): Suspending all threads took: 99.606ms
12-09 08:30:58.881 I/art     (18433): Background sticky concurrent mark sweep GC freed 11909(428KB) AllocSpace objects, 0(0B) LOS objects, 72% free, 359KB/1298KB, paused 104.756ms total 298.779ms
12-09 08:30:59.013 W/System  (18433): ClassLoader referenced unknown path: /data/app/com.evancharlton.mileage.test-1/lib/x86_64
12-09 08:30:59.013 W/System  (18433): ClassLoader referenced unknown path: /data/app/com.evancharlton.mileage-1/lib/x86_64
12-09 08:30:59.052 I/System.out(18433): Main activity name automatically set to: com.evancharlton.mileage.Mileage
12-09 08:30:59.060 I/System.out(18433): Calabash did not load Mono. This is only a problem if you are trying to test a Mono application
12-09 08:30:59.060 I/calabash(18433): Test server port: 7102
12-09 08:30:59.061 I/InstrumentationBackend(18433): Added:'GetPreferences', with key:'get_preferences'
12-09 08:30:59.144 I/InstrumentationBackend(18433): Added:'SetPreferences', with key:'set_preferences'
12-09 08:30:59.144 I/InstrumentationBackend(18433): Added:'ClearPreferences', with key:'clear_preferences'
12-09 08:30:59.144 I/InstrumentationBackend(18433): Added:'PressElement', with key:'press_l10n_element'
12-09 08:30:59.144 I/InstrumentationBackend(18433): Added:'WaitForElement', with key:'wait_for_l10n_element'
12-09 08:30:59.145 I/InstrumentationBackend(18433): Added:'NullAction', with key:'nullAction'
12-09 08:30:59.145 I/InstrumentationBackend(18433): Added:'PressKey', with key:'press_key'
12-09 08:30:59.146 I/InstrumentationBackend(18433): Added:'SetActivityOrientation', with key:'set_activity_orientation'
12-09 08:30:59.146 I/InstrumentationBackend(18433): Added:'GetActivityOrientation', with key:'get_activity_orientation'
12-09 08:30:59.151 I/InstrumentationBackend(18433): Added:'FakeGPSLocation', with key:'set_gps_coordinates'
12-09 08:30:59.151 I/InstrumentationBackend(18433): Added:'SetPropertyByCssSelector', with key:'set_property_by_css_selector'
12-09 08:30:59.151 I/InstrumentationBackend(18433): Added:'GetUrl', with key:'get_url'
12-09 08:30:59.176 I/InstrumentationBackend(18433): Added:'ScrollTo', with key:'scroll_to'
12-09 08:30:59.176 I/InstrumentationBackend(18433): Added:'GetLoadProgress', with key:'get_load_progress'
12-09 08:30:59.176 I/InstrumentationBackend(18433): Added:'DumpHtml', with key:'dump_html'
12-09 08:30:59.177 I/InstrumentationBackend(18433): Added:'DumpBodyHtml', with key:'dump_body_html'
12-09 08:30:59.177 I/InstrumentationBackend(18433): Added:'EnterTextByCssSelector', with key:'enter_text_by_selector'
12-09 08:30:59.178 I/InstrumentationBackend(18433): Added:'AndroidSDKVersion', with key:'android_sdk_version'
12-09 08:30:59.178 I/InstrumentationBackend(18433): Added:'Version', with key:'version'
12-09 08:30:59.178 I/InstrumentationBackend(18433): Added:'Drag', with key:'drag'
12-09 08:30:59.178 I/InstrumentationBackend(18433): Added:'TouchCoordinates', with key:'touch_coordinate'
12-09 08:30:59.178 I/InstrumentationBackend(18433): Added:'LongPressCoordinate', with key:'long_press_coordinate'
12-09 08:30:59.178 I/InstrumentationBackend(18433): Added:'DragCoordinates', with key:'drag_coordinates'
12-09 08:30:59.179 I/InstrumentationBackend(18433): Added:'ResumeApplication', with key:'resume_application'
12-09 08:30:59.191 I/InstrumentationBackend(18433): Added:'Swipe', with key:'swipe'
12-09 08:30:59.191 I/InstrumentationBackend(18433): Added:'DoubleTapCoordinate', with key:'double_tap_coordinate'
12-09 08:30:59.191 I/InstrumentationBackend(18433): Added:'ClickOnScreen', with key:'click_on_screen'
12-09 08:30:59.192 I/InstrumentationBackend(18433): Added:'GetActivityName', with key:'get_activity_name'
12-09 08:30:59.192 I/InstrumentationBackend(18433): Added:'ScrollToView', with key:'scroll_to_view'
12-09 08:30:59.192 I/InstrumentationBackend(18433): Added:'ViewConfiguration', with key:'view_configuration'
12-09 08:30:59.192 I/InstrumentationBackend(18433): Added:'IsCurrentActivityFocused', with key:'is_current_activity_focused'
12-09 08:30:59.193 I/InstrumentationBackend(18433): Added:'SendTcp', with key:'send_tcp'
12-09 08:30:59.193 I/InstrumentationBackend(18433): Added:'DpToDevicePixel', with key:'dp_to_device_pixel'
12-09 08:30:59.200 I/InstrumentationBackend(18433): Added:'KeyboardEnterText', with key:'keyboard_enter_text'
12-09 08:30:59.200 I/InstrumentationBackend(18433): Added:'DeleteSurroundingText', with key:'delete_surrounding_text'
12-09 08:30:59.200 I/InstrumentationBackend(18433): Added:'SetComposingRegion', with key:'set_composing_region'
12-09 08:30:59.201 I/InstrumentationBackend(18433): Added:'SetSelection', with key:'set_selection'
12-09 08:30:59.201 I/InstrumentationBackend(18433): Added:'KeyboardKeyEvent', with key:'keyboard_key_event'
12-09 08:30:59.201 I/InstrumentationBackend(18433): Added:'PressUserActionButton', with key:'press_user_action_button'
12-09 08:30:59.202 I/InstrumentationBackend(18433): Added:'HideSoftKeyboard', with key:'hide_soft_keyboard'
12-09 08:30:59.202 I/InstrumentationBackend(18433): Added:'ListActions', with key:'list_actions'
12-09 08:30:59.235 I/calabash(18433): Instantiating http server at 7102
12-09 08:30:59.323 I/System.out(18433): HTTP Daemon listening on: 7102
12-09 08:30:59.583 I/art     (18433): Background partial concurrent mark sweep GC freed 3856(380KB) AllocSpace objects, 1(20KB) LOS objects, 50% free, 1004KB/2028KB, paused 1.136ms total 443.297ms
12-09 08:30:59.613 I/System.out(18433): URI: //ping
12-09 08:30:59.636 I/System.out(18433): params: {json={}
12-09 08:30:59.636 I/System.out(18433): }
12-09 08:30:59.709 I/System.out(18433): URI: //ping
12-09 08:30:59.709 I/System.out(18433): params: {json={}
12-09 08:30:59.709 I/System.out(18433): }
12-09 08:30:59.768 I/System.out(18433): URI: //ready
12-09 08:30:59.768 I/System.out(18433): params: {json={}
12-09 08:30:59.768 I/System.out(18433): }
12-09 08:30:59.836 I/System.out(18433): URI: //
12-09 08:30:59.836 I/System.out(18433): params: {json={"command":"version","arguments":[]}
12-09 08:30:59.836 I/System.out(18433): }
12-09 08:30:59.836 I/System.out(18433): header: {date=Sun, 09 Dec 2018 08:31:00 GMT, accept=*/*, content-length=36, host=127.0.0.1:34777, user-agent=HTTPClient/1.0 (2.8.3, ruby 2.3.1 (2016-04-26)), content-type=application/json;charset=utf-8}
12-09 08:30:59.836 I/System.out(18433): params: {json={"command":"version","arguments":[]}
12-09 08:30:59.836 I/System.out(18433): }
12-09 08:30:59.837 I/System.out(18433): ProP json = {"command":"version","arguments":[]}
12-09 08:30:59.837 I/System.out(18433): files: {}
12-09 08:30:59.837 I/System.out(18433): command: {"command":"version","arguments":[]}
12-09 08:30:59.862 I/InstrumentationBackend(18433): Got command:'Command:'Line:null,version', arguments:'[]'
12-09 08:30:59.911 I/System.out(18433): result:{"bonusInformation":[],"message":"0.9.8","success":true}
12-09 08:30:59.996 I/System.out(18433): URI: //start-application
12-09 08:30:59.996 I/System.out(18433): params: {json={"intent":null}
12-09 08:30:59.996 I/System.out(18433): }
12-09 08:31:00.057 W/art     (18433): Suspending all threads took: 6.163ms
12-09 08:31:00.082 I/art     (18433): Background sticky concurrent mark sweep GC freed 23571(1080KB) AllocSpace objects, 2(40KB) LOS objects, 23% free, 1553KB/2028KB, paused 7.525ms total 72.075ms
12-09 08:31:00.173 I/ActivityManager( 1592): START u0 {act=android.intent.action.MAIN cat=[android.intent.category.LAUNCHER] flg=0x10200000 cmp=com.evancharlton.mileage/.Mileage} from uid 10139 on display 0
12-09 08:31:00.400 I/calabash(18433): newActivity1
12-09 08:31:00.468 I/calabash(18433): newActivity1
12-09 08:31:00.470 W/ActivityManager( 1592): Bad activity token: android.os.BinderProxy@6c864cb
12-09 08:31:00.470 W/ActivityManager( 1592): java.lang.ClassCastException: android.os.BinderProxy cannot be cast to com.android.server.am.ActivityRecord$Token
12-09 08:31:00.470 W/ActivityManager( 1592): 	at com.android.server.am.ActivityRecord.forTokenLocked(ActivityRecord.java:424)
12-09 08:31:00.470 W/ActivityManager( 1592): 	at com.android.server.am.ActivityRecord.isInStackLocked(ActivityRecord.java:1121)
12-09 08:31:00.470 W/ActivityManager( 1592): 	at com.android.server.am.ActivityRecord.getStackLocked(ActivityRecord.java:1126)
12-09 08:31:00.470 W/ActivityManager( 1592): 	at com.android.server.am.ActivityManagerService.getActivityDisplayId(ActivityManagerService.java:8889)
12-09 08:31:00.470 W/ActivityManager( 1592): 	at android.app.ActivityManagerNative.onTransact(ActivityManagerNative.java:2338)
12-09 08:31:00.470 W/ActivityManager( 1592): 	at com.android.server.am.ActivityManagerService.onTransact(ActivityManagerService.java:2443)
12-09 08:31:00.470 W/ActivityManager( 1592): 	at android.os.Binder.execTransact(Binder.java:453)
12-09 08:31:00.481 W/ActivityManager( 1592): Bad activity token: android.os.BinderProxy@6c864cb
12-09 08:31:00.481 W/ActivityManager( 1592): java.lang.ClassCastException: android.os.BinderProxy cannot be cast to com.android.server.am.ActivityRecord$Token
12-09 08:31:00.481 W/ActivityManager( 1592): 	at com.android.server.am.ActivityRecord.forTokenLocked(ActivityRecord.java:424)
12-09 08:31:00.481 W/ActivityManager( 1592): 	at com.android.server.am.ActivityRecord.isInStackLocked(ActivityRecord.java:1121)
12-09 08:31:00.481 W/ActivityManager( 1592): 	at com.android.server.am.ActivityManagerService.setTaskDescription(ActivityManagerService.java:8547)
12-09 08:31:00.481 W/ActivityManager( 1592): 	at android.app.ActivityManagerNative.onTransact(ActivityManagerNative.java:2410)
12-09 08:31:00.481 W/ActivityManager( 1592): 	at com.android.server.am.ActivityManagerService.onTransact(ActivityManagerService.java:2443)
12-09 08:31:00.481 W/ActivityManager( 1592): 	at android.os.Binder.execTransact(Binder.java:453)
12-09 08:31:00.545 I/art     (18433): Background sticky concurrent mark sweep GC freed 4475(352KB) AllocSpace objects, 0(0B) LOS objects, 18% free, 1656KB/2028KB, paused 19.350ms total 58.631ms
12-09 08:31:00.680 D/gralloc_ranchu( 1224): gralloc_alloc: Creating ashmem region of size 3686400
12-09 08:31:00.723 W/ActivityManager( 1592): Bad activity token: android.os.BinderProxy@6c864cb
12-09 08:31:00.723 W/ActivityManager( 1592): java.lang.ClassCastException: android.os.BinderProxy cannot be cast to com.android.server.am.ActivityRecord$Token
12-09 08:31:00.723 W/ActivityManager( 1592): 	at com.android.server.am.ActivityRecord.forTokenLocked(ActivityRecord.java:424)
12-09 08:31:00.723 W/ActivityManager( 1592): 	at com.android.server.am.ActivityRecord.isInStackLocked(ActivityRecord.java:1121)
12-09 08:31:00.723 W/ActivityManager( 1592): 	at com.android.server.am.ActivityManagerService.getActivityOptions(ActivityManagerService.java:11038)
12-09 08:31:00.723 W/ActivityManager( 1592): 	at android.app.ActivityManagerNative.onTransact(ActivityManagerNative.java:1734)
12-09 08:31:00.723 W/ActivityManager( 1592): 	at com.android.server.am.ActivityManagerService.onTransact(ActivityManagerService.java:2443)
12-09 08:31:00.723 W/ActivityManager( 1592): 	at android.os.Binder.execTransact(Binder.java:453)
12-09 08:31:00.724 W/ActivityManager( 1592): Bad activity token: android.os.BinderProxy@6c864cb
12-09 08:31:00.724 W/ActivityManager( 1592): java.lang.ClassCastException: android.os.BinderProxy cannot be cast to com.android.server.am.ActivityRecord$Token
12-09 08:31:00.724 W/ActivityManager( 1592): 	at com.android.server.am.ActivityRecord.forTokenLocked(ActivityRecord.java:424)
12-09 08:31:00.724 W/ActivityManager( 1592): 	at com.android.server.am.ActivityRecord.isInStackLocked(ActivityRecord.java:1121)
12-09 08:31:00.724 W/ActivityManager( 1592): 	at com.android.server.am.ActivityManagerService.getActivityOptions(ActivityManagerService.java:11038)
12-09 08:31:00.724 W/ActivityManager( 1592): 	at android.app.ActivityManagerNative.onTransact(ActivityManagerNative.java:1734)
12-09 08:31:00.724 W/ActivityManager( 1592): 	at com.android.server.am.ActivityManagerService.onTransact(ActivityManagerService.java:2443)
12-09 08:31:00.724 W/ActivityManager( 1592): 	at android.os.Binder.execTransact(Binder.java:453)
12-09 08:31:00.832 V/PhoneStatusBar( 3051): setLightsOn(true)
12-09 08:31:00.978 D/EGL_emulation( 1933): eglMakeCurrent: 0x7f28c5d61aa0: ver 2 0 (tinfo 0x7f28c5d42860)
12-09 08:31:00.980 W/art     ( 1592): Long monitor contention event with owner method=void com.android.server.wm.WindowAnimator$1.doFrame(long) from WindowAnimator.java:121 waiters=0 for 135ms
12-09 08:31:00.983 E/Surface ( 1933): getSlotFromBufferLocked: unknown buffer: 0x7f28c1ba5060
12-09 08:31:01.388 W/art     ( 1592): Long monitor contention event with owner method=void com.android.server.wm.WindowAnimator$1.doFrame(long) from WindowAnimator.java:121 waiters=0 for 107ms
12-09 08:31:01.777 W/art     ( 1592): Long monitor contention event with owner method=void com.android.server.wm.WindowAnimator$1.doFrame(long) from WindowAnimator.java:121 waiters=1 for 101ms
12-09 08:31:01.777 W/art     ( 1592): Long monitor contention event with owner method=java.util.List com.android.server.am.ActivityManagerService.getAllStackInfos() from ActivityManagerService.java:8937 waiters=0 for 358ms
12-09 08:31:01.781 I/Choreographer(18433): Skipped 36 frames!  The application may be doing too much work on its main thread.
12-09 08:31:01.782 D/gralloc_ranchu( 1224): gralloc_alloc: Creating ashmem region of size 3686400
12-09 08:31:01.833 D/        (18433): HostConnection::get() New Host Connection established 0x7f28c239d580, tid 18433
12-09 08:31:01.904 I/ActivityManager( 1592): Displayed com.evancharlton.mileage/.Mileage: +1s521ms
12-09 08:31:01.986 D/gralloc_ranchu( 1224): gralloc_alloc: Creating ashmem region of size 3686400
12-09 08:31:02.443 D/gralloc_ranchu( 1224): gralloc_alloc: Creating ashmem region of size 3686400
12-09 08:31:03.411 I/System.out(18433): URI: //map
12-09 08:31:03.411 I/System.out(18433): params: {json={"query":"android.widget.EditText id:'price'","operation":{"method_name":"query","arguments":[]}}
12-09 08:31:03.411 I/System.out(18433): }
12-09 08:31:03.492 I/art     (18433): Background sticky concurrent mark sweep GC freed 25556(1169KB) AllocSpace objects, 2(40KB) LOS objects, 31% free, 2MB/3MB, paused 5.309ms total 76.995ms
12-09 08:31:03.504 W/ResourceType(18433): No package identifier when getting name for resource number 0x00000001
12-09 08:31:03.695 I/art     (18433): Background sticky concurrent mark sweep GC freed 33059(1551KB) AllocSpace objects, 1(20KB) LOS objects, 26% free, 2MB/3MB, paused 934us total 163.251ms
12-09 08:31:03.696 I/System.out(18433): URI: //gesture
12-09 08:31:03.703 I/System.out(18433): params: {json={"query_timeout":5.0,"gestures":[{"query_string":"android.widget.EditText id:'price'","touches":[{"x":50,"y":50,"offset_x":0,"offset_y":0,"wait":0.0,"time":0.2,"release":true,"query_string":null}]}]}
12-09 08:31:03.703 I/System.out(18433): }
12-09 08:31:03.716 W/ResourceType(18433): No package identifier when getting name for resource number 0x00000001
12-09 08:31:04.150 I/LatinIME( 1862): Starting input. Cursor position = 0,0
12-09 08:31:04.282 I/art     (18433): Background partial concurrent mark sweep GC freed 18088(1004KB) AllocSpace objects, 2(40KB) LOS objects, 39% free, 2MB/3MB, paused 4.968ms total 124.111ms
12-09 08:31:04.604 D/EGL_emulation( 1862): eglMakeCurrent: 0x7f28ba1c4220: ver 2 0 (tinfo 0x7f28ba1d96a0)
12-09 08:31:04.775 I/System.out(18433): URI: //
12-09 08:31:04.775 I/System.out(18433): params: {json={"command":"set_selection","arguments":[-1,-1]}
12-09 08:31:04.775 I/System.out(18433): }
12-09 08:31:04.775 I/System.out(18433): header: {date=Sun, 09 Dec 2018 08:31:05 GMT, accept=*/*, content-length=47, host=127.0.0.1:34777, user-agent=HTTPClient/1.0 (2.8.3, ruby 2.3.1 (2016-04-26)), content-type=application/json;charset=utf-8}
12-09 08:31:04.775 I/System.out(18433): params: {json={"command":"set_selection","arguments":[-1,-1]}
12-09 08:31:04.775 I/System.out(18433): }
12-09 08:31:04.775 I/System.out(18433): ProP json = {"command":"set_selection","arguments":[-1,-1]}
12-09 08:31:04.776 I/System.out(18433): files: {}
12-09 08:31:04.776 I/System.out(18433): command: {"command":"set_selection","arguments":[-1,-1]}
12-09 08:31:04.777 I/InstrumentationBackend(18433): Got command:'Command:'Line:null,set_selection', arguments:'[-1, -1]'
12-09 08:31:04.818 I/System.out(18433): result:{"bonusInformation":[],"message":"","success":true}
12-09 08:31:05.100 I/System.out(18433): URI: //
12-09 08:31:05.100 I/System.out(18433): params: {json={"command":"keyboard_enter_text","arguments":["98879898249712372391"]}
12-09 08:31:05.100 I/System.out(18433): }
12-09 08:31:05.100 I/System.out(18433): header: {date=Sun, 09 Dec 2018 08:31:05 GMT, accept=*/*, content-length=70, host=127.0.0.1:34777, user-agent=HTTPClient/1.0 (2.8.3, ruby 2.3.1 (2016-04-26)), content-type=application/json;charset=utf-8}
12-09 08:31:05.100 I/System.out(18433): params: {json={"command":"keyboard_enter_text","arguments":["98879898249712372391"]}
12-09 08:31:05.100 I/System.out(18433): }
12-09 08:31:05.100 I/System.out(18433): ProP json = {"command":"keyboard_enter_text","arguments":["98879898249712372391"]}
12-09 08:31:05.100 I/System.out(18433): files: {}
12-09 08:31:05.100 I/System.out(18433): command: {"command":"keyboard_enter_text","arguments":["98879898249712372391"]}
12-09 08:31:05.101 I/InstrumentationBackend(18433): Got command:'Command:'Line:null,keyboard_enter_text', arguments:'[98879898249712372391]'
12-09 08:31:05.112 E/SpannableStringBuilder(18433): SPAN_EXCLUSIVE_EXCLUSIVE spans cannot have a zero length
12-09 08:31:05.112 E/SpannableStringBuilder(18433): SPAN_EXCLUSIVE_EXCLUSIVE spans cannot have a zero length
12-09 08:31:05.322 E/SpannableStringBuilder(18433): SPAN_EXCLUSIVE_EXCLUSIVE spans cannot have a zero length
12-09 08:31:05.322 E/SpannableStringBuilder(18433): SPAN_EXCLUSIVE_EXCLUSIVE spans cannot have a zero length
12-09 08:31:05.369 I/System.out(18433): result:{"bonusInformation":[],"message":"","success":true}
12-09 08:31:05.473 I/art     (18433): Background sticky concurrent mark sweep GC freed 28101(1275KB) AllocSpace objects, 5(100KB) LOS objects, 35% free, 2MB/3MB, paused 7.805ms total 108.719ms
12-09 08:31:06.000 E/SurfaceFlinger( 1224): ro.sf.lcd_density must be defined as a build property
12-09 08:31:06.001 D/gralloc_ranchu( 1224): gralloc_alloc: Creating ashmem region of size 3686400
12-09 08:31:06.006 I/Choreographer( 1862): Skipped 30 frames!  The application may be doing too much work on its main thread.
12-09 08:31:06.046 D/        (18465): HostConnection::get() New Host Connection established 0x7f84f1892480, tid 18465
12-09 08:31:06.061 E/EGL_emulation( 1224): tid 1224: eglCreateSyncKHR(1881): error 0x3004 (EGL_BAD_ATTRIBUTE)
12-09 08:31:07.075 I/System.out(18433): URI: //map
12-09 08:31:07.075 I/System.out(18433): params: {json={"query":"android.widget.EditText id:'volume'","operation":{"method_name":"query","arguments":[]}}
12-09 08:31:07.075 I/System.out(18433): }
12-09 08:31:07.112 W/ResourceType(18433): No package identifier when getting name for resource number 0x00000001
12-09 08:31:07.392 I/System.out(18433): URI: //gesture
12-09 08:31:07.392 I/System.out(18433): params: {json={"query_timeout":5.0,"gestures":[{"query_string":"android.widget.EditText id:'volume'","touches":[{"x":50,"y":50,"offset_x":0,"offset_y":0,"wait":0.0,"time":0.2,"release":true,"query_string":null}]}]}
12-09 08:31:07.392 I/System.out(18433): }
12-09 08:31:07.396 I/art     (18433): Background sticky concurrent mark sweep GC freed 45032(2038KB) AllocSpace objects, 3(60KB) LOS objects, 30% free, 2MB/3MB, paused 928us total 219.198ms
12-09 08:31:07.492 W/ResourceType(18433): No package identifier when getting name for resource number 0x00000001
12-09 08:31:07.820 I/LatinIME( 1862): Starting input. Cursor position = 0,0
12-09 08:31:08.044 I/art     (18433): Background sticky concurrent mark sweep GC freed 44695(2027KB) AllocSpace objects, 2(40KB) LOS objects, 30% free, 2MB/3MB, paused 1.037ms total 102.966ms
12-09 08:31:08.534 I/System.out(18433): URI: //
12-09 08:31:08.534 I/System.out(18433): params: {json={"command":"set_selection","arguments":[-1,-1]}
12-09 08:31:08.534 I/System.out(18433): }
12-09 08:31:08.534 I/System.out(18433): header: {date=Sun, 09 Dec 2018 08:31:09 GMT, accept=*/*, content-length=47, host=127.0.0.1:34777, user-agent=HTTPClient/1.0 (2.8.3, ruby 2.3.1 (2016-04-26)), content-type=application/json;charset=utf-8}
12-09 08:31:08.534 I/System.out(18433): params: {json={"command":"set_selection","arguments":[-1,-1]}
12-09 08:31:08.534 I/System.out(18433): }
12-09 08:31:08.534 I/System.out(18433): ProP json = {"command":"set_selection","arguments":[-1,-1]}
12-09 08:31:08.535 I/System.out(18433): files: {}
12-09 08:31:08.535 I/System.out(18433): command: {"command":"set_selection","arguments":[-1,-1]}
12-09 08:31:08.537 I/InstrumentationBackend(18433): Got command:'Command:'Line:null,set_selection', arguments:'[-1, -1]'
12-09 08:31:08.542 I/System.out(18433): result:{"bonusInformation":[],"message":"","success":true}
12-09 08:31:08.660 I/System.out(18433): URI: //
12-09 08:31:08.660 I/System.out(18433): params: {json={"command":"keyboard_enter_text","arguments":["98879891284721092831"]}
12-09 08:31:08.660 I/System.out(18433): }
12-09 08:31:08.660 I/System.out(18433): header: {date=Sun, 09 Dec 2018 08:31:09 GMT, accept=*/*, content-length=70, host=127.0.0.1:34777, user-agent=HTTPClient/1.0 (2.8.3, ruby 2.3.1 (2016-04-26)), content-type=application/json;charset=utf-8}
12-09 08:31:08.660 I/System.out(18433): params: {json={"command":"keyboard_enter_text","arguments":["98879891284721092831"]}
12-09 08:31:08.660 I/System.out(18433): }
12-09 08:31:08.660 I/System.out(18433): ProP json = {"command":"keyboard_enter_text","arguments":["98879891284721092831"]}
12-09 08:31:08.660 I/System.out(18433): files: {}
12-09 08:31:08.660 I/System.out(18433): command: {"command":"keyboard_enter_text","arguments":["98879891284721092831"]}
12-09 08:31:08.661 I/InstrumentationBackend(18433): Got command:'Command:'Line:null,keyboard_enter_text', arguments:'[98879891284721092831]'
12-09 08:31:08.661 E/SpannableStringBuilder(18433): SPAN_EXCLUSIVE_EXCLUSIVE spans cannot have a zero length
12-09 08:31:08.662 E/SpannableStringBuilder(18433): SPAN_EXCLUSIVE_EXCLUSIVE spans cannot have a zero length
12-09 08:31:08.721 E/SpannableStringBuilder(18433): SPAN_EXCLUSIVE_EXCLUSIVE spans cannot have a zero length
12-09 08:31:08.721 E/SpannableStringBuilder(18433): SPAN_EXCLUSIVE_EXCLUSIVE spans cannot have a zero length
12-09 08:31:08.726 I/System.out(18433): result:{"bonusInformation":[],"message":"","success":true}
12-09 08:31:09.004 I/art     (18433): Background sticky concurrent mark sweep GC freed 27643(1258KB) AllocSpace objects, 5(100KB) LOS objects, 28% free, 2MB/3MB, paused 940us total 276.098ms
12-09 08:31:09.316 E/SurfaceFlinger( 1224): ro.sf.lcd_density must be defined as a build property
12-09 08:31:09.317 D/gralloc_ranchu( 1224): gralloc_alloc: Creating ashmem region of size 3686400
12-09 08:31:09.339 D/        (18475): HostConnection::get() New Host Connection established 0x7f6c73052480, tid 18475
12-09 08:31:09.396 E/EGL_emulation( 1224): tid 1224: eglCreateSyncKHR(1881): error 0x3004 (EGL_BAD_ATTRIBUTE)
12-09 08:31:10.325 I/System.out(18433): URI: //map
12-09 08:31:10.325 I/System.out(18433): params: {json={"query":"android.widget.EditText id:'odometer'","operation":{"method_name":"query","arguments":[]}}
12-09 08:31:10.325 I/System.out(18433): }
12-09 08:31:10.361 W/ResourceType(18433): No package identifier when getting name for resource number 0x00000001
12-09 08:31:10.498 I/art     (18433): Background sticky concurrent mark sweep GC freed 45155(2028KB) AllocSpace objects, 1(20KB) LOS objects, 25% free, 2MB/3MB, paused 981us total 122.114ms
12-09 08:31:10.508 I/System.out(18433): URI: //gesture
12-09 08:31:10.508 I/System.out(18433): params: {json={"query_timeout":5.0,"gestures":[{"query_string":"android.widget.EditText id:'odometer'","touches":[{"x":50,"y":50,"offset_x":0,"offset_y":0,"wait":0.0,"time":0.2,"release":true,"query_string":null}]}]}
12-09 08:31:10.508 I/System.out(18433): }
12-09 08:31:10.526 W/ResourceType(18433): No package identifier when getting name for resource number 0x00000001
12-09 08:31:10.916 I/LatinIME( 1862): Starting input. Cursor position = 0,0
12-09 08:31:10.996 I/art     (18433): Background sticky concurrent mark sweep GC freed 42259(1826KB) AllocSpace objects, 2(40KB) LOS objects, 16% free, 2MB/3MB, paused 5.357ms total 96.773ms
12-09 08:31:11.620 I/System.out(18433): URI: //
12-09 08:31:11.620 I/System.out(18433): params: {json={"command":"set_selection","arguments":[-1,-1]}
12-09 08:31:11.620 I/System.out(18433): }
12-09 08:31:11.620 I/System.out(18433): header: {date=Sun, 09 Dec 2018 08:31:12 GMT, accept=*/*, content-length=47, host=127.0.0.1:34777, user-agent=HTTPClient/1.0 (2.8.3, ruby 2.3.1 (2016-04-26)), content-type=application/json;charset=utf-8}
12-09 08:31:11.620 I/System.out(18433): params: {json={"command":"set_selection","arguments":[-1,-1]}
12-09 08:31:11.620 I/System.out(18433): }
12-09 08:31:11.620 I/System.out(18433): ProP json = {"command":"set_selection","arguments":[-1,-1]}
12-09 08:31:11.620 I/System.out(18433): files: {}
12-09 08:31:11.620 I/System.out(18433): command: {"command":"set_selection","arguments":[-1,-1]}
12-09 08:31:11.621 I/InstrumentationBackend(18433): Got command:'Command:'Line:null,set_selection', arguments:'[-1, -1]'
12-09 08:31:11.638 I/System.out(18433): result:{"bonusInformation":[],"message":"","success":true}
12-09 08:31:11.807 I/System.out(18433): URI: //
12-09 08:31:11.808 I/System.out(18433): params: {json={"command":"keyboard_enter_text","arguments":["74394723984721092831"]}
12-09 08:31:11.808 I/System.out(18433): }
12-09 08:31:11.808 I/System.out(18433): header: {date=Sun, 09 Dec 2018 08:31:12 GMT, accept=*/*, content-length=70, host=127.0.0.1:34777, user-agent=HTTPClient/1.0 (2.8.3, ruby 2.3.1 (2016-04-26)), content-type=application/json;charset=utf-8}
12-09 08:31:11.808 I/System.out(18433): params: {json={"command":"keyboard_enter_text","arguments":["74394723984721092831"]}
12-09 08:31:11.808 I/System.out(18433): }
12-09 08:31:11.808 I/System.out(18433): ProP json = {"command":"keyboard_enter_text","arguments":["74394723984721092831"]}
12-09 08:31:11.808 I/System.out(18433): files: {}
12-09 08:31:11.808 I/System.out(18433): command: {"command":"keyboard_enter_text","arguments":["74394723984721092831"]}
12-09 08:31:11.809 I/InstrumentationBackend(18433): Got command:'Command:'Line:null,keyboard_enter_text', arguments:'[74394723984721092831]'
12-09 08:31:11.809 E/SpannableStringBuilder(18433): SPAN_EXCLUSIVE_EXCLUSIVE spans cannot have a zero length
12-09 08:31:11.809 E/SpannableStringBuilder(18433): SPAN_EXCLUSIVE_EXCLUSIVE spans cannot have a zero length
12-09 08:31:11.873 E/SpannableStringBuilder(18433): SPAN_EXCLUSIVE_EXCLUSIVE spans cannot have a zero length
12-09 08:31:11.873 E/SpannableStringBuilder(18433): SPAN_EXCLUSIVE_EXCLUSIVE spans cannot have a zero length
12-09 08:31:11.923 I/System.out(18433): result:{"bonusInformation":[],"message":"","success":true}
12-09 08:31:11.983 I/art     (18433): Background sticky concurrent mark sweep GC freed 13647(603KB) AllocSpace objects, 3(60KB) LOS objects, 20% free, 2MB/3MB, paused 17.216ms total 89.738ms
12-09 08:31:12.386 E/SurfaceFlinger( 1224): ro.sf.lcd_density must be defined as a build property
12-09 08:31:12.387 D/gralloc_ranchu( 1224): gralloc_alloc: Creating ashmem region of size 3686400
12-09 08:31:12.425 D/        (18485): HostConnection::get() New Host Connection established 0x7f23585d2480, tid 18485
12-09 08:31:12.458 E/EGL_emulation( 1224): tid 1224: eglCreateSyncKHR(1881): error 0x3004 (EGL_BAD_ATTRIBUTE)
12-09 08:31:14.420 I/System.out(18433): URI: //map
12-09 08:31:14.420 I/System.out(18433): params: {json={"query":"android.widget.Button index:2","operation":{"method_name":"query","arguments":[]}}
12-09 08:31:14.420 I/System.out(18433): }
12-09 08:31:14.617 I/art     (18433): Background sticky concurrent mark sweep GC freed 33534(1460KB) AllocSpace objects, 0(0B) LOS objects, 12% free, 3MB/3MB, paused 1.047ms total 113.140ms
12-09 08:31:14.644 I/System.out(18433): URI: //gesture
12-09 08:31:14.644 I/System.out(18433): params: {json={"query_timeout":5.0,"gestures":[{"query_string":"android.widget.Button index:2","touches":[{"x":50,"y":50,"offset_x":0,"offset_y":0,"wait":0.0,"time":0.2,"release":true,"query_string":null}]}]}
12-09 08:31:14.644 I/System.out(18433): }
12-09 08:31:15.110 W/art     (18433): Suspending all threads took: 9.678ms
12-09 08:31:15.115 W/audio_hw_generic( 1308): Hardware backing HAL too slow, could only write 0 of 661 frames
12-09 08:31:15.140 W/audio_hw_generic( 1308): Hardware backing HAL too slow, could only write 0 of 661 frames
12-09 08:31:15.146 I/art     (18433): Background sticky concurrent mark sweep GC freed 28831(1287KB) AllocSpace objects, 0(0B) LOS objects, 4% free, 3MB/3MB, paused 11.028ms total 81.671ms
12-09 08:31:15.216 W/art     (18433): Suspending all threads took: 6.711ms
12-09 08:31:15.219 I/art     (18433): Background sticky concurrent mark sweep GC freed 5176(343KB) AllocSpace objects, 1(20KB) LOS objects, 13% free, 3MB/3MB, paused 7.816ms total 61.756ms
12-09 08:31:15.324 I/art     ( 1592): Background partial concurrent mark sweep GC freed 32631(2MB) AllocSpace objects, 20(400KB) LOS objects, 29% free, 9MB/13MB, paused 14.274ms total 167.410ms
12-09 08:31:15.329 I/calabash(18433): newActivity1
12-09 08:31:15.330 W/ActivityManager( 1592): Bad activity token: android.os.BinderProxy@4c2c56d
12-09 08:31:15.330 W/ActivityManager( 1592): java.lang.ClassCastException: android.os.BinderProxy cannot be cast to com.android.server.am.ActivityRecord$Token
12-09 08:31:15.330 W/ActivityManager( 1592): 	at com.android.server.am.ActivityRecord.forTokenLocked(ActivityRecord.java:424)
12-09 08:31:15.330 W/ActivityManager( 1592): 	at com.android.server.am.ActivityRecord.isInStackLocked(ActivityRecord.java:1121)
12-09 08:31:15.330 W/ActivityManager( 1592): 	at com.android.server.am.ActivityRecord.getStackLocked(ActivityRecord.java:1126)
12-09 08:31:15.330 W/ActivityManager( 1592): 	at com.android.server.am.ActivityManagerService.getActivityDisplayId(ActivityManagerService.java:8889)
12-09 08:31:15.330 W/ActivityManager( 1592): 	at android.app.ActivityManagerNative.onTransact(ActivityManagerNative.java:2338)
12-09 08:31:15.330 W/ActivityManager( 1592): 	at com.android.server.am.ActivityManagerService.onTransact(ActivityManagerService.java:2443)
12-09 08:31:15.330 W/ActivityManager( 1592): 	at android.os.Binder.execTransact(Binder.java:453)
12-09 08:31:15.339 W/ActivityManager( 1592): Bad activity token: android.os.BinderProxy@4c2c56d
12-09 08:31:15.339 W/ActivityManager( 1592): java.lang.ClassCastException: android.os.BinderProxy cannot be cast to com.android.server.am.ActivityRecord$Token
12-09 08:31:15.339 W/ActivityManager( 1592): 	at com.android.server.am.ActivityRecord.forTokenLocked(ActivityRecord.java:424)
12-09 08:31:15.339 W/ActivityManager( 1592): 	at com.android.server.am.ActivityRecord.isInStackLocked(ActivityRecord.java:1121)
12-09 08:31:15.339 W/ActivityManager( 1592): 	at com.android.server.am.ActivityManagerService.setTaskDescription(ActivityManagerService.java:8547)
12-09 08:31:15.339 W/ActivityManager( 1592): 	at android.app.ActivityManagerNative.onTransact(ActivityManagerNative.java:2410)
12-09 08:31:15.339 W/ActivityManager( 1592): 	at com.android.server.am.ActivityManagerService.onTransact(ActivityManagerService.java:2443)
12-09 08:31:15.339 W/ActivityManager( 1592): 	at android.os.Binder.execTransact(Binder.java:453)
12-09 08:31:15.386 W/ActivityManager( 1592): Bad activity token: android.os.BinderProxy@4c2c56d
12-09 08:31:15.386 W/ActivityManager( 1592): java.lang.ClassCastException: android.os.BinderProxy cannot be cast to com.android.server.am.ActivityRecord$Token
12-09 08:31:15.386 W/ActivityManager( 1592): 	at com.android.server.am.ActivityRecord.forTokenLocked(ActivityRecord.java:424)
12-09 08:31:15.386 W/ActivityManager( 1592): 	at com.android.server.am.ActivityRecord.isInStackLocked(ActivityRecord.java:1121)
12-09 08:31:15.386 W/ActivityManager( 1592): 	at com.android.server.am.ActivityManagerService.getActivityOptions(ActivityManagerService.java:11038)
12-09 08:31:15.386 W/ActivityManager( 1592): 	at android.app.ActivityManagerNative.onTransact(ActivityManagerNative.java:1734)
12-09 08:31:15.386 W/ActivityManager( 1592): 	at com.android.server.am.ActivityManagerService.onTransact(ActivityManagerService.java:2443)
12-09 08:31:15.386 W/ActivityManager( 1592): 	at android.os.Binder.execTransact(Binder.java:453)
12-09 08:31:15.396 W/ActivityManager( 1592): Bad activity token: android.os.BinderProxy@4c2c56d
12-09 08:31:15.396 W/ActivityManager( 1592): java.lang.ClassCastException: android.os.BinderProxy cannot be cast to com.android.server.am.ActivityRecord$Token
12-09 08:31:15.396 W/ActivityManager( 1592): 	at com.android.server.am.ActivityRecord.forTokenLocked(ActivityRecord.java:424)
12-09 08:31:15.396 W/ActivityManager( 1592): 	at com.android.server.am.ActivityRecord.isInStackLocked(ActivityRecord.java:1121)
12-09 08:31:15.396 W/ActivityManager( 1592): 	at com.android.server.am.ActivityManagerService.getActivityOptions(ActivityManagerService.java:11038)
12-09 08:31:15.396 W/ActivityManager( 1592): 	at android.app.ActivityManagerNative.onTransact(ActivityManagerNative.java:1734)
12-09 08:31:15.396 W/ActivityManager( 1592): 	at com.android.server.am.ActivityManagerService.onTransact(ActivityManagerService.java:2443)
12-09 08:31:15.396 W/ActivityManager( 1592): 	at android.os.Binder.execTransact(Binder.java:453)
12-09 08:31:15.521 I/LatinIME( 1862): Starting input. Cursor position = -1,-1
12-09 08:31:15.524 I/art     (18433): Background sticky concurrent mark sweep GC freed 3543(288KB) AllocSpace objects, 0(0B) LOS objects, 5% free, 3MB/3MB, paused 1.077ms total 116.470ms
12-09 08:31:15.674 D/Mileage (18433): Recalculating
12-09 08:31:15.701 E/SurfaceFlinger( 1224): ro.sf.lcd_density must be defined as a build property
12-09 08:31:15.808 W/audio_hw_generic( 1308): Not supplying enough data to HAL, expected position 41114419 , only wrote 41114200
12-09 08:31:15.808 W/audio_hw_generic( 1308): Not supplying enough data to HAL, expected position 41114207 , only wrote 41114200
12-09 08:31:15.810 D/gralloc_ranchu( 1224): gralloc_alloc: Creating ashmem region of size 3686400
12-09 08:31:15.817 D/Mileage.ABS(18433): Finished backup
12-09 08:31:15.819 D/Mileage.ABS(18433): Not backing up; 194
12-09 08:31:15.819 D/Mileage.ABS(18433): Not backing up; 194
12-09 08:31:15.887 W/audio_hw_generic( 1308): Not supplying enough data to HAL, expected position 41117667 , only wrote 41117505
12-09 08:31:15.887 W/audio_hw_generic( 1308): Not supplying enough data to HAL, expected position 41117512 , only wrote 41117505
12-09 08:31:15.925 D/        (18493): HostConnection::get() New Host Connection established 0x7f97a3752480, tid 18493
12-09 08:31:15.938 E/EGL_emulation( 1224): tid 1224: eglCreateSyncKHR(1881): error 0x3004 (EGL_BAD_ATTRIBUTE)
12-09 08:31:16.025 I/art     (18433): Background partial concurrent mark sweep GC freed 10632(1012KB) AllocSpace objects, 12(240KB) LOS objects, 39% free, 2MB/4MB, paused 1.319ms total 317.333ms
12-09 08:31:16.088 W/audio_hw_generic( 1308): Not supplying enough data to HAL, expected position 41126353 , only wrote 41126098
12-09 08:31:16.088 W/audio_hw_generic( 1308): Not supplying enough data to HAL, expected position 41126105 , only wrote 41126098
12-09 08:31:16.112 W/audio_hw_generic( 1308): Not supplying enough data to HAL, expected position 41127153 , only wrote 41126759
12-09 08:31:16.168 D/Mileage.ABS(18433): Not backing up; 543
12-09 08:31:16.169 D/FillupAdapter(18433): Average economy: 0.7523746539172881
12-09 08:31:16.496 W/RichInputConnection( 1862): Slow InputConnection: GET_TEXT_BEFORE_CURSOR took 346 ms.
12-09 08:31:16.504 I/InputAttributes( 1862): InputType.TYPE_NULL is specified
12-09 08:31:16.530 I/Choreographer( 1862): Skipped 63 frames!  The application may be doing too much work on its main thread.
12-09 08:31:16.631 W/audio_hw_generic( 1308): Not supplying enough data to HAL, expected position 41149646 , only wrote 41148572
12-09 08:31:16.631 W/audio_hw_generic( 1308): Hardware backing HAL too slow, could only write 0 of 661 frames
12-09 08:31:16.631 W/audio_hw_generic( 1308): Hardware backing HAL too slow, could only write 0 of 661 frames
12-09 08:31:16.631 D/EGL_emulation( 1862): eglMakeCurrent: 0x7f28ba1c4220: ver 2 0 (tinfo 0x7f28ba1d96a0)
12-09 08:31:16.666 W/audio_hw_generic( 1308): Hardware backing HAL too slow, could only write 0 of 661 frames
12-09 08:31:16.677 E/Surface ( 1862): getSlotFromBufferLocked: unknown buffer: 0x7f28b9f5c820
12-09 08:31:16.691 W/audio_hw_generic( 1308): Hardware backing HAL too slow, could only write 0 of 661 frames
12-09 08:31:16.703 W/audio_hw_generic( 1308): Hardware backing HAL too slow, could only write 0 of 661 frames
12-09 08:31:16.715 W/audio_hw_generic( 1308): Hardware backing HAL too slow, could only write 0 of 661 frames
12-09 08:31:16.731 W/audio_hw_generic( 1308): Hardware backing HAL too slow, could only write 0 of 661 frames
12-09 08:31:16.747 W/audio_hw_generic( 1308): Hardware backing HAL too slow, could only write 0 of 661 frames
12-09 08:31:16.757 W/audio_hw_generic( 1308): Hardware backing HAL too slow, could only write 0 of 661 frames
12-09 08:31:16.774 W/audio_hw_generic( 1308): Hardware backing HAL too slow, could only write 0 of 661 frames
12-09 08:31:16.808 W/audio_hw_generic( 1308): Not supplying enough data to HAL, expected position 41156380 , only wrote 41155843
12-09 08:31:16.808 W/audio_hw_generic( 1308): Not supplying enough data to HAL, expected position 41155849 , only wrote 41155843
12-09 08:31:16.830 W/audio_hw_generic( 1308): Not supplying enough data to HAL, expected position 41156821 , only wrote 41156504
12-09 08:31:16.830 W/audio_hw_generic( 1308): Hardware backing HAL too slow, could only write 0 of 661 frames
12-09 08:31:16.830 W/audio_hw_generic( 1308): Hardware backing HAL too slow, could only write 0 of 661 frames
12-09 08:31:16.863 W/audio_hw_generic( 1308): Hardware backing HAL too slow, could only write 0 of 661 frames
12-09 08:31:16.882 W/audio_hw_generic( 1308): Hardware backing HAL too slow, could only write 0 of 661 frames
12-09 08:31:16.903 W/audio_hw_generic( 1308): Hardware backing HAL too slow, could only write 0 of 661 frames
12-09 08:31:16.907 W/audio_hw_generic( 1308): Hardware backing HAL too slow, could only write 0 of 661 frames
12-09 08:31:16.928 I/System.out(18433): URI: //gesture
12-09 08:31:16.928 I/System.out(18433): params: {json={"query_timeout":5.0,"gestures":[{"query_string":"android.widget.TabWidget descendant TextView index:0","touches":[{"x":50,"y":50,"offset_x":0,"offset_y":0,"wait":0.0,"time":0.2,"release":true,"query_string":null}]}]}
12-09 08:31:16.928 I/System.out(18433): }
12-09 08:31:17.076 W/audio_hw_generic( 1308): Not supplying enough data to HAL, expected position 41167330 , only wrote 41167080
12-09 08:31:17.096 W/audio_hw_generic( 1308): Not supplying enough data to HAL, expected position 41167970 , only wrote 41167080
12-09 08:31:17.119 W/audio_hw_generic( 1308): Not supplying enough data to HAL, expected position 41168109 , only wrote 41167741
12-09 08:31:17.407 W/audio_hw_generic( 1308): Not supplying enough data to HAL, expected position 41180453 , only wrote 41180300
12-09 08:31:17.521 W/audio_hw_generic( 1308): Not supplying enough data to HAL, expected position 41185295 , only wrote 41184927
12-09 08:31:17.829 W/audio_hw_generic( 1308): Not supplying enough data to HAL, expected position 41198506 , only wrote 41198147
12-09 08:31:17.872 D/AudioFlinger( 1308): mixer(0xf43c0000) throttle end: throttle time(26)
12-09 08:31:17.930 I/art     (18433): Background sticky concurrent mark sweep GC freed 49469(2MB) AllocSpace objects, 2(40KB) LOS objects, 35% free, 2MB/4MB, paused 3.533ms total 136.858ms
12-09 08:31:17.934 W/audio_hw_generic( 1308): Not supplying enough data to HAL, expected position 41202801 , only wrote 41202774
12-09 08:31:17.934 W/audio_hw_generic( 1308): Not supplying enough data to HAL, expected position 41202780 , only wrote 41202774
12-09 08:31:17.956 W/audio_hw_generic( 1308): Not supplying enough data to HAL, expected position 41203721 , only wrote 41203435
12-09 08:31:18.868 I/System.out(18433): URI: //map
12-09 08:31:18.868 I/System.out(18433): params: {json={"query":"android.widget.EditText id:'price'","operation":{"method_name":"query","arguments":[]}}
12-09 08:31:18.868 I/System.out(18433): }
12-09 08:31:18.878 W/ResourceType(18433): No package identifier when getting name for resource number 0x00000001
12-09 08:31:18.931 I/System.out(18433): URI: //gesture
12-09 08:31:18.932 I/System.out(18433): params: {json={"query_timeout":5.0,"gestures":[{"query_string":"android.widget.EditText id:'price'","touches":[{"x":50,"y":50,"offset_x":0,"offset_y":0,"wait":0.0,"time":0.2,"release":true,"query_string":null}]}]}
12-09 08:31:18.932 I/System.out(18433): }
12-09 08:31:19.040 W/audio_hw_generic( 1308): Hardware backing HAL too slow, could only write 0 of 661 frames
12-09 08:31:19.056 W/audio_hw_generic( 1308): Not supplying enough data to HAL, expected position 41251958 , only wrote 41251688
12-09 08:31:19.056 W/audio_hw_generic( 1308): Not supplying enough data to HAL, expected position 41251694 , only wrote 41251688
12-09 08:31:19.056 W/audio_hw_generic( 1308): Hardware backing HAL too slow, could only write 0 of 661 frames
12-09 08:31:19.075 W/audio_hw_generic( 1308): Not supplying enough data to HAL, expected position 41252523 , only wrote 41252349
12-09 08:31:19.075 W/audio_hw_generic( 1308): Hardware backing HAL too slow, could only write 0 of 661 frames
12-09 08:31:19.075 W/audio_hw_generic( 1308): Hardware backing HAL too slow, could only write 0 of 661 frames
12-09 08:31:19.077 W/ResourceType(18433): No package identifier when getting name for resource number 0x00000001
12-09 08:31:19.111 W/audio_hw_generic( 1308): Hardware backing HAL too slow, could only write 0 of 661 frames
12-09 08:31:19.121 W/audio_hw_generic( 1308): Hardware backing HAL too slow, could only write 0 of 661 frames
12-09 08:31:19.248 W/audio_hw_generic( 1308): Not supplying enough data to HAL, expected position 41259953 , only wrote 41259620
12-09 08:31:19.428 W/audio_hw_generic( 1308): Not supplying enough data to HAL, expected position 41267558 , only wrote 41267552
12-09 08:31:19.541 I/LatinIME( 1862): Starting input. Cursor position = 0,0
12-09 08:31:19.544 W/audio_hw_generic( 1308): Not supplying enough data to HAL, expected position 41272664 , only wrote 41271518
12-09 08:31:19.544 W/audio_hw_generic( 1308): Not supplying enough data to HAL, expected position 41271524 , only wrote 41271518
12-09 08:31:19.572 W/audio_hw_generic( 1308): Not supplying enough data to HAL, expected position 41272758 , only wrote 41272179
12-09 08:31:19.590 I/art     (18433): Background sticky concurrent mark sweep GC freed 27306(1140KB) AllocSpace objects, 2(40KB) LOS objects, 10% free, 3MB/4MB, paused 2.287ms total 111.736ms
12-09 08:31:19.690 W/audio_hw_generic( 1308): Not supplying enough data to HAL, expected position 41277382 , only wrote 41276806
12-09 08:31:19.690 W/audio_hw_generic( 1308): Not supplying enough data to HAL, expected position 41276812 , only wrote 41276806
12-09 08:31:19.715 W/audio_hw_generic( 1308): Not supplying enough data to HAL, expected position 41277923 , only wrote 41277467
12-09 08:31:19.809 W/audio_hw_generic( 1308): Hardware backing HAL too slow, could only write 0 of 661 frames
12-09 08:31:19.843 W/audio_hw_generic( 1308): Hardware backing HAL too slow, could only write 0 of 661 frames
12-09 08:31:19.843 W/audio_hw_generic( 1308): Hardware backing HAL too slow, could only write 0 of 661 frames
12-09 08:31:19.865 D/EGL_emulation( 1862): eglMakeCurrent: 0x7f28ba1c4220: ver 2 0 (tinfo 0x7f28ba1d96a0)
12-09 08:31:19.879 W/audio_hw_generic( 1308): Hardware backing HAL too slow, could only write 0 of 661 frames
12-09 08:31:19.899 W/audio_hw_generic( 1308): Hardware backing HAL too slow, could only write 0 of 661 frames
12-09 08:31:19.956 W/audio_hw_generic( 1308): Not supplying enough data to HAL, expected position 41288071 , only wrote 41288043
12-09 08:31:19.956 W/audio_hw_generic( 1308): Not supplying enough data to HAL, expected position 41288050 , only wrote 41288043
12-09 08:31:19.972 W/audio_hw_generic( 1308): Not supplying enough data to HAL, expected position 41288734 , only wrote 41288704
12-09 08:31:20.112 W/audio_hw_generic( 1308): Not supplying enough data to HAL, expected position 41294886 , only wrote 41294653
12-09 08:31:20.137 I/System.out(18433): URI: //
12-09 08:31:20.137 I/System.out(18433): params: {json={"command":"set_selection","arguments":[-1,-1]}
12-09 08:31:20.137 I/System.out(18433): }
12-09 08:31:20.137 I/System.out(18433): header: {date=Sun, 09 Dec 2018 08:31:21 GMT, accept=*/*, content-length=47, host=127.0.0.1:34777, user-agent=HTTPClient/1.0 (2.8.3, ruby 2.3.1 (2016-04-26)), content-type=application/json;charset=utf-8}
12-09 08:31:20.137 I/System.out(18433): params: {json={"command":"set_selection","arguments":[-1,-1]}
12-09 08:31:20.137 I/System.out(18433): }
12-09 08:31:20.137 I/System.out(18433): ProP json = {"command":"set_selection","arguments":[-1,-1]}
12-09 08:31:20.137 I/System.out(18433): files: {}
12-09 08:31:20.137 I/System.out(18433): command: {"command":"set_selection","arguments":[-1,-1]}
12-09 08:31:20.138 I/InstrumentationBackend(18433): Got command:'Command:'Line:null,set_selection', arguments:'[-1, -1]'
12-09 08:31:20.151 W/audio_hw_generic( 1308): Hardware backing HAL too slow, could only write 0 of 661 frames
12-09 08:31:20.238 W/audio_hw_generic( 1308): Not supplying enough data to HAL, expected position 41300225 , only wrote 41299941
12-09 08:31:20.266 I/System.out(18433): result:{"bonusInformation":[],"message":"","success":true}
12-09 08:31:20.596 W/audio_hw_generic( 1308): Not supplying enough data to HAL, expected position 41315705 , only wrote 41312500
12-09 08:31:20.596 W/audio_hw_generic( 1308): Not supplying enough data to HAL, expected position 41312507 , only wrote 41312500
12-09 08:31:20.613 W/audio_hw_generic( 1308): Not supplying enough data to HAL, expected position 41313253 , only wrote 41313161
12-09 08:31:20.613 W/audio_hw_generic( 1308): Hardware backing HAL too slow, could only write 0 of 661 frames
12-09 08:31:20.614 I/System.out(18433): URI: //
12-09 08:31:20.614 I/System.out(18433): params: {json={"command":"keyboard_enter_text","arguments":["97123743947239847210"]}
12-09 08:31:20.614 I/System.out(18433): }
12-09 08:31:20.614 I/System.out(18433): header: {date=Sun, 09 Dec 2018 08:31:21 GMT, accept=*/*, content-length=70, host=127.0.0.1:34777, user-agent=HTTPClient/1.0 (2.8.3, ruby 2.3.1 (2016-04-26)), content-type=application/json;charset=utf-8}
12-09 08:31:20.615 I/System.out(18433): params: {json={"command":"keyboard_enter_text","arguments":["97123743947239847210"]}
12-09 08:31:20.615 I/System.out(18433): }
12-09 08:31:20.615 I/System.out(18433): ProP json = {"command":"keyboard_enter_text","arguments":["97123743947239847210"]}
12-09 08:31:20.615 I/System.out(18433): files: {}
12-09 08:31:20.615 I/System.out(18433): command: {"command":"keyboard_enter_text","arguments":["97123743947239847210"]}
12-09 08:31:20.616 I/InstrumentationBackend(18433): Got command:'Command:'Line:null,keyboard_enter_text', arguments:'[97123743947239847210]'
12-09 08:31:20.618 E/SpannableStringBuilder(18433): SPAN_EXCLUSIVE_EXCLUSIVE spans cannot have a zero length
12-09 08:31:20.618 E/SpannableStringBuilder(18433): SPAN_EXCLUSIVE_EXCLUSIVE spans cannot have a zero length
12-09 08:31:20.706 E/SpannableStringBuilder(18433): SPAN_EXCLUSIVE_EXCLUSIVE spans cannot have a zero length
12-09 08:31:20.706 E/SpannableStringBuilder(18433): SPAN_EXCLUSIVE_EXCLUSIVE spans cannot have a zero length
12-09 08:31:20.721 I/System.out(18433): result:{"bonusInformation":[],"message":"","success":true}
12-09 08:31:20.748 I/System.out(18433): URI: //map
12-09 08:31:20.748 I/System.out(18433): params: {json={"query":"android.widget.EditText id:'volume'","operation":{"method_name":"query","arguments":[]}}
12-09 08:31:20.748 I/System.out(18433): }
12-09 08:31:20.931 W/audio_hw_generic( 1308): Not supplying enough data to HAL, expected position 41339614 , only wrote 41326381
12-09 08:31:20.974 W/ResourceType(18433): No package identifier when getting name for resource number 0x00000001
