--------- beginning of system
12-09 08:36:54.688 W/ActivityManager( 1591): Finishing task with all activities already finished
12-09 08:36:54.688 W/ActivityManager( 1591): Duplicate finish request for ActivityRecord{884b16c u0 com.evancharlton.mileage/.Mileage t504 f}
12-09 08:36:54.697 W/ActivityManager( 1591): Finishing task with all activities already finished
12-09 08:36:54.697 W/ActivityManager( 1591): Duplicate finish request for ActivityRecord{884b16c u0 com.evancharlton.mileage/.Mileage t504 f}
12-09 08:36:54.697 W/ActivityManager( 1591): Finishing task with all activities already finished
12-09 08:36:54.697 W/ActivityManager( 1591): Duplicate finish request for ActivityRecord{884b16c u0 com.evancharlton.mileage/.Mileage t504 f}
--------- beginning of main
12-09 08:36:54.757 I/art     ( 1591): Background partial concurrent mark sweep GC freed 19663(1477KB) AllocSpace objects, 6(120KB) LOS objects, 29% free, 9MB/13MB, paused 16.453ms total 149.084ms
12-09 08:36:54.906 W/audio_hw_generic( 1307): Not supplying enough data to HAL, expected position 45281787 , only wrote 45280483
12-09 08:36:54.906 W/audio_hw_generic( 1307): Not supplying enough data to HAL, expected position 45280490 , only wrote 45280483
12-09 08:36:54.914 D/EGL_emulation( 1900): eglMakeCurrent: 0x7f8c6a421820: ver 2 0 (tinfo 0x7f8c6a402740)
12-09 08:36:54.921 W/audio_hw_generic( 1307): Not supplying enough data to HAL, expected position 45281145 , only wrote 45281144
12-09 08:36:55.191 W/audio_hw_generic( 1307): Not supplying enough data to HAL, expected position 45304358 , only wrote 45293042
12-09 08:36:55.394 W/art     ( 1591): Long monitor contention event with owner method=void com.android.server.wm.WindowAnimator$1.doFrame(long) from WindowAnimator.java:121 waiters=0 for 103ms
12-09 08:36:55.655 D/AndroidRuntime(21048): >>>>>> START com.android.internal.os.RuntimeInit uid 0 <<<<<<
12-09 08:36:55.697 D/AndroidRuntime(21048): CheckJNI is ON
12-09 08:36:55.776 D/ICU     (21048): No timezone override file found: /data/misc/zoneinfo/current/icu/icu_tzdata.dat
12-09 08:36:55.894 E/memtrack(21048): Couldn't load memtrack module (No such file or directory)
12-09 08:36:55.895 E/android.os.Debug(21048): failed to load memtrack module: -2
12-09 08:36:55.896 I/Radio-JNI(21048): register_android_hardware_Radio DONE
12-09 08:36:56.017 D/AndroidRuntime(21048): Calling main entry com.android.commands.am.Am
12-09 08:36:56.119 W/OpenGLRenderer( 1900): Incorrectly called buildLayer on View: ShortcutAndWidgetContainer, destroying layer...
12-09 08:36:56.221 I/ActivityManager( 1591): Force stopping com.evancharlton.mileage appid=10145 user=0: start instr
12-09 08:36:56.222 I/ActivityManager( 1591): Killing 21008:com.evancharlton.mileage/u0a145 (adj 0): stop com.evancharlton.mileage
12-09 08:36:56.265 I/WindowState( 1591): WIN DEATH: Window{cb7c3a5 u0 com.evancharlton.mileage/com.evancharlton.mileage.Mileage}
12-09 08:36:56.265 W/WindowManager( 1591): Force-removing child win Window{a14c0a3 u0 PopupWindow:ef991c1} from container Window{cb7c3a5 u0 com.evancharlton.mileage/com.evancharlton.mileage.Mileage}
12-09 08:36:56.270 E/WindowState( 1591): getStack: Window{cb7c3a5 u0 com.evancharlton.mileage/com.evancharlton.mileage.Mileage} couldn't find task for AppWindowToken{35bd3ca token=Token{416a335 ActivityRecord{884b16c u0 com.evancharlton.mileage/.Mileage t504}}} Callers=com.android.server.wm.WindowState.getDisplayContent:847 com.android.server.wm.WindowState.getWindowList:1457 com.android.server.wm.WindowManagerService.removeWindowInnerLocked:2888 com.android.server.wm.WindowManagerService.removeWindowInnerLocked:2796 
12-09 08:36:56.270 E/WindowState( 1591): getStack: Window{cb7c3a5 u0 com.evancharlton.mileage/com.evancharlton.mileage.Mileage} couldn't find task for AppWindowToken{35bd3ca token=Token{416a335 ActivityRecord{884b16c u0 com.evancharlton.mileage/.Mileage t504}}} Callers=com.android.server.wm.WindowState.getDisplayContent:847 com.android.server.wm.WindowManagerService.removeWindowInnerLocked:2893 com.android.server.wm.WindowManagerService.removeWindowInnerLocked:2796 com.android.server.wm.WindowManagerService.removeWindowLocked:2785 
12-09 08:36:56.270 W/WindowManager( 1591): Failed looking up window
12-09 08:36:56.270 W/WindowManager( 1591): java.lang.IllegalArgumentException: Requested window android.os.BinderProxy@34847d2 does not exist
12-09 08:36:56.270 W/WindowManager( 1591): 	at com.android.server.wm.WindowManagerService.windowForClientLocked(WindowManagerService.java:8733)
12-09 08:36:56.270 W/WindowManager( 1591): 	at com.android.server.wm.WindowManagerService.windowForClientLocked(WindowManagerService.java:8724)
12-09 08:36:56.270 W/WindowManager( 1591): 	at com.android.server.wm.WindowState$DeathRecipient.binderDied(WindowState.java:1209)
12-09 08:36:56.270 W/WindowManager( 1591): 	at android.os.BinderProxy.sendDeathNotice(Binder.java:558)
12-09 08:36:56.270 I/WindowState( 1591): WIN DEATH: null
12-09 08:36:56.286 W/ActivityManager( 1591): Crash of app com.evancharlton.mileage running instrumentation ComponentInfo{com.evancharlton.mileage.test/sh.calaba.instrumentationbackend.CalabashInstrumentationTestRunner}
12-09 08:36:56.286 I/ActivityManager( 1591): Force stopping com.evancharlton.mileage appid=10145 user=0: finished inst
12-09 08:36:56.313 I/ActivityManager( 1591): Start proc 21057:com.evancharlton.mileage/u0a145 for added application com.evancharlton.mileage
12-09 08:36:56.313 W/art     ( 1591): Long monitor contention event with owner method=java.util.List com.android.server.am.ActivityManagerService.getAllStackInfos() from ActivityManagerService.java:8937 waiters=1 for 214ms
12-09 08:36:56.315 W/ActivityManager( 1591): Spurious death for ProcessRecord{43d33f7 0:com.evancharlton.mileage/u0a145}, curProc for 21008: null
12-09 08:36:56.316 I/Choreographer( 1681): Skipped 36 frames!  The application may be doing too much work on its main thread.
12-09 08:36:56.384 D/AndroidRuntime(21048): Shutting down VM
12-09 08:36:56.438 W/System  (21057): ClassLoader referenced unknown path: /data/app/com.evancharlton.mileage.test-1/lib/x86_64
12-09 08:36:56.438 W/System  (21057): ClassLoader referenced unknown path: /data/app/com.evancharlton.mileage-1/lib/x86_64
12-09 08:36:56.513 I/art     (21057): Background sticky concurrent mark sweep GC freed 5837(245KB) AllocSpace objects, 0(0B) LOS objects, 48% free, 664KB/1295KB, paused 5.104ms total 73.279ms
12-09 08:36:56.534 I/System.out(21057): Main activity name automatically set to: com.evancharlton.mileage.Mileage
12-09 08:36:56.535 I/System.out(21057): Calabash did not load Mono. This is only a problem if you are trying to test a Mono application
12-09 08:36:56.535 I/calabash(21057): Test server port: 7102
12-09 08:36:56.536 I/InstrumentationBackend(21057): Added:'GetPreferences', with key:'get_preferences'
12-09 08:36:56.646 I/InstrumentationBackend(21057): Added:'SetPreferences', with key:'set_preferences'
12-09 08:36:56.646 I/InstrumentationBackend(21057): Added:'ClearPreferences', with key:'clear_preferences'
12-09 08:36:56.647 I/InstrumentationBackend(21057): Added:'PressElement', with key:'press_l10n_element'
12-09 08:36:56.647 I/InstrumentationBackend(21057): Added:'WaitForElement', with key:'wait_for_l10n_element'
12-09 08:36:56.647 I/InstrumentationBackend(21057): Added:'NullAction', with key:'nullAction'
12-09 08:36:56.647 I/InstrumentationBackend(21057): Added:'PressKey', with key:'press_key'
12-09 08:36:56.647 I/InstrumentationBackend(21057): Added:'SetActivityOrientation', with key:'set_activity_orientation'
12-09 08:36:56.648 I/InstrumentationBackend(21057): Added:'GetActivityOrientation', with key:'get_activity_orientation'
12-09 08:36:56.648 I/InstrumentationBackend(21057): Added:'FakeGPSLocation', with key:'set_gps_coordinates'
12-09 08:36:56.660 I/InstrumentationBackend(21057): Added:'SetPropertyByCssSelector', with key:'set_property_by_css_selector'
12-09 08:36:56.660 I/InstrumentationBackend(21057): Added:'GetUrl', with key:'get_url'
12-09 08:36:56.672 W/art     (21057): Suspending all threads took: 6.722ms
12-09 08:36:56.675 I/InstrumentationBackend(21057): Added:'ScrollTo', with key:'scroll_to'
12-09 08:36:56.675 I/InstrumentationBackend(21057): Added:'GetLoadProgress', with key:'get_load_progress'
12-09 08:36:56.675 I/InstrumentationBackend(21057): Added:'DumpHtml', with key:'dump_html'
12-09 08:36:56.675 I/InstrumentationBackend(21057): Added:'DumpBodyHtml', with key:'dump_body_html'
12-09 08:36:56.676 I/InstrumentationBackend(21057): Added:'EnterTextByCssSelector', with key:'enter_text_by_selector'
12-09 08:36:56.704 I/InstrumentationBackend(21057): Added:'AndroidSDKVersion', with key:'android_sdk_version'
12-09 08:36:56.704 I/InstrumentationBackend(21057): Added:'Version', with key:'version'
12-09 08:36:56.705 I/InstrumentationBackend(21057): Added:'Drag', with key:'drag'
12-09 08:36:56.708 I/InstrumentationBackend(21057): Added:'TouchCoordinates', with key:'touch_coordinate'
12-09 08:36:56.709 I/InstrumentationBackend(21057): Added:'LongPressCoordinate', with key:'long_press_coordinate'
12-09 08:36:56.709 I/InstrumentationBackend(21057): Added:'DragCoordinates', with key:'drag_coordinates'
12-09 08:36:56.709 I/InstrumentationBackend(21057): Added:'ResumeApplication', with key:'resume_application'
12-09 08:36:56.709 I/InstrumentationBackend(21057): Added:'Swipe', with key:'swipe'
12-09 08:36:56.709 I/InstrumentationBackend(21057): Added:'DoubleTapCoordinate', with key:'double_tap_coordinate'
12-09 08:36:56.709 I/InstrumentationBackend(21057): Added:'ClickOnScreen', with key:'click_on_screen'
12-09 08:36:56.710 I/InstrumentationBackend(21057): Added:'GetActivityName', with key:'get_activity_name'
12-09 08:36:56.710 I/InstrumentationBackend(21057): Added:'ScrollToView', with key:'scroll_to_view'
12-09 08:36:56.710 I/InstrumentationBackend(21057): Added:'ViewConfiguration', with key:'view_configuration'
12-09 08:36:56.710 I/InstrumentationBackend(21057): Added:'IsCurrentActivityFocused', with key:'is_current_activity_focused'
12-09 08:36:56.710 I/InstrumentationBackend(21057): Added:'SendTcp', with key:'send_tcp'
12-09 08:36:56.710 I/InstrumentationBackend(21057): Added:'DpToDevicePixel', with key:'dp_to_device_pixel'
12-09 08:36:56.712 I/InstrumentationBackend(21057): Added:'KeyboardEnterText', with key:'keyboard_enter_text'
12-09 08:36:56.712 I/InstrumentationBackend(21057): Added:'DeleteSurroundingText', with key:'delete_surrounding_text'
12-09 08:36:56.712 I/InstrumentationBackend(21057): Added:'SetComposingRegion', with key:'set_composing_region'
12-09 08:36:56.712 I/InstrumentationBackend(21057): Added:'SetSelection', with key:'set_selection'
12-09 08:36:56.713 I/InstrumentationBackend(21057): Added:'KeyboardKeyEvent', with key:'keyboard_key_event'
12-09 08:36:56.713 I/InstrumentationBackend(21057): Added:'PressUserActionButton', with key:'press_user_action_button'
12-09 08:36:56.713 I/InstrumentationBackend(21057): Added:'HideSoftKeyboard', with key:'hide_soft_keyboard'
12-09 08:36:56.713 I/InstrumentationBackend(21057): Added:'ListActions', with key:'list_actions'
12-09 08:36:56.732 I/calabash(21057): Instantiating http server at 7102
12-09 08:36:56.734 I/art     (21057): Background partial concurrent mark sweep GC freed 2693(297KB) AllocSpace objects, 0(0B) LOS objects, 48% free, 1075KB/2MB, paused 7.769ms total 136.558ms
12-09 08:36:56.796 I/System.out(21057): HTTP Daemon listening on: 7102
12-09 08:36:56.993 I/System.out(21057): URI: //ping
12-09 08:36:56.993 I/System.out(21057): params: {json={}
12-09 08:36:56.993 I/System.out(21057): }
12-09 08:36:57.038 I/System.out(21057): URI: //ping
12-09 08:36:57.038 I/System.out(21057): params: {json={}
12-09 08:36:57.038 I/System.out(21057): }
12-09 08:36:57.069 I/System.out(21057): URI: //ready
12-09 08:36:57.069 I/System.out(21057): params: {json={}
12-09 08:36:57.069 I/System.out(21057): }
12-09 08:36:57.113 I/System.out(21057): URI: //
12-09 08:36:57.113 I/System.out(21057): params: {json={"command":"version","arguments":[]}
12-09 08:36:57.113 I/System.out(21057): }
12-09 08:36:57.113 I/System.out(21057): header: {date=Sun, 09 Dec 2018 08:36:57 GMT, accept=*/*, content-length=36, host=127.0.0.1:34777, user-agent=HTTPClient/1.0 (2.8.3, ruby 2.3.1 (2016-04-26)), content-type=application/json;charset=utf-8}
12-09 08:36:57.113 I/System.out(21057): params: {json={"command":"version","arguments":[]}
12-09 08:36:57.113 I/System.out(21057): }
12-09 08:36:57.113 I/System.out(21057): ProP json = {"command":"version","arguments":[]}
12-09 08:36:57.113 I/System.out(21057): files: {}
12-09 08:36:57.113 I/System.out(21057): command: {"command":"version","arguments":[]}
12-09 08:36:57.122 I/InstrumentationBackend(21057): Got command:'Command:'Line:null,version', arguments:'[]'
12-09 08:36:57.183 I/System.out(21057): result:{"bonusInformation":[],"message":"0.9.8","success":true}
12-09 08:36:57.273 I/System.out(21057): URI: //start-application
12-09 08:36:57.273 I/System.out(21057): params: {json={"intent":null}
12-09 08:36:57.273 I/System.out(21057): }
12-09 08:36:57.322 I/ActivityManager( 1591): START u0 {act=android.intent.action.MAIN cat=[android.intent.category.LAUNCHER] flg=0x10200000 cmp=com.evancharlton.mileage/.Mileage} from uid 10145 on display 0
12-09 08:36:57.453 I/calabash(21057): newActivity1
12-09 08:36:57.566 W/art     ( 1591): Long monitor contention event with owner method=void com.android.server.am.ActivityManagerService.activityPaused(android.os.IBinder) from ActivityManagerService.java:6439 waiters=0 for 228ms
12-09 08:36:57.599 D/gralloc_ranchu( 1226): gralloc_alloc: Creating ashmem region of size 3686400
12-09 08:36:57.709 I/calabash(21057): newActivity1
12-09 08:36:57.711 W/ActivityManager( 1591): Bad activity token: android.os.BinderProxy@adb7bce
12-09 08:36:57.711 W/ActivityManager( 1591): java.lang.ClassCastException: android.os.BinderProxy cannot be cast to com.android.server.am.ActivityRecord$Token
12-09 08:36:57.711 W/ActivityManager( 1591): 	at com.android.server.am.ActivityRecord.forTokenLocked(ActivityRecord.java:424)
12-09 08:36:57.711 W/ActivityManager( 1591): 	at com.android.server.am.ActivityRecord.isInStackLocked(ActivityRecord.java:1121)
12-09 08:36:57.711 W/ActivityManager( 1591): 	at com.android.server.am.ActivityRecord.getStackLocked(ActivityRecord.java:1126)
12-09 08:36:57.711 W/ActivityManager( 1591): 	at com.android.server.am.ActivityManagerService.getActivityDisplayId(ActivityManagerService.java:8889)
12-09 08:36:57.711 W/ActivityManager( 1591): 	at android.app.ActivityManagerNative.onTransact(ActivityManagerNative.java:2338)
12-09 08:36:57.711 W/ActivityManager( 1591): 	at com.android.server.am.ActivityManagerService.onTransact(ActivityManagerService.java:2443)
12-09 08:36:57.711 W/ActivityManager( 1591): 	at android.os.Binder.execTransact(Binder.java:453)
12-09 08:36:57.711 W/ActivityManager( 1591): Bad activity token: android.os.BinderProxy@adb7bce
12-09 08:36:57.711 W/ActivityManager( 1591): java.lang.ClassCastException: android.os.BinderProxy cannot be cast to com.android.server.am.ActivityRecord$Token
12-09 08:36:57.711 W/ActivityManager( 1591): 	at com.android.server.am.ActivityRecord.forTokenLocked(ActivityRecord.java:424)
12-09 08:36:57.711 W/ActivityManager( 1591): 	at com.android.server.am.ActivityRecord.isInStackLocked(ActivityRecord.java:1121)
12-09 08:36:57.711 W/ActivityManager( 1591): 	at com.android.server.am.ActivityManagerService.setTaskDescription(ActivityManagerService.java:8547)
12-09 08:36:57.711 W/ActivityManager( 1591): 	at android.app.ActivityManagerNative.onTransact(ActivityManagerNative.java:2410)
12-09 08:36:57.711 W/ActivityManager( 1591): 	at com.android.server.am.ActivityManagerService.onTransact(ActivityManagerService.java:2443)
12-09 08:36:57.711 W/ActivityManager( 1591): 	at android.os.Binder.execTransact(Binder.java:453)
12-09 08:36:57.797 W/art     (21057): Suspending all threads took: 13.016ms
12-09 08:36:57.820 I/art     (21057): Background sticky concurrent mark sweep GC freed 1706(254KB) AllocSpace objects, 0(0B) LOS objects, 11% free, 1855KB/2MB, paused 14.206ms total 46.825ms
12-09 08:36:57.850 W/ActivityManager( 1591): Bad activity token: android.os.BinderProxy@adb7bce
12-09 08:36:57.850 W/ActivityManager( 1591): java.lang.ClassCastException: android.os.BinderProxy cannot be cast to com.android.server.am.ActivityRecord$Token
12-09 08:36:57.850 W/ActivityManager( 1591): 	at com.android.server.am.ActivityRecord.forTokenLocked(ActivityRecord.java:424)
12-09 08:36:57.850 W/ActivityManager( 1591): 	at com.android.server.am.ActivityRecord.isInStackLocked(ActivityRecord.java:1121)
12-09 08:36:57.850 W/ActivityManager( 1591): 	at com.android.server.am.ActivityManagerService.getActivityOptions(ActivityManagerService.java:11038)
12-09 08:36:57.850 W/ActivityManager( 1591): 	at android.app.ActivityManagerNative.onTransact(ActivityManagerNative.java:1734)
12-09 08:36:57.850 W/ActivityManager( 1591): 	at com.android.server.am.ActivityManagerService.onTransact(ActivityManagerService.java:2443)
12-09 08:36:57.850 W/ActivityManager( 1591): 	at android.os.Binder.execTransact(Binder.java:453)
12-09 08:36:57.850 W/ActivityManager( 1591): Bad activity token: android.os.BinderProxy@adb7bce
12-09 08:36:57.850 W/ActivityManager( 1591): java.lang.ClassCastException: android.os.BinderProxy cannot be cast to com.android.server.am.ActivityRecord$Token
12-09 08:36:57.850 W/ActivityManager( 1591): 	at com.android.server.am.ActivityRecord.forTokenLocked(ActivityRecord.java:424)
12-09 08:36:57.850 W/ActivityManager( 1591): 	at com.android.server.am.ActivityRecord.isInStackLocked(ActivityRecord.java:1121)
12-09 08:36:57.850 W/ActivityManager( 1591): 	at com.android.server.am.ActivityManagerService.getActivityOptions(ActivityManagerService.java:11038)
12-09 08:36:57.850 W/ActivityManager( 1591): 	at android.app.ActivityManagerNative.onTransact(ActivityManagerNative.java:1734)
12-09 08:36:57.850 W/ActivityManager( 1591): 	at com.android.server.am.ActivityManagerService.onTransact(ActivityManagerService.java:2443)
12-09 08:36:57.850 W/ActivityManager( 1591): 	at android.os.Binder.execTransact(Binder.java:453)
12-09 08:36:57.961 I/art     (21057): Background sticky concurrent mark sweep GC freed 149(62KB) AllocSpace objects, 0(0B) LOS objects, 2% free, 2040KB/2MB, paused 968us total 121.361ms
12-09 08:36:57.982 V/PhoneStatusBar( 1681): setLightsOn(true)
12-09 08:36:57.988 I/art     (21057): Background partial concurrent mark sweep GC freed 2744(212KB) AllocSpace objects, 2(40KB) LOS objects, 39% free, 1802KB/2MB, paused 9.246ms total 24.598ms
12-09 08:36:58.061 D/EGL_emulation( 1900): eglMakeCurrent: 0x7f8c6a421820: ver 2 0 (tinfo 0x7f8c6a402740)
12-09 08:36:58.077 E/Surface ( 1900): getSlotFromBufferLocked: unknown buffer: 0x7f8c6634b240
12-09 08:36:58.278 D/gralloc_ranchu( 1226): gralloc_alloc: Creating ashmem region of size 3686400
12-09 08:36:58.402 D/        (21057): HostConnection::get() New Host Connection established 0x7f8c66ba5100, tid 21057
12-09 08:36:58.894 D/gralloc_ranchu( 1226): gralloc_alloc: Creating ashmem region of size 3686400
12-09 08:36:59.067 I/ActivityManager( 1591): Displayed com.evancharlton.mileage/.Mileage: +1s722ms
12-09 08:36:59.277 I/System.out(21057): URI: //map
12-09 08:36:59.277 I/System.out(21057): params: {json={"query":"android.widget.CheckBox index:0","operation":{"method_name":"query","arguments":[]}}
12-09 08:36:59.277 I/System.out(21057): }
12-09 08:36:59.441 D/gralloc_ranchu( 1226): gralloc_alloc: Creating ashmem region of size 3686400
12-09 08:36:59.461 I/art     (21057): Background sticky concurrent mark sweep GC freed 25265(1153KB) AllocSpace objects, 2(40KB) LOS objects, 28% free, 2MB/2MB, paused 1.317ms total 181.277ms
12-09 08:36:59.803 I/art     (21057): Background sticky concurrent mark sweep GC freed 29978(1294KB) AllocSpace objects, 0(0B) LOS objects, 15% free, 2MB/2MB, paused 1.371ms total 125.276ms
12-09 08:36:59.889 I/System.out(21057): URI: //gesture
12-09 08:36:59.889 I/System.out(21057): params: {json={"query_timeout":5.0,"gestures":[{"query_string":"android.widget.CheckBox index:0","touches":[{"x":50,"y":50,"offset_x":0,"offset_y":0,"wait":0.0,"time":0.2,"release":true,"query_string":null}]}]}
12-09 08:36:59.889 I/System.out(21057): }
12-09 08:36:59.964 I/art     (21057): Background sticky concurrent mark sweep GC freed 18328(856KB) AllocSpace objects, 2(40KB) LOS objects, 20% free, 2MB/2MB, paused 10.799ms total 51.184ms
12-09 08:37:00.277 W/audio_hw_generic( 1307): Hardware backing HAL too slow, could only write 0 of 661 frames
12-09 08:37:00.292 W/audio_hw_generic( 1307): Hardware backing HAL too slow, could only write 0 of 661 frames
12-09 08:37:00.316 W/audio_hw_generic( 1307): Hardware backing HAL too slow, could only write 0 of 661 frames
12-09 08:37:00.342 W/audio_hw_generic( 1307): Hardware backing HAL too slow, could only write 0 of 661 frames
12-09 08:37:00.360 W/audio_hw_generic( 1307): Hardware backing HAL too slow, could only write 0 of 661 frames
12-09 08:37:00.361 W/audio_hw_generic( 1307): Hardware backing HAL too slow, could only write 0 of 661 frames
12-09 08:37:00.789 W/audio_hw_generic( 1307): Not supplying enough data to HAL, expected position 45317625 , only wrote 45300313
12-09 08:37:00.925 W/audio_hw_generic( 1307): Hardware backing HAL too slow, could only write 0 of 661 frames
12-09 08:37:00.941 W/audio_hw_generic( 1307): Hardware backing HAL too slow, could only write 0 of 661 frames
12-09 08:37:00.941 E/SurfaceFlinger( 1226): ro.sf.lcd_density must be defined as a build property
12-09 08:37:00.953 D/gralloc_ranchu( 1226): gralloc_alloc: Creating ashmem region of size 3686400
12-09 08:37:01.029 W/audio_hw_generic( 1307): Hardware backing HAL too slow, could only write 0 of 661 frames
12-09 08:37:01.029 W/audio_hw_generic( 1307): Not supplying enough data to HAL, expected position 45310897 , only wrote 45309567
12-09 08:37:01.029 W/audio_hw_generic( 1307): Not supplying enough data to HAL, expected position 45309572 , only wrote 45309567
12-09 08:37:01.049 W/audio_hw_generic( 1307): Not supplying enough data to HAL, expected position 45310449 , only wrote 45310228
12-09 08:37:01.058 D/        (21085): HostConnection::get() New Host Connection established 0x7fbe03ad2480, tid 21085
12-09 08:37:01.080 W/audio_hw_generic( 1307): Hardware backing HAL too slow, could only write 0 of 661 frames
12-09 08:37:01.087 E/EGL_emulation( 1226): tid 1226: eglCreateSyncKHR(1881): error 0x3004 (EGL_BAD_ATTRIBUTE)
12-09 08:37:01.096 W/audio_hw_generic( 1307): Hardware backing HAL too slow, could only write 0 of 661 frames
12-09 08:37:01.466 W/audio_hw_generic( 1307): Hardware backing HAL too slow, could only write 0 of 661 frames
12-09 08:37:01.497 W/audio_hw_generic( 1307): Hardware backing HAL too slow, could only write 0 of 661 frames
12-09 08:37:01.570 W/audio_hw_generic( 1307): Hardware backing HAL too slow, could only write 0 of 661 frames
12-09 08:37:01.589 W/audio_hw_generic( 1307): Hardware backing HAL too slow, could only write 0 of 661 frames
12-09 08:37:01.600 W/audio_hw_generic( 1307): Hardware backing HAL too slow, could only write 0 of 661 frames
12-09 08:37:01.681 W/audio_hw_generic( 1307): Hardware backing HAL too slow, could only write 0 of 661 frames
12-09 08:37:01.690 W/audio_hw_generic( 1307): Hardware backing HAL too slow, could only write 0 of 661 frames
12-09 08:37:01.705 W/audio_hw_generic( 1307): Hardware backing HAL too slow, could only write 0 of 661 frames
12-09 08:37:01.720 W/audio_hw_generic( 1307): Hardware backing HAL too slow, could only write 0 of 661 frames
12-09 08:37:01.800 W/audio_hw_generic( 1307): Hardware backing HAL too slow, could only write 0 of 661 frames
12-09 08:37:01.800 W/audio_hw_generic( 1307): Not supplying enough data to HAL, expected position 45343370 , only wrote 45341295
12-09 08:37:01.801 W/audio_hw_generic( 1307): Not supplying enough data to HAL, expected position 45341300 , only wrote 45341295
12-09 08:37:01.824 W/audio_hw_generic( 1307): Not supplying enough data to HAL, expected position 45342338 , only wrote 45341956
12-09 08:37:01.824 W/audio_hw_generic( 1307): Hardware backing HAL too slow, could only write 0 of 661 frames
12-09 08:37:01.839 W/audio_hw_generic( 1307): Hardware backing HAL too slow, could only write 0 of 661 frames
12-09 08:37:01.854 W/audio_hw_generic( 1307): Hardware backing HAL too slow, could only write 0 of 661 frames
12-09 08:37:01.869 W/audio_hw_generic( 1307): Hardware backing HAL too slow, could only write 0 of 661 frames
12-09 08:37:01.906 I/System.out(21057): URI: //map
12-09 08:37:01.906 I/System.out(21057): params: {json={"query":"android.widget.CheckBox index:0","operation":{"method_name":"query","arguments":[]}}
12-09 08:37:01.906 I/System.out(21057): }
12-09 08:37:02.080 I/System.out(21057): URI: //gesture
12-09 08:37:02.081 I/System.out(21057): params: {json={"query_timeout":5.0,"gestures":[{"query_string":"android.widget.CheckBox index:0","touches":[{"x":50,"y":50,"offset_x":0,"offset_y":0,"wait":0.0,"time":0.2,"release":true,"query_string":null}]}]}
12-09 08:37:02.081 I/System.out(21057): }
12-09 08:37:02.233 W/audio_hw_generic( 1307): Not supplying enough data to HAL, expected position 45359968 , only wrote 45359803
12-09 08:37:02.245 W/audio_hw_generic( 1307): Not supplying enough data to HAL, expected position 45360337 , only wrote 45359803
12-09 08:37:02.365 W/audio_hw_generic( 1307): Not supplying enough data to HAL, expected position 45365092 , only wrote 45365091
12-09 08:37:02.401 W/audio_hw_generic( 1307): Not supplying enough data to HAL, expected position 45366684 , only wrote 45366413
12-09 08:37:02.492 W/audio_hw_generic( 1307): Not supplying enough data to HAL, expected position 45370449 , only wrote 45369718
12-09 08:37:02.513 W/audio_hw_generic( 1307): Not supplying enough data to HAL, expected position 45370625 , only wrote 45370379
12-09 08:37:02.538 D/AudioFlinger( 1307): mixer(0xf4340000) throttle end: throttle time(11)
12-09 08:37:02.541 I/art     (21057): Background sticky concurrent mark sweep GC freed 20165(867KB) AllocSpace objects, 0(0B) LOS objects, 0% free, 3MB/3MB, paused 1.209ms total 107.514ms
12-09 08:37:02.678 W/audio_hw_generic( 1307): Not supplying enough data to HAL, expected position 45377659 , only wrote 45377650
12-09 08:37:02.738 W/audio_hw_generic( 1307): Hardware backing HAL too slow, could only write 0 of 661 frames
12-09 08:37:02.957 E/SurfaceFlinger( 1226): ro.sf.lcd_density must be defined as a build property
12-09 08:37:02.958 D/gralloc_ranchu( 1226): gralloc_alloc: Creating ashmem region of size 3686400
12-09 08:37:03.013 W/audio_hw_generic( 1307): Not supplying enough data to HAL, expected position 45392410 , only wrote 45392192
12-09 08:37:03.025 D/        (21091): HostConnection::get() New Host Connection established 0x7f4722512480, tid 21091
12-09 08:37:03.052 E/EGL_emulation( 1226): tid 1226: eglCreateSyncKHR(1881): error 0x3004 (EGL_BAD_ATTRIBUTE)
12-09 08:37:03.313 W/audio_hw_generic( 1307): Not supplying enough data to HAL, expected position 45405430 , only wrote 45405412
12-09 08:37:03.621 W/audio_hw_generic( 1307): Not supplying enough data to HAL, expected position 45418974 , only wrote 45418632
12-09 08:37:03.671 W/audio_hw_generic( 1307): Not supplying enough data to HAL, expected position 45420873 , only wrote 45419954
