--------- beginning of system
12-09 08:27:17.683 W/ActivityManager( 1593): Finishing task with all activities already finished
--------- beginning of main
12-09 08:27:17.705 W/art     ( 1593): Suspending all threads took: 19.408ms
12-09 08:27:17.710 I/art     ( 1593): Background partial concurrent mark sweep GC freed 6712(658KB) AllocSpace objects, 4(80KB) LOS objects, 30% free, 9MB/13MB, paused 20.806ms total 76.546ms
12-09 08:27:17.710 W/ActivityManager( 1593): Duplicate finish request for ActivityRecord{7eaea22 u0 com.evancharlton.mileage/.Mileage t457 f}
12-09 08:27:17.720 W/audio_hw_generic( 1309): Not supplying enough data to HAL, expected position 41075930 , only wrote 41075862
12-09 08:27:17.721 W/audio_hw_generic( 1309): Not supplying enough data to HAL, expected position 41075868 , only wrote 41075862
12-09 08:27:17.779 W/ActivityManager( 1593): Finishing task with all activities already finished
12-09 08:27:17.779 W/ActivityManager( 1593): Duplicate finish request for ActivityRecord{7eaea22 u0 com.evancharlton.mileage/.Mileage t457 f}
12-09 08:27:17.801 W/ActivityManager( 1593): Finishing task with all activities already finished
12-09 08:27:17.801 W/ActivityManager( 1593): Duplicate finish request for ActivityRecord{7eaea22 u0 com.evancharlton.mileage/.Mileage t457 f}
12-09 08:27:17.884 W/audio_hw_generic( 1309): Not supplying enough data to HAL, expected position 41083078 , only wrote 41081150
12-09 08:27:17.884 W/audio_hw_generic( 1309): Not supplying enough data to HAL, expected position 41081156 , only wrote 41081150
12-09 08:27:17.900 W/audio_hw_generic( 1309): Not supplying enough data to HAL, expected position 41081852 , only wrote 41081811
12-09 08:27:17.940 W/audio_hw_generic( 1309): Hardware backing HAL too slow, could only write 0 of 661 frames
12-09 08:27:17.991 D/EGL_emulation( 1931): eglMakeCurrent: 0x7fdddfa36820: ver 2 0 (tinfo 0x7fdddfa02a60)
12-09 08:27:18.503 D/AndroidRuntime(16921): >>>>>> START com.android.internal.os.RuntimeInit uid 0 <<<<<<
12-09 08:27:18.518 D/AndroidRuntime(16921): CheckJNI is ON
12-09 08:27:18.555 D/ICU     (16921): No timezone override file found: /data/misc/zoneinfo/current/icu/icu_tzdata.dat
12-09 08:27:18.757 W/audio_hw_generic( 1309): Not supplying enough data to HAL, expected position 41119569 , only wrote 41118166
12-09 08:27:18.797 W/audio_hw_generic( 1309): Not supplying enough data to HAL, expected position 41119931 , only wrote 41118166
12-09 08:27:18.812 W/audio_hw_generic( 1309): Not supplying enough data to HAL, expected position 41118842 , only wrote 41118827
12-09 08:27:18.814 W/art     ( 1593): Long monitor contention event with owner method=void com.android.server.wm.WindowAnimator$1.doFrame(long) from WindowAnimator.java:121 waiters=1 for 249ms
12-09 08:27:18.868 W/audio_hw_generic( 1309): Hardware backing HAL too slow, could only write 0 of 661 frames
12-09 08:27:18.876 W/audio_hw_generic( 1309): Hardware backing HAL too slow, could only write 0 of 661 frames
12-09 08:27:18.883 E/memtrack(16921): Couldn't load memtrack module (No such file or directory)
12-09 08:27:18.891 E/android.os.Debug(16921): failed to load memtrack module: -2
12-09 08:27:18.893 I/Radio-JNI(16921): register_android_hardware_Radio DONE
12-09 08:27:18.920 D/AndroidRuntime(16921): Calling main entry com.android.commands.am.Am
12-09 08:27:19.112 W/audio_hw_generic( 1309): Not supplying enough data to HAL, expected position 41142325 , only wrote 41130064
12-09 08:27:19.114 W/art     ( 1593): Long monitor contention event with owner method=void com.android.server.wm.WindowAnimator$1.doFrame(long) from WindowAnimator.java:121 waiters=2 for 284ms
12-09 08:27:19.197 W/art     ( 1593): Long monitor contention event with owner method=void com.android.server.wm.WindowAnimator$1.doFrame(long) from WindowAnimator.java:121 waiters=2 for 280ms
12-09 08:27:19.442 W/art     ( 1593): Long monitor contention event with owner method=void com.android.server.wm.WindowAnimator$1.doFrame(long) from WindowAnimator.java:121 waiters=2 for 327ms
12-09 08:27:19.558 W/art     ( 1593): Long monitor contention event with owner method=void com.android.server.wm.WindowAnimator$1.doFrame(long) from WindowAnimator.java:121 waiters=2 for 361ms
12-09 08:27:19.614 W/art     ( 1593): Long monitor contention event with owner method=void com.android.server.wm.WindowAnimator$1.doFrame(long) from WindowAnimator.java:121 waiters=2 for 377ms
12-09 08:27:19.737 W/art     ( 1593): Long monitor contention event with owner method=void com.android.server.wm.WindowAnimator$1.doFrame(long) from WindowAnimator.java:121 waiters=2 for 295ms
12-09 08:27:19.738 W/art     ( 1593): Long monitor contention event with owner method=void com.android.server.wm.WindowAnimator$1.doFrame(long) from WindowAnimator.java:121 waiters=2 for 179ms
12-09 08:27:19.739 W/art     ( 1593): Long monitor contention event with owner method=java.util.List com.android.server.am.ActivityManagerService.getAllStackInfos() from ActivityManagerService.java:8937 waiters=1 for 495ms
12-09 08:27:19.740 W/art     ( 1593): Long monitor contention event with owner method=java.util.List com.android.server.am.ActivityManagerService.getAllStackInfos() from ActivityManagerService.java:8937 waiters=0 for 819ms
12-09 08:27:19.740 I/ActivityManager( 1593): Force stopping com.evancharlton.mileage appid=10137 user=0: start instr
12-09 08:27:19.740 I/ActivityManager( 1593): Killing 16876:com.evancharlton.mileage/u0a137 (adj 0): stop com.evancharlton.mileage
12-09 08:27:19.888 W/art     ( 1593): Long monitor contention event with owner method=void com.android.server.wm.WindowManagerService.removeWindow(com.android.server.wm.Session, android.view.IWindow) from WindowManagerService.java:2696 waiters=0 for 150ms
12-09 08:27:19.901 I/WindowState( 1593): WIN DEATH: Window{9423f88 u0 com.evancharlton.mileage/com.evancharlton.mileage.Mileage EXITING}
12-09 08:27:19.901 W/InputMethodManagerService( 1593): Got RemoteException sending setActive(false) notification to pid 16876 uid 10137
12-09 08:27:19.906 I/Choreographer( 1931): Skipped 113 frames!  The application may be doing too much work on its main thread.
12-09 08:27:19.917 W/ActivityManager( 1593): Crash of app com.evancharlton.mileage running instrumentation ComponentInfo{com.evancharlton.mileage.test/sh.calaba.instrumentationbackend.CalabashInstrumentationTestRunner}
12-09 08:27:19.917 I/ActivityManager( 1593): Force stopping com.evancharlton.mileage appid=10137 user=0: finished inst
12-09 08:27:20.016 I/ActivityManager( 1593): Start proc 16930:com.evancharlton.mileage/u0a137 for added application com.evancharlton.mileage
12-09 08:27:20.017 W/art     ( 1593): Long monitor contention event with owner method=boolean com.android.server.am.ActivityManagerService.startInstrumentation(android.content.ComponentName, java.lang.String, int, android.os.Bundle, android.app.IInstrumentationWatcher, android.app.IUiAutomationConnection, int, java.lang.String) from ActivityManagerService.java:17066 waiters=0 for 275ms
12-09 08:27:20.017 D/AndroidRuntime(16921): Shutting down VM
12-09 08:27:20.018 W/ActivityManager( 1593): Spurious death for ProcessRecord{382671e 0:com.evancharlton.mileage/u0a137}, curProc for 16876: null
12-09 08:27:20.167 I/art     (16930): Background sticky concurrent mark sweep GC freed 4809(211KB) AllocSpace objects, 0(0B) LOS objects, 69% free, 392KB/1295KB, paused 2.167ms total 129.834ms
12-09 08:27:20.171 W/System  (16930): ClassLoader referenced unknown path: /data/app/com.evancharlton.mileage.test-1/lib/x86_64
12-09 08:27:20.171 W/System  (16930): ClassLoader referenced unknown path: /data/app/com.evancharlton.mileage-1/lib/x86_64
12-09 08:27:20.283 I/System.out(16930): Main activity name automatically set to: com.evancharlton.mileage.Mileage
12-09 08:27:20.297 I/System.out(16930): Calabash did not load Mono. This is only a problem if you are trying to test a Mono application
12-09 08:27:20.297 I/calabash(16930): Test server port: 7102
12-09 08:27:20.298 I/InstrumentationBackend(16930): Added:'GetPreferences', with key:'get_preferences'
12-09 08:27:20.380 W/art     ( 1593): Long monitor contention event with owner method=void com.android.server.wm.WindowAnimator$1.doFrame(long) from WindowAnimator.java:121 waiters=1 for 199ms
12-09 08:27:20.421 I/InstrumentationBackend(16930): Added:'SetPreferences', with key:'set_preferences'
12-09 08:27:20.421 I/InstrumentationBackend(16930): Added:'ClearPreferences', with key:'clear_preferences'
12-09 08:27:20.421 I/InstrumentationBackend(16930): Added:'PressElement', with key:'press_l10n_element'
12-09 08:27:20.421 I/InstrumentationBackend(16930): Added:'WaitForElement', with key:'wait_for_l10n_element'
12-09 08:27:20.421 I/InstrumentationBackend(16930): Added:'NullAction', with key:'nullAction'
12-09 08:27:20.422 I/InstrumentationBackend(16930): Added:'PressKey', with key:'press_key'
12-09 08:27:20.422 I/InstrumentationBackend(16930): Added:'SetActivityOrientation', with key:'set_activity_orientation'
12-09 08:27:20.422 I/InstrumentationBackend(16930): Added:'GetActivityOrientation', with key:'get_activity_orientation'
12-09 08:27:20.422 I/InstrumentationBackend(16930): Added:'FakeGPSLocation', with key:'set_gps_coordinates'
12-09 08:27:20.422 I/InstrumentationBackend(16930): Added:'SetPropertyByCssSelector', with key:'set_property_by_css_selector'
12-09 08:27:20.422 I/InstrumentationBackend(16930): Added:'GetUrl', with key:'get_url'
12-09 08:27:20.423 I/InstrumentationBackend(16930): Added:'ScrollTo', with key:'scroll_to'
12-09 08:27:20.423 I/InstrumentationBackend(16930): Added:'GetLoadProgress', with key:'get_load_progress'
12-09 08:27:20.483 I/InstrumentationBackend(16930): Added:'DumpHtml', with key:'dump_html'
12-09 08:27:20.483 I/InstrumentationBackend(16930): Added:'DumpBodyHtml', with key:'dump_body_html'
12-09 08:27:20.483 I/InstrumentationBackend(16930): Added:'EnterTextByCssSelector', with key:'enter_text_by_selector'
12-09 08:27:20.484 I/InstrumentationBackend(16930): Added:'AndroidSDKVersion', with key:'android_sdk_version'
12-09 08:27:20.484 I/InstrumentationBackend(16930): Added:'Version', with key:'version'
12-09 08:27:20.484 I/InstrumentationBackend(16930): Added:'Drag', with key:'drag'
12-09 08:27:20.485 I/InstrumentationBackend(16930): Added:'TouchCoordinates', with key:'touch_coordinate'
12-09 08:27:20.485 I/InstrumentationBackend(16930): Added:'LongPressCoordinate', with key:'long_press_coordinate'
12-09 08:27:20.485 I/InstrumentationBackend(16930): Added:'DragCoordinates', with key:'drag_coordinates'
12-09 08:27:20.485 I/InstrumentationBackend(16930): Added:'ResumeApplication', with key:'resume_application'
12-09 08:27:20.485 I/InstrumentationBackend(16930): Added:'Swipe', with key:'swipe'
12-09 08:27:20.485 I/InstrumentationBackend(16930): Added:'DoubleTapCoordinate', with key:'double_tap_coordinate'
12-09 08:27:20.485 I/InstrumentationBackend(16930): Added:'ClickOnScreen', with key:'click_on_screen'
12-09 08:27:20.486 I/InstrumentationBackend(16930): Added:'GetActivityName', with key:'get_activity_name'
12-09 08:27:20.486 I/InstrumentationBackend(16930): Added:'ScrollToView', with key:'scroll_to_view'
12-09 08:27:20.486 I/InstrumentationBackend(16930): Added:'ViewConfiguration', with key:'view_configuration'
12-09 08:27:20.486 I/InstrumentationBackend(16930): Added:'IsCurrentActivityFocused', with key:'is_current_activity_focused'
12-09 08:27:20.487 I/InstrumentationBackend(16930): Added:'SendTcp', with key:'send_tcp'
12-09 08:27:20.487 I/InstrumentationBackend(16930): Added:'DpToDevicePixel', with key:'dp_to_device_pixel'
12-09 08:27:20.487 I/InstrumentationBackend(16930): Added:'KeyboardEnterText', with key:'keyboard_enter_text'
12-09 08:27:20.487 I/InstrumentationBackend(16930): Added:'DeleteSurroundingText', with key:'delete_surrounding_text'
12-09 08:27:20.504 I/InstrumentationBackend(16930): Added:'SetComposingRegion', with key:'set_composing_region'
12-09 08:27:20.505 I/InstrumentationBackend(16930): Added:'SetSelection', with key:'set_selection'
12-09 08:27:20.505 I/InstrumentationBackend(16930): Added:'KeyboardKeyEvent', with key:'keyboard_key_event'
12-09 08:27:20.505 I/InstrumentationBackend(16930): Added:'PressUserActionButton', with key:'press_user_action_button'
12-09 08:27:20.505 I/InstrumentationBackend(16930): Added:'HideSoftKeyboard', with key:'hide_soft_keyboard'
12-09 08:27:20.506 I/InstrumentationBackend(16930): Added:'ListActions', with key:'list_actions'
12-09 08:27:20.537 I/calabash(16930): Instantiating http server at 7102
12-09 08:27:20.539 I/System.out(16930): HTTP Daemon listening on: 7102
12-09 08:27:20.715 W/art     ( 1593): Long monitor contention event with owner method=void com.android.server.wm.WindowAnimator$1.doFrame(long) from WindowAnimator.java:121 waiters=1 for 335ms
12-09 08:27:20.723 I/art     (16930): Background partial concurrent mark sweep GC freed 3782(374KB) AllocSpace objects, 1(20KB) LOS objects, 49% free, 1028KB/2MB, paused 7.251ms total 367.041ms
12-09 08:27:20.729 I/System.out(16930): URI: //ping
12-09 08:27:20.729 I/System.out(16930): params: {json={}
12-09 08:27:20.729 I/System.out(16930): }
12-09 08:27:20.743 W/art     ( 1593): Long monitor contention event with owner method=void com.android.server.wm.WindowAnimator$1.doFrame(long) from WindowAnimator.java:121 waiters=1 for 262ms
12-09 08:27:20.848 I/System.out(16930): URI: //ping
12-09 08:27:20.848 I/System.out(16930): params: {json={}
12-09 08:27:20.848 I/System.out(16930): }
12-09 08:27:20.917 W/art     ( 1593): Long monitor contention event with owner method=void com.android.server.wm.WindowAnimator$1.doFrame(long) from WindowAnimator.java:121 waiters=1 for 174ms
12-09 08:27:20.944 I/System.out(16930): URI: //ready
12-09 08:27:20.944 I/System.out(16930): params: {json={}
12-09 08:27:20.944 I/System.out(16930): }
12-09 08:27:21.006 I/System.out(16930): URI: //
12-09 08:27:21.006 I/System.out(16930): params: {json={"command":"version","arguments":[]}
12-09 08:27:21.006 I/System.out(16930): }
12-09 08:27:21.006 I/System.out(16930): header: {date=Sun, 09 Dec 2018 08:27:21 GMT, accept=*/*, content-length=36, host=127.0.0.1:34777, user-agent=HTTPClient/1.0 (2.8.3, ruby 2.3.1 (2016-04-26)), content-type=application/json;charset=utf-8}
12-09 08:27:21.006 I/System.out(16930): params: {json={"command":"version","arguments":[]}
12-09 08:27:21.006 I/System.out(16930): }
12-09 08:27:21.006 I/System.out(16930): ProP json = {"command":"version","arguments":[]}
12-09 08:27:21.006 I/System.out(16930): files: {}
12-09 08:27:21.007 I/System.out(16930): command: {"command":"version","arguments":[]}
12-09 08:27:21.031 I/InstrumentationBackend(16930): Got command:'Command:'Line:null,version', arguments:'[]'
12-09 08:27:21.106 I/art     (16930): Background sticky concurrent mark sweep GC freed 7341(535KB) AllocSpace objects, 11(220KB) LOS objects, 28% free, 1462KB/2MB, paused 18.245ms total 40.125ms
12-09 08:27:21.107 I/System.out(16930): result:{"bonusInformation":[],"message":"0.9.8","success":true}
12-09 08:27:21.241 I/System.out(16930): URI: //start-application
12-09 08:27:21.241 I/System.out(16930): params: {json={"intent":null}
12-09 08:27:21.241 I/System.out(16930): }
12-09 08:27:21.369 W/art     ( 1593): Long monitor contention event with owner method=void com.android.server.wm.WindowAnimator$1.doFrame(long) from WindowAnimator.java:121 waiters=1 for 268ms
12-09 08:27:21.422 I/art     (16930): Background sticky concurrent mark sweep GC freed 15290(647KB) AllocSpace objects, 2(40KB) LOS objects, 14% free, 1758KB/2MB, paused 1.078ms total 141.355ms
12-09 08:27:21.676 W/art     ( 1593): Long monitor contention event with owner method=void com.android.server.wm.WindowAnimator$1.doFrame(long) from WindowAnimator.java:121 waiters=2 for 250ms
12-09 08:27:22.082 W/art     ( 1593): Long monitor contention event with owner method=void com.android.server.wm.WindowAnimator$1.doFrame(long) from WindowAnimator.java:121 waiters=2 for 238ms
12-09 08:27:22.206 W/art     ( 1593): Long monitor contention event with owner method=void com.android.server.wm.WindowAnimator$1.doFrame(long) from WindowAnimator.java:121 waiters=2 for 317ms
12-09 08:27:22.221 W/art     ( 1593): Long monitor contention event with owner method=void com.android.server.wm.WindowAnimator$1.doFrame(long) from WindowAnimator.java:121 waiters=2 for 248ms
12-09 08:27:22.297 W/art     ( 1593): Long monitor contention event with owner method=void com.android.server.wm.WindowAnimator$1.doFrame(long) from WindowAnimator.java:121 waiters=2 for 214ms
12-09 08:27:22.381 W/art     ( 1593): Long monitor contention event with owner method=void com.android.server.wm.WindowAnimator$1.doFrame(long) from WindowAnimator.java:121 waiters=2 for 160ms
12-09 08:27:22.766 W/art     ( 1593): Long monitor contention event with owner method=void com.android.server.wm.WindowAnimator$1.doFrame(long) from WindowAnimator.java:121 waiters=2 for 265ms
12-09 08:27:22.790 W/art     ( 1593): Long monitor contention event with owner method=void com.android.server.wm.WindowAnimator$1.doFrame(long) from WindowAnimator.java:121 waiters=2 for 178ms
12-09 08:27:22.803 I/ActivityManager( 1593): START u0 {act=android.intent.action.MAIN cat=[android.intent.category.LAUNCHER] flg=0x10200000 cmp=com.evancharlton.mileage/.Mileage} from uid 10137 on display 0
12-09 08:27:22.804 I/Choreographer( 1931): Skipped 173 frames!  The application may be doing too much work on its main thread.
12-09 08:27:22.857 W/OpenGLRenderer( 1931): Incorrectly called buildLayer on View: ShortcutAndWidgetContainer, destroying layer...
12-09 08:27:23.048 W/WindowState( 1593): Failed to report 'resized' to the client of Window{9423f88 u0 com.evancharlton.mileage/com.evancharlton.mileage.Mileage EXITING}, removing this window.
12-09 08:27:23.049 W/art     ( 1593): Long monitor contention event with owner method=void com.android.server.wm.WindowManagerService.attachStack(int, int) from WindowManagerService.java:5157 waiters=0 for 244ms
12-09 08:27:23.251 D/gralloc_ranchu( 1224): gralloc_alloc: Creating ashmem region of size 3686400
12-09 08:27:23.256 I/calabash(16930): newActivity1
12-09 08:27:23.257 W/art     ( 1593): Long monitor contention event with owner method=void com.android.server.am.ActivityManagerService.activityPaused(android.os.IBinder) from ActivityManagerService.java:6439 waiters=1 for 123ms
12-09 08:27:23.344 I/calabash(16930): newActivity1
12-09 08:27:23.346 W/ActivityManager( 1593): Bad activity token: android.os.BinderProxy@da1093
12-09 08:27:23.346 W/ActivityManager( 1593): java.lang.ClassCastException: android.os.BinderProxy cannot be cast to com.android.server.am.ActivityRecord$Token
12-09 08:27:23.346 W/ActivityManager( 1593): 	at com.android.server.am.ActivityRecord.forTokenLocked(ActivityRecord.java:424)
12-09 08:27:23.346 W/ActivityManager( 1593): 	at com.android.server.am.ActivityRecord.isInStackLocked(ActivityRecord.java:1121)
12-09 08:27:23.346 W/ActivityManager( 1593): 	at com.android.server.am.ActivityRecord.getStackLocked(ActivityRecord.java:1126)
12-09 08:27:23.346 W/ActivityManager( 1593): 	at com.android.server.am.ActivityManagerService.getActivityDisplayId(ActivityManagerService.java:8889)
12-09 08:27:23.346 W/ActivityManager( 1593): 	at android.app.ActivityManagerNative.onTransact(ActivityManagerNative.java:2338)
12-09 08:27:23.346 W/ActivityManager( 1593): 	at com.android.server.am.ActivityManagerService.onTransact(ActivityManagerService.java:2443)
12-09 08:27:23.346 W/ActivityManager( 1593): 	at android.os.Binder.execTransact(Binder.java:453)
12-09 08:27:23.347 W/ActivityManager( 1593): Bad activity token: android.os.BinderProxy@da1093
12-09 08:27:23.347 W/ActivityManager( 1593): java.lang.ClassCastException: android.os.BinderProxy cannot be cast to com.android.server.am.ActivityRecord$Token
12-09 08:27:23.347 W/ActivityManager( 1593): 	at com.android.server.am.ActivityRecord.forTokenLocked(ActivityRecord.java:424)
12-09 08:27:23.347 W/ActivityManager( 1593): 	at com.android.server.am.ActivityRecord.isInStackLocked(ActivityRecord.java:1121)
12-09 08:27:23.347 W/ActivityManager( 1593): 	at com.android.server.am.ActivityManagerService.setTaskDescription(ActivityManagerService.java:8547)
12-09 08:27:23.347 W/ActivityManager( 1593): 	at android.app.ActivityManagerNative.onTransact(ActivityManagerNative.java:2410)
12-09 08:27:23.347 W/ActivityManager( 1593): 	at com.android.server.am.ActivityManagerService.onTransact(ActivityManagerService.java:2443)
12-09 08:27:23.347 W/ActivityManager( 1593): 	at android.os.Binder.execTransact(Binder.java:453)
12-09 08:27:23.572 W/ActivityManager( 1593): Bad activity token: android.os.BinderProxy@da1093
12-09 08:27:23.572 W/ActivityManager( 1593): java.lang.ClassCastException: android.os.BinderProxy cannot be cast to com.android.server.am.ActivityRecord$Token
12-09 08:27:23.572 W/ActivityManager( 1593): 	at com.android.server.am.ActivityRecord.forTokenLocked(ActivityRecord.java:424)
12-09 08:27:23.572 W/ActivityManager( 1593): 	at com.android.server.am.ActivityRecord.isInStackLocked(ActivityRecord.java:1121)
12-09 08:27:23.572 W/ActivityManager( 1593): 	at com.android.server.am.ActivityManagerService.getActivityOptions(ActivityManagerService.java:11038)
12-09 08:27:23.572 W/ActivityManager( 1593): 	at android.app.ActivityManagerNative.onTransact(ActivityManagerNative.java:1734)
12-09 08:27:23.572 W/ActivityManager( 1593): 	at com.android.server.am.ActivityManagerService.onTransact(ActivityManagerService.java:2443)
12-09 08:27:23.572 W/ActivityManager( 1593): 	at android.os.Binder.execTransact(Binder.java:453)
12-09 08:27:23.613 I/art     (16930): Background sticky concurrent mark sweep GC freed 1812(276KB) AllocSpace objects, 0(0B) LOS objects, 5% free, 1930KB/2MB, paused 944us total 145.057ms
12-09 08:27:23.630 V/PhoneStatusBar( 9884): setLightsOn(true)
12-09 08:27:23.630 W/ActivityManager( 1593): Bad activity token: android.os.BinderProxy@da1093
12-09 08:27:23.630 W/ActivityManager( 1593): java.lang.ClassCastException: android.os.BinderProxy cannot be cast to com.android.server.am.ActivityRecord$Token
12-09 08:27:23.630 W/ActivityManager( 1593): 	at com.android.server.am.ActivityRecord.forTokenLocked(ActivityRecord.java:424)
12-09 08:27:23.630 W/ActivityManager( 1593): 	at com.android.server.am.ActivityRecord.isInStackLocked(ActivityRecord.java:1121)
12-09 08:27:23.630 W/ActivityManager( 1593): 	at com.android.server.am.ActivityManagerService.getActivityOptions(ActivityManagerService.java:11038)
12-09 08:27:23.630 W/ActivityManager( 1593): 	at android.app.ActivityManagerNative.onTransact(ActivityManagerNative.java:1734)
12-09 08:27:23.630 W/ActivityManager( 1593): 	at com.android.server.am.ActivityManagerService.onTransact(ActivityManagerService.java:2443)
12-09 08:27:23.630 W/ActivityManager( 1593): 	at android.os.Binder.execTransact(Binder.java:453)
12-09 08:27:23.710 D/EGL_emulation( 1931): eglMakeCurrent: 0x7fdddfa36820: ver 2 0 (tinfo 0x7fdddfa02a60)
12-09 08:27:23.712 E/Surface ( 1931): getSlotFromBufferLocked: unknown buffer: 0x7fdddb945e80
12-09 08:27:23.762 W/art     ( 1593): Long monitor contention event with owner method=void com.android.server.wm.WindowAnimator$1.doFrame(long) from WindowAnimator.java:121 waiters=0 for 132ms
12-09 08:27:24.036 I/art     (16930): Background partial concurrent mark sweep GC freed 2985(202KB) AllocSpace objects, 1(20KB) LOS objects, 40% free, 1860KB/3MB, paused 962us total 131.484ms
12-09 08:27:24.381 W/art     ( 1593): Long monitor contention event with owner method=void com.android.server.wm.WindowAnimator$1.doFrame(long) from WindowAnimator.java:121 waiters=0 for 235ms
12-09 08:27:24.493 W/art     ( 1593): Long monitor contention event with owner method=int com.android.server.wm.WindowManagerService.relayoutWindow(com.android.server.wm.Session, android.view.IWindow, int, android.view.WindowManager$LayoutParams, int, int, int, int, android.graphics.Rect, android.graphics.Rect, android.graphics.Rect, android.graphics.Rect, android.graphics.Rect, android.graphics.Rect, android.content.res.Configuration, android.view.Surface) from WindowManagerService.java:3103 waiters=1 for 112ms
12-09 08:27:24.507 I/Choreographer(16930): Skipped 35 frames!  The application may be doing too much work on its main thread.
12-09 08:27:24.507 D/gralloc_ranchu( 1224): gralloc_alloc: Creating ashmem region of size 3686400
12-09 08:27:24.652 D/        (16930): HostConnection::get() New Host Connection established 0x7fdddd987400, tid 16930
12-09 08:27:24.818 I/ActivityManager( 1593): Displayed com.evancharlton.mileage/.Mileage: +1s568ms
12-09 08:27:24.819 D/gralloc_ranchu( 1224): gralloc_alloc: Creating ashmem region of size 3686400
12-09 08:27:25.344 D/gralloc_ranchu( 1224): gralloc_alloc: Creating ashmem region of size 3686400
12-09 08:27:26.244 I/System.out(16930): URI: //map
12-09 08:27:26.244 I/System.out(16930): params: {json={"query":"android.widget.EditText id:'price'","operation":{"method_name":"query","arguments":[]}}
12-09 08:27:26.244 I/System.out(16930): }
12-09 08:27:26.373 W/ResourceType(16930): No package identifier when getting name for resource number 0x00000001
12-09 08:27:26.436 W/art     (16930): Suspending all threads took: 11.107ms
12-09 08:27:26.500 I/art     (16930): Background sticky concurrent mark sweep GC freed 27113(1196KB) AllocSpace objects, 0(0B) LOS objects, 14% free, 2MB/3MB, paused 12.351ms total 104.932ms
12-09 08:27:26.597 I/System.out(16930): URI: //gesture
12-09 08:27:26.597 I/System.out(16930): params: {json={"query_timeout":5.0,"gestures":[{"query_string":"android.widget.EditText id:'price'","touches":[{"x":50,"y":50,"offset_x":0,"offset_y":0,"wait":0.0,"time":0.2,"release":true,"query_string":null}]}]}
12-09 08:27:26.597 I/System.out(16930): }
12-09 08:27:26.625 W/ResourceType(16930): No package identifier when getting name for resource number 0x00000001
12-09 08:27:27.701 I/art     (16930): Background sticky concurrent mark sweep GC freed 29643(1477KB) AllocSpace objects, 1(20KB) LOS objects, 20% free, 2MB/3MB, paused 1.065ms total 160.230ms
12-09 08:27:27.733 D/gralloc_ranchu( 1224): gralloc_alloc: Creating ashmem region of size 12288
12-09 08:27:28.185 I/System.out(16930): URI: //
12-09 08:27:28.186 I/System.out(16930): params: {json={"command":"set_selection","arguments":[-1,-1]}
12-09 08:27:28.186 I/System.out(16930): }
12-09 08:27:28.186 I/System.out(16930): header: {date=Sun, 09 Dec 2018 08:27:28 GMT, accept=*/*, content-length=47, host=127.0.0.1:34777, user-agent=HTTPClient/1.0 (2.8.3, ruby 2.3.1 (2016-04-26)), content-type=application/json;charset=utf-8}
12-09 08:27:28.186 I/System.out(16930): params: {json={"command":"set_selection","arguments":[-1,-1]}
12-09 08:27:28.186 I/System.out(16930): }
12-09 08:27:28.186 I/System.out(16930): ProP json = {"command":"set_selection","arguments":[-1,-1]}
12-09 08:27:28.186 I/System.out(16930): files: {}
12-09 08:27:28.186 I/System.out(16930): command: {"command":"set_selection","arguments":[-1,-1]}
12-09 08:27:28.187 I/InstrumentationBackend(16930): Got command:'Command:'Line:null,set_selection', arguments:'[-1, -1]'
12-09 08:27:28.576 D/gralloc_ranchu( 1224): gralloc_alloc: Creating ashmem region of size 32768
12-09 08:27:28.749 I/System.out(16930): result:{"bonusInformation":[],"message":"","success":true}
12-09 08:27:28.751 D/gralloc_ranchu( 1224): gralloc_alloc: Creating ashmem region of size 32768
12-09 08:27:28.787 I/art     (16930): Background sticky concurrent mark sweep GC freed 13025(578KB) AllocSpace objects, 2(40KB) LOS objects, 15% free, 2MB/3MB, paused 9.299ms total 128.207ms
12-09 08:27:29.350 D/gralloc_ranchu( 1224): gralloc_alloc: Creating ashmem region of size 32768
12-09 08:27:34.165 W/SurfaceFlinger( 1224): Timed out waiting for hw vsync; faking it
12-09 08:27:34.402 E/SurfaceFlinger( 1224): ro.sf.lcd_density must be defined as a build property
12-09 08:27:34.438 D/gralloc_ranchu( 1224): gralloc_alloc: Creating ashmem region of size 3686400
12-09 08:27:34.473 D/        (16980): HostConnection::get() New Host Connection established 0x7fe2db0d2480, tid 16980
12-09 08:27:34.496 E/EGL_emulation( 1224): tid 1224: eglCreateSyncKHR(1881): error 0x3004 (EGL_BAD_ATTRIBUTE)
