12-09 07:38:02.407 W/ActivityManager( 1591): 	at com.android.server.am.ActivityRecord.forTokenLocked(ActivityRecord.java:424)
12-09 07:38:02.407 W/ActivityManager( 1591): 	at com.android.server.am.ActivityRecord.isInStackLocked(ActivityRecord.java:1121)
12-09 07:38:02.407 W/ActivityManager( 1591): 	at com.android.server.am.ActivityManagerService.getActivityOptions(ActivityManagerService.java:11038)
12-09 07:38:02.407 W/ActivityManager( 1591): 	at android.app.ActivityManagerNative.onTransact(ActivityManagerNative.java:1734)
12-09 07:38:02.407 W/ActivityManager( 1591): 	at com.android.server.am.ActivityManagerService.onTransact(ActivityManagerService.java:2443)
12-09 07:38:02.407 W/ActivityManager( 1591): 	at android.os.Binder.execTransact(Binder.java:453)
12-09 07:38:02.417 W/audio_hw_generic( 1307): Hardware backing HAL too slow, could only write 0 of 661 frames
12-09 07:38:02.419 D/VehicleStatisticsActivity( 4013): Checking recalculation ...
12-09 07:38:02.420 D/VehicleStatisticsActivity( 4013): Recalculating statistics
12-09 07:38:02.420 D/VehicleStatisticsTask( 4013): Calculation starting...
12-09 07:38:02.420 D/VehicleStatisticsActivity( 4013): Recalculation started!
12-09 07:38:02.459 D/VehicleStatisticsTask( 4013): Not enough fillups to calculate statistics
12-09 07:38:02.468 D/VehicleStatisticsTask( 4013): Not enough fillups to calculate statistics
12-09 07:38:02.627 D/VehicleStatisticsTask( 4013): Done recalculating!
12-09 07:38:02.627 D/VehicleStatisticsTask( 4013): Done recalculating!
12-09 07:38:02.630 D/VehicleStatisticsAdapter( 4013): Erasing the cache ...
12-09 07:38:02.631 D/VehicleStatisticsAdapter( 4013): Building new values ...
12-09 07:38:02.632 D/VehicleStatisticsAdapter( 4013): Writing 29 records to the database ...
12-09 07:38:02.676 D/VehicleStatisticsAdapter( 4013): Erasing the cache ...
12-09 07:38:02.743 D/Mileage.ABS( 4013): Finished backup
12-09 07:38:02.744 D/Mileage.ABS( 4013): Not backing up; 116
12-09 07:38:02.760 W/audio_hw_generic( 1307): Hardware backing HAL too slow, could only write 0 of 661 frames
12-09 07:38:02.841 D/VehicleStatisticsAdapter( 4013): Building new values ...
12-09 07:38:02.841 D/VehicleStatisticsAdapter( 4013): Writing 29 records to the database ...
12-09 07:38:02.855 D/Mileage.ABS( 4013): Not backing up; 227
12-09 07:38:02.871 D/Mileage.ABS( 4013): Not backing up; 243
12-09 07:38:02.978 D/Mileage.ABS( 4013): Not backing up; 350
12-09 07:38:02.979 D/Mileage.ABS( 4013): Not backing up; 351
12-09 07:38:02.979 D/Mileage.ABS( 4013): Not backing up; 351
12-09 07:38:02.983 D/Mileage.ABS( 4013): Not backing up; 355
12-09 07:38:02.983 D/Mileage.ABS( 4013): Not backing up; 355
12-09 07:38:03.010 W/audio_hw_generic( 1307): Hardware backing HAL too slow, could only write 0 of 661 frames
12-09 07:38:03.012 W/audio_hw_generic( 1307): Hardware backing HAL too slow, could only write 0 of 661 frames
12-09 07:38:03.042 W/audio_hw_generic( 1307): Hardware backing HAL too slow, could only write 0 of 661 frames
12-09 07:38:03.062 W/audio_hw_generic( 1307): Hardware backing HAL too slow, could only write 0 of 661 frames
12-09 07:38:03.072 W/audio_hw_generic( 1307): Hardware backing HAL too slow, could only write 0 of 661 frames
12-09 07:38:03.072 E/SurfaceFlinger( 1223): ro.sf.lcd_density must be defined as a build property
12-09 07:38:03.087 W/audio_hw_generic( 1307): Hardware backing HAL too slow, could only write 0 of 661 frames
12-09 07:38:03.123 D/Mileage.ABS( 4013): Not backing up; 495
12-09 07:38:03.126 D/gralloc_ranchu( 1223): gralloc_alloc: Creating ashmem region of size 3686400
12-09 07:38:03.149 D/        ( 4055): HostConnection::get() New Host Connection established 0x7f04148d2480, tid 4055
12-09 07:38:03.180 E/EGL_emulation( 1223): tid 1223: eglCreateSyncKHR(1881): error 0x3004 (EGL_BAD_ATTRIBUTE)
12-09 07:38:03.213 W/audio_hw_generic( 1307): Not supplying enough data to HAL, expected position 1283099 , only wrote 1282340
12-09 07:38:03.217 D/Mileage.ABS( 4013): Not backing up; 589
12-09 07:38:03.353 D/Mileage.ABS( 4013): Not backing up; 725
12-09 07:38:03.356 D/Mileage.ABS( 4013): Not backing up; 728
12-09 07:38:03.356 D/Mileage.ABS( 4013): Not backing up; 728
12-09 07:38:03.379 D/Mileage.ABS( 4013): Not backing up; 751
12-09 07:38:03.422 D/Mileage.ABS( 4013): Not backing up; 794
12-09 07:38:03.490 D/Mileage.ABS( 4013): Not backing up; 862
12-09 07:38:03.490 D/Mileage.ABS( 4013): Not backing up; 862
12-09 07:38:03.598 W/audio_hw_generic( 1307): Not supplying enough data to HAL, expected position 1299333 , only wrote 1298865
12-09 07:38:03.598 W/audio_hw_generic( 1307): Not supplying enough data to HAL, expected position 1298872 , only wrote 1298865
12-09 07:38:03.608 D/Mileage.ABS( 4013): Not backing up; 980
12-09 07:38:03.642 W/audio_hw_generic( 1307): Not supplying enough data to HAL, expected position 1300781 , only wrote 1299526
12-09 07:38:03.764 W/audio_hw_generic( 1307): Hardware backing HAL too slow, could only write 0 of 661 frames
12-09 07:38:03.773 I/art     ( 4013): Background partial concurrent mark sweep GC freed 5297(469KB) AllocSpace objects, 3(60KB) LOS objects, 39% free, 2MB/4MB, paused 49.610ms total 292.443ms
12-09 07:38:03.790 W/audio_hw_generic( 1307): Hardware backing HAL too slow, could only write 0 of 661 frames
12-09 07:38:03.794 W/audio_hw_generic( 1307): Hardware backing HAL too slow, could only write 0 of 661 frames
12-09 07:38:03.810 W/audio_hw_generic( 1307): Hardware backing HAL too slow, could only write 0 of 661 frames
12-09 07:38:03.824 W/audio_hw_generic( 1307): Hardware backing HAL too slow, could only write 0 of 661 frames
12-09 07:38:03.827 W/CursorWrapperInner( 4013): Cursor finalized without prior close()
12-09 07:38:03.833 W/CursorWrapperInner( 4013): Cursor finalized without prior close()
12-09 07:38:03.839 W/audio_hw_generic( 1307): Hardware backing HAL too slow, could only write 0 of 661 frames
12-09 07:38:03.862 W/audio_hw_generic( 1307): Hardware backing HAL too slow, could only write 0 of 661 frames
12-09 07:38:03.866 I/System.out( 4013): URI: //gesture
12-09 07:38:03.866 I/System.out( 4013): params: {json={"query_timeout":5.0,"gestures":[{"query_string":"android.widget.TabWidget descendant TextView index:0","touches":[{"x":50,"y":50,"offset_x":0,"offset_y":0,"wait":0.0,"time":0.2,"release":true,"query_string":null}]}]}
12-09 07:38:03.866 I/System.out( 4013): }
12-09 07:38:03.869 W/audio_hw_generic( 1307): Hardware backing HAL too slow, could only write 0 of 661 frames
12-09 07:38:03.890 W/audio_hw_generic( 1307): Hardware backing HAL too slow, could only write 0 of 661 frames
12-09 07:38:03.907 W/audio_hw_generic( 1307): Hardware backing HAL too slow, could only write 0 of 661 frames
12-09 07:38:03.918 W/audio_hw_generic( 1307): Hardware backing HAL too slow, could only write 0 of 661 frames
12-09 07:38:03.946 W/audio_hw_generic( 1307): Hardware backing HAL too slow, could only write 0 of 661 frames
12-09 07:38:03.959 W/audio_hw_generic( 1307): Hardware backing HAL too slow, could only write 0 of 661 frames
12-09 07:38:03.974 W/audio_hw_generic( 1307): Hardware backing HAL too slow, could only write 0 of 661 frames
12-09 07:38:04.006 W/audio_hw_generic( 1307): Hardware backing HAL too slow, could only write 0 of 661 frames
12-09 07:38:04.026 W/audio_hw_generic( 1307): Hardware backing HAL too slow, could only write 0 of 661 frames
12-09 07:38:04.056 D/Mileage.ABS( 4013): Finished backup
12-09 07:38:04.056 D/Mileage.ABS( 4013): Not backing up; 67
12-09 07:38:04.056 D/Mileage.ABS( 4013): Not backing up; 67
12-09 07:38:04.081 D/Mileage.ABS( 4013): Not backing up; 92
12-09 07:38:04.082 D/Mileage.ABS( 4013): Not backing up; 93
12-09 07:38:04.082 D/Mileage.ABS( 4013): Not backing up; 93
12-09 07:38:04.083 D/Mileage.ABS( 4013): Not backing up; 94
12-09 07:38:04.170 D/Mileage.ABS( 4013): Not backing up; 181
12-09 07:38:04.170 D/Mileage.ABS( 4013): Not backing up; 181
12-09 07:38:04.178 D/Mileage.ABS( 4013): Not backing up; 189
12-09 07:38:04.241 D/Mileage.ABS( 4013): Not backing up; 252
12-09 07:38:04.242 W/audio_hw_generic( 1307): Not supplying enough data to HAL, expected position 1326006 , only wrote 1325305
12-09 07:38:04.252 D/Mileage.ABS( 4013): Not backing up; 263
12-09 07:38:04.369 D/Mileage.ABS( 4013): Not backing up; 380
12-09 07:38:04.379 D/Mileage.ABS( 4013): Not backing up; 390
12-09 07:38:04.379 D/Mileage.ABS( 4013): Not backing up; 390
12-09 07:38:04.385 W/audio_hw_generic( 1307): Hardware backing HAL too slow, could only write 0 of 661 frames
12-09 07:38:04.398 W/audio_hw_generic( 1307): Hardware backing HAL too slow, could only write 0 of 661 frames
12-09 07:38:04.501 W/audio_hw_generic( 1307): Not supplying enough data to HAL, expected position 1336718 , only wrote 1336542
12-09 07:38:04.518 W/audio_hw_generic( 1307): Not supplying enough data to HAL, expected position 1337290 , only wrote 1337203
12-09 07:38:04.542 W/audio_hw_generic( 1307): Not supplying enough data to HAL, expected position 1338258 , only wrote 1337864
12-09 07:38:04.542 W/audio_hw_generic( 1307): Not supplying enough data to HAL, expected position 1337871 , only wrote 1337864
12-09 07:38:04.542 W/art     ( 4013): Suspending all threads took: 37.615ms
12-09 07:38:04.558 W/audio_hw_generic( 1307): Not supplying enough data to HAL, expected position 1338572 , only wrote 1338525
12-09 07:38:04.585 I/art     ( 4013): Background sticky concurrent mark sweep GC freed 44136(1881KB) AllocSpace objects, 1(20KB) LOS objects, 30% free, 3MB/4MB, paused 38.970ms total 128.979ms
12-09 07:38:04.888 W/audio_hw_generic( 1307): Not supplying enough data to HAL, expected position 1353069 , only wrote 1353067
12-09 07:38:04.888 W/audio_hw_generic( 1307): Not supplying enough data to HAL, expected position 1353074 , only wrote 1353067
12-09 07:38:04.911 W/audio_hw_generic( 1307): Not supplying enough data to HAL, expected position 1354067 , only wrote 1353728
12-09 07:38:04.975 W/audio_hw_generic( 1307): Hardware backing HAL too slow, could only write 0 of 661 frames
12-09 07:38:05.002 W/audio_hw_generic( 1307): Hardware backing HAL too slow, could only write 0 of 661 frames
12-09 07:38:05.063 D/Mileage.ABS( 4013): Finished backup
12-09 07:38:05.070 D/Mileage.ABS( 4013): Not backing up; 10
12-09 07:38:05.070 D/Mileage.ABS( 4013): Not backing up; 10
12-09 07:38:05.070 D/Mileage.ABS( 4013): Not backing up; 10
12-09 07:38:05.071 D/Mileage.ABS( 4013): Not backing up; 11
12-09 07:38:05.071 D/Mileage.ABS( 4013): Not backing up; 11
12-09 07:38:05.102 D/Mileage.ABS( 4013): Not backing up; 42
12-09 07:38:05.103 D/Mileage.ABS( 4013): Not backing up; 43
12-09 07:38:05.104 D/Mileage.ABS( 4013): Not backing up; 44
12-09 07:38:05.104 D/Mileage.ABS( 4013): Not backing up; 44
12-09 07:38:05.124 E/SurfaceFlinger( 1223): ro.sf.lcd_density must be defined as a build property
12-09 07:38:05.136 D/gralloc_ranchu( 1223): gralloc_alloc: Creating ashmem region of size 3686400
12-09 07:38:05.188 D/Mileage.ABS( 4013): Not backing up; 128
12-09 07:38:05.258 W/audio_hw_generic( 1307): Not supplying enough data to HAL, expected position 1369035 , only wrote 1368931
12-09 07:38:05.296 W/audio_hw_generic( 1307): Not supplying enough data to HAL, expected position 1370622 , only wrote 1370253
12-09 07:38:05.394 W/audio_hw_generic( 1307): Hardware backing HAL too slow, could only write 0 of 661 frames
12-09 07:38:05.398 W/audio_hw_generic( 1307): Hardware backing HAL too slow, could only write 0 of 661 frames
12-09 07:38:05.400 D/        ( 4071): HostConnection::get() New Host Connection established 0x7f3756412480, tid 4071
12-09 07:38:05.418 E/EGL_emulation( 1223): tid 1223: eglCreateSyncKHR(1881): error 0x3004 (EGL_BAD_ATTRIBUTE)
12-09 07:38:05.508 W/audio_hw_generic( 1307): Not supplying enough data to HAL, expected position 1379613 , only wrote 1379507
12-09 07:38:05.699 D/Mileage.ABS( 4013): Not backing up; 639
12-09 07:38:05.705 D/Mileage.ABS( 4013): Not backing up; 645
12-09 07:38:05.706 D/Mileage.ABS( 4013): Not backing up; 646
12-09 07:38:05.837 D/Mileage.ABS( 4013): Not backing up; 777
12-09 07:38:05.840 D/Mileage.ABS( 4013): Not backing up; 780
12-09 07:38:05.840 D/Mileage.ABS( 4013): Not backing up; 780
12-09 07:38:05.841 D/Mileage.ABS( 4013): Not backing up; 781
12-09 07:38:05.847 D/Mileage.ABS( 4013): Not backing up; 787
12-09 07:38:05.852 D/Mileage.ABS( 4013): Not backing up; 792
12-09 07:38:05.934 W/audio_hw_generic( 1307): Not supplying enough data to HAL, expected position 1398279 , only wrote 1396693
12-09 07:38:05.934 W/audio_hw_generic( 1307): Not supplying enough data to HAL, expected position 1396703 , only wrote 1396693
12-09 07:38:06.010 W/audio_hw_generic( 1307): Not supplying enough data to HAL, expected position 1400023 , only wrote 1398676
12-09 07:38:06.101 W/audio_hw_generic( 1307): Not supplying enough data to HAL, expected position 1402701 , only wrote 1401320
12-09 07:38:06.101 W/audio_hw_generic( 1307): Not supplying enough data to HAL, expected position 1401327 , only wrote 1401320
12-09 07:38:06.115 D/Mileage.ABS( 4013): Finished backup
12-09 07:38:06.116 D/Mileage.ABS( 4013): Not backing up; 19
12-09 07:38:06.137 W/audio_hw_generic( 1307): Not supplying enough data to HAL, expected position 1402891 , only wrote 1401981
12-09 07:38:06.184 W/audio_hw_generic( 1307): Hardware backing HAL too slow, could only write 0 of 661 frames
12-09 07:38:06.212 W/audio_hw_generic( 1307): Hardware backing HAL too slow, could only write 0 of 661 frames
12-09 07:38:06.214 W/audio_hw_generic( 1307): Hardware backing HAL too slow, could only write 0 of 661 frames
12-09 07:38:06.230 W/audio_hw_generic( 1307): Hardware backing HAL too slow, could only write 0 of 661 frames
12-09 07:38:06.250 W/audio_hw_generic( 1307): Hardware backing HAL too slow, could only write 0 of 661 frames
12-09 07:38:06.286 W/audio_hw_generic( 1307): Hardware backing HAL too slow, could only write 0 of 661 frames
12-09 07:38:06.303 W/audio_hw_generic( 1307): Not supplying enough data to HAL, expected position 1409306 , only wrote 1409252
12-09 07:38:06.324 D/VehicleStatisticsAdapter( 4013): Caching of 29 records complete! (3.692 seconds)
12-09 07:38:06.419 D/VehicleStatisticsAdapter( 4013): Caching of 29 records complete! (3.577 seconds)
12-09 07:38:06.423 D/Mileage.ABS( 4013): Not backing up; 327
12-09 07:38:06.443 D/Mileage.ABS( 4013): Not backing up; 347
12-09 07:38:06.506 I/System.out( 4013): URI: //
12-09 07:38:06.506 I/System.out( 4013): params: {json={"command":"set_activity_orientation","arguments":["landscape"]}
12-09 07:38:06.506 I/System.out( 4013): }
12-09 07:38:06.506 I/System.out( 4013): header: {date=Sun, 09 Dec 2018 07:38:06 GMT, accept=*/*, content-length=64, host=127.0.0.1:34777, user-agent=HTTPClient/1.0 (2.8.3, ruby 2.3.1 (2016-04-26)), content-type=application/json;charset=utf-8}
12-09 07:38:06.506 I/System.out( 4013): params: {json={"command":"set_activity_orientation","arguments":["landscape"]}
12-09 07:38:06.506 I/System.out( 4013): }
12-09 07:38:06.506 I/System.out( 4013): ProP json = {"command":"set_activity_orientation","arguments":["landscape"]}
12-09 07:38:06.506 I/System.out( 4013): files: {}
12-09 07:38:06.506 I/System.out( 4013): command: {"command":"set_activity_orientation","arguments":["landscape"]}
12-09 07:38:06.508 I/InstrumentationBackend( 4013): Got command:'Command:'Line:null,set_activity_orientation', arguments:'[landscape]'
12-09 07:38:06.531 D/gralloc_ranchu( 1223): gralloc_alloc: Creating ashmem region of size 3686400
12-09 07:38:06.546 D/Mileage.ABS( 4013): Not backing up; 450
12-09 07:38:06.594 W/audio_hw_generic( 1307): Hardware backing HAL too slow, could only write 0 of 661 frames
12-09 07:38:06.636 W/audio_hw_generic( 1307): Hardware backing HAL too slow, could only write 0 of 661 frames
12-09 07:38:06.636 W/audio_hw_generic( 1307): Not supplying enough data to HAL, expected position 1423938 , only wrote 1423794
12-09 07:38:06.636 W/audio_hw_generic( 1307): Not supplying enough data to HAL, expected position 1423801 , only wrote 1423794
12-09 07:38:06.654 W/audio_hw_generic( 1307): Not supplying enough data to HAL, expected position 1424570 , only wrote 1424455
12-09 07:38:06.666 E/EGL_emulation( 1223): tid 1223: eglCreateSyncKHR(1881): error 0x3004 (EGL_BAD_ATTRIBUTE)
12-09 07:38:06.782 W/audio_hw_generic( 1307): Not supplying enough data to HAL, expected position 1430097 , only wrote 1429743
12-09 07:38:06.853 W/audio_hw_generic( 1307): Not supplying enough data to HAL, expected position 1432908 , only wrote 1431065
12-09 07:38:06.898 I/ActivityManager( 1591): Config changes=480 {1.0 310mcc260mnc en_US ldltr sw720dp w1280dp h696dp 160dpi xlrg long land finger -keyb/v/h tball/v s.8}
12-09 07:38:06.918 W/audio_hw_generic( 1307): Not supplying enough data to HAL, expected position 1433906 , only wrote 1433709
12-09 07:38:06.918 W/audio_hw_generic( 1307): Not supplying enough data to HAL, expected position 1433716 , only wrote 1433709
12-09 07:38:06.923 I/InputReader( 1591): Reconfiguring input devices.  changes=0x00000004
12-09 07:38:06.923 I/InputReader( 1591): Device reconfigured: id=0, name='qwerty2', size 720x1280, orientation 1, mode 1, display id 0
12-09 07:38:06.969 W/audio_hw_generic( 1307): Hardware backing HAL too slow, could only write 0 of 661 frames
12-09 07:38:06.984 W/audio_hw_generic( 1307): Hardware backing HAL too slow, could only write 0 of 661 frames
12-09 07:38:07.095 W/art     ( 1591): Long monitor contention event with owner method=void com.android.server.am.ActivityManagerService.setRequestedOrientation(android.os.IBinder, int) from ActivityManagerService.java:4192 waiters=0 for 532ms
12-09 07:38:07.096 W/art     ( 1591): Long monitor contention event with owner method=void com.android.server.am.ActivityManagerService.setRequestedOrientation(android.os.IBinder, int) from ActivityManagerService.java:4192 waiters=1 for 533ms
12-09 07:38:07.096 W/art     ( 1591): Long monitor contention event with owner method=void com.android.server.am.ActivityManagerService.setRequestedOrientation(android.os.IBinder, int) from ActivityManagerService.java:4192 waiters=2 for 333ms
12-09 07:38:07.098 W/audio_hw_generic( 1307): Not supplying enough data to HAL, expected position 1441639 , only wrote 1440980
12-09 07:38:07.165 D/Mileage.ABS( 4013): Finished backup
12-09 07:38:07.192 I/calabash( 4013): newActivity1
12-09 07:38:07.203 D/Mileage.ABS( 4013): Not backing up; 106
12-09 07:38:07.243 D/Mileage.ABS( 4013): Not backing up; 147
12-09 07:38:07.247 I/calabash( 4013): newActivity1
12-09 07:38:07.252 W/ActivityManager( 1591): Bad activity token: android.os.BinderProxy@5fdfee4
12-09 07:38:07.252 W/ActivityManager( 1591): java.lang.ClassCastException: android.os.BinderProxy cannot be cast to com.android.server.am.ActivityRecord$Token
12-09 07:38:07.252 W/ActivityManager( 1591): 	at com.android.server.am.ActivityRecord.forTokenLocked(ActivityRecord.java:424)
12-09 07:38:07.252 W/ActivityManager( 1591): 	at com.android.server.am.ActivityRecord.isInStackLocked(ActivityRecord.java:1121)
12-09 07:38:07.252 W/ActivityManager( 1591): 	at com.android.server.am.ActivityRecord.getStackLocked(ActivityRecord.java:1126)
12-09 07:38:07.252 W/ActivityManager( 1591): 	at com.android.server.am.ActivityManagerService.getActivityDisplayId(ActivityManagerService.java:8889)
12-09 07:38:07.252 W/ActivityManager( 1591): 	at android.app.ActivityManagerNative.onTransact(ActivityManagerNative.java:2338)
12-09 07:38:07.252 W/ActivityManager( 1591): 	at com.android.server.am.ActivityManagerService.onTransact(ActivityManagerService.java:2443)
12-09 07:38:07.252 W/ActivityManager( 1591): 	at android.os.Binder.execTransact(Binder.java:453)
12-09 07:38:07.255 W/ActivityManager( 1591): Bad activity token: android.os.BinderProxy@5fdfee4
12-09 07:38:07.255 W/ActivityManager( 1591): java.lang.ClassCastException: android.os.BinderProxy cannot be cast to com.android.server.am.ActivityRecord$Token
12-09 07:38:07.255 W/ActivityManager( 1591): 	at com.android.server.am.ActivityRecord.forTokenLocked(ActivityRecord.java:424)
12-09 07:38:07.255 W/ActivityManager( 1591): 	at com.android.server.am.ActivityRecord.isInStackLocked(ActivityRecord.java:1121)
12-09 07:38:07.255 W/ActivityManager( 1591): 	at com.android.server.am.ActivityManagerService.setTaskDescription(ActivityManagerService.java:8547)
12-09 07:38:07.255 W/ActivityManager( 1591): 	at android.app.ActivityManagerNative.onTransact(ActivityManagerNative.java:2410)
12-09 07:38:07.255 W/ActivityManager( 1591): 	at com.android.server.am.ActivityManagerService.onTransact(ActivityManagerService.java:2443)
12-09 07:38:07.255 W/ActivityManager( 1591): 	at android.os.Binder.execTransact(Binder.java:453)
12-09 07:38:07.268 I/System.out( 4013): result:{"bonusInformation":[],"message":"","success":true}
12-09 07:38:07.322 W/ActivityManager( 1591): Bad activity token: android.os.BinderProxy@5fdfee4
12-09 07:38:07.322 W/ActivityManager( 1591): java.lang.ClassCastException: android.os.BinderProxy cannot be cast to com.android.server.am.ActivityRecord$Token
12-09 07:38:07.322 W/ActivityManager( 1591): 	at com.android.server.am.ActivityRecord.forTokenLocked(ActivityRecord.java:424)
12-09 07:38:07.322 W/ActivityManager( 1591): 	at com.android.server.am.ActivityRecord.isInStackLocked(ActivityRecord.java:1121)
12-09 07:38:07.322 W/ActivityManager( 1591): 	at com.android.server.am.ActivityManagerService.getActivityOptions(ActivityManagerService.java:11038)
12-09 07:38:07.322 W/ActivityManager( 1591): 	at android.app.ActivityManagerNative.onTransact(ActivityManagerNative.java:1734)
12-09 07:38:07.322 W/ActivityManager( 1591): 	at com.android.server.am.ActivityManagerService.onTransact(ActivityManagerService.java:2443)
12-09 07:38:07.322 W/ActivityManager( 1591): 	at android.os.Binder.execTransact(Binder.java:453)
12-09 07:38:07.323 W/ActivityManager( 1591): Bad activity token: android.os.BinderProxy@5fdfee4
12-09 07:38:07.323 W/ActivityManager( 1591): java.lang.ClassCastException: android.os.BinderProxy cannot be cast to com.android.server.am.ActivityRecord$Token
12-09 07:38:07.323 W/ActivityManager( 1591): 	at com.android.server.am.ActivityRecord.forTokenLocked(ActivityRecord.java:424)
12-09 07:38:07.323 W/ActivityManager( 1591): 	at com.android.server.am.ActivityRecord.isInStackLocked(ActivityRecord.java:1121)
12-09 07:38:07.323 W/ActivityManager( 1591): 	at com.android.server.am.ActivityManagerService.getActivityOptions(ActivityManagerService.java:11038)
12-09 07:38:07.323 W/ActivityManager( 1591): 	at android.app.ActivityManagerNative.onTransact(ActivityManagerNative.java:1734)
12-09 07:38:07.323 W/ActivityManager( 1591): 	at com.android.server.am.ActivityManagerService.onTransact(ActivityManagerService.java:2443)
12-09 07:38:07.323 W/ActivityManager( 1591): 	at android.os.Binder.execTransact(Binder.java:453)
12-09 07:38:07.342 W/PhoneWindow( 4013): Previously focused view reported id 2131296279 during save, but can't be found during restore.
12-09 07:38:07.362 D/EGL_emulation( 1699): eglMakeCurrent: 0x7fbc7c321c80: ver 2 0 (tinfo 0x7fbc7c302a00)
12-09 07:38:07.365 E/Surface ( 1699): getSlotFromBufferLocked: unknown buffer: 0x7fbc7c321820
12-09 07:38:07.374 D/EGL_emulation( 1699): eglMakeCurrent: 0x7fbc7c321c80: ver 2 0 (tinfo 0x7fbc7c302a00)
12-09 07:38:07.482 D/gralloc_ranchu( 1223): gralloc_alloc: Creating ashmem region of size 3686400
12-09 07:38:07.595 W/audio_hw_generic( 1307): Not supplying enough data to HAL, expected position 1462911 , only wrote 1462132
12-09 07:38:07.595 W/audio_hw_generic( 1307): Not supplying enough data to HAL, expected position 1462139 , only wrote 1462132
12-09 07:38:07.622 W/audio_hw_generic( 1307): Not supplying enough data to HAL, expected position 1463299 , only wrote 1462793
12-09 07:38:07.696 I/WindowManager( 1591): Screen frozen for +1s187ms due to Window{8a6ca02 u0 com.evancharlton.mileage/com.evancharlton.mileage.Mileage}
12-09 07:38:07.730 D/gralloc_ranchu( 1223): gralloc_alloc: Creating ashmem region of size 3686400
12-09 07:38:07.916 W/IInputConnectionWrapper( 4013): finishComposingText on inactive InputConnection
12-09 07:38:08.760 D/gralloc_ranchu( 1223): gralloc_alloc: Creating ashmem region of size 3686400
12-09 07:38:09.350 I/System.out( 4013): URI: //gesture
12-09 07:38:09.350 I/System.out( 4013): params: {json={"query_timeout":5.0,"gestures":[{"query_string":"android.widget.TabWidget descendant TextView index:1","touches":[{"x":50,"y":50,"offset_x":0,"offset_y":0,"wait":0.0,"time":0.2,"release":true,"query_string":null}]}]}
12-09 07:38:09.350 I/System.out( 4013): }
12-09 07:38:09.761 I/calabash( 4013): newActivity1
12-09 07:38:09.769 W/ActivityManager( 1591): Bad activity token: android.os.BinderProxy@64f975a
12-09 07:38:09.769 W/ActivityManager( 1591): java.lang.ClassCastException: android.os.BinderProxy cannot be cast to com.android.server.am.ActivityRecord$Token
12-09 07:38:09.769 W/ActivityManager( 1591): 	at com.android.server.am.ActivityRecord.forTokenLocked(ActivityRecord.java:424)
12-09 07:38:09.769 W/ActivityManager( 1591): 	at com.android.server.am.ActivityRecord.isInStackLocked(ActivityRecord.java:1121)
12-09 07:38:09.769 W/ActivityManager( 1591): 	at com.android.server.am.ActivityRecord.getStackLocked(ActivityRecord.java:1126)
12-09 07:38:09.769 W/ActivityManager( 1591): 	at com.android.server.am.ActivityManagerService.getActivityDisplayId(ActivityManagerService.java:8889)
12-09 07:38:09.769 W/ActivityManager( 1591): 	at android.app.ActivityManagerNative.onTransact(ActivityManagerNative.java:2338)
12-09 07:38:09.769 W/ActivityManager( 1591): 	at com.android.server.am.ActivityManagerService.onTransact(ActivityManagerService.java:2443)
12-09 07:38:09.769 W/ActivityManager( 1591): 	at android.os.Binder.execTransact(Binder.java:453)
12-09 07:38:09.776 W/ActivityManager( 1591): Bad activity token: android.os.BinderProxy@64f975a
12-09 07:38:09.776 W/ActivityManager( 1591): java.lang.ClassCastException: android.os.BinderProxy cannot be cast to com.android.server.am.ActivityRecord$Token
12-09 07:38:09.776 W/ActivityManager( 1591): 	at com.android.server.am.ActivityRecord.forTokenLocked(ActivityRecord.java:424)
12-09 07:38:09.776 W/ActivityManager( 1591): 	at com.android.server.am.ActivityRecord.isInStackLocked(ActivityRecord.java:1121)
12-09 07:38:09.776 W/ActivityManager( 1591): 	at com.android.server.am.ActivityManagerService.setTaskDescription(ActivityManagerService.java:8547)
12-09 07:38:09.776 W/ActivityManager( 1591): 	at android.app.ActivityManagerNative.onTransact(ActivityManagerNative.java:2410)
12-09 07:38:09.776 W/ActivityManager( 1591): 	at com.android.server.am.ActivityManagerService.onTransact(ActivityManagerService.java:2443)
12-09 07:38:09.776 W/ActivityManager( 1591): 	at android.os.Binder.execTransact(Binder.java:453)
12-09 07:38:09.818 D/AudioFlinger( 1307): mixer(0xf4340000) throttle end: throttle time(49)
12-09 07:38:09.837 W/audio_hw_generic( 1307): Hardware backing HAL too slow, could only write 0 of 661 frames
12-09 07:38:09.932 W/ActivityManager( 1591): Bad activity token: android.os.BinderProxy@64f975a
12-09 07:38:09.932 W/ActivityManager( 1591): java.lang.ClassCastException: android.os.BinderProxy cannot be cast to com.android.server.am.ActivityRecord$Token
12-09 07:38:09.932 W/ActivityManager( 1591): 	at com.android.server.am.ActivityRecord.forTokenLocked(ActivityRecord.java:424)
12-09 07:38:09.932 W/ActivityManager( 1591): 	at com.android.server.am.ActivityRecord.isInStackLocked(ActivityRecord.java:1121)
12-09 07:38:09.932 W/ActivityManager( 1591): 	at com.android.server.am.ActivityManagerService.getActivityOptions(ActivityManagerService.java:11038)
12-09 07:38:09.932 W/ActivityManager( 1591): 	at android.app.ActivityManagerNative.onTransact(ActivityManagerNative.java:1734)
12-09 07:38:09.932 W/ActivityManager( 1591): 	at com.android.server.am.ActivityManagerService.onTransact(ActivityManagerService.java:2443)
12-09 07:38:09.932 W/ActivityManager( 1591): 	at android.os.Binder.execTransact(Binder.java:453)
12-09 07:38:09.933 W/ActivityManager( 1591): Bad activity token: android.os.BinderProxy@64f975a
12-09 07:38:09.933 W/ActivityManager( 1591): java.lang.ClassCastException: android.os.BinderProxy cannot be cast to com.android.server.am.ActivityRecord$Token
12-09 07:38:09.933 W/ActivityManager( 1591): 	at com.android.server.am.ActivityRecord.forTokenLocked(ActivityRecord.java:424)
12-09 07:38:09.933 W/ActivityManager( 1591): 	at com.android.server.am.ActivityRecord.isInStackLocked(ActivityRecord.java:1121)
12-09 07:38:09.933 W/ActivityManager( 1591): 	at com.android.server.am.ActivityManagerService.getActivityOptions(ActivityManagerService.java:11038)
12-09 07:38:09.933 W/ActivityManager( 1591): 	at android.app.ActivityManagerNative.onTransact(ActivityManagerNative.java:1734)
12-09 07:38:09.933 W/ActivityManager( 1591): 	at com.android.server.am.ActivityManagerService.onTransact(ActivityManagerService.java:2443)
12-09 07:38:09.933 W/ActivityManager( 1591): 	at android.os.Binder.execTransact(Binder.java:453)
12-09 07:38:09.938 W/audio_hw_generic( 1307): Not supplying enough data to HAL, expected position 1469265 , only wrote 1468742
12-09 07:38:09.938 W/audio_hw_generic( 1307): Not supplying enough data to HAL, expected position 1468749 , only wrote 1468742
12-09 07:38:09.939 I/art     ( 1591): Starting a blocking GC Explicit
12-09 07:38:10.071 I/art     ( 1591): Explicit concurrent mark sweep GC freed 8212(724KB) AllocSpace objects, 1(20KB) LOS objects, 30% free, 9MB/13MB, paused 1.440ms total 117.701ms
12-09 07:38:10.127 D/Mileage ( 4013): Not enough fillups to calculate economy
12-09 07:38:10.224 W/audio_hw_generic( 1307): Not supplying enough data to HAL, expected position 1481377 , only wrote 1480640
12-09 07:38:10.441 E/SurfaceFlinger( 1223): ro.sf.lcd_density must be defined as a build property
12-09 07:38:10.509 D/gralloc_ranchu( 1223): gralloc_alloc: Creating ashmem region of size 3686400
12-09 07:38:10.565 D/        ( 4083): HostConnection::get() New Host Connection established 0x7f737a712480, tid 4083
12-09 07:38:10.589 E/EGL_emulation( 1223): tid 1223: eglCreateSyncKHR(1881): error 0x3004 (EGL_BAD_ATTRIBUTE)
12-09 07:38:10.681 W/audio_hw_generic( 1307): Not supplying enough data to HAL, expected position 1500793 , only wrote 1499148
12-09 07:38:10.694 W/audio_hw_generic( 1307): Not supplying enough data to HAL, expected position 1499722 , only wrote 1499148
12-09 07:38:10.736 W/audio_hw_generic( 1307): Not supplying enough data to HAL, expected position 1500959 , only wrote 1499809
12-09 07:38:10.857 W/audio_hw_generic( 1307): Not supplying enough data to HAL, expected position 1505175 , only wrote 1505097
12-09 07:38:10.978 W/audio_hw_generic( 1307): Not supplying enough data to HAL, expected position 1510420 , only wrote 1510385
12-09 07:38:11.038 W/audio_hw_generic( 1307): Not supplying enough data to HAL, expected position 1513044 , only wrote 1513029
12-09 07:38:11.038 W/audio_hw_generic( 1307): Not supplying enough data to HAL, expected position 1513036 , only wrote 1513029
12-09 07:38:11.055 W/audio_hw_generic( 1307): Not supplying enough data to HAL, expected position 1513775 , only wrote 1513690
12-09 07:38:11.363 W/audio_hw_generic( 1307): Not supplying enough data to HAL, expected position 1527278 , only wrote 1525588
12-09 07:38:11.364 W/audio_hw_generic( 1307): Not supplying enough data to HAL, expected position 1525595 , only wrote 1525588
12-09 07:38:11.378 W/audio_hw_generic( 1307): Hardware backing HAL too slow, could only write 0 of 661 frames
12-09 07:38:11.404 W/audio_hw_generic( 1307): Hardware backing HAL too slow, could only write 0 of 661 frames
12-09 07:38:11.441 W/audio_hw_generic( 1307): Hardware backing HAL too slow, could only write 0 of 661 frames
12-09 07:38:11.442 W/audio_hw_generic( 1307): Not supplying enough data to HAL, expected position 1529025 , only wrote 1528893
12-09 07:38:11.442 W/audio_hw_generic( 1307): Not supplying enough data to HAL, expected position 1528899 , only wrote 1528893
12-09 07:38:11.442 W/audio_hw_generic( 1307): Hardware backing HAL too slow, could only write 0 of 661 frames
12-09 07:38:11.464 W/audio_hw_generic( 1307): Not supplying enough data to HAL, expected position 1529872 , only wrote 1529554
12-09 07:38:11.464 W/audio_hw_generic( 1307): Hardware backing HAL too slow, could only write 0 of 661 frames
12-09 07:38:11.464 W/audio_hw_generic( 1307): Hardware backing HAL too slow, could only write 0 of 661 frames
12-09 07:38:11.498 W/audio_hw_generic( 1307): Not supplying enough data to HAL, expected position 1531052 , only wrote 1530876
12-09 07:38:11.498 W/audio_hw_generic( 1307): Hardware backing HAL too slow, could only write 0 of 661 frames
12-09 07:38:11.531 W/audio_hw_generic( 1307): Not supplying enough data to HAL, expected position 1532314 , only wrote 1532198
12-09 07:38:11.531 W/audio_hw_generic( 1307): Hardware backing HAL too slow, could only write 0 of 661 frames
12-09 07:38:11.570 W/audio_hw_generic( 1307): Not supplying enough data to HAL, expected position 1533936 , only wrote 1533520
12-09 07:38:11.570 W/audio_hw_generic( 1307): Hardware backing HAL too slow, could only write 0 of 661 frames
12-09 07:38:11.570 W/audio_hw_generic( 1307): Hardware backing HAL too slow, could only write 0 of 661 frames
12-09 07:38:11.601 W/audio_hw_generic( 1307): Not supplying enough data to HAL, expected position 1534882 , only wrote 1534842
12-09 07:38:11.601 W/audio_hw_generic( 1307): Hardware backing HAL too slow, could only write 0 of 661 frames
12-09 07:38:11.601 W/audio_hw_generic( 1307): Hardware backing HAL too slow, could only write 0 of 661 frames
12-09 07:38:11.616 W/audio_hw_generic( 1307): Hardware backing HAL too slow, could only write 0 of 661 frames
12-09 07:38:11.633 W/audio_hw_generic( 1307): Hardware backing HAL too slow, could only write 0 of 661 frames
12-09 07:38:11.654 W/audio_hw_generic( 1307): Hardware backing HAL too slow, could only write 0 of 661 frames
12-09 07:38:11.666 W/audio_hw_generic( 1307): Hardware backing HAL too slow, could only write 0 of 661 frames
12-09 07:38:11.674 I/System.out( 4013): URI: //gesture
12-09 07:38:11.674 I/System.out( 4013): params: {json={"query_timeout":5.0,"gestures":[{"query_string":"android.widget.TabWidget descendant TextView index:3","touches":[{"x":50,"y":50,"offset_x":0,"offset_y":0,"wait":0.0,"time":0.2,"release":true,"query_string":null}]}]}
12-09 07:38:11.674 I/System.out( 4013): }
12-09 07:38:12.023 W/audio_hw_generic( 1307): Not supplying enough data to HAL, expected position 1553450 , only wrote 1551367
12-09 07:38:12.023 W/audio_hw_generic( 1307): Not supplying enough data to HAL, expected position 1551374 , only wrote 1551367
12-09 07:38:12.046 W/audio_hw_generic( 1307): Not supplying enough data to HAL, expected position 1552359 , only wrote 1552028
12-09 07:38:12.046 W/audio_hw_generic( 1307): Hardware backing HAL too slow, could only write 0 of 661 frames
12-09 07:38:12.069 I/calabash( 4013): newActivity1
12-09 07:38:12.070 W/ActivityManager( 1591): Bad activity token: android.os.BinderProxy@eccf767
12-09 07:38:12.070 W/ActivityManager( 1591): java.lang.ClassCastException: android.os.BinderProxy cannot be cast to com.android.server.am.ActivityRecord$Token
12-09 07:38:12.070 W/ActivityManager( 1591): 	at com.android.server.am.ActivityRecord.forTokenLocked(ActivityRecord.java:424)
12-09 07:38:12.070 W/ActivityManager( 1591): 	at com.android.server.am.ActivityRecord.isInStackLocked(ActivityRecord.java:1121)
12-09 07:38:12.070 W/ActivityManager( 1591): 	at com.android.server.am.ActivityRecord.getStackLocked(ActivityRecord.java:1126)
12-09 07:38:12.070 W/ActivityManager( 1591): 	at com.android.server.am.ActivityManagerService.getActivityDisplayId(ActivityManagerService.java:8889)
12-09 07:38:12.070 W/ActivityManager( 1591): 	at android.app.ActivityManagerNative.onTransact(ActivityManagerNative.java:2338)
12-09 07:38:12.070 W/ActivityManager( 1591): 	at com.android.server.am.ActivityManagerService.onTransact(ActivityManagerService.java:2443)
12-09 07:38:12.070 W/ActivityManager( 1591): 	at android.os.Binder.execTransact(Binder.java:453)
12-09 07:38:12.071 W/ActivityManager( 1591): Bad activity token: android.os.BinderProxy@eccf767
12-09 07:38:12.071 W/ActivityManager( 1591): java.lang.ClassCastException: android.os.BinderProxy cannot be cast to com.android.server.am.ActivityRecord$Token
12-09 07:38:12.071 W/ActivityManager( 1591): 	at com.android.server.am.ActivityRecord.forTokenLocked(ActivityRecord.java:424)
12-09 07:38:12.071 W/ActivityManager( 1591): 	at com.android.server.am.ActivityRecord.isInStackLocked(ActivityRecord.java:1121)
12-09 07:38:12.071 W/ActivityManager( 1591): 	at com.android.server.am.ActivityManagerService.setTaskDescription(ActivityManagerService.java:8547)
12-09 07:38:12.071 W/ActivityManager( 1591): 	at android.app.ActivityManagerNative.onTransact(ActivityManagerNative.java:2410)
12-09 07:38:12.071 W/ActivityManager( 1591): 	at com.android.server.am.ActivityManagerService.onTransact(ActivityManagerService.java:2443)
12-09 07:38:12.071 W/ActivityManager( 1591): 	at android.os.Binder.execTransact(Binder.java:453)
12-09 07:38:12.078 W/audio_hw_generic( 1307): Hardware backing HAL too slow, could only write 0 of 661 frames
12-09 07:38:12.090 W/ActivityManager( 1591): Bad activity token: android.os.BinderProxy@eccf767
12-09 07:38:12.090 W/ActivityManager( 1591): java.lang.ClassCastException: android.os.BinderProxy cannot be cast to com.android.server.am.ActivityRecord$Token
12-09 07:38:12.090 W/ActivityManager( 1591): 	at com.android.server.am.ActivityRecord.forTokenLocked(ActivityRecord.java:424)
12-09 07:38:12.090 W/ActivityManager( 1591): 	at com.android.server.am.ActivityRecord.isInStackLocked(ActivityRecord.java:1121)
12-09 07:38:12.090 W/ActivityManager( 1591): 	at com.android.server.am.ActivityManagerService.getActivityOptions(ActivityManagerService.java:11038)
12-09 07:38:12.090 W/ActivityManager( 1591): 	at android.app.ActivityManagerNative.onTransact(ActivityManagerNative.java:1734)
12-09 07:38:12.090 W/ActivityManager( 1591): 	at com.android.server.am.ActivityManagerService.onTransact(ActivityManagerService.java:2443)
12-09 07:38:12.090 W/ActivityManager( 1591): 	at android.os.Binder.execTransact(Binder.java:453)
12-09 07:38:12.090 W/ActivityManager( 1591): Bad activity token: android.os.BinderProxy@eccf767
12-09 07:38:12.090 W/ActivityManager( 1591): java.lang.ClassCastException: android.os.BinderProxy cannot be cast to com.android.server.am.ActivityRecord$Token
12-09 07:38:12.090 W/ActivityManager( 1591): 	at com.android.server.am.ActivityRecord.forTokenLocked(ActivityRecord.java:424)
12-09 07:38:12.090 W/ActivityManager( 1591): 	at com.android.server.am.ActivityRecord.isInStackLocked(ActivityRecord.java:1121)
12-09 07:38:12.090 W/ActivityManager( 1591): 	at com.android.server.am.ActivityManagerService.getActivityOptions(ActivityManagerService.java:11038)
12-09 07:38:12.090 W/ActivityManager( 1591): 	at android.app.ActivityManagerNative.onTransact(ActivityManagerNative.java:1734)
12-09 07:38:12.090 W/ActivityManager( 1591): 	at com.android.server.am.ActivityManagerService.onTransact(ActivityManagerService.java:2443)
12-09 07:38:12.090 W/ActivityManager( 1591): 	at android.os.Binder.execTransact(Binder.java:453)
12-09 07:38:12.145 W/audio_hw_generic( 1307): Not supplying enough data to HAL, expected position 1556419 , only wrote 1555994
12-09 07:38:12.169 D/AudioFlinger( 1307): mixer(0xf4340000) throttle end: throttle time(11)
12-09 07:38:12.199 I/art     ( 4013): Background sticky concurrent mark sweep GC freed 27193(1140KB) AllocSpace objects, 1(20KB) LOS objects, 2% free, 4MB/4MB, paused 2.473ms total 136.312ms
12-09 07:38:12.201 W/CursorWrapperInner( 4013): Cursor finalized without prior close()
12-09 07:38:12.201 D/AudioFlinger( 1307): mixer(0xf4340000) throttle end: throttle time(3)
12-09 07:38:12.349 I/art     ( 4013): Background partial concurrent mark sweep GC freed 26369(1450KB) AllocSpace objects, 4(80KB) LOS objects, 40% free, 2MB/4MB, paused 2.025ms total 143.087ms
12-09 07:38:12.394 W/audio_hw_generic( 1307): Not supplying enough data to HAL, expected position 1566955 , only wrote 1566570
12-09 07:38:12.394 W/audio_hw_generic( 1307): Not supplying enough data to HAL, expected position 1566581 , only wrote 1566570
12-09 07:38:12.597 W/audio_hw_generic( 1307): Not supplying enough data to HAL, expected position 1575509 , only wrote 1574502
12-09 07:38:12.597 W/audio_hw_generic( 1307): Not supplying enough data to HAL, expected position 1574509 , only wrote 1574502
12-09 07:38:12.617 W/audio_hw_generic( 1307): Not supplying enough data to HAL, expected position 1575394 , only wrote 1575163
12-09 07:38:12.658 W/audio_hw_generic( 1307): Hardware backing HAL too slow, could only write 0 of 661 frames
12-09 07:38:12.670 W/audio_hw_generic( 1307): Hardware backing HAL too slow, could only write 0 of 661 frames
12-09 07:38:12.733 E/SurfaceFlinger( 1223): ro.sf.lcd_density must be defined as a build property
12-09 07:38:12.735 D/gralloc_ranchu( 1223): gralloc_alloc: Creating ashmem region of size 3686400
12-09 07:38:12.771 W/audio_hw_generic( 1307): Not supplying enough data to HAL, expected position 1581948 , only wrote 1581773
12-09 07:38:12.771 W/audio_hw_generic( 1307): Not supplying enough data to HAL, expected position 1581780 , only wrote 1581773
12-09 07:38:12.777 D/        ( 4088): HostConnection::get() New Host Connection established 0x7ffd4f292480, tid 4088
12-09 07:38:12.804 E/EGL_emulation( 1223): tid 1223: eglCreateSyncKHR(1881): error 0x3004 (EGL_BAD_ATTRIBUTE)
12-09 07:38:12.918 W/audio_hw_generic( 1307): Not supplying enough data to HAL, expected position 1588242 , only wrote 1587061
12-09 07:38:12.918 W/audio_hw_generic( 1307): Not supplying enough data to HAL, expected position 1587069 , only wrote 1587061
12-09 07:38:12.968 W/audio_hw_generic( 1307): Hardware backing HAL too slow, could only write 0 of 661 frames
12-09 07:38:13.509 I/System.out( 4013): URI: //gesture
12-09 07:38:13.509 I/System.out( 4013): params: {json={"query_timeout":5.0,"gestures":[{"query_string":"android.widget.TabWidget descendant TextView index:2","touches":[{"x":50,"y":50,"offset_x":0,"offset_y":0,"wait":0.0,"time":0.2,"release":true,"query_string":null}]}]}
12-09 07:38:13.509 I/System.out( 4013): }
12-09 07:38:13.728 W/audio_hw_generic( 1307): Not supplying enough data to HAL, expected position 1622795 , only wrote 1619450
12-09 07:38:13.729 W/audio_hw_generic( 1307): Not supplying enough data to HAL, expected position 1619458 , only wrote 1619450
12-09 07:38:13.849 W/audio_hw_generic( 1307): Not supplying enough data to HAL, expected position 1624778 , only wrote 1620111
12-09 07:38:14.038 W/audio_hw_generic( 1307): Not supplying enough data to HAL, expected position 1628419 , only wrote 1626060
12-09 07:38:14.038 W/audio_hw_generic( 1307): Not supplying enough data to HAL, expected position 1626067 , only wrote 1626060
12-09 07:38:14.057 W/audio_hw_generic( 1307): Not supplying enough data to HAL, expected position 1626882 , only wrote 1626721
12-09 07:38:14.102 I/calabash( 4013): newActivity1
12-09 07:38:14.103 W/ActivityManager( 1591): Bad activity token: android.os.BinderProxy@150e914
12-09 07:38:14.103 W/ActivityManager( 1591): java.lang.ClassCastException: android.os.BinderProxy cannot be cast to com.android.server.am.ActivityRecord$Token
12-09 07:38:14.103 W/ActivityManager( 1591): 	at com.android.server.am.ActivityRecord.forTokenLocked(ActivityRecord.java:424)
12-09 07:38:14.103 W/ActivityManager( 1591): 	at com.android.server.am.ActivityRecord.isInStackLocked(ActivityRecord.java:1121)
12-09 07:38:14.103 W/ActivityManager( 1591): 	at com.android.server.am.ActivityRecord.getStackLocked(ActivityRecord.java:1126)
12-09 07:38:14.103 W/ActivityManager( 1591): 	at com.android.server.am.ActivityManagerService.getActivityDisplayId(ActivityManagerService.java:8889)
12-09 07:38:14.103 W/ActivityManager( 1591): 	at android.app.ActivityManagerNative.onTransact(ActivityManagerNative.java:2338)
12-09 07:38:14.103 W/ActivityManager( 1591): 	at com.android.server.am.ActivityManagerService.onTransact(ActivityManagerService.java:2443)
12-09 07:38:14.103 W/ActivityManager( 1591): 	at android.os.Binder.execTransact(Binder.java:453)
12-09 07:38:14.107 W/ActivityManager( 1591): Bad activity token: android.os.BinderProxy@150e914
12-09 07:38:14.107 W/ActivityManager( 1591): java.lang.ClassCastException: android.os.BinderProxy cannot be cast to com.android.server.am.ActivityRecord$Token
12-09 07:38:14.107 W/ActivityManager( 1591): 	at com.android.server.am.ActivityRecord.forTokenLocked(ActivityRecord.java:424)
12-09 07:38:14.107 W/ActivityManager( 1591): 	at com.android.server.am.ActivityRecord.isInStackLocked(ActivityRecord.java:1121)
12-09 07:38:14.107 W/ActivityManager( 1591): 	at com.android.server.am.ActivityManagerService.setTaskDescription(ActivityManagerService.java:8547)
12-09 07:38:14.107 W/ActivityManager( 1591): 	at android.app.ActivityManagerNative.onTransact(ActivityManagerNative.java:2410)
12-09 07:38:14.107 W/ActivityManager( 1591): 	at com.android.server.am.ActivityManagerService.onTransact(ActivityManagerService.java:2443)
12-09 07:38:14.107 W/ActivityManager( 1591): 	at android.os.Binder.execTransact(Binder.java:453)
12-09 07:38:14.154 D/AudioFlinger( 1307): mixer(0xf4340000) throttle end: throttle time(11)
12-09 07:38:14.257 W/audio_hw_generic( 1307): Not supplying enough data to HAL, expected position 1635566 , only wrote 1634653
12-09 07:38:14.257 W/audio_hw_generic( 1307): Not supplying enough data to HAL, expected position 1634660 , only wrote 1634653
12-09 07:38:14.274 W/audio_hw_generic( 1307): Not supplying enough data to HAL, expected position 1635371 , only wrote 1635314
12-09 07:38:14.274 W/audio_hw_generic( 1307): Hardware backing HAL too slow, could only write 0 of 661 frames
12-09 07:38:14.290 D/VehicleStatisticsActivity( 4013): Checking recalculation ...
12-09 07:38:14.292 W/audio_hw_generic( 1307): Hardware backing HAL too slow, could only write 0 of 661 frames
12-09 07:38:14.294 D/VehicleStatisticsActivity( 4013): Recalculation not necessary.
12-09 07:38:14.295 W/ActivityManager( 1591): Bad activity token: android.os.BinderProxy@150e914
12-09 07:38:14.295 W/ActivityManager( 1591): java.lang.ClassCastException: android.os.BinderProxy cannot be cast to com.android.server.am.ActivityRecord$Token
12-09 07:38:14.295 W/ActivityManager( 1591): 	at com.android.server.am.ActivityRecord.forTokenLocked(ActivityRecord.java:424)
12-09 07:38:14.295 W/ActivityManager( 1591): 	at com.android.server.am.ActivityRecord.isInStackLocked(ActivityRecord.java:1121)
12-09 07:38:14.295 W/ActivityManager( 1591): 	at com.android.server.am.ActivityManagerService.getActivityOptions(ActivityManagerService.java:11038)
12-09 07:38:14.295 W/ActivityManager( 1591): 	at android.app.ActivityManagerNative.onTransact(ActivityManagerNative.java:1734)
12-09 07:38:14.295 W/ActivityManager( 1591): 	at com.android.server.am.ActivityManagerService.onTransact(ActivityManagerService.java:2443)
12-09 07:38:14.295 W/ActivityManager( 1591): 	at android.os.Binder.execTransact(Binder.java:453)
12-09 07:38:14.295 W/ActivityManager( 1591): Bad activity token: android.os.BinderProxy@150e914
12-09 07:38:14.295 W/ActivityManager( 1591): java.lang.ClassCastException: android.os.BinderProxy cannot be cast to com.android.server.am.ActivityRecord$Token
12-09 07:38:14.295 W/ActivityManager( 1591): 	at com.android.server.am.ActivityRecord.forTokenLocked(ActivityRecord.java:424)
12-09 07:38:14.295 W/ActivityManager( 1591): 	at com.android.server.am.ActivityRecord.isInStackLocked(ActivityRecord.java:1121)
12-09 07:38:14.295 W/ActivityManager( 1591): 	at com.android.server.am.ActivityManagerService.getActivityOptions(ActivityManagerService.java:11038)
12-09 07:38:14.295 W/ActivityManager( 1591): 	at android.app.ActivityManagerNative.onTransact(ActivityManagerNative.java:1734)
12-09 07:38:14.295 W/ActivityManager( 1591): 	at com.android.server.am.ActivityManagerService.onTransact(ActivityManagerService.java:2443)
12-09 07:38:14.295 W/ActivityManager( 1591): 	at android.os.Binder.execTransact(Binder.java:453)
12-09 07:38:14.303 D/VehicleStatisticsActivity( 4013): Checking recalculation ...
12-09 07:38:14.304 D/VehicleStatisticsActivity( 4013): Recalculation not necessary.
12-09 07:38:14.311 W/audio_hw_generic( 1307): Hardware backing HAL too slow, could only write 0 of 661 frames
12-09 07:38:14.406 W/audio_hw_generic( 1307): Not supplying enough data to HAL, expected position 1641144 , only wrote 1639280
12-09 07:38:14.406 W/audio_hw_generic( 1307): Not supplying enough data to HAL, expected position 1639287 , only wrote 1639280
12-09 07:38:14.414 I/art     ( 4013): Background sticky concurrent mark sweep GC freed 47594(2MB) AllocSpace objects, 1(20KB) LOS objects, 33% free, 3MB/4MB, paused 2.515ms total 186.784ms
12-09 07:38:14.421 W/audio_hw_generic( 1307): Not supplying enough data to HAL, expected position 1639949 , only wrote 1639941
12-09 07:38:14.445 W/audio_hw_generic( 1307): Hardware backing HAL too slow, could only write 0 of 661 frames
12-09 07:38:14.470 W/audio_hw_generic( 1307): Hardware backing HAL too slow, could only write 0 of 661 frames
12-09 07:38:14.494 W/audio_hw_generic( 1307): Hardware backing HAL too slow, could only write 0 of 661 frames
12-09 07:38:14.494 W/audio_hw_generic( 1307): Hardware backing HAL too slow, could only write 0 of 661 frames
12-09 07:38:14.740 W/audio_hw_generic( 1307): Not supplying enough data to HAL, expected position 1653985 , only wrote 1653161
12-09 07:38:14.740 W/audio_hw_generic( 1307): Not supplying enough data to HAL, expected position 1653168 , only wrote 1653161
12-09 07:38:14.755 W/audio_hw_generic( 1307): Not supplying enough data to HAL, expected position 1653841 , only wrote 1653822
12-09 07:38:14.830 E/SurfaceFlinger( 1223): ro.sf.lcd_density must be defined as a build property
