--------- beginning of main
12-09 07:40:47.336 W/audio_hw_generic( 1308): Not supplying enough data to HAL, expected position 4274254 , only wrote 4271382
12-09 07:40:47.342 W/audio_hw_generic( 1308): Not supplying enough data to HAL, expected position 4271683 , only wrote 4271382
12-09 07:40:47.366 E/EGL_emulation( 1223): tid 1223: eglCreateSyncKHR(1881): error 0x3004 (EGL_BAD_ATTRIBUTE)
12-09 07:40:47.388 W/audio_hw_generic( 1308): Not supplying enough data to HAL, expected position 4273389 , only wrote 4272043
--------- beginning of system
12-09 07:40:47.471 W/ActivityManager( 1591): Finishing task with all activities already finished
12-09 07:40:47.471 W/ActivityManager( 1591): Duplicate finish request for ActivityRecord{42535c8 u0 com.evancharlton.mileage/.Mileage t338 f}
12-09 07:40:47.557 W/ActivityManager( 1591): Finishing task with all activities already finished
12-09 07:40:47.568 W/ActivityManager( 1591): Duplicate finish request for ActivityRecord{42535c8 u0 com.evancharlton.mileage/.Mileage t338 f}
12-09 07:40:47.568 W/ActivityManager( 1591): Finishing task with all activities already finished
12-09 07:40:47.568 W/ActivityManager( 1591): Duplicate finish request for ActivityRecord{42535c8 u0 com.evancharlton.mileage/.Mileage t338 f}
12-09 07:40:47.735 W/audio_hw_generic( 1308): Not supplying enough data to HAL, expected position 4287331 , only wrote 4285924
12-09 07:40:47.735 W/audio_hw_generic( 1308): Not supplying enough data to HAL, expected position 4285930 , only wrote 4285924
12-09 07:40:47.752 W/audio_hw_generic( 1308): Not supplying enough data to HAL, expected position 4286679 , only wrote 4286585
12-09 07:40:47.752 W/audio_hw_generic( 1308): Hardware backing HAL too slow, could only write 0 of 661 frames
12-09 07:40:47.765 D/EGL_emulation( 2738): eglMakeCurrent: 0x7f1cf5c9c580: ver 2 0 (tinfo 0x7f1cee30fec0)
12-09 07:40:47.775 W/audio_hw_generic( 1308): Hardware backing HAL too slow, could only write 0 of 661 frames
12-09 07:40:47.790 W/audio_hw_generic( 1308): Hardware backing HAL too slow, could only write 0 of 661 frames
12-09 07:40:47.820 W/audio_hw_generic( 1308): Hardware backing HAL too slow, could only write 0 of 661 frames
12-09 07:40:47.843 W/audio_hw_generic( 1308): Hardware backing HAL too slow, could only write 0 of 661 frames
12-09 07:40:47.851 W/audio_hw_generic( 1308): Hardware backing HAL too slow, could only write 0 of 661 frames
12-09 07:40:47.871 W/audio_hw_generic( 1308): Hardware backing HAL too slow, could only write 0 of 661 frames
12-09 07:40:48.085 W/audio_hw_generic( 1308): Not supplying enough data to HAL, expected position 4301286 , only wrote 4301127
12-09 07:40:48.085 W/audio_hw_generic( 1308): Not supplying enough data to HAL, expected position 4301134 , only wrote 4301127
12-09 07:40:48.131 W/audio_hw_generic( 1308): Not supplying enough data to HAL, expected position 4303124 , only wrote 4301788
12-09 07:40:48.345 D/AndroidRuntime( 4809): >>>>>> START com.android.internal.os.RuntimeInit uid 0 <<<<<<
12-09 07:40:48.352 D/AndroidRuntime( 4809): CheckJNI is ON
12-09 07:40:48.366 W/audio_hw_generic( 1308): Not supplying enough data to HAL, expected position 4312151 , only wrote 4311703
12-09 07:40:48.403 W/audio_hw_generic( 1308): Not supplying enough data to HAL, expected position 4313332 , only wrote 4311703
12-09 07:40:48.423 W/audio_hw_generic( 1308): Not supplying enough data to HAL, expected position 4312582 , only wrote 4312364
12-09 07:40:48.501 W/audio_hw_generic( 1308): Not supplying enough data to HAL, expected position 4315815 , only wrote 4315008
12-09 07:40:48.501 W/audio_hw_generic( 1308): Not supplying enough data to HAL, expected position 4315014 , only wrote 4315008
12-09 07:40:48.519 W/audio_hw_generic( 1308): Not supplying enough data to HAL, expected position 4315788 , only wrote 4315669
12-09 07:40:48.530 D/ICU     ( 4809): No timezone override file found: /data/misc/zoneinfo/current/icu/icu_tzdata.dat
12-09 07:40:48.599 W/audio_hw_generic( 1308): Not supplying enough data to HAL, expected position 4319201 , only wrote 4316991
12-09 07:40:48.675 W/audio_hw_generic( 1308): Not supplying enough data to HAL, expected position 4323058 , only wrote 4320296
12-09 07:40:48.920 W/art     ( 1591): Long monitor contention event with owner method=void com.android.server.wm.WindowAnimator$1.doFrame(long) from WindowAnimator.java:121 waiters=1 for 291ms
12-09 07:40:48.993 E/memtrack( 4809): Couldn't load memtrack module (No such file or directory)
12-09 07:40:48.993 E/android.os.Debug( 4809): failed to load memtrack module: -2
12-09 07:40:49.003 I/Radio-JNI( 4809): register_android_hardware_Radio DONE
12-09 07:40:49.026 D/AndroidRuntime( 4809): Calling main entry com.android.commands.am.Am
12-09 07:40:49.403 W/art     ( 1591): Long monitor contention event with owner method=void com.android.server.wm.WindowAnimator$1.doFrame(long) from WindowAnimator.java:121 waiters=1 for 218ms
12-09 07:40:49.552 W/art     ( 1591): Long monitor contention event with owner method=void com.android.server.wm.WindowAnimator$1.doFrame(long) from WindowAnimator.java:121 waiters=1 for 292ms
12-09 07:40:49.676 W/art     ( 1591): Long monitor contention event with owner method=void com.android.server.wm.WindowAnimator$1.doFrame(long) from WindowAnimator.java:121 waiters=1 for 273ms
12-09 07:40:49.820 W/art     ( 1591): Long monitor contention event with owner method=void com.android.server.wm.WindowAnimator$1.doFrame(long) from WindowAnimator.java:121 waiters=1 for 145ms
12-09 07:40:49.907 W/art     ( 1591): Long monitor contention event with owner method=java.util.List com.android.server.am.ActivityManagerService.getAllStackInfos() from ActivityManagerService.java:8937 waiters=0 for 879ms
12-09 07:40:49.907 I/ActivityManager( 1591): Force stopping com.evancharlton.mileage appid=10117 user=0: start instr
12-09 07:40:49.920 I/ActivityManager( 1591): Killing 4764:com.evancharlton.mileage/u0a117 (adj 0): stop com.evancharlton.mileage
12-09 07:40:49.967 W/InputDispatcher( 1591): channel 'e75a0f8 com.evancharlton.mileage/com.evancharlton.mileage.Mileage (server)' ~ Consumer closed input channel or an error occurred.  events=0x9
12-09 07:40:49.967 E/InputDispatcher( 1591): channel 'e75a0f8 com.evancharlton.mileage/com.evancharlton.mileage.Mileage (server)' ~ Channel is unrecoverably broken and will be disposed!
12-09 07:40:50.011 E/JavaBinder( 1591): !!! FAILED BINDER TRANSACTION !!!  (parcel size = 104)
12-09 07:40:50.011 W/InputMethodManagerService( 1591): Got RemoteException sending setActive(false) notification to pid 4764 uid 10117
12-09 07:40:50.179 I/WindowState( 1591): WIN DEATH: Window{e75a0f8 u0 com.evancharlton.mileage/com.evancharlton.mileage.Mileage}
12-09 07:40:50.179 W/InputDispatcher( 1591): Attempted to unregister already unregistered input channel 'e75a0f8 com.evancharlton.mileage/com.evancharlton.mileage.Mileage (server)'
12-09 07:40:50.199 W/ActivityManager( 1591): Crash of app com.evancharlton.mileage running instrumentation ComponentInfo{com.evancharlton.mileage.test/sh.calaba.instrumentationbackend.CalabashInstrumentationTestRunner}
12-09 07:40:50.199 I/ActivityManager( 1591): Force stopping com.evancharlton.mileage appid=10117 user=0: finished inst
12-09 07:40:50.203 I/Choreographer( 2738): Skipped 139 frames!  The application may be doing too much work on its main thread.
12-09 07:40:50.220 I/ActivityManager( 1591): Start proc 4818:com.evancharlton.mileage/u0a117 for added application com.evancharlton.mileage
12-09 07:40:50.220 D/AndroidRuntime( 4809): Shutting down VM
12-09 07:40:50.223 W/art     ( 1591): Long monitor contention event with owner method=java.util.List com.android.server.am.ActivityManagerService.getAllStackInfos() from ActivityManagerService.java:8937 waiters=1 for 1.122s
12-09 07:40:50.238 W/art     ( 1591): Long monitor contention event with owner method=boolean com.android.server.am.ActivityManagerService.startInstrumentation(android.content.ComponentName, java.lang.String, int, android.os.Bundle, android.app.IInstrumentationWatcher, android.app.IUiAutomationConnection, int, java.lang.String) from ActivityManagerService.java:17066 waiters=1 for 315ms
12-09 07:40:50.239 W/art     ( 1591): Long monitor contention event with owner method=boolean com.android.server.am.ActivityManagerService.startInstrumentation(android.content.ComponentName, java.lang.String, int, android.os.Bundle, android.app.IInstrumentationWatcher, android.app.IUiAutomationConnection, int, java.lang.String) from ActivityManagerService.java:17066 waiters=2 for 303ms
12-09 07:40:50.239 W/ActivityManager( 1591): Spurious death for ProcessRecord{95cf5c2 0:com.evancharlton.mileage/u0a117}, curProc for 4764: null
12-09 07:40:50.461 W/System  ( 4818): ClassLoader referenced unknown path: /data/app/com.evancharlton.mileage.test-1/lib/x86_64
12-09 07:40:50.461 W/System  ( 4818): ClassLoader referenced unknown path: /data/app/com.evancharlton.mileage-1/lib/x86_64
12-09 07:40:50.514 I/System.out( 4818): Main activity name automatically set to: com.evancharlton.mileage.Mileage
12-09 07:40:50.519 I/System.out( 4818): Calabash did not load Mono. This is only a problem if you are trying to test a Mono application
12-09 07:40:50.519 I/calabash( 4818): Test server port: 7102
12-09 07:40:50.520 I/InstrumentationBackend( 4818): Added:'GetPreferences', with key:'get_preferences'
12-09 07:40:50.540 W/art     ( 1591): Long monitor contention event with owner method=void com.android.server.wm.WindowAnimator$1.doFrame(long) from WindowAnimator.java:121 waiters=0 for 179ms
12-09 07:40:50.587 I/InstrumentationBackend( 4818): Added:'SetPreferences', with key:'set_preferences'
12-09 07:40:50.599 I/InstrumentationBackend( 4818): Added:'ClearPreferences', with key:'clear_preferences'
12-09 07:40:50.599 I/InstrumentationBackend( 4818): Added:'PressElement', with key:'press_l10n_element'
12-09 07:40:50.599 I/InstrumentationBackend( 4818): Added:'WaitForElement', with key:'wait_for_l10n_element'
12-09 07:40:50.600 I/InstrumentationBackend( 4818): Added:'NullAction', with key:'nullAction'
12-09 07:40:50.600 I/InstrumentationBackend( 4818): Added:'PressKey', with key:'press_key'
12-09 07:40:50.600 I/InstrumentationBackend( 4818): Added:'SetActivityOrientation', with key:'set_activity_orientation'
12-09 07:40:50.600 I/InstrumentationBackend( 4818): Added:'GetActivityOrientation', with key:'get_activity_orientation'
12-09 07:40:50.600 I/InstrumentationBackend( 4818): Added:'FakeGPSLocation', with key:'set_gps_coordinates'
12-09 07:40:50.600 I/InstrumentationBackend( 4818): Added:'SetPropertyByCssSelector', with key:'set_property_by_css_selector'
12-09 07:40:50.601 I/InstrumentationBackend( 4818): Added:'GetUrl', with key:'get_url'
12-09 07:40:50.601 I/InstrumentationBackend( 4818): Added:'ScrollTo', with key:'scroll_to'
12-09 07:40:50.602 I/InstrumentationBackend( 4818): Added:'GetLoadProgress', with key:'get_load_progress'
12-09 07:40:50.602 I/InstrumentationBackend( 4818): Added:'DumpHtml', with key:'dump_html'
12-09 07:40:50.602 I/InstrumentationBackend( 4818): Added:'DumpBodyHtml', with key:'dump_body_html'
12-09 07:40:50.602 I/InstrumentationBackend( 4818): Added:'EnterTextByCssSelector', with key:'enter_text_by_selector'
12-09 07:40:50.611 I/InstrumentationBackend( 4818): Added:'AndroidSDKVersion', with key:'android_sdk_version'
12-09 07:40:50.611 I/InstrumentationBackend( 4818): Added:'Version', with key:'version'
12-09 07:40:50.612 I/InstrumentationBackend( 4818): Added:'Drag', with key:'drag'
12-09 07:40:50.612 I/InstrumentationBackend( 4818): Added:'TouchCoordinates', with key:'touch_coordinate'
12-09 07:40:50.612 I/InstrumentationBackend( 4818): Added:'LongPressCoordinate', with key:'long_press_coordinate'
12-09 07:40:50.612 I/InstrumentationBackend( 4818): Added:'DragCoordinates', with key:'drag_coordinates'
12-09 07:40:50.612 I/InstrumentationBackend( 4818): Added:'ResumeApplication', with key:'resume_application'
12-09 07:40:50.612 I/InstrumentationBackend( 4818): Added:'Swipe', with key:'swipe'
12-09 07:40:50.612 I/InstrumentationBackend( 4818): Added:'DoubleTapCoordinate', with key:'double_tap_coordinate'
12-09 07:40:50.613 I/InstrumentationBackend( 4818): Added:'ClickOnScreen', with key:'click_on_screen'
12-09 07:40:50.613 I/InstrumentationBackend( 4818): Added:'GetActivityName', with key:'get_activity_name'
12-09 07:40:50.613 I/InstrumentationBackend( 4818): Added:'ScrollToView', with key:'scroll_to_view'
12-09 07:40:50.613 I/InstrumentationBackend( 4818): Added:'ViewConfiguration', with key:'view_configuration'
12-09 07:40:50.613 I/InstrumentationBackend( 4818): Added:'IsCurrentActivityFocused', with key:'is_current_activity_focused'
12-09 07:40:50.614 I/InstrumentationBackend( 4818): Added:'SendTcp', with key:'send_tcp'
12-09 07:40:50.614 I/InstrumentationBackend( 4818): Added:'DpToDevicePixel', with key:'dp_to_device_pixel'
12-09 07:40:50.619 I/InstrumentationBackend( 4818): Added:'KeyboardEnterText', with key:'keyboard_enter_text'
12-09 07:40:50.620 I/InstrumentationBackend( 4818): Added:'DeleteSurroundingText', with key:'delete_surrounding_text'
12-09 07:40:50.620 I/InstrumentationBackend( 4818): Added:'SetComposingRegion', with key:'set_composing_region'
12-09 07:40:50.620 I/InstrumentationBackend( 4818): Added:'SetSelection', with key:'set_selection'
12-09 07:40:50.620 I/InstrumentationBackend( 4818): Added:'KeyboardKeyEvent', with key:'keyboard_key_event'
12-09 07:40:50.620 I/InstrumentationBackend( 4818): Added:'PressUserActionButton', with key:'press_user_action_button'
12-09 07:40:50.621 I/InstrumentationBackend( 4818): Added:'HideSoftKeyboard', with key:'hide_soft_keyboard'
12-09 07:40:50.621 I/InstrumentationBackend( 4818): Added:'ListActions', with key:'list_actions'
12-09 07:40:50.621 I/calabash( 4818): Instantiating http server at 7102
12-09 07:40:50.622 I/System.out( 4818): HTTP Daemon listening on: 7102
12-09 07:40:50.772 W/art     ( 1591): Long monitor contention event with owner method=void com.android.server.wm.WindowAnimator$1.doFrame(long) from WindowAnimator.java:121 waiters=0 for 232ms
12-09 07:40:50.777 I/System.out( 4818): URI: //ping
12-09 07:40:50.777 I/System.out( 4818): params: {json={}
12-09 07:40:50.777 I/System.out( 4818): }
12-09 07:40:50.797 I/Choreographer( 2738): Skipped 34 frames!  The application may be doing too much work on its main thread.
12-09 07:40:50.844 I/System.out( 4818): URI: //ping
12-09 07:40:50.844 I/System.out( 4818): params: {json={}
12-09 07:40:50.844 I/System.out( 4818): }
12-09 07:40:50.966 I/art     ( 4818): Background sticky concurrent mark sweep GC freed 27977(1308KB) AllocSpace objects, 4(80KB) LOS objects, 70% free, 1124KB/3MB, paused 938us total 150.083ms
12-09 07:40:50.972 I/System.out( 4818): URI: //ready
12-09 07:40:50.973 I/System.out( 4818): params: {json={}
12-09 07:40:50.973 I/System.out( 4818): }
12-09 07:40:51.003 I/System.out( 4818): URI: //
12-09 07:40:51.003 I/System.out( 4818): params: {json={"command":"version","arguments":[]}
12-09 07:40:51.003 I/System.out( 4818): }
12-09 07:40:51.003 I/System.out( 4818): header: {date=Sun, 09 Dec 2018 07:40:51 GMT, accept=*/*, content-length=36, host=127.0.0.1:34777, user-agent=HTTPClient/1.0 (2.8.3, ruby 2.3.1 (2016-04-26)), content-type=application/json;charset=utf-8}
12-09 07:40:51.003 I/System.out( 4818): params: {json={"command":"version","arguments":[]}
12-09 07:40:51.003 I/System.out( 4818): }
12-09 07:40:51.003 I/System.out( 4818): ProP json = {"command":"version","arguments":[]}
12-09 07:40:51.004 I/System.out( 4818): files: {}
12-09 07:40:51.004 I/System.out( 4818): command: {"command":"version","arguments":[]}
12-09 07:40:51.030 I/InstrumentationBackend( 4818): Got command:'Command:'Line:null,version', arguments:'[]'
12-09 07:40:51.077 I/System.out( 4818): result:{"bonusInformation":[],"message":"0.9.8","success":true}
12-09 07:40:51.127 W/art     ( 1591): Long monitor contention event with owner method=void com.android.server.wm.WindowAnimator$1.doFrame(long) from WindowAnimator.java:121 waiters=0 for 155ms
12-09 07:40:51.139 I/System.out( 4818): URI: //start-application
12-09 07:40:51.139 I/System.out( 4818): params: {json={"intent":null}
12-09 07:40:51.139 I/System.out( 4818): }
12-09 07:40:51.258 W/art     ( 1591): Long monitor contention event with owner method=void com.android.server.wm.WindowAnimator$1.doFrame(long) from WindowAnimator.java:121 waiters=0 for 131ms
12-09 07:40:51.486 W/WindowAnimator( 1591): Failed to dispatch window animation state change.
12-09 07:40:51.486 W/WindowAnimator( 1591): android.os.DeadObjectException
12-09 07:40:51.486 W/WindowAnimator( 1591): 	at android.os.BinderProxy.transactNative(Native Method)
12-09 07:40:51.486 W/WindowAnimator( 1591): 	at android.os.BinderProxy.transact(Binder.java:503)
12-09 07:40:51.486 W/WindowAnimator( 1591): 	at android.view.IWindow$Stub$Proxy.onAnimationStopped(IWindow.java:534)
12-09 07:40:51.486 W/WindowAnimator( 1591): 	at com.android.server.wm.WindowAnimator.updateWindowsLocked(WindowAnimator.java:286)
12-09 07:40:51.486 W/WindowAnimator( 1591): 	at com.android.server.wm.WindowAnimator.animateLocked(WindowAnimator.java:678)
12-09 07:40:51.486 W/WindowAnimator( 1591): 	at com.android.server.wm.WindowAnimator.-wrap0(WindowAnimator.java)
12-09 07:40:51.486 W/WindowAnimator( 1591): 	at com.android.server.wm.WindowAnimator$1.doFrame(WindowAnimator.java:123)
12-09 07:40:51.486 W/WindowAnimator( 1591): 	at android.view.Choreographer$CallbackRecord.run(Choreographer.java:856)
12-09 07:40:51.486 W/WindowAnimator( 1591): 	at android.view.Choreographer.doCallbacks(Choreographer.java:670)
12-09 07:40:51.486 W/WindowAnimator( 1591): 	at android.view.Choreographer.doFrame(Choreographer.java:603)
12-09 07:40:51.486 W/WindowAnimator( 1591): 	at android.view.Choreographer$FrameDisplayEventReceiver.run(Choreographer.java:844)
12-09 07:40:51.486 W/WindowAnimator( 1591): 	at android.os.Handler.handleCallback(Handler.java:739)
12-09 07:40:51.486 W/WindowAnimator( 1591): 	at android.os.Handler.dispatchMessage(Handler.java:95)
12-09 07:40:51.486 W/WindowAnimator( 1591): 	at android.os.Looper.loop(Looper.java:148)
12-09 07:40:51.486 W/WindowAnimator( 1591): 	at android.os.HandlerThread.run(HandlerThread.java:61)
12-09 07:40:51.486 W/WindowAnimator( 1591): 	at com.android.server.ServiceThread.run(ServiceThread.java:46)
12-09 07:40:51.486 W/art     ( 1591): Long monitor contention event with owner method=void com.android.server.wm.WindowAnimator$1.doFrame(long) from WindowAnimator.java:121 waiters=1 for 229ms
12-09 07:40:51.576 W/art     ( 1591): Long monitor contention event with owner method=void com.android.server.wm.WindowAnimator$1.doFrame(long) from WindowAnimator.java:121 waiters=1 for 208ms
12-09 07:40:51.716 W/art     ( 1591): Long monitor contention event with owner method=void com.android.server.wm.WindowAnimator$1.doFrame(long) from WindowAnimator.java:121 waiters=1 for 229ms
12-09 07:40:51.723 W/art     ( 1591): Long monitor contention event with owner method=void com.android.server.wm.WindowAnimator$1.doFrame(long) from WindowAnimator.java:121 waiters=1 for 147ms
12-09 07:40:51.847 W/art     ( 1591): Long monitor contention event with owner method=void com.android.server.wm.WindowManagerService$H.handleMessage(android.os.Message) from WindowManagerService.java:7820 waiters=1 for 131ms
12-09 07:40:51.848 I/ActivityManager( 1591): START u0 {act=android.intent.action.MAIN cat=[android.intent.category.LAUNCHER] flg=0x10200000 cmp=com.evancharlton.mileage/.Mileage} from uid 10117 on display 0
12-09 07:40:51.931 D/gralloc_ranchu( 1223): gralloc_alloc: Creating ashmem region of size 708608
12-09 07:40:51.950 E/EGL_emulation( 1223): tid 1223: eglCreateSyncKHR(1881): error 0x3004 (EGL_BAD_ATTRIBUTE)
12-09 07:40:52.041 W/art     ( 1591): Long monitor contention event with owner method=int com.android.server.am.ActivityStackSupervisor.startActivityMayWait(android.app.IApplicationThread, int, java.lang.String, android.content.Intent, java.lang.String, android.service.voice.IVoiceInteractionSession, com.android.internal.app.IVoiceInteractor, android.os.IBinder, java.lang.String, int, int, android.app.ProfilerInfo, android.app.IActivityManager$WaitResult, android.content.res.Configuration, android.os.Bundle, boolean, int, android.app.IActivityContainer, com.android.server.am.TaskRecord) from ActivityStackSupervisor.java:946 waiters=0 for 192ms
12-09 07:40:52.053 I/calabash( 4818): newActivity1
12-09 07:40:52.092 I/calabash( 4818): newActivity1
12-09 07:40:52.094 W/ActivityManager( 1591): Bad activity token: android.os.BinderProxy@38c3c27
12-09 07:40:52.094 W/ActivityManager( 1591): java.lang.ClassCastException: android.os.BinderProxy cannot be cast to com.android.server.am.ActivityRecord$Token
12-09 07:40:52.094 W/ActivityManager( 1591): 	at com.android.server.am.ActivityRecord.forTokenLocked(ActivityRecord.java:424)
12-09 07:40:52.094 W/ActivityManager( 1591): 	at com.android.server.am.ActivityRecord.isInStackLocked(ActivityRecord.java:1121)
12-09 07:40:52.094 W/ActivityManager( 1591): 	at com.android.server.am.ActivityRecord.getStackLocked(ActivityRecord.java:1126)
12-09 07:40:52.094 W/ActivityManager( 1591): 	at com.android.server.am.ActivityManagerService.getActivityDisplayId(ActivityManagerService.java:8889)
12-09 07:40:52.094 W/ActivityManager( 1591): 	at android.app.ActivityManagerNative.onTransact(ActivityManagerNative.java:2338)
12-09 07:40:52.094 W/ActivityManager( 1591): 	at com.android.server.am.ActivityManagerService.onTransact(ActivityManagerService.java:2443)
12-09 07:40:52.094 W/ActivityManager( 1591): 	at android.os.Binder.execTransact(Binder.java:453)
12-09 07:40:52.107 W/ActivityManager( 1591): Bad activity token: android.os.BinderProxy@38c3c27
12-09 07:40:52.107 W/ActivityManager( 1591): java.lang.ClassCastException: android.os.BinderProxy cannot be cast to com.android.server.am.ActivityRecord$Token
12-09 07:40:52.107 W/ActivityManager( 1591): 	at com.android.server.am.ActivityRecord.forTokenLocked(ActivityRecord.java:424)
12-09 07:40:52.107 W/ActivityManager( 1591): 	at com.android.server.am.ActivityRecord.isInStackLocked(ActivityRecord.java:1121)
12-09 07:40:52.107 W/ActivityManager( 1591): 	at com.android.server.am.ActivityManagerService.setTaskDescription(ActivityManagerService.java:8547)
12-09 07:40:52.107 W/ActivityManager( 1591): 	at android.app.ActivityManagerNative.onTransact(ActivityManagerNative.java:2410)
12-09 07:40:52.107 W/ActivityManager( 1591): 	at com.android.server.am.ActivityManagerService.onTransact(ActivityManagerService.java:2443)
12-09 07:40:52.107 W/ActivityManager( 1591): 	at android.os.Binder.execTransact(Binder.java:453)
12-09 07:40:52.372 D/gralloc_ranchu( 1223): gralloc_alloc: Creating ashmem region of size 3686400
12-09 07:40:52.399 I/art     ( 4818): Background partial concurrent mark sweep GC freed 34649(1918KB) AllocSpace objects, 11(220KB) LOS objects, 39% free, 1634KB/2MB, paused 17.496ms total 172.377ms
12-09 07:40:52.495 W/ActivityManager( 1591): Bad activity token: android.os.BinderProxy@38c3c27
12-09 07:40:52.495 W/ActivityManager( 1591): java.lang.ClassCastException: android.os.BinderProxy cannot be cast to com.android.server.am.ActivityRecord$Token
12-09 07:40:52.495 W/ActivityManager( 1591): 	at com.android.server.am.ActivityRecord.forTokenLocked(ActivityRecord.java:424)
12-09 07:40:52.495 W/ActivityManager( 1591): 	at com.android.server.am.ActivityRecord.isInStackLocked(ActivityRecord.java:1121)
12-09 07:40:52.495 W/ActivityManager( 1591): 	at com.android.server.am.ActivityManagerService.getActivityOptions(ActivityManagerService.java:11038)
12-09 07:40:52.495 W/ActivityManager( 1591): 	at android.app.ActivityManagerNative.onTransact(ActivityManagerNative.java:1734)
12-09 07:40:52.495 W/ActivityManager( 1591): 	at com.android.server.am.ActivityManagerService.onTransact(ActivityManagerService.java:2443)
12-09 07:40:52.495 W/ActivityManager( 1591): 	at android.os.Binder.execTransact(Binder.java:453)
12-09 07:40:52.495 W/ActivityManager( 1591): Bad activity token: android.os.BinderProxy@38c3c27
12-09 07:40:52.495 W/ActivityManager( 1591): java.lang.ClassCastException: android.os.BinderProxy cannot be cast to com.android.server.am.ActivityRecord$Token
12-09 07:40:52.495 W/ActivityManager( 1591): 	at com.android.server.am.ActivityRecord.forTokenLocked(ActivityRecord.java:424)
12-09 07:40:52.495 W/ActivityManager( 1591): 	at com.android.server.am.ActivityRecord.isInStackLocked(ActivityRecord.java:1121)
12-09 07:40:52.495 W/ActivityManager( 1591): 	at com.android.server.am.ActivityManagerService.getActivityOptions(ActivityManagerService.java:11038)
12-09 07:40:52.495 W/ActivityManager( 1591): 	at android.app.ActivityManagerNative.onTransact(ActivityManagerNative.java:1734)
12-09 07:40:52.495 W/ActivityManager( 1591): 	at com.android.server.am.ActivityManagerService.onTransact(ActivityManagerService.java:2443)
12-09 07:40:52.495 W/ActivityManager( 1591): 	at android.os.Binder.execTransact(Binder.java:453)
12-09 07:40:52.659 V/PhoneStatusBar( 1718): setLightsOn(true)
12-09 07:40:52.668 D/EGL_emulation( 2738): eglMakeCurrent: 0x7f1cf5c9c580: ver 2 0 (tinfo 0x7f1cee30fec0)
12-09 07:40:52.700 E/Surface ( 2738): getSlotFromBufferLocked: unknown buffer: 0x7f1cf5c9cda0
12-09 07:40:52.928 W/art     ( 1591): Long monitor contention event with owner method=void com.android.server.wm.WindowAnimator$1.doFrame(long) from WindowAnimator.java:121 waiters=1 for 227ms
12-09 07:40:53.022 W/art     ( 1591): Long monitor contention event with owner method=void com.android.server.wm.WindowAnimator$1.doFrame(long) from WindowAnimator.java:121 waiters=1 for 279ms
12-09 07:40:53.184 W/art     ( 1591): Long monitor contention event with owner method=void com.android.server.wm.WindowAnimator$1.doFrame(long) from WindowAnimator.java:121 waiters=1 for 256ms
12-09 07:40:53.432 W/art     ( 1591): Long monitor contention event with owner method=void com.android.server.wm.WindowAnimator$1.doFrame(long) from WindowAnimator.java:121 waiters=2 for 248ms
12-09 07:40:53.595 W/art     ( 1591): Long monitor contention event with owner method=void com.android.server.wm.WindowAnimator$1.doFrame(long) from WindowAnimator.java:121 waiters=2 for 276ms
12-09 07:40:53.716 W/SurfaceFlinger( 1223): couldn't log to binary event log: overflow.
12-09 07:40:54.020 D/gralloc_ranchu( 1223): gralloc_alloc: Creating ashmem region of size 3686400
12-09 07:40:54.175 D/        ( 4818): HostConnection::get() New Host Connection established 0x7f1cf5cfd0a0, tid 4818
12-09 07:40:54.260 I/ActivityManager( 1591): Displayed com.evancharlton.mileage/.Mileage: +2s216ms
12-09 07:40:54.268 D/gralloc_ranchu( 1223): gralloc_alloc: Creating ashmem region of size 3686400
12-09 07:40:54.649 W/art     ( 1591): Long monitor contention event with owner method=void com.android.server.wm.WindowAnimator$1.doFrame(long) from WindowAnimator.java:121 waiters=0 for 174ms
12-09 07:40:55.076 D/gralloc_ranchu( 1223): gralloc_alloc: Creating ashmem region of size 3686400
12-09 07:40:55.919 I/System.out( 4818): URI: //map
12-09 07:40:55.919 I/System.out( 4818): params: {json={"query":"android.widget.EditText id:'price'","operation":{"method_name":"query","arguments":[]}}
12-09 07:40:55.919 I/System.out( 4818): }
12-09 07:40:56.092 W/ResourceType( 4818): No package identifier when getting name for resource number 0x00000001
12-09 07:40:56.534 I/art     ( 4818): Background partial concurrent mark sweep GC freed 33950(1634KB) AllocSpace objects, 1(20KB) LOS objects, 39% free, 2MB/3MB, paused 1.837ms total 291.095ms
12-09 07:40:56.548 I/System.out( 4818): URI: //gesture
12-09 07:40:56.550 I/System.out( 4818): params: {json={"query_timeout":5.0,"gestures":[{"query_string":"android.widget.EditText id:'price'","touches":[{"x":50,"y":50,"offset_x":0,"offset_y":0,"wait":0.0,"time":0.2,"release":true,"query_string":null}]}]}
12-09 07:40:56.550 I/System.out( 4818): }
12-09 07:40:56.584 W/ResourceType( 4818): No package identifier when getting name for resource number 0x00000001
12-09 07:40:56.968 I/LatinIME( 1898): Starting input. Cursor position = 0,0
12-09 07:40:57.379 D/EGL_emulation( 1898): eglMakeCurrent: 0x7f1cf5c9a320: ver 2 0 (tinfo 0x7f1ced9325a0)
12-09 07:40:57.493 I/System.out( 4818): URI: //
12-09 07:40:57.493 I/System.out( 4818): params: {json={"command":"set_selection","arguments":[-1,-1]}
12-09 07:40:57.493 I/System.out( 4818): }
12-09 07:40:57.493 I/System.out( 4818): header: {date=Sun, 09 Dec 2018 07:40:57 GMT, accept=*/*, content-length=47, host=127.0.0.1:34777, user-agent=HTTPClient/1.0 (2.8.3, ruby 2.3.1 (2016-04-26)), content-type=application/json;charset=utf-8}
12-09 07:40:57.493 I/System.out( 4818): params: {json={"command":"set_selection","arguments":[-1,-1]}
12-09 07:40:57.493 I/System.out( 4818): }
12-09 07:40:57.493 I/System.out( 4818): ProP json = {"command":"set_selection","arguments":[-1,-1]}
12-09 07:40:57.493 I/System.out( 4818): files: {}
12-09 07:40:57.493 I/System.out( 4818): command: {"command":"set_selection","arguments":[-1,-1]}
12-09 07:40:57.494 I/InstrumentationBackend( 4818): Got command:'Command:'Line:null,set_selection', arguments:'[-1, -1]'
12-09 07:40:57.658 I/System.out( 4818): result:{"bonusInformation":[],"message":"","success":true}
12-09 07:40:58.236 I/System.out( 4818): URI: //
12-09 07:40:58.236 I/System.out( 4818): params: {json={"command":"keyboard_enter_text","arguments":["-321ßå∂˚¡–ºß123"]}
12-09 07:40:58.236 I/System.out( 4818): }
12-09 07:40:58.236 I/System.out( 4818): header: {date=Sun, 09 Dec 2018 07:40:58 GMT, accept=*/*, content-length=75, host=127.0.0.1:34777, user-agent=HTTPClient/1.0 (2.8.3, ruby 2.3.1 (2016-04-26)), content-type=application/json;charset=utf-8}
12-09 07:40:58.236 I/System.out( 4818): params: {json={"command":"keyboard_enter_text","arguments":["-321ßå∂˚¡–ºß123"]}
12-09 07:40:58.236 I/System.out( 4818): }
12-09 07:40:58.236 I/System.out( 4818): ProP json = {"command":"keyboard_enter_text","arguments":["-321ßå∂˚¡–ºß123"]}
12-09 07:40:58.236 I/System.out( 4818): files: {}
12-09 07:40:58.236 I/System.out( 4818): command: {"command":"keyboard_enter_text","arguments":["-321ßå∂˚¡–ºß123"]}
12-09 07:40:58.237 I/InstrumentationBackend( 4818): Got command:'Command:'Line:null,keyboard_enter_text', arguments:'[-321ßå∂˚¡–ºß123]'
12-09 07:40:58.260 E/SpannableStringBuilder( 4818): SPAN_EXCLUSIVE_EXCLUSIVE spans cannot have a zero length
12-09 07:40:58.260 E/SpannableStringBuilder( 4818): SPAN_EXCLUSIVE_EXCLUSIVE spans cannot have a zero length
12-09 07:40:58.269 E/SpannableStringBuilder( 4818): SPAN_EXCLUSIVE_EXCLUSIVE spans cannot have a zero length
12-09 07:40:58.269 E/SpannableStringBuilder( 4818): SPAN_EXCLUSIVE_EXCLUSIVE spans cannot have a zero length
12-09 07:40:58.287 I/System.out( 4818): result:{"bonusInformation":[],"message":"","success":true}
12-09 07:40:58.984 E/SurfaceFlinger( 1223): ro.sf.lcd_density must be defined as a build property
12-09 07:40:59.094 D/gralloc_ranchu( 1223): gralloc_alloc: Creating ashmem region of size 3686400
12-09 07:40:59.128 D/        ( 4850): HostConnection::get() New Host Connection established 0x7f931fa52480, tid 4850
12-09 07:40:59.149 E/EGL_emulation( 1223): tid 1223: eglCreateSyncKHR(1881): error 0x3004 (EGL_BAD_ATTRIBUTE)
12-09 07:41:00.623 I/System.out( 4818): URI: //map
12-09 07:41:00.623 I/System.out( 4818): params: {json={"query":"android.widget.EditText id:'volume'","operation":{"method_name":"query","arguments":[]}}
12-09 07:41:00.623 I/System.out( 4818): }
12-09 07:41:00.648 W/ResourceType( 4818): No package identifier when getting name for resource number 0x00000001
12-09 07:41:00.792 I/art     ( 4818): Background sticky concurrent mark sweep GC freed 45048(2037KB) AllocSpace objects, 2(40KB) LOS objects, 31% free, 2MB/3MB, paused 1.020ms total 107.599ms
12-09 07:41:00.807 I/System.out( 4818): URI: //gesture
12-09 07:41:00.807 I/System.out( 4818): params: {json={"query_timeout":5.0,"gestures":[{"query_string":"android.widget.EditText id:'volume'","touches":[{"x":50,"y":50,"offset_x":0,"offset_y":0,"wait":0.0,"time":0.2,"release":true,"query_string":null}]}]}
12-09 07:41:00.807 I/System.out( 4818): }
12-09 07:41:00.824 W/ResourceType( 4818): No package identifier when getting name for resource number 0x00000001
12-09 07:41:01.215 I/LatinIME( 1898): Starting input. Cursor position = 0,0
12-09 07:41:01.775 I/System.out( 4818): URI: //
12-09 07:41:01.775 I/System.out( 4818): params: {json={"command":"set_selection","arguments":[-1,-1]}
12-09 07:41:01.775 I/System.out( 4818): }
12-09 07:41:01.775 I/System.out( 4818): header: {date=Sun, 09 Dec 2018 07:41:02 GMT, accept=*/*, content-length=47, host=127.0.0.1:34777, user-agent=HTTPClient/1.0 (2.8.3, ruby 2.3.1 (2016-04-26)), content-type=application/json;charset=utf-8}
12-09 07:41:01.775 I/System.out( 4818): params: {json={"command":"set_selection","arguments":[-1,-1]}
12-09 07:41:01.775 I/System.out( 4818): }
12-09 07:41:01.775 I/System.out( 4818): ProP json = {"command":"set_selection","arguments":[-1,-1]}
12-09 07:41:01.775 I/System.out( 4818): files: {}
12-09 07:41:01.776 I/System.out( 4818): command: {"command":"set_selection","arguments":[-1,-1]}
12-09 07:41:01.777 I/InstrumentationBackend( 4818): Got command:'Command:'Line:null,set_selection', arguments:'[-1, -1]'
12-09 07:41:01.779 I/Choreographer( 1898): Skipped 36 frames!  The application may be doing too much work on its main thread.
12-09 07:41:01.797 I/System.out( 4818): result:{"bonusInformation":[],"message":"","success":true}
12-09 07:41:01.995 I/System.out( 4818): URI: //
12-09 07:41:01.995 I/System.out( 4818): params: {json={"command":"keyboard_enter_text","arguments":["åß9∂º–ç¬  ß29å∂˚¡–ºß123"]}
12-09 07:41:01.995 I/System.out( 4818): }
12-09 07:41:01.995 I/System.out( 4818): header: {date=Sun, 09 Dec 2018 07:41:02 GMT, accept=*/*, content-length=92, host=127.0.0.1:34777, user-agent=HTTPClient/1.0 (2.8.3, ruby 2.3.1 (2016-04-26)), content-type=application/json;charset=utf-8}
12-09 07:41:01.995 I/System.out( 4818): params: {json={"command":"keyboard_enter_text","arguments":["åß9∂º–ç¬  ß29å∂˚¡–ºß123"]}
12-09 07:41:01.995 I/System.out( 4818): }
12-09 07:41:01.995 I/System.out( 4818): ProP json = {"command":"keyboard_enter_text","arguments":["åß9∂º–ç¬  ß29å∂˚¡–ºß123"]}
12-09 07:41:01.995 I/System.out( 4818): files: {}
12-09 07:41:01.995 I/System.out( 4818): command: {"command":"keyboard_enter_text","arguments":["åß9∂º–ç¬  ß29å∂˚¡–ºß123"]}
12-09 07:41:01.997 I/InstrumentationBackend( 4818): Got command:'Command:'Line:null,keyboard_enter_text', arguments:'[åß9∂º–ç¬  ß29å∂˚¡–ºß123]'
12-09 07:41:01.997 E/SpannableStringBuilder( 4818): SPAN_EXCLUSIVE_EXCLUSIVE spans cannot have a zero length
12-09 07:41:01.997 E/SpannableStringBuilder( 4818): SPAN_EXCLUSIVE_EXCLUSIVE spans cannot have a zero length
12-09 07:41:02.007 E/SpannableStringBuilder( 4818): SPAN_EXCLUSIVE_EXCLUSIVE spans cannot have a zero length
12-09 07:41:02.007 E/SpannableStringBuilder( 4818): SPAN_EXCLUSIVE_EXCLUSIVE spans cannot have a zero length
12-09 07:41:02.012 I/System.out( 4818): result:{"bonusInformation":[],"message":"","success":true}
12-09 07:41:02.803 E/SurfaceFlinger( 1223): ro.sf.lcd_density must be defined as a build property
12-09 07:41:02.861 D/gralloc_ranchu( 1223): gralloc_alloc: Creating ashmem region of size 3686400
12-09 07:41:02.898 D/        ( 4860): HostConnection::get() New Host Connection established 0x7fc2dd012480, tid 4860
12-09 07:41:02.911 E/EGL_emulation( 1223): tid 1223: eglCreateSyncKHR(1881): error 0x3004 (EGL_BAD_ATTRIBUTE)
12-09 07:41:04.103 I/System.out( 4818): URI: //map
12-09 07:41:04.103 I/System.out( 4818): params: {json={"query":"android.widget.EditText id:'odometer'","operation":{"method_name":"query","arguments":[]}}
12-09 07:41:04.103 I/System.out( 4818): }
12-09 07:41:04.185 W/ResourceType( 4818): No package identifier when getting name for resource number 0x00000001
12-09 07:41:04.300 I/art     ( 4818): Background sticky concurrent mark sweep GC freed 45001(2024KB) AllocSpace objects, 2(40KB) LOS objects, 37% free, 2MB/3MB, paused 49.497ms total 87.704ms
12-09 07:41:04.367 I/System.out( 4818): URI: //gesture
12-09 07:41:04.368 I/System.out( 4818): params: {json={"query_timeout":5.0,"gestures":[{"query_string":"android.widget.EditText id:'odometer'","touches":[{"x":50,"y":50,"offset_x":0,"offset_y":0,"wait":0.0,"time":0.2,"release":true,"query_string":null}]}]}
12-09 07:41:04.368 I/System.out( 4818): }
12-09 07:41:04.401 W/ResourceType( 4818): No package identifier when getting name for resource number 0x00000001
12-09 07:41:04.791 I/LatinIME( 1898): Starting input. Cursor position = 0,0
12-09 07:41:04.871 W/art     ( 4818): Suspending all threads took: 19.026ms
12-09 07:41:05.015 I/art     ( 4818): Background sticky concurrent mark sweep GC freed 44814(2018KB) AllocSpace objects, 2(40KB) LOS objects, 33% free, 2MB/3MB, paused 20.170ms total 217.800ms
12-09 07:41:05.399 I/System.out( 4818): URI: //
12-09 07:41:05.399 I/System.out( 4818): params: {json={"command":"set_selection","arguments":[-1,-1]}
12-09 07:41:05.399 I/System.out( 4818): }
12-09 07:41:05.399 I/System.out( 4818): header: {date=Sun, 09 Dec 2018 07:41:05 GMT, accept=*/*, content-length=47, host=127.0.0.1:34777, user-agent=HTTPClient/1.0 (2.8.3, ruby 2.3.1 (2016-04-26)), content-type=application/json;charset=utf-8}
12-09 07:41:05.399 I/System.out( 4818): params: {json={"command":"set_selection","arguments":[-1,-1]}
12-09 07:41:05.399 I/System.out( 4818): }
12-09 07:41:05.399 I/System.out( 4818): ProP json = {"command":"set_selection","arguments":[-1,-1]}
12-09 07:41:05.399 I/System.out( 4818): files: {}
12-09 07:41:05.399 I/System.out( 4818): command: {"command":"set_selection","arguments":[-1,-1]}
12-09 07:41:05.400 I/InstrumentationBackend( 4818): Got command:'Command:'Line:null,set_selection', arguments:'[-1, -1]'
12-09 07:41:05.414 I/System.out( 4818): result:{"bonusInformation":[],"message":"","success":true}
12-09 07:41:05.569 D/hwcomposer( 1223): hw_composer sent 595 syncs in 60s
12-09 07:41:05.665 I/System.out( 4818): URI: //
12-09 07:41:05.665 I/System.out( 4818): params: {json={"command":"keyboard_enter_text","arguments":["=+œå∑ß≈´∂ç®ƒ√†©∫¡™£"]}
12-09 07:41:05.665 I/System.out( 4818): }
12-09 07:41:05.665 I/System.out( 4818): header: {date=Sun, 09 Dec 2018 07:41:06 GMT, accept=*/*, content-length=93, host=127.0.0.1:34777, user-agent=HTTPClient/1.0 (2.8.3, ruby 2.3.1 (2016-04-26)), content-type=application/json;charset=utf-8}
12-09 07:41:05.665 I/System.out( 4818): params: {json={"command":"keyboard_enter_text","arguments":["=+œå∑ß≈´∂ç®ƒ√†©∫¡™£"]}
12-09 07:41:05.665 I/System.out( 4818): }
12-09 07:41:05.665 I/System.out( 4818): ProP json = {"command":"keyboard_enter_text","arguments":["=+œå∑ß≈´∂ç®ƒ√†©∫¡™£"]}
12-09 07:41:05.665 I/System.out( 4818): files: {}
12-09 07:41:05.665 I/System.out( 4818): command: {"command":"keyboard_enter_text","arguments":["=+œå∑ß≈´∂ç®ƒ√†©∫¡™£"]}
12-09 07:41:05.668 I/InstrumentationBackend( 4818): Got command:'Command:'Line:null,keyboard_enter_text', arguments:'[=+œå∑ß≈´∂ç®ƒ√†©∫¡™£]'
12-09 07:41:05.671 E/SpannableStringBuilder( 4818): SPAN_EXCLUSIVE_EXCLUSIVE spans cannot have a zero length
12-09 07:41:05.671 E/SpannableStringBuilder( 4818): SPAN_EXCLUSIVE_EXCLUSIVE spans cannot have a zero length
12-09 07:41:05.683 E/SpannableStringBuilder( 4818): SPAN_EXCLUSIVE_EXCLUSIVE spans cannot have a zero length
12-09 07:41:05.684 E/SpannableStringBuilder( 4818): SPAN_EXCLUSIVE_EXCLUSIVE spans cannot have a zero length
12-09 07:41:05.698 I/System.out( 4818): result:{"bonusInformation":[],"message":"","success":true}
12-09 07:41:05.931 I/art     ( 4818): Background partial concurrent mark sweep GC freed 28580(1473KB) AllocSpace objects, 9(180KB) LOS objects, 39% free, 2MB/3MB, paused 1.049ms total 239.530ms
12-09 07:41:06.150 E/SurfaceFlinger( 1223): ro.sf.lcd_density must be defined as a build property
12-09 07:41:06.195 D/gralloc_ranchu( 1223): gralloc_alloc: Creating ashmem region of size 3686400
12-09 07:41:06.215 D/        ( 4870): HostConnection::get() New Host Connection established 0x7fde60612480, tid 4870
12-09 07:41:06.372 E/EGL_emulation( 1223): tid 1223: eglCreateSyncKHR(1881): error 0x3004 (EGL_BAD_ATTRIBUTE)
