--------- beginning of system
12-09 08:11:03.144 W/ActivityManager( 1592): Finishing task with all activities already finished
12-09 08:11:03.144 W/ActivityManager( 1592): Duplicate finish request for ActivityRecord{bbdce05 u0 com.evancharlton.mileage/.Mileage t433 f}
12-09 08:11:03.150 W/ActivityManager( 1592): Finishing task with all activities already finished
12-09 08:11:03.150 W/ActivityManager( 1592): Duplicate finish request for ActivityRecord{bbdce05 u0 com.evancharlton.mileage/.Mileage t433 f}
12-09 08:11:03.151 W/ActivityManager( 1592): Finishing task with all activities already finished
12-09 08:11:03.151 W/ActivityManager( 1592): Duplicate finish request for ActivityRecord{bbdce05 u0 com.evancharlton.mileage/.Mileage t433 f}
--------- beginning of main
12-09 08:11:03.226 D/EGL_emulation( 1943): eglMakeCurrent: 0x7f40ac474dc0: ver 2 0 (tinfo 0x7f40ac442ce0)
12-09 08:11:03.298 I/art     ( 1592): Background partial concurrent mark sweep GC freed 4981(475KB) AllocSpace objects, 2(40KB) LOS objects, 29% free, 9MB/13MB, paused 1.372ms total 152.552ms
12-09 08:11:03.402 W/audio_hw_generic( 1308): Not supplying enough data to HAL, expected position 23503987 , only wrote 23503177
12-09 08:11:03.506 W/audio_hw_generic( 1308): Not supplying enough data to HAL, expected position 23507796 , only wrote 23507143
12-09 08:11:03.507 W/audio_hw_generic( 1308): Not supplying enough data to HAL, expected position 23507149 , only wrote 23507143
12-09 08:11:03.507 W/art     ( 1592): Long monitor contention event with owner method=void com.android.server.wm.WindowAnimator$1.doFrame(long) from WindowAnimator.java:121 waiters=1 for 212ms
12-09 08:11:03.526 W/audio_hw_generic( 1308): Not supplying enough data to HAL, expected position 23508021 , only wrote 23507804
12-09 08:11:03.642 W/audio_hw_generic( 1308): Not supplying enough data to HAL, expected position 23512905 , only wrote 23511770
12-09 08:11:03.642 W/audio_hw_generic( 1308): Not supplying enough data to HAL, expected position 23511776 , only wrote 23511770
12-09 08:11:03.661 W/audio_hw_generic( 1308): Not supplying enough data to HAL, expected position 23512598 , only wrote 23512431
12-09 08:11:03.697 W/audio_hw_generic( 1308): Not supplying enough data to HAL, expected position 23514015 , only wrote 23513753
12-09 08:11:03.697 W/audio_hw_generic( 1308): Hardware backing HAL too slow, could only write 0 of 661 frames
12-09 08:11:03.753 W/audio_hw_generic( 1308): Hardware backing HAL too slow, could only write 0 of 661 frames
12-09 08:11:03.801 W/audio_hw_generic( 1308): Not supplying enough data to HAL, expected position 23518323 , only wrote 23517058
12-09 08:11:03.862 W/art     ( 1592): Long monitor contention event with owner method=void com.android.server.wm.WindowAnimator$1.doFrame(long) from WindowAnimator.java:121 waiters=0 for 106ms
12-09 08:11:03.989 W/audio_hw_generic( 1308): Not supplying enough data to HAL, expected position 23525361 , only wrote 23524990
12-09 08:11:03.989 W/audio_hw_generic( 1308): Not supplying enough data to HAL, expected position 23524996 , only wrote 23524990
12-09 08:11:04.002 W/art     ( 1592): Long monitor contention event with owner method=void com.android.server.wm.WindowAnimator$1.doFrame(long) from WindowAnimator.java:121 waiters=1 for 241ms
12-09 08:11:04.009 W/audio_hw_generic( 1308): Not supplying enough data to HAL, expected position 23525877 , only wrote 23525651
12-09 08:11:04.055 W/audio_hw_generic( 1308): Hardware backing HAL too slow, could only write 0 of 661 frames
12-09 08:11:04.132 W/audio_hw_generic( 1308): Hardware backing HAL too slow, could only write 0 of 661 frames
12-09 08:11:04.195 W/art     ( 1592): Long monitor contention event with owner method=void com.android.server.wm.WindowAnimator$1.doFrame(long) from WindowAnimator.java:121 waiters=1 for 193ms
12-09 08:11:04.297 W/audio_hw_generic( 1308): Not supplying enough data to HAL, expected position 23538343 , only wrote 23537549
12-09 08:11:04.297 W/audio_hw_generic( 1308): Not supplying enough data to HAL, expected position 23537555 , only wrote 23537549
12-09 08:11:04.321 W/audio_hw_generic( 1308): Not supplying enough data to HAL, expected position 23538599 , only wrote 23538210
12-09 08:11:04.373 W/audio_hw_generic( 1308): Hardware backing HAL too slow, could only write 0 of 661 frames
12-09 08:11:04.415 D/AndroidRuntime(14137): >>>>>> START com.android.internal.os.RuntimeInit uid 0 <<<<<<
12-09 08:11:04.465 D/AndroidRuntime(14137): CheckJNI is ON
12-09 08:11:04.482 W/audio_hw_generic( 1308): Not supplying enough data to HAL, expected position 23545323 , only wrote 23543498
12-09 08:11:04.482 W/audio_hw_generic( 1308): Not supplying enough data to HAL, expected position 23543504 , only wrote 23543498
12-09 08:11:04.501 W/audio_hw_generic( 1308): Not supplying enough data to HAL, expected position 23544315 , only wrote 23544159
12-09 08:11:04.501 W/art     ( 1592): Long monitor contention event with owner method=void com.android.server.am.ActivityManagerService.activityDestroyed(android.os.IBinder) from ActivityManagerService.java:6475 waiters=0 for 858ms
12-09 08:11:04.502 I/Choreographer( 1943): Skipped 56 frames!  The application may be doing too much work on its main thread.
12-09 08:11:04.532 W/audio_hw_generic( 1308): Hardware backing HAL too slow, could only write 0 of 661 frames
12-09 08:11:04.556 D/ICU     (14137): No timezone override file found: /data/misc/zoneinfo/current/icu/icu_tzdata.dat
12-09 08:11:04.557 W/audio_hw_generic( 1308): Hardware backing HAL too slow, could only write 0 of 661 frames
12-09 08:11:04.576 W/audio_hw_generic( 1308): Not supplying enough data to HAL, expected position 23550119 , only wrote 23547464
12-09 08:11:04.614 W/OpenGLRenderer( 1943): Incorrectly called buildLayer on View: ShortcutAndWidgetContainer, destroying layer...
12-09 08:11:04.808 E/memtrack(14137): Couldn't load memtrack module (No such file or directory)
12-09 08:11:04.808 E/android.os.Debug(14137): failed to load memtrack module: -2
12-09 08:11:04.815 I/Radio-JNI(14137): register_android_hardware_Radio DONE
12-09 08:11:04.845 D/AndroidRuntime(14137): Calling main entry com.android.commands.am.Am
12-09 08:11:04.847 I/ActivityManager( 1592): Force stopping com.evancharlton.mileage appid=10133 user=0: start instr
12-09 08:11:04.847 I/ActivityManager( 1592): Killing 14093:com.evancharlton.mileage/u0a133 (adj 0): stop com.evancharlton.mileage
12-09 08:11:05.035 W/WindowAnimator( 1592): Failed to dispatch window animation state change.
12-09 08:11:05.035 W/WindowAnimator( 1592): android.os.DeadObjectException
12-09 08:11:05.035 W/WindowAnimator( 1592): 	at android.os.BinderProxy.transactNative(Native Method)
12-09 08:11:05.035 W/WindowAnimator( 1592): 	at android.os.BinderProxy.transact(Binder.java:503)
12-09 08:11:05.035 W/WindowAnimator( 1592): 	at android.view.IWindow$Stub$Proxy.onAnimationStopped(IWindow.java:534)
12-09 08:11:05.035 W/WindowAnimator( 1592): 	at com.android.server.wm.WindowAnimator.updateWindowsLocked(WindowAnimator.java:286)
12-09 08:11:05.035 W/WindowAnimator( 1592): 	at com.android.server.wm.WindowAnimator.animateLocked(WindowAnimator.java:678)
12-09 08:11:05.035 W/WindowAnimator( 1592): 	at com.android.server.wm.WindowAnimator.-wrap0(WindowAnimator.java)
12-09 08:11:05.035 W/WindowAnimator( 1592): 	at com.android.server.wm.WindowAnimator$1.doFrame(WindowAnimator.java:123)
12-09 08:11:05.035 W/WindowAnimator( 1592): 	at android.view.Choreographer$CallbackRecord.run(Choreographer.java:856)
12-09 08:11:05.035 W/WindowAnimator( 1592): 	at android.view.Choreographer.doCallbacks(Choreographer.java:670)
12-09 08:11:05.035 W/WindowAnimator( 1592): 	at android.view.Choreographer.doFrame(Choreographer.java:603)
12-09 08:11:05.035 W/WindowAnimator( 1592): 	at android.view.Choreographer$FrameDisplayEventReceiver.run(Choreographer.java:844)
12-09 08:11:05.035 W/WindowAnimator( 1592): 	at android.os.Handler.handleCallback(Handler.java:739)
12-09 08:11:05.035 W/WindowAnimator( 1592): 	at android.os.Handler.dispatchMessage(Handler.java:95)
12-09 08:11:05.035 W/WindowAnimator( 1592): 	at android.os.Looper.loop(Looper.java:148)
12-09 08:11:05.035 W/WindowAnimator( 1592): 	at android.os.HandlerThread.run(HandlerThread.java:61)
12-09 08:11:05.035 W/WindowAnimator( 1592): 	at com.android.server.ServiceThread.run(ServiceThread.java:46)
12-09 08:11:05.036 W/art     ( 1592): Long monitor contention event with owner method=void com.android.server.wm.WindowAnimator$1.doFrame(long) from WindowAnimator.java:121 waiters=0 for 192ms
12-09 08:11:05.050 W/ActivityManager( 1592): Crash of app com.evancharlton.mileage running instrumentation ComponentInfo{com.evancharlton.mileage.test/sh.calaba.instrumentationbackend.CalabashInstrumentationTestRunner}
12-09 08:11:05.051 I/ActivityManager( 1592): Force stopping com.evancharlton.mileage appid=10133 user=0: finished inst
12-09 08:11:05.248 W/art     ( 1592): Long monitor contention event with owner method=void com.android.server.wm.WindowAnimator$1.doFrame(long) from WindowAnimator.java:121 waiters=1 for 217ms
12-09 08:11:05.248 I/WindowState( 1592): WIN DEATH: Window{e9f8e03 u0 com.evancharlton.mileage/com.evancharlton.mileage.Mileage}
12-09 08:11:05.258 W/art     ( 1592): Long monitor contention event with owner method=void com.android.server.wm.WindowAnimator$1.doFrame(long) from WindowAnimator.java:121 waiters=2 for 227ms
12-09 08:11:05.258 W/art     ( 1592): Long monitor contention event with owner method=void com.android.server.wm.WindowAnimator$1.doFrame(long) from WindowAnimator.java:121 waiters=3 for 207ms
12-09 08:11:05.271 I/ActivityManager( 1592): Start proc 14146:com.evancharlton.mileage/u0a133 for added application com.evancharlton.mileage
12-09 08:11:05.290 W/art     ( 1592): Long monitor contention event with owner method=boolean com.android.server.am.ActivityManagerService.startInstrumentation(android.content.ComponentName, java.lang.String, int, android.os.Bundle, android.app.IInstrumentationWatcher, android.app.IUiAutomationConnection, int, java.lang.String) from ActivityManagerService.java:17066 waiters=0 for 443ms
12-09 08:11:05.291 W/art     ( 1592): Long monitor contention event with owner method=boolean com.android.server.am.ActivityManagerService.startInstrumentation(android.content.ComponentName, java.lang.String, int, android.os.Bundle, android.app.IInstrumentationWatcher, android.app.IUiAutomationConnection, int, java.lang.String) from ActivityManagerService.java:17066 waiters=1 for 259ms
12-09 08:11:05.291 W/ActivityManager( 1592): Spurious death for ProcessRecord{77fe862 0:com.evancharlton.mileage/u0a133}, curProc for 14093: null
12-09 08:11:05.353 D/AndroidRuntime(14137): Shutting down VM
12-09 08:11:05.399 W/System  (14146): ClassLoader referenced unknown path: /data/app/com.evancharlton.mileage.test-1/lib/x86_64
12-09 08:11:05.416 W/System  (14146): ClassLoader referenced unknown path: /data/app/com.evancharlton.mileage-1/lib/x86_64
12-09 08:11:05.445 I/System.out(14146): Main activity name automatically set to: com.evancharlton.mileage.Mileage
12-09 08:11:05.449 I/System.out(14146): Calabash did not load Mono. This is only a problem if you are trying to test a Mono application
12-09 08:11:05.449 I/calabash(14146): Test server port: 7102
12-09 08:11:05.450 I/InstrumentationBackend(14146): Added:'GetPreferences', with key:'get_preferences'
12-09 08:11:05.622 I/InstrumentationBackend(14146): Added:'SetPreferences', with key:'set_preferences'
12-09 08:11:05.622 I/InstrumentationBackend(14146): Added:'ClearPreferences', with key:'clear_preferences'
12-09 08:11:05.622 I/InstrumentationBackend(14146): Added:'PressElement', with key:'press_l10n_element'
12-09 08:11:05.623 I/InstrumentationBackend(14146): Added:'WaitForElement', with key:'wait_for_l10n_element'
12-09 08:11:05.623 I/InstrumentationBackend(14146): Added:'NullAction', with key:'nullAction'
12-09 08:11:05.623 I/InstrumentationBackend(14146): Added:'PressKey', with key:'press_key'
12-09 08:11:05.624 I/InstrumentationBackend(14146): Added:'SetActivityOrientation', with key:'set_activity_orientation'
12-09 08:11:05.624 I/InstrumentationBackend(14146): Added:'GetActivityOrientation', with key:'get_activity_orientation'
12-09 08:11:05.624 I/InstrumentationBackend(14146): Added:'FakeGPSLocation', with key:'set_gps_coordinates'
12-09 08:11:05.624 I/InstrumentationBackend(14146): Added:'SetPropertyByCssSelector', with key:'set_property_by_css_selector'
12-09 08:11:05.633 I/InstrumentationBackend(14146): Added:'GetUrl', with key:'get_url'
12-09 08:11:05.644 I/InstrumentationBackend(14146): Added:'ScrollTo', with key:'scroll_to'
12-09 08:11:05.644 I/InstrumentationBackend(14146): Added:'GetLoadProgress', with key:'get_load_progress'
12-09 08:11:05.644 I/InstrumentationBackend(14146): Added:'DumpHtml', with key:'dump_html'
12-09 08:11:05.644 I/InstrumentationBackend(14146): Added:'DumpBodyHtml', with key:'dump_body_html'
12-09 08:11:05.644 I/InstrumentationBackend(14146): Added:'EnterTextByCssSelector', with key:'enter_text_by_selector'
12-09 08:11:05.645 I/InstrumentationBackend(14146): Added:'AndroidSDKVersion', with key:'android_sdk_version'
12-09 08:11:05.646 I/InstrumentationBackend(14146): Added:'Version', with key:'version'
12-09 08:11:05.646 I/InstrumentationBackend(14146): Added:'Drag', with key:'drag'
12-09 08:11:05.646 I/InstrumentationBackend(14146): Added:'TouchCoordinates', with key:'touch_coordinate'
12-09 08:11:05.646 I/InstrumentationBackend(14146): Added:'LongPressCoordinate', with key:'long_press_coordinate'
12-09 08:11:05.646 I/InstrumentationBackend(14146): Added:'DragCoordinates', with key:'drag_coordinates'
12-09 08:11:05.646 I/InstrumentationBackend(14146): Added:'ResumeApplication', with key:'resume_application'
12-09 08:11:05.647 I/InstrumentationBackend(14146): Added:'Swipe', with key:'swipe'
12-09 08:11:05.647 I/InstrumentationBackend(14146): Added:'DoubleTapCoordinate', with key:'double_tap_coordinate'
12-09 08:11:05.647 I/InstrumentationBackend(14146): Added:'ClickOnScreen', with key:'click_on_screen'
12-09 08:11:05.648 I/InstrumentationBackend(14146): Added:'GetActivityName', with key:'get_activity_name'
12-09 08:11:05.648 I/InstrumentationBackend(14146): Added:'ScrollToView', with key:'scroll_to_view'
12-09 08:11:05.648 I/InstrumentationBackend(14146): Added:'ViewConfiguration', with key:'view_configuration'
12-09 08:11:05.648 I/InstrumentationBackend(14146): Added:'IsCurrentActivityFocused', with key:'is_current_activity_focused'
12-09 08:11:05.648 I/InstrumentationBackend(14146): Added:'SendTcp', with key:'send_tcp'
12-09 08:11:05.648 I/InstrumentationBackend(14146): Added:'DpToDevicePixel', with key:'dp_to_device_pixel'
12-09 08:11:05.662 W/art     (14146): Suspending all threads took: 11.169ms
12-09 08:11:05.697 I/art     (14146): Background sticky concurrent mark sweep GC freed 4367(392KB) AllocSpace objects, 0(0B) LOS objects, 22% free, 998KB/1296KB, paused 19.925ms total 186.751ms
12-09 08:11:05.718 I/InstrumentationBackend(14146): Added:'KeyboardEnterText', with key:'keyboard_enter_text'
12-09 08:11:05.725 I/InstrumentationBackend(14146): Added:'DeleteSurroundingText', with key:'delete_surrounding_text'
12-09 08:11:05.725 I/InstrumentationBackend(14146): Added:'SetComposingRegion', with key:'set_composing_region'
12-09 08:11:05.725 I/InstrumentationBackend(14146): Added:'SetSelection', with key:'set_selection'
12-09 08:11:05.725 I/InstrumentationBackend(14146): Added:'KeyboardKeyEvent', with key:'keyboard_key_event'
12-09 08:11:05.726 I/InstrumentationBackend(14146): Added:'PressUserActionButton', with key:'press_user_action_button'
12-09 08:11:05.726 I/InstrumentationBackend(14146): Added:'HideSoftKeyboard', with key:'hide_soft_keyboard'
12-09 08:11:05.726 I/InstrumentationBackend(14146): Added:'ListActions', with key:'list_actions'
12-09 08:11:05.726 I/calabash(14146): Instantiating http server at 7102
12-09 08:11:05.732 I/System.out(14146): HTTP Daemon listening on: 7102
12-09 08:11:05.865 I/System.out(14146): URI: //ping
12-09 08:11:05.969 I/System.out(14146): params: {json={}
12-09 08:11:05.969 I/System.out(14146): }
12-09 08:11:06.010 I/art     (14146): Background partial concurrent mark sweep GC freed 645(84KB) AllocSpace objects, 3(60KB) LOS objects, 49% free, 1034KB/2MB, paused 1.369ms total 121.671ms
12-09 08:11:06.054 I/System.out(14146): URI: //ping
12-09 08:11:06.069 I/System.out(14146): params: {json={}
12-09 08:11:06.069 I/System.out(14146): }
12-09 08:11:06.093 I/System.out(14146): URI: //ready
12-09 08:11:06.093 I/System.out(14146): params: {json={}
12-09 08:11:06.093 I/System.out(14146): }
12-09 08:11:06.153 I/System.out(14146): URI: //
12-09 08:11:06.153 I/System.out(14146): params: {json={"command":"version","arguments":[]}
12-09 08:11:06.153 I/System.out(14146): }
12-09 08:11:06.154 I/System.out(14146): header: {date=Sun, 09 Dec 2018 08:11:06 GMT, accept=*/*, content-length=36, host=127.0.0.1:34777, user-agent=HTTPClient/1.0 (2.8.3, ruby 2.3.1 (2016-04-26)), content-type=application/json;charset=utf-8}
12-09 08:11:06.154 I/System.out(14146): params: {json={"command":"version","arguments":[]}
12-09 08:11:06.154 I/System.out(14146): }
12-09 08:11:06.154 I/System.out(14146): ProP json = {"command":"version","arguments":[]}
12-09 08:11:06.154 I/System.out(14146): files: {}
12-09 08:11:06.154 I/System.out(14146): command: {"command":"version","arguments":[]}
12-09 08:11:06.166 I/InstrumentationBackend(14146): Got command:'Command:'Line:null,version', arguments:'[]'
12-09 08:11:06.188 I/System.out(14146): result:{"bonusInformation":[],"message":"0.9.8","success":true}
12-09 08:11:06.258 I/System.out(14146): URI: //start-application
12-09 08:11:06.258 I/System.out(14146): params: {json={"intent":null}
12-09 08:11:06.258 I/System.out(14146): }
12-09 08:11:06.290 I/ActivityManager( 1592): START u0 {act=android.intent.action.MAIN cat=[android.intent.category.LAUNCHER] flg=0x10200000 cmp=com.evancharlton.mileage/.Mileage} from uid 10133 on display 0
12-09 08:11:06.453 I/calabash(14146): newActivity1
12-09 08:11:06.571 I/calabash(14146): newActivity1
12-09 08:11:06.596 W/ActivityManager( 1592): Bad activity token: android.os.BinderProxy@eceb2e5
12-09 08:11:06.596 W/ActivityManager( 1592): java.lang.ClassCastException: android.os.BinderProxy cannot be cast to com.android.server.am.ActivityRecord$Token
12-09 08:11:06.596 W/ActivityManager( 1592): 	at com.android.server.am.ActivityRecord.forTokenLocked(ActivityRecord.java:424)
12-09 08:11:06.596 W/ActivityManager( 1592): 	at com.android.server.am.ActivityRecord.isInStackLocked(ActivityRecord.java:1121)
12-09 08:11:06.596 W/ActivityManager( 1592): 	at com.android.server.am.ActivityRecord.getStackLocked(ActivityRecord.java:1126)
12-09 08:11:06.596 W/ActivityManager( 1592): 	at com.android.server.am.ActivityManagerService.getActivityDisplayId(ActivityManagerService.java:8889)
12-09 08:11:06.596 W/ActivityManager( 1592): 	at android.app.ActivityManagerNative.onTransact(ActivityManagerNative.java:2338)
12-09 08:11:06.596 W/ActivityManager( 1592): 	at com.android.server.am.ActivityManagerService.onTransact(ActivityManagerService.java:2443)
12-09 08:11:06.596 W/ActivityManager( 1592): 	at android.os.Binder.execTransact(Binder.java:453)
12-09 08:11:06.612 W/ActivityManager( 1592): Bad activity token: android.os.BinderProxy@eceb2e5
12-09 08:11:06.612 W/ActivityManager( 1592): java.lang.ClassCastException: android.os.BinderProxy cannot be cast to com.android.server.am.ActivityRecord$Token
12-09 08:11:06.612 W/ActivityManager( 1592): 	at com.android.server.am.ActivityRecord.forTokenLocked(ActivityRecord.java:424)
12-09 08:11:06.612 W/ActivityManager( 1592): 	at com.android.server.am.ActivityRecord.isInStackLocked(ActivityRecord.java:1121)
12-09 08:11:06.612 W/ActivityManager( 1592): 	at com.android.server.am.ActivityManagerService.setTaskDescription(ActivityManagerService.java:8547)
12-09 08:11:06.612 W/ActivityManager( 1592): 	at android.app.ActivityManagerNative.onTransact(ActivityManagerNative.java:2410)
12-09 08:11:06.612 W/ActivityManager( 1592): 	at com.android.server.am.ActivityManagerService.onTransact(ActivityManagerService.java:2443)
12-09 08:11:06.612 W/ActivityManager( 1592): 	at android.os.Binder.execTransact(Binder.java:453)
12-09 08:11:06.712 D/gralloc_ranchu( 1224): gralloc_alloc: Creating ashmem region of size 3686400
12-09 08:11:06.778 W/ActivityManager( 1592): Bad activity token: android.os.BinderProxy@eceb2e5
12-09 08:11:06.778 W/ActivityManager( 1592): java.lang.ClassCastException: android.os.BinderProxy cannot be cast to com.android.server.am.ActivityRecord$Token
12-09 08:11:06.778 W/ActivityManager( 1592): 	at com.android.server.am.ActivityRecord.forTokenLocked(ActivityRecord.java:424)
12-09 08:11:06.778 W/ActivityManager( 1592): 	at com.android.server.am.ActivityRecord.isInStackLocked(ActivityRecord.java:1121)
12-09 08:11:06.778 W/ActivityManager( 1592): 	at com.android.server.am.ActivityManagerService.getActivityOptions(ActivityManagerService.java:11038)
12-09 08:11:06.778 W/ActivityManager( 1592): 	at android.app.ActivityManagerNative.onTransact(ActivityManagerNative.java:1734)
12-09 08:11:06.778 W/ActivityManager( 1592): 	at com.android.server.am.ActivityManagerService.onTransact(ActivityManagerService.java:2443)
12-09 08:11:06.778 W/ActivityManager( 1592): 	at android.os.Binder.execTransact(Binder.java:453)
12-09 08:11:06.779 W/ActivityManager( 1592): Bad activity token: android.os.BinderProxy@eceb2e5
12-09 08:11:06.779 W/ActivityManager( 1592): java.lang.ClassCastException: android.os.BinderProxy cannot be cast to com.android.server.am.ActivityRecord$Token
12-09 08:11:06.779 W/ActivityManager( 1592): 	at com.android.server.am.ActivityRecord.forTokenLocked(ActivityRecord.java:424)
12-09 08:11:06.779 W/ActivityManager( 1592): 	at com.android.server.am.ActivityRecord.isInStackLocked(ActivityRecord.java:1121)
12-09 08:11:06.779 W/ActivityManager( 1592): 	at com.android.server.am.ActivityManagerService.getActivityOptions(ActivityManagerService.java:11038)
12-09 08:11:06.779 W/ActivityManager( 1592): 	at android.app.ActivityManagerNative.onTransact(ActivityManagerNative.java:1734)
12-09 08:11:06.779 W/ActivityManager( 1592): 	at com.android.server.am.ActivityManagerService.onTransact(ActivityManagerService.java:2443)
12-09 08:11:06.779 W/ActivityManager( 1592): 	at android.os.Binder.execTransact(Binder.java:453)
12-09 08:11:06.869 I/art     (14146): Background sticky concurrent mark sweep GC freed 148(34KB) AllocSpace objects, 0(0B) LOS objects, 2% free, 2014KB/2MB, paused 13.033ms total 102.553ms
12-09 08:11:07.022 I/art     (14146): Background partial concurrent mark sweep GC freed 1838(195KB) AllocSpace objects, 2(40KB) LOS objects, 40% free, 1843KB/3MB, paused 9.523ms total 151.077ms
12-09 08:11:07.124 V/PhoneStatusBar( 2260): setLightsOn(true)
12-09 08:11:07.143 D/gralloc_ranchu( 1224): gralloc_alloc: Creating ashmem region of size 3686400
12-09 08:11:07.178 V/PhoneStatusBar( 2260): setLightsOn(true)
12-09 08:11:07.269 D/EGL_emulation( 1943): eglMakeCurrent: 0x7f40ac474dc0: ver 2 0 (tinfo 0x7f40ac442ce0)
12-09 08:11:07.301 E/Surface ( 1943): getSlotFromBufferLocked: unknown buffer: 0x7f40a89d07a0
12-09 08:11:07.312 D/        (14146): HostConnection::get() New Host Connection established 0x7f40a8b73e60, tid 14146
12-09 08:11:07.563 W/art     ( 1592): Long monitor contention event with owner method=void com.android.server.wm.WindowAnimator$1.doFrame(long) from WindowAnimator.java:121 waiters=1 for 102ms
12-09 08:11:07.989 W/art     ( 1592): Long monitor contention event with owner method=void com.android.server.wm.WindowAnimator$1.doFrame(long) from WindowAnimator.java:121 waiters=1 for 349ms
12-09 08:11:08.134 W/art     ( 1592): Long monitor contention event with owner method=void com.android.server.wm.WindowAnimator$1.doFrame(long) from WindowAnimator.java:121 waiters=2 for 491ms
12-09 08:11:08.135 W/art     ( 1592): Long monitor contention event with owner method=void com.android.server.wm.WindowAnimator$1.doFrame(long) from WindowAnimator.java:121 waiters=2 for 393ms
12-09 08:11:08.223 W/art     ( 1592): Long monitor contention event with owner method=void com.android.server.wm.WindowAnimator$1.doFrame(long) from WindowAnimator.java:121 waiters=2 for 234ms
12-09 08:11:08.226 W/art     ( 1592): Long monitor contention event with owner method=java.util.List com.android.server.am.ActivityManagerService.getAllStackInfos() from ActivityManagerService.java:8937 waiters=0 for 276ms
12-09 08:11:08.227 I/Choreographer( 2260): Skipped 40 frames!  The application may be doing too much work on its main thread.
12-09 08:11:08.332 I/ActivityManager( 1592): Displayed com.evancharlton.mileage/.Mileage: +1s910ms
12-09 08:11:08.363 D/gralloc_ranchu( 1224): gralloc_alloc: Creating ashmem region of size 3686400
12-09 08:11:10.282 I/System.out(14146): URI: //map
12-09 08:11:10.282 I/System.out(14146): params: {json={"query":"android.widget.EditText id:'price'","operation":{"method_name":"query","arguments":[]}}
12-09 08:11:10.282 I/System.out(14146): }
12-09 08:11:10.406 W/ResourceType(14146): No package identifier when getting name for resource number 0x00000001
12-09 08:11:10.645 I/art     (14146): Background sticky concurrent mark sweep GC freed 32954(1533KB) AllocSpace objects, 1(20KB) LOS objects, 23% free, 2MB/3MB, paused 975us total 199.211ms
12-09 08:11:10.646 I/System.out(14146): URI: //gesture
12-09 08:11:10.646 I/System.out(14146): params: {json={"query_timeout":5.0,"gestures":[{"query_string":"android.widget.EditText id:'price'","touches":[{"x":50,"y":50,"offset_x":0,"offset_y":0,"wait":0.0,"time":0.2,"release":true,"query_string":null}]}]}
12-09 08:11:10.646 I/System.out(14146): }
12-09 08:11:10.660 W/ResourceType(14146): No package identifier when getting name for resource number 0x00000001
12-09 08:11:11.211 W/RichInputMethodSubtype( 1854): Can't find emoji subtype
12-09 08:11:11.211 W/RichInputMethodSubtype( 1854): No input method subtype found; returning dummy subtype: Multi-lingual subtype: android.view.inputmethod.InputMethodSubtype@d78b2ed0, zz
12-09 08:11:11.282 W/ViewPager( 1854): Requested offscreen page limit 0 too small; defaulting to 1
12-09 08:11:11.290 W/AudioTrack( 1592): AUDIO_OUTPUT_FLAG_FAST denied by client; transfer 4, track 48000 Hz, output 44100 Hz
12-09 08:11:11.317 I/art     ( 1854): Background sticky concurrent mark sweep GC freed 15793(2MB) AllocSpace objects, 8(268KB) LOS objects, 0% free, 2MB/2MB, paused 1.072ms total 103.246ms
12-09 08:11:11.332 I/LatinIME( 1854): Starting input. Cursor position = 0,0
12-09 08:11:11.365 W/audio_hw_generic( 1308): Hardware backing HAL too slow, could only write 0 of 661 frames
12-09 08:11:11.365 W/audio_hw_generic( 1308): Hardware backing HAL too slow, could only write 0 of 661 frames
12-09 08:11:11.365 W/audio_hw_generic( 1308): Hardware backing HAL too slow, could only write 0 of 661 frames
12-09 08:11:11.380 W/audio_hw_generic( 1308): Hardware backing HAL too slow, could only write 0 of 661 frames
12-09 08:11:11.410 W/audio_hw_generic( 1308): Hardware backing HAL too slow, could only write 0 of 661 frames
12-09 08:11:11.434 W/audio_hw_generic( 1308): Hardware backing HAL too slow, could only write 0 of 661 frames
12-09 08:11:11.445 W/audio_hw_generic( 1308): Hardware backing HAL too slow, could only write 0 of 661 frames
12-09 08:11:11.457 W/audio_hw_generic( 1308): Hardware backing HAL too slow, could only write 0 of 661 frames
12-09 08:11:11.473 W/audio_hw_generic( 1308): Hardware backing HAL too slow, could only write 0 of 661 frames
12-09 08:11:11.490 D/hwcomposer( 1224): hw_composer sent 430 syncs in 60s
12-09 08:11:11.582 D/EGL_emulation( 1854): eglMakeCurrent: 0x7f40a89d1740: ver 2 0 (tinfo 0x7f40a8bbe940)
12-09 08:11:11.696 W/audio_hw_generic( 1308): Not supplying enough data to HAL, expected position 23562072 , only wrote 23562006
12-09 08:11:11.696 W/audio_hw_generic( 1308): Not supplying enough data to HAL, expected position 23562012 , only wrote 23562006
12-09 08:11:11.713 W/audio_hw_generic( 1308): Not supplying enough data to HAL, expected position 23562743 , only wrote 23562667
12-09 08:11:11.810 W/audio_hw_generic( 1308): Not supplying enough data to HAL, expected position 23566961 , only wrote 23566633
12-09 08:11:11.811 W/audio_hw_generic( 1308): Not supplying enough data to HAL, expected position 23566642 , only wrote 23566633
12-09 08:11:11.837 W/audio_hw_generic( 1308): Not supplying enough data to HAL, expected position 23567777 , only wrote 23567294
12-09 08:11:11.859 I/System.out(14146): URI: //
12-09 08:11:11.859 I/System.out(14146): params: {json={"command":"set_selection","arguments":[-1,-1]}
12-09 08:11:11.859 I/System.out(14146): }
12-09 08:11:11.859 I/System.out(14146): header: {date=Sun, 09 Dec 2018 08:11:12 GMT, accept=*/*, content-length=47, host=127.0.0.1:34777, user-agent=HTTPClient/1.0 (2.8.3, ruby 2.3.1 (2016-04-26)), content-type=application/json;charset=utf-8}
12-09 08:11:11.859 I/System.out(14146): params: {json={"command":"set_selection","arguments":[-1,-1]}
12-09 08:11:11.859 I/System.out(14146): }
12-09 08:11:11.859 I/System.out(14146): ProP json = {"command":"set_selection","arguments":[-1,-1]}
12-09 08:11:11.859 I/System.out(14146): files: {}
12-09 08:11:11.859 I/System.out(14146): command: {"command":"set_selection","arguments":[-1,-1]}
12-09 08:11:11.860 I/InstrumentationBackend(14146): Got command:'Command:'Line:null,set_selection', arguments:'[-1, -1]'
12-09 08:11:11.956 I/art     (14146): Background sticky concurrent mark sweep GC freed 7431(444KB) AllocSpace objects, 2(40KB) LOS objects, 17% free, 2MB/3MB, paused 26.813ms total 77.868ms
12-09 08:11:12.003 I/System.out(14146): result:{"bonusInformation":[],"message":"","success":true}
12-09 08:11:12.004 W/audio_hw_generic( 1308): Not supplying enough data to HAL, expected position 23574675 , only wrote 23574565
12-09 08:11:12.004 W/audio_hw_generic( 1308): Not supplying enough data to HAL, expected position 23574571 , only wrote 23574565
12-09 08:11:12.036 W/audio_hw_generic( 1308): Not supplying enough data to HAL, expected position 23575954 , only wrote 23575226
12-09 08:11:12.129 W/audio_hw_generic( 1308): Not supplying enough data to HAL, expected position 23579345 , only wrote 23579192
12-09 08:11:12.140 W/audio_hw_generic( 1308): Not supplying enough data to HAL, expected position 23579660 , only wrote 23579192
12-09 08:11:12.161 W/audio_hw_generic( 1308): Not supplying enough data to HAL, expected position 23580140 , only wrote 23579853
12-09 08:11:12.176 W/audio_hw_generic( 1308): Hardware backing HAL too slow, could only write 0 of 661 frames
12-09 08:11:12.192 W/audio_hw_generic( 1308): Hardware backing HAL too slow, could only write 0 of 661 frames
12-09 08:11:12.225 W/audio_hw_generic( 1308): Hardware backing HAL too slow, could only write 0 of 661 frames
12-09 08:11:12.373 W/audio_hw_generic( 1308): Not supplying enough data to HAL, expected position 23589213 , only wrote 23589107
12-09 08:11:12.374 W/audio_hw_generic( 1308): Not supplying enough data to HAL, expected position 23589113 , only wrote 23589107
12-09 08:11:12.375 W/art     ( 1592): Long monitor contention event with owner method=void com.android.server.wm.WindowAnimator$1.doFrame(long) from WindowAnimator.java:121 waiters=0 for 171ms
12-09 08:11:12.397 W/audio_hw_generic( 1308): Not supplying enough data to HAL, expected position 23590140 , only wrote 23589768
12-09 08:11:12.505 W/audio_hw_generic( 1308): Not supplying enough data to HAL, expected position 23594535 , only wrote 23594395
12-09 08:11:12.508 I/System.out(14146): URI: //
12-09 08:11:12.508 I/System.out(14146): params: {json={"command":"keyboard_enter_text","arguments":["-321ßå∂˚¡–ºß123"]}
12-09 08:11:12.508 I/System.out(14146): }
12-09 08:11:12.509 I/System.out(14146): header: {date=Sun, 09 Dec 2018 08:11:13 GMT, accept=*/*, content-length=75, host=127.0.0.1:34777, user-agent=HTTPClient/1.0 (2.8.3, ruby 2.3.1 (2016-04-26)), content-type=application/json;charset=utf-8}
12-09 08:11:12.516 I/System.out(14146): params: {json={"command":"keyboard_enter_text","arguments":["-321ßå∂˚¡–ºß123"]}
12-09 08:11:12.516 I/System.out(14146): }
12-09 08:11:12.516 I/System.out(14146): ProP json = {"command":"keyboard_enter_text","arguments":["-321ßå∂˚¡–ºß123"]}
12-09 08:11:12.516 I/System.out(14146): files: {}
12-09 08:11:12.516 I/System.out(14146): command: {"command":"keyboard_enter_text","arguments":["-321ßå∂˚¡–ºß123"]}
12-09 08:11:12.526 I/InstrumentationBackend(14146): Got command:'Command:'Line:null,keyboard_enter_text', arguments:'[-321ßå∂˚¡–ºß123]'
12-09 08:11:12.527 E/SpannableStringBuilder(14146): SPAN_EXCLUSIVE_EXCLUSIVE spans cannot have a zero length
12-09 08:11:12.527 E/SpannableStringBuilder(14146): SPAN_EXCLUSIVE_EXCLUSIVE spans cannot have a zero length
12-09 08:11:12.545 E/SpannableStringBuilder(14146): SPAN_EXCLUSIVE_EXCLUSIVE spans cannot have a zero length
12-09 08:11:12.545 E/SpannableStringBuilder(14146): SPAN_EXCLUSIVE_EXCLUSIVE spans cannot have a zero length
12-09 08:11:12.576 I/System.out(14146): result:{"bonusInformation":[],"message":"","success":true}
12-09 08:11:12.624 W/art     (14146): Suspending all threads took: 46.902ms
12-09 08:11:12.669 W/audio_hw_generic( 1308): Not supplying enough data to HAL, expected position 23601629 , only wrote 23599022
12-09 08:11:12.669 W/audio_hw_generic( 1308): Not supplying enough data to HAL, expected position 23599030 , only wrote 23599022
12-09 08:11:12.681 I/art     (14146): Background sticky concurrent mark sweep GC freed 13310(580KB) AllocSpace objects, 2(40KB) LOS objects, 15% free, 2MB/3MB, paused 48.527ms total 122.568ms
12-09 08:11:12.686 W/audio_hw_generic( 1308): Not supplying enough data to HAL, expected position 23599759 , only wrote 23599683
12-09 08:11:12.742 W/audio_hw_generic( 1308): Hardware backing HAL too slow, could only write 0 of 661 frames
12-09 08:11:13.160 W/audio_hw_generic( 1308): Not supplying enough data to HAL, expected position 23620560 , only wrote 23616208
12-09 08:11:13.160 W/audio_hw_generic( 1308): Not supplying enough data to HAL, expected position 23616214 , only wrote 23616208
12-09 08:11:13.265 W/audio_hw_generic( 1308): Not supplying enough data to HAL, expected position 23620850 , only wrote 23616869
12-09 08:11:13.320 E/SurfaceFlinger( 1224): ro.sf.lcd_density must be defined as a build property
12-09 08:11:13.360 D/gralloc_ranchu( 1224): gralloc_alloc: Creating ashmem region of size 3686400
12-09 08:11:13.372 D/        (14179): HostConnection::get() New Host Connection established 0x7f97ba192480, tid 14179
12-09 08:11:13.394 E/EGL_emulation( 1224): tid 1224: eglCreateSyncKHR(1881): error 0x3004 (EGL_BAD_ATTRIBUTE)
12-09 08:11:13.805 W/audio_hw_generic( 1308): Not supplying enough data to HAL, expected position 23640682 , only wrote 23639343
12-09 08:11:13.805 W/audio_hw_generic( 1308): Not supplying enough data to HAL, expected position 23639351 , only wrote 23639343
12-09 08:11:13.823 W/audio_hw_generic( 1308): Not supplying enough data to HAL, expected position 23640131 , only wrote 23640004
12-09 08:11:13.856 W/audio_hw_generic( 1308): Not supplying enough data to HAL, expected position 23641470 , only wrote 23641326
12-09 08:11:14.186 I/System.out(14146): URI: //map
12-09 08:11:14.205 I/System.out(14146): params: {json={"query":"android.widget.EditText id:'volume'","operation":{"method_name":"query","arguments":[]}}
12-09 08:11:14.205 I/System.out(14146): }
12-09 08:11:14.290 W/ResourceType(14146): No package identifier when getting name for resource number 0x00000001
12-09 08:11:14.349 W/art     (14146): Suspending all threads took: 10.081ms
12-09 08:11:14.385 W/audio_hw_generic( 1308): Not supplying enough data to HAL, expected position 23664639 , only wrote 23664461
12-09 08:11:14.385 W/audio_hw_generic( 1308): Not supplying enough data to HAL, expected position 23664467 , only wrote 23664461
12-09 08:11:14.415 I/art     (14146): Background sticky concurrent mark sweep GC freed 29583(1281KB) AllocSpace objects, 0(0B) LOS objects, 2% free, 2MB/3MB, paused 20.087ms total 116.347ms
12-09 08:11:14.497 W/audio_hw_generic( 1308): Not supplying enough data to HAL, expected position 23669400 , only wrote 23668427
12-09 08:11:14.498 I/System.out(14146): URI: //gesture
12-09 08:11:14.498 I/System.out(14146): params: {json={"query_timeout":5.0,"gestures":[{"query_string":"android.widget.EditText id:'volume'","touches":[{"x":50,"y":50,"offset_x":0,"offset_y":0,"wait":0.0,"time":0.2,"release":true,"query_string":null}]}]}
12-09 08:11:14.498 I/System.out(14146): }
12-09 08:11:14.500 W/audio_hw_generic( 1308): Not supplying enough data to HAL, expected position 23668577 , only wrote 23668427
12-09 08:11:14.555 W/ResourceType(14146): No package identifier when getting name for resource number 0x00000001
12-09 08:11:15.121 I/LatinIME( 1854): Starting input. Cursor position = 0,0
12-09 08:11:15.665 I/Choreographer(14146): Skipped 37 frames!  The application may be doing too much work on its main thread.
12-09 08:11:15.745 I/art     (14146): Background partial concurrent mark sweep GC freed 34307(1954KB) AllocSpace objects, 7(140KB) LOS objects, 40% free, 2MB/3MB, paused 964us total 458.738ms
12-09 08:11:15.878 I/Choreographer( 1854): Skipped 50 frames!  The application may be doing too much work on its main thread.
12-09 08:11:16.188 I/System.out(14146): URI: //
12-09 08:11:16.201 I/System.out(14146): params: {json={"command":"set_selection","arguments":[-1,-1]}
12-09 08:11:16.201 I/System.out(14146): }
12-09 08:11:16.201 I/System.out(14146): header: {date=Sun, 09 Dec 2018 08:11:16 GMT, accept=*/*, content-length=47, host=127.0.0.1:34777, user-agent=HTTPClient/1.0 (2.8.3, ruby 2.3.1 (2016-04-26)), content-type=application/json;charset=utf-8}
12-09 08:11:16.201 I/System.out(14146): params: {json={"command":"set_selection","arguments":[-1,-1]}
12-09 08:11:16.201 I/System.out(14146): }
12-09 08:11:16.201 I/System.out(14146): ProP json = {"command":"set_selection","arguments":[-1,-1]}
12-09 08:11:16.201 I/System.out(14146): files: {}
12-09 08:11:16.201 I/System.out(14146): command: {"command":"set_selection","arguments":[-1,-1]}
12-09 08:11:16.202 I/InstrumentationBackend(14146): Got command:'Command:'Line:null,set_selection', arguments:'[-1, -1]'
12-09 08:11:16.283 I/System.out(14146): result:{"bonusInformation":[],"message":"","success":true}
12-09 08:11:16.514 I/System.out(14146): URI: //
12-09 08:11:16.514 I/System.out(14146): params: {json={"command":"keyboard_enter_text","arguments":["åß9∂º–ç¬  ß29å∂˚¡–ºß123"]}
12-09 08:11:16.514 I/System.out(14146): }
12-09 08:11:16.514 I/System.out(14146): header: {date=Sun, 09 Dec 2018 08:11:17 GMT, accept=*/*, content-length=92, host=127.0.0.1:34777, user-agent=HTTPClient/1.0 (2.8.3, ruby 2.3.1 (2016-04-26)), content-type=application/json;charset=utf-8}
12-09 08:11:16.514 I/System.out(14146): params: {json={"command":"keyboard_enter_text","arguments":["åß9∂º–ç¬  ß29å∂˚¡–ºß123"]}
12-09 08:11:16.514 I/System.out(14146): }
12-09 08:11:16.514 I/System.out(14146): ProP json = {"command":"keyboard_enter_text","arguments":["åß9∂º–ç¬  ß29å∂˚¡–ºß123"]}
12-09 08:11:16.514 I/System.out(14146): files: {}
12-09 08:11:16.514 I/System.out(14146): command: {"command":"keyboard_enter_text","arguments":["åß9∂º–ç¬  ß29å∂˚¡–ºß123"]}
12-09 08:11:16.515 I/InstrumentationBackend(14146): Got command:'Command:'Line:null,keyboard_enter_text', arguments:'[åß9∂º–ç¬  ß29å∂˚¡–ºß123]'
12-09 08:11:16.516 E/SpannableStringBuilder(14146): SPAN_EXCLUSIVE_EXCLUSIVE spans cannot have a zero length
12-09 08:11:16.516 E/SpannableStringBuilder(14146): SPAN_EXCLUSIVE_EXCLUSIVE spans cannot have a zero length
12-09 08:11:16.539 E/SpannableStringBuilder(14146): SPAN_EXCLUSIVE_EXCLUSIVE spans cannot have a zero length
12-09 08:11:16.539 E/SpannableStringBuilder(14146): SPAN_EXCLUSIVE_EXCLUSIVE spans cannot have a zero length
12-09 08:11:16.551 I/System.out(14146): result:{"bonusInformation":[],"message":"","success":true}
12-09 08:11:17.110 E/SurfaceFlinger( 1224): ro.sf.lcd_density must be defined as a build property
12-09 08:11:17.111 D/gralloc_ranchu( 1224): gralloc_alloc: Creating ashmem region of size 3686400
12-09 08:11:17.132 D/        (14189): HostConnection::get() New Host Connection established 0x7fa755552480, tid 14189
12-09 08:11:17.162 E/EGL_emulation( 1224): tid 1224: eglCreateSyncKHR(1881): error 0x3004 (EGL_BAD_ATTRIBUTE)
12-09 08:11:18.193 I/System.out(14146): URI: //map
12-09 08:11:18.197 I/System.out(14146): params: {json={"query":"android.widget.EditText id:'odometer'","operation":{"method_name":"query","arguments":[]}}
12-09 08:11:18.197 I/System.out(14146): }
12-09 08:11:18.742 W/ResourceType(14146): No package identifier when getting name for resource number 0x00000001
12-09 08:11:18.809 W/art     (14146): Suspending all threads took: 10.735ms
12-09 08:11:18.893 I/System.out(14146): URI: //gesture
12-09 08:11:18.893 I/System.out(14146): params: {json={"query_timeout":5.0,"gestures":[{"query_string":"android.widget.EditText id:'odometer'","touches":[{"x":50,"y":50,"offset_x":0,"offset_y":0,"wait":0.0,"time":0.2,"release":true,"query_string":null}]}]}
12-09 08:11:18.893 I/System.out(14146): }
12-09 08:11:18.898 I/art     (14146): Background sticky concurrent mark sweep GC freed 44802(2017KB) AllocSpace objects, 1(20KB) LOS objects, 18% free, 2MB/3MB, paused 63.777ms total 137.613ms
12-09 08:11:18.939 W/ResourceType(14146): No package identifier when getting name for resource number 0x00000001
12-09 08:11:19.310 I/LatinIME( 1854): Starting input. Cursor position = 0,0
12-09 08:11:19.424 I/art     (14146): Background sticky concurrent mark sweep GC freed 39377(1686KB) AllocSpace objects, 2(40KB) LOS objects, 21% free, 2MB/3MB, paused 1.159ms total 129.382ms
12-09 08:11:19.985 I/System.out(14146): URI: //
12-09 08:11:19.985 I/System.out(14146): params: {json={"command":"set_selection","arguments":[-1,-1]}
12-09 08:11:19.986 I/System.out(14146): }
12-09 08:11:19.986 I/System.out(14146): header: {date=Sun, 09 Dec 2018 08:11:20 GMT, accept=*/*, content-length=47, host=127.0.0.1:34777, user-agent=HTTPClient/1.0 (2.8.3, ruby 2.3.1 (2016-04-26)), content-type=application/json;charset=utf-8}
12-09 08:11:19.986 I/System.out(14146): params: {json={"command":"set_selection","arguments":[-1,-1]}
12-09 08:11:19.986 I/System.out(14146): }
12-09 08:11:19.986 I/System.out(14146): ProP json = {"command":"set_selection","arguments":[-1,-1]}
12-09 08:11:19.986 I/System.out(14146): files: {}
12-09 08:11:19.986 I/System.out(14146): command: {"command":"set_selection","arguments":[-1,-1]}
12-09 08:11:19.987 I/InstrumentationBackend(14146): Got command:'Command:'Line:null,set_selection', arguments:'[-1, -1]'
12-09 08:11:20.522 I/System.out(14146): result:{"bonusInformation":[],"message":"","success":true}
12-09 08:11:20.853 I/System.out(14146): URI: //
12-09 08:11:20.854 I/System.out(14146): params: {json={"command":"keyboard_enter_text","arguments":["=+œå∑ß≈´∂ç®ƒ√†©∫¡™£"]}
12-09 08:11:20.854 I/System.out(14146): }
12-09 08:11:20.854 I/System.out(14146): header: {date=Sun, 09 Dec 2018 08:11:21 GMT, accept=*/*, content-length=93, host=127.0.0.1:34777, user-agent=HTTPClient/1.0 (2.8.3, ruby 2.3.1 (2016-04-26)), content-type=application/json;charset=utf-8}
12-09 08:11:20.854 I/System.out(14146): params: {json={"command":"keyboard_enter_text","arguments":["=+œå∑ß≈´∂ç®ƒ√†©∫¡™£"]}
12-09 08:11:20.854 I/System.out(14146): }
12-09 08:11:20.854 I/System.out(14146): ProP json = {"command":"keyboard_enter_text","arguments":["=+œå∑ß≈´∂ç®ƒ√†©∫¡™£"]}
12-09 08:11:20.854 I/System.out(14146): files: {}
12-09 08:11:20.854 I/System.out(14146): command: {"command":"keyboard_enter_text","arguments":["=+œå∑ß≈´∂ç®ƒ√†©∫¡™£"]}
12-09 08:11:20.855 I/InstrumentationBackend(14146): Got command:'Command:'Line:null,keyboard_enter_text', arguments:'[=+œå∑ß≈´∂ç®ƒ√†©∫¡™£]'
12-09 08:11:20.855 E/SpannableStringBuilder(14146): SPAN_EXCLUSIVE_EXCLUSIVE spans cannot have a zero length
12-09 08:11:20.855 E/SpannableStringBuilder(14146): SPAN_EXCLUSIVE_EXCLUSIVE spans cannot have a zero length
12-09 08:11:20.865 E/SpannableStringBuilder(14146): SPAN_EXCLUSIVE_EXCLUSIVE spans cannot have a zero length
12-09 08:11:20.865 E/SpannableStringBuilder(14146): SPAN_EXCLUSIVE_EXCLUSIVE spans cannot have a zero length
12-09 08:11:20.882 I/System.out(14146): result:{"bonusInformation":[],"message":"","success":true}
12-09 08:11:21.322 E/SurfaceFlinger( 1224): ro.sf.lcd_density must be defined as a build property
12-09 08:11:21.326 D/gralloc_ranchu( 1224): gralloc_alloc: Creating ashmem region of size 3686400
12-09 08:11:21.360 D/        (14199): HostConnection::get() New Host Connection established 0x7f41bfdd2480, tid 14199
12-09 08:11:21.435 E/EGL_emulation( 1224): tid 1224: eglCreateSyncKHR(1881): error 0x3004 (EGL_BAD_ATTRIBUTE)
