--------- beginning of main
12-09 07:52:20.686 W/art     ( 1593): Long monitor contention event with owner method=void com.android.server.wm.WindowAnimator$1.doFrame(long) from WindowAnimator.java:121 waiters=1 for 142ms
12-09 07:52:20.941 W/art     ( 1593): Long monitor contention event with owner method=void com.android.server.wm.WindowAnimator$1.doFrame(long) from WindowAnimator.java:121 waiters=1 for 254ms
--------- beginning of system
12-09 07:52:20.953 I/WindowManager( 1593): Screenshot max retries 4 of Token{6720530 ActivityRecord{1e6c273 u0 com.evancharlton.mileage.test/sh.calaba.instrumentationbackend.StatusReporterActivity t371 f}} appWin=Window{ed98a1d u0 Starting com.evancharlton.mileage.test} drawState=3
12-09 07:52:20.954 W/art     ( 1593): Long monitor contention event with owner method=boolean com.android.server.am.ActivityManagerService.finishActivity(android.os.IBinder, int, android.content.Intent, boolean) from ActivityManagerService.java:4245 waiters=0 for 1.700s
12-09 07:52:20.955 W/art     ( 1593): Long monitor contention event with owner method=boolean com.android.server.am.ActivityManagerService.finishActivity(android.os.IBinder, int, android.content.Intent, boolean) from ActivityManagerService.java:4245 waiters=1 for 1.626s
12-09 07:52:20.965 W/art     ( 1593): Long monitor contention event with owner method=boolean com.android.server.am.ActivityManagerService.finishActivity(android.os.IBinder, int, android.content.Intent, boolean) from ActivityManagerService.java:4245 waiters=2 for 784ms
12-09 07:52:21.530 D/AndroidRuntime( 8204): >>>>>> START com.android.internal.os.RuntimeInit uid 0 <<<<<<
12-09 07:52:21.536 D/AndroidRuntime( 8204): CheckJNI is ON
12-09 07:52:21.590 D/ICU     ( 8204): No timezone override file found: /data/misc/zoneinfo/current/icu/icu_tzdata.dat
12-09 07:52:21.799 E/memtrack( 8204): Couldn't load memtrack module (No such file or directory)
12-09 07:52:21.799 E/android.os.Debug( 8204): failed to load memtrack module: -2
12-09 07:52:21.800 I/Radio-JNI( 8204): register_android_hardware_Radio DONE
12-09 07:52:21.943 W/art     ( 1593): Long monitor contention event with owner method=void com.android.server.wm.WindowAnimator$1.doFrame(long) from WindowAnimator.java:121 waiters=0 for 132ms
12-09 07:52:21.968 D/AndroidRuntime( 8204): Calling main entry com.android.commands.am.Am
12-09 07:52:22.214 W/art     ( 1593): Long monitor contention event with owner method=void com.android.server.wm.WindowAnimator$1.doFrame(long) from WindowAnimator.java:121 waiters=0 for 145ms
12-09 07:52:23.595 W/art     ( 1593): Long monitor contention event with owner method=void com.android.server.am.ActivityManagerService.activityPaused(android.os.IBinder) from ActivityManagerService.java:6439 waiters=0 for 2.576s
12-09 07:52:23.597 W/art     ( 1593): Long monitor contention event with owner method=void com.android.server.am.ActivityManagerService.activityPaused(android.os.IBinder) from ActivityManagerService.java:6439 waiters=2 for 2.571s
12-09 07:52:23.597 W/art     ( 1593): Long monitor contention event with owner method=void com.android.server.am.ActivityManagerService.activityPaused(android.os.IBinder) from ActivityManagerService.java:6439 waiters=3 for 2.514s
12-09 07:52:23.599 W/art     ( 1593): Long monitor contention event with owner method=void com.android.server.am.ActivityManagerService.activityPaused(android.os.IBinder) from ActivityManagerService.java:6439 waiters=4 for 2.118s
12-09 07:52:23.599 W/art     ( 1593): Long monitor contention event with owner method=void com.android.server.am.ActivityManagerService.activityPaused(android.os.IBinder) from ActivityManagerService.java:6439 waiters=1 for 2.581s
12-09 07:52:23.796 W/art     ( 1593): Long monitor contention event with owner method=void com.android.server.wm.WindowAnimator$1.doFrame(long) from WindowAnimator.java:121 waiters=0 for 199ms
12-09 07:52:23.876 W/art     ( 1593): Long monitor contention event with owner method=void com.android.server.am.ActivityManagerService.activityPaused(android.os.IBinder) from ActivityManagerService.java:6439 waiters=5 for 1.883s
12-09 07:52:23.876 I/ActivityManager( 1593): Force stopping com.evancharlton.mileage appid=10123 user=0: start instr
12-09 07:52:23.876 I/ActivityManager( 1593): Killing 8173:com.evancharlton.mileage/u0a123 (adj 0): stop com.evancharlton.mileage
12-09 07:52:24.009 W/ActivityManager( 1593): Crash of app com.evancharlton.mileage running instrumentation ComponentInfo{com.evancharlton.mileage.test/sh.calaba.instrumentationbackend.ClearAppData2}
12-09 07:52:24.009 I/ActivityManager( 1593): Force stopping com.evancharlton.mileage appid=10123 user=0: finished inst
12-09 07:52:24.169 I/ActivityManager( 1593): Start proc 8213:com.evancharlton.mileage/u0a123 for added application com.evancharlton.mileage
12-09 07:52:24.169 W/art     ( 1593): Long monitor contention event with owner method=void com.android.server.am.ActivityManagerService.activityPaused(android.os.IBinder) from ActivityManagerService.java:6439 waiters=6 for 581ms
12-09 07:52:24.170 W/art     ( 1593): Long monitor contention event with owner method=void com.android.server.am.ActivityManagerService.activityPaused(android.os.IBinder) from ActivityManagerService.java:6439 waiters=7 for 580ms
12-09 07:52:24.170 I/Choreographer( 1945): Skipped 33 frames!  The application may be doing too much work on its main thread.
12-09 07:52:24.170 W/art     ( 1593): Long monitor contention event with owner method=java.util.List com.android.server.am.ActivityManagerService.getAllStackInfos() from ActivityManagerService.java:8937 waiters=5 for 572ms
12-09 07:52:24.177 W/art     ( 1593): Long monitor contention event with owner method=java.util.List com.android.server.am.ActivityManagerService.getAllStackInfos() from ActivityManagerService.java:8937 waiters=5 for 577ms
12-09 07:52:24.177 W/art     ( 1593): Long monitor contention event with owner method=java.util.List com.android.server.am.ActivityManagerService.getAllStackInfos() from ActivityManagerService.java:8937 waiters=5 for 577ms
12-09 07:52:24.229 W/InputMethodManagerService( 1593): Window already focused, ignoring focus gain of: com.android.internal.view.IInputMethodClient$Stub$Proxy@109ab19 attribute=null, token = android.os.BinderProxy@f888460
12-09 07:52:24.244 D/AndroidRuntime( 8204): Shutting down VM
12-09 07:52:24.278 W/ActivityManager( 1593): Spurious death for ProcessRecord{195a7de 0:com.evancharlton.mileage/u0a123}, curProc for 8173: null
12-09 07:52:24.422 W/System  ( 8213): ClassLoader referenced unknown path: /data/app/com.evancharlton.mileage.test-1/lib/x86_64
12-09 07:52:24.428 W/System  ( 8213): ClassLoader referenced unknown path: /data/app/com.evancharlton.mileage-1/lib/x86_64
12-09 07:52:24.498 I/System.out( 8213): Main activity name automatically set to: com.evancharlton.mileage.Mileage
12-09 07:52:24.513 I/System.out( 8213): Calabash did not load Mono. This is only a problem if you are trying to test a Mono application
12-09 07:52:24.513 I/calabash( 8213): Test server port: 7102
12-09 07:52:24.521 I/InstrumentationBackend( 8213): Added:'GetPreferences', with key:'get_preferences'
12-09 07:52:24.597 I/InstrumentationBackend( 8213): Added:'SetPreferences', with key:'set_preferences'
12-09 07:52:24.597 I/InstrumentationBackend( 8213): Added:'ClearPreferences', with key:'clear_preferences'
12-09 07:52:24.597 I/InstrumentationBackend( 8213): Added:'PressElement', with key:'press_l10n_element'
12-09 07:52:24.597 I/InstrumentationBackend( 8213): Added:'WaitForElement', with key:'wait_for_l10n_element'
12-09 07:52:24.597 I/InstrumentationBackend( 8213): Added:'NullAction', with key:'nullAction'
12-09 07:52:24.598 I/InstrumentationBackend( 8213): Added:'PressKey', with key:'press_key'
12-09 07:52:24.598 I/InstrumentationBackend( 8213): Added:'SetActivityOrientation', with key:'set_activity_orientation'
12-09 07:52:24.598 I/InstrumentationBackend( 8213): Added:'GetActivityOrientation', with key:'get_activity_orientation'
12-09 07:52:24.598 I/InstrumentationBackend( 8213): Added:'FakeGPSLocation', with key:'set_gps_coordinates'
12-09 07:52:24.598 I/InstrumentationBackend( 8213): Added:'SetPropertyByCssSelector', with key:'set_property_by_css_selector'
12-09 07:52:24.599 I/InstrumentationBackend( 8213): Added:'GetUrl', with key:'get_url'
12-09 07:52:24.599 I/InstrumentationBackend( 8213): Added:'ScrollTo', with key:'scroll_to'
12-09 07:52:24.599 I/InstrumentationBackend( 8213): Added:'GetLoadProgress', with key:'get_load_progress'
12-09 07:52:24.605 I/InstrumentationBackend( 8213): Added:'DumpHtml', with key:'dump_html'
12-09 07:52:24.605 I/InstrumentationBackend( 8213): Added:'DumpBodyHtml', with key:'dump_body_html'
12-09 07:52:24.605 I/InstrumentationBackend( 8213): Added:'EnterTextByCssSelector', with key:'enter_text_by_selector'
12-09 07:52:24.606 I/InstrumentationBackend( 8213): Added:'AndroidSDKVersion', with key:'android_sdk_version'
12-09 07:52:24.606 I/InstrumentationBackend( 8213): Added:'Version', with key:'version'
12-09 07:52:24.607 I/InstrumentationBackend( 8213): Added:'Drag', with key:'drag'
12-09 07:52:24.607 I/InstrumentationBackend( 8213): Added:'TouchCoordinates', with key:'touch_coordinate'
12-09 07:52:24.607 I/InstrumentationBackend( 8213): Added:'LongPressCoordinate', with key:'long_press_coordinate'
12-09 07:52:24.607 I/InstrumentationBackend( 8213): Added:'DragCoordinates', with key:'drag_coordinates'
12-09 07:52:24.607 I/InstrumentationBackend( 8213): Added:'ResumeApplication', with key:'resume_application'
12-09 07:52:24.607 I/InstrumentationBackend( 8213): Added:'Swipe', with key:'swipe'
12-09 07:52:24.607 I/InstrumentationBackend( 8213): Added:'DoubleTapCoordinate', with key:'double_tap_coordinate'
12-09 07:52:24.608 I/InstrumentationBackend( 8213): Added:'ClickOnScreen', with key:'click_on_screen'
12-09 07:52:24.608 I/InstrumentationBackend( 8213): Added:'GetActivityName', with key:'get_activity_name'
12-09 07:52:24.615 I/InstrumentationBackend( 8213): Added:'ScrollToView', with key:'scroll_to_view'
12-09 07:52:24.625 I/InstrumentationBackend( 8213): Added:'ViewConfiguration', with key:'view_configuration'
12-09 07:52:24.625 I/InstrumentationBackend( 8213): Added:'IsCurrentActivityFocused', with key:'is_current_activity_focused'
12-09 07:52:24.625 I/InstrumentationBackend( 8213): Added:'SendTcp', with key:'send_tcp'
12-09 07:52:24.625 I/InstrumentationBackend( 8213): Added:'DpToDevicePixel', with key:'dp_to_device_pixel'
12-09 07:52:24.626 I/InstrumentationBackend( 8213): Added:'KeyboardEnterText', with key:'keyboard_enter_text'
12-09 07:52:24.626 I/InstrumentationBackend( 8213): Added:'DeleteSurroundingText', with key:'delete_surrounding_text'
12-09 07:52:24.626 I/InstrumentationBackend( 8213): Added:'SetComposingRegion', with key:'set_composing_region'
12-09 07:52:24.626 I/InstrumentationBackend( 8213): Added:'SetSelection', with key:'set_selection'
12-09 07:52:24.627 I/InstrumentationBackend( 8213): Added:'KeyboardKeyEvent', with key:'keyboard_key_event'
12-09 07:52:24.627 I/InstrumentationBackend( 8213): Added:'PressUserActionButton', with key:'press_user_action_button'
12-09 07:52:24.627 I/InstrumentationBackend( 8213): Added:'HideSoftKeyboard', with key:'hide_soft_keyboard'
12-09 07:52:24.627 I/InstrumentationBackend( 8213): Added:'ListActions', with key:'list_actions'
12-09 07:52:24.628 I/calabash( 8213): Instantiating http server at 7102
12-09 07:52:24.653 I/System.out( 8213): HTTP Daemon listening on: 7102
12-09 07:52:24.799 I/System.out( 8213): URI: //ping
12-09 07:52:24.800 I/System.out( 8213): params: {json={}
12-09 07:52:24.800 I/System.out( 8213): }
12-09 07:52:24.873 I/System.out( 8213): URI: //ping
12-09 07:52:24.873 I/System.out( 8213): params: {json={}
12-09 07:52:24.873 I/System.out( 8213): }
12-09 07:52:24.949 I/System.out( 8213): URI: //ready
12-09 07:52:24.949 I/System.out( 8213): params: {json={}
12-09 07:52:24.949 I/System.out( 8213): }
12-09 07:52:25.036 I/System.out( 8213): URI: //
12-09 07:52:25.037 I/System.out( 8213): params: {json={"command":"version","arguments":[]}
12-09 07:52:25.037 I/System.out( 8213): }
12-09 07:52:25.037 I/System.out( 8213): header: {date=Sun, 09 Dec 2018 07:52:25 GMT, accept=*/*, content-length=36, host=127.0.0.1:34777, user-agent=HTTPClient/1.0 (2.8.3, ruby 2.3.1 (2016-04-26)), content-type=application/json;charset=utf-8}
12-09 07:52:25.037 I/System.out( 8213): params: {json={"command":"version","arguments":[]}
12-09 07:52:25.037 I/System.out( 8213): }
12-09 07:52:25.037 I/System.out( 8213): ProP json = {"command":"version","arguments":[]}
12-09 07:52:25.037 I/System.out( 8213): files: {}
12-09 07:52:25.037 I/System.out( 8213): command: {"command":"version","arguments":[]}
12-09 07:52:25.046 I/InstrumentationBackend( 8213): Got command:'Command:'Line:null,version', arguments:'[]'
12-09 07:52:25.072 I/System.out( 8213): result:{"bonusInformation":[],"message":"0.9.8","success":true}
12-09 07:52:25.145 I/System.out( 8213): URI: //start-application
12-09 07:52:25.145 I/System.out( 8213): params: {json={"intent":null}
12-09 07:52:25.145 I/System.out( 8213): }
12-09 07:52:25.185 I/ActivityManager( 1593): START u0 {act=android.intent.action.MAIN cat=[android.intent.category.LAUNCHER] flg=0x10200000 cmp=com.evancharlton.mileage/.Mileage} from uid 10123 on display 0
12-09 07:52:25.493 I/calabash( 8213): newActivity1
12-09 07:52:25.606 I/calabash( 8213): newActivity1
12-09 07:52:25.614 W/ActivityManager( 1593): Bad activity token: android.os.BinderProxy@bdcd124
12-09 07:52:25.614 W/ActivityManager( 1593): java.lang.ClassCastException: android.os.BinderProxy cannot be cast to com.android.server.am.ActivityRecord$Token
12-09 07:52:25.614 W/ActivityManager( 1593): 	at com.android.server.am.ActivityRecord.forTokenLocked(ActivityRecord.java:424)
12-09 07:52:25.614 W/ActivityManager( 1593): 	at com.android.server.am.ActivityRecord.isInStackLocked(ActivityRecord.java:1121)
12-09 07:52:25.614 W/ActivityManager( 1593): 	at com.android.server.am.ActivityRecord.getStackLocked(ActivityRecord.java:1126)
12-09 07:52:25.614 W/ActivityManager( 1593): 	at com.android.server.am.ActivityManagerService.getActivityDisplayId(ActivityManagerService.java:8889)
12-09 07:52:25.614 W/ActivityManager( 1593): 	at android.app.ActivityManagerNative.onTransact(ActivityManagerNative.java:2338)
12-09 07:52:25.614 W/ActivityManager( 1593): 	at com.android.server.am.ActivityManagerService.onTransact(ActivityManagerService.java:2443)
12-09 07:52:25.614 W/ActivityManager( 1593): 	at android.os.Binder.execTransact(Binder.java:453)
12-09 07:52:25.615 W/ActivityManager( 1593): Bad activity token: android.os.BinderProxy@bdcd124
12-09 07:52:25.615 W/ActivityManager( 1593): java.lang.ClassCastException: android.os.BinderProxy cannot be cast to com.android.server.am.ActivityRecord$Token
12-09 07:52:25.615 W/ActivityManager( 1593): 	at com.android.server.am.ActivityRecord.forTokenLocked(ActivityRecord.java:424)
12-09 07:52:25.615 W/ActivityManager( 1593): 	at com.android.server.am.ActivityRecord.isInStackLocked(ActivityRecord.java:1121)
12-09 07:52:25.615 W/ActivityManager( 1593): 	at com.android.server.am.ActivityManagerService.setTaskDescription(ActivityManagerService.java:8547)
12-09 07:52:25.615 W/ActivityManager( 1593): 	at android.app.ActivityManagerNative.onTransact(ActivityManagerNative.java:2410)
12-09 07:52:25.615 W/ActivityManager( 1593): 	at com.android.server.am.ActivityManagerService.onTransact(ActivityManagerService.java:2443)
12-09 07:52:25.615 W/ActivityManager( 1593): 	at android.os.Binder.execTransact(Binder.java:453)
12-09 07:52:25.636 D/gralloc_ranchu( 1224): gralloc_alloc: Creating ashmem region of size 3686400
12-09 07:52:25.670 I/ContentMaintenance( 2375): Internal cache bytes used: 0; limit: 40626585; download size: 0
12-09 07:52:25.832 D/FillupsProvider( 8213): Creating database
12-09 07:52:25.837 V/PhoneStatusBar( 1704): setLightsOn(true)
12-09 07:52:25.857 I/RealtimeCacheCleanup( 2375): Beginning Realtime garbage collection.
12-09 07:52:25.860 I/RealtimeCacheCleanup( 2375): Finished Realtime garbage collection.
12-09 07:52:25.901 D/EGL_emulation( 1945): eglMakeCurrent: 0x7f9aed3a1d20: ver 2 0 (tinfo 0x7f9aed3828e0)
12-09 07:52:25.902 E/Surface ( 1945): getSlotFromBufferLocked: unknown buffer: 0x7f9aed3a2b80
12-09 07:52:26.005 W/ActivityManager( 1593): Bad activity token: android.os.BinderProxy@bdcd124
12-09 07:52:26.005 W/ActivityManager( 1593): java.lang.ClassCastException: android.os.BinderProxy cannot be cast to com.android.server.am.ActivityRecord$Token
12-09 07:52:26.005 W/ActivityManager( 1593): 	at com.android.server.am.ActivityRecord.forTokenLocked(ActivityRecord.java:424)
12-09 07:52:26.005 W/ActivityManager( 1593): 	at com.android.server.am.ActivityRecord.isInStackLocked(ActivityRecord.java:1121)
12-09 07:52:26.005 W/ActivityManager( 1593): 	at com.android.server.am.ActivityManagerService.getActivityOptions(ActivityManagerService.java:11038)
12-09 07:52:26.005 W/ActivityManager( 1593): 	at android.app.ActivityManagerNative.onTransact(ActivityManagerNative.java:1734)
12-09 07:52:26.005 W/ActivityManager( 1593): 	at com.android.server.am.ActivityManagerService.onTransact(ActivityManagerService.java:2443)
12-09 07:52:26.005 W/ActivityManager( 1593): 	at android.os.Binder.execTransact(Binder.java:453)
12-09 07:52:26.006 W/ActivityManager( 1593): Bad activity token: android.os.BinderProxy@bdcd124
12-09 07:52:26.006 W/ActivityManager( 1593): java.lang.ClassCastException: android.os.BinderProxy cannot be cast to com.android.server.am.ActivityRecord$Token
12-09 07:52:26.006 W/ActivityManager( 1593): 	at com.android.server.am.ActivityRecord.forTokenLocked(ActivityRecord.java:424)
12-09 07:52:26.006 W/ActivityManager( 1593): 	at com.android.server.am.ActivityRecord.isInStackLocked(ActivityRecord.java:1121)
12-09 07:52:26.006 W/ActivityManager( 1593): 	at com.android.server.am.ActivityManagerService.getActivityOptions(ActivityManagerService.java:11038)
12-09 07:52:26.006 W/ActivityManager( 1593): 	at android.app.ActivityManagerNative.onTransact(ActivityManagerNative.java:1734)
12-09 07:52:26.006 W/ActivityManager( 1593): 	at com.android.server.am.ActivityManagerService.onTransact(ActivityManagerService.java:2443)
12-09 07:52:26.006 W/ActivityManager( 1593): 	at android.os.Binder.execTransact(Binder.java:453)
12-09 07:52:26.123 I/art     ( 8213): Background sticky concurrent mark sweep GC freed 7525(524KB) AllocSpace objects, 0(0B) LOS objects, 17% free, 1861KB/2MB, paused 947us total 166.763ms
12-09 07:52:26.477 W/art     ( 1593): Long monitor contention event with owner method=void com.android.server.wm.WindowAnimator$1.doFrame(long) from WindowAnimator.java:121 waiters=0 for 199ms
12-09 07:52:26.893 D/gralloc_ranchu( 1224): gralloc_alloc: Creating ashmem region of size 3686400
12-09 07:52:26.936 D/        ( 8213): HostConnection::get() New Host Connection established 0x7f9aed1dd4a0, tid 8213
12-09 07:52:27.019 I/ActivityManager( 1593): Displayed com.evancharlton.mileage/.Mileage: +1s818ms
12-09 07:52:27.031 D/gralloc_ranchu( 1224): gralloc_alloc: Creating ashmem region of size 3686400
12-09 07:52:27.611 I/System.out( 8213): URI: //map
12-09 07:52:27.611 I/System.out( 8213): params: {json={"query":"android.widget.Button index:2","operation":{"method_name":"query","arguments":[]}}
12-09 07:52:27.611 I/System.out( 8213): }
12-09 07:52:27.808 D/gralloc_ranchu( 1224): gralloc_alloc: Creating ashmem region of size 3686400
12-09 07:52:27.815 I/System.out( 8213): URI: //gesture
12-09 07:52:27.815 I/System.out( 8213): params: {json={"query_timeout":5.0,"gestures":[{"query_string":"android.widget.Button index:2","touches":[{"x":50,"y":50,"offset_x":0,"offset_y":0,"wait":0.0,"time":0.2,"release":true,"query_string":null}]}]}
12-09 07:52:27.815 I/System.out( 8213): }
12-09 07:52:28.532 W/art     ( 1593): Long monitor contention event with owner method=void com.android.server.pm.PackageManagerService$PackageHandler.doHandleMessage(android.os.Message) from PackageManagerService.java:1497 waiters=0 for 150ms
12-09 07:52:28.809 W/AudioTrack( 1593): AUDIO_OUTPUT_FLAG_FAST denied by client; transfer 4, track 48000 Hz, output 44100 Hz
12-09 07:52:28.901 I/art     ( 8213): Background sticky concurrent mark sweep GC freed 47033(2MB) AllocSpace objects, 2(40KB) LOS objects, 36% free, 2MB/3MB, paused 1.082ms total 114.211ms
12-09 07:52:29.113 W/audio_hw_generic( 1308): Hardware backing HAL too slow, could only write 0 of 661 frames
12-09 07:52:29.132 W/audio_hw_generic( 1308): Hardware backing HAL too slow, could only write 0 of 661 frames
12-09 07:52:29.151 W/audio_hw_generic( 1308): Hardware backing HAL too slow, could only write 0 of 661 frames
12-09 07:52:29.160 W/audio_hw_generic( 1308): Hardware backing HAL too slow, could only write 0 of 661 frames
12-09 07:52:29.173 W/audio_hw_generic( 1308): Hardware backing HAL too slow, could only write 0 of 661 frames
12-09 07:52:29.216 W/audio_hw_generic( 1308): Hardware backing HAL too slow, could only write 0 of 661 frames
12-09 07:52:29.218 W/audio_hw_generic( 1308): Hardware backing HAL too slow, could only write 0 of 661 frames
12-09 07:52:29.306 W/audio_hw_generic( 1308): Not supplying enough data to HAL, expected position 13587351 , only wrote 13584872
12-09 07:52:29.361 W/audio_hw_generic( 1308): Hardware backing HAL too slow, could only write 0 of 661 frames
12-09 07:52:29.363 D/gralloc_ranchu( 1224): gralloc_alloc: Creating ashmem region of size 45056
12-09 07:52:29.384 W/audio_hw_generic( 1308): Hardware backing HAL too slow, could only write 0 of 661 frames
12-09 07:52:29.396 W/audio_hw_generic( 1308): Hardware backing HAL too slow, could only write 0 of 661 frames
12-09 07:52:29.415 W/audio_hw_generic( 1308): Hardware backing HAL too slow, could only write 0 of 661 frames
12-09 07:52:29.480 E/SurfaceFlinger( 1224): ro.sf.lcd_density must be defined as a build property
12-09 07:52:29.632 W/audio_hw_generic( 1308): Not supplying enough data to HAL, expected position 13599236 , only wrote 13598092
12-09 07:52:29.633 D/gralloc_ranchu( 1224): gralloc_alloc: Creating ashmem region of size 3686400
12-09 07:52:29.695 W/audio_hw_generic( 1308): Hardware backing HAL too slow, could only write 0 of 661 frames
12-09 07:52:29.705 W/audio_hw_generic( 1308): Hardware backing HAL too slow, could only write 0 of 661 frames
12-09 07:52:29.724 D/        ( 8241): HostConnection::get() New Host Connection established 0x7fb4b6852480, tid 8241
12-09 07:52:29.740 W/audio_hw_generic( 1308): Hardware backing HAL too slow, could only write 0 of 661 frames
12-09 07:52:29.754 E/EGL_emulation( 1224): tid 1224: eglCreateSyncKHR(1881): error 0x3004 (EGL_BAD_ATTRIBUTE)
12-09 07:52:29.755 W/audio_hw_generic( 1308): Hardware backing HAL too slow, could only write 0 of 661 frames
12-09 07:52:29.860 W/audio_hw_generic( 1308): Not supplying enough data to HAL, expected position 13608163 , only wrote 13608007
12-09 07:52:29.861 W/audio_hw_generic( 1308): Not supplying enough data to HAL, expected position 13608013 , only wrote 13608007
12-09 07:52:29.878 W/audio_hw_generic( 1308): Not supplying enough data to HAL, expected position 13608792 , only wrote 13608668
12-09 07:52:30.077 W/audio_hw_generic( 1308): Hardware backing HAL too slow, could only write 0 of 661 frames
12-09 07:52:30.077 W/audio_hw_generic( 1308): Not supplying enough data to HAL, expected position 13617422 , only wrote 13617261
12-09 07:52:30.077 W/audio_hw_generic( 1308): Not supplying enough data to HAL, expected position 13617266 , only wrote 13617261
12-09 07:52:30.098 W/audio_hw_generic( 1308): Not supplying enough data to HAL, expected position 13618185 , only wrote 13617922
12-09 07:52:30.119 W/audio_hw_generic( 1308): Hardware backing HAL too slow, could only write 0 of 661 frames
12-09 07:52:30.134 W/audio_hw_generic( 1308): Hardware backing HAL too slow, could only write 0 of 661 frames
12-09 07:52:30.164 W/audio_hw_generic( 1308): Hardware backing HAL too slow, could only write 0 of 661 frames
12-09 07:52:30.179 W/audio_hw_generic( 1308): Hardware backing HAL too slow, could only write 0 of 661 frames
12-09 07:52:30.195 W/audio_hw_generic( 1308): Hardware backing HAL too slow, could only write 0 of 661 frames
12-09 07:52:30.210 W/audio_hw_generic( 1308): Hardware backing HAL too slow, could only write 0 of 661 frames
