12-09 08:06:12.713 W/audio_hw_generic( 1308): Not supplying enough data to HAL, expected position 22720033 , only wrote 22719892
12-09 08:06:12.766 W/audio_hw_generic( 1308): Hardware backing HAL too slow, could only write 0 of 661 frames
12-09 08:06:12.791 W/art     (11178): Suspending all threads took: 32.787ms
12-09 08:06:12.846 I/art     (11178): Background partial concurrent mark sweep GC freed 34422(1726KB) AllocSpace objects, 4(80KB) LOS objects, 39% free, 2MB/4MB, paused 34.069ms total 107.702ms
12-09 08:06:12.915 I/System.out(11178): URI: //gesture
12-09 08:06:12.915 I/System.out(11178): params: {json={"query_timeout":5.0,"gestures":[{"query_string":"android.widget.EditText id:'price'","touches":[{"x":50,"y":50,"offset_x":0,"offset_y":0,"wait":0.0,"time":0.2,"release":true,"query_string":null}]}]}
12-09 08:06:12.915 I/System.out(11178): }
12-09 08:06:12.996 W/ResourceType(11178): No package identifier when getting name for resource number 0x00000001
12-09 08:06:13.199 W/audio_hw_generic( 1308): Not supplying enough data to HAL, expected position 22741309 , only wrote 22740383
12-09 08:06:13.199 W/audio_hw_generic( 1308): Not supplying enough data to HAL, expected position 22740390 , only wrote 22740383
12-09 08:06:13.218 W/audio_hw_generic( 1308): Not supplying enough data to HAL, expected position 22741249 , only wrote 22741044
12-09 08:06:13.219 W/audio_hw_generic( 1308): Hardware backing HAL too slow, could only write 0 of 661 frames
12-09 08:06:13.445 W/audio_hw_generic( 1308): Not supplying enough data to HAL, expected position 22751051 , only wrote 22749637
12-09 08:06:13.462 I/LatinIME( 1887): Starting input. Cursor position = 0,0
12-09 08:06:13.616 I/art     (11178): Background sticky concurrent mark sweep GC freed 51000(2MB) AllocSpace objects, 3(60KB) LOS objects, 44% free, 2MB/4MB, paused 1.395ms total 135.923ms
12-09 08:06:13.734 W/audio_hw_generic( 1308): Not supplying enough data to HAL, expected position 22762363 , only wrote 22762196
12-09 08:06:13.823 D/EGL_emulation( 1887): eglMakeCurrent: 0x7fc06d596060: ver 2 0 (tinfo 0x7fc0654ffbe0)
12-09 08:06:13.878 W/audio_hw_generic( 1308): Hardware backing HAL too slow, could only write 0 of 661 frames
12-09 08:06:13.898 W/audio_hw_generic( 1308): Hardware backing HAL too slow, could only write 0 of 661 frames
12-09 08:06:13.924 W/audio_hw_generic( 1308): Hardware backing HAL too slow, could only write 0 of 661 frames
12-09 08:06:13.946 W/audio_hw_generic( 1308): Hardware backing HAL too slow, could only write 0 of 661 frames
12-09 08:06:13.966 W/audio_hw_generic( 1308): Hardware backing HAL too slow, could only write 0 of 661 frames
12-09 08:06:14.076 I/System.out(11178): URI: //
12-09 08:06:14.076 I/System.out(11178): params: {json={"command":"set_selection","arguments":[-1,-1]}
12-09 08:06:14.076 I/System.out(11178): }
12-09 08:06:14.076 I/System.out(11178): header: {date=Sun, 09 Dec 2018 08:06:14 GMT, accept=*/*, content-length=47, host=127.0.0.1:34777, user-agent=HTTPClient/1.0 (2.8.3, ruby 2.3.1 (2016-04-26)), content-type=application/json;charset=utf-8}
12-09 08:06:14.076 I/System.out(11178): params: {json={"command":"set_selection","arguments":[-1,-1]}
12-09 08:06:14.076 I/System.out(11178): }
12-09 08:06:14.076 I/System.out(11178): ProP json = {"command":"set_selection","arguments":[-1,-1]}
12-09 08:06:14.076 I/System.out(11178): files: {}
12-09 08:06:14.076 I/System.out(11178): command: {"command":"set_selection","arguments":[-1,-1]}
12-09 08:06:14.079 I/InstrumentationBackend(11178): Got command:'Command:'Line:null,set_selection', arguments:'[-1, -1]'
12-09 08:06:14.144 I/System.out(11178): result:{"bonusInformation":[],"message":"","success":true}
12-09 08:06:14.222 W/audio_hw_generic( 1308): Not supplying enough data to HAL, expected position 22783729 , only wrote 22783348
12-09 08:06:14.222 W/audio_hw_generic( 1308): Hardware backing HAL too slow, could only write 0 of 661 frames
12-09 08:06:14.260 W/audio_hw_generic( 1308): Not supplying enough data to HAL, expected position 22786197 , only wrote 22784670
12-09 08:06:14.322 I/System.out(11178): URI: //
12-09 08:06:14.322 I/System.out(11178): params: {json={"command":"keyboard_enter_text","arguments":["54"]}
12-09 08:06:14.323 I/System.out(11178): }
12-09 08:06:14.323 I/System.out(11178): header: {date=Sun, 09 Dec 2018 08:06:14 GMT, accept=*/*, content-length=52, host=127.0.0.1:34777, user-agent=HTTPClient/1.0 (2.8.3, ruby 2.3.1 (2016-04-26)), content-type=application/json;charset=utf-8}
12-09 08:06:14.323 I/System.out(11178): params: {json={"command":"keyboard_enter_text","arguments":["54"]}
12-09 08:06:14.323 I/System.out(11178): }
12-09 08:06:14.323 I/System.out(11178): ProP json = {"command":"keyboard_enter_text","arguments":["54"]}
12-09 08:06:14.323 I/System.out(11178): files: {}
12-09 08:06:14.323 I/System.out(11178): command: {"command":"keyboard_enter_text","arguments":["54"]}
12-09 08:06:14.325 I/InstrumentationBackend(11178): Got command:'Command:'Line:null,keyboard_enter_text', arguments:'[54]'
12-09 08:06:14.325 E/SpannableStringBuilder(11178): SPAN_EXCLUSIVE_EXCLUSIVE spans cannot have a zero length
12-09 08:06:14.325 E/SpannableStringBuilder(11178): SPAN_EXCLUSIVE_EXCLUSIVE spans cannot have a zero length
12-09 08:06:14.561 E/SpannableStringBuilder(11178): SPAN_EXCLUSIVE_EXCLUSIVE spans cannot have a zero length
12-09 08:06:14.561 E/SpannableStringBuilder(11178): SPAN_EXCLUSIVE_EXCLUSIVE spans cannot have a zero length
12-09 08:06:14.604 I/System.out(11178): result:{"bonusInformation":[],"message":"","success":true}
12-09 08:06:14.767 I/System.out(11178): URI: //map
12-09 08:06:14.767 I/System.out(11178): params: {json={"query":"android.widget.EditText id:'volume'","operation":{"method_name":"query","arguments":[]}}
12-09 08:06:14.767 I/System.out(11178): }
12-09 08:06:14.847 W/ResourceType(11178): No package identifier when getting name for resource number 0x00000001
12-09 08:06:14.864 W/art     (11178): Suspending all threads took: 10.167ms
12-09 08:06:15.180 I/art     (11178): Background sticky concurrent mark sweep GC freed 44951(2026KB) AllocSpace objects, 8(160KB) LOS objects, 12% free, 3MB/4MB, paused 19.952ms total 355.053ms
12-09 08:06:15.282 I/System.out(11178): URI: //gesture
12-09 08:06:15.282 I/System.out(11178): params: {json={"query_timeout":5.0,"gestures":[{"query_string":"android.widget.EditText id:'volume'","touches":[{"x":50,"y":50,"offset_x":0,"offset_y":0,"wait":0.0,"time":0.2,"release":true,"query_string":null}]}]}
12-09 08:06:15.282 I/System.out(11178): }
12-09 08:06:15.727 I/art     (11178): Background partial concurrent mark sweep GC freed 41987(2MB) AllocSpace objects, 5(100KB) LOS objects, 39% free, 2MB/4MB, paused 1.086ms total 449.578ms
12-09 08:06:15.844 W/ResourceType(11178): No package identifier when getting name for resource number 0x00000001
12-09 08:06:16.254 I/LatinIME( 1887): Starting input. Cursor position = 0,0
12-09 08:06:16.930 I/System.out(11178): URI: //
12-09 08:06:16.930 I/System.out(11178): params: {json={"command":"set_selection","arguments":[-1,-1]}
12-09 08:06:16.930 I/System.out(11178): }
12-09 08:06:16.930 I/System.out(11178): header: {date=Sun, 09 Dec 2018 08:06:16 GMT, accept=*/*, content-length=47, host=127.0.0.1:34777, user-agent=HTTPClient/1.0 (2.8.3, ruby 2.3.1 (2016-04-26)), content-type=application/json;charset=utf-8}
12-09 08:06:16.930 I/System.out(11178): params: {json={"command":"set_selection","arguments":[-1,-1]}
12-09 08:06:16.930 I/System.out(11178): }
12-09 08:06:16.930 I/System.out(11178): ProP json = {"command":"set_selection","arguments":[-1,-1]}
12-09 08:06:16.930 I/System.out(11178): files: {}
12-09 08:06:16.930 I/System.out(11178): command: {"command":"set_selection","arguments":[-1,-1]}
12-09 08:06:16.931 I/InstrumentationBackend(11178): Got command:'Command:'Line:null,set_selection', arguments:'[-1, -1]'
12-09 08:06:16.975 I/System.out(11178): result:{"bonusInformation":[],"message":"","success":true}
12-09 08:06:17.290 I/System.out(11178): URI: //
12-09 08:06:17.290 I/System.out(11178): params: {json={"command":"keyboard_enter_text","arguments":["100"]}
12-09 08:06:17.290 I/System.out(11178): }
12-09 08:06:17.290 I/System.out(11178): header: {date=Sun, 09 Dec 2018 08:06:17 GMT, accept=*/*, content-length=53, host=127.0.0.1:34777, user-agent=HTTPClient/1.0 (2.8.3, ruby 2.3.1 (2016-04-26)), content-type=application/json;charset=utf-8}
12-09 08:06:17.290 I/System.out(11178): params: {json={"command":"keyboard_enter_text","arguments":["100"]}
12-09 08:06:17.290 I/System.out(11178): }
12-09 08:06:17.290 I/System.out(11178): ProP json = {"command":"keyboard_enter_text","arguments":["100"]}
12-09 08:06:17.290 I/System.out(11178): files: {}
12-09 08:06:17.291 I/System.out(11178): command: {"command":"keyboard_enter_text","arguments":["100"]}
12-09 08:06:17.292 I/InstrumentationBackend(11178): Got command:'Command:'Line:null,keyboard_enter_text', arguments:'[100]'
12-09 08:06:17.312 E/SpannableStringBuilder(11178): SPAN_EXCLUSIVE_EXCLUSIVE spans cannot have a zero length
12-09 08:06:17.313 E/SpannableStringBuilder(11178): SPAN_EXCLUSIVE_EXCLUSIVE spans cannot have a zero length
12-09 08:06:17.316 E/SpannableStringBuilder(11178): SPAN_EXCLUSIVE_EXCLUSIVE spans cannot have a zero length
12-09 08:06:17.316 E/SpannableStringBuilder(11178): SPAN_EXCLUSIVE_EXCLUSIVE spans cannot have a zero length
12-09 08:06:17.348 I/System.out(11178): result:{"bonusInformation":[],"message":"","success":true}
12-09 08:06:17.459 I/System.out(11178): URI: //map
12-09 08:06:17.459 I/System.out(11178): params: {json={"query":"android.widget.EditText id:'odometer'","operation":{"method_name":"query","arguments":[]}}
12-09 08:06:17.459 I/System.out(11178): }
12-09 08:06:17.536 W/ResourceType(11178): No package identifier when getting name for resource number 0x00000001
12-09 08:06:17.676 I/System.out(11178): URI: //gesture
12-09 08:06:17.676 I/System.out(11178): params: {json={"query_timeout":5.0,"gestures":[{"query_string":"android.widget.EditText id:'odometer'","touches":[{"x":50,"y":50,"offset_x":0,"offset_y":0,"wait":0.0,"time":0.2,"release":true,"query_string":null}]}]}
12-09 08:06:17.676 I/System.out(11178): }
12-09 08:06:17.699 W/ResourceType(11178): No package identifier when getting name for resource number 0x00000001
12-09 08:06:18.396 I/LatinIME( 1887): Starting input. Cursor position = 0,0
12-09 08:06:18.532 I/art     (11178): Background sticky concurrent mark sweep GC freed 45608(2MB) AllocSpace objects, 3(60KB) LOS objects, 36% free, 2MB/4MB, paused 1.083ms total 128.720ms
12-09 08:06:18.882 I/Choreographer( 1887): Skipped 34 frames!  The application may be doing too much work on its main thread.
12-09 08:06:18.987 I/System.out(11178): URI: //
12-09 08:06:18.987 I/System.out(11178): params: {json={"command":"set_selection","arguments":[-1,-1]}
12-09 08:06:18.987 I/System.out(11178): }
12-09 08:06:18.987 I/System.out(11178): header: {date=Sun, 09 Dec 2018 08:06:18 GMT, accept=*/*, content-length=47, host=127.0.0.1:34777, user-agent=HTTPClient/1.0 (2.8.3, ruby 2.3.1 (2016-04-26)), content-type=application/json;charset=utf-8}
12-09 08:06:18.987 I/System.out(11178): params: {json={"command":"set_selection","arguments":[-1,-1]}
12-09 08:06:18.987 I/System.out(11178): }
12-09 08:06:18.987 I/System.out(11178): ProP json = {"command":"set_selection","arguments":[-1,-1]}
12-09 08:06:18.987 I/System.out(11178): files: {}
12-09 08:06:18.987 I/System.out(11178): command: {"command":"set_selection","arguments":[-1,-1]}
12-09 08:06:18.988 I/InstrumentationBackend(11178): Got command:'Command:'Line:null,set_selection', arguments:'[-1, -1]'
12-09 08:06:18.994 I/System.out(11178): result:{"bonusInformation":[],"message":"","success":true}
12-09 08:06:19.270 I/System.out(11178): URI: //
12-09 08:06:19.278 I/System.out(11178): params: {json={"command":"keyboard_enter_text","arguments":["14"]}
12-09 08:06:19.278 I/System.out(11178): }
12-09 08:06:19.278 I/System.out(11178): header: {date=Sun, 09 Dec 2018 08:06:19 GMT, accept=*/*, content-length=52, host=127.0.0.1:34777, user-agent=HTTPClient/1.0 (2.8.3, ruby 2.3.1 (2016-04-26)), content-type=application/json;charset=utf-8}
12-09 08:06:19.278 I/System.out(11178): params: {json={"command":"keyboard_enter_text","arguments":["14"]}
12-09 08:06:19.278 I/System.out(11178): }
12-09 08:06:19.278 I/System.out(11178): ProP json = {"command":"keyboard_enter_text","arguments":["14"]}
12-09 08:06:19.278 I/System.out(11178): files: {}
12-09 08:06:19.278 I/System.out(11178): command: {"command":"keyboard_enter_text","arguments":["14"]}
12-09 08:06:19.279 I/InstrumentationBackend(11178): Got command:'Command:'Line:null,keyboard_enter_text', arguments:'[14]'
12-09 08:06:19.291 E/SpannableStringBuilder(11178): SPAN_EXCLUSIVE_EXCLUSIVE spans cannot have a zero length
12-09 08:06:19.291 E/SpannableStringBuilder(11178): SPAN_EXCLUSIVE_EXCLUSIVE spans cannot have a zero length
12-09 08:06:19.391 E/SpannableStringBuilder(11178): SPAN_EXCLUSIVE_EXCLUSIVE spans cannot have a zero length
12-09 08:06:19.391 E/SpannableStringBuilder(11178): SPAN_EXCLUSIVE_EXCLUSIVE spans cannot have a zero length
12-09 08:06:19.414 I/System.out(11178): result:{"bonusInformation":[],"message":"","success":true}
12-09 08:06:19.490 I/art     (11178): Background sticky concurrent mark sweep GC freed 27365(1302KB) AllocSpace objects, 7(140KB) LOS objects, 37% free, 2MB/4MB, paused 33.611ms total 44.288ms
12-09 08:06:20.485 I/System.out(11178): URI: //map
12-09 08:06:20.489 I/System.out(11178): params: {json={"query":"android.widget.Button index:2","operation":{"method_name":"query","arguments":[]}}
12-09 08:06:20.489 I/System.out(11178): }
12-09 08:06:20.629 W/art     (11178): Suspending all threads took: 8.158ms
12-09 08:06:20.672 I/art     (11178): Background sticky concurrent mark sweep GC freed 47421(2MB) AllocSpace objects, 1(20KB) LOS objects, 33% free, 2MB/4MB, paused 9.317ms total 85.300ms
12-09 08:06:20.719 I/System.out(11178): URI: //gesture
12-09 08:06:20.726 I/System.out(11178): params: {json={"query_timeout":5.0,"gestures":[{"query_string":"android.widget.Button index:2","touches":[{"x":50,"y":50,"offset_x":0,"offset_y":0,"wait":0.0,"time":0.2,"release":true,"query_string":null}]}]}
12-09 08:06:20.726 I/System.out(11178): }
12-09 08:06:21.411 W/audio_hw_generic( 1308): Hardware backing HAL too slow, could only write 0 of 661 frames
12-09 08:06:21.412 W/audio_hw_generic( 1308): Hardware backing HAL too slow, could only write 0 of 661 frames
12-09 08:06:21.446 W/audio_hw_generic( 1308): Hardware backing HAL too slow, could only write 0 of 661 frames
12-09 08:06:21.466 W/audio_hw_generic( 1308): Hardware backing HAL too slow, could only write 0 of 661 frames
12-09 08:06:21.478 W/audio_hw_generic( 1308): Hardware backing HAL too slow, could only write 0 of 661 frames
12-09 08:06:21.494 W/audio_hw_generic( 1308): Hardware backing HAL too slow, could only write 0 of 661 frames
12-09 08:06:21.513 W/audio_hw_generic( 1308): Hardware backing HAL too slow, could only write 0 of 661 frames
12-09 08:06:21.727 W/audio_hw_generic( 1308): Not supplying enough data to HAL, expected position 22798578 , only wrote 22793924
12-09 08:06:21.727 W/audio_hw_generic( 1308): Not supplying enough data to HAL, expected position 22793931 , only wrote 22793924
12-09 08:06:21.798 W/audio_hw_generic( 1308): Not supplying enough data to HAL, expected position 22797060 , only wrote 22794585
12-09 08:06:21.863 W/audio_hw_generic( 1308): Hardware backing HAL too slow, could only write 0 of 661 frames
12-09 08:06:21.874 W/audio_hw_generic( 1308): Hardware backing HAL too slow, could only write 0 of 661 frames
12-09 08:06:21.888 W/audio_hw_generic( 1308): Hardware backing HAL too slow, could only write 0 of 661 frames
12-09 08:06:21.910 I/LatinIME( 1887): Starting input. Cursor position = -1,-1
12-09 08:06:21.932 I/Choreographer(11178): Skipped 33 frames!  The application may be doing too much work on its main thread.
12-09 08:06:21.949 E/SurfaceFlinger( 1219): ro.sf.lcd_density must be defined as a build property
12-09 08:06:21.982 D/gralloc_ranchu( 1219): gralloc_alloc: Creating ashmem region of size 3686400
12-09 08:06:22.039 D/        (11266): HostConnection::get() New Host Connection established 0x7fd00a2d2480, tid 11266
12-09 08:06:22.063 D/Mileage.ABS(11178): Finished backup
12-09 08:06:22.080 E/EGL_emulation( 1219): tid 1219: eglCreateSyncKHR(1881): error 0x3004 (EGL_BAD_ATTRIBUTE)
12-09 08:06:22.089 D/Mileage.ABS(11178): Not backing up; 67
12-09 08:06:22.110 D/Mileage.ABS(11178): Not backing up; 88
12-09 08:06:22.111 D/Mileage.ABS(11178): Not backing up; 89
12-09 08:06:22.132 I/art     (11178): Background sticky concurrent mark sweep GC freed 20045(1011KB) AllocSpace objects, 1(20KB) LOS objects, 29% free, 2MB/4MB, paused 19.289ms total 107.445ms
12-09 08:06:22.180 I/InputAttributes( 1887): InputType.TYPE_NULL is specified
12-09 08:06:22.262 W/audio_hw_generic( 1308): Hardware backing HAL too slow, could only write 0 of 661 frames
12-09 08:06:22.296 W/audio_hw_generic( 1308): Hardware backing HAL too slow, could only write 0 of 661 frames
12-09 08:06:22.296 W/audio_hw_generic( 1308): Hardware backing HAL too slow, could only write 0 of 661 frames
12-09 08:06:22.466 W/audio_hw_generic( 1308): Not supplying enough data to HAL, expected position 22824028 , only wrote 22817720
12-09 08:06:22.551 W/audio_hw_generic( 1308): Not supplying enough data to HAL, expected position 22821495 , only wrote 22819042
12-09 08:06:22.583 W/audio_hw_generic( 1308): Hardware backing HAL too slow, could only write 0 of 661 frames
12-09 08:06:22.673 D/EGL_emulation( 1887): eglMakeCurrent: 0x7fc06d596060: ver 2 0 (tinfo 0x7fc0654ffbe0)
12-09 08:06:22.699 E/Surface ( 1887): getSlotFromBufferLocked: unknown buffer: 0x7fc06d58f6c0
12-09 08:06:22.954 W/audio_hw_generic( 1308): Hardware backing HAL too slow, could only write 0 of 661 frames
12-09 08:06:22.966 W/audio_hw_generic( 1308): Hardware backing HAL too slow, could only write 0 of 661 frames
12-09 08:06:23.002 W/audio_hw_generic( 1308): Hardware backing HAL too slow, could only write 0 of 661 frames
12-09 08:06:23.003 W/audio_hw_generic( 1308): Not supplying enough data to HAL, expected position 22838948 , only wrote 22838872
12-09 08:06:23.003 W/audio_hw_generic( 1308): Not supplying enough data to HAL, expected position 22838878 , only wrote 22838872
12-09 08:06:23.003 W/audio_hw_generic( 1308): Hardware backing HAL too slow, could only write 0 of 661 frames
12-09 08:06:23.030 W/audio_hw_generic( 1308): Hardware backing HAL too slow, could only write 0 of 661 frames
12-09 08:06:23.046 W/audio_hw_generic( 1308): Hardware backing HAL too slow, could only write 0 of 661 frames
12-09 08:06:23.062 W/audio_hw_generic( 1308): Hardware backing HAL too slow, could only write 0 of 661 frames
12-09 08:06:23.082 W/audio_hw_generic( 1308): Hardware backing HAL too slow, could only write 0 of 661 frames
12-09 08:06:23.091 W/audio_hw_generic( 1308): Hardware backing HAL too slow, could only write 0 of 661 frames
12-09 08:06:23.106 W/audio_hw_generic( 1308): Hardware backing HAL too slow, could only write 0 of 661 frames
12-09 08:06:23.274 W/audio_hw_generic( 1308): Not supplying enough data to HAL, expected position 22850826 , only wrote 22850770
12-09 08:06:23.300 W/audio_hw_generic( 1308): Not supplying enough data to HAL, expected position 22851931 , only wrote 22850770
12-09 08:06:23.316 W/audio_hw_generic( 1308): Not supplying enough data to HAL, expected position 22851458 , only wrote 22851431
12-09 08:06:23.334 W/audio_hw_generic( 1308): Hardware backing HAL too slow, could only write 0 of 661 frames
12-09 08:06:23.340 I/System.out(11178): URI: //map
12-09 08:06:23.340 I/System.out(11178): params: {json={"query":"android.widget.ListView index:0 android.widget.TextView index:0","operation":{"method_name":"query","arguments":[]}}
12-09 08:06:23.340 I/System.out(11178): }
12-09 08:06:23.350 W/audio_hw_generic( 1308): Hardware backing HAL too slow, could only write 0 of 661 frames
12-09 08:06:23.379 W/audio_hw_generic( 1308): Hardware backing HAL too slow, could only write 0 of 661 frames
12-09 08:06:23.653 W/audio_hw_generic( 1308): Not supplying enough data to HAL, expected position 22866302 , only wrote 22865973
12-09 08:06:23.653 W/audio_hw_generic( 1308): Not supplying enough data to HAL, expected position 22865984 , only wrote 22865973
12-09 08:06:23.670 W/audio_hw_generic( 1308): Not supplying enough data to HAL, expected position 22866698 , only wrote 22866634
12-09 08:06:23.794 W/audio_hw_generic( 1308): Not supplying enough data to HAL, expected position 22872137 , only wrote 22871261
12-09 08:06:23.795 W/audio_hw_generic( 1308): Not supplying enough data to HAL, expected position 22871268 , only wrote 22871261
12-09 08:06:23.846 W/audio_hw_generic( 1308): Not supplying enough data to HAL, expected position 22873539 , only wrote 22871922
12-09 08:06:23.880 I/art     (11178): Background sticky concurrent mark sweep GC freed 26284(968KB) AllocSpace objects, 1(20KB) LOS objects, 26% free, 2MB/4MB, paused 46.042ms total 78.316ms
12-09 08:06:23.966 W/audio_hw_generic( 1308): Not supplying enough data to HAL, expected position 22877212 , only wrote 22877210
12-09 08:06:24.118 W/audio_hw_generic( 1308): Not supplying enough data to HAL, expected position 22883922 , only wrote 22883820
12-09 08:06:24.119 W/audio_hw_generic( 1308): Not supplying enough data to HAL, expected position 22883827 , only wrote 22883820
12-09 08:06:24.135 W/audio_hw_generic( 1308): Not supplying enough data to HAL, expected position 22884538 , only wrote 22884481
12-09 08:06:24.135 W/audio_hw_generic( 1308): Hardware backing HAL too slow, could only write 0 of 661 frames
12-09 08:06:24.135 W/audio_hw_generic( 1308): Hardware backing HAL too slow, could only write 0 of 661 frames
12-09 08:06:24.174 W/audio_hw_generic( 1308): Hardware backing HAL too slow, could only write 0 of 661 frames
12-09 08:06:24.189 W/audio_hw_generic( 1308): Hardware backing HAL too slow, could only write 0 of 661 frames
12-09 08:06:24.201 W/audio_hw_generic( 1308): Hardware backing HAL too slow, could only write 0 of 661 frames
12-09 08:06:24.203 I/System.out(11178): URI: //gesture
12-09 08:06:24.203 I/System.out(11178): params: {json={"query_timeout":5.0,"gestures":[{"query_string":"android.widget.ListView index:0 android.widget.TextView index:0","touches":[{"x":50,"y":50,"offset_x":0,"offset_y":0,"wait":0.0,"time":0.2,"release":true,"query_string":null}]}]}
12-09 08:06:24.203 I/System.out(11178): }
12-09 08:06:24.214 W/audio_hw_generic( 1308): Hardware backing HAL too slow, could only write 0 of 661 frames
12-09 08:06:24.224 I/art     (11178): Background sticky concurrent mark sweep GC freed 33423(1543KB) AllocSpace objects, 1(20KB) LOS objects, 20% free, 3MB/4MB, paused 1.078ms total 183.166ms
12-09 08:06:24.229 W/audio_hw_generic( 1308): Hardware backing HAL too slow, could only write 0 of 661 frames
12-09 08:06:24.274 W/audio_hw_generic( 1308): Not supplying enough data to HAL, expected position 22890632 , only wrote 22890430
12-09 08:06:24.275 W/audio_hw_generic( 1308): Not supplying enough data to HAL, expected position 22890437 , only wrote 22890430
12-09 08:06:24.294 W/audio_hw_generic( 1308): Not supplying enough data to HAL, expected position 22891303 , only wrote 22891091
12-09 08:06:24.326 W/audio_hw_generic( 1308): Not supplying enough data to HAL, expected position 22892495 , only wrote 22892413
12-09 08:06:24.466 W/audio_hw_generic( 1308): Not supplying enough data to HAL, expected position 22898585 , only wrote 22898362
12-09 08:06:24.466 W/audio_hw_generic( 1308): Not supplying enough data to HAL, expected position 22898369 , only wrote 22898362
12-09 08:06:24.486 W/audio_hw_generic( 1308): Not supplying enough data to HAL, expected position 22899241 , only wrote 22899023
12-09 08:06:24.518 W/audio_hw_generic( 1308): Not supplying enough data to HAL, expected position 22900404 , only wrote 22900345
12-09 08:06:24.702 I/art     (11178): Background partial concurrent mark sweep GC freed 33552(1490KB) AllocSpace objects, 6(120KB) LOS objects, 40% free, 2MB/4MB, paused 1.079ms total 329.856ms
12-09 08:06:25.271 I/ActivityManager( 1592): START u0 {cmp=com.evancharlton.mileage/.FillupInfoActivity (has extras)} from uid 10127 on display 0
12-09 08:06:25.328 D/AudioFlinger( 1308): mixer(0xf4300000) throttle end: throttle time(11)
12-09 08:06:25.354 W/audio_hw_generic( 1308): Hardware backing HAL too slow, could only write 0 of 661 frames
12-09 08:06:25.364 W/audio_hw_generic( 1308): Hardware backing HAL too slow, could only write 0 of 661 frames
12-09 08:06:25.378 W/audio_hw_generic( 1308): Hardware backing HAL too slow, could only write 0 of 661 frames
12-09 08:06:25.443 W/audio_hw_generic( 1308): Hardware backing HAL too slow, could only write 0 of 661 frames
12-09 08:06:25.459 W/audio_hw_generic( 1308): Hardware backing HAL too slow, could only write 0 of 661 frames
12-09 08:06:25.485 W/audio_hw_generic( 1308): Hardware backing HAL too slow, could only write 0 of 661 frames
12-09 08:06:25.494 W/audio_hw_generic( 1308): Hardware backing HAL too slow, could only write 0 of 661 frames
12-09 08:06:25.504 W/audio_hw_generic( 1308): Hardware backing HAL too slow, could only write 0 of 661 frames
12-09 08:06:25.554 W/audio_hw_generic( 1308): Not supplying enough data to HAL, expected position 22911499 , only wrote 22910921
12-09 08:06:25.555 W/audio_hw_generic( 1308): Not supplying enough data to HAL, expected position 22910928 , only wrote 22910921
12-09 08:06:25.570 W/audio_hw_generic( 1308): Not supplying enough data to HAL, expected position 22911587 , only wrote 22911582
12-09 08:06:25.643 I/calabash(11178): newActivity1
12-09 08:06:25.704 W/audio_hw_generic( 1308): Hardware backing HAL too slow, could only write 0 of 661 frames
12-09 08:06:25.778 E/SurfaceFlinger( 1219): ro.sf.lcd_density must be defined as a build property
12-09 08:06:25.791 D/gralloc_ranchu( 1219): gralloc_alloc: Creating ashmem region of size 3686400
12-09 08:06:25.805 I/art     (11178): Background sticky concurrent mark sweep GC freed 38076(1860KB) AllocSpace objects, 1(20KB) LOS objects, 25% free, 3MB/4MB, paused 10.998ms total 143.327ms
12-09 08:06:25.820 D/        (11274): HostConnection::get() New Host Connection established 0x7fc67d352480, tid 11274
12-09 08:06:25.855 E/EGL_emulation( 1219): tid 1219: eglCreateSyncKHR(1881): error 0x3004 (EGL_BAD_ATTRIBUTE)
12-09 08:06:25.993 W/audio_hw_generic( 1308): Not supplying enough data to HAL, expected position 22930252 , only wrote 22928768
12-09 08:06:25.993 W/audio_hw_generic( 1308): Not supplying enough data to HAL, expected position 22928775 , only wrote 22928768
12-09 08:06:26.004 V/PhoneStatusBar( 1699): setLightsOn(true)
12-09 08:06:26.008 W/audio_hw_generic( 1308): Not supplying enough data to HAL, expected position 22929430 , only wrote 22929429
12-09 08:06:26.053 W/audio_hw_generic( 1308): Not supplying enough data to HAL, expected position 22931402 , only wrote 22930751
12-09 08:06:26.079 W/art     ( 1592): Long monitor contention event with owner method=int com.android.server.wm.WindowManagerService.relayoutWindow(com.android.server.wm.Session, android.view.IWindow, int, android.view.WindowManager$LayoutParams, int, int, int, int, android.graphics.Rect, android.graphics.Rect, android.graphics.Rect, android.graphics.Rect, android.graphics.Rect, android.graphics.Rect, android.content.res.Configuration, android.view.Surface) from WindowManagerService.java:3103 waiters=0 for 107ms
12-09 08:06:26.137 W/audio_hw_generic( 1308): Hardware backing HAL too slow, could only write 0 of 661 frames
12-09 08:06:26.154 W/audio_hw_generic( 1308): Hardware backing HAL too slow, could only write 0 of 661 frames
12-09 08:06:26.162 D/gralloc_ranchu( 1219): gralloc_alloc: Creating ashmem region of size 3686400
12-09 08:06:26.177 W/audio_hw_generic( 1308): Hardware backing HAL too slow, could only write 0 of 661 frames
12-09 08:06:26.197 W/audio_hw_generic( 1308): Hardware backing HAL too slow, could only write 0 of 661 frames
12-09 08:06:26.212 W/audio_hw_generic( 1308): Hardware backing HAL too slow, could only write 0 of 661 frames
12-09 08:06:26.230 W/audio_hw_generic( 1308): Hardware backing HAL too slow, could only write 0 of 661 frames
12-09 08:06:26.257 W/audio_hw_generic( 1308): Hardware backing HAL too slow, could only write 0 of 661 frames
12-09 08:06:26.376 W/audio_hw_generic( 1308): Not supplying enough data to HAL, expected position 22945001 , only wrote 22943971
12-09 08:06:26.413 W/audio_hw_generic( 1308): Not supplying enough data to HAL, expected position 22945580 , only wrote 22945293
12-09 08:06:26.437 W/audio_hw_generic( 1308): Hardware backing HAL too slow, could only write 0 of 661 frames
12-09 08:06:26.455 W/audio_hw_generic( 1308): Hardware backing HAL too slow, could only write 0 of 661 frames
12-09 08:06:26.473 W/audio_hw_generic( 1308): Hardware backing HAL too slow, could only write 0 of 661 frames
12-09 08:06:26.486 W/audio_hw_generic( 1308): Hardware backing HAL too slow, could only write 0 of 661 frames
12-09 08:06:26.512 W/audio_hw_generic( 1308): Hardware backing HAL too slow, could only write 0 of 661 frames
12-09 08:06:26.528 W/audio_hw_generic( 1308): Hardware backing HAL too slow, could only write 0 of 661 frames
12-09 08:06:26.622 W/art     ( 1592): Long monitor contention event with owner method=void com.android.server.wm.WindowAnimator$1.doFrame(long) from WindowAnimator.java:121 waiters=0 for 103ms
12-09 08:06:26.770 W/audio_hw_generic( 1308): Not supplying enough data to HAL, expected position 22961055 , only wrote 22959835
12-09 08:06:26.770 W/audio_hw_generic( 1308): Not supplying enough data to HAL, expected position 22959842 , only wrote 22959835
12-09 08:06:26.798 W/audio_hw_generic( 1308): Not supplying enough data to HAL, expected position 22961077 , only wrote 22960496
12-09 08:06:26.822 W/audio_hw_generic( 1308): Hardware backing HAL too slow, could only write 0 of 661 frames
12-09 08:06:26.837 W/audio_hw_generic( 1308): Hardware backing HAL too slow, could only write 0 of 661 frames
12-09 08:06:26.874 W/audio_hw_generic( 1308): Hardware backing HAL too slow, could only write 0 of 661 frames
12-09 08:06:26.894 W/audio_hw_generic( 1308): Hardware backing HAL too slow, could only write 0 of 661 frames
12-09 08:06:26.897 W/audio_hw_generic( 1308): Hardware backing HAL too slow, could only write 0 of 661 frames
12-09 08:06:26.918 W/audio_hw_generic( 1308): Hardware backing HAL too slow, could only write 0 of 661 frames
12-09 08:06:26.958 W/audio_hw_generic( 1308): Hardware backing HAL too slow, could only write 0 of 661 frames
12-09 08:06:26.958 W/audio_hw_generic( 1308): Not supplying enough data to HAL, expected position 22967520 , only wrote 22967106
12-09 08:06:26.958 W/audio_hw_generic( 1308): Not supplying enough data to HAL, expected position 22967113 , only wrote 22967106
12-09 08:06:26.958 W/audio_hw_generic( 1308): Hardware backing HAL too slow, could only write 0 of 661 frames
12-09 08:06:26.976 W/audio_hw_generic( 1308): Not supplying enough data to HAL, expected position 22967885 , only wrote 22967767
12-09 08:06:26.976 W/audio_hw_generic( 1308): Hardware backing HAL too slow, could only write 0 of 661 frames
12-09 08:06:26.976 W/audio_hw_generic( 1308): Hardware backing HAL too slow, could only write 0 of 661 frames
12-09 08:06:27.019 W/audio_hw_generic( 1308): Hardware backing HAL too slow, could only write 0 of 661 frames
12-09 08:06:27.034 W/art     ( 1592): Long monitor contention event with owner method=void com.android.server.wm.WindowAnimator$1.doFrame(long) from WindowAnimator.java:121 waiters=1 for 379ms
12-09 08:06:27.055 I/System.out(11178): URI: //map
12-09 08:06:27.055 I/System.out(11178): params: {json={"query":"android.widget.Button index:1","operation":{"method_name":"query","arguments":[]}}
12-09 08:06:27.055 I/System.out(11178): }
12-09 08:06:27.176 W/art     ( 1592): Long monitor contention event with owner method=void com.android.server.wm.WindowAnimator$1.doFrame(long) from WindowAnimator.java:121 waiters=1 for 343ms
12-09 08:06:27.282 W/audio_hw_generic( 1308): Hardware backing HAL too slow, could only write 0 of 661 frames
12-09 08:06:27.285 D/gralloc_ranchu( 1219): gralloc_alloc: Creating ashmem region of size 3686400
12-09 08:06:27.349 I/art     (11178): Background sticky concurrent mark sweep GC freed 22806(1060KB) AllocSpace objects, 1(20KB) LOS objects, 29% free, 2MB/4MB, paused 33.011ms total 65.292ms
12-09 08:06:27.598 W/audio_hw_generic( 1308): Not supplying enough data to HAL, expected position 22995215 , only wrote 22994207
12-09 08:06:27.603 W/audio_hw_generic( 1308): Not supplying enough data to HAL, expected position 22994437 , only wrote 22994207
12-09 08:06:27.677 I/ActivityManager( 1592): Displayed com.evancharlton.mileage/.FillupInfoActivity: +2s50ms
12-09 08:06:27.678 W/art     ( 1592): Long monitor contention event with owner method=void com.android.server.wm.WindowAnimator$1.doFrame(long) from WindowAnimator.java:121 waiters=0 for 155ms
12-09 08:06:27.809 I/System.out(11178): URI: //gesture
12-09 08:06:27.809 I/System.out(11178): params: {json={"query_timeout":5.0,"gestures":[{"query_string":"android.widget.Button index:1","touches":[{"x":50,"y":50,"offset_x":0,"offset_y":0,"wait":0.0,"time":0.2,"release":true,"query_string":null}]}]}
12-09 08:06:27.809 I/System.out(11178): }
12-09 08:06:28.055 W/art     ( 1592): Long monitor contention event with owner method=void com.android.server.wm.WindowAnimator$1.doFrame(long) from WindowAnimator.java:121 waiters=0 for 173ms
12-09 08:06:28.136 W/audio_hw_generic( 1308): Not supplying enough data to HAL, expected position 23017695 , only wrote 23017342
12-09 08:06:28.136 W/audio_hw_generic( 1308): Not supplying enough data to HAL, expected position 23017349 , only wrote 23017342
12-09 08:06:28.323 D/gralloc_ranchu( 1219): gralloc_alloc: Creating ashmem region of size 3686400
12-09 08:06:28.406 W/audio_hw_generic( 1308): Not supplying enough data to HAL, expected position 23029248 , only wrote 23028579
12-09 08:06:28.603 I/ActivityManager( 1592): START u0 {cmp=com.evancharlton.mileage/.FillupInfoActivity (has extras)} from uid 10127 on display 0
12-09 08:06:28.688 D/AudioFlinger( 1308): mixer(0xf4300000) throttle end: throttle time(11)
12-09 08:06:28.710 W/audio_hw_generic( 1308): Hardware backing HAL too slow, could only write 0 of 661 frames
12-09 08:06:28.726 W/audio_hw_generic( 1308): Hardware backing HAL too slow, could only write 0 of 661 frames
12-09 08:06:28.745 W/audio_hw_generic( 1308): Hardware backing HAL too slow, could only write 0 of 661 frames
12-09 08:06:28.746 W/audio_hw_generic( 1308): Hardware backing HAL too slow, could only write 0 of 661 frames
12-09 08:06:28.764 W/audio_hw_generic( 1308): Hardware backing HAL too slow, could only write 0 of 661 frames
12-09 08:06:28.778 W/audio_hw_generic( 1308): Hardware backing HAL too slow, could only write 0 of 661 frames
12-09 08:06:28.798 W/audio_hw_generic( 1308): Hardware backing HAL too slow, could only write 0 of 661 frames
12-09 08:06:28.912 W/audio_hw_generic( 1308): Hardware backing HAL too slow, could only write 0 of 661 frames
12-09 08:06:28.932 W/audio_hw_generic( 1308): Hardware backing HAL too slow, could only write 0 of 661 frames
12-09 08:06:28.939 W/audio_hw_generic( 1308): Hardware backing HAL too slow, could only write 0 of 661 frames
12-09 08:06:28.949 W/audio_hw_generic( 1308): Hardware backing HAL too slow, could only write 0 of 661 frames
12-09 08:06:28.966 W/audio_hw_generic( 1308): Hardware backing HAL too slow, could only write 0 of 661 frames
12-09 08:06:28.994 W/audio_hw_generic( 1308): Hardware backing HAL too slow, could only write 0 of 661 frames
12-09 08:06:29.015 W/audio_hw_generic( 1308): Hardware backing HAL too slow, could only write 0 of 661 frames
12-09 08:06:29.015 I/calabash(11178): newActivity1
12-09 08:06:29.028 W/audio_hw_generic( 1308): Hardware backing HAL too slow, could only write 0 of 661 frames
12-09 08:06:29.062 W/audio_hw_generic( 1308): Hardware backing HAL too slow, could only write 0 of 661 frames
12-09 08:06:29.062 W/audio_hw_generic( 1308): Not supplying enough data to HAL, expected position 23046481 , only wrote 23046426
12-09 08:06:29.062 W/audio_hw_generic( 1308): Not supplying enough data to HAL, expected position 23046432 , only wrote 23046426
12-09 08:06:29.084 W/audio_hw_generic( 1308): Not supplying enough data to HAL, expected position 23047386 , only wrote 23047087
12-09 08:06:29.114 W/audio_hw_generic( 1308): Hardware backing HAL too slow, could only write 0 of 661 frames
12-09 08:06:29.227 V/PhoneStatusBar( 1699): setLightsOn(true)
12-09 08:06:29.303 D/gralloc_ranchu( 1219): gralloc_alloc: Creating ashmem region of size 3686400
12-09 08:06:29.497 E/SurfaceFlinger( 1219): ro.sf.lcd_density must be defined as a build property
12-09 08:06:29.544 D/gralloc_ranchu( 1219): gralloc_alloc: Creating ashmem region of size 3686400
12-09 08:06:29.552 D/        (11280): HostConnection::get() New Host Connection established 0x7f3f80652480, tid 11280
12-09 08:06:29.571 E/EGL_emulation( 1219): tid 1219: eglCreateSyncKHR(1881): error 0x3004 (EGL_BAD_ATTRIBUTE)
12-09 08:06:29.654 W/audio_hw_generic( 1308): Not supplying enough data to HAL, expected position 23072243 , only wrote 23072205
12-09 08:06:29.782 W/audio_hw_generic( 1308): Hardware backing HAL too slow, could only write 0 of 661 frames
12-09 08:06:29.799 W/audio_hw_generic( 1308): Hardware backing HAL too slow, could only write 0 of 661 frames
12-09 08:06:29.805 I/ActivityManager( 1592): Displayed com.evancharlton.mileage/.FillupInfoActivity: +1s30ms
12-09 08:06:29.807 W/audio_hw_generic( 1308): Hardware backing HAL too slow, could only write 0 of 661 frames
12-09 08:06:29.838 W/audio_hw_generic( 1308): Hardware backing HAL too slow, could only write 0 of 661 frames
12-09 08:06:29.850 W/audio_hw_generic( 1308): Hardware backing HAL too slow, could only write 0 of 661 frames
12-09 08:06:29.867 W/audio_hw_generic( 1308): Hardware backing HAL too slow, could only write 0 of 661 frames
12-09 08:06:30.021 W/audio_hw_generic( 1308): Hardware backing HAL too slow, could only write 0 of 661 frames
12-09 08:06:30.041 W/audio_hw_generic( 1308): Hardware backing HAL too slow, could only write 0 of 661 frames
12-09 08:06:30.065 W/audio_hw_generic( 1308): Hardware backing HAL too slow, could only write 0 of 661 frames
12-09 08:06:30.066 W/audio_hw_generic( 1308): Hardware backing HAL too slow, could only write 0 of 661 frames
12-09 08:06:30.099 W/audio_hw_generic( 1308): Hardware backing HAL too slow, could only write 0 of 661 frames
12-09 08:06:30.107 W/art     ( 1592): Long monitor contention event with owner method=void com.android.server.wm.WindowManagerService$H.handleMessage(android.os.Message) from WindowManagerService.java:7820 waiters=1 for 150ms
12-09 08:06:30.118 W/audio_hw_generic( 1308): Hardware backing HAL too slow, could only write 0 of 661 frames
12-09 08:06:30.129 W/audio_hw_generic( 1308): Hardware backing HAL too slow, could only write 0 of 661 frames
12-09 08:06:30.154 W/audio_hw_generic( 1308): Hardware backing HAL too slow, could only write 0 of 661 frames
12-09 08:06:30.239 W/art     ( 1592): Long monitor contention event with owner method=void com.android.server.wm.WindowAnimator$1.doFrame(long) from WindowAnimator.java:121 waiters=1 for 269ms
12-09 08:06:30.240 W/art     ( 1592): Long monitor contention event with owner method=java.util.List com.android.server.am.ActivityManagerService.getAllStackInfos() from ActivityManagerService.java:8937 waiters=0 for 132ms
12-09 08:06:30.253 I/Choreographer(11178): Skipped 34 frames!  The application may be doing too much work on its main thread.
12-09 08:06:30.254 D/gralloc_ranchu( 1219): gralloc_alloc: Creating ashmem region of size 3686400
12-09 08:06:30.422 W/audio_hw_generic( 1308): Not supplying enough data to HAL, expected position 23106069 , only wrote 23105916
12-09 08:06:30.422 W/audio_hw_generic( 1308): Not supplying enough data to HAL, expected position 23105923 , only wrote 23105916
12-09 08:06:30.526 W/audio_hw_generic( 1308): Hardware backing HAL too slow, could only write 0 of 661 frames
12-09 08:06:30.542 W/audio_hw_generic( 1308): Hardware backing HAL too slow, could only write 0 of 661 frames
12-09 08:06:30.571 W/audio_hw_generic( 1308): Hardware backing HAL too slow, could only write 0 of 661 frames
12-09 08:06:30.587 W/audio_hw_generic( 1308): Hardware backing HAL too slow, could only write 0 of 661 frames
12-09 08:06:30.606 W/audio_hw_generic( 1308): Hardware backing HAL too slow, could only write 0 of 661 frames
12-09 08:06:30.608 I/System.out(11178): URI: //map
12-09 08:06:30.608 I/System.out(11178): params: {json={"query":"android.widget.Button index:0","operation":{"method_name":"query","arguments":[]}}
12-09 08:06:30.608 I/System.out(11178): }
12-09 08:06:30.618 W/audio_hw_generic( 1308): Hardware backing HAL too slow, could only write 0 of 661 frames
12-09 08:06:30.631 W/audio_hw_generic( 1308): Hardware backing HAL too slow, could only write 0 of 661 frames
12-09 08:06:30.657 W/audio_hw_generic( 1308): Hardware backing HAL too slow, could only write 0 of 661 frames
12-09 08:06:30.660 I/art     (11178): WaitForGcToComplete blocked for 14.618ms for cause Background
12-09 08:06:30.694 D/hwcomposer( 1219): hw_composer sent 657 syncs in 60s
12-09 08:06:30.810 W/audio_hw_generic( 1308): Not supplying enough data to HAL, expected position 23123007 , only wrote 23120458
12-09 08:06:30.810 W/audio_hw_generic( 1308): Not supplying enough data to HAL, expected position 23120465 , only wrote 23120458
12-09 08:06:30.830 W/audio_hw_generic( 1308): Not supplying enough data to HAL, expected position 23121348 , only wrote 23121119
12-09 08:06:30.880 D/gralloc_ranchu( 1219): gralloc_alloc: Creating ashmem region of size 3686400
12-09 08:06:31.041 W/audio_hw_generic( 1308): Hardware backing HAL too slow, could only write 0 of 661 frames
12-09 08:06:31.074 W/audio_hw_generic( 1308): Hardware backing HAL too slow, could only write 0 of 661 frames
12-09 08:06:31.086 W/audio_hw_generic( 1308): Hardware backing HAL too slow, could only write 0 of 661 frames
12-09 08:06:31.101 W/audio_hw_generic( 1308): Hardware backing HAL too slow, could only write 0 of 661 frames
12-09 08:06:31.165 W/audio_hw_generic( 1308): Hardware backing HAL too slow, could only write 0 of 661 frames
12-09 08:06:31.165 W/audio_hw_generic( 1308): Not supplying enough data to HAL, expected position 23135879 , only wrote 23135661
12-09 08:06:31.165 W/audio_hw_generic( 1308): Not supplying enough data to HAL, expected position 23135667 , only wrote 23135661
12-09 08:06:31.165 W/audio_hw_generic( 1308): Hardware backing HAL too slow, could only write 0 of 661 frames
12-09 08:06:31.182 W/audio_hw_generic( 1308): Not supplying enough data to HAL, expected position 23136388 , only wrote 23136322
12-09 08:06:31.182 W/audio_hw_generic( 1308): Hardware backing HAL too slow, could only write 0 of 661 frames
12-09 08:06:31.198 W/audio_hw_generic( 1308): Hardware backing HAL too slow, could only write 0 of 661 frames
12-09 08:06:31.214 W/audio_hw_generic( 1308): Hardware backing HAL too slow, could only write 0 of 661 frames
12-09 08:06:31.228 W/audio_hw_generic( 1308): Hardware backing HAL too slow, could only write 0 of 661 frames
12-09 08:06:31.254 W/audio_hw_generic( 1308): Hardware backing HAL too slow, could only write 0 of 661 frames
12-09 08:06:31.294 W/audio_hw_generic( 1308): Not supplying enough data to HAL, expected position 23141273 , only wrote 23140949
12-09 08:06:31.294 W/audio_hw_generic( 1308): Not supplying enough data to HAL, expected position 23140961 , only wrote 23140949
12-09 08:06:31.318 W/audio_hw_generic( 1308): Not supplying enough data to HAL, expected position 23141991 , only wrote 23141610
12-09 08:06:31.332 I/System.out(11178): URI: //gesture
12-09 08:06:31.332 I/System.out(11178): params: {json={"query_timeout":5.0,"gestures":[{"query_string":"android.widget.Button index:0","touches":[{"x":50,"y":50,"offset_x":0,"offset_y":0,"wait":0.0,"time":0.2,"release":true,"query_string":null}]}]}
12-09 08:06:31.332 I/System.out(11178): }
12-09 08:06:31.333 W/audio_hw_generic( 1308): Hardware backing HAL too slow, could only write 0 of 661 frames
12-09 08:06:31.342 I/art     (11178): Background sticky concurrent mark sweep GC freed 32681(1514KB) AllocSpace objects, 1(20KB) LOS objects, 17% free, 3MB/4MB, paused 1.221ms total 173.311ms
12-09 08:06:31.354 W/audio_hw_generic( 1308): Hardware backing HAL too slow, could only write 0 of 661 frames
12-09 08:06:31.366 W/audio_hw_generic( 1308): Hardware backing HAL too slow, could only write 0 of 661 frames
12-09 08:06:31.387 W/audio_hw_generic( 1308): Hardware backing HAL too slow, could only write 0 of 661 frames
12-09 08:06:31.394 W/audio_hw_generic( 1308): Hardware backing HAL too slow, could only write 0 of 661 frames
12-09 08:06:31.502 W/audio_hw_generic( 1308): Not supplying enough data to HAL, expected position 23149716 , only wrote 23149542
12-09 08:06:31.645 W/audio_hw_generic( 1308): Not supplying enough data to HAL, expected position 23155844 , only wrote 23155491
12-09 08:06:31.645 W/audio_hw_generic( 1308): Not supplying enough data to HAL, expected position 23155498 , only wrote 23155491
12-09 08:06:31.670 W/audio_hw_generic( 1308): Not supplying enough data to HAL, expected position 23156609 , only wrote 23156152
12-09 08:06:31.685 I/ActivityManager( 1592): START u0 {cmp=com.evancharlton.mileage/.FillupInfoActivity (has extras)} from uid 10127 on display 0
12-09 08:06:31.718 W/art     (11178): Suspending all threads took: 16.489ms
12-09 08:06:31.820 W/audio_hw_generic( 1308): Not supplying enough data to HAL, expected position 23169382 , only wrote 23162762
12-09 08:06:31.841 I/art     (11178): Background sticky concurrent mark sweep GC freed 18881(763KB) AllocSpace objects, 1(20KB) LOS objects, 0% free, 4MB/4MB, paused 17.702ms total 121.919ms
12-09 08:06:31.897 D/AudioFlinger( 1308): mixer(0xf4300000) throttle end: throttle time(22)
12-09 08:06:31.919 I/calabash(11178): newActivity1
12-09 08:06:32.023 I/art     (11178): Background partial concurrent mark sweep GC freed 28484(1713KB) AllocSpace objects, 7(140KB) LOS objects, 40% free, 2MB/4MB, paused 11.359ms total 166.167ms
12-09 08:06:32.226 V/PhoneStatusBar( 1699): setLightsOn(true)
12-09 08:06:32.246 W/audio_hw_generic( 1308): Not supplying enough data to HAL, expected position 23180754 , only wrote 23180609
12-09 08:06:32.264 D/gralloc_ranchu( 1219): gralloc_alloc: Creating ashmem region of size 3686400
12-09 08:06:32.390 W/audio_hw_generic( 1308): Not supplying enough data to HAL, expected position 23186924 , only wrote 23186558
12-09 08:06:32.390 W/audio_hw_generic( 1308): Not supplying enough data to HAL, expected position 23186565 , only wrote 23186558
12-09 08:06:32.410 W/audio_hw_generic( 1308): Not supplying enough data to HAL, expected position 23187448 , only wrote 23187219
12-09 08:06:32.524 E/SurfaceFlinger( 1219): ro.sf.lcd_density must be defined as a build property
12-09 08:06:32.572 D/gralloc_ranchu( 1219): gralloc_alloc: Creating ashmem region of size 3686400
12-09 08:06:32.659 W/audio_hw_generic( 1308): Hardware backing HAL too slow, could only write 0 of 661 frames
12-09 08:06:32.661 D/        (11286): HostConnection::get() New Host Connection established 0x7ff3bd3d2480, tid 11286
12-09 08:06:32.685 E/EGL_emulation( 1219): tid 1219: eglCreateSyncKHR(1881): error 0x3004 (EGL_BAD_ATTRIBUTE)
12-09 08:06:32.690 W/audio_hw_generic( 1308): Hardware backing HAL too slow, could only write 0 of 661 frames
12-09 08:06:32.719 W/art     ( 1592): Long monitor contention event with owner method=void com.android.server.wm.WindowAnimator$1.doFrame(long) from WindowAnimator.java:121 waiters=0 for 284ms
12-09 08:06:32.745 I/ActivityManager( 1592): Displayed com.evancharlton.mileage/.FillupInfoActivity: +876ms
12-09 08:06:32.760 D/gralloc_ranchu( 1219): gralloc_alloc: Creating ashmem region of size 3686400
12-09 08:06:32.863 W/audio_hw_generic( 1308): Not supplying enough data to HAL, expected position 23207204 , only wrote 23206388
12-09 08:06:32.863 W/audio_hw_generic( 1308): Not supplying enough data to HAL, expected position 23206395 , only wrote 23206388
12-09 08:06:32.889 W/audio_hw_generic( 1308): Not supplying enough data to HAL, expected position 23207505 , only wrote 23207049
12-09 08:06:32.921 W/audio_hw_generic( 1308): Not supplying enough data to HAL, expected position 23208493 , only wrote 23208371
12-09 08:06:33.290 W/audio_hw_generic( 1308): Not supplying enough data to HAL, expected position 23224645 , only wrote 23224235
12-09 08:06:33.874 W/audio_hw_generic( 1308): Not supplying enough data to HAL, expected position 23249978 , only wrote 23249353
12-09 08:06:33.874 W/audio_hw_generic( 1308): Not supplying enough data to HAL, expected position 23249360 , only wrote 23249353
12-09 08:06:33.900 W/audio_hw_generic( 1308): Not supplying enough data to HAL, expected position 23250501 , only wrote 23250014
12-09 08:06:33.901 W/audio_hw_generic( 1308): Hardware backing HAL too slow, could only write 0 of 661 frames
12-09 08:06:33.903 D/gralloc_ranchu( 1219): gralloc_alloc: Creating ashmem region of size 3686400
12-09 08:06:33.934 W/audio_hw_generic( 1308): Hardware backing HAL too slow, could only write 0 of 661 frames
12-09 08:06:33.948 W/audio_hw_generic( 1308): Hardware backing HAL too slow, could only write 0 of 661 frames
12-09 08:06:33.967 W/audio_hw_generic( 1308): Hardware backing HAL too slow, could only write 0 of 661 frames
12-09 08:06:34.023 W/audio_hw_generic( 1308): Not supplying enough data to HAL, expected position 23255400 , only wrote 23255302
12-09 08:06:34.206 W/audio_hw_generic( 1308): Not supplying enough data to HAL, expected position 23263405 , only wrote 23263234
