--------- beginning of main
12-09 08:28:48.097 W/art     ( 1592): Long monitor contention event with owner method=void com.android.server.wm.WindowAnimator$1.doFrame(long) from WindowAnimator.java:121 waiters=1 for 216ms
12-09 08:28:48.415 W/art     ( 1592): Long monitor contention event with owner method=void com.android.server.wm.WindowAnimator$1.doFrame(long) from WindowAnimator.java:121 waiters=2 for 248ms
12-09 08:28:48.552 W/art     ( 1592): Long monitor contention event with owner method=void com.android.server.wm.WindowAnimator$1.doFrame(long) from WindowAnimator.java:121 waiters=2 for 289ms
12-09 08:28:48.738 W/art     ( 1592): Long monitor contention event with owner method=void com.android.server.wm.WindowAnimator$1.doFrame(long) from WindowAnimator.java:121 waiters=2 for 323ms
12-09 08:28:48.917 W/art     ( 1592): Long monitor contention event with owner method=void com.android.server.wm.WindowAnimator$1.doFrame(long) from WindowAnimator.java:121 waiters=2 for 178ms
12-09 08:28:48.982 W/art     ( 1592): Long monitor contention event with owner method=void com.android.server.wm.WindowAnimator$1.doFrame(long) from WindowAnimator.java:121 waiters=2 for 199ms
12-09 08:28:49.055 W/art     ( 1592): Long monitor contention event with owner method=void com.android.server.wm.WindowAnimator$1.doFrame(long) from WindowAnimator.java:121 waiters=2 for 181ms
12-09 08:28:49.178 W/art     ( 1592): Long monitor contention event with owner method=void com.android.server.wm.WindowAnimator$1.doFrame(long) from WindowAnimator.java:121 waiters=2 for 196ms
12-09 08:28:49.436 W/art     ( 1592): Long monitor contention event with owner method=void com.android.server.wm.WindowAnimator$1.doFrame(long) from WindowAnimator.java:121 waiters=2 for 257ms
12-09 08:28:49.514 W/art     ( 1592): Long monitor contention event with owner method=void com.android.server.wm.WindowAnimator$1.doFrame(long) from WindowAnimator.java:121 waiters=2 for 276ms
12-09 08:28:49.516 W/art     ( 1592): Long monitor contention event with owner method=java.util.List com.android.server.am.ActivityManagerService.getAllStackInfos() from ActivityManagerService.java:8937 waiters=0 for 2.926s
12-09 08:28:49.516 W/art     ( 1592): Long monitor contention event with owner method=java.util.List com.android.server.am.ActivityManagerService.getAllStackInfos() from ActivityManagerService.java:8937 waiters=1 for 1.714s
12-09 08:28:49.527 W/art     ( 1592): Long monitor contention event with owner method=java.util.List com.android.server.am.ActivityManagerService.getAllStackInfos() from ActivityManagerService.java:8937 waiters=2 for 1.539s
12-09 08:28:49.536 D/gralloc_ranchu( 1226): gralloc_alloc: Creating ashmem region of size 3686400
12-09 08:28:49.784 W/art     ( 1592): Long monitor contention event with owner method=java.util.List com.android.server.am.ActivityManagerService.getAllStackInfos() from ActivityManagerService.java:8937 waiters=3 for 962ms
--------- beginning of system
12-09 08:28:49.807 W/ActivityManager( 1592): Duplicate finish request for ActivityRecord{2424a47 u0 com.evancharlton.mileage/.Mileage t460 f}
12-09 08:28:49.808 W/ActivityManager( 1592): Duplicate finish request for ActivityRecord{2424a47 u0 com.evancharlton.mileage/.Mileage t460 f}
12-09 08:28:49.808 W/ActivityManager( 1592): Duplicate finish request for ActivityRecord{2424a47 u0 com.evancharlton.mileage/.Mileage t460 f}
12-09 08:28:49.808 W/ActivityManager( 1592): Duplicate finish request for ActivityRecord{2424a47 u0 com.evancharlton.mileage/.Mileage t460 f}
12-09 08:28:49.808 W/ActivityManager( 1592): Duplicate finish request for ActivityRecord{2424a47 u0 com.evancharlton.mileage/.Mileage t460 f}
12-09 08:28:49.809 W/ActivityManager( 1592): Duplicate finish request for ActivityRecord{2424a47 u0 com.evancharlton.mileage/.Mileage t460 f}
12-09 08:28:49.809 W/ActivityManager( 1592): Duplicate finish request for ActivityRecord{2424a47 u0 com.evancharlton.mileage/.Mileage t460 f}
12-09 08:28:49.809 W/ActivityManager( 1592): Duplicate finish request for ActivityRecord{2424a47 u0 com.evancharlton.mileage/.Mileage t460 f}
12-09 08:28:49.809 W/ActivityManager( 1592): Duplicate finish request for ActivityRecord{2424a47 u0 com.evancharlton.mileage/.Mileage t460 f}
12-09 08:28:49.809 W/ActivityManager( 1592): Duplicate finish request for ActivityRecord{2424a47 u0 com.evancharlton.mileage/.Mileage t460 f}
12-09 08:28:49.809 W/ActivityManager( 1592): Duplicate finish request for ActivityRecord{2424a47 u0 com.evancharlton.mileage/.Mileage t460 f}
12-09 08:28:50.034 D/gralloc_ranchu( 1226): gralloc_alloc: Creating ashmem region of size 708608
12-09 08:28:50.097 E/EGL_emulation( 1226): tid 1226: eglCreateSyncKHR(1881): error 0x3004 (EGL_BAD_ATTRIBUTE)
12-09 08:28:50.114 D/AndroidRuntime(17244): >>>>>> START com.android.internal.os.RuntimeInit uid 0 <<<<<<
12-09 08:28:50.115 D/AndroidRuntime(17244): CheckJNI is ON
12-09 08:28:50.144 D/ICU     (17244): No timezone override file found: /data/misc/zoneinfo/current/icu/icu_tzdata.dat
12-09 08:28:50.147 W/art     ( 1592): Long monitor contention event with owner method=boolean com.android.server.am.ActivityManagerService.finishActivity(android.os.IBinder, int, android.content.Intent, boolean) from ActivityManagerService.java:4245 waiters=0 for 337ms
12-09 08:28:50.148 W/art     ( 1592): Long monitor contention event with owner method=boolean com.android.server.am.ActivityManagerService.finishActivity(android.os.IBinder, int, android.content.Intent, boolean) from ActivityManagerService.java:4245 waiters=1 for 338ms
12-09 08:28:50.176 W/ActivityManager( 1592): Finishing task with all activities already finished
12-09 08:28:50.176 W/ActivityManager( 1592): Duplicate finish request for ActivityRecord{973a8df u0 com.evancharlton.mileage/.charts.AverageFuelEconomyChart t460 f}
12-09 08:28:50.222 E/memtrack(17244): Couldn't load memtrack module (No such file or directory)
12-09 08:28:50.222 E/android.os.Debug(17244): failed to load memtrack module: -2
12-09 08:28:50.243 I/Radio-JNI(17244): register_android_hardware_Radio DONE
12-09 08:28:50.248 I/art     ( 1592): Background partial concurrent mark sweep GC freed 26395(1906KB) AllocSpace objects, 17(340KB) LOS objects, 29% free, 9MB/13MB, paused 5.651ms total 130.669ms
12-09 08:28:50.294 D/AndroidRuntime(17244): Calling main entry com.android.commands.am.Am
12-09 08:28:50.303 I/ActivityManager( 1592): Force stopping com.evancharlton.mileage appid=10137 user=0: start instr
12-09 08:28:50.303 I/ActivityManager( 1592): Killing 17089:com.evancharlton.mileage/u0a137 (adj 0): stop com.evancharlton.mileage
12-09 08:28:50.321 W/InputDispatcher( 1592): channel 'ea62671 com.evancharlton.mileage/com.evancharlton.mileage.charts.AverageFuelEconomyChart (server)' ~ Consumer closed input channel or an error occurred.  events=0x9
12-09 08:28:50.321 E/InputDispatcher( 1592): channel 'ea62671 com.evancharlton.mileage/com.evancharlton.mileage.charts.AverageFuelEconomyChart (server)' ~ Channel is unrecoverably broken and will be disposed!
12-09 08:28:50.321 W/InputDispatcher( 1592): channel '70725d1 com.evancharlton.mileage/com.evancharlton.mileage.Mileage (server)' ~ Consumer closed input channel or an error occurred.  events=0x9
12-09 08:28:50.322 E/InputDispatcher( 1592): channel '70725d1 com.evancharlton.mileage/com.evancharlton.mileage.Mileage (server)' ~ Channel is unrecoverably broken and will be disposed!
12-09 08:28:50.604 W/art     ( 1592): Long monitor contention event with owner method=void com.android.server.wm.WindowAnimator$1.doFrame(long) from WindowAnimator.java:121 waiters=4 for 217ms
12-09 08:28:50.607 W/art     ( 1592): Long monitor contention event with owner method=void com.android.server.wm.WindowAnimator$1.doFrame(long) from WindowAnimator.java:121 waiters=5 for 200ms
12-09 08:28:50.638 I/WindowState( 1592): WIN DEATH: Window{70725d1 u0 com.evancharlton.mileage/com.evancharlton.mileage.Mileage}
12-09 08:28:50.638 W/InputDispatcher( 1592): Attempted to unregister already unregistered input channel '70725d1 com.evancharlton.mileage/com.evancharlton.mileage.Mileage (server)'
12-09 08:28:50.641 W/art     ( 1592): Long monitor contention event with owner method=void com.android.server.wm.WindowManagerService$H.handleMessage(android.os.Message) from WindowManagerService.java:7820 waiters=4 for 254ms
12-09 08:28:50.641 W/art     ( 1592): Long monitor contention event with owner method=void com.android.server.wm.WindowAnimator$1.doFrame(long) from WindowAnimator.java:121 waiters=5 for 143ms
12-09 08:28:50.687 W/art     ( 1592): Long monitor contention event with owner method=void com.android.server.wm.WindowAnimator$1.doFrame(long) from WindowAnimator.java:121 waiters=5 for 148ms
12-09 08:28:50.688 W/WindowManager( 1592): Failed looking up window
12-09 08:28:50.688 W/WindowManager( 1592): java.lang.IllegalArgumentException: Requested window android.os.BinderProxy@ab1518a does not exist
12-09 08:28:50.688 W/WindowManager( 1592): 	at com.android.server.wm.WindowManagerService.windowForClientLocked(WindowManagerService.java:8733)
12-09 08:28:50.688 W/WindowManager( 1592): 	at com.android.server.wm.WindowManagerService.windowForClientLocked(WindowManagerService.java:8724)
12-09 08:28:50.688 W/WindowManager( 1592): 	at com.android.server.wm.WindowState$DeathRecipient.binderDied(WindowState.java:1209)
12-09 08:28:50.688 W/WindowManager( 1592): 	at android.os.BinderProxy.sendDeathNotice(Binder.java:558)
12-09 08:28:50.688 I/WindowState( 1592): WIN DEATH: null
12-09 08:28:50.688 W/WindowManager( 1592): Failed looking up window
12-09 08:28:50.688 W/WindowManager( 1592): java.lang.IllegalArgumentException: Requested window android.os.BinderProxy@4096cf8 does not exist
12-09 08:28:50.688 W/WindowManager( 1592): 	at com.android.server.wm.WindowManagerService.windowForClientLocked(WindowManagerService.java:8733)
12-09 08:28:50.688 W/WindowManager( 1592): 	at com.android.server.wm.WindowManagerService.windowForClientLocked(WindowManagerService.java:8724)
12-09 08:28:50.688 W/WindowManager( 1592): 	at com.android.server.wm.WindowManagerService.removeWindow(WindowManagerService.java:2697)
12-09 08:28:50.688 W/WindowManager( 1592): 	at com.android.server.wm.Session.remove(Session.java:187)
12-09 08:28:50.688 W/WindowManager( 1592): 	at android.view.IWindowSession$Stub.onTransact(IWindowSession.java:242)
12-09 08:28:50.688 W/WindowManager( 1592): 	at com.android.server.wm.Session.onTransact(Session.java:130)
12-09 08:28:50.688 W/WindowManager( 1592): 	at android.os.Binder.execTransact(Binder.java:453)
12-09 08:28:50.688 I/WindowState( 1592): WIN DEATH: Window{ea62671 u0 com.evancharlton.mileage/com.evancharlton.mileage.charts.AverageFuelEconomyChart}
12-09 08:28:50.688 W/InputDispatcher( 1592): Attempted to unregister already unregistered input channel 'ea62671 com.evancharlton.mileage/com.evancharlton.mileage.charts.AverageFuelEconomyChart (server)'
12-09 08:28:50.689 W/ActivityManager( 1592): Crash of app com.evancharlton.mileage running instrumentation ComponentInfo{com.evancharlton.mileage.test/sh.calaba.instrumentationbackend.CalabashInstrumentationTestRunner}
12-09 08:28:50.689 I/ActivityManager( 1592): Force stopping com.evancharlton.mileage appid=10137 user=0: finished inst
12-09 08:28:50.764 I/ActivityManager( 1592): Start proc 17253:com.evancharlton.mileage/u0a137 for added application com.evancharlton.mileage
12-09 08:28:50.785 W/art     ( 1592): Long monitor contention event with owner method=boolean com.android.server.am.ActivityManagerService.startInstrumentation(android.content.ComponentName, java.lang.String, int, android.os.Bundle, android.app.IInstrumentationWatcher, android.app.IUiAutomationConnection, int, java.lang.String) from ActivityManagerService.java:17066 waiters=0 for 476ms
12-09 08:28:50.787 D/AndroidRuntime(17244): Shutting down VM
12-09 08:28:50.794 W/art     ( 1592): Long monitor contention event with owner method=boolean com.android.server.am.ActivityManagerService.startInstrumentation(android.content.ComponentName, java.lang.String, int, android.os.Bundle, android.app.IInstrumentationWatcher, android.app.IUiAutomationConnection, int, java.lang.String) from ActivityManagerService.java:17066 waiters=1 for 411ms
12-09 08:28:50.794 W/ActivityManager( 1592): Spurious death for ProcessRecord{dc5d1eb 0:com.evancharlton.mileage/u0a137}, curProc for 17089: null
12-09 08:28:50.896 W/System  (17253): ClassLoader referenced unknown path: /data/app/com.evancharlton.mileage.test-1/lib/x86_64
12-09 08:28:50.896 W/System  (17253): ClassLoader referenced unknown path: /data/app/com.evancharlton.mileage-1/lib/x86_64
12-09 08:28:50.960 I/System.out(17253): Main activity name automatically set to: com.evancharlton.mileage.Mileage
12-09 08:28:50.960 I/System.out(17253): Calabash did not load Mono. This is only a problem if you are trying to test a Mono application
12-09 08:28:50.961 I/calabash(17253): Test server port: 7102
12-09 08:28:50.962 D/EGL_emulation( 1943): eglMakeCurrent: 0x7f7a1dbb48c0: ver 2 0 (tinfo 0x7f7a1db82e80)
12-09 08:28:51.075 I/InstrumentationBackend(17253): Added:'GetPreferences', with key:'get_preferences'
12-09 08:28:51.083 W/InputMethodManagerService( 1592): Got RemoteException sending setActive(false) notification to pid 17089 uid 10137
12-09 08:28:51.124 I/art     (17253): Background sticky concurrent mark sweep GC freed 8791(418KB) AllocSpace objects, 0(0B) LOS objects, 40% free, 774KB/1295KB, paused 1.213ms total 153.951ms
12-09 08:28:51.226 I/InstrumentationBackend(17253): Added:'SetPreferences', with key:'set_preferences'
12-09 08:28:51.226 I/InstrumentationBackend(17253): Added:'ClearPreferences', with key:'clear_preferences'
12-09 08:28:51.226 I/InstrumentationBackend(17253): Added:'PressElement', with key:'press_l10n_element'
12-09 08:28:51.226 I/InstrumentationBackend(17253): Added:'WaitForElement', with key:'wait_for_l10n_element'
12-09 08:28:51.227 I/InstrumentationBackend(17253): Added:'NullAction', with key:'nullAction'
12-09 08:28:51.227 I/InstrumentationBackend(17253): Added:'PressKey', with key:'press_key'
12-09 08:28:51.227 I/InstrumentationBackend(17253): Added:'SetActivityOrientation', with key:'set_activity_orientation'
12-09 08:28:51.227 I/InstrumentationBackend(17253): Added:'GetActivityOrientation', with key:'get_activity_orientation'
12-09 08:28:51.227 I/InstrumentationBackend(17253): Added:'FakeGPSLocation', with key:'set_gps_coordinates'
12-09 08:28:51.228 I/InstrumentationBackend(17253): Added:'SetPropertyByCssSelector', with key:'set_property_by_css_selector'
12-09 08:28:51.228 I/InstrumentationBackend(17253): Added:'GetUrl', with key:'get_url'
12-09 08:28:51.229 I/InstrumentationBackend(17253): Added:'ScrollTo', with key:'scroll_to'
12-09 08:28:51.239 I/InstrumentationBackend(17253): Added:'GetLoadProgress', with key:'get_load_progress'
12-09 08:28:51.239 I/InstrumentationBackend(17253): Added:'DumpHtml', with key:'dump_html'
12-09 08:28:51.239 I/InstrumentationBackend(17253): Added:'DumpBodyHtml', with key:'dump_body_html'
12-09 08:28:51.239 I/InstrumentationBackend(17253): Added:'EnterTextByCssSelector', with key:'enter_text_by_selector'
12-09 08:28:51.240 I/InstrumentationBackend(17253): Added:'AndroidSDKVersion', with key:'android_sdk_version'
12-09 08:28:51.241 I/InstrumentationBackend(17253): Added:'Version', with key:'version'
12-09 08:28:51.249 I/InstrumentationBackend(17253): Added:'Drag', with key:'drag'
12-09 08:28:51.255 I/InstrumentationBackend(17253): Added:'TouchCoordinates', with key:'touch_coordinate'
12-09 08:28:51.255 I/InstrumentationBackend(17253): Added:'LongPressCoordinate', with key:'long_press_coordinate'
12-09 08:28:51.255 I/InstrumentationBackend(17253): Added:'DragCoordinates', with key:'drag_coordinates'
12-09 08:28:51.255 I/InstrumentationBackend(17253): Added:'ResumeApplication', with key:'resume_application'
12-09 08:28:51.255 I/InstrumentationBackend(17253): Added:'Swipe', with key:'swipe'
12-09 08:28:51.256 I/InstrumentationBackend(17253): Added:'DoubleTapCoordinate', with key:'double_tap_coordinate'
12-09 08:28:51.256 I/InstrumentationBackend(17253): Added:'ClickOnScreen', with key:'click_on_screen'
12-09 08:28:51.256 I/InstrumentationBackend(17253): Added:'GetActivityName', with key:'get_activity_name'
12-09 08:28:51.256 I/InstrumentationBackend(17253): Added:'ScrollToView', with key:'scroll_to_view'
12-09 08:28:51.257 I/InstrumentationBackend(17253): Added:'ViewConfiguration', with key:'view_configuration'
12-09 08:28:51.263 I/InstrumentationBackend(17253): Added:'IsCurrentActivityFocused', with key:'is_current_activity_focused'
12-09 08:28:51.263 I/InstrumentationBackend(17253): Added:'SendTcp', with key:'send_tcp'
12-09 08:28:51.263 I/InstrumentationBackend(17253): Added:'DpToDevicePixel', with key:'dp_to_device_pixel'
12-09 08:28:51.269 I/InstrumentationBackend(17253): Added:'KeyboardEnterText', with key:'keyboard_enter_text'
12-09 08:28:51.269 I/InstrumentationBackend(17253): Added:'DeleteSurroundingText', with key:'delete_surrounding_text'
12-09 08:28:51.293 I/InstrumentationBackend(17253): Added:'SetComposingRegion', with key:'set_composing_region'
12-09 08:28:51.294 I/InstrumentationBackend(17253): Added:'SetSelection', with key:'set_selection'
12-09 08:28:51.294 I/InstrumentationBackend(17253): Added:'KeyboardKeyEvent', with key:'keyboard_key_event'
12-09 08:28:51.294 I/InstrumentationBackend(17253): Added:'PressUserActionButton', with key:'press_user_action_button'
12-09 08:28:51.294 I/InstrumentationBackend(17253): Added:'HideSoftKeyboard', with key:'hide_soft_keyboard'
12-09 08:28:51.295 I/InstrumentationBackend(17253): Added:'ListActions', with key:'list_actions'
12-09 08:28:51.295 I/calabash(17253): Instantiating http server at 7102
12-09 08:28:51.305 I/System.out(17253): HTTP Daemon listening on: 7102
12-09 08:28:51.594 I/art     (17253): Background partial concurrent mark sweep GC freed 1625(205KB) AllocSpace objects, 1(20KB) LOS objects, 50% free, 1003KB/2027KB, paused 50.140ms total 329.549ms
12-09 08:28:51.595 I/System.out(17253): URI: //ping
12-09 08:28:51.596 I/System.out(17253): params: {json={}
12-09 08:28:51.596 I/System.out(17253): }
12-09 08:28:51.662 I/System.out(17253): URI: //ping
12-09 08:28:51.662 I/System.out(17253): params: {json={}
12-09 08:28:51.662 I/System.out(17253): }
12-09 08:28:51.751 I/System.out(17253): URI: //ready
12-09 08:28:51.751 I/System.out(17253): params: {json={}
12-09 08:28:51.751 I/System.out(17253): }
12-09 08:28:51.836 I/System.out(17253): URI: //
12-09 08:28:51.836 I/System.out(17253): params: {json={"command":"version","arguments":[]}
12-09 08:28:51.836 I/System.out(17253): }
12-09 08:28:51.836 I/System.out(17253): header: {date=Sun, 09 Dec 2018 08:28:52 GMT, accept=*/*, content-length=36, host=127.0.0.1:34777, user-agent=HTTPClient/1.0 (2.8.3, ruby 2.3.1 (2016-04-26)), content-type=application/json;charset=utf-8}
12-09 08:28:51.836 I/System.out(17253): params: {json={"command":"version","arguments":[]}
12-09 08:28:51.836 I/System.out(17253): }
12-09 08:28:51.836 I/System.out(17253): ProP json = {"command":"version","arguments":[]}
12-09 08:28:51.836 I/System.out(17253): files: {}
12-09 08:28:51.836 I/System.out(17253): command: {"command":"version","arguments":[]}
12-09 08:28:51.862 I/InstrumentationBackend(17253): Got command:'Command:'Line:null,version', arguments:'[]'
12-09 08:28:51.928 I/System.out(17253): result:{"bonusInformation":[],"message":"0.9.8","success":true}
12-09 08:28:52.009 I/art     (17253): Background sticky concurrent mark sweep GC freed 14697(855KB) AllocSpace objects, 12(240KB) LOS objects, 40% free, 1200KB/2027KB, paused 1.081ms total 114.009ms
12-09 08:28:52.010 I/System.out(17253): URI: //start-application
12-09 08:28:52.011 I/System.out(17253): params: {json={"intent":null}
12-09 08:28:52.011 I/System.out(17253): }
12-09 08:28:52.048 W/art     ( 1592): Long monitor contention event with owner method=void com.android.server.wm.WindowAnimator$1.doFrame(long) from WindowAnimator.java:121 waiters=0 for 110ms
12-09 08:28:52.056 I/Choreographer( 1943): Skipped 55 frames!  The application may be doing too much work on its main thread.
12-09 08:28:52.095 W/OpenGLRenderer( 1943): Incorrectly called buildLayer on View: ShortcutAndWidgetContainer, destroying layer...
12-09 08:28:52.153 I/art     (17253): Background sticky concurrent mark sweep GC freed 17399(836KB) AllocSpace objects, 1(20KB) LOS objects, 33% free, 1346KB/2027KB, paused 24.157ms total 49.656ms
12-09 08:28:52.394 W/art     ( 1592): Long monitor contention event with owner method=void com.android.server.wm.WindowAnimator$1.doFrame(long) from WindowAnimator.java:121 waiters=1 for 191ms
12-09 08:28:52.709 W/WindowAnimator( 1592): Failed to dispatch window animation state change.
12-09 08:28:52.709 W/WindowAnimator( 1592): android.os.DeadObjectException
12-09 08:28:52.709 W/WindowAnimator( 1592): 	at android.os.BinderProxy.transactNative(Native Method)
12-09 08:28:52.709 W/WindowAnimator( 1592): 	at android.os.BinderProxy.transact(Binder.java:503)
12-09 08:28:52.709 W/WindowAnimator( 1592): 	at android.view.IWindow$Stub$Proxy.onAnimationStopped(IWindow.java:534)
12-09 08:28:52.709 W/WindowAnimator( 1592): 	at com.android.server.wm.WindowAnimator.updateWindowsLocked(WindowAnimator.java:286)
12-09 08:28:52.709 W/WindowAnimator( 1592): 	at com.android.server.wm.WindowAnimator.animateLocked(WindowAnimator.java:678)
12-09 08:28:52.709 W/WindowAnimator( 1592): 	at com.android.server.wm.WindowAnimator.-wrap0(WindowAnimator.java)
12-09 08:28:52.709 W/WindowAnimator( 1592): 	at com.android.server.wm.WindowAnimator$1.doFrame(WindowAnimator.java:123)
12-09 08:28:52.709 W/WindowAnimator( 1592): 	at android.view.Choreographer$CallbackRecord.run(Choreographer.java:856)
12-09 08:28:52.709 W/WindowAnimator( 1592): 	at android.view.Choreographer.doCallbacks(Choreographer.java:670)
12-09 08:28:52.709 W/WindowAnimator( 1592): 	at android.view.Choreographer.doFrame(Choreographer.java:603)
12-09 08:28:52.709 W/WindowAnimator( 1592): 	at android.view.Choreographer$FrameDisplayEventReceiver.run(Choreographer.java:844)
12-09 08:28:52.709 W/WindowAnimator( 1592): 	at android.os.Handler.handleCallback(Handler.java:739)
12-09 08:28:52.709 W/WindowAnimator( 1592): 	at android.os.Handler.dispatchMessage(Handler.java:95)
12-09 08:28:52.709 W/WindowAnimator( 1592): 	at android.os.Looper.loop(Looper.java:148)
12-09 08:28:52.709 W/WindowAnimator( 1592): 	at android.os.HandlerThread.run(HandlerThread.java:61)
12-09 08:28:52.709 W/WindowAnimator( 1592): 	at com.android.server.ServiceThread.run(ServiceThread.java:46)
12-09 08:28:52.988 W/art     ( 1592): Long monitor contention event with owner method=void com.android.server.wm.WindowAnimator$1.doFrame(long) from WindowAnimator.java:121 waiters=1 for 165ms
12-09 08:28:52.988 I/ActivityManager( 1592): START u0 {act=android.intent.action.MAIN cat=[android.intent.category.LAUNCHER] flg=0x10200000 cmp=com.evancharlton.mileage/.Mileage} from uid 10137 on display 0
12-09 08:28:53.106 W/art     ( 1592): Long monitor contention event with owner method=void com.android.server.wm.WindowManagerService.attachStack(int, int) from WindowManagerService.java:5157 waiters=0 for 112ms
12-09 08:28:53.163 I/calabash(17253): newActivity1
12-09 08:28:53.207 I/calabash(17253): newActivity1
12-09 08:28:53.241 W/ActivityManager( 1592): Bad activity token: android.os.BinderProxy@6b05cea
12-09 08:28:53.241 W/ActivityManager( 1592): java.lang.ClassCastException: android.os.BinderProxy cannot be cast to com.android.server.am.ActivityRecord$Token
12-09 08:28:53.241 W/ActivityManager( 1592): 	at com.android.server.am.ActivityRecord.forTokenLocked(ActivityRecord.java:424)
12-09 08:28:53.241 W/ActivityManager( 1592): 	at com.android.server.am.ActivityRecord.isInStackLocked(ActivityRecord.java:1121)
12-09 08:28:53.241 W/ActivityManager( 1592): 	at com.android.server.am.ActivityRecord.getStackLocked(ActivityRecord.java:1126)
12-09 08:28:53.241 W/ActivityManager( 1592): 	at com.android.server.am.ActivityManagerService.getActivityDisplayId(ActivityManagerService.java:8889)
12-09 08:28:53.241 W/ActivityManager( 1592): 	at android.app.ActivityManagerNative.onTransact(ActivityManagerNative.java:2338)
12-09 08:28:53.241 W/ActivityManager( 1592): 	at com.android.server.am.ActivityManagerService.onTransact(ActivityManagerService.java:2443)
12-09 08:28:53.241 W/ActivityManager( 1592): 	at android.os.Binder.execTransact(Binder.java:453)
12-09 08:28:53.302 W/ActivityManager( 1592): Bad activity token: android.os.BinderProxy@6b05cea
12-09 08:28:53.302 W/ActivityManager( 1592): java.lang.ClassCastException: android.os.BinderProxy cannot be cast to com.android.server.am.ActivityRecord$Token
12-09 08:28:53.302 W/ActivityManager( 1592): 	at com.android.server.am.ActivityRecord.forTokenLocked(ActivityRecord.java:424)
12-09 08:28:53.302 W/ActivityManager( 1592): 	at com.android.server.am.ActivityRecord.isInStackLocked(ActivityRecord.java:1121)
12-09 08:28:53.302 W/ActivityManager( 1592): 	at com.android.server.am.ActivityManagerService.setTaskDescription(ActivityManagerService.java:8547)
12-09 08:28:53.302 W/ActivityManager( 1592): 	at android.app.ActivityManagerNative.onTransact(ActivityManagerNative.java:2410)
12-09 08:28:53.302 W/ActivityManager( 1592): 	at com.android.server.am.ActivityManagerService.onTransact(ActivityManagerService.java:2443)
12-09 08:28:53.302 W/ActivityManager( 1592): 	at android.os.Binder.execTransact(Binder.java:453)
12-09 08:28:53.366 D/gralloc_ranchu( 1226): gralloc_alloc: Creating ashmem region of size 3686400
12-09 08:28:53.392 W/ActivityManager( 1592): Bad activity token: android.os.BinderProxy@6b05cea
12-09 08:28:53.392 W/ActivityManager( 1592): java.lang.ClassCastException: android.os.BinderProxy cannot be cast to com.android.server.am.ActivityRecord$Token
12-09 08:28:53.392 W/ActivityManager( 1592): 	at com.android.server.am.ActivityRecord.forTokenLocked(ActivityRecord.java:424)
12-09 08:28:53.392 W/ActivityManager( 1592): 	at com.android.server.am.ActivityRecord.isInStackLocked(ActivityRecord.java:1121)
12-09 08:28:53.392 W/ActivityManager( 1592): 	at com.android.server.am.ActivityManagerService.getActivityOptions(ActivityManagerService.java:11038)
12-09 08:28:53.392 W/ActivityManager( 1592): 	at android.app.ActivityManagerNative.onTransact(ActivityManagerNative.java:1734)
12-09 08:28:53.392 W/ActivityManager( 1592): 	at com.android.server.am.ActivityManagerService.onTransact(ActivityManagerService.java:2443)
12-09 08:28:53.392 W/ActivityManager( 1592): 	at android.os.Binder.execTransact(Binder.java:453)
12-09 08:28:53.393 W/ActivityManager( 1592): Bad activity token: android.os.BinderProxy@6b05cea
12-09 08:28:53.393 W/ActivityManager( 1592): java.lang.ClassCastException: android.os.BinderProxy cannot be cast to com.android.server.am.ActivityRecord$Token
12-09 08:28:53.393 W/ActivityManager( 1592): 	at com.android.server.am.ActivityRecord.forTokenLocked(ActivityRecord.java:424)
12-09 08:28:53.393 W/ActivityManager( 1592): 	at com.android.server.am.ActivityRecord.isInStackLocked(ActivityRecord.java:1121)
12-09 08:28:53.393 W/ActivityManager( 1592): 	at com.android.server.am.ActivityManagerService.getActivityOptions(ActivityManagerService.java:11038)
12-09 08:28:53.393 W/ActivityManager( 1592): 	at android.app.ActivityManagerNative.onTransact(ActivityManagerNative.java:1734)
12-09 08:28:53.393 W/ActivityManager( 1592): 	at com.android.server.am.ActivityManagerService.onTransact(ActivityManagerService.java:2443)
12-09 08:28:53.393 W/ActivityManager( 1592): 	at android.os.Binder.execTransact(Binder.java:453)
12-09 08:28:53.416 I/art     (17253): Background sticky concurrent mark sweep GC freed 1823(278KB) AllocSpace objects, 0(0B) LOS objects, 6% free, 1898KB/2027KB, paused 9.959ms total 60.850ms
12-09 08:28:53.469 W/art     (17253): Suspending all threads took: 8.615ms
12-09 08:28:53.556 I/art     (17253): Background sticky concurrent mark sweep GC freed 807(64KB) AllocSpace objects, 0(0B) LOS objects, 0% free, 2023KB/2027KB, paused 9.778ms total 118.151ms
12-09 08:28:53.594 V/PhoneStatusBar( 1687): setLightsOn(true)
12-09 08:28:53.646 D/EGL_emulation( 1943): eglMakeCurrent: 0x7f7a1dbb48c0: ver 2 0 (tinfo 0x7f7a1db82e80)
12-09 08:28:53.648 E/Surface ( 1943): getSlotFromBufferLocked: unknown buffer: 0x7f7a1a155700
12-09 08:28:53.654 I/art     (17253): Background partial concurrent mark sweep GC freed 1770(170KB) AllocSpace objects, 1(20KB) LOS objects, 39% free, 1848KB/3MB, paused 9.756ms total 96.126ms
12-09 08:28:53.869 D/gralloc_ranchu( 1226): gralloc_alloc: Creating ashmem region of size 3686400
12-09 08:28:53.971 D/        (17253): HostConnection::get() New Host Connection established 0x7f7a1bb0c2c0, tid 17253
12-09 08:28:54.575 W/art     ( 1592): Long monitor contention event with owner method=java.util.List com.android.server.am.ActivityManagerService.getAllStackInfos() from ActivityManagerService.java:8937 waiters=0 for 408ms
12-09 08:28:54.576 W/art     ( 1592): Long monitor contention event with owner method=java.util.List com.android.server.am.ActivityManagerService.getAllStackInfos() from ActivityManagerService.java:8937 waiters=2 for 292ms
12-09 08:28:54.576 W/art     ( 1592): Long monitor contention event with owner method=java.util.List com.android.server.am.ActivityManagerService.getAllStackInfos() from ActivityManagerService.java:8937 waiters=1 for 398ms
12-09 08:28:54.612 I/ActivityManager( 1592): Displayed com.evancharlton.mileage/.Mileage: +1s455ms
12-09 08:28:54.684 D/gralloc_ranchu( 1226): gralloc_alloc: Creating ashmem region of size 3686400
12-09 08:28:55.673 D/gralloc_ranchu( 1226): gralloc_alloc: Creating ashmem region of size 3686400
12-09 08:28:57.004 I/System.out(17253): URI: //map
12-09 08:28:57.004 I/System.out(17253): params: {json={"query":"android.widget.EditText id:'price'","operation":{"method_name":"query","arguments":[]}}
12-09 08:28:57.004 I/System.out(17253): }
12-09 08:28:57.153 I/art     (17253): Background sticky concurrent mark sweep GC freed 25342(1148KB) AllocSpace objects, 2(40KB) LOS objects, 31% free, 2MB/3MB, paused 1.303ms total 128.595ms
12-09 08:28:57.186 W/ResourceType(17253): No package identifier when getting name for resource number 0x00000001
12-09 08:28:57.341 I/System.out(17253): URI: //gesture
12-09 08:28:57.341 I/System.out(17253): params: {json={"query_timeout":5.0,"gestures":[{"query_string":"android.widget.EditText id:'price'","touches":[{"x":50,"y":50,"offset_x":0,"offset_y":0,"wait":0.0,"time":0.2,"release":true,"query_string":null}]}]}
12-09 08:28:57.341 I/System.out(17253): }
12-09 08:28:57.363 W/ResourceType(17253): No package identifier when getting name for resource number 0x00000001
12-09 08:28:57.366 I/art     (17253): Background sticky concurrent mark sweep GC freed 32835(1540KB) AllocSpace objects, 1(20KB) LOS objects, 2% free, 2MB/3MB, paused 1.130ms total 120.428ms
12-09 08:28:57.882 I/LatinIME( 1884): Starting input. Cursor position = 0,0
12-09 08:28:57.961 W/art     (17253): Suspending all threads took: 19.129ms
12-09 08:28:58.134 I/art     (17253): Background sticky concurrent mark sweep GC freed 29506(1408KB) AllocSpace objects, 1(20KB) LOS objects, 22% free, 2MB/3MB, paused 20.279ms total 235.601ms
12-09 08:28:58.326 D/EGL_emulation( 1884): eglMakeCurrent: 0x7f7a19abaf00: ver 2 0 (tinfo 0x7f7a19ab9520)
12-09 08:28:58.478 I/System.out(17253): URI: //
12-09 08:28:58.478 I/System.out(17253): params: {json={"command":"set_selection","arguments":[-1,-1]}
12-09 08:28:58.478 I/System.out(17253): }
12-09 08:28:58.478 I/System.out(17253): header: {date=Sun, 09 Dec 2018 08:28:59 GMT, accept=*/*, content-length=47, host=127.0.0.1:34777, user-agent=HTTPClient/1.0 (2.8.3, ruby 2.3.1 (2016-04-26)), content-type=application/json;charset=utf-8}
12-09 08:28:58.478 I/System.out(17253): params: {json={"command":"set_selection","arguments":[-1,-1]}
12-09 08:28:58.478 I/System.out(17253): }
12-09 08:28:58.478 I/System.out(17253): ProP json = {"command":"set_selection","arguments":[-1,-1]}
12-09 08:28:58.478 I/System.out(17253): files: {}
12-09 08:28:58.478 I/System.out(17253): command: {"command":"set_selection","arguments":[-1,-1]}
12-09 08:28:58.479 I/InstrumentationBackend(17253): Got command:'Command:'Line:null,set_selection', arguments:'[-1, -1]'
12-09 08:28:58.568 I/System.out(17253): result:{"bonusInformation":[],"message":"","success":true}
12-09 08:28:58.742 I/art     (17253): Background sticky concurrent mark sweep GC freed 14301(623KB) AllocSpace objects, 2(40KB) LOS objects, 20% free, 2MB/3MB, paused 20.093ms total 143.286ms
12-09 08:28:59.127 I/System.out(17253): URI: //
12-09 08:28:59.127 I/System.out(17253): params: {json={"command":"keyboard_enter_text","arguments":["98879898249712372391"]}
12-09 08:28:59.127 I/System.out(17253): }
12-09 08:28:59.127 I/System.out(17253): header: {date=Sun, 09 Dec 2018 08:29:00 GMT, accept=*/*, content-length=70, host=127.0.0.1:34777, user-agent=HTTPClient/1.0 (2.8.3, ruby 2.3.1 (2016-04-26)), content-type=application/json;charset=utf-8}
12-09 08:28:59.127 I/System.out(17253): params: {json={"command":"keyboard_enter_text","arguments":["98879898249712372391"]}
12-09 08:28:59.127 I/System.out(17253): }
12-09 08:28:59.127 I/System.out(17253): ProP json = {"command":"keyboard_enter_text","arguments":["98879898249712372391"]}
12-09 08:28:59.127 I/System.out(17253): files: {}
12-09 08:28:59.127 I/System.out(17253): command: {"command":"keyboard_enter_text","arguments":["98879898249712372391"]}
12-09 08:28:59.128 I/InstrumentationBackend(17253): Got command:'Command:'Line:null,keyboard_enter_text', arguments:'[98879898249712372391]'
12-09 08:28:59.142 E/SpannableStringBuilder(17253): SPAN_EXCLUSIVE_EXCLUSIVE spans cannot have a zero length
12-09 08:28:59.142 E/SpannableStringBuilder(17253): SPAN_EXCLUSIVE_EXCLUSIVE spans cannot have a zero length
12-09 08:28:59.228 E/SpannableStringBuilder(17253): SPAN_EXCLUSIVE_EXCLUSIVE spans cannot have a zero length
12-09 08:28:59.228 E/SpannableStringBuilder(17253): SPAN_EXCLUSIVE_EXCLUSIVE spans cannot have a zero length
12-09 08:28:59.264 I/System.out(17253): result:{"bonusInformation":[],"message":"","success":true}
12-09 08:28:59.885 E/SurfaceFlinger( 1226): ro.sf.lcd_density must be defined as a build property
12-09 08:28:59.907 D/gralloc_ranchu( 1226): gralloc_alloc: Creating ashmem region of size 3686400
12-09 08:28:59.929 D/        (17285): HostConnection::get() New Host Connection established 0x7f5187c12480, tid 17285
12-09 08:28:59.969 E/EGL_emulation( 1226): tid 1226: eglCreateSyncKHR(1881): error 0x3004 (EGL_BAD_ATTRIBUTE)
12-09 08:29:00.706 I/System.out(17253): URI: //map
12-09 08:29:00.706 I/System.out(17253): params: {json={"query":"android.widget.EditText id:'volume'","operation":{"method_name":"query","arguments":[]}}
12-09 08:29:00.706 I/System.out(17253): }
12-09 08:29:00.719 W/ResourceType(17253): No package identifier when getting name for resource number 0x00000001
12-09 08:29:00.862 I/System.out(17253): URI: //gesture
12-09 08:29:00.862 I/System.out(17253): params: {json={"query_timeout":5.0,"gestures":[{"query_string":"android.widget.EditText id:'volume'","touches":[{"x":50,"y":50,"offset_x":0,"offset_y":0,"wait":0.0,"time":0.2,"release":true,"query_string":null}]}]}
12-09 08:29:00.862 I/System.out(17253): }
12-09 08:29:00.923 W/ResourceType(17253): No package identifier when getting name for resource number 0x00000001
12-09 08:29:00.942 I/art     (17253): Background sticky concurrent mark sweep GC freed 2046(91KB) AllocSpace objects, 2(40KB) LOS objects, 0% free, 3MB/3MB, paused 9.595ms total 76.805ms
12-09 08:29:01.041 I/art     (17253): Background partial concurrent mark sweep GC freed 15924(990KB) AllocSpace objects, 6(120KB) LOS objects, 40% free, 2MB/3MB, paused 19.087ms total 67.217ms
12-09 08:29:01.506 I/LatinIME( 1884): Starting input. Cursor position = 0,0
12-09 08:29:01.698 I/art     (17253): Background sticky concurrent mark sweep GC freed 29824(1431KB) AllocSpace objects, 1(20KB) LOS objects, 39% free, 2MB/3MB, paused 1.176ms total 116.370ms
12-09 08:29:02.134 I/System.out(17253): URI: //
12-09 08:29:02.134 I/System.out(17253): params: {json={"command":"set_selection","arguments":[-1,-1]}
12-09 08:29:02.134 I/System.out(17253): }
12-09 08:29:02.134 I/System.out(17253): header: {date=Sun, 09 Dec 2018 08:29:03 GMT, accept=*/*, content-length=47, host=127.0.0.1:34777, user-agent=HTTPClient/1.0 (2.8.3, ruby 2.3.1 (2016-04-26)), content-type=application/json;charset=utf-8}
12-09 08:29:02.134 I/System.out(17253): params: {json={"command":"set_selection","arguments":[-1,-1]}
12-09 08:29:02.134 I/System.out(17253): }
12-09 08:29:02.134 I/System.out(17253): ProP json = {"command":"set_selection","arguments":[-1,-1]}
12-09 08:29:02.134 I/System.out(17253): files: {}
12-09 08:29:02.134 I/System.out(17253): command: {"command":"set_selection","arguments":[-1,-1]}
12-09 08:29:02.135 I/InstrumentationBackend(17253): Got command:'Command:'Line:null,set_selection', arguments:'[-1, -1]'
12-09 08:29:02.260 I/System.out(17253): result:{"bonusInformation":[],"message":"","success":true}
12-09 08:29:02.489 I/System.out(17253): URI: //
12-09 08:29:02.489 I/System.out(17253): params: {json={"command":"keyboard_enter_text","arguments":["98879891284721092831"]}
12-09 08:29:02.490 I/System.out(17253): }
12-09 08:29:02.490 I/System.out(17253): header: {date=Sun, 09 Dec 2018 08:29:03 GMT, accept=*/*, content-length=70, host=127.0.0.1:34777, user-agent=HTTPClient/1.0 (2.8.3, ruby 2.3.1 (2016-04-26)), content-type=application/json;charset=utf-8}
12-09 08:29:02.490 I/System.out(17253): params: {json={"command":"keyboard_enter_text","arguments":["98879891284721092831"]}
12-09 08:29:02.490 I/System.out(17253): }
12-09 08:29:02.490 I/System.out(17253): ProP json = {"command":"keyboard_enter_text","arguments":["98879891284721092831"]}
12-09 08:29:02.490 I/System.out(17253): files: {}
12-09 08:29:02.490 I/System.out(17253): command: {"command":"keyboard_enter_text","arguments":["98879891284721092831"]}
12-09 08:29:02.491 I/InstrumentationBackend(17253): Got command:'Command:'Line:null,keyboard_enter_text', arguments:'[98879891284721092831]'
12-09 08:29:02.491 E/SpannableStringBuilder(17253): SPAN_EXCLUSIVE_EXCLUSIVE spans cannot have a zero length
12-09 08:29:02.491 E/SpannableStringBuilder(17253): SPAN_EXCLUSIVE_EXCLUSIVE spans cannot have a zero length
12-09 08:29:02.504 E/SpannableStringBuilder(17253): SPAN_EXCLUSIVE_EXCLUSIVE spans cannot have a zero length
12-09 08:29:02.504 E/SpannableStringBuilder(17253): SPAN_EXCLUSIVE_EXCLUSIVE spans cannot have a zero length
12-09 08:29:02.515 I/System.out(17253): result:{"bonusInformation":[],"message":"","success":true}
12-09 08:29:03.072 E/SurfaceFlinger( 1226): ro.sf.lcd_density must be defined as a build property
12-09 08:29:03.147 D/gralloc_ranchu( 1226): gralloc_alloc: Creating ashmem region of size 3686400
12-09 08:29:03.171 D/        (17295): HostConnection::get() New Host Connection established 0x7f581f2d2480, tid 17295
12-09 08:29:03.199 E/EGL_emulation( 1226): tid 1226: eglCreateSyncKHR(1881): error 0x3004 (EGL_BAD_ATTRIBUTE)
12-09 08:29:04.370 I/System.out(17253): URI: //map
12-09 08:29:04.370 I/System.out(17253): params: {json={"query":"android.widget.EditText id:'odometer'","operation":{"method_name":"query","arguments":[]}}
12-09 08:29:04.370 I/System.out(17253): }
12-09 08:29:04.397 W/ResourceType(17253): No package identifier when getting name for resource number 0x00000001
12-09 08:29:04.524 I/System.out(17253): URI: //gesture
12-09 08:29:04.524 I/System.out(17253): params: {json={"query_timeout":5.0,"gestures":[{"query_string":"android.widget.EditText id:'odometer'","touches":[{"x":50,"y":50,"offset_x":0,"offset_y":0,"wait":0.0,"time":0.2,"release":true,"query_string":null}]}]}
12-09 08:29:04.524 I/System.out(17253): }
12-09 08:29:04.560 I/art     (17253): Background sticky concurrent mark sweep GC freed 44990(2024KB) AllocSpace objects, 2(40KB) LOS objects, 26% free, 2MB/3MB, paused 1.133ms total 146.393ms
12-09 08:29:04.600 W/ResourceType(17253): No package identifier when getting name for resource number 0x00000001
12-09 08:29:05.034 I/LatinIME( 1884): Starting input. Cursor position = 0,0
12-09 08:29:05.252 I/art     (17253): Background sticky concurrent mark sweep GC freed 11989(516KB) AllocSpace objects, 0(0B) LOS objects, 16% free, 2MB/3MB, paused 6.737ms total 71.017ms
12-09 08:29:05.575 I/Choreographer( 1884): Skipped 34 frames!  The application may be doing too much work on its main thread.
12-09 08:29:05.649 I/art     ( 1884): Background partial concurrent mark sweep GC freed 6729(444KB) AllocSpace objects, 2(56KB) LOS objects, 39% free, 2MB/3MB, paused 19.971ms total 105.334ms
12-09 08:29:05.806 I/System.out(17253): URI: //
12-09 08:29:05.806 I/System.out(17253): params: {json={"command":"set_selection","arguments":[-1,-1]}
12-09 08:29:05.806 I/System.out(17253): }
12-09 08:29:05.806 I/System.out(17253): header: {date=Sun, 09 Dec 2018 08:29:06 GMT, accept=*/*, content-length=47, host=127.0.0.1:34777, user-agent=HTTPClient/1.0 (2.8.3, ruby 2.3.1 (2016-04-26)), content-type=application/json;charset=utf-8}
12-09 08:29:05.806 I/System.out(17253): params: {json={"command":"set_selection","arguments":[-1,-1]}
12-09 08:29:05.806 I/System.out(17253): }
12-09 08:29:05.806 I/System.out(17253): ProP json = {"command":"set_selection","arguments":[-1,-1]}
12-09 08:29:05.806 I/System.out(17253): files: {}
12-09 08:29:05.806 I/System.out(17253): command: {"command":"set_selection","arguments":[-1,-1]}
12-09 08:29:05.807 I/InstrumentationBackend(17253): Got command:'Command:'Line:null,set_selection', arguments:'[-1, -1]'
12-09 08:29:05.820 I/System.out(17253): result:{"bonusInformation":[],"message":"","success":true}
12-09 08:29:06.014 I/System.out(17253): URI: //
12-09 08:29:06.014 I/System.out(17253): params: {json={"command":"keyboard_enter_text","arguments":["74394723984721092831"]}
12-09 08:29:06.014 I/System.out(17253): }
12-09 08:29:06.014 I/System.out(17253): header: {date=Sun, 09 Dec 2018 08:29:07 GMT, accept=*/*, content-length=70, host=127.0.0.1:34777, user-agent=HTTPClient/1.0 (2.8.3, ruby 2.3.1 (2016-04-26)), content-type=application/json;charset=utf-8}
12-09 08:29:06.014 I/System.out(17253): params: {json={"command":"keyboard_enter_text","arguments":["74394723984721092831"]}
12-09 08:29:06.014 I/System.out(17253): }
12-09 08:29:06.014 I/System.out(17253): ProP json = {"command":"keyboard_enter_text","arguments":["74394723984721092831"]}
12-09 08:29:06.014 I/System.out(17253): files: {}
12-09 08:29:06.014 I/System.out(17253): command: {"command":"keyboard_enter_text","arguments":["74394723984721092831"]}
12-09 08:29:06.015 I/InstrumentationBackend(17253): Got command:'Command:'Line:null,keyboard_enter_text', arguments:'[74394723984721092831]'
12-09 08:29:06.018 E/SpannableStringBuilder(17253): SPAN_EXCLUSIVE_EXCLUSIVE spans cannot have a zero length
12-09 08:29:06.018 E/SpannableStringBuilder(17253): SPAN_EXCLUSIVE_EXCLUSIVE spans cannot have a zero length
12-09 08:29:06.046 E/SpannableStringBuilder(17253): SPAN_EXCLUSIVE_EXCLUSIVE spans cannot have a zero length
12-09 08:29:06.046 E/SpannableStringBuilder(17253): SPAN_EXCLUSIVE_EXCLUSIVE spans cannot have a zero length
12-09 08:29:06.050 I/System.out(17253): result:{"bonusInformation":[],"message":"","success":true}
12-09 08:29:06.431 E/SurfaceFlinger( 1226): ro.sf.lcd_density must be defined as a build property
12-09 08:29:06.452 D/gralloc_ranchu( 1226): gralloc_alloc: Creating ashmem region of size 3686400
12-09 08:29:06.462 D/        (17305): HostConnection::get() New Host Connection established 0x7f2360e52480, tid 17305
12-09 08:29:06.481 E/EGL_emulation( 1226): tid 1226: eglCreateSyncKHR(1881): error 0x3004 (EGL_BAD_ATTRIBUTE)
12-09 08:29:08.427 I/System.out(17253): URI: //map
12-09 08:29:08.427 I/System.out(17253): params: {json={"query":"android.widget.Button index:2","operation":{"method_name":"query","arguments":[]}}
12-09 08:29:08.427 I/System.out(17253): }
12-09 08:29:08.694 I/art     (17253): Background sticky concurrent mark sweep GC freed 47134(2MB) AllocSpace objects, 0(0B) LOS objects, 24% free, 2MB/3MB, paused 1.084ms total 164.113ms
12-09 08:29:08.730 I/System.out(17253): URI: //gesture
12-09 08:29:08.730 I/System.out(17253): params: {json={"query_timeout":5.0,"gestures":[{"query_string":"android.widget.Button index:2","touches":[{"x":50,"y":50,"offset_x":0,"offset_y":0,"wait":0.0,"time":0.2,"release":true,"query_string":null}]}]}
12-09 08:29:08.730 I/System.out(17253): }
12-09 08:29:08.872 I/art     (17253): Background sticky concurrent mark sweep GC freed 17538(674KB) AllocSpace objects, 2(40KB) LOS objects, 23% free, 2MB/3MB, paused 5.700ms total 49.893ms
12-09 08:29:09.258 D/hwcomposer( 1226): hw_composer sent 729 syncs in 60s
12-09 08:29:09.332 W/audio_hw_generic( 1309): Hardware backing HAL too slow, could only write 0 of 661 frames
12-09 08:29:09.366 W/audio_hw_generic( 1309): Hardware backing HAL too slow, could only write 0 of 661 frames
12-09 08:29:09.371 I/art     (17253): Background sticky concurrent mark sweep GC freed 24040(1035KB) AllocSpace objects, 0(0B) LOS objects, 6% free, 3MB/3MB, paused 1.273ms total 103.838ms
12-09 08:29:09.377 W/audio_hw_generic( 1309): Hardware backing HAL too slow, could only write 0 of 661 frames
12-09 08:29:09.394 W/audio_hw_generic( 1309): Hardware backing HAL too slow, could only write 0 of 661 frames
12-09 08:29:09.444 I/art     (17253): WaitForGcToComplete blocked for 7.092ms for cause Background
12-09 08:29:09.603 W/audio_hw_generic( 1309): Hardware backing HAL too slow, could only write 0 of 661 frames
12-09 08:29:09.635 W/audio_hw_generic( 1309): Not supplying enough data to HAL, expected position 41444834 , only wrote 41444700
12-09 08:29:09.635 W/audio_hw_generic( 1309): Hardware backing HAL too slow, could only write 0 of 661 frames
12-09 08:29:09.635 W/audio_hw_generic( 1309): Hardware backing HAL too slow, could only write 0 of 661 frames
12-09 08:29:09.653 W/audio_hw_generic( 1309): Hardware backing HAL too slow, could only write 0 of 661 frames
12-09 08:29:09.685 W/audio_hw_generic( 1309): Hardware backing HAL too slow, could only write 0 of 661 frames
12-09 08:29:09.710 W/audio_hw_generic( 1309): Not supplying enough data to HAL, expected position 41448015 , only wrote 41448005
12-09 08:29:09.710 W/audio_hw_generic( 1309): Hardware backing HAL too slow, could only write 0 of 661 frames
12-09 08:29:09.710 W/audio_hw_generic( 1309): Hardware backing HAL too slow, could only write 0 of 661 frames
12-09 08:29:09.750 W/audio_hw_generic( 1309): Hardware backing HAL too slow, could only write 0 of 661 frames
12-09 08:29:09.789 I/calabash(17253): newActivity1
12-09 08:29:09.790 W/ActivityManager( 1592): Bad activity token: android.os.BinderProxy@40f3c54
12-09 08:29:09.790 W/ActivityManager( 1592): java.lang.ClassCastException: android.os.BinderProxy cannot be cast to com.android.server.am.ActivityRecord$Token
12-09 08:29:09.790 W/ActivityManager( 1592): 	at com.android.server.am.ActivityRecord.forTokenLocked(ActivityRecord.java:424)
12-09 08:29:09.790 W/ActivityManager( 1592): 	at com.android.server.am.ActivityRecord.isInStackLocked(ActivityRecord.java:1121)
12-09 08:29:09.790 W/ActivityManager( 1592): 	at com.android.server.am.ActivityRecord.getStackLocked(ActivityRecord.java:1126)
12-09 08:29:09.790 W/ActivityManager( 1592): 	at com.android.server.am.ActivityManagerService.getActivityDisplayId(ActivityManagerService.java:8889)
12-09 08:29:09.790 W/ActivityManager( 1592): 	at android.app.ActivityManagerNative.onTransact(ActivityManagerNative.java:2338)
12-09 08:29:09.790 W/ActivityManager( 1592): 	at com.android.server.am.ActivityManagerService.onTransact(ActivityManagerService.java:2443)
12-09 08:29:09.790 W/ActivityManager( 1592): 	at android.os.Binder.execTransact(Binder.java:453)
12-09 08:29:09.791 W/ActivityManager( 1592): Bad activity token: android.os.BinderProxy@40f3c54
12-09 08:29:09.791 W/ActivityManager( 1592): java.lang.ClassCastException: android.os.BinderProxy cannot be cast to com.android.server.am.ActivityRecord$Token
12-09 08:29:09.791 W/ActivityManager( 1592): 	at com.android.server.am.ActivityRecord.forTokenLocked(ActivityRecord.java:424)
12-09 08:29:09.791 W/ActivityManager( 1592): 	at com.android.server.am.ActivityRecord.isInStackLocked(ActivityRecord.java:1121)
12-09 08:29:09.791 W/ActivityManager( 1592): 	at com.android.server.am.ActivityManagerService.setTaskDescription(ActivityManagerService.java:8547)
12-09 08:29:09.791 W/ActivityManager( 1592): 	at android.app.ActivityManagerNative.onTransact(ActivityManagerNative.java:2410)
12-09 08:29:09.791 W/ActivityManager( 1592): 	at com.android.server.am.ActivityManagerService.onTransact(ActivityManagerService.java:2443)
12-09 08:29:09.791 W/ActivityManager( 1592): 	at android.os.Binder.execTransact(Binder.java:453)
12-09 08:29:09.825 W/ActivityManager( 1592): Bad activity token: android.os.BinderProxy@40f3c54
12-09 08:29:09.825 W/ActivityManager( 1592): java.lang.ClassCastException: android.os.BinderProxy cannot be cast to com.android.server.am.ActivityRecord$Token
12-09 08:29:09.825 W/ActivityManager( 1592): 	at com.android.server.am.ActivityRecord.forTokenLocked(ActivityRecord.java:424)
12-09 08:29:09.825 W/ActivityManager( 1592): 	at com.android.server.am.ActivityRecord.isInStackLocked(ActivityRecord.java:1121)
12-09 08:29:09.825 W/ActivityManager( 1592): 	at com.android.server.am.ActivityManagerService.getActivityOptions(ActivityManagerService.java:11038)
12-09 08:29:09.825 W/ActivityManager( 1592): 	at android.app.ActivityManagerNative.onTransact(ActivityManagerNative.java:1734)
12-09 08:29:09.825 W/ActivityManager( 1592): 	at com.android.server.am.ActivityManagerService.onTransact(ActivityManagerService.java:2443)
12-09 08:29:09.825 W/ActivityManager( 1592): 	at android.os.Binder.execTransact(Binder.java:453)
