--------- beginning of main
12-09 07:57:24.843 W/art     ( 1591): Long monitor contention event with owner method=void com.android.server.wm.WindowAnimator$1.doFrame(long) from WindowAnimator.java:121 waiters=1 for 185ms
--------- beginning of system
12-09 07:57:25.122 I/WindowManager( 1591): Screenshot max retries 4 of Token{91d51f0 ActivityRecord{5b04a33 u0 com.evancharlton.mileage.test/sh.calaba.instrumentationbackend.StatusReporterActivity t383 f}} appWin=Window{8a02623 u0 Starting com.evancharlton.mileage.test} drawState=3
12-09 07:57:25.125 W/art     ( 1591): Long monitor contention event with owner method=boolean com.android.server.am.ActivityManagerService.finishActivity(android.os.IBinder, int, android.content.Intent, boolean) from ActivityManagerService.java:4245 waiters=0 for 1.460s
12-09 07:57:25.125 W/art     ( 1591): Long monitor contention event with owner method=boolean com.android.server.am.ActivityManagerService.finishActivity(android.os.IBinder, int, android.content.Intent, boolean) from ActivityManagerService.java:4245 waiters=1 for 1.164s
12-09 07:57:25.532 W/art     ( 1591): Long monitor contention event with owner method=void com.android.server.wm.WindowAnimator$1.doFrame(long) from WindowAnimator.java:121 waiters=0 for 135ms
12-09 07:57:25.642 W/art     ( 1591): Long monitor contention event with owner method=void com.android.server.wm.WindowAnimator$1.doFrame(long) from WindowAnimator.java:121 waiters=0 for 110ms
12-09 07:57:25.687 D/AndroidRuntime( 9720): >>>>>> START com.android.internal.os.RuntimeInit uid 0 <<<<<<
12-09 07:57:25.710 D/AndroidRuntime( 9720): CheckJNI is ON
12-09 07:57:25.746 D/ICU     ( 9720): No timezone override file found: /data/misc/zoneinfo/current/icu/icu_tzdata.dat
12-09 07:57:25.802 W/art     ( 1591): Long monitor contention event with owner method=void com.android.server.wm.WindowAnimator$1.doFrame(long) from WindowAnimator.java:121 waiters=0 for 160ms
12-09 07:57:25.958 E/memtrack( 9720): Couldn't load memtrack module (No such file or directory)
12-09 07:57:25.958 E/android.os.Debug( 9720): failed to load memtrack module: -2
12-09 07:57:25.959 I/Radio-JNI( 9720): register_android_hardware_Radio DONE
12-09 07:57:25.985 D/AndroidRuntime( 9720): Calling main entry com.android.commands.am.Am
12-09 07:57:26.147 W/art     ( 1591): Long monitor contention event with owner method=void com.android.server.wm.WindowAnimator$1.doFrame(long) from WindowAnimator.java:121 waiters=0 for 185ms
12-09 07:57:26.428 W/art     ( 1591): Long monitor contention event with owner method=void com.android.server.am.ActivityManagerService.activityPaused(android.os.IBinder) from ActivityManagerService.java:6439 waiters=0 for 1.279s
12-09 07:57:26.428 W/art     ( 1591): Long monitor contention event with owner method=void com.android.server.am.ActivityManagerService.activityPaused(android.os.IBinder) from ActivityManagerService.java:6439 waiters=1 for 1.270s
12-09 07:57:26.428 W/art     ( 1591): Long monitor contention event with owner method=void com.android.server.am.ActivityManagerService.activityPaused(android.os.IBinder) from ActivityManagerService.java:6439 waiters=2 for 1.166s
12-09 07:57:26.429 I/Choreographer( 1946): Skipped 75 frames!  The application may be doing too much work on its main thread.
12-09 07:57:26.430 W/art     ( 1591): Long monitor contention event with owner method=void com.android.server.am.ActivityManagerService.activityPaused(android.os.IBinder) from ActivityManagerService.java:6439 waiters=3 for 804ms
12-09 07:57:26.431 W/art     ( 1591): Long monitor contention event with owner method=void com.android.server.am.ActivityManagerService.activityPaused(android.os.IBinder) from ActivityManagerService.java:6439 waiters=4 for 718ms
12-09 07:57:26.431 W/art     ( 1591): Long monitor contention event with owner method=void com.android.server.am.ActivityManagerService.activityPaused(android.os.IBinder) from ActivityManagerService.java:6439 waiters=5 for 445ms
12-09 07:57:26.441 I/ActivityManager( 1591): Force stopping com.evancharlton.mileage appid=10125 user=0: start instr
12-09 07:57:26.441 I/ActivityManager( 1591): Killing 9689:com.evancharlton.mileage/u0a125 (adj 0): stop com.evancharlton.mileage
12-09 07:57:26.452 W/InputMethodManagerService( 1591): Window already focused, ignoring focus gain of: com.android.internal.view.IInputMethodClient$Stub$Proxy@b57d29e attribute=null, token = android.os.BinderProxy@9885c06
12-09 07:57:26.525 W/ActivityManager( 1591): Crash of app com.evancharlton.mileage running instrumentation ComponentInfo{com.evancharlton.mileage.test/sh.calaba.instrumentationbackend.ClearAppData2}
12-09 07:57:26.525 I/ActivityManager( 1591): Force stopping com.evancharlton.mileage appid=10125 user=0: finished inst
12-09 07:57:26.571 I/ActivityManager( 1591): Start proc 9729:com.evancharlton.mileage/u0a125 for added application com.evancharlton.mileage
12-09 07:57:26.572 D/AndroidRuntime( 9720): Shutting down VM
12-09 07:57:26.575 W/art     ( 1591): Long monitor contention event with owner method=boolean com.android.server.am.ActivityManagerService.startInstrumentation(android.content.ComponentName, java.lang.String, int, android.os.Bundle, android.app.IInstrumentationWatcher, android.app.IUiAutomationConnection, int, java.lang.String) from ActivityManagerService.java:17066 waiters=1 for 133ms
12-09 07:57:26.756 W/System  ( 9729): ClassLoader referenced unknown path: /data/app/com.evancharlton.mileage.test-1/lib/x86_64
12-09 07:57:26.756 W/System  ( 9729): ClassLoader referenced unknown path: /data/app/com.evancharlton.mileage-1/lib/x86_64
12-09 07:57:26.770 I/System.out( 9729): Main activity name automatically set to: com.evancharlton.mileage.Mileage
12-09 07:57:26.771 I/System.out( 9729): Calabash did not load Mono. This is only a problem if you are trying to test a Mono application
12-09 07:57:26.771 I/calabash( 9729): Test server port: 7102
12-09 07:57:26.772 I/InstrumentationBackend( 9729): Added:'GetPreferences', with key:'get_preferences'
12-09 07:57:26.800 I/InstrumentationBackend( 9729): Added:'SetPreferences', with key:'set_preferences'
12-09 07:57:26.805 I/InstrumentationBackend( 9729): Added:'ClearPreferences', with key:'clear_preferences'
12-09 07:57:26.805 I/InstrumentationBackend( 9729): Added:'PressElement', with key:'press_l10n_element'
12-09 07:57:26.805 I/InstrumentationBackend( 9729): Added:'WaitForElement', with key:'wait_for_l10n_element'
12-09 07:57:26.805 I/InstrumentationBackend( 9729): Added:'NullAction', with key:'nullAction'
12-09 07:57:26.806 I/InstrumentationBackend( 9729): Added:'PressKey', with key:'press_key'
12-09 07:57:26.806 I/InstrumentationBackend( 9729): Added:'SetActivityOrientation', with key:'set_activity_orientation'
12-09 07:57:26.806 I/InstrumentationBackend( 9729): Added:'GetActivityOrientation', with key:'get_activity_orientation'
12-09 07:57:26.806 I/InstrumentationBackend( 9729): Added:'FakeGPSLocation', with key:'set_gps_coordinates'
12-09 07:57:26.806 I/InstrumentationBackend( 9729): Added:'SetPropertyByCssSelector', with key:'set_property_by_css_selector'
12-09 07:57:26.807 I/InstrumentationBackend( 9729): Added:'GetUrl', with key:'get_url'
12-09 07:57:26.807 I/InstrumentationBackend( 9729): Added:'ScrollTo', with key:'scroll_to'
12-09 07:57:26.807 I/InstrumentationBackend( 9729): Added:'GetLoadProgress', with key:'get_load_progress'
12-09 07:57:26.808 I/InstrumentationBackend( 9729): Added:'DumpHtml', with key:'dump_html'
12-09 07:57:26.808 I/InstrumentationBackend( 9729): Added:'DumpBodyHtml', with key:'dump_body_html'
12-09 07:57:26.808 I/InstrumentationBackend( 9729): Added:'EnterTextByCssSelector', with key:'enter_text_by_selector'
12-09 07:57:26.815 I/InstrumentationBackend( 9729): Added:'AndroidSDKVersion', with key:'android_sdk_version'
12-09 07:57:26.815 I/InstrumentationBackend( 9729): Added:'Version', with key:'version'
12-09 07:57:26.815 I/InstrumentationBackend( 9729): Added:'Drag', with key:'drag'
12-09 07:57:26.815 I/InstrumentationBackend( 9729): Added:'TouchCoordinates', with key:'touch_coordinate'
12-09 07:57:26.815 I/InstrumentationBackend( 9729): Added:'LongPressCoordinate', with key:'long_press_coordinate'
12-09 07:57:26.815 I/InstrumentationBackend( 9729): Added:'DragCoordinates', with key:'drag_coordinates'
12-09 07:57:26.816 I/InstrumentationBackend( 9729): Added:'ResumeApplication', with key:'resume_application'
12-09 07:57:26.816 I/InstrumentationBackend( 9729): Added:'Swipe', with key:'swipe'
12-09 07:57:26.816 I/InstrumentationBackend( 9729): Added:'DoubleTapCoordinate', with key:'double_tap_coordinate'
12-09 07:57:26.816 I/InstrumentationBackend( 9729): Added:'ClickOnScreen', with key:'click_on_screen'
12-09 07:57:26.816 I/InstrumentationBackend( 9729): Added:'GetActivityName', with key:'get_activity_name'
12-09 07:57:26.821 I/InstrumentationBackend( 9729): Added:'ScrollToView', with key:'scroll_to_view'
12-09 07:57:26.822 I/InstrumentationBackend( 9729): Added:'ViewConfiguration', with key:'view_configuration'
12-09 07:57:26.822 I/InstrumentationBackend( 9729): Added:'IsCurrentActivityFocused', with key:'is_current_activity_focused'
12-09 07:57:26.822 I/InstrumentationBackend( 9729): Added:'SendTcp', with key:'send_tcp'
12-09 07:57:26.822 I/InstrumentationBackend( 9729): Added:'DpToDevicePixel', with key:'dp_to_device_pixel'
12-09 07:57:26.823 I/InstrumentationBackend( 9729): Added:'KeyboardEnterText', with key:'keyboard_enter_text'
12-09 07:57:26.823 I/InstrumentationBackend( 9729): Added:'DeleteSurroundingText', with key:'delete_surrounding_text'
12-09 07:57:26.823 I/InstrumentationBackend( 9729): Added:'SetComposingRegion', with key:'set_composing_region'
12-09 07:57:26.823 I/InstrumentationBackend( 9729): Added:'SetSelection', with key:'set_selection'
12-09 07:57:26.823 I/InstrumentationBackend( 9729): Added:'KeyboardKeyEvent', with key:'keyboard_key_event'
12-09 07:57:26.823 I/InstrumentationBackend( 9729): Added:'PressUserActionButton', with key:'press_user_action_button'
12-09 07:57:26.824 I/InstrumentationBackend( 9729): Added:'HideSoftKeyboard', with key:'hide_soft_keyboard'
12-09 07:57:26.824 I/InstrumentationBackend( 9729): Added:'ListActions', with key:'list_actions'
12-09 07:57:26.827 I/calabash( 9729): Instantiating http server at 7102
12-09 07:57:26.828 I/System.out( 9729): HTTP Daemon listening on: 7102
12-09 07:57:26.894 I/System.out( 9729): URI: //ping
12-09 07:57:26.898 I/System.out( 9729): params: {json={}
12-09 07:57:26.898 I/System.out( 9729): }
12-09 07:57:26.993 I/System.out( 9729): URI: //ping
12-09 07:57:26.993 I/System.out( 9729): params: {json={}
12-09 07:57:26.993 I/System.out( 9729): }
12-09 07:57:27.029 I/System.out( 9729): URI: //ready
12-09 07:57:27.030 I/System.out( 9729): params: {json={}
12-09 07:57:27.030 I/System.out( 9729): }
12-09 07:57:27.090 I/System.out( 9729): URI: //
12-09 07:57:27.090 I/System.out( 9729): params: {json={"command":"version","arguments":[]}
12-09 07:57:27.090 I/System.out( 9729): }
12-09 07:57:27.091 I/System.out( 9729): header: {date=Sun, 09 Dec 2018 07:57:27 GMT, accept=*/*, content-length=36, host=127.0.0.1:34777, user-agent=HTTPClient/1.0 (2.8.3, ruby 2.3.1 (2016-04-26)), content-type=application/json;charset=utf-8}
12-09 07:57:27.091 I/System.out( 9729): params: {json={"command":"version","arguments":[]}
12-09 07:57:27.091 I/System.out( 9729): }
12-09 07:57:27.091 I/System.out( 9729): ProP json = {"command":"version","arguments":[]}
12-09 07:57:27.091 I/System.out( 9729): files: {}
12-09 07:57:27.091 I/System.out( 9729): command: {"command":"version","arguments":[]}
12-09 07:57:27.099 I/InstrumentationBackend( 9729): Got command:'Command:'Line:null,version', arguments:'[]'
12-09 07:57:27.116 I/System.out( 9729): result:{"bonusInformation":[],"message":"0.9.8","success":true}
12-09 07:57:27.221 I/System.out( 9729): URI: //start-application
12-09 07:57:27.221 I/System.out( 9729): params: {json={"intent":null}
12-09 07:57:27.221 I/System.out( 9729): }
12-09 07:57:27.501 W/art     ( 9729): Suspending all threads took: 8.011ms
12-09 07:57:27.541 I/art     ( 9729): Background partial concurrent mark sweep GC freed 27380(1679KB) AllocSpace objects, 15(300KB) LOS objects, 40% free, 1616KB/2MB, paused 17.310ms total 277.394ms
12-09 07:57:27.561 I/ActivityManager( 1591): START u0 {act=android.intent.action.MAIN cat=[android.intent.category.LAUNCHER] flg=0x10200000 cmp=com.evancharlton.mileage/.Mileage} from uid 10125 on display 0
12-09 07:57:27.607 I/calabash( 9729): newActivity1
12-09 07:57:27.795 I/calabash( 9729): newActivity1
12-09 07:57:27.807 W/ActivityManager( 1591): Bad activity token: android.os.BinderProxy@d7831e4
12-09 07:57:27.807 W/ActivityManager( 1591): java.lang.ClassCastException: android.os.BinderProxy cannot be cast to com.android.server.am.ActivityRecord$Token
12-09 07:57:27.807 W/ActivityManager( 1591): 	at com.android.server.am.ActivityRecord.forTokenLocked(ActivityRecord.java:424)
12-09 07:57:27.807 W/ActivityManager( 1591): 	at com.android.server.am.ActivityRecord.isInStackLocked(ActivityRecord.java:1121)
12-09 07:57:27.807 W/ActivityManager( 1591): 	at com.android.server.am.ActivityRecord.getStackLocked(ActivityRecord.java:1126)
12-09 07:57:27.807 W/ActivityManager( 1591): 	at com.android.server.am.ActivityManagerService.getActivityDisplayId(ActivityManagerService.java:8889)
12-09 07:57:27.807 W/ActivityManager( 1591): 	at android.app.ActivityManagerNative.onTransact(ActivityManagerNative.java:2338)
12-09 07:57:27.807 W/ActivityManager( 1591): 	at com.android.server.am.ActivityManagerService.onTransact(ActivityManagerService.java:2443)
12-09 07:57:27.807 W/ActivityManager( 1591): 	at android.os.Binder.execTransact(Binder.java:453)
12-09 07:57:27.809 W/ActivityManager( 1591): Bad activity token: android.os.BinderProxy@d7831e4
12-09 07:57:27.809 W/ActivityManager( 1591): java.lang.ClassCastException: android.os.BinderProxy cannot be cast to com.android.server.am.ActivityRecord$Token
12-09 07:57:27.809 W/ActivityManager( 1591): 	at com.android.server.am.ActivityRecord.forTokenLocked(ActivityRecord.java:424)
12-09 07:57:27.809 W/ActivityManager( 1591): 	at com.android.server.am.ActivityRecord.isInStackLocked(ActivityRecord.java:1121)
12-09 07:57:27.809 W/ActivityManager( 1591): 	at com.android.server.am.ActivityManagerService.setTaskDescription(ActivityManagerService.java:8547)
12-09 07:57:27.809 W/ActivityManager( 1591): 	at android.app.ActivityManagerNative.onTransact(ActivityManagerNative.java:2410)
12-09 07:57:27.809 W/ActivityManager( 1591): 	at com.android.server.am.ActivityManagerService.onTransact(ActivityManagerService.java:2443)
12-09 07:57:27.809 W/ActivityManager( 1591): 	at android.os.Binder.execTransact(Binder.java:453)
12-09 07:57:28.014 D/gralloc_ranchu( 1223): gralloc_alloc: Creating ashmem region of size 3686400
12-09 07:57:28.415 D/FillupsProvider( 9729): Creating database
12-09 07:57:28.425 V/PhoneStatusBar( 1692): setLightsOn(true)
12-09 07:57:28.445 W/art     ( 9729): Suspending all threads took: 7.390ms
12-09 07:57:28.561 D/EGL_emulation( 1946): eglMakeCurrent: 0x7f85871b4dc0: ver 2 0 (tinfo 0x7f8587182d60)
12-09 07:57:28.570 E/Surface ( 1946): getSlotFromBufferLocked: unknown buffer: 0x7f8583755ac0
12-09 07:57:28.642 W/ActivityManager( 1591): Bad activity token: android.os.BinderProxy@d7831e4
12-09 07:57:28.642 W/ActivityManager( 1591): java.lang.ClassCastException: android.os.BinderProxy cannot be cast to com.android.server.am.ActivityRecord$Token
12-09 07:57:28.642 W/ActivityManager( 1591): 	at com.android.server.am.ActivityRecord.forTokenLocked(ActivityRecord.java:424)
12-09 07:57:28.642 W/ActivityManager( 1591): 	at com.android.server.am.ActivityRecord.isInStackLocked(ActivityRecord.java:1121)
12-09 07:57:28.642 W/ActivityManager( 1591): 	at com.android.server.am.ActivityManagerService.getActivityOptions(ActivityManagerService.java:11038)
12-09 07:57:28.642 W/ActivityManager( 1591): 	at android.app.ActivityManagerNative.onTransact(ActivityManagerNative.java:1734)
12-09 07:57:28.642 W/ActivityManager( 1591): 	at com.android.server.am.ActivityManagerService.onTransact(ActivityManagerService.java:2443)
12-09 07:57:28.642 W/ActivityManager( 1591): 	at android.os.Binder.execTransact(Binder.java:453)
12-09 07:57:28.643 W/ActivityManager( 1591): Bad activity token: android.os.BinderProxy@d7831e4
12-09 07:57:28.643 W/ActivityManager( 1591): java.lang.ClassCastException: android.os.BinderProxy cannot be cast to com.android.server.am.ActivityRecord$Token
12-09 07:57:28.643 W/ActivityManager( 1591): 	at com.android.server.am.ActivityRecord.forTokenLocked(ActivityRecord.java:424)
12-09 07:57:28.643 W/ActivityManager( 1591): 	at com.android.server.am.ActivityRecord.isInStackLocked(ActivityRecord.java:1121)
12-09 07:57:28.643 W/ActivityManager( 1591): 	at com.android.server.am.ActivityManagerService.getActivityOptions(ActivityManagerService.java:11038)
12-09 07:57:28.643 W/ActivityManager( 1591): 	at android.app.ActivityManagerNative.onTransact(ActivityManagerNative.java:1734)
12-09 07:57:28.643 W/ActivityManager( 1591): 	at com.android.server.am.ActivityManagerService.onTransact(ActivityManagerService.java:2443)
12-09 07:57:28.643 W/ActivityManager( 1591): 	at android.os.Binder.execTransact(Binder.java:453)
12-09 07:57:28.687 I/art     ( 9729): Background sticky concurrent mark sweep GC freed 17491(971KB) AllocSpace objects, 0(0B) LOS objects, 25% free, 1995KB/2MB, paused 8.652ms total 219.246ms
12-09 07:57:29.187 D/gralloc_ranchu( 1223): gralloc_alloc: Creating ashmem region of size 3686400
12-09 07:57:29.280 D/        ( 9729): HostConnection::get() New Host Connection established 0x7f85837bcfe0, tid 9729
12-09 07:57:29.431 I/ActivityManager( 1591): Displayed com.evancharlton.mileage/.Mileage: +1s829ms
12-09 07:57:29.435 D/gralloc_ranchu( 1223): gralloc_alloc: Creating ashmem region of size 3686400
12-09 07:57:29.969 I/art     ( 9729): Background partial concurrent mark sweep GC freed 16654(887KB) AllocSpace objects, 0(0B) LOS objects, 39% free, 1987KB/3MB, paused 13.350ms total 47.162ms
12-09 07:57:30.014 I/System.out( 9729): URI: //map
12-09 07:57:30.014 I/System.out( 9729): params: {json={"query":"android.widget.Button index:2","operation":{"method_name":"query","arguments":[]}}
12-09 07:57:30.014 I/System.out( 9729): }
12-09 07:57:30.261 D/gralloc_ranchu( 1223): gralloc_alloc: Creating ashmem region of size 3686400
12-09 07:57:30.655 I/art     ( 9729): Background sticky concurrent mark sweep GC freed 46717(2MB) AllocSpace objects, 2(40KB) LOS objects, 30% free, 2MB/3MB, paused 12.391ms total 113.931ms
12-09 07:57:30.697 I/System.out( 9729): URI: //gesture
12-09 07:57:30.697 I/System.out( 9729): params: {json={"query_timeout":5.0,"gestures":[{"query_string":"android.widget.Button index:2","touches":[{"x":50,"y":50,"offset_x":0,"offset_y":0,"wait":0.0,"time":0.2,"release":true,"query_string":null}]}]}
12-09 07:57:30.697 I/System.out( 9729): }
12-09 07:57:30.849 I/ContentMaintenance( 2369): Internal cache bytes used: 0; limit: 40626585; download size: 0
12-09 07:57:30.861 I/RealtimeCacheCleanup( 2369): Beginning Realtime garbage collection.
12-09 07:57:30.862 I/RealtimeCacheCleanup( 2369): Finished Realtime garbage collection.
12-09 07:57:31.197 W/AudioTrack( 1591): AUDIO_OUTPUT_FLAG_FAST denied by client; transfer 4, track 48000 Hz, output 44100 Hz
12-09 07:57:31.218 W/audio_hw_generic( 1307): Hardware backing HAL too slow, could only write 0 of 661 frames
12-09 07:57:31.218 W/audio_hw_generic( 1307): Hardware backing HAL too slow, could only write 0 of 661 frames
12-09 07:57:31.219 W/audio_hw_generic( 1307): Hardware backing HAL too slow, could only write 0 of 661 frames
12-09 07:57:31.241 W/audio_hw_generic( 1307): Hardware backing HAL too slow, could only write 0 of 661 frames
12-09 07:57:31.277 W/audio_hw_generic( 1307): Hardware backing HAL too slow, could only write 0 of 661 frames
12-09 07:57:31.301 W/audio_hw_generic( 1307): Hardware backing HAL too slow, could only write 0 of 661 frames
12-09 07:57:31.315 I/art     ( 9729): Background sticky concurrent mark sweep GC freed 47533(2MB) AllocSpace objects, 3(60KB) LOS objects, 23% free, 2MB/3MB, paused 1.040ms total 172.195ms
12-09 07:57:31.316 W/audio_hw_generic( 1307): Hardware backing HAL too slow, could only write 0 of 661 frames
12-09 07:57:31.329 W/audio_hw_generic( 1307): Hardware backing HAL too slow, could only write 0 of 661 frames
12-09 07:57:31.336 W/audio_hw_generic( 1307): Hardware backing HAL too slow, could only write 0 of 661 frames
12-09 07:57:31.431 D/gralloc_ranchu( 1223): gralloc_alloc: Creating ashmem region of size 45056
12-09 07:57:31.515 W/audio_hw_generic( 1307): Not supplying enough data to HAL, expected position 17476686 , only wrote 17476179
12-09 07:57:31.515 W/audio_hw_generic( 1307): Not supplying enough data to HAL, expected position 17476185 , only wrote 17476179
12-09 07:57:31.530 W/audio_hw_generic( 1307): Not supplying enough data to HAL, expected position 17476845 , only wrote 17476840
12-09 07:57:31.568 W/audio_hw_generic( 1307): Not supplying enough data to HAL, expected position 17478526 , only wrote 17478162
12-09 07:57:31.668 W/audio_hw_generic( 1307): Not supplying enough data to HAL, expected position 17482571 , only wrote 17481467
12-09 07:57:31.668 W/audio_hw_generic( 1307): Not supplying enough data to HAL, expected position 17481473 , only wrote 17481467
12-09 07:57:31.684 W/audio_hw_generic( 1307): Not supplying enough data to HAL, expected position 17482154 , only wrote 17482128
12-09 07:57:31.779 E/SurfaceFlinger( 1223): ro.sf.lcd_density must be defined as a build property
12-09 07:57:31.811 D/gralloc_ranchu( 1223): gralloc_alloc: Creating ashmem region of size 3686400
12-09 07:57:31.822 D/        ( 9757): HostConnection::get() New Host Connection established 0x7f1359ed2480, tid 9757
12-09 07:57:31.918 W/audio_hw_generic( 1307): Hardware backing HAL too slow, could only write 0 of 661 frames
12-09 07:57:31.929 E/EGL_emulation( 1223): tid 1223: eglCreateSyncKHR(1881): error 0x3004 (EGL_BAD_ATTRIBUTE)
12-09 07:57:32.021 W/audio_hw_generic( 1307): Not supplying enough data to HAL, expected position 17497007 , only wrote 17495348
12-09 07:57:32.021 W/audio_hw_generic( 1307): Not supplying enough data to HAL, expected position 17495354 , only wrote 17495348
12-09 07:57:32.087 W/audio_hw_generic( 1307): Not supplying enough data to HAL, expected position 17498232 , only wrote 17496009
12-09 07:57:32.409 W/audio_hw_generic( 1307): Not supplying enough data to HAL, expected position 17510228 , only wrote 17509890
12-09 07:57:32.409 W/audio_hw_generic( 1307): Not supplying enough data to HAL, expected position 17509896 , only wrote 17509890
12-09 07:57:32.425 W/audio_hw_generic( 1307): Not supplying enough data to HAL, expected position 17510599 , only wrote 17510551
12-09 07:57:32.518 W/audio_hw_generic( 1307): Not supplying enough data to HAL, expected position 17514567 , only wrote 17514517
12-09 07:57:32.518 W/audio_hw_generic( 1307): Not supplying enough data to HAL, expected position 17514586 , only wrote 17514517
