--------- beginning of main
12-09 07:50:21.327 W/audio_hw_generic( 1308): Hardware backing HAL too slow, could only write 0 of 661 frames
12-09 07:50:21.332 D/gralloc_ranchu( 1219): gralloc_alloc: Creating ashmem region of size 708608
12-09 07:50:21.408 E/EGL_emulation( 1219): tid 1219: eglCreateSyncKHR(1881): error 0x3004 (EGL_BAD_ATTRIBUTE)
12-09 07:50:21.428 W/audio_hw_generic( 1308): Hardware backing HAL too slow, could only write 0 of 661 frames
12-09 07:50:21.462 W/audio_hw_generic( 1308): Hardware backing HAL too slow, could only write 0 of 661 frames
12-09 07:50:21.474 W/audio_hw_generic( 1308): Hardware backing HAL too slow, could only write 0 of 661 frames
12-09 07:50:21.490 W/audio_hw_generic( 1308): Hardware backing HAL too slow, could only write 0 of 661 frames
--------- beginning of system
12-09 07:50:21.499 W/ActivityManager( 1592): Finishing task with all activities already finished
12-09 07:50:21.499 W/ActivityManager( 1592): Duplicate finish request for ActivityRecord{a20a80c u0 com.evancharlton.mileage/.Mileage t373 f}
12-09 07:50:21.506 W/audio_hw_generic( 1308): Hardware backing HAL too slow, could only write 0 of 661 frames
12-09 07:50:21.509 W/ActivityManager( 1592): Finishing task with all activities already finished
12-09 07:50:21.509 W/ActivityManager( 1592): Duplicate finish request for ActivityRecord{a20a80c u0 com.evancharlton.mileage/.Mileage t373 f}
12-09 07:50:21.510 W/ActivityManager( 1592): Finishing task with all activities already finished
12-09 07:50:21.510 W/ActivityManager( 1592): Duplicate finish request for ActivityRecord{a20a80c u0 com.evancharlton.mileage/.Mileage t373 f}
12-09 07:50:21.526 W/audio_hw_generic( 1308): Hardware backing HAL too slow, could only write 0 of 661 frames
12-09 07:50:21.556 W/audio_hw_generic( 1308): Hardware backing HAL too slow, could only write 0 of 661 frames
12-09 07:50:21.574 W/audio_hw_generic( 1308): Not supplying enough data to HAL, expected position 10084300 , only wrote 10084216
12-09 07:50:21.585 I/art     ( 1592): Background partial concurrent mark sweep GC freed 6507(537KB) AllocSpace objects, 2(40KB) LOS objects, 30% free, 9MB/13MB, paused 6.453ms total 163.642ms
12-09 07:50:21.646 D/EGL_emulation( 1939): eglMakeCurrent: 0x7f6defc74dc0: ver 2 0 (tinfo 0x7f6defc42d60)
12-09 07:50:21.809 W/art     ( 1592): Long monitor contention event with owner method=void com.android.server.wm.WindowAnimator$1.doFrame(long) from WindowAnimator.java:121 waiters=2 for 130ms
12-09 07:50:21.881 W/audio_hw_generic( 1308): Hardware backing HAL too slow, could only write 0 of 661 frames
12-09 07:50:22.164 D/AndroidRuntime( 8047): >>>>>> START com.android.internal.os.RuntimeInit uid 0 <<<<<<
12-09 07:50:22.192 D/AndroidRuntime( 8047): CheckJNI is ON
12-09 07:50:22.241 D/ICU     ( 8047): No timezone override file found: /data/misc/zoneinfo/current/icu/icu_tzdata.dat
12-09 07:50:22.359 W/audio_hw_generic( 1308): Not supplying enough data to HAL, expected position 10118859 , only wrote 10118588
12-09 07:50:22.360 W/audio_hw_generic( 1308): Not supplying enough data to HAL, expected position 10118595 , only wrote 10118588
12-09 07:50:22.375 W/audio_hw_generic( 1308): Hardware backing HAL too slow, could only write 0 of 661 frames
12-09 07:50:22.461 W/audio_hw_generic( 1308): Hardware backing HAL too slow, could only write 0 of 661 frames
12-09 07:50:22.466 E/memtrack( 8047): Couldn't load memtrack module (No such file or directory)
12-09 07:50:22.466 E/android.os.Debug( 8047): failed to load memtrack module: -2
12-09 07:50:22.468 I/Radio-JNI( 8047): register_android_hardware_Radio DONE
12-09 07:50:22.514 W/audio_hw_generic( 1308): Not supplying enough data to HAL, expected position 10125415 , only wrote 10125198
12-09 07:50:22.515 W/audio_hw_generic( 1308): Not supplying enough data to HAL, expected position 10125205 , only wrote 10125198
12-09 07:50:22.523 D/AndroidRuntime( 8047): Calling main entry com.android.commands.am.Am
12-09 07:50:22.534 W/audio_hw_generic( 1308): Not supplying enough data to HAL, expected position 10126068 , only wrote 10125859
12-09 07:50:22.563 I/Choreographer( 1939): Skipped 43 frames!  The application may be doing too much work on its main thread.
12-09 07:50:22.563 I/ActivityManager( 1592): Force stopping com.evancharlton.mileage appid=10123 user=0: start instr
12-09 07:50:22.564 I/ActivityManager( 1592): Killing 8003:com.evancharlton.mileage/u0a123 (adj 0): stop com.evancharlton.mileage
12-09 07:50:22.694 W/audio_hw_generic( 1308): Not supplying enough data to HAL, expected position 10132892 , only wrote 10127181
12-09 07:50:22.701 W/OpenGLRenderer( 1939): Incorrectly called buildLayer on View: ShortcutAndWidgetContainer, destroying layer...
12-09 07:50:22.750 W/audio_hw_generic( 1308): Hardware backing HAL too slow, could only write 0 of 661 frames
12-09 07:50:22.762 W/audio_hw_generic( 1308): Hardware backing HAL too slow, could only write 0 of 661 frames
12-09 07:50:22.782 W/audio_hw_generic( 1308): Hardware backing HAL too slow, could only write 0 of 661 frames
12-09 07:50:22.795 W/ActivityManager( 1592): Crash of app com.evancharlton.mileage running instrumentation ComponentInfo{com.evancharlton.mileage.test/sh.calaba.instrumentationbackend.CalabashInstrumentationTestRunner}
12-09 07:50:22.795 I/ActivityManager( 1592): Force stopping com.evancharlton.mileage appid=10123 user=0: finished inst
12-09 07:50:22.806 W/audio_hw_generic( 1308): Not supplying enough data to HAL, expected position 10136077 , only wrote 10131808
12-09 07:50:22.846 I/WindowState( 1592): WIN DEATH: Window{7ea040e u0 com.evancharlton.mileage/com.evancharlton.mileage.Mileage EXITING}
12-09 07:50:22.856 I/art     ( 1311): Starting a blocking GC Background
12-09 07:50:22.856 I/art     ( 1311): Starting a blocking GC Background
12-09 07:50:22.910 I/art     ( 1311): Starting a blocking GC HeapTrim
12-09 07:50:22.976 I/ActivityManager( 1592): Start proc 8056:com.evancharlton.mileage/u0a123 for added application com.evancharlton.mileage
12-09 07:50:22.976 D/AndroidRuntime( 8047): Shutting down VM
12-09 07:50:23.058 W/System  ( 8056): ClassLoader referenced unknown path: /data/app/com.evancharlton.mileage.test-1/lib/x86_64
12-09 07:50:23.058 W/System  ( 8056): ClassLoader referenced unknown path: /data/app/com.evancharlton.mileage-1/lib/x86_64
12-09 07:50:23.107 I/System.out( 8056): Main activity name automatically set to: com.evancharlton.mileage.Mileage
12-09 07:50:23.107 I/System.out( 8056): Calabash did not load Mono. This is only a problem if you are trying to test a Mono application
12-09 07:50:23.108 I/calabash( 8056): Test server port: 7102
12-09 07:50:23.108 I/InstrumentationBackend( 8056): Added:'GetPreferences', with key:'get_preferences'
12-09 07:50:23.156 W/WindowAnimator( 1592): Failed to dispatch window animation state change.
12-09 07:50:23.156 W/WindowAnimator( 1592): android.os.DeadObjectException
12-09 07:50:23.156 W/WindowAnimator( 1592): 	at android.os.BinderProxy.transactNative(Native Method)
12-09 07:50:23.156 W/WindowAnimator( 1592): 	at android.os.BinderProxy.transact(Binder.java:503)
12-09 07:50:23.156 W/WindowAnimator( 1592): 	at android.view.IWindow$Stub$Proxy.onAnimationStopped(IWindow.java:534)
12-09 07:50:23.156 W/WindowAnimator( 1592): 	at com.android.server.wm.WindowAnimator.updateWindowsLocked(WindowAnimator.java:286)
12-09 07:50:23.156 W/WindowAnimator( 1592): 	at com.android.server.wm.WindowAnimator.animateLocked(WindowAnimator.java:678)
12-09 07:50:23.156 W/WindowAnimator( 1592): 	at com.android.server.wm.WindowAnimator.-wrap0(WindowAnimator.java)
12-09 07:50:23.156 W/WindowAnimator( 1592): 	at com.android.server.wm.WindowAnimator$1.doFrame(WindowAnimator.java:123)
12-09 07:50:23.156 W/WindowAnimator( 1592): 	at android.view.Choreographer$CallbackRecord.run(Choreographer.java:856)
12-09 07:50:23.156 W/WindowAnimator( 1592): 	at android.view.Choreographer.doCallbacks(Choreographer.java:670)
12-09 07:50:23.156 W/WindowAnimator( 1592): 	at android.view.Choreographer.doFrame(Choreographer.java:603)
12-09 07:50:23.156 W/WindowAnimator( 1592): 	at android.view.Choreographer$FrameDisplayEventReceiver.run(Choreographer.java:844)
12-09 07:50:23.156 W/WindowAnimator( 1592): 	at android.os.Handler.handleCallback(Handler.java:739)
12-09 07:50:23.156 W/WindowAnimator( 1592): 	at android.os.Handler.dispatchMessage(Handler.java:95)
12-09 07:50:23.156 W/WindowAnimator( 1592): 	at android.os.Looper.loop(Looper.java:148)
12-09 07:50:23.156 W/WindowAnimator( 1592): 	at android.os.HandlerThread.run(HandlerThread.java:61)
12-09 07:50:23.156 W/WindowAnimator( 1592): 	at com.android.server.ServiceThread.run(ServiceThread.java:46)
12-09 07:50:23.181 I/InstrumentationBackend( 8056): Added:'SetPreferences', with key:'set_preferences'
12-09 07:50:23.186 I/InstrumentationBackend( 8056): Added:'ClearPreferences', with key:'clear_preferences'
12-09 07:50:23.186 I/InstrumentationBackend( 8056): Added:'PressElement', with key:'press_l10n_element'
12-09 07:50:23.186 I/InstrumentationBackend( 8056): Added:'WaitForElement', with key:'wait_for_l10n_element'
12-09 07:50:23.186 I/InstrumentationBackend( 8056): Added:'NullAction', with key:'nullAction'
12-09 07:50:23.187 I/InstrumentationBackend( 8056): Added:'PressKey', with key:'press_key'
12-09 07:50:23.187 I/InstrumentationBackend( 8056): Added:'SetActivityOrientation', with key:'set_activity_orientation'
12-09 07:50:23.187 I/InstrumentationBackend( 8056): Added:'GetActivityOrientation', with key:'get_activity_orientation'
12-09 07:50:23.187 I/InstrumentationBackend( 8056): Added:'FakeGPSLocation', with key:'set_gps_coordinates'
12-09 07:50:23.187 I/InstrumentationBackend( 8056): Added:'SetPropertyByCssSelector', with key:'set_property_by_css_selector'
12-09 07:50:23.188 I/InstrumentationBackend( 8056): Added:'GetUrl', with key:'get_url'
12-09 07:50:23.188 I/InstrumentationBackend( 8056): Added:'ScrollTo', with key:'scroll_to'
12-09 07:50:23.189 I/InstrumentationBackend( 8056): Added:'GetLoadProgress', with key:'get_load_progress'
12-09 07:50:23.189 I/InstrumentationBackend( 8056): Added:'DumpHtml', with key:'dump_html'
12-09 07:50:23.189 I/InstrumentationBackend( 8056): Added:'DumpBodyHtml', with key:'dump_body_html'
12-09 07:50:23.189 I/InstrumentationBackend( 8056): Added:'EnterTextByCssSelector', with key:'enter_text_by_selector'
12-09 07:50:23.197 I/InstrumentationBackend( 8056): Added:'AndroidSDKVersion', with key:'android_sdk_version'
12-09 07:50:23.197 I/InstrumentationBackend( 8056): Added:'Version', with key:'version'
12-09 07:50:23.198 I/InstrumentationBackend( 8056): Added:'Drag', with key:'drag'
12-09 07:50:23.202 I/InstrumentationBackend( 8056): Added:'TouchCoordinates', with key:'touch_coordinate'
12-09 07:50:23.202 I/InstrumentationBackend( 8056): Added:'LongPressCoordinate', with key:'long_press_coordinate'
12-09 07:50:23.202 I/InstrumentationBackend( 8056): Added:'DragCoordinates', with key:'drag_coordinates'
12-09 07:50:23.202 I/InstrumentationBackend( 8056): Added:'ResumeApplication', with key:'resume_application'
12-09 07:50:23.203 I/InstrumentationBackend( 8056): Added:'Swipe', with key:'swipe'
12-09 07:50:23.203 I/InstrumentationBackend( 8056): Added:'DoubleTapCoordinate', with key:'double_tap_coordinate'
12-09 07:50:23.203 I/InstrumentationBackend( 8056): Added:'ClickOnScreen', with key:'click_on_screen'
12-09 07:50:23.203 I/InstrumentationBackend( 8056): Added:'GetActivityName', with key:'get_activity_name'
12-09 07:50:23.203 I/InstrumentationBackend( 8056): Added:'ScrollToView', with key:'scroll_to_view'
12-09 07:50:23.204 I/InstrumentationBackend( 8056): Added:'ViewConfiguration', with key:'view_configuration'
12-09 07:50:23.204 I/InstrumentationBackend( 8056): Added:'IsCurrentActivityFocused', with key:'is_current_activity_focused'
12-09 07:50:23.204 I/InstrumentationBackend( 8056): Added:'SendTcp', with key:'send_tcp'
12-09 07:50:23.204 I/InstrumentationBackend( 8056): Added:'DpToDevicePixel', with key:'dp_to_device_pixel'
12-09 07:50:23.205 I/InstrumentationBackend( 8056): Added:'KeyboardEnterText', with key:'keyboard_enter_text'
12-09 07:50:23.205 I/InstrumentationBackend( 8056): Added:'DeleteSurroundingText', with key:'delete_surrounding_text'
12-09 07:50:23.205 I/InstrumentationBackend( 8056): Added:'SetComposingRegion', with key:'set_composing_region'
12-09 07:50:23.205 I/InstrumentationBackend( 8056): Added:'SetSelection', with key:'set_selection'
12-09 07:50:23.214 I/InstrumentationBackend( 8056): Added:'KeyboardKeyEvent', with key:'keyboard_key_event'
12-09 07:50:23.214 I/InstrumentationBackend( 8056): Added:'PressUserActionButton', with key:'press_user_action_button'
12-09 07:50:23.214 I/InstrumentationBackend( 8056): Added:'HideSoftKeyboard', with key:'hide_soft_keyboard'
12-09 07:50:23.215 I/InstrumentationBackend( 8056): Added:'ListActions', with key:'list_actions'
12-09 07:50:23.215 I/calabash( 8056): Instantiating http server at 7102
12-09 07:50:23.226 I/System.out( 8056): HTTP Daemon listening on: 7102
12-09 07:50:23.424 I/System.out( 8056): URI: //ping
12-09 07:50:23.424 I/System.out( 8056): params: {json={}
12-09 07:50:23.424 I/System.out( 8056): }
12-09 07:50:23.587 I/System.out( 8056): URI: //ping
12-09 07:50:23.587 I/System.out( 8056): params: {json={}
12-09 07:50:23.587 I/System.out( 8056): }
12-09 07:50:23.679 I/System.out( 8056): URI: //ready
12-09 07:50:23.679 I/System.out( 8056): params: {json={}
12-09 07:50:23.679 I/System.out( 8056): }
12-09 07:50:23.707 I/System.out( 8056): URI: //
12-09 07:50:23.707 I/System.out( 8056): params: {json={"command":"version","arguments":[]}
12-09 07:50:23.707 I/System.out( 8056): }
12-09 07:50:23.707 I/System.out( 8056): header: {date=Sun, 09 Dec 2018 07:50:24 GMT, accept=*/*, content-length=36, host=127.0.0.1:34777, user-agent=HTTPClient/1.0 (2.8.3, ruby 2.3.1 (2016-04-26)), content-type=application/json;charset=utf-8}
12-09 07:50:23.707 I/System.out( 8056): params: {json={"command":"version","arguments":[]}
12-09 07:50:23.707 I/System.out( 8056): }
12-09 07:50:23.707 I/System.out( 8056): ProP json = {"command":"version","arguments":[]}
12-09 07:50:23.707 I/System.out( 8056): files: {}
12-09 07:50:23.707 I/System.out( 8056): command: {"command":"version","arguments":[]}
12-09 07:50:23.746 I/InstrumentationBackend( 8056): Got command:'Command:'Line:null,version', arguments:'[]'
12-09 07:50:23.786 I/System.out( 8056): result:{"bonusInformation":[],"message":"0.9.8","success":true}
12-09 07:50:23.851 I/System.out( 8056): URI: //start-application
12-09 07:50:23.851 I/System.out( 8056): params: {json={"intent":null}
12-09 07:50:23.851 I/System.out( 8056): }
12-09 07:50:23.910 I/ActivityManager( 1592): START u0 {act=android.intent.action.MAIN cat=[android.intent.category.LAUNCHER] flg=0x10200000 cmp=com.evancharlton.mileage/.Mileage} from uid 10123 on display 0
12-09 07:50:23.998 I/art     ( 8056): Background partial concurrent mark sweep GC freed 38040(2MB) AllocSpace objects, 15(300KB) LOS objects, 45% free, 1211KB/2MB, paused 5.944ms total 81.187ms
12-09 07:50:24.017 I/calabash( 8056): newActivity1
12-09 07:50:24.137 I/calabash( 8056): newActivity1
12-09 07:50:24.139 W/ActivityManager( 1592): Bad activity token: android.os.BinderProxy@c93011f
12-09 07:50:24.139 W/ActivityManager( 1592): java.lang.ClassCastException: android.os.BinderProxy cannot be cast to com.android.server.am.ActivityRecord$Token
12-09 07:50:24.139 W/ActivityManager( 1592): 	at com.android.server.am.ActivityRecord.forTokenLocked(ActivityRecord.java:424)
12-09 07:50:24.139 W/ActivityManager( 1592): 	at com.android.server.am.ActivityRecord.isInStackLocked(ActivityRecord.java:1121)
12-09 07:50:24.139 W/ActivityManager( 1592): 	at com.android.server.am.ActivityRecord.getStackLocked(ActivityRecord.java:1126)
12-09 07:50:24.139 W/ActivityManager( 1592): 	at com.android.server.am.ActivityManagerService.getActivityDisplayId(ActivityManagerService.java:8889)
12-09 07:50:24.139 W/ActivityManager( 1592): 	at android.app.ActivityManagerNative.onTransact(ActivityManagerNative.java:2338)
12-09 07:50:24.139 W/ActivityManager( 1592): 	at com.android.server.am.ActivityManagerService.onTransact(ActivityManagerService.java:2443)
12-09 07:50:24.139 W/ActivityManager( 1592): 	at android.os.Binder.execTransact(Binder.java:453)
12-09 07:50:24.139 W/ActivityManager( 1592): Bad activity token: android.os.BinderProxy@c93011f
12-09 07:50:24.139 W/ActivityManager( 1592): java.lang.ClassCastException: android.os.BinderProxy cannot be cast to com.android.server.am.ActivityRecord$Token
12-09 07:50:24.139 W/ActivityManager( 1592): 	at com.android.server.am.ActivityRecord.forTokenLocked(ActivityRecord.java:424)
12-09 07:50:24.139 W/ActivityManager( 1592): 	at com.android.server.am.ActivityRecord.isInStackLocked(ActivityRecord.java:1121)
12-09 07:50:24.139 W/ActivityManager( 1592): 	at com.android.server.am.ActivityManagerService.setTaskDescription(ActivityManagerService.java:8547)
12-09 07:50:24.139 W/ActivityManager( 1592): 	at android.app.ActivityManagerNative.onTransact(ActivityManagerNative.java:2410)
12-09 07:50:24.139 W/ActivityManager( 1592): 	at com.android.server.am.ActivityManagerService.onTransact(ActivityManagerService.java:2443)
12-09 07:50:24.139 W/ActivityManager( 1592): 	at android.os.Binder.execTransact(Binder.java:453)
12-09 07:50:24.153 D/gralloc_ranchu( 1219): gralloc_alloc: Creating ashmem region of size 3686400
12-09 07:50:24.244 W/ActivityManager( 1592): Bad activity token: android.os.BinderProxy@c93011f
12-09 07:50:24.244 W/ActivityManager( 1592): java.lang.ClassCastException: android.os.BinderProxy cannot be cast to com.android.server.am.ActivityRecord$Token
12-09 07:50:24.244 W/ActivityManager( 1592): 	at com.android.server.am.ActivityRecord.forTokenLocked(ActivityRecord.java:424)
12-09 07:50:24.244 W/ActivityManager( 1592): 	at com.android.server.am.ActivityRecord.isInStackLocked(ActivityRecord.java:1121)
12-09 07:50:24.244 W/ActivityManager( 1592): 	at com.android.server.am.ActivityManagerService.getActivityOptions(ActivityManagerService.java:11038)
12-09 07:50:24.244 W/ActivityManager( 1592): 	at android.app.ActivityManagerNative.onTransact(ActivityManagerNative.java:1734)
12-09 07:50:24.244 W/ActivityManager( 1592): 	at com.android.server.am.ActivityManagerService.onTransact(ActivityManagerService.java:2443)
12-09 07:50:24.244 W/ActivityManager( 1592): 	at android.os.Binder.execTransact(Binder.java:453)
12-09 07:50:24.244 W/ActivityManager( 1592): Bad activity token: android.os.BinderProxy@c93011f
12-09 07:50:24.244 W/ActivityManager( 1592): java.lang.ClassCastException: android.os.BinderProxy cannot be cast to com.android.server.am.ActivityRecord$Token
12-09 07:50:24.244 W/ActivityManager( 1592): 	at com.android.server.am.ActivityRecord.forTokenLocked(ActivityRecord.java:424)
12-09 07:50:24.244 W/ActivityManager( 1592): 	at com.android.server.am.ActivityRecord.isInStackLocked(ActivityRecord.java:1121)
12-09 07:50:24.244 W/ActivityManager( 1592): 	at com.android.server.am.ActivityManagerService.getActivityOptions(ActivityManagerService.java:11038)
12-09 07:50:24.244 W/ActivityManager( 1592): 	at android.app.ActivityManagerNative.onTransact(ActivityManagerNative.java:1734)
12-09 07:50:24.244 W/ActivityManager( 1592): 	at com.android.server.am.ActivityManagerService.onTransact(ActivityManagerService.java:2443)
12-09 07:50:24.244 W/ActivityManager( 1592): 	at android.os.Binder.execTransact(Binder.java:453)
12-09 07:50:24.424 V/PhoneStatusBar( 1699): setLightsOn(true)
12-09 07:50:24.448 D/EGL_emulation( 1939): eglMakeCurrent: 0x7f6defc74dc0: ver 2 0 (tinfo 0x7f6defc42d60)
12-09 07:50:24.463 E/Surface ( 1939): getSlotFromBufferLocked: unknown buffer: 0x7f6defc75c20
12-09 07:50:24.474 D/gralloc_ranchu( 1219): gralloc_alloc: Creating ashmem region of size 3686400
12-09 07:50:24.621 D/        ( 8056): HostConnection::get() New Host Connection established 0x7f6dedbc94a0, tid 8056
12-09 07:50:24.743 W/art     ( 1592): Long monitor contention event with owner method=void com.android.server.wm.WindowAnimator$1.doFrame(long) from WindowAnimator.java:121 waiters=0 for 103ms
12-09 07:50:24.899 W/art     ( 1592): Long monitor contention event with owner method=void com.android.server.wm.WindowAnimator$1.doFrame(long) from WindowAnimator.java:121 waiters=0 for 156ms
12-09 07:50:25.310 W/art     ( 1592): Long monitor contention event with owner method=void com.android.server.wm.WindowAnimator$1.doFrame(long) from WindowAnimator.java:121 waiters=2 for 243ms
12-09 07:50:25.421 W/art     ( 1592): Long monitor contention event with owner method=void com.android.server.wm.WindowAnimator$1.doFrame(long) from WindowAnimator.java:121 waiters=2 for 272ms
12-09 07:50:25.637 W/art     ( 1592): Long monitor contention event with owner method=void com.android.server.wm.WindowAnimator$1.doFrame(long) from WindowAnimator.java:121 waiters=2 for 319ms
12-09 07:50:25.719 W/art     ( 1592): Long monitor contention event with owner method=java.util.List com.android.server.am.ActivityManagerService.getAllStackInfos() from ActivityManagerService.java:8937 waiters=0 for 605ms
12-09 07:50:25.746 D/gralloc_ranchu( 1219): gralloc_alloc: Creating ashmem region of size 3686400
12-09 07:50:25.756 I/ActivityManager( 1592): Displayed com.evancharlton.mileage/.Mileage: +1s742ms
12-09 07:50:27.631 I/System.out( 8056): URI: //map
12-09 07:50:27.638 I/System.out( 8056): params: {json={"query":"android.widget.EditText id:'price'","operation":{"method_name":"query","arguments":[]}}
12-09 07:50:27.638 I/System.out( 8056): }
12-09 07:50:27.745 W/ResourceType( 8056): No package identifier when getting name for resource number 0x00000001
12-09 07:50:27.874 I/System.out( 8056): URI: //gesture
12-09 07:50:27.874 I/System.out( 8056): params: {json={"query_timeout":5.0,"gestures":[{"query_string":"android.widget.EditText id:'price'","touches":[{"x":50,"y":50,"offset_x":0,"offset_y":0,"wait":0.0,"time":0.2,"release":true,"query_string":null}]}]}
12-09 07:50:27.875 I/System.out( 8056): }
12-09 07:50:27.889 W/ResourceType( 8056): No package identifier when getting name for resource number 0x00000001
12-09 07:50:28.198 I/LatinIME( 1876): Starting input. Cursor position = 0,0
12-09 07:50:28.346 I/art     ( 8056): Background sticky concurrent mark sweep GC freed 26016(1271KB) AllocSpace objects, 1(20KB) LOS objects, 24% free, 2MB/3MB, paused 1.919ms total 114.978ms
12-09 07:50:28.683 D/EGL_emulation( 1876): eglMakeCurrent: 0x7f6de3fd6140: ver 2 0 (tinfo 0x7f6de3fd56e0)
12-09 07:50:28.863 I/System.out( 8056): URI: //
12-09 07:50:28.863 I/System.out( 8056): params: {json={"command":"set_selection","arguments":[-1,-1]}
12-09 07:50:28.863 I/System.out( 8056): }
12-09 07:50:28.863 I/System.out( 8056): header: {date=Sun, 09 Dec 2018 07:50:29 GMT, accept=*/*, content-length=47, host=127.0.0.1:34777, user-agent=HTTPClient/1.0 (2.8.3, ruby 2.3.1 (2016-04-26)), content-type=application/json;charset=utf-8}
12-09 07:50:28.863 I/System.out( 8056): params: {json={"command":"set_selection","arguments":[-1,-1]}
12-09 07:50:28.863 I/System.out( 8056): }
12-09 07:50:28.863 I/System.out( 8056): ProP json = {"command":"set_selection","arguments":[-1,-1]}
12-09 07:50:28.863 I/System.out( 8056): files: {}
12-09 07:50:28.863 I/System.out( 8056): command: {"command":"set_selection","arguments":[-1,-1]}
12-09 07:50:28.865 I/InstrumentationBackend( 8056): Got command:'Command:'Line:null,set_selection', arguments:'[-1, -1]'
12-09 07:50:29.135 I/System.out( 8056): result:{"bonusInformation":[],"message":"","success":true}
12-09 07:50:29.463 I/System.out( 8056): URI: //
12-09 07:50:29.463 I/System.out( 8056): params: {json={"command":"keyboard_enter_text","arguments":["-321ßå∂˚¡–ºß123"]}
12-09 07:50:29.463 I/System.out( 8056): }
12-09 07:50:29.463 I/System.out( 8056): header: {date=Sun, 09 Dec 2018 07:50:30 GMT, accept=*/*, content-length=75, host=127.0.0.1:34777, user-agent=HTTPClient/1.0 (2.8.3, ruby 2.3.1 (2016-04-26)), content-type=application/json;charset=utf-8}
12-09 07:50:29.463 I/System.out( 8056): params: {json={"command":"keyboard_enter_text","arguments":["-321ßå∂˚¡–ºß123"]}
12-09 07:50:29.463 I/System.out( 8056): }
12-09 07:50:29.463 I/System.out( 8056): ProP json = {"command":"keyboard_enter_text","arguments":["-321ßå∂˚¡–ºß123"]}
12-09 07:50:29.463 I/System.out( 8056): files: {}
12-09 07:50:29.464 I/System.out( 8056): command: {"command":"keyboard_enter_text","arguments":["-321ßå∂˚¡–ºß123"]}
12-09 07:50:29.465 I/InstrumentationBackend( 8056): Got command:'Command:'Line:null,keyboard_enter_text', arguments:'[-321ßå∂˚¡–ºß123]'
12-09 07:50:29.465 E/SpannableStringBuilder( 8056): SPAN_EXCLUSIVE_EXCLUSIVE spans cannot have a zero length
12-09 07:50:29.470 E/SpannableStringBuilder( 8056): SPAN_EXCLUSIVE_EXCLUSIVE spans cannot have a zero length
12-09 07:50:29.533 E/SpannableStringBuilder( 8056): SPAN_EXCLUSIVE_EXCLUSIVE spans cannot have a zero length
12-09 07:50:29.533 E/SpannableStringBuilder( 8056): SPAN_EXCLUSIVE_EXCLUSIVE spans cannot have a zero length
12-09 07:50:29.553 I/System.out( 8056): result:{"bonusInformation":[],"message":"","success":true}
12-09 07:50:30.121 E/SurfaceFlinger( 1219): ro.sf.lcd_density must be defined as a build property
12-09 07:50:30.137 D/gralloc_ranchu( 1219): gralloc_alloc: Creating ashmem region of size 3686400
12-09 07:50:30.199 D/        ( 8088): HostConnection::get() New Host Connection established 0x7f17c5512480, tid 8088
12-09 07:50:30.224 E/EGL_emulation( 1219): tid 1219: eglCreateSyncKHR(1881): error 0x3004 (EGL_BAD_ATTRIBUTE)
12-09 07:50:31.172 I/System.out( 8056): URI: //map
12-09 07:50:31.173 I/System.out( 8056): params: {json={"query":"android.widget.EditText id:'volume'","operation":{"method_name":"query","arguments":[]}}
12-09 07:50:31.173 I/System.out( 8056): }
12-09 07:50:31.225 W/ResourceType( 8056): No package identifier when getting name for resource number 0x00000001
12-09 07:50:31.310 I/art     ( 8056): Background sticky concurrent mark sweep GC freed 25764(1170KB) AllocSpace objects, 5(100KB) LOS objects, 0% free, 3MB/3MB, paused 2.213ms total 109.629ms
12-09 07:50:31.562 I/art     ( 8056): Background partial concurrent mark sweep GC freed 33629(1606KB) AllocSpace objects, 1(20KB) LOS objects, 39% free, 2MB/3MB, paused 1.367ms total 249.294ms
12-09 07:50:31.575 I/System.out( 8056): URI: //gesture
12-09 07:50:31.594 I/System.out( 8056): params: {json={"query_timeout":5.0,"gestures":[{"query_string":"android.widget.EditText id:'volume'","touches":[{"x":50,"y":50,"offset_x":0,"offset_y":0,"wait":0.0,"time":0.2,"release":true,"query_string":null}]}]}
12-09 07:50:31.594 I/System.out( 8056): }
12-09 07:50:31.652 W/ResourceType( 8056): No package identifier when getting name for resource number 0x00000001
12-09 07:50:32.022 I/LatinIME( 1876): Starting input. Cursor position = 0,0
12-09 07:50:32.610 I/System.out( 8056): URI: //
12-09 07:50:32.610 I/System.out( 8056): params: {json={"command":"set_selection","arguments":[-1,-1]}
12-09 07:50:32.610 I/System.out( 8056): }
12-09 07:50:32.610 I/System.out( 8056): header: {date=Sun, 09 Dec 2018 07:50:33 GMT, accept=*/*, content-length=47, host=127.0.0.1:34777, user-agent=HTTPClient/1.0 (2.8.3, ruby 2.3.1 (2016-04-26)), content-type=application/json;charset=utf-8}
12-09 07:50:32.611 I/System.out( 8056): params: {json={"command":"set_selection","arguments":[-1,-1]}
12-09 07:50:32.611 I/System.out( 8056): }
12-09 07:50:32.611 I/System.out( 8056): ProP json = {"command":"set_selection","arguments":[-1,-1]}
12-09 07:50:32.611 I/System.out( 8056): files: {}
12-09 07:50:32.611 I/System.out( 8056): command: {"command":"set_selection","arguments":[-1,-1]}
12-09 07:50:32.612 I/InstrumentationBackend( 8056): Got command:'Command:'Line:null,set_selection', arguments:'[-1, -1]'
12-09 07:50:32.638 I/System.out( 8056): result:{"bonusInformation":[],"message":"","success":true}
12-09 07:50:32.915 I/System.out( 8056): URI: //
12-09 07:50:32.915 I/System.out( 8056): params: {json={"command":"keyboard_enter_text","arguments":["åß9∂º–ç¬  ß29å∂˚¡–ºß123"]}
12-09 07:50:32.915 I/System.out( 8056): }
12-09 07:50:32.915 I/System.out( 8056): header: {date=Sun, 09 Dec 2018 07:50:33 GMT, accept=*/*, content-length=92, host=127.0.0.1:34777, user-agent=HTTPClient/1.0 (2.8.3, ruby 2.3.1 (2016-04-26)), content-type=application/json;charset=utf-8}
12-09 07:50:32.915 I/System.out( 8056): params: {json={"command":"keyboard_enter_text","arguments":["åß9∂º–ç¬  ß29å∂˚¡–ºß123"]}
12-09 07:50:32.915 I/System.out( 8056): }
12-09 07:50:32.915 I/System.out( 8056): ProP json = {"command":"keyboard_enter_text","arguments":["åß9∂º–ç¬  ß29å∂˚¡–ºß123"]}
12-09 07:50:32.916 I/System.out( 8056): files: {}
12-09 07:50:32.916 I/System.out( 8056): command: {"command":"keyboard_enter_text","arguments":["åß9∂º–ç¬  ß29å∂˚¡–ºß123"]}
12-09 07:50:32.917 I/InstrumentationBackend( 8056): Got command:'Command:'Line:null,keyboard_enter_text', arguments:'[åß9∂º–ç¬  ß29å∂˚¡–ºß123]'
12-09 07:50:32.917 E/SpannableStringBuilder( 8056): SPAN_EXCLUSIVE_EXCLUSIVE spans cannot have a zero length
12-09 07:50:32.917 E/SpannableStringBuilder( 8056): SPAN_EXCLUSIVE_EXCLUSIVE spans cannot have a zero length
12-09 07:50:32.921 E/SpannableStringBuilder( 8056): SPAN_EXCLUSIVE_EXCLUSIVE spans cannot have a zero length
12-09 07:50:32.921 E/SpannableStringBuilder( 8056): SPAN_EXCLUSIVE_EXCLUSIVE spans cannot have a zero length
12-09 07:50:32.934 I/System.out( 8056): result:{"bonusInformation":[],"message":"","success":true}
12-09 07:50:33.020 I/art     ( 8056): Background sticky concurrent mark sweep GC freed 28647(1416KB) AllocSpace objects, 8(160KB) LOS objects, 37% free, 2MB/3MB, paused 19.530ms total 72.872ms
12-09 07:50:33.522 E/SurfaceFlinger( 1219): ro.sf.lcd_density must be defined as a build property
12-09 07:50:33.524 D/gralloc_ranchu( 1219): gralloc_alloc: Creating ashmem region of size 3686400
12-09 07:50:33.597 D/        ( 8098): HostConnection::get() New Host Connection established 0x7fce6af52480, tid 8098
12-09 07:50:33.659 E/EGL_emulation( 1219): tid 1219: eglCreateSyncKHR(1881): error 0x3004 (EGL_BAD_ATTRIBUTE)
12-09 07:50:34.770 I/System.out( 8056): URI: //map
12-09 07:50:34.770 I/System.out( 8056): params: {json={"query":"android.widget.EditText id:'odometer'","operation":{"method_name":"query","arguments":[]}}
12-09 07:50:34.770 I/System.out( 8056): }
12-09 07:50:34.812 W/ResourceType( 8056): No package identifier when getting name for resource number 0x00000001
12-09 07:50:34.974 I/art     ( 8056): Background sticky concurrent mark sweep GC freed 44951(2034KB) AllocSpace objects, 2(40KB) LOS objects, 34% free, 2MB/3MB, paused 2.932ms total 132.347ms
12-09 07:50:34.975 I/System.out( 8056): URI: //gesture
12-09 07:50:34.975 I/System.out( 8056): params: {json={"query_timeout":5.0,"gestures":[{"query_string":"android.widget.EditText id:'odometer'","touches":[{"x":50,"y":50,"offset_x":0,"offset_y":0,"wait":0.0,"time":0.2,"release":true,"query_string":null}]}]}
12-09 07:50:34.975 I/System.out( 8056): }
12-09 07:50:35.067 W/ResourceType( 8056): No package identifier when getting name for resource number 0x00000001
12-09 07:50:35.727 I/LatinIME( 1876): Starting input. Cursor position = 0,0
12-09 07:50:36.073 I/art     ( 8056): Background sticky concurrent mark sweep GC freed 45192(2030KB) AllocSpace objects, 1(20KB) LOS objects, 31% free, 2MB/3MB, paused 7.522ms total 260.414ms
12-09 07:50:36.227 I/Choreographer( 1876): Skipped 30 frames!  The application may be doing too much work on its main thread.
12-09 07:50:36.465 I/System.out( 8056): URI: //
12-09 07:50:36.465 I/System.out( 8056): params: {json={"command":"set_selection","arguments":[-1,-1]}
12-09 07:50:36.465 I/System.out( 8056): }
12-09 07:50:36.465 I/System.out( 8056): header: {date=Sun, 09 Dec 2018 07:50:37 GMT, accept=*/*, content-length=47, host=127.0.0.1:34777, user-agent=HTTPClient/1.0 (2.8.3, ruby 2.3.1 (2016-04-26)), content-type=application/json;charset=utf-8}
12-09 07:50:36.465 I/System.out( 8056): params: {json={"command":"set_selection","arguments":[-1,-1]}
12-09 07:50:36.465 I/System.out( 8056): }
12-09 07:50:36.467 I/System.out( 8056): ProP json = {"command":"set_selection","arguments":[-1,-1]}
12-09 07:50:36.467 I/System.out( 8056): files: {}
12-09 07:50:36.467 I/System.out( 8056): command: {"command":"set_selection","arguments":[-1,-1]}
12-09 07:50:36.468 I/InstrumentationBackend( 8056): Got command:'Command:'Line:null,set_selection', arguments:'[-1, -1]'
12-09 07:50:36.552 I/System.out( 8056): result:{"bonusInformation":[],"message":"","success":true}
12-09 07:50:36.716 I/System.out( 8056): URI: //
12-09 07:50:36.716 I/System.out( 8056): params: {json={"command":"keyboard_enter_text","arguments":["=+œå∑ß≈´∂ç®ƒ√†©∫¡™£"]}
12-09 07:50:36.716 I/System.out( 8056): }
12-09 07:50:36.720 I/System.out( 8056): header: {date=Sun, 09 Dec 2018 07:50:37 GMT, accept=*/*, content-length=93, host=127.0.0.1:34777, user-agent=HTTPClient/1.0 (2.8.3, ruby 2.3.1 (2016-04-26)), content-type=application/json;charset=utf-8}
12-09 07:50:36.720 I/System.out( 8056): params: {json={"command":"keyboard_enter_text","arguments":["=+œå∑ß≈´∂ç®ƒ√†©∫¡™£"]}
12-09 07:50:36.720 I/System.out( 8056): }
12-09 07:50:36.720 I/System.out( 8056): ProP json = {"command":"keyboard_enter_text","arguments":["=+œå∑ß≈´∂ç®ƒ√†©∫¡™£"]}
12-09 07:50:36.720 I/System.out( 8056): files: {}
12-09 07:50:36.720 I/System.out( 8056): command: {"command":"keyboard_enter_text","arguments":["=+œå∑ß≈´∂ç®ƒ√†©∫¡™£"]}
12-09 07:50:36.721 I/InstrumentationBackend( 8056): Got command:'Command:'Line:null,keyboard_enter_text', arguments:'[=+œå∑ß≈´∂ç®ƒ√†©∫¡™£]'
12-09 07:50:36.734 E/SpannableStringBuilder( 8056): SPAN_EXCLUSIVE_EXCLUSIVE spans cannot have a zero length
12-09 07:50:36.734 E/SpannableStringBuilder( 8056): SPAN_EXCLUSIVE_EXCLUSIVE spans cannot have a zero length
12-09 07:50:36.754 E/SpannableStringBuilder( 8056): SPAN_EXCLUSIVE_EXCLUSIVE spans cannot have a zero length
12-09 07:50:36.754 E/SpannableStringBuilder( 8056): SPAN_EXCLUSIVE_EXCLUSIVE spans cannot have a zero length
12-09 07:50:36.794 I/System.out( 8056): result:{"bonusInformation":[],"message":"","success":true}
12-09 07:50:36.822 I/art     ( 8056): Background partial concurrent mark sweep GC freed 17242(1029KB) AllocSpace objects, 11(220KB) LOS objects, 39% free, 2MB/4MB, paused 5.232ms total 105.284ms
12-09 07:50:37.150 E/SurfaceFlinger( 1219): ro.sf.lcd_density must be defined as a build property
12-09 07:50:37.216 D/gralloc_ranchu( 1219): gralloc_alloc: Creating ashmem region of size 3686400
12-09 07:50:37.233 D/        ( 8108): HostConnection::get() New Host Connection established 0x7fecd3952480, tid 8108
12-09 07:50:37.295 E/EGL_emulation( 1219): tid 1219: eglCreateSyncKHR(1881): error 0x3004 (EGL_BAD_ATTRIBUTE)
