--------- beginning of main
12-09 08:30:24.935 W/art     ( 1591): Long monitor contention event with owner method=void com.android.server.am.ActivityManagerService.activityPaused(android.os.IBinder) from ActivityManagerService.java:6439 waiters=0 for 635ms
12-09 08:30:25.066 W/art     ( 1591): Long monitor contention event with owner method=void com.android.server.wm.WindowAnimator$1.doFrame(long) from WindowAnimator.java:121 waiters=1 for 109ms
--------- beginning of system
12-09 08:30:25.245 W/InputMethodManagerService( 1591): Window already focused, ignoring focus gain of: com.android.internal.view.IInputMethodClient$Stub$Proxy@e1cb57 attribute=null, token = android.os.BinderProxy@daf6727
12-09 08:30:25.714 D/AndroidRuntime(19956): >>>>>> START com.android.internal.os.RuntimeInit uid 0 <<<<<<
12-09 08:30:25.716 D/AndroidRuntime(19956): CheckJNI is ON
12-09 08:30:25.760 D/ICU     (19956): No timezone override file found: /data/misc/zoneinfo/current/icu/icu_tzdata.dat
12-09 08:30:26.158 E/memtrack(19956): Couldn't load memtrack module (No such file or directory)
12-09 08:30:26.158 E/android.os.Debug(19956): failed to load memtrack module: -2
12-09 08:30:26.189 I/Radio-JNI(19956): register_android_hardware_Radio DONE
12-09 08:30:26.207 D/AndroidRuntime(19956): Calling main entry com.android.commands.am.Am
12-09 08:30:26.223 I/ActivityManager( 1591): Force stopping com.evancharlton.mileage appid=10143 user=0: start instr
12-09 08:30:26.231 I/ActivityManager( 1591): Killing 19939:com.evancharlton.mileage/u0a143 (adj 0): stop com.evancharlton.mileage
12-09 08:30:26.277 W/ActivityManager( 1591): Crash of app com.evancharlton.mileage running instrumentation ComponentInfo{com.evancharlton.mileage.test/sh.calaba.instrumentationbackend.ClearAppData2}
12-09 08:30:26.277 I/ActivityManager( 1591): Force stopping com.evancharlton.mileage appid=10143 user=0: finished inst
12-09 08:30:26.308 I/art     ( 1311): Starting a blocking GC HeapTrim
12-09 08:30:26.453 I/ActivityManager( 1591): Start proc 19965:com.evancharlton.mileage/u0a143 for added application com.evancharlton.mileage
12-09 08:30:26.476 W/art     ( 1591): Long monitor contention event with owner method=boolean com.android.server.am.ActivityManagerService.startInstrumentation(android.content.ComponentName, java.lang.String, int, android.os.Bundle, android.app.IInstrumentationWatcher, android.app.IUiAutomationConnection, int, java.lang.String) from ActivityManagerService.java:17066 waiters=0 for 243ms
12-09 08:30:26.477 D/AndroidRuntime(19956): Shutting down VM
12-09 08:30:26.479 W/ActivityManager( 1591): Spurious death for ProcessRecord{8624644 0:com.evancharlton.mileage/u0a143}, curProc for 19939: null
12-09 08:30:26.731 W/System  (19965): ClassLoader referenced unknown path: /data/app/com.evancharlton.mileage.test-1/lib/x86_64
12-09 08:30:26.731 W/System  (19965): ClassLoader referenced unknown path: /data/app/com.evancharlton.mileage-1/lib/x86_64
12-09 08:30:26.746 I/System.out(19965): Main activity name automatically set to: com.evancharlton.mileage.Mileage
12-09 08:30:26.747 I/System.out(19965): Calabash did not load Mono. This is only a problem if you are trying to test a Mono application
12-09 08:30:26.747 I/calabash(19965): Test server port: 7102
12-09 08:30:26.748 I/InstrumentationBackend(19965): Added:'GetPreferences', with key:'get_preferences'
12-09 08:30:26.934 I/art     (19965): Background sticky concurrent mark sweep GC freed 7226(452KB) AllocSpace objects, 0(0B) LOS objects, 31% free, 892KB/1295KB, paused 2.756ms total 153.707ms
12-09 08:30:26.946 I/InstrumentationBackend(19965): Added:'SetPreferences', with key:'set_preferences'
12-09 08:30:26.946 I/InstrumentationBackend(19965): Added:'ClearPreferences', with key:'clear_preferences'
12-09 08:30:26.946 I/InstrumentationBackend(19965): Added:'PressElement', with key:'press_l10n_element'
12-09 08:30:26.946 I/InstrumentationBackend(19965): Added:'WaitForElement', with key:'wait_for_l10n_element'
12-09 08:30:26.948 I/InstrumentationBackend(19965): Added:'NullAction', with key:'nullAction'
12-09 08:30:26.949 I/InstrumentationBackend(19965): Added:'PressKey', with key:'press_key'
12-09 08:30:26.949 I/InstrumentationBackend(19965): Added:'SetActivityOrientation', with key:'set_activity_orientation'
12-09 08:30:26.949 I/InstrumentationBackend(19965): Added:'GetActivityOrientation', with key:'get_activity_orientation'
12-09 08:30:26.949 I/InstrumentationBackend(19965): Added:'FakeGPSLocation', with key:'set_gps_coordinates'
12-09 08:30:26.949 I/InstrumentationBackend(19965): Added:'SetPropertyByCssSelector', with key:'set_property_by_css_selector'
12-09 08:30:26.950 I/InstrumentationBackend(19965): Added:'GetUrl', with key:'get_url'
12-09 08:30:26.950 I/InstrumentationBackend(19965): Added:'ScrollTo', with key:'scroll_to'
12-09 08:30:26.950 I/InstrumentationBackend(19965): Added:'GetLoadProgress', with key:'get_load_progress'
12-09 08:30:26.951 I/InstrumentationBackend(19965): Added:'DumpHtml', with key:'dump_html'
12-09 08:30:26.951 I/InstrumentationBackend(19965): Added:'DumpBodyHtml', with key:'dump_body_html'
12-09 08:30:26.955 I/InstrumentationBackend(19965): Added:'EnterTextByCssSelector', with key:'enter_text_by_selector'
12-09 08:30:26.957 I/InstrumentationBackend(19965): Added:'AndroidSDKVersion', with key:'android_sdk_version'
12-09 08:30:26.957 I/InstrumentationBackend(19965): Added:'Version', with key:'version'
12-09 08:30:26.957 I/InstrumentationBackend(19965): Added:'Drag', with key:'drag'
12-09 08:30:26.957 I/InstrumentationBackend(19965): Added:'TouchCoordinates', with key:'touch_coordinate'
12-09 08:30:26.957 I/InstrumentationBackend(19965): Added:'LongPressCoordinate', with key:'long_press_coordinate'
12-09 08:30:26.957 I/InstrumentationBackend(19965): Added:'DragCoordinates', with key:'drag_coordinates'
12-09 08:30:26.958 I/InstrumentationBackend(19965): Added:'ResumeApplication', with key:'resume_application'
12-09 08:30:26.958 I/InstrumentationBackend(19965): Added:'Swipe', with key:'swipe'
12-09 08:30:26.958 I/InstrumentationBackend(19965): Added:'DoubleTapCoordinate', with key:'double_tap_coordinate'
12-09 08:30:26.958 I/InstrumentationBackend(19965): Added:'ClickOnScreen', with key:'click_on_screen'
12-09 08:30:26.958 I/InstrumentationBackend(19965): Added:'GetActivityName', with key:'get_activity_name'
12-09 08:30:26.959 I/InstrumentationBackend(19965): Added:'ScrollToView', with key:'scroll_to_view'
12-09 08:30:26.959 I/InstrumentationBackend(19965): Added:'ViewConfiguration', with key:'view_configuration'
12-09 08:30:26.963 I/InstrumentationBackend(19965): Added:'IsCurrentActivityFocused', with key:'is_current_activity_focused'
12-09 08:30:26.963 I/InstrumentationBackend(19965): Added:'SendTcp', with key:'send_tcp'
12-09 08:30:26.964 I/InstrumentationBackend(19965): Added:'DpToDevicePixel', with key:'dp_to_device_pixel'
12-09 08:30:26.964 I/InstrumentationBackend(19965): Added:'KeyboardEnterText', with key:'keyboard_enter_text'
12-09 08:30:26.964 I/InstrumentationBackend(19965): Added:'DeleteSurroundingText', with key:'delete_surrounding_text'
12-09 08:30:26.964 I/InstrumentationBackend(19965): Added:'SetComposingRegion', with key:'set_composing_region'
12-09 08:30:26.965 I/InstrumentationBackend(19965): Added:'SetSelection', with key:'set_selection'
12-09 08:30:26.965 I/InstrumentationBackend(19965): Added:'KeyboardKeyEvent', with key:'keyboard_key_event'
12-09 08:30:26.965 I/InstrumentationBackend(19965): Added:'PressUserActionButton', with key:'press_user_action_button'
12-09 08:30:26.966 I/InstrumentationBackend(19965): Added:'HideSoftKeyboard', with key:'hide_soft_keyboard'
12-09 08:30:26.966 I/InstrumentationBackend(19965): Added:'ListActions', with key:'list_actions'
12-09 08:30:26.966 I/calabash(19965): Instantiating http server at 7102
12-09 08:30:26.971 I/System.out(19965): HTTP Daemon listening on: 7102
12-09 08:30:27.084 I/System.out(19965): URI: //ping
12-09 08:30:27.084 I/System.out(19965): params: {json={}
12-09 08:30:27.084 I/System.out(19965): }
12-09 08:30:27.152 I/System.out(19965): URI: //ping
12-09 08:30:27.152 I/System.out(19965): params: {json={}
12-09 08:30:27.152 I/System.out(19965): }
12-09 08:30:27.208 I/System.out(19965): URI: //ready
12-09 08:30:27.208 I/System.out(19965): params: {json={}
12-09 08:30:27.208 I/System.out(19965): }
12-09 08:30:27.280 I/System.out(19965): URI: //
12-09 08:30:27.280 I/System.out(19965): params: {json={"command":"version","arguments":[]}
12-09 08:30:27.280 I/System.out(19965): }
12-09 08:30:27.280 I/System.out(19965): header: {date=Sun, 09 Dec 2018 08:30:27 GMT, accept=*/*, content-length=36, host=127.0.0.1:34777, user-agent=HTTPClient/1.0 (2.8.3, ruby 2.3.1 (2016-04-26)), content-type=application/json;charset=utf-8}
12-09 08:30:27.280 I/System.out(19965): params: {json={"command":"version","arguments":[]}
12-09 08:30:27.280 I/System.out(19965): }
12-09 08:30:27.280 I/System.out(19965): ProP json = {"command":"version","arguments":[]}
12-09 08:30:27.280 I/System.out(19965): files: {}
12-09 08:30:27.280 I/System.out(19965): command: {"command":"version","arguments":[]}
12-09 08:30:27.290 I/InstrumentationBackend(19965): Got command:'Command:'Line:null,version', arguments:'[]'
12-09 08:30:27.324 I/System.out(19965): result:{"bonusInformation":[],"message":"0.9.8","success":true}
12-09 08:30:27.475 I/art     (19965): Background sticky concurrent mark sweep GC freed 14250(781KB) AllocSpace objects, 9(180KB) LOS objects, 40% free, 1191KB/1992KB, paused 1.051ms total 155.365ms
12-09 08:30:27.476 I/System.out(19965): URI: //start-application
12-09 08:30:27.476 I/System.out(19965): params: {json={"intent":null}
12-09 08:30:27.476 I/System.out(19965): }
12-09 08:30:27.620 I/ActivityManager( 1591): START u0 {act=android.intent.action.MAIN cat=[android.intent.category.LAUNCHER] flg=0x10200000 cmp=com.evancharlton.mileage/.Mileage} from uid 10143 on display 0
12-09 08:30:27.639 I/art     (19965): Background partial concurrent mark sweep GC freed 18856(937KB) AllocSpace objects, 2(40KB) LOS objects, 45% free, 1218KB/2MB, paused 1.069ms total 114.624ms
12-09 08:30:27.645 I/calabash(19965): newActivity1
12-09 08:30:27.708 I/calabash(19965): newActivity1
12-09 08:30:27.725 W/ActivityManager( 1591): Bad activity token: android.os.BinderProxy@eaf09ba
12-09 08:30:27.725 W/ActivityManager( 1591): java.lang.ClassCastException: android.os.BinderProxy cannot be cast to com.android.server.am.ActivityRecord$Token
12-09 08:30:27.725 W/ActivityManager( 1591): 	at com.android.server.am.ActivityRecord.forTokenLocked(ActivityRecord.java:424)
12-09 08:30:27.725 W/ActivityManager( 1591): 	at com.android.server.am.ActivityRecord.isInStackLocked(ActivityRecord.java:1121)
12-09 08:30:27.725 W/ActivityManager( 1591): 	at com.android.server.am.ActivityRecord.getStackLocked(ActivityRecord.java:1126)
12-09 08:30:27.725 W/ActivityManager( 1591): 	at com.android.server.am.ActivityManagerService.getActivityDisplayId(ActivityManagerService.java:8889)
12-09 08:30:27.725 W/ActivityManager( 1591): 	at android.app.ActivityManagerNative.onTransact(ActivityManagerNative.java:2338)
12-09 08:30:27.725 W/ActivityManager( 1591): 	at com.android.server.am.ActivityManagerService.onTransact(ActivityManagerService.java:2443)
12-09 08:30:27.725 W/ActivityManager( 1591): 	at android.os.Binder.execTransact(Binder.java:453)
12-09 08:30:27.773 W/ActivityManager( 1591): Bad activity token: android.os.BinderProxy@eaf09ba
12-09 08:30:27.773 W/ActivityManager( 1591): java.lang.ClassCastException: android.os.BinderProxy cannot be cast to com.android.server.am.ActivityRecord$Token
12-09 08:30:27.773 W/ActivityManager( 1591): 	at com.android.server.am.ActivityRecord.forTokenLocked(ActivityRecord.java:424)
12-09 08:30:27.773 W/ActivityManager( 1591): 	at com.android.server.am.ActivityRecord.isInStackLocked(ActivityRecord.java:1121)
12-09 08:30:27.773 W/ActivityManager( 1591): 	at com.android.server.am.ActivityManagerService.setTaskDescription(ActivityManagerService.java:8547)
12-09 08:30:27.773 W/ActivityManager( 1591): 	at android.app.ActivityManagerNative.onTransact(ActivityManagerNative.java:2410)
12-09 08:30:27.773 W/ActivityManager( 1591): 	at com.android.server.am.ActivityManagerService.onTransact(ActivityManagerService.java:2443)
12-09 08:30:27.773 W/ActivityManager( 1591): 	at android.os.Binder.execTransact(Binder.java:453)
12-09 08:30:27.834 D/gralloc_ranchu( 1223): gralloc_alloc: Creating ashmem region of size 3686400
12-09 08:30:27.892 D/FillupsProvider(19965): Creating database
12-09 08:30:28.065 V/PhoneStatusBar( 1706): setLightsOn(true)
12-09 08:30:28.067 W/ActivityManager( 1591): Bad activity token: android.os.BinderProxy@eaf09ba
12-09 08:30:28.067 W/ActivityManager( 1591): java.lang.ClassCastException: android.os.BinderProxy cannot be cast to com.android.server.am.ActivityRecord$Token
12-09 08:30:28.067 W/ActivityManager( 1591): 	at com.android.server.am.ActivityRecord.forTokenLocked(ActivityRecord.java:424)
12-09 08:30:28.067 W/ActivityManager( 1591): 	at com.android.server.am.ActivityRecord.isInStackLocked(ActivityRecord.java:1121)
12-09 08:30:28.067 W/ActivityManager( 1591): 	at com.android.server.am.ActivityManagerService.getActivityOptions(ActivityManagerService.java:11038)
12-09 08:30:28.067 W/ActivityManager( 1591): 	at android.app.ActivityManagerNative.onTransact(ActivityManagerNative.java:1734)
12-09 08:30:28.067 W/ActivityManager( 1591): 	at com.android.server.am.ActivityManagerService.onTransact(ActivityManagerService.java:2443)
12-09 08:30:28.067 W/ActivityManager( 1591): 	at android.os.Binder.execTransact(Binder.java:453)
12-09 08:30:28.067 W/ActivityManager( 1591): Bad activity token: android.os.BinderProxy@eaf09ba
12-09 08:30:28.067 W/ActivityManager( 1591): java.lang.ClassCastException: android.os.BinderProxy cannot be cast to com.android.server.am.ActivityRecord$Token
12-09 08:30:28.067 W/ActivityManager( 1591): 	at com.android.server.am.ActivityRecord.forTokenLocked(ActivityRecord.java:424)
12-09 08:30:28.067 W/ActivityManager( 1591): 	at com.android.server.am.ActivityRecord.isInStackLocked(ActivityRecord.java:1121)
12-09 08:30:28.067 W/ActivityManager( 1591): 	at com.android.server.am.ActivityManagerService.getActivityOptions(ActivityManagerService.java:11038)
12-09 08:30:28.067 W/ActivityManager( 1591): 	at android.app.ActivityManagerNative.onTransact(ActivityManagerNative.java:1734)
12-09 08:30:28.067 W/ActivityManager( 1591): 	at com.android.server.am.ActivityManagerService.onTransact(ActivityManagerService.java:2443)
12-09 08:30:28.067 W/ActivityManager( 1591): 	at android.os.Binder.execTransact(Binder.java:453)
12-09 08:30:28.080 I/art     (19965): Background sticky concurrent mark sweep GC freed 7504(522KB) AllocSpace objects, 0(0B) LOS objects, 16% free, 1864KB/2MB, paused 9.878ms total 78.744ms
12-09 08:30:28.099 D/EGL_emulation( 1937): eglMakeCurrent: 0x7f0bdab21d20: ver 2 0 (tinfo 0x7f0bdab028e0)
12-09 08:30:28.101 E/Surface ( 1937): getSlotFromBufferLocked: unknown buffer: 0x7f0bdab22b80
12-09 08:30:28.247 W/art     ( 1591): Long monitor contention event with owner method=void com.android.server.wm.WindowAnimator$1.doFrame(long) from WindowAnimator.java:121 waiters=2 for 125ms
12-09 08:30:28.622 D/gralloc_ranchu( 1223): gralloc_alloc: Creating ashmem region of size 3686400
12-09 08:30:28.697 D/        (19965): HostConnection::get() New Host Connection established 0x7f0bd8a864a0, tid 19965
12-09 08:30:28.907 W/art     ( 1591): Long monitor contention event with owner method=void com.android.server.wm.WindowAnimator$1.doFrame(long) from WindowAnimator.java:121 waiters=1 for 111ms
12-09 08:30:29.019 D/gralloc_ranchu( 1223): gralloc_alloc: Creating ashmem region of size 3686400
12-09 08:30:29.025 I/ActivityManager( 1591): Displayed com.evancharlton.mileage/.Mileage: +1s383ms
12-09 08:30:29.797 D/gralloc_ranchu( 1223): gralloc_alloc: Creating ashmem region of size 3686400
12-09 08:30:29.815 I/art     (19965): Background partial concurrent mark sweep GC freed 14382(711KB) AllocSpace objects, 1(20KB) LOS objects, 39% free, 1944KB/3MB, paused 1.183ms total 284.688ms
12-09 08:30:29.829 I/System.out(19965): URI: //gesture
12-09 08:30:29.830 I/System.out(19965): params: {json={"query_timeout":5.0,"gestures":[{"query_string":"android.widget.TabWidget descendant TextView index:3","touches":[{"x":50,"y":50,"offset_x":0,"offset_y":0,"wait":0.0,"time":0.2,"release":true,"query_string":null}]}]}
12-09 08:30:29.830 I/System.out(19965): }
12-09 08:30:30.581 I/calabash(19965): newActivity1
12-09 08:30:30.582 W/ActivityManager( 1591): Bad activity token: android.os.BinderProxy@b0e815e
12-09 08:30:30.582 W/ActivityManager( 1591): java.lang.ClassCastException: android.os.BinderProxy cannot be cast to com.android.server.am.ActivityRecord$Token
12-09 08:30:30.582 W/ActivityManager( 1591): 	at com.android.server.am.ActivityRecord.forTokenLocked(ActivityRecord.java:424)
12-09 08:30:30.582 W/ActivityManager( 1591): 	at com.android.server.am.ActivityRecord.isInStackLocked(ActivityRecord.java:1121)
12-09 08:30:30.582 W/ActivityManager( 1591): 	at com.android.server.am.ActivityRecord.getStackLocked(ActivityRecord.java:1126)
12-09 08:30:30.582 W/ActivityManager( 1591): 	at com.android.server.am.ActivityManagerService.getActivityDisplayId(ActivityManagerService.java:8889)
12-09 08:30:30.582 W/ActivityManager( 1591): 	at android.app.ActivityManagerNative.onTransact(ActivityManagerNative.java:2338)
12-09 08:30:30.582 W/ActivityManager( 1591): 	at com.android.server.am.ActivityManagerService.onTransact(ActivityManagerService.java:2443)
12-09 08:30:30.582 W/ActivityManager( 1591): 	at android.os.Binder.execTransact(Binder.java:453)
12-09 08:30:30.585 W/ActivityManager( 1591): Bad activity token: android.os.BinderProxy@b0e815e
12-09 08:30:30.585 W/ActivityManager( 1591): java.lang.ClassCastException: android.os.BinderProxy cannot be cast to com.android.server.am.ActivityRecord$Token
12-09 08:30:30.585 W/ActivityManager( 1591): 	at com.android.server.am.ActivityRecord.forTokenLocked(ActivityRecord.java:424)
12-09 08:30:30.585 W/ActivityManager( 1591): 	at com.android.server.am.ActivityRecord.isInStackLocked(ActivityRecord.java:1121)
12-09 08:30:30.585 W/ActivityManager( 1591): 	at com.android.server.am.ActivityManagerService.setTaskDescription(ActivityManagerService.java:8547)
12-09 08:30:30.585 W/ActivityManager( 1591): 	at android.app.ActivityManagerNative.onTransact(ActivityManagerNative.java:2410)
12-09 08:30:30.585 W/ActivityManager( 1591): 	at com.android.server.am.ActivityManagerService.onTransact(ActivityManagerService.java:2443)
12-09 08:30:30.585 W/ActivityManager( 1591): 	at android.os.Binder.execTransact(Binder.java:453)
12-09 08:30:30.707 W/audio_hw_generic( 1307): Not supplying enough data to HAL, expected position 32962308 , only wrote 32962087
12-09 08:30:30.707 W/audio_hw_generic( 1307): Not supplying enough data to HAL, expected position 32962094 , only wrote 32962087
12-09 08:30:30.722 W/ActivityManager( 1591): Bad activity token: android.os.BinderProxy@b0e815e
12-09 08:30:30.722 W/ActivityManager( 1591): java.lang.ClassCastException: android.os.BinderProxy cannot be cast to com.android.server.am.ActivityRecord$Token
12-09 08:30:30.722 W/ActivityManager( 1591): 	at com.android.server.am.ActivityRecord.forTokenLocked(ActivityRecord.java:424)
12-09 08:30:30.722 W/ActivityManager( 1591): 	at com.android.server.am.ActivityRecord.isInStackLocked(ActivityRecord.java:1121)
12-09 08:30:30.722 W/ActivityManager( 1591): 	at com.android.server.am.ActivityManagerService.getActivityOptions(ActivityManagerService.java:11038)
12-09 08:30:30.722 W/ActivityManager( 1591): 	at android.app.ActivityManagerNative.onTransact(ActivityManagerNative.java:1734)
12-09 08:30:30.722 W/ActivityManager( 1591): 	at com.android.server.am.ActivityManagerService.onTransact(ActivityManagerService.java:2443)
12-09 08:30:30.722 W/ActivityManager( 1591): 	at android.os.Binder.execTransact(Binder.java:453)
12-09 08:30:30.723 W/audio_hw_generic( 1307): Hardware backing HAL too slow, could only write 0 of 661 frames
12-09 08:30:30.724 W/ActivityManager( 1591): Bad activity token: android.os.BinderProxy@b0e815e
12-09 08:30:30.724 W/ActivityManager( 1591): java.lang.ClassCastException: android.os.BinderProxy cannot be cast to com.android.server.am.ActivityRecord$Token
12-09 08:30:30.724 W/ActivityManager( 1591): 	at com.android.server.am.ActivityRecord.forTokenLocked(ActivityRecord.java:424)
12-09 08:30:30.724 W/ActivityManager( 1591): 	at com.android.server.am.ActivityRecord.isInStackLocked(ActivityRecord.java:1121)
12-09 08:30:30.724 W/ActivityManager( 1591): 	at com.android.server.am.ActivityManagerService.getActivityOptions(ActivityManagerService.java:11038)
12-09 08:30:30.724 W/ActivityManager( 1591): 	at android.app.ActivityManagerNative.onTransact(ActivityManagerNative.java:1734)
12-09 08:30:30.724 W/ActivityManager( 1591): 	at com.android.server.am.ActivityManagerService.onTransact(ActivityManagerService.java:2443)
12-09 08:30:30.724 W/ActivityManager( 1591): 	at android.os.Binder.execTransact(Binder.java:453)
12-09 08:30:30.759 W/audio_hw_generic( 1307): Hardware backing HAL too slow, could only write 0 of 661 frames
12-09 08:30:30.775 W/audio_hw_generic( 1307): Hardware backing HAL too slow, could only write 0 of 661 frames
12-09 08:30:30.783 W/audio_hw_generic( 1307): Hardware backing HAL too slow, could only write 0 of 661 frames
12-09 08:30:30.799 W/audio_hw_generic( 1307): Hardware backing HAL too slow, could only write 0 of 661 frames
12-09 08:30:30.815 W/audio_hw_generic( 1307): Hardware backing HAL too slow, could only write 0 of 661 frames
12-09 08:30:30.824 I/art     (19965): Background sticky concurrent mark sweep GC freed 46616(2MB) AllocSpace objects, 1(20KB) LOS objects, 25% free, 2MB/3MB, paused 5.880ms total 226.356ms
12-09 08:30:30.887 I/System.out(19965): URI: //map
12-09 08:30:30.897 I/System.out(19965): params: {json={"query":"android.widget.ListView index:0 android.widget.TextView index:0","operation":{"method_name":"query","arguments":[]}}
12-09 08:30:30.897 I/System.out(19965): }
12-09 08:30:30.980 W/art     (19965): Suspending all threads took: 27.442ms
12-09 08:30:31.012 W/audio_hw_generic( 1307): Not supplying enough data to HAL, expected position 32975527 , only wrote 32975307
12-09 08:30:31.047 W/audio_hw_generic( 1307): Hardware backing HAL too slow, could only write 0 of 661 frames
12-09 08:30:31.060 I/art     (19965): Background sticky concurrent mark sweep GC freed 25293(1014KB) AllocSpace objects, 2(40KB) LOS objects, 0% free, 3MB/3MB, paused 67.138ms total 159.315ms
12-09 08:30:31.130 I/System.out(19965): URI: //gesture
12-09 08:30:31.130 I/System.out(19965): params: {json={"query_timeout":5.0,"gestures":[{"query_string":"android.widget.ListView index:0 android.widget.TextView index:0","touches":[{"x":50,"y":50,"offset_x":0,"offset_y":0,"wait":0.0,"time":0.2,"release":true,"query_string":null}]}]}
12-09 08:30:31.130 I/System.out(19965): }
12-09 08:30:31.242 I/art     (19965): Background partial concurrent mark sweep GC freed 41817(2039KB) AllocSpace objects, 5(100KB) LOS objects, 40% free, 2MB/3MB, paused 1.183ms total 155.465ms
12-09 08:30:31.260 W/audio_hw_generic( 1307): Hardware backing HAL too slow, could only write 0 of 661 frames
12-09 08:30:31.272 W/audio_hw_generic( 1307): Hardware backing HAL too slow, could only write 0 of 661 frames
12-09 08:30:31.295 W/audio_hw_generic( 1307): Hardware backing HAL too slow, could only write 0 of 661 frames
12-09 08:30:31.307 W/audio_hw_generic( 1307): Hardware backing HAL too slow, could only write 0 of 661 frames
12-09 08:30:31.319 W/audio_hw_generic( 1307): Hardware backing HAL too slow, could only write 0 of 661 frames
12-09 08:30:31.327 W/audio_hw_generic( 1307): Hardware backing HAL too slow, could only write 0 of 661 frames
12-09 08:30:31.342 W/audio_hw_generic( 1307): Hardware backing HAL too slow, could only write 0 of 661 frames
12-09 08:30:31.379 W/audio_hw_generic( 1307): Hardware backing HAL too slow, could only write 0 of 661 frames
12-09 08:30:31.387 W/audio_hw_generic( 1307): Hardware backing HAL too slow, could only write 0 of 661 frames
12-09 08:30:31.411 W/audio_hw_generic( 1307): Hardware backing HAL too slow, could only write 0 of 661 frames
12-09 08:30:31.421 W/audio_hw_generic( 1307): Hardware backing HAL too slow, could only write 0 of 661 frames
12-09 08:30:31.496 W/audio_hw_generic( 1307): Hardware backing HAL too slow, could only write 0 of 661 frames
12-09 08:30:31.723 I/art     (19965): Background sticky concurrent mark sweep GC freed 29528(1423KB) AllocSpace objects, 1(20KB) LOS objects, 40% free, 2MB/3MB, paused 10.122ms total 71.092ms
12-09 08:30:31.788 I/ActivityManager( 1591): START u0 {cmp=com.evancharlton.mileage/.VehicleActivity (has extras)} from uid 10143 on display 0
12-09 08:30:31.812 W/audio_hw_generic( 1307): Not supplying enough data to HAL, expected position 33010583 , only wrote 33010340
12-09 08:30:31.822 W/audio_hw_generic( 1307): Not supplying enough data to HAL, expected position 33010768 , only wrote 33010340
12-09 08:30:31.843 W/audio_hw_generic( 1307): Not supplying enough data to HAL, expected position 33011298 , only wrote 33011001
12-09 08:30:31.925 D/AudioFlinger( 1307): mixer(0xf4300000) throttle end: throttle time(11)
12-09 08:30:31.976 D/AudioFlinger( 1307): mixer(0xf4300000) throttle end: throttle time(11)
12-09 08:30:32.109 I/calabash(19965): newActivity1
12-09 08:30:32.280 W/audio_hw_generic( 1307): Not supplying enough data to HAL, expected position 33030260 , only wrote 33030170
12-09 08:30:32.280 W/audio_hw_generic( 1307): Not supplying enough data to HAL, expected position 33030178 , only wrote 33030170
12-09 08:30:32.306 W/audio_hw_generic( 1307): Not supplying enough data to HAL, expected position 33031325 , only wrote 33030831
12-09 08:30:32.364 E/SurfaceFlinger( 1223): ro.sf.lcd_density must be defined as a build property
12-09 08:30:32.366 D/gralloc_ranchu( 1223): gralloc_alloc: Creating ashmem region of size 3686400
12-09 08:30:32.444 D/        (19994): HostConnection::get() New Host Connection established 0x7f4e1b712480, tid 19994
12-09 08:30:32.484 E/EGL_emulation( 1223): tid 1223: eglCreateSyncKHR(1881): error 0x3004 (EGL_BAD_ATTRIBUTE)
12-09 08:30:32.514 W/audio_hw_generic( 1307): Hardware backing HAL too slow, could only write 0 of 661 frames
12-09 08:30:32.528 W/audio_hw_generic( 1307): Hardware backing HAL too slow, could only write 0 of 661 frames
12-09 08:30:32.532 V/PhoneStatusBar( 1706): setLightsOn(true)
12-09 08:30:32.689 W/audio_hw_generic( 1307): Not supplying enough data to HAL, expected position 33047682 , only wrote 33043390
12-09 08:30:32.689 W/audio_hw_generic( 1307): Not supplying enough data to HAL, expected position 33043398 , only wrote 33043390
12-09 08:30:32.704 W/audio_hw_generic( 1307): Not supplying enough data to HAL, expected position 33044057 , only wrote 33044051
12-09 08:30:32.877 D/gralloc_ranchu( 1223): gralloc_alloc: Creating ashmem region of size 3686400
12-09 08:30:33.317 W/art     ( 1591): Long monitor contention event with owner method=void com.android.server.wm.WindowAnimator$1.doFrame(long) from WindowAnimator.java:121 waiters=1 for 174ms
12-09 08:30:33.354 W/audio_hw_generic( 1307): Not supplying enough data to HAL, expected position 33072714 , only wrote 33072474
12-09 08:30:33.354 W/audio_hw_generic( 1307): Not supplying enough data to HAL, expected position 33072482 , only wrote 33072474
12-09 08:30:33.372 W/audio_hw_generic( 1307): Not supplying enough data to HAL, expected position 33073272 , only wrote 33073135
12-09 08:30:33.619 W/art     ( 1591): Long monitor contention event with owner method=void com.android.server.wm.WindowAnimator$1.doFrame(long) from WindowAnimator.java:121 waiters=1 for 302ms
12-09 08:30:33.744 W/art     ( 1591): Long monitor contention event with owner method=void com.android.server.wm.WindowAnimator$1.doFrame(long) from WindowAnimator.java:121 waiters=1 for 269ms
