12-09 08:32:23.805 I/System.out(19274): params: {json={"query_timeout":5.0,"gestures":[{"query_string":"android.widget.TabWidget descendant TextView index:0","touches":[{"x":50,"y":50,"offset_x":0,"offset_y":0,"wait":0.0,"time":0.2,"release":true,"query_string":null}]}]}
12-09 08:32:23.805 I/System.out(19274): }
12-09 08:32:23.909 W/audio_hw_generic( 1307): Not supplying enough data to HAL, expected position 39269436 , only wrote 39269349
12-09 08:32:23.909 W/audio_hw_generic( 1307): Not supplying enough data to HAL, expected position 39269355 , only wrote 39269349
12-09 08:32:23.929 W/audio_hw_generic( 1307): Not supplying enough data to HAL, expected position 39270228 , only wrote 39270010
12-09 08:32:23.937 I/art     (19274): Background partial concurrent mark sweep GC freed 16803(939KB) AllocSpace objects, 4(80KB) LOS objects, 40% free, 2MB/4MB, paused 1.066ms total 113.907ms
12-09 08:32:24.024 W/audio_hw_generic( 1307): Not supplying enough data to HAL, expected position 39274224 , only wrote 39271332
12-09 08:32:24.041 W/audio_hw_generic( 1307): Not supplying enough data to HAL, expected position 39272055 , only wrote 39271993
12-09 08:32:24.041 W/audio_hw_generic( 1307): Not supplying enough data to HAL, expected position 39271999 , only wrote 39271993
12-09 08:32:24.069 W/audio_hw_generic( 1307): Not supplying enough data to HAL, expected position 39273208 , only wrote 39272654
12-09 08:32:24.102 W/audio_hw_generic( 1307): Hardware backing HAL too slow, could only write 0 of 661 frames
12-09 08:32:24.235 W/audio_hw_generic( 1307): Not supplying enough data to HAL, expected position 39279977 , only wrote 39279264
12-09 08:32:24.235 W/audio_hw_generic( 1307): Not supplying enough data to HAL, expected position 39279270 , only wrote 39279264
12-09 08:32:24.304 W/audio_hw_generic( 1307): Not supplying enough data to HAL, expected position 39282338 , only wrote 39279925
12-09 08:32:24.466 W/audio_hw_generic( 1307): Not supplying enough data to HAL, expected position 39287045 , only wrote 39286535
12-09 08:32:24.466 W/audio_hw_generic( 1307): Not supplying enough data to HAL, expected position 39286541 , only wrote 39286535
12-09 08:32:24.481 W/audio_hw_generic( 1307): Not supplying enough data to HAL, expected position 39287209 , only wrote 39287196
12-09 08:32:24.663 W/audio_hw_generic( 1307): Not supplying enough data to HAL, expected position 39295188 , only wrote 39295128
12-09 08:32:24.701 D/AudioFlinger( 1307): mixer(0xf43c0000) throttle end: throttle time(22)
12-09 08:32:24.733 W/audio_hw_generic( 1307): Not supplying enough data to HAL, expected position 39298241 , only wrote 39295789
12-09 08:32:24.800 W/audio_hw_generic( 1307): Hardware backing HAL too slow, could only write 0 of 661 frames
12-09 08:32:24.909 W/audio_hw_generic( 1307): Not supplying enough data to HAL, expected position 39303549 , only wrote 39303060
12-09 08:32:24.909 W/audio_hw_generic( 1307): Not supplying enough data to HAL, expected position 39303066 , only wrote 39303060
12-09 08:32:25.796 W/audio_hw_generic( 1307): Hardware backing HAL too slow, could only write 0 of 661 frames
12-09 08:32:25.808 W/audio_hw_generic( 1307): Hardware backing HAL too slow, could only write 0 of 661 frames
12-09 08:32:25.820 W/audio_hw_generic( 1307): Hardware backing HAL too slow, could only write 0 of 661 frames
12-09 08:32:25.829 W/audio_hw_generic( 1307): Hardware backing HAL too slow, could only write 0 of 661 frames
12-09 08:32:25.845 I/System.out(19274): URI: //map
12-09 08:32:25.846 I/System.out(19274): params: {json={"query":"android.widget.EditText id:'price'","operation":{"method_name":"query","arguments":[]}}
12-09 08:32:25.846 I/System.out(19274): }
12-09 08:32:25.848 W/audio_hw_generic( 1307): Hardware backing HAL too slow, could only write 0 of 661 frames
12-09 08:32:25.870 W/ResourceType(19274): No package identifier when getting name for resource number 0x00000001
12-09 08:32:25.877 W/audio_hw_generic( 1307): Hardware backing HAL too slow, could only write 0 of 661 frames
12-09 08:32:25.892 W/audio_hw_generic( 1307): Hardware backing HAL too slow, could only write 0 of 661 frames
12-09 08:32:25.909 W/audio_hw_generic( 1307): Hardware backing HAL too slow, could only write 0 of 661 frames
12-09 08:32:26.029 W/audio_hw_generic( 1307): Hardware backing HAL too slow, could only write 0 of 661 frames
12-09 08:32:26.048 W/audio_hw_generic( 1307): Hardware backing HAL too slow, could only write 0 of 661 frames
12-09 08:32:26.065 W/audio_hw_generic( 1307): Hardware backing HAL too slow, could only write 0 of 661 frames
12-09 08:32:26.073 I/art     (19274): Background sticky concurrent mark sweep GC freed 45255(2033KB) AllocSpace objects, 2(40KB) LOS objects, 35% free, 2MB/4MB, paused 6.261ms total 177.270ms
12-09 08:32:26.074 I/System.out(19274): URI: //gesture
12-09 08:32:26.074 I/System.out(19274): params: {json={"query_timeout":5.0,"gestures":[{"query_string":"android.widget.EditText id:'price'","touches":[{"x":50,"y":50,"offset_x":0,"offset_y":0,"wait":0.0,"time":0.2,"release":true,"query_string":null}]}]}
12-09 08:32:26.074 I/System.out(19274): }
12-09 08:32:26.075 W/audio_hw_generic( 1307): Hardware backing HAL too slow, could only write 0 of 661 frames
12-09 08:32:26.105 W/audio_hw_generic( 1307): Hardware backing HAL too slow, could only write 0 of 661 frames
12-09 08:32:26.117 W/audio_hw_generic( 1307): Hardware backing HAL too slow, could only write 0 of 661 frames
12-09 08:32:26.256 W/audio_hw_generic( 1307): Not supplying enough data to HAL, expected position 39362461 , only wrote 39359245
12-09 08:32:26.259 W/audio_hw_generic( 1307): Not supplying enough data to HAL, expected position 39359366 , only wrote 39359245
12-09 08:32:26.331 W/audio_hw_generic( 1307): Not supplying enough data to HAL, expected position 39362423 , only wrote 39360567
12-09 08:32:26.454 W/ResourceType(19274): No package identifier when getting name for resource number 0x00000001
12-09 08:32:26.455 W/audio_hw_generic( 1307): Not supplying enough data to HAL, expected position 39366018 , only wrote 39365855
12-09 08:32:26.704 W/audio_hw_generic( 1307): Hardware backing HAL too slow, could only write 0 of 661 frames
12-09 08:32:26.711 W/audio_hw_generic( 1307): Hardware backing HAL too slow, could only write 0 of 661 frames
12-09 08:32:26.856 W/audio_hw_generic( 1307): Not supplying enough data to HAL, expected position 39383559 , only wrote 39379075
12-09 08:32:26.872 W/audio_hw_generic( 1307): Not supplying enough data to HAL, expected position 39379780 , only wrote 39379075
12-09 08:32:26.890 W/audio_hw_generic( 1307): Not supplying enough data to HAL, expected position 39379867 , only wrote 39379736
12-09 08:32:26.890 W/audio_hw_generic( 1307): Not supplying enough data to HAL, expected position 39379746 , only wrote 39379736
12-09 08:32:26.891 W/audio_hw_generic( 1307): Hardware backing HAL too slow, could only write 0 of 661 frames
12-09 08:32:26.945 W/audio_hw_generic( 1307): Not supplying enough data to HAL, expected position 39382125 , only wrote 39380397
12-09 08:32:26.945 W/audio_hw_generic( 1307): Hardware backing HAL too slow, could only write 0 of 661 frames
12-09 08:32:26.961 W/audio_hw_generic( 1307): Hardware backing HAL too slow, could only write 0 of 661 frames
12-09 08:32:26.992 W/audio_hw_generic( 1307): Hardware backing HAL too slow, could only write 0 of 661 frames
12-09 08:32:27.064 I/LatinIME( 1880): Starting input. Cursor position = 0,0
12-09 08:32:27.069 W/audio_hw_generic( 1307): Not supplying enough data to HAL, expected position 39385866 , only wrote 39385024
12-09 08:32:27.069 W/audio_hw_generic( 1307): Not supplying enough data to HAL, expected position 39385030 , only wrote 39385024
12-09 08:32:27.244 W/audio_hw_generic( 1307): Not supplying enough data to HAL, expected position 39392746 , only wrote 39392295
12-09 08:32:27.244 W/audio_hw_generic( 1307): Not supplying enough data to HAL, expected position 39392301 , only wrote 39392295
12-09 08:32:27.266 D/EGL_emulation( 1880): eglMakeCurrent: 0x7fe6a6ff4c80: ver 2 0 (tinfo 0x7fe6a6ff3920)
12-09 08:32:27.437 W/audio_hw_generic( 1307): Not supplying enough data to HAL, expected position 39400808 , only wrote 39398905
12-09 08:32:27.528 W/audio_hw_generic( 1307): Not supplying enough data to HAL, expected position 39402912 , only wrote 39402210
12-09 08:32:27.528 W/audio_hw_generic( 1307): Not supplying enough data to HAL, expected position 39402216 , only wrote 39402210
12-09 08:32:27.557 W/audio_hw_generic( 1307): Not supplying enough data to HAL, expected position 39403472 , only wrote 39402871
12-09 08:32:27.641 W/audio_hw_generic( 1307): Not supplying enough data to HAL, expected position 39406577 , only wrote 39406176
12-09 08:32:27.641 W/audio_hw_generic( 1307): Not supplying enough data to HAL, expected position 39406182 , only wrote 39406176
12-09 08:32:27.735 I/System.out(19274): URI: //
12-09 08:32:27.735 I/System.out(19274): params: {json={"command":"set_selection","arguments":[-1,-1]}
12-09 08:32:27.735 I/System.out(19274): }
12-09 08:32:27.735 I/System.out(19274): header: {date=Sun, 09 Dec 2018 08:32:27 GMT, accept=*/*, content-length=47, host=127.0.0.1:34777, user-agent=HTTPClient/1.0 (2.8.3, ruby 2.3.1 (2016-04-26)), content-type=application/json;charset=utf-8}
12-09 08:32:27.735 I/System.out(19274): params: {json={"command":"set_selection","arguments":[-1,-1]}
12-09 08:32:27.735 I/System.out(19274): }
12-09 08:32:27.735 I/System.out(19274): ProP json = {"command":"set_selection","arguments":[-1,-1]}
12-09 08:32:27.735 I/System.out(19274): files: {}
12-09 08:32:27.735 I/System.out(19274): command: {"command":"set_selection","arguments":[-1,-1]}
12-09 08:32:27.737 W/audio_hw_generic( 1307): Hardware backing HAL too slow, could only write 0 of 661 frames
12-09 08:32:27.742 I/InstrumentationBackend(19274): Got command:'Command:'Line:null,set_selection', arguments:'[-1, -1]'
12-09 08:32:27.761 I/System.out(19274): result:{"bonusInformation":[],"message":"","success":true}
12-09 08:32:27.803 W/audio_hw_generic( 1307): Not supplying enough data to HAL, expected position 39419221 , only wrote 39412786
12-09 08:32:28.017 I/System.out(19274): URI: //
12-09 08:32:28.017 I/System.out(19274): params: {json={"command":"keyboard_enter_text","arguments":["97123743947239847210"]}
12-09 08:32:28.017 I/System.out(19274): }
12-09 08:32:28.017 I/System.out(19274): header: {date=Sun, 09 Dec 2018 08:32:28 GMT, accept=*/*, content-length=70, host=127.0.0.1:34777, user-agent=HTTPClient/1.0 (2.8.3, ruby 2.3.1 (2016-04-26)), content-type=application/json;charset=utf-8}
12-09 08:32:28.017 I/System.out(19274): params: {json={"command":"keyboard_enter_text","arguments":["97123743947239847210"]}
12-09 08:32:28.017 I/System.out(19274): }
12-09 08:32:28.018 I/System.out(19274): ProP json = {"command":"keyboard_enter_text","arguments":["97123743947239847210"]}
12-09 08:32:28.018 I/System.out(19274): files: {}
12-09 08:32:28.018 I/System.out(19274): command: {"command":"keyboard_enter_text","arguments":["97123743947239847210"]}
12-09 08:32:28.019 I/InstrumentationBackend(19274): Got command:'Command:'Line:null,keyboard_enter_text', arguments:'[97123743947239847210]'
12-09 08:32:28.019 E/SpannableStringBuilder(19274): SPAN_EXCLUSIVE_EXCLUSIVE spans cannot have a zero length
12-09 08:32:28.019 E/SpannableStringBuilder(19274): SPAN_EXCLUSIVE_EXCLUSIVE spans cannot have a zero length
12-09 08:32:28.312 E/SpannableStringBuilder(19274): SPAN_EXCLUSIVE_EXCLUSIVE spans cannot have a zero length
12-09 08:32:28.312 E/SpannableStringBuilder(19274): SPAN_EXCLUSIVE_EXCLUSIVE spans cannot have a zero length
12-09 08:32:28.331 I/System.out(19274): result:{"bonusInformation":[],"message":"","success":true}
12-09 08:32:28.426 I/System.out(19274): URI: //map
12-09 08:32:28.426 I/System.out(19274): params: {json={"query":"android.widget.EditText id:'volume'","operation":{"method_name":"query","arguments":[]}}
12-09 08:32:28.426 I/System.out(19274): }
12-09 08:32:28.439 W/ResourceType(19274): No package identifier when getting name for resource number 0x00000001
12-09 08:32:28.593 W/art     (19274): Suspending all threads took: 63.062ms
12-09 08:32:28.614 I/System.out(19274): URI: //gesture
12-09 08:32:28.614 I/System.out(19274): params: {json={"query_timeout":5.0,"gestures":[{"query_string":"android.widget.EditText id:'volume'","touches":[{"x":50,"y":50,"offset_x":0,"offset_y":0,"wait":0.0,"time":0.2,"release":true,"query_string":null}]}]}
12-09 08:32:28.614 I/System.out(19274): }
12-09 08:32:28.707 I/art     (19274): Background sticky concurrent mark sweep GC freed 45623(2MB) AllocSpace objects, 2(40KB) LOS objects, 21% free, 3MB/4MB, paused 64.371ms total 201.939ms
12-09 08:32:28.754 W/ResourceType(19274): No package identifier when getting name for resource number 0x00000001
12-09 08:32:29.226 I/LatinIME( 1880): Starting input. Cursor position = 0,0
12-09 08:32:29.313 W/art     (19274): Suspending all threads took: 19.146ms
12-09 08:32:29.362 I/art     (19274): Background sticky concurrent mark sweep GC freed 44712(2016KB) AllocSpace objects, 1(20KB) LOS objects, 27% free, 2MB/4MB, paused 20.280ms total 108.738ms
12-09 08:32:29.945 I/System.out(19274): URI: //
12-09 08:32:29.945 I/System.out(19274): params: {json={"command":"set_selection","arguments":[-1,-1]}
12-09 08:32:29.945 I/System.out(19274): }
12-09 08:32:29.945 I/System.out(19274): header: {date=Sun, 09 Dec 2018 08:32:29 GMT, accept=*/*, content-length=47, host=127.0.0.1:34777, user-agent=HTTPClient/1.0 (2.8.3, ruby 2.3.1 (2016-04-26)), content-type=application/json;charset=utf-8}
12-09 08:32:29.945 I/System.out(19274): params: {json={"command":"set_selection","arguments":[-1,-1]}
12-09 08:32:29.945 I/System.out(19274): }
12-09 08:32:29.945 I/System.out(19274): ProP json = {"command":"set_selection","arguments":[-1,-1]}
12-09 08:32:29.945 I/System.out(19274): files: {}
12-09 08:32:29.945 I/System.out(19274): command: {"command":"set_selection","arguments":[-1,-1]}
12-09 08:32:29.946 I/InstrumentationBackend(19274): Got command:'Command:'Line:null,set_selection', arguments:'[-1, -1]'
12-09 08:32:29.960 I/System.out(19274): result:{"bonusInformation":[],"message":"","success":true}
12-09 08:32:30.076 I/System.out(19274): URI: //
12-09 08:32:30.076 I/System.out(19274): params: {json={"command":"keyboard_enter_text","arguments":["98123743947721092831"]}
12-09 08:32:30.076 I/System.out(19274): }
12-09 08:32:30.076 I/System.out(19274): header: {date=Sun, 09 Dec 2018 08:32:30 GMT, accept=*/*, content-length=70, host=127.0.0.1:34777, user-agent=HTTPClient/1.0 (2.8.3, ruby 2.3.1 (2016-04-26)), content-type=application/json;charset=utf-8}
12-09 08:32:30.076 I/System.out(19274): params: {json={"command":"keyboard_enter_text","arguments":["98123743947721092831"]}
12-09 08:32:30.076 I/System.out(19274): }
12-09 08:32:30.076 I/System.out(19274): ProP json = {"command":"keyboard_enter_text","arguments":["98123743947721092831"]}
12-09 08:32:30.076 I/System.out(19274): files: {}
12-09 08:32:30.076 I/System.out(19274): command: {"command":"keyboard_enter_text","arguments":["98123743947721092831"]}
12-09 08:32:30.077 I/InstrumentationBackend(19274): Got command:'Command:'Line:null,keyboard_enter_text', arguments:'[98123743947721092831]'
12-09 08:32:30.078 E/SpannableStringBuilder(19274): SPAN_EXCLUSIVE_EXCLUSIVE spans cannot have a zero length
12-09 08:32:30.078 E/SpannableStringBuilder(19274): SPAN_EXCLUSIVE_EXCLUSIVE spans cannot have a zero length
12-09 08:32:30.094 E/SpannableStringBuilder(19274): SPAN_EXCLUSIVE_EXCLUSIVE spans cannot have a zero length
12-09 08:32:30.094 E/SpannableStringBuilder(19274): SPAN_EXCLUSIVE_EXCLUSIVE spans cannot have a zero length
12-09 08:32:30.183 I/System.out(19274): result:{"bonusInformation":[],"message":"","success":true}
12-09 08:32:30.203 I/System.out(19274): URI: //map
12-09 08:32:30.203 I/System.out(19274): params: {json={"query":"android.widget.EditText id:'odometer'","operation":{"method_name":"query","arguments":[]}}
12-09 08:32:30.203 I/System.out(19274): }
12-09 08:32:30.224 W/ResourceType(19274): No package identifier when getting name for resource number 0x00000001
12-09 08:32:30.326 I/art     (19274): Background sticky concurrent mark sweep GC freed 27472(1145KB) AllocSpace objects, 2(40KB) LOS objects, 3% free, 3MB/4MB, paused 6.291ms total 91.613ms
12-09 08:32:30.400 I/art     (19274): Background sticky concurrent mark sweep GC freed 22293(1114KB) AllocSpace objects, 0(0B) LOS objects, 23% free, 3MB/4MB, paused 13.571ms total 47.018ms
12-09 08:32:30.453 I/System.out(19274): URI: //gesture
12-09 08:32:30.453 I/System.out(19274): params: {json={"query_timeout":5.0,"gestures":[{"query_string":"android.widget.EditText id:'odometer'","touches":[{"x":50,"y":50,"offset_x":0,"offset_y":0,"wait":0.0,"time":0.2,"release":true,"query_string":null}]}]}
12-09 08:32:30.453 I/System.out(19274): }
12-09 08:32:30.473 W/ResourceType(19274): No package identifier when getting name for resource number 0x00000001
12-09 08:32:30.853 I/LatinIME( 1880): Starting input. Cursor position = 0,0
12-09 08:32:31.014 I/art     (19274): Background sticky concurrent mark sweep GC freed 38784(1651KB) AllocSpace objects, 2(40KB) LOS objects, 11% free, 3MB/4MB, paused 23.706ms total 162.328ms
12-09 08:32:31.573 I/System.out(19274): URI: //
12-09 08:32:31.573 I/System.out(19274): params: {json={"command":"set_selection","arguments":[-1,-1]}
12-09 08:32:31.573 I/System.out(19274): }
12-09 08:32:31.573 I/System.out(19274): header: {date=Sun, 09 Dec 2018 08:32:31 GMT, accept=*/*, content-length=47, host=127.0.0.1:34777, user-agent=HTTPClient/1.0 (2.8.3, ruby 2.3.1 (2016-04-26)), content-type=application/json;charset=utf-8}
12-09 08:32:31.573 I/System.out(19274): params: {json={"command":"set_selection","arguments":[-1,-1]}
12-09 08:32:31.573 I/System.out(19274): }
12-09 08:32:31.573 I/System.out(19274): ProP json = {"command":"set_selection","arguments":[-1,-1]}
12-09 08:32:31.573 I/System.out(19274): files: {}
12-09 08:32:31.573 I/System.out(19274): command: {"command":"set_selection","arguments":[-1,-1]}
12-09 08:32:31.574 I/InstrumentationBackend(19274): Got command:'Command:'Line:null,set_selection', arguments:'[-1, -1]'
12-09 08:32:31.604 I/System.out(19274): result:{"bonusInformation":[],"message":"","success":true}
12-09 08:32:31.873 I/System.out(19274): URI: //
12-09 08:32:31.873 I/System.out(19274): params: {json={"command":"keyboard_enter_text","arguments":["98879898284721092831"]}
12-09 08:32:31.873 I/System.out(19274): }
12-09 08:32:31.873 I/System.out(19274): header: {date=Sun, 09 Dec 2018 08:32:31 GMT, accept=*/*, content-length=70, host=127.0.0.1:34777, user-agent=HTTPClient/1.0 (2.8.3, ruby 2.3.1 (2016-04-26)), content-type=application/json;charset=utf-8}
12-09 08:32:31.873 I/System.out(19274): params: {json={"command":"keyboard_enter_text","arguments":["98879898284721092831"]}
12-09 08:32:31.873 I/System.out(19274): }
12-09 08:32:31.873 I/System.out(19274): ProP json = {"command":"keyboard_enter_text","arguments":["98879898284721092831"]}
12-09 08:32:31.873 I/System.out(19274): files: {}
12-09 08:32:31.873 I/System.out(19274): command: {"command":"keyboard_enter_text","arguments":["98879898284721092831"]}
12-09 08:32:31.874 I/InstrumentationBackend(19274): Got command:'Command:'Line:null,keyboard_enter_text', arguments:'[98879898284721092831]'
12-09 08:32:31.920 E/SpannableStringBuilder(19274): SPAN_EXCLUSIVE_EXCLUSIVE spans cannot have a zero length
12-09 08:32:31.921 E/SpannableStringBuilder(19274): SPAN_EXCLUSIVE_EXCLUSIVE spans cannot have a zero length
12-09 08:32:31.953 E/SpannableStringBuilder(19274): SPAN_EXCLUSIVE_EXCLUSIVE spans cannot have a zero length
12-09 08:32:31.953 E/SpannableStringBuilder(19274): SPAN_EXCLUSIVE_EXCLUSIVE spans cannot have a zero length
12-09 08:32:31.975 I/System.out(19274): result:{"bonusInformation":[],"message":"","success":true}
12-09 08:32:33.025 I/System.out(19274): URI: //map
12-09 08:32:33.025 I/System.out(19274): params: {json={"query":"android.widget.Button index:2","operation":{"method_name":"query","arguments":[]}}
12-09 08:32:33.025 I/System.out(19274): }
12-09 08:32:33.225 I/art     (19274): Background sticky concurrent mark sweep GC freed 47785(2MB) AllocSpace objects, 2(40KB) LOS objects, 14% free, 3MB/4MB, paused 1.247ms total 137.037ms
12-09 08:32:33.225 I/System.out(19274): URI: //gesture
12-09 08:32:33.226 I/System.out(19274): params: {json={"query_timeout":5.0,"gestures":[{"query_string":"android.widget.Button index:2","touches":[{"x":50,"y":50,"offset_x":0,"offset_y":0,"wait":0.0,"time":0.2,"release":true,"query_string":null}]}]}
12-09 08:32:33.226 I/System.out(19274): }
12-09 08:32:33.408 I/art     (19274): Background sticky concurrent mark sweep GC freed 17675(679KB) AllocSpace objects, 1(20KB) LOS objects, 11% free, 3MB/4MB, paused 9.586ms total 171.155ms
12-09 08:32:33.709 W/audio_hw_generic( 1307): Hardware backing HAL too slow, could only write 0 of 661 frames
12-09 08:32:33.753 W/audio_hw_generic( 1307): Hardware backing HAL too slow, could only write 0 of 661 frames
12-09 08:32:33.754 D/AudioFlinger( 1307): mixer(0xf43c0000) throttle end: throttle time(11)
12-09 08:32:33.773 W/audio_hw_generic( 1307): Hardware backing HAL too slow, could only write 0 of 661 frames
12-09 08:32:33.781 W/audio_hw_generic( 1307): Hardware backing HAL too slow, could only write 0 of 661 frames
12-09 08:32:33.842 I/art     (19274): Background partial concurrent mark sweep GC freed 40503(2MB) AllocSpace objects, 12(240KB) LOS objects, 39% free, 2MB/4MB, paused 10.886ms total 167.897ms
12-09 08:32:33.873 W/audio_hw_generic( 1307): Not supplying enough data to HAL, expected position 39421712 , only wrote 39421379
12-09 08:32:33.897 W/audio_hw_generic( 1307): Not supplying enough data to HAL, expected position 39422426 , only wrote 39421379
12-09 08:32:33.913 W/audio_hw_generic( 1307): Not supplying enough data to HAL, expected position 39422084 , only wrote 39422040
12-09 08:32:33.913 W/audio_hw_generic( 1307): Hardware backing HAL too slow, could only write 0 of 661 frames
12-09 08:32:33.937 W/audio_hw_generic( 1307): Hardware backing HAL too slow, could only write 0 of 661 frames
12-09 08:32:34.048 W/audio_hw_generic( 1307): Hardware backing HAL too slow, could only write 0 of 661 frames
12-09 08:32:34.048 W/audio_hw_generic( 1307): Not supplying enough data to HAL, expected position 39428006 , only wrote 39424684
12-09 08:32:34.048 W/audio_hw_generic( 1307): Not supplying enough data to HAL, expected position 39424689 , only wrote 39424684
12-09 08:32:34.065 W/audio_hw_generic( 1307): Not supplying enough data to HAL, expected position 39425419 , only wrote 39425345
12-09 08:32:34.096 W/audio_hw_generic( 1307): Hardware backing HAL too slow, could only write 0 of 661 frames
12-09 08:32:34.252 I/LatinIME( 1880): Starting input. Cursor position = -1,-1
12-09 08:32:34.256 I/Choreographer(19274): Skipped 34 frames!  The application may be doing too much work on its main thread.
12-09 08:32:34.265 E/SurfaceFlinger( 1218): ro.sf.lcd_density must be defined as a build property
12-09 08:32:34.277 D/gralloc_ranchu( 1218): gralloc_alloc: Creating ashmem region of size 3686400
12-09 08:32:34.302 D/        (19362): HostConnection::get() New Host Connection established 0x7f4ba5a12480, tid 19362
12-09 08:32:34.357 W/audio_hw_generic( 1307): Not supplying enough data to HAL, expected position 39438233 , only wrote 39437904
12-09 08:32:34.357 W/audio_hw_generic( 1307): Not supplying enough data to HAL, expected position 39437910 , only wrote 39437904
12-09 08:32:34.368 E/EGL_emulation( 1218): tid 1218: eglCreateSyncKHR(1881): error 0x3004 (EGL_BAD_ATTRIBUTE)
12-09 08:32:34.381 W/audio_hw_generic( 1307): Not supplying enough data to HAL, expected position 39438952 , only wrote 39438565
12-09 08:32:34.397 W/audio_hw_generic( 1307): Hardware backing HAL too slow, could only write 0 of 661 frames
12-09 08:32:34.418 W/audio_hw_generic( 1307): Hardware backing HAL too slow, could only write 0 of 661 frames
12-09 08:32:34.429 W/audio_hw_generic( 1307): Hardware backing HAL too slow, could only write 0 of 661 frames
12-09 08:32:34.442 W/audio_hw_generic( 1307): Hardware backing HAL too slow, could only write 0 of 661 frames
12-09 08:32:34.460 D/Mileage.ABS(19274): Finished backup
12-09 08:32:34.471 D/Mileage.ABS(19274): Not backing up; 63
12-09 08:32:34.471 D/Mileage.ABS(19274): Not backing up; 63
12-09 08:32:34.472 D/Mileage.ABS(19274): Not backing up; 64
12-09 08:32:34.590 W/audio_hw_generic( 1307): Not supplying enough data to HAL, expected position 39447797 , only wrote 39446497
12-09 08:32:34.590 W/audio_hw_generic( 1307): Not supplying enough data to HAL, expected position 39446503 , only wrote 39446497
12-09 08:32:34.610 W/audio_hw_generic( 1307): Not supplying enough data to HAL, expected position 39447352 , only wrote 39447158
12-09 08:32:34.715 W/audio_hw_generic( 1307): Not supplying enough data to HAL, expected position 39451800 , only wrote 39451785
12-09 08:32:34.813 W/audio_hw_generic( 1307): Not supplying enough data to HAL, expected position 39456099 , only wrote 39455751
12-09 08:32:35.219 W/audio_hw_generic( 1307): Not supplying enough data to HAL, expected position 39473645 , only wrote 39470293
12-09 08:32:35.219 W/audio_hw_generic( 1307): Not supplying enough data to HAL, expected position 39470299 , only wrote 39470293
12-09 08:32:35.306 I/InputAttributes( 1880): InputType.TYPE_NULL is specified
12-09 08:32:35.309 W/audio_hw_generic( 1307): Not supplying enough data to HAL, expected position 39474251 , only wrote 39470954
12-09 08:32:35.323 W/audio_hw_generic( 1307): Hardware backing HAL too slow, could only write 0 of 661 frames
12-09 08:32:35.338 W/audio_hw_generic( 1307): Hardware backing HAL too slow, could only write 0 of 661 frames
12-09 08:32:35.365 W/audio_hw_generic( 1307): Hardware backing HAL too slow, could only write 0 of 661 frames
12-09 08:32:35.383 W/audio_hw_generic( 1307): Hardware backing HAL too slow, could only write 0 of 661 frames
12-09 08:32:35.384 W/audio_hw_generic( 1307): Hardware backing HAL too slow, could only write 0 of 661 frames
12-09 08:32:35.387 I/Choreographer( 1880): Skipped 68 frames!  The application may be doing too much work on its main thread.
12-09 08:32:35.438 I/System.out(19274): URI: //map
12-09 08:32:35.438 I/System.out(19274): params: {json={"query":"android.widget.ListView index:0 android.widget.TextView index:0","operation":{"method_name":"query","arguments":[]}}
12-09 08:32:35.438 I/System.out(19274): }
12-09 08:32:35.565 W/audio_hw_generic( 1307): Not supplying enough data to HAL, expected position 39482260 , only wrote 39479547
12-09 08:32:35.565 W/audio_hw_generic( 1307): Not supplying enough data to HAL, expected position 39479554 , only wrote 39479547
12-09 08:32:35.569 D/EGL_emulation( 1880): eglMakeCurrent: 0x7fe6a6ff4c80: ver 2 0 (tinfo 0x7fe6a6ff3920)
12-09 08:32:35.605 E/Surface ( 1880): getSlotFromBufferLocked: unknown buffer: 0x7fe6af153040
12-09 08:32:35.660 W/audio_hw_generic( 1307): Not supplying enough data to HAL, expected position 39483753 , only wrote 39480208
12-09 08:32:35.677 W/audio_hw_generic( 1307): Not supplying enough data to HAL, expected position 39480918 , only wrote 39480869
12-09 08:32:35.677 W/audio_hw_generic( 1307): Not supplying enough data to HAL, expected position 39480875 , only wrote 39480869
12-09 08:32:35.726 W/audio_hw_generic( 1307): Hardware backing HAL too slow, could only write 0 of 661 frames
12-09 08:32:35.832 W/audio_hw_generic( 1307): Not supplying enough data to HAL, expected position 39487729 , only wrote 39484835
12-09 08:32:35.832 W/audio_hw_generic( 1307): Not supplying enough data to HAL, expected position 39484841 , only wrote 39484835
12-09 08:32:35.849 W/audio_hw_generic( 1307): Not supplying enough data to HAL, expected position 39485564 , only wrote 39485496
12-09 08:32:35.884 W/audio_hw_generic( 1307): Hardware backing HAL too slow, could only write 0 of 661 frames
12-09 08:32:35.992 W/audio_hw_generic( 1307): Not supplying enough data to HAL, expected position 39491818 , only wrote 39490123
12-09 08:32:36.046 W/audio_hw_generic( 1307): Not supplying enough data to HAL, expected position 39492476 , only wrote 39490123
12-09 08:32:36.068 W/audio_hw_generic( 1307): Not supplying enough data to HAL, expected position 39491089 , only wrote 39490784
12-09 08:32:36.098 W/audio_hw_generic( 1307): Not supplying enough data to HAL, expected position 39492129 , only wrote 39492106
12-09 08:32:36.255 W/audio_hw_generic( 1307): Not supplying enough data to HAL, expected position 39499031 , only wrote 39497394
12-09 08:32:36.317 W/audio_hw_generic( 1307): Not supplying enough data to HAL, expected position 39500101 , only wrote 39498716
12-09 08:32:36.381 W/audio_hw_generic( 1307): Not supplying enough data to HAL, expected position 39501555 , only wrote 39500038
12-09 08:32:36.448 W/audio_hw_generic( 1307): Hardware backing HAL too slow, could only write 0 of 661 frames
12-09 08:32:36.465 W/audio_hw_generic( 1307): Hardware backing HAL too slow, could only write 0 of 661 frames
12-09 08:32:36.507 I/art     (19274): Background sticky concurrent mark sweep GC freed 39098(1467KB) AllocSpace objects, 1(20KB) LOS objects, 33% free, 2MB/4MB, paused 18.313ms total 87.814ms
12-09 08:32:36.642 I/System.out(19274): URI: //gesture
12-09 08:32:36.642 I/System.out(19274): params: {json={"query_timeout":5.0,"gestures":[{"query_string":"android.widget.ListView index:0 android.widget.TextView index:0","touches":[{"x":50,"y":50,"offset_x":0,"offset_y":0,"wait":0.0,"time":0.2,"release":true,"query_string":null}]}]}
12-09 08:32:36.642 I/System.out(19274): }
12-09 08:32:36.660 W/audio_hw_generic( 1307): Not supplying enough data to HAL, expected position 39512360 , only wrote 39511936
12-09 08:32:36.661 W/audio_hw_generic( 1307): Not supplying enough data to HAL, expected position 39511955 , only wrote 39511936
12-09 08:32:36.681 W/audio_hw_generic( 1307): Not supplying enough data to HAL, expected position 39512804 , only wrote 39512597
12-09 08:32:36.788 W/audio_hw_generic( 1307): Not supplying enough data to HAL, expected position 39521780 , only wrote 39517224
12-09 08:32:37.244 I/ActivityManager( 1591): START u0 {cmp=com.evancharlton.mileage/.FillupInfoActivity (has extras)} from uid 10141 on display 0
12-09 08:32:37.246 I/art     (19274): Background sticky concurrent mark sweep GC freed 29560(1412KB) AllocSpace objects, 0(0B) LOS objects, 32% free, 2MB/4MB, paused 17.317ms total 96.666ms
12-09 08:32:37.317 D/AudioFlinger( 1307): mixer(0xf43c0000) throttle end: throttle time(11)
12-09 08:32:37.324 W/audio_hw_generic( 1307): Hardware backing HAL too slow, could only write 0 of 661 frames
12-09 08:32:37.384 W/audio_hw_generic( 1307): Hardware backing HAL too slow, could only write 0 of 661 frames
12-09 08:32:37.384 W/audio_hw_generic( 1307): Not supplying enough data to HAL, expected position 39521974 , only wrote 39521851
12-09 08:32:37.385 W/audio_hw_generic( 1307): Not supplying enough data to HAL, expected position 39521856 , only wrote 39521851
12-09 08:32:37.385 W/audio_hw_generic( 1307): Hardware backing HAL too slow, could only write 0 of 661 frames
12-09 08:32:37.385 W/audio_hw_generic( 1307): Hardware backing HAL too slow, could only write 0 of 661 frames
12-09 08:32:37.385 W/audio_hw_generic( 1307): Hardware backing HAL too slow, could only write 0 of 661 frames
12-09 08:32:37.424 W/audio_hw_generic( 1307): Hardware backing HAL too slow, could only write 0 of 661 frames
12-09 08:32:37.520 W/audio_hw_generic( 1307): Not supplying enough data to HAL, expected position 39527802 , only wrote 39527139
12-09 08:32:37.657 W/audio_hw_generic( 1307): Not supplying enough data to HAL, expected position 39533213 , only wrote 39530444
12-09 08:32:37.657 W/audio_hw_generic( 1307): Not supplying enough data to HAL, expected position 39530450 , only wrote 39530444
12-09 08:32:37.675 W/audio_hw_generic( 1307): Not supplying enough data to HAL, expected position 39531210 , only wrote 39531105
12-09 08:32:37.724 I/calabash(19274): newActivity1
12-09 08:32:37.801 E/SurfaceFlinger( 1218): ro.sf.lcd_density must be defined as a build property
12-09 08:32:37.827 D/gralloc_ranchu( 1218): gralloc_alloc: Creating ashmem region of size 3686400
12-09 08:32:37.885 D/        (19370): HostConnection::get() New Host Connection established 0x7f3d79fd2480, tid 19370
12-09 08:32:37.919 E/EGL_emulation( 1218): tid 1218: eglCreateSyncKHR(1881): error 0x3004 (EGL_BAD_ATTRIBUTE)
12-09 08:32:37.950 W/audio_hw_generic( 1307): Not supplying enough data to HAL, expected position 39543255 , only wrote 39541681
12-09 08:32:37.950 W/audio_hw_generic( 1307): Not supplying enough data to HAL, expected position 39541687 , only wrote 39541681
12-09 08:32:37.969 W/audio_hw_generic( 1307): Not supplying enough data to HAL, expected position 39542509 , only wrote 39542342
12-09 08:32:37.972 V/PhoneStatusBar( 1703): setLightsOn(true)
12-09 08:32:38.038 D/gralloc_ranchu( 1218): gralloc_alloc: Creating ashmem region of size 3686400
12-09 08:32:38.211 W/audio_hw_generic( 1307): Not supplying enough data to HAL, expected position 39553006 , only wrote 39550935
12-09 08:32:38.211 W/audio_hw_generic( 1307): Not supplying enough data to HAL, expected position 39550941 , only wrote 39550935
12-09 08:32:38.232 W/audio_hw_generic( 1307): Not supplying enough data to HAL, expected position 39551830 , only wrote 39551596
12-09 08:32:38.346 W/audio_hw_generic( 1307): Not supplying enough data to HAL, expected position 39556622 , only wrote 39556223
12-09 08:32:38.346 W/audio_hw_generic( 1307): Not supplying enough data to HAL, expected position 39556229 , only wrote 39556223
12-09 08:32:38.372 W/audio_hw_generic( 1307): Not supplying enough data to HAL, expected position 39557402 , only wrote 39556884
12-09 08:32:38.420 W/audio_hw_generic( 1307): Hardware backing HAL too slow, could only write 0 of 661 frames
12-09 08:32:38.433 W/audio_hw_generic( 1307): Hardware backing HAL too slow, could only write 0 of 661 frames
12-09 08:32:38.645 W/audio_hw_generic( 1307): Not supplying enough data to HAL, expected position 39568919 , only wrote 39568121
12-09 08:32:38.645 W/audio_hw_generic( 1307): Not supplying enough data to HAL, expected position 39568127 , only wrote 39568121
12-09 08:32:38.714 W/audio_hw_generic( 1307): Not supplying enough data to HAL, expected position 39571150 , only wrote 39568782
12-09 08:32:38.804 W/audio_hw_generic( 1307): Not supplying enough data to HAL, expected position 39572759 , only wrote 39570104
12-09 08:32:38.814 D/gralloc_ranchu( 1218): gralloc_alloc: Creating ashmem region of size 3686400
12-09 08:32:38.814 W/audio_hw_generic( 1307): Hardware backing HAL too slow, could only write 0 of 661 frames
12-09 08:32:38.830 I/System.out(19274): URI: //map
12-09 08:32:38.830 I/System.out(19274): params: {json={"query":"android.widget.Button index:1","operation":{"method_name":"query","arguments":[]}}
12-09 08:32:38.830 I/System.out(19274): }
12-09 08:32:38.865 W/audio_hw_generic( 1307): Not supplying enough data to HAL, expected position 39572762 , only wrote 39572087
12-09 08:32:39.048 W/audio_hw_generic( 1307): Not supplying enough data to HAL, expected position 39580191 , only wrote 39580019
12-09 08:32:39.065 W/audio_hw_generic( 1307): Not supplying enough data to HAL, expected position 39580732 , only wrote 39580019
12-09 08:32:39.078 I/ActivityManager( 1591): Displayed com.evancharlton.mileage/.FillupInfoActivity: +1s556ms
12-09 08:32:39.084 W/audio_hw_generic( 1307): Not supplying enough data to HAL, expected position 39580895 , only wrote 39580680
12-09 08:32:39.109 W/audio_hw_generic( 1307): Hardware backing HAL too slow, could only write 0 of 661 frames
12-09 08:32:39.128 W/audio_hw_generic( 1307): Hardware backing HAL too slow, could only write 0 of 661 frames
12-09 08:32:39.139 W/audio_hw_generic( 1307): Hardware backing HAL too slow, could only write 0 of 661 frames
12-09 08:32:39.211 W/audio_hw_generic( 1307): Not supplying enough data to HAL, expected position 39586253 , only wrote 39585307
12-09 08:32:39.211 W/audio_hw_generic( 1307): Not supplying enough data to HAL, expected position 39585313 , only wrote 39585307
12-09 08:32:39.245 W/audio_hw_generic( 1307): Hardware backing HAL too slow, could only write 0 of 661 frames
12-09 08:32:39.264 W/audio_hw_generic( 1307): Hardware backing HAL too slow, could only write 0 of 661 frames
12-09 08:32:39.276 W/audio_hw_generic( 1307): Hardware backing HAL too slow, could only write 0 of 661 frames
12-09 08:32:39.382 I/System.out(19274): URI: //gesture
12-09 08:32:39.382 I/System.out(19274): params: {json={"query_timeout":5.0,"gestures":[{"query_string":"android.widget.Button index:1","touches":[{"x":50,"y":50,"offset_x":0,"offset_y":0,"wait":0.0,"time":0.2,"release":true,"query_string":null}]}]}
12-09 08:32:39.382 I/System.out(19274): }
12-09 08:32:39.558 D/gralloc_ranchu( 1218): gralloc_alloc: Creating ashmem region of size 3686400
12-09 08:32:39.649 W/audio_hw_generic( 1307): Not supplying enough data to HAL, expected position 39604630 , only wrote 39603815
12-09 08:32:39.759 W/audio_hw_generic( 1307): Not supplying enough data to HAL, expected position 39608677 , only wrote 39608442
12-09 08:32:39.905 W/audio_hw_generic( 1307): Not supplying enough data to HAL, expected position 39614841 , only wrote 39612408
12-09 08:32:39.905 W/audio_hw_generic( 1307): Not supplying enough data to HAL, expected position 39612414 , only wrote 39612408
12-09 08:32:39.919 W/audio_hw_generic( 1307): Hardware backing HAL too slow, could only write 0 of 661 frames
12-09 08:32:39.937 W/audio_hw_generic( 1307): Hardware backing HAL too slow, could only write 0 of 661 frames
12-09 08:32:39.953 W/audio_hw_generic( 1307): Hardware backing HAL too slow, could only write 0 of 661 frames
12-09 08:32:39.969 W/audio_hw_generic( 1307): Hardware backing HAL too slow, could only write 0 of 661 frames
12-09 08:32:40.044 W/audio_hw_generic( 1307): Hardware backing HAL too slow, could only write 0 of 661 frames
12-09 08:32:40.077 I/ActivityManager( 1591): START u0 {cmp=com.evancharlton.mileage/.FillupInfoActivity (has extras)} from uid 10141 on display 0
12-09 08:32:40.158 D/AudioFlinger( 1307): mixer(0xf43c0000) throttle end: throttle time(5)
12-09 08:32:40.246 I/calabash(19274): newActivity1
12-09 08:32:40.395 V/PhoneStatusBar( 1703): setLightsOn(true)
12-09 08:32:40.426 W/audio_hw_generic( 1307): Not supplying enough data to HAL, expected position 39635389 , only wrote 39634882
12-09 08:32:40.455 D/gralloc_ranchu( 1218): gralloc_alloc: Creating ashmem region of size 3686400
12-09 08:32:40.457 W/audio_hw_generic( 1307): Not supplying enough data to HAL, expected position 39636237 , only wrote 39636204
12-09 08:32:40.549 W/audio_hw_generic( 1307): Hardware backing HAL too slow, could only write 0 of 661 frames
12-09 08:32:40.684 W/art     ( 1591): Long monitor contention event with owner method=void com.android.server.wm.WindowAnimator$1.doFrame(long) from WindowAnimator.java:121 waiters=0 for 127ms
12-09 08:32:40.786 D/gralloc_ranchu( 1218): gralloc_alloc: Creating ashmem region of size 3686400
12-09 08:32:40.800 E/SurfaceFlinger( 1218): ro.sf.lcd_density must be defined as a build property
12-09 08:32:40.875 D/gralloc_ranchu( 1218): gralloc_alloc: Creating ashmem region of size 3686400
12-09 08:32:40.917 D/        (19376): HostConnection::get() New Host Connection established 0x7fba5b5d2480, tid 19376
12-09 08:32:40.948 E/EGL_emulation( 1218): tid 1218: eglCreateSyncKHR(1881): error 0x3004 (EGL_BAD_ATTRIBUTE)
12-09 08:32:40.955 W/audio_hw_generic( 1307): Hardware backing HAL too slow, could only write 0 of 661 frames
12-09 08:32:40.972 I/ActivityManager( 1591): Displayed com.evancharlton.mileage/.FillupInfoActivity: +878ms
12-09 08:32:41.044 W/audio_hw_generic( 1307): Hardware backing HAL too slow, could only write 0 of 661 frames
12-09 08:32:41.114 W/art     ( 1591): Long monitor contention event with owner method=void com.android.server.wm.WindowAnimator$1.doFrame(long) from WindowAnimator.java:121 waiters=0 for 118ms
12-09 08:32:41.205 W/audio_hw_generic( 1307): Not supplying enough data to HAL, expected position 39669232 , only wrote 39667271
12-09 08:32:41.244 W/audio_hw_generic( 1307): Not supplying enough data to HAL, expected position 39668990 , only wrote 39668593
12-09 08:32:41.310 W/audio_hw_generic( 1307): Hardware backing HAL too slow, could only write 0 of 661 frames
12-09 08:32:41.580 W/audio_hw_generic( 1307): Not supplying enough data to HAL, expected position 39683374 , only wrote 39683135
12-09 08:32:41.580 W/audio_hw_generic( 1307): Hardware backing HAL too slow, could only write 0 of 661 frames
12-09 08:32:41.580 W/audio_hw_generic( 1307): Hardware backing HAL too slow, could only write 0 of 661 frames
12-09 08:32:41.607 W/audio_hw_generic( 1307): Hardware backing HAL too slow, could only write 0 of 661 frames
12-09 08:32:41.625 W/audio_hw_generic( 1307): Hardware backing HAL too slow, could only write 0 of 661 frames
12-09 08:32:41.825 D/gralloc_ranchu( 1218): gralloc_alloc: Creating ashmem region of size 3686400
12-09 08:32:41.829 I/System.out(19274): URI: //map
12-09 08:32:41.830 I/System.out(19274): params: {json={"query":"android.widget.Button index:0","operation":{"method_name":"query","arguments":[]}}
12-09 08:32:41.832 I/System.out(19274): }
12-09 08:32:41.878 W/audio_hw_generic( 1307): Hardware backing HAL too slow, could only write 0 of 661 frames
12-09 08:32:41.898 W/audio_hw_generic( 1307): Hardware backing HAL too slow, could only write 0 of 661 frames
12-09 08:32:42.038 W/audio_hw_generic( 1307): Not supplying enough data to HAL, expected position 39703334 , only wrote 39702304
12-09 08:32:42.038 W/audio_hw_generic( 1307): Not supplying enough data to HAL, expected position 39702310 , only wrote 39702304
12-09 08:32:42.149 W/art     (19274): Suspending all threads took: 8.432ms
12-09 08:32:42.190 I/art     (19274): Background sticky concurrent mark sweep GC freed 37865(1644KB) AllocSpace objects, 0(0B) LOS objects, 8% free, 3MB/4MB, paused 10.066ms total 72.741ms
12-09 08:32:42.222 I/System.out(19274): URI: //gesture
12-09 08:32:42.222 I/System.out(19274): params: {json={"query_timeout":5.0,"gestures":[{"query_string":"android.widget.Button index:0","touches":[{"x":50,"y":50,"offset_x":0,"offset_y":0,"wait":0.0,"time":0.2,"release":true,"query_string":null}]}]}
12-09 08:32:42.222 I/System.out(19274): }
12-09 08:32:42.373 I/art     (19274): Background sticky concurrent mark sweep GC freed 16606(790KB) AllocSpace objects, 2(40KB) LOS objects, 12% free, 3MB/4MB, paused 1.026ms total 127.295ms
12-09 08:32:42.397 W/audio_hw_generic( 1307): Not supplying enough data to HAL, expected position 39718161 , only wrote 39716846
12-09 08:32:42.398 W/audio_hw_generic( 1307): Not supplying enough data to HAL, expected position 39716853 , only wrote 39716846
12-09 08:32:42.422 W/audio_hw_generic( 1307): Not supplying enough data to HAL, expected position 39717906 , only wrote 39717507
12-09 08:32:42.509 I/ActivityManager( 1591): START u0 {cmp=com.evancharlton.mileage/.FillupInfoActivity (has extras)} from uid 10141 on display 0
12-09 08:32:42.618 W/audio_hw_generic( 1307): Not supplying enough data to HAL, expected position 39726157 , only wrote 39726100
12-09 08:32:42.658 I/calabash(19274): newActivity1
12-09 08:32:42.685 I/art     (19274): Background partial concurrent mark sweep GC freed 37286(2MB) AllocSpace objects, 8(160KB) LOS objects, 40% free, 2MB/4MB, paused 3.411ms total 143.516ms
12-09 08:32:42.831 W/audio_hw_generic( 1307): Not supplying enough data to HAL, expected position 39735497 , only wrote 39735354
12-09 08:32:42.831 W/audio_hw_generic( 1307): Not supplying enough data to HAL, expected position 39735360 , only wrote 39735354
12-09 08:32:42.854 V/PhoneStatusBar( 1703): setLightsOn(true)
12-09 08:32:42.921 W/audio_hw_generic( 1307): Hardware backing HAL too slow, could only write 0 of 661 frames
12-09 08:32:43.035 D/gralloc_ranchu( 1218): gralloc_alloc: Creating ashmem region of size 3686400
12-09 08:32:43.146 W/audio_hw_generic( 1307): Not supplying enough data to HAL, expected position 39749262 , only wrote 39747913
12-09 08:32:43.147 W/audio_hw_generic( 1307): Not supplying enough data to HAL, expected position 39747919 , only wrote 39747913
12-09 08:32:43.248 E/SurfaceFlinger( 1218): ro.sf.lcd_density must be defined as a build property
12-09 08:32:43.311 W/audio_hw_generic( 1307): Hardware backing HAL too slow, could only write 0 of 661 frames
12-09 08:32:43.312 W/audio_hw_generic( 1307): Not supplying enough data to HAL, expected position 39755187 , only wrote 39755184
12-09 08:32:43.312 W/audio_hw_generic( 1307): Hardware backing HAL too slow, could only write 0 of 661 frames
12-09 08:32:43.320 D/gralloc_ranchu( 1218): gralloc_alloc: Creating ashmem region of size 3686400
12-09 08:32:43.326 W/audio_hw_generic( 1307): Hardware backing HAL too slow, could only write 0 of 661 frames
12-09 08:32:43.342 W/audio_hw_generic( 1307): Hardware backing HAL too slow, could only write 0 of 661 frames
12-09 08:32:43.357 D/        (19382): HostConnection::get() New Host Connection established 0x7f9e3f612480, tid 19382
12-09 08:32:43.380 E/EGL_emulation( 1218): tid 1218: eglCreateSyncKHR(1881): error 0x3004 (EGL_BAD_ATTRIBUTE)
12-09 08:32:43.483 W/audio_hw_generic( 1307): Not supplying enough data to HAL, expected position 39762725 , only wrote 39762455
12-09 08:32:43.483 W/audio_hw_generic( 1307): Not supplying enough data to HAL, expected position 39762461 , only wrote 39762455
12-09 08:32:43.533 W/audio_hw_generic( 1307): Not supplying enough data to HAL, expected position 39764688 , only wrote 39763116
12-09 08:32:43.668 W/audio_hw_generic( 1307): Not supplying enough data to HAL, expected position 39769071 , only wrote 39769065
12-09 08:32:43.669 W/audio_hw_generic( 1307): Not supplying enough data to HAL, expected position 39769078 , only wrote 39769065
12-09 08:32:43.815 W/art     ( 1591): Long monitor contention event with owner method=void com.android.server.wm.WindowAnimator$1.doFrame(long) from WindowAnimator.java:121 waiters=1 for 192ms
12-09 08:32:43.917 W/audio_hw_generic( 1307): Not supplying enough data to HAL, expected position 39780016 , only wrote 39778980
12-09 08:32:43.917 W/audio_hw_generic( 1307): Not supplying enough data to HAL, expected position 39778986 , only wrote 39778980
12-09 08:32:43.937 W/audio_hw_generic( 1307): Not supplying enough data to HAL, expected position 39779841 , only wrote 39779641
12-09 08:32:43.985 W/audio_hw_generic( 1307): Hardware backing HAL too slow, could only write 0 of 661 frames
12-09 08:32:44.082 W/audio_hw_generic( 1307): Not supplying enough data to HAL, expected position 39786030 , only wrote 39783607
12-09 08:32:44.082 W/audio_hw_generic( 1307): Not supplying enough data to HAL, expected position 39783616 , only wrote 39783607
12-09 08:32:44.128 W/audio_hw_generic( 1307): Not supplying enough data to HAL, expected position 39785653 , only wrote 39785590
12-09 08:32:44.149 W/audio_hw_generic( 1307): Hardware backing HAL too slow, could only write 0 of 661 frames
12-09 08:32:44.152 W/art     ( 1591): Long monitor contention event with owner method=void com.android.server.wm.WindowAnimator$1.doFrame(long) from WindowAnimator.java:121 waiters=1 for 223ms
12-09 08:32:44.170 W/audio_hw_generic( 1307): Hardware backing HAL too slow, could only write 0 of 661 frames
12-09 08:32:44.182 W/audio_hw_generic( 1307): Hardware backing HAL too slow, could only write 0 of 661 frames
12-09 08:32:44.282 W/art     ( 1591): Long monitor contention event with owner method=void com.android.server.wm.WindowAnimator$1.doFrame(long) from WindowAnimator.java:121 waiters=1 for 243ms
12-09 08:32:44.394 W/art     ( 1591): Long monitor contention event with owner method=void com.android.server.wm.WindowAnimator$1.doFrame(long) from WindowAnimator.java:121 waiters=1 for 242ms
12-09 08:32:44.573 W/art     ( 1591): Long monitor contention event with owner method=void com.android.server.wm.WindowAnimator$1.doFrame(long) from WindowAnimator.java:121 waiters=1 for 179ms
12-09 08:32:44.747 W/art     ( 1591): Long monitor contention event with owner method=void com.android.server.wm.WindowAnimator$1.doFrame(long) from WindowAnimator.java:121 waiters=1 for 174ms
12-09 08:32:44.969 W/audio_hw_generic( 1307): Not supplying enough data to HAL, expected position 39822649 , only wrote 39822606
12-09 08:32:44.969 W/audio_hw_generic( 1307): Not supplying enough data to HAL, expected position 39822612 , only wrote 39822606
12-09 08:32:44.971 D/AndroidRuntime(19385): >>>>>> START com.android.internal.os.RuntimeInit uid 0 <<<<<<
12-09 08:32:44.989 D/AndroidRuntime(19385): CheckJNI is ON
12-09 08:32:45.047 D/ICU     (19385): No timezone override file found: /data/misc/zoneinfo/current/icu/icu_tzdata.dat
12-09 08:32:45.139 E/memtrack(19385): Couldn't load memtrack module (No such file or directory)
12-09 08:32:45.140 E/android.os.Debug(19385): failed to load memtrack module: -2
12-09 08:32:45.150 I/Radio-JNI(19385): register_android_hardware_Radio DONE
12-09 08:32:45.189 D/AndroidRuntime(19385): Calling main entry com.android.commands.input.Input
12-09 08:32:45.189 I/Input   (19385): injectKeyEvent: KeyEvent { action=ACTION_DOWN, keyCode=KEYCODE_BACK, scanCode=0, metaState=0, flags=0x0, repeatCount=0, eventTime=5777308, downTime=5777308, deviceId=-1, source=0x101 }
12-09 08:32:45.200 W/audio_hw_generic( 1307): Hardware backing HAL too slow, could only write 0 of 661 frames
12-09 08:32:45.213 W/audio_hw_generic( 1307): Hardware backing HAL too slow, could only write 0 of 661 frames
12-09 08:32:45.230 W/art     ( 1591): Long monitor contention event with owner method=void com.android.server.wm.WindowAnimator$1.doFrame(long) from WindowAnimator.java:121 waiters=1 for 213ms
