--------- beginning of main
12-09 08:27:34.715 W/audio_hw_generic( 1307): Hardware backing HAL too slow, could only write 0 of 661 frames
12-09 08:27:34.731 E/EGL_emulation( 1218): tid 1218: eglCreateSyncKHR(1881): error 0x3004 (EGL_BAD_ATTRIBUTE)
--------- beginning of system
12-09 08:27:34.849 W/ActivityManager( 1594): Finishing task with all activities already finished
12-09 08:27:34.849 W/ActivityManager( 1594): Duplicate finish request for ActivityRecord{8523432 u0 com.evancharlton.mileage/.Mileage t456 f}
12-09 08:27:34.850 W/ActivityManager( 1594): Finishing task with all activities already finished
12-09 08:27:34.850 W/ActivityManager( 1594): Duplicate finish request for ActivityRecord{8523432 u0 com.evancharlton.mileage/.Mileage t456 f}
12-09 08:27:34.879 W/ActivityManager( 1594): Finishing task with all activities already finished
12-09 08:27:34.879 W/ActivityManager( 1594): Duplicate finish request for ActivityRecord{8523432 u0 com.evancharlton.mileage/.Mileage t456 f}
12-09 08:27:34.910 W/ProcessCpuTracker( 1594): Skipping unknown process pid 16672
12-09 08:27:34.931 I/art     ( 1594): Background partial concurrent mark sweep GC freed 21499(1596KB) AllocSpace objects, 7(140KB) LOS objects, 29% free, 9MB/13MB, paused 1.396ms total 163.572ms
12-09 08:27:35.048 D/EGL_emulation( 1932): eglMakeCurrent: 0x7f5a64ee1aa0: ver 2 0 (tinfo 0x7f5a64ec2800)
12-09 08:27:35.142 W/audio_hw_generic( 1307): Hardware backing HAL too slow, could only write 0 of 661 frames
12-09 08:27:35.160 W/audio_hw_generic( 1307): Hardware backing HAL too slow, could only write 0 of 661 frames
12-09 08:27:35.178 W/audio_hw_generic( 1307): Hardware backing HAL too slow, could only write 0 of 661 frames
12-09 08:27:35.205 W/audio_hw_generic( 1307): Hardware backing HAL too slow, could only write 0 of 661 frames
12-09 08:27:35.243 W/audio_hw_generic( 1307): Hardware backing HAL too slow, could only write 0 of 661 frames
12-09 08:27:35.243 W/audio_hw_generic( 1307): Not supplying enough data to HAL, expected position 34663158 , only wrote 34662840
12-09 08:27:35.243 W/audio_hw_generic( 1307): Not supplying enough data to HAL, expected position 34662846 , only wrote 34662840
12-09 08:27:35.259 W/audio_hw_generic( 1307): Not supplying enough data to HAL, expected position 34663538 , only wrote 34663501
12-09 08:27:35.293 W/art     ( 1594): Long monitor contention event with owner method=void com.android.server.wm.WindowAnimator$1.doFrame(long) from WindowAnimator.java:121 waiters=1 for 197ms
12-09 08:27:35.319 W/audio_hw_generic( 1307): Not supplying enough data to HAL, expected position 34666149 , only wrote 34666145
12-09 08:27:35.346 W/audio_hw_generic( 1307): Not supplying enough data to HAL, expected position 34667323 , only wrote 34666806
12-09 08:27:35.379 W/audio_hw_generic( 1307): Hardware backing HAL too slow, could only write 0 of 661 frames
12-09 08:27:35.395 W/audio_hw_generic( 1307): Hardware backing HAL too slow, could only write 0 of 661 frames
12-09 08:27:35.395 W/art     ( 1594): Long monitor contention event with owner method=void com.android.server.wm.WindowAnimator$1.doFrame(long) from WindowAnimator.java:121 waiters=1 for 221ms
12-09 08:27:35.411 W/audio_hw_generic( 1307): Hardware backing HAL too slow, could only write 0 of 661 frames
12-09 08:27:35.442 W/audio_hw_generic( 1307): Hardware backing HAL too slow, could only write 0 of 661 frames
12-09 08:27:35.457 W/audio_hw_generic( 1307): Hardware backing HAL too slow, could only write 0 of 661 frames
12-09 08:27:35.501 W/art     ( 1594): Long monitor contention event with owner method=void com.android.server.wm.WindowAnimator$1.doFrame(long) from WindowAnimator.java:121 waiters=1 for 208ms
12-09 08:27:35.550 W/audio_hw_generic( 1307): Not supplying enough data to HAL, expected position 34675789 , only wrote 34675399
12-09 08:27:35.550 W/audio_hw_generic( 1307): Not supplying enough data to HAL, expected position 34675406 , only wrote 34675399
12-09 08:27:35.570 W/audio_hw_generic( 1307): Not supplying enough data to HAL, expected position 34676277 , only wrote 34676060
12-09 08:27:35.606 W/audio_hw_generic( 1307): Not supplying enough data to HAL, expected position 34678549 , only wrote 34677382
12-09 08:27:35.782 D/AndroidRuntime(16674): >>>>>> START com.android.internal.os.RuntimeInit uid 0 <<<<<<
12-09 08:27:35.796 D/AndroidRuntime(16674): CheckJNI is ON
12-09 08:27:35.832 D/ICU     (16674): No timezone override file found: /data/misc/zoneinfo/current/icu/icu_tzdata.dat
12-09 08:27:36.032 E/memtrack(16674): Couldn't load memtrack module (No such file or directory)
12-09 08:27:36.032 E/android.os.Debug(16674): failed to load memtrack module: -2
12-09 08:27:36.033 I/Radio-JNI(16674): register_android_hardware_Radio DONE
12-09 08:27:36.066 D/AndroidRuntime(16674): Calling main entry com.android.commands.am.Am
12-09 08:27:36.088 W/art     ( 1594): Long monitor contention event with owner method=void com.android.server.am.ActivityManagerService.activityDestroyed(android.os.IBinder) from ActivityManagerService.java:6475 waiters=0 for 727ms
12-09 08:27:36.089 I/Choreographer( 1932): Skipped 62 frames!  The application may be doing too much work on its main thread.
12-09 08:27:36.099 I/ActivityManager( 1594): Force stopping com.evancharlton.mileage appid=10137 user=0: start instr
12-09 08:27:36.099 I/ActivityManager( 1594): Killing 16634:com.evancharlton.mileage/u0a137 (adj 0): stop com.evancharlton.mileage
12-09 08:27:36.191 W/ActivityManager( 1594): Crash of app com.evancharlton.mileage running instrumentation ComponentInfo{com.evancharlton.mileage.test/sh.calaba.instrumentationbackend.CalabashInstrumentationTestRunner}
12-09 08:27:36.191 I/ActivityManager( 1594): Force stopping com.evancharlton.mileage appid=10137 user=0: finished inst
12-09 08:27:36.524 W/art     ( 1594): Long monitor contention event with owner method=void com.android.server.wm.WindowAnimator$1.doFrame(long) from WindowAnimator.java:121 waiters=3 for 332ms
12-09 08:27:36.562 W/art     ( 1594): Long monitor contention event with owner method=void com.android.server.wm.WindowAnimator$1.doFrame(long) from WindowAnimator.java:121 waiters=3 for 334ms
12-09 08:27:36.765 W/art     ( 1594): Long monitor contention event with owner method=void com.android.server.wm.WindowAnimator$1.doFrame(long) from WindowAnimator.java:121 waiters=4 for 486ms
12-09 08:27:36.800 W/art     ( 1594): Long monitor contention event with owner method=void com.android.server.wm.WindowAnimator$1.doFrame(long) from WindowAnimator.java:121 waiters=4 for 408ms
12-09 08:27:36.861 W/art     ( 1594): Long monitor contention event with owner method=void com.android.server.wm.WindowAnimator$1.doFrame(long) from WindowAnimator.java:121 waiters=4 for 336ms
12-09 08:27:36.915 W/art     ( 1594): Long monitor contention event with owner method=void com.android.server.wm.WindowAnimator$1.doFrame(long) from WindowAnimator.java:121 waiters=4 for 353ms
12-09 08:27:36.961 W/art     ( 1594): Long monitor contention event with owner method=void com.android.server.wm.WindowAnimator$1.doFrame(long) from WindowAnimator.java:121 waiters=4 for 306ms
12-09 08:27:37.166 W/art     ( 1594): Long monitor contention event with owner method=void com.android.server.wm.WindowAnimator$1.doFrame(long) from WindowAnimator.java:121 waiters=4 for 304ms
12-09 08:27:37.317 W/art     ( 1594): Long monitor contention event with owner method=void com.android.server.wm.WindowAnimator$1.doFrame(long) from WindowAnimator.java:121 waiters=4 for 356ms
12-09 08:27:37.400 W/art     ( 1594): Long monitor contention event with owner method=void com.android.server.wm.WindowAnimator$1.doFrame(long) from WindowAnimator.java:121 waiters=4 for 375ms
12-09 08:27:37.457 W/art     ( 1594): Long monitor contention event with owner method=void com.android.server.wm.WindowAnimator$1.doFrame(long) from WindowAnimator.java:121 waiters=4 for 363ms
12-09 08:27:37.522 W/art     ( 1594): Long monitor contention event with owner method=void com.android.server.wm.WindowAnimator$1.doFrame(long) from WindowAnimator.java:121 waiters=4 for 356ms
12-09 08:27:37.677 W/art     ( 1594): Long monitor contention event with owner method=void com.android.server.wm.WindowAnimator$1.doFrame(long) from WindowAnimator.java:121 waiters=4 for 277ms
12-09 08:27:37.786 W/art     ( 1594): Long monitor contention event with owner method=void com.android.server.wm.WindowAnimator$1.doFrame(long) from WindowAnimator.java:121 waiters=4 for 203ms
12-09 08:27:37.872 W/art     ( 1594): Long monitor contention event with owner method=void com.android.server.wm.WindowAnimator$1.doFrame(long) from WindowAnimator.java:121 waiters=4 for 282ms
12-09 08:27:37.917 W/art     ( 1594): Long monitor contention event with owner method=void com.android.server.wm.WindowAnimator$1.doFrame(long) from WindowAnimator.java:121 waiters=4 for 283ms
12-09 08:27:37.917 W/art     ( 1594): Long monitor contention event with owner method=void com.android.server.wm.WindowAnimator$1.doFrame(long) from WindowAnimator.java:121 waiters=4 for 240ms
12-09 08:27:37.917 I/WindowState( 1594): WIN DEATH: Window{7f8f573 u0 com.evancharlton.mileage/com.evancharlton.mileage.Mileage EXITING}
12-09 08:27:37.918 I/Choreographer( 1932): Skipped 108 frames!  The application may be doing too much work on its main thread.
12-09 08:27:37.926 I/WindowState( 1594): WIN DEATH: Window{683ee65 u0 PopupWindow:31703e1 EXITING}
12-09 08:27:38.018 W/OpenGLRenderer( 1932): Incorrectly called buildLayer on View: ShortcutAndWidgetContainer, destroying layer...
12-09 08:27:38.079 I/ActivityManager( 1594): Start proc 16683:com.evancharlton.mileage/u0a137 for added application com.evancharlton.mileage
12-09 08:27:38.079 W/art     ( 1594): Long monitor contention event with owner method=boolean com.android.server.am.ActivityManagerService.startInstrumentation(android.content.ComponentName, java.lang.String, int, android.os.Bundle, android.app.IInstrumentationWatcher, android.app.IUiAutomationConnection, int, java.lang.String) from ActivityManagerService.java:17066 waiters=0 for 1.972s
12-09 08:27:38.095 D/AndroidRuntime(16674): Shutting down VM
12-09 08:27:38.097 W/art     ( 1594): Long monitor contention event with owner method=boolean com.android.server.am.ActivityManagerService.startInstrumentation(android.content.ComponentName, java.lang.String, int, android.os.Bundle, android.app.IInstrumentationWatcher, android.app.IUiAutomationConnection, int, java.lang.String) from ActivityManagerService.java:17066 waiters=1 for 1.508s
12-09 08:27:38.128 I/art     ( 1312): Background sticky concurrent mark sweep GC freed 3361(150KB) AllocSpace objects, 0(0B) LOS objects, 78% free, 272KB/1295KB, paused 1.041ms total 115.606ms
12-09 08:27:38.134 W/art     (16683): Suspending all threads took: 14.042ms
12-09 08:27:38.138 I/art     (16683): Background sticky concurrent mark sweep GC freed 4200(202KB) AllocSpace objects, 0(0B) LOS objects, 73% free, 343KB/1295KB, paused 15.173ms total 72.494ms
12-09 08:27:38.174 W/System  (16683): ClassLoader referenced unknown path: /data/app/com.evancharlton.mileage.test-1/lib/x86_64
12-09 08:27:38.174 W/System  (16683): ClassLoader referenced unknown path: /data/app/com.evancharlton.mileage-1/lib/x86_64
12-09 08:27:38.260 I/System.out(16683): Main activity name automatically set to: com.evancharlton.mileage.Mileage
12-09 08:27:38.271 I/System.out(16683): Calabash did not load Mono. This is only a problem if you are trying to test a Mono application
12-09 08:27:38.271 I/calabash(16683): Test server port: 7102
12-09 08:27:38.273 I/InstrumentationBackend(16683): Added:'GetPreferences', with key:'get_preferences'
12-09 08:27:38.343 W/WindowAnimator( 1594): Failed to dispatch window animation state change.
12-09 08:27:38.343 W/WindowAnimator( 1594): android.os.DeadObjectException
12-09 08:27:38.343 W/WindowAnimator( 1594): 	at android.os.BinderProxy.transactNative(Native Method)
12-09 08:27:38.343 W/WindowAnimator( 1594): 	at android.os.BinderProxy.transact(Binder.java:503)
12-09 08:27:38.343 W/WindowAnimator( 1594): 	at android.view.IWindow$Stub$Proxy.onAnimationStopped(IWindow.java:534)
12-09 08:27:38.343 W/WindowAnimator( 1594): 	at com.android.server.wm.WindowAnimator.updateWindowsLocked(WindowAnimator.java:286)
12-09 08:27:38.343 W/WindowAnimator( 1594): 	at com.android.server.wm.WindowAnimator.animateLocked(WindowAnimator.java:678)
12-09 08:27:38.343 W/WindowAnimator( 1594): 	at com.android.server.wm.WindowAnimator.-wrap0(WindowAnimator.java)
12-09 08:27:38.343 W/WindowAnimator( 1594): 	at com.android.server.wm.WindowAnimator$1.doFrame(WindowAnimator.java:123)
12-09 08:27:38.343 W/WindowAnimator( 1594): 	at android.view.Choreographer$CallbackRecord.run(Choreographer.java:856)
12-09 08:27:38.343 W/WindowAnimator( 1594): 	at android.view.Choreographer.doCallbacks(Choreographer.java:670)
12-09 08:27:38.343 W/WindowAnimator( 1594): 	at android.view.Choreographer.doFrame(Choreographer.java:603)
12-09 08:27:38.343 W/WindowAnimator( 1594): 	at android.view.Choreographer$FrameDisplayEventReceiver.run(Choreographer.java:844)
12-09 08:27:38.343 W/WindowAnimator( 1594): 	at android.os.Handler.handleCallback(Handler.java:739)
12-09 08:27:38.343 W/WindowAnimator( 1594): 	at android.os.Handler.dispatchMessage(Handler.java:95)
12-09 08:27:38.343 W/WindowAnimator( 1594): 	at android.os.Looper.loop(Looper.java:148)
12-09 08:27:38.343 W/WindowAnimator( 1594): 	at android.os.HandlerThread.run(HandlerThread.java:61)
12-09 08:27:38.343 W/WindowAnimator( 1594): 	at com.android.server.ServiceThread.run(ServiceThread.java:46)
12-09 08:27:38.343 W/WindowAnimator( 1594): Failed to dispatch window animation state change.
12-09 08:27:38.343 W/WindowAnimator( 1594): android.os.DeadObjectException
12-09 08:27:38.343 W/WindowAnimator( 1594): 	at android.os.BinderProxy.transactNative(Native Method)
12-09 08:27:38.343 W/WindowAnimator( 1594): 	at android.os.BinderProxy.transact(Binder.java:503)
12-09 08:27:38.343 W/WindowAnimator( 1594): 	at android.view.IWindow$Stub$Proxy.onAnimationStopped(IWindow.java:534)
12-09 08:27:38.343 W/WindowAnimator( 1594): 	at com.android.server.wm.WindowAnimator.updateWindowsLocked(WindowAnimator.java:286)
12-09 08:27:38.343 W/WindowAnimator( 1594): 	at com.android.server.wm.WindowAnimator.animateLocked(WindowAnimator.java:678)
12-09 08:27:38.343 W/WindowAnimator( 1594): 	at com.android.server.wm.WindowAnimator.-wrap0(WindowAnimator.java)
12-09 08:27:38.343 W/WindowAnimator( 1594): 	at com.android.server.wm.WindowAnimator$1.doFrame(WindowAnimator.java:123)
12-09 08:27:38.343 W/WindowAnimator( 1594): 	at android.view.Choreographer$CallbackRecord.run(Choreographer.java:856)
12-09 08:27:38.343 W/WindowAnimator( 1594): 	at android.view.Choreographer.doCallbacks(Choreographer.java:670)
12-09 08:27:38.343 W/WindowAnimator( 1594): 	at android.view.Choreographer.doFrame(Choreographer.java:603)
12-09 08:27:38.343 W/WindowAnimator( 1594): 	at android.view.Choreographer$FrameDisplayEventReceiver.run(Choreographer.java:844)
12-09 08:27:38.343 W/WindowAnimator( 1594): 	at android.os.Handler.handleCallback(Handler.java:739)
12-09 08:27:38.343 W/WindowAnimator( 1594): 	at android.os.Handler.dispatchMessage(Handler.java:95)
12-09 08:27:38.343 W/WindowAnimator( 1594): 	at android.os.Looper.loop(Looper.java:148)
12-09 08:27:38.343 W/WindowAnimator( 1594): 	at android.os.HandlerThread.run(HandlerThread.java:61)
12-09 08:27:38.343 W/WindowAnimator( 1594): 	at com.android.server.ServiceThread.run(ServiceThread.java:46)
12-09 08:27:38.380 I/InstrumentationBackend(16683): Added:'SetPreferences', with key:'set_preferences'
12-09 08:27:38.380 I/InstrumentationBackend(16683): Added:'ClearPreferences', with key:'clear_preferences'
12-09 08:27:38.380 I/InstrumentationBackend(16683): Added:'PressElement', with key:'press_l10n_element'
12-09 08:27:38.380 I/InstrumentationBackend(16683): Added:'WaitForElement', with key:'wait_for_l10n_element'
12-09 08:27:38.381 I/InstrumentationBackend(16683): Added:'NullAction', with key:'nullAction'
12-09 08:27:38.381 I/InstrumentationBackend(16683): Added:'PressKey', with key:'press_key'
12-09 08:27:38.381 I/InstrumentationBackend(16683): Added:'SetActivityOrientation', with key:'set_activity_orientation'
12-09 08:27:38.381 I/InstrumentationBackend(16683): Added:'GetActivityOrientation', with key:'get_activity_orientation'
12-09 08:27:38.382 I/InstrumentationBackend(16683): Added:'FakeGPSLocation', with key:'set_gps_coordinates'
12-09 08:27:38.382 I/InstrumentationBackend(16683): Added:'SetPropertyByCssSelector', with key:'set_property_by_css_selector'
12-09 08:27:38.392 I/InstrumentationBackend(16683): Added:'GetUrl', with key:'get_url'
12-09 08:27:38.393 I/InstrumentationBackend(16683): Added:'ScrollTo', with key:'scroll_to'
12-09 08:27:38.393 I/InstrumentationBackend(16683): Added:'GetLoadProgress', with key:'get_load_progress'
12-09 08:27:38.394 I/InstrumentationBackend(16683): Added:'DumpHtml', with key:'dump_html'
12-09 08:27:38.394 I/InstrumentationBackend(16683): Added:'DumpBodyHtml', with key:'dump_body_html'
12-09 08:27:38.394 I/InstrumentationBackend(16683): Added:'EnterTextByCssSelector', with key:'enter_text_by_selector'
12-09 08:27:38.399 I/InstrumentationBackend(16683): Added:'AndroidSDKVersion', with key:'android_sdk_version'
12-09 08:27:38.400 I/InstrumentationBackend(16683): Added:'Version', with key:'version'
12-09 08:27:38.400 I/InstrumentationBackend(16683): Added:'Drag', with key:'drag'
12-09 08:27:38.400 I/InstrumentationBackend(16683): Added:'TouchCoordinates', with key:'touch_coordinate'
12-09 08:27:38.400 I/InstrumentationBackend(16683): Added:'LongPressCoordinate', with key:'long_press_coordinate'
12-09 08:27:38.400 I/InstrumentationBackend(16683): Added:'DragCoordinates', with key:'drag_coordinates'
12-09 08:27:38.400 I/InstrumentationBackend(16683): Added:'ResumeApplication', with key:'resume_application'
12-09 08:27:38.401 I/InstrumentationBackend(16683): Added:'Swipe', with key:'swipe'
12-09 08:27:38.401 I/InstrumentationBackend(16683): Added:'DoubleTapCoordinate', with key:'double_tap_coordinate'
12-09 08:27:38.401 I/InstrumentationBackend(16683): Added:'ClickOnScreen', with key:'click_on_screen'
12-09 08:27:38.401 I/InstrumentationBackend(16683): Added:'GetActivityName', with key:'get_activity_name'
12-09 08:27:38.401 I/InstrumentationBackend(16683): Added:'ScrollToView', with key:'scroll_to_view'
12-09 08:27:38.402 I/InstrumentationBackend(16683): Added:'ViewConfiguration', with key:'view_configuration'
12-09 08:27:38.402 I/InstrumentationBackend(16683): Added:'IsCurrentActivityFocused', with key:'is_current_activity_focused'
12-09 08:27:38.402 I/InstrumentationBackend(16683): Added:'SendTcp', with key:'send_tcp'
12-09 08:27:38.433 I/art     (16683): Background partial concurrent mark sweep GC freed 3616(366KB) AllocSpace objects, 0(0B) LOS objects, 51% free, 963KB/1987KB, paused 9.602ms total 69.779ms
12-09 08:27:38.433 I/InstrumentationBackend(16683): Added:'DpToDevicePixel', with key:'dp_to_device_pixel'
12-09 08:27:38.434 I/InstrumentationBackend(16683): Added:'KeyboardEnterText', with key:'keyboard_enter_text'
12-09 08:27:38.434 I/InstrumentationBackend(16683): Added:'DeleteSurroundingText', with key:'delete_surrounding_text'
12-09 08:27:38.450 I/InstrumentationBackend(16683): Added:'SetComposingRegion', with key:'set_composing_region'
12-09 08:27:38.451 I/InstrumentationBackend(16683): Added:'SetSelection', with key:'set_selection'
12-09 08:27:38.451 I/InstrumentationBackend(16683): Added:'KeyboardKeyEvent', with key:'keyboard_key_event'
12-09 08:27:38.451 I/InstrumentationBackend(16683): Added:'PressUserActionButton', with key:'press_user_action_button'
12-09 08:27:38.451 I/InstrumentationBackend(16683): Added:'HideSoftKeyboard', with key:'hide_soft_keyboard'
12-09 08:27:38.452 I/InstrumentationBackend(16683): Added:'ListActions', with key:'list_actions'
12-09 08:27:38.452 I/calabash(16683): Instantiating http server at 7102
12-09 08:27:38.453 I/System.out(16683): HTTP Daemon listening on: 7102
12-09 08:27:38.692 I/System.out(16683): URI: //ping
12-09 08:27:38.692 I/System.out(16683): params: {json={}
12-09 08:27:38.692 I/System.out(16683): }
12-09 08:27:38.733 I/System.out(16683): URI: //ping
12-09 08:27:38.733 I/System.out(16683): params: {json={}
12-09 08:27:38.733 I/System.out(16683): }
12-09 08:27:38.747 D/hwcomposer( 1218): hw_composer sent 523 syncs in 60s
12-09 08:27:38.813 I/System.out(16683): URI: //ready
12-09 08:27:38.813 I/System.out(16683): params: {json={}
12-09 08:27:38.813 I/System.out(16683): }
12-09 08:27:38.946 I/System.out(16683): URI: //
12-09 08:27:38.946 I/System.out(16683): params: {json={"command":"version","arguments":[]}
12-09 08:27:38.946 I/System.out(16683): }
12-09 08:27:38.946 I/System.out(16683): header: {date=Sun, 09 Dec 2018 08:27:38 GMT, accept=*/*, content-length=36, host=127.0.0.1:34777, user-agent=HTTPClient/1.0 (2.8.3, ruby 2.3.1 (2016-04-26)), content-type=application/json;charset=utf-8}
12-09 08:27:38.946 I/System.out(16683): params: {json={"command":"version","arguments":[]}
12-09 08:27:38.946 I/System.out(16683): }
12-09 08:27:38.946 I/System.out(16683): ProP json = {"command":"version","arguments":[]}
12-09 08:27:38.946 I/System.out(16683): files: {}
12-09 08:27:38.946 I/System.out(16683): command: {"command":"version","arguments":[]}
12-09 08:27:38.961 I/InstrumentationBackend(16683): Got command:'Command:'Line:null,version', arguments:'[]'
12-09 08:27:39.022 I/System.out(16683): result:{"bonusInformation":[],"message":"0.9.8","success":true}
12-09 08:27:39.211 I/System.out(16683): URI: //start-application
12-09 08:27:39.211 I/System.out(16683): params: {json={"intent":null}
12-09 08:27:39.211 I/System.out(16683): }
12-09 08:27:39.357 I/ActivityManager( 1594): START u0 {act=android.intent.action.MAIN cat=[android.intent.category.LAUNCHER] flg=0x10200000 cmp=com.evancharlton.mileage/.Mileage} from uid 10137 on display 0
12-09 08:27:39.361 I/art     (16683): Background sticky concurrent mark sweep GC freed 17328(833KB) AllocSpace objects, 1(20KB) LOS objects, 30% free, 1382KB/1987KB, paused 6.099ms total 122.393ms
12-09 08:27:39.412 I/calabash(16683): newActivity1
12-09 08:27:39.537 D/gralloc_ranchu( 1218): gralloc_alloc: Creating ashmem region of size 3686400
12-09 08:27:39.551 I/calabash(16683): newActivity1
12-09 08:27:39.553 W/ActivityManager( 1594): Bad activity token: android.os.BinderProxy@df859db
12-09 08:27:39.553 W/ActivityManager( 1594): java.lang.ClassCastException: android.os.BinderProxy cannot be cast to com.android.server.am.ActivityRecord$Token
12-09 08:27:39.553 W/ActivityManager( 1594): 	at com.android.server.am.ActivityRecord.forTokenLocked(ActivityRecord.java:424)
12-09 08:27:39.553 W/ActivityManager( 1594): 	at com.android.server.am.ActivityRecord.isInStackLocked(ActivityRecord.java:1121)
12-09 08:27:39.553 W/ActivityManager( 1594): 	at com.android.server.am.ActivityRecord.getStackLocked(ActivityRecord.java:1126)
12-09 08:27:39.553 W/ActivityManager( 1594): 	at com.android.server.am.ActivityManagerService.getActivityDisplayId(ActivityManagerService.java:8889)
12-09 08:27:39.553 W/ActivityManager( 1594): 	at android.app.ActivityManagerNative.onTransact(ActivityManagerNative.java:2338)
12-09 08:27:39.553 W/ActivityManager( 1594): 	at com.android.server.am.ActivityManagerService.onTransact(ActivityManagerService.java:2443)
12-09 08:27:39.553 W/ActivityManager( 1594): 	at android.os.Binder.execTransact(Binder.java:453)
12-09 08:27:39.554 W/ActivityManager( 1594): Bad activity token: android.os.BinderProxy@df859db
12-09 08:27:39.554 W/ActivityManager( 1594): java.lang.ClassCastException: android.os.BinderProxy cannot be cast to com.android.server.am.ActivityRecord$Token
12-09 08:27:39.554 W/ActivityManager( 1594): 	at com.android.server.am.ActivityRecord.forTokenLocked(ActivityRecord.java:424)
12-09 08:27:39.554 W/ActivityManager( 1594): 	at com.android.server.am.ActivityRecord.isInStackLocked(ActivityRecord.java:1121)
12-09 08:27:39.554 W/ActivityManager( 1594): 	at com.android.server.am.ActivityManagerService.setTaskDescription(ActivityManagerService.java:8547)
12-09 08:27:39.554 W/ActivityManager( 1594): 	at android.app.ActivityManagerNative.onTransact(ActivityManagerNative.java:2410)
12-09 08:27:39.554 W/ActivityManager( 1594): 	at com.android.server.am.ActivityManagerService.onTransact(ActivityManagerService.java:2443)
12-09 08:27:39.554 W/ActivityManager( 1594): 	at android.os.Binder.execTransact(Binder.java:453)
12-09 08:27:39.913 W/ActivityManager( 1594): Bad activity token: android.os.BinderProxy@df859db
12-09 08:27:39.913 W/ActivityManager( 1594): java.lang.ClassCastException: android.os.BinderProxy cannot be cast to com.android.server.am.ActivityRecord$Token
12-09 08:27:39.913 W/ActivityManager( 1594): 	at com.android.server.am.ActivityRecord.forTokenLocked(ActivityRecord.java:424)
12-09 08:27:39.913 W/ActivityManager( 1594): 	at com.android.server.am.ActivityRecord.isInStackLocked(ActivityRecord.java:1121)
12-09 08:27:39.913 W/ActivityManager( 1594): 	at com.android.server.am.ActivityManagerService.getActivityOptions(ActivityManagerService.java:11038)
12-09 08:27:39.913 W/ActivityManager( 1594): 	at android.app.ActivityManagerNative.onTransact(ActivityManagerNative.java:1734)
12-09 08:27:39.913 W/ActivityManager( 1594): 	at com.android.server.am.ActivityManagerService.onTransact(ActivityManagerService.java:2443)
12-09 08:27:39.913 W/ActivityManager( 1594): 	at android.os.Binder.execTransact(Binder.java:453)
12-09 08:27:39.913 W/ActivityManager( 1594): Bad activity token: android.os.BinderProxy@df859db
12-09 08:27:39.913 W/ActivityManager( 1594): java.lang.ClassCastException: android.os.BinderProxy cannot be cast to com.android.server.am.ActivityRecord$Token
12-09 08:27:39.913 W/ActivityManager( 1594): 	at com.android.server.am.ActivityRecord.forTokenLocked(ActivityRecord.java:424)
12-09 08:27:39.913 W/ActivityManager( 1594): 	at com.android.server.am.ActivityRecord.isInStackLocked(ActivityRecord.java:1121)
12-09 08:27:39.913 W/ActivityManager( 1594): 	at com.android.server.am.ActivityManagerService.getActivityOptions(ActivityManagerService.java:11038)
12-09 08:27:39.913 W/ActivityManager( 1594): 	at android.app.ActivityManagerNative.onTransact(ActivityManagerNative.java:1734)
12-09 08:27:39.913 W/ActivityManager( 1594): 	at com.android.server.am.ActivityManagerService.onTransact(ActivityManagerService.java:2443)
12-09 08:27:39.913 W/ActivityManager( 1594): 	at android.os.Binder.execTransact(Binder.java:453)
12-09 08:27:39.928 V/PhoneStatusBar( 1686): setLightsOn(true)
12-09 08:27:39.983 D/EGL_emulation( 1932): eglMakeCurrent: 0x7f5a64ee1aa0: ver 2 0 (tinfo 0x7f5a64ec2800)
12-09 08:27:39.985 E/Surface ( 1932): getSlotFromBufferLocked: unknown buffer: 0x7f5a60e23de0
12-09 08:27:40.055 I/art     (16683): Background partial concurrent mark sweep GC freed 2666(280KB) AllocSpace objects, 2(40KB) LOS objects, 39% free, 1831KB/2MB, paused 1.113ms total 161.478ms
12-09 08:27:40.856 W/art     ( 1594): Long monitor contention event with owner method=void com.android.server.wm.WindowAnimator$1.doFrame(long) from WindowAnimator.java:121 waiters=1 for 313ms
12-09 08:27:41.049 I/Choreographer(16683): Skipped 48 frames!  The application may be doing too much work on its main thread.
12-09 08:27:41.055 D/gralloc_ranchu( 1218): gralloc_alloc: Creating ashmem region of size 3686400
12-09 08:27:41.195 D/        (16683): HostConnection::get() New Host Connection established 0x7f5a6161cf80, tid 16683
12-09 08:27:41.270 I/ActivityManager( 1594): Displayed com.evancharlton.mileage/.Mileage: +1s871ms
12-09 08:27:41.303 D/gralloc_ranchu( 1218): gralloc_alloc: Creating ashmem region of size 3686400
12-09 08:27:41.900 D/gralloc_ranchu( 1218): gralloc_alloc: Creating ashmem region of size 3686400
12-09 08:27:42.276 I/System.out(16683): URI: //map
12-09 08:27:42.276 I/System.out(16683): params: {json={"query":"android.widget.CheckBox index:0","operation":{"method_name":"query","arguments":[]}}
12-09 08:27:42.276 I/System.out(16683): }
12-09 08:27:42.426 W/art     (16683): Suspending all threads took: 21.847ms
12-09 08:27:42.482 I/art     (16683): Background sticky concurrent mark sweep GC freed 26151(1223KB) AllocSpace objects, 2(40KB) LOS objects, 0% free, 3MB/3MB, paused 23.765ms total 203.531ms
12-09 08:27:42.757 I/art     (16683): Background partial concurrent mark sweep GC freed 33824(1651KB) AllocSpace objects, 2(40KB) LOS objects, 40% free, 2MB/3MB, paused 1.126ms total 272.909ms
12-09 08:27:42.808 I/System.out(16683): URI: //gesture
12-09 08:27:42.808 I/System.out(16683): params: {json={"query_timeout":5.0,"gestures":[{"query_string":"android.widget.CheckBox index:0","touches":[{"x":50,"y":50,"offset_x":0,"offset_y":0,"wait":0.0,"time":0.2,"release":true,"query_string":null}]}]}
12-09 08:27:42.808 I/System.out(16683): }
12-09 08:27:43.223 W/audio_hw_generic( 1307): Hardware backing HAL too slow, could only write 0 of 661 frames
12-09 08:27:43.223 W/audio_hw_generic( 1307): Hardware backing HAL too slow, could only write 0 of 661 frames
12-09 08:27:43.238 D/AudioFlinger( 1307): mixer(0xf4340000) throttle end: throttle time(11)
12-09 08:27:43.243 W/audio_hw_generic( 1307): Hardware backing HAL too slow, could only write 0 of 661 frames
12-09 08:27:43.291 W/audio_hw_generic( 1307): Hardware backing HAL too slow, could only write 0 of 661 frames
12-09 08:27:43.298 W/audio_hw_generic( 1307): Hardware backing HAL too slow, could only write 0 of 661 frames
12-09 08:27:43.315 W/art     (16683): Suspending all threads took: 5.163ms
12-09 08:27:43.359 I/art     (16683): Background sticky concurrent mark sweep GC freed 44392(1952KB) AllocSpace objects, 1(20KB) LOS objects, 33% free, 2MB/3MB, paused 6.445ms total 108.176ms
12-09 08:27:43.714 E/SurfaceFlinger( 1218): ro.sf.lcd_density must be defined as a build property
12-09 08:27:43.715 D/gralloc_ranchu( 1218): gralloc_alloc: Creating ashmem region of size 3686400
12-09 08:27:43.732 D/        (16710): HostConnection::get() New Host Connection established 0x7f1b8bf12480, tid 16710
12-09 08:27:43.768 E/EGL_emulation( 1218): tid 1218: eglCreateSyncKHR(1881): error 0x3004 (EGL_BAD_ATTRIBUTE)
12-09 08:27:43.771 W/audio_hw_generic( 1307): Not supplying enough data to HAL, expected position 34701571 , only wrote 34701178
12-09 08:27:43.851 W/audio_hw_generic( 1307): Hardware backing HAL too slow, could only write 0 of 661 frames
12-09 08:27:44.193 W/audio_hw_generic( 1307): Hardware backing HAL too slow, could only write 0 of 661 frames
12-09 08:27:44.223 W/audio_hw_generic( 1307): Hardware backing HAL too slow, could only write 0 of 661 frames
12-09 08:27:44.467 I/System.out(16683): URI: //map
12-09 08:27:44.467 I/System.out(16683): params: {json={"query":"android.widget.CheckBox index:0","operation":{"method_name":"query","arguments":[]}}
12-09 08:27:44.467 I/System.out(16683): }
12-09 08:27:44.539 W/audio_hw_generic( 1307): Not supplying enough data to HAL, expected position 34735051 , only wrote 34734889
12-09 08:27:44.539 W/audio_hw_generic( 1307): Not supplying enough data to HAL, expected position 34734896 , only wrote 34734889
12-09 08:27:44.554 W/audio_hw_generic( 1307): Not supplying enough data to HAL, expected position 34735551 , only wrote 34735550
12-09 08:27:44.639 I/System.out(16683): URI: //gesture
12-09 08:27:44.639 I/System.out(16683): params: {json={"query_timeout":5.0,"gestures":[{"query_string":"android.widget.CheckBox index:0","touches":[{"x":50,"y":50,"offset_x":0,"offset_y":0,"wait":0.0,"time":0.2,"release":true,"query_string":null}]}]}
12-09 08:27:44.639 I/System.out(16683): }
12-09 08:27:44.657 I/art     (16683): Background sticky concurrent mark sweep GC freed 46174(2MB) AllocSpace objects, 3(60KB) LOS objects, 14% free, 3MB/3MB, paused 7.292ms total 164.436ms
12-09 08:27:44.739 W/audio_hw_generic( 1307): Not supplying enough data to HAL, expected position 34743700 , only wrote 34743482
12-09 08:27:44.739 W/audio_hw_generic( 1307): Not supplying enough data to HAL, expected position 34743489 , only wrote 34743482
12-09 08:27:44.759 W/audio_hw_generic( 1307): Not supplying enough data to HAL, expected position 34744333 , only wrote 34744143
12-09 08:27:44.910 W/audio_hw_generic( 1307): Not supplying enough data to HAL, expected position 34750820 , only wrote 34750092
12-09 08:27:44.910 W/audio_hw_generic( 1307): Not supplying enough data to HAL, expected position 34750099 , only wrote 34750092
12-09 08:27:44.979 W/audio_hw_generic( 1307): Not supplying enough data to HAL, expected position 34753144 , only wrote 34750753
12-09 08:27:45.158 W/audio_hw_generic( 1307): Hardware backing HAL too slow, could only write 0 of 661 frames
12-09 08:27:45.178 W/audio_hw_generic( 1307): Hardware backing HAL too slow, could only write 0 of 661 frames
12-09 08:27:45.523 E/SurfaceFlinger( 1218): ro.sf.lcd_density must be defined as a build property
12-09 08:27:45.543 D/gralloc_ranchu( 1218): gralloc_alloc: Creating ashmem region of size 3686400
12-09 08:27:45.548 W/audio_hw_generic( 1307): Not supplying enough data to HAL, expected position 34775827 , only wrote 34775210
12-09 08:27:45.548 W/audio_hw_generic( 1307): Not supplying enough data to HAL, expected position 34775217 , only wrote 34775210
12-09 08:27:45.638 D/        (16716): HostConnection::get() New Host Connection established 0x7f6b4cc52480, tid 16716
12-09 08:27:45.682 W/audio_hw_generic( 1307): Hardware backing HAL too slow, could only write 0 of 661 frames
12-09 08:27:45.683 W/audio_hw_generic( 1307): Not supplying enough data to HAL, expected position 34781171 , only wrote 34779176
12-09 08:27:45.683 W/audio_hw_generic( 1307): Not supplying enough data to HAL, expected position 34779182 , only wrote 34779176
12-09 08:27:45.774 E/EGL_emulation( 1218): tid 1218: eglCreateSyncKHR(1881): error 0x3004 (EGL_BAD_ATTRIBUTE)
12-09 08:27:45.850 W/audio_hw_generic( 1307): Not supplying enough data to HAL, expected position 34786503 , only wrote 34786447
12-09 08:27:46.275 W/audio_hw_generic( 1307): Not supplying enough data to HAL, expected position 34805220 , only wrote 34804955
12-09 08:27:46.326 W/audio_hw_generic( 1307): Hardware backing HAL too slow, could only write 0 of 661 frames
12-09 08:27:46.326 W/audio_hw_generic( 1307): Hardware backing HAL too slow, could only write 0 of 661 frames
12-09 08:27:46.367 W/audio_hw_generic( 1307): Not supplying enough data to HAL, expected position 34808987 , only wrote 34808260
12-09 08:27:46.367 W/audio_hw_generic( 1307): Hardware backing HAL too slow, could only write 0 of 661 frames
12-09 08:27:46.367 W/audio_hw_generic( 1307): Hardware backing HAL too slow, could only write 0 of 661 frames
12-09 08:27:46.386 W/audio_hw_generic( 1307): Hardware backing HAL too slow, could only write 0 of 661 frames
12-09 08:27:46.401 W/audio_hw_generic( 1307): Hardware backing HAL too slow, could only write 0 of 661 frames
12-09 08:27:46.431 W/audio_hw_generic( 1307): Hardware backing HAL too slow, could only write 0 of 661 frames
12-09 08:27:46.446 W/audio_hw_generic( 1307): Hardware backing HAL too slow, could only write 0 of 661 frames
