--------- beginning of main
12-09 07:47:52.753 W/art     ( 1591): Long monitor contention event with owner method=void com.android.server.wm.WindowAnimator$1.doFrame(long) from WindowAnimator.java:121 waiters=0 for 146ms
12-09 07:47:52.756 W/art     ( 1591): Long monitor contention event with owner method=void com.android.server.wm.WindowAnimator$1.doFrame(long) from WindowAnimator.java:121 waiters=1 for 103ms
12-09 07:47:52.756 I/ActivityManager( 1591): Displayed com.evancharlton.mileage/.charts.AverageFuelEconomyChart: +3s7ms
--------- beginning of system
12-09 07:47:52.757 W/ActivityManager( 1591): Duplicate finish request for ActivityRecord{cfe6e53 u0 com.evancharlton.mileage/.Mileage t364 f}
12-09 07:47:52.757 W/ActivityManager( 1591): Duplicate finish request for ActivityRecord{cfe6e53 u0 com.evancharlton.mileage/.Mileage t364 f}
12-09 07:47:52.757 W/ActivityManager( 1591): Duplicate finish request for ActivityRecord{cfe6e53 u0 com.evancharlton.mileage/.Mileage t364 f}
12-09 07:47:52.757 W/ActivityManager( 1591): Duplicate finish request for ActivityRecord{cfe6e53 u0 com.evancharlton.mileage/.Mileage t364 f}
12-09 07:47:52.758 W/ActivityManager( 1591): Duplicate finish request for ActivityRecord{cfe6e53 u0 com.evancharlton.mileage/.Mileage t364 f}
12-09 07:47:52.758 W/ActivityManager( 1591): Duplicate finish request for ActivityRecord{cfe6e53 u0 com.evancharlton.mileage/.Mileage t364 f}
12-09 07:47:52.758 W/ActivityManager( 1591): Duplicate finish request for ActivityRecord{cfe6e53 u0 com.evancharlton.mileage/.Mileage t364 f}
12-09 07:47:52.758 W/ActivityManager( 1591): Duplicate finish request for ActivityRecord{cfe6e53 u0 com.evancharlton.mileage/.Mileage t364 f}
12-09 07:47:52.759 W/ActivityManager( 1591): Duplicate finish request for ActivityRecord{cfe6e53 u0 com.evancharlton.mileage/.Mileage t364 f}
12-09 07:47:52.759 W/audio_hw_generic( 1308): Not supplying enough data to HAL, expected position 8161291 , only wrote 8159384
12-09 07:47:52.775 W/ActivityManager( 1591): Duplicate finish request for ActivityRecord{cfe6e53 u0 com.evancharlton.mileage/.Mileage t364 f}
12-09 07:47:52.776 W/ActivityManager( 1591): Duplicate finish request for ActivityRecord{cfe6e53 u0 com.evancharlton.mileage/.Mileage t364 f}
12-09 07:47:52.904 D/gralloc_ranchu( 1218): gralloc_alloc: Creating ashmem region of size 708608
12-09 07:47:52.917 D/        ( 1591): HostConnection::get() New Host Connection established 0x7fb73803b0e0, tid 4179
12-09 07:47:52.928 E/EGL_emulation( 1218): tid 1218: eglCreateSyncKHR(1881): error 0x3004 (EGL_BAD_ATTRIBUTE)
12-09 07:47:53.001 W/art     ( 1591): Long monitor contention event with owner method=android.graphics.Bitmap com.android.server.wm.WindowManagerService.screenshotApplicationsInner(android.os.IBinder, int, int, int, boolean) from WindowManagerService.java:6223 waiters=0 for 169ms
12-09 07:47:53.035 W/ActivityManager( 1591): Finishing task with all activities already finished
12-09 07:47:53.035 W/ActivityManager( 1591): Duplicate finish request for ActivityRecord{beb9a44 u0 com.evancharlton.mileage/.charts.AverageFuelEconomyChart t364 f}
12-09 07:47:53.170 I/art     ( 1591): Background partial concurrent mark sweep GC freed 26009(1877KB) AllocSpace objects, 16(320KB) LOS objects, 29% free, 9MB/13MB, paused 1.205ms total 167.949ms
12-09 07:47:53.290 W/art     ( 1591): Long monitor contention event with owner method=void com.android.server.am.ActivityManagerService.activityPaused(android.os.IBinder) from ActivityManagerService.java:6439 waiters=0 for 109ms
12-09 07:47:53.384 D/EGL_emulation( 1922): eglMakeCurrent: 0x7fb74a334dc0: ver 2 0 (tinfo 0x7fb74a302d00)
12-09 07:47:53.612 D/AndroidRuntime( 7276): >>>>>> START com.android.internal.os.RuntimeInit uid 0 <<<<<<
12-09 07:47:53.624 D/AndroidRuntime( 7276): CheckJNI is ON
12-09 07:47:53.664 D/ICU     ( 7276): No timezone override file found: /data/misc/zoneinfo/current/icu/icu_tzdata.dat
12-09 07:47:53.750 E/memtrack( 7276): Couldn't load memtrack module (No such file or directory)
12-09 07:47:53.758 E/android.os.Debug( 7276): failed to load memtrack module: -2
12-09 07:47:53.760 I/Radio-JNI( 7276): register_android_hardware_Radio DONE
12-09 07:47:53.785 D/AndroidRuntime( 7276): Calling main entry com.android.commands.am.Am
12-09 07:47:53.786 I/ActivityManager( 1591): Force stopping com.evancharlton.mileage appid=10121 user=0: start instr
12-09 07:47:53.786 I/ActivityManager( 1591): Killing 7124:com.evancharlton.mileage/u0a121 (adj 0): stop com.evancharlton.mileage
12-09 07:47:53.920 W/InputDispatcher( 1591): channel 'a2544ae com.evancharlton.mileage/com.evancharlton.mileage.charts.AverageFuelEconomyChart (server)' ~ Consumer closed input channel or an error occurred.  events=0x9
12-09 07:47:53.920 E/InputDispatcher( 1591): channel 'a2544ae com.evancharlton.mileage/com.evancharlton.mileage.charts.AverageFuelEconomyChart (server)' ~ Channel is unrecoverably broken and will be disposed!
12-09 07:47:53.947 I/Choreographer( 1922): Skipped 31 frames!  The application may be doing too much work on its main thread.
12-09 07:47:53.953 W/InputDispatcher( 1591): Attempted to unregister already unregistered input channel 'a2544ae com.evancharlton.mileage/com.evancharlton.mileage.charts.AverageFuelEconomyChart (server)'
12-09 07:47:53.954 W/WindowManager( 1591): Failed looking up window
12-09 07:47:53.954 W/WindowManager( 1591): java.lang.IllegalArgumentException: Requested window android.os.BinderProxy@8f57929 does not exist
12-09 07:47:53.954 W/WindowManager( 1591): 	at com.android.server.wm.WindowManagerService.windowForClientLocked(WindowManagerService.java:8733)
12-09 07:47:53.954 W/WindowManager( 1591): 	at com.android.server.wm.WindowManagerService.windowForClientLocked(WindowManagerService.java:8724)
12-09 07:47:53.954 W/WindowManager( 1591): 	at com.android.server.wm.WindowState$DeathRecipient.binderDied(WindowState.java:1209)
12-09 07:47:53.954 W/WindowManager( 1591): 	at android.os.BinderProxy.sendDeathNotice(Binder.java:558)
12-09 07:47:53.954 I/WindowState( 1591): WIN DEATH: null
12-09 07:47:53.981 W/OpenGLRenderer( 1922): Incorrectly called buildLayer on View: ShortcutAndWidgetContainer, destroying layer...
12-09 07:47:54.027 W/ActivityManager( 1591): Crash of app com.evancharlton.mileage running instrumentation ComponentInfo{com.evancharlton.mileage.test/sh.calaba.instrumentationbackend.CalabashInstrumentationTestRunner}
12-09 07:47:54.027 I/ActivityManager( 1591): Force stopping com.evancharlton.mileage appid=10121 user=0: finished inst
12-09 07:47:54.116 I/ActivityManager( 1591): Start proc 7285:com.evancharlton.mileage/u0a121 for added application com.evancharlton.mileage
12-09 07:47:54.116 W/art     ( 1591): Long monitor contention event with owner method=boolean com.android.server.am.ActivityManagerService.startInstrumentation(android.content.ComponentName, java.lang.String, int, android.os.Bundle, android.app.IInstrumentationWatcher, android.app.IUiAutomationConnection, int, java.lang.String) from ActivityManagerService.java:17066 waiters=0 for 329ms
12-09 07:47:54.244 D/AndroidRuntime( 7276): Shutting down VM
12-09 07:47:54.770 W/System  ( 7285): ClassLoader referenced unknown path: /data/app/com.evancharlton.mileage.test-1/lib/x86_64
12-09 07:47:54.770 W/System  ( 7285): ClassLoader referenced unknown path: /data/app/com.evancharlton.mileage-1/lib/x86_64
12-09 07:47:54.847 I/System.out( 7285): Main activity name automatically set to: com.evancharlton.mileage.Mileage
12-09 07:47:54.847 I/System.out( 7285): Calabash did not load Mono. This is only a problem if you are trying to test a Mono application
12-09 07:47:54.847 I/calabash( 7285): Test server port: 7102
12-09 07:47:54.848 I/InstrumentationBackend( 7285): Added:'GetPreferences', with key:'get_preferences'
12-09 07:47:54.905 I/InstrumentationBackend( 7285): Added:'SetPreferences', with key:'set_preferences'
12-09 07:47:54.915 I/InstrumentationBackend( 7285): Added:'ClearPreferences', with key:'clear_preferences'
12-09 07:47:54.915 I/InstrumentationBackend( 7285): Added:'PressElement', with key:'press_l10n_element'
12-09 07:47:54.915 I/InstrumentationBackend( 7285): Added:'WaitForElement', with key:'wait_for_l10n_element'
12-09 07:47:54.916 I/InstrumentationBackend( 7285): Added:'NullAction', with key:'nullAction'
12-09 07:47:54.916 I/InstrumentationBackend( 7285): Added:'PressKey', with key:'press_key'
12-09 07:47:54.916 I/InstrumentationBackend( 7285): Added:'SetActivityOrientation', with key:'set_activity_orientation'
12-09 07:47:54.916 I/InstrumentationBackend( 7285): Added:'GetActivityOrientation', with key:'get_activity_orientation'
12-09 07:47:54.917 I/InstrumentationBackend( 7285): Added:'FakeGPSLocation', with key:'set_gps_coordinates'
12-09 07:47:54.917 I/InstrumentationBackend( 7285): Added:'SetPropertyByCssSelector', with key:'set_property_by_css_selector'
12-09 07:47:54.917 I/InstrumentationBackend( 7285): Added:'GetUrl', with key:'get_url'
12-09 07:47:54.918 I/InstrumentationBackend( 7285): Added:'ScrollTo', with key:'scroll_to'
12-09 07:47:54.918 I/InstrumentationBackend( 7285): Added:'GetLoadProgress', with key:'get_load_progress'
12-09 07:47:54.918 I/InstrumentationBackend( 7285): Added:'DumpHtml', with key:'dump_html'
12-09 07:47:54.918 I/InstrumentationBackend( 7285): Added:'DumpBodyHtml', with key:'dump_body_html'
12-09 07:47:54.918 I/InstrumentationBackend( 7285): Added:'EnterTextByCssSelector', with key:'enter_text_by_selector'
12-09 07:47:54.927 I/InstrumentationBackend( 7285): Added:'AndroidSDKVersion', with key:'android_sdk_version'
12-09 07:47:54.928 I/InstrumentationBackend( 7285): Added:'Version', with key:'version'
12-09 07:47:54.928 I/InstrumentationBackend( 7285): Added:'Drag', with key:'drag'
12-09 07:47:54.928 I/InstrumentationBackend( 7285): Added:'TouchCoordinates', with key:'touch_coordinate'
12-09 07:47:54.928 I/InstrumentationBackend( 7285): Added:'LongPressCoordinate', with key:'long_press_coordinate'
12-09 07:47:54.928 I/InstrumentationBackend( 7285): Added:'DragCoordinates', with key:'drag_coordinates'
12-09 07:47:54.928 I/InstrumentationBackend( 7285): Added:'ResumeApplication', with key:'resume_application'
12-09 07:47:54.928 I/InstrumentationBackend( 7285): Added:'Swipe', with key:'swipe'
12-09 07:47:54.929 I/InstrumentationBackend( 7285): Added:'DoubleTapCoordinate', with key:'double_tap_coordinate'
12-09 07:47:54.929 I/InstrumentationBackend( 7285): Added:'ClickOnScreen', with key:'click_on_screen'
12-09 07:47:54.929 I/InstrumentationBackend( 7285): Added:'GetActivityName', with key:'get_activity_name'
12-09 07:47:54.929 I/InstrumentationBackend( 7285): Added:'ScrollToView', with key:'scroll_to_view'
12-09 07:47:54.930 I/InstrumentationBackend( 7285): Added:'ViewConfiguration', with key:'view_configuration'
12-09 07:47:54.930 I/InstrumentationBackend( 7285): Added:'IsCurrentActivityFocused', with key:'is_current_activity_focused'
12-09 07:47:54.930 I/InstrumentationBackend( 7285): Added:'SendTcp', with key:'send_tcp'
12-09 07:47:54.930 I/InstrumentationBackend( 7285): Added:'DpToDevicePixel', with key:'dp_to_device_pixel'
12-09 07:47:54.931 I/InstrumentationBackend( 7285): Added:'KeyboardEnterText', with key:'keyboard_enter_text'
12-09 07:47:54.945 I/InstrumentationBackend( 7285): Added:'DeleteSurroundingText', with key:'delete_surrounding_text'
12-09 07:47:54.945 I/InstrumentationBackend( 7285): Added:'SetComposingRegion', with key:'set_composing_region'
12-09 07:47:54.946 I/InstrumentationBackend( 7285): Added:'SetSelection', with key:'set_selection'
12-09 07:47:54.946 I/InstrumentationBackend( 7285): Added:'KeyboardKeyEvent', with key:'keyboard_key_event'
12-09 07:47:54.946 I/InstrumentationBackend( 7285): Added:'PressUserActionButton', with key:'press_user_action_button'
12-09 07:47:54.946 I/InstrumentationBackend( 7285): Added:'HideSoftKeyboard', with key:'hide_soft_keyboard'
12-09 07:47:54.948 I/InstrumentationBackend( 7285): Added:'ListActions', with key:'list_actions'
12-09 07:47:54.948 I/calabash( 7285): Instantiating http server at 7102
12-09 07:47:54.949 I/System.out( 7285): HTTP Daemon listening on: 7102
12-09 07:47:55.010 I/System.out( 7285): URI: //ping
12-09 07:47:55.012 I/System.out( 7285): params: {json={}
12-09 07:47:55.015 I/System.out( 7285): }
12-09 07:47:55.060 I/System.out( 7285): URI: //ping
12-09 07:47:55.060 I/System.out( 7285): params: {json={}
12-09 07:47:55.060 I/System.out( 7285): }
12-09 07:47:55.136 I/System.out( 7285): URI: //ready
12-09 07:47:55.136 I/System.out( 7285): params: {json={}
12-09 07:47:55.136 I/System.out( 7285): }
12-09 07:47:55.176 I/System.out( 7285): URI: //
12-09 07:47:55.179 I/System.out( 7285): params: {json={"command":"version","arguments":[]}
12-09 07:47:55.179 I/System.out( 7285): }
12-09 07:47:55.180 I/System.out( 7285): header: {date=Sun, 09 Dec 2018 07:47:55 GMT, accept=*/*, content-length=36, host=127.0.0.1:34777, user-agent=HTTPClient/1.0 (2.8.3, ruby 2.3.1 (2016-04-26)), content-type=application/json;charset=utf-8}
12-09 07:47:55.180 I/System.out( 7285): params: {json={"command":"version","arguments":[]}
12-09 07:47:55.180 I/System.out( 7285): }
12-09 07:47:55.180 I/System.out( 7285): ProP json = {"command":"version","arguments":[]}
12-09 07:47:55.180 I/System.out( 7285): files: {}
12-09 07:47:55.180 I/System.out( 7285): command: {"command":"version","arguments":[]}
12-09 07:47:55.196 I/InstrumentationBackend( 7285): Got command:'Command:'Line:null,version', arguments:'[]'
12-09 07:47:55.211 I/System.out( 7285): result:{"bonusInformation":[],"message":"0.9.8","success":true}
12-09 07:47:55.316 I/System.out( 7285): URI: //start-application
12-09 07:47:55.323 I/System.out( 7285): params: {json={"intent":null}
12-09 07:47:55.323 I/System.out( 7285): }
12-09 07:47:55.627 I/art     ( 7285): Background partial concurrent mark sweep GC freed 34637(1895KB) AllocSpace objects, 15(300KB) LOS objects, 44% free, 1258KB/2MB, paused 1.110ms total 269.319ms
12-09 07:47:55.634 I/ActivityManager( 1591): START u0 {act=android.intent.action.MAIN cat=[android.intent.category.LAUNCHER] flg=0x10200000 cmp=com.evancharlton.mileage/.Mileage} from uid 10121 on display 0
12-09 07:47:55.779 I/calabash( 7285): newActivity1
12-09 07:47:55.813 I/calabash( 7285): newActivity1
12-09 07:47:55.856 W/ActivityManager( 1591): Bad activity token: android.os.BinderProxy@d78496a
12-09 07:47:55.856 W/ActivityManager( 1591): java.lang.ClassCastException: android.os.BinderProxy cannot be cast to com.android.server.am.ActivityRecord$Token
12-09 07:47:55.856 W/ActivityManager( 1591): 	at com.android.server.am.ActivityRecord.forTokenLocked(ActivityRecord.java:424)
12-09 07:47:55.856 W/ActivityManager( 1591): 	at com.android.server.am.ActivityRecord.isInStackLocked(ActivityRecord.java:1121)
12-09 07:47:55.856 W/ActivityManager( 1591): 	at com.android.server.am.ActivityRecord.getStackLocked(ActivityRecord.java:1126)
12-09 07:47:55.856 W/ActivityManager( 1591): 	at com.android.server.am.ActivityManagerService.getActivityDisplayId(ActivityManagerService.java:8889)
12-09 07:47:55.856 W/ActivityManager( 1591): 	at android.app.ActivityManagerNative.onTransact(ActivityManagerNative.java:2338)
12-09 07:47:55.856 W/ActivityManager( 1591): 	at com.android.server.am.ActivityManagerService.onTransact(ActivityManagerService.java:2443)
12-09 07:47:55.856 W/ActivityManager( 1591): 	at android.os.Binder.execTransact(Binder.java:453)
12-09 07:47:55.882 D/gralloc_ranchu( 1218): gralloc_alloc: Creating ashmem region of size 3686400
12-09 07:47:55.886 W/ActivityManager( 1591): Bad activity token: android.os.BinderProxy@d78496a
12-09 07:47:55.886 W/ActivityManager( 1591): java.lang.ClassCastException: android.os.BinderProxy cannot be cast to com.android.server.am.ActivityRecord$Token
12-09 07:47:55.886 W/ActivityManager( 1591): 	at com.android.server.am.ActivityRecord.forTokenLocked(ActivityRecord.java:424)
12-09 07:47:55.886 W/ActivityManager( 1591): 	at com.android.server.am.ActivityRecord.isInStackLocked(ActivityRecord.java:1121)
12-09 07:47:55.886 W/ActivityManager( 1591): 	at com.android.server.am.ActivityManagerService.setTaskDescription(ActivityManagerService.java:8547)
12-09 07:47:55.886 W/ActivityManager( 1591): 	at android.app.ActivityManagerNative.onTransact(ActivityManagerNative.java:2410)
12-09 07:47:55.886 W/ActivityManager( 1591): 	at com.android.server.am.ActivityManagerService.onTransact(ActivityManagerService.java:2443)
12-09 07:47:55.886 W/ActivityManager( 1591): 	at android.os.Binder.execTransact(Binder.java:453)
12-09 07:47:56.007 W/ActivityManager( 1591): Bad activity token: android.os.BinderProxy@d78496a
12-09 07:47:56.007 W/ActivityManager( 1591): java.lang.ClassCastException: android.os.BinderProxy cannot be cast to com.android.server.am.ActivityRecord$Token
12-09 07:47:56.007 W/ActivityManager( 1591): 	at com.android.server.am.ActivityRecord.forTokenLocked(ActivityRecord.java:424)
12-09 07:47:56.007 W/ActivityManager( 1591): 	at com.android.server.am.ActivityRecord.isInStackLocked(ActivityRecord.java:1121)
12-09 07:47:56.007 W/ActivityManager( 1591): 	at com.android.server.am.ActivityManagerService.getActivityOptions(ActivityManagerService.java:11038)
12-09 07:47:56.007 W/ActivityManager( 1591): 	at android.app.ActivityManagerNative.onTransact(ActivityManagerNative.java:1734)
12-09 07:47:56.007 W/ActivityManager( 1591): 	at com.android.server.am.ActivityManagerService.onTransact(ActivityManagerService.java:2443)
12-09 07:47:56.007 W/ActivityManager( 1591): 	at android.os.Binder.execTransact(Binder.java:453)
12-09 07:47:56.007 W/ActivityManager( 1591): Bad activity token: android.os.BinderProxy@d78496a
12-09 07:47:56.007 W/ActivityManager( 1591): java.lang.ClassCastException: android.os.BinderProxy cannot be cast to com.android.server.am.ActivityRecord$Token
12-09 07:47:56.007 W/ActivityManager( 1591): 	at com.android.server.am.ActivityRecord.forTokenLocked(ActivityRecord.java:424)
12-09 07:47:56.007 W/ActivityManager( 1591): 	at com.android.server.am.ActivityRecord.isInStackLocked(ActivityRecord.java:1121)
12-09 07:47:56.007 W/ActivityManager( 1591): 	at com.android.server.am.ActivityManagerService.getActivityOptions(ActivityManagerService.java:11038)
12-09 07:47:56.007 W/ActivityManager( 1591): 	at android.app.ActivityManagerNative.onTransact(ActivityManagerNative.java:1734)
12-09 07:47:56.007 W/ActivityManager( 1591): 	at com.android.server.am.ActivityManagerService.onTransact(ActivityManagerService.java:2443)
12-09 07:47:56.007 W/ActivityManager( 1591): 	at android.os.Binder.execTransact(Binder.java:453)
12-09 07:47:56.265 V/PhoneStatusBar( 2205): setLightsOn(true)
12-09 07:47:56.385 D/gralloc_ranchu( 1218): gralloc_alloc: Creating ashmem region of size 3686400
12-09 07:47:56.396 D/EGL_emulation( 1922): eglMakeCurrent: 0x7fb74a334dc0: ver 2 0 (tinfo 0x7fb74a302d00)
12-09 07:47:56.398 E/Surface ( 1922): getSlotFromBufferLocked: unknown buffer: 0x7fb7468d6100
12-09 07:47:56.408 D/        ( 7285): HostConnection::get() New Host Connection established 0x7fb746a49220, tid 7285
12-09 07:47:56.409 V/PhoneStatusBar( 2205): setLightsOn(true)
12-09 07:47:56.989 W/art     ( 1591): Long monitor contention event with owner method=void com.android.server.wm.WindowAnimator$1.doFrame(long) from WindowAnimator.java:121 waiters=2 for 375ms
12-09 07:47:57.228 W/art     ( 1591): Long monitor contention event with owner method=void com.android.server.wm.WindowAnimator$1.doFrame(long) from WindowAnimator.java:121 waiters=3 for 241ms
12-09 07:47:57.239 W/art     ( 1591): Long monitor contention event with owner method=void com.android.server.wm.WindowAnimator$1.doFrame(long) from WindowAnimator.java:121 waiters=3 for 250ms
12-09 07:47:57.241 W/art     ( 1591): Long monitor contention event with owner method=void com.android.server.wm.WindowAnimator$1.doFrame(long) from WindowAnimator.java:121 waiters=3 for 213ms
12-09 07:47:57.424 I/ActivityManager( 1591): Displayed com.evancharlton.mileage/.Mileage: +1s701ms
12-09 07:47:57.445 D/gralloc_ranchu( 1218): gralloc_alloc: Creating ashmem region of size 3686400
12-09 07:47:58.048 D/gralloc_ranchu( 1218): gralloc_alloc: Creating ashmem region of size 3686400
12-09 07:47:58.446 I/art     ( 7285): Background partial concurrent mark sweep GC freed 15090(696KB) AllocSpace objects, 1(20KB) LOS objects, 39% free, 1913KB/3MB, paused 5.039ms total 58.890ms
12-09 07:47:59.456 I/System.out( 7285): URI: //map
12-09 07:47:59.456 I/System.out( 7285): params: {json={"query":"android.widget.EditText id:'price'","operation":{"method_name":"query","arguments":[]}}
12-09 07:47:59.456 I/System.out( 7285): }
12-09 07:47:59.525 W/ResourceType( 7285): No package identifier when getting name for resource number 0x00000001
12-09 07:47:59.623 I/System.out( 7285): URI: //gesture
12-09 07:47:59.623 I/System.out( 7285): params: {json={"query_timeout":5.0,"gestures":[{"query_string":"android.widget.EditText id:'price'","touches":[{"x":50,"y":50,"offset_x":0,"offset_y":0,"wait":0.0,"time":0.2,"release":true,"query_string":null}]}]}
12-09 07:47:59.623 I/System.out( 7285): }
12-09 07:47:59.637 W/ResourceType( 7285): No package identifier when getting name for resource number 0x00000001
12-09 07:47:59.683 W/art     ( 7285): Suspending all threads took: 26.748ms
12-09 07:47:59.719 I/art     ( 7285): Background sticky concurrent mark sweep GC freed 19014(890KB) AllocSpace objects, 2(40KB) LOS objects, 26% free, 2MB/3MB, paused 27.955ms total 76.092ms
12-09 07:48:00.375 D/hwcomposer( 1218): hw_composer sent 757 syncs in 60s
12-09 07:48:00.393 I/LatinIME( 1857): Starting input. Cursor position = 0,0
12-09 07:48:00.405 I/art     ( 7285): Background sticky concurrent mark sweep GC freed 28176(1322KB) AllocSpace objects, 0(0B) LOS objects, 25% free, 2MB/3MB, paused 5.545ms total 48.398ms
12-09 07:48:00.748 D/EGL_emulation( 1857): eglMakeCurrent: 0x7fb74a3346e0: ver 2 0 (tinfo 0x7fb746baea40)
12-09 07:48:00.957 I/System.out( 7285): URI: //
12-09 07:48:00.957 I/System.out( 7285): params: {json={"command":"set_selection","arguments":[-1,-1]}
12-09 07:48:00.957 I/System.out( 7285): }
12-09 07:48:00.957 I/System.out( 7285): header: {date=Sun, 09 Dec 2018 07:48:01 GMT, accept=*/*, content-length=47, host=127.0.0.1:34777, user-agent=HTTPClient/1.0 (2.8.3, ruby 2.3.1 (2016-04-26)), content-type=application/json;charset=utf-8}
12-09 07:48:00.957 I/System.out( 7285): params: {json={"command":"set_selection","arguments":[-1,-1]}
12-09 07:48:00.957 I/System.out( 7285): }
12-09 07:48:00.957 I/System.out( 7285): ProP json = {"command":"set_selection","arguments":[-1,-1]}
12-09 07:48:00.957 I/System.out( 7285): files: {}
12-09 07:48:00.957 I/System.out( 7285): command: {"command":"set_selection","arguments":[-1,-1]}
12-09 07:48:00.958 I/InstrumentationBackend( 7285): Got command:'Command:'Line:null,set_selection', arguments:'[-1, -1]'
12-09 07:48:01.169 I/System.out( 7285): result:{"bonusInformation":[],"message":"","success":true}
12-09 07:48:01.402 I/System.out( 7285): URI: //
12-09 07:48:01.402 I/System.out( 7285): params: {json={"command":"keyboard_enter_text","arguments":["98879898249712372391"]}
12-09 07:48:01.402 I/System.out( 7285): }
12-09 07:48:01.402 I/System.out( 7285): header: {date=Sun, 09 Dec 2018 07:48:01 GMT, accept=*/*, content-length=70, host=127.0.0.1:34777, user-agent=HTTPClient/1.0 (2.8.3, ruby 2.3.1 (2016-04-26)), content-type=application/json;charset=utf-8}
12-09 07:48:01.402 I/System.out( 7285): params: {json={"command":"keyboard_enter_text","arguments":["98879898249712372391"]}
12-09 07:48:01.402 I/System.out( 7285): }
12-09 07:48:01.402 I/System.out( 7285): ProP json = {"command":"keyboard_enter_text","arguments":["98879898249712372391"]}
12-09 07:48:01.402 I/System.out( 7285): files: {}
12-09 07:48:01.402 I/System.out( 7285): command: {"command":"keyboard_enter_text","arguments":["98879898249712372391"]}
12-09 07:48:01.404 I/InstrumentationBackend( 7285): Got command:'Command:'Line:null,keyboard_enter_text', arguments:'[98879898249712372391]'
12-09 07:48:01.404 E/SpannableStringBuilder( 7285): SPAN_EXCLUSIVE_EXCLUSIVE spans cannot have a zero length
12-09 07:48:01.404 E/SpannableStringBuilder( 7285): SPAN_EXCLUSIVE_EXCLUSIVE spans cannot have a zero length
12-09 07:48:01.596 W/art     ( 1591): Long monitor contention event with owner method=void com.android.server.wm.WindowAnimator$1.doFrame(long) from WindowAnimator.java:121 waiters=0 for 191ms
12-09 07:48:01.718 E/SpannableStringBuilder( 7285): SPAN_EXCLUSIVE_EXCLUSIVE spans cannot have a zero length
12-09 07:48:01.718 E/SpannableStringBuilder( 7285): SPAN_EXCLUSIVE_EXCLUSIVE spans cannot have a zero length
12-09 07:48:01.786 I/System.out( 7285): result:{"bonusInformation":[],"message":"","success":true}
12-09 07:48:02.298 E/SurfaceFlinger( 1218): ro.sf.lcd_density must be defined as a build property
12-09 07:48:02.370 D/gralloc_ranchu( 1218): gralloc_alloc: Creating ashmem region of size 3686400
12-09 07:48:02.455 D/        ( 7317): HostConnection::get() New Host Connection established 0x7ff340352480, tid 7317
12-09 07:48:02.504 E/EGL_emulation( 1218): tid 1218: eglCreateSyncKHR(1881): error 0x3004 (EGL_BAD_ATTRIBUTE)
12-09 07:48:03.424 I/System.out( 7285): URI: //map
12-09 07:48:03.431 I/System.out( 7285): params: {json={"query":"android.widget.EditText id:'volume'","operation":{"method_name":"query","arguments":[]}}
12-09 07:48:03.431 I/System.out( 7285): }
12-09 07:48:03.457 W/ResourceType( 7285): No package identifier when getting name for resource number 0x00000001
12-09 07:48:03.552 I/System.out( 7285): URI: //gesture
12-09 07:48:03.552 I/System.out( 7285): params: {json={"query_timeout":5.0,"gestures":[{"query_string":"android.widget.EditText id:'volume'","touches":[{"x":50,"y":50,"offset_x":0,"offset_y":0,"wait":0.0,"time":0.2,"release":true,"query_string":null}]}]}
12-09 07:48:03.552 I/System.out( 7285): }
12-09 07:48:03.597 W/ResourceType( 7285): No package identifier when getting name for resource number 0x00000001
12-09 07:48:03.964 I/LatinIME( 1857): Starting input. Cursor position = 0,0
12-09 07:48:04.129 I/art     ( 7285): Background sticky concurrent mark sweep GC freed 20440(1020KB) AllocSpace objects, 1(20KB) LOS objects, 34% free, 2MB/3MB, paused 7.589ms total 53.372ms
12-09 07:48:04.555 I/System.out( 7285): URI: //
12-09 07:48:04.555 I/System.out( 7285): params: {json={"command":"set_selection","arguments":[-1,-1]}
12-09 07:48:04.555 I/System.out( 7285): }
12-09 07:48:04.556 I/System.out( 7285): header: {date=Sun, 09 Dec 2018 07:48:04 GMT, accept=*/*, content-length=47, host=127.0.0.1:34777, user-agent=HTTPClient/1.0 (2.8.3, ruby 2.3.1 (2016-04-26)), content-type=application/json;charset=utf-8}
12-09 07:48:04.556 I/System.out( 7285): params: {json={"command":"set_selection","arguments":[-1,-1]}
12-09 07:48:04.556 I/System.out( 7285): }
12-09 07:48:04.556 I/System.out( 7285): ProP json = {"command":"set_selection","arguments":[-1,-1]}
12-09 07:48:04.556 I/System.out( 7285): files: {}
12-09 07:48:04.556 I/System.out( 7285): command: {"command":"set_selection","arguments":[-1,-1]}
12-09 07:48:04.557 I/InstrumentationBackend( 7285): Got command:'Command:'Line:null,set_selection', arguments:'[-1, -1]'
12-09 07:48:04.574 I/System.out( 7285): result:{"bonusInformation":[],"message":"","success":true}
12-09 07:48:04.809 I/System.out( 7285): URI: //
12-09 07:48:04.809 I/System.out( 7285): params: {json={"command":"keyboard_enter_text","arguments":["98879891284721092831"]}
12-09 07:48:04.809 I/System.out( 7285): }
12-09 07:48:04.809 I/System.out( 7285): header: {date=Sun, 09 Dec 2018 07:48:05 GMT, accept=*/*, content-length=70, host=127.0.0.1:34777, user-agent=HTTPClient/1.0 (2.8.3, ruby 2.3.1 (2016-04-26)), content-type=application/json;charset=utf-8}
12-09 07:48:04.809 I/System.out( 7285): params: {json={"command":"keyboard_enter_text","arguments":["98879891284721092831"]}
12-09 07:48:04.809 I/System.out( 7285): }
12-09 07:48:04.809 I/System.out( 7285): ProP json = {"command":"keyboard_enter_text","arguments":["98879891284721092831"]}
12-09 07:48:04.809 I/System.out( 7285): files: {}
12-09 07:48:04.809 I/System.out( 7285): command: {"command":"keyboard_enter_text","arguments":["98879891284721092831"]}
12-09 07:48:04.810 I/InstrumentationBackend( 7285): Got command:'Command:'Line:null,keyboard_enter_text', arguments:'[98879891284721092831]'
12-09 07:48:04.812 E/SpannableStringBuilder( 7285): SPAN_EXCLUSIVE_EXCLUSIVE spans cannot have a zero length
12-09 07:48:04.812 E/SpannableStringBuilder( 7285): SPAN_EXCLUSIVE_EXCLUSIVE spans cannot have a zero length
12-09 07:48:04.873 E/SpannableStringBuilder( 7285): SPAN_EXCLUSIVE_EXCLUSIVE spans cannot have a zero length
12-09 07:48:04.873 E/SpannableStringBuilder( 7285): SPAN_EXCLUSIVE_EXCLUSIVE spans cannot have a zero length
12-09 07:48:04.890 I/System.out( 7285): result:{"bonusInformation":[],"message":"","success":true}
12-09 07:48:05.425 E/SurfaceFlinger( 1218): ro.sf.lcd_density must be defined as a build property
12-09 07:48:05.435 D/gralloc_ranchu( 1218): gralloc_alloc: Creating ashmem region of size 3686400
12-09 07:48:05.464 D/        ( 7327): HostConnection::get() New Host Connection established 0x7f26763d2480, tid 7327
12-09 07:48:05.496 E/EGL_emulation( 1218): tid 1218: eglCreateSyncKHR(1881): error 0x3004 (EGL_BAD_ATTRIBUTE)
12-09 07:48:06.681 I/System.out( 7285): URI: //map
12-09 07:48:06.681 I/System.out( 7285): params: {json={"query":"android.widget.EditText id:'odometer'","operation":{"method_name":"query","arguments":[]}}
12-09 07:48:06.681 I/System.out( 7285): }
12-09 07:48:06.724 W/ResourceType( 7285): No package identifier when getting name for resource number 0x00000001
12-09 07:48:07.011 I/art     ( 7285): Background sticky concurrent mark sweep GC freed 45163(2029KB) AllocSpace objects, 2(40KB) LOS objects, 27% free, 2MB/3MB, paused 985us total 216.231ms
12-09 07:48:07.013 I/System.out( 7285): URI: //gesture
12-09 07:48:07.024 I/System.out( 7285): params: {json={"query_timeout":5.0,"gestures":[{"query_string":"android.widget.EditText id:'odometer'","touches":[{"x":50,"y":50,"offset_x":0,"offset_y":0,"wait":0.0,"time":0.2,"release":true,"query_string":null}]}]}
12-09 07:48:07.024 I/System.out( 7285): }
12-09 07:48:07.088 W/ResourceType( 7285): No package identifier when getting name for resource number 0x00000001
12-09 07:48:07.428 I/LatinIME( 1857): Starting input. Cursor position = 0,0
12-09 07:48:07.550 I/art     ( 7285): Background partial concurrent mark sweep GC freed 17910(954KB) AllocSpace objects, 6(120KB) LOS objects, 39% free, 3MB/5MB, paused 5.418ms total 138.505ms
12-09 07:48:08.124 I/System.out( 7285): URI: //
12-09 07:48:08.124 I/System.out( 7285): params: {json={"command":"set_selection","arguments":[-1,-1]}
12-09 07:48:08.124 I/System.out( 7285): }
12-09 07:48:08.124 I/System.out( 7285): header: {date=Sun, 09 Dec 2018 07:48:08 GMT, accept=*/*, content-length=47, host=127.0.0.1:34777, user-agent=HTTPClient/1.0 (2.8.3, ruby 2.3.1 (2016-04-26)), content-type=application/json;charset=utf-8}
12-09 07:48:08.124 I/System.out( 7285): params: {json={"command":"set_selection","arguments":[-1,-1]}
12-09 07:48:08.124 I/System.out( 7285): }
12-09 07:48:08.124 I/System.out( 7285): ProP json = {"command":"set_selection","arguments":[-1,-1]}
12-09 07:48:08.124 I/System.out( 7285): files: {}
12-09 07:48:08.124 I/System.out( 7285): command: {"command":"set_selection","arguments":[-1,-1]}
12-09 07:48:08.125 I/InstrumentationBackend( 7285): Got command:'Command:'Line:null,set_selection', arguments:'[-1, -1]'
12-09 07:48:08.136 I/System.out( 7285): result:{"bonusInformation":[],"message":"","success":true}
12-09 07:48:08.327 I/System.out( 7285): URI: //
12-09 07:48:08.327 I/System.out( 7285): params: {json={"command":"keyboard_enter_text","arguments":["74394723984721092831"]}
12-09 07:48:08.327 I/System.out( 7285): }
12-09 07:48:08.328 I/System.out( 7285): header: {date=Sun, 09 Dec 2018 07:48:08 GMT, accept=*/*, content-length=70, host=127.0.0.1:34777, user-agent=HTTPClient/1.0 (2.8.3, ruby 2.3.1 (2016-04-26)), content-type=application/json;charset=utf-8}
12-09 07:48:08.328 I/System.out( 7285): params: {json={"command":"keyboard_enter_text","arguments":["74394723984721092831"]}
12-09 07:48:08.328 I/System.out( 7285): }
12-09 07:48:08.328 I/System.out( 7285): ProP json = {"command":"keyboard_enter_text","arguments":["74394723984721092831"]}
12-09 07:48:08.328 I/System.out( 7285): files: {}
12-09 07:48:08.328 I/System.out( 7285): command: {"command":"keyboard_enter_text","arguments":["74394723984721092831"]}
12-09 07:48:08.329 I/InstrumentationBackend( 7285): Got command:'Command:'Line:null,keyboard_enter_text', arguments:'[74394723984721092831]'
12-09 07:48:08.330 E/SpannableStringBuilder( 7285): SPAN_EXCLUSIVE_EXCLUSIVE spans cannot have a zero length
12-09 07:48:08.330 E/SpannableStringBuilder( 7285): SPAN_EXCLUSIVE_EXCLUSIVE spans cannot have a zero length
12-09 07:48:08.348 E/SpannableStringBuilder( 7285): SPAN_EXCLUSIVE_EXCLUSIVE spans cannot have a zero length
12-09 07:48:08.348 E/SpannableStringBuilder( 7285): SPAN_EXCLUSIVE_EXCLUSIVE spans cannot have a zero length
12-09 07:48:08.353 I/System.out( 7285): result:{"bonusInformation":[],"message":"","success":true}
12-09 07:48:08.783 E/SurfaceFlinger( 1218): ro.sf.lcd_density must be defined as a build property
12-09 07:48:08.784 D/gralloc_ranchu( 1218): gralloc_alloc: Creating ashmem region of size 3686400
12-09 07:48:08.793 D/        ( 7337): HostConnection::get() New Host Connection established 0x7fb6cb652480, tid 7337
12-09 07:48:08.841 E/EGL_emulation( 1218): tid 1218: eglCreateSyncKHR(1881): error 0x3004 (EGL_BAD_ATTRIBUTE)
12-09 07:48:10.781 I/System.out( 7285): URI: //map
12-09 07:48:10.781 I/System.out( 7285): params: {json={"query":"android.widget.Button index:2","operation":{"method_name":"query","arguments":[]}}
12-09 07:48:10.781 I/System.out( 7285): }
12-09 07:48:10.920 I/art     ( 7285): Background sticky concurrent mark sweep GC freed 73565(3MB) AllocSpace objects, 9(180KB) LOS objects, 47% free, 3MB/5MB, paused 1.257ms total 121.666ms
12-09 07:48:10.964 I/System.out( 7285): URI: //gesture
12-09 07:48:10.964 I/System.out( 7285): params: {json={"query_timeout":5.0,"gestures":[{"query_string":"android.widget.Button index:2","touches":[{"x":50,"y":50,"offset_x":0,"offset_y":0,"wait":0.0,"time":0.2,"release":true,"query_string":null}]}]}
12-09 07:48:10.964 I/System.out( 7285): }
12-09 07:48:11.303 W/audio_hw_generic( 1308): Hardware backing HAL too slow, could only write 0 of 661 frames
12-09 07:48:11.338 W/audio_hw_generic( 1308): Hardware backing HAL too slow, could only write 0 of 661 frames
12-09 07:48:11.354 W/audio_hw_generic( 1308): Hardware backing HAL too slow, could only write 0 of 661 frames
12-09 07:48:11.375 W/audio_hw_generic( 1308): Hardware backing HAL too slow, could only write 0 of 661 frames
12-09 07:48:11.410 I/art     ( 7285): Background sticky concurrent mark sweep GC freed 81940(3MB) AllocSpace objects, 3(60KB) LOS objects, 59% free, 2MB/5MB, paused 1.993ms total 100.973ms
12-09 07:48:11.623 I/calabash( 7285): newActivity1
12-09 07:48:11.624 W/ActivityManager( 1591): Bad activity token: android.os.BinderProxy@856e4d4
12-09 07:48:11.624 W/ActivityManager( 1591): java.lang.ClassCastException: android.os.BinderProxy cannot be cast to com.android.server.am.ActivityRecord$Token
12-09 07:48:11.624 W/ActivityManager( 1591): 	at com.android.server.am.ActivityRecord.forTokenLocked(ActivityRecord.java:424)
12-09 07:48:11.624 W/ActivityManager( 1591): 	at com.android.server.am.ActivityRecord.isInStackLocked(ActivityRecord.java:1121)
12-09 07:48:11.624 W/ActivityManager( 1591): 	at com.android.server.am.ActivityRecord.getStackLocked(ActivityRecord.java:1126)
12-09 07:48:11.624 W/ActivityManager( 1591): 	at com.android.server.am.ActivityManagerService.getActivityDisplayId(ActivityManagerService.java:8889)
12-09 07:48:11.624 W/ActivityManager( 1591): 	at android.app.ActivityManagerNative.onTransact(ActivityManagerNative.java:2338)
12-09 07:48:11.624 W/ActivityManager( 1591): 	at com.android.server.am.ActivityManagerService.onTransact(ActivityManagerService.java:2443)
12-09 07:48:11.624 W/ActivityManager( 1591): 	at android.os.Binder.execTransact(Binder.java:453)
12-09 07:48:11.624 W/ActivityManager( 1591): Bad activity token: android.os.BinderProxy@856e4d4
12-09 07:48:11.624 W/ActivityManager( 1591): java.lang.ClassCastException: android.os.BinderProxy cannot be cast to com.android.server.am.ActivityRecord$Token
12-09 07:48:11.624 W/ActivityManager( 1591): 	at com.android.server.am.ActivityRecord.forTokenLocked(ActivityRecord.java:424)
12-09 07:48:11.624 W/ActivityManager( 1591): 	at com.android.server.am.ActivityRecord.isInStackLocked(ActivityRecord.java:1121)
12-09 07:48:11.624 W/ActivityManager( 1591): 	at com.android.server.am.ActivityManagerService.setTaskDescription(ActivityManagerService.java:8547)
12-09 07:48:11.624 W/ActivityManager( 1591): 	at android.app.ActivityManagerNative.onTransact(ActivityManagerNative.java:2410)
12-09 07:48:11.624 W/ActivityManager( 1591): 	at com.android.server.am.ActivityManagerService.onTransact(ActivityManagerService.java:2443)
12-09 07:48:11.624 W/ActivityManager( 1591): 	at android.os.Binder.execTransact(Binder.java:453)
12-09 07:48:11.658 W/audio_hw_generic( 1308): Not supplying enough data to HAL, expected position 8175916 , only wrote 8175909
12-09 07:48:11.658 W/audio_hw_generic( 1308): Not supplying enough data to HAL, expected position 8175915 , only wrote 8175909
12-09 07:48:11.676 W/audio_hw_generic( 1308): Not supplying enough data to HAL, expected position 8176674 , only wrote 8176570
12-09 07:48:11.697 W/ActivityManager( 1591): Bad activity token: android.os.BinderProxy@856e4d4
12-09 07:48:11.697 W/ActivityManager( 1591): java.lang.ClassCastException: android.os.BinderProxy cannot be cast to com.android.server.am.ActivityRecord$Token
12-09 07:48:11.697 W/ActivityManager( 1591): 	at com.android.server.am.ActivityRecord.forTokenLocked(ActivityRecord.java:424)
12-09 07:48:11.697 W/ActivityManager( 1591): 	at com.android.server.am.ActivityRecord.isInStackLocked(ActivityRecord.java:1121)
12-09 07:48:11.697 W/ActivityManager( 1591): 	at com.android.server.am.ActivityManagerService.getActivityOptions(ActivityManagerService.java:11038)
12-09 07:48:11.697 W/ActivityManager( 1591): 	at android.app.ActivityManagerNative.onTransact(ActivityManagerNative.java:1734)
12-09 07:48:11.697 W/ActivityManager( 1591): 	at com.android.server.am.ActivityManagerService.onTransact(ActivityManagerService.java:2443)
12-09 07:48:11.697 W/ActivityManager( 1591): 	at android.os.Binder.execTransact(Binder.java:453)
12-09 07:48:11.697 W/ActivityManager( 1591): Bad activity token: android.os.BinderProxy@856e4d4
12-09 07:48:11.697 W/ActivityManager( 1591): java.lang.ClassCastException: android.os.BinderProxy cannot be cast to com.android.server.am.ActivityRecord$Token
12-09 07:48:11.697 W/ActivityManager( 1591): 	at com.android.server.am.ActivityRecord.forTokenLocked(ActivityRecord.java:424)
12-09 07:48:11.697 W/ActivityManager( 1591): 	at com.android.server.am.ActivityRecord.isInStackLocked(ActivityRecord.java:1121)
12-09 07:48:11.697 W/ActivityManager( 1591): 	at com.android.server.am.ActivityManagerService.getActivityOptions(ActivityManagerService.java:11038)
12-09 07:48:11.697 W/ActivityManager( 1591): 	at android.app.ActivityManagerNative.onTransact(ActivityManagerNative.java:1734)
12-09 07:48:11.697 W/ActivityManager( 1591): 	at com.android.server.am.ActivityManagerService.onTransact(ActivityManagerService.java:2443)
12-09 07:48:11.697 W/ActivityManager( 1591): 	at android.os.Binder.execTransact(Binder.java:453)
12-09 07:48:11.723 I/LatinIME( 1857): Starting input. Cursor position = -1,-1
12-09 07:48:11.747 E/SurfaceFlinger( 1218): ro.sf.lcd_density must be defined as a build property
12-09 07:48:11.747 D/gralloc_ranchu( 1218): gralloc_alloc: Creating ashmem region of size 3686400
12-09 07:48:11.820 D/        ( 7343): HostConnection::get() New Host Connection established 0x7f9508d92480, tid 7343
12-09 07:48:11.856 E/EGL_emulation( 1218): tid 1218: eglCreateSyncKHR(1881): error 0x3004 (EGL_BAD_ATTRIBUTE)
12-09 07:48:11.895 D/Mileage.ABS( 7285): Finished backup
12-09 07:48:11.907 D/Mileage.ABS( 7285): Not backing up; 32
12-09 07:48:11.907 D/Mileage.ABS( 7285): Not backing up; 32
12-09 07:48:11.933 D/Mileage ( 7285): Recalculating
12-09 07:48:12.120 W/audio_hw_generic( 1308): Not supplying enough data to HAL, expected position 8196159 , only wrote 8195078
12-09 07:48:12.197 W/audio_hw_generic( 1308): Not supplying enough data to HAL, expected position 8198492 , only wrote 8198383
12-09 07:48:12.197 W/audio_hw_generic( 1308): Not supplying enough data to HAL, expected position 8198389 , only wrote 8198383
12-09 07:48:12.290 W/audio_hw_generic( 1308): Not supplying enough data to HAL, expected position 8202449 , only wrote 8201688
12-09 07:48:12.290 W/audio_hw_generic( 1308): Not supplying enough data to HAL, expected position 8201694 , only wrote 8201688
12-09 07:48:12.306 W/audio_hw_generic( 1308): Not supplying enough data to HAL, expected position 8202392 , only wrote 8202349
12-09 07:48:12.348 D/FillupAdapter( 7285): Average economy: 0.7523746539172881
12-09 07:48:12.371 D/Mileage.ABS( 7285): Not backing up; 496
12-09 07:48:12.480 W/audio_hw_generic( 1308): Not supplying enough data to HAL, expected position 8210032 , only wrote 8207637
12-09 07:48:12.480 W/audio_hw_generic( 1308): Not supplying enough data to HAL, expected position 8207643 , only wrote 8207637
12-09 07:48:12.495 W/audio_hw_generic( 1308): Not supplying enough data to HAL, expected position 8208312 , only wrote 8208298
12-09 07:48:12.598 W/audio_hw_generic( 1308): Not supplying enough data to HAL, expected position 8212835 , only wrote 8212264
12-09 07:48:12.598 W/audio_hw_generic( 1308): Not supplying enough data to HAL, expected position 8212270 , only wrote 8212264
12-09 07:48:12.643 I/InputAttributes( 1857): InputType.TYPE_NULL is specified
12-09 07:48:12.718 W/audio_hw_generic( 1308): Not supplying enough data to HAL, expected position 8217539 , only wrote 8216891
12-09 07:48:12.737 I/Choreographer( 1857): Skipped 61 frames!  The application may be doing too much work on its main thread.
12-09 07:48:12.804 D/EGL_emulation( 1857): eglMakeCurrent: 0x7fb74a3346e0: ver 2 0 (tinfo 0x7fb746baea40)
12-09 07:48:12.806 E/Surface ( 1857): getSlotFromBufferLocked: unknown buffer: 0x7fb74a334a00
12-09 07:48:12.995 W/audio_hw_generic( 1308): Not supplying enough data to HAL, expected position 8229106 , only wrote 8228789
12-09 07:48:12.995 W/audio_hw_generic( 1308): Hardware backing HAL too slow, could only write 0 of 661 frames
12-09 07:48:12.995 W/audio_hw_generic( 1308): Hardware backing HAL too slow, could only write 0 of 661 frames
12-09 07:48:13.011 W/audio_hw_generic( 1308): Hardware backing HAL too slow, could only write 0 of 661 frames
12-09 07:48:13.032 W/audio_hw_generic( 1308): Hardware backing HAL too slow, could only write 0 of 661 frames
12-09 07:48:13.057 W/audio_hw_generic( 1308): Hardware backing HAL too slow, could only write 0 of 661 frames
12-09 07:48:13.080 I/System.out( 7285): URI: //gesture
12-09 07:48:13.080 I/System.out( 7285): params: {json={"query_timeout":5.0,"gestures":[{"query_string":"android.widget.TabWidget descendant TextView index:0","touches":[{"x":50,"y":50,"offset_x":0,"offset_y":0,"wait":0.0,"time":0.2,"release":true,"query_string":null}]}]}
12-09 07:48:13.080 I/System.out( 7285): }
12-09 07:48:13.119 W/audio_hw_generic( 1308): Hardware backing HAL too slow, could only write 0 of 661 frames
12-09 07:48:13.217 W/audio_hw_generic( 1308): Not supplying enough data to HAL, expected position 8238562 , only wrote 8238043
12-09 07:48:13.217 W/audio_hw_generic( 1308): Not supplying enough data to HAL, expected position 8238052 , only wrote 8238043
12-09 07:48:13.372 W/audio_hw_generic( 1308): Not supplying enough data to HAL, expected position 8244871 , only wrote 8242009
12-09 07:48:13.372 W/audio_hw_generic( 1308): Not supplying enough data to HAL, expected position 8242015 , only wrote 8242009
12-09 07:48:13.396 W/audio_hw_generic( 1308): Not supplying enough data to HAL, expected position 8243056 , only wrote 8242670
12-09 07:48:13.555 W/audio_hw_generic( 1308): Not supplying enough data to HAL, expected position 8249696 , only wrote 8249280
12-09 07:48:13.555 W/audio_hw_generic( 1308): Hardware backing HAL too slow, could only write 0 of 661 frames
12-09 07:48:13.591 W/audio_hw_generic( 1308): Hardware backing HAL too slow, could only write 0 of 661 frames
12-09 07:48:13.699 W/audio_hw_generic( 1308): Not supplying enough data to HAL, expected position 8255634 , only wrote 8253907
12-09 07:48:13.738 W/audio_hw_generic( 1308): Hardware backing HAL too slow, could only write 0 of 661 frames
12-09 07:48:13.755 W/audio_hw_generic( 1308): Hardware backing HAL too slow, could only write 0 of 661 frames
12-09 07:48:13.778 W/audio_hw_generic( 1308): Not supplying enough data to HAL, expected position 8257370 , only wrote 8257212
12-09 07:48:13.778 W/audio_hw_generic( 1308): Hardware backing HAL too slow, could only write 0 of 661 frames
12-09 07:48:13.778 W/audio_hw_generic( 1308): Hardware backing HAL too slow, could only write 0 of 661 frames
12-09 07:48:13.792 W/audio_hw_generic( 1308): Hardware backing HAL too slow, could only write 0 of 661 frames
12-09 07:48:13.811 W/audio_hw_generic( 1308): Hardware backing HAL too slow, could only write 0 of 661 frames
12-09 07:48:13.901 D/AudioFlinger( 1308): mixer(0xf43c0000) throttle end: throttle time(26)
12-09 07:48:13.996 W/audio_hw_generic( 1308): Not supplying enough data to HAL, expected position 8266821 , only wrote 8265144
12-09 07:48:13.996 W/audio_hw_generic( 1308): Not supplying enough data to HAL, expected position 8265150 , only wrote 8265144
12-09 07:48:14.057 W/audio_hw_generic( 1308): Not supplying enough data to HAL, expected position 8267830 , only wrote 8265805
12-09 07:48:14.351 W/audio_hw_generic( 1308): Not supplying enough data to HAL, expected position 8278794 , only wrote 8278364
12-09 07:48:14.351 W/audio_hw_generic( 1308): Not supplying enough data to HAL, expected position 8278370 , only wrote 8278364
12-09 07:48:14.367 W/audio_hw_generic( 1308): Not supplying enough data to HAL, expected position 8279051 , only wrote 8279025
12-09 07:48:14.403 W/audio_hw_generic( 1308): Not supplying enough data to HAL, expected position 8280614 , only wrote 8280347
12-09 07:48:14.441 W/audio_hw_generic( 1308): Not supplying enough data to HAL, expected position 8282012 , only wrote 8281669
12-09 07:48:14.461 W/audio_hw_generic( 1308): Not supplying enough data to HAL, expected position 8282557 , only wrote 8282330
12-09 07:48:14.461 W/audio_hw_generic( 1308): Not supplying enough data to HAL, expected position 8282338 , only wrote 8282330
12-09 07:48:14.495 W/audio_hw_generic( 1308): Hardware backing HAL too slow, could only write 0 of 661 frames
12-09 07:48:14.515 W/audio_hw_generic( 1308): Hardware backing HAL too slow, could only write 0 of 661 frames
12-09 07:48:14.541 W/audio_hw_generic( 1308): Hardware backing HAL too slow, could only write 0 of 661 frames
12-09 07:48:14.541 W/audio_hw_generic( 1308): Hardware backing HAL too slow, could only write 0 of 661 frames
12-09 07:48:14.559 W/audio_hw_generic( 1308): Hardware backing HAL too slow, could only write 0 of 661 frames
12-09 07:48:14.591 W/audio_hw_generic( 1308): Hardware backing HAL too slow, could only write 0 of 661 frames
12-09 07:48:14.591 W/audio_hw_generic( 1308): Hardware backing HAL too slow, could only write 0 of 661 frames
12-09 07:48:14.611 W/audio_hw_generic( 1308): Not supplying enough data to HAL, expected position 8288942 , only wrote 8288940
12-09 07:48:14.611 W/audio_hw_generic( 1308): Hardware backing HAL too slow, could only write 0 of 661 frames
12-09 07:48:14.611 W/audio_hw_generic( 1308): Hardware backing HAL too slow, could only write 0 of 661 frames
12-09 07:48:14.665 W/audio_hw_generic( 1308): Not supplying enough data to HAL, expected position 8291318 , only wrote 8290262
12-09 07:48:14.665 W/audio_hw_generic( 1308): Hardware backing HAL too slow, could only write 0 of 661 frames
12-09 07:48:14.945 I/System.out( 7285): URI: //map
12-09 07:48:14.945 I/System.out( 7285): params: {json={"query":"android.widget.EditText id:'price'","operation":{"method_name":"query","arguments":[]}}
12-09 07:48:14.945 I/System.out( 7285): }
12-09 07:48:14.987 W/audio_hw_generic( 1308): Not supplying enough data to HAL, expected position 8304473 , only wrote 8304143
12-09 07:48:14.987 W/audio_hw_generic( 1308): Not supplying enough data to HAL, expected position 8304149 , only wrote 8304143
12-09 07:48:15.007 W/audio_hw_generic( 1308): Not supplying enough data to HAL, expected position 8305010 , only wrote 8304804
12-09 07:48:15.030 W/ResourceType( 7285): No package identifier when getting name for resource number 0x00000001
12-09 07:48:15.220 I/art     ( 7285): Background sticky concurrent mark sweep GC freed 71310(3MB) AllocSpace objects, 4(80KB) LOS objects, 40% free, 3MB/5MB, paused 6.005ms total 273.953ms
12-09 07:48:15.223 W/audio_hw_generic( 1308): Hardware backing HAL too slow, could only write 0 of 661 frames
12-09 07:48:15.223 W/audio_hw_generic( 1308): Not supplying enough data to HAL, expected position 8314334 , only wrote 8312736
12-09 07:48:15.223 W/audio_hw_generic( 1308): Not supplying enough data to HAL, expected position 8312741 , only wrote 8312736
12-09 07:48:15.223 W/audio_hw_generic( 1308): Hardware backing HAL too slow, could only write 0 of 661 frames
12-09 07:48:15.238 W/audio_hw_generic( 1308): Hardware backing HAL too slow, could only write 0 of 661 frames
12-09 07:48:15.253 W/audio_hw_generic( 1308): Hardware backing HAL too slow, could only write 0 of 661 frames
