12-09 08:41:05.040 W/audio_hw_generic( 1307): Not supplying enough data to HAL, expected position 46252250 , only wrote 46252153
12-09 08:41:05.041 W/audio_hw_generic( 1307): Not supplying enough data to HAL, expected position 46252161 , only wrote 46252153
12-09 08:41:05.042 D/Mileage.ABS(20093): Not backing up; 144
12-09 08:41:05.043 D/Mileage.ABS(20093): Not backing up; 145
12-09 08:41:05.044 D/Mileage.ABS(20093): Not backing up; 146
12-09 08:41:05.060 W/audio_hw_generic( 1307): Not supplying enough data to HAL, expected position 46253017 , only wrote 46252814
12-09 08:41:05.166 W/audio_hw_generic( 1307): Not supplying enough data to HAL, expected position 46257488 , only wrote 46257441
12-09 08:41:05.212 D/Mileage.ABS(20093): Not backing up; 314
12-09 08:41:05.358 D/Mileage.ABS(20093): Not backing up; 460
12-09 08:41:05.359 D/Mileage.ABS(20093): Not backing up; 461
12-09 08:41:05.359 D/Mileage.ABS(20093): Not backing up; 461
12-09 08:41:05.497 W/audio_hw_generic( 1307): Not supplying enough data to HAL, expected position 46272047 , only wrote 46271983
12-09 08:41:05.498 W/audio_hw_generic( 1307): Not supplying enough data to HAL, expected position 46271990 , only wrote 46271983
12-09 08:41:05.528 W/audio_hw_generic( 1307): Not supplying enough data to HAL, expected position 46273305 , only wrote 46272644
12-09 08:41:05.548 W/audio_hw_generic( 1307): Not supplying enough data to HAL, expected position 46273537 , only wrote 46273305
12-09 08:41:05.548 W/audio_hw_generic( 1307): Not supplying enough data to HAL, expected position 46273311 , only wrote 46273305
12-09 08:41:05.564 W/audio_hw_generic( 1307): Not supplying enough data to HAL, expected position 46274011 , only wrote 46273966
12-09 08:41:05.579 W/audio_hw_generic( 1307): Not supplying enough data to HAL, expected position 46274644 , only wrote 46274627
12-09 08:41:05.677 I/art     (20093): Background sticky concurrent mark sweep GC freed 34001(1511KB) AllocSpace objects, 0(0B) LOS objects, 13% free, 3MB/3MB, paused 5.489ms total 125.950ms
12-09 08:41:05.750 W/audio_hw_generic( 1307): Not supplying enough data to HAL, expected position 46282147 , only wrote 46281237
12-09 08:41:05.750 W/audio_hw_generic( 1307): Not supplying enough data to HAL, expected position 46281244 , only wrote 46281237
12-09 08:41:05.830 W/audio_hw_generic( 1307): Not supplying enough data to HAL, expected position 46284763 , only wrote 46284542
12-09 08:41:05.830 W/audio_hw_generic( 1307): Not supplying enough data to HAL, expected position 46284548 , only wrote 46284542
12-09 08:41:05.853 W/audio_hw_generic( 1307): Not supplying enough data to HAL, expected position 46285408 , only wrote 46285203
12-09 08:41:06.122 W/audio_hw_generic( 1307): Not supplying enough data to HAL, expected position 46297200 , only wrote 46297101
12-09 08:41:06.122 W/audio_hw_generic( 1307): Not supplying enough data to HAL, expected position 46297107 , only wrote 46297101
12-09 08:41:06.137 D/Mileage.ABS(20093): Finished backup
12-09 08:41:06.138 D/Mileage.ABS(20093): Not backing up; 50
12-09 08:41:06.138 D/Mileage.ABS(20093): Not backing up; 50
12-09 08:41:06.138 D/Mileage.ABS(20093): Not backing up; 50
12-09 08:41:06.138 D/Mileage.ABS(20093): Not backing up; 50
12-09 08:41:06.142 W/audio_hw_generic( 1307): Not supplying enough data to HAL, expected position 46297980 , only wrote 46297762
12-09 08:41:06.157 D/Mileage.ABS(20093): Not backing up; 69
12-09 08:41:06.225 D/Mileage.ABS(20093): Not backing up; 137
12-09 08:41:06.227 D/Mileage.ABS(20093): Not backing up; 138
12-09 08:41:06.227 D/Mileage.ABS(20093): Not backing up; 139
12-09 08:41:06.255 E/SurfaceFlinger( 1218): ro.sf.lcd_density must be defined as a build property
12-09 08:41:06.374 D/gralloc_ranchu( 1218): gralloc_alloc: Creating ashmem region of size 3686400
12-09 08:41:06.454 D/Mileage.ABS(20093): Not backing up; 366
12-09 08:41:06.454 D/Mileage.ABS(20093): Not backing up; 366
12-09 08:41:06.454 D/Mileage.ABS(20093): Not backing up; 366
12-09 08:41:06.454 D/Mileage.ABS(20093): Not backing up; 366
12-09 08:41:06.457 D/        (20147): HostConnection::get() New Host Connection established 0x7f9399f12480, tid 20147
12-09 08:41:06.489 E/EGL_emulation( 1218): tid 1218: eglCreateSyncKHR(1881): error 0x3004 (EGL_BAD_ATTRIBUTE)
12-09 08:41:06.638 D/Mileage.ABS(20093): Not backing up; 550
12-09 08:41:06.649 D/Mileage.ABS(20093): Not backing up; 561
12-09 08:41:06.650 D/Mileage.ABS(20093): Not backing up; 562
12-09 08:41:06.650 D/Mileage.ABS(20093): Not backing up; 562
12-09 08:41:06.827 D/Mileage.ABS(20093): Not backing up; 739
12-09 08:41:06.827 D/Mileage.ABS(20093): Not backing up; 739
12-09 08:41:06.855 D/Mileage.ABS(20093): Not backing up; 767
12-09 08:41:06.863 D/Mileage.ABS(20093): Not backing up; 775
12-09 08:41:06.866 D/Mileage.ABS(20093): Not backing up; 778
12-09 08:41:06.967 W/audio_hw_generic( 1307): Not supplying enough data to HAL, expected position 46334159 , only wrote 46334117
12-09 08:41:07.040 D/Mileage.ABS(20093): Not backing up; 952
12-09 08:41:07.050 D/Mileage.ABS(20093): Not backing up; 962
12-09 08:41:07.050 D/Mileage.ABS(20093): Not backing up; 962
12-09 08:41:07.050 D/Mileage.ABS(20093): Not backing up; 962
12-09 08:41:07.060 W/audio_hw_generic( 1307): Hardware backing HAL too slow, could only write 0 of 661 frames
12-09 08:41:07.160 D/VehicleStatisticsAdapter(20093): Caching of 29 records complete! (3.495 seconds)
12-09 08:41:07.260 D/Mileage.ABS(20093): Finished backup
12-09 08:41:07.261 D/Mileage.ABS(20093): Not backing up; 81
12-09 08:41:07.261 D/Mileage.ABS(20093): Not backing up; 81
12-09 08:41:07.314 W/audio_hw_generic( 1307): Not supplying enough data to HAL, expected position 46349401 , only wrote 46349320
12-09 08:41:07.314 W/audio_hw_generic( 1307): Not supplying enough data to HAL, expected position 46349327 , only wrote 46349320
12-09 08:41:07.321 D/Mileage.ABS(20093): Not backing up; 81
12-09 08:41:07.322 D/Mileage.ABS(20093): Not backing up; 142
12-09 08:41:07.322 D/Mileage.ABS(20093): Not backing up; 142
12-09 08:41:07.372 W/audio_hw_generic( 1307): Not supplying enough data to HAL, expected position 46351875 , only wrote 46351303
12-09 08:41:07.435 D/VehicleStatisticsAdapter(20093): Caching of 29 records complete! (3.376 seconds)
12-09 08:41:07.512 D/Mileage.ABS(20093): Not backing up; 332
12-09 08:41:07.513 D/Mileage.ABS(20093): Not backing up; 333
12-09 08:41:07.514 W/audio_hw_generic( 1307): Not supplying enough data to HAL, expected position 46357559 , only wrote 46357252
12-09 08:41:07.514 W/audio_hw_generic( 1307): Not supplying enough data to HAL, expected position 46357258 , only wrote 46357252
12-09 08:41:07.539 D/Mileage.ABS(20093): Not backing up; 358
12-09 08:41:07.590 D/Mileage.ABS(20093): Not backing up; 410
12-09 08:41:07.622 I/System.out(20093): URI: //
12-09 08:41:07.622 I/System.out(20093): params: {json={"command":"set_activity_orientation","arguments":["landscape"]}
12-09 08:41:07.622 I/System.out(20093): }
12-09 08:41:07.623 I/System.out(20093): header: {date=Sun, 09 Dec 2018 08:41:08 GMT, accept=*/*, content-length=64, host=127.0.0.1:34777, user-agent=HTTPClient/1.0 (2.8.3, ruby 2.3.1 (2016-04-26)), content-type=application/json;charset=utf-8}
12-09 08:41:07.623 I/System.out(20093): params: {json={"command":"set_activity_orientation","arguments":["landscape"]}
12-09 08:41:07.623 I/System.out(20093): }
12-09 08:41:07.623 I/System.out(20093): ProP json = {"command":"set_activity_orientation","arguments":["landscape"]}
12-09 08:41:07.623 I/System.out(20093): files: {}
12-09 08:41:07.623 I/System.out(20093): command: {"command":"set_activity_orientation","arguments":["landscape"]}
12-09 08:41:07.631 I/InstrumentationBackend(20093): Got command:'Command:'Line:null,set_activity_orientation', arguments:'[landscape]'
12-09 08:41:07.666 W/audio_hw_generic( 1307): Not supplying enough data to HAL, expected position 46363950 , only wrote 46363862
12-09 08:41:07.666 W/audio_hw_generic( 1307): Not supplying enough data to HAL, expected position 46363869 , only wrote 46363862
12-09 08:41:07.702 W/audio_hw_generic( 1307): Not supplying enough data to HAL, expected position 46365440 , only wrote 46364523
12-09 08:41:07.715 D/gralloc_ranchu( 1218): gralloc_alloc: Creating ashmem region of size 3686400
12-09 08:41:07.774 E/EGL_emulation( 1218): tid 1218: eglCreateSyncKHR(1881): error 0x3004 (EGL_BAD_ATTRIBUTE)
12-09 08:41:07.937 W/audio_hw_generic( 1307): Not supplying enough data to HAL, expected position 46374884 , only wrote 46374438
12-09 08:41:07.977 I/ActivityManager( 1591): Config changes=480 {1.0 310mcc260mnc en_US ldltr sw720dp w1280dp h696dp 160dpi xlrg long land finger -keyb/v/h tball/v s.60}
12-09 08:41:08.016 W/audio_hw_generic( 1307): Not supplying enough data to HAL, expected position 46377934 , only wrote 46375760
12-09 08:41:08.032 I/InputReader( 1591): Reconfiguring input devices.  changes=0x00000004
12-09 08:41:08.032 I/InputReader( 1591): Device reconfigured: id=0, name='qwerty2', size 720x1280, orientation 1, mode 1, display id 0
12-09 08:41:08.107 W/audio_hw_generic( 1307): Hardware backing HAL too slow, could only write 0 of 661 frames
12-09 08:41:08.107 W/audio_hw_generic( 1307): Not supplying enough data to HAL, expected position 46379754 , only wrote 46379726
12-09 08:41:08.107 W/audio_hw_generic( 1307): Not supplying enough data to HAL, expected position 46379731 , only wrote 46379726
12-09 08:41:08.167 W/audio_hw_generic( 1307): Not supplying enough data to HAL, expected position 46382382 , only wrote 46380387
12-09 08:41:08.198 W/art     ( 1591): Long monitor contention event with owner method=void com.android.server.am.ActivityManagerService.setRequestedOrientation(android.os.IBinder, int) from ActivityManagerService.java:4192 waiters=1 for 339ms
12-09 08:41:08.222 W/audio_hw_generic( 1307): Not supplying enough data to HAL, expected position 46382800 , only wrote 46381709
12-09 08:41:08.256 I/calabash(20093): newActivity1
12-09 08:41:08.258 W/audio_hw_generic( 1307): Hardware backing HAL too slow, could only write 0 of 661 frames
12-09 08:41:08.278 I/calabash(20093): newActivity1
12-09 08:41:08.279 W/ActivityManager( 1591): Bad activity token: android.os.BinderProxy@fb04aa
12-09 08:41:08.279 W/ActivityManager( 1591): java.lang.ClassCastException: android.os.BinderProxy cannot be cast to com.android.server.am.ActivityRecord$Token
12-09 08:41:08.279 W/ActivityManager( 1591): 	at com.android.server.am.ActivityRecord.forTokenLocked(ActivityRecord.java:424)
12-09 08:41:08.279 W/ActivityManager( 1591): 	at com.android.server.am.ActivityRecord.isInStackLocked(ActivityRecord.java:1121)
12-09 08:41:08.279 W/ActivityManager( 1591): 	at com.android.server.am.ActivityRecord.getStackLocked(ActivityRecord.java:1126)
12-09 08:41:08.279 W/ActivityManager( 1591): 	at com.android.server.am.ActivityManagerService.getActivityDisplayId(ActivityManagerService.java:8889)
12-09 08:41:08.279 W/ActivityManager( 1591): 	at android.app.ActivityManagerNative.onTransact(ActivityManagerNative.java:2338)
12-09 08:41:08.279 W/ActivityManager( 1591): 	at com.android.server.am.ActivityManagerService.onTransact(ActivityManagerService.java:2443)
12-09 08:41:08.279 W/ActivityManager( 1591): 	at android.os.Binder.execTransact(Binder.java:453)
12-09 08:41:08.280 W/ActivityManager( 1591): Bad activity token: android.os.BinderProxy@fb04aa
12-09 08:41:08.280 W/ActivityManager( 1591): java.lang.ClassCastException: android.os.BinderProxy cannot be cast to com.android.server.am.ActivityRecord$Token
12-09 08:41:08.280 W/ActivityManager( 1591): 	at com.android.server.am.ActivityRecord.forTokenLocked(ActivityRecord.java:424)
12-09 08:41:08.280 W/ActivityManager( 1591): 	at com.android.server.am.ActivityRecord.isInStackLocked(ActivityRecord.java:1121)
12-09 08:41:08.280 W/ActivityManager( 1591): 	at com.android.server.am.ActivityManagerService.setTaskDescription(ActivityManagerService.java:8547)
12-09 08:41:08.280 W/ActivityManager( 1591): 	at android.app.ActivityManagerNative.onTransact(ActivityManagerNative.java:2410)
12-09 08:41:08.280 W/ActivityManager( 1591): 	at com.android.server.am.ActivityManagerService.onTransact(ActivityManagerService.java:2443)
12-09 08:41:08.280 W/ActivityManager( 1591): 	at android.os.Binder.execTransact(Binder.java:453)
12-09 08:41:08.310 D/EGL_emulation( 1690): eglMakeCurrent: 0x7f4815816f40: ver 2 0 (tinfo 0x7f480d29dda0)
12-09 08:41:08.317 W/ActivityManager( 1591): Bad activity token: android.os.BinderProxy@fb04aa
12-09 08:41:08.317 W/ActivityManager( 1591): java.lang.ClassCastException: android.os.BinderProxy cannot be cast to com.android.server.am.ActivityRecord$Token
12-09 08:41:08.317 W/ActivityManager( 1591): 	at com.android.server.am.ActivityRecord.forTokenLocked(ActivityRecord.java:424)
12-09 08:41:08.317 W/ActivityManager( 1591): 	at com.android.server.am.ActivityRecord.isInStackLocked(ActivityRecord.java:1121)
12-09 08:41:08.317 W/ActivityManager( 1591): 	at com.android.server.am.ActivityManagerService.getActivityOptions(ActivityManagerService.java:11038)
12-09 08:41:08.317 W/ActivityManager( 1591): 	at android.app.ActivityManagerNative.onTransact(ActivityManagerNative.java:1734)
12-09 08:41:08.317 W/ActivityManager( 1591): 	at com.android.server.am.ActivityManagerService.onTransact(ActivityManagerService.java:2443)
12-09 08:41:08.317 W/ActivityManager( 1591): 	at android.os.Binder.execTransact(Binder.java:453)
12-09 08:41:08.325 E/Surface ( 1690): getSlotFromBufferLocked: unknown buffer: 0x7f481581fde0
12-09 08:41:08.330 D/EGL_emulation( 1690): eglMakeCurrent: 0x7f4815816f40: ver 2 0 (tinfo 0x7f480d29dda0)
12-09 08:41:08.331 W/ActivityManager( 1591): Bad activity token: android.os.BinderProxy@fb04aa
12-09 08:41:08.331 W/ActivityManager( 1591): java.lang.ClassCastException: android.os.BinderProxy cannot be cast to com.android.server.am.ActivityRecord$Token
12-09 08:41:08.331 W/ActivityManager( 1591): 	at com.android.server.am.ActivityRecord.forTokenLocked(ActivityRecord.java:424)
12-09 08:41:08.331 W/ActivityManager( 1591): 	at com.android.server.am.ActivityRecord.isInStackLocked(ActivityRecord.java:1121)
12-09 08:41:08.331 W/ActivityManager( 1591): 	at com.android.server.am.ActivityManagerService.getActivityOptions(ActivityManagerService.java:11038)
12-09 08:41:08.331 W/ActivityManager( 1591): 	at android.app.ActivityManagerNative.onTransact(ActivityManagerNative.java:1734)
12-09 08:41:08.331 W/ActivityManager( 1591): 	at com.android.server.am.ActivityManagerService.onTransact(ActivityManagerService.java:2443)
12-09 08:41:08.331 W/ActivityManager( 1591): 	at android.os.Binder.execTransact(Binder.java:453)
12-09 08:41:08.367 I/System.out(20093): result:{"bonusInformation":[],"message":"","success":true}
12-09 08:41:08.419 I/WindowManager( 1591): Screen frozen for +788ms due to Window{62a7065 u0 StatusBar}
12-09 08:41:08.430 W/PhoneWindow(20093): Previously focused view reported id 2131296279 during save, but can't be found during restore.
12-09 08:41:08.510 W/audio_hw_generic( 1307): Not supplying enough data to HAL, expected position 46394430 , only wrote 46394268
12-09 08:41:08.510 W/audio_hw_generic( 1307): Not supplying enough data to HAL, expected position 46394275 , only wrote 46394268
12-09 08:41:08.690 W/audio_hw_generic( 1307): Not supplying enough data to HAL, expected position 46408289 , only wrote 46401539
12-09 08:41:08.743 W/art     ( 1591): Long monitor contention event with owner method=int com.android.server.wm.WindowManagerService.relayoutWindow(com.android.server.wm.Session, android.view.IWindow, int, android.view.WindowManager$LayoutParams, int, int, int, int, android.graphics.Rect, android.graphics.Rect, android.graphics.Rect, android.graphics.Rect, android.graphics.Rect, android.graphics.Rect, android.content.res.Configuration, android.view.Surface) from WindowManagerService.java:3103 waiters=0 for 204ms
12-09 08:41:08.880 D/gralloc_ranchu( 1218): gralloc_alloc: Creating ashmem region of size 3686400
12-09 08:41:09.234 D/gralloc_ranchu( 1218): gralloc_alloc: Creating ashmem region of size 3686400
12-09 08:41:09.810 D/gralloc_ranchu( 1218): gralloc_alloc: Creating ashmem region of size 3686400
12-09 08:41:10.417 I/System.out(20093): URI: //gesture
12-09 08:41:10.417 I/System.out(20093): params: {json={"query_timeout":5.0,"gestures":[{"query_string":"android.widget.TabWidget descendant TextView index:1","touches":[{"x":50,"y":50,"offset_x":0,"offset_y":0,"wait":0.0,"time":0.2,"release":true,"query_string":null}]}]}
12-09 08:41:10.417 I/System.out(20093): }
12-09 08:41:10.494 I/art     ( 1591): Starting a blocking GC Explicit
12-09 08:41:10.564 I/art     ( 1591): Explicit concurrent mark sweep GC freed 8253(716KB) AllocSpace objects, 2(40KB) LOS objects, 29% free, 9MB/13MB, paused 1.150ms total 56.763ms
12-09 08:41:10.753 I/calabash(20093): newActivity1
12-09 08:41:10.767 W/ActivityManager( 1591): Bad activity token: android.os.BinderProxy@b7e6250
12-09 08:41:10.767 W/ActivityManager( 1591): java.lang.ClassCastException: android.os.BinderProxy cannot be cast to com.android.server.am.ActivityRecord$Token
12-09 08:41:10.767 W/ActivityManager( 1591): 	at com.android.server.am.ActivityRecord.forTokenLocked(ActivityRecord.java:424)
12-09 08:41:10.767 W/ActivityManager( 1591): 	at com.android.server.am.ActivityRecord.isInStackLocked(ActivityRecord.java:1121)
12-09 08:41:10.767 W/ActivityManager( 1591): 	at com.android.server.am.ActivityRecord.getStackLocked(ActivityRecord.java:1126)
12-09 08:41:10.767 W/ActivityManager( 1591): 	at com.android.server.am.ActivityManagerService.getActivityDisplayId(ActivityManagerService.java:8889)
12-09 08:41:10.767 W/ActivityManager( 1591): 	at android.app.ActivityManagerNative.onTransact(ActivityManagerNative.java:2338)
12-09 08:41:10.767 W/ActivityManager( 1591): 	at com.android.server.am.ActivityManagerService.onTransact(ActivityManagerService.java:2443)
12-09 08:41:10.767 W/ActivityManager( 1591): 	at android.os.Binder.execTransact(Binder.java:453)
12-09 08:41:10.768 W/ActivityManager( 1591): Bad activity token: android.os.BinderProxy@b7e6250
12-09 08:41:10.768 W/ActivityManager( 1591): java.lang.ClassCastException: android.os.BinderProxy cannot be cast to com.android.server.am.ActivityRecord$Token
12-09 08:41:10.768 W/ActivityManager( 1591): 	at com.android.server.am.ActivityRecord.forTokenLocked(ActivityRecord.java:424)
12-09 08:41:10.768 W/ActivityManager( 1591): 	at com.android.server.am.ActivityRecord.isInStackLocked(ActivityRecord.java:1121)
12-09 08:41:10.768 W/ActivityManager( 1591): 	at com.android.server.am.ActivityManagerService.setTaskDescription(ActivityManagerService.java:8547)
12-09 08:41:10.768 W/ActivityManager( 1591): 	at android.app.ActivityManagerNative.onTransact(ActivityManagerNative.java:2410)
12-09 08:41:10.768 W/ActivityManager( 1591): 	at com.android.server.am.ActivityManagerService.onTransact(ActivityManagerService.java:2443)
12-09 08:41:10.768 W/ActivityManager( 1591): 	at android.os.Binder.execTransact(Binder.java:453)
12-09 08:41:10.794 D/AudioFlinger( 1307): mixer(0xf4340000) throttle end: throttle time(28)
12-09 08:41:10.878 W/audio_hw_generic( 1307): Hardware backing HAL too slow, could only write 0 of 661 frames
12-09 08:41:10.894 W/audio_hw_generic( 1307): Hardware backing HAL too slow, could only write 0 of 661 frames
12-09 08:41:10.922 D/AudioFlinger( 1307): mixer(0xf4340000) throttle end: throttle time(10)
12-09 08:41:10.924 W/ActivityManager( 1591): Bad activity token: android.os.BinderProxy@b7e6250
12-09 08:41:10.924 W/ActivityManager( 1591): java.lang.ClassCastException: android.os.BinderProxy cannot be cast to com.android.server.am.ActivityRecord$Token
12-09 08:41:10.924 W/ActivityManager( 1591): 	at com.android.server.am.ActivityRecord.forTokenLocked(ActivityRecord.java:424)
12-09 08:41:10.924 W/ActivityManager( 1591): 	at com.android.server.am.ActivityRecord.isInStackLocked(ActivityRecord.java:1121)
12-09 08:41:10.924 W/ActivityManager( 1591): 	at com.android.server.am.ActivityManagerService.getActivityOptions(ActivityManagerService.java:11038)
12-09 08:41:10.924 W/ActivityManager( 1591): 	at android.app.ActivityManagerNative.onTransact(ActivityManagerNative.java:1734)
12-09 08:41:10.924 W/ActivityManager( 1591): 	at com.android.server.am.ActivityManagerService.onTransact(ActivityManagerService.java:2443)
12-09 08:41:10.924 W/ActivityManager( 1591): 	at android.os.Binder.execTransact(Binder.java:453)
12-09 08:41:10.924 W/ActivityManager( 1591): Bad activity token: android.os.BinderProxy@b7e6250
12-09 08:41:10.924 W/ActivityManager( 1591): java.lang.ClassCastException: android.os.BinderProxy cannot be cast to com.android.server.am.ActivityRecord$Token
12-09 08:41:10.924 W/ActivityManager( 1591): 	at com.android.server.am.ActivityRecord.forTokenLocked(ActivityRecord.java:424)
12-09 08:41:10.924 W/ActivityManager( 1591): 	at com.android.server.am.ActivityRecord.isInStackLocked(ActivityRecord.java:1121)
12-09 08:41:10.924 W/ActivityManager( 1591): 	at com.android.server.am.ActivityManagerService.getActivityOptions(ActivityManagerService.java:11038)
12-09 08:41:10.924 W/ActivityManager( 1591): 	at android.app.ActivityManagerNative.onTransact(ActivityManagerNative.java:1734)
12-09 08:41:10.924 W/ActivityManager( 1591): 	at com.android.server.am.ActivityManagerService.onTransact(ActivityManagerService.java:2443)
12-09 08:41:10.924 W/ActivityManager( 1591): 	at android.os.Binder.execTransact(Binder.java:453)
12-09 08:41:11.050 W/audio_hw_generic( 1307): Not supplying enough data to HAL, expected position 46413883 , only wrote 46413437
12-09 08:41:11.090 W/audio_hw_generic( 1307): Not supplying enough data to HAL, expected position 46415203 , only wrote 46414759
12-09 08:41:11.187 D/Mileage (20093): Not enough fillups to calculate economy
12-09 08:41:11.254 W/audio_hw_generic( 1307): Not supplying enough data to HAL, expected position 46422010 , only wrote 46420708
12-09 08:41:11.254 W/audio_hw_generic( 1307): Not supplying enough data to HAL, expected position 46420714 , only wrote 46420708
12-09 08:41:11.275 W/audio_hw_generic( 1307): Not supplying enough data to HAL, expected position 46421609 , only wrote 46421369
12-09 08:41:11.433 E/SurfaceFlinger( 1218): ro.sf.lcd_density must be defined as a build property
12-09 08:41:11.476 W/audio_hw_generic( 1307): Not supplying enough data to HAL, expected position 46430249 , only wrote 46429962
12-09 08:41:11.476 W/audio_hw_generic( 1307): Not supplying enough data to HAL, expected position 46429968 , only wrote 46429962
12-09 08:41:11.478 D/gralloc_ranchu( 1218): gralloc_alloc: Creating ashmem region of size 3686400
12-09 08:41:11.492 W/audio_hw_generic( 1307): Not supplying enough data to HAL, expected position 46430645 , only wrote 46430623
12-09 08:41:11.520 D/        (20157): HostConnection::get() New Host Connection established 0x7f2169312480, tid 20157
12-09 08:41:11.558 E/EGL_emulation( 1218): tid 1218: eglCreateSyncKHR(1881): error 0x3004 (EGL_BAD_ATTRIBUTE)
12-09 08:41:11.603 W/audio_hw_generic( 1307): Hardware backing HAL too slow, could only write 0 of 661 frames
12-09 08:41:11.603 W/audio_hw_generic( 1307): Hardware backing HAL too slow, could only write 0 of 661 frames
12-09 08:41:11.636 W/audio_hw_generic( 1307): Hardware backing HAL too slow, could only write 0 of 661 frames
12-09 08:41:11.662 W/audio_hw_generic( 1307): Hardware backing HAL too slow, could only write 0 of 661 frames
12-09 08:41:11.663 W/audio_hw_generic( 1307): Hardware backing HAL too slow, could only write 0 of 661 frames
12-09 08:41:11.678 W/audio_hw_generic( 1307): Hardware backing HAL too slow, could only write 0 of 661 frames
12-09 08:41:11.694 W/audio_hw_generic( 1307): Hardware backing HAL too slow, could only write 0 of 661 frames
12-09 08:41:11.791 W/audio_hw_generic( 1307): Not supplying enough data to HAL, expected position 46443830 , only wrote 46441860
12-09 08:41:11.791 W/audio_hw_generic( 1307): Not supplying enough data to HAL, expected position 46441866 , only wrote 46441860
12-09 08:41:11.808 W/audio_hw_generic( 1307): Not supplying enough data to HAL, expected position 46442608 , only wrote 46442521
12-09 08:41:12.214 W/audio_hw_generic( 1307): Not supplying enough data to HAL, expected position 46460402 , only wrote 46459046
12-09 08:41:12.214 W/audio_hw_generic( 1307): Not supplying enough data to HAL, expected position 46459052 , only wrote 46459046
12-09 08:41:12.267 W/audio_hw_generic( 1307): Hardware backing HAL too slow, could only write 0 of 661 frames
12-09 08:41:12.280 W/audio_hw_generic( 1307): Hardware backing HAL too slow, could only write 0 of 661 frames
12-09 08:41:12.308 W/audio_hw_generic( 1307): Hardware backing HAL too slow, could only write 0 of 661 frames
12-09 08:41:12.310 W/audio_hw_generic( 1307): Hardware backing HAL too slow, could only write 0 of 661 frames
12-09 08:41:12.328 W/audio_hw_generic( 1307): Hardware backing HAL too slow, could only write 0 of 661 frames
12-09 08:41:12.362 I/System.out(20093): URI: //gesture
12-09 08:41:12.362 I/System.out(20093): params: {json={"query_timeout":5.0,"gestures":[{"query_string":"android.widget.TabWidget descendant TextView index:3","touches":[{"x":50,"y":50,"offset_x":0,"offset_y":0,"wait":0.0,"time":0.2,"release":true,"query_string":null}]}]}
12-09 08:41:12.362 I/System.out(20093): }
12-09 08:41:12.493 W/audio_hw_generic( 1307): Not supplying enough data to HAL, expected position 46471366 , only wrote 46468961
12-09 08:41:12.509 W/audio_hw_generic( 1307): Not supplying enough data to HAL, expected position 46469665 , only wrote 46468961
12-09 08:41:12.525 W/audio_hw_generic( 1307): Not supplying enough data to HAL, expected position 46469669 , only wrote 46469622
12-09 08:41:12.526 W/audio_hw_generic( 1307): Not supplying enough data to HAL, expected position 46469628 , only wrote 46469622
12-09 08:41:12.526 W/audio_hw_generic( 1307): Hardware backing HAL too slow, could only write 0 of 661 frames
12-09 08:41:12.546 W/audio_hw_generic( 1307): Not supplying enough data to HAL, expected position 46470505 , only wrote 46470283
12-09 08:41:12.546 W/audio_hw_generic( 1307): Hardware backing HAL too slow, could only write 0 of 661 frames
12-09 08:41:12.546 W/audio_hw_generic( 1307): Hardware backing HAL too slow, could only write 0 of 661 frames
12-09 08:41:12.562 W/audio_hw_generic( 1307): Hardware backing HAL too slow, could only write 0 of 661 frames
12-09 08:41:12.577 W/audio_hw_generic( 1307): Hardware backing HAL too slow, could only write 0 of 661 frames
12-09 08:41:12.598 W/audio_hw_generic( 1307): Hardware backing HAL too slow, could only write 0 of 661 frames
12-09 08:41:12.614 W/audio_hw_generic( 1307): Hardware backing HAL too slow, could only write 0 of 661 frames
12-09 08:41:12.626 W/audio_hw_generic( 1307): Hardware backing HAL too slow, could only write 0 of 661 frames
12-09 08:41:12.655 W/audio_hw_generic( 1307): Hardware backing HAL too slow, could only write 0 of 661 frames
12-09 08:41:12.770 W/audio_hw_generic( 1307): Not supplying enough data to HAL, expected position 46480165 , only wrote 46479537
12-09 08:41:12.770 W/audio_hw_generic( 1307): Not supplying enough data to HAL, expected position 46479543 , only wrote 46479537
12-09 08:41:12.809 W/audio_hw_generic( 1307): Not supplying enough data to HAL, expected position 46481253 , only wrote 46480198
12-09 08:41:13.042 I/calabash(20093): newActivity1
12-09 08:41:13.043 W/ActivityManager( 1591): Bad activity token: android.os.BinderProxy@abe8405
12-09 08:41:13.043 W/ActivityManager( 1591): java.lang.ClassCastException: android.os.BinderProxy cannot be cast to com.android.server.am.ActivityRecord$Token
12-09 08:41:13.043 W/ActivityManager( 1591): 	at com.android.server.am.ActivityRecord.forTokenLocked(ActivityRecord.java:424)
12-09 08:41:13.043 W/ActivityManager( 1591): 	at com.android.server.am.ActivityRecord.isInStackLocked(ActivityRecord.java:1121)
12-09 08:41:13.043 W/ActivityManager( 1591): 	at com.android.server.am.ActivityRecord.getStackLocked(ActivityRecord.java:1126)
12-09 08:41:13.043 W/ActivityManager( 1591): 	at com.android.server.am.ActivityManagerService.getActivityDisplayId(ActivityManagerService.java:8889)
12-09 08:41:13.043 W/ActivityManager( 1591): 	at android.app.ActivityManagerNative.onTransact(ActivityManagerNative.java:2338)
12-09 08:41:13.043 W/ActivityManager( 1591): 	at com.android.server.am.ActivityManagerService.onTransact(ActivityManagerService.java:2443)
12-09 08:41:13.043 W/ActivityManager( 1591): 	at android.os.Binder.execTransact(Binder.java:453)
12-09 08:41:13.053 W/ActivityManager( 1591): Bad activity token: android.os.BinderProxy@abe8405
12-09 08:41:13.053 W/ActivityManager( 1591): java.lang.ClassCastException: android.os.BinderProxy cannot be cast to com.android.server.am.ActivityRecord$Token
12-09 08:41:13.053 W/ActivityManager( 1591): 	at com.android.server.am.ActivityRecord.forTokenLocked(ActivityRecord.java:424)
12-09 08:41:13.053 W/ActivityManager( 1591): 	at com.android.server.am.ActivityRecord.isInStackLocked(ActivityRecord.java:1121)
12-09 08:41:13.053 W/ActivityManager( 1591): 	at com.android.server.am.ActivityManagerService.setTaskDescription(ActivityManagerService.java:8547)
12-09 08:41:13.053 W/ActivityManager( 1591): 	at android.app.ActivityManagerNative.onTransact(ActivityManagerNative.java:2410)
12-09 08:41:13.053 W/ActivityManager( 1591): 	at com.android.server.am.ActivityManagerService.onTransact(ActivityManagerService.java:2443)
12-09 08:41:13.053 W/ActivityManager( 1591): 	at android.os.Binder.execTransact(Binder.java:453)
12-09 08:41:13.116 W/ActivityManager( 1591): Bad activity token: android.os.BinderProxy@abe8405
12-09 08:41:13.116 W/ActivityManager( 1591): java.lang.ClassCastException: android.os.BinderProxy cannot be cast to com.android.server.am.ActivityRecord$Token
12-09 08:41:13.116 W/ActivityManager( 1591): 	at com.android.server.am.ActivityRecord.forTokenLocked(ActivityRecord.java:424)
12-09 08:41:13.116 W/ActivityManager( 1591): 	at com.android.server.am.ActivityRecord.isInStackLocked(ActivityRecord.java:1121)
12-09 08:41:13.116 W/ActivityManager( 1591): 	at com.android.server.am.ActivityManagerService.getActivityOptions(ActivityManagerService.java:11038)
12-09 08:41:13.116 W/ActivityManager( 1591): 	at android.app.ActivityManagerNative.onTransact(ActivityManagerNative.java:1734)
12-09 08:41:13.116 W/ActivityManager( 1591): 	at com.android.server.am.ActivityManagerService.onTransact(ActivityManagerService.java:2443)
12-09 08:41:13.116 W/ActivityManager( 1591): 	at android.os.Binder.execTransact(Binder.java:453)
12-09 08:41:13.127 W/ActivityManager( 1591): Bad activity token: android.os.BinderProxy@abe8405
12-09 08:41:13.127 W/ActivityManager( 1591): java.lang.ClassCastException: android.os.BinderProxy cannot be cast to com.android.server.am.ActivityRecord$Token
12-09 08:41:13.127 W/ActivityManager( 1591): 	at com.android.server.am.ActivityRecord.forTokenLocked(ActivityRecord.java:424)
12-09 08:41:13.127 W/ActivityManager( 1591): 	at com.android.server.am.ActivityRecord.isInStackLocked(ActivityRecord.java:1121)
12-09 08:41:13.127 W/ActivityManager( 1591): 	at com.android.server.am.ActivityManagerService.getActivityOptions(ActivityManagerService.java:11038)
12-09 08:41:13.127 W/ActivityManager( 1591): 	at android.app.ActivityManagerNative.onTransact(ActivityManagerNative.java:1734)
12-09 08:41:13.127 W/ActivityManager( 1591): 	at com.android.server.am.ActivityManagerService.onTransact(ActivityManagerService.java:2443)
12-09 08:41:13.127 W/ActivityManager( 1591): 	at android.os.Binder.execTransact(Binder.java:453)
12-09 08:41:13.211 D/AudioFlinger( 1307): mixer(0xf4340000) throttle end: throttle time(21)
12-09 08:41:13.302 W/audio_hw_generic( 1307): Not supplying enough data to HAL, expected position 46501928 , only wrote 46499367
12-09 08:41:13.302 W/audio_hw_generic( 1307): Not supplying enough data to HAL, expected position 46499373 , only wrote 46499367
12-09 08:41:13.308 W/CursorWrapperInner(20093): Cursor finalized without prior close()
12-09 08:41:13.308 I/art     (20093): Background sticky concurrent mark sweep GC freed 54448(2MB) AllocSpace objects, 3(60KB) LOS objects, 31% free, 3MB/4MB, paused 992us total 263.046ms
12-09 08:41:13.366 W/audio_hw_generic( 1307): Not supplying enough data to HAL, expected position 46502217 , only wrote 46500028
12-09 08:41:13.668 E/SurfaceFlinger( 1218): ro.sf.lcd_density must be defined as a build property
12-09 08:41:13.668 D/gralloc_ranchu( 1218): gralloc_alloc: Creating ashmem region of size 3686400
12-09 08:41:13.698 D/        (20162): HostConnection::get() New Host Connection established 0x7f8f3aa12480, tid 20162
12-09 08:41:13.722 E/EGL_emulation( 1218): tid 1218: eglCreateSyncKHR(1881): error 0x3004 (EGL_BAD_ATTRIBUTE)
12-09 08:41:13.942 W/audio_hw_generic( 1307): Not supplying enough data to HAL, expected position 46525433 , only wrote 46525146
12-09 08:41:14.490 W/audio_hw_generic( 1307): Not supplying enough data to HAL, expected position 46549278 , only wrote 46548942
12-09 08:41:14.490 W/audio_hw_generic( 1307): Not supplying enough data to HAL, expected position 46548949 , only wrote 46548942
12-09 08:41:14.514 W/audio_hw_generic( 1307): Not supplying enough data to HAL, expected position 46549999 , only wrote 46549603
12-09 08:41:14.544 I/System.out(20093): URI: //gesture
12-09 08:41:14.550 I/System.out(20093): params: {json={"query_timeout":5.0,"gestures":[{"query_string":"android.widget.TabWidget descendant TextView index:2","touches":[{"x":50,"y":50,"offset_x":0,"offset_y":0,"wait":0.0,"time":0.2,"release":true,"query_string":null}]}]}
12-09 08:41:14.550 I/System.out(20093): }
12-09 08:41:14.650 W/audio_hw_generic( 1307): Not supplying enough data to HAL, expected position 46555597 , only wrote 46555552
12-09 08:41:14.810 W/audio_hw_generic( 1307): Not supplying enough data to HAL, expected position 46562604 , only wrote 46559518
12-09 08:41:14.830 W/audio_hw_generic( 1307): Hardware backing HAL too slow, could only write 0 of 661 frames
12-09 08:41:14.872 W/audio_hw_generic( 1307): Hardware backing HAL too slow, could only write 0 of 661 frames
12-09 08:41:14.873 W/audio_hw_generic( 1307): Not supplying enough data to HAL, expected position 46562291 , only wrote 46562162
12-09 08:41:14.873 W/audio_hw_generic( 1307): Not supplying enough data to HAL, expected position 46562167 , only wrote 46562162
12-09 08:41:14.873 W/audio_hw_generic( 1307): Hardware backing HAL too slow, could only write 0 of 661 frames
12-09 08:41:14.890 W/audio_hw_generic( 1307): Not supplying enough data to HAL, expected position 46562908 , only wrote 46562823
12-09 08:41:14.890 W/audio_hw_generic( 1307): Hardware backing HAL too slow, could only write 0 of 661 frames
12-09 08:41:14.890 W/audio_hw_generic( 1307): Hardware backing HAL too slow, could only write 0 of 661 frames
12-09 08:41:14.966 W/audio_hw_generic( 1307): Not supplying enough data to HAL, expected position 46566199 , only wrote 46564145
12-09 08:41:15.154 W/audio_hw_generic( 1307): Not supplying enough data to HAL, expected position 46572413 , only wrote 46569433
12-09 08:41:15.157 W/audio_hw_generic( 1307): Not supplying enough data to HAL, expected position 46569597 , only wrote 46569433
12-09 08:41:15.234 W/audio_hw_generic( 1307): Not supplying enough data to HAL, expected position 46572808 , only wrote 46570755
12-09 08:41:15.304 W/audio_hw_generic( 1307): Hardware backing HAL too slow, could only write 0 of 661 frames
12-09 08:41:15.304 W/audio_hw_generic( 1307): Not supplying enough data to HAL, expected position 46573828 , only wrote 46573399
12-09 08:41:15.304 W/audio_hw_generic( 1307): Not supplying enough data to HAL, expected position 46573404 , only wrote 46573399
12-09 08:41:15.314 I/calabash(20093): newActivity1
12-09 08:41:15.315 W/ActivityManager( 1591): Bad activity token: android.os.BinderProxy@35ec5a
12-09 08:41:15.315 W/ActivityManager( 1591): java.lang.ClassCastException: android.os.BinderProxy cannot be cast to com.android.server.am.ActivityRecord$Token
12-09 08:41:15.315 W/ActivityManager( 1591): 	at com.android.server.am.ActivityRecord.forTokenLocked(ActivityRecord.java:424)
12-09 08:41:15.315 W/ActivityManager( 1591): 	at com.android.server.am.ActivityRecord.isInStackLocked(ActivityRecord.java:1121)
12-09 08:41:15.315 W/ActivityManager( 1591): 	at com.android.server.am.ActivityRecord.getStackLocked(ActivityRecord.java:1126)
12-09 08:41:15.315 W/ActivityManager( 1591): 	at com.android.server.am.ActivityManagerService.getActivityDisplayId(ActivityManagerService.java:8889)
12-09 08:41:15.315 W/ActivityManager( 1591): 	at android.app.ActivityManagerNative.onTransact(ActivityManagerNative.java:2338)
12-09 08:41:15.315 W/ActivityManager( 1591): 	at com.android.server.am.ActivityManagerService.onTransact(ActivityManagerService.java:2443)
12-09 08:41:15.315 W/ActivityManager( 1591): 	at android.os.Binder.execTransact(Binder.java:453)
12-09 08:41:15.315 W/ActivityManager( 1591): Bad activity token: android.os.BinderProxy@35ec5a
12-09 08:41:15.315 W/ActivityManager( 1591): java.lang.ClassCastException: android.os.BinderProxy cannot be cast to com.android.server.am.ActivityRecord$Token
12-09 08:41:15.315 W/ActivityManager( 1591): 	at com.android.server.am.ActivityRecord.forTokenLocked(ActivityRecord.java:424)
12-09 08:41:15.315 W/ActivityManager( 1591): 	at com.android.server.am.ActivityRecord.isInStackLocked(ActivityRecord.java:1121)
12-09 08:41:15.315 W/ActivityManager( 1591): 	at com.android.server.am.ActivityManagerService.setTaskDescription(ActivityManagerService.java:8547)
12-09 08:41:15.315 W/ActivityManager( 1591): 	at android.app.ActivityManagerNative.onTransact(ActivityManagerNative.java:2410)
12-09 08:41:15.315 W/ActivityManager( 1591): 	at com.android.server.am.ActivityManagerService.onTransact(ActivityManagerService.java:2443)
12-09 08:41:15.315 W/ActivityManager( 1591): 	at android.os.Binder.execTransact(Binder.java:453)
12-09 08:41:15.346 W/audio_hw_generic( 1307): Not supplying enough data to HAL, expected position 46575244 , only wrote 46574060
12-09 08:41:15.364 W/audio_hw_generic( 1307): Not supplying enough data to HAL, expected position 46574850 , only wrote 46574721
12-09 08:41:15.398 W/audio_hw_generic( 1307): Not supplying enough data to HAL, expected position 46576236 , only wrote 46576043
12-09 08:41:15.428 D/VehicleStatisticsActivity(20093): Checking recalculation ...
12-09 08:41:15.428 D/VehicleStatisticsActivity(20093): Recalculation not necessary.
12-09 08:41:15.431 W/ActivityManager( 1591): Bad activity token: android.os.BinderProxy@35ec5a
12-09 08:41:15.431 W/ActivityManager( 1591): java.lang.ClassCastException: android.os.BinderProxy cannot be cast to com.android.server.am.ActivityRecord$Token
12-09 08:41:15.431 W/ActivityManager( 1591): 	at com.android.server.am.ActivityRecord.forTokenLocked(ActivityRecord.java:424)
12-09 08:41:15.431 W/ActivityManager( 1591): 	at com.android.server.am.ActivityRecord.isInStackLocked(ActivityRecord.java:1121)
12-09 08:41:15.431 W/ActivityManager( 1591): 	at com.android.server.am.ActivityManagerService.getActivityOptions(ActivityManagerService.java:11038)
12-09 08:41:15.431 W/ActivityManager( 1591): 	at android.app.ActivityManagerNative.onTransact(ActivityManagerNative.java:1734)
12-09 08:41:15.431 W/ActivityManager( 1591): 	at com.android.server.am.ActivityManagerService.onTransact(ActivityManagerService.java:2443)
12-09 08:41:15.431 W/ActivityManager( 1591): 	at android.os.Binder.execTransact(Binder.java:453)
12-09 08:41:15.468 I/art     (20093): Background sticky concurrent mark sweep GC freed 41513(1764KB) AllocSpace objects, 1(20KB) LOS objects, 20% free, 3MB/4MB, paused 2.491ms total 108.905ms
12-09 08:41:15.469 W/ActivityManager( 1591): Bad activity token: android.os.BinderProxy@35ec5a
12-09 08:41:15.469 W/ActivityManager( 1591): java.lang.ClassCastException: android.os.BinderProxy cannot be cast to com.android.server.am.ActivityRecord$Token
12-09 08:41:15.469 W/ActivityManager( 1591): 	at com.android.server.am.ActivityRecord.forTokenLocked(ActivityRecord.java:424)
12-09 08:41:15.469 W/ActivityManager( 1591): 	at com.android.server.am.ActivityRecord.isInStackLocked(ActivityRecord.java:1121)
12-09 08:41:15.469 W/ActivityManager( 1591): 	at com.android.server.am.ActivityManagerService.getActivityOptions(ActivityManagerService.java:11038)
12-09 08:41:15.469 W/ActivityManager( 1591): 	at android.app.ActivityManagerNative.onTransact(ActivityManagerNative.java:1734)
12-09 08:41:15.469 W/ActivityManager( 1591): 	at com.android.server.am.ActivityManagerService.onTransact(ActivityManagerService.java:2443)
12-09 08:41:15.469 W/ActivityManager( 1591): 	at android.os.Binder.execTransact(Binder.java:453)
12-09 08:41:15.470 D/AudioFlinger( 1307): mixer(0xf4340000) throttle end: throttle time(26)
12-09 08:41:15.473 D/VehicleStatisticsActivity(20093): Checking recalculation ...
12-09 08:41:15.479 D/VehicleStatisticsActivity(20093): Recalculation not necessary.
12-09 08:41:15.584 W/audio_hw_generic( 1307): Not supplying enough data to HAL, expected position 46584259 , only wrote 46583314
12-09 08:41:15.717 W/audio_hw_generic( 1307): Not supplying enough data to HAL, expected position 46589173 , only wrote 46588602
12-09 08:41:15.720 W/audio_hw_generic( 1307): Not supplying enough data to HAL, expected position 46588608 , only wrote 46588602
12-09 08:41:15.764 W/audio_hw_generic( 1307): Not supplying enough data to HAL, expected position 46590652 , only wrote 46589263
12-09 08:41:15.820 D/hwcomposer( 1218): hw_composer sent 820 syncs in 60s
12-09 08:41:15.934 E/SurfaceFlinger( 1218): ro.sf.lcd_density must be defined as a build property
12-09 08:41:15.934 D/gralloc_ranchu( 1218): gralloc_alloc: Creating ashmem region of size 3686400
12-09 08:41:15.965 D/        (20167): HostConnection::get() New Host Connection established 0x7fc177152480, tid 20167
12-09 08:41:15.990 E/EGL_emulation( 1218): tid 1218: eglCreateSyncKHR(1881): error 0x3004 (EGL_BAD_ATTRIBUTE)
12-09 08:41:16.004 W/audio_hw_generic( 1307): Not supplying enough data to HAL, expected position 46599855 , only wrote 46599839
12-09 08:41:16.014 W/audio_hw_generic( 1307): Not supplying enough data to HAL, expected position 46600267 , only wrote 46599839
12-09 08:41:16.036 W/audio_hw_generic( 1307): Not supplying enough data to HAL, expected position 46600826 , only wrote 46600500
12-09 08:41:16.078 W/audio_hw_generic( 1307): Hardware backing HAL too slow, could only write 0 of 661 frames
12-09 08:41:16.170 W/audio_hw_generic( 1307): Not supplying enough data to HAL, expected position 46606399 , only wrote 46605127
12-09 08:41:16.170 W/audio_hw_generic( 1307): Not supplying enough data to HAL, expected position 46605133 , only wrote 46605127
12-09 08:41:16.193 W/audio_hw_generic( 1307): Not supplying enough data to HAL, expected position 46606149 , only wrote 46605788
12-09 08:41:16.739 W/audio_hw_generic( 1307): Not supplying enough data to HAL, expected position 46629841 , only wrote 46628923
12-09 08:41:16.739 W/audio_hw_generic( 1307): Not supplying enough data to HAL, expected position 46628933 , only wrote 46628923
12-09 08:41:16.815 W/audio_hw_generic( 1307): Not supplying enough data to HAL, expected position 46632261 , only wrote 46632228
12-09 08:41:16.924 W/audio_hw_generic( 1307): Not supplying enough data to HAL, expected position 46637062 , only wrote 46636194
12-09 08:41:16.925 I/System.out(20093): URI: //gesture
12-09 08:41:16.925 I/System.out(20093): params: {json={"query_timeout":5.0,"gestures":[{"query_string":"android.widget.TabWidget descendant TextView index:0","touches":[{"x":50,"y":50,"offset_x":0,"offset_y":0,"wait":0.0,"time":0.2,"release":true,"query_string":null}]}]}
12-09 08:41:16.925 I/System.out(20093): }
12-09 08:41:17.171 W/audio_hw_generic( 1307): Not supplying enough data to HAL, expected position 46647090 , only wrote 46644787
12-09 08:41:17.202 W/audio_hw_generic( 1307): Not supplying enough data to HAL, expected position 46646141 , only wrote 46646109
12-09 08:41:17.288 W/audio_hw_generic( 1307): Not supplying enough data to HAL, expected position 46649908 , only wrote 46649414
12-09 08:41:17.288 W/audio_hw_generic( 1307): Not supplying enough data to HAL, expected position 46649420 , only wrote 46649414
12-09 08:41:17.502 W/audio_hw_generic( 1307): Not supplying enough data to HAL, expected position 46658831 , only wrote 46656685
12-09 08:41:17.502 W/audio_hw_generic( 1307): Not supplying enough data to HAL, expected position 46656691 , only wrote 46656685
12-09 08:41:17.626 W/audio_hw_generic( 1307): Not supplying enough data to HAL, expected position 46662142 , only wrote 46657346
12-09 08:41:17.659 I/art     (20093): Background sticky concurrent mark sweep GC freed 32760(1508KB) AllocSpace objects, 0(0B) LOS objects, 23% free, 3MB/4MB, paused 1.179ms total 112.520ms
12-09 08:41:17.770 W/audio_hw_generic( 1307): Not supplying enough data to HAL, expected position 46663705 , only wrote 46661312
12-09 08:41:17.770 W/audio_hw_generic( 1307): Not supplying enough data to HAL, expected position 46661318 , only wrote 46661312
12-09 08:41:17.770 D/AudioFlinger( 1307): mixer(0xf4340000) throttle end: throttle time(9)
12-09 08:41:17.788 W/audio_hw_generic( 1307): Not supplying enough data to HAL, expected position 46662084 , only wrote 46661973
12-09 08:41:17.890 W/audio_hw_generic( 1307): Hardware backing HAL too slow, could only write 0 of 661 frames
12-09 08:41:17.890 W/audio_hw_generic( 1307): Not supplying enough data to HAL, expected position 46666479 , only wrote 46665278
12-09 08:41:17.890 W/audio_hw_generic( 1307): Not supplying enough data to HAL, expected position 46665287 , only wrote 46665278
12-09 08:41:17.890 W/audio_hw_generic( 1307): Hardware backing HAL too slow, could only write 0 of 661 frames
12-09 08:41:17.998 W/audio_hw_generic( 1307): Not supplying enough data to HAL, expected position 46670022 , only wrote 46669905
12-09 08:41:17.998 W/audio_hw_generic( 1307): Not supplying enough data to HAL, expected position 46669911 , only wrote 46669905
12-09 08:41:18.020 W/audio_hw_generic( 1307): Not supplying enough data to HAL, expected position 46670897 , only wrote 46670566
12-09 08:41:18.112 W/audio_hw_generic( 1307): Not supplying enough data to HAL, expected position 46674614 , only wrote 46674532
12-09 08:41:18.142 W/audio_hw_generic( 1307): Not supplying enough data to HAL, expected position 46675871 , only wrote 46675854
12-09 08:41:18.225 E/SurfaceFlinger( 1218): ro.sf.lcd_density must be defined as a build property
12-09 08:41:18.337 D/gralloc_ranchu( 1218): gralloc_alloc: Creating ashmem region of size 3686400
12-09 08:41:18.362 D/        (20172): HostConnection::get() New Host Connection established 0x7f1571112480, tid 20172
12-09 08:41:18.397 E/EGL_emulation( 1218): tid 1218: eglCreateSyncKHR(1881): error 0x3004 (EGL_BAD_ATTRIBUTE)
12-09 08:41:18.398 W/audio_hw_generic( 1307): Not supplying enough data to HAL, expected position 46687144 , only wrote 46687091
12-09 08:41:18.399 W/audio_hw_generic( 1307): Not supplying enough data to HAL, expected position 46687097 , only wrote 46687091
12-09 08:41:18.478 W/audio_hw_generic( 1307): Hardware backing HAL too slow, could only write 0 of 661 frames
12-09 08:41:18.490 W/audio_hw_generic( 1307): Hardware backing HAL too slow, could only write 0 of 661 frames
12-09 08:41:18.611 W/audio_hw_generic( 1307): Not supplying enough data to HAL, expected position 46696463 , only wrote 46696345
12-09 08:41:18.611 W/audio_hw_generic( 1307): Not supplying enough data to HAL, expected position 46696351 , only wrote 46696345
12-09 08:41:18.626 W/audio_hw_generic( 1307): Hardware backing HAL too slow, could only write 0 of 661 frames
12-09 08:41:18.626 W/audio_hw_generic( 1307): Hardware backing HAL too slow, could only write 0 of 661 frames
12-09 08:41:18.789 W/audio_hw_generic( 1307): Not supplying enough data to HAL, expected position 46704161 , only wrote 46703616
12-09 08:41:18.789 W/audio_hw_generic( 1307): Not supplying enough data to HAL, expected position 46703622 , only wrote 46703616
12-09 08:41:18.840 W/audio_hw_generic( 1307): Not supplying enough data to HAL, expected position 46705886 , only wrote 46705599
12-09 08:41:19.050 W/audio_hw_generic( 1307): Hardware backing HAL too slow, could only write 0 of 661 frames
12-09 08:41:19.050 W/audio_hw_generic( 1307): Not supplying enough data to HAL, expected position 46714866 , only wrote 46714853
12-09 08:41:19.050 W/audio_hw_generic( 1307): Not supplying enough data to HAL, expected position 46714859 , only wrote 46714853
12-09 08:41:19.070 W/audio_hw_generic( 1307): Not supplying enough data to HAL, expected position 46715705 , only wrote 46715514
12-09 08:41:19.234 W/audio_hw_generic( 1307): Hardware backing HAL too slow, could only write 0 of 661 frames
12-09 08:41:19.246 W/audio_hw_generic( 1307): Hardware backing HAL too slow, could only write 0 of 661 frames
12-09 08:41:19.266 W/audio_hw_generic( 1307): Hardware backing HAL too slow, could only write 0 of 661 frames
12-09 08:41:19.266 W/audio_hw_generic( 1307): Not supplying enough data to HAL, expected position 46724164 , only wrote 46724107
12-09 08:41:19.266 W/audio_hw_generic( 1307): Not supplying enough data to HAL, expected position 46724116 , only wrote 46724107
12-09 08:41:19.266 W/audio_hw_generic( 1307): Hardware backing HAL too slow, could only write 0 of 661 frames
12-09 08:41:19.282 W/audio_hw_generic( 1307): Not supplying enough data to HAL, expected position 46724791 , only wrote 46724768
12-09 08:41:19.282 W/audio_hw_generic( 1307): Hardware backing HAL too slow, could only write 0 of 661 frames
12-09 08:41:19.302 W/audio_hw_generic( 1307): Hardware backing HAL too slow, could only write 0 of 661 frames
12-09 08:41:19.317 W/audio_hw_generic( 1307): Hardware backing HAL too slow, could only write 0 of 661 frames
