--------- beginning of main
12-09 08:24:20.882 D/AndroidRuntime(16237): >>>>>> START com.android.internal.os.RuntimeInit uid 0 <<<<<<
12-09 08:24:20.898 D/AndroidRuntime(16237): CheckJNI is ON
12-09 08:24:20.957 D/ICU     (16237): No timezone override file found: /data/misc/zoneinfo/current/icu/icu_tzdata.dat
12-09 08:24:21.212 E/memtrack(16237): Couldn't load memtrack module (No such file or directory)
12-09 08:24:21.221 E/android.os.Debug(16237): failed to load memtrack module: -2
12-09 08:24:21.222 I/Radio-JNI(16237): register_android_hardware_Radio DONE
12-09 08:24:21.237 D/AndroidRuntime(16237): Calling main entry com.android.commands.am.Am
--------- beginning of system
12-09 08:24:21.253 I/ActivityManager( 1592): Force stopping com.evancharlton.mileage appid=10135 user=0: start instr
12-09 08:24:21.261 I/ActivityManager( 1592): Killing 16218:com.evancharlton.mileage/u0a135 (adj 0): stop com.evancharlton.mileage
12-09 08:24:21.385 W/ActivityManager( 1592): Crash of app com.evancharlton.mileage running instrumentation ComponentInfo{com.evancharlton.mileage.test/sh.calaba.instrumentationbackend.ClearAppData2}
12-09 08:24:21.392 I/ActivityManager( 1592): Force stopping com.evancharlton.mileage appid=10135 user=0: finished inst
12-09 08:24:21.443 I/ActivityManager( 1592): Start proc 16246:com.evancharlton.mileage/u0a135 for added application com.evancharlton.mileage
12-09 08:24:21.449 D/AndroidRuntime(16237): Shutting down VM
12-09 08:24:21.453 W/ActivityManager( 1592): Spurious death for ProcessRecord{a317754 0:com.evancharlton.mileage/u0a135}, curProc for 16218: null
12-09 08:24:21.592 W/System  (16246): ClassLoader referenced unknown path: /data/app/com.evancharlton.mileage.test-1/lib/x86_64
12-09 08:24:21.596 W/System  (16246): ClassLoader referenced unknown path: /data/app/com.evancharlton.mileage-1/lib/x86_64
12-09 08:24:21.657 I/System.out(16246): Main activity name automatically set to: com.evancharlton.mileage.Mileage
12-09 08:24:21.657 I/System.out(16246): Calabash did not load Mono. This is only a problem if you are trying to test a Mono application
12-09 08:24:21.657 I/calabash(16246): Test server port: 7102
12-09 08:24:21.658 I/InstrumentationBackend(16246): Added:'GetPreferences', with key:'get_preferences'
12-09 08:24:21.749 I/InstrumentationBackend(16246): Added:'SetPreferences', with key:'set_preferences'
12-09 08:24:21.749 I/InstrumentationBackend(16246): Added:'ClearPreferences', with key:'clear_preferences'
12-09 08:24:21.750 I/InstrumentationBackend(16246): Added:'PressElement', with key:'press_l10n_element'
12-09 08:24:21.750 I/InstrumentationBackend(16246): Added:'WaitForElement', with key:'wait_for_l10n_element'
12-09 08:24:21.750 I/InstrumentationBackend(16246): Added:'NullAction', with key:'nullAction'
12-09 08:24:21.750 I/InstrumentationBackend(16246): Added:'PressKey', with key:'press_key'
12-09 08:24:21.751 I/InstrumentationBackend(16246): Added:'SetActivityOrientation', with key:'set_activity_orientation'
12-09 08:24:21.751 I/InstrumentationBackend(16246): Added:'GetActivityOrientation', with key:'get_activity_orientation'
12-09 08:24:21.751 I/InstrumentationBackend(16246): Added:'FakeGPSLocation', with key:'set_gps_coordinates'
12-09 08:24:21.751 I/InstrumentationBackend(16246): Added:'SetPropertyByCssSelector', with key:'set_property_by_css_selector'
12-09 08:24:21.751 I/InstrumentationBackend(16246): Added:'GetUrl', with key:'get_url'
12-09 08:24:21.753 I/InstrumentationBackend(16246): Added:'ScrollTo', with key:'scroll_to'
12-09 08:24:21.756 I/InstrumentationBackend(16246): Added:'GetLoadProgress', with key:'get_load_progress'
12-09 08:24:21.757 I/InstrumentationBackend(16246): Added:'DumpHtml', with key:'dump_html'
12-09 08:24:21.757 I/InstrumentationBackend(16246): Added:'DumpBodyHtml', with key:'dump_body_html'
12-09 08:24:21.757 I/InstrumentationBackend(16246): Added:'EnterTextByCssSelector', with key:'enter_text_by_selector'
12-09 08:24:21.758 I/InstrumentationBackend(16246): Added:'AndroidSDKVersion', with key:'android_sdk_version'
12-09 08:24:21.758 I/InstrumentationBackend(16246): Added:'Version', with key:'version'
12-09 08:24:21.758 I/InstrumentationBackend(16246): Added:'Drag', with key:'drag'
12-09 08:24:21.759 I/InstrumentationBackend(16246): Added:'TouchCoordinates', with key:'touch_coordinate'
12-09 08:24:21.759 I/InstrumentationBackend(16246): Added:'LongPressCoordinate', with key:'long_press_coordinate'
12-09 08:24:21.759 I/InstrumentationBackend(16246): Added:'DragCoordinates', with key:'drag_coordinates'
12-09 08:24:21.759 I/InstrumentationBackend(16246): Added:'ResumeApplication', with key:'resume_application'
12-09 08:24:21.759 I/InstrumentationBackend(16246): Added:'Swipe', with key:'swipe'
12-09 08:24:21.759 I/InstrumentationBackend(16246): Added:'DoubleTapCoordinate', with key:'double_tap_coordinate'
12-09 08:24:21.760 I/InstrumentationBackend(16246): Added:'ClickOnScreen', with key:'click_on_screen'
12-09 08:24:21.760 I/InstrumentationBackend(16246): Added:'GetActivityName', with key:'get_activity_name'
12-09 08:24:21.761 I/InstrumentationBackend(16246): Added:'ScrollToView', with key:'scroll_to_view'
12-09 08:24:21.782 I/InstrumentationBackend(16246): Added:'ViewConfiguration', with key:'view_configuration'
12-09 08:24:21.782 I/InstrumentationBackend(16246): Added:'IsCurrentActivityFocused', with key:'is_current_activity_focused'
12-09 08:24:21.783 I/InstrumentationBackend(16246): Added:'SendTcp', with key:'send_tcp'
12-09 08:24:21.783 I/InstrumentationBackend(16246): Added:'DpToDevicePixel', with key:'dp_to_device_pixel'
12-09 08:24:21.783 I/InstrumentationBackend(16246): Added:'KeyboardEnterText', with key:'keyboard_enter_text'
12-09 08:24:21.783 I/InstrumentationBackend(16246): Added:'DeleteSurroundingText', with key:'delete_surrounding_text'
12-09 08:24:21.784 I/InstrumentationBackend(16246): Added:'SetComposingRegion', with key:'set_composing_region'
12-09 08:24:21.784 I/InstrumentationBackend(16246): Added:'SetSelection', with key:'set_selection'
12-09 08:24:21.784 I/InstrumentationBackend(16246): Added:'KeyboardKeyEvent', with key:'keyboard_key_event'
12-09 08:24:21.786 I/InstrumentationBackend(16246): Added:'PressUserActionButton', with key:'press_user_action_button'
12-09 08:24:21.786 I/InstrumentationBackend(16246): Added:'HideSoftKeyboard', with key:'hide_soft_keyboard'
12-09 08:24:21.787 I/InstrumentationBackend(16246): Added:'ListActions', with key:'list_actions'
12-09 08:24:21.787 I/calabash(16246): Instantiating http server at 7102
12-09 08:24:21.788 I/System.out(16246): HTTP Daemon listening on: 7102
12-09 08:24:21.878 I/System.out(16246): URI: //ping
12-09 08:24:21.878 I/System.out(16246): params: {json={}
12-09 08:24:21.878 I/System.out(16246): }
12-09 08:24:21.977 I/System.out(16246): URI: //ping
12-09 08:24:21.978 I/System.out(16246): params: {json={}
12-09 08:24:21.978 I/System.out(16246): }
12-09 08:24:22.030 I/System.out(16246): URI: //ready
12-09 08:24:22.030 I/System.out(16246): params: {json={}
12-09 08:24:22.030 I/System.out(16246): }
12-09 08:24:22.071 I/System.out(16246): URI: //
12-09 08:24:22.071 I/System.out(16246): params: {json={"command":"version","arguments":[]}
12-09 08:24:22.071 I/System.out(16246): }
12-09 08:24:22.071 I/System.out(16246): header: {date=Sun, 09 Dec 2018 08:24:22 GMT, accept=*/*, content-length=36, host=127.0.0.1:34777, user-agent=HTTPClient/1.0 (2.8.3, ruby 2.3.1 (2016-04-26)), content-type=application/json;charset=utf-8}
12-09 08:24:22.071 I/System.out(16246): params: {json={"command":"version","arguments":[]}
12-09 08:24:22.071 I/System.out(16246): }
12-09 08:24:22.071 I/System.out(16246): ProP json = {"command":"version","arguments":[]}
12-09 08:24:22.071 I/System.out(16246): files: {}
12-09 08:24:22.071 I/System.out(16246): command: {"command":"version","arguments":[]}
12-09 08:24:22.181 I/InstrumentationBackend(16246): Got command:'Command:'Line:null,version', arguments:'[]'
12-09 08:24:22.260 I/System.out(16246): result:{"bonusInformation":[],"message":"0.9.8","success":true}
12-09 08:24:22.353 I/System.out(16246): URI: //start-application
12-09 08:24:22.353 I/System.out(16246): params: {json={"intent":null}
12-09 08:24:22.353 I/System.out(16246): }
12-09 08:24:22.421 W/art     (16246): Suspending all threads took: 7.934ms
12-09 08:24:22.457 I/art     (16246): Background sticky concurrent mark sweep GC freed 14260(659KB) AllocSpace objects, 3(60KB) LOS objects, 35% free, 1391KB/2MB, paused 16.728ms total 89.383ms
12-09 08:24:22.593 I/ActivityManager( 1592): START u0 {act=android.intent.action.MAIN cat=[android.intent.category.LAUNCHER] flg=0x10200000 cmp=com.evancharlton.mileage/.Mileage} from uid 10135 on display 0
12-09 08:24:22.761 W/art     ( 1592): Long monitor contention event with owner method=int com.android.server.wm.WindowManagerService.relayoutWindow(com.android.server.wm.Session, android.view.IWindow, int, android.view.WindowManager$LayoutParams, int, int, int, int, android.graphics.Rect, android.graphics.Rect, android.graphics.Rect, android.graphics.Rect, android.graphics.Rect, android.graphics.Rect, android.content.res.Configuration, android.view.Surface) from WindowManagerService.java:3103 waiters=0 for 129ms
12-09 08:24:22.762 D/gralloc_ranchu( 1218): gralloc_alloc: Creating ashmem region of size 3686400
12-09 08:24:22.763 I/calabash(16246): newActivity1
12-09 08:24:22.934 I/calabash(16246): newActivity1
12-09 08:24:22.936 W/ActivityManager( 1592): Bad activity token: android.os.BinderProxy@bb8f39f
12-09 08:24:22.936 W/ActivityManager( 1592): java.lang.ClassCastException: android.os.BinderProxy cannot be cast to com.android.server.am.ActivityRecord$Token
12-09 08:24:22.936 W/ActivityManager( 1592): 	at com.android.server.am.ActivityRecord.forTokenLocked(ActivityRecord.java:424)
12-09 08:24:22.936 W/ActivityManager( 1592): 	at com.android.server.am.ActivityRecord.isInStackLocked(ActivityRecord.java:1121)
12-09 08:24:22.936 W/ActivityManager( 1592): 	at com.android.server.am.ActivityRecord.getStackLocked(ActivityRecord.java:1126)
12-09 08:24:22.936 W/ActivityManager( 1592): 	at com.android.server.am.ActivityManagerService.getActivityDisplayId(ActivityManagerService.java:8889)
12-09 08:24:22.936 W/ActivityManager( 1592): 	at android.app.ActivityManagerNative.onTransact(ActivityManagerNative.java:2338)
12-09 08:24:22.936 W/ActivityManager( 1592): 	at com.android.server.am.ActivityManagerService.onTransact(ActivityManagerService.java:2443)
12-09 08:24:22.936 W/ActivityManager( 1592): 	at android.os.Binder.execTransact(Binder.java:453)
12-09 08:24:22.945 W/ActivityManager( 1592): Bad activity token: android.os.BinderProxy@bb8f39f
12-09 08:24:22.945 W/ActivityManager( 1592): java.lang.ClassCastException: android.os.BinderProxy cannot be cast to com.android.server.am.ActivityRecord$Token
12-09 08:24:22.945 W/ActivityManager( 1592): 	at com.android.server.am.ActivityRecord.forTokenLocked(ActivityRecord.java:424)
12-09 08:24:22.945 W/ActivityManager( 1592): 	at com.android.server.am.ActivityRecord.isInStackLocked(ActivityRecord.java:1121)
12-09 08:24:22.945 W/ActivityManager( 1592): 	at com.android.server.am.ActivityManagerService.setTaskDescription(ActivityManagerService.java:8547)
12-09 08:24:22.945 W/ActivityManager( 1592): 	at android.app.ActivityManagerNative.onTransact(ActivityManagerNative.java:2410)
12-09 08:24:22.945 W/ActivityManager( 1592): 	at com.android.server.am.ActivityManagerService.onTransact(ActivityManagerService.java:2443)
12-09 08:24:22.945 W/ActivityManager( 1592): 	at android.os.Binder.execTransact(Binder.java:453)
12-09 08:24:23.096 V/PhoneStatusBar( 1701): setLightsOn(true)
12-09 08:24:23.157 D/FillupsProvider(16246): Creating database
12-09 08:24:23.161 D/EGL_emulation( 1945): eglMakeCurrent: 0x7f42ff6e1d20: ver 2 0 (tinfo 0x7f42ff6c2960)
12-09 08:24:23.170 E/Surface ( 1945): getSlotFromBufferLocked: unknown buffer: 0x7f42fb546420
12-09 08:24:23.257 W/art     (16246): Suspending all threads took: 19.142ms
12-09 08:24:23.293 I/art     (16246): Background sticky concurrent mark sweep GC freed 5152(328KB) AllocSpace objects, 0(0B) LOS objects, 17% free, 1774KB/2MB, paused 20.371ms total 40.267ms
12-09 08:24:23.578 W/ActivityManager( 1592): Bad activity token: android.os.BinderProxy@bb8f39f
12-09 08:24:23.578 W/ActivityManager( 1592): java.lang.ClassCastException: android.os.BinderProxy cannot be cast to com.android.server.am.ActivityRecord$Token
12-09 08:24:23.578 W/ActivityManager( 1592): 	at com.android.server.am.ActivityRecord.forTokenLocked(ActivityRecord.java:424)
12-09 08:24:23.578 W/ActivityManager( 1592): 	at com.android.server.am.ActivityRecord.isInStackLocked(ActivityRecord.java:1121)
12-09 08:24:23.578 W/ActivityManager( 1592): 	at com.android.server.am.ActivityManagerService.getActivityOptions(ActivityManagerService.java:11038)
12-09 08:24:23.578 W/ActivityManager( 1592): 	at android.app.ActivityManagerNative.onTransact(ActivityManagerNative.java:1734)
12-09 08:24:23.578 W/ActivityManager( 1592): 	at com.android.server.am.ActivityManagerService.onTransact(ActivityManagerService.java:2443)
12-09 08:24:23.578 W/ActivityManager( 1592): 	at android.os.Binder.execTransact(Binder.java:453)
12-09 08:24:23.581 W/ActivityManager( 1592): Bad activity token: android.os.BinderProxy@bb8f39f
12-09 08:24:23.581 W/ActivityManager( 1592): java.lang.ClassCastException: android.os.BinderProxy cannot be cast to com.android.server.am.ActivityRecord$Token
12-09 08:24:23.581 W/ActivityManager( 1592): 	at com.android.server.am.ActivityRecord.forTokenLocked(ActivityRecord.java:424)
12-09 08:24:23.581 W/ActivityManager( 1592): 	at com.android.server.am.ActivityRecord.isInStackLocked(ActivityRecord.java:1121)
12-09 08:24:23.581 W/ActivityManager( 1592): 	at com.android.server.am.ActivityManagerService.getActivityOptions(ActivityManagerService.java:11038)
12-09 08:24:23.581 W/ActivityManager( 1592): 	at android.app.ActivityManagerNative.onTransact(ActivityManagerNative.java:1734)
12-09 08:24:23.581 W/ActivityManager( 1592): 	at com.android.server.am.ActivityManagerService.onTransact(ActivityManagerService.java:2443)
12-09 08:24:23.581 W/ActivityManager( 1592): 	at android.os.Binder.execTransact(Binder.java:453)
12-09 08:24:23.662 I/art     (16246): Background sticky concurrent mark sweep GC freed 2326(170KB) AllocSpace objects, 0(0B) LOS objects, 1% free, 2MB/2MB, paused 13.618ms total 137.585ms
12-09 08:24:24.462 D/gralloc_ranchu( 1218): gralloc_alloc: Creating ashmem region of size 3686400
12-09 08:24:24.504 D/        (16246): HostConnection::get() New Host Connection established 0x7f42ff55d1a0, tid 16246
12-09 08:24:24.565 I/ActivityManager( 1592): Displayed com.evancharlton.mileage/.Mileage: +1s953ms
12-09 08:24:24.714 D/gralloc_ranchu( 1218): gralloc_alloc: Creating ashmem region of size 3686400
12-09 08:24:25.073 W/art     ( 1592): Long monitor contention event with owner method=void com.android.server.wm.WindowAnimator$1.doFrame(long) from WindowAnimator.java:121 waiters=0 for 214ms
12-09 08:24:25.257 I/System.out(16246): URI: //
12-09 08:24:25.257 I/System.out(16246): params: {json={"command":"set_activity_orientation","arguments":["landscape"]}
12-09 08:24:25.257 I/System.out(16246): }
12-09 08:24:25.257 I/System.out(16246): header: {date=Sun, 09 Dec 2018 08:24:25 GMT, accept=*/*, content-length=64, host=127.0.0.1:34777, user-agent=HTTPClient/1.0 (2.8.3, ruby 2.3.1 (2016-04-26)), content-type=application/json;charset=utf-8}
12-09 08:24:25.257 I/System.out(16246): params: {json={"command":"set_activity_orientation","arguments":["landscape"]}
12-09 08:24:25.257 I/System.out(16246): }
12-09 08:24:25.257 I/System.out(16246): ProP json = {"command":"set_activity_orientation","arguments":["landscape"]}
12-09 08:24:25.257 I/System.out(16246): files: {}
12-09 08:24:25.257 I/System.out(16246): command: {"command":"set_activity_orientation","arguments":["landscape"]}
12-09 08:24:25.259 I/InstrumentationBackend(16246): Got command:'Command:'Line:null,set_activity_orientation', arguments:'[landscape]'
12-09 08:24:25.405 D/gralloc_ranchu( 1218): gralloc_alloc: Creating ashmem region of size 3686400
12-09 08:24:25.434 E/EGL_emulation( 1218): tid 1218: eglCreateSyncKHR(1881): error 0x3004 (EGL_BAD_ATTRIBUTE)
12-09 08:24:25.711 I/ActivityManager( 1592): Config changes=480 {1.0 310mcc260mnc en_US ldltr sw720dp w1280dp h696dp 160dpi xlrg long land finger -keyb/v/h tball/v s.47}
12-09 08:24:25.712 W/art     ( 1592): Long monitor contention event with owner method=android.content.res.Configuration com.android.server.wm.WindowManagerService.updateOrientationFromAppTokens(android.content.res.Configuration, android.os.IBinder) from WindowManagerService.java:3950 waiters=0 for 427ms
12-09 08:24:25.856 W/art     ( 1592): Long monitor contention event with owner method=void com.android.server.am.ActivityManagerService.setRequestedOrientation(android.os.IBinder, int) from ActivityManagerService.java:4192 waiters=0 for 207ms
12-09 08:24:25.877 I/InputReader( 1592): Reconfiguring input devices.  changes=0x00000004
12-09 08:24:25.877 I/InputReader( 1592): Device reconfigured: id=0, name='qwerty2', size 720x1280, orientation 1, mode 1, display id 0
12-09 08:24:25.878 I/InputReader( 1592): Reconfiguring input devices.  changes=0x00000004
12-09 08:24:26.012 I/System.out(16246): result:{"bonusInformation":[],"message":"","success":true}
12-09 08:24:26.170 I/calabash(16246): newActivity1
12-09 08:24:26.186 I/calabash(16246): newActivity1
12-09 08:24:26.187 W/ActivityManager( 1592): Bad activity token: android.os.BinderProxy@fe2cdf0
12-09 08:24:26.187 W/ActivityManager( 1592): java.lang.ClassCastException: android.os.BinderProxy cannot be cast to com.android.server.am.ActivityRecord$Token
12-09 08:24:26.187 W/ActivityManager( 1592): 	at com.android.server.am.ActivityRecord.forTokenLocked(ActivityRecord.java:424)
12-09 08:24:26.187 W/ActivityManager( 1592): 	at com.android.server.am.ActivityRecord.isInStackLocked(ActivityRecord.java:1121)
12-09 08:24:26.187 W/ActivityManager( 1592): 	at com.android.server.am.ActivityRecord.getStackLocked(ActivityRecord.java:1126)
12-09 08:24:26.187 W/ActivityManager( 1592): 	at com.android.server.am.ActivityManagerService.getActivityDisplayId(ActivityManagerService.java:8889)
12-09 08:24:26.187 W/ActivityManager( 1592): 	at android.app.ActivityManagerNative.onTransact(ActivityManagerNative.java:2338)
12-09 08:24:26.187 W/ActivityManager( 1592): 	at com.android.server.am.ActivityManagerService.onTransact(ActivityManagerService.java:2443)
12-09 08:24:26.187 W/ActivityManager( 1592): 	at android.os.Binder.execTransact(Binder.java:453)
12-09 08:24:26.191 W/ActivityManager( 1592): Bad activity token: android.os.BinderProxy@fe2cdf0
12-09 08:24:26.191 W/ActivityManager( 1592): java.lang.ClassCastException: android.os.BinderProxy cannot be cast to com.android.server.am.ActivityRecord$Token
12-09 08:24:26.191 W/ActivityManager( 1592): 	at com.android.server.am.ActivityRecord.forTokenLocked(ActivityRecord.java:424)
12-09 08:24:26.191 W/ActivityManager( 1592): 	at com.android.server.am.ActivityRecord.isInStackLocked(ActivityRecord.java:1121)
12-09 08:24:26.191 W/ActivityManager( 1592): 	at com.android.server.am.ActivityManagerService.setTaskDescription(ActivityManagerService.java:8547)
12-09 08:24:26.191 W/ActivityManager( 1592): 	at android.app.ActivityManagerNative.onTransact(ActivityManagerNative.java:2410)
12-09 08:24:26.191 W/ActivityManager( 1592): 	at com.android.server.am.ActivityManagerService.onTransact(ActivityManagerService.java:2443)
12-09 08:24:26.191 W/ActivityManager( 1592): 	at android.os.Binder.execTransact(Binder.java:453)
12-09 08:24:26.196 W/ActivityManager( 1592): Bad activity token: android.os.BinderProxy@fe2cdf0
12-09 08:24:26.196 W/ActivityManager( 1592): java.lang.ClassCastException: android.os.BinderProxy cannot be cast to com.android.server.am.ActivityRecord$Token
12-09 08:24:26.196 W/ActivityManager( 1592): 	at com.android.server.am.ActivityRecord.forTokenLocked(ActivityRecord.java:424)
12-09 08:24:26.196 W/ActivityManager( 1592): 	at com.android.server.am.ActivityRecord.isInStackLocked(ActivityRecord.java:1121)
12-09 08:24:26.196 W/ActivityManager( 1592): 	at com.android.server.am.ActivityManagerService.getActivityOptions(ActivityManagerService.java:11038)
12-09 08:24:26.196 W/ActivityManager( 1592): 	at android.app.ActivityManagerNative.onTransact(ActivityManagerNative.java:1734)
12-09 08:24:26.196 W/ActivityManager( 1592): 	at com.android.server.am.ActivityManagerService.onTransact(ActivityManagerService.java:2443)
12-09 08:24:26.196 W/ActivityManager( 1592): 	at android.os.Binder.execTransact(Binder.java:453)
12-09 08:24:26.225 W/ActivityManager( 1592): Bad activity token: android.os.BinderProxy@fe2cdf0
12-09 08:24:26.225 W/ActivityManager( 1592): java.lang.ClassCastException: android.os.BinderProxy cannot be cast to com.android.server.am.ActivityRecord$Token
12-09 08:24:26.225 W/ActivityManager( 1592): 	at com.android.server.am.ActivityRecord.forTokenLocked(ActivityRecord.java:424)
12-09 08:24:26.225 W/ActivityManager( 1592): 	at com.android.server.am.ActivityRecord.isInStackLocked(ActivityRecord.java:1121)
12-09 08:24:26.225 W/ActivityManager( 1592): 	at com.android.server.am.ActivityManagerService.getActivityOptions(ActivityManagerService.java:11038)
12-09 08:24:26.225 W/ActivityManager( 1592): 	at android.app.ActivityManagerNative.onTransact(ActivityManagerNative.java:1734)
12-09 08:24:26.225 W/ActivityManager( 1592): 	at com.android.server.am.ActivityManagerService.onTransact(ActivityManagerService.java:2443)
12-09 08:24:26.225 W/ActivityManager( 1592): 	at android.os.Binder.execTransact(Binder.java:453)
12-09 08:24:26.246 D/EGL_emulation( 1701): eglMakeCurrent: 0x7f42ff6e59c0: ver 2 0 (tinfo 0x7f42ff6c2740)
12-09 08:24:26.252 E/Surface ( 1701): getSlotFromBufferLocked: unknown buffer: 0x7f42f29a06a0
12-09 08:24:26.260 D/EGL_emulation( 1701): eglMakeCurrent: 0x7f42ff6e59c0: ver 2 0 (tinfo 0x7f42ff6c2740)
12-09 08:24:26.634 I/WindowManager( 1592): Screen frozen for +1s374ms due to Window{f1247cf u0 StatusBar}
12-09 08:24:27.004 W/art     ( 1592): Long monitor contention event with owner method=void com.android.server.wm.WindowManagerService$H.handleMessage(android.os.Message) from WindowManagerService.java:7820 waiters=0 for 334ms
12-09 08:24:27.005 I/Choreographer(16246): Skipped 70 frames!  The application may be doing too much work on its main thread.
12-09 08:24:27.075 D/gralloc_ranchu( 1218): gralloc_alloc: Creating ashmem region of size 3686400
12-09 08:24:27.754 D/gralloc_ranchu( 1218): gralloc_alloc: Creating ashmem region of size 3686400
12-09 08:24:28.329 E/SurfaceFlinger( 1218): ro.sf.lcd_density must be defined as a build property
12-09 08:24:28.330 D/gralloc_ranchu( 1218): gralloc_alloc: Creating ashmem region of size 3686400
12-09 08:24:28.334 D/gralloc_ranchu( 1218): gralloc_alloc: Creating ashmem region of size 3686400
12-09 08:24:28.343 D/        (16275): HostConnection::get() New Host Connection established 0x7fe7d9492480, tid 16275
12-09 08:24:28.501 E/EGL_emulation( 1218): tid 1218: eglCreateSyncKHR(1881): error 0x3004 (EGL_BAD_ATTRIBUTE)
12-09 08:24:29.023 I/art     ( 1592): Starting a blocking GC Explicit
12-09 08:24:29.089 I/art     ( 1592): Explicit concurrent mark sweep GC freed 9461(834KB) AllocSpace objects, 3(60KB) LOS objects, 29% free, 9MB/13MB, paused 1.251ms total 55.583ms
12-09 08:24:29.365 I/System.out(16246): URI: //
12-09 08:24:29.365 I/System.out(16246): params: {json={"command":"set_activity_orientation","arguments":["portrait"]}
12-09 08:24:29.365 I/System.out(16246): }
12-09 08:24:29.365 I/System.out(16246): header: {date=Sun, 09 Dec 2018 08:24:29 GMT, accept=*/*, content-length=63, host=127.0.0.1:34777, user-agent=HTTPClient/1.0 (2.8.3, ruby 2.3.1 (2016-04-26)), content-type=application/json;charset=utf-8}
12-09 08:24:29.365 I/System.out(16246): params: {json={"command":"set_activity_orientation","arguments":["portrait"]}
12-09 08:24:29.365 I/System.out(16246): }
12-09 08:24:29.365 I/System.out(16246): ProP json = {"command":"set_activity_orientation","arguments":["portrait"]}
12-09 08:24:29.366 I/System.out(16246): files: {}
12-09 08:24:29.366 I/System.out(16246): command: {"command":"set_activity_orientation","arguments":["portrait"]}
12-09 08:24:29.367 I/InstrumentationBackend(16246): Got command:'Command:'Line:null,set_activity_orientation', arguments:'[portrait]'
12-09 08:24:29.399 D/gralloc_ranchu( 1218): gralloc_alloc: Creating ashmem region of size 3686400
12-09 08:24:29.453 E/EGL_emulation( 1218): tid 1218: eglCreateSyncKHR(1881): error 0x3004 (EGL_BAD_ATTRIBUTE)
12-09 08:24:29.631 I/ActivityManager( 1592): Config changes=480 {1.0 310mcc260mnc en_US ldltr sw720dp w720dp h1256dp 160dpi xlrg long port finger -keyb/v/h tball/v s.48}
12-09 08:24:29.677 I/InputReader( 1592): Reconfiguring input devices.  changes=0x00000004
12-09 08:24:29.677 I/InputReader( 1592): Device reconfigured: id=0, name='qwerty2', size 720x1280, orientation 0, mode 1, display id 0
12-09 08:24:29.914 I/calabash(16246): newActivity1
12-09 08:24:30.005 I/calabash(16246): newActivity1
12-09 08:24:30.006 W/ActivityManager( 1592): Bad activity token: android.os.BinderProxy@3f5fafa
12-09 08:24:30.006 W/ActivityManager( 1592): java.lang.ClassCastException: android.os.BinderProxy cannot be cast to com.android.server.am.ActivityRecord$Token
12-09 08:24:30.006 W/ActivityManager( 1592): 	at com.android.server.am.ActivityRecord.forTokenLocked(ActivityRecord.java:424)
12-09 08:24:30.006 W/ActivityManager( 1592): 	at com.android.server.am.ActivityRecord.isInStackLocked(ActivityRecord.java:1121)
12-09 08:24:30.006 W/ActivityManager( 1592): 	at com.android.server.am.ActivityRecord.getStackLocked(ActivityRecord.java:1126)
12-09 08:24:30.006 W/ActivityManager( 1592): 	at com.android.server.am.ActivityManagerService.getActivityDisplayId(ActivityManagerService.java:8889)
12-09 08:24:30.006 W/ActivityManager( 1592): 	at android.app.ActivityManagerNative.onTransact(ActivityManagerNative.java:2338)
12-09 08:24:30.006 W/ActivityManager( 1592): 	at com.android.server.am.ActivityManagerService.onTransact(ActivityManagerService.java:2443)
12-09 08:24:30.006 W/ActivityManager( 1592): 	at android.os.Binder.execTransact(Binder.java:453)
12-09 08:24:30.007 W/ActivityManager( 1592): Bad activity token: android.os.BinderProxy@3f5fafa
12-09 08:24:30.007 W/ActivityManager( 1592): java.lang.ClassCastException: android.os.BinderProxy cannot be cast to com.android.server.am.ActivityRecord$Token
12-09 08:24:30.007 W/ActivityManager( 1592): 	at com.android.server.am.ActivityRecord.forTokenLocked(ActivityRecord.java:424)
12-09 08:24:30.007 W/ActivityManager( 1592): 	at com.android.server.am.ActivityRecord.isInStackLocked(ActivityRecord.java:1121)
12-09 08:24:30.007 W/ActivityManager( 1592): 	at com.android.server.am.ActivityManagerService.setTaskDescription(ActivityManagerService.java:8547)
12-09 08:24:30.007 W/ActivityManager( 1592): 	at android.app.ActivityManagerNative.onTransact(ActivityManagerNative.java:2410)
12-09 08:24:30.007 W/ActivityManager( 1592): 	at com.android.server.am.ActivityManagerService.onTransact(ActivityManagerService.java:2443)
12-09 08:24:30.007 W/ActivityManager( 1592): 	at android.os.Binder.execTransact(Binder.java:453)
12-09 08:24:30.020 W/ActivityManager( 1592): Bad activity token: android.os.BinderProxy@3f5fafa
12-09 08:24:30.020 W/ActivityManager( 1592): java.lang.ClassCastException: android.os.BinderProxy cannot be cast to com.android.server.am.ActivityRecord$Token
12-09 08:24:30.020 W/ActivityManager( 1592): 	at com.android.server.am.ActivityRecord.forTokenLocked(ActivityRecord.java:424)
12-09 08:24:30.020 W/ActivityManager( 1592): 	at com.android.server.am.ActivityRecord.isInStackLocked(ActivityRecord.java:1121)
12-09 08:24:30.020 W/ActivityManager( 1592): 	at com.android.server.am.ActivityManagerService.getActivityOptions(ActivityManagerService.java:11038)
12-09 08:24:30.020 W/ActivityManager( 1592): 	at android.app.ActivityManagerNative.onTransact(ActivityManagerNative.java:1734)
12-09 08:24:30.020 W/ActivityManager( 1592): 	at com.android.server.am.ActivityManagerService.onTransact(ActivityManagerService.java:2443)
12-09 08:24:30.020 W/ActivityManager( 1592): 	at android.os.Binder.execTransact(Binder.java:453)
12-09 08:24:30.041 W/art     (16246): Suspending all threads took: 10.773ms
12-09 08:24:30.121 W/ActivityManager( 1592): Bad activity token: android.os.BinderProxy@3f5fafa
12-09 08:24:30.121 W/ActivityManager( 1592): java.lang.ClassCastException: android.os.BinderProxy cannot be cast to com.android.server.am.ActivityRecord$Token
12-09 08:24:30.121 W/ActivityManager( 1592): 	at com.android.server.am.ActivityRecord.forTokenLocked(ActivityRecord.java:424)
12-09 08:24:30.121 W/ActivityManager( 1592): 	at com.android.server.am.ActivityRecord.isInStackLocked(ActivityRecord.java:1121)
12-09 08:24:30.121 W/ActivityManager( 1592): 	at com.android.server.am.ActivityManagerService.getActivityOptions(ActivityManagerService.java:11038)
12-09 08:24:30.121 W/ActivityManager( 1592): 	at android.app.ActivityManagerNative.onTransact(ActivityManagerNative.java:1734)
12-09 08:24:30.121 W/ActivityManager( 1592): 	at com.android.server.am.ActivityManagerService.onTransact(ActivityManagerService.java:2443)
12-09 08:24:30.121 W/ActivityManager( 1592): 	at android.os.Binder.execTransact(Binder.java:453)
12-09 08:24:30.144 D/EGL_emulation( 1701): eglMakeCurrent: 0x7f42ff6e59c0: ver 2 0 (tinfo 0x7f42ff6c2740)
12-09 08:24:30.161 E/Surface ( 1701): getSlotFromBufferLocked: unknown buffer: 0x7f42f299dd60
12-09 08:24:30.162 D/EGL_emulation( 1701): eglMakeCurrent: 0x7f42ff6e59c0: ver 2 0 (tinfo 0x7f42ff6c2740)
12-09 08:24:30.191 I/System.out(16246): result:{"bonusInformation":[],"message":"","success":true}
12-09 08:24:30.213 I/WindowManager( 1592): Screen frozen for +824ms due to Window{f1247cf u0 StatusBar}
12-09 08:24:30.230 I/art     (16246): Background sticky concurrent mark sweep GC freed 14840(642KB) AllocSpace objects, 1(20KB) LOS objects, 10% free, 2MB/2MB, paused 22.358ms total 206.647ms
12-09 08:24:30.420 D/gralloc_ranchu( 1218): gralloc_alloc: Creating ashmem region of size 3686400
12-09 08:24:30.829 W/art     ( 1592): Long monitor contention event with owner method=void com.android.server.wm.WindowAnimator$1.doFrame(long) from WindowAnimator.java:121 waiters=0 for 112ms
12-09 08:24:30.995 D/gralloc_ranchu( 1218): gralloc_alloc: Creating ashmem region of size 3686400
12-09 08:24:32.315 I/art     ( 1592): Starting a blocking GC Explicit
12-09 08:24:32.399 I/art     ( 1592): Explicit concurrent mark sweep GC freed 4325(331KB) AllocSpace objects, 0(0B) LOS objects, 30% free, 9MB/13MB, paused 7.526ms total 75.998ms
12-09 08:24:32.499 E/SurfaceFlinger( 1218): ro.sf.lcd_density must be defined as a build property
12-09 08:24:32.515 D/gralloc_ranchu( 1218): gralloc_alloc: Creating ashmem region of size 3686400
12-09 08:24:32.540 D/        (16281): HostConnection::get() New Host Connection established 0x7f1126b92480, tid 16281
12-09 08:24:32.593 E/EGL_emulation( 1218): tid 1218: eglCreateSyncKHR(1881): error 0x3004 (EGL_BAD_ATTRIBUTE)
