12-09 07:47:36.114 D/AndroidRuntime( 6379): >>>>>> START com.android.internal.os.RuntimeInit uid 0 <<<<<<
12-09 07:47:36.128 D/AndroidRuntime( 6379): CheckJNI is ON
12-09 07:47:36.145 D/ICU     ( 6379): No timezone override file found: /data/misc/zoneinfo/current/icu/icu_tzdata.dat
12-09 07:47:36.158 W/audio_hw_generic( 1307): Not supplying enough data to HAL, expected position 9023406 , only wrote 9023311
12-09 07:47:36.278 W/audio_hw_generic( 1307): Hardware backing HAL too slow, could only write 0 of 661 frames
12-09 07:47:36.293 W/audio_hw_generic( 1307): Hardware backing HAL too slow, could only write 0 of 661 frames
12-09 07:47:36.296 W/audio_hw_generic( 1307): Hardware backing HAL too slow, could only write 0 of 661 frames
12-09 07:47:36.311 W/audio_hw_generic( 1307): Hardware backing HAL too slow, could only write 0 of 661 frames
12-09 07:47:36.312 E/memtrack( 6379): Couldn't load memtrack module (No such file or directory)
12-09 07:47:36.312 E/android.os.Debug( 6379): failed to load memtrack module: -2
12-09 07:47:36.318 I/Radio-JNI( 6379): register_android_hardware_Radio DONE
12-09 07:47:36.332 D/AndroidRuntime( 6379): Calling main entry com.android.commands.input.Input
12-09 07:47:36.333 I/Input   ( 6379): injectKeyEvent: KeyEvent { action=ACTION_DOWN, keyCode=KEYCODE_BACK, scanCode=0, metaState=0, flags=0x0, repeatCount=0, eventTime=2599844, downTime=2599844, deviceId=-1, source=0x101 }
12-09 07:47:36.351 W/audio_hw_generic( 1307): Hardware backing HAL too slow, could only write 0 of 661 frames
12-09 07:47:36.370 I/Input   ( 6379): injectKeyEvent: KeyEvent { action=ACTION_UP, keyCode=KEYCODE_BACK, scanCode=0, metaState=0, flags=0x0, repeatCount=0, eventTime=2599844, downTime=2599844, deviceId=-1, source=0x101 }
12-09 07:47:36.380 D/AndroidRuntime( 6379): Shutting down VM
12-09 07:47:36.416 W/audio_hw_generic( 1307): Hardware backing HAL too slow, could only write 0 of 661 frames
12-09 07:47:36.423 W/ActivityManager( 1593): Bad activity token: android.os.BinderProxy@acace48
12-09 07:47:36.423 W/ActivityManager( 1593): java.lang.ClassCastException: android.os.BinderProxy cannot be cast to com.android.server.am.ActivityRecord$Token
12-09 07:47:36.423 W/ActivityManager( 1593): 	at com.android.server.am.ActivityRecord.forTokenLocked(ActivityRecord.java:424)
12-09 07:47:36.423 W/ActivityManager( 1593): 	at com.android.server.am.ActivityRecord.isInStackLocked(ActivityRecord.java:1121)
12-09 07:47:36.423 W/ActivityManager( 1593): 	at com.android.server.am.ActivityManagerService.getActivityOptions(ActivityManagerService.java:11038)
12-09 07:47:36.423 W/ActivityManager( 1593): 	at android.app.ActivityManagerNative.onTransact(ActivityManagerNative.java:1734)
12-09 07:47:36.423 W/ActivityManager( 1593): 	at com.android.server.am.ActivityManagerService.onTransact(ActivityManagerService.java:2443)
12-09 07:47:36.423 W/ActivityManager( 1593): 	at android.os.Binder.execTransact(Binder.java:453)
12-09 07:47:36.438 W/audio_hw_generic( 1307): Hardware backing HAL too slow, could only write 0 of 661 frames
12-09 07:47:36.452 W/audio_hw_generic( 1307): Hardware backing HAL too slow, could only write 0 of 661 frames
12-09 07:47:36.466 W/audio_hw_generic( 1307): Hardware backing HAL too slow, could only write 0 of 661 frames
12-09 07:47:36.563 V/PhoneStatusBar( 1686): setLightsOn(true)
12-09 07:47:36.594 W/art     ( 1593): Long monitor contention event with owner method=int com.android.server.wm.WindowManagerService.relayoutWindow(com.android.server.wm.Session, android.view.IWindow, int, android.view.WindowManager$LayoutParams, int, int, int, int, android.graphics.Rect, android.graphics.Rect, android.graphics.Rect, android.graphics.Rect, android.graphics.Rect, android.graphics.Rect, android.content.res.Configuration, android.view.Surface) from WindowManagerService.java:3103 waiters=0 for 133ms
12-09 07:47:36.612 D/gralloc_ranchu( 1218): gralloc_alloc: Creating ashmem region of size 3686400
12-09 07:47:36.682 I/System.out( 6268): URI: //gesture
12-09 07:47:36.682 I/System.out( 6268): params: {json={"query_timeout":5.0,"gestures":[{"query_string":"android.widget.TabWidget descendant TextView index:2","touches":[{"x":50,"y":50,"offset_x":0,"offset_y":0,"wait":0.0,"time":0.2,"release":true,"query_string":null}]}]}
12-09 07:47:36.682 I/System.out( 6268): }
12-09 07:47:36.834 D/gralloc_ranchu( 1218): gralloc_alloc: Creating ashmem region of size 3686400
12-09 07:47:36.870 W/audio_hw_generic( 1307): Not supplying enough data to HAL, expected position 9084669 , only wrote 9054378
12-09 07:47:37.410 W/art     ( 1593): Long monitor contention event with owner method=void com.android.server.wm.WindowAnimator$1.doFrame(long) from WindowAnimator.java:121 waiters=0 for 200ms
12-09 07:47:37.655 W/art     ( 1593): Long monitor contention event with owner method=void com.android.server.wm.WindowAnimator$1.doFrame(long) from WindowAnimator.java:121 waiters=1 for 230ms
12-09 07:47:37.830 D/gralloc_ranchu( 1218): gralloc_alloc: Creating ashmem region of size 3686400
12-09 07:47:38.212 I/calabash( 6268): newActivity1
12-09 07:47:38.224 W/ActivityManager( 1593): Bad activity token: android.os.BinderProxy@58bb769
12-09 07:47:38.224 W/ActivityManager( 1593): java.lang.ClassCastException: android.os.BinderProxy cannot be cast to com.android.server.am.ActivityRecord$Token
12-09 07:47:38.224 W/ActivityManager( 1593): 	at com.android.server.am.ActivityRecord.forTokenLocked(ActivityRecord.java:424)
12-09 07:47:38.224 W/ActivityManager( 1593): 	at com.android.server.am.ActivityRecord.isInStackLocked(ActivityRecord.java:1121)
12-09 07:47:38.224 W/ActivityManager( 1593): 	at com.android.server.am.ActivityRecord.getStackLocked(ActivityRecord.java:1126)
12-09 07:47:38.224 W/ActivityManager( 1593): 	at com.android.server.am.ActivityManagerService.getActivityDisplayId(ActivityManagerService.java:8889)
12-09 07:47:38.224 W/ActivityManager( 1593): 	at android.app.ActivityManagerNative.onTransact(ActivityManagerNative.java:2338)
12-09 07:47:38.224 W/ActivityManager( 1593): 	at com.android.server.am.ActivityManagerService.onTransact(ActivityManagerService.java:2443)
12-09 07:47:38.224 W/ActivityManager( 1593): 	at android.os.Binder.execTransact(Binder.java:453)
12-09 07:47:38.230 W/ActivityManager( 1593): Bad activity token: android.os.BinderProxy@58bb769
12-09 07:47:38.230 W/ActivityManager( 1593): java.lang.ClassCastException: android.os.BinderProxy cannot be cast to com.android.server.am.ActivityRecord$Token
12-09 07:47:38.230 W/ActivityManager( 1593): 	at com.android.server.am.ActivityRecord.forTokenLocked(ActivityRecord.java:424)
12-09 07:47:38.230 W/ActivityManager( 1593): 	at com.android.server.am.ActivityRecord.isInStackLocked(ActivityRecord.java:1121)
12-09 07:47:38.230 W/ActivityManager( 1593): 	at com.android.server.am.ActivityManagerService.setTaskDescription(ActivityManagerService.java:8547)
12-09 07:47:38.230 W/ActivityManager( 1593): 	at android.app.ActivityManagerNative.onTransact(ActivityManagerNative.java:2410)
12-09 07:47:38.230 W/ActivityManager( 1593): 	at com.android.server.am.ActivityManagerService.onTransact(ActivityManagerService.java:2443)
12-09 07:47:38.230 W/ActivityManager( 1593): 	at android.os.Binder.execTransact(Binder.java:453)
12-09 07:47:38.248 D/VehicleStatisticsActivity( 6268): Checking recalculation ...
12-09 07:47:38.253 W/audio_hw_generic( 1307): Hardware backing HAL too slow, could only write 0 of 661 frames
12-09 07:47:38.274 D/VehicleStatisticsActivity( 6268): Recalculating statistics
12-09 07:47:38.275 D/VehicleStatisticsTask( 6268): Calculation starting...
12-09 07:47:38.275 D/VehicleStatisticsActivity( 6268): Recalculation started!
12-09 07:47:38.280 W/audio_hw_generic( 1307): Hardware backing HAL too slow, could only write 0 of 661 frames
12-09 07:47:38.295 W/audio_hw_generic( 1307): Hardware backing HAL too slow, could only write 0 of 661 frames
12-09 07:47:38.302 D/CalculateTask( 6268): Recalculating...
12-09 07:47:38.310 W/audio_hw_generic( 1307): Hardware backing HAL too slow, could only write 0 of 661 frames
12-09 07:47:38.313 W/ActivityManager( 1593): Bad activity token: android.os.BinderProxy@58bb769
12-09 07:47:38.313 W/ActivityManager( 1593): java.lang.ClassCastException: android.os.BinderProxy cannot be cast to com.android.server.am.ActivityRecord$Token
12-09 07:47:38.313 W/ActivityManager( 1593): 	at com.android.server.am.ActivityRecord.forTokenLocked(ActivityRecord.java:424)
12-09 07:47:38.313 W/ActivityManager( 1593): 	at com.android.server.am.ActivityRecord.isInStackLocked(ActivityRecord.java:1121)
12-09 07:47:38.313 W/ActivityManager( 1593): 	at com.android.server.am.ActivityManagerService.getActivityOptions(ActivityManagerService.java:11038)
12-09 07:47:38.313 W/ActivityManager( 1593): 	at android.app.ActivityManagerNative.onTransact(ActivityManagerNative.java:1734)
12-09 07:47:38.313 W/ActivityManager( 1593): 	at com.android.server.am.ActivityManagerService.onTransact(ActivityManagerService.java:2443)
12-09 07:47:38.313 W/ActivityManager( 1593): 	at android.os.Binder.execTransact(Binder.java:453)
12-09 07:47:38.314 W/ActivityManager( 1593): Bad activity token: android.os.BinderProxy@58bb769
12-09 07:47:38.314 W/ActivityManager( 1593): java.lang.ClassCastException: android.os.BinderProxy cannot be cast to com.android.server.am.ActivityRecord$Token
12-09 07:47:38.314 W/ActivityManager( 1593): 	at com.android.server.am.ActivityRecord.forTokenLocked(ActivityRecord.java:424)
12-09 07:47:38.314 W/ActivityManager( 1593): 	at com.android.server.am.ActivityRecord.isInStackLocked(ActivityRecord.java:1121)
12-09 07:47:38.314 W/ActivityManager( 1593): 	at com.android.server.am.ActivityManagerService.getActivityOptions(ActivityManagerService.java:11038)
12-09 07:47:38.314 W/ActivityManager( 1593): 	at android.app.ActivityManagerNative.onTransact(ActivityManagerNative.java:1734)
12-09 07:47:38.314 W/ActivityManager( 1593): 	at com.android.server.am.ActivityManagerService.onTransact(ActivityManagerService.java:2443)
12-09 07:47:38.314 W/ActivityManager( 1593): 	at android.os.Binder.execTransact(Binder.java:453)
12-09 07:47:38.315 D/VehicleStatisticsActivity( 6268): Checking recalculation ...
12-09 07:47:38.316 D/VehicleStatisticsActivity( 6268): Recalculating statistics
12-09 07:47:38.316 D/VehicleStatisticsTask( 6268): Calculation starting...
12-09 07:47:38.316 D/VehicleStatisticsActivity( 6268): Recalculation started!
12-09 07:47:38.329 W/audio_hw_generic( 1307): Hardware backing HAL too slow, could only write 0 of 661 frames
12-09 07:47:38.342 W/audio_hw_generic( 1307): Hardware backing HAL too slow, could only write 0 of 661 frames
12-09 07:47:38.423 W/audio_hw_generic( 1307): Hardware backing HAL too slow, could only write 0 of 661 frames
12-09 07:47:38.433 W/audio_hw_generic( 1307): Hardware backing HAL too slow, could only write 0 of 661 frames
12-09 07:47:38.458 W/audio_hw_generic( 1307): Hardware backing HAL too slow, could only write 0 of 661 frames
12-09 07:47:38.474 D/CalculateTask( 6268): Recalculating...
12-09 07:47:38.543 D/Mileage.ABS( 6268): Finished backup
12-09 07:47:38.557 D/VehicleStatisticsTask( 6268): Done recalculating!
12-09 07:47:38.570 D/Mileage.ABS( 6268): Not backing up; 29
12-09 07:47:38.573 W/audio_hw_generic( 1307): Hardware backing HAL too slow, could only write 0 of 661 frames
12-09 07:47:38.586 D/VehicleStatisticsTask( 6268): Done recalculating!
12-09 07:47:38.663 D/VehicleStatisticsAdapter( 6268): Erasing the cache ...
12-09 07:47:38.678 D/VehicleStatisticsAdapter( 6268): Building new values ...
12-09 07:47:38.678 D/VehicleStatisticsAdapter( 6268): Writing 29 records to the database ...
12-09 07:47:38.701 D/VehicleStatisticsAdapter( 6268): Erasing the cache ...
12-09 07:47:38.781 E/SurfaceFlinger( 1218): ro.sf.lcd_density must be defined as a build property
12-09 07:47:38.782 D/gralloc_ranchu( 1218): gralloc_alloc: Creating ashmem region of size 3686400
12-09 07:47:38.806 D/VehicleStatisticsAdapter( 6268): Building new values ...
12-09 07:47:38.806 D/VehicleStatisticsAdapter( 6268): Writing 29 records to the database ...
12-09 07:47:38.869 D/Mileage.ABS( 6268): Not backing up; 328
12-09 07:47:38.901 D/        ( 6393): HostConnection::get() New Host Connection established 0x7fcadaa92480, tid 6393
12-09 07:47:38.925 E/EGL_emulation( 1218): tid 1218: eglCreateSyncKHR(1881): error 0x3004 (EGL_BAD_ATTRIBUTE)
12-09 07:47:38.928 D/Mileage.ABS( 6268): Not backing up; 387
12-09 07:47:38.929 D/Mileage.ABS( 6268): Not backing up; 388
12-09 07:47:38.939 D/Mileage.ABS( 6268): Not backing up; 398
12-09 07:47:38.956 D/Mileage.ABS( 6268): Not backing up; 415
12-09 07:47:38.963 D/Mileage.ABS( 6268): Not backing up; 422
12-09 07:47:39.004 D/Mileage.ABS( 6268): Not backing up; 463
12-09 07:47:39.029 D/Mileage.ABS( 6268): Not backing up; 488
12-09 07:47:39.030 D/Mileage.ABS( 6268): Not backing up; 489
12-09 07:47:39.075 W/audio_hw_generic( 1307): Not supplying enough data to HAL, expected position 9091453 , only wrote 9091394
12-09 07:47:39.075 W/audio_hw_generic( 1307): Not supplying enough data to HAL, expected position 9091402 , only wrote 9091394
12-09 07:47:39.091 W/audio_hw_generic( 1307): Not supplying enough data to HAL, expected position 9092058 , only wrote 9092055
12-09 07:47:39.154 D/Mileage.ABS( 6268): Not backing up; 612
12-09 07:47:39.236 D/Mileage.ABS( 6268): Not backing up; 695
12-09 07:47:39.238 D/Mileage.ABS( 6268): Not backing up; 697
12-09 07:47:39.242 D/Mileage.ABS( 6268): Not backing up; 701
12-09 07:47:39.245 D/Mileage.ABS( 6268): Not backing up; 704
12-09 07:47:39.366 D/Mileage.ABS( 6268): Not backing up; 825
12-09 07:47:39.369 D/Mileage.ABS( 6268): Not backing up; 828
12-09 07:47:39.377 D/Mileage.ABS( 6268): Not backing up; 836
12-09 07:47:39.381 D/Mileage.ABS( 6268): Not backing up; 840
12-09 07:47:39.381 D/Mileage.ABS( 6268): Not backing up; 840
12-09 07:47:39.381 D/Mileage.ABS( 6268): Not backing up; 840
12-09 07:47:39.382 D/Mileage.ABS( 6268): Not backing up; 841
12-09 07:47:39.516 D/Mileage.ABS( 6268): Not backing up; 975
12-09 07:47:39.591 D/Mileage.ABS( 6268): Finished backup
12-09 07:47:39.592 D/Mileage.ABS( 6268): Not backing up; 42
12-09 07:47:39.631 W/audio_hw_generic( 1307): Not supplying enough data to HAL, expected position 9115869 , only wrote 9115851
12-09 07:47:39.631 W/audio_hw_generic( 1307): Not supplying enough data to HAL, expected position 9115858 , only wrote 9115851
12-09 07:47:39.658 W/audio_hw_generic( 1307): Not supplying enough data to HAL, expected position 9117036 , only wrote 9116512
12-09 07:47:39.738 W/audio_hw_generic( 1307): Hardware backing HAL too slow, could only write 0 of 661 frames
12-09 07:47:39.795 D/Mileage.ABS( 6268): Not backing up; 245
12-09 07:47:39.796 D/Mileage.ABS( 6268): Not backing up; 246
12-09 07:47:39.796 D/Mileage.ABS( 6268): Not backing up; 246
12-09 07:47:39.835 D/Mileage.ABS( 6268): Not backing up; 285
12-09 07:47:39.841 I/System.out( 6268): URI: //map
12-09 07:47:39.841 I/System.out( 6268): params: {json={"query":"* {text CONTAINS[c] 'Average fuel economy'}","operation":{"method_name":"query","arguments":[]}}
12-09 07:47:39.841 I/System.out( 6268): }
12-09 07:47:39.929 W/art     ( 6268): Suspending all threads took: 10.679ms
12-09 07:47:39.965 D/Mileage.ABS( 6268): Not backing up; 415
12-09 07:47:39.976 D/Mileage.ABS( 6268): Not backing up; 426
12-09 07:47:39.977 D/Mileage.ABS( 6268): Not backing up; 427
12-09 07:47:39.978 D/Mileage.ABS( 6268): Not backing up; 428
12-09 07:47:39.986 D/Mileage.ABS( 6268): Not backing up; 436
12-09 07:47:39.986 D/Mileage.ABS( 6268): Not backing up; 436
12-09 07:47:40.104 I/art     ( 6268): Background sticky concurrent mark sweep GC freed 53627(2MB) AllocSpace objects, 2(40KB) LOS objects, 35% free, 3MB/6MB, paused 18.427ms total 259.886ms
12-09 07:47:40.144 W/audio_hw_generic( 1307): Hardware backing HAL too slow, could only write 0 of 661 frames
12-09 07:47:40.199 W/audio_hw_generic( 1307): Not supplying enough data to HAL, expected position 9140371 , only wrote 9140308
12-09 07:47:40.295 D/Mileage.ABS( 6268): Not backing up; 745
12-09 07:47:40.297 D/Mileage.ABS( 6268): Not backing up; 747
12-09 07:47:40.326 D/Mileage.ABS( 6268): Not backing up; 776
12-09 07:47:40.326 D/Mileage.ABS( 6268): Not backing up; 776
12-09 07:47:40.327 D/Mileage.ABS( 6268): Not backing up; 777
12-09 07:47:40.327 D/Mileage.ABS( 6268): Not backing up; 777
12-09 07:47:40.327 D/Mileage.ABS( 6268): Not backing up; 777
12-09 07:47:40.327 D/Mileage.ABS( 6268): Not backing up; 777
12-09 07:47:40.356 D/Mileage.ABS( 6268): Not backing up; 806
12-09 07:47:40.357 D/Mileage.ABS( 6268): Not backing up; 807
12-09 07:47:40.357 D/Mileage.ABS( 6268): Not backing up; 807
12-09 07:47:40.357 D/Mileage.ABS( 6268): Not backing up; 807
12-09 07:47:40.358 D/Mileage.ABS( 6268): Not backing up; 808
12-09 07:47:40.498 D/Mileage.ABS( 6268): Not backing up; 948
12-09 07:47:40.499 D/Mileage.ABS( 6268): Not backing up; 949
12-09 07:47:40.500 D/Mileage.ABS( 6268): Not backing up; 950
12-09 07:47:40.511 D/VehicleStatisticsAdapter( 6268): Caching of 29 records complete! (1.833 seconds)
12-09 07:47:40.687 I/System.out( 6268): URI: //gesture
12-09 07:47:40.687 I/System.out( 6268): params: {json={"query_timeout":5.0,"gestures":[{"query_string":"* {text CONTAINS[c] 'Average fuel economy'}","touches":[{"x":50,"y":50,"offset_x":0,"offset_y":0,"wait":0.0,"time":0.2,"release":true,"query_string":null}]}]}
12-09 07:47:40.687 I/System.out( 6268): }
12-09 07:47:40.737 D/Mileage.ABS( 6268): Finished backup
12-09 07:47:40.738 D/Mileage.ABS( 6268): Not backing up; 100
12-09 07:47:40.738 D/Mileage.ABS( 6268): Not backing up; 100
12-09 07:47:40.738 D/Mileage.ABS( 6268): Not backing up; 100
12-09 07:47:40.789 D/Mileage.ABS( 6268): Not backing up; 101
12-09 07:47:40.790 D/Mileage.ABS( 6268): Not backing up; 151
12-09 07:47:40.790 D/Mileage.ABS( 6268): Not backing up; 152
12-09 07:47:40.790 D/Mileage.ABS( 6268): Not backing up; 152
12-09 07:47:40.791 D/Mileage.ABS( 6268): Not backing up; 153
12-09 07:47:40.793 D/VehicleStatisticsAdapter( 6268): Caching of 29 records complete! (1.982 seconds)
12-09 07:47:40.923 W/audio_hw_generic( 1307): Not supplying enough data to HAL, expected position 9172242 , only wrote 9170714
12-09 07:47:40.923 W/audio_hw_generic( 1307): Not supplying enough data to HAL, expected position 9170721 , only wrote 9170714
12-09 07:47:40.978 W/audio_hw_generic( 1307): Not supplying enough data to HAL, expected position 9173121 , only wrote 9171375
12-09 07:47:41.068 I/art     ( 6268): Background partial concurrent mark sweep GC freed 58316(2MB) AllocSpace objects, 7(144KB) LOS objects, 39% free, 3MB/5MB, paused 11.161ms total 372.808ms
12-09 07:47:41.092 D/Mileage.ABS( 6268): Not backing up; 454
12-09 07:47:41.206 W/audio_hw_generic( 1307): Hardware backing HAL too slow, could only write 0 of 661 frames
12-09 07:47:41.206 W/audio_hw_generic( 1307): Not supplying enough data to HAL, expected position 9181433 , only wrote 9181290
12-09 07:47:41.206 W/audio_hw_generic( 1307): Not supplying enough data to HAL, expected position 9181297 , only wrote 9181290
12-09 07:47:41.242 W/audio_hw_generic( 1307): Not supplying enough data to HAL, expected position 9182867 , only wrote 9181951
12-09 07:47:41.379 I/ActivityManager( 1593): START u0 {cmp=com.evancharlton.mileage/.charts.AverageFuelEconomyChart (has extras)} from uid 10119 on display 0
12-09 07:47:41.381 W/audio_hw_generic( 1307): Not supplying enough data to HAL, expected position 9188098 , only wrote 9187239
12-09 07:47:41.413 W/audio_hw_generic( 1307): Not supplying enough data to HAL, expected position 9188648 , only wrote 9187239
12-09 07:47:41.481 W/audio_hw_generic( 1307): Hardware backing HAL too slow, could only write 0 of 661 frames
12-09 07:47:41.486 D/AudioFlinger( 1307): mixer(0xf42c0000) throttle end: throttle time(22)
12-09 07:47:41.494 W/audio_hw_generic( 1307): Hardware backing HAL too slow, could only write 0 of 661 frames
12-09 07:47:41.511 W/audio_hw_generic( 1307): Hardware backing HAL too slow, could only write 0 of 661 frames
12-09 07:47:41.548 W/audio_hw_generic( 1307): Hardware backing HAL too slow, could only write 0 of 661 frames
12-09 07:47:41.563 W/audio_hw_generic( 1307): Hardware backing HAL too slow, could only write 0 of 661 frames
12-09 07:47:41.593 W/audio_hw_generic( 1307): Hardware backing HAL too slow, could only write 0 of 661 frames
12-09 07:47:41.610 W/audio_hw_generic( 1307): Hardware backing HAL too slow, could only write 0 of 661 frames
12-09 07:47:41.622 I/calabash( 6268): newActivity1
12-09 07:47:41.623 W/audio_hw_generic( 1307): Hardware backing HAL too slow, could only write 0 of 661 frames
12-09 07:47:41.636 W/aiCharts( 6268): License file is invalid or missing. 
12-09 07:47:41.636 W/aiCharts( 6268): Please place proper license.lic to /assets folder.
12-09 07:47:41.650 W/audio_hw_generic( 1307): Hardware backing HAL too slow, could only write 0 of 661 frames
12-09 07:47:41.717 W/audio_hw_generic( 1307): Hardware backing HAL too slow, could only write 0 of 661 frames
12-09 07:47:41.733 W/audio_hw_generic( 1307): Hardware backing HAL too slow, could only write 0 of 661 frames
12-09 07:47:41.753 W/audio_hw_generic( 1307): Hardware backing HAL too slow, could only write 0 of 661 frames
12-09 07:47:41.761 W/audio_hw_generic( 1307): Hardware backing HAL too slow, could only write 0 of 661 frames
12-09 07:47:41.776 W/audio_hw_generic( 1307): Hardware backing HAL too slow, could only write 0 of 661 frames
12-09 07:47:41.788 V/PhoneStatusBar( 1686): setLightsOn(true)
12-09 07:47:41.798 W/audio_hw_generic( 1307): Hardware backing HAL too slow, could only write 0 of 661 frames
12-09 07:47:42.034 I/art     ( 6268): Background sticky concurrent mark sweep GC freed 33904(1684KB) AllocSpace objects, 1(20KB) LOS objects, 31% free, 3MB/5MB, paused 6.395ms total 198.952ms
12-09 07:47:42.035 W/audio_hw_generic( 1307): Hardware backing HAL too slow, could only write 0 of 661 frames
12-09 07:47:42.116 D/gralloc_ranchu( 1218): gralloc_alloc: Creating ashmem region of size 372736
12-09 07:47:42.173 E/SurfaceFlinger( 1218): ro.sf.lcd_density must be defined as a build property
12-09 07:47:42.178 D/gralloc_ranchu( 1218): gralloc_alloc: Creating ashmem region of size 3686400
12-09 07:47:42.342 D/gralloc_ranchu( 1218): gralloc_alloc: Creating ashmem region of size 3686400
12-09 07:47:42.395 D/        ( 6408): HostConnection::get() New Host Connection established 0x7f1dc4852480, tid 6408
12-09 07:47:42.417 E/EGL_emulation( 1218): tid 1218: eglCreateSyncKHR(1881): error 0x3004 (EGL_BAD_ATTRIBUTE)
12-09 07:47:42.488 W/audio_hw_generic( 1307): Hardware backing HAL too slow, could only write 0 of 661 frames
12-09 07:47:42.500 W/audio_hw_generic( 1307): Hardware backing HAL too slow, could only write 0 of 661 frames
12-09 07:47:42.515 W/audio_hw_generic( 1307): Hardware backing HAL too slow, could only write 0 of 661 frames
12-09 07:47:42.546 W/audio_hw_generic( 1307): Hardware backing HAL too slow, could only write 0 of 661 frames
12-09 07:47:42.559 D/gralloc_ranchu( 1218): gralloc_alloc: Creating ashmem region of size 3686400
12-09 07:47:42.575 W/audio_hw_generic( 1307): Hardware backing HAL too slow, could only write 0 of 661 frames
12-09 07:47:42.575 W/audio_hw_generic( 1307): Hardware backing HAL too slow, could only write 0 of 661 frames
12-09 07:47:42.598 W/audio_hw_generic( 1307): Hardware backing HAL too slow, could only write 0 of 661 frames
12-09 07:47:42.613 W/audio_hw_generic( 1307): Hardware backing HAL too slow, could only write 0 of 661 frames
12-09 07:47:42.629 W/audio_hw_generic( 1307): Hardware backing HAL too slow, could only write 0 of 661 frames
12-09 07:47:42.644 W/audio_hw_generic( 1307): Hardware backing HAL too slow, could only write 0 of 661 frames
12-09 07:47:42.658 W/audio_hw_generic( 1307): Hardware backing HAL too slow, could only write 0 of 661 frames
12-09 07:47:42.673 W/audio_hw_generic( 1307): Hardware backing HAL too slow, could only write 0 of 661 frames
12-09 07:47:42.677 I/ActivityManager( 1593): Displayed com.evancharlton.mileage/.charts.AverageFuelEconomyChart: +1s96ms
12-09 07:47:42.926 W/audio_hw_generic( 1307): Not supplying enough data to HAL, expected position 9253027 , only wrote 9252678
12-09 07:47:42.926 W/audio_hw_generic( 1307): Not supplying enough data to HAL, expected position 9252685 , only wrote 9252678
12-09 07:47:42.949 W/audio_hw_generic( 1307): Not supplying enough data to HAL, expected position 9253687 , only wrote 9253339
12-09 07:47:43.100 W/audio_hw_generic( 1307): Not supplying enough data to HAL, expected position 9259997 , only wrote 9258627
12-09 07:47:43.100 W/audio_hw_generic( 1307): Not supplying enough data to HAL, expected position 9258638 , only wrote 9258627
12-09 07:47:43.538 W/audio_hw_generic( 1307): Not supplying enough data to HAL, expected position 9277953 , only wrote 9277796
12-09 07:47:43.538 W/audio_hw_generic( 1307): Not supplying enough data to HAL, expected position 9277803 , only wrote 9277796
12-09 07:47:43.540 W/art     ( 1593): Long monitor contention event with owner method=void com.android.server.wm.WindowAnimator$1.doFrame(long) from WindowAnimator.java:121 waiters=0 for 101ms
12-09 07:47:43.833 W/audio_hw_generic( 1307): Hardware backing HAL too slow, could only write 0 of 661 frames
12-09 07:47:43.858 W/audio_hw_generic( 1307): Not supplying enough data to HAL, expected position 9291873 , only wrote 9291677
