12-09 08:03:47.956 E/SurfaceFlinger( 1223): ro.sf.lcd_density must be defined as a build property
12-09 08:03:47.983 W/audio_hw_generic( 1307): Not supplying enough data to HAL, expected position 19419037 , only wrote 19418858
12-09 08:03:48.013 W/audio_hw_generic( 1307): Not supplying enough data to HAL, expected position 19420195 , only wrote 19420180
12-09 08:03:48.078 D/gralloc_ranchu( 1223): gralloc_alloc: Creating ashmem region of size 3686400
12-09 08:03:48.085 D/Mileage.ABS(11080): Not backing up; 969
12-09 08:03:48.085 D/Mileage.ABS(11080): Not backing up; 969
12-09 08:03:48.148 D/        (11135): HostConnection::get() New Host Connection established 0x7f04427d2480, tid 11135
12-09 08:03:48.172 E/EGL_emulation( 1223): tid 1223: eglCreateSyncKHR(1881): error 0x3004 (EGL_BAD_ATTRIBUTE)
12-09 08:03:48.291 D/Mileage.ABS(11080): Finished backup
12-09 08:03:48.292 D/Mileage.ABS(11080): Not backing up; 112
12-09 08:03:48.407 D/Mileage.ABS(11080): Not backing up; 227
12-09 08:03:48.408 D/Mileage.ABS(11080): Not backing up; 227
12-09 08:03:48.443 D/Mileage.ABS(11080): Not backing up; 228
12-09 08:03:48.451 D/Mileage.ABS(11080): Not backing up; 271
12-09 08:03:48.451 D/Mileage.ABS(11080): Not backing up; 271
12-09 08:03:48.452 D/Mileage.ABS(11080): Not backing up; 272
12-09 08:03:48.658 D/Mileage.ABS(11080): Not backing up; 478
12-09 08:03:48.661 D/Mileage.ABS(11080): Not backing up; 481
12-09 08:03:48.662 D/Mileage.ABS(11080): Not backing up; 482
12-09 08:03:48.743 W/audio_hw_generic( 1307): Hardware backing HAL too slow, could only write 0 of 661 frames
12-09 08:03:48.848 D/Mileage.ABS(11080): Not backing up; 668
12-09 08:03:48.861 D/VehicleStatisticsAdapter(11080): Caching of 29 records complete! (2.934 seconds)
12-09 08:03:48.884 D/Mileage.ABS(11080): Not backing up; 704
12-09 08:03:48.884 D/Mileage.ABS(11080): Not backing up; 704
12-09 08:03:48.885 D/Mileage.ABS(11080): Not backing up; 705
12-09 08:03:48.959 W/audio_hw_generic( 1307): Not supplying enough data to HAL, expected position 19461915 , only wrote 19460501
12-09 08:03:49.011 I/art     (11080): Background sticky concurrent mark sweep GC freed 51180(2MB) AllocSpace objects, 3(60KB) LOS objects, 48% free, 2MB/5MB, paused 1.087ms total 226.479ms
12-09 08:03:49.024 I/System.out(11080): URI: //
12-09 08:03:49.024 I/System.out(11080): params: {json={"command":"set_activity_orientation","arguments":["landscape"]}
12-09 08:03:49.024 I/System.out(11080): }
12-09 08:03:49.024 I/System.out(11080): header: {date=Sun, 09 Dec 2018 08:03:49 GMT, accept=*/*, content-length=64, host=127.0.0.1:34777, user-agent=HTTPClient/1.0 (2.8.3, ruby 2.3.1 (2016-04-26)), content-type=application/json;charset=utf-8}
12-09 08:03:49.024 I/System.out(11080): params: {json={"command":"set_activity_orientation","arguments":["landscape"]}
12-09 08:03:49.024 I/System.out(11080): }
12-09 08:03:49.024 I/System.out(11080): ProP json = {"command":"set_activity_orientation","arguments":["landscape"]}
12-09 08:03:49.024 I/System.out(11080): files: {}
12-09 08:03:49.024 I/System.out(11080): command: {"command":"set_activity_orientation","arguments":["landscape"]}
12-09 08:03:49.025 I/InstrumentationBackend(11080): Got command:'Command:'Line:null,set_activity_orientation', arguments:'[landscape]'
12-09 08:03:49.029 D/Mileage.ABS(11080): Not backing up; 849
12-09 08:03:49.033 D/gralloc_ranchu( 1223): gralloc_alloc: Creating ashmem region of size 3686400
12-09 08:03:49.131 E/EGL_emulation( 1223): tid 1223: eglCreateSyncKHR(1881): error 0x3004 (EGL_BAD_ATTRIBUTE)
12-09 08:03:49.263 I/ActivityManager( 1592): Config changes=480 {1.0 310mcc260mnc en_US ldltr sw720dp w1280dp h696dp 160dpi xlrg long land finger -keyb/v/h tball/v s.26}
12-09 08:03:49.280 I/InputReader( 1592): Reconfiguring input devices.  changes=0x00000004
12-09 08:03:49.280 I/InputReader( 1592): Device reconfigured: id=0, name='qwerty2', size 720x1280, orientation 1, mode 1, display id 0
12-09 08:03:49.391 W/audio_hw_generic( 1307): Not supplying enough data to HAL, expected position 19479524 , only wrote 19479009
12-09 08:03:49.391 W/audio_hw_generic( 1307): Hardware backing HAL too slow, could only write 0 of 661 frames
12-09 08:03:49.443 W/audio_hw_generic( 1307): Not supplying enough data to HAL, expected position 19481326 , only wrote 19480331
12-09 08:03:49.583 W/audio_hw_generic( 1307): Not supplying enough data to HAL, expected position 19486476 , only wrote 19486280
12-09 08:03:49.583 W/audio_hw_generic( 1307): Not supplying enough data to HAL, expected position 19486286 , only wrote 19486280
12-09 08:03:49.606 W/audio_hw_generic( 1307): Not supplying enough data to HAL, expected position 19487291 , only wrote 19486941
12-09 08:03:49.620 W/art     ( 1592): Long monitor contention event with owner method=void com.android.server.am.ActivityManagerService.setRequestedOrientation(android.os.IBinder, int) from ActivityManagerService.java:4192 waiters=0 for 591ms
12-09 08:03:49.621 W/art     ( 1592): Long monitor contention event with owner method=void com.android.server.am.ActivityManagerService.setRequestedOrientation(android.os.IBinder, int) from ActivityManagerService.java:4192 waiters=1 for 591ms
12-09 08:03:49.621 W/art     ( 1592): Long monitor contention event with owner method=void com.android.server.am.ActivityManagerService.setRequestedOrientation(android.os.IBinder, int) from ActivityManagerService.java:4192 waiters=2 for 546ms
12-09 08:03:49.622 W/art     ( 1592): Long monitor contention event with owner method=void com.android.server.am.ActivityManagerService.setRequestedOrientation(android.os.IBinder, int) from ActivityManagerService.java:4192 waiters=3 for 453ms
12-09 08:03:49.703 D/Mileage.ABS(11080): Finished backup
12-09 08:03:49.720 D/EGL_emulation( 1688): eglMakeCurrent: 0x7f7b71de5ce0: ver 2 0 (tinfo 0x7f7b71dc2200)
12-09 08:03:49.740 E/Surface ( 1688): getSlotFromBufferLocked: unknown buffer: 0x7f7b65006d60
12-09 08:03:49.741 D/EGL_emulation( 1688): eglMakeCurrent: 0x7f7b71de5ce0: ver 2 0 (tinfo 0x7f7b71dc2200)
12-09 08:03:49.752 I/calabash(11080): newActivity1
12-09 08:03:49.767 I/calabash(11080): newActivity1
12-09 08:03:49.768 W/ActivityManager( 1592): Bad activity token: android.os.BinderProxy@190e601
12-09 08:03:49.768 W/ActivityManager( 1592): java.lang.ClassCastException: android.os.BinderProxy cannot be cast to com.android.server.am.ActivityRecord$Token
12-09 08:03:49.768 W/ActivityManager( 1592): 	at com.android.server.am.ActivityRecord.forTokenLocked(ActivityRecord.java:424)
12-09 08:03:49.768 W/ActivityManager( 1592): 	at com.android.server.am.ActivityRecord.isInStackLocked(ActivityRecord.java:1121)
12-09 08:03:49.768 W/ActivityManager( 1592): 	at com.android.server.am.ActivityRecord.getStackLocked(ActivityRecord.java:1126)
12-09 08:03:49.768 W/ActivityManager( 1592): 	at com.android.server.am.ActivityManagerService.getActivityDisplayId(ActivityManagerService.java:8889)
12-09 08:03:49.768 W/ActivityManager( 1592): 	at android.app.ActivityManagerNative.onTransact(ActivityManagerNative.java:2338)
12-09 08:03:49.768 W/ActivityManager( 1592): 	at com.android.server.am.ActivityManagerService.onTransact(ActivityManagerService.java:2443)
12-09 08:03:49.768 W/ActivityManager( 1592): 	at android.os.Binder.execTransact(Binder.java:453)
12-09 08:03:49.769 W/ActivityManager( 1592): Bad activity token: android.os.BinderProxy@190e601
12-09 08:03:49.769 W/ActivityManager( 1592): java.lang.ClassCastException: android.os.BinderProxy cannot be cast to com.android.server.am.ActivityRecord$Token
12-09 08:03:49.769 W/ActivityManager( 1592): 	at com.android.server.am.ActivityRecord.forTokenLocked(ActivityRecord.java:424)
12-09 08:03:49.769 W/ActivityManager( 1592): 	at com.android.server.am.ActivityRecord.isInStackLocked(ActivityRecord.java:1121)
12-09 08:03:49.769 W/ActivityManager( 1592): 	at com.android.server.am.ActivityManagerService.setTaskDescription(ActivityManagerService.java:8547)
12-09 08:03:49.769 W/ActivityManager( 1592): 	at android.app.ActivityManagerNative.onTransact(ActivityManagerNative.java:2410)
12-09 08:03:49.769 W/ActivityManager( 1592): 	at com.android.server.am.ActivityManagerService.onTransact(ActivityManagerService.java:2443)
12-09 08:03:49.769 W/ActivityManager( 1592): 	at android.os.Binder.execTransact(Binder.java:453)
12-09 08:03:49.820 I/System.out(11080): result:{"bonusInformation":[],"message":"","success":true}
12-09 08:03:49.915 I/WindowManager( 1592): Screen frozen for +889ms due to Window{2942ff1 u0 StatusBar}
12-09 08:03:49.924 W/audio_hw_generic( 1307): Not supplying enough data to HAL, expected position 19500961 , only wrote 19500822
12-09 08:03:49.924 W/audio_hw_generic( 1307): Not supplying enough data to HAL, expected position 19500828 , only wrote 19500822
12-09 08:03:49.947 W/audio_hw_generic( 1307): Not supplying enough data to HAL, expected position 19501834 , only wrote 19501483
12-09 08:03:49.998 W/ActivityManager( 1592): Bad activity token: android.os.BinderProxy@190e601
12-09 08:03:49.998 W/ActivityManager( 1592): java.lang.ClassCastException: android.os.BinderProxy cannot be cast to com.android.server.am.ActivityRecord$Token
12-09 08:03:49.998 W/ActivityManager( 1592): 	at com.android.server.am.ActivityRecord.forTokenLocked(ActivityRecord.java:424)
12-09 08:03:49.998 W/ActivityManager( 1592): 	at com.android.server.am.ActivityRecord.isInStackLocked(ActivityRecord.java:1121)
12-09 08:03:49.998 W/ActivityManager( 1592): 	at com.android.server.am.ActivityManagerService.getActivityOptions(ActivityManagerService.java:11038)
12-09 08:03:49.998 W/ActivityManager( 1592): 	at android.app.ActivityManagerNative.onTransact(ActivityManagerNative.java:1734)
12-09 08:03:49.998 W/ActivityManager( 1592): 	at com.android.server.am.ActivityManagerService.onTransact(ActivityManagerService.java:2443)
12-09 08:03:49.998 W/ActivityManager( 1592): 	at android.os.Binder.execTransact(Binder.java:453)
12-09 08:03:49.998 W/ActivityManager( 1592): Bad activity token: android.os.BinderProxy@190e601
12-09 08:03:49.998 W/ActivityManager( 1592): java.lang.ClassCastException: android.os.BinderProxy cannot be cast to com.android.server.am.ActivityRecord$Token
12-09 08:03:49.998 W/ActivityManager( 1592): 	at com.android.server.am.ActivityRecord.forTokenLocked(ActivityRecord.java:424)
12-09 08:03:49.998 W/ActivityManager( 1592): 	at com.android.server.am.ActivityRecord.isInStackLocked(ActivityRecord.java:1121)
12-09 08:03:49.998 W/ActivityManager( 1592): 	at com.android.server.am.ActivityManagerService.getActivityOptions(ActivityManagerService.java:11038)
12-09 08:03:49.998 W/ActivityManager( 1592): 	at android.app.ActivityManagerNative.onTransact(ActivityManagerNative.java:1734)
12-09 08:03:49.998 W/ActivityManager( 1592): 	at com.android.server.am.ActivityManagerService.onTransact(ActivityManagerService.java:2443)
12-09 08:03:49.998 W/ActivityManager( 1592): 	at android.os.Binder.execTransact(Binder.java:453)
12-09 08:03:50.012 D/VehicleStatisticsAdapter(11080): Caching of 29 records complete! (3.709 seconds)
12-09 08:03:50.150 W/audio_hw_generic( 1307): Not supplying enough data to HAL, expected position 19510461 , only wrote 19506771
12-09 08:03:50.178 W/audio_hw_generic( 1307): Not supplying enough data to HAL, expected position 19508005 , only wrote 19506771
12-09 08:03:50.210 W/art     ( 1592): Long monitor contention event with owner method=void com.android.server.wm.WindowManagerService$H.handleMessage(android.os.Message) from WindowManagerService.java:7820 waiters=0 for 175ms
12-09 08:03:50.212 W/PhoneWindow(11080): Previously focused view reported id 2131296279 during save, but can't be found during restore.
12-09 08:03:50.227 W/audio_hw_generic( 1307): Not supplying enough data to HAL, expected position 19508906 , only wrote 19508093
12-09 08:03:50.261 W/audio_hw_generic( 1307): Not supplying enough data to HAL, expected position 19509594 , only wrote 19509415
12-09 08:03:50.280 I/Choreographer(11080): Skipped 41 frames!  The application may be doing too much work on its main thread.
12-09 08:03:50.294 W/audio_hw_generic( 1307): Hardware backing HAL too slow, could only write 0 of 661 frames
12-09 08:03:50.372 W/audio_hw_generic( 1307): Hardware backing HAL too slow, could only write 0 of 661 frames
12-09 08:03:50.386 W/audio_hw_generic( 1307): Hardware backing HAL too slow, could only write 0 of 661 frames
12-09 08:03:50.399 W/audio_hw_generic( 1307): Hardware backing HAL too slow, could only write 0 of 661 frames
12-09 08:03:50.449 W/audio_hw_generic( 1307): Hardware backing HAL too slow, could only write 0 of 661 frames
12-09 08:03:50.449 W/audio_hw_generic( 1307): Not supplying enough data to HAL, expected position 19517709 , only wrote 19517347
12-09 08:03:50.449 W/audio_hw_generic( 1307): Not supplying enough data to HAL, expected position 19517352 , only wrote 19517347
12-09 08:03:50.460 W/art     ( 1592): Long monitor contention event with owner method=void com.android.server.wm.WindowAnimator$1.doFrame(long) from WindowAnimator.java:121 waiters=0 for 167ms
12-09 08:03:50.523 D/Mileage.ABS(11080): Not backing up; 902
12-09 08:03:50.523 D/Mileage.ABS(11080): Not backing up; 902
12-09 08:03:50.524 D/Mileage.ABS(11080): Not backing up; 903
12-09 08:03:50.527 D/gralloc_ranchu( 1223): gralloc_alloc: Creating ashmem region of size 3686400
12-09 08:03:50.528 W/audio_hw_generic( 1307): Not supplying enough data to HAL, expected position 19522925 , only wrote 19520652
12-09 08:03:50.915 D/gralloc_ranchu( 1223): gralloc_alloc: Creating ashmem region of size 3686400
12-09 08:03:51.642 D/gralloc_ranchu( 1223): gralloc_alloc: Creating ashmem region of size 3686400
12-09 08:03:51.919 I/System.out(11080): URI: //gesture
12-09 08:03:51.919 I/System.out(11080): params: {json={"query_timeout":5.0,"gestures":[{"query_string":"android.widget.TabWidget descendant TextView index:1","touches":[{"x":50,"y":50,"offset_x":0,"offset_y":0,"wait":0.0,"time":0.2,"release":true,"query_string":null}]}]}
12-09 08:03:51.919 I/System.out(11080): }
12-09 08:03:52.213 I/art     ( 1592): Starting a blocking GC Explicit
12-09 08:03:52.269 I/calabash(11080): newActivity1
12-09 08:03:52.269 W/ActivityManager( 1592): Bad activity token: android.os.BinderProxy@2f5ebdf
12-09 08:03:52.269 W/ActivityManager( 1592): java.lang.ClassCastException: android.os.BinderProxy cannot be cast to com.android.server.am.ActivityRecord$Token
12-09 08:03:52.269 W/ActivityManager( 1592): 	at com.android.server.am.ActivityRecord.forTokenLocked(ActivityRecord.java:424)
12-09 08:03:52.269 W/ActivityManager( 1592): 	at com.android.server.am.ActivityRecord.isInStackLocked(ActivityRecord.java:1121)
12-09 08:03:52.269 W/ActivityManager( 1592): 	at com.android.server.am.ActivityRecord.getStackLocked(ActivityRecord.java:1126)
12-09 08:03:52.269 W/ActivityManager( 1592): 	at com.android.server.am.ActivityManagerService.getActivityDisplayId(ActivityManagerService.java:8889)
12-09 08:03:52.269 W/ActivityManager( 1592): 	at android.app.ActivityManagerNative.onTransact(ActivityManagerNative.java:2338)
12-09 08:03:52.269 W/ActivityManager( 1592): 	at com.android.server.am.ActivityManagerService.onTransact(ActivityManagerService.java:2443)
12-09 08:03:52.269 W/ActivityManager( 1592): 	at android.os.Binder.execTransact(Binder.java:453)
12-09 08:03:52.270 W/ActivityManager( 1592): Bad activity token: android.os.BinderProxy@2f5ebdf
12-09 08:03:52.270 W/ActivityManager( 1592): java.lang.ClassCastException: android.os.BinderProxy cannot be cast to com.android.server.am.ActivityRecord$Token
12-09 08:03:52.270 W/ActivityManager( 1592): 	at com.android.server.am.ActivityRecord.forTokenLocked(ActivityRecord.java:424)
12-09 08:03:52.270 W/ActivityManager( 1592): 	at com.android.server.am.ActivityRecord.isInStackLocked(ActivityRecord.java:1121)
12-09 08:03:52.270 W/ActivityManager( 1592): 	at com.android.server.am.ActivityManagerService.setTaskDescription(ActivityManagerService.java:8547)
12-09 08:03:52.270 W/ActivityManager( 1592): 	at android.app.ActivityManagerNative.onTransact(ActivityManagerNative.java:2410)
12-09 08:03:52.270 W/ActivityManager( 1592): 	at com.android.server.am.ActivityManagerService.onTransact(ActivityManagerService.java:2443)
12-09 08:03:52.270 W/ActivityManager( 1592): 	at android.os.Binder.execTransact(Binder.java:453)
12-09 08:03:52.319 I/art     ( 1592): Explicit concurrent mark sweep GC freed 9033(781KB) AllocSpace objects, 2(40KB) LOS objects, 30% free, 9MB/13MB, paused 22.850ms total 100.355ms
12-09 08:03:52.331 W/ActivityManager( 1592): Bad activity token: android.os.BinderProxy@bbbfaf5
12-09 08:03:52.331 W/ActivityManager( 1592): java.lang.ClassCastException: android.os.BinderProxy cannot be cast to com.android.server.am.ActivityRecord$Token
12-09 08:03:52.331 W/ActivityManager( 1592): 	at com.android.server.am.ActivityRecord.forTokenLocked(ActivityRecord.java:424)
12-09 08:03:52.331 W/ActivityManager( 1592): 	at com.android.server.am.ActivityRecord.isInStackLocked(ActivityRecord.java:1121)
12-09 08:03:52.331 W/ActivityManager( 1592): 	at com.android.server.am.ActivityManagerService.getActivityOptions(ActivityManagerService.java:11038)
12-09 08:03:52.331 W/ActivityManager( 1592): 	at android.app.ActivityManagerNative.onTransact(ActivityManagerNative.java:1734)
12-09 08:03:52.331 W/ActivityManager( 1592): 	at com.android.server.am.ActivityManagerService.onTransact(ActivityManagerService.java:2443)
12-09 08:03:52.331 W/ActivityManager( 1592): 	at android.os.Binder.execTransact(Binder.java:453)
12-09 08:03:52.331 W/ActivityManager( 1592): Bad activity token: android.os.BinderProxy@bbbfaf5
12-09 08:03:52.331 W/ActivityManager( 1592): java.lang.ClassCastException: android.os.BinderProxy cannot be cast to com.android.server.am.ActivityRecord$Token
12-09 08:03:52.331 W/ActivityManager( 1592): 	at com.android.server.am.ActivityRecord.forTokenLocked(ActivityRecord.java:424)
12-09 08:03:52.331 W/ActivityManager( 1592): 	at com.android.server.am.ActivityRecord.isInStackLocked(ActivityRecord.java:1121)
12-09 08:03:52.331 W/ActivityManager( 1592): 	at com.android.server.am.ActivityManagerService.getActivityOptions(ActivityManagerService.java:11038)
12-09 08:03:52.331 W/ActivityManager( 1592): 	at android.app.ActivityManagerNative.onTransact(ActivityManagerNative.java:1734)
12-09 08:03:52.331 W/ActivityManager( 1592): 	at com.android.server.am.ActivityManagerService.onTransact(ActivityManagerService.java:2443)
12-09 08:03:52.331 W/ActivityManager( 1592): 	at android.os.Binder.execTransact(Binder.java:453)
12-09 08:03:52.340 W/audio_hw_generic( 1307): Hardware backing HAL too slow, could only write 0 of 661 frames
12-09 08:03:52.358 W/audio_hw_generic( 1307): Hardware backing HAL too slow, could only write 0 of 661 frames
12-09 08:03:52.371 W/audio_hw_generic( 1307): Hardware backing HAL too slow, could only write 0 of 661 frames
12-09 08:03:52.403 I/art     (11080): Background sticky concurrent mark sweep GC freed 64114(2MB) AllocSpace objects, 4(80KB) LOS objects, 40% free, 3MB/5MB, paused 1.256ms total 107.448ms
12-09 08:03:52.410 W/audio_hw_generic( 1307): Hardware backing HAL too slow, could only write 0 of 661 frames
12-09 08:03:52.514 D/Mileage (11080): Not enough fillups to calculate economy
12-09 08:03:52.587 W/audio_hw_generic( 1307): Not supplying enough data to HAL, expected position 19533536 , only wrote 19533211
12-09 08:03:52.624 W/audio_hw_generic( 1307): Hardware backing HAL too slow, could only write 0 of 661 frames
12-09 08:03:52.692 W/audio_hw_generic( 1307): Not supplying enough data to HAL, expected position 19537879 , only wrote 19537177
12-09 08:03:52.693 W/audio_hw_generic( 1307): Not supplying enough data to HAL, expected position 19537183 , only wrote 19537177
12-09 08:03:52.777 W/audio_hw_generic( 1307): Hardware backing HAL too slow, could only write 0 of 661 frames
12-09 08:03:52.777 W/audio_hw_generic( 1307): Not supplying enough data to HAL, expected position 19540900 , only wrote 19540482
12-09 08:03:52.777 W/audio_hw_generic( 1307): Not supplying enough data to HAL, expected position 19540487 , only wrote 19540482
12-09 08:03:52.837 W/audio_hw_generic( 1307): Not supplying enough data to HAL, expected position 19543103 , only wrote 19541143
12-09 08:03:52.980 E/SurfaceFlinger( 1223): ro.sf.lcd_density must be defined as a build property
12-09 08:03:53.035 D/gralloc_ranchu( 1223): gralloc_alloc: Creating ashmem region of size 3686400
12-09 08:03:53.051 D/        (11147): HostConnection::get() New Host Connection established 0x7f475b1d2480, tid 11147
12-09 08:03:53.083 E/EGL_emulation( 1223): tid 1223: eglCreateSyncKHR(1881): error 0x3004 (EGL_BAD_ATTRIBUTE)
12-09 08:03:53.152 W/audio_hw_generic( 1307): Not supplying enough data to HAL, expected position 19555053 , only wrote 19554363
12-09 08:03:53.237 W/audio_hw_generic( 1307): Hardware backing HAL too slow, could only write 0 of 661 frames
12-09 08:03:53.270 W/audio_hw_generic( 1307): Hardware backing HAL too slow, could only write 0 of 661 frames
12-09 08:03:53.289 W/audio_hw_generic( 1307): Hardware backing HAL too slow, could only write 0 of 661 frames
12-09 08:03:53.301 W/audio_hw_generic( 1307): Hardware backing HAL too slow, could only write 0 of 661 frames
12-09 08:03:53.330 W/audio_hw_generic( 1307): Hardware backing HAL too slow, could only write 0 of 661 frames
12-09 08:03:53.456 W/audio_hw_generic( 1307): Not supplying enough data to HAL, expected position 19567750 , only wrote 19567583
12-09 08:03:53.456 W/audio_hw_generic( 1307): Not supplying enough data to HAL, expected position 19567589 , only wrote 19567583
12-09 08:03:53.691 W/audio_hw_generic( 1307): Not supplying enough data to HAL, expected position 19577949 , only wrote 19572871
12-09 08:03:53.691 W/audio_hw_generic( 1307): Not supplying enough data to HAL, expected position 19572881 , only wrote 19572871
12-09 08:03:53.716 W/audio_hw_generic( 1307): Not supplying enough data to HAL, expected position 19573996 , only wrote 19573532
12-09 08:03:53.771 W/audio_hw_generic( 1307): Hardware backing HAL too slow, could only write 0 of 661 frames
12-09 08:03:53.790 W/audio_hw_generic( 1307): Hardware backing HAL too slow, could only write 0 of 661 frames
12-09 08:03:53.799 W/audio_hw_generic( 1307): Hardware backing HAL too slow, could only write 0 of 661 frames
12-09 08:03:53.979 W/audio_hw_generic( 1307): Not supplying enough data to HAL, expected position 19585087 , only wrote 19582786
12-09 08:03:53.979 W/audio_hw_generic( 1307): Not supplying enough data to HAL, expected position 19582792 , only wrote 19582786
12-09 08:03:53.992 I/System.out(11080): URI: //gesture
12-09 08:03:53.992 I/System.out(11080): params: {json={"query_timeout":5.0,"gestures":[{"query_string":"android.widget.TabWidget descendant TextView index:3","touches":[{"x":50,"y":50,"offset_x":0,"offset_y":0,"wait":0.0,"time":0.2,"release":true,"query_string":null}]}]}
12-09 08:03:53.992 I/System.out(11080): }
12-09 08:03:53.999 W/audio_hw_generic( 1307): Not supplying enough data to HAL, expected position 19583661 , only wrote 19583447
12-09 08:03:54.323 W/audio_hw_generic( 1307): Not supplying enough data to HAL, expected position 19597736 , only wrote 19597328
12-09 08:03:54.323 W/audio_hw_generic( 1307): Not supplying enough data to HAL, expected position 19597334 , only wrote 19597328
12-09 08:03:54.383 W/audio_hw_generic( 1307): Not supplying enough data to HAL, expected position 19599967 , only wrote 19597989
12-09 08:03:54.412 I/calabash(11080): newActivity1
12-09 08:03:54.413 W/ActivityManager( 1592): Bad activity token: android.os.BinderProxy@71e5171
12-09 08:03:54.413 W/ActivityManager( 1592): java.lang.ClassCastException: android.os.BinderProxy cannot be cast to com.android.server.am.ActivityRecord$Token
12-09 08:03:54.413 W/ActivityManager( 1592): 	at com.android.server.am.ActivityRecord.forTokenLocked(ActivityRecord.java:424)
12-09 08:03:54.413 W/ActivityManager( 1592): 	at com.android.server.am.ActivityRecord.isInStackLocked(ActivityRecord.java:1121)
12-09 08:03:54.413 W/ActivityManager( 1592): 	at com.android.server.am.ActivityRecord.getStackLocked(ActivityRecord.java:1126)
12-09 08:03:54.413 W/ActivityManager( 1592): 	at com.android.server.am.ActivityManagerService.getActivityDisplayId(ActivityManagerService.java:8889)
12-09 08:03:54.413 W/ActivityManager( 1592): 	at android.app.ActivityManagerNative.onTransact(ActivityManagerNative.java:2338)
12-09 08:03:54.413 W/ActivityManager( 1592): 	at com.android.server.am.ActivityManagerService.onTransact(ActivityManagerService.java:2443)
12-09 08:03:54.413 W/ActivityManager( 1592): 	at android.os.Binder.execTransact(Binder.java:453)
12-09 08:03:54.414 W/audio_hw_generic( 1307): Hardware backing HAL too slow, could only write 0 of 661 frames
12-09 08:03:54.419 W/ActivityManager( 1592): Bad activity token: android.os.BinderProxy@71e5171
12-09 08:03:54.419 W/ActivityManager( 1592): java.lang.ClassCastException: android.os.BinderProxy cannot be cast to com.android.server.am.ActivityRecord$Token
12-09 08:03:54.419 W/ActivityManager( 1592): 	at com.android.server.am.ActivityRecord.forTokenLocked(ActivityRecord.java:424)
12-09 08:03:54.419 W/ActivityManager( 1592): 	at com.android.server.am.ActivityRecord.isInStackLocked(ActivityRecord.java:1121)
12-09 08:03:54.419 W/ActivityManager( 1592): 	at com.android.server.am.ActivityManagerService.setTaskDescription(ActivityManagerService.java:8547)
12-09 08:03:54.419 W/ActivityManager( 1592): 	at android.app.ActivityManagerNative.onTransact(ActivityManagerNative.java:2410)
12-09 08:03:54.419 W/ActivityManager( 1592): 	at com.android.server.am.ActivityManagerService.onTransact(ActivityManagerService.java:2443)
12-09 08:03:54.419 W/ActivityManager( 1592): 	at android.os.Binder.execTransact(Binder.java:453)
12-09 08:03:54.443 W/ActivityManager( 1592): Bad activity token: android.os.BinderProxy@71e5171
12-09 08:03:54.443 W/ActivityManager( 1592): java.lang.ClassCastException: android.os.BinderProxy cannot be cast to com.android.server.am.ActivityRecord$Token
12-09 08:03:54.443 W/ActivityManager( 1592): 	at com.android.server.am.ActivityRecord.forTokenLocked(ActivityRecord.java:424)
12-09 08:03:54.443 W/ActivityManager( 1592): 	at com.android.server.am.ActivityRecord.isInStackLocked(ActivityRecord.java:1121)
12-09 08:03:54.443 W/ActivityManager( 1592): 	at com.android.server.am.ActivityManagerService.getActivityOptions(ActivityManagerService.java:11038)
12-09 08:03:54.443 W/ActivityManager( 1592): 	at android.app.ActivityManagerNative.onTransact(ActivityManagerNative.java:1734)
12-09 08:03:54.443 W/ActivityManager( 1592): 	at com.android.server.am.ActivityManagerService.onTransact(ActivityManagerService.java:2443)
12-09 08:03:54.443 W/ActivityManager( 1592): 	at android.os.Binder.execTransact(Binder.java:453)
12-09 08:03:54.443 W/ActivityManager( 1592): Bad activity token: android.os.BinderProxy@71e5171
12-09 08:03:54.443 W/ActivityManager( 1592): java.lang.ClassCastException: android.os.BinderProxy cannot be cast to com.android.server.am.ActivityRecord$Token
12-09 08:03:54.443 W/ActivityManager( 1592): 	at com.android.server.am.ActivityRecord.forTokenLocked(ActivityRecord.java:424)
12-09 08:03:54.443 W/ActivityManager( 1592): 	at com.android.server.am.ActivityRecord.isInStackLocked(ActivityRecord.java:1121)
12-09 08:03:54.443 W/ActivityManager( 1592): 	at com.android.server.am.ActivityManagerService.getActivityOptions(ActivityManagerService.java:11038)
12-09 08:03:54.443 W/ActivityManager( 1592): 	at android.app.ActivityManagerNative.onTransact(ActivityManagerNative.java:1734)
12-09 08:03:54.443 W/ActivityManager( 1592): 	at com.android.server.am.ActivityManagerService.onTransact(ActivityManagerService.java:2443)
12-09 08:03:54.443 W/ActivityManager( 1592): 	at android.os.Binder.execTransact(Binder.java:453)
12-09 08:03:54.491 D/AudioFlinger( 1307): mixer(0xf43c0000) throttle end: throttle time(11)
12-09 08:03:54.511 W/audio_hw_generic( 1307): Not supplying enough data to HAL, expected position 19603633 , only wrote 19601955
12-09 08:03:54.524 I/art     (11080): Background sticky concurrent mark sweep GC freed 48665(2MB) AllocSpace objects, 2(40KB) LOS objects, 39% free, 3MB/5MB, paused 1.108ms total 106.955ms
12-09 08:03:54.532 W/CursorWrapperInner(11080): Cursor finalized without prior close()
12-09 08:03:54.570 W/audio_hw_generic( 1307): Hardware backing HAL too slow, could only write 0 of 661 frames
12-09 08:03:54.736 W/audio_hw_generic( 1307): Not supplying enough data to HAL, expected position 19611903 , only wrote 19611870
12-09 08:03:54.736 W/audio_hw_generic( 1307): Not supplying enough data to HAL, expected position 19611876 , only wrote 19611870
12-09 08:03:54.901 E/SurfaceFlinger( 1223): ro.sf.lcd_density must be defined as a build property
12-09 08:03:54.902 D/gralloc_ranchu( 1223): gralloc_alloc: Creating ashmem region of size 3686400
12-09 08:03:54.938 D/        (11152): HostConnection::get() New Host Connection established 0x7fbfd2992480, tid 11152
12-09 08:03:54.973 E/EGL_emulation( 1223): tid 1223: eglCreateSyncKHR(1881): error 0x3004 (EGL_BAD_ATTRIBUTE)
12-09 08:03:55.021 W/audio_hw_generic( 1307): Not supplying enough data to HAL, expected position 19624447 , only wrote 19624429
12-09 08:03:55.022 W/audio_hw_generic( 1307): Not supplying enough data to HAL, expected position 19624435 , only wrote 19624429
12-09 08:03:55.040 W/audio_hw_generic( 1307): Not supplying enough data to HAL, expected position 19625219 , only wrote 19625090
12-09 08:03:55.223 W/audio_hw_generic( 1307): Not supplying enough data to HAL, expected position 19633199 , only wrote 19631039
12-09 08:03:55.224 W/audio_hw_generic( 1307): Not supplying enough data to HAL, expected position 19631045 , only wrote 19631039
12-09 08:03:55.240 W/audio_hw_generic( 1307): Not supplying enough data to HAL, expected position 19631751 , only wrote 19631700
12-09 08:03:55.573 I/System.out(11080): URI: //gesture
12-09 08:03:55.573 I/System.out(11080): params: {json={"query_timeout":5.0,"gestures":[{"query_string":"android.widget.TabWidget descendant TextView index:2","touches":[{"x":50,"y":50,"offset_x":0,"offset_y":0,"wait":0.0,"time":0.2,"release":true,"query_string":null}]}]}
12-09 08:03:55.573 I/System.out(11080): }
12-09 08:03:56.000 W/audio_hw_generic( 1307): Not supplying enough data to HAL, expected position 19665235 , only wrote 19663428
12-09 08:03:56.000 W/audio_hw_generic( 1307): Not supplying enough data to HAL, expected position 19663437 , only wrote 19663428
12-09 08:03:56.070 W/audio_hw_generic( 1307): Hardware backing HAL too slow, could only write 0 of 661 frames
12-09 08:03:56.091 W/audio_hw_generic( 1307): Not supplying enough data to HAL, expected position 19667402 , only wrote 19667394
12-09 08:03:56.091 W/audio_hw_generic( 1307): Not supplying enough data to HAL, expected position 19667402 , only wrote 19667394
12-09 08:03:56.091 W/audio_hw_generic( 1307): Hardware backing HAL too slow, could only write 0 of 661 frames
12-09 08:03:56.107 W/audio_hw_generic( 1307): Not supplying enough data to HAL, expected position 19668093 , only wrote 19668055
12-09 08:03:56.107 W/audio_hw_generic( 1307): Hardware backing HAL too slow, could only write 0 of 661 frames
12-09 08:03:56.107 W/audio_hw_generic( 1307): Hardware backing HAL too slow, could only write 0 of 661 frames
12-09 08:03:56.242 W/audio_hw_generic( 1307): Not supplying enough data to HAL, expected position 19674046 , only wrote 19674004
12-09 08:03:56.243 W/audio_hw_generic( 1307): Not supplying enough data to HAL, expected position 19674010 , only wrote 19674004
12-09 08:03:56.281 W/audio_hw_generic( 1307): Not supplying enough data to HAL, expected position 19675685 , only wrote 19674665
12-09 08:03:56.290 I/calabash(11080): newActivity1
12-09 08:03:56.295 W/ActivityManager( 1592): Bad activity token: android.os.BinderProxy@31f4b56
12-09 08:03:56.295 W/ActivityManager( 1592): java.lang.ClassCastException: android.os.BinderProxy cannot be cast to com.android.server.am.ActivityRecord$Token
12-09 08:03:56.295 W/ActivityManager( 1592): 	at com.android.server.am.ActivityRecord.forTokenLocked(ActivityRecord.java:424)
12-09 08:03:56.295 W/ActivityManager( 1592): 	at com.android.server.am.ActivityRecord.isInStackLocked(ActivityRecord.java:1121)
12-09 08:03:56.295 W/ActivityManager( 1592): 	at com.android.server.am.ActivityRecord.getStackLocked(ActivityRecord.java:1126)
12-09 08:03:56.295 W/ActivityManager( 1592): 	at com.android.server.am.ActivityManagerService.getActivityDisplayId(ActivityManagerService.java:8889)
12-09 08:03:56.295 W/ActivityManager( 1592): 	at android.app.ActivityManagerNative.onTransact(ActivityManagerNative.java:2338)
12-09 08:03:56.295 W/ActivityManager( 1592): 	at com.android.server.am.ActivityManagerService.onTransact(ActivityManagerService.java:2443)
12-09 08:03:56.295 W/ActivityManager( 1592): 	at android.os.Binder.execTransact(Binder.java:453)
12-09 08:03:56.296 W/ActivityManager( 1592): Bad activity token: android.os.BinderProxy@31f4b56
12-09 08:03:56.296 W/ActivityManager( 1592): java.lang.ClassCastException: android.os.BinderProxy cannot be cast to com.android.server.am.ActivityRecord$Token
12-09 08:03:56.296 W/ActivityManager( 1592): 	at com.android.server.am.ActivityRecord.forTokenLocked(ActivityRecord.java:424)
12-09 08:03:56.296 W/ActivityManager( 1592): 	at com.android.server.am.ActivityRecord.isInStackLocked(ActivityRecord.java:1121)
12-09 08:03:56.296 W/ActivityManager( 1592): 	at com.android.server.am.ActivityManagerService.setTaskDescription(ActivityManagerService.java:8547)
12-09 08:03:56.296 W/ActivityManager( 1592): 	at android.app.ActivityManagerNative.onTransact(ActivityManagerNative.java:2410)
12-09 08:03:56.296 W/ActivityManager( 1592): 	at com.android.server.am.ActivityManagerService.onTransact(ActivityManagerService.java:2443)
12-09 08:03:56.296 W/ActivityManager( 1592): 	at android.os.Binder.execTransact(Binder.java:453)
12-09 08:03:56.362 D/VehicleStatisticsActivity(11080): Checking recalculation ...
12-09 08:03:56.436 W/audio_hw_generic( 1307): Not supplying enough data to HAL, expected position 19681492 , only wrote 19680614
12-09 08:03:56.437 D/VehicleStatisticsActivity(11080): Recalculation not necessary.
12-09 08:03:56.439 W/audio_hw_generic( 1307): Not supplying enough data to HAL, expected position 19680751 , only wrote 19680614
12-09 08:03:56.447 W/ActivityManager( 1592): Bad activity token: android.os.BinderProxy@31f4b56
12-09 08:03:56.447 W/ActivityManager( 1592): java.lang.ClassCastException: android.os.BinderProxy cannot be cast to com.android.server.am.ActivityRecord$Token
12-09 08:03:56.447 W/ActivityManager( 1592): 	at com.android.server.am.ActivityRecord.forTokenLocked(ActivityRecord.java:424)
12-09 08:03:56.447 W/ActivityManager( 1592): 	at com.android.server.am.ActivityRecord.isInStackLocked(ActivityRecord.java:1121)
12-09 08:03:56.447 W/ActivityManager( 1592): 	at com.android.server.am.ActivityManagerService.getActivityOptions(ActivityManagerService.java:11038)
12-09 08:03:56.447 W/ActivityManager( 1592): 	at android.app.ActivityManagerNative.onTransact(ActivityManagerNative.java:1734)
12-09 08:03:56.447 W/ActivityManager( 1592): 	at com.android.server.am.ActivityManagerService.onTransact(ActivityManagerService.java:2443)
12-09 08:03:56.447 W/ActivityManager( 1592): 	at android.os.Binder.execTransact(Binder.java:453)
12-09 08:03:56.448 W/ActivityManager( 1592): Bad activity token: android.os.BinderProxy@31f4b56
12-09 08:03:56.448 W/ActivityManager( 1592): java.lang.ClassCastException: android.os.BinderProxy cannot be cast to com.android.server.am.ActivityRecord$Token
12-09 08:03:56.448 W/ActivityManager( 1592): 	at com.android.server.am.ActivityRecord.forTokenLocked(ActivityRecord.java:424)
12-09 08:03:56.448 W/ActivityManager( 1592): 	at com.android.server.am.ActivityRecord.isInStackLocked(ActivityRecord.java:1121)
12-09 08:03:56.448 W/ActivityManager( 1592): 	at com.android.server.am.ActivityManagerService.getActivityOptions(ActivityManagerService.java:11038)
12-09 08:03:56.448 W/ActivityManager( 1592): 	at android.app.ActivityManagerNative.onTransact(ActivityManagerNative.java:1734)
12-09 08:03:56.448 W/ActivityManager( 1592): 	at com.android.server.am.ActivityManagerService.onTransact(ActivityManagerService.java:2443)
12-09 08:03:56.448 W/ActivityManager( 1592): 	at android.os.Binder.execTransact(Binder.java:453)
12-09 08:03:56.451 D/VehicleStatisticsActivity(11080): Checking recalculation ...
12-09 08:03:56.452 D/VehicleStatisticsActivity(11080): Recalculation not necessary.
12-09 08:03:56.474 I/art     (11080): Background sticky concurrent mark sweep GC freed 47930(2MB) AllocSpace objects, 2(40KB) LOS objects, 35% free, 3MB/5MB, paused 20.007ms total 262.999ms
12-09 08:03:56.531 W/audio_hw_generic( 1307): Not supplying enough data to HAL, expected position 19684671 , only wrote 19684580
12-09 08:03:56.531 W/audio_hw_generic( 1307): Not supplying enough data to HAL, expected position 19684586 , only wrote 19684580
12-09 08:03:56.555 W/audio_hw_generic( 1307): Not supplying enough data to HAL, expected position 19685628 , only wrote 19685241
12-09 08:03:56.640 W/audio_hw_generic( 1307): Not supplying enough data to HAL, expected position 19688998 , only wrote 19688546
12-09 08:03:56.640 W/audio_hw_generic( 1307): Not supplying enough data to HAL, expected position 19688552 , only wrote 19688546
12-09 08:03:56.668 W/audio_hw_generic( 1307): Not supplying enough data to HAL, expected position 19689805 , only wrote 19689207
12-09 08:03:56.758 E/SurfaceFlinger( 1223): ro.sf.lcd_density must be defined as a build property
12-09 08:03:56.772 D/gralloc_ranchu( 1223): gralloc_alloc: Creating ashmem region of size 3686400
12-09 08:03:56.793 D/        (11157): HostConnection::get() New Host Connection established 0x7fdd46492480, tid 11157
12-09 08:03:56.893 W/audio_hw_generic( 1307): Not supplying enough data to HAL, expected position 19699098 , only wrote 19696478
12-09 08:03:56.893 W/audio_hw_generic( 1307): Not supplying enough data to HAL, expected position 19696484 , only wrote 19696478
12-09 08:03:56.894 E/EGL_emulation( 1223): tid 1223: eglCreateSyncKHR(1881): error 0x3004 (EGL_BAD_ATTRIBUTE)
12-09 08:03:56.914 W/audio_hw_generic( 1307): Not supplying enough data to HAL, expected position 19697418 , only wrote 19697139
12-09 08:03:57.002 W/audio_hw_generic( 1307): Not supplying enough data to HAL, expected position 19701008 , only wrote 19699783
12-09 08:03:57.002 W/audio_hw_generic( 1307): Not supplying enough data to HAL, expected position 19699790 , only wrote 19699783
12-09 08:03:57.017 W/audio_hw_generic( 1307): Not supplying enough data to HAL, expected position 19700446 , only wrote 19700444
12-09 08:03:57.051 W/audio_hw_generic( 1307): Hardware backing HAL too slow, could only write 0 of 661 frames
12-09 08:03:57.177 W/audio_hw_generic( 1307): Not supplying enough data to HAL, expected position 19707499 , only wrote 19707054
12-09 08:03:57.177 W/audio_hw_generic( 1307): Not supplying enough data to HAL, expected position 19707060 , only wrote 19707054
12-09 08:03:57.539 I/System.out(11080): URI: //gesture
12-09 08:03:57.539 I/System.out(11080): params: {json={"query_timeout":5.0,"gestures":[{"query_string":"android.widget.TabWidget descendant TextView index:0","touches":[{"x":50,"y":50,"offset_x":0,"offset_y":0,"wait":0.0,"time":0.2,"release":true,"query_string":null}]}]}
12-09 08:03:57.539 I/System.out(11080): }
12-09 08:03:57.739 W/audio_hw_generic( 1307): Hardware backing HAL too slow, could only write 0 of 661 frames
12-09 08:03:57.739 W/audio_hw_generic( 1307): Not supplying enough data to HAL, expected position 19731821 , only wrote 19730189
12-09 08:03:57.739 W/audio_hw_generic( 1307): Not supplying enough data to HAL, expected position 19730194 , only wrote 19730189
12-09 08:03:57.739 W/audio_hw_generic( 1307): Hardware backing HAL too slow, could only write 0 of 661 frames
12-09 08:03:57.769 W/audio_hw_generic( 1307): Not supplying enough data to HAL, expected position 19731522 , only wrote 19730850
12-09 08:03:57.770 W/audio_hw_generic( 1307): Hardware backing HAL too slow, could only write 0 of 661 frames
12-09 08:03:57.878 W/audio_hw_generic( 1307): Not supplying enough data to HAL, expected position 19735659 , only wrote 19735477
12-09 08:03:57.879 W/audio_hw_generic( 1307): Not supplying enough data to HAL, expected position 19735483 , only wrote 19735477
12-09 08:03:57.894 W/audio_hw_generic( 1307): Not supplying enough data to HAL, expected position 19736174 , only wrote 19736138
12-09 08:03:57.987 W/audio_hw_generic( 1307): Not supplying enough data to HAL, expected position 19740206 , only wrote 19738782
12-09 08:03:57.987 W/audio_hw_generic( 1307): Not supplying enough data to HAL, expected position 19738788 , only wrote 19738782
12-09 08:03:57.987 W/audio_hw_generic( 1307): Hardware backing HAL too slow, could only write 0 of 661 frames
12-09 08:03:58.007 W/audio_hw_generic( 1307): Not supplying enough data to HAL, expected position 19739676 , only wrote 19739443
12-09 08:03:58.010 W/audio_hw_generic( 1307): Hardware backing HAL too slow, could only write 0 of 661 frames
12-09 08:03:58.042 W/audio_hw_generic( 1307): Hardware backing HAL too slow, could only write 0 of 661 frames
12-09 08:03:58.132 W/audio_hw_generic( 1307): Hardware backing HAL too slow, could only write 0 of 661 frames
12-09 08:03:58.331 W/audio_hw_generic( 1307): Not supplying enough data to HAL, expected position 19753706 , only wrote 19753324
12-09 08:03:58.358 W/audio_hw_generic( 1307): Not supplying enough data to HAL, expected position 19754555 , only wrote 19753985
12-09 08:03:58.387 D/AudioFlinger( 1307): mixer(0xf43c0000) throttle end: throttle time(16)
12-09 08:03:58.437 W/audio_hw_generic( 1307): Not supplying enough data to HAL, expected position 19757456 , only wrote 19757290
12-09 08:03:58.437 W/audio_hw_generic( 1307): Not supplying enough data to HAL, expected position 19757296 , only wrote 19757290
12-09 08:03:58.454 W/audio_hw_generic( 1307): Not supplying enough data to HAL, expected position 19758046 , only wrote 19757951
12-09 08:03:58.467 I/art     (11080): Background sticky concurrent mark sweep GC freed 45917(1952KB) AllocSpace objects, 1(20KB) LOS objects, 27% free, 3MB/5MB, paused 1.101ms total 166.299ms
12-09 08:03:58.597 W/audio_hw_generic( 1307): Hardware backing HAL too slow, could only write 0 of 661 frames
12-09 08:03:58.690 W/audio_hw_generic( 1307): Not supplying enough data to HAL, expected position 19768356 , only wrote 19767205
12-09 08:03:58.691 W/audio_hw_generic( 1307): Not supplying enough data to HAL, expected position 19767212 , only wrote 19767205
12-09 08:03:58.706 W/audio_hw_generic( 1307): Not supplying enough data to HAL, expected position 19767867 , only wrote 19767866
12-09 08:03:59.014 W/audio_hw_generic( 1307): Not supplying enough data to HAL, expected position 19781454 , only wrote 19781086
12-09 08:03:59.014 W/audio_hw_generic( 1307): Not supplying enough data to HAL, expected position 19781092 , only wrote 19781086
12-09 08:03:59.035 W/audio_hw_generic( 1307): Not supplying enough data to HAL, expected position 19781995 , only wrote 19781747
12-09 08:03:59.068 E/SurfaceFlinger( 1223): ro.sf.lcd_density must be defined as a build property
12-09 08:03:59.145 W/audio_hw_generic( 1307): Not supplying enough data to HAL, expected position 19786609 , only wrote 19786374
12-09 08:03:59.145 W/audio_hw_generic( 1307): Not supplying enough data to HAL, expected position 19786381 , only wrote 19786374
12-09 08:03:59.166 W/audio_hw_generic( 1307): Not supplying enough data to HAL, expected position 19787297 , only wrote 19787035
12-09 08:03:59.178 D/gralloc_ranchu( 1223): gralloc_alloc: Creating ashmem region of size 3686400
12-09 08:03:59.226 D/        (11162): HostConnection::get() New Host Connection established 0x7f4488592480, tid 11162
12-09 08:03:59.282 W/audio_hw_generic( 1307): Not supplying enough data to HAL, expected position 19792136 , only wrote 19791001
12-09 08:03:59.290 E/EGL_emulation( 1223): tid 1223: eglCreateSyncKHR(1881): error 0x3004 (EGL_BAD_ATTRIBUTE)
12-09 08:03:59.345 W/audio_hw_generic( 1307): Not supplying enough data to HAL, expected position 19793803 , only wrote 19792323
12-09 08:03:59.424 W/audio_hw_generic( 1307): Hardware backing HAL too slow, could only write 0 of 661 frames
12-09 08:03:59.458 W/audio_hw_generic( 1307): Not supplying enough data to HAL, expected position 19797304 , only wrote 19796950
12-09 08:03:59.458 W/audio_hw_generic( 1307): Not supplying enough data to HAL, expected position 19796958 , only wrote 19796950
12-09 08:03:59.502 W/audio_hw_generic( 1307): Not supplying enough data to HAL, expected position 19798863 , only wrote 19797611
12-09 08:03:59.713 W/audio_hw_generic( 1307): Not supplying enough data to HAL, expected position 19806921 , only wrote 19806204
12-09 08:03:59.713 W/audio_hw_generic( 1307): Not supplying enough data to HAL, expected position 19806211 , only wrote 19806204
12-09 08:03:59.955 W/audio_hw_generic( 1307): Not supplying enough data to HAL, expected position 19816875 , only wrote 19816119
12-09 08:03:59.955 W/audio_hw_generic( 1307): Not supplying enough data to HAL, expected position 19816125 , only wrote 19816119
12-09 08:03:59.985 W/audio_hw_generic( 1307): Hardware backing HAL too slow, could only write 0 of 661 frames
12-09 08:04:00.011 W/audio_hw_generic( 1307): Hardware backing HAL too slow, could only write 0 of 661 frames
12-09 08:04:00.034 W/audio_hw_generic( 1307): Hardware backing HAL too slow, could only write 0 of 661 frames
12-09 08:04:00.035 W/audio_hw_generic( 1307): Hardware backing HAL too slow, could only write 0 of 661 frames
12-09 08:04:00.059 W/audio_hw_generic( 1307): Hardware backing HAL too slow, could only write 0 of 661 frames
12-09 08:04:00.076 W/audio_hw_generic( 1307): Hardware backing HAL too slow, could only write 0 of 661 frames
12-09 08:04:00.095 W/audio_hw_generic( 1307): Hardware backing HAL too slow, could only write 0 of 661 frames
12-09 08:04:00.119 W/audio_hw_generic( 1307): Hardware backing HAL too slow, could only write 0 of 661 frames
12-09 08:04:00.150 W/audio_hw_generic( 1307): Hardware backing HAL too slow, could only write 0 of 661 frames
12-09 08:04:00.166 W/audio_hw_generic( 1307): Not supplying enough data to HAL, expected position 19825443 , only wrote 19825373
12-09 08:04:00.167 W/audio_hw_generic( 1307): Hardware backing HAL too slow, could only write 0 of 661 frames
12-09 08:04:00.167 W/audio_hw_generic( 1307): Hardware backing HAL too slow, could only write 0 of 661 frames
12-09 08:04:00.182 W/audio_hw_generic( 1307): Hardware backing HAL too slow, could only write 0 of 661 frames
12-09 08:04:00.215 W/audio_hw_generic( 1307): Hardware backing HAL too slow, could only write 0 of 661 frames
12-09 08:04:00.215 W/audio_hw_generic( 1307): Hardware backing HAL too slow, could only write 0 of 661 frames
12-09 08:04:00.231 W/audio_hw_generic( 1307): Hardware backing HAL too slow, could only write 0 of 661 frames
12-09 08:04:00.247 W/audio_hw_generic( 1307): Hardware backing HAL too slow, could only write 0 of 661 frames
12-09 08:04:00.552 W/audio_hw_generic( 1307): Hardware backing HAL too slow, could only write 0 of 661 frames
12-09 08:04:00.582 W/audio_hw_generic( 1307): Not supplying enough data to HAL, expected position 19843683 , only wrote 19843220
12-09 08:04:00.642 W/audio_hw_generic( 1307): Not supplying enough data to HAL, expected position 19845882 , only wrote 19845864
12-09 08:04:00.642 W/audio_hw_generic( 1307): Not supplying enough data to HAL, expected position 19845871 , only wrote 19845864
12-09 08:04:00.683 W/audio_hw_generic( 1307): Not supplying enough data to HAL, expected position 19847645 , only wrote 19846525
