--------- beginning of main
12-09 07:52:35.903 D/AndroidRuntime( 7704): >>>>>> START com.android.internal.os.RuntimeInit uid 0 <<<<<<
12-09 07:52:35.926 D/AndroidRuntime( 7704): CheckJNI is ON
12-09 07:52:35.967 D/ICU     ( 7704): No timezone override file found: /data/misc/zoneinfo/current/icu/icu_tzdata.dat
12-09 07:52:36.492 E/memtrack( 7704): Couldn't load memtrack module (No such file or directory)
12-09 07:52:36.497 E/android.os.Debug( 7704): failed to load memtrack module: -2
12-09 07:52:36.498 I/Radio-JNI( 7704): register_android_hardware_Radio DONE
12-09 07:52:36.525 D/AndroidRuntime( 7704): Calling main entry com.android.commands.am.Am
--------- beginning of system
12-09 07:52:36.541 I/ActivityManager( 1593): Force stopping com.evancharlton.mileage appid=10121 user=0: start instr
12-09 07:52:36.549 I/ActivityManager( 1593): Killing 7687:com.evancharlton.mileage/u0a121 (adj 0): stop com.evancharlton.mileage
12-09 07:52:36.601 W/ActivityManager( 1593): Crash of app com.evancharlton.mileage running instrumentation ComponentInfo{com.evancharlton.mileage.test/sh.calaba.instrumentationbackend.ClearAppData2}
12-09 07:52:36.601 I/ActivityManager( 1593): Force stopping com.evancharlton.mileage appid=10121 user=0: finished inst
12-09 07:52:36.750 I/ActivityManager( 1593): Start proc 7713:com.evancharlton.mileage/u0a121 for added application com.evancharlton.mileage
12-09 07:52:36.761 D/AndroidRuntime( 7704): Shutting down VM
12-09 07:52:36.773 W/art     ( 1593): Long monitor contention event with owner method=boolean com.android.server.am.ActivityManagerService.startInstrumentation(android.content.ComponentName, java.lang.String, int, android.os.Bundle, android.app.IInstrumentationWatcher, android.app.IUiAutomationConnection, int, java.lang.String) from ActivityManagerService.java:17066 waiters=1 for 207ms
12-09 07:52:36.773 W/ActivityManager( 1593): Spurious death for ProcessRecord{2c4482c 0:com.evancharlton.mileage/u0a121}, curProc for 7687: null
12-09 07:52:36.958 W/System  ( 7713): ClassLoader referenced unknown path: /data/app/com.evancharlton.mileage.test-1/lib/x86_64
12-09 07:52:36.981 W/System  ( 7713): ClassLoader referenced unknown path: /data/app/com.evancharlton.mileage-1/lib/x86_64
12-09 07:52:37.117 I/System.out( 7713): Main activity name automatically set to: com.evancharlton.mileage.Mileage
12-09 07:52:37.125 I/System.out( 7713): Calabash did not load Mono. This is only a problem if you are trying to test a Mono application
12-09 07:52:37.136 I/calabash( 7713): Test server port: 7102
12-09 07:52:37.137 I/InstrumentationBackend( 7713): Added:'GetPreferences', with key:'get_preferences'
12-09 07:52:37.174 I/InstrumentationBackend( 7713): Added:'SetPreferences', with key:'set_preferences'
12-09 07:52:37.174 I/InstrumentationBackend( 7713): Added:'ClearPreferences', with key:'clear_preferences'
12-09 07:52:37.174 I/InstrumentationBackend( 7713): Added:'PressElement', with key:'press_l10n_element'
12-09 07:52:37.175 I/InstrumentationBackend( 7713): Added:'WaitForElement', with key:'wait_for_l10n_element'
12-09 07:52:37.175 I/InstrumentationBackend( 7713): Added:'NullAction', with key:'nullAction'
12-09 07:52:37.175 I/InstrumentationBackend( 7713): Added:'PressKey', with key:'press_key'
12-09 07:52:37.175 I/InstrumentationBackend( 7713): Added:'SetActivityOrientation', with key:'set_activity_orientation'
12-09 07:52:37.176 I/InstrumentationBackend( 7713): Added:'GetActivityOrientation', with key:'get_activity_orientation'
12-09 07:52:37.176 I/InstrumentationBackend( 7713): Added:'FakeGPSLocation', with key:'set_gps_coordinates'
12-09 07:52:37.176 I/InstrumentationBackend( 7713): Added:'SetPropertyByCssSelector', with key:'set_property_by_css_selector'
12-09 07:52:37.176 I/InstrumentationBackend( 7713): Added:'GetUrl', with key:'get_url'
12-09 07:52:37.177 I/InstrumentationBackend( 7713): Added:'ScrollTo', with key:'scroll_to'
12-09 07:52:37.181 I/InstrumentationBackend( 7713): Added:'GetLoadProgress', with key:'get_load_progress'
12-09 07:52:37.181 I/InstrumentationBackend( 7713): Added:'DumpHtml', with key:'dump_html'
12-09 07:52:37.181 I/InstrumentationBackend( 7713): Added:'DumpBodyHtml', with key:'dump_body_html'
12-09 07:52:37.182 I/InstrumentationBackend( 7713): Added:'EnterTextByCssSelector', with key:'enter_text_by_selector'
12-09 07:52:37.182 I/InstrumentationBackend( 7713): Added:'AndroidSDKVersion', with key:'android_sdk_version'
12-09 07:52:37.183 I/InstrumentationBackend( 7713): Added:'Version', with key:'version'
12-09 07:52:37.183 I/InstrumentationBackend( 7713): Added:'Drag', with key:'drag'
12-09 07:52:37.183 I/InstrumentationBackend( 7713): Added:'TouchCoordinates', with key:'touch_coordinate'
12-09 07:52:37.183 I/InstrumentationBackend( 7713): Added:'LongPressCoordinate', with key:'long_press_coordinate'
12-09 07:52:37.183 I/InstrumentationBackend( 7713): Added:'DragCoordinates', with key:'drag_coordinates'
12-09 07:52:37.183 I/InstrumentationBackend( 7713): Added:'ResumeApplication', with key:'resume_application'
12-09 07:52:37.184 I/InstrumentationBackend( 7713): Added:'Swipe', with key:'swipe'
12-09 07:52:37.184 I/InstrumentationBackend( 7713): Added:'DoubleTapCoordinate', with key:'double_tap_coordinate'
12-09 07:52:37.184 I/InstrumentationBackend( 7713): Added:'ClickOnScreen', with key:'click_on_screen'
12-09 07:52:37.184 I/InstrumentationBackend( 7713): Added:'GetActivityName', with key:'get_activity_name'
12-09 07:52:37.184 I/InstrumentationBackend( 7713): Added:'ScrollToView', with key:'scroll_to_view'
12-09 07:52:37.185 I/InstrumentationBackend( 7713): Added:'ViewConfiguration', with key:'view_configuration'
12-09 07:52:37.189 I/InstrumentationBackend( 7713): Added:'IsCurrentActivityFocused', with key:'is_current_activity_focused'
12-09 07:52:37.189 I/InstrumentationBackend( 7713): Added:'SendTcp', with key:'send_tcp'
12-09 07:52:37.189 I/InstrumentationBackend( 7713): Added:'DpToDevicePixel', with key:'dp_to_device_pixel'
12-09 07:52:37.190 I/InstrumentationBackend( 7713): Added:'KeyboardEnterText', with key:'keyboard_enter_text'
12-09 07:52:37.190 I/InstrumentationBackend( 7713): Added:'DeleteSurroundingText', with key:'delete_surrounding_text'
12-09 07:52:37.190 I/InstrumentationBackend( 7713): Added:'SetComposingRegion', with key:'set_composing_region'
12-09 07:52:37.190 I/InstrumentationBackend( 7713): Added:'SetSelection', with key:'set_selection'
12-09 07:52:37.191 I/InstrumentationBackend( 7713): Added:'KeyboardKeyEvent', with key:'keyboard_key_event'
12-09 07:52:37.191 I/InstrumentationBackend( 7713): Added:'PressUserActionButton', with key:'press_user_action_button'
12-09 07:52:37.191 I/InstrumentationBackend( 7713): Added:'HideSoftKeyboard', with key:'hide_soft_keyboard'
12-09 07:52:37.191 I/InstrumentationBackend( 7713): Added:'ListActions', with key:'list_actions'
12-09 07:52:37.192 I/calabash( 7713): Instantiating http server at 7102
12-09 07:52:37.197 I/System.out( 7713): HTTP Daemon listening on: 7102
12-09 07:52:37.281 I/System.out( 7713): URI: //ping
12-09 07:52:37.282 I/System.out( 7713): params: {json={}
12-09 07:52:37.282 I/System.out( 7713): }
12-09 07:52:37.342 I/System.out( 7713): URI: //ping
12-09 07:52:37.342 I/System.out( 7713): params: {json={}
12-09 07:52:37.342 I/System.out( 7713): }
12-09 07:52:37.401 I/System.out( 7713): URI: //ready
12-09 07:52:37.401 I/System.out( 7713): params: {json={}
12-09 07:52:37.401 I/System.out( 7713): }
12-09 07:52:37.446 I/System.out( 7713): URI: //
12-09 07:52:37.447 I/System.out( 7713): params: {json={"command":"version","arguments":[]}
12-09 07:52:37.447 I/System.out( 7713): }
12-09 07:52:37.447 I/System.out( 7713): header: {date=Sun, 09 Dec 2018 07:52:38 GMT, accept=*/*, content-length=36, host=127.0.0.1:34777, user-agent=HTTPClient/1.0 (2.8.3, ruby 2.3.1 (2016-04-26)), content-type=application/json;charset=utf-8}
12-09 07:52:37.447 I/System.out( 7713): params: {json={"command":"version","arguments":[]}
12-09 07:52:37.447 I/System.out( 7713): }
12-09 07:52:37.447 I/System.out( 7713): ProP json = {"command":"version","arguments":[]}
12-09 07:52:37.447 I/System.out( 7713): files: {}
12-09 07:52:37.447 I/System.out( 7713): command: {"command":"version","arguments":[]}
12-09 07:52:37.456 I/InstrumentationBackend( 7713): Got command:'Command:'Line:null,version', arguments:'[]'
12-09 07:52:37.472 I/System.out( 7713): result:{"bonusInformation":[],"message":"0.9.8","success":true}
12-09 07:52:37.573 I/System.out( 7713): URI: //start-application
12-09 07:52:37.573 I/System.out( 7713): params: {json={"intent":null}
12-09 07:52:37.573 I/System.out( 7713): }
12-09 07:52:37.837 I/ActivityManager( 1593): START u0 {act=android.intent.action.MAIN cat=[android.intent.category.LAUNCHER] flg=0x10200000 cmp=com.evancharlton.mileage/.Mileage} from uid 10121 on display 0
12-09 07:52:37.875 I/art     ( 7713): Background partial concurrent mark sweep GC freed 36862(2MB) AllocSpace objects, 15(300KB) LOS objects, 45% free, 1220KB/2MB, paused 1.080ms total 247.917ms
12-09 07:52:38.083 D/gralloc_ranchu( 1218): gralloc_alloc: Creating ashmem region of size 3686400
12-09 07:52:38.101 I/calabash( 7713): newActivity1
12-09 07:52:38.134 I/calabash( 7713): newActivity1
12-09 07:52:38.158 W/ActivityManager( 1593): Bad activity token: android.os.BinderProxy@7353ee2
12-09 07:52:38.158 W/ActivityManager( 1593): java.lang.ClassCastException: android.os.BinderProxy cannot be cast to com.android.server.am.ActivityRecord$Token
12-09 07:52:38.158 W/ActivityManager( 1593): 	at com.android.server.am.ActivityRecord.forTokenLocked(ActivityRecord.java:424)
12-09 07:52:38.158 W/ActivityManager( 1593): 	at com.android.server.am.ActivityRecord.isInStackLocked(ActivityRecord.java:1121)
12-09 07:52:38.158 W/ActivityManager( 1593): 	at com.android.server.am.ActivityRecord.getStackLocked(ActivityRecord.java:1126)
12-09 07:52:38.158 W/ActivityManager( 1593): 	at com.android.server.am.ActivityManagerService.getActivityDisplayId(ActivityManagerService.java:8889)
12-09 07:52:38.158 W/ActivityManager( 1593): 	at android.app.ActivityManagerNative.onTransact(ActivityManagerNative.java:2338)
12-09 07:52:38.158 W/ActivityManager( 1593): 	at com.android.server.am.ActivityManagerService.onTransact(ActivityManagerService.java:2443)
12-09 07:52:38.158 W/ActivityManager( 1593): 	at android.os.Binder.execTransact(Binder.java:453)
12-09 07:52:38.159 W/ActivityManager( 1593): Bad activity token: android.os.BinderProxy@7353ee2
12-09 07:52:38.159 W/ActivityManager( 1593): java.lang.ClassCastException: android.os.BinderProxy cannot be cast to com.android.server.am.ActivityRecord$Token
12-09 07:52:38.159 W/ActivityManager( 1593): 	at com.android.server.am.ActivityRecord.forTokenLocked(ActivityRecord.java:424)
12-09 07:52:38.159 W/ActivityManager( 1593): 	at com.android.server.am.ActivityRecord.isInStackLocked(ActivityRecord.java:1121)
12-09 07:52:38.159 W/ActivityManager( 1593): 	at com.android.server.am.ActivityManagerService.setTaskDescription(ActivityManagerService.java:8547)
12-09 07:52:38.159 W/ActivityManager( 1593): 	at android.app.ActivityManagerNative.onTransact(ActivityManagerNative.java:2410)
12-09 07:52:38.159 W/ActivityManager( 1593): 	at com.android.server.am.ActivityManagerService.onTransact(ActivityManagerService.java:2443)
12-09 07:52:38.159 W/ActivityManager( 1593): 	at android.os.Binder.execTransact(Binder.java:453)
12-09 07:52:38.409 V/PhoneStatusBar( 1686): setLightsOn(true)
12-09 07:52:38.474 D/FillupsProvider( 7713): Creating database
12-09 07:52:38.537 D/EGL_emulation( 1912): eglMakeCurrent: 0x7fb3a13365a0: ver 2 0 (tinfo 0x7fb3a1302720)
12-09 07:52:38.539 E/Surface ( 1912): getSlotFromBufferLocked: unknown buffer: 0x7fb39d84fa60
12-09 07:52:38.741 W/ActivityManager( 1593): Bad activity token: android.os.BinderProxy@7353ee2
12-09 07:52:38.741 W/ActivityManager( 1593): java.lang.ClassCastException: android.os.BinderProxy cannot be cast to com.android.server.am.ActivityRecord$Token
12-09 07:52:38.741 W/ActivityManager( 1593): 	at com.android.server.am.ActivityRecord.forTokenLocked(ActivityRecord.java:424)
12-09 07:52:38.741 W/ActivityManager( 1593): 	at com.android.server.am.ActivityRecord.isInStackLocked(ActivityRecord.java:1121)
12-09 07:52:38.741 W/ActivityManager( 1593): 	at com.android.server.am.ActivityManagerService.getActivityOptions(ActivityManagerService.java:11038)
12-09 07:52:38.741 W/ActivityManager( 1593): 	at android.app.ActivityManagerNative.onTransact(ActivityManagerNative.java:1734)
12-09 07:52:38.741 W/ActivityManager( 1593): 	at com.android.server.am.ActivityManagerService.onTransact(ActivityManagerService.java:2443)
12-09 07:52:38.741 W/ActivityManager( 1593): 	at android.os.Binder.execTransact(Binder.java:453)
12-09 07:52:38.750 W/ActivityManager( 1593): Bad activity token: android.os.BinderProxy@7353ee2
12-09 07:52:38.750 W/ActivityManager( 1593): java.lang.ClassCastException: android.os.BinderProxy cannot be cast to com.android.server.am.ActivityRecord$Token
12-09 07:52:38.750 W/ActivityManager( 1593): 	at com.android.server.am.ActivityRecord.forTokenLocked(ActivityRecord.java:424)
12-09 07:52:38.750 W/ActivityManager( 1593): 	at com.android.server.am.ActivityRecord.isInStackLocked(ActivityRecord.java:1121)
12-09 07:52:38.750 W/ActivityManager( 1593): 	at com.android.server.am.ActivityManagerService.getActivityOptions(ActivityManagerService.java:11038)
12-09 07:52:38.750 W/ActivityManager( 1593): 	at android.app.ActivityManagerNative.onTransact(ActivityManagerNative.java:1734)
12-09 07:52:38.750 W/ActivityManager( 1593): 	at com.android.server.am.ActivityManagerService.onTransact(ActivityManagerService.java:2443)
12-09 07:52:38.750 W/ActivityManager( 1593): 	at android.os.Binder.execTransact(Binder.java:453)
12-09 07:52:38.763 W/art     ( 7713): Suspending all threads took: 7.021ms
12-09 07:52:38.839 I/art     ( 7713): Background sticky concurrent mark sweep GC freed 7552(533KB) AllocSpace objects, 0(0B) LOS objects, 17% free, 1862KB/2MB, paused 9.901ms total 91.898ms
12-09 07:52:39.621 D/gralloc_ranchu( 1218): gralloc_alloc: Creating ashmem region of size 3686400
12-09 07:52:39.751 D/        ( 7713): HostConnection::get() New Host Connection established 0x7fb3a114b7a0, tid 7713
12-09 07:52:39.842 I/ActivityManager( 1593): Displayed com.evancharlton.mileage/.Mileage: +1s764ms
12-09 07:52:39.867 D/gralloc_ranchu( 1218): gralloc_alloc: Creating ashmem region of size 3686400
12-09 07:52:40.338 W/art     ( 1593): Long monitor contention event with owner method=void com.android.server.wm.WindowAnimator$1.doFrame(long) from WindowAnimator.java:121 waiters=0 for 102ms
12-09 07:52:40.522 I/art     ( 7713): Background partial concurrent mark sweep GC freed 2200(147KB) AllocSpace objects, 0(0B) LOS objects, 39% free, 2MB/3MB, paused 1.495ms total 159.699ms
12-09 07:52:40.561 I/System.out( 7713): URI: //
12-09 07:52:40.561 I/System.out( 7713): params: {json={"command":"set_activity_orientation","arguments":["landscape"]}
12-09 07:52:40.561 I/System.out( 7713): }
12-09 07:52:40.561 I/System.out( 7713): header: {date=Sun, 09 Dec 2018 07:52:41 GMT, accept=*/*, content-length=64, host=127.0.0.1:34777, user-agent=HTTPClient/1.0 (2.8.3, ruby 2.3.1 (2016-04-26)), content-type=application/json;charset=utf-8}
12-09 07:52:40.561 I/System.out( 7713): params: {json={"command":"set_activity_orientation","arguments":["landscape"]}
12-09 07:52:40.561 I/System.out( 7713): }
12-09 07:52:40.561 I/System.out( 7713): ProP json = {"command":"set_activity_orientation","arguments":["landscape"]}
12-09 07:52:40.561 I/System.out( 7713): files: {}
12-09 07:52:40.562 I/System.out( 7713): command: {"command":"set_activity_orientation","arguments":["landscape"]}
12-09 07:52:40.563 I/InstrumentationBackend( 7713): Got command:'Command:'Line:null,set_activity_orientation', arguments:'[landscape]'
12-09 07:52:40.576 D/gralloc_ranchu( 1218): gralloc_alloc: Creating ashmem region of size 3686400
12-09 07:52:40.621 E/EGL_emulation( 1218): tid 1218: eglCreateSyncKHR(1881): error 0x3004 (EGL_BAD_ATTRIBUTE)
12-09 07:52:40.646 D/gralloc_ranchu( 1218): gralloc_alloc: Creating ashmem region of size 3686400
12-09 07:52:40.794 I/ActivityManager( 1593): Config changes=480 {1.0 310mcc260mnc en_US ldltr sw720dp w1280dp h696dp 160dpi xlrg long land finger -keyb/v/h tball/v s.19}
12-09 07:52:40.805 W/art     ( 1593): Long monitor contention event with owner method=android.content.res.Configuration com.android.server.wm.WindowManagerService.updateOrientationFromAppTokens(android.content.res.Configuration, android.os.IBinder) from WindowManagerService.java:3950 waiters=0 for 127ms
12-09 07:52:40.806 I/InputReader( 1593): Reconfiguring input devices.  changes=0x00000004
12-09 07:52:40.806 I/InputReader( 1593): Device reconfigured: id=0, name='qwerty2', size 720x1280, orientation 1, mode 1, display id 0
12-09 07:52:41.092 I/art     ( 2201): Background sticky concurrent mark sweep GC freed 18773(1946KB) AllocSpace objects, 0(0B) LOS objects, 13% free, 14MB/17MB, paused 6.935ms total 135.936ms
12-09 07:52:41.143 W/art     ( 1593): Long monitor contention event with owner method=void com.android.server.am.ActivityManagerService.setRequestedOrientation(android.os.IBinder, int) from ActivityManagerService.java:4192 waiters=0 for 462ms
12-09 07:52:41.150 W/art     ( 1593): Long monitor contention event with owner method=void com.android.server.am.ActivityManagerService.setRequestedOrientation(android.os.IBinder, int) from ActivityManagerService.java:4192 waiters=2 for 147ms
12-09 07:52:41.231 I/calabash( 7713): newActivity1
12-09 07:52:41.241 I/calabash( 7713): newActivity1
12-09 07:52:41.242 W/ActivityManager( 1593): Bad activity token: android.os.BinderProxy@3d39cc7
12-09 07:52:41.242 W/ActivityManager( 1593): java.lang.ClassCastException: android.os.BinderProxy cannot be cast to com.android.server.am.ActivityRecord$Token
12-09 07:52:41.242 W/ActivityManager( 1593): 	at com.android.server.am.ActivityRecord.forTokenLocked(ActivityRecord.java:424)
12-09 07:52:41.242 W/ActivityManager( 1593): 	at com.android.server.am.ActivityRecord.isInStackLocked(ActivityRecord.java:1121)
12-09 07:52:41.242 W/ActivityManager( 1593): 	at com.android.server.am.ActivityRecord.getStackLocked(ActivityRecord.java:1126)
12-09 07:52:41.242 W/ActivityManager( 1593): 	at com.android.server.am.ActivityManagerService.getActivityDisplayId(ActivityManagerService.java:8889)
12-09 07:52:41.242 W/ActivityManager( 1593): 	at android.app.ActivityManagerNative.onTransact(ActivityManagerNative.java:2338)
12-09 07:52:41.242 W/ActivityManager( 1593): 	at com.android.server.am.ActivityManagerService.onTransact(ActivityManagerService.java:2443)
12-09 07:52:41.242 W/ActivityManager( 1593): 	at android.os.Binder.execTransact(Binder.java:453)
12-09 07:52:41.243 W/ActivityManager( 1593): Bad activity token: android.os.BinderProxy@3d39cc7
12-09 07:52:41.243 W/ActivityManager( 1593): java.lang.ClassCastException: android.os.BinderProxy cannot be cast to com.android.server.am.ActivityRecord$Token
12-09 07:52:41.243 W/ActivityManager( 1593): 	at com.android.server.am.ActivityRecord.forTokenLocked(ActivityRecord.java:424)
12-09 07:52:41.243 W/ActivityManager( 1593): 	at com.android.server.am.ActivityRecord.isInStackLocked(ActivityRecord.java:1121)
12-09 07:52:41.243 W/ActivityManager( 1593): 	at com.android.server.am.ActivityManagerService.setTaskDescription(ActivityManagerService.java:8547)
12-09 07:52:41.243 W/ActivityManager( 1593): 	at android.app.ActivityManagerNative.onTransact(ActivityManagerNative.java:2410)
12-09 07:52:41.243 W/ActivityManager( 1593): 	at com.android.server.am.ActivityManagerService.onTransact(ActivityManagerService.java:2443)
12-09 07:52:41.243 W/ActivityManager( 1593): 	at android.os.Binder.execTransact(Binder.java:453)
12-09 07:52:41.301 D/EGL_emulation( 1686): eglMakeCurrent: 0x7fb39d955440: ver 2 0 (tinfo 0x7fb39563aee0)
12-09 07:52:41.344 E/Surface ( 1686): getSlotFromBufferLocked: unknown buffer: 0x7fb392647c60
12-09 07:52:41.346 D/EGL_emulation( 1686): eglMakeCurrent: 0x7fb39d955440: ver 2 0 (tinfo 0x7fb39563aee0)
12-09 07:52:41.427 I/System.out( 7713): result:{"bonusInformation":[],"message":"","success":true}
12-09 07:52:41.431 W/ActivityManager( 1593): Bad activity token: android.os.BinderProxy@3d39cc7
12-09 07:52:41.431 W/ActivityManager( 1593): java.lang.ClassCastException: android.os.BinderProxy cannot be cast to com.android.server.am.ActivityRecord$Token
12-09 07:52:41.431 W/ActivityManager( 1593): 	at com.android.server.am.ActivityRecord.forTokenLocked(ActivityRecord.java:424)
12-09 07:52:41.431 W/ActivityManager( 1593): 	at com.android.server.am.ActivityRecord.isInStackLocked(ActivityRecord.java:1121)
12-09 07:52:41.431 W/ActivityManager( 1593): 	at com.android.server.am.ActivityManagerService.getActivityOptions(ActivityManagerService.java:11038)
12-09 07:52:41.431 W/ActivityManager( 1593): 	at android.app.ActivityManagerNative.onTransact(ActivityManagerNative.java:1734)
12-09 07:52:41.431 W/ActivityManager( 1593): 	at com.android.server.am.ActivityManagerService.onTransact(ActivityManagerService.java:2443)
12-09 07:52:41.431 W/ActivityManager( 1593): 	at android.os.Binder.execTransact(Binder.java:453)
12-09 07:52:41.431 W/ActivityManager( 1593): Bad activity token: android.os.BinderProxy@3d39cc7
12-09 07:52:41.431 W/ActivityManager( 1593): java.lang.ClassCastException: android.os.BinderProxy cannot be cast to com.android.server.am.ActivityRecord$Token
12-09 07:52:41.431 W/ActivityManager( 1593): 	at com.android.server.am.ActivityRecord.forTokenLocked(ActivityRecord.java:424)
12-09 07:52:41.431 W/ActivityManager( 1593): 	at com.android.server.am.ActivityRecord.isInStackLocked(ActivityRecord.java:1121)
12-09 07:52:41.431 W/ActivityManager( 1593): 	at com.android.server.am.ActivityManagerService.getActivityOptions(ActivityManagerService.java:11038)
12-09 07:52:41.431 W/ActivityManager( 1593): 	at android.app.ActivityManagerNative.onTransact(ActivityManagerNative.java:1734)
12-09 07:52:41.431 W/ActivityManager( 1593): 	at com.android.server.am.ActivityManagerService.onTransact(ActivityManagerService.java:2443)
12-09 07:52:41.431 W/ActivityManager( 1593): 	at android.os.Binder.execTransact(Binder.java:453)
12-09 07:52:41.463 I/art     ( 7713): Background sticky concurrent mark sweep GC freed 24530(1068KB) AllocSpace objects, 2(40KB) LOS objects, 33% free, 2MB/3MB, paused 21.988ms total 90.210ms
12-09 07:52:41.647 I/Choreographer( 7713): Skipped 30 frames!  The application may be doing too much work on its main thread.
12-09 07:52:41.822 D/gralloc_ranchu( 1218): gralloc_alloc: Creating ashmem region of size 3686400
12-09 07:52:42.091 D/gralloc_ranchu( 1218): gralloc_alloc: Creating ashmem region of size 3686400
12-09 07:52:42.093 I/WindowManager( 1593): Screen frozen for +1s530ms due to Window{5e51a1d u0 com.evancharlton.mileage/com.evancharlton.mileage.Mileage}
12-09 07:52:43.026 D/gralloc_ranchu( 1218): gralloc_alloc: Creating ashmem region of size 3686400
12-09 07:52:43.713 E/SurfaceFlinger( 1218): ro.sf.lcd_density must be defined as a build property
12-09 07:52:43.714 D/gralloc_ranchu( 1218): gralloc_alloc: Creating ashmem region of size 3686400
12-09 07:52:43.730 D/        ( 7742): HostConnection::get() New Host Connection established 0x7f6dbe412480, tid 7742
12-09 07:52:43.766 E/EGL_emulation( 1218): tid 1218: eglCreateSyncKHR(1881): error 0x3004 (EGL_BAD_ATTRIBUTE)
12-09 07:52:44.277 I/art     ( 1593): Starting a blocking GC Explicit
12-09 07:52:44.320 I/art     ( 1593): Explicit concurrent mark sweep GC freed 10845(857KB) AllocSpace objects, 4(80KB) LOS objects, 29% free, 9MB/13MB, paused 1.216ms total 38.183ms
12-09 07:52:44.573 I/System.out( 7713): URI: //
12-09 07:52:44.574 I/System.out( 7713): params: {json={"command":"set_activity_orientation","arguments":["portrait"]}
12-09 07:52:44.574 I/System.out( 7713): }
12-09 07:52:44.574 I/System.out( 7713): header: {date=Sun, 09 Dec 2018 07:52:45 GMT, accept=*/*, content-length=63, host=127.0.0.1:34777, user-agent=HTTPClient/1.0 (2.8.3, ruby 2.3.1 (2016-04-26)), content-type=application/json;charset=utf-8}
12-09 07:52:44.574 I/System.out( 7713): params: {json={"command":"set_activity_orientation","arguments":["portrait"]}
12-09 07:52:44.574 I/System.out( 7713): }
12-09 07:52:44.574 I/System.out( 7713): ProP json = {"command":"set_activity_orientation","arguments":["portrait"]}
12-09 07:52:44.574 I/System.out( 7713): files: {}
12-09 07:52:44.574 I/System.out( 7713): command: {"command":"set_activity_orientation","arguments":["portrait"]}
12-09 07:52:44.575 I/InstrumentationBackend( 7713): Got command:'Command:'Line:null,set_activity_orientation', arguments:'[portrait]'
12-09 07:52:44.594 D/gralloc_ranchu( 1218): gralloc_alloc: Creating ashmem region of size 3686400
12-09 07:52:44.617 E/EGL_emulation( 1218): tid 1218: eglCreateSyncKHR(1881): error 0x3004 (EGL_BAD_ATTRIBUTE)
12-09 07:52:44.818 I/ActivityManager( 1593): Config changes=480 {1.0 310mcc260mnc en_US ldltr sw720dp w720dp h1256dp 160dpi xlrg long port finger -keyb/v/h tball/v s.20}
12-09 07:52:44.824 W/art     ( 1593): Long monitor contention event with owner method=android.content.res.Configuration com.android.server.wm.WindowManagerService.updateOrientationFromAppTokens(android.content.res.Configuration, android.os.IBinder) from WindowManagerService.java:3950 waiters=0 for 153ms
12-09 07:52:44.825 I/InputReader( 1593): Reconfiguring input devices.  changes=0x00000004
12-09 07:52:44.825 I/InputReader( 1593): Device reconfigured: id=0, name='qwerty2', size 720x1280, orientation 0, mode 1, display id 0
12-09 07:52:45.174 I/calabash( 7713): newActivity1
12-09 07:52:45.186 W/art     ( 1593): Long monitor contention event with owner method=void com.android.server.am.ActivityManagerService.setRequestedOrientation(android.os.IBinder, int) from ActivityManagerService.java:4192 waiters=0 for 513ms
12-09 07:52:45.265 I/calabash( 7713): newActivity1
12-09 07:52:45.276 W/ActivityManager( 1593): Bad activity token: android.os.BinderProxy@53e3b19
12-09 07:52:45.276 W/ActivityManager( 1593): java.lang.ClassCastException: android.os.BinderProxy cannot be cast to com.android.server.am.ActivityRecord$Token
12-09 07:52:45.276 W/ActivityManager( 1593): 	at com.android.server.am.ActivityRecord.forTokenLocked(ActivityRecord.java:424)
12-09 07:52:45.276 W/ActivityManager( 1593): 	at com.android.server.am.ActivityRecord.isInStackLocked(ActivityRecord.java:1121)
12-09 07:52:45.276 W/ActivityManager( 1593): 	at com.android.server.am.ActivityRecord.getStackLocked(ActivityRecord.java:1126)
12-09 07:52:45.276 W/ActivityManager( 1593): 	at com.android.server.am.ActivityManagerService.getActivityDisplayId(ActivityManagerService.java:8889)
12-09 07:52:45.276 W/ActivityManager( 1593): 	at android.app.ActivityManagerNative.onTransact(ActivityManagerNative.java:2338)
12-09 07:52:45.276 W/ActivityManager( 1593): 	at com.android.server.am.ActivityManagerService.onTransact(ActivityManagerService.java:2443)
12-09 07:52:45.276 W/ActivityManager( 1593): 	at android.os.Binder.execTransact(Binder.java:453)
12-09 07:52:45.316 W/ActivityManager( 1593): Bad activity token: android.os.BinderProxy@53e3b19
12-09 07:52:45.316 W/ActivityManager( 1593): java.lang.ClassCastException: android.os.BinderProxy cannot be cast to com.android.server.am.ActivityRecord$Token
12-09 07:52:45.316 W/ActivityManager( 1593): 	at com.android.server.am.ActivityRecord.forTokenLocked(ActivityRecord.java:424)
12-09 07:52:45.316 W/ActivityManager( 1593): 	at com.android.server.am.ActivityRecord.isInStackLocked(ActivityRecord.java:1121)
12-09 07:52:45.316 W/ActivityManager( 1593): 	at com.android.server.am.ActivityManagerService.setTaskDescription(ActivityManagerService.java:8547)
12-09 07:52:45.316 W/ActivityManager( 1593): 	at android.app.ActivityManagerNative.onTransact(ActivityManagerNative.java:2410)
12-09 07:52:45.316 W/ActivityManager( 1593): 	at com.android.server.am.ActivityManagerService.onTransact(ActivityManagerService.java:2443)
12-09 07:52:45.316 W/ActivityManager( 1593): 	at android.os.Binder.execTransact(Binder.java:453)
12-09 07:52:45.336 D/EGL_emulation( 1686): eglMakeCurrent: 0x7fb39d955440: ver 2 0 (tinfo 0x7fb39563aee0)
12-09 07:52:45.344 I/System.out( 7713): result:{"bonusInformation":[],"message":"","success":true}
12-09 07:52:45.345 E/Surface ( 1686): getSlotFromBufferLocked: unknown buffer: 0x7fb392645fa0
12-09 07:52:45.346 D/EGL_emulation( 1686): eglMakeCurrent: 0x7fb39d955440: ver 2 0 (tinfo 0x7fb39563aee0)
12-09 07:52:45.389 I/WindowManager( 1593): Screen frozen for +813ms due to Window{80c7701 u0 StatusBar}
12-09 07:52:45.398 W/ActivityManager( 1593): Bad activity token: android.os.BinderProxy@53e3b19
12-09 07:52:45.398 W/ActivityManager( 1593): java.lang.ClassCastException: android.os.BinderProxy cannot be cast to com.android.server.am.ActivityRecord$Token
12-09 07:52:45.398 W/ActivityManager( 1593): 	at com.android.server.am.ActivityRecord.forTokenLocked(ActivityRecord.java:424)
12-09 07:52:45.398 W/ActivityManager( 1593): 	at com.android.server.am.ActivityRecord.isInStackLocked(ActivityRecord.java:1121)
12-09 07:52:45.398 W/ActivityManager( 1593): 	at com.android.server.am.ActivityManagerService.getActivityOptions(ActivityManagerService.java:11038)
12-09 07:52:45.398 W/ActivityManager( 1593): 	at android.app.ActivityManagerNative.onTransact(ActivityManagerNative.java:1734)
12-09 07:52:45.398 W/ActivityManager( 1593): 	at com.android.server.am.ActivityManagerService.onTransact(ActivityManagerService.java:2443)
12-09 07:52:45.398 W/ActivityManager( 1593): 	at android.os.Binder.execTransact(Binder.java:453)
12-09 07:52:45.417 W/ActivityManager( 1593): Bad activity token: android.os.BinderProxy@53e3b19
12-09 07:52:45.417 W/ActivityManager( 1593): java.lang.ClassCastException: android.os.BinderProxy cannot be cast to com.android.server.am.ActivityRecord$Token
12-09 07:52:45.417 W/ActivityManager( 1593): 	at com.android.server.am.ActivityRecord.forTokenLocked(ActivityRecord.java:424)
12-09 07:52:45.417 W/ActivityManager( 1593): 	at com.android.server.am.ActivityRecord.isInStackLocked(ActivityRecord.java:1121)
12-09 07:52:45.417 W/ActivityManager( 1593): 	at com.android.server.am.ActivityManagerService.getActivityOptions(ActivityManagerService.java:11038)
12-09 07:52:45.417 W/ActivityManager( 1593): 	at android.app.ActivityManagerNative.onTransact(ActivityManagerNative.java:1734)
12-09 07:52:45.417 W/ActivityManager( 1593): 	at com.android.server.am.ActivityManagerService.onTransact(ActivityManagerService.java:2443)
12-09 07:52:45.417 W/ActivityManager( 1593): 	at android.os.Binder.execTransact(Binder.java:453)
12-09 07:52:45.435 I/art     ( 7713): Background sticky concurrent mark sweep GC freed 18499(898KB) AllocSpace objects, 4(80KB) LOS objects, 32% free, 2MB/3MB, paused 21.780ms total 80.755ms
12-09 07:52:45.579 W/art     ( 1593): Long monitor contention event with owner method=void com.android.server.wm.WindowManagerService$H.handleMessage(android.os.Message) from WindowManagerService.java:7820 waiters=0 for 156ms
12-09 07:52:45.615 I/Choreographer( 7713): Skipped 31 frames!  The application may be doing too much work on its main thread.
12-09 07:52:46.226 I/Choreographer( 7713): Skipped 34 frames!  The application may be doing too much work on its main thread.
12-09 07:52:46.227 D/gralloc_ranchu( 1218): gralloc_alloc: Creating ashmem region of size 3686400
12-09 07:52:46.575 D/gralloc_ranchu( 1218): gralloc_alloc: Creating ashmem region of size 3686400
12-09 07:52:46.980 D/gralloc_ranchu( 1218): gralloc_alloc: Creating ashmem region of size 3686400
12-09 07:52:47.581 I/art     ( 1593): Starting a blocking GC Explicit
12-09 07:52:47.624 I/art     ( 1593): Explicit concurrent mark sweep GC freed 4689(341KB) AllocSpace objects, 0(0B) LOS objects, 30% free, 9MB/13MB, paused 2.969ms total 35.577ms
12-09 07:52:47.633 E/SurfaceFlinger( 1218): ro.sf.lcd_density must be defined as a build property
12-09 07:52:47.702 D/gralloc_ranchu( 1218): gralloc_alloc: Creating ashmem region of size 3686400
12-09 07:52:47.802 D/        ( 7748): HostConnection::get() New Host Connection established 0x7ff825052480, tid 7748
12-09 07:52:47.828 E/EGL_emulation( 1218): tid 1218: eglCreateSyncKHR(1881): error 0x3004 (EGL_BAD_ATTRIBUTE)
