--------- beginning of main
12-09 08:09:25.947 D/gralloc_ranchu( 1218): gralloc_alloc: Creating ashmem region of size 708608
12-09 08:09:25.989 W/audio_hw_generic( 1306): Not supplying enough data to HAL, expected position 25796930 , only wrote 25796847
12-09 08:09:25.990 W/audio_hw_generic( 1306): Not supplying enough data to HAL, expected position 25796854 , only wrote 25796847
12-09 08:09:26.009 W/audio_hw_generic( 1306): Not supplying enough data to HAL, expected position 25797716 , only wrote 25797508
12-09 08:09:26.055 E/EGL_emulation( 1218): tid 1218: eglCreateSyncKHR(1881): error 0x3004 (EGL_BAD_ATTRIBUTE)
--------- beginning of system
12-09 08:09:26.232 W/ActivityManager( 1592): Finishing task with all activities already finished
12-09 08:09:26.232 W/ActivityManager( 1592): Duplicate finish request for ActivityRecord{90b6da3 u0 com.evancharlton.mileage/.Mileage t411 f}
12-09 08:09:26.232 W/ActivityManager( 1592): Finishing task with all activities already finished
12-09 08:09:26.232 W/ActivityManager( 1592): Duplicate finish request for ActivityRecord{90b6da3 u0 com.evancharlton.mileage/.Mileage t411 f}
12-09 08:09:26.232 W/ActivityManager( 1592): Finishing task with all activities already finished
12-09 08:09:26.232 W/ActivityManager( 1592): Duplicate finish request for ActivityRecord{90b6da3 u0 com.evancharlton.mileage/.Mileage t411 f}
12-09 08:09:26.573 W/art     ( 1592): Long monitor contention event with owner method=int com.android.server.wm.WindowManagerService.relayoutWindow(com.android.server.wm.Session, android.view.IWindow, int, android.view.WindowManager$LayoutParams, int, int, int, int, android.graphics.Rect, android.graphics.Rect, android.graphics.Rect, android.graphics.Rect, android.graphics.Rect, android.graphics.Rect, android.content.res.Configuration, android.view.Surface) from WindowManagerService.java:3103 waiters=0 for 138ms
12-09 08:09:26.609 W/audio_hw_generic( 1306): Not supplying enough data to HAL, expected position 25849529 , only wrote 25823948
12-09 08:09:26.679 D/EGL_emulation( 1949): eglMakeCurrent: 0x7f3f5c334dc0: ver 2 0 (tinfo 0x7f3f5c302d00)
12-09 08:09:26.850 D/AndroidRuntime(12268): >>>>>> START com.android.internal.os.RuntimeInit uid 0 <<<<<<
12-09 08:09:26.852 D/AndroidRuntime(12268): CheckJNI is ON
12-09 08:09:26.898 D/ICU     (12268): No timezone override file found: /data/misc/zoneinfo/current/icu/icu_tzdata.dat
12-09 08:09:27.183 W/art     ( 1592): Long monitor contention event with owner method=void com.android.server.wm.WindowAnimator$1.doFrame(long) from WindowAnimator.java:121 waiters=0 for 183ms
12-09 08:09:27.233 E/memtrack(12268): Couldn't load memtrack module (No such file or directory)
12-09 08:09:27.234 E/android.os.Debug(12268): failed to load memtrack module: -2
12-09 08:09:27.235 I/Radio-JNI(12268): register_android_hardware_Radio DONE
12-09 08:09:27.276 D/AndroidRuntime(12268): Calling main entry com.android.commands.am.Am
12-09 08:09:27.588 W/art     ( 1592): Long monitor contention event with owner method=void com.android.server.wm.WindowAnimator$1.doFrame(long) from WindowAnimator.java:121 waiters=1 for 257ms
12-09 08:09:27.684 W/art     ( 1592): Long monitor contention event with owner method=void com.android.server.wm.WindowAnimator$1.doFrame(long) from WindowAnimator.java:121 waiters=2 for 325ms
12-09 08:09:27.685 W/art     ( 1592): Long monitor contention event with owner method=void com.android.server.wm.WindowAnimator$1.doFrame(long) from WindowAnimator.java:121 waiters=2 for 211ms
12-09 08:09:27.685 W/art     ( 1592): Long monitor contention event with owner method=java.util.List com.android.server.am.ActivityManagerService.getAllStackInfos() from ActivityManagerService.java:8937 waiters=0 for 296ms
12-09 08:09:27.685 I/ActivityManager( 1592): Force stopping com.evancharlton.mileage appid=10129 user=0: start instr
12-09 08:09:27.685 I/ActivityManager( 1592): Killing 12199:com.evancharlton.mileage/u0a129 (adj 0): stop com.evancharlton.mileage
12-09 08:09:27.823 W/art     ( 1592): Long monitor contention event with owner method=void com.android.server.wm.WindowManagerService.removeWindow(com.android.server.wm.Session, android.view.IWindow) from WindowManagerService.java:2696 waiters=0 for 134ms
12-09 08:09:27.824 W/WindowAnimator( 1592): Failed to dispatch window animation state change.
12-09 08:09:27.824 W/WindowAnimator( 1592): android.os.DeadObjectException
12-09 08:09:27.824 W/WindowAnimator( 1592): 	at android.os.BinderProxy.transactNative(Native Method)
12-09 08:09:27.824 W/WindowAnimator( 1592): 	at android.os.BinderProxy.transact(Binder.java:503)
12-09 08:09:27.824 W/WindowAnimator( 1592): 	at android.view.IWindow$Stub$Proxy.onAnimationStarted(IWindow.java:520)
12-09 08:09:27.824 W/WindowAnimator( 1592): 	at com.android.server.wm.WindowAnimator.updateWindowsLocked(WindowAnimator.java:282)
12-09 08:09:27.824 W/WindowAnimator( 1592): 	at com.android.server.wm.WindowAnimator.animateLocked(WindowAnimator.java:678)
12-09 08:09:27.824 W/WindowAnimator( 1592): 	at com.android.server.wm.WindowAnimator.-wrap0(WindowAnimator.java)
12-09 08:09:27.824 W/WindowAnimator( 1592): 	at com.android.server.wm.WindowAnimator$1.doFrame(WindowAnimator.java:123)
12-09 08:09:27.824 W/WindowAnimator( 1592): 	at android.view.Choreographer$CallbackRecord.run(Choreographer.java:856)
12-09 08:09:27.824 W/WindowAnimator( 1592): 	at android.view.Choreographer.doCallbacks(Choreographer.java:670)
12-09 08:09:27.824 W/WindowAnimator( 1592): 	at android.view.Choreographer.doFrame(Choreographer.java:603)
12-09 08:09:27.824 W/WindowAnimator( 1592): 	at android.view.Choreographer$FrameDisplayEventReceiver.run(Choreographer.java:844)
12-09 08:09:27.824 W/WindowAnimator( 1592): 	at android.os.Handler.handleCallback(Handler.java:739)
12-09 08:09:27.824 W/WindowAnimator( 1592): 	at android.os.Handler.dispatchMessage(Handler.java:95)
12-09 08:09:27.824 W/WindowAnimator( 1592): 	at android.os.Looper.loop(Looper.java:148)
12-09 08:09:27.824 W/WindowAnimator( 1592): 	at android.os.HandlerThread.run(HandlerThread.java:61)
12-09 08:09:27.824 W/WindowAnimator( 1592): 	at com.android.server.ServiceThread.run(ServiceThread.java:46)
12-09 08:09:27.826 I/WindowState( 1592): WIN DEATH: Window{d14bb39 u0 Toast EXITING}
12-09 08:09:27.827 I/WindowState( 1592): WIN DEATH: Window{c83e1cd u0 com.evancharlton.mileage/com.evancharlton.mileage.Mileage EXITING}
12-09 08:09:27.835 W/ActivityManager( 1592): Crash of app com.evancharlton.mileage running instrumentation ComponentInfo{com.evancharlton.mileage.test/sh.calaba.instrumentationbackend.CalabashInstrumentationTestRunner}
12-09 08:09:27.835 I/ActivityManager( 1592): Force stopping com.evancharlton.mileage appid=10129 user=0: finished inst
12-09 08:09:28.023 I/ActivityManager( 1592): Start proc 12277:com.evancharlton.mileage/u0a129 for added application com.evancharlton.mileage
12-09 08:09:28.023 W/art     ( 1592): Long monitor contention event with owner method=boolean com.android.server.am.ActivityManagerService.startInstrumentation(android.content.ComponentName, java.lang.String, int, android.os.Bundle, android.app.IInstrumentationWatcher, android.app.IUiAutomationConnection, int, java.lang.String) from ActivityManagerService.java:17066 waiters=0 for 322ms
12-09 08:09:28.033 D/AndroidRuntime(12268): Shutting down VM
12-09 08:09:28.046 W/ActivityManager( 1592): Spurious death for ProcessRecord{e958618 0:com.evancharlton.mileage/u0a129}, curProc for 12199: null
12-09 08:09:28.051 W/InputMethodManagerService( 1592): Got RemoteException sending setActive(false) notification to pid 12199 uid 10129
12-09 08:09:28.260 W/System  (12277): ClassLoader referenced unknown path: /data/app/com.evancharlton.mileage.test-1/lib/x86_64
12-09 08:09:28.260 W/System  (12277): ClassLoader referenced unknown path: /data/app/com.evancharlton.mileage-1/lib/x86_64
12-09 08:09:28.365 I/System.out(12277): Main activity name automatically set to: com.evancharlton.mileage.Mileage
12-09 08:09:28.366 I/System.out(12277): Calabash did not load Mono. This is only a problem if you are trying to test a Mono application
12-09 08:09:28.366 I/calabash(12277): Test server port: 7102
12-09 08:09:28.367 I/InstrumentationBackend(12277): Added:'GetPreferences', with key:'get_preferences'
12-09 08:09:28.438 W/WindowAnimator( 1592): Failed to dispatch window animation state change.
12-09 08:09:28.438 W/WindowAnimator( 1592): android.os.DeadObjectException
12-09 08:09:28.438 W/WindowAnimator( 1592): 	at android.os.BinderProxy.transactNative(Native Method)
12-09 08:09:28.438 W/WindowAnimator( 1592): 	at android.os.BinderProxy.transact(Binder.java:503)
12-09 08:09:28.438 W/WindowAnimator( 1592): 	at android.view.IWindow$Stub$Proxy.onAnimationStopped(IWindow.java:534)
12-09 08:09:28.438 W/WindowAnimator( 1592): 	at com.android.server.wm.WindowAnimator.updateWindowsLocked(WindowAnimator.java:286)
12-09 08:09:28.438 W/WindowAnimator( 1592): 	at com.android.server.wm.WindowAnimator.animateLocked(WindowAnimator.java:678)
12-09 08:09:28.438 W/WindowAnimator( 1592): 	at com.android.server.wm.WindowAnimator.-wrap0(WindowAnimator.java)
12-09 08:09:28.438 W/WindowAnimator( 1592): 	at com.android.server.wm.WindowAnimator$1.doFrame(WindowAnimator.java:123)
12-09 08:09:28.438 W/WindowAnimator( 1592): 	at android.view.Choreographer$CallbackRecord.run(Choreographer.java:856)
12-09 08:09:28.438 W/WindowAnimator( 1592): 	at android.view.Choreographer.doCallbacks(Choreographer.java:670)
12-09 08:09:28.438 W/WindowAnimator( 1592): 	at android.view.Choreographer.doFrame(Choreographer.java:603)
12-09 08:09:28.438 W/WindowAnimator( 1592): 	at android.view.Choreographer$FrameDisplayEventReceiver.run(Choreographer.java:844)
12-09 08:09:28.438 W/WindowAnimator( 1592): 	at android.os.Handler.handleCallback(Handler.java:739)
12-09 08:09:28.438 W/WindowAnimator( 1592): 	at android.os.Handler.dispatchMessage(Handler.java:95)
12-09 08:09:28.438 W/WindowAnimator( 1592): 	at android.os.Looper.loop(Looper.java:148)
12-09 08:09:28.438 W/WindowAnimator( 1592): 	at android.os.HandlerThread.run(HandlerThread.java:61)
12-09 08:09:28.438 W/WindowAnimator( 1592): 	at com.android.server.ServiceThread.run(ServiceThread.java:46)
12-09 08:09:28.439 W/art     ( 1592): Long monitor contention event with owner method=void com.android.server.wm.WindowAnimator$1.doFrame(long) from WindowAnimator.java:121 waiters=0 for 143ms
12-09 08:09:28.465 I/InstrumentationBackend(12277): Added:'SetPreferences', with key:'set_preferences'
12-09 08:09:28.465 I/InstrumentationBackend(12277): Added:'ClearPreferences', with key:'clear_preferences'
12-09 08:09:28.465 I/InstrumentationBackend(12277): Added:'PressElement', with key:'press_l10n_element'
12-09 08:09:28.466 I/InstrumentationBackend(12277): Added:'WaitForElement', with key:'wait_for_l10n_element'
12-09 08:09:28.466 I/InstrumentationBackend(12277): Added:'NullAction', with key:'nullAction'
12-09 08:09:28.466 I/InstrumentationBackend(12277): Added:'PressKey', with key:'press_key'
12-09 08:09:28.467 I/InstrumentationBackend(12277): Added:'SetActivityOrientation', with key:'set_activity_orientation'
12-09 08:09:28.467 I/InstrumentationBackend(12277): Added:'GetActivityOrientation', with key:'get_activity_orientation'
12-09 08:09:28.467 I/InstrumentationBackend(12277): Added:'FakeGPSLocation', with key:'set_gps_coordinates'
12-09 08:09:28.467 I/InstrumentationBackend(12277): Added:'SetPropertyByCssSelector', with key:'set_property_by_css_selector'
12-09 08:09:28.467 I/InstrumentationBackend(12277): Added:'GetUrl', with key:'get_url'
12-09 08:09:28.468 I/InstrumentationBackend(12277): Added:'ScrollTo', with key:'scroll_to'
12-09 08:09:28.468 I/InstrumentationBackend(12277): Added:'GetLoadProgress', with key:'get_load_progress'
12-09 08:09:28.508 I/InstrumentationBackend(12277): Added:'DumpHtml', with key:'dump_html'
12-09 08:09:28.509 I/InstrumentationBackend(12277): Added:'DumpBodyHtml', with key:'dump_body_html'
12-09 08:09:28.509 I/InstrumentationBackend(12277): Added:'EnterTextByCssSelector', with key:'enter_text_by_selector'
12-09 08:09:28.510 I/InstrumentationBackend(12277): Added:'AndroidSDKVersion', with key:'android_sdk_version'
12-09 08:09:28.510 I/InstrumentationBackend(12277): Added:'Version', with key:'version'
12-09 08:09:28.511 I/InstrumentationBackend(12277): Added:'Drag', with key:'drag'
12-09 08:09:28.511 I/InstrumentationBackend(12277): Added:'TouchCoordinates', with key:'touch_coordinate'
12-09 08:09:28.511 I/InstrumentationBackend(12277): Added:'LongPressCoordinate', with key:'long_press_coordinate'
12-09 08:09:28.511 I/InstrumentationBackend(12277): Added:'DragCoordinates', with key:'drag_coordinates'
12-09 08:09:28.511 I/InstrumentationBackend(12277): Added:'ResumeApplication', with key:'resume_application'
12-09 08:09:28.511 I/InstrumentationBackend(12277): Added:'Swipe', with key:'swipe'
12-09 08:09:28.512 I/InstrumentationBackend(12277): Added:'DoubleTapCoordinate', with key:'double_tap_coordinate'
12-09 08:09:28.512 I/InstrumentationBackend(12277): Added:'ClickOnScreen', with key:'click_on_screen'
12-09 08:09:28.512 I/InstrumentationBackend(12277): Added:'GetActivityName', with key:'get_activity_name'
12-09 08:09:28.512 I/InstrumentationBackend(12277): Added:'ScrollToView', with key:'scroll_to_view'
12-09 08:09:28.516 I/InstrumentationBackend(12277): Added:'ViewConfiguration', with key:'view_configuration'
12-09 08:09:28.517 I/InstrumentationBackend(12277): Added:'IsCurrentActivityFocused', with key:'is_current_activity_focused'
12-09 08:09:28.517 I/InstrumentationBackend(12277): Added:'SendTcp', with key:'send_tcp'
12-09 08:09:28.517 I/InstrumentationBackend(12277): Added:'DpToDevicePixel', with key:'dp_to_device_pixel'
12-09 08:09:28.518 I/InstrumentationBackend(12277): Added:'KeyboardEnterText', with key:'keyboard_enter_text'
12-09 08:09:28.518 I/InstrumentationBackend(12277): Added:'DeleteSurroundingText', with key:'delete_surrounding_text'
12-09 08:09:28.518 I/InstrumentationBackend(12277): Added:'SetComposingRegion', with key:'set_composing_region'
12-09 08:09:28.518 I/InstrumentationBackend(12277): Added:'SetSelection', with key:'set_selection'
12-09 08:09:28.518 I/InstrumentationBackend(12277): Added:'KeyboardKeyEvent', with key:'keyboard_key_event'
12-09 08:09:28.529 I/InstrumentationBackend(12277): Added:'PressUserActionButton', with key:'press_user_action_button'
12-09 08:09:28.530 I/InstrumentationBackend(12277): Added:'HideSoftKeyboard', with key:'hide_soft_keyboard'
12-09 08:09:28.530 I/InstrumentationBackend(12277): Added:'ListActions', with key:'list_actions'
12-09 08:09:28.530 I/calabash(12277): Instantiating http server at 7102
12-09 08:09:28.531 I/System.out(12277): HTTP Daemon listening on: 7102
12-09 08:09:28.612 I/System.out(12277): URI: //ping
12-09 08:09:28.612 I/System.out(12277): params: {json={}
12-09 08:09:28.612 I/System.out(12277): }
12-09 08:09:28.614 W/art     ( 1592): Long monitor contention event with owner method=void com.android.server.wm.WindowAnimator$1.doFrame(long) from WindowAnimator.java:121 waiters=0 for 175ms
12-09 08:09:28.731 I/System.out(12277): URI: //ping
12-09 08:09:28.731 I/System.out(12277): params: {json={}
12-09 08:09:28.731 I/System.out(12277): }
12-09 08:09:28.773 I/System.out(12277): URI: //ready
12-09 08:09:28.773 I/System.out(12277): params: {json={}
12-09 08:09:28.773 I/System.out(12277): }
12-09 08:09:28.801 W/art     ( 1592): Long monitor contention event with owner method=com.android.internal.view.InputBindResult com.android.server.InputMethodManagerService.windowGainedFocus(com.android.internal.view.IInputMethodClient, android.os.IBinder, int, int, int, android.view.inputmethod.EditorInfo, com.android.internal.view.IInputContext) from InputMethodManagerService.java:2177 waiters=0 for 999ms
12-09 08:09:28.802 I/Choreographer( 1949): Skipped 125 frames!  The application may be doing too much work on its main thread.
12-09 08:09:28.804 W/art     ( 1592): Long monitor contention event with owner method=com.android.internal.view.InputBindResult com.android.server.InputMethodManagerService.windowGainedFocus(com.android.internal.view.IInputMethodClient, android.os.IBinder, int, int, int, android.view.inputmethod.EditorInfo, com.android.internal.view.IInputContext) from InputMethodManagerService.java:2177 waiters=1 for 1.002s
12-09 08:09:28.875 D/EGL_emulation( 1878): eglMakeCurrent: 0x7f3f5064c0a0: ver 2 0 (tinfo 0x7f3f5822b8e0)
12-09 08:09:28.880 I/art     (12277): Background partial concurrent mark sweep GC freed 29116(1425KB) AllocSpace objects, 9(180KB) LOS objects, 49% free, 1039KB/2MB, paused 12.347ms total 132.527ms
12-09 08:09:28.883 E/Surface ( 1878): getSlotFromBufferLocked: unknown buffer: 0x7f3f5064d180
12-09 08:09:28.920 I/System.out(12277): URI: //
12-09 08:09:28.920 I/System.out(12277): params: {json={"command":"version","arguments":[]}
12-09 08:09:28.920 I/System.out(12277): }
12-09 08:09:28.920 I/System.out(12277): header: {date=Sun, 09 Dec 2018 08:09:28 GMT, accept=*/*, content-length=36, host=127.0.0.1:34777, user-agent=HTTPClient/1.0 (2.8.3, ruby 2.3.1 (2016-04-26)), content-type=application/json;charset=utf-8}
12-09 08:09:28.920 I/System.out(12277): params: {json={"command":"version","arguments":[]}
12-09 08:09:28.920 I/System.out(12277): }
12-09 08:09:28.921 I/System.out(12277): ProP json = {"command":"version","arguments":[]}
12-09 08:09:28.921 I/System.out(12277): files: {}
12-09 08:09:28.921 I/System.out(12277): command: {"command":"version","arguments":[]}
12-09 08:09:29.006 I/InstrumentationBackend(12277): Got command:'Command:'Line:null,version', arguments:'[]'
12-09 08:09:29.046 I/System.out(12277): result:{"bonusInformation":[],"message":"0.9.8","success":true}
12-09 08:09:29.092 I/System.out(12277): URI: //start-application
12-09 08:09:29.092 I/System.out(12277): params: {json={"intent":null}
12-09 08:09:29.092 I/System.out(12277): }
12-09 08:09:29.110 I/art     (12277): Background sticky concurrent mark sweep GC freed 14267(721KB) AllocSpace objects, 4(80KB) LOS objects, 37% free, 1281KB/2MB, paused 5.335ms total 44.277ms
12-09 08:09:29.342 W/art     ( 1592): Long monitor contention event with owner method=void com.android.server.wm.WindowAnimator$1.doFrame(long) from WindowAnimator.java:121 waiters=2 for 280ms
12-09 08:09:29.533 W/art     ( 1592): Long monitor contention event with owner method=void com.android.server.wm.WindowAnimator$1.doFrame(long) from WindowAnimator.java:121 waiters=3 for 360ms
12-09 08:09:29.545 W/art     ( 1592): Long monitor contention event with owner method=void com.android.server.wm.WindowAnimator$1.doFrame(long) from WindowAnimator.java:121 waiters=3 for 203ms
12-09 08:09:29.548 I/Choreographer( 1949): Skipped 45 frames!  The application may be doing too much work on its main thread.
12-09 08:09:29.551 I/ActivityManager( 1592): START u0 {act=android.intent.action.MAIN cat=[android.intent.category.LAUNCHER] flg=0x10200000 cmp=com.evancharlton.mileage/.Mileage} from uid 10129 on display 0
12-09 08:09:29.638 W/OpenGLRenderer( 1949): Incorrectly called buildLayer on View: ShortcutAndWidgetContainer, destroying layer...
12-09 08:09:29.900 W/WindowState( 1592): Failed to report 'resized' to the client of Window{c83e1cd u0 com.evancharlton.mileage/com.evancharlton.mileage.Mileage EXITING}, removing this window.
12-09 08:09:29.901 W/art     ( 1592): Long monitor contention event with owner method=void com.android.server.wm.WindowAnimator$1.doFrame(long) from WindowAnimator.java:121 waiters=2 for 305ms
12-09 08:09:29.907 E/WindowState( 1592): getStack: Window{c83e1cd u0 com.evancharlton.mileage/com.evancharlton.mileage.Mileage EXITING} couldn't find task for AppWindowToken{75d40ff token=Token{45788a0 ActivityRecord{90b6da3 u0 com.evancharlton.mileage/.Mileage t411}}} Callers=com.android.server.wm.WindowState.getDisplayContent:847 com.android.server.wm.WindowState.getWindowList:1457 com.android.server.wm.WindowManagerService.findDesiredInputMethodWindowIndexLocked:1464 com.android.server.wm.WindowManagerService.moveInputMethodWindowsIfNeededLocked:1684 
12-09 08:09:29.907 W/art     ( 1592): Long monitor contention event with owner method=int com.android.server.am.ActivityStackSupervisor.startActivityMayWait(android.app.IApplicationThread, int, java.lang.String, android.content.Intent, java.lang.String, android.service.voice.IVoiceInteractionSession, com.android.internal.app.IVoiceInteractor, android.os.IBinder, java.lang.String, int, int, android.app.ProfilerInfo, android.app.IActivityManager$WaitResult, android.content.res.Configuration, android.os.Bundle, boolean, int, android.app.IActivityContainer, com.android.server.am.TaskRecord) from ActivityStackSupervisor.java:946 waiters=0 for 354ms
12-09 08:09:29.907 W/art     ( 1592): Long monitor contention event with owner method=int com.android.server.am.ActivityStackSupervisor.startActivityMayWait(android.app.IApplicationThread, int, java.lang.String, android.content.Intent, java.lang.String, android.service.voice.IVoiceInteractionSession, com.android.internal.app.IVoiceInteractor, android.os.IBinder, java.lang.String, int, int, android.app.ProfilerInfo, android.app.IActivityManager$WaitResult, android.content.res.Configuration, android.os.Bundle, boolean, int, android.app.IActivityContainer, com.android.server.am.TaskRecord) from ActivityStackSupervisor.java:946 waiters=1 for 254ms
12-09 08:09:29.908 W/art     ( 1592): Long monitor contention event with owner method=int com.android.server.am.ActivityStackSupervisor.startActivityMayWait(android.app.IApplicationThread, int, java.lang.String, android.content.Intent, java.lang.String, android.service.voice.IVoiceInteractionSession, com.android.internal.app.IVoiceInteractor, android.os.IBinder, java.lang.String, int, int, android.app.ProfilerInfo, android.app.IActivityManager$WaitResult, android.content.res.Configuration, android.os.Bundle, boolean, int, android.app.IActivityContainer, com.android.server.am.TaskRecord) from ActivityStackSupervisor.java:946 waiters=2 for 220ms
12-09 08:09:29.925 I/calabash(12277): newActivity1
12-09 08:09:30.050 I/calabash(12277): newActivity1
12-09 08:09:30.052 W/ActivityManager( 1592): Bad activity token: android.os.BinderProxy@643f3eb
12-09 08:09:30.052 W/ActivityManager( 1592): java.lang.ClassCastException: android.os.BinderProxy cannot be cast to com.android.server.am.ActivityRecord$Token
12-09 08:09:30.052 W/ActivityManager( 1592): 	at com.android.server.am.ActivityRecord.forTokenLocked(ActivityRecord.java:424)
12-09 08:09:30.052 W/ActivityManager( 1592): 	at com.android.server.am.ActivityRecord.isInStackLocked(ActivityRecord.java:1121)
12-09 08:09:30.052 W/ActivityManager( 1592): 	at com.android.server.am.ActivityRecord.getStackLocked(ActivityRecord.java:1126)
12-09 08:09:30.052 W/ActivityManager( 1592): 	at com.android.server.am.ActivityManagerService.getActivityDisplayId(ActivityManagerService.java:8889)
12-09 08:09:30.052 W/ActivityManager( 1592): 	at android.app.ActivityManagerNative.onTransact(ActivityManagerNative.java:2338)
12-09 08:09:30.052 W/ActivityManager( 1592): 	at com.android.server.am.ActivityManagerService.onTransact(ActivityManagerService.java:2443)
12-09 08:09:30.052 W/ActivityManager( 1592): 	at android.os.Binder.execTransact(Binder.java:453)
12-09 08:09:30.058 W/ActivityManager( 1592): Bad activity token: android.os.BinderProxy@643f3eb
12-09 08:09:30.058 W/ActivityManager( 1592): java.lang.ClassCastException: android.os.BinderProxy cannot be cast to com.android.server.am.ActivityRecord$Token
12-09 08:09:30.058 W/ActivityManager( 1592): 	at com.android.server.am.ActivityRecord.forTokenLocked(ActivityRecord.java:424)
12-09 08:09:30.058 W/ActivityManager( 1592): 	at com.android.server.am.ActivityRecord.isInStackLocked(ActivityRecord.java:1121)
12-09 08:09:30.058 W/ActivityManager( 1592): 	at com.android.server.am.ActivityManagerService.setTaskDescription(ActivityManagerService.java:8547)
12-09 08:09:30.058 W/ActivityManager( 1592): 	at android.app.ActivityManagerNative.onTransact(ActivityManagerNative.java:2410)
12-09 08:09:30.058 W/ActivityManager( 1592): 	at com.android.server.am.ActivityManagerService.onTransact(ActivityManagerService.java:2443)
12-09 08:09:30.058 W/ActivityManager( 1592): 	at android.os.Binder.execTransact(Binder.java:453)
12-09 08:09:30.221 W/art     (12277): Suspending all threads took: 11.445ms
12-09 08:09:30.227 I/art     (12277): Background sticky concurrent mark sweep GC freed 1732(288KB) AllocSpace objects, 0(0B) LOS objects, 16% free, 1719KB/2MB, paused 12.681ms total 83.053ms
12-09 08:09:30.248 W/ActivityManager( 1592): Bad activity token: android.os.BinderProxy@643f3eb
12-09 08:09:30.248 W/ActivityManager( 1592): java.lang.ClassCastException: android.os.BinderProxy cannot be cast to com.android.server.am.ActivityRecord$Token
12-09 08:09:30.248 W/ActivityManager( 1592): 	at com.android.server.am.ActivityRecord.forTokenLocked(ActivityRecord.java:424)
12-09 08:09:30.248 W/ActivityManager( 1592): 	at com.android.server.am.ActivityRecord.isInStackLocked(ActivityRecord.java:1121)
12-09 08:09:30.248 W/ActivityManager( 1592): 	at com.android.server.am.ActivityManagerService.getActivityOptions(ActivityManagerService.java:11038)
12-09 08:09:30.248 W/ActivityManager( 1592): 	at android.app.ActivityManagerNative.onTransact(ActivityManagerNative.java:1734)
12-09 08:09:30.248 W/ActivityManager( 1592): 	at com.android.server.am.ActivityManagerService.onTransact(ActivityManagerService.java:2443)
12-09 08:09:30.248 W/ActivityManager( 1592): 	at android.os.Binder.execTransact(Binder.java:453)
12-09 08:09:30.254 W/ActivityManager( 1592): Bad activity token: android.os.BinderProxy@643f3eb
12-09 08:09:30.254 W/ActivityManager( 1592): java.lang.ClassCastException: android.os.BinderProxy cannot be cast to com.android.server.am.ActivityRecord$Token
12-09 08:09:30.254 W/ActivityManager( 1592): 	at com.android.server.am.ActivityRecord.forTokenLocked(ActivityRecord.java:424)
12-09 08:09:30.254 W/ActivityManager( 1592): 	at com.android.server.am.ActivityRecord.isInStackLocked(ActivityRecord.java:1121)
12-09 08:09:30.254 W/ActivityManager( 1592): 	at com.android.server.am.ActivityManagerService.getActivityOptions(ActivityManagerService.java:11038)
12-09 08:09:30.254 W/ActivityManager( 1592): 	at android.app.ActivityManagerNative.onTransact(ActivityManagerNative.java:1734)
12-09 08:09:30.254 W/ActivityManager( 1592): 	at com.android.server.am.ActivityManagerService.onTransact(ActivityManagerService.java:2443)
12-09 08:09:30.254 W/ActivityManager( 1592): 	at android.os.Binder.execTransact(Binder.java:453)
12-09 08:09:30.285 W/art     ( 1592): Long monitor contention event with owner method=int com.android.server.wm.WindowManagerService.relayoutWindow(com.android.server.wm.Session, android.view.IWindow, int, android.view.WindowManager$LayoutParams, int, int, int, int, android.graphics.Rect, android.graphics.Rect, android.graphics.Rect, android.graphics.Rect, android.graphics.Rect, android.graphics.Rect, android.content.res.Configuration, android.view.Surface) from WindowManagerService.java:3103 waiters=0 for 162ms
12-09 08:09:30.288 D/gralloc_ranchu( 1218): gralloc_alloc: Creating ashmem region of size 3686400
12-09 08:09:30.384 I/art     (12277): Background partial concurrent mark sweep GC freed 2237(148KB) AllocSpace objects, 1(20KB) LOS objects, 40% free, 1849KB/3MB, paused 1.193ms total 100.161ms
12-09 08:09:30.701 W/art     ( 1592): Long monitor contention event with owner method=void com.android.server.wm.WindowAnimator$1.doFrame(long) from WindowAnimator.java:121 waiters=0 for 159ms
12-09 08:09:30.763 V/PhoneStatusBar( 1704): setLightsOn(true)
12-09 08:09:30.775 D/EGL_emulation( 1949): eglMakeCurrent: 0x7f3f5c334dc0: ver 2 0 (tinfo 0x7f3f5c302d00)
12-09 08:09:30.781 E/Surface ( 1949): getSlotFromBufferLocked: unknown buffer: 0x7f3f588d5a20
12-09 08:09:30.840 D/gralloc_ranchu( 1218): gralloc_alloc: Creating ashmem region of size 3686400
12-09 08:09:30.907 D/        (12277): HostConnection::get() New Host Connection established 0x7f3f5893cda0, tid 12277
12-09 08:09:31.286 W/art     ( 1592): Long monitor contention event with owner method=void com.android.server.wm.WindowAnimator$1.doFrame(long) from WindowAnimator.java:121 waiters=1 for 194ms
12-09 08:09:31.362 W/art     ( 1592): Long monitor contention event with owner method=void com.android.server.wm.WindowAnimator$1.doFrame(long) from WindowAnimator.java:121 waiters=1 for 169ms
12-09 08:09:31.677 W/art     ( 1592): Long monitor contention event with owner method=void com.android.server.wm.WindowAnimator$1.doFrame(long) from WindowAnimator.java:121 waiters=1 for 154ms
12-09 08:09:31.685 W/art     ( 1592): Long monitor contention event with owner method=java.util.List com.android.server.am.ActivityManagerService.getAllStackInfos() from ActivityManagerService.java:8937 waiters=0 for 465ms
12-09 08:09:31.702 I/Choreographer( 1704): Skipped 41 frames!  The application may be doing too much work on its main thread.
12-09 08:09:31.714 W/art     ( 1592): Long monitor contention event with owner method=java.util.List com.android.server.am.ActivityManagerService.getAllStackInfos() from ActivityManagerService.java:8937 waiters=1 for 256ms
12-09 08:09:31.716 I/ActivityManager( 1592): Displayed com.evancharlton.mileage/.Mileage: +1s806ms
12-09 08:09:31.793 D/gralloc_ranchu( 1218): gralloc_alloc: Creating ashmem region of size 3686400
12-09 08:09:32.227 D/gralloc_ranchu( 1218): gralloc_alloc: Creating ashmem region of size 3686400
12-09 08:09:33.502 I/System.out(12277): URI: //map
12-09 08:09:33.502 I/System.out(12277): params: {json={"query":"android.widget.EditText id:'price'","operation":{"method_name":"query","arguments":[]}}
12-09 08:09:33.502 I/System.out(12277): }
12-09 08:09:33.585 W/art     (12277): Suspending all threads took: 18.773ms
12-09 08:09:33.612 I/art     (12277): Background sticky concurrent mark sweep GC freed 24984(1130KB) AllocSpace objects, 2(40KB) LOS objects, 30% free, 2MB/3MB, paused 23.784ms total 106.603ms
12-09 08:09:33.650 W/ResourceType(12277): No package identifier when getting name for resource number 0x00000001
12-09 08:09:33.715 I/art     (12277): Background sticky concurrent mark sweep GC freed 30628(1382KB) AllocSpace objects, 0(0B) LOS objects, 26% free, 2MB/3MB, paused 8.026ms total 45.756ms
12-09 08:09:33.801 I/System.out(12277): URI: //gesture
12-09 08:09:33.801 I/System.out(12277): params: {json={"query_timeout":5.0,"gestures":[{"query_string":"android.widget.EditText id:'price'","touches":[{"x":50,"y":50,"offset_x":0,"offset_y":0,"wait":0.0,"time":0.2,"release":true,"query_string":null}]}]}
12-09 08:09:33.801 I/System.out(12277): }
12-09 08:09:33.838 W/ResourceType(12277): No package identifier when getting name for resource number 0x00000001
12-09 08:09:34.366 I/LatinIME( 1878): Starting input. Cursor position = 0,0
12-09 08:09:34.429 W/art     (12277): Suspending all threads took: 7.187ms
12-09 08:09:34.542 I/art     (12277): Background sticky concurrent mark sweep GC freed 29451(1418KB) AllocSpace objects, 1(20KB) LOS objects, 21% free, 2MB/3MB, paused 8.577ms total 194.285ms
12-09 08:09:34.834 D/EGL_emulation( 1878): eglMakeCurrent: 0x7f3f5064c0a0: ver 2 0 (tinfo 0x7f3f5822b8e0)
12-09 08:09:34.972 I/System.out(12277): URI: //
12-09 08:09:34.972 I/System.out(12277): params: {json={"command":"set_selection","arguments":[-1,-1]}
12-09 08:09:34.972 I/System.out(12277): }
12-09 08:09:34.972 I/System.out(12277): header: {date=Sun, 09 Dec 2018 08:09:35 GMT, accept=*/*, content-length=47, host=127.0.0.1:34777, user-agent=HTTPClient/1.0 (2.8.3, ruby 2.3.1 (2016-04-26)), content-type=application/json;charset=utf-8}
12-09 08:09:34.976 I/System.out(12277): params: {json={"command":"set_selection","arguments":[-1,-1]}
12-09 08:09:34.981 I/System.out(12277): }
12-09 08:09:34.981 I/System.out(12277): ProP json = {"command":"set_selection","arguments":[-1,-1]}
12-09 08:09:34.981 I/System.out(12277): files: {}
12-09 08:09:34.981 I/System.out(12277): command: {"command":"set_selection","arguments":[-1,-1]}
12-09 08:09:34.982 I/InstrumentationBackend(12277): Got command:'Command:'Line:null,set_selection', arguments:'[-1, -1]'
12-09 08:09:35.022 I/System.out(12277): result:{"bonusInformation":[],"message":"","success":true}
12-09 08:09:35.417 I/System.out(12277): URI: //
12-09 08:09:35.417 I/System.out(12277): params: {json={"command":"keyboard_enter_text","arguments":["23"]}
12-09 08:09:35.417 I/System.out(12277): }
12-09 08:09:35.417 I/System.out(12277): header: {date=Sun, 09 Dec 2018 08:09:35 GMT, accept=*/*, content-length=52, host=127.0.0.1:34777, user-agent=HTTPClient/1.0 (2.8.3, ruby 2.3.1 (2016-04-26)), content-type=application/json;charset=utf-8}
12-09 08:09:35.417 I/System.out(12277): params: {json={"command":"keyboard_enter_text","arguments":["23"]}
12-09 08:09:35.417 I/System.out(12277): }
12-09 08:09:35.417 I/System.out(12277): ProP json = {"command":"keyboard_enter_text","arguments":["23"]}
12-09 08:09:35.417 I/System.out(12277): files: {}
12-09 08:09:35.417 I/System.out(12277): command: {"command":"keyboard_enter_text","arguments":["23"]}
12-09 08:09:35.419 I/InstrumentationBackend(12277): Got command:'Command:'Line:null,keyboard_enter_text', arguments:'[23]'
12-09 08:09:35.420 E/SpannableStringBuilder(12277): SPAN_EXCLUSIVE_EXCLUSIVE spans cannot have a zero length
12-09 08:09:35.420 E/SpannableStringBuilder(12277): SPAN_EXCLUSIVE_EXCLUSIVE spans cannot have a zero length
12-09 08:09:35.603 E/SpannableStringBuilder(12277): SPAN_EXCLUSIVE_EXCLUSIVE spans cannot have a zero length
12-09 08:09:35.603 E/SpannableStringBuilder(12277): SPAN_EXCLUSIVE_EXCLUSIVE spans cannot have a zero length
12-09 08:09:35.618 I/System.out(12277): result:{"bonusInformation":[],"message":"","success":true}
12-09 08:09:36.317 E/SurfaceFlinger( 1218): ro.sf.lcd_density must be defined as a build property
12-09 08:09:36.369 D/gralloc_ranchu( 1218): gralloc_alloc: Creating ashmem region of size 3686400
12-09 08:09:36.387 D/        (12309): HostConnection::get() New Host Connection established 0x7ff41c7d2480, tid 12309
12-09 08:09:36.408 E/EGL_emulation( 1218): tid 1218: eglCreateSyncKHR(1881): error 0x3004 (EGL_BAD_ATTRIBUTE)
12-09 08:09:37.581 I/System.out(12277): URI: //map
12-09 08:09:37.581 I/System.out(12277): params: {json={"query":"android.widget.EditText id:'volume'","operation":{"method_name":"query","arguments":[]}}
12-09 08:09:37.581 I/System.out(12277): }
12-09 08:09:37.687 W/ResourceType(12277): No package identifier when getting name for resource number 0x00000001
12-09 08:09:37.789 I/System.out(12277): URI: //gesture
12-09 08:09:37.789 I/System.out(12277): params: {json={"query_timeout":5.0,"gestures":[{"query_string":"android.widget.EditText id:'volume'","touches":[{"x":50,"y":50,"offset_x":0,"offset_y":0,"wait":0.0,"time":0.2,"release":true,"query_string":null}]}]}
12-09 08:09:37.789 I/System.out(12277): }
12-09 08:09:37.822 W/ResourceType(12277): No package identifier when getting name for resource number 0x00000001
12-09 08:09:37.830 I/art     (12277): Background sticky concurrent mark sweep GC freed 32927(1516KB) AllocSpace objects, 1(20KB) LOS objects, 16% free, 2MB/3MB, paused 1.528ms total 120.015ms
12-09 08:09:38.285 I/LatinIME( 1878): Starting input. Cursor position = 0,0
12-09 08:09:38.893 I/System.out(12277): URI: //
12-09 08:09:38.893 I/System.out(12277): params: {json={"command":"set_selection","arguments":[-1,-1]}
12-09 08:09:38.893 I/System.out(12277): }
12-09 08:09:38.893 I/System.out(12277): header: {date=Sun, 09 Dec 2018 08:09:38 GMT, accept=*/*, content-length=47, host=127.0.0.1:34777, user-agent=HTTPClient/1.0 (2.8.3, ruby 2.3.1 (2016-04-26)), content-type=application/json;charset=utf-8}
12-09 08:09:38.894 I/System.out(12277): params: {json={"command":"set_selection","arguments":[-1,-1]}
12-09 08:09:38.894 I/System.out(12277): }
12-09 08:09:38.894 I/System.out(12277): ProP json = {"command":"set_selection","arguments":[-1,-1]}
12-09 08:09:38.894 I/System.out(12277): files: {}
12-09 08:09:38.894 I/System.out(12277): command: {"command":"set_selection","arguments":[-1,-1]}
12-09 08:09:38.895 I/InstrumentationBackend(12277): Got command:'Command:'Line:null,set_selection', arguments:'[-1, -1]'
12-09 08:09:38.921 I/System.out(12277): result:{"bonusInformation":[],"message":"","success":true}
12-09 08:09:39.297 I/System.out(12277): URI: //
12-09 08:09:39.297 I/System.out(12277): params: {json={"command":"keyboard_enter_text","arguments":["49"]}
12-09 08:09:39.297 I/System.out(12277): }
12-09 08:09:39.297 I/System.out(12277): header: {date=Sun, 09 Dec 2018 08:09:39 GMT, accept=*/*, content-length=52, host=127.0.0.1:34777, user-agent=HTTPClient/1.0 (2.8.3, ruby 2.3.1 (2016-04-26)), content-type=application/json;charset=utf-8}
12-09 08:09:39.297 I/System.out(12277): params: {json={"command":"keyboard_enter_text","arguments":["49"]}
12-09 08:09:39.297 I/System.out(12277): }
12-09 08:09:39.297 I/System.out(12277): ProP json = {"command":"keyboard_enter_text","arguments":["49"]}
12-09 08:09:39.298 I/System.out(12277): files: {}
12-09 08:09:39.298 I/System.out(12277): command: {"command":"keyboard_enter_text","arguments":["49"]}
12-09 08:09:39.299 I/InstrumentationBackend(12277): Got command:'Command:'Line:null,keyboard_enter_text', arguments:'[49]'
12-09 08:09:39.348 E/SpannableStringBuilder(12277): SPAN_EXCLUSIVE_EXCLUSIVE spans cannot have a zero length
12-09 08:09:39.348 E/SpannableStringBuilder(12277): SPAN_EXCLUSIVE_EXCLUSIVE spans cannot have a zero length
12-09 08:09:39.350 E/SpannableStringBuilder(12277): SPAN_EXCLUSIVE_EXCLUSIVE spans cannot have a zero length
12-09 08:09:39.350 E/SpannableStringBuilder(12277): SPAN_EXCLUSIVE_EXCLUSIVE spans cannot have a zero length
12-09 08:09:39.372 I/System.out(12277): result:{"bonusInformation":[],"message":"","success":true}
12-09 08:09:39.973 E/SurfaceFlinger( 1218): ro.sf.lcd_density must be defined as a build property
12-09 08:09:40.009 D/gralloc_ranchu( 1218): gralloc_alloc: Creating ashmem region of size 3686400
12-09 08:09:40.024 D/        (12319): HostConnection::get() New Host Connection established 0x7fd571152480, tid 12319
12-09 08:09:40.042 E/EGL_emulation( 1218): tid 1218: eglCreateSyncKHR(1881): error 0x3004 (EGL_BAD_ATTRIBUTE)
12-09 08:09:40.898 I/System.out(12277): URI: //map
12-09 08:09:40.905 I/System.out(12277): params: {json={"query":"android.widget.EditText id:'odometer'","operation":{"method_name":"query","arguments":[]}}
12-09 08:09:40.905 I/System.out(12277): }
12-09 08:09:41.012 W/ResourceType(12277): No package identifier when getting name for resource number 0x00000001
12-09 08:09:41.215 I/art     (12277): Background sticky concurrent mark sweep GC freed 44935(2022KB) AllocSpace objects, 2(40KB) LOS objects, 26% free, 2MB/3MB, paused 1.192ms total 197.689ms
12-09 08:09:41.222 I/System.out(12277): URI: //gesture
12-09 08:09:41.229 I/System.out(12277): params: {json={"query_timeout":5.0,"gestures":[{"query_string":"android.widget.EditText id:'odometer'","touches":[{"x":50,"y":50,"offset_x":0,"offset_y":0,"wait":0.0,"time":0.2,"release":true,"query_string":null}]}]}
12-09 08:09:41.229 I/System.out(12277): }
12-09 08:09:41.259 W/ResourceType(12277): No package identifier when getting name for resource number 0x00000001
12-09 08:09:41.682 I/LatinIME( 1878): Starting input. Cursor position = 0,0
12-09 08:09:42.281 I/System.out(12277): URI: //
12-09 08:09:42.281 I/System.out(12277): params: {json={"command":"set_selection","arguments":[-1,-1]}
12-09 08:09:42.281 I/System.out(12277): }
12-09 08:09:42.281 I/System.out(12277): header: {date=Sun, 09 Dec 2018 08:09:42 GMT, accept=*/*, content-length=47, host=127.0.0.1:34777, user-agent=HTTPClient/1.0 (2.8.3, ruby 2.3.1 (2016-04-26)), content-type=application/json;charset=utf-8}
12-09 08:09:42.282 I/System.out(12277): params: {json={"command":"set_selection","arguments":[-1,-1]}
12-09 08:09:42.282 I/System.out(12277): }
12-09 08:09:42.282 I/System.out(12277): ProP json = {"command":"set_selection","arguments":[-1,-1]}
12-09 08:09:42.282 I/System.out(12277): files: {}
12-09 08:09:42.282 I/System.out(12277): command: {"command":"set_selection","arguments":[-1,-1]}
12-09 08:09:42.283 I/InstrumentationBackend(12277): Got command:'Command:'Line:null,set_selection', arguments:'[-1, -1]'
12-09 08:09:42.309 I/System.out(12277): result:{"bonusInformation":[],"message":"","success":true}
12-09 08:09:42.381 I/art     (12277): Background sticky concurrent mark sweep GC freed 13641(639KB) AllocSpace objects, 4(80KB) LOS objects, 23% free, 2MB/3MB, paused 14.599ms total 37.987ms
12-09 08:09:42.582 I/System.out(12277): URI: //
12-09 08:09:42.582 I/System.out(12277): params: {json={"command":"keyboard_enter_text","arguments":["12"]}
12-09 08:09:42.582 I/System.out(12277): }
12-09 08:09:42.582 I/System.out(12277): header: {date=Sun, 09 Dec 2018 08:09:42 GMT, accept=*/*, content-length=52, host=127.0.0.1:34777, user-agent=HTTPClient/1.0 (2.8.3, ruby 2.3.1 (2016-04-26)), content-type=application/json;charset=utf-8}
12-09 08:09:42.582 I/System.out(12277): params: {json={"command":"keyboard_enter_text","arguments":["12"]}
12-09 08:09:42.582 I/System.out(12277): }
12-09 08:09:42.582 I/System.out(12277): ProP json = {"command":"keyboard_enter_text","arguments":["12"]}
12-09 08:09:42.582 I/System.out(12277): files: {}
12-09 08:09:42.582 I/System.out(12277): command: {"command":"keyboard_enter_text","arguments":["12"]}
12-09 08:09:42.583 I/InstrumentationBackend(12277): Got command:'Command:'Line:null,keyboard_enter_text', arguments:'[12]'
12-09 08:09:42.584 E/SpannableStringBuilder(12277): SPAN_EXCLUSIVE_EXCLUSIVE spans cannot have a zero length
12-09 08:09:42.584 E/SpannableStringBuilder(12277): SPAN_EXCLUSIVE_EXCLUSIVE spans cannot have a zero length
12-09 08:09:42.599 E/SpannableStringBuilder(12277): SPAN_EXCLUSIVE_EXCLUSIVE spans cannot have a zero length
12-09 08:09:42.599 E/SpannableStringBuilder(12277): SPAN_EXCLUSIVE_EXCLUSIVE spans cannot have a zero length
12-09 08:09:42.617 I/System.out(12277): result:{"bonusInformation":[],"message":"","success":true}
12-09 08:09:42.983 E/SurfaceFlinger( 1218): ro.sf.lcd_density must be defined as a build property
12-09 08:09:43.019 D/gralloc_ranchu( 1218): gralloc_alloc: Creating ashmem region of size 3686400
12-09 08:09:43.031 D/        (12329): HostConnection::get() New Host Connection established 0x7f1ef8e12480, tid 12329
12-09 08:09:43.054 E/EGL_emulation( 1218): tid 1218: eglCreateSyncKHR(1881): error 0x3004 (EGL_BAD_ATTRIBUTE)
12-09 08:09:45.001 I/System.out(12277): URI: //map
12-09 08:09:45.001 I/System.out(12277): params: {json={"query":"android.widget.Button index:2","operation":{"method_name":"query","arguments":[]}}
12-09 08:09:45.001 I/System.out(12277): }
12-09 08:09:45.102 I/System.out(12277): URI: //gesture
12-09 08:09:45.102 I/System.out(12277): params: {json={"query_timeout":5.0,"gestures":[{"query_string":"android.widget.Button index:2","touches":[{"x":50,"y":50,"offset_x":0,"offset_y":0,"wait":0.0,"time":0.2,"release":true,"query_string":null}]}]}
12-09 08:09:45.102 I/System.out(12277): }
12-09 08:09:45.735 W/audio_hw_generic( 1306): Hardware backing HAL too slow, could only write 0 of 661 frames
12-09 08:09:46.024 I/calabash(12277): newActivity1
12-09 08:09:46.101 W/audio_hw_generic( 1306): Not supplying enough data to HAL, expected position 25842599 , only wrote 25841134
12-09 08:09:46.102 W/audio_hw_generic( 1306): Not supplying enough data to HAL, expected position 25841141 , only wrote 25841134
12-09 08:09:46.114 W/ActivityManager( 1592): Bad activity token: android.os.BinderProxy@b56a38d
12-09 08:09:46.114 W/ActivityManager( 1592): java.lang.ClassCastException: android.os.BinderProxy cannot be cast to com.android.server.am.ActivityRecord$Token
12-09 08:09:46.114 W/ActivityManager( 1592): 	at com.android.server.am.ActivityRecord.forTokenLocked(ActivityRecord.java:424)
12-09 08:09:46.114 W/ActivityManager( 1592): 	at com.android.server.am.ActivityRecord.isInStackLocked(ActivityRecord.java:1121)
12-09 08:09:46.114 W/ActivityManager( 1592): 	at com.android.server.am.ActivityRecord.getStackLocked(ActivityRecord.java:1126)
12-09 08:09:46.114 W/ActivityManager( 1592): 	at com.android.server.am.ActivityManagerService.getActivityDisplayId(ActivityManagerService.java:8889)
12-09 08:09:46.114 W/ActivityManager( 1592): 	at android.app.ActivityManagerNative.onTransact(ActivityManagerNative.java:2338)
12-09 08:09:46.114 W/ActivityManager( 1592): 	at com.android.server.am.ActivityManagerService.onTransact(ActivityManagerService.java:2443)
12-09 08:09:46.114 W/ActivityManager( 1592): 	at android.os.Binder.execTransact(Binder.java:453)
12-09 08:09:46.115 W/ActivityManager( 1592): Bad activity token: android.os.BinderProxy@b56a38d
12-09 08:09:46.115 W/ActivityManager( 1592): java.lang.ClassCastException: android.os.BinderProxy cannot be cast to com.android.server.am.ActivityRecord$Token
12-09 08:09:46.115 W/ActivityManager( 1592): 	at com.android.server.am.ActivityRecord.forTokenLocked(ActivityRecord.java:424)
12-09 08:09:46.115 W/ActivityManager( 1592): 	at com.android.server.am.ActivityRecord.isInStackLocked(ActivityRecord.java:1121)
12-09 08:09:46.115 W/ActivityManager( 1592): 	at com.android.server.am.ActivityManagerService.setTaskDescription(ActivityManagerService.java:8547)
12-09 08:09:46.115 W/ActivityManager( 1592): 	at android.app.ActivityManagerNative.onTransact(ActivityManagerNative.java:2410)
12-09 08:09:46.115 W/ActivityManager( 1592): 	at com.android.server.am.ActivityManagerService.onTransact(ActivityManagerService.java:2443)
12-09 08:09:46.115 W/ActivityManager( 1592): 	at android.os.Binder.execTransact(Binder.java:453)
12-09 08:09:46.135 W/audio_hw_generic( 1306): Not supplying enough data to HAL, expected position 25842627 , only wrote 25841795
12-09 08:09:46.136 W/audio_hw_generic( 1306): Hardware backing HAL too slow, could only write 0 of 661 frames
12-09 08:09:46.168 W/audio_hw_generic( 1306): Hardware backing HAL too slow, could only write 0 of 661 frames
12-09 08:09:46.171 E/SurfaceFlinger( 1218): ro.sf.lcd_density must be defined as a build property
12-09 08:09:46.172 D/gralloc_ranchu( 1218): gralloc_alloc: Creating ashmem region of size 3686400
12-09 08:09:46.179 W/ActivityManager( 1592): Bad activity token: android.os.BinderProxy@b56a38d
12-09 08:09:46.179 W/ActivityManager( 1592): java.lang.ClassCastException: android.os.BinderProxy cannot be cast to com.android.server.am.ActivityRecord$Token
12-09 08:09:46.179 W/ActivityManager( 1592): 	at com.android.server.am.ActivityRecord.forTokenLocked(ActivityRecord.java:424)
12-09 08:09:46.179 W/ActivityManager( 1592): 	at com.android.server.am.ActivityRecord.isInStackLocked(ActivityRecord.java:1121)
12-09 08:09:46.179 W/ActivityManager( 1592): 	at com.android.server.am.ActivityManagerService.getActivityOptions(ActivityManagerService.java:11038)
12-09 08:09:46.179 W/ActivityManager( 1592): 	at android.app.ActivityManagerNative.onTransact(ActivityManagerNative.java:1734)
12-09 08:09:46.179 W/ActivityManager( 1592): 	at com.android.server.am.ActivityManagerService.onTransact(ActivityManagerService.java:2443)
12-09 08:09:46.179 W/ActivityManager( 1592): 	at android.os.Binder.execTransact(Binder.java:453)
12-09 08:09:46.180 W/ActivityManager( 1592): Bad activity token: android.os.BinderProxy@b56a38d
12-09 08:09:46.180 W/ActivityManager( 1592): java.lang.ClassCastException: android.os.BinderProxy cannot be cast to com.android.server.am.ActivityRecord$Token
12-09 08:09:46.180 W/ActivityManager( 1592): 	at com.android.server.am.ActivityRecord.forTokenLocked(ActivityRecord.java:424)
12-09 08:09:46.180 W/ActivityManager( 1592): 	at com.android.server.am.ActivityRecord.isInStackLocked(ActivityRecord.java:1121)
12-09 08:09:46.180 W/ActivityManager( 1592): 	at com.android.server.am.ActivityManagerService.getActivityOptions(ActivityManagerService.java:11038)
12-09 08:09:46.180 W/ActivityManager( 1592): 	at android.app.ActivityManagerNative.onTransact(ActivityManagerNative.java:1734)
12-09 08:09:46.180 W/ActivityManager( 1592): 	at com.android.server.am.ActivityManagerService.onTransact(ActivityManagerService.java:2443)
12-09 08:09:46.180 W/ActivityManager( 1592): 	at android.os.Binder.execTransact(Binder.java:453)
12-09 08:09:46.228 I/LatinIME( 1878): Starting input. Cursor position = -1,-1
12-09 08:09:46.239 D/        (12336): HostConnection::get() New Host Connection established 0x7f2f9e792480, tid 12336
12-09 08:09:46.262 E/EGL_emulation( 1218): tid 1218: eglCreateSyncKHR(1881): error 0x3004 (EGL_BAD_ATTRIBUTE)
12-09 08:09:46.382 W/audio_hw_generic( 1306): Not supplying enough data to HAL, expected position 25852677 , only wrote 25852371
12-09 08:09:46.426 D/Mileage.ABS(12277): Finished backup
12-09 08:09:46.438 W/audio_hw_generic( 1306): Hardware backing HAL too slow, could only write 0 of 661 frames
12-09 08:09:46.438 D/Mileage.ABS(12277): Not backing up; 97
12-09 08:09:46.442 D/Mileage.ABS(12277): Not backing up; 101
12-09 08:09:46.460 W/audio_hw_generic( 1306): Hardware backing HAL too slow, could only write 0 of 661 frames
12-09 08:09:46.488 W/audio_hw_generic( 1306): Not supplying enough data to HAL, expected position 25857020 , only wrote 25856998
12-09 08:09:46.488 W/audio_hw_generic( 1306): Not supplying enough data to HAL, expected position 25857005 , only wrote 25856998
12-09 08:09:46.529 W/audio_hw_generic( 1306): Not supplying enough data to HAL, expected position 25858830 , only wrote 25857659
12-09 08:09:46.602 D/Mileage (12277): Not enough fillups to calculate economy
12-09 08:09:46.625 W/CursorWrapperInner(12277): Cursor finalized without prior close()
12-09 08:09:46.647 I/art     (12277): Background partial concurrent mark sweep GC freed 7116(858KB) AllocSpace objects, 10(200KB) LOS objects, 39% free, 2MB/3MB, paused 8.124ms total 53.825ms
