--------- beginning of system
12-09 08:32:35.257 W/ActivityManager( 1592): Finishing task with all activities already finished
12-09 08:32:35.258 W/ActivityManager( 1592): Duplicate finish request for ActivityRecord{cc5fcd0 u0 com.evancharlton.mileage/.Mileage t470 f}
12-09 08:32:35.258 W/ActivityManager( 1592): Finishing task with all activities already finished
12-09 08:32:35.258 W/ActivityManager( 1592): Duplicate finish request for ActivityRecord{cc5fcd0 u0 com.evancharlton.mileage/.Mileage t470 f}
12-09 08:32:35.258 W/ActivityManager( 1592): Finishing task with all activities already finished
12-09 08:32:35.258 W/ActivityManager( 1592): Duplicate finish request for ActivityRecord{cc5fcd0 u0 com.evancharlton.mileage/.Mileage t470 f}
--------- beginning of main
12-09 08:32:35.380 I/art     ( 1592): Background partial concurrent mark sweep GC freed 9345(682KB) AllocSpace objects, 6(116KB) LOS objects, 29% free, 9MB/13MB, paused 1.556ms total 152.941ms
12-09 08:32:35.414 D/EGL_emulation( 1949): eglMakeCurrent: 0x7f3f5c334dc0: ver 2 0 (tinfo 0x7f3f5c302d00)
12-09 08:32:35.846 W/art     ( 1592): Long monitor contention event with owner method=void com.android.server.wm.WindowAnimator$1.doFrame(long) from WindowAnimator.java:121 waiters=0 for 120ms
12-09 08:32:36.110 D/AndroidRuntime(18231): >>>>>> START com.android.internal.os.RuntimeInit uid 0 <<<<<<
12-09 08:32:36.111 D/AndroidRuntime(18231): CheckJNI is ON
12-09 08:32:36.146 D/ICU     (18231): No timezone override file found: /data/misc/zoneinfo/current/icu/icu_tzdata.dat
12-09 08:32:36.277 E/memtrack(18231): Couldn't load memtrack module (No such file or directory)
12-09 08:32:36.277 E/android.os.Debug(18231): failed to load memtrack module: -2
12-09 08:32:36.279 I/Radio-JNI(18231): register_android_hardware_Radio DONE
12-09 08:32:36.302 D/AndroidRuntime(18231): Calling main entry com.android.commands.am.Am
12-09 08:32:36.458 W/art     ( 1592): Long monitor contention event with owner method=void com.android.server.wm.WindowAnimator$1.doFrame(long) from WindowAnimator.java:121 waiters=1 for 211ms
12-09 08:32:36.531 W/art     ( 1592): Long monitor contention event with owner method=void com.android.server.wm.WindowAnimator$1.doFrame(long) from WindowAnimator.java:121 waiters=1 for 160ms
12-09 08:32:36.755 W/art     ( 1592): Long monitor contention event with owner method=void com.android.server.wm.WindowAnimator$1.doFrame(long) from WindowAnimator.java:121 waiters=1 for 223ms
12-09 08:32:36.755 W/art     ( 1592): Long monitor contention event with owner method=void com.android.server.wm.WindowAnimator$1.doFrame(long) from WindowAnimator.java:121 waiters=1 for 101ms
12-09 08:32:36.758 I/Choreographer( 1949): Skipped 71 frames!  The application may be doing too much work on its main thread.
12-09 08:32:36.768 W/art     ( 1592): Long monitor contention event with owner method=java.util.List com.android.server.am.ActivityManagerService.getAllStackInfos() from ActivityManagerService.java:8937 waiters=0 for 475ms
12-09 08:32:36.768 W/art     ( 1592): Long monitor contention event with owner method=java.util.List com.android.server.am.ActivityManagerService.getAllStackInfos() from ActivityManagerService.java:8937 waiters=1 for 465ms
12-09 08:32:36.768 I/ActivityManager( 1592): Force stopping com.evancharlton.mileage appid=10139 user=0: start instr
12-09 08:32:36.772 I/ActivityManager( 1592): Killing 18168:com.evancharlton.mileage/u0a139 (adj 0): stop com.evancharlton.mileage
12-09 08:32:36.858 D/EGL_emulation( 1878): eglMakeCurrent: 0x7f3f5064c0a0: ver 2 0 (tinfo 0x7f3f5822b8e0)
12-09 08:32:36.860 E/Surface ( 1878): getSlotFromBufferLocked: unknown buffer: 0x7f3f588d5200
12-09 08:32:36.866 W/ActivityManager( 1592): Crash of app com.evancharlton.mileage running instrumentation ComponentInfo{com.evancharlton.mileage.test/sh.calaba.instrumentationbackend.CalabashInstrumentationTestRunner}
12-09 08:32:36.866 I/ActivityManager( 1592): Force stopping com.evancharlton.mileage appid=10139 user=0: finished inst
12-09 08:32:37.008 W/art     ( 1592): Long monitor contention event with owner method=void com.android.server.wm.WindowAnimator$1.doFrame(long) from WindowAnimator.java:121 waiters=1 for 182ms
12-09 08:32:37.098 W/art     ( 1592): Long monitor contention event with owner method=void com.android.server.wm.WindowAnimator$1.doFrame(long) from WindowAnimator.java:121 waiters=2 for 233ms
12-09 08:32:37.206 W/art     ( 1592): Long monitor contention event with owner method=void com.android.server.wm.WindowAnimator$1.doFrame(long) from WindowAnimator.java:121 waiters=3 for 339ms
12-09 08:32:37.330 W/art     ( 1592): Long monitor contention event with owner method=void com.android.server.wm.WindowAnimator$1.doFrame(long) from WindowAnimator.java:121 waiters=3 for 424ms
12-09 08:32:37.330 I/WindowState( 1592): WIN DEATH: Window{f0ec332 u0 com.evancharlton.mileage/com.evancharlton.mileage.Mileage EXITING}
12-09 08:32:37.334 I/Choreographer( 1949): Skipped 33 frames!  The application may be doing too much work on its main thread.
12-09 08:32:37.405 W/OpenGLRenderer( 1949): Incorrectly called buildLayer on View: ShortcutAndWidgetContainer, destroying layer...
12-09 08:32:37.514 I/ActivityManager( 1592): Start proc 18240:com.evancharlton.mileage/u0a139 for added application com.evancharlton.mileage
12-09 08:32:37.514 W/art     ( 1592): Long monitor contention event with owner method=boolean com.android.server.am.ActivityManagerService.startInstrumentation(android.content.ComponentName, java.lang.String, int, android.os.Bundle, android.app.IInstrumentationWatcher, android.app.IUiAutomationConnection, int, java.lang.String) from ActivityManagerService.java:17066 waiters=1 for 743ms
12-09 08:32:37.515 D/AndroidRuntime(18231): Shutting down VM
12-09 08:32:37.525 W/art     ( 1592): Long monitor contention event with owner method=boolean com.android.server.am.ActivityManagerService.startInstrumentation(android.content.ComponentName, java.lang.String, int, android.os.Bundle, android.app.IInstrumentationWatcher, android.app.IUiAutomationConnection, int, java.lang.String) from ActivityManagerService.java:17066 waiters=2 for 754ms
12-09 08:32:37.526 W/art     ( 1592): Long monitor contention event with owner method=boolean com.android.server.am.ActivityManagerService.startInstrumentation(android.content.ComponentName, java.lang.String, int, android.os.Bundle, android.app.IInstrumentationWatcher, android.app.IUiAutomationConnection, int, java.lang.String) from ActivityManagerService.java:17066 waiters=3 for 700ms
12-09 08:32:37.526 W/ActivityManager( 1592): Spurious death for ProcessRecord{50c425c 0:com.evancharlton.mileage/u0a139}, curProc for 18168: null
12-09 08:32:37.529 W/art     ( 1592): Long monitor contention event with owner method=boolean com.android.server.am.ActivityManagerService.startInstrumentation(android.content.ComponentName, java.lang.String, int, android.os.Bundle, android.app.IInstrumentationWatcher, android.app.IUiAutomationConnection, int, java.lang.String) from ActivityManagerService.java:17066 waiters=2 for 757ms
12-09 08:32:37.634 W/System  (18240): ClassLoader referenced unknown path: /data/app/com.evancharlton.mileage.test-1/lib/x86_64
12-09 08:32:37.634 W/System  (18240): ClassLoader referenced unknown path: /data/app/com.evancharlton.mileage-1/lib/x86_64
12-09 08:32:37.647 I/art     ( 1704): Background partial concurrent mark sweep GC freed 3075(141KB) AllocSpace objects, 0(0B) LOS objects, 39% free, 3MB/6MB, paused 1.180ms total 119.454ms
12-09 08:32:37.694 I/System.out(18240): Main activity name automatically set to: com.evancharlton.mileage.Mileage
12-09 08:32:37.694 I/System.out(18240): Calabash did not load Mono. This is only a problem if you are trying to test a Mono application
12-09 08:32:37.695 I/calabash(18240): Test server port: 7102
12-09 08:32:37.695 I/InstrumentationBackend(18240): Added:'GetPreferences', with key:'get_preferences'
12-09 08:32:37.721 I/art     (18240): WaitForGcToComplete blocked for 17.000ms for cause Background
12-09 08:32:37.926 W/WindowAnimator( 1592): Failed to dispatch window animation state change.
12-09 08:32:37.926 W/WindowAnimator( 1592): android.os.DeadObjectException
12-09 08:32:37.926 W/WindowAnimator( 1592): 	at android.os.BinderProxy.transactNative(Native Method)
12-09 08:32:37.926 W/WindowAnimator( 1592): 	at android.os.BinderProxy.transact(Binder.java:503)
12-09 08:32:37.926 W/WindowAnimator( 1592): 	at android.view.IWindow$Stub$Proxy.onAnimationStopped(IWindow.java:534)
12-09 08:32:37.926 W/WindowAnimator( 1592): 	at com.android.server.wm.WindowAnimator.updateWindowsLocked(WindowAnimator.java:286)
12-09 08:32:37.926 W/WindowAnimator( 1592): 	at com.android.server.wm.WindowAnimator.animateLocked(WindowAnimator.java:678)
12-09 08:32:37.926 W/WindowAnimator( 1592): 	at com.android.server.wm.WindowAnimator.-wrap0(WindowAnimator.java)
12-09 08:32:37.926 W/WindowAnimator( 1592): 	at com.android.server.wm.WindowAnimator$1.doFrame(WindowAnimator.java:123)
12-09 08:32:37.926 W/WindowAnimator( 1592): 	at android.view.Choreographer$CallbackRecord.run(Choreographer.java:856)
12-09 08:32:37.926 W/WindowAnimator( 1592): 	at android.view.Choreographer.doCallbacks(Choreographer.java:670)
12-09 08:32:37.926 W/WindowAnimator( 1592): 	at android.view.Choreographer.doFrame(Choreographer.java:603)
12-09 08:32:37.926 W/WindowAnimator( 1592): 	at android.view.Choreographer$FrameDisplayEventReceiver.run(Choreographer.java:844)
12-09 08:32:37.926 W/WindowAnimator( 1592): 	at android.os.Handler.handleCallback(Handler.java:739)
12-09 08:32:37.926 W/WindowAnimator( 1592): 	at android.os.Handler.dispatchMessage(Handler.java:95)
12-09 08:32:37.926 W/WindowAnimator( 1592): 	at android.os.Looper.loop(Looper.java:148)
12-09 08:32:37.926 W/WindowAnimator( 1592): 	at android.os.HandlerThread.run(HandlerThread.java:61)
12-09 08:32:37.926 W/WindowAnimator( 1592): 	at com.android.server.ServiceThread.run(ServiceThread.java:46)
12-09 08:32:38.045 W/art     (18240): Suspending all threads took: 22.940ms
12-09 08:32:38.080 I/art     (18240): Background partial concurrent mark sweep GC freed 8242(445KB) AllocSpace objects, 0(0B) LOS objects, 54% free, 845KB/1869KB, paused 55.596ms total 359.088ms
12-09 08:32:38.098 W/art     ( 1592): Long monitor contention event with owner method=void com.android.server.wm.WindowAnimator$1.doFrame(long) from WindowAnimator.java:121 waiters=0 for 172ms
12-09 08:32:38.120 I/InstrumentationBackend(18240): Added:'SetPreferences', with key:'set_preferences'
12-09 08:32:38.132 I/InstrumentationBackend(18240): Added:'ClearPreferences', with key:'clear_preferences'
12-09 08:32:38.132 I/InstrumentationBackend(18240): Added:'PressElement', with key:'press_l10n_element'
12-09 08:32:38.133 I/InstrumentationBackend(18240): Added:'WaitForElement', with key:'wait_for_l10n_element'
12-09 08:32:38.134 I/InstrumentationBackend(18240): Added:'NullAction', with key:'nullAction'
12-09 08:32:38.134 I/InstrumentationBackend(18240): Added:'PressKey', with key:'press_key'
12-09 08:32:38.134 I/InstrumentationBackend(18240): Added:'SetActivityOrientation', with key:'set_activity_orientation'
12-09 08:32:38.134 I/InstrumentationBackend(18240): Added:'GetActivityOrientation', with key:'get_activity_orientation'
12-09 08:32:38.135 I/InstrumentationBackend(18240): Added:'FakeGPSLocation', with key:'set_gps_coordinates'
12-09 08:32:38.135 I/InstrumentationBackend(18240): Added:'SetPropertyByCssSelector', with key:'set_property_by_css_selector'
12-09 08:32:38.135 I/InstrumentationBackend(18240): Added:'GetUrl', with key:'get_url'
12-09 08:32:38.136 I/InstrumentationBackend(18240): Added:'ScrollTo', with key:'scroll_to'
12-09 08:32:38.136 I/InstrumentationBackend(18240): Added:'GetLoadProgress', with key:'get_load_progress'
12-09 08:32:38.136 I/InstrumentationBackend(18240): Added:'DumpHtml', with key:'dump_html'
12-09 08:32:38.142 I/InstrumentationBackend(18240): Added:'DumpBodyHtml', with key:'dump_body_html'
12-09 08:32:38.142 I/InstrumentationBackend(18240): Added:'EnterTextByCssSelector', with key:'enter_text_by_selector'
12-09 08:32:38.143 I/InstrumentationBackend(18240): Added:'AndroidSDKVersion', with key:'android_sdk_version'
12-09 08:32:38.143 I/InstrumentationBackend(18240): Added:'Version', with key:'version'
12-09 08:32:38.143 I/InstrumentationBackend(18240): Added:'Drag', with key:'drag'
12-09 08:32:38.143 I/InstrumentationBackend(18240): Added:'TouchCoordinates', with key:'touch_coordinate'
12-09 08:32:38.144 I/InstrumentationBackend(18240): Added:'LongPressCoordinate', with key:'long_press_coordinate'
12-09 08:32:38.144 I/InstrumentationBackend(18240): Added:'DragCoordinates', with key:'drag_coordinates'
12-09 08:32:38.144 I/InstrumentationBackend(18240): Added:'ResumeApplication', with key:'resume_application'
12-09 08:32:38.144 I/InstrumentationBackend(18240): Added:'Swipe', with key:'swipe'
12-09 08:32:38.144 I/InstrumentationBackend(18240): Added:'DoubleTapCoordinate', with key:'double_tap_coordinate'
12-09 08:32:38.154 I/InstrumentationBackend(18240): Added:'ClickOnScreen', with key:'click_on_screen'
12-09 08:32:38.155 I/InstrumentationBackend(18240): Added:'GetActivityName', with key:'get_activity_name'
12-09 08:32:38.155 I/InstrumentationBackend(18240): Added:'ScrollToView', with key:'scroll_to_view'
12-09 08:32:38.155 I/InstrumentationBackend(18240): Added:'ViewConfiguration', with key:'view_configuration'
12-09 08:32:38.156 I/InstrumentationBackend(18240): Added:'IsCurrentActivityFocused', with key:'is_current_activity_focused'
12-09 08:32:38.156 I/InstrumentationBackend(18240): Added:'SendTcp', with key:'send_tcp'
12-09 08:32:38.156 I/InstrumentationBackend(18240): Added:'DpToDevicePixel', with key:'dp_to_device_pixel'
12-09 08:32:38.156 I/InstrumentationBackend(18240): Added:'KeyboardEnterText', with key:'keyboard_enter_text'
12-09 08:32:38.165 I/InstrumentationBackend(18240): Added:'DeleteSurroundingText', with key:'delete_surrounding_text'
12-09 08:32:38.165 I/InstrumentationBackend(18240): Added:'SetComposingRegion', with key:'set_composing_region'
12-09 08:32:38.165 I/InstrumentationBackend(18240): Added:'SetSelection', with key:'set_selection'
12-09 08:32:38.166 I/InstrumentationBackend(18240): Added:'KeyboardKeyEvent', with key:'keyboard_key_event'
12-09 08:32:38.166 I/InstrumentationBackend(18240): Added:'PressUserActionButton', with key:'press_user_action_button'
12-09 08:32:38.166 I/InstrumentationBackend(18240): Added:'HideSoftKeyboard', with key:'hide_soft_keyboard'
12-09 08:32:38.167 I/InstrumentationBackend(18240): Added:'ListActions', with key:'list_actions'
12-09 08:32:38.167 I/calabash(18240): Instantiating http server at 7102
12-09 08:32:38.177 I/System.out(18240): HTTP Daemon listening on: 7102
12-09 08:32:38.277 I/System.out(18240): URI: //ping
12-09 08:32:38.278 I/System.out(18240): params: {json={}
12-09 08:32:38.278 I/System.out(18240): }
12-09 08:32:38.306 I/System.out(18240): URI: //ping
12-09 08:32:38.306 I/System.out(18240): params: {json={}
12-09 08:32:38.306 I/System.out(18240): }
12-09 08:32:38.375 I/System.out(18240): URI: //ready
12-09 08:32:38.375 I/System.out(18240): params: {json={}
12-09 08:32:38.375 I/System.out(18240): }
12-09 08:32:38.496 I/System.out(18240): URI: //
12-09 08:32:38.496 I/System.out(18240): params: {json={"command":"version","arguments":[]}
12-09 08:32:38.496 I/System.out(18240): }
12-09 08:32:38.496 I/System.out(18240): header: {date=Sun, 09 Dec 2018 08:32:38 GMT, accept=*/*, content-length=36, host=127.0.0.1:34777, user-agent=HTTPClient/1.0 (2.8.3, ruby 2.3.1 (2016-04-26)), content-type=application/json;charset=utf-8}
12-09 08:32:38.496 I/System.out(18240): params: {json={"command":"version","arguments":[]}
12-09 08:32:38.496 I/System.out(18240): }
12-09 08:32:38.497 I/System.out(18240): ProP json = {"command":"version","arguments":[]}
12-09 08:32:38.497 I/System.out(18240): files: {}
12-09 08:32:38.497 I/System.out(18240): command: {"command":"version","arguments":[]}
12-09 08:32:38.537 I/InstrumentationBackend(18240): Got command:'Command:'Line:null,version', arguments:'[]'
12-09 08:32:38.581 W/art     (18240): Suspending all threads took: 6.325ms
12-09 08:32:38.838 I/art     (18240): Background sticky concurrent mark sweep GC freed 6054(532KB) AllocSpace objects, 10(200KB) LOS objects, 24% free, 1408KB/1869KB, paused 7.766ms total 336.365ms
12-09 08:32:38.869 I/System.out(18240): result:{"bonusInformation":[],"message":"0.9.8","success":true}
12-09 08:32:38.917 I/System.out(18240): URI: //start-application
12-09 08:32:38.917 I/System.out(18240): params: {json={"intent":null}
12-09 08:32:38.917 I/System.out(18240): }
12-09 08:32:38.971 I/ActivityManager( 1592): START u0 {act=android.intent.action.MAIN cat=[android.intent.category.LAUNCHER] flg=0x10200000 cmp=com.evancharlton.mileage/.Mileage} from uid 10139 on display 0
12-09 08:32:39.000 I/calabash(18240): newActivity1
12-09 08:32:39.221 D/gralloc_ranchu( 1218): gralloc_alloc: Creating ashmem region of size 3686400
12-09 08:32:39.237 W/art     ( 1592): Long monitor contention event with owner method=void com.android.server.am.ActivityManagerService.activityPaused(android.os.IBinder) from ActivityManagerService.java:6439 waiters=0 for 239ms
12-09 08:32:39.237 W/art     ( 1592): Long monitor contention event with owner method=void com.android.server.am.ActivityManagerService.activityPaused(android.os.IBinder) from ActivityManagerService.java:6439 waiters=1 for 238ms
12-09 08:32:39.272 I/calabash(18240): newActivity1
12-09 08:32:39.343 W/ActivityManager( 1592): Bad activity token: android.os.BinderProxy@27a82c7
12-09 08:32:39.343 W/ActivityManager( 1592): java.lang.ClassCastException: android.os.BinderProxy cannot be cast to com.android.server.am.ActivityRecord$Token
12-09 08:32:39.343 W/ActivityManager( 1592): 	at com.android.server.am.ActivityRecord.forTokenLocked(ActivityRecord.java:424)
12-09 08:32:39.343 W/ActivityManager( 1592): 	at com.android.server.am.ActivityRecord.isInStackLocked(ActivityRecord.java:1121)
12-09 08:32:39.343 W/ActivityManager( 1592): 	at com.android.server.am.ActivityRecord.getStackLocked(ActivityRecord.java:1126)
12-09 08:32:39.343 W/ActivityManager( 1592): 	at com.android.server.am.ActivityManagerService.getActivityDisplayId(ActivityManagerService.java:8889)
12-09 08:32:39.343 W/ActivityManager( 1592): 	at android.app.ActivityManagerNative.onTransact(ActivityManagerNative.java:2338)
12-09 08:32:39.343 W/ActivityManager( 1592): 	at com.android.server.am.ActivityManagerService.onTransact(ActivityManagerService.java:2443)
12-09 08:32:39.343 W/ActivityManager( 1592): 	at android.os.Binder.execTransact(Binder.java:453)
12-09 08:32:39.344 W/ActivityManager( 1592): Bad activity token: android.os.BinderProxy@27a82c7
12-09 08:32:39.344 W/ActivityManager( 1592): java.lang.ClassCastException: android.os.BinderProxy cannot be cast to com.android.server.am.ActivityRecord$Token
12-09 08:32:39.344 W/ActivityManager( 1592): 	at com.android.server.am.ActivityRecord.forTokenLocked(ActivityRecord.java:424)
12-09 08:32:39.344 W/ActivityManager( 1592): 	at com.android.server.am.ActivityRecord.isInStackLocked(ActivityRecord.java:1121)
12-09 08:32:39.344 W/ActivityManager( 1592): 	at com.android.server.am.ActivityManagerService.setTaskDescription(ActivityManagerService.java:8547)
12-09 08:32:39.344 W/ActivityManager( 1592): 	at android.app.ActivityManagerNative.onTransact(ActivityManagerNative.java:2410)
12-09 08:32:39.344 W/ActivityManager( 1592): 	at com.android.server.am.ActivityManagerService.onTransact(ActivityManagerService.java:2443)
12-09 08:32:39.344 W/ActivityManager( 1592): 	at android.os.Binder.execTransact(Binder.java:453)
12-09 08:32:39.421 I/art     (18240): Background sticky concurrent mark sweep GC freed 1362(173KB) AllocSpace objects, 0(0B) LOS objects, 5% free, 1775KB/1869KB, paused 13.574ms total 96.487ms
12-09 08:32:39.541 W/ActivityManager( 1592): Bad activity token: android.os.BinderProxy@27a82c7
12-09 08:32:39.541 W/ActivityManager( 1592): java.lang.ClassCastException: android.os.BinderProxy cannot be cast to com.android.server.am.ActivityRecord$Token
12-09 08:32:39.541 W/ActivityManager( 1592): 	at com.android.server.am.ActivityRecord.forTokenLocked(ActivityRecord.java:424)
12-09 08:32:39.541 W/ActivityManager( 1592): 	at com.android.server.am.ActivityRecord.isInStackLocked(ActivityRecord.java:1121)
12-09 08:32:39.541 W/ActivityManager( 1592): 	at com.android.server.am.ActivityManagerService.getActivityOptions(ActivityManagerService.java:11038)
12-09 08:32:39.541 W/ActivityManager( 1592): 	at android.app.ActivityManagerNative.onTransact(ActivityManagerNative.java:1734)
12-09 08:32:39.541 W/ActivityManager( 1592): 	at com.android.server.am.ActivityManagerService.onTransact(ActivityManagerService.java:2443)
12-09 08:32:39.541 W/ActivityManager( 1592): 	at android.os.Binder.execTransact(Binder.java:453)
12-09 08:32:39.541 W/ActivityManager( 1592): Bad activity token: android.os.BinderProxy@27a82c7
12-09 08:32:39.541 W/ActivityManager( 1592): java.lang.ClassCastException: android.os.BinderProxy cannot be cast to com.android.server.am.ActivityRecord$Token
12-09 08:32:39.541 W/ActivityManager( 1592): 	at com.android.server.am.ActivityRecord.forTokenLocked(ActivityRecord.java:424)
12-09 08:32:39.541 W/ActivityManager( 1592): 	at com.android.server.am.ActivityRecord.isInStackLocked(ActivityRecord.java:1121)
12-09 08:32:39.541 W/ActivityManager( 1592): 	at com.android.server.am.ActivityManagerService.getActivityOptions(ActivityManagerService.java:11038)
12-09 08:32:39.541 W/ActivityManager( 1592): 	at android.app.ActivityManagerNative.onTransact(ActivityManagerNative.java:1734)
12-09 08:32:39.541 W/ActivityManager( 1592): 	at com.android.server.am.ActivityManagerService.onTransact(ActivityManagerService.java:2443)
12-09 08:32:39.541 W/ActivityManager( 1592): 	at android.os.Binder.execTransact(Binder.java:453)
12-09 08:32:39.621 I/art     (18240): Background partial concurrent mark sweep GC freed 2043(229KB) AllocSpace objects, 3(60KB) LOS objects, 40% free, 1921KB/3MB, paused 9.663ms total 128.102ms
12-09 08:32:39.700 V/PhoneStatusBar( 1704): setLightsOn(true)
12-09 08:32:39.740 I/Choreographer( 1592): Skipped 36 frames!  The application may be doing too much work on its main thread.
12-09 08:32:39.745 D/gralloc_ranchu( 1218): gralloc_alloc: Creating ashmem region of size 3686400
12-09 08:32:39.759 V/PhoneStatusBar( 1704): setLightsOn(true)
12-09 08:32:39.806 D/        (18240): HostConnection::get() New Host Connection established 0x7f3f5893cb60, tid 18240
12-09 08:32:39.807 D/EGL_emulation( 1949): eglMakeCurrent: 0x7f3f5c334dc0: ver 2 0 (tinfo 0x7f3f5c302d00)
12-09 08:32:39.876 E/Surface ( 1949): getSlotFromBufferLocked: unknown buffer: 0x7f3f588d2dc0
12-09 08:32:40.177 W/art     ( 1592): Long monitor contention event with owner method=void com.android.server.wm.WindowAnimator$1.doFrame(long) from WindowAnimator.java:121 waiters=1 for 173ms
12-09 08:32:40.320 W/art     ( 1592): Long monitor contention event with owner method=void com.android.server.wm.WindowAnimator$1.doFrame(long) from WindowAnimator.java:121 waiters=1 for 238ms
12-09 08:32:40.654 W/art     ( 1592): Long monitor contention event with owner method=void com.android.server.wm.WindowAnimator$1.doFrame(long) from WindowAnimator.java:121 waiters=2 for 254ms
12-09 08:32:40.746 W/art     ( 1592): Long monitor contention event with owner method=void com.android.server.wm.WindowAnimator$1.doFrame(long) from WindowAnimator.java:121 waiters=2 for 240ms
12-09 08:32:40.753 W/art     ( 1592): Long monitor contention event with owner method=void com.android.server.wm.WindowAnimator$1.doFrame(long) from WindowAnimator.java:121 waiters=2 for 248ms
12-09 08:32:40.760 I/ActivityManager( 1592): Displayed com.evancharlton.mileage/.Mileage: +1s761ms
12-09 08:32:40.883 D/gralloc_ranchu( 1218): gralloc_alloc: Creating ashmem region of size 3686400
12-09 08:32:41.318 W/art     ( 1592): Long monitor contention event with owner method=void com.android.server.wm.WindowAnimator$1.doFrame(long) from WindowAnimator.java:121 waiters=0 for 112ms
12-09 08:32:41.454 D/gralloc_ranchu( 1218): gralloc_alloc: Creating ashmem region of size 3686400
12-09 08:32:43.077 I/System.out(18240): URI: //map
12-09 08:32:43.077 I/System.out(18240): params: {json={"query":"android.widget.EditText id:'price'","operation":{"method_name":"query","arguments":[]}}
12-09 08:32:43.077 I/System.out(18240): }
12-09 08:32:43.223 I/art     (18240): Background sticky concurrent mark sweep GC freed 26022(1266KB) AllocSpace objects, 2(40KB) LOS objects, 30% free, 2MB/3MB, paused 5.418ms total 139.545ms
12-09 08:32:43.247 W/ResourceType(18240): No package identifier when getting name for resource number 0x00000001
12-09 08:32:43.354 I/System.out(18240): URI: //gesture
12-09 08:32:43.369 I/System.out(18240): params: {json={"query_timeout":5.0,"gestures":[{"query_string":"android.widget.EditText id:'price'","touches":[{"x":50,"y":50,"offset_x":0,"offset_y":0,"wait":0.0,"time":0.2,"release":true,"query_string":null}]}]}
12-09 08:32:43.370 I/System.out(18240): }
12-09 08:32:43.406 W/ResourceType(18240): No package identifier when getting name for resource number 0x00000001
12-09 08:32:43.911 I/LatinIME( 1878): Starting input. Cursor position = 0,0
12-09 08:32:43.965 W/art     (18240): Suspending all threads took: 6.902ms
12-09 08:32:44.126 I/art     (18240): Background sticky concurrent mark sweep GC freed 30444(1438KB) AllocSpace objects, 0(0B) LOS objects, 20% free, 2MB/3MB, paused 8.240ms total 206.453ms
12-09 08:32:44.222 D/EGL_emulation( 1878): eglMakeCurrent: 0x7f3f5064c0a0: ver 2 0 (tinfo 0x7f3f5822b8e0)
12-09 08:32:44.522 I/System.out(18240): URI: //
12-09 08:32:44.522 I/System.out(18240): params: {json={"command":"set_selection","arguments":[-1,-1]}
12-09 08:32:44.522 I/System.out(18240): }
12-09 08:32:44.522 I/System.out(18240): header: {date=Sun, 09 Dec 2018 08:32:44 GMT, accept=*/*, content-length=47, host=127.0.0.1:34777, user-agent=HTTPClient/1.0 (2.8.3, ruby 2.3.1 (2016-04-26)), content-type=application/json;charset=utf-8}
12-09 08:32:44.522 I/System.out(18240): params: {json={"command":"set_selection","arguments":[-1,-1]}
12-09 08:32:44.522 I/System.out(18240): }
12-09 08:32:44.522 I/System.out(18240): ProP json = {"command":"set_selection","arguments":[-1,-1]}
12-09 08:32:44.522 I/System.out(18240): files: {}
12-09 08:32:44.522 I/System.out(18240): command: {"command":"set_selection","arguments":[-1,-1]}
12-09 08:32:44.523 I/InstrumentationBackend(18240): Got command:'Command:'Line:null,set_selection', arguments:'[-1, -1]'
12-09 08:32:44.690 I/System.out(18240): result:{"bonusInformation":[],"message":"","success":true}
12-09 08:32:44.726 I/art     (18240): Background sticky concurrent mark sweep GC freed 10477(417KB) AllocSpace objects, 2(40KB) LOS objects, 11% free, 2MB/3MB, paused 1.316ms total 138.286ms
12-09 08:32:45.326 I/System.out(18240): URI: //
12-09 08:32:45.326 I/System.out(18240): params: {json={"command":"keyboard_enter_text","arguments":["000"]}
12-09 08:32:45.326 I/System.out(18240): }
12-09 08:32:45.326 I/System.out(18240): header: {date=Sun, 09 Dec 2018 08:32:45 GMT, accept=*/*, content-length=53, host=127.0.0.1:34777, user-agent=HTTPClient/1.0 (2.8.3, ruby 2.3.1 (2016-04-26)), content-type=application/json;charset=utf-8}
12-09 08:32:45.326 I/System.out(18240): params: {json={"command":"keyboard_enter_text","arguments":["000"]}
12-09 08:32:45.326 I/System.out(18240): }
12-09 08:32:45.326 I/System.out(18240): ProP json = {"command":"keyboard_enter_text","arguments":["000"]}
12-09 08:32:45.326 I/System.out(18240): files: {}
12-09 08:32:45.326 I/System.out(18240): command: {"command":"keyboard_enter_text","arguments":["000"]}
12-09 08:32:45.327 I/InstrumentationBackend(18240): Got command:'Command:'Line:null,keyboard_enter_text', arguments:'[000]'
12-09 08:32:45.340 E/SpannableStringBuilder(18240): SPAN_EXCLUSIVE_EXCLUSIVE spans cannot have a zero length
12-09 08:32:45.340 E/SpannableStringBuilder(18240): SPAN_EXCLUSIVE_EXCLUSIVE spans cannot have a zero length
12-09 08:32:45.342 E/SpannableStringBuilder(18240): SPAN_EXCLUSIVE_EXCLUSIVE spans cannot have a zero length
12-09 08:32:45.342 E/SpannableStringBuilder(18240): SPAN_EXCLUSIVE_EXCLUSIVE spans cannot have a zero length
12-09 08:32:45.355 I/System.out(18240): result:{"bonusInformation":[],"message":"","success":true}
12-09 08:32:45.456 I/art     (18240): Background sticky concurrent mark sweep GC freed 16938(775KB) AllocSpace objects, 4(80KB) LOS objects, 15% free, 2MB/3MB, paused 1.331ms total 127.174ms
12-09 08:32:45.456 I/System.out(18240): URI: //map
12-09 08:32:45.456 I/System.out(18240): params: {json={"query":"android.widget.Button index:2","operation":{"method_name":"query","arguments":[]}}
12-09 08:32:45.457 I/System.out(18240): }
12-09 08:32:45.540 W/art     (18240): Suspending all threads took: 5.975ms
12-09 08:32:45.621 I/art     (18240): Background sticky concurrent mark sweep GC freed 30409(1259KB) AllocSpace objects, 1(20KB) LOS objects, 0% free, 3MB/3MB, paused 7.300ms total 145.170ms
12-09 08:32:45.655 I/System.out(18240): URI: //gesture
12-09 08:32:45.655 I/System.out(18240): params: {json={"query_timeout":5.0,"gestures":[{"query_string":"android.widget.Button index:2","touches":[{"x":50,"y":50,"offset_x":0,"offset_y":0,"wait":0.0,"time":0.2,"release":true,"query_string":null}]}]}
12-09 08:32:45.655 I/System.out(18240): }
12-09 08:32:45.666 I/art     (18240): Background partial concurrent mark sweep GC freed 20325(1300KB) AllocSpace objects, 5(100KB) LOS objects, 39% free, 2MB/4MB, paused 5.268ms total 32.848ms
12-09 08:32:46.530 I/art     (18240): Background sticky concurrent mark sweep GC freed 47130(2MB) AllocSpace objects, 2(40KB) LOS objects, 41% free, 2MB/4MB, paused 1.091ms total 167.797ms
12-09 08:32:46.540 W/audio_hw_generic( 1306): Hardware backing HAL too slow, could only write 0 of 661 frames
12-09 08:32:46.569 W/audio_hw_generic( 1306): Hardware backing HAL too slow, could only write 0 of 661 frames
12-09 08:32:46.587 W/audio_hw_generic( 1306): Hardware backing HAL too slow, could only write 0 of 661 frames
12-09 08:32:46.599 W/audio_hw_generic( 1306): Hardware backing HAL too slow, could only write 0 of 661 frames
12-09 08:32:46.602 I/LatinIME( 1878): Starting input. Cursor position = 0,0
12-09 08:32:46.619 W/audio_hw_generic( 1306): Hardware backing HAL too slow, could only write 0 of 661 frames
12-09 08:32:46.631 W/audio_hw_generic( 1306): Hardware backing HAL too slow, could only write 0 of 661 frames
12-09 08:32:46.865 E/SurfaceFlinger( 1218): ro.sf.lcd_density must be defined as a build property
12-09 08:32:46.871 W/audio_hw_generic( 1306): Not supplying enough data to HAL, expected position 43462189 , only wrote 43462072
12-09 08:32:46.883 W/audio_hw_generic( 1306): Not supplying enough data to HAL, expected position 43462591 , only wrote 43462072
12-09 08:32:46.886 D/gralloc_ranchu( 1218): gralloc_alloc: Creating ashmem region of size 3686400
12-09 08:32:46.943 D/        (18274): HostConnection::get() New Host Connection established 0x7fc3c0b12480, tid 18274
12-09 08:32:46.969 W/audio_hw_generic( 1306): Hardware backing HAL too slow, could only write 0 of 661 frames
12-09 08:32:46.984 E/EGL_emulation( 1218): tid 1218: eglCreateSyncKHR(1881): error 0x3004 (EGL_BAD_ATTRIBUTE)
12-09 08:32:46.985 W/audio_hw_generic( 1306): Hardware backing HAL too slow, could only write 0 of 661 frames
12-09 08:32:47.001 W/audio_hw_generic( 1306): Hardware backing HAL too slow, could only write 0 of 661 frames
12-09 08:32:47.021 W/audio_hw_generic( 1306): Hardware backing HAL too slow, could only write 0 of 661 frames
12-09 08:32:47.097 D/gralloc_ranchu( 1218): gralloc_alloc: Creating ashmem region of size 45056
12-09 08:32:47.183 W/audio_hw_generic( 1306): Not supplying enough data to HAL, expected position 43475298 , only wrote 43473309
12-09 08:32:47.183 W/audio_hw_generic( 1306): Not supplying enough data to HAL, expected position 43473316 , only wrote 43473309
12-09 08:32:47.249 W/audio_hw_generic( 1306): Not supplying enough data to HAL, expected position 43476225 , only wrote 43473970
12-09 08:32:47.309 W/audio_hw_generic( 1306): Hardware backing HAL too slow, could only write 0 of 661 frames
12-09 08:32:47.332 W/audio_hw_generic( 1306): Hardware backing HAL too slow, could only write 0 of 661 frames
12-09 08:32:47.364 W/audio_hw_generic( 1306): Hardware backing HAL too slow, could only write 0 of 661 frames
12-09 08:32:47.460 W/audio_hw_generic( 1306): Not supplying enough data to HAL, expected position 43483283 , only wrote 43483224
12-09 08:32:47.460 W/audio_hw_generic( 1306): Not supplying enough data to HAL, expected position 43483231 , only wrote 43483224
12-09 08:32:47.478 W/audio_hw_generic( 1306): Not supplying enough data to HAL, expected position 43484012 , only wrote 43483885
12-09 08:32:47.657 W/art     ( 1592): Long monitor contention event with owner method=void com.android.server.wm.WindowAnimator$1.doFrame(long) from WindowAnimator.java:121 waiters=0 for 169ms
12-09 08:32:47.811 W/art     ( 1592): Long monitor contention event with owner method=void com.android.server.wm.WindowAnimator$1.doFrame(long) from WindowAnimator.java:121 waiters=0 for 153ms
12-09 08:32:47.845 W/audio_hw_generic( 1306): Not supplying enough data to HAL, expected position 43500077 , only wrote 43499749
12-09 08:32:47.846 W/audio_hw_generic( 1306): Not supplying enough data to HAL, expected position 43499756 , only wrote 43499749
12-09 08:32:47.885 W/audio_hw_generic( 1306): Not supplying enough data to HAL, expected position 43501509 , only wrote 43500410
12-09 08:32:47.886 W/audio_hw_generic( 1306): Not supplying enough data to HAL, expected position 43500417 , only wrote 43500410
12-09 08:32:47.908 W/audio_hw_generic( 1306): Not supplying enough data to HAL, expected position 43501386 , only wrote 43501071
12-09 08:32:47.941 W/audio_hw_generic( 1306): Hardware backing HAL too slow, could only write 0 of 661 frames
12-09 08:32:47.962 W/audio_hw_generic( 1306): Hardware backing HAL too slow, could only write 0 of 661 frames
12-09 08:32:47.970 W/audio_hw_generic( 1306): Hardware backing HAL too slow, could only write 0 of 661 frames
12-09 08:32:47.985 W/audio_hw_generic( 1306): Hardware backing HAL too slow, could only write 0 of 661 frames
12-09 08:32:48.000 W/audio_hw_generic( 1306): Hardware backing HAL too slow, could only write 0 of 661 frames
12-09 08:32:48.050 W/audio_hw_generic( 1306): Hardware backing HAL too slow, could only write 0 of 661 frames
12-09 08:32:48.050 W/audio_hw_generic( 1306): Not supplying enough data to HAL, expected position 43507341 , only wrote 43507020
12-09 08:32:48.050 W/audio_hw_generic( 1306): Not supplying enough data to HAL, expected position 43507027 , only wrote 43507020
12-09 08:32:48.069 W/audio_hw_generic( 1306): Not supplying enough data to HAL, expected position 43507845 , only wrote 43507681
12-09 08:32:48.069 W/audio_hw_generic( 1306): Hardware backing HAL too slow, could only write 0 of 661 frames
12-09 08:32:48.072 I/System.out(18240): URI: //map
12-09 08:32:48.072 I/System.out(18240): params: {json={"query":"android.widget.EditText id:'volume'","operation":{"method_name":"query","arguments":[]}}
12-09 08:32:48.072 I/System.out(18240): }
12-09 08:32:48.085 W/audio_hw_generic( 1306): Hardware backing HAL too slow, could only write 0 of 661 frames
12-09 08:32:48.101 W/audio_hw_generic( 1306): Hardware backing HAL too slow, could only write 0 of 661 frames
12-09 08:32:48.117 W/audio_hw_generic( 1306): Hardware backing HAL too slow, could only write 0 of 661 frames
12-09 08:32:48.235 W/audio_hw_generic( 1306): Not supplying enough data to HAL, expected position 43515022 , only wrote 43514291
12-09 08:32:48.236 W/audio_hw_generic( 1306): Not supplying enough data to HAL, expected position 43514298 , only wrote 43514291
12-09 08:32:48.261 W/audio_hw_generic( 1306): Not supplying enough data to HAL, expected position 43515428 , only wrote 43514952
12-09 08:32:48.282 W/ResourceType(18240): No package identifier when getting name for resource number 0x00000001
12-09 08:32:48.309 I/Choreographer( 1878): Skipped 105 frames!  The application may be doing too much work on its main thread.
12-09 08:32:48.349 I/art     (18240): WaitForGcToComplete blocked for 20.555ms for cause Background
12-09 08:32:48.466 I/System.out(18240): URI: //gesture
12-09 08:32:48.466 I/System.out(18240): params: {json={"query_timeout":5.0,"gestures":[{"query_string":"android.widget.EditText id:'volume'","touches":[{"x":50,"y":50,"offset_x":0,"offset_y":0,"wait":0.0,"time":0.2,"release":true,"query_string":null}]}]}
12-09 08:32:48.466 I/System.out(18240): }
12-09 08:32:48.470 I/art     (18240): Background sticky concurrent mark sweep GC freed 45637(2MB) AllocSpace objects, 2(40KB) LOS objects, 32% free, 2MB/4MB, paused 1.171ms total 116.700ms
12-09 08:32:48.515 W/ResourceType(18240): No package identifier when getting name for resource number 0x00000001
12-09 08:32:48.566 W/audio_hw_generic( 1306): Not supplying enough data to HAL, expected position 43528386 , only wrote 43528172
12-09 08:32:48.597 W/audio_hw_generic( 1306): Not supplying enough data to HAL, expected position 43529534 , only wrote 43529494
12-09 08:32:48.597 W/audio_hw_generic( 1306): Hardware backing HAL too slow, could only write 0 of 661 frames
12-09 08:32:48.597 W/audio_hw_generic( 1306): Hardware backing HAL too slow, could only write 0 of 661 frames
12-09 08:32:48.612 W/audio_hw_generic( 1306): Hardware backing HAL too slow, could only write 0 of 661 frames
12-09 08:32:48.633 W/audio_hw_generic( 1306): Hardware backing HAL too slow, could only write 0 of 661 frames
12-09 08:32:48.680 W/audio_hw_generic( 1306): Not supplying enough data to HAL, expected position 43533172 , only wrote 43532799
12-09 08:32:48.680 W/audio_hw_generic( 1306): Not supplying enough data to HAL, expected position 43532806 , only wrote 43532799
12-09 08:32:48.697 W/audio_hw_generic( 1306): Not supplying enough data to HAL, expected position 43533519 , only wrote 43533460
12-09 08:32:48.727 W/audio_hw_generic( 1306): Hardware backing HAL too slow, could only write 0 of 661 frames
12-09 08:32:48.742 W/audio_hw_generic( 1306): Hardware backing HAL too slow, could only write 0 of 661 frames
12-09 08:32:48.920 W/audio_hw_generic( 1306): Not supplying enough data to HAL, expected position 43543305 , only wrote 43542714
12-09 08:32:49.205 W/audio_hw_generic( 1306): Hardware backing HAL too slow, could only write 0 of 661 frames
12-09 08:32:49.237 W/audio_hw_generic( 1306): Hardware backing HAL too slow, could only write 0 of 661 frames
12-09 08:32:49.250 W/audio_hw_generic( 1306): Hardware backing HAL too slow, could only write 0 of 661 frames
12-09 08:32:49.555 I/System.out(18240): URI: //
12-09 08:32:49.555 I/System.out(18240): params: {json={"command":"set_selection","arguments":[-1,-1]}
12-09 08:32:49.555 I/System.out(18240): }
12-09 08:32:49.555 I/System.out(18240): header: {date=Sun, 09 Dec 2018 08:32:49 GMT, accept=*/*, content-length=47, host=127.0.0.1:34777, user-agent=HTTPClient/1.0 (2.8.3, ruby 2.3.1 (2016-04-26)), content-type=application/json;charset=utf-8}
12-09 08:32:49.555 I/System.out(18240): params: {json={"command":"set_selection","arguments":[-1,-1]}
12-09 08:32:49.555 I/System.out(18240): }
12-09 08:32:49.555 I/System.out(18240): ProP json = {"command":"set_selection","arguments":[-1,-1]}
12-09 08:32:49.555 I/System.out(18240): files: {}
12-09 08:32:49.555 I/System.out(18240): command: {"command":"set_selection","arguments":[-1,-1]}
12-09 08:32:49.557 I/InstrumentationBackend(18240): Got command:'Command:'Line:null,set_selection', arguments:'[-1, -1]'
12-09 08:32:49.577 I/System.out(18240): result:{"bonusInformation":[],"message":"","success":true}
12-09 08:32:49.633 W/audio_hw_generic( 1306): Not supplying enough data to HAL, expected position 43604770 , only wrote 43573781
12-09 08:32:49.870 I/System.out(18240): URI: //
12-09 08:32:49.870 I/System.out(18240): params: {json={"command":"keyboard_enter_text","arguments":["000"]}
12-09 08:32:49.870 I/System.out(18240): }
12-09 08:32:49.870 I/System.out(18240): header: {date=Sun, 09 Dec 2018 08:32:49 GMT, accept=*/*, content-length=53, host=127.0.0.1:34777, user-agent=HTTPClient/1.0 (2.8.3, ruby 2.3.1 (2016-04-26)), content-type=application/json;charset=utf-8}
12-09 08:32:49.870 I/System.out(18240): params: {json={"command":"keyboard_enter_text","arguments":["000"]}
12-09 08:32:49.870 I/System.out(18240): }
12-09 08:32:49.870 I/System.out(18240): ProP json = {"command":"keyboard_enter_text","arguments":["000"]}
12-09 08:32:49.870 I/System.out(18240): files: {}
12-09 08:32:49.870 I/System.out(18240): command: {"command":"keyboard_enter_text","arguments":["000"]}
12-09 08:32:49.871 I/InstrumentationBackend(18240): Got command:'Command:'Line:null,keyboard_enter_text', arguments:'[000]'
12-09 08:32:49.872 E/SpannableStringBuilder(18240): SPAN_EXCLUSIVE_EXCLUSIVE spans cannot have a zero length
12-09 08:32:49.872 E/SpannableStringBuilder(18240): SPAN_EXCLUSIVE_EXCLUSIVE spans cannot have a zero length
12-09 08:32:49.887 E/SpannableStringBuilder(18240): SPAN_EXCLUSIVE_EXCLUSIVE spans cannot have a zero length
12-09 08:32:49.887 E/SpannableStringBuilder(18240): SPAN_EXCLUSIVE_EXCLUSIVE spans cannot have a zero length
12-09 08:32:49.915 I/System.out(18240): result:{"bonusInformation":[],"message":"","success":true}
12-09 08:32:50.003 I/art     (18240): Background sticky concurrent mark sweep GC freed 26868(1227KB) AllocSpace objects, 6(120KB) LOS objects, 33% free, 2MB/4MB, paused 7.804ms total 99.414ms
12-09 08:32:50.004 I/System.out(18240): URI: //map
12-09 08:32:50.009 I/System.out(18240): params: {json={"query":"android.widget.Button index:2","operation":{"method_name":"query","arguments":[]}}
12-09 08:32:50.009 I/System.out(18240): }
12-09 08:32:50.216 I/System.out(18240): URI: //gesture
12-09 08:32:50.216 I/System.out(18240): params: {json={"query_timeout":5.0,"gestures":[{"query_string":"android.widget.Button index:2","touches":[{"x":50,"y":50,"offset_x":0,"offset_y":0,"wait":0.0,"time":0.2,"release":true,"query_string":null}]}]}
12-09 08:32:50.216 I/System.out(18240): }
12-09 08:32:50.220 I/art     (18240): Background sticky concurrent mark sweep GC freed 46878(2MB) AllocSpace objects, 1(20KB) LOS objects, 20% free, 3MB/4MB, paused 9.732ms total 115.448ms
12-09 08:32:50.961 I/LatinIME( 1878): Starting input. Cursor position = 0,0
12-09 08:32:51.005 W/audio_hw_generic( 1306): Hardware backing HAL too slow, could only write 0 of 661 frames
12-09 08:32:51.013 W/art     (18240): Suspending all threads took: 10.945ms
12-09 08:32:51.021 W/audio_hw_generic( 1306): Hardware backing HAL too slow, could only write 0 of 661 frames
12-09 08:32:51.027 I/art     (18240): Background sticky concurrent mark sweep GC freed 21560(1063KB) AllocSpace objects, 0(0B) LOS objects, 26% free, 3MB/4MB, paused 12.171ms total 35.758ms
12-09 08:32:51.081 W/audio_hw_generic( 1306): Hardware backing HAL too slow, could only write 0 of 661 frames
12-09 08:32:51.081 W/audio_hw_generic( 1306): Not supplying enough data to HAL, expected position 43579246 , only wrote 43579069
12-09 08:32:51.081 W/audio_hw_generic( 1306): Not supplying enough data to HAL, expected position 43579075 , only wrote 43579069
12-09 08:32:51.117 W/audio_hw_generic( 1306): Not supplying enough data to HAL, expected position 43580653 , only wrote 43579730
12-09 08:32:51.151 W/audio_hw_generic( 1306): Hardware backing HAL too slow, could only write 0 of 661 frames
12-09 08:32:51.163 W/audio_hw_generic( 1306): Hardware backing HAL too slow, could only write 0 of 661 frames
12-09 08:32:51.164 D/gralloc_ranchu( 1218): gralloc_alloc: Creating ashmem region of size 49152
12-09 08:32:51.198 W/audio_hw_generic( 1306): Hardware backing HAL too slow, could only write 0 of 661 frames
12-09 08:32:51.198 W/audio_hw_generic( 1306): Hardware backing HAL too slow, could only write 0 of 661 frames
12-09 08:32:51.213 W/audio_hw_generic( 1306): Hardware backing HAL too slow, could only write 0 of 661 frames
12-09 08:32:51.237 W/audio_hw_generic( 1306): Hardware backing HAL too slow, could only write 0 of 661 frames
12-09 08:32:51.244 W/audio_hw_generic( 1306): Hardware backing HAL too slow, could only write 0 of 661 frames
12-09 08:32:51.492 W/audio_hw_generic( 1306): Not supplying enough data to HAL, expected position 43596258 , only wrote 43596255
12-09 08:32:51.522 W/audio_hw_generic( 1306): Not supplying enough data to HAL, expected position 43597570 , only wrote 43596916
12-09 08:32:51.624 W/audio_hw_generic( 1306): Not supplying enough data to HAL, expected position 43601428 , only wrote 43600221
12-09 08:32:51.692 E/SurfaceFlinger( 1218): ro.sf.lcd_density must be defined as a build property
12-09 08:32:51.787 D/gralloc_ranchu( 1218): gralloc_alloc: Creating ashmem region of size 3686400
12-09 08:32:51.867 D/        (18286): HostConnection::get() New Host Connection established 0x7fafbea12480, tid 18286
12-09 08:32:51.909 W/audio_hw_generic( 1306): Not supplying enough data to HAL, expected position 43612790 , only wrote 43610797
12-09 08:32:51.909 W/audio_hw_generic( 1306): Not supplying enough data to HAL, expected position 43610804 , only wrote 43610797
12-09 08:32:51.941 E/EGL_emulation( 1218): tid 1218: eglCreateSyncKHR(1881): error 0x3004 (EGL_BAD_ATTRIBUTE)
12-09 08:32:51.958 W/audio_hw_generic( 1306): Not supplying enough data to HAL, expected position 43612939 , only wrote 43611458
12-09 08:32:51.991 W/audio_hw_generic( 1306): Hardware backing HAL too slow, could only write 0 of 661 frames
12-09 08:32:52.081 I/Choreographer( 1878): Skipped 73 frames!  The application may be doing too much work on its main thread.
12-09 08:32:52.167 W/audio_hw_generic( 1306): Hardware backing HAL too slow, could only write 0 of 661 frames
12-09 08:32:52.245 W/audio_hw_generic( 1306): Not supplying enough data to HAL, expected position 43624131 , only wrote 43624017
12-09 08:32:52.245 W/audio_hw_generic( 1306): Not supplying enough data to HAL, expected position 43624024 , only wrote 43624017
12-09 08:32:52.284 W/audio_hw_generic( 1306): Not supplying enough data to HAL, expected position 43625698 , only wrote 43624678
12-09 08:32:52.680 W/audio_hw_generic( 1306): Not supplying enough data to HAL, expected position 43642170 , only wrote 43641864
12-09 08:32:52.680 W/audio_hw_generic( 1306): Not supplying enough data to HAL, expected position 43641871 , only wrote 43641864
12-09 08:32:52.971 I/System.out(18240): URI: //map
12-09 08:32:52.971 I/System.out(18240): params: {json={"query":"android.widget.EditText id:'odometer'","operation":{"method_name":"query","arguments":[]}}
12-09 08:32:52.971 I/System.out(18240): }
12-09 08:32:52.985 W/ResourceType(18240): No package identifier when getting name for resource number 0x00000001
12-09 08:32:53.105 I/System.out(18240): URI: //gesture
12-09 08:32:53.105 I/System.out(18240): params: {json={"query_timeout":5.0,"gestures":[{"query_string":"android.widget.EditText id:'odometer'","touches":[{"x":50,"y":50,"offset_x":0,"offset_y":0,"wait":0.0,"time":0.2,"release":true,"query_string":null}]}]}
12-09 08:32:53.105 I/System.out(18240): }
12-09 08:32:53.150 W/ResourceType(18240): No package identifier when getting name for resource number 0x00000001
12-09 08:32:53.270 W/audio_hw_generic( 1306): Not supplying enough data to HAL, expected position 43667857 , only wrote 43667643
12-09 08:32:53.291 W/audio_hw_generic( 1306): Hardware backing HAL too slow, could only write 0 of 661 frames
12-09 08:32:53.306 W/audio_hw_generic( 1306): Hardware backing HAL too slow, could only write 0 of 661 frames
12-09 08:32:53.321 W/audio_hw_generic( 1306): Hardware backing HAL too slow, could only write 0 of 661 frames
12-09 08:32:53.336 W/audio_hw_generic( 1306): Hardware backing HAL too slow, could only write 0 of 661 frames
12-09 08:32:53.538 W/audio_hw_generic( 1306): Not supplying enough data to HAL, expected position 43679483 , only wrote 43678219
12-09 08:32:53.539 W/audio_hw_generic( 1306): Not supplying enough data to HAL, expected position 43678226 , only wrote 43678219
12-09 08:32:53.561 W/audio_hw_generic( 1306): Not supplying enough data to HAL, expected position 43679208 , only wrote 43678880
12-09 08:32:53.594 W/audio_hw_generic( 1306): Hardware backing HAL too slow, could only write 0 of 661 frames
12-09 08:32:53.654 W/audio_hw_generic( 1306): Not supplying enough data to HAL, expected position 43682956 , only wrote 43682846
12-09 08:32:53.725 W/art     (18240): Suspending all threads took: 30.446ms
12-09 08:32:53.754 I/art     (18240): Background sticky concurrent mark sweep GC freed 28483(1349KB) AllocSpace objects, 0(0B) LOS objects, 21% free, 3MB/4MB, paused 31.769ms total 78.529ms
12-09 08:32:53.940 W/audio_hw_generic( 1306): Not supplying enough data to HAL, expected position 43695498 , only wrote 43695405
12-09 08:32:53.961 W/audio_hw_generic( 1306): Not supplying enough data to HAL, expected position 43696337 , only wrote 43696066
12-09 08:32:54.057 W/audio_hw_generic( 1306): Hardware backing HAL too slow, could only write 0 of 661 frames
12-09 08:32:54.114 W/audio_hw_generic( 1306): Not supplying enough data to HAL, expected position 43702776 , only wrote 43702015
12-09 08:32:54.114 W/audio_hw_generic( 1306): Not supplying enough data to HAL, expected position 43702022 , only wrote 43702015
12-09 08:32:54.319 I/System.out(18240): URI: //
12-09 08:32:54.319 I/System.out(18240): params: {json={"command":"set_selection","arguments":[-1,-1]}
12-09 08:32:54.319 I/System.out(18240): }
12-09 08:32:54.319 I/System.out(18240): header: {date=Sun, 09 Dec 2018 08:32:54 GMT, accept=*/*, content-length=47, host=127.0.0.1:34777, user-agent=HTTPClient/1.0 (2.8.3, ruby 2.3.1 (2016-04-26)), content-type=application/json;charset=utf-8}
