--------- beginning of main
12-09 08:23:57.013 I/art     ( 1592): Background partial concurrent mark sweep GC freed 10696(796KB) AllocSpace objects, 7(136KB) LOS objects, 29% free, 9MB/13MB, paused 1.250ms total 136.243ms
--------- beginning of system
12-09 08:23:57.074 W/ActivityManager( 1592): Finishing task with all activities already finished
12-09 08:23:57.074 W/ActivityManager( 1592): Duplicate finish request for ActivityRecord{7cd4e6a u0 com.evancharlton.mileage/.Mileage t458 f}
12-09 08:23:57.075 W/ActivityManager( 1592): Finishing task with all activities already finished
12-09 08:23:57.075 W/ActivityManager( 1592): Duplicate finish request for ActivityRecord{7cd4e6a u0 com.evancharlton.mileage/.Mileage t458 f}
12-09 08:23:57.084 W/ActivityManager( 1592): Finishing task with all activities already finished
12-09 08:23:57.084 W/ActivityManager( 1592): Duplicate finish request for ActivityRecord{7cd4e6a u0 com.evancharlton.mileage/.Mileage t458 f}
12-09 08:23:57.344 D/EGL_emulation( 1930): eglMakeCurrent: 0x7f708f5b4dc0: ver 2 0 (tinfo 0x7f708f582d00)
12-09 08:23:57.548 W/art     ( 1592): Long monitor contention event with owner method=void com.android.server.wm.WindowAnimator$1.doFrame(long) from WindowAnimator.java:121 waiters=1 for 137ms
12-09 08:23:57.764 D/AndroidRuntime(16822): >>>>>> START com.android.internal.os.RuntimeInit uid 0 <<<<<<
12-09 08:23:57.765 D/AndroidRuntime(16822): CheckJNI is ON
12-09 08:23:57.794 D/ICU     (16822): No timezone override file found: /data/misc/zoneinfo/current/icu/icu_tzdata.dat
12-09 08:23:57.813 W/art     ( 1592): Long monitor contention event with owner method=void com.android.server.wm.WindowAnimator$1.doFrame(long) from WindowAnimator.java:121 waiters=1 for 264ms
12-09 08:23:57.940 W/art     ( 1592): Long monitor contention event with owner method=void com.android.server.wm.WindowAnimator$1.doFrame(long) from WindowAnimator.java:121 waiters=1 for 267ms
12-09 08:23:57.942 E/memtrack(16822): Couldn't load memtrack module (No such file or directory)
12-09 08:23:57.942 E/android.os.Debug(16822): failed to load memtrack module: -2
12-09 08:23:57.943 I/Radio-JNI(16822): register_android_hardware_Radio DONE
12-09 08:23:57.959 D/AndroidRuntime(16822): Calling main entry com.android.commands.am.Am
12-09 08:23:57.984 I/ActivityManager( 1592): Force stopping com.evancharlton.mileage appid=10137 user=0: start instr
12-09 08:23:57.984 I/ActivityManager( 1592): Killing 16759:com.evancharlton.mileage/u0a137 (adj 0): stop com.evancharlton.mileage
12-09 08:23:58.080 W/InputDispatcher( 1592): channel 'a1c5a10 com.evancharlton.mileage/com.evancharlton.mileage.Mileage (server)' ~ Consumer closed input channel or an error occurred.  events=0x9
12-09 08:23:58.080 E/InputDispatcher( 1592): channel 'a1c5a10 com.evancharlton.mileage/com.evancharlton.mileage.Mileage (server)' ~ Channel is unrecoverably broken and will be disposed!
12-09 08:23:58.284 W/art     ( 1592): Long monitor contention event with owner method=void com.android.server.wm.WindowAnimator$1.doFrame(long) from WindowAnimator.java:121 waiters=2 for 356ms
12-09 08:23:58.284 W/art     ( 1592): Long monitor contention event with owner method=void com.android.server.wm.WindowAnimator$1.doFrame(long) from WindowAnimator.java:121 waiters=2 for 343ms
12-09 08:23:58.476 W/art     ( 1592): Long monitor contention event with owner method=void com.android.server.wm.WindowAnimator$1.doFrame(long) from WindowAnimator.java:121 waiters=4 for 268ms
12-09 08:23:58.669 W/art     ( 1592): Long monitor contention event with owner method=void com.android.server.wm.WindowAnimator$1.doFrame(long) from WindowAnimator.java:121 waiters=2 for 271ms
12-09 08:23:58.727 W/art     ( 1592): Long monitor contention event with owner method=void com.android.server.wm.WindowAnimator$1.doFrame(long) from WindowAnimator.java:121 waiters=2 for 250ms
12-09 08:23:59.272 W/art     ( 1592): Long monitor contention event with owner method=void com.android.server.wm.WindowAnimator$1.doFrame(long) from WindowAnimator.java:121 waiters=2 for 417ms
12-09 08:23:59.433 W/ActivityManager( 1592): Crash of app com.evancharlton.mileage running instrumentation ComponentInfo{com.evancharlton.mileage.test/sh.calaba.instrumentationbackend.CalabashInstrumentationTestRunner}
12-09 08:23:59.433 I/ActivityManager( 1592): Force stopping com.evancharlton.mileage appid=10137 user=0: finished inst
12-09 08:23:59.433 W/art     ( 1592): Long monitor contention event with owner method=void com.android.server.wm.WindowAnimator$1.doFrame(long) from WindowAnimator.java:121 waiters=2 for 386ms
12-09 08:23:59.433 I/WindowState( 1592): WIN DEATH: Window{a1c5a10 u0 com.evancharlton.mileage/com.evancharlton.mileage.Mileage}
12-09 08:23:59.433 W/InputDispatcher( 1592): Attempted to unregister already unregistered input channel 'a1c5a10 com.evancharlton.mileage/com.evancharlton.mileage.Mileage (server)'
12-09 08:23:59.615 W/art     ( 1592): Long monitor contention event with owner method=void com.android.server.wm.WindowState$DeathRecipient.binderDied() from WindowState.java:1208 waiters=2 for 117ms
12-09 08:23:59.714 I/ActivityManager( 1592): Start proc 16831:com.evancharlton.mileage/u0a137 for added application com.evancharlton.mileage
12-09 08:23:59.715 W/art     ( 1592): Long monitor contention event with owner method=boolean com.android.server.am.ActivityManagerService.startInstrumentation(android.content.ComponentName, java.lang.String, int, android.os.Bundle, android.app.IInstrumentationWatcher, android.app.IUiAutomationConnection, int, java.lang.String) from ActivityManagerService.java:17066 waiters=0 for 1.730s
12-09 08:23:59.715 W/art     ( 1592): Long monitor contention event with owner method=boolean com.android.server.am.ActivityManagerService.startInstrumentation(android.content.ComponentName, java.lang.String, int, android.os.Bundle, android.app.IInstrumentationWatcher, android.app.IUiAutomationConnection, int, java.lang.String) from ActivityManagerService.java:17066 waiters=1 for 1.659s
12-09 08:23:59.724 W/art     ( 1592): Long monitor contention event with owner method=boolean com.android.server.am.ActivityManagerService.startInstrumentation(android.content.ComponentName, java.lang.String, int, android.os.Bundle, android.app.IInstrumentationWatcher, android.app.IUiAutomationConnection, int, java.lang.String) from ActivityManagerService.java:17066 waiters=2 for 1.419s
12-09 08:23:59.727 W/InputMethodManagerService( 1592): Got RemoteException sending setActive(false) notification to pid 16759 uid 10137
12-09 08:23:59.736 D/AndroidRuntime(16822): Shutting down VM
12-09 08:23:59.816 I/art     (16831): Background partial concurrent mark sweep GC freed 40467(1413KB) AllocSpace objects, 0(0B) LOS objects, 73% free, 373KB/1397KB, paused 29.332ms total 81.922ms
12-09 08:23:59.862 W/System  (16831): ClassLoader referenced unknown path: /data/app/com.evancharlton.mileage.test-1/lib/x86_64
12-09 08:23:59.862 W/System  (16831): ClassLoader referenced unknown path: /data/app/com.evancharlton.mileage-1/lib/x86_64
12-09 08:23:59.903 I/System.out(16831): Main activity name automatically set to: com.evancharlton.mileage.Mileage
12-09 08:23:59.909 I/System.out(16831): Calabash did not load Mono. This is only a problem if you are trying to test a Mono application
12-09 08:23:59.909 I/calabash(16831): Test server port: 7102
12-09 08:23:59.910 I/InstrumentationBackend(16831): Added:'GetPreferences', with key:'get_preferences'
12-09 08:23:59.991 I/InstrumentationBackend(16831): Added:'SetPreferences', with key:'set_preferences'
12-09 08:23:59.991 I/InstrumentationBackend(16831): Added:'ClearPreferences', with key:'clear_preferences'
12-09 08:24:00.012 I/InstrumentationBackend(16831): Added:'PressElement', with key:'press_l10n_element'
12-09 08:24:00.012 I/InstrumentationBackend(16831): Added:'WaitForElement', with key:'wait_for_l10n_element'
12-09 08:24:00.013 I/InstrumentationBackend(16831): Added:'NullAction', with key:'nullAction'
12-09 08:24:00.013 I/InstrumentationBackend(16831): Added:'PressKey', with key:'press_key'
12-09 08:24:00.013 I/InstrumentationBackend(16831): Added:'SetActivityOrientation', with key:'set_activity_orientation'
12-09 08:24:00.013 I/InstrumentationBackend(16831): Added:'GetActivityOrientation', with key:'get_activity_orientation'
12-09 08:24:00.013 I/InstrumentationBackend(16831): Added:'FakeGPSLocation', with key:'set_gps_coordinates'
12-09 08:24:00.014 I/InstrumentationBackend(16831): Added:'SetPropertyByCssSelector', with key:'set_property_by_css_selector'
12-09 08:24:00.014 I/InstrumentationBackend(16831): Added:'GetUrl', with key:'get_url'
12-09 08:24:00.014 I/InstrumentationBackend(16831): Added:'ScrollTo', with key:'scroll_to'
12-09 08:24:00.015 I/InstrumentationBackend(16831): Added:'GetLoadProgress', with key:'get_load_progress'
12-09 08:24:00.015 I/InstrumentationBackend(16831): Added:'DumpHtml', with key:'dump_html'
12-09 08:24:00.015 I/InstrumentationBackend(16831): Added:'DumpBodyHtml', with key:'dump_body_html'
12-09 08:24:00.024 I/InstrumentationBackend(16831): Added:'EnterTextByCssSelector', with key:'enter_text_by_selector'
12-09 08:24:00.040 I/InstrumentationBackend(16831): Added:'AndroidSDKVersion', with key:'android_sdk_version'
12-09 08:24:00.041 I/InstrumentationBackend(16831): Added:'Version', with key:'version'
12-09 08:24:00.041 I/InstrumentationBackend(16831): Added:'Drag', with key:'drag'
12-09 08:24:00.041 I/InstrumentationBackend(16831): Added:'TouchCoordinates', with key:'touch_coordinate'
12-09 08:24:00.041 I/InstrumentationBackend(16831): Added:'LongPressCoordinate', with key:'long_press_coordinate'
12-09 08:24:00.041 I/InstrumentationBackend(16831): Added:'DragCoordinates', with key:'drag_coordinates'
12-09 08:24:00.041 I/InstrumentationBackend(16831): Added:'ResumeApplication', with key:'resume_application'
12-09 08:24:00.041 I/InstrumentationBackend(16831): Added:'Swipe', with key:'swipe'
12-09 08:24:00.042 I/InstrumentationBackend(16831): Added:'DoubleTapCoordinate', with key:'double_tap_coordinate'
12-09 08:24:00.042 I/InstrumentationBackend(16831): Added:'ClickOnScreen', with key:'click_on_screen'
12-09 08:24:00.042 I/InstrumentationBackend(16831): Added:'GetActivityName', with key:'get_activity_name'
12-09 08:24:00.042 I/InstrumentationBackend(16831): Added:'ScrollToView', with key:'scroll_to_view'
12-09 08:24:00.042 I/InstrumentationBackend(16831): Added:'ViewConfiguration', with key:'view_configuration'
12-09 08:24:00.042 I/InstrumentationBackend(16831): Added:'IsCurrentActivityFocused', with key:'is_current_activity_focused'
12-09 08:24:00.043 I/InstrumentationBackend(16831): Added:'SendTcp', with key:'send_tcp'
12-09 08:24:00.043 I/InstrumentationBackend(16831): Added:'DpToDevicePixel', with key:'dp_to_device_pixel'
12-09 08:24:00.049 I/InstrumentationBackend(16831): Added:'KeyboardEnterText', with key:'keyboard_enter_text'
12-09 08:24:00.060 I/InstrumentationBackend(16831): Added:'DeleteSurroundingText', with key:'delete_surrounding_text'
12-09 08:24:00.060 I/InstrumentationBackend(16831): Added:'SetComposingRegion', with key:'set_composing_region'
12-09 08:24:00.060 I/InstrumentationBackend(16831): Added:'SetSelection', with key:'set_selection'
12-09 08:24:00.060 I/InstrumentationBackend(16831): Added:'KeyboardKeyEvent', with key:'keyboard_key_event'
12-09 08:24:00.061 I/InstrumentationBackend(16831): Added:'PressUserActionButton', with key:'press_user_action_button'
12-09 08:24:00.061 I/InstrumentationBackend(16831): Added:'HideSoftKeyboard', with key:'hide_soft_keyboard'
12-09 08:24:00.061 I/InstrumentationBackend(16831): Added:'ListActions', with key:'list_actions'
12-09 08:24:00.061 I/calabash(16831): Instantiating http server at 7102
12-09 08:24:00.062 I/System.out(16831): HTTP Daemon listening on: 7102
12-09 08:24:00.197 I/System.out(16831): URI: //ping
12-09 08:24:00.198 I/System.out(16831): params: {json={}
12-09 08:24:00.198 I/System.out(16831): }
12-09 08:24:00.275 I/System.out(16831): URI: //ping
12-09 08:24:00.279 I/System.out(16831): params: {json={}
12-09 08:24:00.287 I/System.out(16831): }
12-09 08:24:00.364 I/System.out(16831): URI: //ready
12-09 08:24:00.364 I/System.out(16831): params: {json={}
12-09 08:24:00.364 I/System.out(16831): }
12-09 08:24:00.472 I/System.out(16831): URI: //
12-09 08:24:00.472 I/System.out(16831): params: {json={"command":"version","arguments":[]}
12-09 08:24:00.472 I/System.out(16831): }
12-09 08:24:00.472 I/System.out(16831): header: {date=Sun, 09 Dec 2018 08:24:00 GMT, accept=*/*, content-length=36, host=127.0.0.1:34777, user-agent=HTTPClient/1.0 (2.8.3, ruby 2.3.1 (2016-04-26)), content-type=application/json;charset=utf-8}
12-09 08:24:00.472 I/System.out(16831): params: {json={"command":"version","arguments":[]}
12-09 08:24:00.473 I/System.out(16831): }
12-09 08:24:00.473 I/System.out(16831): ProP json = {"command":"version","arguments":[]}
12-09 08:24:00.473 I/System.out(16831): files: {}
12-09 08:24:00.473 I/System.out(16831): command: {"command":"version","arguments":[]}
12-09 08:24:00.501 I/InstrumentationBackend(16831): Got command:'Command:'Line:null,version', arguments:'[]'
12-09 08:24:00.518 W/art     ( 1592): Long monitor contention event with owner method=void com.android.server.wm.WindowAnimator$1.doFrame(long) from WindowAnimator.java:121 waiters=0 for 167ms
12-09 08:24:00.575 I/System.out(16831): result:{"bonusInformation":[],"message":"0.9.8","success":true}
12-09 08:24:00.690 W/art     ( 1592): Long monitor contention event with owner method=void com.android.server.wm.WindowAnimator$1.doFrame(long) from WindowAnimator.java:121 waiters=0 for 173ms
12-09 08:24:00.703 I/art     (16831): Background sticky concurrent mark sweep GC freed 14073(728KB) AllocSpace objects, 7(140KB) LOS objects, 39% free, 1263KB/2MB, paused 956us total 195.332ms
12-09 08:24:00.703 I/System.out(16831): URI: //start-application
12-09 08:24:00.703 I/System.out(16831): params: {json={"intent":null}
12-09 08:24:00.703 I/System.out(16831): }
12-09 08:24:00.833 W/art     ( 1592): Long monitor contention event with owner method=void com.android.server.wm.WindowAnimator$1.doFrame(long) from WindowAnimator.java:121 waiters=0 for 142ms
12-09 08:24:00.863 I/art     (16831): Background partial concurrent mark sweep GC freed 18955(987KB) AllocSpace objects, 3(60KB) LOS objects, 45% free, 1211KB/2MB, paused 11.118ms total 33.895ms
12-09 08:24:01.016 I/ActivityManager( 1592): START u0 {act=android.intent.action.MAIN cat=[android.intent.category.LAUNCHER] flg=0x10200000 cmp=com.evancharlton.mileage/.Mileage} from uid 10137 on display 0
12-09 08:24:01.018 W/art     ( 1592): Long monitor contention event with owner method=com.android.internal.view.InputBindResult com.android.server.InputMethodManagerService.windowGainedFocus(com.android.internal.view.IInputMethodClient, android.os.IBinder, int, int, int, android.view.inputmethod.EditorInfo, com.android.internal.view.IInputContext) from InputMethodManagerService.java:2177 waiters=0 for 2.810s
12-09 08:24:01.018 W/art     ( 1592): Long monitor contention event with owner method=com.android.internal.view.InputBindResult com.android.server.InputMethodManagerService.windowGainedFocus(com.android.internal.view.IInputMethodClient, android.os.IBinder, int, int, int, android.view.inputmethod.EditorInfo, com.android.internal.view.IInputContext) from InputMethodManagerService.java:2177 waiters=1 for 2.713s
12-09 08:24:01.113 I/Choreographer( 1930): Skipped 225 frames!  The application may be doing too much work on its main thread.
12-09 08:24:01.200 D/EGL_emulation( 1862): eglMakeCurrent: 0x7f708b2ba140: ver 2 0 (tinfo 0x7f708b2a99e0)
12-09 08:24:01.201 E/Surface ( 1862): getSlotFromBufferLocked: unknown buffer: 0x7f7083964ee0
12-09 08:24:01.212 W/art     ( 1592): Long monitor contention event with owner method=void com.android.server.wm.WindowAnimator$1.doFrame(long) from WindowAnimator.java:121 waiters=0 for 196ms
12-09 08:24:01.423 W/art     ( 1592): Long monitor contention event with owner method=void com.android.server.wm.WindowAnimator$1.doFrame(long) from WindowAnimator.java:121 waiters=2 for 203ms
12-09 08:24:01.536 W/art     ( 1592): Long monitor contention event with owner method=void com.android.server.wm.WindowAnimator$1.doFrame(long) from WindowAnimator.java:121 waiters=3 for 287ms
12-09 08:24:01.691 W/art     ( 1592): Long monitor contention event with owner method=void com.android.server.wm.WindowAnimator$1.doFrame(long) from WindowAnimator.java:121 waiters=3 for 394ms
12-09 08:24:01.784 W/art     ( 1592): Long monitor contention event with owner method=void com.android.server.wm.WindowAnimator$1.doFrame(long) from WindowAnimator.java:121 waiters=3 for 430ms
12-09 08:24:01.840 W/art     ( 1592): Long monitor contention event with owner method=void com.android.server.wm.WindowAnimator$1.doFrame(long) from WindowAnimator.java:121 waiters=3 for 417ms
12-09 08:24:02.156 W/art     ( 1592): Long monitor contention event with owner method=void com.android.server.wm.WindowAnimator$1.doFrame(long) from WindowAnimator.java:121 waiters=3 for 372ms
12-09 08:24:02.403 W/art     ( 1592): Long monitor contention event with owner method=void com.android.server.wm.WindowAnimator$1.doFrame(long) from WindowAnimator.java:121 waiters=3 for 496ms
12-09 08:24:02.403 W/art     ( 1592): Long monitor contention event with owner method=void com.android.server.wm.WindowAnimator$1.doFrame(long) from WindowAnimator.java:121 waiters=3 for 367ms
12-09 08:24:02.405 I/Choreographer( 1930): Skipped 83 frames!  The application may be doing too much work on its main thread.
12-09 08:24:02.616 W/OpenGLRenderer( 1930): Incorrectly called buildLayer on View: ShortcutAndWidgetContainer, destroying layer...
12-09 08:24:02.735 W/WindowState( 1592): Failed to report 'resized' to the client of Window{a1c5a10 u0 com.evancharlton.mileage/com.evancharlton.mileage.Mileage EXITING}, removing this window.
12-09 08:24:02.737 W/art     ( 1592): Long monitor contention event with owner method=void com.android.server.wm.WindowAnimator$1.doFrame(long) from WindowAnimator.java:121 waiters=4 for 552ms
12-09 08:24:02.737 W/art     ( 1592): Long monitor contention event with owner method=void com.android.server.wm.WindowManagerService$H.handleMessage(android.os.Message) from WindowManagerService.java:8000 waiters=4 for 564ms
12-09 08:24:02.754 E/WindowState( 1592): getStack: Window{a1c5a10 u0 com.evancharlton.mileage/com.evancharlton.mileage.Mileage EXITING} couldn't find task for AppWindowToken{769e736 token=Token{4adf5b ActivityRecord{7cd4e6a u0 com.evancharlton.mileage/.Mileage t458}}} Callers=com.android.server.wm.WindowState.getDisplayContent:847 com.android.server.wm.WindowState.getWindowList:1457 com.android.server.wm.WindowManagerService.findDesiredInputMethodWindowIndexLocked:1464 com.android.server.wm.WindowManagerService.moveInputMethodWindowsIfNeededLocked:1684 
12-09 08:24:02.757 W/art     ( 1592): Long monitor contention event with owner method=int com.android.server.am.ActivityStackSupervisor.startActivityMayWait(android.app.IApplicationThread, int, java.lang.String, android.content.Intent, java.lang.String, android.service.voice.IVoiceInteractionSession, com.android.internal.app.IVoiceInteractor, android.os.IBinder, java.lang.String, int, int, android.app.ProfilerInfo, android.app.IActivityManager$WaitResult, android.content.res.Configuration, android.os.Bundle, boolean, int, android.app.IActivityContainer, com.android.server.am.TaskRecord) from ActivityStackSupervisor.java:946 waiters=0 for 1.489s
12-09 08:24:02.758 W/art     ( 1592): Long monitor contention event with owner method=int com.android.server.am.ActivityStackSupervisor.startActivityMayWait(android.app.IApplicationThread, int, java.lang.String, android.content.Intent, java.lang.String, android.service.voice.IVoiceInteractionSession, com.android.internal.app.IVoiceInteractor, android.os.IBinder, java.lang.String, int, int, android.app.ProfilerInfo, android.app.IActivityManager$WaitResult, android.content.res.Configuration, android.os.Bundle, boolean, int, android.app.IActivityContainer, com.android.server.am.TaskRecord) from ActivityStackSupervisor.java:946 waiters=1 for 352ms
12-09 08:24:02.949 W/art     ( 1592): Long monitor contention event with owner method=void com.android.server.wm.WindowAnimator$1.doFrame(long) from WindowAnimator.java:121 waiters=0 for 131ms
12-09 08:24:03.117 W/art     ( 1592): Long monitor contention event with owner method=void com.android.server.wm.WindowAnimator$1.doFrame(long) from WindowAnimator.java:121 waiters=1 for 299ms
12-09 08:24:03.136 I/calabash(16831): newActivity1
12-09 08:24:03.149 D/gralloc_ranchu( 1223): gralloc_alloc: Creating ashmem region of size 3686400
12-09 08:24:03.188 I/calabash(16831): newActivity1
12-09 08:24:03.190 W/ActivityManager( 1592): Bad activity token: android.os.BinderProxy@45142b3
12-09 08:24:03.190 W/ActivityManager( 1592): java.lang.ClassCastException: android.os.BinderProxy cannot be cast to com.android.server.am.ActivityRecord$Token
12-09 08:24:03.190 W/ActivityManager( 1592): 	at com.android.server.am.ActivityRecord.forTokenLocked(ActivityRecord.java:424)
12-09 08:24:03.190 W/ActivityManager( 1592): 	at com.android.server.am.ActivityRecord.isInStackLocked(ActivityRecord.java:1121)
12-09 08:24:03.190 W/ActivityManager( 1592): 	at com.android.server.am.ActivityRecord.getStackLocked(ActivityRecord.java:1126)
12-09 08:24:03.190 W/ActivityManager( 1592): 	at com.android.server.am.ActivityManagerService.getActivityDisplayId(ActivityManagerService.java:8889)
12-09 08:24:03.190 W/ActivityManager( 1592): 	at android.app.ActivityManagerNative.onTransact(ActivityManagerNative.java:2338)
12-09 08:24:03.190 W/ActivityManager( 1592): 	at com.android.server.am.ActivityManagerService.onTransact(ActivityManagerService.java:2443)
12-09 08:24:03.190 W/ActivityManager( 1592): 	at android.os.Binder.execTransact(Binder.java:453)
12-09 08:24:03.190 W/ActivityManager( 1592): Bad activity token: android.os.BinderProxy@45142b3
12-09 08:24:03.190 W/ActivityManager( 1592): java.lang.ClassCastException: android.os.BinderProxy cannot be cast to com.android.server.am.ActivityRecord$Token
12-09 08:24:03.190 W/ActivityManager( 1592): 	at com.android.server.am.ActivityRecord.forTokenLocked(ActivityRecord.java:424)
12-09 08:24:03.190 W/ActivityManager( 1592): 	at com.android.server.am.ActivityRecord.isInStackLocked(ActivityRecord.java:1121)
12-09 08:24:03.190 W/ActivityManager( 1592): 	at com.android.server.am.ActivityManagerService.setTaskDescription(ActivityManagerService.java:8547)
12-09 08:24:03.190 W/ActivityManager( 1592): 	at android.app.ActivityManagerNative.onTransact(ActivityManagerNative.java:2410)
12-09 08:24:03.190 W/ActivityManager( 1592): 	at com.android.server.am.ActivityManagerService.onTransact(ActivityManagerService.java:2443)
12-09 08:24:03.190 W/ActivityManager( 1592): 	at android.os.Binder.execTransact(Binder.java:453)
12-09 08:24:03.283 W/ActivityManager( 1592): Bad activity token: android.os.BinderProxy@45142b3
12-09 08:24:03.283 W/ActivityManager( 1592): java.lang.ClassCastException: android.os.BinderProxy cannot be cast to com.android.server.am.ActivityRecord$Token
12-09 08:24:03.283 W/ActivityManager( 1592): 	at com.android.server.am.ActivityRecord.forTokenLocked(ActivityRecord.java:424)
12-09 08:24:03.283 W/ActivityManager( 1592): 	at com.android.server.am.ActivityRecord.isInStackLocked(ActivityRecord.java:1121)
12-09 08:24:03.283 W/ActivityManager( 1592): 	at com.android.server.am.ActivityManagerService.getActivityOptions(ActivityManagerService.java:11038)
12-09 08:24:03.283 W/ActivityManager( 1592): 	at android.app.ActivityManagerNative.onTransact(ActivityManagerNative.java:1734)
12-09 08:24:03.283 W/ActivityManager( 1592): 	at com.android.server.am.ActivityManagerService.onTransact(ActivityManagerService.java:2443)
12-09 08:24:03.283 W/ActivityManager( 1592): 	at android.os.Binder.execTransact(Binder.java:453)
12-09 08:24:03.283 W/ActivityManager( 1592): Bad activity token: android.os.BinderProxy@45142b3
12-09 08:24:03.283 W/ActivityManager( 1592): java.lang.ClassCastException: android.os.BinderProxy cannot be cast to com.android.server.am.ActivityRecord$Token
12-09 08:24:03.283 W/ActivityManager( 1592): 	at com.android.server.am.ActivityRecord.forTokenLocked(ActivityRecord.java:424)
12-09 08:24:03.283 W/ActivityManager( 1592): 	at com.android.server.am.ActivityRecord.isInStackLocked(ActivityRecord.java:1121)
12-09 08:24:03.283 W/ActivityManager( 1592): 	at com.android.server.am.ActivityManagerService.getActivityOptions(ActivityManagerService.java:11038)
12-09 08:24:03.283 W/ActivityManager( 1592): 	at android.app.ActivityManagerNative.onTransact(ActivityManagerNative.java:1734)
12-09 08:24:03.283 W/ActivityManager( 1592): 	at com.android.server.am.ActivityManagerService.onTransact(ActivityManagerService.java:2443)
12-09 08:24:03.283 W/ActivityManager( 1592): 	at android.os.Binder.execTransact(Binder.java:453)
12-09 08:24:03.440 V/PhoneStatusBar( 1719): setLightsOn(true)
12-09 08:24:03.459 D/EGL_emulation( 1930): eglMakeCurrent: 0x7f708f5b4dc0: ver 2 0 (tinfo 0x7f708f582d00)
12-09 08:24:03.460 E/Surface ( 1930): getSlotFromBufferLocked: unknown buffer: 0x7f70816e9120
12-09 08:24:03.980 D/gralloc_ranchu( 1223): gralloc_alloc: Creating ashmem region of size 3686400
12-09 08:24:04.055 D/        (16831): HostConnection::get() New Host Connection established 0x7f708d30c2c0, tid 16831
12-09 08:24:04.392 W/art     ( 1592): Long monitor contention event with owner method=void com.android.server.wm.WindowAnimator$1.doFrame(long) from WindowAnimator.java:121 waiters=0 for 274ms
12-09 08:24:04.526 W/art     ( 1592): Long monitor contention event with owner method=void com.android.server.wm.WindowAnimator$1.doFrame(long) from WindowAnimator.java:121 waiters=1 for 134ms
12-09 08:24:04.547 I/ActivityManager( 1592): Displayed com.evancharlton.mileage/.Mileage: +1s430ms
12-09 08:24:04.576 D/gralloc_ranchu( 1223): gralloc_alloc: Creating ashmem region of size 3686400
12-09 08:24:05.092 D/gralloc_ranchu( 1223): gralloc_alloc: Creating ashmem region of size 3686400
12-09 08:24:05.585 W/art     (16831): Suspending all threads took: 6.507ms
12-09 08:24:05.610 I/art     (16831): Background partial concurrent mark sweep GC freed 14472(708KB) AllocSpace objects, 0(0B) LOS objects, 40% free, 1894KB/3MB, paused 13.972ms total 129.022ms
12-09 08:24:06.760 I/System.out(16831): URI: //map
12-09 08:24:06.767 I/System.out(16831): params: {json={"query":"android.widget.EditText id:'price'","operation":{"method_name":"query","arguments":[]}}
12-09 08:24:06.767 I/System.out(16831): }
12-09 08:24:06.844 W/ResourceType(16831): No package identifier when getting name for resource number 0x00000001
12-09 08:24:06.883 W/art     (16831): Suspending all threads took: 6.637ms
12-09 08:24:06.932 I/art     (16831): Background sticky concurrent mark sweep GC freed 43981(2005KB) AllocSpace objects, 2(40KB) LOS objects, 26% free, 2MB/3MB, paused 16.050ms total 66.985ms
12-09 08:24:07.000 I/System.out(16831): URI: //gesture
12-09 08:24:07.000 I/System.out(16831): params: {json={"query_timeout":5.0,"gestures":[{"query_string":"android.widget.EditText id:'price'","touches":[{"x":50,"y":50,"offset_x":0,"offset_y":0,"wait":0.0,"time":0.2,"release":true,"query_string":null}]}]}
12-09 08:24:07.000 I/System.out(16831): }
12-09 08:24:07.044 W/ResourceType(16831): No package identifier when getting name for resource number 0x00000001
12-09 08:24:07.585 I/LatinIME( 1862): Starting input. Cursor position = 0,0
12-09 08:24:07.844 D/EGL_emulation( 1862): eglMakeCurrent: 0x7f708b2ba140: ver 2 0 (tinfo 0x7f708b2a99e0)
12-09 08:24:08.188 I/System.out(16831): URI: //
12-09 08:24:08.188 I/System.out(16831): params: {json={"command":"set_selection","arguments":[-1,-1]}
12-09 08:24:08.188 I/System.out(16831): }
12-09 08:24:08.188 I/System.out(16831): header: {date=Sun, 09 Dec 2018 08:24:08 GMT, accept=*/*, content-length=47, host=127.0.0.1:34777, user-agent=HTTPClient/1.0 (2.8.3, ruby 2.3.1 (2016-04-26)), content-type=application/json;charset=utf-8}
12-09 08:24:08.188 I/System.out(16831): params: {json={"command":"set_selection","arguments":[-1,-1]}
12-09 08:24:08.188 I/System.out(16831): }
12-09 08:24:08.188 I/System.out(16831): ProP json = {"command":"set_selection","arguments":[-1,-1]}
12-09 08:24:08.188 I/System.out(16831): files: {}
12-09 08:24:08.188 I/System.out(16831): command: {"command":"set_selection","arguments":[-1,-1]}
12-09 08:24:08.189 I/InstrumentationBackend(16831): Got command:'Command:'Line:null,set_selection', arguments:'[-1, -1]'
12-09 08:24:08.292 I/System.out(16831): result:{"bonusInformation":[],"message":"","success":true}
12-09 08:24:08.474 I/System.out(16831): URI: //
12-09 08:24:08.474 I/System.out(16831): params: {json={"command":"keyboard_enter_text","arguments":["000"]}
12-09 08:24:08.474 I/System.out(16831): }
12-09 08:24:08.474 I/System.out(16831): header: {date=Sun, 09 Dec 2018 08:24:08 GMT, accept=*/*, content-length=53, host=127.0.0.1:34777, user-agent=HTTPClient/1.0 (2.8.3, ruby 2.3.1 (2016-04-26)), content-type=application/json;charset=utf-8}
12-09 08:24:08.474 I/System.out(16831): params: {json={"command":"keyboard_enter_text","arguments":["000"]}
12-09 08:24:08.474 I/System.out(16831): }
12-09 08:24:08.474 I/System.out(16831): ProP json = {"command":"keyboard_enter_text","arguments":["000"]}
12-09 08:24:08.474 I/System.out(16831): files: {}
12-09 08:24:08.474 I/System.out(16831): command: {"command":"keyboard_enter_text","arguments":["000"]}
12-09 08:24:08.475 I/InstrumentationBackend(16831): Got command:'Command:'Line:null,keyboard_enter_text', arguments:'[000]'
12-09 08:24:08.476 E/SpannableStringBuilder(16831): SPAN_EXCLUSIVE_EXCLUSIVE spans cannot have a zero length
12-09 08:24:08.476 E/SpannableStringBuilder(16831): SPAN_EXCLUSIVE_EXCLUSIVE spans cannot have a zero length
12-09 08:24:08.657 E/SpannableStringBuilder(16831): SPAN_EXCLUSIVE_EXCLUSIVE spans cannot have a zero length
12-09 08:24:08.657 E/SpannableStringBuilder(16831): SPAN_EXCLUSIVE_EXCLUSIVE spans cannot have a zero length
12-09 08:24:08.672 I/System.out(16831): result:{"bonusInformation":[],"message":"","success":true}
12-09 08:24:08.883 I/System.out(16831): URI: //map
12-09 08:24:08.884 I/System.out(16831): params: {json={"query":"android.widget.Button index:2","operation":{"method_name":"query","arguments":[]}}
12-09 08:24:08.884 I/System.out(16831): }
12-09 08:24:08.888 I/art     (16831): Background sticky concurrent mark sweep GC freed 13559(599KB) AllocSpace objects, 2(40KB) LOS objects, 4% free, 2MB/3MB, paused 21.892ms total 213.773ms
12-09 08:24:09.315 I/art     (16831): Background partial concurrent mark sweep GC freed 17927(910KB) AllocSpace objects, 6(120KB) LOS objects, 39% free, 2MB/3MB, paused 992us total 424.555ms
12-09 08:24:09.404 I/System.out(16831): URI: //gesture
12-09 08:24:09.404 I/System.out(16831): params: {json={"query_timeout":5.0,"gestures":[{"query_string":"android.widget.Button index:2","touches":[{"x":50,"y":50,"offset_x":0,"offset_y":0,"wait":0.0,"time":0.2,"release":true,"query_string":null}]}]}
12-09 08:24:09.404 I/System.out(16831): }
12-09 08:24:10.139 I/art     (16831): Background sticky concurrent mark sweep GC freed 46849(2MB) AllocSpace objects, 1(20KB) LOS objects, 33% free, 2MB/3MB, paused 963us total 215.067ms
12-09 08:24:10.248 W/audio_hw_generic( 1307): Hardware backing HAL too slow, could only write 0 of 661 frames
12-09 08:24:10.256 I/LatinIME( 1862): Starting input. Cursor position = 0,0
12-09 08:24:10.259 W/audio_hw_generic( 1307): Hardware backing HAL too slow, could only write 0 of 661 frames
12-09 08:24:10.288 W/audio_hw_generic( 1307): Hardware backing HAL too slow, could only write 0 of 661 frames
12-09 08:24:10.303 W/audio_hw_generic( 1307): Hardware backing HAL too slow, could only write 0 of 661 frames
12-09 08:24:10.383 D/gralloc_ranchu( 1223): gralloc_alloc: Creating ashmem region of size 45056
12-09 08:24:10.432 W/audio_hw_generic( 1307): Hardware backing HAL too slow, could only write 0 of 661 frames
12-09 08:24:10.456 W/audio_hw_generic( 1307): Hardware backing HAL too slow, could only write 0 of 661 frames
12-09 08:24:10.477 W/audio_hw_generic( 1307): Hardware backing HAL too slow, could only write 0 of 661 frames
12-09 08:24:10.510 W/audio_hw_generic( 1307): Hardware backing HAL too slow, could only write 0 of 661 frames
12-09 08:24:10.510 W/audio_hw_generic( 1307): Hardware backing HAL too slow, could only write 0 of 661 frames
12-09 08:24:10.559 W/audio_hw_generic( 1307): Not supplying enough data to HAL, expected position 37214400 , only wrote 37213639
12-09 08:24:10.577 W/audio_hw_generic( 1307): Hardware backing HAL too slow, could only write 0 of 661 frames
12-09 08:24:10.595 W/audio_hw_generic( 1307): Hardware backing HAL too slow, could only write 0 of 661 frames
12-09 08:24:10.608 W/audio_hw_generic( 1307): Hardware backing HAL too slow, could only write 0 of 661 frames
12-09 08:24:10.624 W/audio_hw_generic( 1307): Hardware backing HAL too slow, could only write 0 of 661 frames
12-09 08:24:10.637 W/audio_hw_generic( 1307): Hardware backing HAL too slow, could only write 0 of 661 frames
12-09 08:24:10.680 E/SurfaceFlinger( 1223): ro.sf.lcd_density must be defined as a build property
12-09 08:24:10.704 D/gralloc_ranchu( 1223): gralloc_alloc: Creating ashmem region of size 3686400
12-09 08:24:10.817 D/        (16864): HostConnection::get() New Host Connection established 0x7f2622ad2480, tid 16864
12-09 08:24:10.833 E/EGL_emulation( 1223): tid 1223: eglCreateSyncKHR(1881): error 0x3004 (EGL_BAD_ATTRIBUTE)
12-09 08:24:10.911 W/audio_hw_generic( 1307): Not supplying enough data to HAL, expected position 37229149 , only wrote 37228842
12-09 08:24:11.036 W/audio_hw_generic( 1307): Not supplying enough data to HAL, expected position 37234359 , only wrote 37234130
12-09 08:24:11.243 W/audio_hw_generic( 1307): Hardware backing HAL too slow, could only write 0 of 661 frames
12-09 08:24:11.274 W/audio_hw_generic( 1307): Hardware backing HAL too slow, could only write 0 of 661 frames
12-09 08:24:11.295 W/audio_hw_generic( 1307): Hardware backing HAL too slow, could only write 0 of 661 frames
12-09 08:24:11.308 W/audio_hw_generic( 1307): Hardware backing HAL too slow, could only write 0 of 661 frames
12-09 08:24:11.317 W/audio_hw_generic( 1307): Hardware backing HAL too slow, could only write 0 of 661 frames
12-09 08:24:11.339 W/audio_hw_generic( 1307): Hardware backing HAL too slow, could only write 0 of 661 frames
12-09 08:24:11.353 W/audio_hw_generic( 1307): Hardware backing HAL too slow, could only write 0 of 661 frames
12-09 08:24:11.377 W/audio_hw_generic( 1307): Hardware backing HAL too slow, could only write 0 of 661 frames
12-09 08:24:11.461 W/audio_hw_generic( 1307): Not supplying enough data to HAL, expected position 37252874 , only wrote 37252638
12-09 08:24:11.461 W/audio_hw_generic( 1307): Not supplying enough data to HAL, expected position 37252644 , only wrote 37252638
12-09 08:24:11.480 W/audio_hw_generic( 1307): Not supplying enough data to HAL, expected position 37253470 , only wrote 37253299
12-09 08:24:11.507 I/Choreographer( 1862): Skipped 77 frames!  The application may be doing too much work on its main thread.
12-09 08:24:11.567 W/audio_hw_generic( 1307): Not supplying enough data to HAL, expected position 37257121 , only wrote 37256604
12-09 08:24:11.567 W/audio_hw_generic( 1307): Not supplying enough data to HAL, expected position 37256610 , only wrote 37256604
12-09 08:24:11.602 W/audio_hw_generic( 1307): Not supplying enough data to HAL, expected position 37258147 , only wrote 37257265
12-09 08:24:11.636 W/audio_hw_generic( 1307): Not supplying enough data to HAL, expected position 37258774 , only wrote 37258587
12-09 08:24:11.820 W/audio_hw_generic( 1307): Not supplying enough data to HAL, expected position 37266693 , only wrote 37266519
12-09 08:24:11.820 W/audio_hw_generic( 1307): Not supplying enough data to HAL, expected position 37266525 , only wrote 37266519
12-09 08:24:11.843 W/audio_hw_generic( 1307): Not supplying enough data to HAL, expected position 37267544 , only wrote 37267180
12-09 08:24:11.900 I/System.out(16831): URI: //map
12-09 08:24:11.900 I/System.out(16831): params: {json={"query":"android.widget.EditText id:'volume'","operation":{"method_name":"query","arguments":[]}}
12-09 08:24:11.900 I/System.out(16831): }
12-09 08:24:12.060 W/audio_hw_generic( 1307): Not supplying enough data to HAL, expected position 37276719 , only wrote 37271146
12-09 08:24:12.090 W/audio_hw_generic( 1307): Not supplying enough data to HAL, expected position 37272494 , only wrote 37272468
12-09 08:24:12.115 W/ResourceType(16831): No package identifier when getting name for resource number 0x00000001
12-09 08:24:12.240 W/audio_hw_generic( 1307): Not supplying enough data to HAL, expected position 37279084 , only wrote 37278417
12-09 08:24:12.257 I/art     (16831): Background sticky concurrent mark sweep GC freed 37982(1629KB) AllocSpace objects, 2(40KB) LOS objects, 18% free, 2MB/3MB, paused 1.027ms total 129.195ms
12-09 08:24:12.301 I/System.out(16831): URI: //gesture
12-09 08:24:12.301 I/System.out(16831): params: {json={"query_timeout":5.0,"gestures":[{"query_string":"android.widget.EditText id:'volume'","touches":[{"x":50,"y":50,"offset_x":0,"offset_y":0,"wait":0.0,"time":0.2,"release":true,"query_string":null}]}]}
12-09 08:24:12.301 I/System.out(16831): }
12-09 08:24:12.326 W/ResourceType(16831): No package identifier when getting name for resource number 0x00000001
12-09 08:24:12.556 W/audio_hw_generic( 1307): Not supplying enough data to HAL, expected position 37292335 , only wrote 37292298
12-09 08:24:12.556 W/audio_hw_generic( 1307): Not supplying enough data to HAL, expected position 37292304 , only wrote 37292298
12-09 08:24:12.584 W/audio_hw_generic( 1307): Not supplying enough data to HAL, expected position 37293531 , only wrote 37292959
12-09 08:24:12.708 W/audio_hw_generic( 1307): Not supplying enough data to HAL, expected position 37298423 , only wrote 37298247
12-09 08:24:12.708 W/audio_hw_generic( 1307): Not supplying enough data to HAL, expected position 37298253 , only wrote 37298247
12-09 08:24:13.158 W/audio_hw_generic( 1307): Not supplying enough data to HAL, expected position 37336955 , only wrote 37318077
12-09 08:24:13.288 I/System.out(16831): URI: //
12-09 08:24:13.288 I/System.out(16831): params: {json={"command":"set_selection","arguments":[-1,-1]}
12-09 08:24:13.289 I/System.out(16831): }
12-09 08:24:13.289 I/System.out(16831): header: {date=Sun, 09 Dec 2018 08:24:13 GMT, accept=*/*, content-length=47, host=127.0.0.1:34777, user-agent=HTTPClient/1.0 (2.8.3, ruby 2.3.1 (2016-04-26)), content-type=application/json;charset=utf-8}
12-09 08:24:13.289 I/System.out(16831): params: {json={"command":"set_selection","arguments":[-1,-1]}
12-09 08:24:13.289 I/System.out(16831): }
12-09 08:24:13.289 I/System.out(16831): ProP json = {"command":"set_selection","arguments":[-1,-1]}
12-09 08:24:13.289 I/System.out(16831): files: {}
12-09 08:24:13.289 I/System.out(16831): command: {"command":"set_selection","arguments":[-1,-1]}
12-09 08:24:13.290 I/InstrumentationBackend(16831): Got command:'Command:'Line:null,set_selection', arguments:'[-1, -1]'
12-09 08:24:13.295 I/System.out(16831): result:{"bonusInformation":[],"message":"","success":true}
12-09 08:24:13.596 I/System.out(16831): URI: //
12-09 08:24:13.596 I/System.out(16831): params: {json={"command":"keyboard_enter_text","arguments":["000"]}
12-09 08:24:13.596 I/System.out(16831): }
12-09 08:24:13.596 I/System.out(16831): header: {date=Sun, 09 Dec 2018 08:24:14 GMT, accept=*/*, content-length=53, host=127.0.0.1:34777, user-agent=HTTPClient/1.0 (2.8.3, ruby 2.3.1 (2016-04-26)), content-type=application/json;charset=utf-8}
12-09 08:24:13.596 I/System.out(16831): params: {json={"command":"keyboard_enter_text","arguments":["000"]}
12-09 08:24:13.596 I/System.out(16831): }
12-09 08:24:13.596 I/System.out(16831): ProP json = {"command":"keyboard_enter_text","arguments":["000"]}
12-09 08:24:13.596 I/System.out(16831): files: {}
12-09 08:24:13.596 I/System.out(16831): command: {"command":"keyboard_enter_text","arguments":["000"]}
12-09 08:24:13.611 I/InstrumentationBackend(16831): Got command:'Command:'Line:null,keyboard_enter_text', arguments:'[000]'
12-09 08:24:13.635 E/SpannableStringBuilder(16831): SPAN_EXCLUSIVE_EXCLUSIVE spans cannot have a zero length
12-09 08:24:13.635 E/SpannableStringBuilder(16831): SPAN_EXCLUSIVE_EXCLUSIVE spans cannot have a zero length
12-09 08:24:13.650 E/SpannableStringBuilder(16831): SPAN_EXCLUSIVE_EXCLUSIVE spans cannot have a zero length
12-09 08:24:13.650 E/SpannableStringBuilder(16831): SPAN_EXCLUSIVE_EXCLUSIVE spans cannot have a zero length
12-09 08:24:13.663 I/System.out(16831): result:{"bonusInformation":[],"message":"","success":true}
12-09 08:24:13.745 I/System.out(16831): URI: //map
12-09 08:24:13.745 I/System.out(16831): params: {json={"query":"android.widget.Button index:2","operation":{"method_name":"query","arguments":[]}}
12-09 08:24:13.745 I/System.out(16831): }
12-09 08:24:13.804 W/art     (16831): Suspending all threads took: 6.582ms
12-09 08:24:14.007 I/art     (16831): Background sticky concurrent mark sweep GC freed 21889(924KB) AllocSpace objects, 2(40KB) LOS objects, 21% free, 2MB/3MB, paused 7.713ms total 239.212ms
12-09 08:24:14.253 I/art     (16831): Background partial concurrent mark sweep GC freed 39994(2MB) AllocSpace objects, 6(120KB) LOS objects, 39% free, 2MB/3MB, paused 17.531ms total 168.754ms
12-09 08:24:14.260 I/System.out(16831): URI: //gesture
12-09 08:24:14.260 I/System.out(16831): params: {json={"query_timeout":5.0,"gestures":[{"query_string":"android.widget.Button index:2","touches":[{"x":50,"y":50,"offset_x":0,"offset_y":0,"wait":0.0,"time":0.2,"release":true,"query_string":null}]}]}
12-09 08:24:14.260 I/System.out(16831): }
12-09 08:24:14.825 W/audio_hw_generic( 1307): Hardware backing HAL too slow, could only write 0 of 661 frames
12-09 08:24:14.840 W/audio_hw_generic( 1307): Hardware backing HAL too slow, could only write 0 of 661 frames
12-09 08:24:14.870 W/audio_hw_generic( 1307): Hardware backing HAL too slow, could only write 0 of 661 frames
12-09 08:24:14.885 I/LatinIME( 1862): Starting input. Cursor position = 0,0
12-09 08:24:14.887 W/audio_hw_generic( 1307): Hardware backing HAL too slow, could only write 0 of 661 frames
12-09 08:24:14.905 I/art     (16831): Background sticky concurrent mark sweep GC freed 47579(2MB) AllocSpace objects, 1(20KB) LOS objects, 36% free, 2MB/3MB, paused 1.220ms total 176.742ms
12-09 08:24:14.915 W/audio_hw_generic( 1307): Hardware backing HAL too slow, could only write 0 of 661 frames
12-09 08:24:14.942 W/audio_hw_generic( 1307): Hardware backing HAL too slow, could only write 0 of 661 frames
12-09 08:24:14.957 W/audio_hw_generic( 1307): Hardware backing HAL too slow, could only write 0 of 661 frames
12-09 08:24:15.244 W/audio_hw_generic( 1307): Not supplying enough data to HAL, expected position 37338568 , only wrote 37334602
12-09 08:24:15.247 W/audio_hw_generic( 1307): Not supplying enough data to HAL, expected position 37334740 , only wrote 37334602
12-09 08:24:15.328 W/audio_hw_generic( 1307): Not supplying enough data to HAL, expected position 37338146 , only wrote 37335263
12-09 08:24:15.346 D/gralloc_ranchu( 1223): gralloc_alloc: Creating ashmem region of size 49152
12-09 08:24:15.368 E/SurfaceFlinger( 1223): ro.sf.lcd_density must be defined as a build property
12-09 08:24:15.422 W/audio_hw_generic( 1307): Not supplying enough data to HAL, expected position 37339412 , only wrote 37339229
12-09 08:24:15.422 W/audio_hw_generic( 1307): Not supplying enough data to HAL, expected position 37339235 , only wrote 37339229
12-09 08:24:15.428 D/gralloc_ranchu( 1223): gralloc_alloc: Creating ashmem region of size 3686400
12-09 08:24:15.446 W/audio_hw_generic( 1307): Not supplying enough data to HAL, expected position 37340309 , only wrote 37339890
12-09 08:24:15.524 D/        (16877): HostConnection::get() New Host Connection established 0x7fc7dbf12480, tid 16877
12-09 08:24:15.594 E/EGL_emulation( 1223): tid 1223: eglCreateSyncKHR(1881): error 0x3004 (EGL_BAD_ATTRIBUTE)
12-09 08:24:15.625 W/audio_hw_generic( 1307): Not supplying enough data to HAL, expected position 37347745 , only wrote 37347161
12-09 08:24:15.655 W/audio_hw_generic( 1307): Not supplying enough data to HAL, expected position 37348499 , only wrote 37348483
12-09 08:24:15.655 W/audio_hw_generic( 1307): Hardware backing HAL too slow, could only write 0 of 661 frames
12-09 08:24:15.841 W/audio_hw_generic( 1307): Hardware backing HAL too slow, could only write 0 of 661 frames
12-09 08:24:15.851 W/audio_hw_generic( 1307): Hardware backing HAL too slow, could only write 0 of 661 frames
12-09 08:24:15.865 W/audio_hw_generic( 1307): Hardware backing HAL too slow, could only write 0 of 661 frames
12-09 08:24:15.900 W/audio_hw_generic( 1307): Hardware backing HAL too slow, could only write 0 of 661 frames
12-09 08:24:15.911 W/audio_hw_generic( 1307): Hardware backing HAL too slow, could only write 0 of 661 frames
12-09 08:24:15.926 W/audio_hw_generic( 1307): Hardware backing HAL too slow, could only write 0 of 661 frames
12-09 08:24:16.068 W/audio_hw_generic( 1307): Not supplying enough data to HAL, expected position 37366699 , only wrote 37366330
12-09 08:24:16.068 W/audio_hw_generic( 1307): Not supplying enough data to HAL, expected position 37366336 , only wrote 37366330
12-09 08:24:16.084 W/audio_hw_generic( 1307): Not supplying enough data to HAL, expected position 37367015 , only wrote 37366991
12-09 08:24:16.100 W/audio_hw_generic( 1307): Hardware backing HAL too slow, could only write 0 of 661 frames
12-09 08:24:16.116 W/audio_hw_generic( 1307): Hardware backing HAL too slow, could only write 0 of 661 frames
12-09 08:24:16.131 W/audio_hw_generic( 1307): Hardware backing HAL too slow, could only write 0 of 661 frames
12-09 08:24:16.160 W/audio_hw_generic( 1307): Hardware backing HAL too slow, could only write 0 of 661 frames
12-09 08:24:16.160 W/audio_hw_generic( 1307): Hardware backing HAL too slow, could only write 0 of 661 frames
12-09 08:24:16.237 W/audio_hw_generic( 1307): Not supplying enough data to HAL, expected position 37373732 , only wrote 37371618
12-09 08:24:16.262 I/Choreographer( 1862): Skipped 86 frames!  The application may be doing too much work on its main thread.
12-09 08:24:16.300 W/audio_hw_generic( 1307): Hardware backing HAL too slow, could only write 0 of 661 frames
12-09 08:24:16.324 W/audio_hw_generic( 1307): Hardware backing HAL too slow, could only write 0 of 661 frames
12-09 08:24:16.328 W/audio_hw_generic( 1307): Not supplying enough data to HAL, expected position 37375664 , only wrote 37375584
12-09 08:24:16.328 W/audio_hw_generic( 1307): Not supplying enough data to HAL, expected position 37375590 , only wrote 37375584
12-09 08:24:16.328 W/audio_hw_generic( 1307): Hardware backing HAL too slow, could only write 0 of 661 frames
12-09 08:24:16.368 W/audio_hw_generic( 1307): Not supplying enough data to HAL, expected position 37377310 , only wrote 37376245
12-09 08:24:16.368 W/audio_hw_generic( 1307): Hardware backing HAL too slow, could only write 0 of 661 frames
12-09 08:24:16.368 W/audio_hw_generic( 1307): Hardware backing HAL too slow, could only write 0 of 661 frames
12-09 08:24:16.388 W/audio_hw_generic( 1307): Hardware backing HAL too slow, could only write 0 of 661 frames
12-09 08:24:16.408 W/audio_hw_generic( 1307): Hardware backing HAL too slow, could only write 0 of 661 frames
12-09 08:24:16.558 W/audio_hw_generic( 1307): Not supplying enough data to HAL, expected position 37384637 , only wrote 37383516
12-09 08:24:16.558 W/audio_hw_generic( 1307): Not supplying enough data to HAL, expected position 37383522 , only wrote 37383516
12-09 08:24:16.608 W/audio_hw_generic( 1307): Not supplying enough data to HAL, expected position 37385737 , only wrote 37384177
12-09 08:24:16.633 I/System.out(16831): URI: //map
12-09 08:24:16.633 I/System.out(16831): params: {json={"query":"android.widget.EditText id:'odometer'","operation":{"method_name":"query","arguments":[]}}
12-09 08:24:16.633 I/System.out(16831): }
12-09 08:24:16.649 W/audio_hw_generic( 1307): Hardware backing HAL too slow, could only write 0 of 661 frames
12-09 08:24:16.654 W/audio_hw_generic( 1307): Hardware backing HAL too slow, could only write 0 of 661 frames
12-09 08:24:16.663 W/ResourceType(16831): No package identifier when getting name for resource number 0x00000001
12-09 08:24:16.804 I/System.out(16831): URI: //gesture
12-09 08:24:16.805 I/System.out(16831): params: {json={"query_timeout":5.0,"gestures":[{"query_string":"android.widget.EditText id:'odometer'","touches":[{"x":50,"y":50,"offset_x":0,"offset_y":0,"wait":0.0,"time":0.2,"release":true,"query_string":null}]}]}
12-09 08:24:16.805 I/System.out(16831): }
12-09 08:24:16.842 W/ResourceType(16831): No package identifier when getting name for resource number 0x00000001
12-09 08:24:17.064 W/audio_hw_generic( 1307): Not supplying enough data to HAL, expected position 37404263 , only wrote 37403346
12-09 08:24:17.064 W/audio_hw_generic( 1307): Not supplying enough data to HAL, expected position 37403352 , only wrote 37403346
12-09 08:24:17.080 W/audio_hw_generic( 1307): Not supplying enough data to HAL, expected position 37404044 , only wrote 37404007
12-09 08:24:17.080 W/audio_hw_generic( 1307): Hardware backing HAL too slow, could only write 0 of 661 frames
12-09 08:24:17.183 W/audio_hw_generic( 1307): Hardware backing HAL too slow, could only write 0 of 661 frames
12-09 08:24:17.208 W/audio_hw_generic( 1307): Hardware backing HAL too slow, could only write 0 of 661 frames
