--------- beginning of main
12-09 08:14:04.629 W/audio_hw_generic( 1306): Not supplying enough data to HAL, expected position 29435270 , only wrote 29434991
12-09 08:14:04.645 W/audio_hw_generic( 1306): Hardware backing HAL too slow, could only write 0 of 661 frames
12-09 08:14:04.666 W/audio_hw_generic( 1306): Hardware backing HAL too slow, could only write 0 of 661 frames
12-09 08:14:04.690 W/audio_hw_generic( 1306): Hardware backing HAL too slow, could only write 0 of 661 frames
12-09 08:14:04.713 W/audio_hw_generic( 1306): Hardware backing HAL too slow, could only write 0 of 661 frames
12-09 08:14:04.720 W/audio_hw_generic( 1306): Hardware backing HAL too slow, could only write 0 of 661 frames
12-09 08:14:04.820 I/art     ( 1592): Background partial concurrent mark sweep GC freed 11239(783KB) AllocSpace objects, 6(120KB) LOS objects, 29% free, 9MB/13MB, paused 1.649ms total 179.285ms
12-09 08:14:04.856 W/art     ( 1592): Long monitor contention event with owner method=void com.android.server.am.ActivityManagerService.activityPaused(android.os.IBinder) from ActivityManagerService.java:6439 waiters=0 for 129ms
--------- beginning of system
12-09 08:14:04.857 W/ActivityManager( 1592): Finishing task with all activities already finished
12-09 08:14:04.857 W/ActivityManager( 1592): Duplicate finish request for ActivityRecord{a03cf9a u0 com.evancharlton.mileage/.Mileage t423 f}
12-09 08:14:04.858 W/art     ( 1592): Long monitor contention event with owner method=void com.android.server.am.ActivityManagerService.activityPaused(android.os.IBinder) from ActivityManagerService.java:6439 waiters=2 for 106ms
12-09 08:14:04.858 W/ActivityManager( 1592): Finishing task with all activities already finished
12-09 08:14:04.858 W/ActivityManager( 1592): Duplicate finish request for ActivityRecord{a03cf9a u0 com.evancharlton.mileage/.Mileage t423 f}
12-09 08:14:04.858 W/ActivityManager( 1592): Finishing task with all activities already finished
12-09 08:14:04.858 W/ActivityManager( 1592): Duplicate finish request for ActivityRecord{a03cf9a u0 com.evancharlton.mileage/.Mileage t423 f}
12-09 08:14:04.997 W/audio_hw_generic( 1306): Not supplying enough data to HAL, expected position 29451220 , only wrote 29450855
12-09 08:14:04.998 W/audio_hw_generic( 1306): Not supplying enough data to HAL, expected position 29450862 , only wrote 29450855
12-09 08:14:05.017 W/audio_hw_generic( 1306): Not supplying enough data to HAL, expected position 29451707 , only wrote 29451516
12-09 08:14:05.170 D/EGL_emulation( 1949): eglMakeCurrent: 0x7f3f5c334dc0: ver 2 0 (tinfo 0x7f3f5c302d00)
12-09 08:14:05.347 W/audio_hw_generic( 1306): Not supplying enough data to HAL, expected position 29479873 , only wrote 29466058
12-09 08:14:05.464 D/AndroidRuntime(13462): >>>>>> START com.android.internal.os.RuntimeInit uid 0 <<<<<<
12-09 08:14:05.470 D/AndroidRuntime(13462): CheckJNI is ON
12-09 08:14:05.501 W/art     ( 1592): Long monitor contention event with owner method=void com.android.server.wm.WindowAnimator$1.doFrame(long) from WindowAnimator.java:121 waiters=0 for 138ms
12-09 08:14:05.513 D/ICU     (13462): No timezone override file found: /data/misc/zoneinfo/current/icu/icu_tzdata.dat
12-09 08:14:05.862 E/memtrack(13462): Couldn't load memtrack module (No such file or directory)
12-09 08:14:05.862 E/android.os.Debug(13462): failed to load memtrack module: -2
12-09 08:14:05.863 I/Radio-JNI(13462): register_android_hardware_Radio DONE
12-09 08:14:05.905 D/AndroidRuntime(13462): Calling main entry com.android.commands.am.Am
12-09 08:14:05.989 W/art     ( 1592): Long monitor contention event with owner method=void com.android.server.wm.WindowAnimator$1.doFrame(long) from WindowAnimator.java:121 waiters=1 for 184ms
12-09 08:14:06.078 W/art     ( 1592): Long monitor contention event with owner method=void com.android.server.wm.WindowAnimator$1.doFrame(long) from WindowAnimator.java:121 waiters=1 for 224ms
12-09 08:14:06.401 W/art     ( 1592): Long monitor contention event with owner method=void com.android.server.wm.WindowAnimator$1.doFrame(long) from WindowAnimator.java:121 waiters=2 for 412ms
12-09 08:14:06.403 W/art     ( 1592): Long monitor contention event with owner method=java.util.List com.android.server.am.ActivityManagerService.getAllStackInfos() from ActivityManagerService.java:8937 waiters=0 for 411ms
12-09 08:14:06.403 I/ActivityManager( 1592): Force stopping com.evancharlton.mileage appid=10131 user=0: start instr
12-09 08:14:06.403 I/ActivityManager( 1592): Killing 13392:com.evancharlton.mileage/u0a131 (adj 0): stop com.evancharlton.mileage
12-09 08:14:06.531 E/JavaBinder( 1592): !!! FAILED BINDER TRANSACTION !!!  (parcel size = 56)
12-09 08:14:06.531 W/WindowAnimator( 1592): Failed to dispatch window animation state change.
12-09 08:14:06.531 W/WindowAnimator( 1592): android.os.DeadObjectException: Transaction failed on small parcel; remote process probably died
12-09 08:14:06.531 W/WindowAnimator( 1592): 	at android.os.BinderProxy.transactNative(Native Method)
12-09 08:14:06.531 W/WindowAnimator( 1592): 	at android.os.BinderProxy.transact(Binder.java:503)
12-09 08:14:06.531 W/WindowAnimator( 1592): 	at android.view.IWindow$Stub$Proxy.onAnimationStarted(IWindow.java:520)
12-09 08:14:06.531 W/WindowAnimator( 1592): 	at com.android.server.wm.WindowAnimator.updateWindowsLocked(WindowAnimator.java:282)
12-09 08:14:06.531 W/WindowAnimator( 1592): 	at com.android.server.wm.WindowAnimator.animateLocked(WindowAnimator.java:678)
12-09 08:14:06.531 W/WindowAnimator( 1592): 	at com.android.server.wm.WindowAnimator.-wrap0(WindowAnimator.java)
12-09 08:14:06.531 W/WindowAnimator( 1592): 	at com.android.server.wm.WindowAnimator$1.doFrame(WindowAnimator.java:123)
12-09 08:14:06.531 W/WindowAnimator( 1592): 	at android.view.Choreographer$CallbackRecord.run(Choreographer.java:856)
12-09 08:14:06.531 W/WindowAnimator( 1592): 	at android.view.Choreographer.doCallbacks(Choreographer.java:670)
12-09 08:14:06.531 W/WindowAnimator( 1592): 	at android.view.Choreographer.doFrame(Choreographer.java:603)
12-09 08:14:06.531 W/WindowAnimator( 1592): 	at android.view.Choreographer$FrameDisplayEventReceiver.run(Choreographer.java:844)
12-09 08:14:06.531 W/WindowAnimator( 1592): 	at android.os.Handler.handleCallback(Handler.java:739)
12-09 08:14:06.531 W/WindowAnimator( 1592): 	at android.os.Handler.dispatchMessage(Handler.java:95)
12-09 08:14:06.531 W/WindowAnimator( 1592): 	at android.os.Looper.loop(Looper.java:148)
12-09 08:14:06.531 W/WindowAnimator( 1592): 	at android.os.HandlerThread.run(HandlerThread.java:61)
12-09 08:14:06.531 W/WindowAnimator( 1592): 	at com.android.server.ServiceThread.run(ServiceThread.java:46)
12-09 08:14:06.563 W/ActivityManager( 1592): Crash of app com.evancharlton.mileage running instrumentation ComponentInfo{com.evancharlton.mileage.test/sh.calaba.instrumentationbackend.CalabashInstrumentationTestRunner}
12-09 08:14:06.563 I/ActivityManager( 1592): Force stopping com.evancharlton.mileage appid=10131 user=0: finished inst
12-09 08:14:06.602 I/WindowState( 1592): WIN DEATH: Window{73f534a u0 com.evancharlton.mileage/com.evancharlton.mileage.Mileage EXITING}
12-09 08:14:06.603 I/WindowState( 1592): WIN DEATH: Window{24874c6 u0 Toast EXITING}
12-09 08:14:06.637 I/ActivityManager( 1592): Start proc 13471:com.evancharlton.mileage/u0a131 for added application com.evancharlton.mileage
12-09 08:14:06.638 D/AndroidRuntime(13462): Shutting down VM
12-09 08:14:06.645 W/art     ( 1592): Long monitor contention event with owner method=java.util.List com.android.server.am.ActivityManagerService.getAllStackInfos() from ActivityManagerService.java:8937 waiters=1 for 351ms
12-09 08:14:06.646 W/art     ( 1592): Long monitor contention event with owner method=boolean com.android.server.am.ActivityManagerService.startInstrumentation(android.content.ComponentName, java.lang.String, int, android.os.Bundle, android.app.IInstrumentationWatcher, android.app.IUiAutomationConnection, int, java.lang.String) from ActivityManagerService.java:17066 waiters=2 for 242ms
12-09 08:14:06.647 W/InputMethodManagerService( 1592): Got RemoteException sending setActive(false) notification to pid 13392 uid 10131
12-09 08:14:06.710 W/System  (13471): ClassLoader referenced unknown path: /data/app/com.evancharlton.mileage.test-1/lib/x86_64
12-09 08:14:06.711 W/System  (13471): ClassLoader referenced unknown path: /data/app/com.evancharlton.mileage-1/lib/x86_64
12-09 08:14:06.874 I/System.out(13471): Main activity name automatically set to: com.evancharlton.mileage.Mileage
12-09 08:14:06.877 I/System.out(13471): Calabash did not load Mono. This is only a problem if you are trying to test a Mono application
12-09 08:14:06.877 I/calabash(13471): Test server port: 7102
12-09 08:14:06.878 I/InstrumentationBackend(13471): Added:'GetPreferences', with key:'get_preferences'
12-09 08:14:07.035 I/InstrumentationBackend(13471): Added:'SetPreferences', with key:'set_preferences'
12-09 08:14:07.042 I/InstrumentationBackend(13471): Added:'ClearPreferences', with key:'clear_preferences'
12-09 08:14:07.042 I/InstrumentationBackend(13471): Added:'PressElement', with key:'press_l10n_element'
12-09 08:14:07.042 I/InstrumentationBackend(13471): Added:'WaitForElement', with key:'wait_for_l10n_element'
12-09 08:14:07.043 I/InstrumentationBackend(13471): Added:'NullAction', with key:'nullAction'
12-09 08:14:07.043 I/InstrumentationBackend(13471): Added:'PressKey', with key:'press_key'
12-09 08:14:07.043 I/InstrumentationBackend(13471): Added:'SetActivityOrientation', with key:'set_activity_orientation'
12-09 08:14:07.043 I/InstrumentationBackend(13471): Added:'GetActivityOrientation', with key:'get_activity_orientation'
12-09 08:14:07.043 I/InstrumentationBackend(13471): Added:'FakeGPSLocation', with key:'set_gps_coordinates'
12-09 08:14:07.044 I/InstrumentationBackend(13471): Added:'SetPropertyByCssSelector', with key:'set_property_by_css_selector'
12-09 08:14:07.044 I/InstrumentationBackend(13471): Added:'GetUrl', with key:'get_url'
12-09 08:14:07.050 I/InstrumentationBackend(13471): Added:'ScrollTo', with key:'scroll_to'
12-09 08:14:07.050 I/InstrumentationBackend(13471): Added:'GetLoadProgress', with key:'get_load_progress'
12-09 08:14:07.050 I/InstrumentationBackend(13471): Added:'DumpHtml', with key:'dump_html'
12-09 08:14:07.050 I/InstrumentationBackend(13471): Added:'DumpBodyHtml', with key:'dump_body_html'
12-09 08:14:07.051 I/InstrumentationBackend(13471): Added:'EnterTextByCssSelector', with key:'enter_text_by_selector'
12-09 08:14:07.052 I/InstrumentationBackend(13471): Added:'AndroidSDKVersion', with key:'android_sdk_version'
12-09 08:14:07.052 I/InstrumentationBackend(13471): Added:'Version', with key:'version'
12-09 08:14:07.052 I/InstrumentationBackend(13471): Added:'Drag', with key:'drag'
12-09 08:14:07.052 I/InstrumentationBackend(13471): Added:'TouchCoordinates', with key:'touch_coordinate'
12-09 08:14:07.057 I/InstrumentationBackend(13471): Added:'LongPressCoordinate', with key:'long_press_coordinate'
12-09 08:14:07.057 I/InstrumentationBackend(13471): Added:'DragCoordinates', with key:'drag_coordinates'
12-09 08:14:07.057 I/InstrumentationBackend(13471): Added:'ResumeApplication', with key:'resume_application'
12-09 08:14:07.057 I/InstrumentationBackend(13471): Added:'Swipe', with key:'swipe'
12-09 08:14:07.058 I/InstrumentationBackend(13471): Added:'DoubleTapCoordinate', with key:'double_tap_coordinate'
12-09 08:14:07.058 I/InstrumentationBackend(13471): Added:'ClickOnScreen', with key:'click_on_screen'
12-09 08:14:07.058 I/InstrumentationBackend(13471): Added:'GetActivityName', with key:'get_activity_name'
12-09 08:14:07.058 I/InstrumentationBackend(13471): Added:'ScrollToView', with key:'scroll_to_view'
12-09 08:14:07.059 I/InstrumentationBackend(13471): Added:'ViewConfiguration', with key:'view_configuration'
12-09 08:14:07.067 I/InstrumentationBackend(13471): Added:'IsCurrentActivityFocused', with key:'is_current_activity_focused'
12-09 08:14:07.067 I/InstrumentationBackend(13471): Added:'SendTcp', with key:'send_tcp'
12-09 08:14:07.068 I/InstrumentationBackend(13471): Added:'DpToDevicePixel', with key:'dp_to_device_pixel'
12-09 08:14:07.068 I/InstrumentationBackend(13471): Added:'KeyboardEnterText', with key:'keyboard_enter_text'
12-09 08:14:07.068 I/InstrumentationBackend(13471): Added:'DeleteSurroundingText', with key:'delete_surrounding_text'
12-09 08:14:07.068 I/InstrumentationBackend(13471): Added:'SetComposingRegion', with key:'set_composing_region'
12-09 08:14:07.069 I/InstrumentationBackend(13471): Added:'SetSelection', with key:'set_selection'
12-09 08:14:07.069 I/InstrumentationBackend(13471): Added:'KeyboardKeyEvent', with key:'keyboard_key_event'
12-09 08:14:07.069 I/InstrumentationBackend(13471): Added:'PressUserActionButton', with key:'press_user_action_button'
12-09 08:14:07.070 I/InstrumentationBackend(13471): Added:'HideSoftKeyboard', with key:'hide_soft_keyboard'
12-09 08:14:07.070 I/InstrumentationBackend(13471): Added:'ListActions', with key:'list_actions'
12-09 08:14:07.070 I/calabash(13471): Instantiating http server at 7102
12-09 08:14:07.071 I/System.out(13471): HTTP Daemon listening on: 7102
12-09 08:14:07.151 I/System.out(13471): URI: //ping
12-09 08:14:07.151 I/System.out(13471): params: {json={}
12-09 08:14:07.152 I/System.out(13471): }
12-09 08:14:07.154 W/WindowAnimator( 1592): Failed to dispatch window animation state change.
12-09 08:14:07.154 W/WindowAnimator( 1592): android.os.DeadObjectException
12-09 08:14:07.154 W/WindowAnimator( 1592): 	at android.os.BinderProxy.transactNative(Native Method)
12-09 08:14:07.154 W/WindowAnimator( 1592): 	at android.os.BinderProxy.transact(Binder.java:503)
12-09 08:14:07.154 W/WindowAnimator( 1592): 	at android.view.IWindow$Stub$Proxy.onAnimationStopped(IWindow.java:534)
12-09 08:14:07.154 W/WindowAnimator( 1592): 	at com.android.server.wm.WindowAnimator.updateWindowsLocked(WindowAnimator.java:286)
12-09 08:14:07.154 W/WindowAnimator( 1592): 	at com.android.server.wm.WindowAnimator.animateLocked(WindowAnimator.java:678)
12-09 08:14:07.154 W/WindowAnimator( 1592): 	at com.android.server.wm.WindowAnimator.-wrap0(WindowAnimator.java)
12-09 08:14:07.154 W/WindowAnimator( 1592): 	at com.android.server.wm.WindowAnimator$1.doFrame(WindowAnimator.java:123)
12-09 08:14:07.154 W/WindowAnimator( 1592): 	at android.view.Choreographer$CallbackRecord.run(Choreographer.java:856)
12-09 08:14:07.154 W/WindowAnimator( 1592): 	at android.view.Choreographer.doCallbacks(Choreographer.java:670)
12-09 08:14:07.154 W/WindowAnimator( 1592): 	at android.view.Choreographer.doFrame(Choreographer.java:603)
12-09 08:14:07.154 W/WindowAnimator( 1592): 	at android.view.Choreographer$FrameDisplayEventReceiver.run(Choreographer.java:844)
12-09 08:14:07.154 W/WindowAnimator( 1592): 	at android.os.Handler.handleCallback(Handler.java:739)
12-09 08:14:07.154 W/WindowAnimator( 1592): 	at android.os.Handler.dispatchMessage(Handler.java:95)
12-09 08:14:07.154 W/WindowAnimator( 1592): 	at android.os.Looper.loop(Looper.java:148)
12-09 08:14:07.154 W/WindowAnimator( 1592): 	at android.os.HandlerThread.run(HandlerThread.java:61)
12-09 08:14:07.154 W/WindowAnimator( 1592): 	at com.android.server.ServiceThread.run(ServiceThread.java:46)
12-09 08:14:07.228 I/System.out(13471): URI: //ping
12-09 08:14:07.229 I/System.out(13471): params: {json={}
12-09 08:14:07.250 I/System.out(13471): }
12-09 08:14:07.263 I/art     (13471): Background partial concurrent mark sweep GC freed 29726(1357KB) AllocSpace objects, 4(80KB) LOS objects, 47% free, 1109KB/2MB, paused 8.506ms total 95.997ms
12-09 08:14:07.345 I/System.out(13471): URI: //ready
12-09 08:14:07.345 I/System.out(13471): params: {json={}
12-09 08:14:07.346 I/System.out(13471): }
12-09 08:14:07.485 I/System.out(13471): URI: //
12-09 08:14:07.497 I/System.out(13471): params: {json={"command":"version","arguments":[]}
12-09 08:14:07.497 I/System.out(13471): }
12-09 08:14:07.497 I/System.out(13471): header: {date=Sun, 09 Dec 2018 08:14:07 GMT, accept=*/*, content-length=36, host=127.0.0.1:34777, user-agent=HTTPClient/1.0 (2.8.3, ruby 2.3.1 (2016-04-26)), content-type=application/json;charset=utf-8}
12-09 08:14:07.497 I/System.out(13471): params: {json={"command":"version","arguments":[]}
12-09 08:14:07.497 I/System.out(13471): }
12-09 08:14:07.497 I/System.out(13471): ProP json = {"command":"version","arguments":[]}
12-09 08:14:07.497 I/System.out(13471): files: {}
12-09 08:14:07.497 I/System.out(13471): command: {"command":"version","arguments":[]}
12-09 08:14:07.523 I/InstrumentationBackend(13471): Got command:'Command:'Line:null,version', arguments:'[]'
12-09 08:14:07.581 I/System.out(13471): result:{"bonusInformation":[],"message":"0.9.8","success":true}
12-09 08:14:07.638 I/System.out(13471): URI: //start-application
12-09 08:14:07.638 I/System.out(13471): params: {json={"intent":null}
12-09 08:14:07.638 I/System.out(13471): }
12-09 08:14:07.753 I/art     (13471): Background sticky concurrent mark sweep GC freed 14239(781KB) AllocSpace objects, 9(180KB) LOS objects, 0% free, 2MB/2MB, paused 1.119ms total 199.802ms
12-09 08:14:07.786 W/art     ( 1592): Long monitor contention event with owner method=void com.android.server.wm.WindowAnimator$1.doFrame(long) from WindowAnimator.java:121 waiters=0 for 152ms
12-09 08:14:08.050 W/art     ( 1592): Long monitor contention event with owner method=void com.android.server.wm.WindowAnimator$1.doFrame(long) from WindowAnimator.java:121 waiters=1 for 264ms
12-09 08:14:08.390 W/art     ( 1592): Long monitor contention event with owner method=void com.android.server.wm.WindowAnimator$1.doFrame(long) from WindowAnimator.java:121 waiters=1 for 253ms
12-09 08:14:08.515 W/art     ( 1592): Long monitor contention event with owner method=void com.android.server.wm.WindowAnimator$1.doFrame(long) from WindowAnimator.java:121 waiters=1 for 284ms
12-09 08:14:08.638 W/art     ( 1592): Long monitor contention event with owner method=void com.android.server.wm.WindowAnimator$1.doFrame(long) from WindowAnimator.java:121 waiters=1 for 248ms
12-09 08:14:08.719 W/art     ( 1592): Long monitor contention event with owner method=void com.android.server.wm.WindowAnimator$1.doFrame(long) from WindowAnimator.java:121 waiters=1 for 204ms
12-09 08:14:08.829 W/art     ( 1592): Long monitor contention event with owner method=void com.android.server.wm.WindowAnimator$1.doFrame(long) from WindowAnimator.java:121 waiters=1 for 110ms
12-09 08:14:08.837 W/art     ( 1592): Long monitor contention event with owner method=com.android.internal.view.InputBindResult com.android.server.InputMethodManagerService.windowGainedFocus(com.android.internal.view.IInputMethodClient, android.os.IBinder, int, int, int, android.view.inputmethod.EditorInfo, com.android.internal.view.IInputContext) from InputMethodManagerService.java:2177 waiters=0 for 2.432s
12-09 08:14:08.837 I/Choreographer( 1949): Skipped 217 frames!  The application may be doing too much work on its main thread.
12-09 08:14:08.841 W/art     ( 1592): Long monitor contention event with owner method=com.android.internal.view.InputBindResult com.android.server.InputMethodManagerService.windowGainedFocus(com.android.internal.view.IInputMethodClient, android.os.IBinder, int, int, int, android.view.inputmethod.EditorInfo, com.android.internal.view.IInputContext) from InputMethodManagerService.java:2177 waiters=1 for 2.260s
12-09 08:14:08.851 I/ActivityManager( 1592): START u0 {act=android.intent.action.MAIN cat=[android.intent.category.LAUNCHER] flg=0x10200000 cmp=com.evancharlton.mileage/.Mileage} from uid 10131 on display 0
12-09 08:14:08.901 D/EGL_emulation( 1878): eglMakeCurrent: 0x7f3f5064c0a0: ver 2 0 (tinfo 0x7f3f5822b8e0)
12-09 08:14:08.953 E/Surface ( 1878): getSlotFromBufferLocked: unknown buffer: 0x7f3f588d5160
12-09 08:14:09.100 W/WindowState( 1592): Failed to report 'resized' to the client of Window{73f534a u0 com.evancharlton.mileage/com.evancharlton.mileage.Mileage EXITING}, removing this window.
12-09 08:14:09.134 W/art     ( 1592): Long monitor contention event with owner method=void com.android.server.wm.WindowManagerService.attachStack(int, int) from WindowManagerService.java:5157 waiters=1 for 143ms
12-09 08:14:09.639 W/art     ( 1592): Long monitor contention event with owner method=int com.android.server.wm.WindowManagerService.relayoutWindow(com.android.server.wm.Session, android.view.IWindow, int, android.view.WindowManager$LayoutParams, int, int, int, int, android.graphics.Rect, android.graphics.Rect, android.graphics.Rect, android.graphics.Rect, android.graphics.Rect, android.graphics.Rect, android.content.res.Configuration, android.view.Surface) from WindowManagerService.java:3103 waiters=1 for 358ms
12-09 08:14:09.697 W/art     ( 1592): Long monitor contention event with owner method=int com.android.server.wm.WindowManagerService.relayoutWindow(com.android.server.wm.Session, android.view.IWindow, int, android.view.WindowManager$LayoutParams, int, int, int, int, android.graphics.Rect, android.graphics.Rect, android.graphics.Rect, android.graphics.Rect, android.graphics.Rect, android.graphics.Rect, android.content.res.Configuration, android.view.Surface) from WindowManagerService.java:3103 waiters=2 for 349ms
12-09 08:14:09.707 I/calabash(13471): newActivity1
12-09 08:14:09.747 D/gralloc_ranchu( 1218): gralloc_alloc: Creating ashmem region of size 3686400
12-09 08:14:09.761 I/calabash(13471): newActivity1
12-09 08:14:09.763 W/ActivityManager( 1592): Bad activity token: android.os.BinderProxy@61d5577
12-09 08:14:09.763 W/ActivityManager( 1592): java.lang.ClassCastException: android.os.BinderProxy cannot be cast to com.android.server.am.ActivityRecord$Token
12-09 08:14:09.763 W/ActivityManager( 1592): 	at com.android.server.am.ActivityRecord.forTokenLocked(ActivityRecord.java:424)
12-09 08:14:09.763 W/ActivityManager( 1592): 	at com.android.server.am.ActivityRecord.isInStackLocked(ActivityRecord.java:1121)
12-09 08:14:09.763 W/ActivityManager( 1592): 	at com.android.server.am.ActivityRecord.getStackLocked(ActivityRecord.java:1126)
12-09 08:14:09.763 W/ActivityManager( 1592): 	at com.android.server.am.ActivityManagerService.getActivityDisplayId(ActivityManagerService.java:8889)
12-09 08:14:09.763 W/ActivityManager( 1592): 	at android.app.ActivityManagerNative.onTransact(ActivityManagerNative.java:2338)
12-09 08:14:09.763 W/ActivityManager( 1592): 	at com.android.server.am.ActivityManagerService.onTransact(ActivityManagerService.java:2443)
12-09 08:14:09.763 W/ActivityManager( 1592): 	at android.os.Binder.execTransact(Binder.java:453)
12-09 08:14:09.764 W/ActivityManager( 1592): Bad activity token: android.os.BinderProxy@61d5577
12-09 08:14:09.764 W/ActivityManager( 1592): java.lang.ClassCastException: android.os.BinderProxy cannot be cast to com.android.server.am.ActivityRecord$Token
12-09 08:14:09.764 W/ActivityManager( 1592): 	at com.android.server.am.ActivityRecord.forTokenLocked(ActivityRecord.java:424)
12-09 08:14:09.764 W/ActivityManager( 1592): 	at com.android.server.am.ActivityRecord.isInStackLocked(ActivityRecord.java:1121)
12-09 08:14:09.764 W/ActivityManager( 1592): 	at com.android.server.am.ActivityManagerService.setTaskDescription(ActivityManagerService.java:8547)
12-09 08:14:09.764 W/ActivityManager( 1592): 	at android.app.ActivityManagerNative.onTransact(ActivityManagerNative.java:2410)
12-09 08:14:09.764 W/ActivityManager( 1592): 	at com.android.server.am.ActivityManagerService.onTransact(ActivityManagerService.java:2443)
12-09 08:14:09.764 W/ActivityManager( 1592): 	at android.os.Binder.execTransact(Binder.java:453)
12-09 08:14:09.876 W/ActivityManager( 1592): Bad activity token: android.os.BinderProxy@61d5577
12-09 08:14:09.876 W/ActivityManager( 1592): java.lang.ClassCastException: android.os.BinderProxy cannot be cast to com.android.server.am.ActivityRecord$Token
12-09 08:14:09.876 W/ActivityManager( 1592): 	at com.android.server.am.ActivityRecord.forTokenLocked(ActivityRecord.java:424)
12-09 08:14:09.876 W/ActivityManager( 1592): 	at com.android.server.am.ActivityRecord.isInStackLocked(ActivityRecord.java:1121)
12-09 08:14:09.876 W/ActivityManager( 1592): 	at com.android.server.am.ActivityManagerService.getActivityOptions(ActivityManagerService.java:11038)
12-09 08:14:09.876 W/ActivityManager( 1592): 	at android.app.ActivityManagerNative.onTransact(ActivityManagerNative.java:1734)
12-09 08:14:09.876 W/ActivityManager( 1592): 	at com.android.server.am.ActivityManagerService.onTransact(ActivityManagerService.java:2443)
12-09 08:14:09.876 W/ActivityManager( 1592): 	at android.os.Binder.execTransact(Binder.java:453)
12-09 08:14:09.893 W/ActivityManager( 1592): Bad activity token: android.os.BinderProxy@61d5577
12-09 08:14:09.893 W/ActivityManager( 1592): java.lang.ClassCastException: android.os.BinderProxy cannot be cast to com.android.server.am.ActivityRecord$Token
12-09 08:14:09.893 W/ActivityManager( 1592): 	at com.android.server.am.ActivityRecord.forTokenLocked(ActivityRecord.java:424)
12-09 08:14:09.893 W/ActivityManager( 1592): 	at com.android.server.am.ActivityRecord.isInStackLocked(ActivityRecord.java:1121)
12-09 08:14:09.893 W/ActivityManager( 1592): 	at com.android.server.am.ActivityManagerService.getActivityOptions(ActivityManagerService.java:11038)
12-09 08:14:09.893 W/ActivityManager( 1592): 	at android.app.ActivityManagerNative.onTransact(ActivityManagerNative.java:1734)
12-09 08:14:09.893 W/ActivityManager( 1592): 	at com.android.server.am.ActivityManagerService.onTransact(ActivityManagerService.java:2443)
12-09 08:14:09.893 W/ActivityManager( 1592): 	at android.os.Binder.execTransact(Binder.java:453)
12-09 08:14:10.770 W/OpenGLRenderer( 1949): Incorrectly called buildLayer on View: ShortcutAndWidgetContainer, destroying layer...
12-09 08:14:10.771 D/EGL_emulation( 1949): eglMakeCurrent: 0x7f3f5c334dc0: ver 2 0 (tinfo 0x7f3f5c302d00)
12-09 08:14:10.772 E/Surface ( 1949): getSlotFromBufferLocked: unknown buffer: 0x7f3f588d4bc0
12-09 08:14:10.792 V/PhoneStatusBar( 1704): setLightsOn(true)
12-09 08:14:11.012 D/gralloc_ranchu( 1218): gralloc_alloc: Creating ashmem region of size 3686400
12-09 08:14:11.095 D/        (13471): HostConnection::get() New Host Connection established 0x7f3f5893cc20, tid 13471
12-09 08:14:11.740 D/gralloc_ranchu( 1218): gralloc_alloc: Creating ashmem region of size 3686400
12-09 08:14:11.870 I/ActivityManager( 1592): Displayed com.evancharlton.mileage/.Mileage: +2s169ms
12-09 08:14:11.978 I/art     (13471): Background partial concurrent mark sweep GC freed 6337(302KB) AllocSpace objects, 0(0B) LOS objects, 39% free, 1922KB/3MB, paused 6.421ms total 41.290ms
12-09 08:14:11.990 D/gralloc_ranchu( 1218): gralloc_alloc: Creating ashmem region of size 3686400
12-09 08:14:13.041 I/System.out(13471): URI: //map
12-09 08:14:13.042 I/System.out(13471): params: {json={"query":"android.widget.EditText id:'price'","operation":{"method_name":"query","arguments":[]}}
12-09 08:14:13.042 I/System.out(13471): }
12-09 08:14:13.111 W/ResourceType(13471): No package identifier when getting name for resource number 0x00000001
12-09 08:14:13.253 I/art     (13471): Background sticky concurrent mark sweep GC freed 52274(2MB) AllocSpace objects, 3(60KB) LOS objects, 30% free, 2MB/3MB, paused 1.148ms total 133.884ms
12-09 08:14:13.285 I/System.out(13471): URI: //gesture
12-09 08:14:13.289 I/System.out(13471): params: {json={"query_timeout":5.0,"gestures":[{"query_string":"android.widget.EditText id:'price'","touches":[{"x":50,"y":50,"offset_x":0,"offset_y":0,"wait":0.0,"time":0.2,"release":true,"query_string":null}]}]}
12-09 08:14:13.289 I/System.out(13471): }
12-09 08:14:13.330 W/ResourceType(13471): No package identifier when getting name for resource number 0x00000001
12-09 08:14:13.805 I/LatinIME( 1878): Starting input. Cursor position = 0,0
12-09 08:14:13.909 W/art     (13471): Suspending all threads took: 41.320ms
12-09 08:14:13.945 I/art     (13471): Background sticky concurrent mark sweep GC freed 29629(1411KB) AllocSpace objects, 0(0B) LOS objects, 24% free, 2MB/3MB, paused 50.644ms total 128.649ms
12-09 08:14:14.071 D/EGL_emulation( 1878): eglMakeCurrent: 0x7f3f5064c0a0: ver 2 0 (tinfo 0x7f3f5822b8e0)
12-09 08:14:14.373 I/System.out(13471): URI: //
12-09 08:14:14.373 I/System.out(13471): params: {json={"command":"set_selection","arguments":[-1,-1]}
12-09 08:14:14.373 I/System.out(13471): }
12-09 08:14:14.373 I/System.out(13471): header: {date=Sun, 09 Dec 2018 08:14:14 GMT, accept=*/*, content-length=47, host=127.0.0.1:34777, user-agent=HTTPClient/1.0 (2.8.3, ruby 2.3.1 (2016-04-26)), content-type=application/json;charset=utf-8}
12-09 08:14:14.373 I/System.out(13471): params: {json={"command":"set_selection","arguments":[-1,-1]}
12-09 08:14:14.373 I/System.out(13471): }
12-09 08:14:14.373 I/System.out(13471): ProP json = {"command":"set_selection","arguments":[-1,-1]}
12-09 08:14:14.373 I/System.out(13471): files: {}
12-09 08:14:14.374 I/System.out(13471): command: {"command":"set_selection","arguments":[-1,-1]}
12-09 08:14:14.375 I/InstrumentationBackend(13471): Got command:'Command:'Line:null,set_selection', arguments:'[-1, -1]'
12-09 08:14:14.410 I/System.out(13471): result:{"bonusInformation":[],"message":"","success":true}
12-09 08:14:14.531 I/art     (13471): Background partial concurrent mark sweep GC freed 15319(852KB) AllocSpace objects, 6(120KB) LOS objects, 39% free, 2MB/3MB, paused 1.137ms total 123.453ms
12-09 08:14:14.675 I/System.out(13471): URI: //
12-09 08:14:14.675 I/System.out(13471): params: {json={"command":"keyboard_enter_text","arguments":["23"]}
12-09 08:14:14.675 I/System.out(13471): }
12-09 08:14:14.675 I/System.out(13471): header: {date=Sun, 09 Dec 2018 08:14:14 GMT, accept=*/*, content-length=52, host=127.0.0.1:34777, user-agent=HTTPClient/1.0 (2.8.3, ruby 2.3.1 (2016-04-26)), content-type=application/json;charset=utf-8}
12-09 08:14:14.675 I/System.out(13471): params: {json={"command":"keyboard_enter_text","arguments":["23"]}
12-09 08:14:14.675 I/System.out(13471): }
12-09 08:14:14.676 I/System.out(13471): ProP json = {"command":"keyboard_enter_text","arguments":["23"]}
12-09 08:14:14.676 I/System.out(13471): files: {}
12-09 08:14:14.676 I/System.out(13471): command: {"command":"keyboard_enter_text","arguments":["23"]}
12-09 08:14:14.677 I/InstrumentationBackend(13471): Got command:'Command:'Line:null,keyboard_enter_text', arguments:'[23]'
12-09 08:14:14.678 E/SpannableStringBuilder(13471): SPAN_EXCLUSIVE_EXCLUSIVE spans cannot have a zero length
12-09 08:14:14.678 E/SpannableStringBuilder(13471): SPAN_EXCLUSIVE_EXCLUSIVE spans cannot have a zero length
12-09 08:14:14.815 E/SpannableStringBuilder(13471): SPAN_EXCLUSIVE_EXCLUSIVE spans cannot have a zero length
12-09 08:14:14.815 E/SpannableStringBuilder(13471): SPAN_EXCLUSIVE_EXCLUSIVE spans cannot have a zero length
12-09 08:14:14.830 I/System.out(13471): result:{"bonusInformation":[],"message":"","success":true}
12-09 08:14:15.492 E/SurfaceFlinger( 1218): ro.sf.lcd_density must be defined as a build property
12-09 08:14:15.493 D/gralloc_ranchu( 1218): gralloc_alloc: Creating ashmem region of size 3686400
12-09 08:14:15.646 D/        (13502): HostConnection::get() New Host Connection established 0x7f163db52480, tid 13502
12-09 08:14:15.677 E/EGL_emulation( 1218): tid 1218: eglCreateSyncKHR(1881): error 0x3004 (EGL_BAD_ATTRIBUTE)
12-09 08:14:16.768 I/System.out(13471): URI: //map
12-09 08:14:16.768 I/System.out(13471): params: {json={"query":"android.widget.EditText id:'volume'","operation":{"method_name":"query","arguments":[]}}
12-09 08:14:16.768 I/System.out(13471): }
12-09 08:14:16.843 W/ResourceType(13471): No package identifier when getting name for resource number 0x00000001
12-09 08:14:16.971 I/art     (13471): Background sticky concurrent mark sweep GC freed 57295(2MB) AllocSpace objects, 5(100KB) LOS objects, 35% free, 2MB/3MB, paused 1.776ms total 127.288ms
12-09 08:14:16.983 I/System.out(13471): URI: //gesture
12-09 08:14:16.983 I/System.out(13471): params: {json={"query_timeout":5.0,"gestures":[{"query_string":"android.widget.EditText id:'volume'","touches":[{"x":50,"y":50,"offset_x":0,"offset_y":0,"wait":0.0,"time":0.2,"release":true,"query_string":null}]}]}
12-09 08:14:16.983 I/System.out(13471): }
12-09 08:14:17.026 W/ResourceType(13471): No package identifier when getting name for resource number 0x00000001
12-09 08:14:17.394 I/LatinIME( 1878): Starting input. Cursor position = 0,0
12-09 08:14:17.576 I/art     (13471): Background sticky concurrent mark sweep GC freed 24732(1071KB) AllocSpace objects, 2(40KB) LOS objects, 7% free, 3MB/3MB, paused 21.666ms total 93.491ms
12-09 08:14:17.866 I/Choreographer( 1878): Skipped 32 frames!  The application may be doing too much work on its main thread.
12-09 08:14:18.229 I/System.out(13471): URI: //
12-09 08:14:18.229 I/System.out(13471): params: {json={"command":"set_selection","arguments":[-1,-1]}
12-09 08:14:18.229 I/System.out(13471): }
12-09 08:14:18.229 I/System.out(13471): header: {date=Sun, 09 Dec 2018 08:14:18 GMT, accept=*/*, content-length=47, host=127.0.0.1:34777, user-agent=HTTPClient/1.0 (2.8.3, ruby 2.3.1 (2016-04-26)), content-type=application/json;charset=utf-8}
12-09 08:14:18.229 I/System.out(13471): params: {json={"command":"set_selection","arguments":[-1,-1]}
12-09 08:14:18.229 I/System.out(13471): }
12-09 08:14:18.229 I/System.out(13471): ProP json = {"command":"set_selection","arguments":[-1,-1]}
12-09 08:14:18.229 I/System.out(13471): files: {}
12-09 08:14:18.229 I/System.out(13471): command: {"command":"set_selection","arguments":[-1,-1]}
12-09 08:14:18.231 I/InstrumentationBackend(13471): Got command:'Command:'Line:null,set_selection', arguments:'[-1, -1]'
12-09 08:14:18.254 I/System.out(13471): result:{"bonusInformation":[],"message":"","success":true}
12-09 08:14:18.355 I/System.out(13471): URI: //
12-09 08:14:18.355 I/System.out(13471): params: {json={"command":"keyboard_enter_text","arguments":["49"]}
12-09 08:14:18.355 I/System.out(13471): }
12-09 08:14:18.355 I/System.out(13471): header: {date=Sun, 09 Dec 2018 08:14:18 GMT, accept=*/*, content-length=52, host=127.0.0.1:34777, user-agent=HTTPClient/1.0 (2.8.3, ruby 2.3.1 (2016-04-26)), content-type=application/json;charset=utf-8}
12-09 08:14:18.355 I/System.out(13471): params: {json={"command":"keyboard_enter_text","arguments":["49"]}
12-09 08:14:18.355 I/System.out(13471): }
12-09 08:14:18.355 I/System.out(13471): ProP json = {"command":"keyboard_enter_text","arguments":["49"]}
12-09 08:14:18.355 I/System.out(13471): files: {}
12-09 08:14:18.355 I/System.out(13471): command: {"command":"keyboard_enter_text","arguments":["49"]}
12-09 08:14:18.356 I/InstrumentationBackend(13471): Got command:'Command:'Line:null,keyboard_enter_text', arguments:'[49]'
12-09 08:14:18.505 E/SpannableStringBuilder(13471): SPAN_EXCLUSIVE_EXCLUSIVE spans cannot have a zero length
12-09 08:14:18.505 E/SpannableStringBuilder(13471): SPAN_EXCLUSIVE_EXCLUSIVE spans cannot have a zero length
12-09 08:14:18.575 E/SpannableStringBuilder(13471): SPAN_EXCLUSIVE_EXCLUSIVE spans cannot have a zero length
12-09 08:14:18.575 E/SpannableStringBuilder(13471): SPAN_EXCLUSIVE_EXCLUSIVE spans cannot have a zero length
12-09 08:14:18.591 I/System.out(13471): result:{"bonusInformation":[],"message":"","success":true}
12-09 08:14:19.245 E/SurfaceFlinger( 1218): ro.sf.lcd_density must be defined as a build property
12-09 08:14:19.261 D/gralloc_ranchu( 1218): gralloc_alloc: Creating ashmem region of size 3686400
12-09 08:14:19.297 D/        (13513): HostConnection::get() New Host Connection established 0x7f5156652480, tid 13513
12-09 08:14:19.318 E/EGL_emulation( 1218): tid 1218: eglCreateSyncKHR(1881): error 0x3004 (EGL_BAD_ATTRIBUTE)
12-09 08:14:20.177 I/System.out(13471): URI: //map
12-09 08:14:20.177 I/System.out(13471): params: {json={"query":"android.widget.EditText id:'odometer'","operation":{"method_name":"query","arguments":[]}}
12-09 08:14:20.177 I/System.out(13471): }
12-09 08:14:20.226 W/ResourceType(13471): No package identifier when getting name for resource number 0x00000001
12-09 08:14:20.378 I/art     (13471): Background sticky concurrent mark sweep GC freed 41943(1842KB) AllocSpace objects, 4(80KB) LOS objects, 13% free, 3MB/3MB, paused 1.345ms total 156.372ms
12-09 08:14:20.378 I/System.out(13471): URI: //gesture
12-09 08:14:20.378 I/System.out(13471): params: {json={"query_timeout":5.0,"gestures":[{"query_string":"android.widget.EditText id:'odometer'","touches":[{"x":50,"y":50,"offset_x":0,"offset_y":0,"wait":0.0,"time":0.2,"release":true,"query_string":null}]}]}
12-09 08:14:20.378 I/System.out(13471): }
12-09 08:14:20.406 W/ResourceType(13471): No package identifier when getting name for resource number 0x00000001
12-09 08:14:21.034 I/LatinIME( 1878): Starting input. Cursor position = 0,0
12-09 08:14:21.617 I/System.out(13471): URI: //
12-09 08:14:21.618 I/System.out(13471): params: {json={"command":"set_selection","arguments":[-1,-1]}
12-09 08:14:21.618 I/System.out(13471): }
12-09 08:14:21.618 I/System.out(13471): header: {date=Sun, 09 Dec 2018 08:14:21 GMT, accept=*/*, content-length=47, host=127.0.0.1:34777, user-agent=HTTPClient/1.0 (2.8.3, ruby 2.3.1 (2016-04-26)), content-type=application/json;charset=utf-8}
12-09 08:14:21.618 I/System.out(13471): params: {json={"command":"set_selection","arguments":[-1,-1]}
12-09 08:14:21.618 I/System.out(13471): }
12-09 08:14:21.618 I/System.out(13471): ProP json = {"command":"set_selection","arguments":[-1,-1]}
12-09 08:14:21.618 I/System.out(13471): files: {}
12-09 08:14:21.618 I/System.out(13471): command: {"command":"set_selection","arguments":[-1,-1]}
12-09 08:14:21.619 I/InstrumentationBackend(13471): Got command:'Command:'Line:null,set_selection', arguments:'[-1, -1]'
12-09 08:14:21.641 I/System.out(13471): result:{"bonusInformation":[],"message":"","success":true}
12-09 08:14:21.755 I/System.out(13471): URI: //
12-09 08:14:21.755 I/System.out(13471): params: {json={"command":"keyboard_enter_text","arguments":["12"]}
12-09 08:14:21.755 I/System.out(13471): }
12-09 08:14:21.755 I/System.out(13471): header: {date=Sun, 09 Dec 2018 08:14:21 GMT, accept=*/*, content-length=52, host=127.0.0.1:34777, user-agent=HTTPClient/1.0 (2.8.3, ruby 2.3.1 (2016-04-26)), content-type=application/json;charset=utf-8}
12-09 08:14:21.755 I/System.out(13471): params: {json={"command":"keyboard_enter_text","arguments":["12"]}
12-09 08:14:21.755 I/System.out(13471): }
12-09 08:14:21.755 I/System.out(13471): ProP json = {"command":"keyboard_enter_text","arguments":["12"]}
12-09 08:14:21.755 I/System.out(13471): files: {}
12-09 08:14:21.755 I/System.out(13471): command: {"command":"keyboard_enter_text","arguments":["12"]}
12-09 08:14:21.756 I/InstrumentationBackend(13471): Got command:'Command:'Line:null,keyboard_enter_text', arguments:'[12]'
12-09 08:14:21.761 E/SpannableStringBuilder(13471): SPAN_EXCLUSIVE_EXCLUSIVE spans cannot have a zero length
12-09 08:14:21.761 E/SpannableStringBuilder(13471): SPAN_EXCLUSIVE_EXCLUSIVE spans cannot have a zero length
12-09 08:14:21.763 E/SpannableStringBuilder(13471): SPAN_EXCLUSIVE_EXCLUSIVE spans cannot have a zero length
12-09 08:14:21.764 E/SpannableStringBuilder(13471): SPAN_EXCLUSIVE_EXCLUSIVE spans cannot have a zero length
12-09 08:14:21.778 I/System.out(13471): result:{"bonusInformation":[],"message":"","success":true}
12-09 08:14:21.978 I/art     (13471): Background partial concurrent mark sweep GC freed 27534(1313KB) AllocSpace objects, 6(120KB) LOS objects, 40% free, 2MB/3MB, paused 21.217ms total 195.276ms
12-09 08:14:22.213 E/SurfaceFlinger( 1218): ro.sf.lcd_density must be defined as a build property
12-09 08:14:22.260 D/gralloc_ranchu( 1218): gralloc_alloc: Creating ashmem region of size 3686400
12-09 08:14:22.330 D/        (13523): HostConnection::get() New Host Connection established 0x7f5432052480, tid 13523
12-09 08:14:22.402 E/EGL_emulation( 1218): tid 1218: eglCreateSyncKHR(1881): error 0x3004 (EGL_BAD_ATTRIBUTE)
12-09 08:14:24.629 I/System.out(13471): URI: //map
12-09 08:14:24.633 I/System.out(13471): params: {json={"query":"android.widget.Button index:2","operation":{"method_name":"query","arguments":[]}}
12-09 08:14:24.633 I/System.out(13471): }
12-09 08:14:24.785 I/System.out(13471): URI: //gesture
12-09 08:14:24.785 I/System.out(13471): params: {json={"query_timeout":5.0,"gestures":[{"query_string":"android.widget.Button index:2","touches":[{"x":50,"y":50,"offset_x":0,"offset_y":0,"wait":0.0,"time":0.2,"release":true,"query_string":null}]}]}
12-09 08:14:24.785 I/System.out(13471): }
12-09 08:14:25.269 W/audio_hw_generic( 1306): Hardware backing HAL too slow, could only write 0 of 661 frames
12-09 08:14:25.287 I/art     (13471): Background sticky concurrent mark sweep GC freed 47861(2MB) AllocSpace objects, 1(20KB) LOS objects, 28% free, 2MB/3MB, paused 1.281ms total 105.450ms
12-09 08:14:25.349 W/audio_hw_generic( 1306): Hardware backing HAL too slow, could only write 0 of 661 frames
12-09 08:14:25.365 W/audio_hw_generic( 1306): Hardware backing HAL too slow, could only write 0 of 661 frames
12-09 08:14:25.375 I/calabash(13471): newActivity1
12-09 08:14:25.376 W/ActivityManager( 1592): Bad activity token: android.os.BinderProxy@b4abbb9
12-09 08:14:25.376 W/ActivityManager( 1592): java.lang.ClassCastException: android.os.BinderProxy cannot be cast to com.android.server.am.ActivityRecord$Token
12-09 08:14:25.376 W/ActivityManager( 1592): 	at com.android.server.am.ActivityRecord.forTokenLocked(ActivityRecord.java:424)
12-09 08:14:25.376 W/ActivityManager( 1592): 	at com.android.server.am.ActivityRecord.isInStackLocked(ActivityRecord.java:1121)
12-09 08:14:25.376 W/ActivityManager( 1592): 	at com.android.server.am.ActivityRecord.getStackLocked(ActivityRecord.java:1126)
12-09 08:14:25.376 W/ActivityManager( 1592): 	at com.android.server.am.ActivityManagerService.getActivityDisplayId(ActivityManagerService.java:8889)
12-09 08:14:25.376 W/ActivityManager( 1592): 	at android.app.ActivityManagerNative.onTransact(ActivityManagerNative.java:2338)
12-09 08:14:25.376 W/ActivityManager( 1592): 	at com.android.server.am.ActivityManagerService.onTransact(ActivityManagerService.java:2443)
12-09 08:14:25.376 W/ActivityManager( 1592): 	at android.os.Binder.execTransact(Binder.java:453)
12-09 08:14:25.377 W/audio_hw_generic( 1306): Hardware backing HAL too slow, could only write 0 of 661 frames
12-09 08:14:25.383 W/ActivityManager( 1592): Bad activity token: android.os.BinderProxy@b4abbb9
12-09 08:14:25.383 W/ActivityManager( 1592): java.lang.ClassCastException: android.os.BinderProxy cannot be cast to com.android.server.am.ActivityRecord$Token
12-09 08:14:25.383 W/ActivityManager( 1592): 	at com.android.server.am.ActivityRecord.forTokenLocked(ActivityRecord.java:424)
12-09 08:14:25.383 W/ActivityManager( 1592): 	at com.android.server.am.ActivityRecord.isInStackLocked(ActivityRecord.java:1121)
12-09 08:14:25.383 W/ActivityManager( 1592): 	at com.android.server.am.ActivityManagerService.setTaskDescription(ActivityManagerService.java:8547)
12-09 08:14:25.383 W/ActivityManager( 1592): 	at android.app.ActivityManagerNative.onTransact(ActivityManagerNative.java:2410)
12-09 08:14:25.383 W/ActivityManager( 1592): 	at com.android.server.am.ActivityManagerService.onTransact(ActivityManagerService.java:2443)
12-09 08:14:25.383 W/ActivityManager( 1592): 	at android.os.Binder.execTransact(Binder.java:453)
12-09 08:14:25.483 W/ActivityManager( 1592): Bad activity token: android.os.BinderProxy@b4abbb9
12-09 08:14:25.483 W/ActivityManager( 1592): java.lang.ClassCastException: android.os.BinderProxy cannot be cast to com.android.server.am.ActivityRecord$Token
12-09 08:14:25.483 W/ActivityManager( 1592): 	at com.android.server.am.ActivityRecord.forTokenLocked(ActivityRecord.java:424)
12-09 08:14:25.483 W/ActivityManager( 1592): 	at com.android.server.am.ActivityRecord.isInStackLocked(ActivityRecord.java:1121)
12-09 08:14:25.483 W/ActivityManager( 1592): 	at com.android.server.am.ActivityManagerService.getActivityOptions(ActivityManagerService.java:11038)
12-09 08:14:25.483 W/ActivityManager( 1592): 	at android.app.ActivityManagerNative.onTransact(ActivityManagerNative.java:1734)
12-09 08:14:25.483 W/ActivityManager( 1592): 	at com.android.server.am.ActivityManagerService.onTransact(ActivityManagerService.java:2443)
12-09 08:14:25.483 W/ActivityManager( 1592): 	at android.os.Binder.execTransact(Binder.java:453)
12-09 08:14:25.484 W/ActivityManager( 1592): Bad activity token: android.os.BinderProxy@b4abbb9
12-09 08:14:25.484 W/ActivityManager( 1592): java.lang.ClassCastException: android.os.BinderProxy cannot be cast to com.android.server.am.ActivityRecord$Token
12-09 08:14:25.484 W/ActivityManager( 1592): 	at com.android.server.am.ActivityRecord.forTokenLocked(ActivityRecord.java:424)
12-09 08:14:25.484 W/ActivityManager( 1592): 	at com.android.server.am.ActivityRecord.isInStackLocked(ActivityRecord.java:1121)
12-09 08:14:25.484 W/ActivityManager( 1592): 	at com.android.server.am.ActivityManagerService.getActivityOptions(ActivityManagerService.java:11038)
12-09 08:14:25.484 W/ActivityManager( 1592): 	at android.app.ActivityManagerNative.onTransact(ActivityManagerNative.java:1734)
12-09 08:14:25.484 W/ActivityManager( 1592): 	at com.android.server.am.ActivityManagerService.onTransact(ActivityManagerService.java:2443)
12-09 08:14:25.484 W/ActivityManager( 1592): 	at android.os.Binder.execTransact(Binder.java:453)
12-09 08:14:25.521 I/LatinIME( 1878): Starting input. Cursor position = -1,-1
12-09 08:14:25.758 E/SurfaceFlinger( 1218): ro.sf.lcd_density must be defined as a build property
12-09 08:14:25.772 D/Mileage (13471): Not enough fillups to calculate economy
12-09 08:14:25.801 D/Mileage.ABS(13471): Finished backup
12-09 08:14:25.802 D/Mileage.ABS(13471): Not backing up; 49
12-09 08:14:25.803 D/Mileage.ABS(13471): Not backing up; 50
12-09 08:14:25.902 D/gralloc_ranchu( 1218): gralloc_alloc: Creating ashmem region of size 3686400
12-09 08:14:25.986 D/        (13530): HostConnection::get() New Host Connection established 0x7feb720d2480, tid 13530
12-09 08:14:26.010 E/EGL_emulation( 1218): tid 1218: eglCreateSyncKHR(1881): error 0x3004 (EGL_BAD_ATTRIBUTE)
12-09 08:14:26.357 W/audio_hw_generic( 1306): Not supplying enough data to HAL, expected position 29516142 , only wrote 29515633
12-09 08:14:26.373 W/audio_hw_generic( 1306): Not supplying enough data to HAL, expected position 29516342 , only wrote 29516294
12-09 08:14:26.373 W/audio_hw_generic( 1306): Not supplying enough data to HAL, expected position 29516302 , only wrote 29516294
12-09 08:14:26.396 W/audio_hw_generic( 1306): Not supplying enough data to HAL, expected position 29517314 , only wrote 29516955
12-09 08:14:26.397 W/audio_hw_generic( 1306): Hardware backing HAL too slow, could only write 0 of 661 frames
12-09 08:14:26.421 W/audio_hw_generic( 1306): Hardware backing HAL too slow, could only write 0 of 661 frames
12-09 08:14:26.436 W/audio_hw_generic( 1306): Hardware backing HAL too slow, could only write 0 of 661 frames
12-09 08:14:26.457 W/audio_hw_generic( 1306): Hardware backing HAL too slow, could only write 0 of 661 frames
12-09 08:14:26.481 W/audio_hw_generic( 1306): Hardware backing HAL too slow, could only write 0 of 661 frames
12-09 08:14:26.497 W/audio_hw_generic( 1306): Hardware backing HAL too slow, could only write 0 of 661 frames
12-09 08:14:26.571 W/audio_hw_generic( 1306): Hardware backing HAL too slow, could only write 0 of 661 frames
12-09 08:14:26.590 W/audio_hw_generic( 1306): Hardware backing HAL too slow, could only write 0 of 661 frames
12-09 08:14:26.602 W/RichInputConnection( 1878): Slow InputConnection: GET_TEXT_BEFORE_CURSOR took 308 ms.
12-09 08:14:26.603 W/audio_hw_generic( 1306): Hardware backing HAL too slow, could only write 0 of 661 frames
12-09 08:14:26.605 I/InputAttributes( 1878): InputType.TYPE_NULL is specified
12-09 08:14:26.626 I/Choreographer( 1878): Skipped 67 frames!  The application may be doing too much work on its main thread.
12-09 08:14:26.628 D/EGL_emulation( 1878): eglMakeCurrent: 0x7f3f5064c0a0: ver 2 0 (tinfo 0x7f3f5822b8e0)
12-09 08:14:26.643 E/Surface ( 1878): getSlotFromBufferLocked: unknown buffer: 0x7f3f5064caa0
12-09 08:14:26.749 W/audio_hw_generic( 1306): Not supplying enough data to HAL, expected position 29532477 , only wrote 29532158
12-09 08:14:26.898 W/audio_hw_generic( 1306): Hardware backing HAL too slow, could only write 0 of 661 frames
12-09 08:14:26.980 W/audio_hw_generic( 1306): Not supplying enough data to HAL, expected position 29542355 , only wrote 29542073
12-09 08:14:26.980 W/audio_hw_generic( 1306): Hardware backing HAL too slow, could only write 0 of 661 frames
12-09 08:14:26.980 W/audio_hw_generic( 1306): Hardware backing HAL too slow, could only write 0 of 661 frames
12-09 08:14:27.025 W/audio_hw_generic( 1306): Hardware backing HAL too slow, could only write 0 of 661 frames
12-09 08:14:27.025 W/audio_hw_generic( 1306): Hardware backing HAL too slow, could only write 0 of 661 frames
12-09 08:14:27.049 W/audio_hw_generic( 1306): Hardware backing HAL too slow, could only write 0 of 661 frames
12-09 08:14:27.057 W/audio_hw_generic( 1306): Hardware backing HAL too slow, could only write 0 of 661 frames
12-09 08:14:27.071 W/audio_hw_generic( 1306): Hardware backing HAL too slow, could only write 0 of 661 frames
12-09 08:14:27.089 I/System.out(13471): URI: //gesture
12-09 08:14:27.089 I/System.out(13471): params: {json={"query_timeout":5.0,"gestures":[{"query_string":"android.widget.TabWidget descendant TextView index:0","touches":[{"x":50,"y":50,"offset_x":0,"offset_y":0,"wait":0.0,"time":0.2,"release":true,"query_string":null}]}]}
12-09 08:14:27.089 I/System.out(13471): }
12-09 08:14:27.132 W/audio_hw_generic( 1306): Not supplying enough data to HAL, expected position 29548776 , only wrote 29548683
