12-09 07:55:39.916 W/ActivityManager( 1591): 	at android.os.Binder.execTransact(Binder.java:453)
12-09 07:55:39.918 W/ActivityManager( 1591): Bad activity token: android.os.BinderProxy@9033603
12-09 07:55:39.918 W/ActivityManager( 1591): java.lang.ClassCastException: android.os.BinderProxy cannot be cast to com.android.server.am.ActivityRecord$Token
12-09 07:55:39.918 W/ActivityManager( 1591): 	at com.android.server.am.ActivityRecord.forTokenLocked(ActivityRecord.java:424)
12-09 07:55:39.918 W/ActivityManager( 1591): 	at com.android.server.am.ActivityRecord.isInStackLocked(ActivityRecord.java:1121)
12-09 07:55:39.918 W/ActivityManager( 1591): 	at com.android.server.am.ActivityManagerService.setTaskDescription(ActivityManagerService.java:8547)
12-09 07:55:39.918 W/ActivityManager( 1591): 	at android.app.ActivityManagerNative.onTransact(ActivityManagerNative.java:2410)
12-09 07:55:39.918 W/ActivityManager( 1591): 	at com.android.server.am.ActivityManagerService.onTransact(ActivityManagerService.java:2443)
12-09 07:55:39.918 W/ActivityManager( 1591): 	at android.os.Binder.execTransact(Binder.java:453)
12-09 07:55:40.024 W/ActivityManager( 1591): Bad activity token: android.os.BinderProxy@9033603
12-09 07:55:40.024 W/ActivityManager( 1591): java.lang.ClassCastException: android.os.BinderProxy cannot be cast to com.android.server.am.ActivityRecord$Token
12-09 07:55:40.024 W/ActivityManager( 1591): 	at com.android.server.am.ActivityRecord.forTokenLocked(ActivityRecord.java:424)
12-09 07:55:40.024 W/ActivityManager( 1591): 	at com.android.server.am.ActivityRecord.isInStackLocked(ActivityRecord.java:1121)
12-09 07:55:40.024 W/ActivityManager( 1591): 	at com.android.server.am.ActivityManagerService.getActivityOptions(ActivityManagerService.java:11038)
12-09 07:55:40.024 W/ActivityManager( 1591): 	at android.app.ActivityManagerNative.onTransact(ActivityManagerNative.java:1734)
12-09 07:55:40.024 W/ActivityManager( 1591): 	at com.android.server.am.ActivityManagerService.onTransact(ActivityManagerService.java:2443)
12-09 07:55:40.024 W/ActivityManager( 1591): 	at android.os.Binder.execTransact(Binder.java:453)
12-09 07:55:40.024 W/ActivityManager( 1591): Bad activity token: android.os.BinderProxy@9033603
12-09 07:55:40.024 W/ActivityManager( 1591): java.lang.ClassCastException: android.os.BinderProxy cannot be cast to com.android.server.am.ActivityRecord$Token
12-09 07:55:40.024 W/ActivityManager( 1591): 	at com.android.server.am.ActivityRecord.forTokenLocked(ActivityRecord.java:424)
12-09 07:55:40.024 W/ActivityManager( 1591): 	at com.android.server.am.ActivityRecord.isInStackLocked(ActivityRecord.java:1121)
12-09 07:55:40.024 W/ActivityManager( 1591): 	at com.android.server.am.ActivityManagerService.getActivityOptions(ActivityManagerService.java:11038)
12-09 07:55:40.024 W/ActivityManager( 1591): 	at android.app.ActivityManagerNative.onTransact(ActivityManagerNative.java:1734)
12-09 07:55:40.024 W/ActivityManager( 1591): 	at com.android.server.am.ActivityManagerService.onTransact(ActivityManagerService.java:2443)
12-09 07:55:40.024 W/ActivityManager( 1591): 	at android.os.Binder.execTransact(Binder.java:453)
12-09 07:55:40.026 W/audio_hw_generic( 1307): Not supplying enough data to HAL, expected position 15797926 , only wrote 15796578
12-09 07:55:40.026 W/audio_hw_generic( 1307): Not supplying enough data to HAL, expected position 15796585 , only wrote 15796578
12-09 07:55:40.041 W/audio_hw_generic( 1307): Not supplying enough data to HAL, expected position 15797248 , only wrote 15797239
12-09 07:55:40.060 I/LatinIME( 1878): Starting input. Cursor position = -1,-1
12-09 07:55:40.070 I/Choreographer( 8564): Skipped 31 frames!  The application may be doing too much work on its main thread.
12-09 07:55:40.090 E/SurfaceFlinger( 1218): ro.sf.lcd_density must be defined as a build property
12-09 07:55:40.091 D/gralloc_ranchu( 1218): gralloc_alloc: Creating ashmem region of size 3686400
12-09 07:55:40.141 D/        ( 8622): HostConnection::get() New Host Connection established 0x7f9476792480, tid 8622
12-09 07:55:40.176 E/EGL_emulation( 1218): tid 1218: eglCreateSyncKHR(1881): error 0x3004 (EGL_BAD_ATTRIBUTE)
12-09 07:55:40.232 D/Mileage ( 8564): Not enough fillups to calculate economy
12-09 07:55:40.263 D/Mileage.ABS( 8564): Finished backup
12-09 07:55:40.267 D/Mileage.ABS( 8564): Not backing up; 54
12-09 07:55:40.267 D/Mileage.ABS( 8564): Not backing up; 54
12-09 07:55:40.392 W/audio_hw_generic( 1307): Not supplying enough data to HAL, expected position 15812676 , only wrote 15812442
12-09 07:55:40.653 I/InputAttributes( 1878): InputType.TYPE_NULL is specified
12-09 07:55:40.705 I/Choreographer( 1878): Skipped 39 frames!  The application may be doing too much work on its main thread.
12-09 07:55:40.761 W/audio_hw_generic( 1307): Not supplying enough data to HAL, expected position 15828757 , only wrote 15827645
12-09 07:55:40.762 W/audio_hw_generic( 1307): Hardware backing HAL too slow, could only write 0 of 661 frames
12-09 07:55:40.781 D/EGL_emulation( 1878): eglMakeCurrent: 0x7fe29d789dc0: ver 2 0 (tinfo 0x7fe2a51f6620)
12-09 07:55:40.796 W/audio_hw_generic( 1307): Hardware backing HAL too slow, could only write 0 of 661 frames
12-09 07:55:40.815 W/audio_hw_generic( 1307): Hardware backing HAL too slow, could only write 0 of 661 frames
12-09 07:55:40.821 E/Surface ( 1878): getSlotFromBufferLocked: unknown buffer: 0x7fe29d78b300
12-09 07:55:40.829 W/audio_hw_generic( 1307): Hardware backing HAL too slow, could only write 0 of 661 frames
12-09 07:55:40.851 W/audio_hw_generic( 1307): Hardware backing HAL too slow, could only write 0 of 661 frames
12-09 07:55:40.909 W/audio_hw_generic( 1307): Not supplying enough data to HAL, expected position 15834168 , only wrote 15832933
12-09 07:55:40.910 W/audio_hw_generic( 1307): Not supplying enough data to HAL, expected position 15832940 , only wrote 15832933
12-09 07:55:40.924 W/audio_hw_generic( 1307): Hardware backing HAL too slow, could only write 0 of 661 frames
12-09 07:55:40.924 W/audio_hw_generic( 1307): Hardware backing HAL too slow, could only write 0 of 661 frames
12-09 07:55:40.943 W/audio_hw_generic( 1307): Hardware backing HAL too slow, could only write 0 of 661 frames
12-09 07:55:40.959 W/audio_hw_generic( 1307): Hardware backing HAL too slow, could only write 0 of 661 frames
12-09 07:55:40.991 W/audio_hw_generic( 1307): Hardware backing HAL too slow, could only write 0 of 661 frames
12-09 07:55:40.991 W/audio_hw_generic( 1307): Hardware backing HAL too slow, could only write 0 of 661 frames
12-09 07:55:41.023 W/audio_hw_generic( 1307): Hardware backing HAL too slow, could only write 0 of 661 frames
12-09 07:55:41.023 W/audio_hw_generic( 1307): Hardware backing HAL too slow, could only write 0 of 661 frames
12-09 07:55:41.059 W/audio_hw_generic( 1307): Hardware backing HAL too slow, could only write 0 of 661 frames
12-09 07:55:41.136 W/audio_hw_generic( 1307): Not supplying enough data to HAL, expected position 15842899 , only wrote 15842187
12-09 07:55:41.136 W/audio_hw_generic( 1307): Not supplying enough data to HAL, expected position 15842194 , only wrote 15842187
12-09 07:55:41.153 W/audio_hw_generic( 1307): Not supplying enough data to HAL, expected position 15842856 , only wrote 15842848
12-09 07:55:41.153 W/audio_hw_generic( 1307): Hardware backing HAL too slow, could only write 0 of 661 frames
12-09 07:55:41.168 W/audio_hw_generic( 1307): Hardware backing HAL too slow, could only write 0 of 661 frames
12-09 07:55:41.174 I/System.out( 8564): URI: //gesture
12-09 07:55:41.174 I/System.out( 8564): params: {json={"query_timeout":5.0,"gestures":[{"query_string":"android.widget.TabWidget descendant TextView index:0","touches":[{"x":50,"y":50,"offset_x":0,"offset_y":0,"wait":0.0,"time":0.2,"release":true,"query_string":null}]}]}
12-09 07:55:41.174 I/System.out( 8564): }
12-09 07:55:41.238 W/audio_hw_generic( 1307): Hardware backing HAL too slow, could only write 0 of 661 frames
12-09 07:55:41.238 W/audio_hw_generic( 1307): Not supplying enough data to HAL, expected position 15846685 , only wrote 15845492
12-09 07:55:41.238 W/audio_hw_generic( 1307): Not supplying enough data to HAL, expected position 15845498 , only wrote 15845492
12-09 07:55:41.343 W/audio_hw_generic( 1307): Not supplying enough data to HAL, expected position 15850134 , only wrote 15850119
12-09 07:55:41.529 W/audio_hw_generic( 1307): Not supplying enough data to HAL, expected position 15858296 , only wrote 15856068
12-09 07:55:41.529 W/audio_hw_generic( 1307): Not supplying enough data to HAL, expected position 15856075 , only wrote 15856068
12-09 07:55:41.591 W/audio_hw_generic( 1307): Hardware backing HAL too slow, could only write 0 of 661 frames
12-09 07:55:41.776 W/audio_hw_generic( 1307): Not supplying enough data to HAL, expected position 15866947 , only wrote 15864661
12-09 07:55:41.777 W/audio_hw_generic( 1307): Not supplying enough data to HAL, expected position 15864729 , only wrote 15864661
12-09 07:55:41.795 W/audio_hw_generic( 1307): Not supplying enough data to HAL, expected position 15865448 , only wrote 15865322
12-09 07:55:42.107 W/audio_hw_generic( 1307): Not supplying enough data to HAL, expected position 15879074 , only wrote 15875237
12-09 07:55:42.107 W/audio_hw_generic( 1307): Not supplying enough data to HAL, expected position 15875244 , only wrote 15875237
12-09 07:55:42.171 W/audio_hw_generic( 1307): Hardware backing HAL too slow, could only write 0 of 661 frames
12-09 07:55:42.199 W/audio_hw_generic( 1307): Hardware backing HAL too slow, could only write 0 of 661 frames
12-09 07:55:42.247 W/audio_hw_generic( 1307): Not supplying enough data to HAL, expected position 15881406 , only wrote 15879864
12-09 07:55:42.268 W/audio_hw_generic( 1307): Not supplying enough data to HAL, expected position 15880773 , only wrote 15880525
12-09 07:55:42.343 I/art     ( 8564): Background sticky concurrent mark sweep GC freed 53774(2MB) AllocSpace objects, 2(40KB) LOS objects, 38% free, 2MB/4MB, paused 5.283ms total 91.418ms
12-09 07:55:42.360 W/CursorWrapperInner( 8564): Cursor finalized without prior close()
12-09 07:55:42.779 W/audio_hw_generic( 1307): Hardware backing HAL too slow, could only write 0 of 661 frames
12-09 07:55:42.783 W/audio_hw_generic( 1307): Hardware backing HAL too slow, could only write 0 of 661 frames
12-09 07:55:42.807 W/audio_hw_generic( 1307): Hardware backing HAL too slow, could only write 0 of 661 frames
12-09 07:55:42.815 W/audio_hw_generic( 1307): Hardware backing HAL too slow, could only write 0 of 661 frames
12-09 07:55:42.847 W/audio_hw_generic( 1307): Hardware backing HAL too slow, could only write 0 of 661 frames
12-09 07:55:42.920 W/audio_hw_generic( 1307): Hardware backing HAL too slow, could only write 0 of 661 frames
12-09 07:55:42.949 W/audio_hw_generic( 1307): Hardware backing HAL too slow, could only write 0 of 661 frames
12-09 07:55:42.950 W/audio_hw_generic( 1307): Hardware backing HAL too slow, could only write 0 of 661 frames
12-09 07:55:42.965 W/audio_hw_generic( 1307): Hardware backing HAL too slow, could only write 0 of 661 frames
12-09 07:55:42.980 W/audio_hw_generic( 1307): Hardware backing HAL too slow, could only write 0 of 661 frames
12-09 07:55:43.343 I/System.out( 8564): URI: //map
12-09 07:55:43.343 I/System.out( 8564): params: {json={"query":"android.widget.EditText id:'price'","operation":{"method_name":"query","arguments":[]}}
12-09 07:55:43.343 I/System.out( 8564): }
12-09 07:55:44.036 W/AudioFlinger( 1307): write blocked for 728 msecs, 3 delayed writes, thread 0xf43c0000
12-09 07:55:44.105 W/ResourceType( 8564): No package identifier when getting name for resource number 0x00000001
12-09 07:55:44.112 W/audio_hw_generic( 1307): Not supplying enough data to HAL, expected position 15961844 , only wrote 15961828
12-09 07:55:44.112 W/audio_hw_generic( 1307): Not supplying enough data to HAL, expected position 15961835 , only wrote 15961828
12-09 07:55:44.130 W/audio_hw_generic( 1307): Not supplying enough data to HAL, expected position 15962646 , only wrote 15962489
12-09 07:55:44.212 W/audio_hw_generic( 1307): Not supplying enough data to HAL, expected position 15966076 , only wrote 15965794
12-09 07:55:44.252 I/art     ( 8564): Background sticky concurrent mark sweep GC freed 42327(1829KB) AllocSpace objects, 1(20KB) LOS objects, 30% free, 2MB/4MB, paused 1.204ms total 130.698ms
12-09 07:55:44.257 I/System.out( 8564): URI: //gesture
12-09 07:55:44.257 I/System.out( 8564): params: {json={"query_timeout":5.0,"gestures":[{"query_string":"android.widget.EditText id:'price'","touches":[{"x":50,"y":50,"offset_x":0,"offset_y":0,"wait":0.0,"time":0.2,"release":true,"query_string":null}]}]}
12-09 07:55:44.257 I/System.out( 8564): }
12-09 07:55:44.348 W/audio_hw_generic( 1307): Hardware backing HAL too slow, could only write 0 of 661 frames
12-09 07:55:44.494 W/ResourceType( 8564): No package identifier when getting name for resource number 0x00000001
12-09 07:55:44.592 W/audio_hw_generic( 1307): Not supplying enough data to HAL, expected position 15982573 , only wrote 15980997
12-09 07:55:44.592 W/audio_hw_generic( 1307): Not supplying enough data to HAL, expected position 15981005 , only wrote 15980997
12-09 07:55:44.767 W/audio_hw_generic( 1307): Not supplying enough data to HAL, expected position 15988690 , only wrote 15988268
12-09 07:55:44.767 W/audio_hw_generic( 1307): Not supplying enough data to HAL, expected position 15988275 , only wrote 15988268
12-09 07:55:44.787 W/audio_hw_generic( 1307): Not supplying enough data to HAL, expected position 15989149 , only wrote 15988929
12-09 07:55:44.816 I/LatinIME( 1878): Starting input. Cursor position = 0,0
12-09 07:55:45.049 W/audio_hw_generic( 1307): Not supplying enough data to HAL, expected position 16000465 , only wrote 15999505
12-09 07:55:45.049 W/audio_hw_generic( 1307): Not supplying enough data to HAL, expected position 15999512 , only wrote 15999505
12-09 07:55:45.107 W/audio_hw_generic( 1307): Not supplying enough data to HAL, expected position 16002072 , only wrote 16000166
12-09 07:55:45.168 D/EGL_emulation( 1878): eglMakeCurrent: 0x7fe29d789dc0: ver 2 0 (tinfo 0x7fe2a51f6620)
12-09 07:55:45.260 W/audio_hw_generic( 1307): Not supplying enough data to HAL, expected position 16006937 , only wrote 16006776
12-09 07:55:45.261 W/audio_hw_generic( 1307): Not supplying enough data to HAL, expected position 16006783 , only wrote 16006776
12-09 07:55:45.382 W/audio_hw_generic( 1307): Not supplying enough data to HAL, expected position 16016838 , only wrote 16012064
12-09 07:55:45.437 I/System.out( 8564): URI: //
12-09 07:55:45.437 I/System.out( 8564): params: {json={"command":"set_selection","arguments":[-1,-1]}
12-09 07:55:45.437 I/System.out( 8564): }
12-09 07:55:45.437 I/System.out( 8564): header: {date=Sun, 09 Dec 2018 07:55:46 GMT, accept=*/*, content-length=47, host=127.0.0.1:34777, user-agent=HTTPClient/1.0 (2.8.3, ruby 2.3.1 (2016-04-26)), content-type=application/json;charset=utf-8}
12-09 07:55:45.437 I/System.out( 8564): params: {json={"command":"set_selection","arguments":[-1,-1]}
12-09 07:55:45.437 I/System.out( 8564): }
12-09 07:55:45.437 I/System.out( 8564): ProP json = {"command":"set_selection","arguments":[-1,-1]}
12-09 07:55:45.437 I/System.out( 8564): files: {}
12-09 07:55:45.437 I/System.out( 8564): command: {"command":"set_selection","arguments":[-1,-1]}
12-09 07:55:45.438 I/InstrumentationBackend( 8564): Got command:'Command:'Line:null,set_selection', arguments:'[-1, -1]'
12-09 07:55:45.521 I/System.out( 8564): result:{"bonusInformation":[],"message":"","success":true}
12-09 07:55:45.747 I/System.out( 8564): URI: //
12-09 07:55:45.753 I/System.out( 8564): params: {json={"command":"keyboard_enter_text","arguments":["54"]}
12-09 07:55:45.753 I/System.out( 8564): }
12-09 07:55:45.753 I/System.out( 8564): header: {date=Sun, 09 Dec 2018 07:55:46 GMT, accept=*/*, content-length=52, host=127.0.0.1:34777, user-agent=HTTPClient/1.0 (2.8.3, ruby 2.3.1 (2016-04-26)), content-type=application/json;charset=utf-8}
12-09 07:55:45.753 I/System.out( 8564): params: {json={"command":"keyboard_enter_text","arguments":["54"]}
12-09 07:55:45.753 I/System.out( 8564): }
12-09 07:55:45.753 I/System.out( 8564): ProP json = {"command":"keyboard_enter_text","arguments":["54"]}
12-09 07:55:45.753 I/System.out( 8564): files: {}
12-09 07:55:45.753 I/System.out( 8564): command: {"command":"keyboard_enter_text","arguments":["54"]}
12-09 07:55:45.754 I/InstrumentationBackend( 8564): Got command:'Command:'Line:null,keyboard_enter_text', arguments:'[54]'
12-09 07:55:45.779 E/SpannableStringBuilder( 8564): SPAN_EXCLUSIVE_EXCLUSIVE spans cannot have a zero length
12-09 07:55:45.779 E/SpannableStringBuilder( 8564): SPAN_EXCLUSIVE_EXCLUSIVE spans cannot have a zero length
12-09 07:55:46.068 E/SpannableStringBuilder( 8564): SPAN_EXCLUSIVE_EXCLUSIVE spans cannot have a zero length
12-09 07:55:46.068 E/SpannableStringBuilder( 8564): SPAN_EXCLUSIVE_EXCLUSIVE spans cannot have a zero length
12-09 07:55:46.141 I/System.out( 8564): result:{"bonusInformation":[],"message":"","success":true}
12-09 07:55:46.154 I/art     ( 8564): Background sticky concurrent mark sweep GC freed 22111(1055KB) AllocSpace objects, 6(120KB) LOS objects, 23% free, 3MB/4MB, paused 13.305ms total 36.553ms
12-09 07:55:46.227 I/System.out( 8564): URI: //map
12-09 07:55:46.227 I/System.out( 8564): params: {json={"query":"android.widget.EditText id:'volume'","operation":{"method_name":"query","arguments":[]}}
12-09 07:55:46.227 I/System.out( 8564): }
12-09 07:55:46.386 W/ResourceType( 8564): No package identifier when getting name for resource number 0x00000001
12-09 07:55:46.676 I/System.out( 8564): URI: //gesture
12-09 07:55:46.676 I/System.out( 8564): params: {json={"query_timeout":5.0,"gestures":[{"query_string":"android.widget.EditText id:'volume'","touches":[{"x":50,"y":50,"offset_x":0,"offset_y":0,"wait":0.0,"time":0.2,"release":true,"query_string":null}]}]}
12-09 07:55:46.676 I/System.out( 8564): }
12-09 07:55:46.753 W/ResourceType( 8564): No package identifier when getting name for resource number 0x00000001
12-09 07:55:46.757 I/art     ( 8564): Background sticky concurrent mark sweep GC freed 51527(2MB) AllocSpace objects, 3(60KB) LOS objects, 13% free, 3MB/4MB, paused 1.160ms total 353.699ms
12-09 07:55:46.807 I/art     ( 8564): Background partial concurrent mark sweep GC freed 19253(1093KB) AllocSpace objects, 8(160KB) LOS objects, 40% free, 2MB/4MB, paused 5.257ms total 35.369ms
12-09 07:55:47.106 I/LatinIME( 1878): Starting input. Cursor position = 0,0
12-09 07:55:47.756 I/System.out( 8564): URI: //
12-09 07:55:47.756 I/System.out( 8564): params: {json={"command":"set_selection","arguments":[-1,-1]}
12-09 07:55:47.756 I/System.out( 8564): }
12-09 07:55:47.756 I/System.out( 8564): header: {date=Sun, 09 Dec 2018 07:55:48 GMT, accept=*/*, content-length=47, host=127.0.0.1:34777, user-agent=HTTPClient/1.0 (2.8.3, ruby 2.3.1 (2016-04-26)), content-type=application/json;charset=utf-8}
12-09 07:55:47.756 I/System.out( 8564): params: {json={"command":"set_selection","arguments":[-1,-1]}
12-09 07:55:47.756 I/System.out( 8564): }
12-09 07:55:47.756 I/System.out( 8564): ProP json = {"command":"set_selection","arguments":[-1,-1]}
12-09 07:55:47.756 I/System.out( 8564): files: {}
12-09 07:55:47.757 I/System.out( 8564): command: {"command":"set_selection","arguments":[-1,-1]}
12-09 07:55:47.758 I/InstrumentationBackend( 8564): Got command:'Command:'Line:null,set_selection', arguments:'[-1, -1]'
12-09 07:55:47.779 W/art     ( 8564): Suspending all threads took: 19.388ms
12-09 07:55:47.840 I/System.out( 8564): result:{"bonusInformation":[],"message":"","success":true}
12-09 07:55:47.849 I/art     ( 8564): Background sticky concurrent mark sweep GC freed 32323(1537KB) AllocSpace objects, 2(40KB) LOS objects, 25% free, 3MB/4MB, paused 20.829ms total 95.074ms
12-09 07:55:48.056 I/System.out( 8564): URI: //
12-09 07:55:48.056 I/System.out( 8564): params: {json={"command":"keyboard_enter_text","arguments":["100"]}
12-09 07:55:48.056 I/System.out( 8564): }
12-09 07:55:48.056 I/System.out( 8564): header: {date=Sun, 09 Dec 2018 07:55:48 GMT, accept=*/*, content-length=53, host=127.0.0.1:34777, user-agent=HTTPClient/1.0 (2.8.3, ruby 2.3.1 (2016-04-26)), content-type=application/json;charset=utf-8}
12-09 07:55:48.056 I/System.out( 8564): params: {json={"command":"keyboard_enter_text","arguments":["100"]}
12-09 07:55:48.056 I/System.out( 8564): }
12-09 07:55:48.056 I/System.out( 8564): ProP json = {"command":"keyboard_enter_text","arguments":["100"]}
12-09 07:55:48.056 I/System.out( 8564): files: {}
12-09 07:55:48.056 I/System.out( 8564): command: {"command":"keyboard_enter_text","arguments":["100"]}
12-09 07:55:48.057 I/InstrumentationBackend( 8564): Got command:'Command:'Line:null,keyboard_enter_text', arguments:'[100]'
12-09 07:55:48.203 E/SpannableStringBuilder( 8564): SPAN_EXCLUSIVE_EXCLUSIVE spans cannot have a zero length
12-09 07:55:48.203 E/SpannableStringBuilder( 8564): SPAN_EXCLUSIVE_EXCLUSIVE spans cannot have a zero length
12-09 07:55:48.218 E/SpannableStringBuilder( 8564): SPAN_EXCLUSIVE_EXCLUSIVE spans cannot have a zero length
12-09 07:55:48.218 E/SpannableStringBuilder( 8564): SPAN_EXCLUSIVE_EXCLUSIVE spans cannot have a zero length
12-09 07:55:48.233 I/System.out( 8564): result:{"bonusInformation":[],"message":"","success":true}
12-09 07:55:48.323 I/System.out( 8564): URI: //map
12-09 07:55:48.323 I/System.out( 8564): params: {json={"query":"android.widget.EditText id:'odometer'","operation":{"method_name":"query","arguments":[]}}
12-09 07:55:48.323 I/System.out( 8564): }
12-09 07:55:48.404 W/ResourceType( 8564): No package identifier when getting name for resource number 0x00000001
12-09 07:55:48.526 I/System.out( 8564): URI: //gesture
12-09 07:55:48.531 I/System.out( 8564): params: {json={"query_timeout":5.0,"gestures":[{"query_string":"android.widget.EditText id:'odometer'","touches":[{"x":50,"y":50,"offset_x":0,"offset_y":0,"wait":0.0,"time":0.2,"release":true,"query_string":null}]}]}
12-09 07:55:48.531 I/System.out( 8564): }
12-09 07:55:48.588 I/art     ( 8564): Background sticky concurrent mark sweep GC freed 33327(1540KB) AllocSpace objects, 1(20KB) LOS objects, 19% free, 3MB/4MB, paused 10.454ms total 61.236ms
12-09 07:55:48.589 W/ResourceType( 8564): No package identifier when getting name for resource number 0x00000001
12-09 07:55:49.157 I/LatinIME( 1878): Starting input. Cursor position = 0,0
12-09 07:55:49.780 I/System.out( 8564): URI: //
12-09 07:55:49.780 I/System.out( 8564): params: {json={"command":"set_selection","arguments":[-1,-1]}
12-09 07:55:49.780 I/System.out( 8564): }
12-09 07:55:49.780 I/System.out( 8564): header: {date=Sun, 09 Dec 2018 07:55:50 GMT, accept=*/*, content-length=47, host=127.0.0.1:34777, user-agent=HTTPClient/1.0 (2.8.3, ruby 2.3.1 (2016-04-26)), content-type=application/json;charset=utf-8}
12-09 07:55:49.780 I/System.out( 8564): params: {json={"command":"set_selection","arguments":[-1,-1]}
12-09 07:55:49.780 I/System.out( 8564): }
12-09 07:55:49.780 I/System.out( 8564): ProP json = {"command":"set_selection","arguments":[-1,-1]}
12-09 07:55:49.780 I/System.out( 8564): files: {}
12-09 07:55:49.780 I/System.out( 8564): command: {"command":"set_selection","arguments":[-1,-1]}
12-09 07:55:49.781 I/InstrumentationBackend( 8564): Got command:'Command:'Line:null,set_selection', arguments:'[-1, -1]'
12-09 07:55:49.793 I/System.out( 8564): result:{"bonusInformation":[],"message":"","success":true}
12-09 07:55:49.996 I/System.out( 8564): URI: //
12-09 07:55:49.996 I/System.out( 8564): params: {json={"command":"keyboard_enter_text","arguments":["14"]}
12-09 07:55:49.996 I/System.out( 8564): }
12-09 07:55:49.996 I/System.out( 8564): header: {date=Sun, 09 Dec 2018 07:55:50 GMT, accept=*/*, content-length=52, host=127.0.0.1:34777, user-agent=HTTPClient/1.0 (2.8.3, ruby 2.3.1 (2016-04-26)), content-type=application/json;charset=utf-8}
12-09 07:55:49.996 I/System.out( 8564): params: {json={"command":"keyboard_enter_text","arguments":["14"]}
12-09 07:55:49.996 I/System.out( 8564): }
12-09 07:55:49.996 I/System.out( 8564): ProP json = {"command":"keyboard_enter_text","arguments":["14"]}
12-09 07:55:49.996 I/System.out( 8564): files: {}
12-09 07:55:49.996 I/System.out( 8564): command: {"command":"keyboard_enter_text","arguments":["14"]}
12-09 07:55:49.997 I/InstrumentationBackend( 8564): Got command:'Command:'Line:null,keyboard_enter_text', arguments:'[14]'
12-09 07:55:49.998 E/SpannableStringBuilder( 8564): SPAN_EXCLUSIVE_EXCLUSIVE spans cannot have a zero length
12-09 07:55:49.998 E/SpannableStringBuilder( 8564): SPAN_EXCLUSIVE_EXCLUSIVE spans cannot have a zero length
12-09 07:55:50.000 E/SpannableStringBuilder( 8564): SPAN_EXCLUSIVE_EXCLUSIVE spans cannot have a zero length
12-09 07:55:50.000 E/SpannableStringBuilder( 8564): SPAN_EXCLUSIVE_EXCLUSIVE spans cannot have a zero length
12-09 07:55:50.006 I/System.out( 8564): result:{"bonusInformation":[],"message":"","success":true}
12-09 07:55:50.017 I/art     ( 8564): WaitForGcToComplete blocked for 14.155ms for cause Background
12-09 07:55:51.056 I/System.out( 8564): URI: //map
12-09 07:55:51.056 I/System.out( 8564): params: {json={"query":"android.widget.Button index:2","operation":{"method_name":"query","arguments":[]}}
12-09 07:55:51.056 I/System.out( 8564): }
12-09 07:55:51.280 I/System.out( 8564): URI: //gesture
12-09 07:55:51.280 I/System.out( 8564): params: {json={"query_timeout":5.0,"gestures":[{"query_string":"android.widget.Button index:2","touches":[{"x":50,"y":50,"offset_x":0,"offset_y":0,"wait":0.0,"time":0.2,"release":true,"query_string":null}]}]}
12-09 07:55:51.280 I/System.out( 8564): }
12-09 07:55:51.317 I/art     ( 8564): Background sticky concurrent mark sweep GC freed 47213(2MB) AllocSpace objects, 1(20KB) LOS objects, 10% free, 3MB/4MB, paused 2.234ms total 184.143ms
12-09 07:55:51.919 W/audio_hw_generic( 1307): Hardware backing HAL too slow, could only write 0 of 661 frames
12-09 07:55:51.931 D/AudioFlinger( 1307): mixer(0xf43c0000) throttle end: throttle time(41)
12-09 07:55:51.937 W/audio_hw_generic( 1307): Hardware backing HAL too slow, could only write 0 of 661 frames
12-09 07:55:51.991 W/audio_hw_generic( 1307): Not supplying enough data to HAL, expected position 16015233 , only wrote 16014708
12-09 07:55:51.991 W/audio_hw_generic( 1307): Not supplying enough data to HAL, expected position 16014714 , only wrote 16014708
12-09 07:55:51.991 W/audio_hw_generic( 1307): Hardware backing HAL too slow, could only write 0 of 661 frames
12-09 07:55:51.992 W/audio_hw_generic( 1307): Hardware backing HAL too slow, could only write 0 of 661 frames
12-09 07:55:52.007 W/audio_hw_generic( 1307): Hardware backing HAL too slow, could only write 0 of 661 frames
12-09 07:55:52.021 I/art     ( 8564): Background partial concurrent mark sweep GC freed 51983(2MB) AllocSpace objects, 7(140KB) LOS objects, 40% free, 2MB/4MB, paused 1.264ms total 151.715ms
12-09 07:55:52.023 W/audio_hw_generic( 1307): Hardware backing HAL too slow, could only write 0 of 661 frames
12-09 07:55:52.024 D/AudioFlinger( 1307): mixer(0xf43c0000) throttle end: throttle time(11)
12-09 07:55:52.037 W/audio_hw_generic( 1307): Hardware backing HAL too slow, could only write 0 of 661 frames
12-09 07:55:52.054 W/audio_hw_generic( 1307): Hardware backing HAL too slow, could only write 0 of 661 frames
12-09 07:55:52.152 W/audio_hw_generic( 1307): Not supplying enough data to HAL, expected position 16021789 , only wrote 16021318
12-09 07:55:52.152 W/audio_hw_generic( 1307): Not supplying enough data to HAL, expected position 16021325 , only wrote 16021318
12-09 07:55:52.176 W/audio_hw_generic( 1307): Not supplying enough data to HAL, expected position 16022359 , only wrote 16021979
12-09 07:55:52.285 W/audio_hw_generic( 1307): Not supplying enough data to HAL, expected position 16026791 , only wrote 16025945
12-09 07:55:52.285 W/audio_hw_generic( 1307): Not supplying enough data to HAL, expected position 16025963 , only wrote 16025945
12-09 07:55:52.301 I/LatinIME( 1878): Starting input. Cursor position = -1,-1
12-09 07:55:52.477 D/Mileage.ABS( 8564): Finished backup
12-09 07:55:52.484 D/Mileage.ABS( 8564): Not backing up; 29
12-09 07:55:52.484 D/Mileage.ABS( 8564): Not backing up; 29
12-09 07:55:52.484 D/Mileage.ABS( 8564): Not backing up; 29
12-09 07:55:52.515 W/audio_hw_generic( 1307): Not supplying enough data to HAL, expected position 16036092 , only wrote 16035860
12-09 07:55:52.590 W/audio_hw_generic( 1307): Hardware backing HAL too slow, could only write 0 of 661 frames
12-09 07:55:52.596 E/SurfaceFlinger( 1218): ro.sf.lcd_density must be defined as a build property
12-09 07:55:52.622 D/gralloc_ranchu( 1218): gralloc_alloc: Creating ashmem region of size 3686400
12-09 07:55:52.651 D/        ( 8653): HostConnection::get() New Host Connection established 0x7f2ebd352480, tid 8653
12-09 07:55:52.697 E/EGL_emulation( 1218): tid 1218: eglCreateSyncKHR(1881): error 0x3004 (EGL_BAD_ATTRIBUTE)
12-09 07:55:52.790 W/audio_hw_generic( 1307): Not supplying enough data to HAL, expected position 16047977 , only wrote 16047758
12-09 07:55:52.790 W/audio_hw_generic( 1307): Not supplying enough data to HAL, expected position 16047765 , only wrote 16047758
12-09 07:55:52.925 W/audio_hw_generic( 1307): Not supplying enough data to HAL, expected position 16053711 , only wrote 16053707
12-09 07:55:53.097 W/audio_hw_generic( 1307): Hardware backing HAL too slow, could only write 0 of 661 frames
12-09 07:55:53.108 W/RichInputConnection( 1878): Slow InputConnection: GET_TEXT_BEFORE_CURSOR took 306 ms.
12-09 07:55:53.240 I/InputAttributes( 1878): InputType.TYPE_NULL is specified
12-09 07:55:53.339 I/Choreographer( 1878): Skipped 66 frames!  The application may be doing too much work on its main thread.
12-09 07:55:53.424 W/audio_hw_generic( 1307): Not supplying enough data to HAL, expected position 16075689 , only wrote 16075520
12-09 07:55:53.424 W/audio_hw_generic( 1307): Not supplying enough data to HAL, expected position 16075527 , only wrote 16075520
12-09 07:55:53.424 D/EGL_emulation( 1878): eglMakeCurrent: 0x7fe29d789dc0: ver 2 0 (tinfo 0x7fe2a51f6620)
12-09 07:55:53.434 E/Surface ( 1878): getSlotFromBufferLocked: unknown buffer: 0x7fe2a588ec20
12-09 07:55:53.454 W/audio_hw_generic( 1307): Not supplying enough data to HAL, expected position 16076836 , only wrote 16076181
12-09 07:55:53.619 W/audio_hw_generic( 1307): Not supplying enough data to HAL, expected position 16083492 , only wrote 16083452
12-09 07:55:53.660 W/audio_hw_generic( 1307): Hardware backing HAL too slow, could only write 0 of 661 frames
12-09 07:55:53.679 W/audio_hw_generic( 1307): Hardware backing HAL too slow, could only write 0 of 661 frames
12-09 07:55:53.699 W/audio_hw_generic( 1307): Hardware backing HAL too slow, could only write 0 of 661 frames
12-09 07:55:53.728 W/audio_hw_generic( 1307): Hardware backing HAL too slow, could only write 0 of 661 frames
12-09 07:55:53.728 W/audio_hw_generic( 1307): Hardware backing HAL too slow, could only write 0 of 661 frames
12-09 07:55:53.794 W/audio_hw_generic( 1307): Hardware backing HAL too slow, could only write 0 of 661 frames
12-09 07:55:53.794 W/audio_hw_generic( 1307): Not supplying enough data to HAL, expected position 16091151 , only wrote 16090723
12-09 07:55:53.794 W/audio_hw_generic( 1307): Not supplying enough data to HAL, expected position 16090729 , only wrote 16090723
12-09 07:55:53.915 I/System.out( 8564): URI: //map
12-09 07:55:53.915 I/System.out( 8564): params: {json={"query":"android.widget.ListView index:0 android.widget.TextView index:0","operation":{"method_name":"query","arguments":[]}}
12-09 07:55:53.915 I/System.out( 8564): }
12-09 07:55:54.226 W/audio_hw_generic( 1307): Not supplying enough data to HAL, expected position 16109754 , only wrote 16109231
12-09 07:55:54.291 W/art     ( 8564): Suspending all threads took: 14.723ms
12-09 07:55:54.337 I/art     ( 8564): Background sticky concurrent mark sweep GC freed 44226(1826KB) AllocSpace objects, 2(40KB) LOS objects, 17% free, 3MB/4MB, paused 15.965ms total 135.480ms
12-09 07:55:54.411 I/System.out( 8564): URI: //gesture
12-09 07:55:54.411 I/System.out( 8564): params: {json={"query_timeout":5.0,"gestures":[{"query_string":"android.widget.ListView index:0 android.widget.TextView index:0","touches":[{"x":50,"y":50,"offset_x":0,"offset_y":0,"wait":0.0,"time":0.2,"release":true,"query_string":null}]}]}
12-09 07:55:54.411 I/System.out( 8564): }
12-09 07:55:54.436 W/audio_hw_generic( 1307): Not supplying enough data to HAL, expected position 16118489 , only wrote 16118485
12-09 07:55:54.635 W/audio_hw_generic( 1307): Not supplying enough data to HAL, expected position 16127261 , only wrote 16126417
12-09 07:55:54.739 W/audio_hw_generic( 1307): Not supplying enough data to HAL, expected position 16131014 , only wrote 16130383
12-09 07:55:54.906 I/art     ( 8564): Background partial concurrent mark sweep GC freed 51342(2MB) AllocSpace objects, 4(80KB) LOS objects, 40% free, 2MB/4MB, paused 1.103ms total 457.146ms
12-09 07:55:54.920 W/audio_hw_generic( 1307): Not supplying enough data to HAL, expected position 16138347 , only wrote 16138315
12-09 07:55:54.920 W/audio_hw_generic( 1307): Not supplying enough data to HAL, expected position 16138322 , only wrote 16138315
12-09 07:55:55.051 W/audio_hw_generic( 1307): Not supplying enough data to HAL, expected position 16148526 , only wrote 16143603
12-09 07:55:55.438 I/art     ( 8564): Background sticky concurrent mark sweep GC freed 29542(1424KB) AllocSpace objects, 1(20KB) LOS objects, 39% free, 2MB/4MB, paused 1.068ms total 134.194ms
12-09 07:55:55.443 I/ActivityManager( 1591): START u0 {cmp=com.evancharlton.mileage/.FillupInfoActivity (has extras)} from uid 10123 on display 0
12-09 07:55:55.559 W/audio_hw_generic( 1307): Hardware backing HAL too slow, could only write 0 of 661 frames
12-09 07:55:55.584 W/audio_hw_generic( 1307): Hardware backing HAL too slow, could only write 0 of 661 frames
12-09 07:55:55.595 W/audio_hw_generic( 1307): Hardware backing HAL too slow, could only write 0 of 661 frames
12-09 07:55:55.637 D/AudioFlinger( 1307): mixer(0xf43c0000) throttle end: throttle time(22)
12-09 07:55:55.668 W/audio_hw_generic( 1307): Hardware backing HAL too slow, could only write 0 of 661 frames
12-09 07:55:55.668 W/audio_hw_generic( 1307): Not supplying enough data to HAL, expected position 16150670 , only wrote 16149552
12-09 07:55:55.669 W/audio_hw_generic( 1307): Not supplying enough data to HAL, expected position 16149558 , only wrote 16149552
12-09 07:55:55.683 W/audio_hw_generic( 1307): Hardware backing HAL too slow, could only write 0 of 661 frames
12-09 07:55:55.705 W/audio_hw_generic( 1307): Hardware backing HAL too slow, could only write 0 of 661 frames
12-09 07:55:55.720 W/audio_hw_generic( 1307): Hardware backing HAL too slow, could only write 0 of 661 frames
12-09 07:55:55.745 W/audio_hw_generic( 1307): Hardware backing HAL too slow, could only write 0 of 661 frames
12-09 07:55:55.750 W/audio_hw_generic( 1307): Hardware backing HAL too slow, could only write 0 of 661 frames
12-09 07:55:55.780 W/audio_hw_generic( 1307): Hardware backing HAL too slow, could only write 0 of 661 frames
12-09 07:55:55.884 I/calabash( 8564): newActivity1
12-09 07:55:55.969 E/SurfaceFlinger( 1218): ro.sf.lcd_density must be defined as a build property
12-09 07:55:55.970 D/gralloc_ranchu( 1218): gralloc_alloc: Creating ashmem region of size 3686400
12-09 07:55:56.030 W/audio_hw_generic( 1307): Not supplying enough data to HAL, expected position 16165510 , only wrote 16165416
12-09 07:55:56.031 W/audio_hw_generic( 1307): Not supplying enough data to HAL, expected position 16165424 , only wrote 16165416
12-09 07:55:56.048 W/audio_hw_generic( 1307): Not supplying enough data to HAL, expected position 16166200 , only wrote 16166077
12-09 07:55:56.063 D/        ( 8659): HostConnection::get() New Host Connection established 0x7f5871d12480, tid 8659
12-09 07:55:56.096 W/audio_hw_generic( 1307): Not supplying enough data to HAL, expected position 16168164 , only wrote 16167399
12-09 07:55:56.164 E/EGL_emulation( 1218): tid 1218: eglCreateSyncKHR(1881): error 0x3004 (EGL_BAD_ATTRIBUTE)
12-09 07:55:56.278 W/audio_hw_generic( 1307): Not supplying enough data to HAL, expected position 16175436 , only wrote 16175331
12-09 07:55:56.280 V/PhoneStatusBar( 1708): setLightsOn(true)
12-09 07:55:56.401 D/gralloc_ranchu( 1218): gralloc_alloc: Creating ashmem region of size 3686400
12-09 07:55:56.519 W/audio_hw_generic( 1307): Not supplying enough data to HAL, expected position 16185957 , only wrote 16185907
12-09 07:55:56.596 W/audio_hw_generic( 1307): Not supplying enough data to HAL, expected position 16189289 , only wrote 16189212
12-09 07:55:56.596 W/audio_hw_generic( 1307): Not supplying enough data to HAL, expected position 16189219 , only wrote 16189212
12-09 07:55:56.613 W/audio_hw_generic( 1307): Not supplying enough data to HAL, expected position 16189991 , only wrote 16189873
12-09 07:55:56.648 W/audio_hw_generic( 1307): Hardware backing HAL too slow, could only write 0 of 661 frames
12-09 07:55:56.663 W/audio_hw_generic( 1307): Hardware backing HAL too slow, could only write 0 of 661 frames
12-09 07:55:56.694 W/audio_hw_generic( 1307): Hardware backing HAL too slow, could only write 0 of 661 frames
12-09 07:55:56.694 W/audio_hw_generic( 1307): Hardware backing HAL too slow, could only write 0 of 661 frames
12-09 07:55:56.726 W/audio_hw_generic( 1307): Hardware backing HAL too slow, could only write 0 of 661 frames
12-09 07:55:56.925 W/audio_hw_generic( 1307): Hardware backing HAL too slow, could only write 0 of 661 frames
12-09 07:55:56.960 W/audio_hw_generic( 1307): Hardware backing HAL too slow, could only write 0 of 661 frames
12-09 07:55:57.010 W/audio_hw_generic( 1307): Not supplying enough data to HAL, expected position 16207345 , only wrote 16205737
12-09 07:55:57.010 W/audio_hw_generic( 1307): Not supplying enough data to HAL, expected position 16205744 , only wrote 16205737
12-09 07:55:57.010 W/audio_hw_generic( 1307): Hardware backing HAL too slow, could only write 0 of 661 frames
12-09 07:55:57.024 W/audio_hw_generic( 1307): Hardware backing HAL too slow, could only write 0 of 661 frames
12-09 07:55:57.024 W/audio_hw_generic( 1307): Hardware backing HAL too slow, could only write 0 of 661 frames
12-09 07:55:57.064 W/audio_hw_generic( 1307): Not supplying enough data to HAL, expected position 16208146 , only wrote 16207720
12-09 07:55:57.065 W/audio_hw_generic( 1307): Hardware backing HAL too slow, could only write 0 of 661 frames
12-09 07:55:57.065 W/audio_hw_generic( 1307): Hardware backing HAL too slow, could only write 0 of 661 frames
12-09 07:55:57.069 I/System.out( 8564): URI: //map
12-09 07:55:57.069 I/System.out( 8564): params: {json={"query":"android.widget.Button index:1","operation":{"method_name":"query","arguments":[]}}
12-09 07:55:57.069 I/System.out( 8564): }
12-09 07:55:57.115 W/audio_hw_generic( 1307): Hardware backing HAL too slow, could only write 0 of 661 frames
12-09 07:55:57.159 W/audio_hw_generic( 1307): Not supplying enough data to HAL, expected position 16211910 , only wrote 16211025
12-09 07:55:57.192 W/audio_hw_generic( 1307): Not supplying enough data to HAL, expected position 16212459 , only wrote 16212347
12-09 07:55:57.216 W/audio_hw_generic( 1307): Not supplying enough data to HAL, expected position 16213390 , only wrote 16213008
12-09 07:55:57.216 W/audio_hw_generic( 1307): Not supplying enough data to HAL, expected position 16213021 , only wrote 16213008
12-09 07:55:57.243 W/audio_hw_generic( 1307): Not supplying enough data to HAL, expected position 16214198 , only wrote 16213669
12-09 07:55:57.289 W/audio_hw_generic( 1307): Hardware backing HAL too slow, could only write 0 of 661 frames
12-09 07:55:57.357 W/audio_hw_generic( 1307): Hardware backing HAL too slow, could only write 0 of 661 frames
12-09 07:55:57.376 W/audio_hw_generic( 1307): Hardware backing HAL too slow, could only write 0 of 661 frames
12-09 07:55:57.388 W/audio_hw_generic( 1307): Hardware backing HAL too slow, could only write 0 of 661 frames
12-09 07:55:57.445 W/art     ( 1591): Long monitor contention event with owner method=void com.android.server.wm.WindowAnimator$1.doFrame(long) from WindowAnimator.java:121 waiters=1 for 171ms
12-09 07:55:57.560 W/audio_hw_generic( 1307): Not supplying enough data to HAL, expected position 16227633 , only wrote 16227550
12-09 07:55:57.560 W/audio_hw_generic( 1307): Not supplying enough data to HAL, expected position 16227557 , only wrote 16227550
12-09 07:55:57.588 W/audio_hw_generic( 1307): Not supplying enough data to HAL, expected position 16228773 , only wrote 16228211
12-09 07:55:57.601 W/art     ( 1591): Long monitor contention event with owner method=void com.android.server.wm.WindowAnimator$1.doFrame(long) from WindowAnimator.java:121 waiters=1 for 228ms
12-09 07:55:57.680 W/audio_hw_generic( 1307): Not supplying enough data to HAL, expected position 16232276 , only wrote 16232177
12-09 07:55:57.680 W/audio_hw_generic( 1307): Not supplying enough data to HAL, expected position 16232184 , only wrote 16232177
12-09 07:55:57.716 W/audio_hw_generic( 1307): Not supplying enough data to HAL, expected position 16233760 , only wrote 16232838
12-09 07:55:57.716 W/audio_hw_generic( 1307): Hardware backing HAL too slow, could only write 0 of 661 frames
12-09 07:55:57.751 W/audio_hw_generic( 1307): Hardware backing HAL too slow, could only write 0 of 661 frames
12-09 07:55:57.766 W/audio_hw_generic( 1307): Hardware backing HAL too slow, could only write 0 of 661 frames
12-09 07:55:57.912 W/audio_hw_generic( 1307): Hardware backing HAL too slow, could only write 0 of 661 frames
12-09 07:55:57.926 W/audio_hw_generic( 1307): Hardware backing HAL too slow, could only write 0 of 661 frames
12-09 07:55:57.943 W/audio_hw_generic( 1307): Hardware backing HAL too slow, could only write 0 of 661 frames
12-09 07:55:57.959 W/audio_hw_generic( 1307): Hardware backing HAL too slow, could only write 0 of 661 frames
12-09 07:55:57.975 W/audio_hw_generic( 1307): Hardware backing HAL too slow, could only write 0 of 661 frames
12-09 07:55:57.981 W/art     ( 1591): Long monitor contention event with owner method=void com.android.server.wm.WindowAnimator$1.doFrame(long) from WindowAnimator.java:121 waiters=1 for 253ms
12-09 07:55:57.992 W/audio_hw_generic( 1307): Hardware backing HAL too slow, could only write 0 of 661 frames
12-09 07:55:58.016 W/audio_hw_generic( 1307): Hardware backing HAL too slow, could only write 0 of 661 frames
12-09 07:55:58.032 W/audio_hw_generic( 1307): Hardware backing HAL too slow, could only write 0 of 661 frames
12-09 07:55:58.061 W/audio_hw_generic( 1307): Hardware backing HAL too slow, could only write 0 of 661 frames
12-09 07:55:58.083 W/audio_hw_generic( 1307): Not supplying enough data to HAL, expected position 16249029 , only wrote 16248702
12-09 07:55:58.083 W/audio_hw_generic( 1307): Hardware backing HAL too slow, could only write 0 of 661 frames
12-09 07:55:58.083 W/audio_hw_generic( 1307): Hardware backing HAL too slow, could only write 0 of 661 frames
12-09 07:55:58.115 W/audio_hw_generic( 1307): Not supplying enough data to HAL, expected position 16250113 , only wrote 16250024
12-09 07:55:58.115 W/audio_hw_generic( 1307): Hardware backing HAL too slow, could only write 0 of 661 frames
12-09 07:55:58.143 W/audio_hw_generic( 1307): Hardware backing HAL too slow, could only write 0 of 661 frames
12-09 07:55:58.167 W/audio_hw_generic( 1307): Hardware backing HAL too slow, could only write 0 of 661 frames
12-09 07:55:58.176 W/audio_hw_generic( 1307): Hardware backing HAL too slow, could only write 0 of 661 frames
12-09 07:55:58.189 W/audio_hw_generic( 1307): Hardware backing HAL too slow, could only write 0 of 661 frames
12-09 07:55:58.291 W/audio_hw_generic( 1307): Not supplying enough data to HAL, expected position 16257793 , only wrote 16257295
12-09 07:55:58.321 W/art     ( 1591): Long monitor contention event with owner method=void com.android.server.wm.WindowAnimator$1.doFrame(long) from WindowAnimator.java:121 waiters=1 for 217ms
12-09 07:55:58.631 W/audio_hw_generic( 1307): Not supplying enough data to HAL, expected position 16285810 , only wrote 16271837
12-09 07:55:58.776 W/art     ( 1591): Long monitor contention event with owner method=void com.android.server.wm.WindowAnimator$1.doFrame(long) from WindowAnimator.java:121 waiters=1 for 232ms
12-09 07:55:58.841 W/art     ( 1591): Long monitor contention event with owner method=void com.android.server.wm.WindowAnimator$1.doFrame(long) from WindowAnimator.java:121 waiters=1 for 209ms
12-09 07:55:59.117 W/art     ( 1591): Long monitor contention event with owner method=void com.android.server.wm.WindowAnimator$1.doFrame(long) from WindowAnimator.java:121 waiters=1 for 142ms
12-09 07:55:59.699 W/art     ( 1591): Long monitor contention event with owner method=void com.android.server.wm.WindowAnimator$1.doFrame(long) from WindowAnimator.java:121 waiters=1 for 230ms
12-09 07:55:59.754 D/hwcomposer( 1218): hw_composer sent 704 syncs in 60s
12-09 07:56:00.096 W/art     ( 1591): Long monitor contention event with owner method=void com.android.server.wm.WindowAnimator$1.doFrame(long) from WindowAnimator.java:121 waiters=1 for 106ms
12-09 07:56:00.200 W/art     ( 1591): Long monitor contention event with owner method=java.util.List com.android.server.am.ActivityManagerService.getAllStackInfos() from ActivityManagerService.java:8937 waiters=0 for 2.931s
12-09 07:56:00.201 W/art     ( 1591): Long monitor contention event with owner method=java.util.List com.android.server.am.ActivityManagerService.getAllStackInfos() from ActivityManagerService.java:8937 waiters=1 for 1.680s
12-09 07:56:00.239 D/gralloc_ranchu( 1218): gralloc_alloc: Creating ashmem region of size 3686400
12-09 07:56:00.545 I/ActivityManager( 1591): Displayed com.evancharlton.mileage/.FillupInfoActivity: +4s780ms
12-09 07:56:01.052 I/System.out( 8564): URI: //gesture
12-09 07:56:01.052 I/System.out( 8564): params: {json={"query_timeout":5.0,"gestures":[{"query_string":"android.widget.Button index:1","touches":[{"x":50,"y":50,"offset_x":0,"offset_y":0,"wait":0.0,"time":0.2,"release":true,"query_string":null}]}]}
12-09 07:56:01.052 I/System.out( 8564): }
12-09 07:56:01.511 I/ActivityManager( 1591): START u0 {cmp=com.evancharlton.mileage/.FillupInfoActivity (has extras)} from uid 10123 on display 0
12-09 07:56:01.543 W/audio_hw_generic( 1307): Hardware backing HAL too slow, could only write 0 of 661 frames
12-09 07:56:01.559 W/audio_hw_generic( 1307): Hardware backing HAL too slow, could only write 0 of 661 frames
12-09 07:56:01.603 W/audio_hw_generic( 1307): Hardware backing HAL too slow, could only write 0 of 661 frames
12-09 07:56:01.619 W/audio_hw_generic( 1307): Hardware backing HAL too slow, could only write 0 of 661 frames
12-09 07:56:01.637 W/audio_hw_generic( 1307): Hardware backing HAL too slow, could only write 0 of 661 frames
12-09 07:56:01.678 D/gralloc_ranchu( 1218): gralloc_alloc: Creating ashmem region of size 3686400
12-09 07:56:01.860 I/calabash( 8564): newActivity1
12-09 07:56:01.972 W/audio_hw_generic( 1307): Not supplying enough data to HAL, expected position 16290742 , only wrote 16290345
12-09 07:56:02.054 V/PhoneStatusBar( 1708): setLightsOn(true)
12-09 07:56:02.093 D/gralloc_ranchu( 1218): gralloc_alloc: Creating ashmem region of size 3686400
12-09 07:56:02.116 I/art     ( 8564): Background sticky concurrent mark sweep GC freed 32967(1569KB) AllocSpace objects, 1(20KB) LOS objects, 34% free, 3MB/4MB, paused 6.190ms total 204.681ms
12-09 07:56:02.252 E/SurfaceFlinger( 1218): ro.sf.lcd_density must be defined as a build property
12-09 07:56:02.269 D/gralloc_ranchu( 1218): gralloc_alloc: Creating ashmem region of size 3686400
12-09 07:56:02.304 D/        ( 8665): HostConnection::get() New Host Connection established 0x7fec34212480, tid 8665
12-09 07:56:02.318 W/audio_hw_generic( 1307): Not supplying enough data to HAL, expected position 16305617 , only wrote 16305548
12-09 07:56:02.347 W/audio_hw_generic( 1307): Not supplying enough data to HAL, expected position 16306818 , only wrote 16306209
12-09 07:56:02.347 W/audio_hw_generic( 1307): Not supplying enough data to HAL, expected position 16306216 , only wrote 16306209
12-09 07:56:02.348 E/EGL_emulation( 1218): tid 1218: eglCreateSyncKHR(1881): error 0x3004 (EGL_BAD_ATTRIBUTE)
12-09 07:56:02.365 W/audio_hw_generic( 1307): Not supplying enough data to HAL, expected position 16306986 , only wrote 16306870
12-09 07:56:02.365 W/audio_hw_generic( 1307): Hardware backing HAL too slow, could only write 0 of 661 frames
12-09 07:56:02.399 W/audio_hw_generic( 1307): Not supplying enough data to HAL, expected position 16308388 , only wrote 16308192
12-09 07:56:02.431 W/audio_hw_generic( 1307): Not supplying enough data to HAL, expected position 16309613 , only wrote 16309514
12-09 07:56:02.462 W/audio_hw_generic( 1307): Hardware backing HAL too slow, could only write 0 of 661 frames
12-09 07:56:02.566 W/art     ( 1591): Long monitor contention event with owner method=void com.android.server.wm.WindowAnimator$1.doFrame(long) from WindowAnimator.java:121 waiters=0 for 126ms
12-09 07:56:02.634 D/gralloc_ranchu( 1218): gralloc_alloc: Creating ashmem region of size 3686400
12-09 07:56:02.639 W/audio_hw_generic( 1307): Not supplying enough data to HAL, expected position 16318687 , only wrote 16318107
12-09 07:56:02.639 W/audio_hw_generic( 1307): Not supplying enough data to HAL, expected position 16318114 , only wrote 16318107
12-09 07:56:02.663 W/audio_hw_generic( 1307): Not supplying enough data to HAL, expected position 16319156 , only wrote 16318768
