12-09 08:39:57.009 W/audio_hw_generic( 1308): Not supplying enough data to HAL, expected position 46934607 , only wrote 46933644
12-09 08:39:57.048 W/audio_hw_generic( 1308): Hardware backing HAL too slow, could only write 0 of 661 frames
12-09 08:39:57.063 W/audio_hw_generic( 1308): Hardware backing HAL too slow, could only write 0 of 661 frames
12-09 08:39:57.071 I/art     (20668): Background sticky concurrent mark sweep GC freed 30156(1302KB) AllocSpace objects, 0(0B) LOS objects, 24% free, 3MB/4MB, paused 1.045ms total 133.505ms
12-09 08:39:57.080 W/audio_hw_generic( 1308): Hardware backing HAL too slow, could only write 0 of 661 frames
12-09 08:39:57.195 I/System.out(20668): URI: //gesture
12-09 08:39:57.198 I/System.out(20668): params: {json={"query_timeout":5.0,"gestures":[{"query_string":"android.widget.Button index:0","touches":[{"x":50,"y":50,"offset_x":0,"offset_y":0,"wait":0.0,"time":0.2,"release":true,"query_string":null}]}]}
12-09 08:39:57.198 I/System.out(20668): }
12-09 08:39:57.294 W/audio_hw_generic( 1308): Not supplying enough data to HAL, expected position 46946242 , only wrote 46944881
12-09 08:39:57.295 W/audio_hw_generic( 1308): Not supplying enough data to HAL, expected position 46944887 , only wrote 46944881
12-09 08:39:57.313 W/audio_hw_generic( 1308): Not supplying enough data to HAL, expected position 46945687 , only wrote 46945542
12-09 08:39:57.376 W/audio_hw_generic( 1308): Not supplying enough data to HAL, expected position 46948312 , only wrote 46948186
12-09 08:39:57.376 W/audio_hw_generic( 1308): Not supplying enough data to HAL, expected position 46948192 , only wrote 46948186
12-09 08:39:57.556 I/ActivityManager( 1592): START u0 {cmp=com.evancharlton.mileage/.FillupInfoActivity (has extras)} from uid 10143 on display 0
12-09 08:39:57.608 W/audio_hw_generic( 1308): Not supplying enough data to HAL, expected position 46958402 , only wrote 46958101
12-09 08:39:57.609 W/audio_hw_generic( 1308): Not supplying enough data to HAL, expected position 46958161 , only wrote 46958101
12-09 08:39:57.627 W/audio_hw_generic( 1308): Not supplying enough data to HAL, expected position 46958906 , only wrote 46958762
12-09 08:39:57.705 W/art     (20668): Suspending all threads took: 6.423ms
12-09 08:39:57.713 I/calabash(20668): newActivity1
12-09 08:39:57.744 I/art     (20668): Background sticky concurrent mark sweep GC freed 22635(1127KB) AllocSpace objects, 0(0B) LOS objects, 26% free, 3MB/4MB, paused 7.865ms total 72.797ms
12-09 08:39:58.002 V/PhoneStatusBar( 3051): setLightsOn(true)
12-09 08:39:58.039 W/audio_hw_generic( 1308): Not supplying enough data to HAL, expected position 46976903 , only wrote 46976609
12-09 08:39:58.039 W/audio_hw_generic( 1308): Not supplying enough data to HAL, expected position 46976615 , only wrote 46976609
12-09 08:39:58.050 D/gralloc_ranchu( 1224): gralloc_alloc: Creating ashmem region of size 3686400
12-09 08:39:58.067 W/audio_hw_generic( 1308): Not supplying enough data to HAL, expected position 46977858 , only wrote 46977270
12-09 08:39:58.282 W/audio_hw_generic( 1308): Hardware backing HAL too slow, could only write 0 of 661 frames
12-09 08:39:58.299 W/art     ( 1592): Long monitor contention event with owner method=void com.android.server.wm.WindowAnimator$1.doFrame(long) from WindowAnimator.java:121 waiters=0 for 101ms
12-09 08:39:58.307 W/audio_hw_generic( 1308): Hardware backing HAL too slow, could only write 0 of 661 frames
12-09 08:39:58.310 E/SurfaceFlinger( 1224): ro.sf.lcd_density must be defined as a build property
12-09 08:39:58.321 W/audio_hw_generic( 1308): Hardware backing HAL too slow, could only write 0 of 661 frames
12-09 08:39:58.374 W/audio_hw_generic( 1308): Hardware backing HAL too slow, could only write 0 of 661 frames
12-09 08:39:58.374 W/audio_hw_generic( 1308): Not supplying enough data to HAL, expected position 46990820 , only wrote 46989829
12-09 08:39:58.374 W/audio_hw_generic( 1308): Not supplying enough data to HAL, expected position 46989834 , only wrote 46989829
12-09 08:39:58.397 D/gralloc_ranchu( 1224): gralloc_alloc: Creating ashmem region of size 3686400
12-09 08:39:58.419 D/        (20777): HostConnection::get() New Host Connection established 0x7fae40712480, tid 20777
12-09 08:39:58.419 W/audio_hw_generic( 1308): Hardware backing HAL too slow, could only write 0 of 661 frames
12-09 08:39:58.437 W/audio_hw_generic( 1308): Hardware backing HAL too slow, could only write 0 of 661 frames
12-09 08:39:58.438 E/EGL_emulation( 1224): tid 1224: eglCreateSyncKHR(1881): error 0x3004 (EGL_BAD_ATTRIBUTE)
12-09 08:39:58.484 I/ActivityManager( 1592): Displayed com.evancharlton.mileage/.FillupInfoActivity: +777ms
12-09 08:39:58.492 D/gralloc_ranchu( 1224): gralloc_alloc: Creating ashmem region of size 3686400
12-09 08:39:58.580 W/audio_hw_generic( 1308): Not supplying enough data to HAL, expected position 46998891 , only wrote 46997100
12-09 08:39:58.580 W/audio_hw_generic( 1308): Not supplying enough data to HAL, expected position 46997109 , only wrote 46997100
12-09 08:39:58.595 W/audio_hw_generic( 1308): Not supplying enough data to HAL, expected position 46997767 , only wrote 46997761
12-09 08:39:58.810 W/audio_hw_generic( 1308): Not supplying enough data to HAL, expected position 47007215 , only wrote 47007015
12-09 08:39:58.847 W/audio_hw_generic( 1308): Hardware backing HAL too slow, could only write 0 of 661 frames
12-09 08:39:58.859 W/audio_hw_generic( 1308): Hardware backing HAL too slow, could only write 0 of 661 frames
12-09 08:39:58.874 W/audio_hw_generic( 1308): Hardware backing HAL too slow, could only write 0 of 661 frames
12-09 08:39:58.889 W/audio_hw_generic( 1308): Hardware backing HAL too slow, could only write 0 of 661 frames
12-09 08:39:58.942 W/art     ( 1592): Long monitor contention event with owner method=void com.android.server.wm.WindowAnimator$1.doFrame(long) from WindowAnimator.java:121 waiters=1 for 112ms
12-09 08:39:58.946 W/audio_hw_generic( 1308): Not supplying enough data to HAL, expected position 47013042 , only wrote 47012964
12-09 08:39:58.978 W/audio_hw_generic( 1308): Not supplying enough data to HAL, expected position 47014352 , only wrote 47014286
12-09 08:39:59.295 W/audio_hw_generic( 1308): Not supplying enough data to HAL, expected position 47028283 , only wrote 47024862
12-09 08:39:59.295 W/audio_hw_generic( 1308): Not supplying enough data to HAL, expected position 47024868 , only wrote 47024862
12-09 08:39:59.415 W/audio_hw_generic( 1308): Not supplying enough data to HAL, expected position 47030158 , only wrote 47029489
12-09 08:39:59.542 W/audio_hw_generic( 1308): Not supplying enough data to HAL, expected position 47035071 , only wrote 47034777
12-09 08:39:59.542 W/audio_hw_generic( 1308): Not supplying enough data to HAL, expected position 47034783 , only wrote 47034777
12-09 08:39:59.577 W/audio_hw_generic( 1308): Not supplying enough data to HAL, expected position 47036312 , only wrote 47035438
12-09 08:39:59.583 D/gralloc_ranchu( 1224): gralloc_alloc: Creating ashmem region of size 3686400
12-09 08:39:59.845 W/audio_hw_generic( 1308): Not supplying enough data to HAL, expected position 47047274 , only wrote 47036760
12-09 08:39:59.907 W/audio_hw_generic( 1308): Hardware backing HAL too slow, could only write 0 of 661 frames
12-09 08:39:59.919 W/audio_hw_generic( 1308): Hardware backing HAL too slow, could only write 0 of 661 frames
12-09 08:39:59.931 W/audio_hw_generic( 1308): Hardware backing HAL too slow, could only write 0 of 661 frames
12-09 08:39:59.947 W/audio_hw_generic( 1308): Hardware backing HAL too slow, could only write 0 of 661 frames
12-09 08:39:59.961 W/audio_hw_generic( 1308): Hardware backing HAL too slow, could only write 0 of 661 frames
12-09 08:39:59.991 W/audio_hw_generic( 1308): Hardware backing HAL too slow, could only write 0 of 661 frames
12-09 08:40:00.007 W/audio_hw_generic( 1308): Hardware backing HAL too slow, could only write 0 of 661 frames
12-09 08:40:00.024 W/audio_hw_generic( 1308): Hardware backing HAL too slow, could only write 0 of 661 frames
12-09 08:40:00.095 D/AndroidRuntime(20780): >>>>>> START com.android.internal.os.RuntimeInit uid 0 <<<<<<
12-09 08:40:00.096 D/AndroidRuntime(20780): CheckJNI is ON
12-09 08:40:00.131 D/ICU     (20780): No timezone override file found: /data/misc/zoneinfo/current/icu/icu_tzdata.dat
12-09 08:40:00.180 D/hwcomposer( 1224): hw_composer sent 798 syncs in 60s
12-09 08:40:00.184 E/memtrack(20780): Couldn't load memtrack module (No such file or directory)
12-09 08:40:00.187 E/android.os.Debug(20780): failed to load memtrack module: -2
12-09 08:40:00.188 I/Radio-JNI(20780): register_android_hardware_Radio DONE
12-09 08:40:00.203 D/AndroidRuntime(20780): Calling main entry com.android.commands.input.Input
12-09 08:40:00.203 I/Input   (20780): injectKeyEvent: KeyEvent { action=ACTION_DOWN, keyCode=KEYCODE_BACK, scanCode=0, metaState=0, flags=0x0, repeatCount=0, eventTime=6214138, downTime=6214138, deviceId=-1, source=0x101 }
12-09 08:40:00.240 W/audio_hw_generic( 1308): Not supplying enough data to HAL, expected position 47054145 , only wrote 47053285
12-09 08:40:00.240 W/audio_hw_generic( 1308): Not supplying enough data to HAL, expected position 47053292 , only wrote 47053285
12-09 08:40:00.255 W/audio_hw_generic( 1308): Not supplying enough data to HAL, expected position 47053968 , only wrote 47053946
12-09 08:40:00.329 I/Input   (20780): injectKeyEvent: KeyEvent { action=ACTION_UP, keyCode=KEYCODE_BACK, scanCode=0, metaState=0, flags=0x0, repeatCount=0, eventTime=6214138, downTime=6214138, deviceId=-1, source=0x101 }
12-09 08:40:00.356 D/AndroidRuntime(20780): Shutting down VM
12-09 08:40:00.380 W/audio_hw_generic( 1308): Hardware backing HAL too slow, could only write 0 of 661 frames
12-09 08:40:00.394 W/ActivityManager( 1592): Bad activity token: android.os.BinderProxy@15638fa
12-09 08:40:00.394 W/ActivityManager( 1592): java.lang.ClassCastException: android.os.BinderProxy cannot be cast to com.android.server.am.ActivityRecord$Token
12-09 08:40:00.394 W/ActivityManager( 1592): 	at com.android.server.am.ActivityRecord.forTokenLocked(ActivityRecord.java:424)
12-09 08:40:00.394 W/ActivityManager( 1592): 	at com.android.server.am.ActivityRecord.isInStackLocked(ActivityRecord.java:1121)
12-09 08:40:00.394 W/ActivityManager( 1592): 	at com.android.server.am.ActivityManagerService.getActivityOptions(ActivityManagerService.java:11038)
12-09 08:40:00.394 W/ActivityManager( 1592): 	at android.app.ActivityManagerNative.onTransact(ActivityManagerNative.java:1734)
12-09 08:40:00.394 W/ActivityManager( 1592): 	at com.android.server.am.ActivityManagerService.onTransact(ActivityManagerService.java:2443)
12-09 08:40:00.394 W/ActivityManager( 1592): 	at android.os.Binder.execTransact(Binder.java:453)
12-09 08:40:00.478 V/PhoneStatusBar( 3051): setLightsOn(true)
12-09 08:40:00.480 D/gralloc_ranchu( 1224): gralloc_alloc: Creating ashmem region of size 3686400
12-09 08:40:00.692 W/art     ( 1592): Long monitor contention event with owner method=void com.android.server.wm.WindowAnimator$1.doFrame(long) from WindowAnimator.java:121 waiters=0 for 109ms
12-09 08:40:00.709 I/System.out(20668): URI: //gesture
12-09 08:40:00.709 I/System.out(20668): params: {json={"query_timeout":5.0,"gestures":[{"query_string":"android.widget.TabWidget descendant TextView index:2","touches":[{"x":50,"y":50,"offset_x":0,"offset_y":0,"wait":0.0,"time":0.2,"release":true,"query_string":null}]}]}
12-09 08:40:00.709 I/System.out(20668): }
12-09 08:40:00.720 W/audio_hw_generic( 1308): Not supplying enough data to HAL, expected position 47094560 , only wrote 47074437
12-09 08:40:00.989 W/art     ( 1592): Long monitor contention event with owner method=void com.android.server.wm.WindowAnimator$1.doFrame(long) from WindowAnimator.java:121 waiters=0 for 148ms
12-09 08:40:01.268 W/art     ( 1592): Long monitor contention event with owner method=void com.android.server.wm.WindowAnimator$1.doFrame(long) from WindowAnimator.java:121 waiters=0 for 227ms
12-09 08:40:01.523 W/art     ( 1592): Long monitor contention event with owner method=void com.android.server.wm.WindowAnimator$1.doFrame(long) from WindowAnimator.java:121 waiters=0 for 173ms
12-09 08:40:01.524 I/Choreographer(20668): Skipped 58 frames!  The application may be doing too much work on its main thread.
12-09 08:40:01.525 D/gralloc_ranchu( 1224): gralloc_alloc: Creating ashmem region of size 3686400
12-09 08:40:02.020 D/gralloc_ranchu( 1224): gralloc_alloc: Creating ashmem region of size 3686400
12-09 08:40:02.577 I/calabash(20668): newActivity1
12-09 08:40:02.578 W/ActivityManager( 1592): Bad activity token: android.os.BinderProxy@a299957
12-09 08:40:02.578 W/ActivityManager( 1592): java.lang.ClassCastException: android.os.BinderProxy cannot be cast to com.android.server.am.ActivityRecord$Token
12-09 08:40:02.578 W/ActivityManager( 1592): 	at com.android.server.am.ActivityRecord.forTokenLocked(ActivityRecord.java:424)
12-09 08:40:02.578 W/ActivityManager( 1592): 	at com.android.server.am.ActivityRecord.isInStackLocked(ActivityRecord.java:1121)
12-09 08:40:02.578 W/ActivityManager( 1592): 	at com.android.server.am.ActivityRecord.getStackLocked(ActivityRecord.java:1126)
12-09 08:40:02.578 W/ActivityManager( 1592): 	at com.android.server.am.ActivityManagerService.getActivityDisplayId(ActivityManagerService.java:8889)
12-09 08:40:02.578 W/ActivityManager( 1592): 	at android.app.ActivityManagerNative.onTransact(ActivityManagerNative.java:2338)
12-09 08:40:02.578 W/ActivityManager( 1592): 	at com.android.server.am.ActivityManagerService.onTransact(ActivityManagerService.java:2443)
12-09 08:40:02.578 W/ActivityManager( 1592): 	at android.os.Binder.execTransact(Binder.java:453)
12-09 08:40:02.579 W/ActivityManager( 1592): Bad activity token: android.os.BinderProxy@a299957
12-09 08:40:02.579 W/ActivityManager( 1592): java.lang.ClassCastException: android.os.BinderProxy cannot be cast to com.android.server.am.ActivityRecord$Token
12-09 08:40:02.579 W/ActivityManager( 1592): 	at com.android.server.am.ActivityRecord.forTokenLocked(ActivityRecord.java:424)
12-09 08:40:02.579 W/ActivityManager( 1592): 	at com.android.server.am.ActivityRecord.isInStackLocked(ActivityRecord.java:1121)
12-09 08:40:02.579 W/ActivityManager( 1592): 	at com.android.server.am.ActivityManagerService.setTaskDescription(ActivityManagerService.java:8547)
12-09 08:40:02.579 W/ActivityManager( 1592): 	at android.app.ActivityManagerNative.onTransact(ActivityManagerNative.java:2410)
12-09 08:40:02.579 W/ActivityManager( 1592): 	at com.android.server.am.ActivityManagerService.onTransact(ActivityManagerService.java:2443)
12-09 08:40:02.579 W/ActivityManager( 1592): 	at android.os.Binder.execTransact(Binder.java:453)
12-09 08:40:02.639 D/AudioFlinger( 1308): mixer(0xf43c0000) throttle end: throttle time(19)
12-09 08:40:02.651 W/audio_hw_generic( 1308): Hardware backing HAL too slow, could only write 0 of 661 frames
12-09 08:40:02.671 D/VehicleStatisticsActivity(20668): Checking recalculation ...
12-09 08:40:02.672 D/AudioFlinger( 1308): mixer(0xf43c0000) throttle end: throttle time(2)
12-09 08:40:02.681 W/audio_hw_generic( 1308): Hardware backing HAL too slow, could only write 0 of 661 frames
12-09 08:40:02.726 D/VehicleStatisticsActivity(20668): Recalculating statistics
12-09 08:40:02.727 D/AndroidRuntime(20668): Shutting down VM
--------- beginning of crash
12-09 08:40:02.736 E/AndroidRuntime(20668): FATAL EXCEPTION: main
12-09 08:40:02.736 E/AndroidRuntime(20668): Process: com.evancharlton.mileage, PID: 20668
12-09 08:40:02.736 E/AndroidRuntime(20668): java.lang.VerifyError: Rejecting class com.evancharlton.mileage.tasks.VehicleStatisticsTask because it failed compile-time verification (declaration of 'com.evancharlton.mileage.tasks.VehicleStatisticsTask' appears in /data/app/com.evancharlton.mileage-1/base.apk)
12-09 08:40:02.736 E/AndroidRuntime(20668): 	at com.evancharlton.mileage.VehicleStatisticsActivity.calculate(VehicleStatisticsActivity.java:206)
12-09 08:40:02.736 E/AndroidRuntime(20668): 	at com.evancharlton.mileage.VehicleStatisticsActivity.recalculate(VehicleStatisticsActivity.java:170)
12-09 08:40:02.736 E/AndroidRuntime(20668): 	at com.evancharlton.mileage.VehicleStatisticsActivity.onCreate(VehicleStatisticsActivity.java:131)
12-09 08:40:02.736 E/AndroidRuntime(20668): 	at android.app.Activity.performCreate(Activity.java:6237)
12-09 08:40:02.736 E/AndroidRuntime(20668): 	at android.app.Instrumentation.callActivityOnCreate(Instrumentation.java:1107)
12-09 08:40:02.736 E/AndroidRuntime(20668): 	at android.app.ActivityThread.performLaunchActivity(ActivityThread.java:2369)
12-09 08:40:02.736 E/AndroidRuntime(20668): 	at android.app.ActivityThread.startActivityNow(ActivityThread.java:2240)
12-09 08:40:02.736 E/AndroidRuntime(20668): 	at android.app.LocalActivityManager.moveToState(LocalActivityManager.java:136)
12-09 08:40:02.736 E/AndroidRuntime(20668): 	at android.app.LocalActivityManager.startActivity(LocalActivityManager.java:348)
12-09 08:40:02.736 E/AndroidRuntime(20668): 	at android.widget.TabHost$IntentContentStrategy.getContentView(TabHost.java:724)
12-09 08:40:02.736 E/AndroidRuntime(20668): 	at android.widget.TabHost.setCurrentTab(TabHost.java:388)
12-09 08:40:02.736 E/AndroidRuntime(20668): 	at android.widget.TabHost$2.onTabSelectionChanged(TabHost.java:158)
12-09 08:40:02.736 E/AndroidRuntime(20668): 	at android.widget.TabWidget$TabClickListener.onClick(TabWidget.java:551)
12-09 08:40:02.736 E/AndroidRuntime(20668): 	at android.view.View.performClick(View.java:5198)
12-09 08:40:02.736 E/AndroidRuntime(20668): 	at android.view.View$PerformClick.run(View.java:21147)
12-09 08:40:02.736 E/AndroidRuntime(20668): 	at android.os.Handler.handleCallback(Handler.java:739)
12-09 08:40:02.736 E/AndroidRuntime(20668): 	at android.os.Handler.dispatchMessage(Handler.java:95)
12-09 08:40:02.736 E/AndroidRuntime(20668): 	at android.os.Looper.loop(Looper.java:148)
12-09 08:40:02.736 E/AndroidRuntime(20668): 	at android.app.ActivityThread.main(ActivityThread.java:5417)
12-09 08:40:02.736 E/AndroidRuntime(20668): 	at java.lang.reflect.Method.invoke(Native Method)
12-09 08:40:02.736 E/AndroidRuntime(20668): 	at com.android.internal.os.ZygoteInit$MethodAndArgsCaller.run(ZygoteInit.java:726)
12-09 08:40:02.736 E/AndroidRuntime(20668): 	at com.android.internal.os.ZygoteInit.main(ZygoteInit.java:616)
12-09 08:40:02.737 W/ActivityManager( 1592): Error in app com.evancharlton.mileage running instrumentation ComponentInfo{com.evancharlton.mileage.test/sh.calaba.instrumentationbackend.CalabashInstrumentationTestRunner}:
12-09 08:40:02.737 W/ActivityManager( 1592):   java.lang.VerifyError
12-09 08:40:02.737 W/ActivityManager( 1592):   java.lang.VerifyError: Rejecting class com.evancharlton.mileage.tasks.VehicleStatisticsTask because it failed compile-time verification (declaration of 'com.evancharlton.mileage.tasks.VehicleStatisticsTask' appears in /data/app/com.evancharlton.mileage-1/base.apk)
12-09 08:40:02.737 I/ActivityManager( 1592): Force stopping com.evancharlton.mileage appid=10143 user=0: finished inst
12-09 08:40:02.737 I/ActivityManager( 1592): Killing 20668:com.evancharlton.mileage/u0a143 (adj 0): stop com.evancharlton.mileage
12-09 08:40:02.746 W/InputDispatcher( 1592): channel 'ae49d8 com.evancharlton.mileage/com.evancharlton.mileage.Mileage (server)' ~ Consumer closed input channel or an error occurred.  events=0x9
12-09 08:40:02.746 E/InputDispatcher( 1592): channel 'ae49d8 com.evancharlton.mileage/com.evancharlton.mileage.Mileage (server)' ~ Channel is unrecoverably broken and will be disposed!
12-09 08:40:02.801 I/WindowState( 1592): WIN DEATH: Window{ae49d8 u0 com.evancharlton.mileage/com.evancharlton.mileage.Mileage}
12-09 08:40:02.801 W/InputDispatcher( 1592): Attempted to unregister already unregistered input channel 'ae49d8 com.evancharlton.mileage/com.evancharlton.mileage.Mileage (server)'
12-09 08:40:02.873 W/audio_hw_generic( 1308): Hardware backing HAL too slow, could only write 0 of 661 frames
12-09 08:40:02.880 W/ActivityManager( 1592): Force removing ActivityRecord{642c166 u0 com.evancharlton.mileage/.Mileage t496}: app died, no saved state
12-09 08:40:02.891 W/audio_hw_generic( 1308): Hardware backing HAL too slow, could only write 0 of 661 frames
12-09 08:40:02.927 W/audio_hw_generic( 1308): Hardware backing HAL too slow, could only write 0 of 661 frames
12-09 08:40:02.965 W/art     ( 1592): Long monitor contention event with owner method=void com.android.server.am.ActivityManagerService.crashApplication(com.android.server.am.ProcessRecord, android.app.ApplicationErrorReport$CrashInfo) from ActivityManagerService.java:12502 waiters=0 for 227ms
12-09 08:40:02.968 W/ActivityManager( 1592): Spurious death for ProcessRecord{b8fc44 0:com.evancharlton.mileage/u0a143}, curProc for 20668: null
12-09 08:40:03.111 D/EGL_emulation( 1933): eglMakeCurrent: 0x7f28c5d61aa0: ver 2 0 (tinfo 0x7f28c5d42860)
12-09 08:40:03.141 W/InputMethodManagerService( 1592): Got RemoteException sending setActive(false) notification to pid 20668 uid 10143
12-09 08:40:03.211 W/audio_hw_generic( 1308): Hardware backing HAL too slow, could only write 0 of 661 frames
12-09 08:40:03.344 I/AccountManagerService( 1592): getTypesVisibleToCaller: isPermitted? true
12-09 08:40:03.459 W/audio_hw_generic( 1308): Hardware backing HAL too slow, could only write 0 of 661 frames
12-09 08:40:03.534 W/audio_hw_generic( 1308): Not supplying enough data to HAL, expected position 47114777 , only wrote 47114758
12-09 08:40:03.534 W/audio_hw_generic( 1308): Not supplying enough data to HAL, expected position 47114764 , only wrote 47114758
12-09 08:40:03.551 W/audio_hw_generic( 1308): Not supplying enough data to HAL, expected position 47115507 , only wrote 47115419
12-09 08:40:03.628 W/audio_hw_generic( 1308): Not supplying enough data to HAL, expected position 47118795 , only wrote 47118724
12-09 08:40:03.628 W/audio_hw_generic( 1308): Not supplying enough data to HAL, expected position 47118731 , only wrote 47118724
12-09 08:40:03.664 W/audio_hw_generic( 1308): Not supplying enough data to HAL, expected position 47120313 , only wrote 47119385
