--------- beginning of main
12-09 08:37:23.293 E/EGL_emulation( 1224): tid 1224: eglCreateSyncKHR(1881): error 0x3004 (EGL_BAD_ATTRIBUTE)
12-09 08:37:23.361 W/audio_hw_generic( 1309): Not supplying enough data to HAL, expected position 44193805 , only wrote 44193799
12-09 08:37:23.377 W/audio_hw_generic( 1309): Not supplying enough data to HAL, expected position 44194498 , only wrote 44193799
12-09 08:37:23.515 W/audio_hw_generic( 1309): Hardware backing HAL too slow, could only write 0 of 661 frames
12-09 08:37:23.521 W/audio_hw_generic( 1309): Hardware backing HAL too slow, could only write 0 of 661 frames
12-09 08:37:23.561 W/audio_hw_generic( 1309): Hardware backing HAL too slow, could only write 0 of 661 frames
12-09 08:37:23.563 W/audio_hw_generic( 1309): Hardware backing HAL too slow, could only write 0 of 661 frames
--------- beginning of system
12-09 08:37:23.579 W/ActivityManager( 1594): Finishing task with all activities already finished
12-09 08:37:23.579 W/ActivityManager( 1594): Duplicate finish request for ActivityRecord{5d1b3fe u0 com.evancharlton.mileage/.Mileage t507 f}
12-09 08:37:23.579 W/ActivityManager( 1594): Finishing task with all activities already finished
12-09 08:37:23.579 W/ActivityManager( 1594): Duplicate finish request for ActivityRecord{5d1b3fe u0 com.evancharlton.mileage/.Mileage t507 f}
12-09 08:37:23.579 W/ActivityManager( 1594): Finishing task with all activities already finished
12-09 08:37:23.579 W/ActivityManager( 1594): Duplicate finish request for ActivityRecord{5d1b3fe u0 com.evancharlton.mileage/.Mileage t507 f}
12-09 08:37:23.597 W/audio_hw_generic( 1309): Not supplying enough data to HAL, expected position 44212286 , only wrote 44203053
12-09 08:37:23.682 I/art     ( 1594): Background partial concurrent mark sweep GC freed 11256(770KB) AllocSpace objects, 5(100KB) LOS objects, 29% free, 9MB/13MB, paused 10.635ms total 240.990ms
12-09 08:37:23.881 D/EGL_emulation( 1944): eglMakeCurrent: 0x7f3f7fbe1d20: ver 2 0 (tinfo 0x7f3f7fbc28e0)
12-09 08:37:24.292 D/AndroidRuntime(21088): >>>>>> START com.android.internal.os.RuntimeInit uid 0 <<<<<<
12-09 08:37:24.322 D/AndroidRuntime(21088): CheckJNI is ON
12-09 08:37:24.355 D/ICU     (21088): No timezone override file found: /data/misc/zoneinfo/current/icu/icu_tzdata.dat
12-09 08:37:24.495 E/memtrack(21088): Couldn't load memtrack module (No such file or directory)
12-09 08:37:24.495 E/android.os.Debug(21088): failed to load memtrack module: -2
12-09 08:37:24.496 I/Radio-JNI(21088): register_android_hardware_Radio DONE
12-09 08:37:24.537 D/AndroidRuntime(21088): Calling main entry com.android.commands.am.Am
12-09 08:37:24.548 I/ActivityManager( 1594): Force stopping com.evancharlton.mileage appid=10145 user=0: start instr
12-09 08:37:24.548 I/ActivityManager( 1594): Killing 21019:com.evancharlton.mileage/u0a145 (adj 0): stop com.evancharlton.mileage
12-09 08:37:24.585 W/InputDispatcher( 1594): channel '17a0c Toast (server)' ~ Consumer closed input channel or an error occurred.  events=0x9
12-09 08:37:24.585 E/InputDispatcher( 1594): channel '17a0c Toast (server)' ~ Channel is unrecoverably broken and will be disposed!
12-09 08:37:24.648 W/ActivityManager( 1594): Crash of app com.evancharlton.mileage running instrumentation ComponentInfo{com.evancharlton.mileage.test/sh.calaba.instrumentationbackend.CalabashInstrumentationTestRunner}
12-09 08:37:24.648 I/ActivityManager( 1594): Force stopping com.evancharlton.mileage appid=10145 user=0: finished inst
12-09 08:37:24.723 I/WindowState( 1594): WIN DEATH: Window{17a0c u0 Toast}
12-09 08:37:24.723 W/InputDispatcher( 1594): Attempted to unregister already unregistered input channel '17a0c Toast (server)'
12-09 08:37:24.733 I/WindowState( 1594): WIN DEATH: Window{ff30e44 u0 com.evancharlton.mileage/com.evancharlton.mileage.Mileage EXITING}
12-09 08:37:24.855 W/WindowAnimator( 1594): Failed to dispatch window animation state change.
12-09 08:37:24.855 W/WindowAnimator( 1594): android.os.DeadObjectException
12-09 08:37:24.855 W/WindowAnimator( 1594): 	at android.os.BinderProxy.transactNative(Native Method)
12-09 08:37:24.855 W/WindowAnimator( 1594): 	at android.os.BinderProxy.transact(Binder.java:503)
12-09 08:37:24.855 W/WindowAnimator( 1594): 	at android.view.IWindow$Stub$Proxy.onAnimationStarted(IWindow.java:520)
12-09 08:37:24.855 W/WindowAnimator( 1594): 	at com.android.server.wm.WindowAnimator.updateWindowsLocked(WindowAnimator.java:282)
12-09 08:37:24.855 W/WindowAnimator( 1594): 	at com.android.server.wm.WindowAnimator.animateLocked(WindowAnimator.java:678)
12-09 08:37:24.855 W/WindowAnimator( 1594): 	at com.android.server.wm.WindowAnimator.-wrap0(WindowAnimator.java)
12-09 08:37:24.855 W/WindowAnimator( 1594): 	at com.android.server.wm.WindowAnimator$1.doFrame(WindowAnimator.java:123)
12-09 08:37:24.855 W/WindowAnimator( 1594): 	at android.view.Choreographer$CallbackRecord.run(Choreographer.java:856)
12-09 08:37:24.855 W/WindowAnimator( 1594): 	at android.view.Choreographer.doCallbacks(Choreographer.java:670)
12-09 08:37:24.855 W/WindowAnimator( 1594): 	at android.view.Choreographer.doFrame(Choreographer.java:603)
12-09 08:37:24.855 W/WindowAnimator( 1594): 	at android.view.Choreographer$FrameDisplayEventReceiver.run(Choreographer.java:844)
12-09 08:37:24.855 W/WindowAnimator( 1594): 	at android.os.Handler.handleCallback(Handler.java:739)
12-09 08:37:24.855 W/WindowAnimator( 1594): 	at android.os.Handler.dispatchMessage(Handler.java:95)
12-09 08:37:24.855 W/WindowAnimator( 1594): 	at android.os.Looper.loop(Looper.java:148)
12-09 08:37:24.855 W/WindowAnimator( 1594): 	at android.os.HandlerThread.run(HandlerThread.java:61)
12-09 08:37:24.855 W/WindowAnimator( 1594): 	at com.android.server.ServiceThread.run(ServiceThread.java:46)
12-09 08:37:24.868 I/ActivityManager( 1594): Start proc 21097:com.evancharlton.mileage/u0a145 for added application com.evancharlton.mileage
12-09 08:37:24.880 W/art     ( 1594): Long monitor contention event with owner method=boolean com.android.server.am.ActivityManagerService.startInstrumentation(android.content.ComponentName, java.lang.String, int, android.os.Bundle, android.app.IInstrumentationWatcher, android.app.IUiAutomationConnection, int, java.lang.String) from ActivityManagerService.java:17066 waiters=0 for 331ms
12-09 08:37:24.881 W/ActivityManager( 1594): Spurious death for ProcessRecord{1c2a937 0:com.evancharlton.mileage/u0a145}, curProc for 21019: null
12-09 08:37:24.884 D/AndroidRuntime(21088): Shutting down VM
12-09 08:37:24.890 W/InputMethodManagerService( 1594): Got RemoteException sending setActive(false) notification to pid 21019 uid 10145
12-09 08:37:24.891 I/Choreographer( 1944): Skipped 59 frames!  The application may be doing too much work on its main thread.
12-09 08:37:24.894 W/art     ( 1594): Long monitor contention event with owner method=com.android.internal.view.InputBindResult com.android.server.InputMethodManagerService.windowGainedFocus(com.android.internal.view.IInputMethodClient, android.os.IBinder, int, int, int, android.view.inputmethod.EditorInfo, com.android.internal.view.IInputContext) from InputMethodManagerService.java:2177 waiters=1 for 170ms
12-09 08:37:24.916 I/art     (21097): Background partial concurrent mark sweep GC freed 11927(400KB) AllocSpace objects, 0(0B) LOS objects, 79% free, 261KB/1285KB, paused 10.147ms total 42.241ms
12-09 08:37:24.981 D/EGL_emulation( 1878): eglMakeCurrent: 0x7f3f7c212560: ver 2 0 (tinfo 0x7f3f73f7fba0)
12-09 08:37:25.070 E/Surface ( 1878): getSlotFromBufferLocked: unknown buffer: 0x7f3f7c20eb40
12-09 08:37:25.216 W/System  (21097): ClassLoader referenced unknown path: /data/app/com.evancharlton.mileage.test-1/lib/x86_64
12-09 08:37:25.216 W/System  (21097): ClassLoader referenced unknown path: /data/app/com.evancharlton.mileage-1/lib/x86_64
12-09 08:37:25.274 I/System.out(21097): Main activity name automatically set to: com.evancharlton.mileage.Mileage
12-09 08:37:25.274 I/System.out(21097): Calabash did not load Mono. This is only a problem if you are trying to test a Mono application
12-09 08:37:25.275 I/calabash(21097): Test server port: 7102
12-09 08:37:25.275 I/InstrumentationBackend(21097): Added:'GetPreferences', with key:'get_preferences'
12-09 08:37:25.380 I/InstrumentationBackend(21097): Added:'SetPreferences', with key:'set_preferences'
12-09 08:37:25.380 I/InstrumentationBackend(21097): Added:'ClearPreferences', with key:'clear_preferences'
12-09 08:37:25.380 I/InstrumentationBackend(21097): Added:'PressElement', with key:'press_l10n_element'
12-09 08:37:25.380 I/InstrumentationBackend(21097): Added:'WaitForElement', with key:'wait_for_l10n_element'
12-09 08:37:25.384 I/InstrumentationBackend(21097): Added:'NullAction', with key:'nullAction'
12-09 08:37:25.390 I/InstrumentationBackend(21097): Added:'PressKey', with key:'press_key'
12-09 08:37:25.390 I/InstrumentationBackend(21097): Added:'SetActivityOrientation', with key:'set_activity_orientation'
12-09 08:37:25.390 I/InstrumentationBackend(21097): Added:'GetActivityOrientation', with key:'get_activity_orientation'
12-09 08:37:25.391 I/InstrumentationBackend(21097): Added:'FakeGPSLocation', with key:'set_gps_coordinates'
12-09 08:37:25.391 I/InstrumentationBackend(21097): Added:'SetPropertyByCssSelector', with key:'set_property_by_css_selector'
12-09 08:37:25.391 I/InstrumentationBackend(21097): Added:'GetUrl', with key:'get_url'
12-09 08:37:25.392 I/InstrumentationBackend(21097): Added:'ScrollTo', with key:'scroll_to'
12-09 08:37:25.392 I/InstrumentationBackend(21097): Added:'GetLoadProgress', with key:'get_load_progress'
12-09 08:37:25.392 I/InstrumentationBackend(21097): Added:'DumpHtml', with key:'dump_html'
12-09 08:37:25.398 I/InstrumentationBackend(21097): Added:'DumpBodyHtml', with key:'dump_body_html'
12-09 08:37:25.398 I/InstrumentationBackend(21097): Added:'EnterTextByCssSelector', with key:'enter_text_by_selector'
12-09 08:37:25.399 I/InstrumentationBackend(21097): Added:'AndroidSDKVersion', with key:'android_sdk_version'
12-09 08:37:25.399 I/InstrumentationBackend(21097): Added:'Version', with key:'version'
12-09 08:37:25.399 I/InstrumentationBackend(21097): Added:'Drag', with key:'drag'
12-09 08:37:25.399 I/InstrumentationBackend(21097): Added:'TouchCoordinates', with key:'touch_coordinate'
12-09 08:37:25.400 I/InstrumentationBackend(21097): Added:'LongPressCoordinate', with key:'long_press_coordinate'
12-09 08:37:25.400 I/InstrumentationBackend(21097): Added:'DragCoordinates', with key:'drag_coordinates'
12-09 08:37:25.400 I/InstrumentationBackend(21097): Added:'ResumeApplication', with key:'resume_application'
12-09 08:37:25.400 I/InstrumentationBackend(21097): Added:'Swipe', with key:'swipe'
12-09 08:37:25.400 I/InstrumentationBackend(21097): Added:'DoubleTapCoordinate', with key:'double_tap_coordinate'
12-09 08:37:25.400 I/InstrumentationBackend(21097): Added:'ClickOnScreen', with key:'click_on_screen'
12-09 08:37:25.404 I/InstrumentationBackend(21097): Added:'GetActivityName', with key:'get_activity_name'
12-09 08:37:25.425 I/InstrumentationBackend(21097): Added:'ScrollToView', with key:'scroll_to_view'
12-09 08:37:25.425 I/InstrumentationBackend(21097): Added:'ViewConfiguration', with key:'view_configuration'
12-09 08:37:25.426 I/InstrumentationBackend(21097): Added:'IsCurrentActivityFocused', with key:'is_current_activity_focused'
12-09 08:37:25.426 I/InstrumentationBackend(21097): Added:'SendTcp', with key:'send_tcp'
12-09 08:37:25.426 I/InstrumentationBackend(21097): Added:'DpToDevicePixel', with key:'dp_to_device_pixel'
12-09 08:37:25.426 I/InstrumentationBackend(21097): Added:'KeyboardEnterText', with key:'keyboard_enter_text'
12-09 08:37:25.427 I/InstrumentationBackend(21097): Added:'DeleteSurroundingText', with key:'delete_surrounding_text'
12-09 08:37:25.427 I/InstrumentationBackend(21097): Added:'SetComposingRegion', with key:'set_composing_region'
12-09 08:37:25.427 I/InstrumentationBackend(21097): Added:'SetSelection', with key:'set_selection'
12-09 08:37:25.427 I/InstrumentationBackend(21097): Added:'KeyboardKeyEvent', with key:'keyboard_key_event'
12-09 08:37:25.427 I/InstrumentationBackend(21097): Added:'PressUserActionButton', with key:'press_user_action_button'
12-09 08:37:25.428 I/InstrumentationBackend(21097): Added:'HideSoftKeyboard', with key:'hide_soft_keyboard'
12-09 08:37:25.428 I/InstrumentationBackend(21097): Added:'ListActions', with key:'list_actions'
12-09 08:37:25.428 I/calabash(21097): Instantiating http server at 7102
12-09 08:37:25.437 I/System.out(21097): HTTP Daemon listening on: 7102
12-09 08:37:25.458 I/System.out(21097): URI: //ping
12-09 08:37:25.458 I/System.out(21097): params: {json={}
12-09 08:37:25.459 I/System.out(21097): }
12-09 08:37:25.605 W/art     ( 1594): Long monitor contention event with owner method=void com.android.server.wm.WindowAnimator$1.doFrame(long) from WindowAnimator.java:121 waiters=1 for 387ms
12-09 08:37:25.661 W/WindowAnimator( 1594): Failed to dispatch window animation state change.
12-09 08:37:25.661 W/WindowAnimator( 1594): android.os.DeadObjectException
12-09 08:37:25.661 W/WindowAnimator( 1594): 	at android.os.BinderProxy.transactNative(Native Method)
12-09 08:37:25.661 W/WindowAnimator( 1594): 	at android.os.BinderProxy.transact(Binder.java:503)
12-09 08:37:25.661 W/WindowAnimator( 1594): 	at android.view.IWindow$Stub$Proxy.onAnimationStopped(IWindow.java:534)
12-09 08:37:25.661 W/WindowAnimator( 1594): 	at com.android.server.wm.WindowAnimator.updateWindowsLocked(WindowAnimator.java:286)
12-09 08:37:25.661 W/WindowAnimator( 1594): 	at com.android.server.wm.WindowAnimator.animateLocked(WindowAnimator.java:678)
12-09 08:37:25.661 W/WindowAnimator( 1594): 	at com.android.server.wm.WindowAnimator.-wrap0(WindowAnimator.java)
12-09 08:37:25.661 W/WindowAnimator( 1594): 	at com.android.server.wm.WindowAnimator$1.doFrame(WindowAnimator.java:123)
12-09 08:37:25.661 W/WindowAnimator( 1594): 	at android.view.Choreographer$CallbackRecord.run(Choreographer.java:856)
12-09 08:37:25.661 W/WindowAnimator( 1594): 	at android.view.Choreographer.doCallbacks(Choreographer.java:670)
12-09 08:37:25.661 W/WindowAnimator( 1594): 	at android.view.Choreographer.doFrame(Choreographer.java:603)
12-09 08:37:25.661 W/WindowAnimator( 1594): 	at android.view.Choreographer$FrameDisplayEventReceiver.run(Choreographer.java:844)
12-09 08:37:25.661 W/WindowAnimator( 1594): 	at android.os.Handler.handleCallback(Handler.java:739)
12-09 08:37:25.661 W/WindowAnimator( 1594): 	at android.os.Handler.dispatchMessage(Handler.java:95)
12-09 08:37:25.661 W/WindowAnimator( 1594): 	at android.os.Looper.loop(Looper.java:148)
12-09 08:37:25.661 W/WindowAnimator( 1594): 	at android.os.HandlerThread.run(HandlerThread.java:61)
12-09 08:37:25.661 W/WindowAnimator( 1594): 	at com.android.server.ServiceThread.run(ServiceThread.java:46)
12-09 08:37:25.662 I/Choreographer( 1944): Skipped 46 frames!  The application may be doing too much work on its main thread.
12-09 08:37:25.688 I/art     (21097): Background partial concurrent mark sweep GC freed 1609(225KB) AllocSpace objects, 4(80KB) LOS objects, 50% free, 992KB/2016KB, paused 10.681ms total 249.748ms
12-09 08:37:25.693 I/System.out(21097): URI: //ping
12-09 08:37:25.693 I/System.out(21097): params: {json={}
12-09 08:37:25.693 I/System.out(21097): }
12-09 08:37:25.735 I/System.out(21097): URI: //ready
12-09 08:37:25.735 I/System.out(21097): params: {json={}
12-09 08:37:25.735 I/System.out(21097): }
12-09 08:37:25.775 W/OpenGLRenderer( 1944): Incorrectly called buildLayer on View: ShortcutAndWidgetContainer, destroying layer...
12-09 08:37:25.825 I/System.out(21097): URI: //
12-09 08:37:25.825 I/System.out(21097): params: {json={"command":"version","arguments":[]}
12-09 08:37:25.826 I/System.out(21097): }
12-09 08:37:25.826 I/System.out(21097): header: {date=Sun, 09 Dec 2018 08:37:26 GMT, accept=*/*, content-length=36, host=127.0.0.1:34777, user-agent=HTTPClient/1.0 (2.8.3, ruby 2.3.1 (2016-04-26)), content-type=application/json;charset=utf-8}
12-09 08:37:25.826 I/System.out(21097): params: {json={"command":"version","arguments":[]}
12-09 08:37:25.826 I/System.out(21097): }
12-09 08:37:25.826 I/System.out(21097): ProP json = {"command":"version","arguments":[]}
12-09 08:37:25.826 I/System.out(21097): files: {}
12-09 08:37:25.826 I/System.out(21097): command: {"command":"version","arguments":[]}
12-09 08:37:25.877 I/InstrumentationBackend(21097): Got command:'Command:'Line:null,version', arguments:'[]'
12-09 08:37:25.987 I/System.out(21097): result:{"bonusInformation":[],"message":"0.9.8","success":true}
12-09 08:37:26.161 I/System.out(21097): URI: //start-application
12-09 08:37:26.161 I/System.out(21097): params: {json={"intent":null}
12-09 08:37:26.161 I/System.out(21097): }
12-09 08:37:26.236 I/art     (21097): Background sticky concurrent mark sweep GC freed 17434(837KB) AllocSpace objects, 2(40KB) LOS objects, 32% free, 1366KB/2016KB, paused 7.185ms total 46.394ms
12-09 08:37:26.250 I/ActivityManager( 1594): START u0 {act=android.intent.action.MAIN cat=[android.intent.category.LAUNCHER] flg=0x10200000 cmp=com.evancharlton.mileage/.Mileage} from uid 10145 on display 0
12-09 08:37:26.506 W/WindowState( 1594): Failed to report 'resized' to the client of Window{ff30e44 u0 com.evancharlton.mileage/com.evancharlton.mileage.Mileage EXITING}, removing this window.
12-09 08:37:26.595 I/calabash(21097): newActivity1
12-09 08:37:26.686 I/calabash(21097): newActivity1
12-09 08:37:26.688 W/ActivityManager( 1594): Bad activity token: android.os.BinderProxy@50548e6
12-09 08:37:26.688 W/ActivityManager( 1594): java.lang.ClassCastException: android.os.BinderProxy cannot be cast to com.android.server.am.ActivityRecord$Token
12-09 08:37:26.688 W/ActivityManager( 1594): 	at com.android.server.am.ActivityRecord.forTokenLocked(ActivityRecord.java:424)
12-09 08:37:26.688 W/ActivityManager( 1594): 	at com.android.server.am.ActivityRecord.isInStackLocked(ActivityRecord.java:1121)
12-09 08:37:26.688 W/ActivityManager( 1594): 	at com.android.server.am.ActivityRecord.getStackLocked(ActivityRecord.java:1126)
12-09 08:37:26.688 W/ActivityManager( 1594): 	at com.android.server.am.ActivityManagerService.getActivityDisplayId(ActivityManagerService.java:8889)
12-09 08:37:26.688 W/ActivityManager( 1594): 	at android.app.ActivityManagerNative.onTransact(ActivityManagerNative.java:2338)
12-09 08:37:26.688 W/ActivityManager( 1594): 	at com.android.server.am.ActivityManagerService.onTransact(ActivityManagerService.java:2443)
12-09 08:37:26.688 W/ActivityManager( 1594): 	at android.os.Binder.execTransact(Binder.java:453)
12-09 08:37:26.693 W/ActivityManager( 1594): Bad activity token: android.os.BinderProxy@50548e6
12-09 08:37:26.693 W/ActivityManager( 1594): java.lang.ClassCastException: android.os.BinderProxy cannot be cast to com.android.server.am.ActivityRecord$Token
12-09 08:37:26.693 W/ActivityManager( 1594): 	at com.android.server.am.ActivityRecord.forTokenLocked(ActivityRecord.java:424)
12-09 08:37:26.693 W/ActivityManager( 1594): 	at com.android.server.am.ActivityRecord.isInStackLocked(ActivityRecord.java:1121)
12-09 08:37:26.693 W/ActivityManager( 1594): 	at com.android.server.am.ActivityManagerService.setTaskDescription(ActivityManagerService.java:8547)
12-09 08:37:26.693 W/ActivityManager( 1594): 	at android.app.ActivityManagerNative.onTransact(ActivityManagerNative.java:2410)
12-09 08:37:26.693 W/ActivityManager( 1594): 	at com.android.server.am.ActivityManagerService.onTransact(ActivityManagerService.java:2443)
12-09 08:37:26.693 W/ActivityManager( 1594): 	at android.os.Binder.execTransact(Binder.java:453)
12-09 08:37:26.797 W/ActivityManager( 1594): Bad activity token: android.os.BinderProxy@50548e6
12-09 08:37:26.797 W/ActivityManager( 1594): java.lang.ClassCastException: android.os.BinderProxy cannot be cast to com.android.server.am.ActivityRecord$Token
12-09 08:37:26.797 W/ActivityManager( 1594): 	at com.android.server.am.ActivityRecord.forTokenLocked(ActivityRecord.java:424)
12-09 08:37:26.797 W/ActivityManager( 1594): 	at com.android.server.am.ActivityRecord.isInStackLocked(ActivityRecord.java:1121)
12-09 08:37:26.797 W/ActivityManager( 1594): 	at com.android.server.am.ActivityManagerService.getActivityOptions(ActivityManagerService.java:11038)
12-09 08:37:26.797 W/ActivityManager( 1594): 	at android.app.ActivityManagerNative.onTransact(ActivityManagerNative.java:1734)
12-09 08:37:26.797 W/ActivityManager( 1594): 	at com.android.server.am.ActivityManagerService.onTransact(ActivityManagerService.java:2443)
12-09 08:37:26.797 W/ActivityManager( 1594): 	at android.os.Binder.execTransact(Binder.java:453)
12-09 08:37:26.798 W/ActivityManager( 1594): Bad activity token: android.os.BinderProxy@50548e6
12-09 08:37:26.798 W/ActivityManager( 1594): java.lang.ClassCastException: android.os.BinderProxy cannot be cast to com.android.server.am.ActivityRecord$Token
12-09 08:37:26.798 W/ActivityManager( 1594): 	at com.android.server.am.ActivityRecord.forTokenLocked(ActivityRecord.java:424)
12-09 08:37:26.798 W/ActivityManager( 1594): 	at com.android.server.am.ActivityRecord.isInStackLocked(ActivityRecord.java:1121)
12-09 08:37:26.798 W/ActivityManager( 1594): 	at com.android.server.am.ActivityManagerService.getActivityOptions(ActivityManagerService.java:11038)
12-09 08:37:26.798 W/ActivityManager( 1594): 	at android.app.ActivityManagerNative.onTransact(ActivityManagerNative.java:1734)
12-09 08:37:26.798 W/ActivityManager( 1594): 	at com.android.server.am.ActivityManagerService.onTransact(ActivityManagerService.java:2443)
12-09 08:37:26.798 W/ActivityManager( 1594): 	at android.os.Binder.execTransact(Binder.java:453)
12-09 08:37:26.912 D/gralloc_ranchu( 1224): gralloc_alloc: Creating ashmem region of size 3686400
12-09 08:37:26.946 I/art     (21097): Background partial concurrent mark sweep GC freed 1764(130KB) AllocSpace objects, 1(20KB) LOS objects, 40% free, 1822KB/2MB, paused 10.324ms total 55.715ms
12-09 08:37:27.135 V/PhoneStatusBar( 2192): setLightsOn(true)
12-09 08:37:27.252 W/art     ( 1594): Long monitor contention event with owner method=int com.android.server.wm.WindowManagerService.relayoutWindow(com.android.server.wm.Session, android.view.IWindow, int, android.view.WindowManager$LayoutParams, int, int, int, int, android.graphics.Rect, android.graphics.Rect, android.graphics.Rect, android.graphics.Rect, android.graphics.Rect, android.graphics.Rect, android.content.res.Configuration, android.view.Surface) from WindowManagerService.java:3103 waiters=0 for 117ms
12-09 08:37:27.254 D/gralloc_ranchu( 1224): gralloc_alloc: Creating ashmem region of size 3686400
12-09 08:37:27.268 V/PhoneStatusBar( 2192): setLightsOn(true)
12-09 08:37:27.316 D/EGL_emulation( 1944): eglMakeCurrent: 0x7f3f7fbe1d20: ver 2 0 (tinfo 0x7f3f7fbc28e0)
12-09 08:37:27.317 E/Surface ( 1944): getSlotFromBufferLocked: unknown buffer: 0x7f3f7c1a5e80
12-09 08:37:27.327 D/        (21097): HostConnection::get() New Host Connection established 0x7f3f7fb5d320, tid 21097
12-09 08:37:27.994 W/art     ( 1594): Long monitor contention event with owner method=void com.android.server.wm.WindowAnimator$1.doFrame(long) from WindowAnimator.java:121 waiters=1 for 315ms
12-09 08:37:28.378 W/art     ( 1594): Long monitor contention event with owner method=void com.android.server.wm.WindowAnimator$1.doFrame(long) from WindowAnimator.java:121 waiters=1 for 274ms
12-09 08:37:28.425 D/gralloc_ranchu( 1224): gralloc_alloc: Creating ashmem region of size 3686400
12-09 08:37:28.430 I/ActivityManager( 1594): Displayed com.evancharlton.mileage/.Mileage: +1s851ms
12-09 08:37:28.959 W/art     ( 1594): Long monitor contention event with owner method=void com.android.server.wm.WindowAnimator$1.doFrame(long) from WindowAnimator.java:121 waiters=0 for 185ms
12-09 08:37:29.305 D/gralloc_ranchu( 1224): gralloc_alloc: Creating ashmem region of size 3686400
12-09 08:37:31.205 I/System.out(21097): URI: //map
12-09 08:37:31.205 I/System.out(21097): params: {json={"query":"android.widget.EditText id:'price'","operation":{"method_name":"query","arguments":[]}}
12-09 08:37:31.205 I/System.out(21097): }
12-09 08:37:31.253 I/art     (21097): Background sticky concurrent mark sweep GC freed 16042(773KB) AllocSpace objects, 2(40KB) LOS objects, 28% free, 2MB/2MB, paused 8.647ms total 38.658ms
12-09 08:37:31.321 W/ResourceType(21097): No package identifier when getting name for resource number 0x00000001
12-09 08:37:31.438 I/art     (21097): Background sticky concurrent mark sweep GC freed 42874(1988KB) AllocSpace objects, 1(20KB) LOS objects, 26% free, 2MB/2MB, paused 1.161ms total 100.386ms
12-09 08:37:31.456 I/System.out(21097): URI: //gesture
12-09 08:37:31.456 I/System.out(21097): params: {json={"query_timeout":5.0,"gestures":[{"query_string":"android.widget.EditText id:'price'","touches":[{"x":50,"y":50,"offset_x":0,"offset_y":0,"wait":0.0,"time":0.2,"release":true,"query_string":null}]}]}
12-09 08:37:31.456 I/System.out(21097): }
12-09 08:37:31.481 W/ResourceType(21097): No package identifier when getting name for resource number 0x00000001
12-09 08:37:31.807 I/LatinIME( 1878): Starting input. Cursor position = 0,0
12-09 08:37:31.937 I/art     (21097): Background sticky concurrent mark sweep GC freed 29206(1397KB) AllocSpace objects, 0(0B) LOS objects, 19% free, 2MB/2MB, paused 1.347ms total 118.671ms
12-09 08:37:32.166 E/WindowState( 1594): getStack: Window{ff30e44 u0 com.evancharlton.mileage/com.evancharlton.mileage.Mileage EXITING} couldn't find task for AppWindowToken{fe1b5ac token=Token{395375f ActivityRecord{5d1b3fe u0 com.evancharlton.mileage/.Mileage t507}}} Callers=com.android.server.wm.WindowState.getDisplayContent:847 com.android.server.wm.WindowState.getWindowList:1457 com.android.server.wm.WindowManagerService.findDesiredInputMethodWindowIndexLocked:1464 com.android.server.wm.WindowManagerService.moveInputMethodWindowsIfNeededLocked:1684 
12-09 08:37:32.246 D/EGL_emulation( 1878): eglMakeCurrent: 0x7f3f7c212560: ver 2 0 (tinfo 0x7f3f73f7fba0)
12-09 08:37:32.479 I/System.out(21097): URI: //
12-09 08:37:32.479 I/System.out(21097): params: {json={"command":"set_selection","arguments":[-1,-1]}
12-09 08:37:32.479 I/System.out(21097): }
12-09 08:37:32.479 I/System.out(21097): header: {date=Sun, 09 Dec 2018 08:37:32 GMT, accept=*/*, content-length=47, host=127.0.0.1:34777, user-agent=HTTPClient/1.0 (2.8.3, ruby 2.3.1 (2016-04-26)), content-type=application/json;charset=utf-8}
12-09 08:37:32.479 I/System.out(21097): params: {json={"command":"set_selection","arguments":[-1,-1]}
12-09 08:37:32.479 I/System.out(21097): }
12-09 08:37:32.480 I/System.out(21097): ProP json = {"command":"set_selection","arguments":[-1,-1]}
12-09 08:37:32.480 I/System.out(21097): files: {}
12-09 08:37:32.480 I/System.out(21097): command: {"command":"set_selection","arguments":[-1,-1]}
12-09 08:37:32.481 I/InstrumentationBackend(21097): Got command:'Command:'Line:null,set_selection', arguments:'[-1, -1]'
12-09 08:37:32.749 I/System.out(21097): result:{"bonusInformation":[],"message":"","success":true}
12-09 08:37:32.777 W/art     (21097): Suspending all threads took: 9.126ms
12-09 08:37:32.795 I/art     (21097): Background sticky concurrent mark sweep GC freed 14365(639KB) AllocSpace objects, 3(60KB) LOS objects, 19% free, 2MB/2MB, paused 13.759ms total 57.520ms
12-09 08:37:33.099 I/System.out(21097): URI: //
12-09 08:37:33.099 I/System.out(21097): params: {json={"command":"keyboard_enter_text","arguments":["23"]}
12-09 08:37:33.099 I/System.out(21097): }
12-09 08:37:33.100 I/System.out(21097): header: {date=Sun, 09 Dec 2018 08:37:33 GMT, accept=*/*, content-length=52, host=127.0.0.1:34777, user-agent=HTTPClient/1.0 (2.8.3, ruby 2.3.1 (2016-04-26)), content-type=application/json;charset=utf-8}
12-09 08:37:33.100 I/System.out(21097): params: {json={"command":"keyboard_enter_text","arguments":["23"]}
12-09 08:37:33.100 I/System.out(21097): }
12-09 08:37:33.100 I/System.out(21097): ProP json = {"command":"keyboard_enter_text","arguments":["23"]}
12-09 08:37:33.100 I/System.out(21097): files: {}
12-09 08:37:33.100 I/System.out(21097): command: {"command":"keyboard_enter_text","arguments":["23"]}
12-09 08:37:33.111 I/InstrumentationBackend(21097): Got command:'Command:'Line:null,keyboard_enter_text', arguments:'[23]'
12-09 08:37:33.112 E/SpannableStringBuilder(21097): SPAN_EXCLUSIVE_EXCLUSIVE spans cannot have a zero length
12-09 08:37:33.112 E/SpannableStringBuilder(21097): SPAN_EXCLUSIVE_EXCLUSIVE spans cannot have a zero length
12-09 08:37:33.138 E/SpannableStringBuilder(21097): SPAN_EXCLUSIVE_EXCLUSIVE spans cannot have a zero length
12-09 08:37:33.138 E/SpannableStringBuilder(21097): SPAN_EXCLUSIVE_EXCLUSIVE spans cannot have a zero length
12-09 08:37:33.173 I/System.out(21097): result:{"bonusInformation":[],"message":"","success":true}
12-09 08:37:33.213 I/art     (21097): Background sticky concurrent mark sweep GC freed 12983(569KB) AllocSpace objects, 2(40KB) LOS objects, 14% free, 2MB/2MB, paused 6.111ms total 45.285ms
12-09 08:37:33.856 E/SurfaceFlinger( 1224): ro.sf.lcd_density must be defined as a build property
12-09 08:37:33.862 D/gralloc_ranchu( 1224): gralloc_alloc: Creating ashmem region of size 3686400
12-09 08:37:33.922 D/        (21129): HostConnection::get() New Host Connection established 0x7f98bd212480, tid 21129
12-09 08:37:33.978 E/EGL_emulation( 1224): tid 1224: eglCreateSyncKHR(1881): error 0x3004 (EGL_BAD_ATTRIBUTE)
12-09 08:37:35.010 I/System.out(21097): URI: //map
12-09 08:37:35.010 I/System.out(21097): params: {json={"query":"android.widget.EditText id:'volume'","operation":{"method_name":"query","arguments":[]}}
12-09 08:37:35.010 I/System.out(21097): }
12-09 08:37:35.043 W/ResourceType(21097): No package identifier when getting name for resource number 0x00000001
12-09 08:37:35.177 I/System.out(21097): URI: //gesture
12-09 08:37:35.177 I/System.out(21097): params: {json={"query_timeout":5.0,"gestures":[{"query_string":"android.widget.EditText id:'volume'","touches":[{"x":50,"y":50,"offset_x":0,"offset_y":0,"wait":0.0,"time":0.2,"release":true,"query_string":null}]}]}
12-09 08:37:35.177 I/System.out(21097): }
12-09 08:37:35.308 W/ResourceType(21097): No package identifier when getting name for resource number 0x00000001
12-09 08:37:35.714 I/LatinIME( 1878): Starting input. Cursor position = 0,0
12-09 08:37:36.353 I/System.out(21097): URI: //
12-09 08:37:36.354 I/System.out(21097): params: {json={"command":"set_selection","arguments":[-1,-1]}
12-09 08:37:36.354 I/System.out(21097): }
12-09 08:37:36.354 I/System.out(21097): header: {date=Sun, 09 Dec 2018 08:37:36 GMT, accept=*/*, content-length=47, host=127.0.0.1:34777, user-agent=HTTPClient/1.0 (2.8.3, ruby 2.3.1 (2016-04-26)), content-type=application/json;charset=utf-8}
12-09 08:37:36.354 I/System.out(21097): params: {json={"command":"set_selection","arguments":[-1,-1]}
12-09 08:37:36.354 I/System.out(21097): }
12-09 08:37:36.354 I/System.out(21097): ProP json = {"command":"set_selection","arguments":[-1,-1]}
12-09 08:37:36.354 I/System.out(21097): files: {}
12-09 08:37:36.354 I/System.out(21097): command: {"command":"set_selection","arguments":[-1,-1]}
12-09 08:37:36.355 I/InstrumentationBackend(21097): Got command:'Command:'Line:null,set_selection', arguments:'[-1, -1]'
12-09 08:37:36.371 I/System.out(21097): result:{"bonusInformation":[],"message":"","success":true}
12-09 08:37:36.581 I/System.out(21097): URI: //
12-09 08:37:36.581 I/System.out(21097): params: {json={"command":"keyboard_enter_text","arguments":["49"]}
12-09 08:37:36.581 I/System.out(21097): }
12-09 08:37:36.581 I/System.out(21097): header: {date=Sun, 09 Dec 2018 08:37:36 GMT, accept=*/*, content-length=52, host=127.0.0.1:34777, user-agent=HTTPClient/1.0 (2.8.3, ruby 2.3.1 (2016-04-26)), content-type=application/json;charset=utf-8}
12-09 08:37:36.581 I/System.out(21097): params: {json={"command":"keyboard_enter_text","arguments":["49"]}
12-09 08:37:36.581 I/System.out(21097): }
12-09 08:37:36.582 I/System.out(21097): ProP json = {"command":"keyboard_enter_text","arguments":["49"]}
12-09 08:37:36.582 I/System.out(21097): files: {}
12-09 08:37:36.582 I/System.out(21097): command: {"command":"keyboard_enter_text","arguments":["49"]}
12-09 08:37:36.583 I/InstrumentationBackend(21097): Got command:'Command:'Line:null,keyboard_enter_text', arguments:'[49]'
12-09 08:37:36.584 E/SpannableStringBuilder(21097): SPAN_EXCLUSIVE_EXCLUSIVE spans cannot have a zero length
12-09 08:37:36.584 E/SpannableStringBuilder(21097): SPAN_EXCLUSIVE_EXCLUSIVE spans cannot have a zero length
12-09 08:37:36.586 E/SpannableStringBuilder(21097): SPAN_EXCLUSIVE_EXCLUSIVE spans cannot have a zero length
12-09 08:37:36.586 E/SpannableStringBuilder(21097): SPAN_EXCLUSIVE_EXCLUSIVE spans cannot have a zero length
12-09 08:37:36.618 I/System.out(21097): result:{"bonusInformation":[],"message":"","success":true}
12-09 08:37:36.644 W/art     (21097): Suspending all threads took: 21.333ms
12-09 08:37:36.677 I/art     (21097): Background sticky concurrent mark sweep GC freed 26503(1196KB) AllocSpace objects, 5(100KB) LOS objects, 36% free, 2MB/3MB, paused 22.588ms total 79.488ms
12-09 08:37:37.183 E/SurfaceFlinger( 1224): ro.sf.lcd_density must be defined as a build property
12-09 08:37:37.184 D/gralloc_ranchu( 1224): gralloc_alloc: Creating ashmem region of size 3686400
12-09 08:37:37.219 D/        (21139): HostConnection::get() New Host Connection established 0x7f3e0bfd2480, tid 21139
12-09 08:37:37.241 E/EGL_emulation( 1224): tid 1224: eglCreateSyncKHR(1881): error 0x3004 (EGL_BAD_ATTRIBUTE)
12-09 08:37:38.302 I/System.out(21097): URI: //map
12-09 08:37:38.302 I/System.out(21097): params: {json={"query":"android.widget.EditText id:'odometer'","operation":{"method_name":"query","arguments":[]}}
12-09 08:37:38.302 I/System.out(21097): }
12-09 08:37:38.463 W/ResourceType(21097): No package identifier when getting name for resource number 0x00000001
12-09 08:37:38.693 I/System.out(21097): URI: //gesture
12-09 08:37:38.693 I/System.out(21097): params: {json={"query_timeout":5.0,"gestures":[{"query_string":"android.widget.EditText id:'odometer'","touches":[{"x":50,"y":50,"offset_x":0,"offset_y":0,"wait":0.0,"time":0.2,"release":true,"query_string":null}]}]}
12-09 08:37:38.693 I/System.out(21097): }
12-09 08:37:38.729 I/art     (21097): Background sticky concurrent mark sweep GC freed 45002(2025KB) AllocSpace objects, 3(60KB) LOS objects, 22% free, 2MB/3MB, paused 1.189ms total 177.247ms
12-09 08:37:38.738 W/ResourceType(21097): No package identifier when getting name for resource number 0x00000001
12-09 08:37:39.258 I/LatinIME( 1878): Starting input. Cursor position = 0,0
12-09 08:37:39.392 I/art     (21097): Background sticky concurrent mark sweep GC freed 1903(143KB) AllocSpace objects, 0(0B) LOS objects, 30% free, 2MB/3MB, paused 10.538ms total 63.708ms
12-09 08:37:39.921 I/System.out(21097): URI: //
12-09 08:37:39.921 I/System.out(21097): params: {json={"command":"set_selection","arguments":[-1,-1]}
12-09 08:37:39.921 I/System.out(21097): }
12-09 08:37:39.921 I/System.out(21097): header: {date=Sun, 09 Dec 2018 08:37:40 GMT, accept=*/*, content-length=47, host=127.0.0.1:34777, user-agent=HTTPClient/1.0 (2.8.3, ruby 2.3.1 (2016-04-26)), content-type=application/json;charset=utf-8}
12-09 08:37:39.922 I/System.out(21097): params: {json={"command":"set_selection","arguments":[-1,-1]}
12-09 08:37:39.922 I/System.out(21097): }
12-09 08:37:39.922 I/System.out(21097): ProP json = {"command":"set_selection","arguments":[-1,-1]}
12-09 08:37:39.922 I/System.out(21097): files: {}
12-09 08:37:39.922 I/System.out(21097): command: {"command":"set_selection","arguments":[-1,-1]}
12-09 08:37:39.923 I/InstrumentationBackend(21097): Got command:'Command:'Line:null,set_selection', arguments:'[-1, -1]'
12-09 08:37:39.930 I/System.out(21097): result:{"bonusInformation":[],"message":"","success":true}
12-09 08:37:40.194 I/System.out(21097): URI: //
12-09 08:37:40.194 I/System.out(21097): params: {json={"command":"keyboard_enter_text","arguments":["12"]}
12-09 08:37:40.194 I/System.out(21097): }
12-09 08:37:40.194 I/System.out(21097): header: {date=Sun, 09 Dec 2018 08:37:40 GMT, accept=*/*, content-length=52, host=127.0.0.1:34777, user-agent=HTTPClient/1.0 (2.8.3, ruby 2.3.1 (2016-04-26)), content-type=application/json;charset=utf-8}
12-09 08:37:40.194 I/System.out(21097): params: {json={"command":"keyboard_enter_text","arguments":["12"]}
12-09 08:37:40.194 I/System.out(21097): }
12-09 08:37:40.195 I/System.out(21097): ProP json = {"command":"keyboard_enter_text","arguments":["12"]}
12-09 08:37:40.195 I/System.out(21097): files: {}
12-09 08:37:40.195 I/System.out(21097): command: {"command":"keyboard_enter_text","arguments":["12"]}
12-09 08:37:40.196 I/InstrumentationBackend(21097): Got command:'Command:'Line:null,keyboard_enter_text', arguments:'[12]'
12-09 08:37:40.274 E/SpannableStringBuilder(21097): SPAN_EXCLUSIVE_EXCLUSIVE spans cannot have a zero length
12-09 08:37:40.274 E/SpannableStringBuilder(21097): SPAN_EXCLUSIVE_EXCLUSIVE spans cannot have a zero length
12-09 08:37:40.277 E/SpannableStringBuilder(21097): SPAN_EXCLUSIVE_EXCLUSIVE spans cannot have a zero length
12-09 08:37:40.281 E/SpannableStringBuilder(21097): SPAN_EXCLUSIVE_EXCLUSIVE spans cannot have a zero length
12-09 08:37:40.399 I/System.out(21097): result:{"bonusInformation":[],"message":"","success":true}
12-09 08:37:40.844 E/SurfaceFlinger( 1224): ro.sf.lcd_density must be defined as a build property
12-09 08:37:40.845 D/gralloc_ranchu( 1224): gralloc_alloc: Creating ashmem region of size 3686400
12-09 08:37:40.919 D/        (21149): HostConnection::get() New Host Connection established 0x7fca53d92480, tid 21149
12-09 08:37:40.998 E/EGL_emulation( 1224): tid 1224: eglCreateSyncKHR(1881): error 0x3004 (EGL_BAD_ATTRIBUTE)
12-09 08:37:42.901 I/System.out(21097): URI: //map
12-09 08:37:42.901 I/System.out(21097): params: {json={"query":"android.widget.Button index:2","operation":{"method_name":"query","arguments":[]}}
12-09 08:37:42.901 I/System.out(21097): }
12-09 08:37:43.111 I/art     (21097): Background sticky concurrent mark sweep GC freed 58823(2MB) AllocSpace objects, 2(40KB) LOS objects, 48% free, 2MB/4MB, paused 1.569ms total 133.178ms
12-09 08:37:43.118 I/System.out(21097): URI: //gesture
12-09 08:37:43.118 I/System.out(21097): params: {json={"query_timeout":5.0,"gestures":[{"query_string":"android.widget.Button index:2","touches":[{"x":50,"y":50,"offset_x":0,"offset_y":0,"wait":0.0,"time":0.2,"release":true,"query_string":null}]}]}
12-09 08:37:43.118 I/System.out(21097): }
12-09 08:37:43.571 W/audio_hw_generic( 1309): Hardware backing HAL too slow, could only write 0 of 661 frames
12-09 08:37:43.571 W/audio_hw_generic( 1309): Hardware backing HAL too slow, could only write 0 of 661 frames
12-09 08:37:43.589 W/audio_hw_generic( 1309): Hardware backing HAL too slow, could only write 0 of 661 frames
12-09 08:37:43.642 I/art     (21097): Background sticky concurrent mark sweep GC freed 47193(2MB) AllocSpace objects, 2(40KB) LOS objects, 43% free, 2MB/4MB, paused 3.094ms total 123.713ms
12-09 08:37:43.645 W/audio_hw_generic( 1309): Not supplying enough data to HAL, expected position 44206336 , only wrote 44205697
12-09 08:37:43.645 W/audio_hw_generic( 1309): Not supplying enough data to HAL, expected position 44205703 , only wrote 44205697
12-09 08:37:43.645 W/audio_hw_generic( 1309): Hardware backing HAL too slow, could only write 0 of 661 frames
12-09 08:37:43.645 W/audio_hw_generic( 1309): Hardware backing HAL too slow, could only write 0 of 661 frames
12-09 08:37:43.685 W/audio_hw_generic( 1309): Hardware backing HAL too slow, could only write 0 of 661 frames
12-09 08:37:43.685 W/audio_hw_generic( 1309): Hardware backing HAL too slow, could only write 0 of 661 frames
12-09 08:37:43.713 W/audio_hw_generic( 1309): Hardware backing HAL too slow, could only write 0 of 661 frames
12-09 08:37:43.724 W/audio_hw_generic( 1309): Hardware backing HAL too slow, could only write 0 of 661 frames
12-09 08:37:43.741 W/audio_hw_generic( 1309): Hardware backing HAL too slow, could only write 0 of 661 frames
12-09 08:37:43.757 W/audio_hw_generic( 1309): Hardware backing HAL too slow, could only write 0 of 661 frames
12-09 08:37:43.938 W/audio_hw_generic( 1309): Not supplying enough data to HAL, expected position 44218597 , only wrote 44218256
12-09 08:37:43.938 W/audio_hw_generic( 1309): Not supplying enough data to HAL, expected position 44218263 , only wrote 44218256
12-09 08:37:43.953 I/calabash(21097): newActivity1
12-09 08:37:43.954 W/ActivityManager( 1594): Bad activity token: android.os.BinderProxy@78ca770
12-09 08:37:43.954 W/ActivityManager( 1594): java.lang.ClassCastException: android.os.BinderProxy cannot be cast to com.android.server.am.ActivityRecord$Token
12-09 08:37:43.954 W/ActivityManager( 1594): 	at com.android.server.am.ActivityRecord.forTokenLocked(ActivityRecord.java:424)
12-09 08:37:43.954 W/ActivityManager( 1594): 	at com.android.server.am.ActivityRecord.isInStackLocked(ActivityRecord.java:1121)
12-09 08:37:43.954 W/ActivityManager( 1594): 	at com.android.server.am.ActivityRecord.getStackLocked(ActivityRecord.java:1126)
12-09 08:37:43.954 W/ActivityManager( 1594): 	at com.android.server.am.ActivityManagerService.getActivityDisplayId(ActivityManagerService.java:8889)
12-09 08:37:43.954 W/ActivityManager( 1594): 	at android.app.ActivityManagerNative.onTransact(ActivityManagerNative.java:2338)
12-09 08:37:43.954 W/ActivityManager( 1594): 	at com.android.server.am.ActivityManagerService.onTransact(ActivityManagerService.java:2443)
12-09 08:37:43.954 W/ActivityManager( 1594): 	at android.os.Binder.execTransact(Binder.java:453)
12-09 08:37:43.956 W/audio_hw_generic( 1309): Not supplying enough data to HAL, expected position 44219052 , only wrote 44218917
12-09 08:37:43.961 W/ActivityManager( 1594): Bad activity token: android.os.BinderProxy@78ca770
12-09 08:37:43.961 W/ActivityManager( 1594): java.lang.ClassCastException: android.os.BinderProxy cannot be cast to com.android.server.am.ActivityRecord$Token
12-09 08:37:43.961 W/ActivityManager( 1594): 	at com.android.server.am.ActivityRecord.forTokenLocked(ActivityRecord.java:424)
12-09 08:37:43.961 W/ActivityManager( 1594): 	at com.android.server.am.ActivityRecord.isInStackLocked(ActivityRecord.java:1121)
12-09 08:37:43.961 W/ActivityManager( 1594): 	at com.android.server.am.ActivityManagerService.setTaskDescription(ActivityManagerService.java:8547)
12-09 08:37:43.961 W/ActivityManager( 1594): 	at android.app.ActivityManagerNative.onTransact(ActivityManagerNative.java:2410)
12-09 08:37:43.961 W/ActivityManager( 1594): 	at com.android.server.am.ActivityManagerService.onTransact(ActivityManagerService.java:2443)
12-09 08:37:43.961 W/ActivityManager( 1594): 	at android.os.Binder.execTransact(Binder.java:453)
12-09 08:37:43.988 W/ActivityManager( 1594): Bad activity token: android.os.BinderProxy@78ca770
12-09 08:37:43.988 W/ActivityManager( 1594): java.lang.ClassCastException: android.os.BinderProxy cannot be cast to com.android.server.am.ActivityRecord$Token
12-09 08:37:43.988 W/ActivityManager( 1594): 	at com.android.server.am.ActivityRecord.forTokenLocked(ActivityRecord.java:424)
12-09 08:37:43.988 W/ActivityManager( 1594): 	at com.android.server.am.ActivityRecord.isInStackLocked(ActivityRecord.java:1121)
12-09 08:37:43.988 W/ActivityManager( 1594): 	at com.android.server.am.ActivityManagerService.getActivityOptions(ActivityManagerService.java:11038)
12-09 08:37:43.988 W/ActivityManager( 1594): 	at android.app.ActivityManagerNative.onTransact(ActivityManagerNative.java:1734)
12-09 08:37:43.988 W/ActivityManager( 1594): 	at com.android.server.am.ActivityManagerService.onTransact(ActivityManagerService.java:2443)
12-09 08:37:43.988 W/ActivityManager( 1594): 	at android.os.Binder.execTransact(Binder.java:453)
12-09 08:37:43.989 W/ActivityManager( 1594): Bad activity token: android.os.BinderProxy@78ca770
12-09 08:37:43.989 W/ActivityManager( 1594): java.lang.ClassCastException: android.os.BinderProxy cannot be cast to com.android.server.am.ActivityRecord$Token
12-09 08:37:43.989 W/ActivityManager( 1594): 	at com.android.server.am.ActivityRecord.forTokenLocked(ActivityRecord.java:424)
12-09 08:37:43.989 W/ActivityManager( 1594): 	at com.android.server.am.ActivityRecord.isInStackLocked(ActivityRecord.java:1121)
12-09 08:37:43.989 W/ActivityManager( 1594): 	at com.android.server.am.ActivityManagerService.getActivityOptions(ActivityManagerService.java:11038)
12-09 08:37:43.989 W/ActivityManager( 1594): 	at android.app.ActivityManagerNative.onTransact(ActivityManagerNative.java:1734)
12-09 08:37:43.989 W/ActivityManager( 1594): 	at com.android.server.am.ActivityManagerService.onTransact(ActivityManagerService.java:2443)
12-09 08:37:43.989 W/ActivityManager( 1594): 	at android.os.Binder.execTransact(Binder.java:453)
12-09 08:37:44.006 E/SurfaceFlinger( 1224): ro.sf.lcd_density must be defined as a build property
12-09 08:37:44.007 D/gralloc_ranchu( 1224): gralloc_alloc: Creating ashmem region of size 3686400
12-09 08:37:44.027 I/LatinIME( 1878): Starting input. Cursor position = -1,-1
12-09 08:37:44.046 I/Choreographer(21097): Skipped 32 frames!  The application may be doing too much work on its main thread.
12-09 08:37:44.111 D/        (21155): HostConnection::get() New Host Connection established 0x7f05dac92480, tid 21155
12-09 08:37:44.157 E/EGL_emulation( 1224): tid 1224: eglCreateSyncKHR(1881): error 0x3004 (EGL_BAD_ATTRIBUTE)
12-09 08:37:44.169 W/audio_hw_generic( 1309): Not supplying enough data to HAL, expected position 44228316 , only wrote 44228171
12-09 08:37:44.169 W/audio_hw_generic( 1309): Not supplying enough data to HAL, expected position 44228178 , only wrote 44228171
12-09 08:37:44.190 W/audio_hw_generic( 1309): Not supplying enough data to HAL, expected position 44229075 , only wrote 44228832
12-09 08:37:44.302 D/Mileage (21097): Not enough fillups to calculate economy
12-09 08:37:44.313 D/Mileage.ABS(21097): Finished backup
12-09 08:37:44.316 D/Mileage.ABS(21097): Not backing up; 122
12-09 08:37:44.316 D/Mileage.ABS(21097): Not backing up; 122
12-09 08:37:44.356 W/audio_hw_generic( 1309): Not supplying enough data to HAL, expected position 44236171 , only wrote 44236103
12-09 08:37:44.356 W/audio_hw_generic( 1309): Not supplying enough data to HAL, expected position 44236113 , only wrote 44236103
12-09 08:37:44.373 W/audio_hw_generic( 1309): Not supplying enough data to HAL, expected position 44236844 , only wrote 44236764
12-09 08:37:44.585 W/audio_hw_generic( 1309): Not supplying enough data to HAL, expected position 44246113 , only wrote 44245357
12-09 08:37:44.585 W/audio_hw_generic( 1309): Not supplying enough data to HAL, expected position 44245364 , only wrote 44245357
12-09 08:37:44.605 W/audio_hw_generic( 1309): Not supplying enough data to HAL, expected position 44246239 , only wrote 44246018
12-09 08:37:44.716 W/audio_hw_generic( 1309): Hardware backing HAL too slow, could only write 0 of 661 frames
12-09 08:37:44.747 W/audio_hw_generic( 1309): Not supplying enough data to HAL, expected position 44252265 , only wrote 44251967
12-09 08:37:44.820 I/InputAttributes( 1878): InputType.TYPE_NULL is specified
12-09 08:37:44.866 I/Choreographer( 1878): Skipped 50 frames!  The application may be doing too much work on its main thread.
12-09 08:37:45.106 W/audio_hw_generic( 1309): Not supplying enough data to HAL, expected position 44267776 , only wrote 44267170
12-09 08:37:45.106 W/audio_hw_generic( 1309): Not supplying enough data to HAL, expected position 44267180 , only wrote 44267170
12-09 08:37:45.118 D/EGL_emulation( 1878): eglMakeCurrent: 0x7f3f7c212560: ver 2 0 (tinfo 0x7f3f73f7fba0)
12-09 08:37:45.127 E/Surface ( 1878): getSlotFromBufferLocked: unknown buffer: 0x7f3f7c3549a0
12-09 08:37:45.198 W/audio_hw_generic( 1309): Not supplying enough data to HAL, expected position 44271231 , only wrote 44271136
12-09 08:37:45.198 W/audio_hw_generic( 1309): Hardware backing HAL too slow, could only write 0 of 661 frames
12-09 08:37:45.225 W/audio_hw_generic( 1309): Hardware backing HAL too slow, could only write 0 of 661 frames
12-09 08:37:45.249 W/audio_hw_generic( 1309): Hardware backing HAL too slow, could only write 0 of 661 frames
12-09 08:37:45.269 W/audio_hw_generic( 1309): Hardware backing HAL too slow, could only write 0 of 661 frames
12-09 08:37:45.270 W/audio_hw_generic( 1309): Hardware backing HAL too slow, could only write 0 of 661 frames
12-09 08:37:45.289 W/audio_hw_generic( 1309): Hardware backing HAL too slow, could only write 0 of 661 frames
12-09 08:37:45.305 W/audio_hw_generic( 1309): Hardware backing HAL too slow, could only write 0 of 661 frames
12-09 08:37:45.320 W/audio_hw_generic( 1309): Hardware backing HAL too slow, could only write 0 of 661 frames
12-09 08:37:45.491 I/System.out(21097): URI: //gesture
12-09 08:37:45.491 I/System.out(21097): params: {json={"query_timeout":5.0,"gestures":[{"query_string":"android.widget.TabWidget descendant TextView index:0","touches":[{"x":50,"y":50,"offset_x":0,"offset_y":0,"wait":0.0,"time":0.2,"release":true,"query_string":null}]}]}
12-09 08:37:45.491 I/System.out(21097): }
12-09 08:37:45.658 W/audio_hw_generic( 1309): Not supplying enough data to HAL, expected position 44291423 , only wrote 44290966
12-09 08:37:45.688 W/audio_hw_generic( 1309): Hardware backing HAL too slow, could only write 0 of 661 frames
12-09 08:37:45.721 W/audio_hw_generic( 1309): Hardware backing HAL too slow, could only write 0 of 661 frames
12-09 08:37:45.721 W/audio_hw_generic( 1309): Hardware backing HAL too slow, could only write 0 of 661 frames
12-09 08:37:45.756 W/audio_hw_generic( 1309): Hardware backing HAL too slow, could only write 0 of 661 frames
12-09 08:37:45.818 W/audio_hw_generic( 1309): Not supplying enough data to HAL, expected position 44298009 , only wrote 44297576
