--------- beginning of main
12-09 08:12:44.880 W/SurfaceFlinger( 1218): Timed out waiting for hw vsync; faking it
12-09 08:12:44.883 W/SurfaceFlinger( 1218): Timed out waiting for hw vsync; faking it
12-09 08:12:45.208 D/AndroidRuntime(14466): >>>>>> START com.android.internal.os.RuntimeInit uid 0 <<<<<<
12-09 08:12:45.216 D/AndroidRuntime(14466): CheckJNI is ON
12-09 08:12:45.230 D/ICU     (14466): No timezone override file found: /data/misc/zoneinfo/current/icu/icu_tzdata.dat
12-09 08:12:45.360 D/gralloc_ranchu( 1218): gralloc_alloc: Creating ashmem region of size 708608
12-09 08:12:45.374 E/memtrack(14466): Couldn't load memtrack module (No such file or directory)
12-09 08:12:45.374 E/android.os.Debug(14466): failed to load memtrack module: -2
12-09 08:12:45.381 I/Radio-JNI(14466): register_android_hardware_Radio DONE
12-09 08:12:45.398 D/AndroidRuntime(14466): Calling main entry com.android.commands.am.Am
12-09 08:12:45.416 E/EGL_emulation( 1218): tid 1218: eglCreateSyncKHR(1881): error 0x3004 (EGL_BAD_ATTRIBUTE)
--------- beginning of system
12-09 08:12:45.506 I/ActivityManager( 1591): Force stopping com.evancharlton.mileage appid=10133 user=0: start instr
12-09 08:12:45.506 I/ActivityManager( 1591): Killing 14420:com.evancharlton.mileage/u0a133 (adj 0): stop com.evancharlton.mileage
12-09 08:12:45.511 W/InputDispatcher( 1591): channel '3a6f1bf com.evancharlton.mileage/com.evancharlton.mileage.Mileage (server)' ~ Consumer closed input channel or an error occurred.  events=0x9
12-09 08:12:45.511 E/InputDispatcher( 1591): channel '3a6f1bf com.evancharlton.mileage/com.evancharlton.mileage.Mileage (server)' ~ Channel is unrecoverably broken and will be disposed!
12-09 08:12:45.566 I/art     ( 1591): Background partial concurrent mark sweep GC freed 1101(69KB) AllocSpace objects, 1(20KB) LOS objects, 30% free, 9MB/13MB, paused 1.172ms total 137.559ms
12-09 08:12:45.674 W/ActivityManager( 1591): Crash of app com.evancharlton.mileage running instrumentation ComponentInfo{com.evancharlton.mileage.test/sh.calaba.instrumentationbackend.CalabashInstrumentationTestRunner}
12-09 08:12:45.674 I/ActivityManager( 1591): Force stopping com.evancharlton.mileage appid=10133 user=0: finished inst
12-09 08:12:45.676 I/WindowState( 1591): WIN DEATH: Window{3a6f1bf u0 com.evancharlton.mileage/com.evancharlton.mileage.Mileage}
12-09 08:12:45.676 W/InputDispatcher( 1591): Attempted to unregister already unregistered input channel '3a6f1bf com.evancharlton.mileage/com.evancharlton.mileage.Mileage (server)'
12-09 08:12:45.725 I/ActivityManager( 1591): Start proc 14475:com.evancharlton.mileage/u0a133 for added application com.evancharlton.mileage
12-09 08:12:45.726 D/AndroidRuntime(14466): Shutting down VM
12-09 08:12:46.118 W/System  (14475): ClassLoader referenced unknown path: /data/app/com.evancharlton.mileage.test-1/lib/x86_64
12-09 08:12:46.119 W/System  (14475): ClassLoader referenced unknown path: /data/app/com.evancharlton.mileage-1/lib/x86_64
12-09 08:12:46.141 I/System.out(14475): Main activity name automatically set to: com.evancharlton.mileage.Mileage
12-09 08:12:46.141 I/System.out(14475): Calabash did not load Mono. This is only a problem if you are trying to test a Mono application
12-09 08:12:46.142 I/calabash(14475): Test server port: 7102
12-09 08:12:46.142 I/InstrumentationBackend(14475): Added:'GetPreferences', with key:'get_preferences'
12-09 08:12:46.219 D/EGL_emulation( 1922): eglMakeCurrent: 0x7fb74a334dc0: ver 2 0 (tinfo 0x7fb74a302d00)
12-09 08:12:46.274 I/InstrumentationBackend(14475): Added:'SetPreferences', with key:'set_preferences'
12-09 08:12:46.274 I/InstrumentationBackend(14475): Added:'ClearPreferences', with key:'clear_preferences'
12-09 08:12:46.274 I/InstrumentationBackend(14475): Added:'PressElement', with key:'press_l10n_element'
12-09 08:12:46.274 I/InstrumentationBackend(14475): Added:'WaitForElement', with key:'wait_for_l10n_element'
12-09 08:12:46.275 I/InstrumentationBackend(14475): Added:'NullAction', with key:'nullAction'
12-09 08:12:46.275 I/InstrumentationBackend(14475): Added:'PressKey', with key:'press_key'
12-09 08:12:46.275 I/InstrumentationBackend(14475): Added:'SetActivityOrientation', with key:'set_activity_orientation'
12-09 08:12:46.275 I/InstrumentationBackend(14475): Added:'GetActivityOrientation', with key:'get_activity_orientation'
12-09 08:12:46.275 I/InstrumentationBackend(14475): Added:'FakeGPSLocation', with key:'set_gps_coordinates'
12-09 08:12:46.276 I/InstrumentationBackend(14475): Added:'SetPropertyByCssSelector', with key:'set_property_by_css_selector'
12-09 08:12:46.276 I/InstrumentationBackend(14475): Added:'GetUrl', with key:'get_url'
12-09 08:12:46.277 I/InstrumentationBackend(14475): Added:'ScrollTo', with key:'scroll_to'
12-09 08:12:46.277 I/InstrumentationBackend(14475): Added:'GetLoadProgress', with key:'get_load_progress'
12-09 08:12:46.277 I/InstrumentationBackend(14475): Added:'DumpHtml', with key:'dump_html'
12-09 08:12:46.277 I/InstrumentationBackend(14475): Added:'DumpBodyHtml', with key:'dump_body_html'
12-09 08:12:46.277 I/InstrumentationBackend(14475): Added:'EnterTextByCssSelector', with key:'enter_text_by_selector'
12-09 08:12:46.278 I/InstrumentationBackend(14475): Added:'AndroidSDKVersion', with key:'android_sdk_version'
12-09 08:12:46.278 I/InstrumentationBackend(14475): Added:'Version', with key:'version'
12-09 08:12:46.278 I/InstrumentationBackend(14475): Added:'Drag', with key:'drag'
12-09 08:12:46.291 I/InstrumentationBackend(14475): Added:'TouchCoordinates', with key:'touch_coordinate'
12-09 08:12:46.302 I/art     (14475): Background sticky concurrent mark sweep GC freed 4365(353KB) AllocSpace objects, 0(0B) LOS objects, 21% free, 1017KB/1295KB, paused 18.243ms total 135.780ms
12-09 08:12:46.302 I/InstrumentationBackend(14475): Added:'LongPressCoordinate', with key:'long_press_coordinate'
12-09 08:12:46.302 I/InstrumentationBackend(14475): Added:'DragCoordinates', with key:'drag_coordinates'
12-09 08:12:46.302 I/InstrumentationBackend(14475): Added:'ResumeApplication', with key:'resume_application'
12-09 08:12:46.303 I/InstrumentationBackend(14475): Added:'Swipe', with key:'swipe'
12-09 08:12:46.343 I/InstrumentationBackend(14475): Added:'DoubleTapCoordinate', with key:'double_tap_coordinate'
12-09 08:12:46.344 I/InstrumentationBackend(14475): Added:'ClickOnScreen', with key:'click_on_screen'
12-09 08:12:46.344 I/InstrumentationBackend(14475): Added:'GetActivityName', with key:'get_activity_name'
12-09 08:12:46.344 I/InstrumentationBackend(14475): Added:'ScrollToView', with key:'scroll_to_view'
12-09 08:12:46.345 I/InstrumentationBackend(14475): Added:'ViewConfiguration', with key:'view_configuration'
12-09 08:12:46.345 I/InstrumentationBackend(14475): Added:'IsCurrentActivityFocused', with key:'is_current_activity_focused'
12-09 08:12:46.345 I/InstrumentationBackend(14475): Added:'SendTcp', with key:'send_tcp'
12-09 08:12:46.345 I/InstrumentationBackend(14475): Added:'DpToDevicePixel', with key:'dp_to_device_pixel'
12-09 08:12:46.346 I/InstrumentationBackend(14475): Added:'KeyboardEnterText', with key:'keyboard_enter_text'
12-09 08:12:46.353 I/InstrumentationBackend(14475): Added:'DeleteSurroundingText', with key:'delete_surrounding_text'
12-09 08:12:46.354 I/InstrumentationBackend(14475): Added:'SetComposingRegion', with key:'set_composing_region'
12-09 08:12:46.354 I/InstrumentationBackend(14475): Added:'SetSelection', with key:'set_selection'
12-09 08:12:46.354 I/InstrumentationBackend(14475): Added:'KeyboardKeyEvent', with key:'keyboard_key_event'
12-09 08:12:46.354 I/InstrumentationBackend(14475): Added:'PressUserActionButton', with key:'press_user_action_button'
12-09 08:12:46.355 I/InstrumentationBackend(14475): Added:'HideSoftKeyboard', with key:'hide_soft_keyboard'
12-09 08:12:46.355 I/InstrumentationBackend(14475): Added:'ListActions', with key:'list_actions'
12-09 08:12:46.355 I/calabash(14475): Instantiating http server at 7102
12-09 08:12:46.356 I/System.out(14475): HTTP Daemon listening on: 7102
12-09 08:12:46.475 I/System.out(14475): URI: //ping
12-09 08:12:46.530 I/System.out(14475): params: {json={}
12-09 08:12:46.530 I/System.out(14475): }
12-09 08:12:46.544 W/art     ( 1591): Long monitor contention event with owner method=void com.android.server.wm.WindowAnimator$1.doFrame(long) from WindowAnimator.java:121 waiters=1 for 206ms
12-09 08:12:46.618 I/System.out(14475): URI: //ping
12-09 08:12:46.618 I/System.out(14475): params: {json={}
12-09 08:12:46.618 I/System.out(14475): }
12-09 08:12:46.680 I/System.out(14475): URI: //ready
12-09 08:12:46.680 I/System.out(14475): params: {json={}
12-09 08:12:46.680 I/System.out(14475): }
12-09 08:12:46.757 I/System.out(14475): URI: //
12-09 08:12:46.757 I/System.out(14475): params: {json={"command":"version","arguments":[]}
12-09 08:12:46.757 I/System.out(14475): }
12-09 08:12:46.757 I/System.out(14475): header: {date=Sun, 09 Dec 2018 08:12:47 GMT, accept=*/*, content-length=36, host=127.0.0.1:34777, user-agent=HTTPClient/1.0 (2.8.3, ruby 2.3.1 (2016-04-26)), content-type=application/json;charset=utf-8}
12-09 08:12:46.757 I/System.out(14475): params: {json={"command":"version","arguments":[]}
12-09 08:12:46.757 I/System.out(14475): }
12-09 08:12:46.757 I/System.out(14475): ProP json = {"command":"version","arguments":[]}
12-09 08:12:46.757 I/System.out(14475): files: {}
12-09 08:12:46.757 I/System.out(14475): command: {"command":"version","arguments":[]}
12-09 08:12:46.804 I/InstrumentationBackend(14475): Got command:'Command:'Line:null,version', arguments:'[]'
12-09 08:12:46.840 I/System.out(14475): result:{"bonusInformation":[],"message":"0.9.8","success":true}
12-09 08:12:46.853 W/art     ( 1591): Long monitor contention event with owner method=void com.android.server.wm.WindowAnimator$1.doFrame(long) from WindowAnimator.java:121 waiters=1 for 204ms
12-09 08:12:46.952 W/art     ( 1591): Long monitor contention event with owner method=void com.android.server.wm.WindowAnimator$1.doFrame(long) from WindowAnimator.java:121 waiters=1 for 204ms
12-09 08:12:47.006 I/System.out(14475): URI: //start-application
12-09 08:12:47.006 I/System.out(14475): params: {json={"intent":null}
12-09 08:12:47.006 I/System.out(14475): }
12-09 08:12:47.024 I/art     (14475): Background sticky concurrent mark sweep GC freed 14525(801KB) AllocSpace objects, 11(220KB) LOS objects, 32% free, 1416KB/2MB, paused 959us total 192.605ms
12-09 08:12:47.168 W/art     ( 1591): Long monitor contention event with owner method=void com.android.server.wm.WindowAnimator$1.doFrame(long) from WindowAnimator.java:121 waiters=1 for 216ms
12-09 08:12:47.353 W/art     ( 1591): Long monitor contention event with owner method=void com.android.server.wm.WindowAnimator$1.doFrame(long) from WindowAnimator.java:121 waiters=2 for 185ms
12-09 08:12:47.354 W/InputMethodManagerService( 1591): Got RemoteException sending setActive(false) notification to pid 14420 uid 10133
12-09 08:12:47.363 I/Choreographer( 1922): Skipped 64 frames!  The application may be doing too much work on its main thread.
12-09 08:12:47.373 I/ActivityManager( 1591): START u0 {act=android.intent.action.MAIN cat=[android.intent.category.LAUNCHER] flg=0x10200000 cmp=com.evancharlton.mileage/.Mileage} from uid 10133 on display 0
12-09 08:12:47.915 W/art     ( 1591): Long monitor contention event with owner method=void com.android.server.wm.WindowAnimator$1.doFrame(long) from WindowAnimator.java:121 waiters=1 for 309ms
12-09 08:12:47.936 W/art     ( 1591): Long monitor contention event with owner method=void com.android.server.wm.WindowAnimator$1.doFrame(long) from WindowAnimator.java:121 waiters=1 for 216ms
12-09 08:12:48.065 W/WindowState( 1591): Failed to report 'resized' to the client of Window{3a6f1bf u0 com.evancharlton.mileage/com.evancharlton.mileage.Mileage EXITING}, removing this window.
12-09 08:12:48.199 I/Choreographer( 1922): Skipped 50 frames!  The application may be doing too much work on its main thread.
12-09 08:12:48.226 W/art     ( 1591): Long monitor contention event with owner method=int com.android.server.wm.WindowManagerService.relayoutWindow(com.android.server.wm.Session, android.view.IWindow, int, android.view.WindowManager$LayoutParams, int, int, int, int, android.graphics.Rect, android.graphics.Rect, android.graphics.Rect, android.graphics.Rect, android.graphics.Rect, android.graphics.Rect, android.content.res.Configuration, android.view.Surface) from WindowManagerService.java:3103 waiters=0 for 111ms
12-09 08:12:48.261 W/art     ( 1591): Long monitor contention event with owner method=int com.android.server.am.ActivityStackSupervisor.startActivityMayWait(android.app.IApplicationThread, int, java.lang.String, android.content.Intent, java.lang.String, android.service.voice.IVoiceInteractionSession, com.android.internal.app.IVoiceInteractor, android.os.IBinder, java.lang.String, int, int, android.app.ProfilerInfo, android.app.IActivityManager$WaitResult, android.content.res.Configuration, android.os.Bundle, boolean, int, android.app.IActivityContainer, com.android.server.am.TaskRecord) from ActivityStackSupervisor.java:946 waiters=0 for 574ms
12-09 08:12:48.279 W/OpenGLRenderer( 1922): Incorrectly called buildLayer on View: ShortcutAndWidgetContainer, destroying layer...
12-09 08:12:48.490 D/gralloc_ranchu( 1218): gralloc_alloc: Creating ashmem region of size 3686400
12-09 08:12:48.502 I/calabash(14475): newActivity1
12-09 08:12:48.556 I/calabash(14475): newActivity1
12-09 08:12:48.557 W/ActivityManager( 1591): Bad activity token: android.os.BinderProxy@4c5c8af
12-09 08:12:48.557 W/ActivityManager( 1591): java.lang.ClassCastException: android.os.BinderProxy cannot be cast to com.android.server.am.ActivityRecord$Token
12-09 08:12:48.557 W/ActivityManager( 1591): 	at com.android.server.am.ActivityRecord.forTokenLocked(ActivityRecord.java:424)
12-09 08:12:48.557 W/ActivityManager( 1591): 	at com.android.server.am.ActivityRecord.isInStackLocked(ActivityRecord.java:1121)
12-09 08:12:48.557 W/ActivityManager( 1591): 	at com.android.server.am.ActivityRecord.getStackLocked(ActivityRecord.java:1126)
12-09 08:12:48.557 W/ActivityManager( 1591): 	at com.android.server.am.ActivityManagerService.getActivityDisplayId(ActivityManagerService.java:8889)
12-09 08:12:48.557 W/ActivityManager( 1591): 	at android.app.ActivityManagerNative.onTransact(ActivityManagerNative.java:2338)
12-09 08:12:48.557 W/ActivityManager( 1591): 	at com.android.server.am.ActivityManagerService.onTransact(ActivityManagerService.java:2443)
12-09 08:12:48.557 W/ActivityManager( 1591): 	at android.os.Binder.execTransact(Binder.java:453)
12-09 08:12:48.558 W/ActivityManager( 1591): Bad activity token: android.os.BinderProxy@4c5c8af
12-09 08:12:48.558 W/ActivityManager( 1591): java.lang.ClassCastException: android.os.BinderProxy cannot be cast to com.android.server.am.ActivityRecord$Token
12-09 08:12:48.558 W/ActivityManager( 1591): 	at com.android.server.am.ActivityRecord.forTokenLocked(ActivityRecord.java:424)
12-09 08:12:48.558 W/ActivityManager( 1591): 	at com.android.server.am.ActivityRecord.isInStackLocked(ActivityRecord.java:1121)
12-09 08:12:48.558 W/ActivityManager( 1591): 	at com.android.server.am.ActivityManagerService.setTaskDescription(ActivityManagerService.java:8547)
12-09 08:12:48.558 W/ActivityManager( 1591): 	at android.app.ActivityManagerNative.onTransact(ActivityManagerNative.java:2410)
12-09 08:12:48.558 W/ActivityManager( 1591): 	at com.android.server.am.ActivityManagerService.onTransact(ActivityManagerService.java:2443)
12-09 08:12:48.558 W/ActivityManager( 1591): 	at android.os.Binder.execTransact(Binder.java:453)
12-09 08:12:48.864 W/ActivityManager( 1591): Bad activity token: android.os.BinderProxy@4c5c8af
12-09 08:12:48.864 W/ActivityManager( 1591): java.lang.ClassCastException: android.os.BinderProxy cannot be cast to com.android.server.am.ActivityRecord$Token
12-09 08:12:48.864 W/ActivityManager( 1591): 	at com.android.server.am.ActivityRecord.forTokenLocked(ActivityRecord.java:424)
12-09 08:12:48.864 W/ActivityManager( 1591): 	at com.android.server.am.ActivityRecord.isInStackLocked(ActivityRecord.java:1121)
12-09 08:12:48.864 W/ActivityManager( 1591): 	at com.android.server.am.ActivityManagerService.getActivityOptions(ActivityManagerService.java:11038)
12-09 08:12:48.864 W/ActivityManager( 1591): 	at android.app.ActivityManagerNative.onTransact(ActivityManagerNative.java:1734)
12-09 08:12:48.864 W/ActivityManager( 1591): 	at com.android.server.am.ActivityManagerService.onTransact(ActivityManagerService.java:2443)
12-09 08:12:48.864 W/ActivityManager( 1591): 	at android.os.Binder.execTransact(Binder.java:453)
12-09 08:12:48.864 W/ActivityManager( 1591): Bad activity token: android.os.BinderProxy@4c5c8af
12-09 08:12:48.864 W/ActivityManager( 1591): java.lang.ClassCastException: android.os.BinderProxy cannot be cast to com.android.server.am.ActivityRecord$Token
12-09 08:12:48.864 W/ActivityManager( 1591): 	at com.android.server.am.ActivityRecord.forTokenLocked(ActivityRecord.java:424)
12-09 08:12:48.864 W/ActivityManager( 1591): 	at com.android.server.am.ActivityRecord.isInStackLocked(ActivityRecord.java:1121)
12-09 08:12:48.864 W/ActivityManager( 1591): 	at com.android.server.am.ActivityManagerService.getActivityOptions(ActivityManagerService.java:11038)
12-09 08:12:48.864 W/ActivityManager( 1591): 	at android.app.ActivityManagerNative.onTransact(ActivityManagerNative.java:1734)
12-09 08:12:48.864 W/ActivityManager( 1591): 	at com.android.server.am.ActivityManagerService.onTransact(ActivityManagerService.java:2443)
12-09 08:12:48.864 W/ActivityManager( 1591): 	at android.os.Binder.execTransact(Binder.java:453)
12-09 08:12:48.866 I/art     (14475): Background sticky concurrent mark sweep GC freed 1770(304KB) AllocSpace objects, 0(0B) LOS objects, 8% free, 1933KB/2MB, paused 963us total 118.367ms
12-09 08:12:49.175 D/EGL_emulation( 1922): eglMakeCurrent: 0x7fb74a334dc0: ver 2 0 (tinfo 0x7fb74a302d00)
12-09 08:12:49.241 I/art     (14475): Background partial concurrent mark sweep GC freed 2421(201KB) AllocSpace objects, 2(40KB) LOS objects, 40% free, 1830KB/2MB, paused 5.077ms total 41.917ms
12-09 08:12:49.244 V/PhoneStatusBar( 2205): setLightsOn(true)
12-09 08:12:49.326 E/Surface ( 1922): getSlotFromBufferLocked: unknown buffer: 0x7fb74a335c20
12-09 08:12:49.644 W/art     ( 1591): Long monitor contention event with owner method=int com.android.server.wm.WindowManagerService.relayoutWindow(com.android.server.wm.Session, android.view.IWindow, int, android.view.WindowManager$LayoutParams, int, int, int, int, android.graphics.Rect, android.graphics.Rect, android.graphics.Rect, android.graphics.Rect, android.graphics.Rect, android.graphics.Rect, android.content.res.Configuration, android.view.Surface) from WindowManagerService.java:3103 waiters=0 for 155ms
12-09 08:12:49.646 D/gralloc_ranchu( 1218): gralloc_alloc: Creating ashmem region of size 3686400
12-09 08:12:49.745 D/        (14475): HostConnection::get() New Host Connection established 0x7fb746a49400, tid 14475
12-09 08:12:50.194 I/ActivityManager( 1591): Displayed com.evancharlton.mileage/.Mileage: +1s702ms
12-09 08:12:50.227 D/gralloc_ranchu( 1218): gralloc_alloc: Creating ashmem region of size 3686400
12-09 08:12:50.452 W/art     ( 1591): Long monitor contention event with owner method=void com.android.server.wm.WindowAnimator$1.doFrame(long) from WindowAnimator.java:121 waiters=0 for 139ms
12-09 08:12:50.840 D/gralloc_ranchu( 1218): gralloc_alloc: Creating ashmem region of size 3686400
12-09 08:12:51.255 I/System.out(14475): URI: //gesture
12-09 08:12:51.255 I/System.out(14475): params: {json={"query_timeout":5.0,"gestures":[{"query_string":"android.widget.TabWidget descendant TextView index:1","touches":[{"x":50,"y":50,"offset_x":0,"offset_y":0,"wait":0.0,"time":0.2,"release":true,"query_string":null}]}]}
12-09 08:12:51.255 I/System.out(14475): }
12-09 08:12:51.396 I/art     (14475): Background sticky concurrent mark sweep GC freed 25963(1184KB) AllocSpace objects, 2(40KB) LOS objects, 27% free, 2MB/2MB, paused 2.094ms total 137.355ms
12-09 08:12:51.829 W/art     (14475): Suspending all threads took: 8.512ms
12-09 08:12:51.841 I/art     (14475): Background sticky concurrent mark sweep GC freed 34059(1571KB) AllocSpace objects, 0(0B) LOS objects, 24% free, 2MB/2MB, paused 9.609ms total 107.796ms
12-09 08:12:51.842 I/calabash(14475): newActivity1
12-09 08:12:51.855 W/audio_hw_generic( 1308): Hardware backing HAL too slow, could only write 0 of 661 frames
12-09 08:12:51.855 W/ActivityManager( 1591): Bad activity token: android.os.BinderProxy@cd7dcc0
12-09 08:12:51.855 W/ActivityManager( 1591): java.lang.ClassCastException: android.os.BinderProxy cannot be cast to com.android.server.am.ActivityRecord$Token
12-09 08:12:51.855 W/ActivityManager( 1591): 	at com.android.server.am.ActivityRecord.forTokenLocked(ActivityRecord.java:424)
12-09 08:12:51.855 W/ActivityManager( 1591): 	at com.android.server.am.ActivityRecord.isInStackLocked(ActivityRecord.java:1121)
12-09 08:12:51.855 W/ActivityManager( 1591): 	at com.android.server.am.ActivityRecord.getStackLocked(ActivityRecord.java:1126)
12-09 08:12:51.855 W/ActivityManager( 1591): 	at com.android.server.am.ActivityManagerService.getActivityDisplayId(ActivityManagerService.java:8889)
12-09 08:12:51.855 W/ActivityManager( 1591): 	at android.app.ActivityManagerNative.onTransact(ActivityManagerNative.java:2338)
12-09 08:12:51.855 W/ActivityManager( 1591): 	at com.android.server.am.ActivityManagerService.onTransact(ActivityManagerService.java:2443)
12-09 08:12:51.855 W/ActivityManager( 1591): 	at android.os.Binder.execTransact(Binder.java:453)
12-09 08:12:51.856 W/ActivityManager( 1591): Bad activity token: android.os.BinderProxy@cd7dcc0
12-09 08:12:51.856 W/ActivityManager( 1591): java.lang.ClassCastException: android.os.BinderProxy cannot be cast to com.android.server.am.ActivityRecord$Token
12-09 08:12:51.856 W/ActivityManager( 1591): 	at com.android.server.am.ActivityRecord.forTokenLocked(ActivityRecord.java:424)
12-09 08:12:51.856 W/ActivityManager( 1591): 	at com.android.server.am.ActivityRecord.isInStackLocked(ActivityRecord.java:1121)
12-09 08:12:51.856 W/ActivityManager( 1591): 	at com.android.server.am.ActivityManagerService.setTaskDescription(ActivityManagerService.java:8547)
12-09 08:12:51.856 W/ActivityManager( 1591): 	at android.app.ActivityManagerNative.onTransact(ActivityManagerNative.java:2410)
12-09 08:12:51.856 W/ActivityManager( 1591): 	at com.android.server.am.ActivityManagerService.onTransact(ActivityManagerService.java:2443)
12-09 08:12:51.856 W/ActivityManager( 1591): 	at android.os.Binder.execTransact(Binder.java:453)
12-09 08:12:51.930 W/audio_hw_generic( 1308): Not supplying enough data to HAL, expected position 25357609 , only wrote 25355960
12-09 08:12:51.955 W/audio_hw_generic( 1308): Not supplying enough data to HAL, expected position 25357033 , only wrote 25355960
12-09 08:12:52.073 W/ActivityManager( 1591): Bad activity token: android.os.BinderProxy@cd7dcc0
12-09 08:12:52.073 W/ActivityManager( 1591): java.lang.ClassCastException: android.os.BinderProxy cannot be cast to com.android.server.am.ActivityRecord$Token
12-09 08:12:52.073 W/ActivityManager( 1591): 	at com.android.server.am.ActivityRecord.forTokenLocked(ActivityRecord.java:424)
12-09 08:12:52.073 W/ActivityManager( 1591): 	at com.android.server.am.ActivityRecord.isInStackLocked(ActivityRecord.java:1121)
12-09 08:12:52.073 W/ActivityManager( 1591): 	at com.android.server.am.ActivityManagerService.getActivityOptions(ActivityManagerService.java:11038)
12-09 08:12:52.073 W/ActivityManager( 1591): 	at android.app.ActivityManagerNative.onTransact(ActivityManagerNative.java:1734)
12-09 08:12:52.073 W/ActivityManager( 1591): 	at com.android.server.am.ActivityManagerService.onTransact(ActivityManagerService.java:2443)
12-09 08:12:52.073 W/ActivityManager( 1591): 	at android.os.Binder.execTransact(Binder.java:453)
12-09 08:12:52.112 W/ActivityManager( 1591): Bad activity token: android.os.BinderProxy@cd7dcc0
12-09 08:12:52.112 W/ActivityManager( 1591): java.lang.ClassCastException: android.os.BinderProxy cannot be cast to com.android.server.am.ActivityRecord$Token
12-09 08:12:52.112 W/ActivityManager( 1591): 	at com.android.server.am.ActivityRecord.forTokenLocked(ActivityRecord.java:424)
12-09 08:12:52.112 W/ActivityManager( 1591): 	at com.android.server.am.ActivityRecord.isInStackLocked(ActivityRecord.java:1121)
12-09 08:12:52.112 W/ActivityManager( 1591): 	at com.android.server.am.ActivityManagerService.getActivityOptions(ActivityManagerService.java:11038)
12-09 08:12:52.112 W/ActivityManager( 1591): 	at android.app.ActivityManagerNative.onTransact(ActivityManagerNative.java:1734)
12-09 08:12:52.112 W/ActivityManager( 1591): 	at com.android.server.am.ActivityManagerService.onTransact(ActivityManagerService.java:2443)
12-09 08:12:52.112 W/ActivityManager( 1591): 	at android.os.Binder.execTransact(Binder.java:453)
12-09 08:12:52.282 D/Mileage (14475): Not enough fillups to calculate economy
12-09 08:12:52.409 E/SurfaceFlinger( 1218): ro.sf.lcd_density must be defined as a build property
12-09 08:12:52.537 D/gralloc_ranchu( 1218): gralloc_alloc: Creating ashmem region of size 3686400
12-09 08:12:52.540 W/audio_hw_generic( 1308): Not supplying enough data to HAL, expected position 25381779 , only wrote 25381739
12-09 08:12:52.540 W/audio_hw_generic( 1308): Not supplying enough data to HAL, expected position 25381745 , only wrote 25381739
12-09 08:12:52.560 W/audio_hw_generic( 1308): Not supplying enough data to HAL, expected position 25382590 , only wrote 25382400
12-09 08:12:52.656 W/audio_hw_generic( 1308): Hardware backing HAL too slow, could only write 0 of 661 frames
12-09 08:12:52.657 W/audio_hw_generic( 1308): Not supplying enough data to HAL, expected position 25386672 , only wrote 25385044
12-09 08:12:52.657 W/audio_hw_generic( 1308): Not supplying enough data to HAL, expected position 25385049 , only wrote 25385044
12-09 08:12:52.657 W/audio_hw_generic( 1308): Hardware backing HAL too slow, could only write 0 of 661 frames
12-09 08:12:52.671 D/        (14503): HostConnection::get() New Host Connection established 0x7f9239f52480, tid 14503
12-09 08:12:52.671 W/audio_hw_generic( 1308): Hardware backing HAL too slow, could only write 0 of 661 frames
12-09 08:12:52.687 W/audio_hw_generic( 1308): Hardware backing HAL too slow, could only write 0 of 661 frames
12-09 08:12:52.708 W/audio_hw_generic( 1308): Hardware backing HAL too slow, could only write 0 of 661 frames
12-09 08:12:52.720 E/EGL_emulation( 1218): tid 1218: eglCreateSyncKHR(1881): error 0x3004 (EGL_BAD_ATTRIBUTE)
12-09 08:12:53.038 W/audio_hw_generic( 1308): Not supplying enough data to HAL, expected position 25401867 , only wrote 25401569
12-09 08:12:53.038 W/audio_hw_generic( 1308): Not supplying enough data to HAL, expected position 25401575 , only wrote 25401569
12-09 08:12:53.282 W/audio_hw_generic( 1308): Not supplying enough data to HAL, expected position 25412335 , only wrote 25412145
12-09 08:12:53.283 W/audio_hw_generic( 1308): Not supplying enough data to HAL, expected position 25412151 , only wrote 25412145
12-09 08:12:53.302 W/audio_hw_generic( 1308): Not supplying enough data to HAL, expected position 25412990 , only wrote 25412806
12-09 08:12:53.694 W/audio_hw_generic( 1308): Not supplying enough data to HAL, expected position 25430080 , only wrote 25426026
12-09 08:12:53.734 I/System.out(14475): URI: //gesture
12-09 08:12:53.734 I/System.out(14475): params: {json={"query_timeout":5.0,"gestures":[{"query_string":"android.widget.TabWidget descendant TextView index:3","touches":[{"x":50,"y":50,"offset_x":0,"offset_y":0,"wait":0.0,"time":0.2,"release":true,"query_string":null}]}]}
12-09 08:12:53.734 I/System.out(14475): }
12-09 08:12:53.769 W/audio_hw_generic( 1308): Hardware backing HAL too slow, could only write 0 of 661 frames
12-09 08:12:53.788 W/audio_hw_generic( 1308): Hardware backing HAL too slow, could only write 0 of 661 frames
12-09 08:12:53.865 I/art     (14475): Background sticky concurrent mark sweep GC freed 6030(312KB) AllocSpace objects, 2(40KB) LOS objects, 5% free, 2MB/2MB, paused 11.930ms total 119.964ms
12-09 08:12:53.866 W/CursorWrapperInner(14475): Cursor finalized without prior close()
12-09 08:12:53.870 W/audio_hw_generic( 1308): Hardware backing HAL too slow, could only write 0 of 661 frames
12-09 08:12:53.935 W/audio_hw_generic( 1308): Not supplying enough data to HAL, expected position 25436681 , only wrote 25436602
12-09 08:12:53.972 W/audio_hw_generic( 1308): Hardware backing HAL too slow, could only write 0 of 661 frames
12-09 08:12:54.046 I/art     (14475): Background partial concurrent mark sweep GC freed 14934(706KB) AllocSpace objects, 2(40KB) LOS objects, 40% free, 2MB/3MB, paused 15.294ms total 88.057ms
12-09 08:12:54.167 W/audio_hw_generic( 1308): Not supplying enough data to HAL, expected position 25446832 , only wrote 25446517
12-09 08:12:54.209 W/audio_hw_generic( 1308): Not supplying enough data to HAL, expected position 25448370 , only wrote 25447839
12-09 08:12:54.239 W/audio_hw_generic( 1308): Hardware backing HAL too slow, could only write 0 of 661 frames
12-09 08:12:54.284 I/calabash(14475): newActivity1
12-09 08:12:54.285 W/ActivityManager( 1591): Bad activity token: android.os.BinderProxy@7f030b5
12-09 08:12:54.285 W/ActivityManager( 1591): java.lang.ClassCastException: android.os.BinderProxy cannot be cast to com.android.server.am.ActivityRecord$Token
12-09 08:12:54.285 W/ActivityManager( 1591): 	at com.android.server.am.ActivityRecord.forTokenLocked(ActivityRecord.java:424)
12-09 08:12:54.285 W/ActivityManager( 1591): 	at com.android.server.am.ActivityRecord.isInStackLocked(ActivityRecord.java:1121)
12-09 08:12:54.285 W/ActivityManager( 1591): 	at com.android.server.am.ActivityRecord.getStackLocked(ActivityRecord.java:1126)
12-09 08:12:54.285 W/ActivityManager( 1591): 	at com.android.server.am.ActivityManagerService.getActivityDisplayId(ActivityManagerService.java:8889)
12-09 08:12:54.285 W/ActivityManager( 1591): 	at android.app.ActivityManagerNative.onTransact(ActivityManagerNative.java:2338)
12-09 08:12:54.285 W/ActivityManager( 1591): 	at com.android.server.am.ActivityManagerService.onTransact(ActivityManagerService.java:2443)
12-09 08:12:54.285 W/ActivityManager( 1591): 	at android.os.Binder.execTransact(Binder.java:453)
12-09 08:12:54.291 W/ActivityManager( 1591): Bad activity token: android.os.BinderProxy@7f030b5
12-09 08:12:54.291 W/ActivityManager( 1591): java.lang.ClassCastException: android.os.BinderProxy cannot be cast to com.android.server.am.ActivityRecord$Token
12-09 08:12:54.291 W/ActivityManager( 1591): 	at com.android.server.am.ActivityRecord.forTokenLocked(ActivityRecord.java:424)
12-09 08:12:54.291 W/ActivityManager( 1591): 	at com.android.server.am.ActivityRecord.isInStackLocked(ActivityRecord.java:1121)
12-09 08:12:54.291 W/ActivityManager( 1591): 	at com.android.server.am.ActivityManagerService.setTaskDescription(ActivityManagerService.java:8547)
12-09 08:12:54.291 W/ActivityManager( 1591): 	at android.app.ActivityManagerNative.onTransact(ActivityManagerNative.java:2410)
12-09 08:12:54.291 W/ActivityManager( 1591): 	at com.android.server.am.ActivityManagerService.onTransact(ActivityManagerService.java:2443)
12-09 08:12:54.291 W/ActivityManager( 1591): 	at android.os.Binder.execTransact(Binder.java:453)
12-09 08:12:54.292 W/ActivityManager( 1591): Bad activity token: android.os.BinderProxy@7f030b5
12-09 08:12:54.292 W/ActivityManager( 1591): java.lang.ClassCastException: android.os.BinderProxy cannot be cast to com.android.server.am.ActivityRecord$Token
12-09 08:12:54.292 W/ActivityManager( 1591): 	at com.android.server.am.ActivityRecord.forTokenLocked(ActivityRecord.java:424)
12-09 08:12:54.292 W/ActivityManager( 1591): 	at com.android.server.am.ActivityRecord.isInStackLocked(ActivityRecord.java:1121)
12-09 08:12:54.292 W/ActivityManager( 1591): 	at com.android.server.am.ActivityManagerService.getActivityOptions(ActivityManagerService.java:11038)
12-09 08:12:54.292 W/ActivityManager( 1591): 	at android.app.ActivityManagerNative.onTransact(ActivityManagerNative.java:1734)
12-09 08:12:54.292 W/ActivityManager( 1591): 	at com.android.server.am.ActivityManagerService.onTransact(ActivityManagerService.java:2443)
12-09 08:12:54.292 W/ActivityManager( 1591): 	at android.os.Binder.execTransact(Binder.java:453)
12-09 08:12:54.293 W/ActivityManager( 1591): Bad activity token: android.os.BinderProxy@7f030b5
12-09 08:12:54.293 W/ActivityManager( 1591): java.lang.ClassCastException: android.os.BinderProxy cannot be cast to com.android.server.am.ActivityRecord$Token
12-09 08:12:54.293 W/ActivityManager( 1591): 	at com.android.server.am.ActivityRecord.forTokenLocked(ActivityRecord.java:424)
12-09 08:12:54.293 W/ActivityManager( 1591): 	at com.android.server.am.ActivityRecord.isInStackLocked(ActivityRecord.java:1121)
12-09 08:12:54.293 W/ActivityManager( 1591): 	at com.android.server.am.ActivityManagerService.getActivityOptions(ActivityManagerService.java:11038)
12-09 08:12:54.293 W/ActivityManager( 1591): 	at android.app.ActivityManagerNative.onTransact(ActivityManagerNative.java:1734)
12-09 08:12:54.293 W/ActivityManager( 1591): 	at com.android.server.am.ActivityManagerService.onTransact(ActivityManagerService.java:2443)
12-09 08:12:54.293 W/ActivityManager( 1591): 	at android.os.Binder.execTransact(Binder.java:453)
12-09 08:12:54.367 D/AudioFlinger( 1308): mixer(0xf43c0000) throttle end: throttle time(1)
12-09 08:12:54.402 W/audio_hw_generic( 1308): Hardware backing HAL too slow, could only write 0 of 661 frames
12-09 08:12:54.438 I/art     (14475): Background sticky concurrent mark sweep GC freed 28446(1334KB) AllocSpace objects, 0(0B) LOS objects, 34% free, 2MB/3MB, paused 992us total 121.077ms
12-09 08:12:54.452 W/audio_hw_generic( 1308): Hardware backing HAL too slow, could only write 0 of 661 frames
12-09 08:12:54.813 E/SurfaceFlinger( 1218): ro.sf.lcd_density must be defined as a build property
12-09 08:12:54.814 D/gralloc_ranchu( 1218): gralloc_alloc: Creating ashmem region of size 3686400
12-09 08:12:54.817 W/audio_hw_generic( 1308): Not supplying enough data to HAL, expected position 25474658 , only wrote 25473618
12-09 08:12:54.817 W/audio_hw_generic( 1308): Not supplying enough data to HAL, expected position 25473624 , only wrote 25473618
12-09 08:12:54.833 D/        (14508): HostConnection::get() New Host Connection established 0x7ff90bc92480, tid 14508
12-09 08:12:54.863 E/EGL_emulation( 1218): tid 1218: eglCreateSyncKHR(1881): error 0x3004 (EGL_BAD_ATTRIBUTE)
12-09 08:12:55.315 W/audio_hw_generic( 1308): Not supplying enough data to HAL, expected position 25495558 , only wrote 25495431
12-09 08:12:55.600 W/audio_hw_generic( 1308): Not supplying enough data to HAL, expected position 25508003 , only wrote 25507329
12-09 08:12:55.620 I/System.out(14475): URI: //gesture
12-09 08:12:55.620 I/System.out(14475): params: {json={"query_timeout":5.0,"gestures":[{"query_string":"android.widget.TabWidget descendant TextView index:2","touches":[{"x":50,"y":50,"offset_x":0,"offset_y":0,"wait":0.0,"time":0.2,"release":true,"query_string":null}]}]}
12-09 08:12:55.620 I/System.out(14475): }
12-09 08:12:55.713 W/audio_hw_generic( 1308): Not supplying enough data to HAL, expected position 25512307 , only wrote 25511956
12-09 08:12:55.723 W/audio_hw_generic( 1308): Not supplying enough data to HAL, expected position 25512403 , only wrote 25511956
12-09 08:12:55.814 W/audio_hw_generic( 1308): Not supplying enough data to HAL, expected position 25515969 , only wrote 25515922
12-09 08:12:55.814 W/audio_hw_generic( 1308): Not supplying enough data to HAL, expected position 25515928 , only wrote 25515922
12-09 08:12:55.814 W/audio_hw_generic( 1308): Hardware backing HAL too slow, could only write 0 of 661 frames
12-09 08:12:55.864 W/audio_hw_generic( 1308): Not supplying enough data to HAL, expected position 25518135 , only wrote 25516583
12-09 08:12:55.931 W/audio_hw_generic( 1308): Not supplying enough data to HAL, expected position 25519520 , only wrote 25519227
12-09 08:12:55.959 W/audio_hw_generic( 1308): Hardware backing HAL too slow, could only write 0 of 661 frames
12-09 08:12:55.985 W/audio_hw_generic( 1308): Hardware backing HAL too slow, could only write 0 of 661 frames
12-09 08:12:55.999 W/audio_hw_generic( 1308): Hardware backing HAL too slow, could only write 0 of 661 frames
12-09 08:12:56.007 W/audio_hw_generic( 1308): Hardware backing HAL too slow, could only write 0 of 661 frames
12-09 08:12:56.031 W/audio_hw_generic( 1308): Hardware backing HAL too slow, could only write 0 of 661 frames
12-09 08:12:56.192 W/audio_hw_generic( 1308): Not supplying enough data to HAL, expected position 25530756 , only wrote 25529142
12-09 08:12:56.193 W/audio_hw_generic( 1308): Not supplying enough data to HAL, expected position 25529149 , only wrote 25529142
12-09 08:12:56.345 W/audio_hw_generic( 1308): Not supplying enough data to HAL, expected position 25535871 , only wrote 25535091
12-09 08:12:56.365 I/calabash(14475): newActivity1
12-09 08:12:56.411 D/AudioFlinger( 1308): mixer(0xf43c0000) throttle end: throttle time(26)
12-09 08:12:56.485 W/art     (14475): Suspending all threads took: 45.265ms
12-09 08:12:56.494 W/ActivityManager( 1591): Bad activity token: android.os.BinderProxy@11a134a
12-09 08:12:56.494 W/ActivityManager( 1591): java.lang.ClassCastException: android.os.BinderProxy cannot be cast to com.android.server.am.ActivityRecord$Token
12-09 08:12:56.494 W/ActivityManager( 1591): 	at com.android.server.am.ActivityRecord.forTokenLocked(ActivityRecord.java:424)
12-09 08:12:56.494 W/ActivityManager( 1591): 	at com.android.server.am.ActivityRecord.isInStackLocked(ActivityRecord.java:1121)
12-09 08:12:56.494 W/ActivityManager( 1591): 	at com.android.server.am.ActivityRecord.getStackLocked(ActivityRecord.java:1126)
12-09 08:12:56.494 W/ActivityManager( 1591): 	at com.android.server.am.ActivityManagerService.getActivityDisplayId(ActivityManagerService.java:8889)
12-09 08:12:56.494 W/ActivityManager( 1591): 	at android.app.ActivityManagerNative.onTransact(ActivityManagerNative.java:2338)
12-09 08:12:56.494 W/ActivityManager( 1591): 	at com.android.server.am.ActivityManagerService.onTransact(ActivityManagerService.java:2443)
12-09 08:12:56.494 W/ActivityManager( 1591): 	at android.os.Binder.execTransact(Binder.java:453)
12-09 08:12:56.495 W/ActivityManager( 1591): Bad activity token: android.os.BinderProxy@11a134a
12-09 08:12:56.495 W/ActivityManager( 1591): java.lang.ClassCastException: android.os.BinderProxy cannot be cast to com.android.server.am.ActivityRecord$Token
12-09 08:12:56.495 W/ActivityManager( 1591): 	at com.android.server.am.ActivityRecord.forTokenLocked(ActivityRecord.java:424)
12-09 08:12:56.495 W/ActivityManager( 1591): 	at com.android.server.am.ActivityRecord.isInStackLocked(ActivityRecord.java:1121)
12-09 08:12:56.495 W/ActivityManager( 1591): 	at com.android.server.am.ActivityManagerService.setTaskDescription(ActivityManagerService.java:8547)
12-09 08:12:56.495 W/ActivityManager( 1591): 	at android.app.ActivityManagerNative.onTransact(ActivityManagerNative.java:2410)
12-09 08:12:56.495 W/ActivityManager( 1591): 	at com.android.server.am.ActivityManagerService.onTransact(ActivityManagerService.java:2443)
12-09 08:12:56.495 W/ActivityManager( 1591): 	at android.os.Binder.execTransact(Binder.java:453)
12-09 08:12:56.511 D/AudioFlinger( 1308): mixer(0xf43c0000) throttle end: throttle time(11)
12-09 08:12:56.538 D/VehicleStatisticsActivity(14475): Checking recalculation ...
12-09 08:12:56.545 D/VehicleStatisticsActivity(14475): Recalculating statistics
12-09 08:12:56.546 D/VehicleStatisticsTask(14475): Calculation starting...
12-09 08:12:56.551 D/VehicleStatisticsActivity(14475): Recalculation started!
12-09 08:12:56.554 I/art     (14475): Background sticky concurrent mark sweep GC freed 57401(2MB) AllocSpace objects, 2(40KB) LOS objects, 21% free, 2MB/3MB, paused 46.489ms total 198.361ms
12-09 08:12:56.555 W/ActivityManager( 1591): Bad activity token: android.os.BinderProxy@11a134a
12-09 08:12:56.555 W/ActivityManager( 1591): java.lang.ClassCastException: android.os.BinderProxy cannot be cast to com.android.server.am.ActivityRecord$Token
12-09 08:12:56.555 W/ActivityManager( 1591): 	at com.android.server.am.ActivityRecord.forTokenLocked(ActivityRecord.java:424)
12-09 08:12:56.555 W/ActivityManager( 1591): 	at com.android.server.am.ActivityRecord.isInStackLocked(ActivityRecord.java:1121)
12-09 08:12:56.555 W/ActivityManager( 1591): 	at com.android.server.am.ActivityManagerService.getActivityOptions(ActivityManagerService.java:11038)
12-09 08:12:56.555 W/ActivityManager( 1591): 	at android.app.ActivityManagerNative.onTransact(ActivityManagerNative.java:1734)
12-09 08:12:56.555 W/ActivityManager( 1591): 	at com.android.server.am.ActivityManagerService.onTransact(ActivityManagerService.java:2443)
12-09 08:12:56.555 W/ActivityManager( 1591): 	at android.os.Binder.execTransact(Binder.java:453)
12-09 08:12:56.556 W/ActivityManager( 1591): Bad activity token: android.os.BinderProxy@11a134a
12-09 08:12:56.556 W/ActivityManager( 1591): java.lang.ClassCastException: android.os.BinderProxy cannot be cast to com.android.server.am.ActivityRecord$Token
12-09 08:12:56.556 W/ActivityManager( 1591): 	at com.android.server.am.ActivityRecord.forTokenLocked(ActivityRecord.java:424)
12-09 08:12:56.556 W/ActivityManager( 1591): 	at com.android.server.am.ActivityRecord.isInStackLocked(ActivityRecord.java:1121)
12-09 08:12:56.556 W/ActivityManager( 1591): 	at com.android.server.am.ActivityManagerService.getActivityOptions(ActivityManagerService.java:11038)
12-09 08:12:56.556 W/ActivityManager( 1591): 	at android.app.ActivityManagerNative.onTransact(ActivityManagerNative.java:1734)
12-09 08:12:56.556 W/ActivityManager( 1591): 	at com.android.server.am.ActivityManagerService.onTransact(ActivityManagerService.java:2443)
12-09 08:12:56.556 W/ActivityManager( 1591): 	at android.os.Binder.execTransact(Binder.java:453)
12-09 08:12:56.558 D/VehicleStatisticsActivity(14475): Checking recalculation ...
12-09 08:12:56.559 D/VehicleStatisticsActivity(14475): Recalculating statistics
12-09 08:12:56.559 D/VehicleStatisticsTask(14475): Calculation starting...
12-09 08:12:56.571 D/VehicleStatisticsActivity(14475): Recalculation started!
12-09 08:12:56.627 D/VehicleStatisticsTask(14475): Not enough fillups to calculate statistics
12-09 08:12:56.668 D/VehicleStatisticsTask(14475): Not enough fillups to calculate statistics
12-09 08:12:56.718 W/audio_hw_generic( 1308): Not supplying enough data to HAL, expected position 25551522 , only wrote 25550294
12-09 08:12:56.785 W/audio_hw_generic( 1308): Not supplying enough data to HAL, expected position 25553252 , only wrote 25552938
12-09 08:12:56.785 W/audio_hw_generic( 1308): Not supplying enough data to HAL, expected position 25552945 , only wrote 25552938
12-09 08:12:56.883 W/audio_hw_generic( 1308): Not supplying enough data to HAL, expected position 25557256 , only wrote 25556243
12-09 08:12:56.883 W/audio_hw_generic( 1308): Not supplying enough data to HAL, expected position 25556249 , only wrote 25556243
12-09 08:12:56.889 D/VehicleStatisticsTask(14475): Done recalculating!
12-09 08:12:56.890 D/VehicleStatisticsTask(14475): Done recalculating!
12-09 08:12:56.891 D/VehicleStatisticsAdapter(14475): Erasing the cache ...
12-09 08:12:56.899 D/VehicleStatisticsAdapter(14475): Erasing the cache ...
12-09 08:12:56.899 W/audio_hw_generic( 1308): Not supplying enough data to HAL, expected position 25556943 , only wrote 25556904
12-09 08:12:56.899 W/audio_hw_generic( 1308): Hardware backing HAL too slow, could only write 0 of 661 frames
12-09 08:12:56.899 W/audio_hw_generic( 1308): Hardware backing HAL too slow, could only write 0 of 661 frames
12-09 08:12:56.902 D/VehicleStatisticsAdapter(14475): Building new values ...
12-09 08:12:56.902 D/VehicleStatisticsAdapter(14475): Writing 29 records to the database ...
12-09 08:12:56.918 D/Mileage.ABS(14475): Finished backup
12-09 08:12:56.922 D/Mileage.ABS(14475): Not backing up; 25
12-09 08:12:56.931 W/audio_hw_generic( 1308): Hardware backing HAL too slow, could only write 0 of 661 frames
12-09 08:12:57.004 W/art     (14475): Suspending all threads took: 9.096ms
12-09 08:12:57.041 D/VehicleStatisticsAdapter(14475): Building new values ...
12-09 08:12:57.055 E/SurfaceFlinger( 1218): ro.sf.lcd_density must be defined as a build property
12-09 08:12:57.056 D/gralloc_ranchu( 1218): gralloc_alloc: Creating ashmem region of size 3686400
12-09 08:12:57.067 D/Mileage.ABS(14475): Not backing up; 171
12-09 08:12:57.068 D/Mileage.ABS(14475): Not backing up; 172
12-09 08:12:57.068 D/Mileage.ABS(14475): Not backing up; 172
12-09 08:12:57.073 D/VehicleStatisticsAdapter(14475): Writing 29 records to the database ...
12-09 08:12:57.075 W/CursorWrapperInner(14475): Cursor finalized without prior close()
12-09 08:12:57.100 W/CursorWrapperInner(14475): Cursor finalized without prior close()
12-09 08:12:57.101 I/art     (14475): Background sticky concurrent mark sweep GC freed 4273(238KB) AllocSpace objects, 1(20KB) LOS objects, 21% free, 2MB/3MB, paused 10.187ms total 110.692ms
12-09 08:12:57.138 D/        (14517): HostConnection::get() New Host Connection established 0x7f2f22912480, tid 14517
12-09 08:12:57.170 D/Mileage.ABS(14475): Not backing up; 273
12-09 08:12:57.186 E/EGL_emulation( 1218): tid 1218: eglCreateSyncKHR(1881): error 0x3004 (EGL_BAD_ATTRIBUTE)
12-09 08:12:57.219 D/Mileage.ABS(14475): Not backing up; 323
12-09 08:12:57.220 D/Mileage.ABS(14475): Not backing up; 324
12-09 08:12:57.250 D/Mileage.ABS(14475): Not backing up; 354
12-09 08:12:57.345 D/Mileage.ABS(14475): Not backing up; 449
12-09 08:12:57.348 D/Mileage.ABS(14475): Not backing up; 452
12-09 08:12:57.411 W/audio_hw_generic( 1308): Hardware backing HAL too slow, could only write 0 of 661 frames
12-09 08:12:57.451 D/Mileage.ABS(14475): Not backing up; 555
12-09 08:12:57.451 D/Mileage.ABS(14475): Not backing up; 555
12-09 08:12:57.454 D/Mileage.ABS(14475): Not backing up; 558
12-09 08:12:57.477 D/Mileage.ABS(14475): Not backing up; 581
12-09 08:12:57.505 D/Mileage.ABS(14475): Not backing up; 609
12-09 08:12:57.523 D/Mileage.ABS(14475): Not backing up; 627
12-09 08:12:57.607 D/Mileage.ABS(14475): Not backing up; 711
12-09 08:12:57.614 D/Mileage.ABS(14475): Not backing up; 718
12-09 08:12:57.615 D/Mileage.ABS(14475): Not backing up; 719
12-09 08:12:57.743 D/Mileage.ABS(14475): Not backing up; 847
12-09 08:12:57.743 D/Mileage.ABS(14475): Not backing up; 847
12-09 08:12:57.744 D/Mileage.ABS(14475): Not backing up; 848
12-09 08:12:57.747 W/audio_hw_generic( 1308): Hardware backing HAL too slow, could only write 0 of 661 frames
12-09 08:12:57.874 D/Mileage.ABS(14475): Not backing up; 978
12-09 08:12:57.880 D/Mileage.ABS(14475): Not backing up; 984
12-09 08:12:57.881 D/Mileage.ABS(14475): Not backing up; 984
12-09 08:12:57.881 D/Mileage.ABS(14475): Not backing up; 985
12-09 08:12:57.881 D/Mileage.ABS(14475): Not backing up; 985
12-09 08:12:57.974 I/System.out(14475): URI: //gesture
12-09 08:12:57.974 I/System.out(14475): params: {json={"query_timeout":5.0,"gestures":[{"query_string":"android.widget.TabWidget descendant TextView index:0","touches":[{"x":50,"y":50,"offset_x":0,"offset_y":0,"wait":0.0,"time":0.2,"release":true,"query_string":null}]}]}
12-09 08:12:57.974 I/System.out(14475): }
12-09 08:12:58.217 W/audio_hw_generic( 1308): Not supplying enough data to HAL, expected position 25615031 , only wrote 25613750
12-09 08:12:58.217 W/audio_hw_generic( 1308): Not supplying enough data to HAL, expected position 25613756 , only wrote 25613750
12-09 08:12:58.217 D/Mileage.ABS(14475): Finished backup
12-09 08:12:58.223 D/Mileage.ABS(14475): Not backing up; 145
12-09 08:12:58.227 D/Mileage.ABS(14475): Not backing up; 149
12-09 08:12:58.227 D/Mileage.ABS(14475): Not backing up; 149
12-09 08:12:58.227 D/Mileage.ABS(14475): Not backing up; 149
12-09 08:12:58.228 D/Mileage.ABS(14475): Not backing up; 150
12-09 08:12:58.228 D/Mileage.ABS(14475): Not backing up; 150
12-09 08:12:58.228 D/Mileage.ABS(14475): Not backing up; 150
12-09 08:12:58.228 D/Mileage.ABS(14475): Not backing up; 150
12-09 08:12:58.228 D/Mileage.ABS(14475): Not backing up; 150
12-09 08:12:58.239 W/audio_hw_generic( 1308): Not supplying enough data to HAL, expected position 25614708 , only wrote 25614411
12-09 08:12:58.258 I/art     (14475): Background partial concurrent mark sweep GC freed 18362(965KB) AllocSpace objects, 3(60KB) LOS objects, 40% free, 2MB/4MB, paused 1.416ms total 277.827ms
12-09 08:12:58.444 D/Mileage.ABS(14475): Not backing up; 366
12-09 08:12:58.444 D/Mileage.ABS(14475): Not backing up; 366
12-09 08:12:58.444 D/Mileage.ABS(14475): Not backing up; 366
12-09 08:12:58.444 D/Mileage.ABS(14475): Not backing up; 366
12-09 08:12:58.445 D/Mileage.ABS(14475): Not backing up; 367
12-09 08:12:58.445 D/Mileage.ABS(14475): Not backing up; 367
12-09 08:12:58.515 W/audio_hw_generic( 1308): Not supplying enough data to HAL, expected position 25626582 , only wrote 25626309
12-09 08:12:58.531 W/audio_hw_generic( 1308): Hardware backing HAL too slow, could only write 0 of 661 frames
12-09 08:12:58.549 W/audio_hw_generic( 1308): Hardware backing HAL too slow, could only write 0 of 661 frames
12-09 08:12:58.702 D/Mileage.ABS(14475): Not backing up; 624
12-09 08:12:58.702 D/Mileage.ABS(14475): Not backing up; 624
12-09 08:12:58.703 D/Mileage.ABS(14475): Not backing up; 624
12-09 08:12:58.703 D/Mileage.ABS(14475): Not backing up; 625
12-09 08:12:58.703 D/Mileage.ABS(14475): Not backing up; 625
12-09 08:12:58.703 D/Mileage.ABS(14475): Not backing up; 625
12-09 08:12:58.744 D/Mileage.ABS(14475): Not backing up; 666
