12-09 08:11:40.709 W/audio_hw_generic( 1310): Not supplying enough data to HAL, expected position 23868055 , only wrote 23868049
12-09 08:11:40.841 D/Mileage.ABS(13331): Not backing up; 290
12-09 08:11:40.855 E/SurfaceFlinger( 1219): ro.sf.lcd_density must be defined as a build property
12-09 08:11:40.860 D/Mileage.ABS(13331): Not backing up; 309
12-09 08:11:40.861 D/Mileage.ABS(13331): Not backing up; 310
12-09 08:11:40.936 W/audio_hw_generic( 1310): Not supplying enough data to HAL, expected position 23878052 , only wrote 23877964
12-09 08:11:40.954 D/gralloc_ranchu( 1219): gralloc_alloc: Creating ashmem region of size 3686400
12-09 08:11:40.960 D/Mileage.ABS(13331): Not backing up; 409
12-09 08:11:40.970 D/        (13373): HostConnection::get() New Host Connection established 0x7fd319892480, tid 13373
12-09 08:11:40.993 E/EGL_emulation( 1219): tid 1219: eglCreateSyncKHR(1881): error 0x3004 (EGL_BAD_ATTRIBUTE)
12-09 08:11:40.994 D/Mileage.ABS(13331): Not backing up; 443
12-09 08:11:41.079 D/Mileage.ABS(13331): Not backing up; 528
12-09 08:11:41.086 D/Mileage.ABS(13331): Not backing up; 535
12-09 08:11:41.327 W/audio_hw_generic( 1310): Not supplying enough data to HAL, expected position 23895207 , only wrote 23895150
12-09 08:11:41.364 W/audio_hw_generic( 1310): Not supplying enough data to HAL, expected position 23896780 , only wrote 23896472
12-09 08:11:41.404 W/audio_hw_generic( 1310): Not supplying enough data to HAL, expected position 23898240 , only wrote 23897794
12-09 08:11:41.414 D/Mileage.ABS(13331): Not backing up; 863
12-09 08:11:41.414 D/Mileage.ABS(13331): Not backing up; 863
12-09 08:11:41.415 D/Mileage.ABS(13331): Not backing up; 864
12-09 08:11:41.415 D/Mileage.ABS(13331): Not backing up; 864
12-09 08:11:41.415 D/Mileage.ABS(13331): Not backing up; 864
12-09 08:11:41.415 D/Mileage.ABS(13331): Not backing up; 864
12-09 08:11:41.438 D/Mileage.ABS(13331): Not backing up; 887
12-09 08:11:41.445 D/Mileage.ABS(13331): Not backing up; 894
12-09 08:11:41.446 D/Mileage.ABS(13331): Not backing up; 895
12-09 08:11:41.446 D/Mileage.ABS(13331): Not backing up; 895
12-09 08:11:41.481 D/Mileage.ABS(13331): Not backing up; 930
12-09 08:11:41.501 W/audio_hw_generic( 1310): Not supplying enough data to HAL, expected position 23902089 , only wrote 23901760
12-09 08:11:41.665 I/System.out(13331): URI: //gesture
12-09 08:11:41.665 I/System.out(13331): params: {json={"query_timeout":5.0,"gestures":[{"query_string":"android.widget.TabWidget descendant TextView index:0","touches":[{"x":50,"y":50,"offset_x":0,"offset_y":0,"wait":0.0,"time":0.2,"release":true,"query_string":null}]}]}
12-09 08:11:41.665 I/System.out(13331): }
12-09 08:11:41.764 W/audio_hw_generic( 1310): Not supplying enough data to HAL, expected position 23913343 , only wrote 23912336
12-09 08:11:41.764 W/audio_hw_generic( 1310): Not supplying enough data to HAL, expected position 23912342 , only wrote 23912336
12-09 08:11:41.767 W/art     (13331): Suspending all threads took: 55.064ms
12-09 08:11:41.887 W/audio_hw_generic( 1310): Not supplying enough data to HAL, expected position 23917779 , only wrote 23917624
12-09 08:11:41.888 W/audio_hw_generic( 1310): Not supplying enough data to HAL, expected position 23917631 , only wrote 23917624
12-09 08:11:41.894 I/art     (13331): Background partial concurrent mark sweep GC freed 15990(778KB) AllocSpace objects, 3(60KB) LOS objects, 39% free, 2MB/4MB, paused 56.914ms total 158.093ms
12-09 08:11:41.901 W/CursorWrapperInner(13331): Cursor finalized without prior close()
12-09 08:11:41.904 W/audio_hw_generic( 1310): Not supplying enough data to HAL, expected position 23918346 , only wrote 23918285
12-09 08:11:41.920 D/Mileage.ABS(13331): Finished backup
12-09 08:11:41.928 D/Mileage.ABS(13331): Not backing up; 47
12-09 08:11:41.928 D/Mileage.ABS(13331): Not backing up; 47
12-09 08:11:41.929 D/Mileage.ABS(13331): Not backing up; 48
12-09 08:11:41.943 W/audio_hw_generic( 1310): Not supplying enough data to HAL, expected position 23919985 , only wrote 23919607
12-09 08:11:41.950 W/CursorWrapperInner(13331): Cursor finalized without prior close()
12-09 08:11:41.975 W/audio_hw_generic( 1310): Not supplying enough data to HAL, expected position 23921026 , only wrote 23920929
12-09 08:11:41.991 D/Mileage.ABS(13331): Not backing up; 110
12-09 08:11:41.994 D/Mileage.ABS(13331): Not backing up; 113
12-09 08:11:41.995 D/Mileage.ABS(13331): Not backing up; 114
12-09 08:11:41.998 D/Mileage.ABS(13331): Not backing up; 116
12-09 08:11:41.998 D/Mileage.ABS(13331): Not backing up; 117
12-09 08:11:42.006 D/Mileage.ABS(13331): Not backing up; 125
12-09 08:11:42.032 D/Mileage.ABS(13331): Not backing up; 151
12-09 08:11:42.137 D/Mileage.ABS(13331): Not backing up; 256
12-09 08:11:42.139 D/Mileage.ABS(13331): Not backing up; 257
12-09 08:11:42.139 D/Mileage.ABS(13331): Not backing up; 258
12-09 08:11:42.277 W/audio_hw_generic( 1310): Not supplying enough data to HAL, expected position 23934263 , only wrote 23934149
12-09 08:11:42.277 W/audio_hw_generic( 1310): Not supplying enough data to HAL, expected position 23934159 , only wrote 23934149
12-09 08:11:42.280 D/Mileage.ABS(13331): Not backing up; 399
12-09 08:11:42.293 D/Mileage.ABS(13331): Not backing up; 412
12-09 08:11:42.296 W/audio_hw_generic( 1310): Not supplying enough data to HAL, expected position 23934956 , only wrote 23934810
12-09 08:11:42.348 W/audio_hw_generic( 1310): Hardware backing HAL too slow, could only write 0 of 661 frames
12-09 08:11:42.368 W/audio_hw_generic( 1310): Hardware backing HAL too slow, could only write 0 of 661 frames
12-09 08:11:42.376 W/audio_hw_generic( 1310): Hardware backing HAL too slow, could only write 0 of 661 frames
12-09 08:11:42.436 D/AudioFlinger( 1310): mixer(0xf4300000) throttle end: throttle time(11)
12-09 08:11:42.761 W/audio_hw_generic( 1310): Not supplying enough data to HAL, expected position 23955338 , only wrote 23955301
12-09 08:11:42.815 D/Mileage.ABS(13331): Not backing up; 934
12-09 08:11:42.815 D/Mileage.ABS(13331): Not backing up; 934
12-09 08:11:42.815 D/Mileage.ABS(13331): Not backing up; 934
12-09 08:11:42.824 D/Mileage.ABS(13331): Not backing up; 943
12-09 08:11:42.824 D/Mileage.ABS(13331): Not backing up; 943
12-09 08:11:42.825 D/Mileage.ABS(13331): Not backing up; 944
12-09 08:11:42.825 D/Mileage.ABS(13331): Not backing up; 944
12-09 08:11:42.826 D/Mileage.ABS(13331): Not backing up; 945
12-09 08:11:42.826 D/Mileage.ABS(13331): Not backing up; 945
12-09 08:11:42.966 I/art     (13331): Background sticky concurrent mark sweep GC freed 38556(1788KB) AllocSpace objects, 1(20KB) LOS objects, 39% free, 2MB/4MB, paused 19.991ms total 193.978ms
12-09 08:11:43.004 W/audio_hw_generic( 1310): Hardware backing HAL too slow, could only write 0 of 661 frames
12-09 08:11:43.032 E/SurfaceFlinger( 1219): ro.sf.lcd_density must be defined as a build property
12-09 08:11:43.064 D/Mileage.ABS(13331): Finished backup
12-09 08:11:43.066 D/Mileage.ABS(13331): Not backing up; 56
12-09 08:11:43.066 D/Mileage.ABS(13331): Not backing up; 57
12-09 08:11:43.066 D/Mileage.ABS(13331): Not backing up; 57
12-09 08:11:43.067 D/Mileage.ABS(13331): Not backing up; 57
12-09 08:11:43.095 D/gralloc_ranchu( 1219): gralloc_alloc: Creating ashmem region of size 3686400
12-09 08:11:43.102 D/Mileage.ABS(13331): Not backing up; 93
12-09 08:11:43.103 D/Mileage.ABS(13331): Not backing up; 94
12-09 08:11:43.178 W/audio_hw_generic( 1310): Hardware backing HAL too slow, could only write 0 of 661 frames
12-09 08:11:43.191 W/audio_hw_generic( 1310): Hardware backing HAL too slow, could only write 0 of 661 frames
12-09 08:11:43.195 D/        (13389): HostConnection::get() New Host Connection established 0x7f5220652480, tid 13389
12-09 08:11:43.222 E/EGL_emulation( 1219): tid 1219: eglCreateSyncKHR(1881): error 0x3004 (EGL_BAD_ATTRIBUTE)
12-09 08:11:43.478 D/Mileage.ABS(13331): Not backing up; 469
12-09 08:11:43.485 D/Mileage.ABS(13331): Not backing up; 469
12-09 08:11:43.485 D/Mileage.ABS(13331): Not backing up; 476
12-09 08:11:43.544 W/audio_hw_generic( 1310): Not supplying enough data to HAL, expected position 23989845 , only wrote 23989012
12-09 08:11:43.607 D/VehicleStatisticsAdapter(13331): Caching of 29 records complete! (3.124 seconds)
12-09 08:11:43.640 D/Mileage.ABS(13331): Not backing up; 631
12-09 08:11:43.641 D/Mileage.ABS(13331): Not backing up; 632
12-09 08:11:43.641 D/Mileage.ABS(13331): Not backing up; 632
12-09 08:11:43.641 D/Mileage.ABS(13331): Not backing up; 632
12-09 08:11:43.672 D/VehicleStatisticsAdapter(13331): Caching of 29 records complete! (3.12 seconds)
12-09 08:11:43.786 D/Mileage.ABS(13331): Not backing up; 777
12-09 08:11:43.806 W/audio_hw_generic( 1310): Not supplying enough data to HAL, expected position 24000538 , only wrote 23999588
12-09 08:11:43.806 W/audio_hw_generic( 1310): Not supplying enough data to HAL, expected position 23999594 , only wrote 23999588
12-09 08:11:43.821 W/audio_hw_generic( 1310): Not supplying enough data to HAL, expected position 24000255 , only wrote 24000249
12-09 08:11:43.956 W/audio_hw_generic( 1310): Not supplying enough data to HAL, expected position 24006183 , only wrote 24002893
12-09 08:11:43.956 W/audio_hw_generic( 1310): Not supplying enough data to HAL, expected position 24002899 , only wrote 24002893
12-09 08:11:43.988 W/audio_hw_generic( 1310): Not supplying enough data to HAL, expected position 24004304 , only wrote 24003554
12-09 08:11:44.053 W/audio_hw_generic( 1310): Hardware backing HAL too slow, could only write 0 of 661 frames
12-09 08:11:44.273 I/System.out(13331): URI: //
12-09 08:11:44.273 I/System.out(13331): params: {json={"command":"set_activity_orientation","arguments":["landscape"]}
12-09 08:11:44.273 I/System.out(13331): }
12-09 08:11:44.273 I/System.out(13331): header: {date=Sun, 09 Dec 2018 08:11:45 GMT, accept=*/*, content-length=64, host=127.0.0.1:34777, user-agent=HTTPClient/1.0 (2.8.3, ruby 2.3.1 (2016-04-26)), content-type=application/json;charset=utf-8}
12-09 08:11:44.273 I/System.out(13331): params: {json={"command":"set_activity_orientation","arguments":["landscape"]}
12-09 08:11:44.273 I/System.out(13331): }
12-09 08:11:44.273 I/System.out(13331): ProP json = {"command":"set_activity_orientation","arguments":["landscape"]}
12-09 08:11:44.273 I/System.out(13331): files: {}
12-09 08:11:44.273 I/System.out(13331): command: {"command":"set_activity_orientation","arguments":["landscape"]}
12-09 08:11:44.274 I/InstrumentationBackend(13331): Got command:'Command:'Line:null,set_activity_orientation', arguments:'[landscape]'
12-09 08:11:44.336 D/gralloc_ranchu( 1219): gralloc_alloc: Creating ashmem region of size 3686400
12-09 08:11:44.368 E/EGL_emulation( 1219): tid 1219: eglCreateSyncKHR(1881): error 0x3004 (EGL_BAD_ATTRIBUTE)
12-09 08:11:44.420 W/audio_hw_generic( 1310): Not supplying enough data to HAL, expected position 24022599 , only wrote 24022062
12-09 08:11:44.420 W/audio_hw_generic( 1310): Not supplying enough data to HAL, expected position 24022068 , only wrote 24022062
12-09 08:11:44.436 W/audio_hw_generic( 1310): Not supplying enough data to HAL, expected position 24022791 , only wrote 24022723
12-09 08:11:44.501 I/ActivityManager( 1593): Config changes=480 {1.0 310mcc260mnc en_US ldltr sw720dp w1280dp h696dp 160dpi xlrg long land finger -keyb/v/h tball/v s.36}
12-09 08:11:44.508 I/InputReader( 1593): Reconfiguring input devices.  changes=0x00000004
12-09 08:11:44.508 I/InputReader( 1593): Device reconfigured: id=0, name='qwerty2', size 720x1280, orientation 1, mode 1, display id 0
12-09 08:11:44.532 W/audio_hw_generic( 1310): Not supplying enough data to HAL, expected position 24026921 , only wrote 24026689
12-09 08:11:44.592 W/audio_hw_generic( 1310): Not supplying enough data to HAL, expected position 24029336 , only wrote 24029333
12-09 08:11:44.613 W/audio_hw_generic( 1310): Not supplying enough data to HAL, expected position 24030286 , only wrote 24029994
12-09 08:11:44.782 D/EGL_emulation( 1687): eglMakeCurrent: 0x7f466b3dd5a0: ver 2 0 (tinfo 0x7f46773c2780)
12-09 08:11:44.794 E/Surface ( 1687): getSlotFromBufferLocked: unknown buffer: 0x7f466a3db720
12-09 08:11:44.801 D/EGL_emulation( 1687): eglMakeCurrent: 0x7f466b3dd5a0: ver 2 0 (tinfo 0x7f46773c2780)
12-09 08:11:44.824 W/audio_hw_generic( 1310): Not supplying enough data to HAL, expected position 24039303 , only wrote 24039248
12-09 08:11:44.842 I/System.out(13331): result:{"bonusInformation":[],"message":"","success":true}
12-09 08:11:44.856 I/calabash(13331): newActivity1
12-09 08:11:44.866 I/calabash(13331): newActivity1
12-09 08:11:44.867 W/ActivityManager( 1593): Bad activity token: android.os.BinderProxy@21f7d8d
12-09 08:11:44.867 W/ActivityManager( 1593): java.lang.ClassCastException: android.os.BinderProxy cannot be cast to com.android.server.am.ActivityRecord$Token
12-09 08:11:44.867 W/ActivityManager( 1593): 	at com.android.server.am.ActivityRecord.forTokenLocked(ActivityRecord.java:424)
12-09 08:11:44.867 W/ActivityManager( 1593): 	at com.android.server.am.ActivityRecord.isInStackLocked(ActivityRecord.java:1121)
12-09 08:11:44.867 W/ActivityManager( 1593): 	at com.android.server.am.ActivityRecord.getStackLocked(ActivityRecord.java:1126)
12-09 08:11:44.867 W/ActivityManager( 1593): 	at com.android.server.am.ActivityManagerService.getActivityDisplayId(ActivityManagerService.java:8889)
12-09 08:11:44.867 W/ActivityManager( 1593): 	at android.app.ActivityManagerNative.onTransact(ActivityManagerNative.java:2338)
12-09 08:11:44.867 W/ActivityManager( 1593): 	at com.android.server.am.ActivityManagerService.onTransact(ActivityManagerService.java:2443)
12-09 08:11:44.867 W/ActivityManager( 1593): 	at android.os.Binder.execTransact(Binder.java:453)
12-09 08:11:44.886 W/ActivityManager( 1593): Bad activity token: android.os.BinderProxy@21f7d8d
12-09 08:11:44.886 W/ActivityManager( 1593): java.lang.ClassCastException: android.os.BinderProxy cannot be cast to com.android.server.am.ActivityRecord$Token
12-09 08:11:44.886 W/ActivityManager( 1593): 	at com.android.server.am.ActivityRecord.forTokenLocked(ActivityRecord.java:424)
12-09 08:11:44.886 W/ActivityManager( 1593): 	at com.android.server.am.ActivityRecord.isInStackLocked(ActivityRecord.java:1121)
12-09 08:11:44.886 W/ActivityManager( 1593): 	at com.android.server.am.ActivityManagerService.setTaskDescription(ActivityManagerService.java:8547)
12-09 08:11:44.886 W/ActivityManager( 1593): 	at android.app.ActivityManagerNative.onTransact(ActivityManagerNative.java:2410)
12-09 08:11:44.886 W/ActivityManager( 1593): 	at com.android.server.am.ActivityManagerService.onTransact(ActivityManagerService.java:2443)
12-09 08:11:44.886 W/ActivityManager( 1593): 	at android.os.Binder.execTransact(Binder.java:453)
12-09 08:11:44.888 I/WindowManager( 1593): Screen frozen for +613ms due to Window{d369e8e u0 StatusBar}
12-09 08:11:44.899 W/ActivityManager( 1593): Bad activity token: android.os.BinderProxy@21f7d8d
12-09 08:11:44.899 W/ActivityManager( 1593): java.lang.ClassCastException: android.os.BinderProxy cannot be cast to com.android.server.am.ActivityRecord$Token
12-09 08:11:44.899 W/ActivityManager( 1593): 	at com.android.server.am.ActivityRecord.forTokenLocked(ActivityRecord.java:424)
12-09 08:11:44.899 W/ActivityManager( 1593): 	at com.android.server.am.ActivityRecord.isInStackLocked(ActivityRecord.java:1121)
12-09 08:11:44.899 W/ActivityManager( 1593): 	at com.android.server.am.ActivityManagerService.getActivityOptions(ActivityManagerService.java:11038)
12-09 08:11:44.899 W/ActivityManager( 1593): 	at android.app.ActivityManagerNative.onTransact(ActivityManagerNative.java:1734)
12-09 08:11:44.899 W/ActivityManager( 1593): 	at com.android.server.am.ActivityManagerService.onTransact(ActivityManagerService.java:2443)
12-09 08:11:44.899 W/ActivityManager( 1593): 	at android.os.Binder.execTransact(Binder.java:453)
12-09 08:11:44.920 W/ActivityManager( 1593): Bad activity token: android.os.BinderProxy@21f7d8d
12-09 08:11:44.920 W/ActivityManager( 1593): java.lang.ClassCastException: android.os.BinderProxy cannot be cast to com.android.server.am.ActivityRecord$Token
12-09 08:11:44.920 W/ActivityManager( 1593): 	at com.android.server.am.ActivityRecord.forTokenLocked(ActivityRecord.java:424)
12-09 08:11:44.920 W/ActivityManager( 1593): 	at com.android.server.am.ActivityRecord.isInStackLocked(ActivityRecord.java:1121)
12-09 08:11:44.920 W/ActivityManager( 1593): 	at com.android.server.am.ActivityManagerService.getActivityOptions(ActivityManagerService.java:11038)
12-09 08:11:44.920 W/ActivityManager( 1593): 	at android.app.ActivityManagerNative.onTransact(ActivityManagerNative.java:1734)
12-09 08:11:44.920 W/ActivityManager( 1593): 	at com.android.server.am.ActivityManagerService.onTransact(ActivityManagerService.java:2443)
12-09 08:11:44.920 W/ActivityManager( 1593): 	at android.os.Binder.execTransact(Binder.java:453)
12-09 08:11:45.044 W/audio_hw_generic( 1310): Not supplying enough data to HAL, expected position 24048917 , only wrote 24046519
12-09 08:11:45.044 W/audio_hw_generic( 1310): Not supplying enough data to HAL, expected position 24046526 , only wrote 24046519
12-09 08:11:45.107 W/PhoneWindow(13331): Previously focused view reported id 2131296279 during save, but can't be found during restore.
12-09 08:11:45.136 W/audio_hw_generic( 1310): Not supplying enough data to HAL, expected position 24050572 , only wrote 24047180
12-09 08:11:45.383 W/audio_hw_generic( 1310): Not supplying enough data to HAL, expected position 24058066 , only wrote 24052468
12-09 08:11:45.383 W/audio_hw_generic( 1310): Not supplying enough data to HAL, expected position 24052475 , only wrote 24052468
12-09 08:11:45.393 D/gralloc_ranchu( 1219): gralloc_alloc: Creating ashmem region of size 3686400
12-09 08:11:45.452 W/audio_hw_generic( 1310): Not supplying enough data to HAL, expected position 24055516 , only wrote 24053129
12-09 08:11:45.519 W/audio_hw_generic( 1310): Not supplying enough data to HAL, expected position 24057784 , only wrote 24055773
12-09 08:11:45.813 D/gralloc_ranchu( 1219): gralloc_alloc: Creating ashmem region of size 3686400
12-09 08:11:46.935 I/System.out(13331): URI: //gesture
12-09 08:11:46.935 I/System.out(13331): params: {json={"query_timeout":5.0,"gestures":[{"query_string":"android.widget.TabWidget descendant TextView index:1","touches":[{"x":50,"y":50,"offset_x":0,"offset_y":0,"wait":0.0,"time":0.2,"release":true,"query_string":null}]}]}
12-09 08:11:46.935 I/System.out(13331): }
12-09 08:11:47.112 I/art     ( 1593): Starting a blocking GC Explicit
12-09 08:11:47.179 I/art     ( 1593): Explicit concurrent mark sweep GC freed 8534(767KB) AllocSpace objects, 2(40KB) LOS objects, 30% free, 9MB/13MB, paused 13.522ms total 39.093ms
12-09 08:11:47.372 I/calabash(13331): newActivity1
12-09 08:11:47.372 W/ActivityManager( 1593): Bad activity token: android.os.BinderProxy@23a6dcb
12-09 08:11:47.372 W/ActivityManager( 1593): java.lang.ClassCastException: android.os.BinderProxy cannot be cast to com.android.server.am.ActivityRecord$Token
12-09 08:11:47.372 W/ActivityManager( 1593): 	at com.android.server.am.ActivityRecord.forTokenLocked(ActivityRecord.java:424)
12-09 08:11:47.372 W/ActivityManager( 1593): 	at com.android.server.am.ActivityRecord.isInStackLocked(ActivityRecord.java:1121)
12-09 08:11:47.372 W/ActivityManager( 1593): 	at com.android.server.am.ActivityRecord.getStackLocked(ActivityRecord.java:1126)
12-09 08:11:47.372 W/ActivityManager( 1593): 	at com.android.server.am.ActivityManagerService.getActivityDisplayId(ActivityManagerService.java:8889)
12-09 08:11:47.372 W/ActivityManager( 1593): 	at android.app.ActivityManagerNative.onTransact(ActivityManagerNative.java:2338)
12-09 08:11:47.372 W/ActivityManager( 1593): 	at com.android.server.am.ActivityManagerService.onTransact(ActivityManagerService.java:2443)
12-09 08:11:47.372 W/ActivityManager( 1593): 	at android.os.Binder.execTransact(Binder.java:453)
12-09 08:11:47.373 W/ActivityManager( 1593): Bad activity token: android.os.BinderProxy@23a6dcb
12-09 08:11:47.373 W/ActivityManager( 1593): java.lang.ClassCastException: android.os.BinderProxy cannot be cast to com.android.server.am.ActivityRecord$Token
12-09 08:11:47.373 W/ActivityManager( 1593): 	at com.android.server.am.ActivityRecord.forTokenLocked(ActivityRecord.java:424)
12-09 08:11:47.373 W/ActivityManager( 1593): 	at com.android.server.am.ActivityRecord.isInStackLocked(ActivityRecord.java:1121)
12-09 08:11:47.373 W/ActivityManager( 1593): 	at com.android.server.am.ActivityManagerService.setTaskDescription(ActivityManagerService.java:8547)
12-09 08:11:47.373 W/ActivityManager( 1593): 	at android.app.ActivityManagerNative.onTransact(ActivityManagerNative.java:2410)
12-09 08:11:47.373 W/ActivityManager( 1593): 	at com.android.server.am.ActivityManagerService.onTransact(ActivityManagerService.java:2443)
12-09 08:11:47.373 W/ActivityManager( 1593): 	at android.os.Binder.execTransact(Binder.java:453)
12-09 08:11:47.460 W/audio_hw_generic( 1310): Hardware backing HAL too slow, could only write 0 of 661 frames
12-09 08:11:47.460 W/ActivityManager( 1593): Bad activity token: android.os.BinderProxy@23a6dcb
12-09 08:11:47.460 W/ActivityManager( 1593): java.lang.ClassCastException: android.os.BinderProxy cannot be cast to com.android.server.am.ActivityRecord$Token
12-09 08:11:47.460 W/ActivityManager( 1593): 	at com.android.server.am.ActivityRecord.forTokenLocked(ActivityRecord.java:424)
12-09 08:11:47.460 W/ActivityManager( 1593): 	at com.android.server.am.ActivityRecord.isInStackLocked(ActivityRecord.java:1121)
12-09 08:11:47.460 W/ActivityManager( 1593): 	at com.android.server.am.ActivityManagerService.getActivityOptions(ActivityManagerService.java:11038)
12-09 08:11:47.460 W/ActivityManager( 1593): 	at android.app.ActivityManagerNative.onTransact(ActivityManagerNative.java:1734)
12-09 08:11:47.460 W/ActivityManager( 1593): 	at com.android.server.am.ActivityManagerService.onTransact(ActivityManagerService.java:2443)
12-09 08:11:47.460 W/ActivityManager( 1593): 	at android.os.Binder.execTransact(Binder.java:453)
12-09 08:11:47.461 W/ActivityManager( 1593): Bad activity token: android.os.BinderProxy@23a6dcb
12-09 08:11:47.461 W/ActivityManager( 1593): java.lang.ClassCastException: android.os.BinderProxy cannot be cast to com.android.server.am.ActivityRecord$Token
12-09 08:11:47.461 W/ActivityManager( 1593): 	at com.android.server.am.ActivityRecord.forTokenLocked(ActivityRecord.java:424)
12-09 08:11:47.461 W/ActivityManager( 1593): 	at com.android.server.am.ActivityRecord.isInStackLocked(ActivityRecord.java:1121)
12-09 08:11:47.461 W/ActivityManager( 1593): 	at com.android.server.am.ActivityManagerService.getActivityOptions(ActivityManagerService.java:11038)
12-09 08:11:47.461 W/ActivityManager( 1593): 	at android.app.ActivityManagerNative.onTransact(ActivityManagerNative.java:1734)
12-09 08:11:47.461 W/ActivityManager( 1593): 	at com.android.server.am.ActivityManagerService.onTransact(ActivityManagerService.java:2443)
12-09 08:11:47.461 W/ActivityManager( 1593): 	at android.os.Binder.execTransact(Binder.java:453)
12-09 08:11:47.471 W/audio_hw_generic( 1310): Hardware backing HAL too slow, could only write 0 of 661 frames
12-09 08:11:47.486 W/audio_hw_generic( 1310): Hardware backing HAL too slow, could only write 0 of 661 frames
12-09 08:11:47.636 W/audio_hw_generic( 1310): Not supplying enough data to HAL, expected position 24065836 , only wrote 24065688
12-09 08:11:47.636 W/audio_hw_generic( 1310): Not supplying enough data to HAL, expected position 24065695 , only wrote 24065688
12-09 08:11:47.663 W/audio_hw_generic( 1310): Not supplying enough data to HAL, expected position 24066879 , only wrote 24066349
12-09 08:11:47.679 D/gralloc_ranchu( 1219): gralloc_alloc: Creating ashmem region of size 3686400
12-09 08:11:47.715 D/Mileage (13331): Not enough fillups to calculate economy
12-09 08:11:47.820 W/audio_hw_generic( 1310): Hardware backing HAL too slow, could only write 0 of 661 frames
12-09 08:11:47.850 W/audio_hw_generic( 1310): Hardware backing HAL too slow, could only write 0 of 661 frames
12-09 08:11:47.881 W/audio_hw_generic( 1310): Not supplying enough data to HAL, expected position 24075968 , only wrote 24075603
12-09 08:11:47.954 W/audio_hw_generic( 1310): Not supplying enough data to HAL, expected position 24078805 , only wrote 24078247
12-09 08:11:47.966 W/audio_hw_generic( 1310): Not supplying enough data to HAL, expected position 24078770 , only wrote 24078247
12-09 08:11:47.981 W/audio_hw_generic( 1310): Not supplying enough data to HAL, expected position 24078932 , only wrote 24078908
12-09 08:11:48.129 E/SurfaceFlinger( 1219): ro.sf.lcd_density must be defined as a build property
12-09 08:11:48.129 D/gralloc_ranchu( 1219): gralloc_alloc: Creating ashmem region of size 3686400
12-09 08:11:48.180 W/audio_hw_generic( 1310): Not supplying enough data to HAL, expected position 24087666 , only wrote 24087501
12-09 08:11:48.180 W/audio_hw_generic( 1310): Not supplying enough data to HAL, expected position 24087508 , only wrote 24087501
12-09 08:11:48.197 W/audio_hw_generic( 1310): Not supplying enough data to HAL, expected position 24088247 , only wrote 24088162
12-09 08:11:48.202 D/        (13399): HostConnection::get() New Host Connection established 0x7f6777ed2480, tid 13399
12-09 08:11:48.307 W/audio_hw_generic( 1310): Not supplying enough data to HAL, expected position 24093018 , only wrote 24089484
12-09 08:11:48.322 W/audio_hw_generic( 1310): Not supplying enough data to HAL, expected position 24090171 , only wrote 24090145
12-09 08:11:48.331 W/audio_hw_generic( 1310): Not supplying enough data to HAL, expected position 24090532 , only wrote 24090145
12-09 08:11:48.338 E/EGL_emulation( 1219): tid 1219: eglCreateSyncKHR(1881): error 0x3004 (EGL_BAD_ATTRIBUTE)
12-09 08:11:48.348 W/audio_hw_generic( 1310): Not supplying enough data to HAL, expected position 24090895 , only wrote 24090806
12-09 08:11:48.382 W/audio_hw_generic( 1310): Hardware backing HAL too slow, could only write 0 of 661 frames
12-09 08:11:48.487 W/audio_hw_generic( 1310): Not supplying enough data to HAL, expected position 24096937 , only wrote 24096755
12-09 08:11:48.488 W/audio_hw_generic( 1310): Not supplying enough data to HAL, expected position 24096762 , only wrote 24096755
12-09 08:11:48.505 W/audio_hw_generic( 1310): Not supplying enough data to HAL, expected position 24097545 , only wrote 24097416
12-09 08:11:48.780 W/audio_hw_generic( 1310): Not supplying enough data to HAL, expected position 24109542 , only wrote 24109314
12-09 08:11:49.032 W/audio_hw_generic( 1310): Not supplying enough data to HAL, expected position 24120387 , only wrote 24119890
12-09 08:11:49.032 W/audio_hw_generic( 1310): Not supplying enough data to HAL, expected position 24119897 , only wrote 24119890
12-09 08:11:49.056 W/audio_hw_generic( 1310): Not supplying enough data to HAL, expected position 24120955 , only wrote 24120551
12-09 08:11:49.056 W/audio_hw_generic( 1310): Not supplying enough data to HAL, expected position 24120557 , only wrote 24120551
12-09 08:11:49.084 W/audio_hw_generic( 1310): Not supplying enough data to HAL, expected position 24121797 , only wrote 24121212
12-09 08:11:49.295 W/audio_hw_generic( 1310): Not supplying enough data to HAL, expected position 24130488 , only wrote 24128483
12-09 08:11:49.295 W/audio_hw_generic( 1310): Not supplying enough data to HAL, expected position 24128490 , only wrote 24128483
12-09 08:11:49.312 I/System.out(13331): URI: //gesture
12-09 08:11:49.312 I/System.out(13331): params: {json={"query_timeout":5.0,"gestures":[{"query_string":"android.widget.TabWidget descendant TextView index:3","touches":[{"x":50,"y":50,"offset_x":0,"offset_y":0,"wait":0.0,"time":0.2,"release":true,"query_string":null}]}]}
12-09 08:11:49.312 I/System.out(13331): }
12-09 08:11:49.313 W/audio_hw_generic( 1310): Not supplying enough data to HAL, expected position 24129275 , only wrote 24129144
12-09 08:11:49.349 W/art     (13331): Suspending all threads took: 5.671ms
12-09 08:11:49.364 W/audio_hw_generic( 1310): Hardware backing HAL too slow, could only write 0 of 661 frames
12-09 08:11:49.447 W/audio_hw_generic( 1310): Not supplying enough data to HAL, expected position 24135081 , only wrote 24133110
12-09 08:11:49.448 W/audio_hw_generic( 1310): Not supplying enough data to HAL, expected position 24133116 , only wrote 24133110
12-09 08:11:49.454 W/CursorWrapperInner(13331): Cursor finalized without prior close()
12-09 08:11:49.464 W/audio_hw_generic( 1310): Not supplying enough data to HAL, expected position 24133857 , only wrote 24133771
12-09 08:11:49.465 I/art     (13331): Background sticky concurrent mark sweep GC freed 44514(2MB) AllocSpace objects, 2(40KB) LOS objects, 33% free, 3MB/4MB, paused 6.846ms total 132.184ms
12-09 08:11:49.540 W/audio_hw_generic( 1310): Not supplying enough data to HAL, expected position 24137084 , only wrote 24137076
12-09 08:11:49.585 W/audio_hw_generic( 1310): Not supplying enough data to HAL, expected position 24139087 , only wrote 24138398
12-09 08:11:49.686 I/calabash(13331): newActivity1
12-09 08:11:49.688 W/ActivityManager( 1593): Bad activity token: android.os.BinderProxy@a22d854
12-09 08:11:49.688 W/ActivityManager( 1593): java.lang.ClassCastException: android.os.BinderProxy cannot be cast to com.android.server.am.ActivityRecord$Token
12-09 08:11:49.688 W/ActivityManager( 1593): 	at com.android.server.am.ActivityRecord.forTokenLocked(ActivityRecord.java:424)
12-09 08:11:49.688 W/ActivityManager( 1593): 	at com.android.server.am.ActivityRecord.isInStackLocked(ActivityRecord.java:1121)
12-09 08:11:49.688 W/ActivityManager( 1593): 	at com.android.server.am.ActivityRecord.getStackLocked(ActivityRecord.java:1126)
12-09 08:11:49.688 W/ActivityManager( 1593): 	at com.android.server.am.ActivityManagerService.getActivityDisplayId(ActivityManagerService.java:8889)
12-09 08:11:49.688 W/ActivityManager( 1593): 	at android.app.ActivityManagerNative.onTransact(ActivityManagerNative.java:2338)
12-09 08:11:49.688 W/ActivityManager( 1593): 	at com.android.server.am.ActivityManagerService.onTransact(ActivityManagerService.java:2443)
12-09 08:11:49.688 W/ActivityManager( 1593): 	at android.os.Binder.execTransact(Binder.java:453)
12-09 08:11:49.689 W/ActivityManager( 1593): Bad activity token: android.os.BinderProxy@a22d854
12-09 08:11:49.689 W/ActivityManager( 1593): java.lang.ClassCastException: android.os.BinderProxy cannot be cast to com.android.server.am.ActivityRecord$Token
12-09 08:11:49.689 W/ActivityManager( 1593): 	at com.android.server.am.ActivityRecord.forTokenLocked(ActivityRecord.java:424)
12-09 08:11:49.689 W/ActivityManager( 1593): 	at com.android.server.am.ActivityRecord.isInStackLocked(ActivityRecord.java:1121)
12-09 08:11:49.689 W/ActivityManager( 1593): 	at com.android.server.am.ActivityManagerService.setTaskDescription(ActivityManagerService.java:8547)
12-09 08:11:49.689 W/ActivityManager( 1593): 	at android.app.ActivityManagerNative.onTransact(ActivityManagerNative.java:2410)
12-09 08:11:49.689 W/ActivityManager( 1593): 	at com.android.server.am.ActivityManagerService.onTransact(ActivityManagerService.java:2443)
12-09 08:11:49.689 W/ActivityManager( 1593): 	at android.os.Binder.execTransact(Binder.java:453)
12-09 08:11:49.691 W/ActivityManager( 1593): Bad activity token: android.os.BinderProxy@a22d854
12-09 08:11:49.691 W/ActivityManager( 1593): java.lang.ClassCastException: android.os.BinderProxy cannot be cast to com.android.server.am.ActivityRecord$Token
12-09 08:11:49.691 W/ActivityManager( 1593): 	at com.android.server.am.ActivityRecord.forTokenLocked(ActivityRecord.java:424)
12-09 08:11:49.691 W/ActivityManager( 1593): 	at com.android.server.am.ActivityRecord.isInStackLocked(ActivityRecord.java:1121)
12-09 08:11:49.691 W/ActivityManager( 1593): 	at com.android.server.am.ActivityManagerService.getActivityOptions(ActivityManagerService.java:11038)
12-09 08:11:49.691 W/ActivityManager( 1593): 	at android.app.ActivityManagerNative.onTransact(ActivityManagerNative.java:1734)
12-09 08:11:49.691 W/ActivityManager( 1593): 	at com.android.server.am.ActivityManagerService.onTransact(ActivityManagerService.java:2443)
12-09 08:11:49.691 W/ActivityManager( 1593): 	at android.os.Binder.execTransact(Binder.java:453)
12-09 08:11:49.691 W/ActivityManager( 1593): Bad activity token: android.os.BinderProxy@a22d854
12-09 08:11:49.691 W/ActivityManager( 1593): java.lang.ClassCastException: android.os.BinderProxy cannot be cast to com.android.server.am.ActivityRecord$Token
12-09 08:11:49.691 W/ActivityManager( 1593): 	at com.android.server.am.ActivityRecord.forTokenLocked(ActivityRecord.java:424)
12-09 08:11:49.691 W/ActivityManager( 1593): 	at com.android.server.am.ActivityRecord.isInStackLocked(ActivityRecord.java:1121)
12-09 08:11:49.691 W/ActivityManager( 1593): 	at com.android.server.am.ActivityManagerService.getActivityOptions(ActivityManagerService.java:11038)
12-09 08:11:49.691 W/ActivityManager( 1593): 	at android.app.ActivityManagerNative.onTransact(ActivityManagerNative.java:1734)
12-09 08:11:49.691 W/ActivityManager( 1593): 	at com.android.server.am.ActivityManagerService.onTransact(ActivityManagerService.java:2443)
12-09 08:11:49.691 W/ActivityManager( 1593): 	at android.os.Binder.execTransact(Binder.java:453)
12-09 08:11:49.692 W/audio_hw_generic( 1310): Not supplying enough data to HAL, expected position 24143089 , only wrote 24143025
12-09 08:11:49.692 W/audio_hw_generic( 1310): Not supplying enough data to HAL, expected position 24143032 , only wrote 24143025
12-09 08:11:49.712 W/audio_hw_generic( 1310): Not supplying enough data to HAL, expected position 24143901 , only wrote 24143686
12-09 08:11:49.764 W/audio_hw_generic( 1310): Not supplying enough data to HAL, expected position 24145968 , only wrote 24145008
12-09 08:11:49.779 W/audio_hw_generic( 1310): Not supplying enough data to HAL, expected position 24145697 , only wrote 24145669
12-09 08:11:49.875 D/AudioFlinger( 1310): mixer(0xf4300000) throttle end: throttle time(22)
12-09 08:11:49.962 W/audio_hw_generic( 1310): Hardware backing HAL too slow, could only write 0 of 661 frames
12-09 08:11:49.983 W/audio_hw_generic( 1310): Hardware backing HAL too slow, could only write 0 of 661 frames
12-09 08:11:50.011 W/audio_hw_generic( 1310): Hardware backing HAL too slow, could only write 0 of 661 frames
12-09 08:11:50.046 W/audio_hw_generic( 1310): Hardware backing HAL too slow, could only write 0 of 661 frames
12-09 08:11:50.134 W/audio_hw_generic( 1310): Not supplying enough data to HAL, expected position 24161313 , only wrote 24159550
12-09 08:11:50.134 W/audio_hw_generic( 1310): Not supplying enough data to HAL, expected position 24159557 , only wrote 24159550
12-09 08:11:50.348 E/SurfaceFlinger( 1219): ro.sf.lcd_density must be defined as a build property
12-09 08:11:50.349 D/gralloc_ranchu( 1219): gralloc_alloc: Creating ashmem region of size 3686400
12-09 08:11:50.435 W/audio_hw_generic( 1310): Not supplying enough data to HAL, expected position 24172819 , only wrote 24170787
12-09 08:11:50.439 W/audio_hw_generic( 1310): Not supplying enough data to HAL, expected position 24170989 , only wrote 24170787
12-09 08:11:50.470 W/audio_hw_generic( 1310): Not supplying enough data to HAL, expected position 24172137 , only wrote 24172109
12-09 08:11:50.479 D/        (13404): HostConnection::get() New Host Connection established 0x7f24bca92480, tid 13404
12-09 08:11:50.531 E/EGL_emulation( 1219): tid 1219: eglCreateSyncKHR(1881): error 0x3004 (EGL_BAD_ATTRIBUTE)
12-09 08:11:50.686 W/audio_hw_generic( 1310): Hardware backing HAL too slow, could only write 0 of 661 frames
12-09 08:11:50.692 W/audio_hw_generic( 1310): Not supplying enough data to HAL, expected position 24181878 , only wrote 24181363
12-09 08:11:50.692 W/audio_hw_generic( 1310): Not supplying enough data to HAL, expected position 24181369 , only wrote 24181363
12-09 08:11:50.708 W/audio_hw_generic( 1310): Not supplying enough data to HAL, expected position 24182080 , only wrote 24182024
12-09 08:11:51.091 W/audio_hw_generic( 1310): Not supplying enough data to HAL, expected position 24198916 , only wrote 24198549
12-09 08:11:51.091 W/audio_hw_generic( 1310): Not supplying enough data to HAL, expected position 24198555 , only wrote 24198549
12-09 08:11:51.107 W/audio_hw_generic( 1310): Not supplying enough data to HAL, expected position 24199225 , only wrote 24199210
12-09 08:11:51.378 W/audio_hw_generic( 1310): Not supplying enough data to HAL, expected position 24211160 , only wrote 24209786
12-09 08:11:51.380 W/audio_hw_generic( 1310): Not supplying enough data to HAL, expected position 24209874 , only wrote 24209786
12-09 08:11:51.398 I/System.out(13331): URI: //gesture
12-09 08:11:51.398 I/System.out(13331): params: {json={"query_timeout":5.0,"gestures":[{"query_string":"android.widget.TabWidget descendant TextView index:2","touches":[{"x":50,"y":50,"offset_x":0,"offset_y":0,"wait":0.0,"time":0.2,"release":true,"query_string":null}]}]}
12-09 08:11:51.398 I/System.out(13331): }
12-09 08:11:51.484 W/audio_hw_generic( 1310): Not supplying enough data to HAL, expected position 24214378 , only wrote 24213752
12-09 08:11:51.594 W/audio_hw_generic( 1310): Not supplying enough data to HAL, expected position 24218632 , only wrote 24218379
12-09 08:11:51.595 W/audio_hw_generic( 1310): Not supplying enough data to HAL, expected position 24218386 , only wrote 24218379
12-09 08:11:51.662 W/audio_hw_generic( 1310): Not supplying enough data to HAL, expected position 24221372 , only wrote 24219040
12-09 08:11:51.744 W/audio_hw_generic( 1310): Hardware backing HAL too slow, could only write 0 of 661 frames
12-09 08:11:51.806 W/audio_hw_generic( 1310): Hardware backing HAL too slow, could only write 0 of 661 frames
12-09 08:11:51.820 W/audio_hw_generic( 1310): Hardware backing HAL too slow, could only write 0 of 661 frames
12-09 08:11:51.896 W/audio_hw_generic( 1310): Not supplying enough data to HAL, expected position 24229332 , only wrote 24227633
12-09 08:11:51.896 W/audio_hw_generic( 1310): Not supplying enough data to HAL, expected position 24227639 , only wrote 24227633
12-09 08:11:51.929 I/calabash(13331): newActivity1
12-09 08:11:51.930 W/ActivityManager( 1593): Bad activity token: android.os.BinderProxy@3b7e3fd
12-09 08:11:51.930 W/ActivityManager( 1593): java.lang.ClassCastException: android.os.BinderProxy cannot be cast to com.android.server.am.ActivityRecord$Token
12-09 08:11:51.930 W/ActivityManager( 1593): 	at com.android.server.am.ActivityRecord.forTokenLocked(ActivityRecord.java:424)
12-09 08:11:51.930 W/ActivityManager( 1593): 	at com.android.server.am.ActivityRecord.isInStackLocked(ActivityRecord.java:1121)
12-09 08:11:51.930 W/ActivityManager( 1593): 	at com.android.server.am.ActivityRecord.getStackLocked(ActivityRecord.java:1126)
12-09 08:11:51.930 W/ActivityManager( 1593): 	at com.android.server.am.ActivityManagerService.getActivityDisplayId(ActivityManagerService.java:8889)
12-09 08:11:51.930 W/ActivityManager( 1593): 	at android.app.ActivityManagerNative.onTransact(ActivityManagerNative.java:2338)
12-09 08:11:51.930 W/ActivityManager( 1593): 	at com.android.server.am.ActivityManagerService.onTransact(ActivityManagerService.java:2443)
12-09 08:11:51.930 W/ActivityManager( 1593): 	at android.os.Binder.execTransact(Binder.java:453)
12-09 08:11:51.930 W/ActivityManager( 1593): Bad activity token: android.os.BinderProxy@3b7e3fd
12-09 08:11:51.930 W/ActivityManager( 1593): java.lang.ClassCastException: android.os.BinderProxy cannot be cast to com.android.server.am.ActivityRecord$Token
12-09 08:11:51.930 W/ActivityManager( 1593): 	at com.android.server.am.ActivityRecord.forTokenLocked(ActivityRecord.java:424)
12-09 08:11:51.930 W/ActivityManager( 1593): 	at com.android.server.am.ActivityRecord.isInStackLocked(ActivityRecord.java:1121)
12-09 08:11:51.930 W/ActivityManager( 1593): 	at com.android.server.am.ActivityManagerService.setTaskDescription(ActivityManagerService.java:8547)
12-09 08:11:51.930 W/ActivityManager( 1593): 	at android.app.ActivityManagerNative.onTransact(ActivityManagerNative.java:2410)
12-09 08:11:51.930 W/ActivityManager( 1593): 	at com.android.server.am.ActivityManagerService.onTransact(ActivityManagerService.java:2443)
12-09 08:11:51.930 W/ActivityManager( 1593): 	at android.os.Binder.execTransact(Binder.java:453)
12-09 08:11:51.941 W/audio_hw_generic( 1310): Hardware backing HAL too slow, could only write 0 of 661 frames
12-09 08:11:51.971 D/VehicleStatisticsActivity(13331): Checking recalculation ...
12-09 08:11:51.997 D/VehicleStatisticsActivity(13331): Recalculation not necessary.
12-09 08:11:51.998 W/ActivityManager( 1593): Bad activity token: android.os.BinderProxy@3b7e3fd
12-09 08:11:51.998 W/ActivityManager( 1593): java.lang.ClassCastException: android.os.BinderProxy cannot be cast to com.android.server.am.ActivityRecord$Token
12-09 08:11:51.998 W/ActivityManager( 1593): 	at com.android.server.am.ActivityRecord.forTokenLocked(ActivityRecord.java:424)
12-09 08:11:51.998 W/ActivityManager( 1593): 	at com.android.server.am.ActivityRecord.isInStackLocked(ActivityRecord.java:1121)
12-09 08:11:51.998 W/ActivityManager( 1593): 	at com.android.server.am.ActivityManagerService.getActivityOptions(ActivityManagerService.java:11038)
12-09 08:11:51.998 W/ActivityManager( 1593): 	at android.app.ActivityManagerNative.onTransact(ActivityManagerNative.java:1734)
12-09 08:11:51.998 W/ActivityManager( 1593): 	at com.android.server.am.ActivityManagerService.onTransact(ActivityManagerService.java:2443)
12-09 08:11:51.998 W/ActivityManager( 1593): 	at android.os.Binder.execTransact(Binder.java:453)
12-09 08:11:52.048 W/ActivityManager( 1593): Bad activity token: android.os.BinderProxy@3b7e3fd
12-09 08:11:52.048 W/ActivityManager( 1593): java.lang.ClassCastException: android.os.BinderProxy cannot be cast to com.android.server.am.ActivityRecord$Token
12-09 08:11:52.048 W/ActivityManager( 1593): 	at com.android.server.am.ActivityRecord.forTokenLocked(ActivityRecord.java:424)
12-09 08:11:52.048 W/ActivityManager( 1593): 	at com.android.server.am.ActivityRecord.isInStackLocked(ActivityRecord.java:1121)
12-09 08:11:52.048 W/ActivityManager( 1593): 	at com.android.server.am.ActivityManagerService.getActivityOptions(ActivityManagerService.java:11038)
12-09 08:11:52.048 W/ActivityManager( 1593): 	at android.app.ActivityManagerNative.onTransact(ActivityManagerNative.java:1734)
12-09 08:11:52.048 W/ActivityManager( 1593): 	at com.android.server.am.ActivityManagerService.onTransact(ActivityManagerService.java:2443)
12-09 08:11:52.048 W/ActivityManager( 1593): 	at android.os.Binder.execTransact(Binder.java:453)
12-09 08:11:52.063 D/VehicleStatisticsActivity(13331): Checking recalculation ...
12-09 08:11:52.067 W/audio_hw_generic( 1310): Not supplying enough data to HAL, expected position 24235165 , only wrote 24231599
12-09 08:11:52.072 D/AudioFlinger( 1310): mixer(0xf4300000) throttle end: throttle time(10)
12-09 08:11:52.100 W/audio_hw_generic( 1310): Not supplying enough data to HAL, expected position 24233045 , only wrote 24232921
12-09 08:11:52.116 D/VehicleStatisticsActivity(13331): Recalculation not necessary.
12-09 08:11:52.152 W/audio_hw_generic( 1310): Not supplying enough data to HAL, expected position 24235220 , only wrote 24234243
12-09 08:11:52.152 W/audio_hw_generic( 1310): Hardware backing HAL too slow, could only write 0 of 661 frames
12-09 08:11:52.190 W/audio_hw_generic( 1310): Not supplying enough data to HAL, expected position 24235940 , only wrote 24235565
12-09 08:11:52.190 W/audio_hw_generic( 1310): Hardware backing HAL too slow, could only write 0 of 661 frames
12-09 08:11:52.472 E/SurfaceFlinger( 1219): ro.sf.lcd_density must be defined as a build property
12-09 08:11:52.475 D/gralloc_ranchu( 1219): gralloc_alloc: Creating ashmem region of size 3686400
12-09 08:11:52.483 W/audio_hw_generic( 1310): Hardware backing HAL too slow, could only write 0 of 661 frames
12-09 08:11:52.544 W/audio_hw_generic( 1310): Hardware backing HAL too slow, could only write 0 of 661 frames
12-09 08:11:52.565 W/audio_hw_generic( 1310): Not supplying enough data to HAL, expected position 24252091 , only wrote 24252090
12-09 08:11:52.566 D/        (13409): HostConnection::get() New Host Connection established 0x7f5740912480, tid 13409
12-09 08:11:52.612 W/audio_hw_generic( 1310): Not supplying enough data to HAL, expected position 24254170 , only wrote 24253412
12-09 08:11:52.614 E/EGL_emulation( 1219): tid 1219: eglCreateSyncKHR(1881): error 0x3004 (EGL_BAD_ATTRIBUTE)
12-09 08:11:52.706 W/audio_hw_generic( 1310): Not supplying enough data to HAL, expected position 24257545 , only wrote 24256717
12-09 08:11:52.706 W/audio_hw_generic( 1310): Not supplying enough data to HAL, expected position 24256723 , only wrote 24256717
12-09 08:11:52.739 W/audio_hw_generic( 1310): Not supplying enough data to HAL, expected position 24258159 , only wrote 24257378
12-09 08:11:53.011 W/audio_hw_generic( 1310): Not supplying enough data to HAL, expected position 24269406 , only wrote 24269276
12-09 08:11:53.012 W/audio_hw_generic( 1310): Not supplying enough data to HAL, expected position 24269282 , only wrote 24269276
12-09 08:11:53.067 W/audio_hw_generic( 1310): Not supplying enough data to HAL, expected position 24271708 , only wrote 24271259
12-09 08:11:53.417 W/audio_hw_generic( 1310): Not supplying enough data to HAL, expected position 24286695 , only wrote 24286462
12-09 08:11:53.417 W/audio_hw_generic( 1310): Not supplying enough data to HAL, expected position 24286469 , only wrote 24286462
12-09 08:11:53.436 W/audio_hw_generic( 1310): Not supplying enough data to HAL, expected position 24287301 , only wrote 24287123
12-09 08:11:53.485 I/System.out(13331): URI: //gesture
12-09 08:11:53.485 I/System.out(13331): params: {json={"query_timeout":5.0,"gestures":[{"query_string":"android.widget.TabWidget descendant TextView index:0","touches":[{"x":50,"y":50,"offset_x":0,"offset_y":0,"wait":0.0,"time":0.2,"release":true,"query_string":null}]}]}
12-09 08:11:53.486 I/System.out(13331): }
12-09 08:11:53.708 W/audio_hw_generic( 1310): Not supplying enough data to HAL, expected position 24299104 , only wrote 24298360
12-09 08:11:53.708 W/audio_hw_generic( 1310): Not supplying enough data to HAL, expected position 24298367 , only wrote 24298360
12-09 08:11:53.734 W/audio_hw_generic( 1310): Not supplying enough data to HAL, expected position 24299502 , only wrote 24299021
12-09 08:11:53.870 W/audio_hw_generic( 1310): Not supplying enough data to HAL, expected position 24305011 , only wrote 24304309
12-09 08:11:53.870 W/audio_hw_generic( 1310): Not supplying enough data to HAL, expected position 24304315 , only wrote 24304309
12-09 08:11:53.885 W/audio_hw_generic( 1310): Not supplying enough data to HAL, expected position 24304985 , only wrote 24304970
12-09 08:11:54.072 W/audio_hw_generic( 1310): Not supplying enough data to HAL, expected position 24313196 , only wrote 24311580
12-09 08:11:54.072 W/audio_hw_generic( 1310): Not supplying enough data to HAL, expected position 24311587 , only wrote 24311580
12-09 08:11:54.091 W/audio_hw_generic( 1310): Not supplying enough data to HAL, expected position 24312420 , only wrote 24312241
12-09 08:11:54.183 D/AudioFlinger( 1310): mixer(0xf4300000) throttle end: throttle time(22)
12-09 08:11:54.286 I/art     (13331): Background sticky concurrent mark sweep GC freed 38908(1668KB) AllocSpace objects, 2(40KB) LOS objects, 13% free, 4MB/4MB, paused 11.221ms total 127.865ms
12-09 08:11:54.548 W/audio_hw_generic( 1310): Not supplying enough data to HAL, expected position 24332419 , only wrote 24327444
12-09 08:11:54.549 W/audio_hw_generic( 1310): Not supplying enough data to HAL, expected position 24327450 , only wrote 24327444
12-09 08:11:54.569 W/audio_hw_generic( 1310): Not supplying enough data to HAL, expected position 24328342 , only wrote 24328105
12-09 08:11:54.600 W/audio_hw_generic( 1310): Not supplying enough data to HAL, expected position 24329482 , only wrote 24329427
12-09 08:11:54.600 W/audio_hw_generic( 1310): Hardware backing HAL too slow, could only write 0 of 661 frames
12-09 08:11:54.676 W/audio_hw_generic( 1310): Hardware backing HAL too slow, could only write 0 of 661 frames
12-09 08:11:54.676 W/audio_hw_generic( 1310): Not supplying enough data to HAL, expected position 24332770 , only wrote 24332071
12-09 08:11:54.676 W/audio_hw_generic( 1310): Not supplying enough data to HAL, expected position 24332076 , only wrote 24332071
12-09 08:11:54.692 W/audio_hw_generic( 1310): Not supplying enough data to HAL, expected position 24332775 , only wrote 24332732
12-09 08:11:54.947 E/SurfaceFlinger( 1219): ro.sf.lcd_density must be defined as a build property
12-09 08:11:54.980 W/audio_hw_generic( 1310): Not supplying enough data to HAL, expected position 24345417 , only wrote 24345291
12-09 08:11:54.980 W/audio_hw_generic( 1310): Not supplying enough data to HAL, expected position 24345301 , only wrote 24345291
12-09 08:11:55.017 W/audio_hw_generic( 1310): Not supplying enough data to HAL, expected position 24346935 , only wrote 24345952
12-09 08:11:55.129 D/gralloc_ranchu( 1219): gralloc_alloc: Creating ashmem region of size 3686400
12-09 08:11:55.228 D/        (13414): HostConnection::get() New Host Connection established 0x7fa684c52480, tid 13414
12-09 08:11:55.296 E/EGL_emulation( 1219): tid 1219: eglCreateSyncKHR(1881): error 0x3004 (EGL_BAD_ATTRIBUTE)
12-09 08:11:55.318 W/audio_hw_generic( 1310): Hardware backing HAL too slow, could only write 0 of 661 frames
12-09 08:11:55.422 W/audio_hw_generic( 1310): Hardware backing HAL too slow, could only write 0 of 661 frames
12-09 08:11:55.499 W/audio_hw_generic( 1310): Not supplying enough data to HAL, expected position 24367191 , only wrote 24366443
