--------- beginning of main
12-09 03:37:35.719 W/audio_hw_generic( 1310): Not supplying enough data to HAL, expected position 14000060 , only wrote 13999980
--------- beginning of system
12-09 03:37:36.020 W/ActivityManager( 1594): Duplicate finish request for ActivityRecord{497ffb8 u0 com.evancharlton.mileage/.Mileage t171 f}
12-09 03:37:36.020 W/ActivityManager( 1594): Duplicate finish request for ActivityRecord{497ffb8 u0 com.evancharlton.mileage/.Mileage t171 f}
12-09 03:37:36.021 W/ActivityManager( 1594): Duplicate finish request for ActivityRecord{497ffb8 u0 com.evancharlton.mileage/.Mileage t171 f}
12-09 03:37:36.022 W/ActivityManager( 1594): Duplicate finish request for ActivityRecord{497ffb8 u0 com.evancharlton.mileage/.Mileage t171 f}
12-09 03:37:36.022 W/ActivityManager( 1594): Duplicate finish request for ActivityRecord{497ffb8 u0 com.evancharlton.mileage/.Mileage t171 f}
12-09 03:37:36.022 W/ActivityManager( 1594): Duplicate finish request for ActivityRecord{497ffb8 u0 com.evancharlton.mileage/.Mileage t171 f}
12-09 03:37:36.099 W/art     ( 1594): Long monitor contention event with owner method=boolean com.android.server.am.ActivityManagerService.finishActivity(android.os.IBinder, int, android.content.Intent, boolean) from ActivityManagerService.java:4245 waiters=0 for 146ms
12-09 03:37:36.116 W/ActivityManager( 1594): Duplicate finish request for ActivityRecord{497ffb8 u0 com.evancharlton.mileage/.Mileage t171 f}
12-09 03:37:36.127 W/ActivityManager( 1594): Duplicate finish request for ActivityRecord{497ffb8 u0 com.evancharlton.mileage/.Mileage t171 f}
12-09 03:37:36.127 W/ActivityManager( 1594): Duplicate finish request for ActivityRecord{497ffb8 u0 com.evancharlton.mileage/.Mileage t171 f}
12-09 03:37:36.127 W/ActivityManager( 1594): Duplicate finish request for ActivityRecord{497ffb8 u0 com.evancharlton.mileage/.Mileage t171 f}
12-09 03:37:36.127 W/ActivityManager( 1594): Duplicate finish request for ActivityRecord{497ffb8 u0 com.evancharlton.mileage/.Mileage t171 f}
12-09 03:37:36.297 D/gralloc_ranchu( 1224): gralloc_alloc: Creating ashmem region of size 708608
12-09 03:37:36.354 E/EGL_emulation( 1224): tid 1224: eglCreateSyncKHR(1881): error 0x3004 (EGL_BAD_ATTRIBUTE)
12-09 03:37:36.382 W/art     ( 1594): Long monitor contention event with owner method=boolean com.android.server.am.ActivityManagerService.finishActivity(android.os.IBinder, int, android.content.Intent, boolean) from ActivityManagerService.java:4245 waiters=0 for 165ms
12-09 03:37:36.449 W/ActivityManager( 1594): Finishing task with all activities already finished
12-09 03:37:36.449 W/ActivityManager( 1594): Duplicate finish request for ActivityRecord{8523697 u0 com.evancharlton.mileage/.charts.AverageFuelEconomyChart t171 f}
12-09 03:37:36.554 I/art     ( 1594): Background partial concurrent mark sweep GC freed 26655(1893KB) AllocSpace objects, 16(320KB) LOS objects, 30% free, 9MB/13MB, paused 1.572ms total 158.119ms
12-09 03:37:36.623 D/EGL_emulation( 1937): eglMakeCurrent: 0x7f74244f4640: ver 2 0 (tinfo 0x7f74244c2780)
12-09 03:37:36.769 D/AndroidRuntime( 9033): >>>>>> START com.android.internal.os.RuntimeInit uid 0 <<<<<<
12-09 03:37:36.776 D/AndroidRuntime( 9033): CheckJNI is ON
12-09 03:37:36.840 D/ICU     ( 9033): No timezone override file found: /data/misc/zoneinfo/current/icu/icu_tzdata.dat
12-09 03:37:37.285 E/memtrack( 9033): Couldn't load memtrack module (No such file or directory)
12-09 03:37:37.285 E/android.os.Debug( 9033): failed to load memtrack module: -2
12-09 03:37:37.337 I/Radio-JNI( 9033): register_android_hardware_Radio DONE
12-09 03:37:37.353 W/art     ( 1594): Long monitor contention event with owner method=void com.android.server.wm.WindowAnimator$1.doFrame(long) from WindowAnimator.java:121 waiters=0 for 105ms
12-09 03:37:37.442 D/AndroidRuntime( 9033): Calling main entry com.android.commands.am.Am
12-09 03:37:37.444 I/ActivityManager( 1594): Force stopping com.evancharlton.mileage appid=10089 user=0: start instr
12-09 03:37:37.444 I/ActivityManager( 1594): Killing 8874:com.evancharlton.mileage/u0a89 (adj 0): stop com.evancharlton.mileage
12-09 03:37:37.515 W/InputDispatcher( 1594): channel '9678669 com.evancharlton.mileage/com.evancharlton.mileage.charts.AverageFuelEconomyChart (server)' ~ Consumer closed input channel or an error occurred.  events=0x9
12-09 03:37:37.515 E/InputDispatcher( 1594): channel '9678669 com.evancharlton.mileage/com.evancharlton.mileage.charts.AverageFuelEconomyChart (server)' ~ Channel is unrecoverably broken and will be disposed!
12-09 03:37:37.693 I/WindowState( 1594): WIN DEATH: Window{9678669 u0 com.evancharlton.mileage/com.evancharlton.mileage.charts.AverageFuelEconomyChart}
12-09 03:37:37.693 W/InputDispatcher( 1594): Attempted to unregister already unregistered input channel '9678669 com.evancharlton.mileage/com.evancharlton.mileage.charts.AverageFuelEconomyChart (server)'
12-09 03:37:37.694 W/InputMethodManagerService( 1594): Got RemoteException sending setActive(false) notification to pid 8874 uid 10089
12-09 03:37:37.697 I/Choreographer( 1937): Skipped 61 frames!  The application may be doing too much work on its main thread.
12-09 03:37:37.760 W/ActivityManager( 1594): Crash of app com.evancharlton.mileage running instrumentation ComponentInfo{com.evancharlton.mileage.test/sh.calaba.instrumentationbackend.CalabashInstrumentationTestRunner}
12-09 03:37:37.760 I/ActivityManager( 1594): Force stopping com.evancharlton.mileage appid=10089 user=0: finished inst
12-09 03:37:37.915 I/ActivityManager( 1594): Start proc 9042:com.evancharlton.mileage/u0a89 for added application com.evancharlton.mileage
12-09 03:37:37.915 W/art     ( 1594): Long monitor contention event with owner method=boolean com.android.server.am.ActivityManagerService.startInstrumentation(android.content.ComponentName, java.lang.String, int, android.os.Bundle, android.app.IInstrumentationWatcher, android.app.IUiAutomationConnection, int, java.lang.String) from ActivityManagerService.java:17066 waiters=0 for 471ms
12-09 03:37:37.916 W/art     ( 1594): Long monitor contention event with owner method=boolean com.android.server.am.ActivityManagerService.startInstrumentation(android.content.ComponentName, java.lang.String, int, android.os.Bundle, android.app.IInstrumentationWatcher, android.app.IUiAutomationConnection, int, java.lang.String) from ActivityManagerService.java:17066 waiters=1 for 397ms
12-09 03:37:37.917 W/art     ( 1594): Long monitor contention event with owner method=boolean com.android.server.am.ActivityManagerService.startInstrumentation(android.content.ComponentName, java.lang.String, int, android.os.Bundle, android.app.IInstrumentationWatcher, android.app.IUiAutomationConnection, int, java.lang.String) from ActivityManagerService.java:17066 waiters=2 for 270ms
12-09 03:37:37.917 W/ActivityManager( 1594): Spurious death for ProcessRecord{ab57a52 0:com.evancharlton.mileage/u0a89}, curProc for 8874: null
12-09 03:37:37.918 D/AndroidRuntime( 9033): Shutting down VM
12-09 03:37:38.081 W/art     ( 1594): Long monitor contention event with owner method=void com.android.server.wm.WindowAnimator$1.doFrame(long) from WindowAnimator.java:121 waiters=1 for 144ms
12-09 03:37:38.342 W/art     ( 1594): Long monitor contention event with owner method=void com.android.server.wm.WindowAnimator$1.doFrame(long) from WindowAnimator.java:121 waiters=1 for 155ms
12-09 03:37:38.476 W/art     ( 1594): Long monitor contention event with owner method=void com.android.server.wm.WindowAnimator$1.doFrame(long) from WindowAnimator.java:121 waiters=1 for 134ms
12-09 03:37:38.659 W/art     ( 1594): Long monitor contention event with owner method=void com.android.server.wm.WindowAnimator$1.doFrame(long) from WindowAnimator.java:121 waiters=1 for 184ms
12-09 03:37:38.866 W/art     ( 1594): Long monitor contention event with owner method=void com.android.server.wm.WindowAnimator$1.doFrame(long) from WindowAnimator.java:121 waiters=1 for 164ms
12-09 03:37:38.956 W/art     ( 1594): Long monitor contention event with owner method=void com.android.server.wm.WindowAnimator$1.doFrame(long) from WindowAnimator.java:121 waiters=1 for 172ms
12-09 03:37:39.153 I/Choreographer( 1937): Skipped 86 frames!  The application may be doing too much work on its main thread.
12-09 03:37:39.154 W/art     ( 1594): Long monitor contention event with owner method=java.util.List com.android.server.am.ActivityManagerService.getAllStackInfos() from ActivityManagerService.java:8937 waiters=0 for 1.207s
12-09 03:37:39.267 W/OpenGLRenderer( 1937): Incorrectly called buildLayer on View: ShortcutAndWidgetContainer, destroying layer...
12-09 03:37:39.285 W/art     ( 1594): Long monitor contention event with owner method=java.util.List com.android.server.am.ActivityManagerService.getAllStackInfos() from ActivityManagerService.java:8937 waiters=1 for 866ms
12-09 03:37:39.286 W/art     ( 1594): Long monitor contention event with owner method=void com.android.server.am.ActivityManagerService.attachApplication(android.app.IApplicationThread) from ActivityManagerService.java:6186 waiters=1 for 126ms
12-09 03:37:39.398 I/art     ( 9042): Background sticky concurrent mark sweep GC freed 26397(1005KB) AllocSpace objects, 0(0B) LOS objects, 91% free, 335KB/3MB, paused 960us total 236.179ms
12-09 03:37:39.439 W/System  ( 9042): ClassLoader referenced unknown path: /data/app/com.evancharlton.mileage.test-1/lib/x86_64
12-09 03:37:39.439 W/System  ( 9042): ClassLoader referenced unknown path: /data/app/com.evancharlton.mileage-1/lib/x86_64
12-09 03:37:39.488 I/System.out( 9042): Main activity name automatically set to: com.evancharlton.mileage.Mileage
12-09 03:37:39.488 I/System.out( 9042): Calabash did not load Mono. This is only a problem if you are trying to test a Mono application
12-09 03:37:39.488 I/calabash( 9042): Test server port: 7102
12-09 03:37:39.501 I/InstrumentationBackend( 9042): Added:'GetPreferences', with key:'get_preferences'
12-09 03:37:39.573 I/InstrumentationBackend( 9042): Added:'SetPreferences', with key:'set_preferences'
12-09 03:37:39.583 I/InstrumentationBackend( 9042): Added:'ClearPreferences', with key:'clear_preferences'
12-09 03:37:39.583 I/InstrumentationBackend( 9042): Added:'PressElement', with key:'press_l10n_element'
12-09 03:37:39.583 I/InstrumentationBackend( 9042): Added:'WaitForElement', with key:'wait_for_l10n_element'
12-09 03:37:39.584 I/InstrumentationBackend( 9042): Added:'NullAction', with key:'nullAction'
12-09 03:37:39.584 I/InstrumentationBackend( 9042): Added:'PressKey', with key:'press_key'
12-09 03:37:39.584 I/InstrumentationBackend( 9042): Added:'SetActivityOrientation', with key:'set_activity_orientation'
12-09 03:37:39.584 I/InstrumentationBackend( 9042): Added:'GetActivityOrientation', with key:'get_activity_orientation'
12-09 03:37:39.584 I/InstrumentationBackend( 9042): Added:'FakeGPSLocation', with key:'set_gps_coordinates'
12-09 03:37:39.585 I/InstrumentationBackend( 9042): Added:'SetPropertyByCssSelector', with key:'set_property_by_css_selector'
12-09 03:37:39.585 I/InstrumentationBackend( 9042): Added:'GetUrl', with key:'get_url'
12-09 03:37:39.586 I/InstrumentationBackend( 9042): Added:'ScrollTo', with key:'scroll_to'
12-09 03:37:39.587 I/InstrumentationBackend( 9042): Added:'GetLoadProgress', with key:'get_load_progress'
12-09 03:37:39.587 I/InstrumentationBackend( 9042): Added:'DumpHtml', with key:'dump_html'
12-09 03:37:39.588 I/InstrumentationBackend( 9042): Added:'DumpBodyHtml', with key:'dump_body_html'
12-09 03:37:39.588 I/InstrumentationBackend( 9042): Added:'EnterTextByCssSelector', with key:'enter_text_by_selector'
12-09 03:37:39.589 I/InstrumentationBackend( 9042): Added:'AndroidSDKVersion', with key:'android_sdk_version'
12-09 03:37:39.589 I/InstrumentationBackend( 9042): Added:'Version', with key:'version'
12-09 03:37:39.589 I/InstrumentationBackend( 9042): Added:'Drag', with key:'drag'
12-09 03:37:39.589 I/InstrumentationBackend( 9042): Added:'TouchCoordinates', with key:'touch_coordinate'
12-09 03:37:39.589 I/InstrumentationBackend( 9042): Added:'LongPressCoordinate', with key:'long_press_coordinate'
12-09 03:37:39.590 I/InstrumentationBackend( 9042): Added:'DragCoordinates', with key:'drag_coordinates'
12-09 03:37:39.590 I/InstrumentationBackend( 9042): Added:'ResumeApplication', with key:'resume_application'
12-09 03:37:39.590 I/InstrumentationBackend( 9042): Added:'Swipe', with key:'swipe'
12-09 03:37:39.590 I/InstrumentationBackend( 9042): Added:'DoubleTapCoordinate', with key:'double_tap_coordinate'
12-09 03:37:39.590 I/InstrumentationBackend( 9042): Added:'ClickOnScreen', with key:'click_on_screen'
12-09 03:37:39.596 I/InstrumentationBackend( 9042): Added:'GetActivityName', with key:'get_activity_name'
12-09 03:37:39.598 I/InstrumentationBackend( 9042): Added:'ScrollToView', with key:'scroll_to_view'
12-09 03:37:39.599 I/InstrumentationBackend( 9042): Added:'ViewConfiguration', with key:'view_configuration'
12-09 03:37:39.599 I/InstrumentationBackend( 9042): Added:'IsCurrentActivityFocused', with key:'is_current_activity_focused'
12-09 03:37:39.599 I/InstrumentationBackend( 9042): Added:'SendTcp', with key:'send_tcp'
12-09 03:37:39.599 I/InstrumentationBackend( 9042): Added:'DpToDevicePixel', with key:'dp_to_device_pixel'
12-09 03:37:39.600 I/InstrumentationBackend( 9042): Added:'KeyboardEnterText', with key:'keyboard_enter_text'
12-09 03:37:39.600 I/InstrumentationBackend( 9042): Added:'DeleteSurroundingText', with key:'delete_surrounding_text'
12-09 03:37:39.600 I/InstrumentationBackend( 9042): Added:'SetComposingRegion', with key:'set_composing_region'
12-09 03:37:39.600 I/InstrumentationBackend( 9042): Added:'SetSelection', with key:'set_selection'
12-09 03:37:39.600 I/InstrumentationBackend( 9042): Added:'KeyboardKeyEvent', with key:'keyboard_key_event'
12-09 03:37:39.601 I/InstrumentationBackend( 9042): Added:'PressUserActionButton', with key:'press_user_action_button'
12-09 03:37:39.601 I/InstrumentationBackend( 9042): Added:'HideSoftKeyboard', with key:'hide_soft_keyboard'
12-09 03:37:39.601 I/InstrumentationBackend( 9042): Added:'ListActions', with key:'list_actions'
12-09 03:37:39.601 I/calabash( 9042): Instantiating http server at 7102
12-09 03:37:39.627 I/System.out( 9042): HTTP Daemon listening on: 7102
12-09 03:37:39.821 I/System.out( 9042): URI: //ping
12-09 03:37:39.821 I/System.out( 9042): params: {json={}
12-09 03:37:39.821 I/System.out( 9042): }
12-09 03:37:39.826 W/WindowAnimator( 1594): Failed to dispatch window animation state change.
12-09 03:37:39.826 W/WindowAnimator( 1594): android.os.DeadObjectException
12-09 03:37:39.826 W/WindowAnimator( 1594): 	at android.os.BinderProxy.transactNative(Native Method)
12-09 03:37:39.826 W/WindowAnimator( 1594): 	at android.os.BinderProxy.transact(Binder.java:503)
12-09 03:37:39.826 W/WindowAnimator( 1594): 	at android.view.IWindow$Stub$Proxy.onAnimationStopped(IWindow.java:534)
12-09 03:37:39.826 W/WindowAnimator( 1594): 	at com.android.server.wm.WindowAnimator.updateWindowsLocked(WindowAnimator.java:286)
12-09 03:37:39.826 W/WindowAnimator( 1594): 	at com.android.server.wm.WindowAnimator.animateLocked(WindowAnimator.java:678)
12-09 03:37:39.826 W/WindowAnimator( 1594): 	at com.android.server.wm.WindowAnimator.-wrap0(WindowAnimator.java)
12-09 03:37:39.826 W/WindowAnimator( 1594): 	at com.android.server.wm.WindowAnimator$1.doFrame(WindowAnimator.java:123)
12-09 03:37:39.826 W/WindowAnimator( 1594): 	at android.view.Choreographer$CallbackRecord.run(Choreographer.java:856)
12-09 03:37:39.826 W/WindowAnimator( 1594): 	at android.view.Choreographer.doCallbacks(Choreographer.java:670)
12-09 03:37:39.826 W/WindowAnimator( 1594): 	at android.view.Choreographer.doFrame(Choreographer.java:603)
12-09 03:37:39.826 W/WindowAnimator( 1594): 	at android.view.Choreographer$FrameDisplayEventReceiver.run(Choreographer.java:844)
12-09 03:37:39.826 W/WindowAnimator( 1594): 	at android.os.Handler.handleCallback(Handler.java:739)
12-09 03:37:39.826 W/WindowAnimator( 1594): 	at android.os.Handler.dispatchMessage(Handler.java:95)
12-09 03:37:39.826 W/WindowAnimator( 1594): 	at android.os.Looper.loop(Looper.java:148)
12-09 03:37:39.826 W/WindowAnimator( 1594): 	at android.os.HandlerThread.run(HandlerThread.java:61)
12-09 03:37:39.826 W/WindowAnimator( 1594): 	at com.android.server.ServiceThread.run(ServiceThread.java:46)
12-09 03:37:39.935 I/System.out( 9042): URI: //ping
12-09 03:37:39.935 I/System.out( 9042): params: {json={}
12-09 03:37:39.935 I/System.out( 9042): }
12-09 03:37:40.009 I/System.out( 9042): URI: //ready
12-09 03:37:40.009 I/System.out( 9042): params: {json={}
12-09 03:37:40.009 I/System.out( 9042): }
12-09 03:37:40.027 I/System.out( 9042): URI: //
12-09 03:37:40.027 I/System.out( 9042): params: {json={"command":"version","arguments":[]}
12-09 03:37:40.027 I/System.out( 9042): }
12-09 03:37:40.027 I/System.out( 9042): header: {date=Sun, 09 Dec 2018 03:37:40 GMT, accept=*/*, content-length=36, host=127.0.0.1:34777, user-agent=HTTPClient/1.0 (2.8.3, ruby 2.3.1 (2016-04-26)), content-type=application/json;charset=utf-8}
12-09 03:37:40.027 I/System.out( 9042): params: {json={"command":"version","arguments":[]}
12-09 03:37:40.027 I/System.out( 9042): }
12-09 03:37:40.027 I/System.out( 9042): ProP json = {"command":"version","arguments":[]}
12-09 03:37:40.027 I/System.out( 9042): files: {}
12-09 03:37:40.027 I/System.out( 9042): command: {"command":"version","arguments":[]}
12-09 03:37:40.060 I/InstrumentationBackend( 9042): Got command:'Command:'Line:null,version', arguments:'[]'
12-09 03:37:40.095 I/System.out( 9042): result:{"bonusInformation":[],"message":"0.9.8","success":true}
12-09 03:37:40.277 I/System.out( 9042): URI: //start-application
12-09 03:37:40.277 I/System.out( 9042): params: {json={"intent":null}
12-09 03:37:40.277 I/System.out( 9042): }
12-09 03:37:40.333 I/ActivityManager( 1594): START u0 {act=android.intent.action.MAIN cat=[android.intent.category.LAUNCHER] flg=0x10200000 cmp=com.evancharlton.mileage/.Mileage} from uid 10089 on display 0
12-09 03:37:40.639 I/calabash( 9042): newActivity1
12-09 03:37:40.645 D/gralloc_ranchu( 1224): gralloc_alloc: Creating ashmem region of size 3686400
12-09 03:37:40.703 I/calabash( 9042): newActivity1
12-09 03:37:40.715 W/ActivityManager( 1594): Bad activity token: android.os.BinderProxy@9ab894d
12-09 03:37:40.715 W/ActivityManager( 1594): java.lang.ClassCastException: android.os.BinderProxy cannot be cast to com.android.server.am.ActivityRecord$Token
12-09 03:37:40.715 W/ActivityManager( 1594): 	at com.android.server.am.ActivityRecord.forTokenLocked(ActivityRecord.java:424)
12-09 03:37:40.715 W/ActivityManager( 1594): 	at com.android.server.am.ActivityRecord.isInStackLocked(ActivityRecord.java:1121)
12-09 03:37:40.715 W/ActivityManager( 1594): 	at com.android.server.am.ActivityRecord.getStackLocked(ActivityRecord.java:1126)
12-09 03:37:40.715 W/ActivityManager( 1594): 	at com.android.server.am.ActivityManagerService.getActivityDisplayId(ActivityManagerService.java:8889)
12-09 03:37:40.715 W/ActivityManager( 1594): 	at android.app.ActivityManagerNative.onTransact(ActivityManagerNative.java:2338)
12-09 03:37:40.715 W/ActivityManager( 1594): 	at com.android.server.am.ActivityManagerService.onTransact(ActivityManagerService.java:2443)
12-09 03:37:40.715 W/ActivityManager( 1594): 	at android.os.Binder.execTransact(Binder.java:453)
12-09 03:37:40.716 W/ActivityManager( 1594): Bad activity token: android.os.BinderProxy@9ab894d
12-09 03:37:40.716 W/ActivityManager( 1594): java.lang.ClassCastException: android.os.BinderProxy cannot be cast to com.android.server.am.ActivityRecord$Token
12-09 03:37:40.716 W/ActivityManager( 1594): 	at com.android.server.am.ActivityRecord.forTokenLocked(ActivityRecord.java:424)
12-09 03:37:40.716 W/ActivityManager( 1594): 	at com.android.server.am.ActivityRecord.isInStackLocked(ActivityRecord.java:1121)
12-09 03:37:40.716 W/ActivityManager( 1594): 	at com.android.server.am.ActivityManagerService.setTaskDescription(ActivityManagerService.java:8547)
12-09 03:37:40.716 W/ActivityManager( 1594): 	at android.app.ActivityManagerNative.onTransact(ActivityManagerNative.java:2410)
12-09 03:37:40.716 W/ActivityManager( 1594): 	at com.android.server.am.ActivityManagerService.onTransact(ActivityManagerService.java:2443)
12-09 03:37:40.716 W/ActivityManager( 1594): 	at android.os.Binder.execTransact(Binder.java:453)
12-09 03:37:40.784 W/ActivityManager( 1594): Bad activity token: android.os.BinderProxy@9ab894d
12-09 03:37:40.784 W/ActivityManager( 1594): java.lang.ClassCastException: android.os.BinderProxy cannot be cast to com.android.server.am.ActivityRecord$Token
12-09 03:37:40.784 W/ActivityManager( 1594): 	at com.android.server.am.ActivityRecord.forTokenLocked(ActivityRecord.java:424)
12-09 03:37:40.784 W/ActivityManager( 1594): 	at com.android.server.am.ActivityRecord.isInStackLocked(ActivityRecord.java:1121)
12-09 03:37:40.784 W/ActivityManager( 1594): 	at com.android.server.am.ActivityManagerService.getActivityOptions(ActivityManagerService.java:11038)
12-09 03:37:40.784 W/ActivityManager( 1594): 	at android.app.ActivityManagerNative.onTransact(ActivityManagerNative.java:1734)
12-09 03:37:40.784 W/ActivityManager( 1594): 	at com.android.server.am.ActivityManagerService.onTransact(ActivityManagerService.java:2443)
12-09 03:37:40.784 W/ActivityManager( 1594): 	at android.os.Binder.execTransact(Binder.java:453)
12-09 03:37:40.784 W/ActivityManager( 1594): Bad activity token: android.os.BinderProxy@9ab894d
12-09 03:37:40.784 W/ActivityManager( 1594): java.lang.ClassCastException: android.os.BinderProxy cannot be cast to com.android.server.am.ActivityRecord$Token
12-09 03:37:40.784 W/ActivityManager( 1594): 	at com.android.server.am.ActivityRecord.forTokenLocked(ActivityRecord.java:424)
12-09 03:37:40.784 W/ActivityManager( 1594): 	at com.android.server.am.ActivityRecord.isInStackLocked(ActivityRecord.java:1121)
12-09 03:37:40.784 W/ActivityManager( 1594): 	at com.android.server.am.ActivityManagerService.getActivityOptions(ActivityManagerService.java:11038)
12-09 03:37:40.784 W/ActivityManager( 1594): 	at android.app.ActivityManagerNative.onTransact(ActivityManagerNative.java:1734)
12-09 03:37:40.784 W/ActivityManager( 1594): 	at com.android.server.am.ActivityManagerService.onTransact(ActivityManagerService.java:2443)
12-09 03:37:40.784 W/ActivityManager( 1594): 	at android.os.Binder.execTransact(Binder.java:453)
12-09 03:37:40.990 V/PhoneStatusBar( 1702): setLightsOn(true)
12-09 03:37:41.057 D/EGL_emulation( 1937): eglMakeCurrent: 0x7f74244f4640: ver 2 0 (tinfo 0x7f74244c2780)
12-09 03:37:41.076 E/Surface ( 1937): getSlotFromBufferLocked: unknown buffer: 0x7f7420a96b00
12-09 03:37:41.079 W/art     ( 1594): Long monitor contention event with owner method=void com.android.server.wm.WindowAnimator$1.doFrame(long) from WindowAnimator.java:121 waiters=0 for 165ms
12-09 03:37:41.245 W/art     ( 1594): Long monitor contention event with owner method=int com.android.server.wm.WindowManagerService.relayoutWindow(com.android.server.wm.Session, android.view.IWindow, int, android.view.WindowManager$LayoutParams, int, int, int, int, android.graphics.Rect, android.graphics.Rect, android.graphics.Rect, android.graphics.Rect, android.graphics.Rect, android.graphics.Rect, android.content.res.Configuration, android.view.Surface) from WindowManagerService.java:3103 waiters=0 for 141ms
12-09 03:37:41.246 W/art     ( 1594): Long monitor contention event with owner method=int com.android.server.wm.WindowManagerService.relayoutWindow(com.android.server.wm.Session, android.view.IWindow, int, android.view.WindowManager$LayoutParams, int, int, int, int, android.graphics.Rect, android.graphics.Rect, android.graphics.Rect, android.graphics.Rect, android.graphics.Rect, android.graphics.Rect, android.content.res.Configuration, android.view.Surface) from WindowManagerService.java:3103 waiters=1 for 142ms
12-09 03:37:41.279 D/gralloc_ranchu( 1224): gralloc_alloc: Creating ashmem region of size 3686400
12-09 03:37:41.445 D/        ( 9042): HostConnection::get() New Host Connection established 0x7f7420afcfe0, tid 9042
12-09 03:37:41.891 W/art     ( 1594): Long monitor contention event with owner method=void com.android.server.wm.WindowAnimator$1.doFrame(long) from WindowAnimator.java:121 waiters=1 for 189ms
12-09 03:37:41.917 I/ActivityManager( 1594): Displayed com.evancharlton.mileage/.Mileage: +1s312ms
12-09 03:37:42.322 W/art     ( 1594): Long monitor contention event with owner method=void com.android.server.wm.WindowAnimator$1.doFrame(long) from WindowAnimator.java:121 waiters=0 for 132ms
12-09 03:37:42.348 D/gralloc_ranchu( 1224): gralloc_alloc: Creating ashmem region of size 3686400
12-09 03:37:42.619 D/gralloc_ranchu( 1224): gralloc_alloc: Creating ashmem region of size 3686400
12-09 03:37:44.265 I/System.out( 9042): URI: //map
12-09 03:37:44.265 I/System.out( 9042): params: {json={"query":"android.widget.EditText id:'price'","operation":{"method_name":"query","arguments":[]}}
12-09 03:37:44.265 I/System.out( 9042): }
12-09 03:37:44.444 W/ResourceType( 9042): No package identifier when getting name for resource number 0x00000001
12-09 03:37:44.783 I/art     ( 9042): Background partial concurrent mark sweep GC freed 33300(1612KB) AllocSpace objects, 2(40KB) LOS objects, 40% free, 2MB/3MB, paused 1.031ms total 311.191ms
12-09 03:37:44.799 I/System.out( 9042): URI: //gesture
12-09 03:37:44.799 I/System.out( 9042): params: {json={"query_timeout":5.0,"gestures":[{"query_string":"android.widget.EditText id:'price'","touches":[{"x":50,"y":50,"offset_x":0,"offset_y":0,"wait":0.0,"time":0.2,"release":true,"query_string":null}]}]}
12-09 03:37:44.799 I/System.out( 9042): }
12-09 03:37:44.822 W/ResourceType( 9042): No package identifier when getting name for resource number 0x00000001
12-09 03:37:45.305 I/LatinIME( 1889): Starting input. Cursor position = 0,0
12-09 03:37:45.371 W/art     ( 9042): Suspending all threads took: 19.420ms
12-09 03:37:45.473 I/art     ( 9042): Background sticky concurrent mark sweep GC freed 44809(2020KB) AllocSpace objects, 1(20KB) LOS objects, 34% free, 2MB/3MB, paused 20.850ms total 207.809ms
12-09 03:37:45.715 D/EGL_emulation( 1889): eglMakeCurrent: 0x7f74244f4820: ver 2 0 (tinfo 0x7f7420d4c120)
12-09 03:37:45.905 I/System.out( 9042): URI: //
12-09 03:37:45.906 I/System.out( 9042): params: {json={"command":"set_selection","arguments":[-1,-1]}
12-09 03:37:45.906 I/System.out( 9042): }
12-09 03:37:45.906 I/System.out( 9042): header: {date=Sun, 09 Dec 2018 03:37:46 GMT, accept=*/*, content-length=47, host=127.0.0.1:34777, user-agent=HTTPClient/1.0 (2.8.3, ruby 2.3.1 (2016-04-26)), content-type=application/json;charset=utf-8}
12-09 03:37:45.906 I/System.out( 9042): params: {json={"command":"set_selection","arguments":[-1,-1]}
12-09 03:37:45.906 I/System.out( 9042): }
12-09 03:37:45.906 I/System.out( 9042): ProP json = {"command":"set_selection","arguments":[-1,-1]}
12-09 03:37:45.906 I/System.out( 9042): files: {}
12-09 03:37:45.906 I/System.out( 9042): command: {"command":"set_selection","arguments":[-1,-1]}
12-09 03:37:45.917 I/InstrumentationBackend( 9042): Got command:'Command:'Line:null,set_selection', arguments:'[-1, -1]'
12-09 03:37:45.973 I/System.out( 9042): result:{"bonusInformation":[],"message":"","success":true}
12-09 03:37:46.419 I/System.out( 9042): URI: //
12-09 03:37:46.420 I/System.out( 9042): params: {json={"command":"keyboard_enter_text","arguments":["98879898249712372391"]}
12-09 03:37:46.420 I/System.out( 9042): }
12-09 03:37:46.420 I/System.out( 9042): header: {date=Sun, 09 Dec 2018 03:37:47 GMT, accept=*/*, content-length=70, host=127.0.0.1:34777, user-agent=HTTPClient/1.0 (2.8.3, ruby 2.3.1 (2016-04-26)), content-type=application/json;charset=utf-8}
12-09 03:37:46.420 I/System.out( 9042): params: {json={"command":"keyboard_enter_text","arguments":["98879898249712372391"]}
12-09 03:37:46.420 I/System.out( 9042): }
12-09 03:37:46.420 I/System.out( 9042): ProP json = {"command":"keyboard_enter_text","arguments":["98879898249712372391"]}
12-09 03:37:46.420 I/System.out( 9042): files: {}
12-09 03:37:46.420 I/System.out( 9042): command: {"command":"keyboard_enter_text","arguments":["98879898249712372391"]}
12-09 03:37:46.421 I/InstrumentationBackend( 9042): Got command:'Command:'Line:null,keyboard_enter_text', arguments:'[98879898249712372391]'
12-09 03:37:46.503 E/SpannableStringBuilder( 9042): SPAN_EXCLUSIVE_EXCLUSIVE spans cannot have a zero length
12-09 03:37:46.515 E/SpannableStringBuilder( 9042): SPAN_EXCLUSIVE_EXCLUSIVE spans cannot have a zero length
12-09 03:37:46.793 E/SpannableStringBuilder( 9042): SPAN_EXCLUSIVE_EXCLUSIVE spans cannot have a zero length
12-09 03:37:46.793 E/SpannableStringBuilder( 9042): SPAN_EXCLUSIVE_EXCLUSIVE spans cannot have a zero length
12-09 03:37:46.819 I/System.out( 9042): result:{"bonusInformation":[],"message":"","success":true}
12-09 03:37:47.017 I/art     ( 9042): Background partial concurrent mark sweep GC freed 29539(1522KB) AllocSpace objects, 10(200KB) LOS objects, 39% free, 2MB/3MB, paused 29.965ms total 204.601ms
12-09 03:37:47.543 E/SurfaceFlinger( 1224): ro.sf.lcd_density must be defined as a build property
12-09 03:37:47.545 D/gralloc_ranchu( 1224): gralloc_alloc: Creating ashmem region of size 3686400
12-09 03:37:47.567 D/        ( 9075): HostConnection::get() New Host Connection established 0x7f8a15c92480, tid 9075
12-09 03:37:47.695 E/EGL_emulation( 1224): tid 1224: eglCreateSyncKHR(1881): error 0x3004 (EGL_BAD_ATTRIBUTE)
12-09 03:37:48.659 I/System.out( 9042): URI: //map
12-09 03:37:48.660 I/System.out( 9042): params: {json={"query":"android.widget.EditText id:'volume'","operation":{"method_name":"query","arguments":[]}}
12-09 03:37:48.660 I/System.out( 9042): }
12-09 03:37:48.691 W/ResourceType( 9042): No package identifier when getting name for resource number 0x00000001
12-09 03:37:48.815 I/System.out( 9042): URI: //gesture
12-09 03:37:48.816 I/System.out( 9042): params: {json={"query_timeout":5.0,"gestures":[{"query_string":"android.widget.EditText id:'volume'","touches":[{"x":50,"y":50,"offset_x":0,"offset_y":0,"wait":0.0,"time":0.2,"release":true,"query_string":null}]}]}
12-09 03:37:48.816 I/System.out( 9042): }
12-09 03:37:48.855 I/art     ( 9042): Background sticky concurrent mark sweep GC freed 28605(1354KB) AllocSpace objects, 2(40KB) LOS objects, 34% free, 2MB/3MB, paused 5.651ms total 21.148ms
12-09 03:37:48.996 W/ResourceType( 9042): No package identifier when getting name for resource number 0x00000001
12-09 03:37:49.330 I/LatinIME( 1889): Starting input. Cursor position = 0,0
12-09 03:37:49.696 I/art     ( 1889): Background sticky concurrent mark sweep GC freed 2264(248KB) AllocSpace objects, 2(56KB) LOS objects, 20% free, 2MB/2MB, paused 1.114ms total 173.484ms
12-09 03:37:49.979 I/System.out( 9042): URI: //
12-09 03:37:49.979 I/System.out( 9042): params: {json={"command":"set_selection","arguments":[-1,-1]}
12-09 03:37:49.979 I/System.out( 9042): }
12-09 03:37:49.980 I/System.out( 9042): header: {date=Sun, 09 Dec 2018 03:37:50 GMT, accept=*/*, content-length=47, host=127.0.0.1:34777, user-agent=HTTPClient/1.0 (2.8.3, ruby 2.3.1 (2016-04-26)), content-type=application/json;charset=utf-8}
12-09 03:37:49.980 I/System.out( 9042): params: {json={"command":"set_selection","arguments":[-1,-1]}
12-09 03:37:49.980 I/System.out( 9042): }
12-09 03:37:49.980 I/System.out( 9042): ProP json = {"command":"set_selection","arguments":[-1,-1]}
12-09 03:37:49.980 I/System.out( 9042): files: {}
12-09 03:37:49.980 I/System.out( 9042): command: {"command":"set_selection","arguments":[-1,-1]}
12-09 03:37:49.981 I/InstrumentationBackend( 9042): Got command:'Command:'Line:null,set_selection', arguments:'[-1, -1]'
12-09 03:37:50.080 I/System.out( 9042): result:{"bonusInformation":[],"message":"","success":true}
12-09 03:37:50.275 I/System.out( 9042): URI: //
12-09 03:37:50.282 I/System.out( 9042): params: {json={"command":"keyboard_enter_text","arguments":["98879891284721092831"]}
12-09 03:37:50.282 I/System.out( 9042): }
12-09 03:37:50.282 I/System.out( 9042): header: {date=Sun, 09 Dec 2018 03:37:51 GMT, accept=*/*, content-length=70, host=127.0.0.1:34777, user-agent=HTTPClient/1.0 (2.8.3, ruby 2.3.1 (2016-04-26)), content-type=application/json;charset=utf-8}
12-09 03:37:50.283 I/System.out( 9042): params: {json={"command":"keyboard_enter_text","arguments":["98879891284721092831"]}
12-09 03:37:50.283 I/System.out( 9042): }
12-09 03:37:50.283 I/System.out( 9042): ProP json = {"command":"keyboard_enter_text","arguments":["98879891284721092831"]}
12-09 03:37:50.283 I/System.out( 9042): files: {}
12-09 03:37:50.283 I/System.out( 9042): command: {"command":"keyboard_enter_text","arguments":["98879891284721092831"]}
12-09 03:37:50.284 I/InstrumentationBackend( 9042): Got command:'Command:'Line:null,keyboard_enter_text', arguments:'[98879891284721092831]'
12-09 03:37:50.335 E/SpannableStringBuilder( 9042): SPAN_EXCLUSIVE_EXCLUSIVE spans cannot have a zero length
12-09 03:37:50.335 E/SpannableStringBuilder( 9042): SPAN_EXCLUSIVE_EXCLUSIVE spans cannot have a zero length
12-09 03:37:50.372 E/SpannableStringBuilder( 9042): SPAN_EXCLUSIVE_EXCLUSIVE spans cannot have a zero length
12-09 03:37:50.372 E/SpannableStringBuilder( 9042): SPAN_EXCLUSIVE_EXCLUSIVE spans cannot have a zero length
12-09 03:37:50.425 I/System.out( 9042): result:{"bonusInformation":[],"message":"","success":true}
12-09 03:37:50.943 E/SurfaceFlinger( 1224): ro.sf.lcd_density must be defined as a build property
12-09 03:37:51.053 D/gralloc_ranchu( 1224): gralloc_alloc: Creating ashmem region of size 3686400
12-09 03:37:51.099 D/        ( 9085): HostConnection::get() New Host Connection established 0x7f0605992480, tid 9085
12-09 03:37:51.194 E/EGL_emulation( 1224): tid 1224: eglCreateSyncKHR(1881): error 0x3004 (EGL_BAD_ATTRIBUTE)
12-09 03:37:52.343 I/System.out( 9042): URI: //map
12-09 03:37:52.343 I/System.out( 9042): params: {json={"query":"android.widget.EditText id:'odometer'","operation":{"method_name":"query","arguments":[]}}
12-09 03:37:52.344 I/System.out( 9042): }
12-09 03:37:52.356 W/ResourceType( 9042): No package identifier when getting name for resource number 0x00000001
12-09 03:37:52.510 I/art     ( 9042): Background sticky concurrent mark sweep GC freed 44835(2032KB) AllocSpace objects, 2(40KB) LOS objects, 28% free, 2MB/3MB, paused 970us total 137.797ms
12-09 03:37:52.516 I/System.out( 9042): URI: //gesture
12-09 03:37:52.516 I/System.out( 9042): params: {json={"query_timeout":5.0,"gestures":[{"query_string":"android.widget.EditText id:'odometer'","touches":[{"x":50,"y":50,"offset_x":0,"offset_y":0,"wait":0.0,"time":0.2,"release":true,"query_string":null}]}]}
12-09 03:37:52.516 I/System.out( 9042): }
12-09 03:37:52.567 W/ResourceType( 9042): No package identifier when getting name for resource number 0x00000001
12-09 03:37:52.931 I/LatinIME( 1889): Starting input. Cursor position = 0,0
12-09 03:37:53.034 I/art     ( 9042): Background sticky concurrent mark sweep GC freed 44585(2011KB) AllocSpace objects, 1(20KB) LOS objects, 23% free, 2MB/3MB, paused 6.004ms total 109.724ms
12-09 03:37:53.558 I/System.out( 9042): URI: //
12-09 03:37:53.562 I/System.out( 9042): params: {json={"command":"set_selection","arguments":[-1,-1]}
12-09 03:37:53.563 I/System.out( 9042): }
12-09 03:37:53.563 I/System.out( 9042): header: {date=Sun, 09 Dec 2018 03:37:54 GMT, accept=*/*, content-length=47, host=127.0.0.1:34777, user-agent=HTTPClient/1.0 (2.8.3, ruby 2.3.1 (2016-04-26)), content-type=application/json;charset=utf-8}
12-09 03:37:53.563 I/System.out( 9042): params: {json={"command":"set_selection","arguments":[-1,-1]}
12-09 03:37:53.563 I/System.out( 9042): }
12-09 03:37:53.563 I/System.out( 9042): ProP json = {"command":"set_selection","arguments":[-1,-1]}
12-09 03:37:53.563 I/System.out( 9042): files: {}
12-09 03:37:53.563 I/System.out( 9042): command: {"command":"set_selection","arguments":[-1,-1]}
12-09 03:37:53.564 I/InstrumentationBackend( 9042): Got command:'Command:'Line:null,set_selection', arguments:'[-1, -1]'
12-09 03:37:53.571 I/System.out( 9042): result:{"bonusInformation":[],"message":"","success":true}
12-09 03:37:53.751 I/System.out( 9042): URI: //
12-09 03:37:53.752 I/System.out( 9042): params: {json={"command":"keyboard_enter_text","arguments":["74394723984721092831"]}
12-09 03:37:53.752 I/System.out( 9042): }
12-09 03:37:53.752 I/System.out( 9042): header: {date=Sun, 09 Dec 2018 03:37:54 GMT, accept=*/*, content-length=70, host=127.0.0.1:34777, user-agent=HTTPClient/1.0 (2.8.3, ruby 2.3.1 (2016-04-26)), content-type=application/json;charset=utf-8}
12-09 03:37:53.752 I/System.out( 9042): params: {json={"command":"keyboard_enter_text","arguments":["74394723984721092831"]}
12-09 03:37:53.752 I/System.out( 9042): }
12-09 03:37:53.752 I/System.out( 9042): ProP json = {"command":"keyboard_enter_text","arguments":["74394723984721092831"]}
12-09 03:37:53.752 I/System.out( 9042): files: {}
12-09 03:37:53.752 I/System.out( 9042): command: {"command":"keyboard_enter_text","arguments":["74394723984721092831"]}
12-09 03:37:53.753 I/InstrumentationBackend( 9042): Got command:'Command:'Line:null,keyboard_enter_text', arguments:'[74394723984721092831]'
12-09 03:37:53.754 E/SpannableStringBuilder( 9042): SPAN_EXCLUSIVE_EXCLUSIVE spans cannot have a zero length
12-09 03:37:53.754 E/SpannableStringBuilder( 9042): SPAN_EXCLUSIVE_EXCLUSIVE spans cannot have a zero length
12-09 03:37:53.832 E/SpannableStringBuilder( 9042): SPAN_EXCLUSIVE_EXCLUSIVE spans cannot have a zero length
12-09 03:37:53.832 E/SpannableStringBuilder( 9042): SPAN_EXCLUSIVE_EXCLUSIVE spans cannot have a zero length
12-09 03:37:53.857 I/System.out( 9042): result:{"bonusInformation":[],"message":"","success":true}
12-09 03:37:53.869 I/art     ( 9042): WaitForGcToComplete blocked for 10.805ms for cause Background
12-09 03:37:54.259 E/SurfaceFlinger( 1224): ro.sf.lcd_density must be defined as a build property
12-09 03:37:54.260 D/gralloc_ranchu( 1224): gralloc_alloc: Creating ashmem region of size 3686400
12-09 03:37:54.276 D/        ( 9095): HostConnection::get() New Host Connection established 0x7f761c192480, tid 9095
12-09 03:37:54.295 E/EGL_emulation( 1224): tid 1224: eglCreateSyncKHR(1881): error 0x3004 (EGL_BAD_ATTRIBUTE)
12-09 03:37:56.315 I/System.out( 9042): URI: //map
12-09 03:37:56.315 I/System.out( 9042): params: {json={"query":"android.widget.Button index:2","operation":{"method_name":"query","arguments":[]}}
12-09 03:37:56.315 I/System.out( 9042): }
12-09 03:37:56.783 I/art     ( 9042): Background partial concurrent mark sweep GC freed 35378(1976KB) AllocSpace objects, 8(160KB) LOS objects, 40% free, 2MB/3MB, paused 5.415ms total 285.595ms
12-09 03:37:56.930 I/System.out( 9042): URI: //gesture
12-09 03:37:56.930 I/System.out( 9042): params: {json={"query_timeout":5.0,"gestures":[{"query_string":"android.widget.Button index:2","touches":[{"x":50,"y":50,"offset_x":0,"offset_y":0,"wait":0.0,"time":0.2,"release":true,"query_string":null}]}]}
12-09 03:37:56.930 I/System.out( 9042): }
12-09 03:37:57.323 W/art     ( 9042): Suspending all threads took: 5.676ms
12-09 03:37:57.348 I/art     ( 9042): Background sticky concurrent mark sweep GC freed 48750(2MB) AllocSpace objects, 2(40KB) LOS objects, 32% free, 2MB/3MB, paused 6.823ms total 49.865ms
12-09 03:37:57.353 W/audio_hw_generic( 1310): Hardware backing HAL too slow, could only write 0 of 661 frames
12-09 03:37:57.383 W/audio_hw_generic( 1310): Hardware backing HAL too slow, could only write 0 of 661 frames
12-09 03:37:57.399 W/audio_hw_generic( 1310): Hardware backing HAL too slow, could only write 0 of 661 frames
12-09 03:37:57.515 W/audio_hw_generic( 1310): Not supplying enough data to HAL, expected position 14008642 , only wrote 14008573
12-09 03:37:57.655 W/audio_hw_generic( 1310): Not supplying enough data to HAL, expected position 14014749 , only wrote 14014522
12-09 03:37:57.741 I/calabash( 9042): newActivity1
12-09 03:37:57.759 W/ActivityManager( 1594): Bad activity token: android.os.BinderProxy@c0f197b
12-09 03:37:57.759 W/ActivityManager( 1594): java.lang.ClassCastException: android.os.BinderProxy cannot be cast to com.android.server.am.ActivityRecord$Token
12-09 03:37:57.759 W/ActivityManager( 1594): 	at com.android.server.am.ActivityRecord.forTokenLocked(ActivityRecord.java:424)
12-09 03:37:57.759 W/ActivityManager( 1594): 	at com.android.server.am.ActivityRecord.isInStackLocked(ActivityRecord.java:1121)
12-09 03:37:57.759 W/ActivityManager( 1594): 	at com.android.server.am.ActivityRecord.getStackLocked(ActivityRecord.java:1126)
12-09 03:37:57.759 W/ActivityManager( 1594): 	at com.android.server.am.ActivityManagerService.getActivityDisplayId(ActivityManagerService.java:8889)
12-09 03:37:57.759 W/ActivityManager( 1594): 	at android.app.ActivityManagerNative.onTransact(ActivityManagerNative.java:2338)
12-09 03:37:57.759 W/ActivityManager( 1594): 	at com.android.server.am.ActivityManagerService.onTransact(ActivityManagerService.java:2443)
12-09 03:37:57.759 W/ActivityManager( 1594): 	at android.os.Binder.execTransact(Binder.java:453)
12-09 03:37:57.761 W/audio_hw_generic( 1310): Not supplying enough data to HAL, expected position 14019184 , only wrote 14019149
12-09 03:37:57.761 W/audio_hw_generic( 1310): Not supplying enough data to HAL, expected position 14019156 , only wrote 14019149
12-09 03:37:57.762 W/ActivityManager( 1594): Bad activity token: android.os.BinderProxy@c0f197b
12-09 03:37:57.762 W/ActivityManager( 1594): java.lang.ClassCastException: android.os.BinderProxy cannot be cast to com.android.server.am.ActivityRecord$Token
12-09 03:37:57.762 W/ActivityManager( 1594): 	at com.android.server.am.ActivityRecord.forTokenLocked(ActivityRecord.java:424)
12-09 03:37:57.762 W/ActivityManager( 1594): 	at com.android.server.am.ActivityRecord.isInStackLocked(ActivityRecord.java:1121)
12-09 03:37:57.762 W/ActivityManager( 1594): 	at com.android.server.am.ActivityManagerService.setTaskDescription(ActivityManagerService.java:8547)
12-09 03:37:57.762 W/ActivityManager( 1594): 	at android.app.ActivityManagerNative.onTransact(ActivityManagerNative.java:2410)
12-09 03:37:57.762 W/ActivityManager( 1594): 	at com.android.server.am.ActivityManagerService.onTransact(ActivityManagerService.java:2443)
12-09 03:37:57.762 W/ActivityManager( 1594): 	at android.os.Binder.execTransact(Binder.java:453)
12-09 03:37:57.781 W/audio_hw_generic( 1310): Not supplying enough data to HAL, expected position 14020036 , only wrote 14019810
12-09 03:37:57.799 W/ActivityManager( 1594): Bad activity token: android.os.BinderProxy@c0f197b
12-09 03:37:57.799 W/ActivityManager( 1594): java.lang.ClassCastException: android.os.BinderProxy cannot be cast to com.android.server.am.ActivityRecord$Token
12-09 03:37:57.799 W/ActivityManager( 1594): 	at com.android.server.am.ActivityRecord.forTokenLocked(ActivityRecord.java:424)
12-09 03:37:57.799 W/ActivityManager( 1594): 	at com.android.server.am.ActivityRecord.isInStackLocked(ActivityRecord.java:1121)
12-09 03:37:57.799 W/ActivityManager( 1594): 	at com.android.server.am.ActivityManagerService.getActivityOptions(ActivityManagerService.java:11038)
12-09 03:37:57.799 W/ActivityManager( 1594): 	at android.app.ActivityManagerNative.onTransact(ActivityManagerNative.java:1734)
12-09 03:37:57.799 W/ActivityManager( 1594): 	at com.android.server.am.ActivityManagerService.onTransact(ActivityManagerService.java:2443)
12-09 03:37:57.799 W/ActivityManager( 1594): 	at android.os.Binder.execTransact(Binder.java:453)
12-09 03:37:57.799 W/ActivityManager( 1594): Bad activity token: android.os.BinderProxy@c0f197b
12-09 03:37:57.799 W/ActivityManager( 1594): java.lang.ClassCastException: android.os.BinderProxy cannot be cast to com.android.server.am.ActivityRecord$Token
12-09 03:37:57.799 W/ActivityManager( 1594): 	at com.android.server.am.ActivityRecord.forTokenLocked(ActivityRecord.java:424)
12-09 03:37:57.799 W/ActivityManager( 1594): 	at com.android.server.am.ActivityRecord.isInStackLocked(ActivityRecord.java:1121)
12-09 03:37:57.799 W/ActivityManager( 1594): 	at com.android.server.am.ActivityManagerService.getActivityOptions(ActivityManagerService.java:11038)
12-09 03:37:57.799 W/ActivityManager( 1594): 	at android.app.ActivityManagerNative.onTransact(ActivityManagerNative.java:1734)
12-09 03:37:57.799 W/ActivityManager( 1594): 	at com.android.server.am.ActivityManagerService.onTransact(ActivityManagerService.java:2443)
12-09 03:37:57.799 W/ActivityManager( 1594): 	at android.os.Binder.execTransact(Binder.java:453)
12-09 03:37:57.828 I/LatinIME( 1889): Starting input. Cursor position = -1,-1
12-09 03:37:57.851 I/Choreographer( 9042): Skipped 36 frames!  The application may be doing too much work on its main thread.
12-09 03:37:57.875 W/audio_hw_generic( 1310): Not supplying enough data to HAL, expected position 14023962 , only wrote 14023776
12-09 03:37:57.875 W/audio_hw_generic( 1310): Not supplying enough data to HAL, expected position 14023783 , only wrote 14023776
12-09 03:37:57.877 E/SurfaceFlinger( 1224): ro.sf.lcd_density must be defined as a build property
12-09 03:37:57.882 D/gralloc_ranchu( 1224): gralloc_alloc: Creating ashmem region of size 3686400
12-09 03:37:57.900 W/audio_hw_generic( 1310): Not supplying enough data to HAL, expected position 14024843 , only wrote 14024437
12-09 03:37:58.000 D/        ( 9101): HostConnection::get() New Host Connection established 0x7fc78e2d2480, tid 9101
12-09 03:37:58.054 E/EGL_emulation( 1224): tid 1224: eglCreateSyncKHR(1881): error 0x3004 (EGL_BAD_ATTRIBUTE)
12-09 03:37:58.137 D/Mileage.ABS( 9042): Finished backup
12-09 03:37:58.149 D/Mileage.ABS( 9042): Not backing up; 107
12-09 03:37:58.149 D/Mileage.ABS( 9042): Not backing up; 107
12-09 03:37:58.167 D/Mileage ( 9042): Recalculating
12-09 03:37:58.351 W/audio_hw_generic( 1310): Not supplying enough data to HAL, expected position 14044332 , only wrote 14043606
12-09 03:37:58.351 W/audio_hw_generic( 1310): Not supplying enough data to HAL, expected position 14043613 , only wrote 14043606
12-09 03:37:58.383 W/audio_hw_generic( 1310): Not supplying enough data to HAL, expected position 14045016 , only wrote 14044928
12-09 03:37:58.428 W/audio_hw_generic( 1310): Hardware backing HAL too slow, could only write 0 of 661 frames
12-09 03:37:58.448 W/audio_hw_generic( 1310): Hardware backing HAL too slow, could only write 0 of 661 frames
12-09 03:37:58.467 W/audio_hw_generic( 1310): Hardware backing HAL too slow, could only write 0 of 661 frames
12-09 03:37:58.578 W/audio_hw_generic( 1310): Not supplying enough data to HAL, expected position 14053536 , only wrote 14053521
12-09 03:37:58.609 W/audio_hw_generic( 1310): Hardware backing HAL too slow, could only write 0 of 661 frames
12-09 03:37:58.623 W/audio_hw_generic( 1310): Hardware backing HAL too slow, could only write 0 of 661 frames
12-09 03:37:58.639 W/audio_hw_generic( 1310): Hardware backing HAL too slow, could only write 0 of 661 frames
12-09 03:37:58.713 D/Mileage.ABS( 9042): Not backing up; 671
12-09 03:37:58.857 W/audio_hw_generic( 1310): Not supplying enough data to HAL, expected position 14065818 , only wrote 14065419
12-09 03:37:58.857 W/audio_hw_generic( 1310): Not supplying enough data to HAL, expected position 14065426 , only wrote 14065419
12-09 03:37:58.857 W/audio_hw_generic( 1310): Hardware backing HAL too slow, could only write 0 of 661 frames
12-09 03:37:58.878 W/audio_hw_generic( 1310): Not supplying enough data to HAL, expected position 14066338 , only wrote 14066080
12-09 03:37:58.878 W/audio_hw_generic( 1310): Hardware backing HAL too slow, could only write 0 of 661 frames
12-09 03:37:58.878 W/audio_hw_generic( 1310): Hardware backing HAL too slow, could only write 0 of 661 frames
12-09 03:37:58.899 W/audio_hw_generic( 1310): Hardware backing HAL too slow, could only write 0 of 661 frames
12-09 03:37:58.920 W/audio_hw_generic( 1310): Hardware backing HAL too slow, could only write 0 of 661 frames
12-09 03:37:58.929 D/FillupAdapter( 9042): Average economy: 0.7523746539172881
12-09 03:37:58.929 W/audio_hw_generic( 1310): Hardware backing HAL too slow, could only write 0 of 661 frames
12-09 03:37:58.929 W/RichInputConnection( 1889): Slow InputConnection: GET_TEXT_BEFORE_CURSOR took 582 ms.
12-09 03:37:58.947 W/audio_hw_generic( 1310): Hardware backing HAL too slow, could only write 0 of 661 frames
12-09 03:37:59.172 I/InputAttributes( 1889): InputType.TYPE_NULL is specified
12-09 03:37:59.238 I/Choreographer( 1889): Skipped 82 frames!  The application may be doing too much work on its main thread.
12-09 03:37:59.248 D/EGL_emulation( 1889): eglMakeCurrent: 0x7f74244f4820: ver 2 0 (tinfo 0x7f7420d4c120)
12-09 03:37:59.253 E/Surface ( 1889): getSlotFromBufferLocked: unknown buffer: 0x7f7420a9d840
12-09 03:37:59.319 I/art     ( 9042): Background sticky concurrent mark sweep GC freed 12671(802KB) AllocSpace objects, 1(20KB) LOS objects, 26% free, 2MB/3MB, paused 10.176ms total 42.905ms
12-09 03:37:59.322 I/System.out( 9042): URI: //gesture
12-09 03:37:59.323 I/System.out( 9042): params: {json={"query_timeout":5.0,"gestures":[{"query_string":"android.widget.TabWidget descendant TextView index:0","touches":[{"x":50,"y":50,"offset_x":0,"offset_y":0,"wait":0.0,"time":0.2,"release":true,"query_string":null}]}]}
12-09 03:37:59.323 I/System.out( 9042): }
12-09 03:37:59.360 W/audio_hw_generic( 1310): Hardware backing HAL too slow, could only write 0 of 661 frames
12-09 03:37:59.493 W/audio_hw_generic( 1310): Not supplying enough data to HAL, expected position 14093209 , only wrote 14093181
12-09 03:37:59.651 W/audio_hw_generic( 1310): Hardware backing HAL too slow, could only write 0 of 661 frames
12-09 03:37:59.767 W/audio_hw_generic( 1310): Not supplying enough data to HAL, expected position 14105270 , only wrote 14105079
