--------- beginning of main
12-09 08:16:32.941 D/gralloc_ranchu( 1218): gralloc_alloc: Creating ashmem region of size 708608
12-09 08:16:32.999 E/EGL_emulation( 1218): tid 1218: eglCreateSyncKHR(1881): error 0x3004 (EGL_BAD_ATTRIBUTE)
--------- beginning of system
12-09 08:16:33.160 W/ActivityManager( 1591): Finishing task with all activities already finished
12-09 08:16:33.173 W/ActivityManager( 1591): Duplicate finish request for ActivityRecord{8d27d3b u0 com.evancharlton.mileage/.Mileage t434 f}
12-09 08:16:33.186 W/ActivityManager( 1591): Finishing task with all activities already finished
12-09 08:16:33.186 W/ActivityManager( 1591): Duplicate finish request for ActivityRecord{8d27d3b u0 com.evancharlton.mileage/.Mileage t434 f}
12-09 08:16:33.187 W/ActivityManager( 1591): Finishing task with all activities already finished
12-09 08:16:33.187 W/ActivityManager( 1591): Duplicate finish request for ActivityRecord{8d27d3b u0 com.evancharlton.mileage/.Mileage t434 f}
12-09 08:16:33.345 D/EGL_emulation( 1922): eglMakeCurrent: 0x7f2d5f961d20: ver 2 0 (tinfo 0x7f2d5f942920)
12-09 08:16:33.757 W/art     ( 1591): Long monitor contention event with owner method=void com.android.server.wm.WindowAnimator$1.doFrame(long) from WindowAnimator.java:121 waiters=0 for 134ms
12-09 08:16:33.818 D/AndroidRuntime(14486): >>>>>> START com.android.internal.os.RuntimeInit uid 0 <<<<<<
12-09 08:16:33.830 D/AndroidRuntime(14486): CheckJNI is ON
12-09 08:16:33.871 D/ICU     (14486): No timezone override file found: /data/misc/zoneinfo/current/icu/icu_tzdata.dat
12-09 08:16:34.194 W/art     ( 1591): Long monitor contention event with owner method=void com.android.server.wm.WindowAnimator$1.doFrame(long) from WindowAnimator.java:121 waiters=0 for 135ms
12-09 08:16:34.197 E/memtrack(14486): Couldn't load memtrack module (No such file or directory)
12-09 08:16:34.197 E/android.os.Debug(14486): failed to load memtrack module: -2
12-09 08:16:34.198 I/Radio-JNI(14486): register_android_hardware_Radio DONE
12-09 08:16:34.240 D/AndroidRuntime(14486): Calling main entry com.android.commands.am.Am
12-09 08:16:34.403 W/art     ( 1591): Long monitor contention event with owner method=void com.android.server.wm.WindowAnimator$1.doFrame(long) from WindowAnimator.java:121 waiters=1 for 229ms
12-09 08:16:34.537 W/art     ( 1591): Long monitor contention event with owner method=void com.android.server.wm.WindowAnimator$1.doFrame(long) from WindowAnimator.java:121 waiters=1 for 135ms
12-09 08:16:34.644 W/art     ( 1591): Long monitor contention event with owner method=void com.android.server.wm.WindowAnimator$1.doFrame(long) from WindowAnimator.java:121 waiters=1 for 174ms
12-09 08:16:34.753 W/art     ( 1591): Long monitor contention event with owner method=void com.android.server.wm.WindowAnimator$1.doFrame(long) from WindowAnimator.java:121 waiters=1 for 215ms
12-09 08:16:34.975 W/art     ( 1591): Long monitor contention event with owner method=void com.android.server.wm.WindowAnimator$1.doFrame(long) from WindowAnimator.java:121 waiters=1 for 221ms
12-09 08:16:35.245 W/art     ( 1591): Long monitor contention event with owner method=void com.android.server.wm.WindowAnimator$1.doFrame(long) from WindowAnimator.java:121 waiters=1 for 388ms
12-09 08:16:35.246 W/art     ( 1591): Long monitor contention event with owner method=void com.android.server.wm.WindowAnimator$1.doFrame(long) from WindowAnimator.java:121 waiters=1 for 271ms
12-09 08:16:35.246 W/art     ( 1591): Long monitor contention event with owner method=java.util.List com.android.server.am.ActivityManagerService.getAllStackInfos() from ActivityManagerService.java:8937 waiters=0 for 919ms
12-09 08:16:35.246 I/ActivityManager( 1591): Force stopping com.evancharlton.mileage appid=10133 user=0: start instr
12-09 08:16:35.247 I/ActivityManager( 1591): Killing 14423:com.evancharlton.mileage/u0a133 (adj 0): stop com.evancharlton.mileage
12-09 08:16:35.307 W/ActivityManager( 1591): Crash of app com.evancharlton.mileage running instrumentation ComponentInfo{com.evancharlton.mileage.test/sh.calaba.instrumentationbackend.CalabashInstrumentationTestRunner}
12-09 08:16:35.307 I/ActivityManager( 1591): Force stopping com.evancharlton.mileage appid=10133 user=0: finished inst
12-09 08:16:35.505 I/WindowState( 1591): WIN DEATH: Window{aef25e9 u0 com.evancharlton.mileage/com.evancharlton.mileage.Mileage EXITING}
12-09 08:16:35.601 I/ActivityManager( 1591): Start proc 14496:com.evancharlton.mileage/u0a133 for added application com.evancharlton.mileage
12-09 08:16:35.601 W/art     ( 1591): Long monitor contention event with owner method=java.util.List com.android.server.am.ActivityManagerService.getAllStackInfos() from ActivityManagerService.java:8937 waiters=1 for 952ms
12-09 08:16:35.602 W/art     ( 1591): Long monitor contention event with owner method=boolean com.android.server.am.ActivityManagerService.startInstrumentation(android.content.ComponentName, java.lang.String, int, android.os.Bundle, android.app.IInstrumentationWatcher, android.app.IUiAutomationConnection, int, java.lang.String) from ActivityManagerService.java:17066 waiters=3 for 354ms
12-09 08:16:35.602 W/art     ( 1591): Long monitor contention event with owner method=boolean com.android.server.am.ActivityManagerService.startInstrumentation(android.content.ComponentName, java.lang.String, int, android.os.Bundle, android.app.IInstrumentationWatcher, android.app.IUiAutomationConnection, int, java.lang.String) from ActivityManagerService.java:17066 waiters=4 for 300ms
12-09 08:16:35.602 W/ActivityManager( 1591): Spurious death for ProcessRecord{19f351b 0:com.evancharlton.mileage/u0a133}, curProc for 14423: null
12-09 08:16:35.603 W/art     ( 1591): Long monitor contention event with owner method=boolean com.android.server.am.ActivityManagerService.startInstrumentation(android.content.ComponentName, java.lang.String, int, android.os.Bundle, android.app.IInstrumentationWatcher, android.app.IUiAutomationConnection, int, java.lang.String) from ActivityManagerService.java:17066 waiters=5 for 296ms
12-09 08:16:35.611 W/art     ( 1591): Long monitor contention event with owner method=boolean com.android.server.am.ActivityManagerService.startInstrumentation(android.content.ComponentName, java.lang.String, int, android.os.Bundle, android.app.IInstrumentationWatcher, android.app.IUiAutomationConnection, int, java.lang.String) from ActivityManagerService.java:17066 waiters=2 for 361ms
12-09 08:16:35.611 W/art     ( 1591): Long monitor contention event with owner method=java.util.List com.android.server.am.ActivityManagerService.getAllStackInfos() from ActivityManagerService.java:8937 waiters=2 for 365ms
12-09 08:16:35.612 W/InputMethodManagerService( 1591): Got RemoteException sending setActive(false) notification to pid 14423 uid 10133
12-09 08:16:35.625 D/AndroidRuntime(14486): Shutting down VM
12-09 08:16:35.673 W/System  (14496): ClassLoader referenced unknown path: /data/app/com.evancharlton.mileage.test-1/lib/x86_64
12-09 08:16:35.674 W/System  (14496): ClassLoader referenced unknown path: /data/app/com.evancharlton.mileage-1/lib/x86_64
12-09 08:16:35.721 I/System.out(14496): Main activity name automatically set to: com.evancharlton.mileage.Mileage
12-09 08:16:35.722 I/System.out(14496): Calabash did not load Mono. This is only a problem if you are trying to test a Mono application
12-09 08:16:35.722 I/calabash(14496): Test server port: 7102
12-09 08:16:35.723 I/InstrumentationBackend(14496): Added:'GetPreferences', with key:'get_preferences'
12-09 08:16:35.820 I/art     (14496): Background partial concurrent mark sweep GC freed 37269(1365KB) AllocSpace objects, 0(0B) LOS objects, 54% free, 870KB/1894KB, paused 11.249ms total 72.008ms
12-09 08:16:35.856 I/InstrumentationBackend(14496): Added:'SetPreferences', with key:'set_preferences'
12-09 08:16:35.856 I/InstrumentationBackend(14496): Added:'ClearPreferences', with key:'clear_preferences'
12-09 08:16:35.881 I/InstrumentationBackend(14496): Added:'PressElement', with key:'press_l10n_element'
12-09 08:16:35.882 I/InstrumentationBackend(14496): Added:'WaitForElement', with key:'wait_for_l10n_element'
12-09 08:16:35.882 I/InstrumentationBackend(14496): Added:'NullAction', with key:'nullAction'
12-09 08:16:35.882 I/InstrumentationBackend(14496): Added:'PressKey', with key:'press_key'
12-09 08:16:35.883 I/InstrumentationBackend(14496): Added:'SetActivityOrientation', with key:'set_activity_orientation'
12-09 08:16:35.883 I/InstrumentationBackend(14496): Added:'GetActivityOrientation', with key:'get_activity_orientation'
12-09 08:16:35.892 I/InstrumentationBackend(14496): Added:'FakeGPSLocation', with key:'set_gps_coordinates'
12-09 08:16:35.892 I/InstrumentationBackend(14496): Added:'SetPropertyByCssSelector', with key:'set_property_by_css_selector'
12-09 08:16:35.893 I/InstrumentationBackend(14496): Added:'GetUrl', with key:'get_url'
12-09 08:16:35.893 I/InstrumentationBackend(14496): Added:'ScrollTo', with key:'scroll_to'
12-09 08:16:35.894 I/InstrumentationBackend(14496): Added:'GetLoadProgress', with key:'get_load_progress'
12-09 08:16:35.894 I/InstrumentationBackend(14496): Added:'DumpHtml', with key:'dump_html'
12-09 08:16:35.894 I/InstrumentationBackend(14496): Added:'DumpBodyHtml', with key:'dump_body_html'
12-09 08:16:35.894 I/InstrumentationBackend(14496): Added:'EnterTextByCssSelector', with key:'enter_text_by_selector'
12-09 08:16:35.895 I/InstrumentationBackend(14496): Added:'AndroidSDKVersion', with key:'android_sdk_version'
12-09 08:16:35.895 I/InstrumentationBackend(14496): Added:'Version', with key:'version'
12-09 08:16:35.896 I/InstrumentationBackend(14496): Added:'Drag', with key:'drag'
12-09 08:16:35.896 I/InstrumentationBackend(14496): Added:'TouchCoordinates', with key:'touch_coordinate'
12-09 08:16:35.896 I/InstrumentationBackend(14496): Added:'LongPressCoordinate', with key:'long_press_coordinate'
12-09 08:16:35.904 I/InstrumentationBackend(14496): Added:'DragCoordinates', with key:'drag_coordinates'
12-09 08:16:35.905 I/InstrumentationBackend(14496): Added:'ResumeApplication', with key:'resume_application'
12-09 08:16:35.905 I/InstrumentationBackend(14496): Added:'Swipe', with key:'swipe'
12-09 08:16:35.905 I/InstrumentationBackend(14496): Added:'DoubleTapCoordinate', with key:'double_tap_coordinate'
12-09 08:16:35.905 I/InstrumentationBackend(14496): Added:'ClickOnScreen', with key:'click_on_screen'
12-09 08:16:35.905 I/InstrumentationBackend(14496): Added:'GetActivityName', with key:'get_activity_name'
12-09 08:16:35.906 I/InstrumentationBackend(14496): Added:'ScrollToView', with key:'scroll_to_view'
12-09 08:16:35.906 I/InstrumentationBackend(14496): Added:'ViewConfiguration', with key:'view_configuration'
12-09 08:16:35.906 I/InstrumentationBackend(14496): Added:'IsCurrentActivityFocused', with key:'is_current_activity_focused'
12-09 08:16:35.906 I/InstrumentationBackend(14496): Added:'SendTcp', with key:'send_tcp'
12-09 08:16:35.906 I/InstrumentationBackend(14496): Added:'DpToDevicePixel', with key:'dp_to_device_pixel'
12-09 08:16:35.907 I/InstrumentationBackend(14496): Added:'KeyboardEnterText', with key:'keyboard_enter_text'
12-09 08:16:35.907 I/InstrumentationBackend(14496): Added:'DeleteSurroundingText', with key:'delete_surrounding_text'
12-09 08:16:35.907 I/InstrumentationBackend(14496): Added:'SetComposingRegion', with key:'set_composing_region'
12-09 08:16:35.907 I/InstrumentationBackend(14496): Added:'SetSelection', with key:'set_selection'
12-09 08:16:35.908 I/InstrumentationBackend(14496): Added:'KeyboardKeyEvent', with key:'keyboard_key_event'
12-09 08:16:35.908 I/InstrumentationBackend(14496): Added:'PressUserActionButton', with key:'press_user_action_button'
12-09 08:16:35.916 I/InstrumentationBackend(14496): Added:'HideSoftKeyboard', with key:'hide_soft_keyboard'
12-09 08:16:35.917 I/InstrumentationBackend(14496): Added:'ListActions', with key:'list_actions'
12-09 08:16:35.917 I/calabash(14496): Instantiating http server at 7102
12-09 08:16:35.918 I/System.out(14496): HTTP Daemon listening on: 7102
12-09 08:16:36.007 I/System.out(14496): URI: //ping
12-09 08:16:36.008 I/System.out(14496): params: {json={}
12-09 08:16:36.008 I/System.out(14496): }
12-09 08:16:36.086 I/System.out(14496): URI: //ping
12-09 08:16:36.086 I/System.out(14496): params: {json={}
12-09 08:16:36.086 I/System.out(14496): }
12-09 08:16:36.130 I/System.out(14496): URI: //ready
12-09 08:16:36.130 I/System.out(14496): params: {json={}
12-09 08:16:36.130 I/System.out(14496): }
12-09 08:16:36.266 I/art     (14496): Background sticky concurrent mark sweep GC freed 2100(359KB) AllocSpace objects, 9(180KB) LOS objects, 40% free, 1136KB/1894KB, paused 13.633ms total 62.513ms
12-09 08:16:36.266 I/System.out(14496): URI: //
12-09 08:16:36.267 I/System.out(14496): params: {json={"command":"version","arguments":[]}
12-09 08:16:36.267 I/System.out(14496): }
12-09 08:16:36.267 I/System.out(14496): header: {date=Sun, 09 Dec 2018 08:16:36 GMT, accept=*/*, content-length=36, host=127.0.0.1:34777, user-agent=HTTPClient/1.0 (2.8.3, ruby 2.3.1 (2016-04-26)), content-type=application/json;charset=utf-8}
12-09 08:16:36.267 I/System.out(14496): params: {json={"command":"version","arguments":[]}
12-09 08:16:36.267 I/System.out(14496): }
12-09 08:16:36.267 I/System.out(14496): ProP json = {"command":"version","arguments":[]}
12-09 08:16:36.267 I/System.out(14496): files: {}
12-09 08:16:36.267 I/System.out(14496): command: {"command":"version","arguments":[]}
12-09 08:16:36.372 I/InstrumentationBackend(14496): Got command:'Command:'Line:null,version', arguments:'[]'
12-09 08:16:36.424 I/System.out(14496): result:{"bonusInformation":[],"message":"0.9.8","success":true}
12-09 08:16:36.502 W/art     (14496): Suspending all threads took: 5.779ms
12-09 08:16:36.503 I/System.out(14496): URI: //start-application
12-09 08:16:36.503 I/System.out(14496): params: {json={"intent":null}
12-09 08:16:36.503 I/System.out(14496): }
12-09 08:16:36.515 I/art     (14496): Background partial concurrent mark sweep GC freed 15292(836KB) AllocSpace objects, 5(100KB) LOS objects, 45% free, 1221KB/2MB, paused 7.050ms total 85.558ms
12-09 08:16:36.621 W/art     ( 1591): Long monitor contention event with owner method=void com.android.server.wm.WindowAnimator$1.doFrame(long) from WindowAnimator.java:121 waiters=0 for 159ms
12-09 08:16:36.873 W/art     ( 1591): Long monitor contention event with owner method=void com.android.server.wm.WindowAnimator$1.doFrame(long) from WindowAnimator.java:121 waiters=1 for 252ms
12-09 08:16:37.082 W/art     ( 1591): Long monitor contention event with owner method=void com.android.server.wm.WindowAnimator$1.doFrame(long) from WindowAnimator.java:121 waiters=1 for 208ms
12-09 08:16:37.166 W/art     ( 1591): Long monitor contention event with owner method=void com.android.server.wm.WindowAnimator$1.doFrame(long) from WindowAnimator.java:121 waiters=1 for 224ms
12-09 08:16:37.222 W/art     ( 1591): Long monitor contention event with owner method=void com.android.server.wm.WindowAnimator$1.doFrame(long) from WindowAnimator.java:121 waiters=1 for 140ms
12-09 08:16:37.747 W/art     ( 1591): Long monitor contention event with owner method=void com.android.server.wm.WindowAnimator$1.doFrame(long) from WindowAnimator.java:121 waiters=1 for 166ms
12-09 08:16:37.927 W/art     ( 1591): Long monitor contention event with owner method=void com.android.server.wm.WindowAnimator$1.doFrame(long) from WindowAnimator.java:121 waiters=1 for 119ms
12-09 08:16:37.929 W/art     ( 1591): Long monitor contention event with owner method=com.android.internal.view.InputBindResult com.android.server.InputMethodManagerService.windowGainedFocus(com.android.internal.view.IInputMethodClient, android.os.IBinder, int, int, int, android.view.inputmethod.EditorInfo, com.android.internal.view.IInputContext) from InputMethodManagerService.java:2177 waiters=0 for 2.681s
12-09 08:16:37.929 I/Choreographer( 1922): Skipped 268 frames!  The application may be doing too much work on its main thread.
12-09 08:16:37.937 W/art     ( 1591): Long monitor contention event with owner method=com.android.internal.view.InputBindResult com.android.server.InputMethodManagerService.windowGainedFocus(com.android.internal.view.IInputMethodClient, android.os.IBinder, int, int, int, android.view.inputmethod.EditorInfo, com.android.internal.view.IInputContext) from InputMethodManagerService.java:2177 waiters=1 for 2.634s
12-09 08:16:38.012 I/ActivityManager( 1591): START u0 {act=android.intent.action.MAIN cat=[android.intent.category.LAUNCHER] flg=0x10200000 cmp=com.evancharlton.mileage/.Mileage} from uid 10133 on display 0
12-09 08:16:38.162 D/EGL_emulation( 1859): eglMakeCurrent: 0x7f2d5f9640c0: ver 2 0 (tinfo 0x7f2d540646c0)
12-09 08:16:38.164 E/Surface ( 1859): getSlotFromBufferLocked: unknown buffer: 0x7f2d5b791e00
12-09 08:16:38.558 W/OpenGLRenderer( 1922): Incorrectly called buildLayer on View: ShortcutAndWidgetContainer, destroying layer...
12-09 08:16:38.706 W/WindowState( 1591): Failed to report 'resized' to the client of Window{aef25e9 u0 com.evancharlton.mileage/com.evancharlton.mileage.Mileage EXITING}, removing this window.
12-09 08:16:38.716 E/WindowState( 1591): getStack: Window{aef25e9 u0 com.evancharlton.mileage/com.evancharlton.mileage.Mileage EXITING} couldn't find task for AppWindowToken{6dcf1b1 token=Token{a697c58 ActivityRecord{8d27d3b u0 com.evancharlton.mileage/.Mileage t434}}} Callers=com.android.server.wm.WindowState.getDisplayContent:847 com.android.server.wm.WindowState.getWindowList:1457 com.android.server.wm.WindowManagerService.findDesiredInputMethodWindowIndexLocked:1464 com.android.server.wm.WindowManagerService.moveInputMethodWindowsIfNeededLocked:1684 
12-09 08:16:38.721 W/art     ( 1591): Long monitor contention event with owner method=int com.android.server.am.ActivityStackSupervisor.startActivityMayWait(android.app.IApplicationThread, int, java.lang.String, android.content.Intent, java.lang.String, android.service.voice.IVoiceInteractionSession, com.android.internal.app.IVoiceInteractor, android.os.IBinder, java.lang.String, int, int, android.app.ProfilerInfo, android.app.IActivityManager$WaitResult, android.content.res.Configuration, android.os.Bundle, boolean, int, android.app.IActivityContainer, com.android.server.am.TaskRecord) from ActivityStackSupervisor.java:946 waiters=0 for 589ms
12-09 08:16:38.724 W/art     ( 1591): Long monitor contention event with owner method=void com.android.server.wm.WindowManagerService$H.handleMessage(android.os.Message) from WindowManagerService.java:8000 waiters=3 for 382ms
12-09 08:16:38.725 W/art     ( 1591): Long monitor contention event with owner method=void com.android.server.wm.WindowManagerService$H.handleMessage(android.os.Message) from WindowManagerService.java:8000 waiters=4 for 335ms
12-09 08:16:38.762 I/calabash(14496): newActivity1
12-09 08:16:38.985 I/calabash(14496): newActivity1
12-09 08:16:38.987 W/ActivityManager( 1591): Bad activity token: android.os.BinderProxy@6516c85
12-09 08:16:38.987 W/ActivityManager( 1591): java.lang.ClassCastException: android.os.BinderProxy cannot be cast to com.android.server.am.ActivityRecord$Token
12-09 08:16:38.987 W/ActivityManager( 1591): 	at com.android.server.am.ActivityRecord.forTokenLocked(ActivityRecord.java:424)
12-09 08:16:38.987 W/ActivityManager( 1591): 	at com.android.server.am.ActivityRecord.isInStackLocked(ActivityRecord.java:1121)
12-09 08:16:38.987 W/ActivityManager( 1591): 	at com.android.server.am.ActivityRecord.getStackLocked(ActivityRecord.java:1126)
12-09 08:16:38.987 W/ActivityManager( 1591): 	at com.android.server.am.ActivityManagerService.getActivityDisplayId(ActivityManagerService.java:8889)
12-09 08:16:38.987 W/ActivityManager( 1591): 	at android.app.ActivityManagerNative.onTransact(ActivityManagerNative.java:2338)
12-09 08:16:38.987 W/ActivityManager( 1591): 	at com.android.server.am.ActivityManagerService.onTransact(ActivityManagerService.java:2443)
12-09 08:16:38.987 W/ActivityManager( 1591): 	at android.os.Binder.execTransact(Binder.java:453)
12-09 08:16:38.988 W/ActivityManager( 1591): Bad activity token: android.os.BinderProxy@6516c85
12-09 08:16:38.988 W/ActivityManager( 1591): java.lang.ClassCastException: android.os.BinderProxy cannot be cast to com.android.server.am.ActivityRecord$Token
12-09 08:16:38.988 W/ActivityManager( 1591): 	at com.android.server.am.ActivityRecord.forTokenLocked(ActivityRecord.java:424)
12-09 08:16:38.988 W/ActivityManager( 1591): 	at com.android.server.am.ActivityRecord.isInStackLocked(ActivityRecord.java:1121)
12-09 08:16:38.988 W/ActivityManager( 1591): 	at com.android.server.am.ActivityManagerService.setTaskDescription(ActivityManagerService.java:8547)
12-09 08:16:38.988 W/ActivityManager( 1591): 	at android.app.ActivityManagerNative.onTransact(ActivityManagerNative.java:2410)
12-09 08:16:38.988 W/ActivityManager( 1591): 	at com.android.server.am.ActivityManagerService.onTransact(ActivityManagerService.java:2443)
12-09 08:16:38.988 W/ActivityManager( 1591): 	at android.os.Binder.execTransact(Binder.java:453)
12-09 08:16:39.077 W/ActivityManager( 1591): Bad activity token: android.os.BinderProxy@6516c85
12-09 08:16:39.077 W/ActivityManager( 1591): java.lang.ClassCastException: android.os.BinderProxy cannot be cast to com.android.server.am.ActivityRecord$Token
12-09 08:16:39.077 W/ActivityManager( 1591): 	at com.android.server.am.ActivityRecord.forTokenLocked(ActivityRecord.java:424)
12-09 08:16:39.077 W/ActivityManager( 1591): 	at com.android.server.am.ActivityRecord.isInStackLocked(ActivityRecord.java:1121)
12-09 08:16:39.077 W/ActivityManager( 1591): 	at com.android.server.am.ActivityManagerService.getActivityOptions(ActivityManagerService.java:11038)
12-09 08:16:39.077 W/ActivityManager( 1591): 	at android.app.ActivityManagerNative.onTransact(ActivityManagerNative.java:1734)
12-09 08:16:39.077 W/ActivityManager( 1591): 	at com.android.server.am.ActivityManagerService.onTransact(ActivityManagerService.java:2443)
12-09 08:16:39.077 W/ActivityManager( 1591): 	at android.os.Binder.execTransact(Binder.java:453)
12-09 08:16:39.077 W/ActivityManager( 1591): Bad activity token: android.os.BinderProxy@6516c85
12-09 08:16:39.077 W/ActivityManager( 1591): java.lang.ClassCastException: android.os.BinderProxy cannot be cast to com.android.server.am.ActivityRecord$Token
12-09 08:16:39.077 W/ActivityManager( 1591): 	at com.android.server.am.ActivityRecord.forTokenLocked(ActivityRecord.java:424)
12-09 08:16:39.077 W/ActivityManager( 1591): 	at com.android.server.am.ActivityRecord.isInStackLocked(ActivityRecord.java:1121)
12-09 08:16:39.077 W/ActivityManager( 1591): 	at com.android.server.am.ActivityManagerService.getActivityOptions(ActivityManagerService.java:11038)
12-09 08:16:39.077 W/ActivityManager( 1591): 	at android.app.ActivityManagerNative.onTransact(ActivityManagerNative.java:1734)
12-09 08:16:39.077 W/ActivityManager( 1591): 	at com.android.server.am.ActivityManagerService.onTransact(ActivityManagerService.java:2443)
12-09 08:16:39.077 W/ActivityManager( 1591): 	at android.os.Binder.execTransact(Binder.java:453)
12-09 08:16:39.173 W/art     ( 1591): Long monitor contention event with owner method=int com.android.server.wm.WindowManagerService.relayoutWindow(com.android.server.wm.Session, android.view.IWindow, int, android.view.WindowManager$LayoutParams, int, int, int, int, android.graphics.Rect, android.graphics.Rect, android.graphics.Rect, android.graphics.Rect, android.graphics.Rect, android.graphics.Rect, android.content.res.Configuration, android.view.Surface) from WindowManagerService.java:3103 waiters=0 for 255ms
12-09 08:16:39.188 D/gralloc_ranchu( 1218): gralloc_alloc: Creating ashmem region of size 3686400
12-09 08:16:39.301 V/PhoneStatusBar( 1694): setLightsOn(true)
12-09 08:16:39.405 D/gralloc_ranchu( 1218): gralloc_alloc: Creating ashmem region of size 3686400
12-09 08:16:39.465 V/PhoneStatusBar( 1694): setLightsOn(true)
12-09 08:16:39.481 D/EGL_emulation( 1922): eglMakeCurrent: 0x7f2d5f961d20: ver 2 0 (tinfo 0x7f2d5f942920)
12-09 08:16:39.536 E/Surface ( 1922): getSlotFromBufferLocked: unknown buffer: 0x7f2d5f962b80
12-09 08:16:39.550 D/        (14496): HostConnection::get() New Host Connection established 0x7f2d5be73580, tid 14496
12-09 08:16:39.729 W/art     ( 1591): Long monitor contention event with owner method=void com.android.server.wm.WindowAnimator$1.doFrame(long) from WindowAnimator.java:121 waiters=1 for 181ms
12-09 08:16:39.952 W/art     ( 1591): Long monitor contention event with owner method=void com.android.server.wm.WindowManagerService$H.handleMessage(android.os.Message) from WindowManagerService.java:7820 waiters=2 for 222ms
12-09 08:16:40.043 W/art     ( 1591): Long monitor contention event with owner method=void com.android.server.wm.WindowAnimator$1.doFrame(long) from WindowAnimator.java:121 waiters=2 for 311ms
12-09 08:16:40.123 D/gralloc_ranchu( 1218): gralloc_alloc: Creating ashmem region of size 3686400
12-09 08:16:40.322 W/art     ( 1591): Long monitor contention event with owner method=void com.android.server.wm.WindowAnimator$1.doFrame(long) from WindowAnimator.java:121 waiters=0 for 274ms
12-09 08:16:40.328 I/ActivityManager( 1591): Displayed com.evancharlton.mileage/.Mileage: +1s591ms
12-09 08:16:40.706 D/gralloc_ranchu( 1218): gralloc_alloc: Creating ashmem region of size 3686400
12-09 08:16:41.423 I/System.out(14496): URI: //map
12-09 08:16:41.428 I/System.out(14496): params: {json={"query":"android.widget.EditText id:'price'","operation":{"method_name":"query","arguments":[]}}
12-09 08:16:41.428 I/System.out(14496): }
12-09 08:16:41.541 W/ResourceType(14496): No package identifier when getting name for resource number 0x00000001
12-09 08:16:41.657 I/System.out(14496): URI: //gesture
12-09 08:16:41.660 I/System.out(14496): params: {json={"query_timeout":5.0,"gestures":[{"query_string":"android.widget.EditText id:'price'","touches":[{"x":50,"y":50,"offset_x":0,"offset_y":0,"wait":0.0,"time":0.2,"release":true,"query_string":null}]}]}
12-09 08:16:41.660 I/System.out(14496): }
12-09 08:16:41.698 W/ResourceType(14496): No package identifier when getting name for resource number 0x00000001
12-09 08:16:41.815 I/art     (14496): Background sticky concurrent mark sweep GC freed 15404(615KB) AllocSpace objects, 1(20KB) LOS objects, 23% free, 2MB/3MB, paused 30.534ms total 68.887ms
12-09 08:16:42.278 I/LatinIME( 1859): Starting input. Cursor position = 0,0
12-09 08:16:42.681 I/art     (14496): Background partial concurrent mark sweep GC freed 30979(1595KB) AllocSpace objects, 3(60KB) LOS objects, 39% free, 2MB/3MB, paused 1.076ms total 379.326ms
12-09 08:16:42.985 I/System.out(14496): URI: //
12-09 08:16:42.985 I/System.out(14496): params: {json={"command":"set_selection","arguments":[-1,-1]}
12-09 08:16:42.985 I/System.out(14496): }
12-09 08:16:42.985 I/System.out(14496): header: {date=Sun, 09 Dec 2018 08:16:43 GMT, accept=*/*, content-length=47, host=127.0.0.1:34777, user-agent=HTTPClient/1.0 (2.8.3, ruby 2.3.1 (2016-04-26)), content-type=application/json;charset=utf-8}
12-09 08:16:42.985 I/System.out(14496): params: {json={"command":"set_selection","arguments":[-1,-1]}
12-09 08:16:42.985 I/System.out(14496): }
12-09 08:16:42.985 I/System.out(14496): ProP json = {"command":"set_selection","arguments":[-1,-1]}
12-09 08:16:42.985 I/System.out(14496): files: {}
12-09 08:16:42.986 I/System.out(14496): command: {"command":"set_selection","arguments":[-1,-1]}
12-09 08:16:42.987 I/InstrumentationBackend(14496): Got command:'Command:'Line:null,set_selection', arguments:'[-1, -1]'
12-09 08:16:43.042 I/System.out(14496): result:{"bonusInformation":[],"message":"","success":true}
12-09 08:16:43.110 D/EGL_emulation( 1859): eglMakeCurrent: 0x7f2d5f9640c0: ver 2 0 (tinfo 0x7f2d540646c0)
12-09 08:16:43.513 I/System.out(14496): URI: //
12-09 08:16:43.513 I/System.out(14496): params: {json={"command":"keyboard_enter_text","arguments":["000"]}
12-09 08:16:43.513 I/System.out(14496): }
12-09 08:16:43.514 I/System.out(14496): header: {date=Sun, 09 Dec 2018 08:16:43 GMT, accept=*/*, content-length=53, host=127.0.0.1:34777, user-agent=HTTPClient/1.0 (2.8.3, ruby 2.3.1 (2016-04-26)), content-type=application/json;charset=utf-8}
12-09 08:16:43.514 I/System.out(14496): params: {json={"command":"keyboard_enter_text","arguments":["000"]}
12-09 08:16:43.514 I/System.out(14496): }
12-09 08:16:43.514 I/System.out(14496): ProP json = {"command":"keyboard_enter_text","arguments":["000"]}
12-09 08:16:43.514 I/System.out(14496): files: {}
12-09 08:16:43.514 I/System.out(14496): command: {"command":"keyboard_enter_text","arguments":["000"]}
12-09 08:16:43.515 I/InstrumentationBackend(14496): Got command:'Command:'Line:null,keyboard_enter_text', arguments:'[000]'
12-09 08:16:43.538 E/SpannableStringBuilder(14496): SPAN_EXCLUSIVE_EXCLUSIVE spans cannot have a zero length
12-09 08:16:43.557 E/SpannableStringBuilder(14496): SPAN_EXCLUSIVE_EXCLUSIVE spans cannot have a zero length
12-09 08:16:43.941 E/SpannableStringBuilder(14496): SPAN_EXCLUSIVE_EXCLUSIVE spans cannot have a zero length
12-09 08:16:43.941 E/SpannableStringBuilder(14496): SPAN_EXCLUSIVE_EXCLUSIVE spans cannot have a zero length
12-09 08:16:43.958 I/System.out(14496): result:{"bonusInformation":[],"message":"","success":true}
12-09 08:16:43.995 I/art     (14496): Background sticky concurrent mark sweep GC freed 27613(1257KB) AllocSpace objects, 5(100KB) LOS objects, 36% free, 2MB/3MB, paused 6.006ms total 44.053ms
12-09 08:16:44.013 I/System.out(14496): URI: //map
12-09 08:16:44.013 I/System.out(14496): params: {json={"query":"android.widget.Button index:2","operation":{"method_name":"query","arguments":[]}}
12-09 08:16:44.013 I/System.out(14496): }
12-09 08:16:44.237 W/art     (14496): Suspending all threads took: 33.359ms
12-09 08:16:44.326 I/art     (14496): Background sticky concurrent mark sweep GC freed 31552(1305KB) AllocSpace objects, 2(40KB) LOS objects, 12% free, 3MB/3MB, paused 34.875ms total 148.015ms
12-09 08:16:44.370 I/System.out(14496): URI: //gesture
12-09 08:16:44.370 I/System.out(14496): params: {json={"query_timeout":5.0,"gestures":[{"query_string":"android.widget.Button index:2","touches":[{"x":50,"y":50,"offset_x":0,"offset_y":0,"wait":0.0,"time":0.2,"release":true,"query_string":null}]}]}
12-09 08:16:44.370 I/System.out(14496): }
12-09 08:16:44.744 W/audio_hw_generic( 1308): Hardware backing HAL too slow, could only write 0 of 661 frames
12-09 08:16:44.792 W/audio_hw_generic( 1308): Hardware backing HAL too slow, could only write 0 of 661 frames
12-09 08:16:44.793 W/audio_hw_generic( 1308): Hardware backing HAL too slow, could only write 0 of 661 frames
12-09 08:16:44.808 W/audio_hw_generic( 1308): Hardware backing HAL too slow, could only write 0 of 661 frames
12-09 08:16:44.823 W/audio_hw_generic( 1308): Hardware backing HAL too slow, could only write 0 of 661 frames
12-09 08:16:44.840 W/audio_hw_generic( 1308): Hardware backing HAL too slow, could only write 0 of 661 frames
12-09 08:16:44.856 I/art     (14496): Background sticky concurrent mark sweep GC freed 27811(1306KB) AllocSpace objects, 0(0B) LOS objects, 24% free, 2MB/3MB, paused 5.424ms total 95.369ms
12-09 08:16:44.865 I/LatinIME( 1859): Starting input. Cursor position = 0,0
12-09 08:16:45.114 W/audio_hw_generic( 1308): Not supplying enough data to HAL, expected position 29908103 , only wrote 29905623
12-09 08:16:45.143 W/audio_hw_generic( 1308): Not supplying enough data to HAL, expected position 29906878 , only wrote 29905623
12-09 08:16:45.257 W/audio_hw_generic( 1308): Not supplying enough data to HAL, expected position 29910646 , only wrote 29906284
12-09 08:16:45.274 D/gralloc_ranchu( 1218): gralloc_alloc: Creating ashmem region of size 45056
12-09 08:16:45.312 W/audio_hw_generic( 1308): Hardware backing HAL too slow, could only write 0 of 661 frames
12-09 08:16:45.383 W/art     ( 1922): Suspending all threads took: 15.045ms
12-09 08:16:45.389 E/SurfaceFlinger( 1218): ro.sf.lcd_density must be defined as a build property
12-09 08:16:45.454 W/audio_hw_generic( 1308): Not supplying enough data to HAL, expected position 29914996 , only wrote 29914877
12-09 08:16:45.529 D/gralloc_ranchu( 1218): gralloc_alloc: Creating ashmem region of size 3686400
12-09 08:16:45.596 W/audio_hw_generic( 1308): Not supplying enough data to HAL, expected position 29921118 , only wrote 29920165
12-09 08:16:45.596 W/audio_hw_generic( 1308): Not supplying enough data to HAL, expected position 29920173 , only wrote 29920165
12-09 08:16:45.677 W/audio_hw_generic( 1308): Not supplying enough data to HAL, expected position 29923710 , only wrote 29920826
12-09 08:16:45.684 D/        (14530): HostConnection::get() New Host Connection established 0x7f94f8412480, tid 14530
12-09 08:16:45.705 E/EGL_emulation( 1218): tid 1218: eglCreateSyncKHR(1881): error 0x3004 (EGL_BAD_ATTRIBUTE)
12-09 08:16:45.765 W/art     ( 1591): Long monitor contention event with owner method=void com.android.server.wm.WindowAnimator$1.doFrame(long) from WindowAnimator.java:121 waiters=0 for 149ms
12-09 08:16:46.029 W/art     ( 1591): Long monitor contention event with owner method=void com.android.server.wm.WindowAnimator$1.doFrame(long) from WindowAnimator.java:121 waiters=1 for 265ms
12-09 08:16:46.031 I/Choreographer( 1859): Skipped 70 frames!  The application may be doing too much work on its main thread.
12-09 08:16:46.174 W/audio_hw_generic( 1308): Not supplying enough data to HAL, expected position 29942741 , only wrote 29941978
12-09 08:16:46.174 W/audio_hw_generic( 1308): Not supplying enough data to HAL, expected position 29941985 , only wrote 29941978
12-09 08:16:46.198 W/audio_hw_generic( 1308): Not supplying enough data to HAL, expected position 29943032 , only wrote 29942639
12-09 08:16:46.229 W/audio_hw_generic( 1308): Not supplying enough data to HAL, expected position 29944021 , only wrote 29943961
12-09 08:16:46.364 W/audio_hw_generic( 1308): Not supplying enough data to HAL, expected position 29949924 , only wrote 29949910
12-09 08:16:46.612 W/audio_hw_generic( 1308): Not supplying enough data to HAL, expected position 29960836 , only wrote 29959825
12-09 08:16:46.612 W/audio_hw_generic( 1308): Not supplying enough data to HAL, expected position 29959834 , only wrote 29959825
12-09 08:16:46.637 W/audio_hw_generic( 1308): Not supplying enough data to HAL, expected position 29960929 , only wrote 29960486
12-09 08:16:46.690 W/audio_hw_generic( 1308): Not supplying enough data to HAL, expected position 29962821 , only wrote 29961808
12-09 08:16:46.690 W/audio_hw_generic( 1308): Hardware backing HAL too slow, could only write 0 of 661 frames
12-09 08:16:46.717 W/audio_hw_generic( 1308): Hardware backing HAL too slow, could only write 0 of 661 frames
12-09 08:16:46.737 W/audio_hw_generic( 1308): Hardware backing HAL too slow, could only write 0 of 661 frames
12-09 08:16:46.749 W/audio_hw_generic( 1308): Hardware backing HAL too slow, could only write 0 of 661 frames
12-09 08:16:46.777 W/audio_hw_generic( 1308): Hardware backing HAL too slow, could only write 0 of 661 frames
12-09 08:16:46.805 W/audio_hw_generic( 1308): Hardware backing HAL too slow, could only write 0 of 661 frames
12-09 08:16:46.951 I/System.out(14496): URI: //map
12-09 08:16:46.951 I/System.out(14496): params: {json={"query":"android.widget.EditText id:'volume'","operation":{"method_name":"query","arguments":[]}}
12-09 08:16:46.951 I/System.out(14496): }
12-09 08:16:46.975 W/ResourceType(14496): No package identifier when getting name for resource number 0x00000001
12-09 08:16:47.067 W/audio_hw_generic( 1308): Not supplying enough data to HAL, expected position 29978442 , only wrote 29978333
12-09 08:16:47.091 W/art     (14496): Suspending all threads took: 5.810ms
12-09 08:16:47.103 W/audio_hw_generic( 1308): Hardware backing HAL too slow, could only write 0 of 661 frames
12-09 08:16:47.127 I/System.out(14496): URI: //gesture
12-09 08:16:47.127 I/System.out(14496): params: {json={"query_timeout":5.0,"gestures":[{"query_string":"android.widget.EditText id:'volume'","touches":[{"x":50,"y":50,"offset_x":0,"offset_y":0,"wait":0.0,"time":0.2,"release":true,"query_string":null}]}]}
12-09 08:16:47.127 I/System.out(14496): }
12-09 08:16:47.177 W/audio_hw_generic( 1308): Hardware backing HAL too slow, could only write 0 of 661 frames
12-09 08:16:47.221 W/audio_hw_generic( 1308): Not supplying enough data to HAL, expected position 29985090 , only wrote 29984943
12-09 08:16:47.221 W/audio_hw_generic( 1308): Not supplying enough data to HAL, expected position 29984963 , only wrote 29984943
12-09 08:16:47.224 W/ResourceType(14496): No package identifier when getting name for resource number 0x00000001
12-09 08:16:47.231 I/art     (14496): Background sticky concurrent mark sweep GC freed 46679(2MB) AllocSpace objects, 2(40KB) LOS objects, 4% free, 3MB/3MB, paused 12.453ms total 249.687ms
12-09 08:16:47.241 W/audio_hw_generic( 1308): Not supplying enough data to HAL, expected position 29985817 , only wrote 29985604
12-09 08:16:47.368 W/audio_hw_generic( 1308): Not supplying enough data to HAL, expected position 29991216 , only wrote 29988248
12-09 08:16:47.397 W/audio_hw_generic( 1308): Not supplying enough data to HAL, expected position 29989536 , only wrote 29988248
12-09 08:16:47.440 W/audio_hw_generic( 1308): Not supplying enough data to HAL, expected position 29990143 , only wrote 29989570
12-09 08:16:47.472 W/audio_hw_generic( 1308): Hardware backing HAL too slow, could only write 0 of 661 frames
12-09 08:16:47.895 W/audio_hw_generic( 1308): Not supplying enough data to HAL, expected position 30027589 , only wrote 30008739
12-09 08:16:48.137 I/System.out(14496): URI: //
12-09 08:16:48.137 I/System.out(14496): params: {json={"command":"set_selection","arguments":[-1,-1]}
12-09 08:16:48.137 I/System.out(14496): }
12-09 08:16:48.137 I/System.out(14496): header: {date=Sun, 09 Dec 2018 08:16:48 GMT, accept=*/*, content-length=47, host=127.0.0.1:34777, user-agent=HTTPClient/1.0 (2.8.3, ruby 2.3.1 (2016-04-26)), content-type=application/json;charset=utf-8}
12-09 08:16:48.137 I/System.out(14496): params: {json={"command":"set_selection","arguments":[-1,-1]}
12-09 08:16:48.137 I/System.out(14496): }
12-09 08:16:48.137 I/System.out(14496): ProP json = {"command":"set_selection","arguments":[-1,-1]}
12-09 08:16:48.137 I/System.out(14496): files: {}
12-09 08:16:48.137 I/System.out(14496): command: {"command":"set_selection","arguments":[-1,-1]}
12-09 08:16:48.139 I/InstrumentationBackend(14496): Got command:'Command:'Line:null,set_selection', arguments:'[-1, -1]'
12-09 08:16:48.145 I/System.out(14496): result:{"bonusInformation":[],"message":"","success":true}
12-09 08:16:48.281 I/System.out(14496): URI: //
12-09 08:16:48.281 I/System.out(14496): params: {json={"command":"keyboard_enter_text","arguments":["000"]}
12-09 08:16:48.281 I/System.out(14496): }
12-09 08:16:48.281 I/System.out(14496): header: {date=Sun, 09 Dec 2018 08:16:48 GMT, accept=*/*, content-length=53, host=127.0.0.1:34777, user-agent=HTTPClient/1.0 (2.8.3, ruby 2.3.1 (2016-04-26)), content-type=application/json;charset=utf-8}
12-09 08:16:48.281 I/System.out(14496): params: {json={"command":"keyboard_enter_text","arguments":["000"]}
12-09 08:16:48.281 I/System.out(14496): }
12-09 08:16:48.281 I/System.out(14496): ProP json = {"command":"keyboard_enter_text","arguments":["000"]}
12-09 08:16:48.281 I/System.out(14496): files: {}
12-09 08:16:48.281 I/System.out(14496): command: {"command":"keyboard_enter_text","arguments":["000"]}
12-09 08:16:48.285 I/InstrumentationBackend(14496): Got command:'Command:'Line:null,keyboard_enter_text', arguments:'[000]'
12-09 08:16:48.286 E/SpannableStringBuilder(14496): SPAN_EXCLUSIVE_EXCLUSIVE spans cannot have a zero length
12-09 08:16:48.286 E/SpannableStringBuilder(14496): SPAN_EXCLUSIVE_EXCLUSIVE spans cannot have a zero length
12-09 08:16:48.306 E/SpannableStringBuilder(14496): SPAN_EXCLUSIVE_EXCLUSIVE spans cannot have a zero length
12-09 08:16:48.306 E/SpannableStringBuilder(14496): SPAN_EXCLUSIVE_EXCLUSIVE spans cannot have a zero length
12-09 08:16:48.323 I/System.out(14496): result:{"bonusInformation":[],"message":"","success":true}
12-09 08:16:48.368 I/art     (14496): Background sticky concurrent mark sweep GC freed 13620(584KB) AllocSpace objects, 2(40KB) LOS objects, 20% free, 2MB/3MB, paused 16.724ms total 38.949ms
12-09 08:16:48.426 I/System.out(14496): URI: //map
12-09 08:16:48.426 I/System.out(14496): params: {json={"query":"android.widget.Button index:2","operation":{"method_name":"query","arguments":[]}}
12-09 08:16:48.426 I/System.out(14496): }
12-09 08:16:48.566 I/art     (14496): Background sticky concurrent mark sweep GC freed 29207(1193KB) AllocSpace objects, 1(20KB) LOS objects, 0% free, 3MB/3MB, paused 1.693ms total 121.922ms
12-09 08:16:48.621 I/System.out(14496): URI: //gesture
12-09 08:16:48.621 I/System.out(14496): params: {json={"query_timeout":5.0,"gestures":[{"query_string":"android.widget.Button index:2","touches":[{"x":50,"y":50,"offset_x":0,"offset_y":0,"wait":0.0,"time":0.2,"release":true,"query_string":null}]}]}
12-09 08:16:48.621 I/System.out(14496): }
12-09 08:16:49.173 I/LatinIME( 1859): Starting input. Cursor position = 0,0
12-09 08:16:49.187 W/audio_hw_generic( 1308): Hardware backing HAL too slow, could only write 0 of 661 frames
12-09 08:16:49.187 I/art     (14496): Background sticky concurrent mark sweep GC freed 27931(1135KB) AllocSpace objects, 1(20KB) LOS objects, 35% free, 2MB/3MB, paused 10.736ms total 49.694ms
12-09 08:16:49.221 W/audio_hw_generic( 1308): Hardware backing HAL too slow, could only write 0 of 661 frames
12-09 08:16:49.221 W/audio_hw_generic( 1308): Hardware backing HAL too slow, could only write 0 of 661 frames
12-09 08:16:49.236 W/audio_hw_generic( 1308): Hardware backing HAL too slow, could only write 0 of 661 frames
12-09 08:16:49.257 W/audio_hw_generic( 1308): Hardware backing HAL too slow, could only write 0 of 661 frames
12-09 08:16:49.266 W/audio_hw_generic( 1308): Hardware backing HAL too slow, could only write 0 of 661 frames
12-09 08:16:49.384 W/audio_hw_generic( 1308): Not supplying enough data to HAL, expected position 30019460 , only wrote 30019315
12-09 08:16:49.421 W/audio_hw_generic( 1308): Hardware backing HAL too slow, could only write 0 of 661 frames
12-09 08:16:49.429 W/audio_hw_generic( 1308): Hardware backing HAL too slow, could only write 0 of 661 frames
12-09 08:16:49.444 W/audio_hw_generic( 1308): Hardware backing HAL too slow, could only write 0 of 661 frames
12-09 08:16:49.459 W/audio_hw_generic( 1308): Hardware backing HAL too slow, could only write 0 of 661 frames
12-09 08:16:49.617 W/audio_hw_generic( 1308): Not supplying enough data to HAL, expected position 30029602 , only wrote 30029230
12-09 08:16:49.643 D/gralloc_ranchu( 1218): gralloc_alloc: Creating ashmem region of size 49152
12-09 08:16:49.657 W/audio_hw_generic( 1308): Hardware backing HAL too slow, could only write 0 of 661 frames
12-09 08:16:49.673 W/audio_hw_generic( 1308): Hardware backing HAL too slow, could only write 0 of 661 frames
12-09 08:16:49.687 W/audio_hw_generic( 1308): Hardware backing HAL too slow, could only write 0 of 661 frames
12-09 08:16:49.719 W/audio_hw_generic( 1308): Hardware backing HAL too slow, could only write 0 of 661 frames
12-09 08:16:49.785 W/audio_hw_generic( 1308): Not supplying enough data to HAL, expected position 30036638 , only wrote 30036501
12-09 08:16:49.829 E/SurfaceFlinger( 1218): ro.sf.lcd_density must be defined as a build property
12-09 08:16:49.855 W/audio_hw_generic( 1308): Not supplying enough data to HAL, expected position 30039570 , only wrote 30039145
12-09 08:16:49.856 W/audio_hw_generic( 1308): Not supplying enough data to HAL, expected position 30039216 , only wrote 30039145
12-09 08:16:49.881 W/audio_hw_generic( 1308): Not supplying enough data to HAL, expected position 30040258 , only wrote 30039806
12-09 08:16:49.953 W/audio_hw_generic( 1308): Not supplying enough data to HAL, expected position 30042943 , only wrote 30041128
12-09 08:16:49.968 W/audio_hw_generic( 1308): Hardware backing HAL too slow, could only write 0 of 661 frames
12-09 08:16:49.996 W/audio_hw_generic( 1308): Hardware backing HAL too slow, could only write 0 of 661 frames
12-09 08:16:49.997 D/gralloc_ranchu( 1218): gralloc_alloc: Creating ashmem region of size 3686400
12-09 08:16:50.002 W/audio_hw_generic( 1308): Hardware backing HAL too slow, could only write 0 of 661 frames
12-09 08:16:50.024 D/        (14542): HostConnection::get() New Host Connection established 0x7fcdcb992480, tid 14542
12-09 08:16:50.065 W/audio_hw_generic( 1308): Hardware backing HAL too slow, could only write 0 of 661 frames
12-09 08:16:50.065 W/audio_hw_generic( 1308): Not supplying enough data to HAL, expected position 30046088 , only wrote 30045755
12-09 08:16:50.065 W/audio_hw_generic( 1308): Not supplying enough data to HAL, expected position 30045765 , only wrote 30045755
12-09 08:16:50.084 W/audio_hw_generic( 1308): Not supplying enough data to HAL, expected position 30046596 , only wrote 30046416
12-09 08:16:50.097 E/EGL_emulation( 1218): tid 1218: eglCreateSyncKHR(1881): error 0x3004 (EGL_BAD_ATTRIBUTE)
12-09 08:16:50.155 W/art     ( 1591): Long monitor contention event with owner method=void com.android.server.wm.WindowAnimator$1.doFrame(long) from WindowAnimator.java:121 waiters=0 for 383ms
12-09 08:16:50.385 W/audio_hw_generic( 1308): Not supplying enough data to HAL, expected position 30059671 , only wrote 30059636
12-09 08:16:50.385 W/audio_hw_generic( 1308): Not supplying enough data to HAL, expected position 30059643 , only wrote 30059636
12-09 08:16:50.406 W/audio_hw_generic( 1308): Not supplying enough data to HAL, expected position 30060540 , only wrote 30060297
12-09 08:16:50.688 I/Choreographer( 1859): Skipped 92 frames!  The application may be doing too much work on its main thread.
12-09 08:16:51.057 W/audio_hw_generic( 1308): Not supplying enough data to HAL, expected position 30089030 , only wrote 30088720
12-09 08:16:51.082 W/audio_hw_generic( 1308): Not supplying enough data to HAL, expected position 30089801 , only wrote 30089381
12-09 08:16:51.082 W/audio_hw_generic( 1308): Not supplying enough data to HAL, expected position 30089388 , only wrote 30089381
12-09 08:16:51.082 W/audio_hw_generic( 1308): Hardware backing HAL too slow, could only write 0 of 661 frames
12-09 08:16:51.096 W/audio_hw_generic( 1308): Hardware backing HAL too slow, could only write 0 of 661 frames
12-09 08:16:51.097 W/audio_hw_generic( 1308): Hardware backing HAL too slow, could only write 0 of 661 frames
12-09 08:16:51.140 W/audio_hw_generic( 1308): Hardware backing HAL too slow, could only write 0 of 661 frames
12-09 08:16:51.148 W/audio_hw_generic( 1308): Hardware backing HAL too slow, could only write 0 of 661 frames
12-09 08:16:51.162 W/audio_hw_generic( 1308): Hardware backing HAL too slow, could only write 0 of 661 frames
12-09 08:16:51.221 W/audio_hw_generic( 1308): Hardware backing HAL too slow, could only write 0 of 661 frames
12-09 08:16:51.221 W/audio_hw_generic( 1308): Not supplying enough data to HAL, expected position 30095541 , only wrote 30094669
12-09 08:16:51.222 W/audio_hw_generic( 1308): Not supplying enough data to HAL, expected position 30094678 , only wrote 30094669
12-09 08:16:51.241 W/audio_hw_generic( 1308): Not supplying enough data to HAL, expected position 30095501 , only wrote 30095330
12-09 08:16:51.241 W/audio_hw_generic( 1308): Hardware backing HAL too slow, could only write 0 of 661 frames
12-09 08:16:51.256 W/audio_hw_generic( 1308): Hardware backing HAL too slow, could only write 0 of 661 frames
12-09 08:16:51.276 W/audio_hw_generic( 1308): Hardware backing HAL too slow, could only write 0 of 661 frames
12-09 08:16:51.278 I/System.out(14496): URI: //map
12-09 08:16:51.278 I/System.out(14496): params: {json={"query":"android.widget.EditText id:'odometer'","operation":{"method_name":"query","arguments":[]}}
12-09 08:16:51.278 I/System.out(14496): }
12-09 08:16:51.289 W/audio_hw_generic( 1308): Hardware backing HAL too slow, could only write 0 of 661 frames
12-09 08:16:51.334 W/art     (14496): Suspending all threads took: 39.743ms
12-09 08:16:51.371 W/ResourceType(14496): No package identifier when getting name for resource number 0x00000001
12-09 08:16:51.381 I/art     (14496): Background sticky concurrent mark sweep GC freed 30365(1433KB) AllocSpace objects, 1(20KB) LOS objects, 30% free, 2MB/3MB, paused 52.842ms total 98.295ms
12-09 08:16:51.436 W/audio_hw_generic( 1308): Not supplying enough data to HAL, expected position 30103963 , only wrote 30103923
12-09 08:16:51.464 I/System.out(14496): URI: //gesture
12-09 08:16:51.468 I/System.out(14496): params: {json={"query_timeout":5.0,"gestures":[{"query_string":"android.widget.EditText id:'odometer'","touches":[{"x":50,"y":50,"offset_x":0,"offset_y":0,"wait":0.0,"time":0.2,"release":true,"query_string":null}]}]}
12-09 08:16:51.468 I/System.out(14496): }
12-09 08:16:51.501 W/audio_hw_generic( 1308): Hardware backing HAL too slow, could only write 0 of 661 frames
12-09 08:16:51.587 W/audio_hw_generic( 1308): Hardware backing HAL too slow, could only write 0 of 661 frames
12-09 08:16:51.595 W/ResourceType(14496): No package identifier when getting name for resource number 0x00000001
12-09 08:16:51.621 W/audio_hw_generic( 1308): Hardware backing HAL too slow, could only write 0 of 661 frames
12-09 08:16:51.633 W/audio_hw_generic( 1308): Hardware backing HAL too slow, could only write 0 of 661 frames
12-09 08:16:51.717 W/audio_hw_generic( 1308): Hardware backing HAL too slow, could only write 0 of 661 frames
12-09 08:16:51.723 W/audio_hw_generic( 1308): Hardware backing HAL too slow, could only write 0 of 661 frames
