--------- beginning of main
12-09 07:57:56.253 W/audio_hw_generic( 1307): Not supplying enough data to HAL, expected position 17867659 , only wrote 17864186
12-09 07:57:56.265 D/gralloc_ranchu( 1224): gralloc_alloc: Creating ashmem region of size 708608
12-09 07:57:56.300 E/EGL_emulation( 1224): tid 1224: eglCreateSyncKHR(1881): error 0x3004 (EGL_BAD_ATTRIBUTE)
12-09 07:57:56.429 W/audio_hw_generic( 1307): Not supplying enough data to HAL, expected position 17871962 , only wrote 17870135
12-09 07:57:56.429 W/audio_hw_generic( 1307): Not supplying enough data to HAL, expected position 17870144 , only wrote 17870135
12-09 07:57:56.489 W/audio_hw_generic( 1307): Not supplying enough data to HAL, expected position 17872780 , only wrote 17870796
12-09 07:57:56.554 I/art     ( 1592): Background partial concurrent mark sweep GC freed 6317(536KB) AllocSpace objects, 2(40KB) LOS objects, 30% free, 9MB/13MB, paused 1.570ms total 220.063ms
--------- beginning of system
12-09 07:57:56.609 W/ActivityManager( 1592): Finishing task with all activities already finished
12-09 07:57:56.609 W/ActivityManager( 1592): Duplicate finish request for ActivityRecord{9d225c3 u0 com.evancharlton.mileage/.Mileage t385 f}
12-09 07:57:56.610 W/ActivityManager( 1592): Finishing task with all activities already finished
12-09 07:57:56.610 W/ActivityManager( 1592): Duplicate finish request for ActivityRecord{9d225c3 u0 com.evancharlton.mileage/.Mileage t385 f}
12-09 07:57:56.611 W/ActivityManager( 1592): Finishing task with all activities already finished
12-09 07:57:56.611 W/ActivityManager( 1592): Duplicate finish request for ActivityRecord{9d225c3 u0 com.evancharlton.mileage/.Mileage t385 f}
12-09 07:57:56.624 W/audio_hw_generic( 1307): Not supplying enough data to HAL, expected position 17876760 , only wrote 17876084
12-09 07:57:56.786 D/EGL_emulation( 1947): eglMakeCurrent: 0x7f294bab4b40: ver 2 0 (tinfo 0x7f294ba82ce0)
12-09 07:57:56.824 W/audio_hw_generic( 1307): Not supplying enough data to HAL, expected position 17884903 , only wrote 17884677
12-09 07:57:56.848 W/audio_hw_generic( 1307): Not supplying enough data to HAL, expected position 17885731 , only wrote 17885338
12-09 07:57:56.849 W/audio_hw_generic( 1307): Not supplying enough data to HAL, expected position 17885346 , only wrote 17885338
12-09 07:57:56.869 W/audio_hw_generic( 1307): Not supplying enough data to HAL, expected position 17886238 , only wrote 17885999
12-09 07:57:57.000 W/art     ( 1592): Long monitor contention event with owner method=void com.android.server.wm.WindowAnimator$1.doFrame(long) from WindowAnimator.java:121 waiters=0 for 130ms
12-09 07:57:57.002 W/audio_hw_generic( 1307): Not supplying enough data to HAL, expected position 17891850 , only wrote 17891287
12-09 07:57:57.002 W/audio_hw_generic( 1307): Not supplying enough data to HAL, expected position 17891293 , only wrote 17891287
12-09 07:57:57.021 W/audio_hw_generic( 1307): Not supplying enough data to HAL, expected position 17892139 , only wrote 17891948
12-09 07:57:57.056 W/audio_hw_generic( 1307): Not supplying enough data to HAL, expected position 17893502 , only wrote 17892609
12-09 07:57:57.056 W/audio_hw_generic( 1307): Not supplying enough data to HAL, expected position 17892615 , only wrote 17892609
12-09 07:57:57.078 W/audio_hw_generic( 1307): Not supplying enough data to HAL, expected position 17893562 , only wrote 17893270
12-09 07:57:57.120 W/audio_hw_generic( 1307): Hardware backing HAL too slow, could only write 0 of 661 frames
12-09 07:57:57.304 D/AndroidRuntime( 9724): >>>>>> START com.android.internal.os.RuntimeInit uid 0 <<<<<<
12-09 07:57:57.310 D/AndroidRuntime( 9724): CheckJNI is ON
12-09 07:57:57.362 D/ICU     ( 9724): No timezone override file found: /data/misc/zoneinfo/current/icu/icu_tzdata.dat
12-09 07:57:57.408 W/audio_hw_generic( 1307): Not supplying enough data to HAL, expected position 17907836 , only wrote 17907812
12-09 07:57:57.409 W/audio_hw_generic( 1307): Not supplying enough data to HAL, expected position 17907818 , only wrote 17907812
12-09 07:57:57.438 W/audio_hw_generic( 1307): Not supplying enough data to HAL, expected position 17909094 , only wrote 17908473
12-09 07:57:57.438 W/audio_hw_generic( 1307): Hardware backing HAL too slow, could only write 0 of 661 frames
12-09 07:57:57.438 W/audio_hw_generic( 1307): Hardware backing HAL too slow, could only write 0 of 661 frames
12-09 07:57:57.468 W/audio_hw_generic( 1307): Not supplying enough data to HAL, expected position 17910827 , only wrote 17909795
12-09 07:57:57.693 W/art     ( 1592): Long monitor contention event with owner method=void com.android.server.wm.WindowAnimator$1.doFrame(long) from WindowAnimator.java:121 waiters=0 for 167ms
12-09 07:57:57.757 E/memtrack( 9724): Couldn't load memtrack module (No such file or directory)
12-09 07:57:57.757 E/android.os.Debug( 9724): failed to load memtrack module: -2
12-09 07:57:57.759 I/Radio-JNI( 9724): register_android_hardware_Radio DONE
12-09 07:57:57.778 D/AndroidRuntime( 9724): Calling main entry com.android.commands.am.Am
12-09 07:57:57.915 W/art     ( 1592): Long monitor contention event with owner method=void com.android.server.wm.WindowAnimator$1.doFrame(long) from WindowAnimator.java:121 waiters=1 for 126ms
12-09 07:57:58.029 W/art     ( 1592): Long monitor contention event with owner method=void com.android.server.wm.WindowAnimator$1.doFrame(long) from WindowAnimator.java:121 waiters=1 for 114ms
12-09 07:57:58.318 W/art     ( 1592): Long monitor contention event with owner method=void com.android.server.wm.WindowAnimator$1.doFrame(long) from WindowAnimator.java:121 waiters=1 for 154ms
12-09 07:57:58.525 I/Choreographer( 1947): Skipped 103 frames!  The application may be doing too much work on its main thread.
12-09 07:57:58.527 W/art     ( 1592): Long monitor contention event with owner method=java.util.List com.android.server.am.ActivityManagerService.getAllStackInfos() from ActivityManagerService.java:8937 waiters=0 for 748ms
12-09 07:57:58.527 I/ActivityManager( 1592): Force stopping com.evancharlton.mileage appid=10125 user=0: start instr
12-09 07:57:58.528 I/ActivityManager( 1592): Killing 9680:com.evancharlton.mileage/u0a125 (adj 0): stop com.evancharlton.mileage
12-09 07:57:58.744 W/ActivityManager( 1592): Crash of app com.evancharlton.mileage running instrumentation ComponentInfo{com.evancharlton.mileage.test/sh.calaba.instrumentationbackend.CalabashInstrumentationTestRunner}
12-09 07:57:58.744 I/ActivityManager( 1592): Force stopping com.evancharlton.mileage appid=10125 user=0: finished inst
12-09 07:57:59.091 W/art     ( 1592): Long monitor contention event with owner method=void com.android.server.wm.WindowAnimator$1.doFrame(long) from WindowAnimator.java:121 waiters=2 for 333ms
12-09 07:57:59.142 W/art     ( 1592): Long monitor contention event with owner method=void com.android.server.wm.WindowAnimator$1.doFrame(long) from WindowAnimator.java:121 waiters=3 for 383ms
12-09 07:57:59.198 W/art     ( 1592): Long monitor contention event with owner method=void com.android.server.wm.WindowAnimator$1.doFrame(long) from WindowAnimator.java:121 waiters=3 for 398ms
12-09 07:57:59.321 W/art     ( 1592): Long monitor contention event with owner method=void com.android.server.wm.WindowAnimator$1.doFrame(long) from WindowAnimator.java:121 waiters=3 for 400ms
12-09 07:57:59.411 W/art     ( 1592): Long monitor contention event with owner method=void com.android.server.wm.WindowAnimator$1.doFrame(long) from WindowAnimator.java:121 waiters=3 for 320ms
12-09 07:57:59.477 W/art     ( 1592): Long monitor contention event with owner method=void com.android.server.wm.WindowAnimator$1.doFrame(long) from WindowAnimator.java:121 waiters=3 for 335ms
12-09 07:57:59.565 W/art     ( 1592): Long monitor contention event with owner method=void com.android.server.wm.WindowAnimator$1.doFrame(long) from WindowAnimator.java:121 waiters=3 for 368ms
12-09 07:57:59.685 W/art     ( 1592): Long monitor contention event with owner method=void com.android.server.wm.WindowAnimator$1.doFrame(long) from WindowAnimator.java:121 waiters=3 for 364ms
12-09 07:57:59.745 W/art     ( 1592): Long monitor contention event with owner method=void com.android.server.wm.WindowAnimator$1.doFrame(long) from WindowAnimator.java:121 waiters=3 for 334ms
12-09 07:57:59.748 W/art     ( 1592): Long monitor contention event with owner method=void com.android.server.wm.WindowAnimator$1.doFrame(long) from WindowAnimator.java:121 waiters=3 for 182ms
12-09 07:57:59.748 I/WindowState( 1592): WIN DEATH: Window{a8246b1 u0 com.evancharlton.mileage/com.evancharlton.mileage.Mileage EXITING}
12-09 07:57:59.752 I/Choreographer( 1947): Skipped 72 frames!  The application may be doing too much work on its main thread.
12-09 07:57:59.773 I/ActivityManager( 1592): Start proc 9733:com.evancharlton.mileage/u0a125 for added application com.evancharlton.mileage
12-09 07:57:59.773 D/AndroidRuntime( 9724): Shutting down VM
12-09 07:57:59.781 W/art     ( 1592): Long monitor contention event with owner method=java.util.List com.android.server.am.ActivityManagerService.getAllStackInfos() from ActivityManagerService.java:8937 waiters=1 for 1.701s
12-09 07:57:59.784 W/art     ( 1592): Long monitor contention event with owner method=boolean com.android.server.am.ActivityManagerService.startInstrumentation(android.content.ComponentName, java.lang.String, int, android.os.Bundle, android.app.IInstrumentationWatcher, android.app.IUiAutomationConnection, int, java.lang.String) from ActivityManagerService.java:17066 waiters=2 for 1.251s
12-09 07:57:59.801 W/art     ( 1592): Long monitor contention event with owner method=boolean com.android.server.am.ActivityManagerService.startInstrumentation(android.content.ComponentName, java.lang.String, int, android.os.Bundle, android.app.IInstrumentationWatcher, android.app.IUiAutomationConnection, int, java.lang.String) from ActivityManagerService.java:17066 waiters=1 for 1.271s
12-09 07:57:59.906 W/System  ( 9733): ClassLoader referenced unknown path: /data/app/com.evancharlton.mileage.test-1/lib/x86_64
12-09 07:57:59.906 W/System  ( 9733): ClassLoader referenced unknown path: /data/app/com.evancharlton.mileage-1/lib/x86_64
12-09 07:57:59.942 I/System.out( 9733): Main activity name automatically set to: com.evancharlton.mileage.Mileage
12-09 07:57:59.943 I/System.out( 9733): Calabash did not load Mono. This is only a problem if you are trying to test a Mono application
12-09 07:57:59.943 I/calabash( 9733): Test server port: 7102
12-09 07:57:59.944 I/InstrumentationBackend( 9733): Added:'GetPreferences', with key:'get_preferences'
12-09 07:57:59.997 W/art     ( 1592): Long monitor contention event with owner method=void com.android.server.wm.WindowAnimator$1.doFrame(long) from WindowAnimator.java:121 waiters=0 for 107ms
12-09 07:58:00.013 D/hwcomposer( 1224): hw_composer sent 478 syncs in 60s
12-09 07:58:00.036 I/InstrumentationBackend( 9733): Added:'SetPreferences', with key:'set_preferences'
12-09 07:58:00.036 I/InstrumentationBackend( 9733): Added:'ClearPreferences', with key:'clear_preferences'
12-09 07:58:00.036 I/InstrumentationBackend( 9733): Added:'PressElement', with key:'press_l10n_element'
12-09 07:58:00.043 I/InstrumentationBackend( 9733): Added:'WaitForElement', with key:'wait_for_l10n_element'
12-09 07:58:00.043 I/InstrumentationBackend( 9733): Added:'NullAction', with key:'nullAction'
12-09 07:58:00.043 I/InstrumentationBackend( 9733): Added:'PressKey', with key:'press_key'
12-09 07:58:00.043 I/InstrumentationBackend( 9733): Added:'SetActivityOrientation', with key:'set_activity_orientation'
12-09 07:58:00.043 I/InstrumentationBackend( 9733): Added:'GetActivityOrientation', with key:'get_activity_orientation'
12-09 07:58:00.044 I/InstrumentationBackend( 9733): Added:'FakeGPSLocation', with key:'set_gps_coordinates'
12-09 07:58:00.044 I/InstrumentationBackend( 9733): Added:'SetPropertyByCssSelector', with key:'set_property_by_css_selector'
12-09 07:58:00.045 I/InstrumentationBackend( 9733): Added:'GetUrl', with key:'get_url'
12-09 07:58:00.045 I/InstrumentationBackend( 9733): Added:'ScrollTo', with key:'scroll_to'
12-09 07:58:00.046 I/InstrumentationBackend( 9733): Added:'GetLoadProgress', with key:'get_load_progress'
12-09 07:58:00.046 I/InstrumentationBackend( 9733): Added:'DumpHtml', with key:'dump_html'
12-09 07:58:00.046 I/InstrumentationBackend( 9733): Added:'DumpBodyHtml', with key:'dump_body_html'
12-09 07:58:00.046 I/InstrumentationBackend( 9733): Added:'EnterTextByCssSelector', with key:'enter_text_by_selector'
12-09 07:58:00.047 I/InstrumentationBackend( 9733): Added:'AndroidSDKVersion', with key:'android_sdk_version'
12-09 07:58:00.047 I/InstrumentationBackend( 9733): Added:'Version', with key:'version'
12-09 07:58:00.047 I/InstrumentationBackend( 9733): Added:'Drag', with key:'drag'
12-09 07:58:00.047 I/InstrumentationBackend( 9733): Added:'TouchCoordinates', with key:'touch_coordinate'
12-09 07:58:00.048 I/InstrumentationBackend( 9733): Added:'LongPressCoordinate', with key:'long_press_coordinate'
12-09 07:58:00.048 I/InstrumentationBackend( 9733): Added:'DragCoordinates', with key:'drag_coordinates'
12-09 07:58:00.048 I/InstrumentationBackend( 9733): Added:'ResumeApplication', with key:'resume_application'
12-09 07:58:00.052 I/InstrumentationBackend( 9733): Added:'Swipe', with key:'swipe'
12-09 07:58:00.056 I/InstrumentationBackend( 9733): Added:'DoubleTapCoordinate', with key:'double_tap_coordinate'
12-09 07:58:00.056 I/InstrumentationBackend( 9733): Added:'ClickOnScreen', with key:'click_on_screen'
12-09 07:58:00.057 I/InstrumentationBackend( 9733): Added:'GetActivityName', with key:'get_activity_name'
12-09 07:58:00.057 I/InstrumentationBackend( 9733): Added:'ScrollToView', with key:'scroll_to_view'
12-09 07:58:00.057 I/InstrumentationBackend( 9733): Added:'ViewConfiguration', with key:'view_configuration'
12-09 07:58:00.057 I/InstrumentationBackend( 9733): Added:'IsCurrentActivityFocused', with key:'is_current_activity_focused'
12-09 07:58:00.057 I/InstrumentationBackend( 9733): Added:'SendTcp', with key:'send_tcp'
12-09 07:58:00.057 I/InstrumentationBackend( 9733): Added:'DpToDevicePixel', with key:'dp_to_device_pixel'
12-09 07:58:00.058 I/InstrumentationBackend( 9733): Added:'KeyboardEnterText', with key:'keyboard_enter_text'
12-09 07:58:00.072 I/InstrumentationBackend( 9733): Added:'DeleteSurroundingText', with key:'delete_surrounding_text'
12-09 07:58:00.073 I/InstrumentationBackend( 9733): Added:'SetComposingRegion', with key:'set_composing_region'
12-09 07:58:00.073 I/InstrumentationBackend( 9733): Added:'SetSelection', with key:'set_selection'
12-09 07:58:00.073 I/InstrumentationBackend( 9733): Added:'KeyboardKeyEvent', with key:'keyboard_key_event'
12-09 07:58:00.073 I/InstrumentationBackend( 9733): Added:'PressUserActionButton', with key:'press_user_action_button'
12-09 07:58:00.074 I/InstrumentationBackend( 9733): Added:'HideSoftKeyboard', with key:'hide_soft_keyboard'
12-09 07:58:00.074 I/InstrumentationBackend( 9733): Added:'ListActions', with key:'list_actions'
12-09 07:58:00.074 I/calabash( 9733): Instantiating http server at 7102
12-09 07:58:00.075 I/System.out( 9733): HTTP Daemon listening on: 7102
12-09 07:58:00.250 W/art     ( 1592): Long monitor contention event with owner method=void com.android.server.wm.WindowAnimator$1.doFrame(long) from WindowAnimator.java:121 waiters=0 for 251ms
12-09 07:58:00.250 W/WindowAnimator( 1592): Failed to dispatch window animation state change.
12-09 07:58:00.250 W/WindowAnimator( 1592): android.os.DeadObjectException
12-09 07:58:00.250 W/WindowAnimator( 1592): 	at android.os.BinderProxy.transactNative(Native Method)
12-09 07:58:00.250 W/WindowAnimator( 1592): 	at android.os.BinderProxy.transact(Binder.java:503)
12-09 07:58:00.250 W/WindowAnimator( 1592): 	at android.view.IWindow$Stub$Proxy.onAnimationStopped(IWindow.java:534)
12-09 07:58:00.250 W/WindowAnimator( 1592): 	at com.android.server.wm.WindowAnimator.updateWindowsLocked(WindowAnimator.java:286)
12-09 07:58:00.250 W/WindowAnimator( 1592): 	at com.android.server.wm.WindowAnimator.animateLocked(WindowAnimator.java:678)
12-09 07:58:00.250 W/WindowAnimator( 1592): 	at com.android.server.wm.WindowAnimator.-wrap0(WindowAnimator.java)
12-09 07:58:00.250 W/WindowAnimator( 1592): 	at com.android.server.wm.WindowAnimator$1.doFrame(WindowAnimator.java:123)
12-09 07:58:00.250 W/WindowAnimator( 1592): 	at android.view.Choreographer$CallbackRecord.run(Choreographer.java:856)
12-09 07:58:00.250 W/WindowAnimator( 1592): 	at android.view.Choreographer.doCallbacks(Choreographer.java:670)
12-09 07:58:00.250 W/WindowAnimator( 1592): 	at android.view.Choreographer.doFrame(Choreographer.java:603)
12-09 07:58:00.250 W/WindowAnimator( 1592): 	at android.view.Choreographer$FrameDisplayEventReceiver.run(Choreographer.java:844)
12-09 07:58:00.250 W/WindowAnimator( 1592): 	at android.os.Handler.handleCallback(Handler.java:739)
12-09 07:58:00.250 W/WindowAnimator( 1592): 	at android.os.Handler.dispatchMessage(Handler.java:95)
12-09 07:58:00.250 W/WindowAnimator( 1592): 	at android.os.Looper.loop(Looper.java:148)
12-09 07:58:00.250 W/WindowAnimator( 1592): 	at android.os.HandlerThread.run(HandlerThread.java:61)
12-09 07:58:00.250 W/WindowAnimator( 1592): 	at com.android.server.ServiceThread.run(ServiceThread.java:46)
12-09 07:58:00.306 I/System.out( 9733): URI: //ping
12-09 07:58:00.306 I/System.out( 9733): params: {json={}
12-09 07:58:00.306 I/System.out( 9733): }
12-09 07:58:00.338 I/System.out( 9733): URI: //ping
12-09 07:58:00.338 I/System.out( 9733): params: {json={}
12-09 07:58:00.338 I/System.out( 9733): }
12-09 07:58:00.354 W/OpenGLRenderer( 1947): Incorrectly called buildLayer on View: ShortcutAndWidgetContainer, destroying layer...
12-09 07:58:00.426 I/System.out( 9733): URI: //ready
12-09 07:58:00.426 I/System.out( 9733): params: {json={}
12-09 07:58:00.426 I/System.out( 9733): }
12-09 07:58:00.559 I/System.out( 9733): URI: //
12-09 07:58:00.559 I/System.out( 9733): params: {json={"command":"version","arguments":[]}
12-09 07:58:00.559 I/System.out( 9733): }
12-09 07:58:00.559 I/System.out( 9733): header: {date=Sun, 09 Dec 2018 07:58:01 GMT, accept=*/*, content-length=36, host=127.0.0.1:34777, user-agent=HTTPClient/1.0 (2.8.3, ruby 2.3.1 (2016-04-26)), content-type=application/json;charset=utf-8}
12-09 07:58:00.559 I/System.out( 9733): params: {json={"command":"version","arguments":[]}
12-09 07:58:00.559 I/System.out( 9733): }
12-09 07:58:00.559 I/System.out( 9733): ProP json = {"command":"version","arguments":[]}
12-09 07:58:00.559 I/System.out( 9733): files: {}
12-09 07:58:00.559 I/System.out( 9733): command: {"command":"version","arguments":[]}
12-09 07:58:00.584 I/InstrumentationBackend( 9733): Got command:'Command:'Line:null,version', arguments:'[]'
12-09 07:58:00.603 W/art     ( 1592): Long monitor contention event with owner method=void com.android.server.wm.WindowAnimator$1.doFrame(long) from WindowAnimator.java:121 waiters=0 for 167ms
12-09 07:58:00.621 I/System.out( 9733): result:{"bonusInformation":[],"message":"0.9.8","success":true}
12-09 07:58:00.745 I/System.out( 9733): URI: //start-application
12-09 07:58:00.746 I/System.out( 9733): params: {json={"intent":null}
12-09 07:58:00.746 I/System.out( 9733): }
12-09 07:58:00.813 I/ActivityManager( 1592): START u0 {act=android.intent.action.MAIN cat=[android.intent.category.LAUNCHER] flg=0x10200000 cmp=com.evancharlton.mileage/.Mileage} from uid 10125 on display 0
12-09 07:58:00.881 I/art     ( 9733): Background partial concurrent mark sweep GC freed 40441(2MB) AllocSpace objects, 15(300KB) LOS objects, 45% free, 1211KB/2MB, paused 13.170ms total 85.835ms
12-09 07:58:01.217 W/art     ( 1592): Long monitor contention event with owner method=void com.android.server.am.ActivityManagerService.activityPaused(android.os.IBinder) from ActivityManagerService.java:6439 waiters=0 for 163ms
12-09 07:58:01.282 I/calabash( 9733): newActivity1
12-09 07:58:01.329 D/gralloc_ranchu( 1224): gralloc_alloc: Creating ashmem region of size 3686400
12-09 07:58:01.337 I/calabash( 9733): newActivity1
12-09 07:58:01.339 W/ActivityManager( 1592): Bad activity token: android.os.BinderProxy@770acd2
12-09 07:58:01.339 W/ActivityManager( 1592): java.lang.ClassCastException: android.os.BinderProxy cannot be cast to com.android.server.am.ActivityRecord$Token
12-09 07:58:01.339 W/ActivityManager( 1592): 	at com.android.server.am.ActivityRecord.forTokenLocked(ActivityRecord.java:424)
12-09 07:58:01.339 W/ActivityManager( 1592): 	at com.android.server.am.ActivityRecord.isInStackLocked(ActivityRecord.java:1121)
12-09 07:58:01.339 W/ActivityManager( 1592): 	at com.android.server.am.ActivityRecord.getStackLocked(ActivityRecord.java:1126)
12-09 07:58:01.339 W/ActivityManager( 1592): 	at com.android.server.am.ActivityManagerService.getActivityDisplayId(ActivityManagerService.java:8889)
12-09 07:58:01.339 W/ActivityManager( 1592): 	at android.app.ActivityManagerNative.onTransact(ActivityManagerNative.java:2338)
12-09 07:58:01.339 W/ActivityManager( 1592): 	at com.android.server.am.ActivityManagerService.onTransact(ActivityManagerService.java:2443)
12-09 07:58:01.339 W/ActivityManager( 1592): 	at android.os.Binder.execTransact(Binder.java:453)
12-09 07:58:01.340 W/ActivityManager( 1592): Bad activity token: android.os.BinderProxy@770acd2
12-09 07:58:01.340 W/ActivityManager( 1592): java.lang.ClassCastException: android.os.BinderProxy cannot be cast to com.android.server.am.ActivityRecord$Token
12-09 07:58:01.340 W/ActivityManager( 1592): 	at com.android.server.am.ActivityRecord.forTokenLocked(ActivityRecord.java:424)
12-09 07:58:01.340 W/ActivityManager( 1592): 	at com.android.server.am.ActivityRecord.isInStackLocked(ActivityRecord.java:1121)
12-09 07:58:01.340 W/ActivityManager( 1592): 	at com.android.server.am.ActivityManagerService.setTaskDescription(ActivityManagerService.java:8547)
12-09 07:58:01.340 W/ActivityManager( 1592): 	at android.app.ActivityManagerNative.onTransact(ActivityManagerNative.java:2410)
12-09 07:58:01.340 W/ActivityManager( 1592): 	at com.android.server.am.ActivityManagerService.onTransact(ActivityManagerService.java:2443)
12-09 07:58:01.340 W/ActivityManager( 1592): 	at android.os.Binder.execTransact(Binder.java:453)
12-09 07:58:01.435 W/ActivityManager( 1592): Bad activity token: android.os.BinderProxy@770acd2
12-09 07:58:01.435 W/ActivityManager( 1592): java.lang.ClassCastException: android.os.BinderProxy cannot be cast to com.android.server.am.ActivityRecord$Token
12-09 07:58:01.435 W/ActivityManager( 1592): 	at com.android.server.am.ActivityRecord.forTokenLocked(ActivityRecord.java:424)
12-09 07:58:01.435 W/ActivityManager( 1592): 	at com.android.server.am.ActivityRecord.isInStackLocked(ActivityRecord.java:1121)
12-09 07:58:01.435 W/ActivityManager( 1592): 	at com.android.server.am.ActivityManagerService.getActivityOptions(ActivityManagerService.java:11038)
12-09 07:58:01.435 W/ActivityManager( 1592): 	at android.app.ActivityManagerNative.onTransact(ActivityManagerNative.java:1734)
12-09 07:58:01.435 W/ActivityManager( 1592): 	at com.android.server.am.ActivityManagerService.onTransact(ActivityManagerService.java:2443)
12-09 07:58:01.435 W/ActivityManager( 1592): 	at android.os.Binder.execTransact(Binder.java:453)
12-09 07:58:01.435 W/ActivityManager( 1592): Bad activity token: android.os.BinderProxy@770acd2
12-09 07:58:01.435 W/ActivityManager( 1592): java.lang.ClassCastException: android.os.BinderProxy cannot be cast to com.android.server.am.ActivityRecord$Token
12-09 07:58:01.435 W/ActivityManager( 1592): 	at com.android.server.am.ActivityRecord.forTokenLocked(ActivityRecord.java:424)
12-09 07:58:01.435 W/ActivityManager( 1592): 	at com.android.server.am.ActivityRecord.isInStackLocked(ActivityRecord.java:1121)
12-09 07:58:01.435 W/ActivityManager( 1592): 	at com.android.server.am.ActivityManagerService.getActivityOptions(ActivityManagerService.java:11038)
12-09 07:58:01.435 W/ActivityManager( 1592): 	at android.app.ActivityManagerNative.onTransact(ActivityManagerNative.java:1734)
12-09 07:58:01.435 W/ActivityManager( 1592): 	at com.android.server.am.ActivityManagerService.onTransact(ActivityManagerService.java:2443)
12-09 07:58:01.435 W/ActivityManager( 1592): 	at android.os.Binder.execTransact(Binder.java:453)
12-09 07:58:01.486 D/EGL_emulation( 1947): eglMakeCurrent: 0x7f294bab4b40: ver 2 0 (tinfo 0x7f294ba82ce0)
12-09 07:58:01.488 I/art     ( 9733): Background sticky concurrent mark sweep GC freed 1860(318KB) AllocSpace objects, 0(0B) LOS objects, 21% free, 1755KB/2MB, paused 5.421ms total 19.630ms
12-09 07:58:01.493 E/Surface ( 1947): getSlotFromBufferLocked: unknown buffer: 0x7f2948051060
12-09 07:58:01.554 V/PhoneStatusBar( 1684): setLightsOn(true)
12-09 07:58:01.685 W/art     ( 1592): Long monitor contention event with owner method=void com.android.server.wm.WindowAnimator$1.doFrame(long) from WindowAnimator.java:121 waiters=0 for 130ms
12-09 07:58:01.998 D/gralloc_ranchu( 1224): gralloc_alloc: Creating ashmem region of size 3686400
12-09 07:58:02.186 D/        ( 9733): HostConnection::get() New Host Connection established 0x7f29480bcda0, tid 9733
12-09 07:58:02.329 W/art     ( 1592): Long monitor contention event with owner method=void com.android.server.wm.WindowAnimator$1.doFrame(long) from WindowAnimator.java:121 waiters=0 for 109ms
12-09 07:58:02.489 I/ActivityManager( 1592): Displayed com.evancharlton.mileage/.Mileage: +1s280ms
12-09 07:58:02.897 W/art     ( 1592): Long monitor contention event with owner method=void com.android.server.wm.WindowAnimator$1.doFrame(long) from WindowAnimator.java:121 waiters=0 for 219ms
12-09 07:58:03.011 I/Choreographer( 9733): Skipped 31 frames!  The application may be doing too much work on its main thread.
12-09 07:58:03.021 D/gralloc_ranchu( 1224): gralloc_alloc: Creating ashmem region of size 3686400
12-09 07:58:03.424 D/gralloc_ranchu( 1224): gralloc_alloc: Creating ashmem region of size 3686400
12-09 07:58:03.956 I/art     ( 9733): Background partial concurrent mark sweep GC freed 3517(211KB) AllocSpace objects, 0(0B) LOS objects, 40% free, 2MB/3MB, paused 10.338ms total 159.585ms
12-09 07:58:05.025 I/System.out( 9733): URI: //map
12-09 07:58:05.025 I/System.out( 9733): params: {json={"query":"android.widget.EditText id:'price'","operation":{"method_name":"query","arguments":[]}}
12-09 07:58:05.025 I/System.out( 9733): }
12-09 07:58:05.089 W/ResourceType( 9733): No package identifier when getting name for resource number 0x00000001
12-09 07:58:05.340 I/art     ( 9733): Background sticky concurrent mark sweep GC freed 56156(2MB) AllocSpace objects, 3(60KB) LOS objects, 34% free, 2MB/3MB, paused 971us total 247.388ms
12-09 07:58:05.341 I/System.out( 9733): URI: //gesture
12-09 07:58:05.341 I/System.out( 9733): params: {json={"query_timeout":5.0,"gestures":[{"query_string":"android.widget.EditText id:'price'","touches":[{"x":50,"y":50,"offset_x":0,"offset_y":0,"wait":0.0,"time":0.2,"release":true,"query_string":null}]}]}
12-09 07:58:05.341 I/System.out( 9733): }
12-09 07:58:05.374 W/ResourceType( 9733): No package identifier when getting name for resource number 0x00000001
12-09 07:58:05.793 I/LatinIME( 1870): Starting input. Cursor position = 0,0
12-09 07:58:06.050 I/art     ( 9733): Background partial concurrent mark sweep GC freed 45876(2MB) AllocSpace objects, 4(80KB) LOS objects, 40% free, 2MB/3MB, paused 997us total 171.072ms
12-09 07:58:06.126 D/EGL_emulation( 1870): eglMakeCurrent: 0x7f294bab46e0: ver 2 0 (tinfo 0x7f294ba82de0)
12-09 07:58:06.567 I/System.out( 9733): URI: //
12-09 07:58:06.567 I/System.out( 9733): params: {json={"command":"set_selection","arguments":[-1,-1]}
12-09 07:58:06.567 I/System.out( 9733): }
12-09 07:58:06.567 I/System.out( 9733): header: {date=Sun, 09 Dec 2018 07:58:07 GMT, accept=*/*, content-length=47, host=127.0.0.1:34777, user-agent=HTTPClient/1.0 (2.8.3, ruby 2.3.1 (2016-04-26)), content-type=application/json;charset=utf-8}
12-09 07:58:06.567 I/System.out( 9733): params: {json={"command":"set_selection","arguments":[-1,-1]}
12-09 07:58:06.567 I/System.out( 9733): }
12-09 07:58:06.567 I/System.out( 9733): ProP json = {"command":"set_selection","arguments":[-1,-1]}
12-09 07:58:06.567 I/System.out( 9733): files: {}
12-09 07:58:06.567 I/System.out( 9733): command: {"command":"set_selection","arguments":[-1,-1]}
12-09 07:58:06.569 I/InstrumentationBackend( 9733): Got command:'Command:'Line:null,set_selection', arguments:'[-1, -1]'
12-09 07:58:06.657 I/System.out( 9733): result:{"bonusInformation":[],"message":"","success":true}
12-09 07:58:06.870 I/System.out( 9733): URI: //
12-09 07:58:06.870 I/System.out( 9733): params: {json={"command":"keyboard_enter_text","arguments":["-321ßå∂˚¡–ºß123"]}
12-09 07:58:06.870 I/System.out( 9733): }
12-09 07:58:06.870 I/System.out( 9733): header: {date=Sun, 09 Dec 2018 07:58:07 GMT, accept=*/*, content-length=75, host=127.0.0.1:34777, user-agent=HTTPClient/1.0 (2.8.3, ruby 2.3.1 (2016-04-26)), content-type=application/json;charset=utf-8}
12-09 07:58:06.870 I/System.out( 9733): params: {json={"command":"keyboard_enter_text","arguments":["-321ßå∂˚¡–ºß123"]}
12-09 07:58:06.870 I/System.out( 9733): }
12-09 07:58:06.870 I/System.out( 9733): ProP json = {"command":"keyboard_enter_text","arguments":["-321ßå∂˚¡–ºß123"]}
12-09 07:58:06.870 I/System.out( 9733): files: {}
12-09 07:58:06.870 I/System.out( 9733): command: {"command":"keyboard_enter_text","arguments":["-321ßå∂˚¡–ºß123"]}
12-09 07:58:06.871 I/InstrumentationBackend( 9733): Got command:'Command:'Line:null,keyboard_enter_text', arguments:'[-321ßå∂˚¡–ºß123]'
12-09 07:58:07.109 E/SpannableStringBuilder( 9733): SPAN_EXCLUSIVE_EXCLUSIVE spans cannot have a zero length
12-09 07:58:07.109 E/SpannableStringBuilder( 9733): SPAN_EXCLUSIVE_EXCLUSIVE spans cannot have a zero length
12-09 07:58:07.169 E/SpannableStringBuilder( 9733): SPAN_EXCLUSIVE_EXCLUSIVE spans cannot have a zero length
12-09 07:58:07.169 E/SpannableStringBuilder( 9733): SPAN_EXCLUSIVE_EXCLUSIVE spans cannot have a zero length
12-09 07:58:07.193 I/System.out( 9733): result:{"bonusInformation":[],"message":"","success":true}
12-09 07:58:07.287 I/art     ( 9733): Background sticky concurrent mark sweep GC freed 27372(1244KB) AllocSpace objects, 5(100KB) LOS objects, 36% free, 2MB/3MB, paused 1.699ms total 112.823ms
12-09 07:58:07.771 E/SurfaceFlinger( 1224): ro.sf.lcd_density must be defined as a build property
12-09 07:58:07.783 D/gralloc_ranchu( 1224): gralloc_alloc: Creating ashmem region of size 3686400
12-09 07:58:07.827 D/        ( 9765): HostConnection::get() New Host Connection established 0x7fe5a0412480, tid 9765
12-09 07:58:07.853 E/EGL_emulation( 1224): tid 1224: eglCreateSyncKHR(1881): error 0x3004 (EGL_BAD_ATTRIBUTE)
12-09 07:58:08.589 I/System.out( 9733): URI: //map
12-09 07:58:08.589 I/System.out( 9733): params: {json={"query":"android.widget.EditText id:'volume'","operation":{"method_name":"query","arguments":[]}}
12-09 07:58:08.589 I/System.out( 9733): }
12-09 07:58:08.622 W/ResourceType( 9733): No package identifier when getting name for resource number 0x00000001
12-09 07:58:08.879 I/art     ( 9733): Background partial concurrent mark sweep GC freed 46195(2MB) AllocSpace objects, 4(80KB) LOS objects, 39% free, 2MB/3MB, paused 939us total 228.208ms
12-09 07:58:09.113 I/System.out( 9733): URI: //gesture
12-09 07:58:09.129 I/System.out( 9733): params: {json={"query_timeout":5.0,"gestures":[{"query_string":"android.widget.EditText id:'volume'","touches":[{"x":50,"y":50,"offset_x":0,"offset_y":0,"wait":0.0,"time":0.2,"release":true,"query_string":null}]}]}
12-09 07:58:09.129 I/System.out( 9733): }
12-09 07:58:09.145 W/ResourceType( 9733): No package identifier when getting name for resource number 0x00000001
12-09 07:58:09.618 I/LatinIME( 1870): Starting input. Cursor position = 0,0
12-09 07:58:09.655 I/art     ( 9733): Background sticky concurrent mark sweep GC freed 38434(1630KB) AllocSpace objects, 1(20KB) LOS objects, 25% free, 2MB/3MB, paused 9.843ms total 72.832ms
12-09 07:58:10.172 I/System.out( 9733): URI: //
12-09 07:58:10.173 I/System.out( 9733): params: {json={"command":"set_selection","arguments":[-1,-1]}
12-09 07:58:10.173 I/System.out( 9733): }
12-09 07:58:10.173 I/System.out( 9733): header: {date=Sun, 09 Dec 2018 07:58:10 GMT, accept=*/*, content-length=47, host=127.0.0.1:34777, user-agent=HTTPClient/1.0 (2.8.3, ruby 2.3.1 (2016-04-26)), content-type=application/json;charset=utf-8}
12-09 07:58:10.173 I/System.out( 9733): params: {json={"command":"set_selection","arguments":[-1,-1]}
12-09 07:58:10.173 I/System.out( 9733): }
12-09 07:58:10.173 I/System.out( 9733): ProP json = {"command":"set_selection","arguments":[-1,-1]}
12-09 07:58:10.173 I/System.out( 9733): files: {}
12-09 07:58:10.173 I/System.out( 9733): command: {"command":"set_selection","arguments":[-1,-1]}
12-09 07:58:10.174 I/InstrumentationBackend( 9733): Got command:'Command:'Line:null,set_selection', arguments:'[-1, -1]'
12-09 07:58:10.202 I/System.out( 9733): result:{"bonusInformation":[],"message":"","success":true}
12-09 07:58:10.489 I/System.out( 9733): URI: //
12-09 07:58:10.489 I/System.out( 9733): params: {json={"command":"keyboard_enter_text","arguments":["åß9∂º–ç¬  ß29å∂˚¡–ºß123"]}
12-09 07:58:10.489 I/System.out( 9733): }
12-09 07:58:10.489 I/System.out( 9733): header: {date=Sun, 09 Dec 2018 07:58:11 GMT, accept=*/*, content-length=92, host=127.0.0.1:34777, user-agent=HTTPClient/1.0 (2.8.3, ruby 2.3.1 (2016-04-26)), content-type=application/json;charset=utf-8}
12-09 07:58:10.489 I/System.out( 9733): params: {json={"command":"keyboard_enter_text","arguments":["åß9∂º–ç¬  ß29å∂˚¡–ºß123"]}
12-09 07:58:10.489 I/System.out( 9733): }
12-09 07:58:10.489 I/System.out( 9733): ProP json = {"command":"keyboard_enter_text","arguments":["åß9∂º–ç¬  ß29å∂˚¡–ºß123"]}
12-09 07:58:10.489 I/System.out( 9733): files: {}
12-09 07:58:10.489 I/System.out( 9733): command: {"command":"keyboard_enter_text","arguments":["åß9∂º–ç¬  ß29å∂˚¡–ºß123"]}
12-09 07:58:10.490 I/InstrumentationBackend( 9733): Got command:'Command:'Line:null,keyboard_enter_text', arguments:'[åß9∂º–ç¬  ß29å∂˚¡–ºß123]'
12-09 07:58:10.505 E/SpannableStringBuilder( 9733): SPAN_EXCLUSIVE_EXCLUSIVE spans cannot have a zero length
12-09 07:58:10.505 E/SpannableStringBuilder( 9733): SPAN_EXCLUSIVE_EXCLUSIVE spans cannot have a zero length
12-09 07:58:10.537 E/SpannableStringBuilder( 9733): SPAN_EXCLUSIVE_EXCLUSIVE spans cannot have a zero length
12-09 07:58:10.537 E/SpannableStringBuilder( 9733): SPAN_EXCLUSIVE_EXCLUSIVE spans cannot have a zero length
12-09 07:58:10.556 I/System.out( 9733): result:{"bonusInformation":[],"message":"","success":true}
12-09 07:58:11.128 E/SurfaceFlinger( 1224): ro.sf.lcd_density must be defined as a build property
12-09 07:58:11.211 D/gralloc_ranchu( 1224): gralloc_alloc: Creating ashmem region of size 3686400
12-09 07:58:11.229 D/        ( 9775): HostConnection::get() New Host Connection established 0x7f93a0192480, tid 9775
12-09 07:58:11.289 E/EGL_emulation( 1224): tid 1224: eglCreateSyncKHR(1881): error 0x3004 (EGL_BAD_ATTRIBUTE)
12-09 07:58:12.221 I/System.out( 9733): URI: //map
12-09 07:58:12.221 I/System.out( 9733): params: {json={"query":"android.widget.EditText id:'odometer'","operation":{"method_name":"query","arguments":[]}}
12-09 07:58:12.221 I/System.out( 9733): }
12-09 07:58:12.241 W/ResourceType( 9733): No package identifier when getting name for resource number 0x00000001
12-09 07:58:12.382 I/art     ( 9733): Background sticky concurrent mark sweep GC freed 41271(1794KB) AllocSpace objects, 4(80KB) LOS objects, 9% free, 3MB/3MB, paused 5.590ms total 144.823ms
12-09 07:58:12.405 I/System.out( 9733): URI: //gesture
12-09 07:58:12.405 I/System.out( 9733): params: {json={"query_timeout":5.0,"gestures":[{"query_string":"android.widget.EditText id:'odometer'","touches":[{"x":50,"y":50,"offset_x":0,"offset_y":0,"wait":0.0,"time":0.2,"release":true,"query_string":null}]}]}
12-09 07:58:12.405 I/System.out( 9733): }
12-09 07:58:12.426 W/ResourceType( 9733): No package identifier when getting name for resource number 0x00000001
12-09 07:58:12.723 I/LatinIME( 1870): Starting input. Cursor position = 0,0
12-09 07:58:12.889 I/art     ( 9733): Background sticky concurrent mark sweep GC freed 29642(1412KB) AllocSpace objects, 1(20KB) LOS objects, 29% free, 2MB/3MB, paused 997us total 168.229ms
12-09 07:58:13.133 I/art     ( 1870): Background partial concurrent mark sweep GC freed 5651(426KB) AllocSpace objects, 3(76KB) LOS objects, 40% free, 2MB/3MB, paused 913us total 163.850ms
12-09 07:58:13.371 I/System.out( 9733): URI: //
12-09 07:58:13.371 I/System.out( 9733): params: {json={"command":"set_selection","arguments":[-1,-1]}
12-09 07:58:13.371 I/System.out( 9733): }
12-09 07:58:13.371 I/System.out( 9733): header: {date=Sun, 09 Dec 2018 07:58:14 GMT, accept=*/*, content-length=47, host=127.0.0.1:34777, user-agent=HTTPClient/1.0 (2.8.3, ruby 2.3.1 (2016-04-26)), content-type=application/json;charset=utf-8}
12-09 07:58:13.371 I/System.out( 9733): params: {json={"command":"set_selection","arguments":[-1,-1]}
12-09 07:58:13.371 I/System.out( 9733): }
12-09 07:58:13.371 I/System.out( 9733): ProP json = {"command":"set_selection","arguments":[-1,-1]}
12-09 07:58:13.371 I/System.out( 9733): files: {}
12-09 07:58:13.371 I/System.out( 9733): command: {"command":"set_selection","arguments":[-1,-1]}
12-09 07:58:13.374 I/InstrumentationBackend( 9733): Got command:'Command:'Line:null,set_selection', arguments:'[-1, -1]'
12-09 07:58:13.397 I/System.out( 9733): result:{"bonusInformation":[],"message":"","success":true}
12-09 07:58:13.569 I/System.out( 9733): URI: //
12-09 07:58:13.569 I/System.out( 9733): params: {json={"command":"keyboard_enter_text","arguments":["=+œå∑ß≈´∂ç®ƒ√†©∫¡™£"]}
12-09 07:58:13.569 I/System.out( 9733): }
12-09 07:58:13.570 I/System.out( 9733): header: {date=Sun, 09 Dec 2018 07:58:14 GMT, accept=*/*, content-length=93, host=127.0.0.1:34777, user-agent=HTTPClient/1.0 (2.8.3, ruby 2.3.1 (2016-04-26)), content-type=application/json;charset=utf-8}
12-09 07:58:13.570 I/System.out( 9733): params: {json={"command":"keyboard_enter_text","arguments":["=+œå∑ß≈´∂ç®ƒ√†©∫¡™£"]}
12-09 07:58:13.570 I/System.out( 9733): }
12-09 07:58:13.570 I/System.out( 9733): ProP json = {"command":"keyboard_enter_text","arguments":["=+œå∑ß≈´∂ç®ƒ√†©∫¡™£"]}
12-09 07:58:13.570 I/System.out( 9733): files: {}
12-09 07:58:13.570 I/System.out( 9733): command: {"command":"keyboard_enter_text","arguments":["=+œå∑ß≈´∂ç®ƒ√†©∫¡™£"]}
12-09 07:58:13.571 I/InstrumentationBackend( 9733): Got command:'Command:'Line:null,keyboard_enter_text', arguments:'[=+œå∑ß≈´∂ç®ƒ√†©∫¡™£]'
12-09 07:58:13.571 E/SpannableStringBuilder( 9733): SPAN_EXCLUSIVE_EXCLUSIVE spans cannot have a zero length
12-09 07:58:13.571 E/SpannableStringBuilder( 9733): SPAN_EXCLUSIVE_EXCLUSIVE spans cannot have a zero length
12-09 07:58:13.574 E/SpannableStringBuilder( 9733): SPAN_EXCLUSIVE_EXCLUSIVE spans cannot have a zero length
12-09 07:58:13.574 E/SpannableStringBuilder( 9733): SPAN_EXCLUSIVE_EXCLUSIVE spans cannot have a zero length
12-09 07:58:13.590 I/System.out( 9733): result:{"bonusInformation":[],"message":"","success":true}
12-09 07:58:13.695 I/art     ( 9733): Background partial concurrent mark sweep GC freed 30326(1595KB) AllocSpace objects, 11(220KB) LOS objects, 39% free, 2MB/3MB, paused 1.210ms total 117.138ms
12-09 07:58:13.956 E/SurfaceFlinger( 1224): ro.sf.lcd_density must be defined as a build property
12-09 07:58:13.999 D/gralloc_ranchu( 1224): gralloc_alloc: Creating ashmem region of size 3686400
12-09 07:58:14.021 D/        ( 9785): HostConnection::get() New Host Connection established 0x7f7364a92480, tid 9785
12-09 07:58:14.046 E/EGL_emulation( 1224): tid 1224: eglCreateSyncKHR(1881): error 0x3004 (EGL_BAD_ATTRIBUTE)
