--------- beginning of main
12-09 07:58:39.937 D/gralloc_ranchu( 1218): gralloc_alloc: Creating ashmem region of size 708608
12-09 07:58:40.067 E/EGL_emulation( 1218): tid 1218: eglCreateSyncKHR(1881): error 0x3004 (EGL_BAD_ATTRIBUTE)
--------- beginning of system
12-09 07:58:40.280 W/ActivityManager( 1592): Finishing task with all activities already finished
12-09 07:58:40.280 W/ActivityManager( 1592): Duplicate finish request for ActivityRecord{fb489bf u0 com.evancharlton.mileage/.Mileage t386 f}
12-09 07:58:40.287 W/ActivityManager( 1592): Finishing task with all activities already finished
12-09 07:58:40.287 W/ActivityManager( 1592): Duplicate finish request for ActivityRecord{fb489bf u0 com.evancharlton.mileage/.Mileage t386 f}
12-09 07:58:40.298 W/ActivityManager( 1592): Finishing task with all activities already finished
12-09 07:58:40.298 W/ActivityManager( 1592): Duplicate finish request for ActivityRecord{fb489bf u0 com.evancharlton.mileage/.Mileage t386 f}
12-09 07:58:40.348 I/art     ( 1592): Background partial concurrent mark sweep GC freed 10619(776KB) AllocSpace objects, 6(116KB) LOS objects, 30% free, 9MB/13MB, paused 9.833ms total 155.785ms
12-09 07:58:40.449 W/art     ( 1592): Long monitor contention event with owner method=void com.android.server.wm.WindowAnimator$1.doFrame(long) from WindowAnimator.java:121 waiters=0 for 134ms
12-09 07:58:40.581 D/EGL_emulation( 1949): eglMakeCurrent: 0x7f1b08134640: ver 2 0 (tinfo 0x7f1b08102800)
12-09 07:58:40.669 D/EGL_emulation( 1884): eglMakeCurrent: 0x7f1b08138e20: ver 2 0 (tinfo 0x7f1b040237c0)
12-09 07:58:40.672 E/Surface ( 1884): getSlotFromBufferLocked: unknown buffer: 0x7f1b046db860
12-09 07:58:40.991 W/art     ( 1592): Long monitor contention event with owner method=void com.android.server.wm.WindowAnimator$1.doFrame(long) from WindowAnimator.java:121 waiters=1 for 210ms
12-09 07:58:40.993 D/AndroidRuntime( 9694): >>>>>> START com.android.internal.os.RuntimeInit uid 0 <<<<<<
12-09 07:58:40.994 D/AndroidRuntime( 9694): CheckJNI is ON
12-09 07:58:41.040 D/ICU     ( 9694): No timezone override file found: /data/misc/zoneinfo/current/icu/icu_tzdata.dat
12-09 07:58:41.285 E/memtrack( 9694): Couldn't load memtrack module (No such file or directory)
12-09 07:58:41.285 E/android.os.Debug( 9694): failed to load memtrack module: -2
12-09 07:58:41.287 I/Radio-JNI( 9694): register_android_hardware_Radio DONE
12-09 07:58:41.310 W/art     ( 1592): Long monitor contention event with owner method=void com.android.server.wm.WindowAnimator$1.doFrame(long) from WindowAnimator.java:121 waiters=1 for 319ms
12-09 07:58:41.312 D/AndroidRuntime( 9694): Calling main entry com.android.commands.am.Am
12-09 07:58:41.394 I/ActivityManager( 1592): Force stopping com.evancharlton.mileage appid=10125 user=0: start instr
12-09 07:58:41.394 I/ActivityManager( 1592): Killing 9631:com.evancharlton.mileage/u0a125 (adj 0): stop com.evancharlton.mileage
12-09 07:58:41.395 I/Choreographer( 1949): Skipped 46 frames!  The application may be doing too much work on its main thread.
12-09 07:58:41.501 W/ActivityManager( 1592): Crash of app com.evancharlton.mileage running instrumentation ComponentInfo{com.evancharlton.mileage.test/sh.calaba.instrumentationbackend.CalabashInstrumentationTestRunner}
12-09 07:58:41.501 I/ActivityManager( 1592): Force stopping com.evancharlton.mileage appid=10125 user=0: finished inst
12-09 07:58:41.630 W/OpenGLRenderer( 1949): Incorrectly called buildLayer on View: ShortcutAndWidgetContainer, destroying layer...
12-09 07:58:41.672 I/WindowState( 1592): WIN DEATH: Window{b9e6889 u0 com.evancharlton.mileage/com.evancharlton.mileage.Mileage EXITING}
12-09 07:58:42.126 I/ActivityManager( 1592): Start proc 9703:com.evancharlton.mileage/u0a125 for added application com.evancharlton.mileage
12-09 07:58:42.127 W/art     ( 1592): Long monitor contention event with owner method=boolean com.android.server.am.ActivityManagerService.startInstrumentation(android.content.ComponentName, java.lang.String, int, android.os.Bundle, android.app.IInstrumentationWatcher, android.app.IUiAutomationConnection, int, java.lang.String) from ActivityManagerService.java:17066 waiters=0 for 725ms
12-09 07:58:42.136 D/AndroidRuntime( 9694): Shutting down VM
12-09 07:58:42.138 W/art     ( 1592): Long monitor contention event with owner method=boolean com.android.server.am.ActivityManagerService.startInstrumentation(android.content.ComponentName, java.lang.String, int, android.os.Bundle, android.app.IInstrumentationWatcher, android.app.IUiAutomationConnection, int, java.lang.String) from ActivityManagerService.java:17066 waiters=1 for 734ms
12-09 07:58:42.139 W/art     ( 1592): Long monitor contention event with owner method=boolean com.android.server.am.ActivityManagerService.startInstrumentation(android.content.ComponentName, java.lang.String, int, android.os.Bundle, android.app.IInstrumentationWatcher, android.app.IUiAutomationConnection, int, java.lang.String) from ActivityManagerService.java:17066 waiters=2 for 509ms
12-09 07:58:42.151 W/art     ( 1592): Long monitor contention event with owner method=boolean com.android.server.am.ActivityManagerService.startInstrumentation(android.content.ComponentName, java.lang.String, int, android.os.Bundle, android.app.IInstrumentationWatcher, android.app.IUiAutomationConnection, int, java.lang.String) from ActivityManagerService.java:17066 waiters=3 for 334ms
12-09 07:58:42.158 W/art     ( 1592): Long monitor contention event with owner method=boolean com.android.server.am.ActivityManagerService.startInstrumentation(android.content.ComponentName, java.lang.String, int, android.os.Bundle, android.app.IInstrumentationWatcher, android.app.IUiAutomationConnection, int, java.lang.String) from ActivityManagerService.java:17066 waiters=4 for 311ms
12-09 07:58:42.159 W/WindowAnimator( 1592): Failed to dispatch window animation state change.
12-09 07:58:42.159 W/WindowAnimator( 1592): android.os.DeadObjectException
12-09 07:58:42.159 W/WindowAnimator( 1592): 	at android.os.BinderProxy.transactNative(Native Method)
12-09 07:58:42.159 W/WindowAnimator( 1592): 	at android.os.BinderProxy.transact(Binder.java:503)
12-09 07:58:42.159 W/WindowAnimator( 1592): 	at android.view.IWindow$Stub$Proxy.onAnimationStopped(IWindow.java:534)
12-09 07:58:42.159 W/WindowAnimator( 1592): 	at com.android.server.wm.WindowAnimator.updateWindowsLocked(WindowAnimator.java:286)
12-09 07:58:42.159 W/WindowAnimator( 1592): 	at com.android.server.wm.WindowAnimator.animateLocked(WindowAnimator.java:678)
12-09 07:58:42.159 W/WindowAnimator( 1592): 	at com.android.server.wm.WindowAnimator.-wrap0(WindowAnimator.java)
12-09 07:58:42.159 W/WindowAnimator( 1592): 	at com.android.server.wm.WindowAnimator$1.doFrame(WindowAnimator.java:123)
12-09 07:58:42.159 W/WindowAnimator( 1592): 	at android.view.Choreographer$CallbackRecord.run(Choreographer.java:856)
12-09 07:58:42.159 W/WindowAnimator( 1592): 	at android.view.Choreographer.doCallbacks(Choreographer.java:670)
12-09 07:58:42.159 W/WindowAnimator( 1592): 	at android.view.Choreographer.doFrame(Choreographer.java:603)
12-09 07:58:42.159 W/WindowAnimator( 1592): 	at android.view.Choreographer$FrameDisplayEventReceiver.run(Choreographer.java:844)
12-09 07:58:42.159 W/WindowAnimator( 1592): 	at android.os.Handler.handleCallback(Handler.java:739)
12-09 07:58:42.159 W/WindowAnimator( 1592): 	at android.os.Handler.dispatchMessage(Handler.java:95)
12-09 07:58:42.159 W/WindowAnimator( 1592): 	at android.os.Looper.loop(Looper.java:148)
12-09 07:58:42.159 W/WindowAnimator( 1592): 	at android.os.HandlerThread.run(HandlerThread.java:61)
12-09 07:58:42.159 W/WindowAnimator( 1592): 	at com.android.server.ServiceThread.run(ServiceThread.java:46)
12-09 07:58:42.261 I/art     ( 1706): Background partial concurrent mark sweep GC freed 3872(191KB) AllocSpace objects, 0(0B) LOS objects, 39% free, 3MB/6MB, paused 10.481ms total 38.907ms
12-09 07:58:42.293 W/System  ( 9703): ClassLoader referenced unknown path: /data/app/com.evancharlton.mileage.test-1/lib/x86_64
12-09 07:58:42.293 W/System  ( 9703): ClassLoader referenced unknown path: /data/app/com.evancharlton.mileage-1/lib/x86_64
12-09 07:58:42.409 W/art     ( 1592): Long monitor contention event with owner method=void com.android.server.wm.WindowAnimator$1.doFrame(long) from WindowAnimator.java:121 waiters=0 for 135ms
12-09 07:58:42.535 I/System.out( 9703): Main activity name automatically set to: com.evancharlton.mileage.Mileage
12-09 07:58:42.535 I/System.out( 9703): Calabash did not load Mono. This is only a problem if you are trying to test a Mono application
12-09 07:58:42.535 I/calabash( 9703): Test server port: 7102
12-09 07:58:42.545 I/InstrumentationBackend( 9703): Added:'GetPreferences', with key:'get_preferences'
12-09 07:58:42.606 I/InstrumentationBackend( 9703): Added:'SetPreferences', with key:'set_preferences'
12-09 07:58:42.617 I/InstrumentationBackend( 9703): Added:'ClearPreferences', with key:'clear_preferences'
12-09 07:58:42.617 I/InstrumentationBackend( 9703): Added:'PressElement', with key:'press_l10n_element'
12-09 07:58:42.617 I/InstrumentationBackend( 9703): Added:'WaitForElement', with key:'wait_for_l10n_element'
12-09 07:58:42.617 I/InstrumentationBackend( 9703): Added:'NullAction', with key:'nullAction'
12-09 07:58:42.618 I/InstrumentationBackend( 9703): Added:'PressKey', with key:'press_key'
12-09 07:58:42.618 I/InstrumentationBackend( 9703): Added:'SetActivityOrientation', with key:'set_activity_orientation'
12-09 07:58:42.618 I/InstrumentationBackend( 9703): Added:'GetActivityOrientation', with key:'get_activity_orientation'
12-09 07:58:42.618 I/InstrumentationBackend( 9703): Added:'FakeGPSLocation', with key:'set_gps_coordinates'
12-09 07:58:42.618 I/InstrumentationBackend( 9703): Added:'SetPropertyByCssSelector', with key:'set_property_by_css_selector'
12-09 07:58:42.619 I/InstrumentationBackend( 9703): Added:'GetUrl', with key:'get_url'
12-09 07:58:42.619 I/InstrumentationBackend( 9703): Added:'ScrollTo', with key:'scroll_to'
12-09 07:58:42.620 I/InstrumentationBackend( 9703): Added:'GetLoadProgress', with key:'get_load_progress'
12-09 07:58:42.620 I/InstrumentationBackend( 9703): Added:'DumpHtml', with key:'dump_html'
12-09 07:58:42.624 I/InstrumentationBackend( 9703): Added:'DumpBodyHtml', with key:'dump_body_html'
12-09 07:58:42.625 I/InstrumentationBackend( 9703): Added:'EnterTextByCssSelector', with key:'enter_text_by_selector'
12-09 07:58:42.625 I/InstrumentationBackend( 9703): Added:'AndroidSDKVersion', with key:'android_sdk_version'
12-09 07:58:42.626 I/InstrumentationBackend( 9703): Added:'Version', with key:'version'
12-09 07:58:42.626 I/InstrumentationBackend( 9703): Added:'Drag', with key:'drag'
12-09 07:58:42.626 I/InstrumentationBackend( 9703): Added:'TouchCoordinates', with key:'touch_coordinate'
12-09 07:58:42.626 I/InstrumentationBackend( 9703): Added:'LongPressCoordinate', with key:'long_press_coordinate'
12-09 07:58:42.627 I/InstrumentationBackend( 9703): Added:'DragCoordinates', with key:'drag_coordinates'
12-09 07:58:42.627 I/InstrumentationBackend( 9703): Added:'ResumeApplication', with key:'resume_application'
12-09 07:58:42.627 I/InstrumentationBackend( 9703): Added:'Swipe', with key:'swipe'
12-09 07:58:42.627 I/InstrumentationBackend( 9703): Added:'DoubleTapCoordinate', with key:'double_tap_coordinate'
12-09 07:58:42.627 I/InstrumentationBackend( 9703): Added:'ClickOnScreen', with key:'click_on_screen'
12-09 07:58:42.628 I/InstrumentationBackend( 9703): Added:'GetActivityName', with key:'get_activity_name'
12-09 07:58:42.628 I/InstrumentationBackend( 9703): Added:'ScrollToView', with key:'scroll_to_view'
12-09 07:58:42.634 I/InstrumentationBackend( 9703): Added:'ViewConfiguration', with key:'view_configuration'
12-09 07:58:42.641 I/InstrumentationBackend( 9703): Added:'IsCurrentActivityFocused', with key:'is_current_activity_focused'
12-09 07:58:42.641 I/InstrumentationBackend( 9703): Added:'SendTcp', with key:'send_tcp'
12-09 07:58:42.641 I/InstrumentationBackend( 9703): Added:'DpToDevicePixel', with key:'dp_to_device_pixel'
12-09 07:58:42.641 I/InstrumentationBackend( 9703): Added:'KeyboardEnterText', with key:'keyboard_enter_text'
12-09 07:58:42.642 I/InstrumentationBackend( 9703): Added:'DeleteSurroundingText', with key:'delete_surrounding_text'
12-09 07:58:42.642 I/InstrumentationBackend( 9703): Added:'SetComposingRegion', with key:'set_composing_region'
12-09 07:58:42.642 I/InstrumentationBackend( 9703): Added:'SetSelection', with key:'set_selection'
12-09 07:58:42.642 I/InstrumentationBackend( 9703): Added:'KeyboardKeyEvent', with key:'keyboard_key_event'
12-09 07:58:42.642 I/InstrumentationBackend( 9703): Added:'PressUserActionButton', with key:'press_user_action_button'
12-09 07:58:42.643 I/InstrumentationBackend( 9703): Added:'HideSoftKeyboard', with key:'hide_soft_keyboard'
12-09 07:58:42.643 I/InstrumentationBackend( 9703): Added:'ListActions', with key:'list_actions'
12-09 07:58:42.643 I/calabash( 9703): Instantiating http server at 7102
12-09 07:58:42.669 I/System.out( 9703): HTTP Daemon listening on: 7102
12-09 07:58:42.738 I/System.out( 9703): URI: //ping
12-09 07:58:42.738 I/System.out( 9703): params: {json={}
12-09 07:58:42.738 I/System.out( 9703): }
12-09 07:58:42.812 I/System.out( 9703): URI: //ping
12-09 07:58:42.812 I/System.out( 9703): params: {json={}
12-09 07:58:42.812 I/System.out( 9703): }
12-09 07:58:42.877 I/System.out( 9703): URI: //ready
12-09 07:58:42.877 I/System.out( 9703): params: {json={}
12-09 07:58:42.877 I/System.out( 9703): }
12-09 07:58:42.941 I/System.out( 9703): URI: //
12-09 07:58:42.941 I/System.out( 9703): params: {json={"command":"version","arguments":[]}
12-09 07:58:42.941 I/System.out( 9703): }
12-09 07:58:42.941 I/System.out( 9703): header: {date=Sun, 09 Dec 2018 07:58:42 GMT, accept=*/*, content-length=36, host=127.0.0.1:34777, user-agent=HTTPClient/1.0 (2.8.3, ruby 2.3.1 (2016-04-26)), content-type=application/json;charset=utf-8}
12-09 07:58:42.942 I/System.out( 9703): params: {json={"command":"version","arguments":[]}
12-09 07:58:42.942 I/System.out( 9703): }
12-09 07:58:42.942 I/System.out( 9703): ProP json = {"command":"version","arguments":[]}
12-09 07:58:42.942 I/System.out( 9703): files: {}
12-09 07:58:42.942 I/System.out( 9703): command: {"command":"version","arguments":[]}
12-09 07:58:42.952 I/InstrumentationBackend( 9703): Got command:'Command:'Line:null,version', arguments:'[]'
12-09 07:58:43.008 I/System.out( 9703): result:{"bonusInformation":[],"message":"0.9.8","success":true}
12-09 07:58:43.173 I/art     ( 9703): Background partial concurrent mark sweep GC freed 34024(1775KB) AllocSpace objects, 12(240KB) LOS objects, 45% free, 1250KB/2MB, paused 5.477ms total 160.396ms
12-09 07:58:43.313 I/System.out( 9703): URI: //start-application
12-09 07:58:43.313 I/System.out( 9703): params: {json={"intent":null}
12-09 07:58:43.313 I/System.out( 9703): }
12-09 07:58:43.393 I/ActivityManager( 1592): START u0 {act=android.intent.action.MAIN cat=[android.intent.category.LAUNCHER] flg=0x10200000 cmp=com.evancharlton.mileage/.Mileage} from uid 10125 on display 0
12-09 07:58:43.413 I/art     ( 9703): Background sticky concurrent mark sweep GC freed 18376(865KB) AllocSpace objects, 1(20KB) LOS objects, 40% free, 1349KB/2MB, paused 6.660ms total 56.692ms
12-09 07:58:43.482 I/calabash( 9703): newActivity1
12-09 07:58:43.560 I/calabash( 9703): newActivity1
12-09 07:58:43.562 W/ActivityManager( 1592): Bad activity token: android.os.BinderProxy@fe5196d
12-09 07:58:43.562 W/ActivityManager( 1592): java.lang.ClassCastException: android.os.BinderProxy cannot be cast to com.android.server.am.ActivityRecord$Token
12-09 07:58:43.562 W/ActivityManager( 1592): 	at com.android.server.am.ActivityRecord.forTokenLocked(ActivityRecord.java:424)
12-09 07:58:43.562 W/ActivityManager( 1592): 	at com.android.server.am.ActivityRecord.isInStackLocked(ActivityRecord.java:1121)
12-09 07:58:43.562 W/ActivityManager( 1592): 	at com.android.server.am.ActivityRecord.getStackLocked(ActivityRecord.java:1126)
12-09 07:58:43.562 W/ActivityManager( 1592): 	at com.android.server.am.ActivityManagerService.getActivityDisplayId(ActivityManagerService.java:8889)
12-09 07:58:43.562 W/ActivityManager( 1592): 	at android.app.ActivityManagerNative.onTransact(ActivityManagerNative.java:2338)
12-09 07:58:43.562 W/ActivityManager( 1592): 	at com.android.server.am.ActivityManagerService.onTransact(ActivityManagerService.java:2443)
12-09 07:58:43.562 W/ActivityManager( 1592): 	at android.os.Binder.execTransact(Binder.java:453)
12-09 07:58:43.563 W/ActivityManager( 1592): Bad activity token: android.os.BinderProxy@fe5196d
12-09 07:58:43.563 W/ActivityManager( 1592): java.lang.ClassCastException: android.os.BinderProxy cannot be cast to com.android.server.am.ActivityRecord$Token
12-09 07:58:43.563 W/ActivityManager( 1592): 	at com.android.server.am.ActivityRecord.forTokenLocked(ActivityRecord.java:424)
12-09 07:58:43.563 W/ActivityManager( 1592): 	at com.android.server.am.ActivityRecord.isInStackLocked(ActivityRecord.java:1121)
12-09 07:58:43.563 W/ActivityManager( 1592): 	at com.android.server.am.ActivityManagerService.setTaskDescription(ActivityManagerService.java:8547)
12-09 07:58:43.563 W/ActivityManager( 1592): 	at android.app.ActivityManagerNative.onTransact(ActivityManagerNative.java:2410)
12-09 07:58:43.563 W/ActivityManager( 1592): 	at com.android.server.am.ActivityManagerService.onTransact(ActivityManagerService.java:2443)
12-09 07:58:43.563 W/ActivityManager( 1592): 	at android.os.Binder.execTransact(Binder.java:453)
12-09 07:58:43.690 W/ActivityManager( 1592): Bad activity token: android.os.BinderProxy@fe5196d
12-09 07:58:43.690 W/ActivityManager( 1592): java.lang.ClassCastException: android.os.BinderProxy cannot be cast to com.android.server.am.ActivityRecord$Token
12-09 07:58:43.690 W/ActivityManager( 1592): 	at com.android.server.am.ActivityRecord.forTokenLocked(ActivityRecord.java:424)
12-09 07:58:43.690 W/ActivityManager( 1592): 	at com.android.server.am.ActivityRecord.isInStackLocked(ActivityRecord.java:1121)
12-09 07:58:43.690 W/ActivityManager( 1592): 	at com.android.server.am.ActivityManagerService.getActivityOptions(ActivityManagerService.java:11038)
12-09 07:58:43.690 W/ActivityManager( 1592): 	at android.app.ActivityManagerNative.onTransact(ActivityManagerNative.java:1734)
12-09 07:58:43.690 W/ActivityManager( 1592): 	at com.android.server.am.ActivityManagerService.onTransact(ActivityManagerService.java:2443)
12-09 07:58:43.690 W/ActivityManager( 1592): 	at android.os.Binder.execTransact(Binder.java:453)
12-09 07:58:43.690 W/ActivityManager( 1592): Bad activity token: android.os.BinderProxy@fe5196d
12-09 07:58:43.690 W/ActivityManager( 1592): java.lang.ClassCastException: android.os.BinderProxy cannot be cast to com.android.server.am.ActivityRecord$Token
12-09 07:58:43.690 W/ActivityManager( 1592): 	at com.android.server.am.ActivityRecord.forTokenLocked(ActivityRecord.java:424)
12-09 07:58:43.690 W/ActivityManager( 1592): 	at com.android.server.am.ActivityRecord.isInStackLocked(ActivityRecord.java:1121)
12-09 07:58:43.690 W/ActivityManager( 1592): 	at com.android.server.am.ActivityManagerService.getActivityOptions(ActivityManagerService.java:11038)
12-09 07:58:43.690 W/ActivityManager( 1592): 	at android.app.ActivityManagerNative.onTransact(ActivityManagerNative.java:1734)
12-09 07:58:43.690 W/ActivityManager( 1592): 	at com.android.server.am.ActivityManagerService.onTransact(ActivityManagerService.java:2443)
12-09 07:58:43.690 W/ActivityManager( 1592): 	at android.os.Binder.execTransact(Binder.java:453)
12-09 07:58:43.704 D/gralloc_ranchu( 1218): gralloc_alloc: Creating ashmem region of size 3686400
12-09 07:58:43.891 V/PhoneStatusBar( 1706): setLightsOn(true)
12-09 07:58:44.180 D/gralloc_ranchu( 1218): gralloc_alloc: Creating ashmem region of size 3686400
12-09 07:58:44.241 V/PhoneStatusBar( 1706): setLightsOn(true)
12-09 07:58:44.263 D/        ( 9703): HostConnection::get() New Host Connection established 0x7f1b0473cf20, tid 9703
12-09 07:58:44.264 D/EGL_emulation( 1949): eglMakeCurrent: 0x7f1b08134640: ver 2 0 (tinfo 0x7f1b08102800)
12-09 07:58:44.317 E/Surface ( 1949): getSlotFromBufferLocked: unknown buffer: 0x7f1b046d6920
12-09 07:58:44.742 W/art     ( 1592): Long monitor contention event with owner method=void com.android.server.wm.WindowAnimator$1.doFrame(long) from WindowAnimator.java:121 waiters=1 for 396ms
12-09 07:58:44.744 W/art     ( 1592): Long monitor contention event with owner method=void com.android.server.wm.WindowAnimator$1.doFrame(long) from WindowAnimator.java:121 waiters=2 for 271ms
12-09 07:58:44.939 W/art     ( 1592): Long monitor contention event with owner method=void com.android.server.wm.WindowAnimator$1.doFrame(long) from WindowAnimator.java:121 waiters=3 for 324ms
12-09 07:58:44.940 W/art     ( 1592): Long monitor contention event with owner method=void com.android.server.wm.WindowAnimator$1.doFrame(long) from WindowAnimator.java:121 waiters=3 for 198ms
12-09 07:58:44.940 W/art     ( 1592): Long monitor contention event with owner method=void com.android.server.wm.WindowManagerService$H.handleMessage(android.os.Message) from WindowManagerService.java:7820 waiters=2 for 196ms
12-09 07:58:44.958 I/ActivityManager( 1592): Displayed com.evancharlton.mileage/.Mileage: +1s490ms
12-09 07:58:44.964 D/gralloc_ranchu( 1218): gralloc_alloc: Creating ashmem region of size 3686400
12-09 07:58:45.527 D/gralloc_ranchu( 1218): gralloc_alloc: Creating ashmem region of size 3686400
12-09 07:58:46.093 I/art     ( 9703): Background partial concurrent mark sweep GC freed 4938(315KB) AllocSpace objects, 2(40KB) LOS objects, 39% free, 2004KB/3MB, paused 1.996ms total 109.236ms
12-09 07:58:47.245 I/System.out( 9703): URI: //map
12-09 07:58:47.246 I/System.out( 9703): params: {json={"query":"android.widget.EditText id:'price'","operation":{"method_name":"query","arguments":[]}}
12-09 07:58:47.246 I/System.out( 9703): }
12-09 07:58:47.334 W/ResourceType( 9703): No package identifier when getting name for resource number 0x00000001
12-09 07:58:47.417 W/art     ( 9703): Suspending all threads took: 8.145ms
12-09 07:58:47.449 I/art     ( 9703): Background sticky concurrent mark sweep GC freed 53623(2MB) AllocSpace objects, 2(40KB) LOS objects, 31% free, 2MB/3MB, paused 17.175ms total 110.942ms
12-09 07:58:47.493 I/System.out( 9703): URI: //gesture
12-09 07:58:47.493 I/System.out( 9703): params: {json={"query_timeout":5.0,"gestures":[{"query_string":"android.widget.EditText id:'price'","touches":[{"x":50,"y":50,"offset_x":0,"offset_y":0,"wait":0.0,"time":0.2,"release":true,"query_string":null}]}]}
12-09 07:58:47.493 I/System.out( 9703): }
12-09 07:58:47.505 W/ResourceType( 9703): No package identifier when getting name for resource number 0x00000001
12-09 07:58:47.925 I/LatinIME( 1884): Starting input. Cursor position = 0,0
12-09 07:58:47.934 W/art     ( 9703): Suspending all threads took: 10.384ms
12-09 07:58:47.989 I/art     ( 9703): Background sticky concurrent mark sweep GC freed 24405(1013KB) AllocSpace objects, 2(40KB) LOS objects, 0% free, 3MB/3MB, paused 17.409ms total 88.025ms
12-09 07:58:48.332 D/EGL_emulation( 1884): eglMakeCurrent: 0x7f1b08138e20: ver 2 0 (tinfo 0x7f1b040237c0)
12-09 07:58:48.512 I/System.out( 9703): URI: //
12-09 07:58:48.517 I/System.out( 9703): params: {json={"command":"set_selection","arguments":[-1,-1]}
12-09 07:58:48.517 I/System.out( 9703): }
12-09 07:58:48.518 I/System.out( 9703): header: {date=Sun, 09 Dec 2018 07:58:48 GMT, accept=*/*, content-length=47, host=127.0.0.1:34777, user-agent=HTTPClient/1.0 (2.8.3, ruby 2.3.1 (2016-04-26)), content-type=application/json;charset=utf-8}
12-09 07:58:48.518 I/System.out( 9703): params: {json={"command":"set_selection","arguments":[-1,-1]}
12-09 07:58:48.518 I/System.out( 9703): }
12-09 07:58:48.518 I/System.out( 9703): ProP json = {"command":"set_selection","arguments":[-1,-1]}
12-09 07:58:48.518 I/System.out( 9703): files: {}
12-09 07:58:48.518 I/System.out( 9703): command: {"command":"set_selection","arguments":[-1,-1]}
12-09 07:58:48.519 I/InstrumentationBackend( 9703): Got command:'Command:'Line:null,set_selection', arguments:'[-1, -1]'
12-09 07:58:48.572 I/System.out( 9703): result:{"bonusInformation":[],"message":"","success":true}
12-09 07:58:49.026 I/System.out( 9703): URI: //
12-09 07:58:49.026 I/System.out( 9703): params: {json={"command":"keyboard_enter_text","arguments":["000"]}
12-09 07:58:49.026 I/System.out( 9703): }
12-09 07:58:49.026 I/System.out( 9703): header: {date=Sun, 09 Dec 2018 07:58:49 GMT, accept=*/*, content-length=53, host=127.0.0.1:34777, user-agent=HTTPClient/1.0 (2.8.3, ruby 2.3.1 (2016-04-26)), content-type=application/json;charset=utf-8}
12-09 07:58:49.026 I/System.out( 9703): params: {json={"command":"keyboard_enter_text","arguments":["000"]}
12-09 07:58:49.026 I/System.out( 9703): }
12-09 07:58:49.026 I/System.out( 9703): ProP json = {"command":"keyboard_enter_text","arguments":["000"]}
12-09 07:58:49.027 I/System.out( 9703): files: {}
12-09 07:58:49.027 I/System.out( 9703): command: {"command":"keyboard_enter_text","arguments":["000"]}
12-09 07:58:49.028 I/InstrumentationBackend( 9703): Got command:'Command:'Line:null,keyboard_enter_text', arguments:'[000]'
12-09 07:58:49.037 E/SpannableStringBuilder( 9703): SPAN_EXCLUSIVE_EXCLUSIVE spans cannot have a zero length
12-09 07:58:49.037 E/SpannableStringBuilder( 9703): SPAN_EXCLUSIVE_EXCLUSIVE spans cannot have a zero length
12-09 07:58:49.913 W/art     ( 1592): Long monitor contention event with owner method=void com.android.server.wm.WindowAnimator$1.doFrame(long) from WindowAnimator.java:121 waiters=0 for 874ms
12-09 07:58:49.951 E/SpannableStringBuilder( 9703): SPAN_EXCLUSIVE_EXCLUSIVE spans cannot have a zero length
12-09 07:58:49.951 E/SpannableStringBuilder( 9703): SPAN_EXCLUSIVE_EXCLUSIVE spans cannot have a zero length
12-09 07:58:49.951 I/Choreographer( 9703): Skipped 53 frames!  The application may be doing too much work on its main thread.
12-09 07:58:49.985 I/System.out( 9703): result:{"bonusInformation":[],"message":"","success":true}
12-09 07:58:50.158 I/art     ( 9703): Background sticky concurrent mark sweep GC freed 27645(1271KB) AllocSpace objects, 6(120KB) LOS objects, 37% free, 2MB/3MB, paused 1.091ms total 185.683ms
12-09 07:58:50.169 I/System.out( 9703): URI: //map
12-09 07:58:50.169 I/System.out( 9703): params: {json={"query":"android.widget.Button index:2","operation":{"method_name":"query","arguments":[]}}
12-09 07:58:50.169 I/System.out( 9703): }
12-09 07:58:50.388 I/art     ( 9703): Background partial concurrent mark sweep GC freed 47493(2MB) AllocSpace objects, 2(40KB) LOS objects, 39% free, 2MB/3MB, paused 3.234ms total 177.355ms
12-09 07:58:50.452 I/System.out( 9703): URI: //gesture
12-09 07:58:50.453 I/System.out( 9703): params: {json={"query_timeout":5.0,"gestures":[{"query_string":"android.widget.Button index:2","touches":[{"x":50,"y":50,"offset_x":0,"offset_y":0,"wait":0.0,"time":0.2,"release":true,"query_string":null}]}]}
12-09 07:58:50.453 I/System.out( 9703): }
12-09 07:58:51.008 W/audio_hw_generic( 1307): Hardware backing HAL too slow, could only write 0 of 661 frames
12-09 07:58:51.017 W/audio_hw_generic( 1307): Hardware backing HAL too slow, could only write 0 of 661 frames
12-09 07:58:51.029 I/art     ( 9703): Background sticky concurrent mark sweep GC freed 44895(1933KB) AllocSpace objects, 2(40KB) LOS objects, 29% free, 2MB/3MB, paused 4.115ms total 126.439ms
12-09 07:58:51.038 W/audio_hw_generic( 1307): Hardware backing HAL too slow, could only write 0 of 661 frames
12-09 07:58:51.054 I/LatinIME( 1884): Starting input. Cursor position = 0,0
12-09 07:58:51.068 W/audio_hw_generic( 1307): Hardware backing HAL too slow, could only write 0 of 661 frames
12-09 07:58:51.264 W/audio_hw_generic( 1307): Not supplying enough data to HAL, expected position 16748104 , only wrote 16743791
12-09 07:58:51.285 W/audio_hw_generic( 1307): Not supplying enough data to HAL, expected position 16744689 , only wrote 16743791
12-09 07:58:51.300 W/audio_hw_generic( 1307): Not supplying enough data to HAL, expected position 16744480 , only wrote 16744452
12-09 07:58:51.300 W/audio_hw_generic( 1307): Not supplying enough data to HAL, expected position 16744463 , only wrote 16744452
12-09 07:58:51.348 W/audio_hw_generic( 1307): Not supplying enough data to HAL, expected position 16746567 , only wrote 16745113
12-09 07:58:51.383 W/audio_hw_generic( 1307): Not supplying enough data to HAL, expected position 16746618 , only wrote 16746435
12-09 07:58:51.408 D/gralloc_ranchu( 1218): gralloc_alloc: Creating ashmem region of size 45056
12-09 07:58:51.421 W/audio_hw_generic( 1307): Not supplying enough data to HAL, expected position 16748111 , only wrote 16747757
12-09 07:58:51.421 W/audio_hw_generic( 1307): Hardware backing HAL too slow, could only write 0 of 661 frames
12-09 07:58:51.438 W/audio_hw_generic( 1307): Hardware backing HAL too slow, could only write 0 of 661 frames
12-09 07:58:51.468 W/audio_hw_generic( 1307): Hardware backing HAL too slow, could only write 0 of 661 frames
12-09 07:58:51.468 W/audio_hw_generic( 1307): Hardware backing HAL too slow, could only write 0 of 661 frames
12-09 07:58:51.528 W/audio_hw_generic( 1307): Not supplying enough data to HAL, expected position 16752410 , only wrote 16752384
12-09 07:58:51.659 E/SurfaceFlinger( 1218): ro.sf.lcd_density must be defined as a build property
12-09 07:58:51.660 W/audio_hw_generic( 1307): Not supplying enough data to HAL, expected position 16758286 , only wrote 16757672
12-09 07:58:51.674 D/gralloc_ranchu( 1218): gralloc_alloc: Creating ashmem region of size 3686400
12-09 07:58:51.747 W/audio_hw_generic( 1307): Hardware backing HAL too slow, could only write 0 of 661 frames
12-09 07:58:51.757 W/audio_hw_generic( 1307): Hardware backing HAL too slow, could only write 0 of 661 frames
12-09 07:58:51.768 W/audio_hw_generic( 1307): Hardware backing HAL too slow, could only write 0 of 661 frames
12-09 07:58:51.788 W/audio_hw_generic( 1307): Hardware backing HAL too slow, could only write 0 of 661 frames
12-09 07:58:51.796 W/audio_hw_generic( 1307): Hardware backing HAL too slow, could only write 0 of 661 frames
12-09 07:58:51.803 D/        ( 9736): HostConnection::get() New Host Connection established 0x7f262a112480, tid 9736
12-09 07:58:51.871 W/audio_hw_generic( 1307): Not supplying enough data to HAL, expected position 16766975 , only wrote 16766926
12-09 07:58:51.871 W/audio_hw_generic( 1307): Not supplying enough data to HAL, expected position 16766933 , only wrote 16766926
12-09 07:58:51.877 E/EGL_emulation( 1218): tid 1218: eglCreateSyncKHR(1881): error 0x3004 (EGL_BAD_ATTRIBUTE)
12-09 07:58:51.933 I/Choreographer( 1884): Skipped 54 frames!  The application may be doing too much work on its main thread.
12-09 07:58:52.156 W/audio_hw_generic( 1307): Not supplying enough data to HAL, expected position 16779512 , only wrote 16779485
12-09 07:58:52.197 W/audio_hw_generic( 1307): Not supplying enough data to HAL, expected position 16781262 , only wrote 16780807
12-09 07:58:52.264 W/audio_hw_generic( 1307): Hardware backing HAL too slow, could only write 0 of 661 frames
12-09 07:58:52.298 W/audio_hw_generic( 1307): Hardware backing HAL too slow, could only write 0 of 661 frames
12-09 07:58:52.298 W/audio_hw_generic( 1307): Hardware backing HAL too slow, could only write 0 of 661 frames
12-09 07:58:52.318 W/audio_hw_generic( 1307): Not supplying enough data to HAL, expected position 16786172 , only wrote 16786095
12-09 07:58:52.319 W/audio_hw_generic( 1307): Hardware backing HAL too slow, could only write 0 of 661 frames
12-09 07:58:52.340 W/audio_hw_generic( 1307): Hardware backing HAL too slow, could only write 0 of 661 frames
12-09 07:58:52.360 W/audio_hw_generic( 1307): Hardware backing HAL too slow, could only write 0 of 661 frames
12-09 07:58:52.373 W/audio_hw_generic( 1307): Hardware backing HAL too slow, could only write 0 of 661 frames
12-09 07:58:52.439 W/audio_hw_generic( 1307): Not supplying enough data to HAL, expected position 16791402 , only wrote 16790722
12-09 07:58:52.439 W/audio_hw_generic( 1307): Not supplying enough data to HAL, expected position 16790729 , only wrote 16790722
12-09 07:58:52.467 W/audio_hw_generic( 1307): Not supplying enough data to HAL, expected position 16791958 , only wrote 16791383
12-09 07:58:52.663 W/audio_hw_generic( 1307): Not supplying enough data to HAL, expected position 16800019 , only wrote 16799315
12-09 07:58:52.663 W/audio_hw_generic( 1307): Not supplying enough data to HAL, expected position 16799322 , only wrote 16799315
12-09 07:58:52.925 W/audio_hw_generic( 1307): Not supplying enough data to HAL, expected position 16810880 , only wrote 16805925
12-09 07:58:52.931 I/System.out( 9703): URI: //map
12-09 07:58:52.936 I/System.out( 9703): params: {json={"query":"android.widget.EditText id:'volume'","operation":{"method_name":"query","arguments":[]}}
12-09 07:58:52.936 I/System.out( 9703): }
12-09 07:58:52.959 W/ResourceType( 9703): No package identifier when getting name for resource number 0x00000001
12-09 07:58:53.005 W/art     ( 9703): Suspending all threads took: 7.778ms
12-09 07:58:53.012 W/audio_hw_generic( 1307): Not supplying enough data to HAL, expected position 16809772 , only wrote 16807247
12-09 07:58:53.067 I/art     ( 9703): Background sticky concurrent mark sweep GC freed 46416(2MB) AllocSpace objects, 2(40KB) LOS objects, 29% free, 2MB/3MB, paused 11.745ms total 98.468ms
12-09 07:58:53.070 I/System.out( 9703): URI: //gesture
12-09 07:58:53.071 I/System.out( 9703): params: {json={"query_timeout":5.0,"gestures":[{"query_string":"android.widget.EditText id:'volume'","touches":[{"x":50,"y":50,"offset_x":0,"offset_y":0,"wait":0.0,"time":0.2,"release":true,"query_string":null}]}]}
12-09 07:58:53.071 I/System.out( 9703): }
12-09 07:58:53.089 W/audio_hw_generic( 1307): Hardware backing HAL too slow, could only write 0 of 661 frames
12-09 07:58:53.104 W/ResourceType( 9703): No package identifier when getting name for resource number 0x00000001
12-09 07:58:53.125 W/audio_hw_generic( 1307): Hardware backing HAL too slow, could only write 0 of 661 frames
12-09 07:58:53.134 W/audio_hw_generic( 1307): Hardware backing HAL too slow, could only write 0 of 661 frames
12-09 07:58:53.151 W/audio_hw_generic( 1307): Hardware backing HAL too slow, could only write 0 of 661 frames
12-09 07:58:53.198 W/audio_hw_generic( 1307): Not supplying enough data to HAL, expected position 16815430 , only wrote 16815179
12-09 07:58:53.198 W/audio_hw_generic( 1307): Not supplying enough data to HAL, expected position 16815186 , only wrote 16815179
12-09 07:58:53.217 W/audio_hw_generic( 1307): Not supplying enough data to HAL, expected position 16815988 , only wrote 16815840
12-09 07:58:53.382 W/audio_hw_generic( 1307): Not supplying enough data to HAL, expected position 16823130 , only wrote 16821128
12-09 07:58:53.382 W/audio_hw_generic( 1307): Not supplying enough data to HAL, expected position 16821135 , only wrote 16821128
12-09 07:58:53.498 W/audio_hw_generic( 1307): Hardware backing HAL too slow, could only write 0 of 661 frames
12-09 07:58:53.512 W/audio_hw_generic( 1307): Hardware backing HAL too slow, could only write 0 of 661 frames
12-09 07:58:53.522 W/audio_hw_generic( 1307): Hardware backing HAL too slow, could only write 0 of 661 frames
12-09 07:58:53.653 W/audio_hw_generic( 1307): Not supplying enough data to HAL, expected position 16833062 , only wrote 16832365
12-09 07:58:53.653 W/audio_hw_generic( 1307): Not supplying enough data to HAL, expected position 16832372 , only wrote 16832365
12-09 07:58:54.116 W/audio_hw_generic( 1307): Not supplying enough data to HAL, expected position 16869591 , only wrote 16850212
12-09 07:58:54.177 I/System.out( 9703): URI: //
12-09 07:58:54.177 I/System.out( 9703): params: {json={"command":"set_selection","arguments":[-1,-1]}
12-09 07:58:54.177 I/System.out( 9703): }
12-09 07:58:54.178 I/System.out( 9703): header: {date=Sun, 09 Dec 2018 07:58:54 GMT, accept=*/*, content-length=47, host=127.0.0.1:34777, user-agent=HTTPClient/1.0 (2.8.3, ruby 2.3.1 (2016-04-26)), content-type=application/json;charset=utf-8}
12-09 07:58:54.178 I/System.out( 9703): params: {json={"command":"set_selection","arguments":[-1,-1]}
12-09 07:58:54.178 I/System.out( 9703): }
12-09 07:58:54.178 I/System.out( 9703): ProP json = {"command":"set_selection","arguments":[-1,-1]}
12-09 07:58:54.178 I/System.out( 9703): files: {}
12-09 07:58:54.178 I/System.out( 9703): command: {"command":"set_selection","arguments":[-1,-1]}
12-09 07:58:54.179 I/InstrumentationBackend( 9703): Got command:'Command:'Line:null,set_selection', arguments:'[-1, -1]'
12-09 07:58:54.199 I/System.out( 9703): result:{"bonusInformation":[],"message":"","success":true}
12-09 07:58:54.379 I/System.out( 9703): URI: //
12-09 07:58:54.379 I/System.out( 9703): params: {json={"command":"keyboard_enter_text","arguments":["000"]}
12-09 07:58:54.379 I/System.out( 9703): }
12-09 07:58:54.379 I/System.out( 9703): header: {date=Sun, 09 Dec 2018 07:58:54 GMT, accept=*/*, content-length=53, host=127.0.0.1:34777, user-agent=HTTPClient/1.0 (2.8.3, ruby 2.3.1 (2016-04-26)), content-type=application/json;charset=utf-8}
12-09 07:58:54.379 I/System.out( 9703): params: {json={"command":"keyboard_enter_text","arguments":["000"]}
12-09 07:58:54.379 I/System.out( 9703): }
12-09 07:58:54.379 I/System.out( 9703): ProP json = {"command":"keyboard_enter_text","arguments":["000"]}
12-09 07:58:54.379 I/System.out( 9703): files: {}
12-09 07:58:54.379 I/System.out( 9703): command: {"command":"keyboard_enter_text","arguments":["000"]}
12-09 07:58:54.381 I/InstrumentationBackend( 9703): Got command:'Command:'Line:null,keyboard_enter_text', arguments:'[000]'
12-09 07:58:54.382 E/SpannableStringBuilder( 9703): SPAN_EXCLUSIVE_EXCLUSIVE spans cannot have a zero length
12-09 07:58:54.382 E/SpannableStringBuilder( 9703): SPAN_EXCLUSIVE_EXCLUSIVE spans cannot have a zero length
12-09 07:58:54.503 E/SpannableStringBuilder( 9703): SPAN_EXCLUSIVE_EXCLUSIVE spans cannot have a zero length
12-09 07:58:54.503 E/SpannableStringBuilder( 9703): SPAN_EXCLUSIVE_EXCLUSIVE spans cannot have a zero length
12-09 07:58:54.531 I/System.out( 9703): result:{"bonusInformation":[],"message":"","success":true}
12-09 07:58:54.579 I/System.out( 9703): URI: //map
12-09 07:58:54.580 I/System.out( 9703): params: {json={"query":"android.widget.Button index:2","operation":{"method_name":"query","arguments":[]}}
12-09 07:58:54.580 I/System.out( 9703): }
12-09 07:58:54.697 I/art     ( 9703): Background sticky concurrent mark sweep GC freed 16741(700KB) AllocSpace objects, 2(40KB) LOS objects, 15% free, 3MB/3MB, paused 10.285ms total 72.088ms
12-09 07:58:54.841 I/art     ( 9703): Background partial concurrent mark sweep GC freed 30516(1564KB) AllocSpace objects, 5(100KB) LOS objects, 40% free, 2MB/4MB, paused 5.768ms total 63.293ms
12-09 07:58:54.938 I/System.out( 9703): URI: //gesture
12-09 07:58:54.938 I/System.out( 9703): params: {json={"query_timeout":5.0,"gestures":[{"query_string":"android.widget.Button index:2","touches":[{"x":50,"y":50,"offset_x":0,"offset_y":0,"wait":0.0,"time":0.2,"release":true,"query_string":null}]}]}
12-09 07:58:54.938 I/System.out( 9703): }
12-09 07:58:55.309 W/audio_hw_generic( 1307): Hardware backing HAL too slow, could only write 0 of 661 frames
12-09 07:58:55.324 W/audio_hw_generic( 1307): Hardware backing HAL too slow, could only write 0 of 661 frames
12-09 07:58:55.360 W/audio_hw_generic( 1307): Hardware backing HAL too slow, could only write 0 of 661 frames
12-09 07:58:55.370 W/audio_hw_generic( 1307): Hardware backing HAL too slow, could only write 0 of 661 frames
12-09 07:58:55.389 W/audio_hw_generic( 1307): Hardware backing HAL too slow, could only write 0 of 661 frames
12-09 07:58:55.401 I/LatinIME( 1884): Starting input. Cursor position = 0,0
12-09 07:58:55.574 I/art     ( 9703): Background sticky concurrent mark sweep GC freed 61624(2MB) AllocSpace objects, 2(40KB) LOS objects, 44% free, 2MB/4MB, paused 8.390ms total 255.636ms
12-09 07:58:55.624 W/audio_hw_generic( 1307): Not supplying enough data to HAL, expected position 16865863 , only wrote 16864754
12-09 07:58:55.624 W/audio_hw_generic( 1307): Not supplying enough data to HAL, expected position 16864762 , only wrote 16864754
12-09 07:58:55.817 W/audio_hw_generic( 1307): Not supplying enough data to HAL, expected position 16873280 , only wrote 16872686
12-09 07:58:55.817 W/audio_hw_generic( 1307): Not supplying enough data to HAL, expected position 16872693 , only wrote 16872686
12-09 07:58:55.837 W/audio_hw_generic( 1307): Not supplying enough data to HAL, expected position 16873543 , only wrote 16873347
12-09 07:58:55.850 D/gralloc_ranchu( 1218): gralloc_alloc: Creating ashmem region of size 49152
12-09 07:58:55.895 W/audio_hw_generic( 1307): Not supplying enough data to HAL, expected position 16875909 , only wrote 16875330
12-09 07:58:55.907 W/audio_hw_generic( 1307): Not supplying enough data to HAL, expected position 16875880 , only wrote 16875330
12-09 07:58:55.928 W/audio_hw_generic( 1307): Not supplying enough data to HAL, expected position 16876260 , only wrote 16875991
12-09 07:58:55.946 W/audio_hw_generic( 1307): Hardware backing HAL too slow, could only write 0 of 661 frames
12-09 07:58:55.967 W/audio_hw_generic( 1307): Hardware backing HAL too slow, could only write 0 of 661 frames
12-09 07:58:55.980 W/audio_hw_generic( 1307): Hardware backing HAL too slow, could only write 0 of 661 frames
12-09 07:58:56.001 W/audio_hw_generic( 1307): Hardware backing HAL too slow, could only write 0 of 661 frames
12-09 07:58:56.008 W/audio_hw_generic( 1307): Hardware backing HAL too slow, could only write 0 of 661 frames
12-09 07:58:56.043 W/audio_hw_generic( 1307): Hardware backing HAL too slow, could only write 0 of 661 frames
12-09 07:58:56.059 W/audio_hw_generic( 1307): Hardware backing HAL too slow, could only write 0 of 661 frames
12-09 07:58:56.092 W/audio_hw_generic( 1307): Hardware backing HAL too slow, could only write 0 of 661 frames
12-09 07:58:56.131 W/audio_hw_generic( 1307): Not supplying enough data to HAL, expected position 16884911 , only wrote 16883923
12-09 07:58:56.161 W/audio_hw_generic( 1307): Not supplying enough data to HAL, expected position 16885259 , only wrote 16885245
12-09 07:58:56.186 E/SurfaceFlinger( 1218): ro.sf.lcd_density must be defined as a build property
12-09 07:58:56.237 W/audio_hw_generic( 1307): Not supplying enough data to HAL, expected position 16888608 , only wrote 16888550
12-09 07:58:56.244 W/audio_hw_generic( 1307): Not supplying enough data to HAL, expected position 16888856 , only wrote 16888550
12-09 07:58:56.275 W/audio_hw_generic( 1307): Not supplying enough data to HAL, expected position 16889899 , only wrote 16889211
12-09 07:58:56.316 D/gralloc_ranchu( 1218): gralloc_alloc: Creating ashmem region of size 3686400
12-09 07:58:56.413 D/        ( 9748): HostConnection::get() New Host Connection established 0x7f20a1652480, tid 9748
12-09 07:58:56.417 W/audio_hw_generic( 1307): Not supplying enough data to HAL, expected position 16895457 , only wrote 16895160
12-09 07:58:56.417 W/audio_hw_generic( 1307): Not supplying enough data to HAL, expected position 16895167 , only wrote 16895160
12-09 07:58:56.439 W/audio_hw_generic( 1307): Not supplying enough data to HAL, expected position 16896164 , only wrote 16895821
12-09 07:58:56.453 E/EGL_emulation( 1218): tid 1218: eglCreateSyncKHR(1881): error 0x3004 (EGL_BAD_ATTRIBUTE)
12-09 07:58:56.500 W/audio_hw_generic( 1307): Hardware backing HAL too slow, could only write 0 of 661 frames
12-09 07:58:56.577 W/audio_hw_generic( 1307): Not supplying enough data to HAL, expected position 16901886 , only wrote 16901109
12-09 07:58:56.577 W/audio_hw_generic( 1307): Not supplying enough data to HAL, expected position 16901116 , only wrote 16901109
12-09 07:58:56.626 W/audio_hw_generic( 1307): Not supplying enough data to HAL, expected position 16903250 , only wrote 16901770
12-09 07:58:56.904 W/audio_hw_generic( 1307): Not supplying enough data to HAL, expected position 16914032 , only wrote 16913007
12-09 07:58:56.904 W/audio_hw_generic( 1307): Not supplying enough data to HAL, expected position 16913015 , only wrote 16913007
12-09 07:58:56.909 W/art     ( 1592): Long monitor contention event with owner method=void com.android.server.wm.WindowAnimator$1.doFrame(long) from WindowAnimator.java:121 waiters=0 for 151ms
12-09 07:58:56.911 I/Choreographer( 1884): Skipped 91 frames!  The application may be doing too much work on its main thread.
12-09 07:58:57.009 W/audio_hw_generic( 1307): Not supplying enough data to HAL, expected position 16917629 , only wrote 16916312
12-09 07:58:57.009 W/audio_hw_generic( 1307): Not supplying enough data to HAL, expected position 16916319 , only wrote 16916312
12-09 07:58:57.027 W/audio_hw_generic( 1307): Not supplying enough data to HAL, expected position 16917108 , only wrote 16916973
12-09 07:58:57.372 W/audio_hw_generic( 1307): Not supplying enough data to HAL, expected position 16932205 , only wrote 16932176
12-09 07:58:57.373 W/audio_hw_generic( 1307): Not supplying enough data to HAL, expected position 16932183 , only wrote 16932176
12-09 07:58:57.593 I/System.out( 9703): URI: //map
12-09 07:58:57.594 I/System.out( 9703): params: {json={"query":"android.widget.EditText id:'odometer'","operation":{"method_name":"query","arguments":[]}}
12-09 07:58:57.594 I/System.out( 9703): }
12-09 07:58:57.609 W/ResourceType( 9703): No package identifier when getting name for resource number 0x00000001
12-09 07:58:57.764 I/art     ( 9703): Background partial concurrent mark sweep GC freed 42977(1990KB) AllocSpace objects, 5(120KB) LOS objects, 39% free, 2MB/4MB, paused 2.504ms total 117.106ms
12-09 07:58:57.767 I/System.out( 9703): URI: //gesture
12-09 07:58:57.768 I/System.out( 9703): params: {json={"query_timeout":5.0,"gestures":[{"query_string":"android.widget.EditText id:'odometer'","touches":[{"x":50,"y":50,"offset_x":0,"offset_y":0,"wait":0.0,"time":0.2,"release":true,"query_string":null}]}]}
12-09 07:58:57.768 I/System.out( 9703): }
12-09 07:58:57.835 W/ResourceType( 9703): No package identifier when getting name for resource number 0x00000001
12-09 07:58:57.890 W/audio_hw_generic( 1307): Hardware backing HAL too slow, could only write 0 of 661 frames
12-09 07:58:58.072 W/audio_hw_generic( 1307): Not supplying enough data to HAL, expected position 16963020 , only wrote 16961260
12-09 07:58:58.092 W/audio_hw_generic( 1307): Not supplying enough data to HAL, expected position 16962142 , only wrote 16961260
12-09 07:58:58.124 W/audio_hw_generic( 1307): Not supplying enough data to HAL, expected position 16962677 , only wrote 16962582
12-09 07:58:58.172 W/audio_hw_generic( 1307): Not supplying enough data to HAL, expected position 16964709 , only wrote 16963904
12-09 07:58:58.413 W/audio_hw_generic( 1307): Not supplying enough data to HAL, expected position 16984142 , only wrote 16974480
12-09 07:58:58.777 I/System.out( 9703): URI: //
12-09 07:58:58.777 I/System.out( 9703): params: {json={"command":"set_selection","arguments":[-1,-1]}
12-09 07:58:58.777 I/System.out( 9703): }
12-09 07:58:58.777 I/System.out( 9703): header: {date=Sun, 09 Dec 2018 07:58:58 GMT, accept=*/*, content-length=47, host=127.0.0.1:34777, user-agent=HTTPClient/1.0 (2.8.3, ruby 2.3.1 (2016-04-26)), content-type=application/json;charset=utf-8}
12-09 07:58:58.777 I/System.out( 9703): params: {json={"command":"set_selection","arguments":[-1,-1]}
12-09 07:58:58.777 I/System.out( 9703): }
12-09 07:58:58.777 I/System.out( 9703): ProP json = {"command":"set_selection","arguments":[-1,-1]}
12-09 07:58:58.777 I/System.out( 9703): files: {}
12-09 07:58:58.777 I/System.out( 9703): command: {"command":"set_selection","arguments":[-1,-1]}
12-09 07:58:58.778 I/InstrumentationBackend( 9703): Got command:'Command:'Line:null,set_selection', arguments:'[-1, -1]'
12-09 07:58:58.807 I/System.out( 9703): result:{"bonusInformation":[],"message":"","success":true}
12-09 07:58:58.925 I/System.out( 9703): URI: //
12-09 07:58:58.925 I/System.out( 9703): params: {json={"command":"keyboard_enter_text","arguments":["000"]}
12-09 07:58:58.925 I/System.out( 9703): }
12-09 07:58:58.926 I/System.out( 9703): header: {date=Sun, 09 Dec 2018 07:58:59 GMT, accept=*/*, content-length=53, host=127.0.0.1:34777, user-agent=HTTPClient/1.0 (2.8.3, ruby 2.3.1 (2016-04-26)), content-type=application/json;charset=utf-8}
12-09 07:58:58.926 I/System.out( 9703): params: {json={"command":"keyboard_enter_text","arguments":["000"]}
12-09 07:58:58.926 I/System.out( 9703): }
12-09 07:58:58.926 I/System.out( 9703): ProP json = {"command":"keyboard_enter_text","arguments":["000"]}
12-09 07:58:58.926 I/System.out( 9703): files: {}
12-09 07:58:58.926 I/System.out( 9703): command: {"command":"keyboard_enter_text","arguments":["000"]}
12-09 07:58:58.927 I/InstrumentationBackend( 9703): Got command:'Command:'Line:null,keyboard_enter_text', arguments:'[000]'
12-09 07:58:58.928 E/SpannableStringBuilder( 9703): SPAN_EXCLUSIVE_EXCLUSIVE spans cannot have a zero length
12-09 07:58:58.928 E/SpannableStringBuilder( 9703): SPAN_EXCLUSIVE_EXCLUSIVE spans cannot have a zero length
12-09 07:58:58.964 E/SpannableStringBuilder( 9703): SPAN_EXCLUSIVE_EXCLUSIVE spans cannot have a zero length
12-09 07:58:58.964 E/SpannableStringBuilder( 9703): SPAN_EXCLUSIVE_EXCLUSIVE spans cannot have a zero length
12-09 07:58:58.975 I/System.out( 9703): result:{"bonusInformation":[],"message":"","success":true}
12-09 07:58:59.022 I/System.out( 9703): URI: //map
12-09 07:58:59.022 I/System.out( 9703): params: {json={"query":"android.widget.Button index:2","operation":{"method_name":"query","arguments":[]}}
12-09 07:58:59.022 I/System.out( 9703): }
