--------- beginning of system
12-09 07:45:03.884 I/WindowManager( 1596): Screenshot max retries 4 of Token{3e4b340 ActivityRecord{f7e1ec3 u0 com.evancharlton.mileage.test/sh.calaba.instrumentationbackend.StatusReporterActivity t354 f}} appWin=Window{45db422 u0 Starting com.evancharlton.mileage.test} drawState=3
--------- beginning of main
12-09 07:45:03.895 W/art     ( 1596): Long monitor contention event with owner method=boolean com.android.server.am.ActivityManagerService.finishActivity(android.os.IBinder, int, android.content.Intent, boolean) from ActivityManagerService.java:4245 waiters=0 for 1.503s
12-09 07:45:04.274 W/art     ( 1596): Long monitor contention event with owner method=void com.android.server.wm.WindowAnimator$1.doFrame(long) from WindowAnimator.java:121 waiters=0 for 124ms
12-09 07:45:04.501 D/AndroidRuntime( 6336): >>>>>> START com.android.internal.os.RuntimeInit uid 0 <<<<<<
12-09 07:45:04.507 D/AndroidRuntime( 6336): CheckJNI is ON
12-09 07:45:04.553 D/ICU     ( 6336): No timezone override file found: /data/misc/zoneinfo/current/icu/icu_tzdata.dat
12-09 07:45:04.916 W/art     ( 1596): Long monitor contention event with owner method=void com.android.server.wm.WindowAnimator$1.doFrame(long) from WindowAnimator.java:121 waiters=0 for 216ms
12-09 07:45:04.959 E/memtrack( 6336): Couldn't load memtrack module (No such file or directory)
12-09 07:45:04.959 E/android.os.Debug( 6336): failed to load memtrack module: -2
12-09 07:45:04.960 I/Radio-JNI( 6336): register_android_hardware_Radio DONE
12-09 07:45:04.982 D/AndroidRuntime( 6336): Calling main entry com.android.commands.am.Am
12-09 07:45:05.731 W/art     ( 1596): Long monitor contention event with owner method=void com.android.server.wm.WindowAnimator$1.doFrame(long) from WindowAnimator.java:121 waiters=0 for 103ms
12-09 07:45:05.966 W/art     ( 1596): Long monitor contention event with owner method=void com.android.server.wm.WindowAnimator$1.doFrame(long) from WindowAnimator.java:121 waiters=0 for 155ms
12-09 07:45:06.227 W/art     ( 1596): Long monitor contention event with owner method=void com.android.server.wm.WindowAnimator$1.doFrame(long) from WindowAnimator.java:121 waiters=0 for 187ms
12-09 07:45:06.283 W/art     ( 1596): Long monitor contention event with owner method=void com.android.server.am.ActivityManagerService.activityPaused(android.os.IBinder) from ActivityManagerService.java:6439 waiters=0 for 2.255s
12-09 07:45:06.283 W/art     ( 1596): Long monitor contention event with owner method=void com.android.server.am.ActivityManagerService.activityPaused(android.os.IBinder) from ActivityManagerService.java:6439 waiters=1 for 2.203s
12-09 07:45:06.284 W/art     ( 1596): Long monitor contention event with owner method=void com.android.server.am.ActivityManagerService.activityPaused(android.os.IBinder) from ActivityManagerService.java:6439 waiters=2 for 1.885s
12-09 07:45:06.284 W/art     ( 1596): Long monitor contention event with owner method=void com.android.server.am.ActivityManagerService.activityPaused(android.os.IBinder) from ActivityManagerService.java:6439 waiters=3 for 1.255s
12-09 07:45:06.291 W/art     ( 1596): Long monitor contention event with owner method=void com.android.server.am.ActivityManagerService.activityPaused(android.os.IBinder) from ActivityManagerService.java:6439 waiters=4 for 892ms
12-09 07:45:06.293 I/ActivityManager( 1596): Force stopping com.evancharlton.mileage appid=10119 user=0: start instr
12-09 07:45:06.323 I/ActivityManager( 1596): Killing 6319:com.evancharlton.mileage/u0a119 (adj 0): stop com.evancharlton.mileage
12-09 07:45:06.521 W/ActivityManager( 1596): Crash of app com.evancharlton.mileage running instrumentation ComponentInfo{com.evancharlton.mileage.test/sh.calaba.instrumentationbackend.ClearAppData2}
12-09 07:45:06.521 I/ActivityManager( 1596): Force stopping com.evancharlton.mileage appid=10119 user=0: finished inst
12-09 07:45:06.525 W/InputMethodManagerService( 1596): Window already focused, ignoring focus gain of: com.android.internal.view.IInputMethodClient$Stub$Proxy@1c6f06e attribute=null, token = android.os.BinderProxy@a4ccf75
12-09 07:45:06.731 I/ActivityManager( 1596): Start proc 6345:com.evancharlton.mileage/u0a119 for added application com.evancharlton.mileage
12-09 07:45:06.731 W/art     ( 1596): Long monitor contention event with owner method=void com.android.server.am.ActivityManagerService$MainHandler.handleMessage(android.os.Message) from ActivityManagerService.java:1861 waiters=2 for 440ms
12-09 07:45:06.732 W/art     ( 1596): Long monitor contention event with owner method=void com.android.server.am.ActivityManagerService.activityPaused(android.os.IBinder) from ActivityManagerService.java:6439 waiters=5 for 450ms
12-09 07:45:06.733 W/art     ( 1596): Long monitor contention event with owner method=boolean com.android.server.am.ActivityManagerService.startInstrumentation(android.content.ComponentName, java.lang.String, int, android.os.Bundle, android.app.IInstrumentationWatcher, android.app.IUiAutomationConnection, int, java.lang.String) from ActivityManagerService.java:17066 waiters=2 for 439ms
12-09 07:45:06.733 W/ActivityManager( 1596): Spurious death for ProcessRecord{20a130f 0:com.evancharlton.mileage/u0a119}, curProc for 6319: null
12-09 07:45:06.733 W/art     ( 1596): Long monitor contention event with owner method=boolean com.android.server.am.ActivityManagerService.startInstrumentation(android.content.ComponentName, java.lang.String, int, android.os.Bundle, android.app.IInstrumentationWatcher, android.app.IUiAutomationConnection, int, java.lang.String) from ActivityManagerService.java:17066 waiters=5 for 173ms
12-09 07:45:06.759 D/AndroidRuntime( 6336): Shutting down VM
12-09 07:45:06.809 I/art     ( 1313): Background sticky concurrent mark sweep GC freed 49861(1665KB) AllocSpace objects, 0(0B) LOS objects, 92% free, 271KB/3MB, paused 1.055ms total 116.667ms
12-09 07:45:06.901 W/System  ( 6345): ClassLoader referenced unknown path: /data/app/com.evancharlton.mileage.test-1/lib/x86_64
12-09 07:45:06.901 W/System  ( 6345): ClassLoader referenced unknown path: /data/app/com.evancharlton.mileage-1/lib/x86_64
12-09 07:45:06.984 I/System.out( 6345): Main activity name automatically set to: com.evancharlton.mileage.Mileage
12-09 07:45:06.984 I/System.out( 6345): Calabash did not load Mono. This is only a problem if you are trying to test a Mono application
12-09 07:45:06.985 I/calabash( 6345): Test server port: 7102
12-09 07:45:06.985 I/InstrumentationBackend( 6345): Added:'GetPreferences', with key:'get_preferences'
12-09 07:45:06.997 I/AccountManagerService( 1596): getTypesVisibleToCaller: isPermitted? true
12-09 07:45:07.032 I/InstrumentationBackend( 6345): Added:'SetPreferences', with key:'set_preferences'
12-09 07:45:07.039 I/InstrumentationBackend( 6345): Added:'ClearPreferences', with key:'clear_preferences'
12-09 07:45:07.039 I/InstrumentationBackend( 6345): Added:'PressElement', with key:'press_l10n_element'
12-09 07:45:07.039 I/InstrumentationBackend( 6345): Added:'WaitForElement', with key:'wait_for_l10n_element'
12-09 07:45:07.039 I/InstrumentationBackend( 6345): Added:'NullAction', with key:'nullAction'
12-09 07:45:07.040 I/InstrumentationBackend( 6345): Added:'PressKey', with key:'press_key'
12-09 07:45:07.040 I/InstrumentationBackend( 6345): Added:'SetActivityOrientation', with key:'set_activity_orientation'
12-09 07:45:07.040 I/InstrumentationBackend( 6345): Added:'GetActivityOrientation', with key:'get_activity_orientation'
12-09 07:45:07.040 I/InstrumentationBackend( 6345): Added:'FakeGPSLocation', with key:'set_gps_coordinates'
12-09 07:45:07.040 I/InstrumentationBackend( 6345): Added:'SetPropertyByCssSelector', with key:'set_property_by_css_selector'
12-09 07:45:07.041 I/InstrumentationBackend( 6345): Added:'GetUrl', with key:'get_url'
12-09 07:45:07.041 I/InstrumentationBackend( 6345): Added:'ScrollTo', with key:'scroll_to'
12-09 07:45:07.041 I/InstrumentationBackend( 6345): Added:'GetLoadProgress', with key:'get_load_progress'
12-09 07:45:07.042 I/InstrumentationBackend( 6345): Added:'DumpHtml', with key:'dump_html'
12-09 07:45:07.042 I/InstrumentationBackend( 6345): Added:'DumpBodyHtml', with key:'dump_body_html'
12-09 07:45:07.043 I/InstrumentationBackend( 6345): Added:'EnterTextByCssSelector', with key:'enter_text_by_selector'
12-09 07:45:07.044 I/InstrumentationBackend( 6345): Added:'AndroidSDKVersion', with key:'android_sdk_version'
12-09 07:45:07.044 I/InstrumentationBackend( 6345): Added:'Version', with key:'version'
12-09 07:45:07.044 I/InstrumentationBackend( 6345): Added:'Drag', with key:'drag'
12-09 07:45:07.045 I/InstrumentationBackend( 6345): Added:'TouchCoordinates', with key:'touch_coordinate'
12-09 07:45:07.045 I/InstrumentationBackend( 6345): Added:'LongPressCoordinate', with key:'long_press_coordinate'
12-09 07:45:07.045 I/InstrumentationBackend( 6345): Added:'DragCoordinates', with key:'drag_coordinates'
12-09 07:45:07.045 I/InstrumentationBackend( 6345): Added:'ResumeApplication', with key:'resume_application'
12-09 07:45:07.045 I/InstrumentationBackend( 6345): Added:'Swipe', with key:'swipe'
12-09 07:45:07.045 I/InstrumentationBackend( 6345): Added:'DoubleTapCoordinate', with key:'double_tap_coordinate'
12-09 07:45:07.046 I/InstrumentationBackend( 6345): Added:'ClickOnScreen', with key:'click_on_screen'
12-09 07:45:07.046 I/InstrumentationBackend( 6345): Added:'GetActivityName', with key:'get_activity_name'
12-09 07:45:07.047 I/InstrumentationBackend( 6345): Added:'ScrollToView', with key:'scroll_to_view'
12-09 07:45:07.050 I/InstrumentationBackend( 6345): Added:'ViewConfiguration', with key:'view_configuration'
12-09 07:45:07.051 I/InstrumentationBackend( 6345): Added:'IsCurrentActivityFocused', with key:'is_current_activity_focused'
12-09 07:45:07.051 I/InstrumentationBackend( 6345): Added:'SendTcp', with key:'send_tcp'
12-09 07:45:07.051 I/InstrumentationBackend( 6345): Added:'DpToDevicePixel', with key:'dp_to_device_pixel'
12-09 07:45:07.051 I/InstrumentationBackend( 6345): Added:'KeyboardEnterText', with key:'keyboard_enter_text'
12-09 07:45:07.052 I/InstrumentationBackend( 6345): Added:'DeleteSurroundingText', with key:'delete_surrounding_text'
12-09 07:45:07.052 I/InstrumentationBackend( 6345): Added:'SetComposingRegion', with key:'set_composing_region'
12-09 07:45:07.052 I/InstrumentationBackend( 6345): Added:'SetSelection', with key:'set_selection'
12-09 07:45:07.052 I/InstrumentationBackend( 6345): Added:'KeyboardKeyEvent', with key:'keyboard_key_event'
12-09 07:45:07.058 I/InstrumentationBackend( 6345): Added:'PressUserActionButton', with key:'press_user_action_button'
12-09 07:45:07.059 I/InstrumentationBackend( 6345): Added:'HideSoftKeyboard', with key:'hide_soft_keyboard'
12-09 07:45:07.059 I/InstrumentationBackend( 6345): Added:'ListActions', with key:'list_actions'
12-09 07:45:07.059 I/calabash( 6345): Instantiating http server at 7102
12-09 07:45:07.060 I/System.out( 6345): HTTP Daemon listening on: 7102
12-09 07:45:07.167 I/System.out( 6345): URI: //ping
12-09 07:45:07.175 I/System.out( 6345): params: {json={}
12-09 07:45:07.175 I/System.out( 6345): }
12-09 07:45:07.195 I/System.out( 6345): URI: //ping
12-09 07:45:07.195 I/System.out( 6345): params: {json={}
12-09 07:45:07.195 I/System.out( 6345): }
12-09 07:45:07.279 I/System.out( 6345): URI: //ready
12-09 07:45:07.279 I/System.out( 6345): params: {json={}
12-09 07:45:07.279 I/System.out( 6345): }
12-09 07:45:07.335 I/System.out( 6345): URI: //
12-09 07:45:07.335 I/System.out( 6345): params: {json={"command":"version","arguments":[]}
12-09 07:45:07.335 I/System.out( 6345): }
12-09 07:45:07.335 I/System.out( 6345): header: {date=Sun, 09 Dec 2018 07:45:07 GMT, accept=*/*, content-length=36, host=127.0.0.1:34777, user-agent=HTTPClient/1.0 (2.8.3, ruby 2.3.1 (2016-04-26)), content-type=application/json;charset=utf-8}
12-09 07:45:07.335 I/System.out( 6345): params: {json={"command":"version","arguments":[]}
12-09 07:45:07.335 I/System.out( 6345): }
12-09 07:45:07.335 I/System.out( 6345): ProP json = {"command":"version","arguments":[]}
12-09 07:45:07.335 I/System.out( 6345): files: {}
12-09 07:45:07.335 I/System.out( 6345): command: {"command":"version","arguments":[]}
12-09 07:45:07.345 I/InstrumentationBackend( 6345): Got command:'Command:'Line:null,version', arguments:'[]'
12-09 07:45:07.362 I/System.out( 6345): result:{"bonusInformation":[],"message":"0.9.8","success":true}
12-09 07:45:07.459 I/System.out( 6345): URI: //start-application
12-09 07:45:07.459 I/System.out( 6345): params: {json={"intent":null}
12-09 07:45:07.459 I/System.out( 6345): }
12-09 07:45:07.675 I/ActivityManager( 1596): START u0 {act=android.intent.action.MAIN cat=[android.intent.category.LAUNCHER] flg=0x10200000 cmp=com.evancharlton.mileage/.Mileage} from uid 10119 on display 0
12-09 07:45:07.714 I/art     ( 6345): Background partial concurrent mark sweep GC freed 37146(2MB) AllocSpace objects, 15(300KB) LOS objects, 45% free, 1224KB/2MB, paused 1.094ms total 218.764ms
12-09 07:45:07.975 D/gralloc_ranchu( 1219): gralloc_alloc: Creating ashmem region of size 3686400
12-09 07:45:07.980 W/art     ( 1596): Long monitor contention event with owner method=void com.android.server.am.ActivityManagerService.activityPaused(android.os.IBinder) from ActivityManagerService.java:6439 waiters=0 for 260ms
12-09 07:45:07.981 I/calabash( 6345): newActivity1
12-09 07:45:08.016 I/calabash( 6345): newActivity1
12-09 07:45:08.018 W/ActivityManager( 1596): Bad activity token: android.os.BinderProxy@9fd65f6
12-09 07:45:08.018 W/ActivityManager( 1596): java.lang.ClassCastException: android.os.BinderProxy cannot be cast to com.android.server.am.ActivityRecord$Token
12-09 07:45:08.018 W/ActivityManager( 1596): 	at com.android.server.am.ActivityRecord.forTokenLocked(ActivityRecord.java:424)
12-09 07:45:08.018 W/ActivityManager( 1596): 	at com.android.server.am.ActivityRecord.isInStackLocked(ActivityRecord.java:1121)
12-09 07:45:08.018 W/ActivityManager( 1596): 	at com.android.server.am.ActivityRecord.getStackLocked(ActivityRecord.java:1126)
12-09 07:45:08.018 W/ActivityManager( 1596): 	at com.android.server.am.ActivityManagerService.getActivityDisplayId(ActivityManagerService.java:8889)
12-09 07:45:08.018 W/ActivityManager( 1596): 	at android.app.ActivityManagerNative.onTransact(ActivityManagerNative.java:2338)
12-09 07:45:08.018 W/ActivityManager( 1596): 	at com.android.server.am.ActivityManagerService.onTransact(ActivityManagerService.java:2443)
12-09 07:45:08.018 W/ActivityManager( 1596): 	at android.os.Binder.execTransact(Binder.java:453)
12-09 07:45:08.039 W/ActivityManager( 1596): Bad activity token: android.os.BinderProxy@9fd65f6
12-09 07:45:08.039 W/ActivityManager( 1596): java.lang.ClassCastException: android.os.BinderProxy cannot be cast to com.android.server.am.ActivityRecord$Token
12-09 07:45:08.039 W/ActivityManager( 1596): 	at com.android.server.am.ActivityRecord.forTokenLocked(ActivityRecord.java:424)
12-09 07:45:08.039 W/ActivityManager( 1596): 	at com.android.server.am.ActivityRecord.isInStackLocked(ActivityRecord.java:1121)
12-09 07:45:08.039 W/ActivityManager( 1596): 	at com.android.server.am.ActivityManagerService.setTaskDescription(ActivityManagerService.java:8547)
12-09 07:45:08.039 W/ActivityManager( 1596): 	at android.app.ActivityManagerNative.onTransact(ActivityManagerNative.java:2410)
12-09 07:45:08.039 W/ActivityManager( 1596): 	at com.android.server.am.ActivityManagerService.onTransact(ActivityManagerService.java:2443)
12-09 07:45:08.039 W/ActivityManager( 1596): 	at android.os.Binder.execTransact(Binder.java:453)
12-09 07:45:08.220 V/PhoneStatusBar( 1695): setLightsOn(true)
12-09 07:45:08.259 D/EGL_emulation( 1928): eglMakeCurrent: 0x7fe0556f5040: ver 2 0 (tinfo 0x7fe0556c2e60)
12-09 07:45:08.262 E/Surface ( 1928): getSlotFromBufferLocked: unknown buffer: 0x7fe051c92460
12-09 07:45:08.571 D/FillupsProvider( 6345): Creating database
12-09 07:45:08.779 I/art     ( 6345): Background sticky concurrent mark sweep GC freed 7449(519KB) AllocSpace objects, 0(0B) LOS objects, 24% free, 1695KB/2MB, paused 6.393ms total 38.819ms
12-09 07:45:08.844 W/ActivityManager( 1596): Bad activity token: android.os.BinderProxy@9fd65f6
12-09 07:45:08.844 W/ActivityManager( 1596): java.lang.ClassCastException: android.os.BinderProxy cannot be cast to com.android.server.am.ActivityRecord$Token
12-09 07:45:08.844 W/ActivityManager( 1596): 	at com.android.server.am.ActivityRecord.forTokenLocked(ActivityRecord.java:424)
12-09 07:45:08.844 W/ActivityManager( 1596): 	at com.android.server.am.ActivityRecord.isInStackLocked(ActivityRecord.java:1121)
12-09 07:45:08.844 W/ActivityManager( 1596): 	at com.android.server.am.ActivityManagerService.getActivityOptions(ActivityManagerService.java:11038)
12-09 07:45:08.844 W/ActivityManager( 1596): 	at android.app.ActivityManagerNative.onTransact(ActivityManagerNative.java:1734)
12-09 07:45:08.844 W/ActivityManager( 1596): 	at com.android.server.am.ActivityManagerService.onTransact(ActivityManagerService.java:2443)
12-09 07:45:08.844 W/ActivityManager( 1596): 	at android.os.Binder.execTransact(Binder.java:453)
12-09 07:45:08.844 W/ActivityManager( 1596): Bad activity token: android.os.BinderProxy@9fd65f6
12-09 07:45:08.844 W/ActivityManager( 1596): java.lang.ClassCastException: android.os.BinderProxy cannot be cast to com.android.server.am.ActivityRecord$Token
12-09 07:45:08.844 W/ActivityManager( 1596): 	at com.android.server.am.ActivityRecord.forTokenLocked(ActivityRecord.java:424)
12-09 07:45:08.844 W/ActivityManager( 1596): 	at com.android.server.am.ActivityRecord.isInStackLocked(ActivityRecord.java:1121)
12-09 07:45:08.844 W/ActivityManager( 1596): 	at com.android.server.am.ActivityManagerService.getActivityOptions(ActivityManagerService.java:11038)
12-09 07:45:08.844 W/ActivityManager( 1596): 	at android.app.ActivityManagerNative.onTransact(ActivityManagerNative.java:1734)
12-09 07:45:08.844 W/ActivityManager( 1596): 	at com.android.server.am.ActivityManagerService.onTransact(ActivityManagerService.java:2443)
12-09 07:45:08.844 W/ActivityManager( 1596): 	at android.os.Binder.execTransact(Binder.java:453)
12-09 07:45:09.035 I/art     ( 1596): Background partial concurrent mark sweep GC freed 34798(2MB) AllocSpace objects, 17(340KB) LOS objects, 29% free, 9MB/13MB, paused 4.403ms total 114.116ms
12-09 07:45:09.181 W/art     ( 1596): Long monitor contention event with owner method=void com.android.server.wm.WindowAnimator$1.doFrame(long) from WindowAnimator.java:121 waiters=0 for 156ms
12-09 07:45:09.590 D/gralloc_ranchu( 1219): gralloc_alloc: Creating ashmem region of size 3686400
12-09 07:45:09.691 D/        ( 6345): HostConnection::get() New Host Connection established 0x7fe051cfd280, tid 6345
12-09 07:45:09.804 I/ActivityManager( 1596): Displayed com.evancharlton.mileage/.Mileage: +1s897ms
12-09 07:45:09.847 D/gralloc_ranchu( 1219): gralloc_alloc: Creating ashmem region of size 3686400
12-09 07:45:10.450 I/art     ( 6345): Background sticky concurrent mark sweep GC freed 1920(142KB) AllocSpace objects, 0(0B) LOS objects, 13% free, 1955KB/2MB, paused 14.151ms total 97.893ms
12-09 07:45:10.597 I/System.out( 6345): URI: //
12-09 07:45:10.597 I/System.out( 6345): params: {json={"command":"set_activity_orientation","arguments":["landscape"]}
12-09 07:45:10.597 I/System.out( 6345): }
12-09 07:45:10.597 I/System.out( 6345): header: {date=Sun, 09 Dec 2018 07:45:11 GMT, accept=*/*, content-length=64, host=127.0.0.1:34777, user-agent=HTTPClient/1.0 (2.8.3, ruby 2.3.1 (2016-04-26)), content-type=application/json;charset=utf-8}
12-09 07:45:10.597 I/System.out( 6345): params: {json={"command":"set_activity_orientation","arguments":["landscape"]}
12-09 07:45:10.597 I/System.out( 6345): }
12-09 07:45:10.597 I/System.out( 6345): ProP json = {"command":"set_activity_orientation","arguments":["landscape"]}
12-09 07:45:10.597 I/System.out( 6345): files: {}
12-09 07:45:10.597 I/System.out( 6345): command: {"command":"set_activity_orientation","arguments":["landscape"]}
12-09 07:45:10.600 I/InstrumentationBackend( 6345): Got command:'Command:'Line:null,set_activity_orientation', arguments:'[landscape]'
12-09 07:45:10.623 D/gralloc_ranchu( 1219): gralloc_alloc: Creating ashmem region of size 3686400
12-09 07:45:10.827 D/gralloc_ranchu( 1219): gralloc_alloc: Creating ashmem region of size 3686400
12-09 07:45:11.036 E/EGL_emulation( 1219): tid 1219: eglCreateSyncKHR(1881): error 0x3004 (EGL_BAD_ATTRIBUTE)
12-09 07:45:11.243 I/ActivityManager( 1596): Config changes=480 {1.0 310mcc260mnc en_US ldltr sw720dp w1280dp h696dp 160dpi xlrg long land finger -keyb/v/h tball/v s.11}
12-09 07:45:11.268 I/InputReader( 1596): Reconfiguring input devices.  changes=0x00000004
12-09 07:45:11.268 I/InputReader( 1596): Device reconfigured: id=0, name='qwerty2', size 720x1280, orientation 1, mode 1, display id 0
12-09 07:45:11.504 I/calabash( 6345): newActivity1
12-09 07:45:11.504 W/art     ( 1596): Long monitor contention event with owner method=void com.android.server.am.ActivityManagerService.setRequestedOrientation(android.os.IBinder, int) from ActivityManagerService.java:4192 waiters=0 for 730ms
12-09 07:45:11.505 W/art     ( 1596): Long monitor contention event with owner method=void com.android.server.am.ActivityManagerService.setRequestedOrientation(android.os.IBinder, int) from ActivityManagerService.java:4192 waiters=1 for 329ms
12-09 07:45:11.528 I/calabash( 6345): newActivity1
12-09 07:45:11.529 W/ActivityManager( 1596): Bad activity token: android.os.BinderProxy@784410b
12-09 07:45:11.529 W/ActivityManager( 1596): java.lang.ClassCastException: android.os.BinderProxy cannot be cast to com.android.server.am.ActivityRecord$Token
12-09 07:45:11.529 W/ActivityManager( 1596): 	at com.android.server.am.ActivityRecord.forTokenLocked(ActivityRecord.java:424)
12-09 07:45:11.529 W/ActivityManager( 1596): 	at com.android.server.am.ActivityRecord.isInStackLocked(ActivityRecord.java:1121)
12-09 07:45:11.529 W/ActivityManager( 1596): 	at com.android.server.am.ActivityRecord.getStackLocked(ActivityRecord.java:1126)
12-09 07:45:11.529 W/ActivityManager( 1596): 	at com.android.server.am.ActivityManagerService.getActivityDisplayId(ActivityManagerService.java:8889)
12-09 07:45:11.529 W/ActivityManager( 1596): 	at android.app.ActivityManagerNative.onTransact(ActivityManagerNative.java:2338)
12-09 07:45:11.529 W/ActivityManager( 1596): 	at com.android.server.am.ActivityManagerService.onTransact(ActivityManagerService.java:2443)
12-09 07:45:11.529 W/ActivityManager( 1596): 	at android.os.Binder.execTransact(Binder.java:453)
12-09 07:45:11.529 W/ActivityManager( 1596): Bad activity token: android.os.BinderProxy@784410b
12-09 07:45:11.529 W/ActivityManager( 1596): java.lang.ClassCastException: android.os.BinderProxy cannot be cast to com.android.server.am.ActivityRecord$Token
12-09 07:45:11.529 W/ActivityManager( 1596): 	at com.android.server.am.ActivityRecord.forTokenLocked(ActivityRecord.java:424)
12-09 07:45:11.529 W/ActivityManager( 1596): 	at com.android.server.am.ActivityRecord.isInStackLocked(ActivityRecord.java:1121)
12-09 07:45:11.529 W/ActivityManager( 1596): 	at com.android.server.am.ActivityManagerService.setTaskDescription(ActivityManagerService.java:8547)
12-09 07:45:11.529 W/ActivityManager( 1596): 	at android.app.ActivityManagerNative.onTransact(ActivityManagerNative.java:2410)
12-09 07:45:11.529 W/ActivityManager( 1596): 	at com.android.server.am.ActivityManagerService.onTransact(ActivityManagerService.java:2443)
12-09 07:45:11.529 W/ActivityManager( 1596): 	at android.os.Binder.execTransact(Binder.java:453)
12-09 07:45:11.601 W/ActivityManager( 1596): Bad activity token: android.os.BinderProxy@784410b
12-09 07:45:11.601 W/ActivityManager( 1596): java.lang.ClassCastException: android.os.BinderProxy cannot be cast to com.android.server.am.ActivityRecord$Token
12-09 07:45:11.601 W/ActivityManager( 1596): 	at com.android.server.am.ActivityRecord.forTokenLocked(ActivityRecord.java:424)
12-09 07:45:11.601 W/ActivityManager( 1596): 	at com.android.server.am.ActivityRecord.isInStackLocked(ActivityRecord.java:1121)
12-09 07:45:11.601 W/ActivityManager( 1596): 	at com.android.server.am.ActivityManagerService.getActivityOptions(ActivityManagerService.java:11038)
12-09 07:45:11.601 W/ActivityManager( 1596): 	at android.app.ActivityManagerNative.onTransact(ActivityManagerNative.java:1734)
12-09 07:45:11.601 W/ActivityManager( 1596): 	at com.android.server.am.ActivityManagerService.onTransact(ActivityManagerService.java:2443)
12-09 07:45:11.601 W/ActivityManager( 1596): 	at android.os.Binder.execTransact(Binder.java:453)
12-09 07:45:11.602 W/ActivityManager( 1596): Bad activity token: android.os.BinderProxy@784410b
12-09 07:45:11.602 W/ActivityManager( 1596): java.lang.ClassCastException: android.os.BinderProxy cannot be cast to com.android.server.am.ActivityRecord$Token
12-09 07:45:11.602 W/ActivityManager( 1596): 	at com.android.server.am.ActivityRecord.forTokenLocked(ActivityRecord.java:424)
12-09 07:45:11.602 W/ActivityManager( 1596): 	at com.android.server.am.ActivityRecord.isInStackLocked(ActivityRecord.java:1121)
12-09 07:45:11.602 W/ActivityManager( 1596): 	at com.android.server.am.ActivityManagerService.getActivityOptions(ActivityManagerService.java:11038)
12-09 07:45:11.602 W/ActivityManager( 1596): 	at android.app.ActivityManagerNative.onTransact(ActivityManagerNative.java:1734)
12-09 07:45:11.602 W/ActivityManager( 1596): 	at com.android.server.am.ActivityManagerService.onTransact(ActivityManagerService.java:2443)
12-09 07:45:11.602 W/ActivityManager( 1596): 	at android.os.Binder.execTransact(Binder.java:453)
12-09 07:45:11.631 D/EGL_emulation( 1695): eglMakeCurrent: 0x7fe0556f5cc0: ver 2 0 (tinfo 0x7fe049eff400)
12-09 07:45:11.636 I/System.out( 6345): result:{"bonusInformation":[],"message":"","success":true}
12-09 07:45:11.639 E/Surface ( 1695): getSlotFromBufferLocked: unknown buffer: 0x7fe0556f7660
12-09 07:45:11.647 D/EGL_emulation( 1695): eglMakeCurrent: 0x7fe0556f5cc0: ver 2 0 (tinfo 0x7fe049eff400)
12-09 07:45:11.933 D/gralloc_ranchu( 1219): gralloc_alloc: Creating ashmem region of size 3686400
12-09 07:45:12.094 I/WindowManager( 1596): Screen frozen for +1s493ms due to Window{7316201 u0 com.evancharlton.mileage/com.evancharlton.mileage.Mileage}
12-09 07:45:12.108 D/gralloc_ranchu( 1219): gralloc_alloc: Creating ashmem region of size 3686400
12-09 07:45:13.096 D/gralloc_ranchu( 1219): gralloc_alloc: Creating ashmem region of size 3686400
12-09 07:45:13.899 E/SurfaceFlinger( 1219): ro.sf.lcd_density must be defined as a build property
12-09 07:45:13.931 D/gralloc_ranchu( 1219): gralloc_alloc: Creating ashmem region of size 3686400
12-09 07:45:14.062 D/        ( 6377): HostConnection::get() New Host Connection established 0x7f85fe492480, tid 6377
12-09 07:45:14.143 E/EGL_emulation( 1219): tid 1219: eglCreateSyncKHR(1881): error 0x3004 (EGL_BAD_ATTRIBUTE)
12-09 07:45:14.415 I/art     ( 1596): Starting a blocking GC Explicit
12-09 07:45:14.462 I/art     ( 1596): Explicit concurrent mark sweep GC freed 7306(495KB) AllocSpace objects, 1(20KB) LOS objects, 30% free, 9MB/13MB, paused 1.556ms total 46.670ms
12-09 07:45:14.767 I/System.out( 6345): URI: //
12-09 07:45:14.767 I/System.out( 6345): params: {json={"command":"set_activity_orientation","arguments":["portrait"]}
12-09 07:45:14.767 I/System.out( 6345): }
12-09 07:45:14.767 I/System.out( 6345): header: {date=Sun, 09 Dec 2018 07:45:15 GMT, accept=*/*, content-length=63, host=127.0.0.1:34777, user-agent=HTTPClient/1.0 (2.8.3, ruby 2.3.1 (2016-04-26)), content-type=application/json;charset=utf-8}
12-09 07:45:14.767 I/System.out( 6345): params: {json={"command":"set_activity_orientation","arguments":["portrait"]}
12-09 07:45:14.767 I/System.out( 6345): }
12-09 07:45:14.767 I/System.out( 6345): ProP json = {"command":"set_activity_orientation","arguments":["portrait"]}
12-09 07:45:14.767 I/System.out( 6345): files: {}
12-09 07:45:14.767 I/System.out( 6345): command: {"command":"set_activity_orientation","arguments":["portrait"]}
12-09 07:45:14.768 I/InstrumentationBackend( 6345): Got command:'Command:'Line:null,set_activity_orientation', arguments:'[portrait]'
12-09 07:45:14.780 D/gralloc_ranchu( 1219): gralloc_alloc: Creating ashmem region of size 3686400
12-09 07:45:14.887 E/EGL_emulation( 1219): tid 1219: eglCreateSyncKHR(1881): error 0x3004 (EGL_BAD_ATTRIBUTE)
12-09 07:45:15.043 I/InputReader( 1596): Reconfiguring input devices.  changes=0x00000004
12-09 07:45:15.044 I/InputReader( 1596): Device reconfigured: id=0, name='qwerty2', size 720x1280, orientation 0, mode 1, display id 0
12-09 07:45:15.047 I/ActivityManager( 1596): Config changes=480 {1.0 310mcc260mnc en_US ldltr sw720dp w720dp h1256dp 160dpi xlrg long port finger -keyb/v/h tball/v s.12}
12-09 07:45:15.214 W/art     ( 1596): Long monitor contention event with owner method=void com.android.server.am.ActivityManagerService.setRequestedOrientation(android.os.IBinder, int) from ActivityManagerService.java:4192 waiters=0 for 272ms
12-09 07:45:15.244 W/art     ( 1596): Long monitor contention event with owner method=void com.android.server.am.ActivityManagerService.setRequestedOrientation(android.os.IBinder, int) from ActivityManagerService.java:4192 waiters=1 for 103ms
12-09 07:45:15.248 I/calabash( 6345): newActivity1
12-09 07:45:15.261 I/calabash( 6345): newActivity1
12-09 07:45:15.276 W/ActivityManager( 1596): Bad activity token: android.os.BinderProxy@a511d3d
12-09 07:45:15.276 W/ActivityManager( 1596): java.lang.ClassCastException: android.os.BinderProxy cannot be cast to com.android.server.am.ActivityRecord$Token
12-09 07:45:15.276 W/ActivityManager( 1596): 	at com.android.server.am.ActivityRecord.forTokenLocked(ActivityRecord.java:424)
12-09 07:45:15.276 W/ActivityManager( 1596): 	at com.android.server.am.ActivityRecord.isInStackLocked(ActivityRecord.java:1121)
12-09 07:45:15.276 W/ActivityManager( 1596): 	at com.android.server.am.ActivityRecord.getStackLocked(ActivityRecord.java:1126)
12-09 07:45:15.276 W/ActivityManager( 1596): 	at com.android.server.am.ActivityManagerService.getActivityDisplayId(ActivityManagerService.java:8889)
12-09 07:45:15.276 W/ActivityManager( 1596): 	at android.app.ActivityManagerNative.onTransact(ActivityManagerNative.java:2338)
12-09 07:45:15.276 W/ActivityManager( 1596): 	at com.android.server.am.ActivityManagerService.onTransact(ActivityManagerService.java:2443)
12-09 07:45:15.276 W/ActivityManager( 1596): 	at android.os.Binder.execTransact(Binder.java:453)
12-09 07:45:15.277 W/ActivityManager( 1596): Bad activity token: android.os.BinderProxy@a511d3d
12-09 07:45:15.277 W/ActivityManager( 1596): java.lang.ClassCastException: android.os.BinderProxy cannot be cast to com.android.server.am.ActivityRecord$Token
12-09 07:45:15.277 W/ActivityManager( 1596): 	at com.android.server.am.ActivityRecord.forTokenLocked(ActivityRecord.java:424)
12-09 07:45:15.277 W/ActivityManager( 1596): 	at com.android.server.am.ActivityRecord.isInStackLocked(ActivityRecord.java:1121)
12-09 07:45:15.277 W/ActivityManager( 1596): 	at com.android.server.am.ActivityManagerService.setTaskDescription(ActivityManagerService.java:8547)
12-09 07:45:15.277 W/ActivityManager( 1596): 	at android.app.ActivityManagerNative.onTransact(ActivityManagerNative.java:2410)
12-09 07:45:15.277 W/ActivityManager( 1596): 	at com.android.server.am.ActivityManagerService.onTransact(ActivityManagerService.java:2443)
12-09 07:45:15.277 W/ActivityManager( 1596): 	at android.os.Binder.execTransact(Binder.java:453)
12-09 07:45:15.355 W/ActivityManager( 1596): Bad activity token: android.os.BinderProxy@a511d3d
12-09 07:45:15.355 W/ActivityManager( 1596): java.lang.ClassCastException: android.os.BinderProxy cannot be cast to com.android.server.am.ActivityRecord$Token
12-09 07:45:15.355 W/ActivityManager( 1596): 	at com.android.server.am.ActivityRecord.forTokenLocked(ActivityRecord.java:424)
12-09 07:45:15.355 W/ActivityManager( 1596): 	at com.android.server.am.ActivityRecord.isInStackLocked(ActivityRecord.java:1121)
12-09 07:45:15.355 W/ActivityManager( 1596): 	at com.android.server.am.ActivityManagerService.getActivityOptions(ActivityManagerService.java:11038)
12-09 07:45:15.355 W/ActivityManager( 1596): 	at android.app.ActivityManagerNative.onTransact(ActivityManagerNative.java:1734)
12-09 07:45:15.355 W/ActivityManager( 1596): 	at com.android.server.am.ActivityManagerService.onTransact(ActivityManagerService.java:2443)
12-09 07:45:15.355 W/ActivityManager( 1596): 	at android.os.Binder.execTransact(Binder.java:453)
12-09 07:45:15.359 W/ActivityManager( 1596): Bad activity token: android.os.BinderProxy@a511d3d
12-09 07:45:15.359 W/ActivityManager( 1596): java.lang.ClassCastException: android.os.BinderProxy cannot be cast to com.android.server.am.ActivityRecord$Token
12-09 07:45:15.359 W/ActivityManager( 1596): 	at com.android.server.am.ActivityRecord.forTokenLocked(ActivityRecord.java:424)
12-09 07:45:15.359 W/ActivityManager( 1596): 	at com.android.server.am.ActivityRecord.isInStackLocked(ActivityRecord.java:1121)
12-09 07:45:15.359 W/ActivityManager( 1596): 	at com.android.server.am.ActivityManagerService.getActivityOptions(ActivityManagerService.java:11038)
12-09 07:45:15.359 W/ActivityManager( 1596): 	at android.app.ActivityManagerNative.onTransact(ActivityManagerNative.java:1734)
12-09 07:45:15.359 W/ActivityManager( 1596): 	at com.android.server.am.ActivityManagerService.onTransact(ActivityManagerService.java:2443)
12-09 07:45:15.359 W/ActivityManager( 1596): 	at android.os.Binder.execTransact(Binder.java:453)
12-09 07:45:15.435 I/System.out( 6345): result:{"bonusInformation":[],"message":"","success":true}
12-09 07:45:15.495 D/EGL_emulation( 1695): eglMakeCurrent: 0x7fe0556f5cc0: ver 2 0 (tinfo 0x7fe049eff400)
12-09 07:45:15.528 E/Surface ( 1695): getSlotFromBufferLocked: unknown buffer: 0x7fe0556f78e0
12-09 07:45:15.530 D/EGL_emulation( 1695): eglMakeCurrent: 0x7fe0556f5cc0: ver 2 0 (tinfo 0x7fe049eff400)
12-09 07:45:15.568 I/WindowManager( 1596): Screen frozen for +790ms due to Window{80c7701 u0 StatusBar}
12-09 07:45:15.798 W/art     ( 1596): Long monitor contention event with owner method=void com.android.server.wm.WindowManagerService$H.handleMessage(android.os.Message) from WindowManagerService.java:7820 waiters=0 for 154ms
12-09 07:45:15.927 D/gralloc_ranchu( 1219): gralloc_alloc: Creating ashmem region of size 3686400
12-09 07:45:16.175 W/art     ( 1596): Long monitor contention event with owner method=void com.android.server.wm.WindowAnimator$1.doFrame(long) from WindowAnimator.java:121 waiters=0 for 149ms
12-09 07:45:16.364 D/gralloc_ranchu( 1219): gralloc_alloc: Creating ashmem region of size 3686400
12-09 07:45:16.936 D/gralloc_ranchu( 1219): gralloc_alloc: Creating ashmem region of size 3686400
12-09 07:45:17.719 E/SurfaceFlinger( 1219): ro.sf.lcd_density must be defined as a build property
12-09 07:45:17.777 I/art     ( 1596): Starting a blocking GC Explicit
12-09 07:45:17.783 D/gralloc_ranchu( 1219): gralloc_alloc: Creating ashmem region of size 3686400
12-09 07:45:17.810 I/art     ( 1596): Explicit concurrent mark sweep GC freed 2451(180KB) AllocSpace objects, 0(0B) LOS objects, 30% free, 9MB/13MB, paused 1.282ms total 32.623ms
12-09 07:45:17.826 D/        ( 6383): HostConnection::get() New Host Connection established 0x7fa60c052480, tid 6383
12-09 07:45:17.841 E/EGL_emulation( 1219): tid 1219: eglCreateSyncKHR(1881): error 0x3004 (EGL_BAD_ATTRIBUTE)
