12-09 07:38:48.052 D/Mileage.ABS( 4305): Not backing up; 520
12-09 07:38:48.110 W/audio_hw_generic( 1307): Not supplying enough data to HAL, expected position 2654287 , only wrote 2653915
12-09 07:38:48.125 I/art     ( 4305): Background sticky concurrent mark sweep GC freed 50614(2MB) AllocSpace objects, 2(40KB) LOS objects, 32% free, 3MB/5MB, paused 9.297ms total 34.885ms
12-09 07:38:48.131 W/audio_hw_generic( 1307): Not supplying enough data to HAL, expected position 2654836 , only wrote 2654576
12-09 07:38:48.135 W/CursorWrapperInner( 4305): Cursor finalized without prior close()
12-09 07:38:48.159 W/CursorWrapperInner( 4305): Cursor finalized without prior close()
12-09 07:38:48.406 D/Mileage.ABS( 4305): Not backing up; 874
12-09 07:38:48.407 D/Mileage.ABS( 4305): Not backing up; 875
12-09 07:38:48.458 W/audio_hw_generic( 1307): Not supplying enough data to HAL, expected position 2668987 , only wrote 2666474
12-09 07:38:48.458 W/audio_hw_generic( 1307): Not supplying enough data to HAL, expected position 2666481 , only wrote 2666474
12-09 07:38:48.479 W/audio_hw_generic( 1307): Not supplying enough data to HAL, expected position 2667407 , only wrote 2667135
12-09 07:38:48.653 D/Mileage.ABS( 4305): Finished backup
12-09 07:38:48.664 D/Mileage.ABS( 4305): Not backing up; 13
12-09 07:38:48.753 D/Mileage.ABS( 4305): Not backing up; 102
12-09 07:38:48.754 D/Mileage.ABS( 4305): Not backing up; 103
12-09 07:38:48.754 D/Mileage.ABS( 4305): Not backing up; 103
12-09 07:38:48.817 E/SurfaceFlinger( 1219): ro.sf.lcd_density must be defined as a build property
12-09 07:38:48.877 W/audio_hw_generic( 1307): Not supplying enough data to HAL, expected position 2684690 , only wrote 2682999
12-09 07:38:48.877 W/audio_hw_generic( 1307): Not supplying enough data to HAL, expected position 2683005 , only wrote 2682999
12-09 07:38:48.894 D/gralloc_ranchu( 1219): gralloc_alloc: Creating ashmem region of size 3686400
12-09 07:38:48.911 D/Mileage.ABS( 4305): Not backing up; 260
12-09 07:38:48.912 D/Mileage.ABS( 4305): Not backing up; 261
12-09 07:38:48.961 W/audio_hw_generic( 1307): Not supplying enough data to HAL, expected position 2686680 , only wrote 2683660
12-09 07:38:48.980 D/        ( 4364): HostConnection::get() New Host Connection established 0x7f7d40812480, tid 4364
12-09 07:38:49.070 E/EGL_emulation( 1219): tid 1219: eglCreateSyncKHR(1881): error 0x3004 (EGL_BAD_ATTRIBUTE)
12-09 07:38:49.150 D/Mileage.ABS( 4305): Not backing up; 499
12-09 07:38:49.159 D/Mileage.ABS( 4305): Not backing up; 508
12-09 07:38:49.160 D/Mileage.ABS( 4305): Not backing up; 509
12-09 07:38:49.339 D/VehicleStatisticsAdapter( 4305): Caching of 29 records complete! (2.805 seconds)
12-09 07:38:49.353 D/Mileage.ABS( 4305): Not backing up; 702
12-09 07:38:49.376 D/Mileage.ABS( 4305): Not backing up; 725
12-09 07:38:49.378 D/Mileage.ABS( 4305): Not backing up; 727
12-09 07:38:49.378 D/Mileage.ABS( 4305): Not backing up; 727
12-09 07:38:49.378 D/Mileage.ABS( 4305): Not backing up; 727
12-09 07:38:49.378 D/Mileage.ABS( 4305): Not backing up; 727
12-09 07:38:49.379 D/Mileage.ABS( 4305): Not backing up; 727
12-09 07:38:49.424 D/VehicleStatisticsAdapter( 4305): Caching of 29 records complete! (3.03 seconds)
12-09 07:38:49.519 D/Mileage.ABS( 4305): Not backing up; 868
12-09 07:38:49.520 D/Mileage.ABS( 4305): Not backing up; 869
12-09 07:38:49.578 W/audio_hw_generic( 1307): Not supplying enough data to HAL, expected position 2710857 , only wrote 2710761
12-09 07:38:49.578 W/audio_hw_generic( 1307): Not supplying enough data to HAL, expected position 2710769 , only wrote 2710761
12-09 07:38:49.605 W/audio_hw_generic( 1307): Not supplying enough data to HAL, expected position 2711981 , only wrote 2711422
12-09 07:38:49.745 W/audio_hw_generic( 1307): Not supplying enough data to HAL, expected position 2717569 , only wrote 2717371
12-09 07:38:49.805 W/audio_hw_generic( 1307): Not supplying enough data to HAL, expected position 2720019 , only wrote 2720015
12-09 07:38:49.805 W/audio_hw_generic( 1307): Not supplying enough data to HAL, expected position 2720021 , only wrote 2720015
12-09 07:38:49.841 W/audio_hw_generic( 1307): Not supplying enough data to HAL, expected position 2720932 , only wrote 2720676
12-09 07:38:49.841 W/audio_hw_generic( 1307): Not supplying enough data to HAL, expected position 2721364 , only wrote 2721337
12-09 07:38:49.842 W/audio_hw_generic( 1307): Not supplying enough data to HAL, expected position 2721342 , only wrote 2721337
12-09 07:38:49.974 I/System.out( 4305): URI: //
12-09 07:38:49.974 I/System.out( 4305): params: {json={"command":"set_activity_orientation","arguments":["landscape"]}
12-09 07:38:49.974 I/System.out( 4305): }
12-09 07:38:49.974 I/System.out( 4305): header: {date=Sun, 09 Dec 2018 07:38:50 GMT, accept=*/*, content-length=64, host=127.0.0.1:34777, user-agent=HTTPClient/1.0 (2.8.3, ruby 2.3.1 (2016-04-26)), content-type=application/json;charset=utf-8}
12-09 07:38:49.975 I/System.out( 4305): params: {json={"command":"set_activity_orientation","arguments":["landscape"]}
12-09 07:38:49.975 I/System.out( 4305): }
12-09 07:38:49.975 I/System.out( 4305): ProP json = {"command":"set_activity_orientation","arguments":["landscape"]}
12-09 07:38:49.975 I/System.out( 4305): files: {}
12-09 07:38:49.975 I/System.out( 4305): command: {"command":"set_activity_orientation","arguments":["landscape"]}
12-09 07:38:49.976 I/InstrumentationBackend( 4305): Got command:'Command:'Line:null,set_activity_orientation', arguments:'[landscape]'
12-09 07:38:50.088 D/gralloc_ranchu( 1219): gralloc_alloc: Creating ashmem region of size 3686400
12-09 07:38:50.114 E/EGL_emulation( 1219): tid 1219: eglCreateSyncKHR(1881): error 0x3004 (EGL_BAD_ATTRIBUTE)
12-09 07:38:50.330 I/ActivityManager( 1593): Config changes=480 {1.0 310mcc260mnc en_US ldltr sw720dp w1280dp h696dp 160dpi xlrg long land finger -keyb/v/h tball/v s.8}
12-09 07:38:50.337 I/InputReader( 1593): Reconfiguring input devices.  changes=0x00000004
12-09 07:38:50.337 I/InputReader( 1593): Device reconfigured: id=0, name='qwerty2', size 720x1280, orientation 1, mode 1, display id 0
12-09 07:38:50.337 I/InputReader( 1593): Reconfiguring input devices.  changes=0x00000004
12-09 07:38:50.477 W/audio_hw_generic( 1307): Not supplying enough data to HAL, expected position 2749380 , only wrote 2745794
12-09 07:38:50.478 W/audio_hw_generic( 1307): Not supplying enough data to HAL, expected position 2745800 , only wrote 2745794
12-09 07:38:50.493 W/audio_hw_generic( 1307): Not supplying enough data to HAL, expected position 2746474 , only wrote 2746455
12-09 07:38:50.540 W/art     ( 1593): Long monitor contention event with owner method=void com.android.server.am.ActivityManagerService.setRequestedOrientation(android.os.IBinder, int) from ActivityManagerService.java:4192 waiters=0 for 345ms
12-09 07:38:50.551 I/calabash( 4305): newActivity1
12-09 07:38:50.588 I/calabash( 4305): newActivity1
12-09 07:38:50.596 W/ActivityManager( 1593): Bad activity token: android.os.BinderProxy@6c7bbea
12-09 07:38:50.596 W/ActivityManager( 1593): java.lang.ClassCastException: android.os.BinderProxy cannot be cast to com.android.server.am.ActivityRecord$Token
12-09 07:38:50.596 W/ActivityManager( 1593): 	at com.android.server.am.ActivityRecord.forTokenLocked(ActivityRecord.java:424)
12-09 07:38:50.596 W/ActivityManager( 1593): 	at com.android.server.am.ActivityRecord.isInStackLocked(ActivityRecord.java:1121)
12-09 07:38:50.596 W/ActivityManager( 1593): 	at com.android.server.am.ActivityRecord.getStackLocked(ActivityRecord.java:1126)
12-09 07:38:50.596 W/ActivityManager( 1593): 	at com.android.server.am.ActivityManagerService.getActivityDisplayId(ActivityManagerService.java:8889)
12-09 07:38:50.596 W/ActivityManager( 1593): 	at android.app.ActivityManagerNative.onTransact(ActivityManagerNative.java:2338)
12-09 07:38:50.596 W/ActivityManager( 1593): 	at com.android.server.am.ActivityManagerService.onTransact(ActivityManagerService.java:2443)
12-09 07:38:50.596 W/ActivityManager( 1593): 	at android.os.Binder.execTransact(Binder.java:453)
12-09 07:38:50.598 W/ActivityManager( 1593): Bad activity token: android.os.BinderProxy@6c7bbea
12-09 07:38:50.598 W/ActivityManager( 1593): java.lang.ClassCastException: android.os.BinderProxy cannot be cast to com.android.server.am.ActivityRecord$Token
12-09 07:38:50.598 W/ActivityManager( 1593): 	at com.android.server.am.ActivityRecord.forTokenLocked(ActivityRecord.java:424)
12-09 07:38:50.598 W/ActivityManager( 1593): 	at com.android.server.am.ActivityRecord.isInStackLocked(ActivityRecord.java:1121)
12-09 07:38:50.598 W/ActivityManager( 1593): 	at com.android.server.am.ActivityManagerService.setTaskDescription(ActivityManagerService.java:8547)
12-09 07:38:50.598 W/ActivityManager( 1593): 	at android.app.ActivityManagerNative.onTransact(ActivityManagerNative.java:2410)
12-09 07:38:50.598 W/ActivityManager( 1593): 	at com.android.server.am.ActivityManagerService.onTransact(ActivityManagerService.java:2443)
12-09 07:38:50.598 W/ActivityManager( 1593): 	at android.os.Binder.execTransact(Binder.java:453)
12-09 07:38:50.610 W/ActivityManager( 1593): Bad activity token: android.os.BinderProxy@6c7bbea
12-09 07:38:50.610 W/ActivityManager( 1593): java.lang.ClassCastException: android.os.BinderProxy cannot be cast to com.android.server.am.ActivityRecord$Token
12-09 07:38:50.610 W/ActivityManager( 1593): 	at com.android.server.am.ActivityRecord.forTokenLocked(ActivityRecord.java:424)
12-09 07:38:50.610 W/ActivityManager( 1593): 	at com.android.server.am.ActivityRecord.isInStackLocked(ActivityRecord.java:1121)
12-09 07:38:50.610 W/ActivityManager( 1593): 	at com.android.server.am.ActivityManagerService.getActivityOptions(ActivityManagerService.java:11038)
12-09 07:38:50.610 W/ActivityManager( 1593): 	at android.app.ActivityManagerNative.onTransact(ActivityManagerNative.java:1734)
12-09 07:38:50.610 W/ActivityManager( 1593): 	at com.android.server.am.ActivityManagerService.onTransact(ActivityManagerService.java:2443)
12-09 07:38:50.610 W/ActivityManager( 1593): 	at android.os.Binder.execTransact(Binder.java:453)
12-09 07:38:50.611 W/ActivityManager( 1593): Bad activity token: android.os.BinderProxy@6c7bbea
12-09 07:38:50.611 W/ActivityManager( 1593): java.lang.ClassCastException: android.os.BinderProxy cannot be cast to com.android.server.am.ActivityRecord$Token
12-09 07:38:50.611 W/ActivityManager( 1593): 	at com.android.server.am.ActivityRecord.forTokenLocked(ActivityRecord.java:424)
12-09 07:38:50.611 W/ActivityManager( 1593): 	at com.android.server.am.ActivityRecord.isInStackLocked(ActivityRecord.java:1121)
12-09 07:38:50.611 W/ActivityManager( 1593): 	at com.android.server.am.ActivityManagerService.getActivityOptions(ActivityManagerService.java:11038)
12-09 07:38:50.611 W/ActivityManager( 1593): 	at android.app.ActivityManagerNative.onTransact(ActivityManagerNative.java:1734)
12-09 07:38:50.611 W/ActivityManager( 1593): 	at com.android.server.am.ActivityManagerService.onTransact(ActivityManagerService.java:2443)
12-09 07:38:50.611 W/ActivityManager( 1593): 	at android.os.Binder.execTransact(Binder.java:453)
12-09 07:38:50.633 D/EGL_emulation( 1684): eglMakeCurrent: 0x7f0a6a353f40: ver 2 0 (tinfo 0x7f0a623bab00)
12-09 07:38:50.641 E/Surface ( 1684): getSlotFromBufferLocked: unknown buffer: 0x7f0a6a35ae60
12-09 07:38:50.658 D/EGL_emulation( 1684): eglMakeCurrent: 0x7f0a6a353f40: ver 2 0 (tinfo 0x7f0a623bab00)
12-09 07:38:50.665 I/System.out( 4305): result:{"bonusInformation":[],"message":"","success":true}
12-09 07:38:50.687 W/PhoneWindow( 4305): Previously focused view reported id 2131296279 during save, but can't be found during restore.
12-09 07:38:50.786 W/audio_hw_generic( 1307): Not supplying enough data to HAL, expected position 2759350 , only wrote 2759014
12-09 07:38:50.786 W/audio_hw_generic( 1307): Not supplying enough data to HAL, expected position 2759020 , only wrote 2759014
12-09 07:38:50.811 W/audio_hw_generic( 1307): Not supplying enough data to HAL, expected position 2760116 , only wrote 2759675
12-09 07:38:50.849 W/audio_hw_generic( 1307): Hardware backing HAL too slow, could only write 0 of 661 frames
12-09 07:38:50.858 D/gralloc_ranchu( 1219): gralloc_alloc: Creating ashmem region of size 3686400
12-09 07:38:50.877 W/audio_hw_generic( 1307): Hardware backing HAL too slow, could only write 0 of 661 frames
12-09 07:38:50.894 W/audio_hw_generic( 1307): Hardware backing HAL too slow, could only write 0 of 661 frames
12-09 07:38:50.907 W/audio_hw_generic( 1307): Hardware backing HAL too slow, could only write 0 of 661 frames
12-09 07:38:51.098 I/WindowManager( 1593): Screen frozen for +1s122ms due to Window{e6ed78 u0 com.evancharlton.mileage/com.evancharlton.mileage.Mileage}
12-09 07:38:51.131 W/audio_hw_generic( 1307): Not supplying enough data to HAL, expected position 2773799 , only wrote 2772895
12-09 07:38:51.131 W/audio_hw_generic( 1307): Hardware backing HAL too slow, could only write 0 of 661 frames
12-09 07:38:51.161 W/audio_hw_generic( 1307): Hardware backing HAL too slow, could only write 0 of 661 frames
12-09 07:38:51.181 W/audio_hw_generic( 1307): Hardware backing HAL too slow, could only write 0 of 661 frames
12-09 07:38:51.237 W/audio_hw_generic( 1307): Not supplying enough data to HAL, expected position 2780951 , only wrote 2777522
12-09 07:38:51.371 D/gralloc_ranchu( 1219): gralloc_alloc: Creating ashmem region of size 3686400
12-09 07:38:52.103 W/art     ( 1593): Long monitor contention event with owner method=void com.android.server.wm.WindowAnimator$1.doFrame(long) from WindowAnimator.java:121 waiters=0 for 111ms
12-09 07:38:52.739 I/System.out( 4305): URI: //gesture
12-09 07:38:52.739 I/System.out( 4305): params: {json={"query_timeout":5.0,"gestures":[{"query_string":"android.widget.TabWidget descendant TextView index:1","touches":[{"x":50,"y":50,"offset_x":0,"offset_y":0,"wait":0.0,"time":0.2,"release":true,"query_string":null}]}]}
12-09 07:38:52.739 I/System.out( 4305): }
12-09 07:38:52.765 W/art     ( 4305): Suspending all threads took: 23.571ms
12-09 07:38:52.858 I/art     ( 4305): Background sticky concurrent mark sweep GC freed 33056(1660KB) AllocSpace objects, 5(100KB) LOS objects, 25% free, 3MB/5MB, paused 24.733ms total 128.351ms
12-09 07:38:53.359 I/art     ( 1593): Starting a blocking GC Explicit
12-09 07:38:53.421 I/art     ( 1593): Explicit concurrent mark sweep GC freed 8316(734KB) AllocSpace objects, 2(40KB) LOS objects, 30% free, 9MB/13MB, paused 1.124ms total 19.699ms
12-09 07:38:53.845 W/SurfaceFlinger( 1219): Timed out waiting for hw vsync; faking it
12-09 07:38:54.581 I/calabash( 4305): newActivity1
12-09 07:38:54.582 W/ActivityManager( 1593): Bad activity token: android.os.BinderProxy@c55f390
12-09 07:38:54.582 W/ActivityManager( 1593): java.lang.ClassCastException: android.os.BinderProxy cannot be cast to com.android.server.am.ActivityRecord$Token
12-09 07:38:54.582 W/ActivityManager( 1593): 	at com.android.server.am.ActivityRecord.forTokenLocked(ActivityRecord.java:424)
12-09 07:38:54.582 W/ActivityManager( 1593): 	at com.android.server.am.ActivityRecord.isInStackLocked(ActivityRecord.java:1121)
12-09 07:38:54.582 W/ActivityManager( 1593): 	at com.android.server.am.ActivityRecord.getStackLocked(ActivityRecord.java:1126)
12-09 07:38:54.582 W/ActivityManager( 1593): 	at com.android.server.am.ActivityManagerService.getActivityDisplayId(ActivityManagerService.java:8889)
12-09 07:38:54.582 W/ActivityManager( 1593): 	at android.app.ActivityManagerNative.onTransact(ActivityManagerNative.java:2338)
12-09 07:38:54.582 W/ActivityManager( 1593): 	at com.android.server.am.ActivityManagerService.onTransact(ActivityManagerService.java:2443)
12-09 07:38:54.582 W/ActivityManager( 1593): 	at android.os.Binder.execTransact(Binder.java:453)
12-09 07:38:54.583 W/ActivityManager( 1593): Bad activity token: android.os.BinderProxy@c55f390
12-09 07:38:54.583 W/ActivityManager( 1593): java.lang.ClassCastException: android.os.BinderProxy cannot be cast to com.android.server.am.ActivityRecord$Token
12-09 07:38:54.583 W/ActivityManager( 1593): 	at com.android.server.am.ActivityRecord.forTokenLocked(ActivityRecord.java:424)
12-09 07:38:54.583 W/ActivityManager( 1593): 	at com.android.server.am.ActivityRecord.isInStackLocked(ActivityRecord.java:1121)
12-09 07:38:54.583 W/ActivityManager( 1593): 	at com.android.server.am.ActivityManagerService.setTaskDescription(ActivityManagerService.java:8547)
12-09 07:38:54.583 W/ActivityManager( 1593): 	at android.app.ActivityManagerNative.onTransact(ActivityManagerNative.java:2410)
12-09 07:38:54.583 W/ActivityManager( 1593): 	at com.android.server.am.ActivityManagerService.onTransact(ActivityManagerService.java:2443)
12-09 07:38:54.583 W/ActivityManager( 1593): 	at android.os.Binder.execTransact(Binder.java:453)
12-09 07:38:54.661 W/audio_hw_generic( 1307): Hardware backing HAL too slow, could only write 0 of 661 frames
12-09 07:38:54.684 W/audio_hw_generic( 1307): Hardware backing HAL too slow, could only write 0 of 661 frames
12-09 07:38:54.687 W/ActivityManager( 1593): Bad activity token: android.os.BinderProxy@c55f390
12-09 07:38:54.687 W/ActivityManager( 1593): java.lang.ClassCastException: android.os.BinderProxy cannot be cast to com.android.server.am.ActivityRecord$Token
12-09 07:38:54.687 W/ActivityManager( 1593): 	at com.android.server.am.ActivityRecord.forTokenLocked(ActivityRecord.java:424)
12-09 07:38:54.687 W/ActivityManager( 1593): 	at com.android.server.am.ActivityRecord.isInStackLocked(ActivityRecord.java:1121)
12-09 07:38:54.687 W/ActivityManager( 1593): 	at com.android.server.am.ActivityManagerService.getActivityOptions(ActivityManagerService.java:11038)
12-09 07:38:54.687 W/ActivityManager( 1593): 	at android.app.ActivityManagerNative.onTransact(ActivityManagerNative.java:1734)
12-09 07:38:54.687 W/ActivityManager( 1593): 	at com.android.server.am.ActivityManagerService.onTransact(ActivityManagerService.java:2443)
12-09 07:38:54.687 W/ActivityManager( 1593): 	at android.os.Binder.execTransact(Binder.java:453)
12-09 07:38:54.687 W/ActivityManager( 1593): Bad activity token: android.os.BinderProxy@c55f390
12-09 07:38:54.687 W/ActivityManager( 1593): java.lang.ClassCastException: android.os.BinderProxy cannot be cast to com.android.server.am.ActivityRecord$Token
12-09 07:38:54.687 W/ActivityManager( 1593): 	at com.android.server.am.ActivityRecord.forTokenLocked(ActivityRecord.java:424)
12-09 07:38:54.687 W/ActivityManager( 1593): 	at com.android.server.am.ActivityRecord.isInStackLocked(ActivityRecord.java:1121)
12-09 07:38:54.687 W/ActivityManager( 1593): 	at com.android.server.am.ActivityManagerService.getActivityOptions(ActivityManagerService.java:11038)
12-09 07:38:54.687 W/ActivityManager( 1593): 	at android.app.ActivityManagerNative.onTransact(ActivityManagerNative.java:1734)
12-09 07:38:54.687 W/ActivityManager( 1593): 	at com.android.server.am.ActivityManagerService.onTransact(ActivityManagerService.java:2443)
12-09 07:38:54.687 W/ActivityManager( 1593): 	at android.os.Binder.execTransact(Binder.java:453)
12-09 07:38:54.721 W/audio_hw_generic( 1307): Hardware backing HAL too slow, could only write 0 of 661 frames
12-09 07:38:54.801 W/audio_hw_generic( 1307): Not supplying enough data to HAL, expected position 2785794 , only wrote 2785454
12-09 07:38:54.859 I/art     ( 4305): Background partial concurrent mark sweep GC freed 48627(2MB) AllocSpace objects, 3(60KB) LOS objects, 40% free, 3MB/5MB, paused 46.055ms total 223.708ms
12-09 07:38:54.951 D/Mileage ( 4305): Not enough fillups to calculate economy
12-09 07:38:54.998 W/audio_hw_generic( 1307): Not supplying enough data to HAL, expected position 2794173 , only wrote 2792725
12-09 07:38:54.998 W/audio_hw_generic( 1307): Not supplying enough data to HAL, expected position 2792731 , only wrote 2792725
12-09 07:38:55.014 W/audio_hw_generic( 1307): Not supplying enough data to HAL, expected position 2793431 , only wrote 2793386
12-09 07:38:55.179 W/audio_hw_generic( 1307): Not supplying enough data to HAL, expected position 2800660 , only wrote 2800657
12-09 07:38:55.256 E/SurfaceFlinger( 1219): ro.sf.lcd_density must be defined as a build property
12-09 07:38:55.312 D/gralloc_ranchu( 1219): gralloc_alloc: Creating ashmem region of size 3686400
12-09 07:38:55.370 D/        ( 4376): HostConnection::get() New Host Connection established 0x7faf28292480, tid 4376
12-09 07:38:55.394 E/EGL_emulation( 1219): tid 1219: eglCreateSyncKHR(1881): error 0x3004 (EGL_BAD_ATTRIBUTE)
12-09 07:38:55.557 W/audio_hw_generic( 1307): Not supplying enough data to HAL, expected position 2817324 , only wrote 2817182
12-09 07:38:55.975 D/gralloc_ranchu( 1219): gralloc_alloc: Creating ashmem region of size 3686400
12-09 07:38:56.161 W/audio_hw_generic( 1307): Not supplying enough data to HAL, expected position 2843807 , only wrote 2843622
12-09 07:38:56.161 W/audio_hw_generic( 1307): Hardware backing HAL too slow, could only write 0 of 661 frames
12-09 07:38:56.184 W/audio_hw_generic( 1307): Hardware backing HAL too slow, could only write 0 of 661 frames
12-09 07:38:56.204 W/audio_hw_generic( 1307): Hardware backing HAL too slow, could only write 0 of 661 frames
12-09 07:38:56.285 W/audio_hw_generic( 1307): Not supplying enough data to HAL, expected position 2849079 , only wrote 2848249
12-09 07:38:56.285 W/audio_hw_generic( 1307): Not supplying enough data to HAL, expected position 2848255 , only wrote 2848249
12-09 07:38:56.409 W/audio_hw_generic( 1307): Not supplying enough data to HAL, expected position 2853740 , only wrote 2848910
12-09 07:38:56.452 I/System.out( 4305): URI: //gesture
12-09 07:38:56.452 I/System.out( 4305): params: {json={"query_timeout":5.0,"gestures":[{"query_string":"android.widget.TabWidget descendant TextView index:3","touches":[{"x":50,"y":50,"offset_x":0,"offset_y":0,"wait":0.0,"time":0.2,"release":true,"query_string":null}]}]}
12-09 07:38:56.452 I/System.out( 4305): }
12-09 07:38:56.458 W/audio_hw_generic( 1307): Not supplying enough data to HAL, expected position 2851031 , only wrote 2850232
12-09 07:38:56.942 I/calabash( 4305): newActivity1
12-09 07:38:56.942 W/ActivityManager( 1593): Bad activity token: android.os.BinderProxy@8362045
12-09 07:38:56.942 W/ActivityManager( 1593): java.lang.ClassCastException: android.os.BinderProxy cannot be cast to com.android.server.am.ActivityRecord$Token
12-09 07:38:56.942 W/ActivityManager( 1593): 	at com.android.server.am.ActivityRecord.forTokenLocked(ActivityRecord.java:424)
12-09 07:38:56.942 W/ActivityManager( 1593): 	at com.android.server.am.ActivityRecord.isInStackLocked(ActivityRecord.java:1121)
12-09 07:38:56.942 W/ActivityManager( 1593): 	at com.android.server.am.ActivityRecord.getStackLocked(ActivityRecord.java:1126)
12-09 07:38:56.942 W/ActivityManager( 1593): 	at com.android.server.am.ActivityManagerService.getActivityDisplayId(ActivityManagerService.java:8889)
12-09 07:38:56.942 W/ActivityManager( 1593): 	at android.app.ActivityManagerNative.onTransact(ActivityManagerNative.java:2338)
12-09 07:38:56.942 W/ActivityManager( 1593): 	at com.android.server.am.ActivityManagerService.onTransact(ActivityManagerService.java:2443)
12-09 07:38:56.942 W/ActivityManager( 1593): 	at android.os.Binder.execTransact(Binder.java:453)
12-09 07:38:56.943 W/ActivityManager( 1593): Bad activity token: android.os.BinderProxy@8362045
12-09 07:38:56.943 W/ActivityManager( 1593): java.lang.ClassCastException: android.os.BinderProxy cannot be cast to com.android.server.am.ActivityRecord$Token
12-09 07:38:56.943 W/ActivityManager( 1593): 	at com.android.server.am.ActivityRecord.forTokenLocked(ActivityRecord.java:424)
12-09 07:38:56.943 W/ActivityManager( 1593): 	at com.android.server.am.ActivityRecord.isInStackLocked(ActivityRecord.java:1121)
12-09 07:38:56.943 W/ActivityManager( 1593): 	at com.android.server.am.ActivityManagerService.setTaskDescription(ActivityManagerService.java:8547)
12-09 07:38:56.943 W/ActivityManager( 1593): 	at android.app.ActivityManagerNative.onTransact(ActivityManagerNative.java:2410)
12-09 07:38:56.943 W/ActivityManager( 1593): 	at com.android.server.am.ActivityManagerService.onTransact(ActivityManagerService.java:2443)
12-09 07:38:56.943 W/ActivityManager( 1593): 	at android.os.Binder.execTransact(Binder.java:453)
12-09 07:38:56.973 W/ActivityManager( 1593): Bad activity token: android.os.BinderProxy@8362045
12-09 07:38:56.973 W/ActivityManager( 1593): java.lang.ClassCastException: android.os.BinderProxy cannot be cast to com.android.server.am.ActivityRecord$Token
12-09 07:38:56.973 W/ActivityManager( 1593): 	at com.android.server.am.ActivityRecord.forTokenLocked(ActivityRecord.java:424)
12-09 07:38:56.973 W/ActivityManager( 1593): 	at com.android.server.am.ActivityRecord.isInStackLocked(ActivityRecord.java:1121)
12-09 07:38:56.973 W/ActivityManager( 1593): 	at com.android.server.am.ActivityManagerService.getActivityOptions(ActivityManagerService.java:11038)
12-09 07:38:56.973 W/ActivityManager( 1593): 	at android.app.ActivityManagerNative.onTransact(ActivityManagerNative.java:1734)
12-09 07:38:56.973 W/ActivityManager( 1593): 	at com.android.server.am.ActivityManagerService.onTransact(ActivityManagerService.java:2443)
12-09 07:38:56.973 W/ActivityManager( 1593): 	at android.os.Binder.execTransact(Binder.java:453)
12-09 07:38:56.974 W/ActivityManager( 1593): Bad activity token: android.os.BinderProxy@8362045
12-09 07:38:56.974 W/ActivityManager( 1593): java.lang.ClassCastException: android.os.BinderProxy cannot be cast to com.android.server.am.ActivityRecord$Token
12-09 07:38:56.974 W/ActivityManager( 1593): 	at com.android.server.am.ActivityRecord.forTokenLocked(ActivityRecord.java:424)
12-09 07:38:56.974 W/ActivityManager( 1593): 	at com.android.server.am.ActivityRecord.isInStackLocked(ActivityRecord.java:1121)
12-09 07:38:56.974 W/ActivityManager( 1593): 	at com.android.server.am.ActivityManagerService.getActivityOptions(ActivityManagerService.java:11038)
12-09 07:38:56.974 W/ActivityManager( 1593): 	at android.app.ActivityManagerNative.onTransact(ActivityManagerNative.java:1734)
12-09 07:38:56.974 W/ActivityManager( 1593): 	at com.android.server.am.ActivityManagerService.onTransact(ActivityManagerService.java:2443)
12-09 07:38:56.974 W/ActivityManager( 1593): 	at android.os.Binder.execTransact(Binder.java:453)
12-09 07:38:57.017 W/audio_hw_generic( 1307): Not supplying enough data to HAL, expected position 2874889 , only wrote 2873367
12-09 07:38:57.056 W/audio_hw_generic( 1307): Not supplying enough data to HAL, expected position 2875114 , only wrote 2873367
12-09 07:38:57.073 W/audio_hw_generic( 1307): Not supplying enough data to HAL, expected position 2874096 , only wrote 2874028
12-09 07:38:57.105 D/AudioFlinger( 1307): mixer(0xf4380000) throttle end: throttle time(11)
12-09 07:38:57.137 W/audio_hw_generic( 1307): Hardware backing HAL too slow, could only write 0 of 661 frames
12-09 07:38:57.139 I/art     ( 4305): Background sticky concurrent mark sweep GC freed 48192(2MB) AllocSpace objects, 3(60KB) LOS objects, 39% free, 3MB/5MB, paused 908us total 193.533ms
12-09 07:38:57.140 W/CursorWrapperInner( 4305): Cursor finalized without prior close()
12-09 07:38:57.151 W/audio_hw_generic( 1307): Hardware backing HAL too slow, could only write 0 of 661 frames
12-09 07:38:57.256 W/audio_hw_generic( 1307): Not supplying enough data to HAL, expected position 2882087 , only wrote 2881960
12-09 07:38:57.285 W/audio_hw_generic( 1307): Not supplying enough data to HAL, expected position 2883265 , only wrote 2882621
12-09 07:38:57.285 W/audio_hw_generic( 1307): Not supplying enough data to HAL, expected position 2882627 , only wrote 2882621
12-09 07:38:57.303 W/audio_hw_generic( 1307): Not supplying enough data to HAL, expected position 2883396 , only wrote 2883282
12-09 07:38:57.334 W/audio_hw_generic( 1307): Not supplying enough data to HAL, expected position 2884669 , only wrote 2884604
12-09 07:38:57.335 W/audio_hw_generic( 1307): Hardware backing HAL too slow, could only write 0 of 661 frames
12-09 07:38:57.349 W/audio_hw_generic( 1307): Hardware backing HAL too slow, could only write 0 of 661 frames
12-09 07:38:57.369 W/audio_hw_generic( 1307): Hardware backing HAL too slow, could only write 0 of 661 frames
12-09 07:38:57.380 W/audio_hw_generic( 1307): Hardware backing HAL too slow, could only write 0 of 661 frames
12-09 07:38:57.496 E/SurfaceFlinger( 1219): ro.sf.lcd_density must be defined as a build property
12-09 07:38:57.505 D/gralloc_ranchu( 1219): gralloc_alloc: Creating ashmem region of size 3686400
12-09 07:38:57.532 D/        ( 4381): HostConnection::get() New Host Connection established 0x7fb0a6e12480, tid 4381
12-09 07:38:57.548 E/EGL_emulation( 1219): tid 1219: eglCreateSyncKHR(1881): error 0x3004 (EGL_BAD_ATTRIBUTE)
12-09 07:38:57.639 W/audio_hw_generic( 1307): Not supplying enough data to HAL, expected position 2898054 , only wrote 2896502
12-09 07:38:57.640 W/audio_hw_generic( 1307): Not supplying enough data to HAL, expected position 2896509 , only wrote 2896502
12-09 07:38:57.669 W/audio_hw_generic( 1307): Hardware backing HAL too slow, could only write 0 of 661 frames
12-09 07:38:57.690 W/audio_hw_generic( 1307): Hardware backing HAL too slow, could only write 0 of 661 frames
12-09 07:38:57.701 W/audio_hw_generic( 1307): Hardware backing HAL too slow, could only write 0 of 661 frames
12-09 07:38:57.730 W/audio_hw_generic( 1307): Hardware backing HAL too slow, could only write 0 of 661 frames
12-09 07:38:58.231 I/System.out( 4305): URI: //gesture
12-09 07:38:58.231 I/System.out( 4305): params: {json={"query_timeout":5.0,"gestures":[{"query_string":"android.widget.TabWidget descendant TextView index:2","touches":[{"x":50,"y":50,"offset_x":0,"offset_y":0,"wait":0.0,"time":0.2,"release":true,"query_string":null}]}]}
12-09 07:38:58.231 I/System.out( 4305): }
12-09 07:38:58.570 W/audio_hw_generic( 1307): Not supplying enough data to HAL, expected position 2937532 , only wrote 2937484
12-09 07:38:58.570 W/audio_hw_generic( 1307): Hardware backing HAL too slow, could only write 0 of 661 frames
12-09 07:38:58.600 W/audio_hw_generic( 1307): Hardware backing HAL too slow, could only write 0 of 661 frames
12-09 07:38:58.682 W/audio_hw_generic( 1307): Not supplying enough data to HAL, expected position 2942403 , only wrote 2942111
12-09 07:38:58.701 W/audio_hw_generic( 1307): Not supplying enough data to HAL, expected position 2942987 , only wrote 2942772
12-09 07:38:58.717 W/audio_hw_generic( 1307): Not supplying enough data to HAL, expected position 2943447 , only wrote 2943433
12-09 07:38:58.737 W/audio_hw_generic( 1307): Not supplying enough data to HAL, expected position 2944319 , only wrote 2944094
12-09 07:38:58.737 W/audio_hw_generic( 1307): Not supplying enough data to HAL, expected position 2944100 , only wrote 2944094
12-09 07:38:58.906 W/audio_hw_generic( 1307): Not supplying enough data to HAL, expected position 2951527 , only wrote 2951365
12-09 07:38:58.913 I/calabash( 4305): newActivity1
12-09 07:38:58.914 W/ActivityManager( 1593): Bad activity token: android.os.BinderProxy@73ef39a
12-09 07:38:58.914 W/ActivityManager( 1593): java.lang.ClassCastException: android.os.BinderProxy cannot be cast to com.android.server.am.ActivityRecord$Token
12-09 07:38:58.914 W/ActivityManager( 1593): 	at com.android.server.am.ActivityRecord.forTokenLocked(ActivityRecord.java:424)
12-09 07:38:58.914 W/ActivityManager( 1593): 	at com.android.server.am.ActivityRecord.isInStackLocked(ActivityRecord.java:1121)
12-09 07:38:58.914 W/ActivityManager( 1593): 	at com.android.server.am.ActivityRecord.getStackLocked(ActivityRecord.java:1126)
12-09 07:38:58.914 W/ActivityManager( 1593): 	at com.android.server.am.ActivityManagerService.getActivityDisplayId(ActivityManagerService.java:8889)
12-09 07:38:58.914 W/ActivityManager( 1593): 	at android.app.ActivityManagerNative.onTransact(ActivityManagerNative.java:2338)
12-09 07:38:58.914 W/ActivityManager( 1593): 	at com.android.server.am.ActivityManagerService.onTransact(ActivityManagerService.java:2443)
12-09 07:38:58.914 W/ActivityManager( 1593): 	at android.os.Binder.execTransact(Binder.java:453)
12-09 07:38:58.915 W/ActivityManager( 1593): Bad activity token: android.os.BinderProxy@73ef39a
12-09 07:38:58.915 W/ActivityManager( 1593): java.lang.ClassCastException: android.os.BinderProxy cannot be cast to com.android.server.am.ActivityRecord$Token
12-09 07:38:58.915 W/ActivityManager( 1593): 	at com.android.server.am.ActivityRecord.forTokenLocked(ActivityRecord.java:424)
12-09 07:38:58.915 W/ActivityManager( 1593): 	at com.android.server.am.ActivityRecord.isInStackLocked(ActivityRecord.java:1121)
12-09 07:38:58.915 W/ActivityManager( 1593): 	at com.android.server.am.ActivityManagerService.setTaskDescription(ActivityManagerService.java:8547)
12-09 07:38:58.915 W/ActivityManager( 1593): 	at android.app.ActivityManagerNative.onTransact(ActivityManagerNative.java:2410)
12-09 07:38:58.915 W/ActivityManager( 1593): 	at com.android.server.am.ActivityManagerService.onTransact(ActivityManagerService.java:2443)
12-09 07:38:58.915 W/ActivityManager( 1593): 	at android.os.Binder.execTransact(Binder.java:453)
12-09 07:38:58.948 W/audio_hw_generic( 1307): Not supplying enough data to HAL, expected position 2953234 , only wrote 2952687
12-09 07:38:58.966 W/audio_hw_generic( 1307): Not supplying enough data to HAL, expected position 2953465 , only wrote 2953348
12-09 07:38:58.973 D/AudioFlinger( 1307): mixer(0xf4380000) throttle end: throttle time(16)
12-09 07:38:59.058 W/audio_hw_generic( 1307): Not supplying enough data to HAL, expected position 2957423 , only wrote 2957314
12-09 07:38:59.089 W/audio_hw_generic( 1307): Hardware backing HAL too slow, could only write 0 of 661 frames
12-09 07:38:59.092 D/VehicleStatisticsActivity( 4305): Checking recalculation ...
12-09 07:38:59.097 D/VehicleStatisticsActivity( 4305): Recalculation not necessary.
12-09 07:38:59.101 W/ActivityManager( 1593): Bad activity token: android.os.BinderProxy@73ef39a
12-09 07:38:59.101 W/ActivityManager( 1593): java.lang.ClassCastException: android.os.BinderProxy cannot be cast to com.android.server.am.ActivityRecord$Token
12-09 07:38:59.101 W/ActivityManager( 1593): 	at com.android.server.am.ActivityRecord.forTokenLocked(ActivityRecord.java:424)
12-09 07:38:59.101 W/ActivityManager( 1593): 	at com.android.server.am.ActivityRecord.isInStackLocked(ActivityRecord.java:1121)
12-09 07:38:59.101 W/ActivityManager( 1593): 	at com.android.server.am.ActivityManagerService.getActivityOptions(ActivityManagerService.java:11038)
12-09 07:38:59.101 W/ActivityManager( 1593): 	at android.app.ActivityManagerNative.onTransact(ActivityManagerNative.java:1734)
12-09 07:38:59.101 W/ActivityManager( 1593): 	at com.android.server.am.ActivityManagerService.onTransact(ActivityManagerService.java:2443)
12-09 07:38:59.101 W/ActivityManager( 1593): 	at android.os.Binder.execTransact(Binder.java:453)
12-09 07:38:59.101 W/ActivityManager( 1593): Bad activity token: android.os.BinderProxy@73ef39a
12-09 07:38:59.101 W/ActivityManager( 1593): java.lang.ClassCastException: android.os.BinderProxy cannot be cast to com.android.server.am.ActivityRecord$Token
12-09 07:38:59.101 W/ActivityManager( 1593): 	at com.android.server.am.ActivityRecord.forTokenLocked(ActivityRecord.java:424)
12-09 07:38:59.101 W/ActivityManager( 1593): 	at com.android.server.am.ActivityRecord.isInStackLocked(ActivityRecord.java:1121)
12-09 07:38:59.101 W/ActivityManager( 1593): 	at com.android.server.am.ActivityManagerService.getActivityOptions(ActivityManagerService.java:11038)
12-09 07:38:59.101 W/ActivityManager( 1593): 	at android.app.ActivityManagerNative.onTransact(ActivityManagerNative.java:1734)
12-09 07:38:59.101 W/ActivityManager( 1593): 	at com.android.server.am.ActivityManagerService.onTransact(ActivityManagerService.java:2443)
12-09 07:38:59.101 W/ActivityManager( 1593): 	at android.os.Binder.execTransact(Binder.java:453)
12-09 07:38:59.103 D/VehicleStatisticsActivity( 4305): Checking recalculation ...
12-09 07:38:59.104 D/VehicleStatisticsActivity( 4305): Recalculation not necessary.
12-09 07:38:59.145 W/art     ( 4305): Suspending all threads took: 40.054ms
12-09 07:38:59.150 W/audio_hw_generic( 1307): Not supplying enough data to HAL, expected position 2961372 , only wrote 2961280
12-09 07:38:59.150 W/audio_hw_generic( 1307): Not supplying enough data to HAL, expected position 2961286 , only wrote 2961280
12-09 07:38:59.164 I/art     ( 4305): Background partial concurrent mark sweep GC freed 49925(2MB) AllocSpace objects, 2(40KB) LOS objects, 39% free, 3MB/5MB, paused 41.275ms total 220.400ms
12-09 07:38:59.182 W/audio_hw_generic( 1307): Hardware backing HAL too slow, could only write 0 of 661 frames
12-09 07:38:59.197 W/audio_hw_generic( 1307): Hardware backing HAL too slow, could only write 0 of 661 frames
12-09 07:38:59.591 E/SurfaceFlinger( 1219): ro.sf.lcd_density must be defined as a build property
12-09 07:38:59.592 D/gralloc_ranchu( 1219): gralloc_alloc: Creating ashmem region of size 3686400
12-09 07:38:59.657 W/audio_hw_generic( 1307): Not supplying enough data to HAL, expected position 2983640 , only wrote 2983093
12-09 07:38:59.657 W/audio_hw_generic( 1307): Not supplying enough data to HAL, expected position 2983099 , only wrote 2983093
12-09 07:38:59.663 D/        ( 4386): HostConnection::get() New Host Connection established 0x7f83c9012480, tid 4386
12-09 07:38:59.673 W/audio_hw_generic( 1307): Not supplying enough data to HAL, expected position 2983769 , only wrote 2983754
12-09 07:38:59.685 E/EGL_emulation( 1219): tid 1219: eglCreateSyncKHR(1881): error 0x3004 (EGL_BAD_ATTRIBUTE)
12-09 07:38:59.809 W/audio_hw_generic( 1307): Not supplying enough data to HAL, expected position 2989784 , only wrote 2989703
12-09 07:38:59.810 W/audio_hw_generic( 1307): Not supplying enough data to HAL, expected position 2989709 , only wrote 2989703
12-09 07:38:59.840 W/audio_hw_generic( 1307): Not supplying enough data to HAL, expected position 2991041 , only wrote 2990364
12-09 07:38:59.840 W/audio_hw_generic( 1307): Hardware backing HAL too slow, could only write 0 of 661 frames
12-09 07:38:59.840 W/audio_hw_generic( 1307): Hardware backing HAL too slow, could only write 0 of 661 frames
12-09 07:38:59.872 W/audio_hw_generic( 1307): Hardware backing HAL too slow, could only write 0 of 661 frames
12-09 07:38:59.898 W/audio_hw_generic( 1307): Hardware backing HAL too slow, could only write 0 of 661 frames
12-09 07:39:00.097 W/audio_hw_generic( 1307): Not supplying enough data to HAL, expected position 3001705 , only wrote 3001601
12-09 07:39:00.097 W/audio_hw_generic( 1307): Not supplying enough data to HAL, expected position 3001611 , only wrote 3001601
12-09 07:39:00.117 W/audio_hw_generic( 1307): Not supplying enough data to HAL, expected position 3002480 , only wrote 3002262
12-09 07:39:00.149 W/audio_hw_generic( 1307): Not supplying enough data to HAL, expected position 3003657 , only wrote 3003584
12-09 07:39:00.285 W/audio_hw_generic( 1307): Not supplying enough data to HAL, expected position 3009596 , only wrote 3009533
12-09 07:39:00.305 W/audio_hw_generic( 1307): Hardware backing HAL too slow, could only write 0 of 661 frames
12-09 07:39:00.329 W/audio_hw_generic( 1307): Hardware backing HAL too slow, could only write 0 of 661 frames
12-09 07:39:00.345 W/audio_hw_generic( 1307): Hardware backing HAL too slow, could only write 0 of 661 frames
12-09 07:39:00.361 W/audio_hw_generic( 1307): Hardware backing HAL too slow, could only write 0 of 661 frames
12-09 07:39:00.381 W/audio_hw_generic( 1307): Hardware backing HAL too slow, could only write 0 of 661 frames
12-09 07:39:00.381 W/audio_hw_generic( 1307): Hardware backing HAL too slow, could only write 0 of 661 frames
12-09 07:39:00.396 W/audio_hw_generic( 1307): Hardware backing HAL too slow, could only write 0 of 661 frames
12-09 07:39:00.417 W/audio_hw_generic( 1307): Hardware backing HAL too slow, could only write 0 of 661 frames
12-09 07:39:00.426 W/audio_hw_generic( 1307): Hardware backing HAL too slow, could only write 0 of 661 frames
12-09 07:39:00.441 D/hwcomposer( 1219): hw_composer sent 758 syncs in 60s
12-09 07:39:00.442 I/System.out( 4305): URI: //gesture
12-09 07:39:00.442 I/System.out( 4305): params: {json={"query_timeout":5.0,"gestures":[{"query_string":"android.widget.TabWidget descendant TextView index:0","touches":[{"x":50,"y":50,"offset_x":0,"offset_y":0,"wait":0.0,"time":0.2,"release":true,"query_string":null}]}]}
12-09 07:39:00.442 I/System.out( 4305): }
12-09 07:39:00.460 W/audio_hw_generic( 1307): Hardware backing HAL too slow, could only write 0 of 661 frames
12-09 07:39:00.525 W/audio_hw_generic( 1307): Not supplying enough data to HAL, expected position 3020123 , only wrote 3020109
12-09 07:39:00.526 W/audio_hw_generic( 1307): Not supplying enough data to HAL, expected position 3020115 , only wrote 3020109
12-09 07:39:00.542 W/audio_hw_generic( 1307): Not supplying enough data to HAL, expected position 3020809 , only wrote 3020770
12-09 07:39:00.657 W/audio_hw_generic( 1307): Not supplying enough data to HAL, expected position 3025876 , only wrote 3025397
12-09 07:39:00.691 W/audio_hw_generic( 1307): Not supplying enough data to HAL, expected position 3026864 , only wrote 3026719
12-09 07:39:00.706 W/audio_hw_generic( 1307): Hardware backing HAL too slow, could only write 0 of 661 frames
12-09 07:39:00.745 W/audio_hw_generic( 1307): Hardware backing HAL too slow, could only write 0 of 661 frames
12-09 07:39:00.745 W/audio_hw_generic( 1307): Hardware backing HAL too slow, could only write 0 of 661 frames
12-09 07:39:00.761 W/audio_hw_generic( 1307): Hardware backing HAL too slow, could only write 0 of 661 frames
12-09 07:39:00.785 W/audio_hw_generic( 1307): Hardware backing HAL too slow, could only write 0 of 661 frames
12-09 07:39:00.795 W/audio_hw_generic( 1307): Hardware backing HAL too slow, could only write 0 of 661 frames
12-09 07:39:00.857 W/audio_hw_generic( 1307): Not supplying enough data to HAL, expected position 3034073 , only wrote 3033990
12-09 07:39:00.999 W/audio_hw_generic( 1307): Not supplying enough data to HAL, expected position 3040218 , only wrote 3039939
12-09 07:39:01.172 W/audio_hw_generic( 1307): Not supplying enough data to HAL, expected position 3047585 , only wrote 3046549
12-09 07:39:01.176 D/AudioFlinger( 1307): mixer(0xf4380000) throttle end: throttle time(11)
12-09 07:39:01.283 I/art     ( 4305): Background sticky concurrent mark sweep GC freed 47888(2MB) AllocSpace objects, 2(40KB) LOS objects, 35% free, 3MB/5MB, paused 1.282ms total 112.351ms
12-09 07:39:01.439 W/audio_hw_generic( 1307): Hardware backing HAL too slow, could only write 0 of 661 frames
12-09 07:39:01.655 W/audio_hw_generic( 1307): Not supplying enough data to HAL, expected position 3067860 , only wrote 3067040
12-09 07:39:01.751 E/SurfaceFlinger( 1219): ro.sf.lcd_density must be defined as a build property
12-09 07:39:01.782 D/gralloc_ranchu( 1219): gralloc_alloc: Creating ashmem region of size 3686400
12-09 07:39:01.803 D/        ( 4391): HostConnection::get() New Host Connection established 0x7fe249e92480, tid 4391
12-09 07:39:01.829 E/EGL_emulation( 1219): tid 1219: eglCreateSyncKHR(1881): error 0x3004 (EGL_BAD_ATTRIBUTE)
12-09 07:39:01.910 W/audio_hw_generic( 1307): Not supplying enough data to HAL, expected position 3078284 , only wrote 3077616
12-09 07:39:01.961 W/audio_hw_generic( 1307): Hardware backing HAL too slow, could only write 0 of 661 frames
12-09 07:39:01.961 W/audio_hw_generic( 1307): Hardware backing HAL too slow, could only write 0 of 661 frames
12-09 07:39:02.411 W/audio_hw_generic( 1307): Not supplying enough data to HAL, expected position 3099698 , only wrote 3098768
12-09 07:39:02.501 W/audio_hw_generic( 1307): Not supplying enough data to HAL, expected position 3102751 , only wrote 3102734
12-09 07:39:02.678 W/audio_hw_generic( 1307): Not supplying enough data to HAL, expected position 3110510 , only wrote 3110005
12-09 07:39:02.744 W/audio_hw_generic( 1307): Not supplying enough data to HAL, expected position 3112910 , only wrote 3112649
12-09 07:39:02.744 W/audio_hw_generic( 1307): Not supplying enough data to HAL, expected position 3112655 , only wrote 3112649
12-09 07:39:02.744 W/audio_hw_generic( 1307): Hardware backing HAL too slow, could only write 0 of 661 frames
12-09 07:39:02.763 W/audio_hw_generic( 1307): Not supplying enough data to HAL, expected position 3113490 , only wrote 3113310
12-09 07:39:02.763 W/audio_hw_generic( 1307): Hardware backing HAL too slow, could only write 0 of 661 frames
12-09 07:39:02.793 W/audio_hw_generic( 1307): Not supplying enough data to HAL, expected position 3114637 , only wrote 3113971
12-09 07:39:02.793 W/audio_hw_generic( 1307): Hardware backing HAL too slow, could only write 0 of 661 frames
12-09 07:39:02.793 W/audio_hw_generic( 1307): Hardware backing HAL too slow, could only write 0 of 661 frames
12-09 07:39:02.808 W/audio_hw_generic( 1307): Hardware backing HAL too slow, could only write 0 of 661 frames
12-09 07:39:02.826 W/audio_hw_generic( 1307): Hardware backing HAL too slow, could only write 0 of 661 frames
12-09 07:39:02.853 W/audio_hw_generic( 1307): Hardware backing HAL too slow, could only write 0 of 661 frames
12-09 07:39:02.868 W/audio_hw_generic( 1307): Hardware backing HAL too slow, could only write 0 of 661 frames
12-09 07:39:02.942 W/audio_hw_generic( 1307): Hardware backing HAL too slow, could only write 0 of 661 frames
12-09 07:39:02.942 W/audio_hw_generic( 1307): Not supplying enough data to HAL, expected position 3120532 , only wrote 3119259
12-09 07:39:02.942 W/audio_hw_generic( 1307): Not supplying enough data to HAL, expected position 3119264 , only wrote 3119259
12-09 07:39:02.957 W/audio_hw_generic( 1307): Not supplying enough data to HAL, expected position 3119923 , only wrote 3119920
12-09 07:39:02.957 W/audio_hw_generic( 1307): Hardware backing HAL too slow, could only write 0 of 661 frames
12-09 07:39:02.993 W/audio_hw_generic( 1307): Not supplying enough data to HAL, expected position 3121509 , only wrote 3121242
12-09 07:39:02.993 W/audio_hw_generic( 1307): Hardware backing HAL too slow, could only write 0 of 661 frames
12-09 07:39:02.993 W/audio_hw_generic( 1307): Hardware backing HAL too slow, could only write 0 of 661 frames
12-09 07:39:03.009 W/audio_hw_generic( 1307): Hardware backing HAL too slow, could only write 0 of 661 frames
12-09 07:39:03.024 W/audio_hw_generic( 1307): Hardware backing HAL too slow, could only write 0 of 661 frames
12-09 07:39:03.145 W/audio_hw_generic( 1307): Not supplying enough data to HAL, expected position 3127967 , only wrote 3127852
12-09 07:39:03.306 W/audio_hw_generic( 1307): Not supplying enough data to HAL, expected position 3134915 , only wrote 3134462
12-09 07:39:03.306 W/audio_hw_generic( 1307): Not supplying enough data to HAL, expected position 3134468 , only wrote 3134462
12-09 07:39:03.321 W/audio_hw_generic( 1307): Not supplying enough data to HAL, expected position 3135129 , only wrote 3135123
12-09 07:39:03.489 W/audio_hw_generic( 1307): Not supplying enough data to HAL, expected position 3142548 , only wrote 3140411
12-09 07:39:03.489 W/audio_hw_generic( 1307): Not supplying enough data to HAL, expected position 3140417 , only wrote 3140411
12-09 07:39:03.527 W/audio_hw_generic( 1307): Not supplying enough data to HAL, expected position 3142052 , only wrote 3141072
12-09 07:39:03.545 W/audio_hw_generic( 1307): Not supplying enough data to HAL, expected position 3141876 , only wrote 3141733
12-09 07:39:03.545 W/audio_hw_generic( 1307): Not supplying enough data to HAL, expected position 3141740 , only wrote 3141733
12-09 07:39:03.562 W/audio_hw_generic( 1307): Not supplying enough data to HAL, expected position 3142494 , only wrote 3142394
