--------- beginning of main
12-09 08:38:35.149 W/art     ( 1595): Long monitor contention event with owner method=void com.android.server.wm.WindowAnimator$1.doFrame(long) from WindowAnimator.java:121 waiters=0 for 156ms
12-09 08:38:35.492 W/art     ( 1595): Long monitor contention event with owner method=void com.android.server.wm.WindowAnimator$1.doFrame(long) from WindowAnimator.java:121 waiters=1 for 174ms
12-09 08:38:35.833 W/art     ( 1595): Long monitor contention event with owner method=void com.android.server.wm.WindowAnimator$1.doFrame(long) from WindowAnimator.java:121 waiters=1 for 200ms
12-09 08:38:36.034 W/art     ( 1595): Long monitor contention event with owner method=void com.android.server.wm.WindowAnimator$1.doFrame(long) from WindowAnimator.java:121 waiters=1 for 201ms
12-09 08:38:36.100 W/art     ( 1595): Long monitor contention event with owner method=void com.android.server.wm.WindowAnimator$1.doFrame(long) from WindowAnimator.java:121 waiters=1 for 192ms
12-09 08:38:36.156 W/art     ( 1595): Long monitor contention event with owner method=void com.android.server.am.ActivityManagerService.activityPaused(android.os.IBinder) from ActivityManagerService.java:6439 waiters=0 for 1.676s
12-09 08:38:36.160 W/art     ( 1595): Long monitor contention event with owner method=void com.android.server.am.ActivityManagerService.activityPaused(android.os.IBinder) from ActivityManagerService.java:6439 waiters=1 for 1.504s
12-09 08:38:36.274 W/art     ( 1595): Long monitor contention event with owner method=void com.android.server.am.ActivityManagerService.activityPaused(android.os.IBinder) from ActivityManagerService.java:6439 waiters=2 for 618ms
12-09 08:38:36.450 D/AndroidRuntime(21202): >>>>>> START com.android.internal.os.RuntimeInit uid 0 <<<<<<
12-09 08:38:36.456 D/AndroidRuntime(21202): CheckJNI is ON
12-09 08:38:36.469 D/ICU     (21202): No timezone override file found: /data/misc/zoneinfo/current/icu/icu_tzdata.dat
12-09 08:38:36.668 E/memtrack(21202): Couldn't load memtrack module (No such file or directory)
12-09 08:38:36.680 E/android.os.Debug(21202): failed to load memtrack module: -2
12-09 08:38:36.689 I/Radio-JNI(21202): register_android_hardware_Radio DONE
12-09 08:38:36.699 D/AndroidRuntime(21202): Calling main entry com.android.commands.am.Am
--------- beginning of system
12-09 08:38:36.701 I/ActivityManager( 1595): Force stopping com.evancharlton.mileage appid=10145 user=0: start instr
12-09 08:38:36.708 I/ActivityManager( 1595): Killing 21172:com.evancharlton.mileage/u0a145 (adj 0): stop com.evancharlton.mileage
12-09 08:38:37.137 W/SurfaceFlinger( 1219): Timed out waiting for hw vsync; faking it
12-09 08:38:37.177 W/SurfaceFlinger( 1219): Timed out waiting for hw vsync; faking it
12-09 08:38:37.190 W/InputMethodManagerService( 1595): Window already focused, ignoring focus gain of: com.android.internal.view.IInputMethodClient$Stub$Proxy@4f9bba3 attribute=null, token = android.os.BinderProxy@1a37b08
12-09 08:38:37.231 W/ActivityManager( 1595): Crash of app com.evancharlton.mileage running instrumentation ComponentInfo{com.evancharlton.mileage.test/sh.calaba.instrumentationbackend.ClearAppData2}
12-09 08:38:37.232 I/ActivityManager( 1595): Force stopping com.evancharlton.mileage appid=10145 user=0: finished inst
12-09 08:38:37.548 I/ActivityManager( 1595): Start proc 21211:com.evancharlton.mileage/u0a145 for added application com.evancharlton.mileage
12-09 08:38:37.548 W/art     ( 1595): Long monitor contention event with owner method=boolean com.android.server.am.ActivityManagerService.startInstrumentation(android.content.ComponentName, java.lang.String, int, android.os.Bundle, android.app.IInstrumentationWatcher, android.app.IUiAutomationConnection, int, java.lang.String) from ActivityManagerService.java:17066 waiters=0 for 828ms
12-09 08:38:37.549 D/AndroidRuntime(21202): Shutting down VM
12-09 08:38:37.551 W/art     ( 1595): Long monitor contention event with owner method=boolean com.android.server.am.ActivityManagerService.startInstrumentation(android.content.ComponentName, java.lang.String, int, android.os.Bundle, android.app.IInstrumentationWatcher, android.app.IUiAutomationConnection, int, java.lang.String) from ActivityManagerService.java:17066 waiters=1 for 751ms
12-09 08:38:37.551 W/ActivityManager( 1595): Spurious death for ProcessRecord{892bea0 0:com.evancharlton.mileage/u0a145}, curProc for 21172: null
12-09 08:38:37.551 W/art     ( 1595): Long monitor contention event with owner method=boolean com.android.server.am.ActivityManagerService.startInstrumentation(android.content.ComponentName, java.lang.String, int, android.os.Bundle, android.app.IInstrumentationWatcher, android.app.IUiAutomationConnection, int, java.lang.String) from ActivityManagerService.java:17066 waiters=2 for 374ms
12-09 08:38:37.560 W/art     ( 1595): Long monitor contention event with owner method=boolean com.android.server.am.ActivityManagerService.startInstrumentation(android.content.ComponentName, java.lang.String, int, android.os.Bundle, android.app.IInstrumentationWatcher, android.app.IUiAutomationConnection, int, java.lang.String) from ActivityManagerService.java:17066 waiters=3 for 355ms
12-09 08:38:37.620 I/art     ( 1313): Background sticky concurrent mark sweep GC freed 21341(687KB) AllocSpace objects, 0(0B) LOS objects, 78% free, 274KB/1299KB, paused 5.354ms total 81.770ms
12-09 08:38:37.734 I/art     (21211): Background sticky concurrent mark sweep GC freed 21389(689KB) AllocSpace objects, 0(0B) LOS objects, 75% free, 323KB/1299KB, paused 26.605ms total 124.483ms
12-09 08:38:37.815 W/System  (21211): ClassLoader referenced unknown path: /data/app/com.evancharlton.mileage.test-1/lib/x86_64
12-09 08:38:37.815 W/System  (21211): ClassLoader referenced unknown path: /data/app/com.evancharlton.mileage-1/lib/x86_64
12-09 08:38:37.919 I/System.out(21211): Main activity name automatically set to: com.evancharlton.mileage.Mileage
12-09 08:38:37.919 I/System.out(21211): Calabash did not load Mono. This is only a problem if you are trying to test a Mono application
12-09 08:38:37.919 I/calabash(21211): Test server port: 7102
12-09 08:38:37.920 I/InstrumentationBackend(21211): Added:'GetPreferences', with key:'get_preferences'
12-09 08:38:38.072 I/InstrumentationBackend(21211): Added:'SetPreferences', with key:'set_preferences'
12-09 08:38:38.072 I/InstrumentationBackend(21211): Added:'ClearPreferences', with key:'clear_preferences'
12-09 08:38:38.072 I/InstrumentationBackend(21211): Added:'PressElement', with key:'press_l10n_element'
12-09 08:38:38.072 I/InstrumentationBackend(21211): Added:'WaitForElement', with key:'wait_for_l10n_element'
12-09 08:38:38.072 I/InstrumentationBackend(21211): Added:'NullAction', with key:'nullAction'
12-09 08:38:38.073 I/InstrumentationBackend(21211): Added:'PressKey', with key:'press_key'
12-09 08:38:38.073 I/InstrumentationBackend(21211): Added:'SetActivityOrientation', with key:'set_activity_orientation'
12-09 08:38:38.073 I/InstrumentationBackend(21211): Added:'GetActivityOrientation', with key:'get_activity_orientation'
12-09 08:38:38.073 I/InstrumentationBackend(21211): Added:'FakeGPSLocation', with key:'set_gps_coordinates'
12-09 08:38:38.073 I/InstrumentationBackend(21211): Added:'SetPropertyByCssSelector', with key:'set_property_by_css_selector'
12-09 08:38:38.074 I/InstrumentationBackend(21211): Added:'GetUrl', with key:'get_url'
12-09 08:38:38.104 I/InstrumentationBackend(21211): Added:'ScrollTo', with key:'scroll_to'
12-09 08:38:38.104 I/InstrumentationBackend(21211): Added:'GetLoadProgress', with key:'get_load_progress'
12-09 08:38:38.104 I/InstrumentationBackend(21211): Added:'DumpHtml', with key:'dump_html'
12-09 08:38:38.104 I/InstrumentationBackend(21211): Added:'DumpBodyHtml', with key:'dump_body_html'
12-09 08:38:38.104 I/InstrumentationBackend(21211): Added:'EnterTextByCssSelector', with key:'enter_text_by_selector'
12-09 08:38:38.112 I/InstrumentationBackend(21211): Added:'AndroidSDKVersion', with key:'android_sdk_version'
12-09 08:38:38.112 I/InstrumentationBackend(21211): Added:'Version', with key:'version'
12-09 08:38:38.112 I/InstrumentationBackend(21211): Added:'Drag', with key:'drag'
12-09 08:38:38.113 I/InstrumentationBackend(21211): Added:'TouchCoordinates', with key:'touch_coordinate'
12-09 08:38:38.113 I/InstrumentationBackend(21211): Added:'LongPressCoordinate', with key:'long_press_coordinate'
12-09 08:38:38.113 I/InstrumentationBackend(21211): Added:'DragCoordinates', with key:'drag_coordinates'
12-09 08:38:38.113 I/InstrumentationBackend(21211): Added:'ResumeApplication', with key:'resume_application'
12-09 08:38:38.113 I/InstrumentationBackend(21211): Added:'Swipe', with key:'swipe'
12-09 08:38:38.113 I/InstrumentationBackend(21211): Added:'DoubleTapCoordinate', with key:'double_tap_coordinate'
12-09 08:38:38.113 I/InstrumentationBackend(21211): Added:'ClickOnScreen', with key:'click_on_screen'
12-09 08:38:38.114 I/InstrumentationBackend(21211): Added:'GetActivityName', with key:'get_activity_name'
12-09 08:38:38.114 I/InstrumentationBackend(21211): Added:'ScrollToView', with key:'scroll_to_view'
12-09 08:38:38.114 I/InstrumentationBackend(21211): Added:'ViewConfiguration', with key:'view_configuration'
12-09 08:38:38.114 I/InstrumentationBackend(21211): Added:'IsCurrentActivityFocused', with key:'is_current_activity_focused'
12-09 08:38:38.115 I/InstrumentationBackend(21211): Added:'SendTcp', with key:'send_tcp'
12-09 08:38:38.115 I/InstrumentationBackend(21211): Added:'DpToDevicePixel', with key:'dp_to_device_pixel'
12-09 08:38:38.116 I/InstrumentationBackend(21211): Added:'KeyboardEnterText', with key:'keyboard_enter_text'
12-09 08:38:38.116 I/InstrumentationBackend(21211): Added:'DeleteSurroundingText', with key:'delete_surrounding_text'
12-09 08:38:38.116 I/InstrumentationBackend(21211): Added:'SetComposingRegion', with key:'set_composing_region'
12-09 08:38:38.116 I/InstrumentationBackend(21211): Added:'SetSelection', with key:'set_selection'
12-09 08:38:38.117 I/InstrumentationBackend(21211): Added:'KeyboardKeyEvent', with key:'keyboard_key_event'
12-09 08:38:38.117 I/InstrumentationBackend(21211): Added:'PressUserActionButton', with key:'press_user_action_button'
12-09 08:38:38.186 I/InstrumentationBackend(21211): Added:'HideSoftKeyboard', with key:'hide_soft_keyboard'
12-09 08:38:38.186 I/InstrumentationBackend(21211): Added:'ListActions', with key:'list_actions'
12-09 08:38:38.186 I/calabash(21211): Instantiating http server at 7102
12-09 08:38:38.193 I/System.out(21211): HTTP Daemon listening on: 7102
12-09 08:38:38.337 W/art     (21211): Suspending all threads took: 100.631ms
12-09 08:38:38.343 I/art     (21211): Background partial concurrent mark sweep GC freed 4594(421KB) AllocSpace objects, 1(20KB) LOS objects, 49% free, 1027KB/2MB, paused 101.786ms total 383.404ms
12-09 08:38:38.376 I/System.out(21211): URI: //ping
12-09 08:38:38.376 I/System.out(21211): params: {json={}
12-09 08:38:38.377 I/System.out(21211): }
12-09 08:38:38.472 I/System.out(21211): URI: //ping
12-09 08:38:38.475 I/System.out(21211): params: {json={}
12-09 08:38:38.476 I/System.out(21211): }
12-09 08:38:38.496 I/System.out(21211): URI: //ready
12-09 08:38:38.496 I/System.out(21211): params: {json={}
12-09 08:38:38.496 I/System.out(21211): }
12-09 08:38:38.585 I/System.out(21211): URI: //
12-09 08:38:38.608 I/System.out(21211): params: {json={"command":"version","arguments":[]}
12-09 08:38:38.608 I/System.out(21211): }
12-09 08:38:38.608 I/System.out(21211): header: {date=Sun, 09 Dec 2018 08:38:38 GMT, accept=*/*, content-length=36, host=127.0.0.1:34777, user-agent=HTTPClient/1.0 (2.8.3, ruby 2.3.1 (2016-04-26)), content-type=application/json;charset=utf-8}
12-09 08:38:38.608 I/System.out(21211): params: {json={"command":"version","arguments":[]}
12-09 08:38:38.608 I/System.out(21211): }
12-09 08:38:38.608 I/System.out(21211): ProP json = {"command":"version","arguments":[]}
12-09 08:38:38.608 I/System.out(21211): files: {}
12-09 08:38:38.608 I/System.out(21211): command: {"command":"version","arguments":[]}
12-09 08:38:38.618 I/InstrumentationBackend(21211): Got command:'Command:'Line:null,version', arguments:'[]'
12-09 08:38:38.694 I/System.out(21211): result:{"bonusInformation":[],"message":"0.9.8","success":true}
12-09 08:38:38.730 I/System.out(21211): URI: //start-application
12-09 08:38:38.730 I/System.out(21211): params: {json={"intent":null}
12-09 08:38:38.730 I/System.out(21211): }
12-09 08:38:38.834 I/ActivityManager( 1595): START u0 {act=android.intent.action.MAIN cat=[android.intent.category.LAUNCHER] flg=0x10200000 cmp=com.evancharlton.mileage/.Mileage} from uid 10145 on display 0
12-09 08:38:38.924 I/calabash(21211): newActivity1
12-09 08:38:39.067 I/calabash(21211): newActivity1
12-09 08:38:39.072 D/gralloc_ranchu( 1219): gralloc_alloc: Creating ashmem region of size 3686400
12-09 08:38:39.077 W/ActivityManager( 1595): Bad activity token: android.os.BinderProxy@2e13af6
12-09 08:38:39.077 W/ActivityManager( 1595): java.lang.ClassCastException: android.os.BinderProxy cannot be cast to com.android.server.am.ActivityRecord$Token
12-09 08:38:39.077 W/ActivityManager( 1595): 	at com.android.server.am.ActivityRecord.forTokenLocked(ActivityRecord.java:424)
12-09 08:38:39.077 W/ActivityManager( 1595): 	at com.android.server.am.ActivityRecord.isInStackLocked(ActivityRecord.java:1121)
12-09 08:38:39.077 W/ActivityManager( 1595): 	at com.android.server.am.ActivityRecord.getStackLocked(ActivityRecord.java:1126)
12-09 08:38:39.077 W/ActivityManager( 1595): 	at com.android.server.am.ActivityManagerService.getActivityDisplayId(ActivityManagerService.java:8889)
12-09 08:38:39.077 W/ActivityManager( 1595): 	at android.app.ActivityManagerNative.onTransact(ActivityManagerNative.java:2338)
12-09 08:38:39.077 W/ActivityManager( 1595): 	at com.android.server.am.ActivityManagerService.onTransact(ActivityManagerService.java:2443)
12-09 08:38:39.077 W/ActivityManager( 1595): 	at android.os.Binder.execTransact(Binder.java:453)
12-09 08:38:39.078 W/ActivityManager( 1595): Bad activity token: android.os.BinderProxy@2e13af6
12-09 08:38:39.078 W/ActivityManager( 1595): java.lang.ClassCastException: android.os.BinderProxy cannot be cast to com.android.server.am.ActivityRecord$Token
12-09 08:38:39.078 W/ActivityManager( 1595): 	at com.android.server.am.ActivityRecord.forTokenLocked(ActivityRecord.java:424)
12-09 08:38:39.078 W/ActivityManager( 1595): 	at com.android.server.am.ActivityRecord.isInStackLocked(ActivityRecord.java:1121)
12-09 08:38:39.078 W/ActivityManager( 1595): 	at com.android.server.am.ActivityManagerService.setTaskDescription(ActivityManagerService.java:8547)
12-09 08:38:39.078 W/ActivityManager( 1595): 	at android.app.ActivityManagerNative.onTransact(ActivityManagerNative.java:2410)
12-09 08:38:39.078 W/ActivityManager( 1595): 	at com.android.server.am.ActivityManagerService.onTransact(ActivityManagerService.java:2443)
12-09 08:38:39.078 W/ActivityManager( 1595): 	at android.os.Binder.execTransact(Binder.java:453)
12-09 08:38:39.234 D/EGL_emulation( 1931): eglMakeCurrent: 0x7f918a7a1d20: ver 2 0 (tinfo 0x7f918a7828e0)
12-09 08:38:39.236 E/Surface ( 1931): getSlotFromBufferLocked: unknown buffer: 0x7f9186f09240
12-09 08:38:39.240 D/FillupsProvider(21211): Creating database
12-09 08:38:39.268 V/PhoneStatusBar( 1681): setLightsOn(true)
12-09 08:38:39.630 W/ActivityManager( 1595): Bad activity token: android.os.BinderProxy@2e13af6
12-09 08:38:39.630 W/ActivityManager( 1595): java.lang.ClassCastException: android.os.BinderProxy cannot be cast to com.android.server.am.ActivityRecord$Token
12-09 08:38:39.630 W/ActivityManager( 1595): 	at com.android.server.am.ActivityRecord.forTokenLocked(ActivityRecord.java:424)
12-09 08:38:39.630 W/ActivityManager( 1595): 	at com.android.server.am.ActivityRecord.isInStackLocked(ActivityRecord.java:1121)
12-09 08:38:39.630 W/ActivityManager( 1595): 	at com.android.server.am.ActivityManagerService.getActivityOptions(ActivityManagerService.java:11038)
12-09 08:38:39.630 W/ActivityManager( 1595): 	at android.app.ActivityManagerNative.onTransact(ActivityManagerNative.java:1734)
12-09 08:38:39.630 W/ActivityManager( 1595): 	at com.android.server.am.ActivityManagerService.onTransact(ActivityManagerService.java:2443)
12-09 08:38:39.630 W/ActivityManager( 1595): 	at android.os.Binder.execTransact(Binder.java:453)
12-09 08:38:39.678 W/ActivityManager( 1595): Bad activity token: android.os.BinderProxy@2e13af6
12-09 08:38:39.678 W/ActivityManager( 1595): java.lang.ClassCastException: android.os.BinderProxy cannot be cast to com.android.server.am.ActivityRecord$Token
12-09 08:38:39.678 W/ActivityManager( 1595): 	at com.android.server.am.ActivityRecord.forTokenLocked(ActivityRecord.java:424)
12-09 08:38:39.678 W/ActivityManager( 1595): 	at com.android.server.am.ActivityRecord.isInStackLocked(ActivityRecord.java:1121)
12-09 08:38:39.678 W/ActivityManager( 1595): 	at com.android.server.am.ActivityManagerService.getActivityOptions(ActivityManagerService.java:11038)
12-09 08:38:39.678 W/ActivityManager( 1595): 	at android.app.ActivityManagerNative.onTransact(ActivityManagerNative.java:1734)
12-09 08:38:39.678 W/ActivityManager( 1595): 	at com.android.server.am.ActivityManagerService.onTransact(ActivityManagerService.java:2443)
12-09 08:38:39.678 W/ActivityManager( 1595): 	at android.os.Binder.execTransact(Binder.java:453)
12-09 08:38:39.958 W/art     ( 1595): Long monitor contention event with owner method=void com.android.server.wm.WindowAnimator$1.doFrame(long) from WindowAnimator.java:121 waiters=0 for 103ms
12-09 08:38:40.371 W/art     ( 1595): Long monitor contention event with owner method=void com.android.server.wm.WindowManagerService$H.handleMessage(android.os.Message) from WindowManagerService.java:7820 waiters=1 for 338ms
12-09 08:38:40.584 D/gralloc_ranchu( 1219): gralloc_alloc: Creating ashmem region of size 3686400
12-09 08:38:40.619 D/        (21211): HostConnection::get() New Host Connection established 0x7f9188707580, tid 21211
12-09 08:38:40.728 I/ActivityManager( 1595): Displayed com.evancharlton.mileage/.Mileage: +1s805ms
12-09 08:38:40.761 D/gralloc_ranchu( 1219): gralloc_alloc: Creating ashmem region of size 3686400
12-09 08:38:41.429 I/System.out(21211): URI: //map
12-09 08:38:41.429 I/System.out(21211): params: {json={"query":"android.widget.Button index:2","operation":{"method_name":"query","arguments":[]}}
12-09 08:38:41.429 I/System.out(21211): }
12-09 08:38:41.592 I/art     (21211): Background sticky concurrent mark sweep GC freed 25073(1141KB) AllocSpace objects, 2(40KB) LOS objects, 27% free, 2MB/3MB, paused 6.263ms total 133.833ms
12-09 08:38:41.729 D/gralloc_ranchu( 1219): gralloc_alloc: Creating ashmem region of size 3686400
12-09 08:38:41.862 I/art     (21211): Background sticky concurrent mark sweep GC freed 26061(1069KB) AllocSpace objects, 0(0B) LOS objects, 20% free, 2MB/3MB, paused 1.029ms total 127.032ms
12-09 08:38:41.944 I/System.out(21211): URI: //gesture
12-09 08:38:41.944 I/System.out(21211): params: {json={"query_timeout":5.0,"gestures":[{"query_string":"android.widget.Button index:2","touches":[{"x":50,"y":50,"offset_x":0,"offset_y":0,"wait":0.0,"time":0.2,"release":true,"query_string":null}]}]}
12-09 08:38:41.944 I/System.out(21211): }
12-09 08:38:42.043 I/ContentMaintenance( 2385): Internal cache bytes used: 0; limit: 40626585; download size: 0
12-09 08:38:42.047 I/RealtimeCacheCleanup( 2385): Beginning Realtime garbage collection.
12-09 08:38:42.056 I/RealtimeCacheCleanup( 2385): Finished Realtime garbage collection.
12-09 08:38:42.058 I/art     (21211): Background sticky concurrent mark sweep GC freed 12062(669KB) AllocSpace objects, 2(40KB) LOS objects, 11% free, 2MB/3MB, paused 13.388ms total 111.523ms
12-09 08:38:42.640 W/AudioTrack( 1595): AUDIO_OUTPUT_FLAG_FAST denied by client; transfer 4, track 48000 Hz, output 44100 Hz
12-09 08:38:42.706 W/audio_hw_generic( 1310): Hardware backing HAL too slow, could only write 0 of 661 frames
12-09 08:38:42.718 I/art     (21211): Background sticky concurrent mark sweep GC freed 41839(1817KB) AllocSpace objects, 0(0B) LOS objects, 14% free, 2MB/3MB, paused 5.883ms total 116.912ms
12-09 08:38:43.063 D/gralloc_ranchu( 1219): gralloc_alloc: Creating ashmem region of size 45056
12-09 08:38:43.148 W/audio_hw_generic( 1310): Not supplying enough data to HAL, expected position 42043274 , only wrote 42042244
12-09 08:38:43.148 W/audio_hw_generic( 1310): Not supplying enough data to HAL, expected position 42042251 , only wrote 42042244
12-09 08:38:43.171 W/audio_hw_generic( 1310): Not supplying enough data to HAL, expected position 42043130 , only wrote 42042905
12-09 08:38:43.247 E/SurfaceFlinger( 1219): ro.sf.lcd_density must be defined as a build property
12-09 08:38:43.250 D/gralloc_ranchu( 1219): gralloc_alloc: Creating ashmem region of size 3686400
12-09 08:38:43.277 D/        (21239): HostConnection::get() New Host Connection established 0x7fa40a9d2480, tid 21239
12-09 08:38:43.313 E/EGL_emulation( 1219): tid 1219: eglCreateSyncKHR(1881): error 0x3004 (EGL_BAD_ATTRIBUTE)
12-09 08:38:43.426 W/audio_hw_generic( 1310): Not supplying enough data to HAL, expected position 42054299 , only wrote 42053481
12-09 08:38:43.427 W/audio_hw_generic( 1310): Not supplying enough data to HAL, expected position 42053487 , only wrote 42053481
12-09 08:38:43.578 W/audio_hw_generic( 1310): Not supplying enough data to HAL, expected position 42060161 , only wrote 42060091
12-09 08:38:43.716 W/audio_hw_generic( 1310): Not supplying enough data to HAL, expected position 42066157 , only wrote 42066040
12-09 08:38:43.716 W/audio_hw_generic( 1310): Not supplying enough data to HAL, expected position 42066046 , only wrote 42066040
12-09 08:38:43.732 W/audio_hw_generic( 1310): Not supplying enough data to HAL, expected position 42066739 , only wrote 42066701
12-09 08:38:43.960 W/audio_hw_generic( 1310): Not supplying enough data to HAL, expected position 42076760 , only wrote 42075955
12-09 08:38:43.960 W/audio_hw_generic( 1310): Not supplying enough data to HAL, expected position 42075963 , only wrote 42075955
12-09 08:38:43.976 W/audio_hw_generic( 1310): Not supplying enough data to HAL, expected position 42076641 , only wrote 42076616
12-09 08:38:44.112 W/audio_hw_generic( 1310): Not supplying enough data to HAL, expected position 42082622 , only wrote 42082565
12-09 08:38:44.112 W/audio_hw_generic( 1310): Not supplying enough data to HAL, expected position 42082571 , only wrote 42082565
12-09 08:38:44.132 W/audio_hw_generic( 1310): Not supplying enough data to HAL, expected position 42083437 , only wrote 42083226
12-09 08:38:44.167 W/audio_hw_generic( 1310): Not supplying enough data to HAL, expected position 42084785 , only wrote 42084548
12-09 08:38:44.167 W/audio_hw_generic( 1310): Hardware backing HAL too slow, could only write 0 of 661 frames
12-09 08:38:44.167 W/audio_hw_generic( 1310): Hardware backing HAL too slow, could only write 0 of 661 frames
12-09 08:38:44.200 W/audio_hw_generic( 1310): Not supplying enough data to HAL, expected position 42085981 , only wrote 42085870
12-09 08:38:44.383 W/audio_hw_generic( 1310): Not supplying enough data to HAL, expected position 42093981 , only wrote 42087192
12-09 08:38:44.387 W/audio_hw_generic( 1310): Hardware backing HAL too slow, could only write 0 of 661 frames
12-09 08:38:44.448 W/audio_hw_generic( 1310): Not supplying enough data to HAL, expected position 42090028 , only wrote 42088514
12-09 08:38:44.448 W/audio_hw_generic( 1310): Hardware backing HAL too slow, could only write 0 of 661 frames
