12-09 08:21:23.930 W/audio_hw_generic( 1308): Not supplying enough data to HAL, expected position 31837921 , only wrote 31837726
12-09 08:21:23.930 W/audio_hw_generic( 1308): Not supplying enough data to HAL, expected position 31837733 , only wrote 31837726
12-09 08:21:23.950 W/audio_hw_generic( 1308): Not supplying enough data to HAL, expected position 31838587 , only wrote 31838387
12-09 08:21:23.950 W/audio_hw_generic( 1308): Hardware backing HAL too slow, could only write 0 of 661 frames
12-09 08:21:23.964 W/audio_hw_generic( 1308): Hardware backing HAL too slow, could only write 0 of 661 frames
12-09 08:21:23.982 W/audio_hw_generic( 1308): Hardware backing HAL too slow, could only write 0 of 661 frames
12-09 08:21:25.158 I/System.out(15789): URI: //map
12-09 08:21:25.158 I/System.out(15789): params: {json={"query":"android.widget.EditText id:'price'","operation":{"method_name":"query","arguments":[]}}
12-09 08:21:25.158 I/System.out(15789): }
12-09 08:21:25.251 W/audio_hw_generic( 1308): Not supplying enough data to HAL, expected position 31895768 , only wrote 31893911
12-09 08:21:25.251 W/audio_hw_generic( 1308): Not supplying enough data to HAL, expected position 31893918 , only wrote 31893911
12-09 08:21:25.268 W/audio_hw_generic( 1308): Not supplying enough data to HAL, expected position 31894664 , only wrote 31894572
12-09 08:21:25.268 W/audio_hw_generic( 1308): Hardware backing HAL too slow, could only write 0 of 661 frames
12-09 08:21:25.283 W/audio_hw_generic( 1308): Hardware backing HAL too slow, could only write 0 of 661 frames
12-09 08:21:25.302 W/audio_hw_generic( 1308): Hardware backing HAL too slow, could only write 0 of 661 frames
12-09 08:21:25.314 W/ResourceType(15789): No package identifier when getting name for resource number 0x00000001
12-09 08:21:25.404 I/System.out(15789): URI: //gesture
12-09 08:21:25.404 I/System.out(15789): params: {json={"query_timeout":5.0,"gestures":[{"query_string":"android.widget.EditText id:'price'","touches":[{"x":50,"y":50,"offset_x":0,"offset_y":0,"wait":0.0,"time":0.2,"release":true,"query_string":null}]}]}
12-09 08:21:25.404 I/System.out(15789): }
12-09 08:21:25.448 W/audio_hw_generic( 1308): Not supplying enough data to HAL, expected position 31902514 , only wrote 31902504
12-09 08:21:25.552 W/audio_hw_generic( 1308): Not supplying enough data to HAL, expected position 31907079 , only wrote 31905148
12-09 08:21:25.552 W/audio_hw_generic( 1308): Not supplying enough data to HAL, expected position 31905155 , only wrote 31905148
12-09 08:21:25.570 W/audio_hw_generic( 1308): Not supplying enough data to HAL, expected position 31905924 , only wrote 31905809
12-09 08:21:25.570 W/audio_hw_generic( 1308): Hardware backing HAL too slow, could only write 0 of 661 frames
12-09 08:21:25.597 W/audio_hw_generic( 1308): Hardware backing HAL too slow, could only write 0 of 661 frames
12-09 08:21:25.613 W/audio_hw_generic( 1308): Hardware backing HAL too slow, could only write 0 of 661 frames
12-09 08:21:25.651 W/ResourceType(15789): No package identifier when getting name for resource number 0x00000001
12-09 08:21:25.700 W/audio_hw_generic( 1308): Not supplying enough data to HAL, expected position 31911542 , only wrote 31911097
12-09 08:21:25.700 W/audio_hw_generic( 1308): Not supplying enough data to HAL, expected position 31911103 , only wrote 31911097
12-09 08:21:25.716 W/audio_hw_generic( 1308): Not supplying enough data to HAL, expected position 31911804 , only wrote 31911758
12-09 08:21:25.817 W/audio_hw_generic( 1308): Not supplying enough data to HAL, expected position 31916226 , only wrote 31915063
12-09 08:21:25.818 W/audio_hw_generic( 1308): Not supplying enough data to HAL, expected position 31915070 , only wrote 31915063
12-09 08:21:25.839 W/audio_hw_generic( 1308): Not supplying enough data to HAL, expected position 31915996 , only wrote 31915724
12-09 08:21:25.855 W/audio_hw_generic( 1308): Hardware backing HAL too slow, could only write 0 of 661 frames
12-09 08:21:25.914 W/audio_hw_generic( 1308): Hardware backing HAL too slow, could only write 0 of 661 frames
12-09 08:21:25.914 W/audio_hw_generic( 1308): Not supplying enough data to HAL, expected position 31919053 , only wrote 31918368
12-09 08:21:25.914 W/audio_hw_generic( 1308): Not supplying enough data to HAL, expected position 31918373 , only wrote 31918368
12-09 08:21:25.939 W/audio_hw_generic( 1308): Not supplying enough data to HAL, expected position 31919439 , only wrote 31919029
12-09 08:21:25.939 W/audio_hw_generic( 1308): Hardware backing HAL too slow, could only write 0 of 661 frames
12-09 08:21:25.962 W/audio_hw_generic( 1308): Hardware backing HAL too slow, could only write 0 of 661 frames
12-09 08:21:25.980 W/audio_hw_generic( 1308): Hardware backing HAL too slow, could only write 0 of 661 frames
12-09 08:21:26.030 W/audio_hw_generic( 1308): Not supplying enough data to HAL, expected position 31923058 , only wrote 31922995
12-09 08:21:26.053 I/LatinIME( 1886): Starting input. Cursor position = 0,0
12-09 08:21:26.158 W/audio_hw_generic( 1308): Hardware backing HAL too slow, could only write 0 of 661 frames
12-09 08:21:26.191 W/audio_hw_generic( 1308): Hardware backing HAL too slow, could only write 0 of 661 frames
12-09 08:21:26.258 W/audio_hw_generic( 1308): Not supplying enough data to HAL, expected position 31933046 , only wrote 31932249
12-09 08:21:26.258 W/audio_hw_generic( 1308): Not supplying enough data to HAL, expected position 31932256 , only wrote 31932249
12-09 08:21:26.274 W/audio_hw_generic( 1308): Not supplying enough data to HAL, expected position 31932943 , only wrote 31932910
12-09 08:21:26.346 W/audio_hw_generic( 1308): Not supplying enough data to HAL, expected position 31936086 , only wrote 31935554
12-09 08:21:26.346 W/audio_hw_generic( 1308): Not supplying enough data to HAL, expected position 31935561 , only wrote 31935554
12-09 08:21:26.364 D/EGL_emulation( 1886): eglMakeCurrent: 0x7f1460db4960: ver 2 0 (tinfo 0x7f145d53d9c0)
12-09 08:21:26.369 W/audio_hw_generic( 1308): Not supplying enough data to HAL, expected position 31936566 , only wrote 31936215
12-09 08:21:26.490 W/audio_hw_generic( 1308): Not supplying enough data to HAL, expected position 31941556 , only wrote 31940181
12-09 08:21:26.490 W/audio_hw_generic( 1308): Not supplying enough data to HAL, expected position 31940187 , only wrote 31940181
12-09 08:21:26.518 W/audio_hw_generic( 1308): Not supplying enough data to HAL, expected position 31941402 , only wrote 31940842
12-09 08:21:26.577 W/audio_hw_generic( 1308): Hardware backing HAL too slow, could only write 0 of 661 frames
12-09 08:21:26.577 W/audio_hw_generic( 1308): Hardware backing HAL too slow, could only write 0 of 661 frames
12-09 08:21:26.595 W/audio_hw_generic( 1308): Not supplying enough data to HAL, expected position 31944256 , only wrote 31944147
12-09 08:21:26.596 W/audio_hw_generic( 1308): Hardware backing HAL too slow, could only write 0 of 661 frames
12-09 08:21:26.596 W/audio_hw_generic( 1308): Hardware backing HAL too slow, could only write 0 of 661 frames
12-09 08:21:26.625 I/System.out(15789): URI: //
12-09 08:21:26.625 I/System.out(15789): params: {json={"command":"set_selection","arguments":[-1,-1]}
12-09 08:21:26.625 I/System.out(15789): }
12-09 08:21:26.625 I/System.out(15789): header: {date=Sun, 09 Dec 2018 08:21:27 GMT, accept=*/*, content-length=47, host=127.0.0.1:34777, user-agent=HTTPClient/1.0 (2.8.3, ruby 2.3.1 (2016-04-26)), content-type=application/json;charset=utf-8}
12-09 08:21:26.625 I/System.out(15789): params: {json={"command":"set_selection","arguments":[-1,-1]}
12-09 08:21:26.625 I/System.out(15789): }
12-09 08:21:26.625 I/System.out(15789): ProP json = {"command":"set_selection","arguments":[-1,-1]}
12-09 08:21:26.625 I/System.out(15789): files: {}
12-09 08:21:26.627 I/System.out(15789): command: {"command":"set_selection","arguments":[-1,-1]}
12-09 08:21:26.628 I/InstrumentationBackend(15789): Got command:'Command:'Line:null,set_selection', arguments:'[-1, -1]'
12-09 08:21:26.629 W/audio_hw_generic( 1308): Hardware backing HAL too slow, could only write 0 of 661 frames
12-09 08:21:26.799 W/audio_hw_generic( 1308): Not supplying enough data to HAL, expected position 31953139 , only wrote 31949435
12-09 08:21:26.826 W/audio_hw_generic( 1308): Not supplying enough data to HAL, expected position 31950590 , only wrote 31949435
12-09 08:21:26.882 W/audio_hw_generic( 1308): Not supplying enough data to HAL, expected position 31951941 , only wrote 31950757
12-09 08:21:26.937 I/System.out(15789): result:{"bonusInformation":[],"message":"","success":true}
12-09 08:21:26.982 W/audio_hw_generic( 1308): Not supplying enough data to HAL, expected position 31955145 , only wrote 31954723
12-09 08:21:26.982 W/audio_hw_generic( 1308): Not supplying enough data to HAL, expected position 31954730 , only wrote 31954723
12-09 08:21:27.107 W/audio_hw_generic( 1308): Not supplying enough data to HAL, expected position 31960250 , only wrote 31959350
12-09 08:21:27.108 W/audio_hw_generic( 1308): Not supplying enough data to HAL, expected position 31959356 , only wrote 31959350
12-09 08:21:27.126 W/audio_hw_generic( 1308): Not supplying enough data to HAL, expected position 31960155 , only wrote 31960011
12-09 08:21:27.202 W/audio_hw_generic( 1308): Not supplying enough data to HAL, expected position 31966377 , only wrote 31963316
12-09 08:21:27.463 I/System.out(15789): URI: //
12-09 08:21:27.463 I/System.out(15789): params: {json={"command":"keyboard_enter_text","arguments":["97123743947239847210"]}
12-09 08:21:27.463 I/System.out(15789): }
12-09 08:21:27.463 I/System.out(15789): header: {date=Sun, 09 Dec 2018 08:21:28 GMT, accept=*/*, content-length=70, host=127.0.0.1:34777, user-agent=HTTPClient/1.0 (2.8.3, ruby 2.3.1 (2016-04-26)), content-type=application/json;charset=utf-8}
12-09 08:21:27.463 I/System.out(15789): params: {json={"command":"keyboard_enter_text","arguments":["97123743947239847210"]}
12-09 08:21:27.463 I/System.out(15789): }
12-09 08:21:27.463 I/System.out(15789): ProP json = {"command":"keyboard_enter_text","arguments":["97123743947239847210"]}
12-09 08:21:27.463 I/System.out(15789): files: {}
12-09 08:21:27.463 I/System.out(15789): command: {"command":"keyboard_enter_text","arguments":["97123743947239847210"]}
12-09 08:21:27.464 I/InstrumentationBackend(15789): Got command:'Command:'Line:null,keyboard_enter_text', arguments:'[97123743947239847210]'
12-09 08:21:27.466 E/SpannableStringBuilder(15789): SPAN_EXCLUSIVE_EXCLUSIVE spans cannot have a zero length
12-09 08:21:27.466 E/SpannableStringBuilder(15789): SPAN_EXCLUSIVE_EXCLUSIVE spans cannot have a zero length
12-09 08:21:27.492 E/SpannableStringBuilder(15789): SPAN_EXCLUSIVE_EXCLUSIVE spans cannot have a zero length
12-09 08:21:27.492 E/SpannableStringBuilder(15789): SPAN_EXCLUSIVE_EXCLUSIVE spans cannot have a zero length
12-09 08:21:27.537 I/System.out(15789): result:{"bonusInformation":[],"message":"","success":true}
12-09 08:21:27.634 I/System.out(15789): URI: //map
12-09 08:21:27.634 I/System.out(15789): params: {json={"query":"android.widget.EditText id:'volume'","operation":{"method_name":"query","arguments":[]}}
12-09 08:21:27.634 I/System.out(15789): }
12-09 08:21:27.663 W/ResourceType(15789): No package identifier when getting name for resource number 0x00000001
12-09 08:21:27.768 W/art     (15789): Suspending all threads took: 9.872ms
12-09 08:21:27.818 I/art     (15789): Background sticky concurrent mark sweep GC freed 44863(2019KB) AllocSpace objects, 1(20KB) LOS objects, 25% free, 3MB/4MB, paused 10.937ms total 120.878ms
12-09 08:21:27.847 I/System.out(15789): URI: //gesture
12-09 08:21:27.847 I/System.out(15789): params: {json={"query_timeout":5.0,"gestures":[{"query_string":"android.widget.EditText id:'volume'","touches":[{"x":50,"y":50,"offset_x":0,"offset_y":0,"wait":0.0,"time":0.2,"release":true,"query_string":null}]}]}
12-09 08:21:27.847 I/System.out(15789): }
12-09 08:21:27.870 W/ResourceType(15789): No package identifier when getting name for resource number 0x00000001
12-09 08:21:28.221 I/LatinIME( 1886): Starting input. Cursor position = 0,0
12-09 08:21:28.247 W/art     (15789): Suspending all threads took: 8.121ms
12-09 08:21:28.394 I/art     (15789): Background sticky concurrent mark sweep GC freed 37103(1558KB) AllocSpace objects, 2(40KB) LOS objects, 10% free, 3MB/4MB, paused 9.315ms total 97.804ms
12-09 08:21:28.914 I/System.out(15789): URI: //
12-09 08:21:28.914 I/System.out(15789): params: {json={"command":"set_selection","arguments":[-1,-1]}
12-09 08:21:28.914 I/System.out(15789): }
12-09 08:21:28.914 I/System.out(15789): header: {date=Sun, 09 Dec 2018 08:21:29 GMT, accept=*/*, content-length=47, host=127.0.0.1:34777, user-agent=HTTPClient/1.0 (2.8.3, ruby 2.3.1 (2016-04-26)), content-type=application/json;charset=utf-8}
12-09 08:21:28.914 I/System.out(15789): params: {json={"command":"set_selection","arguments":[-1,-1]}
12-09 08:21:28.914 I/System.out(15789): }
12-09 08:21:28.914 I/System.out(15789): ProP json = {"command":"set_selection","arguments":[-1,-1]}
12-09 08:21:28.914 I/System.out(15789): files: {}
12-09 08:21:28.914 I/System.out(15789): command: {"command":"set_selection","arguments":[-1,-1]}
12-09 08:21:28.916 I/InstrumentationBackend(15789): Got command:'Command:'Line:null,set_selection', arguments:'[-1, -1]'
12-09 08:21:28.945 I/System.out(15789): result:{"bonusInformation":[],"message":"","success":true}
12-09 08:21:29.110 I/System.out(15789): URI: //
12-09 08:21:29.110 I/System.out(15789): params: {json={"command":"keyboard_enter_text","arguments":["98123743947721092831"]}
12-09 08:21:29.110 I/System.out(15789): }
12-09 08:21:29.110 I/System.out(15789): header: {date=Sun, 09 Dec 2018 08:21:29 GMT, accept=*/*, content-length=70, host=127.0.0.1:34777, user-agent=HTTPClient/1.0 (2.8.3, ruby 2.3.1 (2016-04-26)), content-type=application/json;charset=utf-8}
12-09 08:21:29.111 I/System.out(15789): params: {json={"command":"keyboard_enter_text","arguments":["98123743947721092831"]}
12-09 08:21:29.111 I/System.out(15789): }
12-09 08:21:29.111 I/System.out(15789): ProP json = {"command":"keyboard_enter_text","arguments":["98123743947721092831"]}
12-09 08:21:29.111 I/System.out(15789): files: {}
12-09 08:21:29.111 I/System.out(15789): command: {"command":"keyboard_enter_text","arguments":["98123743947721092831"]}
12-09 08:21:29.112 I/InstrumentationBackend(15789): Got command:'Command:'Line:null,keyboard_enter_text', arguments:'[98123743947721092831]'
12-09 08:21:29.112 E/SpannableStringBuilder(15789): SPAN_EXCLUSIVE_EXCLUSIVE spans cannot have a zero length
12-09 08:21:29.112 E/SpannableStringBuilder(15789): SPAN_EXCLUSIVE_EXCLUSIVE spans cannot have a zero length
12-09 08:21:29.120 E/SpannableStringBuilder(15789): SPAN_EXCLUSIVE_EXCLUSIVE spans cannot have a zero length
12-09 08:21:29.120 E/SpannableStringBuilder(15789): SPAN_EXCLUSIVE_EXCLUSIVE spans cannot have a zero length
12-09 08:21:29.143 I/System.out(15789): result:{"bonusInformation":[],"message":"","success":true}
12-09 08:21:29.266 I/System.out(15789): URI: //map
12-09 08:21:29.266 I/System.out(15789): params: {json={"query":"android.widget.EditText id:'odometer'","operation":{"method_name":"query","arguments":[]}}
12-09 08:21:29.266 I/System.out(15789): }
12-09 08:21:29.325 W/ResourceType(15789): No package identifier when getting name for resource number 0x00000001
12-09 08:21:29.390 W/art     (15789): Suspending all threads took: 6.382ms
12-09 08:21:29.491 I/art     (15789): Background partial concurrent mark sweep GC freed 43436(2MB) AllocSpace objects, 8(160KB) LOS objects, 39% free, 3MB/5MB, paused 7.591ms total 140.470ms
12-09 08:21:29.498 I/System.out(15789): URI: //gesture
12-09 08:21:29.498 I/System.out(15789): params: {json={"query_timeout":5.0,"gestures":[{"query_string":"android.widget.EditText id:'odometer'","touches":[{"x":50,"y":50,"offset_x":0,"offset_y":0,"wait":0.0,"time":0.2,"release":true,"query_string":null}]}]}
12-09 08:21:29.498 I/System.out(15789): }
12-09 08:21:29.616 W/ResourceType(15789): No package identifier when getting name for resource number 0x00000001
12-09 08:21:30.143 I/LatinIME( 1886): Starting input. Cursor position = 0,0
12-09 08:21:30.777 I/System.out(15789): URI: //
12-09 08:21:30.778 I/System.out(15789): params: {json={"command":"set_selection","arguments":[-1,-1]}
12-09 08:21:30.778 I/System.out(15789): }
12-09 08:21:30.778 I/System.out(15789): header: {date=Sun, 09 Dec 2018 08:21:31 GMT, accept=*/*, content-length=47, host=127.0.0.1:34777, user-agent=HTTPClient/1.0 (2.8.3, ruby 2.3.1 (2016-04-26)), content-type=application/json;charset=utf-8}
12-09 08:21:30.778 I/System.out(15789): params: {json={"command":"set_selection","arguments":[-1,-1]}
12-09 08:21:30.778 I/System.out(15789): }
12-09 08:21:30.778 I/System.out(15789): ProP json = {"command":"set_selection","arguments":[-1,-1]}
12-09 08:21:30.778 I/System.out(15789): files: {}
12-09 08:21:30.778 I/System.out(15789): command: {"command":"set_selection","arguments":[-1,-1]}
12-09 08:21:30.779 I/InstrumentationBackend(15789): Got command:'Command:'Line:null,set_selection', arguments:'[-1, -1]'
12-09 08:21:30.829 I/System.out(15789): result:{"bonusInformation":[],"message":"","success":true}
12-09 08:21:31.002 I/System.out(15789): URI: //
12-09 08:21:31.003 I/System.out(15789): params: {json={"command":"keyboard_enter_text","arguments":["98879898284721092831"]}
12-09 08:21:31.003 I/System.out(15789): }
12-09 08:21:31.003 I/System.out(15789): header: {date=Sun, 09 Dec 2018 08:21:31 GMT, accept=*/*, content-length=70, host=127.0.0.1:34777, user-agent=HTTPClient/1.0 (2.8.3, ruby 2.3.1 (2016-04-26)), content-type=application/json;charset=utf-8}
12-09 08:21:31.003 I/System.out(15789): params: {json={"command":"keyboard_enter_text","arguments":["98879898284721092831"]}
12-09 08:21:31.003 I/System.out(15789): }
12-09 08:21:31.003 I/System.out(15789): ProP json = {"command":"keyboard_enter_text","arguments":["98879898284721092831"]}
12-09 08:21:31.003 I/System.out(15789): files: {}
12-09 08:21:31.003 I/System.out(15789): command: {"command":"keyboard_enter_text","arguments":["98879898284721092831"]}
12-09 08:21:31.004 I/InstrumentationBackend(15789): Got command:'Command:'Line:null,keyboard_enter_text', arguments:'[98879898284721092831]'
12-09 08:21:31.005 E/SpannableStringBuilder(15789): SPAN_EXCLUSIVE_EXCLUSIVE spans cannot have a zero length
12-09 08:21:31.005 E/SpannableStringBuilder(15789): SPAN_EXCLUSIVE_EXCLUSIVE spans cannot have a zero length
12-09 08:21:31.114 E/SpannableStringBuilder(15789): SPAN_EXCLUSIVE_EXCLUSIVE spans cannot have a zero length
12-09 08:21:31.114 E/SpannableStringBuilder(15789): SPAN_EXCLUSIVE_EXCLUSIVE spans cannot have a zero length
12-09 08:21:31.134 I/System.out(15789): result:{"bonusInformation":[],"message":"","success":true}
12-09 08:21:32.299 I/System.out(15789): URI: //map
12-09 08:21:32.299 I/System.out(15789): params: {json={"query":"android.widget.Button index:2","operation":{"method_name":"query","arguments":[]}}
12-09 08:21:32.299 I/System.out(15789): }
12-09 08:21:32.487 I/System.out(15789): URI: //gesture
12-09 08:21:32.487 I/System.out(15789): params: {json={"query_timeout":5.0,"gestures":[{"query_string":"android.widget.Button index:2","touches":[{"x":50,"y":50,"offset_x":0,"offset_y":0,"wait":0.0,"time":0.2,"release":true,"query_string":null}]}]}
12-09 08:21:32.487 I/System.out(15789): }
12-09 08:21:32.918 W/audio_hw_generic( 1308): Hardware backing HAL too slow, could only write 0 of 661 frames
12-09 08:21:32.926 W/audio_hw_generic( 1308): Hardware backing HAL too slow, could only write 0 of 661 frames
12-09 08:21:32.942 W/audio_hw_generic( 1308): Hardware backing HAL too slow, could only write 0 of 661 frames
12-09 08:21:32.958 W/audio_hw_generic( 1308): Hardware backing HAL too slow, could only write 0 of 661 frames
12-09 08:21:33.282 W/audio_hw_generic( 1308): Hardware backing HAL too slow, could only write 0 of 661 frames
12-09 08:21:33.282 W/audio_hw_generic( 1308): Hardware backing HAL too slow, could only write 0 of 661 frames
12-09 08:21:33.302 W/audio_hw_generic( 1308): Hardware backing HAL too slow, could only write 0 of 661 frames
12-09 08:21:33.317 W/audio_hw_generic( 1308): Hardware backing HAL too slow, could only write 0 of 661 frames
12-09 08:21:33.434 W/audio_hw_generic( 1308): Not supplying enough data to HAL, expected position 31988455 , only wrote 31985790
12-09 08:21:33.434 W/audio_hw_generic( 1308): Not supplying enough data to HAL, expected position 31985796 , only wrote 31985790
12-09 08:21:33.461 I/Choreographer(15789): Skipped 36 frames!  The application may be doing too much work on its main thread.
12-09 08:21:33.467 E/SurfaceFlinger( 1219): ro.sf.lcd_density must be defined as a build property
12-09 08:21:33.469 I/LatinIME( 1886): Starting input. Cursor position = -1,-1
12-09 08:21:33.473 W/audio_hw_generic( 1308): Not supplying enough data to HAL, expected position 31987528 , only wrote 31986451
12-09 08:21:33.483 D/gralloc_ranchu( 1219): gralloc_alloc: Creating ashmem region of size 3686400
12-09 08:21:33.531 D/        (15877): HostConnection::get() New Host Connection established 0x7fc14bbd2480, tid 15877
12-09 08:21:33.546 E/EGL_emulation( 1219): tid 1219: eglCreateSyncKHR(1881): error 0x3004 (EGL_BAD_ATTRIBUTE)
12-09 08:21:33.649 W/audio_hw_generic( 1308): Not supplying enough data to HAL, expected position 31994212 , only wrote 31991739
12-09 08:21:33.669 W/audio_hw_generic( 1308): Not supplying enough data to HAL, expected position 31992623 , only wrote 31991739
12-09 08:21:33.685 D/Mileage.ABS(15789): Finished backup
12-09 08:21:33.704 D/Mileage.ABS(15789): Not backing up; 112
12-09 08:21:33.718 D/Mileage.ABS(15789): Not backing up; 126
12-09 08:21:33.718 D/Mileage.ABS(15789): Not backing up; 126
12-09 08:21:33.729 W/audio_hw_generic( 1308): Hardware backing HAL too slow, could only write 0 of 661 frames
12-09 08:21:33.750 W/audio_hw_generic( 1308): Hardware backing HAL too slow, could only write 0 of 661 frames
12-09 08:21:33.759 W/audio_hw_generic( 1308): Hardware backing HAL too slow, could only write 0 of 661 frames
12-09 08:21:34.002 W/audio_hw_generic( 1308): Not supplying enough data to HAL, expected position 32006415 , only wrote 32006281
12-09 08:21:34.002 W/audio_hw_generic( 1308): Not supplying enough data to HAL, expected position 32006288 , only wrote 32006281
12-09 08:21:34.036 W/audio_hw_generic( 1308): Not supplying enough data to HAL, expected position 32007791 , only wrote 32006942
12-09 08:21:34.272 W/RichInputConnection( 1886): Slow InputConnection: GET_TEXT_BEFORE_CURSOR took 224 ms.
12-09 08:21:34.273 W/audio_hw_generic( 1308): Not supplying enough data to HAL, expected position 32017379 , only wrote 32014874
12-09 08:21:34.355 W/audio_hw_generic( 1308): Not supplying enough data to HAL, expected position 32018485 , only wrote 32018179
12-09 08:21:34.355 W/audio_hw_generic( 1308): Hardware backing HAL too slow, could only write 0 of 661 frames
12-09 08:21:34.355 W/audio_hw_generic( 1308): Hardware backing HAL too slow, could only write 0 of 661 frames
12-09 08:21:34.370 W/audio_hw_generic( 1308): Hardware backing HAL too slow, could only write 0 of 661 frames
12-09 08:21:34.385 W/audio_hw_generic( 1308): Hardware backing HAL too slow, could only write 0 of 661 frames
12-09 08:21:34.483 I/InputAttributes( 1886): InputType.TYPE_NULL is specified
12-09 08:21:34.599 W/audio_hw_generic( 1308): Not supplying enough data to HAL, expected position 32028951 , only wrote 32028755
12-09 08:21:34.602 I/System.out(15789): URI: //map
12-09 08:21:34.602 I/System.out(15789): params: {json={"query":"android.widget.ListView index:0 android.widget.TextView index:0","operation":{"method_name":"query","arguments":[]}}
12-09 08:21:34.603 I/System.out(15789): }
12-09 08:21:34.607 I/Choreographer( 1886): Skipped 68 frames!  The application may be doing too much work on its main thread.
12-09 08:21:34.647 D/EGL_emulation( 1886): eglMakeCurrent: 0x7f1460db4960: ver 2 0 (tinfo 0x7f145d53d9c0)
12-09 08:21:34.671 E/Surface ( 1886): getSlotFromBufferLocked: unknown buffer: 0x7f145d247c60
12-09 08:21:34.721 W/audio_hw_generic( 1308): Not supplying enough data to HAL, expected position 32034131 , only wrote 32034043
12-09 08:21:34.766 W/audio_hw_generic( 1308): Hardware backing HAL too slow, could only write 0 of 661 frames
12-09 08:21:34.879 W/audio_hw_generic( 1308): Not supplying enough data to HAL, expected position 32040989 , only wrote 32039331
12-09 08:21:34.879 W/audio_hw_generic( 1308): Not supplying enough data to HAL, expected position 32039337 , only wrote 32039331
12-09 08:21:34.950 W/audio_hw_generic( 1308): Not supplying enough data to HAL, expected position 32042493 , only wrote 32039992
12-09 08:21:35.015 W/audio_hw_generic( 1308): Hardware backing HAL too slow, could only write 0 of 661 frames
12-09 08:21:35.154 W/audio_hw_generic( 1308): Not supplying enough data to HAL, expected position 32048977 , only wrote 32048585
12-09 08:21:35.154 W/audio_hw_generic( 1308): Not supplying enough data to HAL, expected position 32048591 , only wrote 32048585
12-09 08:21:35.170 W/audio_hw_generic( 1308): Not supplying enough data to HAL, expected position 32049277 , only wrote 32049246
12-09 08:21:35.271 W/audio_hw_generic( 1308): Not supplying enough data to HAL, expected position 32053713 , only wrote 32053212
12-09 08:21:35.272 W/audio_hw_generic( 1308): Not supplying enough data to HAL, expected position 32053220 , only wrote 32053212
12-09 08:21:35.290 W/audio_hw_generic( 1308): Not supplying enough data to HAL, expected position 32054021 , only wrote 32053873
12-09 08:21:35.334 W/audio_hw_generic( 1308): Hardware backing HAL too slow, could only write 0 of 661 frames
12-09 08:21:35.431 I/System.out(15789): URI: //gesture
12-09 08:21:35.431 I/System.out(15789): params: {json={"query_timeout":5.0,"gestures":[{"query_string":"android.widget.ListView index:0 android.widget.TextView index:0","touches":[{"x":50,"y":50,"offset_x":0,"offset_y":0,"wait":0.0,"time":0.2,"release":true,"query_string":null}]}]}
12-09 08:21:35.431 I/System.out(15789): }
12-09 08:21:35.531 W/audio_hw_generic( 1308): Not supplying enough data to HAL, expected position 32064501 , only wrote 32064449
12-09 08:21:35.611 W/audio_hw_generic( 1308): Not supplying enough data to HAL, expected position 32067988 , only wrote 32067754
12-09 08:21:35.611 W/audio_hw_generic( 1308): Not supplying enough data to HAL, expected position 32067760 , only wrote 32067754
12-09 08:21:35.626 W/audio_hw_generic( 1308): Hardware backing HAL too slow, could only write 0 of 661 frames
12-09 08:21:35.930 W/audio_hw_generic( 1308): Not supplying enough data to HAL, expected position 32081786 , only wrote 32081635
12-09 08:21:35.930 W/audio_hw_generic( 1308): Not supplying enough data to HAL, expected position 32081656 , only wrote 32081635
12-09 08:21:35.946 W/audio_hw_generic( 1308): Not supplying enough data to HAL, expected position 32082337 , only wrote 32082296
12-09 08:21:35.995 W/audio_hw_generic( 1308): Not supplying enough data to HAL, expected position 32085222 , only wrote 32083618
12-09 08:21:36.146 W/art     (15789): Suspending all threads took: 11.036ms
12-09 08:21:36.227 I/art     (15789): Background sticky concurrent mark sweep GC freed 73984(2MB) AllocSpace objects, 2(40KB) LOS objects, 38% free, 3MB/5MB, paused 12.130ms total 94.029ms
12-09 08:21:36.232 I/ActivityManager( 1592): START u0 {cmp=com.evancharlton.mileage/.FillupInfoActivity (has extras)} from uid 10135 on display 0
12-09 08:21:36.290 W/audio_hw_generic( 1308): Hardware backing HAL too slow, could only write 0 of 661 frames
12-09 08:21:36.306 W/audio_hw_generic( 1308): Hardware backing HAL too slow, could only write 0 of 661 frames
12-09 08:21:36.307 D/AudioFlinger( 1308): mixer(0xf43c0000) throttle end: throttle time(11)
12-09 08:21:36.323 W/audio_hw_generic( 1308): Hardware backing HAL too slow, could only write 0 of 661 frames
12-09 08:21:36.362 W/audio_hw_generic( 1308): Hardware backing HAL too slow, could only write 0 of 661 frames
12-09 08:21:36.362 D/AudioFlinger( 1308): mixer(0xf43c0000) throttle end: throttle time(11)
12-09 08:21:36.384 W/audio_hw_generic( 1308): Hardware backing HAL too slow, could only write 0 of 661 frames
12-09 08:21:36.384 W/audio_hw_generic( 1308): Hardware backing HAL too slow, could only write 0 of 661 frames
12-09 08:21:36.399 W/audio_hw_generic( 1308): Hardware backing HAL too slow, could only write 0 of 661 frames
12-09 08:21:36.416 W/audio_hw_generic( 1308): Hardware backing HAL too slow, could only write 0 of 661 frames
12-09 08:21:36.488 I/calabash(15789): newActivity1
12-09 08:21:36.676 W/audio_hw_generic( 1308): Hardware backing HAL too slow, could only write 0 of 661 frames
12-09 08:21:36.685 W/audio_hw_generic( 1308): Hardware backing HAL too slow, could only write 0 of 661 frames
12-09 08:21:36.718 W/audio_hw_generic( 1308): Hardware backing HAL too slow, could only write 0 of 661 frames
12-09 08:21:36.734 W/audio_hw_generic( 1308): Hardware backing HAL too slow, could only write 0 of 661 frames
12-09 08:21:36.751 W/audio_hw_generic( 1308): Hardware backing HAL too slow, could only write 0 of 661 frames
12-09 08:21:36.762 V/PhoneStatusBar( 2195): setLightsOn(true)
12-09 08:21:36.809 D/gralloc_ranchu( 1219): gralloc_alloc: Creating ashmem region of size 3686400
12-09 08:21:36.892 W/audio_hw_generic( 1308): Not supplying enough data to HAL, expected position 32111922 , only wrote 32111380
12-09 08:21:36.892 W/audio_hw_generic( 1308): Not supplying enough data to HAL, expected position 32111386 , only wrote 32111380
12-09 08:21:36.946 W/audio_hw_generic( 1308): Not supplying enough data to HAL, expected position 32113766 , only wrote 32112041
12-09 08:21:36.970 W/audio_hw_generic( 1308): Not supplying enough data to HAL, expected position 32113098 , only wrote 32112702
12-09 08:21:36.970 W/audio_hw_generic( 1308): Not supplying enough data to HAL, expected position 32112708 , only wrote 32112702
12-09 08:21:36.971 E/SurfaceFlinger( 1219): ro.sf.lcd_density must be defined as a build property
12-09 08:21:36.994 W/audio_hw_generic( 1308): Not supplying enough data to HAL, expected position 32113759 , only wrote 32113363
12-09 08:21:37.018 D/gralloc_ranchu( 1219): gralloc_alloc: Creating ashmem region of size 3686400
12-09 08:21:37.034 D/        (15885): HostConnection::get() New Host Connection established 0x7fd638312480, tid 15885
12-09 08:21:37.082 E/EGL_emulation( 1219): tid 1219: eglCreateSyncKHR(1881): error 0x3004 (EGL_BAD_ATTRIBUTE)
12-09 08:21:37.174 W/audio_hw_generic( 1308): Not supplying enough data to HAL, expected position 32121278 , only wrote 32119973
12-09 08:21:37.174 W/audio_hw_generic( 1308): Not supplying enough data to HAL, expected position 32119979 , only wrote 32119973
12-09 08:21:37.184 W/art     ( 1592): Long monitor contention event with owner method=void com.android.server.wm.WindowAnimator$1.doFrame(long) from WindowAnimator.java:121 waiters=0 for 158ms
12-09 08:21:37.212 W/audio_hw_generic( 1308): Not supplying enough data to HAL, expected position 32121669 , only wrote 32120634
12-09 08:21:37.279 W/audio_hw_generic( 1308): Hardware backing HAL too slow, could only write 0 of 661 frames
12-09 08:21:37.294 W/audio_hw_generic( 1308): Hardware backing HAL too slow, could only write 0 of 661 frames
12-09 08:21:37.407 W/audio_hw_generic( 1308): Not supplying enough data to HAL, expected position 32129244 , only wrote 32125922
12-09 08:21:37.423 W/audio_hw_generic( 1308): Not supplying enough data to HAL, expected position 32126597 , only wrote 32125922
12-09 08:21:37.461 W/audio_hw_generic( 1308): Not supplying enough data to HAL, expected position 32127620 , only wrote 32127244
12-09 08:21:37.537 W/audio_hw_generic( 1308): Not supplying enough data to HAL, expected position 32130567 , only wrote 32130549
12-09 08:21:37.537 W/audio_hw_generic( 1308): Not supplying enough data to HAL, expected position 32130559 , only wrote 32130549
12-09 08:21:37.578 W/audio_hw_generic( 1308): Not supplying enough data to HAL, expected position 32132345 , only wrote 32131210
12-09 08:21:37.774 W/audio_hw_generic( 1308): Not supplying enough data to HAL, expected position 32139868 , only wrote 32139803
12-09 08:21:37.774 W/audio_hw_generic( 1308): Not supplying enough data to HAL, expected position 32139809 , only wrote 32139803
12-09 08:21:37.846 W/audio_hw_generic( 1308): Not supplying enough data to HAL, expected position 32142969 , only wrote 32141786
12-09 08:21:37.877 W/audio_hw_generic( 1308): Hardware backing HAL too slow, could only write 0 of 661 frames
12-09 08:21:37.892 W/audio_hw_generic( 1308): Hardware backing HAL too slow, could only write 0 of 661 frames
12-09 08:21:37.908 W/audio_hw_generic( 1308): Hardware backing HAL too slow, could only write 0 of 661 frames
12-09 08:21:37.920 W/art     ( 1592): Long monitor contention event with owner method=void com.android.server.wm.WindowAnimator$1.doFrame(long) from WindowAnimator.java:121 waiters=1 for 293ms
12-09 08:21:38.057 I/System.out(15789): URI: //map
12-09 08:21:38.058 W/art     ( 1592): Long monitor contention event with owner method=java.util.List com.android.server.am.ActivityManagerService.getAllStackInfos() from ActivityManagerService.java:8937 waiters=0 for 516ms
12-09 08:21:38.060 I/System.out(15789): params: {json={"query":"android.widget.Button index:1","operation":{"method_name":"query","arguments":[]}}
12-09 08:21:38.060 I/System.out(15789): }
12-09 08:21:38.146 W/audio_hw_generic( 1308): Not supplying enough data to HAL, expected position 32155019 , only wrote 32153684
12-09 08:21:38.146 W/audio_hw_generic( 1308): Not supplying enough data to HAL, expected position 32153691 , only wrote 32153684
12-09 08:21:38.162 W/audio_hw_generic( 1308): Not supplying enough data to HAL, expected position 32154382 , only wrote 32154345
12-09 08:21:38.211 I/art     (15789): Background sticky concurrent mark sweep GC freed 29109(1479KB) AllocSpace objects, 2(40KB) LOS objects, 31% free, 3MB/5MB, paused 1.978ms total 113.117ms
12-09 08:21:38.322 W/audio_hw_generic( 1308): Not supplying enough data to HAL, expected position 32161394 , only wrote 32157650
12-09 08:21:38.335 W/art     ( 1592): Long monitor contention event with owner method=void com.android.server.wm.WindowAnimator$1.doFrame(long) from WindowAnimator.java:121 waiters=0 for 171ms
12-09 08:21:38.344 W/art     (15789): Long monitor contention event with owner method=void java.lang.ref.ReferenceQueue.enqueue(java.lang.ref.Reference) from ReferenceQueue.java:4294967295 waiters=1 for 132ms
12-09 08:21:38.474 W/audio_hw_generic( 1308): Not supplying enough data to HAL, expected position 32164364 , only wrote 32164260
12-09 08:21:38.474 W/audio_hw_generic( 1308): Not supplying enough data to HAL, expected position 32164267 , only wrote 32164260
12-09 08:21:38.490 W/audio_hw_generic( 1308): Not supplying enough data to HAL, expected position 32164952 , only wrote 32164921
12-09 08:21:38.752 W/audio_hw_generic( 1308): Not supplying enough data to HAL, expected position 32176491 , only wrote 32176158
12-09 08:21:38.753 W/audio_hw_generic( 1308): Not supplying enough data to HAL, expected position 32176167 , only wrote 32176158
12-09 08:21:38.770 W/audio_hw_generic( 1308): Not supplying enough data to HAL, expected position 32176927 , only wrote 32176819
12-09 08:21:38.922 W/audio_hw_generic( 1308): Not supplying enough data to HAL, expected position 32183522 , only wrote 32182107
12-09 08:21:38.922 W/audio_hw_generic( 1308): Not supplying enough data to HAL, expected position 32182114 , only wrote 32182107
12-09 08:21:38.938 W/audio_hw_generic( 1308): Not supplying enough data to HAL, expected position 32182796 , only wrote 32182768
12-09 08:21:38.955 W/audio_hw_generic( 1308): Hardware backing HAL too slow, could only write 0 of 661 frames
12-09 08:21:38.980 W/audio_hw_generic( 1308): Hardware backing HAL too slow, could only write 0 of 661 frames
12-09 08:21:38.990 W/audio_hw_generic( 1308): Hardware backing HAL too slow, could only write 0 of 661 frames
12-09 08:21:39.058 W/audio_hw_generic( 1308): Not supplying enough data to HAL, expected position 32188053 , only wrote 32186734
12-09 08:21:39.058 W/audio_hw_generic( 1308): Not supplying enough data to HAL, expected position 32186741 , only wrote 32186734
12-09 08:21:39.094 W/audio_hw_generic( 1308): Not supplying enough data to HAL, expected position 32188322 , only wrote 32188056
12-09 08:21:39.113 W/audio_hw_generic( 1308): Hardware backing HAL too slow, could only write 0 of 661 frames
12-09 08:21:39.168 W/audio_hw_generic( 1308): Hardware backing HAL too slow, could only write 0 of 661 frames
12-09 08:21:39.168 W/audio_hw_generic( 1308): Not supplying enough data to HAL, expected position 32191338 , only wrote 32190700
12-09 08:21:39.168 W/audio_hw_generic( 1308): Not supplying enough data to HAL, expected position 32190705 , only wrote 32190700
12-09 08:21:39.187 W/art     ( 1592): Long monitor contention event with owner method=void com.android.server.wm.WindowAnimator$1.doFrame(long) from WindowAnimator.java:121 waiters=0 for 104ms
12-09 08:21:39.300 W/audio_hw_generic( 1308): Not supplying enough data to HAL, expected position 32196485 , only wrote 32194666
12-09 08:21:39.300 W/audio_hw_generic( 1308): Not supplying enough data to HAL, expected position 32194684 , only wrote 32194666
12-09 08:21:39.319 W/audio_hw_generic( 1308): Not supplying enough data to HAL, expected position 32195526 , only wrote 32195327
12-09 08:21:39.350 W/audio_hw_generic( 1308): Not supplying enough data to HAL, expected position 32197853 , only wrote 32196649
12-09 08:21:39.564 D/gralloc_ranchu( 1219): gralloc_alloc: Creating ashmem region of size 3686400
12-09 08:21:39.863 I/ActivityManager( 1592): Displayed com.evancharlton.mileage/.FillupInfoActivity: +3s388ms
12-09 08:21:40.235 I/System.out(15789): URI: //gesture
12-09 08:21:40.236 I/System.out(15789): params: {json={"query_timeout":5.0,"gestures":[{"query_string":"android.widget.Button index:1","touches":[{"x":50,"y":50,"offset_x":0,"offset_y":0,"wait":0.0,"time":0.2,"release":true,"query_string":null}]}]}
12-09 08:21:40.236 I/System.out(15789): }
12-09 08:21:40.696 I/ActivityManager( 1592): START u0 {cmp=com.evancharlton.mileage/.FillupInfoActivity (has extras)} from uid 10135 on display 0
12-09 08:21:40.767 W/audio_hw_generic( 1308): Hardware backing HAL too slow, could only write 0 of 661 frames
12-09 08:21:40.790 W/audio_hw_generic( 1308): Hardware backing HAL too slow, could only write 0 of 661 frames
12-09 08:21:40.806 W/audio_hw_generic( 1308): Hardware backing HAL too slow, could only write 0 of 661 frames
12-09 08:21:40.874 W/audio_hw_generic( 1308): Hardware backing HAL too slow, could only write 0 of 661 frames
12-09 08:21:40.921 I/calabash(15789): newActivity1
12-09 08:21:40.951 W/audio_hw_generic( 1308): Not supplying enough data to HAL, expected position 32206768 , only wrote 32206564
12-09 08:21:40.951 W/audio_hw_generic( 1308): Not supplying enough data to HAL, expected position 32206571 , only wrote 32206564
12-09 08:21:40.966 W/audio_hw_generic( 1308): Hardware backing HAL too slow, could only write 0 of 661 frames
12-09 08:21:40.968 I/art     (15789): Background sticky concurrent mark sweep GC freed 44231(2013KB) AllocSpace objects, 3(60KB) LOS objects, 37% free, 3MB/4MB, paused 995us total 247.923ms
12-09 08:21:41.006 W/audio_hw_generic( 1308): Hardware backing HAL too slow, could only write 0 of 661 frames
12-09 08:21:41.030 W/audio_hw_generic( 1308): Hardware backing HAL too slow, could only write 0 of 661 frames
12-09 08:21:41.098 W/audio_hw_generic( 1308): Hardware backing HAL too slow, could only write 0 of 661 frames
12-09 08:21:41.122 W/audio_hw_generic( 1308): Hardware backing HAL too slow, could only write 0 of 661 frames
12-09 08:21:41.122 W/audio_hw_generic( 1308): Hardware backing HAL too slow, could only write 0 of 661 frames
12-09 08:21:41.144 W/audio_hw_generic( 1308): Hardware backing HAL too slow, could only write 0 of 661 frames
12-09 08:21:41.162 W/audio_hw_generic( 1308): Hardware backing HAL too slow, could only write 0 of 661 frames
12-09 08:21:41.173 V/PhoneStatusBar( 2195): setLightsOn(true)
12-09 08:21:41.180 W/audio_hw_generic( 1308): Hardware backing HAL too slow, could only write 0 of 661 frames
12-09 08:21:41.190 W/audio_hw_generic( 1308): Hardware backing HAL too slow, could only write 0 of 661 frames
12-09 08:21:41.201 D/gralloc_ranchu( 1219): gralloc_alloc: Creating ashmem region of size 3686400
12-09 08:21:41.288 W/audio_hw_generic( 1308): Not supplying enough data to HAL, expected position 32221415 , only wrote 32219123
12-09 08:21:41.435 E/SurfaceFlinger( 1219): ro.sf.lcd_density must be defined as a build property
12-09 08:21:41.490 D/gralloc_ranchu( 1219): gralloc_alloc: Creating ashmem region of size 3686400
12-09 08:21:41.500 D/        (15891): HostConnection::get() New Host Connection established 0x7f21fbb92480, tid 15891
12-09 08:21:41.546 E/EGL_emulation( 1219): tid 1219: eglCreateSyncKHR(1881): error 0x3004 (EGL_BAD_ATTRIBUTE)
12-09 08:21:41.566 W/audio_hw_generic( 1308): Not supplying enough data to HAL, expected position 32231366 , only wrote 32231021
12-09 08:21:41.628 W/audio_hw_generic( 1308): Hardware backing HAL too slow, could only write 0 of 661 frames
12-09 08:21:41.645 W/audio_hw_generic( 1308): Hardware backing HAL too slow, could only write 0 of 661 frames
12-09 08:21:41.670 W/audio_hw_generic( 1308): Hardware backing HAL too slow, could only write 0 of 661 frames
12-09 08:21:41.786 I/ActivityManager( 1592): Displayed com.evancharlton.mileage/.FillupInfoActivity: +1s43ms
12-09 08:21:41.842 W/audio_hw_generic( 1308): Not supplying enough data to HAL, expected position 32243216 , only wrote 32242258
12-09 08:21:41.843 W/audio_hw_generic( 1308): Not supplying enough data to HAL, expected position 32242264 , only wrote 32242258
12-09 08:21:41.861 W/audio_hw_generic( 1308): Not supplying enough data to HAL, expected position 32243068 , only wrote 32242919
12-09 08:21:41.861 W/audio_hw_generic( 1308): Hardware backing HAL too slow, could only write 0 of 661 frames
12-09 08:21:41.877 W/audio_hw_generic( 1308): Hardware backing HAL too slow, could only write 0 of 661 frames
12-09 08:21:41.880 D/gralloc_ranchu( 1219): gralloc_alloc: Creating ashmem region of size 3686400
12-09 08:21:41.894 W/audio_hw_generic( 1308): Hardware backing HAL too slow, could only write 0 of 661 frames
12-09 08:21:41.912 W/audio_hw_generic( 1308): Hardware backing HAL too slow, could only write 0 of 661 frames
12-09 08:21:41.934 W/audio_hw_generic( 1308): Hardware backing HAL too slow, could only write 0 of 661 frames
12-09 08:21:41.937 W/audio_hw_generic( 1308): Hardware backing HAL too slow, could only write 0 of 661 frames
12-09 08:21:41.952 W/audio_hw_generic( 1308): Hardware backing HAL too slow, could only write 0 of 661 frames
12-09 08:21:41.971 W/audio_hw_generic( 1308): Hardware backing HAL too slow, could only write 0 of 661 frames
12-09 08:21:41.982 W/audio_hw_generic( 1308): Hardware backing HAL too slow, could only write 0 of 661 frames
12-09 08:21:42.003 W/audio_hw_generic( 1308): Hardware backing HAL too slow, could only write 0 of 661 frames
12-09 08:21:42.093 W/audio_hw_generic( 1308): Not supplying enough data to HAL, expected position 32253151 , only wrote 32252834
12-09 08:21:42.093 W/audio_hw_generic( 1308): Not supplying enough data to HAL, expected position 32252841 , only wrote 32252834
12-09 08:21:42.112 W/audio_hw_generic( 1308): Not supplying enough data to HAL, expected position 32253684 , only wrote 32253495
12-09 08:21:42.327 W/audio_hw_generic( 1308): Not supplying enough data to HAL, expected position 32262956 , only wrote 32262749
12-09 08:21:42.464 I/System.out(15789): URI: //map
12-09 08:21:42.464 I/System.out(15789): params: {json={"query":"android.widget.Button index:0","operation":{"method_name":"query","arguments":[]}}
12-09 08:21:42.464 I/System.out(15789): }
12-09 08:21:42.591 W/audio_hw_generic( 1308): Hardware backing HAL too slow, could only write 0 of 661 frames
12-09 08:21:42.774 W/audio_hw_generic( 1308): Not supplying enough data to HAL, expected position 32282441 , only wrote 32277952
12-09 08:21:42.794 W/audio_hw_generic( 1308): Not supplying enough data to HAL, expected position 32278835 , only wrote 32277952
12-09 08:21:42.830 W/audio_hw_generic( 1308): Not supplying enough data to HAL, expected position 32279547 , only wrote 32278613
12-09 08:21:42.871 D/gralloc_ranchu( 1219): gralloc_alloc: Creating ashmem region of size 3686400
12-09 08:21:42.898 I/art     (15789): Background partial concurrent mark sweep GC freed 35728(1671KB) AllocSpace objects, 4(84KB) LOS objects, 40% free, 2MB/4MB, paused 31.278ms total 49.477ms
12-09 08:21:42.908 W/audio_hw_generic( 1308): Hardware backing HAL too slow, could only write 0 of 661 frames
12-09 08:21:42.934 W/audio_hw_generic( 1308): Hardware backing HAL too slow, could only write 0 of 661 frames
12-09 08:21:42.937 W/audio_hw_generic( 1308): Hardware backing HAL too slow, could only write 0 of 661 frames
12-09 08:21:42.967 W/audio_hw_generic( 1308): Hardware backing HAL too slow, could only write 0 of 661 frames
12-09 08:21:43.031 I/System.out(15789): URI: //gesture
12-09 08:21:43.031 I/System.out(15789): params: {json={"query_timeout":5.0,"gestures":[{"query_string":"android.widget.Button index:0","touches":[{"x":50,"y":50,"offset_x":0,"offset_y":0,"wait":0.0,"time":0.2,"release":true,"query_string":null}]}]}
12-09 08:21:43.031 I/System.out(15789): }
12-09 08:21:43.082 W/audio_hw_generic( 1308): Not supplying enough data to HAL, expected position 32289726 , only wrote 32289189
12-09 08:21:43.082 W/audio_hw_generic( 1308): Not supplying enough data to HAL, expected position 32289196 , only wrote 32289189
12-09 08:21:43.082 W/audio_hw_generic( 1308): Hardware backing HAL too slow, could only write 0 of 661 frames
12-09 08:21:43.096 W/audio_hw_generic( 1308): Hardware backing HAL too slow, could only write 0 of 661 frames
12-09 08:21:43.342 W/audio_hw_generic( 1308): Not supplying enough data to HAL, expected position 32300638 , only wrote 32296460
12-09 08:21:43.342 W/audio_hw_generic( 1308): Not supplying enough data to HAL, expected position 32296466 , only wrote 32296460
12-09 08:21:43.351 I/ActivityManager( 1592): START u0 {cmp=com.evancharlton.mileage/.FillupInfoActivity (has extras)} from uid 10135 on display 0
12-09 08:21:43.431 W/audio_hw_generic( 1308): Not supplying enough data to HAL, expected position 32300401 , only wrote 32297121
12-09 08:21:43.473 W/audio_hw_generic( 1308): Not supplying enough data to HAL, expected position 32298972 , only wrote 32297782
12-09 08:21:43.513 I/art     (15789): Background sticky concurrent mark sweep GC freed 50113(2MB) AllocSpace objects, 2(40KB) LOS objects, 25% free, 3MB/4MB, paused 1.063ms total 133.298ms
12-09 08:21:43.586 W/audio_hw_generic( 1308): Not supplying enough data to HAL, expected position 32302753 , only wrote 32301087
12-09 08:21:43.602 I/calabash(15789): newActivity1
12-09 08:21:43.639 W/audio_hw_generic( 1308): Not supplying enough data to HAL, expected position 32303447 , only wrote 32302409
12-09 08:21:43.711 W/audio_hw_generic( 1308): Hardware backing HAL too slow, could only write 0 of 661 frames
12-09 08:21:43.726 W/audio_hw_generic( 1308): Hardware backing HAL too slow, could only write 0 of 661 frames
12-09 08:21:43.741 V/PhoneStatusBar( 2195): setLightsOn(true)
12-09 08:21:43.777 D/gralloc_ranchu( 1219): gralloc_alloc: Creating ashmem region of size 3686400
12-09 08:21:43.982 W/audio_hw_generic( 1308): Not supplying enough data to HAL, expected position 32317517 , only wrote 32314968
12-09 08:21:43.982 W/audio_hw_generic( 1308): Not supplying enough data to HAL, expected position 32314975 , only wrote 32314968
12-09 08:21:44.006 W/audio_hw_generic( 1308): Not supplying enough data to HAL, expected position 32316016 , only wrote 32315629
12-09 08:21:44.056 W/audio_hw_generic( 1308): Hardware backing HAL too slow, could only write 0 of 661 frames
12-09 08:21:44.095 E/SurfaceFlinger( 1219): ro.sf.lcd_density must be defined as a build property
12-09 08:21:44.109 D/gralloc_ranchu( 1219): gralloc_alloc: Creating ashmem region of size 3686400
12-09 08:21:44.111 W/audio_hw_generic( 1308): Not supplying enough data to HAL, expected position 32320257 , only wrote 32320256
12-09 08:21:44.111 W/audio_hw_generic( 1308): Not supplying enough data to HAL, expected position 32320262 , only wrote 32320256
12-09 08:21:44.127 W/audio_hw_generic( 1308): Not supplying enough data to HAL, expected position 32320954 , only wrote 32320917
12-09 08:21:44.133 D/        (15897): HostConnection::get() New Host Connection established 0x7f6b84d12480, tid 15897
12-09 08:21:44.170 W/audio_hw_generic( 1308): Not supplying enough data to HAL, expected position 32322824 , only wrote 32322239
12-09 08:21:44.182 E/EGL_emulation( 1219): tid 1219: eglCreateSyncKHR(1881): error 0x3004 (EGL_BAD_ATTRIBUTE)
12-09 08:21:44.291 W/audio_hw_generic( 1308): Not supplying enough data to HAL, expected position 32327586 , only wrote 32325544
12-09 08:21:44.296 W/audio_hw_generic( 1308): Not supplying enough data to HAL, expected position 32325746 , only wrote 32325544
12-09 08:21:44.338 W/audio_hw_generic( 1308): Not supplying enough data to HAL, expected position 32327396 , only wrote 32326205
12-09 08:21:44.347 W/art     ( 1592): Long monitor contention event with owner method=void com.android.server.wm.WindowAnimator$1.doFrame(long) from WindowAnimator.java:121 waiters=0 for 239ms
12-09 08:21:44.385 W/audio_hw_generic( 1308): Hardware backing HAL too slow, could only write 0 of 661 frames
12-09 08:21:44.418 W/audio_hw_generic( 1308): Hardware backing HAL too slow, could only write 0 of 661 frames
