--------- beginning of main
12-09 08:44:14.787 W/audio_hw_generic( 1309): Not supplying enough data to HAL, expected position 42179626 , only wrote 42178410
12-09 08:44:14.853 E/EGL_emulation( 1219): tid 1219: eglCreateSyncKHR(1881): error 0x3004 (EGL_BAD_ATTRIBUTE)
--------- beginning of system
12-09 08:44:14.931 W/ActivityManager( 1592): Finishing task with all activities already finished
12-09 08:44:14.931 W/ActivityManager( 1592): Duplicate finish request for ActivityRecord{ace5517 u0 com.evancharlton.mileage/.Mileage t472 f}
12-09 08:44:14.936 W/ActivityManager( 1592): Finishing task with all activities already finished
12-09 08:44:14.936 W/ActivityManager( 1592): Duplicate finish request for ActivityRecord{ace5517 u0 com.evancharlton.mileage/.Mileage t472 f}
12-09 08:44:14.936 W/ActivityManager( 1592): Finishing task with all activities already finished
12-09 08:44:14.936 W/ActivityManager( 1592): Duplicate finish request for ActivityRecord{ace5517 u0 com.evancharlton.mileage/.Mileage t472 f}
12-09 08:44:15.057 I/art     ( 1592): Background partial concurrent mark sweep GC freed 6679(539KB) AllocSpace objects, 2(40KB) LOS objects, 29% free, 9MB/13MB, paused 42.622ms total 190.436ms
12-09 08:44:15.123 D/EGL_emulation( 1946): eglMakeCurrent: 0x7fdaf0874b40: ver 2 0 (tinfo 0x7fdaf0842d80)
12-09 08:44:15.237 W/audio_hw_generic( 1309): Not supplying enough data to HAL, expected position 42198250 , only wrote 42198240
12-09 08:44:15.237 W/audio_hw_generic( 1309): Not supplying enough data to HAL, expected position 42198247 , only wrote 42198240
12-09 08:44:15.314 W/audio_hw_generic( 1309): Not supplying enough data to HAL, expected position 42201641 , only wrote 42200223
12-09 08:44:15.354 W/audio_hw_generic( 1309): Hardware backing HAL too slow, could only write 0 of 661 frames
12-09 08:44:15.366 W/audio_hw_generic( 1309): Hardware backing HAL too slow, could only write 0 of 661 frames
12-09 08:44:15.378 W/audio_hw_generic( 1309): Hardware backing HAL too slow, could only write 0 of 661 frames
12-09 08:44:15.389 W/audio_hw_generic( 1309): Hardware backing HAL too slow, could only write 0 of 661 frames
12-09 08:44:15.881 W/audio_hw_generic( 1309): Hardware backing HAL too slow, could only write 0 of 661 frames
12-09 08:44:15.934 D/AndroidRuntime(18904): >>>>>> START com.android.internal.os.RuntimeInit uid 0 <<<<<<
12-09 08:44:15.935 D/AndroidRuntime(18904): CheckJNI is ON
12-09 08:44:15.990 D/ICU     (18904): No timezone override file found: /data/misc/zoneinfo/current/icu/icu_tzdata.dat
12-09 08:44:16.054 W/audio_hw_generic( 1309): Not supplying enough data to HAL, expected position 42232856 , only wrote 42232612
12-09 08:44:16.054 W/audio_hw_generic( 1309): Not supplying enough data to HAL, expected position 42232620 , only wrote 42232612
12-09 08:44:16.070 W/audio_hw_generic( 1309): Not supplying enough data to HAL, expected position 42233318 , only wrote 42233273
12-09 08:44:16.132 W/audio_hw_generic( 1309): Not supplying enough data to HAL, expected position 42237749 , only wrote 42235917
12-09 08:44:16.154 D/hwcomposer( 1219): hw_composer sent 502 syncs in 60s
12-09 08:44:16.155 E/memtrack(18904): Couldn't load memtrack module (No such file or directory)
12-09 08:44:16.155 E/android.os.Debug(18904): failed to load memtrack module: -2
12-09 08:44:16.156 I/Radio-JNI(18904): register_android_hardware_Radio DONE
12-09 08:44:16.196 D/AndroidRuntime(18904): Calling main entry com.android.commands.am.Am
12-09 08:44:16.515 W/art     ( 1592): Long monitor contention event with owner method=void com.android.server.wm.WindowAnimator$1.doFrame(long) from WindowAnimator.java:121 waiters=1 for 245ms
12-09 08:44:16.517 I/Choreographer( 1946): Skipped 64 frames!  The application may be doing too much work on its main thread.
12-09 08:44:16.574 W/art     ( 1592): Long monitor contention event with owner method=java.util.List com.android.server.am.ActivityManagerService.getAllStackInfos() from ActivityManagerService.java:8937 waiters=1 for 143ms
12-09 08:44:16.575 I/ActivityManager( 1592): Force stopping com.evancharlton.mileage appid=10141 user=0: start instr
12-09 08:44:16.575 I/ActivityManager( 1592): Killing 18860:com.evancharlton.mileage/u0a141 (adj 0): stop com.evancharlton.mileage
12-09 08:44:16.659 W/ActivityManager( 1592): Crash of app com.evancharlton.mileage running instrumentation ComponentInfo{com.evancharlton.mileage.test/sh.calaba.instrumentationbackend.CalabashInstrumentationTestRunner}
12-09 08:44:16.659 I/ActivityManager( 1592): Force stopping com.evancharlton.mileage appid=10141 user=0: finished inst
12-09 08:44:16.891 W/OpenGLRenderer( 1946): Incorrectly called buildLayer on View: ShortcutAndWidgetContainer, destroying layer...
12-09 08:44:17.014 W/art     ( 1592): Long monitor contention event with owner method=void com.android.server.wm.WindowAnimator$1.doFrame(long) from WindowAnimator.java:121 waiters=2 for 337ms
12-09 08:44:17.015 W/art     ( 1592): Long monitor contention event with owner method=void com.android.server.wm.WindowAnimator$1.doFrame(long) from WindowAnimator.java:121 waiters=2 for 255ms
12-09 08:44:17.015 I/WindowState( 1592): WIN DEATH: Window{1b29421 u0 com.evancharlton.mileage/com.evancharlton.mileage.Mileage EXITING}
12-09 08:44:17.080 I/ActivityManager( 1592): Start proc 18913:com.evancharlton.mileage/u0a141 for added application com.evancharlton.mileage
12-09 08:44:17.092 D/AndroidRuntime(18904): Shutting down VM
12-09 08:44:17.098 W/art     ( 1592): Long monitor contention event with owner method=boolean com.android.server.am.ActivityManagerService.startInstrumentation(android.content.ComponentName, java.lang.String, int, android.os.Bundle, android.app.IInstrumentationWatcher, android.app.IUiAutomationConnection, int, java.lang.String) from ActivityManagerService.java:17066 waiters=0 for 515ms
12-09 08:44:17.099 W/art     ( 1592): Long monitor contention event with owner method=boolean com.android.server.am.ActivityManagerService.startInstrumentation(android.content.ComponentName, java.lang.String, int, android.os.Bundle, android.app.IInstrumentationWatcher, android.app.IUiAutomationConnection, int, java.lang.String) from ActivityManagerService.java:17066 waiters=2 for 485ms
12-09 08:44:17.101 W/WindowAnimator( 1592): Failed to dispatch window animation state change.
12-09 08:44:17.101 W/WindowAnimator( 1592): android.os.DeadObjectException
12-09 08:44:17.101 W/WindowAnimator( 1592): 	at android.os.BinderProxy.transactNative(Native Method)
12-09 08:44:17.101 W/WindowAnimator( 1592): 	at android.os.BinderProxy.transact(Binder.java:503)
12-09 08:44:17.101 W/WindowAnimator( 1592): 	at android.view.IWindow$Stub$Proxy.onAnimationStopped(IWindow.java:534)
12-09 08:44:17.101 W/WindowAnimator( 1592): 	at com.android.server.wm.WindowAnimator.updateWindowsLocked(WindowAnimator.java:286)
12-09 08:44:17.101 W/WindowAnimator( 1592): 	at com.android.server.wm.WindowAnimator.animateLocked(WindowAnimator.java:678)
12-09 08:44:17.101 W/WindowAnimator( 1592): 	at com.android.server.wm.WindowAnimator.-wrap0(WindowAnimator.java)
12-09 08:44:17.101 W/WindowAnimator( 1592): 	at com.android.server.wm.WindowAnimator$1.doFrame(WindowAnimator.java:123)
12-09 08:44:17.101 W/WindowAnimator( 1592): 	at android.view.Choreographer$CallbackRecord.run(Choreographer.java:856)
12-09 08:44:17.101 W/WindowAnimator( 1592): 	at android.view.Choreographer.doCallbacks(Choreographer.java:670)
12-09 08:44:17.101 W/WindowAnimator( 1592): 	at android.view.Choreographer.doFrame(Choreographer.java:603)
12-09 08:44:17.101 W/WindowAnimator( 1592): 	at android.view.Choreographer$FrameDisplayEventReceiver.run(Choreographer.java:844)
12-09 08:44:17.101 W/WindowAnimator( 1592): 	at android.os.Handler.handleCallback(Handler.java:739)
12-09 08:44:17.101 W/WindowAnimator( 1592): 	at android.os.Handler.dispatchMessage(Handler.java:95)
12-09 08:44:17.101 W/WindowAnimator( 1592): 	at android.os.Looper.loop(Looper.java:148)
12-09 08:44:17.101 W/WindowAnimator( 1592): 	at android.os.HandlerThread.run(HandlerThread.java:61)
12-09 08:44:17.101 W/WindowAnimator( 1592): 	at com.android.server.ServiceThread.run(ServiceThread.java:46)
12-09 08:44:17.102 W/art     ( 1592): Long monitor contention event with owner method=boolean com.android.server.am.ActivityManagerService.startInstrumentation(android.content.ComponentName, java.lang.String, int, android.os.Bundle, android.app.IInstrumentationWatcher, android.app.IUiAutomationConnection, int, java.lang.String) from ActivityManagerService.java:17066 waiters=1 for 516ms
12-09 08:44:17.394 I/art     (18913): Background sticky concurrent mark sweep GC freed 11487(406KB) AllocSpace objects, 0(0B) LOS objects, 71% free, 375KB/1295KB, paused 55.867ms total 85.090ms
12-09 08:44:17.402 W/System  (18913): ClassLoader referenced unknown path: /data/app/com.evancharlton.mileage.test-1/lib/x86_64
12-09 08:44:17.406 W/System  (18913): ClassLoader referenced unknown path: /data/app/com.evancharlton.mileage-1/lib/x86_64
12-09 08:44:17.525 I/System.out(18913): Main activity name automatically set to: com.evancharlton.mileage.Mileage
12-09 08:44:17.533 I/System.out(18913): Calabash did not load Mono. This is only a problem if you are trying to test a Mono application
12-09 08:44:17.533 I/calabash(18913): Test server port: 7102
12-09 08:44:17.534 I/InstrumentationBackend(18913): Added:'GetPreferences', with key:'get_preferences'
12-09 08:44:17.615 I/InstrumentationBackend(18913): Added:'SetPreferences', with key:'set_preferences'
12-09 08:44:17.615 I/InstrumentationBackend(18913): Added:'ClearPreferences', with key:'clear_preferences'
12-09 08:44:17.615 I/InstrumentationBackend(18913): Added:'PressElement', with key:'press_l10n_element'
12-09 08:44:17.615 I/InstrumentationBackend(18913): Added:'WaitForElement', with key:'wait_for_l10n_element'
12-09 08:44:17.616 I/InstrumentationBackend(18913): Added:'NullAction', with key:'nullAction'
12-09 08:44:17.616 I/InstrumentationBackend(18913): Added:'PressKey', with key:'press_key'
12-09 08:44:17.616 I/InstrumentationBackend(18913): Added:'SetActivityOrientation', with key:'set_activity_orientation'
12-09 08:44:17.616 I/InstrumentationBackend(18913): Added:'GetActivityOrientation', with key:'get_activity_orientation'
12-09 08:44:17.617 I/InstrumentationBackend(18913): Added:'FakeGPSLocation', with key:'set_gps_coordinates'
12-09 08:44:17.617 I/InstrumentationBackend(18913): Added:'SetPropertyByCssSelector', with key:'set_property_by_css_selector'
12-09 08:44:17.617 I/InstrumentationBackend(18913): Added:'GetUrl', with key:'get_url'
12-09 08:44:17.654 I/InstrumentationBackend(18913): Added:'ScrollTo', with key:'scroll_to'
12-09 08:44:17.654 I/InstrumentationBackend(18913): Added:'GetLoadProgress', with key:'get_load_progress'
12-09 08:44:17.654 I/InstrumentationBackend(18913): Added:'DumpHtml', with key:'dump_html'
12-09 08:44:17.655 I/InstrumentationBackend(18913): Added:'DumpBodyHtml', with key:'dump_body_html'
12-09 08:44:17.655 I/InstrumentationBackend(18913): Added:'EnterTextByCssSelector', with key:'enter_text_by_selector'
12-09 08:44:17.656 I/InstrumentationBackend(18913): Added:'AndroidSDKVersion', with key:'android_sdk_version'
12-09 08:44:17.656 I/InstrumentationBackend(18913): Added:'Version', with key:'version'
12-09 08:44:17.656 I/InstrumentationBackend(18913): Added:'Drag', with key:'drag'
12-09 08:44:17.657 I/InstrumentationBackend(18913): Added:'TouchCoordinates', with key:'touch_coordinate'
12-09 08:44:17.657 I/InstrumentationBackend(18913): Added:'LongPressCoordinate', with key:'long_press_coordinate'
12-09 08:44:17.657 I/InstrumentationBackend(18913): Added:'DragCoordinates', with key:'drag_coordinates'
12-09 08:44:17.657 I/InstrumentationBackend(18913): Added:'ResumeApplication', with key:'resume_application'
12-09 08:44:17.657 I/InstrumentationBackend(18913): Added:'Swipe', with key:'swipe'
12-09 08:44:17.658 I/InstrumentationBackend(18913): Added:'DoubleTapCoordinate', with key:'double_tap_coordinate'
12-09 08:44:17.682 I/InstrumentationBackend(18913): Added:'ClickOnScreen', with key:'click_on_screen'
12-09 08:44:17.682 I/InstrumentationBackend(18913): Added:'GetActivityName', with key:'get_activity_name'
12-09 08:44:17.683 I/InstrumentationBackend(18913): Added:'ScrollToView', with key:'scroll_to_view'
12-09 08:44:17.683 I/InstrumentationBackend(18913): Added:'ViewConfiguration', with key:'view_configuration'
12-09 08:44:17.683 I/InstrumentationBackend(18913): Added:'IsCurrentActivityFocused', with key:'is_current_activity_focused'
12-09 08:44:17.683 I/InstrumentationBackend(18913): Added:'SendTcp', with key:'send_tcp'
12-09 08:44:17.683 I/InstrumentationBackend(18913): Added:'DpToDevicePixel', with key:'dp_to_device_pixel'
12-09 08:44:17.727 I/InstrumentationBackend(18913): Added:'KeyboardEnterText', with key:'keyboard_enter_text'
12-09 08:44:17.727 I/InstrumentationBackend(18913): Added:'DeleteSurroundingText', with key:'delete_surrounding_text'
12-09 08:44:17.728 I/InstrumentationBackend(18913): Added:'SetComposingRegion', with key:'set_composing_region'
12-09 08:44:17.728 I/InstrumentationBackend(18913): Added:'SetSelection', with key:'set_selection'
12-09 08:44:17.728 I/InstrumentationBackend(18913): Added:'KeyboardKeyEvent', with key:'keyboard_key_event'
12-09 08:44:17.728 I/InstrumentationBackend(18913): Added:'PressUserActionButton', with key:'press_user_action_button'
12-09 08:44:17.729 I/InstrumentationBackend(18913): Added:'HideSoftKeyboard', with key:'hide_soft_keyboard'
12-09 08:44:17.729 I/InstrumentationBackend(18913): Added:'ListActions', with key:'list_actions'
12-09 08:44:17.771 I/art     (18913): Background partial concurrent mark sweep GC freed 3566(362KB) AllocSpace objects, 0(0B) LOS objects, 50% free, 1019KB/2043KB, paused 1.263ms total 164.010ms
12-09 08:44:17.771 I/calabash(18913): Instantiating http server at 7102
12-09 08:44:17.772 I/System.out(18913): HTTP Daemon listening on: 7102
12-09 08:44:17.872 I/System.out(18913): URI: //ping
12-09 08:44:17.872 I/System.out(18913): params: {json={}
12-09 08:44:17.872 I/System.out(18913): }
12-09 08:44:17.947 I/System.out(18913): URI: //ping
12-09 08:44:17.947 I/System.out(18913): params: {json={}
12-09 08:44:17.947 I/System.out(18913): }
12-09 08:44:17.964 I/System.out(18913): URI: //ready
12-09 08:44:17.964 I/System.out(18913): params: {json={}
12-09 08:44:17.964 I/System.out(18913): }
12-09 08:44:17.991 I/System.out(18913): URI: //
12-09 08:44:17.991 I/System.out(18913): params: {json={"command":"version","arguments":[]}
12-09 08:44:17.991 I/System.out(18913): }
12-09 08:44:17.991 I/System.out(18913): header: {date=Sun, 09 Dec 2018 08:44:18 GMT, accept=*/*, content-length=36, host=127.0.0.1:34777, user-agent=HTTPClient/1.0 (2.8.3, ruby 2.3.1 (2016-04-26)), content-type=application/json;charset=utf-8}
12-09 08:44:17.991 I/System.out(18913): params: {json={"command":"version","arguments":[]}
12-09 08:44:17.991 I/System.out(18913): }
12-09 08:44:17.991 I/System.out(18913): ProP json = {"command":"version","arguments":[]}
12-09 08:44:17.991 I/System.out(18913): files: {}
12-09 08:44:17.991 I/System.out(18913): command: {"command":"version","arguments":[]}
12-09 08:44:18.017 I/InstrumentationBackend(18913): Got command:'Command:'Line:null,version', arguments:'[]'
12-09 08:44:18.094 I/System.out(18913): result:{"bonusInformation":[],"message":"0.9.8","success":true}
12-09 08:44:18.140 I/art     (18913): Background sticky concurrent mark sweep GC freed 14681(853KB) AllocSpace objects, 11(220KB) LOS objects, 39% free, 1245KB/2043KB, paused 1.204ms total 101.795ms
12-09 08:44:18.154 I/System.out(18913): URI: //start-application
12-09 08:44:18.154 I/System.out(18913): params: {json={"intent":null}
12-09 08:44:18.154 I/System.out(18913): }
12-09 08:44:18.191 I/ActivityManager( 1592): START u0 {act=android.intent.action.MAIN cat=[android.intent.category.LAUNCHER] flg=0x10200000 cmp=com.evancharlton.mileage/.Mileage} from uid 10141 on display 0
12-09 08:44:18.362 I/calabash(18913): newActivity1
12-09 08:44:18.382 D/gralloc_ranchu( 1219): gralloc_alloc: Creating ashmem region of size 3686400
12-09 08:44:18.455 I/calabash(18913): newActivity1
12-09 08:44:18.457 W/ActivityManager( 1592): Bad activity token: android.os.BinderProxy@a9456f6
12-09 08:44:18.457 W/ActivityManager( 1592): java.lang.ClassCastException: android.os.BinderProxy cannot be cast to com.android.server.am.ActivityRecord$Token
12-09 08:44:18.457 W/ActivityManager( 1592): 	at com.android.server.am.ActivityRecord.forTokenLocked(ActivityRecord.java:424)
12-09 08:44:18.457 W/ActivityManager( 1592): 	at com.android.server.am.ActivityRecord.isInStackLocked(ActivityRecord.java:1121)
12-09 08:44:18.457 W/ActivityManager( 1592): 	at com.android.server.am.ActivityRecord.getStackLocked(ActivityRecord.java:1126)
12-09 08:44:18.457 W/ActivityManager( 1592): 	at com.android.server.am.ActivityManagerService.getActivityDisplayId(ActivityManagerService.java:8889)
12-09 08:44:18.457 W/ActivityManager( 1592): 	at android.app.ActivityManagerNative.onTransact(ActivityManagerNative.java:2338)
12-09 08:44:18.457 W/ActivityManager( 1592): 	at com.android.server.am.ActivityManagerService.onTransact(ActivityManagerService.java:2443)
12-09 08:44:18.457 W/ActivityManager( 1592): 	at android.os.Binder.execTransact(Binder.java:453)
12-09 08:44:18.471 W/ActivityManager( 1592): Bad activity token: android.os.BinderProxy@a9456f6
12-09 08:44:18.471 W/ActivityManager( 1592): java.lang.ClassCastException: android.os.BinderProxy cannot be cast to com.android.server.am.ActivityRecord$Token
12-09 08:44:18.471 W/ActivityManager( 1592): 	at com.android.server.am.ActivityRecord.forTokenLocked(ActivityRecord.java:424)
12-09 08:44:18.471 W/ActivityManager( 1592): 	at com.android.server.am.ActivityRecord.isInStackLocked(ActivityRecord.java:1121)
12-09 08:44:18.471 W/ActivityManager( 1592): 	at com.android.server.am.ActivityManagerService.setTaskDescription(ActivityManagerService.java:8547)
12-09 08:44:18.471 W/ActivityManager( 1592): 	at android.app.ActivityManagerNative.onTransact(ActivityManagerNative.java:2410)
12-09 08:44:18.471 W/ActivityManager( 1592): 	at com.android.server.am.ActivityManagerService.onTransact(ActivityManagerService.java:2443)
12-09 08:44:18.471 W/ActivityManager( 1592): 	at android.os.Binder.execTransact(Binder.java:453)
12-09 08:44:18.560 V/PhoneStatusBar( 1709): setLightsOn(true)
12-09 08:44:18.634 D/EGL_emulation( 1946): eglMakeCurrent: 0x7fdaf0874b40: ver 2 0 (tinfo 0x7fdaf0842d80)
12-09 08:44:18.675 W/ActivityManager( 1592): Bad activity token: android.os.BinderProxy@a9456f6
12-09 08:44:18.675 W/ActivityManager( 1592): java.lang.ClassCastException: android.os.BinderProxy cannot be cast to com.android.server.am.ActivityRecord$Token
12-09 08:44:18.675 W/ActivityManager( 1592): 	at com.android.server.am.ActivityRecord.forTokenLocked(ActivityRecord.java:424)
12-09 08:44:18.675 W/ActivityManager( 1592): 	at com.android.server.am.ActivityRecord.isInStackLocked(ActivityRecord.java:1121)
12-09 08:44:18.675 W/ActivityManager( 1592): 	at com.android.server.am.ActivityManagerService.getActivityOptions(ActivityManagerService.java:11038)
12-09 08:44:18.675 W/ActivityManager( 1592): 	at android.app.ActivityManagerNative.onTransact(ActivityManagerNative.java:1734)
12-09 08:44:18.675 W/ActivityManager( 1592): 	at com.android.server.am.ActivityManagerService.onTransact(ActivityManagerService.java:2443)
12-09 08:44:18.675 W/ActivityManager( 1592): 	at android.os.Binder.execTransact(Binder.java:453)
12-09 08:44:18.675 W/ActivityManager( 1592): Bad activity token: android.os.BinderProxy@a9456f6
12-09 08:44:18.675 W/ActivityManager( 1592): java.lang.ClassCastException: android.os.BinderProxy cannot be cast to com.android.server.am.ActivityRecord$Token
12-09 08:44:18.675 W/ActivityManager( 1592): 	at com.android.server.am.ActivityRecord.forTokenLocked(ActivityRecord.java:424)
12-09 08:44:18.675 W/ActivityManager( 1592): 	at com.android.server.am.ActivityRecord.isInStackLocked(ActivityRecord.java:1121)
12-09 08:44:18.675 W/ActivityManager( 1592): 	at com.android.server.am.ActivityManagerService.getActivityOptions(ActivityManagerService.java:11038)
12-09 08:44:18.675 W/ActivityManager( 1592): 	at android.app.ActivityManagerNative.onTransact(ActivityManagerNative.java:1734)
12-09 08:44:18.675 W/ActivityManager( 1592): 	at com.android.server.am.ActivityManagerService.onTransact(ActivityManagerService.java:2443)
12-09 08:44:18.675 W/ActivityManager( 1592): 	at android.os.Binder.execTransact(Binder.java:453)
12-09 08:44:18.677 E/Surface ( 1946): getSlotFromBufferLocked: unknown buffer: 0x7fdaece55e80
12-09 08:44:18.832 I/art     (18913): Background partial concurrent mark sweep GC freed 880(132KB) AllocSpace objects, 2(40KB) LOS objects, 40% free, 1827KB/2MB, paused 52.046ms total 76.202ms
12-09 08:44:18.845 W/art     ( 1592): Long monitor contention event with owner method=void com.android.server.wm.WindowAnimator$1.doFrame(long) from WindowAnimator.java:121 waiters=0 for 146ms
12-09 08:44:19.236 D/gralloc_ranchu( 1219): gralloc_alloc: Creating ashmem region of size 3686400
12-09 08:44:19.312 D/        (18913): HostConnection::get() New Host Connection established 0x7fdaecf87580, tid 18913
12-09 08:44:19.631 W/art     ( 1592): Long monitor contention event with owner method=void com.android.server.wm.WindowAnimator$1.doFrame(long) from WindowAnimator.java:121 waiters=0 for 126ms
12-09 08:44:19.905 I/ActivityManager( 1592): Displayed com.evancharlton.mileage/.Mileage: +1s691ms
12-09 08:44:19.911 D/gralloc_ranchu( 1219): gralloc_alloc: Creating ashmem region of size 3686400
12-09 08:44:20.619 D/gralloc_ranchu( 1219): gralloc_alloc: Creating ashmem region of size 3686400
12-09 08:44:22.048 I/System.out(18913): URI: //map
12-09 08:44:22.048 I/System.out(18913): params: {json={"query":"android.widget.EditText id:'price'","operation":{"method_name":"query","arguments":[]}}
12-09 08:44:22.048 I/System.out(18913): }
12-09 08:44:22.180 W/ResourceType(18913): No package identifier when getting name for resource number 0x00000001
12-09 08:44:22.246 W/art     (18913): Suspending all threads took: 10.998ms
12-09 08:44:22.366 I/art     (18913): Background sticky concurrent mark sweep GC freed 34404(1520KB) AllocSpace objects, 0(0B) LOS objects, 13% free, 2MB/2MB, paused 12.767ms total 174.932ms
12-09 08:44:22.369 I/System.out(18913): URI: //gesture
12-09 08:44:22.369 I/System.out(18913): params: {json={"query_timeout":5.0,"gestures":[{"query_string":"android.widget.EditText id:'price'","touches":[{"x":50,"y":50,"offset_x":0,"offset_y":0,"wait":0.0,"time":0.2,"release":true,"query_string":null}]}]}
12-09 08:44:22.369 I/System.out(18913): }
12-09 08:44:22.468 W/ResourceType(18913): No package identifier when getting name for resource number 0x00000001
12-09 08:44:23.307 I/LatinIME( 1881): Starting input. Cursor position = 0,0
12-09 08:44:23.352 W/art     (18913): Suspending all threads took: 12.329ms
12-09 08:44:23.412 I/art     (18913): Background sticky concurrent mark sweep GC freed 27230(1247KB) AllocSpace objects, 0(0B) LOS objects, 13% free, 2MB/2MB, paused 13.585ms total 98.922ms
12-09 08:44:23.567 D/EGL_emulation( 1881): eglMakeCurrent: 0x7fdaf08773e0: ver 2 0 (tinfo 0x7fdae4b18260)
12-09 08:44:23.935 I/System.out(18913): URI: //
12-09 08:44:23.935 I/System.out(18913): params: {json={"command":"set_selection","arguments":[-1,-1]}
12-09 08:44:23.935 I/System.out(18913): }
12-09 08:44:23.935 I/System.out(18913): header: {date=Sun, 09 Dec 2018 08:44:24 GMT, accept=*/*, content-length=47, host=127.0.0.1:34777, user-agent=HTTPClient/1.0 (2.8.3, ruby 2.3.1 (2016-04-26)), content-type=application/json;charset=utf-8}
12-09 08:44:23.935 I/System.out(18913): params: {json={"command":"set_selection","arguments":[-1,-1]}
12-09 08:44:23.935 I/System.out(18913): }
12-09 08:44:23.935 I/System.out(18913): ProP json = {"command":"set_selection","arguments":[-1,-1]}
12-09 08:44:23.935 I/System.out(18913): files: {}
12-09 08:44:23.935 I/System.out(18913): command: {"command":"set_selection","arguments":[-1,-1]}
12-09 08:44:23.937 I/InstrumentationBackend(18913): Got command:'Command:'Line:null,set_selection', arguments:'[-1, -1]'
12-09 08:44:24.085 I/System.out(18913): result:{"bonusInformation":[],"message":"","success":true}
12-09 08:44:24.350 I/System.out(18913): URI: //
12-09 08:44:24.350 I/System.out(18913): params: {json={"command":"keyboard_enter_text","arguments":["-321ßå∂˚¡–ºß123"]}
12-09 08:44:24.350 I/System.out(18913): }
12-09 08:44:24.351 I/System.out(18913): header: {date=Sun, 09 Dec 2018 08:44:24 GMT, accept=*/*, content-length=75, host=127.0.0.1:34777, user-agent=HTTPClient/1.0 (2.8.3, ruby 2.3.1 (2016-04-26)), content-type=application/json;charset=utf-8}
12-09 08:44:24.351 I/System.out(18913): params: {json={"command":"keyboard_enter_text","arguments":["-321ßå∂˚¡–ºß123"]}
12-09 08:44:24.351 I/System.out(18913): }
12-09 08:44:24.351 I/System.out(18913): ProP json = {"command":"keyboard_enter_text","arguments":["-321ßå∂˚¡–ºß123"]}
12-09 08:44:24.351 I/System.out(18913): files: {}
12-09 08:44:24.351 I/System.out(18913): command: {"command":"keyboard_enter_text","arguments":["-321ßå∂˚¡–ºß123"]}
12-09 08:44:24.352 I/InstrumentationBackend(18913): Got command:'Command:'Line:null,keyboard_enter_text', arguments:'[-321ßå∂˚¡–ºß123]'
12-09 08:44:24.353 E/SpannableStringBuilder(18913): SPAN_EXCLUSIVE_EXCLUSIVE spans cannot have a zero length
12-09 08:44:24.353 E/SpannableStringBuilder(18913): SPAN_EXCLUSIVE_EXCLUSIVE spans cannot have a zero length
12-09 08:44:24.394 E/SpannableStringBuilder(18913): SPAN_EXCLUSIVE_EXCLUSIVE spans cannot have a zero length
12-09 08:44:24.395 E/SpannableStringBuilder(18913): SPAN_EXCLUSIVE_EXCLUSIVE spans cannot have a zero length
12-09 08:44:24.419 I/System.out(18913): result:{"bonusInformation":[],"message":"","success":true}
12-09 08:44:25.070 E/SurfaceFlinger( 1219): ro.sf.lcd_density must be defined as a build property
12-09 08:44:25.184 D/gralloc_ranchu( 1219): gralloc_alloc: Creating ashmem region of size 3686400
12-09 08:44:25.197 D/        (18946): HostConnection::get() New Host Connection established 0x7fadd7d92480, tid 18946
12-09 08:44:25.255 E/EGL_emulation( 1219): tid 1219: eglCreateSyncKHR(1881): error 0x3004 (EGL_BAD_ATTRIBUTE)
12-09 08:44:25.918 I/System.out(18913): URI: //map
12-09 08:44:25.918 I/System.out(18913): params: {json={"query":"android.widget.EditText id:'volume'","operation":{"method_name":"query","arguments":[]}}
12-09 08:44:25.918 I/System.out(18913): }
12-09 08:44:26.098 W/ResourceType(18913): No package identifier when getting name for resource number 0x00000001
12-09 08:44:26.208 I/System.out(18913): URI: //gesture
12-09 08:44:26.208 I/System.out(18913): params: {json={"query_timeout":5.0,"gestures":[{"query_string":"android.widget.EditText id:'volume'","touches":[{"x":50,"y":50,"offset_x":0,"offset_y":0,"wait":0.0,"time":0.2,"release":true,"query_string":null}]}]}
12-09 08:44:26.209 I/System.out(18913): }
12-09 08:44:26.257 W/ResourceType(18913): No package identifier when getting name for resource number 0x00000001
12-09 08:44:26.679 I/LatinIME( 1881): Starting input. Cursor position = 0,0
12-09 08:44:26.767 W/art     (18913): Suspending all threads took: 7.939ms
12-09 08:44:26.801 I/art     (18913): Background sticky concurrent mark sweep GC freed 29204(1399KB) AllocSpace objects, 0(0B) LOS objects, 4% free, 2MB/2MB, paused 20.713ms total 142.013ms
12-09 08:44:27.515 I/System.out(18913): URI: //
12-09 08:44:27.515 I/System.out(18913): params: {json={"command":"set_selection","arguments":[-1,-1]}
12-09 08:44:27.515 I/System.out(18913): }
12-09 08:44:27.515 I/System.out(18913): header: {date=Sun, 09 Dec 2018 08:44:27 GMT, accept=*/*, content-length=47, host=127.0.0.1:34777, user-agent=HTTPClient/1.0 (2.8.3, ruby 2.3.1 (2016-04-26)), content-type=application/json;charset=utf-8}
12-09 08:44:27.515 I/System.out(18913): params: {json={"command":"set_selection","arguments":[-1,-1]}
12-09 08:44:27.515 I/System.out(18913): }
12-09 08:44:27.515 I/System.out(18913): ProP json = {"command":"set_selection","arguments":[-1,-1]}
12-09 08:44:27.515 I/System.out(18913): files: {}
12-09 08:44:27.515 I/System.out(18913): command: {"command":"set_selection","arguments":[-1,-1]}
12-09 08:44:27.535 I/InstrumentationBackend(18913): Got command:'Command:'Line:null,set_selection', arguments:'[-1, -1]'
12-09 08:44:27.544 I/System.out(18913): result:{"bonusInformation":[],"message":"","success":true}
12-09 08:44:27.696 I/System.out(18913): URI: //
12-09 08:44:27.696 I/System.out(18913): params: {json={"command":"keyboard_enter_text","arguments":["åß9∂º–ç¬  ß29å∂˚¡–ºß123"]}
12-09 08:44:27.696 I/System.out(18913): }
12-09 08:44:27.696 I/System.out(18913): header: {date=Sun, 09 Dec 2018 08:44:28 GMT, accept=*/*, content-length=92, host=127.0.0.1:34777, user-agent=HTTPClient/1.0 (2.8.3, ruby 2.3.1 (2016-04-26)), content-type=application/json;charset=utf-8}
12-09 08:44:27.696 I/System.out(18913): params: {json={"command":"keyboard_enter_text","arguments":["åß9∂º–ç¬  ß29å∂˚¡–ºß123"]}
12-09 08:44:27.696 I/System.out(18913): }
12-09 08:44:27.697 I/System.out(18913): ProP json = {"command":"keyboard_enter_text","arguments":["åß9∂º–ç¬  ß29å∂˚¡–ºß123"]}
12-09 08:44:27.697 I/System.out(18913): files: {}
12-09 08:44:27.697 I/System.out(18913): command: {"command":"keyboard_enter_text","arguments":["åß9∂º–ç¬  ß29å∂˚¡–ºß123"]}
12-09 08:44:27.698 I/art     ( 1881): Background sticky concurrent mark sweep GC freed 3602(382KB) AllocSpace objects, 3(76KB) LOS objects, 21% free, 2MB/3MB, paused 5.756ms total 14.101ms
12-09 08:44:27.702 I/InstrumentationBackend(18913): Got command:'Command:'Line:null,keyboard_enter_text', arguments:'[åß9∂º–ç¬  ß29å∂˚¡–ºß123]'
12-09 08:44:27.702 E/SpannableStringBuilder(18913): SPAN_EXCLUSIVE_EXCLUSIVE spans cannot have a zero length
12-09 08:44:27.702 E/SpannableStringBuilder(18913): SPAN_EXCLUSIVE_EXCLUSIVE spans cannot have a zero length
12-09 08:44:27.705 E/SpannableStringBuilder(18913): SPAN_EXCLUSIVE_EXCLUSIVE spans cannot have a zero length
12-09 08:44:27.705 E/SpannableStringBuilder(18913): SPAN_EXCLUSIVE_EXCLUSIVE spans cannot have a zero length
12-09 08:44:27.715 I/System.out(18913): result:{"bonusInformation":[],"message":"","success":true}
12-09 08:44:28.236 E/SurfaceFlinger( 1219): ro.sf.lcd_density must be defined as a build property
12-09 08:44:28.344 D/gralloc_ranchu( 1219): gralloc_alloc: Creating ashmem region of size 3686400
12-09 08:44:28.386 D/        (18956): HostConnection::get() New Host Connection established 0x7fa7b2f92480, tid 18956
12-09 08:44:28.458 E/EGL_emulation( 1219): tid 1219: eglCreateSyncKHR(1881): error 0x3004 (EGL_BAD_ATTRIBUTE)
12-09 08:44:29.362 I/System.out(18913): URI: //map
12-09 08:44:29.362 I/System.out(18913): params: {json={"query":"android.widget.EditText id:'odometer'","operation":{"method_name":"query","arguments":[]}}
12-09 08:44:29.362 I/System.out(18913): }
12-09 08:44:29.509 W/ResourceType(18913): No package identifier when getting name for resource number 0x00000001
12-09 08:44:29.627 I/System.out(18913): URI: //gesture
12-09 08:44:29.627 I/System.out(18913): params: {json={"query_timeout":5.0,"gestures":[{"query_string":"android.widget.EditText id:'odometer'","touches":[{"x":50,"y":50,"offset_x":0,"offset_y":0,"wait":0.0,"time":0.2,"release":true,"query_string":null}]}]}
12-09 08:44:29.627 I/System.out(18913): }
12-09 08:44:29.630 I/art     (18913): Background sticky concurrent mark sweep GC freed 32830(1512KB) AllocSpace objects, 1(20KB) LOS objects, 26% free, 2MB/3MB, paused 10.177ms total 88.733ms
12-09 08:44:29.655 W/ResourceType(18913): No package identifier when getting name for resource number 0x00000001
12-09 08:44:30.084 I/LatinIME( 1881): Starting input. Cursor position = 0,0
12-09 08:44:30.290 I/art     (18913): Background sticky concurrent mark sweep GC freed 44880(2021KB) AllocSpace objects, 1(20KB) LOS objects, 32% free, 2MB/3MB, paused 1.267ms total 205.859ms
12-09 08:44:30.980 I/System.out(18913): URI: //
12-09 08:44:30.986 I/System.out(18913): params: {json={"command":"set_selection","arguments":[-1,-1]}
12-09 08:44:30.986 I/System.out(18913): }
12-09 08:44:30.986 I/System.out(18913): header: {date=Sun, 09 Dec 2018 08:44:31 GMT, accept=*/*, content-length=47, host=127.0.0.1:34777, user-agent=HTTPClient/1.0 (2.8.3, ruby 2.3.1 (2016-04-26)), content-type=application/json;charset=utf-8}
12-09 08:44:30.986 I/System.out(18913): params: {json={"command":"set_selection","arguments":[-1,-1]}
12-09 08:44:30.986 I/System.out(18913): }
12-09 08:44:30.986 I/System.out(18913): ProP json = {"command":"set_selection","arguments":[-1,-1]}
12-09 08:44:30.986 I/System.out(18913): files: {}
12-09 08:44:30.986 I/System.out(18913): command: {"command":"set_selection","arguments":[-1,-1]}
12-09 08:44:30.987 I/InstrumentationBackend(18913): Got command:'Command:'Line:null,set_selection', arguments:'[-1, -1]'
12-09 08:44:31.011 I/System.out(18913): result:{"bonusInformation":[],"message":"","success":true}
12-09 08:44:31.299 I/System.out(18913): URI: //
12-09 08:44:31.299 I/System.out(18913): params: {json={"command":"keyboard_enter_text","arguments":["=+œå∑ß≈´∂ç®ƒ√†©∫¡™£"]}
12-09 08:44:31.299 I/System.out(18913): }
12-09 08:44:31.299 I/System.out(18913): header: {date=Sun, 09 Dec 2018 08:44:31 GMT, accept=*/*, content-length=93, host=127.0.0.1:34777, user-agent=HTTPClient/1.0 (2.8.3, ruby 2.3.1 (2016-04-26)), content-type=application/json;charset=utf-8}
12-09 08:44:31.299 I/System.out(18913): params: {json={"command":"keyboard_enter_text","arguments":["=+œå∑ß≈´∂ç®ƒ√†©∫¡™£"]}
12-09 08:44:31.299 I/System.out(18913): }
12-09 08:44:31.299 I/System.out(18913): ProP json = {"command":"keyboard_enter_text","arguments":["=+œå∑ß≈´∂ç®ƒ√†©∫¡™£"]}
12-09 08:44:31.299 I/System.out(18913): files: {}
12-09 08:44:31.299 I/System.out(18913): command: {"command":"keyboard_enter_text","arguments":["=+œå∑ß≈´∂ç®ƒ√†©∫¡™£"]}
12-09 08:44:31.303 I/InstrumentationBackend(18913): Got command:'Command:'Line:null,keyboard_enter_text', arguments:'[=+œå∑ß≈´∂ç®ƒ√†©∫¡™£]'
12-09 08:44:31.304 E/SpannableStringBuilder(18913): SPAN_EXCLUSIVE_EXCLUSIVE spans cannot have a zero length
12-09 08:44:31.304 E/SpannableStringBuilder(18913): SPAN_EXCLUSIVE_EXCLUSIVE spans cannot have a zero length
12-09 08:44:31.305 E/SpannableStringBuilder(18913): SPAN_EXCLUSIVE_EXCLUSIVE spans cannot have a zero length
12-09 08:44:31.305 E/SpannableStringBuilder(18913): SPAN_EXCLUSIVE_EXCLUSIVE spans cannot have a zero length
12-09 08:44:31.392 I/System.out(18913): result:{"bonusInformation":[],"message":"","success":true}
12-09 08:44:31.404 I/art     (18913): Background sticky concurrent mark sweep GC freed 23686(1052KB) AllocSpace objects, 6(120KB) LOS objects, 24% free, 2MB/3MB, paused 2.997ms total 102.996ms
12-09 08:44:31.732 E/SurfaceFlinger( 1219): ro.sf.lcd_density must be defined as a build property
12-09 08:44:31.733 D/gralloc_ranchu( 1219): gralloc_alloc: Creating ashmem region of size 3686400
12-09 08:44:31.745 D/        (18967): HostConnection::get() New Host Connection established 0x7f0107252480, tid 18967
12-09 08:44:31.851 E/EGL_emulation( 1219): tid 1219: eglCreateSyncKHR(1881): error 0x3004 (EGL_BAD_ATTRIBUTE)
