--------- beginning of main
12-09 07:57:44.532 D/AndroidRuntime( 9039): >>>>>> START com.android.internal.os.RuntimeInit uid 0 <<<<<<
12-09 07:57:44.546 D/AndroidRuntime( 9039): CheckJNI is ON
12-09 07:57:44.577 D/ICU     ( 9039): No timezone override file found: /data/misc/zoneinfo/current/icu/icu_tzdata.dat
12-09 07:57:44.795 E/memtrack( 9039): Couldn't load memtrack module (No such file or directory)
12-09 07:57:44.801 E/android.os.Debug( 9039): failed to load memtrack module: -2
12-09 07:57:44.802 I/Radio-JNI( 9039): register_android_hardware_Radio DONE
12-09 07:57:44.825 D/AndroidRuntime( 9039): Calling main entry com.android.commands.am.Am
--------- beginning of system
12-09 07:57:44.989 I/ActivityManager( 1594): Force stopping com.evancharlton.mileage appid=10123 user=0: start instr
12-09 07:57:44.990 I/ActivityManager( 1594): Killing 9022:com.evancharlton.mileage/u0a123 (adj 0): stop com.evancharlton.mileage
12-09 07:57:45.527 W/ActivityManager( 1594): Crash of app com.evancharlton.mileage running instrumentation ComponentInfo{com.evancharlton.mileage.test/sh.calaba.instrumentationbackend.ClearAppData2}
12-09 07:57:45.527 I/ActivityManager( 1594): Force stopping com.evancharlton.mileage appid=10123 user=0: finished inst
12-09 07:57:45.750 I/ActivityManager( 1594): Start proc 9048:com.evancharlton.mileage/u0a123 for added application com.evancharlton.mileage
12-09 07:57:45.757 D/AndroidRuntime( 9039): Shutting down VM
12-09 07:57:45.785 W/art     ( 1594): Long monitor contention event with owner method=boolean com.android.server.am.ActivityManagerService.startInstrumentation(android.content.ComponentName, java.lang.String, int, android.os.Bundle, android.app.IInstrumentationWatcher, android.app.IUiAutomationConnection, int, java.lang.String) from ActivityManagerService.java:17066 waiters=0 for 788ms
12-09 07:57:45.793 W/art     ( 1594): Long monitor contention event with owner method=boolean com.android.server.am.ActivityManagerService.startInstrumentation(android.content.ComponentName, java.lang.String, int, android.os.Bundle, android.app.IInstrumentationWatcher, android.app.IUiAutomationConnection, int, java.lang.String) from ActivityManagerService.java:17066 waiters=2 for 264ms
12-09 07:57:45.797 W/art     ( 1594): Long monitor contention event with owner method=boolean com.android.server.am.ActivityManagerService.startInstrumentation(android.content.ComponentName, java.lang.String, int, android.os.Bundle, android.app.IInstrumentationWatcher, android.app.IUiAutomationConnection, int, java.lang.String) from ActivityManagerService.java:17066 waiters=1 for 796ms
12-09 07:57:45.797 W/ActivityManager( 1594): Spurious death for ProcessRecord{f6d0afb 0:com.evancharlton.mileage/u0a123}, curProc for 9022: null
12-09 07:57:46.090 W/System  ( 9048): ClassLoader referenced unknown path: /data/app/com.evancharlton.mileage.test-1/lib/x86_64
12-09 07:57:46.093 W/System  ( 9048): ClassLoader referenced unknown path: /data/app/com.evancharlton.mileage-1/lib/x86_64
12-09 07:57:46.137 I/System.out( 9048): Main activity name automatically set to: com.evancharlton.mileage.Mileage
12-09 07:57:46.138 I/System.out( 9048): Calabash did not load Mono. This is only a problem if you are trying to test a Mono application
12-09 07:57:46.138 I/calabash( 9048): Test server port: 7102
12-09 07:57:46.139 I/InstrumentationBackend( 9048): Added:'GetPreferences', with key:'get_preferences'
12-09 07:57:46.175 I/InstrumentationBackend( 9048): Added:'SetPreferences', with key:'set_preferences'
12-09 07:57:46.181 I/InstrumentationBackend( 9048): Added:'ClearPreferences', with key:'clear_preferences'
12-09 07:57:46.181 I/InstrumentationBackend( 9048): Added:'PressElement', with key:'press_l10n_element'
12-09 07:57:46.181 I/InstrumentationBackend( 9048): Added:'WaitForElement', with key:'wait_for_l10n_element'
12-09 07:57:46.181 I/InstrumentationBackend( 9048): Added:'NullAction', with key:'nullAction'
12-09 07:57:46.182 I/InstrumentationBackend( 9048): Added:'PressKey', with key:'press_key'
12-09 07:57:46.182 I/InstrumentationBackend( 9048): Added:'SetActivityOrientation', with key:'set_activity_orientation'
12-09 07:57:46.182 I/InstrumentationBackend( 9048): Added:'GetActivityOrientation', with key:'get_activity_orientation'
12-09 07:57:46.182 I/InstrumentationBackend( 9048): Added:'FakeGPSLocation', with key:'set_gps_coordinates'
12-09 07:57:46.182 I/InstrumentationBackend( 9048): Added:'SetPropertyByCssSelector', with key:'set_property_by_css_selector'
12-09 07:57:46.189 I/InstrumentationBackend( 9048): Added:'GetUrl', with key:'get_url'
12-09 07:57:46.190 I/InstrumentationBackend( 9048): Added:'ScrollTo', with key:'scroll_to'
12-09 07:57:46.190 I/InstrumentationBackend( 9048): Added:'GetLoadProgress', with key:'get_load_progress'
12-09 07:57:46.190 I/InstrumentationBackend( 9048): Added:'DumpHtml', with key:'dump_html'
12-09 07:57:46.190 I/InstrumentationBackend( 9048): Added:'DumpBodyHtml', with key:'dump_body_html'
12-09 07:57:46.190 I/InstrumentationBackend( 9048): Added:'EnterTextByCssSelector', with key:'enter_text_by_selector'
12-09 07:57:46.191 I/InstrumentationBackend( 9048): Added:'AndroidSDKVersion', with key:'android_sdk_version'
12-09 07:57:46.192 I/InstrumentationBackend( 9048): Added:'Version', with key:'version'
12-09 07:57:46.192 I/InstrumentationBackend( 9048): Added:'Drag', with key:'drag'
12-09 07:57:46.192 I/InstrumentationBackend( 9048): Added:'TouchCoordinates', with key:'touch_coordinate'
12-09 07:57:46.192 I/InstrumentationBackend( 9048): Added:'LongPressCoordinate', with key:'long_press_coordinate'
12-09 07:57:46.192 I/InstrumentationBackend( 9048): Added:'DragCoordinates', with key:'drag_coordinates'
12-09 07:57:46.193 I/InstrumentationBackend( 9048): Added:'ResumeApplication', with key:'resume_application'
12-09 07:57:46.197 I/InstrumentationBackend( 9048): Added:'Swipe', with key:'swipe'
12-09 07:57:46.197 I/InstrumentationBackend( 9048): Added:'DoubleTapCoordinate', with key:'double_tap_coordinate'
12-09 07:57:46.197 I/InstrumentationBackend( 9048): Added:'ClickOnScreen', with key:'click_on_screen'
12-09 07:57:46.197 I/InstrumentationBackend( 9048): Added:'GetActivityName', with key:'get_activity_name'
12-09 07:57:46.198 I/InstrumentationBackend( 9048): Added:'ScrollToView', with key:'scroll_to_view'
12-09 07:57:46.198 I/InstrumentationBackend( 9048): Added:'ViewConfiguration', with key:'view_configuration'
12-09 07:57:46.198 I/InstrumentationBackend( 9048): Added:'IsCurrentActivityFocused', with key:'is_current_activity_focused'
12-09 07:57:46.198 I/InstrumentationBackend( 9048): Added:'SendTcp', with key:'send_tcp'
12-09 07:57:46.198 I/InstrumentationBackend( 9048): Added:'DpToDevicePixel', with key:'dp_to_device_pixel'
12-09 07:57:46.199 I/InstrumentationBackend( 9048): Added:'KeyboardEnterText', with key:'keyboard_enter_text'
12-09 07:57:46.199 I/InstrumentationBackend( 9048): Added:'DeleteSurroundingText', with key:'delete_surrounding_text'
12-09 07:57:46.199 I/InstrumentationBackend( 9048): Added:'SetComposingRegion', with key:'set_composing_region'
12-09 07:57:46.199 I/InstrumentationBackend( 9048): Added:'SetSelection', with key:'set_selection'
12-09 07:57:46.200 I/InstrumentationBackend( 9048): Added:'KeyboardKeyEvent', with key:'keyboard_key_event'
12-09 07:57:46.213 I/InstrumentationBackend( 9048): Added:'PressUserActionButton', with key:'press_user_action_button'
12-09 07:57:46.214 I/InstrumentationBackend( 9048): Added:'HideSoftKeyboard', with key:'hide_soft_keyboard'
12-09 07:57:46.214 I/InstrumentationBackend( 9048): Added:'ListActions', with key:'list_actions'
12-09 07:57:46.214 I/calabash( 9048): Instantiating http server at 7102
12-09 07:57:46.215 I/System.out( 9048): HTTP Daemon listening on: 7102
12-09 07:57:46.325 I/System.out( 9048): URI: //ping
12-09 07:57:46.326 I/System.out( 9048): params: {json={}
12-09 07:57:46.326 I/System.out( 9048): }
12-09 07:57:46.424 I/System.out( 9048): URI: //ping
12-09 07:57:46.429 I/System.out( 9048): params: {json={}
12-09 07:57:46.429 I/System.out( 9048): }
12-09 07:57:46.537 I/System.out( 9048): URI: //ready
12-09 07:57:46.537 I/System.out( 9048): params: {json={}
12-09 07:57:46.537 I/System.out( 9048): }
12-09 07:57:46.645 I/System.out( 9048): URI: //
12-09 07:57:46.645 I/System.out( 9048): params: {json={"command":"version","arguments":[]}
12-09 07:57:46.645 I/System.out( 9048): }
12-09 07:57:46.645 I/System.out( 9048): header: {date=Sun, 09 Dec 2018 07:57:47 GMT, accept=*/*, content-length=36, host=127.0.0.1:34777, user-agent=HTTPClient/1.0 (2.8.3, ruby 2.3.1 (2016-04-26)), content-type=application/json;charset=utf-8}
12-09 07:57:46.646 I/System.out( 9048): params: {json={"command":"version","arguments":[]}
12-09 07:57:46.646 I/System.out( 9048): }
12-09 07:57:46.646 I/System.out( 9048): ProP json = {"command":"version","arguments":[]}
12-09 07:57:46.646 I/System.out( 9048): files: {}
12-09 07:57:46.646 I/System.out( 9048): command: {"command":"version","arguments":[]}
12-09 07:57:46.656 I/InstrumentationBackend( 9048): Got command:'Command:'Line:null,version', arguments:'[]'
12-09 07:57:46.677 I/System.out( 9048): result:{"bonusInformation":[],"message":"0.9.8","success":true}
12-09 07:57:46.774 I/System.out( 9048): URI: //start-application
12-09 07:57:46.774 I/System.out( 9048): params: {json={"intent":null}
12-09 07:57:46.774 I/System.out( 9048): }
12-09 07:57:46.842 I/ActivityManager( 1594): START u0 {act=android.intent.action.MAIN cat=[android.intent.category.LAUNCHER] flg=0x10200000 cmp=com.evancharlton.mileage/.Mileage} from uid 10123 on display 0
12-09 07:57:46.954 I/calabash( 9048): newActivity1
12-09 07:57:46.962 D/gralloc_ranchu( 1224): gralloc_alloc: Creating ashmem region of size 3686400
12-09 07:57:46.993 W/art     ( 9048): Suspending all threads took: 16.157ms
12-09 07:57:47.024 I/art     ( 9048): Background sticky concurrent mark sweep GC freed 18388(890KB) AllocSpace objects, 1(20KB) LOS objects, 39% free, 1390KB/2MB, paused 17.330ms total 68.320ms
12-09 07:57:47.077 I/calabash( 9048): newActivity1
12-09 07:57:47.079 W/ActivityManager( 1594): Bad activity token: android.os.BinderProxy@4b181a9
12-09 07:57:47.079 W/ActivityManager( 1594): java.lang.ClassCastException: android.os.BinderProxy cannot be cast to com.android.server.am.ActivityRecord$Token
12-09 07:57:47.079 W/ActivityManager( 1594): 	at com.android.server.am.ActivityRecord.forTokenLocked(ActivityRecord.java:424)
12-09 07:57:47.079 W/ActivityManager( 1594): 	at com.android.server.am.ActivityRecord.isInStackLocked(ActivityRecord.java:1121)
12-09 07:57:47.079 W/ActivityManager( 1594): 	at com.android.server.am.ActivityRecord.getStackLocked(ActivityRecord.java:1126)
12-09 07:57:47.079 W/ActivityManager( 1594): 	at com.android.server.am.ActivityManagerService.getActivityDisplayId(ActivityManagerService.java:8889)
12-09 07:57:47.079 W/ActivityManager( 1594): 	at android.app.ActivityManagerNative.onTransact(ActivityManagerNative.java:2338)
12-09 07:57:47.079 W/ActivityManager( 1594): 	at com.android.server.am.ActivityManagerService.onTransact(ActivityManagerService.java:2443)
12-09 07:57:47.079 W/ActivityManager( 1594): 	at android.os.Binder.execTransact(Binder.java:453)
12-09 07:57:47.080 W/ActivityManager( 1594): Bad activity token: android.os.BinderProxy@4b181a9
12-09 07:57:47.080 W/ActivityManager( 1594): java.lang.ClassCastException: android.os.BinderProxy cannot be cast to com.android.server.am.ActivityRecord$Token
12-09 07:57:47.080 W/ActivityManager( 1594): 	at com.android.server.am.ActivityRecord.forTokenLocked(ActivityRecord.java:424)
12-09 07:57:47.080 W/ActivityManager( 1594): 	at com.android.server.am.ActivityRecord.isInStackLocked(ActivityRecord.java:1121)
12-09 07:57:47.080 W/ActivityManager( 1594): 	at com.android.server.am.ActivityManagerService.setTaskDescription(ActivityManagerService.java:8547)
12-09 07:57:47.080 W/ActivityManager( 1594): 	at android.app.ActivityManagerNative.onTransact(ActivityManagerNative.java:2410)
12-09 07:57:47.080 W/ActivityManager( 1594): 	at com.android.server.am.ActivityManagerService.onTransact(ActivityManagerService.java:2443)
12-09 07:57:47.080 W/ActivityManager( 1594): 	at android.os.Binder.execTransact(Binder.java:453)
12-09 07:57:47.161 V/PhoneStatusBar( 2192): setLightsOn(true)
12-09 07:57:47.201 D/EGL_emulation( 1944): eglMakeCurrent: 0x7f3f7fbe1d20: ver 2 0 (tinfo 0x7f3f7fbc28e0)
12-09 07:57:47.209 E/Surface ( 1944): getSlotFromBufferLocked: unknown buffer: 0x7f3f7c1a6240
12-09 07:57:47.249 D/FillupsProvider( 9048): Creating database
12-09 07:57:47.458 W/art     ( 1594): Long monitor contention event with owner method=void com.android.server.wm.WindowAnimator$1.doFrame(long) from WindowAnimator.java:121 waiters=1 for 204ms
12-09 07:57:47.739 I/art     ( 9048): Background partial concurrent mark sweep GC freed 7530(498KB) AllocSpace objects, 0(0B) LOS objects, 39% free, 1691KB/2MB, paused 1.096ms total 114.407ms
12-09 07:57:47.771 W/ActivityManager( 1594): Bad activity token: android.os.BinderProxy@4b181a9
12-09 07:57:47.771 W/ActivityManager( 1594): java.lang.ClassCastException: android.os.BinderProxy cannot be cast to com.android.server.am.ActivityRecord$Token
12-09 07:57:47.771 W/ActivityManager( 1594): 	at com.android.server.am.ActivityRecord.forTokenLocked(ActivityRecord.java:424)
12-09 07:57:47.771 W/ActivityManager( 1594): 	at com.android.server.am.ActivityRecord.isInStackLocked(ActivityRecord.java:1121)
12-09 07:57:47.771 W/ActivityManager( 1594): 	at com.android.server.am.ActivityManagerService.getActivityOptions(ActivityManagerService.java:11038)
12-09 07:57:47.771 W/ActivityManager( 1594): 	at android.app.ActivityManagerNative.onTransact(ActivityManagerNative.java:1734)
12-09 07:57:47.771 W/ActivityManager( 1594): 	at com.android.server.am.ActivityManagerService.onTransact(ActivityManagerService.java:2443)
12-09 07:57:47.771 W/ActivityManager( 1594): 	at android.os.Binder.execTransact(Binder.java:453)
12-09 07:57:47.771 W/ActivityManager( 1594): Bad activity token: android.os.BinderProxy@4b181a9
12-09 07:57:47.771 W/ActivityManager( 1594): java.lang.ClassCastException: android.os.BinderProxy cannot be cast to com.android.server.am.ActivityRecord$Token
12-09 07:57:47.771 W/ActivityManager( 1594): 	at com.android.server.am.ActivityRecord.forTokenLocked(ActivityRecord.java:424)
12-09 07:57:47.771 W/ActivityManager( 1594): 	at com.android.server.am.ActivityRecord.isInStackLocked(ActivityRecord.java:1121)
12-09 07:57:47.771 W/ActivityManager( 1594): 	at com.android.server.am.ActivityManagerService.getActivityOptions(ActivityManagerService.java:11038)
12-09 07:57:47.771 W/ActivityManager( 1594): 	at android.app.ActivityManagerNative.onTransact(ActivityManagerNative.java:1734)
12-09 07:57:47.771 W/ActivityManager( 1594): 	at com.android.server.am.ActivityManagerService.onTransact(ActivityManagerService.java:2443)
12-09 07:57:47.771 W/ActivityManager( 1594): 	at android.os.Binder.execTransact(Binder.java:453)
12-09 07:57:48.266 D/gralloc_ranchu( 1224): gralloc_alloc: Creating ashmem region of size 3686400
12-09 07:57:48.276 W/art     ( 1594): Long monitor contention event with owner method=java.util.List com.android.server.am.ActivityManagerService.getAllStackInfos() from ActivityManagerService.java:8937 waiters=1 for 221ms
12-09 07:57:48.286 W/art     ( 1594): Long monitor contention event with owner method=void com.android.server.TextServicesManagerService.getSpellCheckerService(java.lang.String, java.lang.String, com.android.internal.textservice.ITextServicesSessionListener, com.android.internal.textservice.ISpellCheckerSessionListener, android.os.Bundle) from TextServicesManagerService.java:511 waiters=0 for 181ms
12-09 07:57:48.309 D/        ( 9048): HostConnection::get() New Host Connection established 0x7f3f7fb5d5c0, tid 9048
12-09 07:57:48.378 I/ActivityManager( 1594): Displayed com.evancharlton.mileage/.Mileage: +1s449ms
12-09 07:57:48.474 D/gralloc_ranchu( 1224): gralloc_alloc: Creating ashmem region of size 3686400
12-09 07:57:48.905 I/art     ( 9048): Background sticky concurrent mark sweep GC freed 14511(728KB) AllocSpace objects, 1(20KB) LOS objects, 27% free, 2040KB/2MB, paused 9.854ms total 39.699ms
12-09 07:57:48.921 I/System.out( 9048): URI: //
12-09 07:57:48.921 I/System.out( 9048): params: {json={"command":"set_activity_orientation","arguments":["landscape"]}
12-09 07:57:48.921 I/System.out( 9048): }
12-09 07:57:48.921 I/System.out( 9048): header: {date=Sun, 09 Dec 2018 07:57:49 GMT, accept=*/*, content-length=64, host=127.0.0.1:34777, user-agent=HTTPClient/1.0 (2.8.3, ruby 2.3.1 (2016-04-26)), content-type=application/json;charset=utf-8}
12-09 07:57:48.921 I/System.out( 9048): params: {json={"command":"set_activity_orientation","arguments":["landscape"]}
12-09 07:57:48.921 I/System.out( 9048): }
12-09 07:57:48.921 I/System.out( 9048): ProP json = {"command":"set_activity_orientation","arguments":["landscape"]}
12-09 07:57:48.921 I/System.out( 9048): files: {}
12-09 07:57:48.921 I/System.out( 9048): command: {"command":"set_activity_orientation","arguments":["landscape"]}
12-09 07:57:48.922 I/InstrumentationBackend( 9048): Got command:'Command:'Line:null,set_activity_orientation', arguments:'[landscape]'
12-09 07:57:49.017 D/gralloc_ranchu( 1224): gralloc_alloc: Creating ashmem region of size 3686400
12-09 07:57:49.065 E/EGL_emulation( 1224): tid 1224: eglCreateSyncKHR(1881): error 0x3004 (EGL_BAD_ATTRIBUTE)
12-09 07:57:49.170 I/ActivityManager( 1594): Config changes=480 {1.0 310mcc260mnc en_US ldltr sw720dp w1280dp h696dp 160dpi xlrg long land finger -keyb/v/h tball/v s.23}
12-09 07:57:49.331 W/art     ( 1594): Long monitor contention event with owner method=void com.android.server.wm.WindowManagerService.setNewConfiguration(android.content.res.Configuration) from WindowManagerService.java:4043 waiters=0 for 160ms
12-09 07:57:49.414 I/InputReader( 1594): Reconfiguring input devices.  changes=0x00000004
12-09 07:57:49.414 I/InputReader( 1594): Device reconfigured: id=0, name='qwerty2', size 720x1280, orientation 1, mode 1, display id 0
12-09 07:57:49.433 I/calabash( 9048): newActivity1
12-09 07:57:49.442 I/calabash( 9048): newActivity1
12-09 07:57:49.457 W/ActivityManager( 1594): Bad activity token: android.os.BinderProxy@b0d73de
12-09 07:57:49.457 W/ActivityManager( 1594): java.lang.ClassCastException: android.os.BinderProxy cannot be cast to com.android.server.am.ActivityRecord$Token
12-09 07:57:49.457 W/ActivityManager( 1594): 	at com.android.server.am.ActivityRecord.forTokenLocked(ActivityRecord.java:424)
12-09 07:57:49.457 W/ActivityManager( 1594): 	at com.android.server.am.ActivityRecord.isInStackLocked(ActivityRecord.java:1121)
12-09 07:57:49.457 W/ActivityManager( 1594): 	at com.android.server.am.ActivityRecord.getStackLocked(ActivityRecord.java:1126)
12-09 07:57:49.457 W/ActivityManager( 1594): 	at com.android.server.am.ActivityManagerService.getActivityDisplayId(ActivityManagerService.java:8889)
12-09 07:57:49.457 W/ActivityManager( 1594): 	at android.app.ActivityManagerNative.onTransact(ActivityManagerNative.java:2338)
12-09 07:57:49.457 W/ActivityManager( 1594): 	at com.android.server.am.ActivityManagerService.onTransact(ActivityManagerService.java:2443)
12-09 07:57:49.457 W/ActivityManager( 1594): 	at android.os.Binder.execTransact(Binder.java:453)
12-09 07:57:49.458 W/ActivityManager( 1594): Bad activity token: android.os.BinderProxy@b0d73de
12-09 07:57:49.458 W/ActivityManager( 1594): java.lang.ClassCastException: android.os.BinderProxy cannot be cast to com.android.server.am.ActivityRecord$Token
12-09 07:57:49.458 W/ActivityManager( 1594): 	at com.android.server.am.ActivityRecord.forTokenLocked(ActivityRecord.java:424)
12-09 07:57:49.458 W/ActivityManager( 1594): 	at com.android.server.am.ActivityRecord.isInStackLocked(ActivityRecord.java:1121)
12-09 07:57:49.458 W/ActivityManager( 1594): 	at com.android.server.am.ActivityManagerService.setTaskDescription(ActivityManagerService.java:8547)
12-09 07:57:49.458 W/ActivityManager( 1594): 	at android.app.ActivityManagerNative.onTransact(ActivityManagerNative.java:2410)
12-09 07:57:49.458 W/ActivityManager( 1594): 	at com.android.server.am.ActivityManagerService.onTransact(ActivityManagerService.java:2443)
12-09 07:57:49.458 W/ActivityManager( 1594): 	at android.os.Binder.execTransact(Binder.java:453)
12-09 07:57:49.500 I/System.out( 9048): result:{"bonusInformation":[],"message":"","success":true}
12-09 07:57:49.527 W/ActivityManager( 1594): Bad activity token: android.os.BinderProxy@b0d73de
12-09 07:57:49.527 W/ActivityManager( 1594): java.lang.ClassCastException: android.os.BinderProxy cannot be cast to com.android.server.am.ActivityRecord$Token
12-09 07:57:49.527 W/ActivityManager( 1594): 	at com.android.server.am.ActivityRecord.forTokenLocked(ActivityRecord.java:424)
12-09 07:57:49.527 W/ActivityManager( 1594): 	at com.android.server.am.ActivityRecord.isInStackLocked(ActivityRecord.java:1121)
12-09 07:57:49.527 W/ActivityManager( 1594): 	at com.android.server.am.ActivityManagerService.getActivityOptions(ActivityManagerService.java:11038)
12-09 07:57:49.527 W/ActivityManager( 1594): 	at android.app.ActivityManagerNative.onTransact(ActivityManagerNative.java:1734)
12-09 07:57:49.527 W/ActivityManager( 1594): 	at com.android.server.am.ActivityManagerService.onTransact(ActivityManagerService.java:2443)
12-09 07:57:49.527 W/ActivityManager( 1594): 	at android.os.Binder.execTransact(Binder.java:453)
12-09 07:57:49.558 W/ActivityManager( 1594): Bad activity token: android.os.BinderProxy@b0d73de
12-09 07:57:49.558 W/ActivityManager( 1594): java.lang.ClassCastException: android.os.BinderProxy cannot be cast to com.android.server.am.ActivityRecord$Token
12-09 07:57:49.558 W/ActivityManager( 1594): 	at com.android.server.am.ActivityRecord.forTokenLocked(ActivityRecord.java:424)
12-09 07:57:49.558 W/ActivityManager( 1594): 	at com.android.server.am.ActivityRecord.isInStackLocked(ActivityRecord.java:1121)
12-09 07:57:49.558 W/ActivityManager( 1594): 	at com.android.server.am.ActivityManagerService.getActivityOptions(ActivityManagerService.java:11038)
12-09 07:57:49.558 W/ActivityManager( 1594): 	at android.app.ActivityManagerNative.onTransact(ActivityManagerNative.java:1734)
12-09 07:57:49.558 W/ActivityManager( 1594): 	at com.android.server.am.ActivityManagerService.onTransact(ActivityManagerService.java:2443)
12-09 07:57:49.558 W/ActivityManager( 1594): 	at android.os.Binder.execTransact(Binder.java:453)
12-09 07:57:49.585 D/EGL_emulation( 2192): eglMakeCurrent: 0x7f3f7c353820: ver 2 0 (tinfo 0x7f3f84b58c20)
12-09 07:57:49.587 E/Surface ( 2192): getSlotFromBufferLocked: unknown buffer: 0x7f3f7c1a5980
12-09 07:57:49.588 D/EGL_emulation( 2192): eglMakeCurrent: 0x7f3f7c353820: ver 2 0 (tinfo 0x7f3f84b58c20)
12-09 07:57:49.611 I/art     ( 9048): Background partial concurrent mark sweep GC freed 15031(716KB) AllocSpace objects, 3(60KB) LOS objects, 40% free, 2MB/3MB, paused 19.183ms total 147.186ms
12-09 07:57:49.887 W/art     ( 1594): Long monitor contention event with owner method=int com.android.server.wm.WindowManagerService.relayoutWindow(com.android.server.wm.Session, android.view.IWindow, int, android.view.WindowManager$LayoutParams, int, int, int, int, android.graphics.Rect, android.graphics.Rect, android.graphics.Rect, android.graphics.Rect, android.graphics.Rect, android.graphics.Rect, android.content.res.Configuration, android.view.Surface) from WindowManagerService.java:3103 waiters=0 for 128ms
12-09 07:57:49.891 D/gralloc_ranchu( 1224): gralloc_alloc: Creating ashmem region of size 3686400
12-09 07:57:50.061 D/gralloc_ranchu( 1224): gralloc_alloc: Creating ashmem region of size 3686400
12-09 07:57:50.064 I/WindowManager( 1594): Screen frozen for +1s133ms due to Window{290288c u0 com.evancharlton.mileage/com.evancharlton.mileage.Mileage}
12-09 07:57:50.706 W/art     ( 1594): Long monitor contention event with owner method=void com.android.server.wm.WindowManagerService$H.handleMessage(android.os.Message) from WindowManagerService.java:7820 waiters=0 for 451ms
12-09 07:57:51.306 D/gralloc_ranchu( 1224): gralloc_alloc: Creating ashmem region of size 3686400
12-09 07:57:51.994 E/SurfaceFlinger( 1224): ro.sf.lcd_density must be defined as a build property
12-09 07:57:51.995 D/gralloc_ranchu( 1224): gralloc_alloc: Creating ashmem region of size 3686400
12-09 07:57:52.038 D/        ( 9076): HostConnection::get() New Host Connection established 0x7f3928252480, tid 9076
12-09 07:57:52.061 E/EGL_emulation( 1224): tid 1224: eglCreateSyncKHR(1881): error 0x3004 (EGL_BAD_ATTRIBUTE)
12-09 07:57:52.623 I/art     ( 1594): Starting a blocking GC Explicit
12-09 07:57:52.725 I/art     ( 1594): Explicit concurrent mark sweep GC freed 11964(960KB) AllocSpace objects, 4(80KB) LOS objects, 29% free, 9MB/13MB, paused 21.685ms total 75.319ms
12-09 07:57:52.882 I/System.out( 9048): URI: //
12-09 07:57:52.882 I/System.out( 9048): params: {json={"command":"set_activity_orientation","arguments":["portrait"]}
12-09 07:57:52.882 I/System.out( 9048): }
12-09 07:57:52.882 I/System.out( 9048): header: {date=Sun, 09 Dec 2018 07:57:53 GMT, accept=*/*, content-length=63, host=127.0.0.1:34777, user-agent=HTTPClient/1.0 (2.8.3, ruby 2.3.1 (2016-04-26)), content-type=application/json;charset=utf-8}
12-09 07:57:52.882 I/System.out( 9048): params: {json={"command":"set_activity_orientation","arguments":["portrait"]}
12-09 07:57:52.882 I/System.out( 9048): }
12-09 07:57:52.882 I/System.out( 9048): ProP json = {"command":"set_activity_orientation","arguments":["portrait"]}
12-09 07:57:52.882 I/System.out( 9048): files: {}
12-09 07:57:52.882 I/System.out( 9048): command: {"command":"set_activity_orientation","arguments":["portrait"]}
12-09 07:57:52.884 I/InstrumentationBackend( 9048): Got command:'Command:'Line:null,set_activity_orientation', arguments:'[portrait]'
12-09 07:57:52.888 D/gralloc_ranchu( 1224): gralloc_alloc: Creating ashmem region of size 3686400
12-09 07:57:52.970 E/EGL_emulation( 1224): tid 1224: eglCreateSyncKHR(1881): error 0x3004 (EGL_BAD_ATTRIBUTE)
12-09 07:57:53.157 I/ActivityManager( 1594): Config changes=480 {1.0 310mcc260mnc en_US ldltr sw720dp w720dp h1256dp 160dpi xlrg long port finger -keyb/v/h tball/v s.24}
12-09 07:57:53.197 I/InputReader( 1594): Reconfiguring input devices.  changes=0x00000004
12-09 07:57:53.197 I/InputReader( 1594): Device reconfigured: id=0, name='qwerty2', size 720x1280, orientation 0, mode 1, display id 0
12-09 07:57:53.423 W/art     ( 1594): Long monitor contention event with owner method=void com.android.server.am.ActivityManagerService.setRequestedOrientation(android.os.IBinder, int) from ActivityManagerService.java:4192 waiters=0 for 417ms
12-09 07:57:53.468 I/calabash( 9048): newActivity1
12-09 07:57:53.503 I/calabash( 9048): newActivity1
12-09 07:57:53.504 W/ActivityManager( 1594): Bad activity token: android.os.BinderProxy@9e0fd24
12-09 07:57:53.504 W/ActivityManager( 1594): java.lang.ClassCastException: android.os.BinderProxy cannot be cast to com.android.server.am.ActivityRecord$Token
12-09 07:57:53.504 W/ActivityManager( 1594): 	at com.android.server.am.ActivityRecord.forTokenLocked(ActivityRecord.java:424)
12-09 07:57:53.504 W/ActivityManager( 1594): 	at com.android.server.am.ActivityRecord.isInStackLocked(ActivityRecord.java:1121)
12-09 07:57:53.504 W/ActivityManager( 1594): 	at com.android.server.am.ActivityRecord.getStackLocked(ActivityRecord.java:1126)
12-09 07:57:53.504 W/ActivityManager( 1594): 	at com.android.server.am.ActivityManagerService.getActivityDisplayId(ActivityManagerService.java:8889)
12-09 07:57:53.504 W/ActivityManager( 1594): 	at android.app.ActivityManagerNative.onTransact(ActivityManagerNative.java:2338)
12-09 07:57:53.504 W/ActivityManager( 1594): 	at com.android.server.am.ActivityManagerService.onTransact(ActivityManagerService.java:2443)
12-09 07:57:53.504 W/ActivityManager( 1594): 	at android.os.Binder.execTransact(Binder.java:453)
12-09 07:57:53.559 I/System.out( 9048): result:{"bonusInformation":[],"message":"","success":true}
12-09 07:57:53.566 W/ActivityManager( 1594): Bad activity token: android.os.BinderProxy@9e0fd24
12-09 07:57:53.566 W/ActivityManager( 1594): java.lang.ClassCastException: android.os.BinderProxy cannot be cast to com.android.server.am.ActivityRecord$Token
12-09 07:57:53.566 W/ActivityManager( 1594): 	at com.android.server.am.ActivityRecord.forTokenLocked(ActivityRecord.java:424)
12-09 07:57:53.566 W/ActivityManager( 1594): 	at com.android.server.am.ActivityRecord.isInStackLocked(ActivityRecord.java:1121)
12-09 07:57:53.566 W/ActivityManager( 1594): 	at com.android.server.am.ActivityManagerService.setTaskDescription(ActivityManagerService.java:8547)
12-09 07:57:53.566 W/ActivityManager( 1594): 	at android.app.ActivityManagerNative.onTransact(ActivityManagerNative.java:2410)
12-09 07:57:53.566 W/ActivityManager( 1594): 	at com.android.server.am.ActivityManagerService.onTransact(ActivityManagerService.java:2443)
12-09 07:57:53.566 W/ActivityManager( 1594): 	at android.os.Binder.execTransact(Binder.java:453)
12-09 07:57:53.588 W/ActivityManager( 1594): Bad activity token: android.os.BinderProxy@9e0fd24
12-09 07:57:53.588 W/ActivityManager( 1594): java.lang.ClassCastException: android.os.BinderProxy cannot be cast to com.android.server.am.ActivityRecord$Token
12-09 07:57:53.588 W/ActivityManager( 1594): 	at com.android.server.am.ActivityRecord.forTokenLocked(ActivityRecord.java:424)
12-09 07:57:53.588 W/ActivityManager( 1594): 	at com.android.server.am.ActivityRecord.isInStackLocked(ActivityRecord.java:1121)
12-09 07:57:53.588 W/ActivityManager( 1594): 	at com.android.server.am.ActivityManagerService.getActivityOptions(ActivityManagerService.java:11038)
12-09 07:57:53.588 W/ActivityManager( 1594): 	at android.app.ActivityManagerNative.onTransact(ActivityManagerNative.java:1734)
12-09 07:57:53.588 W/ActivityManager( 1594): 	at com.android.server.am.ActivityManagerService.onTransact(ActivityManagerService.java:2443)
12-09 07:57:53.588 W/ActivityManager( 1594): 	at android.os.Binder.execTransact(Binder.java:453)
12-09 07:57:53.600 W/ActivityManager( 1594): Bad activity token: android.os.BinderProxy@9e0fd24
12-09 07:57:53.600 W/ActivityManager( 1594): java.lang.ClassCastException: android.os.BinderProxy cannot be cast to com.android.server.am.ActivityRecord$Token
12-09 07:57:53.600 W/ActivityManager( 1594): 	at com.android.server.am.ActivityRecord.forTokenLocked(ActivityRecord.java:424)
12-09 07:57:53.600 W/ActivityManager( 1594): 	at com.android.server.am.ActivityRecord.isInStackLocked(ActivityRecord.java:1121)
12-09 07:57:53.600 W/ActivityManager( 1594): 	at com.android.server.am.ActivityManagerService.getActivityOptions(ActivityManagerService.java:11038)
12-09 07:57:53.600 W/ActivityManager( 1594): 	at android.app.ActivityManagerNative.onTransact(ActivityManagerNative.java:1734)
12-09 07:57:53.600 W/ActivityManager( 1594): 	at com.android.server.am.ActivityManagerService.onTransact(ActivityManagerService.java:2443)
12-09 07:57:53.600 W/ActivityManager( 1594): 	at android.os.Binder.execTransact(Binder.java:453)
12-09 07:57:53.631 D/EGL_emulation( 2192): eglMakeCurrent: 0x7f3f7c353820: ver 2 0 (tinfo 0x7f3f84b58c20)
12-09 07:57:53.641 E/Surface ( 2192): getSlotFromBufferLocked: unknown buffer: 0x7f3f7c356520
12-09 07:57:53.643 D/EGL_emulation( 2192): eglMakeCurrent: 0x7f3f7c353820: ver 2 0 (tinfo 0x7f3f84b58c20)
12-09 07:57:53.704 D/gralloc_ranchu( 1224): gralloc_alloc: Creating ashmem region of size 3686400
12-09 07:57:53.964 D/gralloc_ranchu( 1224): gralloc_alloc: Creating ashmem region of size 3686400
12-09 07:57:53.973 I/WindowManager( 1594): Screen frozen for +1s87ms due to Window{2339242 u0 com.evancharlton.mileage/com.evancharlton.mileage.Mileage}
12-09 07:57:54.346 W/art     ( 1594): Long monitor contention event with owner method=void com.android.server.wm.WindowAnimator$1.doFrame(long) from WindowAnimator.java:121 waiters=0 for 139ms
12-09 07:57:54.590 W/art     ( 1594): Long monitor contention event with owner method=void com.android.server.wm.WindowAnimator$1.doFrame(long) from WindowAnimator.java:121 waiters=0 for 145ms
12-09 07:57:55.005 D/gralloc_ranchu( 1224): gralloc_alloc: Creating ashmem region of size 3686400
12-09 07:57:55.835 E/SurfaceFlinger( 1224): ro.sf.lcd_density must be defined as a build property
12-09 07:57:55.921 D/gralloc_ranchu( 1224): gralloc_alloc: Creating ashmem region of size 3686400
12-09 07:57:55.932 D/        ( 9082): HostConnection::get() New Host Connection established 0x7fa624c92480, tid 9082
12-09 07:57:55.953 E/EGL_emulation( 1224): tid 1224: eglCreateSyncKHR(1881): error 0x3004 (EGL_BAD_ATTRIBUTE)
12-09 07:57:56.033 I/art     ( 1594): Starting a blocking GC Explicit
12-09 07:57:56.089 I/art     ( 1594): Explicit concurrent mark sweep GC freed 4554(338KB) AllocSpace objects, 0(0B) LOS objects, 30% free, 9MB/13MB, paused 1.314ms total 53.810ms
