--------- beginning of main
12-09 07:49:45.000 D/gralloc_ranchu( 1219): gralloc_alloc: Creating ashmem region of size 708608
12-09 07:49:45.020 E/EGL_emulation( 1219): tid 1219: eglCreateSyncKHR(1881): error 0x3004 (EGL_BAD_ATTRIBUTE)
12-09 07:49:45.211 I/art     ( 1592): Background partial concurrent mark sweep GC freed 9850(734KB) AllocSpace objects, 6(116KB) LOS objects, 30% free, 9MB/13MB, paused 1.142ms total 100.641ms
--------- beginning of system
12-09 07:49:45.271 W/ActivityManager( 1592): Finishing task with all activities already finished
12-09 07:49:45.272 W/ActivityManager( 1592): Duplicate finish request for ActivityRecord{4209bb2 u0 com.evancharlton.mileage/.Mileage t362 f}
12-09 07:49:45.273 W/ActivityManager( 1592): Finishing task with all activities already finished
12-09 07:49:45.273 W/ActivityManager( 1592): Duplicate finish request for ActivityRecord{4209bb2 u0 com.evancharlton.mileage/.Mileage t362 f}
12-09 07:49:45.277 W/ActivityManager( 1592): Finishing task with all activities already finished
12-09 07:49:45.277 W/ActivityManager( 1592): Duplicate finish request for ActivityRecord{4209bb2 u0 com.evancharlton.mileage/.Mileage t362 f}
12-09 07:49:45.511 D/EGL_emulation( 1942): eglMakeCurrent: 0x7f6cf00f4dc0: ver 2 0 (tinfo 0x7f6cf00c2d60)
12-09 07:49:45.666 D/AndroidRuntime( 7366): >>>>>> START com.android.internal.os.RuntimeInit uid 0 <<<<<<
12-09 07:49:45.667 D/AndroidRuntime( 7366): CheckJNI is ON
12-09 07:49:45.709 D/ICU     ( 7366): No timezone override file found: /data/misc/zoneinfo/current/icu/icu_tzdata.dat
12-09 07:49:45.937 E/memtrack( 7366): Couldn't load memtrack module (No such file or directory)
12-09 07:49:45.937 E/android.os.Debug( 7366): failed to load memtrack module: -2
12-09 07:49:45.938 I/Radio-JNI( 7366): register_android_hardware_Radio DONE
12-09 07:49:45.974 D/AndroidRuntime( 7366): Calling main entry com.android.commands.am.Am
12-09 07:49:45.976 I/ActivityManager( 1592): Force stopping com.evancharlton.mileage appid=10121 user=0: start instr
12-09 07:49:45.976 I/ActivityManager( 1592): Killing 7303:com.evancharlton.mileage/u0a121 (adj 0): stop com.evancharlton.mileage
12-09 07:49:46.175 W/ActivityManager( 1592): Crash of app com.evancharlton.mileage running instrumentation ComponentInfo{com.evancharlton.mileage.test/sh.calaba.instrumentationbackend.CalabashInstrumentationTestRunner}
12-09 07:49:46.176 I/ActivityManager( 1592): Force stopping com.evancharlton.mileage appid=10121 user=0: finished inst
12-09 07:49:46.670 W/art     ( 1592): Long monitor contention event with owner method=void com.android.server.wm.WindowAnimator$1.doFrame(long) from WindowAnimator.java:121 waiters=1 for 220ms
12-09 07:49:46.842 I/ActivityManager( 1592): Start proc 7375:com.evancharlton.mileage/u0a121 for added application com.evancharlton.mileage
12-09 07:49:46.842 W/art     ( 1592): Long monitor contention event with owner method=boolean com.android.server.am.ActivityManagerService.startInstrumentation(android.content.ComponentName, java.lang.String, int, android.os.Bundle, android.app.IInstrumentationWatcher, android.app.IUiAutomationConnection, int, java.lang.String) from ActivityManagerService.java:17066 waiters=0 for 866ms
12-09 07:49:46.849 D/AndroidRuntime( 7366): Shutting down VM
12-09 07:49:46.861 W/art     ( 1592): Long monitor contention event with owner method=boolean com.android.server.am.ActivityManagerService.startInstrumentation(android.content.ComponentName, java.lang.String, int, android.os.Bundle, android.app.IInstrumentationWatcher, android.app.IUiAutomationConnection, int, java.lang.String) from ActivityManagerService.java:17066 waiters=1 for 776ms
12-09 07:49:46.861 W/ActivityManager( 1592): Spurious death for ProcessRecord{ae87c86 0:com.evancharlton.mileage/u0a121}, curProc for 7303: null
12-09 07:49:46.861 W/art     ( 1592): Long monitor contention event with owner method=boolean com.android.server.am.ActivityManagerService.startInstrumentation(android.content.ComponentName, java.lang.String, int, android.os.Bundle, android.app.IInstrumentationWatcher, android.app.IUiAutomationConnection, int, java.lang.String) from ActivityManagerService.java:17066 waiters=2 for 608ms
12-09 07:49:46.862 W/art     ( 1592): Long monitor contention event with owner method=boolean com.android.server.am.ActivityManagerService.startInstrumentation(android.content.ComponentName, java.lang.String, int, android.os.Bundle, android.app.IInstrumentationWatcher, android.app.IUiAutomationConnection, int, java.lang.String) from ActivityManagerService.java:17066 waiters=3 for 488ms
12-09 07:49:47.011 W/InputMethodManagerService( 1592): Got RemoteException sending setActive(false) notification to pid 7303 uid 10121
12-09 07:49:47.014 W/art     ( 1592): Long monitor contention event with owner method=void com.android.server.wm.WindowAnimator$1.doFrame(long) from WindowAnimator.java:121 waiters=0 for 281ms
12-09 07:49:47.181 W/art     ( 1592): Long monitor contention event with owner method=void com.android.server.wm.WindowAnimator$1.doFrame(long) from WindowAnimator.java:121 waiters=1 for 170ms
12-09 07:49:47.183 W/art     ( 1592): Long monitor contention event with owner method=com.android.internal.view.InputBindResult com.android.server.InputMethodManagerService.windowGainedFocus(com.android.internal.view.IInputMethodClient, android.os.IBinder, int, int, int, android.view.inputmethod.EditorInfo, com.android.internal.view.IInputContext) from InputMethodManagerService.java:2177 waiters=0 for 1.097s
12-09 07:49:47.183 I/Choreographer( 1942): Skipped 98 frames!  The application may be doing too much work on its main thread.
12-09 07:49:47.185 W/art     ( 1592): Long monitor contention event with owner method=void com.android.server.wm.WindowAnimator$1.doFrame(long) from WindowAnimator.java:121 waiters=2 for 170ms
12-09 07:49:47.190 W/art     ( 1592): Long monitor contention event with owner method=com.android.internal.view.InputBindResult com.android.server.InputMethodManagerService.windowGainedFocus(com.android.internal.view.IInputMethodClient, android.os.IBinder, int, int, int, android.view.inputmethod.EditorInfo, com.android.internal.view.IInputContext) from InputMethodManagerService.java:2177 waiters=1 for 816ms
12-09 07:49:47.194 I/WindowState( 1592): WIN DEATH: Window{4f12598 u0 com.evancharlton.mileage/com.evancharlton.mileage.Mileage EXITING}
12-09 07:49:47.299 W/art     ( 1592): Long monitor contention event with owner method=void com.android.server.wm.WindowState$DeathRecipient.binderDied() from WindowState.java:1208 waiters=0 for 105ms
12-09 07:49:47.365 W/System  ( 7375): ClassLoader referenced unknown path: /data/app/com.evancharlton.mileage.test-1/lib/x86_64
12-09 07:49:47.366 W/System  ( 7375): ClassLoader referenced unknown path: /data/app/com.evancharlton.mileage-1/lib/x86_64
12-09 07:49:47.384 I/art     ( 1692): Background partial concurrent mark sweep GC freed 3930(186KB) AllocSpace objects, 0(0B) LOS objects, 39% free, 3MB/6MB, paused 9.430ms total 54.972ms
12-09 07:49:47.402 D/EGL_emulation( 1885): eglMakeCurrent: 0x7f6ce4589f00: ver 2 0 (tinfo 0x7f6cec0379c0)
12-09 07:49:47.403 E/Surface ( 1885): getSlotFromBufferLocked: unknown buffer: 0x7f6cec6d2320
12-09 07:49:47.410 I/System.out( 7375): Main activity name automatically set to: com.evancharlton.mileage.Mileage
12-09 07:49:47.410 I/System.out( 7375): Calabash did not load Mono. This is only a problem if you are trying to test a Mono application
12-09 07:49:47.410 I/calabash( 7375): Test server port: 7102
12-09 07:49:47.411 I/InstrumentationBackend( 7375): Added:'GetPreferences', with key:'get_preferences'
12-09 07:49:47.486 I/InstrumentationBackend( 7375): Added:'SetPreferences', with key:'set_preferences'
12-09 07:49:47.493 I/InstrumentationBackend( 7375): Added:'ClearPreferences', with key:'clear_preferences'
12-09 07:49:47.493 I/InstrumentationBackend( 7375): Added:'PressElement', with key:'press_l10n_element'
12-09 07:49:47.493 I/InstrumentationBackend( 7375): Added:'WaitForElement', with key:'wait_for_l10n_element'
12-09 07:49:47.494 I/InstrumentationBackend( 7375): Added:'NullAction', with key:'nullAction'
12-09 07:49:47.494 I/InstrumentationBackend( 7375): Added:'PressKey', with key:'press_key'
12-09 07:49:47.494 I/InstrumentationBackend( 7375): Added:'SetActivityOrientation', with key:'set_activity_orientation'
12-09 07:49:47.494 I/InstrumentationBackend( 7375): Added:'GetActivityOrientation', with key:'get_activity_orientation'
12-09 07:49:47.494 I/InstrumentationBackend( 7375): Added:'FakeGPSLocation', with key:'set_gps_coordinates'
12-09 07:49:47.495 I/InstrumentationBackend( 7375): Added:'SetPropertyByCssSelector', with key:'set_property_by_css_selector'
12-09 07:49:47.495 I/InstrumentationBackend( 7375): Added:'GetUrl', with key:'get_url'
12-09 07:49:47.496 I/InstrumentationBackend( 7375): Added:'ScrollTo', with key:'scroll_to'
12-09 07:49:47.496 I/InstrumentationBackend( 7375): Added:'GetLoadProgress', with key:'get_load_progress'
12-09 07:49:47.496 I/InstrumentationBackend( 7375): Added:'DumpHtml', with key:'dump_html'
12-09 07:49:47.496 I/InstrumentationBackend( 7375): Added:'DumpBodyHtml', with key:'dump_body_html'
12-09 07:49:47.496 I/InstrumentationBackend( 7375): Added:'EnterTextByCssSelector', with key:'enter_text_by_selector'
12-09 07:49:47.502 I/InstrumentationBackend( 7375): Added:'AndroidSDKVersion', with key:'android_sdk_version'
12-09 07:49:47.503 I/InstrumentationBackend( 7375): Added:'Version', with key:'version'
12-09 07:49:47.503 I/InstrumentationBackend( 7375): Added:'Drag', with key:'drag'
12-09 07:49:47.503 I/InstrumentationBackend( 7375): Added:'TouchCoordinates', with key:'touch_coordinate'
12-09 07:49:47.503 I/InstrumentationBackend( 7375): Added:'LongPressCoordinate', with key:'long_press_coordinate'
12-09 07:49:47.503 I/InstrumentationBackend( 7375): Added:'DragCoordinates', with key:'drag_coordinates'
12-09 07:49:47.503 I/InstrumentationBackend( 7375): Added:'ResumeApplication', with key:'resume_application'
12-09 07:49:47.503 I/InstrumentationBackend( 7375): Added:'Swipe', with key:'swipe'
12-09 07:49:47.504 I/InstrumentationBackend( 7375): Added:'DoubleTapCoordinate', with key:'double_tap_coordinate'
12-09 07:49:47.504 I/InstrumentationBackend( 7375): Added:'ClickOnScreen', with key:'click_on_screen'
12-09 07:49:47.504 I/InstrumentationBackend( 7375): Added:'GetActivityName', with key:'get_activity_name'
12-09 07:49:47.504 I/InstrumentationBackend( 7375): Added:'ScrollToView', with key:'scroll_to_view'
12-09 07:49:47.504 I/InstrumentationBackend( 7375): Added:'ViewConfiguration', with key:'view_configuration'
12-09 07:49:47.505 I/InstrumentationBackend( 7375): Added:'IsCurrentActivityFocused', with key:'is_current_activity_focused'
12-09 07:49:47.509 I/InstrumentationBackend( 7375): Added:'SendTcp', with key:'send_tcp'
12-09 07:49:47.513 I/InstrumentationBackend( 7375): Added:'DpToDevicePixel', with key:'dp_to_device_pixel'
12-09 07:49:47.514 I/InstrumentationBackend( 7375): Added:'KeyboardEnterText', with key:'keyboard_enter_text'
12-09 07:49:47.514 I/InstrumentationBackend( 7375): Added:'DeleteSurroundingText', with key:'delete_surrounding_text'
12-09 07:49:47.514 I/InstrumentationBackend( 7375): Added:'SetComposingRegion', with key:'set_composing_region'
12-09 07:49:47.514 I/InstrumentationBackend( 7375): Added:'SetSelection', with key:'set_selection'
12-09 07:49:47.514 I/InstrumentationBackend( 7375): Added:'KeyboardKeyEvent', with key:'keyboard_key_event'
12-09 07:49:47.514 I/InstrumentationBackend( 7375): Added:'PressUserActionButton', with key:'press_user_action_button'
12-09 07:49:47.515 I/InstrumentationBackend( 7375): Added:'HideSoftKeyboard', with key:'hide_soft_keyboard'
12-09 07:49:47.515 I/InstrumentationBackend( 7375): Added:'ListActions', with key:'list_actions'
12-09 07:49:47.515 I/calabash( 7375): Instantiating http server at 7102
12-09 07:49:47.526 I/System.out( 7375): HTTP Daemon listening on: 7102
12-09 07:49:47.589 I/System.out( 7375): URI: //ping
12-09 07:49:47.589 I/System.out( 7375): params: {json={}
12-09 07:49:47.589 I/System.out( 7375): }
12-09 07:49:47.637 I/System.out( 7375): URI: //ping
12-09 07:49:47.637 I/System.out( 7375): params: {json={}
12-09 07:49:47.637 I/System.out( 7375): }
12-09 07:49:47.673 I/System.out( 7375): URI: //ready
12-09 07:49:47.673 I/System.out( 7375): params: {json={}
12-09 07:49:47.674 I/System.out( 7375): }
12-09 07:49:47.722 I/System.out( 7375): URI: //
12-09 07:49:47.722 I/System.out( 7375): params: {json={"command":"version","arguments":[]}
12-09 07:49:47.722 I/System.out( 7375): }
12-09 07:49:47.722 I/System.out( 7375): header: {date=Sun, 09 Dec 2018 07:49:48 GMT, accept=*/*, content-length=36, host=127.0.0.1:34777, user-agent=HTTPClient/1.0 (2.8.3, ruby 2.3.1 (2016-04-26)), content-type=application/json;charset=utf-8}
12-09 07:49:47.722 I/System.out( 7375): params: {json={"command":"version","arguments":[]}
12-09 07:49:47.722 I/System.out( 7375): }
12-09 07:49:47.722 I/System.out( 7375): ProP json = {"command":"version","arguments":[]}
12-09 07:49:47.722 I/System.out( 7375): files: {}
12-09 07:49:47.722 I/System.out( 7375): command: {"command":"version","arguments":[]}
12-09 07:49:47.734 W/art     ( 1592): Long monitor contention event with owner method=void com.android.server.wm.WindowAnimator$1.doFrame(long) from WindowAnimator.java:121 waiters=1 for 283ms
12-09 07:49:47.753 I/InstrumentationBackend( 7375): Got command:'Command:'Line:null,version', arguments:'[]'
12-09 07:49:47.782 I/System.out( 7375): result:{"bonusInformation":[],"message":"0.9.8","success":true}
12-09 07:49:47.962 I/System.out( 7375): URI: //start-application
12-09 07:49:47.962 I/System.out( 7375): params: {json={"intent":null}
12-09 07:49:47.962 I/System.out( 7375): }
12-09 07:49:48.081 W/art     ( 1592): Long monitor contention event with owner method=void com.android.server.wm.WindowAnimator$1.doFrame(long) from WindowAnimator.java:121 waiters=1 for 346ms
12-09 07:49:48.408 W/art     ( 1592): Long monitor contention event with owner method=void com.android.server.wm.WindowAnimator$1.doFrame(long) from WindowAnimator.java:121 waiters=2 for 310ms
12-09 07:49:48.410 I/ActivityManager( 1592): START u0 {act=android.intent.action.MAIN cat=[android.intent.category.LAUNCHER] flg=0x10200000 cmp=com.evancharlton.mileage/.Mileage} from uid 10121 on display 0
12-09 07:49:48.412 I/Choreographer( 1942): Skipped 69 frames!  The application may be doing too much work on its main thread.
12-09 07:49:48.469 W/OpenGLRenderer( 1942): Incorrectly called buildLayer on View: ShortcutAndWidgetContainer, destroying layer...
12-09 07:49:48.616 W/WindowState( 1592): Failed to report 'resized' to the client of Window{4f12598 u0 com.evancharlton.mileage/com.evancharlton.mileage.Mileage EXITING}, removing this window.
12-09 07:49:48.622 W/art     ( 1592): Long monitor contention event with owner method=void com.android.server.wm.WindowManagerService.attachStack(int, int) from WindowManagerService.java:5157 waiters=1 for 210ms
12-09 07:49:48.622 W/art     ( 1592): Long monitor contention event with owner method=void com.android.server.wm.WindowManagerService.attachStack(int, int) from WindowManagerService.java:5157 waiters=0 for 211ms
12-09 07:49:48.640 E/WindowState( 1592): getStack: Window{4f12598 u0 com.evancharlton.mileage/com.evancharlton.mileage.Mileage EXITING} couldn't find task for AppWindowToken{d890680 token=Token{efeb703 ActivityRecord{4209bb2 u0 com.evancharlton.mileage/.Mileage t362}}} Callers=com.android.server.wm.WindowState.getDisplayContent:847 com.android.server.wm.WindowState.getWindowList:1457 com.android.server.wm.WindowManagerService.findDesiredInputMethodWindowIndexLocked:1464 com.android.server.wm.WindowManagerService.moveInputMethodWindowsIfNeededLocked:1684 
12-09 07:49:48.731 I/calabash( 7375): newActivity1
12-09 07:49:48.768 I/calabash( 7375): newActivity1
12-09 07:49:48.770 W/ActivityManager( 1592): Bad activity token: android.os.BinderProxy@f12ccd1
12-09 07:49:48.770 W/ActivityManager( 1592): java.lang.ClassCastException: android.os.BinderProxy cannot be cast to com.android.server.am.ActivityRecord$Token
12-09 07:49:48.770 W/ActivityManager( 1592): 	at com.android.server.am.ActivityRecord.forTokenLocked(ActivityRecord.java:424)
12-09 07:49:48.770 W/ActivityManager( 1592): 	at com.android.server.am.ActivityRecord.isInStackLocked(ActivityRecord.java:1121)
12-09 07:49:48.770 W/ActivityManager( 1592): 	at com.android.server.am.ActivityRecord.getStackLocked(ActivityRecord.java:1126)
12-09 07:49:48.770 W/ActivityManager( 1592): 	at com.android.server.am.ActivityManagerService.getActivityDisplayId(ActivityManagerService.java:8889)
12-09 07:49:48.770 W/ActivityManager( 1592): 	at android.app.ActivityManagerNative.onTransact(ActivityManagerNative.java:2338)
12-09 07:49:48.770 W/ActivityManager( 1592): 	at com.android.server.am.ActivityManagerService.onTransact(ActivityManagerService.java:2443)
12-09 07:49:48.770 W/ActivityManager( 1592): 	at android.os.Binder.execTransact(Binder.java:453)
12-09 07:49:48.770 W/ActivityManager( 1592): Bad activity token: android.os.BinderProxy@f12ccd1
12-09 07:49:48.770 W/ActivityManager( 1592): java.lang.ClassCastException: android.os.BinderProxy cannot be cast to com.android.server.am.ActivityRecord$Token
12-09 07:49:48.770 W/ActivityManager( 1592): 	at com.android.server.am.ActivityRecord.forTokenLocked(ActivityRecord.java:424)
12-09 07:49:48.770 W/ActivityManager( 1592): 	at com.android.server.am.ActivityRecord.isInStackLocked(ActivityRecord.java:1121)
12-09 07:49:48.770 W/ActivityManager( 1592): 	at com.android.server.am.ActivityManagerService.setTaskDescription(ActivityManagerService.java:8547)
12-09 07:49:48.770 W/ActivityManager( 1592): 	at android.app.ActivityManagerNative.onTransact(ActivityManagerNative.java:2410)
12-09 07:49:48.770 W/ActivityManager( 1592): 	at com.android.server.am.ActivityManagerService.onTransact(ActivityManagerService.java:2443)
12-09 07:49:48.770 W/ActivityManager( 1592): 	at android.os.Binder.execTransact(Binder.java:453)
12-09 07:49:48.854 W/ActivityManager( 1592): Bad activity token: android.os.BinderProxy@f12ccd1
12-09 07:49:48.854 W/ActivityManager( 1592): java.lang.ClassCastException: android.os.BinderProxy cannot be cast to com.android.server.am.ActivityRecord$Token
12-09 07:49:48.854 W/ActivityManager( 1592): 	at com.android.server.am.ActivityRecord.forTokenLocked(ActivityRecord.java:424)
12-09 07:49:48.854 W/ActivityManager( 1592): 	at com.android.server.am.ActivityRecord.isInStackLocked(ActivityRecord.java:1121)
12-09 07:49:48.854 W/ActivityManager( 1592): 	at com.android.server.am.ActivityManagerService.getActivityOptions(ActivityManagerService.java:11038)
12-09 07:49:48.854 W/ActivityManager( 1592): 	at android.app.ActivityManagerNative.onTransact(ActivityManagerNative.java:1734)
12-09 07:49:48.854 W/ActivityManager( 1592): 	at com.android.server.am.ActivityManagerService.onTransact(ActivityManagerService.java:2443)
12-09 07:49:48.854 W/ActivityManager( 1592): 	at android.os.Binder.execTransact(Binder.java:453)
12-09 07:49:48.856 W/ActivityManager( 1592): Bad activity token: android.os.BinderProxy@f12ccd1
12-09 07:49:48.856 W/ActivityManager( 1592): java.lang.ClassCastException: android.os.BinderProxy cannot be cast to com.android.server.am.ActivityRecord$Token
12-09 07:49:48.856 W/ActivityManager( 1592): 	at com.android.server.am.ActivityRecord.forTokenLocked(ActivityRecord.java:424)
12-09 07:49:48.856 W/ActivityManager( 1592): 	at com.android.server.am.ActivityRecord.isInStackLocked(ActivityRecord.java:1121)
12-09 07:49:48.856 W/ActivityManager( 1592): 	at com.android.server.am.ActivityManagerService.getActivityOptions(ActivityManagerService.java:11038)
12-09 07:49:48.856 W/ActivityManager( 1592): 	at android.app.ActivityManagerNative.onTransact(ActivityManagerNative.java:1734)
12-09 07:49:48.856 W/ActivityManager( 1592): 	at com.android.server.am.ActivityManagerService.onTransact(ActivityManagerService.java:2443)
12-09 07:49:48.856 W/ActivityManager( 1592): 	at android.os.Binder.execTransact(Binder.java:453)
12-09 07:49:49.101 W/art     ( 1592): Long monitor contention event with owner method=int com.android.server.wm.WindowManagerService.relayoutWindow(com.android.server.wm.Session, android.view.IWindow, int, android.view.WindowManager$LayoutParams, int, int, int, int, android.graphics.Rect, android.graphics.Rect, android.graphics.Rect, android.graphics.Rect, android.graphics.Rect, android.graphics.Rect, android.content.res.Configuration, android.view.Surface) from WindowManagerService.java:3103 waiters=0 for 136ms
12-09 07:49:49.103 D/gralloc_ranchu( 1219): gralloc_alloc: Creating ashmem region of size 3686400
12-09 07:49:49.308 V/PhoneStatusBar( 1692): setLightsOn(true)
12-09 07:49:49.386 D/EGL_emulation( 1942): eglMakeCurrent: 0x7f6cf00f4dc0: ver 2 0 (tinfo 0x7f6cf00c2d60)
12-09 07:49:49.390 E/Surface ( 1942): getSlotFromBufferLocked: unknown buffer: 0x7f6cec6d5840
12-09 07:49:49.507 D/gralloc_ranchu( 1219): gralloc_alloc: Creating ashmem region of size 3686400
12-09 07:49:49.693 D/        ( 7375): HostConnection::get() New Host Connection established 0x7f6cf004b140, tid 7375
12-09 07:49:50.281 W/art     ( 1592): Long monitor contention event with owner method=void com.android.server.wm.WindowAnimator$1.doFrame(long) from WindowAnimator.java:121 waiters=0 for 289ms
12-09 07:49:50.309 I/Choreographer( 1692): Skipped 30 frames!  The application may be doing too much work on its main thread.
12-09 07:49:50.435 I/ActivityManager( 1592): Displayed com.evancharlton.mileage/.Mileage: +1s715ms
12-09 07:49:50.470 D/gralloc_ranchu( 1219): gralloc_alloc: Creating ashmem region of size 3686400
12-09 07:49:51.212 I/art     ( 7375): Background partial concurrent mark sweep GC freed 14165(704KB) AllocSpace objects, 1(20KB) LOS objects, 40% free, 1917KB/3MB, paused 1.317ms total 102.080ms
12-09 07:49:52.233 I/System.out( 7375): URI: //map
12-09 07:49:52.234 I/System.out( 7375): params: {json={"query":"android.widget.EditText id:'price'","operation":{"method_name":"query","arguments":[]}}
12-09 07:49:52.234 I/System.out( 7375): }
12-09 07:49:52.283 W/ResourceType( 7375): No package identifier when getting name for resource number 0x00000001
12-09 07:49:52.521 I/art     ( 7375): Background sticky concurrent mark sweep GC freed 45174(2MB) AllocSpace objects, 2(40KB) LOS objects, 29% free, 2MB/3MB, paused 4.151ms total 204.457ms
12-09 07:49:52.534 I/System.out( 7375): URI: //gesture
12-09 07:49:52.534 I/System.out( 7375): params: {json={"query_timeout":5.0,"gestures":[{"query_string":"android.widget.EditText id:'price'","touches":[{"x":50,"y":50,"offset_x":0,"offset_y":0,"wait":0.0,"time":0.2,"release":true,"query_string":null}]}]}
12-09 07:49:52.534 I/System.out( 7375): }
12-09 07:49:52.554 W/ResourceType( 7375): No package identifier when getting name for resource number 0x00000001
12-09 07:49:52.836 I/art     ( 7375): Background partial concurrent mark sweep GC freed 16416(777KB) AllocSpace objects, 3(60KB) LOS objects, 40% free, 2MB/3MB, paused 31.932ms total 40.691ms
12-09 07:49:53.123 I/LatinIME( 1885): Starting input. Cursor position = 0,0
12-09 07:49:53.270 I/art     ( 7375): Background sticky concurrent mark sweep GC freed 29469(1420KB) AllocSpace objects, 1(20KB) LOS objects, 38% free, 2MB/3MB, paused 955us total 130.914ms
12-09 07:49:53.373 D/EGL_emulation( 1885): eglMakeCurrent: 0x7f6ce4589f00: ver 2 0 (tinfo 0x7f6cec0379c0)
12-09 07:49:53.749 I/System.out( 7375): URI: //
12-09 07:49:53.749 I/System.out( 7375): params: {json={"command":"set_selection","arguments":[-1,-1]}
12-09 07:49:53.750 I/System.out( 7375): }
12-09 07:49:53.750 I/System.out( 7375): header: {date=Sun, 09 Dec 2018 07:49:54 GMT, accept=*/*, content-length=47, host=127.0.0.1:34777, user-agent=HTTPClient/1.0 (2.8.3, ruby 2.3.1 (2016-04-26)), content-type=application/json;charset=utf-8}
12-09 07:49:53.750 I/System.out( 7375): params: {json={"command":"set_selection","arguments":[-1,-1]}
12-09 07:49:53.750 I/System.out( 7375): }
12-09 07:49:53.750 I/System.out( 7375): ProP json = {"command":"set_selection","arguments":[-1,-1]}
12-09 07:49:53.750 I/System.out( 7375): files: {}
12-09 07:49:53.750 I/System.out( 7375): command: {"command":"set_selection","arguments":[-1,-1]}
12-09 07:49:53.751 I/InstrumentationBackend( 7375): Got command:'Command:'Line:null,set_selection', arguments:'[-1, -1]'
12-09 07:49:53.791 I/System.out( 7375): result:{"bonusInformation":[],"message":"","success":true}
12-09 07:49:53.994 I/System.out( 7375): URI: //
12-09 07:49:53.994 I/System.out( 7375): params: {json={"command":"keyboard_enter_text","arguments":["000"]}
12-09 07:49:53.994 I/System.out( 7375): }
12-09 07:49:53.994 I/System.out( 7375): header: {date=Sun, 09 Dec 2018 07:49:54 GMT, accept=*/*, content-length=53, host=127.0.0.1:34777, user-agent=HTTPClient/1.0 (2.8.3, ruby 2.3.1 (2016-04-26)), content-type=application/json;charset=utf-8}
12-09 07:49:53.995 I/System.out( 7375): params: {json={"command":"keyboard_enter_text","arguments":["000"]}
12-09 07:49:53.995 I/System.out( 7375): }
12-09 07:49:53.995 I/System.out( 7375): ProP json = {"command":"keyboard_enter_text","arguments":["000"]}
12-09 07:49:53.995 I/System.out( 7375): files: {}
12-09 07:49:53.995 I/System.out( 7375): command: {"command":"keyboard_enter_text","arguments":["000"]}
12-09 07:49:53.996 I/InstrumentationBackend( 7375): Got command:'Command:'Line:null,keyboard_enter_text', arguments:'[000]'
12-09 07:49:53.996 E/SpannableStringBuilder( 7375): SPAN_EXCLUSIVE_EXCLUSIVE spans cannot have a zero length
12-09 07:49:53.996 E/SpannableStringBuilder( 7375): SPAN_EXCLUSIVE_EXCLUSIVE spans cannot have a zero length
12-09 07:49:54.112 E/SpannableStringBuilder( 7375): SPAN_EXCLUSIVE_EXCLUSIVE spans cannot have a zero length
12-09 07:49:54.112 E/SpannableStringBuilder( 7375): SPAN_EXCLUSIVE_EXCLUSIVE spans cannot have a zero length
12-09 07:49:54.139 I/System.out( 7375): result:{"bonusInformation":[],"message":"","success":true}
12-09 07:49:54.372 I/System.out( 7375): URI: //map
12-09 07:49:54.372 I/System.out( 7375): params: {json={"query":"android.widget.Button index:2","operation":{"method_name":"query","arguments":[]}}
12-09 07:49:54.372 I/System.out( 7375): }
12-09 07:49:54.391 I/art     ( 7375): Background partial concurrent mark sweep GC freed 28675(1369KB) AllocSpace objects, 6(120KB) LOS objects, 39% free, 2MB/3MB, paused 14.217ms total 264.720ms
12-09 07:49:54.610 I/System.out( 7375): URI: //gesture
12-09 07:49:54.610 I/System.out( 7375): params: {json={"query_timeout":5.0,"gestures":[{"query_string":"android.widget.Button index:2","touches":[{"x":50,"y":50,"offset_x":0,"offset_y":0,"wait":0.0,"time":0.2,"release":true,"query_string":null}]}]}
12-09 07:49:54.611 I/System.out( 7375): }
12-09 07:49:54.632 I/art     ( 7375): Background sticky concurrent mark sweep GC freed 47374(2MB) AllocSpace objects, 2(40KB) LOS objects, 25% free, 2MB/3MB, paused 1.003ms total 129.303ms
12-09 07:49:54.756 D/gralloc_ranchu( 1219): gralloc_alloc: Creating ashmem region of size 3686400
12-09 07:49:54.974 W/AudioTrack( 1592): AUDIO_OUTPUT_FLAG_FAST denied by client; transfer 4, track 48000 Hz, output 44100 Hz
12-09 07:49:55.030 W/art     ( 7375): Suspending all threads took: 7.937ms
12-09 07:49:55.051 W/audio_hw_generic( 1308): Hardware backing HAL too slow, could only write 0 of 661 frames
12-09 07:49:55.103 I/art     ( 7375): Background sticky concurrent mark sweep GC freed 41987(1771KB) AllocSpace objects, 1(20KB) LOS objects, 29% free, 2MB/3MB, paused 9.777ms total 114.746ms
12-09 07:49:55.119 I/LatinIME( 1885): Starting input. Cursor position = 0,0
12-09 07:49:55.246 W/audio_hw_generic( 1308): Not supplying enough data to HAL, expected position 10910020 , only wrote 10905839
12-09 07:49:55.261 W/audio_hw_generic( 1308): Not supplying enough data to HAL, expected position 10906512 , only wrote 10906500
12-09 07:49:55.261 W/audio_hw_generic( 1308): Not supplying enough data to HAL, expected position 10906507 , only wrote 10906500
12-09 07:49:55.277 W/audio_hw_generic( 1308): Not supplying enough data to HAL, expected position 10907185 , only wrote 10907161
12-09 07:49:55.309 W/audio_hw_generic( 1308): Not supplying enough data to HAL, expected position 10908577 , only wrote 10908483
12-09 07:49:55.309 W/audio_hw_generic( 1308): Hardware backing HAL too slow, could only write 0 of 661 frames
12-09 07:49:55.324 W/audio_hw_generic( 1308): Hardware backing HAL too slow, could only write 0 of 661 frames
12-09 07:49:55.341 W/audio_hw_generic( 1308): Hardware backing HAL too slow, could only write 0 of 661 frames
12-09 07:49:55.359 W/audio_hw_generic( 1308): Hardware backing HAL too slow, could only write 0 of 661 frames
12-09 07:49:55.370 W/audio_hw_generic( 1308): Hardware backing HAL too slow, could only write 0 of 661 frames
12-09 07:49:55.453 W/audio_hw_generic( 1308): Hardware backing HAL too slow, could only write 0 of 661 frames
12-09 07:49:55.462 W/audio_hw_generic( 1308): Hardware backing HAL too slow, could only write 0 of 661 frames
12-09 07:49:55.474 W/audio_hw_generic( 1308): Hardware backing HAL too slow, could only write 0 of 661 frames
12-09 07:49:55.493 W/audio_hw_generic( 1308): Hardware backing HAL too slow, could only write 0 of 661 frames
12-09 07:49:55.505 W/audio_hw_generic( 1308): Hardware backing HAL too slow, could only write 0 of 661 frames
12-09 07:49:55.519 W/audio_hw_generic( 1308): Hardware backing HAL too slow, could only write 0 of 661 frames
12-09 07:49:55.521 D/gralloc_ranchu( 1219): gralloc_alloc: Creating ashmem region of size 45056
12-09 07:49:55.596 E/SurfaceFlinger( 1219): ro.sf.lcd_density must be defined as a build property
12-09 07:49:55.669 W/audio_hw_generic( 1308): Hardware backing HAL too slow, could only write 0 of 661 frames
12-09 07:49:55.677 D/gralloc_ranchu( 1219): gralloc_alloc: Creating ashmem region of size 3686400
12-09 07:49:55.711 D/        ( 7410): HostConnection::get() New Host Connection established 0x7f59b5512480, tid 7410
12-09 07:49:55.731 E/EGL_emulation( 1219): tid 1219: eglCreateSyncKHR(1881): error 0x3004 (EGL_BAD_ATTRIBUTE)
12-09 07:49:55.985 W/art     ( 1592): Long monitor contention event with owner method=void com.android.server.wm.WindowAnimator$1.doFrame(long) from WindowAnimator.java:121 waiters=0 for 148ms
12-09 07:49:56.060 W/audio_hw_generic( 1308): Not supplying enough data to HAL, expected position 10941584 , only wrote 10939550
12-09 07:49:56.060 W/audio_hw_generic( 1308): Not supplying enough data to HAL, expected position 10939559 , only wrote 10939550
12-09 07:49:56.077 W/audio_hw_generic( 1308): Not supplying enough data to HAL, expected position 10940302 , only wrote 10940211
12-09 07:49:56.306 I/Choreographer( 1885): Skipped 72 frames!  The application may be doing too much work on its main thread.
12-09 07:49:56.502 W/audio_hw_generic( 1308): Not supplying enough data to HAL, expected position 10958939 , only wrote 10958719
12-09 07:49:56.610 W/audio_hw_generic( 1308): Not supplying enough data to HAL, expected position 10963478 , only wrote 10962685
12-09 07:49:56.610 W/audio_hw_generic( 1308): Not supplying enough data to HAL, expected position 10962691 , only wrote 10962685
12-09 07:49:56.633 W/audio_hw_generic( 1308): Not supplying enough data to HAL, expected position 10963690 , only wrote 10963346
12-09 07:49:56.663 W/audio_hw_generic( 1308): Not supplying enough data to HAL, expected position 10964675 , only wrote 10964668
12-09 07:49:56.663 W/audio_hw_generic( 1308): Hardware backing HAL too slow, could only write 0 of 661 frames
12-09 07:49:56.663 W/audio_hw_generic( 1308): Hardware backing HAL too slow, could only write 0 of 661 frames
12-09 07:49:56.690 W/audio_hw_generic( 1308): Hardware backing HAL too slow, could only write 0 of 661 frames
12-09 07:49:56.729 W/audio_hw_generic( 1308): Hardware backing HAL too slow, could only write 0 of 661 frames
12-09 07:49:56.729 W/audio_hw_generic( 1308): Not supplying enough data to HAL, expected position 10967608 , only wrote 10967312
12-09 07:49:56.729 W/audio_hw_generic( 1308): Not supplying enough data to HAL, expected position 10967317 , only wrote 10967312
12-09 07:49:56.729 W/audio_hw_generic( 1308): Hardware backing HAL too slow, could only write 0 of 661 frames
12-09 07:49:56.744 I/System.out( 7375): URI: //map
12-09 07:49:56.744 W/audio_hw_generic( 1308): Hardware backing HAL too slow, could only write 0 of 661 frames
12-09 07:49:56.744 I/System.out( 7375): params: {json={"query":"android.widget.EditText id:'volume'","operation":{"method_name":"query","arguments":[]}}
12-09 07:49:56.744 I/System.out( 7375): }
12-09 07:49:56.759 W/audio_hw_generic( 1308): Hardware backing HAL too slow, could only write 0 of 661 frames
12-09 07:49:56.781 W/audio_hw_generic( 1308): Hardware backing HAL too slow, could only write 0 of 661 frames
12-09 07:49:56.810 W/ResourceType( 7375): No package identifier when getting name for resource number 0x00000001
12-09 07:49:56.942 I/System.out( 7375): URI: //gesture
12-09 07:49:56.942 I/System.out( 7375): params: {json={"query_timeout":5.0,"gestures":[{"query_string":"android.widget.EditText id:'volume'","touches":[{"x":50,"y":50,"offset_x":0,"offset_y":0,"wait":0.0,"time":0.2,"release":true,"query_string":null}]}]}
12-09 07:49:56.942 I/System.out( 7375): }
12-09 07:49:56.953 I/art     ( 7375): Background sticky concurrent mark sweep GC freed 50460(2MB) AllocSpace objects, 3(60KB) LOS objects, 18% free, 3MB/3MB, paused 13.314ms total 135.747ms
12-09 07:49:56.958 W/ResourceType( 7375): No package identifier when getting name for resource number 0x00000001
12-09 07:49:57.010 W/audio_hw_generic( 1308): Hardware backing HAL too slow, could only write 0 of 661 frames
12-09 07:49:57.017 W/audio_hw_generic( 1308): Hardware backing HAL too slow, could only write 0 of 661 frames
12-09 07:49:57.181 W/audio_hw_generic( 1308): Not supplying enough data to HAL, expected position 10987226 , only wrote 10987142
12-09 07:49:57.249 W/audio_hw_generic( 1308): Not supplying enough data to HAL, expected position 10990155 , only wrote 10989786
12-09 07:49:57.249 W/audio_hw_generic( 1308): Not supplying enough data to HAL, expected position 10989792 , only wrote 10989786
12-09 07:49:57.270 W/audio_hw_generic( 1308): Not supplying enough data to HAL, expected position 10990687 , only wrote 10990447
12-09 07:49:57.302 W/audio_hw_generic( 1308): Hardware backing HAL too slow, could only write 0 of 661 frames
12-09 07:49:57.317 W/audio_hw_generic( 1308): Hardware backing HAL too slow, could only write 0 of 661 frames
12-09 07:49:57.420 W/audio_hw_generic( 1308): Not supplying enough data to HAL, expected position 10997065 , only wrote 10997057
12-09 07:49:58.080 I/System.out( 7375): URI: //
12-09 07:49:58.080 I/System.out( 7375): params: {json={"command":"set_selection","arguments":[-1,-1]}
12-09 07:49:58.080 I/System.out( 7375): }
12-09 07:49:58.080 I/System.out( 7375): header: {date=Sun, 09 Dec 2018 07:49:58 GMT, accept=*/*, content-length=47, host=127.0.0.1:34777, user-agent=HTTPClient/1.0 (2.8.3, ruby 2.3.1 (2016-04-26)), content-type=application/json;charset=utf-8}
12-09 07:49:58.080 I/System.out( 7375): params: {json={"command":"set_selection","arguments":[-1,-1]}
12-09 07:49:58.080 I/System.out( 7375): }
12-09 07:49:58.080 I/System.out( 7375): ProP json = {"command":"set_selection","arguments":[-1,-1]}
12-09 07:49:58.080 I/System.out( 7375): files: {}
12-09 07:49:58.080 I/System.out( 7375): command: {"command":"set_selection","arguments":[-1,-1]}
12-09 07:49:58.081 I/InstrumentationBackend( 7375): Got command:'Command:'Line:null,set_selection', arguments:'[-1, -1]'
12-09 07:49:58.088 I/System.out( 7375): result:{"bonusInformation":[],"message":"","success":true}
12-09 07:49:58.293 I/System.out( 7375): URI: //
12-09 07:49:58.293 I/System.out( 7375): params: {json={"command":"keyboard_enter_text","arguments":["000"]}
12-09 07:49:58.293 I/System.out( 7375): }
12-09 07:49:58.293 I/System.out( 7375): header: {date=Sun, 09 Dec 2018 07:49:58 GMT, accept=*/*, content-length=53, host=127.0.0.1:34777, user-agent=HTTPClient/1.0 (2.8.3, ruby 2.3.1 (2016-04-26)), content-type=application/json;charset=utf-8}
12-09 07:49:58.293 I/System.out( 7375): params: {json={"command":"keyboard_enter_text","arguments":["000"]}
12-09 07:49:58.293 I/System.out( 7375): }
12-09 07:49:58.293 I/System.out( 7375): ProP json = {"command":"keyboard_enter_text","arguments":["000"]}
12-09 07:49:58.293 I/System.out( 7375): files: {}
12-09 07:49:58.294 I/System.out( 7375): command: {"command":"keyboard_enter_text","arguments":["000"]}
12-09 07:49:58.294 I/InstrumentationBackend( 7375): Got command:'Command:'Line:null,keyboard_enter_text', arguments:'[000]'
12-09 07:49:58.966 E/SpannableStringBuilder( 7375): SPAN_EXCLUSIVE_EXCLUSIVE spans cannot have a zero length
12-09 07:49:58.967 E/SpannableStringBuilder( 7375): SPAN_EXCLUSIVE_EXCLUSIVE spans cannot have a zero length
12-09 07:49:58.973 E/SpannableStringBuilder( 7375): SPAN_EXCLUSIVE_EXCLUSIVE spans cannot have a zero length
12-09 07:49:59.026 E/SpannableStringBuilder( 7375): SPAN_EXCLUSIVE_EXCLUSIVE spans cannot have a zero length
12-09 07:49:59.030 W/audio_hw_generic( 1308): Not supplying enough data to HAL, expected position 11136359 , only wrote 11066462
12-09 07:49:59.039 I/System.out( 7375): result:{"bonusInformation":[],"message":"","success":true}
12-09 07:49:59.166 I/System.out( 7375): URI: //map
12-09 07:49:59.166 I/System.out( 7375): params: {json={"query":"android.widget.Button index:2","operation":{"method_name":"query","arguments":[]}}
12-09 07:49:59.166 I/System.out( 7375): }
12-09 07:49:59.396 I/art     ( 7375): Background sticky concurrent mark sweep GC freed 25570(1167KB) AllocSpace objects, 5(100KB) LOS objects, 23% free, 2MB/3MB, paused 5.909ms total 226.985ms
12-09 07:49:59.714 I/System.out( 7375): URI: //gesture
12-09 07:49:59.714 I/System.out( 7375): params: {json={"query_timeout":5.0,"gestures":[{"query_string":"android.widget.Button index:2","touches":[{"x":50,"y":50,"offset_x":0,"offset_y":0,"wait":0.0,"time":0.2,"release":true,"query_string":null}]}]}
12-09 07:49:59.714 I/System.out( 7375): }
12-09 07:49:59.736 I/art     ( 7375): Background partial concurrent mark sweep GC freed 38419(2MB) AllocSpace objects, 8(160KB) LOS objects, 39% free, 2MB/4MB, paused 1.040ms total 215.134ms
12-09 07:50:00.418 W/audio_hw_generic( 1308): Hardware backing HAL too slow, could only write 0 of 661 frames
12-09 07:50:00.431 W/audio_hw_generic( 1308): Hardware backing HAL too slow, could only write 0 of 661 frames
12-09 07:50:00.445 W/audio_hw_generic( 1308): Hardware backing HAL too slow, could only write 0 of 661 frames
12-09 07:50:00.457 W/audio_hw_generic( 1308): Hardware backing HAL too slow, could only write 0 of 661 frames
12-09 07:50:00.469 I/art     ( 7375): Background sticky concurrent mark sweep GC freed 47867(2MB) AllocSpace objects, 2(40KB) LOS objects, 46% free, 2MB/4MB, paused 5.352ms total 92.677ms
12-09 07:50:00.535 I/LatinIME( 1885): Starting input. Cursor position = 0,0
12-09 07:50:00.903 D/gralloc_ranchu( 1219): gralloc_alloc: Creating ashmem region of size 49152
12-09 07:50:01.023 E/SurfaceFlinger( 1219): ro.sf.lcd_density must be defined as a build property
12-09 07:50:01.086 D/gralloc_ranchu( 1219): gralloc_alloc: Creating ashmem region of size 3686400
12-09 07:50:01.159 W/audio_hw_generic( 1308): Hardware backing HAL too slow, could only write 0 of 661 frames
12-09 07:50:01.169 W/audio_hw_generic( 1308): Hardware backing HAL too slow, could only write 0 of 661 frames
12-09 07:50:01.175 D/        ( 7422): HostConnection::get() New Host Connection established 0x7fba19992480, tid 7422
12-09 07:50:01.185 W/audio_hw_generic( 1308): Hardware backing HAL too slow, could only write 0 of 661 frames
12-09 07:50:01.210 E/EGL_emulation( 1219): tid 1219: eglCreateSyncKHR(1881): error 0x3004 (EGL_BAD_ATTRIBUTE)
12-09 07:50:01.215 W/audio_hw_generic( 1308): Hardware backing HAL too slow, could only write 0 of 661 frames
12-09 07:50:01.236 W/audio_hw_generic( 1308): Hardware backing HAL too slow, could only write 0 of 661 frames
12-09 07:50:01.244 W/audio_hw_generic( 1308): Hardware backing HAL too slow, could only write 0 of 661 frames
12-09 07:50:01.555 W/audio_hw_generic( 1308): Not supplying enough data to HAL, expected position 11118909 , only wrote 11118681
12-09 07:50:01.555 W/audio_hw_generic( 1308): Not supplying enough data to HAL, expected position 11118688 , only wrote 11118681
12-09 07:50:01.572 W/audio_hw_generic( 1308): Not supplying enough data to HAL, expected position 11119422 , only wrote 11119342
12-09 07:50:01.657 I/Choreographer( 1885): Skipped 70 frames!  The application may be doing too much work on its main thread.
12-09 07:50:01.782 W/audio_hw_generic( 1308): Not supplying enough data to HAL, expected position 11128600 , only wrote 11128596
12-09 07:50:01.849 W/audio_hw_generic( 1308): Not supplying enough data to HAL, expected position 11131549 , only wrote 11129918
12-09 07:50:02.044 W/audio_hw_generic( 1308): Not supplying enough data to HAL, expected position 11138536 , only wrote 11138511
12-09 07:50:02.078 W/audio_hw_generic( 1308): Not supplying enough data to HAL, expected position 11139995 , only wrote 11138511
12-09 07:50:02.102 W/audio_hw_generic( 1308): Not supplying enough data to HAL, expected position 11139565 , only wrote 11139172
12-09 07:50:02.254 W/audio_hw_generic( 1308): Not supplying enough data to HAL, expected position 11145872 , only wrote 11145121
12-09 07:50:02.261 W/audio_hw_generic( 1308): Not supplying enough data to HAL, expected position 11145444 , only wrote 11145121
12-09 07:50:02.297 I/System.out( 7375): URI: //map
12-09 07:50:02.297 I/System.out( 7375): params: {json={"query":"android.widget.EditText id:'odometer'","operation":{"method_name":"query","arguments":[]}}
12-09 07:50:02.297 I/System.out( 7375): }
12-09 07:50:02.416 W/ResourceType( 7375): No package identifier when getting name for resource number 0x00000001
12-09 07:50:02.521 I/System.out( 7375): URI: //gesture
12-09 07:50:02.521 I/System.out( 7375): params: {json={"query_timeout":5.0,"gestures":[{"query_string":"android.widget.EditText id:'odometer'","touches":[{"x":50,"y":50,"offset_x":0,"offset_y":0,"wait":0.0,"time":0.2,"release":true,"query_string":null}]}]}
12-09 07:50:02.521 I/System.out( 7375): }
12-09 07:50:02.545 W/ResourceType( 7375): No package identifier when getting name for resource number 0x00000001
12-09 07:50:02.609 W/audio_hw_generic( 1308): Not supplying enough data to HAL, expected position 11160469 , only wrote 11159002
12-09 07:50:02.609 W/audio_hw_generic( 1308): Not supplying enough data to HAL, expected position 11159008 , only wrote 11159002
12-09 07:50:02.665 W/audio_hw_generic( 1308): Not supplying enough data to HAL, expected position 11161475 , only wrote 11159663
12-09 07:50:02.684 W/audio_hw_generic( 1308): Hardware backing HAL too slow, could only write 0 of 661 frames
12-09 07:50:02.701 W/audio_hw_generic( 1308): Hardware backing HAL too slow, could only write 0 of 661 frames
12-09 07:50:02.717 W/audio_hw_generic( 1308): Hardware backing HAL too slow, could only write 0 of 661 frames
12-09 07:50:02.753 W/audio_hw_generic( 1308): Hardware backing HAL too slow, could only write 0 of 661 frames
12-09 07:50:02.828 W/audio_hw_generic( 1308): Not supplying enough data to HAL, expected position 11166857 , only wrote 11165612
12-09 07:50:02.828 W/audio_hw_generic( 1308): Not supplying enough data to HAL, expected position 11165619 , only wrote 11165612
12-09 07:50:02.843 W/audio_hw_generic( 1308): Hardware backing HAL too slow, could only write 0 of 661 frames
12-09 07:50:02.858 W/audio_hw_generic( 1308): Hardware backing HAL too slow, could only write 0 of 661 frames
12-09 07:50:02.894 W/audio_hw_generic( 1308): Hardware backing HAL too slow, could only write 0 of 661 frames
12-09 07:50:02.966 W/audio_hw_generic( 1308): Not supplying enough data to HAL, expected position 11171660 , only wrote 11171561
12-09 07:50:02.966 W/audio_hw_generic( 1308): Not supplying enough data to HAL, expected position 11171567 , only wrote 11171561
12-09 07:50:02.986 W/audio_hw_generic( 1308): Not supplying enough data to HAL, expected position 11172458 , only wrote 11172222
12-09 07:50:03.016 W/audio_hw_generic( 1308): Hardware backing HAL too slow, could only write 0 of 661 frames
12-09 07:50:03.262 W/audio_hw_generic( 1308): Not supplying enough data to HAL, expected position 11184371 , only wrote 11184120
12-09 07:50:03.472 W/audio_hw_generic( 1308): Not supplying enough data to HAL, expected position 11201662 , only wrote 11193374
12-09 07:50:03.550 I/System.out( 7375): URI: //
12-09 07:50:03.550 I/System.out( 7375): params: {json={"command":"set_selection","arguments":[-1,-1]}
12-09 07:50:03.550 I/System.out( 7375): }
12-09 07:50:03.550 I/System.out( 7375): header: {date=Sun, 09 Dec 2018 07:50:04 GMT, accept=*/*, content-length=47, host=127.0.0.1:34777, user-agent=HTTPClient/1.0 (2.8.3, ruby 2.3.1 (2016-04-26)), content-type=application/json;charset=utf-8}
12-09 07:50:03.550 I/System.out( 7375): params: {json={"command":"set_selection","arguments":[-1,-1]}
12-09 07:50:03.550 I/System.out( 7375): }
12-09 07:50:03.550 I/System.out( 7375): ProP json = {"command":"set_selection","arguments":[-1,-1]}
12-09 07:50:03.550 I/System.out( 7375): files: {}
12-09 07:50:03.550 I/System.out( 7375): command: {"command":"set_selection","arguments":[-1,-1]}
12-09 07:50:03.552 I/InstrumentationBackend( 7375): Got command:'Command:'Line:null,set_selection', arguments:'[-1, -1]'
12-09 07:50:03.558 I/System.out( 7375): result:{"bonusInformation":[],"message":"","success":true}
12-09 07:50:03.658 I/System.out( 7375): URI: //
12-09 07:50:03.661 I/System.out( 7375): params: {json={"command":"keyboard_enter_text","arguments":["000"]}
12-09 07:50:03.661 I/System.out( 7375): }
12-09 07:50:03.661 I/System.out( 7375): header: {date=Sun, 09 Dec 2018 07:50:04 GMT, accept=*/*, content-length=53, host=127.0.0.1:34777, user-agent=HTTPClient/1.0 (2.8.3, ruby 2.3.1 (2016-04-26)), content-type=application/json;charset=utf-8}
12-09 07:50:03.661 I/System.out( 7375): params: {json={"command":"keyboard_enter_text","arguments":["000"]}
12-09 07:50:03.661 I/System.out( 7375): }
12-09 07:50:03.661 I/System.out( 7375): ProP json = {"command":"keyboard_enter_text","arguments":["000"]}
12-09 07:50:03.661 I/System.out( 7375): files: {}
12-09 07:50:03.661 I/System.out( 7375): command: {"command":"keyboard_enter_text","arguments":["000"]}
12-09 07:50:03.662 I/InstrumentationBackend( 7375): Got command:'Command:'Line:null,keyboard_enter_text', arguments:'[000]'
12-09 07:50:03.663 E/SpannableStringBuilder( 7375): SPAN_EXCLUSIVE_EXCLUSIVE spans cannot have a zero length
12-09 07:50:03.663 E/SpannableStringBuilder( 7375): SPAN_EXCLUSIVE_EXCLUSIVE spans cannot have a zero length
12-09 07:50:03.712 E/SpannableStringBuilder( 7375): SPAN_EXCLUSIVE_EXCLUSIVE spans cannot have a zero length
12-09 07:50:03.712 E/SpannableStringBuilder( 7375): SPAN_EXCLUSIVE_EXCLUSIVE spans cannot have a zero length
12-09 07:50:03.723 I/System.out( 7375): result:{"bonusInformation":[],"message":"","success":true}
12-09 07:50:03.812 I/System.out( 7375): URI: //map
12-09 07:50:03.817 I/System.out( 7375): params: {json={"query":"android.widget.Button index:2","operation":{"method_name":"query","arguments":[]}}
12-09 07:50:03.817 I/System.out( 7375): }
12-09 07:50:04.007 I/System.out( 7375): URI: //gesture
12-09 07:50:04.007 I/System.out( 7375): params: {json={"query_timeout":5.0,"gestures":[{"query_string":"android.widget.Button index:2","touches":[{"x":50,"y":50,"offset_x":0,"offset_y":0,"wait":0.0,"time":0.2,"release":true,"query_string":null}]}]}
12-09 07:50:04.007 I/System.out( 7375): }
12-09 07:50:04.512 W/audio_hw_generic( 1308): Hardware backing HAL too slow, could only write 0 of 661 frames
12-09 07:50:04.571 I/art     ( 7375): Background sticky concurrent mark sweep GC freed 48870(2MB) AllocSpace objects, 2(40KB) LOS objects, 37% free, 2MB/4MB, paused 1.083ms total 142.182ms
12-09 07:50:04.788 W/audio_hw_generic( 1308): Not supplying enough data to HAL, expected position 11207786 , only wrote 11207255
12-09 07:50:04.806 W/audio_hw_generic( 1308): Not supplying enough data to HAL, expected position 11208059 , only wrote 11207916
12-09 07:50:04.806 W/audio_hw_generic( 1308): Not supplying enough data to HAL, expected position 11207923 , only wrote 11207916
12-09 07:50:04.822 W/audio_hw_generic( 1308): Not supplying enough data to HAL, expected position 11208602 , only wrote 11208577
12-09 07:50:04.822 W/audio_hw_generic( 1308): Hardware backing HAL too slow, could only write 0 of 661 frames
12-09 07:50:04.856 W/audio_hw_generic( 1308): Not supplying enough data to HAL, expected position 11210078 , only wrote 11209899
12-09 07:50:04.856 W/audio_hw_generic( 1308): Hardware backing HAL too slow, could only write 0 of 661 frames
12-09 07:50:04.877 W/audio_hw_generic( 1308): Hardware backing HAL too slow, could only write 0 of 661 frames
12-09 07:50:04.897 W/audio_hw_generic( 1308): Hardware backing HAL too slow, could only write 0 of 661 frames
12-09 07:50:04.913 W/audio_hw_generic( 1308): Hardware backing HAL too slow, could only write 0 of 661 frames
12-09 07:50:04.937 W/audio_hw_generic( 1308): Hardware backing HAL too slow, could only write 0 of 661 frames
12-09 07:50:04.937 W/audio_hw_generic( 1308): Hardware backing HAL too slow, could only write 0 of 661 frames
12-09 07:50:05.077 D/gralloc_ranchu( 1219): gralloc_alloc: Creating ashmem region of size 40960
12-09 07:50:05.116 E/SurfaceFlinger( 1219): ro.sf.lcd_density must be defined as a build property
12-09 07:50:05.201 W/audio_hw_generic( 1308): Not supplying enough data to HAL, expected position 11225135 , only wrote 11222458
