--------- beginning of main
12-09 08:25:18.933 W/audio_hw_generic( 1308): Hardware backing HAL too slow, could only write 0 of 661 frames
12-09 08:25:18.952 W/audio_hw_generic( 1308): Hardware backing HAL too slow, could only write 0 of 661 frames
12-09 08:25:18.966 W/audio_hw_generic( 1308): Hardware backing HAL too slow, could only write 0 of 661 frames
12-09 08:25:19.215 I/Choreographer( 1945): Skipped 114 frames!  The application may be doing too much work on its main thread.
12-09 08:25:19.217 W/audio_hw_generic( 1308): Not supplying enough data to HAL, expected position 31577789 , only wrote 31573987
12-09 08:25:19.217 W/audio_hw_generic( 1308): Not supplying enough data to HAL, expected position 31573994 , only wrote 31573987
12-09 08:25:19.278 W/audio_hw_generic( 1308): Hardware backing HAL too slow, could only write 0 of 661 frames
12-09 08:25:19.288 W/audio_hw_generic( 1308): Hardware backing HAL too slow, could only write 0 of 661 frames
12-09 08:25:19.300 W/audio_hw_generic( 1308): Hardware backing HAL too slow, could only write 0 of 661 frames
12-09 08:25:19.313 W/audio_hw_generic( 1308): Hardware backing HAL too slow, could only write 0 of 661 frames
12-09 08:25:19.345 W/audio_hw_generic( 1308): Hardware backing HAL too slow, could only write 0 of 661 frames
12-09 08:25:19.345 D/EGL_emulation( 1846): eglMakeCurrent: 0x7f9aed3a1140: ver 2 0 (tinfo 0x7f9ae181f7a0)
12-09 08:25:19.351 E/Surface ( 1846): getSlotFromBufferLocked: unknown buffer: 0x7f9ae91c8220
12-09 08:25:19.709 W/audio_hw_generic( 1308): Not supplying enough data to HAL, expected position 31616577 , only wrote 31595139
12-09 08:25:19.926 W/OpenGLRenderer( 1945): Incorrectly called buildLayer on View: ShortcutAndWidgetContainer, destroying layer...
12-09 08:25:20.079 D/AndroidRuntime(19349): >>>>>> START com.android.internal.os.RuntimeInit uid 0 <<<<<<
12-09 08:25:20.086 D/AndroidRuntime(19349): CheckJNI is ON
12-09 08:25:20.136 D/ICU     (19349): No timezone override file found: /data/misc/zoneinfo/current/icu/icu_tzdata.dat
12-09 08:25:20.723 E/memtrack(19349): Couldn't load memtrack module (No such file or directory)
12-09 08:25:20.723 E/android.os.Debug(19349): failed to load memtrack module: -2
12-09 08:25:20.724 I/Radio-JNI(19349): register_android_hardware_Radio DONE
12-09 08:25:20.742 D/AndroidRuntime(19349): Calling main entry com.android.commands.am.Am
--------- beginning of system
12-09 08:25:20.743 I/ActivityManager( 1593): Force stopping com.evancharlton.mileage appid=10143 user=0: start instr
12-09 08:25:20.889 I/ActivityManager( 1593): Start proc 19358:com.evancharlton.mileage/u0a143 for added application com.evancharlton.mileage
12-09 08:25:20.889 D/AndroidRuntime(19349): Shutting down VM
12-09 08:25:20.965 W/System  (19358): ClassLoader referenced unknown path: /data/app/com.evancharlton.mileage.test-1/lib/x86_64
12-09 08:25:20.965 W/System  (19358): ClassLoader referenced unknown path: /data/app/com.evancharlton.mileage-1/lib/x86_64
12-09 08:25:21.045 I/System.out(19358): Main activity name automatically set to: com.evancharlton.mileage.Mileage
12-09 08:25:21.046 I/System.out(19358): Calabash did not load Mono. This is only a problem if you are trying to test a Mono application
12-09 08:25:21.046 I/calabash(19358): Test server port: 7102
12-09 08:25:21.047 I/InstrumentationBackend(19358): Added:'GetPreferences', with key:'get_preferences'
12-09 08:25:21.066 I/InstrumentationBackend(19358): Added:'SetPreferences', with key:'set_preferences'
12-09 08:25:21.073 I/InstrumentationBackend(19358): Added:'ClearPreferences', with key:'clear_preferences'
12-09 08:25:21.073 I/InstrumentationBackend(19358): Added:'PressElement', with key:'press_l10n_element'
12-09 08:25:21.073 I/InstrumentationBackend(19358): Added:'WaitForElement', with key:'wait_for_l10n_element'
12-09 08:25:21.073 I/InstrumentationBackend(19358): Added:'NullAction', with key:'nullAction'
12-09 08:25:21.089 I/InstrumentationBackend(19358): Added:'PressKey', with key:'press_key'
12-09 08:25:21.089 I/InstrumentationBackend(19358): Added:'SetActivityOrientation', with key:'set_activity_orientation'
12-09 08:25:21.089 I/InstrumentationBackend(19358): Added:'GetActivityOrientation', with key:'get_activity_orientation'
12-09 08:25:21.089 I/InstrumentationBackend(19358): Added:'FakeGPSLocation', with key:'set_gps_coordinates'
12-09 08:25:21.089 I/InstrumentationBackend(19358): Added:'SetPropertyByCssSelector', with key:'set_property_by_css_selector'
12-09 08:25:21.090 I/InstrumentationBackend(19358): Added:'GetUrl', with key:'get_url'
12-09 08:25:21.090 I/InstrumentationBackend(19358): Added:'ScrollTo', with key:'scroll_to'
12-09 08:25:21.091 I/InstrumentationBackend(19358): Added:'GetLoadProgress', with key:'get_load_progress'
12-09 08:25:21.091 I/InstrumentationBackend(19358): Added:'DumpHtml', with key:'dump_html'
12-09 08:25:21.091 I/InstrumentationBackend(19358): Added:'DumpBodyHtml', with key:'dump_body_html'
12-09 08:25:21.091 I/InstrumentationBackend(19358): Added:'EnterTextByCssSelector', with key:'enter_text_by_selector'
12-09 08:25:21.096 I/InstrumentationBackend(19358): Added:'AndroidSDKVersion', with key:'android_sdk_version'
12-09 08:25:21.133 I/InstrumentationBackend(19358): Added:'Version', with key:'version'
12-09 08:25:21.133 I/InstrumentationBackend(19358): Added:'Drag', with key:'drag'
12-09 08:25:21.133 I/InstrumentationBackend(19358): Added:'TouchCoordinates', with key:'touch_coordinate'
12-09 08:25:21.133 I/InstrumentationBackend(19358): Added:'LongPressCoordinate', with key:'long_press_coordinate'
12-09 08:25:21.133 I/InstrumentationBackend(19358): Added:'DragCoordinates', with key:'drag_coordinates'
12-09 08:25:21.134 I/InstrumentationBackend(19358): Added:'ResumeApplication', with key:'resume_application'
12-09 08:25:21.134 I/InstrumentationBackend(19358): Added:'Swipe', with key:'swipe'
12-09 08:25:21.134 I/InstrumentationBackend(19358): Added:'DoubleTapCoordinate', with key:'double_tap_coordinate'
12-09 08:25:21.134 I/InstrumentationBackend(19358): Added:'ClickOnScreen', with key:'click_on_screen'
12-09 08:25:21.134 I/InstrumentationBackend(19358): Added:'GetActivityName', with key:'get_activity_name'
12-09 08:25:21.135 I/InstrumentationBackend(19358): Added:'ScrollToView', with key:'scroll_to_view'
12-09 08:25:21.135 I/InstrumentationBackend(19358): Added:'ViewConfiguration', with key:'view_configuration'
12-09 08:25:21.135 I/InstrumentationBackend(19358): Added:'IsCurrentActivityFocused', with key:'is_current_activity_focused'
12-09 08:25:21.135 I/InstrumentationBackend(19358): Added:'SendTcp', with key:'send_tcp'
12-09 08:25:21.135 I/InstrumentationBackend(19358): Added:'DpToDevicePixel', with key:'dp_to_device_pixel'
12-09 08:25:21.145 I/InstrumentationBackend(19358): Added:'KeyboardEnterText', with key:'keyboard_enter_text'
12-09 08:25:21.145 I/InstrumentationBackend(19358): Added:'DeleteSurroundingText', with key:'delete_surrounding_text'
12-09 08:25:21.145 I/InstrumentationBackend(19358): Added:'SetComposingRegion', with key:'set_composing_region'
12-09 08:25:21.146 I/InstrumentationBackend(19358): Added:'SetSelection', with key:'set_selection'
12-09 08:25:21.146 I/InstrumentationBackend(19358): Added:'KeyboardKeyEvent', with key:'keyboard_key_event'
12-09 08:25:21.146 I/InstrumentationBackend(19358): Added:'PressUserActionButton', with key:'press_user_action_button'
12-09 08:25:21.146 I/InstrumentationBackend(19358): Added:'HideSoftKeyboard', with key:'hide_soft_keyboard'
12-09 08:25:21.147 I/InstrumentationBackend(19358): Added:'ListActions', with key:'list_actions'
12-09 08:25:21.147 I/calabash(19358): Instantiating http server at 7102
12-09 08:25:21.150 I/System.out(19358): HTTP Daemon listening on: 7102
12-09 08:25:21.182 I/System.out(19358): URI: //ping
12-09 08:25:21.188 I/System.out(19358): params: {json={}
12-09 08:25:21.188 I/System.out(19358): }
12-09 08:25:21.293 I/System.out(19358): URI: //ping
12-09 08:25:21.293 I/System.out(19358): params: {json={}
12-09 08:25:21.293 I/System.out(19358): }
12-09 08:25:21.369 I/System.out(19358): URI: //ready
12-09 08:25:21.369 I/System.out(19358): params: {json={}
12-09 08:25:21.369 I/System.out(19358): }
12-09 08:25:21.435 I/System.out(19358): URI: //
12-09 08:25:21.435 I/System.out(19358): params: {json={"command":"version","arguments":[]}
12-09 08:25:21.435 I/System.out(19358): }
12-09 08:25:21.435 I/System.out(19358): header: {date=Sun, 09 Dec 2018 08:25:22 GMT, accept=*/*, content-length=36, host=127.0.0.1:34777, user-agent=HTTPClient/1.0 (2.8.3, ruby 2.3.1 (2016-04-26)), content-type=application/json;charset=utf-8}
12-09 08:25:21.435 I/System.out(19358): params: {json={"command":"version","arguments":[]}
12-09 08:25:21.435 I/System.out(19358): }
12-09 08:25:21.435 I/System.out(19358): ProP json = {"command":"version","arguments":[]}
12-09 08:25:21.436 I/System.out(19358): files: {}
12-09 08:25:21.436 I/System.out(19358): command: {"command":"version","arguments":[]}
12-09 08:25:21.446 I/InstrumentationBackend(19358): Got command:'Command:'Line:null,version', arguments:'[]'
12-09 08:25:21.467 I/System.out(19358): result:{"bonusInformation":[],"message":"0.9.8","success":true}
12-09 08:25:21.568 I/System.out(19358): URI: //start-application
12-09 08:25:21.569 I/System.out(19358): params: {json={"intent":null}
12-09 08:25:21.569 I/System.out(19358): }
12-09 08:25:21.641 I/ActivityManager( 1593): START u0 {act=android.intent.action.MAIN cat=[android.intent.category.LAUNCHER] flg=0x10200000 cmp=com.evancharlton.mileage/.Mileage} from uid 10143 on display 0
12-09 08:25:21.688 I/calabash(19358): newActivity1
12-09 08:25:21.733 I/calabash(19358): newActivity1
12-09 08:25:21.736 W/ActivityManager( 1593): Bad activity token: android.os.BinderProxy@4ace8e
12-09 08:25:21.736 W/ActivityManager( 1593): java.lang.ClassCastException: android.os.BinderProxy cannot be cast to com.android.server.am.ActivityRecord$Token
12-09 08:25:21.736 W/ActivityManager( 1593): 	at com.android.server.am.ActivityRecord.forTokenLocked(ActivityRecord.java:424)
12-09 08:25:21.736 W/ActivityManager( 1593): 	at com.android.server.am.ActivityRecord.isInStackLocked(ActivityRecord.java:1121)
12-09 08:25:21.736 W/ActivityManager( 1593): 	at com.android.server.am.ActivityRecord.getStackLocked(ActivityRecord.java:1126)
12-09 08:25:21.736 W/ActivityManager( 1593): 	at com.android.server.am.ActivityManagerService.getActivityDisplayId(ActivityManagerService.java:8889)
12-09 08:25:21.736 W/ActivityManager( 1593): 	at android.app.ActivityManagerNative.onTransact(ActivityManagerNative.java:2338)
12-09 08:25:21.736 W/ActivityManager( 1593): 	at com.android.server.am.ActivityManagerService.onTransact(ActivityManagerService.java:2443)
12-09 08:25:21.736 W/ActivityManager( 1593): 	at android.os.Binder.execTransact(Binder.java:453)
12-09 08:25:21.745 W/ActivityManager( 1593): Bad activity token: android.os.BinderProxy@4ace8e
12-09 08:25:21.745 W/ActivityManager( 1593): java.lang.ClassCastException: android.os.BinderProxy cannot be cast to com.android.server.am.ActivityRecord$Token
12-09 08:25:21.745 W/ActivityManager( 1593): 	at com.android.server.am.ActivityRecord.forTokenLocked(ActivityRecord.java:424)
12-09 08:25:21.745 W/ActivityManager( 1593): 	at com.android.server.am.ActivityRecord.isInStackLocked(ActivityRecord.java:1121)
12-09 08:25:21.745 W/ActivityManager( 1593): 	at com.android.server.am.ActivityManagerService.setTaskDescription(ActivityManagerService.java:8547)
12-09 08:25:21.745 W/ActivityManager( 1593): 	at android.app.ActivityManagerNative.onTransact(ActivityManagerNative.java:2410)
12-09 08:25:21.745 W/ActivityManager( 1593): 	at com.android.server.am.ActivityManagerService.onTransact(ActivityManagerService.java:2443)
12-09 08:25:21.745 W/ActivityManager( 1593): 	at android.os.Binder.execTransact(Binder.java:453)
12-09 08:25:21.831 D/gralloc_ranchu( 1224): gralloc_alloc: Creating ashmem region of size 3686400
12-09 08:25:21.861 W/ActivityManager( 1593): Bad activity token: android.os.BinderProxy@4ace8e
12-09 08:25:21.861 W/ActivityManager( 1593): java.lang.ClassCastException: android.os.BinderProxy cannot be cast to com.android.server.am.ActivityRecord$Token
12-09 08:25:21.861 W/ActivityManager( 1593): 	at com.android.server.am.ActivityRecord.forTokenLocked(ActivityRecord.java:424)
12-09 08:25:21.861 W/ActivityManager( 1593): 	at com.android.server.am.ActivityRecord.isInStackLocked(ActivityRecord.java:1121)
12-09 08:25:21.861 W/ActivityManager( 1593): 	at com.android.server.am.ActivityManagerService.getActivityOptions(ActivityManagerService.java:11038)
12-09 08:25:21.861 W/ActivityManager( 1593): 	at android.app.ActivityManagerNative.onTransact(ActivityManagerNative.java:1734)
12-09 08:25:21.861 W/ActivityManager( 1593): 	at com.android.server.am.ActivityManagerService.onTransact(ActivityManagerService.java:2443)
12-09 08:25:21.861 W/ActivityManager( 1593): 	at android.os.Binder.execTransact(Binder.java:453)
12-09 08:25:21.862 W/ActivityManager( 1593): Bad activity token: android.os.BinderProxy@4ace8e
12-09 08:25:21.862 W/ActivityManager( 1593): java.lang.ClassCastException: android.os.BinderProxy cannot be cast to com.android.server.am.ActivityRecord$Token
12-09 08:25:21.862 W/ActivityManager( 1593): 	at com.android.server.am.ActivityRecord.forTokenLocked(ActivityRecord.java:424)
12-09 08:25:21.862 W/ActivityManager( 1593): 	at com.android.server.am.ActivityRecord.isInStackLocked(ActivityRecord.java:1121)
12-09 08:25:21.862 W/ActivityManager( 1593): 	at com.android.server.am.ActivityManagerService.getActivityOptions(ActivityManagerService.java:11038)
12-09 08:25:21.862 W/ActivityManager( 1593): 	at android.app.ActivityManagerNative.onTransact(ActivityManagerNative.java:1734)
12-09 08:25:21.862 W/ActivityManager( 1593): 	at com.android.server.am.ActivityManagerService.onTransact(ActivityManagerService.java:2443)
12-09 08:25:21.862 W/ActivityManager( 1593): 	at android.os.Binder.execTransact(Binder.java:453)
12-09 08:25:21.997 W/art     (19358): Suspending all threads took: 21.886ms
12-09 08:25:22.010 I/art     (19358): Background partial concurrent mark sweep GC freed 1230(115KB) AllocSpace objects, 1(20KB) LOS objects, 40% free, 1833KB/2MB, paused 22.983ms total 73.113ms
12-09 08:25:22.037 D/EGL_emulation( 1945): eglMakeCurrent: 0x7f9aed3a1d20: ver 2 0 (tinfo 0x7f9aed3828e0)
12-09 08:25:22.038 E/Surface ( 1945): getSlotFromBufferLocked: unknown buffer: 0x7f9ae98b64e0
12-09 08:25:22.053 V/PhoneStatusBar(16097): setLightsOn(true)
12-09 08:25:22.193 D/gralloc_ranchu( 1224): gralloc_alloc: Creating ashmem region of size 3686400
12-09 08:25:22.288 D/        (19358): HostConnection::get() New Host Connection established 0x7f9aed1dd020, tid 19358
12-09 08:25:22.891 W/art     ( 1593): Long monitor contention event with owner method=void com.android.server.wm.WindowAnimator$1.doFrame(long) from WindowAnimator.java:121 waiters=1 for 156ms
12-09 08:25:23.106 W/art     ( 1593): Long monitor contention event with owner method=void com.android.server.wm.WindowAnimator$1.doFrame(long) from WindowAnimator.java:121 waiters=1 for 216ms
12-09 08:25:23.231 W/art     ( 1593): Long monitor contention event with owner method=void com.android.server.wm.WindowAnimator$1.doFrame(long) from WindowAnimator.java:121 waiters=1 for 251ms
12-09 08:25:23.231 W/art     ( 1593): Long monitor contention event with owner method=java.util.List com.android.server.am.ActivityManagerService.getAllStackInfos() from ActivityManagerService.java:8937 waiters=0 for 545ms
12-09 08:25:23.243 I/ActivityManager( 1593): Displayed com.evancharlton.mileage/.Mileage: +1s577ms
12-09 08:25:23.328 W/InputMethodManagerService( 1593): Got RemoteException sending setActive(false) notification to pid 19277 uid 10143
12-09 08:25:23.343 D/gralloc_ranchu( 1224): gralloc_alloc: Creating ashmem region of size 3686400
12-09 08:25:23.857 D/gralloc_ranchu( 1224): gralloc_alloc: Creating ashmem region of size 3686400
12-09 08:25:25.090 I/System.out(19358): URI: //map
12-09 08:25:25.090 I/System.out(19358): params: {json={"query":"android.widget.EditText id:'price'","operation":{"method_name":"query","arguments":[]}}
12-09 08:25:25.090 I/System.out(19358): }
12-09 08:25:25.157 W/art     (19358): Suspending all threads took: 7.802ms
12-09 08:25:25.193 I/art     (19358): Background sticky concurrent mark sweep GC freed 25406(1153KB) AllocSpace objects, 2(40KB) LOS objects, 30% free, 2MB/2MB, paused 12.584ms total 87.803ms
12-09 08:25:25.202 W/ResourceType(19358): No package identifier when getting name for resource number 0x00000001
12-09 08:25:25.235 W/art     (19358): Suspending all threads took: 6.170ms
12-09 08:25:25.313 I/art     (19358): Background sticky concurrent mark sweep GC freed 26887(1165KB) AllocSpace objects, 0(0B) LOS objects, 12% free, 2MB/2MB, paused 12.311ms total 67.382ms
12-09 08:25:25.336 I/System.out(19358): URI: //gesture
12-09 08:25:25.337 I/System.out(19358): params: {json={"query_timeout":5.0,"gestures":[{"query_string":"android.widget.EditText id:'price'","touches":[{"x":50,"y":50,"offset_x":0,"offset_y":0,"wait":0.0,"time":0.2,"release":true,"query_string":null}]}]}
12-09 08:25:25.337 I/System.out(19358): }
12-09 08:25:25.370 W/ResourceType(19358): No package identifier when getting name for resource number 0x00000001
12-09 08:25:25.508 I/art     (19358): Background sticky concurrent mark sweep GC freed 20982(979KB) AllocSpace objects, 2(40KB) LOS objects, 22% free, 2MB/2MB, paused 1.387ms total 136.243ms
12-09 08:25:26.017 I/LatinIME( 1846): Starting input. Cursor position = 0,0
12-09 08:25:26.371 I/Choreographer(19358): Skipped 35 frames!  The application may be doing too much work on its main thread.
12-09 08:25:26.388 I/art     (19358): Background partial concurrent mark sweep GC freed 31263(1608KB) AllocSpace objects, 3(60KB) LOS objects, 39% free, 2MB/3MB, paused 1.009ms total 308.908ms
12-09 08:25:26.725 D/EGL_emulation( 1846): eglMakeCurrent: 0x7f9aed3a1140: ver 2 0 (tinfo 0x7f9ae181f7a0)
12-09 08:25:26.902 I/System.out(19358): URI: //
12-09 08:25:26.902 I/System.out(19358): params: {json={"command":"set_selection","arguments":[-1,-1]}
12-09 08:25:26.902 I/System.out(19358): }
12-09 08:25:26.902 I/System.out(19358): header: {date=Sun, 09 Dec 2018 08:25:27 GMT, accept=*/*, content-length=47, host=127.0.0.1:34777, user-agent=HTTPClient/1.0 (2.8.3, ruby 2.3.1 (2016-04-26)), content-type=application/json;charset=utf-8}
12-09 08:25:26.902 I/System.out(19358): params: {json={"command":"set_selection","arguments":[-1,-1]}
12-09 08:25:26.902 I/System.out(19358): }
12-09 08:25:26.902 I/System.out(19358): ProP json = {"command":"set_selection","arguments":[-1,-1]}
12-09 08:25:26.902 I/System.out(19358): files: {}
12-09 08:25:26.902 I/System.out(19358): command: {"command":"set_selection","arguments":[-1,-1]}
12-09 08:25:26.903 I/InstrumentationBackend(19358): Got command:'Command:'Line:null,set_selection', arguments:'[-1, -1]'
12-09 08:25:27.182 I/System.out(19358): result:{"bonusInformation":[],"message":"","success":true}
12-09 08:25:27.541 I/System.out(19358): URI: //
12-09 08:25:27.541 I/System.out(19358): params: {json={"command":"keyboard_enter_text","arguments":["23"]}
12-09 08:25:27.541 I/System.out(19358): }
12-09 08:25:27.541 I/System.out(19358): header: {date=Sun, 09 Dec 2018 08:25:28 GMT, accept=*/*, content-length=52, host=127.0.0.1:34777, user-agent=HTTPClient/1.0 (2.8.3, ruby 2.3.1 (2016-04-26)), content-type=application/json;charset=utf-8}
12-09 08:25:27.541 I/System.out(19358): params: {json={"command":"keyboard_enter_text","arguments":["23"]}
12-09 08:25:27.541 I/System.out(19358): }
12-09 08:25:27.541 I/System.out(19358): ProP json = {"command":"keyboard_enter_text","arguments":["23"]}
12-09 08:25:27.541 I/System.out(19358): files: {}
12-09 08:25:27.541 I/System.out(19358): command: {"command":"keyboard_enter_text","arguments":["23"]}
12-09 08:25:27.542 I/InstrumentationBackend(19358): Got command:'Command:'Line:null,keyboard_enter_text', arguments:'[23]'
12-09 08:25:27.709 E/SpannableStringBuilder(19358): SPAN_EXCLUSIVE_EXCLUSIVE spans cannot have a zero length
12-09 08:25:27.712 E/SpannableStringBuilder(19358): SPAN_EXCLUSIVE_EXCLUSIVE spans cannot have a zero length
12-09 08:25:27.743 E/SpannableStringBuilder(19358): SPAN_EXCLUSIVE_EXCLUSIVE spans cannot have a zero length
12-09 08:25:27.743 E/SpannableStringBuilder(19358): SPAN_EXCLUSIVE_EXCLUSIVE spans cannot have a zero length
12-09 08:25:27.770 I/System.out(19358): result:{"bonusInformation":[],"message":"","success":true}
12-09 08:25:27.829 I/art     (19358): Background sticky concurrent mark sweep GC freed 27550(1254KB) AllocSpace objects, 5(100KB) LOS objects, 35% free, 2MB/3MB, paused 5.305ms total 81.392ms
12-09 08:25:28.368 E/SurfaceFlinger( 1224): ro.sf.lcd_density must be defined as a build property
12-09 08:25:28.419 D/gralloc_ranchu( 1224): gralloc_alloc: Creating ashmem region of size 3686400
12-09 08:25:28.476 D/        (19390): HostConnection::get() New Host Connection established 0x7f5348292480, tid 19390
12-09 08:25:28.501 E/EGL_emulation( 1224): tid 1224: eglCreateSyncKHR(1881): error 0x3004 (EGL_BAD_ATTRIBUTE)
12-09 08:25:29.337 I/System.out(19358): URI: //map
12-09 08:25:29.337 I/System.out(19358): params: {json={"query":"android.widget.EditText id:'volume'","operation":{"method_name":"query","arguments":[]}}
12-09 08:25:29.337 I/System.out(19358): }
12-09 08:25:29.414 W/ResourceType(19358): No package identifier when getting name for resource number 0x00000001
12-09 08:25:29.487 I/art     (19358): Background sticky concurrent mark sweep GC freed 37983(1612KB) AllocSpace objects, 2(40KB) LOS objects, 22% free, 2MB/3MB, paused 8.707ms total 60.858ms
12-09 08:25:29.545 I/System.out(19358): URI: //gesture
12-09 08:25:29.545 I/System.out(19358): params: {json={"query_timeout":5.0,"gestures":[{"query_string":"android.widget.EditText id:'volume'","touches":[{"x":50,"y":50,"offset_x":0,"offset_y":0,"wait":0.0,"time":0.2,"release":true,"query_string":null}]}]}
12-09 08:25:29.545 I/System.out(19358): }
12-09 08:25:29.577 W/ResourceType(19358): No package identifier when getting name for resource number 0x00000001
12-09 08:25:30.109 I/LatinIME( 1846): Starting input. Cursor position = 0,0
12-09 08:25:30.171 I/art     (19358): Background sticky concurrent mark sweep GC freed 29480(1407KB) AllocSpace objects, 0(0B) LOS objects, 30% free, 2MB/3MB, paused 6.484ms total 85.187ms
12-09 08:25:30.761 I/System.out(19358): URI: //
12-09 08:25:30.761 I/System.out(19358): params: {json={"command":"set_selection","arguments":[-1,-1]}
12-09 08:25:30.761 I/System.out(19358): }
12-09 08:25:30.761 I/System.out(19358): header: {date=Sun, 09 Dec 2018 08:25:31 GMT, accept=*/*, content-length=47, host=127.0.0.1:34777, user-agent=HTTPClient/1.0 (2.8.3, ruby 2.3.1 (2016-04-26)), content-type=application/json;charset=utf-8}
12-09 08:25:30.761 I/System.out(19358): params: {json={"command":"set_selection","arguments":[-1,-1]}
12-09 08:25:30.761 I/System.out(19358): }
12-09 08:25:30.762 I/System.out(19358): ProP json = {"command":"set_selection","arguments":[-1,-1]}
12-09 08:25:30.762 I/System.out(19358): files: {}
12-09 08:25:30.762 I/System.out(19358): command: {"command":"set_selection","arguments":[-1,-1]}
12-09 08:25:30.763 I/InstrumentationBackend(19358): Got command:'Command:'Line:null,set_selection', arguments:'[-1, -1]'
12-09 08:25:30.777 I/System.out(19358): result:{"bonusInformation":[],"message":"","success":true}
12-09 08:25:30.929 I/System.out(19358): URI: //
12-09 08:25:30.930 I/System.out(19358): params: {json={"command":"keyboard_enter_text","arguments":["49"]}
12-09 08:25:30.930 I/System.out(19358): }
12-09 08:25:30.930 I/System.out(19358): header: {date=Sun, 09 Dec 2018 08:25:31 GMT, accept=*/*, content-length=52, host=127.0.0.1:34777, user-agent=HTTPClient/1.0 (2.8.3, ruby 2.3.1 (2016-04-26)), content-type=application/json;charset=utf-8}
12-09 08:25:30.930 I/System.out(19358): params: {json={"command":"keyboard_enter_text","arguments":["49"]}
12-09 08:25:30.930 I/System.out(19358): }
12-09 08:25:30.930 I/System.out(19358): ProP json = {"command":"keyboard_enter_text","arguments":["49"]}
12-09 08:25:30.930 I/System.out(19358): files: {}
12-09 08:25:30.930 I/System.out(19358): command: {"command":"keyboard_enter_text","arguments":["49"]}
12-09 08:25:30.949 I/InstrumentationBackend(19358): Got command:'Command:'Line:null,keyboard_enter_text', arguments:'[49]'
12-09 08:25:30.957 E/SpannableStringBuilder(19358): SPAN_EXCLUSIVE_EXCLUSIVE spans cannot have a zero length
12-09 08:25:30.957 E/SpannableStringBuilder(19358): SPAN_EXCLUSIVE_EXCLUSIVE spans cannot have a zero length
12-09 08:25:31.000 E/SpannableStringBuilder(19358): SPAN_EXCLUSIVE_EXCLUSIVE spans cannot have a zero length
12-09 08:25:31.000 E/SpannableStringBuilder(19358): SPAN_EXCLUSIVE_EXCLUSIVE spans cannot have a zero length
12-09 08:25:31.006 I/System.out(19358): result:{"bonusInformation":[],"message":"","success":true}
12-09 08:25:31.517 E/SurfaceFlinger( 1224): ro.sf.lcd_density must be defined as a build property
12-09 08:25:31.552 D/gralloc_ranchu( 1224): gralloc_alloc: Creating ashmem region of size 3686400
12-09 08:25:31.622 D/        (19400): HostConnection::get() New Host Connection established 0x7fe3f20d2480, tid 19400
12-09 08:25:31.644 E/EGL_emulation( 1224): tid 1224: eglCreateSyncKHR(1881): error 0x3004 (EGL_BAD_ATTRIBUTE)
12-09 08:25:32.631 I/System.out(19358): URI: //map
12-09 08:25:32.631 I/System.out(19358): params: {json={"query":"android.widget.EditText id:'odometer'","operation":{"method_name":"query","arguments":[]}}
12-09 08:25:32.631 I/System.out(19358): }
12-09 08:25:32.660 W/ResourceType(19358): No package identifier when getting name for resource number 0x00000001
12-09 08:25:32.813 I/System.out(19358): URI: //gesture
12-09 08:25:32.813 I/System.out(19358): params: {json={"query_timeout":5.0,"gestures":[{"query_string":"android.widget.EditText id:'odometer'","touches":[{"x":50,"y":50,"offset_x":0,"offset_y":0,"wait":0.0,"time":0.2,"release":true,"query_string":null}]}]}
12-09 08:25:32.813 I/System.out(19358): }
12-09 08:25:32.832 I/art     (19358): Background sticky concurrent mark sweep GC freed 57430(2MB) AllocSpace objects, 3(60KB) LOS objects, 7% free, 3MB/3MB, paused 1.964ms total 164.390ms
12-09 08:25:32.847 W/ResourceType(19358): No package identifier when getting name for resource number 0x00000001
12-09 08:25:33.270 I/LatinIME( 1846): Starting input. Cursor position = 0,0
12-09 08:25:33.881 I/System.out(19358): URI: //
12-09 08:25:33.881 I/System.out(19358): params: {json={"command":"set_selection","arguments":[-1,-1]}
12-09 08:25:33.881 I/System.out(19358): }
12-09 08:25:33.881 I/System.out(19358): header: {date=Sun, 09 Dec 2018 08:25:34 GMT, accept=*/*, content-length=47, host=127.0.0.1:34777, user-agent=HTTPClient/1.0 (2.8.3, ruby 2.3.1 (2016-04-26)), content-type=application/json;charset=utf-8}
12-09 08:25:33.881 I/System.out(19358): params: {json={"command":"set_selection","arguments":[-1,-1]}
12-09 08:25:33.881 I/System.out(19358): }
12-09 08:25:33.881 I/System.out(19358): ProP json = {"command":"set_selection","arguments":[-1,-1]}
12-09 08:25:33.881 I/System.out(19358): files: {}
12-09 08:25:33.881 I/System.out(19358): command: {"command":"set_selection","arguments":[-1,-1]}
12-09 08:25:33.882 I/InstrumentationBackend(19358): Got command:'Command:'Line:null,set_selection', arguments:'[-1, -1]'
12-09 08:25:33.894 I/System.out(19358): result:{"bonusInformation":[],"message":"","success":true}
12-09 08:25:33.994 I/System.out(19358): URI: //
12-09 08:25:33.994 I/System.out(19358): params: {json={"command":"keyboard_enter_text","arguments":["12"]}
12-09 08:25:33.994 I/System.out(19358): }
12-09 08:25:33.994 I/System.out(19358): header: {date=Sun, 09 Dec 2018 08:25:34 GMT, accept=*/*, content-length=52, host=127.0.0.1:34777, user-agent=HTTPClient/1.0 (2.8.3, ruby 2.3.1 (2016-04-26)), content-type=application/json;charset=utf-8}
12-09 08:25:33.994 I/System.out(19358): params: {json={"command":"keyboard_enter_text","arguments":["12"]}
12-09 08:25:33.994 I/System.out(19358): }
12-09 08:25:33.994 I/System.out(19358): ProP json = {"command":"keyboard_enter_text","arguments":["12"]}
12-09 08:25:33.994 I/System.out(19358): files: {}
12-09 08:25:33.994 I/System.out(19358): command: {"command":"keyboard_enter_text","arguments":["12"]}
12-09 08:25:33.995 I/InstrumentationBackend(19358): Got command:'Command:'Line:null,keyboard_enter_text', arguments:'[12]'
12-09 08:25:33.996 E/SpannableStringBuilder(19358): SPAN_EXCLUSIVE_EXCLUSIVE spans cannot have a zero length
12-09 08:25:33.996 E/SpannableStringBuilder(19358): SPAN_EXCLUSIVE_EXCLUSIVE spans cannot have a zero length
12-09 08:25:34.006 E/SpannableStringBuilder(19358): SPAN_EXCLUSIVE_EXCLUSIVE spans cannot have a zero length
12-09 08:25:34.006 E/SpannableStringBuilder(19358): SPAN_EXCLUSIVE_EXCLUSIVE spans cannot have a zero length
12-09 08:25:34.027 I/System.out(19358): result:{"bonusInformation":[],"message":"","success":true}
12-09 08:25:34.444 E/SurfaceFlinger( 1224): ro.sf.lcd_density must be defined as a build property
12-09 08:25:34.445 D/gralloc_ranchu( 1224): gralloc_alloc: Creating ashmem region of size 3686400
12-09 08:25:34.467 D/        (19410): HostConnection::get() New Host Connection established 0x7f33b3d12480, tid 19410
12-09 08:25:34.486 E/EGL_emulation( 1224): tid 1224: eglCreateSyncKHR(1881): error 0x3004 (EGL_BAD_ATTRIBUTE)
12-09 08:25:36.302 I/System.out(19358): URI: //map
12-09 08:25:36.302 I/System.out(19358): params: {json={"query":"android.widget.Button index:2","operation":{"method_name":"query","arguments":[]}}
12-09 08:25:36.302 I/System.out(19358): }
12-09 08:25:36.506 I/System.out(19358): URI: //gesture
12-09 08:25:36.506 I/System.out(19358): params: {json={"query_timeout":5.0,"gestures":[{"query_string":"android.widget.Button index:2","touches":[{"x":50,"y":50,"offset_x":0,"offset_y":0,"wait":0.0,"time":0.2,"release":true,"query_string":null}]}]}
12-09 08:25:36.506 I/System.out(19358): }
12-09 08:25:36.861 D/AndroidRuntime(19358): Shutting down VM
--------- beginning of crash
12-09 08:25:36.862 E/AndroidRuntime(19358): FATAL EXCEPTION: main
12-09 08:25:36.862 E/AndroidRuntime(19358): Process: com.evancharlton.mileage, PID: 19358
12-09 08:25:36.862 E/AndroidRuntime(19358): java.lang.NullPointerException: Attempt to invoke virtual method 'long com.evancharlton.mileage.views.DateButton.getTimestamp()' on a null object reference
12-09 08:25:36.862 E/AndroidRuntime(19358): 	at com.evancharlton.mileage.FillupActivity.setFields(FillupActivity.java:383)
12-09 08:25:36.862 E/AndroidRuntime(19358): 	at com.evancharlton.mileage.BaseFormActivity$1.onClick(BaseFormActivity.java:53)
12-09 08:25:36.862 E/AndroidRuntime(19358): 	at android.view.View.performClick(View.java:5198)
12-09 08:25:36.862 E/AndroidRuntime(19358): 	at android.view.View$PerformClick.run(View.java:21147)
12-09 08:25:36.862 E/AndroidRuntime(19358): 	at android.os.Handler.handleCallback(Handler.java:739)
12-09 08:25:36.862 E/AndroidRuntime(19358): 	at android.os.Handler.dispatchMessage(Handler.java:95)
12-09 08:25:36.862 E/AndroidRuntime(19358): 	at android.os.Looper.loop(Looper.java:148)
12-09 08:25:36.862 E/AndroidRuntime(19358): 	at android.app.ActivityThread.main(ActivityThread.java:5417)
12-09 08:25:36.862 E/AndroidRuntime(19358): 	at java.lang.reflect.Method.invoke(Native Method)
12-09 08:25:36.862 E/AndroidRuntime(19358): 	at com.android.internal.os.ZygoteInit$MethodAndArgsCaller.run(ZygoteInit.java:726)
12-09 08:25:36.862 E/AndroidRuntime(19358): 	at com.android.internal.os.ZygoteInit.main(ZygoteInit.java:616)
12-09 08:25:36.886 W/ActivityManager( 1593): Error in app com.evancharlton.mileage running instrumentation ComponentInfo{com.evancharlton.mileage.test/sh.calaba.instrumentationbackend.CalabashInstrumentationTestRunner}:
12-09 08:25:36.886 W/ActivityManager( 1593):   java.lang.NullPointerException
12-09 08:25:36.886 W/ActivityManager( 1593):   java.lang.NullPointerException: Attempt to invoke virtual method 'long com.evancharlton.mileage.views.DateButton.getTimestamp()' on a null object reference
12-09 08:25:36.886 I/ActivityManager( 1593): Force stopping com.evancharlton.mileage appid=10143 user=0: finished inst
12-09 08:25:36.887 I/ActivityManager( 1593): Killing 19358:com.evancharlton.mileage/u0a143 (adj 0): stop com.evancharlton.mileage
12-09 08:25:36.898 D/AudioFlinger( 1308): mixer(0xf4340000) throttle end: throttle time(11)
12-09 08:25:36.957 W/InputDispatcher( 1593): channel '329459a com.evancharlton.mileage/com.evancharlton.mileage.Mileage (server)' ~ Consumer closed input channel or an error occurred.  events=0x9
12-09 08:25:36.957 E/InputDispatcher( 1593): channel '329459a com.evancharlton.mileage/com.evancharlton.mileage.Mileage (server)' ~ Channel is unrecoverably broken and will be disposed!
12-09 08:25:36.967 W/audio_hw_generic( 1308): Hardware backing HAL too slow, could only write 0 of 661 frames
12-09 08:25:36.981 W/ActivityManager( 1593): Force removing ActivityRecord{accab24 u0 com.evancharlton.mileage/.Mileage t496}: app died, no saved state
12-09 08:25:37.016 W/InputDispatcher( 1593): Attempted to unregister already unregistered input channel '329459a com.evancharlton.mileage/com.evancharlton.mileage.Mileage (server)'
12-09 08:25:37.019 W/WindowManager( 1593): Failed looking up window
12-09 08:25:37.019 W/WindowManager( 1593): java.lang.IllegalArgumentException: Requested window android.os.BinderProxy@6ee7a45 does not exist
12-09 08:25:37.019 W/WindowManager( 1593): 	at com.android.server.wm.WindowManagerService.windowForClientLocked(WindowManagerService.java:8733)
12-09 08:25:37.019 W/WindowManager( 1593): 	at com.android.server.wm.WindowManagerService.windowForClientLocked(WindowManagerService.java:8724)
12-09 08:25:37.019 W/WindowManager( 1593): 	at com.android.server.wm.WindowState$DeathRecipient.binderDied(WindowState.java:1209)
12-09 08:25:37.019 W/WindowManager( 1593): 	at android.os.BinderProxy.sendDeathNotice(Binder.java:558)
12-09 08:25:37.019 I/WindowState( 1593): WIN DEATH: null
12-09 08:25:37.120 W/audio_hw_generic( 1308): Not supplying enough data to HAL, expected position 31605199 , only wrote 31605054
12-09 08:25:37.121 W/audio_hw_generic( 1308): Not supplying enough data to HAL, expected position 31605077 , only wrote 31605054
12-09 08:25:37.137 W/audio_hw_generic( 1308): Not supplying enough data to HAL, expected position 31605763 , only wrote 31605715
