--------- beginning of main
12-09 08:11:36.796 D/AndroidRuntime(13999): >>>>>> START com.android.internal.os.RuntimeInit uid 0 <<<<<<
12-09 08:11:36.818 D/AndroidRuntime(13999): CheckJNI is ON
12-09 08:11:36.851 D/ICU     (13999): No timezone override file found: /data/misc/zoneinfo/current/icu/icu_tzdata.dat
12-09 08:11:37.160 E/memtrack(13999): Couldn't load memtrack module (No such file or directory)
12-09 08:11:37.160 E/android.os.Debug(13999): failed to load memtrack module: -2
12-09 08:11:37.161 I/Radio-JNI(13999): register_android_hardware_Radio DONE
12-09 08:11:37.174 D/AndroidRuntime(13999): Calling main entry com.android.commands.am.Am
--------- beginning of system
12-09 08:11:37.207 I/ActivityManager( 1591): Force stopping com.evancharlton.mileage appid=10133 user=0: start instr
12-09 08:11:37.207 I/ActivityManager( 1591): Killing 13982:com.evancharlton.mileage/u0a133 (adj 0): stop com.evancharlton.mileage
12-09 08:11:37.262 W/ActivityManager( 1591): Crash of app com.evancharlton.mileage running instrumentation ComponentInfo{com.evancharlton.mileage.test/sh.calaba.instrumentationbackend.ClearAppData2}
12-09 08:11:37.262 I/ActivityManager( 1591): Force stopping com.evancharlton.mileage appid=10133 user=0: finished inst
12-09 08:11:37.328 I/ActivityManager( 1591): Start proc 14008:com.evancharlton.mileage/u0a133 for added application com.evancharlton.mileage
12-09 08:11:37.329 D/AndroidRuntime(13999): Shutting down VM
12-09 08:11:37.330 W/ActivityManager( 1591): Spurious death for ProcessRecord{87f733b 0:com.evancharlton.mileage/u0a133}, curProc for 13982: null
12-09 08:11:37.331 W/art     ( 1591): Long monitor contention event with owner method=boolean com.android.server.am.ActivityManagerService.startInstrumentation(android.content.ComponentName, java.lang.String, int, android.os.Bundle, android.app.IInstrumentationWatcher, android.app.IUiAutomationConnection, int, java.lang.String) from ActivityManagerService.java:17066 waiters=2 for 102ms
12-09 08:11:37.553 W/System  (14008): ClassLoader referenced unknown path: /data/app/com.evancharlton.mileage.test-1/lib/x86_64
12-09 08:11:37.553 W/System  (14008): ClassLoader referenced unknown path: /data/app/com.evancharlton.mileage-1/lib/x86_64
12-09 08:11:37.674 I/System.out(14008): Main activity name automatically set to: com.evancharlton.mileage.Mileage
12-09 08:11:37.674 I/System.out(14008): Calabash did not load Mono. This is only a problem if you are trying to test a Mono application
12-09 08:11:37.674 I/calabash(14008): Test server port: 7102
12-09 08:11:37.675 I/InstrumentationBackend(14008): Added:'GetPreferences', with key:'get_preferences'
12-09 08:11:37.721 I/InstrumentationBackend(14008): Added:'SetPreferences', with key:'set_preferences'
12-09 08:11:37.758 I/InstrumentationBackend(14008): Added:'ClearPreferences', with key:'clear_preferences'
12-09 08:11:37.758 I/InstrumentationBackend(14008): Added:'PressElement', with key:'press_l10n_element'
12-09 08:11:37.759 I/InstrumentationBackend(14008): Added:'WaitForElement', with key:'wait_for_l10n_element'
12-09 08:11:37.759 I/InstrumentationBackend(14008): Added:'NullAction', with key:'nullAction'
12-09 08:11:37.759 I/InstrumentationBackend(14008): Added:'PressKey', with key:'press_key'
12-09 08:11:37.759 I/InstrumentationBackend(14008): Added:'SetActivityOrientation', with key:'set_activity_orientation'
12-09 08:11:37.760 I/InstrumentationBackend(14008): Added:'GetActivityOrientation', with key:'get_activity_orientation'
12-09 08:11:37.760 I/InstrumentationBackend(14008): Added:'FakeGPSLocation', with key:'set_gps_coordinates'
12-09 08:11:37.760 I/InstrumentationBackend(14008): Added:'SetPropertyByCssSelector', with key:'set_property_by_css_selector'
12-09 08:11:37.760 I/InstrumentationBackend(14008): Added:'GetUrl', with key:'get_url'
12-09 08:11:37.770 I/InstrumentationBackend(14008): Added:'ScrollTo', with key:'scroll_to'
12-09 08:11:37.774 I/InstrumentationBackend(14008): Added:'GetLoadProgress', with key:'get_load_progress'
12-09 08:11:37.774 I/InstrumentationBackend(14008): Added:'DumpHtml', with key:'dump_html'
12-09 08:11:37.774 I/InstrumentationBackend(14008): Added:'DumpBodyHtml', with key:'dump_body_html'
12-09 08:11:37.774 I/InstrumentationBackend(14008): Added:'EnterTextByCssSelector', with key:'enter_text_by_selector'
12-09 08:11:37.775 I/InstrumentationBackend(14008): Added:'AndroidSDKVersion', with key:'android_sdk_version'
12-09 08:11:37.775 I/InstrumentationBackend(14008): Added:'Version', with key:'version'
12-09 08:11:37.775 I/InstrumentationBackend(14008): Added:'Drag', with key:'drag'
12-09 08:11:37.776 I/InstrumentationBackend(14008): Added:'TouchCoordinates', with key:'touch_coordinate'
12-09 08:11:37.776 I/InstrumentationBackend(14008): Added:'LongPressCoordinate', with key:'long_press_coordinate'
12-09 08:11:37.776 I/InstrumentationBackend(14008): Added:'DragCoordinates', with key:'drag_coordinates'
12-09 08:11:37.776 I/InstrumentationBackend(14008): Added:'ResumeApplication', with key:'resume_application'
12-09 08:11:37.776 I/InstrumentationBackend(14008): Added:'Swipe', with key:'swipe'
12-09 08:11:37.777 I/InstrumentationBackend(14008): Added:'DoubleTapCoordinate', with key:'double_tap_coordinate'
12-09 08:11:37.777 I/InstrumentationBackend(14008): Added:'ClickOnScreen', with key:'click_on_screen'
12-09 08:11:37.777 I/InstrumentationBackend(14008): Added:'GetActivityName', with key:'get_activity_name'
12-09 08:11:37.777 I/InstrumentationBackend(14008): Added:'ScrollToView', with key:'scroll_to_view'
12-09 08:11:37.782 I/InstrumentationBackend(14008): Added:'ViewConfiguration', with key:'view_configuration'
12-09 08:11:37.782 I/InstrumentationBackend(14008): Added:'IsCurrentActivityFocused', with key:'is_current_activity_focused'
12-09 08:11:37.782 I/InstrumentationBackend(14008): Added:'SendTcp', with key:'send_tcp'
12-09 08:11:37.782 I/InstrumentationBackend(14008): Added:'DpToDevicePixel', with key:'dp_to_device_pixel'
12-09 08:11:37.783 I/InstrumentationBackend(14008): Added:'KeyboardEnterText', with key:'keyboard_enter_text'
12-09 08:11:37.783 I/InstrumentationBackend(14008): Added:'DeleteSurroundingText', with key:'delete_surrounding_text'
12-09 08:11:37.783 I/InstrumentationBackend(14008): Added:'SetComposingRegion', with key:'set_composing_region'
12-09 08:11:37.783 I/InstrumentationBackend(14008): Added:'SetSelection', with key:'set_selection'
12-09 08:11:37.783 I/InstrumentationBackend(14008): Added:'KeyboardKeyEvent', with key:'keyboard_key_event'
12-09 08:11:37.784 I/InstrumentationBackend(14008): Added:'PressUserActionButton', with key:'press_user_action_button'
12-09 08:11:37.784 I/InstrumentationBackend(14008): Added:'HideSoftKeyboard', with key:'hide_soft_keyboard'
12-09 08:11:37.784 I/InstrumentationBackend(14008): Added:'ListActions', with key:'list_actions'
12-09 08:11:37.785 I/calabash(14008): Instantiating http server at 7102
12-09 08:11:37.785 I/System.out(14008): HTTP Daemon listening on: 7102
12-09 08:11:37.886 I/System.out(14008): URI: //ping
12-09 08:11:37.901 I/System.out(14008): params: {json={}
12-09 08:11:37.901 I/System.out(14008): }
12-09 08:11:37.962 I/System.out(14008): URI: //ping
12-09 08:11:37.962 I/System.out(14008): params: {json={}
12-09 08:11:37.962 I/System.out(14008): }
12-09 08:11:38.015 I/System.out(14008): URI: //ready
12-09 08:11:38.015 I/System.out(14008): params: {json={}
12-09 08:11:38.015 I/System.out(14008): }
12-09 08:11:38.086 I/System.out(14008): URI: //
12-09 08:11:38.086 I/System.out(14008): params: {json={"command":"version","arguments":[]}
12-09 08:11:38.086 I/System.out(14008): }
12-09 08:11:38.086 I/System.out(14008): header: {date=Sun, 09 Dec 2018 08:11:38 GMT, accept=*/*, content-length=36, host=127.0.0.1:34777, user-agent=HTTPClient/1.0 (2.8.3, ruby 2.3.1 (2016-04-26)), content-type=application/json;charset=utf-8}
12-09 08:11:38.086 I/System.out(14008): params: {json={"command":"version","arguments":[]}
12-09 08:11:38.086 I/System.out(14008): }
12-09 08:11:38.087 I/System.out(14008): ProP json = {"command":"version","arguments":[]}
12-09 08:11:38.087 I/System.out(14008): files: {}
12-09 08:11:38.087 I/System.out(14008): command: {"command":"version","arguments":[]}
12-09 08:11:38.131 I/InstrumentationBackend(14008): Got command:'Command:'Line:null,version', arguments:'[]'
12-09 08:11:38.154 I/System.out(14008): result:{"bonusInformation":[],"message":"0.9.8","success":true}
12-09 08:11:38.194 I/System.out(14008): URI: //start-application
12-09 08:11:38.194 I/System.out(14008): params: {json={"intent":null}
12-09 08:11:38.194 I/System.out(14008): }
12-09 08:11:38.250 I/ActivityManager( 1591): START u0 {act=android.intent.action.MAIN cat=[android.intent.category.LAUNCHER] flg=0x10200000 cmp=com.evancharlton.mileage/.Mileage} from uid 10133 on display 0
12-09 08:11:38.311 D/gralloc_ranchu( 1223): gralloc_alloc: Creating ashmem region of size 708608
12-09 08:11:38.463 E/EGL_emulation( 1223): tid 1223: eglCreateSyncKHR(1881): error 0x3004 (EGL_BAD_ATTRIBUTE)
12-09 08:11:38.766 I/art     ( 1591): Background partial concurrent mark sweep GC freed 3596(264KB) AllocSpace objects, 1(20KB) LOS objects, 29% free, 9MB/13MB, paused 6.529ms total 247.636ms
12-09 08:11:38.783 I/calabash(14008): newActivity1
12-09 08:11:38.820 D/gralloc_ranchu( 1223): gralloc_alloc: Creating ashmem region of size 3686400
12-09 08:11:38.848 I/calabash(14008): newActivity1
12-09 08:11:38.882 W/ActivityManager( 1591): Bad activity token: android.os.BinderProxy@fbdc422
12-09 08:11:38.882 W/ActivityManager( 1591): java.lang.ClassCastException: android.os.BinderProxy cannot be cast to com.android.server.am.ActivityRecord$Token
12-09 08:11:38.882 W/ActivityManager( 1591): 	at com.android.server.am.ActivityRecord.forTokenLocked(ActivityRecord.java:424)
12-09 08:11:38.882 W/ActivityManager( 1591): 	at com.android.server.am.ActivityRecord.isInStackLocked(ActivityRecord.java:1121)
12-09 08:11:38.882 W/ActivityManager( 1591): 	at com.android.server.am.ActivityRecord.getStackLocked(ActivityRecord.java:1126)
12-09 08:11:38.882 W/ActivityManager( 1591): 	at com.android.server.am.ActivityManagerService.getActivityDisplayId(ActivityManagerService.java:8889)
12-09 08:11:38.882 W/ActivityManager( 1591): 	at android.app.ActivityManagerNative.onTransact(ActivityManagerNative.java:2338)
12-09 08:11:38.882 W/ActivityManager( 1591): 	at com.android.server.am.ActivityManagerService.onTransact(ActivityManagerService.java:2443)
12-09 08:11:38.882 W/ActivityManager( 1591): 	at android.os.Binder.execTransact(Binder.java:453)
12-09 08:11:38.884 W/ActivityManager( 1591): Bad activity token: android.os.BinderProxy@fbdc422
12-09 08:11:38.884 W/ActivityManager( 1591): java.lang.ClassCastException: android.os.BinderProxy cannot be cast to com.android.server.am.ActivityRecord$Token
12-09 08:11:38.884 W/ActivityManager( 1591): 	at com.android.server.am.ActivityRecord.forTokenLocked(ActivityRecord.java:424)
12-09 08:11:38.884 W/ActivityManager( 1591): 	at com.android.server.am.ActivityRecord.isInStackLocked(ActivityRecord.java:1121)
12-09 08:11:38.884 W/ActivityManager( 1591): 	at com.android.server.am.ActivityManagerService.setTaskDescription(ActivityManagerService.java:8547)
12-09 08:11:38.884 W/ActivityManager( 1591): 	at android.app.ActivityManagerNative.onTransact(ActivityManagerNative.java:2410)
12-09 08:11:38.884 W/ActivityManager( 1591): 	at com.android.server.am.ActivityManagerService.onTransact(ActivityManagerService.java:2443)
12-09 08:11:38.884 W/ActivityManager( 1591): 	at android.os.Binder.execTransact(Binder.java:453)
12-09 08:11:38.985 V/PhoneStatusBar( 1699): setLightsOn(true)
12-09 08:11:38.996 I/art     (14008): Background sticky concurrent mark sweep GC freed 1479(194KB) AllocSpace objects, 0(0B) LOS objects, 12% free, 1699KB/1935KB, paused 13.710ms total 75.469ms
12-09 08:11:39.005 D/EGL_emulation( 2751): eglMakeCurrent: 0x7fbc78950800: ver 2 0 (tinfo 0x7fbc7c2dade0)
12-09 08:11:39.010 E/Surface ( 2751): getSlotFromBufferLocked: unknown buffer: 0x7fbc78951de0
12-09 08:11:39.152 D/FillupsProvider(14008): Creating database
12-09 08:11:39.300 I/art     (14008): Background partial concurrent mark sweep GC freed 7491(383KB) AllocSpace objects, 2(40KB) LOS objects, 39% free, 1722KB/2MB, paused 2.495ms total 134.319ms
12-09 08:11:39.338 W/ActivityManager( 1591): Bad activity token: android.os.BinderProxy@fbdc422
12-09 08:11:39.338 W/ActivityManager( 1591): java.lang.ClassCastException: android.os.BinderProxy cannot be cast to com.android.server.am.ActivityRecord$Token
12-09 08:11:39.338 W/ActivityManager( 1591): 	at com.android.server.am.ActivityRecord.forTokenLocked(ActivityRecord.java:424)
12-09 08:11:39.338 W/ActivityManager( 1591): 	at com.android.server.am.ActivityRecord.isInStackLocked(ActivityRecord.java:1121)
12-09 08:11:39.338 W/ActivityManager( 1591): 	at com.android.server.am.ActivityManagerService.getActivityOptions(ActivityManagerService.java:11038)
12-09 08:11:39.338 W/ActivityManager( 1591): 	at android.app.ActivityManagerNative.onTransact(ActivityManagerNative.java:1734)
12-09 08:11:39.338 W/ActivityManager( 1591): 	at com.android.server.am.ActivityManagerService.onTransact(ActivityManagerService.java:2443)
12-09 08:11:39.338 W/ActivityManager( 1591): 	at android.os.Binder.execTransact(Binder.java:453)
12-09 08:11:39.339 W/ActivityManager( 1591): Bad activity token: android.os.BinderProxy@fbdc422
12-09 08:11:39.339 W/ActivityManager( 1591): java.lang.ClassCastException: android.os.BinderProxy cannot be cast to com.android.server.am.ActivityRecord$Token
12-09 08:11:39.339 W/ActivityManager( 1591): 	at com.android.server.am.ActivityRecord.forTokenLocked(ActivityRecord.java:424)
12-09 08:11:39.339 W/ActivityManager( 1591): 	at com.android.server.am.ActivityRecord.isInStackLocked(ActivityRecord.java:1121)
12-09 08:11:39.339 W/ActivityManager( 1591): 	at com.android.server.am.ActivityManagerService.getActivityOptions(ActivityManagerService.java:11038)
12-09 08:11:39.339 W/ActivityManager( 1591): 	at android.app.ActivityManagerNative.onTransact(ActivityManagerNative.java:1734)
12-09 08:11:39.339 W/ActivityManager( 1591): 	at com.android.server.am.ActivityManagerService.onTransact(ActivityManagerService.java:2443)
12-09 08:11:39.339 W/ActivityManager( 1591): 	at android.os.Binder.execTransact(Binder.java:453)
12-09 08:11:39.423 W/art     ( 1591): Long monitor contention event with owner method=void com.android.server.wm.WindowAnimator$1.doFrame(long) from WindowAnimator.java:121 waiters=1 for 261ms
12-09 08:11:39.570 W/art     ( 1591): Long monitor contention event with owner method=void com.android.server.wm.WindowAnimator$1.doFrame(long) from WindowAnimator.java:121 waiters=1 for 313ms
12-09 08:11:39.950 W/art     ( 1591): Long monitor contention event with owner method=void com.android.server.wm.WindowAnimator$1.doFrame(long) from WindowAnimator.java:121 waiters=3 for 158ms
12-09 08:11:40.135 W/SurfaceFlinger( 1223): couldn't log to binary event log: overflow.
12-09 08:11:40.483 D/gralloc_ranchu( 1223): gralloc_alloc: Creating ashmem region of size 3686400
12-09 08:11:40.654 D/        (14008): HostConnection::get() New Host Connection established 0x7fbc7894cf20, tid 14008
12-09 08:11:40.742 D/gralloc_ranchu( 1223): gralloc_alloc: Creating ashmem region of size 3686400
12-09 08:11:40.756 I/ActivityManager( 1591): Displayed com.evancharlton.mileage/.Mileage: +1s978ms (total +6s486ms)
12-09 08:11:41.370 I/art     (14008): Background sticky concurrent mark sweep GC freed 14203(750KB) AllocSpace objects, 1(20KB) LOS objects, 31% free, 1971KB/2MB, paused 61.945ms total 92.908ms
12-09 08:11:41.464 D/gralloc_ranchu( 1223): gralloc_alloc: Creating ashmem region of size 3686400
12-09 08:11:41.466 I/System.out(14008): URI: //
12-09 08:11:41.466 I/System.out(14008): params: {json={"command":"set_activity_orientation","arguments":["landscape"]}
12-09 08:11:41.466 I/System.out(14008): }
12-09 08:11:41.466 I/System.out(14008): header: {date=Sun, 09 Dec 2018 08:11:41 GMT, accept=*/*, content-length=64, host=127.0.0.1:34777, user-agent=HTTPClient/1.0 (2.8.3, ruby 2.3.1 (2016-04-26)), content-type=application/json;charset=utf-8}
12-09 08:11:41.466 I/System.out(14008): params: {json={"command":"set_activity_orientation","arguments":["landscape"]}
12-09 08:11:41.467 I/System.out(14008): }
12-09 08:11:41.467 I/System.out(14008): ProP json = {"command":"set_activity_orientation","arguments":["landscape"]}
12-09 08:11:41.467 I/System.out(14008): files: {}
12-09 08:11:41.467 I/System.out(14008): command: {"command":"set_activity_orientation","arguments":["landscape"]}
12-09 08:11:41.468 I/InstrumentationBackend(14008): Got command:'Command:'Line:null,set_activity_orientation', arguments:'[landscape]'
12-09 08:11:41.479 D/gralloc_ranchu( 1223): gralloc_alloc: Creating ashmem region of size 3686400
12-09 08:11:41.570 E/EGL_emulation( 1223): tid 1223: eglCreateSyncKHR(1881): error 0x3004 (EGL_BAD_ATTRIBUTE)
12-09 08:11:41.796 I/ActivityManager( 1591): Config changes=480 {1.0 310mcc260mnc en_US ldltr sw720dp w1280dp h696dp 160dpi xlrg long land finger -keyb/v/h tball/v s.34}
12-09 08:11:42.008 W/art     ( 1591): Long monitor contention event with owner method=void com.android.server.am.ActivityManagerService.setRequestedOrientation(android.os.IBinder, int) from ActivityManagerService.java:4192 waiters=0 for 385ms
12-09 08:11:42.008 W/art     ( 1591): Long monitor contention event with owner method=void com.android.server.am.ActivityManagerService.setRequestedOrientation(android.os.IBinder, int) from ActivityManagerService.java:4192 waiters=1 for 315ms
12-09 08:11:42.038 I/InputReader( 1591): Reconfiguring input devices.  changes=0x00000004
12-09 08:11:42.038 I/InputReader( 1591): Device reconfigured: id=0, name='qwerty2', size 720x1280, orientation 1, mode 1, display id 0
12-09 08:11:42.039 I/InputReader( 1591): Reconfiguring input devices.  changes=0x00000004
12-09 08:11:42.048 I/calabash(14008): newActivity1
12-09 08:11:42.063 I/calabash(14008): newActivity1
12-09 08:11:42.064 W/ActivityManager( 1591): Bad activity token: android.os.BinderProxy@5052507
12-09 08:11:42.064 W/ActivityManager( 1591): java.lang.ClassCastException: android.os.BinderProxy cannot be cast to com.android.server.am.ActivityRecord$Token
12-09 08:11:42.064 W/ActivityManager( 1591): 	at com.android.server.am.ActivityRecord.forTokenLocked(ActivityRecord.java:424)
12-09 08:11:42.064 W/ActivityManager( 1591): 	at com.android.server.am.ActivityRecord.isInStackLocked(ActivityRecord.java:1121)
12-09 08:11:42.064 W/ActivityManager( 1591): 	at com.android.server.am.ActivityRecord.getStackLocked(ActivityRecord.java:1126)
12-09 08:11:42.064 W/ActivityManager( 1591): 	at com.android.server.am.ActivityManagerService.getActivityDisplayId(ActivityManagerService.java:8889)
12-09 08:11:42.064 W/ActivityManager( 1591): 	at android.app.ActivityManagerNative.onTransact(ActivityManagerNative.java:2338)
12-09 08:11:42.064 W/ActivityManager( 1591): 	at com.android.server.am.ActivityManagerService.onTransact(ActivityManagerService.java:2443)
12-09 08:11:42.064 W/ActivityManager( 1591): 	at android.os.Binder.execTransact(Binder.java:453)
12-09 08:11:42.065 W/ActivityManager( 1591): Bad activity token: android.os.BinderProxy@5052507
12-09 08:11:42.065 W/ActivityManager( 1591): java.lang.ClassCastException: android.os.BinderProxy cannot be cast to com.android.server.am.ActivityRecord$Token
12-09 08:11:42.065 W/ActivityManager( 1591): 	at com.android.server.am.ActivityRecord.forTokenLocked(ActivityRecord.java:424)
12-09 08:11:42.065 W/ActivityManager( 1591): 	at com.android.server.am.ActivityRecord.isInStackLocked(ActivityRecord.java:1121)
12-09 08:11:42.065 W/ActivityManager( 1591): 	at com.android.server.am.ActivityManagerService.setTaskDescription(ActivityManagerService.java:8547)
12-09 08:11:42.065 W/ActivityManager( 1591): 	at android.app.ActivityManagerNative.onTransact(ActivityManagerNative.java:2410)
12-09 08:11:42.065 W/ActivityManager( 1591): 	at com.android.server.am.ActivityManagerService.onTransact(ActivityManagerService.java:2443)
12-09 08:11:42.065 W/ActivityManager( 1591): 	at android.os.Binder.execTransact(Binder.java:453)
12-09 08:11:42.123 W/ActivityManager( 1591): Bad activity token: android.os.BinderProxy@5052507
12-09 08:11:42.123 W/ActivityManager( 1591): java.lang.ClassCastException: android.os.BinderProxy cannot be cast to com.android.server.am.ActivityRecord$Token
12-09 08:11:42.123 W/ActivityManager( 1591): 	at com.android.server.am.ActivityRecord.forTokenLocked(ActivityRecord.java:424)
12-09 08:11:42.123 W/ActivityManager( 1591): 	at com.android.server.am.ActivityRecord.isInStackLocked(ActivityRecord.java:1121)
12-09 08:11:42.123 W/ActivityManager( 1591): 	at com.android.server.am.ActivityManagerService.getActivityOptions(ActivityManagerService.java:11038)
12-09 08:11:42.123 W/ActivityManager( 1591): 	at android.app.ActivityManagerNative.onTransact(ActivityManagerNative.java:1734)
12-09 08:11:42.123 W/ActivityManager( 1591): 	at com.android.server.am.ActivityManagerService.onTransact(ActivityManagerService.java:2443)
12-09 08:11:42.123 W/ActivityManager( 1591): 	at android.os.Binder.execTransact(Binder.java:453)
12-09 08:11:42.123 W/ActivityManager( 1591): Bad activity token: android.os.BinderProxy@5052507
12-09 08:11:42.123 W/ActivityManager( 1591): java.lang.ClassCastException: android.os.BinderProxy cannot be cast to com.android.server.am.ActivityRecord$Token
12-09 08:11:42.123 W/ActivityManager( 1591): 	at com.android.server.am.ActivityRecord.forTokenLocked(ActivityRecord.java:424)
12-09 08:11:42.123 W/ActivityManager( 1591): 	at com.android.server.am.ActivityRecord.isInStackLocked(ActivityRecord.java:1121)
12-09 08:11:42.123 W/ActivityManager( 1591): 	at com.android.server.am.ActivityManagerService.getActivityOptions(ActivityManagerService.java:11038)
12-09 08:11:42.123 W/ActivityManager( 1591): 	at android.app.ActivityManagerNative.onTransact(ActivityManagerNative.java:1734)
12-09 08:11:42.123 W/ActivityManager( 1591): 	at com.android.server.am.ActivityManagerService.onTransact(ActivityManagerService.java:2443)
12-09 08:11:42.123 W/ActivityManager( 1591): 	at android.os.Binder.execTransact(Binder.java:453)
12-09 08:11:42.157 I/System.out(14008): result:{"bonusInformation":[],"message":"","success":true}
12-09 08:11:42.274 D/EGL_emulation( 1699): eglMakeCurrent: 0x7fbc7c321c80: ver 2 0 (tinfo 0x7fbc7c302a00)
12-09 08:11:42.276 E/Surface ( 1699): getSlotFromBufferLocked: unknown buffer: 0x7fbc7c324fc0
12-09 08:11:42.279 D/EGL_emulation( 1699): eglMakeCurrent: 0x7fbc7c321c80: ver 2 0 (tinfo 0x7fbc7c302a00)
12-09 08:11:42.289 I/art     (14008): Background sticky concurrent mark sweep GC freed 14721(642KB) AllocSpace objects, 2(40KB) LOS objects, 21% free, 2MB/2MB, paused 9.515ms total 118.447ms
12-09 08:11:42.352 D/gralloc_ranchu( 1223): gralloc_alloc: Creating ashmem region of size 3686400
12-09 08:11:42.570 I/WindowManager( 1591): Screen frozen for +1s101ms due to Window{7ac7c5d u0 com.evancharlton.mileage/com.evancharlton.mileage.Mileage}
12-09 08:11:42.571 D/gralloc_ranchu( 1223): gralloc_alloc: Creating ashmem region of size 3686400
12-09 08:11:43.843 D/gralloc_ranchu( 1223): gralloc_alloc: Creating ashmem region of size 3686400
12-09 08:11:44.429 E/SurfaceFlinger( 1223): ro.sf.lcd_density must be defined as a build property
12-09 08:11:44.430 D/gralloc_ranchu( 1223): gralloc_alloc: Creating ashmem region of size 3686400
12-09 08:11:44.511 D/        (14036): HostConnection::get() New Host Connection established 0x7f29404d2480, tid 14036
12-09 08:11:44.586 E/EGL_emulation( 1223): tid 1223: eglCreateSyncKHR(1881): error 0x3004 (EGL_BAD_ATTRIBUTE)
12-09 08:11:45.022 I/art     ( 1591): Starting a blocking GC Explicit
12-09 08:11:45.067 I/art     ( 1591): Explicit concurrent mark sweep GC freed 3803(355KB) AllocSpace objects, 1(20KB) LOS objects, 29% free, 9MB/13MB, paused 2.484ms total 35.653ms
12-09 08:11:45.306 I/System.out(14008): URI: //
12-09 08:11:45.306 I/System.out(14008): params: {json={"command":"set_activity_orientation","arguments":["portrait"]}
12-09 08:11:45.306 I/System.out(14008): }
12-09 08:11:45.306 I/System.out(14008): header: {date=Sun, 09 Dec 2018 08:11:45 GMT, accept=*/*, content-length=63, host=127.0.0.1:34777, user-agent=HTTPClient/1.0 (2.8.3, ruby 2.3.1 (2016-04-26)), content-type=application/json;charset=utf-8}
12-09 08:11:45.306 I/System.out(14008): params: {json={"command":"set_activity_orientation","arguments":["portrait"]}
12-09 08:11:45.306 I/System.out(14008): }
12-09 08:11:45.306 I/System.out(14008): ProP json = {"command":"set_activity_orientation","arguments":["portrait"]}
12-09 08:11:45.306 I/System.out(14008): files: {}
12-09 08:11:45.306 I/System.out(14008): command: {"command":"set_activity_orientation","arguments":["portrait"]}
12-09 08:11:45.307 I/InstrumentationBackend(14008): Got command:'Command:'Line:null,set_activity_orientation', arguments:'[portrait]'
12-09 08:11:45.314 D/gralloc_ranchu( 1223): gralloc_alloc: Creating ashmem region of size 3686400
12-09 08:11:45.330 E/EGL_emulation( 1223): tid 1223: eglCreateSyncKHR(1881): error 0x3004 (EGL_BAD_ATTRIBUTE)
12-09 08:11:45.490 I/ActivityManager( 1591): Config changes=480 {1.0 310mcc260mnc en_US ldltr sw720dp w720dp h1256dp 160dpi xlrg long port finger -keyb/v/h tball/v s.35}
12-09 08:11:45.492 W/art     ( 1591): Long monitor contention event with owner method=android.content.res.Configuration com.android.server.wm.WindowManagerService.updateOrientationFromAppTokens(android.content.res.Configuration, android.os.IBinder) from WindowManagerService.java:3950 waiters=0 for 115ms
12-09 08:11:45.629 W/art     ( 1591): Long monitor contention event with owner method=void com.android.server.am.ActivityManagerService.setRequestedOrientation(android.os.IBinder, int) from ActivityManagerService.java:4192 waiters=1 for 112ms
12-09 08:11:45.630 I/InputReader( 1591): Reconfiguring input devices.  changes=0x00000004
12-09 08:11:45.630 I/InputReader( 1591): Device reconfigured: id=0, name='qwerty2', size 720x1280, orientation 0, mode 1, display id 0
12-09 08:11:45.769 I/calabash(14008): newActivity1
12-09 08:11:45.811 I/calabash(14008): newActivity1
12-09 08:11:45.824 W/ActivityManager( 1591): Bad activity token: android.os.BinderProxy@ab98159
12-09 08:11:45.824 W/ActivityManager( 1591): java.lang.ClassCastException: android.os.BinderProxy cannot be cast to com.android.server.am.ActivityRecord$Token
12-09 08:11:45.824 W/ActivityManager( 1591): 	at com.android.server.am.ActivityRecord.forTokenLocked(ActivityRecord.java:424)
12-09 08:11:45.824 W/ActivityManager( 1591): 	at com.android.server.am.ActivityRecord.isInStackLocked(ActivityRecord.java:1121)
12-09 08:11:45.824 W/ActivityManager( 1591): 	at com.android.server.am.ActivityRecord.getStackLocked(ActivityRecord.java:1126)
12-09 08:11:45.824 W/ActivityManager( 1591): 	at com.android.server.am.ActivityManagerService.getActivityDisplayId(ActivityManagerService.java:8889)
12-09 08:11:45.824 W/ActivityManager( 1591): 	at android.app.ActivityManagerNative.onTransact(ActivityManagerNative.java:2338)
12-09 08:11:45.824 W/ActivityManager( 1591): 	at com.android.server.am.ActivityManagerService.onTransact(ActivityManagerService.java:2443)
12-09 08:11:45.824 W/ActivityManager( 1591): 	at android.os.Binder.execTransact(Binder.java:453)
12-09 08:11:45.825 W/ActivityManager( 1591): Bad activity token: android.os.BinderProxy@ab98159
12-09 08:11:45.825 W/ActivityManager( 1591): java.lang.ClassCastException: android.os.BinderProxy cannot be cast to com.android.server.am.ActivityRecord$Token
12-09 08:11:45.825 W/ActivityManager( 1591): 	at com.android.server.am.ActivityRecord.forTokenLocked(ActivityRecord.java:424)
12-09 08:11:45.825 W/ActivityManager( 1591): 	at com.android.server.am.ActivityRecord.isInStackLocked(ActivityRecord.java:1121)
12-09 08:11:45.825 W/ActivityManager( 1591): 	at com.android.server.am.ActivityManagerService.setTaskDescription(ActivityManagerService.java:8547)
12-09 08:11:45.825 W/ActivityManager( 1591): 	at android.app.ActivityManagerNative.onTransact(ActivityManagerNative.java:2410)
12-09 08:11:45.825 W/ActivityManager( 1591): 	at com.android.server.am.ActivityManagerService.onTransact(ActivityManagerService.java:2443)
12-09 08:11:45.825 W/ActivityManager( 1591): 	at android.os.Binder.execTransact(Binder.java:453)
12-09 08:11:45.835 I/System.out(14008): result:{"bonusInformation":[],"message":"","success":true}
12-09 08:11:45.994 I/art     ( 1916): Background sticky concurrent mark sweep GC freed 33182(2MB) AllocSpace objects, 2(40KB) LOS objects, 18% free, 13MB/16MB, paused 1.222ms total 211.950ms
12-09 08:11:45.995 W/ActivityManager( 1591): Bad activity token: android.os.BinderProxy@ab98159
12-09 08:11:45.995 W/ActivityManager( 1591): java.lang.ClassCastException: android.os.BinderProxy cannot be cast to com.android.server.am.ActivityRecord$Token
12-09 08:11:45.995 W/ActivityManager( 1591): 	at com.android.server.am.ActivityRecord.forTokenLocked(ActivityRecord.java:424)
12-09 08:11:45.995 W/ActivityManager( 1591): 	at com.android.server.am.ActivityRecord.isInStackLocked(ActivityRecord.java:1121)
12-09 08:11:45.995 W/ActivityManager( 1591): 	at com.android.server.am.ActivityManagerService.getActivityOptions(ActivityManagerService.java:11038)
12-09 08:11:45.995 W/ActivityManager( 1591): 	at android.app.ActivityManagerNative.onTransact(ActivityManagerNative.java:1734)
12-09 08:11:45.995 W/ActivityManager( 1591): 	at com.android.server.am.ActivityManagerService.onTransact(ActivityManagerService.java:2443)
12-09 08:11:45.995 W/ActivityManager( 1591): 	at android.os.Binder.execTransact(Binder.java:453)
12-09 08:11:46.025 I/art     (14008): Background sticky concurrent mark sweep GC freed 15642(694KB) AllocSpace objects, 2(40KB) LOS objects, 14% free, 2MB/2MB, paused 95.085ms total 274.928ms
12-09 08:11:46.058 D/EGL_emulation( 1699): eglMakeCurrent: 0x7fbc7c321c80: ver 2 0 (tinfo 0x7fbc7c302a00)
12-09 08:11:46.066 E/Surface ( 1699): getSlotFromBufferLocked: unknown buffer: 0x7fbc7c323c60
12-09 08:11:46.072 D/EGL_emulation( 1699): eglMakeCurrent: 0x7fbc7c321c80: ver 2 0 (tinfo 0x7fbc7c302a00)
12-09 08:11:46.078 W/ActivityManager( 1591): Bad activity token: android.os.BinderProxy@ab98159
12-09 08:11:46.078 W/ActivityManager( 1591): java.lang.ClassCastException: android.os.BinderProxy cannot be cast to com.android.server.am.ActivityRecord$Token
12-09 08:11:46.078 W/ActivityManager( 1591): 	at com.android.server.am.ActivityRecord.forTokenLocked(ActivityRecord.java:424)
12-09 08:11:46.078 W/ActivityManager( 1591): 	at com.android.server.am.ActivityRecord.isInStackLocked(ActivityRecord.java:1121)
12-09 08:11:46.078 W/ActivityManager( 1591): 	at com.android.server.am.ActivityManagerService.getActivityOptions(ActivityManagerService.java:11038)
12-09 08:11:46.078 W/ActivityManager( 1591): 	at android.app.ActivityManagerNative.onTransact(ActivityManagerNative.java:1734)
12-09 08:11:46.078 W/ActivityManager( 1591): 	at com.android.server.am.ActivityManagerService.onTransact(ActivityManagerService.java:2443)
12-09 08:11:46.078 W/ActivityManager( 1591): 	at android.os.Binder.execTransact(Binder.java:453)
12-09 08:11:46.097 I/Choreographer(14008): Skipped 31 frames!  The application may be doing too much work on its main thread.
12-09 08:11:46.128 I/WindowManager( 1591): Screen frozen for +819ms due to Window{293ec74 u0 StatusBar}
12-09 08:11:46.234 I/art     (14008): Background partial concurrent mark sweep GC freed 3527(377KB) AllocSpace objects, 3(60KB) LOS objects, 39% free, 2MB/3MB, paused 14.388ms total 46.862ms
12-09 08:11:46.610 W/art     ( 1591): Long monitor contention event with owner method=void com.android.server.wm.WindowManagerService$H.handleMessage(android.os.Message) from WindowManagerService.java:7820 waiters=0 for 422ms
12-09 08:11:46.790 I/Choreographer(14008): Skipped 40 frames!  The application may be doing too much work on its main thread.
12-09 08:11:46.790 D/gralloc_ranchu( 1223): gralloc_alloc: Creating ashmem region of size 3686400
12-09 08:11:47.347 D/gralloc_ranchu( 1223): gralloc_alloc: Creating ashmem region of size 3686400
12-09 08:11:47.560 D/gralloc_ranchu( 1223): gralloc_alloc: Creating ashmem region of size 3686400
12-09 08:11:48.370 E/SurfaceFlinger( 1223): ro.sf.lcd_density must be defined as a build property
12-09 08:11:48.410 D/gralloc_ranchu( 1223): gralloc_alloc: Creating ashmem region of size 3686400
12-09 08:11:48.421 D/        (14042): HostConnection::get() New Host Connection established 0x7f4d50e92480, tid 14042
12-09 08:11:48.477 E/EGL_emulation( 1223): tid 1223: eglCreateSyncKHR(1881): error 0x3004 (EGL_BAD_ATTRIBUTE)
12-09 08:11:48.598 I/art     ( 1591): Starting a blocking GC Explicit
12-09 08:11:48.641 I/art     ( 1591): Explicit concurrent mark sweep GC freed 2870(221KB) AllocSpace objects, 0(0B) LOS objects, 30% free, 9MB/13MB, paused 1.649ms total 42.881ms
