--------- beginning of main
12-09 07:38:33.752 D/AndroidRuntime( 4096): >>>>>> START com.android.internal.os.RuntimeInit uid 0 <<<<<<
12-09 07:38:33.753 D/AndroidRuntime( 4096): CheckJNI is ON
12-09 07:38:33.774 D/ICU     ( 4096): No timezone override file found: /data/misc/zoneinfo/current/icu/icu_tzdata.dat
12-09 07:38:34.224 E/memtrack( 4096): Couldn't load memtrack module (No such file or directory)
12-09 07:38:34.239 E/android.os.Debug( 4096): failed to load memtrack module: -2
12-09 07:38:34.240 I/Radio-JNI( 4096): register_android_hardware_Radio DONE
12-09 07:38:34.255 D/AndroidRuntime( 4096): Calling main entry com.android.commands.am.Am
--------- beginning of system
12-09 07:38:34.257 I/ActivityManager( 1591): Force stopping com.evancharlton.mileage appid=10115 user=0: start instr
12-09 07:38:34.271 I/ActivityManager( 1591): Killing 4079:com.evancharlton.mileage/u0a115 (adj 0): stop com.evancharlton.mileage
12-09 07:38:34.379 W/ActivityManager( 1591): Crash of app com.evancharlton.mileage running instrumentation ComponentInfo{com.evancharlton.mileage.test/sh.calaba.instrumentationbackend.ClearAppData2}
12-09 07:38:34.379 I/ActivityManager( 1591): Force stopping com.evancharlton.mileage appid=10115 user=0: finished inst
12-09 07:38:34.392 I/ActivityManager( 1591): Start proc 4105:com.evancharlton.mileage/u0a115 for added application com.evancharlton.mileage
12-09 07:38:34.392 W/art     ( 1591): Long monitor contention event with owner method=boolean com.android.server.am.ActivityManagerService.startInstrumentation(android.content.ComponentName, java.lang.String, int, android.os.Bundle, android.app.IInstrumentationWatcher, android.app.IUiAutomationConnection, int, java.lang.String) from ActivityManagerService.java:17066 waiters=0 for 117ms
12-09 07:38:34.393 D/AndroidRuntime( 4096): Shutting down VM
12-09 07:38:34.399 W/ActivityManager( 1591): Spurious death for ProcessRecord{5f1f5c6 0:com.evancharlton.mileage/u0a115}, curProc for 4079: null
12-09 07:38:34.426 W/System  ( 4105): ClassLoader referenced unknown path: /data/app/com.evancharlton.mileage.test-1/lib/x86_64
12-09 07:38:34.431 W/System  ( 4105): ClassLoader referenced unknown path: /data/app/com.evancharlton.mileage-1/lib/x86_64
12-09 07:38:34.448 I/System.out( 4105): Main activity name automatically set to: com.evancharlton.mileage.Mileage
12-09 07:38:34.448 I/System.out( 4105): Calabash did not load Mono. This is only a problem if you are trying to test a Mono application
12-09 07:38:34.448 I/calabash( 4105): Test server port: 7102
12-09 07:38:34.449 I/InstrumentationBackend( 4105): Added:'GetPreferences', with key:'get_preferences'
12-09 07:38:34.488 I/InstrumentationBackend( 4105): Added:'SetPreferences', with key:'set_preferences'
12-09 07:38:34.503 I/InstrumentationBackend( 4105): Added:'ClearPreferences', with key:'clear_preferences'
12-09 07:38:34.503 I/InstrumentationBackend( 4105): Added:'PressElement', with key:'press_l10n_element'
12-09 07:38:34.503 I/InstrumentationBackend( 4105): Added:'WaitForElement', with key:'wait_for_l10n_element'
12-09 07:38:34.504 I/InstrumentationBackend( 4105): Added:'NullAction', with key:'nullAction'
12-09 07:38:34.504 I/InstrumentationBackend( 4105): Added:'PressKey', with key:'press_key'
12-09 07:38:34.504 I/InstrumentationBackend( 4105): Added:'SetActivityOrientation', with key:'set_activity_orientation'
12-09 07:38:34.504 I/InstrumentationBackend( 4105): Added:'GetActivityOrientation', with key:'get_activity_orientation'
12-09 07:38:34.505 I/InstrumentationBackend( 4105): Added:'FakeGPSLocation', with key:'set_gps_coordinates'
12-09 07:38:34.505 I/InstrumentationBackend( 4105): Added:'SetPropertyByCssSelector', with key:'set_property_by_css_selector'
12-09 07:38:34.505 I/InstrumentationBackend( 4105): Added:'GetUrl', with key:'get_url'
12-09 07:38:34.506 I/InstrumentationBackend( 4105): Added:'ScrollTo', with key:'scroll_to'
12-09 07:38:34.506 I/InstrumentationBackend( 4105): Added:'GetLoadProgress', with key:'get_load_progress'
12-09 07:38:34.507 I/InstrumentationBackend( 4105): Added:'DumpHtml', with key:'dump_html'
12-09 07:38:34.507 I/InstrumentationBackend( 4105): Added:'DumpBodyHtml', with key:'dump_body_html'
12-09 07:38:34.508 I/InstrumentationBackend( 4105): Added:'EnterTextByCssSelector', with key:'enter_text_by_selector'
12-09 07:38:34.509 I/InstrumentationBackend( 4105): Added:'AndroidSDKVersion', with key:'android_sdk_version'
12-09 07:38:34.509 I/InstrumentationBackend( 4105): Added:'Version', with key:'version'
12-09 07:38:34.509 I/InstrumentationBackend( 4105): Added:'Drag', with key:'drag'
12-09 07:38:34.509 I/InstrumentationBackend( 4105): Added:'TouchCoordinates', with key:'touch_coordinate'
12-09 07:38:34.509 I/InstrumentationBackend( 4105): Added:'LongPressCoordinate', with key:'long_press_coordinate'
12-09 07:38:34.510 I/InstrumentationBackend( 4105): Added:'DragCoordinates', with key:'drag_coordinates'
12-09 07:38:34.510 I/InstrumentationBackend( 4105): Added:'ResumeApplication', with key:'resume_application'
12-09 07:38:34.510 I/InstrumentationBackend( 4105): Added:'Swipe', with key:'swipe'
12-09 07:38:34.510 I/InstrumentationBackend( 4105): Added:'DoubleTapCoordinate', with key:'double_tap_coordinate'
12-09 07:38:34.510 I/InstrumentationBackend( 4105): Added:'ClickOnScreen', with key:'click_on_screen'
12-09 07:38:34.511 I/InstrumentationBackend( 4105): Added:'GetActivityName', with key:'get_activity_name'
12-09 07:38:34.515 I/InstrumentationBackend( 4105): Added:'ScrollToView', with key:'scroll_to_view'
12-09 07:38:34.516 I/InstrumentationBackend( 4105): Added:'ViewConfiguration', with key:'view_configuration'
12-09 07:38:34.516 I/InstrumentationBackend( 4105): Added:'IsCurrentActivityFocused', with key:'is_current_activity_focused'
12-09 07:38:34.516 I/InstrumentationBackend( 4105): Added:'SendTcp', with key:'send_tcp'
12-09 07:38:34.516 I/InstrumentationBackend( 4105): Added:'DpToDevicePixel', with key:'dp_to_device_pixel'
12-09 07:38:34.517 I/InstrumentationBackend( 4105): Added:'KeyboardEnterText', with key:'keyboard_enter_text'
12-09 07:38:34.517 I/InstrumentationBackend( 4105): Added:'DeleteSurroundingText', with key:'delete_surrounding_text'
12-09 07:38:34.517 I/InstrumentationBackend( 4105): Added:'SetComposingRegion', with key:'set_composing_region'
12-09 07:38:34.517 I/InstrumentationBackend( 4105): Added:'SetSelection', with key:'set_selection'
12-09 07:38:34.518 I/InstrumentationBackend( 4105): Added:'KeyboardKeyEvent', with key:'keyboard_key_event'
12-09 07:38:34.518 I/InstrumentationBackend( 4105): Added:'PressUserActionButton', with key:'press_user_action_button'
12-09 07:38:34.518 I/InstrumentationBackend( 4105): Added:'HideSoftKeyboard', with key:'hide_soft_keyboard'
12-09 07:38:34.519 I/InstrumentationBackend( 4105): Added:'ListActions', with key:'list_actions'
12-09 07:38:34.523 I/calabash( 4105): Instantiating http server at 7102
12-09 07:38:34.547 I/System.out( 4105): HTTP Daemon listening on: 7102
12-09 07:38:34.689 I/System.out( 4105): URI: //ping
12-09 07:38:34.689 I/System.out( 4105): params: {json={}
12-09 07:38:34.689 I/System.out( 4105): }
12-09 07:38:34.735 I/System.out( 4105): URI: //ping
12-09 07:38:34.736 I/System.out( 4105): params: {json={}
12-09 07:38:34.736 I/System.out( 4105): }
12-09 07:38:34.808 I/System.out( 4105): URI: //ready
12-09 07:38:34.815 I/System.out( 4105): params: {json={}
12-09 07:38:34.815 I/System.out( 4105): }
12-09 07:38:34.915 I/System.out( 4105): URI: //
12-09 07:38:34.916 I/System.out( 4105): params: {json={"command":"version","arguments":[]}
12-09 07:38:34.916 I/System.out( 4105): }
12-09 07:38:34.916 I/System.out( 4105): header: {date=Sun, 09 Dec 2018 07:38:35 GMT, accept=*/*, content-length=36, host=127.0.0.1:34777, user-agent=HTTPClient/1.0 (2.8.3, ruby 2.3.1 (2016-04-26)), content-type=application/json;charset=utf-8}
12-09 07:38:34.916 I/System.out( 4105): params: {json={"command":"version","arguments":[]}
12-09 07:38:34.916 I/System.out( 4105): }
12-09 07:38:34.916 I/System.out( 4105): ProP json = {"command":"version","arguments":[]}
12-09 07:38:34.916 I/System.out( 4105): files: {}
12-09 07:38:34.916 I/System.out( 4105): command: {"command":"version","arguments":[]}
12-09 07:38:34.930 I/InstrumentationBackend( 4105): Got command:'Command:'Line:null,version', arguments:'[]'
12-09 07:38:34.963 W/art     ( 4105): Suspending all threads took: 6.756ms
12-09 07:38:35.091 I/art     ( 4105): Background sticky concurrent mark sweep GC freed 20397(1261KB) AllocSpace objects, 12(240KB) LOS objects, 69% free, 1172KB/3MB, paused 12.179ms total 127.126ms
12-09 07:38:35.110 I/System.out( 4105): result:{"bonusInformation":[],"message":"0.9.8","success":true}
12-09 07:38:35.175 I/System.out( 4105): URI: //start-application
12-09 07:38:35.176 I/System.out( 4105): params: {json={"intent":null}
12-09 07:38:35.176 I/System.out( 4105): }
12-09 07:38:35.200 I/ActivityManager( 1591): START u0 {act=android.intent.action.MAIN cat=[android.intent.category.LAUNCHER] flg=0x10200000 cmp=com.evancharlton.mileage/.Mileage} from uid 10115 on display 0
12-09 07:38:35.485 W/art     ( 1591): Long monitor contention event with owner method=int com.android.server.wm.WindowManagerService.relayoutWindow(com.android.server.wm.Session, android.view.IWindow, int, android.view.WindowManager$LayoutParams, int, int, int, int, android.graphics.Rect, android.graphics.Rect, android.graphics.Rect, android.graphics.Rect, android.graphics.Rect, android.graphics.Rect, android.content.res.Configuration, android.view.Surface) from WindowManagerService.java:3103 waiters=0 for 160ms
12-09 07:38:35.488 I/calabash( 4105): newActivity1
12-09 07:38:35.497 D/gralloc_ranchu( 1218): gralloc_alloc: Creating ashmem region of size 3686400
12-09 07:38:35.537 I/calabash( 4105): newActivity1
12-09 07:38:35.538 W/ActivityManager( 1591): Bad activity token: android.os.BinderProxy@33db24c
12-09 07:38:35.538 W/ActivityManager( 1591): java.lang.ClassCastException: android.os.BinderProxy cannot be cast to com.android.server.am.ActivityRecord$Token
12-09 07:38:35.538 W/ActivityManager( 1591): 	at com.android.server.am.ActivityRecord.forTokenLocked(ActivityRecord.java:424)
12-09 07:38:35.538 W/ActivityManager( 1591): 	at com.android.server.am.ActivityRecord.isInStackLocked(ActivityRecord.java:1121)
12-09 07:38:35.538 W/ActivityManager( 1591): 	at com.android.server.am.ActivityRecord.getStackLocked(ActivityRecord.java:1126)
12-09 07:38:35.538 W/ActivityManager( 1591): 	at com.android.server.am.ActivityManagerService.getActivityDisplayId(ActivityManagerService.java:8889)
12-09 07:38:35.538 W/ActivityManager( 1591): 	at android.app.ActivityManagerNative.onTransact(ActivityManagerNative.java:2338)
12-09 07:38:35.538 W/ActivityManager( 1591): 	at com.android.server.am.ActivityManagerService.onTransact(ActivityManagerService.java:2443)
12-09 07:38:35.538 W/ActivityManager( 1591): 	at android.os.Binder.execTransact(Binder.java:453)
12-09 07:38:35.549 W/ActivityManager( 1591): Bad activity token: android.os.BinderProxy@33db24c
12-09 07:38:35.549 W/ActivityManager( 1591): java.lang.ClassCastException: android.os.BinderProxy cannot be cast to com.android.server.am.ActivityRecord$Token
12-09 07:38:35.549 W/ActivityManager( 1591): 	at com.android.server.am.ActivityRecord.forTokenLocked(ActivityRecord.java:424)
12-09 07:38:35.549 W/ActivityManager( 1591): 	at com.android.server.am.ActivityRecord.isInStackLocked(ActivityRecord.java:1121)
12-09 07:38:35.549 W/ActivityManager( 1591): 	at com.android.server.am.ActivityManagerService.setTaskDescription(ActivityManagerService.java:8547)
12-09 07:38:35.549 W/ActivityManager( 1591): 	at android.app.ActivityManagerNative.onTransact(ActivityManagerNative.java:2410)
12-09 07:38:35.549 W/ActivityManager( 1591): 	at com.android.server.am.ActivityManagerService.onTransact(ActivityManagerService.java:2443)
12-09 07:38:35.549 W/ActivityManager( 1591): 	at android.os.Binder.execTransact(Binder.java:453)
12-09 07:38:35.943 D/EGL_emulation( 1934): eglMakeCurrent: 0x7fe2a92f4640: ver 2 0 (tinfo 0x7fe2a92c2c80)
12-09 07:38:35.945 D/FillupsProvider( 4105): Creating database
12-09 07:38:35.966 E/Surface ( 1934): getSlotFromBufferLocked: unknown buffer: 0x7fe2a5891920
12-09 07:38:35.970 V/PhoneStatusBar( 1708): setLightsOn(true)
12-09 07:38:36.177 W/ActivityManager( 1591): Bad activity token: android.os.BinderProxy@33db24c
12-09 07:38:36.177 W/ActivityManager( 1591): java.lang.ClassCastException: android.os.BinderProxy cannot be cast to com.android.server.am.ActivityRecord$Token
12-09 07:38:36.177 W/ActivityManager( 1591): 	at com.android.server.am.ActivityRecord.forTokenLocked(ActivityRecord.java:424)
12-09 07:38:36.177 W/ActivityManager( 1591): 	at com.android.server.am.ActivityRecord.isInStackLocked(ActivityRecord.java:1121)
12-09 07:38:36.177 W/ActivityManager( 1591): 	at com.android.server.am.ActivityManagerService.getActivityOptions(ActivityManagerService.java:11038)
12-09 07:38:36.177 W/ActivityManager( 1591): 	at android.app.ActivityManagerNative.onTransact(ActivityManagerNative.java:1734)
12-09 07:38:36.177 W/ActivityManager( 1591): 	at com.android.server.am.ActivityManagerService.onTransact(ActivityManagerService.java:2443)
12-09 07:38:36.177 W/ActivityManager( 1591): 	at android.os.Binder.execTransact(Binder.java:453)
12-09 07:38:36.204 W/ActivityManager( 1591): Bad activity token: android.os.BinderProxy@33db24c
12-09 07:38:36.204 W/ActivityManager( 1591): java.lang.ClassCastException: android.os.BinderProxy cannot be cast to com.android.server.am.ActivityRecord$Token
12-09 07:38:36.204 W/ActivityManager( 1591): 	at com.android.server.am.ActivityRecord.forTokenLocked(ActivityRecord.java:424)
12-09 07:38:36.204 W/ActivityManager( 1591): 	at com.android.server.am.ActivityRecord.isInStackLocked(ActivityRecord.java:1121)
12-09 07:38:36.204 W/ActivityManager( 1591): 	at com.android.server.am.ActivityManagerService.getActivityOptions(ActivityManagerService.java:11038)
12-09 07:38:36.204 W/ActivityManager( 1591): 	at android.app.ActivityManagerNative.onTransact(ActivityManagerNative.java:1734)
12-09 07:38:36.204 W/ActivityManager( 1591): 	at com.android.server.am.ActivityManagerService.onTransact(ActivityManagerService.java:2443)
12-09 07:38:36.204 W/ActivityManager( 1591): 	at android.os.Binder.execTransact(Binder.java:453)
12-09 07:38:36.209 I/art     ( 4105): Background partial concurrent mark sweep GC freed 36759(1913KB) AllocSpace objects, 3(60KB) LOS objects, 39% free, 1792KB/2MB, paused 9.517ms total 56.782ms
12-09 07:38:36.694 W/art     ( 1591): Long monitor contention event with owner method=void com.android.server.wm.WindowAnimator$1.doFrame(long) from WindowAnimator.java:121 waiters=0 for 254ms
12-09 07:38:36.796 W/art     ( 1591): Long monitor contention event with owner method=void com.android.server.wm.WindowAnimator$1.doFrame(long) from WindowAnimator.java:121 waiters=1 for 103ms
12-09 07:38:36.900 W/art     ( 1591): Long monitor contention event with owner method=java.util.List com.android.server.am.ActivityManagerService.getAllStackInfos() from ActivityManagerService.java:8937 waiters=0 for 104ms
12-09 07:38:37.062 I/Choreographer( 4105): Skipped 43 frames!  The application may be doing too much work on its main thread.
12-09 07:38:37.067 D/gralloc_ranchu( 1218): gralloc_alloc: Creating ashmem region of size 3686400
12-09 07:38:37.198 D/        ( 4105): HostConnection::get() New Host Connection established 0x7fe2a58fcf20, tid 4105
12-09 07:38:37.371 D/gralloc_ranchu( 1218): gralloc_alloc: Creating ashmem region of size 3686400
12-09 07:38:37.426 I/ActivityManager( 1591): Displayed com.evancharlton.mileage/.Mileage: +2s113ms
12-09 07:38:38.359 I/System.out( 4105): URI: //
12-09 07:38:38.359 I/System.out( 4105): params: {json={"command":"set_activity_orientation","arguments":["landscape"]}
12-09 07:38:38.359 I/System.out( 4105): }
12-09 07:38:38.359 I/System.out( 4105): header: {date=Sun, 09 Dec 2018 07:38:38 GMT, accept=*/*, content-length=64, host=127.0.0.1:34777, user-agent=HTTPClient/1.0 (2.8.3, ruby 2.3.1 (2016-04-26)), content-type=application/json;charset=utf-8}
12-09 07:38:38.360 I/System.out( 4105): params: {json={"command":"set_activity_orientation","arguments":["landscape"]}
12-09 07:38:38.360 I/System.out( 4105): }
12-09 07:38:38.360 I/System.out( 4105): ProP json = {"command":"set_activity_orientation","arguments":["landscape"]}
12-09 07:38:38.360 I/System.out( 4105): files: {}
12-09 07:38:38.360 I/System.out( 4105): command: {"command":"set_activity_orientation","arguments":["landscape"]}
12-09 07:38:38.361 I/InstrumentationBackend( 4105): Got command:'Command:'Line:null,set_activity_orientation', arguments:'[landscape]'
12-09 07:38:38.369 D/gralloc_ranchu( 1218): gralloc_alloc: Creating ashmem region of size 3686400
12-09 07:38:38.492 E/EGL_emulation( 1218): tid 1218: eglCreateSyncKHR(1881): error 0x3004 (EGL_BAD_ATTRIBUTE)
12-09 07:38:38.652 I/ActivityManager( 1591): Config changes=480 {1.0 310mcc260mnc en_US ldltr sw720dp w1280dp h696dp 160dpi xlrg long land finger -keyb/v/h tball/v s.7}
12-09 07:38:38.664 I/InputReader( 1591): Reconfiguring input devices.  changes=0x00000004
12-09 07:38:38.664 I/InputReader( 1591): Device reconfigured: id=0, name='qwerty2', size 720x1280, orientation 1, mode 1, display id 0
12-09 07:38:38.933 I/calabash( 4105): newActivity1
12-09 07:38:38.983 I/calabash( 4105): newActivity1
12-09 07:38:38.984 W/ActivityManager( 1591): Bad activity token: android.os.BinderProxy@4447349
12-09 07:38:38.984 W/ActivityManager( 1591): java.lang.ClassCastException: android.os.BinderProxy cannot be cast to com.android.server.am.ActivityRecord$Token
12-09 07:38:38.984 W/ActivityManager( 1591): 	at com.android.server.am.ActivityRecord.forTokenLocked(ActivityRecord.java:424)
12-09 07:38:38.984 W/ActivityManager( 1591): 	at com.android.server.am.ActivityRecord.isInStackLocked(ActivityRecord.java:1121)
12-09 07:38:38.984 W/ActivityManager( 1591): 	at com.android.server.am.ActivityRecord.getStackLocked(ActivityRecord.java:1126)
12-09 07:38:38.984 W/ActivityManager( 1591): 	at com.android.server.am.ActivityManagerService.getActivityDisplayId(ActivityManagerService.java:8889)
12-09 07:38:38.984 W/ActivityManager( 1591): 	at android.app.ActivityManagerNative.onTransact(ActivityManagerNative.java:2338)
12-09 07:38:38.984 W/ActivityManager( 1591): 	at com.android.server.am.ActivityManagerService.onTransact(ActivityManagerService.java:2443)
12-09 07:38:38.984 W/ActivityManager( 1591): 	at android.os.Binder.execTransact(Binder.java:453)
12-09 07:38:38.985 W/ActivityManager( 1591): Bad activity token: android.os.BinderProxy@4447349
12-09 07:38:38.985 W/ActivityManager( 1591): java.lang.ClassCastException: android.os.BinderProxy cannot be cast to com.android.server.am.ActivityRecord$Token
12-09 07:38:38.985 W/ActivityManager( 1591): 	at com.android.server.am.ActivityRecord.forTokenLocked(ActivityRecord.java:424)
12-09 07:38:38.985 W/ActivityManager( 1591): 	at com.android.server.am.ActivityRecord.isInStackLocked(ActivityRecord.java:1121)
12-09 07:38:38.985 W/ActivityManager( 1591): 	at com.android.server.am.ActivityManagerService.setTaskDescription(ActivityManagerService.java:8547)
12-09 07:38:38.985 W/ActivityManager( 1591): 	at android.app.ActivityManagerNative.onTransact(ActivityManagerNative.java:2410)
12-09 07:38:38.985 W/ActivityManager( 1591): 	at com.android.server.am.ActivityManagerService.onTransact(ActivityManagerService.java:2443)
12-09 07:38:38.985 W/ActivityManager( 1591): 	at android.os.Binder.execTransact(Binder.java:453)
12-09 07:38:38.998 W/ActivityManager( 1591): Bad activity token: android.os.BinderProxy@4447349
12-09 07:38:38.998 W/ActivityManager( 1591): java.lang.ClassCastException: android.os.BinderProxy cannot be cast to com.android.server.am.ActivityRecord$Token
12-09 07:38:38.998 W/ActivityManager( 1591): 	at com.android.server.am.ActivityRecord.forTokenLocked(ActivityRecord.java:424)
12-09 07:38:38.998 W/ActivityManager( 1591): 	at com.android.server.am.ActivityRecord.isInStackLocked(ActivityRecord.java:1121)
12-09 07:38:38.998 W/ActivityManager( 1591): 	at com.android.server.am.ActivityManagerService.getActivityOptions(ActivityManagerService.java:11038)
12-09 07:38:38.998 W/ActivityManager( 1591): 	at android.app.ActivityManagerNative.onTransact(ActivityManagerNative.java:1734)
12-09 07:38:38.998 W/ActivityManager( 1591): 	at com.android.server.am.ActivityManagerService.onTransact(ActivityManagerService.java:2443)
12-09 07:38:38.998 W/ActivityManager( 1591): 	at android.os.Binder.execTransact(Binder.java:453)
12-09 07:38:39.006 W/ActivityManager( 1591): Bad activity token: android.os.BinderProxy@4447349
12-09 07:38:39.006 W/ActivityManager( 1591): java.lang.ClassCastException: android.os.BinderProxy cannot be cast to com.android.server.am.ActivityRecord$Token
12-09 07:38:39.006 W/ActivityManager( 1591): 	at com.android.server.am.ActivityRecord.forTokenLocked(ActivityRecord.java:424)
12-09 07:38:39.006 W/ActivityManager( 1591): 	at com.android.server.am.ActivityRecord.isInStackLocked(ActivityRecord.java:1121)
12-09 07:38:39.006 W/ActivityManager( 1591): 	at com.android.server.am.ActivityManagerService.getActivityOptions(ActivityManagerService.java:11038)
12-09 07:38:39.006 W/ActivityManager( 1591): 	at android.app.ActivityManagerNative.onTransact(ActivityManagerNative.java:1734)
12-09 07:38:39.006 W/ActivityManager( 1591): 	at com.android.server.am.ActivityManagerService.onTransact(ActivityManagerService.java:2443)
12-09 07:38:39.006 W/ActivityManager( 1591): 	at android.os.Binder.execTransact(Binder.java:453)
12-09 07:38:39.044 D/EGL_emulation( 1708): eglMakeCurrent: 0x7fe2a92f8600: ver 2 0 (tinfo 0x7fe29d2c9b20)
12-09 07:38:39.045 E/Surface ( 1708): getSlotFromBufferLocked: unknown buffer: 0x7fe29ade5be0
12-09 07:38:39.051 D/EGL_emulation( 1708): eglMakeCurrent: 0x7fe2a92f8600: ver 2 0 (tinfo 0x7fe29d2c9b20)
12-09 07:38:39.061 I/System.out( 4105): result:{"bonusInformation":[],"message":"","success":true}
12-09 07:38:39.122 I/WindowManager( 1591): Screen frozen for +756ms due to Window{adf4dba u0 StatusBar}
12-09 07:38:39.125 I/art     ( 4105): Background partial concurrent mark sweep GC freed 14633(713KB) AllocSpace objects, 2(40KB) LOS objects, 40% free, 2MB/3MB, paused 14.471ms total 62.905ms
12-09 07:38:39.593 W/art     ( 1591): Long monitor contention event with owner method=void com.android.server.wm.WindowManagerService$H.handleMessage(android.os.Message) from WindowManagerService.java:7820 waiters=0 for 462ms
12-09 07:38:39.827 I/Choreographer( 4105): Skipped 40 frames!  The application may be doing too much work on its main thread.
12-09 07:38:39.828 D/gralloc_ranchu( 1218): gralloc_alloc: Creating ashmem region of size 3686400
12-09 07:38:40.206 D/gralloc_ranchu( 1218): gralloc_alloc: Creating ashmem region of size 3686400
12-09 07:38:40.500 D/gralloc_ranchu( 1218): gralloc_alloc: Creating ashmem region of size 3686400
12-09 07:38:41.347 E/SurfaceFlinger( 1218): ro.sf.lcd_density must be defined as a build property
12-09 07:38:41.348 D/gralloc_ranchu( 1218): gralloc_alloc: Creating ashmem region of size 3686400
12-09 07:38:41.410 D/        ( 4135): HostConnection::get() New Host Connection established 0x7f4b73d12480, tid 4135
12-09 07:38:41.434 E/EGL_emulation( 1218): tid 1218: eglCreateSyncKHR(1881): error 0x3004 (EGL_BAD_ATTRIBUTE)
12-09 07:38:41.593 I/art     ( 1591): Starting a blocking GC Explicit
12-09 07:38:41.655 I/art     ( 1591): Explicit concurrent mark sweep GC freed 12247(1059KB) AllocSpace objects, 3(60KB) LOS objects, 30% free, 9MB/13MB, paused 6.806ms total 53.718ms
12-09 07:38:42.104 I/System.out( 4105): URI: //
12-09 07:38:42.104 I/System.out( 4105): params: {json={"command":"set_activity_orientation","arguments":["portrait"]}
12-09 07:38:42.104 I/System.out( 4105): }
12-09 07:38:42.104 I/System.out( 4105): header: {date=Sun, 09 Dec 2018 07:38:42 GMT, accept=*/*, content-length=63, host=127.0.0.1:34777, user-agent=HTTPClient/1.0 (2.8.3, ruby 2.3.1 (2016-04-26)), content-type=application/json;charset=utf-8}
12-09 07:38:42.104 I/System.out( 4105): params: {json={"command":"set_activity_orientation","arguments":["portrait"]}
12-09 07:38:42.104 I/System.out( 4105): }
12-09 07:38:42.104 I/System.out( 4105): ProP json = {"command":"set_activity_orientation","arguments":["portrait"]}
12-09 07:38:42.104 I/System.out( 4105): files: {}
12-09 07:38:42.104 I/System.out( 4105): command: {"command":"set_activity_orientation","arguments":["portrait"]}
12-09 07:38:42.106 I/InstrumentationBackend( 4105): Got command:'Command:'Line:null,set_activity_orientation', arguments:'[portrait]'
12-09 07:38:42.116 D/gralloc_ranchu( 1218): gralloc_alloc: Creating ashmem region of size 3686400
12-09 07:38:42.136 E/EGL_emulation( 1218): tid 1218: eglCreateSyncKHR(1881): error 0x3004 (EGL_BAD_ATTRIBUTE)
12-09 07:38:42.388 I/ActivityManager( 1591): Config changes=480 {1.0 310mcc260mnc en_US ldltr sw720dp w720dp h1256dp 160dpi xlrg long port finger -keyb/v/h tball/v s.8}
12-09 07:38:42.493 W/art     ( 1591): Long monitor contention event with owner method=void com.android.server.am.ActivityManagerService.setRequestedOrientation(android.os.IBinder, int) from ActivityManagerService.java:4192 waiters=0 for 161ms
12-09 07:38:42.495 I/InputReader( 1591): Reconfiguring input devices.  changes=0x00000004
12-09 07:38:42.495 I/InputReader( 1591): Device reconfigured: id=0, name='qwerty2', size 720x1280, orientation 0, mode 1, display id 0
12-09 07:38:42.641 I/System.out( 4105): result:{"bonusInformation":[],"message":"","success":true}
12-09 07:38:42.776 I/calabash( 4105): newActivity1
12-09 07:38:42.951 D/EGL_emulation( 1708): eglMakeCurrent: 0x7fe2a92f8600: ver 2 0 (tinfo 0x7fe29d2c9b20)
12-09 07:38:42.954 I/calabash( 4105): newActivity1
12-09 07:38:42.955 W/ActivityManager( 1591): Bad activity token: android.os.BinderProxy@99d0d8b
12-09 07:38:42.955 W/ActivityManager( 1591): java.lang.ClassCastException: android.os.BinderProxy cannot be cast to com.android.server.am.ActivityRecord$Token
12-09 07:38:42.955 W/ActivityManager( 1591): 	at com.android.server.am.ActivityRecord.forTokenLocked(ActivityRecord.java:424)
12-09 07:38:42.955 W/ActivityManager( 1591): 	at com.android.server.am.ActivityRecord.isInStackLocked(ActivityRecord.java:1121)
12-09 07:38:42.955 W/ActivityManager( 1591): 	at com.android.server.am.ActivityRecord.getStackLocked(ActivityRecord.java:1126)
12-09 07:38:42.955 W/ActivityManager( 1591): 	at com.android.server.am.ActivityManagerService.getActivityDisplayId(ActivityManagerService.java:8889)
12-09 07:38:42.955 W/ActivityManager( 1591): 	at android.app.ActivityManagerNative.onTransact(ActivityManagerNative.java:2338)
12-09 07:38:42.955 W/ActivityManager( 1591): 	at com.android.server.am.ActivityManagerService.onTransact(ActivityManagerService.java:2443)
12-09 07:38:42.955 W/ActivityManager( 1591): 	at android.os.Binder.execTransact(Binder.java:453)
12-09 07:38:42.956 W/ActivityManager( 1591): Bad activity token: android.os.BinderProxy@99d0d8b
12-09 07:38:42.956 W/ActivityManager( 1591): java.lang.ClassCastException: android.os.BinderProxy cannot be cast to com.android.server.am.ActivityRecord$Token
12-09 07:38:42.956 W/ActivityManager( 1591): 	at com.android.server.am.ActivityRecord.forTokenLocked(ActivityRecord.java:424)
12-09 07:38:42.956 W/ActivityManager( 1591): 	at com.android.server.am.ActivityRecord.isInStackLocked(ActivityRecord.java:1121)
12-09 07:38:42.956 W/ActivityManager( 1591): 	at com.android.server.am.ActivityManagerService.setTaskDescription(ActivityManagerService.java:8547)
12-09 07:38:42.956 W/ActivityManager( 1591): 	at android.app.ActivityManagerNative.onTransact(ActivityManagerNative.java:2410)
12-09 07:38:42.956 W/ActivityManager( 1591): 	at com.android.server.am.ActivityManagerService.onTransact(ActivityManagerService.java:2443)
12-09 07:38:42.956 W/ActivityManager( 1591): 	at android.os.Binder.execTransact(Binder.java:453)
12-09 07:38:42.969 E/Surface ( 1708): getSlotFromBufferLocked: unknown buffer: 0x7fe29ade5960
12-09 07:38:43.005 W/ActivityManager( 1591): Bad activity token: android.os.BinderProxy@99d0d8b
12-09 07:38:43.005 W/ActivityManager( 1591): java.lang.ClassCastException: android.os.BinderProxy cannot be cast to com.android.server.am.ActivityRecord$Token
12-09 07:38:43.005 W/ActivityManager( 1591): 	at com.android.server.am.ActivityRecord.forTokenLocked(ActivityRecord.java:424)
12-09 07:38:43.005 W/ActivityManager( 1591): 	at com.android.server.am.ActivityRecord.isInStackLocked(ActivityRecord.java:1121)
12-09 07:38:43.005 W/ActivityManager( 1591): 	at com.android.server.am.ActivityManagerService.getActivityOptions(ActivityManagerService.java:11038)
12-09 07:38:43.005 W/ActivityManager( 1591): 	at android.app.ActivityManagerNative.onTransact(ActivityManagerNative.java:1734)
12-09 07:38:43.005 W/ActivityManager( 1591): 	at com.android.server.am.ActivityManagerService.onTransact(ActivityManagerService.java:2443)
12-09 07:38:43.005 W/ActivityManager( 1591): 	at android.os.Binder.execTransact(Binder.java:453)
12-09 07:38:43.006 W/ActivityManager( 1591): Bad activity token: android.os.BinderProxy@99d0d8b
12-09 07:38:43.006 W/ActivityManager( 1591): java.lang.ClassCastException: android.os.BinderProxy cannot be cast to com.android.server.am.ActivityRecord$Token
12-09 07:38:43.006 W/ActivityManager( 1591): 	at com.android.server.am.ActivityRecord.forTokenLocked(ActivityRecord.java:424)
12-09 07:38:43.006 W/ActivityManager( 1591): 	at com.android.server.am.ActivityRecord.isInStackLocked(ActivityRecord.java:1121)
12-09 07:38:43.006 W/ActivityManager( 1591): 	at com.android.server.am.ActivityManagerService.getActivityOptions(ActivityManagerService.java:11038)
12-09 07:38:43.006 W/ActivityManager( 1591): 	at android.app.ActivityManagerNative.onTransact(ActivityManagerNative.java:1734)
12-09 07:38:43.006 W/ActivityManager( 1591): 	at com.android.server.am.ActivityManagerService.onTransact(ActivityManagerService.java:2443)
12-09 07:38:43.006 W/ActivityManager( 1591): 	at android.os.Binder.execTransact(Binder.java:453)
12-09 07:38:43.043 D/EGL_emulation( 1708): eglMakeCurrent: 0x7fe2a92f8600: ver 2 0 (tinfo 0x7fe29d2c9b20)
12-09 07:38:43.070 I/Choreographer( 4105): Skipped 37 frames!  The application may be doing too much work on its main thread.
12-09 07:38:43.076 I/WindowManager( 1591): Screen frozen for +970ms due to Window{adf4dba u0 StatusBar}
12-09 07:38:43.441 D/gralloc_ranchu( 1218): gralloc_alloc: Creating ashmem region of size 3686400
12-09 07:38:43.884 D/gralloc_ranchu( 1218): gralloc_alloc: Creating ashmem region of size 3686400
12-09 07:38:44.381 I/AccountManagerService( 1591): getTypesVisibleToCaller: isPermitted? true
12-09 07:38:44.390 D/gralloc_ranchu( 1218): gralloc_alloc: Creating ashmem region of size 3686400
12-09 07:38:45.121 E/SurfaceFlinger( 1218): ro.sf.lcd_density must be defined as a build property
12-09 07:38:45.137 D/gralloc_ranchu( 1218): gralloc_alloc: Creating ashmem region of size 3686400
12-09 07:38:45.139 I/art     ( 1591): Starting a blocking GC Explicit
12-09 07:38:45.192 I/art     ( 1591): Explicit concurrent mark sweep GC freed 6045(458KB) AllocSpace objects, 0(0B) LOS objects, 30% free, 9MB/13MB, paused 1.398ms total 38.001ms
12-09 07:38:45.333 D/        ( 4145): HostConnection::get() New Host Connection established 0x7f930a012480, tid 4145
12-09 07:38:45.399 E/EGL_emulation( 1218): tid 1218: eglCreateSyncKHR(1881): error 0x3004 (EGL_BAD_ATTRIBUTE)
