--------- beginning of main
12-09 07:49:58.940 D/gralloc_ranchu( 1223): gralloc_alloc: Creating ashmem region of size 708608
12-09 07:49:59.088 W/audio_hw_generic( 1306): Not supplying enough data to HAL, expected position 10357902 , only wrote 10353904
12-09 07:49:59.088 W/audio_hw_generic( 1306): Not supplying enough data to HAL, expected position 10353911 , only wrote 10353904
12-09 07:49:59.122 E/EGL_emulation( 1223): tid 1223: eglCreateSyncKHR(1881): error 0x3004 (EGL_BAD_ATTRIBUTE)
12-09 07:49:59.139 W/audio_hw_generic( 1306): Hardware backing HAL too slow, could only write 0 of 661 frames
12-09 07:49:59.139 W/art     ( 1594): Long monitor contention event with owner method=android.graphics.Bitmap com.android.server.wm.WindowManagerService.screenshotApplicationsInner(android.os.IBinder, int, int, int, boolean) from WindowManagerService.java:6223 waiters=0 for 137ms
12-09 07:49:59.167 W/audio_hw_generic( 1306): Hardware backing HAL too slow, could only write 0 of 661 frames
--------- beginning of system
12-09 07:49:59.197 W/ActivityManager( 1594): Finishing task with all activities already finished
12-09 07:49:59.198 W/ActivityManager( 1594): Duplicate finish request for ActivityRecord{b2ce9b3 u0 com.evancharlton.mileage/.Mileage t360 f}
12-09 07:49:59.222 W/ActivityManager( 1594): Finishing task with all activities already finished
12-09 07:49:59.222 W/ActivityManager( 1594): Duplicate finish request for ActivityRecord{b2ce9b3 u0 com.evancharlton.mileage/.Mileage t360 f}
12-09 07:49:59.226 W/ActivityManager( 1594): Finishing task with all activities already finished
12-09 07:49:59.227 W/ActivityManager( 1594): Duplicate finish request for ActivityRecord{b2ce9b3 u0 com.evancharlton.mileage/.Mileage t360 f}
12-09 07:49:59.315 I/art     ( 1594): Background partial concurrent mark sweep GC freed 20680(1534KB) AllocSpace objects, 7(140KB) LOS objects, 29% free, 9MB/13MB, paused 64.912ms total 174.421ms
12-09 07:49:59.358 D/EGL_emulation( 1939): eglMakeCurrent: 0x7faa5fc74dc0: ver 2 0 (tinfo 0x7faa5fc42d80)
12-09 07:49:59.416 W/audio_hw_generic( 1306): Not supplying enough data to HAL, expected position 10368349 , only wrote 10367785
12-09 07:49:59.563 W/audio_hw_generic( 1306): Hardware backing HAL too slow, could only write 0 of 661 frames
12-09 07:49:59.638 W/audio_hw_generic( 1306): Not supplying enough data to HAL, expected position 10377600 , only wrote 10375056
12-09 07:49:59.927 D/hwcomposer( 1223): hw_composer sent 467 syncs in 60s
12-09 07:50:00.037 D/AndroidRuntime( 7141): >>>>>> START com.android.internal.os.RuntimeInit uid 0 <<<<<<
12-09 07:50:00.039 D/AndroidRuntime( 7141): CheckJNI is ON
12-09 07:50:00.048 W/art     ( 1594): Long monitor contention event with owner method=void com.android.server.wm.WindowAnimator$1.doFrame(long) from WindowAnimator.java:121 waiters=0 for 118ms
12-09 07:50:00.083 D/ICU     ( 7141): No timezone override file found: /data/misc/zoneinfo/current/icu/icu_tzdata.dat
12-09 07:50:00.159 W/art     ( 1594): Long monitor contention event with owner method=void com.android.server.wm.WindowAnimator$1.doFrame(long) from WindowAnimator.java:121 waiters=0 for 111ms
12-09 07:50:00.394 E/memtrack( 7141): Couldn't load memtrack module (No such file or directory)
12-09 07:50:00.395 E/android.os.Debug( 7141): failed to load memtrack module: -2
12-09 07:50:00.396 I/Radio-JNI( 7141): register_android_hardware_Radio DONE
12-09 07:50:00.577 W/art     ( 1594): Long monitor contention event with owner method=void com.android.server.wm.WindowAnimator$1.doFrame(long) from WindowAnimator.java:121 waiters=1 for 185ms
12-09 07:50:00.578 D/AndroidRuntime( 7141): Calling main entry com.android.commands.am.Am
12-09 07:50:00.799 I/Choreographer( 1939): Skipped 78 frames!  The application may be doing too much work on its main thread.
12-09 07:50:00.809 I/ActivityManager( 1594): Force stopping com.evancharlton.mileage appid=10121 user=0: start instr
12-09 07:50:00.809 I/ActivityManager( 1594): Killing 7102:com.evancharlton.mileage/u0a121 (adj 0): stop com.evancharlton.mileage
12-09 07:50:00.844 I/WindowState( 1594): WIN DEATH: Window{45760a0 u0 com.evancharlton.mileage/com.evancharlton.mileage.Mileage EXITING}
12-09 07:50:00.866 I/WindowState( 1594): WIN DEATH: Window{672782a u0 PopupWindow:1874b44 EXITING}
12-09 07:50:00.877 W/OpenGLRenderer( 1939): Incorrectly called buildLayer on View: ShortcutAndWidgetContainer, destroying layer...
12-09 07:50:00.993 W/ActivityManager( 1594): Crash of app com.evancharlton.mileage running instrumentation ComponentInfo{com.evancharlton.mileage.test/sh.calaba.instrumentationbackend.CalabashInstrumentationTestRunner}
12-09 07:50:00.993 I/ActivityManager( 1594): Force stopping com.evancharlton.mileage appid=10121 user=0: finished inst
12-09 07:50:01.071 I/ActivityManager( 1594): Start proc 7151:com.evancharlton.mileage/u0a121 for added application com.evancharlton.mileage
12-09 07:50:01.072 W/art     ( 1594): Long monitor contention event with owner method=java.util.List com.android.server.am.ActivityManagerService.getAllStackInfos() from ActivityManagerService.java:8937 waiters=2 for 305ms
12-09 07:50:01.072 D/AndroidRuntime( 7141): Shutting down VM
12-09 07:50:01.083 W/art     ( 1594): Long monitor contention event with owner method=boolean com.android.server.am.ActivityManagerService.startInstrumentation(android.content.ComponentName, java.lang.String, int, android.os.Bundle, android.app.IInstrumentationWatcher, android.app.IUiAutomationConnection, int, java.lang.String) from ActivityManagerService.java:17066 waiters=2 for 266ms
12-09 07:50:01.084 W/art     ( 1594): Long monitor contention event with owner method=boolean com.android.server.am.ActivityManagerService.startInstrumentation(android.content.ComponentName, java.lang.String, int, android.os.Bundle, android.app.IInstrumentationWatcher, android.app.IUiAutomationConnection, int, java.lang.String) from ActivityManagerService.java:17066 waiters=4 for 264ms
12-09 07:50:01.085 W/ActivityManager( 1594): Spurious death for ProcessRecord{c7ba4ce 0:com.evancharlton.mileage/u0a121}, curProc for 7102: null
12-09 07:50:01.085 W/art     ( 1594): Long monitor contention event with owner method=boolean com.android.server.am.ActivityManagerService.startInstrumentation(android.content.ComponentName, java.lang.String, int, android.os.Bundle, android.app.IInstrumentationWatcher, android.app.IUiAutomationConnection, int, java.lang.String) from ActivityManagerService.java:17066 waiters=6 for 208ms
12-09 07:50:01.208 W/System  ( 7151): ClassLoader referenced unknown path: /data/app/com.evancharlton.mileage.test-1/lib/x86_64
12-09 07:50:01.215 W/System  ( 7151): ClassLoader referenced unknown path: /data/app/com.evancharlton.mileage-1/lib/x86_64
12-09 07:50:01.349 I/System.out( 7151): Main activity name automatically set to: com.evancharlton.mileage.Mileage
12-09 07:50:01.349 I/System.out( 7151): Calabash did not load Mono. This is only a problem if you are trying to test a Mono application
12-09 07:50:01.349 I/calabash( 7151): Test server port: 7102
12-09 07:50:01.350 I/InstrumentationBackend( 7151): Added:'GetPreferences', with key:'get_preferences'
12-09 07:50:01.533 W/WindowAnimator( 1594): Failed to dispatch window animation state change.
12-09 07:50:01.533 W/WindowAnimator( 1594): android.os.DeadObjectException
12-09 07:50:01.533 W/WindowAnimator( 1594): 	at android.os.BinderProxy.transactNative(Native Method)
12-09 07:50:01.533 W/WindowAnimator( 1594): 	at android.os.BinderProxy.transact(Binder.java:503)
12-09 07:50:01.533 W/WindowAnimator( 1594): 	at android.view.IWindow$Stub$Proxy.onAnimationStopped(IWindow.java:534)
12-09 07:50:01.533 W/WindowAnimator( 1594): 	at com.android.server.wm.WindowAnimator.updateWindowsLocked(WindowAnimator.java:286)
12-09 07:50:01.533 W/WindowAnimator( 1594): 	at com.android.server.wm.WindowAnimator.animateLocked(WindowAnimator.java:678)
12-09 07:50:01.533 W/WindowAnimator( 1594): 	at com.android.server.wm.WindowAnimator.-wrap0(WindowAnimator.java)
12-09 07:50:01.533 W/WindowAnimator( 1594): 	at com.android.server.wm.WindowAnimator$1.doFrame(WindowAnimator.java:123)
12-09 07:50:01.533 W/WindowAnimator( 1594): 	at android.view.Choreographer$CallbackRecord.run(Choreographer.java:856)
12-09 07:50:01.533 W/WindowAnimator( 1594): 	at android.view.Choreographer.doCallbacks(Choreographer.java:670)
12-09 07:50:01.533 W/WindowAnimator( 1594): 	at android.view.Choreographer.doFrame(Choreographer.java:603)
12-09 07:50:01.533 W/WindowAnimator( 1594): 	at android.view.Choreographer$FrameDisplayEventReceiver.run(Choreographer.java:844)
12-09 07:50:01.533 W/WindowAnimator( 1594): 	at android.os.Handler.handleCallback(Handler.java:739)
12-09 07:50:01.533 W/WindowAnimator( 1594): 	at android.os.Handler.dispatchMessage(Handler.java:95)
12-09 07:50:01.533 W/WindowAnimator( 1594): 	at android.os.Looper.loop(Looper.java:148)
12-09 07:50:01.533 W/WindowAnimator( 1594): 	at android.os.HandlerThread.run(HandlerThread.java:61)
12-09 07:50:01.533 W/WindowAnimator( 1594): 	at com.android.server.ServiceThread.run(ServiceThread.java:46)
12-09 07:50:01.533 W/WindowAnimator( 1594): Failed to dispatch window animation state change.
12-09 07:50:01.533 W/WindowAnimator( 1594): android.os.DeadObjectException
12-09 07:50:01.533 W/WindowAnimator( 1594): 	at android.os.BinderProxy.transactNative(Native Method)
12-09 07:50:01.533 W/WindowAnimator( 1594): 	at android.os.BinderProxy.transact(Binder.java:503)
12-09 07:50:01.533 W/WindowAnimator( 1594): 	at android.view.IWindow$Stub$Proxy.onAnimationStopped(IWindow.java:534)
12-09 07:50:01.533 W/WindowAnimator( 1594): 	at com.android.server.wm.WindowAnimator.updateWindowsLocked(WindowAnimator.java:286)
12-09 07:50:01.533 W/WindowAnimator( 1594): 	at com.android.server.wm.WindowAnimator.animateLocked(WindowAnimator.java:678)
12-09 07:50:01.533 W/WindowAnimator( 1594): 	at com.android.server.wm.WindowAnimator.-wrap0(WindowAnimator.java)
12-09 07:50:01.533 W/WindowAnimator( 1594): 	at com.android.server.wm.WindowAnimator$1.doFrame(WindowAnimator.java:123)
12-09 07:50:01.533 W/WindowAnimator( 1594): 	at android.view.Choreographer$CallbackRecord.run(Choreographer.java:856)
12-09 07:50:01.533 W/WindowAnimator( 1594): 	at android.view.Choreographer.doCallbacks(Choreographer.java:670)
12-09 07:50:01.533 W/WindowAnimator( 1594): 	at android.view.Choreographer.doFrame(Choreographer.java:603)
12-09 07:50:01.533 W/WindowAnimator( 1594): 	at android.view.Choreographer$FrameDisplayEventReceiver.run(Choreographer.java:844)
12-09 07:50:01.533 W/WindowAnimator( 1594): 	at android.os.Handler.handleCallback(Handler.java:739)
12-09 07:50:01.533 W/WindowAnimator( 1594): 	at android.os.Handler.dispatchMessage(Handler.java:95)
12-09 07:50:01.533 W/WindowAnimator( 1594): 	at android.os.Looper.loop(Looper.java:148)
12-09 07:50:01.533 W/WindowAnimator( 1594): 	at android.os.HandlerThread.run(HandlerThread.java:61)
12-09 07:50:01.533 W/WindowAnimator( 1594): 	at com.android.server.ServiceThread.run(ServiceThread.java:46)
12-09 07:50:01.704 I/InstrumentationBackend( 7151): Added:'SetPreferences', with key:'set_preferences'
12-09 07:50:01.704 I/InstrumentationBackend( 7151): Added:'ClearPreferences', with key:'clear_preferences'
12-09 07:50:01.704 I/InstrumentationBackend( 7151): Added:'PressElement', with key:'press_l10n_element'
12-09 07:50:01.704 I/InstrumentationBackend( 7151): Added:'WaitForElement', with key:'wait_for_l10n_element'
12-09 07:50:01.705 I/InstrumentationBackend( 7151): Added:'NullAction', with key:'nullAction'
12-09 07:50:01.705 I/InstrumentationBackend( 7151): Added:'PressKey', with key:'press_key'
12-09 07:50:01.705 I/InstrumentationBackend( 7151): Added:'SetActivityOrientation', with key:'set_activity_orientation'
12-09 07:50:01.705 I/InstrumentationBackend( 7151): Added:'GetActivityOrientation', with key:'get_activity_orientation'
12-09 07:50:01.729 I/InstrumentationBackend( 7151): Added:'FakeGPSLocation', with key:'set_gps_coordinates'
12-09 07:50:01.729 I/InstrumentationBackend( 7151): Added:'SetPropertyByCssSelector', with key:'set_property_by_css_selector'
12-09 07:50:01.730 I/InstrumentationBackend( 7151): Added:'GetUrl', with key:'get_url'
12-09 07:50:01.730 I/InstrumentationBackend( 7151): Added:'ScrollTo', with key:'scroll_to'
12-09 07:50:01.731 I/InstrumentationBackend( 7151): Added:'GetLoadProgress', with key:'get_load_progress'
12-09 07:50:01.731 I/InstrumentationBackend( 7151): Added:'DumpHtml', with key:'dump_html'
12-09 07:50:01.731 I/InstrumentationBackend( 7151): Added:'DumpBodyHtml', with key:'dump_body_html'
12-09 07:50:01.731 I/InstrumentationBackend( 7151): Added:'EnterTextByCssSelector', with key:'enter_text_by_selector'
12-09 07:50:01.732 I/InstrumentationBackend( 7151): Added:'AndroidSDKVersion', with key:'android_sdk_version'
12-09 07:50:01.732 I/InstrumentationBackend( 7151): Added:'Version', with key:'version'
12-09 07:50:01.732 I/InstrumentationBackend( 7151): Added:'Drag', with key:'drag'
12-09 07:50:01.733 I/InstrumentationBackend( 7151): Added:'TouchCoordinates', with key:'touch_coordinate'
12-09 07:50:01.733 I/InstrumentationBackend( 7151): Added:'LongPressCoordinate', with key:'long_press_coordinate'
12-09 07:50:01.733 I/InstrumentationBackend( 7151): Added:'DragCoordinates', with key:'drag_coordinates'
12-09 07:50:01.733 I/InstrumentationBackend( 7151): Added:'ResumeApplication', with key:'resume_application'
12-09 07:50:01.733 I/InstrumentationBackend( 7151): Added:'Swipe', with key:'swipe'
12-09 07:50:01.733 I/InstrumentationBackend( 7151): Added:'DoubleTapCoordinate', with key:'double_tap_coordinate'
12-09 07:50:01.734 I/InstrumentationBackend( 7151): Added:'ClickOnScreen', with key:'click_on_screen'
12-09 07:50:01.734 I/InstrumentationBackend( 7151): Added:'GetActivityName', with key:'get_activity_name'
12-09 07:50:01.734 I/InstrumentationBackend( 7151): Added:'ScrollToView', with key:'scroll_to_view'
12-09 07:50:01.754 I/InstrumentationBackend( 7151): Added:'ViewConfiguration', with key:'view_configuration'
12-09 07:50:01.754 I/InstrumentationBackend( 7151): Added:'IsCurrentActivityFocused', with key:'is_current_activity_focused'
12-09 07:50:01.759 I/InstrumentationBackend( 7151): Added:'SendTcp', with key:'send_tcp'
12-09 07:50:01.759 I/InstrumentationBackend( 7151): Added:'DpToDevicePixel', with key:'dp_to_device_pixel'
12-09 07:50:01.762 I/InstrumentationBackend( 7151): Added:'KeyboardEnterText', with key:'keyboard_enter_text'
12-09 07:50:01.767 I/InstrumentationBackend( 7151): Added:'DeleteSurroundingText', with key:'delete_surrounding_text'
12-09 07:50:01.780 I/InstrumentationBackend( 7151): Added:'SetComposingRegion', with key:'set_composing_region'
12-09 07:50:01.780 I/InstrumentationBackend( 7151): Added:'SetSelection', with key:'set_selection'
12-09 07:50:01.780 I/InstrumentationBackend( 7151): Added:'KeyboardKeyEvent', with key:'keyboard_key_event'
12-09 07:50:01.780 I/InstrumentationBackend( 7151): Added:'PressUserActionButton', with key:'press_user_action_button'
12-09 07:50:01.781 I/InstrumentationBackend( 7151): Added:'HideSoftKeyboard', with key:'hide_soft_keyboard'
12-09 07:50:01.781 I/InstrumentationBackend( 7151): Added:'ListActions', with key:'list_actions'
12-09 07:50:01.795 I/calabash( 7151): Instantiating http server at 7102
12-09 07:50:01.800 I/System.out( 7151): HTTP Daemon listening on: 7102
12-09 07:50:01.923 I/art     ( 7151): Background sticky concurrent mark sweep GC freed 37265(1428KB) AllocSpace objects, 0(0B) LOS objects, 68% free, 1196KB/3MB, paused 1.659ms total 560.124ms
12-09 07:50:01.933 I/System.out( 7151): URI: //ping
12-09 07:50:01.933 I/System.out( 7151): params: {json={}
12-09 07:50:01.933 I/System.out( 7151): }
12-09 07:50:01.999 I/System.out( 7151): URI: //ping
12-09 07:50:01.999 I/System.out( 7151): params: {json={}
12-09 07:50:01.999 I/System.out( 7151): }
12-09 07:50:02.016 I/System.out( 7151): URI: //ready
12-09 07:50:02.016 I/System.out( 7151): params: {json={}
12-09 07:50:02.016 I/System.out( 7151): }
12-09 07:50:02.064 I/System.out( 7151): URI: //
12-09 07:50:02.064 I/System.out( 7151): params: {json={"command":"version","arguments":[]}
12-09 07:50:02.064 I/System.out( 7151): }
12-09 07:50:02.064 I/System.out( 7151): header: {date=Sun, 09 Dec 2018 07:50:02 GMT, accept=*/*, content-length=36, host=127.0.0.1:34777, user-agent=HTTPClient/1.0 (2.8.3, ruby 2.3.1 (2016-04-26)), content-type=application/json;charset=utf-8}
12-09 07:50:02.064 I/System.out( 7151): params: {json={"command":"version","arguments":[]}
12-09 07:50:02.065 I/System.out( 7151): }
12-09 07:50:02.065 I/System.out( 7151): ProP json = {"command":"version","arguments":[]}
12-09 07:50:02.065 I/System.out( 7151): files: {}
12-09 07:50:02.065 I/System.out( 7151): command: {"command":"version","arguments":[]}
12-09 07:50:02.080 I/InstrumentationBackend( 7151): Got command:'Command:'Line:null,version', arguments:'[]'
12-09 07:50:02.121 I/System.out( 7151): result:{"bonusInformation":[],"message":"0.9.8","success":true}
12-09 07:50:02.206 I/System.out( 7151): URI: //start-application
12-09 07:50:02.206 I/System.out( 7151): params: {json={"intent":null}
12-09 07:50:02.206 I/System.out( 7151): }
12-09 07:50:02.255 I/ActivityManager( 1594): START u0 {act=android.intent.action.MAIN cat=[android.intent.category.LAUNCHER] flg=0x10200000 cmp=com.evancharlton.mileage/.Mileage} from uid 10121 on display 0
12-09 07:50:02.336 W/art     ( 7151): Suspending all threads took: 16.889ms
12-09 07:50:02.347 I/calabash( 7151): newActivity1
12-09 07:50:02.365 I/art     ( 7151): Background partial concurrent mark sweep GC freed 34813(1975KB) AllocSpace objects, 15(300KB) LOS objects, 44% free, 1292KB/2MB, paused 26.977ms total 50.335ms
12-09 07:50:02.509 D/gralloc_ranchu( 1223): gralloc_alloc: Creating ashmem region of size 3686400
12-09 07:50:02.521 I/calabash( 7151): newActivity1
12-09 07:50:02.523 W/ActivityManager( 1594): Bad activity token: android.os.BinderProxy@c2c6501
12-09 07:50:02.523 W/ActivityManager( 1594): java.lang.ClassCastException: android.os.BinderProxy cannot be cast to com.android.server.am.ActivityRecord$Token
12-09 07:50:02.523 W/ActivityManager( 1594): 	at com.android.server.am.ActivityRecord.forTokenLocked(ActivityRecord.java:424)
12-09 07:50:02.523 W/ActivityManager( 1594): 	at com.android.server.am.ActivityRecord.isInStackLocked(ActivityRecord.java:1121)
12-09 07:50:02.523 W/ActivityManager( 1594): 	at com.android.server.am.ActivityRecord.getStackLocked(ActivityRecord.java:1126)
12-09 07:50:02.523 W/ActivityManager( 1594): 	at com.android.server.am.ActivityManagerService.getActivityDisplayId(ActivityManagerService.java:8889)
12-09 07:50:02.523 W/ActivityManager( 1594): 	at android.app.ActivityManagerNative.onTransact(ActivityManagerNative.java:2338)
12-09 07:50:02.523 W/ActivityManager( 1594): 	at com.android.server.am.ActivityManagerService.onTransact(ActivityManagerService.java:2443)
12-09 07:50:02.523 W/ActivityManager( 1594): 	at android.os.Binder.execTransact(Binder.java:453)
12-09 07:50:02.536 W/ActivityManager( 1594): Bad activity token: android.os.BinderProxy@c2c6501
12-09 07:50:02.536 W/ActivityManager( 1594): java.lang.ClassCastException: android.os.BinderProxy cannot be cast to com.android.server.am.ActivityRecord$Token
12-09 07:50:02.536 W/ActivityManager( 1594): 	at com.android.server.am.ActivityRecord.forTokenLocked(ActivityRecord.java:424)
12-09 07:50:02.536 W/ActivityManager( 1594): 	at com.android.server.am.ActivityRecord.isInStackLocked(ActivityRecord.java:1121)
12-09 07:50:02.536 W/ActivityManager( 1594): 	at com.android.server.am.ActivityManagerService.setTaskDescription(ActivityManagerService.java:8547)
12-09 07:50:02.536 W/ActivityManager( 1594): 	at android.app.ActivityManagerNative.onTransact(ActivityManagerNative.java:2410)
12-09 07:50:02.536 W/ActivityManager( 1594): 	at com.android.server.am.ActivityManagerService.onTransact(ActivityManagerService.java:2443)
12-09 07:50:02.536 W/ActivityManager( 1594): 	at android.os.Binder.execTransact(Binder.java:453)
12-09 07:50:02.628 W/ActivityManager( 1594): Bad activity token: android.os.BinderProxy@c2c6501
12-09 07:50:02.628 W/ActivityManager( 1594): java.lang.ClassCastException: android.os.BinderProxy cannot be cast to com.android.server.am.ActivityRecord$Token
12-09 07:50:02.628 W/ActivityManager( 1594): 	at com.android.server.am.ActivityRecord.forTokenLocked(ActivityRecord.java:424)
12-09 07:50:02.628 W/ActivityManager( 1594): 	at com.android.server.am.ActivityRecord.isInStackLocked(ActivityRecord.java:1121)
12-09 07:50:02.628 W/ActivityManager( 1594): 	at com.android.server.am.ActivityManagerService.getActivityOptions(ActivityManagerService.java:11038)
12-09 07:50:02.628 W/ActivityManager( 1594): 	at android.app.ActivityManagerNative.onTransact(ActivityManagerNative.java:1734)
12-09 07:50:02.628 W/ActivityManager( 1594): 	at com.android.server.am.ActivityManagerService.onTransact(ActivityManagerService.java:2443)
12-09 07:50:02.628 W/ActivityManager( 1594): 	at android.os.Binder.execTransact(Binder.java:453)
12-09 07:50:02.640 W/ActivityManager( 1594): Bad activity token: android.os.BinderProxy@c2c6501
12-09 07:50:02.640 W/ActivityManager( 1594): java.lang.ClassCastException: android.os.BinderProxy cannot be cast to com.android.server.am.ActivityRecord$Token
12-09 07:50:02.640 W/ActivityManager( 1594): 	at com.android.server.am.ActivityRecord.forTokenLocked(ActivityRecord.java:424)
12-09 07:50:02.640 W/ActivityManager( 1594): 	at com.android.server.am.ActivityRecord.isInStackLocked(ActivityRecord.java:1121)
12-09 07:50:02.640 W/ActivityManager( 1594): 	at com.android.server.am.ActivityManagerService.getActivityOptions(ActivityManagerService.java:11038)
12-09 07:50:02.640 W/ActivityManager( 1594): 	at android.app.ActivityManagerNative.onTransact(ActivityManagerNative.java:1734)
12-09 07:50:02.640 W/ActivityManager( 1594): 	at com.android.server.am.ActivityManagerService.onTransact(ActivityManagerService.java:2443)
12-09 07:50:02.640 W/ActivityManager( 1594): 	at android.os.Binder.execTransact(Binder.java:453)
12-09 07:50:02.813 V/PhoneStatusBar( 1694): setLightsOn(true)
12-09 07:50:02.951 D/EGL_emulation( 1939): eglMakeCurrent: 0x7faa5fc74dc0: ver 2 0 (tinfo 0x7faa5fc42d80)
12-09 07:50:02.952 E/Surface ( 1939): getSlotFromBufferLocked: unknown buffer: 0x7faa5c20d1a0
12-09 07:50:03.344 I/Choreographer( 7151): Skipped 30 frames!  The application may be doing too much work on its main thread.
12-09 07:50:03.403 D/gralloc_ranchu( 1223): gralloc_alloc: Creating ashmem region of size 3686400
12-09 07:50:03.527 D/        ( 7151): HostConnection::get() New Host Connection established 0x7faa5c27d0a0, tid 7151
12-09 07:50:03.844 D/gralloc_ranchu( 1223): gralloc_alloc: Creating ashmem region of size 3686400
12-09 07:50:03.915 I/ActivityManager( 1594): Displayed com.evancharlton.mileage/.Mileage: +1s611ms
12-09 07:50:04.480 D/gralloc_ranchu( 1223): gralloc_alloc: Creating ashmem region of size 3686400
12-09 07:50:04.916 I/art     ( 7151): Background partial concurrent mark sweep GC freed 4585(235KB) AllocSpace objects, 0(0B) LOS objects, 39% free, 2MB/3MB, paused 9.326ms total 56.306ms
12-09 07:50:04.971 I/System.out( 7151): URI: //map
12-09 07:50:04.971 I/System.out( 7151): params: {json={"query":"android.widget.CheckBox index:0","operation":{"method_name":"query","arguments":[]}}
12-09 07:50:04.971 I/System.out( 7151): }
12-09 07:50:05.197 I/art     ( 7151): Background sticky concurrent mark sweep GC freed 54106(2MB) AllocSpace objects, 2(40KB) LOS objects, 41% free, 2MB/3MB, paused 9.943ms total 97.432ms
12-09 07:50:05.211 I/System.out( 7151): URI: //gesture
12-09 07:50:05.211 I/System.out( 7151): params: {json={"query_timeout":5.0,"gestures":[{"query_string":"android.widget.CheckBox index:0","touches":[{"x":50,"y":50,"offset_x":0,"offset_y":0,"wait":0.0,"time":0.2,"release":true,"query_string":null}]}]}
12-09 07:50:05.211 I/System.out( 7151): }
12-09 07:50:05.971 W/audio_hw_generic( 1306): Not supplying enough data to HAL, expected position 10375768 , only wrote 10375717
12-09 07:50:05.971 W/audio_hw_generic( 1306): Not supplying enough data to HAL, expected position 10375724 , only wrote 10375717
12-09 07:50:05.987 W/audio_hw_generic( 1306): Hardware backing HAL too slow, could only write 0 of 661 frames
12-09 07:50:06.005 I/art     ( 7151): Background partial concurrent mark sweep GC freed 41118(1847KB) AllocSpace objects, 4(80KB) LOS objects, 40% free, 2MB/4MB, paused 38.268ms total 407.396ms
12-09 07:50:06.012 D/AudioFlinger( 1306): mixer(0xf43c0000) throttle end: throttle time(4)
12-09 07:50:06.017 W/audio_hw_generic( 1306): Hardware backing HAL too slow, could only write 0 of 661 frames
12-09 07:50:06.038 W/audio_hw_generic( 1306): Hardware backing HAL too slow, could only write 0 of 661 frames
12-09 07:50:06.200 W/audio_hw_generic( 1306): Hardware backing HAL too slow, could only write 0 of 661 frames
12-09 07:50:06.200 W/audio_hw_generic( 1306): Hardware backing HAL too slow, could only write 0 of 661 frames
12-09 07:50:06.223 W/audio_hw_generic( 1306): Hardware backing HAL too slow, could only write 0 of 661 frames
12-09 07:50:06.244 W/audio_hw_generic( 1306): Hardware backing HAL too slow, could only write 0 of 661 frames
12-09 07:50:06.269 W/audio_hw_generic( 1306): Hardware backing HAL too slow, could only write 0 of 661 frames
12-09 07:50:06.283 W/audio_hw_generic( 1306): Hardware backing HAL too slow, could only write 0 of 661 frames
12-09 07:50:06.299 W/audio_hw_generic( 1306): Hardware backing HAL too slow, could only write 0 of 661 frames
12-09 07:50:06.494 E/SurfaceFlinger( 1223): ro.sf.lcd_density must be defined as a build property
12-09 07:50:06.496 D/gralloc_ranchu( 1223): gralloc_alloc: Creating ashmem region of size 3686400
12-09 07:50:06.551 D/        ( 7179): HostConnection::get() New Host Connection established 0x7fdfb5292480, tid 7179
12-09 07:50:06.585 E/EGL_emulation( 1223): tid 1223: eglCreateSyncKHR(1881): error 0x3004 (EGL_BAD_ATTRIBUTE)
12-09 07:50:06.805 W/audio_hw_generic( 1306): Hardware backing HAL too slow, could only write 0 of 661 frames
12-09 07:50:06.816 W/audio_hw_generic( 1306): Hardware backing HAL too slow, could only write 0 of 661 frames
12-09 07:50:06.835 W/audio_hw_generic( 1306): Hardware backing HAL too slow, could only write 0 of 661 frames
12-09 07:50:06.843 W/audio_hw_generic( 1306): Hardware backing HAL too slow, could only write 0 of 661 frames
12-09 07:50:07.141 W/audio_hw_generic( 1306): Not supplying enough data to HAL, expected position 10427342 , only wrote 10427275
12-09 07:50:07.383 I/System.out( 7151): URI: //map
12-09 07:50:07.387 I/System.out( 7151): params: {json={"query":"android.widget.CheckBox index:0","operation":{"method_name":"query","arguments":[]}}
12-09 07:50:07.387 I/System.out( 7151): }
12-09 07:50:07.504 I/System.out( 7151): URI: //gesture
12-09 07:50:07.505 I/System.out( 7151): params: {json={"query_timeout":5.0,"gestures":[{"query_string":"android.widget.CheckBox index:0","touches":[{"x":50,"y":50,"offset_x":0,"offset_y":0,"wait":0.0,"time":0.2,"release":true,"query_string":null}]}]}
12-09 07:50:07.505 I/System.out( 7151): }
12-09 07:50:07.852 W/audio_hw_generic( 1306): Not supplying enough data to HAL, expected position 10458599 , only wrote 10458342
12-09 07:50:07.885 D/AudioFlinger( 1306): mixer(0xf43c0000) throttle end: throttle time(15)
12-09 07:50:07.980 W/audio_hw_generic( 1306): Not supplying enough data to HAL, expected position 10463983 , only wrote 10463630
12-09 07:50:07.980 W/audio_hw_generic( 1306): Not supplying enough data to HAL, expected position 10463637 , only wrote 10463630
12-09 07:50:08.011 W/audio_hw_generic( 1306): Not supplying enough data to HAL, expected position 10465022 , only wrote 10464291
12-09 07:50:08.410 E/SurfaceFlinger( 1223): ro.sf.lcd_density must be defined as a build property
12-09 07:50:08.447 D/gralloc_ranchu( 1223): gralloc_alloc: Creating ashmem region of size 3686400
12-09 07:50:08.450 W/audio_hw_generic( 1306): Not supplying enough data to HAL, expected position 10483640 , only wrote 10480155
12-09 07:50:08.450 W/audio_hw_generic( 1306): Not supplying enough data to HAL, expected position 10480163 , only wrote 10480155
12-09 07:50:08.468 D/        ( 7185): HostConnection::get() New Host Connection established 0x7ff024092480, tid 7185
12-09 07:50:08.469 W/audio_hw_generic( 1306): Not supplying enough data to HAL, expected position 10480996 , only wrote 10480816
12-09 07:50:08.515 E/EGL_emulation( 1223): tid 1223: eglCreateSyncKHR(1881): error 0x3004 (EGL_BAD_ATTRIBUTE)
12-09 07:50:09.115 W/audio_hw_generic( 1306): Not supplying enough data to HAL, expected position 10509287 , only wrote 10507256
12-09 07:50:09.123 W/audio_hw_generic( 1306): Not supplying enough data to HAL, expected position 10507600 , only wrote 10507256
12-09 07:50:09.139 W/audio_hw_generic( 1306): Not supplying enough data to HAL, expected position 10507952 , only wrote 10507917
