12-09 07:47:21.735 D/StrictMode( 7994): 	at android.os.Handler.dispatchMessage(Handler.java:102)
12-09 07:47:21.735 D/StrictMode( 7994): 	at android.os.Looper.loop(Looper.java:148)
12-09 07:47:21.735 D/StrictMode( 7994): 	at android.app.ActivityThread.main(ActivityThread.java:5417)
12-09 07:47:21.735 D/StrictMode( 7994): 	at java.lang.reflect.Method.invoke(Native Method)
12-09 07:47:21.735 D/StrictMode( 7994): 	at com.android.internal.os.ZygoteInit$MethodAndArgsCaller.run(ZygoteInit.java:726)
12-09 07:47:21.735 D/StrictMode( 7994): 	at com.android.internal.os.ZygoteInit.main(ZygoteInit.java:616)
12-09 07:47:21.735 D/StrictMode( 7994): StrictMode policy violation; ~duration=373 ms: android.os.StrictMode$StrictModeDiskReadViolation: policy=65567 violation=2
12-09 07:47:21.735 D/StrictMode( 7994): 	at android.os.StrictMode$AndroidBlockGuardPolicy.onReadFromDisk(StrictMode.java:1263)
12-09 07:47:21.735 D/StrictMode( 7994): 	at libcore.io.BlockGuardOs.read(BlockGuardOs.java:229)
12-09 07:47:21.735 D/StrictMode( 7994): 	at libcore.io.IoBridge.read(IoBridge.java:468)
12-09 07:47:21.735 D/StrictMode( 7994): 	at java.io.FileInputStream.read(FileInputStream.java:177)
12-09 07:47:21.735 D/StrictMode( 7994): 	at java.io.BufferedInputStream.read(BufferedInputStream.java:290)
12-09 07:47:21.735 D/StrictMode( 7994): 	at java.io.DataInputStream.read(DataInputStream.java:63)
12-09 07:47:21.735 D/StrictMode( 7994): 	at com.google.r.k.d(PG:1187)
12-09 07:47:21.735 D/StrictMode( 7994): 	at com.google.r.k.a(PG:2107)
12-09 07:47:21.735 D/StrictMode( 7994): 	at com.google.w.a.a.do.<init>(PG:23)
12-09 07:47:21.735 D/StrictMode( 7994): 	at com.google.w.a.a.do.a(PG:405)
12-09 07:47:21.735 D/StrictMode( 7994): 	at com.google.r.v.a(PG:1161)
12-09 07:47:21.735 D/StrictMode( 7994): 	at com.google.r.y.a(PG:2188)
12-09 07:47:21.735 D/StrictMode( 7994): 	at com.google.r.e.b(PG:170)
12-09 07:47:21.735 D/StrictMode( 7994): 	at com.google.r.e.b(PG:15188)
12-09 07:47:21.735 D/StrictMode( 7994): 	at com.google.android.apps.gmm.shared.i.h.a(PG:251)
12-09 07:47:21.735 D/StrictMode( 7994): 	at com.google.android.apps.gmm.map.m.q.a(PG:8693)
12-09 07:47:21.735 D/StrictMode( 7994): 	at com.google.android.apps.gmm.shared.f.a.a(PG:48)
12-09 07:47:21.735 D/StrictMode( 7994): 	at com.google.android.apps.gmm.map.m.e.a(PG:1531)
12-09 07:47:21.735 D/StrictMode( 7994): 	at com.google.android.apps.gmm.base.app.a.a(PG:244)
12-09 07:47:21.735 D/StrictMode( 7994): 	at com.google.android.apps.gmm.base.app.a.a(PG:2265)
12-09 07:47:21.735 D/StrictMode( 7994): 	at com.google.android.apps.gmm.base.app.GoogleMapsApplication.a(PG:206)
12-09 07:47:21.735 D/StrictMode( 7994): 	at com.google.android.apps.gmm.base.app.GoogleMapsApplication.onCreate(PG:174)
12-09 07:47:21.735 D/StrictMode( 7994): 	at android.app.Instrumentation.callApplicationOnCreate(Instrumentation.java:1013)
12-09 07:47:21.735 D/StrictMode( 7994): 	at android.app.ActivityThread.handleBindApplication(ActivityThread.java:4707)
12-09 07:47:21.735 D/StrictMode( 7994): 	at android.app.ActivityThread.-wrap1(ActivityThread.java)
12-09 07:47:21.735 D/StrictMode( 7994): 	at android.app.ActivityThread$H.handleMessage(ActivityThread.java:1405)
12-09 07:47:21.735 D/StrictMode( 7994): 	at android.os.Handler.dispatchMessage(Handler.java:102)
12-09 07:47:21.735 D/StrictMode( 7994): 	at android.os.Looper.loop(Looper.java:148)
12-09 07:47:21.735 D/StrictMode( 7994): 	at android.app.ActivityThread.main(ActivityThread.java:5417)
12-09 07:47:21.735 D/StrictMode( 7994): 	at java.lang.reflect.Method.invoke(Native Method)
12-09 07:47:21.735 D/StrictMode( 7994): 	at com.android.internal.os.ZygoteInit$MethodAndArgsCaller.run(ZygoteInit.java:726)
12-09 07:47:21.735 D/StrictMode( 7994): 	at com.android.internal.os.ZygoteInit.main(ZygoteInit.java:616)
12-09 07:47:21.735 D/StrictMode( 7994): StrictMode policy violation; ~duration=373 ms: android.os.StrictMode$StrictModeDiskReadViolation: policy=65567 violation=2
12-09 07:47:21.735 D/StrictMode( 7994): 	at android.os.StrictMode$AndroidBlockGuardPolicy.onReadFromDisk(StrictMode.java:1263)
12-09 07:47:21.735 D/StrictMode( 7994): 	at libcore.io.BlockGuardOs.read(BlockGuardOs.java:229)
12-09 07:47:21.735 D/StrictMode( 7994): 	at libcore.io.IoBridge.read(IoBridge.java:468)
12-09 07:47:21.735 D/StrictMode( 7994): 	at java.io.FileInputStream.read(FileInputStream.java:177)
12-09 07:47:21.735 D/StrictMode( 7994): 	at java.io.BufferedInputStream.read(BufferedInputStream.java:290)
12-09 07:47:21.735 D/StrictMode( 7994): 	at java.io.DataInputStream.read(DataInputStream.java:63)
12-09 07:47:21.735 D/StrictMode( 7994): 	at com.google.r.k.c(PG:1302)
12-09 07:47:21.735 D/StrictMode( 7994): 	at com.google.r.k.d(PG:583)
12-09 07:47:21.735 D/StrictMode( 7994): 	at com.google.w.a.a.do.<init>(PG:40)
12-09 07:47:21.735 D/StrictMode( 7994): 	at com.google.w.a.a.do.a(PG:405)
12-09 07:47:21.735 D/StrictMode( 7994): 	at com.google.r.v.a(PG:1161)
12-09 07:47:21.735 D/StrictMode( 7994): 	at com.google.r.y.a(PG:2188)
12-09 07:47:21.735 D/StrictMode( 7994): 	at com.google.r.e.b(PG:170)
12-09 07:47:21.735 D/StrictMode( 7994): 	at com.google.r.e.b(PG:15188)
12-09 07:47:21.735 D/StrictMode( 7994): 	at com.google.android.apps.gmm.shared.i.h.a(PG:251)
12-09 07:47:21.735 D/StrictMode( 7994): 	at com.google.android.apps.gmm.map.m.q.a(PG:8693)
12-09 07:47:21.735 D/StrictMode( 7994): 	at com.google.android.apps.gmm.shared.f.a.a(PG:48)
12-09 07:47:21.735 D/StrictMode( 7994): 	at com.google.android.apps.gmm.map.m.e.a(PG:1531)
12-09 07:47:21.735 D/StrictMode( 7994): 	at com.google.android.apps.gmm.base.app.a.a(PG:244)
12-09 07:47:21.735 D/StrictMode( 7994): 	at com.google.android.apps.gmm.base.app.a.a(PG:2265)
12-09 07:47:21.735 D/StrictMode( 7994): 	at com.google.android.apps.gmm.base.app.GoogleMapsApplication.a(PG:206)
12-09 07:47:21.735 D/StrictMode( 7994): 	at com.google.android.apps.gmm.base.app.GoogleMapsApplication.onCreate(PG:174)
12-09 07:47:21.735 D/StrictMode( 7994): 	at android.app.Instrumentation.callApplicationOnCreate(Instrumentation.java:1013)
12-09 07:47:21.735 D/StrictMode( 7994): 	at android.app.ActivityThread.handleBindApplication(ActivityThread.java:4707)
12-09 07:47:21.735 D/StrictMode( 7994): 	at android.app.ActivityThread.-wrap1(ActivityThread.java)
12-09 07:47:21.735 D/StrictMode( 7994): 	at android.app.ActivityThread$H.handleMessage(ActivityThread.java:1405)
12-09 07:47:21.735 D/StrictMode( 7994): 	at android.os.Handler.dispatchMessage(Handler.java:102)
12-09 07:47:21.735 D/StrictMode( 7994): 	at android.os.Looper.loop(Looper.java:148)
12-09 07:47:21.735 D/StrictMode( 7994): 	at android.app.ActivityThread.main(ActivityThread.java:5417)
12-09 07:47:21.735 D/StrictMode( 7994): 	at java.lang.reflect.Method.invoke(Native Method)
12-09 07:47:21.735 D/StrictMode( 7994): 	at com.android.internal.os.ZygoteInit$MethodAndArgsCaller.run(ZygoteInit.java:726)
12-09 07:47:21.735 D/StrictMode( 7994): 	at com.android.internal.os.ZygoteInit.main(ZygoteInit.java:616)
12-09 07:47:21.735 D/StrictMode( 7994): StrictMode policy violation; ~duration=372 ms: android.os.StrictMode$StrictModeDiskReadViolation: policy=65567 violation=2
12-09 07:47:21.735 D/StrictMode( 7994): 	at android.os.StrictMode$AndroidBlockGuardPolicy.onReadFromDisk(StrictMode.java:1263)
12-09 07:47:21.735 D/StrictMode( 7994): 	at libcore.io.BlockGuardOs.read(BlockGuardOs.java:229)
12-09 07:47:21.735 D/StrictMode( 7994): 	at libcore.io.IoBridge.read(IoBridge.java:468)
12-09 07:47:21.735 D/StrictMode( 7994): 	at java.io.FileInputStream.read(FileInputStream.java:177)
12-09 07:47:21.735 D/StrictMode( 7994): 	at java.io.InputStream.read(InputStream.java:162)
12-09 07:47:21.735 D/StrictMode( 7994): 	at java.io.BufferedInputStream.fillbuf(BufferedInputStream.java:149)
12-09 07:47:21.735 D/StrictMode( 7994): 	at java.io.BufferedInputStream.read(BufferedInputStream.java:295)
12-09 07:47:21.735 D/StrictMode( 7994): 	at java.io.DataInputStream.read(DataInputStream.java:63)
12-09 07:47:21.735 D/StrictMode( 7994): 	at com.google.r.k.c(PG:1302)
12-09 07:47:21.735 D/StrictMode( 7994): 	at com.google.r.k.d(PG:583)
12-09 07:47:21.735 D/StrictMode( 7994): 	at com.google.w.a.a.do.<init>(PG:40)
12-09 07:47:21.735 D/StrictMode( 7994): 	at com.google.w.a.a.do.a(PG:405)
12-09 07:47:21.735 D/StrictMode( 7994): 	at com.google.r.v.a(PG:1161)
12-09 07:47:21.735 D/StrictMode( 7994): 	at com.google.r.y.a(PG:2188)
12-09 07:47:21.735 D/StrictMode( 7994): 	at com.google.r.e.b(PG:170)
12-09 07:47:21.735 D/StrictMode( 7994): 	at com.google.r.e.b(PG:15188)
12-09 07:47:21.735 D/StrictMode( 7994): 	at com.google.android.apps.gmm.shared.i.h.a(PG:251)
12-09 07:47:21.735 D/StrictMode( 7994): 	at com.google.android.apps.gmm.map.m.q.a(PG:8693)
12-09 07:47:21.735 D/StrictMode( 7994): 	at com.google.android.apps.gmm.shared.f.a.a(PG:48)
12-09 07:47:21.735 D/StrictMode( 7994): 	at com.google.android.apps.gmm.map.m.e.a(PG:1531)
12-09 07:47:21.735 D/StrictMode( 7994): 	at com.google.android.apps.gmm.base.app.a.a(PG:244)
12-09 07:47:21.735 D/StrictMode( 7994): 	at com.google.android.apps.gmm.base.app.a.a(PG:2265)
12-09 07:47:21.735 D/StrictMode( 7994): 	at com.google.android.apps.gmm.base.app.GoogleMapsApplication.a(PG:206)
12-09 07:47:21.735 D/StrictMode( 7994): 	at com.google.android.apps.gmm.base.app.GoogleMapsApplication.onCreate(PG:174)
12-09 07:47:21.735 D/StrictMode( 7994): 	at android.app.Instrumentation.callApplicationOnCreate(Instrumentation.java:1013)
12-09 07:47:21.735 D/StrictMode( 7994): 	at android.app.ActivityThread.handleBindApplication(ActivityThread.java:4707)
12-09 07:47:21.735 D/StrictMode( 7994): 	at android.app.ActivityThread.-wrap1(ActivityThread.java)
12-09 07:47:21.735 D/StrictMode( 7994): 	at android.app.ActivityThread$H.handleMessage(ActivityThread.java:1405)
12-09 07:47:21.735 D/StrictMode( 7994): 	at android.os.Handler.dispatchMessage(Handler.java:102)
12-09 07:47:21.735 D/StrictMode( 7994): 	at android.os.Looper.loop(Looper.java:148)
12-09 07:47:21.735 D/StrictMode( 7994): 	at android.app.ActivityThread.main(ActivityThread.java:5417)
12-09 07:47:21.735 D/StrictMode( 7994): 	at java.lang.reflect.Method.invoke(Native Method)
12-09 07:47:21.735 D/StrictMode( 7994): 	at com.android.internal.os.ZygoteInit$MethodAndArgsCaller.run(ZygoteInit.java:726)
12-09 07:47:21.735 D/StrictMode( 7994): 	at com.android.internal.os.ZygoteInit.main(ZygoteInit.java:616)
12-09 07:47:21.735 D/StrictMode( 7994): StrictMode policy violation; ~duration=339 ms: android.os.StrictMode$StrictModeDiskReadViolation: policy=65567 violation=2
12-09 07:47:21.735 D/StrictMode( 7994): 	at android.os.StrictMode$AndroidBlockGuardPolicy.onReadFromDisk(StrictMode.java:1263)
12-09 07:47:21.735 D/StrictMode( 7994): 	at libcore.io.BlockGuardOs.read(BlockGuardOs.java:229)
12-09 07:47:21.735 D/StrictMode( 7994): 	at libcore.io.IoBridge.read(IoBridge.java:468)
12-09 07:47:21.735 D/StrictMode( 7994): 	at java.io.FileInputStream.read(FileInputStream.java:177)
12-09 07:47:21.735 D/StrictMode( 7994): 	at java.io.InputStream.read(InputStream.java:162)
12-09 07:47:21.735 D/StrictMode( 7994): 	at java.io.BufferedInputStream.fillbuf(BufferedInputStream.java:149)
12-09 07:47:21.735 D/StrictMode( 7994): 	at java.io.BufferedInputStream.read(BufferedInputStream.java:295)
12-09 07:47:21.735 D/StrictMode( 7994): 	at java.io.DataInputStream.read(DataInputStream.java:63)
12-09 07:47:21.735 D/StrictMode( 7994): 	at com.google.r.k.d(PG:1187)
12-09 07:47:21.735 D/StrictMode( 7994): 	at com.google.r.k.a(PG:2107)
12-09 07:47:21.735 D/StrictMode( 7994): 	at com.google.w.a.a.do.<init>(PG:23)
12-09 07:47:21.735 D/StrictMode( 7994): 	at com.google.w.a.a.do.a(PG:405)
12-09 07:47:21.735 D/StrictMode( 7994): 	at com.google.r.v.a(PG:1161)
12-09 07:47:21.735 D/StrictMode( 7994): 	at com.google.r.y.a(PG:2188)
12-09 07:47:21.735 D/StrictMode( 7994): 	at com.google.r.e.b(PG:170)
12-09 07:47:21.735 D/StrictMode( 7994): 	at com.google.r.e.b(PG:15188)
12-09 07:47:21.735 D/StrictMode( 7994): 	at com.google.android.apps.gmm.shared.i.h.a(PG:251)
12-09 07:47:21.735 D/StrictMode( 7994): 	at com.google.android.apps.gmm.map.m.q.a(PG:8693)
12-09 07:47:21.735 D/StrictMode( 7994): 	at com.google.android.apps.gmm.shared.f.a.a(PG:48)
12-09 07:47:21.735 D/StrictMode( 7994): 	at com.google.android.apps.gmm.map.m.e.a(PG:1531)
12-09 07:47:21.735 D/StrictMode( 7994): 	at com.google.android.apps.gmm.base.app.a.a(PG:244)
12-09 07:47:21.735 D/StrictMode( 7994): 	at com.google.android.apps.gmm.base.app.a.a(PG:2265)
12-09 07:47:21.735 D/StrictMode( 7994): 	at com.google.android.apps.gmm.base.app.GoogleMapsApplication.a(PG:206)
12-09 07:47:21.735 D/StrictMode( 7994): 	at com.google.android.apps.gmm.base.app.GoogleMapsApplication.onCreate(PG:174)
12-09 07:47:21.735 D/StrictMode( 7994): 	at android.app.Instrumentation.callApplicationOnCreate(Instrumentation.java:1013)
12-09 07:47:21.735 D/StrictMode( 7994): 	at android.app.ActivityThread.handleBindApplication(ActivityThread.java:4707)
12-09 07:47:21.735 D/StrictMode( 7994): 	at android.app.ActivityThread.-wrap1(ActivityThread.java)
12-09 07:47:21.735 D/StrictMode( 7994): 	at android.app.ActivityThread$H.handleMessage(ActivityThread.java:1405)
12-09 07:47:21.735 D/StrictMode( 7994): 	at android.os.Handler.dispatchMessage(Handler.java:102)
12-09 07:47:21.735 D/StrictMode( 7994): 	at android.os.Looper.loop(Looper.java:148)
12-09 07:47:21.735 D/StrictMode( 7994): 	at android.app.ActivityThread.main(ActivityThread.java:5417)
12-09 07:47:21.735 D/StrictMode( 7994): 	at java.lang.reflect.Method.invoke(Native Method)
12-09 07:47:21.735 D/StrictMode( 7994): 	at com.android.internal.os.ZygoteInit$MethodAndArgsCaller.run(ZygoteInit.java:726)
12-09 07:47:21.735 D/StrictMode( 7994): 	at com.android.internal.os.ZygoteInit.main(ZygoteInit.java:616)
12-09 07:47:21.744 D/StrictMode( 7994): StrictMode policy violation; ~duration=338 ms: android.os.StrictMode$StrictModeDiskReadViolation: policy=65567 violation=2
12-09 07:47:21.744 D/StrictMode( 7994): 	at android.os.StrictMode$AndroidBlockGuardPolicy.onReadFromDisk(StrictMode.java:1263)
12-09 07:47:21.744 D/StrictMode( 7994): 	at libcore.io.BlockGuardOs.read(BlockGuardOs.java:229)
12-09 07:47:21.744 D/StrictMode( 7994): 	at libcore.io.IoBridge.read(IoBridge.java:468)
12-09 07:47:21.744 D/StrictMode( 7994): 	at java.io.FileInputStream.read(FileInputStream.java:177)
12-09 07:47:21.744 D/StrictMode( 7994): 	at java.io.InputStream.read(InputStream.java:162)
12-09 07:47:21.744 D/StrictMode( 7994): 	at java.io.BufferedInputStream.fillbuf(BufferedInputStream.java:149)
12-09 07:47:21.744 D/StrictMode( 7994): 	at java.io.BufferedInputStream.read(BufferedInputStream.java:295)
12-09 07:47:21.744 D/StrictMode( 7994): 	at java.io.DataInputStream.read(DataInputStream.java:63)
12-09 07:47:21.744 D/StrictMode( 7994): 	at com.google.r.k.d(PG:1187)
12-09 07:47:21.744 D/StrictMode( 7994): 	at com.google.r.k.c(PG:18147)
12-09 07:47:21.744 D/StrictMode( 7994): 	at com.google.r.k.d(PG:583)
12-09 07:47:21.744 D/StrictMode( 7994): 	at com.google.w.a.a.do.<init>(PG:40)
12-09 07:47:21.744 D/StrictMode( 7994): 	at com.google.w.a.a.do.a(PG:405)
12-09 07:47:21.744 D/StrictMode( 7994): 	at com.google.r.v.a(PG:1161)
12-09 07:47:21.744 D/StrictMode( 7994): 	at com.google.r.y.a(PG:2188)
12-09 07:47:21.744 D/StrictMode( 7994): 	at com.google.r.e.b(PG:170)
12-09 07:47:21.744 D/StrictMode( 7994): 	at com.google.r.e.b(PG:15188)
12-09 07:47:21.744 D/StrictMode( 7994): 	at com.google.android.apps.gmm.shared.i.h.a(PG:251)
12-09 07:47:21.744 D/StrictMode( 7994): 	at com.google.android.apps.gmm.map.m.q.a(PG:8693)
12-09 07:47:21.744 D/StrictMode( 7994): 	at com.google.android.apps.gmm.shared.f.a.a(PG:48)
12-09 07:47:21.744 D/StrictMode( 7994): 	at com.google.android.apps.gmm.map.m.e.a(PG:1531)
12-09 07:47:21.744 D/StrictMode( 7994): 	at com.google.android.apps.gmm.base.app.a.a(PG:244)
12-09 07:47:21.744 D/StrictMode( 7994): 	at com.google.android.apps.gmm.base.app.a.a(PG:2265)
12-09 07:47:21.744 D/StrictMode( 7994): 	at com.google.android.apps.gmm.base.app.GoogleMapsApplication.a(PG:206)
12-09 07:47:21.744 D/StrictMode( 7994): 	at com.google.android.apps.gmm.base.app.GoogleMapsApplication.onCreate(PG:174)
12-09 07:47:21.744 D/StrictMode( 7994): 	at android.app.Instrumentation.callApplicationOnCreate(Instrumentation.java:1013)
12-09 07:47:21.744 D/StrictMode( 7994): 	at android.app.ActivityThread.handleBindApplication(ActivityThread.java:4707)
12-09 07:47:21.744 D/StrictMode( 7994): 	at android.app.ActivityThread.-wrap1(ActivityThread.java)
12-09 07:47:21.744 D/StrictMode( 7994): 	at android.app.ActivityThread$H.handleMessage(ActivityThread.java:1405)
12-09 07:47:21.744 D/StrictMode( 7994): 	at android.os.Handler.dispatchMessage(Handler.java:102)
12-09 07:47:21.744 D/StrictMode( 7994): 	at android.os.Looper.loop(Looper.java:148)
12-09 07:47:21.744 D/StrictMode( 7994): 	at android.app.ActivityThread.main(ActivityThread.java:5417)
12-09 07:47:21.744 D/StrictMode( 7994): 	at java.lang.reflect.Method.invoke(Native Method)
12-09 07:47:21.744 D/StrictMode( 7994): 	at com.android.internal.os.ZygoteInit$MethodAndArgsCaller.run(ZygoteInit.java:726)
12-09 07:47:21.744 D/StrictMode( 7994): 	at com.android.internal.os.ZygoteInit.main(ZygoteInit.java:616)
12-09 07:47:22.104 W/art     ( 7994): Suspending all threads took: 178.872ms
12-09 07:47:22.128 I/System.out( 7865): URI: //
12-09 07:47:22.128 I/System.out( 7865): params: {json={"command":"set_selection","arguments":[-1,-1]}
12-09 07:47:22.128 I/System.out( 7865): }
12-09 07:47:22.128 I/System.out( 7865): header: {date=Sun, 09 Dec 2018 07:47:22 GMT, accept=*/*, content-length=47, host=127.0.0.1:34777, user-agent=HTTPClient/1.0 (2.8.3, ruby 2.3.1 (2016-04-26)), content-type=application/json;charset=utf-8}
12-09 07:47:22.128 I/System.out( 7865): params: {json={"command":"set_selection","arguments":[-1,-1]}
12-09 07:47:22.128 I/System.out( 7865): }
12-09 07:47:22.128 I/System.out( 7865): ProP json = {"command":"set_selection","arguments":[-1,-1]}
12-09 07:47:22.128 I/System.out( 7865): files: {}
12-09 07:47:22.128 I/System.out( 7865): command: {"command":"set_selection","arguments":[-1,-1]}
12-09 07:47:22.130 I/InstrumentationBackend( 7865): Got command:'Command:'Line:null,set_selection', arguments:'[-1, -1]'
12-09 07:47:22.171 I/System.out( 7865): result:{"bonusInformation":[],"message":"","success":true}
12-09 07:47:22.201 I/ActivityManager( 1592): Start proc 8024:com.google.android.apps.photos/u0a44 for broadcast com.google.android.apps.photos/com.google.android.libraries.social.account.refresh.receiver.AccountsChangedReceiver
12-09 07:47:22.202 I/ActivityManager( 1592): Killing 3252:com.android.externalstorage/u0a7 (adj 15): empty #17
12-09 07:47:22.254 I/art     ( 7865): Background sticky concurrent mark sweep GC freed 16788(843KB) AllocSpace objects, 3(60KB) LOS objects, 22% free, 2MB/3MB, paused 18.662ms total 85.863ms
12-09 07:47:22.329 W/art     ( 1592): Long monitor contention event with owner method=void com.android.server.am.ActivityManagerService.trimApplications() from ActivityManagerService.java:19366 waiters=1 for 125ms
12-09 07:47:22.332 W/ActivityThread( 7994): ClassLoader.loadClass: The class loader returned by Thread.getContextClassLoader() may fail for processes that host multiple applications. You should explicitly specify a context class loader. For example: Thread.setContextClassLoader(getClass().getClassLoader());
12-09 07:47:22.510 W/art     ( 1592): Long monitor contention event with owner method=void com.android.server.am.BroadcastQueue.processNextBroadcast(boolean) from BroadcastQueue.java:639 waiters=2 for 175ms
12-09 07:47:22.516 I/System.out( 7865): URI: //
12-09 07:47:22.516 I/System.out( 7865): params: {json={"command":"keyboard_enter_text","arguments":["-321123"]}
12-09 07:47:22.516 I/System.out( 7865): }
12-09 07:47:22.516 I/System.out( 7865): header: {date=Sun, 09 Dec 2018 07:47:22 GMT, accept=*/*, content-length=75, host=127.0.0.1:34777, user-agent=HTTPClient/1.0 (2.8.3, ruby 2.3.1 (2016-04-26)), content-type=application/json;charset=utf-8}
12-09 07:47:22.516 I/System.out( 7865): params: {json={"command":"keyboard_enter_text","arguments":["-321123"]}
12-09 07:47:22.516 I/System.out( 7865): }
12-09 07:47:22.516 I/System.out( 7865): ProP json = {"command":"keyboard_enter_text","arguments":["-321123"]}
12-09 07:47:22.516 I/System.out( 7865): files: {}
12-09 07:47:22.516 I/System.out( 7865): command: {"command":"keyboard_enter_text","arguments":["-321123"]}
12-09 07:47:22.517 I/InstrumentationBackend( 7865): Got command:'Command:'Line:null,keyboard_enter_text', arguments:'[-321123]'
12-09 07:47:22.532 W/System  ( 8024): ClassLoader referenced unknown path: /system/app/Photos/lib/x86
12-09 07:47:22.607 E/SpannableStringBuilder( 7865): SPAN_EXCLUSIVE_EXCLUSIVE spans cannot have a zero length
12-09 07:47:22.607 E/SpannableStringBuilder( 7865): SPAN_EXCLUSIVE_EXCLUSIVE spans cannot have a zero length
12-09 07:47:22.653 E/SpannableStringBuilder( 7865): SPAN_EXCLUSIVE_EXCLUSIVE spans cannot have a zero length
12-09 07:47:22.653 E/SpannableStringBuilder( 7865): SPAN_EXCLUSIVE_EXCLUSIVE spans cannot have a zero length
12-09 07:47:22.658 I/System.out( 7865): result:{"bonusInformation":[],"message":"","success":true}
12-09 07:47:23.121 I/ActivityManager( 1592): Start proc 8045:com.google.android.gm/u0a47 for broadcast com.google.android.gm/.AccountsChangedReceiver
12-09 07:47:23.303 W/System  ( 8045): ClassLoader referenced unknown path: /system/app/PrebuiltGmail/lib/x86_64
12-09 07:47:23.323 W/ChimeraUtils( 2211): Non Chimera context
12-09 07:47:23.417 I/AccountManagerService( 1592): getTypesVisibleToCaller: isPermitted? true
12-09 07:47:23.461 I/ActivityManager( 1592): Killing 3018:com.android.deskclock/u0a26 (adj 15): empty #17
12-09 07:47:23.503 I/Gmail   ( 8045): getAccountsCursor
12-09 07:47:23.509 I/AccountManagerService( 1592): getTypesVisibleToCaller: isPermitted? true
12-09 07:47:23.793 E/libprocessgroup( 1592): failed to kill 1 processes for processgroup 3018
12-09 07:47:23.793 W/art     ( 1592): Long monitor contention event with owner method=void com.android.server.am.ActivityManagerService.serviceDoneExecuting(android.os.IBinder, int, int, int) from ActivityManagerService.java:15949 waiters=1 for 293ms
12-09 07:47:23.794 W/art     ( 1592): Long monitor contention event with owner method=void com.android.server.am.ActivityManagerService.serviceDoneExecuting(android.os.IBinder, int, int, int) from ActivityManagerService.java:15949 waiters=2 for 285ms
12-09 07:47:23.795 W/ActivityManager( 1592): Unable to start service Intent { act=com.google.android.gm.email.EXCHANGE_INTENT pkg=com.google.android.gm.exchange } U=0: not found
12-09 07:47:23.802 D/ActivityThread( 8045): Loading provider com.google.android.gmail.provider;com.android.mail.notifier;com.google.android.gm.email.provider;com.google.android.gm.email.notifier: com.android.email.provider.EmailProvider
12-09 07:47:23.817 W/ActivityManager( 1592): Unable to start service Intent { act=com.google.android.gm.email.EXCHANGE_INTENT pkg=com.google.android.gm.exchange } U=0: not found
12-09 07:47:23.938 W/GAV2    ( 8045): Thread[main,5,main]: Need to call initialize() and be in fallback mode to start dispatch.
12-09 07:47:24.140 E/SurfaceFlinger( 1218): ro.sf.lcd_density must be defined as a build property
12-09 07:47:24.146 D/gralloc_ranchu( 1218): gralloc_alloc: Creating ashmem region of size 3686400
12-09 07:47:24.163 I/AccountManagerService( 1592): getTypesVisibleToCaller: isPermitted? true
12-09 07:47:24.163 I/AccountManagerService( 1592): getTypesVisibleToCaller: isPermitted? true
12-09 07:47:24.163 I/AccountManagerService( 1592): getTypesVisibleToCaller: isPermitted? true
12-09 07:47:24.172 W/art     ( 8045): Long monitor contention event with owner method=boolean android.os.MessageQueue.enqueueMessage(android.os.Message, long) from MessageQueue.java:584 waiters=0 for 324ms
12-09 07:47:24.173 W/ActivityManager( 1592): Unable to start service Intent { cmp=com.google.android.gm/com.android.email.service.AttachmentService } U=0: not found
12-09 07:47:24.186 I/AccountManagerService( 1592): getTypesVisibleToCaller: isPermitted? true
12-09 07:47:24.187 I/AccountManagerService( 1592): getTypesVisibleToCaller: isPermitted? true
12-09 07:47:24.192 I/AccountManagerService( 1592): getTypesVisibleToCaller: isPermitted? true
12-09 07:47:24.193 W/ActivityManager( 1592): Unable to start service Intent { act=com.google.android.gm.email.EXCHANGE_INTENT pkg=com.google.android.gm.exchange } U=0: not found
12-09 07:47:24.209 D/        ( 8072): HostConnection::get() New Host Connection established 0x7f8700952480, tid 8072
12-09 07:47:24.231 W/ActivityManager( 1592): Unable to start service Intent { act=com.google.android.gm.email.EXCHANGE_INTENT pkg=com.google.android.gm.exchange } U=0: not found
12-09 07:47:24.428 E/Gmail   ( 8045): Error finding the version of the Email provider.....
12-09 07:47:24.428 E/Gmail   ( 8045): android.content.pm.PackageManager$NameNotFoundException: com.google.android.email
12-09 07:47:24.428 E/Gmail   ( 8045): 	at android.app.ApplicationPackageManager.getPackageInfo(ApplicationPackageManager.java:137)
12-09 07:47:24.428 E/Gmail   ( 8045): 	at com.google.android.gm.EmailMigrationService.a(SourceFile:1279)
12-09 07:47:24.428 E/Gmail   ( 8045): 	at com.google.android.gm.EmailMigrationService.onHandleIntent(SourceFile:219)
12-09 07:47:24.428 E/Gmail   ( 8045): 	at android.app.IntentService$ServiceHandler.handleMessage(IntentService.java:66)
12-09 07:47:24.428 E/Gmail   ( 8045): 	at android.os.Handler.dispatchMessage(Handler.java:102)
12-09 07:47:24.428 E/Gmail   ( 8045): 	at android.os.Looper.loop(Looper.java:148)
12-09 07:47:24.428 E/Gmail   ( 8045): 	at android.os.HandlerThread.run(HandlerThread.java:61)
12-09 07:47:24.428 W/EmailMigration( 8045): We do not support migrating this version of the Email provider.
12-09 07:47:24.429 I/GmailIS ( 8045): Receive LOGIN_ACCOUNTS_CHANGED intent: Intent { act=android.accounts.LOGIN_ACCOUNTS_CHANGED flg=0x4000010 cmp=com.google.android.gm/.GmailIntentService }
12-09 07:47:24.444 I/AccountManagerService( 1592): getTypesVisibleToCaller: isPermitted? true
12-09 07:47:24.446 I/Gmail   ( 8045): getAccountsCursor
12-09 07:47:24.447 I/AccountManagerService( 1592): getTypesVisibleToCaller: isPermitted? true
12-09 07:47:24.458 E/EGL_emulation( 1218): tid 1218: eglCreateSyncKHR(1881): error 0x3004 (EGL_BAD_ATTRIBUTE)
12-09 07:47:24.576 I/Gmail   ( 8045): System accounts updated.
12-09 07:47:24.588 I/AccountManagerService( 1592): getTypesVisibleToCaller: isPermitted? true
12-09 07:47:24.591 I/AccountManagerService( 1592): getTypesVisibleToCaller: isPermitted? true
12-09 07:47:24.644 I/AccountManagerService( 1592): getTypesVisibleToCaller: isPermitted? true
12-09 07:47:24.645 I/AccountManagerService( 1592): getTypesVisibleToCaller: isPermitted? true
12-09 07:47:24.755 W/art     ( 1592): Long monitor contention event with owner method=int com.android.server.am.ActivityManagerService.bindService(android.app.IApplicationThread, android.os.IBinder, android.content.Intent, java.lang.String, android.app.IServiceConnection, int, java.lang.String, int) from ActivityManagerService.java:15911 waiters=2 for 109ms
12-09 07:47:24.860 W/art     ( 1592): Long monitor contention event with owner method=int com.android.server.am.ActivityManagerService.bindService(android.app.IApplicationThread, android.os.IBinder, android.content.Intent, java.lang.String, android.app.IServiceConnection, int, java.lang.String, int) from ActivityManagerService.java:15911 waiters=1 for 102ms
12-09 07:47:24.998 I/GAV2    ( 7926): Thread[GAThread,5,main]: No campaign data found.
12-09 07:47:25.030 W/ActivityManager( 1592): Unable to start service Intent { act=com.google.android.gm.email.EXCHANGE_INTENT pkg=com.google.android.gm.exchange } U=0: not found
12-09 07:47:25.094 I/AccountManagerService( 1592): getTypesVisibleToCaller: isPermitted? true
12-09 07:47:25.122 I/IcingInternalCorpora( 2368): Received calendar change notification.
12-09 07:47:25.150 I/AccountManagerService( 1592): getTypesVisibleToCaller: isPermitted? true
12-09 07:47:25.190 I/AccountManagerService( 1592): getTypesVisibleToCaller: isPermitted? true
12-09 07:47:25.233 I/AccountManagerService( 1592): getTypesVisibleToCaller: isPermitted? true
12-09 07:47:25.235 I/AccountManagerService( 1592): getTypesVisibleToCaller: isPermitted? true
12-09 07:47:25.240 W/ActivityManager( 1592): Unable to start service Intent { act=com.google.android.gm.email.EXCHANGE_INTENT pkg=com.google.android.gm.exchange } U=0: not found
12-09 07:47:25.284 I/NotifActionUtils( 8045): resendNotifications account: null, folder: null
12-09 07:47:25.286 I/Gmail   ( 8045): Observing account changes for notifications
12-09 07:47:25.286 I/AccountManagerService( 1592): getTypesVisibleToCaller: isPermitted? true
12-09 07:47:25.389 I/NotifUtils( 8045): resendNotifications cancelExisting: false, account: null, folder: null
12-09 07:47:25.401 W/Herrevad( 2211): [159] ynf.e: Looking up Wifi info on a non-wifi device
12-09 07:47:25.426 I/System.out( 7865): URI: //map
12-09 07:47:25.426 I/System.out( 7865): params: {json={"query":"android.widget.EditText id:'volume'","operation":{"method_name":"query","arguments":[]}}
12-09 07:47:25.426 I/System.out( 7865): }
12-09 07:47:25.456 W/ResourceType( 7865): No package identifier when getting name for resource number 0x00000001
12-09 07:47:25.474 E/ActivityThread( 8045): Service com.android.email.service.EmailBroadcastProcessorService has leaked ServiceConnection com.android.emailcommon.service.am@957aea9 that was originally bound here
12-09 07:47:25.474 E/ActivityThread( 8045): android.app.ServiceConnectionLeaked: Service com.android.email.service.EmailBroadcastProcessorService has leaked ServiceConnection com.android.emailcommon.service.am@957aea9 that was originally bound here
12-09 07:47:25.474 E/ActivityThread( 8045): 	at android.app.LoadedApk$ServiceDispatcher.<init>(LoadedApk.java:1092)
12-09 07:47:25.474 E/ActivityThread( 8045): 	at android.app.LoadedApk.getServiceDispatcher(LoadedApk.java:986)
12-09 07:47:25.474 E/ActivityThread( 8045): 	at android.app.ContextImpl.bindServiceCommon(ContextImpl.java:1303)
12-09 07:47:25.474 E/ActivityThread( 8045): 	at android.app.ContextImpl.bindService(ContextImpl.java:1286)
12-09 07:47:25.474 E/ActivityThread( 8045): 	at android.content.ContextWrapper.bindService(ContextWrapper.java:604)
12-09 07:47:25.474 E/ActivityThread( 8045): 	at com.android.emailcommon.service.ak.a(SourceFile:181)
12-09 07:47:25.474 E/ActivityThread( 8045): 	at com.android.emailcommon.service.ak.e(SourceFile:224)
12-09 07:47:25.474 E/ActivityThread( 8045): 	at com.android.email.service.n.c(SourceFile:177)
12-09 07:47:25.474 E/ActivityThread( 8045): 	at com.android.email.provider.b.a(SourceFile:198)
12-09 07:47:25.474 E/ActivityThread( 8045): 	at com.android.email.provider.b.a(SourceFile:142)
12-09 07:47:25.474 E/ActivityThread( 8045): 	at com.android.email.service.EmailBroadcastProcessorService.c(SourceFile:349)
12-09 07:47:25.474 E/ActivityThread( 8045): 	at com.android.email.service.EmailBroadcastProcessorService.onHandleIntent(SourceFile:1458)
12-09 07:47:25.474 E/ActivityThread( 8045): 	at android.app.IntentService$ServiceHandler.handleMessage(IntentService.java:66)
12-09 07:47:25.474 E/ActivityThread( 8045): 	at android.os.Handler.dispatchMessage(Handler.java:102)
12-09 07:47:25.474 E/ActivityThread( 8045): 	at android.os.Looper.loop(Looper.java:148)
12-09 07:47:25.474 E/ActivityThread( 8045): 	at android.os.HandlerThread.run(HandlerThread.java:61)
12-09 07:47:25.475 W/ActivityManager( 1592): Unbind failed: could not find connection for android.os.BinderProxy@5b0c6b7
12-09 07:47:25.486 I/AccountManagerService( 1592): getTypesVisibleToCaller: isPermitted? true
12-09 07:47:25.535 I/art     ( 7865): Background sticky concurrent mark sweep GC freed 27076(1129KB) AllocSpace objects, 1(20KB) LOS objects, 22% free, 2MB/3MB, paused 8.080ms total 54.192ms
12-09 07:47:25.554 I/AccountManagerService( 1592): getTypesVisibleToCaller: isPermitted? true
12-09 07:47:25.575 I/Gmail   ( 8045): getAccountsCursor
12-09 07:47:25.627 I/System.out( 7865): URI: //gesture
12-09 07:47:25.628 I/System.out( 7865): params: {json={"query_timeout":5.0,"gestures":[{"query_string":"android.widget.EditText id:'volume'","touches":[{"x":50,"y":50,"offset_x":0,"offset_y":0,"wait":0.0,"time":0.2,"release":true,"query_string":null}]}]}
12-09 07:47:25.628 I/System.out( 7865): }
12-09 07:47:25.633 I/AccountManagerService( 1592): getTypesVisibleToCaller: isPermitted? true
12-09 07:47:25.647 W/ResourceType( 7865): No package identifier when getting name for resource number 0x00000001
12-09 07:47:25.731 I/art     ( 7865): Background sticky concurrent mark sweep GC freed 33561(1526KB) AllocSpace objects, 2(40KB) LOS objects, 35% free, 2MB/3MB, paused 912us total 100.932ms
12-09 07:47:25.740 I/Gmail   ( 8045): getAccountsCursor
12-09 07:47:25.740 I/AccountManagerService( 1592): getTypesVisibleToCaller: isPermitted? true
12-09 07:47:26.100 I/LatinIME( 1857): Starting input. Cursor position = 0,0
12-09 07:47:26.221 I/art     ( 7865): Background sticky concurrent mark sweep GC freed 29484(1420KB) AllocSpace objects, 1(20KB) LOS objects, 34% free, 2MB/3MB, paused 920us total 128.191ms
12-09 07:47:26.433 I/art     ( 1857): Background sticky concurrent mark sweep GC freed 2256(251KB) AllocSpace objects, 2(56KB) LOS objects, 20% free, 2MB/2MB, paused 995us total 149.697ms
12-09 07:47:26.438 I/IcingInternalCorpora( 2368): EventIndexer: starting incremental update
12-09 07:47:26.439 I/IcingInternalCorpora( 2368): EventIndexer: 0 added, 0 removed, 0 changed, 0 unchanged, 0 errors.
12-09 07:47:26.439 I/IcingInternalCorpora( 2368): EventIndexer: finished after 1 ms.
12-09 07:47:26.700 I/System.out( 7865): URI: //
12-09 07:47:26.700 I/System.out( 7865): params: {json={"command":"set_selection","arguments":[-1,-1]}
12-09 07:47:26.700 I/System.out( 7865): }
12-09 07:47:26.700 I/System.out( 7865): header: {date=Sun, 09 Dec 2018 07:47:27 GMT, accept=*/*, content-length=47, host=127.0.0.1:34777, user-agent=HTTPClient/1.0 (2.8.3, ruby 2.3.1 (2016-04-26)), content-type=application/json;charset=utf-8}
12-09 07:47:26.700 I/System.out( 7865): params: {json={"command":"set_selection","arguments":[-1,-1]}
12-09 07:47:26.700 I/System.out( 7865): }
12-09 07:47:26.700 I/System.out( 7865): ProP json = {"command":"set_selection","arguments":[-1,-1]}
12-09 07:47:26.700 I/System.out( 7865): files: {}
12-09 07:47:26.700 I/System.out( 7865): command: {"command":"set_selection","arguments":[-1,-1]}
12-09 07:47:26.701 I/InstrumentationBackend( 7865): Got command:'Command:'Line:null,set_selection', arguments:'[-1, -1]'
12-09 07:47:26.722 I/System.out( 7865): result:{"bonusInformation":[],"message":"","success":true}
12-09 07:47:27.156 I/System.out( 7865): URI: //
12-09 07:47:27.156 I/System.out( 7865): params: {json={"command":"keyboard_enter_text","arguments":["9  29123"]}
12-09 07:47:27.156 I/System.out( 7865): }
12-09 07:47:27.156 I/System.out( 7865): header: {date=Sun, 09 Dec 2018 07:47:27 GMT, accept=*/*, content-length=92, host=127.0.0.1:34777, user-agent=HTTPClient/1.0 (2.8.3, ruby 2.3.1 (2016-04-26)), content-type=application/json;charset=utf-8}
12-09 07:47:27.156 I/System.out( 7865): params: {json={"command":"keyboard_enter_text","arguments":["9  29123"]}
12-09 07:47:27.156 I/System.out( 7865): }
12-09 07:47:27.156 I/System.out( 7865): ProP json = {"command":"keyboard_enter_text","arguments":["9  29123"]}
12-09 07:47:27.156 I/System.out( 7865): files: {}
12-09 07:47:27.156 I/System.out( 7865): command: {"command":"keyboard_enter_text","arguments":["9  29123"]}
12-09 07:47:27.158 I/InstrumentationBackend( 7865): Got command:'Command:'Line:null,keyboard_enter_text', arguments:'[9  29123]'
12-09 07:47:27.172 E/SpannableStringBuilder( 7865): SPAN_EXCLUSIVE_EXCLUSIVE spans cannot have a zero length
12-09 07:47:27.172 E/SpannableStringBuilder( 7865): SPAN_EXCLUSIVE_EXCLUSIVE spans cannot have a zero length
12-09 07:47:27.174 E/SpannableStringBuilder( 7865): SPAN_EXCLUSIVE_EXCLUSIVE spans cannot have a zero length
12-09 07:47:27.175 E/SpannableStringBuilder( 7865): SPAN_EXCLUSIVE_EXCLUSIVE spans cannot have a zero length
12-09 07:47:27.194 I/System.out( 7865): result:{"bonusInformation":[],"message":"","success":true}
12-09 07:47:27.838 I/art     ( 7865): Background sticky concurrent mark sweep GC freed 27422(1302KB) AllocSpace objects, 7(140KB) LOS objects, 39% free, 2MB/3MB, paused 945us total 629.961ms
12-09 07:47:27.930 E/SurfaceFlinger( 1218): ro.sf.lcd_density must be defined as a build property
12-09 07:47:28.027 D/gralloc_ranchu( 1218): gralloc_alloc: Creating ashmem region of size 3686400
12-09 07:47:28.087 D/        ( 8107): HostConnection::get() New Host Connection established 0x7fa37ad12480, tid 8107
12-09 07:47:28.109 E/EGL_emulation( 1218): tid 1218: eglCreateSyncKHR(1881): error 0x3004 (EGL_BAD_ATTRIBUTE)
12-09 07:47:28.828 I/System.out( 7865): URI: //map
12-09 07:47:28.828 I/System.out( 7865): params: {json={"query":"android.widget.EditText id:'odometer'","operation":{"method_name":"query","arguments":[]}}
12-09 07:47:28.828 I/System.out( 7865): }
12-09 07:47:28.953 W/ResourceType( 7865): No package identifier when getting name for resource number 0x00000001
12-09 07:47:29.044 I/GAV2    ( 8045): Thread[GAThread,5,main]: No campaign data found.
12-09 07:47:29.075 I/System.out( 7865): URI: //gesture
12-09 07:47:29.075 I/System.out( 7865): params: {json={"query_timeout":5.0,"gestures":[{"query_string":"android.widget.EditText id:'odometer'","touches":[{"x":50,"y":50,"offset_x":0,"offset_y":0,"wait":0.0,"time":0.2,"release":true,"query_string":null}]}]}
12-09 07:47:29.075 I/System.out( 7865): }
12-09 07:47:29.123 W/ResourceType( 7865): No package identifier when getting name for resource number 0x00000001
12-09 07:47:29.570 I/LatinIME( 1857): Starting input. Cursor position = 0,0
12-09 07:47:29.741 I/art     ( 7865): Background sticky concurrent mark sweep GC freed 44917(2022KB) AllocSpace objects, 1(20KB) LOS objects, 40% free, 2MB/3MB, paused 978us total 177.869ms
12-09 07:47:29.980 I/art     ( 1857): Background partial concurrent mark sweep GC freed 3381(307KB) AllocSpace objects, 2(56KB) LOS objects, 39% free, 2MB/3MB, paused 13.911ms total 89.371ms
12-09 07:47:30.176 I/System.out( 7865): URI: //
12-09 07:47:30.176 I/System.out( 7865): params: {json={"command":"set_selection","arguments":[-1,-1]}
12-09 07:47:30.176 I/System.out( 7865): }
12-09 07:47:30.176 I/System.out( 7865): header: {date=Sun, 09 Dec 2018 07:47:30 GMT, accept=*/*, content-length=47, host=127.0.0.1:34777, user-agent=HTTPClient/1.0 (2.8.3, ruby 2.3.1 (2016-04-26)), content-type=application/json;charset=utf-8}
12-09 07:47:30.176 I/System.out( 7865): params: {json={"command":"set_selection","arguments":[-1,-1]}
12-09 07:47:30.176 I/System.out( 7865): }
12-09 07:47:30.176 I/System.out( 7865): ProP json = {"command":"set_selection","arguments":[-1,-1]}
12-09 07:47:30.176 I/System.out( 7865): files: {}
12-09 07:47:30.176 I/System.out( 7865): command: {"command":"set_selection","arguments":[-1,-1]}
12-09 07:47:30.177 I/InstrumentationBackend( 7865): Got command:'Command:'Line:null,set_selection', arguments:'[-1, -1]'
12-09 07:47:30.195 I/System.out( 7865): result:{"bonusInformation":[],"message":"","success":true}
12-09 07:47:30.552 I/System.out( 7865): URI: //
12-09 07:47:30.552 I/System.out( 7865): params: {json={"command":"keyboard_enter_text","arguments":["=+"]}
12-09 07:47:30.552 I/System.out( 7865): }
12-09 07:47:30.552 I/System.out( 7865): header: {date=Sun, 09 Dec 2018 07:47:30 GMT, accept=*/*, content-length=93, host=127.0.0.1:34777, user-agent=HTTPClient/1.0 (2.8.3, ruby 2.3.1 (2016-04-26)), content-type=application/json;charset=utf-8}
12-09 07:47:30.552 I/System.out( 7865): params: {json={"command":"keyboard_enter_text","arguments":["=+"]}
12-09 07:47:30.552 I/System.out( 7865): }
12-09 07:47:30.552 I/System.out( 7865): ProP json = {"command":"keyboard_enter_text","arguments":["=+"]}
12-09 07:47:30.552 I/System.out( 7865): files: {}
12-09 07:47:30.552 I/System.out( 7865): command: {"command":"keyboard_enter_text","arguments":["=+"]}
12-09 07:47:30.553 I/InstrumentationBackend( 7865): Got command:'Command:'Line:null,keyboard_enter_text', arguments:'[=+]'
12-09 07:47:30.624 E/SpannableStringBuilder( 7865): SPAN_EXCLUSIVE_EXCLUSIVE spans cannot have a zero length
12-09 07:47:30.624 E/SpannableStringBuilder( 7865): SPAN_EXCLUSIVE_EXCLUSIVE spans cannot have a zero length
12-09 07:47:30.625 E/SpannableStringBuilder( 7865): SPAN_EXCLUSIVE_EXCLUSIVE spans cannot have a zero length
12-09 07:47:30.625 E/SpannableStringBuilder( 7865): SPAN_EXCLUSIVE_EXCLUSIVE spans cannot have a zero length
12-09 07:47:30.634 I/System.out( 7865): result:{"bonusInformation":[],"message":"","success":true}
12-09 07:47:30.828 I/ActivityManager( 1592): Killing 3156:com.android.keychain/1000 (adj 15): empty #17
12-09 07:47:31.106 E/SurfaceFlinger( 1218): ro.sf.lcd_density must be defined as a build property
12-09 07:47:31.107 D/gralloc_ranchu( 1218): gralloc_alloc: Creating ashmem region of size 3686400
12-09 07:47:31.120 D/        ( 8121): HostConnection::get() New Host Connection established 0x7fafce892480, tid 8121
12-09 07:47:31.136 E/EGL_emulation( 1218): tid 1218: eglCreateSyncKHR(1881): error 0x3004 (EGL_BAD_ATTRIBUTE)
