--------- beginning of main
12-09 07:41:14.163 W/art     ( 1596): Long monitor contention event with owner method=void com.android.server.wm.WindowAnimator$1.doFrame(long) from WindowAnimator.java:121 waiters=1 for 261ms
12-09 07:41:14.347 W/art     ( 1596): Long monitor contention event with owner method=void com.android.server.wm.WindowAnimator$1.doFrame(long) from WindowAnimator.java:121 waiters=1 for 372ms
12-09 07:41:14.808 W/art     ( 1596): Long monitor contention event with owner method=void com.android.server.wm.WindowAnimator$1.doFrame(long) from WindowAnimator.java:121 waiters=0 for 118ms
12-09 07:41:14.931 W/art     ( 1596): Long monitor contention event with owner method=void com.android.server.wm.WindowAnimator$1.doFrame(long) from WindowAnimator.java:121 waiters=0 for 123ms
12-09 07:41:15.013 D/AndroidRuntime( 5342): >>>>>> START com.android.internal.os.RuntimeInit uid 0 <<<<<<
12-09 07:41:15.021 D/AndroidRuntime( 5342): CheckJNI is ON
12-09 07:41:15.063 D/ICU     ( 5342): No timezone override file found: /data/misc/zoneinfo/current/icu/icu_tzdata.dat
12-09 07:41:15.253 W/art     ( 1596): Long monitor contention event with owner method=void com.android.server.wm.WindowAnimator$1.doFrame(long) from WindowAnimator.java:121 waiters=0 for 193ms
12-09 07:41:15.393 W/art     ( 1596): Long monitor contention event with owner method=void com.android.server.wm.WindowAnimator$1.doFrame(long) from WindowAnimator.java:121 waiters=0 for 139ms
12-09 07:41:15.418 E/memtrack( 5342): Couldn't load memtrack module (No such file or directory)
12-09 07:41:15.418 E/android.os.Debug( 5342): failed to load memtrack module: -2
12-09 07:41:15.420 I/Radio-JNI( 5342): register_android_hardware_Radio DONE
12-09 07:41:15.444 D/AndroidRuntime( 5342): Calling main entry com.android.commands.am.Am
12-09 07:41:15.705 W/art     ( 1596): Long monitor contention event with owner method=void com.android.server.am.ActivityManagerService.activityPaused(android.os.IBinder) from ActivityManagerService.java:6439 waiters=0 for 2.338s
12-09 07:41:15.705 W/art     ( 1596): Long monitor contention event with owner method=void com.android.server.am.ActivityManagerService.activityPaused(android.os.IBinder) from ActivityManagerService.java:6439 waiters=1 for 1.843s
12-09 07:41:15.706 W/art     ( 1596): Long monitor contention event with owner method=void com.android.server.am.ActivityManagerService.activityPaused(android.os.IBinder) from ActivityManagerService.java:6439 waiters=2 for 1.351s
12-09 07:41:15.707 W/art     ( 1596): Long monitor contention event with owner method=void com.android.server.am.ActivityManagerService.activityPaused(android.os.IBinder) from ActivityManagerService.java:6439 waiters=5 for 261ms
12-09 07:41:15.707 W/art     ( 1596): Long monitor contention event with owner method=void com.android.server.am.ActivityManagerService.activityPaused(android.os.IBinder) from ActivityManagerService.java:6439 waiters=4 for 1.258s
12-09 07:41:15.715 W/art     ( 1596): Long monitor contention event with owner method=void com.android.server.am.ActivityManagerService.activityPaused(android.os.IBinder) from ActivityManagerService.java:6439 waiters=3 for 1.360s
--------- beginning of system
12-09 07:41:15.744 I/ActivityManager( 1596): Force stopping com.evancharlton.mileage appid=10117 user=0: start instr
12-09 07:41:15.744 I/ActivityManager( 1596): Killing 5324:com.evancharlton.mileage/u0a117 (adj 0): stop com.evancharlton.mileage
12-09 07:41:15.847 W/ActivityManager( 1596): Crash of app com.evancharlton.mileage running instrumentation ComponentInfo{com.evancharlton.mileage.test/sh.calaba.instrumentationbackend.ClearAppData2}
12-09 07:41:15.847 I/ActivityManager( 1596): Force stopping com.evancharlton.mileage appid=10117 user=0: finished inst
12-09 07:41:15.875 I/ActivityManager( 1596): Start proc 5351:com.evancharlton.mileage/u0a117 for added application com.evancharlton.mileage
12-09 07:41:15.875 W/art     ( 1596): Long monitor contention event with owner method=void com.android.server.am.ActivityManagerService$2.handleMessage(android.os.Message) from ActivityManagerService.java:2095 waiters=3 for 169ms
12-09 07:41:15.877 D/AndroidRuntime( 5342): Shutting down VM
12-09 07:41:15.882 I/Choreographer( 1928): Skipped 84 frames!  The application may be doing too much work on its main thread.
12-09 07:41:16.008 W/InputMethodManagerService( 1596): Window already focused, ignoring focus gain of: com.android.internal.view.IInputMethodClient$Stub$Proxy@db69370 attribute=null, token = android.os.BinderProxy@a4ccf75
12-09 07:41:16.177 W/System  ( 5351): ClassLoader referenced unknown path: /data/app/com.evancharlton.mileage.test-1/lib/x86_64
12-09 07:41:16.177 W/System  ( 5351): ClassLoader referenced unknown path: /data/app/com.evancharlton.mileage-1/lib/x86_64
12-09 07:41:16.191 I/art     ( 5351): WaitForGcToComplete blocked for 13.393ms for cause Background
12-09 07:41:16.330 I/System.out( 5351): Main activity name automatically set to: com.evancharlton.mileage.Mileage
12-09 07:41:16.370 I/System.out( 5351): Calabash did not load Mono. This is only a problem if you are trying to test a Mono application
12-09 07:41:16.395 I/calabash( 5351): Test server port: 7102
12-09 07:41:16.431 I/InstrumentationBackend( 5351): Added:'GetPreferences', with key:'get_preferences'
12-09 07:41:16.443 I/art     ( 5351): Background sticky concurrent mark sweep GC freed 50049(1710KB) AllocSpace objects, 0(0B) LOS objects, 78% free, 822KB/3MB, paused 1.197ms total 241.983ms
12-09 07:41:16.474 I/InstrumentationBackend( 5351): Added:'SetPreferences', with key:'set_preferences'
12-09 07:41:16.478 I/InstrumentationBackend( 5351): Added:'ClearPreferences', with key:'clear_preferences'
12-09 07:41:16.478 I/InstrumentationBackend( 5351): Added:'PressElement', with key:'press_l10n_element'
12-09 07:41:16.479 I/InstrumentationBackend( 5351): Added:'WaitForElement', with key:'wait_for_l10n_element'
12-09 07:41:16.479 I/InstrumentationBackend( 5351): Added:'NullAction', with key:'nullAction'
12-09 07:41:16.479 I/InstrumentationBackend( 5351): Added:'PressKey', with key:'press_key'
12-09 07:41:16.479 I/InstrumentationBackend( 5351): Added:'SetActivityOrientation', with key:'set_activity_orientation'
12-09 07:41:16.480 I/InstrumentationBackend( 5351): Added:'GetActivityOrientation', with key:'get_activity_orientation'
12-09 07:41:16.480 I/InstrumentationBackend( 5351): Added:'FakeGPSLocation', with key:'set_gps_coordinates'
12-09 07:41:16.480 I/InstrumentationBackend( 5351): Added:'SetPropertyByCssSelector', with key:'set_property_by_css_selector'
12-09 07:41:16.480 I/InstrumentationBackend( 5351): Added:'GetUrl', with key:'get_url'
12-09 07:41:16.481 I/InstrumentationBackend( 5351): Added:'ScrollTo', with key:'scroll_to'
12-09 07:41:16.481 I/InstrumentationBackend( 5351): Added:'GetLoadProgress', with key:'get_load_progress'
12-09 07:41:16.481 I/InstrumentationBackend( 5351): Added:'DumpHtml', with key:'dump_html'
12-09 07:41:16.482 I/InstrumentationBackend( 5351): Added:'DumpBodyHtml', with key:'dump_body_html'
12-09 07:41:16.482 I/InstrumentationBackend( 5351): Added:'EnterTextByCssSelector', with key:'enter_text_by_selector'
12-09 07:41:16.487 I/InstrumentationBackend( 5351): Added:'AndroidSDKVersion', with key:'android_sdk_version'
12-09 07:41:16.487 I/InstrumentationBackend( 5351): Added:'Version', with key:'version'
12-09 07:41:16.487 I/InstrumentationBackend( 5351): Added:'Drag', with key:'drag'
12-09 07:41:16.487 I/InstrumentationBackend( 5351): Added:'TouchCoordinates', with key:'touch_coordinate'
12-09 07:41:16.487 I/InstrumentationBackend( 5351): Added:'LongPressCoordinate', with key:'long_press_coordinate'
12-09 07:41:16.488 I/InstrumentationBackend( 5351): Added:'DragCoordinates', with key:'drag_coordinates'
12-09 07:41:16.488 I/InstrumentationBackend( 5351): Added:'ResumeApplication', with key:'resume_application'
12-09 07:41:16.488 I/InstrumentationBackend( 5351): Added:'Swipe', with key:'swipe'
12-09 07:41:16.488 I/InstrumentationBackend( 5351): Added:'DoubleTapCoordinate', with key:'double_tap_coordinate'
12-09 07:41:16.488 I/InstrumentationBackend( 5351): Added:'ClickOnScreen', with key:'click_on_screen'
12-09 07:41:16.489 I/InstrumentationBackend( 5351): Added:'GetActivityName', with key:'get_activity_name'
12-09 07:41:16.489 I/InstrumentationBackend( 5351): Added:'ScrollToView', with key:'scroll_to_view'
12-09 07:41:16.489 I/InstrumentationBackend( 5351): Added:'ViewConfiguration', with key:'view_configuration'
12-09 07:41:16.489 I/InstrumentationBackend( 5351): Added:'IsCurrentActivityFocused', with key:'is_current_activity_focused'
12-09 07:41:16.489 I/InstrumentationBackend( 5351): Added:'SendTcp', with key:'send_tcp'
12-09 07:41:16.490 I/InstrumentationBackend( 5351): Added:'DpToDevicePixel', with key:'dp_to_device_pixel'
12-09 07:41:16.490 I/InstrumentationBackend( 5351): Added:'KeyboardEnterText', with key:'keyboard_enter_text'
12-09 07:41:16.503 I/InstrumentationBackend( 5351): Added:'DeleteSurroundingText', with key:'delete_surrounding_text'
12-09 07:41:16.503 I/InstrumentationBackend( 5351): Added:'SetComposingRegion', with key:'set_composing_region'
12-09 07:41:16.503 I/InstrumentationBackend( 5351): Added:'SetSelection', with key:'set_selection'
12-09 07:41:16.503 I/InstrumentationBackend( 5351): Added:'KeyboardKeyEvent', with key:'keyboard_key_event'
12-09 07:41:16.504 I/InstrumentationBackend( 5351): Added:'PressUserActionButton', with key:'press_user_action_button'
12-09 07:41:16.504 I/InstrumentationBackend( 5351): Added:'HideSoftKeyboard', with key:'hide_soft_keyboard'
12-09 07:41:16.504 I/InstrumentationBackend( 5351): Added:'ListActions', with key:'list_actions'
12-09 07:41:16.505 I/calabash( 5351): Instantiating http server at 7102
12-09 07:41:16.505 I/System.out( 5351): HTTP Daemon listening on: 7102
12-09 07:41:16.619 I/System.out( 5351): URI: //ping
12-09 07:41:16.619 I/System.out( 5351): params: {json={}
12-09 07:41:16.619 I/System.out( 5351): }
12-09 07:41:16.671 I/System.out( 5351): URI: //ping
12-09 07:41:16.671 I/System.out( 5351): params: {json={}
12-09 07:41:16.671 I/System.out( 5351): }
12-09 07:41:16.776 I/System.out( 5351): URI: //ready
12-09 07:41:16.782 I/System.out( 5351): params: {json={}
12-09 07:41:16.782 I/System.out( 5351): }
12-09 07:41:16.858 I/System.out( 5351): URI: //
12-09 07:41:16.859 I/System.out( 5351): params: {json={"command":"version","arguments":[]}
12-09 07:41:16.859 I/System.out( 5351): }
12-09 07:41:16.859 I/System.out( 5351): header: {date=Sun, 09 Dec 2018 07:41:17 GMT, accept=*/*, content-length=36, host=127.0.0.1:34777, user-agent=HTTPClient/1.0 (2.8.3, ruby 2.3.1 (2016-04-26)), content-type=application/json;charset=utf-8}
12-09 07:41:16.859 I/System.out( 5351): params: {json={"command":"version","arguments":[]}
12-09 07:41:16.859 I/System.out( 5351): }
12-09 07:41:16.859 I/System.out( 5351): ProP json = {"command":"version","arguments":[]}
12-09 07:41:16.859 I/System.out( 5351): files: {}
12-09 07:41:16.859 I/System.out( 5351): command: {"command":"version","arguments":[]}
12-09 07:41:16.868 I/InstrumentationBackend( 5351): Got command:'Command:'Line:null,version', arguments:'[]'
12-09 07:41:16.888 I/System.out( 5351): result:{"bonusInformation":[],"message":"0.9.8","success":true}
12-09 07:41:16.980 I/System.out( 5351): URI: //start-application
12-09 07:41:16.980 I/System.out( 5351): params: {json={"intent":null}
12-09 07:41:16.980 I/System.out( 5351): }
12-09 07:41:17.263 I/ActivityManager( 1596): START u0 {act=android.intent.action.MAIN cat=[android.intent.category.LAUNCHER] flg=0x10200000 cmp=com.evancharlton.mileage/.Mileage} from uid 10117 on display 0
12-09 07:41:17.288 I/art     ( 5351): Background partial concurrent mark sweep GC freed 36835(2MB) AllocSpace objects, 15(300KB) LOS objects, 45% free, 1249KB/2MB, paused 1.276ms total 260.127ms
12-09 07:41:17.297 I/calabash( 5351): newActivity1
12-09 07:41:17.333 I/calabash( 5351): newActivity1
12-09 07:41:17.347 W/ActivityManager( 1596): Bad activity token: android.os.BinderProxy@1f27e46
12-09 07:41:17.347 W/ActivityManager( 1596): java.lang.ClassCastException: android.os.BinderProxy cannot be cast to com.android.server.am.ActivityRecord$Token
12-09 07:41:17.347 W/ActivityManager( 1596): 	at com.android.server.am.ActivityRecord.forTokenLocked(ActivityRecord.java:424)
12-09 07:41:17.347 W/ActivityManager( 1596): 	at com.android.server.am.ActivityRecord.isInStackLocked(ActivityRecord.java:1121)
12-09 07:41:17.347 W/ActivityManager( 1596): 	at com.android.server.am.ActivityRecord.getStackLocked(ActivityRecord.java:1126)
12-09 07:41:17.347 W/ActivityManager( 1596): 	at com.android.server.am.ActivityManagerService.getActivityDisplayId(ActivityManagerService.java:8889)
12-09 07:41:17.347 W/ActivityManager( 1596): 	at android.app.ActivityManagerNative.onTransact(ActivityManagerNative.java:2338)
12-09 07:41:17.347 W/ActivityManager( 1596): 	at com.android.server.am.ActivityManagerService.onTransact(ActivityManagerService.java:2443)
12-09 07:41:17.347 W/ActivityManager( 1596): 	at android.os.Binder.execTransact(Binder.java:453)
12-09 07:41:17.348 W/ActivityManager( 1596): Bad activity token: android.os.BinderProxy@1f27e46
12-09 07:41:17.348 W/ActivityManager( 1596): java.lang.ClassCastException: android.os.BinderProxy cannot be cast to com.android.server.am.ActivityRecord$Token
12-09 07:41:17.348 W/ActivityManager( 1596): 	at com.android.server.am.ActivityRecord.forTokenLocked(ActivityRecord.java:424)
12-09 07:41:17.348 W/ActivityManager( 1596): 	at com.android.server.am.ActivityRecord.isInStackLocked(ActivityRecord.java:1121)
12-09 07:41:17.348 W/ActivityManager( 1596): 	at com.android.server.am.ActivityManagerService.setTaskDescription(ActivityManagerService.java:8547)
12-09 07:41:17.348 W/ActivityManager( 1596): 	at android.app.ActivityManagerNative.onTransact(ActivityManagerNative.java:2410)
12-09 07:41:17.348 W/ActivityManager( 1596): 	at com.android.server.am.ActivityManagerService.onTransact(ActivityManagerService.java:2443)
12-09 07:41:17.348 W/ActivityManager( 1596): 	at android.os.Binder.execTransact(Binder.java:453)
12-09 07:41:17.528 D/gralloc_ranchu( 1219): gralloc_alloc: Creating ashmem region of size 3686400
12-09 07:41:17.713 V/PhoneStatusBar( 1695): setLightsOn(true)
12-09 07:41:17.717 D/EGL_emulation( 1928): eglMakeCurrent: 0x7fe0556f5040: ver 2 0 (tinfo 0x7fe0556c2e60)
12-09 07:41:17.718 E/Surface ( 1928): getSlotFromBufferLocked: unknown buffer: 0x7fe0556f5fe0
12-09 07:41:17.908 D/FillupsProvider( 5351): Creating database
12-09 07:41:18.201 W/art     ( 5351): Suspending all threads took: 5.269ms
12-09 07:41:18.205 I/art     ( 5351): Background sticky concurrent mark sweep GC freed 7413(486KB) AllocSpace objects, 0(0B) LOS objects, 25% free, 1685KB/2MB, paused 6.538ms total 26.183ms
12-09 07:41:18.252 W/ActivityManager( 1596): Bad activity token: android.os.BinderProxy@1f27e46
12-09 07:41:18.252 W/ActivityManager( 1596): java.lang.ClassCastException: android.os.BinderProxy cannot be cast to com.android.server.am.ActivityRecord$Token
12-09 07:41:18.252 W/ActivityManager( 1596): 	at com.android.server.am.ActivityRecord.forTokenLocked(ActivityRecord.java:424)
12-09 07:41:18.252 W/ActivityManager( 1596): 	at com.android.server.am.ActivityRecord.isInStackLocked(ActivityRecord.java:1121)
12-09 07:41:18.252 W/ActivityManager( 1596): 	at com.android.server.am.ActivityManagerService.getActivityOptions(ActivityManagerService.java:11038)
12-09 07:41:18.252 W/ActivityManager( 1596): 	at android.app.ActivityManagerNative.onTransact(ActivityManagerNative.java:1734)
12-09 07:41:18.252 W/ActivityManager( 1596): 	at com.android.server.am.ActivityManagerService.onTransact(ActivityManagerService.java:2443)
12-09 07:41:18.252 W/ActivityManager( 1596): 	at android.os.Binder.execTransact(Binder.java:453)
12-09 07:41:18.253 W/ActivityManager( 1596): Bad activity token: android.os.BinderProxy@1f27e46
12-09 07:41:18.253 W/ActivityManager( 1596): java.lang.ClassCastException: android.os.BinderProxy cannot be cast to com.android.server.am.ActivityRecord$Token
12-09 07:41:18.253 W/ActivityManager( 1596): 	at com.android.server.am.ActivityRecord.forTokenLocked(ActivityRecord.java:424)
12-09 07:41:18.253 W/ActivityManager( 1596): 	at com.android.server.am.ActivityRecord.isInStackLocked(ActivityRecord.java:1121)
12-09 07:41:18.253 W/ActivityManager( 1596): 	at com.android.server.am.ActivityManagerService.getActivityOptions(ActivityManagerService.java:11038)
12-09 07:41:18.253 W/ActivityManager( 1596): 	at android.app.ActivityManagerNative.onTransact(ActivityManagerNative.java:1734)
12-09 07:41:18.253 W/ActivityManager( 1596): 	at com.android.server.am.ActivityManagerService.onTransact(ActivityManagerService.java:2443)
12-09 07:41:18.253 W/ActivityManager( 1596): 	at android.os.Binder.execTransact(Binder.java:453)
12-09 07:41:18.904 D/gralloc_ranchu( 1219): gralloc_alloc: Creating ashmem region of size 3686400
12-09 07:41:18.922 D/        ( 5351): HostConnection::get() New Host Connection established 0x7fe051cfd580, tid 5351
12-09 07:41:19.000 I/ActivityManager( 1596): Displayed com.evancharlton.mileage/.Mileage: +1s718ms
12-09 07:41:19.099 D/gralloc_ranchu( 1219): gralloc_alloc: Creating ashmem region of size 3686400
12-09 07:41:19.525 I/art     ( 5351): Background sticky concurrent mark sweep GC freed 1914(157KB) AllocSpace objects, 0(0B) LOS objects, 13% free, 1966KB/2MB, paused 30.154ms total 54.458ms
12-09 07:41:19.706 I/System.out( 5351): URI: //gesture
12-09 07:41:19.706 I/System.out( 5351): params: {json={"query_timeout":5.0,"gestures":[{"query_string":"android.widget.TabWidget descendant TextView index:3","touches":[{"x":50,"y":50,"offset_x":0,"offset_y":0,"wait":0.0,"time":0.2,"release":true,"query_string":null}]}]}
12-09 07:41:19.706 I/System.out( 5351): }
12-09 07:41:19.997 D/gralloc_ranchu( 1219): gralloc_alloc: Creating ashmem region of size 3686400
12-09 07:41:20.346 I/calabash( 5351): newActivity1
12-09 07:41:20.347 W/ActivityManager( 1596): Bad activity token: android.os.BinderProxy@8b6102a
12-09 07:41:20.347 W/ActivityManager( 1596): java.lang.ClassCastException: android.os.BinderProxy cannot be cast to com.android.server.am.ActivityRecord$Token
12-09 07:41:20.347 W/ActivityManager( 1596): 	at com.android.server.am.ActivityRecord.forTokenLocked(ActivityRecord.java:424)
12-09 07:41:20.347 W/ActivityManager( 1596): 	at com.android.server.am.ActivityRecord.isInStackLocked(ActivityRecord.java:1121)
12-09 07:41:20.347 W/ActivityManager( 1596): 	at com.android.server.am.ActivityRecord.getStackLocked(ActivityRecord.java:1126)
12-09 07:41:20.347 W/ActivityManager( 1596): 	at com.android.server.am.ActivityManagerService.getActivityDisplayId(ActivityManagerService.java:8889)
12-09 07:41:20.347 W/ActivityManager( 1596): 	at android.app.ActivityManagerNative.onTransact(ActivityManagerNative.java:2338)
12-09 07:41:20.347 W/ActivityManager( 1596): 	at com.android.server.am.ActivityManagerService.onTransact(ActivityManagerService.java:2443)
12-09 07:41:20.347 W/ActivityManager( 1596): 	at android.os.Binder.execTransact(Binder.java:453)
12-09 07:41:20.348 W/ActivityManager( 1596): Bad activity token: android.os.BinderProxy@8b6102a
12-09 07:41:20.348 W/ActivityManager( 1596): java.lang.ClassCastException: android.os.BinderProxy cannot be cast to com.android.server.am.ActivityRecord$Token
12-09 07:41:20.348 W/ActivityManager( 1596): 	at com.android.server.am.ActivityRecord.forTokenLocked(ActivityRecord.java:424)
12-09 07:41:20.348 W/ActivityManager( 1596): 	at com.android.server.am.ActivityRecord.isInStackLocked(ActivityRecord.java:1121)
12-09 07:41:20.348 W/ActivityManager( 1596): 	at com.android.server.am.ActivityManagerService.setTaskDescription(ActivityManagerService.java:8547)
12-09 07:41:20.348 W/ActivityManager( 1596): 	at android.app.ActivityManagerNative.onTransact(ActivityManagerNative.java:2410)
12-09 07:41:20.348 W/ActivityManager( 1596): 	at com.android.server.am.ActivityManagerService.onTransact(ActivityManagerService.java:2443)
12-09 07:41:20.348 W/ActivityManager( 1596): 	at android.os.Binder.execTransact(Binder.java:453)
12-09 07:41:20.419 W/ActivityManager( 1596): Bad activity token: android.os.BinderProxy@8b6102a
12-09 07:41:20.419 W/ActivityManager( 1596): java.lang.ClassCastException: android.os.BinderProxy cannot be cast to com.android.server.am.ActivityRecord$Token
12-09 07:41:20.419 W/ActivityManager( 1596): 	at com.android.server.am.ActivityRecord.forTokenLocked(ActivityRecord.java:424)
12-09 07:41:20.419 W/ActivityManager( 1596): 	at com.android.server.am.ActivityRecord.isInStackLocked(ActivityRecord.java:1121)
12-09 07:41:20.419 W/ActivityManager( 1596): 	at com.android.server.am.ActivityManagerService.getActivityOptions(ActivityManagerService.java:11038)
12-09 07:41:20.419 W/ActivityManager( 1596): 	at android.app.ActivityManagerNative.onTransact(ActivityManagerNative.java:1734)
12-09 07:41:20.419 W/ActivityManager( 1596): 	at com.android.server.am.ActivityManagerService.onTransact(ActivityManagerService.java:2443)
12-09 07:41:20.419 W/ActivityManager( 1596): 	at android.os.Binder.execTransact(Binder.java:453)
12-09 07:41:20.420 W/ActivityManager( 1596): Bad activity token: android.os.BinderProxy@8b6102a
12-09 07:41:20.420 W/ActivityManager( 1596): java.lang.ClassCastException: android.os.BinderProxy cannot be cast to com.android.server.am.ActivityRecord$Token
12-09 07:41:20.420 W/ActivityManager( 1596): 	at com.android.server.am.ActivityRecord.forTokenLocked(ActivityRecord.java:424)
12-09 07:41:20.420 W/ActivityManager( 1596): 	at com.android.server.am.ActivityRecord.isInStackLocked(ActivityRecord.java:1121)
12-09 07:41:20.420 W/ActivityManager( 1596): 	at com.android.server.am.ActivityManagerService.getActivityOptions(ActivityManagerService.java:11038)
12-09 07:41:20.420 W/ActivityManager( 1596): 	at android.app.ActivityManagerNative.onTransact(ActivityManagerNative.java:1734)
12-09 07:41:20.420 W/ActivityManager( 1596): 	at com.android.server.am.ActivityManagerService.onTransact(ActivityManagerService.java:2443)
12-09 07:41:20.420 W/ActivityManager( 1596): 	at android.os.Binder.execTransact(Binder.java:453)
12-09 07:41:20.526 W/audio_hw_generic( 1309): Hardware backing HAL too slow, could only write 0 of 661 frames
12-09 07:41:20.535 I/art     ( 5351): Background sticky concurrent mark sweep GC freed 34521(1603KB) AllocSpace objects, 0(0B) LOS objects, 25% free, 2MB/3MB, paused 1.687ms total 110.401ms
12-09 07:41:20.536 W/audio_hw_generic( 1309): Hardware backing HAL too slow, could only write 0 of 661 frames
12-09 07:41:20.551 W/audio_hw_generic( 1309): Hardware backing HAL too slow, could only write 0 of 661 frames
12-09 07:41:20.562 W/audio_hw_generic( 1309): Hardware backing HAL too slow, could only write 0 of 661 frames
12-09 07:41:20.609 I/System.out( 5351): URI: //map
12-09 07:41:20.609 I/System.out( 5351): params: {json={"query":"android.widget.ListView index:0 android.widget.TextView index:0","operation":{"method_name":"query","arguments":[]}}
12-09 07:41:20.609 I/System.out( 5351): }
12-09 07:41:20.774 I/art     ( 5351): Background sticky concurrent mark sweep GC freed 47251(2MB) AllocSpace objects, 3(60KB) LOS objects, 22% free, 2MB/3MB, paused 2.539ms total 134.401ms
12-09 07:41:20.774 I/System.out( 5351): URI: //gesture
12-09 07:41:20.774 I/System.out( 5351): params: {json={"query_timeout":5.0,"gestures":[{"query_string":"android.widget.ListView index:0 android.widget.TextView index:0","touches":[{"x":50,"y":50,"offset_x":0,"offset_y":0,"wait":0.0,"time":0.2,"release":true,"query_string":null}]}]}
12-09 07:41:20.774 I/System.out( 5351): }
12-09 07:41:20.865 W/audio_hw_generic( 1309): Not supplying enough data to HAL, expected position 3653541 , only wrote 3652686
12-09 07:41:20.865 W/audio_hw_generic( 1309): Not supplying enough data to HAL, expected position 3652693 , only wrote 3652686
12-09 07:41:20.891 W/audio_hw_generic( 1309): Not supplying enough data to HAL, expected position 3653847 , only wrote 3653347
12-09 07:41:20.948 I/art     ( 5351): Background sticky concurrent mark sweep GC freed 17961(690KB) AllocSpace objects, 1(20KB) LOS objects, 19% free, 2MB/3MB, paused 2.019ms total 156.739ms
12-09 07:41:21.026 W/audio_hw_generic( 1309): Not supplying enough data to HAL, expected position 3659309 , only wrote 3659296
12-09 07:41:21.027 W/audio_hw_generic( 1309): Not supplying enough data to HAL, expected position 3659303 , only wrote 3659296
12-09 07:41:21.044 W/audio_hw_generic( 1309): Not supplying enough data to HAL, expected position 3660056 , only wrote 3659957
12-09 07:41:21.349 W/audio_hw_generic( 1309): Not supplying enough data to HAL, expected position 3673425 , only wrote 3673177
12-09 07:41:21.402 I/ActivityManager( 1596): START u0 {cmp=com.evancharlton.mileage/.VehicleActivity (has extras)} from uid 10117 on display 0
12-09 07:41:21.526 D/AudioFlinger( 1309): mixer(0xf4300000) throttle end: throttle time(11)
12-09 07:41:21.558 W/audio_hw_generic( 1309): Not supplying enough data to HAL, expected position 3682363 , only wrote 3677804
12-09 07:41:21.670 W/audio_hw_generic( 1309): Not supplying enough data to HAL, expected position 3682746 , only wrote 3678465
12-09 07:41:21.743 W/audio_hw_generic( 1309): Hardware backing HAL too slow, could only write 0 of 661 frames
12-09 07:41:21.754 W/audio_hw_generic( 1309): Hardware backing HAL too slow, could only write 0 of 661 frames
12-09 07:41:21.771 W/audio_hw_generic( 1309): Hardware backing HAL too slow, could only write 0 of 661 frames
12-09 07:41:21.786 W/audio_hw_generic( 1309): Hardware backing HAL too slow, could only write 0 of 661 frames
12-09 07:41:21.859 W/audio_hw_generic( 1309): Not supplying enough data to HAL, expected position 3686840 , only wrote 3686397
12-09 07:41:21.860 W/audio_hw_generic( 1309): Not supplying enough data to HAL, expected position 3686404 , only wrote 3686397
12-09 07:41:21.883 W/audio_hw_generic( 1309): Not supplying enough data to HAL, expected position 3687229 , only wrote 3687058
12-09 07:41:21.911 I/calabash( 5351): newActivity1
12-09 07:41:22.054 E/SurfaceFlinger( 1219): ro.sf.lcd_density must be defined as a build property
12-09 07:41:22.055 D/gralloc_ranchu( 1219): gralloc_alloc: Creating ashmem region of size 3686400
12-09 07:41:22.108 I/LatinIME:LogUtils( 1872): Dictionary info: dictionary = spellcheck_contacts.en_US ; version = 1544341282 ; date = ?
12-09 07:41:22.125 I/AccountManagerService( 1596): getTypesVisibleToCaller: isPermitted? true
12-09 07:41:22.156 D/        ( 5380): HostConnection::get() New Host Connection established 0x7f1ccba52480, tid 5380
12-09 07:41:22.190 I/LatinIME:LogUtils( 1872): Dictionary info: dictionary = spellcheck_userunigram.en_US ; version = 1544341282 ; date = ?
12-09 07:41:22.190 E/EGL_emulation( 1219): tid 1219: eglCreateSyncKHR(1881): error 0x3004 (EGL_BAD_ATTRIBUTE)
12-09 07:41:22.307 W/audio_hw_generic( 1309): Not supplying enough data to HAL, expected position 3705958 , only wrote 3705566
12-09 07:41:22.310 I/LatinIME:LogUtils( 1872): Dictionary info: dictionary = main:en ; version = 54 ; date = 1414726273
12-09 07:41:22.319 W/art     ( 1872): Long monitor contention event with owner method=void java.lang.Object.wait!(long, int) from Object.java:4294967294 waiters=0 for 182ms
12-09 07:41:22.361 V/PhoneStatusBar( 1695): setLightsOn(true)
12-09 07:41:22.480 W/audio_hw_generic( 1309): Not supplying enough data to HAL, expected position 3713194 , only wrote 3710193
12-09 07:41:22.486 W/audio_hw_generic( 1309): Not supplying enough data to HAL, expected position 3710462 , only wrote 3710193
12-09 07:41:22.527 I/art     ( 1872): Background sticky concurrent mark sweep GC freed 2290(232KB) AllocSpace objects, 1(36KB) LOS objects, 19% free, 1910KB/2MB, paused 7.136ms total 25.029ms
12-09 07:41:22.545 I/Choreographer( 5351): Skipped 30 frames!  The application may be doing too much work on its main thread.
12-09 07:41:22.555 W/audio_hw_generic( 1309): Not supplying enough data to HAL, expected position 3713236 , only wrote 3710854
12-09 07:41:22.729 D/gralloc_ranchu( 1219): gralloc_alloc: Creating ashmem region of size 3686400
12-09 07:41:22.770 W/audio_hw_generic( 1309): Hardware backing HAL too slow, could only write 0 of 661 frames
12-09 07:41:22.781 W/audio_hw_generic( 1309): Hardware backing HAL too slow, could only write 0 of 661 frames
12-09 07:41:22.796 W/audio_hw_generic( 1309): Hardware backing HAL too slow, could only write 0 of 661 frames
12-09 07:41:22.812 W/audio_hw_generic( 1309): Hardware backing HAL too slow, could only write 0 of 661 frames
12-09 07:41:22.827 W/audio_hw_generic( 1309): Hardware backing HAL too slow, could only write 0 of 661 frames
12-09 07:41:22.841 W/audio_hw_generic( 1309): Hardware backing HAL too slow, could only write 0 of 661 frames
12-09 07:41:22.861 W/audio_hw_generic( 1309): Hardware backing HAL too slow, could only write 0 of 661 frames
12-09 07:41:23.083 W/audio_hw_generic( 1309): Not supplying enough data to HAL, expected position 3734136 , only wrote 3733989
12-09 07:41:23.083 W/audio_hw_generic( 1309): Not supplying enough data to HAL, expected position 3733997 , only wrote 3733989
12-09 07:41:23.099 W/audio_hw_generic( 1309): Not supplying enough data to HAL, expected position 3734677 , only wrote 3734650
12-09 07:41:23.111 W/art     ( 1596): Long monitor contention event with owner method=void com.android.server.wm.WindowAnimator$1.doFrame(long) from WindowAnimator.java:121 waiters=0 for 196ms
12-09 07:41:23.177 W/audio_hw_generic( 1309): Not supplying enough data to HAL, expected position 3738084 , only wrote 3737955
12-09 07:41:23.188 W/audio_hw_generic( 1309): Not supplying enough data to HAL, expected position 3738427 , only wrote 3737955
