--------- beginning of main
12-09 07:44:10.500 D/gralloc_ranchu( 1223): gralloc_alloc: Creating ashmem region of size 708608
12-09 07:44:10.553 W/audio_hw_generic( 1307): Not supplying enough data to HAL, expected position 5956389 , only wrote 5956271
12-09 07:44:10.554 W/audio_hw_generic( 1307): Not supplying enough data to HAL, expected position 5956277 , only wrote 5956271
12-09 07:44:10.572 D/        ( 1592): HostConnection::get() New Host Connection established 0x7f7b618ce9c0, tid 4244
12-09 07:44:10.615 W/audio_hw_generic( 1307): Not supplying enough data to HAL, expected position 5958982 , only wrote 5956932
12-09 07:44:10.617 E/EGL_emulation( 1223): tid 1223: eglCreateSyncKHR(1881): error 0x3004 (EGL_BAD_ATTRIBUTE)
12-09 07:44:10.654 W/audio_hw_generic( 1307): Not supplying enough data to HAL, expected position 5958668 , only wrote 5958254
12-09 07:44:10.811 I/art     ( 1592): Background partial concurrent mark sweep GC freed 6449(532KB) AllocSpace objects, 2(40KB) LOS objects, 30% free, 9MB/13MB, paused 1.268ms total 185.918ms
12-09 07:44:10.828 W/audio_hw_generic( 1307): Hardware backing HAL too slow, could only write 0 of 661 frames
12-09 07:44:10.858 W/audio_hw_generic( 1307): Hardware backing HAL too slow, could only write 0 of 661 frames
--------- beginning of system
12-09 07:44:10.885 W/ActivityManager( 1592): Finishing task with all activities already finished
12-09 07:44:10.885 W/ActivityManager( 1592): Duplicate finish request for ActivityRecord{a9a3fae u0 com.evancharlton.mileage/.Mileage t349 f}
12-09 07:44:10.886 W/audio_hw_generic( 1307): Not supplying enough data to HAL, expected position 5968486 , only wrote 5968169
12-09 07:44:10.923 W/audio_hw_generic( 1307): Not supplying enough data to HAL, expected position 5969762 , only wrote 5969491
12-09 07:44:10.960 W/ActivityManager( 1592): Finishing task with all activities already finished
12-09 07:44:10.960 W/ActivityManager( 1592): Duplicate finish request for ActivityRecord{a9a3fae u0 com.evancharlton.mileage/.Mileage t349 f}
12-09 07:44:10.964 W/ActivityManager( 1592): Finishing task with all activities already finished
12-09 07:44:10.983 W/ActivityManager( 1592): Duplicate finish request for ActivityRecord{a9a3fae u0 com.evancharlton.mileage/.Mileage t349 f}
12-09 07:44:10.990 I/art     ( 1592): Background partial concurrent mark sweep GC freed 1119(70KB) AllocSpace objects, 1(20KB) LOS objects, 30% free, 9MB/13MB, paused 4.726ms total 106.841ms
12-09 07:44:11.026 D/EGL_emulation( 1941): eglMakeCurrent: 0x7f7b71de1d20: ver 2 0 (tinfo 0x7f7b71dc2900)
12-09 07:44:11.067 W/audio_hw_generic( 1307): Not supplying enough data to HAL, expected position 5975876 , only wrote 5975440
12-09 07:44:11.068 W/audio_hw_generic( 1307): Not supplying enough data to HAL, expected position 5975446 , only wrote 5975440
12-09 07:44:11.086 W/audio_hw_generic( 1307): Not supplying enough data to HAL, expected position 5976258 , only wrote 5976101
12-09 07:44:11.200 W/audio_hw_generic( 1307): Not supplying enough data to HAL, expected position 5981127 , only wrote 5980728
12-09 07:44:11.200 W/audio_hw_generic( 1307): Not supplying enough data to HAL, expected position 5980734 , only wrote 5980728
12-09 07:44:11.219 W/audio_hw_generic( 1307): Not supplying enough data to HAL, expected position 5981561 , only wrote 5981389
12-09 07:44:11.477 W/audio_hw_generic( 1307): Not supplying enough data to HAL, expected position 5992749 , only wrote 5992626
12-09 07:44:11.527 W/audio_hw_generic( 1307): Not supplying enough data to HAL, expected position 5994824 , only wrote 5994609
12-09 07:44:11.527 W/audio_hw_generic( 1307): Not supplying enough data to HAL, expected position 5994618 , only wrote 5994609
12-09 07:44:11.763 D/AndroidRuntime( 5906): >>>>>> START com.android.internal.os.RuntimeInit uid 0 <<<<<<
12-09 07:44:11.764 D/AndroidRuntime( 5906): CheckJNI is ON
12-09 07:44:11.837 D/ICU     ( 5906): No timezone override file found: /data/misc/zoneinfo/current/icu/icu_tzdata.dat
12-09 07:44:11.972 W/audio_hw_generic( 1307): Hardware backing HAL too slow, could only write 0 of 661 frames
12-09 07:44:11.985 E/memtrack( 5906): Couldn't load memtrack module (No such file or directory)
12-09 07:44:11.985 E/android.os.Debug( 5906): failed to load memtrack module: -2
12-09 07:44:11.986 I/Radio-JNI( 5906): register_android_hardware_Radio DONE
12-09 07:44:11.990 W/audio_hw_generic( 1307): Hardware backing HAL too slow, could only write 0 of 661 frames
12-09 07:44:12.014 D/AndroidRuntime( 5906): Calling main entry com.android.commands.am.Am
12-09 07:44:12.017 W/audio_hw_generic( 1307): Hardware backing HAL too slow, could only write 0 of 661 frames
12-09 07:44:12.032 W/audio_hw_generic( 1307): Hardware backing HAL too slow, could only write 0 of 661 frames
12-09 07:44:12.170 W/audio_hw_generic( 1307): Not supplying enough data to HAL, expected position 6022984 , only wrote 6018405
12-09 07:44:12.179 W/art     ( 1592): Long monitor contention event with owner method=void com.android.server.wm.WindowAnimator$1.doFrame(long) from WindowAnimator.java:121 waiters=1 for 196ms
12-09 07:44:12.182 W/audio_hw_generic( 1307): Not supplying enough data to HAL, expected position 6018936 , only wrote 6018405
12-09 07:44:12.202 W/audio_hw_generic( 1307): Not supplying enough data to HAL, expected position 6019284 , only wrote 6019066
12-09 07:44:12.215 W/audio_hw_generic( 1307): Not supplying enough data to HAL, expected position 6019611 , only wrote 6019066
12-09 07:44:12.234 W/audio_hw_generic( 1307): Not supplying enough data to HAL, expected position 6019899 , only wrote 6019727
12-09 07:44:12.247 W/art     ( 1592): Long monitor contention event with owner method=void com.android.server.wm.WindowAnimator$1.doFrame(long) from WindowAnimator.java:121 waiters=1 for 207ms
12-09 07:44:12.487 I/ActivityManager( 1592): Force stopping com.evancharlton.mileage appid=10119 user=0: start instr
12-09 07:44:12.515 I/Choreographer( 1941): Skipped 85 frames!  The application may be doing too much work on its main thread.
12-09 07:44:12.539 I/ActivityManager( 1592): Killing 5862:com.evancharlton.mileage/u0a119 (adj 0): stop com.evancharlton.mileage
12-09 07:44:12.552 W/OpenGLRenderer( 1941): Incorrectly called buildLayer on View: ShortcutAndWidgetContainer, destroying layer...
12-09 07:44:12.613 W/ActivityManager( 1592): Crash of app com.evancharlton.mileage running instrumentation ComponentInfo{com.evancharlton.mileage.test/sh.calaba.instrumentationbackend.CalabashInstrumentationTestRunner}
12-09 07:44:12.613 I/ActivityManager( 1592): Force stopping com.evancharlton.mileage appid=10119 user=0: finished inst
12-09 07:44:12.620 I/WindowState( 1592): WIN DEATH: Window{93f0ee0 u0 com.evancharlton.mileage/com.evancharlton.mileage.Mileage EXITING}
12-09 07:44:12.630 I/ActivityManager( 1592): Start proc 5915:com.evancharlton.mileage/u0a119 for added application com.evancharlton.mileage
12-09 07:44:12.630 D/AndroidRuntime( 5906): Shutting down VM
12-09 07:44:12.904 W/System  ( 5915): ClassLoader referenced unknown path: /data/app/com.evancharlton.mileage.test-1/lib/x86_64
12-09 07:44:12.904 W/System  ( 5915): ClassLoader referenced unknown path: /data/app/com.evancharlton.mileage-1/lib/x86_64
12-09 07:44:13.115 W/WindowAnimator( 1592): Failed to dispatch window animation state change.
12-09 07:44:13.115 W/WindowAnimator( 1592): android.os.DeadObjectException
12-09 07:44:13.115 W/WindowAnimator( 1592): 	at android.os.BinderProxy.transactNative(Native Method)
12-09 07:44:13.115 W/WindowAnimator( 1592): 	at android.os.BinderProxy.transact(Binder.java:503)
12-09 07:44:13.115 W/WindowAnimator( 1592): 	at android.view.IWindow$Stub$Proxy.onAnimationStopped(IWindow.java:534)
12-09 07:44:13.115 W/WindowAnimator( 1592): 	at com.android.server.wm.WindowAnimator.updateWindowsLocked(WindowAnimator.java:286)
12-09 07:44:13.115 W/WindowAnimator( 1592): 	at com.android.server.wm.WindowAnimator.animateLocked(WindowAnimator.java:678)
12-09 07:44:13.115 W/WindowAnimator( 1592): 	at com.android.server.wm.WindowAnimator.-wrap0(WindowAnimator.java)
12-09 07:44:13.115 W/WindowAnimator( 1592): 	at com.android.server.wm.WindowAnimator$1.doFrame(WindowAnimator.java:123)
12-09 07:44:13.115 W/WindowAnimator( 1592): 	at android.view.Choreographer$CallbackRecord.run(Choreographer.java:856)
12-09 07:44:13.115 W/WindowAnimator( 1592): 	at android.view.Choreographer.doCallbacks(Choreographer.java:670)
12-09 07:44:13.115 W/WindowAnimator( 1592): 	at android.view.Choreographer.doFrame(Choreographer.java:603)
12-09 07:44:13.115 W/WindowAnimator( 1592): 	at android.view.Choreographer$FrameDisplayEventReceiver.run(Choreographer.java:844)
12-09 07:44:13.115 W/WindowAnimator( 1592): 	at android.os.Handler.handleCallback(Handler.java:739)
12-09 07:44:13.115 W/WindowAnimator( 1592): 	at android.os.Handler.dispatchMessage(Handler.java:95)
12-09 07:44:13.115 W/WindowAnimator( 1592): 	at android.os.Looper.loop(Looper.java:148)
12-09 07:44:13.115 W/WindowAnimator( 1592): 	at android.os.HandlerThread.run(HandlerThread.java:61)
12-09 07:44:13.115 W/WindowAnimator( 1592): 	at com.android.server.ServiceThread.run(ServiceThread.java:46)
12-09 07:44:13.116 W/art     ( 1592): Long monitor contention event with owner method=void com.android.server.wm.WindowAnimator$1.doFrame(long) from WindowAnimator.java:121 waiters=0 for 206ms
12-09 07:44:13.125 I/System.out( 5915): Main activity name automatically set to: com.evancharlton.mileage.Mileage
12-09 07:44:13.125 I/System.out( 5915): Calabash did not load Mono. This is only a problem if you are trying to test a Mono application
12-09 07:44:13.125 I/calabash( 5915): Test server port: 7102
12-09 07:44:13.137 I/InstrumentationBackend( 5915): Added:'GetPreferences', with key:'get_preferences'
12-09 07:44:13.288 W/art     ( 1592): Long monitor contention event with owner method=void com.android.server.wm.WindowAnimator$1.doFrame(long) from WindowAnimator.java:121 waiters=0 for 172ms
12-09 07:44:13.291 I/InstrumentationBackend( 5915): Added:'SetPreferences', with key:'set_preferences'
12-09 07:44:13.294 I/InstrumentationBackend( 5915): Added:'ClearPreferences', with key:'clear_preferences'
12-09 07:44:13.294 I/InstrumentationBackend( 5915): Added:'PressElement', with key:'press_l10n_element'
12-09 07:44:13.295 I/InstrumentationBackend( 5915): Added:'WaitForElement', with key:'wait_for_l10n_element'
12-09 07:44:13.295 I/InstrumentationBackend( 5915): Added:'NullAction', with key:'nullAction'
12-09 07:44:13.295 I/InstrumentationBackend( 5915): Added:'PressKey', with key:'press_key'
12-09 07:44:13.295 I/InstrumentationBackend( 5915): Added:'SetActivityOrientation', with key:'set_activity_orientation'
12-09 07:44:13.296 I/InstrumentationBackend( 5915): Added:'GetActivityOrientation', with key:'get_activity_orientation'
12-09 07:44:13.296 I/InstrumentationBackend( 5915): Added:'FakeGPSLocation', with key:'set_gps_coordinates'
12-09 07:44:13.296 I/InstrumentationBackend( 5915): Added:'SetPropertyByCssSelector', with key:'set_property_by_css_selector'
12-09 07:44:13.296 I/InstrumentationBackend( 5915): Added:'GetUrl', with key:'get_url'
12-09 07:44:13.307 I/InstrumentationBackend( 5915): Added:'ScrollTo', with key:'scroll_to'
12-09 07:44:13.307 I/InstrumentationBackend( 5915): Added:'GetLoadProgress', with key:'get_load_progress'
12-09 07:44:13.308 I/InstrumentationBackend( 5915): Added:'DumpHtml', with key:'dump_html'
12-09 07:44:13.308 I/InstrumentationBackend( 5915): Added:'DumpBodyHtml', with key:'dump_body_html'
12-09 07:44:13.308 I/InstrumentationBackend( 5915): Added:'EnterTextByCssSelector', with key:'enter_text_by_selector'
12-09 07:44:13.309 I/InstrumentationBackend( 5915): Added:'AndroidSDKVersion', with key:'android_sdk_version'
12-09 07:44:13.309 I/InstrumentationBackend( 5915): Added:'Version', with key:'version'
12-09 07:44:13.309 I/InstrumentationBackend( 5915): Added:'Drag', with key:'drag'
12-09 07:44:13.309 I/InstrumentationBackend( 5915): Added:'TouchCoordinates', with key:'touch_coordinate'
12-09 07:44:13.309 I/InstrumentationBackend( 5915): Added:'LongPressCoordinate', with key:'long_press_coordinate'
12-09 07:44:13.309 I/InstrumentationBackend( 5915): Added:'DragCoordinates', with key:'drag_coordinates'
12-09 07:44:13.310 I/InstrumentationBackend( 5915): Added:'ResumeApplication', with key:'resume_application'
12-09 07:44:13.310 I/InstrumentationBackend( 5915): Added:'Swipe', with key:'swipe'
12-09 07:44:13.310 I/InstrumentationBackend( 5915): Added:'DoubleTapCoordinate', with key:'double_tap_coordinate'
12-09 07:44:13.310 I/InstrumentationBackend( 5915): Added:'ClickOnScreen', with key:'click_on_screen'
12-09 07:44:13.315 I/InstrumentationBackend( 5915): Added:'GetActivityName', with key:'get_activity_name'
12-09 07:44:13.335 I/InstrumentationBackend( 5915): Added:'ScrollToView', with key:'scroll_to_view'
12-09 07:44:13.335 I/InstrumentationBackend( 5915): Added:'ViewConfiguration', with key:'view_configuration'
12-09 07:44:13.335 I/InstrumentationBackend( 5915): Added:'IsCurrentActivityFocused', with key:'is_current_activity_focused'
12-09 07:44:13.335 I/InstrumentationBackend( 5915): Added:'SendTcp', with key:'send_tcp'
12-09 07:44:13.336 I/InstrumentationBackend( 5915): Added:'DpToDevicePixel', with key:'dp_to_device_pixel'
12-09 07:44:13.336 I/InstrumentationBackend( 5915): Added:'KeyboardEnterText', with key:'keyboard_enter_text'
12-09 07:44:13.336 I/InstrumentationBackend( 5915): Added:'DeleteSurroundingText', with key:'delete_surrounding_text'
12-09 07:44:13.339 I/InstrumentationBackend( 5915): Added:'SetComposingRegion', with key:'set_composing_region'
12-09 07:44:13.339 I/InstrumentationBackend( 5915): Added:'SetSelection', with key:'set_selection'
12-09 07:44:13.339 I/InstrumentationBackend( 5915): Added:'KeyboardKeyEvent', with key:'keyboard_key_event'
12-09 07:44:13.340 I/InstrumentationBackend( 5915): Added:'PressUserActionButton', with key:'press_user_action_button'
12-09 07:44:13.340 I/InstrumentationBackend( 5915): Added:'HideSoftKeyboard', with key:'hide_soft_keyboard'
12-09 07:44:13.340 I/InstrumentationBackend( 5915): Added:'ListActions', with key:'list_actions'
12-09 07:44:13.341 I/calabash( 5915): Instantiating http server at 7102
12-09 07:44:13.341 I/System.out( 5915): HTTP Daemon listening on: 7102
12-09 07:44:13.387 I/System.out( 5915): URI: //ping
12-09 07:44:13.387 I/System.out( 5915): params: {json={}
12-09 07:44:13.387 I/System.out( 5915): }
12-09 07:44:13.471 I/System.out( 5915): URI: //ping
12-09 07:44:13.471 I/System.out( 5915): params: {json={}
12-09 07:44:13.471 I/System.out( 5915): }
12-09 07:44:13.596 I/System.out( 5915): URI: //ready
12-09 07:44:13.596 I/System.out( 5915): params: {json={}
12-09 07:44:13.596 I/System.out( 5915): }
12-09 07:44:13.667 I/System.out( 5915): URI: //
12-09 07:44:13.667 I/System.out( 5915): params: {json={"command":"version","arguments":[]}
12-09 07:44:13.667 I/System.out( 5915): }
12-09 07:44:13.667 I/System.out( 5915): header: {date=Sun, 09 Dec 2018 07:44:13 GMT, accept=*/*, content-length=36, host=127.0.0.1:34777, user-agent=HTTPClient/1.0 (2.8.3, ruby 2.3.1 (2016-04-26)), content-type=application/json;charset=utf-8}
12-09 07:44:13.667 I/System.out( 5915): params: {json={"command":"version","arguments":[]}
12-09 07:44:13.668 I/System.out( 5915): }
12-09 07:44:13.668 I/System.out( 5915): ProP json = {"command":"version","arguments":[]}
12-09 07:44:13.668 I/System.out( 5915): files: {}
12-09 07:44:13.668 I/System.out( 5915): command: {"command":"version","arguments":[]}
12-09 07:44:13.692 I/InstrumentationBackend( 5915): Got command:'Command:'Line:null,version', arguments:'[]'
12-09 07:44:13.714 I/System.out( 5915): result:{"bonusInformation":[],"message":"0.9.8","success":true}
12-09 07:44:13.805 I/System.out( 5915): URI: //start-application
12-09 07:44:13.805 I/System.out( 5915): params: {json={"intent":null}
12-09 07:44:13.805 I/System.out( 5915): }
12-09 07:44:13.824 I/ActivityManager( 1592): START u0 {act=android.intent.action.MAIN cat=[android.intent.category.LAUNCHER] flg=0x10200000 cmp=com.evancharlton.mileage/.Mileage} from uid 10119 on display 0
12-09 07:44:13.947 I/calabash( 5915): newActivity1
12-09 07:44:13.960 D/gralloc_ranchu( 1223): gralloc_alloc: Creating ashmem region of size 3686400
12-09 07:44:14.219 I/calabash( 5915): newActivity1
12-09 07:44:14.221 W/ActivityManager( 1592): Bad activity token: android.os.BinderProxy@bd24709
12-09 07:44:14.221 W/ActivityManager( 1592): java.lang.ClassCastException: android.os.BinderProxy cannot be cast to com.android.server.am.ActivityRecord$Token
12-09 07:44:14.221 W/ActivityManager( 1592): 	at com.android.server.am.ActivityRecord.forTokenLocked(ActivityRecord.java:424)
12-09 07:44:14.221 W/ActivityManager( 1592): 	at com.android.server.am.ActivityRecord.isInStackLocked(ActivityRecord.java:1121)
12-09 07:44:14.221 W/ActivityManager( 1592): 	at com.android.server.am.ActivityRecord.getStackLocked(ActivityRecord.java:1126)
12-09 07:44:14.221 W/ActivityManager( 1592): 	at com.android.server.am.ActivityManagerService.getActivityDisplayId(ActivityManagerService.java:8889)
12-09 07:44:14.221 W/ActivityManager( 1592): 	at android.app.ActivityManagerNative.onTransact(ActivityManagerNative.java:2338)
12-09 07:44:14.221 W/ActivityManager( 1592): 	at com.android.server.am.ActivityManagerService.onTransact(ActivityManagerService.java:2443)
12-09 07:44:14.221 W/ActivityManager( 1592): 	at android.os.Binder.execTransact(Binder.java:453)
12-09 07:44:14.222 W/ActivityManager( 1592): Bad activity token: android.os.BinderProxy@bd24709
12-09 07:44:14.222 W/ActivityManager( 1592): java.lang.ClassCastException: android.os.BinderProxy cannot be cast to com.android.server.am.ActivityRecord$Token
12-09 07:44:14.222 W/ActivityManager( 1592): 	at com.android.server.am.ActivityRecord.forTokenLocked(ActivityRecord.java:424)
12-09 07:44:14.222 W/ActivityManager( 1592): 	at com.android.server.am.ActivityRecord.isInStackLocked(ActivityRecord.java:1121)
12-09 07:44:14.222 W/ActivityManager( 1592): 	at com.android.server.am.ActivityManagerService.setTaskDescription(ActivityManagerService.java:8547)
12-09 07:44:14.222 W/ActivityManager( 1592): 	at android.app.ActivityManagerNative.onTransact(ActivityManagerNative.java:2410)
12-09 07:44:14.222 W/ActivityManager( 1592): 	at com.android.server.am.ActivityManagerService.onTransact(ActivityManagerService.java:2443)
12-09 07:44:14.222 W/ActivityManager( 1592): 	at android.os.Binder.execTransact(Binder.java:453)
12-09 07:44:14.334 W/ActivityManager( 1592): Bad activity token: android.os.BinderProxy@bd24709
12-09 07:44:14.334 W/ActivityManager( 1592): java.lang.ClassCastException: android.os.BinderProxy cannot be cast to com.android.server.am.ActivityRecord$Token
12-09 07:44:14.334 W/ActivityManager( 1592): 	at com.android.server.am.ActivityRecord.forTokenLocked(ActivityRecord.java:424)
12-09 07:44:14.334 W/ActivityManager( 1592): 	at com.android.server.am.ActivityRecord.isInStackLocked(ActivityRecord.java:1121)
12-09 07:44:14.334 W/ActivityManager( 1592): 	at com.android.server.am.ActivityManagerService.getActivityOptions(ActivityManagerService.java:11038)
12-09 07:44:14.334 W/ActivityManager( 1592): 	at android.app.ActivityManagerNative.onTransact(ActivityManagerNative.java:1734)
12-09 07:44:14.334 W/ActivityManager( 1592): 	at com.android.server.am.ActivityManagerService.onTransact(ActivityManagerService.java:2443)
12-09 07:44:14.334 W/ActivityManager( 1592): 	at android.os.Binder.execTransact(Binder.java:453)
12-09 07:44:14.343 W/ActivityManager( 1592): Bad activity token: android.os.BinderProxy@bd24709
12-09 07:44:14.343 W/ActivityManager( 1592): java.lang.ClassCastException: android.os.BinderProxy cannot be cast to com.android.server.am.ActivityRecord$Token
12-09 07:44:14.343 W/ActivityManager( 1592): 	at com.android.server.am.ActivityRecord.forTokenLocked(ActivityRecord.java:424)
12-09 07:44:14.343 W/ActivityManager( 1592): 	at com.android.server.am.ActivityRecord.isInStackLocked(ActivityRecord.java:1121)
12-09 07:44:14.343 W/ActivityManager( 1592): 	at com.android.server.am.ActivityManagerService.getActivityOptions(ActivityManagerService.java:11038)
12-09 07:44:14.343 W/ActivityManager( 1592): 	at android.app.ActivityManagerNative.onTransact(ActivityManagerNative.java:1734)
12-09 07:44:14.343 W/ActivityManager( 1592): 	at com.android.server.am.ActivityManagerService.onTransact(ActivityManagerService.java:2443)
12-09 07:44:14.343 W/ActivityManager( 1592): 	at android.os.Binder.execTransact(Binder.java:453)
12-09 07:44:14.459 I/Choreographer( 1592): Skipped 30 frames!  The application may be doing too much work on its main thread.
12-09 07:44:14.469 V/PhoneStatusBar( 1688): setLightsOn(true)
12-09 07:44:14.619 D/EGL_emulation( 1941): eglMakeCurrent: 0x7f7b71de1d20: ver 2 0 (tinfo 0x7f7b71dc2900)
12-09 07:44:14.667 E/Surface ( 1941): getSlotFromBufferLocked: unknown buffer: 0x7f7b6e2b8b00
12-09 07:44:15.168 W/art     ( 1592): Long monitor contention event with owner method=int com.android.server.wm.WindowManagerService.relayoutWindow(com.android.server.wm.Session, android.view.IWindow, int, android.view.WindowManager$LayoutParams, int, int, int, int, android.graphics.Rect, android.graphics.Rect, android.graphics.Rect, android.graphics.Rect, android.graphics.Rect, android.graphics.Rect, android.content.res.Configuration, android.view.Surface) from WindowManagerService.java:3103 waiters=0 for 343ms
12-09 07:44:15.179 D/gralloc_ranchu( 1223): gralloc_alloc: Creating ashmem region of size 3686400
12-09 07:44:15.263 D/        ( 5915): HostConnection::get() New Host Connection established 0x7f7b6fc06e00, tid 5915
12-09 07:44:15.542 I/ActivityManager( 1592): Displayed com.evancharlton.mileage/.Mileage: +1s605ms
12-09 07:44:15.632 D/gralloc_ranchu( 1223): gralloc_alloc: Creating ashmem region of size 3686400
12-09 07:44:16.191 D/gralloc_ranchu( 1223): gralloc_alloc: Creating ashmem region of size 3686400
12-09 07:44:17.534 I/System.out( 5915): URI: //map
12-09 07:44:17.534 I/System.out( 5915): params: {json={"query":"android.widget.EditText id:'price'","operation":{"method_name":"query","arguments":[]}}
12-09 07:44:17.534 I/System.out( 5915): }
12-09 07:44:17.559 W/ResourceType( 5915): No package identifier when getting name for resource number 0x00000001
12-09 07:44:17.743 I/System.out( 5915): URI: //gesture
12-09 07:44:17.743 I/System.out( 5915): params: {json={"query_timeout":5.0,"gestures":[{"query_string":"android.widget.EditText id:'price'","touches":[{"x":50,"y":50,"offset_x":0,"offset_y":0,"wait":0.0,"time":0.2,"release":true,"query_string":null}]}]}
12-09 07:44:17.743 I/System.out( 5915): }
12-09 07:44:17.767 W/ResourceType( 5915): No package identifier when getting name for resource number 0x00000001
12-09 07:44:20.368 I/InputDispatcher( 1592): Window 'Window{8dece41 u0 com.evancharlton.mileage/com.evancharlton.mileage.Mileage}' spent 2296.9ms processing the last input event: MotionEvent(deviceId=0, source=0x00001002, action=2, actionButton=0x00000000, flags=0x00000000, metaState=0x00000000, buttonState=0x00000000, edgeFlags=0x00000000, xPrecision=1.0, yPrecision=1.0, displayId=0, pointers=[0: (180.0, 140.0)]), policyFlags=0x69000000
12-09 07:44:20.669 D/gralloc_ranchu( 1223): gralloc_alloc: Creating ashmem region of size 12288
12-09 07:44:21.135 I/System.out( 5915): URI: //
12-09 07:44:21.135 I/System.out( 5915): params: {json={"command":"set_selection","arguments":[-1,-1]}
12-09 07:44:21.135 I/System.out( 5915): }
12-09 07:44:21.135 I/System.out( 5915): header: {date=Sun, 09 Dec 2018 07:44:21 GMT, accept=*/*, content-length=47, host=127.0.0.1:34777, user-agent=HTTPClient/1.0 (2.8.3, ruby 2.3.1 (2016-04-26)), content-type=application/json;charset=utf-8}
12-09 07:44:21.135 I/System.out( 5915): params: {json={"command":"set_selection","arguments":[-1,-1]}
12-09 07:44:21.135 I/System.out( 5915): }
12-09 07:44:21.136 I/System.out( 5915): ProP json = {"command":"set_selection","arguments":[-1,-1]}
12-09 07:44:21.136 I/System.out( 5915): files: {}
12-09 07:44:21.136 I/System.out( 5915): command: {"command":"set_selection","arguments":[-1,-1]}
12-09 07:44:21.137 I/InstrumentationBackend( 5915): Got command:'Command:'Line:null,set_selection', arguments:'[-1, -1]'
12-09 07:44:21.172 W/art     ( 1592): Long monitor contention event with owner method=void com.android.server.wm.WindowAnimator$1.doFrame(long) from WindowAnimator.java:121 waiters=0 for 114ms
12-09 07:44:21.193 I/System.out( 5915): result:{"bonusInformation":[],"message":"","success":true}
12-09 07:44:21.391 D/gralloc_ranchu( 1223): gralloc_alloc: Creating ashmem region of size 32768
12-09 07:44:21.533 D/gralloc_ranchu( 1223): gralloc_alloc: Creating ashmem region of size 32768
12-09 07:44:21.624 D/gralloc_ranchu( 1223): gralloc_alloc: Creating ashmem region of size 32768
12-09 07:44:26.839 E/SurfaceFlinger( 1223): ro.sf.lcd_density must be defined as a build property
12-09 07:44:26.839 D/gralloc_ranchu( 1223): gralloc_alloc: Creating ashmem region of size 3686400
12-09 07:44:26.887 D/        ( 5969): HostConnection::get() New Host Connection established 0x7fe474b12480, tid 5969
12-09 07:44:26.917 E/EGL_emulation( 1223): tid 1223: eglCreateSyncKHR(1881): error 0x3004 (EGL_BAD_ATTRIBUTE)
