--------- beginning of main
12-09 07:52:41.511 D/AndroidRuntime( 8164): >>>>>> START com.android.internal.os.RuntimeInit uid 0 <<<<<<
12-09 07:52:41.512 D/AndroidRuntime( 8164): CheckJNI is ON
12-09 07:52:41.538 D/ICU     ( 8164): No timezone override file found: /data/misc/zoneinfo/current/icu/icu_tzdata.dat
12-09 07:52:42.207 E/memtrack( 8164): Couldn't load memtrack module (No such file or directory)
12-09 07:52:42.209 E/android.os.Debug( 8164): failed to load memtrack module: -2
12-09 07:52:42.210 I/Radio-JNI( 8164): register_android_hardware_Radio DONE
12-09 07:52:42.223 D/AndroidRuntime( 8164): Calling main entry com.android.commands.am.Am
--------- beginning of system
12-09 07:52:42.291 I/ActivityManager( 1591): Force stopping com.evancharlton.mileage appid=10121 user=0: start instr
12-09 07:52:42.291 I/ActivityManager( 1591): Killing 8147:com.evancharlton.mileage/u0a121 (adj 0): stop com.evancharlton.mileage
12-09 07:52:42.483 W/ActivityManager( 1591): Crash of app com.evancharlton.mileage running instrumentation ComponentInfo{com.evancharlton.mileage.test/sh.calaba.instrumentationbackend.ClearAppData2}
12-09 07:52:42.483 I/ActivityManager( 1591): Force stopping com.evancharlton.mileage appid=10121 user=0: finished inst
12-09 07:52:42.505 I/ActivityManager( 1591): Start proc 8173:com.evancharlton.mileage/u0a121 for added application com.evancharlton.mileage
12-09 07:52:42.514 W/ActivityManager( 1591): Spurious death for ProcessRecord{9e319da 0:com.evancharlton.mileage/u0a121}, curProc for 8147: null
12-09 07:52:42.514 D/AndroidRuntime( 8164): Shutting down VM
12-09 07:52:42.838 I/art     ( 8173): Background sticky concurrent mark sweep GC freed 31137(1143KB) AllocSpace objects, 0(0B) LOS objects, 91% free, 337KB/3MB, paused 1.632ms total 182.553ms
12-09 07:52:42.844 W/System  ( 8173): ClassLoader referenced unknown path: /data/app/com.evancharlton.mileage.test-1/lib/x86_64
12-09 07:52:42.844 W/System  ( 8173): ClassLoader referenced unknown path: /data/app/com.evancharlton.mileage-1/lib/x86_64
12-09 07:52:42.885 I/System.out( 8173): Main activity name automatically set to: com.evancharlton.mileage.Mileage
12-09 07:52:42.886 I/System.out( 8173): Calabash did not load Mono. This is only a problem if you are trying to test a Mono application
12-09 07:52:42.889 I/calabash( 8173): Test server port: 7102
12-09 07:52:42.890 I/InstrumentationBackend( 8173): Added:'GetPreferences', with key:'get_preferences'
12-09 07:52:42.924 I/InstrumentationBackend( 8173): Added:'SetPreferences', with key:'set_preferences'
12-09 07:52:42.930 I/InstrumentationBackend( 8173): Added:'ClearPreferences', with key:'clear_preferences'
12-09 07:52:42.930 I/InstrumentationBackend( 8173): Added:'PressElement', with key:'press_l10n_element'
12-09 07:52:42.930 I/InstrumentationBackend( 8173): Added:'WaitForElement', with key:'wait_for_l10n_element'
12-09 07:52:42.930 I/InstrumentationBackend( 8173): Added:'NullAction', with key:'nullAction'
12-09 07:52:42.931 I/InstrumentationBackend( 8173): Added:'PressKey', with key:'press_key'
12-09 07:52:42.931 I/InstrumentationBackend( 8173): Added:'SetActivityOrientation', with key:'set_activity_orientation'
12-09 07:52:42.931 I/InstrumentationBackend( 8173): Added:'GetActivityOrientation', with key:'get_activity_orientation'
12-09 07:52:42.931 I/InstrumentationBackend( 8173): Added:'FakeGPSLocation', with key:'set_gps_coordinates'
12-09 07:52:42.931 I/InstrumentationBackend( 8173): Added:'SetPropertyByCssSelector', with key:'set_property_by_css_selector'
12-09 07:52:42.931 I/InstrumentationBackend( 8173): Added:'GetUrl', with key:'get_url'
12-09 07:52:42.932 I/InstrumentationBackend( 8173): Added:'ScrollTo', with key:'scroll_to'
12-09 07:52:42.932 I/InstrumentationBackend( 8173): Added:'GetLoadProgress', with key:'get_load_progress'
12-09 07:52:42.933 I/InstrumentationBackend( 8173): Added:'DumpHtml', with key:'dump_html'
12-09 07:52:42.933 I/InstrumentationBackend( 8173): Added:'DumpBodyHtml', with key:'dump_body_html'
12-09 07:52:42.933 I/InstrumentationBackend( 8173): Added:'EnterTextByCssSelector', with key:'enter_text_by_selector'
12-09 07:52:42.934 I/InstrumentationBackend( 8173): Added:'AndroidSDKVersion', with key:'android_sdk_version'
12-09 07:52:42.934 I/InstrumentationBackend( 8173): Added:'Version', with key:'version'
12-09 07:52:42.934 I/InstrumentationBackend( 8173): Added:'Drag', with key:'drag'
12-09 07:52:42.934 I/InstrumentationBackend( 8173): Added:'TouchCoordinates', with key:'touch_coordinate'
12-09 07:52:42.934 I/InstrumentationBackend( 8173): Added:'LongPressCoordinate', with key:'long_press_coordinate'
12-09 07:52:42.934 I/InstrumentationBackend( 8173): Added:'DragCoordinates', with key:'drag_coordinates'
12-09 07:52:42.935 I/InstrumentationBackend( 8173): Added:'ResumeApplication', with key:'resume_application'
12-09 07:52:42.935 I/InstrumentationBackend( 8173): Added:'Swipe', with key:'swipe'
12-09 07:52:42.935 I/InstrumentationBackend( 8173): Added:'DoubleTapCoordinate', with key:'double_tap_coordinate'
12-09 07:52:42.935 I/InstrumentationBackend( 8173): Added:'ClickOnScreen', with key:'click_on_screen'
12-09 07:52:42.936 I/InstrumentationBackend( 8173): Added:'GetActivityName', with key:'get_activity_name'
12-09 07:52:42.936 I/InstrumentationBackend( 8173): Added:'ScrollToView', with key:'scroll_to_view'
12-09 07:52:42.936 I/InstrumentationBackend( 8173): Added:'ViewConfiguration', with key:'view_configuration'
12-09 07:52:42.936 I/InstrumentationBackend( 8173): Added:'IsCurrentActivityFocused', with key:'is_current_activity_focused'
12-09 07:52:42.936 I/InstrumentationBackend( 8173): Added:'SendTcp', with key:'send_tcp'
12-09 07:52:42.936 I/InstrumentationBackend( 8173): Added:'DpToDevicePixel', with key:'dp_to_device_pixel'
12-09 07:52:42.937 I/InstrumentationBackend( 8173): Added:'KeyboardEnterText', with key:'keyboard_enter_text'
12-09 07:52:42.937 I/InstrumentationBackend( 8173): Added:'DeleteSurroundingText', with key:'delete_surrounding_text'
12-09 07:52:42.938 I/InstrumentationBackend( 8173): Added:'SetComposingRegion', with key:'set_composing_region'
12-09 07:52:42.941 I/InstrumentationBackend( 8173): Added:'SetSelection', with key:'set_selection'
12-09 07:52:42.941 I/InstrumentationBackend( 8173): Added:'KeyboardKeyEvent', with key:'keyboard_key_event'
12-09 07:52:42.942 I/InstrumentationBackend( 8173): Added:'PressUserActionButton', with key:'press_user_action_button'
12-09 07:52:42.942 I/InstrumentationBackend( 8173): Added:'HideSoftKeyboard', with key:'hide_soft_keyboard'
12-09 07:52:42.942 I/InstrumentationBackend( 8173): Added:'ListActions', with key:'list_actions'
12-09 07:52:42.943 I/calabash( 8173): Instantiating http server at 7102
12-09 07:52:42.962 I/System.out( 8173): HTTP Daemon listening on: 7102
12-09 07:52:43.071 I/System.out( 8173): URI: //ping
12-09 07:52:43.071 I/System.out( 8173): params: {json={}
12-09 07:52:43.071 I/System.out( 8173): }
12-09 07:52:43.134 I/System.out( 8173): URI: //ping
12-09 07:52:43.134 I/System.out( 8173): params: {json={}
12-09 07:52:43.134 I/System.out( 8173): }
12-09 07:52:43.182 I/System.out( 8173): URI: //ready
12-09 07:52:43.186 I/System.out( 8173): params: {json={}
12-09 07:52:43.186 I/System.out( 8173): }
12-09 07:52:43.318 I/System.out( 8173): URI: //
12-09 07:52:43.326 I/System.out( 8173): params: {json={"command":"version","arguments":[]}
12-09 07:52:43.326 I/System.out( 8173): }
12-09 07:52:43.326 I/System.out( 8173): header: {date=Sun, 09 Dec 2018 07:52:43 GMT, accept=*/*, content-length=36, host=127.0.0.1:34777, user-agent=HTTPClient/1.0 (2.8.3, ruby 2.3.1 (2016-04-26)), content-type=application/json;charset=utf-8}
12-09 07:52:43.326 I/System.out( 8173): params: {json={"command":"version","arguments":[]}
12-09 07:52:43.326 I/System.out( 8173): }
12-09 07:52:43.326 I/System.out( 8173): ProP json = {"command":"version","arguments":[]}
12-09 07:52:43.326 I/System.out( 8173): files: {}
12-09 07:52:43.326 I/System.out( 8173): command: {"command":"version","arguments":[]}
12-09 07:52:43.334 I/InstrumentationBackend( 8173): Got command:'Command:'Line:null,version', arguments:'[]'
12-09 07:52:43.355 I/System.out( 8173): result:{"bonusInformation":[],"message":"0.9.8","success":true}
12-09 07:52:43.390 I/System.out( 8173): URI: //start-application
12-09 07:52:43.390 I/System.out( 8173): params: {json={"intent":null}
12-09 07:52:43.390 I/System.out( 8173): }
12-09 07:52:43.482 W/art     ( 8173): Suspending all threads took: 26.906ms
12-09 07:52:43.502 I/ActivityManager( 1591): START u0 {act=android.intent.action.MAIN cat=[android.intent.category.LAUNCHER] flg=0x10200000 cmp=com.evancharlton.mileage/.Mileage} from uid 10121 on display 0
12-09 07:52:43.518 I/art     ( 8173): Background partial concurrent mark sweep GC freed 36049(2MB) AllocSpace objects, 15(300KB) LOS objects, 44% free, 1266KB/2MB, paused 28.172ms total 100.766ms
12-09 07:52:43.524 I/calabash( 8173): newActivity1
12-09 07:52:43.572 I/calabash( 8173): newActivity1
12-09 07:52:43.583 W/ActivityManager( 1591): Bad activity token: android.os.BinderProxy@8b95900
12-09 07:52:43.583 W/ActivityManager( 1591): java.lang.ClassCastException: android.os.BinderProxy cannot be cast to com.android.server.am.ActivityRecord$Token
12-09 07:52:43.583 W/ActivityManager( 1591): 	at com.android.server.am.ActivityRecord.forTokenLocked(ActivityRecord.java:424)
12-09 07:52:43.583 W/ActivityManager( 1591): 	at com.android.server.am.ActivityRecord.isInStackLocked(ActivityRecord.java:1121)
12-09 07:52:43.583 W/ActivityManager( 1591): 	at com.android.server.am.ActivityRecord.getStackLocked(ActivityRecord.java:1126)
12-09 07:52:43.583 W/ActivityManager( 1591): 	at com.android.server.am.ActivityManagerService.getActivityDisplayId(ActivityManagerService.java:8889)
12-09 07:52:43.583 W/ActivityManager( 1591): 	at android.app.ActivityManagerNative.onTransact(ActivityManagerNative.java:2338)
12-09 07:52:43.583 W/ActivityManager( 1591): 	at com.android.server.am.ActivityManagerService.onTransact(ActivityManagerService.java:2443)
12-09 07:52:43.583 W/ActivityManager( 1591): 	at android.os.Binder.execTransact(Binder.java:453)
12-09 07:52:43.584 W/ActivityManager( 1591): Bad activity token: android.os.BinderProxy@8b95900
12-09 07:52:43.584 W/ActivityManager( 1591): java.lang.ClassCastException: android.os.BinderProxy cannot be cast to com.android.server.am.ActivityRecord$Token
12-09 07:52:43.584 W/ActivityManager( 1591): 	at com.android.server.am.ActivityRecord.forTokenLocked(ActivityRecord.java:424)
12-09 07:52:43.584 W/ActivityManager( 1591): 	at com.android.server.am.ActivityRecord.isInStackLocked(ActivityRecord.java:1121)
12-09 07:52:43.584 W/ActivityManager( 1591): 	at com.android.server.am.ActivityManagerService.setTaskDescription(ActivityManagerService.java:8547)
12-09 07:52:43.584 W/ActivityManager( 1591): 	at android.app.ActivityManagerNative.onTransact(ActivityManagerNative.java:2410)
12-09 07:52:43.584 W/ActivityManager( 1591): 	at com.android.server.am.ActivityManagerService.onTransact(ActivityManagerService.java:2443)
12-09 07:52:43.584 W/ActivityManager( 1591): 	at android.os.Binder.execTransact(Binder.java:453)
12-09 07:52:43.769 D/gralloc_ranchu( 1223): gralloc_alloc: Creating ashmem region of size 3686400
12-09 07:52:43.983 D/FillupsProvider( 8173): Creating database
12-09 07:52:43.988 V/PhoneStatusBar( 1690): setLightsOn(true)
12-09 07:52:44.062 D/EGL_emulation( 1917): eglMakeCurrent: 0x7f8a842f4dc0: ver 2 0 (tinfo 0x7f8a842c2cc0)
12-09 07:52:44.076 E/Surface ( 1917): getSlotFromBufferLocked: unknown buffer: 0x7f8a808faae0
12-09 07:52:44.358 W/art     ( 1591): Long monitor contention event with owner method=void com.android.server.wm.WindowAnimator$1.doFrame(long) from WindowAnimator.java:121 waiters=0 for 179ms
12-09 07:52:44.673 W/art     ( 8173): Suspending all threads took: 5.048ms
12-09 07:52:44.684 I/art     ( 8173): Background sticky concurrent mark sweep GC freed 7527(524KB) AllocSpace objects, 0(0B) LOS objects, 21% free, 1799KB/2MB, paused 6.069ms total 195.266ms
12-09 07:52:44.701 W/art     ( 1591): Long monitor contention event with owner method=void com.android.server.wm.WindowAnimator$1.doFrame(long) from WindowAnimator.java:121 waiters=0 for 109ms
12-09 07:52:44.959 W/art     ( 1591): Long monitor contention event with owner method=java.util.List com.android.server.am.ActivityManagerService.getAllStackInfos() from ActivityManagerService.java:8937 waiters=0 for 284ms
12-09 07:52:44.960 W/ActivityManager( 1591): Bad activity token: android.os.BinderProxy@8b95900
12-09 07:52:44.960 W/ActivityManager( 1591): java.lang.ClassCastException: android.os.BinderProxy cannot be cast to com.android.server.am.ActivityRecord$Token
12-09 07:52:44.960 W/ActivityManager( 1591): 	at com.android.server.am.ActivityRecord.forTokenLocked(ActivityRecord.java:424)
12-09 07:52:44.960 W/ActivityManager( 1591): 	at com.android.server.am.ActivityRecord.isInStackLocked(ActivityRecord.java:1121)
12-09 07:52:44.960 W/ActivityManager( 1591): 	at com.android.server.am.ActivityManagerService.getActivityOptions(ActivityManagerService.java:11038)
12-09 07:52:44.960 W/ActivityManager( 1591): 	at android.app.ActivityManagerNative.onTransact(ActivityManagerNative.java:1734)
12-09 07:52:44.960 W/ActivityManager( 1591): 	at com.android.server.am.ActivityManagerService.onTransact(ActivityManagerService.java:2443)
12-09 07:52:44.960 W/ActivityManager( 1591): 	at android.os.Binder.execTransact(Binder.java:453)
12-09 07:52:44.961 W/ActivityManager( 1591): Bad activity token: android.os.BinderProxy@8b95900
12-09 07:52:44.961 W/ActivityManager( 1591): java.lang.ClassCastException: android.os.BinderProxy cannot be cast to com.android.server.am.ActivityRecord$Token
12-09 07:52:44.961 W/ActivityManager( 1591): 	at com.android.server.am.ActivityRecord.forTokenLocked(ActivityRecord.java:424)
12-09 07:52:44.961 W/ActivityManager( 1591): 	at com.android.server.am.ActivityRecord.isInStackLocked(ActivityRecord.java:1121)
12-09 07:52:44.961 W/ActivityManager( 1591): 	at com.android.server.am.ActivityManagerService.getActivityOptions(ActivityManagerService.java:11038)
12-09 07:52:44.961 W/ActivityManager( 1591): 	at android.app.ActivityManagerNative.onTransact(ActivityManagerNative.java:1734)
12-09 07:52:44.961 W/ActivityManager( 1591): 	at com.android.server.am.ActivityManagerService.onTransact(ActivityManagerService.java:2443)
12-09 07:52:44.961 W/ActivityManager( 1591): 	at android.os.Binder.execTransact(Binder.java:453)
12-09 07:52:45.222 D/gralloc_ranchu( 1223): gralloc_alloc: Creating ashmem region of size 3686400
12-09 07:52:45.410 D/        ( 8173): HostConnection::get() New Host Connection established 0x7f8a82246500, tid 8173
12-09 07:52:45.482 I/ActivityManager( 1591): Displayed com.evancharlton.mileage/.Mileage: +1s962ms
12-09 07:52:45.491 D/gralloc_ranchu( 1223): gralloc_alloc: Creating ashmem region of size 3686400
12-09 07:52:46.042 W/art     ( 8173): Suspending all threads took: 19.139ms
12-09 07:52:46.044 I/art     ( 8173): Background partial concurrent mark sweep GC freed 3399(194KB) AllocSpace objects, 0(0B) LOS objects, 39% free, 1932KB/3MB, paused 20.354ms total 150.416ms
12-09 07:52:46.104 I/System.out( 8173): URI: //gesture
12-09 07:52:46.104 I/System.out( 8173): params: {json={"query_timeout":5.0,"gestures":[{"query_string":"android.widget.TabWidget descendant TextView index:3","touches":[{"x":50,"y":50,"offset_x":0,"offset_y":0,"wait":0.0,"time":0.2,"release":true,"query_string":null}]}]}
12-09 07:52:46.104 I/System.out( 8173): }
12-09 07:52:46.209 W/art     ( 8173): Suspending all threads took: 22.703ms
12-09 07:52:46.252 I/art     ( 8173): Background sticky concurrent mark sweep GC freed 29386(1281KB) AllocSpace objects, 2(40KB) LOS objects, 30% free, 2MB/3MB, paused 24.217ms total 125.425ms
12-09 07:52:46.449 D/gralloc_ranchu( 1223): gralloc_alloc: Creating ashmem region of size 3686400
12-09 07:52:46.926 W/audio_hw_generic( 1307): Hardware backing HAL too slow, could only write 0 of 661 frames
12-09 07:52:46.938 I/calabash( 8173): newActivity1
12-09 07:52:46.941 W/audio_hw_generic( 1307): Hardware backing HAL too slow, could only write 0 of 661 frames
12-09 07:52:46.948 W/ActivityManager( 1591): Bad activity token: android.os.BinderProxy@d6cdc4
12-09 07:52:46.948 W/ActivityManager( 1591): java.lang.ClassCastException: android.os.BinderProxy cannot be cast to com.android.server.am.ActivityRecord$Token
12-09 07:52:46.948 W/ActivityManager( 1591): 	at com.android.server.am.ActivityRecord.forTokenLocked(ActivityRecord.java:424)
12-09 07:52:46.948 W/ActivityManager( 1591): 	at com.android.server.am.ActivityRecord.isInStackLocked(ActivityRecord.java:1121)
12-09 07:52:46.948 W/ActivityManager( 1591): 	at com.android.server.am.ActivityRecord.getStackLocked(ActivityRecord.java:1126)
12-09 07:52:46.948 W/ActivityManager( 1591): 	at com.android.server.am.ActivityManagerService.getActivityDisplayId(ActivityManagerService.java:8889)
12-09 07:52:46.948 W/ActivityManager( 1591): 	at android.app.ActivityManagerNative.onTransact(ActivityManagerNative.java:2338)
12-09 07:52:46.948 W/ActivityManager( 1591): 	at com.android.server.am.ActivityManagerService.onTransact(ActivityManagerService.java:2443)
12-09 07:52:46.948 W/ActivityManager( 1591): 	at android.os.Binder.execTransact(Binder.java:453)
12-09 07:52:46.954 W/ActivityManager( 1591): Bad activity token: android.os.BinderProxy@d6cdc4
12-09 07:52:46.954 W/ActivityManager( 1591): java.lang.ClassCastException: android.os.BinderProxy cannot be cast to com.android.server.am.ActivityRecord$Token
12-09 07:52:46.954 W/ActivityManager( 1591): 	at com.android.server.am.ActivityRecord.forTokenLocked(ActivityRecord.java:424)
12-09 07:52:46.954 W/ActivityManager( 1591): 	at com.android.server.am.ActivityRecord.isInStackLocked(ActivityRecord.java:1121)
12-09 07:52:46.954 W/ActivityManager( 1591): 	at com.android.server.am.ActivityManagerService.setTaskDescription(ActivityManagerService.java:8547)
12-09 07:52:46.954 W/ActivityManager( 1591): 	at android.app.ActivityManagerNative.onTransact(ActivityManagerNative.java:2410)
12-09 07:52:46.954 W/ActivityManager( 1591): 	at com.android.server.am.ActivityManagerService.onTransact(ActivityManagerService.java:2443)
12-09 07:52:46.954 W/ActivityManager( 1591): 	at android.os.Binder.execTransact(Binder.java:453)
12-09 07:52:46.966 I/art     ( 8173): Background partial concurrent mark sweep GC freed 29765(1471KB) AllocSpace objects, 1(20KB) LOS objects, 39% free, 2MB/3MB, paused 1.439ms total 101.100ms
12-09 07:52:46.970 I/System.out( 8173): URI: //map
12-09 07:52:46.970 I/System.out( 8173): params: {json={"query":"android.widget.ListView index:0 android.widget.TextView index:0","operation":{"method_name":"query","arguments":[]}}
12-09 07:52:46.970 I/System.out( 8173): }
12-09 07:52:46.973 W/audio_hw_generic( 1307): Hardware backing HAL too slow, could only write 0 of 661 frames
12-09 07:52:46.979 W/ActivityManager( 1591): Bad activity token: android.os.BinderProxy@d6cdc4
12-09 07:52:46.979 W/ActivityManager( 1591): java.lang.ClassCastException: android.os.BinderProxy cannot be cast to com.android.server.am.ActivityRecord$Token
12-09 07:52:46.979 W/ActivityManager( 1591): 	at com.android.server.am.ActivityRecord.forTokenLocked(ActivityRecord.java:424)
12-09 07:52:46.979 W/ActivityManager( 1591): 	at com.android.server.am.ActivityRecord.isInStackLocked(ActivityRecord.java:1121)
12-09 07:52:46.979 W/ActivityManager( 1591): 	at com.android.server.am.ActivityManagerService.getActivityOptions(ActivityManagerService.java:11038)
12-09 07:52:46.979 W/ActivityManager( 1591): 	at android.app.ActivityManagerNative.onTransact(ActivityManagerNative.java:1734)
12-09 07:52:46.979 W/ActivityManager( 1591): 	at com.android.server.am.ActivityManagerService.onTransact(ActivityManagerService.java:2443)
12-09 07:52:46.979 W/ActivityManager( 1591): 	at android.os.Binder.execTransact(Binder.java:453)
12-09 07:52:46.986 W/ActivityManager( 1591): Bad activity token: android.os.BinderProxy@d6cdc4
12-09 07:52:46.986 W/ActivityManager( 1591): java.lang.ClassCastException: android.os.BinderProxy cannot be cast to com.android.server.am.ActivityRecord$Token
12-09 07:52:46.986 W/ActivityManager( 1591): 	at com.android.server.am.ActivityRecord.forTokenLocked(ActivityRecord.java:424)
12-09 07:52:46.986 W/ActivityManager( 1591): 	at com.android.server.am.ActivityRecord.isInStackLocked(ActivityRecord.java:1121)
12-09 07:52:46.986 W/ActivityManager( 1591): 	at com.android.server.am.ActivityManagerService.getActivityOptions(ActivityManagerService.java:11038)
12-09 07:52:46.986 W/ActivityManager( 1591): 	at android.app.ActivityManagerNative.onTransact(ActivityManagerNative.java:1734)
12-09 07:52:46.986 W/ActivityManager( 1591): 	at com.android.server.am.ActivityManagerService.onTransact(ActivityManagerService.java:2443)
12-09 07:52:46.986 W/ActivityManager( 1591): 	at android.os.Binder.execTransact(Binder.java:453)
12-09 07:52:46.990 W/audio_hw_generic( 1307): Hardware backing HAL too slow, could only write 0 of 661 frames
12-09 07:52:47.007 W/audio_hw_generic( 1307): Hardware backing HAL too slow, could only write 0 of 661 frames
12-09 07:52:47.182 I/art     ( 8173): Background sticky concurrent mark sweep GC freed 34928(1476KB) AllocSpace objects, 2(40KB) LOS objects, 19% free, 3MB/3MB, paused 6.381ms total 80.854ms
12-09 07:52:47.238 I/System.out( 8173): URI: //gesture
12-09 07:52:47.238 I/System.out( 8173): params: {json={"query_timeout":5.0,"gestures":[{"query_string":"android.widget.ListView index:0 android.widget.TextView index:0","touches":[{"x":50,"y":50,"offset_x":0,"offset_y":0,"wait":0.0,"time":0.2,"release":true,"query_string":null}]}]}
12-09 07:52:47.238 I/System.out( 8173): }
12-09 07:52:47.345 W/audio_hw_generic( 1307): Hardware backing HAL too slow, could only write 0 of 661 frames
12-09 07:52:47.361 W/audio_hw_generic( 1307): Hardware backing HAL too slow, could only write 0 of 661 frames
12-09 07:52:47.378 W/audio_hw_generic( 1307): Hardware backing HAL too slow, could only write 0 of 661 frames
12-09 07:52:47.390 W/audio_hw_generic( 1307): Hardware backing HAL too slow, could only write 0 of 661 frames
12-09 07:52:47.496 W/audio_hw_generic( 1307): Not supplying enough data to HAL, expected position 12697168 , only wrote 12697149
12-09 07:52:47.496 W/audio_hw_generic( 1307): Not supplying enough data to HAL, expected position 12697156 , only wrote 12697149
12-09 07:52:47.595 W/audio_hw_generic( 1307): Not supplying enough data to HAL, expected position 12701507 , only wrote 12700454
12-09 07:52:47.595 W/audio_hw_generic( 1307): Not supplying enough data to HAL, expected position 12700461 , only wrote 12700454
12-09 07:52:47.818 W/audio_hw_generic( 1307): Hardware backing HAL too slow, could only write 0 of 661 frames
12-09 07:52:47.838 W/audio_hw_generic( 1307): Not supplying enough data to HAL, expected position 12711179 , only wrote 12711030
12-09 07:52:47.838 W/audio_hw_generic( 1307): Hardware backing HAL too slow, could only write 0 of 661 frames
12-09 07:52:47.838 W/audio_hw_generic( 1307): Hardware backing HAL too slow, could only write 0 of 661 frames
12-09 07:52:47.847 I/art     ( 8173): Background sticky concurrent mark sweep GC freed 29867(1423KB) AllocSpace objects, 1(20KB) LOS objects, 34% free, 2MB/3MB, paused 1.010ms total 161.811ms
12-09 07:52:47.886 I/ActivityManager( 1591): START u0 {cmp=com.evancharlton.mileage/.VehicleActivity (has extras)} from uid 10121 on display 0
12-09 07:52:47.914 W/audio_hw_generic( 1307): Not supplying enough data to HAL, expected position 12714404 , only wrote 12714335
12-09 07:52:47.930 W/audio_hw_generic( 1307): Not supplying enough data to HAL, expected position 12715001 , only wrote 12714335
12-09 07:52:47.945 W/audio_hw_generic( 1307): Not supplying enough data to HAL, expected position 12715016 , only wrote 12714996
12-09 07:52:48.088 I/calabash( 8173): newActivity1
12-09 07:52:48.140 W/audio_hw_generic( 1307): Not supplying enough data to HAL, expected position 12723592 , only wrote 12723589
12-09 07:52:48.270 V/PhoneStatusBar( 1690): setLightsOn(true)
12-09 07:52:48.367 E/SurfaceFlinger( 1223): ro.sf.lcd_density must be defined as a build property
12-09 07:52:48.368 W/audio_hw_generic( 1307): Not supplying enough data to HAL, expected position 12733628 , only wrote 12732843
12-09 07:52:48.368 W/audio_hw_generic( 1307): Not supplying enough data to HAL, expected position 12732850 , only wrote 12732843
12-09 07:52:48.375 D/gralloc_ranchu( 1223): gralloc_alloc: Creating ashmem region of size 3686400
12-09 07:52:48.387 W/audio_hw_generic( 1307): Not supplying enough data to HAL, expected position 12733671 , only wrote 12733504
12-09 07:52:48.400 D/        ( 8202): HostConnection::get() New Host Connection established 0x7fac67b52480, tid 8202
12-09 07:52:48.427 W/audio_hw_generic( 1307): Not supplying enough data to HAL, expected position 12735284 , only wrote 12734826
12-09 07:52:48.437 E/EGL_emulation( 1223): tid 1223: eglCreateSyncKHR(1881): error 0x3004 (EGL_BAD_ATTRIBUTE)
12-09 07:52:48.674 W/audio_hw_generic( 1307): Not supplying enough data to HAL, expected position 12745725 , only wrote 12745402
12-09 07:52:48.674 W/audio_hw_generic( 1307): Not supplying enough data to HAL, expected position 12745408 , only wrote 12745402
12-09 07:52:48.693 W/audio_hw_generic( 1307): Not supplying enough data to HAL, expected position 12746246 , only wrote 12746063
12-09 07:52:48.765 W/audio_hw_generic( 1307): Not supplying enough data to HAL, expected position 12749243 , only wrote 12748707
12-09 07:52:48.766 W/audio_hw_generic( 1307): Not supplying enough data to HAL, expected position 12748713 , only wrote 12748707
12-09 07:52:48.775 W/art     ( 1591): Long monitor contention event with owner method=void com.android.server.wm.WindowAnimator$1.doFrame(long) from WindowAnimator.java:121 waiters=0 for 165ms
12-09 07:52:48.782 W/audio_hw_generic( 1307): Not supplying enough data to HAL, expected position 12749408 , only wrote 12749368
12-09 07:52:48.918 W/audio_hw_generic( 1307): Not supplying enough data to HAL, expected position 12755364 , only wrote 12755317
12-09 07:52:48.918 W/audio_hw_generic( 1307): Not supplying enough data to HAL, expected position 12755324 , only wrote 12755317
12-09 07:52:48.937 W/audio_hw_generic( 1307): Not supplying enough data to HAL, expected position 12756150 , only wrote 12755978
12-09 07:52:49.015 I/Choreographer( 8173): Skipped 45 frames!  The application may be doing too much work on its main thread.
12-09 07:52:49.016 D/gralloc_ranchu( 1223): gralloc_alloc: Creating ashmem region of size 3686400
12-09 07:52:49.093 W/audio_hw_generic( 1307): Not supplying enough data to HAL, expected position 12762874 , only wrote 12762588
12-09 07:52:49.281 W/audio_hw_generic( 1307): Not supplying enough data to HAL, expected position 12770902 , only wrote 12770520
12-09 07:52:49.282 W/audio_hw_generic( 1307): Not supplying enough data to HAL, expected position 12770527 , only wrote 12770520
12-09 07:52:49.302 W/audio_hw_generic( 1307): Not supplying enough data to HAL, expected position 12771395 , only wrote 12771181
12-09 07:52:49.350 W/art     ( 1591): Long monitor contention event with owner method=void com.android.server.wm.WindowAnimator$1.doFrame(long) from WindowAnimator.java:121 waiters=0 for 210ms
12-09 07:52:49.386 W/audio_hw_generic( 1307): Not supplying enough data to HAL, expected position 12774889 , only wrote 12774486
12-09 07:52:49.386 W/audio_hw_generic( 1307): Hardware backing HAL too slow, could only write 0 of 661 frames
12-09 07:52:49.386 W/audio_hw_generic( 1307): Hardware backing HAL too slow, could only write 0 of 661 frames
12-09 07:52:49.400 W/audio_hw_generic( 1307): Hardware backing HAL too slow, could only write 0 of 661 frames
12-09 07:52:49.415 W/audio_hw_generic( 1307): Hardware backing HAL too slow, could only write 0 of 661 frames
12-09 07:52:49.431 W/audio_hw_generic( 1307): Hardware backing HAL too slow, could only write 0 of 661 frames
12-09 07:52:49.523 W/art     ( 1591): Long monitor contention event with owner method=void com.android.server.wm.WindowAnimator$1.doFrame(long) from WindowAnimator.java:121 waiters=1 for 173ms
