--------- beginning of main
12-09 08:34:49.600 D/gralloc_ranchu( 1219): gralloc_alloc: Creating ashmem region of size 708608
12-09 08:34:49.641 E/EGL_emulation( 1219): tid 1219: eglCreateSyncKHR(1881): error 0x3004 (EGL_BAD_ATTRIBUTE)
12-09 08:34:49.726 W/audio_hw_generic( 1308): Not supplying enough data to HAL, expected position 42208628 , only wrote 42207494
12-09 08:34:49.738 W/audio_hw_generic( 1308): Not supplying enough data to HAL, expected position 42208023 , only wrote 42207494
12-09 08:34:49.738 W/audio_hw_generic( 1308): Hardware backing HAL too slow, could only write 0 of 661 frames
12-09 08:34:49.766 W/audio_hw_generic( 1308): Not supplying enough data to HAL, expected position 42208740 , only wrote 42208155
12-09 08:34:49.766 W/audio_hw_generic( 1308): Hardware backing HAL too slow, could only write 0 of 661 frames
12-09 08:34:49.766 W/audio_hw_generic( 1308): Hardware backing HAL too slow, could only write 0 of 661 frames
--------- beginning of system
12-09 08:34:49.792 W/ActivityManager( 1594): Finishing task with all activities already finished
12-09 08:34:49.800 W/audio_hw_generic( 1308): Hardware backing HAL too slow, could only write 0 of 661 frames
12-09 08:34:49.800 W/ActivityManager( 1594): Duplicate finish request for ActivityRecord{394e1eb u0 com.evancharlton.mileage/.Mileage t481 f}
12-09 08:34:49.816 W/audio_hw_generic( 1308): Hardware backing HAL too slow, could only write 0 of 661 frames
12-09 08:34:49.830 W/audio_hw_generic( 1308): Hardware backing HAL too slow, could only write 0 of 661 frames
12-09 08:34:49.876 W/ActivityManager( 1594): Finishing task with all activities already finished
12-09 08:34:49.876 W/ActivityManager( 1594): Duplicate finish request for ActivityRecord{394e1eb u0 com.evancharlton.mileage/.Mileage t481 f}
12-09 08:34:49.877 W/ActivityManager( 1594): Finishing task with all activities already finished
12-09 08:34:49.919 W/ActivityManager( 1594): Duplicate finish request for ActivityRecord{394e1eb u0 com.evancharlton.mileage/.Mileage t481 f}
12-09 08:34:50.074 D/EGL_emulation( 1951): eglMakeCurrent: 0x7fbddc2b4b40: ver 2 0 (tinfo 0x7fbddc282ce0)
12-09 08:34:50.223 W/audio_hw_generic( 1308): Not supplying enough data to HAL, expected position 42228304 , only wrote 42227985
12-09 08:34:50.273 W/audio_hw_generic( 1308): Not supplying enough data to HAL, expected position 42230208 , only wrote 42229307
12-09 08:34:50.518 W/audio_hw_generic( 1308): Not supplying enough data to HAL, expected position 42240105 , only wrote 42239883
12-09 08:34:50.518 W/audio_hw_generic( 1308): Not supplying enough data to HAL, expected position 42239889 , only wrote 42239883
12-09 08:34:50.534 W/audio_hw_generic( 1308): Not supplying enough data to HAL, expected position 42240590 , only wrote 42240544
12-09 08:34:50.696 D/AndroidRuntime(19313): >>>>>> START com.android.internal.os.RuntimeInit uid 0 <<<<<<
12-09 08:34:50.698 D/AndroidRuntime(19313): CheckJNI is ON
12-09 08:34:50.728 D/ICU     (19313): No timezone override file found: /data/misc/zoneinfo/current/icu/icu_tzdata.dat
12-09 08:34:50.850 W/audio_hw_generic( 1308): Not supplying enough data to HAL, expected position 42254464 , only wrote 42254425
12-09 08:34:50.874 W/audio_hw_generic( 1308): Hardware backing HAL too slow, could only write 0 of 661 frames
12-09 08:34:50.889 W/audio_hw_generic( 1308): Hardware backing HAL too slow, could only write 0 of 661 frames
12-09 08:34:50.900 E/memtrack(19313): Couldn't load memtrack module (No such file or directory)
12-09 08:34:50.900 E/android.os.Debug(19313): failed to load memtrack module: -2
12-09 08:34:50.901 I/Radio-JNI(19313): register_android_hardware_Radio DONE
12-09 08:34:50.908 W/audio_hw_generic( 1308): Hardware backing HAL too slow, could only write 0 of 661 frames
12-09 08:34:50.958 D/AndroidRuntime(19313): Calling main entry com.android.commands.am.Am
12-09 08:34:50.960 I/ActivityManager( 1594): Force stopping com.evancharlton.mileage appid=10141 user=0: start instr
12-09 08:34:50.961 I/ActivityManager( 1594): Killing 19268:com.evancharlton.mileage/u0a141 (adj 0): stop com.evancharlton.mileage
12-09 08:34:51.030 W/audio_hw_generic( 1308): Not supplying enough data to HAL, expected position 42262340 , only wrote 42260374
12-09 08:34:51.030 W/audio_hw_generic( 1308): Not supplying enough data to HAL, expected position 42260382 , only wrote 42260374
12-09 08:34:51.044 W/audio_hw_generic( 1308): Hardware backing HAL too slow, could only write 0 of 661 frames
12-09 08:34:51.064 W/audio_hw_generic( 1308): Hardware backing HAL too slow, could only write 0 of 661 frames
12-09 08:34:51.077 W/art     ( 1594): Long monitor contention event with owner method=void com.android.server.wm.WindowAnimator$1.doFrame(long) from WindowAnimator.java:121 waiters=0 for 162ms
12-09 08:34:51.077 I/WindowState( 1594): WIN DEATH: Window{12fa819 u0 com.evancharlton.mileage/com.evancharlton.mileage.Mileage}
12-09 08:34:51.079 W/audio_hw_generic( 1308): Hardware backing HAL too slow, could only write 0 of 661 frames
12-09 08:34:51.094 W/ActivityManager( 1594): Crash of app com.evancharlton.mileage running instrumentation ComponentInfo{com.evancharlton.mileage.test/sh.calaba.instrumentationbackend.CalabashInstrumentationTestRunner}
12-09 08:34:51.094 I/ActivityManager( 1594): Force stopping com.evancharlton.mileage appid=10141 user=0: finished inst
12-09 08:34:51.107 I/ActivityManager( 1594): Start proc 19323:com.evancharlton.mileage/u0a141 for added application com.evancharlton.mileage
12-09 08:34:51.108 D/AndroidRuntime(19313): Shutting down VM
12-09 08:34:51.111 W/ActivityManager( 1594): Spurious death for ProcessRecord{f9ec90 0:com.evancharlton.mileage/u0a141}, curProc for 19268: null
12-09 08:34:51.120 W/OpenGLRenderer( 1951): Incorrectly called buildLayer on View: ShortcutAndWidgetContainer, destroying layer...
12-09 08:34:51.249 W/audio_hw_generic( 1308): Not supplying enough data to HAL, expected position 42270039 , only wrote 42267645
12-09 08:34:51.249 W/audio_hw_generic( 1308): Not supplying enough data to HAL, expected position 42267651 , only wrote 42267645
12-09 08:34:51.263 W/art     ( 1594): Long monitor contention event with owner method=java.util.List com.android.server.am.ActivityManagerService.getAllStackInfos() from ActivityManagerService.java:8937 waiters=0 for 131ms
12-09 08:34:51.266 W/audio_hw_generic( 1308): Not supplying enough data to HAL, expected position 42268406 , only wrote 42268306
12-09 08:34:51.307 W/System  (19323): ClassLoader referenced unknown path: /data/app/com.evancharlton.mileage.test-1/lib/x86_64
12-09 08:34:51.307 W/System  (19323): ClassLoader referenced unknown path: /data/app/com.evancharlton.mileage-1/lib/x86_64
12-09 08:34:51.356 I/System.out(19323): Main activity name automatically set to: com.evancharlton.mileage.Mileage
12-09 08:34:51.357 I/System.out(19323): Calabash did not load Mono. This is only a problem if you are trying to test a Mono application
12-09 08:34:51.357 I/calabash(19323): Test server port: 7102
12-09 08:34:51.358 I/InstrumentationBackend(19323): Added:'GetPreferences', with key:'get_preferences'
12-09 08:34:51.389 I/art     (19323): Background partial concurrent mark sweep GC freed 6350(333KB) AllocSpace objects, 0(0B) LOS objects, 59% free, 686KB/1710KB, paused 5.183ms total 43.869ms
12-09 08:34:51.479 I/InstrumentationBackend(19323): Added:'SetPreferences', with key:'set_preferences'
12-09 08:34:51.487 I/InstrumentationBackend(19323): Added:'ClearPreferences', with key:'clear_preferences'
12-09 08:34:51.488 I/InstrumentationBackend(19323): Added:'PressElement', with key:'press_l10n_element'
12-09 08:34:51.488 I/InstrumentationBackend(19323): Added:'WaitForElement', with key:'wait_for_l10n_element'
12-09 08:34:51.488 I/InstrumentationBackend(19323): Added:'NullAction', with key:'nullAction'
12-09 08:34:51.488 I/InstrumentationBackend(19323): Added:'PressKey', with key:'press_key'
12-09 08:34:51.488 I/InstrumentationBackend(19323): Added:'SetActivityOrientation', with key:'set_activity_orientation'
12-09 08:34:51.489 I/InstrumentationBackend(19323): Added:'GetActivityOrientation', with key:'get_activity_orientation'
12-09 08:34:51.489 I/InstrumentationBackend(19323): Added:'FakeGPSLocation', with key:'set_gps_coordinates'
12-09 08:34:51.489 I/InstrumentationBackend(19323): Added:'SetPropertyByCssSelector', with key:'set_property_by_css_selector'
12-09 08:34:51.489 I/InstrumentationBackend(19323): Added:'GetUrl', with key:'get_url'
12-09 08:34:51.502 I/InstrumentationBackend(19323): Added:'ScrollTo', with key:'scroll_to'
12-09 08:34:51.502 I/InstrumentationBackend(19323): Added:'GetLoadProgress', with key:'get_load_progress'
12-09 08:34:51.503 I/InstrumentationBackend(19323): Added:'DumpHtml', with key:'dump_html'
12-09 08:34:51.503 I/InstrumentationBackend(19323): Added:'DumpBodyHtml', with key:'dump_body_html'
12-09 08:34:51.503 I/InstrumentationBackend(19323): Added:'EnterTextByCssSelector', with key:'enter_text_by_selector'
12-09 08:34:51.504 I/InstrumentationBackend(19323): Added:'AndroidSDKVersion', with key:'android_sdk_version'
12-09 08:34:51.504 I/InstrumentationBackend(19323): Added:'Version', with key:'version'
12-09 08:34:51.504 I/InstrumentationBackend(19323): Added:'Drag', with key:'drag'
12-09 08:34:51.504 I/InstrumentationBackend(19323): Added:'TouchCoordinates', with key:'touch_coordinate'
12-09 08:34:51.504 I/InstrumentationBackend(19323): Added:'LongPressCoordinate', with key:'long_press_coordinate'
12-09 08:34:51.504 I/InstrumentationBackend(19323): Added:'DragCoordinates', with key:'drag_coordinates'
12-09 08:34:51.505 I/InstrumentationBackend(19323): Added:'ResumeApplication', with key:'resume_application'
12-09 08:34:51.505 I/InstrumentationBackend(19323): Added:'Swipe', with key:'swipe'
12-09 08:34:51.505 I/InstrumentationBackend(19323): Added:'DoubleTapCoordinate', with key:'double_tap_coordinate'
12-09 08:34:51.505 I/InstrumentationBackend(19323): Added:'ClickOnScreen', with key:'click_on_screen'
12-09 08:34:51.505 I/InstrumentationBackend(19323): Added:'GetActivityName', with key:'get_activity_name'
12-09 08:34:51.505 I/InstrumentationBackend(19323): Added:'ScrollToView', with key:'scroll_to_view'
12-09 08:34:51.506 I/InstrumentationBackend(19323): Added:'ViewConfiguration', with key:'view_configuration'
12-09 08:34:51.507 I/InstrumentationBackend(19323): Added:'IsCurrentActivityFocused', with key:'is_current_activity_focused'
12-09 08:34:51.507 I/InstrumentationBackend(19323): Added:'SendTcp', with key:'send_tcp'
12-09 08:34:51.507 I/InstrumentationBackend(19323): Added:'DpToDevicePixel', with key:'dp_to_device_pixel'
12-09 08:34:51.507 I/InstrumentationBackend(19323): Added:'KeyboardEnterText', with key:'keyboard_enter_text'
12-09 08:34:51.508 I/InstrumentationBackend(19323): Added:'DeleteSurroundingText', with key:'delete_surrounding_text'
12-09 08:34:51.508 I/InstrumentationBackend(19323): Added:'SetComposingRegion', with key:'set_composing_region'
12-09 08:34:51.508 I/InstrumentationBackend(19323): Added:'SetSelection', with key:'set_selection'
12-09 08:34:51.508 I/InstrumentationBackend(19323): Added:'KeyboardKeyEvent', with key:'keyboard_key_event'
12-09 08:34:51.508 I/InstrumentationBackend(19323): Added:'PressUserActionButton', with key:'press_user_action_button'
12-09 08:34:51.509 I/InstrumentationBackend(19323): Added:'HideSoftKeyboard', with key:'hide_soft_keyboard'
12-09 08:34:51.509 I/InstrumentationBackend(19323): Added:'ListActions', with key:'list_actions'
12-09 08:34:51.509 I/calabash(19323): Instantiating http server at 7102
12-09 08:34:51.522 I/System.out(19323): HTTP Daemon listening on: 7102
12-09 08:34:51.620 I/System.out(19323): URI: //ping
12-09 08:34:51.620 I/System.out(19323): params: {json={}
12-09 08:34:51.620 I/System.out(19323): }
12-09 08:34:51.686 I/System.out(19323): URI: //ping
12-09 08:34:51.686 I/System.out(19323): params: {json={}
12-09 08:34:51.686 I/System.out(19323): }
12-09 08:34:51.739 I/System.out(19323): URI: //ready
12-09 08:34:51.739 I/System.out(19323): params: {json={}
12-09 08:34:51.739 I/System.out(19323): }
12-09 08:34:51.769 I/System.out(19323): URI: //
12-09 08:34:51.769 I/System.out(19323): params: {json={"command":"version","arguments":[]}
12-09 08:34:51.769 I/System.out(19323): }
12-09 08:34:51.769 I/System.out(19323): header: {date=Sun, 09 Dec 2018 08:34:52 GMT, accept=*/*, content-length=36, host=127.0.0.1:34777, user-agent=HTTPClient/1.0 (2.8.3, ruby 2.3.1 (2016-04-26)), content-type=application/json;charset=utf-8}
12-09 08:34:51.769 I/System.out(19323): params: {json={"command":"version","arguments":[]}
12-09 08:34:51.769 I/System.out(19323): }
12-09 08:34:51.769 I/System.out(19323): ProP json = {"command":"version","arguments":[]}
12-09 08:34:51.769 I/System.out(19323): files: {}
12-09 08:34:51.769 I/System.out(19323): command: {"command":"version","arguments":[]}
12-09 08:34:51.784 I/InstrumentationBackend(19323): Got command:'Command:'Line:null,version', arguments:'[]'
12-09 08:34:51.823 I/System.out(19323): result:{"bonusInformation":[],"message":"0.9.8","success":true}
12-09 08:34:52.054 I/art     (19323): Background sticky concurrent mark sweep GC freed 14101(660KB) AllocSpace objects, 3(60KB) LOS objects, 26% free, 1256KB/1710KB, paused 1.190ms total 247.787ms
12-09 08:34:52.055 I/System.out(19323): URI: //start-application
12-09 08:34:52.055 I/System.out(19323): params: {json={"intent":null}
12-09 08:34:52.055 I/System.out(19323): }
12-09 08:34:52.278 I/ActivityManager( 1594): START u0 {act=android.intent.action.MAIN cat=[android.intent.category.LAUNCHER] flg=0x10200000 cmp=com.evancharlton.mileage/.Mileage} from uid 10141 on display 0
12-09 08:34:52.295 I/art     (19323): Background partial concurrent mark sweep GC freed 17657(914KB) AllocSpace objects, 3(60KB) LOS objects, 44% free, 1258KB/2MB, paused 980us total 207.493ms
12-09 08:34:52.313 I/calabash(19323): newActivity1
12-09 08:34:52.344 I/calabash(19323): newActivity1
12-09 08:34:52.345 W/ActivityManager( 1594): Bad activity token: android.os.BinderProxy@511b1cb
12-09 08:34:52.345 W/ActivityManager( 1594): java.lang.ClassCastException: android.os.BinderProxy cannot be cast to com.android.server.am.ActivityRecord$Token
12-09 08:34:52.345 W/ActivityManager( 1594): 	at com.android.server.am.ActivityRecord.forTokenLocked(ActivityRecord.java:424)
12-09 08:34:52.345 W/ActivityManager( 1594): 	at com.android.server.am.ActivityRecord.isInStackLocked(ActivityRecord.java:1121)
12-09 08:34:52.345 W/ActivityManager( 1594): 	at com.android.server.am.ActivityRecord.getStackLocked(ActivityRecord.java:1126)
12-09 08:34:52.345 W/ActivityManager( 1594): 	at com.android.server.am.ActivityManagerService.getActivityDisplayId(ActivityManagerService.java:8889)
12-09 08:34:52.345 W/ActivityManager( 1594): 	at android.app.ActivityManagerNative.onTransact(ActivityManagerNative.java:2338)
12-09 08:34:52.345 W/ActivityManager( 1594): 	at com.android.server.am.ActivityManagerService.onTransact(ActivityManagerService.java:2443)
12-09 08:34:52.345 W/ActivityManager( 1594): 	at android.os.Binder.execTransact(Binder.java:453)
12-09 08:34:52.353 W/ActivityManager( 1594): Bad activity token: android.os.BinderProxy@511b1cb
12-09 08:34:52.353 W/ActivityManager( 1594): java.lang.ClassCastException: android.os.BinderProxy cannot be cast to com.android.server.am.ActivityRecord$Token
12-09 08:34:52.353 W/ActivityManager( 1594): 	at com.android.server.am.ActivityRecord.forTokenLocked(ActivityRecord.java:424)
12-09 08:34:52.353 W/ActivityManager( 1594): 	at com.android.server.am.ActivityRecord.isInStackLocked(ActivityRecord.java:1121)
12-09 08:34:52.353 W/ActivityManager( 1594): 	at com.android.server.am.ActivityManagerService.setTaskDescription(ActivityManagerService.java:8547)
12-09 08:34:52.353 W/ActivityManager( 1594): 	at android.app.ActivityManagerNative.onTransact(ActivityManagerNative.java:2410)
12-09 08:34:52.353 W/ActivityManager( 1594): 	at com.android.server.am.ActivityManagerService.onTransact(ActivityManagerService.java:2443)
12-09 08:34:52.353 W/ActivityManager( 1594): 	at android.os.Binder.execTransact(Binder.java:453)
12-09 08:34:52.448 W/ActivityManager( 1594): Bad activity token: android.os.BinderProxy@511b1cb
12-09 08:34:52.448 W/ActivityManager( 1594): java.lang.ClassCastException: android.os.BinderProxy cannot be cast to com.android.server.am.ActivityRecord$Token
12-09 08:34:52.448 W/ActivityManager( 1594): 	at com.android.server.am.ActivityRecord.forTokenLocked(ActivityRecord.java:424)
12-09 08:34:52.448 W/ActivityManager( 1594): 	at com.android.server.am.ActivityRecord.isInStackLocked(ActivityRecord.java:1121)
12-09 08:34:52.448 W/ActivityManager( 1594): 	at com.android.server.am.ActivityManagerService.getActivityOptions(ActivityManagerService.java:11038)
12-09 08:34:52.448 W/ActivityManager( 1594): 	at android.app.ActivityManagerNative.onTransact(ActivityManagerNative.java:1734)
12-09 08:34:52.448 W/ActivityManager( 1594): 	at com.android.server.am.ActivityManagerService.onTransact(ActivityManagerService.java:2443)
12-09 08:34:52.448 W/ActivityManager( 1594): 	at android.os.Binder.execTransact(Binder.java:453)
12-09 08:34:52.448 W/ActivityManager( 1594): Bad activity token: android.os.BinderProxy@511b1cb
12-09 08:34:52.448 W/ActivityManager( 1594): java.lang.ClassCastException: android.os.BinderProxy cannot be cast to com.android.server.am.ActivityRecord$Token
12-09 08:34:52.448 W/ActivityManager( 1594): 	at com.android.server.am.ActivityRecord.forTokenLocked(ActivityRecord.java:424)
12-09 08:34:52.448 W/ActivityManager( 1594): 	at com.android.server.am.ActivityRecord.isInStackLocked(ActivityRecord.java:1121)
12-09 08:34:52.448 W/ActivityManager( 1594): 	at com.android.server.am.ActivityManagerService.getActivityOptions(ActivityManagerService.java:11038)
12-09 08:34:52.448 W/ActivityManager( 1594): 	at android.app.ActivityManagerNative.onTransact(ActivityManagerNative.java:1734)
12-09 08:34:52.448 W/ActivityManager( 1594): 	at com.android.server.am.ActivityManagerService.onTransact(ActivityManagerService.java:2443)
12-09 08:34:52.448 W/ActivityManager( 1594): 	at android.os.Binder.execTransact(Binder.java:453)
12-09 08:34:52.481 D/gralloc_ranchu( 1219): gralloc_alloc: Creating ashmem region of size 3686400
12-09 08:34:52.624 V/PhoneStatusBar( 1699): setLightsOn(true)
12-09 08:34:52.713 D/gralloc_ranchu( 1219): gralloc_alloc: Creating ashmem region of size 3686400
12-09 08:34:52.840 V/PhoneStatusBar( 1699): setLightsOn(true)
12-09 08:34:52.868 D/        (19323): HostConnection::get() New Host Connection established 0x7fbdd88bd100, tid 19323
12-09 08:34:52.962 D/EGL_emulation( 1951): eglMakeCurrent: 0x7fbddc2b4b40: ver 2 0 (tinfo 0x7fbddc282ce0)
12-09 08:34:52.964 E/Surface ( 1951): getSlotFromBufferLocked: unknown buffer: 0x7fbdd8855e80
12-09 08:34:53.266 D/gralloc_ranchu( 1219): gralloc_alloc: Creating ashmem region of size 3686400
12-09 08:34:53.505 W/art     ( 1594): Long monitor contention event with owner method=void com.android.server.wm.WindowAnimator$1.doFrame(long) from WindowAnimator.java:121 waiters=0 for 120ms
12-09 08:34:53.587 W/art     ( 1594): Long monitor contention event with owner method=java.util.List com.android.server.am.ActivityManagerService.getAllStackInfos() from ActivityManagerService.java:8937 waiters=0 for 207ms
12-09 08:34:53.589 I/ActivityManager( 1594): Displayed com.evancharlton.mileage/.Mileage: +1s291ms
12-09 08:34:54.130 D/gralloc_ranchu( 1219): gralloc_alloc: Creating ashmem region of size 3686400
12-09 08:34:54.823 I/System.out(19323): URI: //map
12-09 08:34:54.823 I/System.out(19323): params: {json={"query":"android.widget.EditText id:'price'","operation":{"method_name":"query","arguments":[]}}
12-09 08:34:54.823 I/System.out(19323): }
12-09 08:34:55.030 W/ResourceType(19323): No package identifier when getting name for resource number 0x00000001
12-09 08:34:55.154 I/System.out(19323): URI: //gesture
12-09 08:34:55.154 I/System.out(19323): params: {json={"query_timeout":5.0,"gestures":[{"query_string":"android.widget.EditText id:'price'","touches":[{"x":50,"y":50,"offset_x":0,"offset_y":0,"wait":0.0,"time":0.2,"release":true,"query_string":null}]}]}
12-09 08:34:55.154 I/System.out(19323): }
12-09 08:34:55.188 W/ResourceType(19323): No package identifier when getting name for resource number 0x00000001
12-09 08:34:55.695 I/LatinIME( 1867): Starting input. Cursor position = 0,0
12-09 08:34:55.832 I/art     (19323): Background sticky concurrent mark sweep GC freed 44916(2024KB) AllocSpace objects, 2(40KB) LOS objects, 30% free, 2MB/3MB, paused 5.667ms total 144.408ms
12-09 08:34:55.962 D/EGL_emulation( 1867): eglMakeCurrent: 0x7fbdd05d9500: ver 2 0 (tinfo 0x7fbdd063c740)
12-09 08:34:56.295 I/System.out(19323): URI: //
12-09 08:34:56.295 I/System.out(19323): params: {json={"command":"set_selection","arguments":[-1,-1]}
12-09 08:34:56.295 I/System.out(19323): }
12-09 08:34:56.295 I/System.out(19323): header: {date=Sun, 09 Dec 2018 08:34:56 GMT, accept=*/*, content-length=47, host=127.0.0.1:34777, user-agent=HTTPClient/1.0 (2.8.3, ruby 2.3.1 (2016-04-26)), content-type=application/json;charset=utf-8}
12-09 08:34:56.295 I/System.out(19323): params: {json={"command":"set_selection","arguments":[-1,-1]}
12-09 08:34:56.295 I/System.out(19323): }
12-09 08:34:56.295 I/System.out(19323): ProP json = {"command":"set_selection","arguments":[-1,-1]}
12-09 08:34:56.295 I/System.out(19323): files: {}
12-09 08:34:56.295 I/System.out(19323): command: {"command":"set_selection","arguments":[-1,-1]}
12-09 08:34:56.296 I/InstrumentationBackend(19323): Got command:'Command:'Line:null,set_selection', arguments:'[-1, -1]'
12-09 08:34:56.344 I/System.out(19323): result:{"bonusInformation":[],"message":"","success":true}
12-09 08:34:56.769 I/System.out(19323): URI: //
12-09 08:34:56.769 I/System.out(19323): params: {json={"command":"keyboard_enter_text","arguments":["-321ßå∂˚¡–ºß123"]}
12-09 08:34:56.769 I/System.out(19323): }
12-09 08:34:56.770 I/System.out(19323): header: {date=Sun, 09 Dec 2018 08:34:57 GMT, accept=*/*, content-length=75, host=127.0.0.1:34777, user-agent=HTTPClient/1.0 (2.8.3, ruby 2.3.1 (2016-04-26)), content-type=application/json;charset=utf-8}
12-09 08:34:56.770 I/System.out(19323): params: {json={"command":"keyboard_enter_text","arguments":["-321ßå∂˚¡–ºß123"]}
12-09 08:34:56.770 I/System.out(19323): }
12-09 08:34:56.770 I/System.out(19323): ProP json = {"command":"keyboard_enter_text","arguments":["-321ßå∂˚¡–ºß123"]}
12-09 08:34:56.770 I/System.out(19323): files: {}
12-09 08:34:56.770 I/System.out(19323): command: {"command":"keyboard_enter_text","arguments":["-321ßå∂˚¡–ºß123"]}
12-09 08:34:56.771 I/InstrumentationBackend(19323): Got command:'Command:'Line:null,keyboard_enter_text', arguments:'[-321ßå∂˚¡–ºß123]'
12-09 08:34:56.772 I/art     (19323): Background sticky concurrent mark sweep GC freed 14612(711KB) AllocSpace objects, 4(80KB) LOS objects, 26% free, 2MB/3MB, paused 11.874ms total 52.109ms
12-09 08:34:56.907 E/SpannableStringBuilder(19323): SPAN_EXCLUSIVE_EXCLUSIVE spans cannot have a zero length
12-09 08:34:56.907 E/SpannableStringBuilder(19323): SPAN_EXCLUSIVE_EXCLUSIVE spans cannot have a zero length
12-09 08:34:57.136 E/SpannableStringBuilder(19323): SPAN_EXCLUSIVE_EXCLUSIVE spans cannot have a zero length
12-09 08:34:57.136 E/SpannableStringBuilder(19323): SPAN_EXCLUSIVE_EXCLUSIVE spans cannot have a zero length
12-09 08:34:57.163 I/System.out(19323): result:{"bonusInformation":[],"message":"","success":true}
12-09 08:34:57.780 E/SurfaceFlinger( 1219): ro.sf.lcd_density must be defined as a build property
12-09 08:34:57.793 D/gralloc_ranchu( 1219): gralloc_alloc: Creating ashmem region of size 3686400
12-09 08:34:57.804 D/        (19355): HostConnection::get() New Host Connection established 0x7f0011012480, tid 19355
12-09 08:34:57.830 E/EGL_emulation( 1219): tid 1219: eglCreateSyncKHR(1881): error 0x3004 (EGL_BAD_ATTRIBUTE)
12-09 08:34:58.961 I/System.out(19323): URI: //map
12-09 08:34:58.961 I/System.out(19323): params: {json={"query":"android.widget.EditText id:'volume'","operation":{"method_name":"query","arguments":[]}}
12-09 08:34:58.961 I/System.out(19323): }
12-09 08:34:59.053 I/art     (19323): Background sticky concurrent mark sweep GC freed 24022(1036KB) AllocSpace objects, 3(60KB) LOS objects, 24% free, 2MB/3MB, paused 5.553ms total 89.630ms
12-09 08:34:59.062 W/ResourceType(19323): No package identifier when getting name for resource number 0x00000001
12-09 08:34:59.173 I/System.out(19323): URI: //gesture
12-09 08:34:59.173 I/System.out(19323): params: {json={"query_timeout":5.0,"gestures":[{"query_string":"android.widget.EditText id:'volume'","touches":[{"x":50,"y":50,"offset_x":0,"offset_y":0,"wait":0.0,"time":0.2,"release":true,"query_string":null}]}]}
12-09 08:34:59.173 I/System.out(19323): }
12-09 08:34:59.252 W/ResourceType(19323): No package identifier when getting name for resource number 0x00000001
12-09 08:34:59.731 I/LatinIME( 1867): Starting input. Cursor position = 0,0
12-09 08:35:00.010 I/art     ( 1867): Background sticky concurrent mark sweep GC freed 3264(322KB) AllocSpace objects, 2(56KB) LOS objects, 21% free, 2MB/3MB, paused 920us total 117.104ms
12-09 08:35:00.283 I/System.out(19323): URI: //
12-09 08:35:00.283 I/System.out(19323): params: {json={"command":"set_selection","arguments":[-1,-1]}
12-09 08:35:00.283 I/System.out(19323): }
12-09 08:35:00.283 I/System.out(19323): header: {date=Sun, 09 Dec 2018 08:35:00 GMT, accept=*/*, content-length=47, host=127.0.0.1:34777, user-agent=HTTPClient/1.0 (2.8.3, ruby 2.3.1 (2016-04-26)), content-type=application/json;charset=utf-8}
12-09 08:35:00.283 I/System.out(19323): params: {json={"command":"set_selection","arguments":[-1,-1]}
12-09 08:35:00.283 I/System.out(19323): }
12-09 08:35:00.283 I/System.out(19323): ProP json = {"command":"set_selection","arguments":[-1,-1]}
12-09 08:35:00.283 I/System.out(19323): files: {}
12-09 08:35:00.283 I/System.out(19323): command: {"command":"set_selection","arguments":[-1,-1]}
12-09 08:35:00.284 I/InstrumentationBackend(19323): Got command:'Command:'Line:null,set_selection', arguments:'[-1, -1]'
12-09 08:35:00.319 I/System.out(19323): result:{"bonusInformation":[],"message":"","success":true}
12-09 08:35:00.474 I/System.out(19323): URI: //
12-09 08:35:00.474 I/System.out(19323): params: {json={"command":"keyboard_enter_text","arguments":["åß9∂º–ç¬  ß29å∂˚¡–ºß123"]}
12-09 08:35:00.474 I/System.out(19323): }
12-09 08:35:00.474 I/System.out(19323): header: {date=Sun, 09 Dec 2018 08:35:01 GMT, accept=*/*, content-length=92, host=127.0.0.1:34777, user-agent=HTTPClient/1.0 (2.8.3, ruby 2.3.1 (2016-04-26)), content-type=application/json;charset=utf-8}
12-09 08:35:00.474 I/System.out(19323): params: {json={"command":"keyboard_enter_text","arguments":["åß9∂º–ç¬  ß29å∂˚¡–ºß123"]}
12-09 08:35:00.475 I/System.out(19323): }
12-09 08:35:00.475 I/System.out(19323): ProP json = {"command":"keyboard_enter_text","arguments":["åß9∂º–ç¬  ß29å∂˚¡–ºß123"]}
12-09 08:35:00.475 I/System.out(19323): files: {}
12-09 08:35:00.475 I/System.out(19323): command: {"command":"keyboard_enter_text","arguments":["åß9∂º–ç¬  ß29å∂˚¡–ºß123"]}
12-09 08:35:00.476 I/InstrumentationBackend(19323): Got command:'Command:'Line:null,keyboard_enter_text', arguments:'[åß9∂º–ç¬  ß29å∂˚¡–ºß123]'
12-09 08:35:00.476 E/SpannableStringBuilder(19323): SPAN_EXCLUSIVE_EXCLUSIVE spans cannot have a zero length
12-09 08:35:00.476 E/SpannableStringBuilder(19323): SPAN_EXCLUSIVE_EXCLUSIVE spans cannot have a zero length
12-09 08:35:00.529 E/SpannableStringBuilder(19323): SPAN_EXCLUSIVE_EXCLUSIVE spans cannot have a zero length
12-09 08:35:00.529 E/SpannableStringBuilder(19323): SPAN_EXCLUSIVE_EXCLUSIVE spans cannot have a zero length
12-09 08:35:00.544 I/System.out(19323): result:{"bonusInformation":[],"message":"","success":true}
12-09 08:35:01.076 E/SurfaceFlinger( 1219): ro.sf.lcd_density must be defined as a build property
12-09 08:35:01.077 D/gralloc_ranchu( 1219): gralloc_alloc: Creating ashmem region of size 3686400
12-09 08:35:01.163 D/        (19366): HostConnection::get() New Host Connection established 0x7f8f8ef52480, tid 19366
12-09 08:35:01.199 E/EGL_emulation( 1219): tid 1219: eglCreateSyncKHR(1881): error 0x3004 (EGL_BAD_ATTRIBUTE)
12-09 08:35:01.958 I/System.out(19323): URI: //map
12-09 08:35:01.958 I/System.out(19323): params: {json={"query":"android.widget.EditText id:'odometer'","operation":{"method_name":"query","arguments":[]}}
12-09 08:35:01.958 I/System.out(19323): }
12-09 08:35:01.983 W/ResourceType(19323): No package identifier when getting name for resource number 0x00000001
12-09 08:35:02.228 I/System.out(19323): URI: //gesture
12-09 08:35:02.228 I/System.out(19323): params: {json={"query_timeout":5.0,"gestures":[{"query_string":"android.widget.EditText id:'odometer'","touches":[{"x":50,"y":50,"offset_x":0,"offset_y":0,"wait":0.0,"time":0.2,"release":true,"query_string":null}]}]}
12-09 08:35:02.228 I/System.out(19323): }
12-09 08:35:02.251 W/ResourceType(19323): No package identifier when getting name for resource number 0x00000001
12-09 08:35:02.268 I/art     (19323): Background sticky concurrent mark sweep GC freed 11085(606KB) AllocSpace objects, 1(20KB) LOS objects, 0% free, 3MB/3MB, paused 930us total 224.750ms
12-09 08:35:02.759 I/LatinIME( 1867): Starting input. Cursor position = 0,0
12-09 08:35:02.800 I/art     (19323): Background sticky concurrent mark sweep GC freed 27832(1281KB) AllocSpace objects, 0(0B) LOS objects, 34% free, 2MB/3MB, paused 30.207ms total 53.574ms
12-09 08:35:03.350 I/System.out(19323): URI: //
12-09 08:35:03.350 I/System.out(19323): params: {json={"command":"set_selection","arguments":[-1,-1]}
12-09 08:35:03.350 I/System.out(19323): }
12-09 08:35:03.350 I/System.out(19323): header: {date=Sun, 09 Dec 2018 08:35:04 GMT, accept=*/*, content-length=47, host=127.0.0.1:34777, user-agent=HTTPClient/1.0 (2.8.3, ruby 2.3.1 (2016-04-26)), content-type=application/json;charset=utf-8}
12-09 08:35:03.350 I/System.out(19323): params: {json={"command":"set_selection","arguments":[-1,-1]}
12-09 08:35:03.350 I/System.out(19323): }
12-09 08:35:03.350 I/System.out(19323): ProP json = {"command":"set_selection","arguments":[-1,-1]}
12-09 08:35:03.351 I/System.out(19323): files: {}
12-09 08:35:03.351 I/System.out(19323): command: {"command":"set_selection","arguments":[-1,-1]}
12-09 08:35:03.351 I/InstrumentationBackend(19323): Got command:'Command:'Line:null,set_selection', arguments:'[-1, -1]'
12-09 08:35:03.368 I/System.out(19323): result:{"bonusInformation":[],"message":"","success":true}
12-09 08:35:03.609 I/System.out(19323): URI: //
12-09 08:35:03.609 I/System.out(19323): params: {json={"command":"keyboard_enter_text","arguments":["=+œå∑ß≈´∂ç®ƒ√†©∫¡™£"]}
12-09 08:35:03.609 I/System.out(19323): }
12-09 08:35:03.609 I/System.out(19323): header: {date=Sun, 09 Dec 2018 08:35:04 GMT, accept=*/*, content-length=93, host=127.0.0.1:34777, user-agent=HTTPClient/1.0 (2.8.3, ruby 2.3.1 (2016-04-26)), content-type=application/json;charset=utf-8}
12-09 08:35:03.609 I/System.out(19323): params: {json={"command":"keyboard_enter_text","arguments":["=+œå∑ß≈´∂ç®ƒ√†©∫¡™£"]}
12-09 08:35:03.609 I/System.out(19323): }
12-09 08:35:03.609 I/System.out(19323): ProP json = {"command":"keyboard_enter_text","arguments":["=+œå∑ß≈´∂ç®ƒ√†©∫¡™£"]}
12-09 08:35:03.609 I/System.out(19323): files: {}
12-09 08:35:03.609 I/System.out(19323): command: {"command":"keyboard_enter_text","arguments":["=+œå∑ß≈´∂ç®ƒ√†©∫¡™£"]}
12-09 08:35:03.610 I/InstrumentationBackend(19323): Got command:'Command:'Line:null,keyboard_enter_text', arguments:'[=+œå∑ß≈´∂ç®ƒ√†©∫¡™£]'
12-09 08:35:03.611 E/SpannableStringBuilder(19323): SPAN_EXCLUSIVE_EXCLUSIVE spans cannot have a zero length
12-09 08:35:03.611 E/SpannableStringBuilder(19323): SPAN_EXCLUSIVE_EXCLUSIVE spans cannot have a zero length
12-09 08:35:03.612 E/SpannableStringBuilder(19323): SPAN_EXCLUSIVE_EXCLUSIVE spans cannot have a zero length
12-09 08:35:03.612 E/SpannableStringBuilder(19323): SPAN_EXCLUSIVE_EXCLUSIVE spans cannot have a zero length
12-09 08:35:03.638 I/System.out(19323): result:{"bonusInformation":[],"message":"","success":true}
12-09 08:35:03.741 I/art     (19323): Background sticky concurrent mark sweep GC freed 28881(1379KB) AllocSpace objects, 7(140KB) LOS objects, 36% free, 2MB/3MB, paused 931us total 106.222ms
12-09 08:35:04.106 E/SurfaceFlinger( 1219): ro.sf.lcd_density must be defined as a build property
12-09 08:35:04.119 D/gralloc_ranchu( 1219): gralloc_alloc: Creating ashmem region of size 3686400
12-09 08:35:04.214 D/        (19376): HostConnection::get() New Host Connection established 0x7fb3654d2480, tid 19376
12-09 08:35:04.255 E/EGL_emulation( 1219): tid 1219: eglCreateSyncKHR(1881): error 0x3004 (EGL_BAD_ATTRIBUTE)
