--------- beginning of main
12-09 07:50:57.025 D/gralloc_ranchu( 1218): gralloc_alloc: Creating ashmem region of size 708608
12-09 07:50:57.058 E/EGL_emulation( 1218): tid 1218: eglCreateSyncKHR(1881): error 0x3004 (EGL_BAD_ATTRIBUTE)
12-09 07:50:57.143 W/audio_hw_generic( 1308): Not supplying enough data to HAL, expected position 10441874 , only wrote 10441817
12-09 07:50:57.205 I/art     ( 1591): Background partial concurrent mark sweep GC freed 6282(482KB) AllocSpace objects, 2(40KB) LOS objects, 30% free, 9MB/13MB, paused 1.804ms total 133.927ms
12-09 07:50:57.283 W/audio_hw_generic( 1308): Not supplying enough data to HAL, expected position 10447985 , only wrote 10447766
12-09 07:50:57.283 W/audio_hw_generic( 1308): Not supplying enough data to HAL, expected position 10447773 , only wrote 10447766
12-09 07:50:57.309 W/audio_hw_generic( 1308): Not supplying enough data to HAL, expected position 10448916 , only wrote 10448427
12-09 07:50:57.368 W/art     ( 1591): Long monitor contention event with owner method=void com.android.server.am.ActivityManagerService.activityPaused(android.os.IBinder) from ActivityManagerService.java:6439 waiters=0 for 124ms
--------- beginning of system
12-09 07:50:57.368 W/ActivityManager( 1591): Finishing task with all activities already finished
12-09 07:50:57.368 W/ActivityManager( 1591): Duplicate finish request for ActivityRecord{cf6cc90 u0 com.evancharlton.mileage/.Mileage t373 f}
12-09 07:50:57.381 W/ActivityManager( 1591): Finishing task with all activities already finished
12-09 07:50:57.381 W/ActivityManager( 1591): Duplicate finish request for ActivityRecord{cf6cc90 u0 com.evancharlton.mileage/.Mileage t373 f}
12-09 07:50:57.382 W/ActivityManager( 1591): Finishing task with all activities already finished
12-09 07:50:57.390 W/ActivityManager( 1591): Duplicate finish request for ActivityRecord{cf6cc90 u0 com.evancharlton.mileage/.Mileage t373 f}
12-09 07:50:57.391 W/audio_hw_generic( 1308): Hardware backing HAL too slow, could only write 0 of 661 frames
12-09 07:50:57.414 D/EGL_emulation( 1922): eglMakeCurrent: 0x7fb74a334dc0: ver 2 0 (tinfo 0x7fb74a302d00)
12-09 07:50:57.631 W/audio_hw_generic( 1308): Not supplying enough data to HAL, expected position 10462619 , only wrote 10462308
12-09 07:50:57.722 W/audio_hw_generic( 1308): Not supplying enough data to HAL, expected position 10466301 , only wrote 10466274
12-09 07:50:57.722 W/audio_hw_generic( 1308): Not supplying enough data to HAL, expected position 10466280 , only wrote 10466274
12-09 07:50:57.747 W/audio_hw_generic( 1308): Not supplying enough data to HAL, expected position 10467389 , only wrote 10466935
12-09 07:50:57.777 W/audio_hw_generic( 1308): Hardware backing HAL too slow, could only write 0 of 661 frames
12-09 07:50:57.918 W/audio_hw_generic( 1308): Not supplying enough data to HAL, expected position 10474452 , only wrote 10474206
12-09 07:50:57.918 W/audio_hw_generic( 1308): Not supplying enough data to HAL, expected position 10474212 , only wrote 10474206
12-09 07:50:57.935 W/art     ( 1591): Long monitor contention event with owner method=void com.android.server.wm.WindowAnimator$1.doFrame(long) from WindowAnimator.java:121 waiters=1 for 183ms
12-09 07:50:58.103 W/audio_hw_generic( 1308): Not supplying enough data to HAL, expected position 10482383 , only wrote 10482138
12-09 07:50:58.103 W/audio_hw_generic( 1308): Not supplying enough data to HAL, expected position 10482145 , only wrote 10482138
12-09 07:50:58.123 W/audio_hw_generic( 1308): Not supplying enough data to HAL, expected position 10483016 , only wrote 10482799
12-09 07:50:58.140 W/art     ( 1591): Long monitor contention event with owner method=void com.android.server.wm.WindowAnimator$1.doFrame(long) from WindowAnimator.java:121 waiters=1 for 205ms
12-09 07:50:58.141 D/AndroidRuntime( 8192): >>>>>> START com.android.internal.os.RuntimeInit uid 0 <<<<<<
12-09 07:50:58.142 D/AndroidRuntime( 8192): CheckJNI is ON
12-09 07:50:58.155 W/audio_hw_generic( 1308): Hardware backing HAL too slow, could only write 0 of 661 frames
12-09 07:50:58.171 W/audio_hw_generic( 1308): Hardware backing HAL too slow, could only write 0 of 661 frames
12-09 07:50:58.183 W/audio_hw_generic( 1308): Hardware backing HAL too slow, could only write 0 of 661 frames
12-09 07:50:58.221 D/ICU     ( 8192): No timezone override file found: /data/misc/zoneinfo/current/icu/icu_tzdata.dat
12-09 07:50:58.265 W/audio_hw_generic( 1308): Not supplying enough data to HAL, expected position 10489054 , only wrote 10488748
12-09 07:50:58.267 W/art     ( 1591): Long monitor contention event with owner method=void com.android.server.wm.WindowAnimator$1.doFrame(long) from WindowAnimator.java:121 waiters=1 for 222ms
12-09 07:50:58.271 W/audio_hw_generic( 1308): Not supplying enough data to HAL, expected position 10489010 , only wrote 10488748
12-09 07:50:58.493 I/Choreographer( 1922): Skipped 60 frames!  The application may be doing too much work on its main thread.
12-09 07:50:58.503 I/Choreographer( 8147): Skipped 67 frames!  The application may be doing too much work on its main thread.
12-09 07:50:58.554 E/memtrack( 8192): Couldn't load memtrack module (No such file or directory)
12-09 07:50:58.559 E/android.os.Debug( 8192): failed to load memtrack module: -2
12-09 07:50:58.560 I/Radio-JNI( 8192): register_android_hardware_Radio DONE
12-09 07:50:58.590 D/AndroidRuntime( 8192): Calling main entry com.android.commands.am.Am
12-09 07:50:58.659 I/ActivityManager( 1591): Force stopping com.evancharlton.mileage appid=10123 user=0: start instr
12-09 07:50:58.660 I/ActivityManager( 1591): Killing 8147:com.evancharlton.mileage/u0a123 (adj 0): stop com.evancharlton.mileage
12-09 07:50:58.841 W/ActivityManager( 1591): Crash of app com.evancharlton.mileage running instrumentation ComponentInfo{com.evancharlton.mileage.test/sh.calaba.instrumentationbackend.CalabashInstrumentationTestRunner}
12-09 07:50:58.841 I/ActivityManager( 1591): Force stopping com.evancharlton.mileage appid=10123 user=0: finished inst
12-09 07:50:58.955 W/art     ( 1591): Long monitor contention event with owner method=void com.android.server.wm.WindowAnimator$1.doFrame(long) from WindowAnimator.java:121 waiters=2 for 113ms
12-09 07:50:58.958 W/art     ( 1591): Long monitor contention event with owner method=void com.android.server.wm.WindowAnimator$1.doFrame(long) from WindowAnimator.java:121 waiters=3 for 116ms
12-09 07:50:58.959 I/WindowState( 1591): WIN DEATH: Window{fcad066 u0 com.evancharlton.mileage/com.evancharlton.mileage.Mileage EXITING}
12-09 07:50:58.975 I/ActivityManager( 1591): Start proc 8201:com.evancharlton.mileage/u0a123 for added application com.evancharlton.mileage
12-09 07:50:58.977 D/AndroidRuntime( 8192): Shutting down VM
12-09 07:50:58.979 W/art     ( 1591): Long monitor contention event with owner method=boolean com.android.server.am.ActivityManagerService.startInstrumentation(android.content.ComponentName, java.lang.String, int, android.os.Bundle, android.app.IInstrumentationWatcher, android.app.IUiAutomationConnection, int, java.lang.String) from ActivityManagerService.java:17066 waiters=0 for 320ms
12-09 07:50:59.055 W/System  ( 8201): ClassLoader referenced unknown path: /data/app/com.evancharlton.mileage.test-1/lib/x86_64
12-09 07:50:59.055 W/System  ( 8201): ClassLoader referenced unknown path: /data/app/com.evancharlton.mileage-1/lib/x86_64
12-09 07:50:59.201 I/System.out( 8201): Main activity name automatically set to: com.evancharlton.mileage.Mileage
12-09 07:50:59.201 I/System.out( 8201): Calabash did not load Mono. This is only a problem if you are trying to test a Mono application
12-09 07:50:59.201 I/calabash( 8201): Test server port: 7102
12-09 07:50:59.202 I/InstrumentationBackend( 8201): Added:'GetPreferences', with key:'get_preferences'
12-09 07:50:59.267 I/InstrumentationBackend( 8201): Added:'SetPreferences', with key:'set_preferences'
12-09 07:50:59.271 I/InstrumentationBackend( 8201): Added:'ClearPreferences', with key:'clear_preferences'
12-09 07:50:59.271 I/InstrumentationBackend( 8201): Added:'PressElement', with key:'press_l10n_element'
12-09 07:50:59.271 I/InstrumentationBackend( 8201): Added:'WaitForElement', with key:'wait_for_l10n_element'
12-09 07:50:59.272 I/InstrumentationBackend( 8201): Added:'NullAction', with key:'nullAction'
12-09 07:50:59.272 I/InstrumentationBackend( 8201): Added:'PressKey', with key:'press_key'
12-09 07:50:59.272 I/InstrumentationBackend( 8201): Added:'SetActivityOrientation', with key:'set_activity_orientation'
12-09 07:50:59.272 I/InstrumentationBackend( 8201): Added:'GetActivityOrientation', with key:'get_activity_orientation'
12-09 07:50:59.272 I/InstrumentationBackend( 8201): Added:'FakeGPSLocation', with key:'set_gps_coordinates'
12-09 07:50:59.273 I/InstrumentationBackend( 8201): Added:'SetPropertyByCssSelector', with key:'set_property_by_css_selector'
12-09 07:50:59.273 I/InstrumentationBackend( 8201): Added:'GetUrl', with key:'get_url'
12-09 07:50:59.274 I/InstrumentationBackend( 8201): Added:'ScrollTo', with key:'scroll_to'
12-09 07:50:59.274 I/InstrumentationBackend( 8201): Added:'GetLoadProgress', with key:'get_load_progress'
12-09 07:50:59.274 I/InstrumentationBackend( 8201): Added:'DumpHtml', with key:'dump_html'
12-09 07:50:59.274 I/InstrumentationBackend( 8201): Added:'DumpBodyHtml', with key:'dump_body_html'
12-09 07:50:59.274 I/InstrumentationBackend( 8201): Added:'EnterTextByCssSelector', with key:'enter_text_by_selector'
12-09 07:50:59.292 I/InstrumentationBackend( 8201): Added:'AndroidSDKVersion', with key:'android_sdk_version'
12-09 07:50:59.292 I/InstrumentationBackend( 8201): Added:'Version', with key:'version'
12-09 07:50:59.292 I/InstrumentationBackend( 8201): Added:'Drag', with key:'drag'
12-09 07:50:59.292 I/InstrumentationBackend( 8201): Added:'TouchCoordinates', with key:'touch_coordinate'
12-09 07:50:59.292 I/InstrumentationBackend( 8201): Added:'LongPressCoordinate', with key:'long_press_coordinate'
12-09 07:50:59.292 I/InstrumentationBackend( 8201): Added:'DragCoordinates', with key:'drag_coordinates'
12-09 07:50:59.293 I/InstrumentationBackend( 8201): Added:'ResumeApplication', with key:'resume_application'
12-09 07:50:59.293 I/InstrumentationBackend( 8201): Added:'Swipe', with key:'swipe'
12-09 07:50:59.293 I/InstrumentationBackend( 8201): Added:'DoubleTapCoordinate', with key:'double_tap_coordinate'
12-09 07:50:59.293 I/InstrumentationBackend( 8201): Added:'ClickOnScreen', with key:'click_on_screen'
12-09 07:50:59.293 I/InstrumentationBackend( 8201): Added:'GetActivityName', with key:'get_activity_name'
12-09 07:50:59.293 I/InstrumentationBackend( 8201): Added:'ScrollToView', with key:'scroll_to_view'
12-09 07:50:59.294 I/InstrumentationBackend( 8201): Added:'ViewConfiguration', with key:'view_configuration'
12-09 07:50:59.294 I/InstrumentationBackend( 8201): Added:'IsCurrentActivityFocused', with key:'is_current_activity_focused'
12-09 07:50:59.294 I/InstrumentationBackend( 8201): Added:'SendTcp', with key:'send_tcp'
12-09 07:50:59.294 I/InstrumentationBackend( 8201): Added:'DpToDevicePixel', with key:'dp_to_device_pixel'
12-09 07:50:59.295 I/InstrumentationBackend( 8201): Added:'KeyboardEnterText', with key:'keyboard_enter_text'
12-09 07:50:59.299 I/InstrumentationBackend( 8201): Added:'DeleteSurroundingText', with key:'delete_surrounding_text'
12-09 07:50:59.299 I/InstrumentationBackend( 8201): Added:'SetComposingRegion', with key:'set_composing_region'
12-09 07:50:59.299 I/InstrumentationBackend( 8201): Added:'SetSelection', with key:'set_selection'
12-09 07:50:59.300 I/InstrumentationBackend( 8201): Added:'KeyboardKeyEvent', with key:'keyboard_key_event'
12-09 07:50:59.300 I/InstrumentationBackend( 8201): Added:'PressUserActionButton', with key:'press_user_action_button'
12-09 07:50:59.300 I/InstrumentationBackend( 8201): Added:'HideSoftKeyboard', with key:'hide_soft_keyboard'
12-09 07:50:59.301 I/InstrumentationBackend( 8201): Added:'ListActions', with key:'list_actions'
12-09 07:50:59.301 I/calabash( 8201): Instantiating http server at 7102
12-09 07:50:59.311 I/System.out( 8201): HTTP Daemon listening on: 7102
12-09 07:50:59.382 I/System.out( 8201): URI: //ping
12-09 07:50:59.382 I/System.out( 8201): params: {json={}
12-09 07:50:59.382 I/System.out( 8201): }
12-09 07:50:59.436 W/OpenGLRenderer( 1922): Incorrectly called buildLayer on View: ShortcutAndWidgetContainer, destroying layer...
12-09 07:50:59.472 I/System.out( 8201): URI: //ping
12-09 07:50:59.472 I/System.out( 8201): params: {json={}
12-09 07:50:59.472 I/System.out( 8201): }
12-09 07:50:59.534 I/System.out( 8201): URI: //ready
12-09 07:50:59.534 I/System.out( 8201): params: {json={}
12-09 07:50:59.535 I/System.out( 8201): }
12-09 07:50:59.541 W/WindowAnimator( 1591): Failed to dispatch window animation state change.
12-09 07:50:59.541 W/WindowAnimator( 1591): android.os.DeadObjectException
12-09 07:50:59.541 W/WindowAnimator( 1591): 	at android.os.BinderProxy.transactNative(Native Method)
12-09 07:50:59.541 W/WindowAnimator( 1591): 	at android.os.BinderProxy.transact(Binder.java:503)
12-09 07:50:59.541 W/WindowAnimator( 1591): 	at android.view.IWindow$Stub$Proxy.onAnimationStopped(IWindow.java:534)
12-09 07:50:59.541 W/WindowAnimator( 1591): 	at com.android.server.wm.WindowAnimator.updateWindowsLocked(WindowAnimator.java:286)
12-09 07:50:59.541 W/WindowAnimator( 1591): 	at com.android.server.wm.WindowAnimator.animateLocked(WindowAnimator.java:678)
12-09 07:50:59.541 W/WindowAnimator( 1591): 	at com.android.server.wm.WindowAnimator.-wrap0(WindowAnimator.java)
12-09 07:50:59.541 W/WindowAnimator( 1591): 	at com.android.server.wm.WindowAnimator$1.doFrame(WindowAnimator.java:123)
12-09 07:50:59.541 W/WindowAnimator( 1591): 	at android.view.Choreographer$CallbackRecord.run(Choreographer.java:856)
12-09 07:50:59.541 W/WindowAnimator( 1591): 	at android.view.Choreographer.doCallbacks(Choreographer.java:670)
12-09 07:50:59.541 W/WindowAnimator( 1591): 	at android.view.Choreographer.doFrame(Choreographer.java:603)
12-09 07:50:59.541 W/WindowAnimator( 1591): 	at android.view.Choreographer$FrameDisplayEventReceiver.run(Choreographer.java:844)
12-09 07:50:59.541 W/WindowAnimator( 1591): 	at android.os.Handler.handleCallback(Handler.java:739)
12-09 07:50:59.541 W/WindowAnimator( 1591): 	at android.os.Handler.dispatchMessage(Handler.java:95)
12-09 07:50:59.541 W/WindowAnimator( 1591): 	at android.os.Looper.loop(Looper.java:148)
12-09 07:50:59.541 W/WindowAnimator( 1591): 	at android.os.HandlerThread.run(HandlerThread.java:61)
12-09 07:50:59.541 W/WindowAnimator( 1591): 	at com.android.server.ServiceThread.run(ServiceThread.java:46)
12-09 07:50:59.600 I/System.out( 8201): URI: //
12-09 07:50:59.600 I/System.out( 8201): params: {json={"command":"version","arguments":[]}
12-09 07:50:59.600 I/System.out( 8201): }
12-09 07:50:59.600 I/System.out( 8201): header: {date=Sun, 09 Dec 2018 07:50:59 GMT, accept=*/*, content-length=36, host=127.0.0.1:34777, user-agent=HTTPClient/1.0 (2.8.3, ruby 2.3.1 (2016-04-26)), content-type=application/json;charset=utf-8}
12-09 07:50:59.600 I/System.out( 8201): params: {json={"command":"version","arguments":[]}
12-09 07:50:59.600 I/System.out( 8201): }
12-09 07:50:59.600 I/System.out( 8201): ProP json = {"command":"version","arguments":[]}
12-09 07:50:59.600 I/System.out( 8201): files: {}
12-09 07:50:59.600 I/System.out( 8201): command: {"command":"version","arguments":[]}
12-09 07:50:59.634 I/InstrumentationBackend( 8201): Got command:'Command:'Line:null,version', arguments:'[]'
12-09 07:50:59.668 I/System.out( 8201): result:{"bonusInformation":[],"message":"0.9.8","success":true}
12-09 07:50:59.780 I/System.out( 8201): URI: //start-application
12-09 07:50:59.780 I/System.out( 8201): params: {json={"intent":null}
12-09 07:50:59.781 I/System.out( 8201): }
12-09 07:50:59.860 I/ActivityManager( 1591): START u0 {act=android.intent.action.MAIN cat=[android.intent.category.LAUNCHER] flg=0x10200000 cmp=com.evancharlton.mileage/.Mileage} from uid 10123 on display 0
12-09 07:51:00.045 W/art     ( 1591): Long monitor contention event with owner method=void com.android.server.wm.WindowManagerService.attachStack(int, int) from WindowManagerService.java:5157 waiters=0 for 185ms
12-09 07:51:00.127 D/hwcomposer( 1218): hw_composer sent 506 syncs in 60s
12-09 07:51:00.138 I/calabash( 8201): newActivity1
12-09 07:51:00.205 I/calabash( 8201): newActivity1
12-09 07:51:00.207 W/ActivityManager( 1591): Bad activity token: android.os.BinderProxy@3ec2f33
12-09 07:51:00.207 W/ActivityManager( 1591): java.lang.ClassCastException: android.os.BinderProxy cannot be cast to com.android.server.am.ActivityRecord$Token
12-09 07:51:00.207 W/ActivityManager( 1591): 	at com.android.server.am.ActivityRecord.forTokenLocked(ActivityRecord.java:424)
12-09 07:51:00.207 W/ActivityManager( 1591): 	at com.android.server.am.ActivityRecord.isInStackLocked(ActivityRecord.java:1121)
12-09 07:51:00.207 W/ActivityManager( 1591): 	at com.android.server.am.ActivityRecord.getStackLocked(ActivityRecord.java:1126)
12-09 07:51:00.207 W/ActivityManager( 1591): 	at com.android.server.am.ActivityManagerService.getActivityDisplayId(ActivityManagerService.java:8889)
12-09 07:51:00.207 W/ActivityManager( 1591): 	at android.app.ActivityManagerNative.onTransact(ActivityManagerNative.java:2338)
12-09 07:51:00.207 W/ActivityManager( 1591): 	at com.android.server.am.ActivityManagerService.onTransact(ActivityManagerService.java:2443)
12-09 07:51:00.207 W/ActivityManager( 1591): 	at android.os.Binder.execTransact(Binder.java:453)
12-09 07:51:00.248 W/ActivityManager( 1591): Bad activity token: android.os.BinderProxy@3ec2f33
12-09 07:51:00.248 W/ActivityManager( 1591): java.lang.ClassCastException: android.os.BinderProxy cannot be cast to com.android.server.am.ActivityRecord$Token
12-09 07:51:00.248 W/ActivityManager( 1591): 	at com.android.server.am.ActivityRecord.forTokenLocked(ActivityRecord.java:424)
12-09 07:51:00.248 W/ActivityManager( 1591): 	at com.android.server.am.ActivityRecord.isInStackLocked(ActivityRecord.java:1121)
12-09 07:51:00.248 W/ActivityManager( 1591): 	at com.android.server.am.ActivityManagerService.setTaskDescription(ActivityManagerService.java:8547)
12-09 07:51:00.248 W/ActivityManager( 1591): 	at android.app.ActivityManagerNative.onTransact(ActivityManagerNative.java:2410)
12-09 07:51:00.248 W/ActivityManager( 1591): 	at com.android.server.am.ActivityManagerService.onTransact(ActivityManagerService.java:2443)
12-09 07:51:00.248 W/ActivityManager( 1591): 	at android.os.Binder.execTransact(Binder.java:453)
12-09 07:51:00.333 D/gralloc_ranchu( 1218): gralloc_alloc: Creating ashmem region of size 3686400
12-09 07:51:00.347 W/ActivityManager( 1591): Bad activity token: android.os.BinderProxy@3ec2f33
12-09 07:51:00.347 W/ActivityManager( 1591): java.lang.ClassCastException: android.os.BinderProxy cannot be cast to com.android.server.am.ActivityRecord$Token
12-09 07:51:00.347 W/ActivityManager( 1591): 	at com.android.server.am.ActivityRecord.forTokenLocked(ActivityRecord.java:424)
12-09 07:51:00.347 W/ActivityManager( 1591): 	at com.android.server.am.ActivityRecord.isInStackLocked(ActivityRecord.java:1121)
12-09 07:51:00.347 W/ActivityManager( 1591): 	at com.android.server.am.ActivityManagerService.getActivityOptions(ActivityManagerService.java:11038)
12-09 07:51:00.347 W/ActivityManager( 1591): 	at android.app.ActivityManagerNative.onTransact(ActivityManagerNative.java:1734)
12-09 07:51:00.347 W/ActivityManager( 1591): 	at com.android.server.am.ActivityManagerService.onTransact(ActivityManagerService.java:2443)
12-09 07:51:00.347 W/ActivityManager( 1591): 	at android.os.Binder.execTransact(Binder.java:453)
12-09 07:51:00.348 W/ActivityManager( 1591): Bad activity token: android.os.BinderProxy@3ec2f33
12-09 07:51:00.348 W/ActivityManager( 1591): java.lang.ClassCastException: android.os.BinderProxy cannot be cast to com.android.server.am.ActivityRecord$Token
12-09 07:51:00.348 W/ActivityManager( 1591): 	at com.android.server.am.ActivityRecord.forTokenLocked(ActivityRecord.java:424)
12-09 07:51:00.348 W/ActivityManager( 1591): 	at com.android.server.am.ActivityRecord.isInStackLocked(ActivityRecord.java:1121)
12-09 07:51:00.348 W/ActivityManager( 1591): 	at com.android.server.am.ActivityManagerService.getActivityOptions(ActivityManagerService.java:11038)
12-09 07:51:00.348 W/ActivityManager( 1591): 	at android.app.ActivityManagerNative.onTransact(ActivityManagerNative.java:1734)
12-09 07:51:00.348 W/ActivityManager( 1591): 	at com.android.server.am.ActivityManagerService.onTransact(ActivityManagerService.java:2443)
12-09 07:51:00.348 W/ActivityManager( 1591): 	at android.os.Binder.execTransact(Binder.java:453)
12-09 07:51:00.378 I/art     ( 8201): Background partial concurrent mark sweep GC freed 1927(305KB) AllocSpace objects, 0(0B) LOS objects, 40% free, 1922KB/3MB, paused 10.109ms total 46.562ms
12-09 07:51:00.620 V/PhoneStatusBar( 2205): setLightsOn(true)
12-09 07:51:00.725 D/gralloc_ranchu( 1218): gralloc_alloc: Creating ashmem region of size 3686400
12-09 07:51:00.738 V/PhoneStatusBar( 2205): setLightsOn(true)
12-09 07:51:00.770 D/EGL_emulation( 1922): eglMakeCurrent: 0x7fb74a334dc0: ver 2 0 (tinfo 0x7fb74a302d00)
12-09 07:51:00.771 E/Surface ( 1922): getSlotFromBufferLocked: unknown buffer: 0x7fb7468d2140
12-09 07:51:00.773 D/        ( 8201): HostConnection::get() New Host Connection established 0x7fb746a49400, tid 8201
12-09 07:51:01.093 W/art     ( 1591): Long monitor contention event with owner method=void com.android.server.wm.WindowAnimator$1.doFrame(long) from WindowAnimator.java:121 waiters=1 for 189ms
12-09 07:51:01.187 I/ActivityManager( 1591): Displayed com.evancharlton.mileage/.Mileage: +1s59ms
12-09 07:51:01.200 D/gralloc_ranchu( 1218): gralloc_alloc: Creating ashmem region of size 3686400
12-09 07:51:01.532 W/art     ( 1591): Long monitor contention event with owner method=void com.android.server.wm.WindowAnimator$1.doFrame(long) from WindowAnimator.java:121 waiters=0 for 211ms
12-09 07:51:01.608 W/art     ( 1591): Long monitor contention event with owner method=void com.android.server.wm.WindowAnimator$1.doFrame(long) from WindowAnimator.java:121 waiters=1 for 175ms
12-09 07:51:01.842 D/gralloc_ranchu( 1218): gralloc_alloc: Creating ashmem region of size 3686400
12-09 07:51:03.302 I/System.out( 8201): URI: //map
12-09 07:51:03.315 I/System.out( 8201): params: {json={"query":"android.widget.EditText id:'price'","operation":{"method_name":"query","arguments":[]}}
12-09 07:51:03.321 I/System.out( 8201): }
12-09 07:51:03.384 W/ResourceType( 8201): No package identifier when getting name for resource number 0x00000001
12-09 07:51:03.523 I/System.out( 8201): URI: //gesture
12-09 07:51:03.523 I/System.out( 8201): params: {json={"query_timeout":5.0,"gestures":[{"query_string":"android.widget.EditText id:'price'","touches":[{"x":50,"y":50,"offset_x":0,"offset_y":0,"wait":0.0,"time":0.2,"release":true,"query_string":null}]}]}
12-09 07:51:03.523 I/System.out( 8201): }
12-09 07:51:03.580 W/ResourceType( 8201): No package identifier when getting name for resource number 0x00000001
12-09 07:51:06.904 I/InputDispatcher( 1591): Window 'Window{9b08b8f u0 com.evancharlton.mileage/com.evancharlton.mileage.Mileage}' spent 3228.1ms processing the last input event: MotionEvent(deviceId=0, source=0x00001002, action=2, actionButton=0x00000000, flags=0x00000000, metaState=0x00000000, buttonState=0x00000000, edgeFlags=0x00000000, xPrecision=1.0, yPrecision=1.0, displayId=0, pointers=[0: (180.0, 140.0)]), policyFlags=0x69000000
12-09 07:51:07.147 I/LatinIME( 1857): Starting input. Cursor position = 0,0
12-09 07:51:07.266 I/art     ( 8201): Background sticky concurrent mark sweep GC freed 44901(2025KB) AllocSpace objects, 2(40KB) LOS objects, 23% free, 2MB/3MB, paused 9.516ms total 115.361ms
12-09 07:51:07.494 D/EGL_emulation( 1857): eglMakeCurrent: 0x7fb74a3346e0: ver 2 0 (tinfo 0x7fb746baea40)
12-09 07:51:07.771 I/System.out( 8201): URI: //
12-09 07:51:07.771 I/System.out( 8201): params: {json={"command":"set_selection","arguments":[-1,-1]}
12-09 07:51:07.772 I/System.out( 8201): }
12-09 07:51:07.772 I/System.out( 8201): header: {date=Sun, 09 Dec 2018 07:51:08 GMT, accept=*/*, content-length=47, host=127.0.0.1:34777, user-agent=HTTPClient/1.0 (2.8.3, ruby 2.3.1 (2016-04-26)), content-type=application/json;charset=utf-8}
12-09 07:51:07.772 I/System.out( 8201): params: {json={"command":"set_selection","arguments":[-1,-1]}
12-09 07:51:07.772 I/System.out( 8201): }
12-09 07:51:07.772 I/System.out( 8201): ProP json = {"command":"set_selection","arguments":[-1,-1]}
12-09 07:51:07.772 I/System.out( 8201): files: {}
12-09 07:51:07.772 I/System.out( 8201): command: {"command":"set_selection","arguments":[-1,-1]}
12-09 07:51:07.773 I/InstrumentationBackend( 8201): Got command:'Command:'Line:null,set_selection', arguments:'[-1, -1]'
12-09 07:51:07.809 I/System.out( 8201): result:{"bonusInformation":[],"message":"","success":true}
12-09 07:51:07.847 I/art     ( 8201): Background partial concurrent mark sweep GC freed 15774(874KB) AllocSpace objects, 6(120KB) LOS objects, 39% free, 2MB/3MB, paused 17.057ms total 33.032ms
12-09 07:51:07.981 I/System.out( 8201): URI: //
12-09 07:51:07.981 I/System.out( 8201): params: {json={"command":"keyboard_enter_text","arguments":["-321ßå∂˚¡–ºß123"]}
12-09 07:51:07.981 I/System.out( 8201): }
12-09 07:51:07.981 I/System.out( 8201): header: {date=Sun, 09 Dec 2018 07:51:08 GMT, accept=*/*, content-length=75, host=127.0.0.1:34777, user-agent=HTTPClient/1.0 (2.8.3, ruby 2.3.1 (2016-04-26)), content-type=application/json;charset=utf-8}
12-09 07:51:07.981 I/System.out( 8201): params: {json={"command":"keyboard_enter_text","arguments":["-321ßå∂˚¡–ºß123"]}
12-09 07:51:07.981 I/System.out( 8201): }
12-09 07:51:07.981 I/System.out( 8201): ProP json = {"command":"keyboard_enter_text","arguments":["-321ßå∂˚¡–ºß123"]}
12-09 07:51:07.981 I/System.out( 8201): files: {}
12-09 07:51:07.981 I/System.out( 8201): command: {"command":"keyboard_enter_text","arguments":["-321ßå∂˚¡–ºß123"]}
12-09 07:51:07.982 I/InstrumentationBackend( 8201): Got command:'Command:'Line:null,keyboard_enter_text', arguments:'[-321ßå∂˚¡–ºß123]'
12-09 07:51:07.984 E/SpannableStringBuilder( 8201): SPAN_EXCLUSIVE_EXCLUSIVE spans cannot have a zero length
12-09 07:51:07.987 E/SpannableStringBuilder( 8201): SPAN_EXCLUSIVE_EXCLUSIVE spans cannot have a zero length
12-09 07:51:08.150 E/SpannableStringBuilder( 8201): SPAN_EXCLUSIVE_EXCLUSIVE spans cannot have a zero length
12-09 07:51:08.150 E/SpannableStringBuilder( 8201): SPAN_EXCLUSIVE_EXCLUSIVE spans cannot have a zero length
12-09 07:51:08.164 I/System.out( 8201): result:{"bonusInformation":[],"message":"","success":true}
12-09 07:51:08.792 E/SurfaceFlinger( 1218): ro.sf.lcd_density must be defined as a build property
12-09 07:51:08.905 D/gralloc_ranchu( 1218): gralloc_alloc: Creating ashmem region of size 3686400
12-09 07:51:08.917 D/        ( 8233): HostConnection::get() New Host Connection established 0x7f61b7192480, tid 8233
12-09 07:51:08.988 E/EGL_emulation( 1218): tid 1218: eglCreateSyncKHR(1881): error 0x3004 (EGL_BAD_ATTRIBUTE)
12-09 07:51:09.675 I/System.out( 8201): URI: //map
12-09 07:51:09.675 I/System.out( 8201): params: {json={"query":"android.widget.EditText id:'volume'","operation":{"method_name":"query","arguments":[]}}
12-09 07:51:09.675 I/System.out( 8201): }
12-09 07:51:09.688 W/ResourceType( 8201): No package identifier when getting name for resource number 0x00000001
12-09 07:51:09.812 I/art     ( 8201): Background sticky concurrent mark sweep GC freed 59098(2MB) AllocSpace objects, 6(120KB) LOS objects, 36% free, 2MB/3MB, paused 965us total 128.279ms
12-09 07:51:09.813 I/System.out( 8201): URI: //gesture
12-09 07:51:09.813 I/System.out( 8201): params: {json={"query_timeout":5.0,"gestures":[{"query_string":"android.widget.EditText id:'volume'","touches":[{"x":50,"y":50,"offset_x":0,"offset_y":0,"wait":0.0,"time":0.2,"release":true,"query_string":null}]}]}
12-09 07:51:09.813 I/System.out( 8201): }
12-09 07:51:09.845 W/ResourceType( 8201): No package identifier when getting name for resource number 0x00000001
12-09 07:51:10.228 I/LatinIME( 1857): Starting input. Cursor position = 0,0
12-09 07:51:10.884 I/System.out( 8201): URI: //
12-09 07:51:10.884 I/System.out( 8201): params: {json={"command":"set_selection","arguments":[-1,-1]}
12-09 07:51:10.885 I/System.out( 8201): }
12-09 07:51:10.885 I/System.out( 8201): header: {date=Sun, 09 Dec 2018 07:51:11 GMT, accept=*/*, content-length=47, host=127.0.0.1:34777, user-agent=HTTPClient/1.0 (2.8.3, ruby 2.3.1 (2016-04-26)), content-type=application/json;charset=utf-8}
12-09 07:51:10.885 I/System.out( 8201): params: {json={"command":"set_selection","arguments":[-1,-1]}
12-09 07:51:10.885 I/System.out( 8201): }
12-09 07:51:10.885 I/System.out( 8201): ProP json = {"command":"set_selection","arguments":[-1,-1]}
12-09 07:51:10.885 I/System.out( 8201): files: {}
12-09 07:51:10.885 I/System.out( 8201): command: {"command":"set_selection","arguments":[-1,-1]}
12-09 07:51:10.886 I/InstrumentationBackend( 8201): Got command:'Command:'Line:null,set_selection', arguments:'[-1, -1]'
12-09 07:51:10.903 I/System.out( 8201): result:{"bonusInformation":[],"message":"","success":true}
12-09 07:51:11.220 I/System.out( 8201): URI: //
12-09 07:51:11.220 I/System.out( 8201): params: {json={"command":"keyboard_enter_text","arguments":["åß9∂º–ç¬  ß29å∂˚¡–ºß123"]}
12-09 07:51:11.220 I/System.out( 8201): }
12-09 07:51:11.220 I/System.out( 8201): header: {date=Sun, 09 Dec 2018 07:51:11 GMT, accept=*/*, content-length=92, host=127.0.0.1:34777, user-agent=HTTPClient/1.0 (2.8.3, ruby 2.3.1 (2016-04-26)), content-type=application/json;charset=utf-8}
12-09 07:51:11.220 I/System.out( 8201): params: {json={"command":"keyboard_enter_text","arguments":["åß9∂º–ç¬  ß29å∂˚¡–ºß123"]}
12-09 07:51:11.220 I/System.out( 8201): }
12-09 07:51:11.220 I/System.out( 8201): ProP json = {"command":"keyboard_enter_text","arguments":["åß9∂º–ç¬  ß29å∂˚¡–ºß123"]}
12-09 07:51:11.220 I/System.out( 8201): files: {}
12-09 07:51:11.220 I/System.out( 8201): command: {"command":"keyboard_enter_text","arguments":["åß9∂º–ç¬  ß29å∂˚¡–ºß123"]}
12-09 07:51:11.221 I/InstrumentationBackend( 8201): Got command:'Command:'Line:null,keyboard_enter_text', arguments:'[åß9∂º–ç¬  ß29å∂˚¡–ºß123]'
12-09 07:51:11.366 E/SpannableStringBuilder( 8201): SPAN_EXCLUSIVE_EXCLUSIVE spans cannot have a zero length
12-09 07:51:11.366 E/SpannableStringBuilder( 8201): SPAN_EXCLUSIVE_EXCLUSIVE spans cannot have a zero length
12-09 07:51:11.370 E/SpannableStringBuilder( 8201): SPAN_EXCLUSIVE_EXCLUSIVE spans cannot have a zero length
12-09 07:51:11.370 E/SpannableStringBuilder( 8201): SPAN_EXCLUSIVE_EXCLUSIVE spans cannot have a zero length
12-09 07:51:11.381 I/System.out( 8201): result:{"bonusInformation":[],"message":"","success":true}
12-09 07:51:12.014 E/SurfaceFlinger( 1218): ro.sf.lcd_density must be defined as a build property
12-09 07:51:12.163 D/gralloc_ranchu( 1218): gralloc_alloc: Creating ashmem region of size 3686400
12-09 07:51:12.174 D/        ( 8243): HostConnection::get() New Host Connection established 0x7fa1e7212480, tid 8243
12-09 07:51:12.244 E/EGL_emulation( 1218): tid 1218: eglCreateSyncKHR(1881): error 0x3004 (EGL_BAD_ATTRIBUTE)
12-09 07:51:13.275 I/System.out( 8201): URI: //map
12-09 07:51:13.276 I/System.out( 8201): params: {json={"query":"android.widget.EditText id:'odometer'","operation":{"method_name":"query","arguments":[]}}
12-09 07:51:13.276 I/System.out( 8201): }
12-09 07:51:13.287 W/ResourceType( 8201): No package identifier when getting name for resource number 0x00000001
12-09 07:51:13.348 I/System.out( 8201): URI: //gesture
12-09 07:51:13.348 I/System.out( 8201): params: {json={"query_timeout":5.0,"gestures":[{"query_string":"android.widget.EditText id:'odometer'","touches":[{"x":50,"y":50,"offset_x":0,"offset_y":0,"wait":0.0,"time":0.2,"release":true,"query_string":null}]}]}
12-09 07:51:13.348 I/System.out( 8201): }
12-09 07:51:13.367 W/ResourceType( 8201): No package identifier when getting name for resource number 0x00000001
12-09 07:51:13.870 I/LatinIME( 1857): Starting input. Cursor position = 0,0
12-09 07:51:14.414 I/System.out( 8201): URI: //
12-09 07:51:14.414 I/System.out( 8201): params: {json={"command":"set_selection","arguments":[-1,-1]}
12-09 07:51:14.414 I/System.out( 8201): }
12-09 07:51:14.414 I/System.out( 8201): header: {date=Sun, 09 Dec 2018 07:51:14 GMT, accept=*/*, content-length=47, host=127.0.0.1:34777, user-agent=HTTPClient/1.0 (2.8.3, ruby 2.3.1 (2016-04-26)), content-type=application/json;charset=utf-8}
12-09 07:51:14.414 I/System.out( 8201): params: {json={"command":"set_selection","arguments":[-1,-1]}
12-09 07:51:14.414 I/System.out( 8201): }
12-09 07:51:14.414 I/System.out( 8201): ProP json = {"command":"set_selection","arguments":[-1,-1]}
12-09 07:51:14.414 I/System.out( 8201): files: {}
12-09 07:51:14.414 I/System.out( 8201): command: {"command":"set_selection","arguments":[-1,-1]}
12-09 07:51:14.426 I/InstrumentationBackend( 8201): Got command:'Command:'Line:null,set_selection', arguments:'[-1, -1]'
12-09 07:51:14.481 I/System.out( 8201): result:{"bonusInformation":[],"message":"","success":true}
12-09 07:51:14.576 I/System.out( 8201): URI: //
12-09 07:51:14.576 I/System.out( 8201): params: {json={"command":"keyboard_enter_text","arguments":["=+œå∑ß≈´∂ç®ƒ√†©∫¡™£"]}
12-09 07:51:14.576 I/System.out( 8201): }
12-09 07:51:14.576 I/System.out( 8201): header: {date=Sun, 09 Dec 2018 07:51:15 GMT, accept=*/*, content-length=93, host=127.0.0.1:34777, user-agent=HTTPClient/1.0 (2.8.3, ruby 2.3.1 (2016-04-26)), content-type=application/json;charset=utf-8}
12-09 07:51:14.576 I/System.out( 8201): params: {json={"command":"keyboard_enter_text","arguments":["=+œå∑ß≈´∂ç®ƒ√†©∫¡™£"]}
12-09 07:51:14.576 I/System.out( 8201): }
12-09 07:51:14.576 I/System.out( 8201): ProP json = {"command":"keyboard_enter_text","arguments":["=+œå∑ß≈´∂ç®ƒ√†©∫¡™£"]}
12-09 07:51:14.576 I/System.out( 8201): files: {}
12-09 07:51:14.576 I/System.out( 8201): command: {"command":"keyboard_enter_text","arguments":["=+œå∑ß≈´∂ç®ƒ√†©∫¡™£"]}
12-09 07:51:14.577 I/InstrumentationBackend( 8201): Got command:'Command:'Line:null,keyboard_enter_text', arguments:'[=+œå∑ß≈´∂ç®ƒ√†©∫¡™£]'
12-09 07:51:14.578 E/SpannableStringBuilder( 8201): SPAN_EXCLUSIVE_EXCLUSIVE spans cannot have a zero length
12-09 07:51:14.578 E/SpannableStringBuilder( 8201): SPAN_EXCLUSIVE_EXCLUSIVE spans cannot have a zero length
12-09 07:51:17.438 E/SpannableStringBuilder( 8201): SPAN_EXCLUSIVE_EXCLUSIVE spans cannot have a zero length
12-09 07:51:17.438 E/SpannableStringBuilder( 8201): SPAN_EXCLUSIVE_EXCLUSIVE spans cannot have a zero length
12-09 07:51:17.438 I/Choreographer( 8201): Skipped 130 frames!  The application may be doing too much work on its main thread.
12-09 07:51:17.452 I/System.out( 8201): result:{"bonusInformation":[],"message":"","success":true}
12-09 07:51:17.999 E/SurfaceFlinger( 1218): ro.sf.lcd_density must be defined as a build property
12-09 07:51:18.077 D/gralloc_ranchu( 1218): gralloc_alloc: Creating ashmem region of size 3686400
12-09 07:51:18.096 D/        ( 8253): HostConnection::get() New Host Connection established 0x7f4116892480, tid 8253
12-09 07:51:18.112 E/EGL_emulation( 1218): tid 1218: eglCreateSyncKHR(1881): error 0x3004 (EGL_BAD_ATTRIBUTE)
