--------- beginning of main
12-09 07:41:00.231 D/gralloc_ranchu( 1219): gralloc_alloc: Creating ashmem region of size 708608
12-09 07:41:00.264 W/audio_hw_generic( 1308): Not supplying enough data to HAL, expected position 4630590 , only wrote 4630305
12-09 07:41:00.264 W/audio_hw_generic( 1308): Not supplying enough data to HAL, expected position 4630311 , only wrote 4630305
12-09 07:41:00.282 W/audio_hw_generic( 1308): Not supplying enough data to HAL, expected position 4631076 , only wrote 4630966
12-09 07:41:00.318 W/audio_hw_generic( 1308): Hardware backing HAL too slow, could only write 0 of 661 frames
12-09 07:41:00.370 W/audio_hw_generic( 1308): Not supplying enough data to HAL, expected position 4634836 , only wrote 4634271
12-09 07:41:00.370 W/audio_hw_generic( 1308): Not supplying enough data to HAL, expected position 4634277 , only wrote 4634271
12-09 07:41:00.408 E/EGL_emulation( 1219): tid 1219: eglCreateSyncKHR(1881): error 0x3004 (EGL_BAD_ATTRIBUTE)
12-09 07:41:00.420 W/audio_hw_generic( 1308): Not supplying enough data to HAL, expected position 4636498 , only wrote 4634932
--------- beginning of system
12-09 07:41:00.615 W/ActivityManager( 1591): Finishing task with all activities already finished
12-09 07:41:00.615 W/ActivityManager( 1591): Duplicate finish request for ActivityRecord{3fd1320 u0 com.evancharlton.mileage/.Mileage t339 f}
12-09 07:41:00.615 W/ActivityManager( 1591): Finishing task with all activities already finished
12-09 07:41:00.615 W/ActivityManager( 1591): Duplicate finish request for ActivityRecord{3fd1320 u0 com.evancharlton.mileage/.Mileage t339 f}
12-09 07:41:00.616 W/ActivityManager( 1591): Finishing task with all activities already finished
12-09 07:41:00.616 W/ActivityManager( 1591): Duplicate finish request for ActivityRecord{3fd1320 u0 com.evancharlton.mileage/.Mileage t339 f}
12-09 07:41:00.711 I/art     ( 1591): Background partial concurrent mark sweep GC freed 19484(1378KB) AllocSpace objects, 11(216KB) LOS objects, 30% free, 9MB/13MB, paused 4.583ms total 150.694ms
12-09 07:41:00.770 W/audio_hw_generic( 1308): Not supplying enough data to HAL, expected position 4650355 , only wrote 4650135
12-09 07:41:00.938 D/EGL_emulation( 1958): eglMakeCurrent: 0x7fe594cb4dc0: ver 2 0 (tinfo 0x7fe594c82fa0)
12-09 07:41:01.128 W/art     ( 1591): Long monitor contention event with owner method=void com.android.server.wm.WindowAnimator$1.doFrame(long) from WindowAnimator.java:121 waiters=1 for 263ms
12-09 07:41:01.231 D/AndroidRuntime( 4994): >>>>>> START com.android.internal.os.RuntimeInit uid 0 <<<<<<
12-09 07:41:01.233 D/AndroidRuntime( 4994): CheckJNI is ON
12-09 07:41:01.238 W/art     ( 1591): Long monitor contention event with owner method=void com.android.server.wm.WindowAnimator$1.doFrame(long) from WindowAnimator.java:121 waiters=2 for 283ms
12-09 07:41:01.270 D/ICU     ( 4994): No timezone override file found: /data/misc/zoneinfo/current/icu/icu_tzdata.dat
12-09 07:41:01.384 W/art     ( 1591): Long monitor contention event with owner method=void com.android.server.wm.WindowAnimator$1.doFrame(long) from WindowAnimator.java:121 waiters=2 for 388ms
12-09 07:41:01.556 W/art     ( 1591): Long monitor contention event with owner method=void com.android.server.wm.WindowAnimator$1.doFrame(long) from WindowAnimator.java:121 waiters=2 for 427ms
12-09 07:41:01.564 E/memtrack( 4994): Couldn't load memtrack module (No such file or directory)
12-09 07:41:01.564 E/android.os.Debug( 4994): failed to load memtrack module: -2
12-09 07:41:01.565 I/Radio-JNI( 4994): register_android_hardware_Radio DONE
12-09 07:41:01.602 D/AndroidRuntime( 4994): Calling main entry com.android.commands.am.Am
12-09 07:41:01.697 W/art     ( 1591): Long monitor contention event with owner method=void com.android.server.wm.WindowAnimator$1.doFrame(long) from WindowAnimator.java:121 waiters=3 for 529ms
12-09 07:41:01.784 W/art     ( 1591): Long monitor contention event with owner method=void com.android.server.wm.WindowAnimator$1.doFrame(long) from WindowAnimator.java:121 waiters=3 for 545ms
12-09 07:41:01.837 W/art     ( 1591): Long monitor contention event with owner method=void com.android.server.wm.WindowAnimator$1.doFrame(long) from WindowAnimator.java:121 waiters=3 for 453ms
12-09 07:41:01.936 W/art     ( 1591): Long monitor contention event with owner method=void com.android.server.wm.WindowAnimator$1.doFrame(long) from WindowAnimator.java:121 waiters=3 for 380ms
12-09 07:41:02.103 W/art     ( 1591): Long monitor contention event with owner method=void com.android.server.wm.WindowAnimator$1.doFrame(long) from WindowAnimator.java:121 waiters=3 for 405ms
12-09 07:41:02.201 W/art     ( 1591): Long monitor contention event with owner method=void com.android.server.wm.WindowAnimator$1.doFrame(long) from WindowAnimator.java:121 waiters=3 for 363ms
12-09 07:41:02.277 W/art     ( 1591): Long monitor contention event with owner method=void com.android.server.wm.WindowAnimator$1.doFrame(long) from WindowAnimator.java:121 waiters=3 for 341ms
12-09 07:41:03.403 W/SurfaceFlinger( 1219): Timed out waiting for hw vsync; faking it
12-09 07:41:03.424 W/art     ( 1591): Long monitor contention event with owner method=void com.android.server.wm.WindowAnimator$1.doFrame(long) from WindowAnimator.java:121 waiters=3 for 1.287s
12-09 07:41:03.424 W/art     ( 1591): Long monitor contention event with owner method=void com.android.server.wm.WindowAnimator$1.doFrame(long) from WindowAnimator.java:121 waiters=3 for 1.223s
12-09 07:41:03.425 W/art     ( 1591): Long monitor contention event with owner method=void com.android.server.wm.WindowAnimator$1.doFrame(long) from WindowAnimator.java:121 waiters=3 for 1.147s
12-09 07:41:03.425 W/art     ( 1591): Long monitor contention event with owner method=void com.android.server.wm.WindowAnimator$1.doFrame(long) from WindowAnimator.java:121 waiters=3 for 1.021s
12-09 07:41:03.431 W/art     ( 1591): Long monitor contention event with owner method=void com.android.server.am.ActivityManagerService.activityDestroyed(android.os.IBinder) from ActivityManagerService.java:6475 waiters=0 for 2.292s
12-09 07:41:03.431 W/art     ( 1591): Long monitor contention event with owner method=void com.android.server.am.ActivityManagerService.activityDestroyed(android.os.IBinder) from ActivityManagerService.java:6475 waiters=1 for 2.265s
12-09 07:41:03.432 W/art     ( 1591): Long monitor contention event with owner method=void com.android.server.am.ActivityManagerService.activityDestroyed(android.os.IBinder) from ActivityManagerService.java:6475 waiters=2 for 1.807s
12-09 07:41:03.543 I/ActivityManager( 1591): Force stopping com.evancharlton.mileage appid=10117 user=0: start instr
12-09 07:41:03.543 I/ActivityManager( 1591): Killing 4925:com.evancharlton.mileage/u0a117 (adj 0): stop com.evancharlton.mileage
12-09 07:41:03.672 I/Choreographer( 1958): Skipped 162 frames!  The application may be doing too much work on its main thread.
12-09 07:41:03.794 I/WindowState( 1591): WIN DEATH: Window{68b8450 u0 com.evancharlton.mileage/com.evancharlton.mileage.Mileage EXITING}
12-09 07:41:03.796 I/WindowState( 1591): WIN DEATH: Window{f512098 u0 Toast EXITING}
12-09 07:41:04.423 W/SurfaceFlinger( 1219): Timed out waiting for hw vsync; faking it
12-09 07:41:05.690 W/SurfaceFlinger( 1219): Timed out waiting for hw vsync; faking it
12-09 07:41:05.696 D/EGL_emulation( 1870): eglMakeCurrent: 0x7fe594cb46e0: ver 2 0 (tinfo 0x7fe594c82d80)
12-09 07:41:05.697 E/Surface ( 1870): getSlotFromBufferLocked: unknown buffer: 0x7fe594cb5040
12-09 07:41:05.709 W/OpenGLRenderer( 1958): Incorrectly called buildLayer on View: ShortcutAndWidgetContainer, destroying layer...
12-09 07:41:05.747 W/ActivityManager( 1591): Crash of app com.evancharlton.mileage running instrumentation ComponentInfo{com.evancharlton.mileage.test/sh.calaba.instrumentationbackend.CalabashInstrumentationTestRunner}
12-09 07:41:05.747 I/ActivityManager( 1591): Force stopping com.evancharlton.mileage appid=10117 user=0: finished inst
12-09 07:41:05.759 I/ActivityManager( 1591): Start proc 5003:com.evancharlton.mileage/u0a117 for added application com.evancharlton.mileage
12-09 07:41:05.759 D/AndroidRuntime( 4994): Shutting down VM
12-09 07:41:05.762 W/art     ( 1591): Long monitor contention event with owner method=boolean com.android.server.am.ActivityManagerService.startInstrumentation(android.content.ComponentName, java.lang.String, int, android.os.Bundle, android.app.IInstrumentationWatcher, android.app.IUiAutomationConnection, int, java.lang.String) from ActivityManagerService.java:17066 waiters=0 for 2.216s
12-09 07:41:05.762 W/art     ( 1591): Long monitor contention event with owner method=boolean com.android.server.am.ActivityManagerService.startInstrumentation(android.content.ComponentName, java.lang.String, int, android.os.Bundle, android.app.IInstrumentationWatcher, android.app.IUiAutomationConnection, int, java.lang.String) from ActivityManagerService.java:17066 waiters=2 for 1.967s
12-09 07:41:05.762 W/ActivityManager( 1591): Spurious death for ProcessRecord{1bfb1ba 0:com.evancharlton.mileage/u0a117}, curProc for 4925: null
12-09 07:41:05.763 W/art     ( 1591): Long monitor contention event with owner method=boolean com.android.server.am.ActivityManagerService.startInstrumentation(android.content.ComponentName, java.lang.String, int, android.os.Bundle, android.app.IInstrumentationWatcher, android.app.IUiAutomationConnection, int, java.lang.String) from ActivityManagerService.java:17066 waiters=3 for 1.952s
12-09 07:41:05.763 W/art     ( 1591): Long monitor contention event with owner method=boolean com.android.server.am.ActivityManagerService.startInstrumentation(android.content.ComponentName, java.lang.String, int, android.os.Bundle, android.app.IInstrumentationWatcher, android.app.IUiAutomationConnection, int, java.lang.String) from ActivityManagerService.java:17066 waiters=4 for 1.869s
12-09 07:41:05.764 W/WindowAnimator( 1591): Failed to dispatch window animation state change.
12-09 07:41:05.764 W/WindowAnimator( 1591): android.os.DeadObjectException
12-09 07:41:05.764 W/WindowAnimator( 1591): 	at android.os.BinderProxy.transactNative(Native Method)
12-09 07:41:05.764 W/WindowAnimator( 1591): 	at android.os.BinderProxy.transact(Binder.java:503)
12-09 07:41:05.764 W/WindowAnimator( 1591): 	at android.view.IWindow$Stub$Proxy.onAnimationStarted(IWindow.java:520)
12-09 07:41:05.764 W/WindowAnimator( 1591): 	at com.android.server.wm.WindowAnimator.updateWindowsLocked(WindowAnimator.java:282)
12-09 07:41:05.764 W/WindowAnimator( 1591): 	at com.android.server.wm.WindowAnimator.animateLocked(WindowAnimator.java:678)
12-09 07:41:05.764 W/WindowAnimator( 1591): 	at com.android.server.wm.WindowAnimator.-wrap0(WindowAnimator.java)
12-09 07:41:05.764 W/WindowAnimator( 1591): 	at com.android.server.wm.WindowAnimator$1.doFrame(WindowAnimator.java:123)
12-09 07:41:05.764 W/WindowAnimator( 1591): 	at android.view.Choreographer$CallbackRecord.run(Choreographer.java:856)
12-09 07:41:05.764 W/WindowAnimator( 1591): 	at android.view.Choreographer.doCallbacks(Choreographer.java:670)
12-09 07:41:05.764 W/WindowAnimator( 1591): 	at android.view.Choreographer.doFrame(Choreographer.java:603)
12-09 07:41:05.764 W/WindowAnimator( 1591): 	at android.view.Choreographer$FrameDisplayEventReceiver.run(Choreographer.java:844)
12-09 07:41:05.764 W/WindowAnimator( 1591): 	at android.os.Handler.handleCallback(Handler.java:739)
12-09 07:41:05.764 W/WindowAnimator( 1591): 	at android.os.Handler.dispatchMessage(Handler.java:95)
12-09 07:41:05.764 W/WindowAnimator( 1591): 	at android.os.Looper.loop(Looper.java:148)
12-09 07:41:05.764 W/WindowAnimator( 1591): 	at android.os.HandlerThread.run(HandlerThread.java:61)
12-09 07:41:05.764 W/WindowAnimator( 1591): 	at com.android.server.ServiceThread.run(ServiceThread.java:46)
12-09 07:41:05.766 W/art     ( 1591): Long monitor contention event with owner method=boolean com.android.server.am.ActivityManagerService.startInstrumentation(android.content.ComponentName, java.lang.String, int, android.os.Bundle, android.app.IInstrumentationWatcher, android.app.IUiAutomationConnection, int, java.lang.String) from ActivityManagerService.java:17066 waiters=1 for 2.114s
12-09 07:41:05.766 W/art     ( 1591): Long monitor contention event with owner method=boolean com.android.server.am.ActivityManagerService.startInstrumentation(android.content.ComponentName, java.lang.String, int, android.os.Bundle, android.app.IInstrumentationWatcher, android.app.IUiAutomationConnection, int, java.lang.String) from ActivityManagerService.java:17066 waiters=5 for 1.834s
12-09 07:41:05.807 W/System  ( 5003): ClassLoader referenced unknown path: /data/app/com.evancharlton.mileage.test-1/lib/x86_64
12-09 07:41:05.807 W/System  ( 5003): ClassLoader referenced unknown path: /data/app/com.evancharlton.mileage-1/lib/x86_64
12-09 07:41:05.838 I/System.out( 5003): Main activity name automatically set to: com.evancharlton.mileage.Mileage
12-09 07:41:05.839 I/System.out( 5003): Calabash did not load Mono. This is only a problem if you are trying to test a Mono application
12-09 07:41:05.839 I/calabash( 5003): Test server port: 7102
12-09 07:41:05.840 I/InstrumentationBackend( 5003): Added:'GetPreferences', with key:'get_preferences'
12-09 07:41:05.870 I/InstrumentationBackend( 5003): Added:'SetPreferences', with key:'set_preferences'
12-09 07:41:05.878 I/InstrumentationBackend( 5003): Added:'ClearPreferences', with key:'clear_preferences'
12-09 07:41:05.878 I/InstrumentationBackend( 5003): Added:'PressElement', with key:'press_l10n_element'
12-09 07:41:05.878 I/InstrumentationBackend( 5003): Added:'WaitForElement', with key:'wait_for_l10n_element'
12-09 07:41:05.879 I/InstrumentationBackend( 5003): Added:'NullAction', with key:'nullAction'
12-09 07:41:05.879 I/InstrumentationBackend( 5003): Added:'PressKey', with key:'press_key'
12-09 07:41:05.879 I/InstrumentationBackend( 5003): Added:'SetActivityOrientation', with key:'set_activity_orientation'
12-09 07:41:05.879 I/InstrumentationBackend( 5003): Added:'GetActivityOrientation', with key:'get_activity_orientation'
12-09 07:41:05.880 I/InstrumentationBackend( 5003): Added:'FakeGPSLocation', with key:'set_gps_coordinates'
12-09 07:41:05.880 I/InstrumentationBackend( 5003): Added:'SetPropertyByCssSelector', with key:'set_property_by_css_selector'
12-09 07:41:05.880 I/InstrumentationBackend( 5003): Added:'GetUrl', with key:'get_url'
12-09 07:41:05.881 I/InstrumentationBackend( 5003): Added:'ScrollTo', with key:'scroll_to'
12-09 07:41:05.881 I/InstrumentationBackend( 5003): Added:'GetLoadProgress', with key:'get_load_progress'
12-09 07:41:05.881 I/InstrumentationBackend( 5003): Added:'DumpHtml', with key:'dump_html'
12-09 07:41:05.881 I/InstrumentationBackend( 5003): Added:'DumpBodyHtml', with key:'dump_body_html'
12-09 07:41:05.881 I/InstrumentationBackend( 5003): Added:'EnterTextByCssSelector', with key:'enter_text_by_selector'
12-09 07:41:05.883 I/InstrumentationBackend( 5003): Added:'AndroidSDKVersion', with key:'android_sdk_version'
12-09 07:41:05.883 I/InstrumentationBackend( 5003): Added:'Version', with key:'version'
12-09 07:41:05.883 I/InstrumentationBackend( 5003): Added:'Drag', with key:'drag'
12-09 07:41:05.883 I/InstrumentationBackend( 5003): Added:'TouchCoordinates', with key:'touch_coordinate'
12-09 07:41:05.883 I/InstrumentationBackend( 5003): Added:'LongPressCoordinate', with key:'long_press_coordinate'
12-09 07:41:05.883 I/InstrumentationBackend( 5003): Added:'DragCoordinates', with key:'drag_coordinates'
12-09 07:41:05.883 I/InstrumentationBackend( 5003): Added:'ResumeApplication', with key:'resume_application'
12-09 07:41:05.884 I/InstrumentationBackend( 5003): Added:'Swipe', with key:'swipe'
12-09 07:41:05.884 I/InstrumentationBackend( 5003): Added:'DoubleTapCoordinate', with key:'double_tap_coordinate'
12-09 07:41:05.884 I/InstrumentationBackend( 5003): Added:'ClickOnScreen', with key:'click_on_screen'
12-09 07:41:05.884 I/InstrumentationBackend( 5003): Added:'GetActivityName', with key:'get_activity_name'
12-09 07:41:05.884 I/InstrumentationBackend( 5003): Added:'ScrollToView', with key:'scroll_to_view'
12-09 07:41:05.885 I/InstrumentationBackend( 5003): Added:'ViewConfiguration', with key:'view_configuration'
12-09 07:41:05.885 I/InstrumentationBackend( 5003): Added:'IsCurrentActivityFocused', with key:'is_current_activity_focused'
12-09 07:41:05.885 I/InstrumentationBackend( 5003): Added:'SendTcp', with key:'send_tcp'
12-09 07:41:05.885 I/InstrumentationBackend( 5003): Added:'DpToDevicePixel', with key:'dp_to_device_pixel'
12-09 07:41:05.885 I/InstrumentationBackend( 5003): Added:'KeyboardEnterText', with key:'keyboard_enter_text'
12-09 07:41:05.887 I/InstrumentationBackend( 5003): Added:'DeleteSurroundingText', with key:'delete_surrounding_text'
12-09 07:41:05.902 I/InstrumentationBackend( 5003): Added:'SetComposingRegion', with key:'set_composing_region'
12-09 07:41:05.902 I/InstrumentationBackend( 5003): Added:'SetSelection', with key:'set_selection'
12-09 07:41:05.903 I/InstrumentationBackend( 5003): Added:'KeyboardKeyEvent', with key:'keyboard_key_event'
12-09 07:41:05.903 I/InstrumentationBackend( 5003): Added:'PressUserActionButton', with key:'press_user_action_button'
12-09 07:41:05.903 I/InstrumentationBackend( 5003): Added:'HideSoftKeyboard', with key:'hide_soft_keyboard'
12-09 07:41:05.903 I/InstrumentationBackend( 5003): Added:'ListActions', with key:'list_actions'
12-09 07:41:05.904 I/calabash( 5003): Instantiating http server at 7102
12-09 07:41:05.904 I/System.out( 5003): HTTP Daemon listening on: 7102
12-09 07:41:06.046 I/System.out( 5003): URI: //ping
12-09 07:41:06.047 I/System.out( 5003): params: {json={}
12-09 07:41:06.047 I/System.out( 5003): }
12-09 07:41:06.106 I/System.out( 5003): URI: //ping
12-09 07:41:06.106 I/System.out( 5003): params: {json={}
12-09 07:41:06.106 I/System.out( 5003): }
12-09 07:41:06.172 I/System.out( 5003): URI: //ready
12-09 07:41:06.172 I/System.out( 5003): params: {json={}
12-09 07:41:06.172 I/System.out( 5003): }
12-09 07:41:06.346 I/System.out( 5003): URI: //
12-09 07:41:06.347 I/System.out( 5003): params: {json={"command":"version","arguments":[]}
12-09 07:41:06.347 I/System.out( 5003): }
12-09 07:41:06.347 I/System.out( 5003): header: {date=Sun, 09 Dec 2018 07:41:06 GMT, accept=*/*, content-length=36, host=127.0.0.1:34777, user-agent=HTTPClient/1.0 (2.8.3, ruby 2.3.1 (2016-04-26)), content-type=application/json;charset=utf-8}
12-09 07:41:06.347 I/System.out( 5003): params: {json={"command":"version","arguments":[]}
12-09 07:41:06.347 I/System.out( 5003): }
12-09 07:41:06.347 I/System.out( 5003): ProP json = {"command":"version","arguments":[]}
12-09 07:41:06.347 I/System.out( 5003): files: {}
12-09 07:41:06.347 I/System.out( 5003): command: {"command":"version","arguments":[]}
12-09 07:41:06.431 I/InstrumentationBackend( 5003): Got command:'Command:'Line:null,version', arguments:'[]'
12-09 07:41:06.671 I/System.out( 5003): result:{"bonusInformation":[],"message":"0.9.8","success":true}
12-09 07:41:06.774 W/SurfaceFlinger( 1219): Timed out waiting for hw vsync; faking it
12-09 07:41:06.806 W/SurfaceFlinger( 1219): Timed out waiting for hw vsync; faking it
12-09 07:41:06.807 W/WindowAnimator( 1591): Failed to dispatch window animation state change.
12-09 07:41:06.807 W/WindowAnimator( 1591): android.os.DeadObjectException
12-09 07:41:06.807 W/WindowAnimator( 1591): 	at android.os.BinderProxy.transactNative(Native Method)
12-09 07:41:06.807 W/WindowAnimator( 1591): 	at android.os.BinderProxy.transact(Binder.java:503)
12-09 07:41:06.807 W/WindowAnimator( 1591): 	at android.view.IWindow$Stub$Proxy.onAnimationStopped(IWindow.java:534)
12-09 07:41:06.807 W/WindowAnimator( 1591): 	at com.android.server.wm.WindowAnimator.updateWindowsLocked(WindowAnimator.java:286)
12-09 07:41:06.807 W/WindowAnimator( 1591): 	at com.android.server.wm.WindowAnimator.animateLocked(WindowAnimator.java:678)
12-09 07:41:06.807 W/WindowAnimator( 1591): 	at com.android.server.wm.WindowAnimator.-wrap0(WindowAnimator.java)
12-09 07:41:06.807 W/WindowAnimator( 1591): 	at com.android.server.wm.WindowAnimator$1.doFrame(WindowAnimator.java:123)
12-09 07:41:06.807 W/WindowAnimator( 1591): 	at android.view.Choreographer$CallbackRecord.run(Choreographer.java:856)
12-09 07:41:06.807 W/WindowAnimator( 1591): 	at android.view.Choreographer.doCallbacks(Choreographer.java:670)
12-09 07:41:06.807 W/WindowAnimator( 1591): 	at android.view.Choreographer.doFrame(Choreographer.java:603)
12-09 07:41:06.807 W/WindowAnimator( 1591): 	at android.view.Choreographer$FrameDisplayEventReceiver.run(Choreographer.java:844)
12-09 07:41:06.807 W/WindowAnimator( 1591): 	at android.os.Handler.handleCallback(Handler.java:739)
12-09 07:41:06.807 W/WindowAnimator( 1591): 	at android.os.Handler.dispatchMessage(Handler.java:95)
12-09 07:41:06.807 W/WindowAnimator( 1591): 	at android.os.Looper.loop(Looper.java:148)
12-09 07:41:06.807 W/WindowAnimator( 1591): 	at android.os.HandlerThread.run(HandlerThread.java:61)
12-09 07:41:06.807 W/WindowAnimator( 1591): 	at com.android.server.ServiceThread.run(ServiceThread.java:46)
12-09 07:41:06.850 I/System.out( 5003): URI: //start-application
12-09 07:41:06.851 I/System.out( 5003): params: {json={"intent":null}
12-09 07:41:06.851 I/System.out( 5003): }
12-09 07:41:06.918 I/art     ( 5003): Background sticky concurrent mark sweep GC freed 21609(1171KB) AllocSpace objects, 7(140KB) LOS objects, 41% free, 2MB/3MB, paused 928us total 739.689ms
12-09 07:41:06.992 I/ActivityManager( 1591): START u0 {act=android.intent.action.MAIN cat=[android.intent.category.LAUNCHER] flg=0x10200000 cmp=com.evancharlton.mileage/.Mileage} from uid 10117 on display 0
12-09 07:41:07.002 W/WindowState( 1591): Failed to report 'resized' to the client of Window{f512098 u0 Toast EXITING}, removing this window.
12-09 07:41:07.127 I/calabash( 5003): newActivity1
12-09 07:41:07.197 I/calabash( 5003): newActivity1
12-09 07:41:07.275 W/ActivityManager( 1591): Bad activity token: android.os.BinderProxy@78d299d
12-09 07:41:07.275 W/ActivityManager( 1591): java.lang.ClassCastException: android.os.BinderProxy cannot be cast to com.android.server.am.ActivityRecord$Token
12-09 07:41:07.275 W/ActivityManager( 1591): 	at com.android.server.am.ActivityRecord.forTokenLocked(ActivityRecord.java:424)
12-09 07:41:07.275 W/ActivityManager( 1591): 	at com.android.server.am.ActivityRecord.isInStackLocked(ActivityRecord.java:1121)
12-09 07:41:07.275 W/ActivityManager( 1591): 	at com.android.server.am.ActivityRecord.getStackLocked(ActivityRecord.java:1126)
12-09 07:41:07.275 W/ActivityManager( 1591): 	at com.android.server.am.ActivityManagerService.getActivityDisplayId(ActivityManagerService.java:8889)
12-09 07:41:07.275 W/ActivityManager( 1591): 	at android.app.ActivityManagerNative.onTransact(ActivityManagerNative.java:2338)
12-09 07:41:07.275 W/ActivityManager( 1591): 	at com.android.server.am.ActivityManagerService.onTransact(ActivityManagerService.java:2443)
12-09 07:41:07.275 W/ActivityManager( 1591): 	at android.os.Binder.execTransact(Binder.java:453)
12-09 07:41:07.275 W/ActivityManager( 1591): Bad activity token: android.os.BinderProxy@78d299d
12-09 07:41:07.275 W/ActivityManager( 1591): java.lang.ClassCastException: android.os.BinderProxy cannot be cast to com.android.server.am.ActivityRecord$Token
12-09 07:41:07.275 W/ActivityManager( 1591): 	at com.android.server.am.ActivityRecord.forTokenLocked(ActivityRecord.java:424)
12-09 07:41:07.275 W/ActivityManager( 1591): 	at com.android.server.am.ActivityRecord.isInStackLocked(ActivityRecord.java:1121)
12-09 07:41:07.275 W/ActivityManager( 1591): 	at com.android.server.am.ActivityManagerService.setTaskDescription(ActivityManagerService.java:8547)
12-09 07:41:07.275 W/ActivityManager( 1591): 	at android.app.ActivityManagerNative.onTransact(ActivityManagerNative.java:2410)
12-09 07:41:07.275 W/ActivityManager( 1591): 	at com.android.server.am.ActivityManagerService.onTransact(ActivityManagerService.java:2443)
12-09 07:41:07.275 W/ActivityManager( 1591): 	at android.os.Binder.execTransact(Binder.java:453)
12-09 07:41:07.293 I/art     ( 5003): Background partial concurrent mark sweep GC freed 33177(1773KB) AllocSpace objects, 8(160KB) LOS objects, 41% free, 1456KB/2MB, paused 4.997ms total 135.151ms
12-09 07:41:07.315 D/gralloc_ranchu( 1219): gralloc_alloc: Creating ashmem region of size 3686400
12-09 07:41:07.413 W/ActivityManager( 1591): Bad activity token: android.os.BinderProxy@78d299d
12-09 07:41:07.413 W/ActivityManager( 1591): java.lang.ClassCastException: android.os.BinderProxy cannot be cast to com.android.server.am.ActivityRecord$Token
12-09 07:41:07.413 W/ActivityManager( 1591): 	at com.android.server.am.ActivityRecord.forTokenLocked(ActivityRecord.java:424)
12-09 07:41:07.413 W/ActivityManager( 1591): 	at com.android.server.am.ActivityRecord.isInStackLocked(ActivityRecord.java:1121)
12-09 07:41:07.413 W/ActivityManager( 1591): 	at com.android.server.am.ActivityManagerService.getActivityOptions(ActivityManagerService.java:11038)
12-09 07:41:07.413 W/ActivityManager( 1591): 	at android.app.ActivityManagerNative.onTransact(ActivityManagerNative.java:1734)
12-09 07:41:07.413 W/ActivityManager( 1591): 	at com.android.server.am.ActivityManagerService.onTransact(ActivityManagerService.java:2443)
12-09 07:41:07.413 W/ActivityManager( 1591): 	at android.os.Binder.execTransact(Binder.java:453)
12-09 07:41:07.413 W/ActivityManager( 1591): Bad activity token: android.os.BinderProxy@78d299d
12-09 07:41:07.413 W/ActivityManager( 1591): java.lang.ClassCastException: android.os.BinderProxy cannot be cast to com.android.server.am.ActivityRecord$Token
12-09 07:41:07.413 W/ActivityManager( 1591): 	at com.android.server.am.ActivityRecord.forTokenLocked(ActivityRecord.java:424)
12-09 07:41:07.413 W/ActivityManager( 1591): 	at com.android.server.am.ActivityRecord.isInStackLocked(ActivityRecord.java:1121)
12-09 07:41:07.413 W/ActivityManager( 1591): 	at com.android.server.am.ActivityManagerService.getActivityOptions(ActivityManagerService.java:11038)
12-09 07:41:07.413 W/ActivityManager( 1591): 	at android.app.ActivityManagerNative.onTransact(ActivityManagerNative.java:1734)
12-09 07:41:07.413 W/ActivityManager( 1591): 	at com.android.server.am.ActivityManagerService.onTransact(ActivityManagerService.java:2443)
12-09 07:41:07.413 W/ActivityManager( 1591): 	at android.os.Binder.execTransact(Binder.java:453)
12-09 07:41:07.459 V/PhoneStatusBar( 1683): setLightsOn(true)
12-09 07:41:07.574 D/EGL_emulation( 1958): eglMakeCurrent: 0x7fe594cb4dc0: ver 2 0 (tinfo 0x7fe594c82fa0)
12-09 07:41:07.606 E/Surface ( 1958): getSlotFromBufferLocked: unknown buffer: 0x7fe594cb59a0
12-09 07:41:07.851 D/gralloc_ranchu( 1219): gralloc_alloc: Creating ashmem region of size 3686400
12-09 07:41:07.895 D/        ( 5003): HostConnection::get() New Host Connection established 0x7fe592c05d80, tid 5003
12-09 07:41:08.382 W/art     ( 1591): Long monitor contention event with owner method=void com.android.server.wm.WindowManagerService$H.handleMessage(android.os.Message) from WindowManagerService.java:7820 waiters=1 for 162ms
12-09 07:41:08.482 D/gralloc_ranchu( 1219): gralloc_alloc: Creating ashmem region of size 3686400
12-09 07:41:08.627 I/ActivityManager( 1591): Displayed com.evancharlton.mileage/.Mileage: +1s598ms
12-09 07:41:08.829 D/gralloc_ranchu( 1219): gralloc_alloc: Creating ashmem region of size 3686400
12-09 07:41:08.830 I/art     ( 5003): Background sticky concurrent mark sweep GC freed 12661(734KB) AllocSpace objects, 0(0B) LOS objects, 15% free, 2MB/2MB, paused 1.780ms total 143.988ms
12-09 07:41:09.853 I/System.out( 5003): URI: //map
12-09 07:41:09.853 I/System.out( 5003): params: {json={"query":"android.widget.EditText id:'price'","operation":{"method_name":"query","arguments":[]}}
12-09 07:41:09.853 I/System.out( 5003): }
12-09 07:41:10.038 W/ResourceType( 5003): No package identifier when getting name for resource number 0x00000001
12-09 07:41:10.134 I/art     ( 5003): Background partial concurrent mark sweep GC freed 15925(778KB) AllocSpace objects, 3(60KB) LOS objects, 40% free, 3MB/6MB, paused 1.991ms total 276.170ms
12-09 07:41:10.187 I/System.out( 5003): URI: //gesture
12-09 07:41:10.187 I/System.out( 5003): params: {json={"query_timeout":5.0,"gestures":[{"query_string":"android.widget.EditText id:'price'","touches":[{"x":50,"y":50,"offset_x":0,"offset_y":0,"wait":0.0,"time":0.2,"release":true,"query_string":null}]}]}
12-09 07:41:10.187 I/System.out( 5003): }
12-09 07:41:10.223 W/ResourceType( 5003): No package identifier when getting name for resource number 0x00000001
12-09 07:41:10.855 I/LatinIME( 1870): Starting input. Cursor position = 0,0
12-09 07:41:10.989 I/art     ( 5003): Background sticky concurrent mark sweep GC freed 77518(3MB) AllocSpace objects, 3(60KB) LOS objects, 62% free, 2MB/6MB, paused 9.525ms total 161.054ms
12-09 07:41:11.119 D/EGL_emulation( 1870): eglMakeCurrent: 0x7fe594cb46e0: ver 2 0 (tinfo 0x7fe594c82d80)
12-09 07:41:11.400 I/System.out( 5003): URI: //
12-09 07:41:11.400 I/System.out( 5003): params: {json={"command":"set_selection","arguments":[-1,-1]}
12-09 07:41:11.401 I/System.out( 5003): }
12-09 07:41:11.401 I/System.out( 5003): header: {date=Sun, 09 Dec 2018 07:41:11 GMT, accept=*/*, content-length=47, host=127.0.0.1:34777, user-agent=HTTPClient/1.0 (2.8.3, ruby 2.3.1 (2016-04-26)), content-type=application/json;charset=utf-8}
12-09 07:41:11.401 I/System.out( 5003): params: {json={"command":"set_selection","arguments":[-1,-1]}
12-09 07:41:11.401 I/System.out( 5003): }
12-09 07:41:11.401 I/System.out( 5003): ProP json = {"command":"set_selection","arguments":[-1,-1]}
12-09 07:41:11.401 I/System.out( 5003): files: {}
12-09 07:41:11.401 I/System.out( 5003): command: {"command":"set_selection","arguments":[-1,-1]}
12-09 07:41:11.410 I/InstrumentationBackend( 5003): Got command:'Command:'Line:null,set_selection', arguments:'[-1, -1]'
12-09 07:41:11.456 I/System.out( 5003): result:{"bonusInformation":[],"message":"","success":true}
12-09 07:41:11.790 I/System.out( 5003): URI: //
12-09 07:41:11.790 I/System.out( 5003): params: {json={"command":"keyboard_enter_text","arguments":["23"]}
12-09 07:41:11.790 I/System.out( 5003): }
12-09 07:41:11.790 I/System.out( 5003): header: {date=Sun, 09 Dec 2018 07:41:12 GMT, accept=*/*, content-length=52, host=127.0.0.1:34777, user-agent=HTTPClient/1.0 (2.8.3, ruby 2.3.1 (2016-04-26)), content-type=application/json;charset=utf-8}
12-09 07:41:11.790 I/System.out( 5003): params: {json={"command":"keyboard_enter_text","arguments":["23"]}
12-09 07:41:11.790 I/System.out( 5003): }
12-09 07:41:11.790 I/System.out( 5003): ProP json = {"command":"keyboard_enter_text","arguments":["23"]}
12-09 07:41:11.790 I/System.out( 5003): files: {}
12-09 07:41:11.791 I/System.out( 5003): command: {"command":"keyboard_enter_text","arguments":["23"]}
12-09 07:41:11.791 I/InstrumentationBackend( 5003): Got command:'Command:'Line:null,keyboard_enter_text', arguments:'[23]'
12-09 07:41:11.990 E/SpannableStringBuilder( 5003): SPAN_EXCLUSIVE_EXCLUSIVE spans cannot have a zero length
12-09 07:41:11.994 E/SpannableStringBuilder( 5003): SPAN_EXCLUSIVE_EXCLUSIVE spans cannot have a zero length
12-09 07:41:12.101 E/SpannableStringBuilder( 5003): SPAN_EXCLUSIVE_EXCLUSIVE spans cannot have a zero length
12-09 07:41:12.101 E/SpannableStringBuilder( 5003): SPAN_EXCLUSIVE_EXCLUSIVE spans cannot have a zero length
12-09 07:41:12.113 I/System.out( 5003): result:{"bonusInformation":[],"message":"","success":true}
12-09 07:41:12.763 E/SurfaceFlinger( 1219): ro.sf.lcd_density must be defined as a build property
12-09 07:41:12.804 D/gralloc_ranchu( 1219): gralloc_alloc: Creating ashmem region of size 3686400
12-09 07:41:12.815 D/        ( 5035): HostConnection::get() New Host Connection established 0x7fd0a0812480, tid 5035
12-09 07:41:12.839 E/EGL_emulation( 1219): tid 1219: eglCreateSyncKHR(1881): error 0x3004 (EGL_BAD_ATTRIBUTE)
12-09 07:41:13.711 I/System.out( 5003): URI: //map
12-09 07:41:13.711 I/System.out( 5003): params: {json={"query":"android.widget.EditText id:'volume'","operation":{"method_name":"query","arguments":[]}}
12-09 07:41:13.711 I/System.out( 5003): }
12-09 07:41:13.736 W/ResourceType( 5003): No package identifier when getting name for resource number 0x00000001
12-09 07:41:13.858 I/System.out( 5003): URI: //gesture
12-09 07:41:13.858 I/System.out( 5003): params: {json={"query_timeout":5.0,"gestures":[{"query_string":"android.widget.EditText id:'volume'","touches":[{"x":50,"y":50,"offset_x":0,"offset_y":0,"wait":0.0,"time":0.2,"release":true,"query_string":null}]}]}
12-09 07:41:13.858 I/System.out( 5003): }
12-09 07:41:13.929 W/ResourceType( 5003): No package identifier when getting name for resource number 0x00000001
12-09 07:41:13.965 I/art     ( 5003): Background sticky concurrent mark sweep GC freed 73479(3MB) AllocSpace objects, 10(200KB) LOS objects, 50% free, 2MB/6MB, paused 921us total 160.471ms
12-09 07:41:14.442 I/LatinIME( 1870): Starting input. Cursor position = 0,0
12-09 07:41:15.159 I/System.out( 5003): URI: //
12-09 07:41:15.159 I/System.out( 5003): params: {json={"command":"set_selection","arguments":[-1,-1]}
12-09 07:41:15.159 I/System.out( 5003): }
12-09 07:41:15.159 I/System.out( 5003): header: {date=Sun, 09 Dec 2018 07:41:15 GMT, accept=*/*, content-length=47, host=127.0.0.1:34777, user-agent=HTTPClient/1.0 (2.8.3, ruby 2.3.1 (2016-04-26)), content-type=application/json;charset=utf-8}
12-09 07:41:15.159 I/System.out( 5003): params: {json={"command":"set_selection","arguments":[-1,-1]}
12-09 07:41:15.159 I/System.out( 5003): }
12-09 07:41:15.159 I/System.out( 5003): ProP json = {"command":"set_selection","arguments":[-1,-1]}
12-09 07:41:15.159 I/System.out( 5003): files: {}
12-09 07:41:15.159 I/System.out( 5003): command: {"command":"set_selection","arguments":[-1,-1]}
12-09 07:41:15.160 I/InstrumentationBackend( 5003): Got command:'Command:'Line:null,set_selection', arguments:'[-1, -1]'
12-09 07:41:15.165 I/System.out( 5003): result:{"bonusInformation":[],"message":"","success":true}
12-09 07:41:15.518 I/System.out( 5003): URI: //
12-09 07:41:15.518 I/System.out( 5003): params: {json={"command":"keyboard_enter_text","arguments":["49"]}
12-09 07:41:15.518 I/System.out( 5003): }
12-09 07:41:15.518 I/System.out( 5003): header: {date=Sun, 09 Dec 2018 07:41:16 GMT, accept=*/*, content-length=52, host=127.0.0.1:34777, user-agent=HTTPClient/1.0 (2.8.3, ruby 2.3.1 (2016-04-26)), content-type=application/json;charset=utf-8}
12-09 07:41:15.518 I/System.out( 5003): params: {json={"command":"keyboard_enter_text","arguments":["49"]}
12-09 07:41:15.518 I/System.out( 5003): }
12-09 07:41:15.518 I/System.out( 5003): ProP json = {"command":"keyboard_enter_text","arguments":["49"]}
12-09 07:41:15.518 I/System.out( 5003): files: {}
12-09 07:41:15.518 I/System.out( 5003): command: {"command":"keyboard_enter_text","arguments":["49"]}
12-09 07:41:15.519 I/InstrumentationBackend( 5003): Got command:'Command:'Line:null,keyboard_enter_text', arguments:'[49]'
12-09 07:41:15.551 E/SpannableStringBuilder( 5003): SPAN_EXCLUSIVE_EXCLUSIVE spans cannot have a zero length
12-09 07:41:15.551 E/SpannableStringBuilder( 5003): SPAN_EXCLUSIVE_EXCLUSIVE spans cannot have a zero length
12-09 07:41:15.560 E/SpannableStringBuilder( 5003): SPAN_EXCLUSIVE_EXCLUSIVE spans cannot have a zero length
12-09 07:41:15.560 E/SpannableStringBuilder( 5003): SPAN_EXCLUSIVE_EXCLUSIVE spans cannot have a zero length
12-09 07:41:15.566 I/System.out( 5003): result:{"bonusInformation":[],"message":"","success":true}
12-09 07:41:16.289 E/SurfaceFlinger( 1219): ro.sf.lcd_density must be defined as a build property
12-09 07:41:16.290 D/gralloc_ranchu( 1219): gralloc_alloc: Creating ashmem region of size 3686400
12-09 07:41:16.303 D/        ( 5045): HostConnection::get() New Host Connection established 0x7f708c952480, tid 5045
12-09 07:41:16.323 E/EGL_emulation( 1219): tid 1219: eglCreateSyncKHR(1881): error 0x3004 (EGL_BAD_ATTRIBUTE)
12-09 07:41:17.325 I/System.out( 5003): URI: //map
12-09 07:41:17.325 I/System.out( 5003): params: {json={"query":"android.widget.EditText id:'odometer'","operation":{"method_name":"query","arguments":[]}}
12-09 07:41:17.325 I/System.out( 5003): }
12-09 07:41:17.346 W/ResourceType( 5003): No package identifier when getting name for resource number 0x00000001
12-09 07:41:17.507 I/System.out( 5003): URI: //gesture
12-09 07:41:17.507 I/System.out( 5003): params: {json={"query_timeout":5.0,"gestures":[{"query_string":"android.widget.EditText id:'odometer'","touches":[{"x":50,"y":50,"offset_x":0,"offset_y":0,"wait":0.0,"time":0.2,"release":true,"query_string":null}]}]}
12-09 07:41:17.507 I/System.out( 5003): }
12-09 07:41:17.589 I/art     ( 5003): Background sticky concurrent mark sweep GC freed 117842(5MB) AllocSpace objects, 11(220KB) LOS objects, 49% free, 3MB/6MB, paused 1.037ms total 263.019ms
12-09 07:41:17.731 W/ResourceType( 5003): No package identifier when getting name for resource number 0x00000001
12-09 07:41:18.171 I/LatinIME( 1870): Starting input. Cursor position = 0,0
12-09 07:41:18.778 I/System.out( 5003): URI: //
12-09 07:41:18.778 I/System.out( 5003): params: {json={"command":"set_selection","arguments":[-1,-1]}
12-09 07:41:18.779 I/System.out( 5003): }
12-09 07:41:18.779 I/System.out( 5003): header: {date=Sun, 09 Dec 2018 07:41:19 GMT, accept=*/*, content-length=47, host=127.0.0.1:34777, user-agent=HTTPClient/1.0 (2.8.3, ruby 2.3.1 (2016-04-26)), content-type=application/json;charset=utf-8}
12-09 07:41:18.779 I/System.out( 5003): params: {json={"command":"set_selection","arguments":[-1,-1]}
12-09 07:41:18.779 I/System.out( 5003): }
12-09 07:41:18.779 I/System.out( 5003): ProP json = {"command":"set_selection","arguments":[-1,-1]}
12-09 07:41:18.779 I/System.out( 5003): files: {}
12-09 07:41:18.779 I/System.out( 5003): command: {"command":"set_selection","arguments":[-1,-1]}
12-09 07:41:18.780 I/InstrumentationBackend( 5003): Got command:'Command:'Line:null,set_selection', arguments:'[-1, -1]'
12-09 07:41:18.805 I/System.out( 5003): result:{"bonusInformation":[],"message":"","success":true}
12-09 07:41:18.987 I/System.out( 5003): URI: //
12-09 07:41:18.987 I/System.out( 5003): params: {json={"command":"keyboard_enter_text","arguments":["12"]}
12-09 07:41:18.987 I/System.out( 5003): }
12-09 07:41:18.987 I/System.out( 5003): header: {date=Sun, 09 Dec 2018 07:41:19 GMT, accept=*/*, content-length=52, host=127.0.0.1:34777, user-agent=HTTPClient/1.0 (2.8.3, ruby 2.3.1 (2016-04-26)), content-type=application/json;charset=utf-8}
12-09 07:41:18.987 I/System.out( 5003): params: {json={"command":"keyboard_enter_text","arguments":["12"]}
12-09 07:41:18.987 I/System.out( 5003): }
12-09 07:41:18.987 I/System.out( 5003): ProP json = {"command":"keyboard_enter_text","arguments":["12"]}
12-09 07:41:18.987 I/System.out( 5003): files: {}
12-09 07:41:18.987 I/System.out( 5003): command: {"command":"keyboard_enter_text","arguments":["12"]}
12-09 07:41:18.989 I/InstrumentationBackend( 5003): Got command:'Command:'Line:null,keyboard_enter_text', arguments:'[12]'
12-09 07:41:18.989 E/SpannableStringBuilder( 5003): SPAN_EXCLUSIVE_EXCLUSIVE spans cannot have a zero length
12-09 07:41:18.989 E/SpannableStringBuilder( 5003): SPAN_EXCLUSIVE_EXCLUSIVE spans cannot have a zero length
12-09 07:41:18.991 E/SpannableStringBuilder( 5003): SPAN_EXCLUSIVE_EXCLUSIVE spans cannot have a zero length
12-09 07:41:18.991 E/SpannableStringBuilder( 5003): SPAN_EXCLUSIVE_EXCLUSIVE spans cannot have a zero length
12-09 07:41:19.023 I/System.out( 5003): result:{"bonusInformation":[],"message":"","success":true}
12-09 07:41:19.399 E/SurfaceFlinger( 1219): ro.sf.lcd_density must be defined as a build property
12-09 07:41:19.400 D/gralloc_ranchu( 1219): gralloc_alloc: Creating ashmem region of size 3686400
12-09 07:41:19.567 D/        ( 5055): HostConnection::get() New Host Connection established 0x7fde66352480, tid 5055
12-09 07:41:19.616 E/EGL_emulation( 1219): tid 1219: eglCreateSyncKHR(1881): error 0x3004 (EGL_BAD_ATTRIBUTE)
12-09 07:41:21.486 I/System.out( 5003): URI: //map
12-09 07:41:21.486 I/System.out( 5003): params: {json={"query":"android.widget.Button index:2","operation":{"method_name":"query","arguments":[]}}
12-09 07:41:21.487 I/System.out( 5003): }
12-09 07:41:21.629 I/System.out( 5003): URI: //gesture
12-09 07:41:21.629 I/System.out( 5003): params: {json={"query_timeout":5.0,"gestures":[{"query_string":"android.widget.Button index:2","touches":[{"x":50,"y":50,"offset_x":0,"offset_y":0,"wait":0.0,"time":0.2,"release":true,"query_string":null}]}]}
12-09 07:41:21.629 I/System.out( 5003): }
12-09 07:41:22.046 W/audio_hw_generic( 1308): Hardware backing HAL too slow, could only write 0 of 661 frames
12-09 07:41:22.323 W/audio_hw_generic( 1308): Not supplying enough data to HAL, expected position 4664492 , only wrote 4662694
12-09 07:41:22.324 W/audio_hw_generic( 1308): Not supplying enough data to HAL, expected position 4662700 , only wrote 4662694
12-09 07:41:22.339 W/audio_hw_generic( 1308): Not supplying enough data to HAL, expected position 4663384 , only wrote 4663355
12-09 07:41:22.374 I/calabash( 5003): newActivity1
12-09 07:41:22.378 W/ActivityManager( 1591): Bad activity token: android.os.BinderProxy@5daa82f
12-09 07:41:22.378 W/ActivityManager( 1591): java.lang.ClassCastException: android.os.BinderProxy cannot be cast to com.android.server.am.ActivityRecord$Token
12-09 07:41:22.378 W/ActivityManager( 1591): 	at com.android.server.am.ActivityRecord.forTokenLocked(ActivityRecord.java:424)
12-09 07:41:22.378 W/ActivityManager( 1591): 	at com.android.server.am.ActivityRecord.isInStackLocked(ActivityRecord.java:1121)
12-09 07:41:22.378 W/ActivityManager( 1591): 	at com.android.server.am.ActivityRecord.getStackLocked(ActivityRecord.java:1126)
12-09 07:41:22.378 W/ActivityManager( 1591): 	at com.android.server.am.ActivityManagerService.getActivityDisplayId(ActivityManagerService.java:8889)
12-09 07:41:22.378 W/ActivityManager( 1591): 	at android.app.ActivityManagerNative.onTransact(ActivityManagerNative.java:2338)
12-09 07:41:22.378 W/ActivityManager( 1591): 	at com.android.server.am.ActivityManagerService.onTransact(ActivityManagerService.java:2443)
12-09 07:41:22.378 W/ActivityManager( 1591): 	at android.os.Binder.execTransact(Binder.java:453)
12-09 07:41:22.379 W/ActivityManager( 1591): Bad activity token: android.os.BinderProxy@5daa82f
12-09 07:41:22.379 W/ActivityManager( 1591): java.lang.ClassCastException: android.os.BinderProxy cannot be cast to com.android.server.am.ActivityRecord$Token
12-09 07:41:22.379 W/ActivityManager( 1591): 	at com.android.server.am.ActivityRecord.forTokenLocked(ActivityRecord.java:424)
12-09 07:41:22.379 W/ActivityManager( 1591): 	at com.android.server.am.ActivityRecord.isInStackLocked(ActivityRecord.java:1121)
12-09 07:41:22.379 W/ActivityManager( 1591): 	at com.android.server.am.ActivityManagerService.setTaskDescription(ActivityManagerService.java:8547)
12-09 07:41:22.379 W/ActivityManager( 1591): 	at android.app.ActivityManagerNative.onTransact(ActivityManagerNative.java:2410)
12-09 07:41:22.379 W/ActivityManager( 1591): 	at com.android.server.am.ActivityManagerService.onTransact(ActivityManagerService.java:2443)
12-09 07:41:22.379 W/ActivityManager( 1591): 	at android.os.Binder.execTransact(Binder.java:453)
12-09 07:41:22.385 W/audio_hw_generic( 1308): Not supplying enough data to HAL, expected position 4665386 , only wrote 4664677
12-09 07:41:22.415 W/ActivityManager( 1591): Bad activity token: android.os.BinderProxy@5daa82f
12-09 07:41:22.415 W/ActivityManager( 1591): java.lang.ClassCastException: android.os.BinderProxy cannot be cast to com.android.server.am.ActivityRecord$Token
12-09 07:41:22.415 W/ActivityManager( 1591): 	at com.android.server.am.ActivityRecord.forTokenLocked(ActivityRecord.java:424)
12-09 07:41:22.415 W/ActivityManager( 1591): 	at com.android.server.am.ActivityRecord.isInStackLocked(ActivityRecord.java:1121)
12-09 07:41:22.415 W/ActivityManager( 1591): 	at com.android.server.am.ActivityManagerService.getActivityOptions(ActivityManagerService.java:11038)
12-09 07:41:22.415 W/ActivityManager( 1591): 	at android.app.ActivityManagerNative.onTransact(ActivityManagerNative.java:1734)
12-09 07:41:22.415 W/ActivityManager( 1591): 	at com.android.server.am.ActivityManagerService.onTransact(ActivityManagerService.java:2443)
12-09 07:41:22.415 W/ActivityManager( 1591): 	at android.os.Binder.execTransact(Binder.java:453)
12-09 07:41:22.415 W/ActivityManager( 1591): Bad activity token: android.os.BinderProxy@5daa82f
12-09 07:41:22.415 W/ActivityManager( 1591): java.lang.ClassCastException: android.os.BinderProxy cannot be cast to com.android.server.am.ActivityRecord$Token
12-09 07:41:22.415 W/ActivityManager( 1591): 	at com.android.server.am.ActivityRecord.forTokenLocked(ActivityRecord.java:424)
12-09 07:41:22.415 W/ActivityManager( 1591): 	at com.android.server.am.ActivityRecord.isInStackLocked(ActivityRecord.java:1121)
12-09 07:41:22.415 W/ActivityManager( 1591): 	at com.android.server.am.ActivityManagerService.getActivityOptions(ActivityManagerService.java:11038)
12-09 07:41:22.415 W/ActivityManager( 1591): 	at android.app.ActivityManagerNative.onTransact(ActivityManagerNative.java:1734)
12-09 07:41:22.415 W/ActivityManager( 1591): 	at com.android.server.am.ActivityManagerService.onTransact(ActivityManagerService.java:2443)
12-09 07:41:22.415 W/ActivityManager( 1591): 	at android.os.Binder.execTransact(Binder.java:453)
12-09 07:41:22.450 I/LatinIME( 1870): Starting input. Cursor position = -1,-1
12-09 07:41:22.454 E/SurfaceFlinger( 1219): ro.sf.lcd_density must be defined as a build property
12-09 07:41:22.455 D/gralloc_ranchu( 1219): gralloc_alloc: Creating ashmem region of size 3686400
12-09 07:41:22.589 D/Mileage.ABS( 5003): Finished backup
12-09 07:41:22.591 D/Mileage.ABS( 5003): Not backing up; 53
12-09 07:41:22.591 D/Mileage.ABS( 5003): Not backing up; 53
12-09 07:41:22.592 D/Mileage ( 5003): Not enough fillups to calculate economy
12-09 07:41:22.608 D/        ( 5061): HostConnection::get() New Host Connection established 0x7f7b543d2480, tid 5061
12-09 07:41:22.639 E/EGL_emulation( 1219): tid 1219: eglCreateSyncKHR(1881): error 0x3004 (EGL_BAD_ATTRIBUTE)
12-09 07:41:22.898 W/audio_hw_generic( 1308): Hardware backing HAL too slow, could only write 0 of 661 frames
12-09 07:41:22.912 W/audio_hw_generic( 1308): Hardware backing HAL too slow, could only write 0 of 661 frames
12-09 07:41:22.929 W/audio_hw_generic( 1308): Hardware backing HAL too slow, could only write 0 of 661 frames
12-09 07:41:23.128 I/InputAttributes( 1870): InputType.TYPE_NULL is specified
12-09 07:41:23.274 I/Choreographer( 1870): Skipped 49 frames!  The application may be doing too much work on its main thread.
12-09 07:41:23.526 W/audio_hw_generic( 1308): Not supplying enough data to HAL, expected position 4714994 , only wrote 4704998
12-09 07:41:23.526 W/audio_hw_generic( 1308): Not supplying enough data to HAL, expected position 4705004 , only wrote 4704998
12-09 07:41:23.543 D/EGL_emulation( 1870): eglMakeCurrent: 0x7fe594cb46e0: ver 2 0 (tinfo 0x7fe594c82d80)
12-09 07:41:23.551 E/Surface ( 1870): getSlotFromBufferLocked: unknown buffer: 0x7fe592c0a760
12-09 07:41:23.566 W/audio_hw_generic( 1308): Not supplying enough data to HAL, expected position 4706741 , only wrote 4706320
12-09 07:41:23.598 W/audio_hw_generic( 1308): Hardware backing HAL too slow, could only write 0 of 661 frames
12-09 07:41:23.614 W/audio_hw_generic( 1308): Hardware backing HAL too slow, could only write 0 of 661 frames
12-09 07:41:23.679 W/audio_hw_generic( 1308): Not supplying enough data to HAL, expected position 4711300 , only wrote 4710286
12-09 07:41:23.679 W/audio_hw_generic( 1308): Not supplying enough data to HAL, expected position 4710293 , only wrote 4710286
12-09 07:41:23.698 I/System.out( 5003): URI: //gesture
12-09 07:41:23.698 I/System.out( 5003): params: {json={"query_timeout":5.0,"gestures":[{"query_string":"android.widget.TabWidget descendant TextView index:0","touches":[{"x":50,"y":50,"offset_x":0,"offset_y":0,"wait":0.0,"time":0.2,"release":true,"query_string":null}]}]}
12-09 07:41:23.698 I/System.out( 5003): }
12-09 07:41:23.742 W/audio_hw_generic( 1308): Not supplying enough data to HAL, expected position 4713058 , only wrote 4710947
12-09 07:41:23.766 W/audio_hw_generic( 1308): Hardware backing HAL too slow, could only write 0 of 661 frames
12-09 07:41:23.790 W/audio_hw_generic( 1308): Hardware backing HAL too slow, could only write 0 of 661 frames
12-09 07:41:23.802 W/audio_hw_generic( 1308): Hardware backing HAL too slow, could only write 0 of 661 frames
12-09 07:41:23.813 W/audio_hw_generic( 1308): Hardware backing HAL too slow, could only write 0 of 661 frames
12-09 07:41:23.826 W/audio_hw_generic( 1308): Hardware backing HAL too slow, could only write 0 of 661 frames
12-09 07:41:23.848 W/audio_hw_generic( 1308): Hardware backing HAL too slow, could only write 0 of 661 frames
12-09 07:41:23.859 W/audio_hw_generic( 1308): Hardware backing HAL too slow, could only write 0 of 661 frames
12-09 07:41:23.874 W/audio_hw_generic( 1308): Hardware backing HAL too slow, could only write 0 of 661 frames
12-09 07:41:23.990 W/audio_hw_generic( 1308): Not supplying enough data to HAL, expected position 4721904 , only wrote 4721523
12-09 07:41:23.991 W/audio_hw_generic( 1308): Not supplying enough data to HAL, expected position 4721529 , only wrote 4721523
12-09 07:41:24.010 W/audio_hw_generic( 1308): Not supplying enough data to HAL, expected position 4722372 , only wrote 4722184
12-09 07:41:24.555 W/audio_hw_generic( 1308): Not supplying enough data to HAL, expected position 4746209 , only wrote 4742675
