12-09 07:44:56.952 I/System.out( 6250): command: {"command":"set_selection","arguments":[-1,-1]}
12-09 07:44:56.954 I/InstrumentationBackend( 6250): Got command:'Command:'Line:null,set_selection', arguments:'[-1, -1]'
12-09 07:44:56.974 W/audio_hw_generic( 1307): Not supplying enough data to HAL, expected position 6353543 , only wrote 6353532
12-09 07:44:56.974 W/audio_hw_generic( 1307): Not supplying enough data to HAL, expected position 6353543 , only wrote 6353532
12-09 07:44:56.976 I/System.out( 6250): result:{"bonusInformation":[],"message":"","success":true}
12-09 07:44:57.308 I/System.out( 6250): URI: //
12-09 07:44:57.308 I/System.out( 6250): params: {json={"command":"keyboard_enter_text","arguments":["000"]}
12-09 07:44:57.308 I/System.out( 6250): }
12-09 07:44:57.308 I/System.out( 6250): header: {date=Sun, 09 Dec 2018 07:44:57 GMT, accept=*/*, content-length=53, host=127.0.0.1:34777, user-agent=HTTPClient/1.0 (2.8.3, ruby 2.3.1 (2016-04-26)), content-type=application/json;charset=utf-8}
12-09 07:44:57.308 I/System.out( 6250): params: {json={"command":"keyboard_enter_text","arguments":["000"]}
12-09 07:44:57.308 I/System.out( 6250): }
12-09 07:44:57.308 I/System.out( 6250): ProP json = {"command":"keyboard_enter_text","arguments":["000"]}
12-09 07:44:57.308 I/System.out( 6250): files: {}
12-09 07:44:57.308 I/System.out( 6250): command: {"command":"keyboard_enter_text","arguments":["000"]}
12-09 07:44:57.309 I/InstrumentationBackend( 6250): Got command:'Command:'Line:null,keyboard_enter_text', arguments:'[000]'
12-09 07:44:57.310 E/SpannableStringBuilder( 6250): SPAN_EXCLUSIVE_EXCLUSIVE spans cannot have a zero length
12-09 07:44:57.310 E/SpannableStringBuilder( 6250): SPAN_EXCLUSIVE_EXCLUSIVE spans cannot have a zero length
12-09 07:44:57.324 E/SpannableStringBuilder( 6250): SPAN_EXCLUSIVE_EXCLUSIVE spans cannot have a zero length
12-09 07:44:57.324 E/SpannableStringBuilder( 6250): SPAN_EXCLUSIVE_EXCLUSIVE spans cannot have a zero length
12-09 07:44:57.357 I/System.out( 6250): result:{"bonusInformation":[],"message":"","success":true}
12-09 07:44:57.440 I/System.out( 6250): URI: //map
12-09 07:44:57.441 I/System.out( 6250): params: {json={"query":"android.widget.Button index:2","operation":{"method_name":"query","arguments":[]}}
12-09 07:44:57.441 I/System.out( 6250): }
12-09 07:44:57.613 I/art     ( 6250): Background partial concurrent mark sweep GC freed 32436(1513KB) AllocSpace objects, 4(80KB) LOS objects, 39% free, 3MB/5MB, paused 1.082ms total 105.936ms
12-09 07:44:57.670 I/System.out( 6250): URI: //gesture
12-09 07:44:57.670 I/System.out( 6250): params: {json={"query_timeout":5.0,"gestures":[{"query_string":"android.widget.Button index:2","touches":[{"x":50,"y":50,"offset_x":0,"offset_y":0,"wait":0.0,"time":0.2,"release":true,"query_string":null}]}]}
12-09 07:44:57.670 I/System.out( 6250): }
12-09 07:44:58.181 W/audio_hw_generic( 1307): Hardware backing HAL too slow, could only write 0 of 661 frames
12-09 07:44:58.210 W/audio_hw_generic( 1307): Hardware backing HAL too slow, could only write 0 of 661 frames
12-09 07:44:58.221 W/audio_hw_generic( 1307): Hardware backing HAL too slow, could only write 0 of 661 frames
12-09 07:44:58.233 W/audio_hw_generic( 1307): Hardware backing HAL too slow, could only write 0 of 661 frames
12-09 07:44:58.248 W/audio_hw_generic( 1307): Hardware backing HAL too slow, could only write 0 of 661 frames
12-09 07:44:58.263 W/audio_hw_generic( 1307): Hardware backing HAL too slow, could only write 0 of 661 frames
12-09 07:44:58.363 I/art     ( 6250): Background sticky concurrent mark sweep GC freed 64958(2MB) AllocSpace objects, 2(40KB) LOS objects, 52% free, 2MB/5MB, paused 1.595ms total 134.469ms
12-09 07:44:58.561 W/audio_hw_generic( 1307): Not supplying enough data to HAL, expected position 6371626 , only wrote 6366091
12-09 07:44:58.606 W/audio_hw_generic( 1307): Not supplying enough data to HAL, expected position 6368046 , only wrote 6366091
12-09 07:44:58.636 W/audio_hw_generic( 1307): Not supplying enough data to HAL, expected position 6367420 , only wrote 6367413
12-09 07:44:58.696 D/gralloc_ranchu( 1223): gralloc_alloc: Creating ashmem region of size 40960
12-09 07:44:58.702 W/audio_hw_generic( 1307): Hardware backing HAL too slow, could only write 0 of 661 frames
12-09 07:44:58.702 W/audio_hw_generic( 1307): Not supplying enough data to HAL, expected position 6370319 , only wrote 6370057
12-09 07:44:58.702 W/audio_hw_generic( 1307): Not supplying enough data to HAL, expected position 6370062 , only wrote 6370057
12-09 07:44:58.702 W/audio_hw_generic( 1307): Hardware backing HAL too slow, could only write 0 of 661 frames
12-09 07:44:58.718 W/audio_hw_generic( 1307): Not supplying enough data to HAL, expected position 6370756 , only wrote 6370718
12-09 07:44:58.718 W/audio_hw_generic( 1307): Hardware backing HAL too slow, could only write 0 of 661 frames
12-09 07:44:58.718 W/audio_hw_generic( 1307): Hardware backing HAL too slow, could only write 0 of 661 frames
12-09 07:44:58.732 W/audio_hw_generic( 1307): Hardware backing HAL too slow, could only write 0 of 661 frames
12-09 07:44:58.752 W/audio_hw_generic( 1307): Hardware backing HAL too slow, could only write 0 of 661 frames
12-09 07:44:58.960 W/audio_hw_generic( 1307): Not supplying enough data to HAL, expected position 6381400 , only wrote 6381294
12-09 07:44:58.960 W/audio_hw_generic( 1307): Not supplying enough data to HAL, expected position 6381301 , only wrote 6381294
12-09 07:44:58.981 W/audio_hw_generic( 1307): Not supplying enough data to HAL, expected position 6382192 , only wrote 6381955
12-09 07:44:58.981 W/audio_hw_generic( 1307): Hardware backing HAL too slow, could only write 0 of 661 frames
12-09 07:44:59.014 W/audio_hw_generic( 1307): Not supplying enough data to HAL, expected position 6383415 , only wrote 6383277
12-09 07:44:59.014 W/audio_hw_generic( 1307): Hardware backing HAL too slow, could only write 0 of 661 frames
12-09 07:44:59.014 W/audio_hw_generic( 1307): Hardware backing HAL too slow, could only write 0 of 661 frames
12-09 07:44:59.037 W/audio_hw_generic( 1307): Hardware backing HAL too slow, could only write 0 of 661 frames
12-09 07:44:59.042 E/SurfaceFlinger( 1223): ro.sf.lcd_density must be defined as a build property
12-09 07:44:59.063 W/audio_hw_generic( 1307): Hardware backing HAL too slow, could only write 0 of 661 frames
12-09 07:44:59.089 D/gralloc_ranchu( 1223): gralloc_alloc: Creating ashmem region of size 3686400
12-09 07:44:59.096 D/        ( 6308): HostConnection::get() New Host Connection established 0x7f9d748d2480, tid 6308
12-09 07:44:59.131 E/EGL_emulation( 1223): tid 1223: eglCreateSyncKHR(1881): error 0x3004 (EGL_BAD_ATTRIBUTE)
12-09 07:44:59.209 W/audio_hw_generic( 1307): Not supplying enough data to HAL, expected position 6391881 , only wrote 6391870
12-09 07:44:59.285 W/audio_hw_generic( 1307): Not supplying enough data to HAL, expected position 6395247 , only wrote 6393192
12-09 07:44:59.359 W/audio_hw_generic( 1307): Not supplying enough data to HAL, expected position 6396435 , only wrote 6395836
12-09 07:44:59.359 W/audio_hw_generic( 1307): Not supplying enough data to HAL, expected position 6395842 , only wrote 6395836
12-09 07:44:59.381 W/audio_hw_generic( 1307): Not supplying enough data to HAL, expected position 6396810 , only wrote 6396497
12-09 07:44:59.520 W/audio_hw_generic( 1307): Not supplying enough data to HAL, expected position 6402605 , only wrote 6402446
12-09 07:44:59.520 W/audio_hw_generic( 1307): Not supplying enough data to HAL, expected position 6402452 , only wrote 6402446
12-09 07:44:59.536 W/audio_hw_generic( 1307): Not supplying enough data to HAL, expected position 6403140 , only wrote 6403107
12-09 07:44:59.663 W/audio_hw_generic( 1307): Not supplying enough data to HAL, expected position 6408733 , only wrote 6405751
12-09 07:44:59.663 W/audio_hw_generic( 1307): Not supplying enough data to HAL, expected position 6405762 , only wrote 6405751
12-09 07:44:59.686 W/audio_hw_generic( 1307): Not supplying enough data to HAL, expected position 6406757 , only wrote 6406412
12-09 07:44:59.716 W/audio_hw_generic( 1307): Hardware backing HAL too slow, could only write 0 of 661 frames
12-09 07:44:59.726 D/hwcomposer( 1223): hw_composer sent 720 syncs in 60s
12-09 07:44:59.768 W/audio_hw_generic( 1307): Hardware backing HAL too slow, could only write 0 of 661 frames
12-09 07:44:59.768 W/audio_hw_generic( 1307): Not supplying enough data to HAL, expected position 6410019 , only wrote 6409717
12-09 07:44:59.768 W/audio_hw_generic( 1307): Not supplying enough data to HAL, expected position 6409722 , only wrote 6409717
12-09 07:44:59.879 W/audio_hw_generic( 1307): Not supplying enough data to HAL, expected position 6414600 , only wrote 6414344
12-09 07:45:00.090 W/audio_hw_generic( 1307): Hardware backing HAL too slow, could only write 0 of 661 frames
12-09 07:45:00.141 W/audio_hw_generic( 1307): Hardware backing HAL too slow, could only write 0 of 661 frames
12-09 07:45:00.141 W/audio_hw_generic( 1307): Not supplying enough data to HAL, expected position 6425922 , only wrote 6424920
12-09 07:45:00.142 W/audio_hw_generic( 1307): Not supplying enough data to HAL, expected position 6424925 , only wrote 6424920
12-09 07:45:00.158 W/audio_hw_generic( 1307): Not supplying enough data to HAL, expected position 6425646 , only wrote 6425581
12-09 07:45:00.282 W/audio_hw_generic( 1307): Not supplying enough data to HAL, expected position 6431025 , only wrote 6430869
12-09 07:45:00.493 W/audio_hw_generic( 1307): Not supplying enough data to HAL, expected position 6440206 , only wrote 6436157
12-09 07:45:00.517 W/audio_hw_generic( 1307): Not supplying enough data to HAL, expected position 6437215 , only wrote 6436157
