--------- beginning of main
12-09 08:02:53.199 E/EGL_emulation( 1219): tid 1219: eglCreateSyncKHR(1881): error 0x3004 (EGL_BAD_ATTRIBUTE)
--------- beginning of system
12-09 08:02:53.320 W/ActivityManager( 1594): Finishing task with all activities already finished
12-09 08:02:53.321 W/ActivityManager( 1594): Duplicate finish request for ActivityRecord{159cf03 u0 com.evancharlton.mileage/.Mileage t399 f}
12-09 08:02:53.321 W/ActivityManager( 1594): Finishing task with all activities already finished
12-09 08:02:53.321 W/ActivityManager( 1594): Duplicate finish request for ActivityRecord{159cf03 u0 com.evancharlton.mileage/.Mileage t399 f}
12-09 08:02:53.321 W/ActivityManager( 1594): Finishing task with all activities already finished
12-09 08:02:53.321 W/ActivityManager( 1594): Duplicate finish request for ActivityRecord{159cf03 u0 com.evancharlton.mileage/.Mileage t399 f}
12-09 08:02:53.322 W/audio_hw_generic( 1308): Not supplying enough data to HAL, expected position 20572418 , only wrote 20572303
12-09 08:02:53.322 W/audio_hw_generic( 1308): Not supplying enough data to HAL, expected position 20572312 , only wrote 20572303
12-09 08:02:53.350 W/audio_hw_generic( 1308): Not supplying enough data to HAL, expected position 20573539 , only wrote 20572964
12-09 08:02:53.451 I/art     ( 1594): Background partial concurrent mark sweep GC freed 10766(742KB) AllocSpace objects, 6(120KB) LOS objects, 30% free, 9MB/13MB, paused 12.391ms total 204.703ms
12-09 08:02:53.697 D/EGL_emulation( 1951): eglMakeCurrent: 0x7fbddc2b4b40: ver 2 0 (tinfo 0x7fbddc282ce0)
12-09 08:02:53.706 W/art     ( 1594): Long monitor contention event with owner method=int com.android.server.wm.WindowManagerService.relayoutWindow(com.android.server.wm.Session, android.view.IWindow, int, android.view.WindowManager$LayoutParams, int, int, int, int, android.graphics.Rect, android.graphics.Rect, android.graphics.Rect, android.graphics.Rect, android.graphics.Rect, android.graphics.Rect, android.content.res.Configuration, android.view.Surface) from WindowManagerService.java:3103 waiters=1 for 135ms
12-09 08:02:53.790 W/audio_hw_generic( 1308): Not supplying enough data to HAL, expected position 20610736 , only wrote 20592133
12-09 08:02:54.021 D/AndroidRuntime(10902): >>>>>> START com.android.internal.os.RuntimeInit uid 0 <<<<<<
12-09 08:02:54.027 D/AndroidRuntime(10902): CheckJNI is ON
12-09 08:02:54.082 D/ICU     (10902): No timezone override file found: /data/misc/zoneinfo/current/icu/icu_tzdata.dat
12-09 08:02:54.408 E/memtrack(10902): Couldn't load memtrack module (No such file or directory)
12-09 08:02:54.422 E/android.os.Debug(10902): failed to load memtrack module: -2
12-09 08:02:54.436 W/art     ( 1594): Long monitor contention event with owner method=void com.android.server.wm.WindowAnimator$1.doFrame(long) from WindowAnimator.java:121 waiters=1 for 264ms
12-09 08:02:54.437 I/Radio-JNI(10902): register_android_hardware_Radio DONE
12-09 08:02:54.456 D/AndroidRuntime(10902): Calling main entry com.android.commands.am.Am
12-09 08:02:54.734 W/art     ( 1594): Long monitor contention event with owner method=void com.android.server.wm.WindowAnimator$1.doFrame(long) from WindowAnimator.java:121 waiters=2 for 327ms
12-09 08:02:54.887 W/art     ( 1594): Long monitor contention event with owner method=void com.android.server.wm.WindowAnimator$1.doFrame(long) from WindowAnimator.java:121 waiters=2 for 451ms
12-09 08:02:54.888 W/art     ( 1594): Long monitor contention event with owner method=void com.android.server.wm.WindowAnimator$1.doFrame(long) from WindowAnimator.java:121 waiters=2 for 280ms
12-09 08:02:54.889 W/art     ( 1594): Long monitor contention event with owner method=java.util.List com.android.server.am.ActivityManagerService.getAllStackInfos() from ActivityManagerService.java:8937 waiters=0 for 395ms
12-09 08:02:54.889 I/ActivityManager( 1594): Force stopping com.evancharlton.mileage appid=10127 user=0: start instr
12-09 08:02:54.889 I/ActivityManager( 1594): Killing 10833:com.evancharlton.mileage/u0a127 (adj 0): stop com.evancharlton.mileage
12-09 08:02:55.063 W/ActivityManager( 1594): Crash of app com.evancharlton.mileage running instrumentation ComponentInfo{com.evancharlton.mileage.test/sh.calaba.instrumentationbackend.CalabashInstrumentationTestRunner}
12-09 08:02:55.063 I/ActivityManager( 1594): Force stopping com.evancharlton.mileage appid=10127 user=0: finished inst
12-09 08:02:55.284 W/art     ( 1594): Long monitor contention event with owner method=void com.android.server.wm.WindowAnimator$1.doFrame(long) from WindowAnimator.java:121 waiters=1 for 248ms
12-09 08:02:55.341 W/art     ( 1594): Long monitor contention event with owner method=void com.android.server.wm.WindowAnimator$1.doFrame(long) from WindowAnimator.java:121 waiters=2 for 278ms
12-09 08:02:55.435 W/art     ( 1594): Long monitor contention event with owner method=void com.android.server.wm.WindowAnimator$1.doFrame(long) from WindowAnimator.java:121 waiters=2 for 311ms
12-09 08:02:55.543 W/WindowAnimator( 1594): Failed to dispatch window animation state change.
12-09 08:02:55.543 W/WindowAnimator( 1594): android.os.DeadObjectException
12-09 08:02:55.543 W/WindowAnimator( 1594): 	at android.os.BinderProxy.transactNative(Native Method)
12-09 08:02:55.543 W/WindowAnimator( 1594): 	at android.os.BinderProxy.transact(Binder.java:503)
12-09 08:02:55.543 W/WindowAnimator( 1594): 	at android.view.IWindow$Stub$Proxy.onAnimationStopped(IWindow.java:534)
12-09 08:02:55.543 W/WindowAnimator( 1594): 	at com.android.server.wm.WindowAnimator.updateWindowsLocked(WindowAnimator.java:286)
12-09 08:02:55.543 W/WindowAnimator( 1594): 	at com.android.server.wm.WindowAnimator.animateLocked(WindowAnimator.java:678)
12-09 08:02:55.543 W/WindowAnimator( 1594): 	at com.android.server.wm.WindowAnimator.-wrap0(WindowAnimator.java)
12-09 08:02:55.543 W/WindowAnimator( 1594): 	at com.android.server.wm.WindowAnimator$1.doFrame(WindowAnimator.java:123)
12-09 08:02:55.543 W/WindowAnimator( 1594): 	at android.view.Choreographer$CallbackRecord.run(Choreographer.java:856)
12-09 08:02:55.543 W/WindowAnimator( 1594): 	at android.view.Choreographer.doCallbacks(Choreographer.java:670)
12-09 08:02:55.543 W/WindowAnimator( 1594): 	at android.view.Choreographer.doFrame(Choreographer.java:603)
12-09 08:02:55.543 W/WindowAnimator( 1594): 	at android.view.Choreographer$FrameDisplayEventReceiver.run(Choreographer.java:844)
12-09 08:02:55.543 W/WindowAnimator( 1594): 	at android.os.Handler.handleCallback(Handler.java:739)
12-09 08:02:55.543 W/WindowAnimator( 1594): 	at android.os.Handler.dispatchMessage(Handler.java:95)
12-09 08:02:55.543 W/WindowAnimator( 1594): 	at android.os.Looper.loop(Looper.java:148)
12-09 08:02:55.543 W/WindowAnimator( 1594): 	at android.os.HandlerThread.run(HandlerThread.java:61)
12-09 08:02:55.543 W/WindowAnimator( 1594): 	at com.android.server.ServiceThread.run(ServiceThread.java:46)
12-09 08:02:55.543 W/art     ( 1594): Long monitor contention event with owner method=void com.android.server.wm.WindowAnimator$1.doFrame(long) from WindowAnimator.java:121 waiters=2 for 259ms
12-09 08:02:55.676 W/art     ( 1594): Long monitor contention event with owner method=void com.android.server.wm.WindowAnimator$1.doFrame(long) from WindowAnimator.java:121 waiters=2 for 335ms
12-09 08:02:55.750 W/art     ( 1594): Long monitor contention event with owner method=void com.android.server.wm.WindowAnimator$1.doFrame(long) from WindowAnimator.java:121 waiters=2 for 315ms
12-09 08:02:55.753 W/art     ( 1594): Long monitor contention event with owner method=void com.android.server.wm.WindowAnimator$1.doFrame(long) from WindowAnimator.java:121 waiters=2 for 210ms
12-09 08:02:55.927 W/art     ( 1594): Long monitor contention event with owner method=void com.android.server.wm.WindowManagerService$H.handleMessage(android.os.Message) from WindowManagerService.java:7820 waiters=2 for 176ms
12-09 08:02:56.036 W/art     ( 1594): Long monitor contention event with owner method=void com.android.server.wm.WindowAnimator$1.doFrame(long) from WindowAnimator.java:121 waiters=2 for 283ms
12-09 08:02:56.129 W/art     ( 1594): Long monitor contention event with owner method=void com.android.server.wm.WindowAnimator$1.doFrame(long) from WindowAnimator.java:121 waiters=2 for 321ms
12-09 08:02:56.302 W/art     ( 1594): Long monitor contention event with owner method=void com.android.server.wm.WindowAnimator$1.doFrame(long) from WindowAnimator.java:121 waiters=2 for 375ms
12-09 08:02:56.403 W/art     ( 1594): Long monitor contention event with owner method=void com.android.server.wm.WindowAnimator$1.doFrame(long) from WindowAnimator.java:121 waiters=2 for 366ms
12-09 08:02:56.403 W/WindowManager( 1594): Failed looking up window
12-09 08:02:56.403 W/WindowManager( 1594): java.lang.IllegalArgumentException: Requested window android.os.BinderProxy@ccefce0 does not exist
12-09 08:02:56.403 W/WindowManager( 1594): 	at com.android.server.wm.WindowManagerService.windowForClientLocked(WindowManagerService.java:8733)
12-09 08:02:56.403 W/WindowManager( 1594): 	at com.android.server.wm.WindowManagerService.windowForClientLocked(WindowManagerService.java:8724)
12-09 08:02:56.403 W/WindowManager( 1594): 	at com.android.server.wm.WindowState$DeathRecipient.binderDied(WindowState.java:1209)
12-09 08:02:56.403 W/WindowManager( 1594): 	at android.os.BinderProxy.sendDeathNotice(Binder.java:558)
12-09 08:02:56.403 I/WindowState( 1594): WIN DEATH: null
12-09 08:02:56.403 W/art     ( 1594): Long monitor contention event with owner method=void com.android.server.wm.WindowAnimator$1.doFrame(long) from WindowAnimator.java:121 waiters=2 for 274ms
12-09 08:02:56.404 W/art     ( 1594): Long monitor contention event with owner method=void com.android.server.wm.WindowAnimator$1.doFrame(long) from WindowAnimator.java:121 waiters=2 for 102ms
12-09 08:02:56.405 I/WindowState( 1594): WIN DEATH: Window{500a42d u0 com.evancharlton.mileage/com.evancharlton.mileage.Mileage EXITING}
12-09 08:02:56.535 I/ActivityManager( 1594): Start proc 10911:com.evancharlton.mileage/u0a127 for added application com.evancharlton.mileage
12-09 08:02:56.535 W/art     ( 1594): Long monitor contention event with owner method=java.util.List com.android.server.am.ActivityManagerService.getAllStackInfos() from ActivityManagerService.java:8937 waiters=1 for 1.647s
12-09 08:02:56.536 D/AndroidRuntime(10902): Shutting down VM
12-09 08:02:56.545 W/art     ( 1594): Long monitor contention event with owner method=boolean com.android.server.am.ActivityManagerService.startInstrumentation(android.content.ComponentName, java.lang.String, int, android.os.Bundle, android.app.IInstrumentationWatcher, android.app.IUiAutomationConnection, int, java.lang.String) from ActivityManagerService.java:17066 waiters=1 for 1.622s
12-09 08:02:56.545 W/art     ( 1594): Long monitor contention event with owner method=boolean com.android.server.am.ActivityManagerService.startInstrumentation(android.content.ComponentName, java.lang.String, int, android.os.Bundle, android.app.IInstrumentationWatcher, android.app.IUiAutomationConnection, int, java.lang.String) from ActivityManagerService.java:17066 waiters=2 for 1.622s
12-09 08:02:56.545 W/art     ( 1594): Long monitor contention event with owner method=boolean com.android.server.am.ActivityManagerService.startInstrumentation(android.content.ComponentName, java.lang.String, int, android.os.Bundle, android.app.IInstrumentationWatcher, android.app.IUiAutomationConnection, int, java.lang.String) from ActivityManagerService.java:17066 waiters=3 for 1.616s
12-09 08:02:56.546 W/art     ( 1594): Long monitor contention event with owner method=boolean com.android.server.am.ActivityManagerService.startInstrumentation(android.content.ComponentName, java.lang.String, int, android.os.Bundle, android.app.IInstrumentationWatcher, android.app.IUiAutomationConnection, int, java.lang.String) from ActivityManagerService.java:17066 waiters=4 for 1.511s
12-09 08:02:56.546 W/ActivityManager( 1594): Spurious death for ProcessRecord{f7387f8 0:com.evancharlton.mileage/u0a127}, curProc for 10833: null
12-09 08:02:56.579 W/InputMethodManagerService( 1594): Got RemoteException sending setActive(false) notification to pid 10833 uid 10127
12-09 08:02:56.698 W/System  (10911): ClassLoader referenced unknown path: /data/app/com.evancharlton.mileage.test-1/lib/x86_64
12-09 08:02:56.698 W/System  (10911): ClassLoader referenced unknown path: /data/app/com.evancharlton.mileage-1/lib/x86_64
12-09 08:02:56.776 I/System.out(10911): Main activity name automatically set to: com.evancharlton.mileage.Mileage
12-09 08:02:56.776 I/System.out(10911): Calabash did not load Mono. This is only a problem if you are trying to test a Mono application
12-09 08:02:56.777 I/calabash(10911): Test server port: 7102
12-09 08:02:56.777 I/InstrumentationBackend(10911): Added:'GetPreferences', with key:'get_preferences'
12-09 08:02:56.849 I/InstrumentationBackend(10911): Added:'SetPreferences', with key:'set_preferences'
12-09 08:02:56.849 I/InstrumentationBackend(10911): Added:'ClearPreferences', with key:'clear_preferences'
12-09 08:02:56.849 I/InstrumentationBackend(10911): Added:'PressElement', with key:'press_l10n_element'
12-09 08:02:56.849 I/InstrumentationBackend(10911): Added:'WaitForElement', with key:'wait_for_l10n_element'
12-09 08:02:56.849 I/InstrumentationBackend(10911): Added:'NullAction', with key:'nullAction'
12-09 08:02:56.858 I/InstrumentationBackend(10911): Added:'PressKey', with key:'press_key'
12-09 08:02:56.858 I/InstrumentationBackend(10911): Added:'SetActivityOrientation', with key:'set_activity_orientation'
12-09 08:02:56.858 I/InstrumentationBackend(10911): Added:'GetActivityOrientation', with key:'get_activity_orientation'
12-09 08:02:56.858 I/InstrumentationBackend(10911): Added:'FakeGPSLocation', with key:'set_gps_coordinates'
12-09 08:02:56.858 I/InstrumentationBackend(10911): Added:'SetPropertyByCssSelector', with key:'set_property_by_css_selector'
12-09 08:02:56.859 I/InstrumentationBackend(10911): Added:'GetUrl', with key:'get_url'
12-09 08:02:56.859 I/InstrumentationBackend(10911): Added:'ScrollTo', with key:'scroll_to'
12-09 08:02:56.859 I/InstrumentationBackend(10911): Added:'GetLoadProgress', with key:'get_load_progress'
12-09 08:02:56.860 I/InstrumentationBackend(10911): Added:'DumpHtml', with key:'dump_html'
12-09 08:02:56.860 I/InstrumentationBackend(10911): Added:'DumpBodyHtml', with key:'dump_body_html'
12-09 08:02:56.860 I/InstrumentationBackend(10911): Added:'EnterTextByCssSelector', with key:'enter_text_by_selector'
12-09 08:02:56.861 I/InstrumentationBackend(10911): Added:'AndroidSDKVersion', with key:'android_sdk_version'
12-09 08:02:56.861 I/InstrumentationBackend(10911): Added:'Version', with key:'version'
12-09 08:02:56.861 I/InstrumentationBackend(10911): Added:'Drag', with key:'drag'
12-09 08:02:56.861 I/InstrumentationBackend(10911): Added:'TouchCoordinates', with key:'touch_coordinate'
12-09 08:02:56.861 I/InstrumentationBackend(10911): Added:'LongPressCoordinate', with key:'long_press_coordinate'
12-09 08:02:56.862 I/InstrumentationBackend(10911): Added:'DragCoordinates', with key:'drag_coordinates'
12-09 08:02:56.866 I/InstrumentationBackend(10911): Added:'ResumeApplication', with key:'resume_application'
12-09 08:02:56.870 I/InstrumentationBackend(10911): Added:'Swipe', with key:'swipe'
12-09 08:02:56.870 I/InstrumentationBackend(10911): Added:'DoubleTapCoordinate', with key:'double_tap_coordinate'
12-09 08:02:56.870 I/InstrumentationBackend(10911): Added:'ClickOnScreen', with key:'click_on_screen'
12-09 08:02:56.870 I/InstrumentationBackend(10911): Added:'GetActivityName', with key:'get_activity_name'
12-09 08:02:56.871 I/InstrumentationBackend(10911): Added:'ScrollToView', with key:'scroll_to_view'
12-09 08:02:56.871 I/InstrumentationBackend(10911): Added:'ViewConfiguration', with key:'view_configuration'
12-09 08:02:56.871 I/InstrumentationBackend(10911): Added:'IsCurrentActivityFocused', with key:'is_current_activity_focused'
12-09 08:02:56.871 I/InstrumentationBackend(10911): Added:'SendTcp', with key:'send_tcp'
12-09 08:02:56.871 I/InstrumentationBackend(10911): Added:'DpToDevicePixel', with key:'dp_to_device_pixel'
12-09 08:02:56.872 I/InstrumentationBackend(10911): Added:'KeyboardEnterText', with key:'keyboard_enter_text'
12-09 08:02:56.872 I/InstrumentationBackend(10911): Added:'DeleteSurroundingText', with key:'delete_surrounding_text'
12-09 08:02:56.872 I/InstrumentationBackend(10911): Added:'SetComposingRegion', with key:'set_composing_region'
12-09 08:02:56.872 I/InstrumentationBackend(10911): Added:'SetSelection', with key:'set_selection'
12-09 08:02:56.873 I/InstrumentationBackend(10911): Added:'KeyboardKeyEvent', with key:'keyboard_key_event'
12-09 08:02:56.873 I/InstrumentationBackend(10911): Added:'PressUserActionButton', with key:'press_user_action_button'
12-09 08:02:56.873 I/InstrumentationBackend(10911): Added:'HideSoftKeyboard', with key:'hide_soft_keyboard'
12-09 08:02:56.873 I/InstrumentationBackend(10911): Added:'ListActions', with key:'list_actions'
12-09 08:02:56.874 I/calabash(10911): Instantiating http server at 7102
12-09 08:02:56.950 I/System.out(10911): HTTP Daemon listening on: 7102
12-09 08:02:57.026 I/System.out(10911): URI: //ping
12-09 08:02:57.052 I/System.out(10911): params: {json={}
12-09 08:02:57.052 I/System.out(10911): }
12-09 08:02:57.055 W/art     ( 1594): Long monitor contention event with owner method=void com.android.server.wm.WindowAnimator$1.doFrame(long) from WindowAnimator.java:121 waiters=0 for 216ms
12-09 08:02:57.118 I/System.out(10911): URI: //ping
12-09 08:02:57.118 I/System.out(10911): params: {json={}
12-09 08:02:57.118 I/System.out(10911): }
12-09 08:02:57.159 I/System.out(10911): URI: //ready
12-09 08:02:57.159 I/System.out(10911): params: {json={}
12-09 08:02:57.159 I/System.out(10911): }
12-09 08:02:57.247 I/System.out(10911): URI: //
12-09 08:02:57.248 I/System.out(10911): params: {json={"command":"version","arguments":[]}
12-09 08:02:57.248 I/System.out(10911): }
12-09 08:02:57.248 I/System.out(10911): header: {date=Sun, 09 Dec 2018 08:02:57 GMT, accept=*/*, content-length=36, host=127.0.0.1:34777, user-agent=HTTPClient/1.0 (2.8.3, ruby 2.3.1 (2016-04-26)), content-type=application/json;charset=utf-8}
12-09 08:02:57.248 I/System.out(10911): params: {json={"command":"version","arguments":[]}
12-09 08:02:57.248 I/System.out(10911): }
12-09 08:02:57.248 I/System.out(10911): ProP json = {"command":"version","arguments":[]}
12-09 08:02:57.248 I/System.out(10911): files: {}
12-09 08:02:57.248 I/System.out(10911): command: {"command":"version","arguments":[]}
12-09 08:02:57.303 W/art     ( 1594): Long monitor contention event with owner method=com.android.internal.view.InputBindResult com.android.server.InputMethodManagerService.windowGainedFocus(com.android.internal.view.IInputMethodClient, android.os.IBinder, int, int, int, android.view.inputmethod.EditorInfo, com.android.internal.view.IInputContext) from InputMethodManagerService.java:2177 waiters=0 for 2.380s
12-09 08:02:57.304 I/Choreographer( 1951): Skipped 208 frames!  The application may be doing too much work on its main thread.
12-09 08:02:57.310 W/art     ( 1594): Long monitor contention event with owner method=com.android.internal.view.InputBindResult com.android.server.InputMethodManagerService.windowGainedFocus(com.android.internal.view.IInputMethodClient, android.os.IBinder, int, int, int, android.view.inputmethod.EditorInfo, com.android.internal.view.IInputContext) from InputMethodManagerService.java:2177 waiters=1 for 2.275s
12-09 08:02:57.332 I/InstrumentationBackend(10911): Got command:'Command:'Line:null,version', arguments:'[]'
12-09 08:02:57.395 I/System.out(10911): result:{"bonusInformation":[],"message":"0.9.8","success":true}
12-09 08:02:57.484 D/EGL_emulation( 1867): eglMakeCurrent: 0x7fbdd05d9500: ver 2 0 (tinfo 0x7fbdd063c740)
12-09 08:02:57.485 E/Surface ( 1867): getSlotFromBufferLocked: unknown buffer: 0x7fbdd05db9e0
12-09 08:02:57.566 I/System.out(10911): URI: //start-application
12-09 08:02:57.566 I/System.out(10911): params: {json={"intent":null}
12-09 08:02:57.566 I/System.out(10911): }
12-09 08:02:57.647 W/art     ( 1594): Long monitor contention event with owner method=void com.android.server.wm.WindowAnimator$1.doFrame(long) from WindowAnimator.java:121 waiters=0 for 172ms
12-09 08:02:57.715 I/art     (10911): Background sticky concurrent mark sweep GC freed 17401(836KB) AllocSpace objects, 2(40KB) LOS objects, 40% free, 1328KB/2MB, paused 6.499ms total 121.406ms
12-09 08:02:57.918 W/art     ( 1594): Long monitor contention event with owner method=void com.android.server.wm.WindowAnimator$1.doFrame(long) from WindowAnimator.java:121 waiters=2 for 271ms
12-09 08:02:57.918 W/art     ( 1594): Long monitor contention event with owner method=void com.android.server.wm.WindowAnimator$1.doFrame(long) from WindowAnimator.java:121 waiters=2 for 186ms
12-09 08:02:57.920 I/Choreographer( 1951): Skipped 35 frames!  The application may be doing too much work on its main thread.
12-09 08:02:57.942 I/ActivityManager( 1594): START u0 {act=android.intent.action.MAIN cat=[android.intent.category.LAUNCHER] flg=0x10200000 cmp=com.evancharlton.mileage/.Mileage} from uid 10127 on display 0
12-09 08:02:57.955 W/OpenGLRenderer( 1951): Incorrectly called buildLayer on View: ShortcutAndWidgetContainer, destroying layer...
12-09 08:02:58.388 W/WindowState( 1594): Failed to report 'resized' to the client of Window{500a42d u0 com.evancharlton.mileage/com.evancharlton.mileage.Mileage EXITING}, removing this window.
12-09 08:02:58.388 W/art     ( 1594): Long monitor contention event with owner method=void com.android.server.wm.WindowManagerService.attachStack(int, int) from WindowManagerService.java:5157 waiters=0 for 438ms
12-09 08:02:58.435 E/WindowState( 1594): getStack: Window{500a42d u0 com.evancharlton.mileage/com.evancharlton.mileage.Mileage EXITING} couldn't find task for AppWindowToken{e1fccb9 token=Token{fa23e80 ActivityRecord{159cf03 u0 com.evancharlton.mileage/.Mileage t399}}} Callers=com.android.server.wm.WindowState.getDisplayContent:847 com.android.server.wm.WindowState.getWindowList:1457 com.android.server.wm.WindowManagerService.findDesiredInputMethodWindowIndexLocked:1464 com.android.server.wm.WindowManagerService.moveInputMethodWindowsIfNeededLocked:1684 
12-09 08:02:58.436 W/art     ( 1594): Long monitor contention event with owner method=int com.android.server.am.ActivityStackSupervisor.startActivityMayWait(android.app.IApplicationThread, int, java.lang.String, android.content.Intent, java.lang.String, android.service.voice.IVoiceInteractionSession, com.android.internal.app.IVoiceInteractor, android.os.IBinder, java.lang.String, int, int, android.app.ProfilerInfo, android.app.IActivityManager$WaitResult, android.content.res.Configuration, android.os.Bundle, boolean, int, android.app.IActivityContainer, com.android.server.am.TaskRecord) from ActivityStackSupervisor.java:946 waiters=0 for 476ms
12-09 08:02:58.447 W/art     ( 1594): Long monitor contention event with owner method=int com.android.server.am.ActivityStackSupervisor.startActivityMayWait(android.app.IApplicationThread, int, java.lang.String, android.content.Intent, java.lang.String, android.service.voice.IVoiceInteractionSession, com.android.internal.app.IVoiceInteractor, android.os.IBinder, java.lang.String, int, int, android.app.ProfilerInfo, android.app.IActivityManager$WaitResult, android.content.res.Configuration, android.os.Bundle, boolean, int, android.app.IActivityContainer, com.android.server.am.TaskRecord) from ActivityStackSupervisor.java:946 waiters=1 for 397ms
12-09 08:02:58.678 D/gralloc_ranchu( 1219): gralloc_alloc: Creating ashmem region of size 3686400
12-09 08:02:58.681 W/art     ( 1594): Long monitor contention event with owner method=int com.android.server.wm.WindowManagerService.relayoutWindow(com.android.server.wm.Session, android.view.IWindow, int, android.view.WindowManager$LayoutParams, int, int, int, int, android.graphics.Rect, android.graphics.Rect, android.graphics.Rect, android.graphics.Rect, android.graphics.Rect, android.graphics.Rect, android.content.res.Configuration, android.view.Surface) from WindowManagerService.java:3103 waiters=2 for 124ms
12-09 08:02:58.687 I/calabash(10911): newActivity1
12-09 08:02:58.689 W/art     ( 1594): Long monitor contention event with owner method=void com.android.server.am.ActivityManagerService.activityPaused(android.os.IBinder) from ActivityManagerService.java:6439 waiters=0 for 225ms
12-09 08:02:58.702 W/art     ( 1594): Long monitor contention event with owner method=void com.android.server.am.ActivityManagerService.activityPaused(android.os.IBinder) from ActivityManagerService.java:6439 waiters=1 for 237ms
12-09 08:02:58.787 I/calabash(10911): newActivity1
12-09 08:02:58.789 W/ActivityManager( 1594): Bad activity token: android.os.BinderProxy@d35694b
12-09 08:02:58.789 W/ActivityManager( 1594): java.lang.ClassCastException: android.os.BinderProxy cannot be cast to com.android.server.am.ActivityRecord$Token
12-09 08:02:58.789 W/ActivityManager( 1594): 	at com.android.server.am.ActivityRecord.forTokenLocked(ActivityRecord.java:424)
12-09 08:02:58.789 W/ActivityManager( 1594): 	at com.android.server.am.ActivityRecord.isInStackLocked(ActivityRecord.java:1121)
12-09 08:02:58.789 W/ActivityManager( 1594): 	at com.android.server.am.ActivityRecord.getStackLocked(ActivityRecord.java:1126)
12-09 08:02:58.789 W/ActivityManager( 1594): 	at com.android.server.am.ActivityManagerService.getActivityDisplayId(ActivityManagerService.java:8889)
12-09 08:02:58.789 W/ActivityManager( 1594): 	at android.app.ActivityManagerNative.onTransact(ActivityManagerNative.java:2338)
12-09 08:02:58.789 W/ActivityManager( 1594): 	at com.android.server.am.ActivityManagerService.onTransact(ActivityManagerService.java:2443)
12-09 08:02:58.789 W/ActivityManager( 1594): 	at android.os.Binder.execTransact(Binder.java:453)
12-09 08:02:58.794 W/ActivityManager( 1594): Bad activity token: android.os.BinderProxy@d35694b
12-09 08:02:58.794 W/ActivityManager( 1594): java.lang.ClassCastException: android.os.BinderProxy cannot be cast to com.android.server.am.ActivityRecord$Token
12-09 08:02:58.794 W/ActivityManager( 1594): 	at com.android.server.am.ActivityRecord.forTokenLocked(ActivityRecord.java:424)
12-09 08:02:58.794 W/ActivityManager( 1594): 	at com.android.server.am.ActivityRecord.isInStackLocked(ActivityRecord.java:1121)
12-09 08:02:58.794 W/ActivityManager( 1594): 	at com.android.server.am.ActivityManagerService.setTaskDescription(ActivityManagerService.java:8547)
12-09 08:02:58.794 W/ActivityManager( 1594): 	at android.app.ActivityManagerNative.onTransact(ActivityManagerNative.java:2410)
12-09 08:02:58.794 W/ActivityManager( 1594): 	at com.android.server.am.ActivityManagerService.onTransact(ActivityManagerService.java:2443)
12-09 08:02:58.794 W/ActivityManager( 1594): 	at android.os.Binder.execTransact(Binder.java:453)
12-09 08:02:58.859 V/PhoneStatusBar( 1699): setLightsOn(true)
12-09 08:02:58.930 D/EGL_emulation( 1951): eglMakeCurrent: 0x7fbddc2b4b40: ver 2 0 (tinfo 0x7fbddc282ce0)
12-09 08:02:58.942 E/Surface ( 1951): getSlotFromBufferLocked: unknown buffer: 0x7fbdd88562e0
12-09 08:02:59.003 W/ActivityManager( 1594): Bad activity token: android.os.BinderProxy@d35694b
12-09 08:02:59.003 W/ActivityManager( 1594): java.lang.ClassCastException: android.os.BinderProxy cannot be cast to com.android.server.am.ActivityRecord$Token
12-09 08:02:59.003 W/ActivityManager( 1594): 	at com.android.server.am.ActivityRecord.forTokenLocked(ActivityRecord.java:424)
12-09 08:02:59.003 W/ActivityManager( 1594): 	at com.android.server.am.ActivityRecord.isInStackLocked(ActivityRecord.java:1121)
12-09 08:02:59.003 W/ActivityManager( 1594): 	at com.android.server.am.ActivityManagerService.getActivityOptions(ActivityManagerService.java:11038)
12-09 08:02:59.003 W/ActivityManager( 1594): 	at android.app.ActivityManagerNative.onTransact(ActivityManagerNative.java:1734)
12-09 08:02:59.003 W/ActivityManager( 1594): 	at com.android.server.am.ActivityManagerService.onTransact(ActivityManagerService.java:2443)
12-09 08:02:59.003 W/ActivityManager( 1594): 	at android.os.Binder.execTransact(Binder.java:453)
12-09 08:02:59.003 W/ActivityManager( 1594): Bad activity token: android.os.BinderProxy@d35694b
12-09 08:02:59.003 W/ActivityManager( 1594): java.lang.ClassCastException: android.os.BinderProxy cannot be cast to com.android.server.am.ActivityRecord$Token
12-09 08:02:59.003 W/ActivityManager( 1594): 	at com.android.server.am.ActivityRecord.forTokenLocked(ActivityRecord.java:424)
12-09 08:02:59.003 W/ActivityManager( 1594): 	at com.android.server.am.ActivityRecord.isInStackLocked(ActivityRecord.java:1121)
12-09 08:02:59.003 W/ActivityManager( 1594): 	at com.android.server.am.ActivityManagerService.getActivityOptions(ActivityManagerService.java:11038)
12-09 08:02:59.003 W/ActivityManager( 1594): 	at android.app.ActivityManagerNative.onTransact(ActivityManagerNative.java:1734)
12-09 08:02:59.003 W/ActivityManager( 1594): 	at com.android.server.am.ActivityManagerService.onTransact(ActivityManagerService.java:2443)
12-09 08:02:59.003 W/ActivityManager( 1594): 	at android.os.Binder.execTransact(Binder.java:453)
12-09 08:02:59.010 I/art     (10911): Background partial concurrent mark sweep GC freed 2975(374KB) AllocSpace objects, 1(20KB) LOS objects, 39% free, 1775KB/2MB, paused 930us total 110.299ms
12-09 08:02:59.773 I/Choreographer(10911): Skipped 31 frames!  The application may be doing too much work on its main thread.
12-09 08:02:59.807 D/gralloc_ranchu( 1219): gralloc_alloc: Creating ashmem region of size 3686400
12-09 08:02:59.868 D/        (10911): HostConnection::get() New Host Connection established 0x7fbdd88bd400, tid 10911
12-09 08:03:00.045 D/hwcomposer( 1219): hw_composer sent 830 syncs in 60s
12-09 08:03:00.123 I/ActivityManager( 1594): Displayed com.evancharlton.mileage/.Mileage: +1s661ms
12-09 08:03:00.139 D/gralloc_ranchu( 1219): gralloc_alloc: Creating ashmem region of size 3686400
12-09 08:03:00.943 D/gralloc_ranchu( 1219): gralloc_alloc: Creating ashmem region of size 3686400
12-09 08:03:02.383 I/System.out(10911): URI: //map
12-09 08:03:02.383 I/System.out(10911): params: {json={"query":"android.widget.EditText id:'price'","operation":{"method_name":"query","arguments":[]}}
12-09 08:03:02.383 I/System.out(10911): }
12-09 08:03:02.473 W/ResourceType(10911): No package identifier when getting name for resource number 0x00000001
12-09 08:03:02.603 I/System.out(10911): URI: //gesture
12-09 08:03:02.603 I/System.out(10911): params: {json={"query_timeout":5.0,"gestures":[{"query_string":"android.widget.EditText id:'price'","touches":[{"x":50,"y":50,"offset_x":0,"offset_y":0,"wait":0.0,"time":0.2,"release":true,"query_string":null}]}]}
12-09 08:03:02.603 I/System.out(10911): }
12-09 08:03:02.643 W/ResourceType(10911): No package identifier when getting name for resource number 0x00000001
12-09 08:03:03.188 I/LatinIME( 1867): Starting input. Cursor position = 0,0
12-09 08:03:03.271 W/art     (10911): Suspending all threads took: 8.256ms
12-09 08:03:03.375 I/art     (10911): Background sticky concurrent mark sweep GC freed 21272(1056KB) AllocSpace objects, 0(0B) LOS objects, 15% free, 2MB/2MB, paused 9.710ms total 166.033ms
12-09 08:03:03.509 D/EGL_emulation( 1867): eglMakeCurrent: 0x7fbdd05d9500: ver 2 0 (tinfo 0x7fbdd063c740)
12-09 08:03:03.831 I/System.out(10911): URI: //
12-09 08:03:03.831 I/System.out(10911): params: {json={"command":"set_selection","arguments":[-1,-1]}
12-09 08:03:03.831 I/System.out(10911): }
12-09 08:03:03.831 I/System.out(10911): header: {date=Sun, 09 Dec 2018 08:03:04 GMT, accept=*/*, content-length=47, host=127.0.0.1:34777, user-agent=HTTPClient/1.0 (2.8.3, ruby 2.3.1 (2016-04-26)), content-type=application/json;charset=utf-8}
12-09 08:03:03.831 I/System.out(10911): params: {json={"command":"set_selection","arguments":[-1,-1]}
12-09 08:03:03.831 I/System.out(10911): }
12-09 08:03:03.831 I/System.out(10911): ProP json = {"command":"set_selection","arguments":[-1,-1]}
12-09 08:03:03.831 I/System.out(10911): files: {}
12-09 08:03:03.831 I/System.out(10911): command: {"command":"set_selection","arguments":[-1,-1]}
12-09 08:03:03.833 I/InstrumentationBackend(10911): Got command:'Command:'Line:null,set_selection', arguments:'[-1, -1]'
12-09 08:03:03.860 I/System.out(10911): result:{"bonusInformation":[],"message":"","success":true}
12-09 08:03:04.299 I/System.out(10911): URI: //
12-09 08:03:04.299 I/System.out(10911): params: {json={"command":"keyboard_enter_text","arguments":["23"]}
12-09 08:03:04.299 I/System.out(10911): }
12-09 08:03:04.299 I/System.out(10911): header: {date=Sun, 09 Dec 2018 08:03:04 GMT, accept=*/*, content-length=52, host=127.0.0.1:34777, user-agent=HTTPClient/1.0 (2.8.3, ruby 2.3.1 (2016-04-26)), content-type=application/json;charset=utf-8}
12-09 08:03:04.299 I/System.out(10911): params: {json={"command":"keyboard_enter_text","arguments":["23"]}
12-09 08:03:04.299 I/System.out(10911): }
12-09 08:03:04.299 I/System.out(10911): ProP json = {"command":"keyboard_enter_text","arguments":["23"]}
12-09 08:03:04.299 I/System.out(10911): files: {}
12-09 08:03:04.299 I/System.out(10911): command: {"command":"keyboard_enter_text","arguments":["23"]}
12-09 08:03:04.300 I/InstrumentationBackend(10911): Got command:'Command:'Line:null,keyboard_enter_text', arguments:'[23]'
12-09 08:03:04.403 E/SpannableStringBuilder(10911): SPAN_EXCLUSIVE_EXCLUSIVE spans cannot have a zero length
12-09 08:03:04.403 E/SpannableStringBuilder(10911): SPAN_EXCLUSIVE_EXCLUSIVE spans cannot have a zero length
12-09 08:03:04.446 E/SpannableStringBuilder(10911): SPAN_EXCLUSIVE_EXCLUSIVE spans cannot have a zero length
12-09 08:03:04.446 E/SpannableStringBuilder(10911): SPAN_EXCLUSIVE_EXCLUSIVE spans cannot have a zero length
12-09 08:03:04.451 I/System.out(10911): result:{"bonusInformation":[],"message":"","success":true}
12-09 08:03:05.052 E/SurfaceFlinger( 1219): ro.sf.lcd_density must be defined as a build property
12-09 08:03:05.110 D/gralloc_ranchu( 1219): gralloc_alloc: Creating ashmem region of size 3686400
12-09 08:03:05.186 D/        (10943): HostConnection::get() New Host Connection established 0x7fbf83552480, tid 10943
12-09 08:03:05.241 E/EGL_emulation( 1219): tid 1219: eglCreateSyncKHR(1881): error 0x3004 (EGL_BAD_ATTRIBUTE)
12-09 08:03:06.151 I/System.out(10911): URI: //map
12-09 08:03:06.151 I/System.out(10911): params: {json={"query":"android.widget.EditText id:'volume'","operation":{"method_name":"query","arguments":[]}}
12-09 08:03:06.151 I/System.out(10911): }
12-09 08:03:06.192 W/ResourceType(10911): No package identifier when getting name for resource number 0x00000001
12-09 08:03:06.267 I/System.out(10911): URI: //gesture
12-09 08:03:06.267 I/System.out(10911): params: {json={"query_timeout":5.0,"gestures":[{"query_string":"android.widget.EditText id:'volume'","touches":[{"x":50,"y":50,"offset_x":0,"offset_y":0,"wait":0.0,"time":0.2,"release":true,"query_string":null}]}]}
12-09 08:03:06.267 I/System.out(10911): }
12-09 08:03:06.331 W/ResourceType(10911): No package identifier when getting name for resource number 0x00000001
12-09 08:03:06.808 I/LatinIME( 1867): Starting input. Cursor position = 0,0
12-09 08:03:07.436 I/System.out(10911): URI: //
12-09 08:03:07.436 I/System.out(10911): params: {json={"command":"set_selection","arguments":[-1,-1]}
12-09 08:03:07.436 I/System.out(10911): }
12-09 08:03:07.436 I/System.out(10911): header: {date=Sun, 09 Dec 2018 08:03:08 GMT, accept=*/*, content-length=47, host=127.0.0.1:34777, user-agent=HTTPClient/1.0 (2.8.3, ruby 2.3.1 (2016-04-26)), content-type=application/json;charset=utf-8}
12-09 08:03:07.436 I/System.out(10911): params: {json={"command":"set_selection","arguments":[-1,-1]}
12-09 08:03:07.436 I/System.out(10911): }
12-09 08:03:07.436 I/System.out(10911): ProP json = {"command":"set_selection","arguments":[-1,-1]}
12-09 08:03:07.436 I/System.out(10911): files: {}
12-09 08:03:07.436 I/System.out(10911): command: {"command":"set_selection","arguments":[-1,-1]}
12-09 08:03:07.437 I/InstrumentationBackend(10911): Got command:'Command:'Line:null,set_selection', arguments:'[-1, -1]'
12-09 08:03:07.441 I/System.out(10911): result:{"bonusInformation":[],"message":"","success":true}
12-09 08:03:07.742 I/System.out(10911): URI: //
12-09 08:03:07.742 I/System.out(10911): params: {json={"command":"keyboard_enter_text","arguments":["49"]}
12-09 08:03:07.742 I/System.out(10911): }
12-09 08:03:07.743 I/System.out(10911): header: {date=Sun, 09 Dec 2018 08:03:08 GMT, accept=*/*, content-length=52, host=127.0.0.1:34777, user-agent=HTTPClient/1.0 (2.8.3, ruby 2.3.1 (2016-04-26)), content-type=application/json;charset=utf-8}
12-09 08:03:07.743 I/System.out(10911): params: {json={"command":"keyboard_enter_text","arguments":["49"]}
12-09 08:03:07.743 I/System.out(10911): }
12-09 08:03:07.743 I/System.out(10911): ProP json = {"command":"keyboard_enter_text","arguments":["49"]}
12-09 08:03:07.743 I/System.out(10911): files: {}
12-09 08:03:07.743 I/System.out(10911): command: {"command":"keyboard_enter_text","arguments":["49"]}
12-09 08:03:07.744 I/InstrumentationBackend(10911): Got command:'Command:'Line:null,keyboard_enter_text', arguments:'[49]'
12-09 08:03:07.782 E/SpannableStringBuilder(10911): SPAN_EXCLUSIVE_EXCLUSIVE spans cannot have a zero length
12-09 08:03:07.782 E/SpannableStringBuilder(10911): SPAN_EXCLUSIVE_EXCLUSIVE spans cannot have a zero length
12-09 08:03:07.786 E/SpannableStringBuilder(10911): SPAN_EXCLUSIVE_EXCLUSIVE spans cannot have a zero length
12-09 08:03:07.786 E/SpannableStringBuilder(10911): SPAN_EXCLUSIVE_EXCLUSIVE spans cannot have a zero length
12-09 08:03:07.863 I/System.out(10911): result:{"bonusInformation":[],"message":"","success":true}
12-09 08:03:07.946 I/art     (10911): Background sticky concurrent mark sweep GC freed 26518(1175KB) AllocSpace objects, 5(100KB) LOS objects, 29% free, 2MB/3MB, paused 3.627ms total 107.852ms
12-09 08:03:08.484 E/SurfaceFlinger( 1219): ro.sf.lcd_density must be defined as a build property
12-09 08:03:08.541 D/gralloc_ranchu( 1219): gralloc_alloc: Creating ashmem region of size 3686400
12-09 08:03:08.619 D/        (10954): HostConnection::get() New Host Connection established 0x7f6b8da12480, tid 10954
12-09 08:03:08.653 E/EGL_emulation( 1219): tid 1219: eglCreateSyncKHR(1881): error 0x3004 (EGL_BAD_ATTRIBUTE)
12-09 08:03:09.678 I/System.out(10911): URI: //map
12-09 08:03:09.678 I/System.out(10911): params: {json={"query":"android.widget.EditText id:'odometer'","operation":{"method_name":"query","arguments":[]}}
12-09 08:03:09.678 I/System.out(10911): }
12-09 08:03:09.758 W/ResourceType(10911): No package identifier when getting name for resource number 0x00000001
12-09 08:03:10.080 I/art     (10911): Background partial concurrent mark sweep GC freed 39176(1875KB) AllocSpace objects, 6(120KB) LOS objects, 40% free, 2MB/4MB, paused 1.868ms total 309.972ms
12-09 08:03:10.111 I/System.out(10911): URI: //gesture
12-09 08:03:10.111 I/System.out(10911): params: {json={"query_timeout":5.0,"gestures":[{"query_string":"android.widget.EditText id:'odometer'","touches":[{"x":50,"y":50,"offset_x":0,"offset_y":0,"wait":0.0,"time":0.2,"release":true,"query_string":null}]}]}
12-09 08:03:10.111 I/System.out(10911): }
12-09 08:03:10.142 W/ResourceType(10911): No package identifier when getting name for resource number 0x00000001
12-09 08:03:10.703 I/LatinIME( 1867): Starting input. Cursor position = 0,0
12-09 08:03:10.793 I/art     (10911): Background sticky concurrent mark sweep GC freed 44060(1988KB) AllocSpace objects, 2(40KB) LOS objects, 37% free, 2MB/4MB, paused 12.168ms total 106.558ms
12-09 08:03:11.342 I/System.out(10911): URI: //
12-09 08:03:11.343 I/System.out(10911): params: {json={"command":"set_selection","arguments":[-1,-1]}
12-09 08:03:11.343 I/System.out(10911): }
12-09 08:03:11.343 I/System.out(10911): header: {date=Sun, 09 Dec 2018 08:03:11 GMT, accept=*/*, content-length=47, host=127.0.0.1:34777, user-agent=HTTPClient/1.0 (2.8.3, ruby 2.3.1 (2016-04-26)), content-type=application/json;charset=utf-8}
12-09 08:03:11.343 I/System.out(10911): params: {json={"command":"set_selection","arguments":[-1,-1]}
12-09 08:03:11.343 I/System.out(10911): }
12-09 08:03:11.343 I/System.out(10911): ProP json = {"command":"set_selection","arguments":[-1,-1]}
12-09 08:03:11.343 I/System.out(10911): files: {}
12-09 08:03:11.343 I/System.out(10911): command: {"command":"set_selection","arguments":[-1,-1]}
12-09 08:03:11.344 I/InstrumentationBackend(10911): Got command:'Command:'Line:null,set_selection', arguments:'[-1, -1]'
12-09 08:03:11.361 I/System.out(10911): result:{"bonusInformation":[],"message":"","success":true}
12-09 08:03:11.590 I/System.out(10911): URI: //
12-09 08:03:11.590 I/System.out(10911): params: {json={"command":"keyboard_enter_text","arguments":["12"]}
12-09 08:03:11.590 I/System.out(10911): }
12-09 08:03:11.591 I/System.out(10911): header: {date=Sun, 09 Dec 2018 08:03:12 GMT, accept=*/*, content-length=52, host=127.0.0.1:34777, user-agent=HTTPClient/1.0 (2.8.3, ruby 2.3.1 (2016-04-26)), content-type=application/json;charset=utf-8}
12-09 08:03:11.591 I/System.out(10911): params: {json={"command":"keyboard_enter_text","arguments":["12"]}
12-09 08:03:11.591 I/System.out(10911): }
12-09 08:03:11.591 I/System.out(10911): ProP json = {"command":"keyboard_enter_text","arguments":["12"]}
12-09 08:03:11.591 I/System.out(10911): files: {}
12-09 08:03:11.591 I/System.out(10911): command: {"command":"keyboard_enter_text","arguments":["12"]}
12-09 08:03:11.592 I/InstrumentationBackend(10911): Got command:'Command:'Line:null,keyboard_enter_text', arguments:'[12]'
12-09 08:03:11.593 E/SpannableStringBuilder(10911): SPAN_EXCLUSIVE_EXCLUSIVE spans cannot have a zero length
12-09 08:03:11.593 E/SpannableStringBuilder(10911): SPAN_EXCLUSIVE_EXCLUSIVE spans cannot have a zero length
12-09 08:03:11.595 E/SpannableStringBuilder(10911): SPAN_EXCLUSIVE_EXCLUSIVE spans cannot have a zero length
12-09 08:03:11.595 E/SpannableStringBuilder(10911): SPAN_EXCLUSIVE_EXCLUSIVE spans cannot have a zero length
12-09 08:03:11.607 I/System.out(10911): result:{"bonusInformation":[],"message":"","success":true}
12-09 08:03:12.014 E/SurfaceFlinger( 1219): ro.sf.lcd_density must be defined as a build property
12-09 08:03:12.016 D/gralloc_ranchu( 1219): gralloc_alloc: Creating ashmem region of size 3686400
12-09 08:03:12.033 D/        (10964): HostConnection::get() New Host Connection established 0x7f8147d52480, tid 10964
12-09 08:03:12.075 E/EGL_emulation( 1219): tid 1219: eglCreateSyncKHR(1881): error 0x3004 (EGL_BAD_ATTRIBUTE)
12-09 08:03:14.347 I/System.out(10911): URI: //map
12-09 08:03:14.347 I/System.out(10911): params: {json={"query":"android.widget.Button index:2","operation":{"method_name":"query","arguments":[]}}
12-09 08:03:14.347 I/System.out(10911): }
12-09 08:03:14.494 I/art     (10911): Background sticky concurrent mark sweep GC freed 44945(2MB) AllocSpace objects, 9(180KB) LOS objects, 7% free, 4MB/4MB, paused 3.236ms total 146.431ms
12-09 08:03:14.512 I/System.out(10911): URI: //gesture
12-09 08:03:14.512 I/System.out(10911): params: {json={"query_timeout":5.0,"gestures":[{"query_string":"android.widget.Button index:2","touches":[{"x":50,"y":50,"offset_x":0,"offset_y":0,"wait":0.0,"time":0.2,"release":true,"query_string":null}]}]}
12-09 08:03:14.512 I/System.out(10911): }
12-09 08:03:14.550 W/art     (10911): Suspending all threads took: 27.013ms
12-09 08:03:14.578 I/art     (10911): Background sticky concurrent mark sweep GC freed 54275(2MB) AllocSpace objects, 2(40KB) LOS objects, 43% free, 2MB/4MB, paused 28.228ms total 70.796ms
12-09 08:03:14.939 W/audio_hw_generic( 1308): Hardware backing HAL too slow, could only write 0 of 661 frames
12-09 08:03:14.966 W/audio_hw_generic( 1308): Hardware backing HAL too slow, could only write 0 of 661 frames
12-09 08:03:15.051 I/calabash(10911): newActivity1
12-09 08:03:15.052 W/ActivityManager( 1594): Bad activity token: android.os.BinderProxy@f8cc5ed
12-09 08:03:15.052 W/ActivityManager( 1594): java.lang.ClassCastException: android.os.BinderProxy cannot be cast to com.android.server.am.ActivityRecord$Token
12-09 08:03:15.052 W/ActivityManager( 1594): 	at com.android.server.am.ActivityRecord.forTokenLocked(ActivityRecord.java:424)
12-09 08:03:15.052 W/ActivityManager( 1594): 	at com.android.server.am.ActivityRecord.isInStackLocked(ActivityRecord.java:1121)
12-09 08:03:15.052 W/ActivityManager( 1594): 	at com.android.server.am.ActivityRecord.getStackLocked(ActivityRecord.java:1126)
12-09 08:03:15.052 W/ActivityManager( 1594): 	at com.android.server.am.ActivityManagerService.getActivityDisplayId(ActivityManagerService.java:8889)
12-09 08:03:15.052 W/ActivityManager( 1594): 	at android.app.ActivityManagerNative.onTransact(ActivityManagerNative.java:2338)
12-09 08:03:15.052 W/ActivityManager( 1594): 	at com.android.server.am.ActivityManagerService.onTransact(ActivityManagerService.java:2443)
12-09 08:03:15.052 W/ActivityManager( 1594): 	at android.os.Binder.execTransact(Binder.java:453)
12-09 08:03:15.053 W/ActivityManager( 1594): Bad activity token: android.os.BinderProxy@f8cc5ed
12-09 08:03:15.053 W/ActivityManager( 1594): java.lang.ClassCastException: android.os.BinderProxy cannot be cast to com.android.server.am.ActivityRecord$Token
12-09 08:03:15.053 W/ActivityManager( 1594): 	at com.android.server.am.ActivityRecord.forTokenLocked(ActivityRecord.java:424)
12-09 08:03:15.053 W/ActivityManager( 1594): 	at com.android.server.am.ActivityRecord.isInStackLocked(ActivityRecord.java:1121)
12-09 08:03:15.053 W/ActivityManager( 1594): 	at com.android.server.am.ActivityManagerService.setTaskDescription(ActivityManagerService.java:8547)
12-09 08:03:15.053 W/ActivityManager( 1594): 	at android.app.ActivityManagerNative.onTransact(ActivityManagerNative.java:2410)
12-09 08:03:15.053 W/ActivityManager( 1594): 	at com.android.server.am.ActivityManagerService.onTransact(ActivityManagerService.java:2443)
12-09 08:03:15.053 W/ActivityManager( 1594): 	at android.os.Binder.execTransact(Binder.java:453)
12-09 08:03:15.074 W/audio_hw_generic( 1308): Hardware backing HAL too slow, could only write 0 of 661 frames
12-09 08:03:15.256 W/audio_hw_generic( 1308): Not supplying enough data to HAL, expected position 20607218 , only wrote 20606014
12-09 08:03:15.256 W/audio_hw_generic( 1308): Not supplying enough data to HAL, expected position 20606021 , only wrote 20606014
12-09 08:03:15.259 I/art     (10911): Background sticky concurrent mark sweep GC freed 36415(1706KB) AllocSpace objects, 1(20KB) LOS objects, 39% free, 2MB/4MB, paused 950us total 177.039ms
12-09 08:03:15.276 W/ActivityManager( 1594): Bad activity token: android.os.BinderProxy@f8cc5ed
12-09 08:03:15.276 W/ActivityManager( 1594): java.lang.ClassCastException: android.os.BinderProxy cannot be cast to com.android.server.am.ActivityRecord$Token
12-09 08:03:15.276 W/ActivityManager( 1594): 	at com.android.server.am.ActivityRecord.forTokenLocked(ActivityRecord.java:424)
12-09 08:03:15.276 W/ActivityManager( 1594): 	at com.android.server.am.ActivityRecord.isInStackLocked(ActivityRecord.java:1121)
12-09 08:03:15.276 W/ActivityManager( 1594): 	at com.android.server.am.ActivityManagerService.getActivityOptions(ActivityManagerService.java:11038)
12-09 08:03:15.276 W/ActivityManager( 1594): 	at android.app.ActivityManagerNative.onTransact(ActivityManagerNative.java:1734)
12-09 08:03:15.276 W/ActivityManager( 1594): 	at com.android.server.am.ActivityManagerService.onTransact(ActivityManagerService.java:2443)
12-09 08:03:15.276 W/ActivityManager( 1594): 	at android.os.Binder.execTransact(Binder.java:453)
12-09 08:03:15.277 W/ActivityManager( 1594): Bad activity token: android.os.BinderProxy@f8cc5ed
12-09 08:03:15.277 W/ActivityManager( 1594): java.lang.ClassCastException: android.os.BinderProxy cannot be cast to com.android.server.am.ActivityRecord$Token
12-09 08:03:15.277 W/ActivityManager( 1594): 	at com.android.server.am.ActivityRecord.forTokenLocked(ActivityRecord.java:424)
12-09 08:03:15.277 W/ActivityManager( 1594): 	at com.android.server.am.ActivityRecord.isInStackLocked(ActivityRecord.java:1121)
12-09 08:03:15.277 W/ActivityManager( 1594): 	at com.android.server.am.ActivityManagerService.getActivityOptions(ActivityManagerService.java:11038)
12-09 08:03:15.277 W/ActivityManager( 1594): 	at android.app.ActivityManagerNative.onTransact(ActivityManagerNative.java:1734)
12-09 08:03:15.277 W/ActivityManager( 1594): 	at com.android.server.am.ActivityManagerService.onTransact(ActivityManagerService.java:2443)
12-09 08:03:15.277 W/ActivityManager( 1594): 	at android.os.Binder.execTransact(Binder.java:453)
12-09 08:03:15.278 W/audio_hw_generic( 1308): Not supplying enough data to HAL, expected position 20606963 , only wrote 20606675
12-09 08:03:15.295 W/audio_hw_generic( 1308): Hardware backing HAL too slow, could only write 0 of 661 frames
12-09 08:03:15.316 W/audio_hw_generic( 1308): Hardware backing HAL too slow, could only write 0 of 661 frames
12-09 08:03:15.319 D/Mileage.ABS(10911): Finished backup
12-09 08:03:15.326 W/audio_hw_generic( 1308): Hardware backing HAL too slow, could only write 0 of 661 frames
12-09 08:03:15.346 W/audio_hw_generic( 1308): Hardware backing HAL too slow, could only write 0 of 661 frames
12-09 08:03:15.373 I/LatinIME( 1867): Starting input. Cursor position = -1,-1
12-09 08:03:15.404 D/Mileage.ABS(10911): Not backing up; 98
12-09 08:03:15.406 D/Mileage.ABS(10911): Not backing up; 100
12-09 08:03:15.419 E/SurfaceFlinger( 1219): ro.sf.lcd_density must be defined as a build property
12-09 08:03:15.420 D/gralloc_ranchu( 1219): gralloc_alloc: Creating ashmem region of size 3686400
