--------- beginning of main
12-09 08:22:00.111 D/hwcomposer( 1218): hw_composer sent 485 syncs in 60s
12-09 08:22:00.152 E/EGL_emulation( 1218): tid 1218: eglCreateSyncKHR(1881): error 0x3004 (EGL_BAD_ATTRIBUTE)
12-09 08:22:00.278 W/art     ( 1593): Long monitor contention event with owner method=boolean com.android.server.am.ActivityManagerService.finishActivity(android.os.IBinder, int, android.content.Intent, boolean) from ActivityManagerService.java:4245 waiters=0 for 275ms
--------- beginning of system
12-09 08:22:00.283 W/ActivityManager( 1593): Finishing task with all activities already finished
12-09 08:22:00.283 W/ActivityManager( 1593): Duplicate finish request for ActivityRecord{7e31c73 u0 com.evancharlton.mileage/.Mileage t506 f}
12-09 08:22:00.283 W/ActivityManager( 1593): Finishing task with all activities already finished
12-09 08:22:00.284 W/ActivityManager( 1593): Duplicate finish request for ActivityRecord{7e31c73 u0 com.evancharlton.mileage/.Mileage t506 f}
12-09 08:22:00.284 W/ActivityManager( 1593): Finishing task with all activities already finished
12-09 08:22:00.284 W/ActivityManager( 1593): Duplicate finish request for ActivityRecord{7e31c73 u0 com.evancharlton.mileage/.Mileage t506 f}
12-09 08:22:00.298 I/art     ( 1593): Background partial concurrent mark sweep GC freed 9499(691KB) AllocSpace objects, 6(116KB) LOS objects, 29% free, 9MB/13MB, paused 1.394ms total 113.283ms
12-09 08:22:00.673 D/AndroidRuntime(19810): >>>>>> START com.android.internal.os.RuntimeInit uid 0 <<<<<<
12-09 08:22:00.679 D/AndroidRuntime(19810): CheckJNI is ON
12-09 08:22:00.712 D/ICU     (19810): No timezone override file found: /data/misc/zoneinfo/current/icu/icu_tzdata.dat
12-09 08:22:00.768 E/memtrack(19810): Couldn't load memtrack module (No such file or directory)
12-09 08:22:00.768 E/android.os.Debug(19810): failed to load memtrack module: -2
12-09 08:22:00.769 I/Radio-JNI(19810): register_android_hardware_Radio DONE
12-09 08:22:00.792 D/AndroidRuntime(19810): Calling main entry com.android.commands.am.Am
12-09 08:22:00.793 I/ActivityManager( 1593): Force stopping com.evancharlton.mileage appid=10145 user=0: start instr
12-09 08:22:00.793 I/ActivityManager( 1593): Killing 19748:com.evancharlton.mileage/u0a145 (adj 0): stop com.evancharlton.mileage
12-09 08:22:00.835 W/InputDispatcher( 1593): channel '76aeae1 com.evancharlton.mileage/com.evancharlton.mileage.Mileage (server)' ~ Consumer closed input channel or an error occurred.  events=0x9
12-09 08:22:00.835 E/InputDispatcher( 1593): channel '76aeae1 com.evancharlton.mileage/com.evancharlton.mileage.Mileage (server)' ~ Channel is unrecoverably broken and will be disposed!
12-09 08:22:00.961 W/InputDispatcher( 1593): Attempted to unregister already unregistered input channel '76aeae1 com.evancharlton.mileage/com.evancharlton.mileage.Mileage (server)'
12-09 08:22:00.964 I/WindowState( 1593): WIN DEATH: Window{76aeae1 u0 com.evancharlton.mileage/com.evancharlton.mileage.Mileage EXITING}
12-09 08:22:01.075 W/art     ( 1593): Long monitor contention event with owner method=int com.android.server.wm.WindowManagerService.relayoutWindow(com.android.server.wm.Session, android.view.IWindow, int, android.view.WindowManager$LayoutParams, int, int, int, int, android.graphics.Rect, android.graphics.Rect, android.graphics.Rect, android.graphics.Rect, android.graphics.Rect, android.graphics.Rect, android.content.res.Configuration, android.view.Surface) from WindowManagerService.java:3103 waiters=3 for 194ms
12-09 08:22:01.077 W/art     ( 1593): Long monitor contention event with owner method=int com.android.server.wm.WindowManagerService.relayoutWindow(com.android.server.wm.Session, android.view.IWindow, int, android.view.WindowManager$LayoutParams, int, int, int, int, android.graphics.Rect, android.graphics.Rect, android.graphics.Rect, android.graphics.Rect, android.graphics.Rect, android.graphics.Rect, android.content.res.Configuration, android.view.Surface) from WindowManagerService.java:3103 waiters=4 for 182ms
12-09 08:22:01.086 W/ActivityManager( 1593): Crash of app com.evancharlton.mileage running instrumentation ComponentInfo{com.evancharlton.mileage.test/sh.calaba.instrumentationbackend.CalabashInstrumentationTestRunner}
12-09 08:22:01.086 I/ActivityManager( 1593): Force stopping com.evancharlton.mileage appid=10145 user=0: finished inst
12-09 08:22:01.210 D/EGL_emulation( 1949): eglMakeCurrent: 0x7f50eff79dc0: ver 2 0 (tinfo 0x7f50eff42d80)
12-09 08:22:01.460 I/ActivityManager( 1593): Start proc 19819:com.evancharlton.mileage/u0a145 for added application com.evancharlton.mileage
12-09 08:22:01.461 W/art     ( 1593): Long monitor contention event with owner method=boolean com.android.server.am.ActivityManagerService.startInstrumentation(android.content.ComponentName, java.lang.String, int, android.os.Bundle, android.app.IInstrumentationWatcher, android.app.IUiAutomationConnection, int, java.lang.String) from ActivityManagerService.java:17066 waiters=0 for 667ms
12-09 08:22:01.471 D/AndroidRuntime(19810): Shutting down VM
12-09 08:22:01.474 W/art     ( 1593): Long monitor contention event with owner method=boolean com.android.server.am.ActivityManagerService.startInstrumentation(android.content.ComponentName, java.lang.String, int, android.os.Bundle, android.app.IInstrumentationWatcher, android.app.IUiAutomationConnection, int, java.lang.String) from ActivityManagerService.java:17066 waiters=2 for 594ms
12-09 08:22:01.474 W/ActivityManager( 1593): Spurious death for ProcessRecord{885efb7 0:com.evancharlton.mileage/u0a145}, curProc for 19748: null
12-09 08:22:01.474 W/art     ( 1593): Long monitor contention event with owner method=boolean com.android.server.am.ActivityManagerService.startInstrumentation(android.content.ComponentName, java.lang.String, int, android.os.Bundle, android.app.IInstrumentationWatcher, android.app.IUiAutomationConnection, int, java.lang.String) from ActivityManagerService.java:17066 waiters=3 for 269ms
12-09 08:22:01.556 W/art     ( 1593): Long monitor contention event with owner method=boolean com.android.server.am.ActivityManagerService.startInstrumentation(android.content.ComponentName, java.lang.String, int, android.os.Bundle, android.app.IInstrumentationWatcher, android.app.IUiAutomationConnection, int, java.lang.String) from ActivityManagerService.java:17066 waiters=4 for 266ms
12-09 08:22:01.556 W/InputMethodManagerService( 1593): Got RemoteException sending setActive(false) notification to pid 19748 uid 10145
12-09 08:22:01.558 W/art     ( 1593): Long monitor contention event with owner method=boolean com.android.server.am.ActivityManagerService.startInstrumentation(android.content.ComponentName, java.lang.String, int, android.os.Bundle, android.app.IInstrumentationWatcher, android.app.IUiAutomationConnection, int, java.lang.String) from ActivityManagerService.java:17066 waiters=1 for 756ms
12-09 08:22:01.694 W/System  (19819): ClassLoader referenced unknown path: /data/app/com.evancharlton.mileage.test-1/lib/x86_64
12-09 08:22:01.694 W/System  (19819): ClassLoader referenced unknown path: /data/app/com.evancharlton.mileage-1/lib/x86_64
12-09 08:22:01.828 I/art     (19819): Background partial concurrent mark sweep GC freed 8652(343KB) AllocSpace objects, 0(0B) LOS objects, 61% free, 647KB/1671KB, paused 916us total 115.033ms
12-09 08:22:02.029 W/art     ( 1593): Long monitor contention event with owner method=void com.android.server.wm.WindowAnimator$1.doFrame(long) from WindowAnimator.java:121 waiters=2 for 301ms
12-09 08:22:02.091 W/art     ( 1593): Long monitor contention event with owner method=void com.android.server.wm.WindowAnimator$1.doFrame(long) from WindowAnimator.java:121 waiters=2 for 255ms
12-09 08:22:02.336 W/art     ( 1593): Long monitor contention event with owner method=void com.android.server.wm.WindowAnimator$1.doFrame(long) from WindowAnimator.java:121 waiters=2 for 307ms
12-09 08:22:02.445 W/art     ( 1593): Long monitor contention event with owner method=void com.android.server.wm.WindowAnimator$1.doFrame(long) from WindowAnimator.java:121 waiters=2 for 354ms
12-09 08:22:02.445 W/art     ( 1593): Long monitor contention event with owner method=void com.android.server.wm.WindowAnimator$1.doFrame(long) from WindowAnimator.java:121 waiters=2 for 233ms
12-09 08:22:02.446 W/art     ( 1593): Long monitor contention event with owner method=com.android.internal.view.InputBindResult com.android.server.InputMethodManagerService.windowGainedFocus(com.android.internal.view.IInputMethodClient, android.os.IBinder, int, int, int, android.view.inputmethod.EditorInfo, com.android.internal.view.IInputContext) from InputMethodManagerService.java:2177 waiters=0 for 1.157s
12-09 08:22:02.455 W/art     ( 1593): Long monitor contention event with owner method=java.util.List com.android.server.am.ActivityManagerService.getAllStackInfos() from ActivityManagerService.java:8937 waiters=0 for 652ms
12-09 08:22:02.456 I/Choreographer( 1949): Skipped 72 frames!  The application may be doing too much work on its main thread.
12-09 08:22:02.456 W/art     ( 1593): Long monitor contention event with owner method=java.util.List com.android.server.am.ActivityManagerService.getAllStackInfos() from ActivityManagerService.java:8937 waiters=1 for 481ms
12-09 08:22:02.575 D/EGL_emulation( 1874): eglMakeCurrent: 0x7f50eff7df60: ver 2 0 (tinfo 0x7f50ebea67a0)
12-09 08:22:02.583 E/Surface ( 1874): getSlotFromBufferLocked: unknown buffer: 0x7f50ec552a00
12-09 08:22:02.597 I/System.out(19819): Main activity name automatically set to: com.evancharlton.mileage.Mileage
12-09 08:22:02.597 I/System.out(19819): Calabash did not load Mono. This is only a problem if you are trying to test a Mono application
12-09 08:22:02.597 I/calabash(19819): Test server port: 7102
12-09 08:22:02.598 I/InstrumentationBackend(19819): Added:'GetPreferences', with key:'get_preferences'
12-09 08:22:02.613 I/art     ( 1722): Background partial concurrent mark sweep GC freed 4479(207KB) AllocSpace objects, 0(0B) LOS objects, 39% free, 3MB/6MB, paused 17.755ms total 43.065ms
12-09 08:22:02.716 I/InstrumentationBackend(19819): Added:'SetPreferences', with key:'set_preferences'
12-09 08:22:02.716 I/InstrumentationBackend(19819): Added:'ClearPreferences', with key:'clear_preferences'
12-09 08:22:02.716 I/InstrumentationBackend(19819): Added:'PressElement', with key:'press_l10n_element'
12-09 08:22:02.717 I/InstrumentationBackend(19819): Added:'WaitForElement', with key:'wait_for_l10n_element'
12-09 08:22:02.717 I/InstrumentationBackend(19819): Added:'NullAction', with key:'nullAction'
12-09 08:22:02.717 I/InstrumentationBackend(19819): Added:'PressKey', with key:'press_key'
12-09 08:22:02.717 I/InstrumentationBackend(19819): Added:'SetActivityOrientation', with key:'set_activity_orientation'
12-09 08:22:02.718 I/InstrumentationBackend(19819): Added:'GetActivityOrientation', with key:'get_activity_orientation'
12-09 08:22:02.718 I/InstrumentationBackend(19819): Added:'FakeGPSLocation', with key:'set_gps_coordinates'
12-09 08:22:02.718 I/InstrumentationBackend(19819): Added:'SetPropertyByCssSelector', with key:'set_property_by_css_selector'
12-09 08:22:02.718 I/InstrumentationBackend(19819): Added:'GetUrl', with key:'get_url'
12-09 08:22:02.729 I/InstrumentationBackend(19819): Added:'ScrollTo', with key:'scroll_to'
12-09 08:22:02.729 I/InstrumentationBackend(19819): Added:'GetLoadProgress', with key:'get_load_progress'
12-09 08:22:02.730 I/InstrumentationBackend(19819): Added:'DumpHtml', with key:'dump_html'
12-09 08:22:02.730 I/InstrumentationBackend(19819): Added:'DumpBodyHtml', with key:'dump_body_html'
12-09 08:22:02.730 I/InstrumentationBackend(19819): Added:'EnterTextByCssSelector', with key:'enter_text_by_selector'
12-09 08:22:02.731 I/InstrumentationBackend(19819): Added:'AndroidSDKVersion', with key:'android_sdk_version'
12-09 08:22:02.739 I/InstrumentationBackend(19819): Added:'Version', with key:'version'
12-09 08:22:02.739 I/InstrumentationBackend(19819): Added:'Drag', with key:'drag'
12-09 08:22:02.739 I/InstrumentationBackend(19819): Added:'TouchCoordinates', with key:'touch_coordinate'
12-09 08:22:02.740 I/InstrumentationBackend(19819): Added:'LongPressCoordinate', with key:'long_press_coordinate'
12-09 08:22:02.740 I/InstrumentationBackend(19819): Added:'DragCoordinates', with key:'drag_coordinates'
12-09 08:22:02.740 I/InstrumentationBackend(19819): Added:'ResumeApplication', with key:'resume_application'
12-09 08:22:02.740 I/InstrumentationBackend(19819): Added:'Swipe', with key:'swipe'
12-09 08:22:02.740 I/InstrumentationBackend(19819): Added:'DoubleTapCoordinate', with key:'double_tap_coordinate'
12-09 08:22:02.740 I/InstrumentationBackend(19819): Added:'ClickOnScreen', with key:'click_on_screen'
12-09 08:22:02.741 I/InstrumentationBackend(19819): Added:'GetActivityName', with key:'get_activity_name'
12-09 08:22:02.741 I/InstrumentationBackend(19819): Added:'ScrollToView', with key:'scroll_to_view'
12-09 08:22:02.741 I/InstrumentationBackend(19819): Added:'ViewConfiguration', with key:'view_configuration'
12-09 08:22:02.741 I/InstrumentationBackend(19819): Added:'IsCurrentActivityFocused', with key:'is_current_activity_focused'
12-09 08:22:02.741 I/InstrumentationBackend(19819): Added:'SendTcp', with key:'send_tcp'
12-09 08:22:02.741 I/InstrumentationBackend(19819): Added:'DpToDevicePixel', with key:'dp_to_device_pixel'
12-09 08:22:02.742 I/InstrumentationBackend(19819): Added:'KeyboardEnterText', with key:'keyboard_enter_text'
12-09 08:22:02.742 I/InstrumentationBackend(19819): Added:'DeleteSurroundingText', with key:'delete_surrounding_text'
12-09 08:22:02.742 I/InstrumentationBackend(19819): Added:'SetComposingRegion', with key:'set_composing_region'
12-09 08:22:02.742 I/InstrumentationBackend(19819): Added:'SetSelection', with key:'set_selection'
12-09 08:22:02.743 I/InstrumentationBackend(19819): Added:'KeyboardKeyEvent', with key:'keyboard_key_event'
12-09 08:22:02.747 I/InstrumentationBackend(19819): Added:'PressUserActionButton', with key:'press_user_action_button'
12-09 08:22:02.751 I/InstrumentationBackend(19819): Added:'HideSoftKeyboard', with key:'hide_soft_keyboard'
12-09 08:22:02.751 I/InstrumentationBackend(19819): Added:'ListActions', with key:'list_actions'
12-09 08:22:02.752 I/calabash(19819): Instantiating http server at 7102
12-09 08:22:02.772 I/System.out(19819): HTTP Daemon listening on: 7102
12-09 08:22:02.843 W/art     ( 1593): Long monitor contention event with owner method=void com.android.server.wm.WindowAnimator$1.doFrame(long) from WindowAnimator.java:121 waiters=0 for 207ms
12-09 08:22:02.844 I/System.out(19819): URI: //ping
12-09 08:22:02.844 I/System.out(19819): params: {json={}
12-09 08:22:02.844 I/System.out(19819): }
12-09 08:22:02.947 W/art     ( 1593): Long monitor contention event with owner method=void com.android.server.wm.WindowAnimator$1.doFrame(long) from WindowAnimator.java:121 waiters=1 for 219ms
12-09 08:22:03.043 W/art     (19819): Suspending all threads took: 47.386ms
12-09 08:22:03.044 I/System.out(19819): URI: //ping
12-09 08:22:03.044 I/System.out(19819): params: {json={}
12-09 08:22:03.044 I/System.out(19819): }
12-09 08:22:03.054 I/art     (19819): Background sticky concurrent mark sweep GC freed 3693(419KB) AllocSpace objects, 4(80KB) LOS objects, 34% free, 1100KB/1671KB, paused 48.384ms total 105.347ms
12-09 08:22:03.096 I/System.out(19819): URI: //ready
12-09 08:22:03.096 I/System.out(19819): params: {json={}
12-09 08:22:03.096 I/System.out(19819): }
12-09 08:22:03.201 I/System.out(19819): URI: //
12-09 08:22:03.201 I/System.out(19819): params: {json={"command":"version","arguments":[]}
12-09 08:22:03.201 I/System.out(19819): }
12-09 08:22:03.201 I/System.out(19819): header: {date=Sun, 09 Dec 2018 08:22:03 GMT, accept=*/*, content-length=36, host=127.0.0.1:34777, user-agent=HTTPClient/1.0 (2.8.3, ruby 2.3.1 (2016-04-26)), content-type=application/json;charset=utf-8}
12-09 08:22:03.202 I/System.out(19819): params: {json={"command":"version","arguments":[]}
12-09 08:22:03.202 I/System.out(19819): }
12-09 08:22:03.202 I/System.out(19819): ProP json = {"command":"version","arguments":[]}
12-09 08:22:03.202 I/System.out(19819): files: {}
12-09 08:22:03.202 I/System.out(19819): command: {"command":"version","arguments":[]}
12-09 08:22:03.209 W/art     ( 1593): Long monitor contention event with owner method=void com.android.server.wm.WindowAnimator$1.doFrame(long) from WindowAnimator.java:121 waiters=1 for 262ms
12-09 08:22:03.231 I/InstrumentationBackend(19819): Got command:'Command:'Line:null,version', arguments:'[]'
12-09 08:22:03.267 W/art     (19819): Suspending all threads took: 23.623ms
12-09 08:22:03.331 I/art     (19819): Background sticky concurrent mark sweep GC freed 2213(217KB) AllocSpace objects, 7(140KB) LOS objects, 29% free, 1186KB/1671KB, paused 24.621ms total 38.217ms
12-09 08:22:03.388 W/art     ( 1593): Long monitor contention event with owner method=void com.android.server.wm.WindowAnimator$1.doFrame(long) from WindowAnimator.java:121 waiters=1 for 328ms
12-09 08:22:03.390 I/Choreographer( 1949): Skipped 55 frames!  The application may be doing too much work on its main thread.
12-09 08:22:03.394 I/System.out(19819): result:{"bonusInformation":[],"message":"0.9.8","success":true}
12-09 08:22:03.433 I/art     (19819): Background sticky concurrent mark sweep GC freed 11849(518KB) AllocSpace objects, 0(0B) LOS objects, 24% free, 1270KB/1671KB, paused 7.916ms total 51.212ms
12-09 08:22:03.532 I/System.out(19819): URI: //start-application
12-09 08:22:03.532 I/System.out(19819): params: {json={"intent":null}
12-09 08:22:03.532 I/System.out(19819): }
12-09 08:22:03.660 W/art     (19819): Suspending all threads took: 55.681ms
12-09 08:22:03.667 W/OpenGLRenderer( 1949): Incorrectly called buildLayer on View: ShortcutAndWidgetContainer, destroying layer...
12-09 08:22:03.748 I/art     (19819): Background sticky concurrent mark sweep GC freed 6636(257KB) AllocSpace objects, 2(40KB) LOS objects, 0% free, 1911KB/1911KB, paused 57.049ms total 186.922ms
12-09 08:22:03.876 W/art     ( 1593): Long monitor contention event with owner method=void com.android.server.wm.WindowAnimator$1.doFrame(long) from WindowAnimator.java:121 waiters=1 for 332ms
12-09 08:22:03.992 W/WindowAnimator( 1593): Failed to dispatch window animation state change.
12-09 08:22:03.992 W/WindowAnimator( 1593): android.os.DeadObjectException
12-09 08:22:03.992 W/WindowAnimator( 1593): 	at android.os.BinderProxy.transactNative(Native Method)
12-09 08:22:03.992 W/WindowAnimator( 1593): 	at android.os.BinderProxy.transact(Binder.java:503)
12-09 08:22:03.992 W/WindowAnimator( 1593): 	at android.view.IWindow$Stub$Proxy.onAnimationStopped(IWindow.java:534)
12-09 08:22:03.992 W/WindowAnimator( 1593): 	at com.android.server.wm.WindowAnimator.updateWindowsLocked(WindowAnimator.java:286)
12-09 08:22:03.992 W/WindowAnimator( 1593): 	at com.android.server.wm.WindowAnimator.animateLocked(WindowAnimator.java:678)
12-09 08:22:03.992 W/WindowAnimator( 1593): 	at com.android.server.wm.WindowAnimator.-wrap0(WindowAnimator.java)
12-09 08:22:03.992 W/WindowAnimator( 1593): 	at com.android.server.wm.WindowAnimator$1.doFrame(WindowAnimator.java:123)
12-09 08:22:03.992 W/WindowAnimator( 1593): 	at android.view.Choreographer$CallbackRecord.run(Choreographer.java:856)
12-09 08:22:03.992 W/WindowAnimator( 1593): 	at android.view.Choreographer.doCallbacks(Choreographer.java:670)
12-09 08:22:03.992 W/WindowAnimator( 1593): 	at android.view.Choreographer.doFrame(Choreographer.java:603)
12-09 08:22:03.992 W/WindowAnimator( 1593): 	at android.view.Choreographer$FrameDisplayEventReceiver.run(Choreographer.java:844)
12-09 08:22:03.992 W/WindowAnimator( 1593): 	at android.os.Handler.handleCallback(Handler.java:739)
12-09 08:22:03.992 W/WindowAnimator( 1593): 	at android.os.Handler.dispatchMessage(Handler.java:95)
12-09 08:22:03.992 W/WindowAnimator( 1593): 	at android.os.Looper.loop(Looper.java:148)
12-09 08:22:03.992 W/WindowAnimator( 1593): 	at android.os.HandlerThread.run(HandlerThread.java:61)
12-09 08:22:03.992 W/WindowAnimator( 1593): 	at com.android.server.ServiceThread.run(ServiceThread.java:46)
12-09 08:22:04.100 W/art     ( 1593): Long monitor contention event with owner method=void com.android.server.wm.WindowManagerService$H.handleMessage(android.os.Message) from WindowManagerService.java:7820 waiters=2 for 224ms
12-09 08:22:04.184 W/art     ( 1593): Long monitor contention event with owner method=void com.android.server.wm.WindowAnimator$1.doFrame(long) from WindowAnimator.java:121 waiters=2 for 192ms
12-09 08:22:04.205 I/ActivityManager( 1593): START u0 {act=android.intent.action.MAIN cat=[android.intent.category.LAUNCHER] flg=0x10200000 cmp=com.evancharlton.mileage/.Mileage} from uid 10145 on display 0
12-09 08:22:04.317 I/calabash(19819): newActivity1
12-09 08:22:04.509 W/art     ( 1593): Long monitor contention event with owner method=int com.android.server.wm.WindowManagerService.relayoutWindow(com.android.server.wm.Session, android.view.IWindow, int, android.view.WindowManager$LayoutParams, int, int, int, int, android.graphics.Rect, android.graphics.Rect, android.graphics.Rect, android.graphics.Rect, android.graphics.Rect, android.graphics.Rect, android.content.res.Configuration, android.view.Surface) from WindowManagerService.java:3103 waiters=0 for 184ms
12-09 08:22:04.518 D/gralloc_ranchu( 1218): gralloc_alloc: Creating ashmem region of size 3686400
12-09 08:22:04.520 W/art     ( 1593): Long monitor contention event with owner method=void com.android.server.am.ActivityManagerService.activityPaused(android.os.IBinder) from ActivityManagerService.java:6439 waiters=0 for 223ms
12-09 08:22:04.521 W/art     ( 1593): Long monitor contention event with owner method=void com.android.server.am.ActivityManagerService.activityPaused(android.os.IBinder) from ActivityManagerService.java:6439 waiters=1 for 205ms
12-09 08:22:04.521 W/art     ( 1593): Long monitor contention event with owner method=void com.android.server.am.ActivityManagerService.activityPaused(android.os.IBinder) from ActivityManagerService.java:6439 waiters=2 for 203ms
12-09 08:22:04.522 W/art     ( 1593): Long monitor contention event with owner method=void com.android.server.am.ActivityManagerService.activityPaused(android.os.IBinder) from ActivityManagerService.java:6439 waiters=3 for 196ms
12-09 08:22:04.565 I/calabash(19819): newActivity1
12-09 08:22:04.566 W/ActivityManager( 1593): Bad activity token: android.os.BinderProxy@bbcb966
12-09 08:22:04.566 W/ActivityManager( 1593): java.lang.ClassCastException: android.os.BinderProxy cannot be cast to com.android.server.am.ActivityRecord$Token
12-09 08:22:04.566 W/ActivityManager( 1593): 	at com.android.server.am.ActivityRecord.forTokenLocked(ActivityRecord.java:424)
12-09 08:22:04.566 W/ActivityManager( 1593): 	at com.android.server.am.ActivityRecord.isInStackLocked(ActivityRecord.java:1121)
12-09 08:22:04.566 W/ActivityManager( 1593): 	at com.android.server.am.ActivityRecord.getStackLocked(ActivityRecord.java:1126)
12-09 08:22:04.566 W/ActivityManager( 1593): 	at com.android.server.am.ActivityManagerService.getActivityDisplayId(ActivityManagerService.java:8889)
12-09 08:22:04.566 W/ActivityManager( 1593): 	at android.app.ActivityManagerNative.onTransact(ActivityManagerNative.java:2338)
12-09 08:22:04.566 W/ActivityManager( 1593): 	at com.android.server.am.ActivityManagerService.onTransact(ActivityManagerService.java:2443)
12-09 08:22:04.566 W/ActivityManager( 1593): 	at android.os.Binder.execTransact(Binder.java:453)
12-09 08:22:04.578 W/ActivityManager( 1593): Bad activity token: android.os.BinderProxy@bbcb966
12-09 08:22:04.578 W/ActivityManager( 1593): java.lang.ClassCastException: android.os.BinderProxy cannot be cast to com.android.server.am.ActivityRecord$Token
12-09 08:22:04.578 W/ActivityManager( 1593): 	at com.android.server.am.ActivityRecord.forTokenLocked(ActivityRecord.java:424)
12-09 08:22:04.578 W/ActivityManager( 1593): 	at com.android.server.am.ActivityRecord.isInStackLocked(ActivityRecord.java:1121)
12-09 08:22:04.578 W/ActivityManager( 1593): 	at com.android.server.am.ActivityManagerService.setTaskDescription(ActivityManagerService.java:8547)
12-09 08:22:04.578 W/ActivityManager( 1593): 	at android.app.ActivityManagerNative.onTransact(ActivityManagerNative.java:2410)
12-09 08:22:04.578 W/ActivityManager( 1593): 	at com.android.server.am.ActivityManagerService.onTransact(ActivityManagerService.java:2443)
12-09 08:22:04.578 W/ActivityManager( 1593): 	at android.os.Binder.execTransact(Binder.java:453)
12-09 08:22:04.676 W/ActivityManager( 1593): Bad activity token: android.os.BinderProxy@bbcb966
12-09 08:22:04.676 W/ActivityManager( 1593): java.lang.ClassCastException: android.os.BinderProxy cannot be cast to com.android.server.am.ActivityRecord$Token
12-09 08:22:04.676 W/ActivityManager( 1593): 	at com.android.server.am.ActivityRecord.forTokenLocked(ActivityRecord.java:424)
12-09 08:22:04.676 W/ActivityManager( 1593): 	at com.android.server.am.ActivityRecord.isInStackLocked(ActivityRecord.java:1121)
12-09 08:22:04.676 W/ActivityManager( 1593): 	at com.android.server.am.ActivityManagerService.getActivityOptions(ActivityManagerService.java:11038)
12-09 08:22:04.676 W/ActivityManager( 1593): 	at android.app.ActivityManagerNative.onTransact(ActivityManagerNative.java:1734)
12-09 08:22:04.676 W/ActivityManager( 1593): 	at com.android.server.am.ActivityManagerService.onTransact(ActivityManagerService.java:2443)
12-09 08:22:04.676 W/ActivityManager( 1593): 	at android.os.Binder.execTransact(Binder.java:453)
12-09 08:22:04.676 W/ActivityManager( 1593): Bad activity token: android.os.BinderProxy@bbcb966
12-09 08:22:04.676 W/ActivityManager( 1593): java.lang.ClassCastException: android.os.BinderProxy cannot be cast to com.android.server.am.ActivityRecord$Token
12-09 08:22:04.676 W/ActivityManager( 1593): 	at com.android.server.am.ActivityRecord.forTokenLocked(ActivityRecord.java:424)
12-09 08:22:04.676 W/ActivityManager( 1593): 	at com.android.server.am.ActivityRecord.isInStackLocked(ActivityRecord.java:1121)
12-09 08:22:04.676 W/ActivityManager( 1593): 	at com.android.server.am.ActivityManagerService.getActivityOptions(ActivityManagerService.java:11038)
12-09 08:22:04.676 W/ActivityManager( 1593): 	at android.app.ActivityManagerNative.onTransact(ActivityManagerNative.java:1734)
12-09 08:22:04.676 W/ActivityManager( 1593): 	at com.android.server.am.ActivityManagerService.onTransact(ActivityManagerService.java:2443)
12-09 08:22:04.676 W/ActivityManager( 1593): 	at android.os.Binder.execTransact(Binder.java:453)
12-09 08:22:04.792 V/PhoneStatusBar( 1722): setLightsOn(true)
12-09 08:22:04.809 D/EGL_emulation( 1949): eglMakeCurrent: 0x7f50eff79dc0: ver 2 0 (tinfo 0x7f50eff42d80)
12-09 08:22:04.810 E/Surface ( 1949): getSlotFromBufferLocked: unknown buffer: 0x7f50ec554da0
12-09 08:22:04.836 I/art     (19819): Background sticky concurrent mark sweep GC freed 1895(335KB) AllocSpace objects, 0(0B) LOS objects, 14% free, 1895KB/2MB, paused 11.306ms total 137.130ms
12-09 08:22:05.078 W/art     ( 1593): Long monitor contention event with owner method=void com.android.server.wm.WindowAnimator$1.doFrame(long) from WindowAnimator.java:121 waiters=2 for 268ms
12-09 08:22:05.095 W/art     ( 1593): Long monitor contention event with owner method=void com.android.server.wm.WindowAnimator$1.doFrame(long) from WindowAnimator.java:121 waiters=2 for 266ms
12-09 08:22:05.655 W/art     ( 1593): Long monitor contention event with owner method=void com.android.server.wm.WindowAnimator$1.doFrame(long) from WindowAnimator.java:121 waiters=0 for 171ms
12-09 08:22:05.857 W/art     ( 1593): Long monitor contention event with owner method=java.util.List com.android.server.am.ActivityManagerService.getAllStackInfos() from ActivityManagerService.java:8937 waiters=0 for 180ms
12-09 08:22:05.859 I/Choreographer(19819): Skipped 44 frames!  The application may be doing too much work on its main thread.
12-09 08:22:05.907 D/gralloc_ranchu( 1218): gralloc_alloc: Creating ashmem region of size 3686400
12-09 08:22:06.104 D/        (19819): HostConnection::get() New Host Connection established 0x7f50ec5bcc20, tid 19819
12-09 08:22:06.177 I/ActivityManager( 1593): Displayed com.evancharlton.mileage/.Mileage: +1s883ms
12-09 08:22:06.215 D/gralloc_ranchu( 1218): gralloc_alloc: Creating ashmem region of size 3686400
12-09 08:22:06.705 D/gralloc_ranchu( 1218): gralloc_alloc: Creating ashmem region of size 3686400
12-09 08:22:08.075 I/System.out(19819): URI: //map
12-09 08:22:08.075 I/System.out(19819): params: {json={"query":"android.widget.EditText id:'price'","operation":{"method_name":"query","arguments":[]}}
12-09 08:22:08.076 I/System.out(19819): }
12-09 08:22:08.220 W/ResourceType(19819): No package identifier when getting name for resource number 0x00000001
12-09 08:22:08.378 I/System.out(19819): URI: //gesture
12-09 08:22:08.378 I/System.out(19819): params: {json={"query_timeout":5.0,"gestures":[{"query_string":"android.widget.EditText id:'price'","touches":[{"x":50,"y":50,"offset_x":0,"offset_y":0,"wait":0.0,"time":0.2,"release":true,"query_string":null}]}]}
12-09 08:22:08.378 I/System.out(19819): }
12-09 08:22:08.396 W/ResourceType(19819): No package identifier when getting name for resource number 0x00000001
12-09 08:22:08.824 I/LatinIME( 1874): Starting input. Cursor position = 0,0
12-09 08:22:09.164 D/EGL_emulation( 1874): eglMakeCurrent: 0x7f50eff7df60: ver 2 0 (tinfo 0x7f50ebea67a0)
12-09 08:22:09.691 I/System.out(19819): URI: //
12-09 08:22:09.695 I/System.out(19819): params: {json={"command":"set_selection","arguments":[-1,-1]}
12-09 08:22:09.695 I/System.out(19819): }
12-09 08:22:09.695 I/System.out(19819): header: {date=Sun, 09 Dec 2018 08:22:10 GMT, accept=*/*, content-length=47, host=127.0.0.1:34777, user-agent=HTTPClient/1.0 (2.8.3, ruby 2.3.1 (2016-04-26)), content-type=application/json;charset=utf-8}
12-09 08:22:09.695 I/System.out(19819): params: {json={"command":"set_selection","arguments":[-1,-1]}
12-09 08:22:09.695 I/System.out(19819): }
12-09 08:22:09.695 I/System.out(19819): ProP json = {"command":"set_selection","arguments":[-1,-1]}
12-09 08:22:09.695 I/System.out(19819): files: {}
12-09 08:22:09.695 I/System.out(19819): command: {"command":"set_selection","arguments":[-1,-1]}
12-09 08:22:09.696 I/InstrumentationBackend(19819): Got command:'Command:'Line:null,set_selection', arguments:'[-1, -1]'
12-09 08:22:09.804 I/System.out(19819): result:{"bonusInformation":[],"message":"","success":true}
12-09 08:22:09.980 I/System.out(19819): URI: //
12-09 08:22:09.980 I/System.out(19819): params: {json={"command":"keyboard_enter_text","arguments":["000"]}
12-09 08:22:09.980 I/System.out(19819): }
12-09 08:22:09.980 I/System.out(19819): header: {date=Sun, 09 Dec 2018 08:22:10 GMT, accept=*/*, content-length=53, host=127.0.0.1:34777, user-agent=HTTPClient/1.0 (2.8.3, ruby 2.3.1 (2016-04-26)), content-type=application/json;charset=utf-8}
12-09 08:22:09.980 I/System.out(19819): params: {json={"command":"keyboard_enter_text","arguments":["000"]}
12-09 08:22:09.980 I/System.out(19819): }
12-09 08:22:09.980 I/System.out(19819): ProP json = {"command":"keyboard_enter_text","arguments":["000"]}
12-09 08:22:09.980 I/System.out(19819): files: {}
12-09 08:22:09.980 I/System.out(19819): command: {"command":"keyboard_enter_text","arguments":["000"]}
12-09 08:22:09.981 I/InstrumentationBackend(19819): Got command:'Command:'Line:null,keyboard_enter_text', arguments:'[000]'
12-09 08:22:09.982 E/SpannableStringBuilder(19819): SPAN_EXCLUSIVE_EXCLUSIVE spans cannot have a zero length
12-09 08:22:09.982 E/SpannableStringBuilder(19819): SPAN_EXCLUSIVE_EXCLUSIVE spans cannot have a zero length
12-09 08:22:10.074 E/SpannableStringBuilder(19819): SPAN_EXCLUSIVE_EXCLUSIVE spans cannot have a zero length
12-09 08:22:10.074 E/SpannableStringBuilder(19819): SPAN_EXCLUSIVE_EXCLUSIVE spans cannot have a zero length
12-09 08:22:10.086 I/System.out(19819): result:{"bonusInformation":[],"message":"","success":true}
12-09 08:22:10.176 I/System.out(19819): URI: //map
12-09 08:22:10.176 I/System.out(19819): params: {json={"query":"android.widget.Button index:2","operation":{"method_name":"query","arguments":[]}}
12-09 08:22:10.176 I/System.out(19819): }
12-09 08:22:10.212 I/art     (19819): Background sticky concurrent mark sweep GC freed 13590(600KB) AllocSpace objects, 3(60KB) LOS objects, 0% free, 3MB/3MB, paused 9.663ms total 124.248ms
12-09 08:22:10.325 W/art     (19819): Suspending all threads took: 89.233ms
12-09 08:22:10.351 I/art     (19819): Background partial concurrent mark sweep GC freed 14991(901KB) AllocSpace objects, 6(120KB) LOS objects, 39% free, 2MB/4MB, paused 91.710ms total 114.925ms
12-09 08:22:10.501 I/System.out(19819): URI: //gesture
12-09 08:22:10.501 I/System.out(19819): params: {json={"query_timeout":5.0,"gestures":[{"query_string":"android.widget.Button index:2","touches":[{"x":50,"y":50,"offset_x":0,"offset_y":0,"wait":0.0,"time":0.2,"release":true,"query_string":null}]}]}
12-09 08:22:10.501 I/System.out(19819): }
12-09 08:22:10.537 I/art     (19819): Background sticky concurrent mark sweep GC freed 37617(1709KB) AllocSpace objects, 2(40KB) LOS objects, 35% free, 2MB/4MB, paused 9.037ms total 33.789ms
12-09 08:22:10.936 W/audio_hw_generic( 1306): Hardware backing HAL too slow, could only write 0 of 661 frames
12-09 08:22:10.951 W/audio_hw_generic( 1306): Hardware backing HAL too slow, could only write 0 of 661 frames
12-09 08:22:10.974 W/audio_hw_generic( 1306): Hardware backing HAL too slow, could only write 0 of 661 frames
12-09 08:22:10.994 W/audio_hw_generic( 1306): Hardware backing HAL too slow, could only write 0 of 661 frames
12-09 08:22:10.998 W/audio_hw_generic( 1306): Hardware backing HAL too slow, could only write 0 of 661 frames
12-09 08:22:11.011 W/audio_hw_generic( 1306): Hardware backing HAL too slow, could only write 0 of 661 frames
12-09 08:22:11.017 I/art     (19819): Background sticky concurrent mark sweep GC freed 44542(1987KB) AllocSpace objects, 1(20KB) LOS objects, 42% free, 2MB/4MB, paused 1.828ms total 124.306ms
12-09 08:22:11.020 I/LatinIME( 1874): Starting input. Cursor position = 0,0
12-09 08:22:11.027 W/audio_hw_generic( 1306): Hardware backing HAL too slow, could only write 0 of 661 frames
12-09 08:22:11.105 D/gralloc_ranchu( 1218): gralloc_alloc: Creating ashmem region of size 45056
12-09 08:22:11.261 W/audio_hw_generic( 1306): Not supplying enough data to HAL, expected position 28009670 , only wrote 28008553
12-09 08:22:11.261 W/audio_hw_generic( 1306): Not supplying enough data to HAL, expected position 28008559 , only wrote 28008553
12-09 08:22:11.278 W/audio_hw_generic( 1306): Not supplying enough data to HAL, expected position 28009300 , only wrote 28009214
12-09 08:22:11.560 E/SurfaceFlinger( 1218): ro.sf.lcd_density must be defined as a build property
12-09 08:22:11.581 W/audio_hw_generic( 1306): Hardware backing HAL too slow, could only write 0 of 661 frames
12-09 08:22:11.585 D/gralloc_ranchu( 1218): gralloc_alloc: Creating ashmem region of size 3686400
12-09 08:22:11.599 W/audio_hw_generic( 1306): Hardware backing HAL too slow, could only write 0 of 661 frames
12-09 08:22:11.667 W/audio_hw_generic( 1306): Hardware backing HAL too slow, could only write 0 of 661 frames
12-09 08:22:11.669 D/        (19852): HostConnection::get() New Host Connection established 0x7fbcb7b52480, tid 19852
12-09 08:22:11.692 E/EGL_emulation( 1218): tid 1218: eglCreateSyncKHR(1881): error 0x3004 (EGL_BAD_ATTRIBUTE)
12-09 08:22:11.752 I/Choreographer( 1874): Skipped 48 frames!  The application may be doing too much work on its main thread.
12-09 08:22:11.776 W/audio_hw_generic( 1306): Not supplying enough data to HAL, expected position 28031153 , only wrote 28031027
12-09 08:22:11.796 W/audio_hw_generic( 1306): Not supplying enough data to HAL, expected position 28031938 , only wrote 28031688
12-09 08:22:12.113 W/audio_hw_generic( 1306): Not supplying enough data to HAL, expected position 28045638 , only wrote 28043586
12-09 08:22:12.113 W/audio_hw_generic( 1306): Not supplying enough data to HAL, expected position 28043592 , only wrote 28043586
12-09 08:22:12.113 W/audio_hw_generic( 1306): Hardware backing HAL too slow, could only write 0 of 661 frames
12-09 08:22:12.135 W/audio_hw_generic( 1306): Not supplying enough data to HAL, expected position 28044560 , only wrote 28044247
12-09 08:22:12.135 W/audio_hw_generic( 1306): Hardware backing HAL too slow, could only write 0 of 661 frames
12-09 08:22:12.150 W/audio_hw_generic( 1306): Hardware backing HAL too slow, could only write 0 of 661 frames
12-09 08:22:12.167 W/audio_hw_generic( 1306): Hardware backing HAL too slow, could only write 0 of 661 frames
12-09 08:22:12.198 W/audio_hw_generic( 1306): Hardware backing HAL too slow, could only write 0 of 661 frames
12-09 08:22:12.281 W/audio_hw_generic( 1306): Not supplying enough data to HAL, expected position 28050692 , only wrote 28050196
12-09 08:22:12.281 W/audio_hw_generic( 1306): Not supplying enough data to HAL, expected position 28050202 , only wrote 28050196
12-09 08:22:12.317 W/audio_hw_generic( 1306): Not supplying enough data to HAL, expected position 28051751 , only wrote 28050857
12-09 08:22:12.476 W/audio_hw_generic( 1306): Not supplying enough data to HAL, expected position 28057880 , only wrote 28055484
12-09 08:22:12.515 W/audio_hw_generic( 1306): Not supplying enough data to HAL, expected position 28057214 , only wrote 28056806
12-09 08:22:12.562 W/audio_hw_generic( 1306): Hardware backing HAL too slow, could only write 0 of 661 frames
12-09 08:22:12.567 W/audio_hw_generic( 1306): Hardware backing HAL too slow, could only write 0 of 661 frames
12-09 08:22:12.783 I/System.out(19819): URI: //map
12-09 08:22:12.783 I/System.out(19819): params: {json={"query":"android.widget.EditText id:'volume'","operation":{"method_name":"query","arguments":[]}}
12-09 08:22:12.783 I/System.out(19819): }
12-09 08:22:12.807 W/ResourceType(19819): No package identifier when getting name for resource number 0x00000001
12-09 08:22:12.808 W/audio_hw_generic( 1306): Not supplying enough data to HAL, expected position 28069728 , only wrote 28069365
12-09 08:22:12.823 W/audio_hw_generic( 1306): Not supplying enough data to HAL, expected position 28070027 , only wrote 28070026
12-09 08:22:12.847 W/audio_hw_generic( 1306): Not supplying enough data to HAL, expected position 28071083 , only wrote 28070687
12-09 08:22:12.922 I/System.out(19819): URI: //gesture
12-09 08:22:12.923 I/System.out(19819): params: {json={"query_timeout":5.0,"gestures":[{"query_string":"android.widget.EditText id:'volume'","touches":[{"x":50,"y":50,"offset_x":0,"offset_y":0,"wait":0.0,"time":0.2,"release":true,"query_string":null}]}]}
12-09 08:22:12.923 I/System.out(19819): }
12-09 08:22:12.936 W/ResourceType(19819): No package identifier when getting name for resource number 0x00000001
12-09 08:22:13.090 W/audio_hw_generic( 1306): Not supplying enough data to HAL, expected position 28081379 , only wrote 28081263
12-09 08:22:13.133 W/audio_hw_generic( 1306): Not supplying enough data to HAL, expected position 28083175 , only wrote 28082585
12-09 08:22:13.219 W/audio_hw_generic( 1306): Hardware backing HAL too slow, could only write 0 of 661 frames
12-09 08:22:13.228 W/audio_hw_generic( 1306): Hardware backing HAL too slow, could only write 0 of 661 frames
12-09 08:22:13.246 W/audio_hw_generic( 1306): Hardware backing HAL too slow, could only write 0 of 661 frames
12-09 08:22:13.639 W/audio_hw_generic( 1306): Hardware backing HAL too slow, could only write 0 of 661 frames
12-09 08:22:13.663 W/audio_hw_generic( 1306): Not supplying enough data to HAL, expected position 28105967 , only wrote 28105720
12-09 08:22:13.663 W/audio_hw_generic( 1306): Hardware backing HAL too slow, could only write 0 of 661 frames
12-09 08:22:13.663 W/audio_hw_generic( 1306): Hardware backing HAL too slow, could only write 0 of 661 frames
12-09 08:22:13.743 W/audio_hw_generic( 1306): Not supplying enough data to HAL, expected position 28109246 , only wrote 28108364
12-09 08:22:13.743 W/audio_hw_generic( 1306): Not supplying enough data to HAL, expected position 28108370 , only wrote 28108364
12-09 08:22:13.759 W/audio_hw_generic( 1306): Not supplying enough data to HAL, expected position 28109049 , only wrote 28109025
12-09 08:22:13.811 W/audio_hw_generic( 1306): Hardware backing HAL too slow, could only write 0 of 661 frames
12-09 08:22:13.925 W/audio_hw_generic( 1306): Hardware backing HAL too slow, could only write 0 of 661 frames
12-09 08:22:13.925 W/audio_hw_generic( 1306): Not supplying enough data to HAL, expected position 28116356 , only wrote 28114974
12-09 08:22:13.925 W/audio_hw_generic( 1306): Not supplying enough data to HAL, expected position 28114979 , only wrote 28114974
12-09 08:22:13.925 W/audio_hw_generic( 1306): Hardware backing HAL too slow, could only write 0 of 661 frames
12-09 08:22:13.941 I/System.out(19819): URI: //
12-09 08:22:13.941 I/System.out(19819): params: {json={"command":"set_selection","arguments":[-1,-1]}
12-09 08:22:13.941 I/System.out(19819): }
12-09 08:22:13.941 I/System.out(19819): header: {date=Sun, 09 Dec 2018 08:22:14 GMT, accept=*/*, content-length=47, host=127.0.0.1:34777, user-agent=HTTPClient/1.0 (2.8.3, ruby 2.3.1 (2016-04-26)), content-type=application/json;charset=utf-8}
12-09 08:22:13.941 I/System.out(19819): params: {json={"command":"set_selection","arguments":[-1,-1]}
12-09 08:22:13.941 I/System.out(19819): }
12-09 08:22:13.941 I/System.out(19819): ProP json = {"command":"set_selection","arguments":[-1,-1]}
12-09 08:22:13.941 I/System.out(19819): files: {}
12-09 08:22:13.941 I/System.out(19819): command: {"command":"set_selection","arguments":[-1,-1]}
12-09 08:22:13.942 I/InstrumentationBackend(19819): Got command:'Command:'Line:null,set_selection', arguments:'[-1, -1]'
12-09 08:22:13.943 W/audio_hw_generic( 1306): Not supplying enough data to HAL, expected position 28115759 , only wrote 28115635
12-09 08:22:13.943 W/audio_hw_generic( 1306): Hardware backing HAL too slow, could only write 0 of 661 frames
12-09 08:22:13.954 I/System.out(19819): result:{"bonusInformation":[],"message":"","success":true}
12-09 08:22:14.063 W/audio_hw_generic( 1306): Hardware backing HAL too slow, could only write 0 of 661 frames
12-09 08:22:14.063 W/audio_hw_generic( 1306): Not supplying enough data to HAL, expected position 28120913 , only wrote 28118279
12-09 08:22:14.063 W/audio_hw_generic( 1306): Not supplying enough data to HAL, expected position 28118285 , only wrote 28118279
12-09 08:22:14.157 W/audio_hw_generic( 1306): Not supplying enough data to HAL, expected position 28122451 , only wrote 28118940
12-09 08:22:14.335 I/System.out(19819): URI: //
12-09 08:22:14.335 I/System.out(19819): params: {json={"command":"keyboard_enter_text","arguments":["000"]}
12-09 08:22:14.335 I/System.out(19819): }
12-09 08:22:14.335 I/System.out(19819): header: {date=Sun, 09 Dec 2018 08:22:14 GMT, accept=*/*, content-length=53, host=127.0.0.1:34777, user-agent=HTTPClient/1.0 (2.8.3, ruby 2.3.1 (2016-04-26)), content-type=application/json;charset=utf-8}
12-09 08:22:14.335 I/System.out(19819): params: {json={"command":"keyboard_enter_text","arguments":["000"]}
12-09 08:22:14.335 I/System.out(19819): }
12-09 08:22:14.335 I/System.out(19819): ProP json = {"command":"keyboard_enter_text","arguments":["000"]}
12-09 08:22:14.335 I/System.out(19819): files: {}
12-09 08:22:14.336 I/System.out(19819): command: {"command":"keyboard_enter_text","arguments":["000"]}
12-09 08:22:14.336 I/InstrumentationBackend(19819): Got command:'Command:'Line:null,keyboard_enter_text', arguments:'[000]'
12-09 08:22:14.337 E/SpannableStringBuilder(19819): SPAN_EXCLUSIVE_EXCLUSIVE spans cannot have a zero length
12-09 08:22:14.337 E/SpannableStringBuilder(19819): SPAN_EXCLUSIVE_EXCLUSIVE spans cannot have a zero length
12-09 08:22:14.340 E/SpannableStringBuilder(19819): SPAN_EXCLUSIVE_EXCLUSIVE spans cannot have a zero length
12-09 08:22:14.340 E/SpannableStringBuilder(19819): SPAN_EXCLUSIVE_EXCLUSIVE spans cannot have a zero length
12-09 08:22:14.351 I/System.out(19819): result:{"bonusInformation":[],"message":"","success":true}
12-09 08:22:14.515 I/System.out(19819): URI: //map
12-09 08:22:14.515 I/System.out(19819): params: {json={"query":"android.widget.Button index:2","operation":{"method_name":"query","arguments":[]}}
12-09 08:22:14.515 I/System.out(19819): }
12-09 08:22:14.752 I/art     (19819): WaitForGcToComplete blocked for 32.875ms for cause Background
12-09 08:22:14.815 I/art     (19819): Background sticky concurrent mark sweep GC freed 47581(2MB) AllocSpace objects, 2(40KB) LOS objects, 36% free, 2MB/4MB, paused 15.725ms total 63.228ms
12-09 08:22:14.825 I/System.out(19819): URI: //gesture
12-09 08:22:14.826 I/System.out(19819): params: {json={"query_timeout":5.0,"gestures":[{"query_string":"android.widget.Button index:2","touches":[{"x":50,"y":50,"offset_x":0,"offset_y":0,"wait":0.0,"time":0.2,"release":true,"query_string":null}]}]}
12-09 08:22:14.826 I/System.out(19819): }
12-09 08:22:15.355 W/audio_hw_generic( 1306): Hardware backing HAL too slow, could only write 0 of 661 frames
12-09 08:22:15.367 W/audio_hw_generic( 1306): Hardware backing HAL too slow, could only write 0 of 661 frames
12-09 08:22:15.383 I/LatinIME( 1874): Starting input. Cursor position = 0,0
12-09 08:22:15.395 W/audio_hw_generic( 1306): Hardware backing HAL too slow, could only write 0 of 661 frames
12-09 08:22:15.410 W/audio_hw_generic( 1306): Hardware backing HAL too slow, could only write 0 of 661 frames
12-09 08:22:15.434 W/audio_hw_generic( 1306): Hardware backing HAL too slow, could only write 0 of 661 frames
12-09 08:22:15.459 W/audio_hw_generic( 1306): Hardware backing HAL too slow, could only write 0 of 661 frames
12-09 08:22:15.459 W/audio_hw_generic( 1306): Hardware backing HAL too slow, could only write 0 of 661 frames
12-09 08:22:15.557 D/gralloc_ranchu( 1218): gralloc_alloc: Creating ashmem region of size 49152
12-09 08:22:15.574 W/audio_hw_generic( 1306): Hardware backing HAL too slow, could only write 0 of 661 frames
12-09 08:22:15.634 W/audio_hw_generic( 1306): Hardware backing HAL too slow, could only write 0 of 661 frames
12-09 08:22:15.683 W/audio_hw_generic( 1306): Hardware backing HAL too slow, could only write 0 of 661 frames
12-09 08:22:15.708 W/audio_hw_generic( 1306): Hardware backing HAL too slow, could only write 0 of 661 frames
12-09 08:22:15.723 W/audio_hw_generic( 1306): Hardware backing HAL too slow, could only write 0 of 661 frames
12-09 08:22:15.959 E/SurfaceFlinger( 1218): ro.sf.lcd_density must be defined as a build property
12-09 08:22:15.987 W/audio_hw_generic( 1306): Not supplying enough data to HAL, expected position 28149020 , only wrote 28148685
12-09 08:22:15.987 W/audio_hw_generic( 1306): Not supplying enough data to HAL, expected position 28148691 , only wrote 28148685
12-09 08:22:16.016 W/audio_hw_generic( 1306): Not supplying enough data to HAL, expected position 28149954 , only wrote 28149346
12-09 08:22:16.044 D/gralloc_ranchu( 1218): gralloc_alloc: Creating ashmem region of size 3686400
12-09 08:22:16.047 W/art     ( 1593): Long monitor contention event with owner method=void com.android.server.wm.WindowAnimator$1.doFrame(long) from WindowAnimator.java:121 waiters=0 for 119ms
12-09 08:22:16.098 D/        (19864): HostConnection::get() New Host Connection established 0x7f0580dd2480, tid 19864
12-09 08:22:16.113 W/audio_hw_generic( 1306): Hardware backing HAL too slow, could only write 0 of 661 frames
12-09 08:22:16.151 E/EGL_emulation( 1218): tid 1218: eglCreateSyncKHR(1881): error 0x3004 (EGL_BAD_ATTRIBUTE)
12-09 08:22:16.153 W/audio_hw_generic( 1306): Not supplying enough data to HAL, expected position 28155377 , only wrote 28155295
12-09 08:22:16.153 W/audio_hw_generic( 1306): Not supplying enough data to HAL, expected position 28155304 , only wrote 28155295
12-09 08:22:16.223 W/audio_hw_generic( 1306): Hardware backing HAL too slow, could only write 0 of 661 frames
12-09 08:22:16.360 W/art     ( 1593): Long monitor contention event with owner method=void com.android.server.wm.WindowAnimator$1.doFrame(long) from WindowAnimator.java:121 waiters=0 for 171ms
12-09 08:22:16.361 I/Choreographer( 1874): Skipped 61 frames!  The application may be doing too much work on its main thread.
12-09 08:22:16.363 W/audio_hw_generic( 1306): Not supplying enough data to HAL, expected position 28164539 , only wrote 28162566
12-09 08:22:16.363 W/audio_hw_generic( 1306): Hardware backing HAL too slow, could only write 0 of 661 frames
12-09 08:22:16.427 W/audio_hw_generic( 1306): Not supplying enough data to HAL, expected position 28165383 , only wrote 28163888
12-09 08:22:16.457 W/audio_hw_generic( 1306): Not supplying enough data to HAL, expected position 28165246 , only wrote 28165210
12-09 08:22:16.605 W/audio_hw_generic( 1306): Not supplying enough data to HAL, expected position 28171720 , only wrote 28170498
12-09 08:22:16.605 W/audio_hw_generic( 1306): Not supplying enough data to HAL, expected position 28170504 , only wrote 28170498
12-09 08:22:16.623 W/audio_hw_generic( 1306): Not supplying enough data to HAL, expected position 28171297 , only wrote 28171159
12-09 08:22:16.964 W/audio_hw_generic( 1306): Not supplying enough data to HAL, expected position 28186209 , only wrote 28185701
12-09 08:22:16.965 W/audio_hw_generic( 1306): Not supplying enough data to HAL, expected position 28185707 , only wrote 28185701
12-09 08:22:17.214 I/System.out(19819): URI: //map
12-09 08:22:17.219 I/System.out(19819): params: {json={"query":"android.widget.EditText id:'odometer'","operation":{"method_name":"query","arguments":[]}}
12-09 08:22:17.219 I/System.out(19819): }
