--------- beginning of main
12-09 08:31:05.347 E/EGL_emulation( 1224): tid 1224: eglCreateSyncKHR(1881): error 0x3004 (EGL_BAD_ATTRIBUTE)
--------- beginning of system
12-09 08:31:05.497 W/ActivityManager( 1592): Finishing task with all activities already finished
12-09 08:31:05.498 W/ActivityManager( 1592): Duplicate finish request for ActivityRecord{bd1a032 u0 com.evancharlton.mileage/.Mileage t472 f}
12-09 08:31:05.498 W/ActivityManager( 1592): Finishing task with all activities already finished
12-09 08:31:05.498 W/ActivityManager( 1592): Duplicate finish request for ActivityRecord{bd1a032 u0 com.evancharlton.mileage/.Mileage t472 f}
12-09 08:31:05.498 W/ActivityManager( 1592): Finishing task with all activities already finished
12-09 08:31:05.498 W/ActivityManager( 1592): Duplicate finish request for ActivityRecord{bd1a032 u0 com.evancharlton.mileage/.Mileage t472 f}
12-09 08:31:05.498 W/ActivityManager( 1592): Finishing task with all activities already finished
12-09 08:31:05.498 W/ActivityManager( 1592): Duplicate finish request for ActivityRecord{bd1a032 u0 com.evancharlton.mileage/.Mileage t472 f}
12-09 08:31:05.498 W/ActivityManager( 1592): Finishing task with all activities already finished
12-09 08:31:05.498 W/ActivityManager( 1592): Duplicate finish request for ActivityRecord{bd1a032 u0 com.evancharlton.mileage/.Mileage t472 f}
12-09 08:31:05.523 W/ActivityManager( 1592): Finishing task with all activities already finished
12-09 08:31:05.523 W/ActivityManager( 1592): Duplicate finish request for ActivityRecord{bd1a032 u0 com.evancharlton.mileage/.Mileage t472 f}
12-09 08:31:05.523 W/ActivityManager( 1592): Finishing task with all activities already finished
12-09 08:31:05.523 W/ActivityManager( 1592): Duplicate finish request for ActivityRecord{bd1a032 u0 com.evancharlton.mileage/.Mileage t472 f}
12-09 08:31:05.565 I/art     ( 1592): Background partial concurrent mark sweep GC freed 21411(1434KB) AllocSpace objects, 9(180KB) LOS objects, 29% free, 9MB/13MB, paused 1.362ms total 102.335ms
12-09 08:31:05.780 D/EGL_emulation( 1930): eglMakeCurrent: 0x7f49d5735040: ver 2 0 (tinfo 0x7f49d13fe020)
12-09 08:31:06.021 W/art     ( 1592): Long monitor contention event with owner method=void com.android.server.wm.WindowAnimator$1.doFrame(long) from WindowAnimator.java:121 waiters=1 for 143ms
12-09 08:31:06.239 W/art     ( 1592): Long monitor contention event with owner method=void com.android.server.wm.WindowAnimator$1.doFrame(long) from WindowAnimator.java:121 waiters=1 for 218ms
12-09 08:31:06.324 D/AndroidRuntime(18676): >>>>>> START com.android.internal.os.RuntimeInit uid 0 <<<<<<
12-09 08:31:06.326 D/AndroidRuntime(18676): CheckJNI is ON
12-09 08:31:06.368 D/ICU     (18676): No timezone override file found: /data/misc/zoneinfo/current/icu/icu_tzdata.dat
12-09 08:31:06.646 E/memtrack(18676): Couldn't load memtrack module (No such file or directory)
12-09 08:31:06.646 E/android.os.Debug(18676): failed to load memtrack module: -2
12-09 08:31:06.648 I/Radio-JNI(18676): register_android_hardware_Radio DONE
12-09 08:31:06.674 D/AndroidRuntime(18676): Calling main entry com.android.commands.am.Am
12-09 08:31:06.796 W/art     ( 1592): Long monitor contention event with owner method=void com.android.server.wm.WindowAnimator$1.doFrame(long) from WindowAnimator.java:121 waiters=1 for 225ms
12-09 08:31:07.212 W/art     ( 1592): Long monitor contention event with owner method=void com.android.server.wm.WindowAnimator$1.doFrame(long) from WindowAnimator.java:121 waiters=2 for 339ms
12-09 08:31:07.259 W/art     ( 1592): Long monitor contention event with owner method=void com.android.server.wm.WindowAnimator$1.doFrame(long) from WindowAnimator.java:121 waiters=2 for 311ms
12-09 08:31:07.261 I/Choreographer( 1930): Skipped 83 frames!  The application may be doing too much work on its main thread.
12-09 08:31:07.266 I/Choreographer(18488): Skipped 88 frames!  The application may be doing too much work on its main thread.
12-09 08:31:07.271 W/art     ( 1592): Long monitor contention event with owner method=java.util.List com.android.server.am.ActivityManagerService.getAllStackInfos() from ActivityManagerService.java:8937 waiters=0 for 519ms
12-09 08:31:07.271 I/ActivityManager( 1592): Force stopping com.evancharlton.mileage appid=10139 user=0: start instr
12-09 08:31:07.271 I/ActivityManager( 1592): Killing 18488:com.evancharlton.mileage/u0a139 (adj 0): stop com.evancharlton.mileage
12-09 08:31:07.545 I/WindowState( 1592): WIN DEATH: Window{3ff73c4 u0 com.evancharlton.mileage/com.evancharlton.mileage.Mileage EXITING}
12-09 08:31:07.559 I/WindowState( 1592): WIN DEATH: Window{1842553 u0 AtchDlg:com.evancharlton.mileage/com.evancharlton.mileage.FillupListActivity EXITING}
12-09 08:31:07.560 W/ActivityManager( 1592): Crash of app com.evancharlton.mileage running instrumentation ComponentInfo{com.evancharlton.mileage.test/sh.calaba.instrumentationbackend.CalabashInstrumentationTestRunner}
12-09 08:31:07.560 I/ActivityManager( 1592): Force stopping com.evancharlton.mileage appid=10139 user=0: finished inst
12-09 08:31:07.798 I/Choreographer( 1930): Skipped 32 frames!  The application may be doing too much work on its main thread.
12-09 08:31:07.811 I/ActivityManager( 1592): Start proc 18685:com.evancharlton.mileage/u0a139 for added application com.evancharlton.mileage
12-09 08:31:07.811 W/art     ( 1592): Long monitor contention event with owner method=java.util.List com.android.server.am.ActivityManagerService.getAllStackInfos() from ActivityManagerService.java:8937 waiters=1 for 740ms
12-09 08:31:07.820 W/art     ( 1592): Long monitor contention event with owner method=boolean com.android.server.am.ActivityManagerService.startInstrumentation(android.content.ComponentName, java.lang.String, int, android.os.Bundle, android.app.IInstrumentationWatcher, android.app.IUiAutomationConnection, int, java.lang.String) from ActivityManagerService.java:17066 waiters=3 for 548ms
12-09 08:31:07.821 W/art     ( 1592): Long monitor contention event with owner method=boolean com.android.server.am.ActivityManagerService.startInstrumentation(android.content.ComponentName, java.lang.String, int, android.os.Bundle, android.app.IInstrumentationWatcher, android.app.IUiAutomationConnection, int, java.lang.String) from ActivityManagerService.java:17066 waiters=2 for 549ms
12-09 08:31:07.823 D/AndroidRuntime(18676): Shutting down VM
12-09 08:31:07.825 W/art     ( 1592): Long monitor contention event with owner method=boolean com.android.server.am.ActivityManagerService.startInstrumentation(android.content.ComponentName, java.lang.String, int, android.os.Bundle, android.app.IInstrumentationWatcher, android.app.IUiAutomationConnection, int, java.lang.String) from ActivityManagerService.java:17066 waiters=1 for 553ms
12-09 08:31:07.922 W/System  (18685): ClassLoader referenced unknown path: /data/app/com.evancharlton.mileage.test-1/lib/x86_64
12-09 08:31:07.922 W/System  (18685): ClassLoader referenced unknown path: /data/app/com.evancharlton.mileage-1/lib/x86_64
12-09 08:31:08.132 I/System.out(18685): Main activity name automatically set to: com.evancharlton.mileage.Mileage
12-09 08:31:08.132 I/System.out(18685): Calabash did not load Mono. This is only a problem if you are trying to test a Mono application
12-09 08:31:08.132 I/calabash(18685): Test server port: 7102
12-09 08:31:08.133 I/InstrumentationBackend(18685): Added:'GetPreferences', with key:'get_preferences'
12-09 08:31:08.202 W/WindowAnimator( 1592): Failed to dispatch window animation state change.
12-09 08:31:08.202 W/WindowAnimator( 1592): android.os.DeadObjectException
12-09 08:31:08.202 W/WindowAnimator( 1592): 	at android.os.BinderProxy.transactNative(Native Method)
12-09 08:31:08.202 W/WindowAnimator( 1592): 	at android.os.BinderProxy.transact(Binder.java:503)
12-09 08:31:08.202 W/WindowAnimator( 1592): 	at android.view.IWindow$Stub$Proxy.onAnimationStopped(IWindow.java:534)
12-09 08:31:08.202 W/WindowAnimator( 1592): 	at com.android.server.wm.WindowAnimator.updateWindowsLocked(WindowAnimator.java:286)
12-09 08:31:08.202 W/WindowAnimator( 1592): 	at com.android.server.wm.WindowAnimator.animateLocked(WindowAnimator.java:678)
12-09 08:31:08.202 W/WindowAnimator( 1592): 	at com.android.server.wm.WindowAnimator.-wrap0(WindowAnimator.java)
12-09 08:31:08.202 W/WindowAnimator( 1592): 	at com.android.server.wm.WindowAnimator$1.doFrame(WindowAnimator.java:123)
12-09 08:31:08.202 W/WindowAnimator( 1592): 	at android.view.Choreographer$CallbackRecord.run(Choreographer.java:856)
12-09 08:31:08.202 W/WindowAnimator( 1592): 	at android.view.Choreographer.doCallbacks(Choreographer.java:670)
12-09 08:31:08.202 W/WindowAnimator( 1592): 	at android.view.Choreographer.doFrame(Choreographer.java:603)
12-09 08:31:08.202 W/WindowAnimator( 1592): 	at android.view.Choreographer$FrameDisplayEventReceiver.run(Choreographer.java:844)
12-09 08:31:08.202 W/WindowAnimator( 1592): 	at android.os.Handler.handleCallback(Handler.java:739)
12-09 08:31:08.202 W/WindowAnimator( 1592): 	at android.os.Handler.dispatchMessage(Handler.java:95)
12-09 08:31:08.202 W/WindowAnimator( 1592): 	at android.os.Looper.loop(Looper.java:148)
12-09 08:31:08.202 W/WindowAnimator( 1592): 	at android.os.HandlerThread.run(HandlerThread.java:61)
12-09 08:31:08.202 W/WindowAnimator( 1592): 	at com.android.server.ServiceThread.run(ServiceThread.java:46)
12-09 08:31:08.202 W/WindowAnimator( 1592): Failed to dispatch window animation state change.
12-09 08:31:08.202 W/WindowAnimator( 1592): android.os.DeadObjectException
12-09 08:31:08.202 W/WindowAnimator( 1592): 	at android.os.BinderProxy.transactNative(Native Method)
12-09 08:31:08.202 W/WindowAnimator( 1592): 	at android.os.BinderProxy.transact(Binder.java:503)
12-09 08:31:08.202 W/WindowAnimator( 1592): 	at android.view.IWindow$Stub$Proxy.onAnimationStopped(IWindow.java:534)
12-09 08:31:08.202 W/WindowAnimator( 1592): 	at com.android.server.wm.WindowAnimator.updateWindowsLocked(WindowAnimator.java:286)
12-09 08:31:08.202 W/WindowAnimator( 1592): 	at com.android.server.wm.WindowAnimator.animateLocked(WindowAnimator.java:678)
12-09 08:31:08.202 W/WindowAnimator( 1592): 	at com.android.server.wm.WindowAnimator.-wrap0(WindowAnimator.java)
12-09 08:31:08.202 W/WindowAnimator( 1592): 	at com.android.server.wm.WindowAnimator$1.doFrame(WindowAnimator.java:123)
12-09 08:31:08.202 W/WindowAnimator( 1592): 	at android.view.Choreographer$CallbackRecord.run(Choreographer.java:856)
12-09 08:31:08.202 W/WindowAnimator( 1592): 	at android.view.Choreographer.doCallbacks(Choreographer.java:670)
12-09 08:31:08.202 W/WindowAnimator( 1592): 	at android.view.Choreographer.doFrame(Choreographer.java:603)
12-09 08:31:08.202 W/WindowAnimator( 1592): 	at android.view.Choreographer$FrameDisplayEventReceiver.run(Choreographer.java:844)
12-09 08:31:08.202 W/WindowAnimator( 1592): 	at android.os.Handler.handleCallback(Handler.java:739)
12-09 08:31:08.202 W/WindowAnimator( 1592): 	at android.os.Handler.dispatchMessage(Handler.java:95)
12-09 08:31:08.202 W/WindowAnimator( 1592): 	at android.os.Looper.loop(Looper.java:148)
12-09 08:31:08.202 W/WindowAnimator( 1592): 	at android.os.HandlerThread.run(HandlerThread.java:61)
12-09 08:31:08.202 W/WindowAnimator( 1592): 	at com.android.server.ServiceThread.run(ServiceThread.java:46)
12-09 08:31:08.217 I/art     (18685): Background partial concurrent mark sweep GC freed 7714(309KB) AllocSpace objects, 0(0B) LOS objects, 55% free, 833KB/1857KB, paused 9.563ms total 223.049ms
12-09 08:31:08.320 W/OpenGLRenderer( 1930): Incorrectly called buildLayer on View: ShortcutAndWidgetContainer, destroying layer...
12-09 08:31:08.438 I/InstrumentationBackend(18685): Added:'SetPreferences', with key:'set_preferences'
12-09 08:31:08.438 I/InstrumentationBackend(18685): Added:'ClearPreferences', with key:'clear_preferences'
12-09 08:31:08.438 I/InstrumentationBackend(18685): Added:'PressElement', with key:'press_l10n_element'
12-09 08:31:08.447 I/InstrumentationBackend(18685): Added:'WaitForElement', with key:'wait_for_l10n_element'
12-09 08:31:08.447 I/InstrumentationBackend(18685): Added:'NullAction', with key:'nullAction'
12-09 08:31:08.448 I/InstrumentationBackend(18685): Added:'PressKey', with key:'press_key'
12-09 08:31:08.448 I/InstrumentationBackend(18685): Added:'SetActivityOrientation', with key:'set_activity_orientation'
12-09 08:31:08.448 I/InstrumentationBackend(18685): Added:'GetActivityOrientation', with key:'get_activity_orientation'
12-09 08:31:08.448 I/InstrumentationBackend(18685): Added:'FakeGPSLocation', with key:'set_gps_coordinates'
12-09 08:31:08.449 I/InstrumentationBackend(18685): Added:'SetPropertyByCssSelector', with key:'set_property_by_css_selector'
12-09 08:31:08.449 I/InstrumentationBackend(18685): Added:'GetUrl', with key:'get_url'
12-09 08:31:08.450 I/InstrumentationBackend(18685): Added:'ScrollTo', with key:'scroll_to'
12-09 08:31:08.450 I/InstrumentationBackend(18685): Added:'GetLoadProgress', with key:'get_load_progress'
12-09 08:31:08.450 I/InstrumentationBackend(18685): Added:'DumpHtml', with key:'dump_html'
12-09 08:31:08.463 I/InstrumentationBackend(18685): Added:'DumpBodyHtml', with key:'dump_body_html'
12-09 08:31:08.463 I/InstrumentationBackend(18685): Added:'EnterTextByCssSelector', with key:'enter_text_by_selector'
12-09 08:31:08.464 I/InstrumentationBackend(18685): Added:'AndroidSDKVersion', with key:'android_sdk_version'
12-09 08:31:08.464 I/InstrumentationBackend(18685): Added:'Version', with key:'version'
12-09 08:31:08.464 I/InstrumentationBackend(18685): Added:'Drag', with key:'drag'
12-09 08:31:08.464 I/InstrumentationBackend(18685): Added:'TouchCoordinates', with key:'touch_coordinate'
12-09 08:31:08.465 I/InstrumentationBackend(18685): Added:'LongPressCoordinate', with key:'long_press_coordinate'
12-09 08:31:08.465 I/InstrumentationBackend(18685): Added:'DragCoordinates', with key:'drag_coordinates'
12-09 08:31:08.465 I/InstrumentationBackend(18685): Added:'ResumeApplication', with key:'resume_application'
12-09 08:31:08.465 I/InstrumentationBackend(18685): Added:'Swipe', with key:'swipe'
12-09 08:31:08.466 I/InstrumentationBackend(18685): Added:'DoubleTapCoordinate', with key:'double_tap_coordinate'
12-09 08:31:08.466 I/InstrumentationBackend(18685): Added:'ClickOnScreen', with key:'click_on_screen'
12-09 08:31:08.466 I/InstrumentationBackend(18685): Added:'GetActivityName', with key:'get_activity_name'
12-09 08:31:08.466 I/InstrumentationBackend(18685): Added:'ScrollToView', with key:'scroll_to_view'
12-09 08:31:08.471 I/InstrumentationBackend(18685): Added:'ViewConfiguration', with key:'view_configuration'
12-09 08:31:08.472 I/InstrumentationBackend(18685): Added:'IsCurrentActivityFocused', with key:'is_current_activity_focused'
12-09 08:31:08.472 I/InstrumentationBackend(18685): Added:'SendTcp', with key:'send_tcp'
12-09 08:31:08.472 I/InstrumentationBackend(18685): Added:'DpToDevicePixel', with key:'dp_to_device_pixel'
12-09 08:31:08.472 I/InstrumentationBackend(18685): Added:'KeyboardEnterText', with key:'keyboard_enter_text'
12-09 08:31:08.473 I/InstrumentationBackend(18685): Added:'DeleteSurroundingText', with key:'delete_surrounding_text'
12-09 08:31:08.473 I/InstrumentationBackend(18685): Added:'SetComposingRegion', with key:'set_composing_region'
12-09 08:31:08.473 I/InstrumentationBackend(18685): Added:'SetSelection', with key:'set_selection'
12-09 08:31:08.473 I/InstrumentationBackend(18685): Added:'KeyboardKeyEvent', with key:'keyboard_key_event'
12-09 08:31:08.473 I/InstrumentationBackend(18685): Added:'PressUserActionButton', with key:'press_user_action_button'
12-09 08:31:08.479 I/InstrumentationBackend(18685): Added:'HideSoftKeyboard', with key:'hide_soft_keyboard'
12-09 08:31:08.483 I/InstrumentationBackend(18685): Added:'ListActions', with key:'list_actions'
12-09 08:31:08.483 I/calabash(18685): Instantiating http server at 7102
12-09 08:31:08.484 I/System.out(18685): HTTP Daemon listening on: 7102
12-09 08:31:08.598 I/System.out(18685): URI: //ping
12-09 08:31:08.598 I/System.out(18685): params: {json={}
12-09 08:31:08.598 I/System.out(18685): }
12-09 08:31:08.683 I/System.out(18685): URI: //ping
12-09 08:31:08.683 I/System.out(18685): params: {json={}
12-09 08:31:08.684 I/System.out(18685): }
12-09 08:31:08.791 I/System.out(18685): URI: //ready
12-09 08:31:08.791 I/System.out(18685): params: {json={}
12-09 08:31:08.791 I/System.out(18685): }
12-09 08:31:08.906 I/art     (18685): Background sticky concurrent mark sweep GC freed 3982(499KB) AllocSpace objects, 9(180KB) LOS objects, 44% free, 1040KB/1857KB, paused 1.097ms total 119.112ms
12-09 08:31:08.991 I/System.out(18685): URI: //
12-09 08:31:08.991 I/System.out(18685): params: {json={"command":"version","arguments":[]}
12-09 08:31:08.991 I/System.out(18685): }
12-09 08:31:08.991 I/System.out(18685): header: {date=Sun, 09 Dec 2018 08:31:09 GMT, accept=*/*, content-length=36, host=127.0.0.1:34777, user-agent=HTTPClient/1.0 (2.8.3, ruby 2.3.1 (2016-04-26)), content-type=application/json;charset=utf-8}
12-09 08:31:08.992 I/System.out(18685): params: {json={"command":"version","arguments":[]}
12-09 08:31:08.992 I/System.out(18685): }
12-09 08:31:08.992 I/System.out(18685): ProP json = {"command":"version","arguments":[]}
12-09 08:31:08.992 I/System.out(18685): files: {}
12-09 08:31:08.992 I/System.out(18685): command: {"command":"version","arguments":[]}
12-09 08:31:09.006 I/InstrumentationBackend(18685): Got command:'Command:'Line:null,version', arguments:'[]'
12-09 08:31:09.026 I/System.out(18685): result:{"bonusInformation":[],"message":"0.9.8","success":true}
12-09 08:31:09.065 I/System.out(18685): URI: //start-application
12-09 08:31:09.065 I/System.out(18685): params: {json={"intent":null}
12-09 08:31:09.065 I/System.out(18685): }
12-09 08:31:09.171 I/ActivityManager( 1592): START u0 {act=android.intent.action.MAIN cat=[android.intent.category.LAUNCHER] flg=0x10200000 cmp=com.evancharlton.mileage/.Mileage} from uid 10139 on display 0
12-09 08:31:09.403 I/calabash(18685): newActivity1
12-09 08:31:09.453 D/hwcomposer( 1224): hw_composer sent 247 syncs in 60s
12-09 08:31:09.472 I/calabash(18685): newActivity1
12-09 08:31:09.485 W/ActivityManager( 1592): Bad activity token: android.os.BinderProxy@af130f9
12-09 08:31:09.485 W/ActivityManager( 1592): java.lang.ClassCastException: android.os.BinderProxy cannot be cast to com.android.server.am.ActivityRecord$Token
12-09 08:31:09.485 W/ActivityManager( 1592): 	at com.android.server.am.ActivityRecord.forTokenLocked(ActivityRecord.java:424)
12-09 08:31:09.485 W/ActivityManager( 1592): 	at com.android.server.am.ActivityRecord.isInStackLocked(ActivityRecord.java:1121)
12-09 08:31:09.485 W/ActivityManager( 1592): 	at com.android.server.am.ActivityRecord.getStackLocked(ActivityRecord.java:1126)
12-09 08:31:09.485 W/ActivityManager( 1592): 	at com.android.server.am.ActivityManagerService.getActivityDisplayId(ActivityManagerService.java:8889)
12-09 08:31:09.485 W/ActivityManager( 1592): 	at android.app.ActivityManagerNative.onTransact(ActivityManagerNative.java:2338)
12-09 08:31:09.485 W/ActivityManager( 1592): 	at com.android.server.am.ActivityManagerService.onTransact(ActivityManagerService.java:2443)
12-09 08:31:09.485 W/ActivityManager( 1592): 	at android.os.Binder.execTransact(Binder.java:453)
12-09 08:31:09.496 W/ActivityManager( 1592): Bad activity token: android.os.BinderProxy@af130f9
12-09 08:31:09.496 W/ActivityManager( 1592): java.lang.ClassCastException: android.os.BinderProxy cannot be cast to com.android.server.am.ActivityRecord$Token
12-09 08:31:09.496 W/ActivityManager( 1592): 	at com.android.server.am.ActivityRecord.forTokenLocked(ActivityRecord.java:424)
12-09 08:31:09.496 W/ActivityManager( 1592): 	at com.android.server.am.ActivityRecord.isInStackLocked(ActivityRecord.java:1121)
12-09 08:31:09.496 W/ActivityManager( 1592): 	at com.android.server.am.ActivityManagerService.setTaskDescription(ActivityManagerService.java:8547)
12-09 08:31:09.496 W/ActivityManager( 1592): 	at android.app.ActivityManagerNative.onTransact(ActivityManagerNative.java:2410)
12-09 08:31:09.496 W/ActivityManager( 1592): 	at com.android.server.am.ActivityManagerService.onTransact(ActivityManagerService.java:2443)
12-09 08:31:09.496 W/ActivityManager( 1592): 	at android.os.Binder.execTransact(Binder.java:453)
12-09 08:31:09.615 I/art     (18685): Background sticky concurrent mark sweep GC freed 1388(169KB) AllocSpace objects, 0(0B) LOS objects, 6% free, 1728KB/1857KB, paused 1.168ms total 121.982ms
12-09 08:31:09.661 D/gralloc_ranchu( 1224): gralloc_alloc: Creating ashmem region of size 3686400
12-09 08:31:09.800 W/ActivityManager( 1592): Bad activity token: android.os.BinderProxy@af130f9
12-09 08:31:09.800 W/ActivityManager( 1592): java.lang.ClassCastException: android.os.BinderProxy cannot be cast to com.android.server.am.ActivityRecord$Token
12-09 08:31:09.800 W/ActivityManager( 1592): 	at com.android.server.am.ActivityRecord.forTokenLocked(ActivityRecord.java:424)
12-09 08:31:09.800 W/ActivityManager( 1592): 	at com.android.server.am.ActivityRecord.isInStackLocked(ActivityRecord.java:1121)
12-09 08:31:09.800 W/ActivityManager( 1592): 	at com.android.server.am.ActivityManagerService.getActivityOptions(ActivityManagerService.java:11038)
12-09 08:31:09.800 W/ActivityManager( 1592): 	at android.app.ActivityManagerNative.onTransact(ActivityManagerNative.java:1734)
12-09 08:31:09.800 W/ActivityManager( 1592): 	at com.android.server.am.ActivityManagerService.onTransact(ActivityManagerService.java:2443)
12-09 08:31:09.800 W/ActivityManager( 1592): 	at android.os.Binder.execTransact(Binder.java:453)
12-09 08:31:09.800 W/ActivityManager( 1592): Bad activity token: android.os.BinderProxy@af130f9
12-09 08:31:09.800 W/ActivityManager( 1592): java.lang.ClassCastException: android.os.BinderProxy cannot be cast to com.android.server.am.ActivityRecord$Token
12-09 08:31:09.800 W/ActivityManager( 1592): 	at com.android.server.am.ActivityRecord.forTokenLocked(ActivityRecord.java:424)
12-09 08:31:09.800 W/ActivityManager( 1592): 	at com.android.server.am.ActivityRecord.isInStackLocked(ActivityRecord.java:1121)
12-09 08:31:09.800 W/ActivityManager( 1592): 	at com.android.server.am.ActivityManagerService.getActivityOptions(ActivityManagerService.java:11038)
12-09 08:31:09.800 W/ActivityManager( 1592): 	at android.app.ActivityManagerNative.onTransact(ActivityManagerNative.java:1734)
12-09 08:31:09.800 W/ActivityManager( 1592): 	at com.android.server.am.ActivityManagerService.onTransact(ActivityManagerService.java:2443)
12-09 08:31:09.800 W/ActivityManager( 1592): 	at android.os.Binder.execTransact(Binder.java:453)
12-09 08:31:10.023 V/PhoneStatusBar( 3082): setLightsOn(true)
12-09 08:31:10.233 D/EGL_emulation( 1930): eglMakeCurrent: 0x7f49d5735040: ver 2 0 (tinfo 0x7f49d13fe020)
12-09 08:31:10.234 E/Surface ( 1930): getSlotFromBufferLocked: unknown buffer: 0x7f49d1a8d7a0
12-09 08:31:10.241 D/gralloc_ranchu( 1224): gralloc_alloc: Creating ashmem region of size 3686400
12-09 08:31:10.382 D/        (18685): HostConnection::get() New Host Connection established 0x7f49d1afd580, tid 18685
12-09 08:31:10.884 W/art     ( 1592): Long monitor contention event with owner method=void com.android.server.wm.WindowAnimator$1.doFrame(long) from WindowAnimator.java:121 waiters=1 for 270ms
12-09 08:31:11.099 W/art     ( 1592): Long monitor contention event with owner method=void com.android.server.wm.WindowAnimator$1.doFrame(long) from WindowAnimator.java:121 waiters=1 for 213ms
12-09 08:31:11.137 W/art     ( 1592): Long monitor contention event with owner method=java.util.List com.android.server.am.ActivityManagerService.getAllStackInfos() from ActivityManagerService.java:8937 waiters=0 for 460ms
12-09 08:31:11.140 W/art     ( 1592): Long monitor contention event with owner method=java.util.List com.android.server.am.ActivityManagerService.getAllStackInfos() from ActivityManagerService.java:8937 waiters=1 for 208ms
12-09 08:31:11.151 I/ActivityManager( 1592): Displayed com.evancharlton.mileage/.Mileage: +1s770ms
12-09 08:31:11.318 D/gralloc_ranchu( 1224): gralloc_alloc: Creating ashmem region of size 3686400
12-09 08:31:12.034 D/gralloc_ranchu( 1224): gralloc_alloc: Creating ashmem region of size 3686400
12-09 08:31:12.792 I/art     (18685): Background sticky concurrent mark sweep GC freed 14407(801KB) AllocSpace objects, 1(20KB) LOS objects, 30% free, 1922KB/2MB, paused 11.246ms total 60.528ms
12-09 08:31:13.795 I/System.out(18685): URI: //map
12-09 08:31:13.796 I/System.out(18685): params: {json={"query":"android.widget.EditText id:'price'","operation":{"method_name":"query","arguments":[]}}
12-09 08:31:13.796 I/System.out(18685): }
12-09 08:31:13.875 W/art     (18685): Suspending all threads took: 6.895ms
12-09 08:31:13.925 W/ResourceType(18685): No package identifier when getting name for resource number 0x00000001
12-09 08:31:13.943 I/art     (18685): Background sticky concurrent mark sweep GC freed 12285(540KB) AllocSpace objects, 1(20KB) LOS objects, 3% free, 2MB/2MB, paused 16.562ms total 103.010ms
12-09 08:31:14.062 I/art     (18685): Background sticky concurrent mark sweep GC freed 32555(1518KB) AllocSpace objects, 0(0B) LOS objects, 16% free, 2MB/2MB, paused 1.113ms total 116.675ms
12-09 08:31:14.063 I/System.out(18685): URI: //gesture
12-09 08:31:14.067 I/System.out(18685): params: {json={"query_timeout":5.0,"gestures":[{"query_string":"android.widget.EditText id:'price'","touches":[{"x":50,"y":50,"offset_x":0,"offset_y":0,"wait":0.0,"time":0.2,"release":true,"query_string":null}]}]}
12-09 08:31:14.067 I/System.out(18685): }
12-09 08:31:14.157 W/ResourceType(18685): No package identifier when getting name for resource number 0x00000001
12-09 08:31:14.899 I/LatinIME( 1857): Starting input. Cursor position = 0,0
12-09 08:31:15.063 W/art     (18685): Suspending all threads took: 7.287ms
12-09 08:31:15.080 I/art     (18685): Background partial concurrent mark sweep GC freed 16985(1018KB) AllocSpace objects, 5(100KB) LOS objects, 39% free, 2MB/3MB, paused 12.425ms total 57.827ms
12-09 08:31:15.311 D/EGL_emulation( 1857): eglMakeCurrent: 0x7f49c97c9f00: ver 2 0 (tinfo 0x7f49d13f6600)
12-09 08:31:15.585 I/System.out(18685): URI: //
12-09 08:31:15.585 I/System.out(18685): params: {json={"command":"set_selection","arguments":[-1,-1]}
12-09 08:31:15.585 I/System.out(18685): }
12-09 08:31:15.585 I/System.out(18685): header: {date=Sun, 09 Dec 2018 08:31:16 GMT, accept=*/*, content-length=47, host=127.0.0.1:34777, user-agent=HTTPClient/1.0 (2.8.3, ruby 2.3.1 (2016-04-26)), content-type=application/json;charset=utf-8}
12-09 08:31:15.586 I/System.out(18685): params: {json={"command":"set_selection","arguments":[-1,-1]}
12-09 08:31:15.586 I/System.out(18685): }
12-09 08:31:15.586 I/System.out(18685): ProP json = {"command":"set_selection","arguments":[-1,-1]}
12-09 08:31:15.586 I/System.out(18685): files: {}
12-09 08:31:15.586 I/System.out(18685): command: {"command":"set_selection","arguments":[-1,-1]}
12-09 08:31:15.587 I/InstrumentationBackend(18685): Got command:'Command:'Line:null,set_selection', arguments:'[-1, -1]'
12-09 08:31:16.048 I/System.out(18685): result:{"bonusInformation":[],"message":"","success":true}
12-09 08:31:16.241 I/System.out(18685): URI: //
12-09 08:31:16.241 I/System.out(18685): params: {json={"command":"keyboard_enter_text","arguments":["98879898249712372391"]}
12-09 08:31:16.241 I/System.out(18685): }
12-09 08:31:16.241 I/System.out(18685): header: {date=Sun, 09 Dec 2018 08:31:17 GMT, accept=*/*, content-length=70, host=127.0.0.1:34777, user-agent=HTTPClient/1.0 (2.8.3, ruby 2.3.1 (2016-04-26)), content-type=application/json;charset=utf-8}
12-09 08:31:16.241 I/System.out(18685): params: {json={"command":"keyboard_enter_text","arguments":["98879898249712372391"]}
12-09 08:31:16.241 I/System.out(18685): }
12-09 08:31:16.241 I/System.out(18685): ProP json = {"command":"keyboard_enter_text","arguments":["98879898249712372391"]}
12-09 08:31:16.241 I/System.out(18685): files: {}
12-09 08:31:16.241 I/System.out(18685): command: {"command":"keyboard_enter_text","arguments":["98879898249712372391"]}
12-09 08:31:16.242 I/InstrumentationBackend(18685): Got command:'Command:'Line:null,keyboard_enter_text', arguments:'[98879898249712372391]'
12-09 08:31:16.243 E/SpannableStringBuilder(18685): SPAN_EXCLUSIVE_EXCLUSIVE spans cannot have a zero length
12-09 08:31:16.243 E/SpannableStringBuilder(18685): SPAN_EXCLUSIVE_EXCLUSIVE spans cannot have a zero length
12-09 08:31:16.267 I/art     ( 1857): Background sticky concurrent mark sweep GC freed 1580(201KB) AllocSpace objects, 2(56KB) LOS objects, 20% free, 2MB/2MB, paused 13.688ms total 36.333ms
12-09 08:31:16.309 E/SpannableStringBuilder(18685): SPAN_EXCLUSIVE_EXCLUSIVE spans cannot have a zero length
12-09 08:31:16.309 E/SpannableStringBuilder(18685): SPAN_EXCLUSIVE_EXCLUSIVE spans cannot have a zero length
12-09 08:31:16.322 I/System.out(18685): result:{"bonusInformation":[],"message":"","success":true}
12-09 08:31:16.429 I/art     (18685): Background sticky concurrent mark sweep GC freed 28461(1300KB) AllocSpace objects, 6(120KB) LOS objects, 37% free, 2MB/3MB, paused 1.177ms total 100.565ms
12-09 08:31:16.955 E/SurfaceFlinger( 1224): ro.sf.lcd_density must be defined as a build property
12-09 08:31:16.956 D/gralloc_ranchu( 1224): gralloc_alloc: Creating ashmem region of size 3686400
12-09 08:31:17.080 D/        (18717): HostConnection::get() New Host Connection established 0x7fd353ad2480, tid 18717
12-09 08:31:17.096 E/EGL_emulation( 1224): tid 1224: eglCreateSyncKHR(1881): error 0x3004 (EGL_BAD_ATTRIBUTE)
12-09 08:31:18.107 I/System.out(18685): URI: //map
12-09 08:31:18.107 I/System.out(18685): params: {json={"query":"android.widget.EditText id:'volume'","operation":{"method_name":"query","arguments":[]}}
12-09 08:31:18.107 I/System.out(18685): }
12-09 08:31:18.128 W/ResourceType(18685): No package identifier when getting name for resource number 0x00000001
12-09 08:31:18.289 I/System.out(18685): URI: //gesture
12-09 08:31:18.289 I/System.out(18685): params: {json={"query_timeout":5.0,"gestures":[{"query_string":"android.widget.EditText id:'volume'","touches":[{"x":50,"y":50,"offset_x":0,"offset_y":0,"wait":0.0,"time":0.2,"release":true,"query_string":null}]}]}
12-09 08:31:18.289 I/System.out(18685): }
12-09 08:31:18.299 W/ResourceType(18685): No package identifier when getting name for resource number 0x00000001
12-09 08:31:18.758 I/LatinIME( 1857): Starting input. Cursor position = 0,0
12-09 08:31:18.936 I/art     (18685): Background sticky concurrent mark sweep GC freed 45170(2030KB) AllocSpace objects, 2(40KB) LOS objects, 30% free, 2MB/3MB, paused 2.584ms total 109.356ms
12-09 08:31:19.451 I/System.out(18685): URI: //
12-09 08:31:19.451 I/System.out(18685): params: {json={"command":"set_selection","arguments":[-1,-1]}
12-09 08:31:19.451 I/System.out(18685): }
12-09 08:31:19.452 I/System.out(18685): header: {date=Sun, 09 Dec 2018 08:31:20 GMT, accept=*/*, content-length=47, host=127.0.0.1:34777, user-agent=HTTPClient/1.0 (2.8.3, ruby 2.3.1 (2016-04-26)), content-type=application/json;charset=utf-8}
12-09 08:31:19.452 I/System.out(18685): params: {json={"command":"set_selection","arguments":[-1,-1]}
12-09 08:31:19.452 I/System.out(18685): }
12-09 08:31:19.452 I/System.out(18685): ProP json = {"command":"set_selection","arguments":[-1,-1]}
12-09 08:31:19.452 I/System.out(18685): files: {}
12-09 08:31:19.452 I/System.out(18685): command: {"command":"set_selection","arguments":[-1,-1]}
12-09 08:31:19.453 I/InstrumentationBackend(18685): Got command:'Command:'Line:null,set_selection', arguments:'[-1, -1]'
12-09 08:31:19.479 I/System.out(18685): result:{"bonusInformation":[],"message":"","success":true}
12-09 08:31:19.687 I/System.out(18685): URI: //
12-09 08:31:19.688 I/System.out(18685): params: {json={"command":"keyboard_enter_text","arguments":["98879891284721092831"]}
12-09 08:31:19.688 I/System.out(18685): }
12-09 08:31:19.688 I/System.out(18685): header: {date=Sun, 09 Dec 2018 08:31:20 GMT, accept=*/*, content-length=70, host=127.0.0.1:34777, user-agent=HTTPClient/1.0 (2.8.3, ruby 2.3.1 (2016-04-26)), content-type=application/json;charset=utf-8}
12-09 08:31:19.688 I/System.out(18685): params: {json={"command":"keyboard_enter_text","arguments":["98879891284721092831"]}
12-09 08:31:19.688 I/System.out(18685): }
12-09 08:31:19.688 I/System.out(18685): ProP json = {"command":"keyboard_enter_text","arguments":["98879891284721092831"]}
12-09 08:31:19.688 I/System.out(18685): files: {}
12-09 08:31:19.688 I/System.out(18685): command: {"command":"keyboard_enter_text","arguments":["98879891284721092831"]}
12-09 08:31:19.708 I/InstrumentationBackend(18685): Got command:'Command:'Line:null,keyboard_enter_text', arguments:'[98879891284721092831]'
12-09 08:31:19.714 E/SpannableStringBuilder(18685): SPAN_EXCLUSIVE_EXCLUSIVE spans cannot have a zero length
12-09 08:31:19.714 E/SpannableStringBuilder(18685): SPAN_EXCLUSIVE_EXCLUSIVE spans cannot have a zero length
12-09 08:31:19.757 E/SpannableStringBuilder(18685): SPAN_EXCLUSIVE_EXCLUSIVE spans cannot have a zero length
12-09 08:31:19.757 E/SpannableStringBuilder(18685): SPAN_EXCLUSIVE_EXCLUSIVE spans cannot have a zero length
12-09 08:31:20.000 I/System.out(18685): result:{"bonusInformation":[],"message":"","success":true}
12-09 08:31:20.013 I/art     (18685): Background sticky concurrent mark sweep GC freed 17345(815KB) AllocSpace objects, 5(100KB) LOS objects, 14% free, 2MB/3MB, paused 7.198ms total 322.942ms
12-09 08:31:20.595 E/SurfaceFlinger( 1224): ro.sf.lcd_density must be defined as a build property
12-09 08:31:20.629 D/gralloc_ranchu( 1224): gralloc_alloc: Creating ashmem region of size 3686400
12-09 08:31:20.796 D/        (18727): HostConnection::get() New Host Connection established 0x7f8da4ad2480, tid 18727
12-09 08:31:20.907 E/EGL_emulation( 1224): tid 1224: eglCreateSyncKHR(1881): error 0x3004 (EGL_BAD_ATTRIBUTE)
12-09 08:31:22.193 I/System.out(18685): URI: //map
12-09 08:31:22.193 I/System.out(18685): params: {json={"query":"android.widget.EditText id:'odometer'","operation":{"method_name":"query","arguments":[]}}
12-09 08:31:22.194 I/System.out(18685): }
12-09 08:31:22.227 W/ResourceType(18685): No package identifier when getting name for resource number 0x00000001
12-09 08:31:22.481 I/System.out(18685): URI: //gesture
12-09 08:31:22.481 I/System.out(18685): params: {json={"query_timeout":5.0,"gestures":[{"query_string":"android.widget.EditText id:'odometer'","touches":[{"x":50,"y":50,"offset_x":0,"offset_y":0,"wait":0.0,"time":0.2,"release":true,"query_string":null}]}]}
12-09 08:31:22.481 I/System.out(18685): }
12-09 08:31:22.483 I/art     (18685): Background partial concurrent mark sweep GC freed 56412(2MB) AllocSpace objects, 7(140KB) LOS objects, 39% free, 2MB/4MB, paused 1.225ms total 284.690ms
12-09 08:31:22.500 W/ResourceType(18685): No package identifier when getting name for resource number 0x00000001
12-09 08:31:22.835 I/LatinIME( 1857): Starting input. Cursor position = 0,0
12-09 08:31:22.943 I/art     (18685): Background sticky concurrent mark sweep GC freed 44834(2018KB) AllocSpace objects, 1(20KB) LOS objects, 42% free, 2MB/4MB, paused 19.562ms total 73.355ms
12-09 08:31:23.167 I/art     ( 1857): Background partial concurrent mark sweep GC freed 6352(426KB) AllocSpace objects, 1(20KB) LOS objects, 40% free, 2MB/3MB, paused 2.041ms total 196.408ms
12-09 08:31:23.428 I/System.out(18685): URI: //
12-09 08:31:23.435 I/System.out(18685): params: {json={"command":"set_selection","arguments":[-1,-1]}
12-09 08:31:23.435 I/System.out(18685): }
12-09 08:31:23.435 I/System.out(18685): header: {date=Sun, 09 Dec 2018 08:31:24 GMT, accept=*/*, content-length=47, host=127.0.0.1:34777, user-agent=HTTPClient/1.0 (2.8.3, ruby 2.3.1 (2016-04-26)), content-type=application/json;charset=utf-8}
12-09 08:31:23.435 I/System.out(18685): params: {json={"command":"set_selection","arguments":[-1,-1]}
12-09 08:31:23.435 I/System.out(18685): }
12-09 08:31:23.435 I/System.out(18685): ProP json = {"command":"set_selection","arguments":[-1,-1]}
12-09 08:31:23.435 I/System.out(18685): files: {}
12-09 08:31:23.435 I/System.out(18685): command: {"command":"set_selection","arguments":[-1,-1]}
12-09 08:31:23.436 I/InstrumentationBackend(18685): Got command:'Command:'Line:null,set_selection', arguments:'[-1, -1]'
12-09 08:31:23.470 I/System.out(18685): result:{"bonusInformation":[],"message":"","success":true}
12-09 08:31:23.651 I/System.out(18685): URI: //
12-09 08:31:23.651 I/System.out(18685): params: {json={"command":"keyboard_enter_text","arguments":["74394723984721092831"]}
12-09 08:31:23.651 I/System.out(18685): }
12-09 08:31:23.651 I/System.out(18685): header: {date=Sun, 09 Dec 2018 08:31:24 GMT, accept=*/*, content-length=70, host=127.0.0.1:34777, user-agent=HTTPClient/1.0 (2.8.3, ruby 2.3.1 (2016-04-26)), content-type=application/json;charset=utf-8}
12-09 08:31:23.651 I/System.out(18685): params: {json={"command":"keyboard_enter_text","arguments":["74394723984721092831"]}
12-09 08:31:23.651 I/System.out(18685): }
12-09 08:31:23.651 I/System.out(18685): ProP json = {"command":"keyboard_enter_text","arguments":["74394723984721092831"]}
12-09 08:31:23.651 I/System.out(18685): files: {}
12-09 08:31:23.651 I/System.out(18685): command: {"command":"keyboard_enter_text","arguments":["74394723984721092831"]}
12-09 08:31:23.652 I/InstrumentationBackend(18685): Got command:'Command:'Line:null,keyboard_enter_text', arguments:'[74394723984721092831]'
12-09 08:31:23.653 E/SpannableStringBuilder(18685): SPAN_EXCLUSIVE_EXCLUSIVE spans cannot have a zero length
12-09 08:31:23.653 E/SpannableStringBuilder(18685): SPAN_EXCLUSIVE_EXCLUSIVE spans cannot have a zero length
12-09 08:31:23.698 E/SpannableStringBuilder(18685): SPAN_EXCLUSIVE_EXCLUSIVE spans cannot have a zero length
12-09 08:31:23.698 E/SpannableStringBuilder(18685): SPAN_EXCLUSIVE_EXCLUSIVE spans cannot have a zero length
12-09 08:31:23.704 I/System.out(18685): result:{"bonusInformation":[],"message":"","success":true}
12-09 08:31:24.215 E/SurfaceFlinger( 1224): ro.sf.lcd_density must be defined as a build property
12-09 08:31:24.259 D/gralloc_ranchu( 1224): gralloc_alloc: Creating ashmem region of size 3686400
12-09 08:31:24.313 D/        (18737): HostConnection::get() New Host Connection established 0x7ff172f12480, tid 18737
12-09 08:31:24.363 E/EGL_emulation( 1224): tid 1224: eglCreateSyncKHR(1881): error 0x3004 (EGL_BAD_ATTRIBUTE)
12-09 08:31:26.421 I/System.out(18685): URI: //map
12-09 08:31:26.421 I/System.out(18685): params: {json={"query":"android.widget.Button index:2","operation":{"method_name":"query","arguments":[]}}
12-09 08:31:26.421 I/System.out(18685): }
12-09 08:31:26.548 W/art     (18685): Suspending all threads took: 76.568ms
12-09 08:31:26.597 I/art     (18685): Background sticky concurrent mark sweep GC freed 53792(2MB) AllocSpace objects, 9(180KB) LOS objects, 14% free, 3MB/4MB, paused 77.921ms total 175.426ms
12-09 08:31:26.615 I/System.out(18685): URI: //gesture
12-09 08:31:26.616 I/System.out(18685): params: {json={"query_timeout":5.0,"gestures":[{"query_string":"android.widget.Button index:2","touches":[{"x":50,"y":50,"offset_x":0,"offset_y":0,"wait":0.0,"time":0.2,"release":true,"query_string":null}]}]}
12-09 08:31:26.616 I/System.out(18685): }
12-09 08:31:26.659 I/art     (18685): Background sticky concurrent mark sweep GC freed 23593(1158KB) AllocSpace objects, 2(40KB) LOS objects, 29% free, 2MB/4MB, paused 9.224ms total 33.917ms
12-09 08:31:27.082 W/audio_hw_generic( 1309): Hardware backing HAL too slow, could only write 0 of 661 frames
12-09 08:31:27.099 W/audio_hw_generic( 1309): Hardware backing HAL too slow, could only write 0 of 661 frames
12-09 08:31:27.120 W/audio_hw_generic( 1309): Hardware backing HAL too slow, could only write 0 of 661 frames
12-09 08:31:27.121 W/audio_hw_generic( 1309): Hardware backing HAL too slow, could only write 0 of 661 frames
12-09 08:31:27.187 I/art     (18685): Background sticky concurrent mark sweep GC freed 48439(2MB) AllocSpace objects, 1(20KB) LOS objects, 37% free, 2MB/4MB, paused 1.308ms total 166.788ms
12-09 08:31:27.262 I/calabash(18685): newActivity1
12-09 08:31:27.269 W/ActivityManager( 1592): Bad activity token: android.os.BinderProxy@7d82bab
12-09 08:31:27.269 W/ActivityManager( 1592): java.lang.ClassCastException: android.os.BinderProxy cannot be cast to com.android.server.am.ActivityRecord$Token
12-09 08:31:27.269 W/ActivityManager( 1592): 	at com.android.server.am.ActivityRecord.forTokenLocked(ActivityRecord.java:424)
12-09 08:31:27.269 W/ActivityManager( 1592): 	at com.android.server.am.ActivityRecord.isInStackLocked(ActivityRecord.java:1121)
12-09 08:31:27.269 W/ActivityManager( 1592): 	at com.android.server.am.ActivityRecord.getStackLocked(ActivityRecord.java:1126)
12-09 08:31:27.269 W/ActivityManager( 1592): 	at com.android.server.am.ActivityManagerService.getActivityDisplayId(ActivityManagerService.java:8889)
12-09 08:31:27.269 W/ActivityManager( 1592): 	at android.app.ActivityManagerNative.onTransact(ActivityManagerNative.java:2338)
12-09 08:31:27.269 W/ActivityManager( 1592): 	at com.android.server.am.ActivityManagerService.onTransact(ActivityManagerService.java:2443)
12-09 08:31:27.269 W/ActivityManager( 1592): 	at android.os.Binder.execTransact(Binder.java:453)
12-09 08:31:27.270 W/ActivityManager( 1592): Bad activity token: android.os.BinderProxy@7d82bab
12-09 08:31:27.270 W/ActivityManager( 1592): java.lang.ClassCastException: android.os.BinderProxy cannot be cast to com.android.server.am.ActivityRecord$Token
12-09 08:31:27.270 W/ActivityManager( 1592): 	at com.android.server.am.ActivityRecord.forTokenLocked(ActivityRecord.java:424)
12-09 08:31:27.270 W/ActivityManager( 1592): 	at com.android.server.am.ActivityRecord.isInStackLocked(ActivityRecord.java:1121)
12-09 08:31:27.270 W/ActivityManager( 1592): 	at com.android.server.am.ActivityManagerService.setTaskDescription(ActivityManagerService.java:8547)
12-09 08:31:27.270 W/ActivityManager( 1592): 	at android.app.ActivityManagerNative.onTransact(ActivityManagerNative.java:2410)
12-09 08:31:27.270 W/ActivityManager( 1592): 	at com.android.server.am.ActivityManagerService.onTransact(ActivityManagerService.java:2443)
12-09 08:31:27.270 W/ActivityManager( 1592): 	at android.os.Binder.execTransact(Binder.java:453)
12-09 08:31:27.453 W/ActivityManager( 1592): Bad activity token: android.os.BinderProxy@7d82bab
12-09 08:31:27.453 W/ActivityManager( 1592): java.lang.ClassCastException: android.os.BinderProxy cannot be cast to com.android.server.am.ActivityRecord$Token
12-09 08:31:27.453 W/ActivityManager( 1592): 	at com.android.server.am.ActivityRecord.forTokenLocked(ActivityRecord.java:424)
12-09 08:31:27.453 W/ActivityManager( 1592): 	at com.android.server.am.ActivityRecord.isInStackLocked(ActivityRecord.java:1121)
12-09 08:31:27.453 W/ActivityManager( 1592): 	at com.android.server.am.ActivityManagerService.getActivityOptions(ActivityManagerService.java:11038)
12-09 08:31:27.453 W/ActivityManager( 1592): 	at android.app.ActivityManagerNative.onTransact(ActivityManagerNative.java:1734)
12-09 08:31:27.453 W/ActivityManager( 1592): 	at com.android.server.am.ActivityManagerService.onTransact(ActivityManagerService.java:2443)
12-09 08:31:27.453 W/ActivityManager( 1592): 	at android.os.Binder.execTransact(Binder.java:453)
12-09 08:31:27.473 W/audio_hw_generic( 1309): Hardware backing HAL too slow, could only write 0 of 661 frames
12-09 08:31:27.487 W/ActivityManager( 1592): Bad activity token: android.os.BinderProxy@7d82bab
12-09 08:31:27.487 W/ActivityManager( 1592): java.lang.ClassCastException: android.os.BinderProxy cannot be cast to com.android.server.am.ActivityRecord$Token
12-09 08:31:27.487 W/ActivityManager( 1592): 	at com.android.server.am.ActivityRecord.forTokenLocked(ActivityRecord.java:424)
12-09 08:31:27.487 W/ActivityManager( 1592): 	at com.android.server.am.ActivityRecord.isInStackLocked(ActivityRecord.java:1121)
12-09 08:31:27.487 W/ActivityManager( 1592): 	at com.android.server.am.ActivityManagerService.getActivityOptions(ActivityManagerService.java:11038)
12-09 08:31:27.487 W/ActivityManager( 1592): 	at android.app.ActivityManagerNative.onTransact(ActivityManagerNative.java:1734)
12-09 08:31:27.487 W/ActivityManager( 1592): 	at com.android.server.am.ActivityManagerService.onTransact(ActivityManagerService.java:2443)
12-09 08:31:27.487 W/ActivityManager( 1592): 	at android.os.Binder.execTransact(Binder.java:453)
12-09 08:31:27.507 I/Choreographer(18685): Skipped 30 frames!  The application may be doing too much work on its main thread.
12-09 08:31:27.619 W/audio_hw_generic( 1309): Not supplying enough data to HAL, expected position 39374623 , only wrote 39374448
12-09 08:31:27.620 E/SurfaceFlinger( 1224): ro.sf.lcd_density must be defined as a build property
12-09 08:31:27.621 D/gralloc_ranchu( 1224): gralloc_alloc: Creating ashmem region of size 3686400
12-09 08:31:27.644 I/LatinIME( 1857): Starting input. Cursor position = -1,-1
12-09 08:31:27.652 D/Mileage.ABS(18685): Finished backup
12-09 08:31:27.655 D/Mileage.ABS(18685): Not backing up; 13
12-09 08:31:27.656 D/Mileage.ABS(18685): Not backing up; 14
12-09 08:31:27.709 D/        (18743): HostConnection::get() New Host Connection established 0x7fdef8512480, tid 18743
12-09 08:31:27.729 D/Mileage (18685): Recalculating
12-09 08:31:27.762 E/EGL_emulation( 1224): tid 1224: eglCreateSyncKHR(1881): error 0x3004 (EGL_BAD_ATTRIBUTE)
12-09 08:31:27.954 W/audio_hw_generic( 1309): Not supplying enough data to HAL, expected position 39389247 , only wrote 39388990
12-09 08:31:27.973 W/audio_hw_generic( 1309): Not supplying enough data to HAL, expected position 39389829 , only wrote 39388990
12-09 08:31:27.974 W/audio_hw_generic( 1309): Hardware backing HAL too slow, could only write 0 of 661 frames
12-09 08:31:28.011 W/audio_hw_generic( 1309): Hardware backing HAL too slow, could only write 0 of 661 frames
12-09 08:31:28.027 W/audio_hw_generic( 1309): Hardware backing HAL too slow, could only write 0 of 661 frames
12-09 08:31:28.043 W/audio_hw_generic( 1309): Hardware backing HAL too slow, could only write 0 of 661 frames
12-09 08:31:28.058 W/audio_hw_generic( 1309): Hardware backing HAL too slow, could only write 0 of 661 frames
12-09 08:31:28.072 W/audio_hw_generic( 1309): Hardware backing HAL too slow, could only write 0 of 661 frames
12-09 08:31:28.307 W/audio_hw_generic( 1309): Not supplying enough data to HAL, expected position 39403687 , only wrote 39403532
12-09 08:31:28.307 W/audio_hw_generic( 1309): Not supplying enough data to HAL, expected position 39403539 , only wrote 39403532
12-09 08:31:28.323 W/audio_hw_generic( 1309): Not supplying enough data to HAL, expected position 39404248 , only wrote 39404193
12-09 08:31:28.323 W/audio_hw_generic( 1309): Hardware backing HAL too slow, could only write 0 of 661 frames
12-09 08:31:28.356 W/audio_hw_generic( 1309): Hardware backing HAL too slow, could only write 0 of 661 frames
12-09 08:31:28.370 W/audio_hw_generic( 1309): Hardware backing HAL too slow, could only write 0 of 661 frames
12-09 08:31:28.384 W/audio_hw_generic( 1309): Hardware backing HAL too slow, could only write 0 of 661 frames
12-09 08:31:28.445 D/FillupAdapter(18685): Average economy: 0.7523746539172881
12-09 08:31:28.463 W/audio_hw_generic( 1309): Hardware backing HAL too slow, could only write 0 of 661 frames
12-09 08:31:28.464 D/Mileage.ABS(18685): Not backing up; 822
12-09 08:31:28.474 W/audio_hw_generic( 1309): Hardware backing HAL too slow, could only write 0 of 661 frames
12-09 08:31:28.508 W/audio_hw_generic( 1309): Hardware backing HAL too slow, could only write 0 of 661 frames
12-09 08:31:28.508 W/audio_hw_generic( 1309): Hardware backing HAL too slow, could only write 0 of 661 frames
12-09 08:31:28.539 W/audio_hw_generic( 1309): Not supplying enough data to HAL, expected position 39413709 , only wrote 39413447
12-09 08:31:28.539 W/audio_hw_generic( 1309): Hardware backing HAL too slow, could only write 0 of 661 frames
12-09 08:31:28.539 W/audio_hw_generic( 1309): Hardware backing HAL too slow, could only write 0 of 661 frames
12-09 08:31:28.555 W/audio_hw_generic( 1309): Hardware backing HAL too slow, could only write 0 of 661 frames
12-09 08:31:28.575 W/audio_hw_generic( 1309): Hardware backing HAL too slow, could only write 0 of 661 frames
12-09 08:31:28.599 W/audio_hw_generic( 1309): Not supplying enough data to HAL, expected position 39416115 , only wrote 39416091
12-09 08:31:28.600 W/audio_hw_generic( 1309): Not supplying enough data to HAL, expected position 39416098 , only wrote 39416091
12-09 08:31:28.619 W/audio_hw_generic( 1309): Not supplying enough data to HAL, expected position 39416965 , only wrote 39416752
12-09 08:31:28.654 W/audio_hw_generic( 1309): Not supplying enough data to HAL, expected position 39418282 , only wrote 39418074
12-09 08:31:28.688 I/InputAttributes( 1857): InputType.TYPE_NULL is specified
12-09 08:31:28.744 W/audio_hw_generic( 1309): Not supplying enough data to HAL, expected position 39422022 , only wrote 39421379
12-09 08:31:28.744 W/audio_hw_generic( 1309): Not supplying enough data to HAL, expected position 39421406 , only wrote 39421379
12-09 08:31:28.761 W/audio_hw_generic( 1309): Not supplying enough data to HAL, expected position 39422116 , only wrote 39422040
12-09 08:31:28.768 I/Choreographer( 1857): Skipped 73 frames!  The application may be doing too much work on its main thread.
12-09 08:31:28.780 I/System.out(18685): URI: //gesture
12-09 08:31:28.780 I/System.out(18685): params: {json={"query_timeout":5.0,"gestures":[{"query_string":"android.widget.TabWidget descendant TextView index:0","touches":[{"x":50,"y":50,"offset_x":0,"offset_y":0,"wait":0.0,"time":0.2,"release":true,"query_string":null}]}]}
12-09 08:31:28.780 I/System.out(18685): }
