12-09 07:54:01.796 W/audio_hw_generic( 1308): Hardware backing HAL too slow, could only write 0 of 661 frames
12-09 07:54:01.820 W/audio_hw_generic( 1308): Hardware backing HAL too slow, could only write 0 of 661 frames
12-09 07:54:01.822 I/art     ( 8311): Background sticky concurrent mark sweep GC freed 32518(1500KB) AllocSpace objects, 0(0B) LOS objects, 38% free, 2MB/3MB, paused 2.007ms total 136.076ms
12-09 07:54:01.840 W/audio_hw_generic( 1308): Not supplying enough data to HAL, expected position 12528535 , only wrote 12521984
12-09 07:54:02.233 I/System.out( 8311): URI: //
12-09 07:54:02.234 I/System.out( 8311): params: {json={"command":"set_selection","arguments":[-1,-1]}
12-09 07:54:02.234 I/System.out( 8311): }
12-09 07:54:02.234 I/System.out( 8311): header: {date=Sun, 09 Dec 2018 07:54:02 GMT, accept=*/*, content-length=47, host=127.0.0.1:34777, user-agent=HTTPClient/1.0 (2.8.3, ruby 2.3.1 (2016-04-26)), content-type=application/json;charset=utf-8}
12-09 07:54:02.234 I/System.out( 8311): params: {json={"command":"set_selection","arguments":[-1,-1]}
12-09 07:54:02.234 I/System.out( 8311): }
12-09 07:54:02.234 I/System.out( 8311): ProP json = {"command":"set_selection","arguments":[-1,-1]}
12-09 07:54:02.234 I/System.out( 8311): files: {}
12-09 07:54:02.234 I/System.out( 8311): command: {"command":"set_selection","arguments":[-1,-1]}
12-09 07:54:02.235 I/InstrumentationBackend( 8311): Got command:'Command:'Line:null,set_selection', arguments:'[-1, -1]'
12-09 07:54:02.247 I/System.out( 8311): result:{"bonusInformation":[],"message":"","success":true}
12-09 07:54:02.550 I/System.out( 8311): URI: //
12-09 07:54:02.550 I/System.out( 8311): params: {json={"command":"keyboard_enter_text","arguments":["000"]}
12-09 07:54:02.550 I/System.out( 8311): }
12-09 07:54:02.550 I/System.out( 8311): header: {date=Sun, 09 Dec 2018 07:54:02 GMT, accept=*/*, content-length=53, host=127.0.0.1:34777, user-agent=HTTPClient/1.0 (2.8.3, ruby 2.3.1 (2016-04-26)), content-type=application/json;charset=utf-8}
12-09 07:54:02.550 I/System.out( 8311): params: {json={"command":"keyboard_enter_text","arguments":["000"]}
12-09 07:54:02.550 I/System.out( 8311): }
12-09 07:54:02.550 I/System.out( 8311): ProP json = {"command":"keyboard_enter_text","arguments":["000"]}
12-09 07:54:02.550 I/System.out( 8311): files: {}
12-09 07:54:02.550 I/System.out( 8311): command: {"command":"keyboard_enter_text","arguments":["000"]}
12-09 07:54:02.551 I/InstrumentationBackend( 8311): Got command:'Command:'Line:null,keyboard_enter_text', arguments:'[000]'
12-09 07:54:02.560 E/SpannableStringBuilder( 8311): SPAN_EXCLUSIVE_EXCLUSIVE spans cannot have a zero length
12-09 07:54:02.560 E/SpannableStringBuilder( 8311): SPAN_EXCLUSIVE_EXCLUSIVE spans cannot have a zero length
12-09 07:54:02.564 I/art     ( 1859): Background partial concurrent mark sweep GC freed 6013(427KB) AllocSpace objects, 4(80KB) LOS objects, 39% free, 2MB/3MB, paused 9.674ms total 34.004ms
12-09 07:54:02.591 E/SpannableStringBuilder( 8311): SPAN_EXCLUSIVE_EXCLUSIVE spans cannot have a zero length
12-09 07:54:02.591 E/SpannableStringBuilder( 8311): SPAN_EXCLUSIVE_EXCLUSIVE spans cannot have a zero length
12-09 07:54:02.606 I/System.out( 8311): result:{"bonusInformation":[],"message":"","success":true}
12-09 07:54:02.815 I/art     ( 8311): Background partial concurrent mark sweep GC freed 27957(1340KB) AllocSpace objects, 8(160KB) LOS objects, 39% free, 2MB/3MB, paused 2.306ms total 205.772ms
12-09 07:54:02.825 I/System.out( 8311): URI: //map
12-09 07:54:02.825 I/System.out( 8311): params: {json={"query":"android.widget.Button index:2","operation":{"method_name":"query","arguments":[]}}
12-09 07:54:02.825 I/System.out( 8311): }
12-09 07:54:02.926 W/art     ( 8311): Suspending all threads took: 10.856ms
12-09 07:54:02.956 I/art     ( 8311): Background sticky concurrent mark sweep GC freed 45458(1968KB) AllocSpace objects, 1(20KB) LOS objects, 34% free, 2MB/3MB, paused 12.142ms total 74.034ms
12-09 07:54:02.990 I/System.out( 8311): URI: //gesture
12-09 07:54:02.990 I/System.out( 8311): params: {json={"query_timeout":5.0,"gestures":[{"query_string":"android.widget.Button index:2","touches":[{"x":50,"y":50,"offset_x":0,"offset_y":0,"wait":0.0,"time":0.2,"release":true,"query_string":null}]}]}
12-09 07:54:02.990 I/System.out( 8311): }
12-09 07:54:03.364 W/audio_hw_generic( 1308): Hardware backing HAL too slow, could only write 0 of 661 frames
12-09 07:54:03.365 W/audio_hw_generic( 1308): Hardware backing HAL too slow, could only write 0 of 661 frames
12-09 07:54:03.365 W/audio_hw_generic( 1308): Hardware backing HAL too slow, could only write 0 of 661 frames
12-09 07:54:03.387 W/audio_hw_generic( 1308): Hardware backing HAL too slow, could only write 0 of 661 frames
12-09 07:54:03.412 W/audio_hw_generic( 1308): Hardware backing HAL too slow, could only write 0 of 661 frames
12-09 07:54:03.425 W/audio_hw_generic( 1308): Hardware backing HAL too slow, could only write 0 of 661 frames
12-09 07:54:03.457 W/audio_hw_generic( 1308): Hardware backing HAL too slow, could only write 0 of 661 frames
12-09 07:54:03.457 W/audio_hw_generic( 1308): Hardware backing HAL too slow, could only write 0 of 661 frames
12-09 07:54:03.472 W/audio_hw_generic( 1308): Hardware backing HAL too slow, could only write 0 of 661 frames
12-09 07:54:03.547 W/audio_hw_generic( 1308): Hardware backing HAL too slow, could only write 0 of 661 frames
12-09 07:54:03.562 W/audio_hw_generic( 1308): Hardware backing HAL too slow, could only write 0 of 661 frames
12-09 07:54:03.581 W/audio_hw_generic( 1308): Hardware backing HAL too slow, could only write 0 of 661 frames
12-09 07:54:03.592 W/audio_hw_generic( 1308): Hardware backing HAL too slow, could only write 0 of 661 frames
12-09 07:54:03.610 W/audio_hw_generic( 1308): Hardware backing HAL too slow, could only write 0 of 661 frames
12-09 07:54:03.625 W/audio_hw_generic( 1308): Hardware backing HAL too slow, could only write 0 of 661 frames
12-09 07:54:04.049 D/gralloc_ranchu( 1218): gralloc_alloc: Creating ashmem region of size 40960
12-09 07:54:04.170 W/audio_hw_generic( 1308): Hardware backing HAL too slow, could only write 0 of 661 frames
12-09 07:54:04.205 W/audio_hw_generic( 1308): Not supplying enough data to HAL, expected position 12559044 , only wrote 12559000
12-09 07:54:04.334 W/audio_hw_generic( 1308): Not supplying enough data to HAL, expected position 12564688 , only wrote 12561644
12-09 07:54:04.334 W/audio_hw_generic( 1308): Not supplying enough data to HAL, expected position 12561651 , only wrote 12561644
12-09 07:54:04.360 E/SurfaceFlinger( 1218): ro.sf.lcd_density must be defined as a build property
12-09 07:54:04.417 W/audio_hw_generic( 1308): Not supplying enough data to HAL, expected position 12565321 , only wrote 12562305
12-09 07:54:04.468 D/gralloc_ranchu( 1218): gralloc_alloc: Creating ashmem region of size 3686400
12-09 07:54:04.479 D/        ( 8369): HostConnection::get() New Host Connection established 0x7f4f80512480, tid 8369
12-09 07:54:04.525 E/EGL_emulation( 1218): tid 1218: eglCreateSyncKHR(1881): error 0x3004 (EGL_BAD_ATTRIBUTE)
12-09 07:54:04.937 W/audio_hw_generic( 1308): Hardware backing HAL too slow, could only write 0 of 661 frames
12-09 07:54:04.938 W/audio_hw_generic( 1308): Hardware backing HAL too slow, could only write 0 of 661 frames
12-09 07:54:04.969 W/audio_hw_generic( 1308): Hardware backing HAL too slow, could only write 0 of 661 frames
12-09 07:54:04.984 W/audio_hw_generic( 1308): Hardware backing HAL too slow, could only write 0 of 661 frames
12-09 07:54:05.001 W/audio_hw_generic( 1308): Hardware backing HAL too slow, could only write 0 of 661 frames
12-09 07:54:05.013 W/audio_hw_generic( 1308): Hardware backing HAL too slow, could only write 0 of 661 frames
12-09 07:54:05.242 W/audio_hw_generic( 1308): Not supplying enough data to HAL, expected position 12598665 , only wrote 12596016
12-09 07:54:05.411 W/audio_hw_generic( 1308): Not supplying enough data to HAL, expected position 12603465 , only wrote 12602626
12-09 07:54:05.458 W/audio_hw_generic( 1308): Not supplying enough data to HAL, expected position 12604687 , only wrote 12603948
12-09 07:54:05.497 W/audio_hw_generic( 1308): Hardware backing HAL too slow, could only write 0 of 661 frames
12-09 07:54:05.510 W/audio_hw_generic( 1308): Hardware backing HAL too slow, could only write 0 of 661 frames
12-09 07:54:05.549 W/audio_hw_generic( 1308): Not supplying enough data to HAL, expected position 12607965 , only wrote 12607253
12-09 07:54:05.549 W/audio_hw_generic( 1308): Not supplying enough data to HAL, expected position 12607260 , only wrote 12607253
12-09 07:54:05.549 W/audio_hw_generic( 1308): Hardware backing HAL too slow, could only write 0 of 661 frames
12-09 07:54:05.564 W/audio_hw_generic( 1308): Hardware backing HAL too slow, could only write 0 of 661 frames
12-09 07:54:05.564 W/audio_hw_generic( 1308): Hardware backing HAL too slow, could only write 0 of 661 frames
12-09 07:54:05.585 W/audio_hw_generic( 1308): Hardware backing HAL too slow, could only write 0 of 661 frames
12-09 07:54:05.605 W/audio_hw_generic( 1308): Hardware backing HAL too slow, could only write 0 of 661 frames
