--------- beginning of main
12-09 08:31:26.494 E/EGL_emulation( 1226): tid 1226: eglCreateSyncKHR(1881): error 0x3004 (EGL_BAD_ATTRIBUTE)
12-09 08:31:26.600 I/art     ( 1592): Background partial concurrent mark sweep GC freed 6544(503KB) AllocSpace objects, 1(20KB) LOS objects, 29% free, 9MB/13MB, paused 7.118ms total 48.895ms
--------- beginning of system
12-09 08:31:26.704 W/ActivityManager( 1592): Finishing task with all activities already finished
12-09 08:31:26.704 W/ActivityManager( 1592): Duplicate finish request for ActivityRecord{d6f5c68 u0 com.evancharlton.mileage/.Mileage t481 f}
12-09 08:31:26.705 W/art     ( 1592): Long monitor contention event with owner method=void com.android.server.am.ActivityManagerService.activityPaused(android.os.IBinder) from ActivityManagerService.java:6439 waiters=1 for 128ms
12-09 08:31:26.728 W/ActivityManager( 1592): Finishing task with all activities already finished
12-09 08:31:26.728 W/ActivityManager( 1592): Duplicate finish request for ActivityRecord{d6f5c68 u0 com.evancharlton.mileage/.Mileage t481 f}
12-09 08:31:26.734 W/ActivityManager( 1592): Finishing task with all activities already finished
12-09 08:31:26.734 W/ActivityManager( 1592): Duplicate finish request for ActivityRecord{d6f5c68 u0 com.evancharlton.mileage/.Mileage t481 f}
12-09 08:31:26.777 D/EGL_emulation( 1915): eglMakeCurrent: 0x7f8b2dda1d20: ver 2 0 (tinfo 0x7f8b2dd828c0)
12-09 08:31:26.794 W/audio_hw_generic( 1307): Hardware backing HAL too slow, could only write 0 of 661 frames
12-09 08:31:26.801 W/audio_hw_generic( 1307): Hardware backing HAL too slow, could only write 0 of 661 frames
12-09 08:31:26.813 W/audio_hw_generic( 1307): Hardware backing HAL too slow, could only write 0 of 661 frames
12-09 08:31:26.834 W/audio_hw_generic( 1307): Hardware backing HAL too slow, could only write 0 of 661 frames
12-09 08:31:26.854 W/audio_hw_generic( 1307): Hardware backing HAL too slow, could only write 0 of 661 frames
12-09 08:31:26.866 W/audio_hw_generic( 1307): Hardware backing HAL too slow, could only write 0 of 661 frames
12-09 08:31:26.873 W/audio_hw_generic( 1307): Hardware backing HAL too slow, could only write 0 of 661 frames
12-09 08:31:26.898 W/audio_hw_generic( 1307): Not supplying enough data to HAL, expected position 39054712 , only wrote 39054524
12-09 08:31:26.929 W/audio_hw_generic( 1307): Not supplying enough data to HAL, expected position 39055900 , only wrote 39055846
12-09 08:31:27.161 W/audio_hw_generic( 1307): Hardware backing HAL too slow, could only write 0 of 661 frames
12-09 08:31:27.325 W/audio_hw_generic( 1307): Not supplying enough data to HAL, expected position 39073311 , only wrote 39073032
12-09 08:31:27.325 W/audio_hw_generic( 1307): Not supplying enough data to HAL, expected position 39073040 , only wrote 39073032
12-09 08:31:27.363 W/audio_hw_generic( 1307): Hardware backing HAL too slow, could only write 0 of 661 frames
12-09 08:31:27.382 W/audio_hw_generic( 1307): Hardware backing HAL too slow, could only write 0 of 661 frames
12-09 08:31:27.414 W/audio_hw_generic( 1307): Hardware backing HAL too slow, could only write 0 of 661 frames
12-09 08:31:27.425 W/audio_hw_generic( 1307): Hardware backing HAL too slow, could only write 0 of 661 frames
12-09 08:31:27.458 W/audio_hw_generic( 1307): Hardware backing HAL too slow, could only write 0 of 661 frames
12-09 08:31:27.510 W/audio_hw_generic( 1307): Not supplying enough data to HAL, expected position 39081160 , only wrote 39080964
12-09 08:31:27.510 W/audio_hw_generic( 1307): Not supplying enough data to HAL, expected position 39080971 , only wrote 39080964
12-09 08:31:27.525 W/audio_hw_generic( 1307): Not supplying enough data to HAL, expected position 39081627 , only wrote 39081625
12-09 08:31:27.556 D/AndroidRuntime(18681): >>>>>> START com.android.internal.os.RuntimeInit uid 0 <<<<<<
12-09 08:31:27.557 D/AndroidRuntime(18681): CheckJNI is ON
12-09 08:31:27.685 W/audio_hw_generic( 1307): Not supplying enough data to HAL, expected position 39088676 , only wrote 39084930
12-09 08:31:27.685 W/audio_hw_generic( 1307): Not supplying enough data to HAL, expected position 39084937 , only wrote 39084930
12-09 08:31:27.702 W/audio_hw_generic( 1307): Not supplying enough data to HAL, expected position 39085693 , only wrote 39085591
12-09 08:31:27.735 W/audio_hw_generic( 1307): Not supplying enough data to HAL, expected position 39088236 , only wrote 39086913
12-09 08:31:27.754 D/ICU     (18681): No timezone override file found: /data/misc/zoneinfo/current/icu/icu_tzdata.dat
12-09 08:31:27.807 W/OpenGLRenderer( 1915): Incorrectly called buildLayer on View: ShortcutAndWidgetContainer, destroying layer...
12-09 08:31:27.890 E/memtrack(18681): Couldn't load memtrack module (No such file or directory)
12-09 08:31:27.898 E/android.os.Debug(18681): failed to load memtrack module: -2
12-09 08:31:27.899 I/Radio-JNI(18681): register_android_hardware_Radio DONE
12-09 08:31:27.920 D/AndroidRuntime(18681): Calling main entry com.android.commands.am.Am
12-09 08:31:28.062 I/ActivityManager( 1592): Force stopping com.evancharlton.mileage appid=10141 user=0: start instr
12-09 08:31:28.062 I/ActivityManager( 1592): Killing 18636:com.evancharlton.mileage/u0a141 (adj 0): stop com.evancharlton.mileage
12-09 08:31:28.142 W/ActivityManager( 1592): Crash of app com.evancharlton.mileage running instrumentation ComponentInfo{com.evancharlton.mileage.test/sh.calaba.instrumentationbackend.CalabashInstrumentationTestRunner}
12-09 08:31:28.142 I/ActivityManager( 1592): Force stopping com.evancharlton.mileage appid=10141 user=0: finished inst
12-09 08:31:28.183 W/WindowManager( 1592): Failed looking up window
12-09 08:31:28.183 W/WindowManager( 1592): java.lang.IllegalArgumentException: Requested window android.os.BinderProxy@9fc76b9 does not exist
12-09 08:31:28.183 W/WindowManager( 1592): 	at com.android.server.wm.WindowManagerService.windowForClientLocked(WindowManagerService.java:8733)
12-09 08:31:28.183 W/WindowManager( 1592): 	at com.android.server.wm.WindowManagerService.windowForClientLocked(WindowManagerService.java:8724)
12-09 08:31:28.183 W/WindowManager( 1592): 	at com.android.server.wm.WindowState$DeathRecipient.binderDied(WindowState.java:1209)
12-09 08:31:28.183 W/WindowManager( 1592): 	at android.os.BinderProxy.sendDeathNotice(Binder.java:558)
12-09 08:31:28.183 I/WindowState( 1592): WIN DEATH: null
12-09 08:31:28.377 I/ActivityManager( 1592): Start proc 18690:com.evancharlton.mileage/u0a141 for added application com.evancharlton.mileage
12-09 08:31:28.378 W/art     ( 1592): Long monitor contention event with owner method=boolean com.android.server.am.ActivityManagerService.startInstrumentation(android.content.ComponentName, java.lang.String, int, android.os.Bundle, android.app.IInstrumentationWatcher, android.app.IUiAutomationConnection, int, java.lang.String) from ActivityManagerService.java:17066 waiters=0 for 316ms
12-09 08:31:28.378 W/ActivityManager( 1592): Spurious death for ProcessRecord{54b8029 0:com.evancharlton.mileage/u0a141}, curProc for 18636: null
12-09 08:31:28.378 D/AndroidRuntime(18681): Shutting down VM
12-09 08:31:28.456 W/System  (18690): ClassLoader referenced unknown path: /data/app/com.evancharlton.mileage.test-1/lib/x86_64
12-09 08:31:28.456 W/System  (18690): ClassLoader referenced unknown path: /data/app/com.evancharlton.mileage-1/lib/x86_64
12-09 08:31:28.526 I/System.out(18690): Main activity name automatically set to: com.evancharlton.mileage.Mileage
12-09 08:31:28.527 I/System.out(18690): Calabash did not load Mono. This is only a problem if you are trying to test a Mono application
12-09 08:31:28.527 I/calabash(18690): Test server port: 7102
12-09 08:31:28.528 I/InstrumentationBackend(18690): Added:'GetPreferences', with key:'get_preferences'
12-09 08:31:28.668 I/InstrumentationBackend(18690): Added:'SetPreferences', with key:'set_preferences'
12-09 08:31:28.669 I/InstrumentationBackend(18690): Added:'ClearPreferences', with key:'clear_preferences'
12-09 08:31:28.669 I/InstrumentationBackend(18690): Added:'PressElement', with key:'press_l10n_element'
12-09 08:31:28.669 I/InstrumentationBackend(18690): Added:'WaitForElement', with key:'wait_for_l10n_element'
12-09 08:31:28.678 I/InstrumentationBackend(18690): Added:'NullAction', with key:'nullAction'
12-09 08:31:28.682 I/InstrumentationBackend(18690): Added:'PressKey', with key:'press_key'
12-09 08:31:28.682 I/InstrumentationBackend(18690): Added:'SetActivityOrientation', with key:'set_activity_orientation'
12-09 08:31:28.682 I/InstrumentationBackend(18690): Added:'GetActivityOrientation', with key:'get_activity_orientation'
12-09 08:31:28.682 I/InstrumentationBackend(18690): Added:'FakeGPSLocation', with key:'set_gps_coordinates'
12-09 08:31:28.682 I/InstrumentationBackend(18690): Added:'SetPropertyByCssSelector', with key:'set_property_by_css_selector'
12-09 08:31:28.683 I/InstrumentationBackend(18690): Added:'GetUrl', with key:'get_url'
12-09 08:31:28.690 I/InstrumentationBackend(18690): Added:'ScrollTo', with key:'scroll_to'
12-09 08:31:28.690 I/InstrumentationBackend(18690): Added:'GetLoadProgress', with key:'get_load_progress'
12-09 08:31:28.690 I/InstrumentationBackend(18690): Added:'DumpHtml', with key:'dump_html'
12-09 08:31:28.690 I/InstrumentationBackend(18690): Added:'DumpBodyHtml', with key:'dump_body_html'
12-09 08:31:28.691 I/InstrumentationBackend(18690): Added:'EnterTextByCssSelector', with key:'enter_text_by_selector'
12-09 08:31:28.692 I/InstrumentationBackend(18690): Added:'AndroidSDKVersion', with key:'android_sdk_version'
12-09 08:31:28.692 I/InstrumentationBackend(18690): Added:'Version', with key:'version'
12-09 08:31:28.692 I/InstrumentationBackend(18690): Added:'Drag', with key:'drag'
12-09 08:31:28.692 I/InstrumentationBackend(18690): Added:'TouchCoordinates', with key:'touch_coordinate'
12-09 08:31:28.692 I/InstrumentationBackend(18690): Added:'LongPressCoordinate', with key:'long_press_coordinate'
12-09 08:31:28.693 I/InstrumentationBackend(18690): Added:'DragCoordinates', with key:'drag_coordinates'
12-09 08:31:28.693 I/InstrumentationBackend(18690): Added:'ResumeApplication', with key:'resume_application'
12-09 08:31:28.693 I/InstrumentationBackend(18690): Added:'Swipe', with key:'swipe'
12-09 08:31:28.694 I/InstrumentationBackend(18690): Added:'DoubleTapCoordinate', with key:'double_tap_coordinate'
12-09 08:31:28.709 I/InstrumentationBackend(18690): Added:'ClickOnScreen', with key:'click_on_screen'
12-09 08:31:28.710 I/InstrumentationBackend(18690): Added:'GetActivityName', with key:'get_activity_name'
12-09 08:31:28.710 I/InstrumentationBackend(18690): Added:'ScrollToView', with key:'scroll_to_view'
12-09 08:31:28.711 I/InstrumentationBackend(18690): Added:'ViewConfiguration', with key:'view_configuration'
12-09 08:31:28.711 I/InstrumentationBackend(18690): Added:'IsCurrentActivityFocused', with key:'is_current_activity_focused'
12-09 08:31:28.711 I/InstrumentationBackend(18690): Added:'SendTcp', with key:'send_tcp'
12-09 08:31:28.711 I/InstrumentationBackend(18690): Added:'DpToDevicePixel', with key:'dp_to_device_pixel'
12-09 08:31:28.712 I/InstrumentationBackend(18690): Added:'KeyboardEnterText', with key:'keyboard_enter_text'
12-09 08:31:28.712 I/InstrumentationBackend(18690): Added:'DeleteSurroundingText', with key:'delete_surrounding_text'
12-09 08:31:28.712 I/InstrumentationBackend(18690): Added:'SetComposingRegion', with key:'set_composing_region'
12-09 08:31:28.712 I/InstrumentationBackend(18690): Added:'SetSelection', with key:'set_selection'
12-09 08:31:28.712 I/InstrumentationBackend(18690): Added:'KeyboardKeyEvent', with key:'keyboard_key_event'
12-09 08:31:28.713 I/InstrumentationBackend(18690): Added:'PressUserActionButton', with key:'press_user_action_button'
12-09 08:31:28.713 I/InstrumentationBackend(18690): Added:'HideSoftKeyboard', with key:'hide_soft_keyboard'
12-09 08:31:28.713 I/InstrumentationBackend(18690): Added:'ListActions', with key:'list_actions'
12-09 08:31:28.714 I/calabash(18690): Instantiating http server at 7102
12-09 08:31:28.714 I/System.out(18690): HTTP Daemon listening on: 7102
12-09 08:31:28.842 I/System.out(18690): URI: //ping
12-09 08:31:28.843 I/System.out(18690): params: {json={}
12-09 08:31:28.843 I/System.out(18690): }
12-09 08:31:28.870 I/System.out(18690): URI: //ping
12-09 08:31:28.870 I/System.out(18690): params: {json={}
12-09 08:31:28.870 I/System.out(18690): }
12-09 08:31:28.994 I/System.out(18690): URI: //ready
12-09 08:31:28.994 I/System.out(18690): params: {json={}
12-09 08:31:28.994 I/System.out(18690): }
12-09 08:31:29.066 I/System.out(18690): URI: //
12-09 08:31:29.066 I/System.out(18690): params: {json={"command":"version","arguments":[]}
12-09 08:31:29.066 I/System.out(18690): }
12-09 08:31:29.066 I/System.out(18690): header: {date=Sun, 09 Dec 2018 08:31:29 GMT, accept=*/*, content-length=36, host=127.0.0.1:34777, user-agent=HTTPClient/1.0 (2.8.3, ruby 2.3.1 (2016-04-26)), content-type=application/json;charset=utf-8}
12-09 08:31:29.066 I/System.out(18690): params: {json={"command":"version","arguments":[]}
12-09 08:31:29.066 I/System.out(18690): }
12-09 08:31:29.066 I/System.out(18690): ProP json = {"command":"version","arguments":[]}
12-09 08:31:29.066 I/System.out(18690): files: {}
12-09 08:31:29.066 I/System.out(18690): command: {"command":"version","arguments":[]}
12-09 08:31:29.075 I/InstrumentationBackend(18690): Got command:'Command:'Line:null,version', arguments:'[]'
12-09 08:31:29.112 I/System.out(18690): result:{"bonusInformation":[],"message":"0.9.8","success":true}
12-09 08:31:29.194 I/System.out(18690): URI: //start-application
12-09 08:31:29.194 I/System.out(18690): params: {json={"intent":null}
12-09 08:31:29.194 I/System.out(18690): }
12-09 08:31:29.204 I/art     (18690): Background sticky concurrent mark sweep GC freed 14428(822KB) AllocSpace objects, 11(220KB) LOS objects, 30% free, 1407KB/2032KB, paused 5.714ms total 101.502ms
12-09 08:31:29.406 I/ActivityManager( 1592): START u0 {act=android.intent.action.MAIN cat=[android.intent.category.LAUNCHER] flg=0x10200000 cmp=com.evancharlton.mileage/.Mileage} from uid 10141 on display 0
12-09 08:31:29.424 I/art     (18690): Background partial concurrent mark sweep GC freed 18878(961KB) AllocSpace objects, 3(60KB) LOS objects, 45% free, 1209KB/2MB, paused 1.295ms total 161.890ms
12-09 08:31:29.617 W/art     ( 1592): Long monitor contention event with owner method=int com.android.server.wm.WindowManagerService.relayoutWindow(com.android.server.wm.Session, android.view.IWindow, int, android.view.WindowManager$LayoutParams, int, int, int, int, android.graphics.Rect, android.graphics.Rect, android.graphics.Rect, android.graphics.Rect, android.graphics.Rect, android.graphics.Rect, android.content.res.Configuration, android.view.Surface) from WindowManagerService.java:3103 waiters=1 for 173ms
12-09 08:31:29.638 D/gralloc_ranchu( 1226): gralloc_alloc: Creating ashmem region of size 3686400
12-09 08:31:29.643 I/calabash(18690): newActivity1
12-09 08:31:29.683 I/calabash(18690): newActivity1
12-09 08:31:29.685 W/ActivityManager( 1592): Bad activity token: android.os.BinderProxy@f312ec8
12-09 08:31:29.685 W/ActivityManager( 1592): java.lang.ClassCastException: android.os.BinderProxy cannot be cast to com.android.server.am.ActivityRecord$Token
12-09 08:31:29.685 W/ActivityManager( 1592): 	at com.android.server.am.ActivityRecord.forTokenLocked(ActivityRecord.java:424)
12-09 08:31:29.685 W/ActivityManager( 1592): 	at com.android.server.am.ActivityRecord.isInStackLocked(ActivityRecord.java:1121)
12-09 08:31:29.685 W/ActivityManager( 1592): 	at com.android.server.am.ActivityRecord.getStackLocked(ActivityRecord.java:1126)
12-09 08:31:29.685 W/ActivityManager( 1592): 	at com.android.server.am.ActivityManagerService.getActivityDisplayId(ActivityManagerService.java:8889)
12-09 08:31:29.685 W/ActivityManager( 1592): 	at android.app.ActivityManagerNative.onTransact(ActivityManagerNative.java:2338)
12-09 08:31:29.685 W/ActivityManager( 1592): 	at com.android.server.am.ActivityManagerService.onTransact(ActivityManagerService.java:2443)
12-09 08:31:29.685 W/ActivityManager( 1592): 	at android.os.Binder.execTransact(Binder.java:453)
12-09 08:31:29.698 W/ActivityManager( 1592): Bad activity token: android.os.BinderProxy@f312ec8
12-09 08:31:29.698 W/ActivityManager( 1592): java.lang.ClassCastException: android.os.BinderProxy cannot be cast to com.android.server.am.ActivityRecord$Token
12-09 08:31:29.698 W/ActivityManager( 1592): 	at com.android.server.am.ActivityRecord.forTokenLocked(ActivityRecord.java:424)
12-09 08:31:29.698 W/ActivityManager( 1592): 	at com.android.server.am.ActivityRecord.isInStackLocked(ActivityRecord.java:1121)
12-09 08:31:29.698 W/ActivityManager( 1592): 	at com.android.server.am.ActivityManagerService.setTaskDescription(ActivityManagerService.java:8547)
12-09 08:31:29.698 W/ActivityManager( 1592): 	at android.app.ActivityManagerNative.onTransact(ActivityManagerNative.java:2410)
12-09 08:31:29.698 W/ActivityManager( 1592): 	at com.android.server.am.ActivityManagerService.onTransact(ActivityManagerService.java:2443)
12-09 08:31:29.698 W/ActivityManager( 1592): 	at android.os.Binder.execTransact(Binder.java:453)
12-09 08:31:29.800 W/ActivityManager( 1592): Bad activity token: android.os.BinderProxy@f312ec8
12-09 08:31:29.800 W/ActivityManager( 1592): java.lang.ClassCastException: android.os.BinderProxy cannot be cast to com.android.server.am.ActivityRecord$Token
12-09 08:31:29.800 W/ActivityManager( 1592): 	at com.android.server.am.ActivityRecord.forTokenLocked(ActivityRecord.java:424)
12-09 08:31:29.800 W/ActivityManager( 1592): 	at com.android.server.am.ActivityRecord.isInStackLocked(ActivityRecord.java:1121)
12-09 08:31:29.800 W/ActivityManager( 1592): 	at com.android.server.am.ActivityManagerService.getActivityOptions(ActivityManagerService.java:11038)
12-09 08:31:29.800 W/ActivityManager( 1592): 	at android.app.ActivityManagerNative.onTransact(ActivityManagerNative.java:1734)
12-09 08:31:29.800 W/ActivityManager( 1592): 	at com.android.server.am.ActivityManagerService.onTransact(ActivityManagerService.java:2443)
12-09 08:31:29.800 W/ActivityManager( 1592): 	at android.os.Binder.execTransact(Binder.java:453)
12-09 08:31:29.800 W/ActivityManager( 1592): Bad activity token: android.os.BinderProxy@f312ec8
12-09 08:31:29.800 W/ActivityManager( 1592): java.lang.ClassCastException: android.os.BinderProxy cannot be cast to com.android.server.am.ActivityRecord$Token
12-09 08:31:29.800 W/ActivityManager( 1592): 	at com.android.server.am.ActivityRecord.forTokenLocked(ActivityRecord.java:424)
12-09 08:31:29.800 W/ActivityManager( 1592): 	at com.android.server.am.ActivityRecord.isInStackLocked(ActivityRecord.java:1121)
12-09 08:31:29.800 W/ActivityManager( 1592): 	at com.android.server.am.ActivityManagerService.getActivityOptions(ActivityManagerService.java:11038)
12-09 08:31:29.800 W/ActivityManager( 1592): 	at android.app.ActivityManagerNative.onTransact(ActivityManagerNative.java:1734)
12-09 08:31:29.800 W/ActivityManager( 1592): 	at com.android.server.am.ActivityManagerService.onTransact(ActivityManagerService.java:2443)
12-09 08:31:29.800 W/ActivityManager( 1592): 	at android.os.Binder.execTransact(Binder.java:453)
12-09 08:31:29.809 V/PhoneStatusBar( 3078): setLightsOn(true)
12-09 08:31:29.832 I/art     (18690): Background sticky concurrent mark sweep GC freed 1868(318KB) AllocSpace objects, 0(0B) LOS objects, 20% free, 1771KB/2MB, paused 7.842ms total 21.759ms
12-09 08:31:29.889 D/EGL_emulation( 1915): eglMakeCurrent: 0x7f8b2dda1d20: ver 2 0 (tinfo 0x7f8b2dd828c0)
12-09 08:31:29.919 E/Surface ( 1915): getSlotFromBufferLocked: unknown buffer: 0x7f8b2a516a20
12-09 08:31:30.104 W/art     ( 1592): Long monitor contention event with owner method=void com.android.server.wm.WindowAnimator$1.doFrame(long) from WindowAnimator.java:121 waiters=2 for 138ms
12-09 08:31:30.844 I/Choreographer(18690): Skipped 41 frames!  The application may be doing too much work on its main thread.
12-09 08:31:30.845 D/gralloc_ranchu( 1226): gralloc_alloc: Creating ashmem region of size 3686400
12-09 08:31:31.006 D/        (18690): HostConnection::get() New Host Connection established 0x7f8b21c2df00, tid 18690
12-09 08:31:31.044 I/ActivityManager( 1592): Displayed com.evancharlton.mileage/.Mileage: +1s417ms
12-09 08:31:31.104 D/gralloc_ranchu( 1226): gralloc_alloc: Creating ashmem region of size 3686400
12-09 08:31:31.510 W/art     ( 1592): Long monitor contention event with owner method=void com.android.server.wm.WindowAnimator$1.doFrame(long) from WindowAnimator.java:121 waiters=0 for 106ms
12-09 08:31:31.641 D/gralloc_ranchu( 1226): gralloc_alloc: Creating ashmem region of size 3686400
12-09 08:31:33.038 I/System.out(18690): URI: //map
12-09 08:31:33.038 I/System.out(18690): params: {json={"query":"android.widget.EditText id:'price'","operation":{"method_name":"query","arguments":[]}}
12-09 08:31:33.038 I/System.out(18690): }
12-09 08:31:33.082 W/art     (18690): Suspending all threads took: 27.357ms
12-09 08:31:33.114 I/art     (18690): Background sticky concurrent mark sweep GC freed 7524(292KB) AllocSpace objects, 2(40KB) LOS objects, 0% free, 2MB/2MB, paused 28.759ms total 66.416ms
12-09 08:31:33.429 W/art     (18690): Suspending all threads took: 6.128ms
12-09 08:31:33.442 W/ResourceType(18690): No package identifier when getting name for resource number 0x00000001
12-09 08:31:33.451 I/art     (18690): Background partial concurrent mark sweep GC freed 6233(371KB) AllocSpace objects, 1(20KB) LOS objects, 39% free, 2MB/3MB, paused 11.696ms total 294.844ms
12-09 08:31:33.587 I/System.out(18690): URI: //gesture
12-09 08:31:33.606 I/System.out(18690): params: {json={"query_timeout":5.0,"gestures":[{"query_string":"android.widget.EditText id:'price'","touches":[{"x":50,"y":50,"offset_x":0,"offset_y":0,"wait":0.0,"time":0.2,"release":true,"query_string":null}]}]}
12-09 08:31:33.606 I/System.out(18690): }
12-09 08:31:33.650 W/ResourceType(18690): No package identifier when getting name for resource number 0x00000001
12-09 08:31:34.214 I/LatinIME( 1878): Starting input. Cursor position = 0,0
12-09 08:31:34.786 I/System.out(18690): URI: //
12-09 08:31:34.786 I/System.out(18690): params: {json={"command":"set_selection","arguments":[-1,-1]}
12-09 08:31:34.786 I/System.out(18690): }
12-09 08:31:34.786 I/System.out(18690): header: {date=Sun, 09 Dec 2018 08:31:34 GMT, accept=*/*, content-length=47, host=127.0.0.1:34777, user-agent=HTTPClient/1.0 (2.8.3, ruby 2.3.1 (2016-04-26)), content-type=application/json;charset=utf-8}
12-09 08:31:34.786 I/System.out(18690): params: {json={"command":"set_selection","arguments":[-1,-1]}
12-09 08:31:34.786 I/System.out(18690): }
12-09 08:31:34.786 I/System.out(18690): ProP json = {"command":"set_selection","arguments":[-1,-1]}
12-09 08:31:34.786 I/System.out(18690): files: {}
12-09 08:31:34.786 I/System.out(18690): command: {"command":"set_selection","arguments":[-1,-1]}
12-09 08:31:34.787 I/InstrumentationBackend(18690): Got command:'Command:'Line:null,set_selection', arguments:'[-1, -1]'
12-09 08:31:35.187 W/SurfaceFlinger( 1226): Timed out waiting for hw vsync; faking it
12-09 08:31:35.281 I/System.out(18690): result:{"bonusInformation":[],"message":"","success":true}
12-09 08:31:35.755 D/EGL_emulation( 1878): eglMakeCurrent: 0x7f8b2dda1640: ver 2 0 (tinfo 0x7f8b2dd82840)
12-09 08:31:35.757 I/System.out(18690): URI: //
12-09 08:31:35.757 I/System.out(18690): params: {json={"command":"keyboard_enter_text","arguments":["-321ßå∂˚¡–ºß123"]}
12-09 08:31:35.757 I/System.out(18690): }
12-09 08:31:35.757 I/System.out(18690): header: {date=Sun, 09 Dec 2018 08:31:35 GMT, accept=*/*, content-length=75, host=127.0.0.1:34777, user-agent=HTTPClient/1.0 (2.8.3, ruby 2.3.1 (2016-04-26)), content-type=application/json;charset=utf-8}
12-09 08:31:35.757 I/System.out(18690): params: {json={"command":"keyboard_enter_text","arguments":["-321ßå∂˚¡–ºß123"]}
12-09 08:31:35.757 I/System.out(18690): }
12-09 08:31:35.757 I/System.out(18690): ProP json = {"command":"keyboard_enter_text","arguments":["-321ßå∂˚¡–ºß123"]}
12-09 08:31:35.757 I/System.out(18690): files: {}
12-09 08:31:35.757 I/System.out(18690): command: {"command":"keyboard_enter_text","arguments":["-321ßå∂˚¡–ºß123"]}
12-09 08:31:35.777 I/InstrumentationBackend(18690): Got command:'Command:'Line:null,keyboard_enter_text', arguments:'[-321ßå∂˚¡–ºß123]'
12-09 08:31:35.917 E/SpannableStringBuilder(18690): SPAN_EXCLUSIVE_EXCLUSIVE spans cannot have a zero length
12-09 08:31:35.918 E/SpannableStringBuilder(18690): SPAN_EXCLUSIVE_EXCLUSIVE spans cannot have a zero length
12-09 08:31:35.920 E/SpannableStringBuilder(18690): SPAN_EXCLUSIVE_EXCLUSIVE spans cannot have a zero length
12-09 08:31:35.920 E/SpannableStringBuilder(18690): SPAN_EXCLUSIVE_EXCLUSIVE spans cannot have a zero length
12-09 08:31:35.952 I/System.out(18690): result:{"bonusInformation":[],"message":"","success":true}
12-09 08:31:36.622 E/SurfaceFlinger( 1226): ro.sf.lcd_density must be defined as a build property
12-09 08:31:36.716 D/gralloc_ranchu( 1226): gralloc_alloc: Creating ashmem region of size 3686400
12-09 08:31:36.914 D/        (18722): HostConnection::get() New Host Connection established 0x7f2e01ed2480, tid 18722
12-09 08:31:36.942 E/EGL_emulation( 1226): tid 1226: eglCreateSyncKHR(1881): error 0x3004 (EGL_BAD_ATTRIBUTE)
12-09 08:31:38.374 I/System.out(18690): URI: //map
12-09 08:31:38.374 I/System.out(18690): params: {json={"query":"android.widget.EditText id:'volume'","operation":{"method_name":"query","arguments":[]}}
12-09 08:31:38.374 I/System.out(18690): }
12-09 08:31:38.388 W/ResourceType(18690): No package identifier when getting name for resource number 0x00000001
12-09 08:31:38.483 I/System.out(18690): URI: //gesture
12-09 08:31:38.483 I/System.out(18690): params: {json={"query_timeout":5.0,"gestures":[{"query_string":"android.widget.EditText id:'volume'","touches":[{"x":50,"y":50,"offset_x":0,"offset_y":0,"wait":0.0,"time":0.2,"release":true,"query_string":null}]}]}
12-09 08:31:38.483 I/System.out(18690): }
12-09 08:31:39.031 I/art     (18690): Background sticky concurrent mark sweep GC freed 59651(2MB) AllocSpace objects, 5(100KB) LOS objects, 10% free, 3MB/3MB, paused 1.785ms total 644.461ms
12-09 08:31:39.134 W/ResourceType(18690): No package identifier when getting name for resource number 0x00000001
12-09 08:31:39.426 I/LatinIME( 1878): Starting input. Cursor position = 0,0
12-09 08:31:40.222 I/System.out(18690): URI: //
12-09 08:31:40.222 I/System.out(18690): params: {json={"command":"set_selection","arguments":[-1,-1]}
12-09 08:31:40.222 I/System.out(18690): }
12-09 08:31:40.222 I/System.out(18690): header: {date=Sun, 09 Dec 2018 08:31:40 GMT, accept=*/*, content-length=47, host=127.0.0.1:34777, user-agent=HTTPClient/1.0 (2.8.3, ruby 2.3.1 (2016-04-26)), content-type=application/json;charset=utf-8}
12-09 08:31:40.222 I/System.out(18690): params: {json={"command":"set_selection","arguments":[-1,-1]}
12-09 08:31:40.222 I/System.out(18690): }
12-09 08:31:40.222 I/System.out(18690): ProP json = {"command":"set_selection","arguments":[-1,-1]}
12-09 08:31:40.222 I/System.out(18690): files: {}
12-09 08:31:40.222 I/System.out(18690): command: {"command":"set_selection","arguments":[-1,-1]}
12-09 08:31:40.224 I/InstrumentationBackend(18690): Got command:'Command:'Line:null,set_selection', arguments:'[-1, -1]'
12-09 08:31:40.229 I/System.out(18690): result:{"bonusInformation":[],"message":"","success":true}
12-09 08:31:40.352 I/System.out(18690): URI: //
12-09 08:31:40.352 I/System.out(18690): params: {json={"command":"keyboard_enter_text","arguments":["åß9∂º–ç¬  ß29å∂˚¡–ºß123"]}
12-09 08:31:40.352 I/System.out(18690): }
12-09 08:31:40.352 I/System.out(18690): header: {date=Sun, 09 Dec 2018 08:31:40 GMT, accept=*/*, content-length=92, host=127.0.0.1:34777, user-agent=HTTPClient/1.0 (2.8.3, ruby 2.3.1 (2016-04-26)), content-type=application/json;charset=utf-8}
12-09 08:31:40.352 I/System.out(18690): params: {json={"command":"keyboard_enter_text","arguments":["åß9∂º–ç¬  ß29å∂˚¡–ºß123"]}
12-09 08:31:40.352 I/System.out(18690): }
12-09 08:31:40.352 I/System.out(18690): ProP json = {"command":"keyboard_enter_text","arguments":["åß9∂º–ç¬  ß29å∂˚¡–ºß123"]}
12-09 08:31:40.352 I/System.out(18690): files: {}
12-09 08:31:40.353 I/System.out(18690): command: {"command":"keyboard_enter_text","arguments":["åß9∂º–ç¬  ß29å∂˚¡–ºß123"]}
12-09 08:31:40.354 I/InstrumentationBackend(18690): Got command:'Command:'Line:null,keyboard_enter_text', arguments:'[åß9∂º–ç¬  ß29å∂˚¡–ºß123]'
12-09 08:31:40.354 E/SpannableStringBuilder(18690): SPAN_EXCLUSIVE_EXCLUSIVE spans cannot have a zero length
12-09 08:31:40.354 E/SpannableStringBuilder(18690): SPAN_EXCLUSIVE_EXCLUSIVE spans cannot have a zero length
12-09 08:31:40.366 E/SpannableStringBuilder(18690): SPAN_EXCLUSIVE_EXCLUSIVE spans cannot have a zero length
12-09 08:31:40.366 E/SpannableStringBuilder(18690): SPAN_EXCLUSIVE_EXCLUSIVE spans cannot have a zero length
12-09 08:31:40.413 I/System.out(18690): result:{"bonusInformation":[],"message":"","success":true}
12-09 08:31:40.947 E/SurfaceFlinger( 1226): ro.sf.lcd_density must be defined as a build property
12-09 08:31:40.947 D/gralloc_ranchu( 1226): gralloc_alloc: Creating ashmem region of size 3686400
12-09 08:31:40.979 D/        (18732): HostConnection::get() New Host Connection established 0x7f37b9792480, tid 18732
12-09 08:31:41.035 E/EGL_emulation( 1226): tid 1226: eglCreateSyncKHR(1881): error 0x3004 (EGL_BAD_ATTRIBUTE)
12-09 08:31:41.878 I/System.out(18690): URI: //map
12-09 08:31:41.879 I/System.out(18690): params: {json={"query":"android.widget.EditText id:'odometer'","operation":{"method_name":"query","arguments":[]}}
12-09 08:31:41.879 I/System.out(18690): }
12-09 08:31:42.363 W/ResourceType(18690): No package identifier when getting name for resource number 0x00000001
12-09 08:31:42.425 W/art     (18690): Suspending all threads took: 7.586ms
12-09 08:31:42.570 I/art     (18690): Background sticky concurrent mark sweep GC freed 32693(1393KB) AllocSpace objects, 1(20KB) LOS objects, 16% free, 2MB/3MB, paused 9.110ms total 167.557ms
12-09 08:31:42.618 I/System.out(18690): URI: //gesture
12-09 08:31:42.618 I/System.out(18690): params: {json={"query_timeout":5.0,"gestures":[{"query_string":"android.widget.EditText id:'odometer'","touches":[{"x":50,"y":50,"offset_x":0,"offset_y":0,"wait":0.0,"time":0.2,"release":true,"query_string":null}]}]}
12-09 08:31:42.618 I/System.out(18690): }
12-09 08:31:42.659 W/ResourceType(18690): No package identifier when getting name for resource number 0x00000001
12-09 08:31:43.098 I/LatinIME( 1878): Starting input. Cursor position = 0,0
12-09 08:31:43.340 I/art     (18690): Background sticky concurrent mark sweep GC freed 29839(1419KB) AllocSpace objects, 1(20KB) LOS objects, 30% free, 2MB/3MB, paused 1.098ms total 157.447ms
12-09 08:31:43.494 I/art     ( 1878): Background partial concurrent mark sweep GC freed 2879(234KB) AllocSpace objects, 2(56KB) LOS objects, 40% free, 2MB/3MB, paused 1.086ms total 134.664ms
12-09 08:31:43.854 I/System.out(18690): URI: //
12-09 08:31:43.854 I/System.out(18690): params: {json={"command":"set_selection","arguments":[-1,-1]}
12-09 08:31:43.854 I/System.out(18690): }
12-09 08:31:43.854 I/System.out(18690): header: {date=Sun, 09 Dec 2018 08:31:44 GMT, accept=*/*, content-length=47, host=127.0.0.1:34777, user-agent=HTTPClient/1.0 (2.8.3, ruby 2.3.1 (2016-04-26)), content-type=application/json;charset=utf-8}
12-09 08:31:43.854 I/System.out(18690): params: {json={"command":"set_selection","arguments":[-1,-1]}
12-09 08:31:43.854 I/System.out(18690): }
12-09 08:31:43.855 I/System.out(18690): ProP json = {"command":"set_selection","arguments":[-1,-1]}
12-09 08:31:43.855 I/System.out(18690): files: {}
12-09 08:31:43.855 I/System.out(18690): command: {"command":"set_selection","arguments":[-1,-1]}
12-09 08:31:43.856 I/InstrumentationBackend(18690): Got command:'Command:'Line:null,set_selection', arguments:'[-1, -1]'
12-09 08:31:43.881 I/System.out(18690): result:{"bonusInformation":[],"message":"","success":true}
12-09 08:31:44.026 I/System.out(18690): URI: //
12-09 08:31:44.026 I/System.out(18690): params: {json={"command":"keyboard_enter_text","arguments":["=+œå∑ß≈´∂ç®ƒ√†©∫¡™£"]}
12-09 08:31:44.026 I/System.out(18690): }
12-09 08:31:44.027 I/System.out(18690): header: {date=Sun, 09 Dec 2018 08:31:44 GMT, accept=*/*, content-length=93, host=127.0.0.1:34777, user-agent=HTTPClient/1.0 (2.8.3, ruby 2.3.1 (2016-04-26)), content-type=application/json;charset=utf-8}
12-09 08:31:44.027 I/System.out(18690): params: {json={"command":"keyboard_enter_text","arguments":["=+œå∑ß≈´∂ç®ƒ√†©∫¡™£"]}
12-09 08:31:44.027 I/System.out(18690): }
12-09 08:31:44.027 I/System.out(18690): ProP json = {"command":"keyboard_enter_text","arguments":["=+œå∑ß≈´∂ç®ƒ√†©∫¡™£"]}
12-09 08:31:44.027 I/System.out(18690): files: {}
12-09 08:31:44.027 I/System.out(18690): command: {"command":"keyboard_enter_text","arguments":["=+œå∑ß≈´∂ç®ƒ√†©∫¡™£"]}
12-09 08:31:44.028 I/InstrumentationBackend(18690): Got command:'Command:'Line:null,keyboard_enter_text', arguments:'[=+œå∑ß≈´∂ç®ƒ√†©∫¡™£]'
12-09 08:31:44.028 E/SpannableStringBuilder(18690): SPAN_EXCLUSIVE_EXCLUSIVE spans cannot have a zero length
12-09 08:31:44.028 E/SpannableStringBuilder(18690): SPAN_EXCLUSIVE_EXCLUSIVE spans cannot have a zero length
12-09 08:31:44.033 E/SpannableStringBuilder(18690): SPAN_EXCLUSIVE_EXCLUSIVE spans cannot have a zero length
12-09 08:31:44.033 E/SpannableStringBuilder(18690): SPAN_EXCLUSIVE_EXCLUSIVE spans cannot have a zero length
12-09 08:31:44.053 I/System.out(18690): result:{"bonusInformation":[],"message":"","success":true}
12-09 08:31:44.105 W/art     (18690): Suspending all threads took: 9.925ms
12-09 08:31:44.177 I/art     (18690): Background sticky concurrent mark sweep GC freed 26869(1215KB) AllocSpace objects, 5(100KB) LOS objects, 27% free, 2MB/3MB, paused 11.069ms total 138.241ms
12-09 08:31:44.440 E/SurfaceFlinger( 1226): ro.sf.lcd_density must be defined as a build property
12-09 08:31:44.476 D/gralloc_ranchu( 1226): gralloc_alloc: Creating ashmem region of size 3686400
12-09 08:31:44.496 D/        (18742): HostConnection::get() New Host Connection established 0x7fdfd40d2480, tid 18742
12-09 08:31:44.523 E/EGL_emulation( 1226): tid 1226: eglCreateSyncKHR(1881): error 0x3004 (EGL_BAD_ATTRIBUTE)
