--------- beginning of main
12-09 08:19:31.704 D/AndroidRuntime(16280): >>>>>> START com.android.internal.os.RuntimeInit uid 0 <<<<<<
12-09 08:19:31.705 D/AndroidRuntime(16280): CheckJNI is ON
12-09 08:19:31.724 D/ICU     (16280): No timezone override file found: /data/misc/zoneinfo/current/icu/icu_tzdata.dat
12-09 08:19:32.080 E/memtrack(16280): Couldn't load memtrack module (No such file or directory)
12-09 08:19:32.080 E/android.os.Debug(16280): failed to load memtrack module: -2
12-09 08:19:32.081 I/Radio-JNI(16280): register_android_hardware_Radio DONE
12-09 08:19:32.094 D/AndroidRuntime(16280): Calling main entry com.android.commands.am.Am
--------- beginning of system
12-09 08:19:32.095 I/ActivityManager( 1591): Force stopping com.evancharlton.mileage appid=10135 user=0: start instr
12-09 08:19:32.100 I/ActivityManager( 1591): Killing 16263:com.evancharlton.mileage/u0a135 (adj 0): stop com.evancharlton.mileage
12-09 08:19:32.231 W/ActivityManager( 1591): Crash of app com.evancharlton.mileage running instrumentation ComponentInfo{com.evancharlton.mileage.test/sh.calaba.instrumentationbackend.ClearAppData2}
12-09 08:19:32.232 I/ActivityManager( 1591): Force stopping com.evancharlton.mileage appid=10135 user=0: finished inst
12-09 08:19:32.265 I/ActivityManager( 1591): Start proc 16289:com.evancharlton.mileage/u0a135 for added application com.evancharlton.mileage
12-09 08:19:32.270 D/AndroidRuntime(16280): Shutting down VM
12-09 08:19:32.394 W/System  (16289): ClassLoader referenced unknown path: /data/app/com.evancharlton.mileage.test-1/lib/x86_64
12-09 08:19:32.394 W/System  (16289): ClassLoader referenced unknown path: /data/app/com.evancharlton.mileage-1/lib/x86_64
12-09 08:19:32.527 I/art     (16289): Background sticky concurrent mark sweep GC freed 5923(255KB) AllocSpace objects, 0(0B) LOS objects, 49% free, 649KB/1295KB, paused 7.149ms total 109.680ms
12-09 08:19:32.571 I/System.out(16289): Main activity name automatically set to: com.evancharlton.mileage.Mileage
12-09 08:19:32.571 I/System.out(16289): Calabash did not load Mono. This is only a problem if you are trying to test a Mono application
12-09 08:19:32.592 I/calabash(16289): Test server port: 7102
12-09 08:19:32.592 I/InstrumentationBackend(16289): Added:'GetPreferences', with key:'get_preferences'
12-09 08:19:32.637 I/InstrumentationBackend(16289): Added:'SetPreferences', with key:'set_preferences'
12-09 08:19:32.637 I/InstrumentationBackend(16289): Added:'ClearPreferences', with key:'clear_preferences'
12-09 08:19:32.637 I/InstrumentationBackend(16289): Added:'PressElement', with key:'press_l10n_element'
12-09 08:19:32.638 I/InstrumentationBackend(16289): Added:'WaitForElement', with key:'wait_for_l10n_element'
12-09 08:19:32.638 I/InstrumentationBackend(16289): Added:'NullAction', with key:'nullAction'
12-09 08:19:32.638 I/InstrumentationBackend(16289): Added:'PressKey', with key:'press_key'
12-09 08:19:32.638 I/InstrumentationBackend(16289): Added:'SetActivityOrientation', with key:'set_activity_orientation'
12-09 08:19:32.638 I/InstrumentationBackend(16289): Added:'GetActivityOrientation', with key:'get_activity_orientation'
12-09 08:19:32.639 I/InstrumentationBackend(16289): Added:'FakeGPSLocation', with key:'set_gps_coordinates'
12-09 08:19:32.643 I/InstrumentationBackend(16289): Added:'SetPropertyByCssSelector', with key:'set_property_by_css_selector'
12-09 08:19:32.643 I/InstrumentationBackend(16289): Added:'GetUrl', with key:'get_url'
12-09 08:19:32.680 I/InstrumentationBackend(16289): Added:'ScrollTo', with key:'scroll_to'
12-09 08:19:32.680 I/InstrumentationBackend(16289): Added:'GetLoadProgress', with key:'get_load_progress'
12-09 08:19:32.680 I/InstrumentationBackend(16289): Added:'DumpHtml', with key:'dump_html'
12-09 08:19:32.681 I/InstrumentationBackend(16289): Added:'DumpBodyHtml', with key:'dump_body_html'
12-09 08:19:32.681 I/InstrumentationBackend(16289): Added:'EnterTextByCssSelector', with key:'enter_text_by_selector'
12-09 08:19:32.682 I/InstrumentationBackend(16289): Added:'AndroidSDKVersion', with key:'android_sdk_version'
12-09 08:19:32.682 I/InstrumentationBackend(16289): Added:'Version', with key:'version'
12-09 08:19:32.682 I/InstrumentationBackend(16289): Added:'Drag', with key:'drag'
12-09 08:19:32.682 I/InstrumentationBackend(16289): Added:'TouchCoordinates', with key:'touch_coordinate'
12-09 08:19:32.682 I/InstrumentationBackend(16289): Added:'LongPressCoordinate', with key:'long_press_coordinate'
12-09 08:19:32.682 I/InstrumentationBackend(16289): Added:'DragCoordinates', with key:'drag_coordinates'
12-09 08:19:32.683 I/InstrumentationBackend(16289): Added:'ResumeApplication', with key:'resume_application'
12-09 08:19:32.683 I/InstrumentationBackend(16289): Added:'Swipe', with key:'swipe'
12-09 08:19:32.683 I/InstrumentationBackend(16289): Added:'DoubleTapCoordinate', with key:'double_tap_coordinate'
12-09 08:19:32.683 I/InstrumentationBackend(16289): Added:'ClickOnScreen', with key:'click_on_screen'
12-09 08:19:32.696 I/InstrumentationBackend(16289): Added:'GetActivityName', with key:'get_activity_name'
12-09 08:19:32.697 I/InstrumentationBackend(16289): Added:'ScrollToView', with key:'scroll_to_view'
12-09 08:19:32.699 I/InstrumentationBackend(16289): Added:'ViewConfiguration', with key:'view_configuration'
12-09 08:19:32.699 I/InstrumentationBackend(16289): Added:'IsCurrentActivityFocused', with key:'is_current_activity_focused'
12-09 08:19:32.700 I/InstrumentationBackend(16289): Added:'SendTcp', with key:'send_tcp'
12-09 08:19:32.700 I/InstrumentationBackend(16289): Added:'DpToDevicePixel', with key:'dp_to_device_pixel'
12-09 08:19:32.700 I/InstrumentationBackend(16289): Added:'KeyboardEnterText', with key:'keyboard_enter_text'
12-09 08:19:32.700 I/InstrumentationBackend(16289): Added:'DeleteSurroundingText', with key:'delete_surrounding_text'
12-09 08:19:32.700 I/InstrumentationBackend(16289): Added:'SetComposingRegion', with key:'set_composing_region'
12-09 08:19:32.701 I/InstrumentationBackend(16289): Added:'SetSelection', with key:'set_selection'
12-09 08:19:32.701 I/InstrumentationBackend(16289): Added:'KeyboardKeyEvent', with key:'keyboard_key_event'
12-09 08:19:32.701 I/InstrumentationBackend(16289): Added:'PressUserActionButton', with key:'press_user_action_button'
12-09 08:19:32.701 I/InstrumentationBackend(16289): Added:'HideSoftKeyboard', with key:'hide_soft_keyboard'
12-09 08:19:32.702 I/InstrumentationBackend(16289): Added:'ListActions', with key:'list_actions'
12-09 08:19:32.720 I/calabash(16289): Instantiating http server at 7102
12-09 08:19:32.804 I/art     (16289): Background partial concurrent mark sweep GC freed 3437(348KB) AllocSpace objects, 0(0B) LOS objects, 50% free, 1008KB/2032KB, paused 1.447ms total 164.527ms
12-09 08:19:32.805 I/System.out(16289): HTTP Daemon listening on: 7102
12-09 08:19:32.864 I/System.out(16289): URI: //ping
12-09 08:19:32.868 I/System.out(16289): params: {json={}
12-09 08:19:32.868 I/System.out(16289): }
12-09 08:19:32.937 I/System.out(16289): URI: //ping
12-09 08:19:32.937 I/System.out(16289): params: {json={}
12-09 08:19:32.937 I/System.out(16289): }
12-09 08:19:33.029 I/System.out(16289): URI: //ready
12-09 08:19:33.029 I/System.out(16289): params: {json={}
12-09 08:19:33.029 I/System.out(16289): }
12-09 08:19:33.084 I/System.out(16289): URI: //
12-09 08:19:33.107 I/System.out(16289): params: {json={"command":"version","arguments":[]}
12-09 08:19:33.108 I/System.out(16289): }
12-09 08:19:33.108 I/System.out(16289): header: {date=Sun, 09 Dec 2018 08:19:33 GMT, accept=*/*, content-length=36, host=127.0.0.1:34777, user-agent=HTTPClient/1.0 (2.8.3, ruby 2.3.1 (2016-04-26)), content-type=application/json;charset=utf-8}
12-09 08:19:33.108 I/System.out(16289): params: {json={"command":"version","arguments":[]}
12-09 08:19:33.108 I/System.out(16289): }
12-09 08:19:33.108 I/System.out(16289): ProP json = {"command":"version","arguments":[]}
12-09 08:19:33.108 I/System.out(16289): files: {}
12-09 08:19:33.108 I/System.out(16289): command: {"command":"version","arguments":[]}
12-09 08:19:33.117 I/InstrumentationBackend(16289): Got command:'Command:'Line:null,version', arguments:'[]'
12-09 08:19:33.139 I/System.out(16289): result:{"bonusInformation":[],"message":"0.9.8","success":true}
12-09 08:19:33.202 I/System.out(16289): URI: //start-application
12-09 08:19:33.202 I/System.out(16289): params: {json={"intent":null}
12-09 08:19:33.202 I/System.out(16289): }
12-09 08:19:33.272 I/ActivityManager( 1591): START u0 {act=android.intent.action.MAIN cat=[android.intent.category.LAUNCHER] flg=0x10200000 cmp=com.evancharlton.mileage/.Mileage} from uid 10135 on display 0
12-09 08:19:33.472 I/calabash(16289): newActivity1
12-09 08:19:33.475 W/art     ( 1591): Long monitor contention event with owner method=void com.android.server.am.ActivityManagerService.activityPaused(android.os.IBinder) from ActivityManagerService.java:6439 waiters=1 for 175ms
12-09 08:19:33.537 I/calabash(16289): newActivity1
12-09 08:19:33.539 W/ActivityManager( 1591): Bad activity token: android.os.BinderProxy@1d8b4c0
12-09 08:19:33.539 W/ActivityManager( 1591): java.lang.ClassCastException: android.os.BinderProxy cannot be cast to com.android.server.am.ActivityRecord$Token
12-09 08:19:33.539 W/ActivityManager( 1591): 	at com.android.server.am.ActivityRecord.forTokenLocked(ActivityRecord.java:424)
12-09 08:19:33.539 W/ActivityManager( 1591): 	at com.android.server.am.ActivityRecord.isInStackLocked(ActivityRecord.java:1121)
12-09 08:19:33.539 W/ActivityManager( 1591): 	at com.android.server.am.ActivityRecord.getStackLocked(ActivityRecord.java:1126)
12-09 08:19:33.539 W/ActivityManager( 1591): 	at com.android.server.am.ActivityManagerService.getActivityDisplayId(ActivityManagerService.java:8889)
12-09 08:19:33.539 W/ActivityManager( 1591): 	at android.app.ActivityManagerNative.onTransact(ActivityManagerNative.java:2338)
12-09 08:19:33.539 W/ActivityManager( 1591): 	at com.android.server.am.ActivityManagerService.onTransact(ActivityManagerService.java:2443)
12-09 08:19:33.539 W/ActivityManager( 1591): 	at android.os.Binder.execTransact(Binder.java:453)
12-09 08:19:33.541 D/gralloc_ranchu( 1223): gralloc_alloc: Creating ashmem region of size 3686400
12-09 08:19:33.548 W/ActivityManager( 1591): Bad activity token: android.os.BinderProxy@1d8b4c0
12-09 08:19:33.548 W/ActivityManager( 1591): java.lang.ClassCastException: android.os.BinderProxy cannot be cast to com.android.server.am.ActivityRecord$Token
12-09 08:19:33.548 W/ActivityManager( 1591): 	at com.android.server.am.ActivityRecord.forTokenLocked(ActivityRecord.java:424)
12-09 08:19:33.548 W/ActivityManager( 1591): 	at com.android.server.am.ActivityRecord.isInStackLocked(ActivityRecord.java:1121)
12-09 08:19:33.548 W/ActivityManager( 1591): 	at com.android.server.am.ActivityManagerService.setTaskDescription(ActivityManagerService.java:8547)
12-09 08:19:33.548 W/ActivityManager( 1591): 	at android.app.ActivityManagerNative.onTransact(ActivityManagerNative.java:2410)
12-09 08:19:33.548 W/ActivityManager( 1591): 	at com.android.server.am.ActivityManagerService.onTransact(ActivityManagerService.java:2443)
12-09 08:19:33.548 W/ActivityManager( 1591): 	at android.os.Binder.execTransact(Binder.java:453)
12-09 08:19:33.869 V/PhoneStatusBar( 3285): setLightsOn(true)
12-09 08:19:33.876 D/FillupsProvider(16289): Creating database
12-09 08:19:33.952 D/EGL_emulation( 1931): eglMakeCurrent: 0x7fbdd8aa1fa0: ver 2 0 (tinfo 0x7fbdd8a82b40)
12-09 08:19:33.984 W/art     (16289): Suspending all threads took: 70.629ms
12-09 08:19:34.004 E/Surface ( 1931): getSlotFromBufferLocked: unknown buffer: 0x7fbdd4f5bde0
12-09 08:19:34.052 I/art     (16289): Background sticky concurrent mark sweep GC freed 7101(402KB) AllocSpace objects, 0(0B) LOS objects, 16% free, 1701KB/2032KB, paused 71.780ms total 163.088ms
12-09 08:19:34.091 W/ActivityManager( 1591): Bad activity token: android.os.BinderProxy@1d8b4c0
12-09 08:19:34.091 W/ActivityManager( 1591): java.lang.ClassCastException: android.os.BinderProxy cannot be cast to com.android.server.am.ActivityRecord$Token
12-09 08:19:34.091 W/ActivityManager( 1591): 	at com.android.server.am.ActivityRecord.forTokenLocked(ActivityRecord.java:424)
12-09 08:19:34.091 W/ActivityManager( 1591): 	at com.android.server.am.ActivityRecord.isInStackLocked(ActivityRecord.java:1121)
12-09 08:19:34.091 W/ActivityManager( 1591): 	at com.android.server.am.ActivityManagerService.getActivityOptions(ActivityManagerService.java:11038)
12-09 08:19:34.091 W/ActivityManager( 1591): 	at android.app.ActivityManagerNative.onTransact(ActivityManagerNative.java:1734)
12-09 08:19:34.091 W/ActivityManager( 1591): 	at com.android.server.am.ActivityManagerService.onTransact(ActivityManagerService.java:2443)
12-09 08:19:34.091 W/ActivityManager( 1591): 	at android.os.Binder.execTransact(Binder.java:453)
12-09 08:19:34.091 W/ActivityManager( 1591): Bad activity token: android.os.BinderProxy@1d8b4c0
12-09 08:19:34.091 W/ActivityManager( 1591): java.lang.ClassCastException: android.os.BinderProxy cannot be cast to com.android.server.am.ActivityRecord$Token
12-09 08:19:34.091 W/ActivityManager( 1591): 	at com.android.server.am.ActivityRecord.forTokenLocked(ActivityRecord.java:424)
12-09 08:19:34.091 W/ActivityManager( 1591): 	at com.android.server.am.ActivityRecord.isInStackLocked(ActivityRecord.java:1121)
12-09 08:19:34.091 W/ActivityManager( 1591): 	at com.android.server.am.ActivityManagerService.getActivityOptions(ActivityManagerService.java:11038)
12-09 08:19:34.091 W/ActivityManager( 1591): 	at android.app.ActivityManagerNative.onTransact(ActivityManagerNative.java:1734)
12-09 08:19:34.091 W/ActivityManager( 1591): 	at com.android.server.am.ActivityManagerService.onTransact(ActivityManagerService.java:2443)
12-09 08:19:34.091 W/ActivityManager( 1591): 	at android.os.Binder.execTransact(Binder.java:453)
12-09 08:19:34.155 W/art     (16289): Suspending all threads took: 8.006ms
12-09 08:19:34.187 I/art     (16289): Background sticky concurrent mark sweep GC freed 340(136KB) AllocSpace objects, 0(0B) LOS objects, 0% free, 2MB/2MB, paused 9.023ms total 91.876ms
12-09 08:19:34.433 I/art     (16289): Background partial concurrent mark sweep GC freed 1837(165KB) AllocSpace objects, 2(40KB) LOS objects, 39% free, 1862KB/3MB, paused 1.514ms total 229.760ms
12-09 08:19:34.589 W/art     ( 1591): Long monitor contention event with owner method=void com.android.server.wm.WindowAnimator$1.doFrame(long) from WindowAnimator.java:121 waiters=0 for 134ms
12-09 08:19:34.848 W/art     ( 1591): Long monitor contention event with owner method=void com.android.server.wm.WindowManagerService$H.handleMessage(android.os.Message) from WindowManagerService.java:7820 waiters=1 for 119ms
12-09 08:19:34.963 I/Choreographer(16289): Skipped 43 frames!  The application may be doing too much work on its main thread.
12-09 08:19:34.976 D/gralloc_ranchu( 1223): gralloc_alloc: Creating ashmem region of size 3686400
12-09 08:19:35.045 D/        (16289): HostConnection::get() New Host Connection established 0x7fbdd5126280, tid 16289
12-09 08:19:35.108 I/ActivityManager( 1591): Displayed com.evancharlton.mileage/.Mileage: +1s811ms
12-09 08:19:35.165 D/gralloc_ranchu( 1223): gralloc_alloc: Creating ashmem region of size 3686400
12-09 08:19:35.773 D/gralloc_ranchu( 1223): gralloc_alloc: Creating ashmem region of size 3686400
12-09 08:19:36.802 I/System.out(16289): URI: //gesture
12-09 08:19:36.802 I/System.out(16289): params: {json={"query_timeout":5.0,"gestures":[{"query_string":"android.widget.TabWidget descendant TextView index:3","touches":[{"x":50,"y":50,"offset_x":0,"offset_y":0,"wait":0.0,"time":0.2,"release":true,"query_string":null}]}]}
12-09 08:19:36.802 I/System.out(16289): }
12-09 08:19:36.951 I/art     (16289): Background sticky concurrent mark sweep GC freed 25051(1137KB) AllocSpace objects, 2(40KB) LOS objects, 28% free, 2MB/3MB, paused 4.098ms total 129.436ms
12-09 08:19:37.513 I/calabash(16289): newActivity1
12-09 08:19:37.513 W/ActivityManager( 1591): Bad activity token: android.os.BinderProxy@84b5d84
12-09 08:19:37.513 W/ActivityManager( 1591): java.lang.ClassCastException: android.os.BinderProxy cannot be cast to com.android.server.am.ActivityRecord$Token
12-09 08:19:37.513 W/ActivityManager( 1591): 	at com.android.server.am.ActivityRecord.forTokenLocked(ActivityRecord.java:424)
12-09 08:19:37.513 W/ActivityManager( 1591): 	at com.android.server.am.ActivityRecord.isInStackLocked(ActivityRecord.java:1121)
12-09 08:19:37.513 W/ActivityManager( 1591): 	at com.android.server.am.ActivityRecord.getStackLocked(ActivityRecord.java:1126)
12-09 08:19:37.513 W/ActivityManager( 1591): 	at com.android.server.am.ActivityManagerService.getActivityDisplayId(ActivityManagerService.java:8889)
12-09 08:19:37.513 W/ActivityManager( 1591): 	at android.app.ActivityManagerNative.onTransact(ActivityManagerNative.java:2338)
12-09 08:19:37.513 W/ActivityManager( 1591): 	at com.android.server.am.ActivityManagerService.onTransact(ActivityManagerService.java:2443)
12-09 08:19:37.513 W/ActivityManager( 1591): 	at android.os.Binder.execTransact(Binder.java:453)
12-09 08:19:37.514 W/ActivityManager( 1591): Bad activity token: android.os.BinderProxy@84b5d84
12-09 08:19:37.514 W/ActivityManager( 1591): java.lang.ClassCastException: android.os.BinderProxy cannot be cast to com.android.server.am.ActivityRecord$Token
12-09 08:19:37.514 W/ActivityManager( 1591): 	at com.android.server.am.ActivityRecord.forTokenLocked(ActivityRecord.java:424)
12-09 08:19:37.514 W/ActivityManager( 1591): 	at com.android.server.am.ActivityRecord.isInStackLocked(ActivityRecord.java:1121)
12-09 08:19:37.514 W/ActivityManager( 1591): 	at com.android.server.am.ActivityManagerService.setTaskDescription(ActivityManagerService.java:8547)
12-09 08:19:37.514 W/ActivityManager( 1591): 	at android.app.ActivityManagerNative.onTransact(ActivityManagerNative.java:2410)
12-09 08:19:37.514 W/ActivityManager( 1591): 	at com.android.server.am.ActivityManagerService.onTransact(ActivityManagerService.java:2443)
12-09 08:19:37.514 W/ActivityManager( 1591): 	at android.os.Binder.execTransact(Binder.java:453)
12-09 08:19:37.536 W/ActivityManager( 1591): Bad activity token: android.os.BinderProxy@84b5d84
12-09 08:19:37.536 W/ActivityManager( 1591): java.lang.ClassCastException: android.os.BinderProxy cannot be cast to com.android.server.am.ActivityRecord$Token
12-09 08:19:37.536 W/ActivityManager( 1591): 	at com.android.server.am.ActivityRecord.forTokenLocked(ActivityRecord.java:424)
12-09 08:19:37.536 W/ActivityManager( 1591): 	at com.android.server.am.ActivityRecord.isInStackLocked(ActivityRecord.java:1121)
12-09 08:19:37.536 W/ActivityManager( 1591): 	at com.android.server.am.ActivityManagerService.getActivityOptions(ActivityManagerService.java:11038)
12-09 08:19:37.536 W/ActivityManager( 1591): 	at android.app.ActivityManagerNative.onTransact(ActivityManagerNative.java:1734)
12-09 08:19:37.536 W/ActivityManager( 1591): 	at com.android.server.am.ActivityManagerService.onTransact(ActivityManagerService.java:2443)
12-09 08:19:37.536 W/ActivityManager( 1591): 	at android.os.Binder.execTransact(Binder.java:453)
12-09 08:19:37.540 W/ActivityManager( 1591): Bad activity token: android.os.BinderProxy@84b5d84
12-09 08:19:37.540 W/ActivityManager( 1591): java.lang.ClassCastException: android.os.BinderProxy cannot be cast to com.android.server.am.ActivityRecord$Token
12-09 08:19:37.540 W/ActivityManager( 1591): 	at com.android.server.am.ActivityRecord.forTokenLocked(ActivityRecord.java:424)
12-09 08:19:37.540 W/ActivityManager( 1591): 	at com.android.server.am.ActivityRecord.isInStackLocked(ActivityRecord.java:1121)
12-09 08:19:37.540 W/ActivityManager( 1591): 	at com.android.server.am.ActivityManagerService.getActivityOptions(ActivityManagerService.java:11038)
12-09 08:19:37.540 W/ActivityManager( 1591): 	at android.app.ActivityManagerNative.onTransact(ActivityManagerNative.java:1734)
12-09 08:19:37.540 W/ActivityManager( 1591): 	at com.android.server.am.ActivityManagerService.onTransact(ActivityManagerService.java:2443)
12-09 08:19:37.540 W/ActivityManager( 1591): 	at android.os.Binder.execTransact(Binder.java:453)
12-09 08:19:37.555 W/audio_hw_generic( 1307): Hardware backing HAL too slow, could only write 0 of 661 frames
12-09 08:19:37.602 I/art     (16289): Background sticky concurrent mark sweep GC freed 34551(1602KB) AllocSpace objects, 0(0B) LOS objects, 20% free, 2MB/3MB, paused 1.129ms total 127.735ms
12-09 08:19:37.648 I/System.out(16289): URI: //map
12-09 08:19:37.648 I/System.out(16289): params: {json={"query":"android.widget.ListView index:0 android.widget.TextView index:0","operation":{"method_name":"query","arguments":[]}}
12-09 08:19:37.648 I/System.out(16289): }
12-09 08:19:37.731 W/audio_hw_generic( 1307): Not supplying enough data to HAL, expected position 33256900 , only wrote 33256893
12-09 08:19:37.731 W/audio_hw_generic( 1307): Not supplying enough data to HAL, expected position 33256899 , only wrote 33256893
12-09 08:19:37.732 W/art     (16289): Suspending all threads took: 24.171ms
12-09 08:19:37.748 W/audio_hw_generic( 1307): Not supplying enough data to HAL, expected position 33257631 , only wrote 33257554
12-09 08:19:37.751 I/art     (16289): Background sticky concurrent mark sweep GC freed 24536(960KB) AllocSpace objects, 1(20KB) LOS objects, 17% free, 2MB/3MB, paused 25.311ms total 58.258ms
12-09 08:19:37.906 I/art     (16289): Background sticky concurrent mark sweep GC freed 22457(1122KB) AllocSpace objects, 1(20KB) LOS objects, 17% free, 2MB/3MB, paused 962us total 147.027ms
12-09 08:19:37.925 I/System.out(16289): URI: //gesture
12-09 08:19:37.925 I/System.out(16289): params: {json={"query_timeout":5.0,"gestures":[{"query_string":"android.widget.ListView index:0 android.widget.TextView index:0","touches":[{"x":50,"y":50,"offset_x":0,"offset_y":0,"wait":0.0,"time":0.2,"release":true,"query_string":null}]}]}
12-09 08:19:37.925 I/System.out(16289): }
12-09 08:19:38.092 W/audio_hw_generic( 1307): Not supplying enough data to HAL, expected position 33272761 , only wrote 33272757
12-09 08:19:38.326 W/audio_hw_generic( 1307): Hardware backing HAL too slow, could only write 0 of 661 frames
12-09 08:19:38.352 W/audio_hw_generic( 1307): Not supplying enough data to HAL, expected position 33284187 , only wrote 33283994
12-09 08:19:38.352 W/audio_hw_generic( 1307): Hardware backing HAL too slow, could only write 0 of 661 frames
12-09 08:19:38.352 W/audio_hw_generic( 1307): Hardware backing HAL too slow, could only write 0 of 661 frames
12-09 08:19:38.387 W/audio_hw_generic( 1307): Hardware backing HAL too slow, could only write 0 of 661 frames
12-09 08:19:38.537 I/ActivityManager( 1591): START u0 {cmp=com.evancharlton.mileage/.VehicleActivity (has extras)} from uid 10135 on display 0
12-09 08:19:38.609 D/AudioFlinger( 1307): mixer(0xf4300000) throttle end: throttle time(2)
12-09 08:19:38.669 I/calabash(16289): newActivity1
12-09 08:19:38.727 W/audio_hw_generic( 1307): Not supplying enough data to HAL, expected position 33300570 , only wrote 33300519
12-09 08:19:38.753 W/audio_hw_generic( 1307): Not supplying enough data to HAL, expected position 33301651 , only wrote 33300519
12-09 08:19:38.778 W/audio_hw_generic( 1307): Not supplying enough data to HAL, expected position 33301597 , only wrote 33301180
12-09 08:19:38.833 W/audio_hw_generic( 1307): Not supplying enough data to HAL, expected position 33303610 , only wrote 33302502
12-09 08:19:38.861 W/audio_hw_generic( 1307): Not supplying enough data to HAL, expected position 33303745 , only wrote 33303163
12-09 08:19:38.861 W/audio_hw_generic( 1307): Not supplying enough data to HAL, expected position 33303169 , only wrote 33303163
12-09 08:19:38.915 W/audio_hw_generic( 1307): Hardware backing HAL too slow, could only write 0 of 661 frames
12-09 08:19:38.932 W/audio_hw_generic( 1307): Hardware backing HAL too slow, could only write 0 of 661 frames
12-09 08:19:38.988 I/art     (16289): Background sticky concurrent mark sweep GC freed 406(17KB) AllocSpace objects, 0(0B) LOS objects, 5% free, 2MB/3MB, paused 8.932ms total 20.802ms
12-09 08:19:38.992 E/SurfaceFlinger( 1223): ro.sf.lcd_density must be defined as a build property
12-09 08:19:38.993 D/gralloc_ranchu( 1223): gralloc_alloc: Creating ashmem region of size 3686400
12-09 08:19:38.994 V/PhoneStatusBar( 3285): setLightsOn(true)
12-09 08:19:39.003 D/        (16319): HostConnection::get() New Host Connection established 0x7f0a38992480, tid 16319
12-09 08:19:39.028 E/EGL_emulation( 1223): tid 1223: eglCreateSyncKHR(1881): error 0x3004 (EGL_BAD_ATTRIBUTE)
12-09 08:19:39.214 D/gralloc_ranchu( 1223): gralloc_alloc: Creating ashmem region of size 3686400
12-09 08:19:39.748 W/audio_hw_generic( 1307): Not supplying enough data to HAL, expected position 33342282 , only wrote 33341501
12-09 08:19:39.748 W/audio_hw_generic( 1307): Not supplying enough data to HAL, expected position 33341507 , only wrote 33341501
12-09 08:19:39.764 W/audio_hw_generic( 1307): Not supplying enough data to HAL, expected position 33342175 , only wrote 33342162
