--------- beginning of system
12-09 08:17:05.899 W/ActivityManager( 1592): Finishing task with all activities already finished
12-09 08:17:05.900 W/ActivityManager( 1592): Duplicate finish request for ActivityRecord{d2aeb62 u0 com.evancharlton.mileage/.Mileage t434 f}
12-09 08:17:05.900 W/ActivityManager( 1592): Finishing task with all activities already finished
12-09 08:17:05.900 W/ActivityManager( 1592): Duplicate finish request for ActivityRecord{d2aeb62 u0 com.evancharlton.mileage/.Mileage t434 f}
12-09 08:17:05.900 W/ActivityManager( 1592): Finishing task with all activities already finished
12-09 08:17:05.900 W/ActivityManager( 1592): Duplicate finish request for ActivityRecord{d2aeb62 u0 com.evancharlton.mileage/.Mileage t434 f}
--------- beginning of main
12-09 08:17:06.015 I/art     ( 1592): Background partial concurrent mark sweep GC freed 10184(744KB) AllocSpace objects, 7(136KB) LOS objects, 29% free, 9MB/13MB, paused 9.653ms total 125.894ms
12-09 08:17:06.087 W/art     ( 1592): Long monitor contention event with owner method=void com.android.server.am.ActivityManagerService.activityPaused(android.os.IBinder) from ActivityManagerService.java:6439 waiters=0 for 175ms
12-09 08:17:06.091 W/art     ( 1592): Long monitor contention event with owner method=void com.android.server.am.ActivityManagerService.activityPaused(android.os.IBinder) from ActivityManagerService.java:6439 waiters=2 for 138ms
12-09 08:17:06.411 D/EGL_emulation( 1944): eglMakeCurrent: 0x7ffd14cb48c0: ver 2 0 (tinfo 0x7ffd14c82880)
12-09 08:17:06.812 D/AndroidRuntime(14553): >>>>>> START com.android.internal.os.RuntimeInit uid 0 <<<<<<
12-09 08:17:06.826 D/AndroidRuntime(14553): CheckJNI is ON
12-09 08:17:06.852 W/art     ( 1592): Long monitor contention event with owner method=void com.android.server.wm.WindowAnimator$1.doFrame(long) from WindowAnimator.java:121 waiters=0 for 140ms
12-09 08:17:06.863 D/ICU     (14553): No timezone override file found: /data/misc/zoneinfo/current/icu/icu_tzdata.dat
12-09 08:17:07.013 W/art     ( 1592): Long monitor contention event with owner method=void com.android.server.wm.WindowAnimator$1.doFrame(long) from WindowAnimator.java:121 waiters=0 for 160ms
12-09 08:17:07.239 W/art     ( 1592): Long monitor contention event with owner method=void com.android.server.wm.WindowAnimator$1.doFrame(long) from WindowAnimator.java:121 waiters=0 for 226ms
12-09 08:17:07.253 E/memtrack(14553): Couldn't load memtrack module (No such file or directory)
12-09 08:17:07.262 E/android.os.Debug(14553): failed to load memtrack module: -2
12-09 08:17:07.263 I/Radio-JNI(14553): register_android_hardware_Radio DONE
12-09 08:17:07.273 D/AndroidRuntime(14553): Calling main entry com.android.commands.am.Am
12-09 08:17:07.486 W/art     ( 1592): Long monitor contention event with owner method=void com.android.server.wm.WindowAnimator$1.doFrame(long) from WindowAnimator.java:121 waiters=1 for 247ms
12-09 08:17:07.498 W/art     ( 1592): Long monitor contention event with owner method=void com.android.server.wm.WindowAnimator$1.doFrame(long) from WindowAnimator.java:121 waiters=1 for 155ms
12-09 08:17:07.498 I/ActivityManager( 1592): Force stopping com.evancharlton.mileage appid=10133 user=0: start instr
12-09 08:17:07.499 I/ActivityManager( 1592): Killing 14490:com.evancharlton.mileage/u0a133 (adj 0): stop com.evancharlton.mileage
12-09 08:17:07.621 I/Choreographer( 1944): Skipped 69 frames!  The application may be doing too much work on its main thread.
12-09 08:17:07.626 W/art     ( 1592): Long monitor contention event with owner method=com.android.internal.view.InputBindResult com.android.server.InputMethodManagerService.windowGainedFocus(com.android.internal.view.IInputMethodClient, android.os.IBinder, int, int, int, android.view.inputmethod.EditorInfo, com.android.internal.view.IInputContext) from InputMethodManagerService.java:2177 waiters=0 for 1.166s
12-09 08:17:07.658 E/JavaBinder( 1886): !!! FAILED BINDER TRANSACTION !!!  (parcel size = 88)
12-09 08:17:07.784 W/ActivityManager( 1592): Crash of app com.evancharlton.mileage running instrumentation ComponentInfo{com.evancharlton.mileage.test/sh.calaba.instrumentationbackend.CalabashInstrumentationTestRunner}
12-09 08:17:07.784 I/ActivityManager( 1592): Force stopping com.evancharlton.mileage appid=10133 user=0: finished inst
12-09 08:17:07.880 D/EGL_emulation( 1886): eglMakeCurrent: 0x7ffd090381e0: ver 2 0 (tinfo 0x7ffd09037500)
12-09 08:17:07.887 E/Surface ( 1886): getSlotFromBufferLocked: unknown buffer: 0x7ffd09038280
12-09 08:17:07.912 W/art     ( 1592): Long monitor contention event with owner method=void com.android.server.wm.WindowAnimator$1.doFrame(long) from WindowAnimator.java:121 waiters=1 for 127ms
12-09 08:17:08.336 W/art     ( 1592): Long monitor contention event with owner method=void com.android.server.wm.WindowAnimator$1.doFrame(long) from WindowAnimator.java:121 waiters=3 for 454ms
12-09 08:17:08.439 W/art     ( 1592): Long monitor contention event with owner method=void com.android.server.wm.WindowAnimator$1.doFrame(long) from WindowAnimator.java:121 waiters=4 for 551ms
12-09 08:17:08.506 W/art     ( 1592): Long monitor contention event with owner method=void com.android.server.wm.WindowAnimator$1.doFrame(long) from WindowAnimator.java:121 waiters=4 for 594ms
12-09 08:17:08.575 W/art     ( 1592): Long monitor contention event with owner method=void com.android.server.wm.WindowAnimator$1.doFrame(long) from WindowAnimator.java:121 waiters=4 for 512ms
12-09 08:17:08.699 W/art     ( 1592): Long monitor contention event with owner method=void com.android.server.wm.WindowAnimator$1.doFrame(long) from WindowAnimator.java:121 waiters=4 for 565ms
12-09 08:17:08.831 W/art     ( 1592): Long monitor contention event with owner method=void com.android.server.wm.WindowAnimator$1.doFrame(long) from WindowAnimator.java:121 waiters=4 for 495ms
12-09 08:17:08.911 W/art     ( 1592): Long monitor contention event with owner method=void com.android.server.wm.WindowAnimator$1.doFrame(long) from WindowAnimator.java:121 waiters=4 for 472ms
12-09 08:17:09.015 W/art     ( 1592): Long monitor contention event with owner method=void com.android.server.wm.WindowAnimator$1.doFrame(long) from WindowAnimator.java:121 waiters=4 for 509ms
12-09 08:17:09.086 W/art     ( 1592): Long monitor contention event with owner method=void com.android.server.wm.WindowAnimator$1.doFrame(long) from WindowAnimator.java:121 waiters=4 for 511ms
12-09 08:17:09.185 W/art     ( 1592): Long monitor contention event with owner method=void com.android.server.wm.WindowAnimator$1.doFrame(long) from WindowAnimator.java:121 waiters=4 for 486ms
12-09 08:17:09.310 W/art     ( 1592): Long monitor contention event with owner method=void com.android.server.wm.WindowAnimator$1.doFrame(long) from WindowAnimator.java:121 waiters=4 for 479ms
12-09 08:17:09.372 W/art     ( 1592): Long monitor contention event with owner method=void com.android.server.wm.WindowAnimator$1.doFrame(long) from WindowAnimator.java:121 waiters=4 for 461ms
12-09 08:17:09.491 W/art     ( 1592): Long monitor contention event with owner method=void com.android.server.wm.WindowAnimator$1.doFrame(long) from WindowAnimator.java:121 waiters=4 for 476ms
12-09 08:17:09.575 W/art     ( 1592): Long monitor contention event with owner method=void com.android.server.wm.WindowAnimator$1.doFrame(long) from WindowAnimator.java:121 waiters=4 for 489ms
12-09 08:17:09.675 W/art     ( 1592): Long monitor contention event with owner method=void com.android.server.wm.WindowAnimator$1.doFrame(long) from WindowAnimator.java:121 waiters=4 for 490ms
12-09 08:17:09.866 W/art     ( 1592): Long monitor contention event with owner method=void com.android.server.wm.WindowAnimator$1.doFrame(long) from WindowAnimator.java:121 waiters=4 for 556ms
12-09 08:17:09.988 W/art     ( 1592): Long monitor contention event with owner method=void com.android.server.wm.WindowAnimator$1.doFrame(long) from WindowAnimator.java:121 waiters=4 for 616ms
12-09 08:17:10.074 W/art     ( 1592): Long monitor contention event with owner method=void com.android.server.wm.WindowAnimator$1.doFrame(long) from WindowAnimator.java:121 waiters=4 for 583ms
12-09 08:17:10.179 W/art     ( 1592): Long monitor contention event with owner method=void com.android.server.wm.WindowAnimator$1.doFrame(long) from WindowAnimator.java:121 waiters=4 for 604ms
12-09 08:17:10.179 W/art     ( 1592): Long monitor contention event with owner method=void com.android.server.wm.WindowAnimator$1.doFrame(long) from WindowAnimator.java:121 waiters=4 for 504ms
12-09 08:17:10.180 W/art     ( 1592): Long monitor contention event with owner method=void com.android.server.wm.WindowAnimator$1.doFrame(long) from WindowAnimator.java:121 waiters=4 for 192ms
12-09 08:17:10.185 I/WindowState( 1592): WIN DEATH: Window{bf86ac8 u0 com.evancharlton.mileage/com.evancharlton.mileage.Mileage EXITING}
12-09 08:17:10.186 I/Choreographer( 1944): Skipped 152 frames!  The application may be doing too much work on its main thread.
12-09 08:17:10.247 I/ActivityManager( 1592): Start proc 14562:com.evancharlton.mileage/u0a133 for added application com.evancharlton.mileage
12-09 08:17:10.249 W/art     ( 1592): Long monitor contention event with owner method=boolean com.android.server.am.ActivityManagerService.startInstrumentation(android.content.ComponentName, java.lang.String, int, android.os.Bundle, android.app.IInstrumentationWatcher, android.app.IUiAutomationConnection, int, java.lang.String) from ActivityManagerService.java:17066 waiters=0 for 2.687s
12-09 08:17:10.249 D/AndroidRuntime(14553): Shutting down VM
12-09 08:17:10.254 W/art     ( 1592): Long monitor contention event with owner method=boolean com.android.server.am.ActivityManagerService.startInstrumentation(android.content.ComponentName, java.lang.String, int, android.os.Bundle, android.app.IInstrumentationWatcher, android.app.IUiAutomationConnection, int, java.lang.String) from ActivityManagerService.java:17066 waiters=1 for 2.684s
12-09 08:17:10.254 W/art     ( 1592): Long monitor contention event with owner method=boolean com.android.server.am.ActivityManagerService.startInstrumentation(android.content.ComponentName, java.lang.String, int, android.os.Bundle, android.app.IInstrumentationWatcher, android.app.IUiAutomationConnection, int, java.lang.String) from ActivityManagerService.java:17066 waiters=2 for 2.647s
12-09 08:17:10.303 W/OpenGLRenderer( 1944): Incorrectly called buildLayer on View: ShortcutAndWidgetContainer, destroying layer...
12-09 08:17:10.377 W/art     ( 1592): Long monitor contention event with owner method=boolean com.android.server.am.ActivityManagerService.startInstrumentation(android.content.ComponentName, java.lang.String, int, android.os.Bundle, android.app.IInstrumentationWatcher, android.app.IUiAutomationConnection, int, java.lang.String) from ActivityManagerService.java:17066 waiters=3 for 2.562s
12-09 08:17:10.379 W/art     ( 1592): Long monitor contention event with owner method=void com.android.server.am.ActivityManagerService.attachApplication(android.app.IApplicationThread) from ActivityManagerService.java:6186 waiters=3 for 125ms
12-09 08:17:10.380 W/art     ( 1592): Long monitor contention event with owner method=boolean com.android.server.am.ActivityManagerService.startInstrumentation(android.content.ComponentName, java.lang.String, int, android.os.Bundle, android.app.IInstrumentationWatcher, android.app.IUiAutomationConnection, int, java.lang.String) from ActivityManagerService.java:17066 waiters=4 for 810ms
12-09 08:17:10.514 I/art     ( 1691): Background partial concurrent mark sweep GC freed 2878(143KB) AllocSpace objects, 0(0B) LOS objects, 39% free, 3MB/6MB, paused 58.616ms total 84.809ms
12-09 08:17:10.563 W/System  (14562): ClassLoader referenced unknown path: /data/app/com.evancharlton.mileage.test-1/lib/x86_64
12-09 08:17:10.563 W/System  (14562): ClassLoader referenced unknown path: /data/app/com.evancharlton.mileage-1/lib/x86_64
12-09 08:17:10.662 I/System.out(14562): Main activity name automatically set to: com.evancharlton.mileage.Mileage
12-09 08:17:10.785 I/System.out(14562): Calabash did not load Mono. This is only a problem if you are trying to test a Mono application
12-09 08:17:10.801 W/WindowAnimator( 1592): Failed to dispatch window animation state change.
12-09 08:17:10.801 W/WindowAnimator( 1592): android.os.DeadObjectException
12-09 08:17:10.801 W/WindowAnimator( 1592): 	at android.os.BinderProxy.transactNative(Native Method)
12-09 08:17:10.801 W/WindowAnimator( 1592): 	at android.os.BinderProxy.transact(Binder.java:503)
12-09 08:17:10.801 W/WindowAnimator( 1592): 	at android.view.IWindow$Stub$Proxy.onAnimationStopped(IWindow.java:534)
12-09 08:17:10.801 W/WindowAnimator( 1592): 	at com.android.server.wm.WindowAnimator.updateWindowsLocked(WindowAnimator.java:286)
12-09 08:17:10.801 W/WindowAnimator( 1592): 	at com.android.server.wm.WindowAnimator.animateLocked(WindowAnimator.java:678)
12-09 08:17:10.801 W/WindowAnimator( 1592): 	at com.android.server.wm.WindowAnimator.-wrap0(WindowAnimator.java)
12-09 08:17:10.801 W/WindowAnimator( 1592): 	at com.android.server.wm.WindowAnimator$1.doFrame(WindowAnimator.java:123)
12-09 08:17:10.801 W/WindowAnimator( 1592): 	at android.view.Choreographer$CallbackRecord.run(Choreographer.java:856)
12-09 08:17:10.801 W/WindowAnimator( 1592): 	at android.view.Choreographer.doCallbacks(Choreographer.java:670)
12-09 08:17:10.801 W/WindowAnimator( 1592): 	at android.view.Choreographer.doFrame(Choreographer.java:603)
12-09 08:17:10.801 W/WindowAnimator( 1592): 	at android.view.Choreographer$FrameDisplayEventReceiver.run(Choreographer.java:844)
12-09 08:17:10.801 W/WindowAnimator( 1592): 	at android.os.Handler.handleCallback(Handler.java:739)
12-09 08:17:10.801 W/WindowAnimator( 1592): 	at android.os.Handler.dispatchMessage(Handler.java:95)
12-09 08:17:10.801 W/WindowAnimator( 1592): 	at android.os.Looper.loop(Looper.java:148)
12-09 08:17:10.801 W/WindowAnimator( 1592): 	at android.os.HandlerThread.run(HandlerThread.java:61)
12-09 08:17:10.801 W/WindowAnimator( 1592): 	at com.android.server.ServiceThread.run(ServiceThread.java:46)
12-09 08:17:10.802 W/art     ( 1592): Long monitor contention event with owner method=void com.android.server.wm.WindowAnimator$1.doFrame(long) from WindowAnimator.java:121 waiters=0 for 246ms
12-09 08:17:10.806 W/art     (14562): Suspending all threads took: 7.239ms
12-09 08:17:10.808 I/calabash(14562): Test server port: 7102
12-09 08:17:10.809 I/InstrumentationBackend(14562): Added:'GetPreferences', with key:'get_preferences'
12-09 08:17:11.007 W/art     ( 1592): Long monitor contention event with owner method=void com.android.server.wm.WindowAnimator$1.doFrame(long) from WindowAnimator.java:121 waiters=0 for 205ms
12-09 08:17:11.067 I/art     (14562): Background partial concurrent mark sweep GC freed 40746(1499KB) AllocSpace objects, 0(0B) LOS objects, 49% free, 1030KB/2MB, paused 8.252ms total 500.885ms
12-09 08:17:11.120 I/InstrumentationBackend(14562): Added:'SetPreferences', with key:'set_preferences'
12-09 08:17:11.121 I/InstrumentationBackend(14562): Added:'ClearPreferences', with key:'clear_preferences'
12-09 08:17:11.121 I/InstrumentationBackend(14562): Added:'PressElement', with key:'press_l10n_element'
12-09 08:17:11.121 I/InstrumentationBackend(14562): Added:'WaitForElement', with key:'wait_for_l10n_element'
12-09 08:17:11.121 I/InstrumentationBackend(14562): Added:'NullAction', with key:'nullAction'
12-09 08:17:11.126 I/InstrumentationBackend(14562): Added:'PressKey', with key:'press_key'
12-09 08:17:11.130 I/InstrumentationBackend(14562): Added:'SetActivityOrientation', with key:'set_activity_orientation'
12-09 08:17:11.130 I/InstrumentationBackend(14562): Added:'GetActivityOrientation', with key:'get_activity_orientation'
12-09 08:17:11.130 I/InstrumentationBackend(14562): Added:'FakeGPSLocation', with key:'set_gps_coordinates'
12-09 08:17:11.131 I/InstrumentationBackend(14562): Added:'SetPropertyByCssSelector', with key:'set_property_by_css_selector'
12-09 08:17:11.131 I/InstrumentationBackend(14562): Added:'GetUrl', with key:'get_url'
12-09 08:17:11.131 I/InstrumentationBackend(14562): Added:'ScrollTo', with key:'scroll_to'
12-09 08:17:11.132 I/InstrumentationBackend(14562): Added:'GetLoadProgress', with key:'get_load_progress'
12-09 08:17:11.132 I/InstrumentationBackend(14562): Added:'DumpHtml', with key:'dump_html'
12-09 08:17:11.132 I/InstrumentationBackend(14562): Added:'DumpBodyHtml', with key:'dump_body_html'
12-09 08:17:11.132 I/InstrumentationBackend(14562): Added:'EnterTextByCssSelector', with key:'enter_text_by_selector'
12-09 08:17:11.133 I/InstrumentationBackend(14562): Added:'AndroidSDKVersion', with key:'android_sdk_version'
12-09 08:17:11.133 I/InstrumentationBackend(14562): Added:'Version', with key:'version'
12-09 08:17:11.133 I/InstrumentationBackend(14562): Added:'Drag', with key:'drag'
12-09 08:17:11.142 I/InstrumentationBackend(14562): Added:'TouchCoordinates', with key:'touch_coordinate'
12-09 08:17:11.142 I/InstrumentationBackend(14562): Added:'LongPressCoordinate', with key:'long_press_coordinate'
12-09 08:17:11.142 I/InstrumentationBackend(14562): Added:'DragCoordinates', with key:'drag_coordinates'
12-09 08:17:11.143 I/InstrumentationBackend(14562): Added:'ResumeApplication', with key:'resume_application'
12-09 08:17:11.143 I/InstrumentationBackend(14562): Added:'Swipe', with key:'swipe'
12-09 08:17:11.143 I/InstrumentationBackend(14562): Added:'DoubleTapCoordinate', with key:'double_tap_coordinate'
12-09 08:17:11.143 I/InstrumentationBackend(14562): Added:'ClickOnScreen', with key:'click_on_screen'
12-09 08:17:11.143 I/InstrumentationBackend(14562): Added:'GetActivityName', with key:'get_activity_name'
12-09 08:17:11.143 I/InstrumentationBackend(14562): Added:'ScrollToView', with key:'scroll_to_view'
12-09 08:17:11.144 I/InstrumentationBackend(14562): Added:'ViewConfiguration', with key:'view_configuration'
12-09 08:17:11.144 I/InstrumentationBackend(14562): Added:'IsCurrentActivityFocused', with key:'is_current_activity_focused'
12-09 08:17:11.144 I/InstrumentationBackend(14562): Added:'SendTcp', with key:'send_tcp'
12-09 08:17:11.145 I/InstrumentationBackend(14562): Added:'DpToDevicePixel', with key:'dp_to_device_pixel'
12-09 08:17:11.145 I/InstrumentationBackend(14562): Added:'KeyboardEnterText', with key:'keyboard_enter_text'
12-09 08:17:11.145 I/InstrumentationBackend(14562): Added:'DeleteSurroundingText', with key:'delete_surrounding_text'
12-09 08:17:11.145 I/InstrumentationBackend(14562): Added:'SetComposingRegion', with key:'set_composing_region'
12-09 08:17:11.145 I/InstrumentationBackend(14562): Added:'SetSelection', with key:'set_selection'
12-09 08:17:11.152 I/InstrumentationBackend(14562): Added:'KeyboardKeyEvent', with key:'keyboard_key_event'
12-09 08:17:11.152 I/InstrumentationBackend(14562): Added:'PressUserActionButton', with key:'press_user_action_button'
12-09 08:17:11.152 I/InstrumentationBackend(14562): Added:'HideSoftKeyboard', with key:'hide_soft_keyboard'
12-09 08:17:11.153 I/InstrumentationBackend(14562): Added:'ListActions', with key:'list_actions'
12-09 08:17:11.153 I/calabash(14562): Instantiating http server at 7102
12-09 08:17:11.154 I/System.out(14562): HTTP Daemon listening on: 7102
12-09 08:17:11.251 W/art     ( 1592): Long monitor contention event with owner method=void com.android.server.wm.WindowAnimator$1.doFrame(long) from WindowAnimator.java:121 waiters=0 for 243ms
12-09 08:17:11.271 I/System.out(14562): URI: //ping
12-09 08:17:11.271 I/System.out(14562): params: {json={}
12-09 08:17:11.271 I/System.out(14562): }
12-09 08:17:11.361 I/System.out(14562): URI: //ping
12-09 08:17:11.361 I/System.out(14562): params: {json={}
12-09 08:17:11.361 I/System.out(14562): }
12-09 08:17:11.411 I/System.out(14562): URI: //ready
12-09 08:17:11.411 I/System.out(14562): params: {json={}
12-09 08:17:11.411 I/System.out(14562): }
12-09 08:17:11.443 I/System.out(14562): URI: //
12-09 08:17:11.444 I/System.out(14562): params: {json={"command":"version","arguments":[]}
12-09 08:17:11.444 I/System.out(14562): }
12-09 08:17:11.500 I/System.out(14562): header: {date=Sun, 09 Dec 2018 08:17:11 GMT, accept=*/*, content-length=36, host=127.0.0.1:34777, user-agent=HTTPClient/1.0 (2.8.3, ruby 2.3.1 (2016-04-26)), content-type=application/json;charset=utf-8}
12-09 08:17:11.500 I/System.out(14562): params: {json={"command":"version","arguments":[]}
12-09 08:17:11.500 I/System.out(14562): }
12-09 08:17:11.500 I/System.out(14562): ProP json = {"command":"version","arguments":[]}
12-09 08:17:11.500 I/System.out(14562): files: {}
12-09 08:17:11.500 I/System.out(14562): command: {"command":"version","arguments":[]}
12-09 08:17:11.521 I/InstrumentationBackend(14562): Got command:'Command:'Line:null,version', arguments:'[]'
12-09 08:17:11.560 I/System.out(14562): result:{"bonusInformation":[],"message":"0.9.8","success":true}
12-09 08:17:11.630 I/System.out(14562): URI: //start-application
12-09 08:17:11.630 I/System.out(14562): params: {json={"intent":null}
12-09 08:17:11.630 I/System.out(14562): }
12-09 08:17:11.670 W/art     (14562): Suspending all threads took: 11.240ms
12-09 08:17:11.726 I/art     (14562): Background sticky concurrent mark sweep GC freed 14684(715KB) AllocSpace objects, 4(80KB) LOS objects, 36% free, 1301KB/2MB, paused 15.767ms total 117.883ms
12-09 08:17:11.810 I/ActivityManager( 1592): START u0 {act=android.intent.action.MAIN cat=[android.intent.category.LAUNCHER] flg=0x10200000 cmp=com.evancharlton.mileage/.Mileage} from uid 10133 on display 0
12-09 08:17:11.830 I/art     (14562): Background sticky concurrent mark sweep GC freed 16244(773KB) AllocSpace objects, 0(0B) LOS objects, 34% free, 1342KB/2MB, paused 9.656ms total 25.420ms
12-09 08:17:11.845 I/calabash(14562): newActivity1
12-09 08:17:11.956 D/gralloc_ranchu( 1219): gralloc_alloc: Creating ashmem region of size 3686400
12-09 08:17:12.031 I/calabash(14562): newActivity1
12-09 08:17:12.072 W/ActivityManager( 1592): Bad activity token: android.os.BinderProxy@ca0ed28
12-09 08:17:12.072 W/ActivityManager( 1592): java.lang.ClassCastException: android.os.BinderProxy cannot be cast to com.android.server.am.ActivityRecord$Token
12-09 08:17:12.072 W/ActivityManager( 1592): 	at com.android.server.am.ActivityRecord.forTokenLocked(ActivityRecord.java:424)
12-09 08:17:12.072 W/ActivityManager( 1592): 	at com.android.server.am.ActivityRecord.isInStackLocked(ActivityRecord.java:1121)
12-09 08:17:12.072 W/ActivityManager( 1592): 	at com.android.server.am.ActivityRecord.getStackLocked(ActivityRecord.java:1126)
12-09 08:17:12.072 W/ActivityManager( 1592): 	at com.android.server.am.ActivityManagerService.getActivityDisplayId(ActivityManagerService.java:8889)
12-09 08:17:12.072 W/ActivityManager( 1592): 	at android.app.ActivityManagerNative.onTransact(ActivityManagerNative.java:2338)
12-09 08:17:12.072 W/ActivityManager( 1592): 	at com.android.server.am.ActivityManagerService.onTransact(ActivityManagerService.java:2443)
12-09 08:17:12.072 W/ActivityManager( 1592): 	at android.os.Binder.execTransact(Binder.java:453)
12-09 08:17:12.073 W/ActivityManager( 1592): Bad activity token: android.os.BinderProxy@ca0ed28
12-09 08:17:12.073 W/ActivityManager( 1592): java.lang.ClassCastException: android.os.BinderProxy cannot be cast to com.android.server.am.ActivityRecord$Token
12-09 08:17:12.073 W/ActivityManager( 1592): 	at com.android.server.am.ActivityRecord.forTokenLocked(ActivityRecord.java:424)
12-09 08:17:12.073 W/ActivityManager( 1592): 	at com.android.server.am.ActivityRecord.isInStackLocked(ActivityRecord.java:1121)
12-09 08:17:12.073 W/ActivityManager( 1592): 	at com.android.server.am.ActivityManagerService.setTaskDescription(ActivityManagerService.java:8547)
12-09 08:17:12.073 W/ActivityManager( 1592): 	at android.app.ActivityManagerNative.onTransact(ActivityManagerNative.java:2410)
12-09 08:17:12.073 W/ActivityManager( 1592): 	at com.android.server.am.ActivityManagerService.onTransact(ActivityManagerService.java:2443)
12-09 08:17:12.073 W/ActivityManager( 1592): 	at android.os.Binder.execTransact(Binder.java:453)
12-09 08:17:12.195 V/PhoneStatusBar( 1691): setLightsOn(true)
12-09 08:17:12.197 W/ActivityManager( 1592): Bad activity token: android.os.BinderProxy@ca0ed28
12-09 08:17:12.197 W/ActivityManager( 1592): java.lang.ClassCastException: android.os.BinderProxy cannot be cast to com.android.server.am.ActivityRecord$Token
12-09 08:17:12.197 W/ActivityManager( 1592): 	at com.android.server.am.ActivityRecord.forTokenLocked(ActivityRecord.java:424)
12-09 08:17:12.197 W/ActivityManager( 1592): 	at com.android.server.am.ActivityRecord.isInStackLocked(ActivityRecord.java:1121)
12-09 08:17:12.197 W/ActivityManager( 1592): 	at com.android.server.am.ActivityManagerService.getActivityOptions(ActivityManagerService.java:11038)
12-09 08:17:12.197 W/ActivityManager( 1592): 	at android.app.ActivityManagerNative.onTransact(ActivityManagerNative.java:1734)
12-09 08:17:12.197 W/ActivityManager( 1592): 	at com.android.server.am.ActivityManagerService.onTransact(ActivityManagerService.java:2443)
12-09 08:17:12.197 W/ActivityManager( 1592): 	at android.os.Binder.execTransact(Binder.java:453)
12-09 08:17:12.227 W/ActivityManager( 1592): Bad activity token: android.os.BinderProxy@ca0ed28
12-09 08:17:12.227 W/ActivityManager( 1592): java.lang.ClassCastException: android.os.BinderProxy cannot be cast to com.android.server.am.ActivityRecord$Token
12-09 08:17:12.227 W/ActivityManager( 1592): 	at com.android.server.am.ActivityRecord.forTokenLocked(ActivityRecord.java:424)
12-09 08:17:12.227 W/ActivityManager( 1592): 	at com.android.server.am.ActivityRecord.isInStackLocked(ActivityRecord.java:1121)
12-09 08:17:12.227 W/ActivityManager( 1592): 	at com.android.server.am.ActivityManagerService.getActivityOptions(ActivityManagerService.java:11038)
12-09 08:17:12.227 W/ActivityManager( 1592): 	at android.app.ActivityManagerNative.onTransact(ActivityManagerNative.java:1734)
12-09 08:17:12.227 W/ActivityManager( 1592): 	at com.android.server.am.ActivityManagerService.onTransact(ActivityManagerService.java:2443)
12-09 08:17:12.227 W/ActivityManager( 1592): 	at android.os.Binder.execTransact(Binder.java:453)
12-09 08:17:12.270 D/EGL_emulation( 1944): eglMakeCurrent: 0x7ffd14cb48c0: ver 2 0 (tinfo 0x7ffd14c82880)
12-09 08:17:12.271 E/Surface ( 1944): getSlotFromBufferLocked: unknown buffer: 0x7ffd1124de80
12-09 08:17:12.306 I/art     (14562): Background sticky concurrent mark sweep GC freed 126(34KB) AllocSpace objects, 0(0B) LOS objects, 6% free, 1926KB/2MB, paused 8.001ms total 26.582ms
12-09 08:17:12.332 W/art     (14562): Suspending all threads took: 6.226ms
12-09 08:17:12.365 I/art     (14562): Background partial concurrent mark sweep GC freed 2087(118KB) AllocSpace objects, 1(20KB) LOS objects, 39% free, 1798KB/2MB, paused 37.872ms total 56.608ms
12-09 08:17:13.143 W/art     ( 1592): Long monitor contention event with owner method=void com.android.server.wm.WindowAnimator$1.doFrame(long) from WindowAnimator.java:121 waiters=0 for 201ms
12-09 08:17:13.286 I/Choreographer(14562): Skipped 44 frames!  The application may be doing too much work on its main thread.
12-09 08:17:13.287 D/gralloc_ranchu( 1219): gralloc_alloc: Creating ashmem region of size 3686400
12-09 08:17:13.475 D/        (14562): HostConnection::get() New Host Connection established 0x7ffd14bcad20, tid 14562
12-09 08:17:13.559 I/ActivityManager( 1592): Displayed com.evancharlton.mileage/.Mileage: +1s725ms
12-09 08:17:13.664 D/gralloc_ranchu( 1219): gralloc_alloc: Creating ashmem region of size 3686400
12-09 08:17:14.267 D/gralloc_ranchu( 1219): gralloc_alloc: Creating ashmem region of size 3686400
12-09 08:17:15.786 I/System.out(14562): URI: //map
12-09 08:17:15.786 I/System.out(14562): params: {json={"query":"android.widget.EditText id:'price'","operation":{"method_name":"query","arguments":[]}}
12-09 08:17:15.786 I/System.out(14562): }
12-09 08:17:15.895 W/ResourceType(14562): No package identifier when getting name for resource number 0x00000001
12-09 08:17:16.015 I/art     (14562): Background sticky concurrent mark sweep GC freed 32670(1522KB) AllocSpace objects, 1(20KB) LOS objects, 24% free, 2MB/2MB, paused 983us total 101.216ms
12-09 08:17:16.016 I/System.out(14562): URI: //gesture
12-09 08:17:16.034 I/System.out(14562): params: {json={"query_timeout":5.0,"gestures":[{"query_string":"android.widget.EditText id:'price'","touches":[{"x":50,"y":50,"offset_x":0,"offset_y":0,"wait":0.0,"time":0.2,"release":true,"query_string":null}]}]}
12-09 08:17:16.034 I/System.out(14562): }
12-09 08:17:16.049 W/ResourceType(14562): No package identifier when getting name for resource number 0x00000001
12-09 08:17:16.191 I/art     (14562): Background sticky concurrent mark sweep GC freed 15079(606KB) AllocSpace objects, 1(20KB) LOS objects, 21% free, 2MB/2MB, paused 1.734ms total 140.491ms
12-09 08:17:16.552 I/LatinIME( 1886): Starting input. Cursor position = 0,0
12-09 08:17:16.622 W/art     (14562): Suspending all threads took: 46.336ms
12-09 08:17:16.731 I/art     (14562): Background sticky concurrent mark sweep GC freed 29632(1411KB) AllocSpace objects, 0(0B) LOS objects, 18% free, 2MB/2MB, paused 47.570ms total 192.451ms
12-09 08:17:16.958 D/EGL_emulation( 1886): eglMakeCurrent: 0x7ffd090381e0: ver 2 0 (tinfo 0x7ffd09037500)
12-09 08:17:17.181 I/System.out(14562): URI: //
12-09 08:17:17.213 I/System.out(14562): params: {json={"command":"set_selection","arguments":[-1,-1]}
12-09 08:17:17.213 I/System.out(14562): }
12-09 08:17:17.213 I/System.out(14562): header: {date=Sun, 09 Dec 2018 08:17:17 GMT, accept=*/*, content-length=47, host=127.0.0.1:34777, user-agent=HTTPClient/1.0 (2.8.3, ruby 2.3.1 (2016-04-26)), content-type=application/json;charset=utf-8}
12-09 08:17:17.213 I/System.out(14562): params: {json={"command":"set_selection","arguments":[-1,-1]}
12-09 08:17:17.213 I/System.out(14562): }
12-09 08:17:17.213 I/System.out(14562): ProP json = {"command":"set_selection","arguments":[-1,-1]}
12-09 08:17:17.213 I/System.out(14562): files: {}
12-09 08:17:17.213 I/System.out(14562): command: {"command":"set_selection","arguments":[-1,-1]}
12-09 08:17:17.224 I/InstrumentationBackend(14562): Got command:'Command:'Line:null,set_selection', arguments:'[-1, -1]'
12-09 08:17:17.333 I/System.out(14562): result:{"bonusInformation":[],"message":"","success":true}
12-09 08:17:17.415 I/art     (14562): Background sticky concurrent mark sweep GC freed 14028(614KB) AllocSpace objects, 3(60KB) LOS objects, 16% free, 2MB/2MB, paused 7.795ms total 74.151ms
12-09 08:17:17.584 I/System.out(14562): URI: //
12-09 08:17:17.584 I/System.out(14562): params: {json={"command":"keyboard_enter_text","arguments":["000"]}
12-09 08:17:17.584 I/System.out(14562): }
12-09 08:17:17.584 I/System.out(14562): header: {date=Sun, 09 Dec 2018 08:17:17 GMT, accept=*/*, content-length=53, host=127.0.0.1:34777, user-agent=HTTPClient/1.0 (2.8.3, ruby 2.3.1 (2016-04-26)), content-type=application/json;charset=utf-8}
12-09 08:17:17.584 I/System.out(14562): params: {json={"command":"keyboard_enter_text","arguments":["000"]}
12-09 08:17:17.585 I/System.out(14562): }
12-09 08:17:17.585 I/System.out(14562): ProP json = {"command":"keyboard_enter_text","arguments":["000"]}
12-09 08:17:17.585 I/System.out(14562): files: {}
12-09 08:17:17.585 I/System.out(14562): command: {"command":"keyboard_enter_text","arguments":["000"]}
12-09 08:17:17.586 I/InstrumentationBackend(14562): Got command:'Command:'Line:null,keyboard_enter_text', arguments:'[000]'
12-09 08:17:17.590 E/SpannableStringBuilder(14562): SPAN_EXCLUSIVE_EXCLUSIVE spans cannot have a zero length
12-09 08:17:17.590 E/SpannableStringBuilder(14562): SPAN_EXCLUSIVE_EXCLUSIVE spans cannot have a zero length
12-09 08:17:17.797 E/SpannableStringBuilder(14562): SPAN_EXCLUSIVE_EXCLUSIVE spans cannot have a zero length
12-09 08:17:17.797 E/SpannableStringBuilder(14562): SPAN_EXCLUSIVE_EXCLUSIVE spans cannot have a zero length
12-09 08:17:17.820 I/System.out(14562): result:{"bonusInformation":[],"message":"","success":true}
12-09 08:17:17.923 I/art     (14562): Background sticky concurrent mark sweep GC freed 13225(576KB) AllocSpace objects, 2(40KB) LOS objects, 12% free, 2MB/2MB, paused 73.957ms total 86.987ms
12-09 08:17:17.979 I/System.out(14562): URI: //map
12-09 08:17:17.979 I/System.out(14562): params: {json={"query":"android.widget.Button index:2","operation":{"method_name":"query","arguments":[]}}
12-09 08:17:17.979 I/System.out(14562): }
12-09 08:17:18.382 W/art     (14562): Suspending all threads took: 78.674ms
12-09 08:17:18.410 I/art     (14562): Background sticky concurrent mark sweep GC freed 33578(1477KB) AllocSpace objects, 0(0B) LOS objects, 5% free, 2MB/2MB, paused 80.072ms total 146.011ms
12-09 08:17:18.547 I/System.out(14562): URI: //gesture
12-09 08:17:18.582 I/System.out(14562): params: {json={"query_timeout":5.0,"gestures":[{"query_string":"android.widget.Button index:2","touches":[{"x":50,"y":50,"offset_x":0,"offset_y":0,"wait":0.0,"time":0.2,"release":true,"query_string":null}]}]}
12-09 08:17:18.582 I/System.out(14562): }
12-09 08:17:19.128 I/art     (14562): Background sticky concurrent mark sweep GC freed 29484(1420KB) AllocSpace objects, 1(20KB) LOS objects, 35% free, 2MB/3MB, paused 5.182ms total 95.558ms
12-09 08:17:19.162 W/audio_hw_generic( 1308): Hardware backing HAL too slow, could only write 0 of 661 frames
12-09 08:17:19.184 W/audio_hw_generic( 1308): Hardware backing HAL too slow, could only write 0 of 661 frames
12-09 08:17:19.190 W/audio_hw_generic( 1308): Hardware backing HAL too slow, could only write 0 of 661 frames
12-09 08:17:19.206 I/LatinIME( 1886): Starting input. Cursor position = 0,0
12-09 08:17:19.222 W/audio_hw_generic( 1308): Hardware backing HAL too slow, could only write 0 of 661 frames
12-09 08:17:19.222 W/audio_hw_generic( 1308): Hardware backing HAL too slow, could only write 0 of 661 frames
12-09 08:17:19.554 D/gralloc_ranchu( 1219): gralloc_alloc: Creating ashmem region of size 45056
12-09 08:17:19.662 E/SurfaceFlinger( 1219): ro.sf.lcd_density must be defined as a build property
12-09 08:17:19.792 D/gralloc_ranchu( 1219): gralloc_alloc: Creating ashmem region of size 3686400
12-09 08:17:19.836 D/        (14595): HostConnection::get() New Host Connection established 0x7fc063992480, tid 14595
12-09 08:17:19.837 W/audio_hw_generic( 1308): Hardware backing HAL too slow, could only write 0 of 661 frames
12-09 08:17:19.860 E/EGL_emulation( 1219): tid 1219: eglCreateSyncKHR(1881): error 0x3004 (EGL_BAD_ATTRIBUTE)
12-09 08:17:19.950 W/audio_hw_generic( 1308): Hardware backing HAL too slow, could only write 0 of 661 frames
12-09 08:17:19.966 W/audio_hw_generic( 1308): Hardware backing HAL too slow, could only write 0 of 661 frames
12-09 08:17:19.979 W/art     ( 1592): Long monitor contention event with owner method=void com.android.server.wm.WindowAnimator$1.doFrame(long) from WindowAnimator.java:121 waiters=0 for 152ms
12-09 08:17:19.979 I/Choreographer( 1886): Skipped 49 frames!  The application may be doing too much work on its main thread.
12-09 08:17:20.011 W/audio_hw_generic( 1308): Not supplying enough data to HAL, expected position 31346043 , only wrote 31345942
12-09 08:17:20.012 W/audio_hw_generic( 1308): Not supplying enough data to HAL, expected position 31345948 , only wrote 31345942
12-09 08:17:20.541 W/audio_hw_generic( 1308): Not supplying enough data to HAL, expected position 31369294 , only wrote 31369077
12-09 08:17:20.674 W/audio_hw_generic( 1308): Not supplying enough data to HAL, expected position 31374952 , only wrote 31374365
12-09 08:17:20.675 W/audio_hw_generic( 1308): Not supplying enough data to HAL, expected position 31374373 , only wrote 31374365
12-09 08:17:20.690 W/audio_hw_generic( 1308): Not supplying enough data to HAL, expected position 31375063 , only wrote 31375026
12-09 08:17:20.691 W/audio_hw_generic( 1308): Hardware backing HAL too slow, could only write 0 of 661 frames
12-09 08:17:20.755 W/audio_hw_generic( 1308): Not supplying enough data to HAL, expected position 31377887 , only wrote 31376348
12-09 08:17:20.756 W/audio_hw_generic( 1308): Hardware backing HAL too slow, could only write 0 of 661 frames
12-09 08:17:20.773 W/audio_hw_generic( 1308): Hardware backing HAL too slow, could only write 0 of 661 frames
12-09 08:17:20.788 W/audio_hw_generic( 1308): Hardware backing HAL too slow, could only write 0 of 661 frames
12-09 08:17:20.804 W/audio_hw_generic( 1308): Hardware backing HAL too slow, could only write 0 of 661 frames
12-09 08:17:20.878 W/audio_hw_generic( 1308): Hardware backing HAL too slow, could only write 0 of 661 frames
12-09 08:17:20.894 W/audio_hw_generic( 1308): Hardware backing HAL too slow, could only write 0 of 661 frames
12-09 08:17:20.903 I/System.out(14562): URI: //map
12-09 08:17:20.903 I/System.out(14562): params: {json={"query":"android.widget.EditText id:'volume'","operation":{"method_name":"query","arguments":[]}}
12-09 08:17:20.903 I/System.out(14562): }
12-09 08:17:20.926 W/audio_hw_generic( 1308): Hardware backing HAL too slow, could only write 0 of 661 frames
12-09 08:17:20.929 W/ResourceType(14562): No package identifier when getting name for resource number 0x00000001
12-09 08:17:20.938 W/audio_hw_generic( 1308): Hardware backing HAL too slow, could only write 0 of 661 frames
12-09 08:17:21.012 W/audio_hw_generic( 1308): Not supplying enough data to HAL, expected position 31387666 , only wrote 31387585
12-09 08:17:21.012 W/audio_hw_generic( 1308): Not supplying enough data to HAL, expected position 31387591 , only wrote 31387585
12-09 08:17:21.044 W/art     (14562): Suspending all threads took: 9.703ms
12-09 08:17:21.109 I/art     (14562): Background sticky concurrent mark sweep GC freed 40400(1750KB) AllocSpace objects, 1(20KB) LOS objects, 24% free, 2MB/3MB, paused 17.420ms total 155.179ms
12-09 08:17:21.191 I/System.out(14562): URI: //gesture
12-09 08:17:21.196 I/System.out(14562): params: {json={"query_timeout":5.0,"gestures":[{"query_string":"android.widget.EditText id:'volume'","touches":[{"x":50,"y":50,"offset_x":0,"offset_y":0,"wait":0.0,"time":0.2,"release":true,"query_string":null}]}]}
12-09 08:17:21.196 I/System.out(14562): }
12-09 08:17:21.251 W/ResourceType(14562): No package identifier when getting name for resource number 0x00000001
12-09 08:17:21.434 W/audio_hw_generic( 1308): Not supplying enough data to HAL, expected position 31406173 , only wrote 31401466
12-09 08:17:21.436 W/audio_hw_generic( 1308): Not supplying enough data to HAL, expected position 31401558 , only wrote 31401466
12-09 08:17:21.494 W/audio_hw_generic( 1308): Not supplying enough data to HAL, expected position 31404029 , only wrote 31402788
12-09 08:17:21.510 W/audio_hw_generic( 1308): Hardware backing HAL too slow, could only write 0 of 661 frames
12-09 08:17:21.525 W/audio_hw_generic( 1308): Hardware backing HAL too slow, could only write 0 of 661 frames
12-09 08:17:21.555 W/audio_hw_generic( 1308): Hardware backing HAL too slow, could only write 0 of 661 frames
12-09 08:17:21.714 W/audio_hw_generic( 1308): Hardware backing HAL too slow, could only write 0 of 661 frames
12-09 08:17:21.826 W/audio_hw_generic( 1308): Not supplying enough data to HAL, expected position 31417444 , only wrote 31417330
12-09 08:17:22.066 W/audio_hw_generic( 1308): Hardware backing HAL too slow, could only write 0 of 661 frames
12-09 08:17:22.170 I/System.out(14562): URI: //
12-09 08:17:22.170 I/System.out(14562): params: {json={"command":"set_selection","arguments":[-1,-1]}
12-09 08:17:22.170 I/System.out(14562): }
12-09 08:17:22.170 I/System.out(14562): header: {date=Sun, 09 Dec 2018 08:17:22 GMT, accept=*/*, content-length=47, host=127.0.0.1:34777, user-agent=HTTPClient/1.0 (2.8.3, ruby 2.3.1 (2016-04-26)), content-type=application/json;charset=utf-8}
12-09 08:17:22.170 I/System.out(14562): params: {json={"command":"set_selection","arguments":[-1,-1]}
12-09 08:17:22.170 I/System.out(14562): }
12-09 08:17:22.170 I/System.out(14562): ProP json = {"command":"set_selection","arguments":[-1,-1]}
12-09 08:17:22.170 I/System.out(14562): files: {}
12-09 08:17:22.171 I/System.out(14562): command: {"command":"set_selection","arguments":[-1,-1]}
12-09 08:17:22.172 I/InstrumentationBackend(14562): Got command:'Command:'Line:null,set_selection', arguments:'[-1, -1]'
12-09 08:17:22.192 I/System.out(14562): result:{"bonusInformation":[],"message":"","success":true}
12-09 08:17:22.262 W/audio_hw_generic( 1308): Not supplying enough data to HAL, expected position 31454722 , only wrote 31436499
12-09 08:17:22.418 I/System.out(14562): URI: //
12-09 08:17:22.418 I/System.out(14562): params: {json={"command":"keyboard_enter_text","arguments":["000"]}
12-09 08:17:22.418 I/System.out(14562): }
12-09 08:17:22.418 I/System.out(14562): header: {date=Sun, 09 Dec 2018 08:17:22 GMT, accept=*/*, content-length=53, host=127.0.0.1:34777, user-agent=HTTPClient/1.0 (2.8.3, ruby 2.3.1 (2016-04-26)), content-type=application/json;charset=utf-8}
12-09 08:17:22.418 I/System.out(14562): params: {json={"command":"keyboard_enter_text","arguments":["000"]}
12-09 08:17:22.419 I/System.out(14562): }
12-09 08:17:22.419 I/System.out(14562): ProP json = {"command":"keyboard_enter_text","arguments":["000"]}
12-09 08:17:22.419 I/System.out(14562): files: {}
12-09 08:17:22.419 I/System.out(14562): command: {"command":"keyboard_enter_text","arguments":["000"]}
12-09 08:17:22.420 I/InstrumentationBackend(14562): Got command:'Command:'Line:null,keyboard_enter_text', arguments:'[000]'
12-09 08:17:22.420 E/SpannableStringBuilder(14562): SPAN_EXCLUSIVE_EXCLUSIVE spans cannot have a zero length
12-09 08:17:22.420 E/SpannableStringBuilder(14562): SPAN_EXCLUSIVE_EXCLUSIVE spans cannot have a zero length
12-09 08:17:22.434 E/SpannableStringBuilder(14562): SPAN_EXCLUSIVE_EXCLUSIVE spans cannot have a zero length
12-09 08:17:22.435 E/SpannableStringBuilder(14562): SPAN_EXCLUSIVE_EXCLUSIVE spans cannot have a zero length
12-09 08:17:22.447 I/System.out(14562): result:{"bonusInformation":[],"message":"","success":true}
12-09 08:17:22.520 I/System.out(14562): URI: //map
12-09 08:17:22.520 I/System.out(14562): params: {json={"query":"android.widget.Button index:2","operation":{"method_name":"query","arguments":[]}}
12-09 08:17:22.520 I/System.out(14562): }
12-09 08:17:22.815 I/System.out(14562): URI: //gesture
12-09 08:17:22.815 I/System.out(14562): params: {json={"query_timeout":5.0,"gestures":[{"query_string":"android.widget.Button index:2","touches":[{"x":50,"y":50,"offset_x":0,"offset_y":0,"wait":0.0,"time":0.2,"release":true,"query_string":null}]}]}
12-09 08:17:22.815 I/System.out(14562): }
12-09 08:17:22.906 I/art     (14562): Background sticky concurrent mark sweep GC freed 47248(2MB) AllocSpace objects, 0(0B) LOS objects, 3% free, 3MB/3MB, paused 999us total 267.849ms
12-09 08:17:23.282 W/audio_hw_generic( 1308): Hardware backing HAL too slow, could only write 0 of 661 frames
12-09 08:17:23.298 W/audio_hw_generic( 1308): Hardware backing HAL too slow, could only write 0 of 661 frames
12-09 08:17:23.314 W/audio_hw_generic( 1308): Hardware backing HAL too slow, could only write 0 of 661 frames
12-09 08:17:23.329 I/LatinIME( 1886): Starting input. Cursor position = 0,0
12-09 08:17:23.381 I/art     (14562): Background sticky concurrent mark sweep GC freed 29877(1224KB) AllocSpace objects, 1(20KB) LOS objects, 0% free, 3MB/3MB, paused 18.484ms total 168.541ms
12-09 08:17:23.473 D/gralloc_ranchu( 1219): gralloc_alloc: Creating ashmem region of size 49152
12-09 08:17:23.635 W/audio_hw_generic( 1308): Hardware backing HAL too slow, could only write 0 of 661 frames
12-09 08:17:23.659 W/audio_hw_generic( 1308): Hardware backing HAL too slow, could only write 0 of 661 frames
12-09 08:17:23.667 W/audio_hw_generic( 1308): Hardware backing HAL too slow, could only write 0 of 661 frames
12-09 08:17:23.696 W/audio_hw_generic( 1308): Hardware backing HAL too slow, could only write 0 of 661 frames
12-09 08:17:23.709 W/audio_hw_generic( 1308): Hardware backing HAL too slow, could only write 0 of 661 frames
12-09 08:17:23.724 W/audio_hw_generic( 1308): Hardware backing HAL too slow, could only write 0 of 661 frames
12-09 08:17:23.924 I/Choreographer( 1886): Skipped 37 frames!  The application may be doing too much work on its main thread.
12-09 08:17:24.001 W/audio_hw_generic( 1308): Not supplying enough data to HAL, expected position 31470330 , only wrote 31468227
12-09 08:17:24.001 W/audio_hw_generic( 1308): Not supplying enough data to HAL, expected position 31468233 , only wrote 31468227
12-09 08:17:24.023 W/audio_hw_generic( 1308): Not supplying enough data to HAL, expected position 31469173 , only wrote 31468888
12-09 08:17:24.073 E/SurfaceFlinger( 1219): ro.sf.lcd_density must be defined as a build property
12-09 08:17:24.079 D/gralloc_ranchu( 1219): gralloc_alloc: Creating ashmem region of size 3686400
12-09 08:17:24.090 D/        (14607): HostConnection::get() New Host Connection established 0x7ff1b7892480, tid 14607
12-09 08:17:24.135 E/EGL_emulation( 1219): tid 1219: eglCreateSyncKHR(1881): error 0x3004 (EGL_BAD_ATTRIBUTE)
12-09 08:17:24.458 W/audio_hw_generic( 1308): Not supplying enough data to HAL, expected position 31488086 , only wrote 31488057
12-09 08:17:24.458 W/audio_hw_generic( 1308): Not supplying enough data to HAL, expected position 31488063 , only wrote 31488057
12-09 08:17:24.502 W/audio_hw_generic( 1308): Not supplying enough data to HAL, expected position 31489978 , only wrote 31488718
12-09 08:17:24.502 W/audio_hw_generic( 1308): Hardware backing HAL too slow, could only write 0 of 661 frames
12-09 08:17:24.534 W/audio_hw_generic( 1308): Hardware backing HAL too slow, could only write 0 of 661 frames
12-09 08:17:24.550 W/audio_hw_generic( 1308): Hardware backing HAL too slow, could only write 0 of 661 frames
12-09 08:17:24.563 W/audio_hw_generic( 1308): Hardware backing HAL too slow, could only write 0 of 661 frames
12-09 08:17:24.648 W/audio_hw_generic( 1308): Hardware backing HAL too slow, could only write 0 of 661 frames
12-09 08:17:24.846 W/audio_hw_generic( 1308): Not supplying enough data to HAL, expected position 31503907 , only wrote 31503260
12-09 08:17:24.846 W/audio_hw_generic( 1308): Not supplying enough data to HAL, expected position 31503266 , only wrote 31503260
12-09 08:17:24.865 W/audio_hw_generic( 1308): Not supplying enough data to HAL, expected position 31504081 , only wrote 31503921
12-09 08:17:24.970 W/audio_hw_generic( 1308): Not supplying enough data to HAL, expected position 31508566 , only wrote 31508548
12-09 08:17:24.971 W/audio_hw_generic( 1308): Hardware backing HAL too slow, could only write 0 of 661 frames
12-09 08:17:24.991 W/audio_hw_generic( 1308): Hardware backing HAL too slow, could only write 0 of 661 frames
12-09 08:17:25.022 W/audio_hw_generic( 1308): Hardware backing HAL too slow, could only write 0 of 661 frames
12-09 08:17:25.031 I/System.out(14562): URI: //map
12-09 08:17:25.031 I/System.out(14562): params: {json={"query":"android.widget.EditText id:'odometer'","operation":{"method_name":"query","arguments":[]}}
12-09 08:17:25.031 I/System.out(14562): }
12-09 08:17:25.036 W/audio_hw_generic( 1308): Hardware backing HAL too slow, could only write 0 of 661 frames
12-09 08:17:25.058 W/audio_hw_generic( 1308): Hardware backing HAL too slow, could only write 0 of 661 frames
12-09 08:17:25.062 W/ResourceType(14562): No package identifier when getting name for resource number 0x00000001
12-09 08:17:25.154 I/System.out(14562): URI: //gesture
12-09 08:17:25.154 I/System.out(14562): params: {json={"query_timeout":5.0,"gestures":[{"query_string":"android.widget.EditText id:'odometer'","touches":[{"x":50,"y":50,"offset_x":0,"offset_y":0,"wait":0.0,"time":0.2,"release":true,"query_string":null}]}]}
12-09 08:17:25.154 I/System.out(14562): }
12-09 08:17:25.182 W/ResourceType(14562): No package identifier when getting name for resource number 0x00000001
12-09 08:17:25.523 W/audio_hw_generic( 1308): Not supplying enough data to HAL, expected position 31532900 , only wrote 31532344
12-09 08:17:25.561 W/audio_hw_generic( 1308): Not supplying enough data to HAL, expected position 31534039 , only wrote 31533666
12-09 08:17:25.703 W/audio_hw_generic( 1308): Hardware backing HAL too slow, could only write 0 of 661 frames
12-09 08:17:25.890 W/audio_hw_generic( 1308): Hardware backing HAL too slow, could only write 0 of 661 frames
12-09 08:17:25.899 W/audio_hw_generic( 1308): Hardware backing HAL too slow, could only write 0 of 661 frames
12-09 08:17:26.027 W/audio_hw_generic( 1308): Not supplying enough data to HAL, expected position 31554213 , only wrote 31554157
12-09 08:17:26.210 W/audio_hw_generic( 1308): Not supplying enough data to HAL, expected position 31562240 , only wrote 31562089
12-09 08:17:26.210 W/audio_hw_generic( 1308): Not supplying enough data to HAL, expected position 31562095 , only wrote 31562089
12-09 08:17:26.238 W/audio_hw_generic( 1308): Not supplying enough data to HAL, expected position 31563317 , only wrote 31562750
12-09 08:17:26.261 I/System.out(14562): URI: //
12-09 08:17:26.262 I/System.out(14562): params: {json={"command":"set_selection","arguments":[-1,-1]}
12-09 08:17:26.262 I/System.out(14562): }
12-09 08:17:26.262 I/System.out(14562): header: {date=Sun, 09 Dec 2018 08:17:26 GMT, accept=*/*, content-length=47, host=127.0.0.1:34777, user-agent=HTTPClient/1.0 (2.8.3, ruby 2.3.1 (2016-04-26)), content-type=application/json;charset=utf-8}
12-09 08:17:26.262 I/System.out(14562): params: {json={"command":"set_selection","arguments":[-1,-1]}
12-09 08:17:26.262 I/System.out(14562): }
12-09 08:17:26.262 I/System.out(14562): ProP json = {"command":"set_selection","arguments":[-1,-1]}
12-09 08:17:26.262 I/System.out(14562): files: {}
