12-09 07:43:02.275 W/audio_hw_generic( 1307): Hardware backing HAL too slow, could only write 0 of 661 frames
12-09 07:43:02.289 E/memtrack( 5251): Couldn't load memtrack module (No such file or directory)
12-09 07:43:02.289 E/android.os.Debug( 5251): failed to load memtrack module: -2
12-09 07:43:02.295 I/Radio-JNI( 5251): register_android_hardware_Radio DONE
12-09 07:43:02.313 D/AndroidRuntime( 5251): Calling main entry com.android.commands.input.Input
12-09 07:43:02.314 I/Input   ( 5251): injectKeyEvent: KeyEvent { action=ACTION_DOWN, keyCode=KEYCODE_BACK, scanCode=0, metaState=0, flags=0x0, repeatCount=0, eventTime=2794124, downTime=2794124, deviceId=-1, source=0x101 }
12-09 07:43:02.395 W/audio_hw_generic( 1307): Hardware backing HAL too slow, could only write 0 of 661 frames
12-09 07:43:02.395 W/audio_hw_generic( 1307): Not supplying enough data to HAL, expected position 6109665 , only wrote 6106979
12-09 07:43:02.395 W/audio_hw_generic( 1307): Not supplying enough data to HAL, expected position 6106986 , only wrote 6106979
12-09 07:43:02.398 I/Input   ( 5251): injectKeyEvent: KeyEvent { action=ACTION_UP, keyCode=KEYCODE_BACK, scanCode=0, metaState=0, flags=0x0, repeatCount=0, eventTime=2794124, downTime=2794124, deviceId=-1, source=0x101 }
12-09 07:43:02.418 D/AndroidRuntime( 5251): Shutting down VM
12-09 07:43:02.442 W/audio_hw_generic( 1307): Hardware backing HAL too slow, could only write 0 of 661 frames
12-09 07:43:02.458 W/audio_hw_generic( 1307): Hardware backing HAL too slow, could only write 0 of 661 frames
12-09 07:43:02.515 W/ActivityManager( 1593): Bad activity token: android.os.BinderProxy@c792c4e
12-09 07:43:02.515 W/ActivityManager( 1593): java.lang.ClassCastException: android.os.BinderProxy cannot be cast to com.android.server.am.ActivityRecord$Token
12-09 07:43:02.515 W/ActivityManager( 1593): 	at com.android.server.am.ActivityRecord.forTokenLocked(ActivityRecord.java:424)
12-09 07:43:02.515 W/ActivityManager( 1593): 	at com.android.server.am.ActivityRecord.isInStackLocked(ActivityRecord.java:1121)
12-09 07:43:02.515 W/ActivityManager( 1593): 	at com.android.server.am.ActivityManagerService.getActivityOptions(ActivityManagerService.java:11038)
12-09 07:43:02.515 W/ActivityManager( 1593): 	at android.app.ActivityManagerNative.onTransact(ActivityManagerNative.java:1734)
12-09 07:43:02.515 W/ActivityManager( 1593): 	at com.android.server.am.ActivityManagerService.onTransact(ActivityManagerService.java:2443)
12-09 07:43:02.515 W/ActivityManager( 1593): 	at android.os.Binder.execTransact(Binder.java:453)
12-09 07:43:02.563 V/PhoneStatusBar( 1697): setLightsOn(true)
12-09 07:43:02.613 D/gralloc_ranchu( 1226): gralloc_alloc: Creating ashmem region of size 3686400
12-09 07:43:02.638 W/audio_hw_generic( 1307): Not supplying enough data to HAL, expected position 6117669 , only wrote 6117555
12-09 07:43:02.698 I/System.out( 5140): URI: //gesture
12-09 07:43:02.698 I/System.out( 5140): params: {json={"query_timeout":5.0,"gestures":[{"query_string":"android.widget.TabWidget descendant TextView index:2","touches":[{"x":50,"y":50,"offset_x":0,"offset_y":0,"wait":0.0,"time":0.2,"release":true,"query_string":null}]}]}
12-09 07:43:02.698 I/System.out( 5140): }
12-09 07:43:02.736 W/audio_hw_generic( 1307): Not supplying enough data to HAL, expected position 6125380 , only wrote 6121521
12-09 07:43:02.801 I/art     ( 5140): Background sticky concurrent mark sweep GC freed 60316(2MB) AllocSpace objects, 4(80KB) LOS objects, 46% free, 3MB/5MB, paused 5.091ms total 98.134ms
12-09 07:43:03.229 W/art     ( 1593): Long monitor contention event with owner method=void com.android.server.wm.WindowAnimator$1.doFrame(long) from WindowAnimator.java:121 waiters=0 for 350ms
12-09 07:43:03.611 I/Choreographer( 5140): Skipped 48 frames!  The application may be doing too much work on its main thread.
12-09 07:43:03.612 D/gralloc_ranchu( 1226): gralloc_alloc: Creating ashmem region of size 3686400
12-09 07:43:04.632 I/Choreographer( 1593): Skipped 37 frames!  The application may be doing too much work on its main thread.
12-09 07:43:04.633 I/Choreographer( 5140): Skipped 35 frames!  The application may be doing too much work on its main thread.
12-09 07:43:04.842 W/art     ( 1593): Long monitor contention event with owner method=void com.android.server.wm.WindowAnimator$1.doFrame(long) from WindowAnimator.java:121 waiters=0 for 209ms
12-09 07:43:05.091 D/gralloc_ranchu( 1226): gralloc_alloc: Creating ashmem region of size 3686400
12-09 07:43:05.349 I/calabash( 5140): newActivity1
12-09 07:43:05.356 W/ActivityManager( 1593): Bad activity token: android.os.BinderProxy@c53b3f8
12-09 07:43:05.356 W/ActivityManager( 1593): java.lang.ClassCastException: android.os.BinderProxy cannot be cast to com.android.server.am.ActivityRecord$Token
12-09 07:43:05.356 W/ActivityManager( 1593): 	at com.android.server.am.ActivityRecord.forTokenLocked(ActivityRecord.java:424)
12-09 07:43:05.356 W/ActivityManager( 1593): 	at com.android.server.am.ActivityRecord.isInStackLocked(ActivityRecord.java:1121)
12-09 07:43:05.356 W/ActivityManager( 1593): 	at com.android.server.am.ActivityRecord.getStackLocked(ActivityRecord.java:1126)
12-09 07:43:05.356 W/ActivityManager( 1593): 	at com.android.server.am.ActivityManagerService.getActivityDisplayId(ActivityManagerService.java:8889)
12-09 07:43:05.356 W/ActivityManager( 1593): 	at android.app.ActivityManagerNative.onTransact(ActivityManagerNative.java:2338)
12-09 07:43:05.356 W/ActivityManager( 1593): 	at com.android.server.am.ActivityManagerService.onTransact(ActivityManagerService.java:2443)
12-09 07:43:05.356 W/ActivityManager( 1593): 	at android.os.Binder.execTransact(Binder.java:453)
12-09 07:43:05.356 W/ActivityManager( 1593): Bad activity token: android.os.BinderProxy@c53b3f8
12-09 07:43:05.356 W/ActivityManager( 1593): java.lang.ClassCastException: android.os.BinderProxy cannot be cast to com.android.server.am.ActivityRecord$Token
12-09 07:43:05.356 W/ActivityManager( 1593): 	at com.android.server.am.ActivityRecord.forTokenLocked(ActivityRecord.java:424)
12-09 07:43:05.356 W/ActivityManager( 1593): 	at com.android.server.am.ActivityRecord.isInStackLocked(ActivityRecord.java:1121)
12-09 07:43:05.356 W/ActivityManager( 1593): 	at com.android.server.am.ActivityManagerService.setTaskDescription(ActivityManagerService.java:8547)
12-09 07:43:05.356 W/ActivityManager( 1593): 	at android.app.ActivityManagerNative.onTransact(ActivityManagerNative.java:2410)
12-09 07:43:05.356 W/ActivityManager( 1593): 	at com.android.server.am.ActivityManagerService.onTransact(ActivityManagerService.java:2443)
12-09 07:43:05.356 W/ActivityManager( 1593): 	at android.os.Binder.execTransact(Binder.java:453)
12-09 07:43:05.410 W/audio_hw_generic( 1307): Hardware backing HAL too slow, could only write 0 of 661 frames
12-09 07:43:05.428 D/VehicleStatisticsActivity( 5140): Checking recalculation ...
12-09 07:43:05.429 D/VehicleStatisticsActivity( 5140): Recalculating statistics
12-09 07:43:05.429 D/VehicleStatisticsTask( 5140): Calculation starting...
12-09 07:43:05.429 D/VehicleStatisticsActivity( 5140): Recalculation started!
12-09 07:43:05.434 W/audio_hw_generic( 1307): Hardware backing HAL too slow, could only write 0 of 661 frames
12-09 07:43:05.474 W/ActivityManager( 1593): Bad activity token: android.os.BinderProxy@c53b3f8
12-09 07:43:05.474 W/ActivityManager( 1593): java.lang.ClassCastException: android.os.BinderProxy cannot be cast to com.android.server.am.ActivityRecord$Token
12-09 07:43:05.474 W/ActivityManager( 1593): 	at com.android.server.am.ActivityRecord.forTokenLocked(ActivityRecord.java:424)
12-09 07:43:05.474 W/ActivityManager( 1593): 	at com.android.server.am.ActivityRecord.isInStackLocked(ActivityRecord.java:1121)
12-09 07:43:05.474 W/ActivityManager( 1593): 	at com.android.server.am.ActivityManagerService.getActivityOptions(ActivityManagerService.java:11038)
12-09 07:43:05.474 W/ActivityManager( 1593): 	at android.app.ActivityManagerNative.onTransact(ActivityManagerNative.java:1734)
12-09 07:43:05.474 W/ActivityManager( 1593): 	at com.android.server.am.ActivityManagerService.onTransact(ActivityManagerService.java:2443)
12-09 07:43:05.474 W/ActivityManager( 1593): 	at android.os.Binder.execTransact(Binder.java:453)
12-09 07:43:05.477 D/CalculateTask( 5140): Recalculating...
12-09 07:43:05.483 W/ActivityManager( 1593): Bad activity token: android.os.BinderProxy@c53b3f8
12-09 07:43:05.483 W/ActivityManager( 1593): java.lang.ClassCastException: android.os.BinderProxy cannot be cast to com.android.server.am.ActivityRecord$Token
12-09 07:43:05.483 W/ActivityManager( 1593): 	at com.android.server.am.ActivityRecord.forTokenLocked(ActivityRecord.java:424)
12-09 07:43:05.483 W/ActivityManager( 1593): 	at com.android.server.am.ActivityRecord.isInStackLocked(ActivityRecord.java:1121)
12-09 07:43:05.483 W/ActivityManager( 1593): 	at com.android.server.am.ActivityManagerService.getActivityOptions(ActivityManagerService.java:11038)
12-09 07:43:05.483 W/ActivityManager( 1593): 	at android.app.ActivityManagerNative.onTransact(ActivityManagerNative.java:1734)
12-09 07:43:05.483 W/ActivityManager( 1593): 	at com.android.server.am.ActivityManagerService.onTransact(ActivityManagerService.java:2443)
12-09 07:43:05.483 W/ActivityManager( 1593): 	at android.os.Binder.execTransact(Binder.java:453)
12-09 07:43:05.484 D/VehicleStatisticsActivity( 5140): Checking recalculation ...
12-09 07:43:05.501 D/VehicleStatisticsActivity( 5140): Recalculating statistics
12-09 07:43:05.501 D/VehicleStatisticsTask( 5140): Calculation starting...
12-09 07:43:05.502 D/VehicleStatisticsActivity( 5140): Recalculation started!
12-09 07:43:05.650 W/audio_hw_generic( 1307): Not supplying enough data to HAL, expected position 6134116 , only wrote 6134080
12-09 07:43:05.650 W/audio_hw_generic( 1307): Not supplying enough data to HAL, expected position 6134103 , only wrote 6134080
12-09 07:43:05.653 D/CalculateTask( 5140): Recalculating...
12-09 07:43:05.668 W/audio_hw_generic( 1307): Not supplying enough data to HAL, expected position 6134858 , only wrote 6134741
12-09 07:43:05.699 W/audio_hw_generic( 1307): Not supplying enough data to HAL, expected position 6136125 , only wrote 6136063
12-09 07:43:05.731 W/audio_hw_generic( 1307): Hardware backing HAL too slow, could only write 0 of 661 frames
12-09 07:43:05.746 W/audio_hw_generic( 1307): Hardware backing HAL too slow, could only write 0 of 661 frames
12-09 07:43:05.770 W/audio_hw_generic( 1307): Hardware backing HAL too slow, could only write 0 of 661 frames
12-09 07:43:05.798 W/audio_hw_generic( 1307): Hardware backing HAL too slow, could only write 0 of 661 frames
12-09 07:43:05.812 W/audio_hw_generic( 1307): Hardware backing HAL too slow, could only write 0 of 661 frames
12-09 07:43:05.826 W/audio_hw_generic( 1307): Hardware backing HAL too slow, could only write 0 of 661 frames
12-09 07:43:05.838 W/audio_hw_generic( 1307): Hardware backing HAL too slow, could only write 0 of 661 frames
12-09 07:43:05.867 D/Mileage.ABS( 5140): Finished backup
12-09 07:43:05.880 D/VehicleStatisticsTask( 5140): Done recalculating!
12-09 07:43:05.896 D/Mileage.ABS( 5140): Not backing up; 62
12-09 07:43:05.905 D/VehicleStatisticsAdapter( 5140): Erasing the cache ...
12-09 07:43:05.944 D/VehicleStatisticsAdapter( 5140): Building new values ...
12-09 07:43:05.944 D/VehicleStatisticsAdapter( 5140): Writing 29 records to the database ...
12-09 07:43:06.001 E/SurfaceFlinger( 1226): ro.sf.lcd_density must be defined as a build property
12-09 07:43:06.002 D/gralloc_ranchu( 1226): gralloc_alloc: Creating ashmem region of size 3686400
12-09 07:43:06.105 D/        ( 5264): HostConnection::get() New Host Connection established 0x7f1d34ed2480, tid 5264
12-09 07:43:06.121 D/VehicleStatisticsTask( 5140): Done recalculating!
12-09 07:43:06.135 E/EGL_emulation( 1226): tid 1226: eglCreateSyncKHR(1881): error 0x3004 (EGL_BAD_ATTRIBUTE)
12-09 07:43:06.138 D/Mileage.ABS( 5140): Not backing up; 304
12-09 07:43:06.139 D/Mileage.ABS( 5140): Not backing up; 305
12-09 07:43:06.139 D/Mileage.ABS( 5140): Not backing up; 305
12-09 07:43:06.203 D/VehicleStatisticsAdapter( 5140): Erasing the cache ...
12-09 07:43:06.267 D/VehicleStatisticsAdapter( 5140): Building new values ...
12-09 07:43:06.267 D/VehicleStatisticsAdapter( 5140): Writing 29 records to the database ...
12-09 07:43:06.404 D/Mileage.ABS( 5140): Not backing up; 570
12-09 07:43:06.405 D/Mileage.ABS( 5140): Not backing up; 570
12-09 07:43:06.405 D/Mileage.ABS( 5140): Not backing up; 571
12-09 07:43:06.405 D/Mileage.ABS( 5140): Not backing up; 571
12-09 07:43:06.405 D/Mileage.ABS( 5140): Not backing up; 571
12-09 07:43:06.406 D/Mileage.ABS( 5140): Not backing up; 571
12-09 07:43:06.406 D/Mileage.ABS( 5140): Not backing up; 572
12-09 07:43:06.412 D/Mileage.ABS( 5140): Not backing up; 578
12-09 07:43:06.416 D/Mileage.ABS( 5140): Not backing up; 581
12-09 07:43:06.417 D/Mileage.ABS( 5140): Not backing up; 583
12-09 07:43:06.417 D/Mileage.ABS( 5140): Not backing up; 583
12-09 07:43:06.493 D/Mileage.ABS( 5140): Not backing up; 659
12-09 07:43:06.519 D/Mileage.ABS( 5140): Not backing up; 685
12-09 07:43:06.540 I/art     ( 5140): WaitForGcToComplete blocked for 34.498ms for cause Background
12-09 07:43:06.579 D/Mileage.ABS( 5140): Not backing up; 745
12-09 07:43:06.679 W/audio_hw_generic( 1307): Hardware backing HAL too slow, could only write 0 of 661 frames
12-09 07:43:06.721 W/audio_hw_generic( 1307): Not supplying enough data to HAL, expected position 6181118 , only wrote 6181011
12-09 07:43:06.721 W/audio_hw_generic( 1307): Not supplying enough data to HAL, expected position 6181018 , only wrote 6181011
12-09 07:43:06.727 D/Mileage.ABS( 5140): Not backing up; 893
12-09 07:43:06.727 D/Mileage.ABS( 5140): Not backing up; 893
12-09 07:43:06.743 W/audio_hw_generic( 1307): Not supplying enough data to HAL, expected position 6181962 , only wrote 6181672
12-09 07:43:06.744 I/art     ( 5140): Background sticky concurrent mark sweep GC freed 48816(2MB) AllocSpace objects, 1(20KB) LOS objects, 41% free, 3MB/5MB, paused 17.049ms total 188.847ms
12-09 07:43:06.867 W/audio_hw_generic( 1307): Hardware backing HAL too slow, could only write 0 of 661 frames
12-09 07:43:07.019 W/audio_hw_generic( 1307): Not supplying enough data to HAL, expected position 6193844 , only wrote 6193570
12-09 07:43:07.060 D/Mileage.ABS( 5140): Finished backup
12-09 07:43:07.093 D/Mileage.ABS( 5140): Not backing up; 72
12-09 07:43:07.094 D/Mileage.ABS( 5140): Not backing up; 73
12-09 07:43:07.094 D/Mileage.ABS( 5140): Not backing up; 73
12-09 07:43:07.099 D/Mileage.ABS( 5140): Not backing up; 78
12-09 07:43:07.115 W/audio_hw_generic( 1307): Hardware backing HAL too slow, could only write 0 of 661 frames
12-09 07:43:07.181 I/System.out( 5140): URI: //map
12-09 07:43:07.182 I/System.out( 5140): params: {json={"query":"* {text CONTAINS[c] 'Average fuel economy'}","operation":{"method_name":"query","arguments":[]}}
12-09 07:43:07.182 I/System.out( 5140): }
12-09 07:43:07.222 D/Mileage.ABS( 5140): Not backing up; 201
12-09 07:43:07.223 D/Mileage.ABS( 5140): Not backing up; 202
12-09 07:43:07.223 D/Mileage.ABS( 5140): Not backing up; 202
12-09 07:43:07.273 D/Mileage.ABS( 5140): Not backing up; 252
12-09 07:43:07.321 D/Mileage.ABS( 5140): Not backing up; 300
12-09 07:43:07.333 D/Mileage.ABS( 5140): Not backing up; 312
12-09 07:43:07.344 D/Mileage.ABS( 5140): Not backing up; 323
12-09 07:43:07.348 W/audio_hw_generic( 1307): Hardware backing HAL too slow, could only write 0 of 661 frames
12-09 07:43:07.366 D/Mileage.ABS( 5140): Not backing up; 345
12-09 07:43:07.386 D/Mileage.ABS( 5140): Not backing up; 365
12-09 07:43:07.397 D/Mileage.ABS( 5140): Not backing up; 376
12-09 07:43:07.398 D/Mileage.ABS( 5140): Not backing up; 377
12-09 07:43:07.398 D/Mileage.ABS( 5140): Not backing up; 377
12-09 07:43:07.468 D/Mileage.ABS( 5140): Not backing up; 447
12-09 07:43:07.468 D/Mileage.ABS( 5140): Not backing up; 447
12-09 07:43:07.523 D/Mileage.ABS( 5140): Not backing up; 502
12-09 07:43:07.523 D/Mileage.ABS( 5140): Not backing up; 502
12-09 07:43:07.613 I/System.out( 5140): URI: //gesture
12-09 07:43:07.614 I/System.out( 5140): params: {json={"query_timeout":5.0,"gestures":[{"query_string":"* {text CONTAINS[c] 'Average fuel economy'}","touches":[{"x":50,"y":50,"offset_x":0,"offset_y":0,"wait":0.0,"time":0.2,"release":true,"query_string":null}]}]}
12-09 07:43:07.614 I/System.out( 5140): }
12-09 07:43:07.660 D/Mileage.ABS( 5140): Not backing up; 639
12-09 07:43:07.676 D/Mileage.ABS( 5140): Not backing up; 655
12-09 07:43:07.727 D/Mileage.ABS( 5140): Not backing up; 706
12-09 07:43:07.752 W/audio_hw_generic( 1307): Hardware backing HAL too slow, could only write 0 of 661 frames
12-09 07:43:07.759 D/Mileage.ABS( 5140): Not backing up; 738
12-09 07:43:07.760 D/Mileage.ABS( 5140): Not backing up; 739
12-09 07:43:07.761 D/Mileage.ABS( 5140): Not backing up; 740
12-09 07:43:07.761 D/Mileage.ABS( 5140): Not backing up; 740
12-09 07:43:07.761 D/Mileage.ABS( 5140): Not backing up; 740
12-09 07:43:07.762 D/Mileage.ABS( 5140): Not backing up; 741
12-09 07:43:07.762 D/Mileage.ABS( 5140): Not backing up; 741
12-09 07:43:07.762 D/Mileage.ABS( 5140): Not backing up; 741
12-09 07:43:07.773 D/Mileage.ABS( 5140): Not backing up; 741
12-09 07:43:07.774 D/Mileage.ABS( 5140): Not backing up; 753
12-09 07:43:07.805 D/VehicleStatisticsAdapter( 5140): Caching of 29 records complete! (1.861 seconds)
12-09 07:43:07.808 D/Mileage.ABS( 5140): Not backing up; 787
12-09 07:43:07.813 D/Mileage.ABS( 5140): Not backing up; 792
12-09 07:43:07.837 D/Mileage.ABS( 5140): Not backing up; 816
12-09 07:43:07.886 W/audio_hw_generic( 1307): Not supplying enough data to HAL, expected position 6231819 , only wrote 6231247
12-09 07:43:07.886 W/audio_hw_generic( 1307): Not supplying enough data to HAL, expected position 6231254 , only wrote 6231247
12-09 07:43:07.914 W/audio_hw_generic( 1307): Not supplying enough data to HAL, expected position 6232475 , only wrote 6231908
12-09 07:43:08.059 D/VehicleStatisticsAdapter( 5140): Caching of 29 records complete! (1.792 seconds)
12-09 07:43:08.063 I/ActivityManager( 1593): START u0 {cmp=com.evancharlton.mileage/.charts.AverageFuelEconomyChart (has extras)} from uid 10117 on display 0
12-09 07:43:08.325 I/art     ( 5140): Background sticky concurrent mark sweep GC freed 48842(2MB) AllocSpace objects, 2(40KB) LOS objects, 40% free, 3MB/5MB, paused 1.217ms total 123.819ms
12-09 07:43:08.392 D/Mileage.ABS( 5140): Finished backup
12-09 07:43:08.408 I/calabash( 5140): newActivity1
12-09 07:43:08.414 D/Mileage.ABS( 5140): Not backing up; 76
12-09 07:43:08.415 D/Mileage.ABS( 5140): Not backing up; 77
12-09 07:43:08.415 D/Mileage.ABS( 5140): Not backing up; 77
12-09 07:43:08.464 W/aiCharts( 5140): License file is invalid or missing. 
12-09 07:43:08.464 W/aiCharts( 5140): Please place proper license.lic to /assets folder.
12-09 07:43:08.501 W/audio_hw_generic( 1307): Not supplying enough data to HAL, expected position 6257779 , only wrote 6257026
12-09 07:43:08.501 W/audio_hw_generic( 1307): Not supplying enough data to HAL, expected position 6257033 , only wrote 6257026
12-09 07:43:08.525 W/audio_hw_generic( 1307): Not supplying enough data to HAL, expected position 6257780 , only wrote 6257687
12-09 07:43:08.525 W/audio_hw_generic( 1307): Hardware backing HAL too slow, could only write 0 of 661 frames
12-09 07:43:08.568 V/PhoneStatusBar( 1697): setLightsOn(true)
12-09 07:43:08.571 W/audio_hw_generic( 1307): Hardware backing HAL too slow, could only write 0 of 661 frames
12-09 07:43:08.579 W/audio_hw_generic( 1307): Hardware backing HAL too slow, could only write 0 of 661 frames
12-09 07:43:08.593 W/audio_hw_generic( 1307): Hardware backing HAL too slow, could only write 0 of 661 frames
12-09 07:43:08.617 W/audio_hw_generic( 1307): Hardware backing HAL too slow, could only write 0 of 661 frames
12-09 07:43:08.641 W/audio_hw_generic( 1307): Not supplying enough data to HAL, expected position 6263098 , only wrote 6262975
12-09 07:43:08.775 E/SurfaceFlinger( 1226): ro.sf.lcd_density must be defined as a build property
12-09 07:43:08.835 D/gralloc_ranchu( 1226): gralloc_alloc: Creating ashmem region of size 3686400
12-09 07:43:08.847 D/        ( 5284): HostConnection::get() New Host Connection established 0x7f786bf52480, tid 5284
12-09 07:43:08.875 E/EGL_emulation( 1226): tid 1226: eglCreateSyncKHR(1881): error 0x3004 (EGL_BAD_ATTRIBUTE)
12-09 07:43:08.944 W/audio_hw_generic( 1307): Not supplying enough data to HAL, expected position 6276333 , only wrote 6276195
12-09 07:43:08.944 W/audio_hw_generic( 1307): Not supplying enough data to HAL, expected position 6276202 , only wrote 6276195
12-09 07:43:08.987 W/audio_hw_generic( 1307): Not supplying enough data to HAL, expected position 6278087 , only wrote 6276856
12-09 07:43:09.023 W/audio_hw_generic( 1307): Not supplying enough data to HAL, expected position 6278460 , only wrote 6278178
12-09 07:43:09.095 D/gralloc_ranchu( 1226): gralloc_alloc: Creating ashmem region of size 3686400
12-09 07:43:09.520 W/audio_hw_generic( 1307): Not supplying enough data to HAL, expected position 6300097 , only wrote 6299991
12-09 07:43:09.539 W/audio_hw_generic( 1307): Not supplying enough data to HAL, expected position 6300816 , only wrote 6300652
12-09 07:43:09.539 W/audio_hw_generic( 1307): Not supplying enough data to HAL, expected position 6300659 , only wrote 6300652
12-09 07:43:09.554 W/audio_hw_generic( 1307): Not supplying enough data to HAL, expected position 6301319 , only wrote 6301313
12-09 07:43:09.554 W/audio_hw_generic( 1307): Hardware backing HAL too slow, could only write 0 of 661 frames
12-09 07:43:09.570 W/audio_hw_generic( 1307): Hardware backing HAL too slow, could only write 0 of 661 frames
12-09 07:43:09.594 W/audio_hw_generic( 1307): Hardware backing HAL too slow, could only write 0 of 661 frames
12-09 07:43:09.602 W/audio_hw_generic( 1307): Hardware backing HAL too slow, could only write 0 of 661 frames
12-09 07:43:09.618 W/audio_hw_generic( 1307): Hardware backing HAL too slow, could only write 0 of 661 frames
12-09 07:43:09.630 W/audio_hw_generic( 1307): Hardware backing HAL too slow, could only write 0 of 661 frames
12-09 07:43:09.701 W/art     ( 1593): Long monitor contention event with owner method=void com.android.server.wm.WindowAnimator$1.doFrame(long) from WindowAnimator.java:121 waiters=1 for 297ms
12-09 07:43:09.756 W/audio_hw_generic( 1307): Not supplying enough data to HAL, expected position 6310207 , only wrote 6309245
12-09 07:43:09.756 W/audio_hw_generic( 1307): Not supplying enough data to HAL, expected position 6309255 , only wrote 6309245
12-09 07:43:09.771 W/audio_hw_generic( 1307): Not supplying enough data to HAL, expected position 6309908 , only wrote 6309906
12-09 07:43:10.115 W/audio_hw_generic( 1307): Not supplying enough data to HAL, expected position 6325062 , only wrote 6323787
12-09 07:43:10.115 W/audio_hw_generic( 1307): Not supplying enough data to HAL, expected position 6323794 , only wrote 6323787
12-09 07:43:10.126 W/art     ( 1593): Long monitor contention event with owner method=void com.android.server.wm.WindowAnimator$1.doFrame(long) from WindowAnimator.java:121 waiters=1 for 161ms
12-09 07:43:10.545 W/art     ( 1593): Long monitor contention event with owner method=void com.android.server.wm.WindowAnimator$1.doFrame(long) from WindowAnimator.java:121 waiters=1 for 219ms
