12-09 08:07:39.204 E/memtrack(10386): Couldn't load memtrack module (No such file or directory)
12-09 08:07:39.204 E/android.os.Debug(10386): failed to load memtrack module: -2
12-09 08:07:39.206 I/Radio-JNI(10386): register_android_hardware_Radio DONE
12-09 08:07:39.242 D/AndroidRuntime(10386): Calling main entry com.android.commands.input.Input
12-09 08:07:39.244 I/Input   (10386): injectKeyEvent: KeyEvent { action=ACTION_DOWN, keyCode=KEYCODE_BACK, scanCode=0, metaState=0, flags=0x0, repeatCount=0, eventTime=3802988, downTime=3802988, deviceId=-1, source=0x101 }
12-09 08:07:39.249 D/gralloc_ranchu( 1219): gralloc_alloc: Creating ashmem region of size 3686400
12-09 08:07:39.301 W/audio_hw_generic( 1308): Not supplying enough data to HAL, expected position 12188503 , only wrote 12188179
12-09 08:07:39.301 W/audio_hw_generic( 1308): Not supplying enough data to HAL, expected position 12188185 , only wrote 12188179
12-09 08:07:39.371 W/audio_hw_generic( 1308): Hardware backing HAL too slow, could only write 0 of 661 frames
12-09 08:07:39.407 I/Input   (10386): injectKeyEvent: KeyEvent { action=ACTION_UP, keyCode=KEYCODE_BACK, scanCode=0, metaState=0, flags=0x0, repeatCount=0, eventTime=3802988, downTime=3802988, deviceId=-1, source=0x101 }
12-09 08:07:39.527 W/audio_hw_generic( 1308): Not supplying enough data to HAL, expected position 12198165 , only wrote 12198094
12-09 08:07:39.527 W/audio_hw_generic( 1308): Hardware backing HAL too slow, could only write 0 of 661 frames
12-09 08:07:39.552 W/audio_hw_generic( 1308): Hardware backing HAL too slow, could only write 0 of 661 frames
12-09 08:07:39.657 W/audio_hw_generic( 1308): Hardware backing HAL too slow, could only write 0 of 661 frames
12-09 08:07:39.657 W/audio_hw_generic( 1308): Not supplying enough data to HAL, expected position 12203800 , only wrote 12200738
12-09 08:07:39.674 W/ActivityManager( 1594): Bad activity token: android.os.BinderProxy@8bb6b2a
12-09 08:07:39.674 W/ActivityManager( 1594): java.lang.ClassCastException: android.os.BinderProxy cannot be cast to com.android.server.am.ActivityRecord$Token
12-09 08:07:39.674 W/ActivityManager( 1594): 	at com.android.server.am.ActivityRecord.forTokenLocked(ActivityRecord.java:424)
12-09 08:07:39.674 W/ActivityManager( 1594): 	at com.android.server.am.ActivityRecord.isInStackLocked(ActivityRecord.java:1121)
12-09 08:07:39.674 W/ActivityManager( 1594): 	at com.android.server.am.ActivityManagerService.getActivityOptions(ActivityManagerService.java:11038)
12-09 08:07:39.674 W/ActivityManager( 1594): 	at android.app.ActivityManagerNative.onTransact(ActivityManagerNative.java:1734)
12-09 08:07:39.674 W/ActivityManager( 1594): 	at com.android.server.am.ActivityManagerService.onTransact(ActivityManagerService.java:2443)
12-09 08:07:39.674 W/ActivityManager( 1594): 	at android.os.Binder.execTransact(Binder.java:453)
12-09 08:07:39.675 D/AndroidRuntime(10386): Shutting down VM
12-09 08:07:39.700 W/audio_hw_generic( 1308): Not supplying enough data to HAL, expected position 12202638 , only wrote 12200738
12-09 08:07:39.762 V/PhoneStatusBar( 3164): setLightsOn(true)
12-09 08:07:39.763 D/gralloc_ranchu( 1219): gralloc_alloc: Creating ashmem region of size 3686400
12-09 08:07:40.030 I/System.out(10275): URI: //gesture
12-09 08:07:40.030 I/System.out(10275): params: {json={"query_timeout":5.0,"gestures":[{"query_string":"android.widget.TabWidget descendant TextView index:2","touches":[{"x":50,"y":50,"offset_x":0,"offset_y":0,"wait":0.0,"time":0.2,"release":true,"query_string":null}]}]}
12-09 08:07:40.030 I/System.out(10275): }
12-09 08:07:40.421 I/Choreographer(10275): Skipped 36 frames!  The application may be doing too much work on its main thread.
12-09 08:07:40.422 D/gralloc_ranchu( 1219): gralloc_alloc: Creating ashmem region of size 3686400
12-09 08:07:40.784 I/art     (10275): Background sticky concurrent mark sweep GC freed 25211(1184KB) AllocSpace objects, 2(40KB) LOS objects, 27% free, 3MB/4MB, paused 5.163ms total 44.173ms
12-09 08:07:41.133 D/gralloc_ranchu( 1219): gralloc_alloc: Creating ashmem region of size 3686400
12-09 08:07:41.615 I/calabash(10275): newActivity1
12-09 08:07:41.622 W/ActivityManager( 1594): Bad activity token: android.os.BinderProxy@6cac0f4
12-09 08:07:41.622 W/ActivityManager( 1594): java.lang.ClassCastException: android.os.BinderProxy cannot be cast to com.android.server.am.ActivityRecord$Token
12-09 08:07:41.622 W/ActivityManager( 1594): 	at com.android.server.am.ActivityRecord.forTokenLocked(ActivityRecord.java:424)
12-09 08:07:41.622 W/ActivityManager( 1594): 	at com.android.server.am.ActivityRecord.isInStackLocked(ActivityRecord.java:1121)
12-09 08:07:41.622 W/ActivityManager( 1594): 	at com.android.server.am.ActivityRecord.getStackLocked(ActivityRecord.java:1126)
12-09 08:07:41.622 W/ActivityManager( 1594): 	at com.android.server.am.ActivityManagerService.getActivityDisplayId(ActivityManagerService.java:8889)
12-09 08:07:41.622 W/ActivityManager( 1594): 	at android.app.ActivityManagerNative.onTransact(ActivityManagerNative.java:2338)
12-09 08:07:41.622 W/ActivityManager( 1594): 	at com.android.server.am.ActivityManagerService.onTransact(ActivityManagerService.java:2443)
12-09 08:07:41.622 W/ActivityManager( 1594): 	at android.os.Binder.execTransact(Binder.java:453)
12-09 08:07:41.636 W/ActivityManager( 1594): Bad activity token: android.os.BinderProxy@6cac0f4
12-09 08:07:41.636 W/ActivityManager( 1594): java.lang.ClassCastException: android.os.BinderProxy cannot be cast to com.android.server.am.ActivityRecord$Token
12-09 08:07:41.636 W/ActivityManager( 1594): 	at com.android.server.am.ActivityRecord.forTokenLocked(ActivityRecord.java:424)
12-09 08:07:41.636 W/ActivityManager( 1594): 	at com.android.server.am.ActivityRecord.isInStackLocked(ActivityRecord.java:1121)
12-09 08:07:41.636 W/ActivityManager( 1594): 	at com.android.server.am.ActivityManagerService.setTaskDescription(ActivityManagerService.java:8547)
12-09 08:07:41.636 W/ActivityManager( 1594): 	at android.app.ActivityManagerNative.onTransact(ActivityManagerNative.java:2410)
12-09 08:07:41.636 W/ActivityManager( 1594): 	at com.android.server.am.ActivityManagerService.onTransact(ActivityManagerService.java:2443)
12-09 08:07:41.636 W/ActivityManager( 1594): 	at android.os.Binder.execTransact(Binder.java:453)
12-09 08:07:41.672 W/audio_hw_generic( 1308): Hardware backing HAL too slow, could only write 0 of 661 frames
12-09 08:07:41.672 W/audio_hw_generic( 1308): Hardware backing HAL too slow, could only write 0 of 661 frames
12-09 08:07:41.690 W/audio_hw_generic( 1308): Hardware backing HAL too slow, could only write 0 of 661 frames
12-09 08:07:41.695 D/VehicleStatisticsActivity(10275): Checking recalculation ...
12-09 08:07:41.713 D/VehicleStatisticsActivity(10275): Recalculating statistics
12-09 08:07:41.713 D/VehicleStatisticsTask(10275): Calculation starting...
12-09 08:07:41.713 D/VehicleStatisticsActivity(10275): Recalculation started!
12-09 08:07:41.728 W/audio_hw_generic( 1308): Hardware backing HAL too slow, could only write 0 of 661 frames
12-09 08:07:41.729 W/ActivityManager( 1594): Bad activity token: android.os.BinderProxy@6cac0f4
12-09 08:07:41.729 W/ActivityManager( 1594): java.lang.ClassCastException: android.os.BinderProxy cannot be cast to com.android.server.am.ActivityRecord$Token
12-09 08:07:41.729 W/ActivityManager( 1594): 	at com.android.server.am.ActivityRecord.forTokenLocked(ActivityRecord.java:424)
12-09 08:07:41.729 W/ActivityManager( 1594): 	at com.android.server.am.ActivityRecord.isInStackLocked(ActivityRecord.java:1121)
12-09 08:07:41.729 W/ActivityManager( 1594): 	at com.android.server.am.ActivityManagerService.getActivityOptions(ActivityManagerService.java:11038)
12-09 08:07:41.729 W/ActivityManager( 1594): 	at android.app.ActivityManagerNative.onTransact(ActivityManagerNative.java:1734)
12-09 08:07:41.729 W/ActivityManager( 1594): 	at com.android.server.am.ActivityManagerService.onTransact(ActivityManagerService.java:2443)
12-09 08:07:41.729 W/ActivityManager( 1594): 	at android.os.Binder.execTransact(Binder.java:453)
12-09 08:07:41.729 W/ActivityManager( 1594): Bad activity token: android.os.BinderProxy@6cac0f4
12-09 08:07:41.729 W/ActivityManager( 1594): java.lang.ClassCastException: android.os.BinderProxy cannot be cast to com.android.server.am.ActivityRecord$Token
12-09 08:07:41.729 W/ActivityManager( 1594): 	at com.android.server.am.ActivityRecord.forTokenLocked(ActivityRecord.java:424)
12-09 08:07:41.729 W/ActivityManager( 1594): 	at com.android.server.am.ActivityRecord.isInStackLocked(ActivityRecord.java:1121)
12-09 08:07:41.729 W/ActivityManager( 1594): 	at com.android.server.am.ActivityManagerService.getActivityOptions(ActivityManagerService.java:11038)
12-09 08:07:41.729 W/ActivityManager( 1594): 	at android.app.ActivityManagerNative.onTransact(ActivityManagerNative.java:1734)
12-09 08:07:41.729 W/ActivityManager( 1594): 	at com.android.server.am.ActivityManagerService.onTransact(ActivityManagerService.java:2443)
12-09 08:07:41.729 W/ActivityManager( 1594): 	at android.os.Binder.execTransact(Binder.java:453)
12-09 08:07:41.742 I/art     (10275): Background sticky concurrent mark sweep GC freed 30610(1455KB) AllocSpace objects, 1(20KB) LOS objects, 23% free, 3MB/4MB, paused 10.289ms total 198.870ms
12-09 08:07:41.743 W/audio_hw_generic( 1308): Hardware backing HAL too slow, could only write 0 of 661 frames
12-09 08:07:41.764 W/audio_hw_generic( 1308): Hardware backing HAL too slow, could only write 0 of 661 frames
12-09 08:07:41.780 W/audio_hw_generic( 1308): Hardware backing HAL too slow, could only write 0 of 661 frames
12-09 08:07:41.795 W/audio_hw_generic( 1308): Hardware backing HAL too slow, could only write 0 of 661 frames
12-09 08:07:41.797 D/VehicleStatisticsActivity(10275): Checking recalculation ...
12-09 08:07:41.798 D/VehicleStatisticsActivity(10275): Recalculating statistics
12-09 08:07:41.798 D/VehicleStatisticsTask(10275): Calculation starting...
12-09 08:07:41.798 D/VehicleStatisticsActivity(10275): Recalculation started!
12-09 08:07:41.802 W/audio_hw_generic( 1308): Hardware backing HAL too slow, could only write 0 of 661 frames
12-09 08:07:41.889 D/CalculateTask(10275): Recalculating...
12-09 08:07:41.962 D/CalculateTask(10275): Recalculating...
12-09 08:07:42.036 D/VehicleStatisticsTask(10275): Done recalculating!
12-09 08:07:42.112 D/Mileage.ABS(10275): Finished backup
12-09 08:07:42.114 D/Mileage.ABS(10275): Not backing up; 43
12-09 08:07:42.134 D/VehicleStatisticsAdapter(10275): Erasing the cache ...
12-09 08:07:42.152 D/VehicleStatisticsAdapter(10275): Building new values ...
12-09 08:07:42.160 D/VehicleStatisticsAdapter(10275): Writing 29 records to the database ...
12-09 08:07:42.203 E/SurfaceFlinger( 1219): ro.sf.lcd_density must be defined as a build property
12-09 08:07:42.224 D/gralloc_ranchu( 1219): gralloc_alloc: Creating ashmem region of size 3686400
12-09 08:07:42.231 D/VehicleStatisticsTask(10275): Done recalculating!
12-09 08:07:42.250 D/VehicleStatisticsAdapter(10275): Erasing the cache ...
12-09 08:07:42.259 D/Mileage.ABS(10275): Not backing up; 188
12-09 08:07:42.329 D/        (10399): HostConnection::get() New Host Connection established 0x7f4495812480, tid 10399
12-09 08:07:42.346 E/EGL_emulation( 1219): tid 1219: eglCreateSyncKHR(1881): error 0x3004 (EGL_BAD_ATTRIBUTE)
12-09 08:07:42.352 D/VehicleStatisticsAdapter(10275): Building new values ...
12-09 08:07:42.355 D/VehicleStatisticsAdapter(10275): Writing 29 records to the database ...
12-09 08:07:42.374 D/Mileage.ABS(10275): Not backing up; 302
12-09 08:07:42.374 D/Mileage.ABS(10275): Not backing up; 303
12-09 08:07:42.375 D/Mileage.ABS(10275): Not backing up; 304
12-09 08:07:42.410 D/Mileage.ABS(10275): Not backing up; 339
12-09 08:07:42.411 D/Mileage.ABS(10275): Not backing up; 340
12-09 08:07:42.473 D/Mileage.ABS(10275): Not backing up; 402
12-09 08:07:42.480 D/Mileage.ABS(10275): Not backing up; 409
12-09 08:07:42.481 D/Mileage.ABS(10275): Not backing up; 410
12-09 08:07:42.543 D/Mileage.ABS(10275): Not backing up; 472
12-09 08:07:42.543 D/Mileage.ABS(10275): Not backing up; 472
12-09 08:07:42.576 D/Mileage.ABS(10275): Not backing up; 505
12-09 08:07:42.610 D/Mileage.ABS(10275): Not backing up; 539
12-09 08:07:42.639 D/Mileage.ABS(10275): Not backing up; 568
12-09 08:07:42.682 D/Mileage.ABS(10275): Not backing up; 611
12-09 08:07:42.742 W/audio_hw_generic( 1308): Not supplying enough data to HAL, expected position 12247926 , only wrote 12247669
12-09 08:07:42.742 W/audio_hw_generic( 1308): Not supplying enough data to HAL, expected position 12247675 , only wrote 12247669
12-09 08:07:42.776 W/audio_hw_generic( 1308): Not supplying enough data to HAL, expected position 12249169 , only wrote 12248330
12-09 08:07:42.797 D/Mileage.ABS(10275): Not backing up; 726
12-09 08:07:42.837 D/Mileage.ABS(10275): Not backing up; 766
12-09 08:07:42.942 W/audio_hw_generic( 1308): Not supplying enough data to HAL, expected position 12255654 , only wrote 12252957
12-09 08:07:42.942 W/audio_hw_generic( 1308): Not supplying enough data to HAL, expected position 12252963 , only wrote 12252957
12-09 08:07:42.960 W/audio_hw_generic( 1308): Not supplying enough data to HAL, expected position 12253728 , only wrote 12253618
12-09 08:07:43.001 D/Mileage.ABS(10275): Not backing up; 930
12-09 08:07:43.002 D/Mileage.ABS(10275): Not backing up; 931
12-09 08:07:43.060 W/audio_hw_generic( 1308): Not supplying enough data to HAL, expected position 12258051 , only wrote 12257584
12-09 08:07:43.060 W/audio_hw_generic( 1308): Not supplying enough data to HAL, expected position 12257592 , only wrote 12257584
12-09 08:07:43.081 W/audio_hw_generic( 1308): Not supplying enough data to HAL, expected position 12258507 , only wrote 12258245
12-09 08:07:43.330 W/audio_hw_generic( 1308): Not supplying enough data to HAL, expected position 12269225 , only wrote 12267499
12-09 08:07:43.331 W/audio_hw_generic( 1308): Not supplying enough data to HAL, expected position 12267505 , only wrote 12267499
12-09 08:07:43.352 W/audio_hw_generic( 1308): Not supplying enough data to HAL, expected position 12268456 , only wrote 12268160
12-09 08:07:43.358 I/System.out(10275): URI: //map
12-09 08:07:43.358 I/System.out(10275): params: {json={"query":"* {text CONTAINS[c] 'Average fuel economy'}","operation":{"method_name":"query","arguments":[]}}
12-09 08:07:43.358 I/System.out(10275): }
12-09 08:07:43.390 W/audio_hw_generic( 1308): Not supplying enough data to HAL, expected position 12269825 , only wrote 12269482
12-09 08:07:43.432 I/art     (10275): Background partial concurrent mark sweep GC freed 16730(1023KB) AllocSpace objects, 5(100KB) LOS objects, 40% free, 3MB/6MB, paused 5.744ms total 413.385ms
12-09 08:07:43.523 D/Mileage.ABS(10275): Finished backup
12-09 08:07:43.543 W/audio_hw_generic( 1308): Hardware backing HAL too slow, could only write 0 of 661 frames
12-09 08:07:43.574 D/Mileage.ABS(10275): Not backing up; 69
12-09 08:07:43.574 D/Mileage.ABS(10275): Not backing up; 69
12-09 08:07:43.575 D/Mileage.ABS(10275): Not backing up; 70
12-09 08:07:43.705 W/audio_hw_generic( 1308): Not supplying enough data to HAL, expected position 12283375 , only wrote 12283363
12-09 08:07:43.705 W/audio_hw_generic( 1308): Not supplying enough data to HAL, expected position 12283369 , only wrote 12283363
12-09 08:07:43.736 W/audio_hw_generic( 1308): Not supplying enough data to HAL, expected position 12284689 , only wrote 12284024
12-09 08:07:43.932 W/audio_hw_generic( 1308): Not supplying enough data to HAL, expected position 12292701 , only wrote 12292617
12-09 08:07:43.932 W/audio_hw_generic( 1308): Not supplying enough data to HAL, expected position 12292623 , only wrote 12292617
12-09 08:07:43.953 D/Mileage.ABS(10275): Not backing up; 448
12-09 08:07:43.954 D/Mileage.ABS(10275): Not backing up; 449
12-09 08:07:43.954 D/Mileage.ABS(10275): Not backing up; 449
12-09 08:07:43.954 D/Mileage.ABS(10275): Not backing up; 449
12-09 08:07:43.954 D/Mileage.ABS(10275): Not backing up; 449
12-09 08:07:43.955 D/Mileage.ABS(10275): Not backing up; 449
12-09 08:07:43.955 D/Mileage.ABS(10275): Not backing up; 450
12-09 08:07:43.955 D/Mileage.ABS(10275): Not backing up; 450
12-09 08:07:43.955 D/Mileage.ABS(10275): Not backing up; 450
12-09 08:07:43.964 D/Mileage.ABS(10275): Not backing up; 459
12-09 08:07:43.964 D/Mileage.ABS(10275): Not backing up; 459
12-09 08:07:43.964 D/Mileage.ABS(10275): Not backing up; 459
12-09 08:07:43.964 D/Mileage.ABS(10275): Not backing up; 459
12-09 08:07:44.060 I/System.out(10275): URI: //gesture
12-09 08:07:44.060 I/System.out(10275): params: {json={"query_timeout":5.0,"gestures":[{"query_string":"* {text CONTAINS[c] 'Average fuel economy'}","touches":[{"x":50,"y":50,"offset_x":0,"offset_y":0,"wait":0.0,"time":0.2,"release":true,"query_string":null}]}]}
12-09 08:07:44.060 I/System.out(10275): }
12-09 08:07:44.073 D/Mileage.ABS(10275): Not backing up; 568
12-09 08:07:44.143 D/Mileage.ABS(10275): Not backing up; 638
12-09 08:07:44.143 W/audio_hw_generic( 1308): Hardware backing HAL too slow, could only write 0 of 661 frames
12-09 08:07:44.228 D/Mileage.ABS(10275): Not backing up; 723
12-09 08:07:44.228 D/Mileage.ABS(10275): Not backing up; 723
12-09 08:07:44.316 D/Mileage.ABS(10275): Not backing up; 810
12-09 08:07:44.317 I/art     (10275): Background sticky concurrent mark sweep GC freed 62247(2MB) AllocSpace objects, 4(80KB) LOS objects, 44% free, 3MB/6MB, paused 1.062ms total 228.555ms
12-09 08:07:44.319 D/Mileage.ABS(10275): Not backing up; 814
12-09 08:07:44.319 D/Mileage.ABS(10275): Not backing up; 814
12-09 08:07:44.319 D/Mileage.ABS(10275): Not backing up; 814
12-09 08:07:44.319 D/Mileage.ABS(10275): Not backing up; 814
12-09 08:07:44.325 D/Mileage.ABS(10275): Not backing up; 820
12-09 08:07:44.368 D/Mileage.ABS(10275): Not backing up; 863
12-09 08:07:44.369 D/Mileage.ABS(10275): Not backing up; 864
12-09 08:07:44.369 D/Mileage.ABS(10275): Not backing up; 864
12-09 08:07:44.396 W/audio_hw_generic( 1308): Not supplying enough data to HAL, expected position 12313071 , only wrote 12312447
12-09 08:07:44.448 W/audio_hw_generic( 1308): Hardware backing HAL too slow, could only write 0 of 661 frames
12-09 08:07:44.476 W/audio_hw_generic( 1308): Hardware backing HAL too slow, could only write 0 of 661 frames
12-09 08:07:44.487 W/audio_hw_generic( 1308): Hardware backing HAL too slow, could only write 0 of 661 frames
12-09 08:07:44.550 I/ActivityManager( 1594): START u0 {cmp=com.evancharlton.mileage/.charts.AverageFuelEconomyChart (has extras)} from uid 10127 on display 0
12-09 08:07:44.560 D/Mileage.ABS(10275): Finished backup
12-09 08:07:44.562 W/audio_hw_generic( 1308): Hardware backing HAL too slow, could only write 0 of 661 frames
12-09 08:07:44.596 W/audio_hw_generic( 1308): Not supplying enough data to HAL, expected position 12321260 , only wrote 12321040
12-09 08:07:44.596 W/audio_hw_generic( 1308): Hardware backing HAL too slow, could only write 0 of 661 frames
12-09 08:07:44.624 W/audio_hw_generic( 1308): Not supplying enough data to HAL, expected position 12322269 , only wrote 12321701
12-09 08:07:44.624 W/audio_hw_generic( 1308): Hardware backing HAL too slow, could only write 0 of 661 frames
12-09 08:07:44.624 W/audio_hw_generic( 1308): Hardware backing HAL too slow, could only write 0 of 661 frames
12-09 08:07:44.770 I/calabash(10275): newActivity1
12-09 08:07:44.830 W/audio_hw_generic( 1308): Not supplying enough data to HAL, expected position 12330812 , only wrote 12330294
12-09 08:07:44.855 W/aiCharts(10275): License file is invalid or missing. 
12-09 08:07:44.855 W/aiCharts(10275): Please place proper license.lic to /assets folder.
12-09 08:07:44.878 D/VehicleStatisticsAdapter(10275): Caching of 29 records complete! (2.718 seconds)
12-09 08:07:45.154 D/VehicleStatisticsAdapter(10275): Caching of 29 records complete! (2.799 seconds)
12-09 08:07:45.164 V/PhoneStatusBar( 3164): setLightsOn(true)
12-09 08:07:45.182 D/Mileage.ABS(10275): Not backing up; 638
12-09 08:07:45.182 D/Mileage.ABS(10275): Not backing up; 638
12-09 08:07:45.182 D/Mileage.ABS(10275): Not backing up; 638
12-09 08:07:45.182 D/Mileage.ABS(10275): Not backing up; 638
12-09 08:07:45.183 D/Mileage.ABS(10275): Not backing up; 639
12-09 08:07:45.190 D/Mileage.ABS(10275): Not backing up; 646
12-09 08:07:45.190 D/Mileage.ABS(10275): Not backing up; 646
12-09 08:07:45.191 D/Mileage.ABS(10275): Not backing up; 647
12-09 08:07:45.191 D/Mileage.ABS(10275): Not backing up; 647
12-09 08:07:45.191 D/Mileage.ABS(10275): Not backing up; 647
12-09 08:07:45.202 E/SurfaceFlinger( 1219): ro.sf.lcd_density must be defined as a build property
12-09 08:07:45.202 D/gralloc_ranchu( 1219): gralloc_alloc: Creating ashmem region of size 3686400
12-09 08:07:45.293 D/        (10424): HostConnection::get() New Host Connection established 0x7f01c1692480, tid 10424
12-09 08:07:45.340 E/EGL_emulation( 1219): tid 1219: eglCreateSyncKHR(1881): error 0x3004 (EGL_BAD_ATTRIBUTE)
12-09 08:07:45.381 D/gralloc_ranchu( 1219): gralloc_alloc: Creating ashmem region of size 372736
12-09 08:07:45.608 W/audio_hw_generic( 1308): Hardware backing HAL too slow, could only write 0 of 661 frames
12-09 08:07:45.609 D/gralloc_ranchu( 1219): gralloc_alloc: Creating ashmem region of size 3686400
12-09 08:07:45.623 W/audio_hw_generic( 1308): Hardware backing HAL too slow, could only write 0 of 661 frames
12-09 08:07:45.656 W/audio_hw_generic( 1308): Hardware backing HAL too slow, could only write 0 of 661 frames
12-09 08:07:45.671 W/audio_hw_generic( 1308): Hardware backing HAL too slow, could only write 0 of 661 frames
12-09 08:07:46.007 W/audio_hw_generic( 1308): Not supplying enough data to HAL, expected position 12382175 , only wrote 12381191
12-09 08:07:46.007 W/audio_hw_generic( 1308): Not supplying enough data to HAL, expected position 12381197 , only wrote 12381191
12-09 08:07:46.027 W/audio_hw_generic( 1308): Not supplying enough data to HAL, expected position 12382078 , only wrote 12381852
12-09 08:07:46.086 W/art     ( 1594): Long monitor contention event with owner method=void com.android.server.wm.WindowAnimator$1.doFrame(long) from WindowAnimator.java:121 waiters=1 for 230ms
12-09 08:07:46.196 W/audio_hw_generic( 1308): Not supplying enough data to HAL, expected position 12389316 , only wrote 12388462
12-09 08:07:46.225 W/audio_hw_generic( 1308): Not supplying enough data to HAL, expected position 12389708 , only wrote 12388462
12-09 08:07:46.240 W/audio_hw_generic( 1308): Not supplying enough data to HAL, expected position 12389127 , only wrote 12389123
12-09 08:07:46.240 W/audio_hw_generic( 1308): Hardware backing HAL too slow, could only write 0 of 661 frames
12-09 08:07:46.276 W/audio_hw_generic( 1308): Not supplying enough data to HAL, expected position 12390708 , only wrote 12390445
12-09 08:07:46.276 W/audio_hw_generic( 1308): Hardware backing HAL too slow, could only write 0 of 661 frames
12-09 08:07:46.276 W/audio_hw_generic( 1308): Hardware backing HAL too slow, could only write 0 of 661 frames
12-09 08:07:46.292 W/audio_hw_generic( 1308): Hardware backing HAL too slow, could only write 0 of 661 frames
12-09 08:07:46.308 W/audio_hw_generic( 1308): Hardware backing HAL too slow, could only write 0 of 661 frames
12-09 08:07:46.324 W/audio_hw_generic( 1308): Hardware backing HAL too slow, could only write 0 of 661 frames
12-09 08:07:46.337 W/audio_hw_generic( 1308): Hardware backing HAL too slow, could only write 0 of 661 frames
12-09 08:07:46.368 W/audio_hw_generic( 1308): Hardware backing HAL too slow, could only write 0 of 661 frames
12-09 08:07:46.386 W/audio_hw_generic( 1308): Hardware backing HAL too slow, could only write 0 of 661 frames
12-09 08:07:46.430 D/gralloc_ranchu( 1219): gralloc_alloc: Creating ashmem region of size 3686400
12-09 08:07:46.505 W/audio_hw_generic( 1308): Hardware backing HAL too slow, could only write 0 of 661 frames
12-09 08:07:46.505 W/audio_hw_generic( 1308): Hardware backing HAL too slow, could only write 0 of 661 frames
12-09 08:07:46.507 I/ActivityManager( 1594): Displayed com.evancharlton.mileage/.charts.AverageFuelEconomyChart: +1s774ms
12-09 08:07:46.543 W/audio_hw_generic( 1308): Hardware backing HAL too slow, could only write 0 of 661 frames
12-09 08:07:46.560 W/audio_hw_generic( 1308): Hardware backing HAL too slow, could only write 0 of 661 frames
12-09 08:07:46.572 W/audio_hw_generic( 1308): Hardware backing HAL too slow, could only write 0 of 661 frames
12-09 08:07:46.592 W/audio_hw_generic( 1308): Hardware backing HAL too slow, could only write 0 of 661 frames
12-09 08:07:47.044 W/audio_hw_generic( 1308): Not supplying enough data to HAL, expected position 12424329 , only wrote 12424156
12-09 08:07:47.044 W/audio_hw_generic( 1308): Not supplying enough data to HAL, expected position 12424162 , only wrote 12424156
12-09 08:07:47.060 W/audio_hw_generic( 1308): Not supplying enough data to HAL, expected position 12424857 , only wrote 12424817
12-09 08:07:47.143 W/audio_hw_generic( 1308): Not supplying enough data to HAL, expected position 12428467 , only wrote 12428122
12-09 08:07:47.143 W/audio_hw_generic( 1308): Not supplying enough data to HAL, expected position 12428128 , only wrote 12428122
12-09 08:07:47.158 W/audio_hw_generic( 1308): Hardware backing HAL too slow, could only write 0 of 661 frames
12-09 08:07:47.158 W/audio_hw_generic( 1308): Hardware backing HAL too slow, could only write 0 of 661 frames
12-09 08:07:47.173 W/audio_hw_generic( 1308): Hardware backing HAL too slow, could only write 0 of 661 frames
12-09 08:07:47.192 W/audio_hw_generic( 1308): Hardware backing HAL too slow, could only write 0 of 661 frames
