12-09 08:11:32.567 I/System.out(13238): params: {json={"query_timeout":5.0,"gestures":[{"query_string":"android.widget.Button index:0","touches":[{"x":50,"y":50,"offset_x":0,"offset_y":0,"wait":0.0,"time":0.2,"release":true,"query_string":null}]}]}
12-09 08:11:32.567 I/System.out(13238): }
12-09 08:11:32.783 W/audio_hw_generic( 1308): Not supplying enough data to HAL, expected position 25969272 , only wrote 25965402
12-09 08:11:32.784 W/audio_hw_generic( 1308): Not supplying enough data to HAL, expected position 25965412 , only wrote 25965402
12-09 08:11:32.879 W/audio_hw_generic( 1308): Not supplying enough data to HAL, expected position 25969604 , only wrote 25966063
12-09 08:11:32.910 W/audio_hw_generic( 1308): Not supplying enough data to HAL, expected position 25967451 , only wrote 25967385
12-09 08:11:32.981 I/ActivityManager( 1593): START u0 {cmp=com.evancharlton.mileage/.FillupInfoActivity (has extras)} from uid 10131 on display 0
12-09 08:11:32.999 W/audio_hw_generic( 1308): Not supplying enough data to HAL, expected position 25971288 , only wrote 25970690
12-09 08:11:32.999 W/audio_hw_generic( 1308): Not supplying enough data to HAL, expected position 25970697 , only wrote 25970690
12-09 08:11:33.018 W/audio_hw_generic( 1308): Not supplying enough data to HAL, expected position 25971540 , only wrote 25971351
12-09 08:11:33.019 W/audio_hw_generic( 1308): Hardware backing HAL too slow, could only write 0 of 661 frames
12-09 08:11:33.035 W/audio_hw_generic( 1308): Hardware backing HAL too slow, could only write 0 of 661 frames
12-09 08:11:33.051 W/audio_hw_generic( 1308): Hardware backing HAL too slow, could only write 0 of 661 frames
12-09 08:11:33.113 W/audio_hw_generic( 1308): Not supplying enough data to HAL, expected position 25975546 , only wrote 25975317
12-09 08:11:33.143 D/AudioFlinger( 1308): mixer(0xf43c0000) throttle end: throttle time(22)
12-09 08:11:33.158 I/art     (13238): Background sticky concurrent mark sweep GC freed 43897(1992KB) AllocSpace objects, 1(20KB) LOS objects, 24% free, 3MB/4MB, paused 1.674ms total 114.132ms
12-09 08:11:33.208 I/calabash(13238): newActivity1
12-09 08:11:33.271 W/audio_hw_generic( 1308): Not supplying enough data to HAL, expected position 25982262 , only wrote 25981927
12-09 08:11:33.271 W/audio_hw_generic( 1308): Not supplying enough data to HAL, expected position 25981934 , only wrote 25981927
12-09 08:11:33.287 W/audio_hw_generic( 1308): Not supplying enough data to HAL, expected position 25982615 , only wrote 25982588
12-09 08:11:33.319 W/audio_hw_generic( 1308): Not supplying enough data to HAL, expected position 25984029 , only wrote 25983910
12-09 08:11:33.419 V/PhoneStatusBar( 1695): setLightsOn(true)
12-09 08:11:33.448 D/gralloc_ranchu( 1218): gralloc_alloc: Creating ashmem region of size 3686400
12-09 08:11:33.489 W/audio_hw_generic( 1308): Not supplying enough data to HAL, expected position 25991397 , only wrote 25991181
12-09 08:11:33.489 W/audio_hw_generic( 1308): Not supplying enough data to HAL, expected position 25991188 , only wrote 25991181
12-09 08:11:33.506 W/audio_hw_generic( 1308): Not supplying enough data to HAL, expected position 25991923 , only wrote 25991842
12-09 08:11:33.722 E/SurfaceFlinger( 1218): ro.sf.lcd_density must be defined as a build property
12-09 08:11:33.730 D/gralloc_ranchu( 1218): gralloc_alloc: Creating ashmem region of size 3686400
12-09 08:11:33.776 W/audio_hw_generic( 1308): Not supplying enough data to HAL, expected position 26003727 , only wrote 26003079
12-09 08:11:33.776 W/audio_hw_generic( 1308): Not supplying enough data to HAL, expected position 26003086 , only wrote 26003079
12-09 08:11:33.800 D/        (13346): HostConnection::get() New Host Connection established 0x7fe417252480, tid 13346
12-09 08:11:33.801 W/audio_hw_generic( 1308): Not supplying enough data to HAL, expected position 26004206 , only wrote 26003740
12-09 08:11:33.802 W/audio_hw_generic( 1308): Hardware backing HAL too slow, could only write 0 of 661 frames
12-09 08:11:33.819 W/audio_hw_generic( 1308): Hardware backing HAL too slow, could only write 0 of 661 frames
12-09 08:11:33.819 E/EGL_emulation( 1218): tid 1218: eglCreateSyncKHR(1881): error 0x3004 (EGL_BAD_ATTRIBUTE)
12-09 08:11:33.837 W/audio_hw_generic( 1308): Hardware backing HAL too slow, could only write 0 of 661 frames
12-09 08:11:33.892 W/audio_hw_generic( 1308): Not supplying enough data to HAL, expected position 26007739 , only wrote 26007045
12-09 08:11:33.892 W/audio_hw_generic( 1308): Not supplying enough data to HAL, expected position 26007052 , only wrote 26007045
12-09 08:11:33.894 W/art     ( 1593): Long monitor contention event with owner method=void com.android.server.wm.WindowAnimator$1.doFrame(long) from WindowAnimator.java:121 waiters=0 for 248ms
12-09 08:11:33.995 W/audio_hw_generic( 1308): Not supplying enough data to HAL, expected position 26011556 , only wrote 26011011
12-09 08:11:34.055 W/audio_hw_generic( 1308): Not supplying enough data to HAL, expected position 26013670 , only wrote 26013655
12-09 08:11:34.055 W/audio_hw_generic( 1308): Not supplying enough data to HAL, expected position 26013662 , only wrote 26013655
12-09 08:11:34.085 W/audio_hw_generic( 1308): Not supplying enough data to HAL, expected position 26014984 , only wrote 26014316
12-09 08:11:34.094 I/ActivityManager( 1593): Displayed com.evancharlton.mileage/.FillupInfoActivity: +1s85ms
12-09 08:11:34.101 D/gralloc_ranchu( 1218): gralloc_alloc: Creating ashmem region of size 3686400
12-09 08:11:34.263 W/audio_hw_generic( 1308): Not supplying enough data to HAL, expected position 26022143 , only wrote 26021587
12-09 08:11:34.263 W/audio_hw_generic( 1308): Not supplying enough data to HAL, expected position 26021594 , only wrote 26021587
12-09 08:11:34.283 W/audio_hw_generic( 1308): Not supplying enough data to HAL, expected position 26022457 , only wrote 26022248
12-09 08:11:34.330 W/audio_hw_generic( 1308): Hardware backing HAL too slow, could only write 0 of 661 frames
12-09 08:11:34.346 W/audio_hw_generic( 1308): Hardware backing HAL too slow, could only write 0 of 661 frames
12-09 08:11:34.494 W/audio_hw_generic( 1308): Hardware backing HAL too slow, could only write 0 of 661 frames
12-09 08:11:34.560 W/audio_hw_generic( 1308): Hardware backing HAL too slow, could only write 0 of 661 frames
12-09 08:11:34.560 W/audio_hw_generic( 1308): Not supplying enough data to HAL, expected position 26034488 , only wrote 26033485
12-09 08:11:34.560 W/audio_hw_generic( 1308): Not supplying enough data to HAL, expected position 26033491 , only wrote 26033485
12-09 08:11:34.560 W/audio_hw_generic( 1308): Hardware backing HAL too slow, could only write 0 of 661 frames
12-09 08:11:34.578 W/audio_hw_generic( 1308): Not supplying enough data to HAL, expected position 26034255 , only wrote 26034146
12-09 08:11:34.578 W/audio_hw_generic( 1308): Hardware backing HAL too slow, could only write 0 of 661 frames
12-09 08:11:34.601 W/audio_hw_generic( 1308): Hardware backing HAL too slow, could only write 0 of 661 frames
12-09 08:11:34.623 W/audio_hw_generic( 1308): Hardware backing HAL too slow, could only write 0 of 661 frames
12-09 08:11:34.632 W/audio_hw_generic( 1308): Hardware backing HAL too slow, could only write 0 of 661 frames
12-09 08:11:34.704 W/art     ( 1593): Long monitor contention event with owner method=void com.android.server.wm.WindowAnimator$1.doFrame(long) from WindowAnimator.java:121 waiters=0 for 107ms
12-09 08:11:34.727 W/audio_hw_generic( 1308): Not supplying enough data to HAL, expected position 26040706 , only wrote 26038773
12-09 08:11:34.727 W/audio_hw_generic( 1308): Not supplying enough data to HAL, expected position 26038780 , only wrote 26038773
12-09 08:11:34.743 W/audio_hw_generic( 1308): Not supplying enough data to HAL, expected position 26039477 , only wrote 26039434
12-09 08:11:34.781 W/audio_hw_generic( 1308): Hardware backing HAL too slow, could only write 0 of 661 frames
12-09 08:11:34.795 W/audio_hw_generic( 1308): Hardware backing HAL too slow, could only write 0 of 661 frames
12-09 08:11:34.815 W/audio_hw_generic( 1308): Hardware backing HAL too slow, could only write 0 of 661 frames
12-09 08:11:34.871 W/audio_hw_generic( 1308): Hardware backing HAL too slow, could only write 0 of 661 frames
12-09 08:11:34.871 W/audio_hw_generic( 1308): Not supplying enough data to HAL, expected position 26045088 , only wrote 26044061
12-09 08:11:34.871 W/audio_hw_generic( 1308): Not supplying enough data to HAL, expected position 26044067 , only wrote 26044061
12-09 08:11:34.871 W/audio_hw_generic( 1308): Hardware backing HAL too slow, could only write 0 of 661 frames
12-09 08:11:34.888 W/audio_hw_generic( 1308): Not supplying enough data to HAL, expected position 26044812 , only wrote 26044722
12-09 08:11:34.937 W/audio_hw_generic( 1308): Hardware backing HAL too slow, could only write 0 of 661 frames
12-09 08:11:34.955 W/audio_hw_generic( 1308): Hardware backing HAL too slow, could only write 0 of 661 frames
12-09 08:11:34.967 W/audio_hw_generic( 1308): Hardware backing HAL too slow, could only write 0 of 661 frames
12-09 08:11:34.983 W/audio_hw_generic( 1308): Hardware backing HAL too slow, could only write 0 of 661 frames
12-09 08:11:35.033 W/audio_hw_generic( 1308): Hardware backing HAL too slow, could only write 0 of 661 frames
12-09 08:11:35.034 W/audio_hw_generic( 1308): Not supplying enough data to HAL, expected position 26051134 , only wrote 26050671
12-09 08:11:35.034 W/audio_hw_generic( 1308): Not supplying enough data to HAL, expected position 26050677 , only wrote 26050671
12-09 08:11:35.049 W/audio_hw_generic( 1308): Not supplying enough data to HAL, expected position 26051358 , only wrote 26051332
12-09 08:11:35.113 W/audio_hw_generic( 1308): Hardware backing HAL too slow, could only write 0 of 661 frames
12-09 08:11:35.279 W/audio_hw_generic( 1308): Not supplying enough data to HAL, expected position 26061461 , only wrote 26060586
12-09 08:11:35.279 W/audio_hw_generic( 1308): Not supplying enough data to HAL, expected position 26060593 , only wrote 26060586
12-09 08:11:35.303 W/audio_hw_generic( 1308): Not supplying enough data to HAL, expected position 26061631 , only wrote 26061247
12-09 08:11:35.408 W/audio_hw_generic( 1308): Not supplying enough data to HAL, expected position 26065879 , only wrote 26065213
12-09 08:11:35.575 W/audio_hw_generic( 1308): Not supplying enough data to HAL, expected position 26072569 , only wrote 26071823
12-09 08:11:35.656 D/AndroidRuntime(13349): >>>>>> START com.android.internal.os.RuntimeInit uid 0 <<<<<<
12-09 08:11:35.659 D/AndroidRuntime(13349): CheckJNI is ON
12-09 08:11:35.692 D/ICU     (13349): No timezone override file found: /data/misc/zoneinfo/current/icu/icu_tzdata.dat
12-09 08:11:35.755 W/audio_hw_generic( 1308): Not supplying enough data to HAL, expected position 26079752 , only wrote 26078433
12-09 08:11:35.755 W/audio_hw_generic( 1308): Not supplying enough data to HAL, expected position 26078440 , only wrote 26078433
12-09 08:11:35.775 W/audio_hw_generic( 1308): Not supplying enough data to HAL, expected position 26079330 , only wrote 26079094
12-09 08:11:35.824 W/audio_hw_generic( 1308): Hardware backing HAL too slow, could only write 0 of 661 frames
12-09 08:11:35.847 W/audio_hw_generic( 1308): Hardware backing HAL too slow, could only write 0 of 661 frames
12-09 08:11:35.887 W/audio_hw_generic( 1308): Not supplying enough data to HAL, expected position 26084005 , only wrote 26083721
12-09 08:11:35.889 E/memtrack(13349): Couldn't load memtrack module (No such file or directory)
12-09 08:11:35.899 E/android.os.Debug(13349): failed to load memtrack module: -2
12-09 08:11:35.900 I/Radio-JNI(13349): register_android_hardware_Radio DONE
12-09 08:11:35.919 W/audio_hw_generic( 1308): Not supplying enough data to HAL, expected position 26085151 , only wrote 26085043
12-09 08:11:35.921 D/AndroidRuntime(13349): Calling main entry com.android.commands.input.Input
12-09 08:11:35.922 I/Input   (13349): injectKeyEvent: KeyEvent { action=ACTION_DOWN, keyCode=KEYCODE_BACK, scanCode=0, metaState=0, flags=0x0, repeatCount=0, eventTime=4509731, downTime=4509731, deviceId=-1, source=0x101 }
12-09 08:11:35.954 I/Input   (13349): injectKeyEvent: KeyEvent { action=ACTION_UP, keyCode=KEYCODE_BACK, scanCode=0, metaState=0, flags=0x0, repeatCount=0, eventTime=4509731, downTime=4509731, deviceId=-1, source=0x101 }
12-09 08:11:35.999 D/AndroidRuntime(13349): Shutting down VM
12-09 08:11:36.005 W/ActivityManager( 1593): Bad activity token: android.os.BinderProxy@9675dd4
12-09 08:11:36.005 W/ActivityManager( 1593): java.lang.ClassCastException: android.os.BinderProxy cannot be cast to com.android.server.am.ActivityRecord$Token
12-09 08:11:36.005 W/ActivityManager( 1593): 	at com.android.server.am.ActivityRecord.forTokenLocked(ActivityRecord.java:424)
12-09 08:11:36.005 W/ActivityManager( 1593): 	at com.android.server.am.ActivityRecord.isInStackLocked(ActivityRecord.java:1121)
12-09 08:11:36.005 W/ActivityManager( 1593): 	at com.android.server.am.ActivityManagerService.getActivityOptions(ActivityManagerService.java:11038)
12-09 08:11:36.005 W/ActivityManager( 1593): 	at android.app.ActivityManagerNative.onTransact(ActivityManagerNative.java:1734)
12-09 08:11:36.005 W/ActivityManager( 1593): 	at com.android.server.am.ActivityManagerService.onTransact(ActivityManagerService.java:2443)
12-09 08:11:36.005 W/ActivityManager( 1593): 	at android.os.Binder.execTransact(Binder.java:453)
12-09 08:11:36.157 V/PhoneStatusBar( 1695): setLightsOn(true)
12-09 08:11:36.157 W/art     ( 1593): Long monitor contention event with owner method=int com.android.server.wm.WindowManagerService.relayoutWindow(com.android.server.wm.Session, android.view.IWindow, int, android.view.WindowManager$LayoutParams, int, int, int, int, android.graphics.Rect, android.graphics.Rect, android.graphics.Rect, android.graphics.Rect, android.graphics.Rect, android.graphics.Rect, android.content.res.Configuration, android.view.Surface) from WindowManagerService.java:3103 waiters=0 for 121ms
12-09 08:11:36.159 W/audio_hw_generic( 1308): Not supplying enough data to HAL, expected position 26095613 , only wrote 26091653
12-09 08:11:36.163 W/audio_hw_generic( 1308): Not supplying enough data to HAL, expected position 26091857 , only wrote 26091653
12-09 08:11:36.178 D/gralloc_ranchu( 1218): gralloc_alloc: Creating ashmem region of size 3686400
12-09 08:11:36.357 I/System.out(13238): URI: //gesture
12-09 08:11:36.357 I/System.out(13238): params: {json={"query_timeout":5.0,"gestures":[{"query_string":"android.widget.TabWidget descendant TextView index:2","touches":[{"x":50,"y":50,"offset_x":0,"offset_y":0,"wait":0.0,"time":0.2,"release":true,"query_string":null}]}]}
12-09 08:11:36.357 I/System.out(13238): }
12-09 08:11:36.618 D/gralloc_ranchu( 1218): gralloc_alloc: Creating ashmem region of size 3686400
12-09 08:11:36.812 D/gralloc_ranchu( 1218): gralloc_alloc: Creating ashmem region of size 3686400
12-09 08:11:38.054 I/calabash(13238): newActivity1
12-09 08:11:38.055 W/ActivityManager( 1593): Bad activity token: android.os.BinderProxy@b66b285
12-09 08:11:38.055 W/ActivityManager( 1593): java.lang.ClassCastException: android.os.BinderProxy cannot be cast to com.android.server.am.ActivityRecord$Token
12-09 08:11:38.055 W/ActivityManager( 1593): 	at com.android.server.am.ActivityRecord.forTokenLocked(ActivityRecord.java:424)
12-09 08:11:38.055 W/ActivityManager( 1593): 	at com.android.server.am.ActivityRecord.isInStackLocked(ActivityRecord.java:1121)
12-09 08:11:38.055 W/ActivityManager( 1593): 	at com.android.server.am.ActivityRecord.getStackLocked(ActivityRecord.java:1126)
12-09 08:11:38.055 W/ActivityManager( 1593): 	at com.android.server.am.ActivityManagerService.getActivityDisplayId(ActivityManagerService.java:8889)
12-09 08:11:38.055 W/ActivityManager( 1593): 	at android.app.ActivityManagerNative.onTransact(ActivityManagerNative.java:2338)
12-09 08:11:38.055 W/ActivityManager( 1593): 	at com.android.server.am.ActivityManagerService.onTransact(ActivityManagerService.java:2443)
12-09 08:11:38.055 W/ActivityManager( 1593): 	at android.os.Binder.execTransact(Binder.java:453)
12-09 08:11:38.056 W/ActivityManager( 1593): Bad activity token: android.os.BinderProxy@b66b285
12-09 08:11:38.056 W/ActivityManager( 1593): java.lang.ClassCastException: android.os.BinderProxy cannot be cast to com.android.server.am.ActivityRecord$Token
12-09 08:11:38.056 W/ActivityManager( 1593): 	at com.android.server.am.ActivityRecord.forTokenLocked(ActivityRecord.java:424)
12-09 08:11:38.056 W/ActivityManager( 1593): 	at com.android.server.am.ActivityRecord.isInStackLocked(ActivityRecord.java:1121)
12-09 08:11:38.056 W/ActivityManager( 1593): 	at com.android.server.am.ActivityManagerService.setTaskDescription(ActivityManagerService.java:8547)
12-09 08:11:38.056 W/ActivityManager( 1593): 	at android.app.ActivityManagerNative.onTransact(ActivityManagerNative.java:2410)
12-09 08:11:38.056 W/ActivityManager( 1593): 	at com.android.server.am.ActivityManagerService.onTransact(ActivityManagerService.java:2443)
12-09 08:11:38.056 W/ActivityManager( 1593): 	at android.os.Binder.execTransact(Binder.java:453)
12-09 08:11:38.107 W/audio_hw_generic( 1308): Hardware backing HAL too slow, could only write 0 of 661 frames
12-09 08:11:38.147 W/audio_hw_generic( 1308): Hardware backing HAL too slow, could only write 0 of 661 frames
12-09 08:11:38.149 W/audio_hw_generic( 1308): Hardware backing HAL too slow, could only write 0 of 661 frames
12-09 08:11:38.151 W/art     (13238): Suspending all threads took: 14.500ms
12-09 08:11:38.164 I/art     (13238): Background sticky concurrent mark sweep GC freed 27689(1177KB) AllocSpace objects, 0(0B) LOS objects, 19% free, 3MB/4MB, paused 15.892ms total 54.785ms
12-09 08:11:38.167 W/audio_hw_generic( 1308): Hardware backing HAL too slow, could only write 0 of 661 frames
12-09 08:11:38.185 D/VehicleStatisticsActivity(13238): Checking recalculation ...
12-09 08:11:38.185 D/VehicleStatisticsActivity(13238): Recalculating statistics
12-09 08:11:38.186 D/VehicleStatisticsTask(13238): Calculation starting...
12-09 08:11:38.186 D/VehicleStatisticsActivity(13238): Recalculation started!
12-09 08:11:38.187 W/audio_hw_generic( 1308): Hardware backing HAL too slow, could only write 0 of 661 frames
12-09 08:11:38.197 W/ActivityManager( 1593): Bad activity token: android.os.BinderProxy@b66b285
12-09 08:11:38.197 W/ActivityManager( 1593): java.lang.ClassCastException: android.os.BinderProxy cannot be cast to com.android.server.am.ActivityRecord$Token
12-09 08:11:38.197 W/ActivityManager( 1593): 	at com.android.server.am.ActivityRecord.forTokenLocked(ActivityRecord.java:424)
12-09 08:11:38.197 W/ActivityManager( 1593): 	at com.android.server.am.ActivityRecord.isInStackLocked(ActivityRecord.java:1121)
12-09 08:11:38.197 W/ActivityManager( 1593): 	at com.android.server.am.ActivityManagerService.getActivityOptions(ActivityManagerService.java:11038)
12-09 08:11:38.197 W/ActivityManager( 1593): 	at android.app.ActivityManagerNative.onTransact(ActivityManagerNative.java:1734)
12-09 08:11:38.197 W/ActivityManager( 1593): 	at com.android.server.am.ActivityManagerService.onTransact(ActivityManagerService.java:2443)
12-09 08:11:38.197 W/ActivityManager( 1593): 	at android.os.Binder.execTransact(Binder.java:453)
12-09 08:11:38.197 W/ActivityManager( 1593): Bad activity token: android.os.BinderProxy@b66b285
12-09 08:11:38.197 W/ActivityManager( 1593): java.lang.ClassCastException: android.os.BinderProxy cannot be cast to com.android.server.am.ActivityRecord$Token
12-09 08:11:38.197 W/ActivityManager( 1593): 	at com.android.server.am.ActivityRecord.forTokenLocked(ActivityRecord.java:424)
12-09 08:11:38.197 W/ActivityManager( 1593): 	at com.android.server.am.ActivityRecord.isInStackLocked(ActivityRecord.java:1121)
12-09 08:11:38.197 W/ActivityManager( 1593): 	at com.android.server.am.ActivityManagerService.getActivityOptions(ActivityManagerService.java:11038)
12-09 08:11:38.197 W/ActivityManager( 1593): 	at android.app.ActivityManagerNative.onTransact(ActivityManagerNative.java:1734)
12-09 08:11:38.197 W/ActivityManager( 1593): 	at com.android.server.am.ActivityManagerService.onTransact(ActivityManagerService.java:2443)
12-09 08:11:38.197 W/ActivityManager( 1593): 	at android.os.Binder.execTransact(Binder.java:453)
12-09 08:11:38.207 W/audio_hw_generic( 1308): Hardware backing HAL too slow, could only write 0 of 661 frames
12-09 08:11:38.215 D/CalculateTask(13238): Recalculating...
12-09 08:11:38.224 D/VehicleStatisticsActivity(13238): Checking recalculation ...
12-09 08:11:38.235 D/VehicleStatisticsActivity(13238): Recalculating statistics
12-09 08:11:38.235 D/VehicleStatisticsTask(13238): Calculation starting...
12-09 08:11:38.235 D/VehicleStatisticsActivity(13238): Recalculation started!
12-09 08:11:38.432 D/CalculateTask(13238): Recalculating...
12-09 08:11:38.486 D/VehicleStatisticsTask(13238): Done recalculating!
12-09 08:11:38.506 I/art     (13238): Background sticky concurrent mark sweep GC freed 10886(585KB) AllocSpace objects, 0(0B) LOS objects, 10% free, 3MB/4MB, paused 1.153ms total 261.197ms
12-09 08:11:38.508 D/VehicleStatisticsAdapter(13238): Erasing the cache ...
12-09 08:11:38.532 D/VehicleStatisticsAdapter(13238): Building new values ...
12-09 08:11:38.532 D/VehicleStatisticsAdapter(13238): Writing 29 records to the database ...
12-09 08:11:38.594 D/Mileage.ABS(13238): Finished backup
12-09 08:11:38.595 D/Mileage.ABS(13238): Not backing up; 109
12-09 08:11:38.667 D/VehicleStatisticsTask(13238): Done recalculating!
12-09 08:11:38.713 D/Mileage.ABS(13238): Not backing up; 227
12-09 08:11:38.723 D/Mileage.ABS(13238): Not backing up; 237
12-09 08:11:38.743 W/audio_hw_generic( 1308): Hardware backing HAL too slow, could only write 0 of 661 frames
12-09 08:11:38.758 W/audio_hw_generic( 1308): Hardware backing HAL too slow, could only write 0 of 661 frames
12-09 08:11:38.781 D/VehicleStatisticsAdapter(13238): Erasing the cache ...
12-09 08:11:38.791 W/audio_hw_generic( 1308): Hardware backing HAL too slow, could only write 0 of 661 frames
12-09 08:11:38.802 W/audio_hw_generic( 1308): Hardware backing HAL too slow, could only write 0 of 661 frames
12-09 08:11:38.824 W/audio_hw_generic( 1308): Hardware backing HAL too slow, could only write 0 of 661 frames
12-09 08:11:38.863 W/audio_hw_generic( 1308): Hardware backing HAL too slow, could only write 0 of 661 frames
12-09 08:11:38.863 W/audio_hw_generic( 1308): Not supplying enough data to HAL, expected position 26125805 , only wrote 26125364
12-09 08:11:38.863 W/audio_hw_generic( 1308): Not supplying enough data to HAL, expected position 26125370 , only wrote 26125364
12-09 08:11:38.863 W/audio_hw_generic( 1308): Hardware backing HAL too slow, could only write 0 of 661 frames
12-09 08:11:38.879 W/audio_hw_generic( 1308): Not supplying enough data to HAL, expected position 26126053 , only wrote 26126025
12-09 08:11:38.924 D/Mileage.ABS(13238): Not backing up; 438
12-09 08:11:38.925 D/Mileage.ABS(13238): Not backing up; 439
12-09 08:11:38.927 D/Mileage.ABS(13238): Not backing up; 441
12-09 08:11:38.933 D/Mileage.ABS(13238): Not backing up; 446
12-09 08:11:38.969 D/Mileage.ABS(13238): Not backing up; 483
12-09 08:11:38.975 D/VehicleStatisticsAdapter(13238): Building new values ...
12-09 08:11:38.975 D/VehicleStatisticsAdapter(13238): Writing 29 records to the database ...
12-09 08:11:38.980 E/SurfaceFlinger( 1218): ro.sf.lcd_density must be defined as a build property
12-09 08:11:39.055 W/audio_hw_generic( 1308): Not supplying enough data to HAL, expected position 26133788 , only wrote 26133296
12-09 08:11:39.055 W/audio_hw_generic( 1308): Hardware backing HAL too slow, could only write 0 of 661 frames
12-09 08:11:39.062 D/gralloc_ranchu( 1218): gralloc_alloc: Creating ashmem region of size 3686400
12-09 08:11:39.101 W/audio_hw_generic( 1308): Hardware backing HAL too slow, could only write 0 of 661 frames
12-09 08:11:39.105 D/Mileage.ABS(13238): Not backing up; 619
12-09 08:11:39.105 D/Mileage.ABS(13238): Not backing up; 619
12-09 08:11:39.119 W/audio_hw_generic( 1308): Hardware backing HAL too slow, could only write 0 of 661 frames
12-09 08:11:39.131 W/audio_hw_generic( 1308): Hardware backing HAL too slow, could only write 0 of 661 frames
12-09 08:11:39.164 W/audio_hw_generic( 1308): Hardware backing HAL too slow, could only write 0 of 661 frames
12-09 08:11:39.169 D/Mileage.ABS(13238): Not backing up; 683
12-09 08:11:39.170 D/Mileage.ABS(13238): Not backing up; 684
12-09 08:11:39.174 D/Mileage.ABS(13238): Not backing up; 688
12-09 08:11:39.179 W/audio_hw_generic( 1308): Hardware backing HAL too slow, could only write 0 of 661 frames
12-09 08:11:39.187 D/        (13363): HostConnection::get() New Host Connection established 0x7f962cbd2480, tid 13363
12-09 08:11:39.191 W/audio_hw_generic( 1308): Hardware backing HAL too slow, could only write 0 of 661 frames
12-09 08:11:39.216 E/EGL_emulation( 1218): tid 1218: eglCreateSyncKHR(1881): error 0x3004 (EGL_BAD_ATTRIBUTE)
12-09 08:11:39.219 W/audio_hw_generic( 1308): Hardware backing HAL too slow, could only write 0 of 661 frames
12-09 08:11:39.221 W/audio_hw_generic( 1308): Hardware backing HAL too slow, could only write 0 of 661 frames
12-09 08:11:39.251 W/audio_hw_generic( 1308): Hardware backing HAL too slow, could only write 0 of 661 frames
12-09 08:11:39.342 D/Mileage.ABS(13238): Not backing up; 856
12-09 08:11:39.343 D/Mileage.ABS(13238): Not backing up; 857
12-09 08:11:39.343 D/Mileage.ABS(13238): Not backing up; 857
12-09 08:11:39.343 D/Mileage.ABS(13238): Not backing up; 857
12-09 08:11:39.400 D/Mileage.ABS(13238): Not backing up; 913
12-09 08:11:39.524 D/Mileage.ABS(13238): Finished backup
12-09 08:11:39.527 D/Mileage.ABS(13238): Not backing up; 33
12-09 08:11:39.540 D/Mileage.ABS(13238): Not backing up; 46
12-09 08:11:39.540 D/Mileage.ABS(13238): Not backing up; 46
12-09 08:11:39.682 D/Mileage.ABS(13238): Not backing up; 188
12-09 08:11:39.710 W/audio_hw_generic( 1308): Hardware backing HAL too slow, could only write 0 of 661 frames
12-09 08:11:39.723 W/audio_hw_generic( 1308): Hardware backing HAL too slow, could only write 0 of 661 frames
12-09 08:11:39.734 W/audio_hw_generic( 1308): Hardware backing HAL too slow, could only write 0 of 661 frames
12-09 08:11:39.747 W/audio_hw_generic( 1308): Hardware backing HAL too slow, could only write 0 of 661 frames
12-09 08:11:39.761 D/Mileage.ABS(13238): Not backing up; 267
12-09 08:11:39.762 W/audio_hw_generic( 1308): Hardware backing HAL too slow, could only write 0 of 661 frames
12-09 08:11:39.779 W/audio_hw_generic( 1308): Hardware backing HAL too slow, could only write 0 of 661 frames
12-09 08:11:39.800 W/audio_hw_generic( 1308): Hardware backing HAL too slow, could only write 0 of 661 frames
12-09 08:11:39.815 W/audio_hw_generic( 1308): Hardware backing HAL too slow, could only write 0 of 661 frames
12-09 08:11:39.827 W/audio_hw_generic( 1308): Hardware backing HAL too slow, could only write 0 of 661 frames
12-09 08:11:39.843 W/audio_hw_generic( 1308): Hardware backing HAL too slow, could only write 0 of 661 frames
12-09 08:11:39.853 W/audio_hw_generic( 1308): Hardware backing HAL too slow, could only write 0 of 661 frames
12-09 08:11:39.912 D/Mileage.ABS(13238): Not backing up; 418
12-09 08:11:39.920 D/Mileage.ABS(13238): Not backing up; 426
12-09 08:11:39.921 D/Mileage.ABS(13238): Not backing up; 427
12-09 08:11:39.921 D/Mileage.ABS(13238): Not backing up; 427
12-09 08:11:39.921 D/Mileage.ABS(13238): Not backing up; 427
12-09 08:11:39.944 I/art     (13238): WaitForGcToComplete blocked for 21.392ms for cause Background
12-09 08:11:39.975 W/audio_hw_generic( 1308): Not supplying enough data to HAL, expected position 26173873 , only wrote 26173617
12-09 08:11:40.005 W/audio_hw_generic( 1308): Not supplying enough data to HAL, expected position 26174957 , only wrote 26174939
12-09 08:11:40.039 W/audio_hw_generic( 1308): Not supplying enough data to HAL, expected position 26176423 , only wrote 26176261
12-09 08:11:40.083 D/Mileage.ABS(13238): Not backing up; 589
12-09 08:11:40.091 I/System.out(13238): URI: //map
12-09 08:11:40.091 I/System.out(13238): params: {json={"query":"* {text CONTAINS[c] 'Average fuel economy'}","operation":{"method_name":"query","arguments":[]}}
12-09 08:11:40.091 I/System.out(13238): }
12-09 08:11:40.116 D/Mileage.ABS(13238): Not backing up; 622
12-09 08:11:40.117 D/Mileage.ABS(13238): Not backing up; 623
12-09 08:11:40.195 W/audio_hw_generic( 1308): Not supplying enough data to HAL, expected position 26183135 , only wrote 26182871
12-09 08:11:40.195 W/audio_hw_generic( 1308): Not supplying enough data to HAL, expected position 26182878 , only wrote 26182871
12-09 08:11:40.212 W/audio_hw_generic( 1308): Not supplying enough data to HAL, expected position 26183619 , only wrote 26183532
12-09 08:11:40.370 I/art     (13238): Background partial concurrent mark sweep GC freed 22093(1301KB) AllocSpace objects, 9(184KB) LOS objects, 39% free, 3MB/5MB, paused 19.824ms total 426.149ms
12-09 08:11:40.389 D/Mileage.ABS(13238): Not backing up; 895
12-09 08:11:40.401 D/Mileage.ABS(13238): Not backing up; 906
12-09 08:11:40.415 D/Mileage.ABS(13238): Not backing up; 921
12-09 08:11:40.416 D/Mileage.ABS(13238): Not backing up; 922
12-09 08:11:40.417 D/Mileage.ABS(13238): Not backing up; 923
12-09 08:11:40.417 D/Mileage.ABS(13238): Not backing up; 923
12-09 08:11:40.418 D/Mileage.ABS(13238): Not backing up; 924
12-09 08:11:40.418 D/Mileage.ABS(13238): Not backing up; 924
12-09 08:11:40.641 I/System.out(13238): URI: //gesture
12-09 08:11:40.641 I/System.out(13238): params: {json={"query_timeout":5.0,"gestures":[{"query_string":"* {text CONTAINS[c] 'Average fuel economy'}","touches":[{"x":50,"y":50,"offset_x":0,"offset_y":0,"wait":0.0,"time":0.2,"release":true,"query_string":null}]}]}
12-09 08:11:40.641 I/System.out(13238): }
12-09 08:11:40.667 D/Mileage.ABS(13238): Finished backup
12-09 08:11:40.668 D/Mileage.ABS(13238): Not backing up; 37
12-09 08:11:40.668 D/Mileage.ABS(13238): Not backing up; 38
12-09 08:11:40.668 D/Mileage.ABS(13238): Not backing up; 38
12-09 08:11:40.668 D/Mileage.ABS(13238): Not backing up; 38
12-09 08:11:40.668 D/Mileage.ABS(13238): Not backing up; 38
12-09 08:11:40.669 D/Mileage.ABS(13238): Not backing up; 39
12-09 08:11:40.669 D/Mileage.ABS(13238): Not backing up; 39
12-09 08:11:40.669 D/Mileage.ABS(13238): Not backing up; 39
12-09 08:11:40.669 D/Mileage.ABS(13238): Not backing up; 39
12-09 08:11:40.670 D/Mileage.ABS(13238): Not backing up; 39
12-09 08:11:40.670 D/Mileage.ABS(13238): Not backing up; 40
12-09 08:11:40.687 D/Mileage.ABS(13238): Not backing up; 56
12-09 08:11:40.704 D/Mileage.ABS(13238): Not backing up; 74
12-09 08:11:40.729 D/VehicleStatisticsAdapter(13238): Caching of 29 records complete! (2.197 seconds)
12-09 08:11:40.758 I/art     (13238): Background sticky concurrent mark sweep GC freed 48281(2MB) AllocSpace objects, 2(40KB) LOS objects, 38% free, 3MB/5MB, paused 7.461ms total 112.847ms
12-09 08:11:40.761 D/Mileage.ABS(13238): Not backing up; 131
12-09 08:11:40.788 D/Mileage.ABS(13238): Not backing up; 158
12-09 08:11:40.789 D/Mileage.ABS(13238): Not backing up; 159
12-09 08:11:40.850 D/VehicleStatisticsAdapter(13238): Caching of 29 records complete! (1.873 seconds)
12-09 08:11:40.878 D/Mileage.ABS(13238): Not backing up; 248
12-09 08:11:40.879 D/Mileage.ABS(13238): Not backing up; 249
12-09 08:11:40.879 D/Mileage.ABS(13238): Not backing up; 249
12-09 08:11:40.879 D/Mileage.ABS(13238): Not backing up; 249
12-09 08:11:40.964 W/audio_hw_generic( 1308): Not supplying enough data to HAL, expected position 26216685 , only wrote 26215921
12-09 08:11:40.967 W/audio_hw_generic( 1308): Not supplying enough data to HAL, expected position 26216070 , only wrote 26215921
12-09 08:11:40.983 W/audio_hw_generic( 1308): Not supplying enough data to HAL, expected position 26216605 , only wrote 26216582
12-09 08:11:40.983 W/audio_hw_generic( 1308): Not supplying enough data to HAL, expected position 26216589 , only wrote 26216582
12-09 08:11:41.023 W/audio_hw_generic( 1308): Hardware backing HAL too slow, could only write 0 of 661 frames
12-09 08:11:41.039 W/audio_hw_generic( 1308): Hardware backing HAL too slow, could only write 0 of 661 frames
12-09 08:11:41.055 W/audio_hw_generic( 1308): Hardware backing HAL too slow, could only write 0 of 661 frames
12-09 08:11:41.172 W/audio_hw_generic( 1308): Not supplying enough data to HAL, expected position 26224923 , only wrote 26221870
12-09 08:11:41.234 I/ActivityManager( 1593): START u0 {cmp=com.evancharlton.mileage/.charts.AverageFuelEconomyChart (has extras)} from uid 10131 on display 0
12-09 08:11:41.235 W/audio_hw_generic( 1308): Not supplying enough data to HAL, expected position 26224637 , only wrote 26221870
12-09 08:11:41.272 W/audio_hw_generic( 1308): Not supplying enough data to HAL, expected position 26224230 , only wrote 26223192
12-09 08:11:41.315 W/audio_hw_generic( 1308): Hardware backing HAL too slow, could only write 0 of 661 frames
12-09 08:11:41.316 D/AudioFlinger( 1308): mixer(0xf43c0000) throttle end: throttle time(11)
12-09 08:11:41.452 W/audio_hw_generic( 1308): Not supplying enough data to HAL, expected position 26230212 , only wrote 26229802
12-09 08:11:41.452 W/audio_hw_generic( 1308): Not supplying enough data to HAL, expected position 26229809 , only wrote 26229802
12-09 08:11:41.475 W/audio_hw_generic( 1308): Not supplying enough data to HAL, expected position 26230812 , only wrote 26230463
12-09 08:11:41.484 I/calabash(13238): newActivity1
12-09 08:11:41.490 W/audio_hw_generic( 1308): Hardware backing HAL too slow, could only write 0 of 661 frames
12-09 08:11:41.505 W/audio_hw_generic( 1308): Hardware backing HAL too slow, could only write 0 of 661 frames
12-09 08:11:41.516 W/aiCharts(13238): License file is invalid or missing. 
12-09 08:11:41.516 W/aiCharts(13238): Please place proper license.lic to /assets folder.
12-09 08:11:41.520 W/audio_hw_generic( 1308): Hardware backing HAL too slow, could only write 0 of 661 frames
12-09 08:11:41.547 W/audio_hw_generic( 1308): Hardware backing HAL too slow, could only write 0 of 661 frames
12-09 08:11:41.551 W/audio_hw_generic( 1308): Hardware backing HAL too slow, could only write 0 of 661 frames
12-09 08:11:41.621 V/PhoneStatusBar( 1695): setLightsOn(true)
12-09 08:11:41.625 W/audio_hw_generic( 1308): Hardware backing HAL too slow, could only write 0 of 661 frames
12-09 08:11:41.640 W/audio_hw_generic( 1308): Hardware backing HAL too slow, could only write 0 of 661 frames
12-09 08:11:41.655 W/audio_hw_generic( 1308): Hardware backing HAL too slow, could only write 0 of 661 frames
12-09 08:11:41.687 W/audio_hw_generic( 1308): Hardware backing HAL too slow, could only write 0 of 661 frames
12-09 08:11:41.778 I/art     (13238): Background sticky concurrent mark sweep GC freed 36807(1833KB) AllocSpace objects, 1(20KB) LOS objects, 31% free, 3MB/5MB, paused 12.702ms total 175.906ms
12-09 08:11:41.941 W/audio_hw_generic( 1308): Not supplying enough data to HAL, expected position 26251018 , only wrote 26250954
12-09 08:11:41.958 W/audio_hw_generic( 1308): Hardware backing HAL too slow, could only write 0 of 661 frames
12-09 08:11:41.960 D/gralloc_ranchu( 1218): gralloc_alloc: Creating ashmem region of size 372736
12-09 08:11:41.971 W/audio_hw_generic( 1308): Hardware backing HAL too slow, could only write 0 of 661 frames
12-09 08:11:42.104 W/audio_hw_generic( 1308): Not supplying enough data to HAL, expected position 26257828 , only wrote 26257564
12-09 08:11:42.113 E/SurfaceFlinger( 1218): ro.sf.lcd_density must be defined as a build property
12-09 08:11:42.127 W/audio_hw_generic( 1308): Not supplying enough data to HAL, expected position 26258892 , only wrote 26258886
12-09 08:11:42.172 D/gralloc_ranchu( 1218): gralloc_alloc: Creating ashmem region of size 3686400
12-09 08:11:42.195 D/        (13380): HostConnection::get() New Host Connection established 0x7f0a53412480, tid 13380
12-09 08:11:42.226 E/EGL_emulation( 1218): tid 1218: eglCreateSyncKHR(1881): error 0x3004 (EGL_BAD_ATTRIBUTE)
12-09 08:11:42.400 D/gralloc_ranchu( 1218): gralloc_alloc: Creating ashmem region of size 3686400
12-09 08:11:42.475 W/audio_hw_generic( 1308): Not supplying enough data to HAL, expected position 26274227 , only wrote 26273428
12-09 08:11:42.475 W/audio_hw_generic( 1308): Not supplying enough data to HAL, expected position 26273435 , only wrote 26273428
12-09 08:11:42.490 W/audio_hw_generic( 1308): Not supplying enough data to HAL, expected position 26274091 , only wrote 26274089
12-09 08:11:42.804 W/audio_hw_generic( 1308): Not supplying enough data to HAL, expected position 26287948 , only wrote 26285987
12-09 08:11:42.804 W/audio_hw_generic( 1308): Not supplying enough data to HAL, expected position 26285994 , only wrote 26285987
12-09 08:11:42.880 W/audio_hw_generic( 1308): Not supplying enough data to HAL, expected position 26289298 , only wrote 26289292
12-09 08:11:42.880 W/audio_hw_generic( 1308): Not supplying enough data to HAL, expected position 26289299 , only wrote 26289292
12-09 08:11:42.895 W/audio_hw_generic( 1308): Not supplying enough data to HAL, expected position 26289959 , only wrote 26289953
12-09 08:11:42.965 W/art     ( 1593): Long monitor contention event with owner method=void com.android.server.wm.WindowAnimator$1.doFrame(long) from WindowAnimator.java:121 waiters=0 for 156ms
12-09 08:11:42.979 W/audio_hw_generic( 1308): Not supplying enough data to HAL, expected position 26293658 , only wrote 26292597
12-09 08:11:42.979 W/audio_hw_generic( 1308): Not supplying enough data to HAL, expected position 26292604 , only wrote 26292597
12-09 08:11:43.010 W/audio_hw_generic( 1308): Not supplying enough data to HAL, expected position 26293975 , only wrote 26293258
12-09 08:11:43.095 W/audio_hw_generic( 1308): Hardware backing HAL too slow, could only write 0 of 661 frames
12-09 08:11:43.095 W/audio_hw_generic( 1308): Hardware backing HAL too slow, could only write 0 of 661 frames
12-09 08:11:43.126 W/audio_hw_generic( 1308): Not supplying enough data to HAL, expected position 26298343 , only wrote 26297885
12-09 08:11:43.214 W/audio_hw_generic( 1308): Hardware backing HAL too slow, could only write 0 of 661 frames
12-09 08:11:43.223 D/gralloc_ranchu( 1218): gralloc_alloc: Creating ashmem region of size 3686400
12-09 08:11:43.231 W/audio_hw_generic( 1308): Not supplying enough data to HAL, expected position 26302549 , only wrote 26302512
12-09 08:11:43.233 I/ActivityManager( 1593): Displayed com.evancharlton.mileage/.charts.AverageFuelEconomyChart: +1s766ms
12-09 08:11:43.310 W/audio_hw_generic( 1308): Not supplying enough data to HAL, expected position 26305989 , only wrote 26305156
12-09 08:11:43.314 W/audio_hw_generic( 1308): Not supplying enough data to HAL, expected position 26305325 , only wrote 26305156
12-09 08:11:43.358 W/audio_hw_generic( 1308): Hardware backing HAL too slow, could only write 0 of 661 frames
12-09 08:11:43.423 W/audio_hw_generic( 1308): Not supplying enough data to HAL, expected position 26309950 , only wrote 26309783
12-09 08:11:43.466 W/audio_hw_generic( 1308): Not supplying enough data to HAL, expected position 26311697 , only wrote 26311105
12-09 08:11:43.574 W/audio_hw_generic( 1308): Hardware backing HAL too slow, could only write 0 of 661 frames
12-09 08:11:43.635 W/audio_hw_generic( 1308): Not supplying enough data to HAL, expected position 26318539 , only wrote 26318376
12-09 08:11:43.635 W/audio_hw_generic( 1308): Not supplying enough data to HAL, expected position 26318383 , only wrote 26318376
12-09 08:11:43.653 W/audio_hw_generic( 1308): Not supplying enough data to HAL, expected position 26319169 , only wrote 26319037
12-09 08:11:43.748 W/audio_hw_generic( 1308): Not supplying enough data to HAL, expected position 26323216 , only wrote 26323003
12-09 08:11:43.931 W/audio_hw_generic( 1308): Not supplying enough data to HAL, expected position 26331076 , only wrote 26330935
12-09 08:11:43.931 W/audio_hw_generic( 1308): Hardware backing HAL too slow, could only write 0 of 661 frames
12-09 08:11:43.931 W/audio_hw_generic( 1308): Hardware backing HAL too slow, could only write 0 of 661 frames
12-09 08:11:43.972 W/audio_hw_generic( 1308): Hardware backing HAL too slow, could only write 0 of 661 frames
12-09 08:11:43.977 W/art     ( 1593): Long monitor contention event with owner method=void com.android.server.wm.WindowAnimator$1.doFrame(long) from WindowAnimator.java:121 waiters=0 for 124ms
12-09 08:11:43.991 W/audio_hw_generic( 1308): Hardware backing HAL too slow, could only write 0 of 661 frames
12-09 08:11:44.079 W/audio_hw_generic( 1308): Not supplying enough data to HAL, expected position 26337477 , only wrote 26336223
12-09 08:11:44.079 W/audio_hw_generic( 1308): Not supplying enough data to HAL, expected position 26336230 , only wrote 26336223
12-09 08:11:44.099 W/audio_hw_generic( 1308): Not supplying enough data to HAL, expected position 26337091 , only wrote 26336884
12-09 08:11:44.194 W/audio_hw_generic( 1308): Hardware backing HAL too slow, could only write 0 of 661 frames
12-09 08:11:44.204 W/audio_hw_generic( 1308): Hardware backing HAL too slow, could only write 0 of 661 frames
12-09 08:11:44.220 W/audio_hw_generic( 1308): Hardware backing HAL too slow, could only write 0 of 661 frames
12-09 08:11:44.279 W/audio_hw_generic( 1308): Not supplying enough data to HAL, expected position 26344833 , only wrote 26344816
12-09 08:11:44.331 W/audio_hw_generic( 1308): Not supplying enough data to HAL, expected position 26347092 , only wrote 26346138
