--------- beginning of system
12-09 08:20:05.998 W/ActivityManager( 1591): Finishing task with all activities already finished
12-09 08:20:05.998 W/ActivityManager( 1591): Duplicate finish request for ActivityRecord{63c3f7 u0 com.evancharlton.mileage/.Mileage t445 f}
12-09 08:20:05.998 W/ActivityManager( 1591): Finishing task with all activities already finished
12-09 08:20:05.998 W/ActivityManager( 1591): Duplicate finish request for ActivityRecord{63c3f7 u0 com.evancharlton.mileage/.Mileage t445 f}
12-09 08:20:05.998 W/ActivityManager( 1591): Finishing task with all activities already finished
12-09 08:20:05.998 W/ActivityManager( 1591): Duplicate finish request for ActivityRecord{63c3f7 u0 com.evancharlton.mileage/.Mileage t445 f}
--------- beginning of main
12-09 08:20:06.107 W/audio_hw_generic( 1304): Not supplying enough data to HAL, expected position 34024189 , only wrote 34023653
12-09 08:20:06.152 W/audio_hw_generic( 1304): Hardware backing HAL too slow, could only write 0 of 661 frames
12-09 08:20:06.171 W/audio_hw_generic( 1304): Hardware backing HAL too slow, could only write 0 of 661 frames
12-09 08:20:06.182 W/audio_hw_generic( 1304): Hardware backing HAL too slow, could only write 0 of 661 frames
12-09 08:20:06.219 I/art     ( 1591): Background partial concurrent mark sweep GC freed 6064(526KB) AllocSpace objects, 3(60KB) LOS objects, 30% free, 9MB/13MB, paused 5.471ms total 210.725ms
12-09 08:20:06.288 D/EGL_emulation( 1904): eglMakeCurrent: 0x7f38a1ba1820: ver 2 0 (tinfo 0x7f38a1b82700)
12-09 08:20:06.410 W/audio_hw_generic( 1304): Not supplying enough data to HAL, expected position 34036987 , only wrote 34036873
12-09 08:20:06.459 W/audio_hw_generic( 1304): Hardware backing HAL too slow, could only write 0 of 661 frames
12-09 08:20:06.467 W/audio_hw_generic( 1304): Hardware backing HAL too slow, could only write 0 of 661 frames
12-09 08:20:06.483 W/audio_hw_generic( 1304): Hardware backing HAL too slow, could only write 0 of 661 frames
12-09 08:20:06.515 W/audio_hw_generic( 1304): Not supplying enough data to HAL, expected position 34041534 , only wrote 34041500
12-09 08:20:06.515 W/audio_hw_generic( 1304): Not supplying enough data to HAL, expected position 34041506 , only wrote 34041500
12-09 08:20:06.550 W/audio_hw_generic( 1304): Not supplying enough data to HAL, expected position 34043044 , only wrote 34042161
12-09 08:20:06.842 W/audio_hw_generic( 1304): Not supplying enough data to HAL, expected position 34055026 , only wrote 34054720
12-09 08:20:06.858 W/audio_hw_generic( 1304): Not supplying enough data to HAL, expected position 34055407 , only wrote 34055381
12-09 08:20:07.066 D/AndroidRuntime(15665): >>>>>> START com.android.internal.os.RuntimeInit uid 0 <<<<<<
12-09 08:20:07.096 D/AndroidRuntime(15665): CheckJNI is ON
12-09 08:20:07.132 D/ICU     (15665): No timezone override file found: /data/misc/zoneinfo/current/icu/icu_tzdata.dat
12-09 08:20:07.219 W/audio_hw_generic( 1304): Not supplying enough data to HAL, expected position 34071310 , only wrote 34071245
12-09 08:20:07.235 W/audio_hw_generic( 1304): Hardware backing HAL too slow, could only write 0 of 661 frames
12-09 08:20:07.255 W/audio_hw_generic( 1304): Hardware backing HAL too slow, could only write 0 of 661 frames
12-09 08:20:07.267 W/audio_hw_generic( 1304): Hardware backing HAL too slow, could only write 0 of 661 frames
12-09 08:20:07.280 W/audio_hw_generic( 1304): Hardware backing HAL too slow, could only write 0 of 661 frames
12-09 08:20:07.299 W/audio_hw_generic( 1304): Hardware backing HAL too slow, could only write 0 of 661 frames
12-09 08:20:07.300 E/memtrack(15665): Couldn't load memtrack module (No such file or directory)
12-09 08:20:07.300 E/android.os.Debug(15665): failed to load memtrack module: -2
12-09 08:20:07.301 I/Radio-JNI(15665): register_android_hardware_Radio DONE
12-09 08:20:07.328 D/AndroidRuntime(15665): Calling main entry com.android.commands.am.Am
12-09 08:20:07.390 W/audio_hw_generic( 1304): Not supplying enough data to HAL, expected position 34084165 , only wrote 34077855
12-09 08:20:07.849 W/art     ( 1591): Long monitor contention event with owner method=void com.android.server.wm.WindowAnimator$1.doFrame(long) from WindowAnimator.java:121 waiters=1 for 299ms
12-09 08:20:08.178 W/art     ( 1591): Long monitor contention event with owner method=void com.android.server.wm.WindowAnimator$1.doFrame(long) from WindowAnimator.java:121 waiters=1 for 207ms
12-09 08:20:08.533 W/art     ( 1591): Long monitor contention event with owner method=void com.android.server.wm.WindowAnimator$1.doFrame(long) from WindowAnimator.java:121 waiters=1 for 192ms
12-09 08:20:08.927 W/art     ( 1591): Long monitor contention event with owner method=void com.android.server.wm.WindowAnimator$1.doFrame(long) from WindowAnimator.java:121 waiters=1 for 370ms
12-09 08:20:09.065 W/art     ( 1591): Long monitor contention event with owner method=void com.android.server.wm.WindowAnimator$1.doFrame(long) from WindowAnimator.java:121 waiters=1 for 429ms
12-09 08:20:09.578 W/art     ( 1591): Long monitor contention event with owner method=void com.android.server.wm.WindowAnimator$1.doFrame(long) from WindowAnimator.java:121 waiters=1 for 171ms
12-09 08:20:09.824 W/art     ( 1591): Long monitor contention event with owner method=void com.android.server.wm.WindowAnimator$1.doFrame(long) from WindowAnimator.java:121 waiters=1 for 195ms
12-09 08:20:09.833 W/art     ( 1591): Long monitor contention event with owner method=java.util.List com.android.server.am.ActivityManagerService.getAllStackInfos() from ActivityManagerService.java:8937 waiters=0 for 2.504s
12-09 08:20:09.833 I/ActivityManager( 1591): Force stopping com.evancharlton.mileage appid=10135 user=0: start instr
12-09 08:20:09.833 I/ActivityManager( 1591): Killing 15620:com.evancharlton.mileage/u0a135 (adj 0): stop com.evancharlton.mileage
12-09 08:20:09.835 I/Choreographer( 1904): Skipped 209 frames!  The application may be doing too much work on its main thread.
12-09 08:20:09.958 W/ActivityManager( 1591): Crash of app com.evancharlton.mileage running instrumentation ComponentInfo{com.evancharlton.mileage.test/sh.calaba.instrumentationbackend.CalabashInstrumentationTestRunner}
12-09 08:20:09.958 I/ActivityManager( 1591): Force stopping com.evancharlton.mileage appid=10135 user=0: finished inst
12-09 08:20:09.974 I/WindowState( 1591): WIN DEATH: Window{370885 u0 com.evancharlton.mileage/com.evancharlton.mileage.Mileage EXITING}
12-09 08:20:10.236 I/ActivityManager( 1591): Start proc 15674:com.evancharlton.mileage/u0a135 for added application com.evancharlton.mileage
12-09 08:20:10.236 W/art     ( 1591): Long monitor contention event with owner method=java.util.List com.android.server.am.ActivityManagerService.getAllStackInfos() from ActivityManagerService.java:8937 waiters=1 for 2.589s
12-09 08:20:10.237 W/art     ( 1591): Long monitor contention event with owner method=java.util.List com.android.server.am.ActivityManagerService.getAllStackInfos() from ActivityManagerService.java:8937 waiters=3 for 626ms
12-09 08:20:10.238 W/art     ( 1591): Long monitor contention event with owner method=java.util.List com.android.server.am.ActivityManagerService.getAllStackInfos() from ActivityManagerService.java:8937 waiters=2 for 862ms
12-09 08:20:10.238 W/art     ( 1591): Long monitor contention event with owner method=boolean com.android.server.am.ActivityManagerService.startInstrumentation(android.content.ComponentName, java.lang.String, int, android.os.Bundle, android.app.IInstrumentationWatcher, android.app.IUiAutomationConnection, int, java.lang.String) from ActivityManagerService.java:17066 waiters=3 for 402ms
12-09 08:20:10.238 W/art     ( 1591): Long monitor contention event with owner method=boolean com.android.server.am.ActivityManagerService.startInstrumentation(android.content.ComponentName, java.lang.String, int, android.os.Bundle, android.app.IInstrumentationWatcher, android.app.IUiAutomationConnection, int, java.lang.String) from ActivityManagerService.java:17066 waiters=4 for 402ms
12-09 08:20:10.252 D/AndroidRuntime(15665): Shutting down VM
12-09 08:20:10.449 W/System  (15674): ClassLoader referenced unknown path: /data/app/com.evancharlton.mileage.test-1/lib/x86_64
12-09 08:20:10.458 W/System  (15674): ClassLoader referenced unknown path: /data/app/com.evancharlton.mileage-1/lib/x86_64
12-09 08:20:10.537 W/WindowAnimator( 1591): Failed to dispatch window animation state change.
12-09 08:20:10.537 W/WindowAnimator( 1591): android.os.DeadObjectException
12-09 08:20:10.537 W/WindowAnimator( 1591): 	at android.os.BinderProxy.transactNative(Native Method)
12-09 08:20:10.537 W/WindowAnimator( 1591): 	at android.os.BinderProxy.transact(Binder.java:503)
12-09 08:20:10.537 W/WindowAnimator( 1591): 	at android.view.IWindow$Stub$Proxy.onAnimationStopped(IWindow.java:534)
12-09 08:20:10.537 W/WindowAnimator( 1591): 	at com.android.server.wm.WindowAnimator.updateWindowsLocked(WindowAnimator.java:286)
12-09 08:20:10.537 W/WindowAnimator( 1591): 	at com.android.server.wm.WindowAnimator.animateLocked(WindowAnimator.java:678)
12-09 08:20:10.537 W/WindowAnimator( 1591): 	at com.android.server.wm.WindowAnimator.-wrap0(WindowAnimator.java)
12-09 08:20:10.537 W/WindowAnimator( 1591): 	at com.android.server.wm.WindowAnimator$1.doFrame(WindowAnimator.java:123)
12-09 08:20:10.537 W/WindowAnimator( 1591): 	at android.view.Choreographer$CallbackRecord.run(Choreographer.java:856)
12-09 08:20:10.537 W/WindowAnimator( 1591): 	at android.view.Choreographer.doCallbacks(Choreographer.java:670)
12-09 08:20:10.537 W/WindowAnimator( 1591): 	at android.view.Choreographer.doFrame(Choreographer.java:603)
12-09 08:20:10.537 W/WindowAnimator( 1591): 	at android.view.Choreographer$FrameDisplayEventReceiver.run(Choreographer.java:844)
12-09 08:20:10.537 W/WindowAnimator( 1591): 	at android.os.Handler.handleCallback(Handler.java:739)
12-09 08:20:10.537 W/WindowAnimator( 1591): 	at android.os.Handler.dispatchMessage(Handler.java:95)
12-09 08:20:10.537 W/WindowAnimator( 1591): 	at android.os.Looper.loop(Looper.java:148)
12-09 08:20:10.537 W/WindowAnimator( 1591): 	at android.os.HandlerThread.run(HandlerThread.java:61)
12-09 08:20:10.537 W/WindowAnimator( 1591): 	at com.android.server.ServiceThread.run(ServiceThread.java:46)
12-09 08:20:10.620 W/OpenGLRenderer( 1904): Incorrectly called buildLayer on View: ShortcutAndWidgetContainer, destroying layer...
12-09 08:20:10.632 I/System.out(15674): Main activity name automatically set to: com.evancharlton.mileage.Mileage
12-09 08:20:10.632 I/System.out(15674): Calabash did not load Mono. This is only a problem if you are trying to test a Mono application
12-09 08:20:10.632 I/calabash(15674): Test server port: 7102
12-09 08:20:10.633 I/InstrumentationBackend(15674): Added:'GetPreferences', with key:'get_preferences'
12-09 08:20:10.688 W/art     (15674): Suspending all threads took: 12.982ms
12-09 08:20:10.737 W/art     ( 1591): Long monitor contention event with owner method=void com.android.server.wm.WindowAnimator$1.doFrame(long) from WindowAnimator.java:121 waiters=0 for 193ms
12-09 08:20:10.756 I/art     (15674): Background sticky concurrent mark sweep GC freed 2419(165KB) AllocSpace objects, 0(0B) LOS objects, 31% free, 890KB/1296KB, paused 13.964ms total 141.100ms
12-09 08:20:10.845 I/InstrumentationBackend(15674): Added:'SetPreferences', with key:'set_preferences'
12-09 08:20:10.845 I/InstrumentationBackend(15674): Added:'ClearPreferences', with key:'clear_preferences'
12-09 08:20:10.846 I/InstrumentationBackend(15674): Added:'PressElement', with key:'press_l10n_element'
12-09 08:20:10.846 I/InstrumentationBackend(15674): Added:'WaitForElement', with key:'wait_for_l10n_element'
12-09 08:20:10.846 I/InstrumentationBackend(15674): Added:'NullAction', with key:'nullAction'
12-09 08:20:10.846 I/InstrumentationBackend(15674): Added:'PressKey', with key:'press_key'
12-09 08:20:10.846 I/InstrumentationBackend(15674): Added:'SetActivityOrientation', with key:'set_activity_orientation'
12-09 08:20:10.850 I/InstrumentationBackend(15674): Added:'GetActivityOrientation', with key:'get_activity_orientation'
12-09 08:20:10.850 I/InstrumentationBackend(15674): Added:'FakeGPSLocation', with key:'set_gps_coordinates'
12-09 08:20:10.850 I/InstrumentationBackend(15674): Added:'SetPropertyByCssSelector', with key:'set_property_by_css_selector'
12-09 08:20:10.851 I/InstrumentationBackend(15674): Added:'GetUrl', with key:'get_url'
12-09 08:20:10.856 I/InstrumentationBackend(15674): Added:'ScrollTo', with key:'scroll_to'
12-09 08:20:10.856 I/InstrumentationBackend(15674): Added:'GetLoadProgress', with key:'get_load_progress'
12-09 08:20:10.856 I/InstrumentationBackend(15674): Added:'DumpHtml', with key:'dump_html'
12-09 08:20:10.857 I/InstrumentationBackend(15674): Added:'DumpBodyHtml', with key:'dump_body_html'
12-09 08:20:10.857 I/InstrumentationBackend(15674): Added:'EnterTextByCssSelector', with key:'enter_text_by_selector'
12-09 08:20:10.858 I/InstrumentationBackend(15674): Added:'AndroidSDKVersion', with key:'android_sdk_version'
12-09 08:20:10.858 I/InstrumentationBackend(15674): Added:'Version', with key:'version'
12-09 08:20:10.858 I/InstrumentationBackend(15674): Added:'Drag', with key:'drag'
12-09 08:20:10.858 I/InstrumentationBackend(15674): Added:'TouchCoordinates', with key:'touch_coordinate'
12-09 08:20:10.858 I/InstrumentationBackend(15674): Added:'LongPressCoordinate', with key:'long_press_coordinate'
12-09 08:20:10.858 I/InstrumentationBackend(15674): Added:'DragCoordinates', with key:'drag_coordinates'
12-09 08:20:10.858 I/InstrumentationBackend(15674): Added:'ResumeApplication', with key:'resume_application'
12-09 08:20:10.859 I/InstrumentationBackend(15674): Added:'Swipe', with key:'swipe'
12-09 08:20:10.859 I/InstrumentationBackend(15674): Added:'DoubleTapCoordinate', with key:'double_tap_coordinate'
12-09 08:20:10.859 I/InstrumentationBackend(15674): Added:'ClickOnScreen', with key:'click_on_screen'
12-09 08:20:10.885 I/art     (15674): Background partial concurrent mark sweep GC freed 2839(288KB) AllocSpace objects, 0(0B) LOS objects, 52% free, 943KB/1967KB, paused 13.176ms total 38.309ms
12-09 08:20:10.911 I/InstrumentationBackend(15674): Added:'GetActivityName', with key:'get_activity_name'
12-09 08:20:10.912 I/InstrumentationBackend(15674): Added:'ScrollToView', with key:'scroll_to_view'
12-09 08:20:10.912 I/InstrumentationBackend(15674): Added:'ViewConfiguration', with key:'view_configuration'
12-09 08:20:10.912 I/InstrumentationBackend(15674): Added:'IsCurrentActivityFocused', with key:'is_current_activity_focused'
12-09 08:20:10.912 I/InstrumentationBackend(15674): Added:'SendTcp', with key:'send_tcp'
12-09 08:20:10.912 I/InstrumentationBackend(15674): Added:'DpToDevicePixel', with key:'dp_to_device_pixel'
12-09 08:20:10.913 I/InstrumentationBackend(15674): Added:'KeyboardEnterText', with key:'keyboard_enter_text'
12-09 08:20:10.913 I/InstrumentationBackend(15674): Added:'DeleteSurroundingText', with key:'delete_surrounding_text'
12-09 08:20:10.913 I/InstrumentationBackend(15674): Added:'SetComposingRegion', with key:'set_composing_region'
12-09 08:20:10.913 I/InstrumentationBackend(15674): Added:'SetSelection', with key:'set_selection'
12-09 08:20:10.913 I/InstrumentationBackend(15674): Added:'KeyboardKeyEvent', with key:'keyboard_key_event'
12-09 08:20:10.914 I/InstrumentationBackend(15674): Added:'PressUserActionButton', with key:'press_user_action_button'
12-09 08:20:10.914 I/InstrumentationBackend(15674): Added:'HideSoftKeyboard', with key:'hide_soft_keyboard'
12-09 08:20:10.914 I/InstrumentationBackend(15674): Added:'ListActions', with key:'list_actions'
12-09 08:20:10.914 I/calabash(15674): Instantiating http server at 7102
12-09 08:20:10.919 I/System.out(15674): HTTP Daemon listening on: 7102
12-09 08:20:11.045 I/System.out(15674): URI: //ping
12-09 08:20:11.045 I/System.out(15674): params: {json={}
12-09 08:20:11.045 I/System.out(15674): }
12-09 08:20:11.109 I/System.out(15674): URI: //ping
12-09 08:20:11.109 I/System.out(15674): params: {json={}
12-09 08:20:11.109 I/System.out(15674): }
12-09 08:20:11.173 I/System.out(15674): URI: //ready
12-09 08:20:11.173 I/System.out(15674): params: {json={}
12-09 08:20:11.173 I/System.out(15674): }
12-09 08:20:11.224 I/System.out(15674): URI: //
12-09 08:20:11.243 I/System.out(15674): params: {json={"command":"version","arguments":[]}
12-09 08:20:11.243 I/System.out(15674): }
12-09 08:20:11.243 I/System.out(15674): header: {date=Sun, 09 Dec 2018 08:20:11 GMT, accept=*/*, content-length=36, host=127.0.0.1:34777, user-agent=HTTPClient/1.0 (2.8.3, ruby 2.3.1 (2016-04-26)), content-type=application/json;charset=utf-8}
12-09 08:20:11.244 I/System.out(15674): params: {json={"command":"version","arguments":[]}
12-09 08:20:11.244 I/System.out(15674): }
12-09 08:20:11.244 I/System.out(15674): ProP json = {"command":"version","arguments":[]}
12-09 08:20:11.244 I/System.out(15674): files: {}
12-09 08:20:11.244 I/System.out(15674): command: {"command":"version","arguments":[]}
12-09 08:20:11.253 I/InstrumentationBackend(15674): Got command:'Command:'Line:null,version', arguments:'[]'
12-09 08:20:11.290 I/System.out(15674): result:{"bonusInformation":[],"message":"0.9.8","success":true}
12-09 08:20:11.315 I/System.out(15674): URI: //start-application
12-09 08:20:11.315 I/System.out(15674): params: {json={"intent":null}
12-09 08:20:11.316 I/System.out(15674): }
12-09 08:20:11.375 I/ActivityManager( 1591): START u0 {act=android.intent.action.MAIN cat=[android.intent.category.LAUNCHER] flg=0x10200000 cmp=com.evancharlton.mileage/.Mileage} from uid 10135 on display 0
12-09 08:20:11.562 I/calabash(15674): newActivity1
12-09 08:20:11.602 D/gralloc_ranchu( 1218): gralloc_alloc: Creating ashmem region of size 3686400
12-09 08:20:11.626 I/calabash(15674): newActivity1
12-09 08:20:11.653 W/ActivityManager( 1591): Bad activity token: android.os.BinderProxy@5ff6556
12-09 08:20:11.653 W/ActivityManager( 1591): java.lang.ClassCastException: android.os.BinderProxy cannot be cast to com.android.server.am.ActivityRecord$Token
12-09 08:20:11.653 W/ActivityManager( 1591): 	at com.android.server.am.ActivityRecord.forTokenLocked(ActivityRecord.java:424)
12-09 08:20:11.653 W/ActivityManager( 1591): 	at com.android.server.am.ActivityRecord.isInStackLocked(ActivityRecord.java:1121)
12-09 08:20:11.653 W/ActivityManager( 1591): 	at com.android.server.am.ActivityRecord.getStackLocked(ActivityRecord.java:1126)
12-09 08:20:11.653 W/ActivityManager( 1591): 	at com.android.server.am.ActivityManagerService.getActivityDisplayId(ActivityManagerService.java:8889)
12-09 08:20:11.653 W/ActivityManager( 1591): 	at android.app.ActivityManagerNative.onTransact(ActivityManagerNative.java:2338)
12-09 08:20:11.653 W/ActivityManager( 1591): 	at com.android.server.am.ActivityManagerService.onTransact(ActivityManagerService.java:2443)
12-09 08:20:11.653 W/ActivityManager( 1591): 	at android.os.Binder.execTransact(Binder.java:453)
12-09 08:20:11.653 W/ActivityManager( 1591): Bad activity token: android.os.BinderProxy@5ff6556
12-09 08:20:11.653 W/ActivityManager( 1591): java.lang.ClassCastException: android.os.BinderProxy cannot be cast to com.android.server.am.ActivityRecord$Token
12-09 08:20:11.653 W/ActivityManager( 1591): 	at com.android.server.am.ActivityRecord.forTokenLocked(ActivityRecord.java:424)
12-09 08:20:11.653 W/ActivityManager( 1591): 	at com.android.server.am.ActivityRecord.isInStackLocked(ActivityRecord.java:1121)
12-09 08:20:11.653 W/ActivityManager( 1591): 	at com.android.server.am.ActivityManagerService.setTaskDescription(ActivityManagerService.java:8547)
12-09 08:20:11.653 W/ActivityManager( 1591): 	at android.app.ActivityManagerNative.onTransact(ActivityManagerNative.java:2410)
12-09 08:20:11.653 W/ActivityManager( 1591): 	at com.android.server.am.ActivityManagerService.onTransact(ActivityManagerService.java:2443)
12-09 08:20:11.653 W/ActivityManager( 1591): 	at android.os.Binder.execTransact(Binder.java:453)
12-09 08:20:11.735 W/art     (15674): Suspending all threads took: 11.288ms
12-09 08:20:11.744 I/art     (15674): Background sticky concurrent mark sweep GC freed 1583(200KB) AllocSpace objects, 0(0B) LOS objects, 13% free, 1711KB/1967KB, paused 12.385ms total 63.460ms
12-09 08:20:11.792 W/art     (15674): Suspending all threads took: 20.313ms
12-09 08:20:11.821 I/art     (15674): Background partial concurrent mark sweep GC freed 1673(195KB) AllocSpace objects, 2(40KB) LOS objects, 39% free, 1671KB/2MB, paused 21.397ms total 30.174ms
12-09 08:20:11.836 W/ActivityManager( 1591): Bad activity token: android.os.BinderProxy@5ff6556
12-09 08:20:11.836 W/ActivityManager( 1591): java.lang.ClassCastException: android.os.BinderProxy cannot be cast to com.android.server.am.ActivityRecord$Token
12-09 08:20:11.836 W/ActivityManager( 1591): 	at com.android.server.am.ActivityRecord.forTokenLocked(ActivityRecord.java:424)
12-09 08:20:11.836 W/ActivityManager( 1591): 	at com.android.server.am.ActivityRecord.isInStackLocked(ActivityRecord.java:1121)
12-09 08:20:11.836 W/ActivityManager( 1591): 	at com.android.server.am.ActivityManagerService.getActivityOptions(ActivityManagerService.java:11038)
12-09 08:20:11.836 W/ActivityManager( 1591): 	at android.app.ActivityManagerNative.onTransact(ActivityManagerNative.java:1734)
12-09 08:20:11.836 W/ActivityManager( 1591): 	at com.android.server.am.ActivityManagerService.onTransact(ActivityManagerService.java:2443)
12-09 08:20:11.836 W/ActivityManager( 1591): 	at android.os.Binder.execTransact(Binder.java:453)
12-09 08:20:11.863 W/ActivityManager( 1591): Bad activity token: android.os.BinderProxy@5ff6556
12-09 08:20:11.863 W/ActivityManager( 1591): java.lang.ClassCastException: android.os.BinderProxy cannot be cast to com.android.server.am.ActivityRecord$Token
12-09 08:20:11.863 W/ActivityManager( 1591): 	at com.android.server.am.ActivityRecord.forTokenLocked(ActivityRecord.java:424)
12-09 08:20:11.863 W/ActivityManager( 1591): 	at com.android.server.am.ActivityRecord.isInStackLocked(ActivityRecord.java:1121)
12-09 08:20:11.863 W/ActivityManager( 1591): 	at com.android.server.am.ActivityManagerService.getActivityOptions(ActivityManagerService.java:11038)
12-09 08:20:11.863 W/ActivityManager( 1591): 	at android.app.ActivityManagerNative.onTransact(ActivityManagerNative.java:1734)
12-09 08:20:11.863 W/ActivityManager( 1591): 	at com.android.server.am.ActivityManagerService.onTransact(ActivityManagerService.java:2443)
12-09 08:20:11.863 W/ActivityManager( 1591): 	at android.os.Binder.execTransact(Binder.java:453)
12-09 08:20:11.880 V/PhoneStatusBar( 3067): setLightsOn(true)
12-09 08:20:11.927 D/EGL_emulation( 1904): eglMakeCurrent: 0x7f38a1ba1820: ver 2 0 (tinfo 0x7f38a1b82700)
12-09 08:20:11.930 E/Surface ( 1904): getSlotFromBufferLocked: unknown buffer: 0x7f38a1ba2b80
12-09 08:20:12.174 D/gralloc_ranchu( 1218): gralloc_alloc: Creating ashmem region of size 3686400
12-09 08:20:12.284 D/        (15674): HostConnection::get() New Host Connection established 0x7f389e1dd400, tid 15674
12-09 08:20:12.542 W/art     ( 1591): Long monitor contention event with owner method=void com.android.server.wm.WindowAnimator$1.doFrame(long) from WindowAnimator.java:121 waiters=0 for 129ms
12-09 08:20:12.765 I/ActivityManager( 1591): Displayed com.evancharlton.mileage/.Mileage: +1s215ms
12-09 08:20:12.769 D/gralloc_ranchu( 1218): gralloc_alloc: Creating ashmem region of size 3686400
12-09 08:20:13.512 D/gralloc_ranchu( 1218): gralloc_alloc: Creating ashmem region of size 3686400
12-09 08:20:13.875 I/art     (15674): Background sticky concurrent mark sweep GC freed 14100(699KB) AllocSpace objects, 1(20KB) LOS objects, 30% free, 1939KB/2MB, paused 9.448ms total 99.812ms
12-09 08:20:14.807 I/System.out(15674): URI: //map
12-09 08:20:14.807 I/System.out(15674): params: {json={"query":"android.widget.EditText id:'price'","operation":{"method_name":"query","arguments":[]}}
12-09 08:20:14.807 I/System.out(15674): }
12-09 08:20:14.966 W/ResourceType(15674): No package identifier when getting name for resource number 0x00000001
12-09 08:20:14.998 W/art     (15674): Suspending all threads took: 21.450ms
12-09 08:20:15.036 I/art     (15674): Background partial concurrent mark sweep GC freed 14770(720KB) AllocSpace objects, 2(40KB) LOS objects, 40% free, 2MB/3MB, paused 27.832ms total 169.559ms
12-09 08:20:15.161 I/art     (15674): Background sticky concurrent mark sweep GC freed 30980(1463KB) AllocSpace objects, 1(20KB) LOS objects, 39% free, 2MB/3MB, paused 9.476ms total 67.746ms
12-09 08:20:15.161 I/System.out(15674): URI: //gesture
12-09 08:20:15.162 I/System.out(15674): params: {json={"query_timeout":5.0,"gestures":[{"query_string":"android.widget.EditText id:'price'","touches":[{"x":50,"y":50,"offset_x":0,"offset_y":0,"wait":0.0,"time":0.2,"release":true,"query_string":null}]}]}
12-09 08:20:15.162 I/System.out(15674): }
12-09 08:20:15.188 W/ResourceType(15674): No package identifier when getting name for resource number 0x00000001
12-09 08:20:15.500 I/LatinIME( 1865): Starting input. Cursor position = 0,0
12-09 08:20:15.821 D/EGL_emulation( 1865): eglMakeCurrent: 0x7f38a1ba1640: ver 2 0 (tinfo 0x7f3895e1c700)
12-09 08:20:16.076 I/System.out(15674): URI: //
12-09 08:20:16.076 I/System.out(15674): params: {json={"command":"set_selection","arguments":[-1,-1]}
12-09 08:20:16.076 I/System.out(15674): }
12-09 08:20:16.076 I/System.out(15674): header: {date=Sun, 09 Dec 2018 08:20:16 GMT, accept=*/*, content-length=47, host=127.0.0.1:34777, user-agent=HTTPClient/1.0 (2.8.3, ruby 2.3.1 (2016-04-26)), content-type=application/json;charset=utf-8}
12-09 08:20:16.076 I/System.out(15674): params: {json={"command":"set_selection","arguments":[-1,-1]}
12-09 08:20:16.076 I/System.out(15674): }
12-09 08:20:16.076 I/System.out(15674): ProP json = {"command":"set_selection","arguments":[-1,-1]}
12-09 08:20:16.076 I/System.out(15674): files: {}
12-09 08:20:16.076 I/System.out(15674): command: {"command":"set_selection","arguments":[-1,-1]}
12-09 08:20:16.079 I/InstrumentationBackend(15674): Got command:'Command:'Line:null,set_selection', arguments:'[-1, -1]'
12-09 08:20:16.122 I/System.out(15674): result:{"bonusInformation":[],"message":"","success":true}
12-09 08:20:16.276 I/art     (15674): Background sticky concurrent mark sweep GC freed 20269(1014KB) AllocSpace objects, 2(40KB) LOS objects, 19% free, 2MB/3MB, paused 937us total 197.396ms
12-09 08:20:16.668 I/System.out(15674): URI: //
12-09 08:20:16.668 I/System.out(15674): params: {json={"command":"keyboard_enter_text","arguments":["-321ßå∂˚¡–ºß123"]}
12-09 08:20:16.668 I/System.out(15674): }
12-09 08:20:16.668 I/System.out(15674): header: {date=Sun, 09 Dec 2018 08:20:16 GMT, accept=*/*, content-length=75, host=127.0.0.1:34777, user-agent=HTTPClient/1.0 (2.8.3, ruby 2.3.1 (2016-04-26)), content-type=application/json;charset=utf-8}
12-09 08:20:16.668 I/System.out(15674): params: {json={"command":"keyboard_enter_text","arguments":["-321ßå∂˚¡–ºß123"]}
12-09 08:20:16.668 I/System.out(15674): }
12-09 08:20:16.668 I/System.out(15674): ProP json = {"command":"keyboard_enter_text","arguments":["-321ßå∂˚¡–ºß123"]}
12-09 08:20:16.668 I/System.out(15674): files: {}
12-09 08:20:16.668 I/System.out(15674): command: {"command":"keyboard_enter_text","arguments":["-321ßå∂˚¡–ºß123"]}
12-09 08:20:16.670 I/InstrumentationBackend(15674): Got command:'Command:'Line:null,keyboard_enter_text', arguments:'[-321ßå∂˚¡–ºß123]'
12-09 08:20:16.672 E/SpannableStringBuilder(15674): SPAN_EXCLUSIVE_EXCLUSIVE spans cannot have a zero length
12-09 08:20:16.672 E/SpannableStringBuilder(15674): SPAN_EXCLUSIVE_EXCLUSIVE spans cannot have a zero length
12-09 08:20:16.680 E/SpannableStringBuilder(15674): SPAN_EXCLUSIVE_EXCLUSIVE spans cannot have a zero length
12-09 08:20:16.683 E/SpannableStringBuilder(15674): SPAN_EXCLUSIVE_EXCLUSIVE spans cannot have a zero length
12-09 08:20:16.704 I/System.out(15674): result:{"bonusInformation":[],"message":"","success":true}
12-09 08:20:16.818 I/art     (15674): Background partial concurrent mark sweep GC freed 26383(1320KB) AllocSpace objects, 6(120KB) LOS objects, 40% free, 2MB/3MB, paused 15.624ms total 124.957ms
12-09 08:20:17.252 E/SurfaceFlinger( 1218): ro.sf.lcd_density must be defined as a build property
12-09 08:20:17.411 D/gralloc_ranchu( 1218): gralloc_alloc: Creating ashmem region of size 3686400
12-09 08:20:17.423 D/        (15706): HostConnection::get() New Host Connection established 0x7fb86dc12480, tid 15706
12-09 08:20:17.482 E/EGL_emulation( 1218): tid 1218: eglCreateSyncKHR(1881): error 0x3004 (EGL_BAD_ATTRIBUTE)
12-09 08:20:18.607 I/System.out(15674): URI: //map
12-09 08:20:18.607 I/System.out(15674): params: {json={"query":"android.widget.EditText id:'volume'","operation":{"method_name":"query","arguments":[]}}
12-09 08:20:18.607 I/System.out(15674): }
12-09 08:20:18.648 W/ResourceType(15674): No package identifier when getting name for resource number 0x00000001
12-09 08:20:18.712 I/System.out(15674): URI: //gesture
12-09 08:20:18.712 I/System.out(15674): params: {json={"query_timeout":5.0,"gestures":[{"query_string":"android.widget.EditText id:'volume'","touches":[{"x":50,"y":50,"offset_x":0,"offset_y":0,"wait":0.0,"time":0.2,"release":true,"query_string":null}]}]}
12-09 08:20:18.712 I/System.out(15674): }
12-09 08:20:18.724 W/ResourceType(15674): No package identifier when getting name for resource number 0x00000001
12-09 08:20:19.089 I/LatinIME( 1865): Starting input. Cursor position = 0,0
12-09 08:20:19.117 W/art     (15674): Suspending all threads took: 9.203ms
12-09 08:20:19.145 I/art     (15674): Background sticky concurrent mark sweep GC freed 37564(1589KB) AllocSpace objects, 2(40KB) LOS objects, 21% free, 2MB/3MB, paused 10.395ms total 52.191ms
12-09 08:20:19.704 I/System.out(15674): URI: //
12-09 08:20:19.704 I/System.out(15674): params: {json={"command":"set_selection","arguments":[-1,-1]}
12-09 08:20:19.704 I/System.out(15674): }
12-09 08:20:19.704 I/System.out(15674): header: {date=Sun, 09 Dec 2018 08:20:19 GMT, accept=*/*, content-length=47, host=127.0.0.1:34777, user-agent=HTTPClient/1.0 (2.8.3, ruby 2.3.1 (2016-04-26)), content-type=application/json;charset=utf-8}
12-09 08:20:19.704 I/System.out(15674): params: {json={"command":"set_selection","arguments":[-1,-1]}
12-09 08:20:19.704 I/System.out(15674): }
12-09 08:20:19.704 I/System.out(15674): ProP json = {"command":"set_selection","arguments":[-1,-1]}
12-09 08:20:19.704 I/System.out(15674): files: {}
12-09 08:20:19.704 I/System.out(15674): command: {"command":"set_selection","arguments":[-1,-1]}
12-09 08:20:19.706 I/InstrumentationBackend(15674): Got command:'Command:'Line:null,set_selection', arguments:'[-1, -1]'
12-09 08:20:19.712 I/System.out(15674): result:{"bonusInformation":[],"message":"","success":true}
12-09 08:20:19.753 I/art     (15674): Background sticky concurrent mark sweep GC freed 20681(1018KB) AllocSpace objects, 2(40KB) LOS objects, 31% free, 2MB/3MB, paused 5.826ms total 42.120ms
12-09 08:20:19.817 I/System.out(15674): URI: //
12-09 08:20:19.817 I/System.out(15674): params: {json={"command":"keyboard_enter_text","arguments":["åß9∂º–ç¬  ß29å∂˚¡–ºß123"]}
12-09 08:20:19.817 I/System.out(15674): }
12-09 08:20:19.817 I/System.out(15674): header: {date=Sun, 09 Dec 2018 08:20:19 GMT, accept=*/*, content-length=92, host=127.0.0.1:34777, user-agent=HTTPClient/1.0 (2.8.3, ruby 2.3.1 (2016-04-26)), content-type=application/json;charset=utf-8}
12-09 08:20:19.817 I/System.out(15674): params: {json={"command":"keyboard_enter_text","arguments":["åß9∂º–ç¬  ß29å∂˚¡–ºß123"]}
12-09 08:20:19.817 I/System.out(15674): }
12-09 08:20:19.817 I/System.out(15674): ProP json = {"command":"keyboard_enter_text","arguments":["åß9∂º–ç¬  ß29å∂˚¡–ºß123"]}
12-09 08:20:19.817 I/System.out(15674): files: {}
12-09 08:20:19.817 I/System.out(15674): command: {"command":"keyboard_enter_text","arguments":["åß9∂º–ç¬  ß29å∂˚¡–ºß123"]}
12-09 08:20:19.818 I/InstrumentationBackend(15674): Got command:'Command:'Line:null,keyboard_enter_text', arguments:'[åß9∂º–ç¬  ß29å∂˚¡–ºß123]'
12-09 08:20:19.819 E/SpannableStringBuilder(15674): SPAN_EXCLUSIVE_EXCLUSIVE spans cannot have a zero length
12-09 08:20:19.819 E/SpannableStringBuilder(15674): SPAN_EXCLUSIVE_EXCLUSIVE spans cannot have a zero length
12-09 08:20:19.865 E/SpannableStringBuilder(15674): SPAN_EXCLUSIVE_EXCLUSIVE spans cannot have a zero length
12-09 08:20:19.865 E/SpannableStringBuilder(15674): SPAN_EXCLUSIVE_EXCLUSIVE spans cannot have a zero length
12-09 08:20:19.872 I/System.out(15674): result:{"bonusInformation":[],"message":"","success":true}
12-09 08:20:20.492 E/SurfaceFlinger( 1218): ro.sf.lcd_density must be defined as a build property
12-09 08:20:20.647 D/gralloc_ranchu( 1218): gralloc_alloc: Creating ashmem region of size 3686400
12-09 08:20:20.660 D/        (15716): HostConnection::get() New Host Connection established 0x7f2bcae52480, tid 15716
12-09 08:20:20.717 E/EGL_emulation( 1218): tid 1218: eglCreateSyncKHR(1881): error 0x3004 (EGL_BAD_ATTRIBUTE)
12-09 08:20:21.424 I/System.out(15674): URI: //map
12-09 08:20:21.424 I/System.out(15674): params: {json={"query":"android.widget.EditText id:'odometer'","operation":{"method_name":"query","arguments":[]}}
12-09 08:20:21.424 I/System.out(15674): }
12-09 08:20:21.554 I/art     (15674): Background sticky concurrent mark sweep GC freed 16162(761KB) AllocSpace objects, 5(100KB) LOS objects, 16% free, 2MB/3MB, paused 921us total 127.082ms
12-09 08:20:21.555 W/ResourceType(15674): No package identifier when getting name for resource number 0x00000001
12-09 08:20:21.897 I/art     (15674): Background partial concurrent mark sweep GC freed 44165(2MB) AllocSpace objects, 7(140KB) LOS objects, 40% free, 2MB/3MB, paused 954us total 325.076ms
12-09 08:20:21.900 I/System.out(15674): URI: //gesture
12-09 08:20:21.900 I/System.out(15674): params: {json={"query_timeout":5.0,"gestures":[{"query_string":"android.widget.EditText id:'odometer'","touches":[{"x":50,"y":50,"offset_x":0,"offset_y":0,"wait":0.0,"time":0.2,"release":true,"query_string":null}]}]}
12-09 08:20:21.900 I/System.out(15674): }
12-09 08:20:21.913 W/ResourceType(15674): No package identifier when getting name for resource number 0x00000001
12-09 08:20:22.324 I/LatinIME( 1865): Starting input. Cursor position = 0,0
12-09 08:20:22.940 I/System.out(15674): URI: //
12-09 08:20:22.940 I/System.out(15674): params: {json={"command":"set_selection","arguments":[-1,-1]}
12-09 08:20:22.940 I/System.out(15674): }
12-09 08:20:22.940 I/System.out(15674): header: {date=Sun, 09 Dec 2018 08:20:23 GMT, accept=*/*, content-length=47, host=127.0.0.1:34777, user-agent=HTTPClient/1.0 (2.8.3, ruby 2.3.1 (2016-04-26)), content-type=application/json;charset=utf-8}
12-09 08:20:22.940 I/System.out(15674): params: {json={"command":"set_selection","arguments":[-1,-1]}
12-09 08:20:22.940 I/System.out(15674): }
12-09 08:20:22.940 I/System.out(15674): ProP json = {"command":"set_selection","arguments":[-1,-1]}
12-09 08:20:22.940 I/System.out(15674): files: {}
12-09 08:20:22.940 I/System.out(15674): command: {"command":"set_selection","arguments":[-1,-1]}
12-09 08:20:22.941 I/InstrumentationBackend(15674): Got command:'Command:'Line:null,set_selection', arguments:'[-1, -1]'
12-09 08:20:22.946 I/System.out(15674): result:{"bonusInformation":[],"message":"","success":true}
12-09 08:20:23.084 I/System.out(15674): URI: //
12-09 08:20:23.084 I/System.out(15674): params: {json={"command":"keyboard_enter_text","arguments":["=+œå∑ß≈´∂ç®ƒ√†©∫¡™£"]}
12-09 08:20:23.084 I/System.out(15674): }
12-09 08:20:23.084 I/System.out(15674): header: {date=Sun, 09 Dec 2018 08:20:23 GMT, accept=*/*, content-length=93, host=127.0.0.1:34777, user-agent=HTTPClient/1.0 (2.8.3, ruby 2.3.1 (2016-04-26)), content-type=application/json;charset=utf-8}
12-09 08:20:23.085 I/System.out(15674): params: {json={"command":"keyboard_enter_text","arguments":["=+œå∑ß≈´∂ç®ƒ√†©∫¡™£"]}
12-09 08:20:23.085 I/System.out(15674): }
12-09 08:20:23.085 I/System.out(15674): ProP json = {"command":"keyboard_enter_text","arguments":["=+œå∑ß≈´∂ç®ƒ√†©∫¡™£"]}
12-09 08:20:23.085 I/System.out(15674): files: {}
12-09 08:20:23.085 I/System.out(15674): command: {"command":"keyboard_enter_text","arguments":["=+œå∑ß≈´∂ç®ƒ√†©∫¡™£"]}
12-09 08:20:23.086 I/InstrumentationBackend(15674): Got command:'Command:'Line:null,keyboard_enter_text', arguments:'[=+œå∑ß≈´∂ç®ƒ√†©∫¡™£]'
12-09 08:20:23.086 E/SpannableStringBuilder(15674): SPAN_EXCLUSIVE_EXCLUSIVE spans cannot have a zero length
12-09 08:20:23.086 E/SpannableStringBuilder(15674): SPAN_EXCLUSIVE_EXCLUSIVE spans cannot have a zero length
12-09 08:20:23.088 E/SpannableStringBuilder(15674): SPAN_EXCLUSIVE_EXCLUSIVE spans cannot have a zero length
12-09 08:20:23.088 E/SpannableStringBuilder(15674): SPAN_EXCLUSIVE_EXCLUSIVE spans cannot have a zero length
12-09 08:20:23.094 I/System.out(15674): result:{"bonusInformation":[],"message":"","success":true}
12-09 08:20:23.600 E/SurfaceFlinger( 1218): ro.sf.lcd_density must be defined as a build property
12-09 08:20:23.601 D/gralloc_ranchu( 1218): gralloc_alloc: Creating ashmem region of size 3686400
12-09 08:20:23.676 D/        (15726): HostConnection::get() New Host Connection established 0x7f9bacd52480, tid 15726
12-09 08:20:23.695 E/EGL_emulation( 1218): tid 1218: eglCreateSyncKHR(1881): error 0x3004 (EGL_BAD_ATTRIBUTE)
