--------- beginning of main
12-09 07:58:38.767 W/audio_hw_generic( 1307): Not supplying enough data to HAL, expected position 19082966 , only wrote 19082409
12-09 07:58:38.767 W/audio_hw_generic( 1307): Not supplying enough data to HAL, expected position 19082415 , only wrote 19082409
12-09 07:58:38.800 W/audio_hw_generic( 1307): Not supplying enough data to HAL, expected position 19083878 , only wrote 19083070
12-09 07:58:38.828 W/art     ( 1592): Long monitor contention event with owner method=void com.android.server.wm.WindowAnimator$1.doFrame(long) from WindowAnimator.java:121 waiters=0 for 175ms
12-09 07:58:38.922 D/gralloc_ranchu( 1223): gralloc_alloc: Creating ashmem region of size 708608
12-09 07:58:38.996 W/audio_hw_generic( 1307): Not supplying enough data to HAL, expected position 19091707 , only wrote 19090341
12-09 07:58:38.996 W/audio_hw_generic( 1307): Not supplying enough data to HAL, expected position 19090347 , only wrote 19090341
12-09 07:58:39.011 W/audio_hw_generic( 1307): Not supplying enough data to HAL, expected position 19091022 , only wrote 19091002
12-09 07:58:39.033 E/EGL_emulation( 1223): tid 1223: eglCreateSyncKHR(1881): error 0x3004 (EGL_BAD_ATTRIBUTE)
--------- beginning of system
12-09 07:58:39.145 W/InputMethodManagerService( 1592): Focus gain on non-focused client com.android.internal.view.IInputMethodClient$Stub$Proxy@67db8eb (uid=10125 pid=9817)
12-09 07:58:39.182 W/art     ( 1592): Long monitor contention event with owner method=boolean com.android.server.am.ActivityManagerService.finishActivity(android.os.IBinder, int, android.content.Intent, boolean) from ActivityManagerService.java:4245 waiters=0 for 354ms
12-09 07:58:39.183 W/ActivityManager( 1592): Finishing task with all activities already finished
12-09 07:58:39.183 W/ActivityManager( 1592): Duplicate finish request for ActivityRecord{58ea223 u0 com.evancharlton.mileage/.charts.AverageFuelEconomyChart t388 f}
12-09 07:58:39.215 W/art     ( 1592): Suspending all threads took: 7.481ms
12-09 07:58:39.256 I/art     ( 1592): Background partial concurrent mark sweep GC freed 26708(1874KB) AllocSpace objects, 16(332KB) LOS objects, 29% free, 9MB/13MB, paused 8.709ms total 124.057ms
12-09 07:58:39.332 W/audio_hw_generic( 1307): Not supplying enough data to HAL, expected position 19118590 , only wrote 19104883
12-09 07:58:39.338 D/EGL_emulation( 1930): eglMakeCurrent: 0x7f708f5b4dc0: ver 2 0 (tinfo 0x7f708f582d00)
12-09 07:58:39.615 D/AndroidRuntime( 9975): >>>>>> START com.android.internal.os.RuntimeInit uid 0 <<<<<<
12-09 07:58:39.625 D/AndroidRuntime( 9975): CheckJNI is ON
12-09 07:58:39.675 D/ICU     ( 9975): No timezone override file found: /data/misc/zoneinfo/current/icu/icu_tzdata.dat
12-09 07:58:39.804 W/art     ( 1592): Long monitor contention event with owner method=void com.android.server.wm.WindowAnimator$1.doFrame(long) from WindowAnimator.java:121 waiters=1 for 199ms
12-09 07:58:39.946 E/memtrack( 9975): Couldn't load memtrack module (No such file or directory)
12-09 07:58:39.946 E/android.os.Debug( 9975): failed to load memtrack module: -2
12-09 07:58:39.947 I/Radio-JNI( 9975): register_android_hardware_Radio DONE
12-09 07:58:39.979 D/AndroidRuntime( 9975): Calling main entry com.android.commands.am.Am
12-09 07:58:40.238 I/Choreographer( 1930): Skipped 50 frames!  The application may be doing too much work on its main thread.
12-09 07:58:40.241 W/art     ( 1592): Long monitor contention event with owner method=void com.android.server.am.ActivityManagerService.activityDestroyed(android.os.IBinder) from ActivityManagerService.java:6475 waiters=0 for 537ms
12-09 07:58:40.241 I/ActivityManager( 1592): Force stopping com.evancharlton.mileage appid=10125 user=0: start instr
12-09 07:58:40.242 I/ActivityManager( 1592): Killing 9817:com.evancharlton.mileage/u0a125 (adj 0): stop com.evancharlton.mileage
12-09 07:58:40.316 W/ActivityManager( 1592): Crash of app com.evancharlton.mileage running instrumentation ComponentInfo{com.evancharlton.mileage.test/sh.calaba.instrumentationbackend.CalabashInstrumentationTestRunner}
12-09 07:58:40.316 I/ActivityManager( 1592): Force stopping com.evancharlton.mileage appid=10125 user=0: finished inst
12-09 07:58:40.621 W/art     ( 1592): Long monitor contention event with owner method=void com.android.server.wm.WindowAnimator$1.doFrame(long) from WindowAnimator.java:121 waiters=2 for 271ms
12-09 07:58:41.016 W/art     ( 1592): Long monitor contention event with owner method=void com.android.server.wm.WindowAnimator$1.doFrame(long) from WindowAnimator.java:121 waiters=3 for 333ms
12-09 07:58:41.113 W/art     ( 1592): Long monitor contention event with owner method=void com.android.server.wm.WindowAnimator$1.doFrame(long) from WindowAnimator.java:121 waiters=3 for 384ms
12-09 07:58:41.362 W/art     ( 1592): Long monitor contention event with owner method=void com.android.server.wm.WindowAnimator$1.doFrame(long) from WindowAnimator.java:121 waiters=3 for 345ms
12-09 07:58:41.401 W/art     ( 1592): Long monitor contention event with owner method=void com.android.server.wm.WindowAnimator$1.doFrame(long) from WindowAnimator.java:121 waiters=3 for 287ms
12-09 07:58:41.536 W/art     ( 1592): Long monitor contention event with owner method=void com.android.server.wm.WindowAnimator$1.doFrame(long) from WindowAnimator.java:121 waiters=3 for 312ms
12-09 07:58:41.537 W/art     ( 1592): Long monitor contention event with owner method=void com.android.server.wm.WindowAnimator$1.doFrame(long) from WindowAnimator.java:121 waiters=3 for 280ms
12-09 07:58:41.538 W/art     ( 1592): Long monitor contention event with owner method=void com.android.server.wm.WindowAnimator$1.doFrame(long) from WindowAnimator.java:121 waiters=3 for 176ms
12-09 07:58:41.539 I/Choreographer( 1930): Skipped 77 frames!  The application may be doing too much work on its main thread.
12-09 07:58:41.551 I/WindowState( 1592): WIN DEATH: Window{8f4329b u0 com.evancharlton.mileage/com.evancharlton.mileage.charts.AverageFuelEconomyChart EXITING}
12-09 07:58:41.552 I/ActivityManager( 1592): Start proc 9984:com.evancharlton.mileage/u0a125 for added application com.evancharlton.mileage
12-09 07:58:41.553 W/art     ( 1592): Long monitor contention event with owner method=boolean com.android.server.am.ActivityManagerService.startInstrumentation(android.content.ComponentName, java.lang.String, int, android.os.Bundle, android.app.IInstrumentationWatcher, android.app.IUiAutomationConnection, int, java.lang.String) from ActivityManagerService.java:17066 waiters=0 for 1.311s
12-09 07:58:41.553 D/AndroidRuntime( 9975): Shutting down VM
12-09 07:58:41.555 W/art     ( 1592): Long monitor contention event with owner method=boolean com.android.server.am.ActivityManagerService.startInstrumentation(android.content.ComponentName, java.lang.String, int, android.os.Bundle, android.app.IInstrumentationWatcher, android.app.IUiAutomationConnection, int, java.lang.String) from ActivityManagerService.java:17066 waiters=1 for 1.312s
12-09 07:58:41.559 W/art     ( 1592): Long monitor contention event with owner method=boolean com.android.server.am.ActivityManagerService.startInstrumentation(android.content.ComponentName, java.lang.String, int, android.os.Bundle, android.app.IInstrumentationWatcher, android.app.IUiAutomationConnection, int, java.lang.String) from ActivityManagerService.java:17066 waiters=2 for 1.267s
12-09 07:58:41.559 W/ActivityManager( 1592): Spurious death for ProcessRecord{8032e05 0:com.evancharlton.mileage/u0a125}, curProc for 9817: null
12-09 07:58:41.564 W/art     ( 1592): Long monitor contention event with owner method=boolean com.android.server.am.ActivityManagerService.startInstrumentation(android.content.ComponentName, java.lang.String, int, android.os.Bundle, android.app.IInstrumentationWatcher, android.app.IUiAutomationConnection, int, java.lang.String) from ActivityManagerService.java:17066 waiters=3 for 821ms
12-09 07:58:41.777 W/System  ( 9984): ClassLoader referenced unknown path: /data/app/com.evancharlton.mileage.test-1/lib/x86_64
12-09 07:58:41.777 W/System  ( 9984): ClassLoader referenced unknown path: /data/app/com.evancharlton.mileage-1/lib/x86_64
12-09 07:58:41.882 I/System.out( 9984): Main activity name automatically set to: com.evancharlton.mileage.Mileage
12-09 07:58:41.882 I/System.out( 9984): Calabash did not load Mono. This is only a problem if you are trying to test a Mono application
12-09 07:58:41.882 I/calabash( 9984): Test server port: 7102
12-09 07:58:41.892 I/InstrumentationBackend( 9984): Added:'GetPreferences', with key:'get_preferences'
12-09 07:58:41.902 W/OpenGLRenderer( 1930): Incorrectly called buildLayer on View: ShortcutAndWidgetContainer, destroying layer...
12-09 07:58:41.969 I/InstrumentationBackend( 9984): Added:'SetPreferences', with key:'set_preferences'
12-09 07:58:41.972 I/InstrumentationBackend( 9984): Added:'ClearPreferences', with key:'clear_preferences'
12-09 07:58:41.972 I/InstrumentationBackend( 9984): Added:'PressElement', with key:'press_l10n_element'
12-09 07:58:41.972 I/InstrumentationBackend( 9984): Added:'WaitForElement', with key:'wait_for_l10n_element'
12-09 07:58:41.972 I/InstrumentationBackend( 9984): Added:'NullAction', with key:'nullAction'
12-09 07:58:41.972 I/InstrumentationBackend( 9984): Added:'PressKey', with key:'press_key'
12-09 07:58:41.973 I/InstrumentationBackend( 9984): Added:'SetActivityOrientation', with key:'set_activity_orientation'
12-09 07:58:41.973 I/InstrumentationBackend( 9984): Added:'GetActivityOrientation', with key:'get_activity_orientation'
12-09 07:58:41.973 I/InstrumentationBackend( 9984): Added:'FakeGPSLocation', with key:'set_gps_coordinates'
12-09 07:58:41.973 I/InstrumentationBackend( 9984): Added:'SetPropertyByCssSelector', with key:'set_property_by_css_selector'
12-09 07:58:41.973 I/InstrumentationBackend( 9984): Added:'GetUrl', with key:'get_url'
12-09 07:58:41.994 I/InstrumentationBackend( 9984): Added:'ScrollTo', with key:'scroll_to'
12-09 07:58:41.994 I/InstrumentationBackend( 9984): Added:'GetLoadProgress', with key:'get_load_progress'
12-09 07:58:41.995 I/InstrumentationBackend( 9984): Added:'DumpHtml', with key:'dump_html'
12-09 07:58:41.995 I/InstrumentationBackend( 9984): Added:'DumpBodyHtml', with key:'dump_body_html'
12-09 07:58:41.995 I/InstrumentationBackend( 9984): Added:'EnterTextByCssSelector', with key:'enter_text_by_selector'
12-09 07:58:41.996 I/InstrumentationBackend( 9984): Added:'AndroidSDKVersion', with key:'android_sdk_version'
12-09 07:58:42.000 I/InstrumentationBackend( 9984): Added:'Version', with key:'version'
12-09 07:58:42.000 I/InstrumentationBackend( 9984): Added:'Drag', with key:'drag'
12-09 07:58:42.000 I/InstrumentationBackend( 9984): Added:'TouchCoordinates', with key:'touch_coordinate'
12-09 07:58:42.000 I/InstrumentationBackend( 9984): Added:'LongPressCoordinate', with key:'long_press_coordinate'
12-09 07:58:42.000 I/InstrumentationBackend( 9984): Added:'DragCoordinates', with key:'drag_coordinates'
12-09 07:58:42.001 I/InstrumentationBackend( 9984): Added:'ResumeApplication', with key:'resume_application'
12-09 07:58:42.001 I/InstrumentationBackend( 9984): Added:'Swipe', with key:'swipe'
12-09 07:58:42.001 I/InstrumentationBackend( 9984): Added:'DoubleTapCoordinate', with key:'double_tap_coordinate'
12-09 07:58:42.001 I/InstrumentationBackend( 9984): Added:'ClickOnScreen', with key:'click_on_screen'
12-09 07:58:42.001 I/InstrumentationBackend( 9984): Added:'GetActivityName', with key:'get_activity_name'
12-09 07:58:42.001 I/InstrumentationBackend( 9984): Added:'ScrollToView', with key:'scroll_to_view'
12-09 07:58:42.002 I/InstrumentationBackend( 9984): Added:'ViewConfiguration', with key:'view_configuration'
12-09 07:58:42.002 I/InstrumentationBackend( 9984): Added:'IsCurrentActivityFocused', with key:'is_current_activity_focused'
12-09 07:58:42.002 I/InstrumentationBackend( 9984): Added:'SendTcp', with key:'send_tcp'
12-09 07:58:42.002 I/InstrumentationBackend( 9984): Added:'DpToDevicePixel', with key:'dp_to_device_pixel'
12-09 07:58:42.012 I/InstrumentationBackend( 9984): Added:'KeyboardEnterText', with key:'keyboard_enter_text'
12-09 07:58:42.012 I/InstrumentationBackend( 9984): Added:'DeleteSurroundingText', with key:'delete_surrounding_text'
12-09 07:58:42.012 I/InstrumentationBackend( 9984): Added:'SetComposingRegion', with key:'set_composing_region'
12-09 07:58:42.012 I/InstrumentationBackend( 9984): Added:'SetSelection', with key:'set_selection'
12-09 07:58:42.012 I/InstrumentationBackend( 9984): Added:'KeyboardKeyEvent', with key:'keyboard_key_event'
12-09 07:58:42.013 I/InstrumentationBackend( 9984): Added:'PressUserActionButton', with key:'press_user_action_button'
12-09 07:58:42.013 I/InstrumentationBackend( 9984): Added:'HideSoftKeyboard', with key:'hide_soft_keyboard'
12-09 07:58:42.013 I/InstrumentationBackend( 9984): Added:'ListActions', with key:'list_actions'
12-09 07:58:42.013 I/calabash( 9984): Instantiating http server at 7102
12-09 07:58:42.014 I/System.out( 9984): HTTP Daemon listening on: 7102
12-09 07:58:42.083 W/WindowAnimator( 1592): Failed to dispatch window animation state change.
12-09 07:58:42.083 W/WindowAnimator( 1592): android.os.DeadObjectException
12-09 07:58:42.083 W/WindowAnimator( 1592): 	at android.os.BinderProxy.transactNative(Native Method)
12-09 07:58:42.083 W/WindowAnimator( 1592): 	at android.os.BinderProxy.transact(Binder.java:503)
12-09 07:58:42.083 W/WindowAnimator( 1592): 	at android.view.IWindow$Stub$Proxy.onAnimationStopped(IWindow.java:534)
12-09 07:58:42.083 W/WindowAnimator( 1592): 	at com.android.server.wm.WindowAnimator.updateWindowsLocked(WindowAnimator.java:286)
12-09 07:58:42.083 W/WindowAnimator( 1592): 	at com.android.server.wm.WindowAnimator.animateLocked(WindowAnimator.java:678)
12-09 07:58:42.083 W/WindowAnimator( 1592): 	at com.android.server.wm.WindowAnimator.-wrap0(WindowAnimator.java)
12-09 07:58:42.083 W/WindowAnimator( 1592): 	at com.android.server.wm.WindowAnimator$1.doFrame(WindowAnimator.java:123)
12-09 07:58:42.083 W/WindowAnimator( 1592): 	at android.view.Choreographer$CallbackRecord.run(Choreographer.java:856)
12-09 07:58:42.083 W/WindowAnimator( 1592): 	at android.view.Choreographer.doCallbacks(Choreographer.java:670)
12-09 07:58:42.083 W/WindowAnimator( 1592): 	at android.view.Choreographer.doFrame(Choreographer.java:603)
12-09 07:58:42.083 W/WindowAnimator( 1592): 	at android.view.Choreographer$FrameDisplayEventReceiver.run(Choreographer.java:844)
12-09 07:58:42.083 W/WindowAnimator( 1592): 	at android.os.Handler.handleCallback(Handler.java:739)
12-09 07:58:42.083 W/WindowAnimator( 1592): 	at android.os.Handler.dispatchMessage(Handler.java:95)
12-09 07:58:42.083 W/WindowAnimator( 1592): 	at android.os.Looper.loop(Looper.java:148)
12-09 07:58:42.083 W/WindowAnimator( 1592): 	at android.os.HandlerThread.run(HandlerThread.java:61)
12-09 07:58:42.083 W/WindowAnimator( 1592): 	at com.android.server.ServiceThread.run(ServiceThread.java:46)
12-09 07:58:42.231 I/System.out( 9984): URI: //ping
12-09 07:58:42.242 I/System.out( 9984): params: {json={}
12-09 07:58:42.242 I/System.out( 9984): }
12-09 07:58:42.382 I/System.out( 9984): URI: //ping
12-09 07:58:42.382 I/System.out( 9984): params: {json={}
12-09 07:58:42.382 I/System.out( 9984): }
12-09 07:58:42.470 I/System.out( 9984): URI: //ready
12-09 07:58:42.470 I/System.out( 9984): params: {json={}
12-09 07:58:42.470 I/System.out( 9984): }
12-09 07:58:42.535 I/System.out( 9984): URI: //
12-09 07:58:42.535 I/System.out( 9984): params: {json={"command":"version","arguments":[]}
12-09 07:58:42.535 I/System.out( 9984): }
12-09 07:58:42.535 I/System.out( 9984): header: {date=Sun, 09 Dec 2018 07:58:43 GMT, accept=*/*, content-length=36, host=127.0.0.1:34777, user-agent=HTTPClient/1.0 (2.8.3, ruby 2.3.1 (2016-04-26)), content-type=application/json;charset=utf-8}
12-09 07:58:42.535 I/System.out( 9984): params: {json={"command":"version","arguments":[]}
12-09 07:58:42.535 I/System.out( 9984): }
12-09 07:58:42.535 I/System.out( 9984): ProP json = {"command":"version","arguments":[]}
12-09 07:58:42.535 I/System.out( 9984): files: {}
12-09 07:58:42.535 I/System.out( 9984): command: {"command":"version","arguments":[]}
12-09 07:58:42.552 I/InstrumentationBackend( 9984): Got command:'Command:'Line:null,version', arguments:'[]'
12-09 07:58:42.579 I/System.out( 9984): result:{"bonusInformation":[],"message":"0.9.8","success":true}
12-09 07:58:42.760 I/System.out( 9984): URI: //start-application
12-09 07:58:42.760 I/System.out( 9984): params: {json={"intent":null}
12-09 07:58:42.760 I/System.out( 9984): }
12-09 07:58:42.889 I/art     ( 9984): Background partial concurrent mark sweep GC freed 41433(2MB) AllocSpace objects, 15(300KB) LOS objects, 44% free, 1274KB/2MB, paused 946us total 118.576ms
12-09 07:58:42.891 I/ActivityManager( 1592): START u0 {act=android.intent.action.MAIN cat=[android.intent.category.LAUNCHER] flg=0x10200000 cmp=com.evancharlton.mileage/.Mileage} from uid 10125 on display 0
12-09 07:58:42.997 I/calabash( 9984): newActivity1
12-09 07:58:43.107 I/calabash( 9984): newActivity1
12-09 07:58:43.109 W/ActivityManager( 1592): Bad activity token: android.os.BinderProxy@e7a25ac
12-09 07:58:43.109 W/ActivityManager( 1592): java.lang.ClassCastException: android.os.BinderProxy cannot be cast to com.android.server.am.ActivityRecord$Token
12-09 07:58:43.109 W/ActivityManager( 1592): 	at com.android.server.am.ActivityRecord.forTokenLocked(ActivityRecord.java:424)
12-09 07:58:43.109 W/ActivityManager( 1592): 	at com.android.server.am.ActivityRecord.isInStackLocked(ActivityRecord.java:1121)
12-09 07:58:43.109 W/ActivityManager( 1592): 	at com.android.server.am.ActivityRecord.getStackLocked(ActivityRecord.java:1126)
12-09 07:58:43.109 W/ActivityManager( 1592): 	at com.android.server.am.ActivityManagerService.getActivityDisplayId(ActivityManagerService.java:8889)
12-09 07:58:43.109 W/ActivityManager( 1592): 	at android.app.ActivityManagerNative.onTransact(ActivityManagerNative.java:2338)
12-09 07:58:43.109 W/ActivityManager( 1592): 	at com.android.server.am.ActivityManagerService.onTransact(ActivityManagerService.java:2443)
12-09 07:58:43.109 W/ActivityManager( 1592): 	at android.os.Binder.execTransact(Binder.java:453)
12-09 07:58:43.111 W/ActivityManager( 1592): Bad activity token: android.os.BinderProxy@e7a25ac
12-09 07:58:43.111 W/ActivityManager( 1592): java.lang.ClassCastException: android.os.BinderProxy cannot be cast to com.android.server.am.ActivityRecord$Token
12-09 07:58:43.111 W/ActivityManager( 1592): 	at com.android.server.am.ActivityRecord.forTokenLocked(ActivityRecord.java:424)
12-09 07:58:43.111 W/ActivityManager( 1592): 	at com.android.server.am.ActivityRecord.isInStackLocked(ActivityRecord.java:1121)
12-09 07:58:43.111 W/ActivityManager( 1592): 	at com.android.server.am.ActivityManagerService.setTaskDescription(ActivityManagerService.java:8547)
12-09 07:58:43.111 W/ActivityManager( 1592): 	at android.app.ActivityManagerNative.onTransact(ActivityManagerNative.java:2410)
12-09 07:58:43.111 W/ActivityManager( 1592): 	at com.android.server.am.ActivityManagerService.onTransact(ActivityManagerService.java:2443)
12-09 07:58:43.111 W/ActivityManager( 1592): 	at android.os.Binder.execTransact(Binder.java:453)
12-09 07:58:43.204 W/ActivityManager( 1592): Bad activity token: android.os.BinderProxy@e7a25ac
12-09 07:58:43.204 W/ActivityManager( 1592): java.lang.ClassCastException: android.os.BinderProxy cannot be cast to com.android.server.am.ActivityRecord$Token
12-09 07:58:43.204 W/ActivityManager( 1592): 	at com.android.server.am.ActivityRecord.forTokenLocked(ActivityRecord.java:424)
12-09 07:58:43.204 W/ActivityManager( 1592): 	at com.android.server.am.ActivityRecord.isInStackLocked(ActivityRecord.java:1121)
12-09 07:58:43.204 W/ActivityManager( 1592): 	at com.android.server.am.ActivityManagerService.getActivityOptions(ActivityManagerService.java:11038)
12-09 07:58:43.204 W/ActivityManager( 1592): 	at android.app.ActivityManagerNative.onTransact(ActivityManagerNative.java:1734)
12-09 07:58:43.204 W/ActivityManager( 1592): 	at com.android.server.am.ActivityManagerService.onTransact(ActivityManagerService.java:2443)
12-09 07:58:43.204 W/ActivityManager( 1592): 	at android.os.Binder.execTransact(Binder.java:453)
12-09 07:58:43.204 W/ActivityManager( 1592): Bad activity token: android.os.BinderProxy@e7a25ac
12-09 07:58:43.204 W/ActivityManager( 1592): java.lang.ClassCastException: android.os.BinderProxy cannot be cast to com.android.server.am.ActivityRecord$Token
12-09 07:58:43.204 W/ActivityManager( 1592): 	at com.android.server.am.ActivityRecord.forTokenLocked(ActivityRecord.java:424)
12-09 07:58:43.204 W/ActivityManager( 1592): 	at com.android.server.am.ActivityRecord.isInStackLocked(ActivityRecord.java:1121)
12-09 07:58:43.204 W/ActivityManager( 1592): 	at com.android.server.am.ActivityManagerService.getActivityOptions(ActivityManagerService.java:11038)
12-09 07:58:43.204 W/ActivityManager( 1592): 	at android.app.ActivityManagerNative.onTransact(ActivityManagerNative.java:1734)
12-09 07:58:43.204 W/ActivityManager( 1592): 	at com.android.server.am.ActivityManagerService.onTransact(ActivityManagerService.java:2443)
12-09 07:58:43.204 W/ActivityManager( 1592): 	at android.os.Binder.execTransact(Binder.java:453)
12-09 07:58:43.268 D/gralloc_ranchu( 1223): gralloc_alloc: Creating ashmem region of size 3686400
12-09 07:58:43.430 I/art     ( 9984): Background sticky concurrent mark sweep GC freed 1927(342KB) AllocSpace objects, 0(0B) LOS objects, 15% free, 1946KB/2MB, paused 121.360ms total 183.517ms
12-09 07:58:43.625 V/PhoneStatusBar( 1719): setLightsOn(true)
12-09 07:58:43.630 D/gralloc_ranchu( 1223): gralloc_alloc: Creating ashmem region of size 3686400
12-09 07:58:43.636 V/PhoneStatusBar( 1719): setLightsOn(true)
12-09 07:58:43.770 D/EGL_emulation( 1930): eglMakeCurrent: 0x7f708f5b4dc0: ver 2 0 (tinfo 0x7f708f582d00)
12-09 07:58:43.782 E/Surface ( 1930): getSlotFromBufferLocked: unknown buffer: 0x7f708f2cd520
12-09 07:58:43.784 D/        ( 9984): HostConnection::get() New Host Connection established 0x7f708d30c2c0, tid 9984
12-09 07:58:44.288 W/art     ( 1592): Long monitor contention event with owner method=void com.android.server.wm.WindowAnimator$1.doFrame(long) from WindowAnimator.java:121 waiters=1 for 309ms
12-09 07:58:44.333 D/gralloc_ranchu( 1223): gralloc_alloc: Creating ashmem region of size 3686400
12-09 07:58:44.523 I/ActivityManager( 1592): Displayed com.evancharlton.mileage/.Mileage: +1s540ms
12-09 07:58:44.800 I/art     ( 9984): Background partial concurrent mark sweep GC freed 15600(720KB) AllocSpace objects, 1(20KB) LOS objects, 39% free, 1924KB/3MB, paused 21.820ms total 188.117ms
12-09 07:58:45.780 I/System.out( 9984): URI: //map
12-09 07:58:45.780 I/System.out( 9984): params: {json={"query":"android.widget.EditText id:'price'","operation":{"method_name":"query","arguments":[]}}
12-09 07:58:45.780 I/System.out( 9984): }
12-09 07:58:45.844 W/ResourceType( 9984): No package identifier when getting name for resource number 0x00000001
12-09 07:58:45.972 I/System.out( 9984): URI: //gesture
12-09 07:58:45.975 I/System.out( 9984): params: {json={"query_timeout":5.0,"gestures":[{"query_string":"android.widget.EditText id:'price'","touches":[{"x":50,"y":50,"offset_x":0,"offset_y":0,"wait":0.0,"time":0.2,"release":true,"query_string":null}]}]}
12-09 07:58:45.975 I/System.out( 9984): }
12-09 07:58:46.012 W/ResourceType( 9984): No package identifier when getting name for resource number 0x00000001
12-09 07:58:46.424 I/LatinIME( 1862): Starting input. Cursor position = 0,0
12-09 07:58:46.621 D/EGL_emulation( 1862): eglMakeCurrent: 0x7f708b2ba140: ver 2 0 (tinfo 0x7f708b2a99e0)
12-09 07:58:47.058 I/System.out( 9984): URI: //
12-09 07:58:47.058 I/System.out( 9984): params: {json={"command":"set_selection","arguments":[-1,-1]}
12-09 07:58:47.058 I/System.out( 9984): }
12-09 07:58:47.059 I/System.out( 9984): header: {date=Sun, 09 Dec 2018 07:58:47 GMT, accept=*/*, content-length=47, host=127.0.0.1:34777, user-agent=HTTPClient/1.0 (2.8.3, ruby 2.3.1 (2016-04-26)), content-type=application/json;charset=utf-8}
12-09 07:58:47.059 I/System.out( 9984): params: {json={"command":"set_selection","arguments":[-1,-1]}
12-09 07:58:47.059 I/System.out( 9984): }
12-09 07:58:47.059 I/System.out( 9984): ProP json = {"command":"set_selection","arguments":[-1,-1]}
12-09 07:58:47.059 I/System.out( 9984): files: {}
12-09 07:58:47.059 I/System.out( 9984): command: {"command":"set_selection","arguments":[-1,-1]}
12-09 07:58:47.068 I/InstrumentationBackend( 9984): Got command:'Command:'Line:null,set_selection', arguments:'[-1, -1]'
12-09 07:58:47.108 I/System.out( 9984): result:{"bonusInformation":[],"message":"","success":true}
12-09 07:58:47.440 I/System.out( 9984): URI: //
12-09 07:58:47.440 I/System.out( 9984): params: {json={"command":"keyboard_enter_text","arguments":["98879898249712372391"]}
12-09 07:58:47.440 I/System.out( 9984): }
12-09 07:58:47.440 I/System.out( 9984): header: {date=Sun, 09 Dec 2018 07:58:47 GMT, accept=*/*, content-length=70, host=127.0.0.1:34777, user-agent=HTTPClient/1.0 (2.8.3, ruby 2.3.1 (2016-04-26)), content-type=application/json;charset=utf-8}
12-09 07:58:47.440 I/System.out( 9984): params: {json={"command":"keyboard_enter_text","arguments":["98879898249712372391"]}
12-09 07:58:47.440 I/System.out( 9984): }
12-09 07:58:47.440 I/System.out( 9984): ProP json = {"command":"keyboard_enter_text","arguments":["98879898249712372391"]}
12-09 07:58:47.440 I/System.out( 9984): files: {}
12-09 07:58:47.440 I/System.out( 9984): command: {"command":"keyboard_enter_text","arguments":["98879898249712372391"]}
12-09 07:58:47.441 I/InstrumentationBackend( 9984): Got command:'Command:'Line:null,keyboard_enter_text', arguments:'[98879898249712372391]'
12-09 07:58:47.442 E/SpannableStringBuilder( 9984): SPAN_EXCLUSIVE_EXCLUSIVE spans cannot have a zero length
12-09 07:58:47.442 E/SpannableStringBuilder( 9984): SPAN_EXCLUSIVE_EXCLUSIVE spans cannot have a zero length
12-09 07:58:47.565 E/SpannableStringBuilder( 9984): SPAN_EXCLUSIVE_EXCLUSIVE spans cannot have a zero length
12-09 07:58:47.565 E/SpannableStringBuilder( 9984): SPAN_EXCLUSIVE_EXCLUSIVE spans cannot have a zero length
12-09 07:58:47.622 I/System.out( 9984): result:{"bonusInformation":[],"message":"","success":true}
12-09 07:58:48.131 E/SurfaceFlinger( 1223): ro.sf.lcd_density must be defined as a build property
12-09 07:58:48.133 D/gralloc_ranchu( 1223): gralloc_alloc: Creating ashmem region of size 3686400
12-09 07:58:48.170 D/        (10015): HostConnection::get() New Host Connection established 0x7f4d84d52480, tid 10015
12-09 07:58:48.223 E/EGL_emulation( 1223): tid 1223: eglCreateSyncKHR(1881): error 0x3004 (EGL_BAD_ATTRIBUTE)
12-09 07:58:49.245 I/System.out( 9984): URI: //map
12-09 07:58:49.245 I/System.out( 9984): params: {json={"query":"android.widget.EditText id:'volume'","operation":{"method_name":"query","arguments":[]}}
12-09 07:58:49.245 I/System.out( 9984): }
12-09 07:58:49.294 W/ResourceType( 9984): No package identifier when getting name for resource number 0x00000001
12-09 07:58:49.324 W/art     ( 9984): Suspending all threads took: 11.700ms
12-09 07:58:49.379 I/art     ( 9984): Background partial concurrent mark sweep GC freed 25939(1340KB) AllocSpace objects, 7(140KB) LOS objects, 40% free, 3MB/5MB, paused 16.248ms total 120.842ms
12-09 07:58:49.416 I/System.out( 9984): URI: //gesture
12-09 07:58:49.419 I/System.out( 9984): params: {json={"query_timeout":5.0,"gestures":[{"query_string":"android.widget.EditText id:'volume'","touches":[{"x":50,"y":50,"offset_x":0,"offset_y":0,"wait":0.0,"time":0.2,"release":true,"query_string":null}]}]}
12-09 07:58:49.420 I/System.out( 9984): }
12-09 07:58:49.430 W/ResourceType( 9984): No package identifier when getting name for resource number 0x00000001
12-09 07:58:49.767 D/gralloc_ranchu( 1223): gralloc_alloc: Creating ashmem region of size 3686400
12-09 07:58:49.797 I/LatinIME( 1862): Starting input. Cursor position = 0,0
12-09 07:58:50.342 I/System.out( 9984): URI: //
12-09 07:58:50.342 I/System.out( 9984): params: {json={"command":"set_selection","arguments":[-1,-1]}
12-09 07:58:50.342 I/System.out( 9984): }
12-09 07:58:50.342 I/System.out( 9984): header: {date=Sun, 09 Dec 2018 07:58:50 GMT, accept=*/*, content-length=47, host=127.0.0.1:34777, user-agent=HTTPClient/1.0 (2.8.3, ruby 2.3.1 (2016-04-26)), content-type=application/json;charset=utf-8}
12-09 07:58:50.342 I/System.out( 9984): params: {json={"command":"set_selection","arguments":[-1,-1]}
12-09 07:58:50.342 I/System.out( 9984): }
12-09 07:58:50.343 I/System.out( 9984): ProP json = {"command":"set_selection","arguments":[-1,-1]}
12-09 07:58:50.343 I/System.out( 9984): files: {}
12-09 07:58:50.343 I/System.out( 9984): command: {"command":"set_selection","arguments":[-1,-1]}
12-09 07:58:50.344 I/InstrumentationBackend( 9984): Got command:'Command:'Line:null,set_selection', arguments:'[-1, -1]'
12-09 07:58:50.362 I/System.out( 9984): result:{"bonusInformation":[],"message":"","success":true}
12-09 07:58:50.536 I/System.out( 9984): URI: //
12-09 07:58:50.536 I/System.out( 9984): params: {json={"command":"keyboard_enter_text","arguments":["98879891284721092831"]}
12-09 07:58:50.536 I/System.out( 9984): }
12-09 07:58:50.536 I/System.out( 9984): header: {date=Sun, 09 Dec 2018 07:58:51 GMT, accept=*/*, content-length=70, host=127.0.0.1:34777, user-agent=HTTPClient/1.0 (2.8.3, ruby 2.3.1 (2016-04-26)), content-type=application/json;charset=utf-8}
12-09 07:58:50.536 I/System.out( 9984): params: {json={"command":"keyboard_enter_text","arguments":["98879891284721092831"]}
12-09 07:58:50.536 I/System.out( 9984): }
12-09 07:58:50.536 I/System.out( 9984): ProP json = {"command":"keyboard_enter_text","arguments":["98879891284721092831"]}
12-09 07:58:50.536 I/System.out( 9984): files: {}
12-09 07:58:50.536 I/System.out( 9984): command: {"command":"keyboard_enter_text","arguments":["98879891284721092831"]}
12-09 07:58:50.537 I/InstrumentationBackend( 9984): Got command:'Command:'Line:null,keyboard_enter_text', arguments:'[98879891284721092831]'
12-09 07:58:50.538 E/SpannableStringBuilder( 9984): SPAN_EXCLUSIVE_EXCLUSIVE spans cannot have a zero length
12-09 07:58:50.538 E/SpannableStringBuilder( 9984): SPAN_EXCLUSIVE_EXCLUSIVE spans cannot have a zero length
12-09 07:58:50.556 E/SpannableStringBuilder( 9984): SPAN_EXCLUSIVE_EXCLUSIVE spans cannot have a zero length
12-09 07:58:50.556 E/SpannableStringBuilder( 9984): SPAN_EXCLUSIVE_EXCLUSIVE spans cannot have a zero length
12-09 07:58:50.565 I/System.out( 9984): result:{"bonusInformation":[],"message":"","success":true}
12-09 07:58:51.092 E/SurfaceFlinger( 1223): ro.sf.lcd_density must be defined as a build property
12-09 07:58:51.123 D/gralloc_ranchu( 1223): gralloc_alloc: Creating ashmem region of size 3686400
12-09 07:58:51.243 D/        (10025): HostConnection::get() New Host Connection established 0x7fbc36852480, tid 10025
12-09 07:58:51.260 E/EGL_emulation( 1223): tid 1223: eglCreateSyncKHR(1881): error 0x3004 (EGL_BAD_ATTRIBUTE)
12-09 07:58:52.136 I/System.out( 9984): URI: //map
12-09 07:58:52.136 I/System.out( 9984): params: {json={"query":"android.widget.EditText id:'odometer'","operation":{"method_name":"query","arguments":[]}}
12-09 07:58:52.136 I/System.out( 9984): }
12-09 07:58:52.183 W/ResourceType( 9984): No package identifier when getting name for resource number 0x00000001
12-09 07:58:52.264 I/System.out( 9984): URI: //gesture
12-09 07:58:52.264 I/System.out( 9984): params: {json={"query_timeout":5.0,"gestures":[{"query_string":"android.widget.EditText id:'odometer'","touches":[{"x":50,"y":50,"offset_x":0,"offset_y":0,"wait":0.0,"time":0.2,"release":true,"query_string":null}]}]}
12-09 07:58:52.264 I/System.out( 9984): }
12-09 07:58:52.354 I/art     ( 9984): Background sticky concurrent mark sweep GC freed 72671(3MB) AllocSpace objects, 9(180KB) LOS objects, 44% free, 2MB/5MB, paused 950us total 153.906ms
12-09 07:58:52.357 W/ResourceType( 9984): No package identifier when getting name for resource number 0x00000001
12-09 07:58:52.672 I/LatinIME( 1862): Starting input. Cursor position = 0,0
12-09 07:58:53.069 I/art     ( 1862): Background partial concurrent mark sweep GC freed 6927(464KB) AllocSpace objects, 3(76KB) LOS objects, 39% free, 2MB/3MB, paused 933us total 113.857ms
12-09 07:58:53.384 I/System.out( 9984): URI: //
12-09 07:58:53.384 I/System.out( 9984): params: {json={"command":"set_selection","arguments":[-1,-1]}
12-09 07:58:53.384 I/System.out( 9984): }
12-09 07:58:53.384 I/System.out( 9984): header: {date=Sun, 09 Dec 2018 07:58:53 GMT, accept=*/*, content-length=47, host=127.0.0.1:34777, user-agent=HTTPClient/1.0 (2.8.3, ruby 2.3.1 (2016-04-26)), content-type=application/json;charset=utf-8}
12-09 07:58:53.384 I/System.out( 9984): params: {json={"command":"set_selection","arguments":[-1,-1]}
12-09 07:58:53.384 I/System.out( 9984): }
12-09 07:58:53.384 I/System.out( 9984): ProP json = {"command":"set_selection","arguments":[-1,-1]}
12-09 07:58:53.384 I/System.out( 9984): files: {}
12-09 07:58:53.384 I/System.out( 9984): command: {"command":"set_selection","arguments":[-1,-1]}
12-09 07:58:53.385 I/InstrumentationBackend( 9984): Got command:'Command:'Line:null,set_selection', arguments:'[-1, -1]'
12-09 07:58:53.425 I/System.out( 9984): result:{"bonusInformation":[],"message":"","success":true}
12-09 07:58:53.566 I/art     ( 9984): Background sticky concurrent mark sweep GC freed 59066(2MB) AllocSpace objects, 5(100KB) LOS objects, 53% free, 2MB/5MB, paused 8.469ms total 117.187ms
12-09 07:58:53.641 I/System.out( 9984): URI: //
12-09 07:58:53.641 I/System.out( 9984): params: {json={"command":"keyboard_enter_text","arguments":["74394723984721092831"]}
12-09 07:58:53.641 I/System.out( 9984): }
12-09 07:58:53.641 I/System.out( 9984): header: {date=Sun, 09 Dec 2018 07:58:54 GMT, accept=*/*, content-length=70, host=127.0.0.1:34777, user-agent=HTTPClient/1.0 (2.8.3, ruby 2.3.1 (2016-04-26)), content-type=application/json;charset=utf-8}
12-09 07:58:53.641 I/System.out( 9984): params: {json={"command":"keyboard_enter_text","arguments":["74394723984721092831"]}
12-09 07:58:53.641 I/System.out( 9984): }
12-09 07:58:53.641 I/System.out( 9984): ProP json = {"command":"keyboard_enter_text","arguments":["74394723984721092831"]}
12-09 07:58:53.641 I/System.out( 9984): files: {}
12-09 07:58:53.641 I/System.out( 9984): command: {"command":"keyboard_enter_text","arguments":["74394723984721092831"]}
12-09 07:58:53.642 I/InstrumentationBackend( 9984): Got command:'Command:'Line:null,keyboard_enter_text', arguments:'[74394723984721092831]'
12-09 07:58:53.702 E/SpannableStringBuilder( 9984): SPAN_EXCLUSIVE_EXCLUSIVE spans cannot have a zero length
12-09 07:58:53.702 E/SpannableStringBuilder( 9984): SPAN_EXCLUSIVE_EXCLUSIVE spans cannot have a zero length
12-09 07:58:53.796 E/SpannableStringBuilder( 9984): SPAN_EXCLUSIVE_EXCLUSIVE spans cannot have a zero length
12-09 07:58:53.796 E/SpannableStringBuilder( 9984): SPAN_EXCLUSIVE_EXCLUSIVE spans cannot have a zero length
12-09 07:58:53.854 I/System.out( 9984): result:{"bonusInformation":[],"message":"","success":true}
12-09 07:58:54.308 E/SurfaceFlinger( 1223): ro.sf.lcd_density must be defined as a build property
12-09 07:58:54.341 D/gralloc_ranchu( 1223): gralloc_alloc: Creating ashmem region of size 3686400
12-09 07:58:54.371 D/        (10036): HostConnection::get() New Host Connection established 0x7f94af012480, tid 10036
12-09 07:58:54.397 E/EGL_emulation( 1223): tid 1223: eglCreateSyncKHR(1881): error 0x3004 (EGL_BAD_ATTRIBUTE)
12-09 07:58:56.300 I/System.out( 9984): URI: //map
12-09 07:58:56.316 I/System.out( 9984): params: {json={"query":"android.widget.Button index:2","operation":{"method_name":"query","arguments":[]}}
12-09 07:58:56.316 I/System.out( 9984): }
12-09 07:58:56.536 I/System.out( 9984): URI: //gesture
12-09 07:58:56.536 I/System.out( 9984): params: {json={"query_timeout":5.0,"gestures":[{"query_string":"android.widget.Button index:2","touches":[{"x":50,"y":50,"offset_x":0,"offset_y":0,"wait":0.0,"time":0.2,"release":true,"query_string":null}]}]}
12-09 07:58:56.536 I/System.out( 9984): }
12-09 07:58:57.083 W/audio_hw_generic( 1307): Hardware backing HAL too slow, could only write 0 of 661 frames
12-09 07:58:57.088 W/audio_hw_generic( 1307): Hardware backing HAL too slow, could only write 0 of 661 frames
12-09 07:58:57.108 W/audio_hw_generic( 1307): Hardware backing HAL too slow, could only write 0 of 661 frames
12-09 07:58:57.223 I/calabash( 9984): newActivity1
12-09 07:58:57.237 W/ActivityManager( 1592): Bad activity token: android.os.BinderProxy@1387f86
12-09 07:58:57.237 W/ActivityManager( 1592): java.lang.ClassCastException: android.os.BinderProxy cannot be cast to com.android.server.am.ActivityRecord$Token
12-09 07:58:57.237 W/ActivityManager( 1592): 	at com.android.server.am.ActivityRecord.forTokenLocked(ActivityRecord.java:424)
12-09 07:58:57.237 W/ActivityManager( 1592): 	at com.android.server.am.ActivityRecord.isInStackLocked(ActivityRecord.java:1121)
12-09 07:58:57.237 W/ActivityManager( 1592): 	at com.android.server.am.ActivityRecord.getStackLocked(ActivityRecord.java:1126)
12-09 07:58:57.237 W/ActivityManager( 1592): 	at com.android.server.am.ActivityManagerService.getActivityDisplayId(ActivityManagerService.java:8889)
12-09 07:58:57.237 W/ActivityManager( 1592): 	at android.app.ActivityManagerNative.onTransact(ActivityManagerNative.java:2338)
12-09 07:58:57.237 W/ActivityManager( 1592): 	at com.android.server.am.ActivityManagerService.onTransact(ActivityManagerService.java:2443)
12-09 07:58:57.237 W/ActivityManager( 1592): 	at android.os.Binder.execTransact(Binder.java:453)
12-09 07:58:57.237 W/ActivityManager( 1592): Bad activity token: android.os.BinderProxy@1387f86
12-09 07:58:57.237 W/ActivityManager( 1592): java.lang.ClassCastException: android.os.BinderProxy cannot be cast to com.android.server.am.ActivityRecord$Token
12-09 07:58:57.237 W/ActivityManager( 1592): 	at com.android.server.am.ActivityRecord.forTokenLocked(ActivityRecord.java:424)
12-09 07:58:57.237 W/ActivityManager( 1592): 	at com.android.server.am.ActivityRecord.isInStackLocked(ActivityRecord.java:1121)
12-09 07:58:57.237 W/ActivityManager( 1592): 	at com.android.server.am.ActivityManagerService.setTaskDescription(ActivityManagerService.java:8547)
12-09 07:58:57.237 W/ActivityManager( 1592): 	at android.app.ActivityManagerNative.onTransact(ActivityManagerNative.java:2410)
12-09 07:58:57.237 W/ActivityManager( 1592): 	at com.android.server.am.ActivityManagerService.onTransact(ActivityManagerService.java:2443)
12-09 07:58:57.237 W/ActivityManager( 1592): 	at android.os.Binder.execTransact(Binder.java:453)
12-09 07:58:57.290 W/ActivityManager( 1592): Bad activity token: android.os.BinderProxy@1387f86
12-09 07:58:57.290 W/ActivityManager( 1592): java.lang.ClassCastException: android.os.BinderProxy cannot be cast to com.android.server.am.ActivityRecord$Token
12-09 07:58:57.290 W/ActivityManager( 1592): 	at com.android.server.am.ActivityRecord.forTokenLocked(ActivityRecord.java:424)
12-09 07:58:57.290 W/ActivityManager( 1592): 	at com.android.server.am.ActivityRecord.isInStackLocked(ActivityRecord.java:1121)
12-09 07:58:57.290 W/ActivityManager( 1592): 	at com.android.server.am.ActivityManagerService.getActivityOptions(ActivityManagerService.java:11038)
12-09 07:58:57.290 W/ActivityManager( 1592): 	at android.app.ActivityManagerNative.onTransact(ActivityManagerNative.java:1734)
12-09 07:58:57.290 W/ActivityManager( 1592): 	at com.android.server.am.ActivityManagerService.onTransact(ActivityManagerService.java:2443)
12-09 07:58:57.290 W/ActivityManager( 1592): 	at android.os.Binder.execTransact(Binder.java:453)
12-09 07:58:57.290 W/ActivityManager( 1592): Bad activity token: android.os.BinderProxy@1387f86
12-09 07:58:57.290 W/ActivityManager( 1592): java.lang.ClassCastException: android.os.BinderProxy cannot be cast to com.android.server.am.ActivityRecord$Token
12-09 07:58:57.290 W/ActivityManager( 1592): 	at com.android.server.am.ActivityRecord.forTokenLocked(ActivityRecord.java:424)
12-09 07:58:57.290 W/ActivityManager( 1592): 	at com.android.server.am.ActivityRecord.isInStackLocked(ActivityRecord.java:1121)
12-09 07:58:57.290 W/ActivityManager( 1592): 	at com.android.server.am.ActivityManagerService.getActivityOptions(ActivityManagerService.java:11038)
12-09 07:58:57.290 W/ActivityManager( 1592): 	at android.app.ActivityManagerNative.onTransact(ActivityManagerNative.java:1734)
12-09 07:58:57.290 W/ActivityManager( 1592): 	at com.android.server.am.ActivityManagerService.onTransact(ActivityManagerService.java:2443)
12-09 07:58:57.290 W/ActivityManager( 1592): 	at android.os.Binder.execTransact(Binder.java:453)
12-09 07:58:57.348 W/audio_hw_generic( 1307): Not supplying enough data to HAL, expected position 19118995 , only wrote 19118764
12-09 07:58:57.348 W/audio_hw_generic( 1307): Not supplying enough data to HAL, expected position 19118774 , only wrote 19118764
12-09 07:58:57.390 I/LatinIME( 1862): Starting input. Cursor position = -1,-1
12-09 07:58:57.441 I/art     ( 9984): Background sticky concurrent mark sweep GC freed 55523(2MB) AllocSpace objects, 3(60KB) LOS objects, 45% free, 2MB/5MB, paused 12.700ms total 102.910ms
12-09 07:58:57.466 D/Mileage.ABS( 9984): Finished backup
12-09 07:58:57.472 D/Mileage.ABS( 9984): Not backing up; 40
12-09 07:58:57.472 D/Mileage.ABS( 9984): Not backing up; 40
12-09 07:58:57.486 E/SurfaceFlinger( 1223): ro.sf.lcd_density must be defined as a build property
12-09 07:58:57.490 D/gralloc_ranchu( 1223): gralloc_alloc: Creating ashmem region of size 3686400
12-09 07:58:57.529 D/Mileage ( 9984): Recalculating
12-09 07:58:57.564 D/        (10043): HostConnection::get() New Host Connection established 0x7f0bf1dd2480, tid 10043
12-09 07:58:57.581 E/EGL_emulation( 1223): tid 1223: eglCreateSyncKHR(1881): error 0x3004 (EGL_BAD_ATTRIBUTE)
12-09 07:58:57.786 W/audio_hw_generic( 1307): Not supplying enough data to HAL, expected position 19138074 , only wrote 19137933
12-09 07:58:57.872 W/audio_hw_generic( 1307): Not supplying enough data to HAL, expected position 19141718 , only wrote 19140577
12-09 07:58:57.872 W/audio_hw_generic( 1307): Not supplying enough data to HAL, expected position 19140583 , only wrote 19140577
12-09 07:58:57.904 W/audio_hw_generic( 1307): Not supplying enough data to HAL, expected position 19141994 , only wrote 19141238
12-09 07:58:58.030 D/Mileage.ABS( 9984): Not backing up; 598
12-09 07:58:58.031 D/FillupAdapter( 9984): Average economy: 0.7523746539172881
12-09 07:58:58.041 W/RichInputConnection( 1862): Slow InputConnection: GET_TEXT_BEFORE_CURSOR took 200 ms.
12-09 07:58:58.120 W/audio_hw_generic( 1307): Not supplying enough data to HAL, expected position 19150760 , only wrote 19150492
12-09 07:58:58.120 W/audio_hw_generic( 1307): Not supplying enough data to HAL, expected position 19150498 , only wrote 19150492
12-09 07:58:58.136 W/audio_hw_generic( 1307): Not supplying enough data to HAL, expected position 19151197 , only wrote 19151153
12-09 07:58:58.170 W/audio_hw_generic( 1307): Not supplying enough data to HAL, expected position 19152653 , only wrote 19152475
12-09 07:58:58.258 I/InputAttributes( 1862): InputType.TYPE_NULL is specified
12-09 07:58:58.286 I/Choreographer( 1862): Skipped 54 frames!  The application may be doing too much work on its main thread.
12-09 07:58:58.323 W/audio_hw_generic( 1307): Not supplying enough data to HAL, expected position 19159195 , only wrote 19159085
12-09 07:58:58.383 D/EGL_emulation( 1862): eglMakeCurrent: 0x7f708b2ba140: ver 2 0 (tinfo 0x7f708b2a99e0)
12-09 07:58:58.387 E/Surface ( 1862): getSlotFromBufferLocked: unknown buffer: 0x7f7083962500
12-09 07:58:58.615 W/audio_hw_generic( 1307): Not supplying enough data to HAL, expected position 19171974 , only wrote 19171644
12-09 07:58:58.615 W/audio_hw_generic( 1307): Not supplying enough data to HAL, expected position 19171650 , only wrote 19171644
12-09 07:58:58.644 W/audio_hw_generic( 1307): Not supplying enough data to HAL, expected position 19172943 , only wrote 19172305
12-09 07:58:58.663 I/System.out( 9984): URI: //gesture
12-09 07:58:58.663 I/System.out( 9984): params: {json={"query_timeout":5.0,"gestures":[{"query_string":"android.widget.TabWidget descendant TextView index:0","touches":[{"x":50,"y":50,"offset_x":0,"offset_y":0,"wait":0.0,"time":0.2,"release":true,"query_string":null}]}]}
12-09 07:58:58.663 I/System.out( 9984): }
12-09 07:58:59.236 W/audio_hw_generic( 1307): Hardware backing HAL too slow, could only write 0 of 661 frames
12-09 07:58:59.236 W/audio_hw_generic( 1307): Not supplying enough data to HAL, expected position 19198401 , only wrote 19196762
12-09 07:58:59.236 W/audio_hw_generic( 1307): Not supplying enough data to HAL, expected position 19196767 , only wrote 19196762
12-09 07:58:59.251 W/audio_hw_generic( 1307): Hardware backing HAL too slow, could only write 0 of 661 frames
12-09 07:58:59.288 W/audio_hw_generic( 1307): Hardware backing HAL too slow, could only write 0 of 661 frames
12-09 07:58:59.366 W/audio_hw_generic( 1307): Not supplying enough data to HAL, expected position 19202465 , only wrote 19202050
12-09 07:58:59.366 W/audio_hw_generic( 1307): Not supplying enough data to HAL, expected position 19202056 , only wrote 19202050
12-09 07:58:59.388 W/audio_hw_generic( 1307): Not supplying enough data to HAL, expected position 19203027 , only wrote 19202711
12-09 07:58:59.396 D/hwcomposer( 1223): hw_composer sent 741 syncs in 60s
12-09 07:58:59.516 D/AudioFlinger( 1307): mixer(0xf4380000) throttle end: throttle time(22)
12-09 07:58:59.608 W/audio_hw_generic( 1307): Hardware backing HAL too slow, could only write 0 of 661 frames
12-09 07:58:59.614 I/art     ( 9984): Background sticky concurrent mark sweep GC freed 53875(2MB) AllocSpace objects, 2(40KB) LOS objects, 45% free, 2MB/5MB, paused 4.273ms total 106.193ms
12-09 07:58:59.660 W/audio_hw_generic( 1307): Not supplying enough data to HAL, expected position 19214717 , only wrote 19213287
12-09 07:58:59.710 W/audio_hw_generic( 1307): Hardware backing HAL too slow, could only write 0 of 661 frames
12-09 07:58:59.995 W/audio_hw_generic( 1307): Hardware backing HAL too slow, could only write 0 of 661 frames
12-09 07:59:00.182 W/audio_hw_generic( 1307): Hardware backing HAL too slow, could only write 0 of 661 frames
12-09 07:59:00.220 W/audio_hw_generic( 1307): Hardware backing HAL too slow, could only write 0 of 661 frames
12-09 07:59:00.533 W/audio_hw_generic( 1307): Not supplying enough data to HAL, expected position 19251782 , only wrote 19249642
12-09 07:59:00.533 W/audio_hw_generic( 1307): Not supplying enough data to HAL, expected position 19249648 , only wrote 19249642
12-09 07:59:00.566 W/audio_hw_generic( 1307): Not supplying enough data to HAL, expected position 19251090 , only wrote 19250964
12-09 07:59:00.566 W/audio_hw_generic( 1307): Not supplying enough data to HAL, expected position 19250970 , only wrote 19250964
12-09 07:59:00.567 I/System.out( 9984): URI: //map
12-09 07:59:00.567 I/System.out( 9984): params: {json={"query":"android.widget.EditText id:'price'","operation":{"method_name":"query","arguments":[]}}
12-09 07:59:00.567 I/System.out( 9984): }
12-09 07:59:00.605 W/ResourceType( 9984): No package identifier when getting name for resource number 0x00000001
12-09 07:59:00.624 W/audio_hw_generic( 1307): Hardware backing HAL too slow, could only write 0 of 661 frames
12-09 07:59:00.636 W/audio_hw_generic( 1307): Hardware backing HAL too slow, could only write 0 of 661 frames
12-09 07:59:00.666 W/audio_hw_generic( 1307): Hardware backing HAL too slow, could only write 0 of 661 frames
12-09 07:59:00.828 W/audio_hw_generic( 1307): Not supplying enough data to HAL, expected position 19262509 , only wrote 19262201
12-09 07:59:00.828 W/audio_hw_generic( 1307): Not supplying enough data to HAL, expected position 19262207 , only wrote 19262201
12-09 07:59:00.870 I/System.out( 9984): URI: //gesture
12-09 07:59:00.870 I/System.out( 9984): params: {json={"query_timeout":5.0,"gestures":[{"query_string":"android.widget.EditText id:'price'","touches":[{"x":50,"y":50,"offset_x":0,"offset_y":0,"wait":0.0,"time":0.2,"release":true,"query_string":null}]}]}
12-09 07:59:00.870 I/System.out( 9984): }
12-09 07:59:01.084 I/art     ( 9984): Background sticky concurrent mark sweep GC freed 57323(2MB) AllocSpace objects, 4(80KB) LOS objects, 43% free, 3MB/5MB, paused 2.838ms total 183.968ms
12-09 07:59:01.104 W/ResourceType( 9984): No package identifier when getting name for resource number 0x00000001
12-09 07:59:01.160 W/audio_hw_generic( 1307): Not supplying enough data to HAL, expected position 19276822 , only wrote 19276743
12-09 07:59:01.160 W/audio_hw_generic( 1307): Hardware backing HAL too slow, could only write 0 of 661 frames
12-09 07:59:01.476 W/audio_hw_generic( 1307): Not supplying enough data to HAL, expected position 19290696 , only wrote 19289963
12-09 07:59:01.476 W/audio_hw_generic( 1307): Not supplying enough data to HAL, expected position 19289969 , only wrote 19289963
12-09 07:59:01.485 I/LatinIME( 1862): Starting input. Cursor position = 0,0
12-09 07:59:01.492 W/audio_hw_generic( 1307): Not supplying enough data to HAL, expected position 19290647 , only wrote 19290624
12-09 07:59:01.639 W/audio_hw_generic( 1307): Hardware backing HAL too slow, could only write 0 of 661 frames
12-09 07:59:01.699 D/EGL_emulation( 1862): eglMakeCurrent: 0x7f708b2ba140: ver 2 0 (tinfo 0x7f708b2a99e0)
12-09 07:59:02.048 W/audio_hw_generic( 1307): Not supplying enough data to HAL, expected position 19315142 , only wrote 19315081
12-09 07:59:02.048 W/audio_hw_generic( 1307): Hardware backing HAL too slow, could only write 0 of 661 frames
