--------- beginning of main
12-09 07:47:56.922 W/art     ( 1593): Long monitor contention event with owner method=void com.android.server.wm.WindowAnimator$1.doFrame(long) from WindowAnimator.java:121 waiters=1 for 196ms
12-09 07:47:56.990 D/EGL_emulation( 1945): eglMakeCurrent: 0x7f9aed3a1d20: ver 2 0 (tinfo 0x7f9aed3828e0)
12-09 07:47:57.210 W/art     ( 1593): Long monitor contention event with owner method=void com.android.server.wm.WindowAnimator$1.doFrame(long) from WindowAnimator.java:121 waiters=0 for 137ms
--------- beginning of system
12-09 07:47:57.242 W/InputMethodManagerService( 1593): Window already focused, ignoring focus gain of: com.android.internal.view.IInputMethodClient$Stub$Proxy@2ce2c09 attribute=null, token = android.os.BinderProxy@f888460
12-09 07:47:57.616 W/OpenGLRenderer( 1945): Incorrectly called buildLayer on View: ShortcutAndWidgetContainer, destroying layer...
12-09 07:47:58.007 D/AndroidRuntime( 6980): >>>>>> START com.android.internal.os.RuntimeInit uid 0 <<<<<<
12-09 07:47:58.008 D/AndroidRuntime( 6980): CheckJNI is ON
12-09 07:47:58.062 D/ICU     ( 6980): No timezone override file found: /data/misc/zoneinfo/current/icu/icu_tzdata.dat
12-09 07:47:58.384 E/memtrack( 6980): Couldn't load memtrack module (No such file or directory)
12-09 07:47:58.388 E/android.os.Debug( 6980): failed to load memtrack module: -2
12-09 07:47:58.389 I/Radio-JNI( 6980): register_android_hardware_Radio DONE
12-09 07:47:58.408 D/AndroidRuntime( 6980): Calling main entry com.android.commands.am.Am
12-09 07:47:58.425 I/ActivityManager( 1593): Force stopping com.evancharlton.mileage appid=10121 user=0: start instr
12-09 07:47:58.426 I/ActivityManager( 1593): Killing 6950:com.evancharlton.mileage/u0a121 (adj 0): stop com.evancharlton.mileage
12-09 07:47:58.528 W/ActivityManager( 1593): Crash of app com.evancharlton.mileage running instrumentation ComponentInfo{com.evancharlton.mileage.test/sh.calaba.instrumentationbackend.ClearAppData2}
12-09 07:47:58.529 I/ActivityManager( 1593): Force stopping com.evancharlton.mileage appid=10121 user=0: finished inst
12-09 07:47:58.769 I/ActivityManager( 1593): Start proc 6989:com.evancharlton.mileage/u0a121 for added application com.evancharlton.mileage
12-09 07:47:58.777 D/AndroidRuntime( 6980): Shutting down VM
12-09 07:47:58.785 W/art     ( 1593): Long monitor contention event with owner method=boolean com.android.server.am.ActivityManagerService.startInstrumentation(android.content.ComponentName, java.lang.String, int, android.os.Bundle, android.app.IInstrumentationWatcher, android.app.IUiAutomationConnection, int, java.lang.String) from ActivityManagerService.java:17066 waiters=0 for 336ms
12-09 07:47:58.785 W/art     ( 1593): Long monitor contention event with owner method=boolean com.android.server.am.ActivityManagerService.startInstrumentation(android.content.ComponentName, java.lang.String, int, android.os.Bundle, android.app.IInstrumentationWatcher, android.app.IUiAutomationConnection, int, java.lang.String) from ActivityManagerService.java:17066 waiters=1 for 303ms
12-09 07:47:58.785 W/ActivityManager( 1593): Spurious death for ProcessRecord{b29ae0e 0:com.evancharlton.mileage/u0a121}, curProc for 6950: null
12-09 07:47:59.086 W/System  ( 6989): ClassLoader referenced unknown path: /data/app/com.evancharlton.mileage.test-1/lib/x86_64
12-09 07:47:59.086 W/System  ( 6989): ClassLoader referenced unknown path: /data/app/com.evancharlton.mileage-1/lib/x86_64
12-09 07:47:59.204 I/System.out( 6989): Main activity name automatically set to: com.evancharlton.mileage.Mileage
12-09 07:47:59.208 I/System.out( 6989): Calabash did not load Mono. This is only a problem if you are trying to test a Mono application
12-09 07:47:59.209 I/calabash( 6989): Test server port: 7102
12-09 07:47:59.210 I/InstrumentationBackend( 6989): Added:'GetPreferences', with key:'get_preferences'
12-09 07:47:59.262 I/InstrumentationBackend( 6989): Added:'SetPreferences', with key:'set_preferences'
12-09 07:47:59.262 I/InstrumentationBackend( 6989): Added:'ClearPreferences', with key:'clear_preferences'
12-09 07:47:59.263 I/InstrumentationBackend( 6989): Added:'PressElement', with key:'press_l10n_element'
12-09 07:47:59.263 I/InstrumentationBackend( 6989): Added:'WaitForElement', with key:'wait_for_l10n_element'
12-09 07:47:59.263 I/InstrumentationBackend( 6989): Added:'NullAction', with key:'nullAction'
12-09 07:47:59.263 I/InstrumentationBackend( 6989): Added:'PressKey', with key:'press_key'
12-09 07:47:59.263 I/InstrumentationBackend( 6989): Added:'SetActivityOrientation', with key:'set_activity_orientation'
12-09 07:47:59.264 I/InstrumentationBackend( 6989): Added:'GetActivityOrientation', with key:'get_activity_orientation'
12-09 07:47:59.264 I/InstrumentationBackend( 6989): Added:'FakeGPSLocation', with key:'set_gps_coordinates'
12-09 07:47:59.264 I/InstrumentationBackend( 6989): Added:'SetPropertyByCssSelector', with key:'set_property_by_css_selector'
12-09 07:47:59.268 I/InstrumentationBackend( 6989): Added:'GetUrl', with key:'get_url'
12-09 07:47:59.269 I/InstrumentationBackend( 6989): Added:'ScrollTo', with key:'scroll_to'
12-09 07:47:59.269 I/InstrumentationBackend( 6989): Added:'GetLoadProgress', with key:'get_load_progress'
12-09 07:47:59.269 I/InstrumentationBackend( 6989): Added:'DumpHtml', with key:'dump_html'
12-09 07:47:59.270 I/InstrumentationBackend( 6989): Added:'DumpBodyHtml', with key:'dump_body_html'
12-09 07:47:59.271 I/InstrumentationBackend( 6989): Added:'EnterTextByCssSelector', with key:'enter_text_by_selector'
12-09 07:47:59.271 I/InstrumentationBackend( 6989): Added:'AndroidSDKVersion', with key:'android_sdk_version'
12-09 07:47:59.272 I/InstrumentationBackend( 6989): Added:'Version', with key:'version'
12-09 07:47:59.272 I/InstrumentationBackend( 6989): Added:'Drag', with key:'drag'
12-09 07:47:59.272 I/InstrumentationBackend( 6989): Added:'TouchCoordinates', with key:'touch_coordinate'
12-09 07:47:59.273 I/InstrumentationBackend( 6989): Added:'LongPressCoordinate', with key:'long_press_coordinate'
12-09 07:47:59.281 I/InstrumentationBackend( 6989): Added:'DragCoordinates', with key:'drag_coordinates'
12-09 07:47:59.281 I/InstrumentationBackend( 6989): Added:'ResumeApplication', with key:'resume_application'
12-09 07:47:59.281 I/InstrumentationBackend( 6989): Added:'Swipe', with key:'swipe'
12-09 07:47:59.281 I/InstrumentationBackend( 6989): Added:'DoubleTapCoordinate', with key:'double_tap_coordinate'
12-09 07:47:59.281 I/InstrumentationBackend( 6989): Added:'ClickOnScreen', with key:'click_on_screen'
12-09 07:47:59.281 I/InstrumentationBackend( 6989): Added:'GetActivityName', with key:'get_activity_name'
12-09 07:47:59.282 I/InstrumentationBackend( 6989): Added:'ScrollToView', with key:'scroll_to_view'
12-09 07:47:59.282 I/InstrumentationBackend( 6989): Added:'ViewConfiguration', with key:'view_configuration'
12-09 07:47:59.282 I/InstrumentationBackend( 6989): Added:'IsCurrentActivityFocused', with key:'is_current_activity_focused'
12-09 07:47:59.282 I/InstrumentationBackend( 6989): Added:'SendTcp', with key:'send_tcp'
12-09 07:47:59.282 I/InstrumentationBackend( 6989): Added:'DpToDevicePixel', with key:'dp_to_device_pixel'
12-09 07:47:59.283 I/InstrumentationBackend( 6989): Added:'KeyboardEnterText', with key:'keyboard_enter_text'
12-09 07:47:59.283 I/InstrumentationBackend( 6989): Added:'DeleteSurroundingText', with key:'delete_surrounding_text'
12-09 07:47:59.283 I/InstrumentationBackend( 6989): Added:'SetComposingRegion', with key:'set_composing_region'
12-09 07:47:59.283 I/InstrumentationBackend( 6989): Added:'SetSelection', with key:'set_selection'
12-09 07:47:59.283 I/InstrumentationBackend( 6989): Added:'KeyboardKeyEvent', with key:'keyboard_key_event'
12-09 07:47:59.284 I/InstrumentationBackend( 6989): Added:'PressUserActionButton', with key:'press_user_action_button'
12-09 07:47:59.284 I/InstrumentationBackend( 6989): Added:'HideSoftKeyboard', with key:'hide_soft_keyboard'
12-09 07:47:59.284 I/InstrumentationBackend( 6989): Added:'ListActions', with key:'list_actions'
12-09 07:47:59.284 I/calabash( 6989): Instantiating http server at 7102
12-09 07:47:59.292 I/System.out( 6989): HTTP Daemon listening on: 7102
12-09 07:47:59.410 I/System.out( 6989): URI: //ping
12-09 07:47:59.410 I/System.out( 6989): params: {json={}
12-09 07:47:59.410 I/System.out( 6989): }
12-09 07:47:59.469 I/System.out( 6989): URI: //ping
12-09 07:47:59.469 I/System.out( 6989): params: {json={}
12-09 07:47:59.469 I/System.out( 6989): }
12-09 07:47:59.525 I/System.out( 6989): URI: //ready
12-09 07:47:59.525 I/System.out( 6989): params: {json={}
12-09 07:47:59.525 I/System.out( 6989): }
12-09 07:47:59.549 I/System.out( 6989): URI: //
12-09 07:47:59.549 I/System.out( 6989): params: {json={"command":"version","arguments":[]}
12-09 07:47:59.549 I/System.out( 6989): }
12-09 07:47:59.549 I/System.out( 6989): header: {date=Sun, 09 Dec 2018 07:48:00 GMT, accept=*/*, content-length=36, host=127.0.0.1:34777, user-agent=HTTPClient/1.0 (2.8.3, ruby 2.3.1 (2016-04-26)), content-type=application/json;charset=utf-8}
12-09 07:47:59.549 I/System.out( 6989): params: {json={"command":"version","arguments":[]}
12-09 07:47:59.549 I/System.out( 6989): }
12-09 07:47:59.549 I/System.out( 6989): ProP json = {"command":"version","arguments":[]}
12-09 07:47:59.549 I/System.out( 6989): files: {}
12-09 07:47:59.549 I/System.out( 6989): command: {"command":"version","arguments":[]}
12-09 07:47:59.566 I/InstrumentationBackend( 6989): Got command:'Command:'Line:null,version', arguments:'[]'
12-09 07:47:59.590 I/System.out( 6989): result:{"bonusInformation":[],"message":"0.9.8","success":true}
12-09 07:47:59.605 I/System.out( 6989): URI: //start-application
12-09 07:47:59.605 I/System.out( 6989): params: {json={"intent":null}
12-09 07:47:59.605 I/System.out( 6989): }
12-09 07:47:59.657 I/ActivityManager( 1593): START u0 {act=android.intent.action.MAIN cat=[android.intent.category.LAUNCHER] flg=0x10200000 cmp=com.evancharlton.mileage/.Mileage} from uid 10121 on display 0
12-09 07:47:59.857 D/hwcomposer( 1224): hw_composer sent 385 syncs in 60s
12-09 07:47:59.918 W/art     ( 1593): Long monitor contention event with owner method=int com.android.server.wm.WindowManagerService.relayoutWindow(com.android.server.wm.Session, android.view.IWindow, int, android.view.WindowManager$LayoutParams, int, int, int, int, android.graphics.Rect, android.graphics.Rect, android.graphics.Rect, android.graphics.Rect, android.graphics.Rect, android.graphics.Rect, android.content.res.Configuration, android.view.Surface) from WindowManagerService.java:3103 waiters=0 for 198ms
12-09 07:47:59.937 I/calabash( 6989): newActivity1
12-09 07:47:59.986 D/gralloc_ranchu( 1224): gralloc_alloc: Creating ashmem region of size 3686400
12-09 07:48:00.205 I/calabash( 6989): newActivity1
12-09 07:48:00.207 W/ActivityManager( 1593): Bad activity token: android.os.BinderProxy@399c0d4
12-09 07:48:00.207 W/ActivityManager( 1593): java.lang.ClassCastException: android.os.BinderProxy cannot be cast to com.android.server.am.ActivityRecord$Token
12-09 07:48:00.207 W/ActivityManager( 1593): 	at com.android.server.am.ActivityRecord.forTokenLocked(ActivityRecord.java:424)
12-09 07:48:00.207 W/ActivityManager( 1593): 	at com.android.server.am.ActivityRecord.isInStackLocked(ActivityRecord.java:1121)
12-09 07:48:00.207 W/ActivityManager( 1593): 	at com.android.server.am.ActivityRecord.getStackLocked(ActivityRecord.java:1126)
12-09 07:48:00.207 W/ActivityManager( 1593): 	at com.android.server.am.ActivityManagerService.getActivityDisplayId(ActivityManagerService.java:8889)
12-09 07:48:00.207 W/ActivityManager( 1593): 	at android.app.ActivityManagerNative.onTransact(ActivityManagerNative.java:2338)
12-09 07:48:00.207 W/ActivityManager( 1593): 	at com.android.server.am.ActivityManagerService.onTransact(ActivityManagerService.java:2443)
12-09 07:48:00.207 W/ActivityManager( 1593): 	at android.os.Binder.execTransact(Binder.java:453)
12-09 07:48:00.208 W/ActivityManager( 1593): Bad activity token: android.os.BinderProxy@399c0d4
12-09 07:48:00.208 W/ActivityManager( 1593): java.lang.ClassCastException: android.os.BinderProxy cannot be cast to com.android.server.am.ActivityRecord$Token
12-09 07:48:00.208 W/ActivityManager( 1593): 	at com.android.server.am.ActivityRecord.forTokenLocked(ActivityRecord.java:424)
12-09 07:48:00.208 W/ActivityManager( 1593): 	at com.android.server.am.ActivityRecord.isInStackLocked(ActivityRecord.java:1121)
12-09 07:48:00.208 W/ActivityManager( 1593): 	at com.android.server.am.ActivityManagerService.setTaskDescription(ActivityManagerService.java:8547)
12-09 07:48:00.208 W/ActivityManager( 1593): 	at android.app.ActivityManagerNative.onTransact(ActivityManagerNative.java:2410)
12-09 07:48:00.208 W/ActivityManager( 1593): 	at com.android.server.am.ActivityManagerService.onTransact(ActivityManagerService.java:2443)
12-09 07:48:00.208 W/ActivityManager( 1593): 	at android.os.Binder.execTransact(Binder.java:453)
12-09 07:48:00.375 V/PhoneStatusBar( 1704): setLightsOn(true)
12-09 07:48:00.387 D/FillupsProvider( 6989): Creating database
12-09 07:48:00.417 D/EGL_emulation( 1945): eglMakeCurrent: 0x7f9aed3a1d20: ver 2 0 (tinfo 0x7f9aed3828e0)
12-09 07:48:00.418 E/Surface ( 1945): getSlotFromBufferLocked: unknown buffer: 0x7f9aed3a2b80
12-09 07:48:00.509 W/ActivityManager( 1593): Bad activity token: android.os.BinderProxy@399c0d4
12-09 07:48:00.509 W/ActivityManager( 1593): java.lang.ClassCastException: android.os.BinderProxy cannot be cast to com.android.server.am.ActivityRecord$Token
12-09 07:48:00.509 W/ActivityManager( 1593): 	at com.android.server.am.ActivityRecord.forTokenLocked(ActivityRecord.java:424)
12-09 07:48:00.509 W/ActivityManager( 1593): 	at com.android.server.am.ActivityRecord.isInStackLocked(ActivityRecord.java:1121)
12-09 07:48:00.509 W/ActivityManager( 1593): 	at com.android.server.am.ActivityManagerService.getActivityOptions(ActivityManagerService.java:11038)
12-09 07:48:00.509 W/ActivityManager( 1593): 	at android.app.ActivityManagerNative.onTransact(ActivityManagerNative.java:1734)
12-09 07:48:00.509 W/ActivityManager( 1593): 	at com.android.server.am.ActivityManagerService.onTransact(ActivityManagerService.java:2443)
12-09 07:48:00.509 W/ActivityManager( 1593): 	at android.os.Binder.execTransact(Binder.java:453)
12-09 07:48:00.509 W/ActivityManager( 1593): Bad activity token: android.os.BinderProxy@399c0d4
12-09 07:48:00.509 W/ActivityManager( 1593): java.lang.ClassCastException: android.os.BinderProxy cannot be cast to com.android.server.am.ActivityRecord$Token
12-09 07:48:00.509 W/ActivityManager( 1593): 	at com.android.server.am.ActivityRecord.forTokenLocked(ActivityRecord.java:424)
12-09 07:48:00.509 W/ActivityManager( 1593): 	at com.android.server.am.ActivityRecord.isInStackLocked(ActivityRecord.java:1121)
12-09 07:48:00.509 W/ActivityManager( 1593): 	at com.android.server.am.ActivityManagerService.getActivityOptions(ActivityManagerService.java:11038)
12-09 07:48:00.509 W/ActivityManager( 1593): 	at android.app.ActivityManagerNative.onTransact(ActivityManagerNative.java:1734)
12-09 07:48:00.509 W/ActivityManager( 1593): 	at com.android.server.am.ActivityManagerService.onTransact(ActivityManagerService.java:2443)
12-09 07:48:00.509 W/ActivityManager( 1593): 	at android.os.Binder.execTransact(Binder.java:453)
12-09 07:48:00.728 I/art     ( 6989): Background sticky concurrent mark sweep GC freed 7509(502KB) AllocSpace objects, 0(0B) LOS objects, 14% free, 1914KB/2MB, paused 8.004ms total 101.281ms
12-09 07:48:01.108 W/art     ( 1593): Long monitor contention event with owner method=void com.android.server.wm.WindowAnimator$1.doFrame(long) from WindowAnimator.java:121 waiters=1 for 133ms
12-09 07:48:01.211 W/art     ( 1593): Long monitor contention event with owner method=void com.android.server.wm.WindowAnimator$1.doFrame(long) from WindowAnimator.java:121 waiters=1 for 182ms
12-09 07:48:01.587 D/gralloc_ranchu( 1224): gralloc_alloc: Creating ashmem region of size 3686400
12-09 07:48:01.665 D/        ( 6989): HostConnection::get() New Host Connection established 0x7f9aed1dd1a0, tid 6989
12-09 07:48:01.750 I/ActivityManager( 1593): Displayed com.evancharlton.mileage/.Mileage: +1s830ms
12-09 07:48:01.782 D/gralloc_ranchu( 1224): gralloc_alloc: Creating ashmem region of size 3686400
12-09 07:48:02.168 I/art     ( 6989): Background partial concurrent mark sweep GC freed 9141(462KB) AllocSpace objects, 0(0B) LOS objects, 40% free, 1947KB/3MB, paused 30.384ms total 43.340ms
12-09 07:48:02.297 I/System.out( 6989): URI: //map
12-09 07:48:02.298 I/System.out( 6989): params: {json={"query":"android.widget.Button index:2","operation":{"method_name":"query","arguments":[]}}
12-09 07:48:02.298 I/System.out( 6989): }
12-09 07:48:02.572 D/gralloc_ranchu( 1224): gralloc_alloc: Creating ashmem region of size 3686400
12-09 07:48:02.578 I/art     ( 6989): Background sticky concurrent mark sweep GC freed 52612(2MB) AllocSpace objects, 2(40KB) LOS objects, 29% free, 2MB/3MB, paused 1.125ms total 208.910ms
12-09 07:48:02.618 I/System.out( 6989): URI: //gesture
12-09 07:48:02.618 I/System.out( 6989): params: {json={"query_timeout":5.0,"gestures":[{"query_string":"android.widget.Button index:2","touches":[{"x":50,"y":50,"offset_x":0,"offset_y":0,"wait":0.0,"time":0.2,"release":true,"query_string":null}]}]}
12-09 07:48:02.618 I/System.out( 6989): }
12-09 07:48:02.794 I/art     ( 6989): Background partial concurrent mark sweep GC freed 12921(667KB) AllocSpace objects, 4(80KB) LOS objects, 40% free, 2MB/3MB, paused 972us total 151.974ms
12-09 07:48:03.369 W/AudioTrack( 1593): AUDIO_OUTPUT_FLAG_FAST denied by client; transfer 4, track 48000 Hz, output 44100 Hz
12-09 07:48:03.432 D/AudioFlinger( 1308): mixer(0xf4340000) throttle end: throttle time(11)
12-09 07:48:03.500 W/audio_hw_generic( 1308): Hardware backing HAL too slow, could only write 0 of 661 frames
12-09 07:48:03.502 I/art     ( 6989): Background sticky concurrent mark sweep GC freed 35179(1588KB) AllocSpace objects, 1(20KB) LOS objects, 38% free, 2MB/3MB, paused 1.021ms total 149.272ms
12-09 07:48:03.532 W/audio_hw_generic( 1308): Hardware backing HAL too slow, could only write 0 of 661 frames
12-09 07:48:03.544 W/audio_hw_generic( 1308): Hardware backing HAL too slow, could only write 0 of 661 frames
12-09 07:48:03.564 W/audio_hw_generic( 1308): Hardware backing HAL too slow, could only write 0 of 661 frames
12-09 07:48:03.584 W/audio_hw_generic( 1308): Hardware backing HAL too slow, could only write 0 of 661 frames
12-09 07:48:03.649 W/audio_hw_generic( 1308): Hardware backing HAL too slow, could only write 0 of 661 frames
12-09 07:48:03.668 W/audio_hw_generic( 1308): Hardware backing HAL too slow, could only write 0 of 661 frames
12-09 07:48:03.693 W/audio_hw_generic( 1308): Hardware backing HAL too slow, could only write 0 of 661 frames
12-09 07:48:03.706 W/audio_hw_generic( 1308): Hardware backing HAL too slow, could only write 0 of 661 frames
12-09 07:48:03.715 W/audio_hw_generic( 1308): Hardware backing HAL too slow, could only write 0 of 661 frames
12-09 07:48:03.719 I/ContentMaintenance( 2375): Internal cache bytes used: 0; limit: 40626585; download size: 0
12-09 07:48:03.732 W/audio_hw_generic( 1308): Hardware backing HAL too slow, could only write 0 of 661 frames
12-09 07:48:03.751 W/audio_hw_generic( 1308): Hardware backing HAL too slow, could only write 0 of 661 frames
12-09 07:48:03.758 W/audio_hw_generic( 1308): Hardware backing HAL too slow, could only write 0 of 661 frames
12-09 07:48:03.774 D/gralloc_ranchu( 1224): gralloc_alloc: Creating ashmem region of size 45056
12-09 07:48:03.785 W/audio_hw_generic( 1308): Hardware backing HAL too slow, could only write 0 of 661 frames
12-09 07:48:03.790 I/RealtimeCacheCleanup( 2375): Beginning Realtime garbage collection.
12-09 07:48:03.791 I/RealtimeCacheCleanup( 2375): Finished Realtime garbage collection.
12-09 07:48:03.804 W/audio_hw_generic( 1308): Hardware backing HAL too slow, could only write 0 of 661 frames
12-09 07:48:03.805 W/audio_hw_generic( 1308): Hardware backing HAL too slow, could only write 0 of 661 frames
12-09 07:48:03.822 W/audio_hw_generic( 1308): Hardware backing HAL too slow, could only write 0 of 661 frames
12-09 07:48:03.844 W/audio_hw_generic( 1308): Hardware backing HAL too slow, could only write 0 of 661 frames
12-09 07:48:04.094 E/SurfaceFlinger( 1224): ro.sf.lcd_density must be defined as a build property
12-09 07:48:04.145 W/audio_hw_generic( 1308): Not supplying enough data to HAL, expected position 9592707 , only wrote 9588466
12-09 07:48:04.152 W/audio_hw_generic( 1308): Not supplying enough data to HAL, expected position 9588786 , only wrote 9588466
12-09 07:48:04.199 D/gralloc_ranchu( 1224): gralloc_alloc: Creating ashmem region of size 3686400
12-09 07:48:04.210 D/        ( 7017): HostConnection::get() New Host Connection established 0x7f7a6ff52480, tid 7017
12-09 07:48:04.229 E/EGL_emulation( 1224): tid 1224: eglCreateSyncKHR(1881): error 0x3004 (EGL_BAD_ATTRIBUTE)
12-09 07:48:04.245 W/audio_hw_generic( 1308): Not supplying enough data to HAL, expected position 9592545 , only wrote 9589127
12-09 07:48:04.472 W/audio_hw_generic( 1308): Not supplying enough data to HAL, expected position 9599147 , only wrote 9598381
12-09 07:48:04.472 W/audio_hw_generic( 1308): Not supplying enough data to HAL, expected position 9598387 , only wrote 9598381
12-09 07:48:04.493 W/audio_hw_generic( 1308): Not supplying enough data to HAL, expected position 9599245 , only wrote 9599042
12-09 07:48:04.586 W/audio_hw_generic( 1308): Not supplying enough data to HAL, expected position 9603195 , only wrote 9603008
12-09 07:48:04.586 W/audio_hw_generic( 1308): Not supplying enough data to HAL, expected position 9603014 , only wrote 9603008
12-09 07:48:04.604 W/audio_hw_generic( 1308): Not supplying enough data to HAL, expected position 9603807 , only wrote 9603669
12-09 07:48:04.766 W/audio_hw_generic( 1308): Not supplying enough data to HAL, expected position 9610800 , only wrote 9608957
12-09 07:48:04.766 W/audio_hw_generic( 1308): Not supplying enough data to HAL, expected position 9608964 , only wrote 9608957
12-09 07:48:04.782 W/audio_hw_generic( 1308): Not supplying enough data to HAL, expected position 9609632 , only wrote 9609618
12-09 07:48:05.172 W/audio_hw_generic( 1308): Not supplying enough data to HAL, expected position 9626842 , only wrote 9626804
12-09 07:48:05.230 W/audio_hw_generic( 1308): Hardware backing HAL too slow, could only write 0 of 661 frames
12-09 07:48:05.231 W/audio_hw_generic( 1308): Hardware backing HAL too slow, could only write 0 of 661 frames
12-09 07:48:05.248 W/audio_hw_generic( 1308): Not supplying enough data to HAL, expected position 9630167 , only wrote 9630109
12-09 07:48:05.248 W/audio_hw_generic( 1308): Hardware backing HAL too slow, could only write 0 of 661 frames
12-09 07:48:05.249 W/audio_hw_generic( 1308): Hardware backing HAL too slow, could only write 0 of 661 frames
12-09 07:48:05.268 W/audio_hw_generic( 1308): Hardware backing HAL too slow, could only write 0 of 661 frames
12-09 07:48:05.296 W/audio_hw_generic( 1308): Hardware backing HAL too slow, could only write 0 of 661 frames
12-09 07:48:05.305 W/audio_hw_generic( 1308): Hardware backing HAL too slow, could only write 0 of 661 frames
12-09 07:48:05.329 W/audio_hw_generic( 1308): Hardware backing HAL too slow, could only write 0 of 661 frames
12-09 07:48:05.344 W/audio_hw_generic( 1308): Hardware backing HAL too slow, could only write 0 of 661 frames
12-09 07:48:05.359 W/audio_hw_generic( 1308): Hardware backing HAL too slow, could only write 0 of 661 frames
12-09 07:48:05.376 W/audio_hw_generic( 1308): Hardware backing HAL too slow, could only write 0 of 661 frames
