--------- beginning of main
12-09 07:46:31.614 D/AndroidRuntime( 7280): >>>>>> START com.android.internal.os.RuntimeInit uid 0 <<<<<<
12-09 07:46:31.630 D/AndroidRuntime( 7280): CheckJNI is ON
12-09 07:46:31.652 D/ICU     ( 7280): No timezone override file found: /data/misc/zoneinfo/current/icu/icu_tzdata.dat
12-09 07:46:32.007 E/memtrack( 7280): Couldn't load memtrack module (No such file or directory)
12-09 07:46:32.011 E/android.os.Debug( 7280): failed to load memtrack module: -2
12-09 07:46:32.012 I/Radio-JNI( 7280): register_android_hardware_Radio DONE
12-09 07:46:32.026 D/AndroidRuntime( 7280): Calling main entry com.android.commands.am.Am
--------- beginning of system
12-09 07:46:32.059 I/ActivityManager( 1594): Force stopping com.evancharlton.mileage appid=10123 user=0: start instr
12-09 07:46:32.059 I/ActivityManager( 1594): Killing 7263:com.evancharlton.mileage/u0a123 (adj 0): stop com.evancharlton.mileage
12-09 07:46:32.259 W/ActivityManager( 1594): Crash of app com.evancharlton.mileage running instrumentation ComponentInfo{com.evancharlton.mileage.test/sh.calaba.instrumentationbackend.ClearAppData2}
12-09 07:46:32.259 I/ActivityManager( 1594): Force stopping com.evancharlton.mileage appid=10123 user=0: finished inst
12-09 07:46:32.321 I/ActivityManager( 1594): Start proc 7289:com.evancharlton.mileage/u0a123 for added application com.evancharlton.mileage
12-09 07:46:32.321 W/art     ( 1594): Long monitor contention event with owner method=boolean com.android.server.am.ActivityManagerService.startInstrumentation(android.content.ComponentName, java.lang.String, int, android.os.Bundle, android.app.IInstrumentationWatcher, android.app.IUiAutomationConnection, int, java.lang.String) from ActivityManagerService.java:17066 waiters=0 for 214ms
12-09 07:46:32.396 D/AndroidRuntime( 7280): Shutting down VM
12-09 07:46:32.501 W/System  ( 7289): ClassLoader referenced unknown path: /data/app/com.evancharlton.mileage.test-1/lib/x86_64
12-09 07:46:32.501 W/System  ( 7289): ClassLoader referenced unknown path: /data/app/com.evancharlton.mileage-1/lib/x86_64
12-09 07:46:32.520 I/System.out( 7289): Main activity name automatically set to: com.evancharlton.mileage.Mileage
12-09 07:46:32.527 I/System.out( 7289): Calabash did not load Mono. This is only a problem if you are trying to test a Mono application
12-09 07:46:32.527 I/calabash( 7289): Test server port: 7102
12-09 07:46:32.528 I/InstrumentationBackend( 7289): Added:'GetPreferences', with key:'get_preferences'
12-09 07:46:32.555 I/InstrumentationBackend( 7289): Added:'SetPreferences', with key:'set_preferences'
12-09 07:46:32.563 I/InstrumentationBackend( 7289): Added:'ClearPreferences', with key:'clear_preferences'
12-09 07:46:32.563 I/InstrumentationBackend( 7289): Added:'PressElement', with key:'press_l10n_element'
12-09 07:46:32.563 I/InstrumentationBackend( 7289): Added:'WaitForElement', with key:'wait_for_l10n_element'
12-09 07:46:32.564 I/InstrumentationBackend( 7289): Added:'NullAction', with key:'nullAction'
12-09 07:46:32.564 I/InstrumentationBackend( 7289): Added:'PressKey', with key:'press_key'
12-09 07:46:32.564 I/InstrumentationBackend( 7289): Added:'SetActivityOrientation', with key:'set_activity_orientation'
12-09 07:46:32.564 I/InstrumentationBackend( 7289): Added:'GetActivityOrientation', with key:'get_activity_orientation'
12-09 07:46:32.564 I/InstrumentationBackend( 7289): Added:'FakeGPSLocation', with key:'set_gps_coordinates'
12-09 07:46:32.565 I/InstrumentationBackend( 7289): Added:'SetPropertyByCssSelector', with key:'set_property_by_css_selector'
12-09 07:46:32.565 I/InstrumentationBackend( 7289): Added:'GetUrl', with key:'get_url'
12-09 07:46:32.566 I/InstrumentationBackend( 7289): Added:'ScrollTo', with key:'scroll_to'
12-09 07:46:32.566 I/InstrumentationBackend( 7289): Added:'GetLoadProgress', with key:'get_load_progress'
12-09 07:46:32.566 I/InstrumentationBackend( 7289): Added:'DumpHtml', with key:'dump_html'
12-09 07:46:32.566 I/InstrumentationBackend( 7289): Added:'DumpBodyHtml', with key:'dump_body_html'
12-09 07:46:32.567 I/InstrumentationBackend( 7289): Added:'EnterTextByCssSelector', with key:'enter_text_by_selector'
12-09 07:46:32.568 I/InstrumentationBackend( 7289): Added:'AndroidSDKVersion', with key:'android_sdk_version'
12-09 07:46:32.568 I/InstrumentationBackend( 7289): Added:'Version', with key:'version'
12-09 07:46:32.568 I/InstrumentationBackend( 7289): Added:'Drag', with key:'drag'
12-09 07:46:32.568 I/InstrumentationBackend( 7289): Added:'TouchCoordinates', with key:'touch_coordinate'
12-09 07:46:32.568 I/InstrumentationBackend( 7289): Added:'LongPressCoordinate', with key:'long_press_coordinate'
12-09 07:46:32.568 I/InstrumentationBackend( 7289): Added:'DragCoordinates', with key:'drag_coordinates'
12-09 07:46:32.569 I/InstrumentationBackend( 7289): Added:'ResumeApplication', with key:'resume_application'
12-09 07:46:32.569 I/InstrumentationBackend( 7289): Added:'Swipe', with key:'swipe'
12-09 07:46:32.569 I/InstrumentationBackend( 7289): Added:'DoubleTapCoordinate', with key:'double_tap_coordinate'
12-09 07:46:32.569 I/InstrumentationBackend( 7289): Added:'ClickOnScreen', with key:'click_on_screen'
12-09 07:46:32.570 I/InstrumentationBackend( 7289): Added:'GetActivityName', with key:'get_activity_name'
12-09 07:46:32.570 I/InstrumentationBackend( 7289): Added:'ScrollToView', with key:'scroll_to_view'
12-09 07:46:32.570 I/InstrumentationBackend( 7289): Added:'ViewConfiguration', with key:'view_configuration'
12-09 07:46:32.570 I/InstrumentationBackend( 7289): Added:'IsCurrentActivityFocused', with key:'is_current_activity_focused'
12-09 07:46:32.572 I/InstrumentationBackend( 7289): Added:'SendTcp', with key:'send_tcp'
12-09 07:46:32.577 I/InstrumentationBackend( 7289): Added:'DpToDevicePixel', with key:'dp_to_device_pixel'
12-09 07:46:32.577 I/InstrumentationBackend( 7289): Added:'KeyboardEnterText', with key:'keyboard_enter_text'
12-09 07:46:32.577 I/InstrumentationBackend( 7289): Added:'DeleteSurroundingText', with key:'delete_surrounding_text'
12-09 07:46:32.577 I/InstrumentationBackend( 7289): Added:'SetComposingRegion', with key:'set_composing_region'
12-09 07:46:32.578 I/InstrumentationBackend( 7289): Added:'SetSelection', with key:'set_selection'
12-09 07:46:32.578 I/InstrumentationBackend( 7289): Added:'KeyboardKeyEvent', with key:'keyboard_key_event'
12-09 07:46:32.578 I/InstrumentationBackend( 7289): Added:'PressUserActionButton', with key:'press_user_action_button'
12-09 07:46:32.591 I/InstrumentationBackend( 7289): Added:'HideSoftKeyboard', with key:'hide_soft_keyboard'
12-09 07:46:32.592 I/InstrumentationBackend( 7289): Added:'ListActions', with key:'list_actions'
12-09 07:46:32.592 I/calabash( 7289): Instantiating http server at 7102
12-09 07:46:32.593 I/System.out( 7289): HTTP Daemon listening on: 7102
12-09 07:46:32.769 I/System.out( 7289): URI: //ping
12-09 07:46:32.770 I/System.out( 7289): params: {json={}
12-09 07:46:32.770 I/System.out( 7289): }
12-09 07:46:32.847 I/System.out( 7289): URI: //ping
12-09 07:46:32.859 I/System.out( 7289): params: {json={}
12-09 07:46:32.859 I/System.out( 7289): }
12-09 07:46:32.896 I/System.out( 7289): URI: //ready
12-09 07:46:32.896 I/System.out( 7289): params: {json={}
12-09 07:46:32.896 I/System.out( 7289): }
12-09 07:46:32.951 I/System.out( 7289): URI: //
12-09 07:46:32.951 I/System.out( 7289): params: {json={"command":"version","arguments":[]}
12-09 07:46:32.951 I/System.out( 7289): }
12-09 07:46:32.951 I/System.out( 7289): header: {date=Sun, 09 Dec 2018 07:46:33 GMT, accept=*/*, content-length=36, host=127.0.0.1:34777, user-agent=HTTPClient/1.0 (2.8.3, ruby 2.3.1 (2016-04-26)), content-type=application/json;charset=utf-8}
12-09 07:46:32.951 I/System.out( 7289): params: {json={"command":"version","arguments":[]}
12-09 07:46:32.952 I/System.out( 7289): }
12-09 07:46:32.952 I/System.out( 7289): ProP json = {"command":"version","arguments":[]}
12-09 07:46:32.952 I/System.out( 7289): files: {}
12-09 07:46:32.952 I/System.out( 7289): command: {"command":"version","arguments":[]}
12-09 07:46:32.966 I/InstrumentationBackend( 7289): Got command:'Command:'Line:null,version', arguments:'[]'
12-09 07:46:32.984 I/System.out( 7289): result:{"bonusInformation":[],"message":"0.9.8","success":true}
12-09 07:46:33.030 I/System.out( 7289): URI: //start-application
12-09 07:46:33.031 I/System.out( 7289): params: {json={"intent":null}
12-09 07:46:33.031 I/System.out( 7289): }
12-09 07:46:33.071 I/ActivityManager( 1594): START u0 {act=android.intent.action.MAIN cat=[android.intent.category.LAUNCHER] flg=0x10200000 cmp=com.evancharlton.mileage/.Mileage} from uid 10123 on display 0
12-09 07:46:33.143 I/art     ( 7289): Background partial concurrent mark sweep GC freed 39712(2MB) AllocSpace objects, 15(300KB) LOS objects, 45% free, 1217KB/2MB, paused 16.868ms total 67.214ms
12-09 07:46:33.384 W/art     ( 1594): Long monitor contention event with owner method=int com.android.server.wm.WindowManagerService.relayoutWindow(com.android.server.wm.Session, android.view.IWindow, int, android.view.WindowManager$LayoutParams, int, int, int, int, android.graphics.Rect, android.graphics.Rect, android.graphics.Rect, android.graphics.Rect, android.graphics.Rect, android.graphics.Rect, android.content.res.Configuration, android.view.Surface) from WindowManagerService.java:3103 waiters=0 for 132ms
12-09 07:46:33.385 I/calabash( 7289): newActivity1
12-09 07:46:33.394 D/gralloc_ranchu( 1219): gralloc_alloc: Creating ashmem region of size 3686400
12-09 07:46:33.425 I/calabash( 7289): newActivity1
12-09 07:46:33.432 W/ActivityManager( 1594): Bad activity token: android.os.BinderProxy@58f53c8
12-09 07:46:33.432 W/ActivityManager( 1594): java.lang.ClassCastException: android.os.BinderProxy cannot be cast to com.android.server.am.ActivityRecord$Token
12-09 07:46:33.432 W/ActivityManager( 1594): 	at com.android.server.am.ActivityRecord.forTokenLocked(ActivityRecord.java:424)
12-09 07:46:33.432 W/ActivityManager( 1594): 	at com.android.server.am.ActivityRecord.isInStackLocked(ActivityRecord.java:1121)
12-09 07:46:33.432 W/ActivityManager( 1594): 	at com.android.server.am.ActivityRecord.getStackLocked(ActivityRecord.java:1126)
12-09 07:46:33.432 W/ActivityManager( 1594): 	at com.android.server.am.ActivityManagerService.getActivityDisplayId(ActivityManagerService.java:8889)
12-09 07:46:33.432 W/ActivityManager( 1594): 	at android.app.ActivityManagerNative.onTransact(ActivityManagerNative.java:2338)
12-09 07:46:33.432 W/ActivityManager( 1594): 	at com.android.server.am.ActivityManagerService.onTransact(ActivityManagerService.java:2443)
12-09 07:46:33.432 W/ActivityManager( 1594): 	at android.os.Binder.execTransact(Binder.java:453)
12-09 07:46:33.433 W/ActivityManager( 1594): Bad activity token: android.os.BinderProxy@58f53c8
12-09 07:46:33.433 W/ActivityManager( 1594): java.lang.ClassCastException: android.os.BinderProxy cannot be cast to com.android.server.am.ActivityRecord$Token
12-09 07:46:33.433 W/ActivityManager( 1594): 	at com.android.server.am.ActivityRecord.forTokenLocked(ActivityRecord.java:424)
12-09 07:46:33.433 W/ActivityManager( 1594): 	at com.android.server.am.ActivityRecord.isInStackLocked(ActivityRecord.java:1121)
12-09 07:46:33.433 W/ActivityManager( 1594): 	at com.android.server.am.ActivityManagerService.setTaskDescription(ActivityManagerService.java:8547)
12-09 07:46:33.433 W/ActivityManager( 1594): 	at android.app.ActivityManagerNative.onTransact(ActivityManagerNative.java:2410)
12-09 07:46:33.433 W/ActivityManager( 1594): 	at com.android.server.am.ActivityManagerService.onTransact(ActivityManagerService.java:2443)
12-09 07:46:33.433 W/ActivityManager( 1594): 	at android.os.Binder.execTransact(Binder.java:453)
12-09 07:46:33.708 D/EGL_emulation( 1899): eglMakeCurrent: 0x7f347faf4dc0: ver 2 0 (tinfo 0x7f347fac2ce0)
12-09 07:46:33.712 E/Surface ( 1899): getSlotFromBufferLocked: unknown buffer: 0x7f347c0f9480
12-09 07:46:33.850 D/FillupsProvider( 7289): Creating database
12-09 07:46:34.012 W/art     ( 1594): Long monitor contention event with owner method=void com.android.server.wm.WindowAnimator$1.doFrame(long) from WindowAnimator.java:121 waiters=0 for 228ms
12-09 07:46:34.096 W/ActivityManager( 1594): Bad activity token: android.os.BinderProxy@58f53c8
12-09 07:46:34.096 W/ActivityManager( 1594): java.lang.ClassCastException: android.os.BinderProxy cannot be cast to com.android.server.am.ActivityRecord$Token
12-09 07:46:34.096 W/ActivityManager( 1594): 	at com.android.server.am.ActivityRecord.forTokenLocked(ActivityRecord.java:424)
12-09 07:46:34.096 W/ActivityManager( 1594): 	at com.android.server.am.ActivityRecord.isInStackLocked(ActivityRecord.java:1121)
12-09 07:46:34.096 W/ActivityManager( 1594): 	at com.android.server.am.ActivityManagerService.getActivityOptions(ActivityManagerService.java:11038)
12-09 07:46:34.096 W/ActivityManager( 1594): 	at android.app.ActivityManagerNative.onTransact(ActivityManagerNative.java:1734)
12-09 07:46:34.096 W/ActivityManager( 1594): 	at com.android.server.am.ActivityManagerService.onTransact(ActivityManagerService.java:2443)
12-09 07:46:34.096 W/ActivityManager( 1594): 	at android.os.Binder.execTransact(Binder.java:453)
12-09 07:46:34.100 W/ActivityManager( 1594): Bad activity token: android.os.BinderProxy@58f53c8
12-09 07:46:34.100 W/ActivityManager( 1594): java.lang.ClassCastException: android.os.BinderProxy cannot be cast to com.android.server.am.ActivityRecord$Token
12-09 07:46:34.100 W/ActivityManager( 1594): 	at com.android.server.am.ActivityRecord.forTokenLocked(ActivityRecord.java:424)
12-09 07:46:34.100 W/ActivityManager( 1594): 	at com.android.server.am.ActivityRecord.isInStackLocked(ActivityRecord.java:1121)
12-09 07:46:34.100 W/ActivityManager( 1594): 	at com.android.server.am.ActivityManagerService.getActivityOptions(ActivityManagerService.java:11038)
12-09 07:46:34.100 W/ActivityManager( 1594): 	at android.app.ActivityManagerNative.onTransact(ActivityManagerNative.java:1734)
12-09 07:46:34.100 W/ActivityManager( 1594): 	at com.android.server.am.ActivityManagerService.onTransact(ActivityManagerService.java:2443)
12-09 07:46:34.100 W/ActivityManager( 1594): 	at android.os.Binder.execTransact(Binder.java:453)
12-09 07:46:34.112 I/art     ( 7289): Background sticky concurrent mark sweep GC freed 7429(494KB) AllocSpace objects, 0(0B) LOS objects, 19% free, 1794KB/2MB, paused 1.438ms total 128.453ms
12-09 07:46:34.762 D/gralloc_ranchu( 1219): gralloc_alloc: Creating ashmem region of size 3686400
12-09 07:46:34.814 D/        ( 7289): HostConnection::get() New Host Connection established 0x7f347c1beec0, tid 7289
12-09 07:46:34.910 I/ActivityManager( 1594): Displayed com.evancharlton.mileage/.Mileage: +1s825ms
12-09 07:46:35.055 I/System.out( 7289): URI: //
12-09 07:46:35.055 I/System.out( 7289): params: {json={"command":"set_activity_orientation","arguments":["landscape"]}
12-09 07:46:35.055 I/System.out( 7289): }
12-09 07:46:35.055 I/System.out( 7289): header: {date=Sun, 09 Dec 2018 07:46:35 GMT, accept=*/*, content-length=64, host=127.0.0.1:34777, user-agent=HTTPClient/1.0 (2.8.3, ruby 2.3.1 (2016-04-26)), content-type=application/json;charset=utf-8}
12-09 07:46:35.056 I/System.out( 7289): params: {json={"command":"set_activity_orientation","arguments":["landscape"]}
12-09 07:46:35.056 I/System.out( 7289): }
12-09 07:46:35.056 I/System.out( 7289): ProP json = {"command":"set_activity_orientation","arguments":["landscape"]}
12-09 07:46:35.056 I/System.out( 7289): files: {}
12-09 07:46:35.056 I/System.out( 7289): command: {"command":"set_activity_orientation","arguments":["landscape"]}
12-09 07:46:35.057 I/InstrumentationBackend( 7289): Got command:'Command:'Line:null,set_activity_orientation', arguments:'[landscape]'
12-09 07:46:35.468 W/art     ( 1594): Long monitor contention event with owner method=void com.android.server.am.ActivityManagerService.activityIdle(android.os.IBinder, android.content.res.Configuration, boolean) from ActivityManagerService.java:6197 waiters=0 for 411ms
12-09 07:46:35.510 D/gralloc_ranchu( 1219): gralloc_alloc: Creating ashmem region of size 3686400
12-09 07:46:35.668 E/EGL_emulation( 1219): tid 1219: eglCreateSyncKHR(1881): error 0x3004 (EGL_BAD_ATTRIBUTE)
12-09 07:46:35.739 D/gralloc_ranchu( 1219): gralloc_alloc: Creating ashmem region of size 3686400
12-09 07:46:35.839 I/ActivityManager( 1594): Config changes=480 {1.0 310mcc260mnc en_US ldltr sw720dp w1280dp h696dp 160dpi xlrg long land finger -keyb/v/h tball/v s.15}
12-09 07:46:35.859 W/art     ( 1594): Long monitor contention event with owner method=android.content.res.Configuration com.android.server.wm.WindowManagerService.updateOrientationFromAppTokens(android.content.res.Configuration, android.os.IBinder) from WindowManagerService.java:3950 waiters=0 for 379ms
12-09 07:46:35.909 I/InputReader( 1594): Reconfiguring input devices.  changes=0x00000004
12-09 07:46:35.909 I/InputReader( 1594): Device reconfigured: id=0, name='qwerty2', size 720x1280, orientation 1, mode 1, display id 0
12-09 07:46:36.070 W/art     ( 1594): Long monitor contention event with owner method=void com.android.server.am.ActivityManagerService.activityIdle(android.os.IBinder, android.content.res.Configuration, boolean) from ActivityManagerService.java:6197 waiters=1 for 602ms
12-09 07:46:36.071 W/art     ( 1594): Long monitor contention event with owner method=void com.android.server.am.ActivityManagerService.setRequestedOrientation(android.os.IBinder, int) from ActivityManagerService.java:4192 waiters=1 for 598ms
12-09 07:46:36.075 W/art     ( 1594): Long monitor contention event with owner method=void com.android.server.am.ActivityManagerService.setRequestedOrientation(android.os.IBinder, int) from ActivityManagerService.java:4192 waiters=2 for 165ms
12-09 07:46:36.250 I/calabash( 7289): newActivity1
12-09 07:46:36.328 I/System.out( 7289): result:{"bonusInformation":[],"message":"","success":true}
12-09 07:46:36.359 D/EGL_emulation( 1594): eglMakeCurrent: 0x7f347faf5a40: ver 2 0 (tinfo 0x7f3471e74840)
12-09 07:46:36.363 D/EGL_emulation( 1697): eglMakeCurrent: 0x7f347c0f7180: ver 2 0 (tinfo 0x7f34737b2b40)
12-09 07:46:36.364 E/Surface ( 1594): getSlotFromBufferLocked: unknown buffer: 0x7f347faf7f20
12-09 07:46:36.365 E/Surface ( 1697): getSlotFromBufferLocked: unknown buffer: 0x7f347c0f9700
12-09 07:46:36.378 D/EGL_emulation( 1697): eglMakeCurrent: 0x7f347c0f7180: ver 2 0 (tinfo 0x7f34737b2b40)
12-09 07:46:36.395 D/EGL_emulation( 1594): eglMakeCurrent: 0x7f347faf5a40: ver 2 0 (tinfo 0x7f3471e74840)
12-09 07:46:36.416 I/calabash( 7289): newActivity1
12-09 07:46:36.416 W/ActivityManager( 1594): Bad activity token: android.os.BinderProxy@aa94e0c
12-09 07:46:36.416 W/ActivityManager( 1594): java.lang.ClassCastException: android.os.BinderProxy cannot be cast to com.android.server.am.ActivityRecord$Token
12-09 07:46:36.416 W/ActivityManager( 1594): 	at com.android.server.am.ActivityRecord.forTokenLocked(ActivityRecord.java:424)
12-09 07:46:36.416 W/ActivityManager( 1594): 	at com.android.server.am.ActivityRecord.isInStackLocked(ActivityRecord.java:1121)
12-09 07:46:36.416 W/ActivityManager( 1594): 	at com.android.server.am.ActivityRecord.getStackLocked(ActivityRecord.java:1126)
12-09 07:46:36.416 W/ActivityManager( 1594): 	at com.android.server.am.ActivityManagerService.getActivityDisplayId(ActivityManagerService.java:8889)
12-09 07:46:36.416 W/ActivityManager( 1594): 	at android.app.ActivityManagerNative.onTransact(ActivityManagerNative.java:2338)
12-09 07:46:36.416 W/ActivityManager( 1594): 	at com.android.server.am.ActivityManagerService.onTransact(ActivityManagerService.java:2443)
12-09 07:46:36.416 W/ActivityManager( 1594): 	at android.os.Binder.execTransact(Binder.java:453)
12-09 07:46:36.417 W/ActivityManager( 1594): Bad activity token: android.os.BinderProxy@aa94e0c
12-09 07:46:36.417 W/ActivityManager( 1594): java.lang.ClassCastException: android.os.BinderProxy cannot be cast to com.android.server.am.ActivityRecord$Token
12-09 07:46:36.417 W/ActivityManager( 1594): 	at com.android.server.am.ActivityRecord.forTokenLocked(ActivityRecord.java:424)
12-09 07:46:36.417 W/ActivityManager( 1594): 	at com.android.server.am.ActivityRecord.isInStackLocked(ActivityRecord.java:1121)
12-09 07:46:36.417 W/ActivityManager( 1594): 	at com.android.server.am.ActivityManagerService.setTaskDescription(ActivityManagerService.java:8547)
12-09 07:46:36.417 W/ActivityManager( 1594): 	at android.app.ActivityManagerNative.onTransact(ActivityManagerNative.java:2410)
12-09 07:46:36.417 W/ActivityManager( 1594): 	at com.android.server.am.ActivityManagerService.onTransact(ActivityManagerService.java:2443)
12-09 07:46:36.417 W/ActivityManager( 1594): 	at android.os.Binder.execTransact(Binder.java:453)
12-09 07:46:36.703 W/ActivityManager( 1594): Bad activity token: android.os.BinderProxy@aa94e0c
12-09 07:46:36.703 W/ActivityManager( 1594): java.lang.ClassCastException: android.os.BinderProxy cannot be cast to com.android.server.am.ActivityRecord$Token
12-09 07:46:36.703 W/ActivityManager( 1594): 	at com.android.server.am.ActivityRecord.forTokenLocked(ActivityRecord.java:424)
12-09 07:46:36.703 W/ActivityManager( 1594): 	at com.android.server.am.ActivityRecord.isInStackLocked(ActivityRecord.java:1121)
12-09 07:46:36.703 W/ActivityManager( 1594): 	at com.android.server.am.ActivityManagerService.getActivityOptions(ActivityManagerService.java:11038)
12-09 07:46:36.703 W/ActivityManager( 1594): 	at android.app.ActivityManagerNative.onTransact(ActivityManagerNative.java:1734)
12-09 07:46:36.703 W/ActivityManager( 1594): 	at com.android.server.am.ActivityManagerService.onTransact(ActivityManagerService.java:2443)
12-09 07:46:36.703 W/ActivityManager( 1594): 	at android.os.Binder.execTransact(Binder.java:453)
12-09 07:46:36.836 I/WindowManager( 1594): Screen frozen for +1s366ms due to Window{98c7dec u0 Application Not Responding: system}
12-09 07:46:36.837 W/ActivityManager( 1594): Bad activity token: android.os.BinderProxy@aa94e0c
12-09 07:46:36.837 W/ActivityManager( 1594): java.lang.ClassCastException: android.os.BinderProxy cannot be cast to com.android.server.am.ActivityRecord$Token
12-09 07:46:36.837 W/ActivityManager( 1594): 	at com.android.server.am.ActivityRecord.forTokenLocked(ActivityRecord.java:424)
12-09 07:46:36.837 W/ActivityManager( 1594): 	at com.android.server.am.ActivityRecord.isInStackLocked(ActivityRecord.java:1121)
12-09 07:46:36.837 W/ActivityManager( 1594): 	at com.android.server.am.ActivityManagerService.getActivityOptions(ActivityManagerService.java:11038)
12-09 07:46:36.837 W/ActivityManager( 1594): 	at android.app.ActivityManagerNative.onTransact(ActivityManagerNative.java:1734)
12-09 07:46:36.837 W/ActivityManager( 1594): 	at com.android.server.am.ActivityManagerService.onTransact(ActivityManagerService.java:2443)
12-09 07:46:36.837 W/ActivityManager( 1594): 	at android.os.Binder.execTransact(Binder.java:453)
12-09 07:46:37.395 W/art     ( 1594): Long monitor contention event with owner method=void com.android.server.wm.WindowManagerService$H.handleMessage(android.os.Message) from WindowManagerService.java:7820 waiters=0 for 557ms
12-09 07:46:37.476 I/Choreographer( 7289): Skipped 75 frames!  The application may be doing too much work on its main thread.
12-09 07:46:37.855 W/art     ( 1594): Long monitor contention event with owner method=void com.android.server.wm.WindowAnimator$1.doFrame(long) from WindowAnimator.java:121 waiters=0 for 195ms
12-09 07:46:38.091 I/Choreographer( 7289): Skipped 35 frames!  The application may be doing too much work on its main thread.
12-09 07:46:38.092 D/gralloc_ranchu( 1219): gralloc_alloc: Creating ashmem region of size 3686400
12-09 07:46:38.785 D/gralloc_ranchu( 1219): gralloc_alloc: Creating ashmem region of size 3686400
12-09 07:46:38.938 E/SurfaceFlinger( 1219): ro.sf.lcd_density must be defined as a build property
12-09 07:46:38.963 D/gralloc_ranchu( 1219): gralloc_alloc: Creating ashmem region of size 3686400
12-09 07:46:38.968 D/gralloc_ranchu( 1219): gralloc_alloc: Creating ashmem region of size 3686400
12-09 07:46:38.978 D/        ( 7318): HostConnection::get() New Host Connection established 0x7f2080dd2480, tid 7318
12-09 07:46:39.055 E/EGL_emulation( 1219): tid 1219: eglCreateSyncKHR(1881): error 0x3004 (EGL_BAD_ATTRIBUTE)
12-09 07:46:39.383 I/art     ( 1594): Starting a blocking GC Explicit
12-09 07:46:39.454 I/art     ( 1594): Explicit concurrent mark sweep GC freed 9301(821KB) AllocSpace objects, 3(60KB) LOS objects, 29% free, 9MB/13MB, paused 4.132ms total 67.583ms
12-09 07:46:39.717 I/System.out( 7289): URI: //
12-09 07:46:39.717 I/System.out( 7289): params: {json={"command":"set_activity_orientation","arguments":["portrait"]}
12-09 07:46:39.717 I/System.out( 7289): }
12-09 07:46:39.717 I/System.out( 7289): header: {date=Sun, 09 Dec 2018 07:46:40 GMT, accept=*/*, content-length=63, host=127.0.0.1:34777, user-agent=HTTPClient/1.0 (2.8.3, ruby 2.3.1 (2016-04-26)), content-type=application/json;charset=utf-8}
12-09 07:46:39.717 I/System.out( 7289): params: {json={"command":"set_activity_orientation","arguments":["portrait"]}
12-09 07:46:39.717 I/System.out( 7289): }
12-09 07:46:39.717 I/System.out( 7289): ProP json = {"command":"set_activity_orientation","arguments":["portrait"]}
12-09 07:46:39.717 I/System.out( 7289): files: {}
12-09 07:46:39.717 I/System.out( 7289): command: {"command":"set_activity_orientation","arguments":["portrait"]}
12-09 07:46:39.719 I/InstrumentationBackend( 7289): Got command:'Command:'Line:null,set_activity_orientation', arguments:'[portrait]'
12-09 07:46:39.736 D/gralloc_ranchu( 1219): gralloc_alloc: Creating ashmem region of size 3686400
12-09 07:46:39.781 E/EGL_emulation( 1219): tid 1219: eglCreateSyncKHR(1881): error 0x3004 (EGL_BAD_ATTRIBUTE)
12-09 07:46:39.977 I/ActivityManager( 1594): Config changes=480 {1.0 310mcc260mnc en_US ldltr sw720dp w720dp h1256dp 160dpi xlrg long port finger -keyb/v/h tball/v s.16}
12-09 07:46:40.243 I/InputReader( 1594): Reconfiguring input devices.  changes=0x00000004
12-09 07:46:40.243 I/InputReader( 1594): Device reconfigured: id=0, name='qwerty2', size 720x1280, orientation 0, mode 1, display id 0
12-09 07:46:40.259 W/art     ( 1594): Long monitor contention event with owner method=void com.android.server.am.ActivityManagerService.setRequestedOrientation(android.os.IBinder, int) from ActivityManagerService.java:4192 waiters=0 for 382ms
12-09 07:46:40.467 I/System.out( 7289): result:{"bonusInformation":[],"message":"","success":true}
12-09 07:46:40.551 W/art     ( 1594): Long monitor contention event with owner method=int com.android.server.wm.WindowManagerService.relayoutWindow(com.android.server.wm.Session, android.view.IWindow, int, android.view.WindowManager$LayoutParams, int, int, int, int, android.graphics.Rect, android.graphics.Rect, android.graphics.Rect, android.graphics.Rect, android.graphics.Rect, android.graphics.Rect, android.content.res.Configuration, android.view.Surface) from WindowManagerService.java:3103 waiters=2 for 142ms
12-09 07:46:40.553 I/calabash( 7289): newActivity1
12-09 07:46:40.635 D/EGL_emulation( 1594): eglMakeCurrent: 0x7f347faf5a40: ver 2 0 (tinfo 0x7f3471e74840)
12-09 07:46:40.635 D/EGL_emulation( 1697): eglMakeCurrent: 0x7f347c0f7180: ver 2 0 (tinfo 0x7f34737b2b40)
12-09 07:46:40.638 E/Surface ( 1697): getSlotFromBufferLocked: unknown buffer: 0x7f347c0fa1a0
12-09 07:46:40.640 E/Surface ( 1594): getSlotFromBufferLocked: unknown buffer: 0x7f347faf7fc0
12-09 07:46:40.647 D/EGL_emulation( 1697): eglMakeCurrent: 0x7f347c0f7180: ver 2 0 (tinfo 0x7f34737b2b40)
12-09 07:46:40.651 D/EGL_emulation( 1594): eglMakeCurrent: 0x7f347faf5a40: ver 2 0 (tinfo 0x7f3471e74840)
12-09 07:46:40.719 W/art     ( 1594): Long monitor contention event with owner method=void com.android.server.wm.WindowAnimator$1.doFrame(long) from WindowAnimator.java:121 waiters=0 for 155ms
12-09 07:46:40.722 I/calabash( 7289): newActivity1
12-09 07:46:40.724 W/ActivityManager( 1594): Bad activity token: android.os.BinderProxy@d6da3c2
12-09 07:46:40.724 W/ActivityManager( 1594): java.lang.ClassCastException: android.os.BinderProxy cannot be cast to com.android.server.am.ActivityRecord$Token
12-09 07:46:40.724 W/ActivityManager( 1594): 	at com.android.server.am.ActivityRecord.forTokenLocked(ActivityRecord.java:424)
12-09 07:46:40.724 W/ActivityManager( 1594): 	at com.android.server.am.ActivityRecord.isInStackLocked(ActivityRecord.java:1121)
12-09 07:46:40.724 W/ActivityManager( 1594): 	at com.android.server.am.ActivityRecord.getStackLocked(ActivityRecord.java:1126)
12-09 07:46:40.724 W/ActivityManager( 1594): 	at com.android.server.am.ActivityManagerService.getActivityDisplayId(ActivityManagerService.java:8889)
12-09 07:46:40.724 W/ActivityManager( 1594): 	at android.app.ActivityManagerNative.onTransact(ActivityManagerNative.java:2338)
12-09 07:46:40.724 W/ActivityManager( 1594): 	at com.android.server.am.ActivityManagerService.onTransact(ActivityManagerService.java:2443)
12-09 07:46:40.724 W/ActivityManager( 1594): 	at android.os.Binder.execTransact(Binder.java:453)
12-09 07:46:40.747 W/ActivityManager( 1594): Bad activity token: android.os.BinderProxy@d6da3c2
12-09 07:46:40.747 W/ActivityManager( 1594): java.lang.ClassCastException: android.os.BinderProxy cannot be cast to com.android.server.am.ActivityRecord$Token
12-09 07:46:40.747 W/ActivityManager( 1594): 	at com.android.server.am.ActivityRecord.forTokenLocked(ActivityRecord.java:424)
12-09 07:46:40.747 W/ActivityManager( 1594): 	at com.android.server.am.ActivityRecord.isInStackLocked(ActivityRecord.java:1121)
12-09 07:46:40.747 W/ActivityManager( 1594): 	at com.android.server.am.ActivityManagerService.setTaskDescription(ActivityManagerService.java:8547)
12-09 07:46:40.747 W/ActivityManager( 1594): 	at android.app.ActivityManagerNative.onTransact(ActivityManagerNative.java:2410)
12-09 07:46:40.747 W/ActivityManager( 1594): 	at com.android.server.am.ActivityManagerService.onTransact(ActivityManagerService.java:2443)
12-09 07:46:40.747 W/ActivityManager( 1594): 	at android.os.Binder.execTransact(Binder.java:453)
12-09 07:46:40.776 W/ActivityManager( 1594): Bad activity token: android.os.BinderProxy@d6da3c2
12-09 07:46:40.776 W/ActivityManager( 1594): java.lang.ClassCastException: android.os.BinderProxy cannot be cast to com.android.server.am.ActivityRecord$Token
12-09 07:46:40.776 W/ActivityManager( 1594): 	at com.android.server.am.ActivityRecord.forTokenLocked(ActivityRecord.java:424)
12-09 07:46:40.776 W/ActivityManager( 1594): 	at com.android.server.am.ActivityRecord.isInStackLocked(ActivityRecord.java:1121)
12-09 07:46:40.776 W/ActivityManager( 1594): 	at com.android.server.am.ActivityManagerService.getActivityOptions(ActivityManagerService.java:11038)
12-09 07:46:40.776 W/ActivityManager( 1594): 	at android.app.ActivityManagerNative.onTransact(ActivityManagerNative.java:1734)
12-09 07:46:40.776 W/ActivityManager( 1594): 	at com.android.server.am.ActivityManagerService.onTransact(ActivityManagerService.java:2443)
12-09 07:46:40.776 W/ActivityManager( 1594): 	at android.os.Binder.execTransact(Binder.java:453)
12-09 07:46:40.835 W/ActivityManager( 1594): Bad activity token: android.os.BinderProxy@d6da3c2
12-09 07:46:40.835 W/ActivityManager( 1594): java.lang.ClassCastException: android.os.BinderProxy cannot be cast to com.android.server.am.ActivityRecord$Token
12-09 07:46:40.835 W/ActivityManager( 1594): 	at com.android.server.am.ActivityRecord.forTokenLocked(ActivityRecord.java:424)
12-09 07:46:40.835 W/ActivityManager( 1594): 	at com.android.server.am.ActivityRecord.isInStackLocked(ActivityRecord.java:1121)
12-09 07:46:40.835 W/ActivityManager( 1594): 	at com.android.server.am.ActivityManagerService.getActivityOptions(ActivityManagerService.java:11038)
12-09 07:46:40.835 W/ActivityManager( 1594): 	at android.app.ActivityManagerNative.onTransact(ActivityManagerNative.java:1734)
12-09 07:46:40.835 W/ActivityManager( 1594): 	at com.android.server.am.ActivityManagerService.onTransact(ActivityManagerService.java:2443)
12-09 07:46:40.835 W/ActivityManager( 1594): 	at android.os.Binder.execTransact(Binder.java:453)
12-09 07:46:40.847 I/art     ( 7289): Background partial concurrent mark sweep GC freed 15774(814KB) AllocSpace objects, 4(80KB) LOS objects, 39% free, 2MB/3MB, paused 17.168ms total 109.586ms
12-09 07:46:40.868 I/WindowManager( 1594): Screen frozen for +1s148ms due to Window{ac7d077 u0 StatusBar}
12-09 07:46:41.075 W/art     ( 1594): Long monitor contention event with owner method=void com.android.server.wm.WindowAnimator$1.doFrame(long) from WindowAnimator.java:121 waiters=1 for 239ms
12-09 07:46:41.077 W/art     ( 1594): Long monitor contention event with owner method=void com.android.server.wm.WindowManagerService$H.handleMessage(android.os.Message) from WindowManagerService.java:7820 waiters=1 for 210ms
12-09 07:46:41.390 W/art     ( 1594): Long monitor contention event with owner method=void com.android.server.wm.WindowAnimator$1.doFrame(long) from WindowAnimator.java:121 waiters=0 for 139ms
12-09 07:46:41.571 W/art     ( 1594): Long monitor contention event with owner method=void com.android.server.wm.WindowAnimator$1.doFrame(long) from WindowAnimator.java:121 waiters=0 for 181ms
12-09 07:46:41.573 I/Choreographer( 7289): Skipped 77 frames!  The application may be doing too much work on its main thread.
12-09 07:46:41.937 D/gralloc_ranchu( 1219): gralloc_alloc: Creating ashmem region of size 3686400
12-09 07:46:42.723 E/SurfaceFlinger( 1219): ro.sf.lcd_density must be defined as a build property
12-09 07:46:42.723 D/gralloc_ranchu( 1219): gralloc_alloc: Creating ashmem region of size 3686400
12-09 07:46:42.784 D/gralloc_ranchu( 1219): gralloc_alloc: Creating ashmem region of size 3686400
12-09 07:46:42.853 D/        ( 7324): HostConnection::get() New Host Connection established 0x7f809f412480, tid 7324
12-09 07:46:42.958 E/EGL_emulation( 1219): tid 1219: eglCreateSyncKHR(1881): error 0x3004 (EGL_BAD_ATTRIBUTE)
12-09 07:46:43.022 D/gralloc_ranchu( 1219): gralloc_alloc: Creating ashmem region of size 3686400
12-09 07:46:43.075 I/art     ( 1594): Starting a blocking GC Explicit
12-09 07:46:43.205 I/art     ( 1594): Explicit concurrent mark sweep GC freed 4710(348KB) AllocSpace objects, 0(0B) LOS objects, 30% free, 9MB/13MB, paused 1.403ms total 117.563ms
