12-09 07:43:05.834 W/ActivityManager( 1592): Bad activity token: android.os.BinderProxy@41f1b4
12-09 07:43:05.834 W/ActivityManager( 1592): java.lang.ClassCastException: android.os.BinderProxy cannot be cast to com.android.server.am.ActivityRecord$Token
12-09 07:43:05.834 W/ActivityManager( 1592): 	at com.android.server.am.ActivityRecord.forTokenLocked(ActivityRecord.java:424)
12-09 07:43:05.834 W/ActivityManager( 1592): 	at com.android.server.am.ActivityRecord.isInStackLocked(ActivityRecord.java:1121)
12-09 07:43:05.834 W/ActivityManager( 1592): 	at com.android.server.am.ActivityManagerService.getActivityOptions(ActivityManagerService.java:11038)
12-09 07:43:05.834 W/ActivityManager( 1592): 	at android.app.ActivityManagerNative.onTransact(ActivityManagerNative.java:1734)
12-09 07:43:05.834 W/ActivityManager( 1592): 	at com.android.server.am.ActivityManagerService.onTransact(ActivityManagerService.java:2443)
12-09 07:43:05.834 W/ActivityManager( 1592): 	at android.os.Binder.execTransact(Binder.java:453)
12-09 07:43:05.834 W/ActivityManager( 1592): Bad activity token: android.os.BinderProxy@41f1b4
12-09 07:43:05.834 W/ActivityManager( 1592): java.lang.ClassCastException: android.os.BinderProxy cannot be cast to com.android.server.am.ActivityRecord$Token
12-09 07:43:05.834 W/ActivityManager( 1592): 	at com.android.server.am.ActivityRecord.forTokenLocked(ActivityRecord.java:424)
12-09 07:43:05.834 W/ActivityManager( 1592): 	at com.android.server.am.ActivityRecord.isInStackLocked(ActivityRecord.java:1121)
12-09 07:43:05.834 W/ActivityManager( 1592): 	at com.android.server.am.ActivityManagerService.getActivityOptions(ActivityManagerService.java:11038)
12-09 07:43:05.834 W/ActivityManager( 1592): 	at android.app.ActivityManagerNative.onTransact(ActivityManagerNative.java:1734)
12-09 07:43:05.834 W/ActivityManager( 1592): 	at com.android.server.am.ActivityManagerService.onTransact(ActivityManagerService.java:2443)
12-09 07:43:05.834 W/ActivityManager( 1592): 	at android.os.Binder.execTransact(Binder.java:453)
12-09 07:43:05.841 I/art     ( 5201): Background partial concurrent mark sweep GC freed 35506(1586KB) AllocSpace objects, 2(40KB) LOS objects, 39% free, 3MB/5MB, paused 10.077ms total 57.921ms
12-09 07:43:05.849 W/audio_hw_generic( 1309): Hardware backing HAL too slow, could only write 0 of 661 frames
12-09 07:43:05.859 W/audio_hw_generic( 1309): Hardware backing HAL too slow, could only write 0 of 661 frames
12-09 07:43:05.877 W/audio_hw_generic( 1309): Hardware backing HAL too slow, could only write 0 of 661 frames
12-09 07:43:05.884 D/AudioFlinger( 1309): mixer(0xf4300000) throttle end: throttle time(1)
12-09 07:43:06.078 D/VehicleStatisticsActivity( 5201): Checking recalculation ...
12-09 07:43:06.079 D/VehicleStatisticsActivity( 5201): Recalculating statistics
12-09 07:43:06.079 D/VehicleStatisticsTask( 5201): Calculation starting...
12-09 07:43:06.079 D/VehicleStatisticsActivity( 5201): Recalculation started!
12-09 07:43:06.136 W/audio_hw_generic( 1309): Hardware backing HAL too slow, could only write 0 of 661 frames
12-09 07:43:06.194 D/CalculateTask( 5201): Recalculating...
12-09 07:43:06.253 W/audio_hw_generic( 1309): Hardware backing HAL too slow, could only write 0 of 661 frames
12-09 07:43:06.282 D/CalculateTask( 5201): Recalculating...
12-09 07:43:06.323 W/audio_hw_generic( 1309): Hardware backing HAL too slow, could only write 0 of 661 frames
12-09 07:43:06.334 W/audio_hw_generic( 1309): Hardware backing HAL too slow, could only write 0 of 661 frames
12-09 07:43:06.357 W/audio_hw_generic( 1309): Hardware backing HAL too slow, could only write 0 of 661 frames
12-09 07:43:06.372 W/audio_hw_generic( 1309): Hardware backing HAL too slow, could only write 0 of 661 frames
12-09 07:43:06.387 W/audio_hw_generic( 1309): Hardware backing HAL too slow, could only write 0 of 661 frames
12-09 07:43:06.397 D/VehicleStatisticsTask( 5201): Done recalculating!
12-09 07:43:06.398 D/VehicleStatisticsAdapter( 5201): Erasing the cache ...
12-09 07:43:06.430 E/SurfaceFlinger( 1219): ro.sf.lcd_density must be defined as a build property
12-09 07:43:06.441 D/VehicleStatisticsAdapter( 5201): Building new values ...
12-09 07:43:06.441 D/VehicleStatisticsAdapter( 5201): Writing 29 records to the database ...
12-09 07:43:06.462 D/VehicleStatisticsTask( 5201): Done recalculating!
12-09 07:43:06.476 D/Mileage.ABS( 5201): Finished backup
12-09 07:43:06.492 D/Mileage.ABS( 5201): Not backing up; 115
12-09 07:43:06.504 D/gralloc_ranchu( 1219): gralloc_alloc: Creating ashmem region of size 3686400
12-09 07:43:06.509 D/VehicleStatisticsAdapter( 5201): Erasing the cache ...
12-09 07:43:06.580 D/Mileage.ABS( 5201): Not backing up; 203
12-09 07:43:06.617 D/        ( 5325): HostConnection::get() New Host Connection established 0x7fda69bd2480, tid 5325
12-09 07:43:06.685 E/EGL_emulation( 1219): tid 1219: eglCreateSyncKHR(1881): error 0x3004 (EGL_BAD_ATTRIBUTE)
12-09 07:43:06.724 D/VehicleStatisticsAdapter( 5201): Building new values ...
12-09 07:43:06.725 D/VehicleStatisticsAdapter( 5201): Writing 29 records to the database ...
12-09 07:43:06.739 D/Mileage.ABS( 5201): Not backing up; 362
12-09 07:43:06.748 D/Mileage.ABS( 5201): Not backing up; 371
12-09 07:43:06.785 W/audio_hw_generic( 1309): Not supplying enough data to HAL, expected position 6471727 , only wrote 6471190
12-09 07:43:06.844 D/Mileage.ABS( 5201): Not backing up; 467
12-09 07:43:06.922 W/audio_hw_generic( 1309): Not supplying enough data to HAL, expected position 6477246 , only wrote 6475817
12-09 07:43:06.922 W/audio_hw_generic( 1309): Not supplying enough data to HAL, expected position 6475824 , only wrote 6475817
12-09 07:43:06.950 D/Mileage.ABS( 5201): Not backing up; 573
12-09 07:43:06.964 W/audio_hw_generic( 1309): Not supplying enough data to HAL, expected position 6477683 , only wrote 6476478
12-09 07:43:07.012 D/Mileage.ABS( 5201): Not backing up; 635
12-09 07:43:07.062 D/Mileage.ABS( 5201): Not backing up; 685
12-09 07:43:07.063 D/Mileage.ABS( 5201): Not backing up; 686
12-09 07:43:07.105 D/Mileage.ABS( 5201): Not backing up; 728
12-09 07:43:07.203 D/Mileage.ABS( 5201): Not backing up; 826
12-09 07:43:07.204 D/Mileage.ABS( 5201): Not backing up; 827
12-09 07:43:07.204 D/Mileage.ABS( 5201): Not backing up; 827
12-09 07:43:07.298 D/Mileage.ABS( 5201): Not backing up; 921
12-09 07:43:07.299 D/Mileage.ABS( 5201): Not backing up; 922
12-09 07:43:07.417 W/audio_hw_generic( 1309): Not supplying enough data to HAL, expected position 6496449 , only wrote 6496308
12-09 07:43:07.513 I/System.out( 5201): URI: //map
12-09 07:43:07.513 I/System.out( 5201): params: {json={"query":"* {text CONTAINS[c] 'Average fuel economy'}","operation":{"method_name":"query","arguments":[]}}
12-09 07:43:07.513 I/System.out( 5201): }
12-09 07:43:07.620 D/Mileage.ABS( 5201): Finished backup
12-09 07:43:07.621 D/Mileage.ABS( 5201): Not backing up; 21
12-09 07:43:07.621 D/Mileage.ABS( 5201): Not backing up; 21
12-09 07:43:07.651 W/audio_hw_generic( 1309): Not supplying enough data to HAL, expected position 6506595 , only wrote 6506223
12-09 07:43:07.758 D/Mileage.ABS( 5201): Not backing up; 158
12-09 07:43:07.793 D/Mileage.ABS( 5201): Not backing up; 193
12-09 07:43:07.793 D/Mileage.ABS( 5201): Not backing up; 193
12-09 07:43:07.794 D/Mileage.ABS( 5201): Not backing up; 194
12-09 07:43:07.795 D/Mileage.ABS( 5201): Not backing up; 195
12-09 07:43:07.875 W/audio_hw_generic( 1309): Not supplying enough data to HAL, expected position 6516105 , only wrote 6514816
12-09 07:43:07.875 W/audio_hw_generic( 1309): Not supplying enough data to HAL, expected position 6514824 , only wrote 6514816
12-09 07:43:07.891 W/audio_hw_generic( 1309): Not supplying enough data to HAL, expected position 6515523 , only wrote 6515477
12-09 07:43:07.982 W/audio_hw_generic( 1309): Not supplying enough data to HAL, expected position 6519473 , only wrote 6519443
12-09 07:43:07.982 W/audio_hw_generic( 1309): Not supplying enough data to HAL, expected position 6519450 , only wrote 6519443
12-09 07:43:08.012 W/audio_hw_generic( 1309): Not supplying enough data to HAL, expected position 6520776 , only wrote 6520104
12-09 07:43:08.120 D/Mileage.ABS( 5201): Not backing up; 520
12-09 07:43:08.125 W/audio_hw_generic( 1309): Not supplying enough data to HAL, expected position 6525110 , only wrote 6524731
12-09 07:43:08.126 W/audio_hw_generic( 1309): Not supplying enough data to HAL, expected position 6524738 , only wrote 6524731
12-09 07:43:08.169 D/Mileage.ABS( 5201): Not backing up; 569
12-09 07:43:08.170 D/Mileage.ABS( 5201): Not backing up; 570
12-09 07:43:08.171 D/Mileage.ABS( 5201): Not backing up; 571
12-09 07:43:08.172 D/Mileage.ABS( 5201): Not backing up; 571
12-09 07:43:08.341 D/Mileage.ABS( 5201): Not backing up; 741
12-09 07:43:08.345 D/Mileage.ABS( 5201): Not backing up; 745
12-09 07:43:08.345 D/Mileage.ABS( 5201): Not backing up; 745
12-09 07:43:08.345 D/Mileage.ABS( 5201): Not backing up; 745
12-09 07:43:08.346 D/Mileage.ABS( 5201): Not backing up; 746
12-09 07:43:08.346 D/Mileage.ABS( 5201): Not backing up; 746
12-09 07:43:08.510 W/audio_hw_generic( 1309): Not supplying enough data to HAL, expected position 6541663 , only wrote 6540595
12-09 07:43:08.510 W/audio_hw_generic( 1309): Not supplying enough data to HAL, expected position 6540603 , only wrote 6540595
12-09 07:43:08.533 W/audio_hw_generic( 1309): Not supplying enough data to HAL, expected position 6541635 , only wrote 6541256
12-09 07:43:08.616 W/audio_hw_generic( 1309): Not supplying enough data to HAL, expected position 6544879 , only wrote 6544561
12-09 07:43:08.633 I/art     ( 5201): Background sticky concurrent mark sweep GC freed 77996(3MB) AllocSpace objects, 2(40KB) LOS objects, 39% free, 3MB/5MB, paused 2.586ms total 520.187ms
12-09 07:43:08.679 I/System.out( 5201): URI: //gesture
12-09 07:43:08.679 I/System.out( 5201): params: {json={"query_timeout":5.0,"gestures":[{"query_string":"* {text CONTAINS[c] 'Average fuel economy'}","touches":[{"x":50,"y":50,"offset_x":0,"offset_y":0,"wait":0.0,"time":0.2,"release":true,"query_string":null}]}]}
12-09 07:43:08.679 I/System.out( 5201): }
12-09 07:43:08.711 D/Mileage.ABS( 5201): Finished backup
12-09 07:43:08.723 D/Mileage.ABS( 5201): Not backing up; 15
12-09 07:43:08.861 W/audio_hw_generic( 1309): Not supplying enough data to HAL, expected position 6555399 , only wrote 6555137
12-09 07:43:08.862 D/Mileage.ABS( 5201): Not backing up; 154
12-09 07:43:08.862 D/Mileage.ABS( 5201): Not backing up; 154
12-09 07:43:08.865 W/audio_hw_generic( 1309): Not supplying enough data to HAL, expected position 6555281 , only wrote 6555137
12-09 07:43:08.947 D/Mileage.ABS( 5201): Not backing up; 239
12-09 07:43:09.087 D/Mileage.ABS( 5201): Not backing up; 379
12-09 07:43:09.087 D/Mileage.ABS( 5201): Not backing up; 379
12-09 07:43:09.087 D/Mileage.ABS( 5201): Not backing up; 379
12-09 07:43:09.088 D/Mileage.ABS( 5201): Not backing up; 380
12-09 07:43:09.236 D/Mileage.ABS( 5201): Not backing up; 528
12-09 07:43:09.237 D/Mileage.ABS( 5201): Not backing up; 529
12-09 07:43:09.237 D/Mileage.ABS( 5201): Not backing up; 529
12-09 07:43:09.237 D/Mileage.ABS( 5201): Not backing up; 529
12-09 07:43:09.237 D/Mileage.ABS( 5201): Not backing up; 529
12-09 07:43:09.330 D/Mileage.ABS( 5201): Not backing up; 622
12-09 07:43:09.331 D/Mileage.ABS( 5201): Not backing up; 623
12-09 07:43:09.332 D/Mileage.ABS( 5201): Not backing up; 624
12-09 07:43:09.332 D/Mileage.ABS( 5201): Not backing up; 624
12-09 07:43:09.338 I/ActivityManager( 1592): START u0 {cmp=com.evancharlton.mileage/.charts.AverageFuelEconomyChart (has extras)} from uid 10117 on display 0
12-09 07:43:09.393 D/Mileage.ABS( 5201): Not backing up; 685
12-09 07:43:09.399 D/Mileage.ABS( 5201): Not backing up; 691
12-09 07:43:09.433 D/AudioFlinger( 1309): mixer(0xf4300000) throttle end: throttle time(11)
12-09 07:43:09.445 W/audio_hw_generic( 1309): Hardware backing HAL too slow, could only write 0 of 661 frames
12-09 07:43:09.473 W/audio_hw_generic( 1309): Hardware backing HAL too slow, could only write 0 of 661 frames
12-09 07:43:09.473 W/audio_hw_generic( 1309): Hardware backing HAL too slow, could only write 0 of 661 frames
12-09 07:43:09.489 W/audio_hw_generic( 1309): Hardware backing HAL too slow, could only write 0 of 661 frames
12-09 07:43:09.505 W/audio_hw_generic( 1309): Hardware backing HAL too slow, could only write 0 of 661 frames
12-09 07:43:09.522 W/audio_hw_generic( 1309): Hardware backing HAL too slow, could only write 0 of 661 frames
12-09 07:43:09.541 D/VehicleStatisticsAdapter( 5201): Caching of 29 records complete! (3.1 seconds)
12-09 07:43:09.577 D/Mileage.ABS( 5201): Not backing up; 864
12-09 07:43:09.578 I/calabash( 5201): newActivity1
12-09 07:43:09.596 D/VehicleStatisticsAdapter( 5201): Caching of 29 records complete! (2.87 seconds)
12-09 07:43:09.619 D/Mileage.ABS( 5201): Not backing up; 911
12-09 07:43:09.626 D/Mileage.ABS( 5201): Not backing up; 918
12-09 07:43:09.627 D/Mileage.ABS( 5201): Not backing up; 919
12-09 07:43:09.627 D/Mileage.ABS( 5201): Not backing up; 919
12-09 07:43:09.637 I/art     ( 5201): Background partial concurrent mark sweep GC freed 51027(2MB) AllocSpace objects, 4(80KB) LOS objects, 39% free, 3MB/5MB, paused 1.351ms total 197.792ms
12-09 07:43:09.648 W/audio_hw_generic( 1309): Not supplying enough data to HAL, expected position 6566260 , only wrote 6565713
12-09 07:43:09.700 W/aiCharts( 5201): License file is invalid or missing. 
12-09 07:43:09.700 W/aiCharts( 5201): Please place proper license.lic to /assets folder.
12-09 07:43:09.809 W/audio_hw_generic( 1309): Not supplying enough data to HAL, expected position 6572842 , only wrote 6572323
12-09 07:43:09.810 W/audio_hw_generic( 1309): Not supplying enough data to HAL, expected position 6572330 , only wrote 6572323
12-09 07:43:09.856 V/PhoneStatusBar( 1695): setLightsOn(true)
12-09 07:43:09.897 D/Mileage.ABS( 5201): Finished backup
12-09 07:43:09.914 W/audio_hw_generic( 1309): Not supplying enough data to HAL, expected position 6576932 , only wrote 6576289
12-09 07:43:09.915 D/Mileage.ABS( 5201): Not backing up; 84
12-09 07:43:09.946 W/audio_hw_generic( 1309): Not supplying enough data to HAL, expected position 6577713 , only wrote 6577611
12-09 07:43:10.044 E/SurfaceFlinger( 1219): ro.sf.lcd_density must be defined as a build property
12-09 07:43:10.057 D/gralloc_ranchu( 1219): gralloc_alloc: Creating ashmem region of size 3686400
12-09 07:43:10.091 D/        ( 5349): HostConnection::get() New Host Connection established 0x7fc305352480, tid 5349
12-09 07:43:10.113 E/EGL_emulation( 1219): tid 1219: eglCreateSyncKHR(1881): error 0x3004 (EGL_BAD_ATTRIBUTE)
12-09 07:43:10.215 W/audio_hw_generic( 1309): Hardware backing HAL too slow, could only write 0 of 661 frames
12-09 07:43:10.224 W/audio_hw_generic( 1309): Hardware backing HAL too slow, could only write 0 of 661 frames
12-09 07:43:10.239 W/audio_hw_generic( 1309): Hardware backing HAL too slow, could only write 0 of 661 frames
12-09 07:43:10.253 W/audio_hw_generic( 1309): Hardware backing HAL too slow, could only write 0 of 661 frames
12-09 07:43:10.264 W/audio_hw_generic( 1309): Hardware backing HAL too slow, could only write 0 of 661 frames
12-09 07:43:10.271 D/gralloc_ranchu( 1219): gralloc_alloc: Creating ashmem region of size 372736
12-09 07:43:10.294 W/audio_hw_generic( 1309): Hardware backing HAL too slow, could only write 0 of 661 frames
12-09 07:43:10.314 W/audio_hw_generic( 1309): Hardware backing HAL too slow, could only write 0 of 661 frames
12-09 07:43:10.325 W/audio_hw_generic( 1309): Hardware backing HAL too slow, could only write 0 of 661 frames
12-09 07:43:10.341 W/audio_hw_generic( 1309): Hardware backing HAL too slow, could only write 0 of 661 frames
12-09 07:43:10.361 W/audio_hw_generic( 1309): Hardware backing HAL too slow, could only write 0 of 661 frames
12-09 07:43:10.487 W/audio_hw_generic( 1309): Not supplying enough data to HAL, expected position 6601118 , only wrote 6600746
12-09 07:43:10.487 W/audio_hw_generic( 1309): Not supplying enough data to HAL, expected position 6601072 , only wrote 6600746
12-09 07:43:10.622 W/audio_hw_generic( 1309): Not supplying enough data to HAL, expected position 6606684 , only wrote 6601407
12-09 07:43:10.693 W/audio_hw_generic( 1309): Not supplying enough data to HAL, expected position 6604544 , only wrote 6602729
12-09 07:43:10.749 W/audio_hw_generic( 1309): Hardware backing HAL too slow, could only write 0 of 661 frames
12-09 07:43:10.749 W/audio_hw_generic( 1309): Hardware backing HAL too slow, could only write 0 of 661 frames
12-09 07:43:10.801 W/audio_hw_generic( 1309): Not supplying enough data to HAL, expected position 6607527 , only wrote 6607356
12-09 07:43:10.802 W/audio_hw_generic( 1309): Not supplying enough data to HAL, expected position 6607363 , only wrote 6607356
12-09 07:43:10.819 W/art     ( 1592): Long monitor contention event with owner method=void com.android.server.wm.WindowAnimator$1.doFrame(long) from WindowAnimator.java:121 waiters=1 for 182ms
12-09 07:43:10.821 W/audio_hw_generic( 1309): Not supplying enough data to HAL, expected position 6608222 , only wrote 6608017
12-09 07:43:11.162 W/audio_hw_generic( 1309): Not supplying enough data to HAL, expected position 6623020 , only wrote 6622559
12-09 07:43:11.162 W/audio_hw_generic( 1309): Not supplying enough data to HAL, expected position 6622567 , only wrote 6622559
12-09 07:43:11.185 W/audio_hw_generic( 1309): Not supplying enough data to HAL, expected position 6623600 , only wrote 6623220
12-09 07:43:11.317 W/art     ( 1592): Long monitor contention event with owner method=void com.android.server.wm.WindowAnimator$1.doFrame(long) from WindowAnimator.java:121 waiters=1 for 208ms
12-09 07:43:11.395 W/art     ( 1592): Long monitor contention event with owner method=void com.android.server.wm.WindowAnimator$1.doFrame(long) from WindowAnimator.java:121 waiters=1 for 178ms
