--------- beginning of main
12-09 08:27:29.231 W/audio_hw_generic( 1307): Not supplying enough data to HAL, expected position 40259491 , only wrote 40258866
12-09 08:27:29.265 W/audio_hw_generic( 1307): Not supplying enough data to HAL, expected position 40260366 , only wrote 40260188
12-09 08:27:29.300 W/audio_hw_generic( 1307): Hardware backing HAL too slow, could only write 0 of 661 frames
12-09 08:27:29.316 E/EGL_emulation( 1219): tid 1219: eglCreateSyncKHR(1881): error 0x3004 (EGL_BAD_ATTRIBUTE)
12-09 08:27:29.456 W/art     ( 1593): Suspending all threads took: 8.954ms
12-09 08:27:29.501 I/art     ( 1593): Background partial concurrent mark sweep GC freed 11119(786KB) AllocSpace objects, 6(120KB) LOS objects, 29% free, 9MB/13MB, paused 16.985ms total 110.478ms
12-09 08:27:29.566 W/art     ( 1593): Long monitor contention event with owner method=void com.android.server.am.ActivityManagerService.activityPaused(android.os.IBinder) from ActivityManagerService.java:6439 waiters=1 for 144ms
--------- beginning of system
12-09 08:27:29.566 W/ActivityManager( 1593): Finishing task with all activities already finished
12-09 08:27:29.566 W/ActivityManager( 1593): Duplicate finish request for ActivityRecord{ccb2a32 u0 com.evancharlton.mileage/.Mileage t459 f}
12-09 08:27:29.566 W/ActivityManager( 1593): Finishing task with all activities already finished
12-09 08:27:29.566 W/ActivityManager( 1593): Duplicate finish request for ActivityRecord{ccb2a32 u0 com.evancharlton.mileage/.Mileage t459 f}
12-09 08:27:29.566 W/ActivityManager( 1593): Finishing task with all activities already finished
12-09 08:27:29.566 W/ActivityManager( 1593): Duplicate finish request for ActivityRecord{ccb2a32 u0 com.evancharlton.mileage/.Mileage t459 f}
12-09 08:27:29.581 W/audio_hw_generic( 1307): Not supplying enough data to HAL, expected position 40274130 , only wrote 40274069
12-09 08:27:29.641 W/audio_hw_generic( 1307): Not supplying enough data to HAL, expected position 40276734 , only wrote 40276713
12-09 08:27:29.641 W/audio_hw_generic( 1307): Not supplying enough data to HAL, expected position 40276720 , only wrote 40276713
12-09 08:27:29.723 W/art     ( 1593): Long monitor contention event with owner method=int com.android.server.wm.WindowManagerService.relayoutWindow(com.android.server.wm.Session, android.view.IWindow, int, android.view.WindowManager$LayoutParams, int, int, int, int, android.graphics.Rect, android.graphics.Rect, android.graphics.Rect, android.graphics.Rect, android.graphics.Rect, android.graphics.Rect, android.content.res.Configuration, android.view.Surface) from WindowManagerService.java:3103 waiters=0 for 111ms
12-09 08:27:29.842 D/EGL_emulation( 1928): eglMakeCurrent: 0x7f6d8d074dc0: ver 2 0 (tinfo 0x7f6d8d042de0)
12-09 08:27:29.846 W/audio_hw_generic( 1307): Not supplying enough data to HAL, expected position 40285747 , only wrote 40285306
12-09 08:27:29.868 W/art     ( 1593): Long monitor contention event with owner method=void com.android.server.wm.WindowAnimator$1.doFrame(long) from WindowAnimator.java:121 waiters=0 for 113ms
12-09 08:27:30.139 W/art     ( 1593): Long monitor contention event with owner method=void com.android.server.wm.WindowAnimator$1.doFrame(long) from WindowAnimator.java:121 waiters=1 for 259ms
12-09 08:27:30.243 D/AndroidRuntime(17255): >>>>>> START com.android.internal.os.RuntimeInit uid 0 <<<<<<
12-09 08:27:30.250 D/AndroidRuntime(17255): CheckJNI is ON
12-09 08:27:30.296 D/ICU     (17255): No timezone override file found: /data/misc/zoneinfo/current/icu/icu_tzdata.dat
12-09 08:27:30.414 W/art     ( 1593): Long monitor contention event with owner method=void com.android.server.wm.WindowAnimator$1.doFrame(long) from WindowAnimator.java:121 waiters=1 for 275ms
12-09 08:27:30.434 E/memtrack(17255): Couldn't load memtrack module (No such file or directory)
12-09 08:27:30.445 E/android.os.Debug(17255): failed to load memtrack module: -2
12-09 08:27:30.446 I/Radio-JNI(17255): register_android_hardware_Radio DONE
12-09 08:27:30.481 D/AndroidRuntime(17255): Calling main entry com.android.commands.am.Am
12-09 08:27:30.576 W/art     ( 1593): Long monitor contention event with owner method=void com.android.server.wm.WindowAnimator$1.doFrame(long) from WindowAnimator.java:121 waiters=1 for 297ms
12-09 08:27:30.704 W/art     ( 1593): Long monitor contention event with owner method=java.util.List com.android.server.am.ActivityManagerService.getAllStackInfos() from ActivityManagerService.java:8937 waiters=0 for 125ms
12-09 08:27:30.704 I/ActivityManager( 1593): Force stopping com.evancharlton.mileage appid=10137 user=0: start instr
12-09 08:27:30.704 I/ActivityManager( 1593): Killing 17186:com.evancharlton.mileage/u0a137 (adj 0): stop com.evancharlton.mileage
12-09 08:27:30.725 W/InputDispatcher( 1593): channel 'afeccde Toast (server)' ~ Consumer closed input channel or an error occurred.  events=0x9
12-09 08:27:30.725 E/InputDispatcher( 1593): channel 'afeccde Toast (server)' ~ Channel is unrecoverably broken and will be disposed!
12-09 08:27:31.399 W/art     ( 1593): Long monitor contention event with owner method=void com.android.server.wm.WindowAnimator$1.doFrame(long) from WindowAnimator.java:121 waiters=2 for 298ms
12-09 08:27:31.480 W/art     ( 1593): Long monitor contention event with owner method=void com.android.server.wm.WindowAnimator$1.doFrame(long) from WindowAnimator.java:121 waiters=2 for 287ms
12-09 08:27:31.558 W/art     ( 1593): Long monitor contention event with owner method=void com.android.server.wm.WindowAnimator$1.doFrame(long) from WindowAnimator.java:121 waiters=2 for 251ms
12-09 08:27:31.718 W/art     ( 1593): Long monitor contention event with owner method=void com.android.server.wm.WindowAnimator$1.doFrame(long) from WindowAnimator.java:121 waiters=2 for 238ms
12-09 08:27:31.831 W/art     ( 1593): Long monitor contention event with owner method=void com.android.server.wm.WindowAnimator$1.doFrame(long) from WindowAnimator.java:121 waiters=2 for 273ms
12-09 08:27:31.910 I/WindowState( 1593): WIN DEATH: Window{cbe83e2 u0 com.evancharlton.mileage/com.evancharlton.mileage.Mileage EXITING}
12-09 08:27:31.911 W/art     ( 1593): Long monitor contention event with owner method=void com.android.server.wm.WindowAnimator$1.doFrame(long) from WindowAnimator.java:121 waiters=2 for 193ms
12-09 08:27:31.911 W/ActivityManager( 1593): Crash of app com.evancharlton.mileage running instrumentation ComponentInfo{com.evancharlton.mileage.test/sh.calaba.instrumentationbackend.CalabashInstrumentationTestRunner}
12-09 08:27:31.911 I/ActivityManager( 1593): Force stopping com.evancharlton.mileage appid=10137 user=0: finished inst
12-09 08:27:31.914 I/WindowState( 1593): WIN DEATH: Window{afeccde u0 Toast}
12-09 08:27:31.914 W/InputDispatcher( 1593): Attempted to unregister already unregistered input channel 'afeccde Toast (server)'
12-09 08:27:31.936 W/WindowAnimator( 1593): Failed to dispatch window animation state change.
12-09 08:27:31.936 W/WindowAnimator( 1593): android.os.DeadObjectException
12-09 08:27:31.936 W/WindowAnimator( 1593): 	at android.os.BinderProxy.transactNative(Native Method)
12-09 08:27:31.936 W/WindowAnimator( 1593): 	at android.os.BinderProxy.transact(Binder.java:503)
12-09 08:27:31.936 W/WindowAnimator( 1593): 	at android.view.IWindow$Stub$Proxy.onAnimationStarted(IWindow.java:520)
12-09 08:27:31.936 W/WindowAnimator( 1593): 	at com.android.server.wm.WindowAnimator.updateWindowsLocked(WindowAnimator.java:282)
12-09 08:27:31.936 W/WindowAnimator( 1593): 	at com.android.server.wm.WindowAnimator.animateLocked(WindowAnimator.java:678)
12-09 08:27:31.936 W/WindowAnimator( 1593): 	at com.android.server.wm.WindowAnimator.-wrap0(WindowAnimator.java)
12-09 08:27:31.936 W/WindowAnimator( 1593): 	at com.android.server.wm.WindowAnimator$1.doFrame(WindowAnimator.java:123)
12-09 08:27:31.936 W/WindowAnimator( 1593): 	at android.view.Choreographer$CallbackRecord.run(Choreographer.java:856)
12-09 08:27:31.936 W/WindowAnimator( 1593): 	at android.view.Choreographer.doCallbacks(Choreographer.java:670)
12-09 08:27:31.936 W/WindowAnimator( 1593): 	at android.view.Choreographer.doFrame(Choreographer.java:603)
12-09 08:27:31.936 W/WindowAnimator( 1593): 	at android.view.Choreographer$FrameDisplayEventReceiver.run(Choreographer.java:844)
12-09 08:27:31.936 W/WindowAnimator( 1593): 	at android.os.Handler.handleCallback(Handler.java:739)
12-09 08:27:31.936 W/WindowAnimator( 1593): 	at android.os.Handler.dispatchMessage(Handler.java:95)
12-09 08:27:31.936 W/WindowAnimator( 1593): 	at android.os.Looper.loop(Looper.java:148)
12-09 08:27:31.936 W/WindowAnimator( 1593): 	at android.os.HandlerThread.run(HandlerThread.java:61)
12-09 08:27:31.936 W/WindowAnimator( 1593): 	at com.android.server.ServiceThread.run(ServiceThread.java:46)
12-09 08:27:32.254 I/ActivityManager( 1593): Start proc 17264:com.evancharlton.mileage/u0a137 for added application com.evancharlton.mileage
12-09 08:27:32.254 D/AndroidRuntime(17255): Shutting down VM
12-09 08:27:32.257 W/art     ( 1593): Long monitor contention event with owner method=java.util.List com.android.server.am.ActivityManagerService.getAllStackInfos() from ActivityManagerService.java:8937 waiters=1 for 1.554s
12-09 08:27:32.258 W/art     ( 1593): Long monitor contention event with owner method=boolean com.android.server.am.ActivityManagerService.startInstrumentation(android.content.ComponentName, java.lang.String, int, android.os.Bundle, android.app.IInstrumentationWatcher, android.app.IUiAutomationConnection, int, java.lang.String) from ActivityManagerService.java:17066 waiters=1 for 1.552s
12-09 08:27:32.259 W/InputMethodManagerService( 1593): Got RemoteException sending setActive(false) notification to pid 17186 uid 10137
12-09 08:27:32.259 W/art     ( 1593): Long monitor contention event with owner method=boolean com.android.server.am.ActivityManagerService.startInstrumentation(android.content.ComponentName, java.lang.String, int, android.os.Bundle, android.app.IInstrumentationWatcher, android.app.IUiAutomationConnection, int, java.lang.String) from ActivityManagerService.java:17066 waiters=2 for 1.552s
12-09 08:27:32.259 W/art     ( 1593): Long monitor contention event with owner method=boolean com.android.server.am.ActivityManagerService.startInstrumentation(android.content.ComponentName, java.lang.String, int, android.os.Bundle, android.app.IInstrumentationWatcher, android.app.IUiAutomationConnection, int, java.lang.String) from ActivityManagerService.java:17066 waiters=3 for 1.193s
12-09 08:27:32.315 W/System  (17264): ClassLoader referenced unknown path: /data/app/com.evancharlton.mileage.test-1/lib/x86_64
12-09 08:27:32.315 W/System  (17264): ClassLoader referenced unknown path: /data/app/com.evancharlton.mileage-1/lib/x86_64
12-09 08:27:32.396 I/System.out(17264): Main activity name automatically set to: com.evancharlton.mileage.Mileage
12-09 08:27:32.396 I/System.out(17264): Calabash did not load Mono. This is only a problem if you are trying to test a Mono application
12-09 08:27:32.396 I/calabash(17264): Test server port: 7102
12-09 08:27:32.438 I/InstrumentationBackend(17264): Added:'GetPreferences', with key:'get_preferences'
12-09 08:27:32.545 W/art     (17264): Suspending all threads took: 15.068ms
12-09 08:27:32.564 I/art     (17264): Background sticky concurrent mark sweep GC freed 5490(327KB) AllocSpace objects, 0(0B) LOS objects, 33% free, 856KB/1285KB, paused 27.369ms total 124.928ms
12-09 08:27:32.618 I/InstrumentationBackend(17264): Added:'SetPreferences', with key:'set_preferences'
12-09 08:27:32.619 I/InstrumentationBackend(17264): Added:'ClearPreferences', with key:'clear_preferences'
12-09 08:27:32.619 I/InstrumentationBackend(17264): Added:'PressElement', with key:'press_l10n_element'
12-09 08:27:32.619 I/InstrumentationBackend(17264): Added:'WaitForElement', with key:'wait_for_l10n_element'
12-09 08:27:32.619 I/InstrumentationBackend(17264): Added:'NullAction', with key:'nullAction'
12-09 08:27:32.620 I/InstrumentationBackend(17264): Added:'PressKey', with key:'press_key'
12-09 08:27:32.620 I/InstrumentationBackend(17264): Added:'SetActivityOrientation', with key:'set_activity_orientation'
12-09 08:27:32.620 I/InstrumentationBackend(17264): Added:'GetActivityOrientation', with key:'get_activity_orientation'
12-09 08:27:32.620 I/InstrumentationBackend(17264): Added:'FakeGPSLocation', with key:'set_gps_coordinates'
12-09 08:27:32.624 I/InstrumentationBackend(17264): Added:'SetPropertyByCssSelector', with key:'set_property_by_css_selector'
12-09 08:27:32.624 I/InstrumentationBackend(17264): Added:'GetUrl', with key:'get_url'
12-09 08:27:32.625 I/InstrumentationBackend(17264): Added:'ScrollTo', with key:'scroll_to'
12-09 08:27:32.625 I/InstrumentationBackend(17264): Added:'GetLoadProgress', with key:'get_load_progress'
12-09 08:27:32.626 I/InstrumentationBackend(17264): Added:'DumpHtml', with key:'dump_html'
12-09 08:27:32.626 I/InstrumentationBackend(17264): Added:'DumpBodyHtml', with key:'dump_body_html'
12-09 08:27:32.626 I/InstrumentationBackend(17264): Added:'EnterTextByCssSelector', with key:'enter_text_by_selector'
12-09 08:27:32.627 I/InstrumentationBackend(17264): Added:'AndroidSDKVersion', with key:'android_sdk_version'
12-09 08:27:32.627 I/InstrumentationBackend(17264): Added:'Version', with key:'version'
12-09 08:27:32.628 I/InstrumentationBackend(17264): Added:'Drag', with key:'drag'
12-09 08:27:32.628 I/InstrumentationBackend(17264): Added:'TouchCoordinates', with key:'touch_coordinate'
12-09 08:27:32.628 I/InstrumentationBackend(17264): Added:'LongPressCoordinate', with key:'long_press_coordinate'
12-09 08:27:32.628 I/InstrumentationBackend(17264): Added:'DragCoordinates', with key:'drag_coordinates'
12-09 08:27:32.628 I/InstrumentationBackend(17264): Added:'ResumeApplication', with key:'resume_application'
12-09 08:27:32.649 I/InstrumentationBackend(17264): Added:'Swipe', with key:'swipe'
12-09 08:27:32.649 I/InstrumentationBackend(17264): Added:'DoubleTapCoordinate', with key:'double_tap_coordinate'
12-09 08:27:32.649 I/InstrumentationBackend(17264): Added:'ClickOnScreen', with key:'click_on_screen'
12-09 08:27:32.650 I/InstrumentationBackend(17264): Added:'GetActivityName', with key:'get_activity_name'
12-09 08:27:32.650 I/InstrumentationBackend(17264): Added:'ScrollToView', with key:'scroll_to_view'
12-09 08:27:32.650 I/InstrumentationBackend(17264): Added:'ViewConfiguration', with key:'view_configuration'
12-09 08:27:32.650 I/InstrumentationBackend(17264): Added:'IsCurrentActivityFocused', with key:'is_current_activity_focused'
12-09 08:27:32.651 I/InstrumentationBackend(17264): Added:'SendTcp', with key:'send_tcp'
12-09 08:27:32.651 I/InstrumentationBackend(17264): Added:'DpToDevicePixel', with key:'dp_to_device_pixel'
12-09 08:27:32.651 I/InstrumentationBackend(17264): Added:'KeyboardEnterText', with key:'keyboard_enter_text'
12-09 08:27:32.651 I/InstrumentationBackend(17264): Added:'DeleteSurroundingText', with key:'delete_surrounding_text'
12-09 08:27:32.652 I/InstrumentationBackend(17264): Added:'SetComposingRegion', with key:'set_composing_region'
12-09 08:27:32.666 I/InstrumentationBackend(17264): Added:'SetSelection', with key:'set_selection'
12-09 08:27:32.667 I/InstrumentationBackend(17264): Added:'KeyboardKeyEvent', with key:'keyboard_key_event'
12-09 08:27:32.667 I/InstrumentationBackend(17264): Added:'PressUserActionButton', with key:'press_user_action_button'
12-09 08:27:32.668 I/InstrumentationBackend(17264): Added:'HideSoftKeyboard', with key:'hide_soft_keyboard'
12-09 08:27:32.668 I/InstrumentationBackend(17264): Added:'ListActions', with key:'list_actions'
12-09 08:27:32.669 I/calabash(17264): Instantiating http server at 7102
12-09 08:27:32.678 W/art     ( 1593): Long monitor contention event with owner method=com.android.internal.view.InputBindResult com.android.server.InputMethodManagerService.windowGainedFocus(com.android.internal.view.IInputMethodClient, android.os.IBinder, int, int, int, android.view.inputmethod.EditorInfo, com.android.internal.view.IInputContext) from InputMethodManagerService.java:2177 waiters=0 for 1.972s
12-09 08:27:32.679 I/Choreographer( 1928): Skipped 167 frames!  The application may be doing too much work on its main thread.
12-09 08:27:32.681 W/art     ( 1593): Long monitor contention event with owner method=com.android.internal.view.InputBindResult com.android.server.InputMethodManagerService.windowGainedFocus(com.android.internal.view.IInputMethodClient, android.os.IBinder, int, int, int, android.view.inputmethod.EditorInfo, com.android.internal.view.IInputContext) from InputMethodManagerService.java:2177 waiters=1 for 1.694s
12-09 08:27:32.682 I/System.out(17264): HTTP Daemon listening on: 7102
12-09 08:27:32.690 W/WindowAnimator( 1593): Failed to dispatch window animation state change.
12-09 08:27:32.690 W/WindowAnimator( 1593): android.os.DeadObjectException
12-09 08:27:32.690 W/WindowAnimator( 1593): 	at android.os.BinderProxy.transactNative(Native Method)
12-09 08:27:32.690 W/WindowAnimator( 1593): 	at android.os.BinderProxy.transact(Binder.java:503)
12-09 08:27:32.690 W/WindowAnimator( 1593): 	at android.view.IWindow$Stub$Proxy.onAnimationStopped(IWindow.java:534)
12-09 08:27:32.690 W/WindowAnimator( 1593): 	at com.android.server.wm.WindowAnimator.updateWindowsLocked(WindowAnimator.java:286)
12-09 08:27:32.690 W/WindowAnimator( 1593): 	at com.android.server.wm.WindowAnimator.animateLocked(WindowAnimator.java:678)
12-09 08:27:32.690 W/WindowAnimator( 1593): 	at com.android.server.wm.WindowAnimator.-wrap0(WindowAnimator.java)
12-09 08:27:32.690 W/WindowAnimator( 1593): 	at com.android.server.wm.WindowAnimator$1.doFrame(WindowAnimator.java:123)
12-09 08:27:32.690 W/WindowAnimator( 1593): 	at android.view.Choreographer$CallbackRecord.run(Choreographer.java:856)
12-09 08:27:32.690 W/WindowAnimator( 1593): 	at android.view.Choreographer.doCallbacks(Choreographer.java:670)
12-09 08:27:32.690 W/WindowAnimator( 1593): 	at android.view.Choreographer.doFrame(Choreographer.java:603)
12-09 08:27:32.690 W/WindowAnimator( 1593): 	at android.view.Choreographer$FrameDisplayEventReceiver.run(Choreographer.java:844)
12-09 08:27:32.690 W/WindowAnimator( 1593): 	at android.os.Handler.handleCallback(Handler.java:739)
12-09 08:27:32.690 W/WindowAnimator( 1593): 	at android.os.Handler.dispatchMessage(Handler.java:95)
12-09 08:27:32.690 W/WindowAnimator( 1593): 	at android.os.Looper.loop(Looper.java:148)
12-09 08:27:32.690 W/WindowAnimator( 1593): 	at android.os.HandlerThread.run(HandlerThread.java:61)
12-09 08:27:32.690 W/WindowAnimator( 1593): 	at com.android.server.ServiceThread.run(ServiceThread.java:46)
12-09 08:27:32.771 I/art     (17264): Background partial concurrent mark sweep GC freed 1549(186KB) AllocSpace objects, 1(20KB) LOS objects, 50% free, 984KB/2008KB, paused 78.519ms total 118.859ms
12-09 08:27:32.799 I/System.out(17264): URI: //ping
12-09 08:27:32.799 I/System.out(17264): params: {json={}
12-09 08:27:32.799 I/System.out(17264): }
12-09 08:27:32.893 I/System.out(17264): URI: //ping
12-09 08:27:32.894 I/System.out(17264): params: {json={}
12-09 08:27:32.894 I/System.out(17264): }
12-09 08:27:32.937 D/EGL_emulation( 1862): eglMakeCurrent: 0x7f6d8d074aa0: ver 2 0 (tinfo 0x7f6d8d042e80)
12-09 08:27:32.945 I/System.out(17264): URI: //ready
12-09 08:27:32.945 I/System.out(17264): params: {json={}
12-09 08:27:32.945 I/System.out(17264): }
12-09 08:27:32.948 E/Surface ( 1862): getSlotFromBufferLocked: unknown buffer: 0x7f6d8961a460
12-09 08:27:32.986 I/System.out(17264): URI: //
12-09 08:27:32.986 I/System.out(17264): params: {json={"command":"version","arguments":[]}
12-09 08:27:32.986 I/System.out(17264): }
12-09 08:27:32.986 I/System.out(17264): header: {date=Sun, 09 Dec 2018 08:27:33 GMT, accept=*/*, content-length=36, host=127.0.0.1:34777, user-agent=HTTPClient/1.0 (2.8.3, ruby 2.3.1 (2016-04-26)), content-type=application/json;charset=utf-8}
12-09 08:27:32.987 I/System.out(17264): params: {json={"command":"version","arguments":[]}
12-09 08:27:32.987 I/System.out(17264): }
12-09 08:27:32.987 I/System.out(17264): ProP json = {"command":"version","arguments":[]}
12-09 08:27:32.987 I/System.out(17264): files: {}
12-09 08:27:32.987 I/System.out(17264): command: {"command":"version","arguments":[]}
12-09 08:27:33.012 I/InstrumentationBackend(17264): Got command:'Command:'Line:null,version', arguments:'[]'
12-09 08:27:33.062 I/System.out(17264): result:{"bonusInformation":[],"message":"0.9.8","success":true}
12-09 08:27:33.168 I/art     (17264): Background sticky concurrent mark sweep GC freed 14405(834KB) AllocSpace objects, 11(220KB) LOS objects, 37% free, 1251KB/2008KB, paused 1.553ms total 130.803ms
12-09 08:27:33.316 I/Choreographer( 1928): Skipped 30 frames!  The application may be doing too much work on its main thread.
12-09 08:27:33.338 I/System.out(17264): URI: //start-application
12-09 08:27:33.338 I/System.out(17264): params: {json={"intent":null}
12-09 08:27:33.338 I/System.out(17264): }
12-09 08:27:33.503 W/art     ( 1593): Long monitor contention event with owner method=void com.android.server.wm.WindowManagerService.setInsetsWindow(com.android.server.wm.Session, android.view.IWindow, int, android.graphics.Rect, android.graphics.Rect, android.graphics.Region) from WindowManagerService.java:2965 waiters=1 for 175ms
12-09 08:27:33.516 I/art     (17264): Background sticky concurrent mark sweep GC freed 16551(789KB) AllocSpace objects, 2(40KB) LOS objects, 29% free, 1417KB/2008KB, paused 5.960ms total 149.056ms
12-09 08:27:33.794 W/WindowAnimator( 1593): Failed to dispatch window animation state change.
12-09 08:27:33.794 W/WindowAnimator( 1593): android.os.DeadObjectException
12-09 08:27:33.794 W/WindowAnimator( 1593): 	at android.os.BinderProxy.transactNative(Native Method)
12-09 08:27:33.794 W/WindowAnimator( 1593): 	at android.os.BinderProxy.transact(Binder.java:503)
12-09 08:27:33.794 W/WindowAnimator( 1593): 	at android.view.IWindow$Stub$Proxy.onAnimationStopped(IWindow.java:534)
12-09 08:27:33.794 W/WindowAnimator( 1593): 	at com.android.server.wm.WindowAnimator.updateWindowsLocked(WindowAnimator.java:286)
12-09 08:27:33.794 W/WindowAnimator( 1593): 	at com.android.server.wm.WindowAnimator.animateLocked(WindowAnimator.java:678)
12-09 08:27:33.794 W/WindowAnimator( 1593): 	at com.android.server.wm.WindowAnimator.-wrap0(WindowAnimator.java)
12-09 08:27:33.794 W/WindowAnimator( 1593): 	at com.android.server.wm.WindowAnimator$1.doFrame(WindowAnimator.java:123)
12-09 08:27:33.794 W/WindowAnimator( 1593): 	at android.view.Choreographer$CallbackRecord.run(Choreographer.java:856)
12-09 08:27:33.794 W/WindowAnimator( 1593): 	at android.view.Choreographer.doCallbacks(Choreographer.java:670)
12-09 08:27:33.794 W/WindowAnimator( 1593): 	at android.view.Choreographer.doFrame(Choreographer.java:603)
12-09 08:27:33.794 W/WindowAnimator( 1593): 	at android.view.Choreographer$FrameDisplayEventReceiver.run(Choreographer.java:844)
12-09 08:27:33.794 W/WindowAnimator( 1593): 	at android.os.Handler.handleCallback(Handler.java:739)
12-09 08:27:33.794 W/WindowAnimator( 1593): 	at android.os.Handler.dispatchMessage(Handler.java:95)
12-09 08:27:33.794 W/WindowAnimator( 1593): 	at android.os.Looper.loop(Looper.java:148)
12-09 08:27:33.794 W/WindowAnimator( 1593): 	at android.os.HandlerThread.run(HandlerThread.java:61)
12-09 08:27:33.794 W/WindowAnimator( 1593): 	at com.android.server.ServiceThread.run(ServiceThread.java:46)
12-09 08:27:33.794 W/art     ( 1593): Long monitor contention event with owner method=void com.android.server.wm.WindowManagerService$H.handleMessage(android.os.Message) from WindowManagerService.java:7820 waiters=1 for 224ms
12-09 08:27:33.799 W/OpenGLRenderer( 1928): Incorrectly called buildLayer on View: ShortcutAndWidgetContainer, destroying layer...
12-09 08:27:34.013 W/art     ( 1593): Long monitor contention event with owner method=void com.android.server.wm.WindowAnimator$1.doFrame(long) from WindowAnimator.java:121 waiters=1 for 441ms
12-09 08:27:34.188 W/art     ( 1593): Long monitor contention event with owner method=void com.android.server.wm.WindowAnimator$1.doFrame(long) from WindowAnimator.java:121 waiters=1 for 394ms
12-09 08:27:34.191 W/art     ( 1593): Long monitor contention event with owner method=void com.android.server.wm.WindowAnimator$1.doFrame(long) from WindowAnimator.java:121 waiters=1 for 178ms
12-09 08:27:34.192 I/ActivityManager( 1593): START u0 {act=android.intent.action.MAIN cat=[android.intent.category.LAUNCHER] flg=0x10200000 cmp=com.evancharlton.mileage/.Mileage} from uid 10137 on display 0
12-09 08:27:34.469 W/art     ( 1593): Long monitor contention event with owner method=int com.android.server.wm.WindowManagerService.relayoutWindow(com.android.server.wm.Session, android.view.IWindow, int, android.view.WindowManager$LayoutParams, int, int, int, int, android.graphics.Rect, android.graphics.Rect, android.graphics.Rect, android.graphics.Rect, android.graphics.Rect, android.graphics.Rect, android.content.res.Configuration, android.view.Surface) from WindowManagerService.java:3103 waiters=0 for 182ms
12-09 08:27:34.478 W/art     ( 1593): Long monitor contention event with owner method=void com.android.server.am.ActivityManagerService.activityPaused(android.os.IBinder) from ActivityManagerService.java:6439 waiters=0 for 200ms
12-09 08:27:34.481 I/calabash(17264): newActivity1
12-09 08:27:34.510 D/gralloc_ranchu( 1219): gralloc_alloc: Creating ashmem region of size 3686400
12-09 08:27:34.516 I/calabash(17264): newActivity1
12-09 08:27:34.526 W/ActivityManager( 1593): Bad activity token: android.os.BinderProxy@6dcb
12-09 08:27:34.526 W/ActivityManager( 1593): java.lang.ClassCastException: android.os.BinderProxy cannot be cast to com.android.server.am.ActivityRecord$Token
12-09 08:27:34.526 W/ActivityManager( 1593): 	at com.android.server.am.ActivityRecord.forTokenLocked(ActivityRecord.java:424)
12-09 08:27:34.526 W/ActivityManager( 1593): 	at com.android.server.am.ActivityRecord.isInStackLocked(ActivityRecord.java:1121)
12-09 08:27:34.526 W/ActivityManager( 1593): 	at com.android.server.am.ActivityRecord.getStackLocked(ActivityRecord.java:1126)
12-09 08:27:34.526 W/ActivityManager( 1593): 	at com.android.server.am.ActivityManagerService.getActivityDisplayId(ActivityManagerService.java:8889)
12-09 08:27:34.526 W/ActivityManager( 1593): 	at android.app.ActivityManagerNative.onTransact(ActivityManagerNative.java:2338)
12-09 08:27:34.526 W/ActivityManager( 1593): 	at com.android.server.am.ActivityManagerService.onTransact(ActivityManagerService.java:2443)
12-09 08:27:34.526 W/ActivityManager( 1593): 	at android.os.Binder.execTransact(Binder.java:453)
12-09 08:27:34.527 W/ActivityManager( 1593): Bad activity token: android.os.BinderProxy@6dcb
12-09 08:27:34.527 W/ActivityManager( 1593): java.lang.ClassCastException: android.os.BinderProxy cannot be cast to com.android.server.am.ActivityRecord$Token
12-09 08:27:34.527 W/ActivityManager( 1593): 	at com.android.server.am.ActivityRecord.forTokenLocked(ActivityRecord.java:424)
12-09 08:27:34.527 W/ActivityManager( 1593): 	at com.android.server.am.ActivityRecord.isInStackLocked(ActivityRecord.java:1121)
12-09 08:27:34.527 W/ActivityManager( 1593): 	at com.android.server.am.ActivityManagerService.setTaskDescription(ActivityManagerService.java:8547)
12-09 08:27:34.527 W/ActivityManager( 1593): 	at android.app.ActivityManagerNative.onTransact(ActivityManagerNative.java:2410)
12-09 08:27:34.527 W/ActivityManager( 1593): 	at com.android.server.am.ActivityManagerService.onTransact(ActivityManagerService.java:2443)
12-09 08:27:34.527 W/ActivityManager( 1593): 	at android.os.Binder.execTransact(Binder.java:453)
12-09 08:27:34.765 W/ActivityManager( 1593): Bad activity token: android.os.BinderProxy@6dcb
12-09 08:27:34.765 W/ActivityManager( 1593): java.lang.ClassCastException: android.os.BinderProxy cannot be cast to com.android.server.am.ActivityRecord$Token
12-09 08:27:34.765 W/ActivityManager( 1593): 	at com.android.server.am.ActivityRecord.forTokenLocked(ActivityRecord.java:424)
12-09 08:27:34.765 W/ActivityManager( 1593): 	at com.android.server.am.ActivityRecord.isInStackLocked(ActivityRecord.java:1121)
12-09 08:27:34.765 W/ActivityManager( 1593): 	at com.android.server.am.ActivityManagerService.getActivityOptions(ActivityManagerService.java:11038)
12-09 08:27:34.765 W/ActivityManager( 1593): 	at android.app.ActivityManagerNative.onTransact(ActivityManagerNative.java:1734)
12-09 08:27:34.765 W/ActivityManager( 1593): 	at com.android.server.am.ActivityManagerService.onTransact(ActivityManagerService.java:2443)
12-09 08:27:34.765 W/ActivityManager( 1593): 	at android.os.Binder.execTransact(Binder.java:453)
12-09 08:27:34.789 W/ActivityManager( 1593): Bad activity token: android.os.BinderProxy@6dcb
12-09 08:27:34.789 W/ActivityManager( 1593): java.lang.ClassCastException: android.os.BinderProxy cannot be cast to com.android.server.am.ActivityRecord$Token
12-09 08:27:34.789 W/ActivityManager( 1593): 	at com.android.server.am.ActivityRecord.forTokenLocked(ActivityRecord.java:424)
12-09 08:27:34.789 W/ActivityManager( 1593): 	at com.android.server.am.ActivityRecord.isInStackLocked(ActivityRecord.java:1121)
12-09 08:27:34.789 W/ActivityManager( 1593): 	at com.android.server.am.ActivityManagerService.getActivityOptions(ActivityManagerService.java:11038)
12-09 08:27:34.789 W/ActivityManager( 1593): 	at android.app.ActivityManagerNative.onTransact(ActivityManagerNative.java:1734)
12-09 08:27:34.789 W/ActivityManager( 1593): 	at com.android.server.am.ActivityManagerService.onTransact(ActivityManagerService.java:2443)
12-09 08:27:34.789 W/ActivityManager( 1593): 	at android.os.Binder.execTransact(Binder.java:453)
12-09 08:27:34.887 V/PhoneStatusBar( 3077): setLightsOn(true)
12-09 08:27:34.926 W/art     (17264): Suspending all threads took: 22.506ms
12-09 08:27:34.933 I/art     (17264): Background partial concurrent mark sweep GC freed 1962(163KB) AllocSpace objects, 1(20KB) LOS objects, 39% free, 1832KB/2MB, paused 23.935ms total 57.383ms
12-09 08:27:34.974 D/EGL_emulation( 1928): eglMakeCurrent: 0x7f6d8d074dc0: ver 2 0 (tinfo 0x7f6d8d042de0)
12-09 08:27:34.979 E/Surface ( 1928): getSlotFromBufferLocked: unknown buffer: 0x7f6d8961aa00
12-09 08:27:35.222 D/gralloc_ranchu( 1219): gralloc_alloc: Creating ashmem region of size 3686400
12-09 08:27:35.333 D/        (17264): HostConnection::get() New Host Connection established 0x7f6d8cfcb440, tid 17264
12-09 08:27:35.820 I/ActivityManager( 1593): Displayed com.evancharlton.mileage/.Mileage: +1s351ms
12-09 08:27:35.862 D/gralloc_ranchu( 1219): gralloc_alloc: Creating ashmem region of size 3686400
12-09 08:27:37.373 W/art     ( 1593): Long monitor contention event with owner method=void com.android.server.wm.WindowAnimator$1.doFrame(long) from WindowAnimator.java:121 waiters=0 for 1.296s
12-09 08:27:37.865 D/gralloc_ranchu( 1219): gralloc_alloc: Creating ashmem region of size 3686400
12-09 08:27:39.306 I/System.out(17264): URI: //map
12-09 08:27:39.313 I/System.out(17264): params: {json={"query":"android.widget.EditText id:'price'","operation":{"method_name":"query","arguments":[]}}
12-09 08:27:39.313 I/System.out(17264): }
12-09 08:27:39.399 W/ResourceType(17264): No package identifier when getting name for resource number 0x00000001
12-09 08:27:39.521 I/System.out(17264): URI: //gesture
12-09 08:27:39.522 I/System.out(17264): params: {json={"query_timeout":5.0,"gestures":[{"query_string":"android.widget.EditText id:'price'","touches":[{"x":50,"y":50,"offset_x":0,"offset_y":0,"wait":0.0,"time":0.2,"release":true,"query_string":null}]}]}
12-09 08:27:39.522 I/System.out(17264): }
12-09 08:27:39.551 W/ResourceType(17264): No package identifier when getting name for resource number 0x00000001
12-09 08:27:40.005 I/LatinIME( 1862): Starting input. Cursor position = 0,0
12-09 08:27:40.011 W/art     (17264): Suspending all threads took: 7.271ms
12-09 08:27:40.061 I/art     (17264): Background sticky concurrent mark sweep GC freed 29683(1413KB) AllocSpace objects, 0(0B) LOS objects, 21% free, 2MB/2MB, paused 19.368ms total 94.994ms
12-09 08:27:40.245 D/EGL_emulation( 1862): eglMakeCurrent: 0x7f6d8d074aa0: ver 2 0 (tinfo 0x7f6d8d042e80)
12-09 08:27:40.638 I/System.out(17264): URI: //
12-09 08:27:40.638 I/System.out(17264): params: {json={"command":"set_selection","arguments":[-1,-1]}
12-09 08:27:40.638 I/System.out(17264): }
12-09 08:27:40.638 I/System.out(17264): header: {date=Sun, 09 Dec 2018 08:27:41 GMT, accept=*/*, content-length=47, host=127.0.0.1:34777, user-agent=HTTPClient/1.0 (2.8.3, ruby 2.3.1 (2016-04-26)), content-type=application/json;charset=utf-8}
12-09 08:27:40.639 I/System.out(17264): params: {json={"command":"set_selection","arguments":[-1,-1]}
12-09 08:27:40.639 I/System.out(17264): }
12-09 08:27:40.639 I/System.out(17264): ProP json = {"command":"set_selection","arguments":[-1,-1]}
12-09 08:27:40.639 I/System.out(17264): files: {}
12-09 08:27:40.639 I/System.out(17264): command: {"command":"set_selection","arguments":[-1,-1]}
12-09 08:27:40.640 I/InstrumentationBackend(17264): Got command:'Command:'Line:null,set_selection', arguments:'[-1, -1]'
12-09 08:27:40.702 I/System.out(17264): result:{"bonusInformation":[],"message":"","success":true}
12-09 08:27:40.783 I/art     (17264): Background sticky concurrent mark sweep GC freed 13980(612KB) AllocSpace objects, 2(40KB) LOS objects, 17% free, 2MB/2MB, paused 19.650ms total 118.043ms
12-09 08:27:40.914 I/art     ( 1862): Background sticky concurrent mark sweep GC freed 1526(187KB) AllocSpace objects, 1(36KB) LOS objects, 20% free, 2MB/2MB, paused 5.454ms total 34.088ms
12-09 08:27:40.954 I/System.out(17264): URI: //
12-09 08:27:40.954 I/System.out(17264): params: {json={"command":"keyboard_enter_text","arguments":["23"]}
12-09 08:27:40.954 I/System.out(17264): }
12-09 08:27:40.954 I/System.out(17264): header: {date=Sun, 09 Dec 2018 08:27:41 GMT, accept=*/*, content-length=52, host=127.0.0.1:34777, user-agent=HTTPClient/1.0 (2.8.3, ruby 2.3.1 (2016-04-26)), content-type=application/json;charset=utf-8}
12-09 08:27:40.954 I/System.out(17264): params: {json={"command":"keyboard_enter_text","arguments":["23"]}
12-09 08:27:40.954 I/System.out(17264): }
12-09 08:27:40.954 I/System.out(17264): ProP json = {"command":"keyboard_enter_text","arguments":["23"]}
12-09 08:27:40.954 I/System.out(17264): files: {}
12-09 08:27:40.954 I/System.out(17264): command: {"command":"keyboard_enter_text","arguments":["23"]}
12-09 08:27:40.955 I/InstrumentationBackend(17264): Got command:'Command:'Line:null,keyboard_enter_text', arguments:'[23]'
12-09 08:27:41.102 E/SpannableStringBuilder(17264): SPAN_EXCLUSIVE_EXCLUSIVE spans cannot have a zero length
12-09 08:27:41.109 E/SpannableStringBuilder(17264): SPAN_EXCLUSIVE_EXCLUSIVE spans cannot have a zero length
12-09 08:27:41.366 E/SpannableStringBuilder(17264): SPAN_EXCLUSIVE_EXCLUSIVE spans cannot have a zero length
12-09 08:27:41.366 E/SpannableStringBuilder(17264): SPAN_EXCLUSIVE_EXCLUSIVE spans cannot have a zero length
12-09 08:27:41.491 I/System.out(17264): result:{"bonusInformation":[],"message":"","success":true}
12-09 08:27:41.514 I/art     (17264): Background sticky concurrent mark sweep GC freed 11339(478KB) AllocSpace objects, 2(40KB) LOS objects, 10% free, 2MB/2MB, paused 1.328ms total 125.950ms
12-09 08:27:42.081 E/SurfaceFlinger( 1219): ro.sf.lcd_density must be defined as a build property
12-09 08:27:42.112 D/gralloc_ranchu( 1219): gralloc_alloc: Creating ashmem region of size 3686400
12-09 08:27:42.215 D/        (17296): HostConnection::get() New Host Connection established 0x7feee2452480, tid 17296
12-09 08:27:42.234 E/EGL_emulation( 1219): tid 1219: eglCreateSyncKHR(1881): error 0x3004 (EGL_BAD_ATTRIBUTE)
12-09 08:27:43.333 I/System.out(17264): URI: //map
12-09 08:27:43.333 I/System.out(17264): params: {json={"query":"android.widget.EditText id:'volume'","operation":{"method_name":"query","arguments":[]}}
12-09 08:27:43.333 I/System.out(17264): }
12-09 08:27:43.344 W/ResourceType(17264): No package identifier when getting name for resource number 0x00000001
12-09 08:27:43.393 W/art     (17264): Suspending all threads took: 29.301ms
12-09 08:27:43.425 I/art     (17264): Background sticky concurrent mark sweep GC freed 29979(1299KB) AllocSpace objects, 2(40KB) LOS objects, 0% free, 3MB/3MB, paused 30.585ms total 82.722ms
12-09 08:27:43.561 I/art     (17264): Background partial concurrent mark sweep GC freed 20356(1274KB) AllocSpace objects, 7(140KB) LOS objects, 40% free, 2MB/3MB, paused 1.048ms total 107.735ms
12-09 08:27:43.581 I/System.out(17264): URI: //gesture
12-09 08:27:43.581 I/System.out(17264): params: {json={"query_timeout":5.0,"gestures":[{"query_string":"android.widget.EditText id:'volume'","touches":[{"x":50,"y":50,"offset_x":0,"offset_y":0,"wait":0.0,"time":0.2,"release":true,"query_string":null}]}]}
12-09 08:27:43.581 I/System.out(17264): }
12-09 08:27:43.605 W/ResourceType(17264): No package identifier when getting name for resource number 0x00000001
12-09 08:27:44.180 I/LatinIME( 1862): Starting input. Cursor position = 0,0
12-09 08:27:44.197 I/art     (17264): Background sticky concurrent mark sweep GC freed 28577(1202KB) AllocSpace objects, 1(20KB) LOS objects, 13% free, 3MB/3MB, paused 5.851ms total 77.221ms
12-09 08:27:44.719 I/System.out(17264): URI: //
12-09 08:27:44.719 I/System.out(17264): params: {json={"command":"set_selection","arguments":[-1,-1]}
12-09 08:27:44.719 I/System.out(17264): }
12-09 08:27:44.719 I/System.out(17264): header: {date=Sun, 09 Dec 2018 08:27:45 GMT, accept=*/*, content-length=47, host=127.0.0.1:34777, user-agent=HTTPClient/1.0 (2.8.3, ruby 2.3.1 (2016-04-26)), content-type=application/json;charset=utf-8}
12-09 08:27:44.719 I/System.out(17264): params: {json={"command":"set_selection","arguments":[-1,-1]}
12-09 08:27:44.719 I/System.out(17264): }
12-09 08:27:44.719 I/System.out(17264): ProP json = {"command":"set_selection","arguments":[-1,-1]}
12-09 08:27:44.719 I/System.out(17264): files: {}
12-09 08:27:44.719 I/System.out(17264): command: {"command":"set_selection","arguments":[-1,-1]}
12-09 08:27:44.720 I/InstrumentationBackend(17264): Got command:'Command:'Line:null,set_selection', arguments:'[-1, -1]'
12-09 08:27:44.770 I/System.out(17264): result:{"bonusInformation":[],"message":"","success":true}
12-09 08:27:44.854 I/art     (17264): Background sticky concurrent mark sweep GC freed 29871(1396KB) AllocSpace objects, 3(60KB) LOS objects, 34% free, 2MB/3MB, paused 1.120ms total 102.890ms
12-09 08:27:44.970 I/System.out(17264): URI: //
12-09 08:27:44.970 I/System.out(17264): params: {json={"command":"keyboard_enter_text","arguments":["49"]}
12-09 08:27:44.970 I/System.out(17264): }
12-09 08:27:44.970 I/System.out(17264): header: {date=Sun, 09 Dec 2018 08:27:45 GMT, accept=*/*, content-length=52, host=127.0.0.1:34777, user-agent=HTTPClient/1.0 (2.8.3, ruby 2.3.1 (2016-04-26)), content-type=application/json;charset=utf-8}
12-09 08:27:44.970 I/System.out(17264): params: {json={"command":"keyboard_enter_text","arguments":["49"]}
12-09 08:27:44.970 I/System.out(17264): }
12-09 08:27:44.971 I/System.out(17264): ProP json = {"command":"keyboard_enter_text","arguments":["49"]}
12-09 08:27:44.971 I/System.out(17264): files: {}
12-09 08:27:44.971 I/System.out(17264): command: {"command":"keyboard_enter_text","arguments":["49"]}
12-09 08:27:44.972 I/InstrumentationBackend(17264): Got command:'Command:'Line:null,keyboard_enter_text', arguments:'[49]'
12-09 08:27:45.058 E/SpannableStringBuilder(17264): SPAN_EXCLUSIVE_EXCLUSIVE spans cannot have a zero length
12-09 08:27:45.058 E/SpannableStringBuilder(17264): SPAN_EXCLUSIVE_EXCLUSIVE spans cannot have a zero length
12-09 08:27:45.060 E/SpannableStringBuilder(17264): SPAN_EXCLUSIVE_EXCLUSIVE spans cannot have a zero length
12-09 08:27:45.060 E/SpannableStringBuilder(17264): SPAN_EXCLUSIVE_EXCLUSIVE spans cannot have a zero length
12-09 08:27:45.071 I/System.out(17264): result:{"bonusInformation":[],"message":"","success":true}
12-09 08:27:45.808 E/SurfaceFlinger( 1219): ro.sf.lcd_density must be defined as a build property
12-09 08:27:45.808 D/gralloc_ranchu( 1219): gralloc_alloc: Creating ashmem region of size 3686400
12-09 08:27:45.823 D/        (17306): HostConnection::get() New Host Connection established 0x7f63f3c12480, tid 17306
12-09 08:27:45.839 E/EGL_emulation( 1219): tid 1219: eglCreateSyncKHR(1881): error 0x3004 (EGL_BAD_ATTRIBUTE)
12-09 08:27:46.905 I/System.out(17264): URI: //map
12-09 08:27:46.905 I/System.out(17264): params: {json={"query":"android.widget.EditText id:'odometer'","operation":{"method_name":"query","arguments":[]}}
12-09 08:27:46.905 I/System.out(17264): }
12-09 08:27:46.925 W/ResourceType(17264): No package identifier when getting name for resource number 0x00000001
12-09 08:27:46.937 W/art     (17264): Suspending all threads took: 6.250ms
12-09 08:27:47.045 I/art     (17264): Background sticky concurrent mark sweep GC freed 33593(1448KB) AllocSpace objects, 5(100KB) LOS objects, 3% free, 3MB/3MB, paused 11.140ms total 129.479ms
12-09 08:27:47.172 I/System.out(17264): URI: //gesture
12-09 08:27:47.173 I/System.out(17264): params: {json={"query_timeout":5.0,"gestures":[{"query_string":"android.widget.EditText id:'odometer'","touches":[{"x":50,"y":50,"offset_x":0,"offset_y":0,"wait":0.0,"time":0.2,"release":true,"query_string":null}]}]}
12-09 08:27:47.173 I/System.out(17264): }
12-09 08:27:47.191 W/ResourceType(17264): No package identifier when getting name for resource number 0x00000001
12-09 08:27:47.225 I/art     (17264): Background sticky concurrent mark sweep GC freed 24560(1229KB) AllocSpace objects, 1(20KB) LOS objects, 11% free, 3MB/3MB, paused 3.264ms total 120.182ms
12-09 08:27:47.649 I/LatinIME( 1862): Starting input. Cursor position = 0,0
12-09 08:27:47.776 I/art     (17264): Background sticky concurrent mark sweep GC freed 22206(1096KB) AllocSpace objects, 0(0B) LOS objects, 26% free, 2MB/3MB, paused 21.656ms total 70.553ms
12-09 08:27:48.304 I/System.out(17264): URI: //
12-09 08:27:48.304 I/System.out(17264): params: {json={"command":"set_selection","arguments":[-1,-1]}
12-09 08:27:48.304 I/System.out(17264): }
12-09 08:27:48.304 I/System.out(17264): header: {date=Sun, 09 Dec 2018 08:27:48 GMT, accept=*/*, content-length=47, host=127.0.0.1:34777, user-agent=HTTPClient/1.0 (2.8.3, ruby 2.3.1 (2016-04-26)), content-type=application/json;charset=utf-8}
12-09 08:27:48.304 I/System.out(17264): params: {json={"command":"set_selection","arguments":[-1,-1]}
12-09 08:27:48.304 I/System.out(17264): }
12-09 08:27:48.304 I/System.out(17264): ProP json = {"command":"set_selection","arguments":[-1,-1]}
12-09 08:27:48.304 I/System.out(17264): files: {}
12-09 08:27:48.304 I/System.out(17264): command: {"command":"set_selection","arguments":[-1,-1]}
12-09 08:27:48.310 I/InstrumentationBackend(17264): Got command:'Command:'Line:null,set_selection', arguments:'[-1, -1]'
12-09 08:27:48.351 I/System.out(17264): result:{"bonusInformation":[],"message":"","success":true}
12-09 08:27:48.682 I/System.out(17264): URI: //
12-09 08:27:48.682 I/System.out(17264): params: {json={"command":"keyboard_enter_text","arguments":["12"]}
12-09 08:27:48.682 I/System.out(17264): }
12-09 08:27:48.682 I/System.out(17264): header: {date=Sun, 09 Dec 2018 08:27:49 GMT, accept=*/*, content-length=52, host=127.0.0.1:34777, user-agent=HTTPClient/1.0 (2.8.3, ruby 2.3.1 (2016-04-26)), content-type=application/json;charset=utf-8}
12-09 08:27:48.682 I/System.out(17264): params: {json={"command":"keyboard_enter_text","arguments":["12"]}
12-09 08:27:48.682 I/System.out(17264): }
12-09 08:27:48.682 I/System.out(17264): ProP json = {"command":"keyboard_enter_text","arguments":["12"]}
12-09 08:27:48.682 I/System.out(17264): files: {}
12-09 08:27:48.682 I/System.out(17264): command: {"command":"keyboard_enter_text","arguments":["12"]}
12-09 08:27:48.683 I/InstrumentationBackend(17264): Got command:'Command:'Line:null,keyboard_enter_text', arguments:'[12]'
12-09 08:27:48.726 E/SpannableStringBuilder(17264): SPAN_EXCLUSIVE_EXCLUSIVE spans cannot have a zero length
12-09 08:27:48.726 E/SpannableStringBuilder(17264): SPAN_EXCLUSIVE_EXCLUSIVE spans cannot have a zero length
12-09 08:27:48.737 E/SpannableStringBuilder(17264): SPAN_EXCLUSIVE_EXCLUSIVE spans cannot have a zero length
12-09 08:27:48.737 E/SpannableStringBuilder(17264): SPAN_EXCLUSIVE_EXCLUSIVE spans cannot have a zero length
12-09 08:27:48.746 I/System.out(17264): result:{"bonusInformation":[],"message":"","success":true}
12-09 08:27:49.169 E/SurfaceFlinger( 1219): ro.sf.lcd_density must be defined as a build property
12-09 08:27:49.170 D/gralloc_ranchu( 1219): gralloc_alloc: Creating ashmem region of size 3686400
12-09 08:27:49.223 D/        (17316): HostConnection::get() New Host Connection established 0x7fa287892480, tid 17316
12-09 08:27:49.246 E/EGL_emulation( 1219): tid 1219: eglCreateSyncKHR(1881): error 0x3004 (EGL_BAD_ATTRIBUTE)
12-09 08:27:49.966 I/ProcessStatsService( 1593): Prepared write state in 1ms
12-09 08:27:49.967 I/ProcessStatsService( 1593): Prepared write state in 1ms
12-09 08:27:51.185 I/System.out(17264): URI: //map
12-09 08:27:51.185 I/System.out(17264): params: {json={"query":"android.widget.Button index:2","operation":{"method_name":"query","arguments":[]}}
12-09 08:27:51.185 I/System.out(17264): }
12-09 08:27:51.217 W/art     (17264): Suspending all threads took: 7.309ms
12-09 08:27:51.414 I/art     (17264): Background sticky concurrent mark sweep GC freed 33933(1398KB) AllocSpace objects, 3(60KB) LOS objects, 0% free, 3MB/3MB, paused 16.050ms total 226.548ms
12-09 08:27:51.427 I/System.out(17264): URI: //gesture
12-09 08:27:51.427 I/System.out(17264): params: {json={"query_timeout":5.0,"gestures":[{"query_string":"android.widget.Button index:2","touches":[{"x":50,"y":50,"offset_x":0,"offset_y":0,"wait":0.0,"time":0.2,"release":true,"query_string":null}]}]}
12-09 08:27:51.428 I/System.out(17264): }
12-09 08:27:51.555 I/art     (17264): Background partial concurrent mark sweep GC freed 48018(2MB) AllocSpace objects, 9(180KB) LOS objects, 40% free, 2MB/3MB, paused 2ms total 117.938ms
12-09 08:27:51.907 W/audio_hw_generic( 1307): Hardware backing HAL too slow, could only write 0 of 661 frames
12-09 08:27:51.929 W/audio_hw_generic( 1307): Hardware backing HAL too slow, could only write 0 of 661 frames
12-09 08:27:51.953 W/audio_hw_generic( 1307): Hardware backing HAL too slow, could only write 0 of 661 frames
12-09 08:27:51.969 W/audio_hw_generic( 1307): Hardware backing HAL too slow, could only write 0 of 661 frames
12-09 08:27:51.986 W/audio_hw_generic( 1307): Hardware backing HAL too slow, could only write 0 of 661 frames
12-09 08:27:52.005 W/audio_hw_generic( 1307): Hardware backing HAL too slow, could only write 0 of 661 frames
12-09 08:27:52.029 W/audio_hw_generic( 1307): Hardware backing HAL too slow, could only write 0 of 661 frames
12-09 08:27:52.074 I/art     (17264): Background sticky concurrent mark sweep GC freed 32591(1558KB) AllocSpace objects, 1(20KB) LOS objects, 36% free, 2MB/3MB, paused 11.223ms total 114.406ms
12-09 08:27:52.188 W/audio_hw_generic( 1307): Not supplying enough data to HAL, expected position 40297701 , only wrote 40297204
12-09 08:27:52.210 W/audio_hw_generic( 1307): Not supplying enough data to HAL, expected position 40298146 , only wrote 40297865
12-09 08:27:52.210 W/audio_hw_generic( 1307): Not supplying enough data to HAL, expected position 40297872 , only wrote 40297865
12-09 08:27:52.232 W/audio_hw_generic( 1307): Not supplying enough data to HAL, expected position 40298847 , only wrote 40298526
12-09 08:27:52.274 W/audio_hw_generic( 1307): Not supplying enough data to HAL, expected position 40300386 , only wrote 40299848
12-09 08:27:52.384 I/calabash(17264): newActivity1
12-09 08:27:52.394 W/ActivityManager( 1593): Bad activity token: android.os.BinderProxy@b44c66d
12-09 08:27:52.394 W/ActivityManager( 1593): java.lang.ClassCastException: android.os.BinderProxy cannot be cast to com.android.server.am.ActivityRecord$Token
12-09 08:27:52.394 W/ActivityManager( 1593): 	at com.android.server.am.ActivityRecord.forTokenLocked(ActivityRecord.java:424)
12-09 08:27:52.394 W/ActivityManager( 1593): 	at com.android.server.am.ActivityRecord.isInStackLocked(ActivityRecord.java:1121)
12-09 08:27:52.394 W/ActivityManager( 1593): 	at com.android.server.am.ActivityRecord.getStackLocked(ActivityRecord.java:1126)
12-09 08:27:52.394 W/ActivityManager( 1593): 	at com.android.server.am.ActivityManagerService.getActivityDisplayId(ActivityManagerService.java:8889)
12-09 08:27:52.394 W/ActivityManager( 1593): 	at android.app.ActivityManagerNative.onTransact(ActivityManagerNative.java:2338)
12-09 08:27:52.394 W/ActivityManager( 1593): 	at com.android.server.am.ActivityManagerService.onTransact(ActivityManagerService.java:2443)
12-09 08:27:52.394 W/ActivityManager( 1593): 	at android.os.Binder.execTransact(Binder.java:453)
12-09 08:27:52.395 W/ActivityManager( 1593): Bad activity token: android.os.BinderProxy@b44c66d
12-09 08:27:52.395 W/ActivityManager( 1593): java.lang.ClassCastException: android.os.BinderProxy cannot be cast to com.android.server.am.ActivityRecord$Token
12-09 08:27:52.395 W/ActivityManager( 1593): 	at com.android.server.am.ActivityRecord.forTokenLocked(ActivityRecord.java:424)
12-09 08:27:52.395 W/ActivityManager( 1593): 	at com.android.server.am.ActivityRecord.isInStackLocked(ActivityRecord.java:1121)
12-09 08:27:52.395 W/ActivityManager( 1593): 	at com.android.server.am.ActivityManagerService.setTaskDescription(ActivityManagerService.java:8547)
12-09 08:27:52.395 W/ActivityManager( 1593): 	at android.app.ActivityManagerNative.onTransact(ActivityManagerNative.java:2410)
