12-09 08:25:51.699 W/ActivityManager( 1592): 	at com.android.server.am.ActivityManagerService.onTransact(ActivityManagerService.java:2443)
12-09 08:25:51.699 W/ActivityManager( 1592): 	at android.os.Binder.execTransact(Binder.java:453)
12-09 08:25:51.705 W/audio_hw_generic( 1307): Hardware backing HAL too slow, could only write 0 of 661 frames
12-09 08:25:51.715 W/audio_hw_generic( 1307): Hardware backing HAL too slow, could only write 0 of 661 frames
12-09 08:25:51.723 I/art     (16897): Background sticky concurrent mark sweep GC freed 50815(2MB) AllocSpace objects, 1(20KB) LOS objects, 27% free, 3MB/5MB, paused 6.761ms total 91.029ms
12-09 08:25:51.742 W/audio_hw_generic( 1307): Hardware backing HAL too slow, could only write 0 of 661 frames
12-09 08:25:51.787 D/VehicleStatisticsActivity(16897): Checking recalculation ...
12-09 08:25:51.788 D/VehicleStatisticsActivity(16897): Recalculating statistics
12-09 08:25:51.788 D/VehicleStatisticsTask(16897): Calculation starting...
12-09 08:25:51.788 D/VehicleStatisticsActivity(16897): Recalculation started!
12-09 08:25:51.798 W/ActivityManager( 1592): Bad activity token: android.os.BinderProxy@697dde4
12-09 08:25:51.798 W/ActivityManager( 1592): java.lang.ClassCastException: android.os.BinderProxy cannot be cast to com.android.server.am.ActivityRecord$Token
12-09 08:25:51.798 W/ActivityManager( 1592): 	at com.android.server.am.ActivityRecord.forTokenLocked(ActivityRecord.java:424)
12-09 08:25:51.798 W/ActivityManager( 1592): 	at com.android.server.am.ActivityRecord.isInStackLocked(ActivityRecord.java:1121)
12-09 08:25:51.798 W/ActivityManager( 1592): 	at com.android.server.am.ActivityManagerService.getActivityOptions(ActivityManagerService.java:11038)
12-09 08:25:51.798 W/ActivityManager( 1592): 	at android.app.ActivityManagerNative.onTransact(ActivityManagerNative.java:1734)
12-09 08:25:51.798 W/ActivityManager( 1592): 	at com.android.server.am.ActivityManagerService.onTransact(ActivityManagerService.java:2443)
12-09 08:25:51.798 W/ActivityManager( 1592): 	at android.os.Binder.execTransact(Binder.java:453)
12-09 08:25:51.799 W/ActivityManager( 1592): Bad activity token: android.os.BinderProxy@697dde4
12-09 08:25:51.799 W/ActivityManager( 1592): java.lang.ClassCastException: android.os.BinderProxy cannot be cast to com.android.server.am.ActivityRecord$Token
12-09 08:25:51.799 W/ActivityManager( 1592): 	at com.android.server.am.ActivityRecord.forTokenLocked(ActivityRecord.java:424)
12-09 08:25:51.799 W/ActivityManager( 1592): 	at com.android.server.am.ActivityRecord.isInStackLocked(ActivityRecord.java:1121)
12-09 08:25:51.799 W/ActivityManager( 1592): 	at com.android.server.am.ActivityManagerService.getActivityOptions(ActivityManagerService.java:11038)
12-09 08:25:51.799 W/ActivityManager( 1592): 	at android.app.ActivityManagerNative.onTransact(ActivityManagerNative.java:1734)
12-09 08:25:51.799 W/ActivityManager( 1592): 	at com.android.server.am.ActivityManagerService.onTransact(ActivityManagerService.java:2443)
12-09 08:25:51.799 W/ActivityManager( 1592): 	at android.os.Binder.execTransact(Binder.java:453)
12-09 08:25:51.807 D/CalculateTask(16897): Recalculating...
12-09 08:25:51.818 D/VehicleStatisticsActivity(16897): Checking recalculation ...
12-09 08:25:51.819 D/VehicleStatisticsActivity(16897): Recalculating statistics
12-09 08:25:51.819 D/VehicleStatisticsTask(16897): Calculation starting...
12-09 08:25:51.819 D/VehicleStatisticsActivity(16897): Recalculation started!
12-09 08:25:51.884 D/CalculateTask(16897): Recalculating...
--------- beginning of crash
12-09 08:25:51.917 E/AndroidRuntime(16897): FATAL EXCEPTION: AsyncTask #1
12-09 08:25:51.917 E/AndroidRuntime(16897): Process: com.evancharlton.mileage, PID: 16897
12-09 08:25:51.917 E/AndroidRuntime(16897): java.lang.RuntimeException: An error occurred while executing doInBackground()
12-09 08:25:51.917 E/AndroidRuntime(16897): 	at android.os.AsyncTask$3.done(AsyncTask.java:309)
12-09 08:25:51.917 E/AndroidRuntime(16897): 	at java.util.concurrent.FutureTask.finishCompletion(FutureTask.java:354)
12-09 08:25:51.917 E/AndroidRuntime(16897): 	at java.util.concurrent.FutureTask.setException(FutureTask.java:223)
12-09 08:25:51.917 E/AndroidRuntime(16897): 	at java.util.concurrent.FutureTask.run(FutureTask.java:242)
12-09 08:25:51.917 E/AndroidRuntime(16897): 	at java.util.concurrent.ThreadPoolExecutor.runWorker(ThreadPoolExecutor.java:1113)
12-09 08:25:51.917 E/AndroidRuntime(16897): 	at java.util.concurrent.ThreadPoolExecutor$Worker.run(ThreadPoolExecutor.java:588)
12-09 08:25:51.917 E/AndroidRuntime(16897): 	at java.lang.Thread.run(Thread.java:818)
12-09 08:25:51.917 E/AndroidRuntime(16897): Caused by: java.lang.NullPointerException: Attempt to invoke virtual method 'void com.evancharlton.mileage.provider.Statistic.setValue(double)' on a null object reference
12-09 08:25:51.917 E/AndroidRuntime(16897): 	at com.evancharlton.mileage.tasks.VehicleStatisticsTask.update(VehicleStatisticsTask.java:332)
12-09 08:25:51.917 E/AndroidRuntime(16897): 	at com.evancharlton.mileage.tasks.VehicleStatisticsTask.doInBackground(VehicleStatisticsTask.java:318)
12-09 08:25:51.917 E/AndroidRuntime(16897): 	at com.evancharlton.mileage.tasks.VehicleStatisticsTask.doInBackground(VehicleStatisticsTask.java:20)
12-09 08:25:51.917 E/AndroidRuntime(16897): 	at android.os.AsyncTask$2.call(AsyncTask.java:295)
12-09 08:25:51.917 E/AndroidRuntime(16897): 	at java.util.concurrent.FutureTask.run(FutureTask.java:237)
12-09 08:25:51.917 E/AndroidRuntime(16897): 	... 3 more
12-09 08:25:51.918 W/ActivityManager( 1592): Error in app com.evancharlton.mileage running instrumentation ComponentInfo{com.evancharlton.mileage.test/sh.calaba.instrumentationbackend.CalabashInstrumentationTestRunner}:
12-09 08:25:51.918 W/ActivityManager( 1592):   java.lang.NullPointerException
12-09 08:25:51.918 W/ActivityManager( 1592):   java.lang.NullPointerException: Attempt to invoke virtual method 'void com.evancharlton.mileage.provider.Statistic.setValue(double)' on a null object reference
12-09 08:25:51.918 I/ActivityManager( 1592): Force stopping com.evancharlton.mileage appid=10137 user=0: finished inst
12-09 08:25:51.918 I/ActivityManager( 1592): Killing 16897:com.evancharlton.mileage/u0a137 (adj 0): stop com.evancharlton.mileage
12-09 08:25:52.045 W/audio_hw_generic( 1307): Hardware backing HAL too slow, could only write 0 of 661 frames
12-09 08:25:52.045 W/InputDispatcher( 1592): channel '22dd2db com.evancharlton.mileage/com.evancharlton.mileage.Mileage (server)' ~ Consumer closed input channel or an error occurred.  events=0x9
12-09 08:25:52.045 E/InputDispatcher( 1592): channel '22dd2db com.evancharlton.mileage/com.evancharlton.mileage.Mileage (server)' ~ Channel is unrecoverably broken and will be disposed!
12-09 08:25:52.109 I/WindowState( 1592): WIN DEATH: Window{22dd2db u0 com.evancharlton.mileage/com.evancharlton.mileage.Mileage}
12-09 08:25:52.109 W/InputDispatcher( 1592): Attempted to unregister already unregistered input channel '22dd2db com.evancharlton.mileage/com.evancharlton.mileage.Mileage (server)'
12-09 08:25:52.122 W/ActivityManager( 1592): Scheduling restart of crashed service com.evancharlton.mileage/.services.AutomaticBackupService in 1000ms
12-09 08:25:52.127 W/ActivityManager( 1592): Force removing ActivityRecord{3fff43a u0 com.evancharlton.mileage/.Mileage t461}: app died, no saved state
12-09 08:25:52.132 I/ActivityManager( 1592):   Force stopping service ServiceRecord{69d224d u0 com.evancharlton.mileage/.services.AutomaticBackupService}
12-09 08:25:52.158 W/art     ( 1592): Long monitor contention event with owner method=void com.android.server.am.ActivityManagerService.crashApplication(com.android.server.am.ProcessRecord, android.app.ApplicationErrorReport$CrashInfo) from ActivityManagerService.java:12502 waiters=1 for 210ms
12-09 08:25:52.170 W/ActivityManager( 1592): Spurious death for ProcessRecord{5e94102 0:com.evancharlton.mileage/u0a137}, curProc for 16897: null
12-09 08:25:52.285 E/SurfaceFlinger( 1219): ro.sf.lcd_density must be defined as a build property
12-09 08:25:52.314 D/gralloc_ranchu( 1219): gralloc_alloc: Creating ashmem region of size 3686400
12-09 08:25:52.336 D/        (17022): HostConnection::get() New Host Connection established 0x7ff976dd2480, tid 17022
12-09 08:25:52.382 W/audio_hw_generic( 1307): Not supplying enough data to HAL, expected position 37838624 , only wrote 37837623
12-09 08:25:52.382 W/audio_hw_generic( 1307): Not supplying enough data to HAL, expected position 37837630 , only wrote 37837623
12-09 08:25:52.393 E/EGL_emulation( 1219): tid 1219: eglCreateSyncKHR(1881): error 0x3004 (EGL_BAD_ATTRIBUTE)
12-09 08:25:52.397 W/audio_hw_generic( 1307): Not supplying enough data to HAL, expected position 37838290 , only wrote 37838284
12-09 08:25:52.401 I/AccountManagerService( 1592): getTypesVisibleToCaller: isPermitted? true
12-09 08:25:52.491 W/audio_hw_generic( 1307): Not supplying enough data to HAL, expected position 37842452 , only wrote 37842250
12-09 08:25:52.505 D/EGL_emulation( 1943): eglMakeCurrent: 0x7fef10174b40: ver 2 0 (tinfo 0x7fef10142d20)
12-09 08:25:52.524 W/InputMethodManagerService( 1592): Got RemoteException sending setActive(false) notification to pid 16897 uid 10137
12-09 08:25:52.570 W/audio_hw_generic( 1307): Hardware backing HAL too slow, could only write 0 of 661 frames
12-09 08:25:52.822 W/audio_hw_generic( 1307): Hardware backing HAL too slow, could only write 0 of 661 frames
12-09 08:25:52.834 W/audio_hw_generic( 1307): Hardware backing HAL too slow, could only write 0 of 661 frames
12-09 08:25:52.850 W/audio_hw_generic( 1307): Hardware backing HAL too slow, could only write 0 of 661 frames
12-09 08:25:52.864 W/audio_hw_generic( 1307): Hardware backing HAL too slow, could only write 0 of 661 frames
12-09 08:25:52.879 W/audio_hw_generic( 1307): Hardware backing HAL too slow, could only write 0 of 661 frames
12-09 08:25:53.118 W/audio_hw_generic( 1307): Not supplying enough data to HAL, expected position 37869868 , only wrote 37869351
12-09 08:25:53.118 W/audio_hw_generic( 1307): Not supplying enough data to HAL, expected position 37869357 , only wrote 37869351
12-09 08:25:53.118 W/audio_hw_generic( 1307): Hardware backing HAL too slow, could only write 0 of 661 frames
12-09 08:25:53.137 W/audio_hw_generic( 1307): Not supplying enough data to HAL, expected position 37870205 , only wrote 37870012
12-09 08:25:53.137 W/audio_hw_generic( 1307): Hardware backing HAL too slow, could only write 0 of 661 frames
12-09 08:25:53.177 W/audio_hw_generic( 1307): Not supplying enough data to HAL, expected position 37871771 , only wrote 37871334
12-09 08:25:53.177 W/audio_hw_generic( 1307): Hardware backing HAL too slow, could only write 0 of 661 frames
12-09 08:25:53.177 W/audio_hw_generic( 1307): Hardware backing HAL too slow, could only write 0 of 661 frames
12-09 08:25:53.201 W/audio_hw_generic( 1307): Hardware backing HAL too slow, could only write 0 of 661 frames
12-09 08:25:53.216 W/audio_hw_generic( 1307): Hardware backing HAL too slow, could only write 0 of 661 frames
12-09 08:25:53.233 W/audio_hw_generic( 1307): Hardware backing HAL too slow, could only write 0 of 661 frames
12-09 08:25:53.253 W/audio_hw_generic( 1307): Hardware backing HAL too slow, could only write 0 of 661 frames
12-09 08:25:53.273 W/audio_hw_generic( 1307): Hardware backing HAL too slow, could only write 0 of 661 frames
12-09 08:25:53.289 W/audio_hw_generic( 1307): Hardware backing HAL too slow, could only write 0 of 661 frames
12-09 08:25:53.305 W/audio_hw_generic( 1307): Hardware backing HAL too slow, could only write 0 of 661 frames
12-09 08:25:53.306 W/audio_hw_generic( 1307): Hardware backing HAL too slow, could only write 0 of 661 frames
12-09 08:25:53.337 W/audio_hw_generic( 1307): Not supplying enough data to HAL, expected position 37878385 , only wrote 37877944
12-09 08:25:53.337 W/audio_hw_generic( 1307): Hardware backing HAL too slow, could only write 0 of 661 frames
12-09 08:25:53.337 W/audio_hw_generic( 1307): Hardware backing HAL too slow, could only write 0 of 661 frames
12-09 08:25:53.361 W/audio_hw_generic( 1307): Hardware backing HAL too slow, could only write 0 of 661 frames
12-09 08:25:53.385 W/audio_hw_generic( 1307): Hardware backing HAL too slow, could only write 0 of 661 frames
12-09 08:25:53.447 W/audio_hw_generic( 1307): Not supplying enough data to HAL, expected position 37882788 , only wrote 37881249
12-09 08:25:53.447 W/audio_hw_generic( 1307): Not supplying enough data to HAL, expected position 37881255 , only wrote 37881249
12-09 08:25:53.476 W/OpenGLRenderer( 1943): Incorrectly called buildLayer on View: ShortcutAndWidgetContainer, destroying layer...
12-09 08:25:53.489 W/audio_hw_generic( 1307): Not supplying enough data to HAL, expected position 37883079 , only wrote 37881910
12-09 08:25:53.638 W/audio_hw_generic( 1307): Hardware backing HAL too slow, could only write 0 of 661 frames
12-09 08:25:53.638 W/audio_hw_generic( 1307): Not supplying enough data to HAL, expected position 37888519 , only wrote 37884554
12-09 08:25:53.639 W/audio_hw_generic( 1307): Not supplying enough data to HAL, expected position 37884559 , only wrote 37884554
12-09 08:25:53.657 W/audio_hw_generic( 1307): Not supplying enough data to HAL, expected position 37885374 , only wrote 37885215
12-09 08:25:53.709 W/audio_hw_generic( 1307): Hardware backing HAL too slow, could only write 0 of 661 frames
12-09 08:25:53.722 W/audio_hw_generic( 1307): Hardware backing HAL too slow, could only write 0 of 661 frames
12-09 08:25:54.093 E/SurfaceFlinger( 1219): ro.sf.lcd_density must be defined as a build property
12-09 08:25:54.124 D/gralloc_ranchu( 1219): gralloc_alloc: Creating ashmem region of size 3686400
12-09 08:25:54.130 W/audio_hw_generic( 1307): Not supplying enough data to HAL, expected position 37906048 , only wrote 37905045
12-09 08:25:54.130 W/audio_hw_generic( 1307): Not supplying enough data to HAL, expected position 37905051 , only wrote 37905045
12-09 08:25:54.143 D/        (17029): HostConnection::get() New Host Connection established 0x7fba5dd12480, tid 17029
12-09 08:25:54.149 W/audio_hw_generic( 1307): Not supplying enough data to HAL, expected position 37905903 , only wrote 37905706
12-09 08:25:54.229 E/EGL_emulation( 1219): tid 1219: eglCreateSyncKHR(1881): error 0x3004 (EGL_BAD_ATTRIBUTE)
12-09 08:25:54.794 W/audio_hw_generic( 1307): Not supplying enough data to HAL, expected position 37934160 , only wrote 37930824
12-09 08:25:54.817 W/audio_hw_generic( 1307): Not supplying enough data to HAL, expected position 37931823 , only wrote 37930824
