--------- beginning of main
12-09 08:04:15.694 D/AndroidRuntime( 9503): >>>>>> START com.android.internal.os.RuntimeInit uid 0 <<<<<<
12-09 08:04:15.695 D/AndroidRuntime( 9503): CheckJNI is ON
12-09 08:04:15.713 D/ICU     ( 9503): No timezone override file found: /data/misc/zoneinfo/current/icu/icu_tzdata.dat
12-09 08:04:15.970 E/memtrack( 9503): Couldn't load memtrack module (No such file or directory)
12-09 08:04:15.974 E/android.os.Debug( 9503): failed to load memtrack module: -2
12-09 08:04:15.976 I/Radio-JNI( 9503): register_android_hardware_Radio DONE
12-09 08:04:15.989 D/AndroidRuntime( 9503): Calling main entry com.android.commands.am.Am
--------- beginning of system
12-09 08:04:15.990 I/ActivityManager( 1594): Force stopping com.evancharlton.mileage appid=10125 user=0: start instr
12-09 08:04:15.990 I/ActivityManager( 1594): Killing 9484:com.evancharlton.mileage/u0a125 (adj 0): stop com.evancharlton.mileage
12-09 08:04:16.173 W/ActivityManager( 1594): Crash of app com.evancharlton.mileage running instrumentation ComponentInfo{com.evancharlton.mileage.test/sh.calaba.instrumentationbackend.ClearAppData2}
12-09 08:04:16.173 I/ActivityManager( 1594): Force stopping com.evancharlton.mileage appid=10125 user=0: finished inst
12-09 08:04:16.192 I/ActivityManager( 1594): Start proc 9512:com.evancharlton.mileage/u0a125 for added application com.evancharlton.mileage
12-09 08:04:16.192 D/AndroidRuntime( 9503): Shutting down VM
12-09 08:04:16.198 W/ActivityManager( 1594): Spurious death for ProcessRecord{269f6e4 0:com.evancharlton.mileage/u0a125}, curProc for 9484: null
12-09 08:04:16.244 W/System  ( 9512): ClassLoader referenced unknown path: /data/app/com.evancharlton.mileage.test-1/lib/x86_64
12-09 08:04:16.244 W/System  ( 9512): ClassLoader referenced unknown path: /data/app/com.evancharlton.mileage-1/lib/x86_64
12-09 08:04:16.263 I/System.out( 9512): Main activity name automatically set to: com.evancharlton.mileage.Mileage
12-09 08:04:16.268 I/System.out( 9512): Calabash did not load Mono. This is only a problem if you are trying to test a Mono application
12-09 08:04:16.268 I/calabash( 9512): Test server port: 7102
12-09 08:04:16.269 I/InstrumentationBackend( 9512): Added:'GetPreferences', with key:'get_preferences'
12-09 08:04:16.276 E/BluetoothAdapter( 1594): Bluetooth binder is null
12-09 08:04:16.276 E/KernelCpuSpeedReader( 1594): Failed to read cpu-freq
12-09 08:04:16.276 E/KernelCpuSpeedReader( 1594): java.io.FileNotFoundException: /sys/devices/system/cpu/cpu0/cpufreq/stats/time_in_state: open failed: ENOENT (No such file or directory)
12-09 08:04:16.276 E/KernelCpuSpeedReader( 1594): 	at libcore.io.IoBridge.open(IoBridge.java:452)
12-09 08:04:16.276 E/KernelCpuSpeedReader( 1594): 	at java.io.FileInputStream.<init>(FileInputStream.java:76)
12-09 08:04:16.276 E/KernelCpuSpeedReader( 1594): 	at java.io.FileInputStream.<init>(FileInputStream.java:103)
12-09 08:04:16.276 E/KernelCpuSpeedReader( 1594): 	at java.io.FileReader.<init>(FileReader.java:66)
12-09 08:04:16.276 E/KernelCpuSpeedReader( 1594): 	at com.android.internal.os.KernelCpuSpeedReader.readDelta(KernelCpuSpeedReader.java:49)
12-09 08:04:16.276 E/KernelCpuSpeedReader( 1594): 	at com.android.internal.os.BatteryStatsImpl.updateCpuTimeLocked(BatteryStatsImpl.java:8002)
12-09 08:04:16.276 E/KernelCpuSpeedReader( 1594): 	at com.android.server.am.BatteryStatsService.updateExternalStats(BatteryStatsService.java:1366)
12-09 08:04:16.276 E/KernelCpuSpeedReader( 1594): 	at com.android.server.am.BatteryStatsService$BatteryStatsHandler.handleMessage(BatteryStatsService.java:125)
12-09 08:04:16.276 E/KernelCpuSpeedReader( 1594): 	at android.os.Handler.dispatchMessage(Handler.java:102)
12-09 08:04:16.276 E/KernelCpuSpeedReader( 1594): 	at android.os.Looper.loop(Looper.java:148)
12-09 08:04:16.276 E/KernelCpuSpeedReader( 1594): 	at android.os.HandlerThread.run(HandlerThread.java:61)
12-09 08:04:16.276 E/KernelCpuSpeedReader( 1594): 	at com.android.server.ServiceThread.run(ServiceThread.java:46)
12-09 08:04:16.276 E/KernelCpuSpeedReader( 1594): Caused by: android.system.ErrnoException: open failed: ENOENT (No such file or directory)
12-09 08:04:16.276 E/KernelCpuSpeedReader( 1594): 	at libcore.io.Posix.open(Native Method)
12-09 08:04:16.276 E/KernelCpuSpeedReader( 1594): 	at libcore.io.BlockGuardOs.open(BlockGuardOs.java:186)
12-09 08:04:16.276 E/KernelCpuSpeedReader( 1594): 	at libcore.io.IoBridge.open(IoBridge.java:438)
12-09 08:04:16.276 E/KernelCpuSpeedReader( 1594): 	... 11 more
12-09 08:04:16.276 E/KernelUidCpuTimeReader( 1594): Failed to read uid_cputime
12-09 08:04:16.276 E/KernelUidCpuTimeReader( 1594): java.io.FileNotFoundException: /proc/uid_cputime/show_uid_stat: open failed: ENOENT (No such file or directory)
12-09 08:04:16.276 E/KernelUidCpuTimeReader( 1594): 	at libcore.io.IoBridge.open(IoBridge.java:452)
12-09 08:04:16.276 E/KernelUidCpuTimeReader( 1594): 	at java.io.FileInputStream.<init>(FileInputStream.java:76)
12-09 08:04:16.276 E/KernelUidCpuTimeReader( 1594): 	at java.io.FileInputStream.<init>(FileInputStream.java:103)
12-09 08:04:16.276 E/KernelUidCpuTimeReader( 1594): 	at java.io.FileReader.<init>(FileReader.java:66)
12-09 08:04:16.276 E/KernelUidCpuTimeReader( 1594): 	at com.android.internal.os.KernelUidCpuTimeReader.readDelta(KernelUidCpuTimeReader.java:71)
12-09 08:04:16.276 E/KernelUidCpuTimeReader( 1594): 	at com.android.internal.os.BatteryStatsImpl.updateCpuTimeLocked(BatteryStatsImpl.java:8031)
12-09 08:04:16.276 E/KernelUidCpuTimeReader( 1594): 	at com.android.server.am.BatteryStatsService.updateExternalStats(BatteryStatsService.java:1366)
12-09 08:04:16.276 E/KernelUidCpuTimeReader( 1594): 	at com.android.server.am.BatteryStatsService$BatteryStatsHandler.handleMessage(BatteryStatsService.java:125)
12-09 08:04:16.276 E/KernelUidCpuTimeReader( 1594): 	at android.os.Handler.dispatchMessage(Handler.java:102)
12-09 08:04:16.276 E/KernelUidCpuTimeReader( 1594): 	at android.os.Looper.loop(Looper.java:148)
12-09 08:04:16.276 E/KernelUidCpuTimeReader( 1594): 	at android.os.HandlerThread.run(HandlerThread.java:61)
12-09 08:04:16.276 E/KernelUidCpuTimeReader( 1594): 	at com.android.server.ServiceThread.run(ServiceThread.java:46)
12-09 08:04:16.276 E/KernelUidCpuTimeReader( 1594): Caused by: android.system.ErrnoException: open failed: ENOENT (No such file or directory)
12-09 08:04:16.276 E/KernelUidCpuTimeReader( 1594): 	at libcore.io.Posix.open(Native Method)
12-09 08:04:16.276 E/KernelUidCpuTimeReader( 1594): 	at libcore.io.BlockGuardOs.open(BlockGuardOs.java:186)
12-09 08:04:16.276 E/KernelUidCpuTimeReader( 1594): 	at libcore.io.IoBridge.open(IoBridge.java:438)
12-09 08:04:16.276 E/KernelUidCpuTimeReader( 1594): 	... 11 more
12-09 08:04:16.313 I/InstrumentationBackend( 9512): Added:'SetPreferences', with key:'set_preferences'
12-09 08:04:16.313 I/InstrumentationBackend( 9512): Added:'ClearPreferences', with key:'clear_preferences'
12-09 08:04:16.313 I/InstrumentationBackend( 9512): Added:'PressElement', with key:'press_l10n_element'
12-09 08:04:16.313 I/InstrumentationBackend( 9512): Added:'WaitForElement', with key:'wait_for_l10n_element'
12-09 08:04:16.314 I/InstrumentationBackend( 9512): Added:'NullAction', with key:'nullAction'
12-09 08:04:16.314 I/InstrumentationBackend( 9512): Added:'PressKey', with key:'press_key'
12-09 08:04:16.314 I/InstrumentationBackend( 9512): Added:'SetActivityOrientation', with key:'set_activity_orientation'
12-09 08:04:16.314 I/InstrumentationBackend( 9512): Added:'GetActivityOrientation', with key:'get_activity_orientation'
12-09 08:04:16.314 I/InstrumentationBackend( 9512): Added:'FakeGPSLocation', with key:'set_gps_coordinates'
12-09 08:04:16.315 I/InstrumentationBackend( 9512): Added:'SetPropertyByCssSelector', with key:'set_property_by_css_selector'
12-09 08:04:16.315 I/InstrumentationBackend( 9512): Added:'GetUrl', with key:'get_url'
12-09 08:04:16.316 I/InstrumentationBackend( 9512): Added:'ScrollTo', with key:'scroll_to'
12-09 08:04:16.319 I/InstrumentationBackend( 9512): Added:'GetLoadProgress', with key:'get_load_progress'
12-09 08:04:16.320 I/InstrumentationBackend( 9512): Added:'DumpHtml', with key:'dump_html'
12-09 08:04:16.320 I/InstrumentationBackend( 9512): Added:'DumpBodyHtml', with key:'dump_body_html'
12-09 08:04:16.320 I/InstrumentationBackend( 9512): Added:'EnterTextByCssSelector', with key:'enter_text_by_selector'
12-09 08:04:16.321 I/InstrumentationBackend( 9512): Added:'AndroidSDKVersion', with key:'android_sdk_version'
12-09 08:04:16.321 I/InstrumentationBackend( 9512): Added:'Version', with key:'version'
12-09 08:04:16.321 I/InstrumentationBackend( 9512): Added:'Drag', with key:'drag'
12-09 08:04:16.321 I/InstrumentationBackend( 9512): Added:'TouchCoordinates', with key:'touch_coordinate'
12-09 08:04:16.321 I/InstrumentationBackend( 9512): Added:'LongPressCoordinate', with key:'long_press_coordinate'
12-09 08:04:16.322 I/InstrumentationBackend( 9512): Added:'DragCoordinates', with key:'drag_coordinates'
12-09 08:04:16.322 I/InstrumentationBackend( 9512): Added:'ResumeApplication', with key:'resume_application'
12-09 08:04:16.322 I/InstrumentationBackend( 9512): Added:'Swipe', with key:'swipe'
12-09 08:04:16.322 I/InstrumentationBackend( 9512): Added:'DoubleTapCoordinate', with key:'double_tap_coordinate'
12-09 08:04:16.322 I/InstrumentationBackend( 9512): Added:'ClickOnScreen', with key:'click_on_screen'
12-09 08:04:16.322 I/InstrumentationBackend( 9512): Added:'GetActivityName', with key:'get_activity_name'
12-09 08:04:16.323 I/InstrumentationBackend( 9512): Added:'ScrollToView', with key:'scroll_to_view'
12-09 08:04:16.323 I/InstrumentationBackend( 9512): Added:'ViewConfiguration', with key:'view_configuration'
12-09 08:04:16.323 I/InstrumentationBackend( 9512): Added:'IsCurrentActivityFocused', with key:'is_current_activity_focused'
12-09 08:04:16.323 I/InstrumentationBackend( 9512): Added:'SendTcp', with key:'send_tcp'
12-09 08:04:16.323 I/InstrumentationBackend( 9512): Added:'DpToDevicePixel', with key:'dp_to_device_pixel'
12-09 08:04:16.328 I/InstrumentationBackend( 9512): Added:'KeyboardEnterText', with key:'keyboard_enter_text'
12-09 08:04:16.328 I/InstrumentationBackend( 9512): Added:'DeleteSurroundingText', with key:'delete_surrounding_text'
12-09 08:04:16.328 I/InstrumentationBackend( 9512): Added:'SetComposingRegion', with key:'set_composing_region'
12-09 08:04:16.328 I/InstrumentationBackend( 9512): Added:'SetSelection', with key:'set_selection'
12-09 08:04:16.329 I/InstrumentationBackend( 9512): Added:'KeyboardKeyEvent', with key:'keyboard_key_event'
12-09 08:04:16.329 I/InstrumentationBackend( 9512): Added:'PressUserActionButton', with key:'press_user_action_button'
12-09 08:04:16.329 I/InstrumentationBackend( 9512): Added:'HideSoftKeyboard', with key:'hide_soft_keyboard'
12-09 08:04:16.329 I/InstrumentationBackend( 9512): Added:'ListActions', with key:'list_actions'
12-09 08:04:16.330 I/calabash( 9512): Instantiating http server at 7102
12-09 08:04:16.348 I/System.out( 9512): HTTP Daemon listening on: 7102
12-09 08:04:16.464 I/System.out( 9512): URI: //ping
12-09 08:04:16.464 I/System.out( 9512): params: {json={}
12-09 08:04:16.464 I/System.out( 9512): }
12-09 08:04:16.516 I/System.out( 9512): URI: //ping
12-09 08:04:16.516 I/System.out( 9512): params: {json={}
12-09 08:04:16.516 I/System.out( 9512): }
12-09 08:04:16.596 I/System.out( 9512): URI: //ready
12-09 08:04:16.597 I/System.out( 9512): params: {json={}
12-09 08:04:16.597 I/System.out( 9512): }
12-09 08:04:16.666 I/System.out( 9512): URI: //
12-09 08:04:16.666 I/System.out( 9512): params: {json={"command":"version","arguments":[]}
12-09 08:04:16.666 I/System.out( 9512): }
12-09 08:04:16.667 I/System.out( 9512): header: {date=Sun, 09 Dec 2018 08:04:16 GMT, accept=*/*, content-length=36, host=127.0.0.1:34777, user-agent=HTTPClient/1.0 (2.8.3, ruby 2.3.1 (2016-04-26)), content-type=application/json;charset=utf-8}
12-09 08:04:16.667 I/System.out( 9512): params: {json={"command":"version","arguments":[]}
12-09 08:04:16.667 I/System.out( 9512): }
12-09 08:04:16.667 I/System.out( 9512): ProP json = {"command":"version","arguments":[]}
12-09 08:04:16.667 I/System.out( 9512): files: {}
12-09 08:04:16.667 I/System.out( 9512): command: {"command":"version","arguments":[]}
12-09 08:04:16.675 I/InstrumentationBackend( 9512): Got command:'Command:'Line:null,version', arguments:'[]'
12-09 08:04:16.695 I/System.out( 9512): result:{"bonusInformation":[],"message":"0.9.8","success":true}
12-09 08:04:16.768 I/System.out( 9512): URI: //start-application
12-09 08:04:16.768 I/System.out( 9512): params: {json={"intent":null}
12-09 08:04:16.768 I/System.out( 9512): }
12-09 08:04:17.004 I/ActivityManager( 1594): START u0 {act=android.intent.action.MAIN cat=[android.intent.category.LAUNCHER] flg=0x10200000 cmp=com.evancharlton.mileage/.Mileage} from uid 10125 on display 0
12-09 08:04:17.052 I/art     ( 9512): Background partial concurrent mark sweep GC freed 18589(960KB) AllocSpace objects, 4(80KB) LOS objects, 45% free, 1220KB/2MB, paused 949us total 239.738ms
12-09 08:04:17.167 D/gralloc_ranchu( 1219): gralloc_alloc: Creating ashmem region of size 3686400
12-09 08:04:17.187 I/calabash( 9512): newActivity1
12-09 08:04:17.245 I/calabash( 9512): newActivity1
12-09 08:04:17.246 W/ActivityManager( 1594): Bad activity token: android.os.BinderProxy@eff216f
12-09 08:04:17.246 W/ActivityManager( 1594): java.lang.ClassCastException: android.os.BinderProxy cannot be cast to com.android.server.am.ActivityRecord$Token
12-09 08:04:17.246 W/ActivityManager( 1594): 	at com.android.server.am.ActivityRecord.forTokenLocked(ActivityRecord.java:424)
12-09 08:04:17.246 W/ActivityManager( 1594): 	at com.android.server.am.ActivityRecord.isInStackLocked(ActivityRecord.java:1121)
12-09 08:04:17.246 W/ActivityManager( 1594): 	at com.android.server.am.ActivityRecord.getStackLocked(ActivityRecord.java:1126)
12-09 08:04:17.246 W/ActivityManager( 1594): 	at com.android.server.am.ActivityManagerService.getActivityDisplayId(ActivityManagerService.java:8889)
12-09 08:04:17.246 W/ActivityManager( 1594): 	at android.app.ActivityManagerNative.onTransact(ActivityManagerNative.java:2338)
12-09 08:04:17.246 W/ActivityManager( 1594): 	at com.android.server.am.ActivityManagerService.onTransact(ActivityManagerService.java:2443)
12-09 08:04:17.246 W/ActivityManager( 1594): 	at android.os.Binder.execTransact(Binder.java:453)
12-09 08:04:17.272 W/ActivityManager( 1594): Bad activity token: android.os.BinderProxy@eff216f
12-09 08:04:17.272 W/ActivityManager( 1594): java.lang.ClassCastException: android.os.BinderProxy cannot be cast to com.android.server.am.ActivityRecord$Token
12-09 08:04:17.272 W/ActivityManager( 1594): 	at com.android.server.am.ActivityRecord.forTokenLocked(ActivityRecord.java:424)
12-09 08:04:17.272 W/ActivityManager( 1594): 	at com.android.server.am.ActivityRecord.isInStackLocked(ActivityRecord.java:1121)
12-09 08:04:17.272 W/ActivityManager( 1594): 	at com.android.server.am.ActivityManagerService.setTaskDescription(ActivityManagerService.java:8547)
12-09 08:04:17.272 W/ActivityManager( 1594): 	at android.app.ActivityManagerNative.onTransact(ActivityManagerNative.java:2410)
12-09 08:04:17.272 W/ActivityManager( 1594): 	at com.android.server.am.ActivityManagerService.onTransact(ActivityManagerService.java:2443)
12-09 08:04:17.272 W/ActivityManager( 1594): 	at android.os.Binder.execTransact(Binder.java:453)
12-09 08:04:17.410 V/PhoneStatusBar( 3164): setLightsOn(true)
12-09 08:04:17.416 D/FillupsProvider( 9512): Creating database
12-09 08:04:17.633 D/EGL_emulation( 1918): eglMakeCurrent: 0x7fb4b8261aa0: ver 2 0 (tinfo 0x7fb4b8242860)
12-09 08:04:17.636 E/Surface ( 1918): getSlotFromBufferLocked: unknown buffer: 0x7fb4b41873e0
12-09 08:04:17.658 W/ActivityManager( 1594): Bad activity token: android.os.BinderProxy@eff216f
12-09 08:04:17.658 W/ActivityManager( 1594): java.lang.ClassCastException: android.os.BinderProxy cannot be cast to com.android.server.am.ActivityRecord$Token
12-09 08:04:17.658 W/ActivityManager( 1594): 	at com.android.server.am.ActivityRecord.forTokenLocked(ActivityRecord.java:424)
12-09 08:04:17.658 W/ActivityManager( 1594): 	at com.android.server.am.ActivityRecord.isInStackLocked(ActivityRecord.java:1121)
12-09 08:04:17.658 W/ActivityManager( 1594): 	at com.android.server.am.ActivityManagerService.getActivityOptions(ActivityManagerService.java:11038)
12-09 08:04:17.658 W/ActivityManager( 1594): 	at android.app.ActivityManagerNative.onTransact(ActivityManagerNative.java:1734)
12-09 08:04:17.658 W/ActivityManager( 1594): 	at com.android.server.am.ActivityManagerService.onTransact(ActivityManagerService.java:2443)
12-09 08:04:17.658 W/ActivityManager( 1594): 	at android.os.Binder.execTransact(Binder.java:453)
12-09 08:04:17.658 W/ActivityManager( 1594): Bad activity token: android.os.BinderProxy@eff216f
12-09 08:04:17.658 W/ActivityManager( 1594): java.lang.ClassCastException: android.os.BinderProxy cannot be cast to com.android.server.am.ActivityRecord$Token
12-09 08:04:17.658 W/ActivityManager( 1594): 	at com.android.server.am.ActivityRecord.forTokenLocked(ActivityRecord.java:424)
12-09 08:04:17.658 W/ActivityManager( 1594): 	at com.android.server.am.ActivityRecord.isInStackLocked(ActivityRecord.java:1121)
12-09 08:04:17.658 W/ActivityManager( 1594): 	at com.android.server.am.ActivityManagerService.getActivityOptions(ActivityManagerService.java:11038)
12-09 08:04:17.658 W/ActivityManager( 1594): 	at android.app.ActivityManagerNative.onTransact(ActivityManagerNative.java:1734)
12-09 08:04:17.658 W/ActivityManager( 1594): 	at com.android.server.am.ActivityManagerService.onTransact(ActivityManagerService.java:2443)
12-09 08:04:17.658 W/ActivityManager( 1594): 	at android.os.Binder.execTransact(Binder.java:453)
12-09 08:04:17.676 W/art     ( 9512): Suspending all threads took: 8.407ms
12-09 08:04:17.708 I/art     ( 9512): Background sticky concurrent mark sweep GC freed 7554(518KB) AllocSpace objects, 0(0B) LOS objects, 19% free, 1810KB/2MB, paused 16.595ms total 193.922ms
12-09 08:04:18.623 D/gralloc_ranchu( 1219): gralloc_alloc: Creating ashmem region of size 3686400
12-09 08:04:18.856 D/        ( 9512): HostConnection::get() New Host Connection established 0x7fb4b819d4a0, tid 9512
12-09 08:04:18.973 I/ActivityManager( 1594): Displayed com.evancharlton.mileage/.Mileage: +1s782ms
12-09 08:04:19.029 D/gralloc_ranchu( 1219): gralloc_alloc: Creating ashmem region of size 3686400
12-09 08:04:19.656 W/art     ( 9512): Suspending all threads took: 62.896ms
12-09 08:04:19.680 I/System.out( 9512): URI: //gesture
12-09 08:04:19.680 I/System.out( 9512): params: {json={"query_timeout":5.0,"gestures":[{"query_string":"android.widget.TabWidget descendant TextView index:3","touches":[{"x":50,"y":50,"offset_x":0,"offset_y":0,"wait":0.0,"time":0.2,"release":true,"query_string":null}]}]}
12-09 08:04:19.680 I/System.out( 9512): }
12-09 08:04:19.692 I/art     ( 9512): Background partial concurrent mark sweep GC freed 14279(700KB) AllocSpace objects, 0(0B) LOS objects, 40% free, 2MB/3MB, paused 64.182ms total 215.286ms
12-09 08:04:20.095 D/gralloc_ranchu( 1219): gralloc_alloc: Creating ashmem region of size 3686400
12-09 08:04:20.152 I/AccountManagerService( 1594): getTypesVisibleToCaller: isPermitted? true
12-09 08:04:20.606 D/AndroidRuntime( 9512): Shutting down VM
--------- beginning of crash
12-09 08:04:20.606 E/AndroidRuntime( 9512): FATAL EXCEPTION: main
12-09 08:04:20.606 E/AndroidRuntime( 9512): Process: com.evancharlton.mileage, PID: 9512
12-09 08:04:20.606 E/AndroidRuntime( 9512): android.content.ActivityNotFoundException: Unable to find explicit activity class {com.evancharlton.mileage/com.evancharlton.mileage.VehicleListActivity}; have you declared this activity in your AndroidManifest.xml?
12-09 08:04:20.606 E/AndroidRuntime( 9512): 	at android.app.Instrumentation.checkStartActivityResult(Instrumentation.java:1794)
12-09 08:04:20.606 E/AndroidRuntime( 9512): 	at android.app.ActivityThread.resolveActivityInfo(ActivityThread.java:2210)
12-09 08:04:20.606 E/AndroidRuntime( 9512): 	at android.app.LocalActivityManager.startActivity(LocalActivityManager.java:286)
12-09 08:04:20.606 E/AndroidRuntime( 9512): 	at android.widget.TabHost$IntentContentStrategy.getContentView(TabHost.java:724)
12-09 08:04:20.606 E/AndroidRuntime( 9512): 	at android.widget.TabHost.setCurrentTab(TabHost.java:388)
12-09 08:04:20.606 E/AndroidRuntime( 9512): 	at android.widget.TabHost$2.onTabSelectionChanged(TabHost.java:158)
12-09 08:04:20.606 E/AndroidRuntime( 9512): 	at android.widget.TabWidget$TabClickListener.onClick(TabWidget.java:551)
12-09 08:04:20.606 E/AndroidRuntime( 9512): 	at android.view.View.performClick(View.java:5198)
12-09 08:04:20.606 E/AndroidRuntime( 9512): 	at android.view.View$PerformClick.run(View.java:21147)
12-09 08:04:20.606 E/AndroidRuntime( 9512): 	at android.os.Handler.handleCallback(Handler.java:739)
12-09 08:04:20.606 E/AndroidRuntime( 9512): 	at android.os.Handler.dispatchMessage(Handler.java:95)
12-09 08:04:20.606 E/AndroidRuntime( 9512): 	at android.os.Looper.loop(Looper.java:148)
12-09 08:04:20.606 E/AndroidRuntime( 9512): 	at android.app.ActivityThread.main(ActivityThread.java:5417)
12-09 08:04:20.606 E/AndroidRuntime( 9512): 	at java.lang.reflect.Method.invoke(Native Method)
12-09 08:04:20.606 E/AndroidRuntime( 9512): 	at com.android.internal.os.ZygoteInit$MethodAndArgsCaller.run(ZygoteInit.java:726)
12-09 08:04:20.606 E/AndroidRuntime( 9512): 	at com.android.internal.os.ZygoteInit.main(ZygoteInit.java:616)
12-09 08:04:20.606 W/ActivityManager( 1594): Error in app com.evancharlton.mileage running instrumentation ComponentInfo{com.evancharlton.mileage.test/sh.calaba.instrumentationbackend.CalabashInstrumentationTestRunner}:
12-09 08:04:20.606 W/ActivityManager( 1594):   android.content.ActivityNotFoundException
12-09 08:04:20.606 W/ActivityManager( 1594):   android.content.ActivityNotFoundException: Unable to find explicit activity class {com.evancharlton.mileage/com.evancharlton.mileage.VehicleListActivity}; have you declared this activity in your AndroidManifest.xml?
12-09 08:04:20.607 I/ActivityManager( 1594): Force stopping com.evancharlton.mileage appid=10125 user=0: finished inst
12-09 08:04:20.607 I/ActivityManager( 1594): Killing 9512:com.evancharlton.mileage/u0a125 (adj 0): stop com.evancharlton.mileage
12-09 08:04:20.628 W/InputDispatcher( 1594): channel '7f3cf67 com.evancharlton.mileage/com.evancharlton.mileage.Mileage (server)' ~ Consumer closed input channel or an error occurred.  events=0x9
12-09 08:04:20.628 E/InputDispatcher( 1594): channel '7f3cf67 com.evancharlton.mileage/com.evancharlton.mileage.Mileage (server)' ~ Channel is unrecoverably broken and will be disposed!
12-09 08:04:20.656 I/WindowState( 1594): WIN DEATH: Window{7f3cf67 u0 com.evancharlton.mileage/com.evancharlton.mileage.Mileage}
12-09 08:04:20.656 W/InputDispatcher( 1594): Attempted to unregister already unregistered input channel '7f3cf67 com.evancharlton.mileage/com.evancharlton.mileage.Mileage (server)'
12-09 08:04:20.660 W/ActivityManager( 1594): Force removing ActivityRecord{8afc74d u0 com.evancharlton.mileage/.Mileage t394}: app died, no saved state
12-09 08:04:20.684 W/ActivityManager( 1594): Spurious death for ProcessRecord{cf96057 0:com.evancharlton.mileage/u0a125}, curProc for 9512: null
12-09 08:04:20.697 W/audio_hw_generic( 1308): Hardware backing HAL too slow, could only write 0 of 661 frames
12-09 08:04:20.712 W/audio_hw_generic( 1308): Hardware backing HAL too slow, could only write 0 of 661 frames
