--------- beginning of main
12-09 08:48:09.706 D/gralloc_ranchu( 1223): gralloc_alloc: Creating ashmem region of size 708608
12-09 08:48:09.862 E/EGL_emulation( 1223): tid 1223: eglCreateSyncKHR(1881): error 0x3004 (EGL_BAD_ATTRIBUTE)
--------- beginning of system
12-09 08:48:09.965 W/ActivityManager( 1593): Finishing task with all activities already finished
12-09 08:48:09.965 W/ActivityManager( 1593): Duplicate finish request for ActivityRecord{743190a u0 com.evancharlton.mileage/.Mileage t511 f}
12-09 08:48:09.996 W/ActivityManager( 1593): Finishing task with all activities already finished
12-09 08:48:09.996 W/ActivityManager( 1593): Duplicate finish request for ActivityRecord{743190a u0 com.evancharlton.mileage/.Mileage t511 f}
12-09 08:48:09.997 W/ActivityManager( 1593): Finishing task with all activities already finished
12-09 08:48:09.997 W/ActivityManager( 1593): Duplicate finish request for ActivityRecord{743190a u0 com.evancharlton.mileage/.Mileage t511 f}
12-09 08:48:09.997 W/ActivityManager( 1593): Finishing task with all activities already finished
12-09 08:48:09.997 W/ActivityManager( 1593): Duplicate finish request for ActivityRecord{743190a u0 com.evancharlton.mileage/.Mileage t511 f}
12-09 08:48:09.997 W/ActivityManager( 1593): Finishing task with all activities already finished
12-09 08:48:09.997 W/ActivityManager( 1593): Duplicate finish request for ActivityRecord{743190a u0 com.evancharlton.mileage/.Mileage t511 f}
12-09 08:48:09.998 W/ActivityManager( 1593): Finishing task with all activities already finished
12-09 08:48:09.998 W/ActivityManager( 1593): Duplicate finish request for ActivityRecord{743190a u0 com.evancharlton.mileage/.Mileage t511 f}
12-09 08:48:09.998 W/ActivityManager( 1593): Finishing task with all activities already finished
12-09 08:48:09.998 W/ActivityManager( 1593): Duplicate finish request for ActivityRecord{743190a u0 com.evancharlton.mileage/.Mileage t511 f}
12-09 08:48:10.000 I/art     ( 1593): Background partial concurrent mark sweep GC freed 1072(55KB) AllocSpace objects, 0(0B) LOS objects, 29% free, 9MB/13MB, paused 3.097ms total 123.339ms
12-09 08:48:10.131 D/EGL_emulation( 1941): eglMakeCurrent: 0x7fc6dfc21d20: ver 2 0 (tinfo 0x7fc6dfc028e0)
12-09 08:48:10.393 W/art     ( 1593): Long monitor contention event with owner method=void com.android.server.wm.WindowAnimator$1.doFrame(long) from WindowAnimator.java:121 waiters=0 for 107ms
12-09 08:48:10.566 D/AndroidRuntime(22340): >>>>>> START com.android.internal.os.RuntimeInit uid 0 <<<<<<
12-09 08:48:10.568 D/AndroidRuntime(22340): CheckJNI is ON
12-09 08:48:10.610 D/ICU     (22340): No timezone override file found: /data/misc/zoneinfo/current/icu/icu_tzdata.dat
12-09 08:48:10.853 E/memtrack(22340): Couldn't load memtrack module (No such file or directory)
12-09 08:48:10.853 E/android.os.Debug(22340): failed to load memtrack module: -2
12-09 08:48:10.871 I/Radio-JNI(22340): register_android_hardware_Radio DONE
12-09 08:48:10.920 D/AndroidRuntime(22340): Calling main entry com.android.commands.am.Am
12-09 08:48:10.921 I/ActivityManager( 1593): Force stopping com.evancharlton.mileage appid=10145 user=0: start instr
12-09 08:48:10.921 I/ActivityManager( 1593): Killing 22294:com.evancharlton.mileage/u0a145 (adj 0): stop com.evancharlton.mileage
12-09 08:48:10.996 W/ActivityManager( 1593): Crash of app com.evancharlton.mileage running instrumentation ComponentInfo{com.evancharlton.mileage.test/sh.calaba.instrumentationbackend.CalabashInstrumentationTestRunner}
12-09 08:48:10.996 I/ActivityManager( 1593): Force stopping com.evancharlton.mileage appid=10145 user=0: finished inst
12-09 08:48:10.998 W/InputMethodManagerService( 1593): Got RemoteException sending setActive(false) notification to pid 22294 uid 10145
12-09 08:48:10.998 I/WindowState( 1593): WIN DEATH: Window{f6889f8 u0 com.evancharlton.mileage/com.evancharlton.mileage.Mileage EXITING}
12-09 08:48:11.004 I/Choreographer( 1941): Skipped 50 frames!  The application may be doing too much work on its main thread.
12-09 08:48:11.018 I/ActivityManager( 1593): Start proc 22349:com.evancharlton.mileage/u0a145 for added application com.evancharlton.mileage
12-09 08:48:11.032 W/ActivityManager( 1593): Spurious death for ProcessRecord{d59370d 0:com.evancharlton.mileage/u0a145}, curProc for 22294: null
12-09 08:48:11.057 D/AndroidRuntime(22340): Shutting down VM
12-09 08:48:11.087 W/InputMethodWrapper( 1866): Session is already finished: android.inputmethodservice.IInputMethodSessionWrapper@448eb7e
12-09 08:48:11.333 W/art     ( 1593): Long monitor contention event with owner method=void com.android.server.wm.WindowAnimator$1.doFrame(long) from WindowAnimator.java:121 waiters=1 for 122ms
12-09 08:48:11.437 W/art     ( 1593): Long monitor contention event with owner method=void com.android.server.wm.WindowAnimator$1.doFrame(long) from WindowAnimator.java:121 waiters=1 for 104ms
12-09 08:48:11.440 W/art     ( 1593): Long monitor contention event with owner method=java.util.List com.android.server.am.ActivityManagerService.getAllStackInfos() from ActivityManagerService.java:8937 waiters=0 for 237ms
12-09 08:48:11.538 W/System  (22349): ClassLoader referenced unknown path: /data/app/com.evancharlton.mileage.test-1/lib/x86_64
12-09 08:48:11.538 W/System  (22349): ClassLoader referenced unknown path: /data/app/com.evancharlton.mileage-1/lib/x86_64
12-09 08:48:11.676 I/art     (22349): Background sticky concurrent mark sweep GC freed 6861(277KB) AllocSpace objects, 0(0B) LOS objects, 47% free, 675KB/1285KB, paused 8.954ms total 79.534ms
12-09 08:48:11.683 I/System.out(22349): Main activity name automatically set to: com.evancharlton.mileage.Mileage
12-09 08:48:11.684 I/System.out(22349): Calabash did not load Mono. This is only a problem if you are trying to test a Mono application
12-09 08:48:11.684 I/calabash(22349): Test server port: 7102
12-09 08:48:11.685 I/InstrumentationBackend(22349): Added:'GetPreferences', with key:'get_preferences'
12-09 08:48:11.864 I/InstrumentationBackend(22349): Added:'SetPreferences', with key:'set_preferences'
12-09 08:48:11.864 I/InstrumentationBackend(22349): Added:'ClearPreferences', with key:'clear_preferences'
12-09 08:48:11.864 I/InstrumentationBackend(22349): Added:'PressElement', with key:'press_l10n_element'
12-09 08:48:11.865 I/InstrumentationBackend(22349): Added:'WaitForElement', with key:'wait_for_l10n_element'
12-09 08:48:11.865 I/InstrumentationBackend(22349): Added:'NullAction', with key:'nullAction'
12-09 08:48:11.865 I/InstrumentationBackend(22349): Added:'PressKey', with key:'press_key'
12-09 08:48:11.866 I/InstrumentationBackend(22349): Added:'SetActivityOrientation', with key:'set_activity_orientation'
12-09 08:48:11.866 I/InstrumentationBackend(22349): Added:'GetActivityOrientation', with key:'get_activity_orientation'
12-09 08:48:11.866 I/InstrumentationBackend(22349): Added:'FakeGPSLocation', with key:'set_gps_coordinates'
12-09 08:48:11.866 I/InstrumentationBackend(22349): Added:'SetPropertyByCssSelector', with key:'set_property_by_css_selector'
12-09 08:48:11.866 I/InstrumentationBackend(22349): Added:'GetUrl', with key:'get_url'
12-09 08:48:11.888 I/InstrumentationBackend(22349): Added:'ScrollTo', with key:'scroll_to'
12-09 08:48:11.888 I/InstrumentationBackend(22349): Added:'GetLoadProgress', with key:'get_load_progress'
12-09 08:48:11.888 I/InstrumentationBackend(22349): Added:'DumpHtml', with key:'dump_html'
12-09 08:48:11.888 I/InstrumentationBackend(22349): Added:'DumpBodyHtml', with key:'dump_body_html'
12-09 08:48:11.893 I/InstrumentationBackend(22349): Added:'EnterTextByCssSelector', with key:'enter_text_by_selector'
12-09 08:48:11.894 I/InstrumentationBackend(22349): Added:'AndroidSDKVersion', with key:'android_sdk_version'
12-09 08:48:11.894 I/InstrumentationBackend(22349): Added:'Version', with key:'version'
12-09 08:48:11.894 I/InstrumentationBackend(22349): Added:'Drag', with key:'drag'
12-09 08:48:11.894 I/InstrumentationBackend(22349): Added:'TouchCoordinates', with key:'touch_coordinate'
12-09 08:48:11.894 I/InstrumentationBackend(22349): Added:'LongPressCoordinate', with key:'long_press_coordinate'
12-09 08:48:11.895 I/InstrumentationBackend(22349): Added:'DragCoordinates', with key:'drag_coordinates'
12-09 08:48:11.916 I/InstrumentationBackend(22349): Added:'ResumeApplication', with key:'resume_application'
12-09 08:48:11.955 I/art     (22349): Background partial concurrent mark sweep GC freed 2959(317KB) AllocSpace objects, 0(0B) LOS objects, 51% free, 958KB/1982KB, paused 13.581ms total 147.567ms
12-09 08:48:11.995 I/InstrumentationBackend(22349): Added:'Swipe', with key:'swipe'
12-09 08:48:11.996 I/InstrumentationBackend(22349): Added:'DoubleTapCoordinate', with key:'double_tap_coordinate'
12-09 08:48:11.996 I/InstrumentationBackend(22349): Added:'ClickOnScreen', with key:'click_on_screen'
12-09 08:48:11.996 I/InstrumentationBackend(22349): Added:'GetActivityName', with key:'get_activity_name'
12-09 08:48:11.996 I/InstrumentationBackend(22349): Added:'ScrollToView', with key:'scroll_to_view'
12-09 08:48:11.997 I/InstrumentationBackend(22349): Added:'ViewConfiguration', with key:'view_configuration'
12-09 08:48:11.997 I/InstrumentationBackend(22349): Added:'IsCurrentActivityFocused', with key:'is_current_activity_focused'
12-09 08:48:11.997 I/InstrumentationBackend(22349): Added:'SendTcp', with key:'send_tcp'
12-09 08:48:11.997 I/InstrumentationBackend(22349): Added:'DpToDevicePixel', with key:'dp_to_device_pixel'
12-09 08:48:11.998 I/InstrumentationBackend(22349): Added:'KeyboardEnterText', with key:'keyboard_enter_text'
12-09 08:48:11.998 I/InstrumentationBackend(22349): Added:'DeleteSurroundingText', with key:'delete_surrounding_text'
12-09 08:48:12.007 I/InstrumentationBackend(22349): Added:'SetComposingRegion', with key:'set_composing_region'
12-09 08:48:12.007 I/InstrumentationBackend(22349): Added:'SetSelection', with key:'set_selection'
12-09 08:48:12.007 I/InstrumentationBackend(22349): Added:'KeyboardKeyEvent', with key:'keyboard_key_event'
12-09 08:48:12.008 I/InstrumentationBackend(22349): Added:'PressUserActionButton', with key:'press_user_action_button'
12-09 08:48:12.008 I/InstrumentationBackend(22349): Added:'HideSoftKeyboard', with key:'hide_soft_keyboard'
12-09 08:48:12.009 I/InstrumentationBackend(22349): Added:'ListActions', with key:'list_actions'
12-09 08:48:12.009 I/calabash(22349): Instantiating http server at 7102
12-09 08:48:12.010 I/System.out(22349): HTTP Daemon listening on: 7102
12-09 08:48:12.154 W/art     ( 1593): Long monitor contention event with owner method=void com.android.server.wm.WindowAnimator$1.doFrame(long) from WindowAnimator.java:121 waiters=0 for 161ms
12-09 08:48:12.256 I/System.out(22349): URI: //ping
12-09 08:48:12.268 I/System.out(22349): params: {json={}
12-09 08:48:12.268 I/System.out(22349): }
12-09 08:48:12.327 I/System.out(22349): URI: //ping
12-09 08:48:12.328 I/System.out(22349): params: {json={}
12-09 08:48:12.328 I/System.out(22349): }
12-09 08:48:12.424 I/Choreographer( 1941): Skipped 83 frames!  The application may be doing too much work on its main thread.
12-09 08:48:12.428 I/System.out(22349): URI: //ready
12-09 08:48:12.428 I/System.out(22349): params: {json={}
12-09 08:48:12.429 I/System.out(22349): }
12-09 08:48:12.478 W/OpenGLRenderer( 1941): Incorrectly called buildLayer on View: ShortcutAndWidgetContainer, destroying layer...
12-09 08:48:12.498 I/System.out(22349): URI: //
12-09 08:48:12.498 I/System.out(22349): params: {json={"command":"version","arguments":[]}
12-09 08:48:12.498 I/System.out(22349): }
12-09 08:48:12.498 I/System.out(22349): header: {date=Sun, 09 Dec 2018 08:48:13 GMT, accept=*/*, content-length=36, host=127.0.0.1:34777, user-agent=HTTPClient/1.0 (2.8.3, ruby 2.3.1 (2016-04-26)), content-type=application/json;charset=utf-8}
12-09 08:48:12.499 I/System.out(22349): params: {json={"command":"version","arguments":[]}
12-09 08:48:12.499 I/System.out(22349): }
12-09 08:48:12.499 I/System.out(22349): ProP json = {"command":"version","arguments":[]}
12-09 08:48:12.499 I/System.out(22349): files: {}
12-09 08:48:12.508 I/System.out(22349): command: {"command":"version","arguments":[]}
12-09 08:48:12.538 I/InstrumentationBackend(22349): Got command:'Command:'Line:null,version', arguments:'[]'
12-09 08:48:12.641 I/System.out(22349): result:{"bonusInformation":[],"message":"0.9.8","success":true}
12-09 08:48:12.700 I/System.out(22349): URI: //start-application
12-09 08:48:12.700 I/System.out(22349): params: {json={"intent":null}
12-09 08:48:12.700 I/System.out(22349): }
12-09 08:48:13.067 D/hwcomposer( 1223): hw_composer sent 854 syncs in 60s
12-09 08:48:13.176 W/WindowAnimator( 1593): Failed to dispatch window animation state change.
12-09 08:48:13.176 W/WindowAnimator( 1593): android.os.DeadObjectException
12-09 08:48:13.176 W/WindowAnimator( 1593): 	at android.os.BinderProxy.transactNative(Native Method)
12-09 08:48:13.176 W/WindowAnimator( 1593): 	at android.os.BinderProxy.transact(Binder.java:503)
12-09 08:48:13.176 W/WindowAnimator( 1593): 	at android.view.IWindow$Stub$Proxy.onAnimationStopped(IWindow.java:534)
12-09 08:48:13.176 W/WindowAnimator( 1593): 	at com.android.server.wm.WindowAnimator.updateWindowsLocked(WindowAnimator.java:286)
12-09 08:48:13.176 W/WindowAnimator( 1593): 	at com.android.server.wm.WindowAnimator.animateLocked(WindowAnimator.java:678)
12-09 08:48:13.176 W/WindowAnimator( 1593): 	at com.android.server.wm.WindowAnimator.-wrap0(WindowAnimator.java)
12-09 08:48:13.176 W/WindowAnimator( 1593): 	at com.android.server.wm.WindowAnimator$1.doFrame(WindowAnimator.java:123)
12-09 08:48:13.176 W/WindowAnimator( 1593): 	at android.view.Choreographer$CallbackRecord.run(Choreographer.java:856)
12-09 08:48:13.176 W/WindowAnimator( 1593): 	at android.view.Choreographer.doCallbacks(Choreographer.java:670)
12-09 08:48:13.176 W/WindowAnimator( 1593): 	at android.view.Choreographer.doFrame(Choreographer.java:603)
12-09 08:48:13.176 W/WindowAnimator( 1593): 	at android.view.Choreographer$FrameDisplayEventReceiver.run(Choreographer.java:844)
12-09 08:48:13.176 W/WindowAnimator( 1593): 	at android.os.Handler.handleCallback(Handler.java:739)
12-09 08:48:13.176 W/WindowAnimator( 1593): 	at android.os.Handler.dispatchMessage(Handler.java:95)
12-09 08:48:13.176 W/WindowAnimator( 1593): 	at android.os.Looper.loop(Looper.java:148)
12-09 08:48:13.176 W/WindowAnimator( 1593): 	at android.os.HandlerThread.run(HandlerThread.java:61)
12-09 08:48:13.176 W/WindowAnimator( 1593): 	at com.android.server.ServiceThread.run(ServiceThread.java:46)
12-09 08:48:13.177 W/art     ( 1593): Long monitor contention event with owner method=void com.android.server.wm.WindowAnimator$1.doFrame(long) from WindowAnimator.java:121 waiters=1 for 277ms
12-09 08:48:13.340 W/art     ( 1593): Long monitor contention event with owner method=void com.android.server.wm.WindowAnimator$1.doFrame(long) from WindowAnimator.java:121 waiters=1 for 344ms
12-09 08:48:13.456 I/ActivityManager( 1593): START u0 {act=android.intent.action.MAIN cat=[android.intent.category.LAUNCHER] flg=0x10200000 cmp=com.evancharlton.mileage/.Mileage} from uid 10145 on display 0
12-09 08:48:13.662 I/calabash(22349): newActivity1
12-09 08:48:13.744 I/calabash(22349): newActivity1
12-09 08:48:13.804 W/ActivityManager( 1593): Bad activity token: android.os.BinderProxy@17c67d4
12-09 08:48:13.804 W/ActivityManager( 1593): java.lang.ClassCastException: android.os.BinderProxy cannot be cast to com.android.server.am.ActivityRecord$Token
12-09 08:48:13.804 W/ActivityManager( 1593): 	at com.android.server.am.ActivityRecord.forTokenLocked(ActivityRecord.java:424)
12-09 08:48:13.804 W/ActivityManager( 1593): 	at com.android.server.am.ActivityRecord.isInStackLocked(ActivityRecord.java:1121)
12-09 08:48:13.804 W/ActivityManager( 1593): 	at com.android.server.am.ActivityRecord.getStackLocked(ActivityRecord.java:1126)
12-09 08:48:13.804 W/ActivityManager( 1593): 	at com.android.server.am.ActivityManagerService.getActivityDisplayId(ActivityManagerService.java:8889)
12-09 08:48:13.804 W/ActivityManager( 1593): 	at android.app.ActivityManagerNative.onTransact(ActivityManagerNative.java:2338)
12-09 08:48:13.804 W/ActivityManager( 1593): 	at com.android.server.am.ActivityManagerService.onTransact(ActivityManagerService.java:2443)
12-09 08:48:13.804 W/ActivityManager( 1593): 	at android.os.Binder.execTransact(Binder.java:453)
12-09 08:48:13.844 W/ActivityManager( 1593): Bad activity token: android.os.BinderProxy@17c67d4
12-09 08:48:13.844 W/ActivityManager( 1593): java.lang.ClassCastException: android.os.BinderProxy cannot be cast to com.android.server.am.ActivityRecord$Token
12-09 08:48:13.844 W/ActivityManager( 1593): 	at com.android.server.am.ActivityRecord.forTokenLocked(ActivityRecord.java:424)
12-09 08:48:13.844 W/ActivityManager( 1593): 	at com.android.server.am.ActivityRecord.isInStackLocked(ActivityRecord.java:1121)
12-09 08:48:13.844 W/ActivityManager( 1593): 	at com.android.server.am.ActivityManagerService.setTaskDescription(ActivityManagerService.java:8547)
12-09 08:48:13.844 W/ActivityManager( 1593): 	at android.app.ActivityManagerNative.onTransact(ActivityManagerNative.java:2410)
12-09 08:48:13.844 W/ActivityManager( 1593): 	at com.android.server.am.ActivityManagerService.onTransact(ActivityManagerService.java:2443)
12-09 08:48:13.844 W/ActivityManager( 1593): 	at android.os.Binder.execTransact(Binder.java:453)
12-09 08:48:13.900 D/gralloc_ranchu( 1223): gralloc_alloc: Creating ashmem region of size 3686400
12-09 08:48:14.156 W/ActivityManager( 1593): Bad activity token: android.os.BinderProxy@17c67d4
12-09 08:48:14.156 W/ActivityManager( 1593): java.lang.ClassCastException: android.os.BinderProxy cannot be cast to com.android.server.am.ActivityRecord$Token
12-09 08:48:14.156 W/ActivityManager( 1593): 	at com.android.server.am.ActivityRecord.forTokenLocked(ActivityRecord.java:424)
12-09 08:48:14.156 W/ActivityManager( 1593): 	at com.android.server.am.ActivityRecord.isInStackLocked(ActivityRecord.java:1121)
12-09 08:48:14.156 W/ActivityManager( 1593): 	at com.android.server.am.ActivityManagerService.getActivityOptions(ActivityManagerService.java:11038)
12-09 08:48:14.156 W/ActivityManager( 1593): 	at android.app.ActivityManagerNative.onTransact(ActivityManagerNative.java:1734)
12-09 08:48:14.156 W/ActivityManager( 1593): 	at com.android.server.am.ActivityManagerService.onTransact(ActivityManagerService.java:2443)
12-09 08:48:14.156 W/ActivityManager( 1593): 	at android.os.Binder.execTransact(Binder.java:453)
12-09 08:48:14.202 W/ActivityManager( 1593): Bad activity token: android.os.BinderProxy@17c67d4
12-09 08:48:14.202 W/ActivityManager( 1593): java.lang.ClassCastException: android.os.BinderProxy cannot be cast to com.android.server.am.ActivityRecord$Token
12-09 08:48:14.202 W/ActivityManager( 1593): 	at com.android.server.am.ActivityRecord.forTokenLocked(ActivityRecord.java:424)
12-09 08:48:14.202 W/ActivityManager( 1593): 	at com.android.server.am.ActivityRecord.isInStackLocked(ActivityRecord.java:1121)
12-09 08:48:14.202 W/ActivityManager( 1593): 	at com.android.server.am.ActivityManagerService.getActivityOptions(ActivityManagerService.java:11038)
12-09 08:48:14.202 W/ActivityManager( 1593): 	at android.app.ActivityManagerNative.onTransact(ActivityManagerNative.java:1734)
12-09 08:48:14.202 W/ActivityManager( 1593): 	at com.android.server.am.ActivityManagerService.onTransact(ActivityManagerService.java:2443)
12-09 08:48:14.202 W/ActivityManager( 1593): 	at android.os.Binder.execTransact(Binder.java:453)
12-09 08:48:14.247 D/EGL_emulation( 1941): eglMakeCurrent: 0x7fc6dfc21d20: ver 2 0 (tinfo 0x7fc6dfc028e0)
12-09 08:48:14.255 I/art     (22349): Background sticky concurrent mark sweep GC freed 791(65KB) AllocSpace objects, 0(0B) LOS objects, 0% free, 1991KB/1991KB, paused 7.334ms total 27.940ms
12-09 08:48:14.255 E/Surface ( 1941): getSlotFromBufferLocked: unknown buffer: 0x7fc6dbb49de0
12-09 08:48:14.312 V/PhoneStatusBar( 1689): setLightsOn(true)
12-09 08:48:14.399 W/art     (22349): Suspending all threads took: 26.669ms
12-09 08:48:14.417 I/art     (22349): Background partial concurrent mark sweep GC freed 1893(150KB) AllocSpace objects, 2(40KB) LOS objects, 39% free, 1872KB/3MB, paused 27.928ms total 119.689ms
12-09 08:48:14.750 D/gralloc_ranchu( 1223): gralloc_alloc: Creating ashmem region of size 3686400
12-09 08:48:14.815 D/        (22349): HostConnection::get() New Host Connection established 0x7fc6dfb4b3e0, tid 22349
12-09 08:48:15.228 W/art     ( 1593): Long monitor contention event with owner method=void com.android.server.wm.WindowAnimator$1.doFrame(long) from WindowAnimator.java:121 waiters=0 for 129ms
12-09 08:48:15.261 I/ActivityManager( 1593): Displayed com.evancharlton.mileage/.Mileage: +1s621ms
12-09 08:48:15.298 D/gralloc_ranchu( 1223): gralloc_alloc: Creating ashmem region of size 3686400
12-09 08:48:16.160 D/gralloc_ranchu( 1223): gralloc_alloc: Creating ashmem region of size 3686400
12-09 08:48:16.527 I/System.out(22349): URI: //gesture
12-09 08:48:16.527 I/System.out(22349): params: {json={"query_timeout":5.0,"gestures":[{"query_string":"android.widget.TabWidget descendant TextView index:1","touches":[{"x":50,"y":50,"offset_x":0,"offset_y":0,"wait":0.0,"time":0.2,"release":true,"query_string":null}]}]}
12-09 08:48:16.527 I/System.out(22349): }
12-09 08:48:17.172 I/calabash(22349): newActivity1
12-09 08:48:17.173 W/ActivityManager( 1593): Bad activity token: android.os.BinderProxy@83db9b1
12-09 08:48:17.173 W/ActivityManager( 1593): java.lang.ClassCastException: android.os.BinderProxy cannot be cast to com.android.server.am.ActivityRecord$Token
12-09 08:48:17.173 W/ActivityManager( 1593): 	at com.android.server.am.ActivityRecord.forTokenLocked(ActivityRecord.java:424)
12-09 08:48:17.173 W/ActivityManager( 1593): 	at com.android.server.am.ActivityRecord.isInStackLocked(ActivityRecord.java:1121)
12-09 08:48:17.173 W/ActivityManager( 1593): 	at com.android.server.am.ActivityRecord.getStackLocked(ActivityRecord.java:1126)
12-09 08:48:17.173 W/ActivityManager( 1593): 	at com.android.server.am.ActivityManagerService.getActivityDisplayId(ActivityManagerService.java:8889)
12-09 08:48:17.173 W/ActivityManager( 1593): 	at android.app.ActivityManagerNative.onTransact(ActivityManagerNative.java:2338)
12-09 08:48:17.173 W/ActivityManager( 1593): 	at com.android.server.am.ActivityManagerService.onTransact(ActivityManagerService.java:2443)
12-09 08:48:17.173 W/ActivityManager( 1593): 	at android.os.Binder.execTransact(Binder.java:453)
12-09 08:48:17.174 W/ActivityManager( 1593): Bad activity token: android.os.BinderProxy@83db9b1
12-09 08:48:17.174 W/ActivityManager( 1593): java.lang.ClassCastException: android.os.BinderProxy cannot be cast to com.android.server.am.ActivityRecord$Token
12-09 08:48:17.174 W/ActivityManager( 1593): 	at com.android.server.am.ActivityRecord.forTokenLocked(ActivityRecord.java:424)
12-09 08:48:17.174 W/ActivityManager( 1593): 	at com.android.server.am.ActivityRecord.isInStackLocked(ActivityRecord.java:1121)
12-09 08:48:17.174 W/ActivityManager( 1593): 	at com.android.server.am.ActivityManagerService.setTaskDescription(ActivityManagerService.java:8547)
12-09 08:48:17.174 W/ActivityManager( 1593): 	at android.app.ActivityManagerNative.onTransact(ActivityManagerNative.java:2410)
12-09 08:48:17.174 W/ActivityManager( 1593): 	at com.android.server.am.ActivityManagerService.onTransact(ActivityManagerService.java:2443)
12-09 08:48:17.174 W/ActivityManager( 1593): 	at android.os.Binder.execTransact(Binder.java:453)
12-09 08:48:17.179 W/audio_hw_generic( 1306): Hardware backing HAL too slow, could only write 0 of 661 frames
12-09 08:48:17.200 W/art     (22349): Suspending all threads took: 9.084ms
12-09 08:48:17.210 W/audio_hw_generic( 1306): Hardware backing HAL too slow, could only write 0 of 661 frames
12-09 08:48:17.273 W/ActivityManager( 1593): Bad activity token: android.os.BinderProxy@83db9b1
12-09 08:48:17.273 W/ActivityManager( 1593): java.lang.ClassCastException: android.os.BinderProxy cannot be cast to com.android.server.am.ActivityRecord$Token
12-09 08:48:17.273 W/ActivityManager( 1593): 	at com.android.server.am.ActivityRecord.forTokenLocked(ActivityRecord.java:424)
12-09 08:48:17.273 W/ActivityManager( 1593): 	at com.android.server.am.ActivityRecord.isInStackLocked(ActivityRecord.java:1121)
12-09 08:48:17.273 W/ActivityManager( 1593): 	at com.android.server.am.ActivityManagerService.getActivityOptions(ActivityManagerService.java:11038)
12-09 08:48:17.273 W/ActivityManager( 1593): 	at android.app.ActivityManagerNative.onTransact(ActivityManagerNative.java:1734)
12-09 08:48:17.273 W/ActivityManager( 1593): 	at com.android.server.am.ActivityManagerService.onTransact(ActivityManagerService.java:2443)
12-09 08:48:17.273 W/ActivityManager( 1593): 	at android.os.Binder.execTransact(Binder.java:453)
12-09 08:48:17.273 W/ActivityManager( 1593): Bad activity token: android.os.BinderProxy@83db9b1
12-09 08:48:17.273 W/ActivityManager( 1593): java.lang.ClassCastException: android.os.BinderProxy cannot be cast to com.android.server.am.ActivityRecord$Token
12-09 08:48:17.273 W/ActivityManager( 1593): 	at com.android.server.am.ActivityRecord.forTokenLocked(ActivityRecord.java:424)
12-09 08:48:17.273 W/ActivityManager( 1593): 	at com.android.server.am.ActivityRecord.isInStackLocked(ActivityRecord.java:1121)
12-09 08:48:17.273 W/ActivityManager( 1593): 	at com.android.server.am.ActivityManagerService.getActivityOptions(ActivityManagerService.java:11038)
12-09 08:48:17.273 W/ActivityManager( 1593): 	at android.app.ActivityManagerNative.onTransact(ActivityManagerNative.java:1734)
12-09 08:48:17.273 W/ActivityManager( 1593): 	at com.android.server.am.ActivityManagerService.onTransact(ActivityManagerService.java:2443)
12-09 08:48:17.273 W/ActivityManager( 1593): 	at android.os.Binder.execTransact(Binder.java:453)
12-09 08:48:17.352 W/audio_hw_generic( 1306): Not supplying enough data to HAL, expected position 55101339 , only wrote 55100960
12-09 08:48:17.354 I/art     (22349): Background sticky concurrent mark sweep GC freed 39877(1882KB) AllocSpace objects, 0(0B) LOS objects, 17% free, 2MB/3MB, paused 10.622ms total 229.076ms
12-09 08:48:17.400 W/audio_hw_generic( 1306): Hardware backing HAL too slow, could only write 0 of 661 frames
12-09 08:48:17.423 W/audio_hw_generic( 1306): Hardware backing HAL too slow, could only write 0 of 661 frames
12-09 08:48:17.424 W/audio_hw_generic( 1306): Hardware backing HAL too slow, could only write 0 of 661 frames
12-09 08:48:17.456 W/audio_hw_generic( 1306): Hardware backing HAL too slow, could only write 0 of 661 frames
12-09 08:48:17.469 W/audio_hw_generic( 1306): Hardware backing HAL too slow, could only write 0 of 661 frames
12-09 08:48:17.484 W/audio_hw_generic( 1306): Hardware backing HAL too slow, could only write 0 of 661 frames
12-09 08:48:17.500 W/audio_hw_generic( 1306): Hardware backing HAL too slow, could only write 0 of 661 frames
12-09 08:48:17.564 W/audio_hw_generic( 1306): Not supplying enough data to HAL, expected position 55110309 , only wrote 55108892
12-09 08:48:17.564 W/audio_hw_generic( 1306): Not supplying enough data to HAL, expected position 55108899 , only wrote 55108892
12-09 08:48:17.600 D/Mileage (22349): Not enough fillups to calculate economy
12-09 08:48:17.619 W/audio_hw_generic( 1306): Hardware backing HAL too slow, could only write 0 of 661 frames
12-09 08:48:17.631 W/audio_hw_generic( 1306): Hardware backing HAL too slow, could only write 0 of 661 frames
12-09 08:48:17.647 W/audio_hw_generic( 1306): Hardware backing HAL too slow, could only write 0 of 661 frames
12-09 08:48:17.660 W/audio_hw_generic( 1306): Hardware backing HAL too slow, could only write 0 of 661 frames
12-09 08:48:17.679 W/audio_hw_generic( 1306): Hardware backing HAL too slow, could only write 0 of 661 frames
12-09 08:48:17.847 E/SurfaceFlinger( 1223): ro.sf.lcd_density must be defined as a build property
12-09 08:48:17.848 D/gralloc_ranchu( 1223): gralloc_alloc: Creating ashmem region of size 3686400
12-09 08:48:17.896 D/        (22377): HostConnection::get() New Host Connection established 0x7f215f912480, tid 22377
12-09 08:48:18.007 W/audio_hw_generic( 1306): Not supplying enough data to HAL, expected position 55128415 , only wrote 55124756
12-09 08:48:18.007 W/audio_hw_generic( 1306): Not supplying enough data to HAL, expected position 55124764 , only wrote 55124756
12-09 08:48:18.039 W/audio_hw_generic( 1306): Not supplying enough data to HAL, expected position 55126118 , only wrote 55126078
12-09 08:48:18.063 W/audio_hw_generic( 1306): Hardware backing HAL too slow, could only write 0 of 661 frames
12-09 08:48:18.087 W/audio_hw_generic( 1306): Hardware backing HAL too slow, could only write 0 of 661 frames
12-09 08:48:18.107 E/EGL_emulation( 1223): tid 1223: eglCreateSyncKHR(1881): error 0x3004 (EGL_BAD_ATTRIBUTE)
12-09 08:48:18.109 W/audio_hw_generic( 1306): Hardware backing HAL too slow, could only write 0 of 661 frames
12-09 08:48:18.133 W/audio_hw_generic( 1306): Hardware backing HAL too slow, could only write 0 of 661 frames
12-09 08:48:18.143 W/audio_hw_generic( 1306): Hardware backing HAL too slow, could only write 0 of 661 frames
12-09 08:48:18.195 W/audio_hw_generic( 1306): Not supplying enough data to HAL, expected position 55133024 , only wrote 55132688
12-09 08:48:18.236 W/audio_hw_generic( 1306): Not supplying enough data to HAL, expected position 55134509 , only wrote 55132688
12-09 08:48:18.255 W/audio_hw_generic( 1306): Not supplying enough data to HAL, expected position 55133511 , only wrote 55133349
12-09 08:48:18.270 W/audio_hw_generic( 1306): Hardware backing HAL too slow, could only write 0 of 661 frames
12-09 08:48:18.288 W/audio_hw_generic( 1306): Hardware backing HAL too slow, could only write 0 of 661 frames
12-09 08:48:18.300 W/audio_hw_generic( 1306): Hardware backing HAL too slow, could only write 0 of 661 frames
12-09 08:48:18.315 W/audio_hw_generic( 1306): Hardware backing HAL too slow, could only write 0 of 661 frames
12-09 08:48:18.479 W/audio_hw_generic( 1306): Hardware backing HAL too slow, could only write 0 of 661 frames
12-09 08:48:18.504 W/audio_hw_generic( 1306): Hardware backing HAL too slow, could only write 0 of 661 frames
12-09 08:48:18.586 W/audio_hw_generic( 1306): Not supplying enough data to HAL, expected position 55147925 , only wrote 55147891
12-09 08:48:18.586 W/audio_hw_generic( 1306): Not supplying enough data to HAL, expected position 55147898 , only wrote 55147891
12-09 08:48:18.630 W/audio_hw_generic( 1306): Not supplying enough data to HAL, expected position 55149858 , only wrote 55148552
12-09 08:48:18.669 W/audio_hw_generic( 1306): Not supplying enough data to HAL, expected position 55150234 , only wrote 55149874
12-09 08:48:18.705 W/audio_hw_generic( 1306): Not supplying enough data to HAL, expected position 55151457 , only wrote 55151196
12-09 08:48:18.705 W/audio_hw_generic( 1306): Hardware backing HAL too slow, could only write 0 of 661 frames
12-09 08:48:18.720 W/audio_hw_generic( 1306): Hardware backing HAL too slow, could only write 0 of 661 frames
12-09 08:48:18.763 W/audio_hw_generic( 1306): Not supplying enough data to HAL, expected position 55153786 , only wrote 55153179
12-09 08:48:18.763 W/audio_hw_generic( 1306): Hardware backing HAL too slow, could only write 0 of 661 frames
12-09 08:48:18.764 W/audio_hw_generic( 1306): Hardware backing HAL too slow, could only write 0 of 661 frames
12-09 08:48:18.783 W/audio_hw_generic( 1306): Hardware backing HAL too slow, could only write 0 of 661 frames
12-09 08:48:18.798 W/audio_hw_generic( 1306): Hardware backing HAL too slow, could only write 0 of 661 frames
12-09 08:48:18.835 W/audio_hw_generic( 1306): Hardware backing HAL too slow, could only write 0 of 661 frames
12-09 08:48:18.835 W/audio_hw_generic( 1306): Hardware backing HAL too slow, could only write 0 of 661 frames
12-09 08:48:18.851 W/audio_hw_generic( 1306): Hardware backing HAL too slow, could only write 0 of 661 frames
12-09 08:48:18.867 W/audio_hw_generic( 1306): Hardware backing HAL too slow, could only write 0 of 661 frames
12-09 08:48:18.882 W/audio_hw_generic( 1306): Hardware backing HAL too slow, could only write 0 of 661 frames
12-09 08:48:18.915 I/System.out(22349): URI: //gesture
12-09 08:48:18.915 I/System.out(22349): params: {json={"query_timeout":5.0,"gestures":[{"query_string":"android.widget.TabWidget descendant TextView index:3","touches":[{"x":50,"y":50,"offset_x":0,"offset_y":0,"wait":0.0,"time":0.2,"release":true,"query_string":null}]}]}
12-09 08:48:18.915 I/System.out(22349): }
12-09 08:48:18.990 W/audio_hw_generic( 1306): Not supplying enough data to HAL, expected position 55163167 , only wrote 55163094
12-09 08:48:19.024 W/CursorWrapperInner(22349): Cursor finalized without prior close()
12-09 08:48:19.026 I/art     (22349): Background sticky concurrent mark sweep GC freed 14484(661KB) AllocSpace objects, 2(40KB) LOS objects, 16% free, 2MB/3MB, paused 1.162ms total 103.085ms
12-09 08:48:19.084 W/audio_hw_generic( 1306): Not supplying enough data to HAL, expected position 55167263 , only wrote 55166399
12-09 08:48:19.085 W/audio_hw_generic( 1306): Not supplying enough data to HAL, expected position 55166406 , only wrote 55166399
12-09 08:48:19.123 W/audio_hw_generic( 1306): Hardware backing HAL too slow, could only write 0 of 661 frames
12-09 08:48:19.139 W/audio_hw_generic( 1306): Hardware backing HAL too slow, could only write 0 of 661 frames
12-09 08:48:19.168 W/audio_hw_generic( 1306): Hardware backing HAL too slow, could only write 0 of 661 frames
12-09 08:48:19.194 W/audio_hw_generic( 1306): Not supplying enough data to HAL, expected position 55171217 , only wrote 55171026
12-09 08:48:19.268 W/audio_hw_generic( 1306): Not supplying enough data to HAL, expected position 55174295 , only wrote 55173670
12-09 08:48:19.268 W/audio_hw_generic( 1306): Not supplying enough data to HAL, expected position 55173677 , only wrote 55173670
12-09 08:48:19.283 W/audio_hw_generic( 1306): Not supplying enough data to HAL, expected position 55174333 , only wrote 55174331
12-09 08:48:19.360 W/audio_hw_generic( 1306): Hardware backing HAL too slow, could only write 0 of 661 frames
12-09 08:48:19.360 W/audio_hw_generic( 1306): Not supplying enough data to HAL, expected position 55177714 , only wrote 55177636
12-09 08:48:19.360 W/audio_hw_generic( 1306): Not supplying enough data to HAL, expected position 55177642 , only wrote 55177636
12-09 08:48:19.375 W/audio_hw_generic( 1306): Not supplying enough data to HAL, expected position 55178299 , only wrote 55178297
12-09 08:48:19.444 W/audio_hw_generic( 1306): Hardware backing HAL too slow, could only write 0 of 661 frames
12-09 08:48:19.456 W/audio_hw_generic( 1306): Hardware backing HAL too slow, could only write 0 of 661 frames
12-09 08:48:19.494 I/calabash(22349): newActivity1
12-09 08:48:19.497 W/ActivityManager( 1593): Bad activity token: android.os.BinderProxy@3ea9e22
12-09 08:48:19.497 W/ActivityManager( 1593): java.lang.ClassCastException: android.os.BinderProxy cannot be cast to com.android.server.am.ActivityRecord$Token
12-09 08:48:19.497 W/ActivityManager( 1593): 	at com.android.server.am.ActivityRecord.forTokenLocked(ActivityRecord.java:424)
12-09 08:48:19.497 W/ActivityManager( 1593): 	at com.android.server.am.ActivityRecord.isInStackLocked(ActivityRecord.java:1121)
12-09 08:48:19.497 W/ActivityManager( 1593): 	at com.android.server.am.ActivityRecord.getStackLocked(ActivityRecord.java:1126)
12-09 08:48:19.497 W/ActivityManager( 1593): 	at com.android.server.am.ActivityManagerService.getActivityDisplayId(ActivityManagerService.java:8889)
12-09 08:48:19.497 W/ActivityManager( 1593): 	at android.app.ActivityManagerNative.onTransact(ActivityManagerNative.java:2338)
12-09 08:48:19.497 W/ActivityManager( 1593): 	at com.android.server.am.ActivityManagerService.onTransact(ActivityManagerService.java:2443)
12-09 08:48:19.497 W/ActivityManager( 1593): 	at android.os.Binder.execTransact(Binder.java:453)
12-09 08:48:19.498 W/ActivityManager( 1593): Bad activity token: android.os.BinderProxy@3ea9e22
12-09 08:48:19.498 W/ActivityManager( 1593): java.lang.ClassCastException: android.os.BinderProxy cannot be cast to com.android.server.am.ActivityRecord$Token
12-09 08:48:19.498 W/ActivityManager( 1593): 	at com.android.server.am.ActivityRecord.forTokenLocked(ActivityRecord.java:424)
12-09 08:48:19.498 W/ActivityManager( 1593): 	at com.android.server.am.ActivityRecord.isInStackLocked(ActivityRecord.java:1121)
12-09 08:48:19.498 W/ActivityManager( 1593): 	at com.android.server.am.ActivityManagerService.setTaskDescription(ActivityManagerService.java:8547)
12-09 08:48:19.498 W/ActivityManager( 1593): 	at android.app.ActivityManagerNative.onTransact(ActivityManagerNative.java:2410)
12-09 08:48:19.498 W/ActivityManager( 1593): 	at com.android.server.am.ActivityManagerService.onTransact(ActivityManagerService.java:2443)
12-09 08:48:19.498 W/ActivityManager( 1593): 	at android.os.Binder.execTransact(Binder.java:453)
12-09 08:48:19.555 W/audio_hw_generic( 1306): Not supplying enough data to HAL, expected position 55186236 , only wrote 55186229
12-09 08:48:19.617 W/audio_hw_generic( 1306): Hardware backing HAL too slow, could only write 0 of 661 frames
12-09 08:48:19.627 W/ActivityManager( 1593): Bad activity token: android.os.BinderProxy@3ea9e22
12-09 08:48:19.627 W/ActivityManager( 1593): java.lang.ClassCastException: android.os.BinderProxy cannot be cast to com.android.server.am.ActivityRecord$Token
12-09 08:48:19.627 W/ActivityManager( 1593): 	at com.android.server.am.ActivityRecord.forTokenLocked(ActivityRecord.java:424)
12-09 08:48:19.627 W/ActivityManager( 1593): 	at com.android.server.am.ActivityRecord.isInStackLocked(ActivityRecord.java:1121)
12-09 08:48:19.627 W/ActivityManager( 1593): 	at com.android.server.am.ActivityManagerService.getActivityOptions(ActivityManagerService.java:11038)
12-09 08:48:19.627 W/ActivityManager( 1593): 	at android.app.ActivityManagerNative.onTransact(ActivityManagerNative.java:1734)
12-09 08:48:19.627 W/ActivityManager( 1593): 	at com.android.server.am.ActivityManagerService.onTransact(ActivityManagerService.java:2443)
12-09 08:48:19.627 W/ActivityManager( 1593): 	at android.os.Binder.execTransact(Binder.java:453)
12-09 08:48:19.628 D/AudioFlinger( 1306): mixer(0xf42c0000) throttle end: throttle time(19)
12-09 08:48:19.639 W/ActivityManager( 1593): Bad activity token: android.os.BinderProxy@3ea9e22
12-09 08:48:19.639 W/ActivityManager( 1593): java.lang.ClassCastException: android.os.BinderProxy cannot be cast to com.android.server.am.ActivityRecord$Token
12-09 08:48:19.639 W/ActivityManager( 1593): 	at com.android.server.am.ActivityRecord.forTokenLocked(ActivityRecord.java:424)
12-09 08:48:19.639 W/ActivityManager( 1593): 	at com.android.server.am.ActivityRecord.isInStackLocked(ActivityRecord.java:1121)
12-09 08:48:19.639 W/ActivityManager( 1593): 	at com.android.server.am.ActivityManagerService.getActivityOptions(ActivityManagerService.java:11038)
12-09 08:48:19.639 W/ActivityManager( 1593): 	at android.app.ActivityManagerNative.onTransact(ActivityManagerNative.java:1734)
12-09 08:48:19.639 W/ActivityManager( 1593): 	at com.android.server.am.ActivityManagerService.onTransact(ActivityManagerService.java:2443)
12-09 08:48:19.639 W/ActivityManager( 1593): 	at android.os.Binder.execTransact(Binder.java:453)
12-09 08:48:19.660 W/audio_hw_generic( 1306): Not supplying enough data to HAL, expected position 55190857 , only wrote 55190856
12-09 08:48:19.665 I/art     (22349): Background sticky concurrent mark sweep GC freed 15178(623KB) AllocSpace objects, 0(0B) LOS objects, 0% free, 3MB/3MB, paused 2.060ms total 161.002ms
12-09 08:48:19.675 W/audio_hw_generic( 1306): Not supplying enough data to HAL, expected position 55191523 , only wrote 55191517
12-09 08:48:19.747 W/audio_hw_generic( 1306): Hardware backing HAL too slow, could only write 0 of 661 frames
12-09 08:48:19.852 I/art     (22349): Background partial concurrent mark sweep GC freed 22241(1274KB) AllocSpace objects, 4(80KB) LOS objects, 39% free, 2MB/3MB, paused 1.536ms total 172.498ms
12-09 08:48:19.872 W/audio_hw_generic( 1306): Not supplying enough data to HAL, expected position 55200212 , only wrote 55200110
12-09 08:48:19.975 W/audio_hw_generic( 1306): Hardware backing HAL too slow, could only write 0 of 661 frames
12-09 08:48:19.975 W/audio_hw_generic( 1306): Hardware backing HAL too slow, could only write 0 of 661 frames
12-09 08:48:19.997 W/audio_hw_generic( 1306): Hardware backing HAL too slow, could only write 0 of 661 frames
12-09 08:48:20.020 W/audio_hw_generic( 1306): Hardware backing HAL too slow, could only write 0 of 661 frames
12-09 08:48:20.035 W/audio_hw_generic( 1306): Hardware backing HAL too slow, could only write 0 of 661 frames
12-09 08:48:20.171 E/SurfaceFlinger( 1223): ro.sf.lcd_density must be defined as a build property
12-09 08:48:20.186 D/gralloc_ranchu( 1223): gralloc_alloc: Creating ashmem region of size 3686400
12-09 08:48:20.196 W/audio_hw_generic( 1306): Not supplying enough data to HAL, expected position 55214377 , only wrote 55213330
12-09 08:48:20.196 W/audio_hw_generic( 1306): Not supplying enough data to HAL, expected position 55213337 , only wrote 55213330
12-09 08:48:20.211 W/audio_hw_generic( 1306): Not supplying enough data to HAL, expected position 55214004 , only wrote 55213991
12-09 08:48:20.218 D/        (22382): HostConnection::get() New Host Connection established 0x7f8fbf612480, tid 22382
12-09 08:48:20.246 E/EGL_emulation( 1223): tid 1223: eglCreateSyncKHR(1881): error 0x3004 (EGL_BAD_ATTRIBUTE)
12-09 08:48:20.802 W/audio_hw_generic( 1306): Hardware backing HAL too slow, could only write 0 of 661 frames
12-09 08:48:20.841 W/audio_hw_generic( 1306): Hardware backing HAL too slow, could only write 0 of 661 frames
12-09 08:48:20.929 W/audio_hw_generic( 1306): Hardware backing HAL too slow, could only write 0 of 661 frames
12-09 08:48:20.929 W/audio_hw_generic( 1306): Hardware backing HAL too slow, could only write 0 of 661 frames
12-09 08:48:20.955 W/audio_hw_generic( 1306): Not supplying enough data to HAL, expected position 55246798 , only wrote 55246380
12-09 08:48:20.955 W/audio_hw_generic( 1306): Hardware backing HAL too slow, could only write 0 of 661 frames
12-09 08:48:20.956 W/audio_hw_generic( 1306): Hardware backing HAL too slow, could only write 0 of 661 frames
12-09 08:48:20.971 W/audio_hw_generic( 1306): Hardware backing HAL too slow, could only write 0 of 661 frames
12-09 08:48:20.991 W/audio_hw_generic( 1306): Hardware backing HAL too slow, could only write 0 of 661 frames
12-09 08:48:21.007 W/audio_hw_generic( 1306): Hardware backing HAL too slow, could only write 0 of 661 frames
12-09 08:48:21.019 W/audio_hw_generic( 1306): Hardware backing HAL too slow, could only write 0 of 661 frames
12-09 08:48:21.031 W/audio_hw_generic( 1306): Hardware backing HAL too slow, could only write 0 of 661 frames
12-09 08:48:21.051 W/audio_hw_generic( 1306): Hardware backing HAL too slow, could only write 0 of 661 frames
12-09 08:48:21.063 W/audio_hw_generic( 1306): Hardware backing HAL too slow, could only write 0 of 661 frames
12-09 08:48:21.147 W/audio_hw_generic( 1306): Hardware backing HAL too slow, could only write 0 of 661 frames
12-09 08:48:21.152 W/audio_hw_generic( 1306): Hardware backing HAL too slow, could only write 0 of 661 frames
12-09 08:48:21.164 I/System.out(22349): URI: //gesture
12-09 08:48:21.165 I/System.out(22349): params: {json={"query_timeout":5.0,"gestures":[{"query_string":"android.widget.TabWidget descendant TextView index:2","touches":[{"x":50,"y":50,"offset_x":0,"offset_y":0,"wait":0.0,"time":0.2,"release":true,"query_string":null}]}]}
12-09 08:48:21.165 I/System.out(22349): }
12-09 08:48:21.166 W/audio_hw_generic( 1306): Hardware backing HAL too slow, could only write 0 of 661 frames
12-09 08:48:21.183 W/audio_hw_generic( 1306): Hardware backing HAL too slow, could only write 0 of 661 frames
12-09 08:48:21.333 W/audio_hw_generic( 1306): Not supplying enough data to HAL, expected position 55263022 , only wrote 55262905
12-09 08:48:21.579 W/audio_hw_generic( 1306): Hardware backing HAL too slow, could only write 0 of 661 frames
12-09 08:48:21.620 W/audio_hw_generic( 1306): Not supplying enough data to HAL, expected position 55275573 , only wrote 55275464
12-09 08:48:21.620 W/audio_hw_generic( 1306): Not supplying enough data to HAL, expected position 55275471 , only wrote 55275464
12-09 08:48:21.644 W/audio_hw_generic( 1306): Not supplying enough data to HAL, expected position 55276502 , only wrote 55276125
12-09 08:48:21.683 W/audio_hw_generic( 1306): Hardware backing HAL too slow, could only write 0 of 661 frames
12-09 08:48:21.707 W/audio_hw_generic( 1306): Hardware backing HAL too slow, could only write 0 of 661 frames
12-09 08:48:21.711 W/audio_hw_generic( 1306): Hardware backing HAL too slow, could only write 0 of 661 frames
12-09 08:48:21.754 I/calabash(22349): newActivity1
12-09 08:48:21.777 W/ActivityManager( 1593): Bad activity token: android.os.BinderProxy@75fe0b3
12-09 08:48:21.777 W/ActivityManager( 1593): java.lang.ClassCastException: android.os.BinderProxy cannot be cast to com.android.server.am.ActivityRecord$Token
12-09 08:48:21.777 W/ActivityManager( 1593): 	at com.android.server.am.ActivityRecord.forTokenLocked(ActivityRecord.java:424)
12-09 08:48:21.777 W/ActivityManager( 1593): 	at com.android.server.am.ActivityRecord.isInStackLocked(ActivityRecord.java:1121)
12-09 08:48:21.777 W/ActivityManager( 1593): 	at com.android.server.am.ActivityRecord.getStackLocked(ActivityRecord.java:1126)
12-09 08:48:21.777 W/ActivityManager( 1593): 	at com.android.server.am.ActivityManagerService.getActivityDisplayId(ActivityManagerService.java:8889)
12-09 08:48:21.777 W/ActivityManager( 1593): 	at android.app.ActivityManagerNative.onTransact(ActivityManagerNative.java:2338)
12-09 08:48:21.777 W/ActivityManager( 1593): 	at com.android.server.am.ActivityManagerService.onTransact(ActivityManagerService.java:2443)
12-09 08:48:21.777 W/ActivityManager( 1593): 	at android.os.Binder.execTransact(Binder.java:453)
12-09 08:48:21.778 W/ActivityManager( 1593): Bad activity token: android.os.BinderProxy@75fe0b3
12-09 08:48:21.778 W/ActivityManager( 1593): java.lang.ClassCastException: android.os.BinderProxy cannot be cast to com.android.server.am.ActivityRecord$Token
12-09 08:48:21.778 W/ActivityManager( 1593): 	at com.android.server.am.ActivityRecord.forTokenLocked(ActivityRecord.java:424)
12-09 08:48:21.778 W/ActivityManager( 1593): 	at com.android.server.am.ActivityRecord.isInStackLocked(ActivityRecord.java:1121)
12-09 08:48:21.778 W/ActivityManager( 1593): 	at com.android.server.am.ActivityManagerService.setTaskDescription(ActivityManagerService.java:8547)
12-09 08:48:21.778 W/ActivityManager( 1593): 	at android.app.ActivityManagerNative.onTransact(ActivityManagerNative.java:2410)
12-09 08:48:21.778 W/ActivityManager( 1593): 	at com.android.server.am.ActivityManagerService.onTransact(ActivityManagerService.java:2443)
12-09 08:48:21.778 W/ActivityManager( 1593): 	at android.os.Binder.execTransact(Binder.java:453)
12-09 08:48:21.836 W/audio_hw_generic( 1306): Not supplying enough data to HAL, expected position 55284600 , only wrote 55283396
12-09 08:48:21.855 W/audio_hw_generic( 1306): Not supplying enough data to HAL, expected position 55284245 , only wrote 55284057
12-09 08:48:21.855 W/audio_hw_generic( 1306): Hardware backing HAL too slow, could only write 0 of 661 frames
12-09 08:48:21.860 D/VehicleStatisticsActivity(22349): Checking recalculation ...
12-09 08:48:21.864 D/VehicleStatisticsActivity(22349): Recalculating statistics
12-09 08:48:21.864 D/VehicleStatisticsTask(22349): Calculation starting...
12-09 08:48:21.864 D/VehicleStatisticsActivity(22349): Recalculation started!
12-09 08:48:21.866 W/ActivityManager( 1593): Bad activity token: android.os.BinderProxy@75fe0b3
12-09 08:48:21.866 W/ActivityManager( 1593): java.lang.ClassCastException: android.os.BinderProxy cannot be cast to com.android.server.am.ActivityRecord$Token
12-09 08:48:21.866 W/ActivityManager( 1593): 	at com.android.server.am.ActivityRecord.forTokenLocked(ActivityRecord.java:424)
12-09 08:48:21.866 W/ActivityManager( 1593): 	at com.android.server.am.ActivityRecord.isInStackLocked(ActivityRecord.java:1121)
12-09 08:48:21.866 W/ActivityManager( 1593): 	at com.android.server.am.ActivityManagerService.getActivityOptions(ActivityManagerService.java:11038)
12-09 08:48:21.866 W/ActivityManager( 1593): 	at android.app.ActivityManagerNative.onTransact(ActivityManagerNative.java:1734)
12-09 08:48:21.866 W/ActivityManager( 1593): 	at com.android.server.am.ActivityManagerService.onTransact(ActivityManagerService.java:2443)
12-09 08:48:21.866 W/ActivityManager( 1593): 	at android.os.Binder.execTransact(Binder.java:453)
12-09 08:48:21.866 W/ActivityManager( 1593): Bad activity token: android.os.BinderProxy@75fe0b3
12-09 08:48:21.866 W/ActivityManager( 1593): java.lang.ClassCastException: android.os.BinderProxy cannot be cast to com.android.server.am.ActivityRecord$Token
12-09 08:48:21.866 W/ActivityManager( 1593): 	at com.android.server.am.ActivityRecord.forTokenLocked(ActivityRecord.java:424)
12-09 08:48:21.866 W/ActivityManager( 1593): 	at com.android.server.am.ActivityRecord.isInStackLocked(ActivityRecord.java:1121)
12-09 08:48:21.866 W/ActivityManager( 1593): 	at com.android.server.am.ActivityManagerService.getActivityOptions(ActivityManagerService.java:11038)
12-09 08:48:21.866 W/ActivityManager( 1593): 	at android.app.ActivityManagerNative.onTransact(ActivityManagerNative.java:1734)
12-09 08:48:21.866 W/ActivityManager( 1593): 	at com.android.server.am.ActivityManagerService.onTransact(ActivityManagerService.java:2443)
