12-09 08:16:10.020 W/audio_hw_generic( 1307): Not supplying enough data to HAL, expected position 32078338 , only wrote 32078330
12-09 08:16:10.048 W/audio_hw_generic( 1307): Not supplying enough data to HAL, expected position 32079566 , only wrote 32078991
12-09 08:16:10.050 D/Mileage.ABS(13792): Not backing up; 907
12-09 08:16:10.143 W/audio_hw_generic( 1307): Not supplying enough data to HAL, expected position 32083205 , only wrote 32082296
12-09 08:16:10.144 W/audio_hw_generic( 1307): Not supplying enough data to HAL, expected position 32082304 , only wrote 32082296
12-09 08:16:10.162 W/audio_hw_generic( 1307): Not supplying enough data to HAL, expected position 32083099 , only wrote 32082957
12-09 08:16:10.169 D/Mileage.ABS(13792): Finished backup
12-09 08:16:10.212 I/System.out(13792): URI: //gesture
12-09 08:16:10.213 I/System.out(13792): params: {json={"query_timeout":5.0,"gestures":[{"query_string":"android.widget.TabWidget descendant TextView index:0","touches":[{"x":50,"y":50,"offset_x":0,"offset_y":0,"wait":0.0,"time":0.2,"release":true,"query_string":null}]}]}
12-09 08:16:10.213 I/System.out(13792): }
12-09 08:16:10.323 D/Mileage.ABS(13792): Not backing up; 150
12-09 08:16:10.407 W/audio_hw_generic( 1307): Hardware backing HAL too slow, could only write 0 of 661 frames
12-09 08:16:10.453 D/Mileage.ABS(13792): Not backing up; 288
12-09 08:16:10.454 D/Mileage.ABS(13792): Not backing up; 288
12-09 08:16:10.524 W/audio_hw_generic( 1307): Not supplying enough data to HAL, expected position 32098920 , only wrote 32098821
12-09 08:16:10.574 D/Mileage.ABS(13792): Not backing up; 409
12-09 08:16:10.677 W/audio_hw_generic( 1307): Not supplying enough data to HAL, expected position 32105572 , only wrote 32104770
12-09 08:16:10.677 W/audio_hw_generic( 1307): Not supplying enough data to HAL, expected position 32104777 , only wrote 32104770
12-09 08:16:10.691 D/Mileage.ABS(13792): Not backing up; 526
12-09 08:16:10.692 D/Mileage.ABS(13792): Not backing up; 527
12-09 08:16:10.692 D/Mileage.ABS(13792): Not backing up; 527
12-09 08:16:10.699 W/audio_hw_generic( 1307): Not supplying enough data to HAL, expected position 32105739 , only wrote 32105431
12-09 08:16:10.706 D/Mileage.ABS(13792): Not backing up; 541
12-09 08:16:10.828 W/CursorWrapperInner(13792): Cursor finalized without prior close()
12-09 08:16:10.829 W/CursorWrapperInner(13792): Cursor finalized without prior close()
12-09 08:16:10.832 I/art     (13792): Background sticky concurrent mark sweep GC freed 23739(1011KB) AllocSpace objects, 1(20KB) LOS objects, 34% free, 3MB/4MB, paused 1.276ms total 216.045ms
12-09 08:16:10.929 D/Mileage.ABS(13792): Not backing up; 764
12-09 08:16:10.929 D/Mileage.ABS(13792): Not backing up; 764
12-09 08:16:11.025 D/Mileage.ABS(13792): Not backing up; 860
12-09 08:16:11.089 W/audio_hw_generic( 1307): Not supplying enough data to HAL, expected position 32122627 , only wrote 32121956
12-09 08:16:11.093 W/audio_hw_generic( 1307): Not supplying enough data to HAL, expected position 32122121 , only wrote 32121956
12-09 08:16:11.110 W/audio_hw_generic( 1307): Not supplying enough data to HAL, expected position 32122727 , only wrote 32122617
12-09 08:16:11.137 D/AudioFlinger( 1307): mixer(0xf43c0000) throttle end: throttle time(11)
12-09 08:16:11.219 W/audio_hw_generic( 1307): Not supplying enough data to HAL, expected position 32127423 , only wrote 32126583
12-09 08:16:11.219 W/audio_hw_generic( 1307): Not supplying enough data to HAL, expected position 32126590 , only wrote 32126583
12-09 08:16:11.254 W/audio_hw_generic( 1307): Not supplying enough data to HAL, expected position 32128105 , only wrote 32127244
12-09 08:16:11.343 I/art     (13792): Background partial concurrent mark sweep GC freed 31103(1591KB) AllocSpace objects, 2(40KB) LOS objects, 39% free, 2MB/4MB, paused 1.244ms total 200.236ms
12-09 08:16:11.474 W/audio_hw_generic( 1307): Not supplying enough data to HAL, expected position 32136946 , only wrote 32135837
12-09 08:16:11.474 W/audio_hw_generic( 1307): Not supplying enough data to HAL, expected position 32135844 , only wrote 32135837
12-09 08:16:11.491 W/audio_hw_generic( 1307): Not supplying enough data to HAL, expected position 32136575 , only wrote 32136498
12-09 08:16:11.549 D/Mileage.ABS(13792): Finished backup
12-09 08:16:11.549 D/Mileage.ABS(13792): Not backing up; 59
12-09 08:16:11.550 D/Mileage.ABS(13792): Not backing up; 60
12-09 08:16:11.550 D/Mileage.ABS(13792): Not backing up; 60
12-09 08:16:11.550 D/Mileage.ABS(13792): Not backing up; 60
12-09 08:16:11.550 D/Mileage.ABS(13792): Not backing up; 60
12-09 08:16:11.642 D/Mileage.ABS(13792): Not backing up; 152
12-09 08:16:11.724 W/audio_hw_generic( 1307): Not supplying enough data to HAL, expected position 32146592 , only wrote 32145752
12-09 08:16:11.746 W/audio_hw_generic( 1307): Not supplying enough data to HAL, expected position 32146895 , only wrote 32145752
12-09 08:16:11.764 W/audio_hw_generic( 1307): Not supplying enough data to HAL, expected position 32146553 , only wrote 32146413
12-09 08:16:11.780 D/Mileage.ABS(13792): Not backing up; 290
12-09 08:16:11.802 E/SurfaceFlinger( 1218): ro.sf.lcd_density must be defined as a build property
12-09 08:16:11.803 D/gralloc_ranchu( 1218): gralloc_alloc: Creating ashmem region of size 3686400
12-09 08:16:11.808 D/Mileage.ABS(13792): Not backing up; 318
12-09 08:16:11.863 D/        (13856): HostConnection::get() New Host Connection established 0x7f70e87d2480, tid 13856
12-09 08:16:11.900 E/EGL_emulation( 1218): tid 1218: eglCreateSyncKHR(1881): error 0x3004 (EGL_BAD_ATTRIBUTE)
12-09 08:16:11.907 D/Mileage.ABS(13792): Not backing up; 417
12-09 08:16:11.908 D/Mileage.ABS(13792): Not backing up; 418
12-09 08:16:12.029 D/Mileage.ABS(13792): Not backing up; 539
12-09 08:16:12.030 D/Mileage.ABS(13792): Not backing up; 540
12-09 08:16:12.051 W/audio_hw_generic( 1307): Not supplying enough data to HAL, expected position 32159084 , only wrote 32158972
12-09 08:16:12.051 W/audio_hw_generic( 1307): Not supplying enough data to HAL, expected position 32158979 , only wrote 32158972
12-09 08:16:12.068 W/audio_hw_generic( 1307): Not supplying enough data to HAL, expected position 32159689 , only wrote 32159633
12-09 08:16:12.147 D/Mileage.ABS(13792): Not backing up; 657
12-09 08:16:12.183 D/Mileage.ABS(13792): Not backing up; 693
12-09 08:16:12.296 D/Mileage.ABS(13792): Not backing up; 806
12-09 08:16:12.311 D/Mileage.ABS(13792): Not backing up; 821
12-09 08:16:12.312 D/Mileage.ABS(13792): Not backing up; 822
12-09 08:16:12.324 W/audio_hw_generic( 1307): Not supplying enough data to HAL, expected position 32170916 , only wrote 32170209
12-09 08:16:12.324 W/audio_hw_generic( 1307): Not supplying enough data to HAL, expected position 32170216 , only wrote 32170209
12-09 08:16:12.561 W/audio_hw_generic( 1307): Not supplying enough data to HAL, expected position 32180668 , only wrote 32170870
12-09 08:16:12.596 I/System.out(13792): URI: //
12-09 08:16:12.596 I/System.out(13792): params: {json={"command":"set_activity_orientation","arguments":["landscape"]}
12-09 08:16:12.596 I/System.out(13792): }
12-09 08:16:12.596 I/System.out(13792): header: {date=Sun, 09 Dec 2018 08:16:13 GMT, accept=*/*, content-length=64, host=127.0.0.1:34777, user-agent=HTTPClient/1.0 (2.8.3, ruby 2.3.1 (2016-04-26)), content-type=application/json;charset=utf-8}
12-09 08:16:12.596 I/System.out(13792): params: {json={"command":"set_activity_orientation","arguments":["landscape"]}
12-09 08:16:12.596 I/System.out(13792): }
12-09 08:16:12.596 I/System.out(13792): ProP json = {"command":"set_activity_orientation","arguments":["landscape"]}
12-09 08:16:12.596 I/System.out(13792): files: {}
12-09 08:16:12.596 I/System.out(13792): command: {"command":"set_activity_orientation","arguments":["landscape"]}
12-09 08:16:12.597 I/InstrumentationBackend(13792): Got command:'Command:'Line:null,set_activity_orientation', arguments:'[landscape]'
12-09 08:16:12.599 W/audio_hw_generic( 1307): Not supplying enough data to HAL, expected position 32172553 , only wrote 32172192
12-09 08:16:12.608 D/gralloc_ranchu( 1218): gralloc_alloc: Creating ashmem region of size 3686400
12-09 08:16:12.723 W/audio_hw_generic( 1307): Not supplying enough data to HAL, expected position 32177676 , only wrote 32177480
12-09 08:16:12.745 E/EGL_emulation( 1218): tid 1218: eglCreateSyncKHR(1881): error 0x3004 (EGL_BAD_ATTRIBUTE)
12-09 08:16:12.823 W/audio_hw_generic( 1307): Hardware backing HAL too slow, could only write 0 of 661 frames
12-09 08:16:12.836 W/audio_hw_generic( 1307): Hardware backing HAL too slow, could only write 0 of 661 frames
12-09 08:16:12.859 W/audio_hw_generic( 1307): Hardware backing HAL too slow, could only write 0 of 661 frames
12-09 08:16:12.864 W/audio_hw_generic( 1307): Hardware backing HAL too slow, could only write 0 of 661 frames
12-09 08:16:12.894 W/audio_hw_generic( 1307): Hardware backing HAL too slow, could only write 0 of 661 frames
12-09 08:16:12.915 W/audio_hw_generic( 1307): Hardware backing HAL too slow, could only write 0 of 661 frames
12-09 08:16:12.928 W/audio_hw_generic( 1307): Hardware backing HAL too slow, could only write 0 of 661 frames
12-09 08:16:12.967 I/ActivityManager( 1591): Config changes=480 {1.0 310mcc260mnc en_US ldltr sw720dp w1280dp h696dp 160dpi xlrg long land finger -keyb/v/h tball/v s.41}
12-09 08:16:12.999 W/audio_hw_generic( 1307): Hardware backing HAL too slow, could only write 0 of 661 frames
12-09 08:16:13.014 W/audio_hw_generic( 1307): Hardware backing HAL too slow, could only write 0 of 661 frames
12-09 08:16:13.090 W/audio_hw_generic( 1307): Not supplying enough data to HAL, expected position 32193638 , only wrote 32193344
12-09 08:16:13.123 W/audio_hw_generic( 1307): Hardware backing HAL too slow, could only write 0 of 661 frames
12-09 08:16:13.137 W/audio_hw_generic( 1307): Hardware backing HAL too slow, could only write 0 of 661 frames
12-09 08:16:13.155 W/audio_hw_generic( 1307): Hardware backing HAL too slow, could only write 0 of 661 frames
12-09 08:16:13.158 W/art     ( 1591): Long monitor contention event with owner method=void com.android.server.wm.WindowManagerService.setNewConfiguration(android.content.res.Configuration) from WindowManagerService.java:4043 waiters=0 for 189ms
12-09 08:16:13.172 I/InputReader( 1591): Reconfiguring input devices.  changes=0x00000004
12-09 08:16:13.172 I/InputReader( 1591): Device reconfigured: id=0, name='qwerty2', size 720x1280, orientation 1, mode 1, display id 0
12-09 08:16:13.180 W/art     ( 1591): Long monitor contention event with owner method=void com.android.server.am.ActivityManagerService.setRequestedOrientation(android.os.IBinder, int) from ActivityManagerService.java:4192 waiters=0 for 520ms
12-09 08:16:13.182 W/audio_hw_generic( 1307): Hardware backing HAL too slow, could only write 0 of 661 frames
12-09 08:16:13.187 W/art     ( 1591): Long monitor contention event with owner method=void com.android.server.am.ActivityManagerService.setRequestedOrientation(android.os.IBinder, int) from ActivityManagerService.java:4192 waiters=2 for 339ms
12-09 08:16:13.191 W/art     ( 1591): Long monitor contention event with owner method=void com.android.server.am.ActivityManagerService.setRequestedOrientation(android.os.IBinder, int) from ActivityManagerService.java:4192 waiters=1 for 481ms
12-09 08:16:13.201 W/audio_hw_generic( 1307): Hardware backing HAL too slow, could only write 0 of 661 frames
12-09 08:16:13.220 W/audio_hw_generic( 1307): Hardware backing HAL too slow, could only write 0 of 661 frames
12-09 08:16:13.235 W/audio_hw_generic( 1307): Hardware backing HAL too slow, could only write 0 of 661 frames
12-09 08:16:13.263 W/audio_hw_generic( 1307): Hardware backing HAL too slow, could only write 0 of 661 frames
12-09 08:16:13.263 W/audio_hw_generic( 1307): Hardware backing HAL too slow, could only write 0 of 661 frames
12-09 08:16:13.299 W/audio_hw_generic( 1307): Not supplying enough data to HAL, expected position 32202586 , only wrote 32201937
12-09 08:16:13.464 W/audio_hw_generic( 1307): Hardware backing HAL too slow, could only write 0 of 661 frames
12-09 08:16:13.498 I/System.out(13792): result:{"bonusInformation":[],"message":"","success":true}
12-09 08:16:13.514 D/EGL_emulation( 1708): eglMakeCurrent: 0x7fe2a92f8600: ver 2 0 (tinfo 0x7fe29d2c9b20)
12-09 08:16:13.519 E/Surface ( 1708): getSlotFromBufferLocked: unknown buffer: 0x7fe29ade9060
12-09 08:16:13.526 D/EGL_emulation( 1708): eglMakeCurrent: 0x7fe2a92f8600: ver 2 0 (tinfo 0x7fe29d2c9b20)
12-09 08:16:13.594 I/WindowManager( 1591): Screen frozen for +996ms due to Window{adf4dba u0 StatusBar}
12-09 08:16:13.607 I/calabash(13792): newActivity1
12-09 08:16:13.748 D/hwcomposer( 1218): hw_composer sent 791 syncs in 60s
12-09 08:16:13.866 W/art     ( 1591): Long monitor contention event with owner method=void com.android.server.wm.WindowManagerService$H.handleMessage(android.os.Message) from WindowManagerService.java:7820 waiters=0 for 227ms
12-09 08:16:13.867 I/calabash(13792): newActivity1
12-09 08:16:13.868 W/ActivityManager( 1591): Bad activity token: android.os.BinderProxy@a3349bd
12-09 08:16:13.868 W/ActivityManager( 1591): java.lang.ClassCastException: android.os.BinderProxy cannot be cast to com.android.server.am.ActivityRecord$Token
12-09 08:16:13.868 W/ActivityManager( 1591): 	at com.android.server.am.ActivityRecord.forTokenLocked(ActivityRecord.java:424)
12-09 08:16:13.868 W/ActivityManager( 1591): 	at com.android.server.am.ActivityRecord.isInStackLocked(ActivityRecord.java:1121)
12-09 08:16:13.868 W/ActivityManager( 1591): 	at com.android.server.am.ActivityRecord.getStackLocked(ActivityRecord.java:1126)
12-09 08:16:13.868 W/ActivityManager( 1591): 	at com.android.server.am.ActivityManagerService.getActivityDisplayId(ActivityManagerService.java:8889)
12-09 08:16:13.868 W/ActivityManager( 1591): 	at android.app.ActivityManagerNative.onTransact(ActivityManagerNative.java:2338)
12-09 08:16:13.868 W/ActivityManager( 1591): 	at com.android.server.am.ActivityManagerService.onTransact(ActivityManagerService.java:2443)
12-09 08:16:13.868 W/ActivityManager( 1591): 	at android.os.Binder.execTransact(Binder.java:453)
12-09 08:16:13.869 W/ActivityManager( 1591): Bad activity token: android.os.BinderProxy@a3349bd
12-09 08:16:13.869 W/ActivityManager( 1591): java.lang.ClassCastException: android.os.BinderProxy cannot be cast to com.android.server.am.ActivityRecord$Token
12-09 08:16:13.869 W/ActivityManager( 1591): 	at com.android.server.am.ActivityRecord.forTokenLocked(ActivityRecord.java:424)
12-09 08:16:13.869 W/ActivityManager( 1591): 	at com.android.server.am.ActivityRecord.isInStackLocked(ActivityRecord.java:1121)
12-09 08:16:13.869 W/ActivityManager( 1591): 	at com.android.server.am.ActivityManagerService.setTaskDescription(ActivityManagerService.java:8547)
12-09 08:16:13.869 W/ActivityManager( 1591): 	at android.app.ActivityManagerNative.onTransact(ActivityManagerNative.java:2410)
12-09 08:16:13.869 W/ActivityManager( 1591): 	at com.android.server.am.ActivityManagerService.onTransact(ActivityManagerService.java:2443)
12-09 08:16:13.869 W/ActivityManager( 1591): 	at android.os.Binder.execTransact(Binder.java:453)
12-09 08:16:14.028 W/audio_hw_generic( 1307): Hardware backing HAL too slow, could only write 0 of 661 frames
12-09 08:16:14.075 W/ActivityManager( 1591): Bad activity token: android.os.BinderProxy@a3349bd
12-09 08:16:14.075 W/ActivityManager( 1591): java.lang.ClassCastException: android.os.BinderProxy cannot be cast to com.android.server.am.ActivityRecord$Token
12-09 08:16:14.075 W/ActivityManager( 1591): 	at com.android.server.am.ActivityRecord.forTokenLocked(ActivityRecord.java:424)
12-09 08:16:14.075 W/ActivityManager( 1591): 	at com.android.server.am.ActivityRecord.isInStackLocked(ActivityRecord.java:1121)
12-09 08:16:14.075 W/ActivityManager( 1591): 	at com.android.server.am.ActivityManagerService.getActivityOptions(ActivityManagerService.java:11038)
12-09 08:16:14.075 W/ActivityManager( 1591): 	at android.app.ActivityManagerNative.onTransact(ActivityManagerNative.java:1734)
12-09 08:16:14.075 W/ActivityManager( 1591): 	at com.android.server.am.ActivityManagerService.onTransact(ActivityManagerService.java:2443)
12-09 08:16:14.075 W/ActivityManager( 1591): 	at android.os.Binder.execTransact(Binder.java:453)
12-09 08:16:14.101 W/ActivityManager( 1591): Bad activity token: android.os.BinderProxy@a3349bd
12-09 08:16:14.101 W/ActivityManager( 1591): java.lang.ClassCastException: android.os.BinderProxy cannot be cast to com.android.server.am.ActivityRecord$Token
12-09 08:16:14.101 W/ActivityManager( 1591): 	at com.android.server.am.ActivityRecord.forTokenLocked(ActivityRecord.java:424)
12-09 08:16:14.101 W/ActivityManager( 1591): 	at com.android.server.am.ActivityRecord.isInStackLocked(ActivityRecord.java:1121)
12-09 08:16:14.101 W/ActivityManager( 1591): 	at com.android.server.am.ActivityManagerService.getActivityOptions(ActivityManagerService.java:11038)
12-09 08:16:14.101 W/ActivityManager( 1591): 	at android.app.ActivityManagerNative.onTransact(ActivityManagerNative.java:1734)
12-09 08:16:14.101 W/ActivityManager( 1591): 	at com.android.server.am.ActivityManagerService.onTransact(ActivityManagerService.java:2443)
12-09 08:16:14.101 W/ActivityManager( 1591): 	at android.os.Binder.execTransact(Binder.java:453)
12-09 08:16:14.167 W/audio_hw_generic( 1307): Not supplying enough data to HAL, expected position 32240213 , only wrote 32239614
12-09 08:16:14.168 W/audio_hw_generic( 1307): Not supplying enough data to HAL, expected position 32239621 , only wrote 32239614
12-09 08:16:14.186 W/audio_hw_generic( 1307): Not supplying enough data to HAL, expected position 32240438 , only wrote 32240275
12-09 08:16:14.224 W/audio_hw_generic( 1307): Not supplying enough data to HAL, expected position 32241956 , only wrote 32241597
12-09 08:16:14.224 W/audio_hw_generic( 1307): Hardware backing HAL too slow, could only write 0 of 661 frames
12-09 08:16:14.225 W/audio_hw_generic( 1307): Hardware backing HAL too slow, could only write 0 of 661 frames
12-09 08:16:14.255 W/audio_hw_generic( 1307): Not supplying enough data to HAL, expected position 32242947 , only wrote 32242919
12-09 08:16:14.369 D/VehicleStatisticsAdapter(13792): Caching of 29 records complete! (5.212 seconds)
12-09 08:16:14.570 W/art     ( 1591): Long monitor contention event with owner method=void com.android.server.wm.WindowAnimator$1.doFrame(long) from WindowAnimator.java:121 waiters=0 for 199ms
12-09 08:16:14.730 W/PhoneWindow(13792): Previously focused view reported id 2131296279 during save, but can't be found during restore.
12-09 08:16:14.755 D/VehicleStatisticsAdapter(13792): Caching of 29 records complete! (5.279 seconds)
12-09 08:16:14.804 I/Choreographer(13792): Skipped 89 frames!  The application may be doing too much work on its main thread.
12-09 08:16:14.867 D/Mileage.ABS(13792): Finished backup
12-09 08:16:14.875 D/Mileage.ABS(13792): Not backing up; 46
12-09 08:16:14.876 D/Mileage.ABS(13792): Not backing up; 47
12-09 08:16:14.936 D/Mileage.ABS(13792): Not backing up; 107
12-09 08:16:14.936 D/Mileage.ABS(13792): Not backing up; 107
12-09 08:16:14.936 D/Mileage.ABS(13792): Not backing up; 107
12-09 08:16:14.948 D/Mileage.ABS(13792): Not backing up; 108
12-09 08:16:14.949 D/Mileage.ABS(13792): Not backing up; 119
12-09 08:16:14.949 D/Mileage.ABS(13792): Not backing up; 120
12-09 08:16:14.949 D/Mileage.ABS(13792): Not backing up; 120
12-09 08:16:14.949 D/Mileage.ABS(13792): Not backing up; 120
12-09 08:16:14.949 D/Mileage.ABS(13792): Not backing up; 120
12-09 08:16:14.950 D/Mileage.ABS(13792): Not backing up; 121
12-09 08:16:14.950 D/Mileage.ABS(13792): Not backing up; 121
12-09 08:16:14.950 D/Mileage.ABS(13792): Not backing up; 121
12-09 08:16:14.950 D/Mileage.ABS(13792): Not backing up; 121
12-09 08:16:14.952 D/gralloc_ranchu( 1218): gralloc_alloc: Creating ashmem region of size 3686400
12-09 08:16:14.960 D/Mileage.ABS(13792): Not backing up; 121
12-09 08:16:14.960 D/Mileage.ABS(13792): Not backing up; 131
12-09 08:16:14.960 D/Mileage.ABS(13792): Not backing up; 131
12-09 08:16:14.960 D/Mileage.ABS(13792): Not backing up; 131
12-09 08:16:15.089 D/gralloc_ranchu( 1218): gralloc_alloc: Creating ashmem region of size 3686400
12-09 08:16:15.583 I/System.out(13792): URI: //gesture
12-09 08:16:15.583 I/System.out(13792): params: {json={"query_timeout":5.0,"gestures":[{"query_string":"android.widget.TabWidget descendant TextView index:1","touches":[{"x":50,"y":50,"offset_x":0,"offset_y":0,"wait":0.0,"time":0.2,"release":true,"query_string":null}]}]}
12-09 08:16:15.583 I/System.out(13792): }
12-09 08:16:15.862 I/art     ( 1591): Starting a blocking GC Explicit
12-09 08:16:15.967 I/art     ( 1591): Explicit concurrent mark sweep GC freed 8473(742KB) AllocSpace objects, 2(40KB) LOS objects, 30% free, 9MB/13MB, paused 1.265ms total 60.618ms
12-09 08:16:16.092 D/gralloc_ranchu( 1218): gralloc_alloc: Creating ashmem region of size 3686400
12-09 08:16:16.174 I/art     (13792): Background sticky concurrent mark sweep GC freed 36725(1696KB) AllocSpace objects, 1(20KB) LOS objects, 35% free, 3MB/4MB, paused 7.868ms total 48.516ms
12-09 08:16:16.313 I/calabash(13792): newActivity1
12-09 08:16:16.313 W/ActivityManager( 1591): Bad activity token: android.os.BinderProxy@5b71aac
12-09 08:16:16.313 W/ActivityManager( 1591): java.lang.ClassCastException: android.os.BinderProxy cannot be cast to com.android.server.am.ActivityRecord$Token
12-09 08:16:16.313 W/ActivityManager( 1591): 	at com.android.server.am.ActivityRecord.forTokenLocked(ActivityRecord.java:424)
12-09 08:16:16.313 W/ActivityManager( 1591): 	at com.android.server.am.ActivityRecord.isInStackLocked(ActivityRecord.java:1121)
12-09 08:16:16.313 W/ActivityManager( 1591): 	at com.android.server.am.ActivityRecord.getStackLocked(ActivityRecord.java:1126)
12-09 08:16:16.313 W/ActivityManager( 1591): 	at com.android.server.am.ActivityManagerService.getActivityDisplayId(ActivityManagerService.java:8889)
12-09 08:16:16.313 W/ActivityManager( 1591): 	at android.app.ActivityManagerNative.onTransact(ActivityManagerNative.java:2338)
12-09 08:16:16.313 W/ActivityManager( 1591): 	at com.android.server.am.ActivityManagerService.onTransact(ActivityManagerService.java:2443)
12-09 08:16:16.313 W/ActivityManager( 1591): 	at android.os.Binder.execTransact(Binder.java:453)
12-09 08:16:16.314 W/ActivityManager( 1591): Bad activity token: android.os.BinderProxy@5b71aac
12-09 08:16:16.314 W/ActivityManager( 1591): java.lang.ClassCastException: android.os.BinderProxy cannot be cast to com.android.server.am.ActivityRecord$Token
12-09 08:16:16.314 W/ActivityManager( 1591): 	at com.android.server.am.ActivityRecord.forTokenLocked(ActivityRecord.java:424)
12-09 08:16:16.314 W/ActivityManager( 1591): 	at com.android.server.am.ActivityRecord.isInStackLocked(ActivityRecord.java:1121)
12-09 08:16:16.314 W/ActivityManager( 1591): 	at com.android.server.am.ActivityManagerService.setTaskDescription(ActivityManagerService.java:8547)
12-09 08:16:16.314 W/ActivityManager( 1591): 	at android.app.ActivityManagerNative.onTransact(ActivityManagerNative.java:2410)
12-09 08:16:16.314 W/ActivityManager( 1591): 	at com.android.server.am.ActivityManagerService.onTransact(ActivityManagerService.java:2443)
12-09 08:16:16.314 W/ActivityManager( 1591): 	at android.os.Binder.execTransact(Binder.java:453)
12-09 08:16:16.427 W/audio_hw_generic( 1307): Hardware backing HAL too slow, could only write 0 of 661 frames
12-09 08:16:16.427 W/audio_hw_generic( 1307): Hardware backing HAL too slow, could only write 0 of 661 frames
12-09 08:16:16.427 W/audio_hw_generic( 1307): Hardware backing HAL too slow, could only write 0 of 661 frames
12-09 08:16:16.441 W/ActivityManager( 1591): Bad activity token: android.os.BinderProxy@5b71aac
12-09 08:16:16.441 W/ActivityManager( 1591): java.lang.ClassCastException: android.os.BinderProxy cannot be cast to com.android.server.am.ActivityRecord$Token
12-09 08:16:16.441 W/ActivityManager( 1591): 	at com.android.server.am.ActivityRecord.forTokenLocked(ActivityRecord.java:424)
12-09 08:16:16.441 W/ActivityManager( 1591): 	at com.android.server.am.ActivityRecord.isInStackLocked(ActivityRecord.java:1121)
12-09 08:16:16.441 W/ActivityManager( 1591): 	at com.android.server.am.ActivityManagerService.getActivityOptions(ActivityManagerService.java:11038)
12-09 08:16:16.441 W/ActivityManager( 1591): 	at android.app.ActivityManagerNative.onTransact(ActivityManagerNative.java:1734)
12-09 08:16:16.441 W/ActivityManager( 1591): 	at com.android.server.am.ActivityManagerService.onTransact(ActivityManagerService.java:2443)
12-09 08:16:16.441 W/ActivityManager( 1591): 	at android.os.Binder.execTransact(Binder.java:453)
12-09 08:16:16.441 W/ActivityManager( 1591): Bad activity token: android.os.BinderProxy@5b71aac
12-09 08:16:16.441 W/ActivityManager( 1591): java.lang.ClassCastException: android.os.BinderProxy cannot be cast to com.android.server.am.ActivityRecord$Token
12-09 08:16:16.441 W/ActivityManager( 1591): 	at com.android.server.am.ActivityRecord.forTokenLocked(ActivityRecord.java:424)
12-09 08:16:16.441 W/ActivityManager( 1591): 	at com.android.server.am.ActivityRecord.isInStackLocked(ActivityRecord.java:1121)
12-09 08:16:16.441 W/ActivityManager( 1591): 	at com.android.server.am.ActivityManagerService.getActivityOptions(ActivityManagerService.java:11038)
12-09 08:16:16.441 W/ActivityManager( 1591): 	at android.app.ActivityManagerNative.onTransact(ActivityManagerNative.java:1734)
12-09 08:16:16.441 W/ActivityManager( 1591): 	at com.android.server.am.ActivityManagerService.onTransact(ActivityManagerService.java:2443)
12-09 08:16:16.441 W/ActivityManager( 1591): 	at android.os.Binder.execTransact(Binder.java:453)
12-09 08:16:16.445 W/audio_hw_generic( 1307): Hardware backing HAL too slow, could only write 0 of 661 frames
12-09 08:16:16.476 W/audio_hw_generic( 1307): Hardware backing HAL too slow, could only write 0 of 661 frames
12-09 08:16:16.493 W/audio_hw_generic( 1307): Hardware backing HAL too slow, could only write 0 of 661 frames
12-09 08:16:16.503 W/audio_hw_generic( 1307): Hardware backing HAL too slow, could only write 0 of 661 frames
12-09 08:16:16.539 W/audio_hw_generic( 1307): Hardware backing HAL too slow, could only write 0 of 661 frames
12-09 08:16:16.539 W/audio_hw_generic( 1307): Hardware backing HAL too slow, could only write 0 of 661 frames
12-09 08:16:16.564 W/audio_hw_generic( 1307): Hardware backing HAL too slow, could only write 0 of 661 frames
12-09 08:16:16.579 W/audio_hw_generic( 1307): Hardware backing HAL too slow, could only write 0 of 661 frames
12-09 08:16:16.596 W/audio_hw_generic( 1307): Hardware backing HAL too slow, could only write 0 of 661 frames
12-09 08:16:16.636 D/Mileage (13792): Not enough fillups to calculate economy
12-09 08:16:16.757 E/SurfaceFlinger( 1218): ro.sf.lcd_density must be defined as a build property
12-09 08:16:16.777 D/gralloc_ranchu( 1218): gralloc_alloc: Creating ashmem region of size 3686400
12-09 08:16:16.807 D/        (13872): HostConnection::get() New Host Connection established 0x7fd180b52480, tid 13872
12-09 08:16:16.864 W/audio_hw_generic( 1307): Not supplying enough data to HAL, expected position 32262118 , only wrote 32262088
12-09 08:16:16.874 E/EGL_emulation( 1218): tid 1218: eglCreateSyncKHR(1881): error 0x3004 (EGL_BAD_ATTRIBUTE)
12-09 08:16:17.074 W/audio_hw_generic( 1307): Hardware backing HAL too slow, could only write 0 of 661 frames
12-09 08:16:17.577 W/audio_hw_generic( 1307): Not supplying enough data to HAL, expected position 32293602 , only wrote 32293155
12-09 08:16:17.577 W/audio_hw_generic( 1307): Not supplying enough data to HAL, expected position 32293163 , only wrote 32293155
12-09 08:16:17.775 W/audio_hw_generic( 1307): Not supplying enough data to HAL, expected position 32301888 , only wrote 32301748
12-09 08:16:17.873 I/System.out(13792): URI: //gesture
12-09 08:16:17.873 I/System.out(13792): params: {json={"query_timeout":5.0,"gestures":[{"query_string":"android.widget.TabWidget descendant TextView index:3","touches":[{"x":50,"y":50,"offset_x":0,"offset_y":0,"wait":0.0,"time":0.2,"release":true,"query_string":null}]}]}
12-09 08:16:17.873 I/System.out(13792): }
12-09 08:16:18.076 W/audio_hw_generic( 1307): Hardware backing HAL too slow, could only write 0 of 661 frames
12-09 08:16:18.231 W/audio_hw_generic( 1307): Not supplying enough data to HAL, expected position 32321871 , only wrote 32321578
12-09 08:16:18.326 W/audio_hw_generic( 1307): Hardware backing HAL too slow, could only write 0 of 661 frames
12-09 08:16:18.344 W/audio_hw_generic( 1307): Hardware backing HAL too slow, could only write 0 of 661 frames
12-09 08:16:18.359 W/audio_hw_generic( 1307): Hardware backing HAL too slow, could only write 0 of 661 frames
12-09 08:16:18.391 W/audio_hw_generic( 1307): Hardware backing HAL too slow, could only write 0 of 661 frames
12-09 08:16:18.407 W/audio_hw_generic( 1307): Hardware backing HAL too slow, could only write 0 of 661 frames
12-09 08:16:18.420 W/audio_hw_generic( 1307): Hardware backing HAL too slow, could only write 0 of 661 frames
12-09 08:16:18.456 I/calabash(13792): newActivity1
12-09 08:16:18.456 W/ActivityManager( 1591): Bad activity token: android.os.BinderProxy@3f851f1
12-09 08:16:18.456 W/ActivityManager( 1591): java.lang.ClassCastException: android.os.BinderProxy cannot be cast to com.android.server.am.ActivityRecord$Token
12-09 08:16:18.456 W/ActivityManager( 1591): 	at com.android.server.am.ActivityRecord.forTokenLocked(ActivityRecord.java:424)
12-09 08:16:18.456 W/ActivityManager( 1591): 	at com.android.server.am.ActivityRecord.isInStackLocked(ActivityRecord.java:1121)
12-09 08:16:18.456 W/ActivityManager( 1591): 	at com.android.server.am.ActivityRecord.getStackLocked(ActivityRecord.java:1126)
12-09 08:16:18.456 W/ActivityManager( 1591): 	at com.android.server.am.ActivityManagerService.getActivityDisplayId(ActivityManagerService.java:8889)
12-09 08:16:18.456 W/ActivityManager( 1591): 	at android.app.ActivityManagerNative.onTransact(ActivityManagerNative.java:2338)
12-09 08:16:18.456 W/ActivityManager( 1591): 	at com.android.server.am.ActivityManagerService.onTransact(ActivityManagerService.java:2443)
12-09 08:16:18.456 W/ActivityManager( 1591): 	at android.os.Binder.execTransact(Binder.java:453)
12-09 08:16:18.457 W/ActivityManager( 1591): Bad activity token: android.os.BinderProxy@3f851f1
12-09 08:16:18.457 W/ActivityManager( 1591): java.lang.ClassCastException: android.os.BinderProxy cannot be cast to com.android.server.am.ActivityRecord$Token
12-09 08:16:18.457 W/ActivityManager( 1591): 	at com.android.server.am.ActivityRecord.forTokenLocked(ActivityRecord.java:424)
12-09 08:16:18.457 W/ActivityManager( 1591): 	at com.android.server.am.ActivityRecord.isInStackLocked(ActivityRecord.java:1121)
12-09 08:16:18.457 W/ActivityManager( 1591): 	at com.android.server.am.ActivityManagerService.setTaskDescription(ActivityManagerService.java:8547)
12-09 08:16:18.457 W/ActivityManager( 1591): 	at android.app.ActivityManagerNative.onTransact(ActivityManagerNative.java:2410)
12-09 08:16:18.457 W/ActivityManager( 1591): 	at com.android.server.am.ActivityManagerService.onTransact(ActivityManagerService.java:2443)
12-09 08:16:18.457 W/ActivityManager( 1591): 	at android.os.Binder.execTransact(Binder.java:453)
12-09 08:16:18.472 W/audio_hw_generic( 1307): Not supplying enough data to HAL, expected position 32332193 , only wrote 32332154
12-09 08:16:18.473 W/ActivityManager( 1591): Bad activity token: android.os.BinderProxy@3f851f1
12-09 08:16:18.473 W/ActivityManager( 1591): java.lang.ClassCastException: android.os.BinderProxy cannot be cast to com.android.server.am.ActivityRecord$Token
12-09 08:16:18.473 W/ActivityManager( 1591): 	at com.android.server.am.ActivityRecord.forTokenLocked(ActivityRecord.java:424)
12-09 08:16:18.473 W/ActivityManager( 1591): 	at com.android.server.am.ActivityRecord.isInStackLocked(ActivityRecord.java:1121)
12-09 08:16:18.473 W/ActivityManager( 1591): 	at com.android.server.am.ActivityManagerService.getActivityOptions(ActivityManagerService.java:11038)
12-09 08:16:18.473 W/ActivityManager( 1591): 	at android.app.ActivityManagerNative.onTransact(ActivityManagerNative.java:1734)
12-09 08:16:18.473 W/ActivityManager( 1591): 	at com.android.server.am.ActivityManagerService.onTransact(ActivityManagerService.java:2443)
12-09 08:16:18.473 W/ActivityManager( 1591): 	at android.os.Binder.execTransact(Binder.java:453)
12-09 08:16:18.473 W/ActivityManager( 1591): Bad activity token: android.os.BinderProxy@3f851f1
12-09 08:16:18.473 W/ActivityManager( 1591): java.lang.ClassCastException: android.os.BinderProxy cannot be cast to com.android.server.am.ActivityRecord$Token
12-09 08:16:18.473 W/ActivityManager( 1591): 	at com.android.server.am.ActivityRecord.forTokenLocked(ActivityRecord.java:424)
12-09 08:16:18.473 W/ActivityManager( 1591): 	at com.android.server.am.ActivityRecord.isInStackLocked(ActivityRecord.java:1121)
12-09 08:16:18.473 W/ActivityManager( 1591): 	at com.android.server.am.ActivityManagerService.getActivityOptions(ActivityManagerService.java:11038)
12-09 08:16:18.473 W/ActivityManager( 1591): 	at android.app.ActivityManagerNative.onTransact(ActivityManagerNative.java:1734)
12-09 08:16:18.473 W/ActivityManager( 1591): 	at com.android.server.am.ActivityManagerService.onTransact(ActivityManagerService.java:2443)
12-09 08:16:18.473 W/ActivityManager( 1591): 	at android.os.Binder.execTransact(Binder.java:453)
12-09 08:16:18.499 W/audio_hw_generic( 1307): Not supplying enough data to HAL, expected position 32333352 , only wrote 32332815
12-09 08:16:18.500 W/audio_hw_generic( 1307): Hardware backing HAL too slow, could only write 0 of 661 frames
12-09 08:16:18.500 D/AudioFlinger( 1307): mixer(0xf43c0000) throttle end: throttle time(4)
12-09 08:16:18.519 W/audio_hw_generic( 1307): Hardware backing HAL too slow, could only write 0 of 661 frames
12-09 08:16:18.543 W/audio_hw_generic( 1307): Hardware backing HAL too slow, could only write 0 of 661 frames
12-09 08:16:18.568 W/audio_hw_generic( 1307): Hardware backing HAL too slow, could only write 0 of 661 frames
12-09 08:16:18.586 W/CursorWrapperInner(13792): Cursor finalized without prior close()
12-09 08:16:18.595 I/art     (13792): Background sticky concurrent mark sweep GC freed 49427(2MB) AllocSpace objects, 2(40KB) LOS objects, 31% free, 3MB/4MB, paused 1.133ms total 130.026ms
12-09 08:16:18.808 W/audio_hw_generic( 1307): Not supplying enough data to HAL, expected position 32346431 , only wrote 32345374
12-09 08:16:18.808 W/audio_hw_generic( 1307): Not supplying enough data to HAL, expected position 32345381 , only wrote 32345374
12-09 08:16:18.827 W/audio_hw_generic( 1307): Not supplying enough data to HAL, expected position 32346197 , only wrote 32346035
12-09 08:16:18.987 E/SurfaceFlinger( 1218): ro.sf.lcd_density must be defined as a build property
12-09 08:16:18.988 D/gralloc_ranchu( 1218): gralloc_alloc: Creating ashmem region of size 3686400
12-09 08:16:19.020 D/        (13877): HostConnection::get() New Host Connection established 0x7f9d76852480, tid 13877
12-09 08:16:19.040 E/EGL_emulation( 1218): tid 1218: eglCreateSyncKHR(1881): error 0x3004 (EGL_BAD_ATTRIBUTE)
12-09 08:16:19.842 I/System.out(13792): URI: //gesture
12-09 08:16:19.842 I/System.out(13792): params: {json={"query_timeout":5.0,"gestures":[{"query_string":"android.widget.TabWidget descendant TextView index:2","touches":[{"x":50,"y":50,"offset_x":0,"offset_y":0,"wait":0.0,"time":0.2,"release":true,"query_string":null}]}]}
12-09 08:16:19.842 I/System.out(13792): }
12-09 08:16:19.908 W/audio_hw_generic( 1307): Not supplying enough data to HAL, expected position 32393691 , only wrote 32393627
12-09 08:16:19.908 W/audio_hw_generic( 1307): Not supplying enough data to HAL, expected position 32393634 , only wrote 32393627
12-09 08:16:19.924 W/audio_hw_generic( 1307): Not supplying enough data to HAL, expected position 32394322 , only wrote 32394288
12-09 08:16:19.924 W/audio_hw_generic( 1307): Hardware backing HAL too slow, could only write 0 of 661 frames
12-09 08:16:19.941 W/audio_hw_generic( 1307): Hardware backing HAL too slow, could only write 0 of 661 frames
12-09 08:16:19.956 W/audio_hw_generic( 1307): Hardware backing HAL too slow, could only write 0 of 661 frames
12-09 08:16:19.971 W/audio_hw_generic( 1307): Hardware backing HAL too slow, could only write 0 of 661 frames
12-09 08:16:20.196 W/audio_hw_generic( 1307): Hardware backing HAL too slow, could only write 0 of 661 frames
12-09 08:16:20.211 W/audio_hw_generic( 1307): Hardware backing HAL too slow, could only write 0 of 661 frames
12-09 08:16:20.227 W/audio_hw_generic( 1307): Hardware backing HAL too slow, could only write 0 of 661 frames
12-09 08:16:20.266 W/audio_hw_generic( 1307): Hardware backing HAL too slow, could only write 0 of 661 frames
12-09 08:16:20.524 W/audio_hw_generic( 1307): Hardware backing HAL too slow, could only write 0 of 661 frames
12-09 08:16:20.554 I/calabash(13792): newActivity1
12-09 08:16:20.556 W/ActivityManager( 1591): Bad activity token: android.os.BinderProxy@b1881d6
12-09 08:16:20.556 W/ActivityManager( 1591): java.lang.ClassCastException: android.os.BinderProxy cannot be cast to com.android.server.am.ActivityRecord$Token
12-09 08:16:20.556 W/ActivityManager( 1591): 	at com.android.server.am.ActivityRecord.forTokenLocked(ActivityRecord.java:424)
12-09 08:16:20.556 W/ActivityManager( 1591): 	at com.android.server.am.ActivityRecord.isInStackLocked(ActivityRecord.java:1121)
12-09 08:16:20.556 W/ActivityManager( 1591): 	at com.android.server.am.ActivityRecord.getStackLocked(ActivityRecord.java:1126)
12-09 08:16:20.556 W/ActivityManager( 1591): 	at com.android.server.am.ActivityManagerService.getActivityDisplayId(ActivityManagerService.java:8889)
12-09 08:16:20.556 W/ActivityManager( 1591): 	at android.app.ActivityManagerNative.onTransact(ActivityManagerNative.java:2338)
12-09 08:16:20.556 W/ActivityManager( 1591): 	at com.android.server.am.ActivityManagerService.onTransact(ActivityManagerService.java:2443)
12-09 08:16:20.556 W/ActivityManager( 1591): 	at android.os.Binder.execTransact(Binder.java:453)
12-09 08:16:20.584 W/audio_hw_generic( 1307): Not supplying enough data to HAL, expected position 32423417 , only wrote 32422711
12-09 08:16:20.588 W/ActivityManager( 1591): Bad activity token: android.os.BinderProxy@b1881d6
12-09 08:16:20.588 W/ActivityManager( 1591): java.lang.ClassCastException: android.os.BinderProxy cannot be cast to com.android.server.am.ActivityRecord$Token
12-09 08:16:20.588 W/ActivityManager( 1591): 	at com.android.server.am.ActivityRecord.forTokenLocked(ActivityRecord.java:424)
12-09 08:16:20.588 W/ActivityManager( 1591): 	at com.android.server.am.ActivityRecord.isInStackLocked(ActivityRecord.java:1121)
12-09 08:16:20.588 W/ActivityManager( 1591): 	at com.android.server.am.ActivityManagerService.setTaskDescription(ActivityManagerService.java:8547)
12-09 08:16:20.588 W/ActivityManager( 1591): 	at android.app.ActivityManagerNative.onTransact(ActivityManagerNative.java:2410)
12-09 08:16:20.588 W/ActivityManager( 1591): 	at com.android.server.am.ActivityManagerService.onTransact(ActivityManagerService.java:2443)
12-09 08:16:20.588 W/ActivityManager( 1591): 	at android.os.Binder.execTransact(Binder.java:453)
12-09 08:16:20.658 D/VehicleStatisticsActivity(13792): Checking recalculation ...
12-09 08:16:20.664 D/VehicleStatisticsActivity(13792): Recalculation not necessary.
12-09 08:16:20.664 W/ActivityManager( 1591): Bad activity token: android.os.BinderProxy@b1881d6
12-09 08:16:20.664 W/ActivityManager( 1591): java.lang.ClassCastException: android.os.BinderProxy cannot be cast to com.android.server.am.ActivityRecord$Token
12-09 08:16:20.664 W/ActivityManager( 1591): 	at com.android.server.am.ActivityRecord.forTokenLocked(ActivityRecord.java:424)
12-09 08:16:20.664 W/ActivityManager( 1591): 	at com.android.server.am.ActivityRecord.isInStackLocked(ActivityRecord.java:1121)
12-09 08:16:20.664 W/ActivityManager( 1591): 	at com.android.server.am.ActivityManagerService.getActivityOptions(ActivityManagerService.java:11038)
12-09 08:16:20.664 W/ActivityManager( 1591): 	at android.app.ActivityManagerNative.onTransact(ActivityManagerNative.java:1734)
12-09 08:16:20.664 W/ActivityManager( 1591): 	at com.android.server.am.ActivityManagerService.onTransact(ActivityManagerService.java:2443)
12-09 08:16:20.664 W/ActivityManager( 1591): 	at android.os.Binder.execTransact(Binder.java:453)
12-09 08:16:20.664 W/ActivityManager( 1591): Bad activity token: android.os.BinderProxy@b1881d6
12-09 08:16:20.664 W/ActivityManager( 1591): java.lang.ClassCastException: android.os.BinderProxy cannot be cast to com.android.server.am.ActivityRecord$Token
12-09 08:16:20.664 W/ActivityManager( 1591): 	at com.android.server.am.ActivityRecord.forTokenLocked(ActivityRecord.java:424)
12-09 08:16:20.664 W/ActivityManager( 1591): 	at com.android.server.am.ActivityRecord.isInStackLocked(ActivityRecord.java:1121)
12-09 08:16:20.664 W/ActivityManager( 1591): 	at com.android.server.am.ActivityManagerService.getActivityOptions(ActivityManagerService.java:11038)
12-09 08:16:20.664 W/ActivityManager( 1591): 	at android.app.ActivityManagerNative.onTransact(ActivityManagerNative.java:1734)
12-09 08:16:20.664 W/ActivityManager( 1591): 	at com.android.server.am.ActivityManagerService.onTransact(ActivityManagerService.java:2443)
12-09 08:16:20.664 W/ActivityManager( 1591): 	at android.os.Binder.execTransact(Binder.java:453)
12-09 08:16:20.671 I/art     (13792): Background sticky concurrent mark sweep GC freed 47562(2MB) AllocSpace objects, 2(40KB) LOS objects, 27% free, 3MB/4MB, paused 4.219ms total 134.495ms
12-09 08:16:20.672 D/VehicleStatisticsActivity(13792): Checking recalculation ...
12-09 08:16:20.695 D/AudioFlinger( 1307): mixer(0xf43c0000) throttle end: throttle time(5)
12-09 08:16:20.716 D/VehicleStatisticsActivity(13792): Recalculation not necessary.
12-09 08:16:20.728 W/audio_hw_generic( 1307): Not supplying enough data to HAL, expected position 32429047 , only wrote 32427338
12-09 08:16:20.728 W/audio_hw_generic( 1307): Not supplying enough data to HAL, expected position 32427347 , only wrote 32427338
12-09 08:16:20.738 D/AudioFlinger( 1307): mixer(0xf43c0000) throttle end: throttle time(11)
12-09 08:16:20.879 W/audio_hw_generic( 1307): Hardware backing HAL too slow, could only write 0 of 661 frames
12-09 08:16:20.888 W/audio_hw_generic( 1307): Hardware backing HAL too slow, could only write 0 of 661 frames
12-09 08:16:20.907 W/audio_hw_generic( 1307): Hardware backing HAL too slow, could only write 0 of 661 frames
12-09 08:16:20.971 W/audio_hw_generic( 1307): Hardware backing HAL too slow, could only write 0 of 661 frames
12-09 08:16:20.971 W/audio_hw_generic( 1307): Not supplying enough data to HAL, expected position 32438059 , only wrote 32436592
12-09 08:16:20.971 W/audio_hw_generic( 1307): Not supplying enough data to HAL, expected position 32436598 , only wrote 32436592
12-09 08:16:20.987 W/audio_hw_generic( 1307): Not supplying enough data to HAL, expected position 32437297 , only wrote 32437253
12-09 08:16:20.987 W/audio_hw_generic( 1307): Hardware backing HAL too slow, could only write 0 of 661 frames
12-09 08:16:21.002 W/audio_hw_generic( 1307): Hardware backing HAL too slow, could only write 0 of 661 frames
12-09 08:16:21.017 W/audio_hw_generic( 1307): Hardware backing HAL too slow, could only write 0 of 661 frames
12-09 08:16:21.039 W/audio_hw_generic( 1307): Hardware backing HAL too slow, could only write 0 of 661 frames
12-09 08:16:21.048 W/audio_hw_generic( 1307): Hardware backing HAL too slow, could only write 0 of 661 frames
12-09 08:16:21.063 W/audio_hw_generic( 1307): Hardware backing HAL too slow, could only write 0 of 661 frames
12-09 08:16:21.110 E/SurfaceFlinger( 1218): ro.sf.lcd_density must be defined as a build property
12-09 08:16:21.111 D/gralloc_ranchu( 1218): gralloc_alloc: Creating ashmem region of size 3686400
12-09 08:16:21.127 D/        (13882): HostConnection::get() New Host Connection established 0x7f17c5152480, tid 13882
12-09 08:16:21.151 E/EGL_emulation( 1218): tid 1218: eglCreateSyncKHR(1881): error 0x3004 (EGL_BAD_ATTRIBUTE)
12-09 08:16:21.282 W/audio_hw_generic( 1307): Not supplying enough data to HAL, expected position 32450236 , only wrote 32449812
12-09 08:16:21.282 W/audio_hw_generic( 1307): Hardware backing HAL too slow, could only write 0 of 661 frames
12-09 08:16:21.313 W/audio_hw_generic( 1307): Hardware backing HAL too slow, could only write 0 of 661 frames
12-09 08:16:21.328 W/audio_hw_generic( 1307): Hardware backing HAL too slow, could only write 0 of 661 frames
12-09 08:16:21.351 W/audio_hw_generic( 1307): Hardware backing HAL too slow, could only write 0 of 661 frames
12-09 08:16:21.501 W/audio_hw_generic( 1307): Hardware backing HAL too slow, could only write 0 of 661 frames
12-09 08:16:21.587 W/audio_hw_generic( 1307): Not supplying enough data to HAL, expected position 32463298 , only wrote 32463032
12-09 08:16:21.588 W/audio_hw_generic( 1307): Not supplying enough data to HAL, expected position 32463039 , only wrote 32463032
12-09 08:16:21.872 W/audio_hw_generic( 1307): Not supplying enough data to HAL, expected position 32475563 , only wrote 32474930
12-09 08:16:21.872 W/audio_hw_generic( 1307): Not supplying enough data to HAL, expected position 32474937 , only wrote 32474930
12-09 08:16:21.880 I/System.out(13792): URI: //gesture
12-09 08:16:21.880 I/System.out(13792): params: {json={"query_timeout":5.0,"gestures":[{"query_string":"android.widget.TabWidget descendant TextView index:0","touches":[{"x":50,"y":50,"offset_x":0,"offset_y":0,"wait":0.0,"time":0.2,"release":true,"query_string":null}]}]}
12-09 08:16:21.880 I/System.out(13792): }
12-09 08:16:21.888 W/audio_hw_generic( 1307): Not supplying enough data to HAL, expected position 32475617 , only wrote 32475591
12-09 08:16:22.068 W/audio_hw_generic( 1307): Not supplying enough data to HAL, expected position 32483570 , only wrote 32482201
12-09 08:16:22.069 W/audio_hw_generic( 1307): Not supplying enough data to HAL, expected position 32482208 , only wrote 32482201
12-09 08:16:22.148 W/audio_hw_generic( 1307): Not supplying enough data to HAL, expected position 32485681 , only wrote 32482862
12-09 08:16:22.174 W/audio_hw_generic( 1307): Hardware backing HAL too slow, could only write 0 of 661 frames
12-09 08:16:22.195 W/audio_hw_generic( 1307): Hardware backing HAL too slow, could only write 0 of 661 frames
12-09 08:16:22.211 W/audio_hw_generic( 1307): Hardware backing HAL too slow, could only write 0 of 661 frames
12-09 08:16:22.227 W/audio_hw_generic( 1307): Hardware backing HAL too slow, could only write 0 of 661 frames
12-09 08:16:22.235 W/audio_hw_generic( 1307): Hardware backing HAL too slow, could only write 0 of 661 frames
12-09 08:16:22.249 W/audio_hw_generic( 1307): Hardware backing HAL too slow, could only write 0 of 661 frames
12-09 08:16:22.279 W/audio_hw_generic( 1307): Hardware backing HAL too slow, could only write 0 of 661 frames
12-09 08:16:22.295 W/audio_hw_generic( 1307): Hardware backing HAL too slow, could only write 0 of 661 frames
12-09 08:16:22.389 W/audio_hw_generic( 1307): Hardware backing HAL too slow, could only write 0 of 661 frames
12-09 08:16:22.403 W/audio_hw_generic( 1307): Hardware backing HAL too slow, could only write 0 of 661 frames
12-09 08:16:22.419 W/audio_hw_generic( 1307): Hardware backing HAL too slow, could only write 0 of 661 frames
12-09 08:16:22.435 W/audio_hw_generic( 1307): Hardware backing HAL too slow, could only write 0 of 661 frames
12-09 08:16:22.446 W/audio_hw_generic( 1307): Hardware backing HAL too slow, could only write 0 of 661 frames
12-09 08:16:22.463 W/audio_hw_generic( 1307): Hardware backing HAL too slow, could only write 0 of 661 frames
12-09 08:16:22.504 W/audio_hw_generic( 1307): Not supplying enough data to HAL, expected position 32498571 , only wrote 32497404
12-09 08:16:22.504 W/audio_hw_generic( 1307): Not supplying enough data to HAL, expected position 32497410 , only wrote 32497404
12-09 08:16:22.531 W/audio_hw_generic( 1307): Not supplying enough data to HAL, expected position 32498605 , only wrote 32498065
12-09 08:16:22.547 W/audio_hw_generic( 1307): Not supplying enough data to HAL, expected position 32498758 , only wrote 32498726
12-09 08:16:22.619 D/AudioFlinger( 1307): mixer(0xf43c0000) throttle end: throttle time(22)
12-09 08:16:22.634 W/audio_hw_generic( 1307): Not supplying enough data to HAL, expected position 32502570 , only wrote 32502031
12-09 08:16:22.634 W/audio_hw_generic( 1307): Not supplying enough data to HAL, expected position 32502038 , only wrote 32502031
12-09 08:16:22.650 W/audio_hw_generic( 1307): Not supplying enough data to HAL, expected position 32502705 , only wrote 32502692
12-09 08:16:22.651 I/art     (13792): Background sticky concurrent mark sweep GC freed 36038(1541KB) AllocSpace objects, 1(20KB) LOS objects, 10% free, 4MB/4MB, paused 1.834ms total 207.556ms
12-09 08:16:22.696 I/art     (13792): Background sticky concurrent mark sweep GC freed 12653(640KB) AllocSpace objects, 0(0B) LOS objects, 23% free, 3MB/4MB, paused 5.162ms total 37.141ms
12-09 08:16:22.889 W/audio_hw_generic( 1307): Not supplying enough data to HAL, expected position 32513253 , only wrote 32512607
12-09 08:16:22.889 W/audio_hw_generic( 1307): Not supplying enough data to HAL, expected position 32512614 , only wrote 32512607
12-09 08:16:22.905 W/audio_hw_generic( 1307): Not supplying enough data to HAL, expected position 32513301 , only wrote 32513268
12-09 08:16:22.981 W/audio_hw_generic( 1307): Not supplying enough data to HAL, expected position 32516627 , only wrote 32516573
12-09 08:16:22.981 W/audio_hw_generic( 1307): Hardware backing HAL too slow, could only write 0 of 661 frames
