--------- beginning of main
12-09 08:22:19.525 E/EGL_emulation( 1223): tid 1223: eglCreateSyncKHR(1881): error 0x3004 (EGL_BAD_ATTRIBUTE)
--------- beginning of system
12-09 08:22:19.676 W/ActivityManager( 1591): Finishing task with all activities already finished
12-09 08:22:19.676 W/ActivityManager( 1591): Duplicate finish request for ActivityRecord{3173a59 u0 com.evancharlton.mileage/.Mileage t458 f}
12-09 08:22:19.676 W/ActivityManager( 1591): Finishing task with all activities already finished
12-09 08:22:19.676 W/ActivityManager( 1591): Duplicate finish request for ActivityRecord{3173a59 u0 com.evancharlton.mileage/.Mileage t458 f}
12-09 08:22:19.697 W/ActivityManager( 1591): Finishing task with all activities already finished
12-09 08:22:19.697 W/ActivityManager( 1591): Duplicate finish request for ActivityRecord{3173a59 u0 com.evancharlton.mileage/.Mileage t458 f}
12-09 08:22:19.723 I/art     ( 1591): Background partial concurrent mark sweep GC freed 9764(724KB) AllocSpace objects, 7(136KB) LOS objects, 29% free, 9MB/13MB, paused 1.452ms total 125.445ms
12-09 08:22:20.086 D/EGL_emulation( 1950): eglMakeCurrent: 0x7ff61a3b4dc0: ver 2 0 (tinfo 0x7ff61a382d00)
12-09 08:22:20.220 D/EGL_emulation( 1879): eglMakeCurrent: 0x7ff618109420: ver 2 0 (tinfo 0x7ff61a1185e0)
12-09 08:22:20.229 E/Surface ( 1879): getSlotFromBufferLocked: unknown buffer: 0x7ff616755280
12-09 08:22:20.430 D/AndroidRuntime(16536): >>>>>> START com.android.internal.os.RuntimeInit uid 0 <<<<<<
12-09 08:22:20.431 D/AndroidRuntime(16536): CheckJNI is ON
12-09 08:22:20.472 D/ICU     (16536): No timezone override file found: /data/misc/zoneinfo/current/icu/icu_tzdata.dat
12-09 08:22:20.652 E/memtrack(16536): Couldn't load memtrack module (No such file or directory)
12-09 08:22:20.652 E/android.os.Debug(16536): failed to load memtrack module: -2
12-09 08:22:20.654 W/art     ( 1591): Long monitor contention event with owner method=void com.android.server.wm.WindowAnimator$1.doFrame(long) from WindowAnimator.java:121 waiters=1 for 251ms
12-09 08:22:20.656 I/Radio-JNI(16536): register_android_hardware_Radio DONE
12-09 08:22:20.676 D/AndroidRuntime(16536): Calling main entry com.android.commands.am.Am
12-09 08:22:20.716 I/ActivityManager( 1591): Force stopping com.evancharlton.mileage appid=10137 user=0: start instr
12-09 08:22:20.716 I/ActivityManager( 1591): Killing 16473:com.evancharlton.mileage/u0a137 (adj 0): stop com.evancharlton.mileage
12-09 08:22:20.891 W/ActivityManager( 1591): Crash of app com.evancharlton.mileage running instrumentation ComponentInfo{com.evancharlton.mileage.test/sh.calaba.instrumentationbackend.CalabashInstrumentationTestRunner}
12-09 08:22:20.891 I/ActivityManager( 1591): Force stopping com.evancharlton.mileage appid=10137 user=0: finished inst
12-09 08:22:20.975 W/art     ( 1591): Long monitor contention event with owner method=void com.android.server.wm.WindowAnimator$1.doFrame(long) from WindowAnimator.java:121 waiters=1 for 321ms
12-09 08:22:21.059 W/art     ( 1591): Long monitor contention event with owner method=void com.android.server.wm.WindowAnimator$1.doFrame(long) from WindowAnimator.java:121 waiters=1 for 262ms
12-09 08:22:21.126 W/art     ( 1591): Long monitor contention event with owner method=void com.android.server.wm.WindowAnimator$1.doFrame(long) from WindowAnimator.java:121 waiters=2 for 234ms
12-09 08:22:21.128 W/art     ( 1591): Long monitor contention event with owner method=void com.android.server.wm.WindowAnimator$1.doFrame(long) from WindowAnimator.java:121 waiters=3 for 236ms
12-09 08:22:21.128 I/WindowState( 1591): WIN DEATH: Window{8715ef7 u0 com.evancharlton.mileage/com.evancharlton.mileage.Mileage EXITING}
12-09 08:22:21.138 I/Choreographer( 1950): Skipped 60 frames!  The application may be doing too much work on its main thread.
12-09 08:22:21.218 W/OpenGLRenderer( 1950): Incorrectly called buildLayer on View: ShortcutAndWidgetContainer, destroying layer...
12-09 08:22:21.273 I/ActivityManager( 1591): Start proc 16545:com.evancharlton.mileage/u0a137 for added application com.evancharlton.mileage
12-09 08:22:21.286 D/AndroidRuntime(16536): Shutting down VM
12-09 08:22:21.300 W/art     ( 1591): Long monitor contention event with owner method=boolean com.android.server.am.ActivityManagerService.startInstrumentation(android.content.ComponentName, java.lang.String, int, android.os.Bundle, android.app.IInstrumentationWatcher, android.app.IUiAutomationConnection, int, java.lang.String) from ActivityManagerService.java:17066 waiters=0 for 543ms
12-09 08:22:21.300 W/art     ( 1591): Long monitor contention event with owner method=boolean com.android.server.am.ActivityManagerService.startInstrumentation(android.content.ComponentName, java.lang.String, int, android.os.Bundle, android.app.IInstrumentationWatcher, android.app.IUiAutomationConnection, int, java.lang.String) from ActivityManagerService.java:17066 waiters=1 for 519ms
12-09 08:22:21.567 W/WindowAnimator( 1591): Failed to dispatch window animation state change.
12-09 08:22:21.567 W/WindowAnimator( 1591): android.os.DeadObjectException
12-09 08:22:21.567 W/WindowAnimator( 1591): 	at android.os.BinderProxy.transactNative(Native Method)
12-09 08:22:21.567 W/WindowAnimator( 1591): 	at android.os.BinderProxy.transact(Binder.java:503)
12-09 08:22:21.567 W/WindowAnimator( 1591): 	at android.view.IWindow$Stub$Proxy.onAnimationStopped(IWindow.java:534)
12-09 08:22:21.567 W/WindowAnimator( 1591): 	at com.android.server.wm.WindowAnimator.updateWindowsLocked(WindowAnimator.java:286)
12-09 08:22:21.567 W/WindowAnimator( 1591): 	at com.android.server.wm.WindowAnimator.animateLocked(WindowAnimator.java:678)
12-09 08:22:21.567 W/WindowAnimator( 1591): 	at com.android.server.wm.WindowAnimator.-wrap0(WindowAnimator.java)
12-09 08:22:21.567 W/WindowAnimator( 1591): 	at com.android.server.wm.WindowAnimator$1.doFrame(WindowAnimator.java:123)
12-09 08:22:21.567 W/WindowAnimator( 1591): 	at android.view.Choreographer$CallbackRecord.run(Choreographer.java:856)
12-09 08:22:21.567 W/WindowAnimator( 1591): 	at android.view.Choreographer.doCallbacks(Choreographer.java:670)
12-09 08:22:21.567 W/WindowAnimator( 1591): 	at android.view.Choreographer.doFrame(Choreographer.java:603)
12-09 08:22:21.567 W/WindowAnimator( 1591): 	at android.view.Choreographer$FrameDisplayEventReceiver.run(Choreographer.java:844)
12-09 08:22:21.567 W/WindowAnimator( 1591): 	at android.os.Handler.handleCallback(Handler.java:739)
12-09 08:22:21.567 W/WindowAnimator( 1591): 	at android.os.Handler.dispatchMessage(Handler.java:95)
12-09 08:22:21.567 W/WindowAnimator( 1591): 	at android.os.Looper.loop(Looper.java:148)
12-09 08:22:21.567 W/WindowAnimator( 1591): 	at android.os.HandlerThread.run(HandlerThread.java:61)
12-09 08:22:21.567 W/WindowAnimator( 1591): 	at com.android.server.ServiceThread.run(ServiceThread.java:46)
12-09 08:22:21.714 W/art     ( 1591): Long monitor contention event with owner method=java.util.List com.android.server.am.ActivityManagerService.getAllStackInfos() from ActivityManagerService.java:8937 waiters=0 for 410ms
12-09 08:22:21.740 W/System  (16545): ClassLoader referenced unknown path: /data/app/com.evancharlton.mileage.test-1/lib/x86_64
12-09 08:22:21.740 W/System  (16545): ClassLoader referenced unknown path: /data/app/com.evancharlton.mileage-1/lib/x86_64
12-09 08:22:21.776 I/System.out(16545): Main activity name automatically set to: com.evancharlton.mileage.Mileage
12-09 08:22:21.776 I/System.out(16545): Calabash did not load Mono. This is only a problem if you are trying to test a Mono application
12-09 08:22:21.776 I/calabash(16545): Test server port: 7102
12-09 08:22:21.783 I/InstrumentationBackend(16545): Added:'GetPreferences', with key:'get_preferences'
12-09 08:22:21.801 I/art     ( 1720): Background partial concurrent mark sweep GC freed 2980(137KB) AllocSpace objects, 0(0B) LOS objects, 39% free, 3MB/6MB, paused 18.486ms total 55.371ms
12-09 08:22:21.872 I/InstrumentationBackend(16545): Added:'SetPreferences', with key:'set_preferences'
12-09 08:22:21.872 I/InstrumentationBackend(16545): Added:'ClearPreferences', with key:'clear_preferences'
12-09 08:22:21.889 I/InstrumentationBackend(16545): Added:'PressElement', with key:'press_l10n_element'
12-09 08:22:21.890 I/InstrumentationBackend(16545): Added:'WaitForElement', with key:'wait_for_l10n_element'
12-09 08:22:21.890 I/InstrumentationBackend(16545): Added:'NullAction', with key:'nullAction'
12-09 08:22:21.890 I/InstrumentationBackend(16545): Added:'PressKey', with key:'press_key'
12-09 08:22:21.891 I/InstrumentationBackend(16545): Added:'SetActivityOrientation', with key:'set_activity_orientation'
12-09 08:22:21.891 I/InstrumentationBackend(16545): Added:'GetActivityOrientation', with key:'get_activity_orientation'
12-09 08:22:21.891 I/InstrumentationBackend(16545): Added:'FakeGPSLocation', with key:'set_gps_coordinates'
12-09 08:22:21.891 I/InstrumentationBackend(16545): Added:'SetPropertyByCssSelector', with key:'set_property_by_css_selector'
12-09 08:22:21.891 I/InstrumentationBackend(16545): Added:'GetUrl', with key:'get_url'
12-09 08:22:21.892 I/InstrumentationBackend(16545): Added:'ScrollTo', with key:'scroll_to'
12-09 08:22:21.892 I/InstrumentationBackend(16545): Added:'GetLoadProgress', with key:'get_load_progress'
12-09 08:22:21.904 I/InstrumentationBackend(16545): Added:'DumpHtml', with key:'dump_html'
12-09 08:22:21.905 I/InstrumentationBackend(16545): Added:'DumpBodyHtml', with key:'dump_body_html'
12-09 08:22:21.905 I/InstrumentationBackend(16545): Added:'EnterTextByCssSelector', with key:'enter_text_by_selector'
12-09 08:22:21.906 I/InstrumentationBackend(16545): Added:'AndroidSDKVersion', with key:'android_sdk_version'
12-09 08:22:21.906 I/InstrumentationBackend(16545): Added:'Version', with key:'version'
12-09 08:22:21.907 I/InstrumentationBackend(16545): Added:'Drag', with key:'drag'
12-09 08:22:21.907 I/InstrumentationBackend(16545): Added:'TouchCoordinates', with key:'touch_coordinate'
12-09 08:22:21.907 I/InstrumentationBackend(16545): Added:'LongPressCoordinate', with key:'long_press_coordinate'
12-09 08:22:21.907 I/InstrumentationBackend(16545): Added:'DragCoordinates', with key:'drag_coordinates'
12-09 08:22:21.907 I/InstrumentationBackend(16545): Added:'ResumeApplication', with key:'resume_application'
12-09 08:22:21.907 I/InstrumentationBackend(16545): Added:'Swipe', with key:'swipe'
12-09 08:22:21.908 I/InstrumentationBackend(16545): Added:'DoubleTapCoordinate', with key:'double_tap_coordinate'
12-09 08:22:21.908 I/InstrumentationBackend(16545): Added:'ClickOnScreen', with key:'click_on_screen'
12-09 08:22:21.908 I/InstrumentationBackend(16545): Added:'GetActivityName', with key:'get_activity_name'
12-09 08:22:21.908 I/InstrumentationBackend(16545): Added:'ScrollToView', with key:'scroll_to_view'
12-09 08:22:21.921 I/InstrumentationBackend(16545): Added:'ViewConfiguration', with key:'view_configuration'
12-09 08:22:21.921 I/InstrumentationBackend(16545): Added:'IsCurrentActivityFocused', with key:'is_current_activity_focused'
12-09 08:22:21.922 I/InstrumentationBackend(16545): Added:'SendTcp', with key:'send_tcp'
12-09 08:22:21.922 I/InstrumentationBackend(16545): Added:'DpToDevicePixel', with key:'dp_to_device_pixel'
12-09 08:22:21.930 I/InstrumentationBackend(16545): Added:'KeyboardEnterText', with key:'keyboard_enter_text'
12-09 08:22:21.931 I/InstrumentationBackend(16545): Added:'DeleteSurroundingText', with key:'delete_surrounding_text'
12-09 08:22:21.931 I/InstrumentationBackend(16545): Added:'SetComposingRegion', with key:'set_composing_region'
12-09 08:22:21.931 I/InstrumentationBackend(16545): Added:'SetSelection', with key:'set_selection'
12-09 08:22:21.932 I/InstrumentationBackend(16545): Added:'KeyboardKeyEvent', with key:'keyboard_key_event'
12-09 08:22:21.932 I/InstrumentationBackend(16545): Added:'PressUserActionButton', with key:'press_user_action_button'
12-09 08:22:21.932 I/InstrumentationBackend(16545): Added:'HideSoftKeyboard', with key:'hide_soft_keyboard'
12-09 08:22:21.981 I/InstrumentationBackend(16545): Added:'ListActions', with key:'list_actions'
12-09 08:22:21.982 I/calabash(16545): Instantiating http server at 7102
12-09 08:22:21.982 I/System.out(16545): HTTP Daemon listening on: 7102
12-09 08:22:22.099 I/System.out(16545): URI: //ping
12-09 08:22:22.099 I/System.out(16545): params: {json={}
12-09 08:22:22.099 I/System.out(16545): }
12-09 08:22:22.111 I/art     (16545): Background partial concurrent mark sweep GC freed 3938(389KB) AllocSpace objects, 1(20KB) LOS objects, 46% free, 1157KB/2MB, paused 1.103ms total 196.569ms
12-09 08:22:22.178 I/System.out(16545): URI: //ping
12-09 08:22:22.178 I/System.out(16545): params: {json={}
12-09 08:22:22.179 I/System.out(16545): }
12-09 08:22:22.241 I/System.out(16545): URI: //ready
12-09 08:22:22.241 I/System.out(16545): params: {json={}
12-09 08:22:22.241 I/System.out(16545): }
12-09 08:22:22.310 I/System.out(16545): URI: //
12-09 08:22:22.310 I/System.out(16545): params: {json={"command":"version","arguments":[]}
12-09 08:22:22.310 I/System.out(16545): }
12-09 08:22:22.310 I/System.out(16545): header: {date=Sun, 09 Dec 2018 08:22:22 GMT, accept=*/*, content-length=36, host=127.0.0.1:34777, user-agent=HTTPClient/1.0 (2.8.3, ruby 2.3.1 (2016-04-26)), content-type=application/json;charset=utf-8}
12-09 08:22:22.310 I/System.out(16545): params: {json={"command":"version","arguments":[]}
12-09 08:22:22.310 I/System.out(16545): }
12-09 08:22:22.311 I/System.out(16545): ProP json = {"command":"version","arguments":[]}
12-09 08:22:22.311 I/System.out(16545): files: {}
12-09 08:22:22.311 I/System.out(16545): command: {"command":"version","arguments":[]}
12-09 08:22:22.339 I/InstrumentationBackend(16545): Got command:'Command:'Line:null,version', arguments:'[]'
12-09 08:22:22.413 I/System.out(16545): result:{"bonusInformation":[],"message":"0.9.8","success":true}
12-09 08:22:22.464 I/art     (16545): Background sticky concurrent mark sweep GC freed 14434(847KB) AllocSpace objects, 12(240KB) LOS objects, 45% free, 1199KB/2MB, paused 6.478ms total 83.613ms
12-09 08:22:22.525 I/System.out(16545): URI: //start-application
12-09 08:22:22.525 I/System.out(16545): params: {json={"intent":null}
12-09 08:22:22.525 I/System.out(16545): }
12-09 08:22:22.568 I/ActivityManager( 1591): START u0 {act=android.intent.action.MAIN cat=[android.intent.category.LAUNCHER] flg=0x10200000 cmp=com.evancharlton.mileage/.Mileage} from uid 10137 on display 0
12-09 08:22:23.022 I/calabash(16545): newActivity1
12-09 08:22:23.032 D/gralloc_ranchu( 1223): gralloc_alloc: Creating ashmem region of size 3686400
12-09 08:22:23.072 I/calabash(16545): newActivity1
12-09 08:22:23.150 W/ActivityManager( 1591): Bad activity token: android.os.BinderProxy@e19a4d7
12-09 08:22:23.150 W/ActivityManager( 1591): java.lang.ClassCastException: android.os.BinderProxy cannot be cast to com.android.server.am.ActivityRecord$Token
12-09 08:22:23.150 W/ActivityManager( 1591): 	at com.android.server.am.ActivityRecord.forTokenLocked(ActivityRecord.java:424)
12-09 08:22:23.150 W/ActivityManager( 1591): 	at com.android.server.am.ActivityRecord.isInStackLocked(ActivityRecord.java:1121)
12-09 08:22:23.150 W/ActivityManager( 1591): 	at com.android.server.am.ActivityRecord.getStackLocked(ActivityRecord.java:1126)
12-09 08:22:23.150 W/ActivityManager( 1591): 	at com.android.server.am.ActivityManagerService.getActivityDisplayId(ActivityManagerService.java:8889)
12-09 08:22:23.150 W/ActivityManager( 1591): 	at android.app.ActivityManagerNative.onTransact(ActivityManagerNative.java:2338)
12-09 08:22:23.150 W/ActivityManager( 1591): 	at com.android.server.am.ActivityManagerService.onTransact(ActivityManagerService.java:2443)
12-09 08:22:23.150 W/ActivityManager( 1591): 	at android.os.Binder.execTransact(Binder.java:453)
12-09 08:22:23.151 W/ActivityManager( 1591): Bad activity token: android.os.BinderProxy@e19a4d7
12-09 08:22:23.151 W/ActivityManager( 1591): java.lang.ClassCastException: android.os.BinderProxy cannot be cast to com.android.server.am.ActivityRecord$Token
12-09 08:22:23.151 W/ActivityManager( 1591): 	at com.android.server.am.ActivityRecord.forTokenLocked(ActivityRecord.java:424)
12-09 08:22:23.151 W/ActivityManager( 1591): 	at com.android.server.am.ActivityRecord.isInStackLocked(ActivityRecord.java:1121)
12-09 08:22:23.151 W/ActivityManager( 1591): 	at com.android.server.am.ActivityManagerService.setTaskDescription(ActivityManagerService.java:8547)
12-09 08:22:23.151 W/ActivityManager( 1591): 	at android.app.ActivityManagerNative.onTransact(ActivityManagerNative.java:2410)
12-09 08:22:23.151 W/ActivityManager( 1591): 	at com.android.server.am.ActivityManagerService.onTransact(ActivityManagerService.java:2443)
12-09 08:22:23.151 W/ActivityManager( 1591): 	at android.os.Binder.execTransact(Binder.java:453)
12-09 08:22:23.238 V/PhoneStatusBar( 1720): setLightsOn(true)
12-09 08:22:23.322 W/ActivityManager( 1591): Bad activity token: android.os.BinderProxy@e19a4d7
12-09 08:22:23.322 W/ActivityManager( 1591): java.lang.ClassCastException: android.os.BinderProxy cannot be cast to com.android.server.am.ActivityRecord$Token
12-09 08:22:23.322 W/ActivityManager( 1591): 	at com.android.server.am.ActivityRecord.forTokenLocked(ActivityRecord.java:424)
12-09 08:22:23.322 W/ActivityManager( 1591): 	at com.android.server.am.ActivityRecord.isInStackLocked(ActivityRecord.java:1121)
12-09 08:22:23.322 W/ActivityManager( 1591): 	at com.android.server.am.ActivityManagerService.getActivityOptions(ActivityManagerService.java:11038)
12-09 08:22:23.322 W/ActivityManager( 1591): 	at android.app.ActivityManagerNative.onTransact(ActivityManagerNative.java:1734)
12-09 08:22:23.322 W/ActivityManager( 1591): 	at com.android.server.am.ActivityManagerService.onTransact(ActivityManagerService.java:2443)
12-09 08:22:23.322 W/ActivityManager( 1591): 	at android.os.Binder.execTransact(Binder.java:453)
12-09 08:22:23.323 W/ActivityManager( 1591): Bad activity token: android.os.BinderProxy@e19a4d7
12-09 08:22:23.323 W/ActivityManager( 1591): java.lang.ClassCastException: android.os.BinderProxy cannot be cast to com.android.server.am.ActivityRecord$Token
12-09 08:22:23.323 W/ActivityManager( 1591): 	at com.android.server.am.ActivityRecord.forTokenLocked(ActivityRecord.java:424)
12-09 08:22:23.323 W/ActivityManager( 1591): 	at com.android.server.am.ActivityRecord.isInStackLocked(ActivityRecord.java:1121)
12-09 08:22:23.323 W/ActivityManager( 1591): 	at com.android.server.am.ActivityManagerService.getActivityOptions(ActivityManagerService.java:11038)
12-09 08:22:23.323 W/ActivityManager( 1591): 	at android.app.ActivityManagerNative.onTransact(ActivityManagerNative.java:1734)
12-09 08:22:23.323 W/ActivityManager( 1591): 	at com.android.server.am.ActivityManagerService.onTransact(ActivityManagerService.java:2443)
12-09 08:22:23.323 W/ActivityManager( 1591): 	at android.os.Binder.execTransact(Binder.java:453)
12-09 08:22:23.373 W/art     (16545): Suspending all threads took: 5.051ms
12-09 08:22:23.451 I/art     (16545): Background sticky concurrent mark sweep GC freed 1848(313KB) AllocSpace objects, 0(0B) LOS objects, 8% free, 1992KB/2MB, paused 6.192ms total 128.879ms
12-09 08:22:23.557 D/EGL_emulation( 1950): eglMakeCurrent: 0x7ff61a3b4dc0: ver 2 0 (tinfo 0x7ff61a382d00)
12-09 08:22:23.563 E/Surface ( 1950): getSlotFromBufferLocked: unknown buffer: 0x7ff616755e60
12-09 08:22:24.242 I/Choreographer(16545): Skipped 41 frames!  The application may be doing too much work on its main thread.
12-09 08:22:24.242 D/gralloc_ranchu( 1223): gralloc_alloc: Creating ashmem region of size 3686400
12-09 08:22:24.277 D/        (16545): HostConnection::get() New Host Connection established 0x7ff616753f20, tid 16545
12-09 08:22:24.391 D/gralloc_ranchu( 1223): gralloc_alloc: Creating ashmem region of size 3686400
12-09 08:22:24.394 I/ActivityManager( 1591): Displayed com.evancharlton.mileage/.Mileage: +1s441ms
12-09 08:22:24.684 W/art     ( 1591): Long monitor contention event with owner method=void com.android.server.wm.WindowAnimator$1.doFrame(long) from WindowAnimator.java:121 waiters=0 for 122ms
12-09 08:22:25.927 I/art     (16545): Background sticky concurrent mark sweep GC freed 13076(613KB) AllocSpace objects, 1(20KB) LOS objects, 6% free, 2034KB/2MB, paused 9.563ms total 77.305ms
12-09 08:22:27.005 I/System.out(16545): URI: //map
12-09 08:22:27.005 I/System.out(16545): params: {json={"query":"android.widget.EditText id:'price'","operation":{"method_name":"query","arguments":[]}}
12-09 08:22:27.005 I/System.out(16545): }
12-09 08:22:27.065 W/art     (16545): Suspending all threads took: 14.552ms
12-09 08:22:27.125 I/art     (16545): Background sticky concurrent mark sweep GC freed 11728(507KB) AllocSpace objects, 1(20KB) LOS objects, 0% free, 2MB/2MB, paused 17.931ms total 113.923ms
12-09 08:22:27.286 W/ResourceType(16545): No package identifier when getting name for resource number 0x00000001
12-09 08:22:27.389 W/art     (16545): Suspending all threads took: 7.134ms
12-09 08:22:27.408 I/art     (16545): Background partial concurrent mark sweep GC freed 34523(1726KB) AllocSpace objects, 2(40KB) LOS objects, 39% free, 2MB/3MB, paused 19.776ms total 281.866ms
12-09 08:22:27.438 I/System.out(16545): URI: //gesture
12-09 08:22:27.438 I/System.out(16545): params: {json={"query_timeout":5.0,"gestures":[{"query_string":"android.widget.EditText id:'price'","touches":[{"x":50,"y":50,"offset_x":0,"offset_y":0,"wait":0.0,"time":0.2,"release":true,"query_string":null}]}]}
12-09 08:22:27.438 I/System.out(16545): }
12-09 08:22:27.475 W/ResourceType(16545): No package identifier when getting name for resource number 0x00000001
12-09 08:22:28.010 I/LatinIME( 1879): Starting input. Cursor position = 0,0
12-09 08:22:28.130 I/art     (16545): Background sticky concurrent mark sweep GC freed 44697(2031KB) AllocSpace objects, 2(40KB) LOS objects, 35% free, 2MB/3MB, paused 1.899ms total 140.265ms
12-09 08:22:28.502 D/EGL_emulation( 1879): eglMakeCurrent: 0x7ff618109420: ver 2 0 (tinfo 0x7ff61a1185e0)
12-09 08:22:28.626 I/System.out(16545): URI: //
12-09 08:22:28.626 I/System.out(16545): params: {json={"command":"set_selection","arguments":[-1,-1]}
12-09 08:22:28.626 I/System.out(16545): }
12-09 08:22:28.626 I/System.out(16545): header: {date=Sun, 09 Dec 2018 08:22:28 GMT, accept=*/*, content-length=47, host=127.0.0.1:34777, user-agent=HTTPClient/1.0 (2.8.3, ruby 2.3.1 (2016-04-26)), content-type=application/json;charset=utf-8}
12-09 08:22:28.626 I/System.out(16545): params: {json={"command":"set_selection","arguments":[-1,-1]}
12-09 08:22:28.626 I/System.out(16545): }
12-09 08:22:28.626 I/System.out(16545): ProP json = {"command":"set_selection","arguments":[-1,-1]}
12-09 08:22:28.626 I/System.out(16545): files: {}
12-09 08:22:28.626 I/System.out(16545): command: {"command":"set_selection","arguments":[-1,-1]}
12-09 08:22:28.627 I/InstrumentationBackend(16545): Got command:'Command:'Line:null,set_selection', arguments:'[-1, -1]'
12-09 08:22:28.871 I/System.out(16545): result:{"bonusInformation":[],"message":"","success":true}
12-09 08:22:28.929 D/gralloc_ranchu( 1223): gralloc_alloc: Creating ashmem region of size 3686400
12-09 08:22:29.454 I/System.out(16545): URI: //
12-09 08:22:29.454 I/System.out(16545): params: {json={"command":"keyboard_enter_text","arguments":["000"]}
12-09 08:22:29.454 I/System.out(16545): }
12-09 08:22:29.454 I/System.out(16545): header: {date=Sun, 09 Dec 2018 08:22:29 GMT, accept=*/*, content-length=53, host=127.0.0.1:34777, user-agent=HTTPClient/1.0 (2.8.3, ruby 2.3.1 (2016-04-26)), content-type=application/json;charset=utf-8}
12-09 08:22:29.454 I/System.out(16545): params: {json={"command":"keyboard_enter_text","arguments":["000"]}
12-09 08:22:29.454 I/System.out(16545): }
12-09 08:22:29.454 I/System.out(16545): ProP json = {"command":"keyboard_enter_text","arguments":["000"]}
12-09 08:22:29.454 I/System.out(16545): files: {}
12-09 08:22:29.454 I/System.out(16545): command: {"command":"keyboard_enter_text","arguments":["000"]}
12-09 08:22:29.456 I/InstrumentationBackend(16545): Got command:'Command:'Line:null,keyboard_enter_text', arguments:'[000]'
12-09 08:22:29.497 E/SpannableStringBuilder(16545): SPAN_EXCLUSIVE_EXCLUSIVE spans cannot have a zero length
12-09 08:22:29.497 E/SpannableStringBuilder(16545): SPAN_EXCLUSIVE_EXCLUSIVE spans cannot have a zero length
12-09 08:22:29.507 E/SpannableStringBuilder(16545): SPAN_EXCLUSIVE_EXCLUSIVE spans cannot have a zero length
12-09 08:22:29.507 E/SpannableStringBuilder(16545): SPAN_EXCLUSIVE_EXCLUSIVE spans cannot have a zero length
12-09 08:22:29.544 I/System.out(16545): result:{"bonusInformation":[],"message":"","success":true}
12-09 08:22:29.614 I/System.out(16545): URI: //map
12-09 08:22:29.614 I/System.out(16545): params: {json={"query":"android.widget.Button index:2","operation":{"method_name":"query","arguments":[]}}
12-09 08:22:29.614 I/System.out(16545): }
12-09 08:22:29.802 I/art     (16545): Background sticky concurrent mark sweep GC freed 24190(945KB) AllocSpace objects, 1(20KB) LOS objects, 0% free, 3MB/3MB, paused 1.110ms total 107.732ms
12-09 08:22:29.865 I/System.out(16545): URI: //gesture
12-09 08:22:29.866 I/System.out(16545): params: {json={"query_timeout":5.0,"gestures":[{"query_string":"android.widget.Button index:2","touches":[{"x":50,"y":50,"offset_x":0,"offset_y":0,"wait":0.0,"time":0.2,"release":true,"query_string":null}]}]}
12-09 08:22:29.866 I/System.out(16545): }
12-09 08:22:30.285 D/AudioFlinger( 1307): mixer(0xf4340000) throttle end: throttle time(22)
12-09 08:22:30.321 W/audio_hw_generic( 1307): Hardware backing HAL too slow, could only write 0 of 661 frames
12-09 08:22:30.321 W/audio_hw_generic( 1307): Hardware backing HAL too slow, could only write 0 of 661 frames
12-09 08:22:30.336 W/audio_hw_generic( 1307): Hardware backing HAL too slow, could only write 0 of 661 frames
12-09 08:22:30.353 W/audio_hw_generic( 1307): Hardware backing HAL too slow, could only write 0 of 661 frames
12-09 08:22:30.367 I/art     (16545): Background sticky concurrent mark sweep GC freed 36188(1498KB) AllocSpace objects, 1(20KB) LOS objects, 15% free, 2MB/3MB, paused 9.607ms total 120.215ms
12-09 08:22:30.413 I/LatinIME( 1879): Starting input. Cursor position = 0,0
12-09 08:22:30.756 W/audio_hw_generic( 1307): Hardware backing HAL too slow, could only write 0 of 661 frames
12-09 08:22:30.775 W/audio_hw_generic( 1307): Hardware backing HAL too slow, could only write 0 of 661 frames
12-09 08:22:30.785 W/audio_hw_generic( 1307): Hardware backing HAL too slow, could only write 0 of 661 frames
12-09 08:22:30.801 W/audio_hw_generic( 1307): Hardware backing HAL too slow, could only write 0 of 661 frames
12-09 08:22:30.829 W/audio_hw_generic( 1307): Hardware backing HAL too slow, could only write 0 of 661 frames
12-09 08:22:30.845 W/audio_hw_generic( 1307): Hardware backing HAL too slow, could only write 0 of 661 frames
12-09 08:22:30.859 W/audio_hw_generic( 1307): Hardware backing HAL too slow, could only write 0 of 661 frames
12-09 08:22:30.882 W/audio_hw_generic( 1307): Hardware backing HAL too slow, could only write 0 of 661 frames
12-09 08:22:30.883 D/gralloc_ranchu( 1223): gralloc_alloc: Creating ashmem region of size 45056
12-09 08:22:30.906 W/audio_hw_generic( 1307): Not supplying enough data to HAL, expected position 32726129 , only wrote 32726110
12-09 08:22:30.906 W/audio_hw_generic( 1307): Not supplying enough data to HAL, expected position 32726118 , only wrote 32726110
12-09 08:22:30.926 W/audio_hw_generic( 1307): Not supplying enough data to HAL, expected position 32726974 , only wrote 32726771
12-09 08:22:30.942 E/SurfaceFlinger( 1223): ro.sf.lcd_density must be defined as a build property
12-09 08:22:30.950 D/gralloc_ranchu( 1223): gralloc_alloc: Creating ashmem region of size 3686400
12-09 08:22:31.045 W/audio_hw_generic( 1307): Not supplying enough data to HAL, expected position 32732022 , only wrote 32730076
12-09 08:22:31.045 W/audio_hw_generic( 1307): Not supplying enough data to HAL, expected position 32730083 , only wrote 32730076
12-09 08:22:31.072 W/audio_hw_generic( 1307): Not supplying enough data to HAL, expected position 32731260 , only wrote 32730737
12-09 08:22:31.107 D/        (16579): HostConnection::get() New Host Connection established 0x7fb1c38d2480, tid 16579
12-09 08:22:31.123 W/audio_hw_generic( 1307): Hardware backing HAL too slow, could only write 0 of 661 frames
12-09 08:22:31.145 E/EGL_emulation( 1223): tid 1223: eglCreateSyncKHR(1881): error 0x3004 (EGL_BAD_ATTRIBUTE)
12-09 08:22:31.385 W/audio_hw_generic( 1307): Hardware backing HAL too slow, could only write 0 of 661 frames
12-09 08:22:31.400 W/audio_hw_generic( 1307): Hardware backing HAL too slow, could only write 0 of 661 frames
12-09 08:22:31.445 W/audio_hw_generic( 1307): Not supplying enough data to HAL, expected position 32747201 , only wrote 32746601
12-09 08:22:31.445 W/audio_hw_generic( 1307): Not supplying enough data to HAL, expected position 32746609 , only wrote 32746601
12-09 08:22:31.445 W/audio_hw_generic( 1307): Hardware backing HAL too slow, could only write 0 of 661 frames
12-09 08:22:31.460 W/audio_hw_generic( 1307): Not supplying enough data to HAL, expected position 32747265 , only wrote 32747262
12-09 08:22:31.460 W/audio_hw_generic( 1307): Hardware backing HAL too slow, could only write 0 of 661 frames
12-09 08:22:31.461 W/audio_hw_generic( 1307): Hardware backing HAL too slow, could only write 0 of 661 frames
12-09 08:22:31.476 W/audio_hw_generic( 1307): Hardware backing HAL too slow, could only write 0 of 661 frames
12-09 08:22:31.492 W/audio_hw_generic( 1307): Hardware backing HAL too slow, could only write 0 of 661 frames
12-09 08:22:31.509 W/audio_hw_generic( 1307): Hardware backing HAL too slow, could only write 0 of 661 frames
12-09 08:22:31.700 W/audio_hw_generic( 1307): Not supplying enough data to HAL, expected position 32757856 , only wrote 32757838
12-09 08:22:31.701 W/audio_hw_generic( 1307): Not supplying enough data to HAL, expected position 32757846 , only wrote 32757838
12-09 08:22:31.719 W/audio_hw_generic( 1307): Not supplying enough data to HAL, expected position 32758665 , only wrote 32758499
12-09 08:22:31.719 W/audio_hw_generic( 1307): Hardware backing HAL too slow, could only write 0 of 661 frames
12-09 08:22:31.720 W/audio_hw_generic( 1307): Hardware backing HAL too slow, could only write 0 of 661 frames
12-09 08:22:31.749 W/audio_hw_generic( 1307): Hardware backing HAL too slow, could only write 0 of 661 frames
12-09 08:22:31.764 W/audio_hw_generic( 1307): Hardware backing HAL too slow, could only write 0 of 661 frames
12-09 08:22:31.786 I/Choreographer( 1879): Skipped 82 frames!  The application may be doing too much work on its main thread.
12-09 08:22:31.793 W/audio_hw_generic( 1307): Hardware backing HAL too slow, could only write 0 of 661 frames
12-09 08:22:31.794 W/audio_hw_generic( 1307): Hardware backing HAL too slow, could only write 0 of 661 frames
12-09 08:22:32.045 W/audio_hw_generic( 1307): Not supplying enough data to HAL, expected position 32772877 , only wrote 32772380
12-09 08:22:32.046 W/audio_hw_generic( 1307): Not supplying enough data to HAL, expected position 32772387 , only wrote 32772380
12-09 08:22:32.094 W/audio_hw_generic( 1307): Not supplying enough data to HAL, expected position 32774499 , only wrote 32773702
12-09 08:22:32.094 W/audio_hw_generic( 1307): Not supplying enough data to HAL, expected position 32773709 , only wrote 32773702
12-09 08:22:32.115 W/audio_hw_generic( 1307): Not supplying enough data to HAL, expected position 32774655 , only wrote 32774363
12-09 08:22:32.194 I/System.out(16545): URI: //map
12-09 08:22:32.194 I/System.out(16545): params: {json={"query":"android.widget.EditText id:'volume'","operation":{"method_name":"query","arguments":[]}}
12-09 08:22:32.194 I/System.out(16545): }
12-09 08:22:32.288 W/ResourceType(16545): No package identifier when getting name for resource number 0x00000001
12-09 08:22:32.334 I/art     (16545): Background sticky concurrent mark sweep GC freed 23395(1154KB) AllocSpace objects, 2(40KB) LOS objects, 20% free, 2MB/3MB, paused 8.934ms total 124.127ms
12-09 08:22:32.468 I/System.out(16545): URI: //gesture
12-09 08:22:32.468 I/System.out(16545): params: {json={"query_timeout":5.0,"gestures":[{"query_string":"android.widget.EditText id:'volume'","touches":[{"x":50,"y":50,"offset_x":0,"offset_y":0,"wait":0.0,"time":0.2,"release":true,"query_string":null}]}]}
12-09 08:22:32.468 I/System.out(16545): }
12-09 08:22:32.527 W/ResourceType(16545): No package identifier when getting name for resource number 0x00000001
12-09 08:22:32.533 W/audio_hw_generic( 1307): Hardware backing HAL too slow, could only write 0 of 661 frames
12-09 08:22:32.877 W/audio_hw_generic( 1307): Not supplying enough data to HAL, expected position 32807948 , only wrote 32805430
12-09 08:22:32.877 W/audio_hw_generic( 1307): Not supplying enough data to HAL, expected position 32805438 , only wrote 32805430
12-09 08:22:32.893 W/audio_hw_generic( 1307): Not supplying enough data to HAL, expected position 32806133 , only wrote 32806091
12-09 08:22:32.933 W/audio_hw_generic( 1307): Hardware backing HAL too slow, could only write 0 of 661 frames
12-09 08:22:33.273 W/audio_hw_generic( 1307): Hardware backing HAL too slow, could only write 0 of 661 frames
12-09 08:22:33.319 W/audio_hw_generic( 1307): Not supplying enough data to HAL, expected position 32824870 , only wrote 32824599
12-09 08:22:33.319 W/audio_hw_generic( 1307): Not supplying enough data to HAL, expected position 32824607 , only wrote 32824599
12-09 08:22:33.343 W/audio_hw_generic( 1307): Not supplying enough data to HAL, expected position 32825586 , only wrote 32825260
12-09 08:22:33.392 W/audio_hw_generic( 1307): Not supplying enough data to HAL, expected position 32828529 , only wrote 32826582
12-09 08:22:33.532 I/System.out(16545): URI: //
12-09 08:22:33.532 I/System.out(16545): params: {json={"command":"set_selection","arguments":[-1,-1]}
12-09 08:22:33.532 I/System.out(16545): }
12-09 08:22:33.533 I/System.out(16545): header: {date=Sun, 09 Dec 2018 08:22:33 GMT, accept=*/*, content-length=47, host=127.0.0.1:34777, user-agent=HTTPClient/1.0 (2.8.3, ruby 2.3.1 (2016-04-26)), content-type=application/json;charset=utf-8}
12-09 08:22:33.533 I/System.out(16545): params: {json={"command":"set_selection","arguments":[-1,-1]}
12-09 08:22:33.533 I/System.out(16545): }
12-09 08:22:33.533 I/System.out(16545): ProP json = {"command":"set_selection","arguments":[-1,-1]}
12-09 08:22:33.533 I/System.out(16545): files: {}
12-09 08:22:33.533 I/System.out(16545): command: {"command":"set_selection","arguments":[-1,-1]}
12-09 08:22:33.534 I/InstrumentationBackend(16545): Got command:'Command:'Line:null,set_selection', arguments:'[-1, -1]'
12-09 08:22:33.556 I/System.out(16545): result:{"bonusInformation":[],"message":"","success":true}
12-09 08:22:33.714 I/art     (16545): Background sticky concurrent mark sweep GC freed 18896(985KB) AllocSpace objects, 4(80KB) LOS objects, 27% free, 2MB/3MB, paused 13.530ms total 157.221ms
12-09 08:22:33.798 I/System.out(16545): URI: //
12-09 08:22:33.798 I/System.out(16545): params: {json={"command":"keyboard_enter_text","arguments":["000"]}
12-09 08:22:33.798 I/System.out(16545): }
12-09 08:22:33.798 I/System.out(16545): header: {date=Sun, 09 Dec 2018 08:22:34 GMT, accept=*/*, content-length=53, host=127.0.0.1:34777, user-agent=HTTPClient/1.0 (2.8.3, ruby 2.3.1 (2016-04-26)), content-type=application/json;charset=utf-8}
12-09 08:22:33.798 I/System.out(16545): params: {json={"command":"keyboard_enter_text","arguments":["000"]}
12-09 08:22:33.798 I/System.out(16545): }
12-09 08:22:33.798 I/System.out(16545): ProP json = {"command":"keyboard_enter_text","arguments":["000"]}
12-09 08:22:33.798 I/System.out(16545): files: {}
12-09 08:22:33.798 I/System.out(16545): command: {"command":"keyboard_enter_text","arguments":["000"]}
12-09 08:22:33.799 I/InstrumentationBackend(16545): Got command:'Command:'Line:null,keyboard_enter_text', arguments:'[000]'
12-09 08:22:33.800 E/SpannableStringBuilder(16545): SPAN_EXCLUSIVE_EXCLUSIVE spans cannot have a zero length
12-09 08:22:33.800 E/SpannableStringBuilder(16545): SPAN_EXCLUSIVE_EXCLUSIVE spans cannot have a zero length
12-09 08:22:33.814 E/SpannableStringBuilder(16545): SPAN_EXCLUSIVE_EXCLUSIVE spans cannot have a zero length
12-09 08:22:33.814 E/SpannableStringBuilder(16545): SPAN_EXCLUSIVE_EXCLUSIVE spans cannot have a zero length
12-09 08:22:33.834 I/System.out(16545): result:{"bonusInformation":[],"message":"","success":true}
12-09 08:22:33.886 I/System.out(16545): URI: //map
12-09 08:22:33.886 I/System.out(16545): params: {json={"query":"android.widget.Button index:2","operation":{"method_name":"query","arguments":[]}}
12-09 08:22:33.886 I/System.out(16545): }
12-09 08:22:34.217 I/art     (16545): Background partial concurrent mark sweep GC freed 27903(1435KB) AllocSpace objects, 8(160KB) LOS objects, 39% free, 3MB/5MB, paused 2.280ms total 301.036ms
12-09 08:22:34.393 I/System.out(16545): URI: //gesture
12-09 08:22:34.393 I/System.out(16545): params: {json={"query_timeout":5.0,"gestures":[{"query_string":"android.widget.Button index:2","touches":[{"x":50,"y":50,"offset_x":0,"offset_y":0,"wait":0.0,"time":0.2,"release":true,"query_string":null}]}]}
12-09 08:22:34.393 I/System.out(16545): }
12-09 08:22:35.199 I/LatinIME( 1879): Starting input. Cursor position = 0,0
12-09 08:22:35.217 W/art     (16545): Suspending all threads took: 19.231ms
12-09 08:22:35.227 W/audio_hw_generic( 1307): Hardware backing HAL too slow, could only write 0 of 661 frames
12-09 08:22:35.250 W/audio_hw_generic( 1307): Hardware backing HAL too slow, could only write 0 of 661 frames
12-09 08:22:35.265 W/audio_hw_generic( 1307): Hardware backing HAL too slow, could only write 0 of 661 frames
12-09 08:22:35.338 I/art     (16545): Background sticky concurrent mark sweep GC freed 80760(3MB) AllocSpace objects, 2(40KB) LOS objects, 51% free, 2MB/5MB, paused 20.541ms total 232.346ms
12-09 08:22:35.355 W/audio_hw_generic( 1307): Hardware backing HAL too slow, could only write 0 of 661 frames
12-09 08:22:35.385 W/audio_hw_generic( 1307): Hardware backing HAL too slow, could only write 0 of 661 frames
12-09 08:22:35.397 W/audio_hw_generic( 1307): Hardware backing HAL too slow, could only write 0 of 661 frames
12-09 08:22:35.421 W/audio_hw_generic( 1307): Hardware backing HAL too slow, could only write 0 of 661 frames
12-09 08:22:35.423 D/gralloc_ranchu( 1223): gralloc_alloc: Creating ashmem region of size 49152
12-09 08:22:35.493 W/audio_hw_generic( 1307): Hardware backing HAL too slow, could only write 0 of 661 frames
12-09 08:22:35.512 W/audio_hw_generic( 1307): Hardware backing HAL too slow, could only write 0 of 661 frames
12-09 08:22:35.529 W/audio_hw_generic( 1307): Hardware backing HAL too slow, could only write 0 of 661 frames
12-09 08:22:35.542 W/audio_hw_generic( 1307): Hardware backing HAL too slow, could only write 0 of 661 frames
12-09 08:22:35.557 W/audio_hw_generic( 1307): Hardware backing HAL too slow, could only write 0 of 661 frames
12-09 08:22:35.593 W/audio_hw_generic( 1307): Hardware backing HAL too slow, could only write 0 of 661 frames
12-09 08:22:35.594 W/audio_hw_generic( 1307): Not supplying enough data to HAL, expected position 32844775 , only wrote 32844429
12-09 08:22:35.594 W/audio_hw_generic( 1307): Not supplying enough data to HAL, expected position 32844435 , only wrote 32844429
12-09 08:22:35.594 W/audio_hw_generic( 1307): Hardware backing HAL too slow, could only write 0 of 661 frames
12-09 08:22:35.610 W/audio_hw_generic( 1307): Not supplying enough data to HAL, expected position 32845137 , only wrote 32845090
12-09 08:22:35.610 W/audio_hw_generic( 1307): Hardware backing HAL too slow, could only write 0 of 661 frames
12-09 08:22:35.610 W/audio_hw_generic( 1307): Hardware backing HAL too slow, could only write 0 of 661 frames
12-09 08:22:35.649 W/audio_hw_generic( 1307): Not supplying enough data to HAL, expected position 32846824 , only wrote 32846412
12-09 08:22:35.649 W/audio_hw_generic( 1307): Hardware backing HAL too slow, could only write 0 of 661 frames
12-09 08:22:35.669 W/audio_hw_generic( 1307): Hardware backing HAL too slow, could only write 0 of 661 frames
12-09 08:22:35.714 W/audio_hw_generic( 1307): Hardware backing HAL too slow, could only write 0 of 661 frames
12-09 08:22:35.714 W/audio_hw_generic( 1307): Not supplying enough data to HAL, expected position 32849268 , only wrote 32849056
12-09 08:22:35.714 W/audio_hw_generic( 1307): Not supplying enough data to HAL, expected position 32849062 , only wrote 32849056
12-09 08:22:35.765 W/audio_hw_generic( 1307): Not supplying enough data to HAL, expected position 32851308 , only wrote 32849717
12-09 08:22:35.765 W/audio_hw_generic( 1307): Hardware backing HAL too slow, could only write 0 of 661 frames
12-09 08:22:35.780 W/audio_hw_generic( 1307): Hardware backing HAL too slow, could only write 0 of 661 frames
12-09 08:22:35.795 W/audio_hw_generic( 1307): Hardware backing HAL too slow, could only write 0 of 661 frames
12-09 08:22:35.813 W/audio_hw_generic( 1307): Hardware backing HAL too slow, could only write 0 of 661 frames
12-09 08:22:35.833 W/audio_hw_generic( 1307): Hardware backing HAL too slow, could only write 0 of 661 frames
12-09 08:22:35.840 W/audio_hw_generic( 1307): Hardware backing HAL too slow, could only write 0 of 661 frames
12-09 08:22:35.881 E/SurfaceFlinger( 1223): ro.sf.lcd_density must be defined as a build property
12-09 08:22:35.974 D/gralloc_ranchu( 1223): gralloc_alloc: Creating ashmem region of size 3686400
12-09 08:22:36.003 D/        (16591): HostConnection::get() New Host Connection established 0x7f627d2d2480, tid 16591
12-09 08:22:36.032 E/EGL_emulation( 1223): tid 1223: eglCreateSyncKHR(1881): error 0x3004 (EGL_BAD_ATTRIBUTE)
12-09 08:22:36.126 W/audio_hw_generic( 1307): Hardware backing HAL too slow, could only write 0 of 661 frames
12-09 08:22:36.299 W/art     ( 1591): Long monitor contention event with owner method=void com.android.server.wm.WindowAnimator$1.doFrame(long) from WindowAnimator.java:121 waiters=0 for 171ms
12-09 08:22:36.311 I/Choreographer( 1879): Skipped 70 frames!  The application may be doing too much work on its main thread.
12-09 08:22:36.621 W/audio_hw_generic( 1307): Hardware backing HAL too slow, could only write 0 of 661 frames
12-09 08:22:36.705 W/audio_hw_generic( 1307): Not supplying enough data to HAL, expected position 32891143 , only wrote 32890699
12-09 08:22:36.706 W/audio_hw_generic( 1307): Not supplying enough data to HAL, expected position 32890747 , only wrote 32890699
12-09 08:22:36.737 W/audio_hw_generic( 1307): Not supplying enough data to HAL, expected position 32892068 , only wrote 32891360
12-09 08:22:36.918 W/audio_hw_generic( 1307): Not supplying enough data to HAL, expected position 32899342 , only wrote 32899292
12-09 08:22:37.113 I/System.out(16545): URI: //map
12-09 08:22:37.113 I/System.out(16545): params: {json={"query":"android.widget.EditText id:'odometer'","operation":{"method_name":"query","arguments":[]}}
12-09 08:22:37.113 I/System.out(16545): }
12-09 08:22:37.152 W/ResourceType(16545): No package identifier when getting name for resource number 0x00000001
12-09 08:22:37.247 W/audio_hw_generic( 1307): Not supplying enough data to HAL, expected position 32913825 , only wrote 32911851
12-09 08:22:37.247 W/audio_hw_generic( 1307): Not supplying enough data to HAL, expected position 32911861 , only wrote 32911851
12-09 08:22:37.265 W/audio_hw_generic( 1307): Not supplying enough data to HAL, expected position 32912635 , only wrote 32912512
12-09 08:22:37.268 I/System.out(16545): URI: //gesture
12-09 08:22:37.268 I/System.out(16545): params: {json={"query_timeout":5.0,"gestures":[{"query_string":"android.widget.EditText id:'odometer'","touches":[{"x":50,"y":50,"offset_x":0,"offset_y":0,"wait":0.0,"time":0.2,"release":true,"query_string":null}]}]}
12-09 08:22:37.268 I/System.out(16545): }
12-09 08:22:37.360 W/ResourceType(16545): No package identifier when getting name for resource number 0x00000001
12-09 08:22:37.609 W/audio_hw_generic( 1307): Not supplying enough data to HAL, expected position 32927694 , only wrote 32927054
12-09 08:22:37.610 W/audio_hw_generic( 1307): Not supplying enough data to HAL, expected position 32927061 , only wrote 32927054
12-09 08:22:37.633 W/audio_hw_generic( 1307): Not supplying enough data to HAL, expected position 32928069 , only wrote 32927715
12-09 08:22:37.693 W/audio_hw_generic( 1307): Hardware backing HAL too slow, could only write 0 of 661 frames
12-09 08:22:37.713 W/audio_hw_generic( 1307): Hardware backing HAL too slow, could only write 0 of 661 frames
12-09 08:22:37.722 W/audio_hw_generic( 1307): Hardware backing HAL too slow, could only write 0 of 661 frames
12-09 08:22:37.815 W/audio_hw_generic( 1307): Hardware backing HAL too slow, could only write 0 of 661 frames
12-09 08:22:38.016 W/audio_hw_generic( 1307): Not supplying enough data to HAL, expected position 32944599 , only wrote 32938291
12-09 08:22:38.036 W/audio_hw_generic( 1307): Not supplying enough data to HAL, expected position 32939191 , only wrote 32938952
12-09 08:22:38.036 W/audio_hw_generic( 1307): Not supplying enough data to HAL, expected position 32938959 , only wrote 32938952
12-09 08:22:38.088 W/audio_hw_generic( 1307): Hardware backing HAL too slow, could only write 0 of 661 frames
12-09 08:22:38.186 W/audio_hw_generic( 1307): Hardware backing HAL too slow, could only write 0 of 661 frames
12-09 08:22:38.193 W/audio_hw_generic( 1307): Hardware backing HAL too slow, could only write 0 of 661 frames
12-09 08:22:38.286 I/System.out(16545): URI: //
12-09 08:22:38.286 I/System.out(16545): params: {json={"command":"set_selection","arguments":[-1,-1]}
12-09 08:22:38.286 I/System.out(16545): }
12-09 08:22:38.286 I/System.out(16545): header: {date=Sun, 09 Dec 2018 08:22:38 GMT, accept=*/*, content-length=47, host=127.0.0.1:34777, user-agent=HTTPClient/1.0 (2.8.3, ruby 2.3.1 (2016-04-26)), content-type=application/json;charset=utf-8}
12-09 08:22:38.286 I/System.out(16545): params: {json={"command":"set_selection","arguments":[-1,-1]}
12-09 08:22:38.286 I/System.out(16545): }
12-09 08:22:38.286 I/System.out(16545): ProP json = {"command":"set_selection","arguments":[-1,-1]}
12-09 08:22:38.286 I/System.out(16545): files: {}
12-09 08:22:38.286 I/System.out(16545): command: {"command":"set_selection","arguments":[-1,-1]}
12-09 08:22:38.287 I/InstrumentationBackend(16545): Got command:'Command:'Line:null,set_selection', arguments:'[-1, -1]'
12-09 08:22:38.314 W/audio_hw_generic( 1307): Not supplying enough data to HAL, expected position 32962164 , only wrote 32950850
12-09 08:22:38.320 I/System.out(16545): result:{"bonusInformation":[],"message":"","success":true}
12-09 08:22:38.494 I/System.out(16545): URI: //
12-09 08:22:38.494 I/System.out(16545): params: {json={"command":"keyboard_enter_text","arguments":["000"]}
12-09 08:22:38.494 I/System.out(16545): }
12-09 08:22:38.494 I/System.out(16545): header: {date=Sun, 09 Dec 2018 08:22:38 GMT, accept=*/*, content-length=53, host=127.0.0.1:34777, user-agent=HTTPClient/1.0 (2.8.3, ruby 2.3.1 (2016-04-26)), content-type=application/json;charset=utf-8}
12-09 08:22:38.494 I/System.out(16545): params: {json={"command":"keyboard_enter_text","arguments":["000"]}
12-09 08:22:38.494 I/System.out(16545): }
12-09 08:22:38.494 I/System.out(16545): ProP json = {"command":"keyboard_enter_text","arguments":["000"]}
12-09 08:22:38.494 I/System.out(16545): files: {}
12-09 08:22:38.494 I/System.out(16545): command: {"command":"keyboard_enter_text","arguments":["000"]}
12-09 08:22:38.496 I/InstrumentationBackend(16545): Got command:'Command:'Line:null,keyboard_enter_text', arguments:'[000]'
12-09 08:22:38.496 E/SpannableStringBuilder(16545): SPAN_EXCLUSIVE_EXCLUSIVE spans cannot have a zero length
12-09 08:22:38.496 E/SpannableStringBuilder(16545): SPAN_EXCLUSIVE_EXCLUSIVE spans cannot have a zero length
12-09 08:22:38.542 E/SpannableStringBuilder(16545): SPAN_EXCLUSIVE_EXCLUSIVE spans cannot have a zero length
12-09 08:22:38.542 E/SpannableStringBuilder(16545): SPAN_EXCLUSIVE_EXCLUSIVE spans cannot have a zero length
12-09 08:22:38.578 I/System.out(16545): result:{"bonusInformation":[],"message":"","success":true}
12-09 08:22:38.680 I/art     (16545): Background sticky concurrent mark sweep GC freed 59971(2MB) AllocSpace objects, 6(120KB) LOS objects, 50% free, 2MB/5MB, paused 1.246ms total 132.145ms
12-09 08:22:38.681 I/System.out(16545): URI: //map
12-09 08:22:38.681 I/System.out(16545): params: {json={"query":"android.widget.Button index:2","operation":{"method_name":"query","arguments":[]}}
12-09 08:22:38.681 I/System.out(16545): }
12-09 08:22:38.890 I/System.out(16545): URI: //gesture
12-09 08:22:38.890 I/System.out(16545): params: {json={"query_timeout":5.0,"gestures":[{"query_string":"android.widget.Button index:2","touches":[{"x":50,"y":50,"offset_x":0,"offset_y":0,"wait":0.0,"time":0.2,"release":true,"query_string":null}]}]}
12-09 08:22:38.890 I/System.out(16545): }
12-09 08:22:39.005 I/art     (16545): Background sticky concurrent mark sweep GC freed 64964(2MB) AllocSpace objects, 5(100KB) LOS objects, 49% free, 2MB/5MB, paused 5.653ms total 100.235ms
12-09 08:22:39.306 D/AudioFlinger( 1307): mixer(0xf4340000) throttle end: throttle time(11)
12-09 08:22:39.317 W/audio_hw_generic( 1307): Hardware backing HAL too slow, could only write 0 of 661 frames
12-09 08:22:39.329 W/audio_hw_generic( 1307): Hardware backing HAL too slow, could only write 0 of 661 frames
12-09 08:22:39.355 W/audio_hw_generic( 1307): Hardware backing HAL too slow, could only write 0 of 661 frames
12-09 08:22:39.361 W/audio_hw_generic( 1307): Hardware backing HAL too slow, could only write 0 of 661 frames
