--------- beginning of system
12-09 07:47:52.042 W/ActivityManager( 1592): Finishing task with all activities already finished
12-09 07:47:52.053 W/ActivityManager( 1592): Duplicate finish request for ActivityRecord{cf3cb9a u0 com.evancharlton.mileage/.Mileage t355 f}
12-09 07:47:52.055 W/ActivityManager( 1592): Finishing task with all activities already finished
12-09 07:47:52.055 W/ActivityManager( 1592): Duplicate finish request for ActivityRecord{cf3cb9a u0 com.evancharlton.mileage/.Mileage t355 f}
12-09 07:47:52.056 W/ActivityManager( 1592): Finishing task with all activities already finished
12-09 07:47:52.056 W/ActivityManager( 1592): Duplicate finish request for ActivityRecord{cf3cb9a u0 com.evancharlton.mileage/.Mileage t355 f}
12-09 07:47:52.056 W/ActivityManager( 1592): Finishing task with all activities already finished
12-09 07:47:52.056 W/ActivityManager( 1592): Duplicate finish request for ActivityRecord{cf3cb9a u0 com.evancharlton.mileage/.Mileage t355 f}
12-09 07:47:52.056 W/ActivityManager( 1592): Finishing task with all activities already finished
12-09 07:47:52.056 W/ActivityManager( 1592): Duplicate finish request for ActivityRecord{cf3cb9a u0 com.evancharlton.mileage/.Mileage t355 f}
12-09 07:47:52.056 W/ActivityManager( 1592): Finishing task with all activities already finished
12-09 07:47:52.056 W/ActivityManager( 1592): Duplicate finish request for ActivityRecord{cf3cb9a u0 com.evancharlton.mileage/.Mileage t355 f}
12-09 07:47:52.056 W/ActivityManager( 1592): Finishing task with all activities already finished
12-09 07:47:52.056 W/ActivityManager( 1592): Duplicate finish request for ActivityRecord{cf3cb9a u0 com.evancharlton.mileage/.Mileage t355 f}
12-09 07:47:52.056 W/ActivityManager( 1592): Finishing task with all activities already finished
12-09 07:47:52.057 W/ActivityManager( 1592): Duplicate finish request for ActivityRecord{cf3cb9a u0 com.evancharlton.mileage/.Mileage t355 f}
12-09 07:47:52.057 W/ActivityManager( 1592): Finishing task with all activities already finished
12-09 07:47:52.057 W/ActivityManager( 1592): Duplicate finish request for ActivityRecord{cf3cb9a u0 com.evancharlton.mileage/.Mileage t355 f}
12-09 07:47:52.057 W/ActivityManager( 1592): Finishing task with all activities already finished
12-09 07:47:52.057 W/ActivityManager( 1592): Duplicate finish request for ActivityRecord{cf3cb9a u0 com.evancharlton.mileage/.Mileage t355 f}
12-09 07:47:52.057 W/ActivityManager( 1592): Finishing task with all activities already finished
12-09 07:47:52.057 W/ActivityManager( 1592): Duplicate finish request for ActivityRecord{cf3cb9a u0 com.evancharlton.mileage/.Mileage t355 f}
--------- beginning of main
12-09 07:47:52.140 I/art     ( 1592): Background partial concurrent mark sweep GC freed 1382(109KB) AllocSpace objects, 1(20KB) LOS objects, 30% free, 9MB/13MB, paused 1.411ms total 268.078ms
12-09 07:47:52.181 D/EGL_emulation( 1930): eglMakeCurrent: 0x7f49d5735040: ver 2 0 (tinfo 0x7f49d13fe020)
12-09 07:47:52.745 W/art     ( 1592): Long monitor contention event with owner method=void com.android.server.wm.WindowAnimator$1.doFrame(long) from WindowAnimator.java:121 waiters=1 for 229ms
12-09 07:47:52.755 I/Choreographer( 1930): Skipped 33 frames!  The application may be doing too much work on its main thread.
12-09 07:47:52.826 D/AndroidRuntime( 6733): >>>>>> START com.android.internal.os.RuntimeInit uid 0 <<<<<<
12-09 07:47:52.828 D/AndroidRuntime( 6733): CheckJNI is ON
12-09 07:47:52.909 D/ICU     ( 6733): No timezone override file found: /data/misc/zoneinfo/current/icu/icu_tzdata.dat
12-09 07:47:53.069 E/memtrack( 6733): Couldn't load memtrack module (No such file or directory)
12-09 07:47:53.069 E/android.os.Debug( 6733): failed to load memtrack module: -2
12-09 07:47:53.070 I/Radio-JNI( 6733): register_android_hardware_Radio DONE
12-09 07:47:53.185 W/art     ( 1592): Long monitor contention event with owner method=void com.android.server.wm.WindowAnimator$1.doFrame(long) from WindowAnimator.java:121 waiters=1 for 132ms
12-09 07:47:53.187 D/AndroidRuntime( 6733): Calling main entry com.android.commands.am.Am
12-09 07:47:53.493 W/art     ( 1592): Long monitor contention event with owner method=void com.android.server.wm.WindowAnimator$1.doFrame(long) from WindowAnimator.java:121 waiters=1 for 256ms
12-09 07:47:53.700 W/art     ( 1592): Long monitor contention event with owner method=void com.android.server.wm.WindowAnimator$1.doFrame(long) from WindowAnimator.java:121 waiters=1 for 206ms
12-09 07:47:53.701 I/Choreographer( 1930): Skipped 56 frames!  The application may be doing too much work on its main thread.
12-09 07:47:53.707 W/art     ( 1592): Long monitor contention event with owner method=void com.android.server.wm.WindowAnimator$1.doFrame(long) from WindowAnimator.java:121 waiters=1 for 417ms
12-09 07:47:53.711 W/art     ( 1592): Long monitor contention event with owner method=java.util.List com.android.server.am.ActivityManagerService.getAllStackInfos() from ActivityManagerService.java:8937 waiters=0 for 521ms
12-09 07:47:53.711 I/ActivityManager( 1592): Force stopping com.evancharlton.mileage appid=10119 user=0: start instr
12-09 07:47:53.711 I/ActivityManager( 1592): Killing 6686:com.evancharlton.mileage/u0a119 (adj 0): stop com.evancharlton.mileage
12-09 07:47:53.783 W/OpenGLRenderer( 1930): Incorrectly called buildLayer on View: ShortcutAndWidgetContainer, destroying layer...
12-09 07:47:53.991 W/ActivityManager( 1592): Crash of app com.evancharlton.mileage running instrumentation ComponentInfo{com.evancharlton.mileage.test/sh.calaba.instrumentationbackend.CalabashInstrumentationTestRunner}
12-09 07:47:53.991 I/ActivityManager( 1592): Force stopping com.evancharlton.mileage appid=10119 user=0: finished inst
12-09 07:47:53.992 I/WindowState( 1592): WIN DEATH: Window{e174887 u0 com.evancharlton.mileage/com.evancharlton.mileage.Mileage EXITING}
12-09 07:47:54.032 I/ActivityManager( 1592): Start proc 6742:com.evancharlton.mileage/u0a119 for added application com.evancharlton.mileage
12-09 07:47:54.032 W/art     ( 1592): Long monitor contention event with owner method=boolean com.android.server.am.ActivityManagerService.startInstrumentation(android.content.ComponentName, java.lang.String, int, android.os.Bundle, android.app.IInstrumentationWatcher, android.app.IUiAutomationConnection, int, java.lang.String) from ActivityManagerService.java:17066 waiters=0 for 314ms
12-09 07:47:54.069 D/AndroidRuntime( 6733): Shutting down VM
12-09 07:47:54.167 W/System  ( 6742): ClassLoader referenced unknown path: /data/app/com.evancharlton.mileage.test-1/lib/x86_64
12-09 07:47:54.167 W/System  ( 6742): ClassLoader referenced unknown path: /data/app/com.evancharlton.mileage-1/lib/x86_64
12-09 07:47:54.278 I/System.out( 6742): Main activity name automatically set to: com.evancharlton.mileage.Mileage
12-09 07:47:54.280 I/System.out( 6742): Calabash did not load Mono. This is only a problem if you are trying to test a Mono application
12-09 07:47:54.281 I/calabash( 6742): Test server port: 7102
12-09 07:47:54.282 I/InstrumentationBackend( 6742): Added:'GetPreferences', with key:'get_preferences'
12-09 07:47:54.413 W/WindowAnimator( 1592): Failed to dispatch window animation state change.
12-09 07:47:54.413 W/WindowAnimator( 1592): android.os.DeadObjectException
12-09 07:47:54.413 W/WindowAnimator( 1592): 	at android.os.BinderProxy.transactNative(Native Method)
12-09 07:47:54.413 W/WindowAnimator( 1592): 	at android.os.BinderProxy.transact(Binder.java:503)
12-09 07:47:54.413 W/WindowAnimator( 1592): 	at android.view.IWindow$Stub$Proxy.onAnimationStopped(IWindow.java:534)
12-09 07:47:54.413 W/WindowAnimator( 1592): 	at com.android.server.wm.WindowAnimator.updateWindowsLocked(WindowAnimator.java:286)
12-09 07:47:54.413 W/WindowAnimator( 1592): 	at com.android.server.wm.WindowAnimator.animateLocked(WindowAnimator.java:678)
12-09 07:47:54.413 W/WindowAnimator( 1592): 	at com.android.server.wm.WindowAnimator.-wrap0(WindowAnimator.java)
12-09 07:47:54.413 W/WindowAnimator( 1592): 	at com.android.server.wm.WindowAnimator$1.doFrame(WindowAnimator.java:123)
12-09 07:47:54.413 W/WindowAnimator( 1592): 	at android.view.Choreographer$CallbackRecord.run(Choreographer.java:856)
12-09 07:47:54.413 W/WindowAnimator( 1592): 	at android.view.Choreographer.doCallbacks(Choreographer.java:670)
12-09 07:47:54.413 W/WindowAnimator( 1592): 	at android.view.Choreographer.doFrame(Choreographer.java:603)
12-09 07:47:54.413 W/WindowAnimator( 1592): 	at android.view.Choreographer$FrameDisplayEventReceiver.run(Choreographer.java:844)
12-09 07:47:54.413 W/WindowAnimator( 1592): 	at android.os.Handler.handleCallback(Handler.java:739)
12-09 07:47:54.413 W/WindowAnimator( 1592): 	at android.os.Handler.dispatchMessage(Handler.java:95)
12-09 07:47:54.413 W/WindowAnimator( 1592): 	at android.os.Looper.loop(Looper.java:148)
12-09 07:47:54.413 W/WindowAnimator( 1592): 	at android.os.HandlerThread.run(HandlerThread.java:61)
12-09 07:47:54.413 W/WindowAnimator( 1592): 	at com.android.server.ServiceThread.run(ServiceThread.java:46)
12-09 07:47:54.518 I/InstrumentationBackend( 6742): Added:'SetPreferences', with key:'set_preferences'
12-09 07:47:54.518 I/InstrumentationBackend( 6742): Added:'ClearPreferences', with key:'clear_preferences'
12-09 07:47:54.518 I/InstrumentationBackend( 6742): Added:'PressElement', with key:'press_l10n_element'
12-09 07:47:54.518 I/InstrumentationBackend( 6742): Added:'WaitForElement', with key:'wait_for_l10n_element'
12-09 07:47:54.523 I/InstrumentationBackend( 6742): Added:'NullAction', with key:'nullAction'
12-09 07:47:54.523 I/InstrumentationBackend( 6742): Added:'PressKey', with key:'press_key'
12-09 07:47:54.523 I/InstrumentationBackend( 6742): Added:'SetActivityOrientation', with key:'set_activity_orientation'
12-09 07:47:54.523 I/InstrumentationBackend( 6742): Added:'GetActivityOrientation', with key:'get_activity_orientation'
12-09 07:47:54.524 I/InstrumentationBackend( 6742): Added:'FakeGPSLocation', with key:'set_gps_coordinates'
12-09 07:47:54.524 I/InstrumentationBackend( 6742): Added:'SetPropertyByCssSelector', with key:'set_property_by_css_selector'
12-09 07:47:54.524 I/InstrumentationBackend( 6742): Added:'GetUrl', with key:'get_url'
12-09 07:47:54.554 I/InstrumentationBackend( 6742): Added:'ScrollTo', with key:'scroll_to'
12-09 07:47:54.554 I/InstrumentationBackend( 6742): Added:'GetLoadProgress', with key:'get_load_progress'
12-09 07:47:54.555 I/InstrumentationBackend( 6742): Added:'DumpHtml', with key:'dump_html'
12-09 07:47:54.555 I/InstrumentationBackend( 6742): Added:'DumpBodyHtml', with key:'dump_body_html'
12-09 07:47:54.555 I/InstrumentationBackend( 6742): Added:'EnterTextByCssSelector', with key:'enter_text_by_selector'
12-09 07:47:54.580 I/InstrumentationBackend( 6742): Added:'AndroidSDKVersion', with key:'android_sdk_version'
12-09 07:47:54.581 I/InstrumentationBackend( 6742): Added:'Version', with key:'version'
12-09 07:47:54.581 I/InstrumentationBackend( 6742): Added:'Drag', with key:'drag'
12-09 07:47:54.581 I/InstrumentationBackend( 6742): Added:'TouchCoordinates', with key:'touch_coordinate'
12-09 07:47:54.581 I/InstrumentationBackend( 6742): Added:'LongPressCoordinate', with key:'long_press_coordinate'
12-09 07:47:54.581 I/InstrumentationBackend( 6742): Added:'DragCoordinates', with key:'drag_coordinates'
12-09 07:47:54.581 I/InstrumentationBackend( 6742): Added:'ResumeApplication', with key:'resume_application'
12-09 07:47:54.582 I/InstrumentationBackend( 6742): Added:'Swipe', with key:'swipe'
12-09 07:47:54.582 I/InstrumentationBackend( 6742): Added:'DoubleTapCoordinate', with key:'double_tap_coordinate'
12-09 07:47:54.582 I/InstrumentationBackend( 6742): Added:'ClickOnScreen', with key:'click_on_screen'
12-09 07:47:54.582 I/InstrumentationBackend( 6742): Added:'GetActivityName', with key:'get_activity_name'
12-09 07:47:54.592 I/InstrumentationBackend( 6742): Added:'ScrollToView', with key:'scroll_to_view'
12-09 07:47:54.592 I/InstrumentationBackend( 6742): Added:'ViewConfiguration', with key:'view_configuration'
12-09 07:47:54.592 I/InstrumentationBackend( 6742): Added:'IsCurrentActivityFocused', with key:'is_current_activity_focused'
12-09 07:47:54.593 I/InstrumentationBackend( 6742): Added:'SendTcp', with key:'send_tcp'
12-09 07:47:54.593 I/InstrumentationBackend( 6742): Added:'DpToDevicePixel', with key:'dp_to_device_pixel'
12-09 07:47:54.594 I/InstrumentationBackend( 6742): Added:'KeyboardEnterText', with key:'keyboard_enter_text'
12-09 07:47:54.594 I/InstrumentationBackend( 6742): Added:'DeleteSurroundingText', with key:'delete_surrounding_text'
12-09 07:47:54.594 I/InstrumentationBackend( 6742): Added:'SetComposingRegion', with key:'set_composing_region'
12-09 07:47:54.595 I/InstrumentationBackend( 6742): Added:'SetSelection', with key:'set_selection'
12-09 07:47:54.595 I/InstrumentationBackend( 6742): Added:'KeyboardKeyEvent', with key:'keyboard_key_event'
12-09 07:47:54.595 I/InstrumentationBackend( 6742): Added:'PressUserActionButton', with key:'press_user_action_button'
12-09 07:47:54.596 I/InstrumentationBackend( 6742): Added:'HideSoftKeyboard', with key:'hide_soft_keyboard'
12-09 07:47:54.596 I/InstrumentationBackend( 6742): Added:'ListActions', with key:'list_actions'
12-09 07:47:54.596 I/calabash( 6742): Instantiating http server at 7102
12-09 07:47:54.597 I/System.out( 6742): HTTP Daemon listening on: 7102
12-09 07:47:54.778 I/art     ( 6742): Background sticky concurrent mark sweep GC freed 27659(1187KB) AllocSpace objects, 0(0B) LOS objects, 70% free, 1128KB/3MB, paused 11.065ms total 405.544ms
12-09 07:47:54.783 I/System.out( 6742): URI: //ping
12-09 07:47:54.784 I/System.out( 6742): params: {json={}
12-09 07:47:54.784 I/System.out( 6742): }
12-09 07:47:54.839 I/System.out( 6742): URI: //ping
12-09 07:47:54.839 I/System.out( 6742): params: {json={}
12-09 07:47:54.839 I/System.out( 6742): }
12-09 07:47:54.937 I/System.out( 6742): URI: //ready
12-09 07:47:54.937 I/System.out( 6742): params: {json={}
12-09 07:47:54.937 I/System.out( 6742): }
12-09 07:47:54.967 I/System.out( 6742): URI: //
12-09 07:47:54.967 I/System.out( 6742): params: {json={"command":"version","arguments":[]}
12-09 07:47:54.967 I/System.out( 6742): }
12-09 07:47:54.968 I/System.out( 6742): header: {date=Sun, 09 Dec 2018 07:47:55 GMT, accept=*/*, content-length=36, host=127.0.0.1:34777, user-agent=HTTPClient/1.0 (2.8.3, ruby 2.3.1 (2016-04-26)), content-type=application/json;charset=utf-8}
12-09 07:47:54.968 I/System.out( 6742): params: {json={"command":"version","arguments":[]}
12-09 07:47:54.968 I/System.out( 6742): }
12-09 07:47:54.968 I/System.out( 6742): ProP json = {"command":"version","arguments":[]}
12-09 07:47:54.968 I/System.out( 6742): files: {}
12-09 07:47:54.968 I/System.out( 6742): command: {"command":"version","arguments":[]}
12-09 07:47:54.997 I/InstrumentationBackend( 6742): Got command:'Command:'Line:null,version', arguments:'[]'
12-09 07:47:55.026 I/System.out( 6742): result:{"bonusInformation":[],"message":"0.9.8","success":true}
12-09 07:47:55.108 I/System.out( 6742): URI: //start-application
12-09 07:47:55.108 I/System.out( 6742): params: {json={"intent":null}
12-09 07:47:55.108 I/System.out( 6742): }
12-09 07:47:55.163 I/ActivityManager( 1592): START u0 {act=android.intent.action.MAIN cat=[android.intent.category.LAUNCHER] flg=0x10200000 cmp=com.evancharlton.mileage/.Mileage} from uid 10119 on display 0
12-09 07:47:55.484 D/gralloc_ranchu( 1224): gralloc_alloc: Creating ashmem region of size 3686400
12-09 07:47:55.501 I/calabash( 6742): newActivity1
12-09 07:47:55.637 I/calabash( 6742): newActivity1
12-09 07:47:55.645 W/ActivityManager( 1592): Bad activity token: android.os.BinderProxy@1fd6177
12-09 07:47:55.645 W/ActivityManager( 1592): java.lang.ClassCastException: android.os.BinderProxy cannot be cast to com.android.server.am.ActivityRecord$Token
12-09 07:47:55.645 W/ActivityManager( 1592): 	at com.android.server.am.ActivityRecord.forTokenLocked(ActivityRecord.java:424)
12-09 07:47:55.645 W/ActivityManager( 1592): 	at com.android.server.am.ActivityRecord.isInStackLocked(ActivityRecord.java:1121)
12-09 07:47:55.645 W/ActivityManager( 1592): 	at com.android.server.am.ActivityRecord.getStackLocked(ActivityRecord.java:1126)
12-09 07:47:55.645 W/ActivityManager( 1592): 	at com.android.server.am.ActivityManagerService.getActivityDisplayId(ActivityManagerService.java:8889)
12-09 07:47:55.645 W/ActivityManager( 1592): 	at android.app.ActivityManagerNative.onTransact(ActivityManagerNative.java:2338)
12-09 07:47:55.645 W/ActivityManager( 1592): 	at com.android.server.am.ActivityManagerService.onTransact(ActivityManagerService.java:2443)
12-09 07:47:55.645 W/ActivityManager( 1592): 	at android.os.Binder.execTransact(Binder.java:453)
12-09 07:47:55.646 W/ActivityManager( 1592): Bad activity token: android.os.BinderProxy@1fd6177
12-09 07:47:55.646 W/ActivityManager( 1592): java.lang.ClassCastException: android.os.BinderProxy cannot be cast to com.android.server.am.ActivityRecord$Token
12-09 07:47:55.646 W/ActivityManager( 1592): 	at com.android.server.am.ActivityRecord.forTokenLocked(ActivityRecord.java:424)
12-09 07:47:55.646 W/ActivityManager( 1592): 	at com.android.server.am.ActivityRecord.isInStackLocked(ActivityRecord.java:1121)
12-09 07:47:55.646 W/ActivityManager( 1592): 	at com.android.server.am.ActivityManagerService.setTaskDescription(ActivityManagerService.java:8547)
12-09 07:47:55.646 W/ActivityManager( 1592): 	at android.app.ActivityManagerNative.onTransact(ActivityManagerNative.java:2410)
12-09 07:47:55.646 W/ActivityManager( 1592): 	at com.android.server.am.ActivityManagerService.onTransact(ActivityManagerService.java:2443)
12-09 07:47:55.646 W/ActivityManager( 1592): 	at android.os.Binder.execTransact(Binder.java:453)
12-09 07:47:55.781 W/ActivityManager( 1592): Bad activity token: android.os.BinderProxy@1fd6177
12-09 07:47:55.781 W/ActivityManager( 1592): java.lang.ClassCastException: android.os.BinderProxy cannot be cast to com.android.server.am.ActivityRecord$Token
12-09 07:47:55.781 W/ActivityManager( 1592): 	at com.android.server.am.ActivityRecord.forTokenLocked(ActivityRecord.java:424)
12-09 07:47:55.781 W/ActivityManager( 1592): 	at com.android.server.am.ActivityRecord.isInStackLocked(ActivityRecord.java:1121)
12-09 07:47:55.781 W/ActivityManager( 1592): 	at com.android.server.am.ActivityManagerService.getActivityOptions(ActivityManagerService.java:11038)
12-09 07:47:55.781 W/ActivityManager( 1592): 	at android.app.ActivityManagerNative.onTransact(ActivityManagerNative.java:1734)
12-09 07:47:55.781 W/ActivityManager( 1592): 	at com.android.server.am.ActivityManagerService.onTransact(ActivityManagerService.java:2443)
12-09 07:47:55.781 W/ActivityManager( 1592): 	at android.os.Binder.execTransact(Binder.java:453)
12-09 07:47:55.781 W/ActivityManager( 1592): Bad activity token: android.os.BinderProxy@1fd6177
12-09 07:47:55.781 W/ActivityManager( 1592): java.lang.ClassCastException: android.os.BinderProxy cannot be cast to com.android.server.am.ActivityRecord$Token
12-09 07:47:55.781 W/ActivityManager( 1592): 	at com.android.server.am.ActivityRecord.forTokenLocked(ActivityRecord.java:424)
12-09 07:47:55.781 W/ActivityManager( 1592): 	at com.android.server.am.ActivityRecord.isInStackLocked(ActivityRecord.java:1121)
12-09 07:47:55.781 W/ActivityManager( 1592): 	at com.android.server.am.ActivityManagerService.getActivityOptions(ActivityManagerService.java:11038)
12-09 07:47:55.781 W/ActivityManager( 1592): 	at android.app.ActivityManagerNative.onTransact(ActivityManagerNative.java:1734)
12-09 07:47:55.781 W/ActivityManager( 1592): 	at com.android.server.am.ActivityManagerService.onTransact(ActivityManagerService.java:2443)
12-09 07:47:55.781 W/ActivityManager( 1592): 	at android.os.Binder.execTransact(Binder.java:453)
12-09 07:47:55.903 D/EGL_emulation( 1930): eglMakeCurrent: 0x7f49d5735040: ver 2 0 (tinfo 0x7f49d13fe020)
12-09 07:47:55.908 E/Surface ( 1930): getSlotFromBufferLocked: unknown buffer: 0x7f49d1a8dde0
12-09 07:47:55.917 V/PhoneStatusBar( 3082): setLightsOn(true)
12-09 07:47:56.088 D/gralloc_ranchu( 1224): gralloc_alloc: Creating ashmem region of size 3686400
12-09 07:47:56.200 D/        ( 6742): HostConnection::get() New Host Connection established 0x7f49d1afcf20, tid 6742
12-09 07:47:56.784 I/ActivityManager( 1592): Displayed com.evancharlton.mileage/.Mileage: +1s296ms
12-09 07:47:56.785 W/art     ( 1592): Long monitor contention event with owner method=void com.android.server.wm.WindowAnimator$1.doFrame(long) from WindowAnimator.java:121 waiters=0 for 145ms
12-09 07:47:56.951 D/gralloc_ranchu( 1224): gralloc_alloc: Creating ashmem region of size 3686400
12-09 07:47:57.645 D/gralloc_ranchu( 1224): gralloc_alloc: Creating ashmem region of size 3686400
12-09 07:47:58.176 I/System.out( 6742): URI: //gesture
12-09 07:47:58.176 I/System.out( 6742): params: {json={"query_timeout":5.0,"gestures":[{"query_string":"android.widget.TabWidget descendant TextView index:1","touches":[{"x":50,"y":50,"offset_x":0,"offset_y":0,"wait":0.0,"time":0.2,"release":true,"query_string":null}]}]}
12-09 07:47:58.176 I/System.out( 6742): }
12-09 07:47:58.752 I/calabash( 6742): newActivity1
12-09 07:47:58.753 W/ActivityManager( 1592): Bad activity token: android.os.BinderProxy@adfd168
12-09 07:47:58.753 W/ActivityManager( 1592): java.lang.ClassCastException: android.os.BinderProxy cannot be cast to com.android.server.am.ActivityRecord$Token
12-09 07:47:58.753 W/ActivityManager( 1592): 	at com.android.server.am.ActivityRecord.forTokenLocked(ActivityRecord.java:424)
12-09 07:47:58.753 W/ActivityManager( 1592): 	at com.android.server.am.ActivityRecord.isInStackLocked(ActivityRecord.java:1121)
12-09 07:47:58.753 W/ActivityManager( 1592): 	at com.android.server.am.ActivityRecord.getStackLocked(ActivityRecord.java:1126)
12-09 07:47:58.753 W/ActivityManager( 1592): 	at com.android.server.am.ActivityManagerService.getActivityDisplayId(ActivityManagerService.java:8889)
12-09 07:47:58.753 W/ActivityManager( 1592): 	at android.app.ActivityManagerNative.onTransact(ActivityManagerNative.java:2338)
12-09 07:47:58.753 W/ActivityManager( 1592): 	at com.android.server.am.ActivityManagerService.onTransact(ActivityManagerService.java:2443)
12-09 07:47:58.753 W/ActivityManager( 1592): 	at android.os.Binder.execTransact(Binder.java:453)
12-09 07:47:58.754 W/ActivityManager( 1592): Bad activity token: android.os.BinderProxy@adfd168
12-09 07:47:58.754 W/ActivityManager( 1592): java.lang.ClassCastException: android.os.BinderProxy cannot be cast to com.android.server.am.ActivityRecord$Token
12-09 07:47:58.754 W/ActivityManager( 1592): 	at com.android.server.am.ActivityRecord.forTokenLocked(ActivityRecord.java:424)
12-09 07:47:58.754 W/ActivityManager( 1592): 	at com.android.server.am.ActivityRecord.isInStackLocked(ActivityRecord.java:1121)
12-09 07:47:58.754 W/ActivityManager( 1592): 	at com.android.server.am.ActivityManagerService.setTaskDescription(ActivityManagerService.java:8547)
12-09 07:47:58.754 W/ActivityManager( 1592): 	at android.app.ActivityManagerNative.onTransact(ActivityManagerNative.java:2410)
12-09 07:47:58.754 W/ActivityManager( 1592): 	at com.android.server.am.ActivityManagerService.onTransact(ActivityManagerService.java:2443)
12-09 07:47:58.754 W/ActivityManager( 1592): 	at android.os.Binder.execTransact(Binder.java:453)
12-09 07:47:58.763 D/AudioFlinger( 1309): mixer(0xf4380000) throttle end: throttle time(4)
12-09 07:47:58.788 W/audio_hw_generic( 1309): Hardware backing HAL too slow, could only write 0 of 661 frames
12-09 07:47:58.803 W/audio_hw_generic( 1309): Hardware backing HAL too slow, could only write 0 of 661 frames
12-09 07:47:58.937 W/ActivityManager( 1592): Bad activity token: android.os.BinderProxy@adfd168
12-09 07:47:58.937 W/ActivityManager( 1592): java.lang.ClassCastException: android.os.BinderProxy cannot be cast to com.android.server.am.ActivityRecord$Token
12-09 07:47:58.937 W/ActivityManager( 1592): 	at com.android.server.am.ActivityRecord.forTokenLocked(ActivityRecord.java:424)
12-09 07:47:58.937 W/ActivityManager( 1592): 	at com.android.server.am.ActivityRecord.isInStackLocked(ActivityRecord.java:1121)
12-09 07:47:58.937 W/ActivityManager( 1592): 	at com.android.server.am.ActivityManagerService.getActivityOptions(ActivityManagerService.java:11038)
12-09 07:47:58.937 W/ActivityManager( 1592): 	at android.app.ActivityManagerNative.onTransact(ActivityManagerNative.java:1734)
12-09 07:47:58.937 W/ActivityManager( 1592): 	at com.android.server.am.ActivityManagerService.onTransact(ActivityManagerService.java:2443)
12-09 07:47:58.937 W/ActivityManager( 1592): 	at android.os.Binder.execTransact(Binder.java:453)
12-09 07:47:58.938 W/ActivityManager( 1592): Bad activity token: android.os.BinderProxy@adfd168
12-09 07:47:58.938 W/ActivityManager( 1592): java.lang.ClassCastException: android.os.BinderProxy cannot be cast to com.android.server.am.ActivityRecord$Token
12-09 07:47:58.938 W/ActivityManager( 1592): 	at com.android.server.am.ActivityRecord.forTokenLocked(ActivityRecord.java:424)
12-09 07:47:58.938 W/ActivityManager( 1592): 	at com.android.server.am.ActivityRecord.isInStackLocked(ActivityRecord.java:1121)
12-09 07:47:58.938 W/ActivityManager( 1592): 	at com.android.server.am.ActivityManagerService.getActivityOptions(ActivityManagerService.java:11038)
12-09 07:47:58.938 W/ActivityManager( 1592): 	at android.app.ActivityManagerNative.onTransact(ActivityManagerNative.java:1734)
12-09 07:47:58.938 W/ActivityManager( 1592): 	at com.android.server.am.ActivityManagerService.onTransact(ActivityManagerService.java:2443)
12-09 07:47:58.938 W/ActivityManager( 1592): 	at android.os.Binder.execTransact(Binder.java:453)
12-09 07:47:58.982 I/art     ( 6742): Background sticky concurrent mark sweep GC freed 48606(2MB) AllocSpace objects, 2(40KB) LOS objects, 22% free, 2MB/3MB, paused 4.919ms total 235.789ms
12-09 07:47:59.016 W/audio_hw_generic( 1309): Not supplying enough data to HAL, expected position 9224401 , only wrote 9224255
12-09 07:47:59.143 W/audio_hw_generic( 1309): Hardware backing HAL too slow, could only write 0 of 661 frames
12-09 07:47:59.149 D/Mileage ( 6742): Not enough fillups to calculate economy
12-09 07:47:59.163 W/audio_hw_generic( 1309): Hardware backing HAL too slow, could only write 0 of 661 frames
12-09 07:47:59.175 W/audio_hw_generic( 1309): Hardware backing HAL too slow, could only write 0 of 661 frames
12-09 07:47:59.192 W/audio_hw_generic( 1309): Hardware backing HAL too slow, could only write 0 of 661 frames
12-09 07:47:59.246 W/audio_hw_generic( 1309): Not supplying enough data to HAL, expected position 9234414 , only wrote 9233509
12-09 07:47:59.246 W/audio_hw_generic( 1309): Not supplying enough data to HAL, expected position 9233517 , only wrote 9233509
12-09 07:47:59.275 W/audio_hw_generic( 1309): Not supplying enough data to HAL, expected position 9234767 , only wrote 9234170
12-09 07:47:59.275 W/audio_hw_generic( 1309): Hardware backing HAL too slow, could only write 0 of 661 frames
12-09 07:47:59.275 W/audio_hw_generic( 1309): Hardware backing HAL too slow, could only write 0 of 661 frames
12-09 07:47:59.291 W/audio_hw_generic( 1309): Hardware backing HAL too slow, could only write 0 of 661 frames
12-09 07:47:59.293 D/hwcomposer( 1224): hw_composer sent 859 syncs in 60s
12-09 07:47:59.311 W/audio_hw_generic( 1309): Hardware backing HAL too slow, could only write 0 of 661 frames
12-09 07:47:59.327 W/audio_hw_generic( 1309): Hardware backing HAL too slow, could only write 0 of 661 frames
12-09 07:47:59.445 W/audio_hw_generic( 1309): Not supplying enough data to HAL, expected position 9241676 , only wrote 9240780
12-09 07:47:59.445 W/audio_hw_generic( 1309): Hardware backing HAL too slow, could only write 0 of 661 frames
12-09 07:47:59.445 W/audio_hw_generic( 1309): Hardware backing HAL too slow, could only write 0 of 661 frames
12-09 07:47:59.483 W/audio_hw_generic( 1309): Hardware backing HAL too slow, could only write 0 of 661 frames
12-09 07:47:59.588 E/SurfaceFlinger( 1224): ro.sf.lcd_density must be defined as a build property
12-09 07:47:59.674 D/gralloc_ranchu( 1224): gralloc_alloc: Creating ashmem region of size 3686400
12-09 07:47:59.736 D/        ( 6769): HostConnection::get() New Host Connection established 0x7fed98d52480, tid 6769
12-09 07:47:59.801 W/audio_hw_generic( 1309): Not supplying enough data to HAL, expected position 9256457 , only wrote 9252678
12-09 07:47:59.801 W/audio_hw_generic( 1309): Not supplying enough data to HAL, expected position 9252686 , only wrote 9252678
12-09 07:47:59.854 W/audio_hw_generic( 1309): Not supplying enough data to HAL, expected position 9255019 , only wrote 9254000
12-09 07:47:59.869 W/audio_hw_generic( 1309): Not supplying enough data to HAL, expected position 9254678 , only wrote 9254661
12-09 07:47:59.870 W/audio_hw_generic( 1309): Not supplying enough data to HAL, expected position 9254668 , only wrote 9254661
12-09 07:47:59.874 E/EGL_emulation( 1224): tid 1224: eglCreateSyncKHR(1881): error 0x3004 (EGL_BAD_ATTRIBUTE)
12-09 07:47:59.884 W/audio_hw_generic( 1309): Hardware backing HAL too slow, could only write 0 of 661 frames
12-09 07:47:59.901 W/audio_hw_generic( 1309): Hardware backing HAL too slow, could only write 0 of 661 frames
12-09 07:47:59.917 W/audio_hw_generic( 1309): Hardware backing HAL too slow, could only write 0 of 661 frames
12-09 07:47:59.934 W/audio_hw_generic( 1309): Hardware backing HAL too slow, could only write 0 of 661 frames
12-09 07:47:59.946 W/audio_hw_generic( 1309): Hardware backing HAL too slow, could only write 0 of 661 frames
12-09 07:48:00.084 W/audio_hw_generic( 1309): Hardware backing HAL too slow, could only write 0 of 661 frames
12-09 07:48:00.096 W/audio_hw_generic( 1309): Hardware backing HAL too slow, could only write 0 of 661 frames
12-09 07:48:00.126 W/audio_hw_generic( 1309): Hardware backing HAL too slow, could only write 0 of 661 frames
12-09 07:48:00.208 W/audio_hw_generic( 1309): Hardware backing HAL too slow, could only write 0 of 661 frames
12-09 07:48:00.220 W/audio_hw_generic( 1309): Hardware backing HAL too slow, could only write 0 of 661 frames
12-09 07:48:00.232 W/audio_hw_generic( 1309): Hardware backing HAL too slow, could only write 0 of 661 frames
12-09 07:48:00.246 W/audio_hw_generic( 1309): Hardware backing HAL too slow, could only write 0 of 661 frames
12-09 07:48:00.291 W/audio_hw_generic( 1309): Not supplying enough data to HAL, expected position 9273227 , only wrote 9273169
12-09 07:48:00.291 W/audio_hw_generic( 1309): Not supplying enough data to HAL, expected position 9273177 , only wrote 9273169
12-09 07:48:00.311 W/audio_hw_generic( 1309): Not supplying enough data to HAL, expected position 9274081 , only wrote 9273830
12-09 07:48:00.500 W/audio_hw_generic( 1309): Not supplying enough data to HAL, expected position 9282124 , only wrote 9281762
12-09 07:48:00.500 W/audio_hw_generic( 1309): Not supplying enough data to HAL, expected position 9281769 , only wrote 9281762
12-09 07:48:00.526 W/audio_hw_generic( 1309): Not supplying enough data to HAL, expected position 9282903 , only wrote 9282423
12-09 07:48:00.575 W/audio_hw_generic( 1309): Hardware backing HAL too slow, could only write 0 of 661 frames
12-09 07:48:00.589 W/audio_hw_generic( 1309): Hardware backing HAL too slow, could only write 0 of 661 frames
12-09 07:48:00.607 W/audio_hw_generic( 1309): Hardware backing HAL too slow, could only write 0 of 661 frames
12-09 07:48:00.616 W/audio_hw_generic( 1309): Hardware backing HAL too slow, could only write 0 of 661 frames
12-09 07:48:00.639 W/audio_hw_generic( 1309): Hardware backing HAL too slow, could only write 0 of 661 frames
12-09 07:48:00.706 W/audio_hw_generic( 1309): Not supplying enough data to HAL, expected position 9290370 , only wrote 9289033
12-09 07:48:00.706 W/audio_hw_generic( 1309): Not supplying enough data to HAL, expected position 9289041 , only wrote 9289033
12-09 07:48:00.735 W/audio_hw_generic( 1309): Not supplying enough data to HAL, expected position 9290308 , only wrote 9289694
12-09 07:48:00.735 W/audio_hw_generic( 1309): Hardware backing HAL too slow, could only write 0 of 661 frames
12-09 07:48:00.735 W/audio_hw_generic( 1309): Hardware backing HAL too slow, could only write 0 of 661 frames
12-09 07:48:00.759 W/audio_hw_generic( 1309): Hardware backing HAL too slow, could only write 0 of 661 frames
12-09 07:48:00.775 W/audio_hw_generic( 1309): Hardware backing HAL too slow, could only write 0 of 661 frames
12-09 07:48:00.791 W/audio_hw_generic( 1309): Hardware backing HAL too slow, could only write 0 of 661 frames
12-09 07:48:00.807 W/audio_hw_generic( 1309): Hardware backing HAL too slow, could only write 0 of 661 frames
12-09 07:48:00.936 I/System.out( 6742): URI: //gesture
12-09 07:48:00.937 I/System.out( 6742): params: {json={"query_timeout":5.0,"gestures":[{"query_string":"android.widget.TabWidget descendant TextView index:3","touches":[{"x":50,"y":50,"offset_x":0,"offset_y":0,"wait":0.0,"time":0.2,"release":true,"query_string":null}]}]}
12-09 07:48:00.937 I/System.out( 6742): }
12-09 07:48:01.020 W/audio_hw_generic( 1309): Not supplying enough data to HAL, expected position 9302263 , only wrote 9302253
12-09 07:48:01.124 W/CursorWrapperInner( 6742): Cursor finalized without prior close()
12-09 07:48:01.124 I/art     ( 6742): Background partial concurrent mark sweep GC freed 19051(924KB) AllocSpace objects, 4(80KB) LOS objects, 39% free, 2MB/3MB, paused 1.078ms total 174.697ms
12-09 07:48:01.251 W/audio_hw_generic( 1309): Hardware backing HAL too slow, could only write 0 of 661 frames
12-09 07:48:01.379 W/audio_hw_generic( 1309): Not supplying enough data to HAL, expected position 9318107 , only wrote 9317456
12-09 07:48:01.380 W/audio_hw_generic( 1309): Not supplying enough data to HAL, expected position 9317463 , only wrote 9317456
12-09 07:48:01.387 I/calabash( 6742): newActivity1
12-09 07:48:01.388 W/ActivityManager( 1592): Bad activity token: android.os.BinderProxy@24cbcbd
12-09 07:48:01.388 W/ActivityManager( 1592): java.lang.ClassCastException: android.os.BinderProxy cannot be cast to com.android.server.am.ActivityRecord$Token
12-09 07:48:01.388 W/ActivityManager( 1592): 	at com.android.server.am.ActivityRecord.forTokenLocked(ActivityRecord.java:424)
12-09 07:48:01.388 W/ActivityManager( 1592): 	at com.android.server.am.ActivityRecord.isInStackLocked(ActivityRecord.java:1121)
12-09 07:48:01.388 W/ActivityManager( 1592): 	at com.android.server.am.ActivityRecord.getStackLocked(ActivityRecord.java:1126)
12-09 07:48:01.388 W/ActivityManager( 1592): 	at com.android.server.am.ActivityManagerService.getActivityDisplayId(ActivityManagerService.java:8889)
12-09 07:48:01.388 W/ActivityManager( 1592): 	at android.app.ActivityManagerNative.onTransact(ActivityManagerNative.java:2338)
12-09 07:48:01.388 W/ActivityManager( 1592): 	at com.android.server.am.ActivityManagerService.onTransact(ActivityManagerService.java:2443)
12-09 07:48:01.388 W/ActivityManager( 1592): 	at android.os.Binder.execTransact(Binder.java:453)
12-09 07:48:01.389 W/ActivityManager( 1592): Bad activity token: android.os.BinderProxy@24cbcbd
12-09 07:48:01.389 W/ActivityManager( 1592): java.lang.ClassCastException: android.os.BinderProxy cannot be cast to com.android.server.am.ActivityRecord$Token
12-09 07:48:01.389 W/ActivityManager( 1592): 	at com.android.server.am.ActivityRecord.forTokenLocked(ActivityRecord.java:424)
12-09 07:48:01.389 W/ActivityManager( 1592): 	at com.android.server.am.ActivityRecord.isInStackLocked(ActivityRecord.java:1121)
12-09 07:48:01.389 W/ActivityManager( 1592): 	at com.android.server.am.ActivityManagerService.setTaskDescription(ActivityManagerService.java:8547)
12-09 07:48:01.389 W/ActivityManager( 1592): 	at android.app.ActivityManagerNative.onTransact(ActivityManagerNative.java:2410)
12-09 07:48:01.389 W/ActivityManager( 1592): 	at com.android.server.am.ActivityManagerService.onTransact(ActivityManagerService.java:2443)
12-09 07:48:01.389 W/ActivityManager( 1592): 	at android.os.Binder.execTransact(Binder.java:453)
12-09 07:48:01.399 W/audio_hw_generic( 1309): Not supplying enough data to HAL, expected position 9318322 , only wrote 9318117
12-09 07:48:01.405 W/ActivityManager( 1592): Bad activity token: android.os.BinderProxy@24cbcbd
12-09 07:48:01.405 W/ActivityManager( 1592): java.lang.ClassCastException: android.os.BinderProxy cannot be cast to com.android.server.am.ActivityRecord$Token
12-09 07:48:01.405 W/ActivityManager( 1592): 	at com.android.server.am.ActivityRecord.forTokenLocked(ActivityRecord.java:424)
12-09 07:48:01.405 W/ActivityManager( 1592): 	at com.android.server.am.ActivityRecord.isInStackLocked(ActivityRecord.java:1121)
12-09 07:48:01.405 W/ActivityManager( 1592): 	at com.android.server.am.ActivityManagerService.getActivityOptions(ActivityManagerService.java:11038)
12-09 07:48:01.405 W/ActivityManager( 1592): 	at android.app.ActivityManagerNative.onTransact(ActivityManagerNative.java:1734)
12-09 07:48:01.405 W/ActivityManager( 1592): 	at com.android.server.am.ActivityManagerService.onTransact(ActivityManagerService.java:2443)
12-09 07:48:01.405 W/ActivityManager( 1592): 	at android.os.Binder.execTransact(Binder.java:453)
12-09 07:48:01.405 W/ActivityManager( 1592): Bad activity token: android.os.BinderProxy@24cbcbd
12-09 07:48:01.405 W/ActivityManager( 1592): java.lang.ClassCastException: android.os.BinderProxy cannot be cast to com.android.server.am.ActivityRecord$Token
12-09 07:48:01.405 W/ActivityManager( 1592): 	at com.android.server.am.ActivityRecord.forTokenLocked(ActivityRecord.java:424)
12-09 07:48:01.405 W/ActivityManager( 1592): 	at com.android.server.am.ActivityRecord.isInStackLocked(ActivityRecord.java:1121)
12-09 07:48:01.405 W/ActivityManager( 1592): 	at com.android.server.am.ActivityManagerService.getActivityOptions(ActivityManagerService.java:11038)
12-09 07:48:01.405 W/ActivityManager( 1592): 	at android.app.ActivityManagerNative.onTransact(ActivityManagerNative.java:1734)
12-09 07:48:01.405 W/ActivityManager( 1592): 	at com.android.server.am.ActivityManagerService.onTransact(ActivityManagerService.java:2443)
12-09 07:48:01.405 W/ActivityManager( 1592): 	at android.os.Binder.execTransact(Binder.java:453)
12-09 07:48:01.451 W/audio_hw_generic( 1309): Not supplying enough data to HAL, expected position 9320394 , only wrote 9320100
12-09 07:48:01.483 D/AudioFlinger( 1309): mixer(0xf4380000) throttle end: throttle time(11)
12-09 07:48:01.511 D/AudioFlinger( 1309): mixer(0xf4380000) throttle end: throttle time(11)
12-09 07:48:01.560 W/audio_hw_generic( 1309): Not supplying enough data to HAL, expected position 9324912 , only wrote 9324727
12-09 07:48:01.567 I/art     ( 6742): Background sticky concurrent mark sweep GC freed 28763(1363KB) AllocSpace objects, 0(0B) LOS objects, 35% free, 2MB/3MB, paused 6.558ms total 80.558ms
12-09 07:48:01.703 W/audio_hw_generic( 1309): Not supplying enough data to HAL, expected position 9331052 , only wrote 9330676
12-09 07:48:01.952 E/SurfaceFlinger( 1224): ro.sf.lcd_density must be defined as a build property
12-09 07:48:01.953 D/gralloc_ranchu( 1224): gralloc_alloc: Creating ashmem region of size 3686400
12-09 07:48:01.960 W/audio_hw_generic( 1309): Not supplying enough data to HAL, expected position 9341971 , only wrote 9341252
12-09 07:48:01.960 W/audio_hw_generic( 1309): Not supplying enough data to HAL, expected position 9341259 , only wrote 9341252
12-09 07:48:01.975 W/audio_hw_generic( 1309): Not supplying enough data to HAL, expected position 9341914 , only wrote 9341913
12-09 07:48:02.020 W/audio_hw_generic( 1309): Hardware backing HAL too slow, could only write 0 of 661 frames
12-09 07:48:02.041 W/audio_hw_generic( 1309): Hardware backing HAL too slow, could only write 0 of 661 frames
12-09 07:48:02.049 D/        ( 6774): HostConnection::get() New Host Connection established 0x7fd36cd52480, tid 6774
12-09 07:48:02.065 W/audio_hw_generic( 1309): Hardware backing HAL too slow, could only write 0 of 661 frames
12-09 07:48:02.073 E/EGL_emulation( 1224): tid 1224: eglCreateSyncKHR(1881): error 0x3004 (EGL_BAD_ATTRIBUTE)
12-09 07:48:02.080 W/audio_hw_generic( 1309): Hardware backing HAL too slow, could only write 0 of 661 frames
12-09 07:48:02.095 W/audio_hw_generic( 1309): Hardware backing HAL too slow, could only write 0 of 661 frames
12-09 07:48:02.771 W/audio_hw_generic( 1309): Not supplying enough data to HAL, expected position 9377032 , only wrote 9376946
12-09 07:48:02.871 W/audio_hw_generic( 1309): Not supplying enough data to HAL, expected position 9381364 , only wrote 9380251
12-09 07:48:02.872 W/audio_hw_generic( 1309): Not supplying enough data to HAL, expected position 9380258 , only wrote 9380251
12-09 07:48:02.890 W/audio_hw_generic( 1309): Not supplying enough data to HAL, expected position 9381050 , only wrote 9380912
12-09 07:48:02.920 W/audio_hw_generic( 1309): Hardware backing HAL too slow, could only write 0 of 661 frames
12-09 07:48:02.983 I/System.out( 6742): URI: //gesture
12-09 07:48:02.983 I/System.out( 6742): params: {json={"query_timeout":5.0,"gestures":[{"query_string":"android.widget.TabWidget descendant TextView index:2","touches":[{"x":50,"y":50,"offset_x":0,"offset_y":0,"wait":0.0,"time":0.2,"release":true,"query_string":null}]}]}
12-09 07:48:02.984 I/System.out( 6742): }
12-09 07:48:03.030 W/audio_hw_generic( 1309): Hardware backing HAL too slow, could only write 0 of 661 frames
12-09 07:48:03.176 W/audio_hw_generic( 1309): Not supplying enough data to HAL, expected position 9393523 , only wrote 9393471
12-09 07:48:03.291 W/audio_hw_generic( 1309): Hardware backing HAL too slow, could only write 0 of 661 frames
12-09 07:48:03.355 I/calabash( 6742): newActivity1
12-09 07:48:03.359 W/audio_hw_generic( 1309): Hardware backing HAL too slow, could only write 0 of 661 frames
12-09 07:48:03.467 W/audio_hw_generic( 1309): Not supplying enough data to HAL, expected position 9406332 , only wrote 9403386
12-09 07:48:03.507 W/ActivityManager( 1592): Bad activity token: android.os.BinderProxy@35c22b2
12-09 07:48:03.507 W/ActivityManager( 1592): java.lang.ClassCastException: android.os.BinderProxy cannot be cast to com.android.server.am.ActivityRecord$Token
12-09 07:48:03.507 W/ActivityManager( 1592): 	at com.android.server.am.ActivityRecord.forTokenLocked(ActivityRecord.java:424)
12-09 07:48:03.507 W/ActivityManager( 1592): 	at com.android.server.am.ActivityRecord.isInStackLocked(ActivityRecord.java:1121)
12-09 07:48:03.507 W/ActivityManager( 1592): 	at com.android.server.am.ActivityRecord.getStackLocked(ActivityRecord.java:1126)
12-09 07:48:03.507 W/ActivityManager( 1592): 	at com.android.server.am.ActivityManagerService.getActivityDisplayId(ActivityManagerService.java:8889)
12-09 07:48:03.507 W/ActivityManager( 1592): 	at android.app.ActivityManagerNative.onTransact(ActivityManagerNative.java:2338)
12-09 07:48:03.507 W/ActivityManager( 1592): 	at com.android.server.am.ActivityManagerService.onTransact(ActivityManagerService.java:2443)
12-09 07:48:03.507 W/ActivityManager( 1592): 	at android.os.Binder.execTransact(Binder.java:453)
12-09 07:48:03.524 W/ActivityManager( 1592): Bad activity token: android.os.BinderProxy@35c22b2
12-09 07:48:03.524 W/ActivityManager( 1592): java.lang.ClassCastException: android.os.BinderProxy cannot be cast to com.android.server.am.ActivityRecord$Token
12-09 07:48:03.524 W/ActivityManager( 1592): 	at com.android.server.am.ActivityRecord.forTokenLocked(ActivityRecord.java:424)
12-09 07:48:03.524 W/ActivityManager( 1592): 	at com.android.server.am.ActivityRecord.isInStackLocked(ActivityRecord.java:1121)
12-09 07:48:03.524 W/ActivityManager( 1592): 	at com.android.server.am.ActivityManagerService.setTaskDescription(ActivityManagerService.java:8547)
12-09 07:48:03.524 W/ActivityManager( 1592): 	at android.app.ActivityManagerNative.onTransact(ActivityManagerNative.java:2410)
12-09 07:48:03.524 W/ActivityManager( 1592): 	at com.android.server.am.ActivityManagerService.onTransact(ActivityManagerService.java:2443)
12-09 07:48:03.524 W/ActivityManager( 1592): 	at android.os.Binder.execTransact(Binder.java:453)
12-09 07:48:03.547 W/audio_hw_generic( 1309): Not supplying enough data to HAL, expected position 9406901 , only wrote 9403386
12-09 07:48:03.563 W/audio_hw_generic( 1309): Not supplying enough data to HAL, expected position 9404075 , only wrote 9404047
12-09 07:48:03.588 D/VehicleStatisticsActivity( 6742): Checking recalculation ...
12-09 07:48:03.589 D/VehicleStatisticsActivity( 6742): Recalculating statistics
12-09 07:48:03.589 D/VehicleStatisticsTask( 6742): Calculation starting...
12-09 07:48:03.599 D/VehicleStatisticsActivity( 6742): Recalculation started!
12-09 07:48:03.601 W/ActivityManager( 1592): Bad activity token: android.os.BinderProxy@35c22b2
12-09 07:48:03.601 W/ActivityManager( 1592): java.lang.ClassCastException: android.os.BinderProxy cannot be cast to com.android.server.am.ActivityRecord$Token
12-09 07:48:03.601 W/ActivityManager( 1592): 	at com.android.server.am.ActivityRecord.forTokenLocked(ActivityRecord.java:424)
12-09 07:48:03.601 W/ActivityManager( 1592): 	at com.android.server.am.ActivityRecord.isInStackLocked(ActivityRecord.java:1121)
12-09 07:48:03.601 W/ActivityManager( 1592): 	at com.android.server.am.ActivityManagerService.getActivityOptions(ActivityManagerService.java:11038)
12-09 07:48:03.601 W/ActivityManager( 1592): 	at android.app.ActivityManagerNative.onTransact(ActivityManagerNative.java:1734)
12-09 07:48:03.601 W/ActivityManager( 1592): 	at com.android.server.am.ActivityManagerService.onTransact(ActivityManagerService.java:2443)
12-09 07:48:03.601 W/ActivityManager( 1592): 	at android.os.Binder.execTransact(Binder.java:453)
12-09 07:48:03.607 W/ActivityManager( 1592): Bad activity token: android.os.BinderProxy@35c22b2
12-09 07:48:03.607 W/ActivityManager( 1592): java.lang.ClassCastException: android.os.BinderProxy cannot be cast to com.android.server.am.ActivityRecord$Token
12-09 07:48:03.607 W/ActivityManager( 1592): 	at com.android.server.am.ActivityRecord.forTokenLocked(ActivityRecord.java:424)
12-09 07:48:03.607 W/ActivityManager( 1592): 	at com.android.server.am.ActivityRecord.isInStackLocked(ActivityRecord.java:1121)
12-09 07:48:03.607 W/ActivityManager( 1592): 	at com.android.server.am.ActivityManagerService.getActivityOptions(ActivityManagerService.java:11038)
12-09 07:48:03.607 W/ActivityManager( 1592): 	at android.app.ActivityManagerNative.onTransact(ActivityManagerNative.java:1734)
12-09 07:48:03.607 W/ActivityManager( 1592): 	at com.android.server.am.ActivityManagerService.onTransact(ActivityManagerService.java:2443)
12-09 07:48:03.607 W/ActivityManager( 1592): 	at android.os.Binder.execTransact(Binder.java:453)
12-09 07:48:03.612 D/VehicleStatisticsActivity( 6742): Checking recalculation ...
12-09 07:48:03.613 D/VehicleStatisticsActivity( 6742): Recalculating statistics
12-09 07:48:03.613 D/VehicleStatisticsTask( 6742): Calculation starting...
12-09 07:48:03.617 W/audio_hw_generic( 1309): Hardware backing HAL too slow, could only write 0 of 661 frames
12-09 07:48:03.620 I/art     ( 6742): Background sticky concurrent mark sweep GC freed 59656(2MB) AllocSpace objects, 2(40KB) LOS objects, 25% free, 2MB/3MB, paused 12.942ms total 256.470ms
12-09 07:48:03.626 D/VehicleStatisticsActivity( 6742): Recalculation started!
12-09 07:48:03.633 W/audio_hw_generic( 1309): Hardware backing HAL too slow, could only write 0 of 661 frames
12-09 07:48:03.643 W/audio_hw_generic( 1309): Hardware backing HAL too slow, could only write 0 of 661 frames
12-09 07:48:03.752 D/VehicleStatisticsTask( 6742): Not enough fillups to calculate statistics
12-09 07:48:03.759 D/VehicleStatisticsTask( 6742): Not enough fillups to calculate statistics
12-09 07:48:03.823 W/audio_hw_generic( 1309): Not supplying enough data to HAL, expected position 9415540 , only wrote 9415284
12-09 07:48:03.823 W/audio_hw_generic( 1309): Not supplying enough data to HAL, expected position 9415291 , only wrote 9415284
12-09 07:48:03.828 D/VehicleStatisticsTask( 6742): Done recalculating!
12-09 07:48:03.828 D/VehicleStatisticsTask( 6742): Done recalculating!
12-09 07:48:03.842 W/audio_hw_generic( 1309): Not supplying enough data to HAL, expected position 9416092 , only wrote 9415945
12-09 07:48:03.869 D/VehicleStatisticsAdapter( 6742): Erasing the cache ...
12-09 07:48:03.871 D/VehicleStatisticsAdapter( 6742): Building new values ...
12-09 07:48:03.872 D/VehicleStatisticsAdapter( 6742): Writing 29 records to the database ...
12-09 07:48:03.913 D/VehicleStatisticsAdapter( 6742): Erasing the cache ...
12-09 07:48:03.931 D/Mileage.ABS( 6742): Finished backup
12-09 07:48:03.933 D/Mileage.ABS( 6742): Not backing up; 104
12-09 07:48:04.039 D/Mileage.ABS( 6742): Not backing up; 210
12-09 07:48:04.040 D/Mileage.ABS( 6742): Not backing up; 211
12-09 07:48:04.098 D/VehicleStatisticsAdapter( 6742): Building new values ...
12-09 07:48:04.098 D/VehicleStatisticsAdapter( 6742): Writing 29 records to the database ...
12-09 07:48:04.133 E/SurfaceFlinger( 1224): ro.sf.lcd_density must be defined as a build property
12-09 07:48:04.165 D/Mileage.ABS( 6742): Not backing up; 336
12-09 07:48:04.166 D/Mileage.ABS( 6742): Not backing up; 337
12-09 07:48:04.184 D/gralloc_ranchu( 1224): gralloc_alloc: Creating ashmem region of size 3686400
12-09 07:48:04.193 D/Mileage.ABS( 6742): Not backing up; 364
12-09 07:48:04.221 D/        ( 6784): HostConnection::get() New Host Connection established 0x7fbef8c92480, tid 6784
12-09 07:48:04.249 E/EGL_emulation( 1224): tid 1224: eglCreateSyncKHR(1881): error 0x3004 (EGL_BAD_ATTRIBUTE)
12-09 07:48:04.280 D/Mileage.ABS( 6742): Not backing up; 451
12-09 07:48:04.284 D/Mileage.ABS( 6742): Not backing up; 455
12-09 07:48:04.295 D/Mileage.ABS( 6742): Not backing up; 466
12-09 07:48:04.327 D/Mileage.ABS( 6742): Not backing up; 498
