--------- beginning of main
12-09 08:15:16.667 W/art     ( 1595): Long monitor contention event with owner method=void com.android.server.wm.WindowAnimator$1.doFrame(long) from WindowAnimator.java:121 waiters=1 for 163ms
12-09 08:15:16.826 W/art     ( 1595): Long monitor contention event with owner method=void com.android.server.wm.WindowAnimator$1.doFrame(long) from WindowAnimator.java:121 waiters=1 for 159ms
12-09 08:15:17.048 W/art     ( 1595): Long monitor contention event with owner method=void com.android.server.am.ActivityManagerService.activityPaused(android.os.IBinder) from ActivityManagerService.java:6439 waiters=0 for 1.293s
--------- beginning of system
12-09 08:15:17.107 W/InputMethodManagerService( 1595): Window already focused, ignoring focus gain of: com.android.internal.view.IInputMethodClient$Stub$Proxy@2679aef attribute=null, token = android.os.BinderProxy@18fa5e9
12-09 08:15:17.293 W/art     ( 1595): Long monitor contention event with owner method=void com.android.server.wm.WindowAnimator$1.doFrame(long) from WindowAnimator.java:121 waiters=0 for 166ms
12-09 08:15:17.588 D/AndroidRuntime(14766): >>>>>> START com.android.internal.os.RuntimeInit uid 0 <<<<<<
12-09 08:15:17.597 D/AndroidRuntime(14766): CheckJNI is ON
12-09 08:15:17.640 D/ICU     (14766): No timezone override file found: /data/misc/zoneinfo/current/icu/icu_tzdata.dat
12-09 08:15:18.131 E/memtrack(14766): Couldn't load memtrack module (No such file or directory)
12-09 08:15:18.135 E/android.os.Debug(14766): failed to load memtrack module: -2
12-09 08:15:18.136 I/Radio-JNI(14766): register_android_hardware_Radio DONE
12-09 08:15:18.151 D/AndroidRuntime(14766): Calling main entry com.android.commands.am.Am
12-09 08:15:18.200 I/ActivityManager( 1595): Force stopping com.evancharlton.mileage appid=10133 user=0: start instr
12-09 08:15:18.208 I/ActivityManager( 1595): Killing 14749:com.evancharlton.mileage/u0a133 (adj 0): stop com.evancharlton.mileage
12-09 08:15:18.376 W/ActivityManager( 1595): Crash of app com.evancharlton.mileage running instrumentation ComponentInfo{com.evancharlton.mileage.test/sh.calaba.instrumentationbackend.ClearAppData2}
12-09 08:15:18.376 I/ActivityManager( 1595): Force stopping com.evancharlton.mileage appid=10133 user=0: finished inst
12-09 08:15:18.496 I/ActivityManager( 1595): Start proc 14775:com.evancharlton.mileage/u0a133 for added application com.evancharlton.mileage
12-09 08:15:18.503 D/AndroidRuntime(14766): Shutting down VM
12-09 08:15:18.779 W/System  (14775): ClassLoader referenced unknown path: /data/app/com.evancharlton.mileage.test-1/lib/x86_64
12-09 08:15:18.783 W/System  (14775): ClassLoader referenced unknown path: /data/app/com.evancharlton.mileage-1/lib/x86_64
12-09 08:15:18.848 I/System.out(14775): Main activity name automatically set to: com.evancharlton.mileage.Mileage
12-09 08:15:18.848 I/System.out(14775): Calabash did not load Mono. This is only a problem if you are trying to test a Mono application
12-09 08:15:18.848 I/calabash(14775): Test server port: 7102
12-09 08:15:18.849 I/InstrumentationBackend(14775): Added:'GetPreferences', with key:'get_preferences'
12-09 08:15:18.893 I/InstrumentationBackend(14775): Added:'SetPreferences', with key:'set_preferences'
12-09 08:15:18.893 I/InstrumentationBackend(14775): Added:'ClearPreferences', with key:'clear_preferences'
12-09 08:15:18.893 I/InstrumentationBackend(14775): Added:'PressElement', with key:'press_l10n_element'
12-09 08:15:18.893 I/InstrumentationBackend(14775): Added:'WaitForElement', with key:'wait_for_l10n_element'
12-09 08:15:18.894 I/InstrumentationBackend(14775): Added:'NullAction', with key:'nullAction'
12-09 08:15:18.894 I/InstrumentationBackend(14775): Added:'PressKey', with key:'press_key'
12-09 08:15:18.894 I/InstrumentationBackend(14775): Added:'SetActivityOrientation', with key:'set_activity_orientation'
12-09 08:15:18.894 I/InstrumentationBackend(14775): Added:'GetActivityOrientation', with key:'get_activity_orientation'
12-09 08:15:18.894 I/InstrumentationBackend(14775): Added:'FakeGPSLocation', with key:'set_gps_coordinates'
12-09 08:15:18.894 I/InstrumentationBackend(14775): Added:'SetPropertyByCssSelector', with key:'set_property_by_css_selector'
12-09 08:15:18.895 I/InstrumentationBackend(14775): Added:'GetUrl', with key:'get_url'
12-09 08:15:18.969 I/InstrumentationBackend(14775): Added:'ScrollTo', with key:'scroll_to'
12-09 08:15:18.969 I/InstrumentationBackend(14775): Added:'GetLoadProgress', with key:'get_load_progress'
12-09 08:15:18.969 I/InstrumentationBackend(14775): Added:'DumpHtml', with key:'dump_html'
12-09 08:15:18.970 I/InstrumentationBackend(14775): Added:'DumpBodyHtml', with key:'dump_body_html'
12-09 08:15:18.970 I/InstrumentationBackend(14775): Added:'EnterTextByCssSelector', with key:'enter_text_by_selector'
12-09 08:15:18.971 I/InstrumentationBackend(14775): Added:'AndroidSDKVersion', with key:'android_sdk_version'
12-09 08:15:18.971 I/InstrumentationBackend(14775): Added:'Version', with key:'version'
12-09 08:15:18.976 I/InstrumentationBackend(14775): Added:'Drag', with key:'drag'
12-09 08:15:18.978 I/InstrumentationBackend(14775): Added:'TouchCoordinates', with key:'touch_coordinate'
12-09 08:15:18.978 I/InstrumentationBackend(14775): Added:'LongPressCoordinate', with key:'long_press_coordinate'
12-09 08:15:18.978 I/InstrumentationBackend(14775): Added:'DragCoordinates', with key:'drag_coordinates'
12-09 08:15:18.978 I/InstrumentationBackend(14775): Added:'ResumeApplication', with key:'resume_application'
12-09 08:15:18.978 I/InstrumentationBackend(14775): Added:'Swipe', with key:'swipe'
12-09 08:15:18.979 I/InstrumentationBackend(14775): Added:'DoubleTapCoordinate', with key:'double_tap_coordinate'
12-09 08:15:18.979 I/InstrumentationBackend(14775): Added:'ClickOnScreen', with key:'click_on_screen'
12-09 08:15:18.979 I/InstrumentationBackend(14775): Added:'GetActivityName', with key:'get_activity_name'
12-09 08:15:18.979 I/InstrumentationBackend(14775): Added:'ScrollToView', with key:'scroll_to_view'
12-09 08:15:18.980 I/InstrumentationBackend(14775): Added:'ViewConfiguration', with key:'view_configuration'
12-09 08:15:18.980 I/InstrumentationBackend(14775): Added:'IsCurrentActivityFocused', with key:'is_current_activity_focused'
12-09 08:15:18.980 I/InstrumentationBackend(14775): Added:'SendTcp', with key:'send_tcp'
12-09 08:15:18.980 I/InstrumentationBackend(14775): Added:'DpToDevicePixel', with key:'dp_to_device_pixel'
12-09 08:15:18.980 I/InstrumentationBackend(14775): Added:'KeyboardEnterText', with key:'keyboard_enter_text'
12-09 08:15:18.980 I/InstrumentationBackend(14775): Added:'DeleteSurroundingText', with key:'delete_surrounding_text'
12-09 08:15:18.981 I/InstrumentationBackend(14775): Added:'SetComposingRegion', with key:'set_composing_region'
12-09 08:15:18.981 I/InstrumentationBackend(14775): Added:'SetSelection', with key:'set_selection'
12-09 08:15:18.981 I/InstrumentationBackend(14775): Added:'KeyboardKeyEvent', with key:'keyboard_key_event'
12-09 08:15:18.981 I/InstrumentationBackend(14775): Added:'PressUserActionButton', with key:'press_user_action_button'
12-09 08:15:18.982 I/InstrumentationBackend(14775): Added:'HideSoftKeyboard', with key:'hide_soft_keyboard'
12-09 08:15:18.982 I/InstrumentationBackend(14775): Added:'ListActions', with key:'list_actions'
12-09 08:15:18.988 I/calabash(14775): Instantiating http server at 7102
12-09 08:15:19.015 I/System.out(14775): HTTP Daemon listening on: 7102
12-09 08:15:19.088 I/art     (14775): Background partial concurrent mark sweep GC freed 3377(341KB) AllocSpace objects, 0(0B) LOS objects, 49% free, 1032KB/2MB, paused 2.924ms total 160.328ms
12-09 08:15:19.124 I/System.out(14775): URI: //ping
12-09 08:15:19.125 I/System.out(14775): params: {json={}
12-09 08:15:19.125 I/System.out(14775): }
12-09 08:15:19.188 I/System.out(14775): URI: //ping
12-09 08:15:19.188 I/System.out(14775): params: {json={}
12-09 08:15:19.188 I/System.out(14775): }
12-09 08:15:19.268 I/System.out(14775): URI: //ready
12-09 08:15:19.268 I/System.out(14775): params: {json={}
12-09 08:15:19.268 I/System.out(14775): }
12-09 08:15:19.320 I/System.out(14775): URI: //
12-09 08:15:19.320 I/System.out(14775): params: {json={"command":"version","arguments":[]}
12-09 08:15:19.320 I/System.out(14775): }
12-09 08:15:19.320 I/System.out(14775): header: {date=Sun, 09 Dec 2018 08:15:20 GMT, accept=*/*, content-length=36, host=127.0.0.1:34777, user-agent=HTTPClient/1.0 (2.8.3, ruby 2.3.1 (2016-04-26)), content-type=application/json;charset=utf-8}
12-09 08:15:19.320 I/System.out(14775): params: {json={"command":"version","arguments":[]}
12-09 08:15:19.320 I/System.out(14775): }
12-09 08:15:19.320 I/System.out(14775): ProP json = {"command":"version","arguments":[]}
12-09 08:15:19.320 I/System.out(14775): files: {}
12-09 08:15:19.320 I/System.out(14775): command: {"command":"version","arguments":[]}
12-09 08:15:19.328 I/InstrumentationBackend(14775): Got command:'Command:'Line:null,version', arguments:'[]'
12-09 08:15:19.376 I/System.out(14775): result:{"bonusInformation":[],"message":"0.9.8","success":true}
12-09 08:15:19.406 I/art     (14775): Background sticky concurrent mark sweep GC freed 14497(850KB) AllocSpace objects, 12(240KB) LOS objects, 39% free, 1247KB/2MB, paused 5.910ms total 50.183ms
12-09 08:15:19.408 I/System.out(14775): URI: //start-application
12-09 08:15:19.408 I/System.out(14775): params: {json={"intent":null}
12-09 08:15:19.408 I/System.out(14775): }
12-09 08:15:19.452 I/ActivityManager( 1595): START u0 {act=android.intent.action.MAIN cat=[android.intent.category.LAUNCHER] flg=0x10200000 cmp=com.evancharlton.mileage/.Mileage} from uid 10133 on display 0
12-09 08:15:19.537 D/gralloc_ranchu( 1223): gralloc_alloc: Creating ashmem region of size 3686400
12-09 08:15:19.544 I/calabash(14775): newActivity1
12-09 08:15:19.576 I/calabash(14775): newActivity1
12-09 08:15:19.578 W/ActivityManager( 1595): Bad activity token: android.os.BinderProxy@854233d
12-09 08:15:19.578 W/ActivityManager( 1595): java.lang.ClassCastException: android.os.BinderProxy cannot be cast to com.android.server.am.ActivityRecord$Token
12-09 08:15:19.578 W/ActivityManager( 1595): 	at com.android.server.am.ActivityRecord.forTokenLocked(ActivityRecord.java:424)
12-09 08:15:19.578 W/ActivityManager( 1595): 	at com.android.server.am.ActivityRecord.isInStackLocked(ActivityRecord.java:1121)
12-09 08:15:19.578 W/ActivityManager( 1595): 	at com.android.server.am.ActivityRecord.getStackLocked(ActivityRecord.java:1126)
12-09 08:15:19.578 W/ActivityManager( 1595): 	at com.android.server.am.ActivityManagerService.getActivityDisplayId(ActivityManagerService.java:8889)
12-09 08:15:19.578 W/ActivityManager( 1595): 	at android.app.ActivityManagerNative.onTransact(ActivityManagerNative.java:2338)
12-09 08:15:19.578 W/ActivityManager( 1595): 	at com.android.server.am.ActivityManagerService.onTransact(ActivityManagerService.java:2443)
12-09 08:15:19.578 W/ActivityManager( 1595): 	at android.os.Binder.execTransact(Binder.java:453)
12-09 08:15:19.579 W/ActivityManager( 1595): Bad activity token: android.os.BinderProxy@854233d
12-09 08:15:19.579 W/ActivityManager( 1595): java.lang.ClassCastException: android.os.BinderProxy cannot be cast to com.android.server.am.ActivityRecord$Token
12-09 08:15:19.579 W/ActivityManager( 1595): 	at com.android.server.am.ActivityRecord.forTokenLocked(ActivityRecord.java:424)
12-09 08:15:19.579 W/ActivityManager( 1595): 	at com.android.server.am.ActivityRecord.isInStackLocked(ActivityRecord.java:1121)
12-09 08:15:19.579 W/ActivityManager( 1595): 	at com.android.server.am.ActivityManagerService.setTaskDescription(ActivityManagerService.java:8547)
12-09 08:15:19.579 W/ActivityManager( 1595): 	at android.app.ActivityManagerNative.onTransact(ActivityManagerNative.java:2410)
12-09 08:15:19.579 W/ActivityManager( 1595): 	at com.android.server.am.ActivityManagerService.onTransact(ActivityManagerService.java:2443)
12-09 08:15:19.579 W/ActivityManager( 1595): 	at android.os.Binder.execTransact(Binder.java:453)
12-09 08:15:19.722 V/PhoneStatusBar( 1688): setLightsOn(true)
12-09 08:15:19.737 D/FillupsProvider(14775): Creating database
12-09 08:15:19.795 D/EGL_emulation( 1928): eglMakeCurrent: 0x7f2639a21aa0: ver 2 0 (tinfo 0x7f2639a02800)
12-09 08:15:19.797 E/Surface ( 1928): getSlotFromBufferLocked: unknown buffer: 0x7f2635fe48e0
12-09 08:15:19.852 I/art     (14775): Background sticky concurrent mark sweep GC freed 7223(413KB) AllocSpace objects, 0(0B) LOS objects, 18% free, 1677KB/2MB, paused 7.500ms total 107.601ms
12-09 08:15:19.909 W/ActivityManager( 1595): Bad activity token: android.os.BinderProxy@854233d
12-09 08:15:19.909 W/ActivityManager( 1595): java.lang.ClassCastException: android.os.BinderProxy cannot be cast to com.android.server.am.ActivityRecord$Token
12-09 08:15:19.909 W/ActivityManager( 1595): 	at com.android.server.am.ActivityRecord.forTokenLocked(ActivityRecord.java:424)
12-09 08:15:19.909 W/ActivityManager( 1595): 	at com.android.server.am.ActivityRecord.isInStackLocked(ActivityRecord.java:1121)
12-09 08:15:19.909 W/ActivityManager( 1595): 	at com.android.server.am.ActivityManagerService.getActivityOptions(ActivityManagerService.java:11038)
12-09 08:15:19.909 W/ActivityManager( 1595): 	at android.app.ActivityManagerNative.onTransact(ActivityManagerNative.java:1734)
12-09 08:15:19.909 W/ActivityManager( 1595): 	at com.android.server.am.ActivityManagerService.onTransact(ActivityManagerService.java:2443)
12-09 08:15:19.909 W/ActivityManager( 1595): 	at android.os.Binder.execTransact(Binder.java:453)
12-09 08:15:19.910 W/ActivityManager( 1595): Bad activity token: android.os.BinderProxy@854233d
12-09 08:15:19.910 W/ActivityManager( 1595): java.lang.ClassCastException: android.os.BinderProxy cannot be cast to com.android.server.am.ActivityRecord$Token
12-09 08:15:19.910 W/ActivityManager( 1595): 	at com.android.server.am.ActivityRecord.forTokenLocked(ActivityRecord.java:424)
12-09 08:15:19.910 W/ActivityManager( 1595): 	at com.android.server.am.ActivityRecord.isInStackLocked(ActivityRecord.java:1121)
12-09 08:15:19.910 W/ActivityManager( 1595): 	at com.android.server.am.ActivityManagerService.getActivityOptions(ActivityManagerService.java:11038)
12-09 08:15:19.910 W/ActivityManager( 1595): 	at android.app.ActivityManagerNative.onTransact(ActivityManagerNative.java:1734)
12-09 08:15:19.910 W/ActivityManager( 1595): 	at com.android.server.am.ActivityManagerService.onTransact(ActivityManagerService.java:2443)
12-09 08:15:19.910 W/ActivityManager( 1595): 	at android.os.Binder.execTransact(Binder.java:453)
12-09 08:15:20.001 W/art     ( 1595): Long monitor contention event with owner method=void com.android.server.wm.WindowAnimator$1.doFrame(long) from WindowAnimator.java:121 waiters=1 for 158ms
12-09 08:15:20.095 I/art     (14775): Background sticky concurrent mark sweep GC freed 1110(170KB) AllocSpace objects, 0(0B) LOS objects, 0% free, 2036KB/2MB, paused 1.054ms total 187.215ms
12-09 08:15:20.513 W/art     ( 1595): Long monitor contention event with owner method=void com.android.server.wm.WindowAnimator$1.doFrame(long) from WindowAnimator.java:121 waiters=0 for 198ms
12-09 08:15:20.727 I/Choreographer(14775): Skipped 35 frames!  The application may be doing too much work on its main thread.
12-09 08:15:20.728 D/gralloc_ranchu( 1223): gralloc_alloc: Creating ashmem region of size 3686400
12-09 08:15:20.744 D/        (14775): HostConnection::get() New Host Connection established 0x7f263619cf20, tid 14775
12-09 08:15:20.909 I/ActivityManager( 1595): Displayed com.evancharlton.mileage/.Mileage: +1s377ms
12-09 08:15:20.937 D/gralloc_ranchu( 1223): gralloc_alloc: Creating ashmem region of size 3686400
12-09 08:15:21.541 W/art     ( 1595): Long monitor contention event with owner method=void com.android.server.wm.WindowAnimator$1.doFrame(long) from WindowAnimator.java:121 waiters=0 for 288ms
12-09 08:15:22.144 I/System.out(14775): URI: //gesture
12-09 08:15:22.144 I/System.out(14775): params: {json={"query_timeout":5.0,"gestures":[{"query_string":"android.widget.TabWidget descendant TextView index:3","touches":[{"x":50,"y":50,"offset_x":0,"offset_y":0,"wait":0.0,"time":0.2,"release":true,"query_string":null}]}]}
12-09 08:15:22.144 I/System.out(14775): }
12-09 08:15:22.593 I/calabash(14775): newActivity1
12-09 08:15:22.594 W/ActivityManager( 1595): Bad activity token: android.os.BinderProxy@589f371
12-09 08:15:22.594 W/ActivityManager( 1595): java.lang.ClassCastException: android.os.BinderProxy cannot be cast to com.android.server.am.ActivityRecord$Token
12-09 08:15:22.594 W/ActivityManager( 1595): 	at com.android.server.am.ActivityRecord.forTokenLocked(ActivityRecord.java:424)
12-09 08:15:22.594 W/ActivityManager( 1595): 	at com.android.server.am.ActivityRecord.isInStackLocked(ActivityRecord.java:1121)
12-09 08:15:22.594 W/ActivityManager( 1595): 	at com.android.server.am.ActivityRecord.getStackLocked(ActivityRecord.java:1126)
12-09 08:15:22.594 W/ActivityManager( 1595): 	at com.android.server.am.ActivityManagerService.getActivityDisplayId(ActivityManagerService.java:8889)
12-09 08:15:22.594 W/ActivityManager( 1595): 	at android.app.ActivityManagerNative.onTransact(ActivityManagerNative.java:2338)
12-09 08:15:22.594 W/ActivityManager( 1595): 	at com.android.server.am.ActivityManagerService.onTransact(ActivityManagerService.java:2443)
12-09 08:15:22.594 W/ActivityManager( 1595): 	at android.os.Binder.execTransact(Binder.java:453)
12-09 08:15:22.595 W/ActivityManager( 1595): Bad activity token: android.os.BinderProxy@589f371
12-09 08:15:22.595 W/ActivityManager( 1595): java.lang.ClassCastException: android.os.BinderProxy cannot be cast to com.android.server.am.ActivityRecord$Token
12-09 08:15:22.595 W/ActivityManager( 1595): 	at com.android.server.am.ActivityRecord.forTokenLocked(ActivityRecord.java:424)
12-09 08:15:22.595 W/ActivityManager( 1595): 	at com.android.server.am.ActivityRecord.isInStackLocked(ActivityRecord.java:1121)
12-09 08:15:22.595 W/ActivityManager( 1595): 	at com.android.server.am.ActivityManagerService.setTaskDescription(ActivityManagerService.java:8547)
12-09 08:15:22.595 W/ActivityManager( 1595): 	at android.app.ActivityManagerNative.onTransact(ActivityManagerNative.java:2410)
12-09 08:15:22.595 W/ActivityManager( 1595): 	at com.android.server.am.ActivityManagerService.onTransact(ActivityManagerService.java:2443)
12-09 08:15:22.595 W/ActivityManager( 1595): 	at android.os.Binder.execTransact(Binder.java:453)
12-09 08:15:22.654 W/art     (14775): Suspending all threads took: 5.535ms
12-09 08:15:22.658 I/art     (14775): Background sticky concurrent mark sweep GC freed 18614(801KB) AllocSpace objects, 0(0B) LOS objects, 26% free, 2MB/3MB, paused 6.591ms total 56.414ms
12-09 08:15:22.681 W/ActivityManager( 1595): Bad activity token: android.os.BinderProxy@589f371
12-09 08:15:22.681 W/ActivityManager( 1595): java.lang.ClassCastException: android.os.BinderProxy cannot be cast to com.android.server.am.ActivityRecord$Token
12-09 08:15:22.681 W/ActivityManager( 1595): 	at com.android.server.am.ActivityRecord.forTokenLocked(ActivityRecord.java:424)
12-09 08:15:22.681 W/ActivityManager( 1595): 	at com.android.server.am.ActivityRecord.isInStackLocked(ActivityRecord.java:1121)
12-09 08:15:22.681 W/ActivityManager( 1595): 	at com.android.server.am.ActivityManagerService.getActivityOptions(ActivityManagerService.java:11038)
12-09 08:15:22.681 W/ActivityManager( 1595): 	at android.app.ActivityManagerNative.onTransact(ActivityManagerNative.java:1734)
12-09 08:15:22.681 W/ActivityManager( 1595): 	at com.android.server.am.ActivityManagerService.onTransact(ActivityManagerService.java:2443)
12-09 08:15:22.681 W/ActivityManager( 1595): 	at android.os.Binder.execTransact(Binder.java:453)
12-09 08:15:22.682 W/ActivityManager( 1595): Bad activity token: android.os.BinderProxy@589f371
12-09 08:15:22.682 W/ActivityManager( 1595): java.lang.ClassCastException: android.os.BinderProxy cannot be cast to com.android.server.am.ActivityRecord$Token
12-09 08:15:22.682 W/ActivityManager( 1595): 	at com.android.server.am.ActivityRecord.forTokenLocked(ActivityRecord.java:424)
12-09 08:15:22.682 W/ActivityManager( 1595): 	at com.android.server.am.ActivityRecord.isInStackLocked(ActivityRecord.java:1121)
12-09 08:15:22.682 W/ActivityManager( 1595): 	at com.android.server.am.ActivityManagerService.getActivityOptions(ActivityManagerService.java:11038)
12-09 08:15:22.682 W/ActivityManager( 1595): 	at android.app.ActivityManagerNative.onTransact(ActivityManagerNative.java:1734)
12-09 08:15:22.682 W/ActivityManager( 1595): 	at com.android.server.am.ActivityManagerService.onTransact(ActivityManagerService.java:2443)
12-09 08:15:22.682 W/ActivityManager( 1595): 	at android.os.Binder.execTransact(Binder.java:453)
12-09 08:15:22.682 W/audio_hw_generic( 1310): Hardware backing HAL too slow, could only write 0 of 661 frames
12-09 08:15:22.835 W/audio_hw_generic( 1310): Hardware backing HAL too slow, could only write 0 of 661 frames
12-09 08:15:22.918 I/System.out(14775): URI: //map
12-09 08:15:22.918 I/System.out(14775): params: {json={"query":"android.widget.ListView index:0 android.widget.TextView index:0","operation":{"method_name":"query","arguments":[]}}
12-09 08:15:22.918 I/System.out(14775): }
12-09 08:15:22.965 I/art     (14775): Background sticky concurrent mark sweep GC freed 15758(818KB) AllocSpace objects, 1(20KB) LOS objects, 3% free, 2MB/3MB, paused 2.919ms total 264.176ms
12-09 08:15:23.067 I/art     (14775): Background partial concurrent mark sweep GC freed 14802(731KB) AllocSpace objects, 3(60KB) LOS objects, 40% free, 2MB/3MB, paused 10.658ms total 95.772ms
12-09 08:15:23.196 I/System.out(14775): URI: //gesture
12-09 08:15:23.196 I/System.out(14775): params: {json={"query_timeout":5.0,"gestures":[{"query_string":"android.widget.ListView index:0 android.widget.TextView index:0","touches":[{"x":50,"y":50,"offset_x":0,"offset_y":0,"wait":0.0,"time":0.2,"release":true,"query_string":null}]}]}
12-09 08:15:23.196 I/System.out(14775): }
12-09 08:15:23.320 W/audio_hw_generic( 1310): Not supplying enough data to HAL, expected position 27287115 , only wrote 27286080
12-09 08:15:23.320 W/audio_hw_generic( 1310): Not supplying enough data to HAL, expected position 27286086 , only wrote 27286080
12-09 08:15:23.395 W/audio_hw_generic( 1310): Not supplying enough data to HAL, expected position 27289401 , only wrote 27289385
12-09 08:15:23.395 W/audio_hw_generic( 1310): Not supplying enough data to HAL, expected position 27289391 , only wrote 27289385
12-09 08:15:23.428 W/audio_hw_generic( 1310): Hardware backing HAL too slow, could only write 0 of 661 frames
12-09 08:15:23.448 W/audio_hw_generic( 1310): Hardware backing HAL too slow, could only write 0 of 661 frames
12-09 08:15:23.596 W/audio_hw_generic( 1310): Hardware backing HAL too slow, could only write 0 of 661 frames
12-09 08:15:23.640 D/gralloc_ranchu( 1223): gralloc_alloc: Creating ashmem region of size 3686400
12-09 08:15:23.672 W/audio_hw_generic( 1310): Hardware backing HAL too slow, could only write 0 of 661 frames
12-09 08:15:23.695 W/audio_hw_generic( 1310): Hardware backing HAL too slow, could only write 0 of 661 frames
12-09 08:15:23.760 W/audio_hw_generic( 1310): Not supplying enough data to HAL, expected position 27305468 , only wrote 27305249
12-09 08:15:23.916 W/audio_hw_generic( 1310): Not supplying enough data to HAL, expected position 27312120 , only wrote 27311198
12-09 08:15:23.916 W/audio_hw_generic( 1310): Not supplying enough data to HAL, expected position 27311204 , only wrote 27311198
12-09 08:15:23.944 W/audio_hw_generic( 1310): Not supplying enough data to HAL, expected position 27312434 , only wrote 27311859
12-09 08:15:23.980 W/audio_hw_generic( 1310): Not supplying enough data to HAL, expected position 27313439 , only wrote 27313181
12-09 08:15:24.066 I/ActivityManager( 1595): START u0 {cmp=com.evancharlton.mileage/.VehicleActivity (has extras)} from uid 10133 on display 0
12-09 08:15:24.127 D/AudioFlinger( 1310): mixer(0xf4380000) throttle end: throttle time(5)
12-09 08:15:24.512 W/audio_hw_generic( 1310): Not supplying enough data to HAL, expected position 27336632 , only wrote 27325079
12-09 08:15:24.512 W/audio_hw_generic( 1310): Not supplying enough data to HAL, expected position 27325085 , only wrote 27325079
12-09 08:15:24.581 W/art     ( 1595): Long monitor contention event with owner method=void com.android.server.am.ActivityManagerService.activityPaused(android.os.IBinder) from ActivityManagerService.java:6439 waiters=1 for 360ms
12-09 08:15:24.596 W/audio_hw_generic( 1310): Hardware backing HAL too slow, could only write 0 of 661 frames
12-09 08:15:24.624 E/SurfaceFlinger( 1223): ro.sf.lcd_density must be defined as a build property
12-09 08:15:24.639 D/gralloc_ranchu( 1223): gralloc_alloc: Creating ashmem region of size 3686400
12-09 08:15:24.648 I/calabash(14775): newActivity1
12-09 08:15:24.682 D/        (14803): HostConnection::get() New Host Connection established 0x7f99c7112480, tid 14803
12-09 08:15:24.708 E/EGL_emulation( 1223): tid 1223: eglCreateSyncKHR(1881): error 0x3004 (EGL_BAD_ATTRIBUTE)
12-09 08:15:24.812 W/audio_hw_generic( 1310): Not supplying enough data to HAL, expected position 27338301 , only wrote 27338299
12-09 08:15:24.812 W/audio_hw_generic( 1310): Not supplying enough data to HAL, expected position 27338306 , only wrote 27338299
12-09 08:15:24.832 W/audio_hw_generic( 1310): Not supplying enough data to HAL, expected position 27339168 , only wrote 27338960
12-09 08:15:24.832 W/audio_hw_generic( 1310): Hardware backing HAL too slow, could only write 0 of 661 frames
12-09 08:15:25.043 I/art     (14775): Background sticky concurrent mark sweep GC freed 20134(1034KB) AllocSpace objects, 1(20KB) LOS objects, 29% free, 2MB/3MB, paused 24.281ms total 137.784ms
12-09 08:15:25.064 V/PhoneStatusBar( 1688): setLightsOn(true)
12-09 08:15:25.087 W/audio_hw_generic( 1310): Not supplying enough data to HAL, expected position 27350213 , only wrote 27350197
12-09 08:15:25.087 W/audio_hw_generic( 1310): Not supplying enough data to HAL, expected position 27350203 , only wrote 27350197
12-09 08:15:25.104 W/audio_hw_generic( 1310): Not supplying enough data to HAL, expected position 27350953 , only wrote 27350858
12-09 08:15:25.105 D/gralloc_ranchu( 1223): gralloc_alloc: Creating ashmem region of size 3686400
12-09 08:15:25.240 W/audio_hw_generic( 1310): Not supplying enough data to HAL, expected position 27356861 , only wrote 27356807
12-09 08:15:25.372 W/audio_hw_generic( 1310): Hardware backing HAL too slow, could only write 0 of 661 frames
12-09 08:15:25.411 W/audio_hw_generic( 1310): Hardware backing HAL too slow, could only write 0 of 661 frames
