--------- beginning of main
12-09 08:29:19.639 I/art     ( 1592): Background partial concurrent mark sweep GC freed 349(13KB) AllocSpace objects, 0(0B) LOS objects, 30% free, 9MB/13MB, paused 5.541ms total 42.491ms
--------- beginning of system
12-09 08:29:19.732 W/ActivityManager( 1592): Finishing task with all activities already finished
12-09 08:29:19.732 W/ActivityManager( 1592): Duplicate finish request for ActivityRecord{7e874d u0 com.evancharlton.mileage/.Mileage t463 f}
12-09 08:29:19.734 W/ActivityManager( 1592): Finishing task with all activities already finished
12-09 08:29:19.734 W/ActivityManager( 1592): Duplicate finish request for ActivityRecord{7e874d u0 com.evancharlton.mileage/.Mileage t463 f}
12-09 08:29:19.734 W/ActivityManager( 1592): Finishing task with all activities already finished
12-09 08:29:19.734 W/ActivityManager( 1592): Duplicate finish request for ActivityRecord{7e874d u0 com.evancharlton.mileage/.Mileage t463 f}
12-09 08:29:19.734 W/ActivityManager( 1592): Finishing task with all activities already finished
12-09 08:29:19.734 W/ActivityManager( 1592): Duplicate finish request for ActivityRecord{7e874d u0 com.evancharlton.mileage/.Mileage t463 f}
12-09 08:29:19.734 W/ActivityManager( 1592): Finishing task with all activities already finished
12-09 08:29:19.734 W/ActivityManager( 1592): Duplicate finish request for ActivityRecord{7e874d u0 com.evancharlton.mileage/.Mileage t463 f}
12-09 08:29:19.735 W/ActivityManager( 1592): Finishing task with all activities already finished
12-09 08:29:19.735 W/ActivityManager( 1592): Duplicate finish request for ActivityRecord{7e874d u0 com.evancharlton.mileage/.Mileage t463 f}
12-09 08:29:19.735 W/ActivityManager( 1592): Finishing task with all activities already finished
12-09 08:29:19.735 W/ActivityManager( 1592): Duplicate finish request for ActivityRecord{7e874d u0 com.evancharlton.mileage/.Mileage t463 f}
12-09 08:29:19.735 W/ActivityManager( 1592): Finishing task with all activities already finished
12-09 08:29:19.735 W/ActivityManager( 1592): Duplicate finish request for ActivityRecord{7e874d u0 com.evancharlton.mileage/.Mileage t463 f}
12-09 08:29:19.735 W/ActivityManager( 1592): Finishing task with all activities already finished
12-09 08:29:19.735 W/ActivityManager( 1592): Duplicate finish request for ActivityRecord{7e874d u0 com.evancharlton.mileage/.Mileage t463 f}
12-09 08:29:19.757 W/ActivityManager( 1592): Finishing task with all activities already finished
12-09 08:29:19.757 W/ActivityManager( 1592): Duplicate finish request for ActivityRecord{7e874d u0 com.evancharlton.mileage/.Mileage t463 f}
12-09 08:29:19.759 W/ActivityManager( 1592): Finishing task with all activities already finished
12-09 08:29:19.759 W/ActivityManager( 1592): Duplicate finish request for ActivityRecord{7e874d u0 com.evancharlton.mileage/.Mileage t463 f}
12-09 08:29:19.891 D/EGL_emulation( 1945): eglMakeCurrent: 0x7f42ff6e1d20: ver 2 0 (tinfo 0x7f42ff6c2960)
12-09 08:29:20.549 D/AndroidRuntime(17469): >>>>>> START com.android.internal.os.RuntimeInit uid 0 <<<<<<
12-09 08:29:20.551 D/AndroidRuntime(17469): CheckJNI is ON
12-09 08:29:20.602 D/ICU     (17469): No timezone override file found: /data/misc/zoneinfo/current/icu/icu_tzdata.dat
12-09 08:29:20.757 E/memtrack(17469): Couldn't load memtrack module (No such file or directory)
12-09 08:29:20.757 E/android.os.Debug(17469): failed to load memtrack module: -2
12-09 08:29:20.759 I/Radio-JNI(17469): register_android_hardware_Radio DONE
12-09 08:29:20.810 D/AndroidRuntime(17469): Calling main entry com.android.commands.am.Am
12-09 08:29:20.960 W/art     ( 1592): Long monitor contention event with owner method=void com.android.server.wm.WindowAnimator$1.doFrame(long) from WindowAnimator.java:121 waiters=1 for 191ms
12-09 08:29:21.098 W/art     ( 1592): Long monitor contention event with owner method=void com.android.server.wm.WindowAnimator$1.doFrame(long) from WindowAnimator.java:121 waiters=1 for 137ms
12-09 08:29:21.254 W/art     ( 1592): Long monitor contention event with owner method=void com.android.server.wm.WindowAnimator$1.doFrame(long) from WindowAnimator.java:121 waiters=1 for 156ms
12-09 08:29:21.370 W/art     ( 1592): Long monitor contention event with owner method=void com.android.server.wm.WindowAnimator$1.doFrame(long) from WindowAnimator.java:121 waiters=1 for 171ms
12-09 08:29:21.434 W/art     ( 1592): Long monitor contention event with owner method=void com.android.server.wm.WindowAnimator$1.doFrame(long) from WindowAnimator.java:121 waiters=1 for 180ms
12-09 08:29:21.556 W/art     ( 1592): Long monitor contention event with owner method=void com.android.server.wm.WindowAnimator$1.doFrame(long) from WindowAnimator.java:121 waiters=1 for 122ms
12-09 08:29:21.770 I/Choreographer( 1945): Skipped 109 frames!  The application may be doing too much work on its main thread.
12-09 08:29:21.791 W/art     ( 1592): Long monitor contention event with owner method=java.util.List com.android.server.am.ActivityManagerService.getAllStackInfos() from ActivityManagerService.java:8937 waiters=0 for 979ms
12-09 08:29:21.791 I/ActivityManager( 1592): Force stopping com.evancharlton.mileage appid=10137 user=0: start instr
12-09 08:29:21.792 I/ActivityManager( 1592): Killing 17423:com.evancharlton.mileage/u0a137 (adj 0): stop com.evancharlton.mileage
12-09 08:29:21.798 W/OpenGLRenderer( 1945): Incorrectly called buildLayer on View: ShortcutAndWidgetContainer, destroying layer...
12-09 08:29:21.904 W/ActivityManager( 1592): Crash of app com.evancharlton.mileage running instrumentation ComponentInfo{com.evancharlton.mileage.test/sh.calaba.instrumentationbackend.CalabashInstrumentationTestRunner}
12-09 08:29:21.904 I/ActivityManager( 1592): Force stopping com.evancharlton.mileage appid=10137 user=0: finished inst
12-09 08:29:21.905 I/WindowState( 1592): WIN DEATH: Window{5a2057 u0 com.evancharlton.mileage/com.evancharlton.mileage.Mileage EXITING}
12-09 08:29:21.941 I/ActivityManager( 1592): Start proc 17478:com.evancharlton.mileage/u0a137 for added application com.evancharlton.mileage
12-09 08:29:21.942 W/art     ( 1592): Long monitor contention event with owner method=java.util.List com.android.server.am.ActivityManagerService.getAllStackInfos() from ActivityManagerService.java:8937 waiters=1 for 781ms
12-09 08:29:21.956 D/AndroidRuntime(17469): Shutting down VM
12-09 08:29:22.018 W/System  (17478): ClassLoader referenced unknown path: /data/app/com.evancharlton.mileage.test-1/lib/x86_64
12-09 08:29:22.018 W/System  (17478): ClassLoader referenced unknown path: /data/app/com.evancharlton.mileage-1/lib/x86_64
12-09 08:29:22.134 I/System.out(17478): Main activity name automatically set to: com.evancharlton.mileage.Mileage
12-09 08:29:22.135 I/System.out(17478): Calabash did not load Mono. This is only a problem if you are trying to test a Mono application
12-09 08:29:22.135 I/calabash(17478): Test server port: 7102
12-09 08:29:22.136 I/InstrumentationBackend(17478): Added:'GetPreferences', with key:'get_preferences'
12-09 08:29:22.298 I/InstrumentationBackend(17478): Added:'SetPreferences', with key:'set_preferences'
12-09 08:29:22.317 I/InstrumentationBackend(17478): Added:'ClearPreferences', with key:'clear_preferences'
12-09 08:29:22.317 I/InstrumentationBackend(17478): Added:'PressElement', with key:'press_l10n_element'
12-09 08:29:22.317 I/InstrumentationBackend(17478): Added:'WaitForElement', with key:'wait_for_l10n_element'
12-09 08:29:22.317 I/InstrumentationBackend(17478): Added:'NullAction', with key:'nullAction'
12-09 08:29:22.318 I/InstrumentationBackend(17478): Added:'PressKey', with key:'press_key'
12-09 08:29:22.318 I/InstrumentationBackend(17478): Added:'SetActivityOrientation', with key:'set_activity_orientation'
12-09 08:29:22.318 I/InstrumentationBackend(17478): Added:'GetActivityOrientation', with key:'get_activity_orientation'
12-09 08:29:22.318 I/InstrumentationBackend(17478): Added:'FakeGPSLocation', with key:'set_gps_coordinates'
12-09 08:29:22.318 I/InstrumentationBackend(17478): Added:'SetPropertyByCssSelector', with key:'set_property_by_css_selector'
12-09 08:29:22.319 I/InstrumentationBackend(17478): Added:'GetUrl', with key:'get_url'
12-09 08:29:22.319 I/InstrumentationBackend(17478): Added:'ScrollTo', with key:'scroll_to'
12-09 08:29:22.320 I/InstrumentationBackend(17478): Added:'GetLoadProgress', with key:'get_load_progress'
12-09 08:29:22.320 I/InstrumentationBackend(17478): Added:'DumpHtml', with key:'dump_html'
12-09 08:29:22.320 I/InstrumentationBackend(17478): Added:'DumpBodyHtml', with key:'dump_body_html'
12-09 08:29:22.327 I/InstrumentationBackend(17478): Added:'EnterTextByCssSelector', with key:'enter_text_by_selector'
12-09 08:29:22.328 I/InstrumentationBackend(17478): Added:'AndroidSDKVersion', with key:'android_sdk_version'
12-09 08:29:22.328 I/InstrumentationBackend(17478): Added:'Version', with key:'version'
12-09 08:29:22.328 I/InstrumentationBackend(17478): Added:'Drag', with key:'drag'
12-09 08:29:22.328 I/InstrumentationBackend(17478): Added:'TouchCoordinates', with key:'touch_coordinate'
12-09 08:29:22.332 I/InstrumentationBackend(17478): Added:'LongPressCoordinate', with key:'long_press_coordinate'
12-09 08:29:22.337 I/InstrumentationBackend(17478): Added:'DragCoordinates', with key:'drag_coordinates'
12-09 08:29:22.337 I/InstrumentationBackend(17478): Added:'ResumeApplication', with key:'resume_application'
12-09 08:29:22.337 I/InstrumentationBackend(17478): Added:'Swipe', with key:'swipe'
12-09 08:29:22.337 I/InstrumentationBackend(17478): Added:'DoubleTapCoordinate', with key:'double_tap_coordinate'
12-09 08:29:22.337 I/InstrumentationBackend(17478): Added:'ClickOnScreen', with key:'click_on_screen'
12-09 08:29:22.338 I/InstrumentationBackend(17478): Added:'GetActivityName', with key:'get_activity_name'
12-09 08:29:22.338 I/InstrumentationBackend(17478): Added:'ScrollToView', with key:'scroll_to_view'
12-09 08:29:22.338 I/InstrumentationBackend(17478): Added:'ViewConfiguration', with key:'view_configuration'
12-09 08:29:22.338 I/InstrumentationBackend(17478): Added:'IsCurrentActivityFocused', with key:'is_current_activity_focused'
12-09 08:29:22.339 I/InstrumentationBackend(17478): Added:'SendTcp', with key:'send_tcp'
12-09 08:29:22.339 I/InstrumentationBackend(17478): Added:'DpToDevicePixel', with key:'dp_to_device_pixel'
12-09 08:29:22.339 I/InstrumentationBackend(17478): Added:'KeyboardEnterText', with key:'keyboard_enter_text'
12-09 08:29:22.339 I/InstrumentationBackend(17478): Added:'DeleteSurroundingText', with key:'delete_surrounding_text'
12-09 08:29:22.353 I/InstrumentationBackend(17478): Added:'SetComposingRegion', with key:'set_composing_region'
12-09 08:29:22.353 I/InstrumentationBackend(17478): Added:'SetSelection', with key:'set_selection'
12-09 08:29:22.353 I/InstrumentationBackend(17478): Added:'KeyboardKeyEvent', with key:'keyboard_key_event'
12-09 08:29:22.353 I/InstrumentationBackend(17478): Added:'PressUserActionButton', with key:'press_user_action_button'
12-09 08:29:22.354 I/InstrumentationBackend(17478): Added:'HideSoftKeyboard', with key:'hide_soft_keyboard'
12-09 08:29:22.354 I/InstrumentationBackend(17478): Added:'ListActions', with key:'list_actions'
12-09 08:29:22.354 I/calabash(17478): Instantiating http server at 7102
12-09 08:29:22.355 I/System.out(17478): HTTP Daemon listening on: 7102
12-09 08:29:22.526 W/WindowAnimator( 1592): Failed to dispatch window animation state change.
12-09 08:29:22.526 W/WindowAnimator( 1592): android.os.DeadObjectException
12-09 08:29:22.526 W/WindowAnimator( 1592): 	at android.os.BinderProxy.transactNative(Native Method)
12-09 08:29:22.526 W/WindowAnimator( 1592): 	at android.os.BinderProxy.transact(Binder.java:503)
12-09 08:29:22.526 W/WindowAnimator( 1592): 	at android.view.IWindow$Stub$Proxy.onAnimationStopped(IWindow.java:534)
12-09 08:29:22.526 W/WindowAnimator( 1592): 	at com.android.server.wm.WindowAnimator.updateWindowsLocked(WindowAnimator.java:286)
12-09 08:29:22.526 W/WindowAnimator( 1592): 	at com.android.server.wm.WindowAnimator.animateLocked(WindowAnimator.java:678)
12-09 08:29:22.526 W/WindowAnimator( 1592): 	at com.android.server.wm.WindowAnimator.-wrap0(WindowAnimator.java)
12-09 08:29:22.526 W/WindowAnimator( 1592): 	at com.android.server.wm.WindowAnimator$1.doFrame(WindowAnimator.java:123)
12-09 08:29:22.526 W/WindowAnimator( 1592): 	at android.view.Choreographer$CallbackRecord.run(Choreographer.java:856)
12-09 08:29:22.526 W/WindowAnimator( 1592): 	at android.view.Choreographer.doCallbacks(Choreographer.java:670)
12-09 08:29:22.526 W/WindowAnimator( 1592): 	at android.view.Choreographer.doFrame(Choreographer.java:603)
12-09 08:29:22.526 W/WindowAnimator( 1592): 	at android.view.Choreographer$FrameDisplayEventReceiver.run(Choreographer.java:844)
12-09 08:29:22.526 W/WindowAnimator( 1592): 	at android.os.Handler.handleCallback(Handler.java:739)
12-09 08:29:22.526 W/WindowAnimator( 1592): 	at android.os.Handler.dispatchMessage(Handler.java:95)
12-09 08:29:22.526 W/WindowAnimator( 1592): 	at android.os.Looper.loop(Looper.java:148)
12-09 08:29:22.526 W/WindowAnimator( 1592): 	at android.os.HandlerThread.run(HandlerThread.java:61)
12-09 08:29:22.526 W/WindowAnimator( 1592): 	at com.android.server.ServiceThread.run(ServiceThread.java:46)
12-09 08:29:22.611 I/art     (17478): Background partial concurrent mark sweep GC freed 1593(204KB) AllocSpace objects, 1(20KB) LOS objects, 51% free, 971KB/1995KB, paused 9.875ms total 233.335ms
12-09 08:29:22.612 I/System.out(17478): URI: //ping
12-09 08:29:22.641 I/System.out(17478): params: {json={}
12-09 08:29:22.641 I/System.out(17478): }
12-09 08:29:22.715 I/System.out(17478): URI: //ping
12-09 08:29:22.715 I/System.out(17478): params: {json={}
12-09 08:29:22.715 I/System.out(17478): }
12-09 08:29:22.733 I/System.out(17478): URI: //ready
12-09 08:29:22.733 I/System.out(17478): params: {json={}
12-09 08:29:22.733 I/System.out(17478): }
12-09 08:29:22.813 I/System.out(17478): URI: //
12-09 08:29:22.814 I/System.out(17478): params: {json={"command":"version","arguments":[]}
12-09 08:29:22.814 I/System.out(17478): }
12-09 08:29:22.814 I/System.out(17478): header: {date=Sun, 09 Dec 2018 08:29:23 GMT, accept=*/*, content-length=36, host=127.0.0.1:34777, user-agent=HTTPClient/1.0 (2.8.3, ruby 2.3.1 (2016-04-26)), content-type=application/json;charset=utf-8}
12-09 08:29:22.814 I/System.out(17478): params: {json={"command":"version","arguments":[]}
12-09 08:29:22.814 I/System.out(17478): }
12-09 08:29:22.814 I/System.out(17478): ProP json = {"command":"version","arguments":[]}
12-09 08:29:22.814 I/System.out(17478): files: {}
12-09 08:29:22.814 I/System.out(17478): command: {"command":"version","arguments":[]}
12-09 08:29:22.831 I/InstrumentationBackend(17478): Got command:'Command:'Line:null,version', arguments:'[]'
12-09 08:29:22.910 I/System.out(17478): result:{"bonusInformation":[],"message":"0.9.8","success":true}
12-09 08:29:22.997 I/System.out(17478): URI: //start-application
12-09 08:29:22.997 I/System.out(17478): params: {json={"intent":null}
12-09 08:29:22.997 I/System.out(17478): }
12-09 08:29:23.041 I/art     (17478): Background sticky concurrent mark sweep GC freed 14242(827KB) AllocSpace objects, 12(240KB) LOS objects, 26% free, 1469KB/1995KB, paused 5.591ms total 150.261ms
12-09 08:29:23.090 I/ActivityManager( 1592): START u0 {act=android.intent.action.MAIN cat=[android.intent.category.LAUNCHER] flg=0x10200000 cmp=com.evancharlton.mileage/.Mileage} from uid 10137 on display 0
12-09 08:29:23.186 I/calabash(17478): newActivity1
12-09 08:29:23.364 I/calabash(17478): newActivity1
12-09 08:29:23.406 D/gralloc_ranchu( 1218): gralloc_alloc: Creating ashmem region of size 3686400
12-09 08:29:23.418 W/ActivityManager( 1592): Bad activity token: android.os.BinderProxy@8f36a5e
12-09 08:29:23.418 W/ActivityManager( 1592): java.lang.ClassCastException: android.os.BinderProxy cannot be cast to com.android.server.am.ActivityRecord$Token
12-09 08:29:23.418 W/ActivityManager( 1592): 	at com.android.server.am.ActivityRecord.forTokenLocked(ActivityRecord.java:424)
12-09 08:29:23.418 W/ActivityManager( 1592): 	at com.android.server.am.ActivityRecord.isInStackLocked(ActivityRecord.java:1121)
12-09 08:29:23.418 W/ActivityManager( 1592): 	at com.android.server.am.ActivityRecord.getStackLocked(ActivityRecord.java:1126)
12-09 08:29:23.418 W/ActivityManager( 1592): 	at com.android.server.am.ActivityManagerService.getActivityDisplayId(ActivityManagerService.java:8889)
12-09 08:29:23.418 W/ActivityManager( 1592): 	at android.app.ActivityManagerNative.onTransact(ActivityManagerNative.java:2338)
12-09 08:29:23.418 W/ActivityManager( 1592): 	at com.android.server.am.ActivityManagerService.onTransact(ActivityManagerService.java:2443)
12-09 08:29:23.418 W/ActivityManager( 1592): 	at android.os.Binder.execTransact(Binder.java:453)
12-09 08:29:23.419 W/ActivityManager( 1592): Bad activity token: android.os.BinderProxy@8f36a5e
12-09 08:29:23.419 W/ActivityManager( 1592): java.lang.ClassCastException: android.os.BinderProxy cannot be cast to com.android.server.am.ActivityRecord$Token
12-09 08:29:23.419 W/ActivityManager( 1592): 	at com.android.server.am.ActivityRecord.forTokenLocked(ActivityRecord.java:424)
12-09 08:29:23.419 W/ActivityManager( 1592): 	at com.android.server.am.ActivityRecord.isInStackLocked(ActivityRecord.java:1121)
12-09 08:29:23.419 W/ActivityManager( 1592): 	at com.android.server.am.ActivityManagerService.setTaskDescription(ActivityManagerService.java:8547)
12-09 08:29:23.419 W/ActivityManager( 1592): 	at android.app.ActivityManagerNative.onTransact(ActivityManagerNative.java:2410)
12-09 08:29:23.419 W/ActivityManager( 1592): 	at com.android.server.am.ActivityManagerService.onTransact(ActivityManagerService.java:2443)
12-09 08:29:23.419 W/ActivityManager( 1592): 	at android.os.Binder.execTransact(Binder.java:453)
12-09 08:29:23.554 W/ActivityManager( 1592): Bad activity token: android.os.BinderProxy@8f36a5e
12-09 08:29:23.554 W/ActivityManager( 1592): java.lang.ClassCastException: android.os.BinderProxy cannot be cast to com.android.server.am.ActivityRecord$Token
12-09 08:29:23.554 W/ActivityManager( 1592): 	at com.android.server.am.ActivityRecord.forTokenLocked(ActivityRecord.java:424)
12-09 08:29:23.554 W/ActivityManager( 1592): 	at com.android.server.am.ActivityRecord.isInStackLocked(ActivityRecord.java:1121)
12-09 08:29:23.554 W/ActivityManager( 1592): 	at com.android.server.am.ActivityManagerService.getActivityOptions(ActivityManagerService.java:11038)
12-09 08:29:23.554 W/ActivityManager( 1592): 	at android.app.ActivityManagerNative.onTransact(ActivityManagerNative.java:1734)
12-09 08:29:23.554 W/ActivityManager( 1592): 	at com.android.server.am.ActivityManagerService.onTransact(ActivityManagerService.java:2443)
12-09 08:29:23.554 W/ActivityManager( 1592): 	at android.os.Binder.execTransact(Binder.java:453)
12-09 08:29:23.557 W/ActivityManager( 1592): Bad activity token: android.os.BinderProxy@8f36a5e
12-09 08:29:23.557 W/ActivityManager( 1592): java.lang.ClassCastException: android.os.BinderProxy cannot be cast to com.android.server.am.ActivityRecord$Token
12-09 08:29:23.557 W/ActivityManager( 1592): 	at com.android.server.am.ActivityRecord.forTokenLocked(ActivityRecord.java:424)
12-09 08:29:23.557 W/ActivityManager( 1592): 	at com.android.server.am.ActivityRecord.isInStackLocked(ActivityRecord.java:1121)
12-09 08:29:23.557 W/ActivityManager( 1592): 	at com.android.server.am.ActivityManagerService.getActivityOptions(ActivityManagerService.java:11038)
12-09 08:29:23.557 W/ActivityManager( 1592): 	at android.app.ActivityManagerNative.onTransact(ActivityManagerNative.java:1734)
12-09 08:29:23.557 W/ActivityManager( 1592): 	at com.android.server.am.ActivityManagerService.onTransact(ActivityManagerService.java:2443)
12-09 08:29:23.557 W/ActivityManager( 1592): 	at android.os.Binder.execTransact(Binder.java:453)
12-09 08:29:23.597 V/PhoneStatusBar( 1701): setLightsOn(true)
12-09 08:29:23.691 D/EGL_emulation( 1945): eglMakeCurrent: 0x7f42ff6e1d20: ver 2 0 (tinfo 0x7f42ff6c2960)
12-09 08:29:23.705 E/Surface ( 1945): getSlotFromBufferLocked: unknown buffer: 0x7f42fb546420
12-09 08:29:23.722 I/art     (17478): Background sticky concurrent mark sweep GC freed 765(53KB) AllocSpace objects, 0(0B) LOS objects, 0% free, 2014KB/2014KB, paused 11.560ms total 92.408ms
12-09 08:29:24.352 W/art     ( 1592): Long monitor contention event with owner method=void com.android.server.wm.WindowAnimator$1.doFrame(long) from WindowAnimator.java:121 waiters=0 for 196ms
12-09 08:29:24.518 W/art     ( 1592): Long monitor contention event with owner method=void com.android.server.wm.WindowAnimator$1.doFrame(long) from WindowAnimator.java:121 waiters=0 for 167ms
12-09 08:29:24.520 W/art     ( 1592): Long monitor contention event with owner method=void com.android.server.wm.WindowAnimator$1.doFrame(long) from WindowAnimator.java:121 waiters=1 for 155ms
12-09 08:29:24.627 W/art     ( 1592): Long monitor contention event with owner method=void com.android.server.wm.WindowManagerService$H.handleMessage(android.os.Message) from WindowManagerService.java:7820 waiters=1 for 109ms
12-09 08:29:24.633 I/Choreographer(17478): Skipped 40 frames!  The application may be doing too much work on its main thread.
12-09 08:29:24.924 D/gralloc_ranchu( 1218): gralloc_alloc: Creating ashmem region of size 3686400
12-09 08:29:25.086 D/        (17478): HostConnection::get() New Host Connection established 0x7f42ff55d320, tid 17478
12-09 08:29:25.191 I/ActivityManager( 1592): Displayed com.evancharlton.mileage/.Mileage: +2s11ms
12-09 08:29:25.253 D/gralloc_ranchu( 1218): gralloc_alloc: Creating ashmem region of size 3686400
12-09 08:29:25.683 W/art     ( 1592): Long monitor contention event with owner method=void com.android.server.wm.WindowAnimator$1.doFrame(long) from WindowAnimator.java:121 waiters=0 for 141ms
12-09 08:29:26.028 D/gralloc_ranchu( 1218): gralloc_alloc: Creating ashmem region of size 3686400
12-09 08:29:26.034 I/System.out(17478): URI: //gesture
12-09 08:29:26.034 I/System.out(17478): params: {json={"query_timeout":5.0,"gestures":[{"query_string":"android.widget.TabWidget descendant TextView index:1","touches":[{"x":50,"y":50,"offset_x":0,"offset_y":0,"wait":0.0,"time":0.2,"release":true,"query_string":null}]}]}
12-09 08:29:26.034 I/System.out(17478): }
12-09 08:29:26.214 I/art     (17478): Background sticky concurrent mark sweep GC freed 24816(1130KB) AllocSpace objects, 2(40KB) LOS objects, 29% free, 2MB/2MB, paused 11.566ms total 176.349ms
12-09 08:29:26.665 W/audio_hw_generic( 1308): Hardware backing HAL too slow, could only write 0 of 661 frames
12-09 08:29:26.665 W/audio_hw_generic( 1308): Hardware backing HAL too slow, could only write 0 of 661 frames
12-09 08:29:26.665 W/audio_hw_generic( 1308): Hardware backing HAL too slow, could only write 0 of 661 frames
12-09 08:29:26.682 W/audio_hw_generic( 1308): Hardware backing HAL too slow, could only write 0 of 661 frames
12-09 08:29:26.701 W/art     (17478): Suspending all threads took: 19.239ms
12-09 08:29:26.713 W/audio_hw_generic( 1308): Hardware backing HAL too slow, could only write 0 of 661 frames
12-09 08:29:26.718 I/calabash(17478): newActivity1
12-09 08:29:26.719 W/ActivityManager( 1592): Bad activity token: android.os.BinderProxy@edc5ed3
12-09 08:29:26.719 W/ActivityManager( 1592): java.lang.ClassCastException: android.os.BinderProxy cannot be cast to com.android.server.am.ActivityRecord$Token
12-09 08:29:26.719 W/ActivityManager( 1592): 	at com.android.server.am.ActivityRecord.forTokenLocked(ActivityRecord.java:424)
12-09 08:29:26.719 W/ActivityManager( 1592): 	at com.android.server.am.ActivityRecord.isInStackLocked(ActivityRecord.java:1121)
12-09 08:29:26.719 W/ActivityManager( 1592): 	at com.android.server.am.ActivityRecord.getStackLocked(ActivityRecord.java:1126)
12-09 08:29:26.719 W/ActivityManager( 1592): 	at com.android.server.am.ActivityManagerService.getActivityDisplayId(ActivityManagerService.java:8889)
12-09 08:29:26.719 W/ActivityManager( 1592): 	at android.app.ActivityManagerNative.onTransact(ActivityManagerNative.java:2338)
12-09 08:29:26.719 W/ActivityManager( 1592): 	at com.android.server.am.ActivityManagerService.onTransact(ActivityManagerService.java:2443)
12-09 08:29:26.719 W/ActivityManager( 1592): 	at android.os.Binder.execTransact(Binder.java:453)
12-09 08:29:26.720 W/ActivityManager( 1592): Bad activity token: android.os.BinderProxy@edc5ed3
12-09 08:29:26.720 W/ActivityManager( 1592): java.lang.ClassCastException: android.os.BinderProxy cannot be cast to com.android.server.am.ActivityRecord$Token
12-09 08:29:26.720 W/ActivityManager( 1592): 	at com.android.server.am.ActivityRecord.forTokenLocked(ActivityRecord.java:424)
12-09 08:29:26.720 W/ActivityManager( 1592): 	at com.android.server.am.ActivityRecord.isInStackLocked(ActivityRecord.java:1121)
12-09 08:29:26.720 W/ActivityManager( 1592): 	at com.android.server.am.ActivityManagerService.setTaskDescription(ActivityManagerService.java:8547)
12-09 08:29:26.720 W/ActivityManager( 1592): 	at android.app.ActivityManagerNative.onTransact(ActivityManagerNative.java:2410)
12-09 08:29:26.720 W/ActivityManager( 1592): 	at com.android.server.am.ActivityManagerService.onTransact(ActivityManagerService.java:2443)
12-09 08:29:26.720 W/ActivityManager( 1592): 	at android.os.Binder.execTransact(Binder.java:453)
12-09 08:29:26.728 I/art     (17478): Background sticky concurrent mark sweep GC freed 16751(709KB) AllocSpace objects, 0(0B) LOS objects, 13% free, 2MB/2MB, paused 20.472ms total 71.383ms
12-09 08:29:26.728 W/audio_hw_generic( 1308): Hardware backing HAL too slow, could only write 0 of 661 frames
12-09 08:29:26.742 W/audio_hw_generic( 1308): Hardware backing HAL too slow, could only write 0 of 661 frames
12-09 08:29:26.917 W/audio_hw_generic( 1308): Hardware backing HAL too slow, could only write 0 of 661 frames
12-09 08:29:26.919 I/art     (17478): Background sticky concurrent mark sweep GC freed 19598(996KB) AllocSpace objects, 1(20KB) LOS objects, 19% free, 2MB/2MB, paused 1.273ms total 172.647ms
12-09 08:29:26.933 W/audio_hw_generic( 1308): Hardware backing HAL too slow, could only write 0 of 661 frames
12-09 08:29:26.945 W/ActivityManager( 1592): Bad activity token: android.os.BinderProxy@edc5ed3
12-09 08:29:26.945 W/ActivityManager( 1592): java.lang.ClassCastException: android.os.BinderProxy cannot be cast to com.android.server.am.ActivityRecord$Token
12-09 08:29:26.945 W/ActivityManager( 1592): 	at com.android.server.am.ActivityRecord.forTokenLocked(ActivityRecord.java:424)
12-09 08:29:26.945 W/ActivityManager( 1592): 	at com.android.server.am.ActivityRecord.isInStackLocked(ActivityRecord.java:1121)
12-09 08:29:26.945 W/ActivityManager( 1592): 	at com.android.server.am.ActivityManagerService.getActivityOptions(ActivityManagerService.java:11038)
12-09 08:29:26.945 W/ActivityManager( 1592): 	at android.app.ActivityManagerNative.onTransact(ActivityManagerNative.java:1734)
12-09 08:29:26.945 W/ActivityManager( 1592): 	at com.android.server.am.ActivityManagerService.onTransact(ActivityManagerService.java:2443)
12-09 08:29:26.945 W/ActivityManager( 1592): 	at android.os.Binder.execTransact(Binder.java:453)
12-09 08:29:26.945 W/ActivityManager( 1592): Bad activity token: android.os.BinderProxy@edc5ed3
12-09 08:29:26.945 W/ActivityManager( 1592): java.lang.ClassCastException: android.os.BinderProxy cannot be cast to com.android.server.am.ActivityRecord$Token
12-09 08:29:26.945 W/ActivityManager( 1592): 	at com.android.server.am.ActivityRecord.forTokenLocked(ActivityRecord.java:424)
12-09 08:29:26.945 W/ActivityManager( 1592): 	at com.android.server.am.ActivityRecord.isInStackLocked(ActivityRecord.java:1121)
12-09 08:29:26.945 W/ActivityManager( 1592): 	at com.android.server.am.ActivityManagerService.getActivityOptions(ActivityManagerService.java:11038)
12-09 08:29:26.945 W/ActivityManager( 1592): 	at android.app.ActivityManagerNative.onTransact(ActivityManagerNative.java:1734)
12-09 08:29:26.945 W/ActivityManager( 1592): 	at com.android.server.am.ActivityManagerService.onTransact(ActivityManagerService.java:2443)
12-09 08:29:26.945 W/ActivityManager( 1592): 	at android.os.Binder.execTransact(Binder.java:453)
12-09 08:29:26.947 W/audio_hw_generic( 1308): Hardware backing HAL too slow, could only write 0 of 661 frames
12-09 08:29:26.962 W/audio_hw_generic( 1308): Hardware backing HAL too slow, could only write 0 of 661 frames
12-09 08:29:26.990 W/audio_hw_generic( 1308): Hardware backing HAL too slow, could only write 0 of 661 frames
12-09 08:29:27.007 W/audio_hw_generic( 1308): Hardware backing HAL too slow, could only write 0 of 661 frames
12-09 08:29:27.025 W/audio_hw_generic( 1308): Hardware backing HAL too slow, could only write 0 of 661 frames
12-09 08:29:27.041 W/audio_hw_generic( 1308): Hardware backing HAL too slow, could only write 0 of 661 frames
12-09 08:29:27.058 W/audio_hw_generic( 1308): Hardware backing HAL too slow, could only write 0 of 661 frames
12-09 08:29:27.079 D/Mileage (17478): Not enough fillups to calculate economy
12-09 08:29:27.080 W/audio_hw_generic( 1308): Hardware backing HAL too slow, could only write 0 of 661 frames
12-09 08:29:27.082 W/audio_hw_generic( 1308): Hardware backing HAL too slow, could only write 0 of 661 frames
12-09 08:29:27.115 W/audio_hw_generic( 1308): Not supplying enough data to HAL, expected position 38550210 , only wrote 38550181
12-09 08:29:27.233 W/audio_hw_generic( 1308): Not supplying enough data to HAL, expected position 38555364 , only wrote 38554808
12-09 08:29:27.399 W/audio_hw_generic( 1308): Not supplying enough data to HAL, expected position 38562143 , only wrote 38562079
12-09 08:29:27.399 W/audio_hw_generic( 1308): Not supplying enough data to HAL, expected position 38562086 , only wrote 38562079
12-09 08:29:27.399 W/audio_hw_generic( 1308): Hardware backing HAL too slow, could only write 0 of 661 frames
12-09 08:29:27.414 W/audio_hw_generic( 1308): Hardware backing HAL too slow, could only write 0 of 661 frames
12-09 08:29:27.429 W/audio_hw_generic( 1308): Hardware backing HAL too slow, could only write 0 of 661 frames
12-09 08:29:27.450 W/audio_hw_generic( 1308): Hardware backing HAL too slow, could only write 0 of 661 frames
12-09 08:29:27.472 W/audio_hw_generic( 1308): Hardware backing HAL too slow, could only write 0 of 661 frames
12-09 08:29:27.486 W/audio_hw_generic( 1308): Hardware backing HAL too slow, could only write 0 of 661 frames
12-09 08:29:27.506 W/audio_hw_generic( 1308): Hardware backing HAL too slow, could only write 0 of 661 frames
12-09 08:29:27.565 E/SurfaceFlinger( 1218): ro.sf.lcd_density must be defined as a build property
12-09 08:29:27.603 D/gralloc_ranchu( 1218): gralloc_alloc: Creating ashmem region of size 3686400
12-09 08:29:27.686 W/audio_hw_generic( 1308): Not supplying enough data to HAL, expected position 38574740 , only wrote 38572655
12-09 08:29:27.686 W/audio_hw_generic( 1308): Not supplying enough data to HAL, expected position 38572662 , only wrote 38572655
12-09 08:29:27.707 W/audio_hw_generic( 1308): Not supplying enough data to HAL, expected position 38573551 , only wrote 38573316
12-09 08:29:27.725 W/audio_hw_generic( 1308): Not supplying enough data to HAL, expected position 38574101 , only wrote 38573977
12-09 08:29:27.725 W/audio_hw_generic( 1308): Not supplying enough data to HAL, expected position 38573984 , only wrote 38573977
12-09 08:29:27.741 W/audio_hw_generic( 1308): Not supplying enough data to HAL, expected position 38574675 , only wrote 38574638
12-09 08:29:27.766 D/        (17505): HostConnection::get() New Host Connection established 0x7f3c8dc12480, tid 17505
12-09 08:29:27.787 W/audio_hw_generic( 1308): Hardware backing HAL too slow, could only write 0 of 661 frames
12-09 08:29:27.797 E/EGL_emulation( 1218): tid 1218: eglCreateSyncKHR(1881): error 0x3004 (EGL_BAD_ATTRIBUTE)
12-09 08:29:27.825 W/audio_hw_generic( 1308): Hardware backing HAL too slow, could only write 0 of 661 frames
12-09 08:29:27.837 W/audio_hw_generic( 1308): Hardware backing HAL too slow, could only write 0 of 661 frames
12-09 08:29:27.913 W/audio_hw_generic( 1308): Not supplying enough data to HAL, expected position 38582228 , only wrote 38581248
12-09 08:29:27.913 W/audio_hw_generic( 1308): Not supplying enough data to HAL, expected position 38581255 , only wrote 38581248
12-09 08:29:27.933 W/audio_hw_generic( 1308): Not supplying enough data to HAL, expected position 38582119 , only wrote 38581909
12-09 08:29:27.951 W/audio_hw_generic( 1308): Hardware backing HAL too slow, could only write 0 of 661 frames
12-09 08:29:27.966 W/audio_hw_generic( 1308): Hardware backing HAL too slow, could only write 0 of 661 frames
12-09 08:29:27.981 W/audio_hw_generic( 1308): Hardware backing HAL too slow, could only write 0 of 661 frames
12-09 08:29:28.048 W/audio_hw_generic( 1308): Not supplying enough data to HAL, expected position 38587010 , only wrote 38586536
12-09 08:29:28.048 W/audio_hw_generic( 1308): Not supplying enough data to HAL, expected position 38586543 , only wrote 38586536
12-09 08:29:28.081 W/audio_hw_generic( 1308): Not supplying enough data to HAL, expected position 38587953 , only wrote 38587197
12-09 08:29:28.395 W/audio_hw_generic( 1308): Not supplying enough data to HAL, expected position 38601078 , only wrote 38600417
12-09 08:29:28.396 W/audio_hw_generic( 1308): Not supplying enough data to HAL, expected position 38600427 , only wrote 38600417
12-09 08:29:28.413 W/audio_hw_generic( 1308): Not supplying enough data to HAL, expected position 38601177 , only wrote 38601078
12-09 08:29:28.535 W/audio_hw_generic( 1308): Not supplying enough data to HAL, expected position 38606455 , only wrote 38606366
12-09 08:29:28.535 W/audio_hw_generic( 1308): Not supplying enough data to HAL, expected position 38606374 , only wrote 38606366
12-09 08:29:28.553 W/audio_hw_generic( 1308): Not supplying enough data to HAL, expected position 38607144 , only wrote 38607027
12-09 08:29:28.602 I/System.out(17478): URI: //gesture
12-09 08:29:28.602 I/System.out(17478): params: {json={"query_timeout":5.0,"gestures":[{"query_string":"android.widget.TabWidget descendant TextView index:3","touches":[{"x":50,"y":50,"offset_x":0,"offset_y":0,"wait":0.0,"time":0.2,"release":true,"query_string":null}]}]}
12-09 08:29:28.602 I/System.out(17478): }
12-09 08:29:28.605 W/audio_hw_generic( 1308): Hardware backing HAL too slow, could only write 0 of 661 frames
12-09 08:29:28.607 W/audio_hw_generic( 1308): Hardware backing HAL too slow, could only write 0 of 661 frames
12-09 08:29:28.651 W/audio_hw_generic( 1308): Hardware backing HAL too slow, could only write 0 of 661 frames
12-09 08:29:28.677 W/audio_hw_generic( 1308): Not supplying enough data to HAL, expected position 38612495 , only wrote 38612315
12-09 08:29:28.680 W/CursorWrapperInner(17478): Cursor finalized without prior close()
12-09 08:29:28.823 W/audio_hw_generic( 1308): Not supplying enough data to HAL, expected position 38618755 , only wrote 38616942
12-09 08:29:28.823 W/audio_hw_generic( 1308): Not supplying enough data to HAL, expected position 38616949 , only wrote 38616942
12-09 08:29:28.850 W/audio_hw_generic( 1308): Not supplying enough data to HAL, expected position 38618121 , only wrote 38617603
12-09 08:29:28.850 W/audio_hw_generic( 1308): Hardware backing HAL too slow, could only write 0 of 661 frames
12-09 08:29:28.871 W/audio_hw_generic( 1308): Hardware backing HAL too slow, could only write 0 of 661 frames
12-09 08:29:28.895 W/audio_hw_generic( 1308): Hardware backing HAL too slow, could only write 0 of 661 frames
12-09 08:29:28.946 W/audio_hw_generic( 1308): Not supplying enough data to HAL, expected position 38621870 , only wrote 38621569
12-09 08:29:29.041 W/audio_hw_generic( 1308): Not supplying enough data to HAL, expected position 38625719 , only wrote 38624874
12-09 08:29:29.041 W/audio_hw_generic( 1308): Not supplying enough data to HAL, expected position 38624881 , only wrote 38624874
12-09 08:29:29.061 W/audio_hw_generic( 1308): Not supplying enough data to HAL, expected position 38625752 , only wrote 38625535
12-09 08:29:29.061 W/audio_hw_generic( 1308): Hardware backing HAL too slow, could only write 0 of 661 frames
12-09 08:29:29.061 W/audio_hw_generic( 1308): Hardware backing HAL too slow, could only write 0 of 661 frames
12-09 08:29:29.080 I/calabash(17478): newActivity1
12-09 08:29:29.085 W/ActivityManager( 1592): Bad activity token: android.os.BinderProxy@68b873c
12-09 08:29:29.085 W/ActivityManager( 1592): java.lang.ClassCastException: android.os.BinderProxy cannot be cast to com.android.server.am.ActivityRecord$Token
12-09 08:29:29.085 W/ActivityManager( 1592): 	at com.android.server.am.ActivityRecord.forTokenLocked(ActivityRecord.java:424)
12-09 08:29:29.085 W/ActivityManager( 1592): 	at com.android.server.am.ActivityRecord.isInStackLocked(ActivityRecord.java:1121)
12-09 08:29:29.085 W/ActivityManager( 1592): 	at com.android.server.am.ActivityRecord.getStackLocked(ActivityRecord.java:1126)
12-09 08:29:29.085 W/ActivityManager( 1592): 	at com.android.server.am.ActivityManagerService.getActivityDisplayId(ActivityManagerService.java:8889)
12-09 08:29:29.085 W/ActivityManager( 1592): 	at android.app.ActivityManagerNative.onTransact(ActivityManagerNative.java:2338)
12-09 08:29:29.085 W/ActivityManager( 1592): 	at com.android.server.am.ActivityManagerService.onTransact(ActivityManagerService.java:2443)
12-09 08:29:29.085 W/ActivityManager( 1592): 	at android.os.Binder.execTransact(Binder.java:453)
12-09 08:29:29.087 W/ActivityManager( 1592): Bad activity token: android.os.BinderProxy@68b873c
12-09 08:29:29.087 W/ActivityManager( 1592): java.lang.ClassCastException: android.os.BinderProxy cannot be cast to com.android.server.am.ActivityRecord$Token
12-09 08:29:29.087 W/ActivityManager( 1592): 	at com.android.server.am.ActivityRecord.forTokenLocked(ActivityRecord.java:424)
12-09 08:29:29.087 W/ActivityManager( 1592): 	at com.android.server.am.ActivityRecord.isInStackLocked(ActivityRecord.java:1121)
12-09 08:29:29.087 W/ActivityManager( 1592): 	at com.android.server.am.ActivityManagerService.setTaskDescription(ActivityManagerService.java:8547)
12-09 08:29:29.087 W/ActivityManager( 1592): 	at android.app.ActivityManagerNative.onTransact(ActivityManagerNative.java:2410)
12-09 08:29:29.087 W/ActivityManager( 1592): 	at com.android.server.am.ActivityManagerService.onTransact(ActivityManagerService.java:2443)
12-09 08:29:29.087 W/ActivityManager( 1592): 	at android.os.Binder.execTransact(Binder.java:453)
12-09 08:29:29.125 W/audio_hw_generic( 1308): Not supplying enough data to HAL, expected position 38628356 , only wrote 38628179
12-09 08:29:29.126 W/ActivityManager( 1592): Bad activity token: android.os.BinderProxy@68b873c
12-09 08:29:29.126 W/ActivityManager( 1592): java.lang.ClassCastException: android.os.BinderProxy cannot be cast to com.android.server.am.ActivityRecord$Token
12-09 08:29:29.126 W/ActivityManager( 1592): 	at com.android.server.am.ActivityRecord.forTokenLocked(ActivityRecord.java:424)
12-09 08:29:29.126 W/ActivityManager( 1592): 	at com.android.server.am.ActivityRecord.isInStackLocked(ActivityRecord.java:1121)
12-09 08:29:29.126 W/ActivityManager( 1592): 	at com.android.server.am.ActivityManagerService.getActivityOptions(ActivityManagerService.java:11038)
12-09 08:29:29.126 W/ActivityManager( 1592): 	at android.app.ActivityManagerNative.onTransact(ActivityManagerNative.java:1734)
12-09 08:29:29.126 W/ActivityManager( 1592): 	at com.android.server.am.ActivityManagerService.onTransact(ActivityManagerService.java:2443)
12-09 08:29:29.126 W/ActivityManager( 1592): 	at android.os.Binder.execTransact(Binder.java:453)
12-09 08:29:29.126 W/ActivityManager( 1592): Bad activity token: android.os.BinderProxy@68b873c
12-09 08:29:29.126 W/ActivityManager( 1592): java.lang.ClassCastException: android.os.BinderProxy cannot be cast to com.android.server.am.ActivityRecord$Token
12-09 08:29:29.126 W/ActivityManager( 1592): 	at com.android.server.am.ActivityRecord.forTokenLocked(ActivityRecord.java:424)
12-09 08:29:29.126 W/ActivityManager( 1592): 	at com.android.server.am.ActivityRecord.isInStackLocked(ActivityRecord.java:1121)
12-09 08:29:29.126 W/ActivityManager( 1592): 	at com.android.server.am.ActivityManagerService.getActivityOptions(ActivityManagerService.java:11038)
12-09 08:29:29.126 W/ActivityManager( 1592): 	at android.app.ActivityManagerNative.onTransact(ActivityManagerNative.java:1734)
12-09 08:29:29.126 W/ActivityManager( 1592): 	at com.android.server.am.ActivityManagerService.onTransact(ActivityManagerService.java:2443)
12-09 08:29:29.126 W/ActivityManager( 1592): 	at android.os.Binder.execTransact(Binder.java:453)
12-09 08:29:29.143 W/audio_hw_generic( 1308): Not supplying enough data to HAL, expected position 38629006 , only wrote 38628840
12-09 08:29:29.233 W/audio_hw_generic( 1308): Not supplying enough data to HAL, expected position 38632772 , only wrote 38632145
12-09 08:29:29.233 W/audio_hw_generic( 1308): Not supplying enough data to HAL, expected position 38632152 , only wrote 38632145
12-09 08:29:29.293 W/audio_hw_generic( 1308): Not supplying enough data to HAL, expected position 38634774 , only wrote 38632806
12-09 08:29:29.333 W/audio_hw_generic( 1308): Not supplying enough data to HAL, expected position 38634570 , only wrote 38634128
12-09 08:29:29.372 W/audio_hw_generic( 1308): Hardware backing HAL too slow, could only write 0 of 661 frames
12-09 08:29:29.388 W/audio_hw_generic( 1308): Hardware backing HAL too slow, could only write 0 of 661 frames
12-09 08:29:29.406 W/audio_hw_generic( 1308): Hardware backing HAL too slow, could only write 0 of 661 frames
12-09 08:29:29.424 I/art     (17478): Background partial concurrent mark sweep GC freed 29309(1558KB) AllocSpace objects, 2(40KB) LOS objects, 40% free, 2MB/3MB, paused 1.080ms total 272.612ms
12-09 08:29:29.789 W/audio_hw_generic( 1308): Not supplying enough data to HAL, expected position 38654251 , only wrote 38653958
12-09 08:29:29.833 E/SurfaceFlinger( 1218): ro.sf.lcd_density must be defined as a build property
12-09 08:29:29.834 D/gralloc_ranchu( 1218): gralloc_alloc: Creating ashmem region of size 3686400
12-09 08:29:29.837 W/audio_hw_generic( 1308): Not supplying enough data to HAL, expected position 38656075 , only wrote 38655280
12-09 08:29:29.853 W/audio_hw_generic( 1308): Hardware backing HAL too slow, could only write 0 of 661 frames
12-09 08:29:29.866 D/        (17510): HostConnection::get() New Host Connection established 0x7f5542412480, tid 17510
12-09 08:29:29.873 W/audio_hw_generic( 1308): Hardware backing HAL too slow, could only write 0 of 661 frames
12-09 08:29:29.898 E/EGL_emulation( 1218): tid 1218: eglCreateSyncKHR(1881): error 0x3004 (EGL_BAD_ATTRIBUTE)
12-09 08:29:29.899 W/audio_hw_generic( 1308): Hardware backing HAL too slow, could only write 0 of 661 frames
12-09 08:29:30.019 W/audio_hw_generic( 1308): Not supplying enough data to HAL, expected position 38663301 , only wrote 38663212
12-09 08:29:30.019 W/audio_hw_generic( 1308): Not supplying enough data to HAL, expected position 38663219 , only wrote 38663212
12-09 08:29:30.037 W/audio_hw_generic( 1308): Not supplying enough data to HAL, expected position 38664032 , only wrote 38663873
12-09 08:29:30.224 W/audio_hw_generic( 1308): Not supplying enough data to HAL, expected position 38672101 , only wrote 38671805
12-09 08:29:30.224 W/audio_hw_generic( 1308): Not supplying enough data to HAL, expected position 38671812 , only wrote 38671805
12-09 08:29:30.246 W/audio_hw_generic( 1308): Not supplying enough data to HAL, expected position 38672790 , only wrote 38672466
12-09 08:29:30.436 W/audio_hw_generic( 1308): Not supplying enough data to HAL, expected position 38680845 , only wrote 38679737
12-09 08:29:30.761 W/audio_hw_generic( 1308): Not supplying enough data to HAL, expected position 38694035 , only wrote 38693618
12-09 08:29:30.761 W/audio_hw_generic( 1308): Not supplying enough data to HAL, expected position 38693625 , only wrote 38693618
12-09 08:29:30.777 W/audio_hw_generic( 1308): Not supplying enough data to HAL, expected position 38694323 , only wrote 38694279
12-09 08:29:30.929 W/audio_hw_generic( 1308): Not supplying enough data to HAL, expected position 38700980 , only wrote 38700889
12-09 08:29:30.990 I/System.out(17478): URI: //gesture
12-09 08:29:30.990 I/System.out(17478): params: {json={"query_timeout":5.0,"gestures":[{"query_string":"android.widget.TabWidget descendant TextView index:2","touches":[{"x":50,"y":50,"offset_x":0,"offset_y":0,"wait":0.0,"time":0.2,"release":true,"query_string":null}]}]}
12-09 08:29:30.990 I/System.out(17478): }
12-09 08:29:31.008 W/audio_hw_generic( 1308): Not supplying enough data to HAL, expected position 38704388 , only wrote 38704194
12-09 08:29:31.237 W/audio_hw_generic( 1308): Not supplying enough data to HAL, expected position 38714270 , only wrote 38713448
12-09 08:29:31.237 W/audio_hw_generic( 1308): Not supplying enough data to HAL, expected position 38713456 , only wrote 38713448
12-09 08:29:31.253 W/audio_hw_generic( 1308): Not supplying enough data to HAL, expected position 38714148 , only wrote 38714109
12-09 08:29:31.306 I/calabash(17478): newActivity1
12-09 08:29:31.314 W/audio_hw_generic( 1308): Hardware backing HAL too slow, could only write 0 of 661 frames
12-09 08:29:31.345 W/audio_hw_generic( 1308): Hardware backing HAL too slow, could only write 0 of 661 frames
12-09 08:29:31.377 D/AudioFlinger( 1308): mixer(0xf43c0000) throttle end: throttle time(6)
12-09 08:29:31.396 W/ActivityManager( 1592): Bad activity token: android.os.BinderProxy@1050cc5
12-09 08:29:31.396 W/ActivityManager( 1592): java.lang.ClassCastException: android.os.BinderProxy cannot be cast to com.android.server.am.ActivityRecord$Token
12-09 08:29:31.396 W/ActivityManager( 1592): 	at com.android.server.am.ActivityRecord.forTokenLocked(ActivityRecord.java:424)
12-09 08:29:31.396 W/ActivityManager( 1592): 	at com.android.server.am.ActivityRecord.isInStackLocked(ActivityRecord.java:1121)
12-09 08:29:31.396 W/ActivityManager( 1592): 	at com.android.server.am.ActivityRecord.getStackLocked(ActivityRecord.java:1126)
12-09 08:29:31.396 W/ActivityManager( 1592): 	at com.android.server.am.ActivityManagerService.getActivityDisplayId(ActivityManagerService.java:8889)
12-09 08:29:31.396 W/ActivityManager( 1592): 	at android.app.ActivityManagerNative.onTransact(ActivityManagerNative.java:2338)
12-09 08:29:31.396 W/ActivityManager( 1592): 	at com.android.server.am.ActivityManagerService.onTransact(ActivityManagerService.java:2443)
12-09 08:29:31.396 W/ActivityManager( 1592): 	at android.os.Binder.execTransact(Binder.java:453)
12-09 08:29:31.397 W/ActivityManager( 1592): Bad activity token: android.os.BinderProxy@1050cc5
12-09 08:29:31.397 W/ActivityManager( 1592): java.lang.ClassCastException: android.os.BinderProxy cannot be cast to com.android.server.am.ActivityRecord$Token
12-09 08:29:31.397 W/ActivityManager( 1592): 	at com.android.server.am.ActivityRecord.forTokenLocked(ActivityRecord.java:424)
12-09 08:29:31.397 W/ActivityManager( 1592): 	at com.android.server.am.ActivityRecord.isInStackLocked(ActivityRecord.java:1121)
12-09 08:29:31.397 W/ActivityManager( 1592): 	at com.android.server.am.ActivityManagerService.setTaskDescription(ActivityManagerService.java:8547)
12-09 08:29:31.397 W/ActivityManager( 1592): 	at android.app.ActivityManagerNative.onTransact(ActivityManagerNative.java:2410)
12-09 08:29:31.397 W/ActivityManager( 1592): 	at com.android.server.am.ActivityManagerService.onTransact(ActivityManagerService.java:2443)
12-09 08:29:31.397 W/ActivityManager( 1592): 	at android.os.Binder.execTransact(Binder.java:453)
12-09 08:29:31.505 W/audio_hw_generic( 1308): Hardware backing HAL too slow, could only write 0 of 661 frames
12-09 08:29:31.507 I/art     (17478): Background sticky concurrent mark sweep GC freed 53246(2MB) AllocSpace objects, 1(20KB) LOS objects, 22% free, 3MB/3MB, paused 2.062ms total 193.081ms
12-09 08:29:31.520 W/audio_hw_generic( 1308): Hardware backing HAL too slow, could only write 0 of 661 frames
12-09 08:29:31.537 W/audio_hw_generic( 1308): Hardware backing HAL too slow, could only write 0 of 661 frames
12-09 08:29:31.549 D/VehicleStatisticsActivity(17478): Checking recalculation ...
12-09 08:29:31.558 D/VehicleStatisticsActivity(17478): Recalculating statistics
12-09 08:29:31.569 D/VehicleStatisticsTask(17478): Calculation starting...
12-09 08:29:31.571 D/VehicleStatisticsActivity(17478): Recalculation started!
12-09 08:29:31.573 W/ActivityManager( 1592): Bad activity token: android.os.BinderProxy@1050cc5
12-09 08:29:31.573 W/ActivityManager( 1592): java.lang.ClassCastException: android.os.BinderProxy cannot be cast to com.android.server.am.ActivityRecord$Token
12-09 08:29:31.573 W/ActivityManager( 1592): 	at com.android.server.am.ActivityRecord.forTokenLocked(ActivityRecord.java:424)
12-09 08:29:31.573 W/ActivityManager( 1592): 	at com.android.server.am.ActivityRecord.isInStackLocked(ActivityRecord.java:1121)
12-09 08:29:31.573 W/ActivityManager( 1592): 	at com.android.server.am.ActivityManagerService.getActivityOptions(ActivityManagerService.java:11038)
12-09 08:29:31.573 W/ActivityManager( 1592): 	at android.app.ActivityManagerNative.onTransact(ActivityManagerNative.java:1734)
12-09 08:29:31.573 W/ActivityManager( 1592): 	at com.android.server.am.ActivityManagerService.onTransact(ActivityManagerService.java:2443)
12-09 08:29:31.573 W/ActivityManager( 1592): 	at android.os.Binder.execTransact(Binder.java:453)
12-09 08:29:31.573 W/ActivityManager( 1592): Bad activity token: android.os.BinderProxy@1050cc5
12-09 08:29:31.573 W/ActivityManager( 1592): java.lang.ClassCastException: android.os.BinderProxy cannot be cast to com.android.server.am.ActivityRecord$Token
