12-09 08:16:59.650 W/audio_hw_generic( 1307): Hardware backing HAL too slow, could only write 0 of 661 frames
12-09 08:16:59.669 W/audio_hw_generic( 1307): Hardware backing HAL too slow, could only write 0 of 661 frames
12-09 08:16:59.825 W/audio_hw_generic( 1307): Hardware backing HAL too slow, could only write 0 of 661 frames
12-09 08:16:59.836 W/audio_hw_generic( 1307): Hardware backing HAL too slow, could only write 0 of 661 frames
12-09 08:16:59.853 W/audio_hw_generic( 1307): Hardware backing HAL too slow, could only write 0 of 661 frames
12-09 08:16:59.977 W/audio_hw_generic( 1307): Not supplying enough data to HAL, expected position 32833285 , only wrote 32830548
12-09 08:16:59.997 W/audio_hw_generic( 1307): Not supplying enough data to HAL, expected position 32831433 , only wrote 32831209
12-09 08:17:00.047 D/AudioFlinger( 1307): mixer(0xf43c0000) throttle end: throttle time(11)
12-09 08:17:00.129 I/art     (14490): Background sticky concurrent mark sweep GC freed 41073(1910KB) AllocSpace objects, 1(20KB) LOS objects, 18% free, 3MB/3MB, paused 8.745ms total 200.291ms
12-09 08:17:00.693 D/hwcomposer( 1224): hw_composer sent 627 syncs in 60s
12-09 08:17:01.101 W/audio_hw_generic( 1307): Hardware backing HAL too slow, could only write 0 of 661 frames
12-09 08:17:01.112 I/System.out(14490): URI: //map
12-09 08:17:01.133 I/System.out(14490): params: {json={"query":"android.widget.EditText id:'price'","operation":{"method_name":"query","arguments":[]}}
12-09 08:17:01.133 I/System.out(14490): }
12-09 08:17:01.237 W/audio_hw_generic( 1307): Not supplying enough data to HAL, expected position 32885867 , only wrote 32885411
12-09 08:17:01.237 W/audio_hw_generic( 1307): Not supplying enough data to HAL, expected position 32885417 , only wrote 32885411
12-09 08:17:01.274 W/audio_hw_generic( 1307): Not supplying enough data to HAL, expected position 32887045 , only wrote 32886072
12-09 08:17:01.444 W/ResourceType(14490): No package identifier when getting name for resource number 0x00000001
12-09 08:17:01.561 W/audio_hw_generic( 1307): Not supplying enough data to HAL, expected position 32898752 , only wrote 32898631
12-09 08:17:01.562 W/audio_hw_generic( 1307): Not supplying enough data to HAL, expected position 32898638 , only wrote 32898631
12-09 08:17:01.582 W/audio_hw_generic( 1307): Not supplying enough data to HAL, expected position 32899523 , only wrote 32899292
12-09 08:17:01.610 I/System.out(14490): URI: //gesture
12-09 08:17:01.610 I/System.out(14490): params: {json={"query_timeout":5.0,"gestures":[{"query_string":"android.widget.EditText id:'price'","touches":[{"x":50,"y":50,"offset_x":0,"offset_y":0,"wait":0.0,"time":0.2,"release":true,"query_string":null}]}]}
12-09 08:17:01.610 I/System.out(14490): }
12-09 08:17:01.614 I/art     (14490): Background sticky concurrent mark sweep GC freed 32789(1521KB) AllocSpace objects, 1(20KB) LOS objects, 4% free, 3MB/3MB, paused 921us total 116.108ms
12-09 08:17:01.751 I/art     (14490): Background sticky concurrent mark sweep GC freed 12119(514KB) AllocSpace objects, 1(20KB) LOS objects, 13% free, 3MB/3MB, paused 1.254ms total 132.198ms
12-09 08:17:01.756 W/ResourceType(14490): No package identifier when getting name for resource number 0x00000001
12-09 08:17:01.881 W/audio_hw_generic( 1307): Hardware backing HAL too slow, could only write 0 of 661 frames
12-09 08:17:01.909 W/audio_hw_generic( 1307): Hardware backing HAL too slow, could only write 0 of 661 frames
12-09 08:17:01.946 W/audio_hw_generic( 1307): Hardware backing HAL too slow, could only write 0 of 661 frames
12-09 08:17:01.946 W/audio_hw_generic( 1307): Not supplying enough data to HAL, expected position 32915338 , only wrote 32915156
12-09 08:17:01.946 W/audio_hw_generic( 1307): Not supplying enough data to HAL, expected position 32915161 , only wrote 32915156
12-09 08:17:01.966 W/audio_hw_generic( 1307): Not supplying enough data to HAL, expected position 32916032 , only wrote 32915817
12-09 08:17:02.021 W/audio_hw_generic( 1307): Not supplying enough data to HAL, expected position 32918247 , only wrote 32917139
12-09 08:17:02.112 W/audio_hw_generic( 1307): Not supplying enough data to HAL, expected position 32921139 , only wrote 32921105
12-09 08:17:02.112 W/audio_hw_generic( 1307): Not supplying enough data to HAL, expected position 32921111 , only wrote 32921105
12-09 08:17:02.130 W/audio_hw_generic( 1307): Not supplying enough data to HAL, expected position 32921926 , only wrote 32921766
12-09 08:17:02.144 I/LatinIME( 1864): Starting input. Cursor position = 0,0
12-09 08:17:02.282 W/audio_hw_generic( 1307): Not supplying enough data to HAL, expected position 32928441 , only wrote 32927715
12-09 08:17:02.282 W/audio_hw_generic( 1307): Not supplying enough data to HAL, expected position 32927721 , only wrote 32927715
12-09 08:17:02.310 W/audio_hw_generic( 1307): Not supplying enough data to HAL, expected position 32928961 , only wrote 32928376
12-09 08:17:02.363 I/art     (14490): Background partial concurrent mark sweep GC freed 40044(2MB) AllocSpace objects, 11(220KB) LOS objects, 40% free, 2MB/4MB, paused 921us total 216.637ms
12-09 08:17:02.439 W/audio_hw_generic( 1307): Not supplying enough data to HAL, expected position 32934063 , only wrote 32933003
12-09 08:17:02.439 W/audio_hw_generic( 1307): Not supplying enough data to HAL, expected position 32933009 , only wrote 32933003
12-09 08:17:02.487 D/EGL_emulation( 1864): eglMakeCurrent: 0x7f13df594a80: ver 2 0 (tinfo 0x7f13d77dca20)
12-09 08:17:02.518 W/audio_hw_generic( 1307): Not supplying enough data to HAL, expected position 32936479 , only wrote 32933664
12-09 08:17:02.561 W/audio_hw_generic( 1307): Not supplying enough data to HAL, expected position 32935559 , only wrote 32934986
12-09 08:17:02.825 W/audio_hw_generic( 1307): Not supplying enough data to HAL, expected position 32946644 , only wrote 32946223
12-09 08:17:02.826 W/audio_hw_generic( 1307): Not supplying enough data to HAL, expected position 32946230 , only wrote 32946223
12-09 08:17:02.841 W/audio_hw_generic( 1307): Hardware backing HAL too slow, could only write 0 of 661 frames
12-09 08:17:02.841 W/audio_hw_generic( 1307): Hardware backing HAL too slow, could only write 0 of 661 frames
12-09 08:17:02.847 I/System.out(14490): URI: //
12-09 08:17:02.847 I/System.out(14490): params: {json={"command":"set_selection","arguments":[-1,-1]}
12-09 08:17:02.847 I/System.out(14490): }
12-09 08:17:02.847 I/System.out(14490): header: {date=Sun, 09 Dec 2018 08:17:03 GMT, accept=*/*, content-length=47, host=127.0.0.1:34777, user-agent=HTTPClient/1.0 (2.8.3, ruby 2.3.1 (2016-04-26)), content-type=application/json;charset=utf-8}
12-09 08:17:02.847 I/System.out(14490): params: {json={"command":"set_selection","arguments":[-1,-1]}
12-09 08:17:02.847 I/System.out(14490): }
12-09 08:17:02.847 I/System.out(14490): ProP json = {"command":"set_selection","arguments":[-1,-1]}
12-09 08:17:02.847 I/System.out(14490): files: {}
12-09 08:17:02.847 I/System.out(14490): command: {"command":"set_selection","arguments":[-1,-1]}
12-09 08:17:02.848 I/InstrumentationBackend(14490): Got command:'Command:'Line:null,set_selection', arguments:'[-1, -1]'
12-09 08:17:02.908 I/System.out(14490): result:{"bonusInformation":[],"message":"","success":true}
12-09 08:17:02.987 W/audio_hw_generic( 1307): Not supplying enough data to HAL, expected position 32953353 , only wrote 32950850
12-09 08:17:03.041 W/audio_hw_generic( 1307): Not supplying enough data to HAL, expected position 32953235 , only wrote 32952172
12-09 08:17:03.097 I/System.out(14490): URI: //
12-09 08:17:03.098 I/System.out(14490): params: {json={"command":"keyboard_enter_text","arguments":["54"]}
12-09 08:17:03.098 I/System.out(14490): }
12-09 08:17:03.098 I/System.out(14490): header: {date=Sun, 09 Dec 2018 08:17:04 GMT, accept=*/*, content-length=52, host=127.0.0.1:34777, user-agent=HTTPClient/1.0 (2.8.3, ruby 2.3.1 (2016-04-26)), content-type=application/json;charset=utf-8}
12-09 08:17:03.098 I/System.out(14490): params: {json={"command":"keyboard_enter_text","arguments":["54"]}
12-09 08:17:03.098 I/System.out(14490): }
12-09 08:17:03.098 I/System.out(14490): ProP json = {"command":"keyboard_enter_text","arguments":["54"]}
12-09 08:17:03.098 I/System.out(14490): files: {}
12-09 08:17:03.098 I/System.out(14490): command: {"command":"keyboard_enter_text","arguments":["54"]}
12-09 08:17:03.099 I/InstrumentationBackend(14490): Got command:'Command:'Line:null,keyboard_enter_text', arguments:'[54]'
12-09 08:17:03.103 E/SpannableStringBuilder(14490): SPAN_EXCLUSIVE_EXCLUSIVE spans cannot have a zero length
12-09 08:17:03.103 E/SpannableStringBuilder(14490): SPAN_EXCLUSIVE_EXCLUSIVE spans cannot have a zero length
12-09 08:17:03.117 W/audio_hw_generic( 1307): Not supplying enough data to HAL, expected position 32957950 , only wrote 32955477
12-09 08:17:03.217 E/SpannableStringBuilder(14490): SPAN_EXCLUSIVE_EXCLUSIVE spans cannot have a zero length
12-09 08:17:03.217 E/SpannableStringBuilder(14490): SPAN_EXCLUSIVE_EXCLUSIVE spans cannot have a zero length
12-09 08:17:03.238 I/System.out(14490): result:{"bonusInformation":[],"message":"","success":true}
12-09 08:17:03.363 I/art     (14490): Background sticky concurrent mark sweep GC freed 27641(1260KB) AllocSpace objects, 6(120KB) LOS objects, 37% free, 2MB/4MB, paused 979us total 138.957ms
12-09 08:17:03.399 I/System.out(14490): URI: //map
12-09 08:17:03.399 I/System.out(14490): params: {json={"query":"android.widget.EditText id:'volume'","operation":{"method_name":"query","arguments":[]}}
12-09 08:17:03.399 I/System.out(14490): }
12-09 08:17:03.414 W/ResourceType(14490): No package identifier when getting name for resource number 0x00000001
12-09 08:17:03.654 I/System.out(14490): URI: //gesture
12-09 08:17:03.654 I/System.out(14490): params: {json={"query_timeout":5.0,"gestures":[{"query_string":"android.widget.EditText id:'volume'","touches":[{"x":50,"y":50,"offset_x":0,"offset_y":0,"wait":0.0,"time":0.2,"release":true,"query_string":null}]}]}
12-09 08:17:03.654 I/System.out(14490): }
12-09 08:17:03.713 I/art     (14490): Background sticky concurrent mark sweep GC freed 45081(2027KB) AllocSpace objects, 1(20KB) LOS objects, 19% free, 3MB/4MB, paused 1.004ms total 178.071ms
12-09 08:17:03.867 W/ResourceType(14490): No package identifier when getting name for resource number 0x00000001
12-09 08:17:04.296 I/LatinIME( 1864): Starting input. Cursor position = 0,0
12-09 08:17:04.440 I/art     (14490): Background sticky concurrent mark sweep GC freed 45275(2034KB) AllocSpace objects, 2(40KB) LOS objects, 31% free, 2MB/4MB, paused 15.858ms total 110.693ms
12-09 08:17:04.685 I/art     ( 1864): Background partial concurrent mark sweep GC freed 5653(425KB) AllocSpace objects, 3(60KB) LOS objects, 39% free, 2MB/3MB, paused 2.624ms total 240.196ms
12-09 08:17:04.960 I/System.out(14490): URI: //
12-09 08:17:04.960 I/System.out(14490): params: {json={"command":"set_selection","arguments":[-1,-1]}
12-09 08:17:04.960 I/System.out(14490): }
12-09 08:17:04.960 I/System.out(14490): header: {date=Sun, 09 Dec 2018 08:17:05 GMT, accept=*/*, content-length=47, host=127.0.0.1:34777, user-agent=HTTPClient/1.0 (2.8.3, ruby 2.3.1 (2016-04-26)), content-type=application/json;charset=utf-8}
12-09 08:17:04.960 I/System.out(14490): params: {json={"command":"set_selection","arguments":[-1,-1]}
12-09 08:17:04.960 I/System.out(14490): }
12-09 08:17:04.960 I/System.out(14490): ProP json = {"command":"set_selection","arguments":[-1,-1]}
12-09 08:17:04.960 I/System.out(14490): files: {}
12-09 08:17:04.960 I/System.out(14490): command: {"command":"set_selection","arguments":[-1,-1]}
12-09 08:17:04.961 I/InstrumentationBackend(14490): Got command:'Command:'Line:null,set_selection', arguments:'[-1, -1]'
12-09 08:17:04.984 I/System.out(14490): result:{"bonusInformation":[],"message":"","success":true}
12-09 08:17:05.277 I/System.out(14490): URI: //
12-09 08:17:05.278 I/System.out(14490): params: {json={"command":"keyboard_enter_text","arguments":["100"]}
12-09 08:17:05.278 I/System.out(14490): }
12-09 08:17:05.278 I/System.out(14490): header: {date=Sun, 09 Dec 2018 08:17:06 GMT, accept=*/*, content-length=53, host=127.0.0.1:34777, user-agent=HTTPClient/1.0 (2.8.3, ruby 2.3.1 (2016-04-26)), content-type=application/json;charset=utf-8}
12-09 08:17:05.278 I/System.out(14490): params: {json={"command":"keyboard_enter_text","arguments":["100"]}
12-09 08:17:05.278 I/System.out(14490): }
12-09 08:17:05.278 I/System.out(14490): ProP json = {"command":"keyboard_enter_text","arguments":["100"]}
12-09 08:17:05.278 I/System.out(14490): files: {}
12-09 08:17:05.278 I/System.out(14490): command: {"command":"keyboard_enter_text","arguments":["100"]}
12-09 08:17:05.279 I/InstrumentationBackend(14490): Got command:'Command:'Line:null,keyboard_enter_text', arguments:'[100]'
12-09 08:17:05.365 E/SpannableStringBuilder(14490): SPAN_EXCLUSIVE_EXCLUSIVE spans cannot have a zero length
12-09 08:17:05.366 E/SpannableStringBuilder(14490): SPAN_EXCLUSIVE_EXCLUSIVE spans cannot have a zero length
12-09 08:17:05.368 E/SpannableStringBuilder(14490): SPAN_EXCLUSIVE_EXCLUSIVE spans cannot have a zero length
12-09 08:17:05.368 E/SpannableStringBuilder(14490): SPAN_EXCLUSIVE_EXCLUSIVE spans cannot have a zero length
12-09 08:17:05.380 I/System.out(14490): result:{"bonusInformation":[],"message":"","success":true}
12-09 08:17:05.430 I/System.out(14490): URI: //map
12-09 08:17:05.430 I/System.out(14490): params: {json={"query":"android.widget.EditText id:'odometer'","operation":{"method_name":"query","arguments":[]}}
12-09 08:17:05.430 I/System.out(14490): }
12-09 08:17:05.576 W/ResourceType(14490): No package identifier when getting name for resource number 0x00000001
12-09 08:17:05.634 W/art     (14490): Suspending all threads took: 8.874ms
12-09 08:17:05.661 I/art     (14490): Background sticky concurrent mark sweep GC freed 38266(1626KB) AllocSpace objects, 1(20KB) LOS objects, 17% free, 3MB/4MB, paused 9.932ms total 61.112ms
12-09 08:17:05.675 I/System.out(14490): URI: //gesture
12-09 08:17:05.675 I/System.out(14490): params: {json={"query_timeout":5.0,"gestures":[{"query_string":"android.widget.EditText id:'odometer'","touches":[{"x":50,"y":50,"offset_x":0,"offset_y":0,"wait":0.0,"time":0.2,"release":true,"query_string":null}]}]}
12-09 08:17:05.675 I/System.out(14490): }
12-09 08:17:05.724 W/ResourceType(14490): No package identifier when getting name for resource number 0x00000001
12-09 08:17:05.759 I/art     (14490): Background sticky concurrent mark sweep GC freed 21864(1016KB) AllocSpace objects, 2(40KB) LOS objects, 25% free, 2MB/4MB, paused 5.517ms total 26.472ms
12-09 08:17:06.238 I/LatinIME( 1864): Starting input. Cursor position = 0,0
12-09 08:17:06.308 I/art     (14490): Background sticky concurrent mark sweep GC freed 20967(907KB) AllocSpace objects, 0(0B) LOS objects, 11% free, 3MB/4MB, paused 1.045ms total 102.378ms
12-09 08:17:06.830 I/System.out(14490): URI: //
12-09 08:17:06.830 I/System.out(14490): params: {json={"command":"set_selection","arguments":[-1,-1]}
12-09 08:17:06.830 I/System.out(14490): }
12-09 08:17:06.830 I/System.out(14490): header: {date=Sun, 09 Dec 2018 08:17:07 GMT, accept=*/*, content-length=47, host=127.0.0.1:34777, user-agent=HTTPClient/1.0 (2.8.3, ruby 2.3.1 (2016-04-26)), content-type=application/json;charset=utf-8}
12-09 08:17:06.830 I/System.out(14490): params: {json={"command":"set_selection","arguments":[-1,-1]}
12-09 08:17:06.830 I/System.out(14490): }
12-09 08:17:06.830 I/System.out(14490): ProP json = {"command":"set_selection","arguments":[-1,-1]}
12-09 08:17:06.830 I/System.out(14490): files: {}
12-09 08:17:06.830 I/System.out(14490): command: {"command":"set_selection","arguments":[-1,-1]}
12-09 08:17:06.831 I/InstrumentationBackend(14490): Got command:'Command:'Line:null,set_selection', arguments:'[-1, -1]'
12-09 08:17:06.853 I/System.out(14490): result:{"bonusInformation":[],"message":"","success":true}
12-09 08:17:07.030 I/System.out(14490): URI: //
12-09 08:17:07.030 I/System.out(14490): params: {json={"command":"keyboard_enter_text","arguments":["14"]}
12-09 08:17:07.030 I/System.out(14490): }
12-09 08:17:07.030 I/System.out(14490): header: {date=Sun, 09 Dec 2018 08:17:07 GMT, accept=*/*, content-length=52, host=127.0.0.1:34777, user-agent=HTTPClient/1.0 (2.8.3, ruby 2.3.1 (2016-04-26)), content-type=application/json;charset=utf-8}
12-09 08:17:07.030 I/System.out(14490): params: {json={"command":"keyboard_enter_text","arguments":["14"]}
12-09 08:17:07.030 I/System.out(14490): }
12-09 08:17:07.030 I/System.out(14490): ProP json = {"command":"keyboard_enter_text","arguments":["14"]}
12-09 08:17:07.030 I/System.out(14490): files: {}
12-09 08:17:07.030 I/System.out(14490): command: {"command":"keyboard_enter_text","arguments":["14"]}
12-09 08:17:07.031 I/InstrumentationBackend(14490): Got command:'Command:'Line:null,keyboard_enter_text', arguments:'[14]'
12-09 08:17:07.032 E/SpannableStringBuilder(14490): SPAN_EXCLUSIVE_EXCLUSIVE spans cannot have a zero length
12-09 08:17:07.032 E/SpannableStringBuilder(14490): SPAN_EXCLUSIVE_EXCLUSIVE spans cannot have a zero length
12-09 08:17:07.036 E/SpannableStringBuilder(14490): SPAN_EXCLUSIVE_EXCLUSIVE spans cannot have a zero length
12-09 08:17:07.036 E/SpannableStringBuilder(14490): SPAN_EXCLUSIVE_EXCLUSIVE spans cannot have a zero length
12-09 08:17:07.041 I/System.out(14490): result:{"bonusInformation":[],"message":"","success":true}
12-09 08:17:08.131 I/System.out(14490): URI: //map
12-09 08:17:08.131 I/System.out(14490): params: {json={"query":"android.widget.Button index:2","operation":{"method_name":"query","arguments":[]}}
12-09 08:17:08.131 I/System.out(14490): }
12-09 08:17:08.278 I/art     (14490): Background sticky concurrent mark sweep GC freed 56067(2MB) AllocSpace objects, 5(100KB) LOS objects, 11% free, 3MB/4MB, paused 1.171ms total 144.133ms
12-09 08:17:08.438 I/System.out(14490): URI: //gesture
12-09 08:17:08.438 I/System.out(14490): params: {json={"query_timeout":5.0,"gestures":[{"query_string":"android.widget.Button index:2","touches":[{"x":50,"y":50,"offset_x":0,"offset_y":0,"wait":0.0,"time":0.2,"release":true,"query_string":null}]}]}
12-09 08:17:08.438 I/System.out(14490): }
12-09 08:17:08.913 W/audio_hw_generic( 1307): Hardware backing HAL too slow, could only write 0 of 661 frames
12-09 08:17:08.933 W/audio_hw_generic( 1307): Hardware backing HAL too slow, could only write 0 of 661 frames
12-09 08:17:08.950 W/audio_hw_generic( 1307): Hardware backing HAL too slow, could only write 0 of 661 frames
12-09 08:17:08.950 D/AudioFlinger( 1307): mixer(0xf43c0000) throttle end: throttle time(4)
12-09 08:17:08.961 W/audio_hw_generic( 1307): Hardware backing HAL too slow, could only write 0 of 661 frames
12-09 08:17:08.977 W/audio_hw_generic( 1307): Hardware backing HAL too slow, could only write 0 of 661 frames
12-09 08:17:09.012 W/audio_hw_generic( 1307): Hardware backing HAL too slow, could only write 0 of 661 frames
12-09 08:17:09.018 W/audio_hw_generic( 1307): Hardware backing HAL too slow, could only write 0 of 661 frames
12-09 08:17:09.019 I/art     (14490): Background sticky concurrent mark sweep GC freed 47130(2MB) AllocSpace objects, 1(20KB) LOS objects, 15% free, 3MB/4MB, paused 5.900ms total 166.372ms
12-09 08:17:09.165 W/audio_hw_generic( 1307): Not supplying enough data to HAL, expected position 32968576 , only wrote 32968036
12-09 08:17:09.201 W/audio_hw_generic( 1307): Hardware backing HAL too slow, could only write 0 of 661 frames
12-09 08:17:09.210 W/audio_hw_generic( 1307): Hardware backing HAL too slow, could only write 0 of 661 frames
12-09 08:17:09.227 W/audio_hw_generic( 1307): Hardware backing HAL too slow, could only write 0 of 661 frames
12-09 08:17:09.270 W/audio_hw_generic( 1307): Hardware backing HAL too slow, could only write 0 of 661 frames
12-09 08:17:09.270 W/audio_hw_generic( 1307): Not supplying enough data to HAL, expected position 32972672 , only wrote 32972663
12-09 08:17:09.270 W/audio_hw_generic( 1307): Not supplying enough data to HAL, expected position 32972668 , only wrote 32972663
12-09 08:17:09.286 W/audio_hw_generic( 1307): Not supplying enough data to HAL, expected position 32973379 , only wrote 32973324
12-09 08:17:09.328 E/SurfaceFlinger( 1224): ro.sf.lcd_density must be defined as a build property
12-09 08:17:09.329 I/LatinIME( 1864): Starting input. Cursor position = -1,-1
12-09 08:17:09.334 D/gralloc_ranchu( 1224): gralloc_alloc: Creating ashmem region of size 3686400
12-09 08:17:09.381 D/        (14579): HostConnection::get() New Host Connection established 0x7fc897292480, tid 14579
12-09 08:17:09.427 E/EGL_emulation( 1224): tid 1224: eglCreateSyncKHR(1881): error 0x3004 (EGL_BAD_ATTRIBUTE)
12-09 08:17:09.484 W/audio_hw_generic( 1307): Not supplying enough data to HAL, expected position 32982060 , only wrote 32981917
12-09 08:17:09.485 W/audio_hw_generic( 1307): Hardware backing HAL too slow, could only write 0 of 661 frames
12-09 08:17:09.500 D/Mileage.ABS(14490): Finished backup
12-09 08:17:09.520 D/Mileage.ABS(14490): Not backing up; 82
12-09 08:17:09.520 D/Mileage.ABS(14490): Not backing up; 82
12-09 08:17:09.520 D/Mileage.ABS(14490): Not backing up; 82
12-09 08:17:09.690 I/InputAttributes( 1864): InputType.TYPE_NULL is specified
12-09 08:17:09.889 W/audio_hw_generic( 1307): Not supplying enough data to HAL, expected position 32999773 , only wrote 32999764
12-09 08:17:09.911 W/audio_hw_generic( 1307): Not supplying enough data to HAL, expected position 33000709 , only wrote 33000425
12-09 08:17:09.911 W/audio_hw_generic( 1307): Not supplying enough data to HAL, expected position 33000431 , only wrote 33000425
12-09 08:17:09.918 D/EGL_emulation( 1864): eglMakeCurrent: 0x7f13df594a80: ver 2 0 (tinfo 0x7f13d77dca20)
12-09 08:17:09.919 E/Surface ( 1864): getSlotFromBufferLocked: unknown buffer: 0x7f13df595b60
12-09 08:17:09.958 W/audio_hw_generic( 1307): Not supplying enough data to HAL, expected position 33002516 , only wrote 33001086
12-09 08:17:09.988 W/audio_hw_generic( 1307): Not supplying enough data to HAL, expected position 33002409 , only wrote 33002408
12-09 08:17:10.318 W/audio_hw_generic( 1307): Not supplying enough data to HAL, expected position 33016954 , only wrote 33016289
12-09 08:17:10.575 I/System.out(14490): URI: //map
12-09 08:17:10.575 I/System.out(14490): params: {json={"query":"android.widget.ListView index:0 android.widget.TextView index:0","operation":{"method_name":"query","arguments":[]}}
12-09 08:17:10.575 I/System.out(14490): }
12-09 08:17:10.596 I/art     (14490): Background sticky concurrent mark sweep GC freed 6471(333KB) AllocSpace objects, 0(0B) LOS objects, 3% free, 3MB/4MB, paused 8.157ms total 76.106ms
12-09 08:17:10.683 W/audio_hw_generic( 1307): Not supplying enough data to HAL, expected position 33032371 , only wrote 33032153
12-09 08:17:10.683 W/audio_hw_generic( 1307): Not supplying enough data to HAL, expected position 33032162 , only wrote 33032153
12-09 08:17:10.699 W/audio_hw_generic( 1307): Not supplying enough data to HAL, expected position 33032873 , only wrote 33032814
12-09 08:17:10.733 W/audio_hw_generic( 1307): Hardware backing HAL too slow, could only write 0 of 661 frames
12-09 08:17:10.741 I/art     (14490): Background partial concurrent mark sweep GC freed 17517(1307KB) AllocSpace objects, 12(240KB) LOS objects, 40% free, 2MB/4MB, paused 1.816ms total 144.593ms
12-09 08:17:10.745 W/audio_hw_generic( 1307): Hardware backing HAL too slow, could only write 0 of 661 frames
12-09 08:17:10.767 W/audio_hw_generic( 1307): Hardware backing HAL too slow, could only write 0 of 661 frames
12-09 08:17:10.941 W/audio_hw_generic( 1307): Hardware backing HAL too slow, could only write 0 of 661 frames
12-09 08:17:10.949 W/audio_hw_generic( 1307): Hardware backing HAL too slow, could only write 0 of 661 frames
12-09 08:17:10.965 W/audio_hw_generic( 1307): Hardware backing HAL too slow, could only write 0 of 661 frames
12-09 08:17:11.001 W/audio_hw_generic( 1307): Hardware backing HAL too slow, could only write 0 of 661 frames
12-09 08:17:11.045 W/audio_hw_generic( 1307): Not supplying enough data to HAL, expected position 33048070 , only wrote 33048017
12-09 08:17:11.119 I/System.out(14490): URI: //gesture
12-09 08:17:11.119 I/System.out(14490): params: {json={"query_timeout":5.0,"gestures":[{"query_string":"android.widget.ListView index:0 android.widget.TextView index:0","touches":[{"x":50,"y":50,"offset_x":0,"offset_y":0,"wait":0.0,"time":0.2,"release":true,"query_string":null}]}]}
12-09 08:17:11.119 I/System.out(14490): }
12-09 08:17:11.306 W/audio_hw_generic( 1307): Hardware backing HAL too slow, could only write 0 of 661 frames
12-09 08:17:11.450 W/audio_hw_generic( 1307): Hardware backing HAL too slow, could only write 0 of 661 frames
12-09 08:17:11.450 W/audio_hw_generic( 1307): Not supplying enough data to HAL, expected position 33065850 , only wrote 33063881
12-09 08:17:11.450 W/audio_hw_generic( 1307): Not supplying enough data to HAL, expected position 33063905 , only wrote 33063881
12-09 08:17:11.509 W/audio_hw_generic( 1307): Not supplying enough data to HAL, expected position 33066482 , only wrote 33064542
12-09 08:17:11.525 W/audio_hw_generic( 1307): Hardware backing HAL too slow, could only write 0 of 661 frames
12-09 08:17:11.545 W/audio_hw_generic( 1307): Hardware backing HAL too slow, could only write 0 of 661 frames
12-09 08:17:11.577 W/audio_hw_generic( 1307): Hardware backing HAL too slow, could only write 0 of 661 frames
12-09 08:17:11.577 W/audio_hw_generic( 1307): Hardware backing HAL too slow, could only write 0 of 661 frames
12-09 08:17:11.601 W/audio_hw_generic( 1307): Not supplying enough data to HAL, expected position 33068604 , only wrote 33068508
12-09 08:17:11.602 W/audio_hw_generic( 1307): Hardware backing HAL too slow, could only write 0 of 661 frames
12-09 08:17:11.632 W/audio_hw_generic( 1307): Hardware backing HAL too slow, could only write 0 of 661 frames
12-09 08:17:11.737 W/audio_hw_generic( 1307): Not supplying enough data to HAL, expected position 33074504 , only wrote 33073796
12-09 08:17:11.738 W/audio_hw_generic( 1307): Not supplying enough data to HAL, expected position 33073803 , only wrote 33073796
12-09 08:17:11.738 W/art     (14490): Suspending all threads took: 39.873ms
12-09 08:17:11.758 W/audio_hw_generic( 1307): Not supplying enough data to HAL, expected position 33074709 , only wrote 33074457
12-09 08:17:11.781 I/ActivityManager( 1591): START u0 {cmp=com.evancharlton.mileage/.FillupInfoActivity (has extras)} from uid 10133 on display 0
12-09 08:17:11.808 I/art     (14490): Background sticky concurrent mark sweep GC freed 57340(2MB) AllocSpace objects, 1(20KB) LOS objects, 32% free, 2MB/4MB, paused 40.976ms total 149.573ms
12-09 08:17:11.882 D/AudioFlinger( 1307): mixer(0xf43c0000) throttle end: throttle time(17)
12-09 08:17:11.972 W/audio_hw_generic( 1307): Not supplying enough data to HAL, expected position 33083874 , only wrote 33083711
12-09 08:17:11.976 I/calabash(14490): newActivity1
12-09 08:17:12.212 W/audio_hw_generic( 1307): Not supplying enough data to HAL, expected position 33094299 , only wrote 33094287
12-09 08:17:12.212 W/audio_hw_generic( 1307): Not supplying enough data to HAL, expected position 33094293 , only wrote 33094287
12-09 08:17:12.231 V/PhoneStatusBar( 1691): setLightsOn(true)
12-09 08:17:12.262 D/gralloc_ranchu( 1224): gralloc_alloc: Creating ashmem region of size 3686400
12-09 08:17:12.296 I/art     (14490): Background sticky concurrent mark sweep GC freed 17944(1065KB) AllocSpace objects, 1(20KB) LOS objects, 29% free, 2MB/4MB, paused 11.874ms total 68.371ms
12-09 08:17:12.369 E/SurfaceFlinger( 1224): ro.sf.lcd_density must be defined as a build property
12-09 08:17:12.430 W/audio_hw_generic( 1307): Not supplying enough data to HAL, expected position 33103898 , only wrote 33103541
12-09 08:17:12.430 W/audio_hw_generic( 1307): Not supplying enough data to HAL, expected position 33103547 , only wrote 33103541
12-09 08:17:12.451 W/audio_hw_generic( 1307): Not supplying enough data to HAL, expected position 33104453 , only wrote 33104202
12-09 08:17:12.451 D/gralloc_ranchu( 1224): gralloc_alloc: Creating ashmem region of size 3686400
12-09 08:17:12.462 D/        (14587): HostConnection::get() New Host Connection established 0x7f0e34152480, tid 14587
12-09 08:17:12.506 E/EGL_emulation( 1224): tid 1224: eglCreateSyncKHR(1881): error 0x3004 (EGL_BAD_ATTRIBUTE)
12-09 08:17:12.625 W/audio_hw_generic( 1307): Hardware backing HAL too slow, could only write 0 of 661 frames
12-09 08:17:12.641 W/audio_hw_generic( 1307): Hardware backing HAL too slow, could only write 0 of 661 frames
12-09 08:17:12.664 W/audio_hw_generic( 1307): Hardware backing HAL too slow, could only write 0 of 661 frames
12-09 08:17:12.782 W/audio_hw_generic( 1307): Not supplying enough data to HAL, expected position 33118796 , only wrote 33118744
12-09 08:17:13.117 W/art     ( 1591): Long monitor contention event with owner method=void com.android.server.wm.WindowAnimator$1.doFrame(long) from WindowAnimator.java:121 waiters=1 for 136ms
12-09 08:17:13.139 D/gralloc_ranchu( 1224): gralloc_alloc: Creating ashmem region of size 3686400
12-09 08:17:13.222 W/audio_hw_generic( 1307): Not supplying enough data to HAL, expected position 33138159 , only wrote 33136591
12-09 08:17:13.222 W/audio_hw_generic( 1307): Not supplying enough data to HAL, expected position 33136598 , only wrote 33136591
12-09 08:17:13.239 W/audio_hw_generic( 1307): Not supplying enough data to HAL, expected position 33137352 , only wrote 33137252
12-09 08:17:13.308 W/audio_hw_generic( 1307): Not supplying enough data to HAL, expected position 33140273 , only wrote 33138574
12-09 08:17:13.418 W/audio_hw_generic( 1307): Not supplying enough data to HAL, expected position 33143435 , only wrote 33142540
12-09 08:17:13.418 W/audio_hw_generic( 1307): Not supplying enough data to HAL, expected position 33142547 , only wrote 33142540
12-09 08:17:13.455 W/audio_hw_generic( 1307): Not supplying enough data to HAL, expected position 33144164 , only wrote 33143201
12-09 08:17:13.501 W/audio_hw_generic( 1307): Hardware backing HAL too slow, could only write 0 of 661 frames
12-09 08:17:13.517 W/audio_hw_generic( 1307): Hardware backing HAL too slow, could only write 0 of 661 frames
12-09 08:17:13.530 W/audio_hw_generic( 1307): Hardware backing HAL too slow, could only write 0 of 661 frames
12-09 08:17:13.551 W/audio_hw_generic( 1307): Hardware backing HAL too slow, could only write 0 of 661 frames
12-09 08:17:13.568 W/audio_hw_generic( 1307): Hardware backing HAL too slow, could only write 0 of 661 frames
12-09 08:17:13.569 I/System.out(14490): URI: //map
12-09 08:17:13.569 I/System.out(14490): params: {json={"query":"android.widget.Button index:1","operation":{"method_name":"query","arguments":[]}}
12-09 08:17:13.569 I/System.out(14490): }
12-09 08:17:13.589 I/ActivityManager( 1591): Displayed com.evancharlton.mileage/.FillupInfoActivity: +1s653ms
12-09 08:17:13.692 W/art     (14490): Suspending all threads took: 5.385ms
12-09 08:17:13.718 W/audio_hw_generic( 1307): Not supplying enough data to HAL, expected position 33154793 , only wrote 33154438
12-09 08:17:13.718 W/audio_hw_generic( 1307): Not supplying enough data to HAL, expected position 33154444 , only wrote 33154438
12-09 08:17:13.742 W/audio_hw_generic( 1307): Not supplying enough data to HAL, expected position 33155474 , only wrote 33155099
12-09 08:17:13.838 I/art     (14490): Background sticky concurrent mark sweep GC freed 36275(1541KB) AllocSpace objects, 1(20KB) LOS objects, 14% free, 3MB/4MB, paused 11.541ms total 196.283ms
12-09 08:17:13.850 W/audio_hw_generic( 1307): Not supplying enough data to HAL, expected position 33159870 , only wrote 33159726
12-09 08:17:13.899 I/System.out(14490): URI: //gesture
12-09 08:17:13.899 I/System.out(14490): params: {json={"query_timeout":5.0,"gestures":[{"query_string":"android.widget.Button index:1","touches":[{"x":50,"y":50,"offset_x":0,"offset_y":0,"wait":0.0,"time":0.2,"release":true,"query_string":null}]}]}
12-09 08:17:13.899 I/System.out(14490): }
12-09 08:17:13.986 W/audio_hw_generic( 1307): Not supplying enough data to HAL, expected position 33165735 , only wrote 33164353
12-09 08:17:13.986 W/audio_hw_generic( 1307): Not supplying enough data to HAL, expected position 33164359 , only wrote 33164353
12-09 08:17:14.005 W/audio_hw_generic( 1307): Not supplying enough data to HAL, expected position 33165185 , only wrote 33165014
12-09 08:17:14.005 W/audio_hw_generic( 1307): Hardware backing HAL too slow, could only write 0 of 661 frames
12-09 08:17:14.020 W/audio_hw_generic( 1307): Hardware backing HAL too slow, could only write 0 of 661 frames
12-09 08:17:14.035 W/audio_hw_generic( 1307): Hardware backing HAL too slow, could only write 0 of 661 frames
12-09 08:17:14.046 I/art     (14490): Background sticky concurrent mark sweep GC freed 19663(985KB) AllocSpace objects, 2(40KB) LOS objects, 24% free, 3MB/4MB, paused 14.291ms total 120.867ms
12-09 08:17:14.065 W/audio_hw_generic( 1307): Hardware backing HAL too slow, could only write 0 of 661 frames
12-09 08:17:14.080 W/audio_hw_generic( 1307): Hardware backing HAL too slow, could only write 0 of 661 frames
12-09 08:17:14.101 W/audio_hw_generic( 1307): Hardware backing HAL too slow, could only write 0 of 661 frames
12-09 08:17:14.448 W/audio_hw_generic( 1307): Not supplying enough data to HAL, expected position 33184525 , only wrote 33183522
12-09 08:17:14.448 W/audio_hw_generic( 1307): Not supplying enough data to HAL, expected position 33183528 , only wrote 33183522
12-09 08:17:14.466 W/audio_hw_generic( 1307): Not supplying enough data to HAL, expected position 33184311 , only wrote 33184183
12-09 08:17:14.532 W/audio_hw_generic( 1307): Hardware backing HAL too slow, could only write 0 of 661 frames
12-09 08:17:14.557 W/audio_hw_generic( 1307): Hardware backing HAL too slow, could only write 0 of 661 frames
12-09 08:17:14.569 W/audio_hw_generic( 1307): Hardware backing HAL too slow, could only write 0 of 661 frames
12-09 08:17:14.577 W/audio_hw_generic( 1307): Hardware backing HAL too slow, could only write 0 of 661 frames
12-09 08:17:14.601 W/audio_hw_generic( 1307): Hardware backing HAL too slow, could only write 0 of 661 frames
12-09 08:17:14.609 W/audio_hw_generic( 1307): Hardware backing HAL too slow, could only write 0 of 661 frames
12-09 08:17:14.625 W/audio_hw_generic( 1307): Hardware backing HAL too slow, could only write 0 of 661 frames
12-09 08:17:14.637 W/audio_hw_generic( 1307): Hardware backing HAL too slow, could only write 0 of 661 frames
12-09 08:17:14.643 I/ActivityManager( 1591): START u0 {cmp=com.evancharlton.mileage/.FillupInfoActivity (has extras)} from uid 10133 on display 0
12-09 08:17:14.667 W/audio_hw_generic( 1307): Hardware backing HAL too slow, could only write 0 of 661 frames
12-09 08:17:14.691 W/audio_hw_generic( 1307): Not supplying enough data to HAL, expected position 33194136 , only wrote 33194098
12-09 08:17:14.726 W/audio_hw_generic( 1307): Not supplying enough data to HAL, expected position 33195611 , only wrote 33194759
12-09 08:17:14.782 D/AudioFlinger( 1307): mixer(0xf43c0000) throttle end: throttle time(30)
12-09 08:17:14.863 I/calabash(14490): newActivity1
12-09 08:17:14.890 I/art     (14490): Background sticky concurrent mark sweep GC freed 19347(844KB) AllocSpace objects, 0(0B) LOS objects, 7% free, 3MB/4MB, paused 938us total 219.364ms
12-09 08:17:14.951 W/audio_hw_generic( 1307): Not supplying enough data to HAL, expected position 33204681 , only wrote 33204674
12-09 08:17:14.987 W/audio_hw_generic( 1307): Not supplying enough data to HAL, expected position 33206281 , only wrote 33205996
12-09 08:17:15.056 W/audio_hw_generic( 1307): Not supplying enough data to HAL, expected position 33209037 , only wrote 33208640
12-09 08:17:15.056 W/audio_hw_generic( 1307): Not supplying enough data to HAL, expected position 33208647 , only wrote 33208640
12-09 08:17:15.083 W/audio_hw_generic( 1307): Not supplying enough data to HAL, expected position 33209829 , only wrote 33209301
12-09 08:17:15.128 W/audio_hw_generic( 1307): Hardware backing HAL too slow, could only write 0 of 661 frames
12-09 08:17:15.141 W/audio_hw_generic( 1307): Hardware backing HAL too slow, could only write 0 of 661 frames
12-09 08:17:15.144 V/PhoneStatusBar( 1691): setLightsOn(true)
12-09 08:17:15.152 W/audio_hw_generic( 1307): Hardware backing HAL too slow, could only write 0 of 661 frames
12-09 08:17:15.167 W/audio_hw_generic( 1307): Hardware backing HAL too slow, could only write 0 of 661 frames
12-09 08:17:15.185 W/audio_hw_generic( 1307): Hardware backing HAL too slow, could only write 0 of 661 frames
12-09 08:17:15.230 D/gralloc_ranchu( 1224): gralloc_alloc: Creating ashmem region of size 3686400
12-09 08:17:15.290 I/art     (14490): Background partial concurrent mark sweep GC freed 19283(1145KB) AllocSpace objects, 5(100KB) LOS objects, 39% free, 2MB/4MB, paused 998us total 263.824ms
12-09 08:17:15.417 E/SurfaceFlinger( 1224): ro.sf.lcd_density must be defined as a build property
12-09 08:17:15.476 W/audio_hw_generic( 1307): Not supplying enough data to HAL, expected position 33226638 , only wrote 33225826
12-09 08:17:15.477 W/audio_hw_generic( 1307): Not supplying enough data to HAL, expected position 33225832 , only wrote 33225826
12-09 08:17:15.478 D/gralloc_ranchu( 1224): gralloc_alloc: Creating ashmem region of size 3686400
12-09 08:17:15.486 D/        (14594): HostConnection::get() New Host Connection established 0x7f8738c92480, tid 14594
12-09 08:17:15.501 E/EGL_emulation( 1224): tid 1224: eglCreateSyncKHR(1881): error 0x3004 (EGL_BAD_ATTRIBUTE)
12-09 08:17:15.654 W/art     ( 1591): Long monitor contention event with owner method=void com.android.server.wm.WindowAnimator$1.doFrame(long) from WindowAnimator.java:121 waiters=0 for 174ms
12-09 08:17:15.674 W/audio_hw_generic( 1307): Not supplying enough data to HAL, expected position 33234519 , only wrote 33230453
12-09 08:17:15.674 W/audio_hw_generic( 1307): Not supplying enough data to HAL, expected position 33230459 , only wrote 33230453
12-09 08:17:15.702 I/ActivityManager( 1591): Displayed com.evancharlton.mileage/.FillupInfoActivity: +1s39ms
12-09 08:17:15.711 W/audio_hw_generic( 1307): Not supplying enough data to HAL, expected position 33232079 , only wrote 33231114
12-09 08:17:15.737 D/gralloc_ranchu( 1224): gralloc_alloc: Creating ashmem region of size 3686400
12-09 08:17:15.783 W/audio_hw_generic( 1307): Hardware backing HAL too slow, could only write 0 of 661 frames
12-09 08:17:15.788 W/audio_hw_generic( 1307): Hardware backing HAL too slow, could only write 0 of 661 frames
12-09 08:17:15.809 W/audio_hw_generic( 1307): Hardware backing HAL too slow, could only write 0 of 661 frames
12-09 08:17:15.990 W/audio_hw_generic( 1307): Not supplying enough data to HAL, expected position 33243420 , only wrote 33243012
12-09 08:17:15.990 W/audio_hw_generic( 1307): Not supplying enough data to HAL, expected position 33243018 , only wrote 33243012
12-09 08:17:16.005 W/audio_hw_generic( 1307): Hardware backing HAL too slow, could only write 0 of 661 frames
12-09 08:17:16.296 W/audio_hw_generic( 1307): Not supplying enough data to HAL, expected position 33256497 , only wrote 33256232
12-09 08:17:16.296 W/audio_hw_generic( 1307): Not supplying enough data to HAL, expected position 33256238 , only wrote 33256232
12-09 08:17:16.330 W/audio_hw_generic( 1307): Not supplying enough data to HAL, expected position 33257723 , only wrote 33256893
12-09 08:17:16.364 W/audio_hw_generic( 1307): Not supplying enough data to HAL, expected position 33258415 , only wrote 33258215
12-09 08:17:16.553 W/audio_hw_generic( 1307): Not supplying enough data to HAL, expected position 33266543 , only wrote 33259537
12-09 08:17:16.553 W/audio_hw_generic( 1307): Hardware backing HAL too slow, could only write 0 of 661 frames
12-09 08:17:16.553 W/audio_hw_generic( 1307): Hardware backing HAL too slow, could only write 0 of 661 frames
12-09 08:17:16.613 I/System.out(14490): URI: //map
12-09 08:17:16.613 I/System.out(14490): params: {json={"query":"android.widget.Button index:0","operation":{"method_name":"query","arguments":[]}}
12-09 08:17:16.613 I/System.out(14490): }
12-09 08:17:16.636 W/audio_hw_generic( 1307): Not supplying enough data to HAL, expected position 33263189 , only wrote 33260859
12-09 08:17:16.636 W/audio_hw_generic( 1307): Hardware backing HAL too slow, could only write 0 of 661 frames
12-09 08:17:16.649 D/gralloc_ranchu( 1224): gralloc_alloc: Creating ashmem region of size 3686400
12-09 08:17:16.938 W/audio_hw_generic( 1307): Not supplying enough data to HAL, expected position 33274180 , only wrote 33271435
12-09 08:17:16.938 W/audio_hw_generic( 1307): Not supplying enough data to HAL, expected position 33271441 , only wrote 33271435
12-09 08:17:16.956 I/System.out(14490): URI: //gesture
12-09 08:17:16.956 I/System.out(14490): params: {json={"query_timeout":5.0,"gestures":[{"query_string":"android.widget.Button index:0","touches":[{"x":50,"y":50,"offset_x":0,"offset_y":0,"wait":0.0,"time":0.2,"release":true,"query_string":null}]}]}
12-09 08:17:16.956 I/System.out(14490): }
12-09 08:17:16.967 I/art     (14490): Background sticky concurrent mark sweep GC freed 44328(2024KB) AllocSpace objects, 2(40KB) LOS objects, 34% free, 3MB/4MB, paused 933us total 128.693ms
12-09 08:17:16.978 W/audio_hw_generic( 1307): Not supplying enough data to HAL, expected position 33273173 , only wrote 33272096
12-09 08:17:17.141 W/audio_hw_generic( 1307): Hardware backing HAL too slow, could only write 0 of 661 frames
12-09 08:17:17.181 W/audio_hw_generic( 1307): Hardware backing HAL too slow, could only write 0 of 661 frames
12-09 08:17:17.193 W/audio_hw_generic( 1307): Hardware backing HAL too slow, could only write 0 of 661 frames
12-09 08:17:17.203 W/audio_hw_generic( 1307): Hardware backing HAL too slow, could only write 0 of 661 frames
12-09 08:17:17.240 W/audio_hw_generic( 1307): Not supplying enough data to HAL, expected position 33283649 , only wrote 33283333
12-09 08:17:17.240 W/audio_hw_generic( 1307): Not supplying enough data to HAL, expected position 33283339 , only wrote 33283333
12-09 08:17:17.260 W/audio_hw_generic( 1307): Not supplying enough data to HAL, expected position 33284222 , only wrote 33283994
12-09 08:17:17.375 I/ActivityManager( 1591): START u0 {cmp=com.evancharlton.mileage/.FillupInfoActivity (has extras)} from uid 10133 on display 0
12-09 08:17:17.498 W/audio_hw_generic( 1307): Not supplying enough data to HAL, expected position 33294491 , only wrote 33291926
12-09 08:17:17.513 W/audio_hw_generic( 1307): Not supplying enough data to HAL, expected position 33292608 , only wrote 33292587
12-09 08:17:17.543 I/art     (14490): Background sticky concurrent mark sweep GC freed 44384(2025KB) AllocSpace objects, 2(40KB) LOS objects, 37% free, 2MB/4MB, paused 943us total 152.535ms
12-09 08:17:17.545 W/audio_hw_generic( 1307): Hardware backing HAL too slow, could only write 0 of 661 frames
12-09 08:17:17.562 W/audio_hw_generic( 1307): Hardware backing HAL too slow, could only write 0 of 661 frames
12-09 08:17:17.571 I/calabash(14490): newActivity1
12-09 08:17:17.576 D/AudioFlinger( 1307): mixer(0xf43c0000) throttle end: throttle time(22)
12-09 08:17:17.634 W/audio_hw_generic( 1307): Not supplying enough data to HAL, expected position 33297889 , only wrote 33297875
12-09 08:17:17.634 W/audio_hw_generic( 1307): Hardware backing HAL too slow, could only write 0 of 661 frames
12-09 08:17:17.649 W/audio_hw_generic( 1307): Hardware backing HAL too slow, could only write 0 of 661 frames
12-09 08:17:17.665 W/audio_hw_generic( 1307): Hardware backing HAL too slow, could only write 0 of 661 frames
12-09 08:17:17.697 W/audio_hw_generic( 1307): Hardware backing HAL too slow, could only write 0 of 661 frames
12-09 08:17:17.709 W/audio_hw_generic( 1307): Hardware backing HAL too slow, could only write 0 of 661 frames
12-09 08:17:17.725 W/audio_hw_generic( 1307): Hardware backing HAL too slow, could only write 0 of 661 frames
12-09 08:17:17.775 V/PhoneStatusBar( 1691): setLightsOn(true)
12-09 08:17:17.892 D/gralloc_ranchu( 1224): gralloc_alloc: Creating ashmem region of size 3686400
12-09 08:17:18.094 W/audio_hw_generic( 1307): Not supplying enough data to HAL, expected position 33318172 , only wrote 33317705
12-09 08:17:18.277 W/audio_hw_generic( 1307): Not supplying enough data to HAL, expected position 33325785 , only wrote 33322993
12-09 08:17:18.277 W/audio_hw_generic( 1307): Not supplying enough data to HAL, expected position 33322999 , only wrote 33322993
12-09 08:17:18.338 W/audio_hw_generic( 1307): Not supplying enough data to HAL, expected position 33325662 , only wrote 33323654
12-09 08:17:18.375 W/audio_hw_generic( 1307): Not supplying enough data to HAL, expected position 33325312 , only wrote 33324315
12-09 08:17:18.376 W/audio_hw_generic( 1307): Not supplying enough data to HAL, expected position 33324322 , only wrote 33324315
12-09 08:17:18.377 E/SurfaceFlinger( 1224): ro.sf.lcd_density must be defined as a build property
12-09 08:17:18.378 D/gralloc_ranchu( 1224): gralloc_alloc: Creating ashmem region of size 3686400
12-09 08:17:18.391 W/audio_hw_generic( 1307): Not supplying enough data to HAL, expected position 33324981 , only wrote 33324976
12-09 08:17:18.399 D/        (14601): HostConnection::get() New Host Connection established 0x7fe76ca52480, tid 14601
12-09 08:17:18.429 W/audio_hw_generic( 1307): Hardware backing HAL too slow, could only write 0 of 661 frames
12-09 08:17:18.430 E/EGL_emulation( 1224): tid 1224: eglCreateSyncKHR(1881): error 0x3004 (EGL_BAD_ATTRIBUTE)
12-09 08:17:18.629 W/audio_hw_generic( 1307): Not supplying enough data to HAL, expected position 33335487 , only wrote 33330925
12-09 08:17:18.629 W/audio_hw_generic( 1307): Not supplying enough data to HAL, expected position 33330932 , only wrote 33330925
12-09 08:17:18.651 W/audio_hw_generic( 1307): Not supplying enough data to HAL, expected position 33331890 , only wrote 33331586
12-09 08:17:18.757 W/art     ( 1591): Long monitor contention event with owner method=void com.android.server.wm.WindowAnimator$1.doFrame(long) from WindowAnimator.java:121 waiters=1 for 178ms
12-09 08:17:18.771 D/gralloc_ranchu( 1224): gralloc_alloc: Creating ashmem region of size 3686400
12-09 08:17:18.897 W/audio_hw_generic( 1307): Hardware backing HAL too slow, could only write 0 of 661 frames
12-09 08:17:18.914 W/audio_hw_generic( 1307): Hardware backing HAL too slow, could only write 0 of 661 frames
12-09 08:17:18.947 W/audio_hw_generic( 1307): Hardware backing HAL too slow, could only write 0 of 661 frames
12-09 08:17:18.961 W/audio_hw_generic( 1307): Hardware backing HAL too slow, could only write 0 of 661 frames
12-09 08:17:18.974 W/audio_hw_generic( 1307): Hardware backing HAL too slow, could only write 0 of 661 frames
12-09 08:17:19.014 I/ActivityManager( 1591): Displayed com.evancharlton.mileage/.FillupInfoActivity: +1s470ms
12-09 08:17:19.294 W/audio_hw_generic( 1307): Not supplying enough data to HAL, expected position 33359933 , only wrote 33356704
12-09 08:17:19.399 W/art     ( 1591): Long monitor contention event with owner method=void com.android.server.wm.WindowAnimator$1.doFrame(long) from WindowAnimator.java:121 waiters=0 for 236ms
12-09 08:17:19.413 W/audio_hw_generic( 1307): Hardware backing HAL too slow, could only write 0 of 661 frames
12-09 08:17:19.442 W/audio_hw_generic( 1307): Hardware backing HAL too slow, could only write 0 of 661 frames
12-09 08:17:19.457 W/audio_hw_generic( 1307): Hardware backing HAL too slow, could only write 0 of 661 frames
12-09 08:17:19.473 W/audio_hw_generic( 1307): Hardware backing HAL too slow, could only write 0 of 661 frames
12-09 08:17:19.489 W/audio_hw_generic( 1307): Hardware backing HAL too slow, could only write 0 of 661 frames
12-09 08:17:19.505 W/audio_hw_generic( 1307): Hardware backing HAL too slow, could only write 0 of 661 frames
12-09 08:17:19.518 W/audio_hw_generic( 1307): Hardware backing HAL too slow, could only write 0 of 661 frames
12-09 08:17:19.533 W/audio_hw_generic( 1307): Hardware backing HAL too slow, could only write 0 of 661 frames
12-09 08:17:19.608 W/audio_hw_generic( 1307): Hardware backing HAL too slow, could only write 0 of 661 frames
12-09 08:17:19.623 W/audio_hw_generic( 1307): Hardware backing HAL too slow, could only write 0 of 661 frames
12-09 08:17:19.738 D/gralloc_ranchu( 1224): gralloc_alloc: Creating ashmem region of size 3686400
12-09 08:17:19.778 W/audio_hw_generic( 1307): Not supplying enough data to HAL, expected position 33378040 , only wrote 33377856
12-09 08:17:19.778 W/audio_hw_generic( 1307): Not supplying enough data to HAL, expected position 33377862 , only wrote 33377856
12-09 08:17:19.794 W/audio_hw_generic( 1307): Not supplying enough data to HAL, expected position 33378555 , only wrote 33378517
12-09 08:17:20.080 D/AndroidRuntime(14604): >>>>>> START com.android.internal.os.RuntimeInit uid 0 <<<<<<
12-09 08:17:20.082 D/AndroidRuntime(14604): CheckJNI is ON
12-09 08:17:20.122 D/ICU     (14604): No timezone override file found: /data/misc/zoneinfo/current/icu/icu_tzdata.dat
12-09 08:17:20.202 W/audio_hw_generic( 1307): Not supplying enough data to HAL, expected position 33396516 , only wrote 33394381
12-09 08:17:20.224 E/memtrack(14604): Couldn't load memtrack module (No such file or directory)
12-09 08:17:20.224 E/android.os.Debug(14604): failed to load memtrack module: -2
12-09 08:17:20.225 I/Radio-JNI(14604): register_android_hardware_Radio DONE
12-09 08:17:20.246 D/AndroidRuntime(14604): Calling main entry com.android.commands.input.Input
