--------- beginning of main
12-09 08:03:31.905 E/EGL_emulation( 1223): tid 1223: eglCreateSyncKHR(1881): error 0x3004 (EGL_BAD_ATTRIBUTE)
--------- beginning of system
12-09 08:03:31.985 W/ActivityManager( 1594): Finishing task with all activities already finished
12-09 08:03:31.985 W/ActivityManager( 1594): Duplicate finish request for ActivityRecord{64e771a u0 com.evancharlton.mileage/.Mileage t398 f}
12-09 08:03:31.985 W/ActivityManager( 1594): Finishing task with all activities already finished
12-09 08:03:31.985 W/ActivityManager( 1594): Duplicate finish request for ActivityRecord{64e771a u0 com.evancharlton.mileage/.Mileage t398 f}
12-09 08:03:31.986 W/ActivityManager( 1594): Finishing task with all activities already finished
12-09 08:03:31.986 W/ActivityManager( 1594): Duplicate finish request for ActivityRecord{64e771a u0 com.evancharlton.mileage/.Mileage t398 f}
12-09 08:03:32.185 W/art     ( 1594): Long monitor contention event with owner method=void com.android.server.am.ActivityManagerService.activityPaused(android.os.IBinder) from ActivityManagerService.java:6439 waiters=0 for 179ms
12-09 08:03:32.195 W/art     ( 1594): Long monitor contention event with owner method=void com.android.server.am.ActivityManagerService.activityPaused(android.os.IBinder) from ActivityManagerService.java:6439 waiters=1 for 138ms
12-09 08:03:32.207 W/art     ( 1594): Long monitor contention event with owner method=void com.android.server.am.ActivityManagerService.activityPaused(android.os.IBinder) from ActivityManagerService.java:6439 waiters=2 for 148ms
12-09 08:03:32.221 E/WakeLock( 2267): GCM_HB_ALARM release without a matched acquire!
12-09 08:03:32.228 V/NativeCrypto( 2267): Read error: ssl=0x7faa5c207088: I/O error during system call, Connection reset by peer
12-09 08:03:32.274 V/NativeCrypto( 2267): SSL shutdown failed: ssl=0x7faa5c207088: I/O error during system call, Broken pipe
12-09 08:03:32.311 E/WakeLock( 2267): GCM_HB_ALARM release without a matched acquire!
12-09 08:03:32.312 D/ConnectivityService( 1594): reportNetworkConnectivity(100, false) by 10008
12-09 08:03:32.313 D/NetworkMonitor/NetworkAgentInfo [MOBILE (LTE) - 100]( 1594): Forcing reevaluation for UID 10008
12-09 08:03:32.349 D/EGL_emulation( 1939): eglMakeCurrent: 0x7faa5fc74dc0: ver 2 0 (tinfo 0x7faa5fc42d80)
12-09 08:03:32.412 D/NetworkMonitor/NetworkAgentInfo [MOBILE (LTE) - 100]( 1594): Checking http://connectivitycheck.gstatic.com/generate_204 on epc.tmobile.com, connectivitycheck.gstatic.com=64.233.181.94,2607:f8b0:4001:c09::5e
12-09 08:03:32.468 D/NetworkMonitor/NetworkAgentInfo [MOBILE (LTE) - 100]( 1594): isCaptivePortal: ret=204 headers={null=[HTTP/1.1 204 No Content], Content-Length=[0], Date=[Sun, 09 Dec 2018 08:03:33 GMT], X-Android-Received-Millis=[1544342612468], X-Android-Response-Source=[NETWORK 204], X-Android-Selected-Protocol=[http/1.1], X-Android-Sent-Millis=[1544342612457]}
12-09 08:03:32.475 D/ConnectivityService( 1594): setProvNotificationVisibleIntent null visible=false networkType=MOBILE extraInfo=null highPriority=false
12-09 08:03:32.475 D/ConnectivityService( 1594): NetworkAgentInfo [MOBILE (LTE) - 100] validation  passed
12-09 08:03:32.550 E/WakeLock( 2267): GCM_CONN_ALARM release without a matched acquire!
12-09 08:03:32.731 D/AndroidRuntime(10702): >>>>>> START com.android.internal.os.RuntimeInit uid 0 <<<<<<
12-09 08:03:32.732 D/AndroidRuntime(10702): CheckJNI is ON
12-09 08:03:32.763 D/ICU     (10702): No timezone override file found: /data/misc/zoneinfo/current/icu/icu_tzdata.dat
12-09 08:03:32.796 E/memtrack(10702): Couldn't load memtrack module (No such file or directory)
12-09 08:03:32.796 E/android.os.Debug(10702): failed to load memtrack module: -2
12-09 08:03:32.798 I/Radio-JNI(10702): register_android_hardware_Radio DONE
12-09 08:03:32.840 D/AndroidRuntime(10702): Calling main entry com.android.commands.am.Am
12-09 08:03:32.842 I/ActivityManager( 1594): Force stopping com.evancharlton.mileage appid=10127 user=0: start instr
12-09 08:03:32.842 I/ActivityManager( 1594): Killing 10640:com.evancharlton.mileage/u0a127 (adj 0): stop com.evancharlton.mileage
12-09 08:03:32.846 W/art     ( 1594): Long monitor contention event with owner method=void com.android.server.wm.WindowAnimator$1.doFrame(long) from WindowAnimator.java:121 waiters=0 for 319ms
12-09 08:03:32.855 W/InputDispatcher( 1594): channel '6ca06c com.evancharlton.mileage/com.evancharlton.mileage.Mileage (server)' ~ Consumer closed input channel or an error occurred.  events=0x9
12-09 08:03:32.855 E/InputDispatcher( 1594): channel '6ca06c com.evancharlton.mileage/com.evancharlton.mileage.Mileage (server)' ~ Channel is unrecoverably broken and will be disposed!
12-09 08:03:33.041 W/art     ( 1594): Long monitor contention event with owner method=void com.android.server.wm.WindowAnimator$1.doFrame(long) from WindowAnimator.java:121 waiters=1 for 450ms
12-09 08:03:33.216 W/art     ( 1594): Long monitor contention event with owner method=void com.android.server.wm.WindowAnimator$1.doFrame(long) from WindowAnimator.java:121 waiters=1 for 352ms
12-09 08:03:33.412 W/art     ( 1594): Long monitor contention event with owner method=void com.android.server.wm.WindowAnimator$1.doFrame(long) from WindowAnimator.java:121 waiters=1 for 371ms
12-09 08:03:33.472 W/art     ( 1594): Long monitor contention event with owner method=void com.android.server.wm.WindowAnimator$1.doFrame(long) from WindowAnimator.java:121 waiters=2 for 376ms
12-09 08:03:33.552 W/art     ( 1594): Long monitor contention event with owner method=void com.android.server.wm.WindowAnimator$1.doFrame(long) from WindowAnimator.java:121 waiters=3 for 445ms
12-09 08:03:33.760 W/art     ( 1594): Long monitor contention event with owner method=void com.android.server.wm.WindowAnimator$1.doFrame(long) from WindowAnimator.java:121 waiters=3 for 347ms
12-09 08:03:33.871 W/art     ( 1594): Long monitor contention event with owner method=void com.android.server.wm.WindowAnimator$1.doFrame(long) from WindowAnimator.java:121 waiters=3 for 399ms
12-09 08:03:33.945 W/art     ( 1594): Long monitor contention event with owner method=void com.android.server.wm.WindowAnimator$1.doFrame(long) from WindowAnimator.java:121 waiters=3 for 392ms
12-09 08:03:33.946 W/ActivityManager( 1594): Crash of app com.evancharlton.mileage running instrumentation ComponentInfo{com.evancharlton.mileage.test/sh.calaba.instrumentationbackend.CalabashInstrumentationTestRunner}
12-09 08:03:33.946 I/ActivityManager( 1594): Force stopping com.evancharlton.mileage appid=10127 user=0: finished inst
12-09 08:03:33.947 I/WindowState( 1594): WIN DEATH: Window{6ca06c u0 com.evancharlton.mileage/com.evancharlton.mileage.Mileage}
12-09 08:03:33.947 W/InputDispatcher( 1594): Attempted to unregister already unregistered input channel '6ca06c com.evancharlton.mileage/com.evancharlton.mileage.Mileage (server)'
12-09 08:03:34.138 W/art     ( 1594): Long monitor contention event with owner method=void com.android.server.wm.WindowAnimator$1.doFrame(long) from WindowAnimator.java:121 waiters=0 for 183ms
12-09 08:03:34.568 I/ActivityManager( 1594): Start proc 10717:com.evancharlton.mileage/u0a127 for added application com.evancharlton.mileage
12-09 08:03:34.569 W/art     ( 1594): Long monitor contention event with owner method=boolean com.android.server.am.ActivityManagerService.startInstrumentation(android.content.ComponentName, java.lang.String, int, android.os.Bundle, android.app.IInstrumentationWatcher, android.app.IUiAutomationConnection, int, java.lang.String) from ActivityManagerService.java:17066 waiters=0 for 1.727s
12-09 08:03:34.569 D/AndroidRuntime(10702): Shutting down VM
12-09 08:03:34.575 W/art     ( 1594): Long monitor contention event with owner method=boolean com.android.server.am.ActivityManagerService.startInstrumentation(android.content.ComponentName, java.lang.String, int, android.os.Bundle, android.app.IInstrumentationWatcher, android.app.IUiAutomationConnection, int, java.lang.String) from ActivityManagerService.java:17066 waiters=1 for 1.534s
12-09 08:03:34.576 W/art     ( 1594): Long monitor contention event with owner method=boolean com.android.server.am.ActivityManagerService.startInstrumentation(android.content.ComponentName, java.lang.String, int, android.os.Bundle, android.app.IInstrumentationWatcher, android.app.IUiAutomationConnection, int, java.lang.String) from ActivityManagerService.java:17066 waiters=2 for 1.340s
12-09 08:03:34.577 W/art     ( 1594): Long monitor contention event with owner method=boolean com.android.server.am.ActivityManagerService.startInstrumentation(android.content.ComponentName, java.lang.String, int, android.os.Bundle, android.app.IInstrumentationWatcher, android.app.IUiAutomationConnection, int, java.lang.String) from ActivityManagerService.java:17066 waiters=4 for 211ms
12-09 08:03:34.579 W/art     ( 1594): Long monitor contention event with owner method=boolean com.android.server.am.ActivityManagerService.startInstrumentation(android.content.ComponentName, java.lang.String, int, android.os.Bundle, android.app.IInstrumentationWatcher, android.app.IUiAutomationConnection, int, java.lang.String) from ActivityManagerService.java:17066 waiters=3 for 548ms
12-09 08:03:34.660 W/InputMethodManagerService( 1594): Got RemoteException sending setActive(false) notification to pid 10640 uid 10127
12-09 08:03:34.673 W/System  (10717): ClassLoader referenced unknown path: /data/app/com.evancharlton.mileage.test-1/lib/x86_64
12-09 08:03:34.673 W/System  (10717): ClassLoader referenced unknown path: /data/app/com.evancharlton.mileage-1/lib/x86_64
12-09 08:03:34.675 W/art     ( 1594): Long monitor contention event with owner method=com.android.internal.view.InputBindResult com.android.server.InputMethodManagerService.windowGainedFocus(com.android.internal.view.IInputMethodClient, android.os.IBinder, int, int, int, android.view.inputmethod.EditorInfo, com.android.internal.view.IInputContext) from InputMethodManagerService.java:2177 waiters=0 for 1.579s
12-09 08:03:34.676 I/Choreographer( 1939): Skipped 131 frames!  The application may be doing too much work on its main thread.
12-09 08:03:34.699 W/art     ( 1594): Long monitor contention event with owner method=com.android.internal.view.InputBindResult com.android.server.InputMethodManagerService.windowGainedFocus(com.android.internal.view.IInputMethodClient, android.os.IBinder, int, int, int, android.view.inputmethod.EditorInfo, com.android.internal.view.IInputContext) from InputMethodManagerService.java:2177 waiters=1 for 667ms
12-09 08:03:34.812 I/System.out(10717): Main activity name automatically set to: com.evancharlton.mileage.Mileage
12-09 08:03:34.812 I/System.out(10717): Calabash did not load Mono. This is only a problem if you are trying to test a Mono application
12-09 08:03:34.813 I/calabash(10717): Test server port: 7102
12-09 08:03:34.813 I/InstrumentationBackend(10717): Added:'GetPreferences', with key:'get_preferences'
12-09 08:03:34.839 I/art     ( 2267): Background partial concurrent mark sweep GC freed 72250(3MB) AllocSpace objects, 0(0B) LOS objects, 23% free, 13MB/17MB, paused 22.174ms total 174.270ms
12-09 08:03:34.867 D/EGL_emulation( 1880): eglMakeCurrent: 0x7faa54003aa0: ver 2 0 (tinfo 0x7faa5bb77d00)
12-09 08:03:34.880 E/Surface ( 1880): getSlotFromBufferLocked: unknown buffer: 0x7faa5c20a2c0
12-09 08:03:34.958 I/InstrumentationBackend(10717): Added:'SetPreferences', with key:'set_preferences'
12-09 08:03:34.958 I/InstrumentationBackend(10717): Added:'ClearPreferences', with key:'clear_preferences'
12-09 08:03:34.963 I/InstrumentationBackend(10717): Added:'PressElement', with key:'press_l10n_element'
12-09 08:03:34.963 I/InstrumentationBackend(10717): Added:'WaitForElement', with key:'wait_for_l10n_element'
12-09 08:03:34.963 I/InstrumentationBackend(10717): Added:'NullAction', with key:'nullAction'
12-09 08:03:34.964 I/InstrumentationBackend(10717): Added:'PressKey', with key:'press_key'
12-09 08:03:34.964 I/InstrumentationBackend(10717): Added:'SetActivityOrientation', with key:'set_activity_orientation'
12-09 08:03:34.964 I/InstrumentationBackend(10717): Added:'GetActivityOrientation', with key:'get_activity_orientation'
12-09 08:03:34.964 I/InstrumentationBackend(10717): Added:'FakeGPSLocation', with key:'set_gps_coordinates'
12-09 08:03:34.964 I/InstrumentationBackend(10717): Added:'SetPropertyByCssSelector', with key:'set_property_by_css_selector'
12-09 08:03:34.965 I/InstrumentationBackend(10717): Added:'GetUrl', with key:'get_url'
12-09 08:03:34.965 I/InstrumentationBackend(10717): Added:'ScrollTo', with key:'scroll_to'
12-09 08:03:34.965 I/InstrumentationBackend(10717): Added:'GetLoadProgress', with key:'get_load_progress'
12-09 08:03:34.966 I/InstrumentationBackend(10717): Added:'DumpHtml', with key:'dump_html'
12-09 08:03:34.966 I/InstrumentationBackend(10717): Added:'DumpBodyHtml', with key:'dump_body_html'
12-09 08:03:34.966 I/InstrumentationBackend(10717): Added:'EnterTextByCssSelector', with key:'enter_text_by_selector'
12-09 08:03:34.982 I/InstrumentationBackend(10717): Added:'AndroidSDKVersion', with key:'android_sdk_version'
12-09 08:03:34.986 I/InstrumentationBackend(10717): Added:'Version', with key:'version'
12-09 08:03:34.987 I/InstrumentationBackend(10717): Added:'Drag', with key:'drag'
12-09 08:03:34.987 I/InstrumentationBackend(10717): Added:'TouchCoordinates', with key:'touch_coordinate'
12-09 08:03:34.987 I/InstrumentationBackend(10717): Added:'LongPressCoordinate', with key:'long_press_coordinate'
12-09 08:03:34.988 I/InstrumentationBackend(10717): Added:'DragCoordinates', with key:'drag_coordinates'
12-09 08:03:34.988 I/InstrumentationBackend(10717): Added:'ResumeApplication', with key:'resume_application'
12-09 08:03:34.988 I/InstrumentationBackend(10717): Added:'Swipe', with key:'swipe'
12-09 08:03:34.988 I/InstrumentationBackend(10717): Added:'DoubleTapCoordinate', with key:'double_tap_coordinate'
12-09 08:03:34.988 I/InstrumentationBackend(10717): Added:'ClickOnScreen', with key:'click_on_screen'
12-09 08:03:34.989 I/InstrumentationBackend(10717): Added:'GetActivityName', with key:'get_activity_name'
12-09 08:03:34.989 I/InstrumentationBackend(10717): Added:'ScrollToView', with key:'scroll_to_view'
12-09 08:03:34.989 I/InstrumentationBackend(10717): Added:'ViewConfiguration', with key:'view_configuration'
12-09 08:03:34.989 I/InstrumentationBackend(10717): Added:'IsCurrentActivityFocused', with key:'is_current_activity_focused'
12-09 08:03:34.989 I/InstrumentationBackend(10717): Added:'SendTcp', with key:'send_tcp'
12-09 08:03:34.990 I/InstrumentationBackend(10717): Added:'DpToDevicePixel', with key:'dp_to_device_pixel'
12-09 08:03:34.990 I/InstrumentationBackend(10717): Added:'KeyboardEnterText', with key:'keyboard_enter_text'
12-09 08:03:34.990 I/InstrumentationBackend(10717): Added:'DeleteSurroundingText', with key:'delete_surrounding_text'
12-09 08:03:34.999 I/InstrumentationBackend(10717): Added:'SetComposingRegion', with key:'set_composing_region'
12-09 08:03:34.999 I/InstrumentationBackend(10717): Added:'SetSelection', with key:'set_selection'
12-09 08:03:34.999 I/InstrumentationBackend(10717): Added:'KeyboardKeyEvent', with key:'keyboard_key_event'
12-09 08:03:35.000 I/InstrumentationBackend(10717): Added:'PressUserActionButton', with key:'press_user_action_button'
12-09 08:03:35.000 I/InstrumentationBackend(10717): Added:'HideSoftKeyboard', with key:'hide_soft_keyboard'
12-09 08:03:35.000 I/InstrumentationBackend(10717): Added:'ListActions', with key:'list_actions'
12-09 08:03:35.001 I/calabash(10717): Instantiating http server at 7102
12-09 08:03:35.001 I/System.out(10717): HTTP Daemon listening on: 7102
12-09 08:03:35.263 I/System.out(10717): URI: //ping
12-09 08:03:35.263 I/System.out(10717): params: {json={}
12-09 08:03:35.263 I/System.out(10717): }
12-09 08:03:35.349 I/System.out(10717): URI: //ping
12-09 08:03:35.349 I/System.out(10717): params: {json={}
12-09 08:03:35.349 I/System.out(10717): }
12-09 08:03:35.373 I/System.out(10717): URI: //ready
12-09 08:03:35.373 I/System.out(10717): params: {json={}
12-09 08:03:35.373 I/System.out(10717): }
12-09 08:03:35.395 I/System.out(10717): URI: //
12-09 08:03:35.395 I/System.out(10717): params: {json={"command":"version","arguments":[]}
12-09 08:03:35.395 I/System.out(10717): }
12-09 08:03:35.395 I/System.out(10717): header: {date=Sun, 09 Dec 2018 08:03:36 GMT, accept=*/*, content-length=36, host=127.0.0.1:34777, user-agent=HTTPClient/1.0 (2.8.3, ruby 2.3.1 (2016-04-26)), content-type=application/json;charset=utf-8}
12-09 08:03:35.395 I/System.out(10717): params: {json={"command":"version","arguments":[]}
12-09 08:03:35.395 I/System.out(10717): }
12-09 08:03:35.395 I/System.out(10717): ProP json = {"command":"version","arguments":[]}
12-09 08:03:35.395 I/System.out(10717): files: {}
12-09 08:03:35.395 I/System.out(10717): command: {"command":"version","arguments":[]}
12-09 08:03:35.435 I/InstrumentationBackend(10717): Got command:'Command:'Line:null,version', arguments:'[]'
12-09 08:03:35.492 I/System.out(10717): result:{"bonusInformation":[],"message":"0.9.8","success":true}
12-09 08:03:35.519 I/System.out(10717): URI: //start-application
12-09 08:03:35.519 I/System.out(10717): params: {json={"intent":null}
12-09 08:03:35.519 I/System.out(10717): }
12-09 08:03:35.614 I/Choreographer( 1939): Skipped 53 frames!  The application may be doing too much work on its main thread.
12-09 08:03:35.724 W/art     ( 1594): Long monitor contention event with owner method=void com.android.server.wm.WindowManagerService.finishDrawingWindow(com.android.server.wm.Session, android.view.IWindow) from WindowManagerService.java:3448 waiters=1 for 373ms
12-09 08:03:35.729 I/ActivityManager( 1594): START u0 {act=android.intent.action.MAIN cat=[android.intent.category.LAUNCHER] flg=0x10200000 cmp=com.evancharlton.mileage/.Mileage} from uid 10127 on display 0
12-09 08:03:35.737 W/OpenGLRenderer( 1939): Incorrectly called buildLayer on View: ShortcutAndWidgetContainer, destroying layer...
12-09 08:03:35.748 W/WindowState( 1594): Failed to report 'resized' to the client of Window{6ca06c u0 com.evancharlton.mileage/com.evancharlton.mileage.Mileage EXITING}, removing this window.
12-09 08:03:35.788 E/WindowState( 1594): getStack: Window{6ca06c u0 com.evancharlton.mileage/com.evancharlton.mileage.Mileage EXITING} couldn't find task for AppWindowToken{54ceae6 token=Token{fced24b ActivityRecord{64e771a u0 com.evancharlton.mileage/.Mileage t398}}} Callers=com.android.server.wm.WindowState.getDisplayContent:847 com.android.server.wm.WindowState.getWindowList:1457 com.android.server.wm.WindowManagerService.findDesiredInputMethodWindowIndexLocked:1464 com.android.server.wm.WindowManagerService.moveInputMethodWindowsIfNeededLocked:1684 
12-09 08:03:35.817 D/WVCdm   ( 1306): Instantiating CDM.
12-09 08:03:35.826 I/WVCdm   ( 1306): CdmEngine::OpenSession
12-09 08:03:35.826 I/WVCdm   ( 1306): Level3 Library Sep 28 2015 13:08:28
12-09 08:03:35.841 W/WVCdm   ( 1306): Could not read /data/mediadrm/IDM1013/ay64.dat2: No such file or directory
12-09 08:03:35.841 W/WVCdm   ( 1306): Could not load liboemcrypto.so. Falling back to L3.  dlopen failed: library "liboemcrypto.so" not found
12-09 08:03:35.856 I/WVCdm   ( 1306): CdmEngine::QueryKeyControlInfo
12-09 08:03:35.963 W/WVCdm   ( 1306): BufferReader::Read<T> : Failure during parse: Not enough bytes (4)
12-09 08:03:35.963 W/WVCdm   ( 1306): CdmEngine::ExtractWidevinePssh: Unable to read atom size.
12-09 08:03:35.963 I/WVCdm   ( 1306): CdmEngine::GenerateKeyRequest
12-09 08:03:35.964 D/WVCdm   ( 1306): PrepareKeyRequest: nonce=3090126734
12-09 08:03:36.076 I/EventLogChimeraService( 2379): Aggregate from 1544340928740 (log), 1544340928740 (data)
12-09 08:03:36.077 I/Auth    ( 2267): [ReflectiveChannelBinder] Successfully bound channel!
12-09 08:03:36.078 W/art     ( 2267): Long monitor contention event with owner method=void xno.a(xnk, xla) from :com.google.android.gms@13280023@13.2.80 (040800-211705629):113 waiters=0 for 3.563s
12-09 08:03:36.185 I/WVCdm   ( 1306): CdmEngine::CloseSession
12-09 08:03:36.251 W/art     ( 1594): Long monitor contention event with owner method=int com.android.server.wm.WindowManagerService.relayoutWindow(com.android.server.wm.Session, android.view.IWindow, int, android.view.WindowManager$LayoutParams, int, int, int, int, android.graphics.Rect, android.graphics.Rect, android.graphics.Rect, android.graphics.Rect, android.graphics.Rect, android.graphics.Rect, android.content.res.Configuration, android.view.Surface) from WindowManagerService.java:3103 waiters=0 for 320ms
12-09 08:03:36.307 D/gralloc_ranchu( 1223): gralloc_alloc: Creating ashmem region of size 3686400
12-09 08:03:36.322 I/calabash(10717): newActivity1
12-09 08:03:36.324 W/art     ( 1594): Long monitor contention event with owner method=void com.android.server.am.ActivityManagerService.activityPaused(android.os.IBinder) from ActivityManagerService.java:6439 waiters=0 for 393ms
12-09 08:03:36.391 W/Conscrypt( 2267): Could not set socket write timeout: java.lang.reflect.InvocationTargetException
12-09 08:03:36.391 W/Conscrypt( 2267): 	at java.lang.reflect.Method.invoke(Native Method)
12-09 08:03:36.391 W/Conscrypt( 2267): 	at com.google.android.gms.org.conscrypt.Platform.setSocketWriteTimeout(:com.google.android.gms@13280023@13.2.80 (040800-211705629):13)
12-09 08:03:36.391 W/Conscrypt( 2267): Caused by: android.system.ErrnoException: setsockopt failed: EBADF (Bad file descriptor)
12-09 08:03:36.391 W/Conscrypt( 2267): 	at libcore.io.Posix.setsockoptTimeval(Native Method)
12-09 08:03:36.391 W/Conscrypt( 2267): 	at libcore.io.ForwardingOs.setsockoptTimeval(ForwardingOs.java:156)
12-09 08:03:36.404 I/calabash(10717): newActivity1
12-09 08:03:36.406 W/ActivityManager( 1594): Bad activity token: android.os.BinderProxy@56eb082
12-09 08:03:36.406 W/ActivityManager( 1594): java.lang.ClassCastException: android.os.BinderProxy cannot be cast to com.android.server.am.ActivityRecord$Token
12-09 08:03:36.406 W/ActivityManager( 1594): 	at com.android.server.am.ActivityRecord.forTokenLocked(ActivityRecord.java:424)
12-09 08:03:36.406 W/ActivityManager( 1594): 	at com.android.server.am.ActivityRecord.isInStackLocked(ActivityRecord.java:1121)
12-09 08:03:36.406 W/ActivityManager( 1594): 	at com.android.server.am.ActivityRecord.getStackLocked(ActivityRecord.java:1126)
12-09 08:03:36.406 W/ActivityManager( 1594): 	at com.android.server.am.ActivityManagerService.getActivityDisplayId(ActivityManagerService.java:8889)
12-09 08:03:36.406 W/ActivityManager( 1594): 	at android.app.ActivityManagerNative.onTransact(ActivityManagerNative.java:2338)
12-09 08:03:36.406 W/ActivityManager( 1594): 	at com.android.server.am.ActivityManagerService.onTransact(ActivityManagerService.java:2443)
12-09 08:03:36.406 W/ActivityManager( 1594): 	at android.os.Binder.execTransact(Binder.java:453)
12-09 08:03:36.421 W/Conscrypt( 2267): Could not set socket write timeout: java.lang.reflect.InvocationTargetException
12-09 08:03:36.421 W/Conscrypt( 2267): 	at java.lang.reflect.Method.invoke(Native Method)
12-09 08:03:36.421 W/Conscrypt( 2267): 	at com.google.android.gms.org.conscrypt.Platform.setSocketWriteTimeout(:com.google.android.gms@13280023@13.2.80 (040800-211705629):13)
12-09 08:03:36.421 W/Conscrypt( 2267): Caused by: android.system.ErrnoException: setsockopt failed: EBADF (Bad file descriptor)
12-09 08:03:36.421 W/Conscrypt( 2267): 	at libcore.io.Posix.setsockoptTimeval(Native Method)
12-09 08:03:36.421 W/Conscrypt( 2267): 	at libcore.io.ForwardingOs.setsockoptTimeval(ForwardingOs.java:156)
12-09 08:03:36.424 W/ActivityManager( 1594): Bad activity token: android.os.BinderProxy@56eb082
12-09 08:03:36.424 W/ActivityManager( 1594): java.lang.ClassCastException: android.os.BinderProxy cannot be cast to com.android.server.am.ActivityRecord$Token
12-09 08:03:36.424 W/ActivityManager( 1594): 	at com.android.server.am.ActivityRecord.forTokenLocked(ActivityRecord.java:424)
12-09 08:03:36.424 W/ActivityManager( 1594): 	at com.android.server.am.ActivityRecord.isInStackLocked(ActivityRecord.java:1121)
12-09 08:03:36.424 W/ActivityManager( 1594): 	at com.android.server.am.ActivityManagerService.setTaskDescription(ActivityManagerService.java:8547)
12-09 08:03:36.424 W/ActivityManager( 1594): 	at android.app.ActivityManagerNative.onTransact(ActivityManagerNative.java:2410)
12-09 08:03:36.424 W/ActivityManager( 1594): 	at com.android.server.am.ActivityManagerService.onTransact(ActivityManagerService.java:2443)
12-09 08:03:36.424 W/ActivityManager( 1594): 	at android.os.Binder.execTransact(Binder.java:453)
12-09 08:03:36.453 W/GLSUser ( 2267): [AppCertManager] IOException while requesting key: 
12-09 08:03:36.453 W/GLSUser ( 2267): java.io.IOException: Invalid device key response.
12-09 08:03:36.453 W/GLSUser ( 2267): 	at hnl.a(:com.google.android.gms@13280023@13.2.80 (040800-211705629):11)
12-09 08:03:36.453 W/GLSUser ( 2267): 	at hnl.a(:com.google.android.gms@13280023@13.2.80 (040800-211705629):64)
12-09 08:03:36.453 W/GLSUser ( 2267): 	at hnj.a(:com.google.android.gms@13280023@13.2.80 (040800-211705629):6)
12-09 08:03:36.453 W/GLSUser ( 2267): 	at hnf.a(:com.google.android.gms@13280023@13.2.80 (040800-211705629):1)
12-09 08:03:36.453 W/GLSUser ( 2267): 	at hne.a(:com.google.android.gms@13280023@13.2.80 (040800-211705629):9)
12-09 08:03:36.453 W/GLSUser ( 2267): 	at com.google.android.gms.auth.account.be.legacy.AuthCronChimeraService.b(:com.google.android.gms@13280023@13.2.80 (040800-211705629):6)
12-09 08:03:36.453 W/GLSUser ( 2267): 	at gmd.call(:com.google.android.gms@13280023@13.2.80 (040800-211705629):3)
12-09 08:03:36.453 W/GLSUser ( 2267): 	at java.util.concurrent.FutureTask.run(FutureTask.java:237)
12-09 08:03:36.453 W/GLSUser ( 2267): 	at qcr.run(:com.google.android.gms@13280023@13.2.80 (040800-211705629):21)
12-09 08:03:36.453 W/GLSUser ( 2267): 	at java.util.concurrent.ThreadPoolExecutor.runWorker(ThreadPoolExecutor.java:1113)
12-09 08:03:36.453 W/GLSUser ( 2267): 	at java.util.concurrent.ThreadPoolExecutor$Worker.run(ThreadPoolExecutor.java:588)
12-09 08:03:36.453 W/GLSUser ( 2267): 	at qiv.run(:com.google.android.gms@13280023@13.2.80 (040800-211705629))
12-09 08:03:36.453 W/GLSUser ( 2267): 	at java.lang.Thread.run(Thread.java:818)
12-09 08:03:36.490 D/EGL_emulation( 1939): eglMakeCurrent: 0x7faa5fc74dc0: ver 2 0 (tinfo 0x7faa5fc42d80)
12-09 08:03:36.547 E/Surface ( 1939): getSlotFromBufferLocked: unknown buffer: 0x7faa5c20a040
12-09 08:03:36.552 V/PhoneStatusBar( 1694): setLightsOn(true)
12-09 08:03:36.604 W/ActivityManager( 1594): Bad activity token: android.os.BinderProxy@56eb082
12-09 08:03:36.604 W/ActivityManager( 1594): java.lang.ClassCastException: android.os.BinderProxy cannot be cast to com.android.server.am.ActivityRecord$Token
12-09 08:03:36.604 W/ActivityManager( 1594): 	at com.android.server.am.ActivityRecord.forTokenLocked(ActivityRecord.java:424)
12-09 08:03:36.604 W/ActivityManager( 1594): 	at com.android.server.am.ActivityRecord.isInStackLocked(ActivityRecord.java:1121)
12-09 08:03:36.604 W/ActivityManager( 1594): 	at com.android.server.am.ActivityManagerService.getActivityOptions(ActivityManagerService.java:11038)
12-09 08:03:36.604 W/ActivityManager( 1594): 	at android.app.ActivityManagerNative.onTransact(ActivityManagerNative.java:1734)
12-09 08:03:36.604 W/ActivityManager( 1594): 	at com.android.server.am.ActivityManagerService.onTransact(ActivityManagerService.java:2443)
12-09 08:03:36.604 W/ActivityManager( 1594): 	at android.os.Binder.execTransact(Binder.java:453)
12-09 08:03:36.604 W/ActivityManager( 1594): Bad activity token: android.os.BinderProxy@56eb082
12-09 08:03:36.604 W/ActivityManager( 1594): java.lang.ClassCastException: android.os.BinderProxy cannot be cast to com.android.server.am.ActivityRecord$Token
12-09 08:03:36.604 W/ActivityManager( 1594): 	at com.android.server.am.ActivityRecord.forTokenLocked(ActivityRecord.java:424)
12-09 08:03:36.604 W/ActivityManager( 1594): 	at com.android.server.am.ActivityRecord.isInStackLocked(ActivityRecord.java:1121)
12-09 08:03:36.604 W/ActivityManager( 1594): 	at com.android.server.am.ActivityManagerService.getActivityOptions(ActivityManagerService.java:11038)
12-09 08:03:36.604 W/ActivityManager( 1594): 	at android.app.ActivityManagerNative.onTransact(ActivityManagerNative.java:1734)
12-09 08:03:36.604 W/ActivityManager( 1594): 	at com.android.server.am.ActivityManagerService.onTransact(ActivityManagerService.java:2443)
12-09 08:03:36.604 W/ActivityManager( 1594): 	at android.os.Binder.execTransact(Binder.java:453)
12-09 08:03:36.650 I/art     (10717): Background sticky concurrent mark sweep GC freed 1899(340KB) AllocSpace objects, 0(0B) LOS objects, 13% free, 1915KB/2MB, paused 5.878ms total 54.807ms
12-09 08:03:37.305 D/gralloc_ranchu( 1223): gralloc_alloc: Creating ashmem region of size 3686400
12-09 08:03:37.391 D/        (10717): HostConnection::get() New Host Connection established 0x7faa5c27cf20, tid 10717
12-09 08:03:37.629 I/ActivityManager( 1594): Displayed com.evancharlton.mileage/.Mileage: +1s314ms
12-09 08:03:38.115 I/art     (10717): WaitForGcToComplete blocked for 8.581ms for cause Background
12-09 08:03:38.123 D/gralloc_ranchu( 1223): gralloc_alloc: Creating ashmem region of size 3686400
12-09 08:03:38.155 I/art     (10717): Background partial concurrent mark sweep GC freed 2611(181KB) AllocSpace objects, 1(20KB) LOS objects, 39% free, 1857KB/3MB, paused 15.204ms total 40.159ms
12-09 08:03:38.363 D/gralloc_ranchu( 1223): gralloc_alloc: Creating ashmem region of size 3686400
12-09 08:03:39.144 I/AccountManagerService( 1594): getTypesVisibleToCaller: isPermitted? true
12-09 08:03:39.173 I/AccountManagerService( 1594): getTypesVisibleToCaller: isPermitted? true
12-09 08:03:40.103 I/System.out(10717): URI: //map
12-09 08:03:40.103 I/System.out(10717): params: {json={"query":"android.widget.EditText id:'price'","operation":{"method_name":"query","arguments":[]}}
12-09 08:03:40.103 I/System.out(10717): }
12-09 08:03:40.204 W/ResourceType(10717): No package identifier when getting name for resource number 0x00000001
12-09 08:03:40.294 I/art     (10717): Background sticky concurrent mark sweep GC freed 36647(1756KB) AllocSpace objects, 1(20KB) LOS objects, 27% free, 2MB/3MB, paused 7.042ms total 66.855ms
12-09 08:03:40.296 I/System.out(10717): URI: //gesture
12-09 08:03:40.296 I/System.out(10717): params: {json={"query_timeout":5.0,"gestures":[{"query_string":"android.widget.EditText id:'price'","touches":[{"x":50,"y":50,"offset_x":0,"offset_y":0,"wait":0.0,"time":0.2,"release":true,"query_string":null}]}]}
12-09 08:03:40.296 I/System.out(10717): }
12-09 08:03:40.333 W/ResourceType(10717): No package identifier when getting name for resource number 0x00000001
12-09 08:03:40.693 I/art     (10717): Background partial concurrent mark sweep GC freed 16608(767KB) AllocSpace objects, 3(60KB) LOS objects, 40% free, 2MB/3MB, paused 1.053ms total 324.291ms
12-09 08:03:40.928 I/LatinIME( 1880): Starting input. Cursor position = 0,0
12-09 08:03:41.399 D/EGL_emulation( 1880): eglMakeCurrent: 0x7faa54003aa0: ver 2 0 (tinfo 0x7faa5bb77d00)
12-09 08:03:41.497 I/System.out(10717): URI: //
12-09 08:03:41.497 I/System.out(10717): params: {json={"command":"set_selection","arguments":[-1,-1]}
12-09 08:03:41.497 I/System.out(10717): }
12-09 08:03:41.497 I/System.out(10717): header: {date=Sun, 09 Dec 2018 08:03:42 GMT, accept=*/*, content-length=47, host=127.0.0.1:34777, user-agent=HTTPClient/1.0 (2.8.3, ruby 2.3.1 (2016-04-26)), content-type=application/json;charset=utf-8}
12-09 08:03:41.497 I/System.out(10717): params: {json={"command":"set_selection","arguments":[-1,-1]}
12-09 08:03:41.497 I/System.out(10717): }
12-09 08:03:41.497 I/System.out(10717): ProP json = {"command":"set_selection","arguments":[-1,-1]}
12-09 08:03:41.497 I/System.out(10717): files: {}
12-09 08:03:41.497 I/System.out(10717): command: {"command":"set_selection","arguments":[-1,-1]}
12-09 08:03:41.506 I/InstrumentationBackend(10717): Got command:'Command:'Line:null,set_selection', arguments:'[-1, -1]'
12-09 08:03:41.611 I/System.out(10717): result:{"bonusInformation":[],"message":"","success":true}
12-09 08:03:41.903 I/System.out(10717): URI: //
12-09 08:03:41.903 I/System.out(10717): params: {json={"command":"keyboard_enter_text","arguments":["000"]}
12-09 08:03:41.903 I/System.out(10717): }
12-09 08:03:41.903 I/System.out(10717): header: {date=Sun, 09 Dec 2018 08:03:42 GMT, accept=*/*, content-length=53, host=127.0.0.1:34777, user-agent=HTTPClient/1.0 (2.8.3, ruby 2.3.1 (2016-04-26)), content-type=application/json;charset=utf-8}
12-09 08:03:41.903 I/System.out(10717): params: {json={"command":"keyboard_enter_text","arguments":["000"]}
12-09 08:03:41.903 I/System.out(10717): }
12-09 08:03:41.903 I/System.out(10717): ProP json = {"command":"keyboard_enter_text","arguments":["000"]}
12-09 08:03:41.903 I/System.out(10717): files: {}
12-09 08:03:41.903 I/System.out(10717): command: {"command":"keyboard_enter_text","arguments":["000"]}
12-09 08:03:41.904 I/InstrumentationBackend(10717): Got command:'Command:'Line:null,keyboard_enter_text', arguments:'[000]'
12-09 08:03:41.905 E/SpannableStringBuilder(10717): SPAN_EXCLUSIVE_EXCLUSIVE spans cannot have a zero length
12-09 08:03:41.905 E/SpannableStringBuilder(10717): SPAN_EXCLUSIVE_EXCLUSIVE spans cannot have a zero length
12-09 08:03:42.196 W/art     ( 1594): Long monitor contention event with owner method=void com.android.server.wm.WindowAnimator$1.doFrame(long) from WindowAnimator.java:121 waiters=0 for 244ms
12-09 08:03:42.197 E/SpannableStringBuilder(10717): SPAN_EXCLUSIVE_EXCLUSIVE spans cannot have a zero length
12-09 08:03:42.197 E/SpannableStringBuilder(10717): SPAN_EXCLUSIVE_EXCLUSIVE spans cannot have a zero length
12-09 08:03:42.224 I/System.out(10717): result:{"bonusInformation":[],"message":"","success":true}
12-09 08:03:42.361 I/art     (10717): Background sticky concurrent mark sweep GC freed 29221(1391KB) AllocSpace objects, 6(120KB) LOS objects, 35% free, 2MB/3MB, paused 1.414ms total 148.867ms
12-09 08:03:42.369 I/System.out(10717): URI: //map
12-09 08:03:42.369 I/System.out(10717): params: {json={"query":"android.widget.Button index:2","operation":{"method_name":"query","arguments":[]}}
12-09 08:03:42.369 I/System.out(10717): }
12-09 08:03:42.479 W/art     (10717): Suspending all threads took: 11.039ms
12-09 08:03:42.568 I/art     (10717): Background sticky concurrent mark sweep GC freed 38065(1564KB) AllocSpace objects, 2(40KB) LOS objects, 19% free, 2MB/3MB, paused 12.318ms total 136.114ms
12-09 08:03:42.597 I/System.out(10717): URI: //gesture
12-09 08:03:42.597 I/System.out(10717): params: {json={"query_timeout":5.0,"gestures":[{"query_string":"android.widget.Button index:2","touches":[{"x":50,"y":50,"offset_x":0,"offset_y":0,"wait":0.0,"time":0.2,"release":true,"query_string":null}]}]}
12-09 08:03:42.597 I/System.out(10717): }
12-09 08:03:42.963 W/audio_hw_generic( 1306): Hardware backing HAL too slow, could only write 0 of 661 frames
12-09 08:03:42.975 W/audio_hw_generic( 1306): Hardware backing HAL too slow, could only write 0 of 661 frames
12-09 08:03:42.991 W/audio_hw_generic( 1306): Hardware backing HAL too slow, could only write 0 of 661 frames
12-09 08:03:43.026 I/art     (10717): Background sticky concurrent mark sweep GC freed 29482(1407KB) AllocSpace objects, 0(0B) LOS objects, 27% free, 2MB/3MB, paused 1.156ms total 101.998ms
12-09 08:03:43.143 W/audio_hw_generic( 1306): Not supplying enough data to HAL, expected position 19561249 , only wrote 19560312
12-09 08:03:43.179 W/audio_hw_generic( 1306): Hardware backing HAL too slow, could only write 0 of 661 frames
12-09 08:03:43.211 W/audio_hw_generic( 1306): Hardware backing HAL too slow, could only write 0 of 661 frames
12-09 08:03:43.227 W/audio_hw_generic( 1306): Hardware backing HAL too slow, could only write 0 of 661 frames
12-09 08:03:43.233 I/LatinIME( 1880): Starting input. Cursor position = 0,0
12-09 08:03:43.240 W/audio_hw_generic( 1306): Hardware backing HAL too slow, could only write 0 of 661 frames
12-09 08:03:43.259 W/audio_hw_generic( 1306): Hardware backing HAL too slow, could only write 0 of 661 frames
12-09 08:03:43.301 D/gralloc_ranchu( 1223): gralloc_alloc: Creating ashmem region of size 45056
12-09 08:03:43.420 W/audio_hw_generic( 1306): Not supplying enough data to HAL, expected position 19572497 , only wrote 19572210
12-09 08:03:43.420 W/audio_hw_generic( 1306): Not supplying enough data to HAL, expected position 19572217 , only wrote 19572210
12-09 08:03:43.446 W/audio_hw_generic( 1306): Not supplying enough data to HAL, expected position 19573366 , only wrote 19572871
12-09 08:03:43.543 W/audio_hw_generic( 1306): Not supplying enough data to HAL, expected position 19577151 , only wrote 19575515
12-09 08:03:43.543 W/audio_hw_generic( 1306): Not supplying enough data to HAL, expected position 19575525 , only wrote 19575515
12-09 08:03:43.559 W/audio_hw_generic( 1306): Not supplying enough data to HAL, expected position 19576186 , only wrote 19576176
12-09 08:03:43.622 E/SurfaceFlinger( 1223): ro.sf.lcd_density must be defined as a build property
12-09 08:03:43.740 D/gralloc_ranchu( 1223): gralloc_alloc: Creating ashmem region of size 3686400
12-09 08:03:43.755 D/        (10760): HostConnection::get() New Host Connection established 0x7f4ffd892480, tid 10760
12-09 08:03:43.782 E/EGL_emulation( 1223): tid 1223: eglCreateSyncKHR(1881): error 0x3004 (EGL_BAD_ATTRIBUTE)
12-09 08:03:43.931 W/audio_hw_generic( 1306): Hardware backing HAL too slow, could only write 0 of 661 frames
12-09 08:03:43.953 W/audio_hw_generic( 1306): Hardware backing HAL too slow, could only write 0 of 661 frames
12-09 08:03:43.967 W/audio_hw_generic( 1306): Hardware backing HAL too slow, could only write 0 of 661 frames
12-09 08:03:43.996 W/audio_hw_generic( 1306): Not supplying enough data to HAL, expected position 19595463 , only wrote 19595345
12-09 08:03:43.996 W/audio_hw_generic( 1306): Not supplying enough data to HAL, expected position 19595353 , only wrote 19595345
12-09 08:03:44.011 W/audio_hw_generic( 1306): Hardware backing HAL too slow, could only write 0 of 661 frames
12-09 08:03:44.011 W/audio_hw_generic( 1306): Hardware backing HAL too slow, could only write 0 of 661 frames
12-09 08:03:44.027 W/audio_hw_generic( 1306): Hardware backing HAL too slow, could only write 0 of 661 frames
12-09 08:03:44.043 W/audio_hw_generic( 1306): Hardware backing HAL too slow, could only write 0 of 661 frames
12-09 08:03:44.059 W/audio_hw_generic( 1306): Hardware backing HAL too slow, could only write 0 of 661 frames
12-09 08:03:44.080 W/audio_hw_generic( 1306): Hardware backing HAL too slow, could only write 0 of 661 frames
12-09 08:03:44.087 W/audio_hw_generic( 1306): Hardware backing HAL too slow, could only write 0 of 661 frames
12-09 08:03:44.102 W/audio_hw_generic( 1306): Hardware backing HAL too slow, could only write 0 of 661 frames
12-09 08:03:44.270 I/Choreographer( 1880): Skipped 68 frames!  The application may be doing too much work on its main thread.
12-09 08:03:44.386 W/audio_hw_generic( 1306): Not supplying enough data to HAL, expected position 19612523 , only wrote 19611870
12-09 08:03:44.559 W/audio_hw_generic( 1306): Not supplying enough data to HAL, expected position 19619526 , only wrote 19619141
12-09 08:03:44.559 W/audio_hw_generic( 1306): Not supplying enough data to HAL, expected position 19619148 , only wrote 19619141
12-09 08:03:44.575 W/audio_hw_generic( 1306): Not supplying enough data to HAL, expected position 19619841 , only wrote 19619802
12-09 08:03:44.803 W/audio_hw_generic( 1306): Not supplying enough data to HAL, expected position 19629840 , only wrote 19629717
12-09 08:03:44.803 W/audio_hw_generic( 1306): Not supplying enough data to HAL, expected position 19629724 , only wrote 19629717
12-09 08:03:44.819 W/audio_hw_generic( 1306): Not supplying enough data to HAL, expected position 19630410 , only wrote 19630378
12-09 08:03:44.943 W/audio_hw_generic( 1306): Not supplying enough data to HAL, expected position 19635863 , only wrote 19635666
12-09 08:03:44.943 W/audio_hw_generic( 1306): Not supplying enough data to HAL, expected position 19635673 , only wrote 19635666
12-09 08:03:44.947 I/System.out(10717): URI: //map
12-09 08:03:44.947 I/System.out(10717): params: {json={"query":"android.widget.EditText id:'volume'","operation":{"method_name":"query","arguments":[]}}
12-09 08:03:44.947 I/System.out(10717): }
12-09 08:03:44.963 W/audio_hw_generic( 1306): Not supplying enough data to HAL, expected position 19636517 , only wrote 19636327
12-09 08:03:44.995 W/audio_hw_generic( 1306): Not supplying enough data to HAL, expected position 19637746 , only wrote 19637649
12-09 08:03:45.056 W/ResourceType(10717): No package identifier when getting name for resource number 0x00000001
12-09 08:03:45.227 I/art     (10717): Background sticky concurrent mark sweep GC freed 36447(1544KB) AllocSpace objects, 1(20KB) LOS objects, 16% free, 2MB/3MB, paused 4.210ms total 160.017ms
12-09 08:03:45.341 W/audio_hw_generic( 1306): Not supplying enough data to HAL, expected position 19652929 , only wrote 19648225
12-09 08:03:45.373 W/audio_hw_generic( 1306): Not supplying enough data to HAL, expected position 19649600 , only wrote 19648225
12-09 08:03:45.416 I/System.out(10717): URI: //gesture
12-09 08:03:45.416 I/System.out(10717): params: {json={"query_timeout":5.0,"gestures":[{"query_string":"android.widget.EditText id:'volume'","touches":[{"x":50,"y":50,"offset_x":0,"offset_y":0,"wait":0.0,"time":0.2,"release":true,"query_string":null}]}]}
12-09 08:03:45.416 I/System.out(10717): }
12-09 08:03:45.448 I/art     (10717): Background sticky concurrent mark sweep GC freed 9536(559KB) AllocSpace objects, 2(40KB) LOS objects, 16% free, 2MB/3MB, paused 17.918ms total 24.517ms
12-09 08:03:45.538 W/ResourceType(10717): No package identifier when getting name for resource number 0x00000001
12-09 08:03:45.646 W/audio_hw_generic( 1306): Not supplying enough data to HAL, expected position 19660292 , only wrote 19660123
12-09 08:03:45.647 W/audio_hw_generic( 1306): Not supplying enough data to HAL, expected position 19660144 , only wrote 19660123
12-09 08:03:45.695 W/audio_hw_generic( 1306): Not supplying enough data to HAL, expected position 19662260 , only wrote 19662106
12-09 08:03:45.871 W/audio_hw_generic( 1306): Not supplying enough data to HAL, expected position 19669865 , only wrote 19668055
12-09 08:03:45.871 W/audio_hw_generic( 1306): Not supplying enough data to HAL, expected position 19668062 , only wrote 19668055
12-09 08:03:45.945 W/audio_hw_generic( 1306): Not supplying enough data to HAL, expected position 19671287 , only wrote 19668716
12-09 08:03:46.039 W/audio_hw_generic( 1306): Not supplying enough data to HAL, expected position 19675203 , only wrote 19672021
12-09 08:03:46.505 I/System.out(10717): URI: //
12-09 08:03:46.505 I/System.out(10717): params: {json={"command":"set_selection","arguments":[-1,-1]}
12-09 08:03:46.505 I/System.out(10717): }
12-09 08:03:46.505 I/System.out(10717): header: {date=Sun, 09 Dec 2018 08:03:47 GMT, accept=*/*, content-length=47, host=127.0.0.1:34777, user-agent=HTTPClient/1.0 (2.8.3, ruby 2.3.1 (2016-04-26)), content-type=application/json;charset=utf-8}
12-09 08:03:46.505 I/System.out(10717): params: {json={"command":"set_selection","arguments":[-1,-1]}
12-09 08:03:46.505 I/System.out(10717): }
12-09 08:03:46.505 I/System.out(10717): ProP json = {"command":"set_selection","arguments":[-1,-1]}
12-09 08:03:46.505 I/System.out(10717): files: {}
12-09 08:03:46.505 I/System.out(10717): command: {"command":"set_selection","arguments":[-1,-1]}
12-09 08:03:46.515 I/InstrumentationBackend(10717): Got command:'Command:'Line:null,set_selection', arguments:'[-1, -1]'
12-09 08:03:46.630 I/System.out(10717): result:{"bonusInformation":[],"message":"","success":true}
12-09 08:03:46.751 I/System.out(10717): URI: //
12-09 08:03:46.751 I/System.out(10717): params: {json={"command":"keyboard_enter_text","arguments":["000"]}
12-09 08:03:46.751 I/System.out(10717): }
12-09 08:03:46.751 I/System.out(10717): header: {date=Sun, 09 Dec 2018 08:03:47 GMT, accept=*/*, content-length=53, host=127.0.0.1:34777, user-agent=HTTPClient/1.0 (2.8.3, ruby 2.3.1 (2016-04-26)), content-type=application/json;charset=utf-8}
12-09 08:03:46.751 I/System.out(10717): params: {json={"command":"keyboard_enter_text","arguments":["000"]}
12-09 08:03:46.751 I/System.out(10717): }
12-09 08:03:46.751 I/System.out(10717): ProP json = {"command":"keyboard_enter_text","arguments":["000"]}
12-09 08:03:46.751 I/System.out(10717): files: {}
12-09 08:03:46.751 I/System.out(10717): command: {"command":"keyboard_enter_text","arguments":["000"]}
12-09 08:03:46.752 I/InstrumentationBackend(10717): Got command:'Command:'Line:null,keyboard_enter_text', arguments:'[000]'
12-09 08:03:46.752 E/SpannableStringBuilder(10717): SPAN_EXCLUSIVE_EXCLUSIVE spans cannot have a zero length
12-09 08:03:46.752 E/SpannableStringBuilder(10717): SPAN_EXCLUSIVE_EXCLUSIVE spans cannot have a zero length
12-09 08:03:46.827 E/SpannableStringBuilder(10717): SPAN_EXCLUSIVE_EXCLUSIVE spans cannot have a zero length
12-09 08:03:46.827 E/SpannableStringBuilder(10717): SPAN_EXCLUSIVE_EXCLUSIVE spans cannot have a zero length
12-09 08:03:46.840 I/System.out(10717): result:{"bonusInformation":[],"message":"","success":true}
12-09 08:03:46.881 I/System.out(10717): URI: //map
12-09 08:03:46.881 I/System.out(10717): params: {json={"query":"android.widget.Button index:2","operation":{"method_name":"query","arguments":[]}}
12-09 08:03:46.881 I/System.out(10717): }
12-09 08:03:47.264 I/art     (10717): Background sticky concurrent mark sweep GC freed 34608(1563KB) AllocSpace objects, 0(0B) LOS objects, 14% free, 2MB/3MB, paused 1.173ms total 109.687ms
12-09 08:03:47.348 I/System.out(10717): URI: //gesture
12-09 08:03:47.348 I/System.out(10717): params: {json={"query_timeout":5.0,"gestures":[{"query_string":"android.widget.Button index:2","touches":[{"x":50,"y":50,"offset_x":0,"offset_y":0,"wait":0.0,"time":0.2,"release":true,"query_string":null}]}]}
12-09 08:03:47.348 I/System.out(10717): }
12-09 08:03:48.075 W/audio_hw_generic( 1306): Hardware backing HAL too slow, could only write 0 of 661 frames
12-09 08:03:48.094 W/audio_hw_generic( 1306): Hardware backing HAL too slow, could only write 0 of 661 frames
12-09 08:03:48.107 W/audio_hw_generic( 1306): Hardware backing HAL too slow, could only write 0 of 661 frames
12-09 08:03:48.128 W/audio_hw_generic( 1306): Hardware backing HAL too slow, could only write 0 of 661 frames
12-09 08:03:48.177 I/LatinIME( 1880): Starting input. Cursor position = 0,0
12-09 08:03:48.196 I/art     (10717): Background partial concurrent mark sweep GC freed 29257(1832KB) AllocSpace objects, 10(200KB) LOS objects, 39% free, 2MB/3MB, paused 1.072ms total 140.653ms
12-09 08:03:48.413 D/gralloc_ranchu( 1223): gralloc_alloc: Creating ashmem region of size 49152
12-09 08:03:48.539 W/audio_hw_generic( 1306): Not supplying enough data to HAL, expected position 19694881 , only wrote 19693173
12-09 08:03:48.539 W/audio_hw_generic( 1306): Not supplying enough data to HAL, expected position 19693180 , only wrote 19693173
12-09 08:03:48.571 W/audio_hw_generic( 1306): Hardware backing HAL too slow, could only write 0 of 661 frames
12-09 08:03:48.587 W/audio_hw_generic( 1306): Hardware backing HAL too slow, could only write 0 of 661 frames
12-09 08:03:48.710 E/SurfaceFlinger( 1223): ro.sf.lcd_density must be defined as a build property
12-09 08:03:48.823 W/audio_hw_generic( 1306): Not supplying enough data to HAL, expected position 19705713 , only wrote 19705071
12-09 08:03:48.823 W/audio_hw_generic( 1306): Not supplying enough data to HAL, expected position 19705078 , only wrote 19705071
12-09 08:03:48.825 D/gralloc_ranchu( 1223): gralloc_alloc: Creating ashmem region of size 3686400
12-09 08:03:48.846 W/audio_hw_generic( 1306): Not supplying enough data to HAL, expected position 19706049 , only wrote 19705732
12-09 08:03:48.867 D/        (10773): HostConnection::get() New Host Connection established 0x7fbe70252480, tid 10773
12-09 08:03:48.892 E/EGL_emulation( 1223): tid 1223: eglCreateSyncKHR(1881): error 0x3004 (EGL_BAD_ATTRIBUTE)
12-09 08:03:48.976 I/Choreographer( 1880): Skipped 54 frames!  The application may be doing too much work on its main thread.
12-09 08:03:49.280 W/audio_hw_generic( 1306): Not supplying enough data to HAL, expected position 19724871 , only wrote 19724240
12-09 08:03:49.280 W/audio_hw_generic( 1306): Not supplying enough data to HAL, expected position 19724248 , only wrote 19724240
12-09 08:03:49.551 W/audio_hw_generic( 1306): Not supplying enough data to HAL, expected position 19736199 , only wrote 19735477
12-09 08:03:49.551 W/audio_hw_generic( 1306): Not supplying enough data to HAL, expected position 19735485 , only wrote 19735477
12-09 08:03:49.571 W/audio_hw_generic( 1306): Not supplying enough data to HAL, expected position 19736359 , only wrote 19736138
12-09 08:03:49.731 W/audio_hw_generic( 1306): Not supplying enough data to HAL, expected position 19743188 , only wrote 19742087
12-09 08:03:49.731 W/audio_hw_generic( 1306): Not supplying enough data to HAL, expected position 19742097 , only wrote 19742087
12-09 08:03:49.750 W/audio_hw_generic( 1306): Not supplying enough data to HAL, expected position 19742932 , only wrote 19742748
12-09 08:03:49.751 W/audio_hw_generic( 1306): Hardware backing HAL too slow, could only write 0 of 661 frames
12-09 08:03:49.751 W/audio_hw_generic( 1306): Hardware backing HAL too slow, could only write 0 of 661 frames
12-09 08:03:49.772 W/audio_hw_generic( 1306): Hardware backing HAL too slow, could only write 0 of 661 frames
12-09 08:03:49.791 W/audio_hw_generic( 1306): Hardware backing HAL too slow, could only write 0 of 661 frames
