--------- beginning of main
12-09 08:32:41.426 D/AndroidRuntime(20471): >>>>>> START com.android.internal.os.RuntimeInit uid 0 <<<<<<
12-09 08:32:41.428 D/AndroidRuntime(20471): CheckJNI is ON
12-09 08:32:41.461 D/ICU     (20471): No timezone override file found: /data/misc/zoneinfo/current/icu/icu_tzdata.dat
12-09 08:32:41.909 E/memtrack(20471): Couldn't load memtrack module (No such file or directory)
12-09 08:32:41.916 E/android.os.Debug(20471): failed to load memtrack module: -2
12-09 08:32:41.917 I/Radio-JNI(20471): register_android_hardware_Radio DONE
12-09 08:32:41.931 D/AndroidRuntime(20471): Calling main entry com.android.commands.am.Am
--------- beginning of system
12-09 08:32:41.945 I/ActivityManager( 1591): Force stopping com.evancharlton.mileage appid=10145 user=0: start instr
12-09 08:32:41.946 I/ActivityManager( 1591): Killing 20454:com.evancharlton.mileage/u0a145 (adj 0): stop com.evancharlton.mileage
12-09 08:32:42.094 W/ActivityManager( 1591): Crash of app com.evancharlton.mileage running instrumentation ComponentInfo{com.evancharlton.mileage.test/sh.calaba.instrumentationbackend.ClearAppData2}
12-09 08:32:42.094 I/ActivityManager( 1591): Force stopping com.evancharlton.mileage appid=10145 user=0: finished inst
12-09 08:32:42.100 I/ActivityManager( 1591): Start proc 20480:com.evancharlton.mileage/u0a145 for added application com.evancharlton.mileage
12-09 08:32:42.112 D/AndroidRuntime(20471): Shutting down VM
12-09 08:32:42.232 W/System  (20480): ClassLoader referenced unknown path: /data/app/com.evancharlton.mileage.test-1/lib/x86_64
12-09 08:32:42.232 W/System  (20480): ClassLoader referenced unknown path: /data/app/com.evancharlton.mileage-1/lib/x86_64
12-09 08:32:42.313 I/System.out(20480): Main activity name automatically set to: com.evancharlton.mileage.Mileage
12-09 08:32:42.329 I/System.out(20480): Calabash did not load Mono. This is only a problem if you are trying to test a Mono application
12-09 08:32:42.329 I/calabash(20480): Test server port: 7102
12-09 08:32:42.330 I/InstrumentationBackend(20480): Added:'GetPreferences', with key:'get_preferences'
12-09 08:32:42.465 W/art     (20480): Suspending all threads took: 7.570ms
12-09 08:32:42.479 I/art     (20480): Background sticky concurrent mark sweep GC freed 3716(334KB) AllocSpace objects, 0(0B) LOS objects, 29% free, 912KB/1300KB, paused 15.547ms total 129.922ms
12-09 08:32:42.482 I/InstrumentationBackend(20480): Added:'SetPreferences', with key:'set_preferences'
12-09 08:32:42.482 I/InstrumentationBackend(20480): Added:'ClearPreferences', with key:'clear_preferences'
12-09 08:32:42.482 I/InstrumentationBackend(20480): Added:'PressElement', with key:'press_l10n_element'
12-09 08:32:42.482 I/InstrumentationBackend(20480): Added:'WaitForElement', with key:'wait_for_l10n_element'
12-09 08:32:42.482 I/InstrumentationBackend(20480): Added:'NullAction', with key:'nullAction'
12-09 08:32:42.483 I/InstrumentationBackend(20480): Added:'PressKey', with key:'press_key'
12-09 08:32:42.483 I/InstrumentationBackend(20480): Added:'SetActivityOrientation', with key:'set_activity_orientation'
12-09 08:32:42.483 I/InstrumentationBackend(20480): Added:'GetActivityOrientation', with key:'get_activity_orientation'
12-09 08:32:42.483 I/InstrumentationBackend(20480): Added:'FakeGPSLocation', with key:'set_gps_coordinates'
12-09 08:32:42.483 I/InstrumentationBackend(20480): Added:'SetPropertyByCssSelector', with key:'set_property_by_css_selector'
12-09 08:32:42.483 I/InstrumentationBackend(20480): Added:'GetUrl', with key:'get_url'
12-09 08:32:42.484 I/InstrumentationBackend(20480): Added:'ScrollTo', with key:'scroll_to'
12-09 08:32:42.493 I/InstrumentationBackend(20480): Added:'GetLoadProgress', with key:'get_load_progress'
12-09 08:32:42.493 I/InstrumentationBackend(20480): Added:'DumpHtml', with key:'dump_html'
12-09 08:32:42.493 I/InstrumentationBackend(20480): Added:'DumpBodyHtml', with key:'dump_body_html'
12-09 08:32:42.493 I/InstrumentationBackend(20480): Added:'EnterTextByCssSelector', with key:'enter_text_by_selector'
12-09 08:32:42.494 I/InstrumentationBackend(20480): Added:'AndroidSDKVersion', with key:'android_sdk_version'
12-09 08:32:42.494 I/InstrumentationBackend(20480): Added:'Version', with key:'version'
12-09 08:32:42.494 I/InstrumentationBackend(20480): Added:'Drag', with key:'drag'
12-09 08:32:42.494 I/InstrumentationBackend(20480): Added:'TouchCoordinates', with key:'touch_coordinate'
12-09 08:32:42.495 I/InstrumentationBackend(20480): Added:'LongPressCoordinate', with key:'long_press_coordinate'
12-09 08:32:42.495 I/InstrumentationBackend(20480): Added:'DragCoordinates', with key:'drag_coordinates'
12-09 08:32:42.495 I/InstrumentationBackend(20480): Added:'ResumeApplication', with key:'resume_application'
12-09 08:32:42.495 I/InstrumentationBackend(20480): Added:'Swipe', with key:'swipe'
12-09 08:32:42.495 I/InstrumentationBackend(20480): Added:'DoubleTapCoordinate', with key:'double_tap_coordinate'
12-09 08:32:42.495 I/InstrumentationBackend(20480): Added:'ClickOnScreen', with key:'click_on_screen'
12-09 08:32:42.496 I/InstrumentationBackend(20480): Added:'GetActivityName', with key:'get_activity_name'
12-09 08:32:42.496 I/InstrumentationBackend(20480): Added:'ScrollToView', with key:'scroll_to_view'
12-09 08:32:42.497 I/InstrumentationBackend(20480): Added:'ViewConfiguration', with key:'view_configuration'
12-09 08:32:42.497 I/InstrumentationBackend(20480): Added:'IsCurrentActivityFocused', with key:'is_current_activity_focused'
12-09 08:32:42.497 I/InstrumentationBackend(20480): Added:'SendTcp', with key:'send_tcp'
12-09 08:32:42.497 I/InstrumentationBackend(20480): Added:'DpToDevicePixel', with key:'dp_to_device_pixel'
12-09 08:32:42.498 I/InstrumentationBackend(20480): Added:'KeyboardEnterText', with key:'keyboard_enter_text'
12-09 08:32:42.498 I/InstrumentationBackend(20480): Added:'DeleteSurroundingText', with key:'delete_surrounding_text'
12-09 08:32:42.498 I/InstrumentationBackend(20480): Added:'SetComposingRegion', with key:'set_composing_region'
12-09 08:32:42.498 I/InstrumentationBackend(20480): Added:'SetSelection', with key:'set_selection'
12-09 08:32:42.498 I/InstrumentationBackend(20480): Added:'KeyboardKeyEvent', with key:'keyboard_key_event'
12-09 08:32:42.499 I/InstrumentationBackend(20480): Added:'PressUserActionButton', with key:'press_user_action_button'
12-09 08:32:42.499 I/InstrumentationBackend(20480): Added:'HideSoftKeyboard', with key:'hide_soft_keyboard'
12-09 08:32:42.499 I/InstrumentationBackend(20480): Added:'ListActions', with key:'list_actions'
12-09 08:32:42.499 I/calabash(20480): Instantiating http server at 7102
12-09 08:32:42.504 I/System.out(20480): HTTP Daemon listening on: 7102
12-09 08:32:42.581 I/System.out(20480): URI: //ping
12-09 08:32:42.581 I/System.out(20480): params: {json={}
12-09 08:32:42.581 I/System.out(20480): }
12-09 08:32:42.605 I/System.out(20480): URI: //ping
12-09 08:32:42.605 I/System.out(20480): params: {json={}
12-09 08:32:42.605 I/System.out(20480): }
12-09 08:32:42.665 I/System.out(20480): URI: //ready
12-09 08:32:42.665 I/System.out(20480): params: {json={}
12-09 08:32:42.665 I/System.out(20480): }
12-09 08:32:42.709 I/System.out(20480): URI: //
12-09 08:32:42.709 I/System.out(20480): params: {json={"command":"version","arguments":[]}
12-09 08:32:42.709 I/System.out(20480): }
12-09 08:32:42.709 I/System.out(20480): header: {date=Sun, 09 Dec 2018 08:32:43 GMT, accept=*/*, content-length=36, host=127.0.0.1:34777, user-agent=HTTPClient/1.0 (2.8.3, ruby 2.3.1 (2016-04-26)), content-type=application/json;charset=utf-8}
12-09 08:32:42.709 I/System.out(20480): params: {json={"command":"version","arguments":[]}
12-09 08:32:42.709 I/System.out(20480): }
12-09 08:32:42.709 I/System.out(20480): ProP json = {"command":"version","arguments":[]}
12-09 08:32:42.709 I/System.out(20480): files: {}
12-09 08:32:42.709 I/System.out(20480): command: {"command":"version","arguments":[]}
12-09 08:32:42.717 I/InstrumentationBackend(20480): Got command:'Command:'Line:null,version', arguments:'[]'
12-09 08:32:42.743 I/System.out(20480): result:{"bonusInformation":[],"message":"0.9.8","success":true}
12-09 08:32:42.832 I/System.out(20480): URI: //start-application
12-09 08:32:42.832 I/System.out(20480): params: {json={"intent":null}
12-09 08:32:42.832 I/System.out(20480): }
12-09 08:32:43.061 I/art     (20480): Background sticky concurrent mark sweep GC freed 14846(891KB) AllocSpace objects, 12(240KB) LOS objects, 32% free, 1440KB/2MB, paused 915us total 306.926ms
12-09 08:32:43.241 I/ActivityManager( 1591): START u0 {act=android.intent.action.MAIN cat=[android.intent.category.LAUNCHER] flg=0x10200000 cmp=com.evancharlton.mileage/.Mileage} from uid 10145 on display 0
12-09 08:32:43.348 W/art     (20480): Suspending all threads took: 10.680ms
12-09 08:32:43.352 I/art     (20480): Background partial concurrent mark sweep GC freed 18468(893KB) AllocSpace objects, 2(40KB) LOS objects, 45% free, 1213KB/2MB, paused 11.631ms total 246.472ms
12-09 08:32:43.421 I/calabash(20480): newActivity1
12-09 08:32:43.469 I/calabash(20480): newActivity1
12-09 08:32:43.471 W/ActivityManager( 1591): Bad activity token: android.os.BinderProxy@e6a3174
12-09 08:32:43.471 W/ActivityManager( 1591): java.lang.ClassCastException: android.os.BinderProxy cannot be cast to com.android.server.am.ActivityRecord$Token
12-09 08:32:43.471 W/ActivityManager( 1591): 	at com.android.server.am.ActivityRecord.forTokenLocked(ActivityRecord.java:424)
12-09 08:32:43.471 W/ActivityManager( 1591): 	at com.android.server.am.ActivityRecord.isInStackLocked(ActivityRecord.java:1121)
12-09 08:32:43.471 W/ActivityManager( 1591): 	at com.android.server.am.ActivityRecord.getStackLocked(ActivityRecord.java:1126)
12-09 08:32:43.471 W/ActivityManager( 1591): 	at com.android.server.am.ActivityManagerService.getActivityDisplayId(ActivityManagerService.java:8889)
12-09 08:32:43.471 W/ActivityManager( 1591): 	at android.app.ActivityManagerNative.onTransact(ActivityManagerNative.java:2338)
12-09 08:32:43.471 W/ActivityManager( 1591): 	at com.android.server.am.ActivityManagerService.onTransact(ActivityManagerService.java:2443)
12-09 08:32:43.471 W/ActivityManager( 1591): 	at android.os.Binder.execTransact(Binder.java:453)
12-09 08:32:43.472 W/ActivityManager( 1591): Bad activity token: android.os.BinderProxy@e6a3174
12-09 08:32:43.472 W/ActivityManager( 1591): java.lang.ClassCastException: android.os.BinderProxy cannot be cast to com.android.server.am.ActivityRecord$Token
12-09 08:32:43.472 W/ActivityManager( 1591): 	at com.android.server.am.ActivityRecord.forTokenLocked(ActivityRecord.java:424)
12-09 08:32:43.472 W/ActivityManager( 1591): 	at com.android.server.am.ActivityRecord.isInStackLocked(ActivityRecord.java:1121)
12-09 08:32:43.472 W/ActivityManager( 1591): 	at com.android.server.am.ActivityManagerService.setTaskDescription(ActivityManagerService.java:8547)
12-09 08:32:43.472 W/ActivityManager( 1591): 	at android.app.ActivityManagerNative.onTransact(ActivityManagerNative.java:2410)
12-09 08:32:43.472 W/ActivityManager( 1591): 	at com.android.server.am.ActivityManagerService.onTransact(ActivityManagerService.java:2443)
12-09 08:32:43.472 W/ActivityManager( 1591): 	at android.os.Binder.execTransact(Binder.java:453)
12-09 08:32:43.620 D/gralloc_ranchu( 1224): gralloc_alloc: Creating ashmem region of size 3686400
12-09 08:32:43.950 D/FillupsProvider(20480): Creating database
12-09 08:32:44.149 D/EGL_emulation( 1930): eglMakeCurrent: 0x7f2bd73a1aa0: ver 2 0 (tinfo 0x7f2bd7382800)
12-09 08:32:44.150 E/Surface ( 1930): getSlotFromBufferLocked: unknown buffer: 0x7f2bca191920
12-09 08:32:44.159 V/PhoneStatusBar( 1684): setLightsOn(true)
12-09 08:32:44.372 W/ActivityManager( 1591): Bad activity token: android.os.BinderProxy@e6a3174
12-09 08:32:44.372 W/ActivityManager( 1591): java.lang.ClassCastException: android.os.BinderProxy cannot be cast to com.android.server.am.ActivityRecord$Token
12-09 08:32:44.372 W/ActivityManager( 1591): 	at com.android.server.am.ActivityRecord.forTokenLocked(ActivityRecord.java:424)
12-09 08:32:44.372 W/ActivityManager( 1591): 	at com.android.server.am.ActivityRecord.isInStackLocked(ActivityRecord.java:1121)
12-09 08:32:44.372 W/ActivityManager( 1591): 	at com.android.server.am.ActivityManagerService.getActivityOptions(ActivityManagerService.java:11038)
12-09 08:32:44.372 W/ActivityManager( 1591): 	at android.app.ActivityManagerNative.onTransact(ActivityManagerNative.java:1734)
12-09 08:32:44.372 W/ActivityManager( 1591): 	at com.android.server.am.ActivityManagerService.onTransact(ActivityManagerService.java:2443)
12-09 08:32:44.372 W/ActivityManager( 1591): 	at android.os.Binder.execTransact(Binder.java:453)
12-09 08:32:44.393 W/ActivityManager( 1591): Bad activity token: android.os.BinderProxy@e6a3174
12-09 08:32:44.393 W/ActivityManager( 1591): java.lang.ClassCastException: android.os.BinderProxy cannot be cast to com.android.server.am.ActivityRecord$Token
12-09 08:32:44.393 W/ActivityManager( 1591): 	at com.android.server.am.ActivityRecord.forTokenLocked(ActivityRecord.java:424)
12-09 08:32:44.393 W/ActivityManager( 1591): 	at com.android.server.am.ActivityRecord.isInStackLocked(ActivityRecord.java:1121)
12-09 08:32:44.393 W/ActivityManager( 1591): 	at com.android.server.am.ActivityManagerService.getActivityOptions(ActivityManagerService.java:11038)
12-09 08:32:44.393 W/ActivityManager( 1591): 	at android.app.ActivityManagerNative.onTransact(ActivityManagerNative.java:1734)
12-09 08:32:44.393 W/ActivityManager( 1591): 	at com.android.server.am.ActivityManagerService.onTransact(ActivityManagerService.java:2443)
12-09 08:32:44.393 W/ActivityManager( 1591): 	at android.os.Binder.execTransact(Binder.java:453)
12-09 08:32:44.894 W/art     ( 1591): Long monitor contention event with owner method=void com.android.server.wm.WindowAnimator$1.doFrame(long) from WindowAnimator.java:121 waiters=1 for 169ms
12-09 08:32:45.065 W/art     ( 1591): Long monitor contention event with owner method=int com.android.server.wm.WindowManagerService.relayoutWindow(com.android.server.wm.Session, android.view.IWindow, int, android.view.WindowManager$LayoutParams, int, int, int, int, android.graphics.Rect, android.graphics.Rect, android.graphics.Rect, android.graphics.Rect, android.graphics.Rect, android.graphics.Rect, android.content.res.Configuration, android.view.Surface) from WindowManagerService.java:3103 waiters=0 for 149ms
12-09 08:32:45.067 D/gralloc_ranchu( 1224): gralloc_alloc: Creating ashmem region of size 3686400
12-09 08:32:45.354 D/        (20480): HostConnection::get() New Host Connection established 0x7f2bd71dd5c0, tid 20480
12-09 08:32:45.397 I/ActivityManager( 1591): Displayed com.evancharlton.mileage/.Mileage: +2s73ms
12-09 08:32:45.426 D/gralloc_ranchu( 1224): gralloc_alloc: Creating ashmem region of size 3686400
12-09 08:32:45.478 I/art     (20480): Background sticky concurrent mark sweep GC freed 1869(174KB) AllocSpace objects, 0(0B) LOS objects, 15% free, 1895KB/2MB, paused 27.086ms total 61.947ms
12-09 08:32:45.862 W/art     ( 1591): Long monitor contention event with owner method=void com.android.server.wm.WindowAnimator$1.doFrame(long) from WindowAnimator.java:121 waiters=0 for 119ms
12-09 08:32:46.031 I/art     (20480): Background partial concurrent mark sweep GC freed 10164(468KB) AllocSpace objects, 0(0B) LOS objects, 39% free, 2MB/3MB, paused 9.401ms total 109.490ms
12-09 08:32:46.101 I/System.out(20480): URI: //gesture
12-09 08:32:46.101 I/System.out(20480): params: {json={"query_timeout":5.0,"gestures":[{"query_string":"android.widget.TabWidget descendant TextView index:3","touches":[{"x":50,"y":50,"offset_x":0,"offset_y":0,"wait":0.0,"time":0.2,"release":true,"query_string":null}]}]}
12-09 08:32:46.101 I/System.out(20480): }
12-09 08:32:46.214 D/gralloc_ranchu( 1224): gralloc_alloc: Creating ashmem region of size 3686400
12-09 08:32:47.166 I/calabash(20480): newActivity1
12-09 08:32:47.167 W/ActivityManager( 1591): Bad activity token: android.os.BinderProxy@14e08d1
12-09 08:32:47.167 W/ActivityManager( 1591): java.lang.ClassCastException: android.os.BinderProxy cannot be cast to com.android.server.am.ActivityRecord$Token
12-09 08:32:47.167 W/ActivityManager( 1591): 	at com.android.server.am.ActivityRecord.forTokenLocked(ActivityRecord.java:424)
12-09 08:32:47.167 W/ActivityManager( 1591): 	at com.android.server.am.ActivityRecord.isInStackLocked(ActivityRecord.java:1121)
12-09 08:32:47.167 W/ActivityManager( 1591): 	at com.android.server.am.ActivityRecord.getStackLocked(ActivityRecord.java:1126)
12-09 08:32:47.167 W/ActivityManager( 1591): 	at com.android.server.am.ActivityManagerService.getActivityDisplayId(ActivityManagerService.java:8889)
12-09 08:32:47.167 W/ActivityManager( 1591): 	at android.app.ActivityManagerNative.onTransact(ActivityManagerNative.java:2338)
12-09 08:32:47.167 W/ActivityManager( 1591): 	at com.android.server.am.ActivityManagerService.onTransact(ActivityManagerService.java:2443)
12-09 08:32:47.167 W/ActivityManager( 1591): 	at android.os.Binder.execTransact(Binder.java:453)
12-09 08:32:47.167 W/ActivityManager( 1591): Bad activity token: android.os.BinderProxy@14e08d1
12-09 08:32:47.167 W/ActivityManager( 1591): java.lang.ClassCastException: android.os.BinderProxy cannot be cast to com.android.server.am.ActivityRecord$Token
12-09 08:32:47.167 W/ActivityManager( 1591): 	at com.android.server.am.ActivityRecord.forTokenLocked(ActivityRecord.java:424)
12-09 08:32:47.167 W/ActivityManager( 1591): 	at com.android.server.am.ActivityRecord.isInStackLocked(ActivityRecord.java:1121)
12-09 08:32:47.167 W/ActivityManager( 1591): 	at com.android.server.am.ActivityManagerService.setTaskDescription(ActivityManagerService.java:8547)
12-09 08:32:47.167 W/ActivityManager( 1591): 	at android.app.ActivityManagerNative.onTransact(ActivityManagerNative.java:2410)
12-09 08:32:47.167 W/ActivityManager( 1591): 	at com.android.server.am.ActivityManagerService.onTransact(ActivityManagerService.java:2443)
12-09 08:32:47.167 W/ActivityManager( 1591): 	at android.os.Binder.execTransact(Binder.java:453)
12-09 08:32:47.168 D/AudioFlinger( 1307): mixer(0xf4380000) throttle end: throttle time(11)
12-09 08:32:47.189 W/ActivityManager( 1591): Bad activity token: android.os.BinderProxy@14e08d1
12-09 08:32:47.189 W/ActivityManager( 1591): java.lang.ClassCastException: android.os.BinderProxy cannot be cast to com.android.server.am.ActivityRecord$Token
12-09 08:32:47.189 W/ActivityManager( 1591): 	at com.android.server.am.ActivityRecord.forTokenLocked(ActivityRecord.java:424)
12-09 08:32:47.189 W/ActivityManager( 1591): 	at com.android.server.am.ActivityRecord.isInStackLocked(ActivityRecord.java:1121)
12-09 08:32:47.189 W/ActivityManager( 1591): 	at com.android.server.am.ActivityManagerService.getActivityOptions(ActivityManagerService.java:11038)
12-09 08:32:47.189 W/ActivityManager( 1591): 	at android.app.ActivityManagerNative.onTransact(ActivityManagerNative.java:1734)
12-09 08:32:47.189 W/ActivityManager( 1591): 	at com.android.server.am.ActivityManagerService.onTransact(ActivityManagerService.java:2443)
12-09 08:32:47.189 W/ActivityManager( 1591): 	at android.os.Binder.execTransact(Binder.java:453)
12-09 08:32:47.191 W/ActivityManager( 1591): Bad activity token: android.os.BinderProxy@14e08d1
12-09 08:32:47.191 W/ActivityManager( 1591): java.lang.ClassCastException: android.os.BinderProxy cannot be cast to com.android.server.am.ActivityRecord$Token
12-09 08:32:47.191 W/ActivityManager( 1591): 	at com.android.server.am.ActivityRecord.forTokenLocked(ActivityRecord.java:424)
12-09 08:32:47.191 W/ActivityManager( 1591): 	at com.android.server.am.ActivityRecord.isInStackLocked(ActivityRecord.java:1121)
12-09 08:32:47.191 W/ActivityManager( 1591): 	at com.android.server.am.ActivityManagerService.getActivityOptions(ActivityManagerService.java:11038)
12-09 08:32:47.191 W/ActivityManager( 1591): 	at android.app.ActivityManagerNative.onTransact(ActivityManagerNative.java:1734)
12-09 08:32:47.191 W/ActivityManager( 1591): 	at com.android.server.am.ActivityManagerService.onTransact(ActivityManagerService.java:2443)
12-09 08:32:47.191 W/ActivityManager( 1591): 	at android.os.Binder.execTransact(Binder.java:453)
12-09 08:32:47.453 W/audio_hw_generic( 1307): Not supplying enough data to HAL, expected position 34353839 , only wrote 34353492
12-09 08:32:47.453 W/audio_hw_generic( 1307): Not supplying enough data to HAL, expected position 34353498 , only wrote 34353492
12-09 08:32:47.469 W/audio_hw_generic( 1307): Not supplying enough data to HAL, expected position 34354190 , only wrote 34354153
12-09 08:32:47.543 I/System.out(20480): URI: //map
12-09 08:32:47.543 I/System.out(20480): params: {json={"query":"android.widget.ListView index:0 android.widget.TextView index:0","operation":{"method_name":"query","arguments":[]}}
12-09 08:32:47.543 I/System.out(20480): }
12-09 08:32:47.552 I/art     (20480): Background sticky concurrent mark sweep GC freed 49053(2MB) AllocSpace objects, 3(60KB) LOS objects, 14% free, 2MB/3MB, paused 11.441ms total 413.474ms
12-09 08:32:47.621 W/art     (20480): Suspending all threads took: 42.305ms
12-09 08:32:47.646 I/art     (20480): Background sticky concurrent mark sweep GC freed 13218(544KB) AllocSpace objects, 1(20KB) LOS objects, 23% free, 2MB/3MB, paused 43.692ms total 88.395ms
12-09 08:32:47.756 W/audio_hw_generic( 1307): Not supplying enough data to HAL, expected position 34366817 , only wrote 34366712
12-09 08:32:47.756 W/audio_hw_generic( 1307): Not supplying enough data to HAL, expected position 34366718 , only wrote 34366712
12-09 08:32:47.797 W/audio_hw_generic( 1307): Not supplying enough data to HAL, expected position 34368499 , only wrote 34367373
12-09 08:32:47.916 I/art     (20480): Background sticky concurrent mark sweep GC freed 33461(1528KB) AllocSpace objects, 0(0B) LOS objects, 25% free, 2MB/3MB, paused 982us total 185.359ms
12-09 08:32:47.986 I/System.out(20480): URI: //gesture
12-09 08:32:47.986 I/System.out(20480): params: {json={"query_timeout":5.0,"gestures":[{"query_string":"android.widget.ListView index:0 android.widget.TextView index:0","touches":[{"x":50,"y":50,"offset_x":0,"offset_y":0,"wait":0.0,"time":0.2,"release":true,"query_string":null}]}]}
12-09 08:32:47.986 I/System.out(20480): }
12-09 08:32:48.145 W/audio_hw_generic( 1307): Not supplying enough data to HAL, expected position 34382716 , only wrote 34382576
12-09 08:32:48.265 W/audio_hw_generic( 1307): Not supplying enough data to HAL, expected position 34387869 , only wrote 34387864
12-09 08:32:48.265 W/audio_hw_generic( 1307): Not supplying enough data to HAL, expected position 34387870 , only wrote 34387864
12-09 08:32:48.285 W/audio_hw_generic( 1307): Not supplying enough data to HAL, expected position 34388737 , only wrote 34388525
12-09 08:32:48.551 I/art     (20480): Background sticky concurrent mark sweep GC freed 29579(1425KB) AllocSpace objects, 1(20KB) LOS objects, 23% free, 2MB/3MB, paused 5.241ms total 66.052ms
12-09 08:32:48.589 W/audio_hw_generic( 1307): Not supplying enough data to HAL, expected position 34401930 , only wrote 34401745
12-09 08:32:48.589 W/audio_hw_generic( 1307): Not supplying enough data to HAL, expected position 34401751 , only wrote 34401745
12-09 08:32:48.604 W/audio_hw_generic( 1307): Not supplying enough data to HAL, expected position 34402425 , only wrote 34402406
12-09 08:32:48.733 I/ActivityManager( 1591): START u0 {cmp=com.evancharlton.mileage/.VehicleActivity (has extras)} from uid 10145 on display 0
12-09 08:32:48.760 W/audio_hw_generic( 1307): Hardware backing HAL too slow, could only write 0 of 661 frames
12-09 08:32:48.854 W/audio_hw_generic( 1307): Not supplying enough data to HAL, expected position 34413422 , only wrote 34412982
12-09 08:32:48.854 W/audio_hw_generic( 1307): Not supplying enough data to HAL, expected position 34412988 , only wrote 34412982
12-09 08:32:48.876 W/audio_hw_generic( 1307): Not supplying enough data to HAL, expected position 34413957 , only wrote 34413643
12-09 08:32:48.909 W/audio_hw_generic( 1307): Not supplying enough data to HAL, expected position 34415099 , only wrote 34414965
12-09 08:32:49.008 W/audio_hw_generic( 1307): Not supplying enough data to HAL, expected position 34419322 , only wrote 34418931
12-09 08:32:49.008 W/audio_hw_generic( 1307): Not supplying enough data to HAL, expected position 34418937 , only wrote 34418931
12-09 08:32:49.024 W/audio_hw_generic( 1307): Not supplying enough data to HAL, expected position 34419627 , only wrote 34419592
12-09 08:32:49.124 E/SurfaceFlinger( 1224): ro.sf.lcd_density must be defined as a build property
12-09 08:32:49.128 I/calabash(20480): newActivity1
12-09 08:32:49.136 D/gralloc_ranchu( 1224): gralloc_alloc: Creating ashmem region of size 3686400
12-09 08:32:49.213 D/        (20508): HostConnection::get() New Host Connection established 0x7fd279c12480, tid 20508
12-09 08:32:49.263 E/EGL_emulation( 1224): tid 1224: eglCreateSyncKHR(1881): error 0x3004 (EGL_BAD_ATTRIBUTE)
12-09 08:32:49.313 W/audio_hw_generic( 1307): Not supplying enough data to HAL, expected position 34432344 , only wrote 34432151
12-09 08:32:49.314 W/audio_hw_generic( 1307): Not supplying enough data to HAL, expected position 34432157 , only wrote 34432151
12-09 08:32:49.331 W/audio_hw_generic( 1307): Not supplying enough data to HAL, expected position 34432898 , only wrote 34432812
12-09 08:32:49.375 W/audio_hw_generic( 1307): Not supplying enough data to HAL, expected position 34434759 , only wrote 34434134
12-09 08:32:49.448 V/PhoneStatusBar( 1684): setLightsOn(true)
12-09 08:32:49.477 D/gralloc_ranchu( 1224): gralloc_alloc: Creating ashmem region of size 3686400
12-09 08:32:49.543 W/audio_hw_generic( 1307): Hardware backing HAL too slow, could only write 0 of 661 frames
12-09 08:32:49.543 W/audio_hw_generic( 1307): Not supplying enough data to HAL, expected position 34441575 , only wrote 34440744
12-09 08:32:49.544 W/audio_hw_generic( 1307): Not supplying enough data to HAL, expected position 34440749 , only wrote 34440744
12-09 08:32:49.559 W/audio_hw_generic( 1307): Not supplying enough data to HAL, expected position 34441411 , only wrote 34441405
12-09 08:32:49.559 W/audio_hw_generic( 1307): Hardware backing HAL too slow, could only write 0 of 661 frames
12-09 08:32:49.606 W/audio_hw_generic( 1307): Hardware backing HAL too slow, could only write 0 of 661 frames
12-09 08:32:49.606 W/audio_hw_generic( 1307): Hardware backing HAL too slow, could only write 0 of 661 frames
12-09 08:32:49.652 W/audio_hw_generic( 1307): Not supplying enough data to HAL, expected position 34445534 , only wrote 34444710
12-09 08:32:49.652 W/audio_hw_generic( 1307): Hardware backing HAL too slow, could only write 0 of 661 frames
12-09 08:32:49.653 W/audio_hw_generic( 1307): Hardware backing HAL too slow, could only write 0 of 661 frames
12-09 08:32:49.940 W/audio_hw_generic( 1307): Not supplying enough data to HAL, expected position 34457416 , only wrote 34453303
