--------- beginning of main
12-09 08:07:29.779 D/AndroidRuntime(11508): >>>>>> START com.android.internal.os.RuntimeInit uid 0 <<<<<<
12-09 08:07:29.795 D/AndroidRuntime(11508): CheckJNI is ON
12-09 08:07:29.809 D/ICU     (11508): No timezone override file found: /data/misc/zoneinfo/current/icu/icu_tzdata.dat
12-09 08:07:30.498 E/memtrack(11508): Couldn't load memtrack module (No such file or directory)
12-09 08:07:30.498 E/android.os.Debug(11508): failed to load memtrack module: -2
12-09 08:07:30.500 I/Radio-JNI(11508): register_android_hardware_Radio DONE
12-09 08:07:30.522 D/AndroidRuntime(11508): Calling main entry com.android.commands.am.Am
--------- beginning of system
12-09 08:07:30.617 I/ActivityManager( 1592): Force stopping com.evancharlton.mileage appid=10127 user=0: start instr
12-09 08:07:30.617 I/ActivityManager( 1592): Killing 11490:com.evancharlton.mileage/u0a127 (adj 0): stop com.evancharlton.mileage
12-09 08:07:30.714 W/ActivityManager( 1592): Crash of app com.evancharlton.mileage running instrumentation ComponentInfo{com.evancharlton.mileage.test/sh.calaba.instrumentationbackend.ClearAppData2}
12-09 08:07:30.714 I/ActivityManager( 1592): Force stopping com.evancharlton.mileage appid=10127 user=0: finished inst
12-09 08:07:30.919 I/ActivityManager( 1592): Start proc 11517:com.evancharlton.mileage/u0a127 for added application com.evancharlton.mileage
12-09 08:07:30.926 D/AndroidRuntime(11508): Shutting down VM
12-09 08:07:30.963 W/art     ( 1592): Long monitor contention event with owner method=boolean com.android.server.am.ActivityManagerService.startInstrumentation(android.content.ComponentName, java.lang.String, int, android.os.Bundle, android.app.IInstrumentationWatcher, android.app.IUiAutomationConnection, int, java.lang.String) from ActivityManagerService.java:17066 waiters=0 for 341ms
12-09 08:07:30.963 W/art     ( 1592): Long monitor contention event with owner method=boolean com.android.server.am.ActivityManagerService.startInstrumentation(android.content.ComponentName, java.lang.String, int, android.os.Bundle, android.app.IInstrumentationWatcher, android.app.IUiAutomationConnection, int, java.lang.String) from ActivityManagerService.java:17066 waiters=1 for 281ms
12-09 08:07:30.963 W/ActivityManager( 1592): Spurious death for ProcessRecord{1fb2c82 0:com.evancharlton.mileage/u0a127}, curProc for 11490: null
12-09 08:07:30.964 W/art     ( 1592): Long monitor contention event with owner method=boolean com.android.server.am.ActivityManagerService.startInstrumentation(android.content.ComponentName, java.lang.String, int, android.os.Bundle, android.app.IInstrumentationWatcher, android.app.IUiAutomationConnection, int, java.lang.String) from ActivityManagerService.java:17066 waiters=2 for 245ms
12-09 08:07:31.105 W/System  (11517): ClassLoader referenced unknown path: /data/app/com.evancharlton.mileage.test-1/lib/x86_64
12-09 08:07:31.105 W/System  (11517): ClassLoader referenced unknown path: /data/app/com.evancharlton.mileage-1/lib/x86_64
12-09 08:07:31.178 I/System.out(11517): Main activity name automatically set to: com.evancharlton.mileage.Mileage
12-09 08:07:31.178 I/System.out(11517): Calabash did not load Mono. This is only a problem if you are trying to test a Mono application
12-09 08:07:31.179 I/calabash(11517): Test server port: 7102
12-09 08:07:31.180 I/InstrumentationBackend(11517): Added:'GetPreferences', with key:'get_preferences'
12-09 08:07:31.221 I/InstrumentationBackend(11517): Added:'SetPreferences', with key:'set_preferences'
12-09 08:07:31.221 I/InstrumentationBackend(11517): Added:'ClearPreferences', with key:'clear_preferences'
12-09 08:07:31.221 I/InstrumentationBackend(11517): Added:'PressElement', with key:'press_l10n_element'
12-09 08:07:31.221 I/InstrumentationBackend(11517): Added:'WaitForElement', with key:'wait_for_l10n_element'
12-09 08:07:31.221 I/InstrumentationBackend(11517): Added:'NullAction', with key:'nullAction'
12-09 08:07:31.226 I/InstrumentationBackend(11517): Added:'PressKey', with key:'press_key'
12-09 08:07:31.226 I/InstrumentationBackend(11517): Added:'SetActivityOrientation', with key:'set_activity_orientation'
12-09 08:07:31.226 I/InstrumentationBackend(11517): Added:'GetActivityOrientation', with key:'get_activity_orientation'
12-09 08:07:31.226 I/InstrumentationBackend(11517): Added:'FakeGPSLocation', with key:'set_gps_coordinates'
12-09 08:07:31.227 I/InstrumentationBackend(11517): Added:'SetPropertyByCssSelector', with key:'set_property_by_css_selector'
12-09 08:07:31.227 I/InstrumentationBackend(11517): Added:'GetUrl', with key:'get_url'
12-09 08:07:31.228 I/InstrumentationBackend(11517): Added:'ScrollTo', with key:'scroll_to'
12-09 08:07:31.228 I/InstrumentationBackend(11517): Added:'GetLoadProgress', with key:'get_load_progress'
12-09 08:07:31.228 I/InstrumentationBackend(11517): Added:'DumpHtml', with key:'dump_html'
12-09 08:07:31.228 I/InstrumentationBackend(11517): Added:'DumpBodyHtml', with key:'dump_body_html'
12-09 08:07:31.229 I/InstrumentationBackend(11517): Added:'EnterTextByCssSelector', with key:'enter_text_by_selector'
12-09 08:07:31.229 I/InstrumentationBackend(11517): Added:'AndroidSDKVersion', with key:'android_sdk_version'
12-09 08:07:31.234 I/InstrumentationBackend(11517): Added:'Version', with key:'version'
12-09 08:07:31.234 I/InstrumentationBackend(11517): Added:'Drag', with key:'drag'
12-09 08:07:31.234 I/InstrumentationBackend(11517): Added:'TouchCoordinates', with key:'touch_coordinate'
12-09 08:07:31.235 I/InstrumentationBackend(11517): Added:'LongPressCoordinate', with key:'long_press_coordinate'
12-09 08:07:31.235 I/InstrumentationBackend(11517): Added:'DragCoordinates', with key:'drag_coordinates'
12-09 08:07:31.235 I/InstrumentationBackend(11517): Added:'ResumeApplication', with key:'resume_application'
12-09 08:07:31.235 I/InstrumentationBackend(11517): Added:'Swipe', with key:'swipe'
12-09 08:07:31.235 I/InstrumentationBackend(11517): Added:'DoubleTapCoordinate', with key:'double_tap_coordinate'
12-09 08:07:31.235 I/InstrumentationBackend(11517): Added:'ClickOnScreen', with key:'click_on_screen'
12-09 08:07:31.236 I/InstrumentationBackend(11517): Added:'GetActivityName', with key:'get_activity_name'
12-09 08:07:31.236 I/InstrumentationBackend(11517): Added:'ScrollToView', with key:'scroll_to_view'
12-09 08:07:31.236 I/InstrumentationBackend(11517): Added:'ViewConfiguration', with key:'view_configuration'
12-09 08:07:31.236 I/InstrumentationBackend(11517): Added:'IsCurrentActivityFocused', with key:'is_current_activity_focused'
12-09 08:07:31.237 I/InstrumentationBackend(11517): Added:'SendTcp', with key:'send_tcp'
12-09 08:07:31.237 I/InstrumentationBackend(11517): Added:'DpToDevicePixel', with key:'dp_to_device_pixel'
12-09 08:07:31.237 I/InstrumentationBackend(11517): Added:'KeyboardEnterText', with key:'keyboard_enter_text'
12-09 08:07:31.237 I/InstrumentationBackend(11517): Added:'DeleteSurroundingText', with key:'delete_surrounding_text'
12-09 08:07:31.238 I/InstrumentationBackend(11517): Added:'SetComposingRegion', with key:'set_composing_region'
12-09 08:07:31.250 I/InstrumentationBackend(11517): Added:'SetSelection', with key:'set_selection'
12-09 08:07:31.250 I/InstrumentationBackend(11517): Added:'KeyboardKeyEvent', with key:'keyboard_key_event'
12-09 08:07:31.250 I/InstrumentationBackend(11517): Added:'PressUserActionButton', with key:'press_user_action_button'
12-09 08:07:31.251 I/InstrumentationBackend(11517): Added:'HideSoftKeyboard', with key:'hide_soft_keyboard'
12-09 08:07:31.251 I/InstrumentationBackend(11517): Added:'ListActions', with key:'list_actions'
12-09 08:07:31.251 I/calabash(11517): Instantiating http server at 7102
12-09 08:07:31.252 I/System.out(11517): HTTP Daemon listening on: 7102
12-09 08:07:31.311 I/System.out(11517): URI: //ping
12-09 08:07:31.318 I/System.out(11517): params: {json={}
12-09 08:07:31.318 I/System.out(11517): }
12-09 08:07:31.430 I/art     (11517): Background partial concurrent mark sweep GC freed 33091(1463KB) AllocSpace objects, 4(80KB) LOS objects, 51% free, 983KB/2007KB, paused 35.387ms total 58.954ms
12-09 08:07:31.451 I/System.out(11517): URI: //ping
12-09 08:07:31.451 I/System.out(11517): params: {json={}
12-09 08:07:31.451 I/System.out(11517): }
12-09 08:07:31.542 I/System.out(11517): URI: //ready
12-09 08:07:31.542 I/System.out(11517): params: {json={}
12-09 08:07:31.542 I/System.out(11517): }
12-09 08:07:31.639 I/System.out(11517): URI: //
12-09 08:07:31.639 I/System.out(11517): params: {json={"command":"version","arguments":[]}
12-09 08:07:31.639 I/System.out(11517): }
12-09 08:07:31.639 I/System.out(11517): header: {date=Sun, 09 Dec 2018 08:07:31 GMT, accept=*/*, content-length=36, host=127.0.0.1:34777, user-agent=HTTPClient/1.0 (2.8.3, ruby 2.3.1 (2016-04-26)), content-type=application/json;charset=utf-8}
12-09 08:07:31.639 I/System.out(11517): params: {json={"command":"version","arguments":[]}
12-09 08:07:31.639 I/System.out(11517): }
12-09 08:07:31.639 I/System.out(11517): ProP json = {"command":"version","arguments":[]}
12-09 08:07:31.639 I/System.out(11517): files: {}
12-09 08:07:31.639 I/System.out(11517): command: {"command":"version","arguments":[]}
12-09 08:07:31.657 I/InstrumentationBackend(11517): Got command:'Command:'Line:null,version', arguments:'[]'
12-09 08:07:31.749 I/System.out(11517): result:{"bonusInformation":[],"message":"0.9.8","success":true}
12-09 08:07:31.787 I/System.out(11517): URI: //start-application
12-09 08:07:31.787 I/System.out(11517): params: {json={"intent":null}
12-09 08:07:31.787 I/System.out(11517): }
12-09 08:07:32.030 I/ActivityManager( 1592): START u0 {act=android.intent.action.MAIN cat=[android.intent.category.LAUNCHER] flg=0x10200000 cmp=com.evancharlton.mileage/.Mileage} from uid 10127 on display 0
12-09 08:07:32.065 I/art     (11517): Background partial concurrent mark sweep GC freed 18928(954KB) AllocSpace objects, 3(60KB) LOS objects, 45% free, 1226KB/2MB, paused 1.061ms total 237.837ms
12-09 08:07:32.115 I/calabash(11517): newActivity1
12-09 08:07:32.188 I/calabash(11517): newActivity1
12-09 08:07:32.189 W/ActivityManager( 1592): Bad activity token: android.os.BinderProxy@6d504e8
12-09 08:07:32.189 W/ActivityManager( 1592): java.lang.ClassCastException: android.os.BinderProxy cannot be cast to com.android.server.am.ActivityRecord$Token
12-09 08:07:32.189 W/ActivityManager( 1592): 	at com.android.server.am.ActivityRecord.forTokenLocked(ActivityRecord.java:424)
12-09 08:07:32.189 W/ActivityManager( 1592): 	at com.android.server.am.ActivityRecord.isInStackLocked(ActivityRecord.java:1121)
12-09 08:07:32.189 W/ActivityManager( 1592): 	at com.android.server.am.ActivityRecord.getStackLocked(ActivityRecord.java:1126)
12-09 08:07:32.189 W/ActivityManager( 1592): 	at com.android.server.am.ActivityManagerService.getActivityDisplayId(ActivityManagerService.java:8889)
12-09 08:07:32.189 W/ActivityManager( 1592): 	at android.app.ActivityManagerNative.onTransact(ActivityManagerNative.java:2338)
12-09 08:07:32.189 W/ActivityManager( 1592): 	at com.android.server.am.ActivityManagerService.onTransact(ActivityManagerService.java:2443)
12-09 08:07:32.189 W/ActivityManager( 1592): 	at android.os.Binder.execTransact(Binder.java:453)
12-09 08:07:32.192 W/ActivityManager( 1592): Bad activity token: android.os.BinderProxy@6d504e8
12-09 08:07:32.192 W/ActivityManager( 1592): java.lang.ClassCastException: android.os.BinderProxy cannot be cast to com.android.server.am.ActivityRecord$Token
12-09 08:07:32.192 W/ActivityManager( 1592): 	at com.android.server.am.ActivityRecord.forTokenLocked(ActivityRecord.java:424)
12-09 08:07:32.192 W/ActivityManager( 1592): 	at com.android.server.am.ActivityRecord.isInStackLocked(ActivityRecord.java:1121)
12-09 08:07:32.192 W/ActivityManager( 1592): 	at com.android.server.am.ActivityManagerService.setTaskDescription(ActivityManagerService.java:8547)
12-09 08:07:32.192 W/ActivityManager( 1592): 	at android.app.ActivityManagerNative.onTransact(ActivityManagerNative.java:2410)
12-09 08:07:32.192 W/ActivityManager( 1592): 	at com.android.server.am.ActivityManagerService.onTransact(ActivityManagerService.java:2443)
12-09 08:07:32.192 W/ActivityManager( 1592): 	at android.os.Binder.execTransact(Binder.java:453)
12-09 08:07:32.425 D/gralloc_ranchu( 1226): gralloc_alloc: Creating ashmem region of size 3686400
12-09 08:07:32.468 D/FillupsProvider(11517): Creating database
12-09 08:07:32.542 V/PhoneStatusBar( 1705): setLightsOn(true)
12-09 08:07:32.611 D/EGL_emulation( 1948): eglMakeCurrent: 0x7f529dce1fa0: ver 2 0 (tinfo 0x7f529dcc2b80)
12-09 08:07:32.624 W/ActivityManager( 1592): Bad activity token: android.os.BinderProxy@6d504e8
12-09 08:07:32.624 W/ActivityManager( 1592): java.lang.ClassCastException: android.os.BinderProxy cannot be cast to com.android.server.am.ActivityRecord$Token
12-09 08:07:32.624 W/ActivityManager( 1592): 	at com.android.server.am.ActivityRecord.forTokenLocked(ActivityRecord.java:424)
12-09 08:07:32.624 W/ActivityManager( 1592): 	at com.android.server.am.ActivityRecord.isInStackLocked(ActivityRecord.java:1121)
12-09 08:07:32.624 W/ActivityManager( 1592): 	at com.android.server.am.ActivityManagerService.getActivityOptions(ActivityManagerService.java:11038)
12-09 08:07:32.624 W/ActivityManager( 1592): 	at android.app.ActivityManagerNative.onTransact(ActivityManagerNative.java:1734)
12-09 08:07:32.624 W/ActivityManager( 1592): 	at com.android.server.am.ActivityManagerService.onTransact(ActivityManagerService.java:2443)
12-09 08:07:32.624 W/ActivityManager( 1592): 	at android.os.Binder.execTransact(Binder.java:453)
12-09 08:07:32.624 W/ActivityManager( 1592): Bad activity token: android.os.BinderProxy@6d504e8
12-09 08:07:32.624 W/ActivityManager( 1592): java.lang.ClassCastException: android.os.BinderProxy cannot be cast to com.android.server.am.ActivityRecord$Token
12-09 08:07:32.624 W/ActivityManager( 1592): 	at com.android.server.am.ActivityRecord.forTokenLocked(ActivityRecord.java:424)
12-09 08:07:32.624 W/ActivityManager( 1592): 	at com.android.server.am.ActivityRecord.isInStackLocked(ActivityRecord.java:1121)
12-09 08:07:32.624 W/ActivityManager( 1592): 	at com.android.server.am.ActivityManagerService.getActivityOptions(ActivityManagerService.java:11038)
12-09 08:07:32.624 W/ActivityManager( 1592): 	at android.app.ActivityManagerNative.onTransact(ActivityManagerNative.java:1734)
12-09 08:07:32.624 W/ActivityManager( 1592): 	at com.android.server.am.ActivityManagerService.onTransact(ActivityManagerService.java:2443)
12-09 08:07:32.624 W/ActivityManager( 1592): 	at android.os.Binder.execTransact(Binder.java:453)
12-09 08:07:32.630 E/Surface ( 1948): getSlotFromBufferLocked: unknown buffer: 0x7f5299c251a0
12-09 08:07:33.068 D/gralloc_ranchu( 1226): gralloc_alloc: Creating ashmem region of size 3686400
12-09 08:07:33.237 D/        (11517): HostConnection::get() New Host Connection established 0x7f529dc1d320, tid 11517
12-09 08:07:33.532 I/ActivityManager( 1592): Displayed com.evancharlton.mileage/.Mileage: +1s436ms
12-09 08:07:33.564 D/gralloc_ranchu( 1226): gralloc_alloc: Creating ashmem region of size 3686400
12-09 08:07:34.196 D/gralloc_ranchu( 1226): gralloc_alloc: Creating ashmem region of size 3686400
12-09 08:07:34.739 I/System.out(11517): URI: //gesture
12-09 08:07:34.739 I/System.out(11517): params: {json={"query_timeout":5.0,"gestures":[{"query_string":"android.widget.TabWidget descendant TextView index:3","touches":[{"x":50,"y":50,"offset_x":0,"offset_y":0,"wait":0.0,"time":0.2,"release":true,"query_string":null}]}]}
12-09 08:07:34.739 I/System.out(11517): }
12-09 08:07:35.339 I/calabash(11517): newActivity1
12-09 08:07:35.340 W/ActivityManager( 1592): Bad activity token: android.os.BinderProxy@396352c
12-09 08:07:35.340 W/ActivityManager( 1592): java.lang.ClassCastException: android.os.BinderProxy cannot be cast to com.android.server.am.ActivityRecord$Token
12-09 08:07:35.340 W/ActivityManager( 1592): 	at com.android.server.am.ActivityRecord.forTokenLocked(ActivityRecord.java:424)
12-09 08:07:35.340 W/ActivityManager( 1592): 	at com.android.server.am.ActivityRecord.isInStackLocked(ActivityRecord.java:1121)
12-09 08:07:35.340 W/ActivityManager( 1592): 	at com.android.server.am.ActivityRecord.getStackLocked(ActivityRecord.java:1126)
12-09 08:07:35.340 W/ActivityManager( 1592): 	at com.android.server.am.ActivityManagerService.getActivityDisplayId(ActivityManagerService.java:8889)
12-09 08:07:35.340 W/ActivityManager( 1592): 	at android.app.ActivityManagerNative.onTransact(ActivityManagerNative.java:2338)
12-09 08:07:35.340 W/ActivityManager( 1592): 	at com.android.server.am.ActivityManagerService.onTransact(ActivityManagerService.java:2443)
12-09 08:07:35.340 W/ActivityManager( 1592): 	at android.os.Binder.execTransact(Binder.java:453)
12-09 08:07:35.341 W/ActivityManager( 1592): Bad activity token: android.os.BinderProxy@396352c
12-09 08:07:35.341 W/ActivityManager( 1592): java.lang.ClassCastException: android.os.BinderProxy cannot be cast to com.android.server.am.ActivityRecord$Token
12-09 08:07:35.341 W/ActivityManager( 1592): 	at com.android.server.am.ActivityRecord.forTokenLocked(ActivityRecord.java:424)
12-09 08:07:35.341 W/ActivityManager( 1592): 	at com.android.server.am.ActivityRecord.isInStackLocked(ActivityRecord.java:1121)
12-09 08:07:35.341 W/ActivityManager( 1592): 	at com.android.server.am.ActivityManagerService.setTaskDescription(ActivityManagerService.java:8547)
12-09 08:07:35.341 W/ActivityManager( 1592): 	at android.app.ActivityManagerNative.onTransact(ActivityManagerNative.java:2410)
12-09 08:07:35.341 W/ActivityManager( 1592): 	at com.android.server.am.ActivityManagerService.onTransact(ActivityManagerService.java:2443)
12-09 08:07:35.341 W/ActivityManager( 1592): 	at android.os.Binder.execTransact(Binder.java:453)
12-09 08:07:35.350 W/art     (11517): Suspending all threads took: 7.889ms
12-09 08:07:35.357 I/art     (11517): Background sticky concurrent mark sweep GC freed 19808(879KB) AllocSpace objects, 0(0B) LOS objects, 27% free, 2MB/3MB, paused 9.330ms total 76.551ms
12-09 08:07:35.364 W/ActivityManager( 1592): Bad activity token: android.os.BinderProxy@396352c
12-09 08:07:35.364 W/ActivityManager( 1592): java.lang.ClassCastException: android.os.BinderProxy cannot be cast to com.android.server.am.ActivityRecord$Token
12-09 08:07:35.364 W/ActivityManager( 1592): 	at com.android.server.am.ActivityRecord.forTokenLocked(ActivityRecord.java:424)
12-09 08:07:35.364 W/ActivityManager( 1592): 	at com.android.server.am.ActivityRecord.isInStackLocked(ActivityRecord.java:1121)
12-09 08:07:35.364 W/ActivityManager( 1592): 	at com.android.server.am.ActivityManagerService.getActivityOptions(ActivityManagerService.java:11038)
12-09 08:07:35.364 W/ActivityManager( 1592): 	at android.app.ActivityManagerNative.onTransact(ActivityManagerNative.java:1734)
12-09 08:07:35.364 W/ActivityManager( 1592): 	at com.android.server.am.ActivityManagerService.onTransact(ActivityManagerService.java:2443)
12-09 08:07:35.364 W/ActivityManager( 1592): 	at android.os.Binder.execTransact(Binder.java:453)
12-09 08:07:35.367 W/ActivityManager( 1592): Bad activity token: android.os.BinderProxy@396352c
12-09 08:07:35.367 W/ActivityManager( 1592): java.lang.ClassCastException: android.os.BinderProxy cannot be cast to com.android.server.am.ActivityRecord$Token
12-09 08:07:35.367 W/ActivityManager( 1592): 	at com.android.server.am.ActivityRecord.forTokenLocked(ActivityRecord.java:424)
12-09 08:07:35.367 W/ActivityManager( 1592): 	at com.android.server.am.ActivityRecord.isInStackLocked(ActivityRecord.java:1121)
12-09 08:07:35.367 W/ActivityManager( 1592): 	at com.android.server.am.ActivityManagerService.getActivityOptions(ActivityManagerService.java:11038)
12-09 08:07:35.367 W/ActivityManager( 1592): 	at android.app.ActivityManagerNative.onTransact(ActivityManagerNative.java:1734)
12-09 08:07:35.367 W/ActivityManager( 1592): 	at com.android.server.am.ActivityManagerService.onTransact(ActivityManagerService.java:2443)
12-09 08:07:35.367 W/ActivityManager( 1592): 	at android.os.Binder.execTransact(Binder.java:453)
12-09 08:07:35.390 W/audio_hw_generic( 1307): Hardware backing HAL too slow, could only write 0 of 661 frames
12-09 08:07:35.436 W/art     (11517): Suspending all threads took: 8.666ms
12-09 08:07:35.473 I/System.out(11517): URI: //map
12-09 08:07:35.473 I/System.out(11517): params: {json={"query":"android.widget.ListView index:0 android.widget.TextView index:0","operation":{"method_name":"query","arguments":[]}}
12-09 08:07:35.473 I/System.out(11517): }
12-09 08:07:35.474 I/art     (11517): Background sticky concurrent mark sweep GC freed 17772(908KB) AllocSpace objects, 0(0B) LOS objects, 20% free, 2MB/3MB, paused 9.895ms total 81.563ms
12-09 08:07:35.562 W/audio_hw_generic( 1307): Hardware backing HAL too slow, could only write 0 of 661 frames
12-09 08:07:35.586 W/audio_hw_generic( 1307): Hardware backing HAL too slow, could only write 0 of 661 frames
12-09 08:07:35.608 W/audio_hw_generic( 1307): Hardware backing HAL too slow, could only write 0 of 661 frames
12-09 08:07:35.616 I/art     (11517): Background sticky concurrent mark sweep GC freed 22921(882KB) AllocSpace objects, 1(20KB) LOS objects, 6% free, 2MB/3MB, paused 5.102ms total 117.830ms
12-09 08:07:35.623 W/audio_hw_generic( 1307): Hardware backing HAL too slow, could only write 0 of 661 frames
12-09 08:07:35.643 W/audio_hw_generic( 1307): Hardware backing HAL too slow, could only write 0 of 661 frames
12-09 08:07:35.741 I/System.out(11517): URI: //gesture
12-09 08:07:35.741 I/System.out(11517): params: {json={"query_timeout":5.0,"gestures":[{"query_string":"android.widget.ListView index:0 android.widget.TextView index:0","touches":[{"x":50,"y":50,"offset_x":0,"offset_y":0,"wait":0.0,"time":0.2,"release":true,"query_string":null}]}]}
12-09 08:07:35.741 I/System.out(11517): }
12-09 08:07:35.986 W/audio_hw_generic( 1307): Not supplying enough data to HAL, expected position 23942342 , only wrote 23942081
12-09 08:07:35.993 W/audio_hw_generic( 1307): Not supplying enough data to HAL, expected position 23942379 , only wrote 23942081
12-09 08:07:36.013 W/audio_hw_generic( 1307): Not supplying enough data to HAL, expected position 23942970 , only wrote 23942742
12-09 08:07:36.219 W/art     (11517): Suspending all threads took: 21.599ms
12-09 08:07:36.269 I/art     (11517): Background sticky concurrent mark sweep GC freed 50329(2MB) AllocSpace objects, 3(60KB) LOS objects, 42% free, 2MB/4MB, paused 22.767ms total 157.093ms
12-09 08:07:36.275 I/ActivityManager( 1592): START u0 {cmp=com.evancharlton.mileage/.VehicleActivity (has extras)} from uid 10127 on display 0
12-09 08:07:36.323 W/audio_hw_generic( 1307): Not supplying enough data to HAL, expected position 23956420 , only wrote 23955962
12-09 08:07:36.353 W/audio_hw_generic( 1307): Not supplying enough data to HAL, expected position 23957275 , only wrote 23955962
12-09 08:07:36.443 W/audio_hw_generic( 1307): Hardware backing HAL too slow, could only write 0 of 661 frames
12-09 08:07:36.451 W/audio_hw_generic( 1307): Hardware backing HAL too slow, could only write 0 of 661 frames
12-09 08:07:36.478 W/audio_hw_generic( 1307): Hardware backing HAL too slow, could only write 0 of 661 frames
12-09 08:07:36.486 W/audio_hw_generic( 1307): Hardware backing HAL too slow, could only write 0 of 661 frames
12-09 08:07:36.502 W/audio_hw_generic( 1307): Hardware backing HAL too slow, could only write 0 of 661 frames
12-09 08:07:36.521 W/audio_hw_generic( 1307): Hardware backing HAL too slow, could only write 0 of 661 frames
12-09 08:07:36.546 W/audio_hw_generic( 1307): Hardware backing HAL too slow, could only write 0 of 661 frames
12-09 08:07:36.562 W/audio_hw_generic( 1307): Hardware backing HAL too slow, could only write 0 of 661 frames
12-09 08:07:36.578 W/audio_hw_generic( 1307): Hardware backing HAL too slow, could only write 0 of 661 frames
12-09 08:07:36.596 W/audio_hw_generic( 1307): Hardware backing HAL too slow, could only write 0 of 661 frames
12-09 08:07:36.606 W/audio_hw_generic( 1307): Hardware backing HAL too slow, could only write 0 of 661 frames
12-09 08:07:36.635 W/audio_hw_generic( 1307): Not supplying enough data to HAL, expected position 23968396 , only wrote 23967860
12-09 08:07:36.635 W/audio_hw_generic( 1307): Hardware backing HAL too slow, could only write 0 of 661 frames
12-09 08:07:36.637 W/audio_hw_generic( 1307): Hardware backing HAL too slow, could only write 0 of 661 frames
12-09 08:07:36.701 I/calabash(11517): newActivity1
12-09 08:07:36.771 E/SurfaceFlinger( 1226): ro.sf.lcd_density must be defined as a build property
12-09 08:07:36.807 D/gralloc_ranchu( 1226): gralloc_alloc: Creating ashmem region of size 3686400
12-09 08:07:36.831 D/        (11546): HostConnection::get() New Host Connection established 0x7fca02ad2480, tid 11546
12-09 08:07:36.863 E/EGL_emulation( 1226): tid 1226: eglCreateSyncKHR(1881): error 0x3004 (EGL_BAD_ATTRIBUTE)
12-09 08:07:36.936 W/audio_hw_generic( 1307): Hardware backing HAL too slow, could only write 0 of 661 frames
12-09 08:07:36.966 W/audio_hw_generic( 1307): Hardware backing HAL too slow, could only write 0 of 661 frames
12-09 08:07:36.966 W/audio_hw_generic( 1307): Not supplying enough data to HAL, expected position 23982470 , only wrote 23982402
12-09 08:07:36.967 W/audio_hw_generic( 1307): Not supplying enough data to HAL, expected position 23982408 , only wrote 23982402
12-09 08:07:36.982 W/audio_hw_generic( 1307): Not supplying enough data to HAL, expected position 23983090 , only wrote 23983063
12-09 08:07:36.982 W/audio_hw_generic( 1307): Hardware backing HAL too slow, could only write 0 of 661 frames
12-09 08:07:36.982 W/audio_hw_generic( 1307): Hardware backing HAL too slow, could only write 0 of 661 frames
12-09 08:07:36.998 W/audio_hw_generic( 1307): Hardware backing HAL too slow, could only write 0 of 661 frames
12-09 08:07:37.013 W/audio_hw_generic( 1307): Hardware backing HAL too slow, could only write 0 of 661 frames
12-09 08:07:37.029 W/audio_hw_generic( 1307): Hardware backing HAL too slow, could only write 0 of 661 frames
12-09 08:07:37.045 W/audio_hw_generic( 1307): Hardware backing HAL too slow, could only write 0 of 661 frames
12-09 08:07:37.052 V/PhoneStatusBar( 1705): setLightsOn(true)
12-09 08:07:37.058 W/audio_hw_generic( 1307): Hardware backing HAL too slow, could only write 0 of 661 frames
12-09 08:07:37.256 D/gralloc_ranchu( 1226): gralloc_alloc: Creating ashmem region of size 3686400
12-09 08:07:37.505 W/audio_hw_generic( 1307): Not supplying enough data to HAL, expected position 24006128 , only wrote 24005537
12-09 08:07:37.505 W/audio_hw_generic( 1307): Not supplying enough data to HAL, expected position 24005544 , only wrote 24005537
12-09 08:07:37.531 W/audio_hw_generic( 1307): Not supplying enough data to HAL, expected position 24006653 , only wrote 24006198
12-09 08:07:37.714 W/audio_hw_generic( 1307): Not supplying enough data to HAL, expected position 24014284 , only wrote 24013469
12-09 08:07:37.715 W/audio_hw_generic( 1307): Not supplying enough data to HAL, expected position 24013502 , only wrote 24013469
12-09 08:07:37.760 W/audio_hw_generic( 1307): Not supplying enough data to HAL, expected position 24015465 , only wrote 24015452
12-09 08:07:37.794 W/audio_hw_generic( 1307): Hardware backing HAL too slow, could only write 0 of 661 frames
