12-09 07:41:28.027 I/System.out( 4959): params: {json={"query":"android.widget.Button index:2","operation":{"method_name":"query","arguments":[]}}
12-09 07:41:28.027 I/System.out( 4959): }
12-09 07:41:28.042 I/art     ( 4959): Background sticky concurrent mark sweep GC freed 27194(1237KB) AllocSpace objects, 7(140KB) LOS objects, 18% free, 2MB/3MB, paused 18.746ms total 193.059ms
12-09 07:41:28.269 I/System.out( 4959): URI: //gesture
12-09 07:41:28.269 I/System.out( 4959): params: {json={"query_timeout":5.0,"gestures":[{"query_string":"android.widget.Button index:2","touches":[{"x":50,"y":50,"offset_x":0,"offset_y":0,"wait":0.0,"time":0.2,"release":true,"query_string":null}]}]}
12-09 07:41:28.269 I/System.out( 4959): }
12-09 07:41:29.017 D/AudioFlinger( 1309): mixer(0xf42c0000) throttle end: throttle time(2)
12-09 07:41:29.041 W/audio_hw_generic( 1309): Hardware backing HAL too slow, could only write 0 of 661 frames
12-09 07:41:29.055 W/audio_hw_generic( 1309): Hardware backing HAL too slow, could only write 0 of 661 frames
12-09 07:41:29.064 I/art     ( 4959): WaitForGcToComplete blocked for 55.490ms for cause Background
12-09 07:41:29.090 W/audio_hw_generic( 1309): Hardware backing HAL too slow, could only write 0 of 661 frames
12-09 07:41:29.133 W/art     ( 4959): Suspending all threads took: 16.902ms
12-09 07:41:29.150 W/audio_hw_generic( 1309): Hardware backing HAL too slow, could only write 0 of 661 frames
12-09 07:41:29.165 W/audio_hw_generic( 1309): Hardware backing HAL too slow, could only write 0 of 661 frames
12-09 07:41:29.186 W/audio_hw_generic( 1309): Hardware backing HAL too slow, could only write 0 of 661 frames
12-09 07:41:29.193 I/art     ( 4959): Background sticky concurrent mark sweep GC freed 50657(2MB) AllocSpace objects, 3(60KB) LOS objects, 40% free, 2MB/3MB, paused 18.216ms total 119.581ms
12-09 07:41:29.276 W/audio_hw_generic( 1309): Not supplying enough data to HAL, expected position 4910422 , only wrote 4908586
12-09 07:41:29.281 W/audio_hw_generic( 1309): Not supplying enough data to HAL, expected position 4908775 , only wrote 4908586
12-09 07:41:29.335 D/gralloc_ranchu( 1224): gralloc_alloc: Creating ashmem region of size 40960
12-09 07:41:29.346 W/audio_hw_generic( 1309): Not supplying enough data to HAL, expected position 4911447 , only wrote 4909247
12-09 07:41:29.406 W/audio_hw_generic( 1309): Hardware backing HAL too slow, could only write 0 of 661 frames
12-09 07:41:29.421 W/audio_hw_generic( 1309): Hardware backing HAL too slow, could only write 0 of 661 frames
12-09 07:41:29.436 W/audio_hw_generic( 1309): Hardware backing HAL too slow, could only write 0 of 661 frames
12-09 07:41:29.827 E/SurfaceFlinger( 1224): ro.sf.lcd_density must be defined as a build property
12-09 07:41:29.892 D/gralloc_ranchu( 1224): gralloc_alloc: Creating ashmem region of size 3686400
12-09 07:41:29.910 D/        ( 5017): HostConnection::get() New Host Connection established 0x7f098a652480, tid 5017
12-09 07:41:29.970 E/EGL_emulation( 1224): tid 1224: eglCreateSyncKHR(1881): error 0x3004 (EGL_BAD_ATTRIBUTE)
12-09 07:41:30.163 W/audio_hw_generic( 1309): Not supplying enough data to HAL, expected position 4945313 , only wrote 4941636
12-09 07:41:30.254 W/art     ( 1594): Long monitor contention event with owner method=void com.android.server.wm.WindowAnimator$1.doFrame(long) from WindowAnimator.java:121 waiters=0 for 215ms
12-09 07:41:30.316 W/audio_hw_generic( 1309): Not supplying enough data to HAL, expected position 4948347 , only wrote 4948246
12-09 07:41:30.750 W/audio_hw_generic( 1309): Not supplying enough data to HAL, expected position 4967423 , only wrote 4967415
12-09 07:41:31.114 W/audio_hw_generic( 1309): Not supplying enough data to HAL, expected position 4983431 , only wrote 4983279
12-09 07:41:31.114 W/audio_hw_generic( 1309): Not supplying enough data to HAL, expected position 4983286 , only wrote 4983279
12-09 07:41:31.138 W/audio_hw_generic( 1309): Not supplying enough data to HAL, expected position 4984343 , only wrote 4983940
12-09 07:41:31.245 W/audio_hw_generic( 1309): Hardware backing HAL too slow, could only write 0 of 661 frames
12-09 07:41:31.339 W/audio_hw_generic( 1309): Hardware backing HAL too slow, could only write 0 of 661 frames
