--------- beginning of main
12-09 08:33:19.760 D/AndroidRuntime(15920): >>>>>> START com.android.internal.os.RuntimeInit uid 0 <<<<<<
12-09 08:33:19.768 D/AndroidRuntime(15920): CheckJNI is ON
12-09 08:33:19.786 D/ICU     (15920): No timezone override file found: /data/misc/zoneinfo/current/icu/icu_tzdata.dat
12-09 08:33:20.149 E/memtrack(15920): Couldn't load memtrack module (No such file or directory)
12-09 08:33:20.154 E/android.os.Debug(15920): failed to load memtrack module: -2
12-09 08:33:20.155 I/Radio-JNI(15920): register_android_hardware_Radio DONE
12-09 08:33:20.166 D/AndroidRuntime(15920): Calling main entry com.android.commands.am.Am
--------- beginning of system
12-09 08:33:20.167 I/ActivityManager( 1592): Force stopping com.evancharlton.mileage appid=10135 user=0: start instr
12-09 08:33:20.174 I/ActivityManager( 1592): Killing 15874:com.evancharlton.mileage/u0a135 (adj 0): stop com.evancharlton.mileage
12-09 08:33:20.450 W/InputDispatcher( 1592): channel '64fe64b com.evancharlton.mileage/com.evancharlton.mileage.Mileage (server)' ~ Consumer closed input channel or an error occurred.  events=0x9
12-09 08:33:20.450 E/InputDispatcher( 1592): channel '64fe64b com.evancharlton.mileage/com.evancharlton.mileage.Mileage (server)' ~ Channel is unrecoverably broken and will be disposed!
12-09 08:33:20.492 I/WindowState( 1592): WIN DEATH: Window{64fe64b u0 com.evancharlton.mileage/com.evancharlton.mileage.Mileage}
12-09 08:33:20.498 W/InputDispatcher( 1592): Attempted to unregister already unregistered input channel '64fe64b com.evancharlton.mileage/com.evancharlton.mileage.Mileage (server)'
12-09 08:33:22.002 W/ActivityManager( 1592): Force removing ActivityRecord{7d61eae u0 com.evancharlton.mileage/.Mileage t442}: app died, no saved state
12-09 08:33:22.019 W/ActivityManager( 1592): Crash of app com.evancharlton.mileage running instrumentation ComponentInfo{com.evancharlton.mileage.test/sh.calaba.instrumentationbackend.CalabashInstrumentationTestRunner}
12-09 08:33:22.019 I/ActivityManager( 1592): Force stopping com.evancharlton.mileage appid=10135 user=0: finished inst
12-09 08:33:22.156 I/ActivityManager( 1592): Start proc 15929:com.evancharlton.mileage/u0a135 for added application com.evancharlton.mileage
12-09 08:33:22.157 D/AndroidRuntime(15920): Shutting down VM
12-09 08:33:22.158 W/art     ( 1592): Long monitor contention event with owner method=boolean com.android.server.am.ActivityManagerService.startInstrumentation(android.content.ComponentName, java.lang.String, int, android.os.Bundle, android.app.IInstrumentationWatcher, android.app.IUiAutomationConnection, int, java.lang.String) from ActivityManagerService.java:17066 waiters=0 for 1.974s
12-09 08:33:22.159 W/art     ( 1592): Long monitor contention event with owner method=boolean com.android.server.am.ActivityManagerService.startInstrumentation(android.content.ComponentName, java.lang.String, int, android.os.Bundle, android.app.IInstrumentationWatcher, android.app.IUiAutomationConnection, int, java.lang.String) from ActivityManagerService.java:17066 waiters=1 for 1.669s
12-09 08:33:22.159 W/ActivityManager( 1592): Spurious death for ProcessRecord{68d987d 0:com.evancharlton.mileage/u0a135}, curProc for 15874: null
12-09 08:33:22.159 W/art     ( 1592): Long monitor contention event with owner method=boolean com.android.server.am.ActivityManagerService.startInstrumentation(android.content.ComponentName, java.lang.String, int, android.os.Bundle, android.app.IInstrumentationWatcher, android.app.IUiAutomationConnection, int, java.lang.String) from ActivityManagerService.java:17066 waiters=2 for 1.668s
12-09 08:33:22.162 W/art     ( 1592): Long monitor contention event with owner method=boolean com.android.server.am.ActivityManagerService.startInstrumentation(android.content.ComponentName, java.lang.String, int, android.os.Bundle, android.app.IInstrumentationWatcher, android.app.IUiAutomationConnection, int, java.lang.String) from ActivityManagerService.java:17066 waiters=3 for 1.648s
12-09 08:33:22.163 I/Choreographer( 1592): Skipped 96 frames!  The application may be doing too much work on its main thread.
12-09 08:33:22.210 D/EGL_emulation( 1946): eglMakeCurrent: 0x7fdaf0874b40: ver 2 0 (tinfo 0x7fdaf0842d80)
12-09 08:33:22.355 W/InputMethodManagerService( 1592): Got RemoteException sending setActive(false) notification to pid 15874 uid 10135
12-09 08:33:22.440 W/System  (15929): ClassLoader referenced unknown path: /data/app/com.evancharlton.mileage.test-1/lib/x86_64
12-09 08:33:22.440 W/System  (15929): ClassLoader referenced unknown path: /data/app/com.evancharlton.mileage-1/lib/x86_64
12-09 08:33:22.476 I/System.out(15929): Main activity name automatically set to: com.evancharlton.mileage.Mileage
12-09 08:33:22.477 I/System.out(15929): Calabash did not load Mono. This is only a problem if you are trying to test a Mono application
12-09 08:33:22.477 I/calabash(15929): Test server port: 7102
12-09 08:33:22.495 I/InstrumentationBackend(15929): Added:'GetPreferences', with key:'get_preferences'
12-09 08:33:22.646 W/art     (15929): Suspending all threads took: 11.667ms
12-09 08:33:22.778 I/InstrumentationBackend(15929): Added:'SetPreferences', with key:'set_preferences'
12-09 08:33:22.779 I/InstrumentationBackend(15929): Added:'ClearPreferences', with key:'clear_preferences'
12-09 08:33:22.779 I/InstrumentationBackend(15929): Added:'PressElement', with key:'press_l10n_element'
12-09 08:33:22.779 I/InstrumentationBackend(15929): Added:'WaitForElement', with key:'wait_for_l10n_element'
12-09 08:33:22.779 I/InstrumentationBackend(15929): Added:'NullAction', with key:'nullAction'
12-09 08:33:22.780 I/InstrumentationBackend(15929): Added:'PressKey', with key:'press_key'
12-09 08:33:22.780 I/InstrumentationBackend(15929): Added:'SetActivityOrientation', with key:'set_activity_orientation'
12-09 08:33:22.780 I/InstrumentationBackend(15929): Added:'GetActivityOrientation', with key:'get_activity_orientation'
12-09 08:33:22.780 I/InstrumentationBackend(15929): Added:'FakeGPSLocation', with key:'set_gps_coordinates'
12-09 08:33:22.788 I/InstrumentationBackend(15929): Added:'SetPropertyByCssSelector', with key:'set_property_by_css_selector'
12-09 08:33:22.789 I/InstrumentationBackend(15929): Added:'GetUrl', with key:'get_url'
12-09 08:33:22.844 I/InstrumentationBackend(15929): Added:'ScrollTo', with key:'scroll_to'
12-09 08:33:22.845 I/InstrumentationBackend(15929): Added:'GetLoadProgress', with key:'get_load_progress'
12-09 08:33:22.845 I/InstrumentationBackend(15929): Added:'DumpHtml', with key:'dump_html'
12-09 08:33:22.845 I/InstrumentationBackend(15929): Added:'DumpBodyHtml', with key:'dump_body_html'
12-09 08:33:22.845 I/InstrumentationBackend(15929): Added:'EnterTextByCssSelector', with key:'enter_text_by_selector'
12-09 08:33:22.865 I/InstrumentationBackend(15929): Added:'AndroidSDKVersion', with key:'android_sdk_version'
12-09 08:33:22.865 I/InstrumentationBackend(15929): Added:'Version', with key:'version'
12-09 08:33:22.866 I/InstrumentationBackend(15929): Added:'Drag', with key:'drag'
12-09 08:33:22.866 I/InstrumentationBackend(15929): Added:'TouchCoordinates', with key:'touch_coordinate'
12-09 08:33:22.866 I/InstrumentationBackend(15929): Added:'LongPressCoordinate', with key:'long_press_coordinate'
12-09 08:33:22.867 I/InstrumentationBackend(15929): Added:'DragCoordinates', with key:'drag_coordinates'
12-09 08:33:22.867 I/InstrumentationBackend(15929): Added:'ResumeApplication', with key:'resume_application'
12-09 08:33:22.867 I/InstrumentationBackend(15929): Added:'Swipe', with key:'swipe'
12-09 08:33:22.867 I/InstrumentationBackend(15929): Added:'DoubleTapCoordinate', with key:'double_tap_coordinate'
12-09 08:33:22.885 I/InstrumentationBackend(15929): Added:'ClickOnScreen', with key:'click_on_screen'
12-09 08:33:22.885 I/InstrumentationBackend(15929): Added:'GetActivityName', with key:'get_activity_name'
12-09 08:33:22.885 I/InstrumentationBackend(15929): Added:'ScrollToView', with key:'scroll_to_view'
12-09 08:33:22.885 I/InstrumentationBackend(15929): Added:'ViewConfiguration', with key:'view_configuration'
12-09 08:33:22.895 I/InstrumentationBackend(15929): Added:'IsCurrentActivityFocused', with key:'is_current_activity_focused'
12-09 08:33:22.895 I/InstrumentationBackend(15929): Added:'SendTcp', with key:'send_tcp'
12-09 08:33:22.895 I/InstrumentationBackend(15929): Added:'DpToDevicePixel', with key:'dp_to_device_pixel'
12-09 08:33:22.897 I/InstrumentationBackend(15929): Added:'KeyboardEnterText', with key:'keyboard_enter_text'
12-09 08:33:22.905 I/art     (15929): Background partial concurrent mark sweep GC freed 31692(1295KB) AllocSpace objects, 0(0B) LOS objects, 48% free, 1098KB/2MB, paused 28.812ms total 383.533ms
12-09 08:33:22.905 I/InstrumentationBackend(15929): Added:'DeleteSurroundingText', with key:'delete_surrounding_text'
12-09 08:33:22.910 I/InstrumentationBackend(15929): Added:'SetComposingRegion', with key:'set_composing_region'
12-09 08:33:22.918 I/InstrumentationBackend(15929): Added:'SetSelection', with key:'set_selection'
12-09 08:33:22.918 I/InstrumentationBackend(15929): Added:'KeyboardKeyEvent', with key:'keyboard_key_event'
12-09 08:33:22.919 I/InstrumentationBackend(15929): Added:'PressUserActionButton', with key:'press_user_action_button'
12-09 08:33:22.920 I/InstrumentationBackend(15929): Added:'HideSoftKeyboard', with key:'hide_soft_keyboard'
12-09 08:33:22.920 I/InstrumentationBackend(15929): Added:'ListActions', with key:'list_actions'
12-09 08:33:22.921 I/calabash(15929): Instantiating http server at 7102
12-09 08:33:22.926 I/System.out(15929): HTTP Daemon listening on: 7102
12-09 08:33:23.053 W/art     ( 1592): Long monitor contention event with owner method=void com.android.server.wm.WindowAnimator$1.doFrame(long) from WindowAnimator.java:121 waiters=0 for 170ms
12-09 08:33:23.055 I/System.out(15929): URI: //ping
12-09 08:33:23.056 I/System.out(15929): params: {json={}
12-09 08:33:23.056 I/System.out(15929): }
12-09 08:33:23.061 I/Choreographer( 1946): Skipped 41 frames!  The application may be doing too much work on its main thread.
12-09 08:33:23.098 I/System.out(15929): URI: //ping
12-09 08:33:23.099 I/System.out(15929): params: {json={}
12-09 08:33:23.099 I/System.out(15929): }
12-09 08:33:23.135 I/System.out(15929): URI: //ready
12-09 08:33:23.135 I/System.out(15929): params: {json={}
12-09 08:33:23.135 I/System.out(15929): }
12-09 08:33:23.141 W/OpenGLRenderer( 1946): Incorrectly called buildLayer on View: ShortcutAndWidgetContainer, destroying layer...
12-09 08:33:23.185 I/System.out(15929): URI: //
12-09 08:33:23.188 I/System.out(15929): params: {json={"command":"version","arguments":[]}
12-09 08:33:23.188 I/System.out(15929): }
12-09 08:33:23.188 I/System.out(15929): header: {date=Sun, 09 Dec 2018 08:33:23 GMT, accept=*/*, content-length=36, host=127.0.0.1:34777, user-agent=HTTPClient/1.0 (2.8.3, ruby 2.3.1 (2016-04-26)), content-type=application/json;charset=utf-8}
12-09 08:33:23.188 I/System.out(15929): params: {json={"command":"version","arguments":[]}
12-09 08:33:23.188 I/System.out(15929): }
12-09 08:33:23.188 I/System.out(15929): ProP json = {"command":"version","arguments":[]}
12-09 08:33:23.188 I/System.out(15929): files: {}
12-09 08:33:23.188 I/System.out(15929): command: {"command":"version","arguments":[]}
12-09 08:33:23.225 I/InstrumentationBackend(15929): Got command:'Command:'Line:null,version', arguments:'[]'
12-09 08:33:23.349 I/System.out(15929): result:{"bonusInformation":[],"message":"0.9.8","success":true}
12-09 08:33:23.490 I/System.out(15929): URI: //start-application
12-09 08:33:23.491 I/System.out(15929): params: {json={"intent":null}
12-09 08:33:23.491 I/System.out(15929): }
12-09 08:33:23.579 W/art     (15929): Suspending all threads took: 5.356ms
12-09 08:33:23.718 I/art     (15929): Background sticky concurrent mark sweep GC freed 12043(556KB) AllocSpace objects, 2(40KB) LOS objects, 4% free, 2027KB/2MB, paused 6.492ms total 207.549ms
12-09 08:33:23.747 I/ActivityManager( 1592): START u0 {act=android.intent.action.MAIN cat=[android.intent.category.LAUNCHER] flg=0x10200000 cmp=com.evancharlton.mileage/.Mileage} from uid 10135 on display 0
12-09 08:33:24.117 I/calabash(15929): newActivity1
12-09 08:33:24.172 I/calabash(15929): newActivity1
12-09 08:33:24.199 W/ActivityManager( 1592): Bad activity token: android.os.BinderProxy@d2fdb58
12-09 08:33:24.199 W/ActivityManager( 1592): java.lang.ClassCastException: android.os.BinderProxy cannot be cast to com.android.server.am.ActivityRecord$Token
12-09 08:33:24.199 W/ActivityManager( 1592): 	at com.android.server.am.ActivityRecord.forTokenLocked(ActivityRecord.java:424)
12-09 08:33:24.199 W/ActivityManager( 1592): 	at com.android.server.am.ActivityRecord.isInStackLocked(ActivityRecord.java:1121)
12-09 08:33:24.199 W/ActivityManager( 1592): 	at com.android.server.am.ActivityRecord.getStackLocked(ActivityRecord.java:1126)
12-09 08:33:24.199 W/ActivityManager( 1592): 	at com.android.server.am.ActivityManagerService.getActivityDisplayId(ActivityManagerService.java:8889)
12-09 08:33:24.199 W/ActivityManager( 1592): 	at android.app.ActivityManagerNative.onTransact(ActivityManagerNative.java:2338)
12-09 08:33:24.199 W/ActivityManager( 1592): 	at com.android.server.am.ActivityManagerService.onTransact(ActivityManagerService.java:2443)
12-09 08:33:24.199 W/ActivityManager( 1592): 	at android.os.Binder.execTransact(Binder.java:453)
12-09 08:33:24.201 W/ActivityManager( 1592): Bad activity token: android.os.BinderProxy@d2fdb58
12-09 08:33:24.201 W/ActivityManager( 1592): java.lang.ClassCastException: android.os.BinderProxy cannot be cast to com.android.server.am.ActivityRecord$Token
12-09 08:33:24.201 W/ActivityManager( 1592): 	at com.android.server.am.ActivityRecord.forTokenLocked(ActivityRecord.java:424)
12-09 08:33:24.201 W/ActivityManager( 1592): 	at com.android.server.am.ActivityRecord.isInStackLocked(ActivityRecord.java:1121)
12-09 08:33:24.201 W/ActivityManager( 1592): 	at com.android.server.am.ActivityManagerService.setTaskDescription(ActivityManagerService.java:8547)
12-09 08:33:24.201 W/ActivityManager( 1592): 	at android.app.ActivityManagerNative.onTransact(ActivityManagerNative.java:2410)
12-09 08:33:24.201 W/ActivityManager( 1592): 	at com.android.server.am.ActivityManagerService.onTransact(ActivityManagerService.java:2443)
12-09 08:33:24.201 W/ActivityManager( 1592): 	at android.os.Binder.execTransact(Binder.java:453)
12-09 08:33:24.268 W/ActivityManager( 1592): Bad activity token: android.os.BinderProxy@d2fdb58
12-09 08:33:24.268 W/ActivityManager( 1592): java.lang.ClassCastException: android.os.BinderProxy cannot be cast to com.android.server.am.ActivityRecord$Token
12-09 08:33:24.268 W/ActivityManager( 1592): 	at com.android.server.am.ActivityRecord.forTokenLocked(ActivityRecord.java:424)
12-09 08:33:24.268 W/ActivityManager( 1592): 	at com.android.server.am.ActivityRecord.isInStackLocked(ActivityRecord.java:1121)
12-09 08:33:24.268 W/ActivityManager( 1592): 	at com.android.server.am.ActivityManagerService.getActivityOptions(ActivityManagerService.java:11038)
12-09 08:33:24.268 W/ActivityManager( 1592): 	at android.app.ActivityManagerNative.onTransact(ActivityManagerNative.java:1734)
12-09 08:33:24.268 W/ActivityManager( 1592): 	at com.android.server.am.ActivityManagerService.onTransact(ActivityManagerService.java:2443)
12-09 08:33:24.268 W/ActivityManager( 1592): 	at android.os.Binder.execTransact(Binder.java:453)
12-09 08:33:24.270 W/ActivityManager( 1592): Bad activity token: android.os.BinderProxy@d2fdb58
12-09 08:33:24.270 W/ActivityManager( 1592): java.lang.ClassCastException: android.os.BinderProxy cannot be cast to com.android.server.am.ActivityRecord$Token
12-09 08:33:24.270 W/ActivityManager( 1592): 	at com.android.server.am.ActivityRecord.forTokenLocked(ActivityRecord.java:424)
12-09 08:33:24.270 W/ActivityManager( 1592): 	at com.android.server.am.ActivityRecord.isInStackLocked(ActivityRecord.java:1121)
12-09 08:33:24.270 W/ActivityManager( 1592): 	at com.android.server.am.ActivityManagerService.getActivityOptions(ActivityManagerService.java:11038)
12-09 08:33:24.270 W/ActivityManager( 1592): 	at android.app.ActivityManagerNative.onTransact(ActivityManagerNative.java:1734)
12-09 08:33:24.270 W/ActivityManager( 1592): 	at com.android.server.am.ActivityManagerService.onTransact(ActivityManagerService.java:2443)
12-09 08:33:24.270 W/ActivityManager( 1592): 	at android.os.Binder.execTransact(Binder.java:453)
12-09 08:33:24.424 I/art     (15929): Background sticky concurrent mark sweep GC freed 2619(371KB) AllocSpace objects, 0(0B) LOS objects, 16% free, 1894KB/2MB, paused 1.086ms total 110.298ms
12-09 08:33:25.136 D/gralloc_ranchu( 1219): gralloc_alloc: Creating ashmem region of size 3686400
12-09 08:33:25.286 V/PhoneStatusBar( 1709): setLightsOn(true)
12-09 08:33:25.478 V/PhoneStatusBar( 1709): setLightsOn(true)
12-09 08:33:25.487 D/gralloc_ranchu( 1219): gralloc_alloc: Creating ashmem region of size 3686400
12-09 08:33:25.540 D/EGL_emulation( 1946): eglMakeCurrent: 0x7fdaf0874b40: ver 2 0 (tinfo 0x7fdaf0842d80)
12-09 08:33:25.541 E/Surface ( 1946): getSlotFromBufferLocked: unknown buffer: 0x7fdaece564c0
12-09 08:33:25.600 D/        (15929): HostConnection::get() New Host Connection established 0x7fdaecf87580, tid 15929
12-09 08:33:26.046 W/art     ( 1592): Long monitor contention event with owner method=void com.android.server.wm.WindowAnimator$1.doFrame(long) from WindowAnimator.java:121 waiters=0 for 346ms
12-09 08:33:26.065 D/gralloc_ranchu( 1219): gralloc_alloc: Creating ashmem region of size 3686400
12-09 08:33:26.089 I/ActivityManager( 1592): Displayed com.evancharlton.mileage/.Mileage: +1s984ms
12-09 08:33:27.059 D/gralloc_ranchu( 1219): gralloc_alloc: Creating ashmem region of size 3686400
12-09 08:33:27.342 I/System.out(15929): URI: //gesture
12-09 08:33:27.342 I/System.out(15929): params: {json={"query_timeout":5.0,"gestures":[{"query_string":"android.widget.TabWidget descendant TextView index:1","touches":[{"x":50,"y":50,"offset_x":0,"offset_y":0,"wait":0.0,"time":0.2,"release":true,"query_string":null}]}]}
12-09 08:33:27.342 I/System.out(15929): }
12-09 08:33:27.828 I/calabash(15929): newActivity1
12-09 08:33:27.834 W/ActivityManager( 1592): Bad activity token: android.os.BinderProxy@1193aa5
12-09 08:33:27.834 W/ActivityManager( 1592): java.lang.ClassCastException: android.os.BinderProxy cannot be cast to com.android.server.am.ActivityRecord$Token
12-09 08:33:27.834 W/ActivityManager( 1592): 	at com.android.server.am.ActivityRecord.forTokenLocked(ActivityRecord.java:424)
12-09 08:33:27.834 W/ActivityManager( 1592): 	at com.android.server.am.ActivityRecord.isInStackLocked(ActivityRecord.java:1121)
12-09 08:33:27.834 W/ActivityManager( 1592): 	at com.android.server.am.ActivityRecord.getStackLocked(ActivityRecord.java:1126)
12-09 08:33:27.834 W/ActivityManager( 1592): 	at com.android.server.am.ActivityManagerService.getActivityDisplayId(ActivityManagerService.java:8889)
12-09 08:33:27.834 W/ActivityManager( 1592): 	at android.app.ActivityManagerNative.onTransact(ActivityManagerNative.java:2338)
12-09 08:33:27.834 W/ActivityManager( 1592): 	at com.android.server.am.ActivityManagerService.onTransact(ActivityManagerService.java:2443)
12-09 08:33:27.834 W/ActivityManager( 1592): 	at android.os.Binder.execTransact(Binder.java:453)
12-09 08:33:27.835 W/ActivityManager( 1592): Bad activity token: android.os.BinderProxy@1193aa5
12-09 08:33:27.835 W/ActivityManager( 1592): java.lang.ClassCastException: android.os.BinderProxy cannot be cast to com.android.server.am.ActivityRecord$Token
12-09 08:33:27.835 W/ActivityManager( 1592): 	at com.android.server.am.ActivityRecord.forTokenLocked(ActivityRecord.java:424)
12-09 08:33:27.835 W/ActivityManager( 1592): 	at com.android.server.am.ActivityRecord.isInStackLocked(ActivityRecord.java:1121)
12-09 08:33:27.835 W/ActivityManager( 1592): 	at com.android.server.am.ActivityManagerService.setTaskDescription(ActivityManagerService.java:8547)
12-09 08:33:27.835 W/ActivityManager( 1592): 	at android.app.ActivityManagerNative.onTransact(ActivityManagerNative.java:2410)
12-09 08:33:27.835 W/ActivityManager( 1592): 	at com.android.server.am.ActivityManagerService.onTransact(ActivityManagerService.java:2443)
12-09 08:33:27.835 W/ActivityManager( 1592): 	at android.os.Binder.execTransact(Binder.java:453)
12-09 08:33:27.860 W/audio_hw_generic( 1309): Hardware backing HAL too slow, could only write 0 of 661 frames
12-09 08:33:27.955 W/art     (15929): Suspending all threads took: 10.820ms
12-09 08:33:28.008 I/art     (15929): Background sticky concurrent mark sweep GC freed 51308(2MB) AllocSpace objects, 2(40KB) LOS objects, 31% free, 2MB/3MB, paused 18.879ms total 230.972ms
12-09 08:33:28.101 W/audio_hw_generic( 1309): Not supplying enough data to HAL, expected position 35338462 , only wrote 35337060
12-09 08:33:28.101 W/audio_hw_generic( 1309): Not supplying enough data to HAL, expected position 35337067 , only wrote 35337060
12-09 08:33:28.103 W/ActivityManager( 1592): Bad activity token: android.os.BinderProxy@1193aa5
12-09 08:33:28.103 W/ActivityManager( 1592): java.lang.ClassCastException: android.os.BinderProxy cannot be cast to com.android.server.am.ActivityRecord$Token
12-09 08:33:28.103 W/ActivityManager( 1592): 	at com.android.server.am.ActivityRecord.forTokenLocked(ActivityRecord.java:424)
12-09 08:33:28.103 W/ActivityManager( 1592): 	at com.android.server.am.ActivityRecord.isInStackLocked(ActivityRecord.java:1121)
12-09 08:33:28.103 W/ActivityManager( 1592): 	at com.android.server.am.ActivityManagerService.getActivityOptions(ActivityManagerService.java:11038)
12-09 08:33:28.103 W/ActivityManager( 1592): 	at android.app.ActivityManagerNative.onTransact(ActivityManagerNative.java:1734)
12-09 08:33:28.103 W/ActivityManager( 1592): 	at com.android.server.am.ActivityManagerService.onTransact(ActivityManagerService.java:2443)
12-09 08:33:28.103 W/ActivityManager( 1592): 	at android.os.Binder.execTransact(Binder.java:453)
12-09 08:33:28.103 W/ActivityManager( 1592): Bad activity token: android.os.BinderProxy@1193aa5
12-09 08:33:28.103 W/ActivityManager( 1592): java.lang.ClassCastException: android.os.BinderProxy cannot be cast to com.android.server.am.ActivityRecord$Token
12-09 08:33:28.103 W/ActivityManager( 1592): 	at com.android.server.am.ActivityRecord.forTokenLocked(ActivityRecord.java:424)
12-09 08:33:28.103 W/ActivityManager( 1592): 	at com.android.server.am.ActivityRecord.isInStackLocked(ActivityRecord.java:1121)
12-09 08:33:28.103 W/ActivityManager( 1592): 	at com.android.server.am.ActivityManagerService.getActivityOptions(ActivityManagerService.java:11038)
12-09 08:33:28.103 W/ActivityManager( 1592): 	at android.app.ActivityManagerNative.onTransact(ActivityManagerNative.java:1734)
12-09 08:33:28.103 W/ActivityManager( 1592): 	at com.android.server.am.ActivityManagerService.onTransact(ActivityManagerService.java:2443)
12-09 08:33:28.103 W/ActivityManager( 1592): 	at android.os.Binder.execTransact(Binder.java:453)
12-09 08:33:28.122 W/audio_hw_generic( 1309): Not supplying enough data to HAL, expected position 35337994 , only wrote 35337721
12-09 08:33:28.140 W/audio_hw_generic( 1309): Hardware backing HAL too slow, could only write 0 of 661 frames
12-09 08:33:28.166 W/audio_hw_generic( 1309): Hardware backing HAL too slow, could only write 0 of 661 frames
12-09 08:33:28.174 W/audio_hw_generic( 1309): Hardware backing HAL too slow, could only write 0 of 661 frames
12-09 08:33:28.206 W/audio_hw_generic( 1309): Hardware backing HAL too slow, could only write 0 of 661 frames
12-09 08:33:28.345 D/Mileage (15929): Not enough fillups to calculate economy
12-09 08:33:28.348 W/audio_hw_generic( 1309): Not supplying enough data to HAL, expected position 35347701 , only wrote 35343670
12-09 08:33:28.349 W/audio_hw_generic( 1309): Not supplying enough data to HAL, expected position 35343677 , only wrote 35343670
12-09 08:33:28.365 W/audio_hw_generic( 1309): Not supplying enough data to HAL, expected position 35344385 , only wrote 35344331
12-09 08:33:28.407 W/audio_hw_generic( 1309): Hardware backing HAL too slow, could only write 0 of 661 frames
12-09 08:33:28.420 W/audio_hw_generic( 1309): Hardware backing HAL too slow, could only write 0 of 661 frames
12-09 08:33:28.430 W/audio_hw_generic( 1309): Hardware backing HAL too slow, could only write 0 of 661 frames
12-09 08:33:28.443 W/audio_hw_generic( 1309): Hardware backing HAL too slow, could only write 0 of 661 frames
12-09 08:33:28.639 W/audio_hw_generic( 1309): Hardware backing HAL too slow, could only write 0 of 661 frames
12-09 08:33:28.640 E/SurfaceFlinger( 1219): ro.sf.lcd_density must be defined as a build property
12-09 08:33:28.665 W/audio_hw_generic( 1309): Not supplying enough data to HAL, expected position 35357556 , only wrote 35357551
12-09 08:33:28.665 W/audio_hw_generic( 1309): Hardware backing HAL too slow, could only write 0 of 661 frames
12-09 08:33:28.665 W/audio_hw_generic( 1309): Hardware backing HAL too slow, could only write 0 of 661 frames
12-09 08:33:28.702 W/audio_hw_generic( 1309): Not supplying enough data to HAL, expected position 35359190 , only wrote 35358873
12-09 08:33:28.738 D/gralloc_ranchu( 1219): gralloc_alloc: Creating ashmem region of size 3686400
12-09 08:33:28.742 W/audio_hw_generic( 1309): Not supplying enough data to HAL, expected position 35360642 , only wrote 35360195
12-09 08:33:28.780 D/        (15957): HostConnection::get() New Host Connection established 0x7f5866952480, tid 15957
12-09 08:33:28.803 E/EGL_emulation( 1219): tid 1219: eglCreateSyncKHR(1881): error 0x3004 (EGL_BAD_ATTRIBUTE)
12-09 08:33:29.014 W/audio_hw_generic( 1309): Not supplying enough data to HAL, expected position 35372182 , only wrote 35372093
12-09 08:33:29.268 W/audio_hw_generic( 1309): Not supplying enough data to HAL, expected position 35383324 , only wrote 35382669
12-09 08:33:29.269 W/audio_hw_generic( 1309): Not supplying enough data to HAL, expected position 35382676 , only wrote 35382669
12-09 08:33:29.289 W/audio_hw_generic( 1309): Not supplying enough data to HAL, expected position 35383565 , only wrote 35383330
12-09 08:33:29.431 W/audio_hw_generic( 1309): Not supplying enough data to HAL, expected position 35389580 , only wrote 35389279
12-09 08:33:29.431 W/audio_hw_generic( 1309): Not supplying enough data to HAL, expected position 35389287 , only wrote 35389279
12-09 08:33:29.453 W/audio_hw_generic( 1309): Not supplying enough data to HAL, expected position 35390257 , only wrote 35389940
12-09 08:33:29.522 W/audio_hw_generic( 1309): Hardware backing HAL too slow, could only write 0 of 661 frames
12-09 08:33:29.522 W/audio_hw_generic( 1309): Not supplying enough data to HAL, expected position 35392988 , only wrote 35392584
12-09 08:33:29.522 W/audio_hw_generic( 1309): Not supplying enough data to HAL, expected position 35392590 , only wrote 35392584
12-09 08:33:29.522 W/audio_hw_generic( 1309): Hardware backing HAL too slow, could only write 0 of 661 frames
12-09 08:33:29.562 W/audio_hw_generic( 1309): Not supplying enough data to HAL, expected position 35394351 , only wrote 35393245
12-09 08:33:29.563 W/audio_hw_generic( 1309): Hardware backing HAL too slow, could only write 0 of 661 frames
12-09 08:33:29.601 W/audio_hw_generic( 1309): Hardware backing HAL too slow, could only write 0 of 661 frames
12-09 08:33:29.646 W/audio_hw_generic( 1309): Hardware backing HAL too slow, could only write 0 of 661 frames
12-09 08:33:29.646 W/audio_hw_generic( 1309): Not supplying enough data to HAL, expected position 35396931 , only wrote 35396550
12-09 08:33:29.646 W/audio_hw_generic( 1309): Not supplying enough data to HAL, expected position 35396556 , only wrote 35396550
12-09 08:33:29.646 W/audio_hw_generic( 1309): Hardware backing HAL too slow, could only write 0 of 661 frames
12-09 08:33:29.662 W/audio_hw_generic( 1309): Not supplying enough data to HAL, expected position 35397253 , only wrote 35397211
12-09 08:33:29.662 W/audio_hw_generic( 1309): Hardware backing HAL too slow, could only write 0 of 661 frames
12-09 08:33:29.662 W/audio_hw_generic( 1309): Hardware backing HAL too slow, could only write 0 of 661 frames
12-09 08:33:29.679 W/audio_hw_generic( 1309): Hardware backing HAL too slow, could only write 0 of 661 frames
12-09 08:33:29.708 W/audio_hw_generic( 1309): Hardware backing HAL too slow, could only write 0 of 661 frames
12-09 08:33:29.717 W/audio_hw_generic( 1309): Hardware backing HAL too slow, could only write 0 of 661 frames
12-09 08:33:29.779 I/System.out(15929): URI: //gesture
12-09 08:33:29.779 I/System.out(15929): params: {json={"query_timeout":5.0,"gestures":[{"query_string":"android.widget.TabWidget descendant TextView index:3","touches":[{"x":50,"y":50,"offset_x":0,"offset_y":0,"wait":0.0,"time":0.2,"release":true,"query_string":null}]}]}
12-09 08:33:29.779 I/System.out(15929): }
12-09 08:33:29.847 W/CursorWrapperInner(15929): Cursor finalized without prior close()
12-09 08:33:29.848 I/art     (15929): Background sticky concurrent mark sweep GC freed 19584(799KB) AllocSpace objects, 2(40KB) LOS objects, 29% free, 2MB/3MB, paused 15.623ms total 52.299ms
12-09 08:33:30.010 W/audio_hw_generic( 1309): Not supplying enough data to HAL, expected position 35412539 , only wrote 35409109
12-09 08:33:30.026 W/audio_hw_generic( 1309): Not supplying enough data to HAL, expected position 35409813 , only wrote 35409770
12-09 08:33:30.058 W/audio_hw_generic( 1309): Not supplying enough data to HAL, expected position 35411197 , only wrote 35411092
12-09 08:33:30.058 W/audio_hw_generic( 1309): Hardware backing HAL too slow, could only write 0 of 661 frames
12-09 08:33:30.073 W/audio_hw_generic( 1309): Hardware backing HAL too slow, could only write 0 of 661 frames
12-09 08:33:30.141 W/audio_hw_generic( 1309): Hardware backing HAL too slow, could only write 0 of 661 frames
12-09 08:33:30.141 W/audio_hw_generic( 1309): Not supplying enough data to HAL, expected position 35414762 , only wrote 35413736
12-09 08:33:30.141 W/audio_hw_generic( 1309): Not supplying enough data to HAL, expected position 35413743 , only wrote 35413736
12-09 08:33:30.160 I/calabash(15929): newActivity1
12-09 08:33:30.161 W/ActivityManager( 1592): Bad activity token: android.os.BinderProxy@1f0f846
12-09 08:33:30.161 W/ActivityManager( 1592): java.lang.ClassCastException: android.os.BinderProxy cannot be cast to com.android.server.am.ActivityRecord$Token
12-09 08:33:30.161 W/ActivityManager( 1592): 	at com.android.server.am.ActivityRecord.forTokenLocked(ActivityRecord.java:424)
12-09 08:33:30.161 W/ActivityManager( 1592): 	at com.android.server.am.ActivityRecord.isInStackLocked(ActivityRecord.java:1121)
12-09 08:33:30.161 W/ActivityManager( 1592): 	at com.android.server.am.ActivityRecord.getStackLocked(ActivityRecord.java:1126)
12-09 08:33:30.161 W/ActivityManager( 1592): 	at com.android.server.am.ActivityManagerService.getActivityDisplayId(ActivityManagerService.java:8889)
12-09 08:33:30.161 W/ActivityManager( 1592): 	at android.app.ActivityManagerNative.onTransact(ActivityManagerNative.java:2338)
12-09 08:33:30.161 W/ActivityManager( 1592): 	at com.android.server.am.ActivityManagerService.onTransact(ActivityManagerService.java:2443)
12-09 08:33:30.161 W/ActivityManager( 1592): 	at android.os.Binder.execTransact(Binder.java:453)
12-09 08:33:30.161 W/ActivityManager( 1592): Bad activity token: android.os.BinderProxy@1f0f846
12-09 08:33:30.161 W/ActivityManager( 1592): java.lang.ClassCastException: android.os.BinderProxy cannot be cast to com.android.server.am.ActivityRecord$Token
12-09 08:33:30.161 W/ActivityManager( 1592): 	at com.android.server.am.ActivityRecord.forTokenLocked(ActivityRecord.java:424)
12-09 08:33:30.161 W/ActivityManager( 1592): 	at com.android.server.am.ActivityRecord.isInStackLocked(ActivityRecord.java:1121)
12-09 08:33:30.161 W/ActivityManager( 1592): 	at com.android.server.am.ActivityManagerService.setTaskDescription(ActivityManagerService.java:8547)
12-09 08:33:30.161 W/ActivityManager( 1592): 	at android.app.ActivityManagerNative.onTransact(ActivityManagerNative.java:2410)
12-09 08:33:30.161 W/ActivityManager( 1592): 	at com.android.server.am.ActivityManagerService.onTransact(ActivityManagerService.java:2443)
12-09 08:33:30.161 W/ActivityManager( 1592): 	at android.os.Binder.execTransact(Binder.java:453)
12-09 08:33:30.277 W/audio_hw_generic( 1309): Not supplying enough data to HAL, expected position 35419704 , only wrote 35419685
12-09 08:33:30.277 W/audio_hw_generic( 1309): Not supplying enough data to HAL, expected position 35419692 , only wrote 35419685
12-09 08:33:30.296 W/audio_hw_generic( 1309): Not supplying enough data to HAL, expected position 35420504 , only wrote 35420346
12-09 08:33:30.296 W/audio_hw_generic( 1309): Hardware backing HAL too slow, could only write 0 of 661 frames
12-09 08:33:30.298 I/art     (15929): Background sticky concurrent mark sweep GC freed 26629(1186KB) AllocSpace objects, 0(0B) LOS objects, 25% free, 2MB/3MB, paused 2.098ms total 142.574ms
12-09 08:33:30.300 D/AudioFlinger( 1309): mixer(0xf4300000) throttle end: throttle time(11)
12-09 08:33:30.314 W/ActivityManager( 1592): Bad activity token: android.os.BinderProxy@1f0f846
12-09 08:33:30.314 W/ActivityManager( 1592): java.lang.ClassCastException: android.os.BinderProxy cannot be cast to com.android.server.am.ActivityRecord$Token
12-09 08:33:30.314 W/ActivityManager( 1592): 	at com.android.server.am.ActivityRecord.forTokenLocked(ActivityRecord.java:424)
12-09 08:33:30.314 W/ActivityManager( 1592): 	at com.android.server.am.ActivityRecord.isInStackLocked(ActivityRecord.java:1121)
12-09 08:33:30.314 W/ActivityManager( 1592): 	at com.android.server.am.ActivityManagerService.getActivityOptions(ActivityManagerService.java:11038)
12-09 08:33:30.314 W/ActivityManager( 1592): 	at android.app.ActivityManagerNative.onTransact(ActivityManagerNative.java:1734)
12-09 08:33:30.314 W/ActivityManager( 1592): 	at com.android.server.am.ActivityManagerService.onTransact(ActivityManagerService.java:2443)
12-09 08:33:30.314 W/ActivityManager( 1592): 	at android.os.Binder.execTransact(Binder.java:453)
12-09 08:33:30.322 W/ActivityManager( 1592): Bad activity token: android.os.BinderProxy@1f0f846
12-09 08:33:30.322 W/ActivityManager( 1592): java.lang.ClassCastException: android.os.BinderProxy cannot be cast to com.android.server.am.ActivityRecord$Token
12-09 08:33:30.322 W/ActivityManager( 1592): 	at com.android.server.am.ActivityRecord.forTokenLocked(ActivityRecord.java:424)
12-09 08:33:30.322 W/ActivityManager( 1592): 	at com.android.server.am.ActivityRecord.isInStackLocked(ActivityRecord.java:1121)
12-09 08:33:30.322 W/ActivityManager( 1592): 	at com.android.server.am.ActivityManagerService.getActivityOptions(ActivityManagerService.java:11038)
12-09 08:33:30.322 W/ActivityManager( 1592): 	at android.app.ActivityManagerNative.onTransact(ActivityManagerNative.java:1734)
12-09 08:33:30.322 W/ActivityManager( 1592): 	at com.android.server.am.ActivityManagerService.onTransact(ActivityManagerService.java:2443)
12-09 08:33:30.322 W/ActivityManager( 1592): 	at android.os.Binder.execTransact(Binder.java:453)
12-09 08:33:30.386 W/audio_hw_generic( 1309): Not supplying enough data to HAL, expected position 35424345 , only wrote 35424312
12-09 08:33:30.930 W/audio_hw_generic( 1309): Not supplying enough data to HAL, expected position 35448279 , only wrote 35445464
12-09 08:33:30.930 E/SurfaceFlinger( 1219): ro.sf.lcd_density must be defined as a build property
12-09 08:33:30.931 D/gralloc_ranchu( 1219): gralloc_alloc: Creating ashmem region of size 3686400
12-09 08:33:30.966 D/        (15962): HostConnection::get() New Host Connection established 0x7fba603d2480, tid 15962
12-09 08:33:30.985 E/EGL_emulation( 1219): tid 1219: eglCreateSyncKHR(1881): error 0x3004 (EGL_BAD_ATTRIBUTE)
12-09 08:33:30.986 W/audio_hw_generic( 1309): Not supplying enough data to HAL, expected position 35447933 , only wrote 35446786
12-09 08:33:31.318 W/audio_hw_generic( 1309): Not supplying enough data to HAL, expected position 35461443 , only wrote 35461328
12-09 08:33:31.349 W/audio_hw_generic( 1309): Not supplying enough data to HAL, expected position 35462705 , only wrote 35462650
12-09 08:33:31.626 W/audio_hw_generic( 1309): Not supplying enough data to HAL, expected position 35474853 , only wrote 35470582
12-09 08:33:31.626 W/audio_hw_generic( 1309): Not supplying enough data to HAL, expected position 35470589 , only wrote 35470582
12-09 08:33:31.656 W/audio_hw_generic( 1309): Not supplying enough data to HAL, expected position 35471891 , only wrote 35471243
12-09 08:33:31.656 W/audio_hw_generic( 1309): Hardware backing HAL too slow, could only write 0 of 661 frames
12-09 08:33:31.682 W/audio_hw_generic( 1309): Hardware backing HAL too slow, could only write 0 of 661 frames
12-09 08:33:31.697 W/audio_hw_generic( 1309): Hardware backing HAL too slow, could only write 0 of 661 frames
12-09 08:33:31.714 W/audio_hw_generic( 1309): Hardware backing HAL too slow, could only write 0 of 661 frames
12-09 08:33:31.802 W/audio_hw_generic( 1309): Not supplying enough data to HAL, expected position 35477670 , only wrote 35476531
12-09 08:33:31.802 W/audio_hw_generic( 1309): Not supplying enough data to HAL, expected position 35476538 , only wrote 35476531
12-09 08:33:31.819 W/audio_hw_generic( 1309): Not supplying enough data to HAL, expected position 35477277 , only wrote 35477192
12-09 08:33:31.853 W/audio_hw_generic( 1309): Not supplying enough data to HAL, expected position 35478690 , only wrote 35478514
12-09 08:33:31.854 I/System.out(15929): URI: //gesture
12-09 08:33:31.854 I/System.out(15929): params: {json={"query_timeout":5.0,"gestures":[{"query_string":"android.widget.TabWidget descendant TextView index:2","touches":[{"x":50,"y":50,"offset_x":0,"offset_y":0,"wait":0.0,"time":0.2,"release":true,"query_string":null}]}]}
12-09 08:33:31.854 I/System.out(15929): }
12-09 08:33:31.970 I/art     (15929): Background sticky concurrent mark sweep GC freed 14700(767KB) AllocSpace objects, 2(40KB) LOS objects, 24% free, 2MB/3MB, paused 7.565ms total 84.061ms
12-09 08:33:32.010 W/audio_hw_generic( 1309): Not supplying enough data to HAL, expected position 35485451 , only wrote 35485124
12-09 08:33:32.276 W/audio_hw_generic( 1309): Not supplying enough data to HAL, expected position 35496835 , only wrote 35494378
12-09 08:33:32.276 W/audio_hw_generic( 1309): Not supplying enough data to HAL, expected position 35494386 , only wrote 35494378
12-09 08:33:32.284 I/calabash(15929): newActivity1
12-09 08:33:32.322 W/audio_hw_generic( 1309): Not supplying enough data to HAL, expected position 35496432 , only wrote 35495039
12-09 08:33:32.337 W/ActivityManager( 1592): Bad activity token: android.os.BinderProxy@b633a07
12-09 08:33:32.337 W/ActivityManager( 1592): java.lang.ClassCastException: android.os.BinderProxy cannot be cast to com.android.server.am.ActivityRecord$Token
12-09 08:33:32.337 W/ActivityManager( 1592): 	at com.android.server.am.ActivityRecord.forTokenLocked(ActivityRecord.java:424)
12-09 08:33:32.337 W/ActivityManager( 1592): 	at com.android.server.am.ActivityRecord.isInStackLocked(ActivityRecord.java:1121)
12-09 08:33:32.337 W/ActivityManager( 1592): 	at com.android.server.am.ActivityRecord.getStackLocked(ActivityRecord.java:1126)
12-09 08:33:32.337 W/ActivityManager( 1592): 	at com.android.server.am.ActivityManagerService.getActivityDisplayId(ActivityManagerService.java:8889)
12-09 08:33:32.337 W/ActivityManager( 1592): 	at android.app.ActivityManagerNative.onTransact(ActivityManagerNative.java:2338)
12-09 08:33:32.337 W/ActivityManager( 1592): 	at com.android.server.am.ActivityManagerService.onTransact(ActivityManagerService.java:2443)
12-09 08:33:32.337 W/ActivityManager( 1592): 	at android.os.Binder.execTransact(Binder.java:453)
12-09 08:33:32.338 W/ActivityManager( 1592): Bad activity token: android.os.BinderProxy@b633a07
12-09 08:33:32.338 W/ActivityManager( 1592): java.lang.ClassCastException: android.os.BinderProxy cannot be cast to com.android.server.am.ActivityRecord$Token
12-09 08:33:32.338 W/ActivityManager( 1592): 	at com.android.server.am.ActivityRecord.forTokenLocked(ActivityRecord.java:424)
12-09 08:33:32.338 W/ActivityManager( 1592): 	at com.android.server.am.ActivityRecord.isInStackLocked(ActivityRecord.java:1121)
12-09 08:33:32.338 W/ActivityManager( 1592): 	at com.android.server.am.ActivityManagerService.setTaskDescription(ActivityManagerService.java:8547)
12-09 08:33:32.338 W/ActivityManager( 1592): 	at android.app.ActivityManagerNative.onTransact(ActivityManagerNative.java:2410)
12-09 08:33:32.338 W/ActivityManager( 1592): 	at com.android.server.am.ActivityManagerService.onTransact(ActivityManagerService.java:2443)
12-09 08:33:32.338 W/ActivityManager( 1592): 	at android.os.Binder.execTransact(Binder.java:453)
12-09 08:33:32.358 W/audio_hw_generic( 1309): Not supplying enough data to HAL, expected position 35496609 , only wrote 35496361
12-09 08:33:32.374 W/audio_hw_generic( 1309): Not supplying enough data to HAL, expected position 35497065 , only wrote 35497022
12-09 08:33:32.392 D/VehicleStatisticsActivity(15929): Checking recalculation ...
12-09 08:33:32.393 D/VehicleStatisticsActivity(15929): Recalculating statistics
12-09 08:33:32.393 D/VehicleStatisticsTask(15929): Calculation starting...
12-09 08:33:32.393 D/VehicleStatisticsActivity(15929): Recalculation started!
12-09 08:33:32.403 D/AudioFlinger( 1309): mixer(0xf4300000) throttle end: throttle time(33)
12-09 08:33:32.412 W/ActivityManager( 1592): Bad activity token: android.os.BinderProxy@b633a07
12-09 08:33:32.412 W/ActivityManager( 1592): java.lang.ClassCastException: android.os.BinderProxy cannot be cast to com.android.server.am.ActivityRecord$Token
12-09 08:33:32.412 W/ActivityManager( 1592): 	at com.android.server.am.ActivityRecord.forTokenLocked(ActivityRecord.java:424)
12-09 08:33:32.412 W/ActivityManager( 1592): 	at com.android.server.am.ActivityRecord.isInStackLocked(ActivityRecord.java:1121)
12-09 08:33:32.412 W/ActivityManager( 1592): 	at com.android.server.am.ActivityManagerService.getActivityOptions(ActivityManagerService.java:11038)
12-09 08:33:32.412 W/ActivityManager( 1592): 	at android.app.ActivityManagerNative.onTransact(ActivityManagerNative.java:1734)
12-09 08:33:32.412 W/ActivityManager( 1592): 	at com.android.server.am.ActivityManagerService.onTransact(ActivityManagerService.java:2443)
12-09 08:33:32.412 W/ActivityManager( 1592): 	at android.os.Binder.execTransact(Binder.java:453)
12-09 08:33:32.413 W/ActivityManager( 1592): Bad activity token: android.os.BinderProxy@b633a07
12-09 08:33:32.413 W/ActivityManager( 1592): java.lang.ClassCastException: android.os.BinderProxy cannot be cast to com.android.server.am.ActivityRecord$Token
12-09 08:33:32.413 W/ActivityManager( 1592): 	at com.android.server.am.ActivityRecord.forTokenLocked(ActivityRecord.java:424)
12-09 08:33:32.413 W/ActivityManager( 1592): 	at com.android.server.am.ActivityRecord.isInStackLocked(ActivityRecord.java:1121)
12-09 08:33:32.413 W/ActivityManager( 1592): 	at com.android.server.am.ActivityManagerService.getActivityOptions(ActivityManagerService.java:11038)
12-09 08:33:32.413 W/ActivityManager( 1592): 	at android.app.ActivityManagerNative.onTransact(ActivityManagerNative.java:1734)
12-09 08:33:32.413 W/ActivityManager( 1592): 	at com.android.server.am.ActivityManagerService.onTransact(ActivityManagerService.java:2443)
12-09 08:33:32.413 W/ActivityManager( 1592): 	at android.os.Binder.execTransact(Binder.java:453)
12-09 08:33:32.492 D/VehicleStatisticsActivity(15929): Checking recalculation ...
12-09 08:33:32.500 D/VehicleStatisticsActivity(15929): Recalculating statistics
12-09 08:33:32.500 D/VehicleStatisticsTask(15929): Calculation starting...
12-09 08:33:32.500 D/VehicleStatisticsActivity(15929): Recalculation started!
12-09 08:33:32.510 W/audio_hw_generic( 1309): Not supplying enough data to HAL, expected position 35503027 , only wrote 35502971
12-09 08:33:32.579 D/VehicleStatisticsTask(15929): Not enough fillups to calculate statistics
12-09 08:33:32.604 I/art     (15929): Background partial concurrent mark sweep GC freed 20754(1282KB) AllocSpace objects, 5(100KB) LOS objects, 40% free, 2MB/4MB, paused 1.221ms total 179.254ms
12-09 08:33:32.622 D/VehicleStatisticsTask(15929): Not enough fillups to calculate statistics
12-09 08:33:32.712 W/audio_hw_generic( 1309): Not supplying enough data to HAL, expected position 35511889 , only wrote 35511564
12-09 08:33:32.713 W/audio_hw_generic( 1309): Not supplying enough data to HAL, expected position 35511571 , only wrote 35511564
12-09 08:33:32.758 W/audio_hw_generic( 1309): Not supplying enough data to HAL, expected position 35513571 , only wrote 35513547
12-09 08:33:32.761 D/VehicleStatisticsTask(15929): Done recalculating!
12-09 08:33:32.761 D/VehicleStatisticsTask(15929): Done recalculating!
12-09 08:33:32.767 D/VehicleStatisticsAdapter(15929): Erasing the cache ...
12-09 08:33:32.769 D/VehicleStatisticsAdapter(15929): Building new values ...
12-09 08:33:32.769 D/VehicleStatisticsAdapter(15929): Writing 29 records to the database ...
12-09 08:33:32.783 D/VehicleStatisticsAdapter(15929): Erasing the cache ...
12-09 08:33:32.829 D/Mileage.ABS(15929): Finished backup
12-09 08:33:32.848 D/Mileage.ABS(15929): Not backing up; 64
12-09 08:33:32.923 D/Mileage.ABS(15929): Not backing up; 139
12-09 08:33:33.036 E/SurfaceFlinger( 1219): ro.sf.lcd_density must be defined as a build property
12-09 08:33:33.080 D/gralloc_ranchu( 1219): gralloc_alloc: Creating ashmem region of size 3686400
12-09 08:33:33.101 W/audio_hw_generic( 1309): Hardware backing HAL too slow, could only write 0 of 661 frames
12-09 08:33:33.108 D/        (15971): HostConnection::get() New Host Connection established 0x7fd68c752480, tid 15971
12-09 08:33:33.153 E/EGL_emulation( 1219): tid 1219: eglCreateSyncKHR(1881): error 0x3004 (EGL_BAD_ATTRIBUTE)
12-09 08:33:33.158 W/audio_hw_generic( 1309): Hardware backing HAL too slow, could only write 0 of 661 frames
12-09 08:33:33.183 D/VehicleStatisticsAdapter(15929): Building new values ...
12-09 08:33:33.183 D/VehicleStatisticsAdapter(15929): Writing 29 records to the database ...
12-09 08:33:33.219 D/Mileage.ABS(15929): Not backing up; 435
12-09 08:33:33.237 D/Mileage.ABS(15929): Not backing up; 453
12-09 08:33:33.253 W/audio_hw_generic( 1309): Hardware backing HAL too slow, could only write 0 of 661 frames
12-09 08:33:33.331 D/Mileage.ABS(15929): Not backing up; 547
12-09 08:33:33.331 D/Mileage.ABS(15929): Not backing up; 547
12-09 08:33:33.381 D/Mileage.ABS(15929): Not backing up; 597
12-09 08:33:33.382 D/Mileage.ABS(15929): Not backing up; 598
12-09 08:33:33.407 D/Mileage.ABS(15929): Not backing up; 623
12-09 08:33:33.462 D/Mileage.ABS(15929): Not backing up; 678
12-09 08:33:33.499 D/Mileage.ABS(15929): Not backing up; 715
12-09 08:33:33.580 W/audio_hw_generic( 1309): Not supplying enough data to HAL, expected position 35549815 , only wrote 35548580
12-09 08:33:33.581 W/audio_hw_generic( 1309): Not supplying enough data to HAL, expected position 35548588 , only wrote 35548580
12-09 08:33:33.587 D/Mileage.ABS(15929): Not backing up; 803
12-09 08:33:33.598 W/audio_hw_generic( 1309): Not supplying enough data to HAL, expected position 35549352 , only wrote 35549241
12-09 08:33:33.674 W/audio_hw_generic( 1309): Not supplying enough data to HAL, expected position 35552586 , only wrote 35552546
12-09 08:33:33.674 W/audio_hw_generic( 1309): Not supplying enough data to HAL, expected position 35552553 , only wrote 35552546
12-09 08:33:33.690 W/audio_hw_generic( 1309): Not supplying enough data to HAL, expected position 35553255 , only wrote 35553207
12-09 08:33:33.695 D/Mileage.ABS(15929): Not backing up; 911
12-09 08:33:33.696 D/Mileage.ABS(15929): Not backing up; 912
12-09 08:33:33.813 I/System.out(15929): URI: //gesture
12-09 08:33:33.813 I/System.out(15929): params: {json={"query_timeout":5.0,"gestures":[{"query_string":"android.widget.TabWidget descendant TextView index:0","touches":[{"x":50,"y":50,"offset_x":0,"offset_y":0,"wait":0.0,"time":0.2,"release":true,"query_string":null}]}]}
12-09 08:33:33.813 I/System.out(15929): }
12-09 08:33:33.909 D/Mileage.ABS(15929): Finished backup
12-09 08:33:33.950 W/audio_hw_generic( 1309): Not supplying enough data to HAL, expected position 35564667 , only wrote 35564444
12-09 08:33:33.950 W/audio_hw_generic( 1309): Not supplying enough data to HAL, expected position 35564451 , only wrote 35564444
12-09 08:33:33.979 W/audio_hw_generic( 1309): Not supplying enough data to HAL, expected position 35565725 , only wrote 35565105
12-09 08:33:34.050 W/audio_hw_generic( 1309): Not supplying enough data to HAL, expected position 35568216 , only wrote 35567749
12-09 08:33:34.058 W/audio_hw_generic( 1309): Not supplying enough data to HAL, expected position 35568106 , only wrote 35567749
12-09 08:33:34.083 D/Mileage.ABS(15929): Not backing up; 194
12-09 08:33:34.083 D/Mileage.ABS(15929): Not backing up; 194
12-09 08:33:34.222 W/audio_hw_generic( 1309): Not supplying enough data to HAL, expected position 35574968 , only wrote 35569732
12-09 08:33:34.288 D/Mileage.ABS(15929): Not backing up; 399
12-09 08:33:34.318 W/audio_hw_generic( 1309): Not supplying enough data to HAL, expected position 35573979 , only wrote 35571054
12-09 08:33:34.445 D/Mileage.ABS(15929): Not backing up; 556
12-09 08:33:34.476 D/Mileage.ABS(15929): Not backing up; 587
12-09 08:33:34.476 D/Mileage.ABS(15929): Not backing up; 587
12-09 08:33:34.477 D/Mileage.ABS(15929): Not backing up; 588
12-09 08:33:34.478 W/audio_hw_generic( 1309): Not supplying enough data to HAL, expected position 35578110 , only wrote 35577664
12-09 08:33:34.511 D/Mileage.ABS(15929): Not backing up; 622
