--------- beginning of main
12-09 07:45:04.438 D/AndroidRuntime( 5957): >>>>>> START com.android.internal.os.RuntimeInit uid 0 <<<<<<
12-09 07:45:04.440 D/AndroidRuntime( 5957): CheckJNI is ON
12-09 07:45:04.462 D/ICU     ( 5957): No timezone override file found: /data/misc/zoneinfo/current/icu/icu_tzdata.dat
12-09 07:45:04.658 E/memtrack( 5957): Couldn't load memtrack module (No such file or directory)
12-09 07:45:04.658 E/android.os.Debug( 5957): failed to load memtrack module: -2
12-09 07:45:04.661 I/Radio-JNI( 5957): register_android_hardware_Radio DONE
12-09 07:45:04.688 D/AndroidRuntime( 5957): Calling main entry com.android.commands.am.Am
--------- beginning of system
12-09 07:45:04.812 I/ActivityManager( 1592): Force stopping com.evancharlton.mileage appid=10119 user=0: start instr
12-09 07:45:04.820 I/ActivityManager( 1592): Killing 5927:com.evancharlton.mileage/u0a119 (adj 0): stop com.evancharlton.mileage
12-09 07:45:04.976 W/ActivityManager( 1592): Crash of app com.evancharlton.mileage running instrumentation ComponentInfo{com.evancharlton.mileage.test/sh.calaba.instrumentationbackend.ClearAppData2}
12-09 07:45:04.976 I/ActivityManager( 1592): Force stopping com.evancharlton.mileage appid=10119 user=0: finished inst
12-09 07:45:05.037 I/ActivityManager( 1592): Start proc 5966:com.evancharlton.mileage/u0a119 for added application com.evancharlton.mileage
12-09 07:45:05.037 D/AndroidRuntime( 5957): Shutting down VM
12-09 07:45:05.043 W/ActivityManager( 1592): Spurious death for ProcessRecord{4ce7c95 0:com.evancharlton.mileage/u0a119}, curProc for 5927: null
12-09 07:45:05.321 W/System  ( 5966): ClassLoader referenced unknown path: /data/app/com.evancharlton.mileage.test-1/lib/x86_64
12-09 07:45:05.321 W/System  ( 5966): ClassLoader referenced unknown path: /data/app/com.evancharlton.mileage-1/lib/x86_64
12-09 07:45:05.397 I/System.out( 5966): Main activity name automatically set to: com.evancharlton.mileage.Mileage
12-09 07:45:05.397 I/System.out( 5966): Calabash did not load Mono. This is only a problem if you are trying to test a Mono application
12-09 07:45:05.397 I/calabash( 5966): Test server port: 7102
12-09 07:45:05.398 I/InstrumentationBackend( 5966): Added:'GetPreferences', with key:'get_preferences'
12-09 07:45:05.445 I/InstrumentationBackend( 5966): Added:'SetPreferences', with key:'set_preferences'
12-09 07:45:05.445 I/InstrumentationBackend( 5966): Added:'ClearPreferences', with key:'clear_preferences'
12-09 07:45:05.445 I/InstrumentationBackend( 5966): Added:'PressElement', with key:'press_l10n_element'
12-09 07:45:05.446 I/InstrumentationBackend( 5966): Added:'WaitForElement', with key:'wait_for_l10n_element'
12-09 07:45:05.446 I/InstrumentationBackend( 5966): Added:'NullAction', with key:'nullAction'
12-09 07:45:05.446 I/InstrumentationBackend( 5966): Added:'PressKey', with key:'press_key'
12-09 07:45:05.446 I/InstrumentationBackend( 5966): Added:'SetActivityOrientation', with key:'set_activity_orientation'
12-09 07:45:05.447 I/InstrumentationBackend( 5966): Added:'GetActivityOrientation', with key:'get_activity_orientation'
12-09 07:45:05.447 I/InstrumentationBackend( 5966): Added:'FakeGPSLocation', with key:'set_gps_coordinates'
12-09 07:45:05.451 I/InstrumentationBackend( 5966): Added:'SetPropertyByCssSelector', with key:'set_property_by_css_selector'
12-09 07:45:05.452 I/InstrumentationBackend( 5966): Added:'GetUrl', with key:'get_url'
12-09 07:45:05.467 I/InstrumentationBackend( 5966): Added:'ScrollTo', with key:'scroll_to'
12-09 07:45:05.468 I/InstrumentationBackend( 5966): Added:'GetLoadProgress', with key:'get_load_progress'
12-09 07:45:05.468 I/InstrumentationBackend( 5966): Added:'DumpHtml', with key:'dump_html'
12-09 07:45:05.468 I/InstrumentationBackend( 5966): Added:'DumpBodyHtml', with key:'dump_body_html'
12-09 07:45:05.468 I/InstrumentationBackend( 5966): Added:'EnterTextByCssSelector', with key:'enter_text_by_selector'
12-09 07:45:05.476 I/InstrumentationBackend( 5966): Added:'AndroidSDKVersion', with key:'android_sdk_version'
12-09 07:45:05.476 I/InstrumentationBackend( 5966): Added:'Version', with key:'version'
12-09 07:45:05.476 I/InstrumentationBackend( 5966): Added:'Drag', with key:'drag'
12-09 07:45:05.476 I/InstrumentationBackend( 5966): Added:'TouchCoordinates', with key:'touch_coordinate'
12-09 07:45:05.476 I/InstrumentationBackend( 5966): Added:'LongPressCoordinate', with key:'long_press_coordinate'
12-09 07:45:05.476 I/InstrumentationBackend( 5966): Added:'DragCoordinates', with key:'drag_coordinates'
12-09 07:45:05.477 I/InstrumentationBackend( 5966): Added:'ResumeApplication', with key:'resume_application'
12-09 07:45:05.477 I/InstrumentationBackend( 5966): Added:'Swipe', with key:'swipe'
12-09 07:45:05.477 I/InstrumentationBackend( 5966): Added:'DoubleTapCoordinate', with key:'double_tap_coordinate'
12-09 07:45:05.477 I/InstrumentationBackend( 5966): Added:'ClickOnScreen', with key:'click_on_screen'
12-09 07:45:05.477 I/InstrumentationBackend( 5966): Added:'GetActivityName', with key:'get_activity_name'
12-09 07:45:05.483 I/InstrumentationBackend( 5966): Added:'ScrollToView', with key:'scroll_to_view'
12-09 07:45:05.484 I/InstrumentationBackend( 5966): Added:'ViewConfiguration', with key:'view_configuration'
12-09 07:45:05.484 I/InstrumentationBackend( 5966): Added:'IsCurrentActivityFocused', with key:'is_current_activity_focused'
12-09 07:45:05.484 I/InstrumentationBackend( 5966): Added:'SendTcp', with key:'send_tcp'
12-09 07:45:05.484 I/InstrumentationBackend( 5966): Added:'DpToDevicePixel', with key:'dp_to_device_pixel'
12-09 07:45:05.504 I/InstrumentationBackend( 5966): Added:'KeyboardEnterText', with key:'keyboard_enter_text'
12-09 07:45:05.504 I/InstrumentationBackend( 5966): Added:'DeleteSurroundingText', with key:'delete_surrounding_text'
12-09 07:45:05.504 I/InstrumentationBackend( 5966): Added:'SetComposingRegion', with key:'set_composing_region'
12-09 07:45:05.504 I/InstrumentationBackend( 5966): Added:'SetSelection', with key:'set_selection'
12-09 07:45:05.504 I/InstrumentationBackend( 5966): Added:'KeyboardKeyEvent', with key:'keyboard_key_event'
12-09 07:45:05.505 I/InstrumentationBackend( 5966): Added:'PressUserActionButton', with key:'press_user_action_button'
12-09 07:45:05.505 I/InstrumentationBackend( 5966): Added:'HideSoftKeyboard', with key:'hide_soft_keyboard'
12-09 07:45:05.505 I/InstrumentationBackend( 5966): Added:'ListActions', with key:'list_actions'
12-09 07:45:05.506 I/calabash( 5966): Instantiating http server at 7102
12-09 07:45:05.506 I/System.out( 5966): HTTP Daemon listening on: 7102
12-09 07:45:05.756 I/System.out( 5966): URI: //ping
12-09 07:45:05.756 I/System.out( 5966): params: {json={}
12-09 07:45:05.756 I/System.out( 5966): }
12-09 07:45:05.919 I/art     ( 5966): Background sticky concurrent mark sweep GC freed 33646(1457KB) AllocSpace objects, 2(40KB) LOS objects, 72% free, 1076KB/3MB, paused 11.388ms total 429.696ms
12-09 07:45:05.930 I/System.out( 5966): URI: //ping
12-09 07:45:05.930 I/System.out( 5966): params: {json={}
12-09 07:45:05.930 I/System.out( 5966): }
12-09 07:45:06.024 I/System.out( 5966): URI: //ready
12-09 07:45:06.024 I/System.out( 5966): params: {json={}
12-09 07:45:06.025 I/System.out( 5966): }
12-09 07:45:06.072 I/System.out( 5966): URI: //
12-09 07:45:06.072 I/System.out( 5966): params: {json={"command":"version","arguments":[]}
12-09 07:45:06.072 I/System.out( 5966): }
12-09 07:45:06.072 I/System.out( 5966): header: {date=Sun, 09 Dec 2018 07:45:06 GMT, accept=*/*, content-length=36, host=127.0.0.1:34777, user-agent=HTTPClient/1.0 (2.8.3, ruby 2.3.1 (2016-04-26)), content-type=application/json;charset=utf-8}
12-09 07:45:06.072 I/System.out( 5966): params: {json={"command":"version","arguments":[]}
12-09 07:45:06.072 I/System.out( 5966): }
12-09 07:45:06.073 I/System.out( 5966): ProP json = {"command":"version","arguments":[]}
12-09 07:45:06.073 I/System.out( 5966): files: {}
12-09 07:45:06.073 I/System.out( 5966): command: {"command":"version","arguments":[]}
12-09 07:45:06.105 I/InstrumentationBackend( 5966): Got command:'Command:'Line:null,version', arguments:'[]'
12-09 07:45:06.117 I/System.out( 5966): result:{"bonusInformation":[],"message":"0.9.8","success":true}
12-09 07:45:06.152 I/System.out( 5966): URI: //start-application
12-09 07:45:06.152 I/System.out( 5966): params: {json={"intent":null}
12-09 07:45:06.152 I/System.out( 5966): }
12-09 07:45:06.185 I/ActivityManager( 1592): START u0 {act=android.intent.action.MAIN cat=[android.intent.category.LAUNCHER] flg=0x10200000 cmp=com.evancharlton.mileage/.Mileage} from uid 10119 on display 0
12-09 07:45:06.282 I/calabash( 5966): newActivity1
12-09 07:45:06.345 I/calabash( 5966): newActivity1
12-09 07:45:06.352 W/ActivityManager( 1592): Bad activity token: android.os.BinderProxy@65d913
12-09 07:45:06.352 W/ActivityManager( 1592): java.lang.ClassCastException: android.os.BinderProxy cannot be cast to com.android.server.am.ActivityRecord$Token
12-09 07:45:06.352 W/ActivityManager( 1592): 	at com.android.server.am.ActivityRecord.forTokenLocked(ActivityRecord.java:424)
12-09 07:45:06.352 W/ActivityManager( 1592): 	at com.android.server.am.ActivityRecord.isInStackLocked(ActivityRecord.java:1121)
12-09 07:45:06.352 W/ActivityManager( 1592): 	at com.android.server.am.ActivityRecord.getStackLocked(ActivityRecord.java:1126)
12-09 07:45:06.352 W/ActivityManager( 1592): 	at com.android.server.am.ActivityManagerService.getActivityDisplayId(ActivityManagerService.java:8889)
12-09 07:45:06.352 W/ActivityManager( 1592): 	at android.app.ActivityManagerNative.onTransact(ActivityManagerNative.java:2338)
12-09 07:45:06.352 W/ActivityManager( 1592): 	at com.android.server.am.ActivityManagerService.onTransact(ActivityManagerService.java:2443)
12-09 07:45:06.352 W/ActivityManager( 1592): 	at android.os.Binder.execTransact(Binder.java:453)
12-09 07:45:06.353 W/ActivityManager( 1592): Bad activity token: android.os.BinderProxy@65d913
12-09 07:45:06.353 W/ActivityManager( 1592): java.lang.ClassCastException: android.os.BinderProxy cannot be cast to com.android.server.am.ActivityRecord$Token
12-09 07:45:06.353 W/ActivityManager( 1592): 	at com.android.server.am.ActivityRecord.forTokenLocked(ActivityRecord.java:424)
12-09 07:45:06.353 W/ActivityManager( 1592): 	at com.android.server.am.ActivityRecord.isInStackLocked(ActivityRecord.java:1121)
12-09 07:45:06.353 W/ActivityManager( 1592): 	at com.android.server.am.ActivityManagerService.setTaskDescription(ActivityManagerService.java:8547)
12-09 07:45:06.353 W/ActivityManager( 1592): 	at android.app.ActivityManagerNative.onTransact(ActivityManagerNative.java:2410)
12-09 07:45:06.353 W/ActivityManager( 1592): 	at com.android.server.am.ActivityManagerService.onTransact(ActivityManagerService.java:2443)
12-09 07:45:06.353 W/ActivityManager( 1592): 	at android.os.Binder.execTransact(Binder.java:453)
12-09 07:45:06.536 D/gralloc_ranchu( 1219): gralloc_alloc: Creating ashmem region of size 3686400
12-09 07:45:06.596 I/art     ( 5966): Background partial concurrent mark sweep GC freed 34561(1940KB) AllocSpace objects, 13(260KB) LOS objects, 39% free, 1549KB/2MB, paused 5.162ms total 234.351ms
12-09 07:45:06.664 D/FillupsProvider( 5966): Creating database
12-09 07:45:06.688 V/PhoneStatusBar( 1693): setLightsOn(true)
12-09 07:45:06.811 D/EGL_emulation( 1950): eglMakeCurrent: 0x7f1dd13b4dc0: ver 2 0 (tinfo 0x7f1dd1382d60)
12-09 07:45:06.824 E/Surface ( 1950): getSlotFromBufferLocked: unknown buffer: 0x7f1dcd956560
12-09 07:45:06.841 W/ActivityManager( 1592): Bad activity token: android.os.BinderProxy@65d913
12-09 07:45:06.841 W/ActivityManager( 1592): java.lang.ClassCastException: android.os.BinderProxy cannot be cast to com.android.server.am.ActivityRecord$Token
12-09 07:45:06.841 W/ActivityManager( 1592): 	at com.android.server.am.ActivityRecord.forTokenLocked(ActivityRecord.java:424)
12-09 07:45:06.841 W/ActivityManager( 1592): 	at com.android.server.am.ActivityRecord.isInStackLocked(ActivityRecord.java:1121)
12-09 07:45:06.841 W/ActivityManager( 1592): 	at com.android.server.am.ActivityManagerService.getActivityOptions(ActivityManagerService.java:11038)
12-09 07:45:06.841 W/ActivityManager( 1592): 	at android.app.ActivityManagerNative.onTransact(ActivityManagerNative.java:1734)
12-09 07:45:06.841 W/ActivityManager( 1592): 	at com.android.server.am.ActivityManagerService.onTransact(ActivityManagerService.java:2443)
12-09 07:45:06.841 W/ActivityManager( 1592): 	at android.os.Binder.execTransact(Binder.java:453)
12-09 07:45:06.841 W/ActivityManager( 1592): Bad activity token: android.os.BinderProxy@65d913
12-09 07:45:06.841 W/ActivityManager( 1592): java.lang.ClassCastException: android.os.BinderProxy cannot be cast to com.android.server.am.ActivityRecord$Token
12-09 07:45:06.841 W/ActivityManager( 1592): 	at com.android.server.am.ActivityRecord.forTokenLocked(ActivityRecord.java:424)
12-09 07:45:06.841 W/ActivityManager( 1592): 	at com.android.server.am.ActivityRecord.isInStackLocked(ActivityRecord.java:1121)
12-09 07:45:06.841 W/ActivityManager( 1592): 	at com.android.server.am.ActivityManagerService.getActivityOptions(ActivityManagerService.java:11038)
12-09 07:45:06.841 W/ActivityManager( 1592): 	at android.app.ActivityManagerNative.onTransact(ActivityManagerNative.java:1734)
12-09 07:45:06.841 W/ActivityManager( 1592): 	at com.android.server.am.ActivityManagerService.onTransact(ActivityManagerService.java:2443)
12-09 07:45:06.841 W/ActivityManager( 1592): 	at android.os.Binder.execTransact(Binder.java:453)
12-09 07:45:07.243 D/gralloc_ranchu( 1219): gralloc_alloc: Creating ashmem region of size 3686400
12-09 07:45:07.428 D/        ( 5966): HostConnection::get() New Host Connection established 0x7f1dcd9bd400, tid 5966
12-09 07:45:07.673 W/art     ( 1592): Long monitor contention event with owner method=java.util.List com.android.server.am.ActivityManagerService.getAllStackInfos() from ActivityManagerService.java:8937 waiters=0 for 388ms
12-09 07:45:07.771 D/gralloc_ranchu( 1219): gralloc_alloc: Creating ashmem region of size 3686400
12-09 07:45:07.777 I/ActivityManager( 1592): Displayed com.evancharlton.mileage/.Mileage: +1s503ms
12-09 07:45:08.213 I/ContentMaintenance( 2385): Internal cache bytes used: 0; limit: 40626585; download size: 0
12-09 07:45:08.225 I/RealtimeCacheCleanup( 2385): Beginning Realtime garbage collection.
12-09 07:45:08.226 I/RealtimeCacheCleanup( 2385): Finished Realtime garbage collection.
12-09 07:45:08.464 D/gralloc_ranchu( 1219): gralloc_alloc: Creating ashmem region of size 3686400
12-09 07:45:08.996 I/art     ( 5966): Background sticky concurrent mark sweep GC freed 14923(776KB) AllocSpace objects, 0(0B) LOS objects, 12% free, 2MB/2MB, paused 5.704ms total 120.650ms
12-09 07:45:09.036 I/System.out( 5966): URI: //map
12-09 07:45:09.036 I/System.out( 5966): params: {json={"query":"android.widget.Button index:2","operation":{"method_name":"query","arguments":[]}}
12-09 07:45:09.036 I/System.out( 5966): }
12-09 07:45:09.194 I/art     ( 5966): Background partial concurrent mark sweep GC freed 15578(748KB) AllocSpace objects, 3(60KB) LOS objects, 39% free, 2MB/3MB, paused 3.867ms total 156.448ms
12-09 07:45:09.279 I/System.out( 5966): URI: //gesture
12-09 07:45:09.279 I/System.out( 5966): params: {json={"query_timeout":5.0,"gestures":[{"query_string":"android.widget.Button index:2","touches":[{"x":50,"y":50,"offset_x":0,"offset_y":0,"wait":0.0,"time":0.2,"release":true,"query_string":null}]}]}
12-09 07:45:09.279 I/System.out( 5966): }
12-09 07:45:09.814 W/AudioTrack( 1592): AUDIO_OUTPUT_FLAG_FAST denied by client; transfer 4, track 48000 Hz, output 44100 Hz
12-09 07:45:09.817 I/art     ( 5966): Background sticky concurrent mark sweep GC freed 46812(2MB) AllocSpace objects, 2(40KB) LOS objects, 34% free, 2MB/3MB, paused 8.165ms total 126.865ms
12-09 07:45:09.879 W/audio_hw_generic( 1308): Hardware backing HAL too slow, could only write 0 of 661 frames
12-09 07:45:09.896 W/audio_hw_generic( 1308): Hardware backing HAL too slow, could only write 0 of 661 frames
12-09 07:45:09.927 W/audio_hw_generic( 1308): Hardware backing HAL too slow, could only write 0 of 661 frames
12-09 07:45:09.944 W/audio_hw_generic( 1308): Hardware backing HAL too slow, could only write 0 of 661 frames
12-09 07:45:09.951 W/audio_hw_generic( 1308): Hardware backing HAL too slow, could only write 0 of 661 frames
12-09 07:45:09.966 W/audio_hw_generic( 1308): Hardware backing HAL too slow, could only write 0 of 661 frames
12-09 07:45:09.981 W/audio_hw_generic( 1308): Hardware backing HAL too slow, could only write 0 of 661 frames
12-09 07:45:10.018 D/gralloc_ranchu( 1219): gralloc_alloc: Creating ashmem region of size 45056
12-09 07:45:10.088 W/audio_hw_generic( 1308): Hardware backing HAL too slow, could only write 0 of 661 frames
12-09 07:45:10.133 W/audio_hw_generic( 1308): Not supplying enough data to HAL, expected position 7437434 , only wrote 7436911
12-09 07:45:10.133 W/audio_hw_generic( 1308): Hardware backing HAL too slow, could only write 0 of 661 frames
12-09 07:45:10.133 W/audio_hw_generic( 1308): Hardware backing HAL too slow, could only write 0 of 661 frames
12-09 07:45:10.208 W/audio_hw_generic( 1308): Not supplying enough data to HAL, expected position 7440199 , only wrote 7438233
12-09 07:45:10.208 W/audio_hw_generic( 1308): Hardware backing HAL too slow, could only write 0 of 661 frames
12-09 07:45:10.208 W/audio_hw_generic( 1308): Hardware backing HAL too slow, could only write 0 of 661 frames
12-09 07:45:10.238 W/audio_hw_generic( 1308): Hardware backing HAL too slow, could only write 0 of 661 frames
12-09 07:45:10.253 W/audio_hw_generic( 1308): Hardware backing HAL too slow, could only write 0 of 661 frames
12-09 07:45:10.268 W/audio_hw_generic( 1308): Hardware backing HAL too slow, could only write 0 of 661 frames
12-09 07:45:10.287 W/audio_hw_generic( 1308): Hardware backing HAL too slow, could only write 0 of 661 frames
12-09 07:45:10.346 E/SurfaceFlinger( 1219): ro.sf.lcd_density must be defined as a build property
12-09 07:45:10.417 D/gralloc_ranchu( 1219): gralloc_alloc: Creating ashmem region of size 3686400
12-09 07:45:10.464 W/audio_hw_generic( 1308): Not supplying enough data to HAL, expected position 7449549 , only wrote 7448809
12-09 07:45:10.508 D/        ( 5996): HostConnection::get() New Host Connection established 0x7f3a59512480, tid 5996
12-09 07:45:10.529 E/EGL_emulation( 1219): tid 1219: eglCreateSyncKHR(1881): error 0x3004 (EGL_BAD_ATTRIBUTE)
12-09 07:45:10.606 W/audio_hw_generic( 1308): Not supplying enough data to HAL, expected position 7455052 , only wrote 7452775
12-09 07:45:10.606 W/audio_hw_generic( 1308): Not supplying enough data to HAL, expected position 7452782 , only wrote 7452775
12-09 07:45:10.656 W/audio_hw_generic( 1308): Not supplying enough data to HAL, expected position 7454973 , only wrote 7454758
12-09 07:45:10.676 W/audio_hw_generic( 1308): Hardware backing HAL too slow, could only write 0 of 661 frames
12-09 07:45:10.695 W/audio_hw_generic( 1308): Hardware backing HAL too slow, could only write 0 of 661 frames
12-09 07:45:10.951 W/audio_hw_generic( 1308): Not supplying enough data to HAL, expected position 7467772 , only wrote 7466656
12-09 07:45:10.951 W/audio_hw_generic( 1308): Not supplying enough data to HAL, expected position 7466663 , only wrote 7466656
12-09 07:45:10.987 W/audio_hw_generic( 1308): Hardware backing HAL too slow, could only write 0 of 661 frames
12-09 07:45:11.004 W/audio_hw_generic( 1308): Hardware backing HAL too slow, could only write 0 of 661 frames
12-09 07:45:11.024 W/audio_hw_generic( 1308): Hardware backing HAL too slow, could only write 0 of 661 frames
12-09 07:45:11.110 W/audio_hw_generic( 1308): Not supplying enough data to HAL, expected position 7473671 , only wrote 7473266
12-09 07:45:11.110 W/audio_hw_generic( 1308): Not supplying enough data to HAL, expected position 7473273 , only wrote 7473266
12-09 07:45:11.307 W/audio_hw_generic( 1308): Not supplying enough data to HAL, expected position 7481941 , only wrote 7477232
12-09 07:45:11.376 W/audio_hw_generic( 1308): Not supplying enough data to HAL, expected position 7480270 , only wrote 7477232
12-09 07:45:11.404 W/audio_hw_generic( 1308): Not supplying enough data to HAL, expected position 7478445 , only wrote 7477893
12-09 07:45:11.447 W/audio_hw_generic( 1308): Hardware backing HAL too slow, could only write 0 of 661 frames
12-09 07:45:11.449 W/audio_hw_generic( 1308): Hardware backing HAL too slow, could only write 0 of 661 frames
12-09 07:45:11.481 W/audio_hw_generic( 1308): Hardware backing HAL too slow, could only write 0 of 661 frames
12-09 07:45:11.557 W/audio_hw_generic( 1308): Not supplying enough data to HAL, expected position 7484636 , only wrote 7484503
12-09 07:45:11.557 W/audio_hw_generic( 1308): Not supplying enough data to HAL, expected position 7484510 , only wrote 7484503
12-09 07:45:11.574 W/audio_hw_generic( 1308): Not supplying enough data to HAL, expected position 7485259 , only wrote 7485164
12-09 07:45:11.673 W/audio_hw_generic( 1308): Not supplying enough data to HAL, expected position 7489526 , only wrote 7486486
