12-09 08:14:29.874 D/gralloc_ranchu( 1218): gralloc_alloc: Creating ashmem region of size 3686400
12-09 08:14:29.879 W/audio_hw_generic( 1307): Not supplying enough data to HAL, expected position 28951861 , only wrote 28951800
12-09 08:14:29.879 W/audio_hw_generic( 1307): Hardware backing HAL too slow, could only write 0 of 661 frames
12-09 08:14:29.894 W/audio_hw_generic( 1307): Hardware backing HAL too slow, could only write 0 of 661 frames
12-09 08:14:29.910 W/audio_hw_generic( 1307): Hardware backing HAL too slow, could only write 0 of 661 frames
12-09 08:14:29.997 W/audio_hw_generic( 1307): Hardware backing HAL too slow, could only write 0 of 661 frames
12-09 08:14:30.079 W/audio_hw_generic( 1307): Hardware backing HAL too slow, could only write 0 of 661 frames
12-09 08:14:30.079 W/audio_hw_generic( 1307): Not supplying enough data to HAL, expected position 28960634 , only wrote 28958410
12-09 08:14:30.080 W/audio_hw_generic( 1307): Not supplying enough data to HAL, expected position 28958420 , only wrote 28958410
12-09 08:14:30.080 W/audio_hw_generic( 1307): Hardware backing HAL too slow, could only write 0 of 661 frames
12-09 08:14:30.096 W/audio_hw_generic( 1307): Not supplying enough data to HAL, expected position 28959136 , only wrote 28959071
12-09 08:14:30.096 W/audio_hw_generic( 1307): Hardware backing HAL too slow, could only write 0 of 661 frames
12-09 08:14:30.096 W/audio_hw_generic( 1307): Hardware backing HAL too slow, could only write 0 of 661 frames
12-09 08:14:30.111 W/audio_hw_generic( 1307): Hardware backing HAL too slow, could only write 0 of 661 frames
12-09 08:14:30.135 W/audio_hw_generic( 1307): Hardware backing HAL too slow, could only write 0 of 661 frames
12-09 08:14:30.151 W/audio_hw_generic( 1307): Hardware backing HAL too slow, could only write 0 of 661 frames
12-09 08:14:30.156 W/audio_hw_generic( 1307): Hardware backing HAL too slow, could only write 0 of 661 frames
12-09 08:14:30.194 E/SurfaceFlinger( 1218): ro.sf.lcd_density must be defined as a build property
12-09 08:14:30.257 D/gralloc_ranchu( 1218): gralloc_alloc: Creating ashmem region of size 3686400
12-09 08:14:30.307 W/audio_hw_generic( 1307): Hardware backing HAL too slow, could only write 0 of 661 frames
12-09 08:14:30.321 D/        (13765): HostConnection::get() New Host Connection established 0x7faa25d92480, tid 13765
12-09 08:14:30.321 W/audio_hw_generic( 1307): Hardware backing HAL too slow, could only write 0 of 661 frames
12-09 08:14:30.347 E/EGL_emulation( 1218): tid 1218: eglCreateSyncKHR(1881): error 0x3004 (EGL_BAD_ATTRIBUTE)
12-09 08:14:30.442 D/gralloc_ranchu( 1218): gralloc_alloc: Creating ashmem region of size 3686400
12-09 08:14:30.523 W/audio_hw_generic( 1307): Not supplying enough data to HAL, expected position 28977878 , only wrote 28977579
12-09 08:14:30.559 I/ActivityManager( 1591): Displayed com.evancharlton.mileage/.FillupInfoActivity: +1s59ms
12-09 08:14:30.675 W/audio_hw_generic( 1307): Not supplying enough data to HAL, expected position 28984290 , only wrote 28984189
12-09 08:14:30.675 W/audio_hw_generic( 1307): Not supplying enough data to HAL, expected position 28984196 , only wrote 28984189
12-09 08:14:30.695 W/audio_hw_generic( 1307): Not supplying enough data to HAL, expected position 28985068 , only wrote 28984850
12-09 08:14:30.755 W/audio_hw_generic( 1307): Not supplying enough data to HAL, expected position 28987517 , only wrote 28985511
12-09 08:14:30.756 W/audio_hw_generic( 1307): Not supplying enough data to HAL, expected position 28985517 , only wrote 28985511
12-09 08:14:30.803 W/audio_hw_generic( 1307): Hardware backing HAL too slow, could only write 0 of 661 frames
12-09 08:14:30.816 W/audio_hw_generic( 1307): Hardware backing HAL too slow, could only write 0 of 661 frames
12-09 08:14:30.832 W/audio_hw_generic( 1307): Hardware backing HAL too slow, could only write 0 of 661 frames
12-09 08:14:30.846 W/audio_hw_generic( 1307): Hardware backing HAL too slow, could only write 0 of 661 frames
12-09 08:14:31.133 D/gralloc_ranchu( 1218): gralloc_alloc: Creating ashmem region of size 3686400
12-09 08:14:31.250 W/audio_hw_generic( 1307): Not supplying enough data to HAL, expected position 29007327 , only wrote 29007324
12-09 08:14:31.267 W/audio_hw_generic( 1307): Not supplying enough data to HAL, expected position 29008059 , only wrote 29007985
12-09 08:14:31.267 W/audio_hw_generic( 1307): Not supplying enough data to HAL, expected position 29007991 , only wrote 29007985
12-09 08:14:31.807 D/AndroidRuntime(13768): >>>>>> START com.android.internal.os.RuntimeInit uid 0 <<<<<<
12-09 08:14:31.824 D/AndroidRuntime(13768): CheckJNI is ON
12-09 08:14:31.840 D/ICU     (13768): No timezone override file found: /data/misc/zoneinfo/current/icu/icu_tzdata.dat
12-09 08:14:31.935 W/audio_hw_generic( 1307): Not supplying enough data to HAL, expected position 29037437 , only wrote 29035747
12-09 08:14:31.935 W/audio_hw_generic( 1307): Not supplying enough data to HAL, expected position 29035753 , only wrote 29035747
12-09 08:14:31.961 W/audio_hw_generic( 1307): Not supplying enough data to HAL, expected position 29036873 , only wrote 29036408
12-09 08:14:32.034 E/memtrack(13768): Couldn't load memtrack module (No such file or directory)
12-09 08:14:32.034 E/android.os.Debug(13768): failed to load memtrack module: -2
12-09 08:14:32.036 I/Radio-JNI(13768): register_android_hardware_Radio DONE
12-09 08:14:32.093 W/audio_hw_generic( 1307): Not supplying enough data to HAL, expected position 29042259 , only wrote 29041696
12-09 08:14:32.094 D/AndroidRuntime(13768): Calling main entry com.android.commands.input.Input
12-09 08:14:32.151 I/Input   (13768): injectKeyEvent: KeyEvent { action=ACTION_DOWN, keyCode=KEYCODE_BACK, scanCode=0, metaState=0, flags=0x0, repeatCount=0, eventTime=4686258, downTime=4686258, deviceId=-1, source=0x101 }
12-09 08:14:32.167 W/audio_hw_generic( 1307): Not supplying enough data to HAL, expected position 29044941 , only wrote 29044340
12-09 08:14:32.167 W/audio_hw_generic( 1307): Not supplying enough data to HAL, expected position 29044346 , only wrote 29044340
12-09 08:14:32.179 I/Input   (13768): injectKeyEvent: KeyEvent { action=ACTION_UP, keyCode=KEYCODE_BACK, scanCode=0, metaState=0, flags=0x0, repeatCount=0, eventTime=4686258, downTime=4686258, deviceId=-1, source=0x101 }
12-09 08:14:32.183 W/audio_hw_generic( 1307): Not supplying enough data to HAL, expected position 29045024 , only wrote 29045001
12-09 08:14:32.188 D/AndroidRuntime(13768): Shutting down VM
12-09 08:14:32.222 W/ActivityManager( 1591): Bad activity token: android.os.BinderProxy@445d150
12-09 08:14:32.222 W/ActivityManager( 1591): java.lang.ClassCastException: android.os.BinderProxy cannot be cast to com.android.server.am.ActivityRecord$Token
12-09 08:14:32.222 W/ActivityManager( 1591): 	at com.android.server.am.ActivityRecord.forTokenLocked(ActivityRecord.java:424)
12-09 08:14:32.222 W/ActivityManager( 1591): 	at com.android.server.am.ActivityRecord.isInStackLocked(ActivityRecord.java:1121)
12-09 08:14:32.222 W/ActivityManager( 1591): 	at com.android.server.am.ActivityManagerService.getActivityOptions(ActivityManagerService.java:11038)
12-09 08:14:32.222 W/ActivityManager( 1591): 	at android.app.ActivityManagerNative.onTransact(ActivityManagerNative.java:1734)
12-09 08:14:32.222 W/ActivityManager( 1591): 	at com.android.server.am.ActivityManagerService.onTransact(ActivityManagerService.java:2443)
12-09 08:14:32.222 W/ActivityManager( 1591): 	at android.os.Binder.execTransact(Binder.java:453)
12-09 08:14:32.366 W/audio_hw_generic( 1307): Not supplying enough data to HAL, expected position 29053073 , only wrote 29052272
12-09 08:14:32.366 W/audio_hw_generic( 1307): Not supplying enough data to HAL, expected position 29052278 , only wrote 29052272
12-09 08:14:32.368 V/PhoneStatusBar( 1689): setLightsOn(true)
12-09 08:14:32.382 D/gralloc_ranchu( 1218): gralloc_alloc: Creating ashmem region of size 3686400
12-09 08:14:32.383 W/audio_hw_generic( 1307): Not supplying enough data to HAL, expected position 29053012 , only wrote 29052933
12-09 08:14:32.451 W/audio_hw_generic( 1307): Not supplying enough data to HAL, expected position 29055953 , only wrote 29054255
12-09 08:14:32.470 I/System.out(13655): URI: //gesture
12-09 08:14:32.470 I/System.out(13655): params: {json={"query_timeout":5.0,"gestures":[{"query_string":"android.widget.TabWidget descendant TextView index:2","touches":[{"x":50,"y":50,"offset_x":0,"offset_y":0,"wait":0.0,"time":0.2,"release":true,"query_string":null}]}]}
12-09 08:14:32.470 I/System.out(13655): }
12-09 08:14:32.515 W/audio_hw_generic( 1307): Not supplying enough data to HAL, expected position 29057058 , only wrote 29056899
12-09 08:14:32.693 D/gralloc_ranchu( 1218): gralloc_alloc: Creating ashmem region of size 3686400
12-09 08:14:33.323 W/art     ( 1591): Long monitor contention event with owner method=void com.android.server.wm.WindowAnimator$1.doFrame(long) from WindowAnimator.java:121 waiters=0 for 101ms
12-09 08:14:33.799 D/gralloc_ranchu( 1218): gralloc_alloc: Creating ashmem region of size 3686400
12-09 08:14:34.069 I/calabash(13655): newActivity1
12-09 08:14:34.070 W/ActivityManager( 1591): Bad activity token: android.os.BinderProxy@513d4d1
12-09 08:14:34.070 W/ActivityManager( 1591): java.lang.ClassCastException: android.os.BinderProxy cannot be cast to com.android.server.am.ActivityRecord$Token
12-09 08:14:34.070 W/ActivityManager( 1591): 	at com.android.server.am.ActivityRecord.forTokenLocked(ActivityRecord.java:424)
12-09 08:14:34.070 W/ActivityManager( 1591): 	at com.android.server.am.ActivityRecord.isInStackLocked(ActivityRecord.java:1121)
12-09 08:14:34.070 W/ActivityManager( 1591): 	at com.android.server.am.ActivityRecord.getStackLocked(ActivityRecord.java:1126)
12-09 08:14:34.070 W/ActivityManager( 1591): 	at com.android.server.am.ActivityManagerService.getActivityDisplayId(ActivityManagerService.java:8889)
12-09 08:14:34.070 W/ActivityManager( 1591): 	at android.app.ActivityManagerNative.onTransact(ActivityManagerNative.java:2338)
12-09 08:14:34.070 W/ActivityManager( 1591): 	at com.android.server.am.ActivityManagerService.onTransact(ActivityManagerService.java:2443)
12-09 08:14:34.070 W/ActivityManager( 1591): 	at android.os.Binder.execTransact(Binder.java:453)
12-09 08:14:34.071 W/ActivityManager( 1591): Bad activity token: android.os.BinderProxy@513d4d1
12-09 08:14:34.071 W/ActivityManager( 1591): java.lang.ClassCastException: android.os.BinderProxy cannot be cast to com.android.server.am.ActivityRecord$Token
12-09 08:14:34.071 W/ActivityManager( 1591): 	at com.android.server.am.ActivityRecord.forTokenLocked(ActivityRecord.java:424)
12-09 08:14:34.071 W/ActivityManager( 1591): 	at com.android.server.am.ActivityRecord.isInStackLocked(ActivityRecord.java:1121)
12-09 08:14:34.071 W/ActivityManager( 1591): 	at com.android.server.am.ActivityManagerService.setTaskDescription(ActivityManagerService.java:8547)
12-09 08:14:34.071 W/ActivityManager( 1591): 	at android.app.ActivityManagerNative.onTransact(ActivityManagerNative.java:2410)
12-09 08:14:34.071 W/ActivityManager( 1591): 	at com.android.server.am.ActivityManagerService.onTransact(ActivityManagerService.java:2443)
12-09 08:14:34.071 W/ActivityManager( 1591): 	at android.os.Binder.execTransact(Binder.java:453)
12-09 08:14:34.091 D/VehicleStatisticsActivity(13655): Checking recalculation ...
12-09 08:14:34.093 D/VehicleStatisticsActivity(13655): Recalculating statistics
12-09 08:14:34.093 D/VehicleStatisticsTask(13655): Calculation starting...
12-09 08:14:34.093 D/VehicleStatisticsActivity(13655): Recalculation started!
12-09 08:14:34.104 D/CalculateTask(13655): Recalculating...
12-09 08:14:34.130 W/ActivityManager( 1591): Bad activity token: android.os.BinderProxy@513d4d1
12-09 08:14:34.130 W/ActivityManager( 1591): java.lang.ClassCastException: android.os.BinderProxy cannot be cast to com.android.server.am.ActivityRecord$Token
12-09 08:14:34.130 W/ActivityManager( 1591): 	at com.android.server.am.ActivityRecord.forTokenLocked(ActivityRecord.java:424)
12-09 08:14:34.130 W/ActivityManager( 1591): 	at com.android.server.am.ActivityRecord.isInStackLocked(ActivityRecord.java:1121)
12-09 08:14:34.130 W/ActivityManager( 1591): 	at com.android.server.am.ActivityManagerService.getActivityOptions(ActivityManagerService.java:11038)
12-09 08:14:34.130 W/ActivityManager( 1591): 	at android.app.ActivityManagerNative.onTransact(ActivityManagerNative.java:1734)
12-09 08:14:34.130 W/ActivityManager( 1591): 	at com.android.server.am.ActivityManagerService.onTransact(ActivityManagerService.java:2443)
12-09 08:14:34.130 W/ActivityManager( 1591): 	at android.os.Binder.execTransact(Binder.java:453)
12-09 08:14:34.143 W/ActivityManager( 1591): Bad activity token: android.os.BinderProxy@513d4d1
12-09 08:14:34.143 W/ActivityManager( 1591): java.lang.ClassCastException: android.os.BinderProxy cannot be cast to com.android.server.am.ActivityRecord$Token
12-09 08:14:34.143 W/ActivityManager( 1591): 	at com.android.server.am.ActivityRecord.forTokenLocked(ActivityRecord.java:424)
12-09 08:14:34.143 W/ActivityManager( 1591): 	at com.android.server.am.ActivityRecord.isInStackLocked(ActivityRecord.java:1121)
12-09 08:14:34.143 W/ActivityManager( 1591): 	at com.android.server.am.ActivityManagerService.getActivityOptions(ActivityManagerService.java:11038)
12-09 08:14:34.143 W/ActivityManager( 1591): 	at android.app.ActivityManagerNative.onTransact(ActivityManagerNative.java:1734)
12-09 08:14:34.143 W/ActivityManager( 1591): 	at com.android.server.am.ActivityManagerService.onTransact(ActivityManagerService.java:2443)
12-09 08:14:34.143 W/ActivityManager( 1591): 	at android.os.Binder.execTransact(Binder.java:453)
12-09 08:14:34.144 D/VehicleStatisticsActivity(13655): Checking recalculation ...
12-09 08:14:34.145 D/VehicleStatisticsActivity(13655): Recalculating statistics
12-09 08:14:34.145 D/VehicleStatisticsTask(13655): Calculation starting...
12-09 08:14:34.145 D/VehicleStatisticsActivity(13655): Recalculation started!
12-09 08:14:34.147 W/audio_hw_generic( 1307): Hardware backing HAL too slow, could only write 0 of 661 frames
12-09 08:14:34.148 D/CalculateTask(13655): Recalculating...
12-09 08:14:34.166 W/audio_hw_generic( 1307): Hardware backing HAL too slow, could only write 0 of 661 frames
12-09 08:14:34.183 W/audio_hw_generic( 1307): Hardware backing HAL too slow, could only write 0 of 661 frames
12-09 08:14:34.199 W/audio_hw_generic( 1307): Hardware backing HAL too slow, could only write 0 of 661 frames
12-09 08:14:34.215 W/audio_hw_generic( 1307): Hardware backing HAL too slow, could only write 0 of 661 frames
12-09 08:14:34.327 D/VehicleStatisticsTask(13655): Done recalculating!
12-09 08:14:34.345 D/VehicleStatisticsTask(13655): Done recalculating!
12-09 08:14:34.427 W/audio_hw_generic( 1307): Not supplying enough data to HAL, expected position 29071416 , only wrote 29070780
12-09 08:14:34.456 D/VehicleStatisticsAdapter(13655): Erasing the cache ...
12-09 08:14:34.457 D/VehicleStatisticsAdapter(13655): Erasing the cache ...
12-09 08:14:34.512 D/VehicleStatisticsAdapter(13655): Building new values ...
12-09 08:14:34.513 D/VehicleStatisticsAdapter(13655): Writing 29 records to the database ...
12-09 08:14:34.529 W/audio_hw_generic( 1307): Not supplying enough data to HAL, expected position 29075280 , only wrote 29074746
12-09 08:14:34.533 D/VehicleStatisticsAdapter(13655): Building new values ...
12-09 08:14:34.533 D/VehicleStatisticsAdapter(13655): Writing 29 records to the database ...
12-09 08:14:34.558 D/Mileage.ABS(13655): Finished backup
12-09 08:14:34.559 D/Mileage.ABS(13655): Not backing up; 215
12-09 08:14:34.580 D/Mileage.ABS(13655): Not backing up; 236
12-09 08:14:34.586 D/Mileage.ABS(13655): Not backing up; 241
12-09 08:14:34.676 E/SurfaceFlinger( 1218): ro.sf.lcd_density must be defined as a build property
12-09 08:14:34.700 D/Mileage.ABS(13655): Not backing up; 356
12-09 08:14:34.704 D/gralloc_ranchu( 1218): gralloc_alloc: Creating ashmem region of size 3686400
12-09 08:14:34.737 D/        (13782): HostConnection::get() New Host Connection established 0x7f0d41d52480, tid 13782
12-09 08:14:34.759 E/EGL_emulation( 1218): tid 1218: eglCreateSyncKHR(1881): error 0x3004 (EGL_BAD_ATTRIBUTE)
12-09 08:14:34.834 D/Mileage.ABS(13655): Not backing up; 490
12-09 08:14:34.834 D/Mileage.ABS(13655): Not backing up; 490
12-09 08:14:34.835 D/Mileage.ABS(13655): Not backing up; 491
12-09 08:14:34.835 D/Mileage.ABS(13655): Not backing up; 491
12-09 08:14:34.893 D/Mileage.ABS(13655): Not backing up; 549
12-09 08:14:34.925 D/Mileage.ABS(13655): Not backing up; 581
12-09 08:14:35.066 D/Mileage.ABS(13655): Not backing up; 722
12-09 08:14:35.066 D/Mileage.ABS(13655): Not backing up; 722
12-09 08:14:35.067 D/Mileage.ABS(13655): Not backing up; 723
12-09 08:14:35.067 D/Mileage.ABS(13655): Not backing up; 723
12-09 08:14:35.067 D/Mileage.ABS(13655): Not backing up; 723
12-09 08:14:35.067 D/Mileage.ABS(13655): Not backing up; 723
12-09 08:14:35.067 D/Mileage.ABS(13655): Not backing up; 723
12-09 08:14:35.068 D/Mileage.ABS(13655): Not backing up; 724
12-09 08:14:35.166 D/Mileage.ABS(13655): Not backing up; 822
12-09 08:14:35.207 W/audio_hw_generic( 1307): Not supplying enough data to HAL, expected position 29104628 , only wrote 29104491
12-09 08:14:35.209 D/Mileage.ABS(13655): Not backing up; 865
12-09 08:14:35.219 D/Mileage.ABS(13655): Not backing up; 875
12-09 08:14:35.220 D/Mileage.ABS(13655): Not backing up; 876
12-09 08:14:35.220 D/Mileage.ABS(13655): Not backing up; 876
12-09 08:14:35.220 D/Mileage.ABS(13655): Not backing up; 876
12-09 08:14:35.221 D/Mileage.ABS(13655): Not backing up; 876
12-09 08:14:35.255 D/Mileage.ABS(13655): Not backing up; 899
12-09 08:14:35.255 D/Mileage.ABS(13655): Not backing up; 911
12-09 08:14:35.397 I/art     (13655): Background sticky concurrent mark sweep GC freed 39320(1854KB) AllocSpace objects, 1(20KB) LOS objects, 37% free, 3MB/5MB, paused 13.490ms total 216.858ms
12-09 08:14:35.489 I/System.out(13655): URI: //map
12-09 08:14:35.489 I/System.out(13655): params: {json={"query":"* {text CONTAINS[c] 'Average fuel economy'}","operation":{"method_name":"query","arguments":[]}}
12-09 08:14:35.489 I/System.out(13655): }
12-09 08:14:35.502 D/Mileage.ABS(13655): Finished backup
12-09 08:14:35.523 D/Mileage.ABS(13655): Not backing up; 36
12-09 08:14:35.524 D/Mileage.ABS(13655): Not backing up; 36
12-09 08:14:35.524 D/Mileage.ABS(13655): Not backing up; 37
12-09 08:14:35.524 D/Mileage.ABS(13655): Not backing up; 37
12-09 08:14:35.604 D/Mileage.ABS(13655): Not backing up; 117
12-09 08:14:35.613 D/Mileage.ABS(13655): Not backing up; 126
12-09 08:14:35.618 W/audio_hw_generic( 1307): Hardware backing HAL too slow, could only write 0 of 661 frames
12-09 08:14:35.749 D/Mileage.ABS(13655): Not backing up; 262
12-09 08:14:35.750 D/Mileage.ABS(13655): Not backing up; 263
12-09 08:14:35.853 W/audio_hw_generic( 1307): Not supplying enough data to HAL, expected position 29132993 , only wrote 29132914
12-09 08:14:35.865 D/Mileage.ABS(13655): Not backing up; 378
12-09 08:14:35.866 D/Mileage.ABS(13655): Not backing up; 379
12-09 08:14:36.067 D/Mileage.ABS(13655): Not backing up; 559
12-09 08:14:36.087 D/Mileage.ABS(13655): Not backing up; 600
12-09 08:14:36.087 D/Mileage.ABS(13655): Not backing up; 600
12-09 08:14:36.087 D/Mileage.ABS(13655): Not backing up; 600
12-09 08:14:36.088 D/Mileage.ABS(13655): Not backing up; 601
12-09 08:14:36.088 D/Mileage.ABS(13655): Not backing up; 601
12-09 08:14:36.088 D/Mileage.ABS(13655): Not backing up; 601
12-09 08:14:36.088 D/Mileage.ABS(13655): Not backing up; 601
12-09 08:14:36.088 D/Mileage.ABS(13655): Not backing up; 601
12-09 08:14:36.089 D/Mileage.ABS(13655): Not backing up; 602
12-09 08:14:36.096 D/Mileage.ABS(13655): Not backing up; 609
12-09 08:14:36.111 W/audio_hw_generic( 1307): Hardware backing HAL too slow, could only write 0 of 661 frames
12-09 08:14:36.113 D/Mileage.ABS(13655): Not backing up; 626
12-09 08:14:36.114 D/Mileage.ABS(13655): Not backing up; 627
12-09 08:14:36.114 D/Mileage.ABS(13655): Not backing up; 627
12-09 08:14:36.134 I/art     (13655): Background sticky concurrent mark sweep GC freed 48784(2MB) AllocSpace objects, 2(40KB) LOS objects, 35% free, 3MB/5MB, paused 1.053ms total 234.648ms
12-09 08:14:36.143 I/System.out(13655): URI: //gesture
12-09 08:14:36.143 I/System.out(13655): params: {json={"query_timeout":5.0,"gestures":[{"query_string":"* {text CONTAINS[c] 'Average fuel economy'}","touches":[{"x":50,"y":50,"offset_x":0,"offset_y":0,"wait":0.0,"time":0.2,"release":true,"query_string":null}]}]}
12-09 08:14:36.143 I/System.out(13655): }
12-09 08:14:36.247 D/VehicleStatisticsAdapter(13655): Caching of 29 records complete! (1.714 seconds)
12-09 08:14:36.255 D/Mileage.ABS(13655): Not backing up; 768
12-09 08:14:36.255 D/Mileage.ABS(13655): Not backing up; 768
12-09 08:14:36.264 D/Mileage.ABS(13655): Not backing up; 777
12-09 08:14:36.264 D/Mileage.ABS(13655): Not backing up; 777
12-09 08:14:36.289 D/Mileage.ABS(13655): Not backing up; 783
12-09 08:14:36.289 D/Mileage.ABS(13655): Not backing up; 802
12-09 08:14:36.290 D/Mileage.ABS(13655): Not backing up; 803
12-09 08:14:36.290 D/Mileage.ABS(13655): Not backing up; 803
12-09 08:14:36.364 D/VehicleStatisticsAdapter(13655): Caching of 29 records complete! (1.851 seconds)
12-09 08:14:36.399 W/audio_hw_generic( 1307): Not supplying enough data to HAL, expected position 29156983 , only wrote 29156710
12-09 08:14:36.399 W/audio_hw_generic( 1307): Not supplying enough data to HAL, expected position 29156716 , only wrote 29156710
12-09 08:14:36.419 W/audio_hw_generic( 1307): Not supplying enough data to HAL, expected position 29157579 , only wrote 29157371
12-09 08:14:36.437 D/Mileage.ABS(13655): Not backing up; 950
12-09 08:14:36.539 W/audio_hw_generic( 1307): Hardware backing HAL too slow, could only write 0 of 661 frames
12-09 08:14:36.564 W/audio_hw_generic( 1307): Hardware backing HAL too slow, could only write 0 of 661 frames
12-09 08:14:36.737 W/audio_hw_generic( 1307): Not supplying enough data to HAL, expected position 29171388 , only wrote 29171252
12-09 08:14:36.737 W/audio_hw_generic( 1307): Not supplying enough data to HAL, expected position 29171258 , only wrote 29171252
12-09 08:14:36.759 W/audio_hw_generic( 1307): Not supplying enough data to HAL, expected position 29172202 , only wrote 29171913
12-09 08:14:36.806 I/ActivityManager( 1591): START u0 {cmp=com.evancharlton.mileage/.charts.AverageFuelEconomyChart (has extras)} from uid 10131 on display 0
12-09 08:14:36.843 W/audio_hw_generic( 1307): Not supplying enough data to HAL, expected position 29175647 , only wrote 29175218
12-09 08:14:36.850 W/audio_hw_generic( 1307): Not supplying enough data to HAL, expected position 29175537 , only wrote 29175218
12-09 08:14:36.867 W/audio_hw_generic( 1307): Not supplying enough data to HAL, expected position 29175934 , only wrote 29175879
12-09 08:14:36.887 D/AudioFlinger( 1307): mixer(0xf4380000) throttle end: throttle time(2)
12-09 08:14:37.081 I/calabash(13655): newActivity1
12-09 08:14:37.086 W/aiCharts(13655): License file is invalid or missing. 
12-09 08:14:37.086 W/aiCharts(13655): Please place proper license.lic to /assets folder.
12-09 08:14:37.168 W/audio_hw_generic( 1307): Not supplying enough data to HAL, expected position 29189149 , only wrote 29189099
12-09 08:14:37.199 V/PhoneStatusBar( 1689): setLightsOn(true)
12-09 08:14:37.331 W/audio_hw_generic( 1307): Not supplying enough data to HAL, expected position 29196320 , only wrote 29195709
12-09 08:14:37.339 W/audio_hw_generic( 1307): Not supplying enough data to HAL, expected position 29196043 , only wrote 29195709
12-09 08:14:37.355 W/audio_hw_generic( 1307): Not supplying enough data to HAL, expected position 29196424 , only wrote 29196370
12-09 08:14:37.467 W/audio_hw_generic( 1307): Not supplying enough data to HAL, expected position 29201285 , only wrote 29200336
12-09 08:14:37.547 W/audio_hw_generic( 1307): Not supplying enough data to HAL, expected position 29203864 , only wrote 29202980
12-09 08:14:37.547 W/audio_hw_generic( 1307): Not supplying enough data to HAL, expected position 29202986 , only wrote 29202980
12-09 08:14:37.562 W/audio_hw_generic( 1307): Not supplying enough data to HAL, expected position 29203668 , only wrote 29203641
12-09 08:14:37.579 E/SurfaceFlinger( 1218): ro.sf.lcd_density must be defined as a build property
12-09 08:14:37.623 D/gralloc_ranchu( 1218): gralloc_alloc: Creating ashmem region of size 3686400
12-09 08:14:37.675 D/        (13798): HostConnection::get() New Host Connection established 0x7f8331dd2480, tid 13798
12-09 08:14:37.705 W/audio_hw_generic( 1307): Hardware backing HAL too slow, could only write 0 of 661 frames
12-09 08:14:37.719 W/audio_hw_generic( 1307): Hardware backing HAL too slow, could only write 0 of 661 frames
12-09 08:14:37.752 E/EGL_emulation( 1218): tid 1218: eglCreateSyncKHR(1881): error 0x3004 (EGL_BAD_ATTRIBUTE)
12-09 08:14:37.858 W/audio_hw_generic( 1307): Hardware backing HAL too slow, could only write 0 of 661 frames
12-09 08:14:37.868 W/audio_hw_generic( 1307): Hardware backing HAL too slow, could only write 0 of 661 frames
12-09 08:14:37.887 W/audio_hw_generic( 1307): Hardware backing HAL too slow, could only write 0 of 661 frames
12-09 08:14:37.919 W/audio_hw_generic( 1307): Hardware backing HAL too slow, could only write 0 of 661 frames
12-09 08:14:37.919 W/audio_hw_generic( 1307): Hardware backing HAL too slow, could only write 0 of 661 frames
12-09 08:14:37.934 W/audio_hw_generic( 1307): Hardware backing HAL too slow, could only write 0 of 661 frames
12-09 08:14:37.950 W/audio_hw_generic( 1307): Hardware backing HAL too slow, could only write 0 of 661 frames
12-09 08:14:37.965 W/audio_hw_generic( 1307): Hardware backing HAL too slow, could only write 0 of 661 frames
12-09 08:14:37.981 W/audio_hw_generic( 1307): Hardware backing HAL too slow, could only write 0 of 661 frames
12-09 08:14:37.982 I/Choreographer(13655): Skipped 41 frames!  The application may be doing too much work on its main thread.
12-09 08:14:37.996 W/audio_hw_generic( 1307): Hardware backing HAL too slow, could only write 0 of 661 frames
12-09 08:14:38.008 D/gralloc_ranchu( 1218): gralloc_alloc: Creating ashmem region of size 3686400
12-09 08:14:38.280 W/audio_hw_generic( 1307): Hardware backing HAL too slow, could only write 0 of 661 frames
12-09 08:14:38.343 W/audio_hw_generic( 1307): Not supplying enough data to HAL, expected position 29238069 , only wrote 29238013
12-09 08:14:38.343 W/audio_hw_generic( 1307): Not supplying enough data to HAL, expected position 29238019 , only wrote 29238013
12-09 08:14:38.359 W/audio_hw_generic( 1307): Not supplying enough data to HAL, expected position 29238687 , only wrote 29238674
12-09 08:14:38.448 W/audio_hw_generic( 1307): Not supplying enough data to HAL, expected position 29242635 , only wrote 29241979
12-09 08:14:38.449 W/audio_hw_generic( 1307): Not supplying enough data to HAL, expected position 29241985 , only wrote 29241979
12-09 08:14:38.467 W/audio_hw_generic( 1307): Not supplying enough data to HAL, expected position 29242800 , only wrote 29242640
12-09 08:14:38.739 W/audio_hw_generic( 1307): Not supplying enough data to HAL, expected position 29254631 , only wrote 29254538
12-09 08:14:38.739 W/audio_hw_generic( 1307): Not supplying enough data to HAL, expected position 29254544 , only wrote 29254538
12-09 08:14:38.755 W/audio_hw_generic( 1307): Not supplying enough data to HAL, expected position 29255238 , only wrote 29255199
12-09 08:14:38.755 W/audio_hw_generic( 1307): Hardware backing HAL too slow, could only write 0 of 661 frames
12-09 08:14:38.755 W/audio_hw_generic( 1307): Hardware backing HAL too slow, could only write 0 of 661 frames
12-09 08:14:38.844 W/art     ( 1591): Long monitor contention event with owner method=void com.android.server.wm.WindowAnimator$1.doFrame(long) from WindowAnimator.java:121 waiters=1 for 294ms
12-09 08:14:38.956 W/art     ( 1591): Long monitor contention event with owner method=void com.android.server.wm.WindowAnimator$1.doFrame(long) from WindowAnimator.java:121 waiters=1 for 300ms
12-09 08:14:39.044 W/art     ( 1591): Long monitor contention event with owner method=void com.android.server.wm.WindowAnimator$1.doFrame(long) from WindowAnimator.java:121 waiters=1 for 201ms
12-09 08:14:39.235 W/audio_hw_generic( 1307): Not supplying enough data to HAL, expected position 29276367 , only wrote 29276351
12-09 08:14:39.235 W/audio_hw_generic( 1307): Not supplying enough data to HAL, expected position 29276357 , only wrote 29276351
12-09 08:14:39.258 W/audio_hw_generic( 1307): Not supplying enough data to HAL, expected position 29277356 , only wrote 29277012
12-09 08:14:39.454 W/audio_hw_generic( 1307): Not supplying enough data to HAL, expected position 29285662 , only wrote 29284944
12-09 08:14:39.454 W/audio_hw_generic( 1307): Not supplying enough data to HAL, expected position 29284950 , only wrote 29284944
12-09 08:14:39.465 W/art     ( 1591): Long monitor contention event with owner method=void com.android.server.wm.WindowAnimator$1.doFrame(long) from WindowAnimator.java:121 waiters=1 for 191ms
12-09 08:14:39.471 W/audio_hw_generic( 1307): Not supplying enough data to HAL, expected position 29285656 , only wrote 29285605
