--------- beginning of main
12-09 08:37:05.966 D/gralloc_ranchu( 1218): gralloc_alloc: Creating ashmem region of size 708608
12-09 08:37:06.016 E/EGL_emulation( 1218): tid 1218: eglCreateSyncKHR(1881): error 0x3004 (EGL_BAD_ATTRIBUTE)
12-09 08:37:06.206 W/art     ( 1591): Long monitor contention event with owner method=android.graphics.Bitmap com.android.server.wm.WindowManagerService.screenshotApplicationsInner(android.os.IBinder, int, int, int, boolean) from WindowManagerService.java:6223 waiters=0 for 200ms
--------- beginning of system
12-09 08:37:06.310 W/ActivityManager( 1591): Finishing task with all activities already finished
12-09 08:37:06.310 W/ActivityManager( 1591): Duplicate finish request for ActivityRecord{ad8d609 u0 com.evancharlton.mileage/.Mileage t494 f}
12-09 08:37:06.378 W/ActivityManager( 1591): Finishing task with all activities already finished
12-09 08:37:06.378 W/ActivityManager( 1591): Duplicate finish request for ActivityRecord{ad8d609 u0 com.evancharlton.mileage/.Mileage t494 f}
12-09 08:37:06.436 I/art     ( 1591): Background partial concurrent mark sweep GC freed 14087(1328KB) AllocSpace objects, 16(320KB) LOS objects, 29% free, 9MB/13MB, paused 11.279ms total 215.241ms
12-09 08:37:06.581 D/EGL_emulation( 1904): eglMakeCurrent: 0x7f38a1ba1820: ver 2 0 (tinfo 0x7f38a1b82700)
12-09 08:37:06.930 D/AndroidRuntime(20285): >>>>>> START com.android.internal.os.RuntimeInit uid 0 <<<<<<
12-09 08:37:06.936 D/AndroidRuntime(20285): CheckJNI is ON
12-09 08:37:07.001 D/ICU     (20285): No timezone override file found: /data/misc/zoneinfo/current/icu/icu_tzdata.dat
12-09 08:37:07.145 E/memtrack(20285): Couldn't load memtrack module (No such file or directory)
12-09 08:37:07.145 E/android.os.Debug(20285): failed to load memtrack module: -2
12-09 08:37:07.146 I/Radio-JNI(20285): register_android_hardware_Radio DONE
12-09 08:37:07.186 D/AndroidRuntime(20285): Calling main entry com.android.commands.am.Am
12-09 08:37:07.188 I/ActivityManager( 1591): Force stopping com.evancharlton.mileage appid=10143 user=0: start instr
12-09 08:37:07.188 I/ActivityManager( 1591): Killing 20214:com.evancharlton.mileage/u0a143 (adj 0): stop com.evancharlton.mileage
12-09 08:37:07.256 W/ActivityManager( 1591): Crash of app com.evancharlton.mileage running instrumentation ComponentInfo{com.evancharlton.mileage.test/sh.calaba.instrumentationbackend.CalabashInstrumentationTestRunner}
12-09 08:37:07.256 I/ActivityManager( 1591): Force stopping com.evancharlton.mileage appid=10143 user=0: finished inst
12-09 08:37:07.521 W/art     ( 1591): Long monitor contention event with owner method=void com.android.server.wm.WindowAnimator$1.doFrame(long) from WindowAnimator.java:121 waiters=2 for 265ms
12-09 08:37:07.521 I/WindowState( 1591): WIN DEATH: Window{44a3f58 u0 PopupWindow:3acf1ca EXITING}
12-09 08:37:07.523 W/InputMethodManagerService( 1591): Got RemoteException sending setActive(false) notification to pid 20214 uid 10143
12-09 08:37:07.523 I/Choreographer( 1904): Skipped 54 frames!  The application may be doing too much work on its main thread.
12-09 08:37:07.529 W/art     ( 1591): Long monitor contention event with owner method=com.android.internal.view.InputBindResult com.android.server.InputMethodManagerService.windowGainedFocus(com.android.internal.view.IInputMethodClient, android.os.IBinder, int, int, int, android.view.inputmethod.EditorInfo, com.android.internal.view.IInputContext) from InputMethodManagerService.java:2177 waiters=0 for 273ms
12-09 08:37:07.531 I/WindowState( 1591): WIN DEATH: Window{d785027 u0 com.evancharlton.mileage/com.evancharlton.mileage.Mileage EXITING}
12-09 08:37:07.650 I/ActivityManager( 1591): Start proc 20294:com.evancharlton.mileage/u0a143 for added application com.evancharlton.mileage
12-09 08:37:07.650 W/art     ( 1591): Long monitor contention event with owner method=boolean com.android.server.am.ActivityManagerService.startInstrumentation(android.content.ComponentName, java.lang.String, int, android.os.Bundle, android.app.IInstrumentationWatcher, android.app.IUiAutomationConnection, int, java.lang.String) from ActivityManagerService.java:17066 waiters=0 for 461ms
12-09 08:37:07.650 W/art     ( 1591): Long monitor contention event with owner method=boolean com.android.server.am.ActivityManagerService.startInstrumentation(android.content.ComponentName, java.lang.String, int, android.os.Bundle, android.app.IInstrumentationWatcher, android.app.IUiAutomationConnection, int, java.lang.String) from ActivityManagerService.java:17066 waiters=1 for 394ms
12-09 08:37:07.676 W/art     ( 1591): Long monitor contention event with owner method=boolean com.android.server.am.ActivityManagerService.startInstrumentation(android.content.ComponentName, java.lang.String, int, android.os.Bundle, android.app.IInstrumentationWatcher, android.app.IUiAutomationConnection, int, java.lang.String) from ActivityManagerService.java:17066 waiters=2 for 376ms
12-09 08:37:07.677 D/AndroidRuntime(20285): Shutting down VM
12-09 08:37:07.741 W/System  (20294): ClassLoader referenced unknown path: /data/app/com.evancharlton.mileage.test-1/lib/x86_64
12-09 08:37:07.751 W/System  (20294): ClassLoader referenced unknown path: /data/app/com.evancharlton.mileage-1/lib/x86_64
12-09 08:37:08.084 W/art     ( 1591): Long monitor contention event with owner method=void com.android.server.wm.WindowAnimator$1.doFrame(long) from WindowAnimator.java:121 waiters=1 for 256ms
12-09 08:37:08.208 W/art     ( 1591): Long monitor contention event with owner method=void com.android.server.wm.WindowAnimator$1.doFrame(long) from WindowAnimator.java:121 waiters=1 for 219ms
12-09 08:37:08.289 W/art     ( 1591): Long monitor contention event with owner method=void com.android.server.wm.WindowAnimator$1.doFrame(long) from WindowAnimator.java:121 waiters=1 for 205ms
12-09 08:37:08.677 W/art     ( 1591): Long monitor contention event with owner method=void com.android.server.wm.WindowAnimator$1.doFrame(long) from WindowAnimator.java:121 waiters=1 for 196ms
12-09 08:37:08.677 W/art     ( 1591): Long monitor contention event with owner method=java.util.List com.android.server.am.ActivityManagerService.getAllStackInfos() from ActivityManagerService.java:8937 waiters=0 for 953ms
12-09 08:37:08.677 W/art     ( 1591): Long monitor contention event with owner method=void com.android.server.wm.WindowAnimator$1.doFrame(long) from WindowAnimator.java:121 waiters=1 for 130ms
12-09 08:37:08.678 W/art     ( 1591): Long monitor contention event with owner method=java.util.List com.android.server.am.ActivityManagerService.getAllStackInfos() from ActivityManagerService.java:8937 waiters=1 for 856ms
12-09 08:37:08.678 W/art     ( 1591): Long monitor contention event with owner method=java.util.List com.android.server.am.ActivityManagerService.getAllStackInfos() from ActivityManagerService.java:8937 waiters=2 for 471ms
12-09 08:37:08.682 I/System.out(20294): Main activity name automatically set to: com.evancharlton.mileage.Mileage
12-09 08:37:08.683 I/System.out(20294): Calabash did not load Mono. This is only a problem if you are trying to test a Mono application
12-09 08:37:08.683 I/calabash(20294): Test server port: 7102
12-09 08:37:08.693 I/InstrumentationBackend(20294): Added:'GetPreferences', with key:'get_preferences'
12-09 08:37:08.724 I/Choreographer( 1904): Skipped 66 frames!  The application may be doing too much work on its main thread.
12-09 08:37:08.812 I/InstrumentationBackend(20294): Added:'SetPreferences', with key:'set_preferences'
12-09 08:37:08.812 I/InstrumentationBackend(20294): Added:'ClearPreferences', with key:'clear_preferences'
12-09 08:37:08.812 I/InstrumentationBackend(20294): Added:'PressElement', with key:'press_l10n_element'
12-09 08:37:08.812 I/InstrumentationBackend(20294): Added:'WaitForElement', with key:'wait_for_l10n_element'
12-09 08:37:08.813 I/InstrumentationBackend(20294): Added:'NullAction', with key:'nullAction'
12-09 08:37:08.813 I/InstrumentationBackend(20294): Added:'PressKey', with key:'press_key'
12-09 08:37:08.813 I/InstrumentationBackend(20294): Added:'SetActivityOrientation', with key:'set_activity_orientation'
12-09 08:37:08.813 I/InstrumentationBackend(20294): Added:'GetActivityOrientation', with key:'get_activity_orientation'
12-09 08:37:08.814 I/InstrumentationBackend(20294): Added:'FakeGPSLocation', with key:'set_gps_coordinates'
12-09 08:37:08.814 I/InstrumentationBackend(20294): Added:'SetPropertyByCssSelector', with key:'set_property_by_css_selector'
12-09 08:37:08.814 I/InstrumentationBackend(20294): Added:'GetUrl', with key:'get_url'
12-09 08:37:08.815 I/InstrumentationBackend(20294): Added:'ScrollTo', with key:'scroll_to'
12-09 08:37:08.815 I/InstrumentationBackend(20294): Added:'GetLoadProgress', with key:'get_load_progress'
12-09 08:37:08.822 I/InstrumentationBackend(20294): Added:'DumpHtml', with key:'dump_html'
12-09 08:37:08.822 I/InstrumentationBackend(20294): Added:'DumpBodyHtml', with key:'dump_body_html'
12-09 08:37:08.822 I/InstrumentationBackend(20294): Added:'EnterTextByCssSelector', with key:'enter_text_by_selector'
12-09 08:37:08.823 I/InstrumentationBackend(20294): Added:'AndroidSDKVersion', with key:'android_sdk_version'
12-09 08:37:08.848 I/InstrumentationBackend(20294): Added:'Version', with key:'version'
12-09 08:37:08.848 I/InstrumentationBackend(20294): Added:'Drag', with key:'drag'
12-09 08:37:08.848 I/InstrumentationBackend(20294): Added:'TouchCoordinates', with key:'touch_coordinate'
12-09 08:37:08.848 I/InstrumentationBackend(20294): Added:'LongPressCoordinate', with key:'long_press_coordinate'
12-09 08:37:08.848 I/InstrumentationBackend(20294): Added:'DragCoordinates', with key:'drag_coordinates'
12-09 08:37:08.848 I/InstrumentationBackend(20294): Added:'ResumeApplication', with key:'resume_application'
12-09 08:37:08.849 I/InstrumentationBackend(20294): Added:'Swipe', with key:'swipe'
12-09 08:37:08.849 I/InstrumentationBackend(20294): Added:'DoubleTapCoordinate', with key:'double_tap_coordinate'
12-09 08:37:08.849 I/InstrumentationBackend(20294): Added:'ClickOnScreen', with key:'click_on_screen'
12-09 08:37:08.850 I/InstrumentationBackend(20294): Added:'GetActivityName', with key:'get_activity_name'
12-09 08:37:08.850 I/InstrumentationBackend(20294): Added:'ScrollToView', with key:'scroll_to_view'
12-09 08:37:08.850 I/InstrumentationBackend(20294): Added:'ViewConfiguration', with key:'view_configuration'
12-09 08:37:08.850 I/InstrumentationBackend(20294): Added:'IsCurrentActivityFocused', with key:'is_current_activity_focused'
12-09 08:37:08.851 I/InstrumentationBackend(20294): Added:'SendTcp', with key:'send_tcp'
12-09 08:37:08.851 I/InstrumentationBackend(20294): Added:'DpToDevicePixel', with key:'dp_to_device_pixel'
12-09 08:37:08.853 I/InstrumentationBackend(20294): Added:'KeyboardEnterText', with key:'keyboard_enter_text'
12-09 08:37:08.863 I/InstrumentationBackend(20294): Added:'DeleteSurroundingText', with key:'delete_surrounding_text'
12-09 08:37:08.864 I/InstrumentationBackend(20294): Added:'SetComposingRegion', with key:'set_composing_region'
12-09 08:37:08.864 I/InstrumentationBackend(20294): Added:'SetSelection', with key:'set_selection'
12-09 08:37:08.864 I/InstrumentationBackend(20294): Added:'KeyboardKeyEvent', with key:'keyboard_key_event'
12-09 08:37:08.864 I/InstrumentationBackend(20294): Added:'PressUserActionButton', with key:'press_user_action_button'
12-09 08:37:08.865 I/InstrumentationBackend(20294): Added:'HideSoftKeyboard', with key:'hide_soft_keyboard'
12-09 08:37:08.865 I/InstrumentationBackend(20294): Added:'ListActions', with key:'list_actions'
12-09 08:37:08.865 I/calabash(20294): Instantiating http server at 7102
12-09 08:37:08.873 I/System.out(20294): HTTP Daemon listening on: 7102
12-09 08:37:08.938 I/System.out(20294): URI: //ping
12-09 08:37:08.939 I/System.out(20294): params: {json={}
12-09 08:37:08.939 I/System.out(20294): }
12-09 08:37:09.012 I/System.out(20294): URI: //ping
12-09 08:37:09.012 I/System.out(20294): params: {json={}
12-09 08:37:09.012 I/System.out(20294): }
12-09 08:37:09.051 I/System.out(20294): URI: //ready
12-09 08:37:09.052 I/System.out(20294): params: {json={}
12-09 08:37:09.052 I/System.out(20294): }
12-09 08:37:09.144 W/art     ( 1591): Long monitor contention event with owner method=void com.android.server.wm.WindowAnimator$1.doFrame(long) from WindowAnimator.java:121 waiters=0 for 187ms
12-09 08:37:09.145 W/WindowAnimator( 1591): Failed to dispatch window animation state change.
12-09 08:37:09.145 W/WindowAnimator( 1591): android.os.DeadObjectException
12-09 08:37:09.145 W/WindowAnimator( 1591): 	at android.os.BinderProxy.transactNative(Native Method)
12-09 08:37:09.145 W/WindowAnimator( 1591): 	at android.os.BinderProxy.transact(Binder.java:503)
12-09 08:37:09.145 W/WindowAnimator( 1591): 	at android.view.IWindow$Stub$Proxy.onAnimationStopped(IWindow.java:534)
12-09 08:37:09.145 W/WindowAnimator( 1591): 	at com.android.server.wm.WindowAnimator.updateWindowsLocked(WindowAnimator.java:286)
12-09 08:37:09.145 W/WindowAnimator( 1591): 	at com.android.server.wm.WindowAnimator.animateLocked(WindowAnimator.java:678)
12-09 08:37:09.145 W/WindowAnimator( 1591): 	at com.android.server.wm.WindowAnimator.-wrap0(WindowAnimator.java)
12-09 08:37:09.145 W/WindowAnimator( 1591): 	at com.android.server.wm.WindowAnimator$1.doFrame(WindowAnimator.java:123)
12-09 08:37:09.145 W/WindowAnimator( 1591): 	at android.view.Choreographer$CallbackRecord.run(Choreographer.java:856)
12-09 08:37:09.145 W/WindowAnimator( 1591): 	at android.view.Choreographer.doCallbacks(Choreographer.java:670)
12-09 08:37:09.145 W/WindowAnimator( 1591): 	at android.view.Choreographer.doFrame(Choreographer.java:603)
12-09 08:37:09.145 W/WindowAnimator( 1591): 	at android.view.Choreographer$FrameDisplayEventReceiver.run(Choreographer.java:844)
12-09 08:37:09.145 W/WindowAnimator( 1591): 	at android.os.Handler.handleCallback(Handler.java:739)
12-09 08:37:09.145 W/WindowAnimator( 1591): 	at android.os.Handler.dispatchMessage(Handler.java:95)
12-09 08:37:09.145 W/WindowAnimator( 1591): 	at android.os.Looper.loop(Looper.java:148)
12-09 08:37:09.145 W/WindowAnimator( 1591): 	at android.os.HandlerThread.run(HandlerThread.java:61)
12-09 08:37:09.145 W/WindowAnimator( 1591): 	at com.android.server.ServiceThread.run(ServiceThread.java:46)
12-09 08:37:09.145 W/WindowAnimator( 1591): Failed to dispatch window animation state change.
12-09 08:37:09.145 W/WindowAnimator( 1591): android.os.DeadObjectException
12-09 08:37:09.145 W/WindowAnimator( 1591): 	at android.os.BinderProxy.transactNative(Native Method)
12-09 08:37:09.145 W/WindowAnimator( 1591): 	at android.os.BinderProxy.transact(Binder.java:503)
12-09 08:37:09.145 W/WindowAnimator( 1591): 	at android.view.IWindow$Stub$Proxy.onAnimationStopped(IWindow.java:534)
12-09 08:37:09.145 W/WindowAnimator( 1591): 	at com.android.server.wm.WindowAnimator.updateWindowsLocked(WindowAnimator.java:286)
12-09 08:37:09.145 W/WindowAnimator( 1591): 	at com.android.server.wm.WindowAnimator.animateLocked(WindowAnimator.java:678)
12-09 08:37:09.145 W/WindowAnimator( 1591): 	at com.android.server.wm.WindowAnimator.-wrap0(WindowAnimator.java)
12-09 08:37:09.145 W/WindowAnimator( 1591): 	at com.android.server.wm.WindowAnimator$1.doFrame(WindowAnimator.java:123)
12-09 08:37:09.145 W/WindowAnimator( 1591): 	at android.view.Choreographer$CallbackRecord.run(Choreographer.java:856)
12-09 08:37:09.145 W/WindowAnimator( 1591): 	at android.view.Choreographer.doCallbacks(Choreographer.java:670)
12-09 08:37:09.145 W/WindowAnimator( 1591): 	at android.view.Choreographer.doFrame(Choreographer.java:603)
12-09 08:37:09.145 W/WindowAnimator( 1591): 	at android.view.Choreographer$FrameDisplayEventReceiver.run(Choreographer.java:844)
12-09 08:37:09.145 W/WindowAnimator( 1591): 	at android.os.Handler.handleCallback(Handler.java:739)
12-09 08:37:09.145 W/WindowAnimator( 1591): 	at android.os.Handler.dispatchMessage(Handler.java:95)
12-09 08:37:09.145 W/WindowAnimator( 1591): 	at android.os.Looper.loop(Looper.java:148)
12-09 08:37:09.145 W/WindowAnimator( 1591): 	at android.os.HandlerThread.run(HandlerThread.java:61)
12-09 08:37:09.145 W/WindowAnimator( 1591): 	at com.android.server.ServiceThread.run(ServiceThread.java:46)
12-09 08:37:09.167 I/System.out(20294): URI: //
12-09 08:37:09.167 I/System.out(20294): params: {json={"command":"version","arguments":[]}
12-09 08:37:09.167 I/System.out(20294): }
12-09 08:37:09.167 I/System.out(20294): header: {date=Sun, 09 Dec 2018 08:37:09 GMT, accept=*/*, content-length=36, host=127.0.0.1:34777, user-agent=HTTPClient/1.0 (2.8.3, ruby 2.3.1 (2016-04-26)), content-type=application/json;charset=utf-8}
12-09 08:37:09.167 I/System.out(20294): params: {json={"command":"version","arguments":[]}
12-09 08:37:09.168 I/System.out(20294): }
12-09 08:37:09.168 I/System.out(20294): ProP json = {"command":"version","arguments":[]}
12-09 08:37:09.168 I/System.out(20294): files: {}
12-09 08:37:09.168 I/System.out(20294): command: {"command":"version","arguments":[]}
12-09 08:37:09.205 W/OpenGLRenderer( 1904): Incorrectly called buildLayer on View: ShortcutAndWidgetContainer, destroying layer...
12-09 08:37:09.228 W/art     (20294): Suspending all threads took: 10.790ms
12-09 08:37:09.348 I/InstrumentationBackend(20294): Got command:'Command:'Line:null,version', arguments:'[]'
12-09 08:37:09.351 I/art     (20294): Background sticky concurrent mark sweep GC freed 2342(354KB) AllocSpace objects, 10(200KB) LOS objects, 29% free, 1320KB/1860KB, paused 12.419ms total 182.188ms
12-09 08:37:09.385 W/art     ( 1591): Long monitor contention event with owner method=void com.android.server.wm.WindowAnimator$1.doFrame(long) from WindowAnimator.java:121 waiters=0 for 240ms
12-09 08:37:09.398 I/System.out(20294): result:{"bonusInformation":[],"message":"0.9.8","success":true}
12-09 08:37:09.427 I/art     (20294): Background partial concurrent mark sweep GC freed 13635(662KB) AllocSpace objects, 3(60KB) LOS objects, 46% free, 1190KB/2MB, paused 10.260ms total 45.934ms
12-09 08:37:09.445 I/System.out(20294): URI: //start-application
12-09 08:37:09.445 I/System.out(20294): params: {json={"intent":null}
12-09 08:37:09.445 I/System.out(20294): }
12-09 08:37:09.672 W/art     ( 1591): Long monitor contention event with owner method=void com.android.server.wm.WindowAnimator$1.doFrame(long) from WindowAnimator.java:121 waiters=0 for 287ms
12-09 08:37:09.705 I/ActivityManager( 1591): START u0 {act=android.intent.action.MAIN cat=[android.intent.category.LAUNCHER] flg=0x10200000 cmp=com.evancharlton.mileage/.Mileage} from uid 10143 on display 0
12-09 08:37:10.110 W/art     ( 1591): Long monitor contention event with owner method=int com.android.server.wm.WindowManagerService.relayoutWindow(com.android.server.wm.Session, android.view.IWindow, int, android.view.WindowManager$LayoutParams, int, int, int, int, android.graphics.Rect, android.graphics.Rect, android.graphics.Rect, android.graphics.Rect, android.graphics.Rect, android.graphics.Rect, android.content.res.Configuration, android.view.Surface) from WindowManagerService.java:3103 waiters=1 for 214ms
12-09 08:37:10.111 I/calabash(20294): newActivity1
12-09 08:37:10.240 W/art     ( 1591): Long monitor contention event with owner method=void com.android.server.am.ActivityManagerService.activityPaused(android.os.IBinder) from ActivityManagerService.java:6439 waiters=0 for 388ms
12-09 08:37:10.241 W/art     ( 1591): Long monitor contention event with owner method=void com.android.server.am.ActivityManagerService.activityPaused(android.os.IBinder) from ActivityManagerService.java:6439 waiters=2 for 301ms
12-09 08:37:10.264 D/gralloc_ranchu( 1218): gralloc_alloc: Creating ashmem region of size 3686400
12-09 08:37:10.312 I/calabash(20294): newActivity1
12-09 08:37:10.313 W/ActivityManager( 1591): Bad activity token: android.os.BinderProxy@810ee07
12-09 08:37:10.313 W/ActivityManager( 1591): java.lang.ClassCastException: android.os.BinderProxy cannot be cast to com.android.server.am.ActivityRecord$Token
12-09 08:37:10.313 W/ActivityManager( 1591): 	at com.android.server.am.ActivityRecord.forTokenLocked(ActivityRecord.java:424)
12-09 08:37:10.313 W/ActivityManager( 1591): 	at com.android.server.am.ActivityRecord.isInStackLocked(ActivityRecord.java:1121)
12-09 08:37:10.313 W/ActivityManager( 1591): 	at com.android.server.am.ActivityRecord.getStackLocked(ActivityRecord.java:1126)
12-09 08:37:10.313 W/ActivityManager( 1591): 	at com.android.server.am.ActivityManagerService.getActivityDisplayId(ActivityManagerService.java:8889)
12-09 08:37:10.313 W/ActivityManager( 1591): 	at android.app.ActivityManagerNative.onTransact(ActivityManagerNative.java:2338)
12-09 08:37:10.313 W/ActivityManager( 1591): 	at com.android.server.am.ActivityManagerService.onTransact(ActivityManagerService.java:2443)
12-09 08:37:10.313 W/ActivityManager( 1591): 	at android.os.Binder.execTransact(Binder.java:453)
12-09 08:37:10.315 W/ActivityManager( 1591): Bad activity token: android.os.BinderProxy@810ee07
12-09 08:37:10.315 W/ActivityManager( 1591): java.lang.ClassCastException: android.os.BinderProxy cannot be cast to com.android.server.am.ActivityRecord$Token
12-09 08:37:10.315 W/ActivityManager( 1591): 	at com.android.server.am.ActivityRecord.forTokenLocked(ActivityRecord.java:424)
12-09 08:37:10.315 W/ActivityManager( 1591): 	at com.android.server.am.ActivityRecord.isInStackLocked(ActivityRecord.java:1121)
12-09 08:37:10.315 W/ActivityManager( 1591): 	at com.android.server.am.ActivityManagerService.setTaskDescription(ActivityManagerService.java:8547)
12-09 08:37:10.315 W/ActivityManager( 1591): 	at android.app.ActivityManagerNative.onTransact(ActivityManagerNative.java:2410)
12-09 08:37:10.315 W/ActivityManager( 1591): 	at com.android.server.am.ActivityManagerService.onTransact(ActivityManagerService.java:2443)
12-09 08:37:10.315 W/ActivityManager( 1591): 	at android.os.Binder.execTransact(Binder.java:453)
12-09 08:37:10.423 I/art     (20294): Background sticky concurrent mark sweep GC freed 3721(353KB) AllocSpace objects, 0(0B) LOS objects, 19% free, 1789KB/2MB, paused 9.200ms total 54.842ms
12-09 08:37:10.437 W/ActivityManager( 1591): Bad activity token: android.os.BinderProxy@810ee07
12-09 08:37:10.437 W/ActivityManager( 1591): java.lang.ClassCastException: android.os.BinderProxy cannot be cast to com.android.server.am.ActivityRecord$Token
12-09 08:37:10.437 W/ActivityManager( 1591): 	at com.android.server.am.ActivityRecord.forTokenLocked(ActivityRecord.java:424)
12-09 08:37:10.437 W/ActivityManager( 1591): 	at com.android.server.am.ActivityRecord.isInStackLocked(ActivityRecord.java:1121)
12-09 08:37:10.437 W/ActivityManager( 1591): 	at com.android.server.am.ActivityManagerService.getActivityOptions(ActivityManagerService.java:11038)
12-09 08:37:10.437 W/ActivityManager( 1591): 	at android.app.ActivityManagerNative.onTransact(ActivityManagerNative.java:1734)
12-09 08:37:10.437 W/ActivityManager( 1591): 	at com.android.server.am.ActivityManagerService.onTransact(ActivityManagerService.java:2443)
12-09 08:37:10.437 W/ActivityManager( 1591): 	at android.os.Binder.execTransact(Binder.java:453)
12-09 08:37:10.437 W/ActivityManager( 1591): Bad activity token: android.os.BinderProxy@810ee07
12-09 08:37:10.437 W/ActivityManager( 1591): java.lang.ClassCastException: android.os.BinderProxy cannot be cast to com.android.server.am.ActivityRecord$Token
12-09 08:37:10.437 W/ActivityManager( 1591): 	at com.android.server.am.ActivityRecord.forTokenLocked(ActivityRecord.java:424)
12-09 08:37:10.437 W/ActivityManager( 1591): 	at com.android.server.am.ActivityRecord.isInStackLocked(ActivityRecord.java:1121)
12-09 08:37:10.437 W/ActivityManager( 1591): 	at com.android.server.am.ActivityManagerService.getActivityOptions(ActivityManagerService.java:11038)
12-09 08:37:10.437 W/ActivityManager( 1591): 	at android.app.ActivityManagerNative.onTransact(ActivityManagerNative.java:1734)
12-09 08:37:10.437 W/ActivityManager( 1591): 	at com.android.server.am.ActivityManagerService.onTransact(ActivityManagerService.java:2443)
12-09 08:37:10.437 W/ActivityManager( 1591): 	at android.os.Binder.execTransact(Binder.java:453)
12-09 08:37:10.692 I/art     (20294): Background partial concurrent mark sweep GC freed 2718(251KB) AllocSpace objects, 1(20KB) LOS objects, 40% free, 1889KB/3MB, paused 996us total 203.313ms
12-09 08:37:10.693 V/PhoneStatusBar( 3067): setLightsOn(true)
12-09 08:37:10.719 D/gralloc_ranchu( 1218): gralloc_alloc: Creating ashmem region of size 3686400
12-09 08:37:10.916 I/Choreographer( 1591): Skipped 39 frames!  The application may be doing too much work on its main thread.
12-09 08:37:10.926 V/PhoneStatusBar( 3067): setLightsOn(true)
12-09 08:37:11.052 D/EGL_emulation( 1904): eglMakeCurrent: 0x7f38a1ba1820: ver 2 0 (tinfo 0x7f38a1b82700)
12-09 08:37:11.053 E/Surface ( 1904): getSlotFromBufferLocked: unknown buffer: 0x7f389e067020
12-09 08:37:11.071 D/        (20294): HostConnection::get() New Host Connection established 0x7f389e1dd400, tid 20294
12-09 08:37:11.752 W/art     ( 1591): Long monitor contention event with owner method=void com.android.server.wm.WindowAnimator$1.doFrame(long) from WindowAnimator.java:121 waiters=2 for 325ms
12-09 08:37:12.004 W/art     ( 1591): Long monitor contention event with owner method=java.util.List com.android.server.am.ActivityManagerService.getAllStackInfos() from ActivityManagerService.java:8937 waiters=0 for 468ms
12-09 08:37:12.005 W/art     ( 1591): Long monitor contention event with owner method=java.util.List com.android.server.am.ActivityManagerService.getAllStackInfos() from ActivityManagerService.java:8937 waiters=1 for 140ms
12-09 08:37:12.047 I/Choreographer( 3067): Skipped 42 frames!  The application may be doing too much work on its main thread.
12-09 08:37:12.132 W/art     ( 1591): Long monitor contention event with owner method=int com.android.server.wm.WindowManagerService.relayoutWindow(com.android.server.wm.Session, android.view.IWindow, int, android.view.WindowManager$LayoutParams, int, int, int, int, android.graphics.Rect, android.graphics.Rect, android.graphics.Rect, android.graphics.Rect, android.graphics.Rect, android.graphics.Rect, android.content.res.Configuration, android.view.Surface) from WindowManagerService.java:3103 waiters=0 for 126ms
12-09 08:37:12.133 I/ActivityManager( 1591): Displayed com.evancharlton.mileage/.Mileage: +2s273ms
12-09 08:37:12.165 D/gralloc_ranchu( 1218): gralloc_alloc: Creating ashmem region of size 3686400
12-09 08:37:12.588 W/art     ( 1591): Long monitor contention event with owner method=void com.android.server.wm.WindowAnimator$1.doFrame(long) from WindowAnimator.java:121 waiters=0 for 115ms
12-09 08:37:14.015 I/System.out(20294): URI: //map
12-09 08:37:14.015 I/System.out(20294): params: {json={"query":"android.widget.EditText id:'price'","operation":{"method_name":"query","arguments":[]}}
12-09 08:37:14.015 I/System.out(20294): }
12-09 08:37:14.076 W/art     (20294): Suspending all threads took: 6.981ms
12-09 08:37:14.077 W/ResourceType(20294): No package identifier when getting name for resource number 0x00000001
12-09 08:37:14.104 I/art     (20294): Background sticky concurrent mark sweep GC freed 25947(1180KB) AllocSpace objects, 2(40KB) LOS objects, 28% free, 2MB/3MB, paused 8.416ms total 78.268ms
12-09 08:37:14.340 I/System.out(20294): URI: //gesture
12-09 08:37:14.340 I/System.out(20294): params: {json={"query_timeout":5.0,"gestures":[{"query_string":"android.widget.EditText id:'price'","touches":[{"x":50,"y":50,"offset_x":0,"offset_y":0,"wait":0.0,"time":0.2,"release":true,"query_string":null}]}]}
12-09 08:37:14.340 I/System.out(20294): }
12-09 08:37:14.407 W/ResourceType(20294): No package identifier when getting name for resource number 0x00000001
12-09 08:37:14.848 I/LatinIME( 1865): Starting input. Cursor position = 0,0
12-09 08:37:14.981 I/art     (20294): Background sticky concurrent mark sweep GC freed 30072(1427KB) AllocSpace objects, 0(0B) LOS objects, 22% free, 2MB/3MB, paused 997us total 123.010ms
12-09 08:37:15.383 D/EGL_emulation( 1865): eglMakeCurrent: 0x7f38a1ba1640: ver 2 0 (tinfo 0x7f3895e1c700)
12-09 08:37:15.448 I/System.out(20294): URI: //
12-09 08:37:15.448 I/System.out(20294): params: {json={"command":"set_selection","arguments":[-1,-1]}
12-09 08:37:15.448 I/System.out(20294): }
12-09 08:37:15.448 I/System.out(20294): header: {date=Sun, 09 Dec 2018 08:37:15 GMT, accept=*/*, content-length=47, host=127.0.0.1:34777, user-agent=HTTPClient/1.0 (2.8.3, ruby 2.3.1 (2016-04-26)), content-type=application/json;charset=utf-8}
12-09 08:37:15.448 I/System.out(20294): params: {json={"command":"set_selection","arguments":[-1,-1]}
12-09 08:37:15.448 I/System.out(20294): }
12-09 08:37:15.448 I/System.out(20294): ProP json = {"command":"set_selection","arguments":[-1,-1]}
12-09 08:37:15.449 I/System.out(20294): files: {}
12-09 08:37:15.449 I/System.out(20294): command: {"command":"set_selection","arguments":[-1,-1]}
12-09 08:37:15.450 I/InstrumentationBackend(20294): Got command:'Command:'Line:null,set_selection', arguments:'[-1, -1]'
12-09 08:37:15.693 I/System.out(20294): result:{"bonusInformation":[],"message":"","success":true}
12-09 08:37:16.152 D/gralloc_ranchu( 1218): gralloc_alloc: Creating ashmem region of size 3686400
12-09 08:37:16.194 W/art     ( 1865): Suspending all threads took: 10.683ms
12-09 08:37:16.213 I/art     ( 1865): Background sticky concurrent mark sweep GC freed 2161(321KB) AllocSpace objects, 3(76KB) LOS objects, 18% free, 2MB/3MB, paused 11.682ms total 30.999ms
12-09 08:37:16.220 I/System.out(20294): URI: //
12-09 08:37:16.220 I/System.out(20294): params: {json={"command":"keyboard_enter_text","arguments":["000"]}
12-09 08:37:16.220 I/System.out(20294): }
12-09 08:37:16.220 I/System.out(20294): header: {date=Sun, 09 Dec 2018 08:37:16 GMT, accept=*/*, content-length=53, host=127.0.0.1:34777, user-agent=HTTPClient/1.0 (2.8.3, ruby 2.3.1 (2016-04-26)), content-type=application/json;charset=utf-8}
12-09 08:37:16.220 I/System.out(20294): params: {json={"command":"keyboard_enter_text","arguments":["000"]}
12-09 08:37:16.220 I/System.out(20294): }
12-09 08:37:16.220 I/System.out(20294): ProP json = {"command":"keyboard_enter_text","arguments":["000"]}
12-09 08:37:16.220 I/System.out(20294): files: {}
12-09 08:37:16.220 I/System.out(20294): command: {"command":"keyboard_enter_text","arguments":["000"]}
12-09 08:37:16.221 I/InstrumentationBackend(20294): Got command:'Command:'Line:null,keyboard_enter_text', arguments:'[000]'
12-09 08:37:16.316 E/SpannableStringBuilder(20294): SPAN_EXCLUSIVE_EXCLUSIVE spans cannot have a zero length
12-09 08:37:16.316 E/SpannableStringBuilder(20294): SPAN_EXCLUSIVE_EXCLUSIVE spans cannot have a zero length
12-09 08:37:16.329 E/SpannableStringBuilder(20294): SPAN_EXCLUSIVE_EXCLUSIVE spans cannot have a zero length
12-09 08:37:16.330 E/SpannableStringBuilder(20294): SPAN_EXCLUSIVE_EXCLUSIVE spans cannot have a zero length
12-09 08:37:16.345 I/System.out(20294): result:{"bonusInformation":[],"message":"","success":true}
12-09 08:37:16.501 I/System.out(20294): URI: //map
12-09 08:37:16.501 I/System.out(20294): params: {json={"query":"android.widget.Button index:2","operation":{"method_name":"query","arguments":[]}}
12-09 08:37:16.501 I/System.out(20294): }
12-09 08:37:16.653 I/art     (20294): Background sticky concurrent mark sweep GC freed 15176(601KB) AllocSpace objects, 1(20KB) LOS objects, 0% free, 3MB/3MB, paused 9.463ms total 112.612ms
12-09 08:37:16.764 I/System.out(20294): URI: //gesture
12-09 08:37:16.764 I/System.out(20294): params: {json={"query_timeout":5.0,"gestures":[{"query_string":"android.widget.Button index:2","touches":[{"x":50,"y":50,"offset_x":0,"offset_y":0,"wait":0.0,"time":0.2,"release":true,"query_string":null}]}]}
12-09 08:37:16.764 I/System.out(20294): }
12-09 08:37:17.200 W/audio_hw_generic( 1304): Hardware backing HAL too slow, could only write 0 of 661 frames
12-09 08:37:17.216 W/audio_hw_generic( 1304): Hardware backing HAL too slow, could only write 0 of 661 frames
12-09 08:37:17.231 W/audio_hw_generic( 1304): Hardware backing HAL too slow, could only write 0 of 661 frames
12-09 08:37:17.247 W/audio_hw_generic( 1304): Hardware backing HAL too slow, could only write 0 of 661 frames
12-09 08:37:17.296 I/LatinIME( 1865): Starting input. Cursor position = 0,0
12-09 08:37:17.386 D/gralloc_ranchu( 1218): gralloc_alloc: Creating ashmem region of size 45056
12-09 08:37:17.391 W/audio_hw_generic( 1304): Hardware backing HAL too slow, could only write 0 of 661 frames
12-09 08:37:17.410 W/audio_hw_generic( 1304): Hardware backing HAL too slow, could only write 0 of 661 frames
12-09 08:37:17.559 W/audio_hw_generic( 1304): Hardware backing HAL too slow, could only write 0 of 661 frames
12-09 08:37:17.580 W/audio_hw_generic( 1304): Hardware backing HAL too slow, could only write 0 of 661 frames
12-09 08:37:17.637 W/audio_hw_generic( 1304): Not supplying enough data to HAL, expected position 44499991 , only wrote 44499181
12-09 08:37:17.638 W/audio_hw_generic( 1304): Not supplying enough data to HAL, expected position 44499187 , only wrote 44499181
12-09 08:37:17.654 W/audio_hw_generic( 1304): Not supplying enough data to HAL, expected position 44499885 , only wrote 44499842
12-09 08:37:17.757 W/art     ( 1591): Long monitor contention event with owner method=void com.android.server.wm.WindowAnimator$1.doFrame(long) from WindowAnimator.java:121 waiters=0 for 118ms
12-09 08:37:17.766 E/SurfaceFlinger( 1218): ro.sf.lcd_density must be defined as a build property
12-09 08:37:17.767 W/audio_hw_generic( 1304): Not supplying enough data to HAL, expected position 44504827 , only wrote 44504469
12-09 08:37:17.767 W/audio_hw_generic( 1304): Not supplying enough data to HAL, expected position 44504481 , only wrote 44504469
12-09 08:37:17.782 W/audio_hw_generic( 1304): Not supplying enough data to HAL, expected position 44505155 , only wrote 44505130
12-09 08:37:17.846 D/gralloc_ranchu( 1218): gralloc_alloc: Creating ashmem region of size 3686400
12-09 08:37:17.874 D/        (20328): HostConnection::get() New Host Connection established 0x7fd9bb2d2480, tid 20328
12-09 08:37:17.899 E/EGL_emulation( 1218): tid 1218: eglCreateSyncKHR(1881): error 0x3004 (EGL_BAD_ATTRIBUTE)
12-09 08:37:18.165 I/Choreographer( 1865): Skipped 51 frames!  The application may be doing too much work on its main thread.
12-09 08:37:18.311 W/audio_hw_generic( 1304): Not supplying enough data to HAL, expected position 44528442 , only wrote 44525621
12-09 08:37:18.326 W/audio_hw_generic( 1304): Not supplying enough data to HAL, expected position 44526288 , only wrote 44525621
12-09 08:37:18.356 W/audio_hw_generic( 1304): Hardware backing HAL too slow, could only write 0 of 661 frames
12-09 08:37:18.371 W/audio_hw_generic( 1304): Hardware backing HAL too slow, could only write 0 of 661 frames
12-09 08:37:18.875 W/audio_hw_generic( 1304): Hardware backing HAL too slow, could only write 0 of 661 frames
12-09 08:37:18.878 I/System.out(20294): URI: //map
12-09 08:37:18.878 I/System.out(20294): params: {json={"query":"android.widget.EditText id:'volume'","operation":{"method_name":"query","arguments":[]}}
12-09 08:37:18.878 I/System.out(20294): }
12-09 08:37:18.881 W/audio_hw_generic( 1304): Hardware backing HAL too slow, could only write 0 of 661 frames
12-09 08:37:18.925 W/ResourceType(20294): No package identifier when getting name for resource number 0x00000001
12-09 08:37:18.931 W/audio_hw_generic( 1304): Not supplying enough data to HAL, expected position 44552305 , only wrote 44551400
12-09 08:37:18.931 W/audio_hw_generic( 1304): Not supplying enough data to HAL, expected position 44551406 , only wrote 44551400
12-09 08:37:18.955 W/audio_hw_generic( 1304): Not supplying enough data to HAL, expected position 44552442 , only wrote 44552061
12-09 08:37:19.037 W/audio_hw_generic( 1304): Not supplying enough data to HAL, expected position 44555681 , only wrote 44555366
12-09 08:37:19.037 W/audio_hw_generic( 1304): Not supplying enough data to HAL, expected position 44555372 , only wrote 44555366
12-09 08:37:19.058 I/System.out(20294): URI: //gesture
12-09 08:37:19.058 I/System.out(20294): params: {json={"query_timeout":5.0,"gestures":[{"query_string":"android.widget.EditText id:'volume'","touches":[{"x":50,"y":50,"offset_x":0,"offset_y":0,"wait":0.0,"time":0.2,"release":true,"query_string":null}]}]}
12-09 08:37:19.058 I/System.out(20294): }
12-09 08:37:19.059 W/audio_hw_generic( 1304): Not supplying enough data to HAL, expected position 44556316 , only wrote 44556027
12-09 08:37:19.118 I/art     (20294): Background sticky concurrent mark sweep GC freed 45311(2037KB) AllocSpace objects, 2(40KB) LOS objects, 18% free, 2MB/3MB, paused 1ms total 181.223ms
12-09 08:37:19.122 W/ResourceType(20294): No package identifier when getting name for resource number 0x00000001
12-09 08:37:19.321 W/audio_hw_generic( 1304): Hardware backing HAL too slow, could only write 0 of 661 frames
12-09 08:37:19.351 W/audio_hw_generic( 1304): Hardware backing HAL too slow, could only write 0 of 661 frames
12-09 08:37:19.421 W/audio_hw_generic( 1304): Not supplying enough data to HAL, expected position 44572015 , only wrote 44571891
12-09 08:37:20.020 I/System.out(20294): URI: //
12-09 08:37:20.020 I/System.out(20294): params: {json={"command":"set_selection","arguments":[-1,-1]}
12-09 08:37:20.020 I/System.out(20294): }
12-09 08:37:20.020 I/System.out(20294): header: {date=Sun, 09 Dec 2018 08:37:20 GMT, accept=*/*, content-length=47, host=127.0.0.1:34777, user-agent=HTTPClient/1.0 (2.8.3, ruby 2.3.1 (2016-04-26)), content-type=application/json;charset=utf-8}
12-09 08:37:20.020 I/System.out(20294): params: {json={"command":"set_selection","arguments":[-1,-1]}
12-09 08:37:20.020 I/System.out(20294): }
12-09 08:37:20.020 I/System.out(20294): ProP json = {"command":"set_selection","arguments":[-1,-1]}
12-09 08:37:20.020 I/System.out(20294): files: {}
12-09 08:37:20.020 I/System.out(20294): command: {"command":"set_selection","arguments":[-1,-1]}
12-09 08:37:20.021 I/InstrumentationBackend(20294): Got command:'Command:'Line:null,set_selection', arguments:'[-1, -1]'
12-09 08:37:20.056 W/audio_hw_generic( 1304): Not supplying enough data to HAL, expected position 44599853 , only wrote 44599653
12-09 08:37:20.056 W/audio_hw_generic( 1304): Not supplying enough data to HAL, expected position 44599659 , only wrote 44599653
12-09 08:37:20.066 I/System.out(20294): result:{"bonusInformation":[],"message":"","success":true}
12-09 08:37:20.071 W/audio_hw_generic( 1304): Not supplying enough data to HAL, expected position 44600345 , only wrote 44600314
12-09 08:37:20.112 W/audio_hw_generic( 1304): Not supplying enough data to HAL, expected position 44602112 , only wrote 44601636
12-09 08:37:20.243 W/audio_hw_generic( 1304): Hardware backing HAL too slow, could only write 0 of 661 frames
12-09 08:37:20.254 W/audio_hw_generic( 1304): Hardware backing HAL too slow, could only write 0 of 661 frames
12-09 08:37:20.271 W/audio_hw_generic( 1304): Hardware backing HAL too slow, could only write 0 of 661 frames
12-09 08:37:20.283 W/audio_hw_generic( 1304): Hardware backing HAL too slow, could only write 0 of 661 frames
12-09 08:37:20.311 W/audio_hw_generic( 1304): Not supplying enough data to HAL, expected position 44617986 , only wrote 44610229
12-09 08:37:20.440 I/System.out(20294): URI: //
12-09 08:37:20.440 I/System.out(20294): params: {json={"command":"keyboard_enter_text","arguments":["000"]}
12-09 08:37:20.440 I/System.out(20294): }
12-09 08:37:20.441 I/System.out(20294): header: {date=Sun, 09 Dec 2018 08:37:20 GMT, accept=*/*, content-length=53, host=127.0.0.1:34777, user-agent=HTTPClient/1.0 (2.8.3, ruby 2.3.1 (2016-04-26)), content-type=application/json;charset=utf-8}
12-09 08:37:20.441 I/System.out(20294): params: {json={"command":"keyboard_enter_text","arguments":["000"]}
12-09 08:37:20.441 I/System.out(20294): }
12-09 08:37:20.441 I/System.out(20294): ProP json = {"command":"keyboard_enter_text","arguments":["000"]}
12-09 08:37:20.441 I/System.out(20294): files: {}
12-09 08:37:20.441 I/System.out(20294): command: {"command":"keyboard_enter_text","arguments":["000"]}
12-09 08:37:20.442 I/InstrumentationBackend(20294): Got command:'Command:'Line:null,keyboard_enter_text', arguments:'[000]'
12-09 08:37:20.442 E/SpannableStringBuilder(20294): SPAN_EXCLUSIVE_EXCLUSIVE spans cannot have a zero length
12-09 08:37:20.442 E/SpannableStringBuilder(20294): SPAN_EXCLUSIVE_EXCLUSIVE spans cannot have a zero length
12-09 08:37:20.447 E/SpannableStringBuilder(20294): SPAN_EXCLUSIVE_EXCLUSIVE spans cannot have a zero length
12-09 08:37:20.460 E/SpannableStringBuilder(20294): SPAN_EXCLUSIVE_EXCLUSIVE spans cannot have a zero length
12-09 08:37:20.570 I/System.out(20294): result:{"bonusInformation":[],"message":"","success":true}
12-09 08:37:20.641 I/System.out(20294): URI: //map
12-09 08:37:20.641 I/System.out(20294): params: {json={"query":"android.widget.Button index:2","operation":{"method_name":"query","arguments":[]}}
12-09 08:37:20.641 I/System.out(20294): }
12-09 08:37:20.772 W/art     (20294): Suspending all threads took: 83.575ms
12-09 08:37:20.786 I/art     (20294): Background sticky concurrent mark sweep GC freed 33163(1332KB) AllocSpace objects, 2(40KB) LOS objects, 17% free, 2MB/3MB, paused 84.747ms total 129.602ms
12-09 08:37:20.924 I/System.out(20294): URI: //gesture
12-09 08:37:20.924 I/System.out(20294): params: {json={"query_timeout":5.0,"gestures":[{"query_string":"android.widget.Button index:2","touches":[{"x":50,"y":50,"offset_x":0,"offset_y":0,"wait":0.0,"time":0.2,"release":true,"query_string":null}]}]}
12-09 08:37:20.924 I/System.out(20294): }
12-09 08:37:21.322 I/LatinIME( 1865): Starting input. Cursor position = 0,0
12-09 08:37:21.346 W/audio_hw_generic( 1304): Hardware backing HAL too slow, could only write 0 of 661 frames
12-09 08:37:21.346 W/audio_hw_generic( 1304): Hardware backing HAL too slow, could only write 0 of 661 frames
12-09 08:37:21.347 W/audio_hw_generic( 1304): Hardware backing HAL too slow, could only write 0 of 661 frames
12-09 08:37:21.362 W/audio_hw_generic( 1304): Hardware backing HAL too slow, could only write 0 of 661 frames
12-09 08:37:21.411 W/audio_hw_generic( 1304): Not supplying enough data to HAL, expected position 44613102 , only wrote 44612873
12-09 08:37:21.412 W/audio_hw_generic( 1304): Not supplying enough data to HAL, expected position 44612879 , only wrote 44612873
12-09 08:37:21.412 W/audio_hw_generic( 1304): Hardware backing HAL too slow, could only write 0 of 661 frames
12-09 08:37:21.412 W/audio_hw_generic( 1304): Hardware backing HAL too slow, could only write 0 of 661 frames
12-09 08:37:21.433 W/audio_hw_generic( 1304): Hardware backing HAL too slow, could only write 0 of 661 frames
12-09 08:37:21.443 W/audio_hw_generic( 1304): Hardware backing HAL too slow, could only write 0 of 661 frames
12-09 08:37:21.488 D/gralloc_ranchu( 1218): gralloc_alloc: Creating ashmem region of size 49152
12-09 08:37:21.699 W/audio_hw_generic( 1304): Not supplying enough data to HAL, expected position 44625566 , only wrote 44624771
12-09 08:37:21.700 W/audio_hw_generic( 1304): Not supplying enough data to HAL, expected position 44624777 , only wrote 44624771
12-09 08:37:21.775 W/audio_hw_generic( 1304): Hardware backing HAL too slow, could only write 0 of 661 frames
12-09 08:37:21.795 W/audio_hw_generic( 1304): Hardware backing HAL too slow, could only write 0 of 661 frames
12-09 08:37:21.858 W/audio_hw_generic( 1304): Hardware backing HAL too slow, could only write 0 of 661 frames
12-09 08:37:21.858 W/audio_hw_generic( 1304): Not supplying enough data to HAL, expected position 44631769 , only wrote 44631381
12-09 08:37:21.858 W/audio_hw_generic( 1304): Not supplying enough data to HAL, expected position 44631386 , only wrote 44631381
12-09 08:37:21.870 I/Choreographer( 1865): Skipped 34 frames!  The application may be doing too much work on its main thread.
12-09 08:37:21.883 W/audio_hw_generic( 1304): Not supplying enough data to HAL, expected position 44632483 , only wrote 44632042
12-09 08:37:22.065 W/audio_hw_generic( 1304): Not supplying enough data to HAL, expected position 44640071 , only wrote 44638652
12-09 08:37:22.066 W/audio_hw_generic( 1304): Not supplying enough data to HAL, expected position 44638659 , only wrote 44638652
12-09 08:37:22.085 E/SurfaceFlinger( 1218): ro.sf.lcd_density must be defined as a build property
12-09 08:37:22.098 W/audio_hw_generic( 1304): Hardware backing HAL too slow, could only write 0 of 661 frames
12-09 08:37:22.115 W/audio_hw_generic( 1304): Hardware backing HAL too slow, could only write 0 of 661 frames
12-09 08:37:22.135 W/audio_hw_generic( 1304): Hardware backing HAL too slow, could only write 0 of 661 frames
12-09 08:37:22.151 W/audio_hw_generic( 1304): Hardware backing HAL too slow, could only write 0 of 661 frames
12-09 08:37:22.200 D/gralloc_ranchu( 1218): gralloc_alloc: Creating ashmem region of size 3686400
12-09 08:37:22.203 W/audio_hw_generic( 1304): Not supplying enough data to HAL, expected position 44644727 , only wrote 44644601
12-09 08:37:22.203 W/audio_hw_generic( 1304): Not supplying enough data to HAL, expected position 44644607 , only wrote 44644601
12-09 08:37:22.215 D/        (20340): HostConnection::get() New Host Connection established 0x7f9504652480, tid 20340
12-09 08:37:22.219 W/audio_hw_generic( 1304): Not supplying enough data to HAL, expected position 44645280 , only wrote 44645262
12-09 08:37:22.246 E/EGL_emulation( 1218): tid 1218: eglCreateSyncKHR(1881): error 0x3004 (EGL_BAD_ATTRIBUTE)
12-09 08:37:22.331 W/audio_hw_generic( 1304): Not supplying enough data to HAL, expected position 44650215 , only wrote 44649889
12-09 08:37:22.331 W/audio_hw_generic( 1304): Not supplying enough data to HAL, expected position 44649896 , only wrote 44649889
12-09 08:37:22.348 W/audio_hw_generic( 1304): Not supplying enough data to HAL, expected position 44650627 , only wrote 44650550
12-09 08:37:22.562 W/audio_hw_generic( 1304): Not supplying enough data to HAL, expected position 44659966 , only wrote 44659804
12-09 08:37:22.563 W/audio_hw_generic( 1304): Not supplying enough data to HAL, expected position 44659810 , only wrote 44659804
12-09 08:37:22.583 W/audio_hw_generic( 1304): Not supplying enough data to HAL, expected position 44660742 , only wrote 44660465
12-09 08:37:22.624 W/audio_hw_generic( 1304): Hardware backing HAL too slow, could only write 0 of 661 frames
12-09 08:37:22.632 W/audio_hw_generic( 1304): Hardware backing HAL too slow, could only write 0 of 661 frames
12-09 08:37:22.706 W/audio_hw_generic( 1304): Not supplying enough data to HAL, expected position 44665895 , only wrote 44665092
12-09 08:37:22.706 W/audio_hw_generic( 1304): Not supplying enough data to HAL, expected position 44665098 , only wrote 44665092
12-09 08:37:22.731 W/audio_hw_generic( 1304): Not supplying enough data to HAL, expected position 44666191 , only wrote 44665753
12-09 08:37:22.746 W/audio_hw_generic( 1304): Hardware backing HAL too slow, could only write 0 of 661 frames
12-09 08:37:22.762 W/audio_hw_generic( 1304): Hardware backing HAL too slow, could only write 0 of 661 frames
12-09 08:37:22.777 W/audio_hw_generic( 1304): Hardware backing HAL too slow, could only write 0 of 661 frames
12-09 08:37:22.987 W/audio_hw_generic( 1304): Not supplying enough data to HAL, expected position 44677045 , only wrote 44672363
12-09 08:37:22.988 W/audio_hw_generic( 1304): Not supplying enough data to HAL, expected position 44672369 , only wrote 44672363
12-09 08:37:23.034 I/System.out(20294): URI: //map
12-09 08:37:23.034 I/System.out(20294): params: {json={"query":"android.widget.EditText id:'odometer'","operation":{"method_name":"query","arguments":[]}}
12-09 08:37:23.034 I/System.out(20294): }
12-09 08:37:23.041 W/ResourceType(20294): No package identifier when getting name for resource number 0x00000001
12-09 08:37:23.075 W/audio_hw_generic( 1304): Not supplying enough data to HAL, expected position 44676241 , only wrote 44673024
12-09 08:37:23.115 W/audio_hw_generic( 1304): Not supplying enough data to HAL, expected position 44674778 , only wrote 44674346
12-09 08:37:23.171 W/art     (20294): Suspending all threads took: 38.309ms
12-09 08:37:23.197 I/art     (20294): Background sticky concurrent mark sweep GC freed 44936(2025KB) AllocSpace objects, 1(20KB) LOS objects, 17% free, 2MB/3MB, paused 39.469ms total 141.134ms
12-09 08:37:23.225 I/System.out(20294): URI: //gesture
12-09 08:37:23.225 I/System.out(20294): params: {json={"query_timeout":5.0,"gestures":[{"query_string":"android.widget.EditText id:'odometer'","touches":[{"x":50,"y":50,"offset_x":0,"offset_y":0,"wait":0.0,"time":0.2,"release":true,"query_string":null}]}]}
12-09 08:37:23.225 I/System.out(20294): }
12-09 08:37:23.245 W/ResourceType(20294): No package identifier when getting name for resource number 0x00000001
12-09 08:37:23.380 W/audio_hw_generic( 1304): Not supplying enough data to HAL, expected position 44686020 , only wrote 44684922
12-09 08:37:23.380 W/audio_hw_generic( 1304): Not supplying enough data to HAL, expected position 44684928 , only wrote 44684922
12-09 08:37:23.433 W/audio_hw_generic( 1304): Not supplying enough data to HAL, expected position 44687266 , only wrote 44685583
12-09 08:37:23.591 I/art     (20294): Background sticky concurrent mark sweep GC freed 29430(1404KB) AllocSpace objects, 0(0B) LOS objects, 14% free, 2MB/3MB, paused 13.078ms total 90.635ms
12-09 08:37:23.875 W/audio_hw_generic( 1304): Not supplying enough data to HAL, expected position 44705067 , only wrote 44702769
12-09 08:37:23.893 W/audio_hw_generic( 1304): Not supplying enough data to HAL, expected position 44703569 , only wrote 44702769
