--------- beginning of main
12-09 08:35:37.641 D/gralloc_ranchu( 1223): gralloc_alloc: Creating ashmem region of size 708608
12-09 08:35:37.644 W/audio_hw_generic( 1306): Not supplying enough data to HAL, expected position 44957097 , only wrote 44956593
12-09 08:35:37.675 E/EGL_emulation( 1223): tid 1223: eglCreateSyncKHR(1881): error 0x3004 (EGL_BAD_ATTRIBUTE)
--------- beginning of system
12-09 08:35:37.830 W/ActivityManager( 1593): Finishing task with all activities already finished
12-09 08:35:37.830 W/ActivityManager( 1593): Duplicate finish request for ActivityRecord{82686cc u0 com.evancharlton.mileage/.Mileage t480 f}
12-09 08:35:37.841 W/ActivityManager( 1593): Finishing task with all activities already finished
12-09 08:35:37.841 W/ActivityManager( 1593): Duplicate finish request for ActivityRecord{82686cc u0 com.evancharlton.mileage/.Mileage t480 f}
12-09 08:35:37.842 W/ActivityManager( 1593): Finishing task with all activities already finished
12-09 08:35:37.842 W/ActivityManager( 1593): Duplicate finish request for ActivityRecord{82686cc u0 com.evancharlton.mileage/.Mileage t480 f}
12-09 08:35:37.977 D/EGL_emulation( 1941): eglMakeCurrent: 0x7fc6dfc21d20: ver 2 0 (tinfo 0x7fc6dfc028e0)
12-09 08:35:38.152 W/audio_hw_generic( 1306): Hardware backing HAL too slow, could only write 0 of 661 frames
12-09 08:35:38.217 W/art     ( 1593): Long monitor contention event with owner method=void com.android.server.wm.WindowAnimator$1.doFrame(long) from WindowAnimator.java:121 waiters=1 for 202ms
12-09 08:35:38.493 D/AndroidRuntime(19266): >>>>>> START com.android.internal.os.RuntimeInit uid 0 <<<<<<
12-09 08:35:38.503 D/AndroidRuntime(19266): CheckJNI is ON
12-09 08:35:38.546 D/ICU     (19266): No timezone override file found: /data/misc/zoneinfo/current/icu/icu_tzdata.dat
12-09 08:35:38.548 W/audio_hw_generic( 1306): Not supplying enough data to HAL, expected position 44996455 , only wrote 44996253
12-09 08:35:38.548 W/audio_hw_generic( 1306): Not supplying enough data to HAL, expected position 44996260 , only wrote 44996253
12-09 08:35:38.572 W/audio_hw_generic( 1306): Not supplying enough data to HAL, expected position 44997298 , only wrote 44996914
12-09 08:35:38.610 W/art     ( 1593): Long monitor contention event with owner method=void com.android.server.wm.WindowAnimator$1.doFrame(long) from WindowAnimator.java:121 waiters=1 for 211ms
12-09 08:35:38.680 W/audio_hw_generic( 1306): Not supplying enough data to HAL, expected position 45001676 , only wrote 45001541
12-09 08:35:38.686 W/audio_hw_generic( 1306): Not supplying enough data to HAL, expected position 45001839 , only wrote 45001541
12-09 08:35:38.702 E/memtrack(19266): Couldn't load memtrack module (No such file or directory)
12-09 08:35:38.702 E/android.os.Debug(19266): failed to load memtrack module: -2
12-09 08:35:38.704 I/Radio-JNI(19266): register_android_hardware_Radio DONE
12-09 08:35:38.748 D/AndroidRuntime(19266): Calling main entry com.android.commands.am.Am
12-09 08:35:38.750 I/ActivityManager( 1593): Force stopping com.evancharlton.mileage appid=10141 user=0: start instr
12-09 08:35:38.763 I/ActivityManager( 1593): Killing 19227:com.evancharlton.mileage/u0a141 (adj 0): stop com.evancharlton.mileage
12-09 08:35:38.840 W/InputDispatcher( 1593): channel '34d1585 com.evancharlton.mileage/com.evancharlton.mileage.Mileage (server)' ~ Consumer closed input channel or an error occurred.  events=0x9
12-09 08:35:38.840 E/InputDispatcher( 1593): channel '34d1585 com.evancharlton.mileage/com.evancharlton.mileage.Mileage (server)' ~ Channel is unrecoverably broken and will be disposed!
12-09 08:35:38.933 W/InputDispatcher( 1593): Attempted to unregister already unregistered input channel '34d1585 com.evancharlton.mileage/com.evancharlton.mileage.Mileage (server)'
12-09 08:35:38.933 W/InputMethodManagerService( 1593): Got RemoteException sending setActive(false) notification to pid 19227 uid 10141
12-09 08:35:38.971 I/WindowState( 1593): WIN DEATH: Window{7b53de7 u0 PopupWindow:c92266 EXITING}
12-09 08:35:39.066 I/Choreographer( 1941): Skipped 63 frames!  The application may be doing too much work on its main thread.
12-09 08:35:39.216 W/art     ( 1593): Long monitor contention event with owner method=void com.android.server.wm.WindowAnimator$1.doFrame(long) from WindowAnimator.java:121 waiters=4 for 291ms
12-09 08:35:39.216 I/WindowState( 1593): WIN DEATH: Window{34d1585 u0 com.evancharlton.mileage/com.evancharlton.mileage.Mileage EXITING}
12-09 08:35:39.216 W/art     ( 1593): Long monitor contention event with owner method=void com.android.server.wm.WindowManagerService.removeWindow(com.android.server.wm.Session, android.view.IWindow) from WindowManagerService.java:2696 waiters=3 for 276ms
12-09 08:35:39.218 W/ActivityManager( 1593): Crash of app com.evancharlton.mileage running instrumentation ComponentInfo{com.evancharlton.mileage.test/sh.calaba.instrumentationbackend.CalabashInstrumentationTestRunner}
12-09 08:35:39.218 I/ActivityManager( 1593): Force stopping com.evancharlton.mileage appid=10141 user=0: finished inst
12-09 08:35:39.397 I/ActivityManager( 1593): Start proc 19275:com.evancharlton.mileage/u0a141 for added application com.evancharlton.mileage
12-09 08:35:39.397 W/art     ( 1593): Long monitor contention event with owner method=boolean com.android.server.am.ActivityManagerService.startInstrumentation(android.content.ComponentName, java.lang.String, int, android.os.Bundle, android.app.IInstrumentationWatcher, android.app.IUiAutomationConnection, int, java.lang.String) from ActivityManagerService.java:17066 waiters=0 for 582ms
12-09 08:35:39.407 W/art     ( 1593): Long monitor contention event with owner method=boolean com.android.server.am.ActivityManagerService.startInstrumentation(android.content.ComponentName, java.lang.String, int, android.os.Bundle, android.app.IInstrumentationWatcher, android.app.IUiAutomationConnection, int, java.lang.String) from ActivityManagerService.java:17066 waiters=1 for 576ms
12-09 08:35:39.434 D/AndroidRuntime(19266): Shutting down VM
12-09 08:35:39.757 W/OpenGLRenderer( 1941): Incorrectly called buildLayer on View: ShortcutAndWidgetContainer, destroying layer...
12-09 08:35:39.950 W/art     ( 1593): Long monitor contention event with owner method=java.util.List com.android.server.am.ActivityManagerService.getAllStackInfos() from ActivityManagerService.java:8937 waiters=0 for 492ms
12-09 08:35:39.956 W/WindowAnimator( 1593): Failed to dispatch window animation state change.
12-09 08:35:39.956 W/WindowAnimator( 1593): android.os.DeadObjectException
12-09 08:35:39.956 W/WindowAnimator( 1593): 	at android.os.BinderProxy.transactNative(Native Method)
12-09 08:35:39.956 W/WindowAnimator( 1593): 	at android.os.BinderProxy.transact(Binder.java:503)
12-09 08:35:39.956 W/WindowAnimator( 1593): 	at android.view.IWindow$Stub$Proxy.onAnimationStopped(IWindow.java:534)
12-09 08:35:39.956 W/WindowAnimator( 1593): 	at com.android.server.wm.WindowAnimator.updateWindowsLocked(WindowAnimator.java:286)
12-09 08:35:39.956 W/WindowAnimator( 1593): 	at com.android.server.wm.WindowAnimator.animateLocked(WindowAnimator.java:678)
12-09 08:35:39.956 W/WindowAnimator( 1593): 	at com.android.server.wm.WindowAnimator.-wrap0(WindowAnimator.java)
12-09 08:35:39.956 W/WindowAnimator( 1593): 	at com.android.server.wm.WindowAnimator$1.doFrame(WindowAnimator.java:123)
12-09 08:35:39.956 W/WindowAnimator( 1593): 	at android.view.Choreographer$CallbackRecord.run(Choreographer.java:856)
12-09 08:35:39.956 W/WindowAnimator( 1593): 	at android.view.Choreographer.doCallbacks(Choreographer.java:670)
12-09 08:35:39.956 W/WindowAnimator( 1593): 	at android.view.Choreographer.doFrame(Choreographer.java:603)
12-09 08:35:39.956 W/WindowAnimator( 1593): 	at android.view.Choreographer$FrameDisplayEventReceiver.run(Choreographer.java:844)
12-09 08:35:39.956 W/WindowAnimator( 1593): 	at android.os.Handler.handleCallback(Handler.java:739)
12-09 08:35:39.956 W/WindowAnimator( 1593): 	at android.os.Handler.dispatchMessage(Handler.java:95)
12-09 08:35:39.956 W/WindowAnimator( 1593): 	at android.os.Looper.loop(Looper.java:148)
12-09 08:35:39.956 W/WindowAnimator( 1593): 	at android.os.HandlerThread.run(HandlerThread.java:61)
12-09 08:35:39.956 W/WindowAnimator( 1593): 	at com.android.server.ServiceThread.run(ServiceThread.java:46)
12-09 08:35:39.956 W/WindowAnimator( 1593): Failed to dispatch window animation state change.
12-09 08:35:39.956 W/WindowAnimator( 1593): android.os.DeadObjectException
12-09 08:35:39.956 W/WindowAnimator( 1593): 	at android.os.BinderProxy.transactNative(Native Method)
12-09 08:35:39.956 W/WindowAnimator( 1593): 	at android.os.BinderProxy.transact(Binder.java:503)
12-09 08:35:39.956 W/WindowAnimator( 1593): 	at android.view.IWindow$Stub$Proxy.onAnimationStopped(IWindow.java:534)
12-09 08:35:39.956 W/WindowAnimator( 1593): 	at com.android.server.wm.WindowAnimator.updateWindowsLocked(WindowAnimator.java:286)
12-09 08:35:39.956 W/WindowAnimator( 1593): 	at com.android.server.wm.WindowAnimator.animateLocked(WindowAnimator.java:678)
12-09 08:35:39.956 W/WindowAnimator( 1593): 	at com.android.server.wm.WindowAnimator.-wrap0(WindowAnimator.java)
12-09 08:35:39.956 W/WindowAnimator( 1593): 	at com.android.server.wm.WindowAnimator$1.doFrame(WindowAnimator.java:123)
12-09 08:35:39.956 W/WindowAnimator( 1593): 	at android.view.Choreographer$CallbackRecord.run(Choreographer.java:856)
12-09 08:35:39.956 W/WindowAnimator( 1593): 	at android.view.Choreographer.doCallbacks(Choreographer.java:670)
12-09 08:35:39.956 W/WindowAnimator( 1593): 	at android.view.Choreographer.doFrame(Choreographer.java:603)
12-09 08:35:39.956 W/WindowAnimator( 1593): 	at android.view.Choreographer$FrameDisplayEventReceiver.run(Choreographer.java:844)
12-09 08:35:39.956 W/WindowAnimator( 1593): 	at android.os.Handler.handleCallback(Handler.java:739)
12-09 08:35:39.956 W/WindowAnimator( 1593): 	at android.os.Handler.dispatchMessage(Handler.java:95)
12-09 08:35:39.956 W/WindowAnimator( 1593): 	at android.os.Looper.loop(Looper.java:148)
12-09 08:35:39.956 W/WindowAnimator( 1593): 	at android.os.HandlerThread.run(HandlerThread.java:61)
12-09 08:35:39.956 W/WindowAnimator( 1593): 	at com.android.server.ServiceThread.run(ServiceThread.java:46)
12-09 08:35:40.046 W/System  (19275): ClassLoader referenced unknown path: /data/app/com.evancharlton.mileage.test-1/lib/x86_64
12-09 08:35:40.046 W/System  (19275): ClassLoader referenced unknown path: /data/app/com.evancharlton.mileage-1/lib/x86_64
12-09 08:35:40.128 I/System.out(19275): Main activity name automatically set to: com.evancharlton.mileage.Mileage
12-09 08:35:40.129 I/System.out(19275): Calabash did not load Mono. This is only a problem if you are trying to test a Mono application
12-09 08:35:40.129 I/calabash(19275): Test server port: 7102
12-09 08:35:40.130 I/InstrumentationBackend(19275): Added:'GetPreferences', with key:'get_preferences'
12-09 08:35:40.142 I/art     (19275): Background partial concurrent mark sweep GC freed 4408(213KB) AllocSpace objects, 0(0B) LOS objects, 56% free, 804KB/1828KB, paused 19.979ms total 90.102ms
12-09 08:35:40.263 I/InstrumentationBackend(19275): Added:'SetPreferences', with key:'set_preferences'
12-09 08:35:40.267 I/InstrumentationBackend(19275): Added:'ClearPreferences', with key:'clear_preferences'
12-09 08:35:40.267 I/InstrumentationBackend(19275): Added:'PressElement', with key:'press_l10n_element'
12-09 08:35:40.267 I/InstrumentationBackend(19275): Added:'WaitForElement', with key:'wait_for_l10n_element'
12-09 08:35:40.268 I/InstrumentationBackend(19275): Added:'NullAction', with key:'nullAction'
12-09 08:35:40.268 I/InstrumentationBackend(19275): Added:'PressKey', with key:'press_key'
12-09 08:35:40.268 I/InstrumentationBackend(19275): Added:'SetActivityOrientation', with key:'set_activity_orientation'
12-09 08:35:40.268 I/InstrumentationBackend(19275): Added:'GetActivityOrientation', with key:'get_activity_orientation'
12-09 08:35:40.269 I/InstrumentationBackend(19275): Added:'FakeGPSLocation', with key:'set_gps_coordinates'
12-09 08:35:40.269 I/InstrumentationBackend(19275): Added:'SetPropertyByCssSelector', with key:'set_property_by_css_selector'
12-09 08:35:40.269 I/InstrumentationBackend(19275): Added:'GetUrl', with key:'get_url'
12-09 08:35:40.270 I/InstrumentationBackend(19275): Added:'ScrollTo', with key:'scroll_to'
12-09 08:35:40.270 I/InstrumentationBackend(19275): Added:'GetLoadProgress', with key:'get_load_progress'
12-09 08:35:40.271 I/InstrumentationBackend(19275): Added:'DumpHtml', with key:'dump_html'
12-09 08:35:40.279 I/InstrumentationBackend(19275): Added:'DumpBodyHtml', with key:'dump_body_html'
12-09 08:35:40.280 I/InstrumentationBackend(19275): Added:'EnterTextByCssSelector', with key:'enter_text_by_selector'
12-09 08:35:40.280 I/InstrumentationBackend(19275): Added:'AndroidSDKVersion', with key:'android_sdk_version'
12-09 08:35:40.281 I/InstrumentationBackend(19275): Added:'Version', with key:'version'
12-09 08:35:40.281 I/InstrumentationBackend(19275): Added:'Drag', with key:'drag'
12-09 08:35:40.281 I/InstrumentationBackend(19275): Added:'TouchCoordinates', with key:'touch_coordinate'
12-09 08:35:40.281 I/InstrumentationBackend(19275): Added:'LongPressCoordinate', with key:'long_press_coordinate'
12-09 08:35:40.281 I/InstrumentationBackend(19275): Added:'DragCoordinates', with key:'drag_coordinates'
12-09 08:35:40.282 I/InstrumentationBackend(19275): Added:'ResumeApplication', with key:'resume_application'
12-09 08:35:40.282 I/InstrumentationBackend(19275): Added:'Swipe', with key:'swipe'
12-09 08:35:40.282 I/InstrumentationBackend(19275): Added:'DoubleTapCoordinate', with key:'double_tap_coordinate'
12-09 08:35:40.282 I/InstrumentationBackend(19275): Added:'ClickOnScreen', with key:'click_on_screen'
12-09 08:35:40.282 I/InstrumentationBackend(19275): Added:'GetActivityName', with key:'get_activity_name'
12-09 08:35:40.282 I/InstrumentationBackend(19275): Added:'ScrollToView', with key:'scroll_to_view'
12-09 08:35:40.291 I/InstrumentationBackend(19275): Added:'ViewConfiguration', with key:'view_configuration'
12-09 08:35:40.291 I/InstrumentationBackend(19275): Added:'IsCurrentActivityFocused', with key:'is_current_activity_focused'
12-09 08:35:40.292 I/InstrumentationBackend(19275): Added:'SendTcp', with key:'send_tcp'
12-09 08:35:40.292 I/InstrumentationBackend(19275): Added:'DpToDevicePixel', with key:'dp_to_device_pixel'
12-09 08:35:40.292 I/InstrumentationBackend(19275): Added:'KeyboardEnterText', with key:'keyboard_enter_text'
12-09 08:35:40.293 I/InstrumentationBackend(19275): Added:'DeleteSurroundingText', with key:'delete_surrounding_text'
12-09 08:35:40.293 I/InstrumentationBackend(19275): Added:'SetComposingRegion', with key:'set_composing_region'
12-09 08:35:40.293 I/InstrumentationBackend(19275): Added:'SetSelection', with key:'set_selection'
12-09 08:35:40.293 I/InstrumentationBackend(19275): Added:'KeyboardKeyEvent', with key:'keyboard_key_event'
12-09 08:35:40.293 I/InstrumentationBackend(19275): Added:'PressUserActionButton', with key:'press_user_action_button'
12-09 08:35:40.294 I/InstrumentationBackend(19275): Added:'HideSoftKeyboard', with key:'hide_soft_keyboard'
12-09 08:35:40.294 I/InstrumentationBackend(19275): Added:'ListActions', with key:'list_actions'
12-09 08:35:40.294 I/calabash(19275): Instantiating http server at 7102
12-09 08:35:40.302 I/System.out(19275): HTTP Daemon listening on: 7102
12-09 08:35:40.315 I/System.out(19275): URI: //ping
12-09 08:35:40.315 I/System.out(19275): params: {json={}
12-09 08:35:40.315 I/System.out(19275): }
12-09 08:35:40.414 I/System.out(19275): URI: //ping
12-09 08:35:40.414 I/System.out(19275): params: {json={}
12-09 08:35:40.414 I/System.out(19275): }
12-09 08:35:40.560 I/System.out(19275): URI: //ready
12-09 08:35:40.560 I/System.out(19275): params: {json={}
12-09 08:35:40.560 I/System.out(19275): }
12-09 08:35:40.582 I/art     (19275): Background sticky concurrent mark sweep GC freed 4069(547KB) AllocSpace objects, 10(200KB) LOS objects, 46% free, 983KB/1828KB, paused 11.531ms total 18.375ms
12-09 08:35:40.594 I/System.out(19275): URI: //
12-09 08:35:40.594 I/System.out(19275): params: {json={"command":"version","arguments":[]}
12-09 08:35:40.594 I/System.out(19275): }
12-09 08:35:40.594 I/System.out(19275): header: {date=Sun, 09 Dec 2018 08:35:41 GMT, accept=*/*, content-length=36, host=127.0.0.1:34777, user-agent=HTTPClient/1.0 (2.8.3, ruby 2.3.1 (2016-04-26)), content-type=application/json;charset=utf-8}
12-09 08:35:40.594 I/System.out(19275): params: {json={"command":"version","arguments":[]}
12-09 08:35:40.594 I/System.out(19275): }
12-09 08:35:40.594 I/System.out(19275): ProP json = {"command":"version","arguments":[]}
12-09 08:35:40.594 I/System.out(19275): files: {}
12-09 08:35:40.594 I/System.out(19275): command: {"command":"version","arguments":[]}
12-09 08:35:40.637 I/InstrumentationBackend(19275): Got command:'Command:'Line:null,version', arguments:'[]'
12-09 08:35:40.711 I/System.out(19275): result:{"bonusInformation":[],"message":"0.9.8","success":true}
12-09 08:35:40.747 I/art     (19275): Background sticky concurrent mark sweep GC freed 14116(649KB) AllocSpace objects, 2(40KB) LOS objects, 32% free, 1233KB/1828KB, paused 6.179ms total 34.848ms
12-09 08:35:40.769 I/System.out(19275): URI: //start-application
12-09 08:35:40.769 I/System.out(19275): params: {json={"intent":null}
12-09 08:35:40.769 I/System.out(19275): }
12-09 08:35:40.818 I/ActivityManager( 1593): START u0 {act=android.intent.action.MAIN cat=[android.intent.category.LAUNCHER] flg=0x10200000 cmp=com.evancharlton.mileage/.Mileage} from uid 10141 on display 0
12-09 08:35:40.861 I/art     (19275): Background sticky concurrent mark sweep GC freed 17458(850KB) AllocSpace objects, 2(40KB) LOS objects, 26% free, 1339KB/1828KB, paused 10.035ms total 53.179ms
12-09 08:35:41.132 I/calabash(19275): newActivity1
12-09 08:35:41.144 D/gralloc_ranchu( 1223): gralloc_alloc: Creating ashmem region of size 3686400
12-09 08:35:41.172 I/calabash(19275): newActivity1
12-09 08:35:41.174 W/ActivityManager( 1593): Bad activity token: android.os.BinderProxy@cafe2ad
12-09 08:35:41.174 W/ActivityManager( 1593): java.lang.ClassCastException: android.os.BinderProxy cannot be cast to com.android.server.am.ActivityRecord$Token
12-09 08:35:41.174 W/ActivityManager( 1593): 	at com.android.server.am.ActivityRecord.forTokenLocked(ActivityRecord.java:424)
12-09 08:35:41.174 W/ActivityManager( 1593): 	at com.android.server.am.ActivityRecord.isInStackLocked(ActivityRecord.java:1121)
12-09 08:35:41.174 W/ActivityManager( 1593): 	at com.android.server.am.ActivityRecord.getStackLocked(ActivityRecord.java:1126)
12-09 08:35:41.174 W/ActivityManager( 1593): 	at com.android.server.am.ActivityManagerService.getActivityDisplayId(ActivityManagerService.java:8889)
12-09 08:35:41.174 W/ActivityManager( 1593): 	at android.app.ActivityManagerNative.onTransact(ActivityManagerNative.java:2338)
12-09 08:35:41.174 W/ActivityManager( 1593): 	at com.android.server.am.ActivityManagerService.onTransact(ActivityManagerService.java:2443)
12-09 08:35:41.174 W/ActivityManager( 1593): 	at android.os.Binder.execTransact(Binder.java:453)
12-09 08:35:41.192 W/ActivityManager( 1593): Bad activity token: android.os.BinderProxy@cafe2ad
12-09 08:35:41.192 W/ActivityManager( 1593): java.lang.ClassCastException: android.os.BinderProxy cannot be cast to com.android.server.am.ActivityRecord$Token
12-09 08:35:41.192 W/ActivityManager( 1593): 	at com.android.server.am.ActivityRecord.forTokenLocked(ActivityRecord.java:424)
12-09 08:35:41.192 W/ActivityManager( 1593): 	at com.android.server.am.ActivityRecord.isInStackLocked(ActivityRecord.java:1121)
12-09 08:35:41.192 W/ActivityManager( 1593): 	at com.android.server.am.ActivityManagerService.setTaskDescription(ActivityManagerService.java:8547)
12-09 08:35:41.192 W/ActivityManager( 1593): 	at android.app.ActivityManagerNative.onTransact(ActivityManagerNative.java:2410)
12-09 08:35:41.192 W/ActivityManager( 1593): 	at com.android.server.am.ActivityManagerService.onTransact(ActivityManagerService.java:2443)
12-09 08:35:41.192 W/ActivityManager( 1593): 	at android.os.Binder.execTransact(Binder.java:453)
12-09 08:35:41.432 V/PhoneStatusBar( 1689): setLightsOn(true)
12-09 08:35:41.457 D/EGL_emulation( 1941): eglMakeCurrent: 0x7fc6dfc21d20: ver 2 0 (tinfo 0x7fc6dfc028e0)
12-09 08:35:41.458 E/Surface ( 1941): getSlotFromBufferLocked: unknown buffer: 0x7fc6dbb4aa60
12-09 08:35:41.654 W/ActivityManager( 1593): Bad activity token: android.os.BinderProxy@cafe2ad
12-09 08:35:41.654 W/ActivityManager( 1593): java.lang.ClassCastException: android.os.BinderProxy cannot be cast to com.android.server.am.ActivityRecord$Token
12-09 08:35:41.654 W/ActivityManager( 1593): 	at com.android.server.am.ActivityRecord.forTokenLocked(ActivityRecord.java:424)
12-09 08:35:41.654 W/ActivityManager( 1593): 	at com.android.server.am.ActivityRecord.isInStackLocked(ActivityRecord.java:1121)
12-09 08:35:41.654 W/ActivityManager( 1593): 	at com.android.server.am.ActivityManagerService.getActivityOptions(ActivityManagerService.java:11038)
12-09 08:35:41.654 W/ActivityManager( 1593): 	at android.app.ActivityManagerNative.onTransact(ActivityManagerNative.java:1734)
12-09 08:35:41.654 W/ActivityManager( 1593): 	at com.android.server.am.ActivityManagerService.onTransact(ActivityManagerService.java:2443)
12-09 08:35:41.654 W/ActivityManager( 1593): 	at android.os.Binder.execTransact(Binder.java:453)
12-09 08:35:41.662 W/ActivityManager( 1593): Bad activity token: android.os.BinderProxy@cafe2ad
12-09 08:35:41.662 W/ActivityManager( 1593): java.lang.ClassCastException: android.os.BinderProxy cannot be cast to com.android.server.am.ActivityRecord$Token
12-09 08:35:41.662 W/ActivityManager( 1593): 	at com.android.server.am.ActivityRecord.forTokenLocked(ActivityRecord.java:424)
12-09 08:35:41.662 W/ActivityManager( 1593): 	at com.android.server.am.ActivityRecord.isInStackLocked(ActivityRecord.java:1121)
12-09 08:35:41.662 W/ActivityManager( 1593): 	at com.android.server.am.ActivityManagerService.getActivityOptions(ActivityManagerService.java:11038)
12-09 08:35:41.662 W/ActivityManager( 1593): 	at android.app.ActivityManagerNative.onTransact(ActivityManagerNative.java:1734)
12-09 08:35:41.662 W/ActivityManager( 1593): 	at com.android.server.am.ActivityManagerService.onTransact(ActivityManagerService.java:2443)
12-09 08:35:41.662 W/ActivityManager( 1593): 	at android.os.Binder.execTransact(Binder.java:453)
12-09 08:35:42.346 I/Choreographer(19275): Skipped 31 frames!  The application may be doing too much work on its main thread.
12-09 08:35:42.565 D/gralloc_ranchu( 1223): gralloc_alloc: Creating ashmem region of size 3686400
12-09 08:35:42.673 D/        (19275): HostConnection::get() New Host Connection established 0x7fc6dfb4b200, tid 19275
12-09 08:35:42.735 I/ActivityManager( 1593): Displayed com.evancharlton.mileage/.Mileage: +1s614ms
12-09 08:35:42.757 D/gralloc_ranchu( 1223): gralloc_alloc: Creating ashmem region of size 3686400
12-09 08:35:43.484 I/art     (19275): Background sticky concurrent mark sweep GC freed 10075(607KB) AllocSpace objects, 0(0B) LOS objects, 11% free, 2MB/2MB, paused 1.907ms total 108.833ms
12-09 08:35:43.500 I/System.out(19275): URI: //map
12-09 08:35:43.500 I/System.out(19275): params: {json={"query":"android.widget.CheckBox index:0","operation":{"method_name":"query","arguments":[]}}
12-09 08:35:43.500 I/System.out(19275): }
12-09 08:35:43.575 W/art     (19275): Suspending all threads took: 10.947ms
12-09 08:35:43.593 I/art     (19275): Background partial concurrent mark sweep GC freed 11969(580KB) AllocSpace objects, 1(20KB) LOS objects, 39% free, 2MB/3MB, paused 12.298ms total 66.522ms
12-09 08:35:43.696 D/gralloc_ranchu( 1223): gralloc_alloc: Creating ashmem region of size 3686400
12-09 08:35:43.815 I/System.out(19275): URI: //gesture
12-09 08:35:43.815 I/System.out(19275): params: {json={"query_timeout":5.0,"gestures":[{"query_string":"android.widget.CheckBox index:0","touches":[{"x":50,"y":50,"offset_x":0,"offset_y":0,"wait":0.0,"time":0.2,"release":true,"query_string":null}]}]}
12-09 08:35:43.816 I/System.out(19275): }
12-09 08:35:43.830 I/art     (19275): Background sticky concurrent mark sweep GC freed 33143(1546KB) AllocSpace objects, 1(20KB) LOS objects, 18% free, 2MB/3MB, paused 1.166ms total 164.248ms
12-09 08:35:44.496 W/art     (19275): Suspending all threads took: 15.506ms
12-09 08:35:44.499 W/audio_hw_generic( 1306): Hardware backing HAL too slow, could only write 0 of 661 frames
12-09 08:35:44.515 W/audio_hw_generic( 1306): Hardware backing HAL too slow, could only write 0 of 661 frames
12-09 08:35:44.533 I/art     (19275): Background sticky concurrent mark sweep GC freed 36490(1524KB) AllocSpace objects, 1(20KB) LOS objects, 32% free, 2MB/3MB, paused 16.807ms total 130.037ms
12-09 08:35:44.535 W/audio_hw_generic( 1306): Hardware backing HAL too slow, could only write 0 of 661 frames
12-09 08:35:44.544 W/audio_hw_generic( 1306): Hardware backing HAL too slow, could only write 0 of 661 frames
12-09 08:35:45.074 E/SurfaceFlinger( 1223): ro.sf.lcd_density must be defined as a build property
12-09 08:35:45.075 D/gralloc_ranchu( 1223): gralloc_alloc: Creating ashmem region of size 3686400
12-09 08:35:45.101 D/        (19303): HostConnection::get() New Host Connection established 0x7f9b4a112480, tid 19303
12-09 08:35:45.151 E/EGL_emulation( 1223): tid 1223: eglCreateSyncKHR(1881): error 0x3004 (EGL_BAD_ATTRIBUTE)
12-09 08:35:45.720 W/audio_hw_generic( 1306): Not supplying enough data to HAL, expected position 45056765 , only wrote 45056404
12-09 08:35:45.720 W/audio_hw_generic( 1306): Not supplying enough data to HAL, expected position 45056411 , only wrote 45056404
12-09 08:35:45.744 W/audio_hw_generic( 1306): Not supplying enough data to HAL, expected position 45057489 , only wrote 45057065
12-09 08:35:46.056 I/System.out(19275): URI: //map
12-09 08:35:46.057 I/System.out(19275): params: {json={"query":"android.widget.CheckBox index:0","operation":{"method_name":"query","arguments":[]}}
12-09 08:35:46.057 I/System.out(19275): }
12-09 08:35:46.201 I/System.out(19275): URI: //gesture
12-09 08:35:46.201 I/System.out(19275): params: {json={"query_timeout":5.0,"gestures":[{"query_string":"android.widget.CheckBox index:0","touches":[{"x":50,"y":50,"offset_x":0,"offset_y":0,"wait":0.0,"time":0.2,"release":true,"query_string":null}]}]}
12-09 08:35:46.201 I/System.out(19275): }
12-09 08:35:46.221 I/art     (19275): Background sticky concurrent mark sweep GC freed 54131(2MB) AllocSpace objects, 2(40KB) LOS objects, 12% free, 3MB/3MB, paused 10.130ms total 153.409ms
12-09 08:35:46.256 W/audio_hw_generic( 1306): Not supplying enough data to HAL, expected position 45079618 , only wrote 45079539
12-09 08:35:46.256 W/audio_hw_generic( 1306): Not supplying enough data to HAL, expected position 45079546 , only wrote 45079539
12-09 08:35:46.275 W/audio_hw_generic( 1306): Not supplying enough data to HAL, expected position 45080383 , only wrote 45080200
12-09 08:35:46.613 W/audio_hw_generic( 1306): Not supplying enough data to HAL, expected position 45095121 , only wrote 45094742
12-09 08:35:46.629 W/audio_hw_generic( 1306): Not supplying enough data to HAL, expected position 45095420 , only wrote 45094742
12-09 08:35:46.695 I/art     (19275): Background sticky concurrent mark sweep GC freed 22817(1008KB) AllocSpace objects, 0(0B) LOS objects, 14% free, 2MB/3MB, paused 1.340ms total 124.451ms
12-09 08:35:46.875 W/audio_hw_generic( 1306): Not supplying enough data to HAL, expected position 45105603 , only wrote 45105318
12-09 08:35:46.875 W/audio_hw_generic( 1306): Not supplying enough data to HAL, expected position 45105326 , only wrote 45105318
12-09 08:35:46.895 W/audio_hw_generic( 1306): Not supplying enough data to HAL, expected position 45106192 , only wrote 45105979
12-09 08:35:47.233 E/SurfaceFlinger( 1223): ro.sf.lcd_density must be defined as a build property
12-09 08:35:47.234 D/gralloc_ranchu( 1223): gralloc_alloc: Creating ashmem region of size 3686400
12-09 08:35:47.256 D/        (19309): HostConnection::get() New Host Connection established 0x7f1e16352480, tid 19309
12-09 08:35:47.280 E/EGL_emulation( 1223): tid 1223: eglCreateSyncKHR(1881): error 0x3004 (EGL_BAD_ATTRIBUTE)
12-09 08:35:47.288 W/audio_hw_generic( 1306): Not supplying enough data to HAL, expected position 45123292 , only wrote 45123165
12-09 08:35:47.789 W/audio_hw_generic( 1306): Not supplying enough data to HAL, expected position 45145250 , only wrote 45144317
12-09 08:35:47.789 W/audio_hw_generic( 1306): Not supplying enough data to HAL, expected position 45144324 , only wrote 45144317
12-09 08:35:47.815 W/audio_hw_generic( 1306): Not supplying enough data to HAL, expected position 45145483 , only wrote 45144978
12-09 08:35:48.010 W/audio_hw_generic( 1306): Hardware backing HAL too slow, could only write 0 of 661 frames
12-09 08:35:48.035 W/audio_hw_generic( 1306): Hardware backing HAL too slow, could only write 0 of 661 frames
12-09 08:35:48.050 W/audio_hw_generic( 1306): Hardware backing HAL too slow, could only write 0 of 661 frames
12-09 08:35:48.059 W/audio_hw_generic( 1306): Hardware backing HAL too slow, could only write 0 of 661 frames
