12-09 08:44:37.359 W/audio_hw_generic( 1307): Hardware backing HAL too slow, could only write 0 of 661 frames
12-09 08:44:37.374 W/audio_hw_generic( 1307): Hardware backing HAL too slow, could only write 0 of 661 frames
12-09 08:44:37.391 W/audio_hw_generic( 1307): Hardware backing HAL too slow, could only write 0 of 661 frames
12-09 08:44:37.404 W/audio_hw_generic( 1307): Hardware backing HAL too slow, could only write 0 of 661 frames
12-09 08:44:37.419 W/audio_hw_generic( 1307): Hardware backing HAL too slow, could only write 0 of 661 frames
12-09 08:44:37.726 W/audio_hw_generic( 1307): Not supplying enough data to HAL, expected position 52714727 , only wrote 52714089
12-09 08:44:37.730 W/audio_hw_generic( 1307): Not supplying enough data to HAL, expected position 52714096 , only wrote 52714089
12-09 08:44:37.741 W/audio_hw_generic( 1307): Not supplying enough data to HAL, expected position 52714755 , only wrote 52714750
12-09 08:44:37.754 W/art     ( 1592): Long monitor contention event with owner method=void com.android.server.wm.WindowAnimator$1.doFrame(long) from WindowAnimator.java:121 waiters=1 for 321ms
12-09 08:44:37.810 I/System.out(20719): URI: //map
12-09 08:44:37.810 I/System.out(20719): params: {json={"query":"android.widget.Button index:0","operation":{"method_name":"query","arguments":[]}}
12-09 08:44:37.810 I/System.out(20719): }
12-09 08:44:37.880 W/art     ( 1592): Long monitor contention event with owner method=void com.android.server.wm.WindowAnimator$1.doFrame(long) from WindowAnimator.java:121 waiters=1 for 257ms
12-09 08:44:37.881 W/art     ( 1592): Long monitor contention event with owner method=java.util.List com.android.server.am.ActivityManagerService.getAllStackInfos() from ActivityManagerService.java:8937 waiters=0 for 489ms
12-09 08:44:37.905 I/art     (20719): Background sticky concurrent mark sweep GC freed 15922(695KB) AllocSpace objects, 1(20KB) LOS objects, 19% free, 3MB/4MB, paused 25.728ms total 60.280ms
12-09 08:44:38.210 W/audio_hw_generic( 1307): Not supplying enough data to HAL, expected position 52735432 , only wrote 52732597
12-09 08:44:38.215 W/audio_hw_generic( 1307): Not supplying enough data to HAL, expected position 52732808 , only wrote 52732597
12-09 08:44:38.219 W/art     ( 1592): Long monitor contention event with owner method=void com.android.server.wm.WindowAnimator$1.doFrame(long) from WindowAnimator.java:121 waiters=0 for 131ms
12-09 08:44:38.234 W/audio_hw_generic( 1307): Not supplying enough data to HAL, expected position 52733422 , only wrote 52733258
12-09 08:44:38.802 D/gralloc_ranchu( 1226): gralloc_alloc: Creating ashmem region of size 3686400
12-09 08:44:38.836 W/audio_hw_generic( 1307): Not supplying enough data to HAL, expected position 52759801 , only wrote 52759698
12-09 08:44:38.836 W/audio_hw_generic( 1307): Not supplying enough data to HAL, expected position 52759705 , only wrote 52759698
12-09 08:44:38.865 W/audio_hw_generic( 1307): Not supplying enough data to HAL, expected position 52760978 , only wrote 52760359
12-09 08:44:38.995 W/audio_hw_generic( 1307): Hardware backing HAL too slow, could only write 0 of 661 frames
12-09 08:44:39.016 W/audio_hw_generic( 1307): Hardware backing HAL too slow, could only write 0 of 661 frames
12-09 08:44:39.038 W/audio_hw_generic( 1307): Hardware backing HAL too slow, could only write 0 of 661 frames
12-09 08:44:39.041 I/ActivityManager( 1592): Displayed com.evancharlton.mileage/.FillupInfoActivity: +2s664ms
12-09 08:44:39.051 W/audio_hw_generic( 1307): Hardware backing HAL too slow, could only write 0 of 661 frames
12-09 08:44:39.074 W/audio_hw_generic( 1307): Hardware backing HAL too slow, could only write 0 of 661 frames
12-09 08:44:39.082 W/audio_hw_generic( 1307): Hardware backing HAL too slow, could only write 0 of 661 frames
12-09 08:44:39.102 W/audio_hw_generic( 1307): Hardware backing HAL too slow, could only write 0 of 661 frames
12-09 08:44:39.189 W/audio_hw_generic( 1307): Hardware backing HAL too slow, could only write 0 of 661 frames
12-09 08:44:39.190 W/audio_hw_generic( 1307): Hardware backing HAL too slow, could only write 0 of 661 frames
12-09 08:44:39.206 W/audio_hw_generic( 1307): Hardware backing HAL too slow, could only write 0 of 661 frames
12-09 08:44:39.226 W/audio_hw_generic( 1307): Hardware backing HAL too slow, could only write 0 of 661 frames
12-09 08:44:39.236 W/audio_hw_generic( 1307): Hardware backing HAL too slow, could only write 0 of 661 frames
12-09 08:44:39.258 W/audio_hw_generic( 1307): Hardware backing HAL too slow, could only write 0 of 661 frames
12-09 08:44:39.287 W/audio_hw_generic( 1307): Not supplying enough data to HAL, expected position 52796815 , only wrote 52778867
12-09 08:44:39.443 W/art     (20719): Suspending all threads took: 11.949ms
12-09 08:44:39.487 I/art     (20719): Background sticky concurrent mark sweep GC freed 32382(1482KB) AllocSpace objects, 0(0B) LOS objects, 18% free, 3MB/4MB, paused 13.206ms total 178.692ms
12-09 08:44:39.681 I/System.out(20719): URI: //gesture
12-09 08:44:39.686 I/System.out(20719): params: {json={"query_timeout":5.0,"gestures":[{"query_string":"android.widget.Button index:0","touches":[{"x":50,"y":50,"offset_x":0,"offset_y":0,"wait":0.0,"time":0.2,"release":true,"query_string":null}]}]}
12-09 08:44:39.686 I/System.out(20719): }
12-09 08:44:39.909 D/gralloc_ranchu( 1226): gralloc_alloc: Creating ashmem region of size 3686400
12-09 08:44:40.167 I/ActivityManager( 1592): START u0 {cmp=com.evancharlton.mileage/.FillupInfoActivity (has extras)} from uid 10143 on display 0
12-09 08:44:40.204 W/audio_hw_generic( 1307): Hardware backing HAL too slow, could only write 0 of 661 frames
12-09 08:44:40.204 W/audio_hw_generic( 1307): Hardware backing HAL too slow, could only write 0 of 661 frames
12-09 08:44:40.219 W/audio_hw_generic( 1307): Hardware backing HAL too slow, could only write 0 of 661 frames
12-09 08:44:40.230 D/AudioFlinger( 1307): mixer(0xf4300000) throttle end: throttle time(11)
12-09 08:44:40.259 W/audio_hw_generic( 1307): Hardware backing HAL too slow, could only write 0 of 661 frames
12-09 08:44:40.270 W/audio_hw_generic( 1307): Hardware backing HAL too slow, could only write 0 of 661 frames
12-09 08:44:40.290 W/audio_hw_generic( 1307): Hardware backing HAL too slow, could only write 0 of 661 frames
12-09 08:44:40.306 W/audio_hw_generic( 1307): Hardware backing HAL too slow, could only write 0 of 661 frames
12-09 08:44:40.316 W/audio_hw_generic( 1307): Hardware backing HAL too slow, could only write 0 of 661 frames
12-09 08:44:40.436 W/audio_hw_generic( 1307): Not supplying enough data to HAL, expected position 52789103 , only wrote 52786799
12-09 08:44:40.436 W/audio_hw_generic( 1307): Not supplying enough data to HAL, expected position 52786806 , only wrote 52786799
12-09 08:44:40.480 I/calabash(20719): newActivity1
12-09 08:44:40.626 W/audio_hw_generic( 1307): Not supplying enough data to HAL, expected position 52795179 , only wrote 52794070
12-09 08:44:40.626 W/audio_hw_generic( 1307): Not supplying enough data to HAL, expected position 52794077 , only wrote 52794070
12-09 08:44:40.647 W/audio_hw_generic( 1307): Not supplying enough data to HAL, expected position 52794972 , only wrote 52794731
12-09 08:44:40.688 V/PhoneStatusBar( 1705): setLightsOn(true)
12-09 08:44:40.691 W/audio_hw_generic( 1307): Hardware backing HAL too slow, could only write 0 of 661 frames
12-09 08:44:40.715 D/gralloc_ranchu( 1226): gralloc_alloc: Creating ashmem region of size 3686400
12-09 08:44:40.801 W/audio_hw_generic( 1307): Not supplying enough data to HAL, expected position 52801526 , only wrote 52801341
12-09 08:44:40.894 W/audio_hw_generic( 1307): Not supplying enough data to HAL, expected position 52805472 , only wrote 52804646
12-09 08:44:40.895 W/audio_hw_generic( 1307): Not supplying enough data to HAL, expected position 52804653 , only wrote 52804646
12-09 08:44:40.895 W/audio_hw_generic( 1307): Hardware backing HAL too slow, could only write 0 of 661 frames
12-09 08:44:40.910 W/audio_hw_generic( 1307): Not supplying enough data to HAL, expected position 52805329 , only wrote 52805307
12-09 08:44:40.910 W/audio_hw_generic( 1307): Hardware backing HAL too slow, could only write 0 of 661 frames
12-09 08:44:40.934 W/audio_hw_generic( 1307): Hardware backing HAL too slow, could only write 0 of 661 frames
12-09 08:44:40.939 E/SurfaceFlinger( 1226): ro.sf.lcd_density must be defined as a build property
12-09 08:44:40.950 W/audio_hw_generic( 1307): Hardware backing HAL too slow, could only write 0 of 661 frames
12-09 08:44:40.966 W/audio_hw_generic( 1307): Hardware backing HAL too slow, could only write 0 of 661 frames
12-09 08:44:40.979 W/audio_hw_generic( 1307): Hardware backing HAL too slow, could only write 0 of 661 frames
12-09 08:44:40.994 W/audio_hw_generic( 1307): Hardware backing HAL too slow, could only write 0 of 661 frames
12-09 08:44:41.024 D/gralloc_ranchu( 1226): gralloc_alloc: Creating ashmem region of size 3686400
12-09 08:44:41.051 D/        (20827): HostConnection::get() New Host Connection established 0x7f393e8d2480, tid 20827
12-09 08:44:41.090 E/EGL_emulation( 1226): tid 1226: eglCreateSyncKHR(1881): error 0x3004 (EGL_BAD_ATTRIBUTE)
12-09 08:44:41.256 W/audio_hw_generic( 1307): Not supplying enough data to HAL, expected position 52820571 , only wrote 52820510
12-09 08:44:41.256 W/audio_hw_generic( 1307): Not supplying enough data to HAL, expected position 52820517 , only wrote 52820510
12-09 08:44:41.278 W/audio_hw_generic( 1307): Not supplying enough data to HAL, expected position 52821483 , only wrote 52821171
12-09 08:44:41.450 W/audio_hw_generic( 1307): Not supplying enough data to HAL, expected position 52828727 , only wrote 52828442
12-09 08:44:41.463 W/art     ( 1592): Long monitor contention event with owner method=void com.android.server.wm.WindowAnimator$1.doFrame(long) from WindowAnimator.java:121 waiters=1 for 198ms
12-09 08:44:41.543 W/audio_hw_generic( 1307): Not supplying enough data to HAL, expected position 52832564 , only wrote 52832408
12-09 08:44:41.580 W/art     ( 1592): Long monitor contention event with owner method=void com.android.server.wm.WindowAnimator$1.doFrame(long) from WindowAnimator.java:121 waiters=1 for 220ms
12-09 08:44:41.622 W/audio_hw_generic( 1307): Hardware backing HAL too slow, could only write 0 of 661 frames
12-09 08:44:41.630 W/audio_hw_generic( 1307): Hardware backing HAL too slow, could only write 0 of 661 frames
12-09 08:44:41.650 W/audio_hw_generic( 1307): Hardware backing HAL too slow, could only write 0 of 661 frames
12-09 08:44:41.675 W/audio_hw_generic( 1307): Hardware backing HAL too slow, could only write 0 of 661 frames
12-09 08:44:41.716 W/audio_hw_generic( 1307): Not supplying enough data to HAL, expected position 52840026 , only wrote 52839018
12-09 08:44:41.740 W/art     ( 1592): Long monitor contention event with owner method=void com.android.server.wm.WindowAnimator$1.doFrame(long) from WindowAnimator.java:121 waiters=1 for 277ms
12-09 08:44:41.777 W/audio_hw_generic( 1307): Not supplying enough data to HAL, expected position 52841693 , only wrote 52841662
12-09 08:44:41.777 W/audio_hw_generic( 1307): Not supplying enough data to HAL, expected position 52841669 , only wrote 52841662
12-09 08:44:41.817 W/audio_hw_generic( 1307): Not supplying enough data to HAL, expected position 52843454 , only wrote 52842323
12-09 08:44:41.886 W/art     ( 1592): Long monitor contention event with owner method=void com.android.server.wm.WindowAnimator$1.doFrame(long) from WindowAnimator.java:121 waiters=1 for 306ms
12-09 08:44:41.979 W/audio_hw_generic( 1307): Hardware backing HAL too slow, could only write 0 of 661 frames
12-09 08:44:42.007 W/audio_hw_generic( 1307): Not supplying enough data to HAL, expected position 52850687 , only wrote 52850255
12-09 08:44:42.007 W/audio_hw_generic( 1307): Hardware backing HAL too slow, could only write 0 of 661 frames
12-09 08:44:42.007 W/audio_hw_generic( 1307): Hardware backing HAL too slow, could only write 0 of 661 frames
12-09 08:44:42.017 W/art     ( 1592): Long monitor contention event with owner method=void com.android.server.wm.WindowAnimator$1.doFrame(long) from WindowAnimator.java:121 waiters=1 for 277ms
12-09 08:44:42.050 W/audio_hw_generic( 1307): Hardware backing HAL too slow, could only write 0 of 661 frames
12-09 08:44:42.066 W/audio_hw_generic( 1307): Hardware backing HAL too slow, could only write 0 of 661 frames
12-09 08:44:42.079 W/audio_hw_generic( 1307): Hardware backing HAL too slow, could only write 0 of 661 frames
12-09 08:44:42.140 W/art     ( 1592): Long monitor contention event with owner method=void com.android.server.wm.WindowAnimator$1.doFrame(long) from WindowAnimator.java:121 waiters=1 for 123ms
12-09 08:44:42.142 W/art     ( 1592): Long monitor contention event with owner method=java.util.List com.android.server.am.ActivityManagerService.getAllStackInfos() from ActivityManagerService.java:8937 waiters=0 for 425ms
12-09 08:44:42.315 I/ActivityManager( 1592): Displayed com.evancharlton.mileage/.FillupInfoActivity: +2s111ms
12-09 08:44:42.530 W/audio_hw_generic( 1307): Hardware backing HAL too slow, could only write 0 of 661 frames
12-09 08:44:42.596 D/AndroidRuntime(20830): >>>>>> START com.android.internal.os.RuntimeInit uid 0 <<<<<<
12-09 08:44:42.597 D/AndroidRuntime(20830): CheckJNI is ON
12-09 08:44:42.655 D/ICU     (20830): No timezone override file found: /data/misc/zoneinfo/current/icu/icu_tzdata.dat
12-09 08:44:42.705 W/audio_hw_generic( 1307): Not supplying enough data to HAL, expected position 52881036 , only wrote 52880000
12-09 08:44:42.719 W/art     ( 1592): Long monitor contention event with owner method=void com.android.server.wm.WindowAnimator$1.doFrame(long) from WindowAnimator.java:121 waiters=0 for 121ms
12-09 08:44:42.791 I/Choreographer(20719): Skipped 36 frames!  The application may be doing too much work on its main thread.
12-09 08:44:42.793 D/gralloc_ranchu( 1226): gralloc_alloc: Creating ashmem region of size 3686400
12-09 08:44:42.810 W/audio_hw_generic( 1307): Hardware backing HAL too slow, could only write 0 of 661 frames
12-09 08:44:42.830 W/audio_hw_generic( 1307): Hardware backing HAL too slow, could only write 0 of 661 frames
12-09 08:44:42.839 W/audio_hw_generic( 1307): Hardware backing HAL too slow, could only write 0 of 661 frames
12-09 08:44:42.862 W/audio_hw_generic( 1307): Hardware backing HAL too slow, could only write 0 of 661 frames
12-09 08:44:42.902 W/audio_hw_generic( 1307): Not supplying enough data to HAL, expected position 52888661 , only wrote 52887932
12-09 08:44:42.919 E/memtrack(20830): Couldn't load memtrack module (No such file or directory)
12-09 08:44:42.919 E/android.os.Debug(20830): failed to load memtrack module: -2
12-09 08:44:42.920 I/Radio-JNI(20830): register_android_hardware_Radio DONE
12-09 08:44:42.964 D/AndroidRuntime(20830): Calling main entry com.android.commands.input.Input
12-09 08:44:42.965 I/Input   (20830): injectKeyEvent: KeyEvent { action=ACTION_DOWN, keyCode=KEYCODE_BACK, scanCode=0, metaState=0, flags=0x0, repeatCount=0, eventTime=6494003, downTime=6494003, deviceId=-1, source=0x101 }
12-09 08:44:43.000 D/gralloc_ranchu( 1226): gralloc_alloc: Creating ashmem region of size 3686400
12-09 08:44:43.142 I/Input   (20830): injectKeyEvent: KeyEvent { action=ACTION_UP, keyCode=KEYCODE_BACK, scanCode=0, metaState=0, flags=0x0, repeatCount=0, eventTime=6494003, downTime=6494003, deviceId=-1, source=0x101 }
12-09 08:44:43.270 W/audio_hw_generic( 1307): Not supplying enough data to HAL, expected position 52904187 , only wrote 52899830
12-09 08:44:43.270 W/audio_hw_generic( 1307): Not supplying enough data to HAL, expected position 52899837 , only wrote 52899830
12-09 08:44:43.339 W/audio_hw_generic( 1307): Not supplying enough data to HAL, expected position 52902858 , only wrote 52900491
12-09 08:44:43.345 D/AndroidRuntime(20830): Shutting down VM
12-09 08:44:43.447 W/ActivityManager( 1592): Bad activity token: android.os.BinderProxy@bbc2f98
12-09 08:44:43.447 W/ActivityManager( 1592): java.lang.ClassCastException: android.os.BinderProxy cannot be cast to com.android.server.am.ActivityRecord$Token
12-09 08:44:43.447 W/ActivityManager( 1592): 	at com.android.server.am.ActivityRecord.forTokenLocked(ActivityRecord.java:424)
12-09 08:44:43.447 W/ActivityManager( 1592): 	at com.android.server.am.ActivityRecord.isInStackLocked(ActivityRecord.java:1121)
12-09 08:44:43.447 W/ActivityManager( 1592): 	at com.android.server.am.ActivityManagerService.getActivityOptions(ActivityManagerService.java:11038)
12-09 08:44:43.447 W/ActivityManager( 1592): 	at android.app.ActivityManagerNative.onTransact(ActivityManagerNative.java:1734)
12-09 08:44:43.447 W/ActivityManager( 1592): 	at com.android.server.am.ActivityManagerService.onTransact(ActivityManagerService.java:2443)
12-09 08:44:43.447 W/ActivityManager( 1592): 	at android.os.Binder.execTransact(Binder.java:453)
12-09 08:44:43.487 V/PhoneStatusBar( 1705): setLightsOn(true)
12-09 08:44:43.515 D/gralloc_ranchu( 1226): gralloc_alloc: Creating ashmem region of size 3686400
12-09 08:44:43.744 I/System.out(20719): URI: //gesture
12-09 08:44:43.744 I/System.out(20719): params: {json={"query_timeout":5.0,"gestures":[{"query_string":"android.widget.TabWidget descendant TextView index:2","touches":[{"x":50,"y":50,"offset_x":0,"offset_y":0,"wait":0.0,"time":0.2,"release":true,"query_string":null}]}]}
12-09 08:44:43.745 I/System.out(20719): }
12-09 08:44:44.110 D/gralloc_ranchu( 1226): gralloc_alloc: Creating ashmem region of size 3686400
12-09 08:44:44.727 W/art     ( 1592): Long monitor contention event with owner method=void com.android.server.wm.WindowAnimator$1.doFrame(long) from WindowAnimator.java:121 waiters=1 for 258ms
12-09 08:44:44.728 W/art     ( 1592): Long monitor contention event with owner method=void com.android.server.wm.WindowAnimator$1.doFrame(long) from WindowAnimator.java:121 waiters=1 for 172ms
12-09 08:44:45.007 D/gralloc_ranchu( 1226): gralloc_alloc: Creating ashmem region of size 3686400
12-09 08:44:45.296 I/calabash(20719): newActivity1
12-09 08:44:45.297 W/ActivityManager( 1592): Bad activity token: android.os.BinderProxy@75c8472
12-09 08:44:45.297 W/ActivityManager( 1592): java.lang.ClassCastException: android.os.BinderProxy cannot be cast to com.android.server.am.ActivityRecord$Token
12-09 08:44:45.297 W/ActivityManager( 1592): 	at com.android.server.am.ActivityRecord.forTokenLocked(ActivityRecord.java:424)
12-09 08:44:45.297 W/ActivityManager( 1592): 	at com.android.server.am.ActivityRecord.isInStackLocked(ActivityRecord.java:1121)
12-09 08:44:45.297 W/ActivityManager( 1592): 	at com.android.server.am.ActivityRecord.getStackLocked(ActivityRecord.java:1126)
12-09 08:44:45.297 W/ActivityManager( 1592): 	at com.android.server.am.ActivityManagerService.getActivityDisplayId(ActivityManagerService.java:8889)
12-09 08:44:45.297 W/ActivityManager( 1592): 	at android.app.ActivityManagerNative.onTransact(ActivityManagerNative.java:2338)
12-09 08:44:45.297 W/ActivityManager( 1592): 	at com.android.server.am.ActivityManagerService.onTransact(ActivityManagerService.java:2443)
12-09 08:44:45.297 W/ActivityManager( 1592): 	at android.os.Binder.execTransact(Binder.java:453)
12-09 08:44:45.311 W/ActivityManager( 1592): Bad activity token: android.os.BinderProxy@75c8472
12-09 08:44:45.311 W/ActivityManager( 1592): java.lang.ClassCastException: android.os.BinderProxy cannot be cast to com.android.server.am.ActivityRecord$Token
12-09 08:44:45.311 W/ActivityManager( 1592): 	at com.android.server.am.ActivityRecord.forTokenLocked(ActivityRecord.java:424)
12-09 08:44:45.311 W/ActivityManager( 1592): 	at com.android.server.am.ActivityRecord.isInStackLocked(ActivityRecord.java:1121)
12-09 08:44:45.311 W/ActivityManager( 1592): 	at com.android.server.am.ActivityManagerService.setTaskDescription(ActivityManagerService.java:8547)
12-09 08:44:45.311 W/ActivityManager( 1592): 	at android.app.ActivityManagerNative.onTransact(ActivityManagerNative.java:2410)
12-09 08:44:45.311 W/ActivityManager( 1592): 	at com.android.server.am.ActivityManagerService.onTransact(ActivityManagerService.java:2443)
12-09 08:44:45.311 W/ActivityManager( 1592): 	at android.os.Binder.execTransact(Binder.java:453)
12-09 08:44:45.330 W/art     (20719): Suspending all threads took: 8.638ms
12-09 08:44:45.363 D/VehicleStatisticsActivity(20719): Checking recalculation ...
12-09 08:44:45.366 W/audio_hw_generic( 1307): Hardware backing HAL too slow, could only write 0 of 661 frames
12-09 08:44:45.371 D/VehicleStatisticsActivity(20719): Recalculating statistics
12-09 08:44:45.371 D/VehicleStatisticsTask(20719): Calculation starting...
12-09 08:44:45.371 D/VehicleStatisticsActivity(20719): Recalculation started!
12-09 08:44:45.378 W/audio_hw_generic( 1307): Hardware backing HAL too slow, could only write 0 of 661 frames
12-09 08:44:45.390 W/audio_hw_generic( 1307): Hardware backing HAL too slow, could only write 0 of 661 frames
12-09 08:44:45.422 I/art     (20719): Background sticky concurrent mark sweep GC freed 45057(1942KB) AllocSpace objects, 1(20KB) LOS objects, 25% free, 3MB/4MB, paused 10.123ms total 131.592ms
12-09 08:44:45.432 W/ActivityManager( 1592): Bad activity token: android.os.BinderProxy@75c8472
12-09 08:44:45.432 W/ActivityManager( 1592): java.lang.ClassCastException: android.os.BinderProxy cannot be cast to com.android.server.am.ActivityRecord$Token
12-09 08:44:45.432 W/ActivityManager( 1592): 	at com.android.server.am.ActivityRecord.forTokenLocked(ActivityRecord.java:424)
12-09 08:44:45.432 W/ActivityManager( 1592): 	at com.android.server.am.ActivityRecord.isInStackLocked(ActivityRecord.java:1121)
12-09 08:44:45.432 W/ActivityManager( 1592): 	at com.android.server.am.ActivityManagerService.getActivityOptions(ActivityManagerService.java:11038)
12-09 08:44:45.432 W/ActivityManager( 1592): 	at android.app.ActivityManagerNative.onTransact(ActivityManagerNative.java:1734)
12-09 08:44:45.432 W/ActivityManager( 1592): 	at com.android.server.am.ActivityManagerService.onTransact(ActivityManagerService.java:2443)
12-09 08:44:45.432 W/ActivityManager( 1592): 	at android.os.Binder.execTransact(Binder.java:453)
12-09 08:44:45.433 W/ActivityManager( 1592): Bad activity token: android.os.BinderProxy@75c8472
12-09 08:44:45.433 W/ActivityManager( 1592): java.lang.ClassCastException: android.os.BinderProxy cannot be cast to com.android.server.am.ActivityRecord$Token
12-09 08:44:45.433 W/ActivityManager( 1592): 	at com.android.server.am.ActivityRecord.forTokenLocked(ActivityRecord.java:424)
12-09 08:44:45.433 W/ActivityManager( 1592): 	at com.android.server.am.ActivityRecord.isInStackLocked(ActivityRecord.java:1121)
12-09 08:44:45.433 W/ActivityManager( 1592): 	at com.android.server.am.ActivityManagerService.getActivityOptions(ActivityManagerService.java:11038)
12-09 08:44:45.433 W/ActivityManager( 1592): 	at android.app.ActivityManagerNative.onTransact(ActivityManagerNative.java:1734)
12-09 08:44:45.433 W/ActivityManager( 1592): 	at com.android.server.am.ActivityManagerService.onTransact(ActivityManagerService.java:2443)
12-09 08:44:45.433 W/ActivityManager( 1592): 	at android.os.Binder.execTransact(Binder.java:453)
12-09 08:44:45.477 D/VehicleStatisticsActivity(20719): Checking recalculation ...
12-09 08:44:45.478 D/CalculateTask(20719): Recalculating...
12-09 08:44:45.483 D/VehicleStatisticsActivity(20719): Recalculating statistics
12-09 08:44:45.483 D/VehicleStatisticsTask(20719): Calculation starting...
12-09 08:44:45.483 D/VehicleStatisticsActivity(20719): Recalculation started!
12-09 08:44:45.615 D/CalculateTask(20719): Recalculating...
12-09 08:44:45.691 W/audio_hw_generic( 1307): Not supplying enough data to HAL, expected position 52917104 , only wrote 52917016
12-09 08:44:45.795 W/audio_hw_generic( 1307): Hardware backing HAL too slow, could only write 0 of 661 frames
12-09 08:44:45.818 W/audio_hw_generic( 1307): Hardware backing HAL too slow, could only write 0 of 661 frames
12-09 08:44:45.834 W/audio_hw_generic( 1307): Hardware backing HAL too slow, could only write 0 of 661 frames
12-09 08:44:45.848 D/Mileage.ABS(20719): Finished backup
12-09 08:44:45.850 W/audio_hw_generic( 1307): Hardware backing HAL too slow, could only write 0 of 661 frames
12-09 08:44:45.874 W/audio_hw_generic( 1307): Hardware backing HAL too slow, could only write 0 of 661 frames
12-09 08:44:45.880 D/VehicleStatisticsTask(20719): Done recalculating!
12-09 08:44:45.887 W/audio_hw_generic( 1307): Hardware backing HAL too slow, could only write 0 of 661 frames
12-09 08:44:45.891 D/VehicleStatisticsAdapter(20719): Erasing the cache ...
12-09 08:44:45.892 D/Mileage.ABS(20719): Not backing up; 47
12-09 08:44:45.899 D/VehicleStatisticsAdapter(20719): Building new values ...
12-09 08:44:45.899 D/VehicleStatisticsAdapter(20719): Writing 29 records to the database ...
12-09 08:44:45.941 D/VehicleStatisticsTask(20719): Done recalculating!
12-09 08:44:45.958 W/audio_hw_generic( 1307): Hardware backing HAL too slow, could only write 0 of 661 frames
12-09 08:44:45.978 W/audio_hw_generic( 1307): Hardware backing HAL too slow, could only write 0 of 661 frames
12-09 08:44:45.990 W/audio_hw_generic( 1307): Hardware backing HAL too slow, could only write 0 of 661 frames
12-09 08:44:45.999 W/audio_hw_generic( 1307): Hardware backing HAL too slow, could only write 0 of 661 frames
12-09 08:44:46.018 W/audio_hw_generic( 1307): Hardware backing HAL too slow, could only write 0 of 661 frames
12-09 08:44:46.030 W/audio_hw_generic( 1307): Hardware backing HAL too slow, could only write 0 of 661 frames
12-09 08:44:46.047 W/audio_hw_generic( 1307): Hardware backing HAL too slow, could only write 0 of 661 frames
12-09 08:44:46.063 W/audio_hw_generic( 1307): Hardware backing HAL too slow, could only write 0 of 661 frames
12-09 08:44:46.075 E/SurfaceFlinger( 1226): ro.sf.lcd_density must be defined as a build property
12-09 08:44:46.077 D/gralloc_ranchu( 1226): gralloc_alloc: Creating ashmem region of size 3686400
12-09 08:44:46.128 D/VehicleStatisticsAdapter(20719): Erasing the cache ...
12-09 08:44:46.139 D/        (20844): HostConnection::get() New Host Connection established 0x7fc7a2b92480, tid 20844
12-09 08:44:46.169 E/EGL_emulation( 1226): tid 1226: eglCreateSyncKHR(1881): error 0x3004 (EGL_BAD_ATTRIBUTE)
12-09 08:44:46.170 D/Mileage.ABS(20719): Not backing up; 325
12-09 08:44:46.170 D/Mileage.ABS(20719): Not backing up; 325
12-09 08:44:46.170 D/Mileage.ABS(20719): Not backing up; 325
12-09 08:44:46.172 D/Mileage.ABS(20719): Not backing up; 327
12-09 08:44:46.184 D/Mileage.ABS(20719): Not backing up; 339
12-09 08:44:46.212 D/VehicleStatisticsAdapter(20719): Building new values ...
12-09 08:44:46.212 D/VehicleStatisticsAdapter(20719): Writing 29 records to the database ...
12-09 08:44:46.381 D/Mileage.ABS(20719): Not backing up; 535
12-09 08:44:46.381 D/Mileage.ABS(20719): Not backing up; 536
12-09 08:44:46.415 D/Mileage.ABS(20719): Not backing up; 570
12-09 08:44:46.416 D/Mileage.ABS(20719): Not backing up; 571
12-09 08:44:46.416 D/Mileage.ABS(20719): Not backing up; 571
12-09 08:44:46.427 D/Mileage.ABS(20719): Not backing up; 572
12-09 08:44:46.428 D/Mileage.ABS(20719): Not backing up; 583
12-09 08:44:46.432 D/Mileage.ABS(20719): Not backing up; 587
12-09 08:44:46.433 D/Mileage.ABS(20719): Not backing up; 588
12-09 08:44:46.534 D/Mileage.ABS(20719): Not backing up; 689
12-09 08:44:46.534 D/Mileage.ABS(20719): Not backing up; 689
12-09 08:44:46.534 D/Mileage.ABS(20719): Not backing up; 689
12-09 08:44:46.568 D/Mileage.ABS(20719): Not backing up; 723
12-09 08:44:46.570 D/Mileage.ABS(20719): Not backing up; 724
12-09 08:44:46.659 D/Mileage.ABS(20719): Not backing up; 814
12-09 08:44:46.663 D/Mileage.ABS(20719): Not backing up; 818
12-09 08:44:46.669 D/Mileage.ABS(20719): Not backing up; 824
12-09 08:44:46.741 W/audio_hw_generic( 1307): Not supplying enough data to HAL, expected position 52963329 , only wrote 52963286
12-09 08:44:46.741 W/audio_hw_generic( 1307): Not supplying enough data to HAL, expected position 52963293 , only wrote 52963286
12-09 08:44:46.773 W/audio_hw_generic( 1307): Not supplying enough data to HAL, expected position 52964673 , only wrote 52963947
12-09 08:44:46.850 W/audio_hw_generic( 1307): Not supplying enough data to HAL, expected position 52967343 , only wrote 52967252
12-09 08:44:47.007 D/Mileage.ABS(20719): Finished backup
12-09 08:44:47.106 D/Mileage.ABS(20719): Not backing up; 247
12-09 08:44:47.123 D/Mileage.ABS(20719): Not backing up; 264
12-09 08:44:47.135 D/Mileage.ABS(20719): Not backing up; 276
12-09 08:44:47.135 I/System.out(20719): URI: //map
12-09 08:44:47.135 I/System.out(20719): params: {json={"query":"* {text CONTAINS[c] 'Average fuel economy'}","operation":{"method_name":"query","arguments":[]}}
12-09 08:44:47.135 I/System.out(20719): }
12-09 08:44:47.145 D/Mileage.ABS(20719): Not backing up; 286
12-09 08:44:47.171 W/audio_hw_generic( 1307): Not supplying enough data to HAL, expected position 52981413 , only wrote 52981133
12-09 08:44:47.171 W/audio_hw_generic( 1307): Not supplying enough data to HAL, expected position 52981141 , only wrote 52981133
12-09 08:44:47.181 D/Mileage.ABS(20719): Not backing up; 322
12-09 08:44:47.181 D/Mileage.ABS(20719): Not backing up; 322
12-09 08:44:47.200 W/audio_hw_generic( 1307): Not supplying enough data to HAL, expected position 52982415 , only wrote 52981794
12-09 08:44:47.283 D/Mileage.ABS(20719): Not backing up; 424
12-09 08:44:47.284 D/Mileage.ABS(20719): Not backing up; 425
12-09 08:44:47.295 D/Mileage.ABS(20719): Not backing up; 436
12-09 08:44:47.296 D/Mileage.ABS(20719): Not backing up; 437
12-09 08:44:47.296 D/Mileage.ABS(20719): Not backing up; 437
12-09 08:44:47.297 D/Mileage.ABS(20719): Not backing up; 438
12-09 08:44:47.297 D/Mileage.ABS(20719): Not backing up; 438
12-09 08:44:47.383 W/audio_hw_generic( 1307): Not supplying enough data to HAL, expected position 52989875 , only wrote 52989726
12-09 08:44:47.389 I/art     (20719): Background sticky concurrent mark sweep GC freed 29018(1380KB) AllocSpace objects, 2(40KB) LOS objects, 23% free, 3MB/4MB, paused 1.173ms total 247.332ms
12-09 08:44:47.463 D/Mileage.ABS(20719): Not backing up; 603
12-09 08:44:47.478 W/audio_hw_generic( 1307): Hardware backing HAL too slow, could only write 0 of 661 frames
12-09 08:44:47.510 W/audio_hw_generic( 1307): Hardware backing HAL too slow, could only write 0 of 661 frames
12-09 08:44:47.518 D/Mileage.ABS(20719): Not backing up; 659
12-09 08:44:47.521 D/Mileage.ABS(20719): Not backing up; 662
12-09 08:44:47.530 W/audio_hw_generic( 1307): Hardware backing HAL too slow, could only write 0 of 661 frames
12-09 08:44:47.550 W/audio_hw_generic( 1307): Hardware backing HAL too slow, could only write 0 of 661 frames
12-09 08:44:47.575 W/audio_hw_generic( 1307): Hardware backing HAL too slow, could only write 0 of 661 frames
12-09 08:44:47.591 W/audio_hw_generic( 1307): Hardware backing HAL too slow, could only write 0 of 661 frames
12-09 08:44:47.610 D/Mileage.ABS(20719): Not backing up; 751
12-09 08:44:47.622 W/audio_hw_generic( 1307): Hardware backing HAL too slow, could only write 0 of 661 frames
12-09 08:44:47.623 D/Mileage.ABS(20719): Not backing up; 764
12-09 08:44:47.638 W/audio_hw_generic( 1307): Hardware backing HAL too slow, could only write 0 of 661 frames
12-09 08:44:47.638 W/art     (20719): Suspending all threads took: 5.611ms
12-09 08:44:47.654 W/audio_hw_generic( 1307): Hardware backing HAL too slow, could only write 0 of 661 frames
12-09 08:44:47.670 W/audio_hw_generic( 1307): Hardware backing HAL too slow, could only write 0 of 661 frames
12-09 08:44:47.728 D/Mileage.ABS(20719): Not backing up; 869
12-09 08:44:47.729 D/Mileage.ABS(20719): Not backing up; 870
12-09 08:44:47.729 D/Mileage.ABS(20719): Not backing up; 870
12-09 08:44:47.729 D/Mileage.ABS(20719): Not backing up; 870
12-09 08:44:47.729 D/Mileage.ABS(20719): Not backing up; 870
12-09 08:44:47.752 D/Mileage.ABS(20719): Not backing up; 892
12-09 08:44:47.765 D/Mileage.ABS(20719): Not backing up; 906
12-09 08:44:47.765 D/Mileage.ABS(20719): Not backing up; 906
12-09 08:44:47.779 I/art     (20719): Background partial concurrent mark sweep GC freed 29653(1385KB) AllocSpace objects, 2(40KB) LOS objects, 40% free, 3MB/6MB, paused 6.999ms total 164.602ms
12-09 08:44:47.806 D/VehicleStatisticsAdapter(20719): Caching of 29 records complete! (1.907 seconds)
12-09 08:44:47.847 I/System.out(20719): URI: //gesture
12-09 08:44:47.847 I/System.out(20719): params: {json={"query_timeout":5.0,"gestures":[{"query_string":"* {text CONTAINS[c] 'Average fuel economy'}","touches":[{"x":50,"y":50,"offset_x":0,"offset_y":0,"wait":0.0,"time":0.2,"release":true,"query_string":null}]}]}
12-09 08:44:47.847 I/System.out(20719): }
12-09 08:44:47.931 W/audio_hw_generic( 1307): Not supplying enough data to HAL, expected position 53013863 , only wrote 53013522
12-09 08:44:48.007 D/Mileage.ABS(20719): Finished backup
12-09 08:44:48.008 D/Mileage.ABS(20719): Not backing up; 62
12-09 08:44:48.008 D/Mileage.ABS(20719): Not backing up; 62
12-09 08:44:48.009 D/Mileage.ABS(20719): Not backing up; 63
12-09 08:44:48.009 D/Mileage.ABS(20719): Not backing up; 63
12-09 08:44:48.009 D/Mileage.ABS(20719): Not backing up; 63
12-09 08:44:48.113 D/VehicleStatisticsAdapter(20719): Caching of 29 records complete! (1.899 seconds)
12-09 08:44:48.142 D/Mileage.ABS(20719): Not backing up; 196
12-09 08:44:48.143 D/Mileage.ABS(20719): Not backing up; 197
12-09 08:44:48.149 D/Mileage.ABS(20719): Not backing up; 203
12-09 08:44:48.149 D/Mileage.ABS(20719): Not backing up; 203
12-09 08:44:48.149 D/Mileage.ABS(20719): Not backing up; 203
12-09 08:44:48.254 W/audio_hw_generic( 1307): Not supplying enough data to HAL, expected position 53027788 , only wrote 53027403
12-09 08:44:48.315 W/audio_hw_generic( 1307): Not supplying enough data to HAL, expected position 53030074 , only wrote 53030047
12-09 08:44:48.315 W/audio_hw_generic( 1307): Not supplying enough data to HAL, expected position 53030054 , only wrote 53030047
12-09 08:44:48.366 W/audio_hw_generic( 1307): Not supplying enough data to HAL, expected position 53032310 , only wrote 53032030
12-09 08:44:48.435 I/ActivityManager( 1592): START u0 {cmp=com.evancharlton.mileage/.charts.AverageFuelEconomyChart (has extras)} from uid 10143 on display 0
12-09 08:44:48.441 W/audio_hw_generic( 1307): Not supplying enough data to HAL, expected position 53038528 , only wrote 53035335
12-09 08:44:48.578 W/audio_hw_generic( 1307): Hardware backing HAL too slow, could only write 0 of 661 frames
12-09 08:44:48.585 D/AudioFlinger( 1307): mixer(0xf4300000) throttle end: throttle time(22)
12-09 08:44:48.610 W/audio_hw_generic( 1307): Hardware backing HAL too slow, could only write 0 of 661 frames
12-09 08:44:48.623 W/audio_hw_generic( 1307): Hardware backing HAL too slow, could only write 0 of 661 frames
12-09 08:44:48.645 W/audio_hw_generic( 1307): Hardware backing HAL too slow, could only write 0 of 661 frames
12-09 08:44:48.657 W/audio_hw_generic( 1307): Hardware backing HAL too slow, could only write 0 of 661 frames
12-09 08:44:48.761 I/calabash(20719): newActivity1
12-09 08:44:48.853 W/aiCharts(20719): License file is invalid or missing. 
12-09 08:44:48.853 W/aiCharts(20719): Please place proper license.lic to /assets folder.
12-09 08:44:48.988 V/PhoneStatusBar( 1705): setLightsOn(true)
12-09 08:44:49.023 I/art     (20719): Background sticky concurrent mark sweep GC freed 57968(2MB) AllocSpace objects, 4(80KB) LOS objects, 40% free, 3MB/6MB, paused 1.213ms total 236.335ms
12-09 08:44:49.147 E/SurfaceFlinger( 1226): ro.sf.lcd_density must be defined as a build property
12-09 08:44:49.180 D/gralloc_ranchu( 1226): gralloc_alloc: Creating ashmem region of size 3686400
12-09 08:44:49.193 W/audio_hw_generic( 1307): Hardware backing HAL too slow, could only write 0 of 661 frames
12-09 08:44:49.194 D/        (20861): HostConnection::get() New Host Connection established 0x7f2e8a3d2480, tid 20861
12-09 08:44:49.217 E/EGL_emulation( 1226): tid 1226: eglCreateSyncKHR(1881): error 0x3004 (EGL_BAD_ATTRIBUTE)
12-09 08:44:49.244 W/art     ( 1592): Long monitor contention event with owner method=int com.android.server.wm.WindowManagerService.relayoutWindow(com.android.server.wm.Session, android.view.IWindow, int, android.view.WindowManager$LayoutParams, int, int, int, int, android.graphics.Rect, android.graphics.Rect, android.graphics.Rect, android.graphics.Rect, android.graphics.Rect, android.graphics.Rect, android.content.res.Configuration, android.view.Surface) from WindowManagerService.java:3103 waiters=0 for 134ms
12-09 08:44:49.274 D/gralloc_ranchu( 1226): gralloc_alloc: Creating ashmem region of size 3686400
12-09 08:44:49.373 W/audio_hw_generic( 1307): Not supplying enough data to HAL, expected position 53071075 , only wrote 53069707
12-09 08:44:49.373 W/audio_hw_generic( 1307): Not supplying enough data to HAL, expected position 53069714 , only wrote 53069707
12-09 08:44:49.391 W/audio_hw_generic( 1307): Not supplying enough data to HAL, expected position 53070487 , only wrote 53070368
12-09 08:44:49.391 W/audio_hw_generic( 1307): Hardware backing HAL too slow, could only write 0 of 661 frames
12-09 08:44:49.391 W/audio_hw_generic( 1307): Hardware backing HAL too slow, could only write 0 of 661 frames
12-09 08:44:49.406 W/audio_hw_generic( 1307): Hardware backing HAL too slow, could only write 0 of 661 frames
12-09 08:44:49.422 W/audio_hw_generic( 1307): Hardware backing HAL too slow, could only write 0 of 661 frames
12-09 08:44:49.461 W/audio_hw_generic( 1307): Hardware backing HAL too slow, could only write 0 of 661 frames
12-09 08:44:49.467 W/audio_hw_generic( 1307): Hardware backing HAL too slow, could only write 0 of 661 frames
12-09 08:44:49.486 W/audio_hw_generic( 1307): Hardware backing HAL too slow, could only write 0 of 661 frames
12-09 08:44:49.506 W/audio_hw_generic( 1307): Hardware backing HAL too slow, could only write 0 of 661 frames
12-09 08:44:49.522 W/audio_hw_generic( 1307): Hardware backing HAL too slow, could only write 0 of 661 frames
12-09 08:44:49.531 W/audio_hw_generic( 1307): Hardware backing HAL too slow, could only write 0 of 661 frames
12-09 08:44:49.575 W/audio_hw_generic( 1307): Hardware backing HAL too slow, could only write 0 of 661 frames
12-09 08:44:49.575 W/audio_hw_generic( 1307): Not supplying enough data to HAL, expected position 53078477 , only wrote 53078300
12-09 08:44:49.575 W/audio_hw_generic( 1307): Not supplying enough data to HAL, expected position 53078306 , only wrote 53078300
12-09 08:44:49.575 W/audio_hw_generic( 1307): Hardware backing HAL too slow, could only write 0 of 661 frames
12-09 08:44:49.594 W/audio_hw_generic( 1307): Not supplying enough data to HAL, expected position 53079148 , only wrote 53078961
12-09 08:44:49.940 W/audio_hw_generic( 1307): Hardware backing HAL too slow, could only write 0 of 661 frames
12-09 08:44:49.955 W/audio_hw_generic( 1307): Hardware backing HAL too slow, could only write 0 of 661 frames
12-09 08:44:50.127 W/audio_hw_generic( 1307): Not supplying enough data to HAL, expected position 53102434 , only wrote 53100774
12-09 08:44:50.127 W/audio_hw_generic( 1307): Not supplying enough data to HAL, expected position 53100781 , only wrote 53100774
12-09 08:44:50.151 W/audio_hw_generic( 1307): Not supplying enough data to HAL, expected position 53101827 , only wrote 53101435
12-09 08:44:50.235 W/art     ( 1592): Long monitor contention event with owner method=void com.android.server.wm.WindowAnimator$1.doFrame(long) from WindowAnimator.java:121 waiters=0 for 267ms
12-09 08:44:50.289 W/audio_hw_generic( 1307): Not supplying enough data to HAL, expected position 53107517 , only wrote 53106723
12-09 08:44:50.289 W/audio_hw_generic( 1307): Not supplying enough data to HAL, expected position 53106731 , only wrote 53106723
12-09 08:44:50.307 W/audio_hw_generic( 1307): Not supplying enough data to HAL, expected position 53107515 , only wrote 53107384
12-09 08:44:50.354 W/audio_hw_generic( 1307): Hardware backing HAL too slow, could only write 0 of 661 frames
12-09 08:44:50.367 W/audio_hw_generic( 1307): Hardware backing HAL too slow, could only write 0 of 661 frames
12-09 08:44:50.383 W/audio_hw_generic( 1307): Hardware backing HAL too slow, could only write 0 of 661 frames
12-09 08:44:50.580 I/ActivityManager( 1592): Displayed com.evancharlton.mileage/.charts.AverageFuelEconomyChart: +1s891ms
12-09 08:44:50.847 W/audio_hw_generic( 1307): Not supplying enough data to HAL, expected position 53131198 , only wrote 53131180
12-09 08:44:50.942 W/audio_hw_generic( 1307): Hardware backing HAL too slow, could only write 0 of 661 frames
