12-09 08:11:36.110 W/audio_hw_generic( 1307): Hardware backing HAL too slow, could only write 0 of 661 frames
12-09 08:11:36.128 W/audio_hw_generic( 1307): Hardware backing HAL too slow, could only write 0 of 661 frames
12-09 08:11:36.155 W/audio_hw_generic( 1307): Hardware backing HAL too slow, could only write 0 of 661 frames
12-09 08:11:36.170 W/audio_hw_generic( 1307): Hardware backing HAL too slow, could only write 0 of 661 frames
12-09 08:11:36.244 W/audio_hw_generic( 1307): Hardware backing HAL too slow, could only write 0 of 661 frames
12-09 08:11:36.280 W/audio_hw_generic( 1307): Hardware backing HAL too slow, could only write 0 of 661 frames
12-09 08:11:36.280 W/audio_hw_generic( 1307): Not supplying enough data to HAL, expected position 27047663 , only wrote 27047459
12-09 08:11:36.281 W/audio_hw_generic( 1307): Not supplying enough data to HAL, expected position 27047465 , only wrote 27047459
12-09 08:11:36.290 D/Mileage.ABS(12565): Not backing up; 447
12-09 08:11:36.300 W/audio_hw_generic( 1307): Not supplying enough data to HAL, expected position 27048331 , only wrote 27048120
12-09 08:11:36.300 W/audio_hw_generic( 1307): Hardware backing HAL too slow, could only write 0 of 661 frames
12-09 08:11:36.301 W/audio_hw_generic( 1307): Hardware backing HAL too slow, could only write 0 of 661 frames
12-09 08:11:36.354 D/Mileage.ABS(12565): Not backing up; 511
12-09 08:11:36.358 D/Mileage.ABS(12565): Not backing up; 515
12-09 08:11:36.397 D/Mileage.ABS(12565): Not backing up; 554
12-09 08:11:36.440 D/Mileage.ABS(12565): Not backing up; 597
12-09 08:11:36.488 D/Mileage.ABS(12565): Not backing up; 645
12-09 08:11:36.604 D/Mileage.ABS(12565): Not backing up; 761
12-09 08:11:36.659 D/Mileage.ABS(12565): Not backing up; 816
12-09 08:11:36.743 W/audio_hw_generic( 1307): Not supplying enough data to HAL, expected position 27067619 , only wrote 27067289
12-09 08:11:36.743 W/audio_hw_generic( 1307): Not supplying enough data to HAL, expected position 27067296 , only wrote 27067289
12-09 08:11:36.758 W/audio_hw_generic( 1307): Not supplying enough data to HAL, expected position 27067970 , only wrote 27067950
12-09 08:11:36.779 D/Mileage.ABS(12565): Not backing up; 936
12-09 08:11:36.795 I/System.out(12565): URI: //gesture
12-09 08:11:36.795 I/System.out(12565): params: {json={"query_timeout":5.0,"gestures":[{"query_string":"android.widget.TabWidget descendant TextView index:0","touches":[{"x":50,"y":50,"offset_x":0,"offset_y":0,"wait":0.0,"time":0.2,"release":true,"query_string":null}]}]}
12-09 08:11:36.795 I/System.out(12565): }
12-09 08:11:36.923 W/audio_hw_generic( 1307): Not supplying enough data to HAL, expected position 27075199 , only wrote 27072577
12-09 08:11:36.942 W/audio_hw_generic( 1307): Hardware backing HAL too slow, could only write 0 of 661 frames
12-09 08:11:36.963 W/audio_hw_generic( 1307): Hardware backing HAL too slow, could only write 0 of 661 frames
12-09 08:11:37.063 W/audio_hw_generic( 1307): Not supplying enough data to HAL, expected position 27078777 , only wrote 27078526
12-09 08:11:37.069 D/Mileage.ABS(12565): Finished backup
12-09 08:11:37.192 D/Mileage.ABS(12565): Not backing up; 125
12-09 08:11:37.263 W/audio_hw_generic( 1307): Not supplying enough data to HAL, expected position 27087321 , only wrote 27086458
12-09 08:11:37.263 W/audio_hw_generic( 1307): Not supplying enough data to HAL, expected position 27086465 , only wrote 27086458
12-09 08:11:37.278 W/audio_hw_generic( 1307): Not supplying enough data to HAL, expected position 27087145 , only wrote 27087119
12-09 08:11:37.311 D/Mileage.ABS(12565): Not backing up; 244
12-09 08:11:37.327 D/Mileage.ABS(12565): Not backing up; 260
12-09 08:11:37.328 D/Mileage.ABS(12565): Not backing up; 261
12-09 08:11:37.391 W/audio_hw_generic( 1307): Not supplying enough data to HAL, expected position 27092068 , only wrote 27091746
12-09 08:11:37.443 D/AudioFlinger( 1307): mixer(0xf4300000) throttle end: throttle time(33)
12-09 08:11:37.519 W/CursorWrapperInner(12565): Cursor finalized without prior close()
12-09 08:11:37.520 W/CursorWrapperInner(12565): Cursor finalized without prior close()
12-09 08:11:37.520 I/art     (12565): Background sticky concurrent mark sweep GC freed 49483(2MB) AllocSpace objects, 1(20KB) LOS objects, 33% free, 2MB/4MB, paused 5.848ms total 180.132ms
12-09 08:11:37.667 W/audio_hw_generic( 1307): Not supplying enough data to HAL, expected position 27103942 , only wrote 27102983
12-09 08:11:37.667 W/audio_hw_generic( 1307): Not supplying enough data to HAL, expected position 27102990 , only wrote 27102983
12-09 08:11:37.684 W/audio_hw_generic( 1307): Not supplying enough data to HAL, expected position 27103718 , only wrote 27103644
12-09 08:11:37.791 W/audio_hw_generic( 1307): Not supplying enough data to HAL, expected position 27108360 , only wrote 27108271
12-09 08:11:37.791 W/audio_hw_generic( 1307): Not supplying enough data to HAL, expected position 27108278 , only wrote 27108271
12-09 08:11:37.796 D/Mileage.ABS(12565): Not backing up; 729
12-09 08:11:37.807 W/audio_hw_generic( 1307): Not supplying enough data to HAL, expected position 27108971 , only wrote 27108932
12-09 08:11:37.838 W/audio_hw_generic( 1307): Hardware backing HAL too slow, could only write 0 of 661 frames
12-09 08:11:37.862 D/Mileage.ABS(12565): Not backing up; 795
12-09 08:11:37.896 E/SurfaceFlinger( 1226): ro.sf.lcd_density must be defined as a build property
12-09 08:11:37.897 D/gralloc_ranchu( 1226): gralloc_alloc: Creating ashmem region of size 3686400
12-09 08:11:37.911 D/Mileage.ABS(12565): Not backing up; 837
12-09 08:11:37.911 D/Mileage.ABS(12565): Not backing up; 844
12-09 08:11:37.964 D/        (12622): HostConnection::get() New Host Connection established 0x7f4117092480, tid 12622
12-09 08:11:37.970 D/Mileage.ABS(12565): Not backing up; 903
12-09 08:11:37.971 D/Mileage.ABS(12565): Not backing up; 904
12-09 08:11:37.983 E/EGL_emulation( 1226): tid 1226: eglCreateSyncKHR(1881): error 0x3004 (EGL_BAD_ATTRIBUTE)
12-09 08:11:38.080 W/audio_hw_generic( 1307): Hardware backing HAL too slow, could only write 0 of 661 frames
12-09 08:11:38.296 D/Mileage.ABS(12565): Finished backup
12-09 08:11:38.345 D/Mileage.ABS(12565): Not backing up; 79
12-09 08:11:38.389 D/Mileage.ABS(12565): Not backing up; 124
12-09 08:11:38.420 D/Mileage.ABS(12565): Not backing up; 124
12-09 08:11:38.545 D/Mileage.ABS(12565): Not backing up; 280
12-09 08:11:38.546 D/Mileage.ABS(12565): Not backing up; 281
12-09 08:11:38.547 D/Mileage.ABS(12565): Not backing up; 282
12-09 08:11:38.602 W/audio_hw_generic( 1307): Hardware backing HAL too slow, could only write 0 of 661 frames
12-09 08:11:38.662 W/audio_hw_generic( 1307): Not supplying enough data to HAL, expected position 27146637 , only wrote 27146609
12-09 08:11:38.662 W/audio_hw_generic( 1307): Not supplying enough data to HAL, expected position 27146616 , only wrote 27146609
12-09 08:11:38.687 W/audio_hw_generic( 1307): Not supplying enough data to HAL, expected position 27147712 , only wrote 27147270
12-09 08:11:38.822 W/audio_hw_generic( 1307): Not supplying enough data to HAL, expected position 27153223 , only wrote 27153219
12-09 08:11:38.823 W/audio_hw_generic( 1307): Hardware backing HAL too slow, could only write 0 of 661 frames
12-09 08:11:38.833 D/Mileage.ABS(12565): Not backing up; 568
12-09 08:11:38.912 W/audio_hw_generic( 1307): Not supplying enough data to HAL, expected position 27157192 , only wrote 27157185
12-09 08:11:38.944 W/audio_hw_generic( 1307): Hardware backing HAL too slow, could only write 0 of 661 frames
12-09 08:11:38.987 D/Mileage.ABS(12565): Not backing up; 722
12-09 08:11:38.988 D/Mileage.ABS(12565): Not backing up; 723
12-09 08:11:38.998 D/Mileage.ABS(12565): Not backing up; 733
12-09 08:11:38.999 D/Mileage.ABS(12565): Not backing up; 734
12-09 08:11:39.000 D/Mileage.ABS(12565): Not backing up; 735
12-09 08:11:39.023 W/audio_hw_generic( 1307): Hardware backing HAL too slow, could only write 0 of 661 frames
12-09 08:11:39.045 I/System.out(12565): URI: //
12-09 08:11:39.045 I/System.out(12565): params: {json={"command":"set_activity_orientation","arguments":["landscape"]}
12-09 08:11:39.045 I/System.out(12565): }
12-09 08:11:39.045 I/System.out(12565): header: {date=Sun, 09 Dec 2018 08:11:39 GMT, accept=*/*, content-length=64, host=127.0.0.1:34777, user-agent=HTTPClient/1.0 (2.8.3, ruby 2.3.1 (2016-04-26)), content-type=application/json;charset=utf-8}
12-09 08:11:39.045 I/System.out(12565): params: {json={"command":"set_activity_orientation","arguments":["landscape"]}
12-09 08:11:39.045 I/System.out(12565): }
12-09 08:11:39.045 I/System.out(12565): ProP json = {"command":"set_activity_orientation","arguments":["landscape"]}
12-09 08:11:39.045 I/System.out(12565): files: {}
12-09 08:11:39.045 I/System.out(12565): command: {"command":"set_activity_orientation","arguments":["landscape"]}
12-09 08:11:39.051 I/InstrumentationBackend(12565): Got command:'Command:'Line:null,set_activity_orientation', arguments:'[landscape]'
12-09 08:11:39.110 W/audio_hw_generic( 1307): Hardware backing HAL too slow, could only write 0 of 661 frames
12-09 08:11:39.137 D/gralloc_ranchu( 1226): gralloc_alloc: Creating ashmem region of size 3686400
12-09 08:11:39.142 W/audio_hw_generic( 1307): Hardware backing HAL too slow, could only write 0 of 661 frames
12-09 08:11:39.160 D/Mileage.ABS(12565): Not backing up; 895
12-09 08:11:39.210 E/EGL_emulation( 1226): tid 1226: eglCreateSyncKHR(1881): error 0x3004 (EGL_BAD_ATTRIBUTE)
12-09 08:11:39.522 W/audio_hw_generic( 1307): Not supplying enough data to HAL, expected position 27184079 , only wrote 27172388
12-09 08:11:39.522 W/audio_hw_generic( 1307): Not supplying enough data to HAL, expected position 27172395 , only wrote 27172388
12-09 08:11:39.538 W/audio_hw_generic( 1307): Not supplying enough data to HAL, expected position 27173072 , only wrote 27173049
12-09 08:11:39.589 W/audio_hw_generic( 1307): Hardware backing HAL too slow, could only write 0 of 661 frames
12-09 08:11:39.610 W/audio_hw_generic( 1307): Hardware backing HAL too slow, could only write 0 of 661 frames
12-09 08:11:39.618 W/audio_hw_generic( 1307): Hardware backing HAL too slow, could only write 0 of 661 frames
12-09 08:11:39.634 W/audio_hw_generic( 1307): Hardware backing HAL too slow, could only write 0 of 661 frames
12-09 08:11:39.650 W/audio_hw_generic( 1307): Hardware backing HAL too slow, could only write 0 of 661 frames
12-09 08:11:39.661 W/audio_hw_generic( 1307): Hardware backing HAL too slow, could only write 0 of 661 frames
12-09 08:11:39.662 I/ActivityManager( 1592): Config changes=480 {1.0 310mcc260mnc en_US ldltr sw720dp w1280dp h696dp 160dpi xlrg long land finger -keyb/v/h tball/v s.37}
12-09 08:11:39.674 W/audio_hw_generic( 1307): Hardware backing HAL too slow, could only write 0 of 661 frames
12-09 08:11:39.694 W/audio_hw_generic( 1307): Hardware backing HAL too slow, could only write 0 of 661 frames
12-09 08:11:39.714 W/audio_hw_generic( 1307): Hardware backing HAL too slow, could only write 0 of 661 frames
12-09 08:11:39.726 W/audio_hw_generic( 1307): Hardware backing HAL too slow, could only write 0 of 661 frames
12-09 08:11:39.743 W/audio_hw_generic( 1307): Hardware backing HAL too slow, could only write 0 of 661 frames
12-09 08:11:39.831 W/art     ( 1592): Long monitor contention event with owner method=void com.android.server.wm.WindowManagerService.setNewConfiguration(android.content.res.Configuration) from WindowManagerService.java:4043 waiters=0 for 167ms
12-09 08:11:39.841 W/art     ( 1592): Long monitor contention event with owner method=void com.android.server.am.ActivityManagerService.setRequestedOrientation(android.os.IBinder, int) from ActivityManagerService.java:4192 waiters=0 for 778ms
12-09 08:11:39.850 W/art     ( 1592): Long monitor contention event with owner method=void com.android.server.am.ActivityManagerService.setRequestedOrientation(android.os.IBinder, int) from ActivityManagerService.java:4192 waiters=1 for 691ms
12-09 08:11:39.851 W/art     ( 1592): Long monitor contention event with owner method=void com.android.server.am.ActivityManagerService.setRequestedOrientation(android.os.IBinder, int) from ActivityManagerService.java:4192 waiters=2 for 690ms
12-09 08:11:39.851 W/art     ( 1592): Long monitor contention event with owner method=void com.android.server.am.ActivityManagerService.setRequestedOrientation(android.os.IBinder, int) from ActivityManagerService.java:4192 waiters=3 for 683ms
12-09 08:11:39.854 I/InputReader( 1592): Reconfiguring input devices.  changes=0x00000004
12-09 08:11:39.854 I/InputReader( 1592): Device reconfigured: id=0, name='qwerty2', size 720x1280, orientation 1, mode 1, display id 0
12-09 08:11:39.992 W/audio_hw_generic( 1307): Not supplying enough data to HAL, expected position 27193082 , only wrote 27192879
12-09 08:11:40.001 I/System.out(12565): result:{"bonusInformation":[],"message":"","success":true}
12-09 08:11:40.063 D/EGL_emulation( 1705): eglMakeCurrent: 0x7f529dce51a0: ver 2 0 (tinfo 0x7f529189f240)
12-09 08:11:40.066 E/Surface ( 1705): getSlotFromBufferLocked: unknown buffer: 0x7f528f3061a0
12-09 08:11:40.068 D/EGL_emulation( 1705): eglMakeCurrent: 0x7f529dce51a0: ver 2 0 (tinfo 0x7f529189f240)
12-09 08:11:40.293 W/audio_hw_generic( 1307): Not supplying enough data to HAL, expected position 27206155 , only wrote 27206099
12-09 08:11:40.293 W/audio_hw_generic( 1307): Not supplying enough data to HAL, expected position 27206106 , only wrote 27206099
12-09 08:11:40.365 I/calabash(12565): newActivity1
12-09 08:11:40.375 I/WindowManager( 1592): Screen frozen for +1s323ms due to Window{27809ad u0 com.evancharlton.mileage/com.evancharlton.mileage.Mileage}
12-09 08:11:40.462 W/audio_hw_generic( 1307): Not supplying enough data to HAL, expected position 27220428 , only wrote 27213370
12-09 08:11:40.873 W/art     ( 1592): Long monitor contention event with owner method=void com.android.server.wm.WindowManagerService$H.handleMessage(android.os.Message) from WindowManagerService.java:7820 waiters=0 for 466ms
12-09 08:11:40.873 I/calabash(12565): newActivity1
12-09 08:11:40.874 W/ActivityManager( 1592): Bad activity token: android.os.BinderProxy@f7fe28d
12-09 08:11:40.874 W/ActivityManager( 1592): java.lang.ClassCastException: android.os.BinderProxy cannot be cast to com.android.server.am.ActivityRecord$Token
12-09 08:11:40.874 W/ActivityManager( 1592): 	at com.android.server.am.ActivityRecord.forTokenLocked(ActivityRecord.java:424)
12-09 08:11:40.874 W/ActivityManager( 1592): 	at com.android.server.am.ActivityRecord.isInStackLocked(ActivityRecord.java:1121)
12-09 08:11:40.874 W/ActivityManager( 1592): 	at com.android.server.am.ActivityRecord.getStackLocked(ActivityRecord.java:1126)
12-09 08:11:40.874 W/ActivityManager( 1592): 	at com.android.server.am.ActivityManagerService.getActivityDisplayId(ActivityManagerService.java:8889)
12-09 08:11:40.874 W/ActivityManager( 1592): 	at android.app.ActivityManagerNative.onTransact(ActivityManagerNative.java:2338)
12-09 08:11:40.874 W/ActivityManager( 1592): 	at com.android.server.am.ActivityManagerService.onTransact(ActivityManagerService.java:2443)
12-09 08:11:40.874 W/ActivityManager( 1592): 	at android.os.Binder.execTransact(Binder.java:453)
12-09 08:11:40.875 W/ActivityManager( 1592): Bad activity token: android.os.BinderProxy@f7fe28d
12-09 08:11:40.875 W/ActivityManager( 1592): java.lang.ClassCastException: android.os.BinderProxy cannot be cast to com.android.server.am.ActivityRecord$Token
12-09 08:11:40.875 W/ActivityManager( 1592): 	at com.android.server.am.ActivityRecord.forTokenLocked(ActivityRecord.java:424)
12-09 08:11:40.875 W/ActivityManager( 1592): 	at com.android.server.am.ActivityRecord.isInStackLocked(ActivityRecord.java:1121)
12-09 08:11:40.875 W/ActivityManager( 1592): 	at com.android.server.am.ActivityManagerService.setTaskDescription(ActivityManagerService.java:8547)
12-09 08:11:40.875 W/ActivityManager( 1592): 	at android.app.ActivityManagerNative.onTransact(ActivityManagerNative.java:2410)
12-09 08:11:40.875 W/ActivityManager( 1592): 	at com.android.server.am.ActivityManagerService.onTransact(ActivityManagerService.java:2443)
12-09 08:11:40.875 W/ActivityManager( 1592): 	at android.os.Binder.execTransact(Binder.java:453)
12-09 08:11:41.065 W/ActivityManager( 1592): Bad activity token: android.os.BinderProxy@f7fe28d
12-09 08:11:41.065 W/ActivityManager( 1592): java.lang.ClassCastException: android.os.BinderProxy cannot be cast to com.android.server.am.ActivityRecord$Token
12-09 08:11:41.065 W/ActivityManager( 1592): 	at com.android.server.am.ActivityRecord.forTokenLocked(ActivityRecord.java:424)
12-09 08:11:41.065 W/ActivityManager( 1592): 	at com.android.server.am.ActivityRecord.isInStackLocked(ActivityRecord.java:1121)
12-09 08:11:41.065 W/ActivityManager( 1592): 	at com.android.server.am.ActivityManagerService.getActivityOptions(ActivityManagerService.java:11038)
12-09 08:11:41.065 W/ActivityManager( 1592): 	at android.app.ActivityManagerNative.onTransact(ActivityManagerNative.java:1734)
12-09 08:11:41.065 W/ActivityManager( 1592): 	at com.android.server.am.ActivityManagerService.onTransact(ActivityManagerService.java:2443)
12-09 08:11:41.065 W/ActivityManager( 1592): 	at android.os.Binder.execTransact(Binder.java:453)
12-09 08:11:41.066 W/ActivityManager( 1592): Bad activity token: android.os.BinderProxy@f7fe28d
12-09 08:11:41.066 W/ActivityManager( 1592): java.lang.ClassCastException: android.os.BinderProxy cannot be cast to com.android.server.am.ActivityRecord$Token
12-09 08:11:41.066 W/ActivityManager( 1592): 	at com.android.server.am.ActivityRecord.forTokenLocked(ActivityRecord.java:424)
12-09 08:11:41.066 W/ActivityManager( 1592): 	at com.android.server.am.ActivityRecord.isInStackLocked(ActivityRecord.java:1121)
12-09 08:11:41.066 W/ActivityManager( 1592): 	at com.android.server.am.ActivityManagerService.getActivityOptions(ActivityManagerService.java:11038)
12-09 08:11:41.066 W/ActivityManager( 1592): 	at android.app.ActivityManagerNative.onTransact(ActivityManagerNative.java:1734)
12-09 08:11:41.066 W/ActivityManager( 1592): 	at com.android.server.am.ActivityManagerService.onTransact(ActivityManagerService.java:2443)
12-09 08:11:41.066 W/ActivityManager( 1592): 	at android.os.Binder.execTransact(Binder.java:453)
12-09 08:11:41.675 W/art     ( 1592): Long monitor contention event with owner method=void com.android.server.wm.WindowAnimator$1.doFrame(long) from WindowAnimator.java:121 waiters=0 for 160ms
12-09 08:11:41.699 W/PhoneWindow(12565): Previously focused view reported id 2131296279 during save, but can't be found during restore.
12-09 08:11:42.118 I/System.out(12565): URI: //gesture
12-09 08:11:42.118 I/System.out(12565): params: {json={"query_timeout":5.0,"gestures":[{"query_string":"android.widget.TabWidget descendant TextView index:1","touches":[{"x":50,"y":50,"offset_x":0,"offset_y":0,"wait":0.0,"time":0.2,"release":true,"query_string":null}]}]}
12-09 08:11:42.119 I/System.out(12565): }
12-09 08:11:42.236 I/Choreographer(12565): Skipped 126 frames!  The application may be doing too much work on its main thread.
12-09 08:11:42.253 D/Mileage.ABS(12565): Finished backup
12-09 08:11:42.271 D/Mileage.ABS(12565): Not backing up; 21
12-09 08:11:42.271 D/Mileage.ABS(12565): Not backing up; 21
12-09 08:11:42.271 D/Mileage.ABS(12565): Not backing up; 21
12-09 08:11:42.272 D/Mileage.ABS(12565): Not backing up; 22
12-09 08:11:42.272 D/Mileage.ABS(12565): Not backing up; 22
12-09 08:11:42.272 D/Mileage.ABS(12565): Not backing up; 22
12-09 08:11:42.312 D/Mileage.ABS(12565): Not backing up; 62
12-09 08:11:42.313 D/Mileage.ABS(12565): Not backing up; 63
12-09 08:11:42.333 D/Mileage.ABS(12565): Not backing up; 83
12-09 08:11:42.334 D/Mileage.ABS(12565): Not backing up; 84
12-09 08:11:42.335 D/Mileage.ABS(12565): Not backing up; 85
12-09 08:11:42.335 D/Mileage.ABS(12565): Not backing up; 85
12-09 08:11:42.336 D/Mileage.ABS(12565): Not backing up; 86
12-09 08:11:42.336 D/Mileage.ABS(12565): Not backing up; 86
12-09 08:11:42.337 D/Mileage.ABS(12565): Not backing up; 87
12-09 08:11:42.349 D/Mileage.ABS(12565): Not backing up; 99
12-09 08:11:42.351 D/gralloc_ranchu( 1226): gralloc_alloc: Creating ashmem region of size 3686400
12-09 08:11:42.435 D/VehicleStatisticsAdapter(12565): Caching of 29 records complete! (6.489 seconds)
12-09 08:11:42.461 D/VehicleStatisticsAdapter(12565): Caching of 29 records complete! (6.546 seconds)
12-09 08:11:42.546 D/Mileage.ABS(12565): Not backing up; 296
12-09 08:11:42.563 D/Mileage.ABS(12565): Not backing up; 313
12-09 08:11:42.564 D/Mileage.ABS(12565): Not backing up; 314
12-09 08:11:42.564 D/Mileage.ABS(12565): Not backing up; 314
12-09 08:11:42.564 D/Mileage.ABS(12565): Not backing up; 314
12-09 08:11:42.564 D/Mileage.ABS(12565): Not backing up; 314
12-09 08:11:42.565 D/Mileage.ABS(12565): Not backing up; 315
12-09 08:11:42.581 D/gralloc_ranchu( 1226): gralloc_alloc: Creating ashmem region of size 3686400
12-09 08:11:42.900 I/art     ( 1592): Starting a blocking GC Explicit
12-09 08:11:43.024 I/art     ( 1592): Explicit concurrent mark sweep GC freed 8292(731KB) AllocSpace objects, 2(40KB) LOS objects, 30% free, 9MB/13MB, paused 6.792ms total 123.703ms
12-09 08:11:43.125 I/calabash(12565): newActivity1
12-09 08:11:43.127 W/ActivityManager( 1592): Bad activity token: android.os.BinderProxy@8d186bc
12-09 08:11:43.127 W/ActivityManager( 1592): java.lang.ClassCastException: android.os.BinderProxy cannot be cast to com.android.server.am.ActivityRecord$Token
12-09 08:11:43.127 W/ActivityManager( 1592): 	at com.android.server.am.ActivityRecord.forTokenLocked(ActivityRecord.java:424)
12-09 08:11:43.127 W/ActivityManager( 1592): 	at com.android.server.am.ActivityRecord.isInStackLocked(ActivityRecord.java:1121)
12-09 08:11:43.127 W/ActivityManager( 1592): 	at com.android.server.am.ActivityRecord.getStackLocked(ActivityRecord.java:1126)
12-09 08:11:43.127 W/ActivityManager( 1592): 	at com.android.server.am.ActivityManagerService.getActivityDisplayId(ActivityManagerService.java:8889)
12-09 08:11:43.127 W/ActivityManager( 1592): 	at android.app.ActivityManagerNative.onTransact(ActivityManagerNative.java:2338)
12-09 08:11:43.127 W/ActivityManager( 1592): 	at com.android.server.am.ActivityManagerService.onTransact(ActivityManagerService.java:2443)
12-09 08:11:43.127 W/ActivityManager( 1592): 	at android.os.Binder.execTransact(Binder.java:453)
12-09 08:11:43.129 W/ActivityManager( 1592): Bad activity token: android.os.BinderProxy@8d186bc
12-09 08:11:43.129 W/ActivityManager( 1592): java.lang.ClassCastException: android.os.BinderProxy cannot be cast to com.android.server.am.ActivityRecord$Token
12-09 08:11:43.129 W/ActivityManager( 1592): 	at com.android.server.am.ActivityRecord.forTokenLocked(ActivityRecord.java:424)
12-09 08:11:43.129 W/ActivityManager( 1592): 	at com.android.server.am.ActivityRecord.isInStackLocked(ActivityRecord.java:1121)
12-09 08:11:43.129 W/ActivityManager( 1592): 	at com.android.server.am.ActivityManagerService.setTaskDescription(ActivityManagerService.java:8547)
12-09 08:11:43.129 W/ActivityManager( 1592): 	at android.app.ActivityManagerNative.onTransact(ActivityManagerNative.java:2410)
12-09 08:11:43.129 W/ActivityManager( 1592): 	at com.android.server.am.ActivityManagerService.onTransact(ActivityManagerService.java:2443)
12-09 08:11:43.129 W/ActivityManager( 1592): 	at android.os.Binder.execTransact(Binder.java:453)
12-09 08:11:43.198 W/audio_hw_generic( 1307): Hardware backing HAL too slow, could only write 0 of 661 frames
12-09 08:11:43.239 W/audio_hw_generic( 1307): Hardware backing HAL too slow, could only write 0 of 661 frames
12-09 08:11:43.260 W/ActivityManager( 1592): Bad activity token: android.os.BinderProxy@8d186bc
12-09 08:11:43.260 W/ActivityManager( 1592): java.lang.ClassCastException: android.os.BinderProxy cannot be cast to com.android.server.am.ActivityRecord$Token
12-09 08:11:43.260 W/ActivityManager( 1592): 	at com.android.server.am.ActivityRecord.forTokenLocked(ActivityRecord.java:424)
12-09 08:11:43.260 W/ActivityManager( 1592): 	at com.android.server.am.ActivityRecord.isInStackLocked(ActivityRecord.java:1121)
12-09 08:11:43.260 W/ActivityManager( 1592): 	at com.android.server.am.ActivityManagerService.getActivityOptions(ActivityManagerService.java:11038)
12-09 08:11:43.260 W/ActivityManager( 1592): 	at android.app.ActivityManagerNative.onTransact(ActivityManagerNative.java:1734)
12-09 08:11:43.260 W/ActivityManager( 1592): 	at com.android.server.am.ActivityManagerService.onTransact(ActivityManagerService.java:2443)
12-09 08:11:43.260 W/ActivityManager( 1592): 	at android.os.Binder.execTransact(Binder.java:453)
12-09 08:11:43.260 W/ActivityManager( 1592): Bad activity token: android.os.BinderProxy@8d186bc
12-09 08:11:43.260 W/ActivityManager( 1592): java.lang.ClassCastException: android.os.BinderProxy cannot be cast to com.android.server.am.ActivityRecord$Token
12-09 08:11:43.260 W/ActivityManager( 1592): 	at com.android.server.am.ActivityRecord.forTokenLocked(ActivityRecord.java:424)
12-09 08:11:43.260 W/ActivityManager( 1592): 	at com.android.server.am.ActivityRecord.isInStackLocked(ActivityRecord.java:1121)
12-09 08:11:43.260 W/ActivityManager( 1592): 	at com.android.server.am.ActivityManagerService.getActivityOptions(ActivityManagerService.java:11038)
12-09 08:11:43.260 W/ActivityManager( 1592): 	at android.app.ActivityManagerNative.onTransact(ActivityManagerNative.java:1734)
12-09 08:11:43.260 W/ActivityManager( 1592): 	at com.android.server.am.ActivityManagerService.onTransact(ActivityManagerService.java:2443)
12-09 08:11:43.260 W/ActivityManager( 1592): 	at android.os.Binder.execTransact(Binder.java:453)
12-09 08:11:43.318 W/audio_hw_generic( 1307): Not supplying enough data to HAL, expected position 27220774 , only wrote 27220641
12-09 08:11:43.318 W/audio_hw_generic( 1307): Hardware backing HAL too slow, could only write 0 of 661 frames
12-09 08:11:43.318 W/audio_hw_generic( 1307): Hardware backing HAL too slow, could only write 0 of 661 frames
12-09 08:11:43.384 D/gralloc_ranchu( 1226): gralloc_alloc: Creating ashmem region of size 3686400
12-09 08:11:43.416 D/Mileage (12565): Not enough fillups to calculate economy
12-09 08:11:43.577 W/audio_hw_generic( 1307): Not supplying enough data to HAL, expected position 27232090 , only wrote 27227251
12-09 08:11:43.578 W/audio_hw_generic( 1307): Not supplying enough data to HAL, expected position 27227262 , only wrote 27227251
12-09 08:11:43.597 W/audio_hw_generic( 1307): Not supplying enough data to HAL, expected position 27228083 , only wrote 27227912
12-09 08:11:43.866 E/SurfaceFlinger( 1226): ro.sf.lcd_density must be defined as a build property
12-09 08:11:43.932 W/audio_hw_generic( 1307): Not supplying enough data to HAL, expected position 27242698 , only wrote 27239810
12-09 08:11:43.932 W/audio_hw_generic( 1307): Not supplying enough data to HAL, expected position 27239817 , only wrote 27239810
12-09 08:11:43.986 W/audio_hw_generic( 1307): Not supplying enough data to HAL, expected position 27242197 , only wrote 27241132
12-09 08:11:43.991 D/gralloc_ranchu( 1226): gralloc_alloc: Creating ashmem region of size 3686400
12-09 08:11:44.002 W/audio_hw_generic( 1307): Hardware backing HAL too slow, could only write 0 of 661 frames
12-09 08:11:44.024 W/audio_hw_generic( 1307): Hardware backing HAL too slow, could only write 0 of 661 frames
12-09 08:11:44.035 D/        (12633): HostConnection::get() New Host Connection established 0x7f276a852480, tid 12633
12-09 08:11:44.047 W/audio_hw_generic( 1307): Hardware backing HAL too slow, could only write 0 of 661 frames
12-09 08:11:44.070 E/EGL_emulation( 1226): tid 1226: eglCreateSyncKHR(1881): error 0x3004 (EGL_BAD_ATTRIBUTE)
12-09 08:11:44.075 W/audio_hw_generic( 1307): Hardware backing HAL too slow, could only write 0 of 661 frames
12-09 08:11:44.077 W/audio_hw_generic( 1307): Hardware backing HAL too slow, could only write 0 of 661 frames
12-09 08:11:44.183 W/audio_hw_generic( 1307): Not supplying enough data to HAL, expected position 27249794 , only wrote 27249725
12-09 08:11:44.183 W/audio_hw_generic( 1307): Not supplying enough data to HAL, expected position 27249732 , only wrote 27249725
12-09 08:11:44.328 W/audio_hw_generic( 1307): Not supplying enough data to HAL, expected position 27256115 , only wrote 27255674
12-09 08:11:44.634 W/audio_hw_generic( 1307): Not supplying enough data to HAL, expected position 27269199 , only wrote 27268894
12-09 08:11:44.815 W/audio_hw_generic( 1307): Not supplying enough data to HAL, expected position 27276842 , only wrote 27276826
12-09 08:11:44.815 W/audio_hw_generic( 1307): Not supplying enough data to HAL, expected position 27276835 , only wrote 27276826
12-09 08:11:44.840 W/audio_hw_generic( 1307): Not supplying enough data to HAL, expected position 27277926 , only wrote 27277487
12-09 08:11:44.840 W/audio_hw_generic( 1307): Hardware backing HAL too slow, could only write 0 of 661 frames
12-09 08:11:44.840 W/audio_hw_generic( 1307): Hardware backing HAL too slow, could only write 0 of 661 frames
12-09 08:11:44.859 W/audio_hw_generic( 1307): Hardware backing HAL too slow, could only write 0 of 661 frames
12-09 08:11:44.874 W/audio_hw_generic( 1307): Hardware backing HAL too slow, could only write 0 of 661 frames
12-09 08:11:44.891 W/audio_hw_generic( 1307): Hardware backing HAL too slow, could only write 0 of 661 frames
12-09 08:11:44.906 W/audio_hw_generic( 1307): Hardware backing HAL too slow, could only write 0 of 661 frames
12-09 08:11:44.942 W/audio_hw_generic( 1307): Hardware backing HAL too slow, could only write 0 of 661 frames
12-09 08:11:44.970 W/audio_hw_generic( 1307): Hardware backing HAL too slow, could only write 0 of 661 frames
12-09 08:11:44.970 W/audio_hw_generic( 1307): Hardware backing HAL too slow, could only write 0 of 661 frames
12-09 08:11:44.998 W/audio_hw_generic( 1307): Not supplying enough data to HAL, expected position 27284471 , only wrote 27284097
12-09 08:11:44.998 W/audio_hw_generic( 1307): Hardware backing HAL too slow, could only write 0 of 661 frames
12-09 08:11:44.998 W/audio_hw_generic( 1307): Hardware backing HAL too slow, could only write 0 of 661 frames
12-09 08:11:45.062 W/audio_hw_generic( 1307): Hardware backing HAL too slow, could only write 0 of 661 frames
12-09 08:11:45.062 W/audio_hw_generic( 1307): Not supplying enough data to HAL, expected position 27286929 , only wrote 27286741
12-09 08:11:45.062 W/audio_hw_generic( 1307): Not supplying enough data to HAL, expected position 27286747 , only wrote 27286741
12-09 08:11:45.080 W/audio_hw_generic( 1307): Not supplying enough data to HAL, expected position 27287514 , only wrote 27287402
12-09 08:11:45.080 W/audio_hw_generic( 1307): Hardware backing HAL too slow, could only write 0 of 661 frames
12-09 08:11:45.080 W/audio_hw_generic( 1307): Hardware backing HAL too slow, could only write 0 of 661 frames
12-09 08:11:45.096 W/audio_hw_generic( 1307): Hardware backing HAL too slow, could only write 0 of 661 frames
12-09 08:11:45.112 W/audio_hw_generic( 1307): Hardware backing HAL too slow, could only write 0 of 661 frames
12-09 08:11:45.113 I/System.out(12565): URI: //gesture
12-09 08:11:45.117 I/System.out(12565): params: {json={"query_timeout":5.0,"gestures":[{"query_string":"android.widget.TabWidget descendant TextView index:3","touches":[{"x":50,"y":50,"offset_x":0,"offset_y":0,"wait":0.0,"time":0.2,"release":true,"query_string":null}]}]}
12-09 08:11:45.117 I/System.out(12565): }
12-09 08:11:45.143 W/audio_hw_generic( 1307): Hardware backing HAL too slow, could only write 0 of 661 frames
12-09 08:11:45.175 W/audio_hw_generic( 1307): Not supplying enough data to HAL, expected position 27291574 , only wrote 27291368
12-09 08:11:45.303 W/audio_hw_generic( 1307): Not supplying enough data to HAL, expected position 27297015 , only wrote 27296656
12-09 08:11:45.303 W/audio_hw_generic( 1307): Not supplying enough data to HAL, expected position 27296663 , only wrote 27296656
12-09 08:11:45.319 W/audio_hw_generic( 1307): Not supplying enough data to HAL, expected position 27297384 , only wrote 27297317
12-09 08:11:45.350 W/audio_hw_generic( 1307): Not supplying enough data to HAL, expected position 27298683 , only wrote 27298639
12-09 08:11:45.370 W/audio_hw_generic( 1307): Hardware backing HAL too slow, could only write 0 of 661 frames
12-09 08:11:45.385 W/audio_hw_generic( 1307): Hardware backing HAL too slow, could only write 0 of 661 frames
12-09 08:11:45.415 W/audio_hw_generic( 1307): Hardware backing HAL too slow, could only write 0 of 661 frames
12-09 08:11:45.430 W/audio_hw_generic( 1307): Hardware backing HAL too slow, could only write 0 of 661 frames
12-09 08:11:45.436 I/calabash(12565): newActivity1
12-09 08:11:45.436 W/ActivityManager( 1592): Bad activity token: android.os.BinderProxy@5b891c1
12-09 08:11:45.436 W/ActivityManager( 1592): java.lang.ClassCastException: android.os.BinderProxy cannot be cast to com.android.server.am.ActivityRecord$Token
12-09 08:11:45.436 W/ActivityManager( 1592): 	at com.android.server.am.ActivityRecord.forTokenLocked(ActivityRecord.java:424)
12-09 08:11:45.436 W/ActivityManager( 1592): 	at com.android.server.am.ActivityRecord.isInStackLocked(ActivityRecord.java:1121)
12-09 08:11:45.436 W/ActivityManager( 1592): 	at com.android.server.am.ActivityRecord.getStackLocked(ActivityRecord.java:1126)
12-09 08:11:45.436 W/ActivityManager( 1592): 	at com.android.server.am.ActivityManagerService.getActivityDisplayId(ActivityManagerService.java:8889)
12-09 08:11:45.436 W/ActivityManager( 1592): 	at android.app.ActivityManagerNative.onTransact(ActivityManagerNative.java:2338)
12-09 08:11:45.436 W/ActivityManager( 1592): 	at com.android.server.am.ActivityManagerService.onTransact(ActivityManagerService.java:2443)
12-09 08:11:45.436 W/ActivityManager( 1592): 	at android.os.Binder.execTransact(Binder.java:453)
12-09 08:11:45.437 W/ActivityManager( 1592): Bad activity token: android.os.BinderProxy@5b891c1
12-09 08:11:45.437 W/ActivityManager( 1592): java.lang.ClassCastException: android.os.BinderProxy cannot be cast to com.android.server.am.ActivityRecord$Token
12-09 08:11:45.437 W/ActivityManager( 1592): 	at com.android.server.am.ActivityRecord.forTokenLocked(ActivityRecord.java:424)
12-09 08:11:45.437 W/ActivityManager( 1592): 	at com.android.server.am.ActivityRecord.isInStackLocked(ActivityRecord.java:1121)
12-09 08:11:45.437 W/ActivityManager( 1592): 	at com.android.server.am.ActivityManagerService.setTaskDescription(ActivityManagerService.java:8547)
12-09 08:11:45.437 W/ActivityManager( 1592): 	at android.app.ActivityManagerNative.onTransact(ActivityManagerNative.java:2410)
12-09 08:11:45.437 W/ActivityManager( 1592): 	at com.android.server.am.ActivityManagerService.onTransact(ActivityManagerService.java:2443)
12-09 08:11:45.437 W/ActivityManager( 1592): 	at android.os.Binder.execTransact(Binder.java:453)
12-09 08:11:45.446 W/audio_hw_generic( 1307): Hardware backing HAL too slow, could only write 0 of 661 frames
12-09 08:11:45.460 W/audio_hw_generic( 1307): Hardware backing HAL too slow, could only write 0 of 661 frames
12-09 08:11:45.460 W/ActivityManager( 1592): Bad activity token: android.os.BinderProxy@5b891c1
12-09 08:11:45.460 W/ActivityManager( 1592): java.lang.ClassCastException: android.os.BinderProxy cannot be cast to com.android.server.am.ActivityRecord$Token
12-09 08:11:45.460 W/ActivityManager( 1592): 	at com.android.server.am.ActivityRecord.forTokenLocked(ActivityRecord.java:424)
12-09 08:11:45.460 W/ActivityManager( 1592): 	at com.android.server.am.ActivityRecord.isInStackLocked(ActivityRecord.java:1121)
12-09 08:11:45.460 W/ActivityManager( 1592): 	at com.android.server.am.ActivityManagerService.getActivityOptions(ActivityManagerService.java:11038)
12-09 08:11:45.460 W/ActivityManager( 1592): 	at android.app.ActivityManagerNative.onTransact(ActivityManagerNative.java:1734)
12-09 08:11:45.460 W/ActivityManager( 1592): 	at com.android.server.am.ActivityManagerService.onTransact(ActivityManagerService.java:2443)
12-09 08:11:45.460 W/ActivityManager( 1592): 	at android.os.Binder.execTransact(Binder.java:453)
12-09 08:11:45.461 W/ActivityManager( 1592): Bad activity token: android.os.BinderProxy@5b891c1
12-09 08:11:45.461 W/ActivityManager( 1592): java.lang.ClassCastException: android.os.BinderProxy cannot be cast to com.android.server.am.ActivityRecord$Token
12-09 08:11:45.461 W/ActivityManager( 1592): 	at com.android.server.am.ActivityRecord.forTokenLocked(ActivityRecord.java:424)
12-09 08:11:45.461 W/ActivityManager( 1592): 	at com.android.server.am.ActivityRecord.isInStackLocked(ActivityRecord.java:1121)
12-09 08:11:45.461 W/ActivityManager( 1592): 	at com.android.server.am.ActivityManagerService.getActivityOptions(ActivityManagerService.java:11038)
12-09 08:11:45.461 W/ActivityManager( 1592): 	at android.app.ActivityManagerNative.onTransact(ActivityManagerNative.java:1734)
12-09 08:11:45.461 W/ActivityManager( 1592): 	at com.android.server.am.ActivityManagerService.onTransact(ActivityManagerService.java:2443)
12-09 08:11:45.461 W/ActivityManager( 1592): 	at android.os.Binder.execTransact(Binder.java:453)
12-09 08:11:45.487 W/audio_hw_generic( 1307): Hardware backing HAL too slow, could only write 0 of 661 frames
12-09 08:11:45.507 W/art     (12565): Suspending all threads took: 13.156ms
12-09 08:11:45.510 W/audio_hw_generic( 1307): Not supplying enough data to HAL, expected position 27305682 , only wrote 27305249
12-09 08:11:45.560 W/audio_hw_generic( 1307): Hardware backing HAL too slow, could only write 0 of 661 frames
12-09 08:11:45.560 D/AudioFlinger( 1307): mixer(0xf4300000) throttle end: throttle time(4)
12-09 08:11:45.561 I/art     (12565): Background sticky concurrent mark sweep GC freed 36249(1538KB) AllocSpace objects, 2(40KB) LOS objects, 7% free, 4MB/4MB, paused 14.501ms total 107.052ms
12-09 08:11:45.571 W/CursorWrapperInner(12565): Cursor finalized without prior close()
12-09 08:11:45.575 W/audio_hw_generic( 1307): Hardware backing HAL too slow, could only write 0 of 661 frames
12-09 08:11:45.594 W/audio_hw_generic( 1307): Hardware backing HAL too slow, could only write 0 of 661 frames
12-09 08:11:45.608 W/audio_hw_generic( 1307): Hardware backing HAL too slow, could only write 0 of 661 frames
12-09 08:11:45.924 E/SurfaceFlinger( 1226): ro.sf.lcd_density must be defined as a build property
12-09 08:11:45.934 D/gralloc_ranchu( 1226): gralloc_alloc: Creating ashmem region of size 3686400
12-09 08:11:45.947 D/        (12638): HostConnection::get() New Host Connection established 0x7fdb61012480, tid 12638
12-09 08:11:45.978 E/EGL_emulation( 1226): tid 1226: eglCreateSyncKHR(1881): error 0x3004 (EGL_BAD_ATTRIBUTE)
12-09 08:11:46.260 W/audio_hw_generic( 1307): Not supplying enough data to HAL, expected position 27338302 , only wrote 27337638
12-09 08:11:46.724 W/audio_hw_generic( 1307): Not supplying enough data to HAL, expected position 27358115 , only wrote 27352180
12-09 08:11:46.724 W/audio_hw_generic( 1307): Not supplying enough data to HAL, expected position 27352187 , only wrote 27352180
12-09 08:11:46.732 I/System.out(12565): URI: //gesture
12-09 08:11:46.732 I/System.out(12565): params: {json={"query_timeout":5.0,"gestures":[{"query_string":"android.widget.TabWidget descendant TextView index:2","touches":[{"x":50,"y":50,"offset_x":0,"offset_y":0,"wait":0.0,"time":0.2,"release":true,"query_string":null}]}]}
12-09 08:11:46.732 I/System.out(12565): }
12-09 08:11:46.783 W/audio_hw_generic( 1307): Not supplying enough data to HAL, expected position 27354755 , only wrote 27352841
12-09 08:11:46.875 W/audio_hw_generic( 1307): Not supplying enough data to HAL, expected position 27356906 , only wrote 27356807
12-09 08:11:46.881 W/audio_hw_generic( 1307): Not supplying enough data to HAL, expected position 27357083 , only wrote 27356807
12-09 08:11:46.898 W/audio_hw_generic( 1307): Not supplying enough data to HAL, expected position 27357550 , only wrote 27357468
12-09 08:11:46.965 W/audio_hw_generic( 1307): Hardware backing HAL too slow, could only write 0 of 661 frames
12-09 08:11:46.965 W/audio_hw_generic( 1307): Not supplying enough data to HAL, expected position 27360415 , only wrote 27360112
12-09 08:11:46.965 W/audio_hw_generic( 1307): Not supplying enough data to HAL, expected position 27360118 , only wrote 27360112
12-09 08:11:47.017 W/audio_hw_generic( 1307): Hardware backing HAL too slow, could only write 0 of 661 frames
12-09 08:11:47.386 W/audio_hw_generic( 1307): Not supplying enough data to HAL, expected position 27378700 , only wrote 27375315
12-09 08:11:47.386 W/audio_hw_generic( 1307): Not supplying enough data to HAL, expected position 27375322 , only wrote 27375315
12-09 08:11:47.455 W/audio_hw_generic( 1307): Not supplying enough data to HAL, expected position 27378329 , only wrote 27375976
12-09 08:11:47.500 I/calabash(12565): newActivity1
12-09 08:11:47.501 W/ActivityManager( 1592): Bad activity token: android.os.BinderProxy@8450d66
12-09 08:11:47.501 W/ActivityManager( 1592): java.lang.ClassCastException: android.os.BinderProxy cannot be cast to com.android.server.am.ActivityRecord$Token
12-09 08:11:47.501 W/ActivityManager( 1592): 	at com.android.server.am.ActivityRecord.forTokenLocked(ActivityRecord.java:424)
12-09 08:11:47.501 W/ActivityManager( 1592): 	at com.android.server.am.ActivityRecord.isInStackLocked(ActivityRecord.java:1121)
12-09 08:11:47.501 W/ActivityManager( 1592): 	at com.android.server.am.ActivityRecord.getStackLocked(ActivityRecord.java:1126)
12-09 08:11:47.501 W/ActivityManager( 1592): 	at com.android.server.am.ActivityManagerService.getActivityDisplayId(ActivityManagerService.java:8889)
12-09 08:11:47.501 W/ActivityManager( 1592): 	at android.app.ActivityManagerNative.onTransact(ActivityManagerNative.java:2338)
12-09 08:11:47.501 W/ActivityManager( 1592): 	at com.android.server.am.ActivityManagerService.onTransact(ActivityManagerService.java:2443)
12-09 08:11:47.501 W/ActivityManager( 1592): 	at android.os.Binder.execTransact(Binder.java:453)
12-09 08:11:47.505 W/ActivityManager( 1592): Bad activity token: android.os.BinderProxy@8450d66
12-09 08:11:47.505 W/ActivityManager( 1592): java.lang.ClassCastException: android.os.BinderProxy cannot be cast to com.android.server.am.ActivityRecord$Token
12-09 08:11:47.505 W/ActivityManager( 1592): 	at com.android.server.am.ActivityRecord.forTokenLocked(ActivityRecord.java:424)
12-09 08:11:47.505 W/ActivityManager( 1592): 	at com.android.server.am.ActivityRecord.isInStackLocked(ActivityRecord.java:1121)
12-09 08:11:47.505 W/ActivityManager( 1592): 	at com.android.server.am.ActivityManagerService.setTaskDescription(ActivityManagerService.java:8547)
12-09 08:11:47.505 W/ActivityManager( 1592): 	at android.app.ActivityManagerNative.onTransact(ActivityManagerNative.java:2410)
12-09 08:11:47.505 W/ActivityManager( 1592): 	at com.android.server.am.ActivityManagerService.onTransact(ActivityManagerService.java:2443)
12-09 08:11:47.505 W/ActivityManager( 1592): 	at android.os.Binder.execTransact(Binder.java:453)
12-09 08:11:47.564 D/VehicleStatisticsActivity(12565): Checking recalculation ...
12-09 08:11:47.565 D/VehicleStatisticsActivity(12565): Recalculation not necessary.
12-09 08:11:47.566 W/ActivityManager( 1592): Bad activity token: android.os.BinderProxy@8450d66
12-09 08:11:47.566 W/ActivityManager( 1592): java.lang.ClassCastException: android.os.BinderProxy cannot be cast to com.android.server.am.ActivityRecord$Token
12-09 08:11:47.566 W/ActivityManager( 1592): 	at com.android.server.am.ActivityRecord.forTokenLocked(ActivityRecord.java:424)
12-09 08:11:47.566 W/ActivityManager( 1592): 	at com.android.server.am.ActivityRecord.isInStackLocked(ActivityRecord.java:1121)
12-09 08:11:47.566 W/ActivityManager( 1592): 	at com.android.server.am.ActivityManagerService.getActivityOptions(ActivityManagerService.java:11038)
12-09 08:11:47.566 W/ActivityManager( 1592): 	at android.app.ActivityManagerNative.onTransact(ActivityManagerNative.java:1734)
12-09 08:11:47.566 W/ActivityManager( 1592): 	at com.android.server.am.ActivityManagerService.onTransact(ActivityManagerService.java:2443)
12-09 08:11:47.566 W/ActivityManager( 1592): 	at android.os.Binder.execTransact(Binder.java:453)
12-09 08:11:47.566 W/ActivityManager( 1592): Bad activity token: android.os.BinderProxy@8450d66
12-09 08:11:47.566 W/ActivityManager( 1592): java.lang.ClassCastException: android.os.BinderProxy cannot be cast to com.android.server.am.ActivityRecord$Token
12-09 08:11:47.566 W/ActivityManager( 1592): 	at com.android.server.am.ActivityRecord.forTokenLocked(ActivityRecord.java:424)
12-09 08:11:47.566 W/ActivityManager( 1592): 	at com.android.server.am.ActivityRecord.isInStackLocked(ActivityRecord.java:1121)
12-09 08:11:47.566 W/ActivityManager( 1592): 	at com.android.server.am.ActivityManagerService.getActivityOptions(ActivityManagerService.java:11038)
12-09 08:11:47.566 W/ActivityManager( 1592): 	at android.app.ActivityManagerNative.onTransact(ActivityManagerNative.java:1734)
12-09 08:11:47.566 W/ActivityManager( 1592): 	at com.android.server.am.ActivityManagerService.onTransact(ActivityManagerService.java:2443)
12-09 08:11:47.566 W/ActivityManager( 1592): 	at android.os.Binder.execTransact(Binder.java:453)
12-09 08:11:47.567 D/VehicleStatisticsActivity(12565): Checking recalculation ...
12-09 08:11:47.568 D/VehicleStatisticsActivity(12565): Recalculation not necessary.
12-09 08:11:47.637 W/art     (12565): Suspending all threads took: 61.501ms
12-09 08:11:47.667 W/audio_hw_generic( 1307): Hardware backing HAL too slow, could only write 0 of 661 frames
12-09 08:11:47.667 W/audio_hw_generic( 1307): Not supplying enough data to HAL, expected position 27385325 , only wrote 27385230
12-09 08:11:47.667 W/audio_hw_generic( 1307): Not supplying enough data to HAL, expected position 27385236 , only wrote 27385230
12-09 08:11:47.684 W/audio_hw_generic( 1307): Not supplying enough data to HAL, expected position 27385991 , only wrote 27385891
12-09 08:11:47.684 W/audio_hw_generic( 1307): Not supplying enough data to HAL, expected position 27385898 , only wrote 27385891
12-09 08:11:47.715 W/audio_hw_generic( 1307): Not supplying enough data to HAL, expected position 27387224 , only wrote 27386552
12-09 08:11:47.799 I/art     (12565): Background sticky concurrent mark sweep GC freed 36673(1675KB) AllocSpace objects, 0(0B) LOS objects, 13% free, 3MB/4MB, paused 62.961ms total 262.818ms
12-09 08:11:48.075 W/audio_hw_generic( 1307): Not supplying enough data to HAL, expected position 27402446 , only wrote 27402416
12-09 08:11:48.087 W/audio_hw_generic( 1307): Not supplying enough data to HAL, expected position 27402957 , only wrote 27402416
12-09 08:11:48.133 W/audio_hw_generic( 1307): Hardware backing HAL too slow, could only write 0 of 661 frames
12-09 08:11:48.169 E/SurfaceFlinger( 1226): ro.sf.lcd_density must be defined as a build property
12-09 08:11:48.178 D/gralloc_ranchu( 1226): gralloc_alloc: Creating ashmem region of size 3686400
12-09 08:11:48.245 W/audio_hw_generic( 1307): Not supplying enough data to HAL, expected position 27409365 , only wrote 27408365
12-09 08:11:48.245 W/audio_hw_generic( 1307): Not supplying enough data to HAL, expected position 27408372 , only wrote 27408365
12-09 08:11:48.262 W/audio_hw_generic( 1307): Not supplying enough data to HAL, expected position 27409113 , only wrote 27409026
12-09 08:11:48.286 W/audio_hw_generic( 1307): Hardware backing HAL too slow, could only write 0 of 661 frames
12-09 08:11:48.294 D/        (12643): HostConnection::get() New Host Connection established 0x7fa8accd2480, tid 12643
12-09 08:11:48.302 W/audio_hw_generic( 1307): Hardware backing HAL too slow, could only write 0 of 661 frames
12-09 08:11:48.323 E/EGL_emulation( 1226): tid 1226: eglCreateSyncKHR(1881): error 0x3004 (EGL_BAD_ATTRIBUTE)
12-09 08:11:48.331 W/audio_hw_generic( 1307): Hardware backing HAL too slow, could only write 0 of 661 frames
12-09 08:11:48.346 W/audio_hw_generic( 1307): Hardware backing HAL too slow, could only write 0 of 661 frames
12-09 08:11:48.574 W/audio_hw_generic( 1307): Hardware backing HAL too slow, could only write 0 of 661 frames
12-09 08:11:48.854 W/audio_hw_generic( 1307): Not supplying enough data to HAL, expected position 27435112 , only wrote 27433483
12-09 08:11:48.854 W/audio_hw_generic( 1307): Not supplying enough data to HAL, expected position 27433490 , only wrote 27433483
12-09 08:11:48.875 W/audio_hw_generic( 1307): Not supplying enough data to HAL, expected position 27434399 , only wrote 27434144
12-09 08:11:48.875 W/audio_hw_generic( 1307): Not supplying enough data to HAL, expected position 27434151 , only wrote 27434144
12-09 08:11:48.898 W/audio_hw_generic( 1307): Not supplying enough data to HAL, expected position 27435172 , only wrote 27434805
12-09 08:11:48.920 W/audio_hw_generic( 1307): Hardware backing HAL too slow, could only write 0 of 661 frames
12-09 08:11:48.939 W/audio_hw_generic( 1307): Hardware backing HAL too slow, could only write 0 of 661 frames
12-09 08:11:48.965 W/audio_hw_generic( 1307): Hardware backing HAL too slow, could only write 0 of 661 frames
12-09 08:11:48.988 W/audio_hw_generic( 1307): Hardware backing HAL too slow, could only write 0 of 661 frames
12-09 08:11:49.219 W/audio_hw_generic( 1307): Not supplying enough data to HAL, expected position 27448939 , only wrote 27448686
12-09 08:11:49.219 W/audio_hw_generic( 1307): Not supplying enough data to HAL, expected position 27448694 , only wrote 27448686
12-09 08:11:49.371 W/audio_hw_generic( 1307): Not supplying enough data to HAL, expected position 27455384 , only wrote 27449347
12-09 08:11:49.410 I/System.out(12565): URI: //gesture
