12-09 07:53:44.235 W/audio_hw_generic( 1308): Hardware backing HAL too slow, could only write 0 of 661 frames
12-09 07:53:44.259 W/audio_hw_generic( 1308): Hardware backing HAL too slow, could only write 0 of 661 frames
12-09 07:53:44.259 W/audio_hw_generic( 1308): Hardware backing HAL too slow, could only write 0 of 661 frames
12-09 07:53:44.275 W/audio_hw_generic( 1308): Hardware backing HAL too slow, could only write 0 of 661 frames
12-09 07:53:44.317 W/ResourceType( 8496): No package identifier when getting name for resource number 0x00000001
12-09 07:53:44.352 W/audio_hw_generic( 1308): Hardware backing HAL too slow, could only write 0 of 661 frames
12-09 07:53:44.352 W/audio_hw_generic( 1308): Not supplying enough data to HAL, expected position 12061476 , only wrote 12059945
12-09 07:53:44.352 W/audio_hw_generic( 1308): Not supplying enough data to HAL, expected position 12059951 , only wrote 12059945
12-09 07:53:44.659 W/audio_hw_generic( 1308): Hardware backing HAL too slow, could only write 0 of 661 frames
12-09 07:53:44.675 W/audio_hw_generic( 1308): Hardware backing HAL too slow, could only write 0 of 661 frames
12-09 07:53:44.682 W/audio_hw_generic( 1308): Hardware backing HAL too slow, could only write 0 of 661 frames
12-09 07:53:44.739 W/audio_hw_generic( 1308): Not supplying enough data to HAL, expected position 12076985 , only wrote 12075809
12-09 07:53:44.739 W/audio_hw_generic( 1308): Not supplying enough data to HAL, expected position 12075816 , only wrote 12075809
12-09 07:53:44.754 W/audio_hw_generic( 1308): Not supplying enough data to HAL, expected position 12076488 , only wrote 12076470
12-09 07:53:44.818 I/LatinIME( 1875): Starting input. Cursor position = 0,0
12-09 07:53:44.966 I/art     ( 8496): Background sticky concurrent mark sweep GC freed 45989(2MB) AllocSpace objects, 3(60KB) LOS objects, 52% free, 2MB/5MB, paused 10.132ms total 38.456ms
12-09 07:53:45.051 W/audio_hw_generic( 1308): Not supplying enough data to HAL, expected position 12089553 , only wrote 12087707
12-09 07:53:45.055 W/audio_hw_generic( 1308): Not supplying enough data to HAL, expected position 12087866 , only wrote 12087707
12-09 07:53:45.084 D/EGL_emulation( 1875): eglMakeCurrent: 0x7f3cc7db96e0: ver 2 0 (tinfo 0x7f3cc7db87c0)
12-09 07:53:45.124 W/audio_hw_generic( 1308): Not supplying enough data to HAL, expected position 12090757 , only wrote 12088368
12-09 07:53:45.124 W/audio_hw_generic( 1308): Hardware backing HAL too slow, could only write 0 of 661 frames
12-09 07:53:45.299 W/audio_hw_generic( 1308): Not supplying enough data to HAL, expected position 12096081 , only wrote 12093656
12-09 07:53:45.335 I/System.out( 8496): URI: //
12-09 07:53:45.336 I/System.out( 8496): params: {json={"command":"set_selection","arguments":[-1,-1]}
12-09 07:53:45.336 I/System.out( 8496): }
12-09 07:53:45.336 I/System.out( 8496): header: {date=Sun, 09 Dec 2018 07:53:46 GMT, accept=*/*, content-length=47, host=127.0.0.1:34777, user-agent=HTTPClient/1.0 (2.8.3, ruby 2.3.1 (2016-04-26)), content-type=application/json;charset=utf-8}
12-09 07:53:45.336 I/System.out( 8496): params: {json={"command":"set_selection","arguments":[-1,-1]}
12-09 07:53:45.336 I/System.out( 8496): }
12-09 07:53:45.336 I/System.out( 8496): ProP json = {"command":"set_selection","arguments":[-1,-1]}
12-09 07:53:45.336 I/System.out( 8496): files: {}
12-09 07:53:45.336 I/System.out( 8496): command: {"command":"set_selection","arguments":[-1,-1]}
12-09 07:53:45.337 I/InstrumentationBackend( 8496): Got command:'Command:'Line:null,set_selection', arguments:'[-1, -1]'
12-09 07:53:45.374 I/System.out( 8496): result:{"bonusInformation":[],"message":"","success":true}
12-09 07:53:45.582 I/System.out( 8496): URI: //
12-09 07:53:45.582 I/System.out( 8496): params: {json={"command":"keyboard_enter_text","arguments":["97123743947239847210"]}
12-09 07:53:45.583 I/System.out( 8496): }
12-09 07:53:45.583 I/System.out( 8496): header: {date=Sun, 09 Dec 2018 07:53:46 GMT, accept=*/*, content-length=70, host=127.0.0.1:34777, user-agent=HTTPClient/1.0 (2.8.3, ruby 2.3.1 (2016-04-26)), content-type=application/json;charset=utf-8}
12-09 07:53:45.583 I/System.out( 8496): params: {json={"command":"keyboard_enter_text","arguments":["97123743947239847210"]}
12-09 07:53:45.583 I/System.out( 8496): }
12-09 07:53:45.583 I/System.out( 8496): ProP json = {"command":"keyboard_enter_text","arguments":["97123743947239847210"]}
12-09 07:53:45.583 I/System.out( 8496): files: {}
12-09 07:53:45.583 I/System.out( 8496): command: {"command":"keyboard_enter_text","arguments":["97123743947239847210"]}
12-09 07:53:45.584 I/InstrumentationBackend( 8496): Got command:'Command:'Line:null,keyboard_enter_text', arguments:'[97123743947239847210]'
12-09 07:53:45.585 E/SpannableStringBuilder( 8496): SPAN_EXCLUSIVE_EXCLUSIVE spans cannot have a zero length
12-09 07:53:45.585 E/SpannableStringBuilder( 8496): SPAN_EXCLUSIVE_EXCLUSIVE spans cannot have a zero length
12-09 07:53:45.746 W/art     ( 1593): Long monitor contention event with owner method=void com.android.server.wm.WindowAnimator$1.doFrame(long) from WindowAnimator.java:121 waiters=0 for 106ms
12-09 07:53:45.859 E/SpannableStringBuilder( 8496): SPAN_EXCLUSIVE_EXCLUSIVE spans cannot have a zero length
12-09 07:53:45.859 E/SpannableStringBuilder( 8496): SPAN_EXCLUSIVE_EXCLUSIVE spans cannot have a zero length
12-09 07:53:45.874 I/System.out( 8496): result:{"bonusInformation":[],"message":"","success":true}
12-09 07:53:46.109 I/System.out( 8496): URI: //map
12-09 07:53:46.109 I/System.out( 8496): params: {json={"query":"android.widget.EditText id:'volume'","operation":{"method_name":"query","arguments":[]}}
12-09 07:53:46.109 I/System.out( 8496): }
12-09 07:53:46.188 W/ResourceType( 8496): No package identifier when getting name for resource number 0x00000001
12-09 07:53:46.308 I/System.out( 8496): URI: //gesture
12-09 07:53:46.309 I/System.out( 8496): params: {json={"query_timeout":5.0,"gestures":[{"query_string":"android.widget.EditText id:'volume'","touches":[{"x":50,"y":50,"offset_x":0,"offset_y":0,"wait":0.0,"time":0.2,"release":true,"query_string":null}]}]}
12-09 07:53:46.309 I/System.out( 8496): }
12-09 07:53:46.335 I/art     ( 8496): Background sticky concurrent mark sweep GC freed 73405(3MB) AllocSpace objects, 9(180KB) LOS objects, 38% free, 3MB/5MB, paused 3.413ms total 116.970ms
12-09 07:53:46.338 W/ResourceType( 8496): No package identifier when getting name for resource number 0x00000001
12-09 07:53:46.696 I/LatinIME( 1875): Starting input. Cursor position = 0,0
12-09 07:53:47.333 I/System.out( 8496): URI: //
12-09 07:53:47.333 I/System.out( 8496): params: {json={"command":"set_selection","arguments":[-1,-1]}
12-09 07:53:47.333 I/System.out( 8496): }
12-09 07:53:47.333 I/System.out( 8496): header: {date=Sun, 09 Dec 2018 07:53:48 GMT, accept=*/*, content-length=47, host=127.0.0.1:34777, user-agent=HTTPClient/1.0 (2.8.3, ruby 2.3.1 (2016-04-26)), content-type=application/json;charset=utf-8}
12-09 07:53:47.333 I/System.out( 8496): params: {json={"command":"set_selection","arguments":[-1,-1]}
12-09 07:53:47.333 I/System.out( 8496): }
12-09 07:53:47.333 I/System.out( 8496): ProP json = {"command":"set_selection","arguments":[-1,-1]}
12-09 07:53:47.333 I/System.out( 8496): files: {}
12-09 07:53:47.333 I/System.out( 8496): command: {"command":"set_selection","arguments":[-1,-1]}
12-09 07:53:47.346 I/InstrumentationBackend( 8496): Got command:'Command:'Line:null,set_selection', arguments:'[-1, -1]'
12-09 07:53:47.379 W/art     ( 8496): Suspending all threads took: 7.723ms
12-09 07:53:47.428 I/System.out( 8496): result:{"bonusInformation":[],"message":"","success":true}
12-09 07:53:47.439 I/art     ( 8496): Background sticky concurrent mark sweep GC freed 52793(2MB) AllocSpace objects, 4(80KB) LOS objects, 42% free, 2MB/5MB, paused 25.340ms total 95.126ms
12-09 07:53:47.591 I/System.out( 8496): URI: //
12-09 07:53:47.591 I/System.out( 8496): params: {json={"command":"keyboard_enter_text","arguments":["98123743947721092831"]}
12-09 07:53:47.591 I/System.out( 8496): }
12-09 07:53:47.591 I/System.out( 8496): header: {date=Sun, 09 Dec 2018 07:53:48 GMT, accept=*/*, content-length=70, host=127.0.0.1:34777, user-agent=HTTPClient/1.0 (2.8.3, ruby 2.3.1 (2016-04-26)), content-type=application/json;charset=utf-8}
12-09 07:53:47.592 I/System.out( 8496): params: {json={"command":"keyboard_enter_text","arguments":["98123743947721092831"]}
12-09 07:53:47.592 I/System.out( 8496): }
12-09 07:53:47.592 I/System.out( 8496): ProP json = {"command":"keyboard_enter_text","arguments":["98123743947721092831"]}
12-09 07:53:47.592 I/System.out( 8496): files: {}
12-09 07:53:47.592 I/System.out( 8496): command: {"command":"keyboard_enter_text","arguments":["98123743947721092831"]}
12-09 07:53:47.593 I/InstrumentationBackend( 8496): Got command:'Command:'Line:null,keyboard_enter_text', arguments:'[98123743947721092831]'
12-09 07:53:47.595 E/SpannableStringBuilder( 8496): SPAN_EXCLUSIVE_EXCLUSIVE spans cannot have a zero length
12-09 07:53:47.595 E/SpannableStringBuilder( 8496): SPAN_EXCLUSIVE_EXCLUSIVE spans cannot have a zero length
12-09 07:53:47.605 E/SpannableStringBuilder( 8496): SPAN_EXCLUSIVE_EXCLUSIVE spans cannot have a zero length
12-09 07:53:47.605 E/SpannableStringBuilder( 8496): SPAN_EXCLUSIVE_EXCLUSIVE spans cannot have a zero length
12-09 07:53:47.625 I/System.out( 8496): result:{"bonusInformation":[],"message":"","success":true}
12-09 07:53:47.676 I/System.out( 8496): URI: //map
12-09 07:53:47.676 I/System.out( 8496): params: {json={"query":"android.widget.EditText id:'odometer'","operation":{"method_name":"query","arguments":[]}}
12-09 07:53:47.676 I/System.out( 8496): }
12-09 07:53:47.709 W/ResourceType( 8496): No package identifier when getting name for resource number 0x00000001
12-09 07:53:47.845 W/art     ( 8496): Suspending all threads took: 9.427ms
12-09 07:53:48.044 I/art     ( 8496): Background sticky concurrent mark sweep GC freed 65113(2MB) AllocSpace objects, 6(120KB) LOS objects, 44% free, 2MB/5MB, paused 10.604ms total 267.785ms
12-09 07:53:48.045 I/System.out( 8496): URI: //gesture
12-09 07:53:48.045 I/System.out( 8496): params: {json={"query_timeout":5.0,"gestures":[{"query_string":"android.widget.EditText id:'odometer'","touches":[{"x":50,"y":50,"offset_x":0,"offset_y":0,"wait":0.0,"time":0.2,"release":true,"query_string":null}]}]}
12-09 07:53:48.045 I/System.out( 8496): }
12-09 07:53:48.064 W/ResourceType( 8496): No package identifier when getting name for resource number 0x00000001
12-09 07:53:48.573 I/LatinIME( 1875): Starting input. Cursor position = 0,0
12-09 07:53:49.209 I/System.out( 8496): URI: //
12-09 07:53:49.209 I/System.out( 8496): params: {json={"command":"set_selection","arguments":[-1,-1]}
12-09 07:53:49.209 I/System.out( 8496): }
12-09 07:53:49.209 I/System.out( 8496): header: {date=Sun, 09 Dec 2018 07:53:50 GMT, accept=*/*, content-length=47, host=127.0.0.1:34777, user-agent=HTTPClient/1.0 (2.8.3, ruby 2.3.1 (2016-04-26)), content-type=application/json;charset=utf-8}
12-09 07:53:49.209 I/System.out( 8496): params: {json={"command":"set_selection","arguments":[-1,-1]}
12-09 07:53:49.209 I/System.out( 8496): }
12-09 07:53:49.209 I/System.out( 8496): ProP json = {"command":"set_selection","arguments":[-1,-1]}
12-09 07:53:49.209 I/System.out( 8496): files: {}
12-09 07:53:49.209 I/System.out( 8496): command: {"command":"set_selection","arguments":[-1,-1]}
12-09 07:53:49.219 W/art     ( 8496): Suspending all threads took: 6.535ms
12-09 07:53:49.221 I/InstrumentationBackend( 8496): Got command:'Command:'Line:null,set_selection', arguments:'[-1, -1]'
12-09 07:53:49.248 I/System.out( 8496): result:{"bonusInformation":[],"message":"","success":true}
12-09 07:53:49.292 I/art     ( 8496): Background sticky concurrent mark sweep GC freed 47542(2MB) AllocSpace objects, 5(100KB) LOS objects, 34% free, 3MB/5MB, paused 7.834ms total 120.530ms
12-09 07:53:49.439 I/System.out( 8496): URI: //
12-09 07:53:49.439 I/System.out( 8496): params: {json={"command":"keyboard_enter_text","arguments":["98879898284721092831"]}
12-09 07:53:49.439 I/System.out( 8496): }
12-09 07:53:49.439 I/System.out( 8496): header: {date=Sun, 09 Dec 2018 07:53:50 GMT, accept=*/*, content-length=70, host=127.0.0.1:34777, user-agent=HTTPClient/1.0 (2.8.3, ruby 2.3.1 (2016-04-26)), content-type=application/json;charset=utf-8}
12-09 07:53:49.439 I/System.out( 8496): params: {json={"command":"keyboard_enter_text","arguments":["98879898284721092831"]}
12-09 07:53:49.440 I/System.out( 8496): }
12-09 07:53:49.440 I/System.out( 8496): ProP json = {"command":"keyboard_enter_text","arguments":["98879898284721092831"]}
12-09 07:53:49.440 I/System.out( 8496): files: {}
12-09 07:53:49.440 I/System.out( 8496): command: {"command":"keyboard_enter_text","arguments":["98879898284721092831"]}
12-09 07:53:49.441 I/InstrumentationBackend( 8496): Got command:'Command:'Line:null,keyboard_enter_text', arguments:'[98879898284721092831]'
12-09 07:53:49.442 E/SpannableStringBuilder( 8496): SPAN_EXCLUSIVE_EXCLUSIVE spans cannot have a zero length
12-09 07:53:49.442 E/SpannableStringBuilder( 8496): SPAN_EXCLUSIVE_EXCLUSIVE spans cannot have a zero length
12-09 07:53:49.574 E/SpannableStringBuilder( 8496): SPAN_EXCLUSIVE_EXCLUSIVE spans cannot have a zero length
12-09 07:53:49.574 E/SpannableStringBuilder( 8496): SPAN_EXCLUSIVE_EXCLUSIVE spans cannot have a zero length
12-09 07:53:49.608 I/System.out( 8496): result:{"bonusInformation":[],"message":"","success":true}
12-09 07:53:50.693 I/System.out( 8496): URI: //map
12-09 07:53:50.693 I/System.out( 8496): params: {json={"query":"android.widget.Button index:2","operation":{"method_name":"query","arguments":[]}}
12-09 07:53:50.693 I/System.out( 8496): }
12-09 07:53:50.837 I/art     ( 8496): Background sticky concurrent mark sweep GC freed 66929(2MB) AllocSpace objects, 6(120KB) LOS objects, 34% free, 3MB/5MB, paused 6.845ms total 100.983ms
12-09 07:53:50.856 I/System.out( 8496): URI: //gesture
12-09 07:53:50.856 I/System.out( 8496): params: {json={"query_timeout":5.0,"gestures":[{"query_string":"android.widget.Button index:2","touches":[{"x":50,"y":50,"offset_x":0,"offset_y":0,"wait":0.0,"time":0.2,"release":true,"query_string":null}]}]}
12-09 07:53:50.856 I/System.out( 8496): }
12-09 07:53:51.387 W/audio_hw_generic( 1308): Hardware backing HAL too slow, could only write 0 of 661 frames
12-09 07:53:51.403 W/audio_hw_generic( 1308): Hardware backing HAL too slow, could only write 0 of 661 frames
12-09 07:53:51.411 D/AudioFlinger( 1308): mixer(0xf43c0000) throttle end: throttle time(11)
12-09 07:53:51.441 I/art     ( 8496): Background sticky concurrent mark sweep GC freed 47070(2MB) AllocSpace objects, 2(40KB) LOS objects, 27% free, 3MB/5MB, paused 6.633ms total 113.493ms
12-09 07:53:51.454 W/audio_hw_generic( 1308): Hardware backing HAL too slow, could only write 0 of 661 frames
12-09 07:53:51.454 W/audio_hw_generic( 1308): Hardware backing HAL too slow, could only write 0 of 661 frames
12-09 07:53:51.479 W/audio_hw_generic( 1308): Hardware backing HAL too slow, could only write 0 of 661 frames
12-09 07:53:51.507 W/audio_hw_generic( 1308): Hardware backing HAL too slow, could only write 0 of 661 frames
12-09 07:53:51.584 W/audio_hw_generic( 1308): Hardware backing HAL too slow, could only write 0 of 661 frames
12-09 07:53:51.599 W/audio_hw_generic( 1308): Hardware backing HAL too slow, could only write 0 of 661 frames
12-09 07:53:51.615 W/audio_hw_generic( 1308): Hardware backing HAL too slow, could only write 0 of 661 frames
12-09 07:53:51.633 W/audio_hw_generic( 1308): Hardware backing HAL too slow, could only write 0 of 661 frames
12-09 07:53:51.675 I/LatinIME( 1875): Starting input. Cursor position = -1,-1
12-09 07:53:51.786 D/Mileage.ABS( 8496): Finished backup
12-09 07:53:51.789 D/Mileage.ABS( 8496): Not backing up; 46
12-09 07:53:51.789 D/Mileage.ABS( 8496): Not backing up; 46
12-09 07:53:51.789 D/Mileage.ABS( 8496): Not backing up; 46
12-09 07:53:51.866 E/SurfaceFlinger( 1218): ro.sf.lcd_density must be defined as a build property
12-09 07:53:51.997 D/gralloc_ranchu( 1218): gralloc_alloc: Creating ashmem region of size 3686400
12-09 07:53:52.029 D/        ( 8586): HostConnection::get() New Host Connection established 0x7fca69e92480, tid 8586
12-09 07:53:52.084 W/audio_hw_generic( 1308): Not supplying enough data to HAL, expected position 12124406 , only wrote 12124062
12-09 07:53:52.085 W/audio_hw_generic( 1308): Not supplying enough data to HAL, expected position 12124069 , only wrote 12124062
12-09 07:53:52.107 E/EGL_emulation( 1218): tid 1218: eglCreateSyncKHR(1881): error 0x3004 (EGL_BAD_ATTRIBUTE)
12-09 07:53:52.169 W/audio_hw_generic( 1308): Not supplying enough data to HAL, expected position 12127804 , only wrote 12127367
12-09 07:53:52.170 W/audio_hw_generic( 1308): Not supplying enough data to HAL, expected position 12127375 , only wrote 12127367
12-09 07:53:52.226 W/audio_hw_generic( 1308): Not supplying enough data to HAL, expected position 12129871 , only wrote 12128028
12-09 07:53:52.338 W/audio_hw_generic( 1308): Hardware backing HAL too slow, could only write 0 of 661 frames
12-09 07:53:52.359 W/RichInputConnection( 1875): Slow InputConnection: GET_TEXT_BEFORE_CURSOR took 269 ms.
12-09 07:53:52.407 W/audio_hw_generic( 1308): Not supplying enough data to HAL, expected position 12135982 , only wrote 12135960
12-09 07:53:52.542 W/audio_hw_generic( 1308): Not supplying enough data to HAL, expected position 12141922 , only wrote 12138604
12-09 07:53:52.542 W/audio_hw_generic( 1308): Not supplying enough data to HAL, expected position 12138611 , only wrote 12138604
12-09 07:53:52.636 W/audio_hw_generic( 1308): Not supplying enough data to HAL, expected position 12142756 , only wrote 12139265
12-09 07:53:52.693 I/InputAttributes( 1875): InputType.TYPE_NULL is specified
12-09 07:53:52.778 W/audio_hw_generic( 1308): Not supplying enough data to HAL, expected position 12145520 , only wrote 12145214
12-09 07:53:52.827 W/audio_hw_generic( 1308): Not supplying enough data to HAL, expected position 12147360 , only wrote 12145875
12-09 07:53:52.827 W/audio_hw_generic( 1308): Not supplying enough data to HAL, expected position 12145882 , only wrote 12145875
12-09 07:53:52.870 I/Choreographer( 1875): Skipped 72 frames!  The application may be doing too much work on its main thread.
12-09 07:53:52.889 W/audio_hw_generic( 1308): Hardware backing HAL too slow, could only write 0 of 661 frames
12-09 07:53:53.085 D/EGL_emulation( 1875): eglMakeCurrent: 0x7f3cc7db96e0: ver 2 0 (tinfo 0x7f3cc7db87c0)
12-09 07:53:53.086 E/Surface ( 1875): getSlotFromBufferLocked: unknown buffer: 0x7f3cc80fb5e0
12-09 07:53:53.088 I/System.out( 8496): URI: //map
12-09 07:53:53.088 I/System.out( 8496): params: {json={"query":"android.widget.ListView index:0 android.widget.TextView index:0","operation":{"method_name":"query","arguments":[]}}
12-09 07:53:53.088 I/System.out( 8496): }
12-09 07:53:53.174 W/audio_hw_generic( 1308): Hardware backing HAL too slow, could only write 0 of 661 frames
12-09 07:53:53.430 W/audio_hw_generic( 1308): Not supplying enough data to HAL, expected position 12172473 , only wrote 12172315
12-09 07:53:53.431 W/audio_hw_generic( 1308): Not supplying enough data to HAL, expected position 12172326 , only wrote 12172315
12-09 07:53:53.623 W/audio_hw_generic( 1308): Hardware backing HAL too slow, could only write 0 of 661 frames
12-09 07:53:53.671 W/audio_hw_generic( 1308): Hardware backing HAL too slow, could only write 0 of 661 frames
12-09 07:53:53.671 W/audio_hw_generic( 1308): Not supplying enough data to HAL, expected position 12182914 , only wrote 12182230
12-09 07:53:53.671 W/audio_hw_generic( 1308): Not supplying enough data to HAL, expected position 12182237 , only wrote 12182230
12-09 07:53:53.691 W/audio_hw_generic( 1308): Not supplying enough data to HAL, expected position 12183108 , only wrote 12182891
12-09 07:53:53.710 W/audio_hw_generic( 1308): Not supplying enough data to HAL, expected position 12183739 , only wrote 12183552
12-09 07:53:53.710 W/audio_hw_generic( 1308): Not supplying enough data to HAL, expected position 12183559 , only wrote 12183552
12-09 07:53:53.737 W/audio_hw_generic( 1308): Not supplying enough data to HAL, expected position 12184725 , only wrote 12184213
12-09 07:53:54.047 I/art     ( 8496): Background sticky concurrent mark sweep GC freed 54298(2MB) AllocSpace objects, 2(40KB) LOS objects, 20% free, 4MB/5MB, paused 10.216ms total 110.710ms
12-09 07:53:54.088 I/System.out( 8496): URI: //gesture
12-09 07:53:54.088 I/System.out( 8496): params: {json={"query_timeout":5.0,"gestures":[{"query_string":"android.widget.ListView index:0 android.widget.TextView index:0","touches":[{"x":50,"y":50,"offset_x":0,"offset_y":0,"wait":0.0,"time":0.2,"release":true,"query_string":null}]}]}
12-09 07:53:54.088 I/System.out( 8496): }
12-09 07:53:54.195 W/audio_hw_generic( 1308): Not supplying enough data to HAL, expected position 12204419 , only wrote 12203382
12-09 07:53:54.195 W/audio_hw_generic( 1308): Not supplying enough data to HAL, expected position 12203389 , only wrote 12203382
12-09 07:53:54.215 W/audio_hw_generic( 1308): Not supplying enough data to HAL, expected position 12204248 , only wrote 12204043
12-09 07:53:54.244 I/art     ( 8496): Background sticky concurrent mark sweep GC freed 53422(2MB) AllocSpace objects, 2(40KB) LOS objects, 22% free, 3MB/5MB, paused 1.697ms total 153.488ms
12-09 07:53:54.440 W/audio_hw_generic( 1308): Not supplying enough data to HAL, expected position 12213963 , only wrote 12211314
12-09 07:53:54.440 W/audio_hw_generic( 1308): Not supplying enough data to HAL, expected position 12211321 , only wrote 12211314
12-09 07:53:54.539 W/audio_hw_generic( 1308): Not supplying enough data to HAL, expected position 12215659 , only wrote 12211975
12-09 07:53:54.607 W/audio_hw_generic( 1308): Not supplying enough data to HAL, expected position 12214996 , only wrote 12213297
12-09 07:53:54.810 I/ActivityManager( 1593): START u0 {cmp=com.evancharlton.mileage/.FillupInfoActivity (has extras)} from uid 10123 on display 0
12-09 07:53:54.871 D/AudioFlinger( 1308): mixer(0xf43c0000) throttle end: throttle time(11)
12-09 07:53:54.883 W/audio_hw_generic( 1308): Hardware backing HAL too slow, could only write 0 of 661 frames
12-09 07:53:54.907 W/audio_hw_generic( 1308): Hardware backing HAL too slow, could only write 0 of 661 frames
12-09 07:53:54.907 W/audio_hw_generic( 1308): Hardware backing HAL too slow, could only write 0 of 661 frames
12-09 07:53:54.935 I/art     ( 8496): Background sticky concurrent mark sweep GC freed 50849(2MB) AllocSpace objects, 1(20KB) LOS objects, 34% free, 3MB/5MB, paused 5.789ms total 191.413ms
12-09 07:53:54.938 W/audio_hw_generic( 1308): Hardware backing HAL too slow, could only write 0 of 661 frames
12-09 07:53:54.939 W/audio_hw_generic( 1308): Hardware backing HAL too slow, could only write 0 of 661 frames
12-09 07:53:54.955 W/audio_hw_generic( 1308): Hardware backing HAL too slow, could only write 0 of 661 frames
12-09 07:53:54.978 W/audio_hw_generic( 1308): Hardware backing HAL too slow, could only write 0 of 661 frames
12-09 07:53:55.099 W/audio_hw_generic( 1308): Not supplying enough data to HAL, expected position 12225222 , only wrote 12224534
12-09 07:53:55.099 W/audio_hw_generic( 1308): Not supplying enough data to HAL, expected position 12224541 , only wrote 12224534
12-09 07:53:55.124 W/audio_hw_generic( 1308): Not supplying enough data to HAL, expected position 12225623 , only wrote 12225195
12-09 07:53:55.133 I/calabash( 8496): newActivity1
12-09 07:53:55.351 W/audio_hw_generic( 1308): Not supplying enough data to HAL, expected position 12235213 , only wrote 12235110
12-09 07:53:55.351 W/audio_hw_generic( 1308): Not supplying enough data to HAL, expected position 12235117 , only wrote 12235110
12-09 07:53:55.394 V/PhoneStatusBar( 1695): setLightsOn(true)
12-09 07:53:55.428 E/SurfaceFlinger( 1218): ro.sf.lcd_density must be defined as a build property
12-09 07:53:55.434 D/gralloc_ranchu( 1218): gralloc_alloc: Creating ashmem region of size 3686400
12-09 07:53:55.481 D/gralloc_ranchu( 1218): gralloc_alloc: Creating ashmem region of size 3686400
12-09 07:53:55.503 W/audio_hw_generic( 1308): Not supplying enough data to HAL, expected position 12241808 , only wrote 12241720
12-09 07:53:55.560 D/        ( 8592): HostConnection::get() New Host Connection established 0x7f68fe9d2480, tid 8592
12-09 07:53:55.589 E/EGL_emulation( 1218): tid 1218: eglCreateSyncKHR(1881): error 0x3004 (EGL_BAD_ATTRIBUTE)
12-09 07:53:55.671 W/audio_hw_generic( 1308): Not supplying enough data to HAL, expected position 12249126 , only wrote 12248330
12-09 07:53:55.671 W/audio_hw_generic( 1308): Not supplying enough data to HAL, expected position 12248337 , only wrote 12248330
12-09 07:53:55.701 W/audio_hw_generic( 1308): Not supplying enough data to HAL, expected position 12249636 , only wrote 12248991
12-09 07:53:55.738 W/audio_hw_generic( 1308): Hardware backing HAL too slow, could only write 0 of 661 frames
12-09 07:53:55.754 W/audio_hw_generic( 1308): Hardware backing HAL too slow, could only write 0 of 661 frames
12-09 07:53:55.782 W/audio_hw_generic( 1308): Hardware backing HAL too slow, could only write 0 of 661 frames
12-09 07:53:55.783 W/audio_hw_generic( 1308): Hardware backing HAL too slow, could only write 0 of 661 frames
12-09 07:53:55.926 W/audio_hw_generic( 1308): Not supplying enough data to HAL, expected position 12258922 , only wrote 12258906
12-09 07:53:55.926 W/audio_hw_generic( 1308): Not supplying enough data to HAL, expected position 12258918 , only wrote 12258906
12-09 07:53:55.942 W/audio_hw_generic( 1308): Not supplying enough data to HAL, expected position 12259581 , only wrote 12259567
12-09 07:53:55.962 W/audio_hw_generic( 1308): Hardware backing HAL too slow, could only write 0 of 661 frames
12-09 07:53:55.977 W/audio_hw_generic( 1308): Hardware backing HAL too slow, could only write 0 of 661 frames
12-09 07:53:56.011 D/gralloc_ranchu( 1218): gralloc_alloc: Creating ashmem region of size 3686400
12-09 07:53:56.100 W/audio_hw_generic( 1308): Not supplying enough data to HAL, expected position 12266551 , only wrote 12266177
12-09 07:53:56.100 W/audio_hw_generic( 1308): Not supplying enough data to HAL, expected position 12266184 , only wrote 12266177
12-09 07:53:56.116 W/audio_hw_generic( 1308): Not supplying enough data to HAL, expected position 12266886 , only wrote 12266838
12-09 07:53:56.242 W/audio_hw_generic( 1308): Not supplying enough data to HAL, expected position 12272380 , only wrote 12272126
12-09 07:53:56.242 W/audio_hw_generic( 1308): Not supplying enough data to HAL, expected position 12272133 , only wrote 12272126
12-09 07:53:56.307 I/ActivityManager( 1593): Displayed com.evancharlton.mileage/.FillupInfoActivity: +1s199ms
12-09 07:53:56.591 W/audio_hw_generic( 1308): Not supplying enough data to HAL, expected position 12287493 , only wrote 12277414
12-09 07:53:56.659 I/System.out( 8496): URI: //map
12-09 07:53:56.659 I/System.out( 8496): params: {json={"query":"android.widget.Button index:1","operation":{"method_name":"query","arguments":[]}}
12-09 07:53:56.659 I/System.out( 8496): }
12-09 07:53:56.669 W/audio_hw_generic( 1308): Not supplying enough data to HAL, expected position 12280855 , only wrote 12278736
12-09 07:53:56.707 W/audio_hw_generic( 1308): Not supplying enough data to HAL, expected position 12280419 , only wrote 12280058
12-09 07:53:56.851 W/audio_hw_generic( 1308): Not supplying enough data to HAL, expected position 12286415 , only wrote 12286007
12-09 07:53:56.886 W/audio_hw_generic( 1308): Hardware backing HAL too slow, could only write 0 of 661 frames
12-09 07:53:56.903 W/audio_hw_generic( 1308): Hardware backing HAL too slow, could only write 0 of 661 frames
12-09 07:53:56.932 W/audio_hw_generic( 1308): Hardware backing HAL too slow, could only write 0 of 661 frames
12-09 07:53:57.099 W/audio_hw_generic( 1308): Not supplying enough data to HAL, expected position 12296930 , only wrote 12290634
12-09 07:53:57.135 W/audio_hw_generic( 1308): Not supplying enough data to HAL, expected position 12292232 , only wrote 12291295
12-09 07:53:57.171 W/audio_hw_generic( 1308): Hardware backing HAL too slow, could only write 0 of 661 frames
12-09 07:53:57.187 W/audio_hw_generic( 1308): Hardware backing HAL too slow, could only write 0 of 661 frames
12-09 07:53:57.215 D/gralloc_ranchu( 1218): gralloc_alloc: Creating ashmem region of size 3686400
12-09 07:53:57.333 I/System.out( 8496): URI: //gesture
12-09 07:53:57.333 I/System.out( 8496): params: {json={"query_timeout":5.0,"gestures":[{"query_string":"android.widget.Button index:1","touches":[{"x":50,"y":50,"offset_x":0,"offset_y":0,"wait":0.0,"time":0.2,"release":true,"query_string":null}]}]}
12-09 07:53:57.334 I/System.out( 8496): }
12-09 07:53:57.374 I/art     ( 8496): Background sticky concurrent mark sweep GC freed 32133(1501KB) AllocSpace objects, 1(20KB) LOS objects, 15% free, 4MB/5MB, paused 16.193ms total 123.983ms
12-09 07:53:57.393 W/audio_hw_generic( 1308): Not supplying enough data to HAL, expected position 12302694 , only wrote 12301871
12-09 07:53:57.394 W/audio_hw_generic( 1308): Not supplying enough data to HAL, expected position 12301882 , only wrote 12301871
12-09 07:53:57.532 W/audio_hw_generic( 1308): Not supplying enough data to HAL, expected position 12307994 , only wrote 12307820
12-09 07:53:57.533 W/audio_hw_generic( 1308): Not supplying enough data to HAL, expected position 12307827 , only wrote 12307820
12-09 07:53:57.551 W/audio_hw_generic( 1308): Not supplying enough data to HAL, expected position 12308625 , only wrote 12308481
12-09 07:53:57.676 I/ActivityManager( 1593): START u0 {cmp=com.evancharlton.mileage/.FillupInfoActivity (has extras)} from uid 10123 on display 0
12-09 07:53:57.706 W/audio_hw_generic( 1308): Hardware backing HAL too slow, could only write 0 of 661 frames
12-09 07:53:57.754 W/audio_hw_generic( 1308): Not supplying enough data to HAL, expected position 12317433 , only wrote 12317074
12-09 07:53:57.817 I/art     ( 8496): Background sticky concurrent mark sweep GC freed 43802(1986KB) AllocSpace objects, 1(20KB) LOS objects, 23% free, 3MB/5MB, paused 32.729ms total 133.040ms
12-09 07:53:57.877 W/audio_hw_generic( 1308): Hardware backing HAL too slow, could only write 0 of 661 frames
12-09 07:53:57.923 W/audio_hw_generic( 1308): Not supplying enough data to HAL, expected position 12324530 , only wrote 12323684
12-09 07:53:58.105 W/audio_hw_generic( 1308): Not supplying enough data to HAL, expected position 12331714 , only wrote 12328311
12-09 07:53:58.105 W/audio_hw_generic( 1308): Not supplying enough data to HAL, expected position 12328318 , only wrote 12328311
12-09 07:53:58.118 I/calabash( 8496): newActivity1
12-09 07:53:58.127 W/audio_hw_generic( 1308): Not supplying enough data to HAL, expected position 12329268 , only wrote 12328972
12-09 07:53:58.146 W/audio_hw_generic( 1308): Hardware backing HAL too slow, could only write 0 of 661 frames
12-09 07:53:58.167 W/audio_hw_generic( 1308): Hardware backing HAL too slow, could only write 0 of 661 frames
12-09 07:53:58.177 W/audio_hw_generic( 1308): Hardware backing HAL too slow, could only write 0 of 661 frames
12-09 07:53:58.287 W/audio_hw_generic( 1308): Not supplying enough data to HAL, expected position 12336027 , only wrote 12334921
12-09 07:53:58.287 W/audio_hw_generic( 1308): Hardware backing HAL too slow, could only write 0 of 661 frames
12-09 07:53:58.287 W/audio_hw_generic( 1308): Hardware backing HAL too slow, could only write 0 of 661 frames
12-09 07:53:58.385 E/SurfaceFlinger( 1218): ro.sf.lcd_density must be defined as a build property
12-09 07:53:58.386 D/gralloc_ranchu( 1218): gralloc_alloc: Creating ashmem region of size 3686400
12-09 07:53:58.415 D/        ( 8598): HostConnection::get() New Host Connection established 0x7fc6ac012480, tid 8598
12-09 07:53:58.444 E/EGL_emulation( 1218): tid 1218: eglCreateSyncKHR(1881): error 0x3004 (EGL_BAD_ATTRIBUTE)
12-09 07:53:58.510 V/PhoneStatusBar( 1695): setLightsOn(true)
12-09 07:53:58.610 W/audio_hw_generic( 1308): Not supplying enough data to HAL, expected position 12349152 , only wrote 12347480
12-09 07:53:58.610 W/audio_hw_generic( 1308): Not supplying enough data to HAL, expected position 12347487 , only wrote 12347480
12-09 07:53:58.625 W/audio_hw_generic( 1308): Not supplying enough data to HAL, expected position 12348170 , only wrote 12348141
12-09 07:53:58.669 W/audio_hw_generic( 1308): Hardware backing HAL too slow, could only write 0 of 661 frames
12-09 07:53:58.670 D/gralloc_ranchu( 1218): gralloc_alloc: Creating ashmem region of size 3686400
12-09 07:53:58.687 W/audio_hw_generic( 1308): Hardware backing HAL too slow, could only write 0 of 661 frames
12-09 07:53:58.696 W/audio_hw_generic( 1308): Hardware backing HAL too slow, could only write 0 of 661 frames
12-09 07:53:58.716 W/audio_hw_generic( 1308): Hardware backing HAL too slow, could only write 0 of 661 frames
12-09 07:53:58.732 W/audio_hw_generic( 1308): Hardware backing HAL too slow, could only write 0 of 661 frames
12-09 07:53:58.744 W/audio_hw_generic( 1308): Hardware backing HAL too slow, could only write 0 of 661 frames
12-09 07:53:58.758 W/audio_hw_generic( 1308): Hardware backing HAL too slow, could only write 0 of 661 frames
12-09 07:53:58.772 W/audio_hw_generic( 1308): Hardware backing HAL too slow, could only write 0 of 661 frames
12-09 07:53:58.787 W/audio_hw_generic( 1308): Hardware backing HAL too slow, could only write 0 of 661 frames
12-09 07:53:58.935 W/audio_hw_generic( 1308): Not supplying enough data to HAL, expected position 12361800 , only wrote 12361361
12-09 07:53:59.051 W/audio_hw_generic( 1308): Not supplying enough data to HAL, expected position 12366459 , only wrote 12365988
12-09 07:53:59.093 W/audio_hw_generic( 1308): Not supplying enough data to HAL, expected position 12367851 , only wrote 12367310
12-09 07:53:59.095 W/art     ( 1593): Long monitor contention event with owner method=java.util.List com.android.server.am.ActivityManagerService.getAllStackInfos() from ActivityManagerService.java:8937 waiters=0 for 299ms
12-09 07:53:59.195 W/audio_hw_generic( 1308): Not supplying enough data to HAL, expected position 12371786 , only wrote 12370615
12-09 07:53:59.195 W/audio_hw_generic( 1308): Not supplying enough data to HAL, expected position 12370622 , only wrote 12370615
12-09 07:53:59.200 I/System.out( 8496): URI: //map
12-09 07:53:59.200 I/System.out( 8496): params: {json={"query":"android.widget.Button index:0","operation":{"method_name":"query","arguments":[]}}
12-09 07:53:59.200 I/System.out( 8496): }
12-09 07:53:59.323 I/ActivityManager( 1593): Displayed com.evancharlton.mileage/.FillupInfoActivity: +1s613ms
12-09 07:53:59.337 W/audio_hw_generic( 1308): Not supplying enough data to HAL, expected position 12376867 , only wrote 12376564
12-09 07:53:59.337 W/audio_hw_generic( 1308): Not supplying enough data to HAL, expected position 12376574 , only wrote 12376564
12-09 07:53:59.526 D/gralloc_ranchu( 1218): gralloc_alloc: Creating ashmem region of size 3686400
12-09 07:53:59.527 W/audio_hw_generic( 1308): Not supplying enough data to HAL, expected position 12384948 , only wrote 12380530
12-09 07:53:59.527 W/audio_hw_generic( 1308): Not supplying enough data to HAL, expected position 12380537 , only wrote 12380530
12-09 07:53:59.547 W/audio_hw_generic( 1308): Not supplying enough data to HAL, expected position 12381398 , only wrote 12381191
12-09 07:53:59.663 W/audio_hw_generic( 1308): Hardware backing HAL too slow, could only write 0 of 661 frames
12-09 07:53:59.663 W/audio_hw_generic( 1308): Not supplying enough data to HAL, expected position 12386307 , only wrote 12384496
12-09 07:53:59.663 W/audio_hw_generic( 1308): Not supplying enough data to HAL, expected position 12384502 , only wrote 12384496
12-09 07:53:59.715 W/audio_hw_generic( 1308): Not supplying enough data to HAL, expected position 12386790 , only wrote 12385157
12-09 07:53:59.715 W/audio_hw_generic( 1308): Hardware backing HAL too slow, could only write 0 of 661 frames
12-09 07:53:59.740 W/audio_hw_generic( 1308): Hardware backing HAL too slow, could only write 0 of 661 frames
12-09 07:53:59.757 W/audio_hw_generic( 1308): Hardware backing HAL too slow, could only write 0 of 661 frames
12-09 07:53:59.847 W/audio_hw_generic( 1308): Not supplying enough data to HAL, expected position 12390977 , only wrote 12389784
12-09 07:53:59.847 W/audio_hw_generic( 1308): Not supplying enough data to HAL, expected position 12389791 , only wrote 12389784
12-09 07:53:59.867 W/audio_hw_generic( 1308): Not supplying enough data to HAL, expected position 12390649 , only wrote 12390445
12-09 07:54:00.063 W/audio_hw_generic( 1308): Not supplying enough data to HAL, expected position 12399096 , only wrote 12397716
12-09 07:54:00.063 W/audio_hw_generic( 1308): Not supplying enough data to HAL, expected position 12397723 , only wrote 12397716
12-09 07:54:00.083 W/audio_hw_generic( 1308): Not supplying enough data to HAL, expected position 12398590 , only wrote 12398377
12-09 07:54:00.114 D/gralloc_ranchu( 1218): gralloc_alloc: Creating ashmem region of size 3686400
12-09 07:54:00.119 I/art     ( 8496): Background sticky concurrent mark sweep GC freed 43473(1861KB) AllocSpace objects, 2(40KB) LOS objects, 13% free, 4MB/5MB, paused 1.558ms total 123.977ms
12-09 07:54:00.154 I/System.out( 8496): URI: //gesture
12-09 07:54:00.154 I/System.out( 8496): params: {json={"query_timeout":5.0,"gestures":[{"query_string":"android.widget.Button index:0","touches":[{"x":50,"y":50,"offset_x":0,"offset_y":0,"wait":0.0,"time":0.2,"release":true,"query_string":null}]}]}
12-09 07:54:00.154 I/System.out( 8496): }
12-09 07:54:00.255 W/audio_hw_generic( 1308): Not supplying enough data to HAL, expected position 12405949 , only wrote 12405648
12-09 07:54:00.255 D/hwcomposer( 1218): hw_composer sent 792 syncs in 60s
12-09 07:54:00.295 W/art     ( 8496): Suspending all threads took: 6.305ms
12-09 07:54:00.320 I/art     ( 8496): Background sticky concurrent mark sweep GC freed 17696(877KB) AllocSpace objects, 2(40KB) LOS objects, 19% free, 4MB/5MB, paused 7.487ms total 144.932ms
12-09 07:54:00.518 W/audio_hw_generic( 1308): Not supplying enough data to HAL, expected position 12417268 , only wrote 12415563
12-09 07:54:00.518 W/audio_hw_generic( 1308): Not supplying enough data to HAL, expected position 12415570 , only wrote 12415563
12-09 07:54:00.537 W/audio_hw_generic( 1308): Not supplying enough data to HAL, expected position 12416374 , only wrote 12416224
12-09 07:54:00.597 W/audio_hw_generic( 1308): Hardware backing HAL too slow, could only write 0 of 661 frames
12-09 07:54:00.699 W/audio_hw_generic( 1308): Not supplying enough data to HAL, expected position 12423376 , only wrote 12422834
12-09 07:54:00.702 W/audio_hw_generic( 1308): Not supplying enough data to HAL, expected position 12422986 , only wrote 12422834
12-09 07:54:00.718 W/audio_hw_generic( 1308): Not supplying enough data to HAL, expected position 12423516 , only wrote 12423495
12-09 07:54:00.799 W/audio_hw_generic( 1308): Not supplying enough data to HAL, expected position 12427060 , only wrote 12426800
12-09 07:54:00.807 W/audio_hw_generic( 1308): Not supplying enough data to HAL, expected position 12427173 , only wrote 12426800
12-09 07:54:00.809 I/ActivityManager( 1593): START u0 {cmp=com.evancharlton.mileage/.FillupInfoActivity (has extras)} from uid 10123 on display 0
12-09 07:54:00.883 D/AudioFlinger( 1308): mixer(0xf43c0000) throttle end: throttle time(11)
12-09 07:54:00.887 W/audio_hw_generic( 1308): Hardware backing HAL too slow, could only write 0 of 661 frames
12-09 07:54:00.914 W/audio_hw_generic( 1308): Hardware backing HAL too slow, could only write 0 of 661 frames
12-09 07:54:00.935 W/audio_hw_generic( 1308): Hardware backing HAL too slow, could only write 0 of 661 frames
12-09 07:54:01.085 W/audio_hw_generic( 1308): Not supplying enough data to HAL, expected position 12437536 , only wrote 12434732
12-09 07:54:01.106 I/calabash( 8496): newActivity1
12-09 07:54:01.144 W/audio_hw_generic( 1308): Not supplying enough data to HAL, expected position 12437322 , only wrote 12436054
12-09 07:54:01.296 W/audio_hw_generic( 1308): Not supplying enough data to HAL, expected position 12442776 , only wrote 12442664
12-09 07:54:01.412 W/audio_hw_generic( 1308): Hardware backing HAL too slow, could only write 0 of 661 frames
12-09 07:54:01.422 W/audio_hw_generic( 1308): Hardware backing HAL too slow, could only write 0 of 661 frames
12-09 07:54:01.477 V/PhoneStatusBar( 1695): setLightsOn(true)
12-09 07:54:01.542 D/gralloc_ranchu( 1218): gralloc_alloc: Creating ashmem region of size 3686400
12-09 07:54:01.582 W/audio_hw_generic( 1308): Not supplying enough data to HAL, expected position 12455259 , only wrote 12455223
12-09 07:54:01.599 E/SurfaceFlinger( 1218): ro.sf.lcd_density must be defined as a build property
12-09 07:54:01.693 D/gralloc_ranchu( 1218): gralloc_alloc: Creating ashmem region of size 3686400
12-09 07:54:01.747 W/audio_hw_generic( 1308): Not supplying enough data to HAL, expected position 12462497 , only wrote 12462494
12-09 07:54:01.747 W/audio_hw_generic( 1308): Hardware backing HAL too slow, could only write 0 of 661 frames
12-09 07:54:01.767 W/audio_hw_generic( 1308): Hardware backing HAL too slow, could only write 0 of 661 frames
12-09 07:54:01.797 W/audio_hw_generic( 1308): Hardware backing HAL too slow, could only write 0 of 661 frames
12-09 07:54:01.857 D/        ( 8604): HostConnection::get() New Host Connection established 0x7fa048a52480, tid 8604
12-09 07:54:01.859 W/audio_hw_generic( 1308): Hardware backing HAL too slow, could only write 0 of 661 frames
12-09 07:54:01.876 E/EGL_emulation( 1218): tid 1218: eglCreateSyncKHR(1881): error 0x3004 (EGL_BAD_ATTRIBUTE)
12-09 07:54:01.977 W/audio_hw_generic( 1308): Not supplying enough data to HAL, expected position 12472658 , only wrote 12470426
12-09 07:54:01.979 W/audio_hw_generic( 1308): Not supplying enough data to HAL, expected position 12470490 , only wrote 12470426
12-09 07:54:02.028 W/audio_hw_generic( 1308): Not supplying enough data to HAL, expected position 12472614 , only wrote 12471087
12-09 07:54:02.082 W/audio_hw_generic( 1308): Hardware backing HAL too slow, could only write 0 of 661 frames
12-09 07:54:02.082 W/audio_hw_generic( 1308): Hardware backing HAL too slow, could only write 0 of 661 frames
12-09 07:54:02.109 W/audio_hw_generic( 1308): Not supplying enough data to HAL, expected position 12474661 , only wrote 12474392
12-09 07:54:02.110 W/audio_hw_generic( 1308): Hardware backing HAL too slow, could only write 0 of 661 frames
12-09 07:54:02.124 W/audio_hw_generic( 1308): Hardware backing HAL too slow, could only write 0 of 661 frames
12-09 07:54:02.139 W/audio_hw_generic( 1308): Hardware backing HAL too slow, could only write 0 of 661 frames
12-09 07:54:02.161 W/audio_hw_generic( 1308): Hardware backing HAL too slow, could only write 0 of 661 frames
12-09 07:54:02.171 W/audio_hw_generic( 1308): Hardware backing HAL too slow, could only write 0 of 661 frames
12-09 07:54:02.187 W/audio_hw_generic( 1308): Hardware backing HAL too slow, could only write 0 of 661 frames
12-09 07:54:02.249 W/art     ( 1593): Long monitor contention event with owner method=void com.android.server.wm.WindowAnimator$1.doFrame(long) from WindowAnimator.java:121 waiters=0 for 122ms
12-09 07:54:02.269 W/audio_hw_generic( 1308): Hardware backing HAL too slow, could only write 0 of 661 frames
12-09 07:54:02.287 W/audio_hw_generic( 1308): Hardware backing HAL too slow, could only write 0 of 661 frames
12-09 07:54:02.303 W/audio_hw_generic( 1308): Hardware backing HAL too slow, could only write 0 of 661 frames
12-09 07:54:02.319 W/audio_hw_generic( 1308): Hardware backing HAL too slow, could only write 0 of 661 frames
12-09 07:54:02.334 W/audio_hw_generic( 1308): Hardware backing HAL too slow, could only write 0 of 661 frames
12-09 07:54:02.393 W/art     ( 1593): Long monitor contention event with owner method=void com.android.server.wm.WindowAnimator$1.doFrame(long) from WindowAnimator.java:121 waiters=1 for 252ms
12-09 07:54:02.471 W/audio_hw_generic( 1308): Not supplying enough data to HAL, expected position 12490332 , only wrote 12490256
12-09 07:54:02.471 W/audio_hw_generic( 1308): Not supplying enough data to HAL, expected position 12490263 , only wrote 12490256
12-09 07:54:02.509 W/art     ( 1593): Long monitor contention event with owner method=void com.android.server.wm.WindowAnimator$1.doFrame(long) from WindowAnimator.java:121 waiters=1 for 260ms
12-09 07:54:02.652 W/art     ( 1593): Long monitor contention event with owner method=void com.android.server.wm.WindowAnimator$1.doFrame(long) from WindowAnimator.java:121 waiters=1 for 142ms
12-09 07:54:02.652 W/art     ( 1593): Long monitor contention event with owner method=java.util.List com.android.server.am.ActivityManagerService.getAllStackInfos() from ActivityManagerService.java:8937 waiters=0 for 122ms
12-09 07:54:02.655 W/audio_hw_generic( 1308): Not supplying enough data to HAL, expected position 12498357 , only wrote 12498188
12-09 07:54:02.655 W/audio_hw_generic( 1308): Not supplying enough data to HAL, expected position 12498195 , only wrote 12498188
12-09 07:54:02.664 D/gralloc_ranchu( 1218): gralloc_alloc: Creating ashmem region of size 3686400
12-09 07:54:02.679 W/audio_hw_generic( 1308): Not supplying enough data to HAL, expected position 12499253 , only wrote 12498849
12-09 07:54:02.787 W/audio_hw_generic( 1308): Not supplying enough data to HAL, expected position 12503605 , only wrote 12503476
12-09 07:54:02.865 W/audio_hw_generic( 1308): Not supplying enough data to HAL, expected position 12506941 , only wrote 12506120
12-09 07:54:02.866 W/audio_hw_generic( 1308): Not supplying enough data to HAL, expected position 12506127 , only wrote 12506120
12-09 07:54:02.888 W/audio_hw_generic( 1308): Not supplying enough data to HAL, expected position 12507093 , only wrote 12506781
12-09 07:54:02.888 W/audio_hw_generic( 1308): Hardware backing HAL too slow, could only write 0 of 661 frames
12-09 07:54:02.904 W/audio_hw_generic( 1308): Hardware backing HAL too slow, could only write 0 of 661 frames
12-09 07:54:02.931 W/audio_hw_generic( 1308): Hardware backing HAL too slow, could only write 0 of 661 frames
12-09 07:54:02.934 W/audio_hw_generic( 1308): Hardware backing HAL too slow, could only write 0 of 661 frames
12-09 07:54:02.952 W/audio_hw_generic( 1308): Hardware backing HAL too slow, could only write 0 of 661 frames
12-09 07:54:02.979 W/audio_hw_generic( 1308): Hardware backing HAL too slow, could only write 0 of 661 frames
12-09 07:54:02.986 I/ActivityManager( 1593): Displayed com.evancharlton.mileage/.FillupInfoActivity: +1s975ms
12-09 07:54:03.053 W/audio_hw_generic( 1308): Not supplying enough data to HAL, expected position 12514064 , only wrote 12514052
12-09 07:54:03.053 W/audio_hw_generic( 1308): Not supplying enough data to HAL, expected position 12514059 , only wrote 12514052
12-09 07:54:03.072 W/audio_hw_generic( 1308): Not supplying enough data to HAL, expected position 12514873 , only wrote 12514713
12-09 07:54:03.508 W/audio_hw_generic( 1308): Not supplying enough data to HAL, expected position 12533947 , only wrote 12533882
12-09 07:54:03.577 D/gralloc_ranchu( 1218): gralloc_alloc: Creating ashmem region of size 3686400
12-09 07:54:03.618 D/AndroidRuntime( 8607): >>>>>> START com.android.internal.os.RuntimeInit uid 0 <<<<<<
12-09 07:54:03.623 D/AndroidRuntime( 8607): CheckJNI is ON
12-09 07:54:03.686 D/ICU     ( 8607): No timezone override file found: /data/misc/zoneinfo/current/icu/icu_tzdata.dat
12-09 07:54:03.828 E/memtrack( 8607): Couldn't load memtrack module (No such file or directory)
12-09 07:54:03.828 E/android.os.Debug( 8607): failed to load memtrack module: -2
12-09 07:54:03.829 I/Radio-JNI( 8607): register_android_hardware_Radio DONE
12-09 07:54:03.856 W/audio_hw_generic( 1308): Not supplying enough data to HAL, expected position 12549226 , only wrote 12549085
12-09 07:54:03.860 D/AndroidRuntime( 8607): Calling main entry com.android.commands.input.Input
12-09 07:54:03.861 I/Input   ( 8607): injectKeyEvent: KeyEvent { action=ACTION_DOWN, keyCode=KEYCODE_BACK, scanCode=0, metaState=0, flags=0x0, repeatCount=0, eventTime=3457669, downTime=3457669, deviceId=-1, source=0x101 }
12-09 07:54:03.882 I/Input   ( 8607): injectKeyEvent: KeyEvent { action=ACTION_UP, keyCode=KEYCODE_BACK, scanCode=0, metaState=0, flags=0x0, repeatCount=0, eventTime=3457669, downTime=3457669, deviceId=-1, source=0x101 }
12-09 07:54:03.924 D/AndroidRuntime( 8607): Shutting down VM
12-09 07:54:03.959 W/audio_hw_generic( 1308): Hardware backing HAL too slow, could only write 0 of 661 frames
12-09 07:54:04.027 W/audio_hw_generic( 1308): Not supplying enough data to HAL, expected position 12556651 , only wrote 12554373
12-09 07:54:04.033 W/ActivityManager( 1593): Bad activity token: android.os.BinderProxy@3514e89
12-09 07:54:04.033 W/ActivityManager( 1593): java.lang.ClassCastException: android.os.BinderProxy cannot be cast to com.android.server.am.ActivityRecord$Token
12-09 07:54:04.033 W/ActivityManager( 1593): 	at com.android.server.am.ActivityRecord.forTokenLocked(ActivityRecord.java:424)
12-09 07:54:04.033 W/ActivityManager( 1593): 	at com.android.server.am.ActivityRecord.isInStackLocked(ActivityRecord.java:1121)
12-09 07:54:04.033 W/ActivityManager( 1593): 	at com.android.server.am.ActivityManagerService.getActivityOptions(ActivityManagerService.java:11038)
12-09 07:54:04.033 W/ActivityManager( 1593): 	at android.app.ActivityManagerNative.onTransact(ActivityManagerNative.java:1734)
12-09 07:54:04.033 W/ActivityManager( 1593): 	at com.android.server.am.ActivityManagerService.onTransact(ActivityManagerService.java:2443)
