12-09 08:46:02.104 W/audio_hw_generic( 1307): Not supplying enough data to HAL, expected position 54646937 , only wrote 54646192
12-09 08:46:02.105 W/audio_hw_generic( 1307): Not supplying enough data to HAL, expected position 54646199 , only wrote 54646192
12-09 08:46:02.247 W/audio_hw_generic( 1307): Not supplying enough data to HAL, expected position 54652482 , only wrote 54652141
12-09 08:46:02.254 V/PhoneStatusBar( 1708): setLightsOn(true)
12-09 08:46:02.293 D/gralloc_ranchu( 1218): gralloc_alloc: Creating ashmem region of size 3686400
12-09 08:46:02.523 E/SurfaceFlinger( 1218): ro.sf.lcd_density must be defined as a build property
12-09 08:46:02.647 D/gralloc_ranchu( 1218): gralloc_alloc: Creating ashmem region of size 3686400
12-09 08:46:02.813 W/audio_hw_generic( 1307): Not supplying enough data to HAL, expected position 54677100 , only wrote 54671971
12-09 08:46:02.814 W/audio_hw_generic( 1307): Not supplying enough data to HAL, expected position 54671985 , only wrote 54671971
12-09 08:46:02.823 D/        (22081): HostConnection::get() New Host Connection established 0x7f13a6812480, tid 22081
12-09 08:46:02.848 E/EGL_emulation( 1218): tid 1218: eglCreateSyncKHR(1881): error 0x3004 (EGL_BAD_ATTRIBUTE)
12-09 08:46:02.937 I/ActivityManager( 1591): Displayed com.evancharlton.mileage/.FillupInfoActivity: +1s72ms
12-09 08:46:02.961 W/audio_hw_generic( 1307): Hardware backing HAL too slow, could only write 0 of 661 frames
12-09 08:46:02.992 W/audio_hw_generic( 1307): Not supplying enough data to HAL, expected position 54679843 , only wrote 54679242
12-09 08:46:03.043 W/audio_hw_generic( 1307): Hardware backing HAL too slow, could only write 0 of 661 frames
12-09 08:46:03.055 W/audio_hw_generic( 1307): Hardware backing HAL too slow, could only write 0 of 661 frames
12-09 08:46:03.078 W/audio_hw_generic( 1307): Hardware backing HAL too slow, could only write 0 of 661 frames
12-09 08:46:03.098 W/audio_hw_generic( 1307): Hardware backing HAL too slow, could only write 0 of 661 frames
12-09 08:46:03.099 W/audio_hw_generic( 1307): Hardware backing HAL too slow, could only write 0 of 661 frames
12-09 08:46:03.180 W/audio_hw_generic( 1307): Hardware backing HAL too slow, could only write 0 of 661 frames
12-09 08:46:03.195 W/audio_hw_generic( 1307): Hardware backing HAL too slow, could only write 0 of 661 frames
12-09 08:46:03.210 W/audio_hw_generic( 1307): Hardware backing HAL too slow, could only write 0 of 661 frames
12-09 08:46:03.227 W/audio_hw_generic( 1307): Hardware backing HAL too slow, could only write 0 of 661 frames
12-09 08:46:03.239 W/audio_hw_generic( 1307): Hardware backing HAL too slow, could only write 0 of 661 frames
12-09 08:46:03.254 W/audio_hw_generic( 1307): Hardware backing HAL too slow, could only write 0 of 661 frames
12-09 08:46:03.360 W/audio_hw_generic( 1307): Not supplying enough data to HAL, expected position 54695481 , only wrote 54695106
12-09 08:46:03.361 W/audio_hw_generic( 1307): Not supplying enough data to HAL, expected position 54695113 , only wrote 54695106
12-09 08:46:03.376 W/audio_hw_generic( 1307): Not supplying enough data to HAL, expected position 54695775 , only wrote 54695767
12-09 08:46:03.400 W/art     ( 1591): Long monitor contention event with owner method=void com.android.server.wm.WindowAnimator$1.doFrame(long) from WindowAnimator.java:121 waiters=1 for 207ms
12-09 08:46:03.401 W/art     ( 1591): Long monitor contention event with owner method=void com.android.server.wm.WindowAnimator$1.doFrame(long) from WindowAnimator.java:121 waiters=1 for 120ms
12-09 08:46:03.405 D/gralloc_ranchu( 1218): gralloc_alloc: Creating ashmem region of size 3686400
12-09 08:46:03.414 W/audio_hw_generic( 1307): Not supplying enough data to HAL, expected position 54697466 , only wrote 54697089
12-09 08:46:03.644 D/gralloc_ranchu( 1218): gralloc_alloc: Creating ashmem region of size 3686400
12-09 08:46:03.775 W/audio_hw_generic( 1307): Not supplying enough data to HAL, expected position 54713004 , only wrote 54708987
12-09 08:46:03.775 W/audio_hw_generic( 1307): Not supplying enough data to HAL, expected position 54708994 , only wrote 54708987
12-09 08:46:03.799 W/audio_hw_generic( 1307): Not supplying enough data to HAL, expected position 54710046 , only wrote 54709648
12-09 08:46:03.836 W/audio_hw_generic( 1307): Hardware backing HAL too slow, could only write 0 of 661 frames
12-09 08:46:04.328 W/audio_hw_generic( 1307): Not supplying enough data to HAL, expected position 54732948 , only wrote 54732783
12-09 08:46:04.328 W/audio_hw_generic( 1307): Not supplying enough data to HAL, expected position 54732790 , only wrote 54732783
12-09 08:46:04.383 W/audio_hw_generic( 1307): Hardware backing HAL too slow, could only write 0 of 661 frames
12-09 08:46:04.452 D/AndroidRuntime(22084): >>>>>> START com.android.internal.os.RuntimeInit uid 0 <<<<<<
12-09 08:46:04.464 D/AndroidRuntime(22084): CheckJNI is ON
12-09 08:46:04.485 D/ICU     (22084): No timezone override file found: /data/misc/zoneinfo/current/icu/icu_tzdata.dat
12-09 08:46:04.586 E/memtrack(22084): Couldn't load memtrack module (No such file or directory)
12-09 08:46:04.586 E/android.os.Debug(22084): failed to load memtrack module: -2
12-09 08:46:04.593 I/Radio-JNI(22084): register_android_hardware_Radio DONE
12-09 08:46:04.648 D/AndroidRuntime(22084): Calling main entry com.android.commands.input.Input
12-09 08:46:04.649 I/Input   (22084): injectKeyEvent: KeyEvent { action=ACTION_DOWN, keyCode=KEYCODE_BACK, scanCode=0, metaState=0, flags=0x0, repeatCount=0, eventTime=6109914, downTime=6109914, deviceId=-1, source=0x101 }
12-09 08:46:04.654 W/audio_hw_generic( 1307): Hardware backing HAL too slow, could only write 0 of 661 frames
12-09 08:46:04.673 W/audio_hw_generic( 1307): Not supplying enough data to HAL, expected position 54748003 , only wrote 54747986
12-09 08:46:04.707 I/Input   (22084): injectKeyEvent: KeyEvent { action=ACTION_UP, keyCode=KEYCODE_BACK, scanCode=0, metaState=0, flags=0x0, repeatCount=0, eventTime=6109914, downTime=6109914, deviceId=-1, source=0x101 }
12-09 08:46:04.772 D/AndroidRuntime(22084): Shutting down VM
12-09 08:46:04.781 W/ActivityManager( 1591): Bad activity token: android.os.BinderProxy@404e27a
12-09 08:46:04.781 W/ActivityManager( 1591): java.lang.ClassCastException: android.os.BinderProxy cannot be cast to com.android.server.am.ActivityRecord$Token
12-09 08:46:04.781 W/ActivityManager( 1591): 	at com.android.server.am.ActivityRecord.forTokenLocked(ActivityRecord.java:424)
12-09 08:46:04.781 W/ActivityManager( 1591): 	at com.android.server.am.ActivityRecord.isInStackLocked(ActivityRecord.java:1121)
12-09 08:46:04.781 W/ActivityManager( 1591): 	at com.android.server.am.ActivityManagerService.getActivityOptions(ActivityManagerService.java:11038)
12-09 08:46:04.781 W/ActivityManager( 1591): 	at android.app.ActivityManagerNative.onTransact(ActivityManagerNative.java:1734)
12-09 08:46:04.781 W/ActivityManager( 1591): 	at com.android.server.am.ActivityManagerService.onTransact(ActivityManagerService.java:2443)
12-09 08:46:04.781 W/ActivityManager( 1591): 	at android.os.Binder.execTransact(Binder.java:453)
12-09 08:46:04.840 V/PhoneStatusBar( 1708): setLightsOn(true)
12-09 08:46:04.878 D/gralloc_ranchu( 1218): gralloc_alloc: Creating ashmem region of size 3686400
12-09 08:46:04.887 W/audio_hw_generic( 1307): Not supplying enough data to HAL, expected position 54766509 , only wrote 54757240
12-09 08:46:05.008 I/System.out(21973): URI: //gesture
12-09 08:46:05.008 I/System.out(21973): params: {json={"query_timeout":5.0,"gestures":[{"query_string":"android.widget.TabWidget descendant TextView index:2","touches":[{"x":50,"y":50,"offset_x":0,"offset_y":0,"wait":0.0,"time":0.2,"release":true,"query_string":null}]}]}
12-09 08:46:05.008 I/System.out(21973): }
12-09 08:46:05.238 D/gralloc_ranchu( 1218): gralloc_alloc: Creating ashmem region of size 3686400
12-09 08:46:06.286 D/gralloc_ranchu( 1218): gralloc_alloc: Creating ashmem region of size 3686400
12-09 08:46:06.634 I/calabash(21973): newActivity1
12-09 08:46:06.644 W/ActivityManager( 1591): Bad activity token: android.os.BinderProxy@97b9cd7
12-09 08:46:06.644 W/ActivityManager( 1591): java.lang.ClassCastException: android.os.BinderProxy cannot be cast to com.android.server.am.ActivityRecord$Token
12-09 08:46:06.644 W/ActivityManager( 1591): 	at com.android.server.am.ActivityRecord.forTokenLocked(ActivityRecord.java:424)
12-09 08:46:06.644 W/ActivityManager( 1591): 	at com.android.server.am.ActivityRecord.isInStackLocked(ActivityRecord.java:1121)
12-09 08:46:06.644 W/ActivityManager( 1591): 	at com.android.server.am.ActivityRecord.getStackLocked(ActivityRecord.java:1126)
12-09 08:46:06.644 W/ActivityManager( 1591): 	at com.android.server.am.ActivityManagerService.getActivityDisplayId(ActivityManagerService.java:8889)
12-09 08:46:06.644 W/ActivityManager( 1591): 	at android.app.ActivityManagerNative.onTransact(ActivityManagerNative.java:2338)
12-09 08:46:06.644 W/ActivityManager( 1591): 	at com.android.server.am.ActivityManagerService.onTransact(ActivityManagerService.java:2443)
12-09 08:46:06.644 W/ActivityManager( 1591): 	at android.os.Binder.execTransact(Binder.java:453)
12-09 08:46:06.645 W/ActivityManager( 1591): Bad activity token: android.os.BinderProxy@97b9cd7
12-09 08:46:06.645 W/ActivityManager( 1591): java.lang.ClassCastException: android.os.BinderProxy cannot be cast to com.android.server.am.ActivityRecord$Token
12-09 08:46:06.645 W/ActivityManager( 1591): 	at com.android.server.am.ActivityRecord.forTokenLocked(ActivityRecord.java:424)
12-09 08:46:06.645 W/ActivityManager( 1591): 	at com.android.server.am.ActivityRecord.isInStackLocked(ActivityRecord.java:1121)
12-09 08:46:06.645 W/ActivityManager( 1591): 	at com.android.server.am.ActivityManagerService.setTaskDescription(ActivityManagerService.java:8547)
12-09 08:46:06.645 W/ActivityManager( 1591): 	at android.app.ActivityManagerNative.onTransact(ActivityManagerNative.java:2410)
12-09 08:46:06.645 W/ActivityManager( 1591): 	at com.android.server.am.ActivityManagerService.onTransact(ActivityManagerService.java:2443)
12-09 08:46:06.645 W/ActivityManager( 1591): 	at android.os.Binder.execTransact(Binder.java:453)
12-09 08:46:06.673 D/AudioFlinger( 1307): mixer(0xf43c0000) throttle end: throttle time(33)
12-09 08:46:06.697 W/audio_hw_generic( 1307): Hardware backing HAL too slow, could only write 0 of 661 frames
12-09 08:46:06.719 W/audio_hw_generic( 1307): Hardware backing HAL too slow, could only write 0 of 661 frames
12-09 08:46:06.752 I/art     (21973): Background partial concurrent mark sweep GC freed 35002(1512KB) AllocSpace objects, 1(20KB) LOS objects, 40% free, 3MB/6MB, paused 10.150ms total 94.893ms
12-09 08:46:06.781 D/VehicleStatisticsActivity(21973): Checking recalculation ...
12-09 08:46:06.782 D/VehicleStatisticsActivity(21973): Recalculating statistics
12-09 08:46:06.782 D/VehicleStatisticsTask(21973): Calculation starting...
12-09 08:46:06.790 D/VehicleStatisticsActivity(21973): Recalculation started!
12-09 08:46:06.812 W/ActivityManager( 1591): Bad activity token: android.os.BinderProxy@97b9cd7
12-09 08:46:06.812 W/ActivityManager( 1591): java.lang.ClassCastException: android.os.BinderProxy cannot be cast to com.android.server.am.ActivityRecord$Token
12-09 08:46:06.812 W/ActivityManager( 1591): 	at com.android.server.am.ActivityRecord.forTokenLocked(ActivityRecord.java:424)
12-09 08:46:06.812 W/ActivityManager( 1591): 	at com.android.server.am.ActivityRecord.isInStackLocked(ActivityRecord.java:1121)
12-09 08:46:06.812 W/ActivityManager( 1591): 	at com.android.server.am.ActivityManagerService.getActivityOptions(ActivityManagerService.java:11038)
12-09 08:46:06.812 W/ActivityManager( 1591): 	at android.app.ActivityManagerNative.onTransact(ActivityManagerNative.java:1734)
12-09 08:46:06.812 W/ActivityManager( 1591): 	at com.android.server.am.ActivityManagerService.onTransact(ActivityManagerService.java:2443)
12-09 08:46:06.812 W/ActivityManager( 1591): 	at android.os.Binder.execTransact(Binder.java:453)
12-09 08:46:06.814 D/CalculateTask(21973): Recalculating...
12-09 08:46:06.821 W/ActivityManager( 1591): Bad activity token: android.os.BinderProxy@97b9cd7
12-09 08:46:06.821 W/ActivityManager( 1591): java.lang.ClassCastException: android.os.BinderProxy cannot be cast to com.android.server.am.ActivityRecord$Token
12-09 08:46:06.821 W/ActivityManager( 1591): 	at com.android.server.am.ActivityRecord.forTokenLocked(ActivityRecord.java:424)
12-09 08:46:06.821 W/ActivityManager( 1591): 	at com.android.server.am.ActivityRecord.isInStackLocked(ActivityRecord.java:1121)
12-09 08:46:06.821 W/ActivityManager( 1591): 	at com.android.server.am.ActivityManagerService.getActivityOptions(ActivityManagerService.java:11038)
12-09 08:46:06.821 W/ActivityManager( 1591): 	at android.app.ActivityManagerNative.onTransact(ActivityManagerNative.java:1734)
12-09 08:46:06.821 W/ActivityManager( 1591): 	at com.android.server.am.ActivityManagerService.onTransact(ActivityManagerService.java:2443)
12-09 08:46:06.821 W/ActivityManager( 1591): 	at android.os.Binder.execTransact(Binder.java:453)
12-09 08:46:06.851 D/VehicleStatisticsActivity(21973): Checking recalculation ...
12-09 08:46:06.869 D/VehicleStatisticsActivity(21973): Recalculating statistics
12-09 08:46:06.869 D/VehicleStatisticsTask(21973): Calculation starting...
12-09 08:46:06.869 D/VehicleStatisticsActivity(21973): Recalculation started!
12-09 08:46:07.004 D/CalculateTask(21973): Recalculating...
12-09 08:46:07.223 D/VehicleStatisticsTask(21973): Done recalculating!
12-09 08:46:07.236 D/VehicleStatisticsAdapter(21973): Erasing the cache ...
12-09 08:46:07.238 D/VehicleStatisticsTask(21973): Done recalculating!
12-09 08:46:07.253 D/VehicleStatisticsAdapter(21973): Building new values ...
12-09 08:46:07.263 D/VehicleStatisticsAdapter(21973): Writing 29 records to the database ...
12-09 08:46:07.270 D/VehicleStatisticsAdapter(21973): Erasing the cache ...
12-09 08:46:07.271 W/audio_hw_generic( 1307): Not supplying enough data to HAL, expected position 54784596 , only wrote 54784341
12-09 08:46:07.288 D/Mileage.ABS(21973): Finished backup
12-09 08:46:07.298 D/Mileage.ABS(21973): Not backing up; 93
12-09 08:46:07.330 D/Mileage.ABS(21973): Not backing up; 125
12-09 08:46:07.334 E/SurfaceFlinger( 1218): ro.sf.lcd_density must be defined as a build property
12-09 08:46:07.336 D/gralloc_ranchu( 1218): gralloc_alloc: Creating ashmem region of size 3686400
12-09 08:46:07.418 D/        (22096): HostConnection::get() New Host Connection established 0x7fd2ab812480, tid 22096
12-09 08:46:07.425 D/VehicleStatisticsAdapter(21973): Building new values ...
12-09 08:46:07.425 D/VehicleStatisticsAdapter(21973): Writing 29 records to the database ...
12-09 08:46:07.449 E/EGL_emulation( 1218): tid 1218: eglCreateSyncKHR(1881): error 0x3004 (EGL_BAD_ATTRIBUTE)
12-09 08:46:07.490 D/Mileage.ABS(21973): Not backing up; 285
12-09 08:46:07.490 D/Mileage.ABS(21973): Not backing up; 285
12-09 08:46:07.490 D/Mileage.ABS(21973): Not backing up; 285
12-09 08:46:07.576 W/audio_hw_generic( 1307): Not supplying enough data to HAL, expected position 54797769 , only wrote 54797561
12-09 08:46:07.591 W/audio_hw_generic( 1307): Not supplying enough data to HAL, expected position 54798241 , only wrote 54798222
12-09 08:46:07.591 W/audio_hw_generic( 1307): Not supplying enough data to HAL, expected position 54798229 , only wrote 54798222
12-09 08:46:07.594 D/Mileage.ABS(21973): Not backing up; 388
12-09 08:46:07.607 W/audio_hw_generic( 1307): Not supplying enough data to HAL, expected position 54798912 , only wrote 54798883
12-09 08:46:07.641 D/Mileage.ABS(21973): Not backing up; 436
12-09 08:46:07.728 D/Mileage.ABS(21973): Not backing up; 519
12-09 08:46:07.774 D/Mileage.ABS(21973): Not backing up; 569
12-09 08:46:07.777 D/Mileage.ABS(21973): Not backing up; 572
12-09 08:46:07.844 D/Mileage.ABS(21973): Not backing up; 639
12-09 08:46:07.845 D/Mileage.ABS(21973): Not backing up; 640
12-09 08:46:07.857 D/Mileage.ABS(21973): Not backing up; 652
12-09 08:46:07.925 D/Mileage.ABS(21973): Not backing up; 719
12-09 08:46:07.986 W/audio_hw_generic( 1307): Not supplying enough data to HAL, expected position 54815588 , only wrote 54815408
12-09 08:46:07.986 W/audio_hw_generic( 1307): Not supplying enough data to HAL, expected position 54815418 , only wrote 54815408
12-09 08:46:07.993 D/Mileage.ABS(21973): Not backing up; 788
12-09 08:46:07.993 D/Mileage.ABS(21973): Not backing up; 788
12-09 08:46:08.049 W/audio_hw_generic( 1307): Not supplying enough data to HAL, expected position 54818160 , only wrote 54816730
12-09 08:46:08.095 W/audio_hw_generic( 1307): Hardware backing HAL too slow, could only write 0 of 661 frames
12-09 08:46:08.207 W/audio_hw_generic( 1307): Not supplying enough data to HAL, expected position 54823702 , only wrote 54821357
12-09 08:46:08.207 W/audio_hw_generic( 1307): Not supplying enough data to HAL, expected position 54821364 , only wrote 54821357
12-09 08:46:08.264 I/System.out(21973): URI: //map
12-09 08:46:08.267 I/System.out(21973): params: {json={"query":"* {text CONTAINS[c] 'Average fuel economy'}","operation":{"method_name":"query","arguments":[]}}
12-09 08:46:08.267 I/System.out(21973): }
12-09 08:46:08.288 W/audio_hw_generic( 1307): Not supplying enough data to HAL, expected position 54824912 , only wrote 54822018
12-09 08:46:08.429 W/audio_hw_generic( 1307): Hardware backing HAL too slow, could only write 0 of 661 frames
12-09 08:46:08.513 D/Mileage.ABS(21973): Finished backup
12-09 08:46:08.524 D/Mileage.ABS(21973): Not backing up; 103
12-09 08:46:08.524 D/Mileage.ABS(21973): Not backing up; 104
12-09 08:46:08.529 D/Mileage.ABS(21973): Not backing up; 109
12-09 08:46:08.649 D/Mileage.ABS(21973): Not backing up; 229
12-09 08:46:08.650 D/Mileage.ABS(21973): Not backing up; 230
12-09 08:46:08.650 D/Mileage.ABS(21973): Not backing up; 230
12-09 08:46:08.786 D/Mileage.ABS(21973): Not backing up; 365
12-09 08:46:08.786 D/Mileage.ABS(21973): Not backing up; 366
12-09 08:46:08.791 D/Mileage.ABS(21973): Not backing up; 371
12-09 08:46:08.792 D/Mileage.ABS(21973): Not backing up; 372
12-09 08:46:08.811 I/art     (21973): Background sticky concurrent mark sweep GC freed 57708(2MB) AllocSpace objects, 2(40KB) LOS objects, 32% free, 4MB/6MB, paused 5.722ms total 139.594ms
12-09 08:46:08.850 I/System.out(21973): URI: //gesture
12-09 08:46:08.854 I/System.out(21973): params: {json={"query_timeout":5.0,"gestures":[{"query_string":"* {text CONTAINS[c] 'Average fuel economy'}","touches":[{"x":50,"y":50,"offset_x":0,"offset_y":0,"wait":0.0,"time":0.2,"release":true,"query_string":null}]}]}
12-09 08:46:08.854 I/System.out(21973): }
12-09 08:46:08.943 W/audio_hw_generic( 1307): Not supplying enough data to HAL, expected position 54850943 , only wrote 54850441
12-09 08:46:09.056 W/audio_hw_generic( 1307): Not supplying enough data to HAL, expected position 54855411 , only wrote 54855068
12-09 08:46:09.090 D/Mileage.ABS(21973): Not backing up; 670
12-09 08:46:09.144 W/audio_hw_generic( 1307): Not supplying enough data to HAL, expected position 54858921 , only wrote 54858373
12-09 08:46:09.144 W/audio_hw_generic( 1307): Not supplying enough data to HAL, expected position 54858381 , only wrote 54858373
12-09 08:46:09.170 W/audio_hw_generic( 1307): Not supplying enough data to HAL, expected position 54859519 , only wrote 54859034
12-09 08:46:09.202 D/Mileage.ABS(21973): Not backing up; 782
12-09 08:46:09.400 D/Mileage.ABS(21973): Not backing up; 980
12-09 08:46:09.400 I/ActivityManager( 1591): START u0 {cmp=com.evancharlton.mileage/.charts.AverageFuelEconomyChart (has extras)} from uid 10145 on display 0
12-09 08:46:09.456 W/audio_hw_generic( 1307): Not supplying enough data to HAL, expected position 54871660 , only wrote 54871593
12-09 08:46:09.469 D/AudioFlinger( 1307): mixer(0xf43c0000) throttle end: throttle time(9)
12-09 08:46:09.480 D/Mileage.ABS(21973): Finished backup
12-09 08:46:09.496 D/Mileage.ABS(21973): Not backing up; 67
12-09 08:46:09.497 D/Mileage.ABS(21973): Not backing up; 68
12-09 08:46:09.497 D/Mileage.ABS(21973): Not backing up; 68
12-09 08:46:09.497 D/Mileage.ABS(21973): Not backing up; 68
12-09 08:46:09.584 W/audio_hw_generic( 1307): Not supplying enough data to HAL, expected position 54877255 , only wrote 54876881
12-09 08:46:09.628 I/calabash(21973): newActivity1
12-09 08:46:09.629 D/Mileage.ABS(21973): Not backing up; 199
12-09 08:46:09.630 D/Mileage.ABS(21973): Not backing up; 201
12-09 08:46:09.631 D/Mileage.ABS(21973): Not backing up; 202
12-09 08:46:09.631 D/Mileage.ABS(21973): Not backing up; 202
12-09 08:46:09.631 D/Mileage.ABS(21973): Not backing up; 202
12-09 08:46:09.749 W/aiCharts(21973): License file is invalid or missing. 
12-09 08:46:09.749 W/aiCharts(21973): Please place proper license.lic to /assets folder.
12-09 08:46:09.818 I/art     (21973): Background sticky concurrent mark sweep GC freed 57221(2MB) AllocSpace objects, 2(40KB) LOS objects, 33% free, 4MB/6MB, paused 4.451ms total 210.442ms
12-09 08:46:10.170 W/audio_hw_generic( 1307): Not supplying enough data to HAL, expected position 54902689 , only wrote 54902660
12-09 08:46:10.170 W/audio_hw_generic( 1307): Not supplying enough data to HAL, expected position 54902667 , only wrote 54902660
12-09 08:46:10.206 E/SurfaceFlinger( 1218): ro.sf.lcd_density must be defined as a build property
12-09 08:46:10.206 D/gralloc_ranchu( 1218): gralloc_alloc: Creating ashmem region of size 3686400
12-09 08:46:10.286 W/audio_hw_generic( 1307): Not supplying enough data to HAL, expected position 54907792 , only wrote 54905965
12-09 08:46:10.286 W/audio_hw_generic( 1307): Not supplying enough data to HAL, expected position 54905972 , only wrote 54905965
12-09 08:46:10.303 W/audio_hw_generic( 1307): Not supplying enough data to HAL, expected position 54906697 , only wrote 54906626
12-09 08:46:10.303 W/audio_hw_generic( 1307): Hardware backing HAL too slow, could only write 0 of 661 frames
12-09 08:46:10.303 W/audio_hw_generic( 1307): Hardware backing HAL too slow, could only write 0 of 661 frames
12-09 08:46:10.320 D/        (22117): HostConnection::get() New Host Connection established 0x7f35091d2480, tid 22117
12-09 08:46:10.347 E/EGL_emulation( 1218): tid 1218: eglCreateSyncKHR(1881): error 0x3004 (EGL_BAD_ATTRIBUTE)
12-09 08:46:10.430 D/VehicleStatisticsAdapter(21973): Caching of 29 records complete! (3.167 seconds)
12-09 08:46:10.471 W/audio_hw_generic( 1307): Not supplying enough data to HAL, expected position 54914053 , only wrote 54913897
12-09 08:46:10.564 V/PhoneStatusBar( 1708): setLightsOn(true)
12-09 08:46:10.613 D/VehicleStatisticsAdapter(21973): Caching of 29 records complete! (3.188 seconds)
12-09 08:46:10.721 D/Mileage.ABS(21973): Finished backup
12-09 08:46:10.727 D/Mileage.ABS(21973): Not backing up; 106
12-09 08:46:10.727 D/Mileage.ABS(21973): Not backing up; 106
12-09 08:46:10.727 D/Mileage.ABS(21973): Not backing up; 106
12-09 08:46:10.727 D/Mileage.ABS(21973): Not backing up; 106
12-09 08:46:10.728 D/Mileage.ABS(21973): Not backing up; 107
12-09 08:46:10.728 D/Mileage.ABS(21973): Not backing up; 107
12-09 08:46:10.728 D/Mileage.ABS(21973): Not backing up; 107
12-09 08:46:10.731 D/Mileage.ABS(21973): Not backing up; 110
12-09 08:46:10.731 D/Mileage.ABS(21973): Not backing up; 110
12-09 08:46:10.732 D/Mileage.ABS(21973): Not backing up; 111
12-09 08:46:10.732 D/Mileage.ABS(21973): Not backing up; 111
12-09 08:46:10.732 D/Mileage.ABS(21973): Not backing up; 111
12-09 08:46:10.732 D/Mileage.ABS(21973): Not backing up; 111
12-09 08:46:10.733 D/Mileage.ABS(21973): Not backing up; 111
12-09 08:46:10.733 D/Mileage.ABS(21973): Not backing up; 112
12-09 08:46:10.733 D/Mileage.ABS(21973): Not backing up; 112
12-09 08:46:10.733 D/Mileage.ABS(21973): Not backing up; 112
12-09 08:46:10.733 D/Mileage.ABS(21973): Not backing up; 112
12-09 08:46:10.849 W/audio_hw_generic( 1307): Not supplying enough data to HAL, expected position 54930538 , only wrote 54930422
12-09 08:46:10.849 W/audio_hw_generic( 1307): Not supplying enough data to HAL, expected position 54930429 , only wrote 54930422
12-09 08:46:10.907 W/audio_hw_generic( 1307): Not supplying enough data to HAL, expected position 54932998 , only wrote 54932405
12-09 08:46:10.954 D/Mileage.ABS(21973): Not backing up; 332
12-09 08:46:10.971 D/Mileage.ABS(21973): Not backing up; 350
12-09 08:46:11.137 W/audio_hw_generic( 1307): Not supplying enough data to HAL, expected position 54942527 , only wrote 54940998
12-09 08:46:11.150 W/audio_hw_generic( 1307): Not supplying enough data to HAL, expected position 54941005 , only wrote 54940998
12-09 08:46:11.162 D/gralloc_ranchu( 1218): gralloc_alloc: Creating ashmem region of size 3686400
12-09 08:46:11.168 W/audio_hw_generic( 1307): Not supplying enough data to HAL, expected position 54942341 , only wrote 54942320
12-09 08:46:11.371 W/audio_hw_generic( 1307): Not supplying enough data to HAL, expected position 54951314 , only wrote 54950913
12-09 08:46:11.372 W/audio_hw_generic( 1307): Not supplying enough data to HAL, expected position 54950920 , only wrote 54950913
12-09 08:46:11.389 W/audio_hw_generic( 1307): Not supplying enough data to HAL, expected position 54951685 , only wrote 54951574
12-09 08:46:11.389 W/audio_hw_generic( 1307): Hardware backing HAL too slow, could only write 0 of 661 frames
12-09 08:46:11.407 W/audio_hw_generic( 1307): Hardware backing HAL too slow, could only write 0 of 661 frames
12-09 08:46:11.423 W/audio_hw_generic( 1307): Hardware backing HAL too slow, could only write 0 of 661 frames
12-09 08:46:11.464 W/audio_hw_generic( 1307): Hardware backing HAL too slow, could only write 0 of 661 frames
12-09 08:46:11.506 W/audio_hw_generic( 1307): Hardware backing HAL too slow, could only write 0 of 661 frames
12-09 08:46:11.506 W/audio_hw_generic( 1307): Not supplying enough data to HAL, expected position 54956746 , only wrote 54956201
12-09 08:46:11.507 W/audio_hw_generic( 1307): Not supplying enough data to HAL, expected position 54956208 , only wrote 54956201
12-09 08:46:11.507 W/audio_hw_generic( 1307): Hardware backing HAL too slow, could only write 0 of 661 frames
12-09 08:46:11.527 W/audio_hw_generic( 1307): Not supplying enough data to HAL, expected position 54957098 , only wrote 54956862
12-09 08:46:11.527 W/audio_hw_generic( 1307): Hardware backing HAL too slow, could only write 0 of 661 frames
12-09 08:46:11.527 W/audio_hw_generic( 1307): Hardware backing HAL too slow, could only write 0 of 661 frames
12-09 08:46:11.547 W/audio_hw_generic( 1307): Hardware backing HAL too slow, could only write 0 of 661 frames
12-09 08:46:11.564 W/audio_hw_generic( 1307): Hardware backing HAL too slow, could only write 0 of 661 frames
12-09 08:46:11.639 W/audio_hw_generic( 1307): Hardware backing HAL too slow, could only write 0 of 661 frames
12-09 08:46:11.655 W/audio_hw_generic( 1307): Hardware backing HAL too slow, could only write 0 of 661 frames
12-09 08:46:11.690 W/audio_hw_generic( 1307): Hardware backing HAL too slow, could only write 0 of 661 frames
12-09 08:46:11.715 W/audio_hw_generic( 1307): Not supplying enough data to HAL, expected position 54965176 , only wrote 54964794
12-09 08:46:11.725 W/art     ( 1591): Long monitor contention event with owner method=void com.android.server.wm.WindowAnimator$1.doFrame(long) from WindowAnimator.java:121 waiters=0 for 107ms
12-09 08:46:11.809 W/audio_hw_generic( 1307): Not supplying enough data to HAL, expected position 54968914 , only wrote 54967438
12-09 08:46:11.809 W/audio_hw_generic( 1307): Not supplying enough data to HAL, expected position 54967445 , only wrote 54967438
12-09 08:46:11.835 W/audio_hw_generic( 1307): Not supplying enough data to HAL, expected position 54968600 , only wrote 54968099
12-09 08:46:11.836 W/audio_hw_generic( 1307): Not supplying enough data to HAL, expected position 54968106 , only wrote 54968099
12-09 08:46:11.855 W/audio_hw_generic( 1307): Not supplying enough data to HAL, expected position 54968969 , only wrote 54968760
12-09 08:46:11.891 W/audio_hw_generic( 1307): Hardware backing HAL too slow, could only write 0 of 661 frames
12-09 08:46:11.900 W/audio_hw_generic( 1307): Hardware backing HAL too slow, could only write 0 of 661 frames
12-09 08:46:11.917 W/audio_hw_generic( 1307): Hardware backing HAL too slow, could only write 0 of 661 frames
12-09 08:46:12.052 W/audio_hw_generic( 1307): Not supplying enough data to HAL, expected position 54977413 , only wrote 54976692
12-09 08:46:12.052 W/audio_hw_generic( 1307): Not supplying enough data to HAL, expected position 54976700 , only wrote 54976692
12-09 08:46:12.132 W/audio_hw_generic( 1307): Not supplying enough data to HAL, expected position 54980215 , only wrote 54979997
12-09 08:46:12.132 W/audio_hw_generic( 1307): Not supplying enough data to HAL, expected position 54980004 , only wrote 54979997
12-09 08:46:12.147 W/audio_hw_generic( 1307): Not supplying enough data to HAL, expected position 54980663 , only wrote 54980658
12-09 08:46:12.397 W/art     ( 1591): Long monitor contention event with owner method=void com.android.server.wm.WindowAnimator$1.doFrame(long) from WindowAnimator.java:121 waiters=0 for 109ms
