--------- beginning of main
12-09 08:09:08.170 W/art     ( 1593): Long monitor contention event with owner method=void com.android.server.wm.WindowAnimator$1.doFrame(long) from WindowAnimator.java:121 waiters=1 for 138ms
12-09 08:09:08.321 W/art     ( 1593): Long monitor contention event with owner method=void com.android.server.wm.WindowAnimator$1.doFrame(long) from WindowAnimator.java:121 waiters=1 for 261ms
12-09 08:09:08.565 W/art     ( 1593): Long monitor contention event with owner method=void com.android.server.wm.WindowAnimator$1.doFrame(long) from WindowAnimator.java:121 waiters=2 for 267ms
12-09 08:09:08.616 W/art     ( 1593): Long monitor contention event with owner method=void com.android.server.wm.WindowAnimator$1.doFrame(long) from WindowAnimator.java:121 waiters=2 for 295ms
12-09 08:09:08.625 W/art     ( 1593): Long monitor contention event with owner method=boolean com.android.server.am.ActivityManagerService.finishActivity(android.os.IBinder, int, android.content.Intent, boolean) from ActivityManagerService.java:4245 waiters=0 for 368ms
--------- beginning of system
12-09 08:09:08.626 W/ActivityManager( 1593): Duplicate finish request for ActivityRecord{8a4a96f u0 com.evancharlton.mileage/.Mileage t412 f}
12-09 08:09:08.626 W/ActivityManager( 1593): Duplicate finish request for ActivityRecord{8a4a96f u0 com.evancharlton.mileage/.Mileage t412 f}
12-09 08:09:08.626 W/ActivityManager( 1593): Duplicate finish request for ActivityRecord{8a4a96f u0 com.evancharlton.mileage/.Mileage t412 f}
12-09 08:09:08.626 W/ActivityManager( 1593): Duplicate finish request for ActivityRecord{8a4a96f u0 com.evancharlton.mileage/.Mileage t412 f}
12-09 08:09:08.627 W/ActivityManager( 1593): Duplicate finish request for ActivityRecord{8a4a96f u0 com.evancharlton.mileage/.Mileage t412 f}
12-09 08:09:08.627 W/ActivityManager( 1593): Duplicate finish request for ActivityRecord{8a4a96f u0 com.evancharlton.mileage/.Mileage t412 f}
12-09 08:09:08.627 W/ActivityManager( 1593): Duplicate finish request for ActivityRecord{8a4a96f u0 com.evancharlton.mileage/.Mileage t412 f}
12-09 08:09:08.627 W/ActivityManager( 1593): Duplicate finish request for ActivityRecord{8a4a96f u0 com.evancharlton.mileage/.Mileage t412 f}
12-09 08:09:08.627 W/ActivityManager( 1593): Duplicate finish request for ActivityRecord{8a4a96f u0 com.evancharlton.mileage/.Mileage t412 f}
12-09 08:09:08.627 W/ActivityManager( 1593): Duplicate finish request for ActivityRecord{8a4a96f u0 com.evancharlton.mileage/.Mileage t412 f}
12-09 08:09:08.627 W/ActivityManager( 1593): Duplicate finish request for ActivityRecord{8a4a96f u0 com.evancharlton.mileage/.Mileage t412 f}
12-09 08:09:08.667 D/Mileage.ABS(12391): Finished backup
12-09 08:09:08.691 D/gralloc_ranchu( 1219): gralloc_alloc: Creating ashmem region of size 3686400
12-09 08:09:08.985 I/WindowManager( 1593): Screenshot max retries 4 of Token{1d659a5 ActivityRecord{8907b9c u0 com.evancharlton.mileage/.charts.AverageFuelEconomyChart t412 f}} appWin=Window{eb95b46 u0 com.evancharlton.mileage/com.evancharlton.mileage.charts.AverageFuelEconomyChart} drawState=3
12-09 08:09:09.003 W/art     ( 1593): Long monitor contention event with owner method=boolean com.android.server.am.ActivityManagerService.finishActivity(android.os.IBinder, int, android.content.Intent, boolean) from ActivityManagerService.java:4245 waiters=2 for 336ms
12-09 08:09:09.003 W/ActivityManager( 1593): Finishing task with all activities already finished
12-09 08:09:09.003 W/ActivityManager( 1593): Duplicate finish request for ActivityRecord{8907b9c u0 com.evancharlton.mileage/.charts.AverageFuelEconomyChart t412 f}
12-09 08:09:09.003 D/Mileage.ABS(12391): Not backing up; 355
12-09 08:09:09.004 D/Mileage.ABS(12391): Not backing up; 356
12-09 08:09:09.004 D/Mileage.ABS(12391): Not backing up; 356
12-09 08:09:09.005 W/art     ( 1593): Long monitor contention event with owner method=boolean com.android.server.am.ActivityManagerService.finishActivity(android.os.IBinder, int, android.content.Intent, boolean) from ActivityManagerService.java:4245 waiters=1 for 340ms
12-09 08:09:09.009 D/Mileage.ABS(12391): Not backing up; 361
12-09 08:09:09.010 D/Mileage.ABS(12391): Not backing up; 362
12-09 08:09:09.018 D/Mileage.ABS(12391): Not backing up; 370
12-09 08:09:09.165 D/EGL_emulation( 1924): eglMakeCurrent: 0x7f0a6ddb4b40: ver 2 0 (tinfo 0x7f0a6dd82cc0)
12-09 08:09:09.336 D/AndroidRuntime(12547): >>>>>> START com.android.internal.os.RuntimeInit uid 0 <<<<<<
12-09 08:09:09.350 D/AndroidRuntime(12547): CheckJNI is ON
12-09 08:09:09.402 D/ICU     (12547): No timezone override file found: /data/misc/zoneinfo/current/icu/icu_tzdata.dat
12-09 08:09:09.570 E/memtrack(12547): Couldn't load memtrack module (No such file or directory)
12-09 08:09:09.570 E/android.os.Debug(12547): failed to load memtrack module: -2
12-09 08:09:09.571 I/Radio-JNI(12547): register_android_hardware_Radio DONE
12-09 08:09:09.677 D/AndroidRuntime(12547): Calling main entry com.android.commands.am.Am
12-09 08:09:09.753 I/ActivityManager( 1593): Force stopping com.evancharlton.mileage appid=10129 user=0: start instr
12-09 08:09:09.788 I/ActivityManager( 1593): Killing 12391:com.evancharlton.mileage/u0a129 (adj 0): stop com.evancharlton.mileage
12-09 08:09:09.917 W/ActivityManager( 1593): Crash of app com.evancharlton.mileage running instrumentation ComponentInfo{com.evancharlton.mileage.test/sh.calaba.instrumentationbackend.CalabashInstrumentationTestRunner}
12-09 08:09:09.918 I/ActivityManager( 1593): Force stopping com.evancharlton.mileage appid=10129 user=0: finished inst
12-09 08:09:10.076 W/art     ( 1593): Long monitor contention event with owner method=void com.android.server.wm.WindowAnimator$1.doFrame(long) from WindowAnimator.java:121 waiters=1 for 157ms
12-09 08:09:10.222 W/art     ( 1593): Long monitor contention event with owner method=void com.android.server.wm.WindowAnimator$1.doFrame(long) from WindowAnimator.java:121 waiters=3 for 300ms
12-09 08:09:10.419 W/art     ( 1593): Long monitor contention event with owner method=void com.android.server.wm.WindowAnimator$1.doFrame(long) from WindowAnimator.java:121 waiters=5 for 495ms
12-09 08:09:10.468 W/art     ( 1593): Long monitor contention event with owner method=void com.android.server.wm.WindowAnimator$1.doFrame(long) from WindowAnimator.java:121 waiters=5 for 474ms
12-09 08:09:10.572 W/art     ( 1593): Long monitor contention event with owner method=void com.android.server.wm.WindowAnimator$1.doFrame(long) from WindowAnimator.java:121 waiters=5 for 495ms
12-09 08:09:10.650 W/art     ( 1593): Long monitor contention event with owner method=void com.android.server.wm.WindowAnimator$1.doFrame(long) from WindowAnimator.java:121 waiters=5 for 505ms
12-09 08:09:10.762 W/art     ( 1593): Long monitor contention event with owner method=void com.android.server.wm.WindowAnimator$1.doFrame(long) from WindowAnimator.java:121 waiters=5 for 539ms
12-09 08:09:10.787 W/art     ( 1593): Long monitor contention event with owner method=void com.android.server.wm.WindowAnimator$1.doFrame(long) from WindowAnimator.java:121 waiters=5 for 445ms
12-09 08:09:10.978 W/art     ( 1593): Long monitor contention event with owner method=void com.android.server.wm.WindowAnimator$1.doFrame(long) from WindowAnimator.java:121 waiters=5 for 510ms
12-09 08:09:11.119 W/art     ( 1593): Long monitor contention event with owner method=void com.android.server.wm.WindowAnimator$1.doFrame(long) from WindowAnimator.java:121 waiters=5 for 547ms
12-09 08:09:11.162 W/art     ( 1593): Long monitor contention event with owner method=void com.android.server.wm.WindowAnimator$1.doFrame(long) from WindowAnimator.java:121 waiters=5 for 512ms
12-09 08:09:11.205 W/art     ( 1593): Long monitor contention event with owner method=void com.android.server.wm.WindowAnimator$1.doFrame(long) from WindowAnimator.java:121 waiters=5 for 443ms
12-09 08:09:11.327 W/art     ( 1593): Long monitor contention event with owner method=void com.android.server.wm.WindowAnimator$1.doFrame(long) from WindowAnimator.java:121 waiters=5 for 539ms
12-09 08:09:11.327 I/WindowState( 1593): WIN DEATH: Window{35e20b9 u0 com.evancharlton.mileage/com.evancharlton.mileage.Mileage EXITING}
12-09 08:09:11.328 W/art     ( 1593): Long monitor contention event with owner method=void com.android.server.wm.WindowAnimator$1.doFrame(long) from WindowAnimator.java:121 waiters=5 for 483ms
12-09 08:09:11.341 W/art     ( 1593): Long monitor contention event with owner method=void com.android.server.wm.WindowAnimator$1.doFrame(long) from WindowAnimator.java:121 waiters=5 for 350ms
12-09 08:09:11.350 I/Choreographer( 1924): Skipped 127 frames!  The application may be doing too much work on its main thread.
12-09 08:09:11.400 W/OpenGLRenderer( 1924): Incorrectly called buildLayer on View: ShortcutAndWidgetContainer, destroying layer...
12-09 08:09:11.430 I/WindowState( 1593): WIN DEATH: Window{2f7b588 u0 Creating chart… EXITING}
12-09 08:09:11.453 I/WindowState( 1593): WIN DEATH: Window{eb95b46 u0 com.evancharlton.mileage/com.evancharlton.mileage.charts.AverageFuelEconomyChart EXITING}
12-09 08:09:11.491 I/ActivityManager( 1593): Start proc 12556:com.evancharlton.mileage/u0a129 for added application com.evancharlton.mileage
12-09 08:09:11.491 W/art     ( 1593): Long monitor contention event with owner method=boolean com.android.server.am.ActivityManagerService.startInstrumentation(android.content.ComponentName, java.lang.String, int, android.os.Bundle, android.app.IInstrumentationWatcher, android.app.IUiAutomationConnection, int, java.lang.String) from ActivityManagerService.java:17066 waiters=0 for 1.703s
12-09 08:09:11.492 D/AndroidRuntime(12547): Shutting down VM
12-09 08:09:11.505 W/art     ( 1593): Long monitor contention event with owner method=boolean com.android.server.am.ActivityManagerService.startInstrumentation(android.content.ComponentName, java.lang.String, int, android.os.Bundle, android.app.IInstrumentationWatcher, android.app.IUiAutomationConnection, int, java.lang.String) from ActivityManagerService.java:17066 waiters=1 for 1.503s
12-09 08:09:11.580 W/System  (12556): ClassLoader referenced unknown path: /data/app/com.evancharlton.mileage.test-1/lib/x86_64
12-09 08:09:11.597 W/System  (12556): ClassLoader referenced unknown path: /data/app/com.evancharlton.mileage-1/lib/x86_64
12-09 08:09:11.715 I/System.out(12556): Main activity name automatically set to: com.evancharlton.mileage.Mileage
12-09 08:09:11.715 I/System.out(12556): Calabash did not load Mono. This is only a problem if you are trying to test a Mono application
12-09 08:09:11.716 I/calabash(12556): Test server port: 7102
12-09 08:09:11.725 I/InstrumentationBackend(12556): Added:'GetPreferences', with key:'get_preferences'
12-09 08:09:11.741 W/WindowAnimator( 1593): Failed to dispatch window animation state change.
12-09 08:09:11.741 W/WindowAnimator( 1593): android.os.DeadObjectException
12-09 08:09:11.741 W/WindowAnimator( 1593): 	at android.os.BinderProxy.transactNative(Native Method)
12-09 08:09:11.741 W/WindowAnimator( 1593): 	at android.os.BinderProxy.transact(Binder.java:503)
12-09 08:09:11.741 W/WindowAnimator( 1593): 	at android.view.IWindow$Stub$Proxy.onAnimationStopped(IWindow.java:534)
12-09 08:09:11.741 W/WindowAnimator( 1593): 	at com.android.server.wm.WindowAnimator.updateWindowsLocked(WindowAnimator.java:286)
12-09 08:09:11.741 W/WindowAnimator( 1593): 	at com.android.server.wm.WindowAnimator.animateLocked(WindowAnimator.java:678)
12-09 08:09:11.741 W/WindowAnimator( 1593): 	at com.android.server.wm.WindowAnimator.-wrap0(WindowAnimator.java)
12-09 08:09:11.741 W/WindowAnimator( 1593): 	at com.android.server.wm.WindowAnimator$1.doFrame(WindowAnimator.java:123)
12-09 08:09:11.741 W/WindowAnimator( 1593): 	at android.view.Choreographer$CallbackRecord.run(Choreographer.java:856)
12-09 08:09:11.741 W/WindowAnimator( 1593): 	at android.view.Choreographer.doCallbacks(Choreographer.java:670)
12-09 08:09:11.741 W/WindowAnimator( 1593): 	at android.view.Choreographer.doFrame(Choreographer.java:603)
12-09 08:09:11.741 W/WindowAnimator( 1593): 	at android.view.Choreographer$FrameDisplayEventReceiver.run(Choreographer.java:844)
12-09 08:09:11.741 W/WindowAnimator( 1593): 	at android.os.Handler.handleCallback(Handler.java:739)
12-09 08:09:11.741 W/WindowAnimator( 1593): 	at android.os.Handler.dispatchMessage(Handler.java:95)
12-09 08:09:11.741 W/WindowAnimator( 1593): 	at android.os.Looper.loop(Looper.java:148)
12-09 08:09:11.741 W/WindowAnimator( 1593): 	at android.os.HandlerThread.run(HandlerThread.java:61)
12-09 08:09:11.741 W/WindowAnimator( 1593): 	at com.android.server.ServiceThread.run(ServiceThread.java:46)
12-09 08:09:11.741 W/WindowAnimator( 1593): Failed to dispatch window animation state change.
12-09 08:09:11.741 W/WindowAnimator( 1593): android.os.DeadObjectException
12-09 08:09:11.741 W/WindowAnimator( 1593): 	at android.os.BinderProxy.transactNative(Native Method)
12-09 08:09:11.741 W/WindowAnimator( 1593): 	at android.os.BinderProxy.transact(Binder.java:503)
12-09 08:09:11.741 W/WindowAnimator( 1593): 	at android.view.IWindow$Stub$Proxy.onAnimationStopped(IWindow.java:534)
12-09 08:09:11.741 W/WindowAnimator( 1593): 	at com.android.server.wm.WindowAnimator.updateWindowsLocked(WindowAnimator.java:286)
12-09 08:09:11.741 W/WindowAnimator( 1593): 	at com.android.server.wm.WindowAnimator.animateLocked(WindowAnimator.java:678)
12-09 08:09:11.741 W/WindowAnimator( 1593): 	at com.android.server.wm.WindowAnimator.-wrap0(WindowAnimator.java)
12-09 08:09:11.741 W/WindowAnimator( 1593): 	at com.android.server.wm.WindowAnimator$1.doFrame(WindowAnimator.java:123)
12-09 08:09:11.741 W/WindowAnimator( 1593): 	at android.view.Choreographer$CallbackRecord.run(Choreographer.java:856)
12-09 08:09:11.741 W/WindowAnimator( 1593): 	at android.view.Choreographer.doCallbacks(Choreographer.java:670)
12-09 08:09:11.741 W/WindowAnimator( 1593): 	at android.view.Choreographer.doFrame(Choreographer.java:603)
12-09 08:09:11.741 W/WindowAnimator( 1593): 	at android.view.Choreographer$FrameDisplayEventReceiver.run(Choreographer.java:844)
12-09 08:09:11.741 W/WindowAnimator( 1593): 	at android.os.Handler.handleCallback(Handler.java:739)
12-09 08:09:11.741 W/WindowAnimator( 1593): 	at android.os.Handler.dispatchMessage(Handler.java:95)
12-09 08:09:11.741 W/WindowAnimator( 1593): 	at android.os.Looper.loop(Looper.java:148)
12-09 08:09:11.741 W/WindowAnimator( 1593): 	at android.os.HandlerThread.run(HandlerThread.java:61)
12-09 08:09:11.741 W/WindowAnimator( 1593): 	at com.android.server.ServiceThread.run(ServiceThread.java:46)
12-09 08:09:11.741 W/WindowAnimator( 1593): Failed to dispatch window animation state change.
12-09 08:09:11.741 W/WindowAnimator( 1593): android.os.DeadObjectException
12-09 08:09:11.741 W/WindowAnimator( 1593): 	at android.os.BinderProxy.transactNative(Native Method)
12-09 08:09:11.741 W/WindowAnimator( 1593): 	at android.os.BinderProxy.transact(Binder.java:503)
12-09 08:09:11.741 W/WindowAnimator( 1593): 	at android.view.IWindow$Stub$Proxy.onAnimationStopped(IWindow.java:534)
12-09 08:09:11.741 W/WindowAnimator( 1593): 	at com.android.server.wm.WindowAnimator.updateWindowsLocked(WindowAnimator.java:286)
12-09 08:09:11.741 W/WindowAnimator( 1593): 	at com.android.server.wm.WindowAnimator.animateLocked(WindowAnimator.java:678)
12-09 08:09:11.741 W/WindowAnimator( 1593): 	at com.android.server.wm.WindowAnimator.-wrap0(WindowAnimator.java)
12-09 08:09:11.741 W/WindowAnimator( 1593): 	at com.android.server.wm.WindowAnimator$1.doFrame(WindowAnimator.java:123)
12-09 08:09:11.741 W/WindowAnimator( 1593): 	at android.view.Choreographer$CallbackRecord.run(Choreographer.java:856)
12-09 08:09:11.741 W/WindowAnimator( 1593): 	at android.view.Choreographer.doCallbacks(Choreographer.java:670)
12-09 08:09:11.741 W/WindowAnimator( 1593): 	at android.view.Choreographer.doFrame(Choreographer.java:603)
12-09 08:09:11.741 W/WindowAnimator( 1593): 	at android.view.Choreographer$FrameDisplayEventReceiver.run(Choreographer.java:844)
12-09 08:09:11.741 W/WindowAnimator( 1593): 	at android.os.Handler.handleCallback(Handler.java:739)
12-09 08:09:11.741 W/WindowAnimator( 1593): 	at android.os.Handler.dispatchMessage(Handler.java:95)
12-09 08:09:11.741 W/WindowAnimator( 1593): 	at android.os.Looper.loop(Looper.java:148)
12-09 08:09:11.741 W/WindowAnimator( 1593): 	at android.os.HandlerThread.run(HandlerThread.java:61)
12-09 08:09:11.741 W/WindowAnimator( 1593): 	at com.android.server.ServiceThread.run(ServiceThread.java:46)
12-09 08:09:12.048 I/art     (12556): Background partial concurrent mark sweep GC freed 38189(1463KB) AllocSpace objects, 0(0B) LOS objects, 51% free, 952KB/1976KB, paused 1.954ms total 263.886ms
12-09 08:09:12.071 I/InstrumentationBackend(12556): Added:'SetPreferences', with key:'set_preferences'
12-09 08:09:12.072 I/InstrumentationBackend(12556): Added:'ClearPreferences', with key:'clear_preferences'
12-09 08:09:12.072 I/InstrumentationBackend(12556): Added:'PressElement', with key:'press_l10n_element'
12-09 08:09:12.072 I/InstrumentationBackend(12556): Added:'WaitForElement', with key:'wait_for_l10n_element'
12-09 08:09:12.072 I/InstrumentationBackend(12556): Added:'NullAction', with key:'nullAction'
12-09 08:09:12.081 I/InstrumentationBackend(12556): Added:'PressKey', with key:'press_key'
12-09 08:09:12.081 I/InstrumentationBackend(12556): Added:'SetActivityOrientation', with key:'set_activity_orientation'
12-09 08:09:12.081 I/InstrumentationBackend(12556): Added:'GetActivityOrientation', with key:'get_activity_orientation'
12-09 08:09:12.081 I/InstrumentationBackend(12556): Added:'FakeGPSLocation', with key:'set_gps_coordinates'
12-09 08:09:12.082 I/InstrumentationBackend(12556): Added:'SetPropertyByCssSelector', with key:'set_property_by_css_selector'
12-09 08:09:12.082 I/InstrumentationBackend(12556): Added:'GetUrl', with key:'get_url'
12-09 08:09:12.083 I/InstrumentationBackend(12556): Added:'ScrollTo', with key:'scroll_to'
12-09 08:09:12.083 I/InstrumentationBackend(12556): Added:'GetLoadProgress', with key:'get_load_progress'
12-09 08:09:12.083 I/InstrumentationBackend(12556): Added:'DumpHtml', with key:'dump_html'
12-09 08:09:12.106 I/InstrumentationBackend(12556): Added:'DumpBodyHtml', with key:'dump_body_html'
12-09 08:09:12.106 I/InstrumentationBackend(12556): Added:'EnterTextByCssSelector', with key:'enter_text_by_selector'
12-09 08:09:12.107 I/InstrumentationBackend(12556): Added:'AndroidSDKVersion', with key:'android_sdk_version'
12-09 08:09:12.107 I/InstrumentationBackend(12556): Added:'Version', with key:'version'
12-09 08:09:12.107 I/InstrumentationBackend(12556): Added:'Drag', with key:'drag'
12-09 08:09:12.108 I/InstrumentationBackend(12556): Added:'TouchCoordinates', with key:'touch_coordinate'
12-09 08:09:12.108 I/InstrumentationBackend(12556): Added:'LongPressCoordinate', with key:'long_press_coordinate'
12-09 08:09:12.108 I/InstrumentationBackend(12556): Added:'DragCoordinates', with key:'drag_coordinates'
12-09 08:09:12.108 I/InstrumentationBackend(12556): Added:'ResumeApplication', with key:'resume_application'
12-09 08:09:12.108 I/InstrumentationBackend(12556): Added:'Swipe', with key:'swipe'
12-09 08:09:12.108 I/InstrumentationBackend(12556): Added:'DoubleTapCoordinate', with key:'double_tap_coordinate'
12-09 08:09:12.121 I/InstrumentationBackend(12556): Added:'ClickOnScreen', with key:'click_on_screen'
12-09 08:09:12.133 I/InstrumentationBackend(12556): Added:'GetActivityName', with key:'get_activity_name'
12-09 08:09:12.133 I/InstrumentationBackend(12556): Added:'ScrollToView', with key:'scroll_to_view'
12-09 08:09:12.134 I/InstrumentationBackend(12556): Added:'ViewConfiguration', with key:'view_configuration'
12-09 08:09:12.134 I/InstrumentationBackend(12556): Added:'IsCurrentActivityFocused', with key:'is_current_activity_focused'
12-09 08:09:12.135 I/InstrumentationBackend(12556): Added:'SendTcp', with key:'send_tcp'
12-09 08:09:12.135 I/InstrumentationBackend(12556): Added:'DpToDevicePixel', with key:'dp_to_device_pixel'
12-09 08:09:12.136 I/InstrumentationBackend(12556): Added:'KeyboardEnterText', with key:'keyboard_enter_text'
12-09 08:09:12.136 I/InstrumentationBackend(12556): Added:'DeleteSurroundingText', with key:'delete_surrounding_text'
12-09 08:09:12.136 I/InstrumentationBackend(12556): Added:'SetComposingRegion', with key:'set_composing_region'
12-09 08:09:12.136 I/InstrumentationBackend(12556): Added:'SetSelection', with key:'set_selection'
12-09 08:09:12.137 I/InstrumentationBackend(12556): Added:'KeyboardKeyEvent', with key:'keyboard_key_event'
12-09 08:09:12.137 I/InstrumentationBackend(12556): Added:'PressUserActionButton', with key:'press_user_action_button'
12-09 08:09:12.137 I/InstrumentationBackend(12556): Added:'HideSoftKeyboard', with key:'hide_soft_keyboard'
12-09 08:09:12.138 I/InstrumentationBackend(12556): Added:'ListActions', with key:'list_actions'
12-09 08:09:12.138 I/calabash(12556): Instantiating http server at 7102
12-09 08:09:12.138 I/System.out(12556): HTTP Daemon listening on: 7102
12-09 08:09:12.225 I/System.out(12556): URI: //ping
12-09 08:09:12.230 I/System.out(12556): params: {json={}
12-09 08:09:12.230 I/System.out(12556): }
12-09 08:09:12.371 I/System.out(12556): URI: //ping
12-09 08:09:12.371 I/System.out(12556): params: {json={}
12-09 08:09:12.371 I/System.out(12556): }
12-09 08:09:12.426 I/System.out(12556): URI: //ready
12-09 08:09:12.426 I/System.out(12556): params: {json={}
12-09 08:09:12.426 I/System.out(12556): }
12-09 08:09:12.454 I/System.out(12556): URI: //
12-09 08:09:12.454 I/System.out(12556): params: {json={"command":"version","arguments":[]}
12-09 08:09:12.454 I/System.out(12556): }
12-09 08:09:12.454 I/System.out(12556): header: {date=Sun, 09 Dec 2018 08:09:13 GMT, accept=*/*, content-length=36, host=127.0.0.1:34777, user-agent=HTTPClient/1.0 (2.8.3, ruby 2.3.1 (2016-04-26)), content-type=application/json;charset=utf-8}
12-09 08:09:12.454 I/System.out(12556): params: {json={"command":"version","arguments":[]}
12-09 08:09:12.454 I/System.out(12556): }
12-09 08:09:12.454 I/System.out(12556): ProP json = {"command":"version","arguments":[]}
12-09 08:09:12.454 I/System.out(12556): files: {}
12-09 08:09:12.454 I/System.out(12556): command: {"command":"version","arguments":[]}
12-09 08:09:12.512 I/InstrumentationBackend(12556): Got command:'Command:'Line:null,version', arguments:'[]'
12-09 08:09:12.702 I/art     (12556): Background sticky concurrent mark sweep GC freed 3829(440KB) AllocSpace objects, 10(200KB) LOS objects, 17% free, 1640KB/1976KB, paused 932us total 195.677ms
12-09 08:09:12.706 I/System.out(12556): result:{"bonusInformation":[],"message":"0.9.8","success":true}
12-09 08:09:12.809 I/System.out(12556): URI: //start-application
12-09 08:09:12.809 I/System.out(12556): params: {json={"intent":null}
12-09 08:09:12.810 I/System.out(12556): }
12-09 08:09:12.925 I/ActivityManager( 1593): START u0 {act=android.intent.action.MAIN cat=[android.intent.category.LAUNCHER] flg=0x10200000 cmp=com.evancharlton.mileage/.Mileage} from uid 10129 on display 0
12-09 08:09:13.119 W/art     ( 1593): Long monitor contention event with owner method=int com.android.server.wm.WindowManagerService.relayoutWindow(com.android.server.wm.Session, android.view.IWindow, int, android.view.WindowManager$LayoutParams, int, int, int, int, android.graphics.Rect, android.graphics.Rect, android.graphics.Rect, android.graphics.Rect, android.graphics.Rect, android.graphics.Rect, android.content.res.Configuration, android.view.Surface) from WindowManagerService.java:3103 waiters=0 for 164ms
12-09 08:09:13.131 W/art     ( 1593): Long monitor contention event with owner method=int com.android.server.wm.WindowManagerService.relayoutWindow(com.android.server.wm.Session, android.view.IWindow, int, android.view.WindowManager$LayoutParams, int, int, int, int, android.graphics.Rect, android.graphics.Rect, android.graphics.Rect, android.graphics.Rect, android.graphics.Rect, android.graphics.Rect, android.content.res.Configuration, android.view.Surface) from WindowManagerService.java:3103 waiters=1 for 174ms
12-09 08:09:13.155 D/gralloc_ranchu( 1219): gralloc_alloc: Creating ashmem region of size 3686400
12-09 08:09:13.157 I/calabash(12556): newActivity1
12-09 08:09:13.226 I/calabash(12556): newActivity1
12-09 08:09:13.228 W/ActivityManager( 1593): Bad activity token: android.os.BinderProxy@196de93
12-09 08:09:13.228 W/ActivityManager( 1593): java.lang.ClassCastException: android.os.BinderProxy cannot be cast to com.android.server.am.ActivityRecord$Token
12-09 08:09:13.228 W/ActivityManager( 1593): 	at com.android.server.am.ActivityRecord.forTokenLocked(ActivityRecord.java:424)
12-09 08:09:13.228 W/ActivityManager( 1593): 	at com.android.server.am.ActivityRecord.isInStackLocked(ActivityRecord.java:1121)
12-09 08:09:13.228 W/ActivityManager( 1593): 	at com.android.server.am.ActivityRecord.getStackLocked(ActivityRecord.java:1126)
12-09 08:09:13.228 W/ActivityManager( 1593): 	at com.android.server.am.ActivityManagerService.getActivityDisplayId(ActivityManagerService.java:8889)
12-09 08:09:13.228 W/ActivityManager( 1593): 	at android.app.ActivityManagerNative.onTransact(ActivityManagerNative.java:2338)
12-09 08:09:13.228 W/ActivityManager( 1593): 	at com.android.server.am.ActivityManagerService.onTransact(ActivityManagerService.java:2443)
12-09 08:09:13.228 W/ActivityManager( 1593): 	at android.os.Binder.execTransact(Binder.java:453)
12-09 08:09:13.238 W/ActivityManager( 1593): Bad activity token: android.os.BinderProxy@196de93
12-09 08:09:13.238 W/ActivityManager( 1593): java.lang.ClassCastException: android.os.BinderProxy cannot be cast to com.android.server.am.ActivityRecord$Token
12-09 08:09:13.238 W/ActivityManager( 1593): 	at com.android.server.am.ActivityRecord.forTokenLocked(ActivityRecord.java:424)
12-09 08:09:13.238 W/ActivityManager( 1593): 	at com.android.server.am.ActivityRecord.isInStackLocked(ActivityRecord.java:1121)
12-09 08:09:13.238 W/ActivityManager( 1593): 	at com.android.server.am.ActivityManagerService.setTaskDescription(ActivityManagerService.java:8547)
12-09 08:09:13.238 W/ActivityManager( 1593): 	at android.app.ActivityManagerNative.onTransact(ActivityManagerNative.java:2410)
12-09 08:09:13.238 W/ActivityManager( 1593): 	at com.android.server.am.ActivityManagerService.onTransact(ActivityManagerService.java:2443)
12-09 08:09:13.238 W/ActivityManager( 1593): 	at android.os.Binder.execTransact(Binder.java:453)
12-09 08:09:13.417 W/ActivityManager( 1593): Bad activity token: android.os.BinderProxy@196de93
12-09 08:09:13.417 W/ActivityManager( 1593): java.lang.ClassCastException: android.os.BinderProxy cannot be cast to com.android.server.am.ActivityRecord$Token
12-09 08:09:13.417 W/ActivityManager( 1593): 	at com.android.server.am.ActivityRecord.forTokenLocked(ActivityRecord.java:424)
12-09 08:09:13.417 W/ActivityManager( 1593): 	at com.android.server.am.ActivityRecord.isInStackLocked(ActivityRecord.java:1121)
12-09 08:09:13.417 W/ActivityManager( 1593): 	at com.android.server.am.ActivityManagerService.getActivityOptions(ActivityManagerService.java:11038)
12-09 08:09:13.417 W/ActivityManager( 1593): 	at android.app.ActivityManagerNative.onTransact(ActivityManagerNative.java:1734)
12-09 08:09:13.417 W/ActivityManager( 1593): 	at com.android.server.am.ActivityManagerService.onTransact(ActivityManagerService.java:2443)
12-09 08:09:13.417 W/ActivityManager( 1593): 	at android.os.Binder.execTransact(Binder.java:453)
12-09 08:09:13.418 W/ActivityManager( 1593): Bad activity token: android.os.BinderProxy@196de93
12-09 08:09:13.418 W/ActivityManager( 1593): java.lang.ClassCastException: android.os.BinderProxy cannot be cast to com.android.server.am.ActivityRecord$Token
12-09 08:09:13.418 W/ActivityManager( 1593): 	at com.android.server.am.ActivityRecord.forTokenLocked(ActivityRecord.java:424)
12-09 08:09:13.418 W/ActivityManager( 1593): 	at com.android.server.am.ActivityRecord.isInStackLocked(ActivityRecord.java:1121)
12-09 08:09:13.418 W/ActivityManager( 1593): 	at com.android.server.am.ActivityManagerService.getActivityOptions(ActivityManagerService.java:11038)
12-09 08:09:13.418 W/ActivityManager( 1593): 	at android.app.ActivityManagerNative.onTransact(ActivityManagerNative.java:1734)
12-09 08:09:13.418 W/ActivityManager( 1593): 	at com.android.server.am.ActivityManagerService.onTransact(ActivityManagerService.java:2443)
12-09 08:09:13.418 W/ActivityManager( 1593): 	at android.os.Binder.execTransact(Binder.java:453)
12-09 08:09:13.633 V/PhoneStatusBar( 1684): setLightsOn(true)
12-09 08:09:13.749 D/EGL_emulation( 1924): eglMakeCurrent: 0x7f0a6ddb4b40: ver 2 0 (tinfo 0x7f0a6dd82cc0)
12-09 08:09:13.789 E/Surface ( 1924): getSlotFromBufferLocked: unknown buffer: 0x7f0a6a355160
12-09 08:09:14.067 W/art     ( 1593): Long monitor contention event with owner method=void com.android.server.wm.WindowAnimator$1.doFrame(long) from WindowAnimator.java:121 waiters=1 for 274ms
12-09 08:09:14.149 D/gralloc_ranchu( 1219): gralloc_alloc: Creating ashmem region of size 3686400
12-09 08:09:14.297 W/art     ( 1593): Long monitor contention event with owner method=void com.android.server.wm.WindowAnimator$1.doFrame(long) from WindowAnimator.java:121 waiters=0 for 131ms
12-09 08:09:14.383 D/        (12556): HostConnection::get() New Host Connection established 0x7f0a6a3bcf20, tid 12556
12-09 08:09:14.740 I/ActivityManager( 1593): Displayed com.evancharlton.mileage/.Mileage: +1s612ms
12-09 08:09:14.764 D/gralloc_ranchu( 1219): gralloc_alloc: Creating ashmem region of size 3686400
12-09 08:09:15.270 D/gralloc_ranchu( 1219): gralloc_alloc: Creating ashmem region of size 3686400
12-09 08:09:16.597 I/System.out(12556): URI: //map
12-09 08:09:16.609 I/System.out(12556): params: {json={"query":"android.widget.EditText id:'price'","operation":{"method_name":"query","arguments":[]}}
12-09 08:09:16.617 I/System.out(12556): }
12-09 08:09:16.670 W/ResourceType(12556): No package identifier when getting name for resource number 0x00000001
12-09 08:09:16.792 I/art     (12556): Background sticky concurrent mark sweep GC freed 44929(2MB) AllocSpace objects, 2(40KB) LOS objects, 28% free, 2MB/3MB, paused 981us total 115.684ms
12-09 08:09:16.805 I/System.out(12556): URI: //gesture
12-09 08:09:16.805 I/System.out(12556): params: {json={"query_timeout":5.0,"gestures":[{"query_string":"android.widget.EditText id:'price'","touches":[{"x":50,"y":50,"offset_x":0,"offset_y":0,"wait":0.0,"time":0.2,"release":true,"query_string":null}]}]}
12-09 08:09:16.805 I/System.out(12556): }
12-09 08:09:16.830 W/ResourceType(12556): No package identifier when getting name for resource number 0x00000001
12-09 08:09:17.326 I/LatinIME( 1868): Starting input. Cursor position = 0,0
12-09 08:09:17.506 I/art     (12556): Background sticky concurrent mark sweep GC freed 14695(664KB) AllocSpace objects, 0(0B) LOS objects, 10% free, 2MB/3MB, paused 21.525ms total 64.713ms
12-09 08:09:17.601 D/EGL_emulation( 1868): eglMakeCurrent: 0x7f0a6a356740: ver 2 0 (tinfo 0x7f0a6dd59a60)
12-09 08:09:18.050 I/System.out(12556): URI: //
12-09 08:09:18.050 I/System.out(12556): params: {json={"command":"set_selection","arguments":[-1,-1]}
12-09 08:09:18.050 I/System.out(12556): }
12-09 08:09:18.050 I/System.out(12556): header: {date=Sun, 09 Dec 2018 08:09:18 GMT, accept=*/*, content-length=47, host=127.0.0.1:34777, user-agent=HTTPClient/1.0 (2.8.3, ruby 2.3.1 (2016-04-26)), content-type=application/json;charset=utf-8}
12-09 08:09:18.050 I/System.out(12556): params: {json={"command":"set_selection","arguments":[-1,-1]}
12-09 08:09:18.050 I/System.out(12556): }
12-09 08:09:18.050 I/System.out(12556): ProP json = {"command":"set_selection","arguments":[-1,-1]}
12-09 08:09:18.050 I/System.out(12556): files: {}
12-09 08:09:18.050 I/System.out(12556): command: {"command":"set_selection","arguments":[-1,-1]}
12-09 08:09:18.051 I/InstrumentationBackend(12556): Got command:'Command:'Line:null,set_selection', arguments:'[-1, -1]'
12-09 08:09:18.067 I/System.out(12556): result:{"bonusInformation":[],"message":"","success":true}
12-09 08:09:18.258 I/System.out(12556): URI: //
12-09 08:09:18.258 I/System.out(12556): params: {json={"command":"keyboard_enter_text","arguments":["98879898249712372391"]}
12-09 08:09:18.258 I/System.out(12556): }
12-09 08:09:18.258 I/System.out(12556): header: {date=Sun, 09 Dec 2018 08:09:19 GMT, accept=*/*, content-length=70, host=127.0.0.1:34777, user-agent=HTTPClient/1.0 (2.8.3, ruby 2.3.1 (2016-04-26)), content-type=application/json;charset=utf-8}
12-09 08:09:18.258 I/System.out(12556): params: {json={"command":"keyboard_enter_text","arguments":["98879898249712372391"]}
12-09 08:09:18.258 I/System.out(12556): }
12-09 08:09:18.258 I/System.out(12556): ProP json = {"command":"keyboard_enter_text","arguments":["98879898249712372391"]}
12-09 08:09:18.258 I/System.out(12556): files: {}
12-09 08:09:18.258 I/System.out(12556): command: {"command":"keyboard_enter_text","arguments":["98879898249712372391"]}
12-09 08:09:18.260 I/InstrumentationBackend(12556): Got command:'Command:'Line:null,keyboard_enter_text', arguments:'[98879898249712372391]'
12-09 08:09:18.380 E/SpannableStringBuilder(12556): SPAN_EXCLUSIVE_EXCLUSIVE spans cannot have a zero length
12-09 08:09:18.380 E/SpannableStringBuilder(12556): SPAN_EXCLUSIVE_EXCLUSIVE spans cannot have a zero length
12-09 08:09:18.515 E/SpannableStringBuilder(12556): SPAN_EXCLUSIVE_EXCLUSIVE spans cannot have a zero length
12-09 08:09:18.515 E/SpannableStringBuilder(12556): SPAN_EXCLUSIVE_EXCLUSIVE spans cannot have a zero length
12-09 08:09:18.586 I/System.out(12556): result:{"bonusInformation":[],"message":"","success":true}
12-09 08:09:19.210 E/SurfaceFlinger( 1219): ro.sf.lcd_density must be defined as a build property
12-09 08:09:19.285 D/gralloc_ranchu( 1219): gralloc_alloc: Creating ashmem region of size 3686400
12-09 08:09:19.338 D/        (12587): HostConnection::get() New Host Connection established 0x7f9bfac52480, tid 12587
12-09 08:09:19.372 E/EGL_emulation( 1219): tid 1219: eglCreateSyncKHR(1881): error 0x3004 (EGL_BAD_ATTRIBUTE)
12-09 08:09:20.150 I/System.out(12556): URI: //map
12-09 08:09:20.150 I/System.out(12556): params: {json={"query":"android.widget.EditText id:'volume'","operation":{"method_name":"query","arguments":[]}}
12-09 08:09:20.150 I/System.out(12556): }
12-09 08:09:20.912 W/ResourceType(12556): No package identifier when getting name for resource number 0x00000001
12-09 08:09:21.023 I/System.out(12556): URI: //gesture
12-09 08:09:21.023 I/System.out(12556): params: {json={"query_timeout":5.0,"gestures":[{"query_string":"android.widget.EditText id:'volume'","touches":[{"x":50,"y":50,"offset_x":0,"offset_y":0,"wait":0.0,"time":0.2,"release":true,"query_string":null}]}]}
12-09 08:09:21.023 I/System.out(12556): }
12-09 08:09:21.070 W/ResourceType(12556): No package identifier when getting name for resource number 0x00000001
12-09 08:09:21.459 I/LatinIME( 1868): Starting input. Cursor position = 0,0
12-09 08:09:22.017 I/System.out(12556): URI: //
12-09 08:09:22.017 I/System.out(12556): params: {json={"command":"set_selection","arguments":[-1,-1]}
12-09 08:09:22.017 I/System.out(12556): }
12-09 08:09:22.017 I/System.out(12556): header: {date=Sun, 09 Dec 2018 08:09:22 GMT, accept=*/*, content-length=47, host=127.0.0.1:34777, user-agent=HTTPClient/1.0 (2.8.3, ruby 2.3.1 (2016-04-26)), content-type=application/json;charset=utf-8}
12-09 08:09:22.017 I/System.out(12556): params: {json={"command":"set_selection","arguments":[-1,-1]}
12-09 08:09:22.017 I/System.out(12556): }
12-09 08:09:22.017 I/System.out(12556): ProP json = {"command":"set_selection","arguments":[-1,-1]}
12-09 08:09:22.017 I/System.out(12556): files: {}
12-09 08:09:22.017 I/System.out(12556): command: {"command":"set_selection","arguments":[-1,-1]}
12-09 08:09:22.019 I/InstrumentationBackend(12556): Got command:'Command:'Line:null,set_selection', arguments:'[-1, -1]'
12-09 08:09:22.157 I/System.out(12556): result:{"bonusInformation":[],"message":"","success":true}
12-09 08:09:22.310 I/art     (12556): Background sticky concurrent mark sweep GC freed 19569(1015KB) AllocSpace objects, 4(80KB) LOS objects, 34% free, 2MB/3MB, paused 9.003ms total 24.685ms
12-09 08:09:22.344 I/System.out(12556): URI: //
12-09 08:09:22.345 I/System.out(12556): params: {json={"command":"keyboard_enter_text","arguments":["98879891284721092831"]}
12-09 08:09:22.345 I/System.out(12556): }
12-09 08:09:22.345 I/System.out(12556): header: {date=Sun, 09 Dec 2018 08:09:23 GMT, accept=*/*, content-length=70, host=127.0.0.1:34777, user-agent=HTTPClient/1.0 (2.8.3, ruby 2.3.1 (2016-04-26)), content-type=application/json;charset=utf-8}
12-09 08:09:22.345 I/System.out(12556): params: {json={"command":"keyboard_enter_text","arguments":["98879891284721092831"]}
12-09 08:09:22.345 I/System.out(12556): }
12-09 08:09:22.345 I/System.out(12556): ProP json = {"command":"keyboard_enter_text","arguments":["98879891284721092831"]}
12-09 08:09:22.345 I/System.out(12556): files: {}
12-09 08:09:22.345 I/System.out(12556): command: {"command":"keyboard_enter_text","arguments":["98879891284721092831"]}
12-09 08:09:22.346 I/InstrumentationBackend(12556): Got command:'Command:'Line:null,keyboard_enter_text', arguments:'[98879891284721092831]'
12-09 08:09:22.347 E/SpannableStringBuilder(12556): SPAN_EXCLUSIVE_EXCLUSIVE spans cannot have a zero length
12-09 08:09:22.347 E/SpannableStringBuilder(12556): SPAN_EXCLUSIVE_EXCLUSIVE spans cannot have a zero length
12-09 08:09:22.475 E/SpannableStringBuilder(12556): SPAN_EXCLUSIVE_EXCLUSIVE spans cannot have a zero length
12-09 08:09:22.475 E/SpannableStringBuilder(12556): SPAN_EXCLUSIVE_EXCLUSIVE spans cannot have a zero length
12-09 08:09:22.491 I/System.out(12556): result:{"bonusInformation":[],"message":"","success":true}
12-09 08:09:23.087 E/SurfaceFlinger( 1219): ro.sf.lcd_density must be defined as a build property
12-09 08:09:23.164 D/gralloc_ranchu( 1219): gralloc_alloc: Creating ashmem region of size 3686400
12-09 08:09:23.175 D/        (12598): HostConnection::get() New Host Connection established 0x7fe15d192480, tid 12598
12-09 08:09:23.193 E/EGL_emulation( 1219): tid 1219: eglCreateSyncKHR(1881): error 0x3004 (EGL_BAD_ATTRIBUTE)
12-09 08:09:24.116 I/System.out(12556): URI: //map
12-09 08:09:24.116 I/System.out(12556): params: {json={"query":"android.widget.EditText id:'odometer'","operation":{"method_name":"query","arguments":[]}}
12-09 08:09:24.116 I/System.out(12556): }
12-09 08:09:24.174 W/ResourceType(12556): No package identifier when getting name for resource number 0x00000001
12-09 08:09:24.201 I/art     (12556): Background sticky concurrent mark sweep GC freed 25818(1161KB) AllocSpace objects, 4(80KB) LOS objects, 7% free, 3MB/3MB, paused 6.708ms total 47.267ms
12-09 08:09:24.287 I/System.out(12556): URI: //gesture
12-09 08:09:24.287 I/System.out(12556): params: {json={"query_timeout":5.0,"gestures":[{"query_string":"android.widget.EditText id:'odometer'","touches":[{"x":50,"y":50,"offset_x":0,"offset_y":0,"wait":0.0,"time":0.2,"release":true,"query_string":null}]}]}
12-09 08:09:24.287 I/System.out(12556): }
12-09 08:09:24.307 W/ResourceType(12556): No package identifier when getting name for resource number 0x00000001
12-09 08:09:24.802 I/LatinIME( 1868): Starting input. Cursor position = 0,0
12-09 08:09:24.877 W/art     (12556): Suspending all threads took: 5.007ms
12-09 08:09:24.915 I/art     (12556): Background sticky concurrent mark sweep GC freed 40319(1727KB) AllocSpace objects, 2(40KB) LOS objects, 24% free, 2MB/3MB, paused 10.279ms total 98.303ms
12-09 08:09:25.021 I/art     (12556): Background sticky concurrent mark sweep GC freed 4236(283KB) AllocSpace objects, 0(0B) LOS objects, 28% free, 2MB/3MB, paused 9.529ms total 93.419ms
12-09 08:09:25.210 I/Choreographer( 1868): Skipped 35 frames!  The application may be doing too much work on its main thread.
12-09 08:09:25.689 I/System.out(12556): URI: //
12-09 08:09:25.689 I/System.out(12556): params: {json={"command":"set_selection","arguments":[-1,-1]}
12-09 08:09:25.689 I/System.out(12556): }
12-09 08:09:25.689 I/System.out(12556): header: {date=Sun, 09 Dec 2018 08:09:26 GMT, accept=*/*, content-length=47, host=127.0.0.1:34777, user-agent=HTTPClient/1.0 (2.8.3, ruby 2.3.1 (2016-04-26)), content-type=application/json;charset=utf-8}
12-09 08:09:25.689 I/System.out(12556): params: {json={"command":"set_selection","arguments":[-1,-1]}
12-09 08:09:25.689 I/System.out(12556): }
12-09 08:09:25.689 I/System.out(12556): ProP json = {"command":"set_selection","arguments":[-1,-1]}
12-09 08:09:25.690 I/System.out(12556): files: {}
12-09 08:09:25.690 I/System.out(12556): command: {"command":"set_selection","arguments":[-1,-1]}
12-09 08:09:25.691 I/InstrumentationBackend(12556): Got command:'Command:'Line:null,set_selection', arguments:'[-1, -1]'
12-09 08:09:25.795 I/System.out(12556): result:{"bonusInformation":[],"message":"","success":true}
12-09 08:09:26.053 I/System.out(12556): URI: //
12-09 08:09:26.053 I/System.out(12556): params: {json={"command":"keyboard_enter_text","arguments":["74394723984721092831"]}
12-09 08:09:26.053 I/System.out(12556): }
12-09 08:09:26.053 I/System.out(12556): header: {date=Sun, 09 Dec 2018 08:09:26 GMT, accept=*/*, content-length=70, host=127.0.0.1:34777, user-agent=HTTPClient/1.0 (2.8.3, ruby 2.3.1 (2016-04-26)), content-type=application/json;charset=utf-8}
12-09 08:09:26.053 I/System.out(12556): params: {json={"command":"keyboard_enter_text","arguments":["74394723984721092831"]}
12-09 08:09:26.053 I/System.out(12556): }
12-09 08:09:26.053 I/System.out(12556): ProP json = {"command":"keyboard_enter_text","arguments":["74394723984721092831"]}
12-09 08:09:26.053 I/System.out(12556): files: {}
12-09 08:09:26.053 I/System.out(12556): command: {"command":"keyboard_enter_text","arguments":["74394723984721092831"]}
12-09 08:09:26.054 I/InstrumentationBackend(12556): Got command:'Command:'Line:null,keyboard_enter_text', arguments:'[74394723984721092831]'
12-09 08:09:26.069 E/SpannableStringBuilder(12556): SPAN_EXCLUSIVE_EXCLUSIVE spans cannot have a zero length
12-09 08:09:26.069 E/SpannableStringBuilder(12556): SPAN_EXCLUSIVE_EXCLUSIVE spans cannot have a zero length
12-09 08:09:26.125 E/SpannableStringBuilder(12556): SPAN_EXCLUSIVE_EXCLUSIVE spans cannot have a zero length
12-09 08:09:26.125 E/SpannableStringBuilder(12556): SPAN_EXCLUSIVE_EXCLUSIVE spans cannot have a zero length
12-09 08:09:26.131 I/System.out(12556): result:{"bonusInformation":[],"message":"","success":true}
12-09 08:09:26.577 E/SurfaceFlinger( 1219): ro.sf.lcd_density must be defined as a build property
12-09 08:09:26.578 D/gralloc_ranchu( 1219): gralloc_alloc: Creating ashmem region of size 3686400
12-09 08:09:26.613 D/        (12608): HostConnection::get() New Host Connection established 0x7f85cf492480, tid 12608
12-09 08:09:26.634 E/EGL_emulation( 1219): tid 1219: eglCreateSyncKHR(1881): error 0x3004 (EGL_BAD_ATTRIBUTE)
12-09 08:09:28.581 I/System.out(12556): URI: //map
12-09 08:09:28.581 I/System.out(12556): params: {json={"query":"android.widget.Button index:2","operation":{"method_name":"query","arguments":[]}}
12-09 08:09:28.581 I/System.out(12556): }
12-09 08:09:28.734 I/art     (12556): Background sticky concurrent mark sweep GC freed 61270(2MB) AllocSpace objects, 4(80KB) LOS objects, 36% free, 2MB/3MB, paused 1.141ms total 111.310ms
12-09 08:09:28.765 I/System.out(12556): URI: //gesture
12-09 08:09:28.765 I/System.out(12556): params: {json={"query_timeout":5.0,"gestures":[{"query_string":"android.widget.Button index:2","touches":[{"x":50,"y":50,"offset_x":0,"offset_y":0,"wait":0.0,"time":0.2,"release":true,"query_string":null}]}]}
12-09 08:09:28.765 I/System.out(12556): }
12-09 08:09:29.189 W/audio_hw_generic( 1307): Hardware backing HAL too slow, could only write 0 of 661 frames
12-09 08:09:29.189 W/audio_hw_generic( 1307): Hardware backing HAL too slow, could only write 0 of 661 frames
12-09 08:09:29.213 W/audio_hw_generic( 1307): Hardware backing HAL too slow, could only write 0 of 661 frames
12-09 08:09:29.213 D/AudioFlinger( 1307): mixer(0xf4380000) throttle end: throttle time(44)
12-09 08:09:29.248 W/audio_hw_generic( 1307): Hardware backing HAL too slow, could only write 0 of 661 frames
12-09 08:09:29.273 W/audio_hw_generic( 1307): Hardware backing HAL too slow, could only write 0 of 661 frames
12-09 08:09:29.292 I/art     ( 1593): Background partial concurrent mark sweep GC freed 35488(2MB) AllocSpace objects, 21(420KB) LOS objects, 29% free, 9MB/13MB, paused 1.369ms total 134.141ms
12-09 08:09:29.314 W/audio_hw_generic( 1307): Not supplying enough data to HAL, expected position 27674970 , only wrote 27674748
12-09 08:09:29.314 W/audio_hw_generic( 1307): Not supplying enough data to HAL, expected position 27674754 , only wrote 27674748
12-09 08:09:29.345 W/audio_hw_generic( 1307): Not supplying enough data to HAL, expected position 27676109 , only wrote 27676070
12-09 08:09:29.345 W/audio_hw_generic( 1307): Hardware backing HAL too slow, could only write 0 of 661 frames
12-09 08:09:29.359 W/audio_hw_generic( 1307): Hardware backing HAL too slow, could only write 0 of 661 frames
12-09 08:09:29.375 W/audio_hw_generic( 1307): Hardware backing HAL too slow, could only write 0 of 661 frames
12-09 08:09:29.393 W/audio_hw_generic( 1307): Hardware backing HAL too slow, could only write 0 of 661 frames
12-09 08:09:29.413 W/audio_hw_generic( 1307): Hardware backing HAL too slow, could only write 0 of 661 frames
12-09 08:09:29.620 W/audio_hw_generic( 1307): Not supplying enough data to HAL, expected position 27688201 , only wrote 27687968
12-09 08:09:29.634 E/SurfaceFlinger( 1219): ro.sf.lcd_density must be defined as a build property
12-09 08:09:29.635 D/gralloc_ranchu( 1219): gralloc_alloc: Creating ashmem region of size 3686400
12-09 08:09:29.688 W/audio_hw_generic( 1307): Not supplying enough data to HAL, expected position 27690983 , only wrote 27690612
12-09 08:09:29.689 W/audio_hw_generic( 1307): Not supplying enough data to HAL, expected position 27690623 , only wrote 27690612
12-09 08:09:29.726 W/audio_hw_generic( 1307): Not supplying enough data to HAL, expected position 27692255 , only wrote 27691273
12-09 08:09:29.732 D/        (12614): HostConnection::get() New Host Connection established 0x7f4820e12480, tid 12614
12-09 08:09:29.756 W/audio_hw_generic( 1307): Not supplying enough data to HAL, expected position 27692600 , only wrote 27692595
12-09 08:09:29.756 W/audio_hw_generic( 1307): Hardware backing HAL too slow, could only write 0 of 661 frames
12-09 08:09:29.775 I/calabash(12556): newActivity1
12-09 08:09:29.776 W/ActivityManager( 1593): Bad activity token: android.os.BinderProxy@a59582c
12-09 08:09:29.776 W/ActivityManager( 1593): java.lang.ClassCastException: android.os.BinderProxy cannot be cast to com.android.server.am.ActivityRecord$Token
12-09 08:09:29.776 W/ActivityManager( 1593): 	at com.android.server.am.ActivityRecord.forTokenLocked(ActivityRecord.java:424)
12-09 08:09:29.776 W/ActivityManager( 1593): 	at com.android.server.am.ActivityRecord.isInStackLocked(ActivityRecord.java:1121)
12-09 08:09:29.776 W/ActivityManager( 1593): 	at com.android.server.am.ActivityRecord.getStackLocked(ActivityRecord.java:1126)
12-09 08:09:29.776 W/ActivityManager( 1593): 	at com.android.server.am.ActivityManagerService.getActivityDisplayId(ActivityManagerService.java:8889)
12-09 08:09:29.776 W/ActivityManager( 1593): 	at android.app.ActivityManagerNative.onTransact(ActivityManagerNative.java:2338)
12-09 08:09:29.776 W/ActivityManager( 1593): 	at com.android.server.am.ActivityManagerService.onTransact(ActivityManagerService.java:2443)
12-09 08:09:29.776 W/ActivityManager( 1593): 	at android.os.Binder.execTransact(Binder.java:453)
12-09 08:09:29.778 E/EGL_emulation( 1219): tid 1219: eglCreateSyncKHR(1881): error 0x3004 (EGL_BAD_ATTRIBUTE)
12-09 08:09:29.779 W/ActivityManager( 1593): Bad activity token: android.os.BinderProxy@a59582c
12-09 08:09:29.779 W/ActivityManager( 1593): java.lang.ClassCastException: android.os.BinderProxy cannot be cast to com.android.server.am.ActivityRecord$Token
12-09 08:09:29.779 W/ActivityManager( 1593): 	at com.android.server.am.ActivityRecord.forTokenLocked(ActivityRecord.java:424)
12-09 08:09:29.779 W/ActivityManager( 1593): 	at com.android.server.am.ActivityRecord.isInStackLocked(ActivityRecord.java:1121)
12-09 08:09:29.779 W/ActivityManager( 1593): 	at com.android.server.am.ActivityManagerService.setTaskDescription(ActivityManagerService.java:8547)
12-09 08:09:29.779 W/ActivityManager( 1593): 	at android.app.ActivityManagerNative.onTransact(ActivityManagerNative.java:2410)
12-09 08:09:29.779 W/ActivityManager( 1593): 	at com.android.server.am.ActivityManagerService.onTransact(ActivityManagerService.java:2443)
12-09 08:09:29.779 W/ActivityManager( 1593): 	at android.os.Binder.execTransact(Binder.java:453)
12-09 08:09:29.870 W/audio_hw_generic( 1307): Not supplying enough data to HAL, expected position 27697639 , only wrote 27697222
12-09 08:09:29.870 W/audio_hw_generic( 1307): Not supplying enough data to HAL, expected position 27697228 , only wrote 27697222
12-09 08:09:29.873 W/ActivityManager( 1593): Bad activity token: android.os.BinderProxy@a59582c
12-09 08:09:29.873 W/ActivityManager( 1593): java.lang.ClassCastException: android.os.BinderProxy cannot be cast to com.android.server.am.ActivityRecord$Token
12-09 08:09:29.873 W/ActivityManager( 1593): 	at com.android.server.am.ActivityRecord.forTokenLocked(ActivityRecord.java:424)
12-09 08:09:29.873 W/ActivityManager( 1593): 	at com.android.server.am.ActivityRecord.isInStackLocked(ActivityRecord.java:1121)
12-09 08:09:29.873 W/ActivityManager( 1593): 	at com.android.server.am.ActivityManagerService.getActivityOptions(ActivityManagerService.java:11038)
