--------- beginning of system
12-09 08:02:44.391 W/ActivityManager( 1592): Finishing task with all activities already finished
12-09 08:02:44.391 W/ActivityManager( 1592): Duplicate finish request for ActivityRecord{65c4ce5 u0 com.evancharlton.mileage/.Mileage t420 f}
12-09 08:02:44.391 W/ActivityManager( 1592): Finishing task with all activities already finished
12-09 08:02:44.391 W/ActivityManager( 1592): Duplicate finish request for ActivityRecord{65c4ce5 u0 com.evancharlton.mileage/.Mileage t420 f}
12-09 08:02:44.391 W/ActivityManager( 1592): Finishing task with all activities already finished
12-09 08:02:44.391 W/ActivityManager( 1592): Duplicate finish request for ActivityRecord{65c4ce5 u0 com.evancharlton.mileage/.Mileage t420 f}
--------- beginning of main
12-09 08:02:44.473 I/art     ( 1592): Background partial concurrent mark sweep GC freed 19383(1453KB) AllocSpace objects, 6(120KB) LOS objects, 29% free, 9MB/13MB, paused 1.552ms total 116.074ms
12-09 08:02:44.544 W/audio_hw_generic( 1309): Hardware backing HAL too slow, could only write 0 of 661 frames
12-09 08:02:44.640 D/EGL_emulation( 1949): eglMakeCurrent: 0x7f45d5621d20: ver 2 0 (tinfo 0x7f45d56028e0)
12-09 08:02:44.661 W/audio_hw_generic( 1309): Not supplying enough data to HAL, expected position 16675474 , only wrote 16675047
12-09 08:02:44.661 W/audio_hw_generic( 1309): Not supplying enough data to HAL, expected position 16675054 , only wrote 16675047
12-09 08:02:44.677 W/audio_hw_generic( 1309): Not supplying enough data to HAL, expected position 16675738 , only wrote 16675708
12-09 08:02:44.753 W/audio_hw_generic( 1309): Hardware backing HAL too slow, could only write 0 of 661 frames
12-09 08:02:44.753 W/audio_hw_generic( 1309): Hardware backing HAL too slow, could only write 0 of 661 frames
12-09 08:02:44.773 W/audio_hw_generic( 1309): Hardware backing HAL too slow, could only write 0 of 661 frames
12-09 08:02:44.795 W/audio_hw_generic( 1309): Hardware backing HAL too slow, could only write 0 of 661 frames
12-09 08:02:44.821 W/audio_hw_generic( 1309): Hardware backing HAL too slow, could only write 0 of 661 frames
12-09 08:02:44.833 W/audio_hw_generic( 1309): Hardware backing HAL too slow, could only write 0 of 661 frames
12-09 08:02:44.848 W/audio_hw_generic( 1309): Hardware backing HAL too slow, could only write 0 of 661 frames
12-09 08:02:44.865 W/audio_hw_generic( 1309): Hardware backing HAL too slow, could only write 0 of 661 frames
12-09 08:02:45.023 W/audio_hw_generic( 1309): Not supplying enough data to HAL, expected position 16690977 , only wrote 16690911
12-09 08:02:45.050 W/audio_hw_generic( 1309): Hardware backing HAL too slow, could only write 0 of 661 frames
12-09 08:02:45.069 W/audio_hw_generic( 1309): Hardware backing HAL too slow, could only write 0 of 661 frames
12-09 08:02:45.080 W/audio_hw_generic( 1309): Hardware backing HAL too slow, could only write 0 of 661 frames
12-09 08:02:45.102 W/audio_hw_generic( 1309): Hardware backing HAL too slow, could only write 0 of 661 frames
12-09 08:02:45.113 W/audio_hw_generic( 1309): Hardware backing HAL too slow, could only write 0 of 661 frames
12-09 08:02:45.125 W/audio_hw_generic( 1309): Hardware backing HAL too slow, could only write 0 of 661 frames
12-09 08:02:45.141 W/audio_hw_generic( 1309): Hardware backing HAL too slow, could only write 0 of 661 frames
12-09 08:02:45.260 W/OpenGLRenderer( 1949): Incorrectly called buildLayer on View: ShortcutAndWidgetContainer, destroying layer...
12-09 08:02:45.399 W/audio_hw_generic( 1309): Not supplying enough data to HAL, expected position 16723924 , only wrote 16707436
12-09 08:02:45.562 W/art     ( 1592): Long monitor contention event with owner method=void com.android.server.wm.WindowAnimator$1.doFrame(long) from WindowAnimator.java:121 waiters=0 for 119ms
12-09 08:02:45.597 D/AndroidRuntime(12278): >>>>>> START com.android.internal.os.RuntimeInit uid 0 <<<<<<
12-09 08:02:45.622 D/AndroidRuntime(12278): CheckJNI is ON
12-09 08:02:45.671 D/ICU     (12278): No timezone override file found: /data/misc/zoneinfo/current/icu/icu_tzdata.dat
12-09 08:02:45.753 W/art     ( 1592): Long monitor contention event with owner method=void com.android.server.wm.WindowAnimator$1.doFrame(long) from WindowAnimator.java:121 waiters=0 for 189ms
12-09 08:02:45.770 E/memtrack(12278): Couldn't load memtrack module (No such file or directory)
12-09 08:02:45.770 E/android.os.Debug(12278): failed to load memtrack module: -2
12-09 08:02:45.771 I/Radio-JNI(12278): register_android_hardware_Radio DONE
12-09 08:02:45.809 D/AndroidRuntime(12278): Calling main entry com.android.commands.am.Am
12-09 08:02:45.902 W/art     ( 1592): Long monitor contention event with owner method=void com.android.server.wm.WindowAnimator$1.doFrame(long) from WindowAnimator.java:121 waiters=1 for 334ms
12-09 08:02:45.982 I/ActivityManager( 1592): Force stopping com.evancharlton.mileage appid=10131 user=0: start instr
12-09 08:02:45.982 I/ActivityManager( 1592): Killing 12239:com.evancharlton.mileage/u0a131 (adj 0): stop com.evancharlton.mileage
12-09 08:02:46.205 W/ActivityManager( 1592): Crash of app com.evancharlton.mileage running instrumentation ComponentInfo{com.evancharlton.mileage.test/sh.calaba.instrumentationbackend.CalabashInstrumentationTestRunner}
12-09 08:02:46.205 I/ActivityManager( 1592): Force stopping com.evancharlton.mileage appid=10131 user=0: finished inst
12-09 08:02:46.213 I/WindowState( 1592): WIN DEATH: Window{fa57f6a u0 com.evancharlton.mileage/com.evancharlton.mileage.Mileage}
12-09 08:02:46.213 W/WindowManager( 1592): Force-removing child win Window{57d10a4 u0 PopupWindow:16cf0e} from container Window{fa57f6a u0 com.evancharlton.mileage/com.evancharlton.mileage.Mileage}
12-09 08:02:46.215 E/WindowState( 1592): getStack: Window{fa57f6a u0 com.evancharlton.mileage/com.evancharlton.mileage.Mileage} couldn't find task for AppWindowToken{8e3626b token=Token{2d8b3ba ActivityRecord{65c4ce5 u0 com.evancharlton.mileage/.Mileage t420}}} Callers=com.android.server.wm.WindowState.getDisplayContent:847 com.android.server.wm.WindowState.getWindowList:1457 com.android.server.wm.WindowManagerService.removeWindowInnerLocked:2888 com.android.server.wm.WindowManagerService.removeWindowInnerLocked:2796 
12-09 08:02:46.215 E/WindowState( 1592): getStack: Window{fa57f6a u0 com.evancharlton.mileage/com.evancharlton.mileage.Mileage} couldn't find task for AppWindowToken{8e3626b token=Token{2d8b3ba ActivityRecord{65c4ce5 u0 com.evancharlton.mileage/.Mileage t420}}} Callers=com.android.server.wm.WindowState.getDisplayContent:847 com.android.server.wm.WindowManagerService.removeWindowInnerLocked:2893 com.android.server.wm.WindowManagerService.removeWindowInnerLocked:2796 com.android.server.wm.WindowManagerService.removeWindowLocked:2785 
12-09 08:02:46.224 W/WindowManager( 1592): Failed looking up window
12-09 08:02:46.224 W/WindowManager( 1592): java.lang.IllegalArgumentException: Requested window android.os.BinderProxy@399c337 does not exist
12-09 08:02:46.224 W/WindowManager( 1592): 	at com.android.server.wm.WindowManagerService.windowForClientLocked(WindowManagerService.java:8733)
12-09 08:02:46.224 W/WindowManager( 1592): 	at com.android.server.wm.WindowManagerService.windowForClientLocked(WindowManagerService.java:8724)
12-09 08:02:46.224 W/WindowManager( 1592): 	at com.android.server.wm.WindowState$DeathRecipient.binderDied(WindowState.java:1209)
12-09 08:02:46.224 W/WindowManager( 1592): 	at android.os.BinderProxy.sendDeathNotice(Binder.java:558)
12-09 08:02:46.224 I/WindowState( 1592): WIN DEATH: null
12-09 08:02:46.225 I/ActivityManager( 1592): Start proc 12287:com.evancharlton.mileage/u0a131 for added application com.evancharlton.mileage
12-09 08:02:46.226 W/art     ( 1592): Long monitor contention event with owner method=boolean com.android.server.am.ActivityManagerService.startInstrumentation(android.content.ComponentName, java.lang.String, int, android.os.Bundle, android.app.IInstrumentationWatcher, android.app.IUiAutomationConnection, int, java.lang.String) from ActivityManagerService.java:17066 waiters=3 for 232ms
12-09 08:02:46.226 D/AndroidRuntime(12278): Shutting down VM
12-09 08:02:46.230 I/Choreographer( 3052): Skipped 40 frames!  The application may be doing too much work on its main thread.
12-09 08:02:46.390 W/System  (12287): ClassLoader referenced unknown path: /data/app/com.evancharlton.mileage.test-1/lib/x86_64
12-09 08:02:46.397 W/System  (12287): ClassLoader referenced unknown path: /data/app/com.evancharlton.mileage-1/lib/x86_64
12-09 08:02:46.553 I/System.out(12287): Main activity name automatically set to: com.evancharlton.mileage.Mileage
12-09 08:02:46.553 I/System.out(12287): Calabash did not load Mono. This is only a problem if you are trying to test a Mono application
12-09 08:02:46.554 I/calabash(12287): Test server port: 7102
12-09 08:02:46.555 I/InstrumentationBackend(12287): Added:'GetPreferences', with key:'get_preferences'
12-09 08:02:46.637 I/InstrumentationBackend(12287): Added:'SetPreferences', with key:'set_preferences'
12-09 08:02:46.645 I/InstrumentationBackend(12287): Added:'ClearPreferences', with key:'clear_preferences'
12-09 08:02:46.645 I/InstrumentationBackend(12287): Added:'PressElement', with key:'press_l10n_element'
12-09 08:02:46.646 I/InstrumentationBackend(12287): Added:'WaitForElement', with key:'wait_for_l10n_element'
12-09 08:02:46.646 I/InstrumentationBackend(12287): Added:'NullAction', with key:'nullAction'
12-09 08:02:46.653 I/InstrumentationBackend(12287): Added:'PressKey', with key:'press_key'
12-09 08:02:46.653 I/InstrumentationBackend(12287): Added:'SetActivityOrientation', with key:'set_activity_orientation'
12-09 08:02:46.653 I/InstrumentationBackend(12287): Added:'GetActivityOrientation', with key:'get_activity_orientation'
12-09 08:02:46.653 I/InstrumentationBackend(12287): Added:'FakeGPSLocation', with key:'set_gps_coordinates'
12-09 08:02:46.654 I/InstrumentationBackend(12287): Added:'SetPropertyByCssSelector', with key:'set_property_by_css_selector'
12-09 08:02:46.654 I/InstrumentationBackend(12287): Added:'GetUrl', with key:'get_url'
12-09 08:02:46.655 I/InstrumentationBackend(12287): Added:'ScrollTo', with key:'scroll_to'
12-09 08:02:46.655 I/InstrumentationBackend(12287): Added:'GetLoadProgress', with key:'get_load_progress'
12-09 08:02:46.655 I/InstrumentationBackend(12287): Added:'DumpHtml', with key:'dump_html'
12-09 08:02:46.655 I/InstrumentationBackend(12287): Added:'DumpBodyHtml', with key:'dump_body_html'
12-09 08:02:46.655 I/InstrumentationBackend(12287): Added:'EnterTextByCssSelector', with key:'enter_text_by_selector'
12-09 08:02:46.658 I/InstrumentationBackend(12287): Added:'AndroidSDKVersion', with key:'android_sdk_version'
12-09 08:02:46.659 I/InstrumentationBackend(12287): Added:'Version', with key:'version'
12-09 08:02:46.659 I/InstrumentationBackend(12287): Added:'Drag', with key:'drag'
12-09 08:02:46.659 I/InstrumentationBackend(12287): Added:'TouchCoordinates', with key:'touch_coordinate'
12-09 08:02:46.659 I/InstrumentationBackend(12287): Added:'LongPressCoordinate', with key:'long_press_coordinate'
12-09 08:02:46.660 I/InstrumentationBackend(12287): Added:'DragCoordinates', with key:'drag_coordinates'
12-09 08:02:46.660 I/InstrumentationBackend(12287): Added:'ResumeApplication', with key:'resume_application'
12-09 08:02:46.660 I/InstrumentationBackend(12287): Added:'Swipe', with key:'swipe'
12-09 08:02:46.660 I/InstrumentationBackend(12287): Added:'DoubleTapCoordinate', with key:'double_tap_coordinate'
12-09 08:02:46.660 I/InstrumentationBackend(12287): Added:'ClickOnScreen', with key:'click_on_screen'
12-09 08:02:46.666 I/InstrumentationBackend(12287): Added:'GetActivityName', with key:'get_activity_name'
12-09 08:02:46.667 I/InstrumentationBackend(12287): Added:'ScrollToView', with key:'scroll_to_view'
12-09 08:02:46.667 I/InstrumentationBackend(12287): Added:'ViewConfiguration', with key:'view_configuration'
12-09 08:02:46.667 I/InstrumentationBackend(12287): Added:'IsCurrentActivityFocused', with key:'is_current_activity_focused'
12-09 08:02:46.667 I/InstrumentationBackend(12287): Added:'SendTcp', with key:'send_tcp'
12-09 08:02:46.667 I/InstrumentationBackend(12287): Added:'DpToDevicePixel', with key:'dp_to_device_pixel'
12-09 08:02:46.681 W/art     (12287): Suspending all threads took: 5.987ms
12-09 08:02:46.705 I/art     (12287): Background partial concurrent mark sweep GC freed 3058(305KB) AllocSpace objects, 0(0B) LOS objects, 51% free, 953KB/1977KB, paused 10.555ms total 37.054ms
12-09 08:02:46.721 I/InstrumentationBackend(12287): Added:'KeyboardEnterText', with key:'keyboard_enter_text'
12-09 08:02:46.721 I/InstrumentationBackend(12287): Added:'DeleteSurroundingText', with key:'delete_surrounding_text'
12-09 08:02:46.721 I/InstrumentationBackend(12287): Added:'SetComposingRegion', with key:'set_composing_region'
12-09 08:02:46.722 I/InstrumentationBackend(12287): Added:'SetSelection', with key:'set_selection'
12-09 08:02:46.722 I/InstrumentationBackend(12287): Added:'KeyboardKeyEvent', with key:'keyboard_key_event'
12-09 08:02:46.722 I/InstrumentationBackend(12287): Added:'PressUserActionButton', with key:'press_user_action_button'
12-09 08:02:46.723 I/InstrumentationBackend(12287): Added:'HideSoftKeyboard', with key:'hide_soft_keyboard'
12-09 08:02:46.723 I/InstrumentationBackend(12287): Added:'ListActions', with key:'list_actions'
12-09 08:02:46.723 I/calabash(12287): Instantiating http server at 7102
12-09 08:02:46.724 I/System.out(12287): HTTP Daemon listening on: 7102
12-09 08:02:46.846 I/System.out(12287): URI: //ping
12-09 08:02:46.846 I/System.out(12287): params: {json={}
12-09 08:02:46.846 I/System.out(12287): }
12-09 08:02:46.918 I/System.out(12287): URI: //ping
12-09 08:02:46.924 I/System.out(12287): params: {json={}
12-09 08:02:46.924 I/System.out(12287): }
12-09 08:02:46.949 I/System.out(12287): URI: //ready
12-09 08:02:46.949 I/System.out(12287): params: {json={}
12-09 08:02:46.949 I/System.out(12287): }
12-09 08:02:46.997 I/System.out(12287): URI: //
12-09 08:02:46.997 I/System.out(12287): params: {json={"command":"version","arguments":[]}
12-09 08:02:46.997 I/System.out(12287): }
12-09 08:02:46.997 I/System.out(12287): header: {date=Sun, 09 Dec 2018 08:02:47 GMT, accept=*/*, content-length=36, host=127.0.0.1:34777, user-agent=HTTPClient/1.0 (2.8.3, ruby 2.3.1 (2016-04-26)), content-type=application/json;charset=utf-8}
12-09 08:02:46.997 I/System.out(12287): params: {json={"command":"version","arguments":[]}
12-09 08:02:46.997 I/System.out(12287): }
12-09 08:02:46.997 I/System.out(12287): ProP json = {"command":"version","arguments":[]}
12-09 08:02:46.998 I/System.out(12287): files: {}
12-09 08:02:46.998 I/System.out(12287): command: {"command":"version","arguments":[]}
12-09 08:02:47.007 I/InstrumentationBackend(12287): Got command:'Command:'Line:null,version', arguments:'[]'
12-09 08:02:47.061 W/art     (12287): Suspending all threads took: 11.765ms
12-09 08:02:47.142 I/art     (12287): Background sticky concurrent mark sweep GC freed 7640(553KB) AllocSpace objects, 11(220KB) LOS objects, 37% free, 1226KB/1977KB, paused 13.197ms total 127.235ms
12-09 08:02:47.148 I/System.out(12287): result:{"bonusInformation":[],"message":"0.9.8","success":true}
12-09 08:02:47.225 I/System.out(12287): URI: //start-application
12-09 08:02:47.225 I/System.out(12287): params: {json={"intent":null}
12-09 08:02:47.225 I/System.out(12287): }
12-09 08:02:47.423 I/art     (12287): Background partial concurrent mark sweep GC freed 20879(1008KB) AllocSpace objects, 4(80KB) LOS objects, 40% free, 1475KB/2MB, paused 1.545ms total 173.373ms
12-09 08:02:47.424 I/ActivityManager( 1592): START u0 {act=android.intent.action.MAIN cat=[android.intent.category.LAUNCHER] flg=0x10200000 cmp=com.evancharlton.mileage/.Mileage} from uid 10131 on display 0
12-09 08:02:47.684 D/gralloc_ranchu( 1218): gralloc_alloc: Creating ashmem region of size 3686400
12-09 08:02:47.700 I/calabash(12287): newActivity1
12-09 08:02:47.773 I/calabash(12287): newActivity1
12-09 08:02:47.775 W/ActivityManager( 1592): Bad activity token: android.os.BinderProxy@996ef72
12-09 08:02:47.775 W/ActivityManager( 1592): java.lang.ClassCastException: android.os.BinderProxy cannot be cast to com.android.server.am.ActivityRecord$Token
12-09 08:02:47.775 W/ActivityManager( 1592): 	at com.android.server.am.ActivityRecord.forTokenLocked(ActivityRecord.java:424)
12-09 08:02:47.775 W/ActivityManager( 1592): 	at com.android.server.am.ActivityRecord.isInStackLocked(ActivityRecord.java:1121)
12-09 08:02:47.775 W/ActivityManager( 1592): 	at com.android.server.am.ActivityRecord.getStackLocked(ActivityRecord.java:1126)
12-09 08:02:47.775 W/ActivityManager( 1592): 	at com.android.server.am.ActivityManagerService.getActivityDisplayId(ActivityManagerService.java:8889)
12-09 08:02:47.775 W/ActivityManager( 1592): 	at android.app.ActivityManagerNative.onTransact(ActivityManagerNative.java:2338)
12-09 08:02:47.775 W/ActivityManager( 1592): 	at com.android.server.am.ActivityManagerService.onTransact(ActivityManagerService.java:2443)
12-09 08:02:47.775 W/ActivityManager( 1592): 	at android.os.Binder.execTransact(Binder.java:453)
12-09 08:02:47.799 W/ActivityManager( 1592): Bad activity token: android.os.BinderProxy@996ef72
12-09 08:02:47.799 W/ActivityManager( 1592): java.lang.ClassCastException: android.os.BinderProxy cannot be cast to com.android.server.am.ActivityRecord$Token
12-09 08:02:47.799 W/ActivityManager( 1592): 	at com.android.server.am.ActivityRecord.forTokenLocked(ActivityRecord.java:424)
12-09 08:02:47.799 W/ActivityManager( 1592): 	at com.android.server.am.ActivityRecord.isInStackLocked(ActivityRecord.java:1121)
12-09 08:02:47.799 W/ActivityManager( 1592): 	at com.android.server.am.ActivityManagerService.setTaskDescription(ActivityManagerService.java:8547)
12-09 08:02:47.799 W/ActivityManager( 1592): 	at android.app.ActivityManagerNative.onTransact(ActivityManagerNative.java:2410)
12-09 08:02:47.799 W/ActivityManager( 1592): 	at com.android.server.am.ActivityManagerService.onTransact(ActivityManagerService.java:2443)
12-09 08:02:47.799 W/ActivityManager( 1592): 	at android.os.Binder.execTransact(Binder.java:453)
12-09 08:02:47.962 W/ActivityManager( 1592): Bad activity token: android.os.BinderProxy@996ef72
12-09 08:02:47.962 W/ActivityManager( 1592): java.lang.ClassCastException: android.os.BinderProxy cannot be cast to com.android.server.am.ActivityRecord$Token
12-09 08:02:47.962 W/ActivityManager( 1592): 	at com.android.server.am.ActivityRecord.forTokenLocked(ActivityRecord.java:424)
12-09 08:02:47.962 W/ActivityManager( 1592): 	at com.android.server.am.ActivityRecord.isInStackLocked(ActivityRecord.java:1121)
12-09 08:02:47.962 W/ActivityManager( 1592): 	at com.android.server.am.ActivityManagerService.getActivityOptions(ActivityManagerService.java:11038)
12-09 08:02:47.962 W/ActivityManager( 1592): 	at android.app.ActivityManagerNative.onTransact(ActivityManagerNative.java:1734)
12-09 08:02:47.962 W/ActivityManager( 1592): 	at com.android.server.am.ActivityManagerService.onTransact(ActivityManagerService.java:2443)
12-09 08:02:47.962 W/ActivityManager( 1592): 	at android.os.Binder.execTransact(Binder.java:453)
12-09 08:02:47.963 W/ActivityManager( 1592): Bad activity token: android.os.BinderProxy@996ef72
12-09 08:02:47.963 W/ActivityManager( 1592): java.lang.ClassCastException: android.os.BinderProxy cannot be cast to com.android.server.am.ActivityRecord$Token
12-09 08:02:47.963 W/ActivityManager( 1592): 	at com.android.server.am.ActivityRecord.forTokenLocked(ActivityRecord.java:424)
12-09 08:02:47.963 W/ActivityManager( 1592): 	at com.android.server.am.ActivityRecord.isInStackLocked(ActivityRecord.java:1121)
12-09 08:02:47.963 W/ActivityManager( 1592): 	at com.android.server.am.ActivityManagerService.getActivityOptions(ActivityManagerService.java:11038)
12-09 08:02:47.963 W/ActivityManager( 1592): 	at android.app.ActivityManagerNative.onTransact(ActivityManagerNative.java:1734)
12-09 08:02:47.963 W/ActivityManager( 1592): 	at com.android.server.am.ActivityManagerService.onTransact(ActivityManagerService.java:2443)
12-09 08:02:47.963 W/ActivityManager( 1592): 	at android.os.Binder.execTransact(Binder.java:453)
12-09 08:02:48.137 D/EGL_emulation( 1949): eglMakeCurrent: 0x7f45d5621d20: ver 2 0 (tinfo 0x7f45d56028e0)
12-09 08:02:48.139 V/PhoneStatusBar( 3052): setLightsOn(true)
12-09 08:02:48.142 E/Surface ( 1949): getSlotFromBufferLocked: unknown buffer: 0x7f45d1c2ade0
12-09 08:02:48.194 D/gralloc_ranchu( 1218): gralloc_alloc: Creating ashmem region of size 3686400
12-09 08:02:48.327 D/        (12287): HostConnection::get() New Host Connection established 0x7f45d3586500, tid 12287
12-09 08:02:48.739 D/gralloc_ranchu( 1218): gralloc_alloc: Creating ashmem region of size 3686400
12-09 08:02:48.745 I/ActivityManager( 1592): Displayed com.evancharlton.mileage/.Mileage: +1s132ms
12-09 08:02:49.508 D/gralloc_ranchu( 1218): gralloc_alloc: Creating ashmem region of size 3686400
12-09 08:02:49.826 I/System.out(12287): URI: //map
12-09 08:02:49.835 I/System.out(12287): params: {json={"query":"android.widget.CheckBox index:0","operation":{"method_name":"query","arguments":[]}}
12-09 08:02:49.836 I/System.out(12287): }
12-09 08:02:50.565 I/System.out(12287): URI: //gesture
12-09 08:02:50.565 I/System.out(12287): params: {json={"query_timeout":5.0,"gestures":[{"query_string":"android.widget.CheckBox index:0","touches":[{"x":50,"y":50,"offset_x":0,"offset_y":0,"wait":0.0,"time":0.2,"release":true,"query_string":null}]}]}
12-09 08:02:50.565 I/System.out(12287): }
12-09 08:02:50.597 I/art     (12287): Background partial concurrent mark sweep GC freed 34106(1629KB) AllocSpace objects, 1(20KB) LOS objects, 39% free, 2MB/4MB, paused 5.438ms total 455.609ms
12-09 08:02:51.117 W/audio_hw_generic( 1309): Not supplying enough data to HAL, expected position 16710376 , only wrote 16710080
12-09 08:02:51.117 W/audio_hw_generic( 1309): Not supplying enough data to HAL, expected position 16710087 , only wrote 16710080
12-09 08:02:51.117 W/audio_hw_generic( 1309): Hardware backing HAL too slow, could only write 0 of 661 frames
12-09 08:02:51.117 W/audio_hw_generic( 1309): Hardware backing HAL too slow, could only write 0 of 661 frames
12-09 08:02:51.133 W/audio_hw_generic( 1309): Hardware backing HAL too slow, could only write 0 of 661 frames
12-09 08:02:51.189 W/audio_hw_generic( 1309): Hardware backing HAL too slow, could only write 0 of 661 frames
12-09 08:02:51.189 W/audio_hw_generic( 1309): Hardware backing HAL too slow, could only write 0 of 661 frames
12-09 08:02:51.204 W/audio_hw_generic( 1309): Hardware backing HAL too slow, could only write 0 of 661 frames
12-09 08:02:51.229 W/audio_hw_generic( 1309): Hardware backing HAL too slow, could only write 0 of 661 frames
12-09 08:02:51.236 W/audio_hw_generic( 1309): Hardware backing HAL too slow, could only write 0 of 661 frames
12-09 08:02:51.493 W/audio_hw_generic( 1309): Not supplying enough data to HAL, expected position 16726636 , only wrote 16726605
12-09 08:02:51.493 W/audio_hw_generic( 1309): Not supplying enough data to HAL, expected position 16726612 , only wrote 16726605
12-09 08:02:51.513 W/audio_hw_generic( 1309): Not supplying enough data to HAL, expected position 16727486 , only wrote 16727266
12-09 08:02:51.519 E/SurfaceFlinger( 1218): ro.sf.lcd_density must be defined as a build property
12-09 08:02:51.546 D/gralloc_ranchu( 1218): gralloc_alloc: Creating ashmem region of size 3686400
12-09 08:02:51.594 W/audio_hw_generic( 1309): Not supplying enough data to HAL, expected position 16730829 , only wrote 16730571
12-09 08:02:51.594 W/audio_hw_generic( 1309): Not supplying enough data to HAL, expected position 16730578 , only wrote 16730571
12-09 08:02:51.611 W/audio_hw_generic( 1309): Not supplying enough data to HAL, expected position 16731326 , only wrote 16731232
12-09 08:02:51.632 D/        (12314): HostConnection::get() New Host Connection established 0x7f50875d2480, tid 12314
12-09 08:02:51.661 E/EGL_emulation( 1218): tid 1218: eglCreateSyncKHR(1881): error 0x3004 (EGL_BAD_ATTRIBUTE)
12-09 08:02:51.765 W/audio_hw_generic( 1309): Not supplying enough data to HAL, expected position 16738041 , only wrote 16737842
12-09 08:02:52.200 W/audio_hw_generic( 1309): Hardware backing HAL too slow, could only write 0 of 661 frames
12-09 08:02:52.215 W/audio_hw_generic( 1309): Hardware backing HAL too slow, could only write 0 of 661 frames
12-09 08:02:52.243 W/audio_hw_generic( 1309): Hardware backing HAL too slow, could only write 0 of 661 frames
12-09 08:02:52.249 W/audio_hw_generic( 1309): Hardware backing HAL too slow, could only write 0 of 661 frames
12-09 08:02:52.277 W/audio_hw_generic( 1309): Hardware backing HAL too slow, could only write 0 of 661 frames
12-09 08:02:52.290 W/audio_hw_generic( 1309): Hardware backing HAL too slow, could only write 0 of 661 frames
12-09 08:02:52.455 W/audio_hw_generic( 1309): Hardware backing HAL too slow, could only write 0 of 661 frames
12-09 08:02:52.485 W/audio_hw_generic( 1309): Hardware backing HAL too slow, could only write 0 of 661 frames
12-09 08:02:52.493 I/System.out(12287): URI: //map
12-09 08:02:52.506 I/System.out(12287): params: {json={"query":"android.widget.CheckBox index:0","operation":{"method_name":"query","arguments":[]}}
12-09 08:02:52.506 I/System.out(12287): }
12-09 08:02:52.706 I/art     (12287): Background sticky concurrent mark sweep GC freed 64423(2MB) AllocSpace objects, 4(80KB) LOS objects, 26% free, 3MB/4MB, paused 5.617ms total 204.954ms
12-09 08:02:52.765 I/System.out(12287): URI: //gesture
12-09 08:02:52.765 I/System.out(12287): params: {json={"query_timeout":5.0,"gestures":[{"query_string":"android.widget.CheckBox index:0","touches":[{"x":50,"y":50,"offset_x":0,"offset_y":0,"wait":0.0,"time":0.2,"release":true,"query_string":null}]}]}
12-09 08:02:52.765 I/System.out(12287): }
12-09 08:02:53.037 W/audio_hw_generic( 1309): Not supplying enough data to HAL, expected position 16793921 , only wrote 16788078
12-09 08:02:53.041 W/audio_hw_generic( 1309): Not supplying enough data to HAL, expected position 16788248 , only wrote 16788078
12-09 08:02:53.058 W/audio_hw_generic( 1309): Not supplying enough data to HAL, expected position 16788816 , only wrote 16788739
12-09 08:02:53.146 W/audio_hw_generic( 1309): Not supplying enough data to HAL, expected position 16792626 , only wrote 16792044
12-09 08:02:53.213 D/AudioFlinger( 1309): mixer(0xf4300000) throttle end: throttle time(21)
12-09 08:02:53.218 W/audio_hw_generic( 1309): Hardware backing HAL too slow, could only write 0 of 661 frames
12-09 08:02:53.238 W/audio_hw_generic( 1309): Hardware backing HAL too slow, could only write 0 of 661 frames
12-09 08:02:53.262 D/AudioFlinger( 1309): mixer(0xf4300000) throttle end: throttle time(5)
12-09 08:02:53.297 W/audio_hw_generic( 1309): Not supplying enough data to HAL, expected position 16798725 , only wrote 16798654
12-09 08:02:53.297 W/audio_hw_generic( 1309): Not supplying enough data to HAL, expected position 16798661 , only wrote 16798654
12-09 08:02:53.313 W/audio_hw_generic( 1309): Not supplying enough data to HAL, expected position 16799333 , only wrote 16799315
12-09 08:02:53.574 E/SurfaceFlinger( 1218): ro.sf.lcd_density must be defined as a build property
12-09 08:02:53.575 D/gralloc_ranchu( 1218): gralloc_alloc: Creating ashmem region of size 3686400
12-09 08:02:53.616 D/        (12320): HostConnection::get() New Host Connection established 0x7f943c552480, tid 12320
12-09 08:02:53.651 W/audio_hw_generic( 1309): Hardware backing HAL too slow, could only write 0 of 661 frames
12-09 08:02:53.665 E/EGL_emulation( 1218): tid 1218: eglCreateSyncKHR(1881): error 0x3004 (EGL_BAD_ATTRIBUTE)
12-09 08:02:53.750 W/audio_hw_generic( 1309): Not supplying enough data to HAL, expected position 16818603 , only wrote 16818484
12-09 08:02:53.750 W/audio_hw_generic( 1309): Not supplying enough data to HAL, expected position 16818491 , only wrote 16818484
12-09 08:02:53.769 W/audio_hw_generic( 1309): Not supplying enough data to HAL, expected position 16819295 , only wrote 16819145
12-09 08:02:53.769 W/audio_hw_generic( 1309): Hardware backing HAL too slow, could only write 0 of 661 frames
12-09 08:02:53.801 W/audio_hw_generic( 1309): Hardware backing HAL too slow, could only write 0 of 661 frames
12-09 08:02:53.823 W/audio_hw_generic( 1309): Hardware backing HAL too slow, could only write 0 of 661 frames
