--------- beginning of system
12-09 07:35:41.643 W/ActivityManager( 1591): Finishing task with all activities already finished
12-09 07:35:41.643 W/ActivityManager( 1591): Duplicate finish request for ActivityRecord{31e386f u0 com.evancharlton.mileage/.Mileage t325 f}
12-09 07:35:41.645 W/ActivityManager( 1591): Finishing task with all activities already finished
12-09 07:35:41.645 W/ActivityManager( 1591): Duplicate finish request for ActivityRecord{31e386f u0 com.evancharlton.mileage/.Mileage t325 f}
--------- beginning of main
12-09 07:35:41.671 I/art     ( 1591): Background partial concurrent mark sweep GC freed 5315(435KB) AllocSpace objects, 3(60KB) LOS objects, 30% free, 9MB/13MB, paused 1.995ms total 113.837ms
12-09 07:35:41.718 D/EGL_emulation( 1958): eglMakeCurrent: 0x7fe594cb4dc0: ver 2 0 (tinfo 0x7fe594c82fa0)
12-09 07:35:41.739 W/audio_hw_generic( 1308): Not supplying enough data to HAL, expected position 296135 , only wrote 296128
12-09 07:35:41.739 W/audio_hw_generic( 1308): Not supplying enough data to HAL, expected position 296135 , only wrote 296128
12-09 07:35:41.919 W/audio_hw_generic( 1308): Not supplying enough data to HAL, expected position 304065 , only wrote 303399
12-09 07:35:41.967 W/audio_hw_generic( 1308): Hardware backing HAL too slow, could only write 0 of 661 frames
12-09 07:35:41.982 W/audio_hw_generic( 1308): Hardware backing HAL too slow, could only write 0 of 661 frames
12-09 07:35:42.032 W/art     ( 1591): Long monitor contention event with owner method=void com.android.server.wm.WindowAnimator$1.doFrame(long) from WindowAnimator.java:121 waiters=1 for 202ms
12-09 07:35:42.122 W/art     ( 1591): Long monitor contention event with owner method=void com.android.server.wm.WindowAnimator$1.doFrame(long) from WindowAnimator.java:121 waiters=1 for 187ms
12-09 07:35:42.338 W/audio_hw_generic( 1308): Not supplying enough data to HAL, expected position 321909 , only wrote 321907
12-09 07:35:42.522 D/AndroidRuntime( 3603): >>>>>> START com.android.internal.os.RuntimeInit uid 0 <<<<<<
12-09 07:35:42.524 D/AndroidRuntime( 3603): CheckJNI is ON
12-09 07:35:42.572 D/ICU     ( 3603): No timezone override file found: /data/misc/zoneinfo/current/icu/icu_tzdata.dat
12-09 07:35:42.704 W/OpenGLRenderer( 1958): Incorrectly called buildLayer on View: ShortcutAndWidgetContainer, destroying layer...
12-09 07:35:42.714 W/audio_hw_generic( 1308): Not supplying enough data to HAL, expected position 338478 , only wrote 338432
12-09 07:35:42.725 E/memtrack( 3603): Couldn't load memtrack module (No such file or directory)
12-09 07:35:42.725 E/android.os.Debug( 3603): failed to load memtrack module: -2
12-09 07:35:42.738 I/Radio-JNI( 3603): register_android_hardware_Radio DONE
12-09 07:35:42.752 D/AndroidRuntime( 3603): Calling main entry com.android.commands.am.Am
12-09 07:35:42.801 W/audio_hw_generic( 1308): Not supplying enough data to HAL, expected position 342254 , only wrote 341737
12-09 07:35:42.801 W/audio_hw_generic( 1308): Not supplying enough data to HAL, expected position 341743 , only wrote 341737
12-09 07:35:42.827 W/audio_hw_generic( 1308): Not supplying enough data to HAL, expected position 342868 , only wrote 342398
12-09 07:35:42.827 W/audio_hw_generic( 1308): Hardware backing HAL too slow, could only write 0 of 661 frames
12-09 07:35:42.846 W/audio_hw_generic( 1308): Hardware backing HAL too slow, could only write 0 of 661 frames
12-09 07:35:42.866 W/audio_hw_generic( 1308): Hardware backing HAL too slow, could only write 0 of 661 frames
12-09 07:35:42.868 I/ActivityManager( 1591): Force stopping com.evancharlton.mileage appid=10115 user=0: start instr
12-09 07:35:42.868 I/ActivityManager( 1591): Killing 3558:com.evancharlton.mileage/u0a115 (adj 0): stop com.evancharlton.mileage
12-09 07:35:42.887 W/audio_hw_generic( 1308): Not supplying enough data to HAL, expected position 347336 , only wrote 345042
12-09 07:35:42.953 I/WindowState( 1591): WIN DEATH: Window{bdf17b9 u0 com.evancharlton.mileage/com.evancharlton.mileage.Mileage EXITING}
12-09 07:35:43.011 W/ActivityManager( 1591): Crash of app com.evancharlton.mileage running instrumentation ComponentInfo{com.evancharlton.mileage.test/sh.calaba.instrumentationbackend.CalabashInstrumentationTestRunner}
12-09 07:35:43.011 I/ActivityManager( 1591): Force stopping com.evancharlton.mileage appid=10115 user=0: finished inst
12-09 07:35:43.034 I/ActivityManager( 1591): Start proc 3612:com.evancharlton.mileage/u0a115 for added application com.evancharlton.mileage
12-09 07:35:43.047 D/AndroidRuntime( 3603): Shutting down VM
12-09 07:35:43.090 W/ActivityManager( 1591): Spurious death for ProcessRecord{e0a244 0:com.evancharlton.mileage/u0a115}, curProc for 3558: null
12-09 07:35:43.091 W/WindowAnimator( 1591): Failed to dispatch window animation state change.
12-09 07:35:43.091 W/WindowAnimator( 1591): android.os.DeadObjectException
12-09 07:35:43.091 W/WindowAnimator( 1591): 	at android.os.BinderProxy.transactNative(Native Method)
12-09 07:35:43.091 W/WindowAnimator( 1591): 	at android.os.BinderProxy.transact(Binder.java:503)
12-09 07:35:43.091 W/WindowAnimator( 1591): 	at android.view.IWindow$Stub$Proxy.onAnimationStopped(IWindow.java:534)
12-09 07:35:43.091 W/WindowAnimator( 1591): 	at com.android.server.wm.WindowAnimator.updateWindowsLocked(WindowAnimator.java:286)
12-09 07:35:43.091 W/WindowAnimator( 1591): 	at com.android.server.wm.WindowAnimator.animateLocked(WindowAnimator.java:678)
12-09 07:35:43.091 W/WindowAnimator( 1591): 	at com.android.server.wm.WindowAnimator.-wrap0(WindowAnimator.java)
12-09 07:35:43.091 W/WindowAnimator( 1591): 	at com.android.server.wm.WindowAnimator$1.doFrame(WindowAnimator.java:123)
12-09 07:35:43.091 W/WindowAnimator( 1591): 	at android.view.Choreographer$CallbackRecord.run(Choreographer.java:856)
12-09 07:35:43.091 W/WindowAnimator( 1591): 	at android.view.Choreographer.doCallbacks(Choreographer.java:670)
12-09 07:35:43.091 W/WindowAnimator( 1591): 	at android.view.Choreographer.doFrame(Choreographer.java:603)
12-09 07:35:43.091 W/WindowAnimator( 1591): 	at android.view.Choreographer$FrameDisplayEventReceiver.run(Choreographer.java:844)
12-09 07:35:43.091 W/WindowAnimator( 1591): 	at android.os.Handler.handleCallback(Handler.java:739)
12-09 07:35:43.091 W/WindowAnimator( 1591): 	at android.os.Handler.dispatchMessage(Handler.java:95)
12-09 07:35:43.091 W/WindowAnimator( 1591): 	at android.os.Looper.loop(Looper.java:148)
12-09 07:35:43.091 W/WindowAnimator( 1591): 	at android.os.HandlerThread.run(HandlerThread.java:61)
12-09 07:35:43.091 W/WindowAnimator( 1591): 	at com.android.server.ServiceThread.run(ServiceThread.java:46)
12-09 07:35:43.140 I/art     ( 1683): Background partial concurrent mark sweep GC freed 5979(287KB) AllocSpace objects, 0(0B) LOS objects, 39% free, 4MB/7MB, paused 9.581ms total 42.313ms
12-09 07:35:43.143 W/System  ( 3612): ClassLoader referenced unknown path: /data/app/com.evancharlton.mileage.test-1/lib/x86_64
12-09 07:35:43.143 W/System  ( 3612): ClassLoader referenced unknown path: /data/app/com.evancharlton.mileage-1/lib/x86_64
12-09 07:35:43.170 I/System.out( 3612): Main activity name automatically set to: com.evancharlton.mileage.Mileage
12-09 07:35:43.171 I/System.out( 3612): Calabash did not load Mono. This is only a problem if you are trying to test a Mono application
12-09 07:35:43.171 I/calabash( 3612): Test server port: 7102
12-09 07:35:43.172 I/InstrumentationBackend( 3612): Added:'GetPreferences', with key:'get_preferences'
12-09 07:35:43.247 I/InstrumentationBackend( 3612): Added:'SetPreferences', with key:'set_preferences'
12-09 07:35:43.247 I/InstrumentationBackend( 3612): Added:'ClearPreferences', with key:'clear_preferences'
12-09 07:35:43.247 I/InstrumentationBackend( 3612): Added:'PressElement', with key:'press_l10n_element'
12-09 07:35:43.248 I/InstrumentationBackend( 3612): Added:'WaitForElement', with key:'wait_for_l10n_element'
12-09 07:35:43.248 I/InstrumentationBackend( 3612): Added:'NullAction', with key:'nullAction'
12-09 07:35:43.248 I/InstrumentationBackend( 3612): Added:'PressKey', with key:'press_key'
12-09 07:35:43.248 I/InstrumentationBackend( 3612): Added:'SetActivityOrientation', with key:'set_activity_orientation'
12-09 07:35:43.249 I/InstrumentationBackend( 3612): Added:'GetActivityOrientation', with key:'get_activity_orientation'
12-09 07:35:43.249 I/InstrumentationBackend( 3612): Added:'FakeGPSLocation', with key:'set_gps_coordinates'
12-09 07:35:43.249 I/InstrumentationBackend( 3612): Added:'SetPropertyByCssSelector', with key:'set_property_by_css_selector'
12-09 07:35:43.249 I/InstrumentationBackend( 3612): Added:'GetUrl', with key:'get_url'
12-09 07:35:43.274 I/InstrumentationBackend( 3612): Added:'ScrollTo', with key:'scroll_to'
12-09 07:35:43.274 I/InstrumentationBackend( 3612): Added:'GetLoadProgress', with key:'get_load_progress'
12-09 07:35:43.274 I/InstrumentationBackend( 3612): Added:'DumpHtml', with key:'dump_html'
12-09 07:35:43.275 I/InstrumentationBackend( 3612): Added:'DumpBodyHtml', with key:'dump_body_html'
12-09 07:35:43.275 I/InstrumentationBackend( 3612): Added:'EnterTextByCssSelector', with key:'enter_text_by_selector'
12-09 07:35:43.276 I/InstrumentationBackend( 3612): Added:'AndroidSDKVersion', with key:'android_sdk_version'
12-09 07:35:43.276 I/InstrumentationBackend( 3612): Added:'Version', with key:'version'
12-09 07:35:43.276 I/InstrumentationBackend( 3612): Added:'Drag', with key:'drag'
12-09 07:35:43.276 I/InstrumentationBackend( 3612): Added:'TouchCoordinates', with key:'touch_coordinate'
12-09 07:35:43.276 I/InstrumentationBackend( 3612): Added:'LongPressCoordinate', with key:'long_press_coordinate'
12-09 07:35:43.276 I/InstrumentationBackend( 3612): Added:'DragCoordinates', with key:'drag_coordinates'
12-09 07:35:43.277 I/InstrumentationBackend( 3612): Added:'ResumeApplication', with key:'resume_application'
12-09 07:35:43.277 I/InstrumentationBackend( 3612): Added:'Swipe', with key:'swipe'
12-09 07:35:43.277 I/InstrumentationBackend( 3612): Added:'DoubleTapCoordinate', with key:'double_tap_coordinate'
12-09 07:35:43.277 I/InstrumentationBackend( 3612): Added:'ClickOnScreen', with key:'click_on_screen'
12-09 07:35:43.277 I/InstrumentationBackend( 3612): Added:'GetActivityName', with key:'get_activity_name'
12-09 07:35:43.277 I/InstrumentationBackend( 3612): Added:'ScrollToView', with key:'scroll_to_view'
12-09 07:35:43.290 I/InstrumentationBackend( 3612): Added:'ViewConfiguration', with key:'view_configuration'
12-09 07:35:43.290 I/InstrumentationBackend( 3612): Added:'IsCurrentActivityFocused', with key:'is_current_activity_focused'
12-09 07:35:43.290 I/InstrumentationBackend( 3612): Added:'SendTcp', with key:'send_tcp'
12-09 07:35:43.290 I/InstrumentationBackend( 3612): Added:'DpToDevicePixel', with key:'dp_to_device_pixel'
12-09 07:35:43.291 I/InstrumentationBackend( 3612): Added:'KeyboardEnterText', with key:'keyboard_enter_text'
12-09 07:35:43.291 I/InstrumentationBackend( 3612): Added:'DeleteSurroundingText', with key:'delete_surrounding_text'
12-09 07:35:43.291 I/InstrumentationBackend( 3612): Added:'SetComposingRegion', with key:'set_composing_region'
12-09 07:35:43.291 I/InstrumentationBackend( 3612): Added:'SetSelection', with key:'set_selection'
12-09 07:35:43.292 I/InstrumentationBackend( 3612): Added:'KeyboardKeyEvent', with key:'keyboard_key_event'
12-09 07:35:43.292 I/InstrumentationBackend( 3612): Added:'PressUserActionButton', with key:'press_user_action_button'
12-09 07:35:43.292 I/InstrumentationBackend( 3612): Added:'HideSoftKeyboard', with key:'hide_soft_keyboard'
12-09 07:35:43.293 I/InstrumentationBackend( 3612): Added:'ListActions', with key:'list_actions'
12-09 07:35:43.293 I/calabash( 3612): Instantiating http server at 7102
12-09 07:35:43.295 I/System.out( 3612): HTTP Daemon listening on: 7102
12-09 07:35:43.549 I/System.out( 3612): URI: //ping
12-09 07:35:43.549 I/System.out( 3612): params: {json={}
12-09 07:35:43.549 I/System.out( 3612): }
12-09 07:35:43.692 I/System.out( 3612): URI: //ping
12-09 07:35:43.692 I/System.out( 3612): params: {json={}
12-09 07:35:43.692 I/System.out( 3612): }
12-09 07:35:43.815 I/System.out( 3612): URI: //ready
12-09 07:35:43.815 I/System.out( 3612): params: {json={}
12-09 07:35:43.815 I/System.out( 3612): }
12-09 07:35:43.862 I/System.out( 3612): URI: //
12-09 07:35:43.862 I/System.out( 3612): params: {json={"command":"version","arguments":[]}
12-09 07:35:43.862 I/System.out( 3612): }
12-09 07:35:43.863 I/System.out( 3612): header: {date=Sun, 09 Dec 2018 07:35:44 GMT, accept=*/*, content-length=36, host=127.0.0.1:34777, user-agent=HTTPClient/1.0 (2.8.3, ruby 2.3.1 (2016-04-26)), content-type=application/json;charset=utf-8}
12-09 07:35:43.863 I/System.out( 3612): params: {json={"command":"version","arguments":[]}
12-09 07:35:43.863 I/System.out( 3612): }
12-09 07:35:43.863 I/System.out( 3612): ProP json = {"command":"version","arguments":[]}
12-09 07:35:43.863 I/System.out( 3612): files: {}
12-09 07:35:43.863 I/System.out( 3612): command: {"command":"version","arguments":[]}
12-09 07:35:43.876 I/InstrumentationBackend( 3612): Got command:'Command:'Line:null,version', arguments:'[]'
12-09 07:35:43.982 W/art     ( 3612): Suspending all threads took: 8.046ms
12-09 07:35:44.103 I/art     ( 3612): Background sticky concurrent mark sweep GC freed 22023(1352KB) AllocSpace objects, 12(240KB) LOS objects, 61% free, 1475KB/3MB, paused 20.400ms total 194.756ms
12-09 07:35:44.107 I/System.out( 3612): result:{"bonusInformation":[],"message":"0.9.8","success":true}
12-09 07:35:44.179 I/System.out( 3612): URI: //start-application
12-09 07:35:44.179 I/System.out( 3612): params: {json={"intent":null}
12-09 07:35:44.179 I/System.out( 3612): }
12-09 07:35:44.254 I/ActivityManager( 1591): START u0 {act=android.intent.action.MAIN cat=[android.intent.category.LAUNCHER] flg=0x10200000 cmp=com.evancharlton.mileage/.Mileage} from uid 10115 on display 0
12-09 07:35:44.375 I/calabash( 3612): newActivity1
12-09 07:35:44.431 I/calabash( 3612): newActivity1
12-09 07:35:44.433 W/ActivityManager( 1591): Bad activity token: android.os.BinderProxy@bc09a4f
12-09 07:35:44.433 W/ActivityManager( 1591): java.lang.ClassCastException: android.os.BinderProxy cannot be cast to com.android.server.am.ActivityRecord$Token
12-09 07:35:44.433 W/ActivityManager( 1591): 	at com.android.server.am.ActivityRecord.forTokenLocked(ActivityRecord.java:424)
12-09 07:35:44.433 W/ActivityManager( 1591): 	at com.android.server.am.ActivityRecord.isInStackLocked(ActivityRecord.java:1121)
12-09 07:35:44.433 W/ActivityManager( 1591): 	at com.android.server.am.ActivityRecord.getStackLocked(ActivityRecord.java:1126)
12-09 07:35:44.433 W/ActivityManager( 1591): 	at com.android.server.am.ActivityManagerService.getActivityDisplayId(ActivityManagerService.java:8889)
12-09 07:35:44.433 W/ActivityManager( 1591): 	at android.app.ActivityManagerNative.onTransact(ActivityManagerNative.java:2338)
12-09 07:35:44.433 W/ActivityManager( 1591): 	at com.android.server.am.ActivityManagerService.onTransact(ActivityManagerService.java:2443)
12-09 07:35:44.433 W/ActivityManager( 1591): 	at android.os.Binder.execTransact(Binder.java:453)
12-09 07:35:44.491 W/ActivityManager( 1591): Bad activity token: android.os.BinderProxy@bc09a4f
12-09 07:35:44.491 W/ActivityManager( 1591): java.lang.ClassCastException: android.os.BinderProxy cannot be cast to com.android.server.am.ActivityRecord$Token
12-09 07:35:44.491 W/ActivityManager( 1591): 	at com.android.server.am.ActivityRecord.forTokenLocked(ActivityRecord.java:424)
12-09 07:35:44.491 W/ActivityManager( 1591): 	at com.android.server.am.ActivityRecord.isInStackLocked(ActivityRecord.java:1121)
12-09 07:35:44.491 W/ActivityManager( 1591): 	at com.android.server.am.ActivityManagerService.setTaskDescription(ActivityManagerService.java:8547)
12-09 07:35:44.491 W/ActivityManager( 1591): 	at android.app.ActivityManagerNative.onTransact(ActivityManagerNative.java:2410)
12-09 07:35:44.491 W/ActivityManager( 1591): 	at com.android.server.am.ActivityManagerService.onTransact(ActivityManagerService.java:2443)
12-09 07:35:44.491 W/ActivityManager( 1591): 	at android.os.Binder.execTransact(Binder.java:453)
12-09 07:35:44.516 D/gralloc_ranchu( 1219): gralloc_alloc: Creating ashmem region of size 3686400
12-09 07:35:44.602 W/ActivityManager( 1591): Bad activity token: android.os.BinderProxy@bc09a4f
12-09 07:35:44.602 W/ActivityManager( 1591): java.lang.ClassCastException: android.os.BinderProxy cannot be cast to com.android.server.am.ActivityRecord$Token
12-09 07:35:44.602 W/ActivityManager( 1591): 	at com.android.server.am.ActivityRecord.forTokenLocked(ActivityRecord.java:424)
12-09 07:35:44.602 W/ActivityManager( 1591): 	at com.android.server.am.ActivityRecord.isInStackLocked(ActivityRecord.java:1121)
12-09 07:35:44.602 W/ActivityManager( 1591): 	at com.android.server.am.ActivityManagerService.getActivityOptions(ActivityManagerService.java:11038)
12-09 07:35:44.602 W/ActivityManager( 1591): 	at android.app.ActivityManagerNative.onTransact(ActivityManagerNative.java:1734)
12-09 07:35:44.602 W/ActivityManager( 1591): 	at com.android.server.am.ActivityManagerService.onTransact(ActivityManagerService.java:2443)
12-09 07:35:44.602 W/ActivityManager( 1591): 	at android.os.Binder.execTransact(Binder.java:453)
12-09 07:35:44.670 W/ActivityManager( 1591): Bad activity token: android.os.BinderProxy@bc09a4f
12-09 07:35:44.670 W/ActivityManager( 1591): java.lang.ClassCastException: android.os.BinderProxy cannot be cast to com.android.server.am.ActivityRecord$Token
12-09 07:35:44.670 W/ActivityManager( 1591): 	at com.android.server.am.ActivityRecord.forTokenLocked(ActivityRecord.java:424)
12-09 07:35:44.670 W/ActivityManager( 1591): 	at com.android.server.am.ActivityRecord.isInStackLocked(ActivityRecord.java:1121)
12-09 07:35:44.670 W/ActivityManager( 1591): 	at com.android.server.am.ActivityManagerService.getActivityOptions(ActivityManagerService.java:11038)
12-09 07:35:44.670 W/ActivityManager( 1591): 	at android.app.ActivityManagerNative.onTransact(ActivityManagerNative.java:1734)
12-09 07:35:44.670 W/ActivityManager( 1591): 	at com.android.server.am.ActivityManagerService.onTransact(ActivityManagerService.java:2443)
12-09 07:35:44.670 W/ActivityManager( 1591): 	at android.os.Binder.execTransact(Binder.java:453)
12-09 07:35:44.683 V/PhoneStatusBar( 1683): setLightsOn(true)
12-09 07:35:44.736 D/EGL_emulation( 1958): eglMakeCurrent: 0x7fe594cb4dc0: ver 2 0 (tinfo 0x7fe594c82fa0)
12-09 07:35:44.778 E/Surface ( 1958): getSlotFromBufferLocked: unknown buffer: 0x7fe591258220
12-09 07:35:44.971 W/art     ( 1591): Long monitor contention event with owner method=void com.android.server.wm.WindowAnimator$1.doFrame(long) from WindowAnimator.java:121 waiters=0 for 287ms
12-09 07:35:45.539 W/art     ( 1591): Long monitor contention event with owner method=int com.android.server.wm.WindowManagerService.relayoutWindow(com.android.server.wm.Session, android.view.IWindow, int, android.view.WindowManager$LayoutParams, int, int, int, int, android.graphics.Rect, android.graphics.Rect, android.graphics.Rect, android.graphics.Rect, android.graphics.Rect, android.graphics.Rect, android.content.res.Configuration, android.view.Surface) from WindowManagerService.java:3103 waiters=0 for 236ms
12-09 07:35:45.549 W/art     ( 1591): Long monitor contention event with owner method=int com.android.server.wm.WindowManagerService.relayoutWindow(com.android.server.wm.Session, android.view.IWindow, int, android.view.WindowManager$LayoutParams, int, int, int, int, android.graphics.Rect, android.graphics.Rect, android.graphics.Rect, android.graphics.Rect, android.graphics.Rect, android.graphics.Rect, android.content.res.Configuration, android.view.Surface) from WindowManagerService.java:3103 waiters=1 for 182ms
12-09 07:35:45.554 D/gralloc_ranchu( 1219): gralloc_alloc: Creating ashmem region of size 3686400
12-09 07:35:45.639 D/        ( 3612): HostConnection::get() New Host Connection established 0x7fe592c05d80, tid 3612
12-09 07:35:45.819 I/ActivityManager( 1591): Displayed com.evancharlton.mileage/.Mileage: +1s513ms
12-09 07:35:45.867 D/gralloc_ranchu( 1219): gralloc_alloc: Creating ashmem region of size 3686400
12-09 07:35:46.503 D/gralloc_ranchu( 1219): gralloc_alloc: Creating ashmem region of size 3686400
12-09 07:35:47.210 I/System.out( 3612): URI: //map
12-09 07:35:47.211 I/System.out( 3612): params: {json={"query":"android.widget.EditText id:'price'","operation":{"method_name":"query","arguments":[]}}
12-09 07:35:47.211 I/System.out( 3612): }
12-09 07:35:47.274 W/art     ( 3612): Suspending all threads took: 6.491ms
12-09 07:35:47.282 W/ResourceType( 3612): No package identifier when getting name for resource number 0x00000001
12-09 07:35:47.319 I/art     ( 3612): Background sticky concurrent mark sweep GC freed 25451(1153KB) AllocSpace objects, 2(40KB) LOS objects, 28% free, 2MB/3MB, paused 11.490ms total 92.108ms
12-09 07:35:47.720 I/art     ( 3612): Background partial concurrent mark sweep GC freed 32997(1602KB) AllocSpace objects, 2(40KB) LOS objects, 39% free, 2MB/3MB, paused 975us total 380.996ms
12-09 07:35:47.721 I/System.out( 3612): URI: //gesture
12-09 07:35:47.721 I/System.out( 3612): params: {json={"query_timeout":5.0,"gestures":[{"query_string":"android.widget.EditText id:'price'","touches":[{"x":50,"y":50,"offset_x":0,"offset_y":0,"wait":0.0,"time":0.2,"release":true,"query_string":null}]}]}
12-09 07:35:47.721 I/System.out( 3612): }
12-09 07:35:47.728 W/ResourceType( 3612): No package identifier when getting name for resource number 0x00000001
12-09 07:35:48.361 W/RichInputMethodSubtype( 1870): Can't find emoji subtype
12-09 07:35:48.361 W/RichInputMethodSubtype( 1870): No input method subtype found; returning dummy subtype: Multi-lingual subtype: android.view.inputmethod.InputMethodSubtype@d78b2ed0, zz
12-09 07:35:48.588 W/art     ( 1870): Suspending all threads took: 85.439ms
12-09 07:35:48.647 I/art     ( 1870): Background sticky concurrent mark sweep GC freed 15197(2MB) AllocSpace objects, 8(268KB) LOS objects, 1% free, 2007KB/2038KB, paused 86.517ms total 264.966ms
12-09 07:35:48.706 W/art     ( 1870): Suspending all threads took: 18.708ms
12-09 07:35:48.715 I/art     ( 1870): Background sticky concurrent mark sweep GC freed 236(69KB) AllocSpace objects, 0(0B) LOS objects, 0% free, 2MB/2MB, paused 19.780ms total 61.315ms
12-09 07:35:48.756 I/System.out( 3612): URI: //
12-09 07:35:48.756 I/System.out( 3612): params: {json={"command":"set_selection","arguments":[-1,-1]}
12-09 07:35:48.756 I/System.out( 3612): }
12-09 07:35:48.756 I/System.out( 3612): header: {date=Sun, 09 Dec 2018 07:35:49 GMT, accept=*/*, content-length=47, host=127.0.0.1:34777, user-agent=HTTPClient/1.0 (2.8.3, ruby 2.3.1 (2016-04-26)), content-type=application/json;charset=utf-8}
12-09 07:35:48.756 I/System.out( 3612): params: {json={"command":"set_selection","arguments":[-1,-1]}
12-09 07:35:48.756 I/System.out( 3612): }
12-09 07:35:48.756 I/System.out( 3612): ProP json = {"command":"set_selection","arguments":[-1,-1]}
12-09 07:35:48.756 I/System.out( 3612): files: {}
12-09 07:35:48.756 I/System.out( 3612): command: {"command":"set_selection","arguments":[-1,-1]}
12-09 07:35:48.757 I/InstrumentationBackend( 3612): Got command:'Command:'Line:null,set_selection', arguments:'[-1, -1]'
12-09 07:35:48.791 I/System.out( 3612): result:{"bonusInformation":[],"message":"","success":true}
12-09 07:35:48.921 I/art     ( 1870): Background partial concurrent mark sweep GC freed 1707(130KB) AllocSpace objects, 0(0B) LOS objects, 40% free, 2MB/3MB, paused 1.324ms total 171.442ms
12-09 07:35:48.928 W/ViewPager( 1870): Requested offscreen page limit 0 too small; defaulting to 1
12-09 07:35:48.999 I/LatinIME( 1870): Starting input. Cursor position = 0,0
12-09 07:35:49.005 W/AudioTrack( 1591): AUDIO_OUTPUT_FLAG_FAST denied by client; transfer 4, track 48000 Hz, output 44100 Hz
12-09 07:35:49.035 W/audio_hw_generic( 1308): Hardware backing HAL too slow, could only write 0 of 661 frames
12-09 07:35:49.035 W/audio_hw_generic( 1308): Hardware backing HAL too slow, could only write 0 of 661 frames
12-09 07:35:49.050 W/audio_hw_generic( 1308): Hardware backing HAL too slow, could only write 0 of 661 frames
12-09 07:35:49.073 E/SurfaceFlinger( 1219): ro.sf.lcd_density must be defined as a build property
12-09 07:35:49.074 D/OpenGLRenderer( 1870): Use EGL_SWAP_BEHAVIOR_PRESERVED: true
12-09 07:35:49.079 D/        ( 1870): HostConnection::get() New Host Connection established 0x7fe592bd21a0, tid 1870
12-09 07:35:49.091 W/audio_hw_generic( 1308): Hardware backing HAL too slow, could only write 0 of 661 frames
12-09 07:35:49.158 I/System.out( 3612): URI: //
12-09 07:35:49.158 I/System.out( 3612): params: {json={"command":"keyboard_enter_text","arguments":["-321ßå∂˚¡–ºß123"]}
12-09 07:35:49.158 I/System.out( 3612): }
12-09 07:35:49.158 I/System.out( 3612): header: {date=Sun, 09 Dec 2018 07:35:49 GMT, accept=*/*, content-length=75, host=127.0.0.1:34777, user-agent=HTTPClient/1.0 (2.8.3, ruby 2.3.1 (2016-04-26)), content-type=application/json;charset=utf-8}
12-09 07:35:49.158 I/System.out( 3612): params: {json={"command":"keyboard_enter_text","arguments":["-321ßå∂˚¡–ºß123"]}
12-09 07:35:49.159 I/System.out( 3612): }
12-09 07:35:49.159 I/System.out( 3612): ProP json = {"command":"keyboard_enter_text","arguments":["-321ßå∂˚¡–ºß123"]}
12-09 07:35:49.159 I/System.out( 3612): files: {}
12-09 07:35:49.159 I/System.out( 3612): command: {"command":"keyboard_enter_text","arguments":["-321ßå∂˚¡–ºß123"]}
12-09 07:35:49.160 I/InstrumentationBackend( 3612): Got command:'Command:'Line:null,keyboard_enter_text', arguments:'[-321ßå∂˚¡–ºß123]'
12-09 07:35:49.179 D/        ( 1870): HostConnection::get() New Host Connection established 0x7fe594cb07e0, tid 3647
12-09 07:35:49.200 I/OpenGLRenderer( 1870): Initialized EGL, version 1.4
12-09 07:35:49.216 D/EGL_emulation( 1870): eglCreateContext: 0x7fe594cb46e0: maj 2 min 0 rcv 2
12-09 07:35:49.271 D/EGL_emulation( 1870): eglMakeCurrent: 0x7fe594cb46e0: ver 2 0 (tinfo 0x7fe594c82d80)
12-09 07:35:49.279 E/SpannableStringBuilder( 3612): SPAN_EXCLUSIVE_EXCLUSIVE spans cannot have a zero length
12-09 07:35:49.279 E/SpannableStringBuilder( 3612): SPAN_EXCLUSIVE_EXCLUSIVE spans cannot have a zero length
12-09 07:35:49.351 W/audio_hw_generic( 1308): Not supplying enough data to HAL, expected position 358980 , only wrote 358923
12-09 07:35:49.351 W/audio_hw_generic( 1308): Hardware backing HAL too slow, could only write 0 of 661 frames
12-09 07:35:49.351 W/audio_hw_generic( 1308): Hardware backing HAL too slow, could only write 0 of 661 frames
12-09 07:35:49.369 W/audio_hw_generic( 1308): Hardware backing HAL too slow, could only write 0 of 661 frames
12-09 07:35:49.374 D/EGL_emulation( 1870): eglMakeCurrent: 0x7fe594cb46e0: ver 2 0 (tinfo 0x7fe594c82d80)
12-09 07:35:49.378 E/SpannableStringBuilder( 3612): SPAN_EXCLUSIVE_EXCLUSIVE spans cannot have a zero length
12-09 07:35:49.378 E/SpannableStringBuilder( 3612): SPAN_EXCLUSIVE_EXCLUSIVE spans cannot have a zero length
12-09 07:35:49.390 W/audio_hw_generic( 1308): Hardware backing HAL too slow, could only write 0 of 661 frames
12-09 07:35:49.414 W/audio_hw_generic( 1308): Hardware backing HAL too slow, could only write 0 of 661 frames
12-09 07:35:49.430 W/audio_hw_generic( 1308): Hardware backing HAL too slow, could only write 0 of 661 frames
12-09 07:35:49.443 I/System.out( 3612): result:{"bonusInformation":[],"message":"","success":true}
12-09 07:35:49.446 W/audio_hw_generic( 1308): Hardware backing HAL too slow, could only write 0 of 661 frames
12-09 07:35:49.449 I/art     ( 3612): Background sticky concurrent mark sweep GC freed 25874(1172KB) AllocSpace objects, 5(100KB) LOS objects, 31% free, 2MB/3MB, paused 17.377ms total 67.590ms
12-09 07:35:49.628 W/audio_hw_generic( 1308): Not supplying enough data to HAL, expected position 371153 , only wrote 370821
12-09 07:35:49.794 W/audio_hw_generic( 1308): Not supplying enough data to HAL, expected position 378157 , only wrote 378092
12-09 07:35:49.795 W/audio_hw_generic( 1308): Not supplying enough data to HAL, expected position 378099 , only wrote 378092
12-09 07:35:49.822 W/audio_hw_generic( 1308): Not supplying enough data to HAL, expected position 379317 , only wrote 378753
12-09 07:35:49.865 W/audio_hw_generic( 1308): Not supplying enough data to HAL, expected position 380622 , only wrote 380075
12-09 07:35:49.955 W/audio_hw_generic( 1308): Hardware backing HAL too slow, could only write 0 of 661 frames
12-09 07:35:49.988 W/audio_hw_generic( 1308): Hardware backing HAL too slow, could only write 0 of 661 frames
12-09 07:35:50.000 W/audio_hw_generic( 1308): Hardware backing HAL too slow, could only write 0 of 661 frames
12-09 07:35:50.016 W/audio_hw_generic( 1308): Hardware backing HAL too slow, could only write 0 of 661 frames
12-09 07:35:50.034 W/audio_hw_generic( 1308): Hardware backing HAL too slow, could only write 0 of 661 frames
12-09 07:35:50.046 W/audio_hw_generic( 1308): Hardware backing HAL too slow, could only write 0 of 661 frames
12-09 07:35:50.085 E/SurfaceFlinger( 1219): ro.sf.lcd_density must be defined as a build property
12-09 07:35:50.161 D/gralloc_ranchu( 1219): gralloc_alloc: Creating ashmem region of size 3686400
12-09 07:35:50.284 D/        ( 3651): HostConnection::get() New Host Connection established 0x7fdf23d52480, tid 3651
12-09 07:35:50.346 W/audio_hw_generic( 1308): Not supplying enough data to HAL, expected position 401296 , only wrote 399905
12-09 07:35:50.346 W/audio_hw_generic( 1308): Not supplying enough data to HAL, expected position 399911 , only wrote 399905
12-09 07:35:50.359 E/EGL_emulation( 1219): tid 1219: eglCreateSyncKHR(1881): error 0x3004 (EGL_BAD_ATTRIBUTE)
12-09 07:35:50.363 W/audio_hw_generic( 1308): Not supplying enough data to HAL, expected position 400647 , only wrote 400566
12-09 07:35:50.393 W/audio_hw_generic( 1308): Hardware backing HAL too slow, could only write 0 of 661 frames
12-09 07:35:50.438 W/audio_hw_generic( 1308): Hardware backing HAL too slow, could only write 0 of 661 frames
12-09 07:35:50.530 W/audio_hw_generic( 1308): Not supplying enough data to HAL, expected position 407951 , only wrote 407837
12-09 07:35:50.578 W/audio_hw_generic( 1308): Hardware backing HAL too slow, could only write 0 of 661 frames
12-09 07:35:50.668 W/audio_hw_generic( 1308): Not supplying enough data to HAL, expected position 413916 , only wrote 413786
12-09 07:35:50.710 W/audio_hw_generic( 1308): Not supplying enough data to HAL, expected position 415613 , only wrote 415108
12-09 07:35:50.842 W/audio_hw_generic( 1308): Hardware backing HAL too slow, could only write 0 of 661 frames
12-09 07:35:50.869 W/audio_hw_generic( 1308): Hardware backing HAL too slow, could only write 0 of 661 frames
12-09 07:35:50.884 W/audio_hw_generic( 1308): Hardware backing HAL too slow, could only write 0 of 661 frames
12-09 07:35:50.998 W/audio_hw_generic( 1308): Not supplying enough data to HAL, expected position 427834 , only wrote 427667
12-09 07:35:50.998 W/audio_hw_generic( 1308): Not supplying enough data to HAL, expected position 427674 , only wrote 427667
12-09 07:35:51.016 W/audio_hw_generic( 1308): Not supplying enough data to HAL, expected position 428457 , only wrote 428328
12-09 07:35:51.178 W/audio_hw_generic( 1308): Not supplying enough data to HAL, expected position 435294 , only wrote 434938
12-09 07:35:51.354 W/audio_hw_generic( 1308): Not supplying enough data to HAL, expected position 442846 , only wrote 442209
12-09 07:35:51.605 W/audio_hw_generic( 1308): Not supplying enough data to HAL, expected position 453307 , only wrote 452785
12-09 07:35:51.606 W/audio_hw_generic( 1308): Not supplying enough data to HAL, expected position 452791 , only wrote 452785
12-09 07:35:51.625 W/audio_hw_generic( 1308): Not supplying enough data to HAL, expected position 453656 , only wrote 453446
12-09 07:35:51.686 W/audio_hw_generic( 1308): Not supplying enough data to HAL, expected position 456140 , only wrote 456090
12-09 07:35:51.687 W/audio_hw_generic( 1308): Not supplying enough data to HAL, expected position 456096 , only wrote 456090
12-09 07:35:51.714 W/audio_hw_generic( 1308): Not supplying enough data to HAL, expected position 457319 , only wrote 456751
12-09 07:35:51.715 W/audio_hw_generic( 1308): Hardware backing HAL too slow, could only write 0 of 661 frames
12-09 07:35:51.740 I/System.out( 3612): URI: //map
12-09 07:35:51.740 I/System.out( 3612): params: {json={"query":"android.widget.EditText id:'volume'","operation":{"method_name":"query","arguments":[]}}
12-09 07:35:51.740 I/System.out( 3612): }
12-09 07:35:51.750 W/audio_hw_generic( 1308): Hardware backing HAL too slow, could only write 0 of 661 frames
12-09 07:35:51.766 W/audio_hw_generic( 1308): Hardware backing HAL too slow, could only write 0 of 661 frames
12-09 07:35:51.802 W/ResourceType( 3612): No package identifier when getting name for resource number 0x00000001
12-09 07:35:51.975 I/System.out( 3612): URI: //gesture
12-09 07:35:51.975 I/System.out( 3612): params: {json={"query_timeout":5.0,"gestures":[{"query_string":"android.widget.EditText id:'volume'","touches":[{"x":50,"y":50,"offset_x":0,"offset_y":0,"wait":0.0,"time":0.2,"release":true,"query_string":null}]}]}
12-09 07:35:51.975 I/System.out( 3612): }
12-09 07:35:51.988 W/ResourceType( 3612): No package identifier when getting name for resource number 0x00000001
12-09 07:35:52.012 I/art     ( 3612): Background sticky concurrent mark sweep GC freed 46743(2MB) AllocSpace objects, 2(40KB) LOS objects, 9% free, 3MB/3MB, paused 10.534ms total 192.384ms
12-09 07:35:52.166 W/audio_hw_generic( 1308): Not supplying enough data to HAL, expected position 476683 , only wrote 476581
12-09 07:35:52.614 I/art     ( 3612): Background sticky concurrent mark sweep GC freed 24656(1023KB) AllocSpace objects, 2(40KB) LOS objects, 0% free, 3MB/3MB, paused 1.092ms total 174.590ms
12-09 07:35:53.121 I/System.out( 3612): URI: //
12-09 07:35:53.121 I/System.out( 3612): params: {json={"command":"set_selection","arguments":[-1,-1]}
12-09 07:35:53.121 I/System.out( 3612): }
12-09 07:35:53.121 I/System.out( 3612): header: {date=Sun, 09 Dec 2018 07:35:53 GMT, accept=*/*, content-length=47, host=127.0.0.1:34777, user-agent=HTTPClient/1.0 (2.8.3, ruby 2.3.1 (2016-04-26)), content-type=application/json;charset=utf-8}
12-09 07:35:53.121 I/System.out( 3612): params: {json={"command":"set_selection","arguments":[-1,-1]}
12-09 07:35:53.121 I/System.out( 3612): }
12-09 07:35:53.121 I/System.out( 3612): ProP json = {"command":"set_selection","arguments":[-1,-1]}
12-09 07:35:53.121 I/System.out( 3612): files: {}
12-09 07:35:53.121 I/System.out( 3612): command: {"command":"set_selection","arguments":[-1,-1]}
12-09 07:35:53.124 I/InstrumentationBackend( 3612): Got command:'Command:'Line:null,set_selection', arguments:'[-1, -1]'
12-09 07:35:53.143 I/System.out( 3612): result:{"bonusInformation":[],"message":"","success":true}
12-09 07:35:54.013 W/IInputConnectionWrapper( 3612): getTextBeforeCursor on inactive InputConnection
12-09 07:35:54.013 E/RichInputConnection( 1870): Unable to connect to the editor to retrieve text.
12-09 07:35:54.013 D/RichInputConnection( 1870): Will try to retrieve text later.
12-09 07:35:54.013 W/IInputConnectionWrapper( 3612): getTextBeforeCursor on inactive InputConnection
12-09 07:35:54.014 E/RichInputConnection( 1870): Unable to connect to the editor to retrieve text.
12-09 07:35:54.014 W/RichInputConnection( 1870): Unable to connect to the editor. Setting caps mode without knowing text.
12-09 07:35:54.030 W/IInputConnectionWrapper( 3612): getTextBeforeCursor on inactive InputConnection
12-09 07:35:54.031 E/RichInputConnection( 1870): Unable to connect to the editor to retrieve text.
12-09 07:35:54.031 D/RichInputConnection( 1870): Will try to retrieve text later.
12-09 07:35:54.031 W/IInputConnectionWrapper( 3612): getTextBeforeCursor on inactive InputConnection
12-09 07:35:54.031 E/RichInputConnection( 1870): Unable to connect to the editor to retrieve text.
12-09 07:35:54.031 W/RichInputConnection( 1870): Unable to connect to the editor. Setting caps mode without knowing text.
12-09 07:35:54.032 W/IInputConnectionWrapper( 3612): getTextBeforeCursor on inactive InputConnection
12-09 07:35:54.032 E/RichInputConnection( 1870): Unable to connect to the editor to retrieve text.
12-09 07:35:54.032 D/RichInputConnection( 1870): Will try to retrieve text later.
12-09 07:35:54.032 W/IInputConnectionWrapper( 3612): getTextBeforeCursor on inactive InputConnection
12-09 07:35:54.033 E/RichInputConnection( 1870): Unable to connect to the editor to retrieve text.
12-09 07:35:54.033 W/RichInputConnection( 1870): Unable to connect to the editor. Setting caps mode without knowing text.
12-09 07:35:54.033 W/IInputConnectionWrapper( 3612): finishComposingText on inactive InputConnection
12-09 07:35:54.155 I/LatinIME( 1870): Starting input. Cursor position = 0,0
12-09 07:35:54.515 I/AccountManagerService( 1591): getTypesVisibleToCaller: isPermitted? true
12-09 07:35:54.611 W/art     ( 1591): Long monitor contention event with owner method=void com.android.server.wm.WindowAnimator$1.doFrame(long) from WindowAnimator.java:121 waiters=0 for 144ms
12-09 07:35:54.908 I/Choreographer( 1870): Skipped 51 frames!  The application may be doing too much work on its main thread.
12-09 07:35:54.965 I/System.out( 3612): URI: //
12-09 07:35:54.966 I/System.out( 3612): params: {json={"command":"keyboard_enter_text","arguments":["åß9∂º–ç¬  ß29å∂˚¡–ºß123"]}
12-09 07:35:54.966 I/System.out( 3612): }
12-09 07:35:54.966 I/System.out( 3612): header: {date=Sun, 09 Dec 2018 07:35:55 GMT, accept=*/*, content-length=92, host=127.0.0.1:34777, user-agent=HTTPClient/1.0 (2.8.3, ruby 2.3.1 (2016-04-26)), content-type=application/json;charset=utf-8}
12-09 07:35:54.966 I/System.out( 3612): params: {json={"command":"keyboard_enter_text","arguments":["åß9∂º–ç¬  ß29å∂˚¡–ºß123"]}
12-09 07:35:54.966 I/System.out( 3612): }
12-09 07:35:54.966 I/System.out( 3612): ProP json = {"command":"keyboard_enter_text","arguments":["åß9∂º–ç¬  ß29å∂˚¡–ºß123"]}
12-09 07:35:54.966 I/System.out( 3612): files: {}
12-09 07:35:54.966 I/System.out( 3612): command: {"command":"keyboard_enter_text","arguments":["åß9∂º–ç¬  ß29å∂˚¡–ºß123"]}
12-09 07:35:54.967 I/InstrumentationBackend( 3612): Got command:'Command:'Line:null,keyboard_enter_text', arguments:'[åß9∂º–ç¬  ß29å∂˚¡–ºß123]'
12-09 07:35:54.968 E/SpannableStringBuilder( 3612): SPAN_EXCLUSIVE_EXCLUSIVE spans cannot have a zero length
12-09 07:35:54.968 E/SpannableStringBuilder( 3612): SPAN_EXCLUSIVE_EXCLUSIVE spans cannot have a zero length
12-09 07:35:54.988 E/SpannableStringBuilder( 3612): SPAN_EXCLUSIVE_EXCLUSIVE spans cannot have a zero length
12-09 07:35:54.988 E/SpannableStringBuilder( 3612): SPAN_EXCLUSIVE_EXCLUSIVE spans cannot have a zero length
12-09 07:35:55.009 I/System.out( 3612): result:{"bonusInformation":[],"message":"","success":true}
12-09 07:35:55.549 E/SurfaceFlinger( 1219): ro.sf.lcd_density must be defined as a build property
12-09 07:35:55.584 D/gralloc_ranchu( 1219): gralloc_alloc: Creating ashmem region of size 3686400
12-09 07:35:55.598 D/        ( 3666): HostConnection::get() New Host Connection established 0x7f5378012480, tid 3666
12-09 07:35:55.613 E/EGL_emulation( 1219): tid 1219: eglCreateSyncKHR(1881): error 0x3004 (EGL_BAD_ATTRIBUTE)
12-09 07:35:56.902 I/System.out( 3612): URI: //map
12-09 07:35:56.902 I/System.out( 3612): params: {json={"query":"android.widget.EditText id:'odometer'","operation":{"method_name":"query","arguments":[]}}
12-09 07:35:56.902 I/System.out( 3612): }
12-09 07:35:56.924 W/ResourceType( 3612): No package identifier when getting name for resource number 0x00000001
12-09 07:35:57.059 I/System.out( 3612): URI: //gesture
12-09 07:35:57.059 I/System.out( 3612): params: {json={"query_timeout":5.0,"gestures":[{"query_string":"android.widget.EditText id:'odometer'","touches":[{"x":50,"y":50,"offset_x":0,"offset_y":0,"wait":0.0,"time":0.2,"release":true,"query_string":null}]}]}
12-09 07:35:57.059 I/System.out( 3612): }
12-09 07:35:57.112 W/ResourceType( 3612): No package identifier when getting name for resource number 0x00000001
12-09 07:35:57.686 I/LatinIME( 1870): Starting input. Cursor position = 0,0
12-09 07:35:57.847 I/art     ( 3612): Background sticky concurrent mark sweep GC freed 44704(2015KB) AllocSpace objects, 1(20KB) LOS objects, 29% free, 2MB/3MB, paused 1.078ms total 107.743ms
12-09 07:35:58.362 I/System.out( 3612): URI: //
12-09 07:35:58.362 I/System.out( 3612): params: {json={"command":"set_selection","arguments":[-1,-1]}
12-09 07:35:58.362 I/System.out( 3612): }
12-09 07:35:58.363 I/System.out( 3612): header: {date=Sun, 09 Dec 2018 07:35:58 GMT, accept=*/*, content-length=47, host=127.0.0.1:34777, user-agent=HTTPClient/1.0 (2.8.3, ruby 2.3.1 (2016-04-26)), content-type=application/json;charset=utf-8}
12-09 07:35:58.363 I/System.out( 3612): params: {json={"command":"set_selection","arguments":[-1,-1]}
12-09 07:35:58.363 I/System.out( 3612): }
12-09 07:35:58.363 I/System.out( 3612): ProP json = {"command":"set_selection","arguments":[-1,-1]}
12-09 07:35:58.363 I/System.out( 3612): files: {}
12-09 07:35:58.363 I/System.out( 3612): command: {"command":"set_selection","arguments":[-1,-1]}
12-09 07:35:58.364 I/InstrumentationBackend( 3612): Got command:'Command:'Line:null,set_selection', arguments:'[-1, -1]'
12-09 07:35:58.369 I/System.out( 3612): result:{"bonusInformation":[],"message":"","success":true}
12-09 07:35:58.678 I/System.out( 3612): URI: //
12-09 07:35:58.683 I/System.out( 3612): params: {json={"command":"keyboard_enter_text","arguments":["=+œå∑ß≈´∂ç®ƒ√†©∫¡™£"]}
12-09 07:35:58.683 I/System.out( 3612): }
12-09 07:35:58.683 I/System.out( 3612): header: {date=Sun, 09 Dec 2018 07:35:59 GMT, accept=*/*, content-length=93, host=127.0.0.1:34777, user-agent=HTTPClient/1.0 (2.8.3, ruby 2.3.1 (2016-04-26)), content-type=application/json;charset=utf-8}
12-09 07:35:58.684 I/System.out( 3612): params: {json={"command":"keyboard_enter_text","arguments":["=+œå∑ß≈´∂ç®ƒ√†©∫¡™£"]}
12-09 07:35:58.684 I/System.out( 3612): }
12-09 07:35:58.684 I/System.out( 3612): ProP json = {"command":"keyboard_enter_text","arguments":["=+œå∑ß≈´∂ç®ƒ√†©∫¡™£"]}
12-09 07:35:58.684 I/System.out( 3612): files: {}
12-09 07:35:58.684 I/System.out( 3612): command: {"command":"keyboard_enter_text","arguments":["=+œå∑ß≈´∂ç®ƒ√†©∫¡™£"]}
12-09 07:35:58.685 I/InstrumentationBackend( 3612): Got command:'Command:'Line:null,keyboard_enter_text', arguments:'[=+œå∑ß≈´∂ç®ƒ√†©∫¡™£]'
12-09 07:35:58.726 I/art     ( 3612): Background sticky concurrent mark sweep GC freed 15393(733KB) AllocSpace objects, 6(120KB) LOS objects, 27% free, 2MB/3MB, paused 21.355ms total 38.454ms
12-09 07:35:58.835 E/SpannableStringBuilder( 3612): SPAN_EXCLUSIVE_EXCLUSIVE spans cannot have a zero length
12-09 07:35:58.835 E/SpannableStringBuilder( 3612): SPAN_EXCLUSIVE_EXCLUSIVE spans cannot have a zero length
12-09 07:35:58.837 E/SpannableStringBuilder( 3612): SPAN_EXCLUSIVE_EXCLUSIVE spans cannot have a zero length
12-09 07:35:58.837 E/SpannableStringBuilder( 3612): SPAN_EXCLUSIVE_EXCLUSIVE spans cannot have a zero length
12-09 07:35:58.850 I/System.out( 3612): result:{"bonusInformation":[],"message":"","success":true}
12-09 07:35:59.210 E/SurfaceFlinger( 1219): ro.sf.lcd_density must be defined as a build property
12-09 07:35:59.258 D/gralloc_ranchu( 1219): gralloc_alloc: Creating ashmem region of size 3686400
12-09 07:35:59.288 D/        ( 3676): HostConnection::get() New Host Connection established 0x7f0b132d2480, tid 3676
12-09 07:35:59.316 E/EGL_emulation( 1219): tid 1219: eglCreateSyncKHR(1881): error 0x3004 (EGL_BAD_ATTRIBUTE)
12-09 07:35:59.596 D/hwcomposer( 1219): hw_composer sent 456 syncs in 60s
