--------- beginning of main
12-09 08:26:04.993 I/art     ( 1591): Background partial concurrent mark sweep GC freed 373(14KB) AllocSpace objects, 0(0B) LOS objects, 29% free, 9MB/13MB, paused 5.185ms total 146.341ms
12-09 08:26:05.090 W/art     ( 1591): Long monitor contention event with owner method=void com.android.server.am.ActivityManagerService.activityPaused(android.os.IBinder) from ActivityManagerService.java:6439 waiters=0 for 190ms
--------- beginning of system
12-09 08:26:05.091 W/ActivityManager( 1591): Finishing task with all activities already finished
12-09 08:26:05.109 W/ActivityManager( 1591): Duplicate finish request for ActivityRecord{db1f5a u0 com.evancharlton.mileage/.Mileage t451 f}
12-09 08:26:05.110 W/art     ( 1591): Long monitor contention event with owner method=void com.android.server.am.ActivityManagerService.activityPaused(android.os.IBinder) from ActivityManagerService.java:6439 waiters=2 for 201ms
12-09 08:26:05.110 W/art     ( 1591): Long monitor contention event with owner method=void com.android.server.am.ActivityManagerService.activityPaused(android.os.IBinder) from ActivityManagerService.java:6439 waiters=3 for 202ms
12-09 08:26:05.137 W/ActivityManager( 1591): Finishing task with all activities already finished
12-09 08:26:05.137 W/ActivityManager( 1591): Duplicate finish request for ActivityRecord{db1f5a u0 com.evancharlton.mileage/.Mileage t451 f}
12-09 08:26:05.137 W/ActivityManager( 1591): Finishing task with all activities already finished
12-09 08:26:05.138 W/ActivityManager( 1591): Duplicate finish request for ActivityRecord{db1f5a u0 com.evancharlton.mileage/.Mileage t451 f}
12-09 08:26:05.138 W/ActivityManager( 1591): Finishing task with all activities already finished
12-09 08:26:05.138 W/ActivityManager( 1591): Duplicate finish request for ActivityRecord{db1f5a u0 com.evancharlton.mileage/.Mileage t451 f}
12-09 08:26:05.138 W/ActivityManager( 1591): Finishing task with all activities already finished
12-09 08:26:05.138 W/ActivityManager( 1591): Duplicate finish request for ActivityRecord{db1f5a u0 com.evancharlton.mileage/.Mileage t451 f}
12-09 08:26:05.139 W/ActivityManager( 1591): Finishing task with all activities already finished
12-09 08:26:05.139 W/ActivityManager( 1591): Duplicate finish request for ActivityRecord{db1f5a u0 com.evancharlton.mileage/.Mileage t451 f}
12-09 08:26:05.139 W/ActivityManager( 1591): Finishing task with all activities already finished
12-09 08:26:05.139 W/ActivityManager( 1591): Duplicate finish request for ActivityRecord{db1f5a u0 com.evancharlton.mileage/.Mileage t451 f}
12-09 08:26:05.139 W/ActivityManager( 1591): Finishing task with all activities already finished
12-09 08:26:05.139 W/ActivityManager( 1591): Duplicate finish request for ActivityRecord{db1f5a u0 com.evancharlton.mileage/.Mileage t451 f}
12-09 08:26:05.139 W/ActivityManager( 1591): Finishing task with all activities already finished
12-09 08:26:05.139 W/ActivityManager( 1591): Duplicate finish request for ActivityRecord{db1f5a u0 com.evancharlton.mileage/.Mileage t451 f}
12-09 08:26:05.139 W/ActivityManager( 1591): Finishing task with all activities already finished
12-09 08:26:05.139 W/ActivityManager( 1591): Duplicate finish request for ActivityRecord{db1f5a u0 com.evancharlton.mileage/.Mileage t451 f}
12-09 08:26:05.139 W/ActivityManager( 1591): Finishing task with all activities already finished
12-09 08:26:05.139 W/ActivityManager( 1591): Duplicate finish request for ActivityRecord{db1f5a u0 com.evancharlton.mileage/.Mileage t451 f}
12-09 08:26:05.166 D/EGL_emulation( 1922): eglMakeCurrent: 0x7f91c29b4b40: ver 2 0 (tinfo 0x7f91c2982d80)
12-09 08:26:05.824 D/AndroidRuntime(16433): >>>>>> START com.android.internal.os.RuntimeInit uid 0 <<<<<<
12-09 08:26:05.835 D/AndroidRuntime(16433): CheckJNI is ON
12-09 08:26:05.871 D/ICU     (16433): No timezone override file found: /data/misc/zoneinfo/current/icu/icu_tzdata.dat
12-09 08:26:06.181 E/memtrack(16433): Couldn't load memtrack module (No such file or directory)
12-09 08:26:06.181 E/android.os.Debug(16433): failed to load memtrack module: -2
12-09 08:26:06.198 I/Radio-JNI(16433): register_android_hardware_Radio DONE
12-09 08:26:06.253 D/AndroidRuntime(16433): Calling main entry com.android.commands.am.Am
12-09 08:26:06.646 W/art     ( 1591): Long monitor contention event with owner method=void com.android.server.wm.WindowAnimator$1.doFrame(long) from WindowAnimator.java:121 waiters=1 for 255ms
12-09 08:26:06.691 W/art     ( 1591): Long monitor contention event with owner method=void com.android.server.wm.WindowAnimator$1.doFrame(long) from WindowAnimator.java:121 waiters=1 for 186ms
12-09 08:26:06.811 W/art     ( 1591): Long monitor contention event with owner method=void com.android.server.wm.WindowAnimator$1.doFrame(long) from WindowAnimator.java:121 waiters=1 for 120ms
12-09 08:26:07.210 W/art     ( 1591): Long monitor contention event with owner method=void com.android.server.wm.WindowAnimator$1.doFrame(long) from WindowAnimator.java:121 waiters=1 for 201ms
12-09 08:26:07.294 W/art     ( 1591): Long monitor contention event with owner method=void com.android.server.wm.WindowAnimator$1.doFrame(long) from WindowAnimator.java:121 waiters=1 for 196ms
12-09 08:26:07.570 W/art     ( 1591): Long monitor contention event with owner method=void com.android.server.wm.WindowAnimator$1.doFrame(long) from WindowAnimator.java:121 waiters=1 for 159ms
12-09 08:26:07.689 W/art     ( 1591): Long monitor contention event with owner method=void com.android.server.wm.WindowAnimator$1.doFrame(long) from WindowAnimator.java:121 waiters=1 for 119ms
12-09 08:26:07.758 W/art     ( 1591): Long monitor contention event with owner method=void com.android.server.wm.WindowAnimator$1.doFrame(long) from WindowAnimator.java:121 waiters=1 for 136ms
12-09 08:26:08.249 W/art     ( 1591): Long monitor contention event with owner method=void com.android.server.wm.WindowAnimator$1.doFrame(long) from WindowAnimator.java:121 waiters=1 for 126ms
12-09 08:26:08.437 W/art     ( 1591): Long monitor contention event with owner method=void com.android.server.wm.WindowAnimator$1.doFrame(long) from WindowAnimator.java:121 waiters=1 for 152ms
12-09 08:26:08.527 W/art     ( 1591): Long monitor contention event with owner method=void com.android.server.wm.WindowAnimator$1.doFrame(long) from WindowAnimator.java:121 waiters=1 for 135ms
12-09 08:26:08.845 W/art     ( 1591): Long monitor contention event with owner method=void com.android.server.wm.WindowAnimator$1.doFrame(long) from WindowAnimator.java:121 waiters=1 for 150ms
12-09 08:26:08.845 W/art     ( 1591): Long monitor contention event with owner method=java.util.List com.android.server.am.ActivityManagerService.getAllStackInfos() from ActivityManagerService.java:8937 waiters=0 for 2.527s
12-09 08:26:08.846 I/ActivityManager( 1591): Force stopping com.evancharlton.mileage appid=10135 user=0: start instr
12-09 08:26:08.846 I/ActivityManager( 1591): Killing 16388:com.evancharlton.mileage/u0a135 (adj 0): stop com.evancharlton.mileage
12-09 08:26:08.895 I/Choreographer( 1922): Skipped 217 frames!  The application may be doing too much work on its main thread.
12-09 08:26:08.937 W/OpenGLRenderer( 1922): Incorrectly called buildLayer on View: ShortcutAndWidgetContainer, destroying layer...
12-09 08:26:08.958 W/ActivityManager( 1591): Crash of app com.evancharlton.mileage running instrumentation ComponentInfo{com.evancharlton.mileage.test/sh.calaba.instrumentationbackend.CalabashInstrumentationTestRunner}
12-09 08:26:08.958 I/ActivityManager( 1591): Force stopping com.evancharlton.mileage appid=10135 user=0: finished inst
12-09 08:26:09.095 I/WindowState( 1591): WIN DEATH: Window{a02fadc u0 com.evancharlton.mileage/com.evancharlton.mileage.Mileage EXITING}
12-09 08:26:09.131 I/ActivityManager( 1591): Start proc 16443:com.evancharlton.mileage/u0a135 for added application com.evancharlton.mileage
12-09 08:26:09.132 D/AndroidRuntime(16433): Shutting down VM
12-09 08:26:09.136 W/art     ( 1591): Long monitor contention event with owner method=java.util.List com.android.server.am.ActivityManagerService.getAllStackInfos() from ActivityManagerService.java:8937 waiters=1 for 2.632s
12-09 08:26:09.136 W/art     ( 1591): Long monitor contention event with owner method=java.util.List com.android.server.am.ActivityManagerService.getAllStackInfos() from ActivityManagerService.java:8937 waiters=3 for 622ms
12-09 08:26:09.137 W/art     ( 1591): Long monitor contention event with owner method=java.util.List com.android.server.am.ActivityManagerService.getAllStackInfos() from ActivityManagerService.java:8937 waiters=2 for 1.022s
12-09 08:26:09.232 W/System  (16443): ClassLoader referenced unknown path: /data/app/com.evancharlton.mileage.test-1/lib/x86_64
12-09 08:26:09.232 W/System  (16443): ClassLoader referenced unknown path: /data/app/com.evancharlton.mileage-1/lib/x86_64
12-09 08:26:09.408 W/art     ( 1591): Long monitor contention event with owner method=void com.android.server.wm.WindowAnimator$1.doFrame(long) from WindowAnimator.java:121 waiters=0 for 177ms
12-09 08:26:09.521 I/art     (16443): Background partial concurrent mark sweep GC freed 33969(1236KB) AllocSpace objects, 0(0B) LOS objects, 62% free, 617KB/1641KB, paused 10.920ms total 235.491ms
12-09 08:26:09.587 W/art     ( 1591): Long monitor contention event with owner method=void com.android.server.wm.WindowAnimator$1.doFrame(long) from WindowAnimator.java:121 waiters=0 for 179ms
12-09 08:26:09.594 W/WindowAnimator( 1591): Failed to dispatch window animation state change.
12-09 08:26:09.594 W/WindowAnimator( 1591): android.os.DeadObjectException
12-09 08:26:09.594 W/WindowAnimator( 1591): 	at android.os.BinderProxy.transactNative(Native Method)
12-09 08:26:09.594 W/WindowAnimator( 1591): 	at android.os.BinderProxy.transact(Binder.java:503)
12-09 08:26:09.594 W/WindowAnimator( 1591): 	at android.view.IWindow$Stub$Proxy.onAnimationStopped(IWindow.java:534)
12-09 08:26:09.594 W/WindowAnimator( 1591): 	at com.android.server.wm.WindowAnimator.updateWindowsLocked(WindowAnimator.java:286)
12-09 08:26:09.594 W/WindowAnimator( 1591): 	at com.android.server.wm.WindowAnimator.animateLocked(WindowAnimator.java:678)
12-09 08:26:09.594 W/WindowAnimator( 1591): 	at com.android.server.wm.WindowAnimator.-wrap0(WindowAnimator.java)
12-09 08:26:09.594 W/WindowAnimator( 1591): 	at com.android.server.wm.WindowAnimator$1.doFrame(WindowAnimator.java:123)
12-09 08:26:09.594 W/WindowAnimator( 1591): 	at android.view.Choreographer$CallbackRecord.run(Choreographer.java:856)
12-09 08:26:09.594 W/WindowAnimator( 1591): 	at android.view.Choreographer.doCallbacks(Choreographer.java:670)
12-09 08:26:09.594 W/WindowAnimator( 1591): 	at android.view.Choreographer.doFrame(Choreographer.java:603)
12-09 08:26:09.594 W/WindowAnimator( 1591): 	at android.view.Choreographer$FrameDisplayEventReceiver.run(Choreographer.java:844)
12-09 08:26:09.594 W/WindowAnimator( 1591): 	at android.os.Handler.handleCallback(Handler.java:739)
12-09 08:26:09.594 W/WindowAnimator( 1591): 	at android.os.Handler.dispatchMessage(Handler.java:95)
12-09 08:26:09.594 W/WindowAnimator( 1591): 	at android.os.Looper.loop(Looper.java:148)
12-09 08:26:09.594 W/WindowAnimator( 1591): 	at android.os.HandlerThread.run(HandlerThread.java:61)
12-09 08:26:09.594 W/WindowAnimator( 1591): 	at com.android.server.ServiceThread.run(ServiceThread.java:46)
12-09 08:26:09.595 I/System.out(16443): Main activity name automatically set to: com.evancharlton.mileage.Mileage
12-09 08:26:09.596 I/System.out(16443): Calabash did not load Mono. This is only a problem if you are trying to test a Mono application
12-09 08:26:09.596 I/calabash(16443): Test server port: 7102
12-09 08:26:09.602 I/InstrumentationBackend(16443): Added:'GetPreferences', with key:'get_preferences'
12-09 08:26:09.673 I/InstrumentationBackend(16443): Added:'SetPreferences', with key:'set_preferences'
12-09 08:26:09.673 I/InstrumentationBackend(16443): Added:'ClearPreferences', with key:'clear_preferences'
12-09 08:26:09.673 I/InstrumentationBackend(16443): Added:'PressElement', with key:'press_l10n_element'
12-09 08:26:09.674 I/InstrumentationBackend(16443): Added:'WaitForElement', with key:'wait_for_l10n_element'
12-09 08:26:09.674 I/InstrumentationBackend(16443): Added:'NullAction', with key:'nullAction'
12-09 08:26:09.674 I/InstrumentationBackend(16443): Added:'PressKey', with key:'press_key'
12-09 08:26:09.675 I/InstrumentationBackend(16443): Added:'SetActivityOrientation', with key:'set_activity_orientation'
12-09 08:26:09.675 I/InstrumentationBackend(16443): Added:'GetActivityOrientation', with key:'get_activity_orientation'
12-09 08:26:09.675 I/InstrumentationBackend(16443): Added:'FakeGPSLocation', with key:'set_gps_coordinates'
12-09 08:26:09.675 I/InstrumentationBackend(16443): Added:'SetPropertyByCssSelector', with key:'set_property_by_css_selector'
12-09 08:26:09.676 I/InstrumentationBackend(16443): Added:'GetUrl', with key:'get_url'
12-09 08:26:09.680 I/InstrumentationBackend(16443): Added:'ScrollTo', with key:'scroll_to'
12-09 08:26:09.689 I/InstrumentationBackend(16443): Added:'GetLoadProgress', with key:'get_load_progress'
12-09 08:26:09.690 I/InstrumentationBackend(16443): Added:'DumpHtml', with key:'dump_html'
12-09 08:26:09.690 I/InstrumentationBackend(16443): Added:'DumpBodyHtml', with key:'dump_body_html'
12-09 08:26:09.690 I/InstrumentationBackend(16443): Added:'EnterTextByCssSelector', with key:'enter_text_by_selector'
12-09 08:26:09.691 I/InstrumentationBackend(16443): Added:'AndroidSDKVersion', with key:'android_sdk_version'
12-09 08:26:09.691 I/InstrumentationBackend(16443): Added:'Version', with key:'version'
12-09 08:26:09.691 I/InstrumentationBackend(16443): Added:'Drag', with key:'drag'
12-09 08:26:09.691 I/InstrumentationBackend(16443): Added:'TouchCoordinates', with key:'touch_coordinate'
12-09 08:26:09.691 I/InstrumentationBackend(16443): Added:'LongPressCoordinate', with key:'long_press_coordinate'
12-09 08:26:09.692 I/InstrumentationBackend(16443): Added:'DragCoordinates', with key:'drag_coordinates'
12-09 08:26:09.692 I/InstrumentationBackend(16443): Added:'ResumeApplication', with key:'resume_application'
12-09 08:26:09.692 I/InstrumentationBackend(16443): Added:'Swipe', with key:'swipe'
12-09 08:26:09.692 I/InstrumentationBackend(16443): Added:'DoubleTapCoordinate', with key:'double_tap_coordinate'
12-09 08:26:09.692 I/InstrumentationBackend(16443): Added:'ClickOnScreen', with key:'click_on_screen'
12-09 08:26:09.697 I/InstrumentationBackend(16443): Added:'GetActivityName', with key:'get_activity_name'
12-09 08:26:09.697 I/InstrumentationBackend(16443): Added:'ScrollToView', with key:'scroll_to_view'
12-09 08:26:09.697 I/InstrumentationBackend(16443): Added:'ViewConfiguration', with key:'view_configuration'
12-09 08:26:09.698 I/InstrumentationBackend(16443): Added:'IsCurrentActivityFocused', with key:'is_current_activity_focused'
12-09 08:26:09.698 I/InstrumentationBackend(16443): Added:'SendTcp', with key:'send_tcp'
12-09 08:26:09.698 I/InstrumentationBackend(16443): Added:'DpToDevicePixel', with key:'dp_to_device_pixel'
12-09 08:26:09.698 I/InstrumentationBackend(16443): Added:'KeyboardEnterText', with key:'keyboard_enter_text'
12-09 08:26:09.699 I/InstrumentationBackend(16443): Added:'DeleteSurroundingText', with key:'delete_surrounding_text'
12-09 08:26:09.699 I/InstrumentationBackend(16443): Added:'SetComposingRegion', with key:'set_composing_region'
12-09 08:26:09.699 I/InstrumentationBackend(16443): Added:'SetSelection', with key:'set_selection'
12-09 08:26:09.699 I/InstrumentationBackend(16443): Added:'KeyboardKeyEvent', with key:'keyboard_key_event'
12-09 08:26:09.699 I/InstrumentationBackend(16443): Added:'PressUserActionButton', with key:'press_user_action_button'
12-09 08:26:09.700 I/InstrumentationBackend(16443): Added:'HideSoftKeyboard', with key:'hide_soft_keyboard'
12-09 08:26:09.700 I/InstrumentationBackend(16443): Added:'ListActions', with key:'list_actions'
12-09 08:26:09.700 I/calabash(16443): Instantiating http server at 7102
12-09 08:26:09.717 W/art     ( 1591): Long monitor contention event with owner method=void com.android.server.wm.WindowAnimator$1.doFrame(long) from WindowAnimator.java:121 waiters=0 for 130ms
12-09 08:26:09.718 I/System.out(16443): HTTP Daemon listening on: 7102
12-09 08:26:09.899 I/System.out(16443): URI: //ping
12-09 08:26:09.900 I/System.out(16443): params: {json={}
12-09 08:26:09.900 I/System.out(16443): }
12-09 08:26:10.018 I/System.out(16443): URI: //ping
12-09 08:26:10.018 I/System.out(16443): params: {json={}
12-09 08:26:10.018 I/System.out(16443): }
12-09 08:26:10.188 I/System.out(16443): URI: //ready
12-09 08:26:10.188 I/System.out(16443): params: {json={}
12-09 08:26:10.188 I/System.out(16443): }
12-09 08:26:10.213 I/System.out(16443): URI: //
12-09 08:26:10.213 I/System.out(16443): params: {json={"command":"version","arguments":[]}
12-09 08:26:10.213 I/System.out(16443): }
12-09 08:26:10.214 I/System.out(16443): header: {date=Sun, 09 Dec 2018 08:26:10 GMT, accept=*/*, content-length=36, host=127.0.0.1:34777, user-agent=HTTPClient/1.0 (2.8.3, ruby 2.3.1 (2016-04-26)), content-type=application/json;charset=utf-8}
12-09 08:26:10.214 I/System.out(16443): params: {json={"command":"version","arguments":[]}
12-09 08:26:10.214 I/System.out(16443): }
12-09 08:26:10.214 I/System.out(16443): ProP json = {"command":"version","arguments":[]}
12-09 08:26:10.214 I/System.out(16443): files: {}
12-09 08:26:10.214 I/System.out(16443): command: {"command":"version","arguments":[]}
12-09 08:26:10.247 I/InstrumentationBackend(16443): Got command:'Command:'Line:null,version', arguments:'[]'
12-09 08:26:10.281 W/art     (16443): Suspending all threads took: 6.999ms
12-09 08:26:10.317 I/art     (16443): Background sticky concurrent mark sweep GC freed 3727(311KB) AllocSpace objects, 9(180KB) LOS objects, 23% free, 1247KB/1641KB, paused 12.130ms total 87.222ms
12-09 08:26:10.348 I/System.out(16443): result:{"bonusInformation":[],"message":"0.9.8","success":true}
12-09 08:26:10.457 I/art     (16443): Background partial concurrent mark sweep GC freed 11068(589KB) AllocSpace objects, 3(60KB) LOS objects, 47% free, 1121KB/2MB, paused 9.254ms total 86.554ms
12-09 08:26:10.497 I/System.out(16443): URI: //start-application
12-09 08:26:10.497 I/System.out(16443): params: {json={"intent":null}
12-09 08:26:10.497 I/System.out(16443): }
12-09 08:26:10.541 I/ActivityManager( 1591): START u0 {act=android.intent.action.MAIN cat=[android.intent.category.LAUNCHER] flg=0x10200000 cmp=com.evancharlton.mileage/.Mileage} from uid 10135 on display 0
12-09 08:26:10.666 D/gralloc_ranchu( 1223): gralloc_alloc: Creating ashmem region of size 3686400
12-09 08:26:10.759 I/calabash(16443): newActivity1
12-09 08:26:10.834 I/calabash(16443): newActivity1
12-09 08:26:10.841 W/ActivityManager( 1591): Bad activity token: android.os.BinderProxy@f226637
12-09 08:26:10.841 W/ActivityManager( 1591): java.lang.ClassCastException: android.os.BinderProxy cannot be cast to com.android.server.am.ActivityRecord$Token
12-09 08:26:10.841 W/ActivityManager( 1591): 	at com.android.server.am.ActivityRecord.forTokenLocked(ActivityRecord.java:424)
12-09 08:26:10.841 W/ActivityManager( 1591): 	at com.android.server.am.ActivityRecord.isInStackLocked(ActivityRecord.java:1121)
12-09 08:26:10.841 W/ActivityManager( 1591): 	at com.android.server.am.ActivityRecord.getStackLocked(ActivityRecord.java:1126)
12-09 08:26:10.841 W/ActivityManager( 1591): 	at com.android.server.am.ActivityManagerService.getActivityDisplayId(ActivityManagerService.java:8889)
12-09 08:26:10.841 W/ActivityManager( 1591): 	at android.app.ActivityManagerNative.onTransact(ActivityManagerNative.java:2338)
12-09 08:26:10.841 W/ActivityManager( 1591): 	at com.android.server.am.ActivityManagerService.onTransact(ActivityManagerService.java:2443)
12-09 08:26:10.841 W/ActivityManager( 1591): 	at android.os.Binder.execTransact(Binder.java:453)
12-09 08:26:10.870 W/ActivityManager( 1591): Bad activity token: android.os.BinderProxy@f226637
12-09 08:26:10.870 W/ActivityManager( 1591): java.lang.ClassCastException: android.os.BinderProxy cannot be cast to com.android.server.am.ActivityRecord$Token
12-09 08:26:10.870 W/ActivityManager( 1591): 	at com.android.server.am.ActivityRecord.forTokenLocked(ActivityRecord.java:424)
12-09 08:26:10.870 W/ActivityManager( 1591): 	at com.android.server.am.ActivityRecord.isInStackLocked(ActivityRecord.java:1121)
12-09 08:26:10.870 W/ActivityManager( 1591): 	at com.android.server.am.ActivityManagerService.setTaskDescription(ActivityManagerService.java:8547)
12-09 08:26:10.870 W/ActivityManager( 1591): 	at android.app.ActivityManagerNative.onTransact(ActivityManagerNative.java:2410)
12-09 08:26:10.870 W/ActivityManager( 1591): 	at com.android.server.am.ActivityManagerService.onTransact(ActivityManagerService.java:2443)
12-09 08:26:10.870 W/ActivityManager( 1591): 	at android.os.Binder.execTransact(Binder.java:453)
12-09 08:26:10.941 V/PhoneStatusBar( 1706): setLightsOn(true)
12-09 08:26:11.134 W/ActivityManager( 1591): Bad activity token: android.os.BinderProxy@f226637
12-09 08:26:11.134 W/ActivityManager( 1591): java.lang.ClassCastException: android.os.BinderProxy cannot be cast to com.android.server.am.ActivityRecord$Token
12-09 08:26:11.134 W/ActivityManager( 1591): 	at com.android.server.am.ActivityRecord.forTokenLocked(ActivityRecord.java:424)
12-09 08:26:11.134 W/ActivityManager( 1591): 	at com.android.server.am.ActivityRecord.isInStackLocked(ActivityRecord.java:1121)
12-09 08:26:11.134 W/ActivityManager( 1591): 	at com.android.server.am.ActivityManagerService.getActivityOptions(ActivityManagerService.java:11038)
12-09 08:26:11.134 W/ActivityManager( 1591): 	at android.app.ActivityManagerNative.onTransact(ActivityManagerNative.java:1734)
12-09 08:26:11.134 W/ActivityManager( 1591): 	at com.android.server.am.ActivityManagerService.onTransact(ActivityManagerService.java:2443)
12-09 08:26:11.134 W/ActivityManager( 1591): 	at android.os.Binder.execTransact(Binder.java:453)
12-09 08:26:11.135 W/ActivityManager( 1591): Bad activity token: android.os.BinderProxy@f226637
12-09 08:26:11.135 W/ActivityManager( 1591): java.lang.ClassCastException: android.os.BinderProxy cannot be cast to com.android.server.am.ActivityRecord$Token
12-09 08:26:11.135 W/ActivityManager( 1591): 	at com.android.server.am.ActivityRecord.forTokenLocked(ActivityRecord.java:424)
12-09 08:26:11.135 W/ActivityManager( 1591): 	at com.android.server.am.ActivityRecord.isInStackLocked(ActivityRecord.java:1121)
12-09 08:26:11.135 W/ActivityManager( 1591): 	at com.android.server.am.ActivityManagerService.getActivityOptions(ActivityManagerService.java:11038)
12-09 08:26:11.135 W/ActivityManager( 1591): 	at android.app.ActivityManagerNative.onTransact(ActivityManagerNative.java:1734)
12-09 08:26:11.135 W/ActivityManager( 1591): 	at com.android.server.am.ActivityManagerService.onTransact(ActivityManagerService.java:2443)
12-09 08:26:11.135 W/ActivityManager( 1591): 	at android.os.Binder.execTransact(Binder.java:453)
12-09 08:26:11.221 I/art     (16443): Background sticky concurrent mark sweep GC freed 1863(326KB) AllocSpace objects, 0(0B) LOS objects, 14% free, 1823KB/2MB, paused 1.465ms total 189.283ms
12-09 08:26:11.477 D/EGL_emulation( 1922): eglMakeCurrent: 0x7f91c29b4b40: ver 2 0 (tinfo 0x7f91c2982d80)
12-09 08:26:11.484 E/Surface ( 1922): getSlotFromBufferLocked: unknown buffer: 0x7f91bef8c060
12-09 08:26:12.166 D/gralloc_ranchu( 1223): gralloc_alloc: Creating ashmem region of size 3686400
12-09 08:26:12.247 D/        (16443): HostConnection::get() New Host Connection established 0x7f91beffcf20, tid 16443
12-09 08:26:12.302 I/ActivityManager( 1591): Displayed com.evancharlton.mileage/.Mileage: +1s555ms
12-09 08:26:12.443 D/gralloc_ranchu( 1223): gralloc_alloc: Creating ashmem region of size 3686400
12-09 08:26:13.137 I/System.out(16443): URI: //gesture
12-09 08:26:13.137 I/System.out(16443): params: {json={"query_timeout":5.0,"gestures":[{"query_string":"android.widget.TabWidget descendant TextView index:1","touches":[{"x":50,"y":50,"offset_x":0,"offset_y":0,"wait":0.0,"time":0.2,"release":true,"query_string":null}]}]}
12-09 08:26:13.137 I/System.out(16443): }
12-09 08:26:14.053 W/art     (16443): Suspending all threads took: 6.881ms
12-09 08:26:14.080 I/art     (16443): Background sticky concurrent mark sweep GC freed 24934(1040KB) AllocSpace objects, 0(0B) LOS objects, 26% free, 2MB/3MB, paused 27.742ms total 60.974ms
12-09 08:26:14.082 I/calabash(16443): newActivity1
12-09 08:26:14.084 W/ActivityManager( 1591): Bad activity token: android.os.BinderProxy@7f26b28
12-09 08:26:14.084 W/ActivityManager( 1591): java.lang.ClassCastException: android.os.BinderProxy cannot be cast to com.android.server.am.ActivityRecord$Token
12-09 08:26:14.084 W/ActivityManager( 1591): 	at com.android.server.am.ActivityRecord.forTokenLocked(ActivityRecord.java:424)
12-09 08:26:14.084 W/ActivityManager( 1591): 	at com.android.server.am.ActivityRecord.isInStackLocked(ActivityRecord.java:1121)
12-09 08:26:14.084 W/ActivityManager( 1591): 	at com.android.server.am.ActivityRecord.getStackLocked(ActivityRecord.java:1126)
12-09 08:26:14.084 W/ActivityManager( 1591): 	at com.android.server.am.ActivityManagerService.getActivityDisplayId(ActivityManagerService.java:8889)
12-09 08:26:14.084 W/ActivityManager( 1591): 	at android.app.ActivityManagerNative.onTransact(ActivityManagerNative.java:2338)
12-09 08:26:14.084 W/ActivityManager( 1591): 	at com.android.server.am.ActivityManagerService.onTransact(ActivityManagerService.java:2443)
12-09 08:26:14.084 W/ActivityManager( 1591): 	at android.os.Binder.execTransact(Binder.java:453)
12-09 08:26:14.089 W/ActivityManager( 1591): Bad activity token: android.os.BinderProxy@7f26b28
12-09 08:26:14.089 W/ActivityManager( 1591): java.lang.ClassCastException: android.os.BinderProxy cannot be cast to com.android.server.am.ActivityRecord$Token
12-09 08:26:14.089 W/ActivityManager( 1591): 	at com.android.server.am.ActivityRecord.forTokenLocked(ActivityRecord.java:424)
12-09 08:26:14.089 W/ActivityManager( 1591): 	at com.android.server.am.ActivityRecord.isInStackLocked(ActivityRecord.java:1121)
12-09 08:26:14.089 W/ActivityManager( 1591): 	at com.android.server.am.ActivityManagerService.setTaskDescription(ActivityManagerService.java:8547)
12-09 08:26:14.089 W/ActivityManager( 1591): 	at android.app.ActivityManagerNative.onTransact(ActivityManagerNative.java:2410)
12-09 08:26:14.089 W/ActivityManager( 1591): 	at com.android.server.am.ActivityManagerService.onTransact(ActivityManagerService.java:2443)
12-09 08:26:14.089 W/ActivityManager( 1591): 	at android.os.Binder.execTransact(Binder.java:453)
12-09 08:26:14.090 W/audio_hw_generic( 1308): Hardware backing HAL too slow, could only write 0 of 661 frames
12-09 08:26:14.109 W/audio_hw_generic( 1308): Hardware backing HAL too slow, could only write 0 of 661 frames
12-09 08:26:14.112 D/AudioFlinger( 1308): mixer(0xf4340000) throttle end: throttle time(1)
12-09 08:26:14.167 W/ActivityManager( 1591): Bad activity token: android.os.BinderProxy@7f26b28
12-09 08:26:14.167 W/ActivityManager( 1591): java.lang.ClassCastException: android.os.BinderProxy cannot be cast to com.android.server.am.ActivityRecord$Token
12-09 08:26:14.167 W/ActivityManager( 1591): 	at com.android.server.am.ActivityRecord.forTokenLocked(ActivityRecord.java:424)
12-09 08:26:14.167 W/ActivityManager( 1591): 	at com.android.server.am.ActivityRecord.isInStackLocked(ActivityRecord.java:1121)
12-09 08:26:14.167 W/ActivityManager( 1591): 	at com.android.server.am.ActivityManagerService.getActivityOptions(ActivityManagerService.java:11038)
12-09 08:26:14.167 W/ActivityManager( 1591): 	at android.app.ActivityManagerNative.onTransact(ActivityManagerNative.java:1734)
12-09 08:26:14.167 W/ActivityManager( 1591): 	at com.android.server.am.ActivityManagerService.onTransact(ActivityManagerService.java:2443)
12-09 08:26:14.167 W/ActivityManager( 1591): 	at android.os.Binder.execTransact(Binder.java:453)
12-09 08:26:14.168 W/ActivityManager( 1591): Bad activity token: android.os.BinderProxy@7f26b28
12-09 08:26:14.168 W/ActivityManager( 1591): java.lang.ClassCastException: android.os.BinderProxy cannot be cast to com.android.server.am.ActivityRecord$Token
12-09 08:26:14.168 W/ActivityManager( 1591): 	at com.android.server.am.ActivityRecord.forTokenLocked(ActivityRecord.java:424)
12-09 08:26:14.168 W/ActivityManager( 1591): 	at com.android.server.am.ActivityRecord.isInStackLocked(ActivityRecord.java:1121)
12-09 08:26:14.168 W/ActivityManager( 1591): 	at com.android.server.am.ActivityManagerService.getActivityOptions(ActivityManagerService.java:11038)
12-09 08:26:14.168 W/ActivityManager( 1591): 	at android.app.ActivityManagerNative.onTransact(ActivityManagerNative.java:1734)
12-09 08:26:14.168 W/ActivityManager( 1591): 	at com.android.server.am.ActivityManagerService.onTransact(ActivityManagerService.java:2443)
12-09 08:26:14.168 W/ActivityManager( 1591): 	at android.os.Binder.execTransact(Binder.java:453)
12-09 08:26:14.574 D/gralloc_ranchu( 1223): gralloc_alloc: Creating ashmem region of size 3686400
12-09 08:26:14.606 D/Mileage (16443): Not enough fillups to calculate economy
12-09 08:26:14.661 W/audio_hw_generic( 1308): Not supplying enough data to HAL, expected position 39913882 , only wrote 39913824
12-09 08:26:14.661 W/audio_hw_generic( 1308): Not supplying enough data to HAL, expected position 39913831 , only wrote 39913824
12-09 08:26:14.677 W/audio_hw_generic( 1308): Not supplying enough data to HAL, expected position 39914507 , only wrote 39914485
12-09 08:26:14.677 W/audio_hw_generic( 1308): Hardware backing HAL too slow, could only write 0 of 661 frames
12-09 08:26:14.692 E/SurfaceFlinger( 1223): ro.sf.lcd_density must be defined as a build property
12-09 08:26:14.694 D/gralloc_ranchu( 1223): gralloc_alloc: Creating ashmem region of size 3686400
12-09 08:26:14.769 W/audio_hw_generic( 1308): Hardware backing HAL too slow, could only write 0 of 661 frames
12-09 08:26:14.769 W/audio_hw_generic( 1308): Not supplying enough data to HAL, expected position 39918566 , only wrote 39918451
12-09 08:26:14.769 W/audio_hw_generic( 1308): Not supplying enough data to HAL, expected position 39918457 , only wrote 39918451
12-09 08:26:14.793 W/audio_hw_generic( 1308): Not supplying enough data to HAL, expected position 39919479 , only wrote 39919112
12-09 08:26:14.828 D/        (16470): HostConnection::get() New Host Connection established 0x7f8d9f792480, tid 16470
12-09 08:26:14.853 E/EGL_emulation( 1223): tid 1223: eglCreateSyncKHR(1881): error 0x3004 (EGL_BAD_ATTRIBUTE)
12-09 08:26:14.994 W/audio_hw_generic( 1308): Not supplying enough data to HAL, expected position 39928020 , only wrote 39925061
12-09 08:26:14.995 W/audio_hw_generic( 1308): Not supplying enough data to HAL, expected position 39925068 , only wrote 39925061
12-09 08:26:15.017 W/audio_hw_generic( 1308): Not supplying enough data to HAL, expected position 39926043 , only wrote 39925722
12-09 08:26:15.291 W/audio_hw_generic( 1308): Not supplying enough data to HAL, expected position 39937816 , only wrote 39937620
12-09 08:26:15.291 W/audio_hw_generic( 1308): Not supplying enough data to HAL, expected position 39937628 , only wrote 39937620
12-09 08:26:15.307 W/audio_hw_generic( 1308): Not supplying enough data to HAL, expected position 39938323 , only wrote 39938281
12-09 08:26:15.407 W/audio_hw_generic( 1308): Hardware backing HAL too slow, could only write 0 of 661 frames
12-09 08:26:15.419 W/audio_hw_generic( 1308): Hardware backing HAL too slow, could only write 0 of 661 frames
12-09 08:26:15.670 W/audio_hw_generic( 1308): Not supplying enough data to HAL, expected position 39954267 , only wrote 39953484
12-09 08:26:15.748 W/audio_hw_generic( 1308): Not supplying enough data to HAL, expected position 39956920 , only wrote 39956789
12-09 08:26:16.006 I/System.out(16443): URI: //gesture
12-09 08:26:16.006 I/System.out(16443): params: {json={"query_timeout":5.0,"gestures":[{"query_string":"android.widget.TabWidget descendant TextView index:3","touches":[{"x":50,"y":50,"offset_x":0,"offset_y":0,"wait":0.0,"time":0.2,"release":true,"query_string":null}]}]}
12-09 08:26:16.006 I/System.out(16443): }
12-09 08:26:16.062 W/audio_hw_generic( 1308): Not supplying enough data to HAL, expected position 39970624 , only wrote 39969348
12-09 08:26:16.086 W/CursorWrapperInner(16443): Cursor finalized without prior close()
12-09 08:26:16.086 I/art     (16443): Background sticky concurrent mark sweep GC freed 8187(339KB) AllocSpace objects, 1(20KB) LOS objects, 7% free, 2MB/3MB, paused 11.397ms total 71.345ms
12-09 08:26:16.197 W/audio_hw_generic( 1308): Not supplying enough data to HAL, expected position 39975343 , only wrote 39975297
12-09 08:26:16.213 W/audio_hw_generic( 1308): Not supplying enough data to HAL, expected position 39975997 , only wrote 39975958
12-09 08:26:16.213 W/audio_hw_generic( 1308): Not supplying enough data to HAL, expected position 39975965 , only wrote 39975958
12-09 08:26:16.229 W/audio_hw_generic( 1308): Not supplying enough data to HAL, expected position 39976630 , only wrote 39976619
12-09 08:26:16.232 I/art     (16443): Background partial concurrent mark sweep GC freed 13000(666KB) AllocSpace objects, 2(40KB) LOS objects, 39% free, 2MB/3MB, paused 1.147ms total 122.754ms
12-09 08:26:16.398 W/audio_hw_generic( 1308): Not supplying enough data to HAL, expected position 39984064 , only wrote 39983890
12-09 08:26:16.569 W/audio_hw_generic( 1308): Not supplying enough data to HAL, expected position 39991455 , only wrote 39989178
12-09 08:26:16.569 W/audio_hw_generic( 1308): Not supplying enough data to HAL, expected position 39989185 , only wrote 39989178
12-09 08:26:16.588 I/calabash(16443): newActivity1
12-09 08:26:16.590 W/ActivityManager( 1591): Bad activity token: android.os.BinderProxy@cb95f7d
12-09 08:26:16.590 W/ActivityManager( 1591): java.lang.ClassCastException: android.os.BinderProxy cannot be cast to com.android.server.am.ActivityRecord$Token
12-09 08:26:16.590 W/ActivityManager( 1591): 	at com.android.server.am.ActivityRecord.forTokenLocked(ActivityRecord.java:424)
12-09 08:26:16.590 W/ActivityManager( 1591): 	at com.android.server.am.ActivityRecord.isInStackLocked(ActivityRecord.java:1121)
12-09 08:26:16.590 W/ActivityManager( 1591): 	at com.android.server.am.ActivityRecord.getStackLocked(ActivityRecord.java:1126)
12-09 08:26:16.590 W/ActivityManager( 1591): 	at com.android.server.am.ActivityManagerService.getActivityDisplayId(ActivityManagerService.java:8889)
12-09 08:26:16.590 W/ActivityManager( 1591): 	at android.app.ActivityManagerNative.onTransact(ActivityManagerNative.java:2338)
12-09 08:26:16.590 W/ActivityManager( 1591): 	at com.android.server.am.ActivityManagerService.onTransact(ActivityManagerService.java:2443)
12-09 08:26:16.590 W/ActivityManager( 1591): 	at android.os.Binder.execTransact(Binder.java:453)
12-09 08:26:16.591 W/ActivityManager( 1591): Bad activity token: android.os.BinderProxy@cb95f7d
12-09 08:26:16.591 W/ActivityManager( 1591): java.lang.ClassCastException: android.os.BinderProxy cannot be cast to com.android.server.am.ActivityRecord$Token
12-09 08:26:16.591 W/ActivityManager( 1591): 	at com.android.server.am.ActivityRecord.forTokenLocked(ActivityRecord.java:424)
12-09 08:26:16.591 W/ActivityManager( 1591): 	at com.android.server.am.ActivityRecord.isInStackLocked(ActivityRecord.java:1121)
12-09 08:26:16.591 W/ActivityManager( 1591): 	at com.android.server.am.ActivityManagerService.setTaskDescription(ActivityManagerService.java:8547)
12-09 08:26:16.591 W/ActivityManager( 1591): 	at android.app.ActivityManagerNative.onTransact(ActivityManagerNative.java:2410)
12-09 08:26:16.591 W/ActivityManager( 1591): 	at com.android.server.am.ActivityManagerService.onTransact(ActivityManagerService.java:2443)
12-09 08:26:16.591 W/ActivityManager( 1591): 	at android.os.Binder.execTransact(Binder.java:453)
12-09 08:26:16.626 W/audio_hw_generic( 1308): Not supplying enough data to HAL, expected position 39991691 , only wrote 39989839
12-09 08:26:16.630 W/ActivityManager( 1591): Bad activity token: android.os.BinderProxy@cb95f7d
12-09 08:26:16.630 W/ActivityManager( 1591): java.lang.ClassCastException: android.os.BinderProxy cannot be cast to com.android.server.am.ActivityRecord$Token
12-09 08:26:16.630 W/ActivityManager( 1591): 	at com.android.server.am.ActivityRecord.forTokenLocked(ActivityRecord.java:424)
12-09 08:26:16.630 W/ActivityManager( 1591): 	at com.android.server.am.ActivityRecord.isInStackLocked(ActivityRecord.java:1121)
12-09 08:26:16.630 W/ActivityManager( 1591): 	at com.android.server.am.ActivityManagerService.getActivityOptions(ActivityManagerService.java:11038)
12-09 08:26:16.630 W/ActivityManager( 1591): 	at android.app.ActivityManagerNative.onTransact(ActivityManagerNative.java:1734)
12-09 08:26:16.630 W/ActivityManager( 1591): 	at com.android.server.am.ActivityManagerService.onTransact(ActivityManagerService.java:2443)
12-09 08:26:16.630 W/ActivityManager( 1591): 	at android.os.Binder.execTransact(Binder.java:453)
12-09 08:26:16.630 W/ActivityManager( 1591): Bad activity token: android.os.BinderProxy@cb95f7d
12-09 08:26:16.630 W/ActivityManager( 1591): java.lang.ClassCastException: android.os.BinderProxy cannot be cast to com.android.server.am.ActivityRecord$Token
12-09 08:26:16.630 W/ActivityManager( 1591): 	at com.android.server.am.ActivityRecord.forTokenLocked(ActivityRecord.java:424)
12-09 08:26:16.630 W/ActivityManager( 1591): 	at com.android.server.am.ActivityRecord.isInStackLocked(ActivityRecord.java:1121)
12-09 08:26:16.630 W/ActivityManager( 1591): 	at com.android.server.am.ActivityManagerService.getActivityOptions(ActivityManagerService.java:11038)
12-09 08:26:16.630 W/ActivityManager( 1591): 	at android.app.ActivityManagerNative.onTransact(ActivityManagerNative.java:1734)
12-09 08:26:16.630 W/ActivityManager( 1591): 	at com.android.server.am.ActivityManagerService.onTransact(ActivityManagerService.java:2443)
12-09 08:26:16.630 W/ActivityManager( 1591): 	at android.os.Binder.execTransact(Binder.java:453)
12-09 08:26:16.642 W/audio_hw_generic( 1308): Not supplying enough data to HAL, expected position 39990519 , only wrote 39990500
12-09 08:26:16.769 W/audio_hw_generic( 1308): Hardware backing HAL too slow, could only write 0 of 661 frames
12-09 08:26:16.785 W/audio_hw_generic( 1308): Hardware backing HAL too slow, could only write 0 of 661 frames
12-09 08:26:16.789 W/audio_hw_generic( 1308): Hardware backing HAL too slow, could only write 0 of 661 frames
12-09 08:26:16.826 W/audio_hw_generic( 1308): Hardware backing HAL too slow, could only write 0 of 661 frames
12-09 08:26:16.836 I/art     (16443): Background sticky concurrent mark sweep GC freed 29875(1435KB) AllocSpace objects, 1(20KB) LOS objects, 38% free, 2MB/3MB, paused 1.322ms total 190.633ms
12-09 08:26:16.836 W/audio_hw_generic( 1308): Hardware backing HAL too slow, could only write 0 of 661 frames
12-09 08:26:16.857 W/audio_hw_generic( 1308): Hardware backing HAL too slow, could only write 0 of 661 frames
12-09 08:26:16.934 W/audio_hw_generic( 1308): Not supplying enough data to HAL, expected position 40003383 , only wrote 40002398
12-09 08:26:16.934 W/audio_hw_generic( 1308): Not supplying enough data to HAL, expected position 40002405 , only wrote 40002398
12-09 08:26:16.974 W/audio_hw_generic( 1308): Not supplying enough data to HAL, expected position 40004150 , only wrote 40003059
12-09 08:26:17.141 E/SurfaceFlinger( 1223): ro.sf.lcd_density must be defined as a build property
12-09 08:26:17.169 D/gralloc_ranchu( 1223): gralloc_alloc: Creating ashmem region of size 3686400
12-09 08:26:17.186 W/audio_hw_generic( 1308): Not supplying enough data to HAL, expected position 40012429 , only wrote 40012313
12-09 08:26:17.198 D/        (16475): HostConnection::get() New Host Connection established 0x7f6da62d2480, tid 16475
12-09 08:26:17.201 W/audio_hw_generic( 1308): Hardware backing HAL too slow, could only write 0 of 661 frames
12-09 08:26:17.216 W/audio_hw_generic( 1308): Hardware backing HAL too slow, could only write 0 of 661 frames
12-09 08:26:17.217 E/EGL_emulation( 1223): tid 1223: eglCreateSyncKHR(1881): error 0x3004 (EGL_BAD_ATTRIBUTE)
12-09 08:26:17.909 W/audio_hw_generic( 1308): Not supplying enough data to HAL, expected position 40044181 , only wrote 40044041
12-09 08:26:17.909 W/audio_hw_generic( 1308): Not supplying enough data to HAL, expected position 40044048 , only wrote 40044041
12-09 08:26:17.929 W/audio_hw_generic( 1308): Not supplying enough data to HAL, expected position 40044930 , only wrote 40044702
12-09 08:26:17.946 I/System.out(16443): URI: //gesture
12-09 08:26:17.946 I/System.out(16443): params: {json={"query_timeout":5.0,"gestures":[{"query_string":"android.widget.TabWidget descendant TextView index:2","touches":[{"x":50,"y":50,"offset_x":0,"offset_y":0,"wait":0.0,"time":0.2,"release":true,"query_string":null}]}]}
12-09 08:26:17.946 I/System.out(16443): }
12-09 08:26:18.097 W/audio_hw_generic( 1308): Not supplying enough data to HAL, expected position 40052114 , only wrote 40051973
12-09 08:26:18.241 W/audio_hw_generic( 1308): Not supplying enough data to HAL, expected position 40058325 , only wrote 40057922
12-09 08:26:18.675 I/calabash(16443): newActivity1
12-09 08:26:18.737 W/audio_hw_generic( 1308): Not supplying enough data to HAL, expected position 40079794 , only wrote 40079074
12-09 08:26:18.789 D/AudioFlinger( 1308): mixer(0xf4340000) throttle end: throttle time(3)
12-09 08:26:18.834 W/audio_hw_generic( 1308): Not supplying enough data to HAL, expected position 40083341 , only wrote 40083040
12-09 08:26:18.881 W/audio_hw_generic( 1308): Not supplying enough data to HAL, expected position 40085125 , only wrote 40084362
12-09 08:26:18.899 W/ActivityManager( 1591): Bad activity token: android.os.BinderProxy@db3ee72
12-09 08:26:18.899 W/ActivityManager( 1591): java.lang.ClassCastException: android.os.BinderProxy cannot be cast to com.android.server.am.ActivityRecord$Token
12-09 08:26:18.899 W/ActivityManager( 1591): 	at com.android.server.am.ActivityRecord.forTokenLocked(ActivityRecord.java:424)
12-09 08:26:18.899 W/ActivityManager( 1591): 	at com.android.server.am.ActivityRecord.isInStackLocked(ActivityRecord.java:1121)
12-09 08:26:18.899 W/ActivityManager( 1591): 	at com.android.server.am.ActivityRecord.getStackLocked(ActivityRecord.java:1126)
12-09 08:26:18.899 W/ActivityManager( 1591): 	at com.android.server.am.ActivityManagerService.getActivityDisplayId(ActivityManagerService.java:8889)
12-09 08:26:18.899 W/ActivityManager( 1591): 	at android.app.ActivityManagerNative.onTransact(ActivityManagerNative.java:2338)
12-09 08:26:18.899 W/ActivityManager( 1591): 	at com.android.server.am.ActivityManagerService.onTransact(ActivityManagerService.java:2443)
12-09 08:26:18.899 W/ActivityManager( 1591): 	at android.os.Binder.execTransact(Binder.java:453)
12-09 08:26:18.900 W/ActivityManager( 1591): Bad activity token: android.os.BinderProxy@db3ee72
12-09 08:26:18.900 W/ActivityManager( 1591): java.lang.ClassCastException: android.os.BinderProxy cannot be cast to com.android.server.am.ActivityRecord$Token
12-09 08:26:18.900 W/ActivityManager( 1591): 	at com.android.server.am.ActivityRecord.forTokenLocked(ActivityRecord.java:424)
12-09 08:26:18.900 W/ActivityManager( 1591): 	at com.android.server.am.ActivityRecord.isInStackLocked(ActivityRecord.java:1121)
12-09 08:26:18.900 W/ActivityManager( 1591): 	at com.android.server.am.ActivityManagerService.setTaskDescription(ActivityManagerService.java:8547)
12-09 08:26:18.900 W/ActivityManager( 1591): 	at android.app.ActivityManagerNative.onTransact(ActivityManagerNative.java:2410)
12-09 08:26:18.900 W/ActivityManager( 1591): 	at com.android.server.am.ActivityManagerService.onTransact(ActivityManagerService.java:2443)
12-09 08:26:18.900 W/ActivityManager( 1591): 	at android.os.Binder.execTransact(Binder.java:453)
12-09 08:26:18.940 I/art     (16443): Background sticky concurrent mark sweep GC freed 55303(2MB) AllocSpace objects, 2(40KB) LOS objects, 25% free, 2MB/3MB, paused 15.483ms total 259.572ms
12-09 08:26:19.002 W/audio_hw_generic( 1308): Not supplying enough data to HAL, expected position 40089657 , only wrote 40088328
12-09 08:26:19.040 W/audio_hw_generic( 1308): Not supplying enough data to HAL, expected position 40090032 , only wrote 40089650
12-09 08:26:19.056 D/VehicleStatisticsActivity(16443): Checking recalculation ...
12-09 08:26:19.069 D/VehicleStatisticsActivity(16443): Recalculating statistics
12-09 08:26:19.070 D/VehicleStatisticsTask(16443): Calculation starting...
12-09 08:26:19.070 D/VehicleStatisticsActivity(16443): Recalculation started!
12-09 08:26:19.071 W/ActivityManager( 1591): Bad activity token: android.os.BinderProxy@db3ee72
12-09 08:26:19.071 W/ActivityManager( 1591): java.lang.ClassCastException: android.os.BinderProxy cannot be cast to com.android.server.am.ActivityRecord$Token
12-09 08:26:19.071 W/ActivityManager( 1591): 	at com.android.server.am.ActivityRecord.forTokenLocked(ActivityRecord.java:424)
12-09 08:26:19.071 W/ActivityManager( 1591): 	at com.android.server.am.ActivityRecord.isInStackLocked(ActivityRecord.java:1121)
12-09 08:26:19.071 W/ActivityManager( 1591): 	at com.android.server.am.ActivityManagerService.getActivityOptions(ActivityManagerService.java:11038)
12-09 08:26:19.071 W/ActivityManager( 1591): 	at android.app.ActivityManagerNative.onTransact(ActivityManagerNative.java:1734)
12-09 08:26:19.071 W/ActivityManager( 1591): 	at com.android.server.am.ActivityManagerService.onTransact(ActivityManagerService.java:2443)
12-09 08:26:19.071 W/ActivityManager( 1591): 	at android.os.Binder.execTransact(Binder.java:453)
12-09 08:26:19.083 W/audio_hw_generic( 1308): Hardware backing HAL too slow, could only write 0 of 661 frames
12-09 08:26:19.085 W/ActivityManager( 1591): Bad activity token: android.os.BinderProxy@db3ee72
12-09 08:26:19.085 W/ActivityManager( 1591): java.lang.ClassCastException: android.os.BinderProxy cannot be cast to com.android.server.am.ActivityRecord$Token
12-09 08:26:19.085 W/ActivityManager( 1591): 	at com.android.server.am.ActivityRecord.forTokenLocked(ActivityRecord.java:424)
12-09 08:26:19.085 W/ActivityManager( 1591): 	at com.android.server.am.ActivityRecord.isInStackLocked(ActivityRecord.java:1121)
12-09 08:26:19.085 W/ActivityManager( 1591): 	at com.android.server.am.ActivityManagerService.getActivityOptions(ActivityManagerService.java:11038)
12-09 08:26:19.085 W/ActivityManager( 1591): 	at android.app.ActivityManagerNative.onTransact(ActivityManagerNative.java:1734)
12-09 08:26:19.085 W/ActivityManager( 1591): 	at com.android.server.am.ActivityManagerService.onTransact(ActivityManagerService.java:2443)
12-09 08:26:19.085 W/ActivityManager( 1591): 	at android.os.Binder.execTransact(Binder.java:453)
12-09 08:26:19.087 D/VehicleStatisticsActivity(16443): Checking recalculation ...
12-09 08:26:19.087 D/VehicleStatisticsActivity(16443): Recalculating statistics
12-09 08:26:19.088 D/VehicleStatisticsTask(16443): Calculation starting...
12-09 08:26:19.088 D/VehicleStatisticsActivity(16443): Recalculation started!
12-09 08:26:19.095 W/audio_hw_generic( 1308): Hardware backing HAL too slow, could only write 0 of 661 frames
12-09 08:26:19.110 W/audio_hw_generic( 1308): Hardware backing HAL too slow, could only write 0 of 661 frames
12-09 08:26:19.120 D/VehicleStatisticsTask(16443): Not enough fillups to calculate statistics
12-09 08:26:19.128 W/audio_hw_generic( 1308): Hardware backing HAL too slow, could only write 0 of 661 frames
12-09 08:26:19.129 D/VehicleStatisticsTask(16443): Not enough fillups to calculate statistics
12-09 08:26:19.208 W/audio_hw_generic( 1308): Not supplying enough data to HAL, expected position 40097054 , only wrote 40096921
12-09 08:26:19.222 E/SurfaceFlinger( 1223): ro.sf.lcd_density must be defined as a build property
12-09 08:26:19.223 D/gralloc_ranchu( 1223): gralloc_alloc: Creating ashmem region of size 3686400
12-09 08:26:19.242 D/VehicleStatisticsTask(16443): Done recalculating!
12-09 08:26:19.248 D/VehicleStatisticsTask(16443): Done recalculating!
12-09 08:26:19.293 W/audio_hw_generic( 1308): Hardware backing HAL too slow, could only write 0 of 661 frames
12-09 08:26:19.294 D/VehicleStatisticsAdapter(16443): Erasing the cache ...
12-09 08:26:19.302 D/VehicleStatisticsAdapter(16443): Building new values ...
12-09 08:26:19.302 D/VehicleStatisticsAdapter(16443): Writing 29 records to the database ...
12-09 08:26:19.313 W/audio_hw_generic( 1308): Hardware backing HAL too slow, could only write 0 of 661 frames
12-09 08:26:19.314 D/VehicleStatisticsAdapter(16443): Erasing the cache ...
12-09 08:26:19.331 W/audio_hw_generic( 1308): Hardware backing HAL too slow, could only write 0 of 661 frames
12-09 08:26:19.343 W/audio_hw_generic( 1308): Hardware backing HAL too slow, could only write 0 of 661 frames
12-09 08:26:19.372 W/audio_hw_generic( 1308): Hardware backing HAL too slow, could only write 0 of 661 frames
12-09 08:26:19.373 W/audio_hw_generic( 1308): Hardware backing HAL too slow, could only write 0 of 661 frames
12-09 08:26:19.389 D/        (16481): HostConnection::get() New Host Connection established 0x7f56a7692480, tid 16481
12-09 08:26:19.392 W/audio_hw_generic( 1308): Hardware backing HAL too slow, could only write 0 of 661 frames
12-09 08:26:19.393 D/Mileage.ABS(16443): Finished backup
12-09 08:26:19.394 D/Mileage.ABS(16443): Not backing up; 146
12-09 08:26:19.413 W/audio_hw_generic( 1308): Hardware backing HAL too slow, could only write 0 of 661 frames
12-09 08:26:19.423 W/audio_hw_generic( 1308): Hardware backing HAL too slow, could only write 0 of 661 frames
12-09 08:26:19.435 E/EGL_emulation( 1223): tid 1223: eglCreateSyncKHR(1881): error 0x3004 (EGL_BAD_ATTRIBUTE)
