--------- beginning of main
12-09 08:01:25.356 W/art     ( 1591): Long monitor contention event with owner method=void com.android.server.wm.WindowAnimator$1.doFrame(long) from WindowAnimator.java:121 waiters=0 for 166ms
12-09 08:01:25.717 W/art     ( 1591): Long monitor contention event with owner method=void com.android.server.wm.WindowAnimator$1.doFrame(long) from WindowAnimator.java:121 waiters=1 for 226ms
12-09 08:01:25.825 W/art     ( 1591): Long monitor contention event with owner method=void com.android.server.wm.WindowAnimator$1.doFrame(long) from WindowAnimator.java:121 waiters=1 for 242ms
12-09 08:01:25.922 W/art     ( 1591): Long monitor contention event with owner method=void com.android.server.wm.WindowAnimator$1.doFrame(long) from WindowAnimator.java:121 waiters=1 for 204ms
12-09 08:01:26.060 W/art     ( 1591): Long monitor contention event with owner method=void com.android.server.wm.WindowAnimator$1.doFrame(long) from WindowAnimator.java:121 waiters=1 for 235ms
12-09 08:01:26.061 W/art     ( 1591): Long monitor contention event with owner method=void com.android.server.wm.WindowAnimator$1.doFrame(long) from WindowAnimator.java:121 waiters=1 for 139ms
12-09 08:01:26.329 W/art     ( 1591): Long monitor contention event with owner method=void com.android.server.wm.WindowAnimator$1.doFrame(long) from WindowAnimator.java:121 waiters=0 for 158ms
12-09 08:01:26.756 D/AndroidRuntime(10461): >>>>>> START com.android.internal.os.RuntimeInit uid 0 <<<<<<
12-09 08:01:26.757 D/AndroidRuntime(10461): CheckJNI is ON
12-09 08:01:26.787 D/ICU     (10461): No timezone override file found: /data/misc/zoneinfo/current/icu/icu_tzdata.dat
12-09 08:01:27.086 E/memtrack(10461): Couldn't load memtrack module (No such file or directory)
12-09 08:01:27.086 E/android.os.Debug(10461): failed to load memtrack module: -2
12-09 08:01:27.092 I/Radio-JNI(10461): register_android_hardware_Radio DONE
12-09 08:01:27.123 D/AndroidRuntime(10461): Calling main entry com.android.commands.am.Am
12-09 08:01:27.452 W/art     ( 1591): Long monitor contention event with owner method=void com.android.server.wm.WindowAnimator$1.doFrame(long) from WindowAnimator.java:121 waiters=0 for 125ms
12-09 08:01:27.908 W/art     ( 1591): Long monitor contention event with owner method=void com.android.server.wm.WindowAnimator$1.doFrame(long) from WindowAnimator.java:121 waiters=0 for 125ms
12-09 08:01:28.910 W/SurfaceFlinger( 1223): Timed out waiting for hw vsync; faking it
12-09 08:01:30.288 W/SurfaceFlinger( 1223): Timed out waiting for hw vsync; faking it
12-09 08:01:30.292 W/art     ( 1591): Long monitor contention event with owner method=void com.android.server.wm.WindowAnimator$1.doFrame(long) from WindowAnimator.java:121 waiters=0 for 2.383s
12-09 08:01:30.293 I/Choreographer( 1591): Skipped 83 frames!  The application may be doing too much work on its main thread.
12-09 08:01:30.422 D/EGL_emulation( 1937): eglMakeCurrent: 0x7f0bdab21d20: ver 2 0 (tinfo 0x7f0bdab028e0)
12-09 08:01:30.461 E/Surface ( 1937): getSlotFromBufferLocked: unknown buffer: 0x7f0bd6a47de0
--------- beginning of system
12-09 08:01:30.463 I/WindowManager( 1591): Screenshot max retries 4 of Token{d19e94b ActivityRecord{20b8a1a u0 com.evancharlton.mileage.test/sh.calaba.instrumentationbackend.StatusReporterActivity t395 f}} appWin=Window{490a535 u0 Starting com.evancharlton.mileage.test} drawState=3
12-09 08:01:30.464 W/art     ( 1591): Long monitor contention event with owner method=boolean com.android.server.am.ActivityManagerService.finishActivity(android.os.IBinder, int, android.content.Intent, boolean) from ActivityManagerService.java:4245 waiters=0 for 6.260s
12-09 08:01:30.464 W/art     ( 1591): Long monitor contention event with owner method=boolean com.android.server.am.ActivityManagerService.finishActivity(android.os.IBinder, int, android.content.Intent, boolean) from ActivityManagerService.java:4245 waiters=1 for 5.094s
12-09 08:01:30.465 W/art     ( 1591): Long monitor contention event with owner method=boolean com.android.server.am.ActivityManagerService.finishActivity(android.os.IBinder, int, android.content.Intent, boolean) from ActivityManagerService.java:4245 waiters=3 for 3.268s
12-09 08:01:30.475 W/art     ( 1591): Long monitor contention event with owner method=boolean com.android.server.am.ActivityManagerService.finishActivity(android.os.IBinder, int, android.content.Intent, boolean) from ActivityManagerService.java:4245 waiters=2 for 4.166s
12-09 08:01:30.708 I/ActivityManager( 1591): Force stopping com.evancharlton.mileage appid=10127 user=0: start instr
12-09 08:01:30.708 I/ActivityManager( 1591): Killing 10431:com.evancharlton.mileage/u0a127 (adj 0): stop com.evancharlton.mileage
12-09 08:01:30.760 W/ActivityManager( 1591): Crash of app com.evancharlton.mileage running instrumentation ComponentInfo{com.evancharlton.mileage.test/sh.calaba.instrumentationbackend.ClearAppData2}
12-09 08:01:30.760 I/ActivityManager( 1591): Force stopping com.evancharlton.mileage appid=10127 user=0: finished inst
12-09 08:01:30.837 I/ActivityManager( 1591): Start proc 10470:com.evancharlton.mileage/u0a127 for added application com.evancharlton.mileage
12-09 08:01:30.844 D/AndroidRuntime(10461): Shutting down VM
12-09 08:01:30.847 W/art     ( 1591): Long monitor contention event with owner method=java.util.List com.android.server.am.ActivityManagerService.getAllStackInfos() from ActivityManagerService.java:8937 waiters=1 for 369ms
12-09 08:01:30.847 W/art     ( 1591): Long monitor contention event with owner method=java.util.List com.android.server.am.ActivityManagerService.getAllStackInfos() from ActivityManagerService.java:8937 waiters=2 for 369ms
12-09 08:01:30.872 W/art     ( 1591): Long monitor contention event with owner method=java.util.List com.android.server.am.ActivityManagerService.getAllStackInfos() from ActivityManagerService.java:8937 waiters=3 for 388ms
12-09 08:01:30.874 W/art     ( 1591): Long monitor contention event with owner method=boolean com.android.server.am.ActivityManagerService.startInstrumentation(android.content.ComponentName, java.lang.String, int, android.os.Bundle, android.app.IInstrumentationWatcher, android.app.IUiAutomationConnection, int, java.lang.String) from ActivityManagerService.java:17066 waiters=4 for 165ms
12-09 08:01:30.874 W/ActivityManager( 1591): Spurious death for ProcessRecord{feddc96 0:com.evancharlton.mileage/u0a127}, curProc for 10431: null
12-09 08:01:31.204 W/art     ( 1591): Long monitor contention event with owner method=void com.android.server.wm.WindowAnimator$1.doFrame(long) from WindowAnimator.java:121 waiters=1 for 147ms
12-09 08:01:31.207 W/art     ( 1591): Long monitor contention event with owner method=void com.android.server.am.ActivityManagerService.activityPaused(android.os.IBinder) from ActivityManagerService.java:6439 waiters=0 for 331ms
12-09 08:01:31.222 W/art     ( 1591): Long monitor contention event with owner method=void com.android.server.am.ActivityManagerService.activityPaused(android.os.IBinder) from ActivityManagerService.java:6439 waiters=1 for 345ms
12-09 08:01:31.239 W/art     ( 1591): Long monitor contention event with owner method=void com.android.server.am.ActivityManagerService.activityPaused(android.os.IBinder) from ActivityManagerService.java:6439 waiters=3 for 336ms
12-09 08:01:31.255 D/EGL_emulation( 1937): eglMakeCurrent: 0x7f0bdab21d20: ver 2 0 (tinfo 0x7f0bdab028e0)
12-09 08:01:31.315 W/System  (10470): ClassLoader referenced unknown path: /data/app/com.evancharlton.mileage.test-1/lib/x86_64
12-09 08:01:31.315 W/System  (10470): ClassLoader referenced unknown path: /data/app/com.evancharlton.mileage-1/lib/x86_64
12-09 08:01:31.324 W/InputMethodManagerService( 1591): Window already focused, ignoring focus gain of: com.android.internal.view.IInputMethodClient$Stub$Proxy@609cc04 attribute=null, token = android.os.BinderProxy@daf6727
12-09 08:01:31.360 I/System.out(10470): Main activity name automatically set to: com.evancharlton.mileage.Mileage
12-09 08:01:31.363 I/System.out(10470): Calabash did not load Mono. This is only a problem if you are trying to test a Mono application
12-09 08:01:31.363 I/calabash(10470): Test server port: 7102
12-09 08:01:31.364 I/InstrumentationBackend(10470): Added:'GetPreferences', with key:'get_preferences'
12-09 08:01:31.481 I/InstrumentationBackend(10470): Added:'SetPreferences', with key:'set_preferences'
12-09 08:01:31.487 I/InstrumentationBackend(10470): Added:'ClearPreferences', with key:'clear_preferences'
12-09 08:01:31.488 I/InstrumentationBackend(10470): Added:'PressElement', with key:'press_l10n_element'
12-09 08:01:31.488 I/InstrumentationBackend(10470): Added:'WaitForElement', with key:'wait_for_l10n_element'
12-09 08:01:31.488 I/InstrumentationBackend(10470): Added:'NullAction', with key:'nullAction'
12-09 08:01:31.488 I/InstrumentationBackend(10470): Added:'PressKey', with key:'press_key'
12-09 08:01:31.489 I/InstrumentationBackend(10470): Added:'SetActivityOrientation', with key:'set_activity_orientation'
12-09 08:01:31.489 I/InstrumentationBackend(10470): Added:'GetActivityOrientation', with key:'get_activity_orientation'
12-09 08:01:31.489 I/InstrumentationBackend(10470): Added:'FakeGPSLocation', with key:'set_gps_coordinates'
12-09 08:01:31.489 I/InstrumentationBackend(10470): Added:'SetPropertyByCssSelector', with key:'set_property_by_css_selector'
12-09 08:01:31.489 I/InstrumentationBackend(10470): Added:'GetUrl', with key:'get_url'
12-09 08:01:31.490 I/InstrumentationBackend(10470): Added:'ScrollTo', with key:'scroll_to'
12-09 08:01:31.490 I/InstrumentationBackend(10470): Added:'GetLoadProgress', with key:'get_load_progress'
12-09 08:01:31.491 I/InstrumentationBackend(10470): Added:'DumpHtml', with key:'dump_html'
12-09 08:01:31.491 I/InstrumentationBackend(10470): Added:'DumpBodyHtml', with key:'dump_body_html'
12-09 08:01:31.492 I/InstrumentationBackend(10470): Added:'EnterTextByCssSelector', with key:'enter_text_by_selector'
12-09 08:01:31.493 I/InstrumentationBackend(10470): Added:'AndroidSDKVersion', with key:'android_sdk_version'
12-09 08:01:31.493 I/InstrumentationBackend(10470): Added:'Version', with key:'version'
12-09 08:01:31.493 I/InstrumentationBackend(10470): Added:'Drag', with key:'drag'
12-09 08:01:31.494 I/InstrumentationBackend(10470): Added:'TouchCoordinates', with key:'touch_coordinate'
12-09 08:01:31.494 I/InstrumentationBackend(10470): Added:'LongPressCoordinate', with key:'long_press_coordinate'
12-09 08:01:31.494 I/InstrumentationBackend(10470): Added:'DragCoordinates', with key:'drag_coordinates'
12-09 08:01:31.494 I/InstrumentationBackend(10470): Added:'ResumeApplication', with key:'resume_application'
12-09 08:01:31.494 I/InstrumentationBackend(10470): Added:'Swipe', with key:'swipe'
12-09 08:01:31.494 I/InstrumentationBackend(10470): Added:'DoubleTapCoordinate', with key:'double_tap_coordinate'
12-09 08:01:31.495 I/InstrumentationBackend(10470): Added:'ClickOnScreen', with key:'click_on_screen'
12-09 08:01:31.495 I/InstrumentationBackend(10470): Added:'GetActivityName', with key:'get_activity_name'
12-09 08:01:31.495 I/InstrumentationBackend(10470): Added:'ScrollToView', with key:'scroll_to_view'
12-09 08:01:31.496 I/InstrumentationBackend(10470): Added:'ViewConfiguration', with key:'view_configuration'
12-09 08:01:31.496 I/InstrumentationBackend(10470): Added:'IsCurrentActivityFocused', with key:'is_current_activity_focused'
12-09 08:01:31.496 I/InstrumentationBackend(10470): Added:'SendTcp', with key:'send_tcp'
12-09 08:01:31.496 I/InstrumentationBackend(10470): Added:'DpToDevicePixel', with key:'dp_to_device_pixel'
12-09 08:01:31.497 I/InstrumentationBackend(10470): Added:'KeyboardEnterText', with key:'keyboard_enter_text'
12-09 08:01:31.497 I/InstrumentationBackend(10470): Added:'DeleteSurroundingText', with key:'delete_surrounding_text'
12-09 08:01:31.497 I/InstrumentationBackend(10470): Added:'SetComposingRegion', with key:'set_composing_region'
12-09 08:01:31.497 I/InstrumentationBackend(10470): Added:'SetSelection', with key:'set_selection'
12-09 08:01:31.497 I/InstrumentationBackend(10470): Added:'KeyboardKeyEvent', with key:'keyboard_key_event'
12-09 08:01:31.498 I/InstrumentationBackend(10470): Added:'PressUserActionButton', with key:'press_user_action_button'
12-09 08:01:31.498 I/InstrumentationBackend(10470): Added:'HideSoftKeyboard', with key:'hide_soft_keyboard'
12-09 08:01:31.498 I/InstrumentationBackend(10470): Added:'ListActions', with key:'list_actions'
12-09 08:01:31.498 I/calabash(10470): Instantiating http server at 7102
12-09 08:01:31.517 I/System.out(10470): HTTP Daemon listening on: 7102
12-09 08:01:31.686 I/System.out(10470): URI: //ping
12-09 08:01:31.717 I/ContentMaintenance( 2374): Internal cache bytes used: 0; limit: 40626585; download size: 0
12-09 08:01:31.717 I/System.out(10470): params: {json={}
12-09 08:01:31.717 I/System.out(10470): }
12-09 08:01:31.728 I/RealtimeCacheCleanup( 2374): Beginning Realtime garbage collection.
12-09 08:01:31.729 I/RealtimeCacheCleanup( 2374): Finished Realtime garbage collection.
12-09 08:01:31.784 I/System.out(10470): URI: //ping
12-09 08:01:31.784 I/System.out(10470): params: {json={}
12-09 08:01:31.784 I/System.out(10470): }
12-09 08:01:31.864 I/System.out(10470): URI: //ready
12-09 08:01:31.864 I/System.out(10470): params: {json={}
12-09 08:01:31.864 I/System.out(10470): }
12-09 08:01:31.872 W/OpenGLRenderer( 1937): Incorrectly called buildLayer on View: ShortcutAndWidgetContainer, destroying layer...
12-09 08:01:31.912 I/System.out(10470): URI: //
12-09 08:01:31.912 I/System.out(10470): params: {json={"command":"version","arguments":[]}
12-09 08:01:31.912 I/System.out(10470): }
12-09 08:01:31.912 I/System.out(10470): header: {date=Sun, 09 Dec 2018 08:01:32 GMT, accept=*/*, content-length=36, host=127.0.0.1:34777, user-agent=HTTPClient/1.0 (2.8.3, ruby 2.3.1 (2016-04-26)), content-type=application/json;charset=utf-8}
12-09 08:01:31.912 I/System.out(10470): params: {json={"command":"version","arguments":[]}
12-09 08:01:31.912 I/System.out(10470): }
12-09 08:01:31.912 I/System.out(10470): ProP json = {"command":"version","arguments":[]}
12-09 08:01:31.912 I/System.out(10470): files: {}
12-09 08:01:31.912 I/System.out(10470): command: {"command":"version","arguments":[]}
12-09 08:01:31.945 I/InstrumentationBackend(10470): Got command:'Command:'Line:null,version', arguments:'[]'
12-09 08:01:32.078 I/System.out(10470): result:{"bonusInformation":[],"message":"0.9.8","success":true}
12-09 08:01:32.131 I/art     (10470): Background sticky concurrent mark sweep GC freed 14253(779KB) AllocSpace objects, 10(200KB) LOS objects, 39% free, 1269KB/2MB, paused 1.056ms total 130.037ms
12-09 08:01:32.139 I/System.out(10470): URI: //start-application
12-09 08:01:32.140 I/System.out(10470): params: {json={"intent":null}
12-09 08:01:32.140 I/System.out(10470): }
12-09 08:01:32.396 I/ActivityManager( 1591): START u0 {act=android.intent.action.MAIN cat=[android.intent.category.LAUNCHER] flg=0x10200000 cmp=com.evancharlton.mileage/.Mileage} from uid 10127 on display 0
12-09 08:01:32.415 I/art     (10470): Background partial concurrent mark sweep GC freed 18980(1001KB) AllocSpace objects, 3(60KB) LOS objects, 45% free, 1214KB/2MB, paused 1.289ms total 231.067ms
12-09 08:01:32.460 I/calabash(10470): newActivity1
12-09 08:01:32.574 D/gralloc_ranchu( 1223): gralloc_alloc: Creating ashmem region of size 3686400
12-09 08:01:32.596 I/calabash(10470): newActivity1
12-09 08:01:32.598 W/ActivityManager( 1591): Bad activity token: android.os.BinderProxy@1721d7a
12-09 08:01:32.598 W/ActivityManager( 1591): java.lang.ClassCastException: android.os.BinderProxy cannot be cast to com.android.server.am.ActivityRecord$Token
12-09 08:01:32.598 W/ActivityManager( 1591): 	at com.android.server.am.ActivityRecord.forTokenLocked(ActivityRecord.java:424)
12-09 08:01:32.598 W/ActivityManager( 1591): 	at com.android.server.am.ActivityRecord.isInStackLocked(ActivityRecord.java:1121)
12-09 08:01:32.598 W/ActivityManager( 1591): 	at com.android.server.am.ActivityRecord.getStackLocked(ActivityRecord.java:1126)
12-09 08:01:32.598 W/ActivityManager( 1591): 	at com.android.server.am.ActivityManagerService.getActivityDisplayId(ActivityManagerService.java:8889)
12-09 08:01:32.598 W/ActivityManager( 1591): 	at android.app.ActivityManagerNative.onTransact(ActivityManagerNative.java:2338)
12-09 08:01:32.598 W/ActivityManager( 1591): 	at com.android.server.am.ActivityManagerService.onTransact(ActivityManagerService.java:2443)
12-09 08:01:32.598 W/ActivityManager( 1591): 	at android.os.Binder.execTransact(Binder.java:453)
12-09 08:01:32.614 W/ActivityManager( 1591): Bad activity token: android.os.BinderProxy@1721d7a
12-09 08:01:32.614 W/ActivityManager( 1591): java.lang.ClassCastException: android.os.BinderProxy cannot be cast to com.android.server.am.ActivityRecord$Token
12-09 08:01:32.614 W/ActivityManager( 1591): 	at com.android.server.am.ActivityRecord.forTokenLocked(ActivityRecord.java:424)
12-09 08:01:32.614 W/ActivityManager( 1591): 	at com.android.server.am.ActivityRecord.isInStackLocked(ActivityRecord.java:1121)
12-09 08:01:32.614 W/ActivityManager( 1591): 	at com.android.server.am.ActivityManagerService.setTaskDescription(ActivityManagerService.java:8547)
12-09 08:01:32.614 W/ActivityManager( 1591): 	at android.app.ActivityManagerNative.onTransact(ActivityManagerNative.java:2410)
12-09 08:01:32.614 W/ActivityManager( 1591): 	at com.android.server.am.ActivityManagerService.onTransact(ActivityManagerService.java:2443)
12-09 08:01:32.614 W/ActivityManager( 1591): 	at android.os.Binder.execTransact(Binder.java:453)
12-09 08:01:32.866 V/PhoneStatusBar( 1706): setLightsOn(true)
12-09 08:01:32.936 D/EGL_emulation( 1937): eglMakeCurrent: 0x7f0bdab21d20: ver 2 0 (tinfo 0x7f0bdab028e0)
12-09 08:01:32.939 E/Surface ( 1937): getSlotFromBufferLocked: unknown buffer: 0x7f0bd6a47de0
12-09 08:01:32.968 W/art     ( 1591): Long monitor contention event with owner method=void com.android.server.pm.PackageManagerService$PackageHandler.doHandleMessage(android.os.Message) from PackageManagerService.java:1497 waiters=0 for 102ms
12-09 08:01:33.064 D/FillupsProvider(10470): Creating database
12-09 08:01:33.212 W/art     ( 1591): Long monitor contention event with owner method=void com.android.server.wm.WindowAnimator$1.doFrame(long) from WindowAnimator.java:121 waiters=1 for 244ms
12-09 08:01:33.236 W/art     ( 1591): Long monitor contention event with owner method=void com.android.server.wm.WindowAnimator$1.doFrame(long) from WindowAnimator.java:121 waiters=1 for 238ms
12-09 08:01:33.744 W/art     (10470): Suspending all threads took: 42.534ms
12-09 08:01:33.824 I/art     (10470): Background sticky concurrent mark sweep GC freed 7447(512KB) AllocSpace objects, 0(0B) LOS objects, 20% free, 1785KB/2MB, paused 47.820ms total 162.157ms
12-09 08:01:33.976 W/ActivityManager( 1591): Bad activity token: android.os.BinderProxy@1721d7a
12-09 08:01:33.976 W/ActivityManager( 1591): java.lang.ClassCastException: android.os.BinderProxy cannot be cast to com.android.server.am.ActivityRecord$Token
12-09 08:01:33.976 W/ActivityManager( 1591): 	at com.android.server.am.ActivityRecord.forTokenLocked(ActivityRecord.java:424)
12-09 08:01:33.976 W/ActivityManager( 1591): 	at com.android.server.am.ActivityRecord.isInStackLocked(ActivityRecord.java:1121)
12-09 08:01:33.976 W/ActivityManager( 1591): 	at com.android.server.am.ActivityManagerService.getActivityOptions(ActivityManagerService.java:11038)
12-09 08:01:33.976 W/ActivityManager( 1591): 	at android.app.ActivityManagerNative.onTransact(ActivityManagerNative.java:1734)
12-09 08:01:33.976 W/ActivityManager( 1591): 	at com.android.server.am.ActivityManagerService.onTransact(ActivityManagerService.java:2443)
12-09 08:01:33.976 W/ActivityManager( 1591): 	at android.os.Binder.execTransact(Binder.java:453)
12-09 08:01:33.977 W/ActivityManager( 1591): Bad activity token: android.os.BinderProxy@1721d7a
12-09 08:01:33.977 W/ActivityManager( 1591): java.lang.ClassCastException: android.os.BinderProxy cannot be cast to com.android.server.am.ActivityRecord$Token
12-09 08:01:33.977 W/ActivityManager( 1591): 	at com.android.server.am.ActivityRecord.forTokenLocked(ActivityRecord.java:424)
12-09 08:01:33.977 W/ActivityManager( 1591): 	at com.android.server.am.ActivityRecord.isInStackLocked(ActivityRecord.java:1121)
12-09 08:01:33.977 W/ActivityManager( 1591): 	at com.android.server.am.ActivityManagerService.getActivityOptions(ActivityManagerService.java:11038)
12-09 08:01:33.977 W/ActivityManager( 1591): 	at android.app.ActivityManagerNative.onTransact(ActivityManagerNative.java:1734)
12-09 08:01:33.977 W/ActivityManager( 1591): 	at com.android.server.am.ActivityManagerService.onTransact(ActivityManagerService.java:2443)
12-09 08:01:33.977 W/ActivityManager( 1591): 	at android.os.Binder.execTransact(Binder.java:453)
12-09 08:01:34.298 D/gralloc_ranchu( 1223): gralloc_alloc: Creating ashmem region of size 3686400
12-09 08:01:34.366 D/        (10470): HostConnection::get() New Host Connection established 0x7f0bd8a864a0, tid 10470
12-09 08:01:34.528 I/ActivityManager( 1591): Displayed com.evancharlton.mileage/.Mileage: +2s93ms
12-09 08:01:34.533 D/gralloc_ranchu( 1223): gralloc_alloc: Creating ashmem region of size 3686400
12-09 08:01:35.135 I/art     (10470): Background partial concurrent mark sweep GC freed 5028(294KB) AllocSpace objects, 0(0B) LOS objects, 40% free, 1934KB/3MB, paused 11.431ms total 56.987ms
12-09 08:01:35.169 I/System.out(10470): URI: //map
12-09 08:01:35.169 I/System.out(10470): params: {json={"query":"android.widget.Button index:2","operation":{"method_name":"query","arguments":[]}}
12-09 08:01:35.169 I/System.out(10470): }
12-09 08:01:35.267 W/art     (10470): Suspending all threads took: 17.257ms
12-09 08:01:35.340 I/art     (10470): Background sticky concurrent mark sweep GC freed 21410(958KB) AllocSpace objects, 2(40KB) LOS objects, 33% free, 2MB/3MB, paused 18.530ms total 147.910ms
12-09 08:01:35.716 I/art     (10470): Background partial concurrent mark sweep GC freed 35690(1681KB) AllocSpace objects, 2(40KB) LOS objects, 39% free, 2MB/3MB, paused 1.198ms total 332.428ms
12-09 08:01:35.717 I/System.out(10470): URI: //gesture
12-09 08:01:35.717 I/System.out(10470): params: {json={"query_timeout":5.0,"gestures":[{"query_string":"android.widget.Button index:2","touches":[{"x":50,"y":50,"offset_x":0,"offset_y":0,"wait":0.0,"time":0.2,"release":true,"query_string":null}]}]}
12-09 08:01:35.717 I/System.out(10470): }
12-09 08:01:35.836 D/gralloc_ranchu( 1223): gralloc_alloc: Creating ashmem region of size 3686400
12-09 08:01:36.588 W/AudioTrack( 1591): AUDIO_OUTPUT_FLAG_FAST denied by client; transfer 4, track 48000 Hz, output 44100 Hz
12-09 08:01:36.638 I/art     (10470): Background sticky concurrent mark sweep GC freed 46239(2035KB) AllocSpace objects, 1(20KB) LOS objects, 30% free, 2MB/3MB, paused 1.335ms total 135.706ms
12-09 08:01:36.659 W/audio_hw_generic( 1307): Hardware backing HAL too slow, could only write 0 of 661 frames
12-09 08:01:36.671 W/audio_hw_generic( 1307): Hardware backing HAL too slow, could only write 0 of 661 frames
12-09 08:01:36.687 W/audio_hw_generic( 1307): Hardware backing HAL too slow, could only write 0 of 661 frames
12-09 08:01:36.793 W/audio_hw_generic( 1307): Hardware backing HAL too slow, could only write 0 of 661 frames
12-09 08:01:36.794 W/audio_hw_generic( 1307): Hardware backing HAL too slow, could only write 0 of 661 frames
12-09 08:01:36.809 W/audio_hw_generic( 1307): Hardware backing HAL too slow, could only write 0 of 661 frames
12-09 08:01:36.813 D/gralloc_ranchu( 1223): gralloc_alloc: Creating ashmem region of size 45056
12-09 08:01:36.824 W/audio_hw_generic( 1307): Hardware backing HAL too slow, could only write 0 of 661 frames
12-09 08:01:36.847 W/audio_hw_generic( 1307): Hardware backing HAL too slow, could only write 0 of 661 frames
12-09 08:01:36.857 W/audio_hw_generic( 1307): Hardware backing HAL too slow, could only write 0 of 661 frames
12-09 08:01:36.886 W/audio_hw_generic( 1307): Hardware backing HAL too slow, could only write 0 of 661 frames
12-09 08:01:36.951 W/audio_hw_generic( 1307): Hardware backing HAL too slow, could only write 0 of 661 frames
12-09 08:01:36.964 W/audio_hw_generic( 1307): Hardware backing HAL too slow, could only write 0 of 661 frames
12-09 08:01:36.979 W/audio_hw_generic( 1307): Hardware backing HAL too slow, could only write 0 of 661 frames
12-09 08:01:37.012 W/audio_hw_generic( 1307): Not supplying enough data to HAL, expected position 17540297 , only wrote 17540296
12-09 08:01:37.012 W/audio_hw_generic( 1307): Not supplying enough data to HAL, expected position 17540303 , only wrote 17540296
12-09 08:01:37.027 W/audio_hw_generic( 1307): Not supplying enough data to HAL, expected position 17540970 , only wrote 17540957
12-09 08:01:37.110 W/audio_hw_generic( 1307): Hardware backing HAL too slow, could only write 0 of 661 frames
12-09 08:01:37.159 W/audio_hw_generic( 1307): Not supplying enough data to HAL, expected position 17546792 , only wrote 17546245
12-09 08:01:37.159 W/audio_hw_generic( 1307): Not supplying enough data to HAL, expected position 17546252 , only wrote 17546245
12-09 08:01:37.257 E/SurfaceFlinger( 1223): ro.sf.lcd_density must be defined as a build property
12-09 08:01:37.273 D/gralloc_ranchu( 1223): gralloc_alloc: Creating ashmem region of size 3686400
12-09 08:01:37.293 D/        (10498): HostConnection::get() New Host Connection established 0x7f02a1b12480, tid 10498
12-09 08:01:37.336 E/EGL_emulation( 1223): tid 1223: eglCreateSyncKHR(1881): error 0x3004 (EGL_BAD_ATTRIBUTE)
12-09 08:01:37.921 W/audio_hw_generic( 1307): Not supplying enough data to HAL, expected position 17579840 , only wrote 17579295
12-09 08:01:37.921 W/audio_hw_generic( 1307): Not supplying enough data to HAL, expected position 17579302 , only wrote 17579295
12-09 08:01:37.940 W/audio_hw_generic( 1307): Not supplying enough data to HAL, expected position 17580112 , only wrote 17579956
