12-09 08:00:26.439 D/AudioFlinger( 1309): mixer(0xf4300000) throttle end: throttle time(11)
12-09 08:00:26.534 W/audio_hw_generic( 1309): Not supplying enough data to HAL, expected position 19112826 , only wrote 19112815
12-09 08:00:26.610 W/audio_hw_generic( 1309): Not supplying enough data to HAL, expected position 19116193 , only wrote 19116120
12-09 08:00:26.610 W/audio_hw_generic( 1309): Not supplying enough data to HAL, expected position 19116126 , only wrote 19116120
12-09 08:00:26.626 W/audio_hw_generic( 1309): Not supplying enough data to HAL, expected position 19116802 , only wrote 19116781
12-09 08:00:26.661 W/audio_hw_generic( 1309): Not supplying enough data to HAL, expected position 19118349 , only wrote 19118103
12-09 08:00:26.870 I/Choreographer(10325): Skipped 31 frames!  The application may be doing too much work on its main thread.
12-09 08:00:26.961 I/art     (10325): Background partial concurrent mark sweep GC freed 32618(1464KB) AllocSpace objects, 2(40KB) LOS objects, 39% free, 3MB/5MB, paused 1.753ms total 597.285ms
12-09 08:00:27.022 W/audio_hw_generic( 1309): Not supplying enough data to HAL, expected position 19133994 , only wrote 19133967
12-09 08:00:27.061 D/Mileage.ABS(10325): Finished backup
12-09 08:00:27.064 D/Mileage.ABS(10325): Not backing up; 5
12-09 08:00:27.064 D/Mileage.ABS(10325): Not backing up; 5
12-09 08:00:27.064 D/Mileage.ABS(10325): Not backing up; 5
12-09 08:00:27.064 D/Mileage.ABS(10325): Not backing up; 5
12-09 08:00:27.065 D/Mileage.ABS(10325): Not backing up; 6
12-09 08:00:27.207 D/Mileage.ABS(10325): Not backing up; 148
12-09 08:00:27.208 D/Mileage.ABS(10325): Not backing up; 149
12-09 08:00:27.338 W/audio_hw_generic( 1309): Not supplying enough data to HAL, expected position 19147909 , only wrote 19147187
12-09 08:00:27.338 W/audio_hw_generic( 1309): Not supplying enough data to HAL, expected position 19147194 , only wrote 19147187
12-09 08:00:27.358 W/audio_hw_generic( 1309): Not supplying enough data to HAL, expected position 19148056 , only wrote 19147848
12-09 08:00:27.407 D/Mileage.ABS(10325): Not backing up; 348
12-09 08:00:27.407 D/Mileage.ABS(10325): Not backing up; 348
12-09 08:00:27.569 E/SurfaceFlinger( 1224): ro.sf.lcd_density must be defined as a build property
12-09 08:00:27.572 D/gralloc_ranchu( 1224): gralloc_alloc: Creating ashmem region of size 3686400
12-09 08:00:27.585 D/Mileage.ABS(10325): Not backing up; 526
12-09 08:00:27.597 D/Mileage.ABS(10325): Not backing up; 538
12-09 08:00:27.602 D/Mileage.ABS(10325): Not backing up; 543
12-09 08:00:27.603 D/Mileage.ABS(10325): Not backing up; 544
12-09 08:00:27.631 D/        (10385): HostConnection::get() New Host Connection established 0x7faf6af92480, tid 10385
12-09 08:00:27.655 E/EGL_emulation( 1224): tid 1224: eglCreateSyncKHR(1881): error 0x3004 (EGL_BAD_ATTRIBUTE)
12-09 08:00:27.718 D/Mileage.ABS(10325): Not backing up; 659
12-09 08:00:27.727 D/Mileage.ABS(10325): Not backing up; 668
12-09 08:00:27.727 D/Mileage.ABS(10325): Not backing up; 668
12-09 08:00:27.727 D/Mileage.ABS(10325): Not backing up; 668
12-09 08:00:27.773 W/audio_hw_generic( 1309): Not supplying enough data to HAL, expected position 19166161 , only wrote 19163712
12-09 08:00:27.773 W/audio_hw_generic( 1309): Not supplying enough data to HAL, expected position 19163718 , only wrote 19163712
12-09 08:00:27.798 W/audio_hw_generic( 1309): Not supplying enough data to HAL, expected position 19164804 , only wrote 19164373
12-09 08:00:27.982 D/Mileage.ABS(10325): Not backing up; 923
12-09 08:00:27.982 D/Mileage.ABS(10325): Not backing up; 923
12-09 08:00:28.086 D/Mileage.ABS(10325): Finished backup
12-09 08:00:28.087 D/Mileage.ABS(10325): Not backing up; 17
12-09 08:00:28.101 D/Mileage.ABS(10325): Not backing up; 31
12-09 08:00:28.241 D/VehicleStatisticsAdapter(10325): Caching of 29 records complete! (3.634 seconds)
12-09 08:00:28.305 D/Mileage.ABS(10325): Not backing up; 234
12-09 08:00:28.320 D/VehicleStatisticsAdapter(10325): Caching of 29 records complete! (3.757 seconds)
12-09 08:00:28.458 W/audio_hw_generic( 1309): Not supplying enough data to HAL, expected position 19193479 , only wrote 19192135
12-09 08:00:28.458 W/audio_hw_generic( 1309): Hardware backing HAL too slow, could only write 0 of 661 frames
12-09 08:00:28.462 W/audio_hw_generic( 1309): Hardware backing HAL too slow, could only write 0 of 661 frames
12-09 08:00:28.498 W/audio_hw_generic( 1309): Hardware backing HAL too slow, could only write 0 of 661 frames
12-09 08:00:28.528 W/audio_hw_generic( 1309): Hardware backing HAL too slow, could only write 0 of 661 frames
12-09 08:00:28.529 W/audio_hw_generic( 1309): Hardware backing HAL too slow, could only write 0 of 661 frames
12-09 08:00:28.554 W/audio_hw_generic( 1309): Not supplying enough data to HAL, expected position 19196348 , only wrote 19196101
12-09 08:00:28.554 W/audio_hw_generic( 1309): Hardware backing HAL too slow, could only write 0 of 661 frames
12-09 08:00:28.554 W/audio_hw_generic( 1309): Hardware backing HAL too slow, could only write 0 of 661 frames
12-09 08:00:28.582 W/audio_hw_generic( 1309): Hardware backing HAL too slow, could only write 0 of 661 frames
12-09 08:00:28.583 D/Mileage.ABS(10325): Not backing up; 513
12-09 08:00:28.584 D/Mileage.ABS(10325): Not backing up; 514
12-09 08:00:28.584 D/Mileage.ABS(10325): Not backing up; 514
12-09 08:00:28.597 W/audio_hw_generic( 1309): Hardware backing HAL too slow, could only write 0 of 661 frames
12-09 08:00:28.612 W/audio_hw_generic( 1309): Hardware backing HAL too slow, could only write 0 of 661 frames
12-09 08:00:28.619 I/System.out(10325): URI: //
12-09 08:00:28.619 I/System.out(10325): params: {json={"command":"set_activity_orientation","arguments":["landscape"]}
12-09 08:00:28.619 I/System.out(10325): }
12-09 08:00:28.619 I/System.out(10325): header: {date=Sun, 09 Dec 2018 08:00:28 GMT, accept=*/*, content-length=64, host=127.0.0.1:34777, user-agent=HTTPClient/1.0 (2.8.3, ruby 2.3.1 (2016-04-26)), content-type=application/json;charset=utf-8}
12-09 08:00:28.619 I/System.out(10325): params: {json={"command":"set_activity_orientation","arguments":["landscape"]}
12-09 08:00:28.619 I/System.out(10325): }
12-09 08:00:28.619 I/System.out(10325): ProP json = {"command":"set_activity_orientation","arguments":["landscape"]}
12-09 08:00:28.619 I/System.out(10325): files: {}
12-09 08:00:28.619 I/System.out(10325): command: {"command":"set_activity_orientation","arguments":["landscape"]}
12-09 08:00:28.620 I/InstrumentationBackend(10325): Got command:'Command:'Line:null,set_activity_orientation', arguments:'[landscape]'
12-09 08:00:28.627 W/audio_hw_generic( 1309): Hardware backing HAL too slow, could only write 0 of 661 frames
12-09 08:00:28.690 W/audio_hw_generic( 1309): Not supplying enough data to HAL, expected position 19202114 , only wrote 19202050
12-09 08:00:28.690 W/audio_hw_generic( 1309): Not supplying enough data to HAL, expected position 19202056 , only wrote 19202050
12-09 08:00:28.710 W/audio_hw_generic( 1309): Not supplying enough data to HAL, expected position 19202926 , only wrote 19202711
12-09 08:00:28.794 W/audio_hw_generic( 1309): Hardware backing HAL too slow, could only write 0 of 661 frames
12-09 08:00:28.802 D/gralloc_ranchu( 1224): gralloc_alloc: Creating ashmem region of size 3686400
12-09 08:00:28.807 W/audio_hw_generic( 1309): Hardware backing HAL too slow, could only write 0 of 661 frames
12-09 08:00:28.834 W/audio_hw_generic( 1309): Hardware backing HAL too slow, could only write 0 of 661 frames
12-09 08:00:28.870 W/audio_hw_generic( 1309): Hardware backing HAL too slow, could only write 0 of 661 frames
12-09 08:00:28.902 W/audio_hw_generic( 1309): Not supplying enough data to HAL, expected position 19211178 , only wrote 19210643
12-09 08:00:28.913 E/EGL_emulation( 1224): tid 1224: eglCreateSyncKHR(1881): error 0x3004 (EGL_BAD_ATTRIBUTE)
12-09 08:00:28.932 W/audio_hw_generic( 1309): Not supplying enough data to HAL, expected position 19211989 , only wrote 19211965
12-09 08:00:29.006 W/audio_hw_generic( 1309): Hardware backing HAL too slow, could only write 0 of 661 frames
12-09 08:00:29.020 I/ActivityManager( 1592): Config changes=480 {1.0 310mcc260mnc en_US ldltr sw720dp w1280dp h696dp 160dpi xlrg long land finger -keyb/v/h tball/v s.28}
12-09 08:00:29.021 W/art     ( 1592): Long monitor contention event with owner method=android.content.res.Configuration com.android.server.wm.WindowManagerService.updateOrientationFromAppTokens(android.content.res.Configuration, android.os.IBinder) from WindowManagerService.java:3950 waiters=0 for 103ms
12-09 08:00:29.214 I/InputReader( 1592): Reconfiguring input devices.  changes=0x00000004
12-09 08:00:29.214 I/InputReader( 1592): Device reconfigured: id=0, name='qwerty2', size 720x1280, orientation 1, mode 1, display id 0
12-09 08:00:29.226 W/audio_hw_generic( 1309): Not supplying enough data to HAL, expected position 19224910 , only wrote 19224524
12-09 08:00:29.289 I/calabash(10325): newActivity1
12-09 08:00:29.298 W/art     ( 1592): Long monitor contention event with owner method=void com.android.server.am.ActivityManagerService.setRequestedOrientation(android.os.IBinder, int) from ActivityManagerService.java:4192 waiters=0 for 586ms
12-09 08:00:29.299 W/art     ( 1592): Long monitor contention event with owner method=void com.android.server.am.ActivityManagerService.setRequestedOrientation(android.os.IBinder, int) from ActivityManagerService.java:4192 waiters=1 for 379ms
12-09 08:00:29.360 I/calabash(10325): newActivity1
12-09 08:00:29.368 W/ActivityManager( 1592): Bad activity token: android.os.BinderProxy@d31ea37
12-09 08:00:29.368 W/ActivityManager( 1592): java.lang.ClassCastException: android.os.BinderProxy cannot be cast to com.android.server.am.ActivityRecord$Token
12-09 08:00:29.368 W/ActivityManager( 1592): 	at com.android.server.am.ActivityRecord.forTokenLocked(ActivityRecord.java:424)
12-09 08:00:29.368 W/ActivityManager( 1592): 	at com.android.server.am.ActivityRecord.isInStackLocked(ActivityRecord.java:1121)
12-09 08:00:29.368 W/ActivityManager( 1592): 	at com.android.server.am.ActivityRecord.getStackLocked(ActivityRecord.java:1126)
12-09 08:00:29.368 W/ActivityManager( 1592): 	at com.android.server.am.ActivityManagerService.getActivityDisplayId(ActivityManagerService.java:8889)
12-09 08:00:29.368 W/ActivityManager( 1592): 	at android.app.ActivityManagerNative.onTransact(ActivityManagerNative.java:2338)
12-09 08:00:29.368 W/ActivityManager( 1592): 	at com.android.server.am.ActivityManagerService.onTransact(ActivityManagerService.java:2443)
12-09 08:00:29.368 W/ActivityManager( 1592): 	at android.os.Binder.execTransact(Binder.java:453)
12-09 08:00:29.369 W/ActivityManager( 1592): Bad activity token: android.os.BinderProxy@d31ea37
12-09 08:00:29.369 W/ActivityManager( 1592): java.lang.ClassCastException: android.os.BinderProxy cannot be cast to com.android.server.am.ActivityRecord$Token
12-09 08:00:29.369 W/ActivityManager( 1592): 	at com.android.server.am.ActivityRecord.forTokenLocked(ActivityRecord.java:424)
12-09 08:00:29.369 W/ActivityManager( 1592): 	at com.android.server.am.ActivityRecord.isInStackLocked(ActivityRecord.java:1121)
12-09 08:00:29.369 W/ActivityManager( 1592): 	at com.android.server.am.ActivityManagerService.setTaskDescription(ActivityManagerService.java:8547)
12-09 08:00:29.369 W/ActivityManager( 1592): 	at android.app.ActivityManagerNative.onTransact(ActivityManagerNative.java:2410)
12-09 08:00:29.369 W/ActivityManager( 1592): 	at com.android.server.am.ActivityManagerService.onTransact(ActivityManagerService.java:2443)
12-09 08:00:29.369 W/ActivityManager( 1592): 	at android.os.Binder.execTransact(Binder.java:453)
12-09 08:00:29.410 W/audio_hw_generic( 1309): Not supplying enough data to HAL, expected position 19232624 , only wrote 19232456
12-09 08:00:29.410 W/audio_hw_generic( 1309): Not supplying enough data to HAL, expected position 19232463 , only wrote 19232456
12-09 08:00:29.414 W/ActivityManager( 1592): Bad activity token: android.os.BinderProxy@d31ea37
12-09 08:00:29.414 W/ActivityManager( 1592): java.lang.ClassCastException: android.os.BinderProxy cannot be cast to com.android.server.am.ActivityRecord$Token
12-09 08:00:29.414 W/ActivityManager( 1592): 	at com.android.server.am.ActivityRecord.forTokenLocked(ActivityRecord.java:424)
12-09 08:00:29.414 W/ActivityManager( 1592): 	at com.android.server.am.ActivityRecord.isInStackLocked(ActivityRecord.java:1121)
12-09 08:00:29.414 W/ActivityManager( 1592): 	at com.android.server.am.ActivityManagerService.getActivityOptions(ActivityManagerService.java:11038)
12-09 08:00:29.414 W/ActivityManager( 1592): 	at android.app.ActivityManagerNative.onTransact(ActivityManagerNative.java:1734)
12-09 08:00:29.414 W/ActivityManager( 1592): 	at com.android.server.am.ActivityManagerService.onTransact(ActivityManagerService.java:2443)
12-09 08:00:29.414 W/ActivityManager( 1592): 	at android.os.Binder.execTransact(Binder.java:453)
12-09 08:00:29.415 W/ActivityManager( 1592): Bad activity token: android.os.BinderProxy@d31ea37
12-09 08:00:29.415 W/ActivityManager( 1592): java.lang.ClassCastException: android.os.BinderProxy cannot be cast to com.android.server.am.ActivityRecord$Token
12-09 08:00:29.415 W/ActivityManager( 1592): 	at com.android.server.am.ActivityRecord.forTokenLocked(ActivityRecord.java:424)
12-09 08:00:29.415 W/ActivityManager( 1592): 	at com.android.server.am.ActivityRecord.isInStackLocked(ActivityRecord.java:1121)
12-09 08:00:29.415 W/ActivityManager( 1592): 	at com.android.server.am.ActivityManagerService.getActivityOptions(ActivityManagerService.java:11038)
12-09 08:00:29.415 W/ActivityManager( 1592): 	at android.app.ActivityManagerNative.onTransact(ActivityManagerNative.java:1734)
12-09 08:00:29.415 W/ActivityManager( 1592): 	at com.android.server.am.ActivityManagerService.onTransact(ActivityManagerService.java:2443)
12-09 08:00:29.415 W/ActivityManager( 1592): 	at android.os.Binder.execTransact(Binder.java:453)
12-09 08:00:29.423 I/System.out(10325): result:{"bonusInformation":[],"message":"","success":true}
12-09 08:00:29.430 W/PhoneWindow(10325): Previously focused view reported id 2131296279 during save, but can't be found during restore.
12-09 08:00:29.438 W/audio_hw_generic( 1309): Not supplying enough data to HAL, expected position 19233692 , only wrote 19233117
12-09 08:00:29.469 D/EGL_emulation( 1688): eglMakeCurrent: 0x7fe7df8d3ea0: ver 2 0 (tinfo 0x7fe7d71edac0)
12-09 08:00:29.470 E/Surface ( 1688): getSlotFromBufferLocked: unknown buffer: 0x7fe7e1285460
12-09 08:00:29.477 D/EGL_emulation( 1688): eglMakeCurrent: 0x7fe7df8d3ea0: ver 2 0 (tinfo 0x7fe7d71edac0)
12-09 08:00:29.492 D/gralloc_ranchu( 1224): gralloc_alloc: Creating ashmem region of size 3686400
12-09 08:00:29.499 W/audio_hw_generic( 1309): Not supplying enough data to HAL, expected position 19237319 , only wrote 19235761
12-09 08:00:29.808 D/gralloc_ranchu( 1224): gralloc_alloc: Creating ashmem region of size 3686400
12-09 08:00:29.813 I/WindowManager( 1592): Screen frozen for +1s184ms due to Window{9083d0d u0 com.evancharlton.mileage/com.evancharlton.mileage.Mileage}
12-09 08:00:30.827 D/gralloc_ranchu( 1224): gralloc_alloc: Creating ashmem region of size 3686400
12-09 08:00:31.462 I/System.out(10325): URI: //gesture
12-09 08:00:31.462 I/System.out(10325): params: {json={"query_timeout":5.0,"gestures":[{"query_string":"android.widget.TabWidget descendant TextView index:1","touches":[{"x":50,"y":50,"offset_x":0,"offset_y":0,"wait":0.0,"time":0.2,"release":true,"query_string":null}]}]}
12-09 08:00:31.462 I/System.out(10325): }
12-09 08:00:32.151 I/art     ( 1592): Starting a blocking GC Explicit
12-09 08:00:32.185 I/art     ( 1592): Explicit concurrent mark sweep GC freed 8861(770KB) AllocSpace objects, 2(40KB) LOS objects, 30% free, 9MB/13MB, paused 1.125ms total 21.707ms
12-09 08:00:34.650 I/InputDispatcher( 1592): Window 'Window{9083d0d u0 com.evancharlton.mileage/com.evancharlton.mileage.Mileage}' spent 3143.5ms processing the last input event: MotionEvent(deviceId=0, source=0x00001002, action=2, actionButton=0x00000000, flags=0x00000000, metaState=0x00000000, buttonState=0x00000000, edgeFlags=0x00000000, xPrecision=1.0, yPrecision=1.0, displayId=0, pointers=[0: (479.0, 77.0)]), policyFlags=0x69000000
12-09 08:00:34.754 I/calabash(10325): newActivity1
12-09 08:00:34.755 W/ActivityManager( 1592): Bad activity token: android.os.BinderProxy@b9500c5
12-09 08:00:34.755 W/ActivityManager( 1592): java.lang.ClassCastException: android.os.BinderProxy cannot be cast to com.android.server.am.ActivityRecord$Token
12-09 08:00:34.755 W/ActivityManager( 1592): 	at com.android.server.am.ActivityRecord.forTokenLocked(ActivityRecord.java:424)
12-09 08:00:34.755 W/ActivityManager( 1592): 	at com.android.server.am.ActivityRecord.isInStackLocked(ActivityRecord.java:1121)
12-09 08:00:34.755 W/ActivityManager( 1592): 	at com.android.server.am.ActivityRecord.getStackLocked(ActivityRecord.java:1126)
12-09 08:00:34.755 W/ActivityManager( 1592): 	at com.android.server.am.ActivityManagerService.getActivityDisplayId(ActivityManagerService.java:8889)
12-09 08:00:34.755 W/ActivityManager( 1592): 	at android.app.ActivityManagerNative.onTransact(ActivityManagerNative.java:2338)
12-09 08:00:34.755 W/ActivityManager( 1592): 	at com.android.server.am.ActivityManagerService.onTransact(ActivityManagerService.java:2443)
12-09 08:00:34.755 W/ActivityManager( 1592): 	at android.os.Binder.execTransact(Binder.java:453)
12-09 08:00:34.756 W/ActivityManager( 1592): Bad activity token: android.os.BinderProxy@b9500c5
12-09 08:00:34.756 W/ActivityManager( 1592): java.lang.ClassCastException: android.os.BinderProxy cannot be cast to com.android.server.am.ActivityRecord$Token
12-09 08:00:34.756 W/ActivityManager( 1592): 	at com.android.server.am.ActivityRecord.forTokenLocked(ActivityRecord.java:424)
12-09 08:00:34.756 W/ActivityManager( 1592): 	at com.android.server.am.ActivityRecord.isInStackLocked(ActivityRecord.java:1121)
12-09 08:00:34.756 W/ActivityManager( 1592): 	at com.android.server.am.ActivityManagerService.setTaskDescription(ActivityManagerService.java:8547)
12-09 08:00:34.756 W/ActivityManager( 1592): 	at android.app.ActivityManagerNative.onTransact(ActivityManagerNative.java:2410)
12-09 08:00:34.756 W/ActivityManager( 1592): 	at com.android.server.am.ActivityManagerService.onTransact(ActivityManagerService.java:2443)
12-09 08:00:34.756 W/ActivityManager( 1592): 	at android.os.Binder.execTransact(Binder.java:453)
12-09 08:00:34.757 W/audio_hw_generic( 1309): Hardware backing HAL too slow, could only write 0 of 661 frames
12-09 08:00:34.788 W/audio_hw_generic( 1309): Hardware backing HAL too slow, could only write 0 of 661 frames
12-09 08:00:34.801 W/audio_hw_generic( 1309): Hardware backing HAL too slow, could only write 0 of 661 frames
12-09 08:00:34.814 W/audio_hw_generic( 1309): Hardware backing HAL too slow, could only write 0 of 661 frames
12-09 08:00:34.826 W/audio_hw_generic( 1309): Hardware backing HAL too slow, could only write 0 of 661 frames
12-09 08:00:34.830 W/ActivityManager( 1592): Bad activity token: android.os.BinderProxy@b9500c5
12-09 08:00:34.830 W/ActivityManager( 1592): java.lang.ClassCastException: android.os.BinderProxy cannot be cast to com.android.server.am.ActivityRecord$Token
12-09 08:00:34.830 W/ActivityManager( 1592): 	at com.android.server.am.ActivityRecord.forTokenLocked(ActivityRecord.java:424)
12-09 08:00:34.830 W/ActivityManager( 1592): 	at com.android.server.am.ActivityRecord.isInStackLocked(ActivityRecord.java:1121)
12-09 08:00:34.830 W/ActivityManager( 1592): 	at com.android.server.am.ActivityManagerService.getActivityOptions(ActivityManagerService.java:11038)
12-09 08:00:34.830 W/ActivityManager( 1592): 	at android.app.ActivityManagerNative.onTransact(ActivityManagerNative.java:1734)
12-09 08:00:34.830 W/ActivityManager( 1592): 	at com.android.server.am.ActivityManagerService.onTransact(ActivityManagerService.java:2443)
12-09 08:00:34.830 W/ActivityManager( 1592): 	at android.os.Binder.execTransact(Binder.java:453)
12-09 08:00:34.831 W/ActivityManager( 1592): Bad activity token: android.os.BinderProxy@b9500c5
12-09 08:00:34.831 W/ActivityManager( 1592): java.lang.ClassCastException: android.os.BinderProxy cannot be cast to com.android.server.am.ActivityRecord$Token
12-09 08:00:34.831 W/ActivityManager( 1592): 	at com.android.server.am.ActivityRecord.forTokenLocked(ActivityRecord.java:424)
12-09 08:00:34.831 W/ActivityManager( 1592): 	at com.android.server.am.ActivityRecord.isInStackLocked(ActivityRecord.java:1121)
12-09 08:00:34.831 W/ActivityManager( 1592): 	at com.android.server.am.ActivityManagerService.getActivityOptions(ActivityManagerService.java:11038)
12-09 08:00:34.831 W/ActivityManager( 1592): 	at android.app.ActivityManagerNative.onTransact(ActivityManagerNative.java:1734)
12-09 08:00:34.831 W/ActivityManager( 1592): 	at com.android.server.am.ActivityManagerService.onTransact(ActivityManagerService.java:2443)
12-09 08:00:34.831 W/ActivityManager( 1592): 	at android.os.Binder.execTransact(Binder.java:453)
12-09 08:00:35.019 W/audio_hw_generic( 1309): Not supplying enough data to HAL, expected position 19248363 , only wrote 19248320
12-09 08:00:35.019 W/audio_hw_generic( 1309): Not supplying enough data to HAL, expected position 19248334 , only wrote 19248320
12-09 08:00:35.037 W/audio_hw_generic( 1309): Not supplying enough data to HAL, expected position 19249102 , only wrote 19248981
12-09 08:00:35.059 D/Mileage (10325): Not enough fillups to calculate economy
12-09 08:00:35.068 W/audio_hw_generic( 1309): Not supplying enough data to HAL, expected position 19250363 , only wrote 19250303
12-09 08:00:35.342 W/audio_hw_generic( 1309): Hardware backing HAL too slow, could only write 0 of 661 frames
12-09 08:00:35.357 W/audio_hw_generic( 1309): Hardware backing HAL too slow, could only write 0 of 661 frames
12-09 08:00:35.373 W/audio_hw_generic( 1309): Hardware backing HAL too slow, could only write 0 of 661 frames
12-09 08:00:35.388 E/SurfaceFlinger( 1224): ro.sf.lcd_density must be defined as a build property
12-09 08:00:35.388 D/gralloc_ranchu( 1224): gralloc_alloc: Creating ashmem region of size 3686400
12-09 08:00:35.475 D/        (10396): HostConnection::get() New Host Connection established 0x7fc554992480, tid 10396
12-09 08:00:35.494 E/EGL_emulation( 1224): tid 1224: eglCreateSyncKHR(1881): error 0x3004 (EGL_BAD_ATTRIBUTE)
12-09 08:00:35.534 W/audio_hw_generic( 1309): Not supplying enough data to HAL, expected position 19270832 , only wrote 19270794
12-09 08:00:35.534 W/audio_hw_generic( 1309): Not supplying enough data to HAL, expected position 19270801 , only wrote 19270794
12-09 08:00:35.551 W/audio_hw_generic( 1309): Not supplying enough data to HAL, expected position 19271557 , only wrote 19271455
12-09 08:00:35.668 W/audio_hw_generic( 1309): Hardware backing HAL too slow, could only write 0 of 661 frames
12-09 08:00:35.679 W/audio_hw_generic( 1309): Hardware backing HAL too slow, could only write 0 of 661 frames
12-09 08:00:35.695 W/audio_hw_generic( 1309): Hardware backing HAL too slow, could only write 0 of 661 frames
12-09 08:00:35.712 W/audio_hw_generic( 1309): Hardware backing HAL too slow, could only write 0 of 661 frames
12-09 08:00:36.101 W/audio_hw_generic( 1309): Not supplying enough data to HAL, expected position 19295678 , only wrote 19295251
12-09 08:00:36.152 W/audio_hw_generic( 1309): Hardware backing HAL too slow, could only write 0 of 661 frames
12-09 08:00:36.165 W/audio_hw_generic( 1309): Hardware backing HAL too slow, could only write 0 of 661 frames
12-09 08:00:36.197 W/audio_hw_generic( 1309): Hardware backing HAL too slow, could only write 0 of 661 frames
12-09 08:00:36.214 W/audio_hw_generic( 1309): Hardware backing HAL too slow, could only write 0 of 661 frames
12-09 08:00:36.223 W/audio_hw_generic( 1309): Hardware backing HAL too slow, could only write 0 of 661 frames
12-09 08:00:36.281 W/audio_hw_generic( 1309): Not supplying enough data to HAL, expected position 19303219 , only wrote 19301861
12-09 08:00:36.282 W/audio_hw_generic( 1309): Not supplying enough data to HAL, expected position 19301867 , only wrote 19301861
12-09 08:00:36.310 W/audio_hw_generic( 1309): Not supplying enough data to HAL, expected position 19303092 , only wrote 19302522
12-09 08:00:36.325 W/audio_hw_generic( 1309): Hardware backing HAL too slow, could only write 0 of 661 frames
12-09 08:00:36.346 W/audio_hw_generic( 1309): Hardware backing HAL too slow, could only write 0 of 661 frames
12-09 08:00:36.357 W/audio_hw_generic( 1309): Hardware backing HAL too slow, could only write 0 of 661 frames
12-09 08:00:36.385 W/audio_hw_generic( 1309): Hardware backing HAL too slow, could only write 0 of 661 frames
12-09 08:00:36.386 W/audio_hw_generic( 1309): Hardware backing HAL too slow, could only write 0 of 661 frames
12-09 08:00:36.392 I/System.out(10325): URI: //gesture
12-09 08:00:36.392 I/System.out(10325): params: {json={"query_timeout":5.0,"gestures":[{"query_string":"android.widget.TabWidget descendant TextView index:3","touches":[{"x":50,"y":50,"offset_x":0,"offset_y":0,"wait":0.0,"time":0.2,"release":true,"query_string":null}]}]}
12-09 08:00:36.393 I/System.out(10325): }
12-09 08:00:36.430 W/audio_hw_generic( 1309): Hardware backing HAL too slow, could only write 0 of 661 frames
12-09 08:00:36.478 W/audio_hw_generic( 1309): Not supplying enough data to HAL, expected position 19309943 , only wrote 19309793
12-09 08:00:36.522 W/audio_hw_generic( 1309): Not supplying enough data to HAL, expected position 19311743 , only wrote 19311115
12-09 08:00:36.541 I/art     (10325): Background sticky concurrent mark sweep GC freed 49387(2MB) AllocSpace objects, 2(40KB) LOS objects, 39% free, 3MB/5MB, paused 978us total 140.788ms
12-09 08:00:36.566 W/CursorWrapperInner(10325): Cursor finalized without prior close()
12-09 08:00:36.616 W/audio_hw_generic( 1309): Not supplying enough data to HAL, expected position 19315258 , only wrote 19315081
12-09 08:00:36.916 W/audio_hw_generic( 1309): Not supplying enough data to HAL, expected position 19328319 , only wrote 19328301
12-09 08:00:36.916 W/audio_hw_generic( 1309): Not supplying enough data to HAL, expected position 19328310 , only wrote 19328301
12-09 08:00:36.933 W/audio_hw_generic( 1309): Not supplying enough data to HAL, expected position 19329051 , only wrote 19328962
12-09 08:00:36.954 I/calabash(10325): newActivity1
12-09 08:00:36.978 W/audio_hw_generic( 1309): Hardware backing HAL too slow, could only write 0 of 661 frames
12-09 08:00:36.982 W/ActivityManager( 1592): Bad activity token: android.os.BinderProxy@b482de6
12-09 08:00:36.982 W/ActivityManager( 1592): java.lang.ClassCastException: android.os.BinderProxy cannot be cast to com.android.server.am.ActivityRecord$Token
12-09 08:00:36.982 W/ActivityManager( 1592): 	at com.android.server.am.ActivityRecord.forTokenLocked(ActivityRecord.java:424)
12-09 08:00:36.982 W/ActivityManager( 1592): 	at com.android.server.am.ActivityRecord.isInStackLocked(ActivityRecord.java:1121)
12-09 08:00:36.982 W/ActivityManager( 1592): 	at com.android.server.am.ActivityRecord.getStackLocked(ActivityRecord.java:1126)
12-09 08:00:36.982 W/ActivityManager( 1592): 	at com.android.server.am.ActivityManagerService.getActivityDisplayId(ActivityManagerService.java:8889)
12-09 08:00:36.982 W/ActivityManager( 1592): 	at android.app.ActivityManagerNative.onTransact(ActivityManagerNative.java:2338)
12-09 08:00:36.982 W/ActivityManager( 1592): 	at com.android.server.am.ActivityManagerService.onTransact(ActivityManagerService.java:2443)
12-09 08:00:36.982 W/ActivityManager( 1592): 	at android.os.Binder.execTransact(Binder.java:453)
12-09 08:00:36.983 W/ActivityManager( 1592): Bad activity token: android.os.BinderProxy@b482de6
12-09 08:00:36.983 W/ActivityManager( 1592): java.lang.ClassCastException: android.os.BinderProxy cannot be cast to com.android.server.am.ActivityRecord$Token
12-09 08:00:36.983 W/ActivityManager( 1592): 	at com.android.server.am.ActivityRecord.forTokenLocked(ActivityRecord.java:424)
12-09 08:00:36.983 W/ActivityManager( 1592): 	at com.android.server.am.ActivityRecord.isInStackLocked(ActivityRecord.java:1121)
12-09 08:00:36.983 W/ActivityManager( 1592): 	at com.android.server.am.ActivityManagerService.setTaskDescription(ActivityManagerService.java:8547)
12-09 08:00:36.983 W/ActivityManager( 1592): 	at android.app.ActivityManagerNative.onTransact(ActivityManagerNative.java:2410)
12-09 08:00:36.983 W/ActivityManager( 1592): 	at com.android.server.am.ActivityManagerService.onTransact(ActivityManagerService.java:2443)
12-09 08:00:36.983 W/ActivityManager( 1592): 	at android.os.Binder.execTransact(Binder.java:453)
12-09 08:00:37.005 W/audio_hw_generic( 1309): Hardware backing HAL too slow, could only write 0 of 661 frames
12-09 08:00:37.047 W/ActivityManager( 1592): Bad activity token: android.os.BinderProxy@b482de6
12-09 08:00:37.047 W/ActivityManager( 1592): java.lang.ClassCastException: android.os.BinderProxy cannot be cast to com.android.server.am.ActivityRecord$Token
12-09 08:00:37.047 W/ActivityManager( 1592): 	at com.android.server.am.ActivityRecord.forTokenLocked(ActivityRecord.java:424)
12-09 08:00:37.047 W/ActivityManager( 1592): 	at com.android.server.am.ActivityRecord.isInStackLocked(ActivityRecord.java:1121)
12-09 08:00:37.047 W/ActivityManager( 1592): 	at com.android.server.am.ActivityManagerService.getActivityOptions(ActivityManagerService.java:11038)
12-09 08:00:37.047 W/ActivityManager( 1592): 	at android.app.ActivityManagerNative.onTransact(ActivityManagerNative.java:1734)
12-09 08:00:37.047 W/ActivityManager( 1592): 	at com.android.server.am.ActivityManagerService.onTransact(ActivityManagerService.java:2443)
12-09 08:00:37.047 W/ActivityManager( 1592): 	at android.os.Binder.execTransact(Binder.java:453)
12-09 08:00:37.062 W/ActivityManager( 1592): Bad activity token: android.os.BinderProxy@b482de6
12-09 08:00:37.062 W/ActivityManager( 1592): java.lang.ClassCastException: android.os.BinderProxy cannot be cast to com.android.server.am.ActivityRecord$Token
12-09 08:00:37.062 W/ActivityManager( 1592): 	at com.android.server.am.ActivityRecord.forTokenLocked(ActivityRecord.java:424)
12-09 08:00:37.062 W/ActivityManager( 1592): 	at com.android.server.am.ActivityRecord.isInStackLocked(ActivityRecord.java:1121)
12-09 08:00:37.062 W/ActivityManager( 1592): 	at com.android.server.am.ActivityManagerService.getActivityOptions(ActivityManagerService.java:11038)
12-09 08:00:37.062 W/ActivityManager( 1592): 	at android.app.ActivityManagerNative.onTransact(ActivityManagerNative.java:1734)
12-09 08:00:37.062 W/ActivityManager( 1592): 	at com.android.server.am.ActivityManagerService.onTransact(ActivityManagerService.java:2443)
12-09 08:00:37.062 W/ActivityManager( 1592): 	at android.os.Binder.execTransact(Binder.java:453)
12-09 08:00:37.106 W/audio_hw_generic( 1309): Not supplying enough data to HAL, expected position 19336578 , only wrote 19333589
12-09 08:00:37.146 W/audio_hw_generic( 1309): Not supplying enough data to HAL, expected position 19335353 , only wrote 19334911
12-09 08:00:37.273 W/audio_hw_generic( 1309): Hardware backing HAL too slow, could only write 0 of 661 frames
12-09 08:00:37.288 W/audio_hw_generic( 1309): Hardware backing HAL too slow, could only write 0 of 661 frames
12-09 08:00:37.303 W/audio_hw_generic( 1309): Hardware backing HAL too slow, could only write 0 of 661 frames
12-09 08:00:37.423 W/audio_hw_generic( 1309): Not supplying enough data to HAL, expected position 19347138 , only wrote 19345487
12-09 08:00:37.424 W/audio_hw_generic( 1309): Not supplying enough data to HAL, expected position 19345494 , only wrote 19345487
12-09 08:00:37.453 W/audio_hw_generic( 1309): Not supplying enough data to HAL, expected position 19346804 , only wrote 19346148
12-09 08:00:37.484 W/audio_hw_generic( 1309): Hardware backing HAL too slow, could only write 0 of 661 frames
12-09 08:00:37.499 W/audio_hw_generic( 1309): Hardware backing HAL too slow, could only write 0 of 661 frames
12-09 08:00:37.612 E/SurfaceFlinger( 1224): ro.sf.lcd_density must be defined as a build property
12-09 08:00:37.613 D/gralloc_ranchu( 1224): gralloc_alloc: Creating ashmem region of size 3686400
12-09 08:00:37.661 D/        (10401): HostConnection::get() New Host Connection established 0x7fbaafb52480, tid 10401
12-09 08:00:37.681 E/EGL_emulation( 1224): tid 1224: eglCreateSyncKHR(1881): error 0x3004 (EGL_BAD_ATTRIBUTE)
12-09 08:00:37.782 W/audio_hw_generic( 1309): Not supplying enough data to HAL, expected position 19360629 , only wrote 19360029
12-09 08:00:37.782 W/audio_hw_generic( 1309): Not supplying enough data to HAL, expected position 19360035 , only wrote 19360029
12-09 08:00:38.398 W/audio_hw_generic( 1309): Not supplying enough data to HAL, expected position 19387189 , only wrote 19387130
12-09 08:00:38.398 W/audio_hw_generic( 1309): Not supplying enough data to HAL, expected position 19387136 , only wrote 19387130
12-09 08:00:38.417 W/audio_hw_generic( 1309): Not supplying enough data to HAL, expected position 19387946 , only wrote 19387791
12-09 08:00:38.494 I/System.out(10325): URI: //gesture
12-09 08:00:38.494 I/System.out(10325): params: {json={"query_timeout":5.0,"gestures":[{"query_string":"android.widget.TabWidget descendant TextView index:2","touches":[{"x":50,"y":50,"offset_x":0,"offset_y":0,"wait":0.0,"time":0.2,"release":true,"query_string":null}]}]}
12-09 08:00:38.494 I/System.out(10325): }
12-09 08:00:38.530 W/audio_hw_generic( 1309): Not supplying enough data to HAL, expected position 19392787 , only wrote 19390435
12-09 08:00:38.530 W/audio_hw_generic( 1309): Not supplying enough data to HAL, expected position 19390441 , only wrote 19390435
12-09 08:00:38.570 W/audio_hw_generic( 1309): Not supplying enough data to HAL, expected position 19392200 , only wrote 19391096
12-09 08:00:38.869 W/audio_hw_generic( 1309): Not supplying enough data to HAL, expected position 19404294 , only wrote 19394401
12-09 08:00:38.869 W/audio_hw_generic( 1309): Not supplying enough data to HAL, expected position 19394407 , only wrote 19394401
12-09 08:00:38.901 W/audio_hw_generic( 1309): Not supplying enough data to HAL, expected position 19395806 , only wrote 19395723
12-09 08:00:38.945 W/audio_hw_generic( 1309): Hardware backing HAL too slow, could only write 0 of 661 frames
12-09 08:00:38.962 W/audio_hw_generic( 1309): Hardware backing HAL too slow, could only write 0 of 661 frames
12-09 08:00:39.142 W/audio_hw_generic( 1309): Not supplying enough data to HAL, expected position 19406331 , only wrote 19406299
12-09 08:00:39.142 W/audio_hw_generic( 1309): Not supplying enough data to HAL, expected position 19406305 , only wrote 19406299
12-09 08:00:39.161 W/audio_hw_generic( 1309): Not supplying enough data to HAL, expected position 19407150 , only wrote 19406960
12-09 08:00:39.236 W/audio_hw_generic( 1309): Not supplying enough data to HAL, expected position 19410256 , only wrote 19408282
12-09 08:00:39.374 W/audio_hw_generic( 1309): Hardware backing HAL too slow, could only write 0 of 661 frames
12-09 08:00:39.393 W/audio_hw_generic( 1309): Hardware backing HAL too slow, could only write 0 of 661 frames
12-09 08:00:39.407 W/audio_hw_generic( 1309): Hardware backing HAL too slow, could only write 0 of 661 frames
12-09 08:00:39.422 W/audio_hw_generic( 1309): Hardware backing HAL too slow, could only write 0 of 661 frames
12-09 08:00:39.437 W/audio_hw_generic( 1309): Hardware backing HAL too slow, could only write 0 of 661 frames
12-09 08:00:39.452 W/audio_hw_generic( 1309): Hardware backing HAL too slow, could only write 0 of 661 frames
12-09 08:00:39.465 W/audio_hw_generic( 1309): Hardware backing HAL too slow, could only write 0 of 661 frames
12-09 08:00:39.480 W/audio_hw_generic( 1309): Hardware backing HAL too slow, could only write 0 of 661 frames
12-09 08:00:39.508 I/calabash(10325): newActivity1
12-09 08:00:39.509 W/audio_hw_generic( 1309): Hardware backing HAL too slow, could only write 0 of 661 frames
12-09 08:00:39.509 W/ActivityManager( 1592): Bad activity token: android.os.BinderProxy@19bcf27
12-09 08:00:39.509 W/ActivityManager( 1592): java.lang.ClassCastException: android.os.BinderProxy cannot be cast to com.android.server.am.ActivityRecord$Token
12-09 08:00:39.509 W/ActivityManager( 1592): 	at com.android.server.am.ActivityRecord.forTokenLocked(ActivityRecord.java:424)
12-09 08:00:39.509 W/ActivityManager( 1592): 	at com.android.server.am.ActivityRecord.isInStackLocked(ActivityRecord.java:1121)
12-09 08:00:39.509 W/ActivityManager( 1592): 	at com.android.server.am.ActivityRecord.getStackLocked(ActivityRecord.java:1126)
12-09 08:00:39.509 W/ActivityManager( 1592): 	at com.android.server.am.ActivityManagerService.getActivityDisplayId(ActivityManagerService.java:8889)
12-09 08:00:39.509 W/ActivityManager( 1592): 	at android.app.ActivityManagerNative.onTransact(ActivityManagerNative.java:2338)
12-09 08:00:39.509 W/ActivityManager( 1592): 	at com.android.server.am.ActivityManagerService.onTransact(ActivityManagerService.java:2443)
12-09 08:00:39.509 W/ActivityManager( 1592): 	at android.os.Binder.execTransact(Binder.java:453)
12-09 08:00:39.510 W/ActivityManager( 1592): Bad activity token: android.os.BinderProxy@19bcf27
12-09 08:00:39.510 W/ActivityManager( 1592): java.lang.ClassCastException: android.os.BinderProxy cannot be cast to com.android.server.am.ActivityRecord$Token
12-09 08:00:39.510 W/ActivityManager( 1592): 	at com.android.server.am.ActivityRecord.forTokenLocked(ActivityRecord.java:424)
12-09 08:00:39.510 W/ActivityManager( 1592): 	at com.android.server.am.ActivityRecord.isInStackLocked(ActivityRecord.java:1121)
12-09 08:00:39.510 W/ActivityManager( 1592): 	at com.android.server.am.ActivityManagerService.setTaskDescription(ActivityManagerService.java:8547)
12-09 08:00:39.510 W/ActivityManager( 1592): 	at android.app.ActivityManagerNative.onTransact(ActivityManagerNative.java:2410)
12-09 08:00:39.510 W/ActivityManager( 1592): 	at com.android.server.am.ActivityManagerService.onTransact(ActivityManagerService.java:2443)
12-09 08:00:39.510 W/ActivityManager( 1592): 	at android.os.Binder.execTransact(Binder.java:453)
12-09 08:00:39.520 D/VehicleStatisticsActivity(10325): Checking recalculation ...
12-09 08:00:39.521 D/VehicleStatisticsActivity(10325): Recalculation not necessary.
12-09 08:00:39.534 W/ActivityManager( 1592): Bad activity token: android.os.BinderProxy@19bcf27
12-09 08:00:39.534 W/ActivityManager( 1592): java.lang.ClassCastException: android.os.BinderProxy cannot be cast to com.android.server.am.ActivityRecord$Token
12-09 08:00:39.534 W/ActivityManager( 1592): 	at com.android.server.am.ActivityRecord.forTokenLocked(ActivityRecord.java:424)
12-09 08:00:39.534 W/ActivityManager( 1592): 	at com.android.server.am.ActivityRecord.isInStackLocked(ActivityRecord.java:1121)
12-09 08:00:39.534 W/ActivityManager( 1592): 	at com.android.server.am.ActivityManagerService.getActivityOptions(ActivityManagerService.java:11038)
12-09 08:00:39.534 W/ActivityManager( 1592): 	at android.app.ActivityManagerNative.onTransact(ActivityManagerNative.java:1734)
12-09 08:00:39.534 W/ActivityManager( 1592): 	at com.android.server.am.ActivityManagerService.onTransact(ActivityManagerService.java:2443)
12-09 08:00:39.534 W/ActivityManager( 1592): 	at android.os.Binder.execTransact(Binder.java:453)
12-09 08:00:39.535 W/ActivityManager( 1592): Bad activity token: android.os.BinderProxy@19bcf27
12-09 08:00:39.535 W/ActivityManager( 1592): java.lang.ClassCastException: android.os.BinderProxy cannot be cast to com.android.server.am.ActivityRecord$Token
12-09 08:00:39.535 W/ActivityManager( 1592): 	at com.android.server.am.ActivityRecord.forTokenLocked(ActivityRecord.java:424)
12-09 08:00:39.535 W/ActivityManager( 1592): 	at com.android.server.am.ActivityRecord.isInStackLocked(ActivityRecord.java:1121)
12-09 08:00:39.535 W/ActivityManager( 1592): 	at com.android.server.am.ActivityManagerService.getActivityOptions(ActivityManagerService.java:11038)
12-09 08:00:39.535 W/ActivityManager( 1592): 	at android.app.ActivityManagerNative.onTransact(ActivityManagerNative.java:1734)
12-09 08:00:39.535 W/ActivityManager( 1592): 	at com.android.server.am.ActivityManagerService.onTransact(ActivityManagerService.java:2443)
12-09 08:00:39.535 W/ActivityManager( 1592): 	at android.os.Binder.execTransact(Binder.java:453)
12-09 08:00:39.590 W/audio_hw_generic( 1309): Not supplying enough data to HAL, expected position 19423883 , only wrote 19422824
12-09 08:00:39.611 D/VehicleStatisticsActivity(10325): Checking recalculation ...
12-09 08:00:39.612 D/VehicleStatisticsActivity(10325): Recalculation not necessary.
12-09 08:00:39.615 W/audio_hw_generic( 1309): Not supplying enough data to HAL, expected position 19423922 , only wrote 19423485
12-09 08:00:39.674 W/audio_hw_generic( 1309): Hardware backing HAL too slow, could only write 0 of 661 frames
12-09 08:00:39.754 W/audio_hw_generic( 1309): Not supplying enough data to HAL, expected position 19429630 , only wrote 19429434
12-09 08:00:39.754 W/audio_hw_generic( 1309): Not supplying enough data to HAL, expected position 19429443 , only wrote 19429434
12-09 08:00:39.756 D/AudioFlinger( 1309): mixer(0xf4300000) throttle end: throttle time(22)
12-09 08:00:39.758 I/art     (10325): Background sticky concurrent mark sweep GC freed 37353(1712KB) AllocSpace objects, 1(20KB) LOS objects, 33% free, 3MB/5MB, paused 1.088ms total 111.898ms
12-09 08:00:39.802 W/audio_hw_generic( 1309): Not supplying enough data to HAL, expected position 19431531 , only wrote 19431417
12-09 08:00:39.926 W/audio_hw_generic( 1309): Not supplying enough data to HAL, expected position 19436887 , only wrote 19436044
12-09 08:00:39.926 W/audio_hw_generic( 1309): Not supplying enough data to HAL, expected position 19436053 , only wrote 19436044
12-09 08:00:39.943 W/audio_hw_generic( 1309): Not supplying enough data to HAL, expected position 19436806 , only wrote 19436705
12-09 08:00:39.944 W/audio_hw_generic( 1309): Hardware backing HAL too slow, could only write 0 of 661 frames
12-09 08:00:39.944 W/audio_hw_generic( 1309): Hardware backing HAL too slow, could only write 0 of 661 frames
12-09 08:00:39.977 W/audio_hw_generic( 1309): Hardware backing HAL too slow, could only write 0 of 661 frames
12-09 08:00:39.997 W/audio_hw_generic( 1309): Hardware backing HAL too slow, could only write 0 of 661 frames
12-09 08:00:40.009 W/audio_hw_generic( 1309): Hardware backing HAL too slow, could only write 0 of 661 frames
12-09 08:00:40.055 E/SurfaceFlinger( 1224): ro.sf.lcd_density must be defined as a build property
12-09 08:00:40.056 D/gralloc_ranchu( 1224): gralloc_alloc: Creating ashmem region of size 3686400
12-09 08:00:40.062 W/audio_hw_generic( 1309): Hardware backing HAL too slow, could only write 0 of 661 frames
12-09 08:00:40.062 W/audio_hw_generic( 1309): Not supplying enough data to HAL, expected position 19441914 , only wrote 19441332
12-09 08:00:40.062 W/audio_hw_generic( 1309): Not supplying enough data to HAL, expected position 19441337 , only wrote 19441332
12-09 08:00:40.117 D/        (10406): HostConnection::get() New Host Connection established 0x7f6984792480, tid 10406
12-09 08:00:40.138 E/EGL_emulation( 1224): tid 1224: eglCreateSyncKHR(1881): error 0x3004 (EGL_BAD_ATTRIBUTE)
12-09 08:00:40.853 W/audio_hw_generic( 1309): Not supplying enough data to HAL, expected position 19476238 , only wrote 19475704
12-09 08:00:40.874 W/audio_hw_generic( 1309): Not supplying enough data to HAL, expected position 19476621 , only wrote 19475704
12-09 08:00:40.901 W/audio_hw_generic( 1309): Not supplying enough data to HAL, expected position 19476905 , only wrote 19476365
12-09 08:00:40.917 W/audio_hw_generic( 1309): Hardware backing HAL too slow, could only write 0 of 661 frames
12-09 08:00:40.936 W/audio_hw_generic( 1309): Hardware backing HAL too slow, could only write 0 of 661 frames
12-09 08:00:40.949 W/audio_hw_generic( 1309): Hardware backing HAL too slow, could only write 0 of 661 frames
12-09 08:00:40.978 W/audio_hw_generic( 1309): Hardware backing HAL too slow, could only write 0 of 661 frames
12-09 08:00:40.993 W/audio_hw_generic( 1309): Hardware backing HAL too slow, could only write 0 of 661 frames
12-09 08:00:41.010 W/audio_hw_generic( 1309): Hardware backing HAL too slow, could only write 0 of 661 frames
12-09 08:00:41.024 W/audio_hw_generic( 1309): Hardware backing HAL too slow, could only write 0 of 661 frames
12-09 08:00:41.095 I/System.out(10325): URI: //gesture
12-09 08:00:41.095 I/System.out(10325): params: {json={"query_timeout":5.0,"gestures":[{"query_string":"android.widget.TabWidget descendant TextView index:0","touches":[{"x":50,"y":50,"offset_x":0,"offset_y":0,"wait":0.0,"time":0.2,"release":true,"query_string":null}]}]}
12-09 08:00:41.095 I/System.out(10325): }
12-09 08:00:41.204 W/audio_hw_generic( 1309): Not supplying enough data to HAL, expected position 19489712 , only wrote 19488924
12-09 08:00:41.204 W/audio_hw_generic( 1309): Not supplying enough data to HAL, expected position 19488930 , only wrote 19488924
12-09 08:00:41.221 W/audio_hw_generic( 1309): Not supplying enough data to HAL, expected position 19489686 , only wrote 19489585
12-09 08:00:41.222 W/audio_hw_generic( 1309): Hardware backing HAL too slow, could only write 0 of 661 frames
12-09 08:00:41.242 W/audio_hw_generic( 1309): Hardware backing HAL too slow, could only write 0 of 661 frames
12-09 08:00:41.257 W/audio_hw_generic( 1309): Hardware backing HAL too slow, could only write 0 of 661 frames
12-09 08:00:41.441 W/audio_hw_generic( 1309): Hardware backing HAL too slow, could only write 0 of 661 frames
12-09 08:00:41.587 W/audio_hw_generic( 1309): Hardware backing HAL too slow, could only write 0 of 661 frames
12-09 08:00:41.786 W/audio_hw_generic( 1309): Not supplying enough data to HAL, expected position 19514478 , only wrote 19514042
12-09 08:00:41.818 W/audio_hw_generic( 1309): Hardware backing HAL too slow, could only write 0 of 661 frames
12-09 08:00:41.879 I/art     (10325): Background sticky concurrent mark sweep GC freed 47374(2MB) AllocSpace objects, 1(20KB) LOS objects, 29% free, 3MB/5MB, paused 2.808ms total 140.347ms
12-09 08:00:42.104 W/audio_hw_generic( 1309): Not supplying enough data to HAL, expected position 19528080 , only wrote 19527923
12-09 08:00:42.104 W/audio_hw_generic( 1309): Not supplying enough data to HAL, expected position 19527929 , only wrote 19527923
12-09 08:00:42.121 W/audio_hw_generic( 1309): Not supplying enough data to HAL, expected position 19528635 , only wrote 19528584
12-09 08:00:42.159 W/audio_hw_generic( 1309): Not supplying enough data to HAL, expected position 19530290 , only wrote 19529906
12-09 08:00:42.176 W/audio_hw_generic( 1309): Not supplying enough data to HAL, expected position 19530658 , only wrote 19530567
12-09 08:00:42.176 W/audio_hw_generic( 1309): Not supplying enough data to HAL, expected position 19530573 , only wrote 19530567
12-09 08:00:42.206 W/audio_hw_generic( 1309): Not supplying enough data to HAL, expected position 19531873 , only wrote 19531228
12-09 08:00:42.253 W/audio_hw_generic( 1309): Hardware backing HAL too slow, could only write 0 of 661 frames
12-09 08:00:42.255 W/audio_hw_generic( 1309): Hardware backing HAL too slow, could only write 0 of 661 frames
12-09 08:00:42.276 W/audio_hw_generic( 1309): Hardware backing HAL too slow, could only write 0 of 661 frames
12-09 08:00:42.296 W/audio_hw_generic( 1309): Hardware backing HAL too slow, could only write 0 of 661 frames
12-09 08:00:42.313 W/audio_hw_generic( 1309): Hardware backing HAL too slow, could only write 0 of 661 frames
12-09 08:00:42.398 W/audio_hw_generic( 1309): Not supplying enough data to HAL, expected position 19539710 , only wrote 19537838
12-09 08:00:42.428 W/audio_hw_generic( 1309): Hardware backing HAL too slow, could only write 0 of 661 frames
12-09 08:00:42.459 W/audio_hw_generic( 1309): Hardware backing HAL too slow, could only write 0 of 661 frames
12-09 08:00:42.475 W/audio_hw_generic( 1309): Hardware backing HAL too slow, could only write 0 of 661 frames
12-09 08:00:42.478 E/SurfaceFlinger( 1224): ro.sf.lcd_density must be defined as a build property
12-09 08:00:42.582 D/gralloc_ranchu( 1224): gralloc_alloc: Creating ashmem region of size 3686400
12-09 08:00:42.665 D/        (10412): HostConnection::get() New Host Connection established 0x7f8286452480, tid 10412
12-09 08:00:42.744 E/EGL_emulation( 1224): tid 1224: eglCreateSyncKHR(1881): error 0x3004 (EGL_BAD_ATTRIBUTE)
12-09 08:00:42.922 W/audio_hw_generic( 1309): Hardware backing HAL too slow, could only write 0 of 661 frames
12-09 08:00:42.922 W/audio_hw_generic( 1309): Not supplying enough data to HAL, expected position 19560939 , only wrote 19560312
12-09 08:00:42.922 W/audio_hw_generic( 1309): Not supplying enough data to HAL, expected position 19560317 , only wrote 19560312
12-09 08:00:42.922 W/audio_hw_generic( 1309): Hardware backing HAL too slow, could only write 0 of 661 frames
12-09 08:00:42.939 W/audio_hw_generic( 1309): Not supplying enough data to HAL, expected position 19561020 , only wrote 19560973
12-09 08:00:42.939 W/audio_hw_generic( 1309): Hardware backing HAL too slow, could only write 0 of 661 frames
12-09 08:00:42.939 W/audio_hw_generic( 1309): Hardware backing HAL too slow, could only write 0 of 661 frames
12-09 08:00:42.971 W/audio_hw_generic( 1309): Hardware backing HAL too slow, could only write 0 of 661 frames
12-09 08:00:42.987 W/audio_hw_generic( 1309): Hardware backing HAL too slow, could only write 0 of 661 frames
12-09 08:00:43.001 W/audio_hw_generic( 1309): Hardware backing HAL too slow, could only write 0 of 661 frames
12-09 08:00:43.070 W/audio_hw_generic( 1309): Not supplying enough data to HAL, expected position 19566779 , only wrote 19566261
