--------- beginning of system
12-09 08:16:43.541 W/ActivityManager( 1591): Finishing task with all activities already finished
12-09 08:16:43.541 W/ActivityManager( 1591): Duplicate finish request for ActivityRecord{ea56a3c u0 com.evancharlton.mileage/.Mileage t457 f}
12-09 08:16:43.572 W/ActivityManager( 1591): Finishing task with all activities already finished
12-09 08:16:43.573 W/ActivityManager( 1591): Duplicate finish request for ActivityRecord{ea56a3c u0 com.evancharlton.mileage/.Mileage t457 f}
12-09 08:16:43.583 W/ActivityManager( 1591): Finishing task with all activities already finished
12-09 08:16:43.583 W/ActivityManager( 1591): Duplicate finish request for ActivityRecord{ea56a3c u0 com.evancharlton.mileage/.Mileage t457 f}
--------- beginning of main
12-09 08:16:43.646 W/audio_hw_generic( 1308): Not supplying enough data to HAL, expected position 28360533 , only wrote 28360205
12-09 08:16:43.646 W/audio_hw_generic( 1308): Not supplying enough data to HAL, expected position 28360211 , only wrote 28360205
12-09 08:16:43.666 W/audio_hw_generic( 1308): Not supplying enough data to HAL, expected position 28361086 , only wrote 28360866
12-09 08:16:43.727 D/EGL_emulation( 1940): eglMakeCurrent: 0x7fde722f4dc0: ver 2 0 (tinfo 0x7fde722c2d20)
12-09 08:16:43.894 W/audio_hw_generic( 1308): Not supplying enough data to HAL, expected position 28370912 , only wrote 28369459
12-09 08:16:43.894 W/audio_hw_generic( 1308): Not supplying enough data to HAL, expected position 28369465 , only wrote 28369459
12-09 08:16:43.915 W/audio_hw_generic( 1308): Not supplying enough data to HAL, expected position 28370362 , only wrote 28370120
12-09 08:16:43.958 W/audio_hw_generic( 1308): Hardware backing HAL too slow, could only write 0 of 661 frames
12-09 08:16:43.964 W/audio_hw_generic( 1308): Hardware backing HAL too slow, could only write 0 of 661 frames
12-09 08:16:44.048 W/audio_hw_generic( 1308): Hardware backing HAL too slow, could only write 0 of 661 frames
12-09 08:16:44.082 W/audio_hw_generic( 1308): Hardware backing HAL too slow, could only write 0 of 661 frames
12-09 08:16:44.130 W/audio_hw_generic( 1308): Not supplying enough data to HAL, expected position 28379599 , only wrote 28379374
12-09 08:16:44.130 W/audio_hw_generic( 1308): Not supplying enough data to HAL, expected position 28379380 , only wrote 28379374
12-09 08:16:44.146 W/audio_hw_generic( 1308): Not supplying enough data to HAL, expected position 28380094 , only wrote 28380035
12-09 08:16:44.177 W/audio_hw_generic( 1308): Not supplying enough data to HAL, expected position 28381370 , only wrote 28381357
12-09 08:16:44.335 D/AndroidRuntime(15978): >>>>>> START com.android.internal.os.RuntimeInit uid 0 <<<<<<
12-09 08:16:44.342 D/AndroidRuntime(15978): CheckJNI is ON
12-09 08:16:44.357 D/ICU     (15978): No timezone override file found: /data/misc/zoneinfo/current/icu/icu_tzdata.dat
12-09 08:16:44.391 W/audio_hw_generic( 1308): Hardware backing HAL too slow, could only write 0 of 661 frames
12-09 08:16:44.532 W/AudioFlinger( 1308): write blocked for 1044 msecs, 3 delayed writes, thread 0xf43c0000
12-09 08:16:44.543 W/audio_hw_generic( 1308): Not supplying enough data to HAL, expected position 28397497 , only wrote 28397221
12-09 08:16:44.543 W/audio_hw_generic( 1308): Not supplying enough data to HAL, expected position 28397227 , only wrote 28397221
12-09 08:16:44.569 W/audio_hw_generic( 1308): Not supplying enough data to HAL, expected position 28398373 , only wrote 28397882
12-09 08:16:44.594 W/OpenGLRenderer( 1940): Incorrectly called buildLayer on View: ShortcutAndWidgetContainer, destroying layer...
12-09 08:16:44.601 E/memtrack(15978): Couldn't load memtrack module (No such file or directory)
12-09 08:16:44.601 E/android.os.Debug(15978): failed to load memtrack module: -2
12-09 08:16:44.606 I/Radio-JNI(15978): register_android_hardware_Radio DONE
12-09 08:16:44.653 D/AndroidRuntime(15978): Calling main entry com.android.commands.am.Am
12-09 08:16:44.836 W/art     ( 1591): Long monitor contention event with owner method=void com.android.server.wm.WindowAnimator$1.doFrame(long) from WindowAnimator.java:121 waiters=0 for 139ms
12-09 08:16:45.075 W/art     ( 1591): Long monitor contention event with owner method=void com.android.server.wm.WindowAnimator$1.doFrame(long) from WindowAnimator.java:121 waiters=0 for 137ms
12-09 08:16:45.075 W/art     ( 1591): Long monitor contention event with owner method=java.util.List com.android.server.am.ActivityManagerService.getAllStackInfos() from ActivityManagerService.java:8937 waiters=0 for 376ms
12-09 08:16:45.075 I/ActivityManager( 1591): Force stopping com.evancharlton.mileage appid=10137 user=0: start instr
12-09 08:16:45.075 I/ActivityManager( 1591): Killing 15934:com.evancharlton.mileage/u0a137 (adj 0): stop com.evancharlton.mileage
12-09 08:16:45.167 I/WindowState( 1591): WIN DEATH: Window{6f25972 u0 com.evancharlton.mileage/com.evancharlton.mileage.Mileage EXITING}
12-09 08:16:45.169 W/ActivityManager( 1591): Crash of app com.evancharlton.mileage running instrumentation ComponentInfo{com.evancharlton.mileage.test/sh.calaba.instrumentationbackend.CalabashInstrumentationTestRunner}
12-09 08:16:45.169 I/ActivityManager( 1591): Force stopping com.evancharlton.mileage appid=10137 user=0: finished inst
12-09 08:16:45.207 I/ActivityManager( 1591): Start proc 15987:com.evancharlton.mileage/u0a137 for added application com.evancharlton.mileage
12-09 08:16:45.239 D/AndroidRuntime(15978): Shutting down VM
12-09 08:16:45.242 W/art     ( 1591): Long monitor contention event with owner method=java.util.List com.android.server.am.ActivityManagerService.getAllStackInfos() from ActivityManagerService.java:8937 waiters=1 for 255ms
12-09 08:16:45.243 W/art     ( 1591): Long monitor contention event with owner method=boolean com.android.server.am.ActivityManagerService.startInstrumentation(android.content.ComponentName, java.lang.String, int, android.os.Bundle, android.app.IInstrumentationWatcher, android.app.IUiAutomationConnection, int, java.lang.String) from ActivityManagerService.java:17066 waiters=1 for 167ms
12-09 08:16:45.244 W/ActivityManager( 1591): Spurious death for ProcessRecord{f5b18ed 0:com.evancharlton.mileage/u0a137}, curProc for 15934: null
12-09 08:16:45.245 W/WindowAnimator( 1591): Failed to dispatch window animation state change.
12-09 08:16:45.245 W/WindowAnimator( 1591): android.os.DeadObjectException
12-09 08:16:45.245 W/WindowAnimator( 1591): 	at android.os.BinderProxy.transactNative(Native Method)
12-09 08:16:45.245 W/WindowAnimator( 1591): 	at android.os.BinderProxy.transact(Binder.java:503)
12-09 08:16:45.245 W/WindowAnimator( 1591): 	at android.view.IWindow$Stub$Proxy.onAnimationStopped(IWindow.java:534)
12-09 08:16:45.245 W/WindowAnimator( 1591): 	at com.android.server.wm.WindowAnimator.updateWindowsLocked(WindowAnimator.java:286)
12-09 08:16:45.245 W/WindowAnimator( 1591): 	at com.android.server.wm.WindowAnimator.animateLocked(WindowAnimator.java:678)
12-09 08:16:45.245 W/WindowAnimator( 1591): 	at com.android.server.wm.WindowAnimator.-wrap0(WindowAnimator.java)
12-09 08:16:45.245 W/WindowAnimator( 1591): 	at com.android.server.wm.WindowAnimator$1.doFrame(WindowAnimator.java:123)
12-09 08:16:45.245 W/WindowAnimator( 1591): 	at android.view.Choreographer$CallbackRecord.run(Choreographer.java:856)
12-09 08:16:45.245 W/WindowAnimator( 1591): 	at android.view.Choreographer.doCallbacks(Choreographer.java:670)
12-09 08:16:45.245 W/WindowAnimator( 1591): 	at android.view.Choreographer.doFrame(Choreographer.java:603)
12-09 08:16:45.245 W/WindowAnimator( 1591): 	at android.view.Choreographer$FrameDisplayEventReceiver.run(Choreographer.java:844)
12-09 08:16:45.245 W/WindowAnimator( 1591): 	at android.os.Handler.handleCallback(Handler.java:739)
12-09 08:16:45.245 W/WindowAnimator( 1591): 	at android.os.Handler.dispatchMessage(Handler.java:95)
12-09 08:16:45.245 W/WindowAnimator( 1591): 	at android.os.Looper.loop(Looper.java:148)
12-09 08:16:45.245 W/WindowAnimator( 1591): 	at android.os.HandlerThread.run(HandlerThread.java:61)
12-09 08:16:45.245 W/WindowAnimator( 1591): 	at com.android.server.ServiceThread.run(ServiceThread.java:46)
12-09 08:16:45.280 I/Choreographer( 1699): Skipped 37 frames!  The application may be doing too much work on its main thread.
12-09 08:16:45.391 W/System  (15987): ClassLoader referenced unknown path: /data/app/com.evancharlton.mileage.test-1/lib/x86_64
12-09 08:16:45.391 W/System  (15987): ClassLoader referenced unknown path: /data/app/com.evancharlton.mileage-1/lib/x86_64
12-09 08:16:45.498 I/System.out(15987): Main activity name automatically set to: com.evancharlton.mileage.Mileage
12-09 08:16:45.518 I/System.out(15987): Calabash did not load Mono. This is only a problem if you are trying to test a Mono application
12-09 08:16:45.518 I/calabash(15987): Test server port: 7102
12-09 08:16:45.519 I/InstrumentationBackend(15987): Added:'GetPreferences', with key:'get_preferences'
12-09 08:16:45.586 I/art     (15987): Background partial concurrent mark sweep GC freed 4016(277KB) AllocSpace objects, 0(0B) LOS objects, 58% free, 733KB/1757KB, paused 10.061ms total 95.450ms
12-09 08:16:45.658 I/InstrumentationBackend(15987): Added:'SetPreferences', with key:'set_preferences'
12-09 08:16:45.658 I/InstrumentationBackend(15987): Added:'ClearPreferences', with key:'clear_preferences'
12-09 08:16:45.658 I/InstrumentationBackend(15987): Added:'PressElement', with key:'press_l10n_element'
12-09 08:16:45.658 I/InstrumentationBackend(15987): Added:'WaitForElement', with key:'wait_for_l10n_element'
12-09 08:16:45.658 I/InstrumentationBackend(15987): Added:'NullAction', with key:'nullAction'
12-09 08:16:45.659 I/InstrumentationBackend(15987): Added:'PressKey', with key:'press_key'
12-09 08:16:45.659 I/InstrumentationBackend(15987): Added:'SetActivityOrientation', with key:'set_activity_orientation'
12-09 08:16:45.659 I/InstrumentationBackend(15987): Added:'GetActivityOrientation', with key:'get_activity_orientation'
12-09 08:16:45.659 I/InstrumentationBackend(15987): Added:'FakeGPSLocation', with key:'set_gps_coordinates'
12-09 08:16:45.659 I/InstrumentationBackend(15987): Added:'SetPropertyByCssSelector', with key:'set_property_by_css_selector'
12-09 08:16:45.660 I/InstrumentationBackend(15987): Added:'GetUrl', with key:'get_url'
12-09 08:16:45.660 I/InstrumentationBackend(15987): Added:'ScrollTo', with key:'scroll_to'
12-09 08:16:45.660 I/InstrumentationBackend(15987): Added:'GetLoadProgress', with key:'get_load_progress'
12-09 08:16:45.661 I/InstrumentationBackend(15987): Added:'DumpHtml', with key:'dump_html'
12-09 08:16:45.661 I/InstrumentationBackend(15987): Added:'DumpBodyHtml', with key:'dump_body_html'
12-09 08:16:45.661 I/InstrumentationBackend(15987): Added:'EnterTextByCssSelector', with key:'enter_text_by_selector'
12-09 08:16:45.663 I/InstrumentationBackend(15987): Added:'AndroidSDKVersion', with key:'android_sdk_version'
12-09 08:16:45.668 I/InstrumentationBackend(15987): Added:'Version', with key:'version'
12-09 08:16:45.668 I/InstrumentationBackend(15987): Added:'Drag', with key:'drag'
12-09 08:16:45.669 I/InstrumentationBackend(15987): Added:'TouchCoordinates', with key:'touch_coordinate'
12-09 08:16:45.669 I/InstrumentationBackend(15987): Added:'LongPressCoordinate', with key:'long_press_coordinate'
12-09 08:16:45.669 I/InstrumentationBackend(15987): Added:'DragCoordinates', with key:'drag_coordinates'
12-09 08:16:45.669 I/InstrumentationBackend(15987): Added:'ResumeApplication', with key:'resume_application'
12-09 08:16:45.669 I/InstrumentationBackend(15987): Added:'Swipe', with key:'swipe'
12-09 08:16:45.669 I/InstrumentationBackend(15987): Added:'DoubleTapCoordinate', with key:'double_tap_coordinate'
12-09 08:16:45.670 I/InstrumentationBackend(15987): Added:'ClickOnScreen', with key:'click_on_screen'
12-09 08:16:45.674 I/InstrumentationBackend(15987): Added:'GetActivityName', with key:'get_activity_name'
12-09 08:16:45.674 I/InstrumentationBackend(15987): Added:'ScrollToView', with key:'scroll_to_view'
12-09 08:16:45.674 I/InstrumentationBackend(15987): Added:'ViewConfiguration', with key:'view_configuration'
12-09 08:16:45.675 I/InstrumentationBackend(15987): Added:'IsCurrentActivityFocused', with key:'is_current_activity_focused'
12-09 08:16:45.675 I/InstrumentationBackend(15987): Added:'SendTcp', with key:'send_tcp'
12-09 08:16:45.675 I/InstrumentationBackend(15987): Added:'DpToDevicePixel', with key:'dp_to_device_pixel'
12-09 08:16:45.675 I/InstrumentationBackend(15987): Added:'KeyboardEnterText', with key:'keyboard_enter_text'
12-09 08:16:45.675 I/InstrumentationBackend(15987): Added:'DeleteSurroundingText', with key:'delete_surrounding_text'
12-09 08:16:45.676 I/InstrumentationBackend(15987): Added:'SetComposingRegion', with key:'set_composing_region'
12-09 08:16:45.676 I/InstrumentationBackend(15987): Added:'SetSelection', with key:'set_selection'
12-09 08:16:45.676 I/InstrumentationBackend(15987): Added:'KeyboardKeyEvent', with key:'keyboard_key_event'
12-09 08:16:45.676 I/InstrumentationBackend(15987): Added:'PressUserActionButton', with key:'press_user_action_button'
12-09 08:16:45.676 I/InstrumentationBackend(15987): Added:'HideSoftKeyboard', with key:'hide_soft_keyboard'
12-09 08:16:45.677 I/InstrumentationBackend(15987): Added:'ListActions', with key:'list_actions'
12-09 08:16:45.677 I/calabash(15987): Instantiating http server at 7102
12-09 08:16:45.681 I/System.out(15987): HTTP Daemon listening on: 7102
12-09 08:16:45.774 I/System.out(15987): URI: //ping
12-09 08:16:45.775 I/System.out(15987): params: {json={}
12-09 08:16:45.775 I/System.out(15987): }
12-09 08:16:45.812 I/System.out(15987): URI: //ping
12-09 08:16:45.812 I/System.out(15987): params: {json={}
12-09 08:16:45.812 I/System.out(15987): }
12-09 08:16:45.875 I/System.out(15987): URI: //ready
12-09 08:16:45.875 I/System.out(15987): params: {json={}
12-09 08:16:45.875 I/System.out(15987): }
12-09 08:16:45.898 I/System.out(15987): URI: //
12-09 08:16:45.898 I/System.out(15987): params: {json={"command":"version","arguments":[]}
12-09 08:16:45.898 I/System.out(15987): }
12-09 08:16:45.898 I/System.out(15987): header: {date=Sun, 09 Dec 2018 08:16:46 GMT, accept=*/*, content-length=36, host=127.0.0.1:34777, user-agent=HTTPClient/1.0 (2.8.3, ruby 2.3.1 (2016-04-26)), content-type=application/json;charset=utf-8}
12-09 08:16:45.898 I/System.out(15987): params: {json={"command":"version","arguments":[]}
12-09 08:16:45.898 I/System.out(15987): }
12-09 08:16:45.898 I/System.out(15987): ProP json = {"command":"version","arguments":[]}
12-09 08:16:45.898 I/System.out(15987): files: {}
12-09 08:16:45.898 I/System.out(15987): command: {"command":"version","arguments":[]}
12-09 08:16:45.913 I/InstrumentationBackend(15987): Got command:'Command:'Line:null,version', arguments:'[]'
12-09 08:16:45.942 I/System.out(15987): result:{"bonusInformation":[],"message":"0.9.8","success":true}
12-09 08:16:46.041 I/art     (15987): Background sticky concurrent mark sweep GC freed 14102(660KB) AllocSpace objects, 3(60KB) LOS objects, 29% free, 1234KB/1757KB, paused 946us total 104.279ms
12-09 08:16:46.042 I/System.out(15987): URI: //start-application
12-09 08:16:46.042 I/System.out(15987): params: {json={"intent":null}
12-09 08:16:46.042 I/System.out(15987): }
12-09 08:16:46.098 I/ActivityManager( 1591): START u0 {act=android.intent.action.MAIN cat=[android.intent.category.LAUNCHER] flg=0x10200000 cmp=com.evancharlton.mileage/.Mileage} from uid 10137 on display 0
12-09 08:16:46.131 I/calabash(15987): newActivity1
12-09 08:16:46.202 I/calabash(15987): newActivity1
12-09 08:16:46.222 W/ActivityManager( 1591): Bad activity token: android.os.BinderProxy@c9ab69c
12-09 08:16:46.222 W/ActivityManager( 1591): java.lang.ClassCastException: android.os.BinderProxy cannot be cast to com.android.server.am.ActivityRecord$Token
12-09 08:16:46.222 W/ActivityManager( 1591): 	at com.android.server.am.ActivityRecord.forTokenLocked(ActivityRecord.java:424)
12-09 08:16:46.222 W/ActivityManager( 1591): 	at com.android.server.am.ActivityRecord.isInStackLocked(ActivityRecord.java:1121)
12-09 08:16:46.222 W/ActivityManager( 1591): 	at com.android.server.am.ActivityRecord.getStackLocked(ActivityRecord.java:1126)
12-09 08:16:46.222 W/ActivityManager( 1591): 	at com.android.server.am.ActivityManagerService.getActivityDisplayId(ActivityManagerService.java:8889)
12-09 08:16:46.222 W/ActivityManager( 1591): 	at android.app.ActivityManagerNative.onTransact(ActivityManagerNative.java:2338)
12-09 08:16:46.222 W/ActivityManager( 1591): 	at com.android.server.am.ActivityManagerService.onTransact(ActivityManagerService.java:2443)
12-09 08:16:46.222 W/ActivityManager( 1591): 	at android.os.Binder.execTransact(Binder.java:453)
12-09 08:16:46.264 W/ActivityManager( 1591): Bad activity token: android.os.BinderProxy@c9ab69c
12-09 08:16:46.264 W/ActivityManager( 1591): java.lang.ClassCastException: android.os.BinderProxy cannot be cast to com.android.server.am.ActivityRecord$Token
12-09 08:16:46.264 W/ActivityManager( 1591): 	at com.android.server.am.ActivityRecord.forTokenLocked(ActivityRecord.java:424)
12-09 08:16:46.264 W/ActivityManager( 1591): 	at com.android.server.am.ActivityRecord.isInStackLocked(ActivityRecord.java:1121)
12-09 08:16:46.264 W/ActivityManager( 1591): 	at com.android.server.am.ActivityManagerService.setTaskDescription(ActivityManagerService.java:8547)
12-09 08:16:46.264 W/ActivityManager( 1591): 	at android.app.ActivityManagerNative.onTransact(ActivityManagerNative.java:2410)
12-09 08:16:46.264 W/ActivityManager( 1591): 	at com.android.server.am.ActivityManagerService.onTransact(ActivityManagerService.java:2443)
12-09 08:16:46.264 W/ActivityManager( 1591): 	at android.os.Binder.execTransact(Binder.java:453)
12-09 08:16:46.345 I/art     (15987): Background partial concurrent mark sweep GC freed 1381(147KB) AllocSpace objects, 2(40KB) LOS objects, 40% free, 1509KB/2MB, paused 5.637ms total 62.387ms
12-09 08:16:46.351 D/gralloc_ranchu( 1219): gralloc_alloc: Creating ashmem region of size 3686400
12-09 08:16:46.452 W/ActivityManager( 1591): Bad activity token: android.os.BinderProxy@c9ab69c
12-09 08:16:46.452 W/ActivityManager( 1591): java.lang.ClassCastException: android.os.BinderProxy cannot be cast to com.android.server.am.ActivityRecord$Token
12-09 08:16:46.452 W/ActivityManager( 1591): 	at com.android.server.am.ActivityRecord.forTokenLocked(ActivityRecord.java:424)
12-09 08:16:46.452 W/ActivityManager( 1591): 	at com.android.server.am.ActivityRecord.isInStackLocked(ActivityRecord.java:1121)
12-09 08:16:46.452 W/ActivityManager( 1591): 	at com.android.server.am.ActivityManagerService.getActivityOptions(ActivityManagerService.java:11038)
12-09 08:16:46.452 W/ActivityManager( 1591): 	at android.app.ActivityManagerNative.onTransact(ActivityManagerNative.java:1734)
12-09 08:16:46.452 W/ActivityManager( 1591): 	at com.android.server.am.ActivityManagerService.onTransact(ActivityManagerService.java:2443)
12-09 08:16:46.452 W/ActivityManager( 1591): 	at android.os.Binder.execTransact(Binder.java:453)
12-09 08:16:46.453 W/ActivityManager( 1591): Bad activity token: android.os.BinderProxy@c9ab69c
12-09 08:16:46.453 W/ActivityManager( 1591): java.lang.ClassCastException: android.os.BinderProxy cannot be cast to com.android.server.am.ActivityRecord$Token
12-09 08:16:46.453 W/ActivityManager( 1591): 	at com.android.server.am.ActivityRecord.forTokenLocked(ActivityRecord.java:424)
12-09 08:16:46.453 W/ActivityManager( 1591): 	at com.android.server.am.ActivityRecord.isInStackLocked(ActivityRecord.java:1121)
12-09 08:16:46.453 W/ActivityManager( 1591): 	at com.android.server.am.ActivityManagerService.getActivityOptions(ActivityManagerService.java:11038)
12-09 08:16:46.453 W/ActivityManager( 1591): 	at android.app.ActivityManagerNative.onTransact(ActivityManagerNative.java:1734)
12-09 08:16:46.453 W/ActivityManager( 1591): 	at com.android.server.am.ActivityManagerService.onTransact(ActivityManagerService.java:2443)
12-09 08:16:46.453 W/ActivityManager( 1591): 	at android.os.Binder.execTransact(Binder.java:453)
12-09 08:16:46.679 V/PhoneStatusBar( 1699): setLightsOn(true)
12-09 08:16:46.707 D/EGL_emulation( 1940): eglMakeCurrent: 0x7fde722f4dc0: ver 2 0 (tinfo 0x7fde722c2d20)
12-09 08:16:46.733 E/Surface ( 1940): getSlotFromBufferLocked: unknown buffer: 0x7fde6607b8c0
12-09 08:16:46.849 D/gralloc_ranchu( 1219): gralloc_alloc: Creating ashmem region of size 3686400
12-09 08:16:46.888 D/        (15987): HostConnection::get() New Host Connection established 0x7fde7024e620, tid 15987
12-09 08:16:47.440 D/gralloc_ranchu( 1219): gralloc_alloc: Creating ashmem region of size 3686400
12-09 08:16:47.577 I/ActivityManager( 1591): Displayed com.evancharlton.mileage/.Mileage: +1s450ms
12-09 08:16:47.867 D/gralloc_ranchu( 1219): gralloc_alloc: Creating ashmem region of size 3686400
12-09 08:16:48.707 I/System.out(15987): URI: //map
12-09 08:16:48.707 I/System.out(15987): params: {json={"query":"android.widget.EditText id:'price'","operation":{"method_name":"query","arguments":[]}}
12-09 08:16:48.707 I/System.out(15987): }
12-09 08:16:48.726 W/art     (15987): Suspending all threads took: 7.283ms
12-09 08:16:48.747 I/art     (15987): Background sticky concurrent mark sweep GC freed 11635(496KB) AllocSpace objects, 1(20KB) LOS objects, 15% free, 2MB/2MB, paused 8.550ms total 36.156ms
12-09 08:16:48.852 W/ResourceType(15987): No package identifier when getting name for resource number 0x00000001
12-09 08:16:49.127 I/art     (15987): Background partial concurrent mark sweep GC freed 34536(1650KB) AllocSpace objects, 1(20KB) LOS objects, 39% free, 2MB/3MB, paused 2.206ms total 261.155ms
12-09 08:16:49.142 I/System.out(15987): URI: //gesture
12-09 08:16:49.142 I/System.out(15987): params: {json={"query_timeout":5.0,"gestures":[{"query_string":"android.widget.EditText id:'price'","touches":[{"x":50,"y":50,"offset_x":0,"offset_y":0,"wait":0.0,"time":0.2,"release":true,"query_string":null}]}]}
12-09 08:16:49.142 I/System.out(15987): }
12-09 08:16:49.191 W/ResourceType(15987): No package identifier when getting name for resource number 0x00000001
12-09 08:16:49.511 I/LatinIME( 1883): Starting input. Cursor position = 0,0
12-09 08:16:49.947 D/EGL_emulation( 1883): eglMakeCurrent: 0x7fde6671a180: ver 2 0 (tinfo 0x7fde667bf8c0)
12-09 08:16:50.135 I/System.out(15987): URI: //
12-09 08:16:50.135 I/System.out(15987): params: {json={"command":"set_selection","arguments":[-1,-1]}
12-09 08:16:50.135 I/System.out(15987): }
12-09 08:16:50.135 I/System.out(15987): header: {date=Sun, 09 Dec 2018 08:16:51 GMT, accept=*/*, content-length=47, host=127.0.0.1:34777, user-agent=HTTPClient/1.0 (2.8.3, ruby 2.3.1 (2016-04-26)), content-type=application/json;charset=utf-8}
12-09 08:16:50.135 I/System.out(15987): params: {json={"command":"set_selection","arguments":[-1,-1]}
12-09 08:16:50.135 I/System.out(15987): }
12-09 08:16:50.135 I/System.out(15987): ProP json = {"command":"set_selection","arguments":[-1,-1]}
12-09 08:16:50.135 I/System.out(15987): files: {}
12-09 08:16:50.135 I/System.out(15987): command: {"command":"set_selection","arguments":[-1,-1]}
12-09 08:16:50.136 I/InstrumentationBackend(15987): Got command:'Command:'Line:null,set_selection', arguments:'[-1, -1]'
12-09 08:16:50.315 I/System.out(15987): result:{"bonusInformation":[],"message":"","success":true}
12-09 08:16:50.498 I/System.out(15987): URI: //
12-09 08:16:50.498 I/System.out(15987): params: {json={"command":"keyboard_enter_text","arguments":["-321ßå∂˚¡–ºß123"]}
12-09 08:16:50.498 I/System.out(15987): }
12-09 08:16:50.498 I/System.out(15987): header: {date=Sun, 09 Dec 2018 08:16:51 GMT, accept=*/*, content-length=75, host=127.0.0.1:34777, user-agent=HTTPClient/1.0 (2.8.3, ruby 2.3.1 (2016-04-26)), content-type=application/json;charset=utf-8}
12-09 08:16:50.498 I/System.out(15987): params: {json={"command":"keyboard_enter_text","arguments":["-321ßå∂˚¡–ºß123"]}
12-09 08:16:50.498 I/System.out(15987): }
12-09 08:16:50.498 I/System.out(15987): ProP json = {"command":"keyboard_enter_text","arguments":["-321ßå∂˚¡–ºß123"]}
12-09 08:16:50.499 I/System.out(15987): files: {}
12-09 08:16:50.499 I/System.out(15987): command: {"command":"keyboard_enter_text","arguments":["-321ßå∂˚¡–ºß123"]}
12-09 08:16:50.500 I/InstrumentationBackend(15987): Got command:'Command:'Line:null,keyboard_enter_text', arguments:'[-321ßå∂˚¡–ºß123]'
12-09 08:16:50.500 E/SpannableStringBuilder(15987): SPAN_EXCLUSIVE_EXCLUSIVE spans cannot have a zero length
12-09 08:16:50.500 E/SpannableStringBuilder(15987): SPAN_EXCLUSIVE_EXCLUSIVE spans cannot have a zero length
12-09 08:16:50.675 E/SpannableStringBuilder(15987): SPAN_EXCLUSIVE_EXCLUSIVE spans cannot have a zero length
12-09 08:16:50.676 E/SpannableStringBuilder(15987): SPAN_EXCLUSIVE_EXCLUSIVE spans cannot have a zero length
12-09 08:16:50.699 I/System.out(15987): result:{"bonusInformation":[],"message":"","success":true}
12-09 08:16:50.823 I/art     (15987): Background sticky concurrent mark sweep GC freed 28928(1411KB) AllocSpace objects, 8(160KB) LOS objects, 37% free, 2MB/3MB, paused 929us total 115.763ms
12-09 08:16:51.363 E/SurfaceFlinger( 1219): ro.sf.lcd_density must be defined as a build property
12-09 08:16:51.473 D/gralloc_ranchu( 1219): gralloc_alloc: Creating ashmem region of size 3686400
12-09 08:16:51.527 D/        (16019): HostConnection::get() New Host Connection established 0x7f36e4bd2480, tid 16019
12-09 08:16:51.542 E/EGL_emulation( 1219): tid 1219: eglCreateSyncKHR(1881): error 0x3004 (EGL_BAD_ATTRIBUTE)
12-09 08:16:52.534 I/System.out(15987): URI: //map
12-09 08:16:52.534 I/System.out(15987): params: {json={"query":"android.widget.EditText id:'volume'","operation":{"method_name":"query","arguments":[]}}
12-09 08:16:52.534 I/System.out(15987): }
12-09 08:16:52.575 W/ResourceType(15987): No package identifier when getting name for resource number 0x00000001
12-09 08:16:52.674 I/System.out(15987): URI: //gesture
12-09 08:16:52.674 I/System.out(15987): params: {json={"query_timeout":5.0,"gestures":[{"query_string":"android.widget.EditText id:'volume'","touches":[{"x":50,"y":50,"offset_x":0,"offset_y":0,"wait":0.0,"time":0.2,"release":true,"query_string":null}]}]}
12-09 08:16:52.674 I/System.out(15987): }
12-09 08:16:52.689 W/ResourceType(15987): No package identifier when getting name for resource number 0x00000001
12-09 08:16:52.946 I/LatinIME( 1883): Starting input. Cursor position = 0,0
12-09 08:16:53.150 W/art     (15987): Suspending all threads took: 7.209ms
12-09 08:16:53.166 I/art     (15987): Background sticky concurrent mark sweep GC freed 36893(1545KB) AllocSpace objects, 1(20KB) LOS objects, 32% free, 2MB/3MB, paused 8.335ms total 58.612ms
12-09 08:16:53.754 I/System.out(15987): URI: //
12-09 08:16:53.754 I/System.out(15987): params: {json={"command":"set_selection","arguments":[-1,-1]}
12-09 08:16:53.754 I/System.out(15987): }
12-09 08:16:53.754 I/System.out(15987): header: {date=Sun, 09 Dec 2018 08:16:54 GMT, accept=*/*, content-length=47, host=127.0.0.1:34777, user-agent=HTTPClient/1.0 (2.8.3, ruby 2.3.1 (2016-04-26)), content-type=application/json;charset=utf-8}
12-09 08:16:53.754 I/System.out(15987): params: {json={"command":"set_selection","arguments":[-1,-1]}
12-09 08:16:53.755 I/System.out(15987): }
12-09 08:16:53.755 I/System.out(15987): ProP json = {"command":"set_selection","arguments":[-1,-1]}
12-09 08:16:53.755 I/System.out(15987): files: {}
12-09 08:16:53.755 I/System.out(15987): command: {"command":"set_selection","arguments":[-1,-1]}
12-09 08:16:53.756 I/InstrumentationBackend(15987): Got command:'Command:'Line:null,set_selection', arguments:'[-1, -1]'
12-09 08:16:53.778 I/System.out(15987): result:{"bonusInformation":[],"message":"","success":true}
12-09 08:16:53.983 I/System.out(15987): URI: //
12-09 08:16:53.983 I/System.out(15987): params: {json={"command":"keyboard_enter_text","arguments":["åß9∂º–ç¬  ß29å∂˚¡–ºß123"]}
12-09 08:16:53.983 I/System.out(15987): }
12-09 08:16:53.983 I/System.out(15987): header: {date=Sun, 09 Dec 2018 08:16:54 GMT, accept=*/*, content-length=92, host=127.0.0.1:34777, user-agent=HTTPClient/1.0 (2.8.3, ruby 2.3.1 (2016-04-26)), content-type=application/json;charset=utf-8}
12-09 08:16:53.983 I/System.out(15987): params: {json={"command":"keyboard_enter_text","arguments":["åß9∂º–ç¬  ß29å∂˚¡–ºß123"]}
12-09 08:16:53.983 I/System.out(15987): }
12-09 08:16:53.983 I/System.out(15987): ProP json = {"command":"keyboard_enter_text","arguments":["åß9∂º–ç¬  ß29å∂˚¡–ºß123"]}
12-09 08:16:53.983 I/System.out(15987): files: {}
12-09 08:16:53.983 I/System.out(15987): command: {"command":"keyboard_enter_text","arguments":["åß9∂º–ç¬  ß29å∂˚¡–ºß123"]}
12-09 08:16:53.984 I/InstrumentationBackend(15987): Got command:'Command:'Line:null,keyboard_enter_text', arguments:'[åß9∂º–ç¬  ß29å∂˚¡–ºß123]'
12-09 08:16:54.066 E/SpannableStringBuilder(15987): SPAN_EXCLUSIVE_EXCLUSIVE spans cannot have a zero length
12-09 08:16:54.066 E/SpannableStringBuilder(15987): SPAN_EXCLUSIVE_EXCLUSIVE spans cannot have a zero length
12-09 08:16:54.133 E/SpannableStringBuilder(15987): SPAN_EXCLUSIVE_EXCLUSIVE spans cannot have a zero length
12-09 08:16:54.133 E/SpannableStringBuilder(15987): SPAN_EXCLUSIVE_EXCLUSIVE spans cannot have a zero length
12-09 08:16:54.152 I/System.out(15987): result:{"bonusInformation":[],"message":"","success":true}
12-09 08:16:54.719 E/SurfaceFlinger( 1219): ro.sf.lcd_density must be defined as a build property
12-09 08:16:54.720 D/gralloc_ranchu( 1219): gralloc_alloc: Creating ashmem region of size 3686400
12-09 08:16:54.796 D/        (16029): HostConnection::get() New Host Connection established 0x7fa12f852480, tid 16029
12-09 08:16:54.822 E/EGL_emulation( 1219): tid 1219: eglCreateSyncKHR(1881): error 0x3004 (EGL_BAD_ATTRIBUTE)
12-09 08:16:55.978 I/System.out(15987): URI: //map
12-09 08:16:55.978 I/System.out(15987): params: {json={"query":"android.widget.EditText id:'odometer'","operation":{"method_name":"query","arguments":[]}}
12-09 08:16:55.978 I/System.out(15987): }
12-09 08:16:56.007 W/ResourceType(15987): No package identifier when getting name for resource number 0x00000001
12-09 08:16:56.166 I/art     (15987): Background sticky concurrent mark sweep GC freed 33304(1529KB) AllocSpace objects, 0(0B) LOS objects, 28% free, 2MB/3MB, paused 5.781ms total 97.989ms
12-09 08:16:56.176 I/System.out(15987): URI: //gesture
12-09 08:16:56.181 I/System.out(15987): params: {json={"query_timeout":5.0,"gestures":[{"query_string":"android.widget.EditText id:'odometer'","touches":[{"x":50,"y":50,"offset_x":0,"offset_y":0,"wait":0.0,"time":0.2,"release":true,"query_string":null}]}]}
12-09 08:16:56.181 I/System.out(15987): }
12-09 08:16:56.265 W/ResourceType(15987): No package identifier when getting name for resource number 0x00000001
12-09 08:16:56.683 I/LatinIME( 1883): Starting input. Cursor position = 0,0
12-09 08:16:56.763 I/art     (15987): Background sticky concurrent mark sweep GC freed 36269(1520KB) AllocSpace objects, 2(40KB) LOS objects, 12% free, 3MB/3MB, paused 5.772ms total 100.360ms
12-09 08:16:57.257 I/System.out(15987): URI: //
12-09 08:16:57.258 I/System.out(15987): params: {json={"command":"set_selection","arguments":[-1,-1]}
12-09 08:16:57.262 I/System.out(15987): }
12-09 08:16:57.262 I/System.out(15987): header: {date=Sun, 09 Dec 2018 08:16:58 GMT, accept=*/*, content-length=47, host=127.0.0.1:34777, user-agent=HTTPClient/1.0 (2.8.3, ruby 2.3.1 (2016-04-26)), content-type=application/json;charset=utf-8}
12-09 08:16:57.262 I/System.out(15987): params: {json={"command":"set_selection","arguments":[-1,-1]}
12-09 08:16:57.262 I/System.out(15987): }
12-09 08:16:57.262 I/System.out(15987): ProP json = {"command":"set_selection","arguments":[-1,-1]}
12-09 08:16:57.262 I/System.out(15987): files: {}
12-09 08:16:57.262 I/System.out(15987): command: {"command":"set_selection","arguments":[-1,-1]}
12-09 08:16:57.264 I/InstrumentationBackend(15987): Got command:'Command:'Line:null,set_selection', arguments:'[-1, -1]'
12-09 08:16:57.300 I/System.out(15987): result:{"bonusInformation":[],"message":"","success":true}
12-09 08:16:57.447 I/art     (15987): Background sticky concurrent mark sweep GC freed 21633(1064KB) AllocSpace objects, 2(40KB) LOS objects, 23% free, 2MB/3MB, paused 11.448ms total 150.837ms
12-09 08:16:57.699 I/System.out(15987): URI: //
12-09 08:16:57.699 I/System.out(15987): params: {json={"command":"keyboard_enter_text","arguments":["=+œå∑ß≈´∂ç®ƒ√†©∫¡™£"]}
12-09 08:16:57.699 I/System.out(15987): }
12-09 08:16:57.699 I/System.out(15987): header: {date=Sun, 09 Dec 2018 08:16:58 GMT, accept=*/*, content-length=93, host=127.0.0.1:34777, user-agent=HTTPClient/1.0 (2.8.3, ruby 2.3.1 (2016-04-26)), content-type=application/json;charset=utf-8}
12-09 08:16:57.699 I/System.out(15987): params: {json={"command":"keyboard_enter_text","arguments":["=+œå∑ß≈´∂ç®ƒ√†©∫¡™£"]}
12-09 08:16:57.699 I/System.out(15987): }
12-09 08:16:57.700 I/System.out(15987): ProP json = {"command":"keyboard_enter_text","arguments":["=+œå∑ß≈´∂ç®ƒ√†©∫¡™£"]}
12-09 08:16:57.700 I/System.out(15987): files: {}
12-09 08:16:57.700 I/System.out(15987): command: {"command":"keyboard_enter_text","arguments":["=+œå∑ß≈´∂ç®ƒ√†©∫¡™£"]}
12-09 08:16:57.701 I/InstrumentationBackend(15987): Got command:'Command:'Line:null,keyboard_enter_text', arguments:'[=+œå∑ß≈´∂ç®ƒ√†©∫¡™£]'
12-09 08:16:57.724 E/SpannableStringBuilder(15987): SPAN_EXCLUSIVE_EXCLUSIVE spans cannot have a zero length
12-09 08:16:57.724 E/SpannableStringBuilder(15987): SPAN_EXCLUSIVE_EXCLUSIVE spans cannot have a zero length
12-09 08:16:57.726 E/SpannableStringBuilder(15987): SPAN_EXCLUSIVE_EXCLUSIVE spans cannot have a zero length
12-09 08:16:57.726 E/SpannableStringBuilder(15987): SPAN_EXCLUSIVE_EXCLUSIVE spans cannot have a zero length
12-09 08:16:57.739 I/System.out(15987): result:{"bonusInformation":[],"message":"","success":true}
12-09 08:16:58.317 E/SurfaceFlinger( 1219): ro.sf.lcd_density must be defined as a build property
12-09 08:16:58.335 D/gralloc_ranchu( 1219): gralloc_alloc: Creating ashmem region of size 3686400
12-09 08:16:58.348 D/        (16039): HostConnection::get() New Host Connection established 0x7fbdfd812480, tid 16039
12-09 08:16:58.396 E/EGL_emulation( 1219): tid 1219: eglCreateSyncKHR(1881): error 0x3004 (EGL_BAD_ATTRIBUTE)
