--------- beginning of main
12-09 07:40:54.567 E/EGL_emulation( 1226): tid 1226: eglCreateSyncKHR(1881): error 0x3004 (EGL_BAD_ATTRIBUTE)
--------- beginning of system
12-09 07:40:54.693 W/ActivityManager( 1592): Finishing task with all activities already finished
12-09 07:40:54.693 W/ActivityManager( 1592): Duplicate finish request for ActivityRecord{7c98375 u0 com.evancharlton.mileage/.Mileage t338 f}
12-09 07:40:54.693 W/ActivityManager( 1592): Finishing task with all activities already finished
12-09 07:40:54.693 W/ActivityManager( 1592): Duplicate finish request for ActivityRecord{7c98375 u0 com.evancharlton.mileage/.Mileage t338 f}
12-09 07:40:54.693 W/ActivityManager( 1592): Finishing task with all activities already finished
12-09 07:40:54.704 W/ActivityManager( 1592): Duplicate finish request for ActivityRecord{7c98375 u0 com.evancharlton.mileage/.Mileage t338 f}
12-09 07:40:54.737 I/art     ( 1592): Background partial concurrent mark sweep GC freed 9778(728KB) AllocSpace objects, 7(136KB) LOS objects, 30% free, 9MB/13MB, paused 1.581ms total 144.961ms
12-09 07:40:54.953 D/EGL_emulation( 1934): eglMakeCurrent: 0x7f913fef4dc0: ver 2 0 (tinfo 0x7f913fec2d40)
12-09 07:40:55.390 D/AndroidRuntime( 4787): >>>>>> START com.android.internal.os.RuntimeInit uid 0 <<<<<<
12-09 07:40:55.392 D/AndroidRuntime( 4787): CheckJNI is ON
12-09 07:40:55.424 D/ICU     ( 4787): No timezone override file found: /data/misc/zoneinfo/current/icu/icu_tzdata.dat
12-09 07:40:55.524 W/art     ( 1592): Long monitor contention event with owner method=void com.android.server.wm.WindowAnimator$1.doFrame(long) from WindowAnimator.java:121 waiters=1 for 221ms
12-09 07:40:55.656 W/art     ( 1592): Long monitor contention event with owner method=void com.android.server.wm.WindowAnimator$1.doFrame(long) from WindowAnimator.java:121 waiters=1 for 132ms
12-09 07:40:55.660 E/memtrack( 4787): Couldn't load memtrack module (No such file or directory)
12-09 07:40:55.660 E/android.os.Debug( 4787): failed to load memtrack module: -2
12-09 07:40:55.662 I/Choreographer( 1934): Skipped 41 frames!  The application may be doing too much work on its main thread.
12-09 07:40:55.674 I/Radio-JNI( 4787): register_android_hardware_Radio DONE
12-09 07:40:55.688 D/AndroidRuntime( 4787): Calling main entry com.android.commands.am.Am
12-09 07:40:55.709 I/ActivityManager( 1592): Force stopping com.evancharlton.mileage appid=10117 user=0: start instr
12-09 07:40:55.709 I/ActivityManager( 1592): Killing 4723:com.evancharlton.mileage/u0a117 (adj 0): stop com.evancharlton.mileage
12-09 07:40:55.750 D/EGL_emulation( 1880): eglMakeCurrent: 0x7f91342d82c0: ver 2 0 (tinfo 0x7f91343bf660)
12-09 07:40:55.751 E/Surface ( 1880): getSlotFromBufferLocked: unknown buffer: 0x7f91342d8cc0
12-09 07:40:55.772 W/ActivityManager( 1592): Crash of app com.evancharlton.mileage running instrumentation ComponentInfo{com.evancharlton.mileage.test/sh.calaba.instrumentationbackend.CalabashInstrumentationTestRunner}
12-09 07:40:55.772 I/ActivityManager( 1592): Force stopping com.evancharlton.mileage appid=10117 user=0: finished inst
12-09 07:40:56.315 W/art     ( 1592): Long monitor contention event with owner method=void com.android.server.wm.WindowAnimator$1.doFrame(long) from WindowAnimator.java:121 waiters=3 for 520ms
12-09 07:40:56.405 W/art     ( 1592): Long monitor contention event with owner method=void com.android.server.wm.WindowAnimator$1.doFrame(long) from WindowAnimator.java:121 waiters=3 for 386ms
12-09 07:40:56.518 W/art     ( 1592): Long monitor contention event with owner method=void com.android.server.wm.WindowAnimator$1.doFrame(long) from WindowAnimator.java:121 waiters=4 for 490ms
12-09 07:40:56.519 W/art     ( 1592): Long monitor contention event with owner method=void com.android.server.wm.WindowAnimator$1.doFrame(long) from WindowAnimator.java:121 waiters=4 for 412ms
12-09 07:40:56.522 I/Choreographer( 1934): Skipped 49 frames!  The application may be doing too much work on its main thread.
12-09 07:40:56.533 W/art     ( 1592): Long monitor contention event with owner method=void com.android.server.wm.WindowAnimator$1.doFrame(long) from WindowAnimator.java:121 waiters=4 for 314ms
12-09 07:40:56.535 W/art     ( 1592): Long monitor contention event with owner method=void com.android.server.wm.WindowAnimator$1.doFrame(long) from WindowAnimator.java:121 waiters=4 for 220ms
12-09 07:40:56.707 I/WindowState( 1592): WIN DEATH: Window{cb8df4f u0 com.evancharlton.mileage/com.evancharlton.mileage.Mileage EXITING}
12-09 07:40:56.718 W/OpenGLRenderer( 1934): Incorrectly called buildLayer on View: ShortcutAndWidgetContainer, destroying layer...
12-09 07:40:57.023 I/ActivityManager( 1592): Start proc 4796:com.evancharlton.mileage/u0a117 for added application com.evancharlton.mileage
12-09 07:40:57.023 W/art     ( 1592): Long monitor contention event with owner method=boolean com.android.server.am.ActivityManagerService.startInstrumentation(android.content.ComponentName, java.lang.String, int, android.os.Bundle, android.app.IInstrumentationWatcher, android.app.IUiAutomationConnection, int, java.lang.String) from ActivityManagerService.java:17066 waiters=0 for 1.303s
12-09 07:40:57.024 D/AndroidRuntime( 4787): Shutting down VM
12-09 07:40:57.030 W/art     ( 1592): Long monitor contention event with owner method=boolean com.android.server.am.ActivityManagerService.startInstrumentation(android.content.ComponentName, java.lang.String, int, android.os.Bundle, android.app.IInstrumentationWatcher, android.app.IUiAutomationConnection, int, java.lang.String) from ActivityManagerService.java:17066 waiters=1 for 1.307s
12-09 07:40:57.030 W/ActivityManager( 1592): Spurious death for ProcessRecord{1cd2cd1 0:com.evancharlton.mileage/u0a117}, curProc for 4723: null
12-09 07:40:57.030 W/art     ( 1592): Long monitor contention event with owner method=boolean com.android.server.am.ActivityManagerService.startInstrumentation(android.content.ComponentName, java.lang.String, int, android.os.Bundle, android.app.IInstrumentationWatcher, android.app.IUiAutomationConnection, int, java.lang.String) from ActivityManagerService.java:17066 waiters=2 for 1.212s
12-09 07:40:57.033 W/art     ( 1592): Long monitor contention event with owner method=boolean com.android.server.am.ActivityManagerService.startInstrumentation(android.content.ComponentName, java.lang.String, int, android.os.Bundle, android.app.IInstrumentationWatcher, android.app.IUiAutomationConnection, int, java.lang.String) from ActivityManagerService.java:17066 waiters=3 for 1.006s
12-09 07:40:57.034 W/art     ( 1592): Long monitor contention event with owner method=boolean com.android.server.am.ActivityManagerService.startInstrumentation(android.content.ComponentName, java.lang.String, int, android.os.Bundle, android.app.IInstrumentationWatcher, android.app.IUiAutomationConnection, int, java.lang.String) from ActivityManagerService.java:17066 waiters=4 for 327ms
12-09 07:40:57.035 W/WindowAnimator( 1592): Failed to dispatch window animation state change.
12-09 07:40:57.035 W/WindowAnimator( 1592): android.os.DeadObjectException
12-09 07:40:57.035 W/WindowAnimator( 1592): 	at android.os.BinderProxy.transactNative(Native Method)
12-09 07:40:57.035 W/WindowAnimator( 1592): 	at android.os.BinderProxy.transact(Binder.java:503)
12-09 07:40:57.035 W/WindowAnimator( 1592): 	at android.view.IWindow$Stub$Proxy.onAnimationStopped(IWindow.java:534)
12-09 07:40:57.035 W/WindowAnimator( 1592): 	at com.android.server.wm.WindowAnimator.updateWindowsLocked(WindowAnimator.java:286)
12-09 07:40:57.035 W/WindowAnimator( 1592): 	at com.android.server.wm.WindowAnimator.animateLocked(WindowAnimator.java:678)
12-09 07:40:57.035 W/WindowAnimator( 1592): 	at com.android.server.wm.WindowAnimator.-wrap0(WindowAnimator.java)
12-09 07:40:57.035 W/WindowAnimator( 1592): 	at com.android.server.wm.WindowAnimator$1.doFrame(WindowAnimator.java:123)
12-09 07:40:57.035 W/WindowAnimator( 1592): 	at android.view.Choreographer$CallbackRecord.run(Choreographer.java:856)
12-09 07:40:57.035 W/WindowAnimator( 1592): 	at android.view.Choreographer.doCallbacks(Choreographer.java:670)
12-09 07:40:57.035 W/WindowAnimator( 1592): 	at android.view.Choreographer.doFrame(Choreographer.java:603)
12-09 07:40:57.035 W/WindowAnimator( 1592): 	at android.view.Choreographer$FrameDisplayEventReceiver.run(Choreographer.java:844)
12-09 07:40:57.035 W/WindowAnimator( 1592): 	at android.os.Handler.handleCallback(Handler.java:739)
12-09 07:40:57.035 W/WindowAnimator( 1592): 	at android.os.Handler.dispatchMessage(Handler.java:95)
12-09 07:40:57.035 W/WindowAnimator( 1592): 	at android.os.Looper.loop(Looper.java:148)
12-09 07:40:57.035 W/WindowAnimator( 1592): 	at android.os.HandlerThread.run(HandlerThread.java:61)
12-09 07:40:57.035 W/WindowAnimator( 1592): 	at com.android.server.ServiceThread.run(ServiceThread.java:46)
12-09 07:40:57.035 W/art     ( 1592): Long monitor contention event with owner method=boolean com.android.server.am.ActivityManagerService.startInstrumentation(android.content.ComponentName, java.lang.String, int, android.os.Bundle, android.app.IInstrumentationWatcher, android.app.IUiAutomationConnection, int, java.lang.String) from ActivityManagerService.java:17066 waiters=5 for 318ms
12-09 07:40:57.095 W/System  ( 4796): ClassLoader referenced unknown path: /data/app/com.evancharlton.mileage.test-1/lib/x86_64
12-09 07:40:57.095 W/System  ( 4796): ClassLoader referenced unknown path: /data/app/com.evancharlton.mileage-1/lib/x86_64
12-09 07:40:57.277 I/System.out( 4796): Main activity name automatically set to: com.evancharlton.mileage.Mileage
12-09 07:40:57.277 I/System.out( 4796): Calabash did not load Mono. This is only a problem if you are trying to test a Mono application
12-09 07:40:57.285 I/calabash( 4796): Test server port: 7102
12-09 07:40:57.287 I/InstrumentationBackend( 4796): Added:'GetPreferences', with key:'get_preferences'
12-09 07:40:57.399 I/InstrumentationBackend( 4796): Added:'SetPreferences', with key:'set_preferences'
12-09 07:40:57.399 I/InstrumentationBackend( 4796): Added:'ClearPreferences', with key:'clear_preferences'
12-09 07:40:57.399 I/InstrumentationBackend( 4796): Added:'PressElement', with key:'press_l10n_element'
12-09 07:40:57.399 I/InstrumentationBackend( 4796): Added:'WaitForElement', with key:'wait_for_l10n_element'
12-09 07:40:57.400 I/InstrumentationBackend( 4796): Added:'NullAction', with key:'nullAction'
12-09 07:40:57.400 I/InstrumentationBackend( 4796): Added:'PressKey', with key:'press_key'
12-09 07:40:57.400 I/InstrumentationBackend( 4796): Added:'SetActivityOrientation', with key:'set_activity_orientation'
12-09 07:40:57.400 I/InstrumentationBackend( 4796): Added:'GetActivityOrientation', with key:'get_activity_orientation'
12-09 07:40:57.400 I/InstrumentationBackend( 4796): Added:'FakeGPSLocation', with key:'set_gps_coordinates'
12-09 07:40:57.401 I/InstrumentationBackend( 4796): Added:'SetPropertyByCssSelector', with key:'set_property_by_css_selector'
12-09 07:40:57.401 I/InstrumentationBackend( 4796): Added:'GetUrl', with key:'get_url'
12-09 07:40:57.414 I/InstrumentationBackend( 4796): Added:'ScrollTo', with key:'scroll_to'
12-09 07:40:57.414 I/InstrumentationBackend( 4796): Added:'GetLoadProgress', with key:'get_load_progress'
12-09 07:40:57.414 I/InstrumentationBackend( 4796): Added:'DumpHtml', with key:'dump_html'
12-09 07:40:57.415 I/InstrumentationBackend( 4796): Added:'DumpBodyHtml', with key:'dump_body_html'
12-09 07:40:57.415 I/InstrumentationBackend( 4796): Added:'EnterTextByCssSelector', with key:'enter_text_by_selector'
12-09 07:40:57.416 I/InstrumentationBackend( 4796): Added:'AndroidSDKVersion', with key:'android_sdk_version'
12-09 07:40:57.416 I/InstrumentationBackend( 4796): Added:'Version', with key:'version'
12-09 07:40:57.416 I/InstrumentationBackend( 4796): Added:'Drag', with key:'drag'
12-09 07:40:57.417 I/InstrumentationBackend( 4796): Added:'TouchCoordinates', with key:'touch_coordinate'
12-09 07:40:57.417 I/InstrumentationBackend( 4796): Added:'LongPressCoordinate', with key:'long_press_coordinate'
12-09 07:40:57.417 I/InstrumentationBackend( 4796): Added:'DragCoordinates', with key:'drag_coordinates'
12-09 07:40:57.417 I/InstrumentationBackend( 4796): Added:'ResumeApplication', with key:'resume_application'
12-09 07:40:57.427 I/InstrumentationBackend( 4796): Added:'Swipe', with key:'swipe'
12-09 07:40:57.427 I/InstrumentationBackend( 4796): Added:'DoubleTapCoordinate', with key:'double_tap_coordinate'
12-09 07:40:57.427 I/InstrumentationBackend( 4796): Added:'ClickOnScreen', with key:'click_on_screen'
12-09 07:40:57.427 I/InstrumentationBackend( 4796): Added:'GetActivityName', with key:'get_activity_name'
12-09 07:40:57.428 I/InstrumentationBackend( 4796): Added:'ScrollToView', with key:'scroll_to_view'
12-09 07:40:57.428 I/InstrumentationBackend( 4796): Added:'ViewConfiguration', with key:'view_configuration'
12-09 07:40:57.428 I/InstrumentationBackend( 4796): Added:'IsCurrentActivityFocused', with key:'is_current_activity_focused'
12-09 07:40:57.428 I/InstrumentationBackend( 4796): Added:'SendTcp', with key:'send_tcp'
12-09 07:40:57.429 I/InstrumentationBackend( 4796): Added:'DpToDevicePixel', with key:'dp_to_device_pixel'
12-09 07:40:57.429 I/InstrumentationBackend( 4796): Added:'KeyboardEnterText', with key:'keyboard_enter_text'
12-09 07:40:57.442 I/InstrumentationBackend( 4796): Added:'DeleteSurroundingText', with key:'delete_surrounding_text'
12-09 07:40:57.442 I/InstrumentationBackend( 4796): Added:'SetComposingRegion', with key:'set_composing_region'
12-09 07:40:57.443 I/InstrumentationBackend( 4796): Added:'SetSelection', with key:'set_selection'
12-09 07:40:57.443 I/InstrumentationBackend( 4796): Added:'KeyboardKeyEvent', with key:'keyboard_key_event'
12-09 07:40:57.445 I/InstrumentationBackend( 4796): Added:'PressUserActionButton', with key:'press_user_action_button'
12-09 07:40:57.446 I/InstrumentationBackend( 4796): Added:'HideSoftKeyboard', with key:'hide_soft_keyboard'
12-09 07:40:57.446 I/InstrumentationBackend( 4796): Added:'ListActions', with key:'list_actions'
12-09 07:40:57.446 I/calabash( 4796): Instantiating http server at 7102
12-09 07:40:57.447 I/System.out( 4796): HTTP Daemon listening on: 7102
12-09 07:40:57.517 I/System.out( 4796): URI: //ping
12-09 07:40:57.530 I/System.out( 4796): params: {json={}
12-09 07:40:57.530 I/System.out( 4796): }
12-09 07:40:57.647 I/System.out( 4796): URI: //ping
12-09 07:40:57.647 I/System.out( 4796): params: {json={}
12-09 07:40:57.647 I/System.out( 4796): }
12-09 07:40:57.747 I/System.out( 4796): URI: //ready
12-09 07:40:57.748 I/System.out( 4796): params: {json={}
12-09 07:40:57.748 I/System.out( 4796): }
12-09 07:40:57.882 I/art     ( 4796): Background sticky concurrent mark sweep GC freed 20119(1135KB) AllocSpace objects, 8(160KB) LOS objects, 71% free, 1082KB/3MB, paused 49.352ms total 126.637ms
12-09 07:40:57.882 I/System.out( 4796): URI: //
12-09 07:40:57.882 I/System.out( 4796): params: {json={"command":"version","arguments":[]}
12-09 07:40:57.882 I/System.out( 4796): }
12-09 07:40:57.882 I/System.out( 4796): header: {date=Sun, 09 Dec 2018 07:40:58 GMT, accept=*/*, content-length=36, host=127.0.0.1:34777, user-agent=HTTPClient/1.0 (2.8.3, ruby 2.3.1 (2016-04-26)), content-type=application/json;charset=utf-8}
12-09 07:40:57.882 I/System.out( 4796): params: {json={"command":"version","arguments":[]}
12-09 07:40:57.882 I/System.out( 4796): }
12-09 07:40:57.882 I/System.out( 4796): ProP json = {"command":"version","arguments":[]}
12-09 07:40:57.882 I/System.out( 4796): files: {}
12-09 07:40:57.883 I/System.out( 4796): command: {"command":"version","arguments":[]}
12-09 07:40:57.926 I/InstrumentationBackend( 4796): Got command:'Command:'Line:null,version', arguments:'[]'
12-09 07:40:57.941 I/System.out( 4796): result:{"bonusInformation":[],"message":"0.9.8","success":true}
12-09 07:40:58.015 I/System.out( 4796): URI: //start-application
12-09 07:40:58.015 I/System.out( 4796): params: {json={"intent":null}
12-09 07:40:58.015 I/System.out( 4796): }
12-09 07:40:58.090 I/ActivityManager( 1592): START u0 {act=android.intent.action.MAIN cat=[android.intent.category.LAUNCHER] flg=0x10200000 cmp=com.evancharlton.mileage/.Mileage} from uid 10117 on display 0
12-09 07:40:58.682 W/art     ( 1592): Long monitor contention event with owner method=int com.android.server.am.ActivityStackSupervisor.startActivityMayWait(android.app.IApplicationThread, int, java.lang.String, android.content.Intent, java.lang.String, android.service.voice.IVoiceInteractionSession, com.android.internal.app.IVoiceInteractor, android.os.IBinder, java.lang.String, int, int, android.app.ProfilerInfo, android.app.IActivityManager$WaitResult, android.content.res.Configuration, android.os.Bundle, boolean, int, android.app.IActivityContainer, com.android.server.am.TaskRecord) from ActivityStackSupervisor.java:946 waiters=0 for 285ms
12-09 07:40:58.725 D/gralloc_ranchu( 1226): gralloc_alloc: Creating ashmem region of size 3686400
12-09 07:40:58.726 I/calabash( 4796): newActivity1
12-09 07:40:58.778 I/calabash( 4796): newActivity1
12-09 07:40:58.780 W/ActivityManager( 1592): Bad activity token: android.os.BinderProxy@f7c0610
12-09 07:40:58.780 W/ActivityManager( 1592): java.lang.ClassCastException: android.os.BinderProxy cannot be cast to com.android.server.am.ActivityRecord$Token
12-09 07:40:58.780 W/ActivityManager( 1592): 	at com.android.server.am.ActivityRecord.forTokenLocked(ActivityRecord.java:424)
12-09 07:40:58.780 W/ActivityManager( 1592): 	at com.android.server.am.ActivityRecord.isInStackLocked(ActivityRecord.java:1121)
12-09 07:40:58.780 W/ActivityManager( 1592): 	at com.android.server.am.ActivityRecord.getStackLocked(ActivityRecord.java:1126)
12-09 07:40:58.780 W/ActivityManager( 1592): 	at com.android.server.am.ActivityManagerService.getActivityDisplayId(ActivityManagerService.java:8889)
12-09 07:40:58.780 W/ActivityManager( 1592): 	at android.app.ActivityManagerNative.onTransact(ActivityManagerNative.java:2338)
12-09 07:40:58.780 W/ActivityManager( 1592): 	at com.android.server.am.ActivityManagerService.onTransact(ActivityManagerService.java:2443)
12-09 07:40:58.780 W/ActivityManager( 1592): 	at android.os.Binder.execTransact(Binder.java:453)
12-09 07:40:58.781 W/ActivityManager( 1592): Bad activity token: android.os.BinderProxy@f7c0610
12-09 07:40:58.781 W/ActivityManager( 1592): java.lang.ClassCastException: android.os.BinderProxy cannot be cast to com.android.server.am.ActivityRecord$Token
12-09 07:40:58.781 W/ActivityManager( 1592): 	at com.android.server.am.ActivityRecord.forTokenLocked(ActivityRecord.java:424)
12-09 07:40:58.781 W/ActivityManager( 1592): 	at com.android.server.am.ActivityRecord.isInStackLocked(ActivityRecord.java:1121)
12-09 07:40:58.781 W/ActivityManager( 1592): 	at com.android.server.am.ActivityManagerService.setTaskDescription(ActivityManagerService.java:8547)
12-09 07:40:58.781 W/ActivityManager( 1592): 	at android.app.ActivityManagerNative.onTransact(ActivityManagerNative.java:2410)
12-09 07:40:58.781 W/ActivityManager( 1592): 	at com.android.server.am.ActivityManagerService.onTransact(ActivityManagerService.java:2443)
12-09 07:40:58.781 W/ActivityManager( 1592): 	at android.os.Binder.execTransact(Binder.java:453)
12-09 07:40:58.866 W/ActivityManager( 1592): Bad activity token: android.os.BinderProxy@f7c0610
12-09 07:40:58.866 W/ActivityManager( 1592): java.lang.ClassCastException: android.os.BinderProxy cannot be cast to com.android.server.am.ActivityRecord$Token
12-09 07:40:58.866 W/ActivityManager( 1592): 	at com.android.server.am.ActivityRecord.forTokenLocked(ActivityRecord.java:424)
12-09 07:40:58.866 W/ActivityManager( 1592): 	at com.android.server.am.ActivityRecord.isInStackLocked(ActivityRecord.java:1121)
12-09 07:40:58.866 W/ActivityManager( 1592): 	at com.android.server.am.ActivityManagerService.getActivityOptions(ActivityManagerService.java:11038)
12-09 07:40:58.866 W/ActivityManager( 1592): 	at android.app.ActivityManagerNative.onTransact(ActivityManagerNative.java:1734)
12-09 07:40:58.866 W/ActivityManager( 1592): 	at com.android.server.am.ActivityManagerService.onTransact(ActivityManagerService.java:2443)
12-09 07:40:58.866 W/ActivityManager( 1592): 	at android.os.Binder.execTransact(Binder.java:453)
12-09 07:40:58.890 W/ActivityManager( 1592): Bad activity token: android.os.BinderProxy@f7c0610
12-09 07:40:58.890 W/ActivityManager( 1592): java.lang.ClassCastException: android.os.BinderProxy cannot be cast to com.android.server.am.ActivityRecord$Token
12-09 07:40:58.890 W/ActivityManager( 1592): 	at com.android.server.am.ActivityRecord.forTokenLocked(ActivityRecord.java:424)
12-09 07:40:58.890 W/ActivityManager( 1592): 	at com.android.server.am.ActivityRecord.isInStackLocked(ActivityRecord.java:1121)
12-09 07:40:58.890 W/ActivityManager( 1592): 	at com.android.server.am.ActivityManagerService.getActivityOptions(ActivityManagerService.java:11038)
12-09 07:40:58.890 W/ActivityManager( 1592): 	at android.app.ActivityManagerNative.onTransact(ActivityManagerNative.java:1734)
12-09 07:40:58.890 W/ActivityManager( 1592): 	at com.android.server.am.ActivityManagerService.onTransact(ActivityManagerService.java:2443)
12-09 07:40:58.890 W/ActivityManager( 1592): 	at android.os.Binder.execTransact(Binder.java:453)
12-09 07:40:58.944 V/PhoneStatusBar( 1692): setLightsOn(true)
12-09 07:40:58.946 I/art     ( 4796): Background partial concurrent mark sweep GC freed 34627(1962KB) AllocSpace objects, 7(140KB) LOS objects, 39% free, 1836KB/2MB, paused 11.235ms total 61.875ms
12-09 07:40:59.162 D/EGL_emulation( 1934): eglMakeCurrent: 0x7f913fef4dc0: ver 2 0 (tinfo 0x7f913fec2d40)
12-09 07:40:59.167 E/Surface ( 1934): getSlotFromBufferLocked: unknown buffer: 0x7f913fef5c20
12-09 07:40:59.471 D/gralloc_ranchu( 1226): gralloc_alloc: Creating ashmem region of size 3686400
12-09 07:40:59.688 D/        ( 4796): HostConnection::get() New Host Connection established 0x7f913c4fd0a0, tid 4796
12-09 07:41:00.066 W/art     ( 1592): Long monitor contention event with owner method=void com.android.server.wm.WindowManagerService$H.handleMessage(android.os.Message) from WindowManagerService.java:7820 waiters=1 for 172ms
12-09 07:41:00.100 I/ActivityManager( 1592): Displayed com.evancharlton.mileage/.Mileage: +1s416ms
12-09 07:41:00.111 D/gralloc_ranchu( 1226): gralloc_alloc: Creating ashmem region of size 3686400
12-09 07:41:00.586 W/art     ( 1592): Long monitor contention event with owner method=void com.android.server.wm.WindowAnimator$1.doFrame(long) from WindowAnimator.java:121 waiters=0 for 116ms
12-09 07:41:00.967 D/gralloc_ranchu( 1226): gralloc_alloc: Creating ashmem region of size 3686400
12-09 07:41:02.262 I/System.out( 4796): URI: //map
12-09 07:41:02.262 I/System.out( 4796): params: {json={"query":"android.widget.EditText id:'price'","operation":{"method_name":"query","arguments":[]}}
12-09 07:41:02.262 I/System.out( 4796): }
12-09 07:41:02.338 W/ResourceType( 4796): No package identifier when getting name for resource number 0x00000001
12-09 07:41:02.412 I/System.out( 4796): URI: //gesture
12-09 07:41:02.412 I/System.out( 4796): params: {json={"query_timeout":5.0,"gestures":[{"query_string":"android.widget.EditText id:'price'","touches":[{"x":50,"y":50,"offset_x":0,"offset_y":0,"wait":0.0,"time":0.2,"release":true,"query_string":null}]}]}
12-09 07:41:02.412 I/System.out( 4796): }
12-09 07:41:02.553 I/art     ( 4796): Background partial concurrent mark sweep GC freed 13706(708KB) AllocSpace objects, 4(80KB) LOS objects, 40% free, 2MB/3MB, paused 9.430ms total 112.658ms
12-09 07:41:02.555 W/ResourceType( 4796): No package identifier when getting name for resource number 0x00000001
12-09 07:41:03.073 I/LatinIME( 1880): Starting input. Cursor position = 0,0
12-09 07:41:03.360 D/EGL_emulation( 1880): eglMakeCurrent: 0x7f91342d82c0: ver 2 0 (tinfo 0x7f91343bf660)
12-09 07:41:03.642 I/System.out( 4796): URI: //
12-09 07:41:03.642 I/System.out( 4796): params: {json={"command":"set_selection","arguments":[-1,-1]}
12-09 07:41:03.642 I/System.out( 4796): }
12-09 07:41:03.642 I/System.out( 4796): header: {date=Sun, 09 Dec 2018 07:41:04 GMT, accept=*/*, content-length=47, host=127.0.0.1:34777, user-agent=HTTPClient/1.0 (2.8.3, ruby 2.3.1 (2016-04-26)), content-type=application/json;charset=utf-8}
12-09 07:41:03.642 I/System.out( 4796): params: {json={"command":"set_selection","arguments":[-1,-1]}
12-09 07:41:03.642 I/System.out( 4796): }
12-09 07:41:03.642 I/System.out( 4796): ProP json = {"command":"set_selection","arguments":[-1,-1]}
12-09 07:41:03.642 I/System.out( 4796): files: {}
12-09 07:41:03.642 I/System.out( 4796): command: {"command":"set_selection","arguments":[-1,-1]}
12-09 07:41:03.643 I/InstrumentationBackend( 4796): Got command:'Command:'Line:null,set_selection', arguments:'[-1, -1]'
12-09 07:41:03.664 I/System.out( 4796): result:{"bonusInformation":[],"message":"","success":true}
12-09 07:41:03.870 I/System.out( 4796): URI: //
12-09 07:41:03.870 I/System.out( 4796): params: {json={"command":"keyboard_enter_text","arguments":["000"]}
12-09 07:41:03.870 I/System.out( 4796): }
12-09 07:41:03.870 I/System.out( 4796): header: {date=Sun, 09 Dec 2018 07:41:04 GMT, accept=*/*, content-length=53, host=127.0.0.1:34777, user-agent=HTTPClient/1.0 (2.8.3, ruby 2.3.1 (2016-04-26)), content-type=application/json;charset=utf-8}
12-09 07:41:03.870 I/System.out( 4796): params: {json={"command":"keyboard_enter_text","arguments":["000"]}
12-09 07:41:03.870 I/System.out( 4796): }
12-09 07:41:03.870 I/System.out( 4796): ProP json = {"command":"keyboard_enter_text","arguments":["000"]}
12-09 07:41:03.870 I/System.out( 4796): files: {}
12-09 07:41:03.871 I/System.out( 4796): command: {"command":"keyboard_enter_text","arguments":["000"]}
12-09 07:41:03.872 I/InstrumentationBackend( 4796): Got command:'Command:'Line:null,keyboard_enter_text', arguments:'[000]'
12-09 07:41:03.872 E/SpannableStringBuilder( 4796): SPAN_EXCLUSIVE_EXCLUSIVE spans cannot have a zero length
12-09 07:41:03.872 E/SpannableStringBuilder( 4796): SPAN_EXCLUSIVE_EXCLUSIVE spans cannot have a zero length
12-09 07:41:04.056 E/SpannableStringBuilder( 4796): SPAN_EXCLUSIVE_EXCLUSIVE spans cannot have a zero length
12-09 07:41:04.056 E/SpannableStringBuilder( 4796): SPAN_EXCLUSIVE_EXCLUSIVE spans cannot have a zero length
12-09 07:41:04.075 I/System.out( 4796): result:{"bonusInformation":[],"message":"","success":true}
12-09 07:41:04.087 W/art     ( 4796): Suspending all threads took: 5.936ms
12-09 07:41:04.204 I/art     ( 4796): Background sticky concurrent mark sweep GC freed 27406(1251KB) AllocSpace objects, 5(100KB) LOS objects, 33% free, 2MB/3MB, paused 13.476ms total 132.880ms
12-09 07:41:04.206 I/System.out( 4796): URI: //map
12-09 07:41:04.206 I/System.out( 4796): params: {json={"query":"android.widget.Button index:2","operation":{"method_name":"query","arguments":[]}}
12-09 07:41:04.206 I/System.out( 4796): }
12-09 07:41:04.426 W/art     ( 4796): Suspending all threads took: 53.936ms
12-09 07:41:04.468 I/art     ( 4796): Background partial concurrent mark sweep GC freed 47472(2MB) AllocSpace objects, 5(100KB) LOS objects, 40% free, 2MB/3MB, paused 55.741ms total 220.130ms
12-09 07:41:04.584 I/System.out( 4796): URI: //gesture
12-09 07:41:04.584 I/System.out( 4796): params: {json={"query_timeout":5.0,"gestures":[{"query_string":"android.widget.Button index:2","touches":[{"x":50,"y":50,"offset_x":0,"offset_y":0,"wait":0.0,"time":0.2,"release":true,"query_string":null}]}]}
12-09 07:41:04.584 I/System.out( 4796): }
12-09 07:41:05.122 W/audio_hw_generic( 1308): Not supplying enough data to HAL, expected position 2873930 , only wrote 2873367
12-09 07:41:05.122 W/audio_hw_generic( 1308): Not supplying enough data to HAL, expected position 2873374 , only wrote 2873367
12-09 07:41:05.122 W/audio_hw_generic( 1308): Hardware backing HAL too slow, could only write 0 of 661 frames
12-09 07:41:05.122 W/audio_hw_generic( 1308): Hardware backing HAL too slow, could only write 0 of 661 frames
12-09 07:41:05.135 I/LatinIME( 1880): Starting input. Cursor position = 0,0
12-09 07:41:05.141 W/audio_hw_generic( 1308): Hardware backing HAL too slow, could only write 0 of 661 frames
12-09 07:41:05.153 W/audio_hw_generic( 1308): Hardware backing HAL too slow, could only write 0 of 661 frames
12-09 07:41:05.195 W/audio_hw_generic( 1308): Hardware backing HAL too slow, could only write 0 of 661 frames
12-09 07:41:05.274 W/audio_hw_generic( 1308): Not supplying enough data to HAL, expected position 2880063 , only wrote 2879977
12-09 07:41:05.513 D/gralloc_ranchu( 1226): gralloc_alloc: Creating ashmem region of size 45056
12-09 07:41:05.594 W/audio_hw_generic( 1308): Not supplying enough data to HAL, expected position 2894097 , only wrote 2892536
12-09 07:41:05.594 W/audio_hw_generic( 1308): Not supplying enough data to HAL, expected position 2892543 , only wrote 2892536
12-09 07:41:05.609 W/audio_hw_generic( 1308): Hardware backing HAL too slow, could only write 0 of 661 frames
12-09 07:41:05.634 W/audio_hw_generic( 1308): Hardware backing HAL too slow, could only write 0 of 661 frames
12-09 07:41:05.654 W/audio_hw_generic( 1308): Hardware backing HAL too slow, could only write 0 of 661 frames
12-09 07:41:05.665 W/audio_hw_generic( 1308): Hardware backing HAL too slow, could only write 0 of 661 frames
12-09 07:41:05.686 W/audio_hw_generic( 1308): Hardware backing HAL too slow, could only write 0 of 661 frames
12-09 07:41:05.694 W/audio_hw_generic( 1308): Hardware backing HAL too slow, could only write 0 of 661 frames
12-09 07:41:05.705 E/SurfaceFlinger( 1226): ro.sf.lcd_density must be defined as a build property
12-09 07:41:05.709 W/audio_hw_generic( 1308): Hardware backing HAL too slow, could only write 0 of 661 frames
12-09 07:41:05.724 W/audio_hw_generic( 1308): Hardware backing HAL too slow, could only write 0 of 661 frames
12-09 07:41:05.834 W/audio_hw_generic( 1308): Not supplying enough data to HAL, expected position 2903112 , only wrote 2902451
12-09 07:41:05.834 W/audio_hw_generic( 1308): Not supplying enough data to HAL, expected position 2902458 , only wrote 2902451
12-09 07:41:05.854 W/audio_hw_generic( 1308): Not supplying enough data to HAL, expected position 2903346 , only wrote 2903112
12-09 07:41:05.919 D/gralloc_ranchu( 1226): gralloc_alloc: Creating ashmem region of size 3686400
12-09 07:41:05.932 D/        ( 4830): HostConnection::get() New Host Connection established 0x7f38011d2480, tid 4830
12-09 07:41:05.968 E/EGL_emulation( 1226): tid 1226: eglCreateSyncKHR(1881): error 0x3004 (EGL_BAD_ATTRIBUTE)
12-09 07:41:06.063 W/audio_hw_generic( 1308): Hardware backing HAL too slow, could only write 0 of 661 frames
12-09 07:41:06.082 W/art     ( 1592): Long monitor contention event with owner method=void com.android.server.wm.WindowAnimator$1.doFrame(long) from WindowAnimator.java:121 waiters=0 for 161ms
12-09 07:41:06.117 W/audio_hw_generic( 1308): Hardware backing HAL too slow, could only write 0 of 661 frames
12-09 07:41:06.142 W/audio_hw_generic( 1308): Hardware backing HAL too slow, could only write 0 of 661 frames
12-09 07:41:06.153 W/audio_hw_generic( 1308): Hardware backing HAL too slow, could only write 0 of 661 frames
12-09 07:41:06.166 W/audio_hw_generic( 1308): Hardware backing HAL too slow, could only write 0 of 661 frames
12-09 07:41:06.246 W/audio_hw_generic( 1308): Not supplying enough data to HAL, expected position 2920373 , only wrote 2920298
12-09 07:41:06.246 W/audio_hw_generic( 1308): Not supplying enough data to HAL, expected position 2920305 , only wrote 2920298
12-09 07:41:06.309 W/audio_hw_generic( 1308): Hardware backing HAL too slow, could only write 0 of 661 frames
12-09 07:41:06.419 W/art     ( 1592): Long monitor contention event with owner method=void com.android.server.wm.WindowAnimator$1.doFrame(long) from WindowAnimator.java:121 waiters=0 for 169ms
12-09 07:41:06.423 I/Choreographer( 1880): Skipped 76 frames!  The application may be doing too much work on its main thread.
12-09 07:41:06.589 W/audio_hw_generic( 1308): Not supplying enough data to HAL, expected position 2935430 , only wrote 2934179
12-09 07:41:06.628 W/audio_hw_generic( 1308): Not supplying enough data to HAL, expected position 2935895 , only wrote 2935501
12-09 07:41:06.628 W/audio_hw_generic( 1308): Hardware backing HAL too slow, could only write 0 of 661 frames
12-09 07:41:06.784 W/audio_hw_generic( 1308): Hardware backing HAL too slow, could only write 0 of 661 frames
12-09 07:41:06.784 W/audio_hw_generic( 1308): Not supplying enough data to HAL, expected position 2942400 , only wrote 2938145
12-09 07:41:06.785 W/audio_hw_generic( 1308): Not supplying enough data to HAL, expected position 2938151 , only wrote 2938145
12-09 07:41:06.826 W/audio_hw_generic( 1308): Not supplying enough data to HAL, expected position 2939956 , only wrote 2938806
12-09 07:41:06.878 W/audio_hw_generic( 1308): Hardware backing HAL too slow, could only write 0 of 661 frames
12-09 07:41:06.894 W/audio_hw_generic( 1308): Hardware backing HAL too slow, could only write 0 of 661 frames
12-09 07:41:06.918 W/audio_hw_generic( 1308): Hardware backing HAL too slow, could only write 0 of 661 frames
12-09 07:41:06.918 W/audio_hw_generic( 1308): Hardware backing HAL too slow, could only write 0 of 661 frames
12-09 07:41:06.954 W/audio_hw_generic( 1308): Hardware backing HAL too slow, could only write 0 of 661 frames
12-09 07:41:07.008 W/audio_hw_generic( 1308): Not supplying enough data to HAL, expected position 2946831 , only wrote 2946077
12-09 07:41:07.008 W/audio_hw_generic( 1308): Not supplying enough data to HAL, expected position 2946084 , only wrote 2946077
12-09 07:41:07.030 W/audio_hw_generic( 1308): Not supplying enough data to HAL, expected position 2947042 , only wrote 2946738
12-09 07:41:07.034 I/System.out( 4796): URI: //map
12-09 07:41:07.034 I/System.out( 4796): params: {json={"query":"android.widget.EditText id:'volume'","operation":{"method_name":"query","arguments":[]}}
12-09 07:41:07.034 I/System.out( 4796): }
12-09 07:41:07.057 W/ResourceType( 4796): No package identifier when getting name for resource number 0x00000001
12-09 07:41:07.141 I/art     ( 4796): Background sticky concurrent mark sweep GC freed 32246(1474KB) AllocSpace objects, 2(40KB) LOS objects, 1% free, 3MB/3MB, paused 9.675ms total 73.777ms
12-09 07:41:07.179 I/System.out( 4796): URI: //gesture
12-09 07:41:07.179 I/System.out( 4796): params: {json={"query_timeout":5.0,"gestures":[{"query_string":"android.widget.EditText id:'volume'","touches":[{"x":50,"y":50,"offset_x":0,"offset_y":0,"wait":0.0,"time":0.2,"release":true,"query_string":null}]}]}
12-09 07:41:07.179 I/System.out( 4796): }
12-09 07:41:07.203 W/ResourceType( 4796): No package identifier when getting name for resource number 0x00000001
12-09 07:41:07.318 W/audio_hw_generic( 1308): Not supplying enough data to HAL, expected position 2959435 , only wrote 2957975
12-09 07:41:07.318 W/audio_hw_generic( 1308): Not supplying enough data to HAL, expected position 2957982 , only wrote 2957975
12-09 07:41:07.336 W/audio_hw_generic( 1308): Not supplying enough data to HAL, expected position 2958783 , only wrote 2958636
12-09 07:41:07.525 W/audio_hw_generic( 1308): Not supplying enough data to HAL, expected position 2966978 , only wrote 2965246
12-09 07:41:07.526 W/audio_hw_generic( 1308): Not supplying enough data to HAL, expected position 2965254 , only wrote 2965246
12-09 07:41:07.950 W/audio_hw_generic( 1308): Hardware backing HAL too slow, could only write 0 of 661 frames
12-09 07:41:08.109 W/audio_hw_generic( 1308): Not supplying enough data to HAL, expected position 2990955 , only wrote 2990364
12-09 07:41:08.109 W/audio_hw_generic( 1308): Not supplying enough data to HAL, expected position 2990370 , only wrote 2990364
12-09 07:41:08.111 I/System.out( 4796): URI: //
12-09 07:41:08.135 I/System.out( 4796): params: {json={"command":"set_selection","arguments":[-1,-1]}
12-09 07:41:08.135 I/System.out( 4796): }
12-09 07:41:08.135 I/System.out( 4796): header: {date=Sun, 09 Dec 2018 07:41:09 GMT, accept=*/*, content-length=47, host=127.0.0.1:34777, user-agent=HTTPClient/1.0 (2.8.3, ruby 2.3.1 (2016-04-26)), content-type=application/json;charset=utf-8}
12-09 07:41:08.135 I/System.out( 4796): params: {json={"command":"set_selection","arguments":[-1,-1]}
12-09 07:41:08.135 I/System.out( 4796): }
12-09 07:41:08.135 I/System.out( 4796): ProP json = {"command":"set_selection","arguments":[-1,-1]}
12-09 07:41:08.135 I/System.out( 4796): files: {}
12-09 07:41:08.135 I/System.out( 4796): command: {"command":"set_selection","arguments":[-1,-1]}
12-09 07:41:08.136 I/InstrumentationBackend( 4796): Got command:'Command:'Line:null,set_selection', arguments:'[-1, -1]'
12-09 07:41:08.149 W/audio_hw_generic( 1308): Not supplying enough data to HAL, expected position 2992124 , only wrote 2991025
12-09 07:41:08.150 I/System.out( 4796): result:{"bonusInformation":[],"message":"","success":true}
12-09 07:41:08.348 I/art     ( 1880): Background sticky concurrent mark sweep GC freed 2554(312KB) AllocSpace objects, 3(76KB) LOS objects, 21% free, 2MB/2MB, paused 17.624ms total 40.664ms
12-09 07:41:08.416 I/System.out( 4796): URI: //
12-09 07:41:08.416 I/System.out( 4796): params: {json={"command":"keyboard_enter_text","arguments":["000"]}
12-09 07:41:08.416 I/System.out( 4796): }
12-09 07:41:08.416 I/System.out( 4796): header: {date=Sun, 09 Dec 2018 07:41:09 GMT, accept=*/*, content-length=53, host=127.0.0.1:34777, user-agent=HTTPClient/1.0 (2.8.3, ruby 2.3.1 (2016-04-26)), content-type=application/json;charset=utf-8}
12-09 07:41:08.416 I/System.out( 4796): params: {json={"command":"keyboard_enter_text","arguments":["000"]}
12-09 07:41:08.416 I/System.out( 4796): }
12-09 07:41:08.416 I/System.out( 4796): ProP json = {"command":"keyboard_enter_text","arguments":["000"]}
12-09 07:41:08.416 I/System.out( 4796): files: {}
12-09 07:41:08.416 I/System.out( 4796): command: {"command":"keyboard_enter_text","arguments":["000"]}
12-09 07:41:08.425 I/InstrumentationBackend( 4796): Got command:'Command:'Line:null,keyboard_enter_text', arguments:'[000]'
12-09 07:41:08.459 E/SpannableStringBuilder( 4796): SPAN_EXCLUSIVE_EXCLUSIVE spans cannot have a zero length
12-09 07:41:08.459 E/SpannableStringBuilder( 4796): SPAN_EXCLUSIVE_EXCLUSIVE spans cannot have a zero length
12-09 07:41:08.516 E/SpannableStringBuilder( 4796): SPAN_EXCLUSIVE_EXCLUSIVE spans cannot have a zero length
12-09 07:41:08.516 E/SpannableStringBuilder( 4796): SPAN_EXCLUSIVE_EXCLUSIVE spans cannot have a zero length
12-09 07:41:08.531 I/System.out( 4796): result:{"bonusInformation":[],"message":"","success":true}
12-09 07:41:08.639 I/System.out( 4796): URI: //map
12-09 07:41:08.639 I/System.out( 4796): params: {json={"query":"android.widget.Button index:2","operation":{"method_name":"query","arguments":[]}}
12-09 07:41:08.639 I/System.out( 4796): }
12-09 07:41:08.855 I/art     ( 4796): Background sticky concurrent mark sweep GC freed 56886(2MB) AllocSpace objects, 9(180KB) LOS objects, 39% free, 3MB/5MB, paused 1.135ms total 199.573ms
12-09 07:41:08.886 W/art     ( 4796): Suspending all threads took: 7.402ms
12-09 07:41:08.903 I/art     ( 4796): Background partial concurrent mark sweep GC freed 26039(1106KB) AllocSpace objects, 1(20KB) LOS objects, 39% free, 2MB/4MB, paused 8.715ms total 45.427ms
12-09 07:41:09.038 I/System.out( 4796): URI: //gesture
12-09 07:41:09.038 I/System.out( 4796): params: {json={"query_timeout":5.0,"gestures":[{"query_string":"android.widget.Button index:2","touches":[{"x":50,"y":50,"offset_x":0,"offset_y":0,"wait":0.0,"time":0.2,"release":true,"query_string":null}]}]}
12-09 07:41:09.038 I/System.out( 4796): }
12-09 07:41:09.519 I/LatinIME( 1880): Starting input. Cursor position = 0,0
12-09 07:41:09.534 W/audio_hw_generic( 1308): Hardware backing HAL too slow, could only write 0 of 661 frames
12-09 07:41:09.555 W/audio_hw_generic( 1308): Hardware backing HAL too slow, could only write 0 of 661 frames
12-09 07:41:09.571 W/audio_hw_generic( 1308): Hardware backing HAL too slow, could only write 0 of 661 frames
12-09 07:41:09.578 W/audio_hw_generic( 1308): Hardware backing HAL too slow, could only write 0 of 661 frames
12-09 07:41:09.618 W/audio_hw_generic( 1308): Hardware backing HAL too slow, could only write 0 of 661 frames
12-09 07:41:09.662 I/art     ( 4796): Background sticky concurrent mark sweep GC freed 49997(2MB) AllocSpace objects, 2(40KB) LOS objects, 38% free, 2MB/4MB, paused 9.990ms total 165.809ms
12-09 07:41:09.680 D/gralloc_ranchu( 1226): gralloc_alloc: Creating ashmem region of size 49152
12-09 07:41:09.889 W/audio_hw_generic( 1308): Not supplying enough data to HAL, expected position 3008712 , only wrote 3008211
12-09 07:41:09.889 W/audio_hw_generic( 1308): Not supplying enough data to HAL, expected position 3008218 , only wrote 3008211
12-09 07:41:09.911 W/audio_hw_generic( 1308): Not supplying enough data to HAL, expected position 3009182 , only wrote 3008872
12-09 07:41:09.911 W/audio_hw_generic( 1308): Not supplying enough data to HAL, expected position 3008880 , only wrote 3008872
12-09 07:41:09.989 W/audio_hw_generic( 1308): Not supplying enough data to HAL, expected position 3012334 , only wrote 3012177
12-09 07:41:09.990 W/audio_hw_generic( 1308): Not supplying enough data to HAL, expected position 3012183 , only wrote 3012177
12-09 07:41:10.022 W/audio_hw_generic( 1308): Not supplying enough data to HAL, expected position 3013608 , only wrote 3012838
12-09 07:41:10.022 W/audio_hw_generic( 1308): Hardware backing HAL too slow, could only write 0 of 661 frames
12-09 07:41:10.022 W/audio_hw_generic( 1308): Hardware backing HAL too slow, could only write 0 of 661 frames
12-09 07:41:10.046 W/art     ( 1592): Long monitor contention event with owner method=void com.android.server.wm.WindowAnimator$1.doFrame(long) from WindowAnimator.java:121 waiters=0 for 135ms
12-09 07:41:10.238 W/art     ( 1592): Long monitor contention event with owner method=void com.android.server.wm.WindowAnimator$1.doFrame(long) from WindowAnimator.java:121 waiters=0 for 191ms
12-09 07:41:10.323 W/audio_hw_generic( 1308): Not supplying enough data to HAL, expected position 3026103 , only wrote 3025397
12-09 07:41:10.323 W/audio_hw_generic( 1308): Hardware backing HAL too slow, could only write 0 of 661 frames
12-09 07:41:10.324 E/SurfaceFlinger( 1226): ro.sf.lcd_density must be defined as a build property
12-09 07:41:10.358 D/gralloc_ranchu( 1226): gralloc_alloc: Creating ashmem region of size 3686400
12-09 07:41:10.360 W/audio_hw_generic( 1308): Hardware backing HAL too slow, could only write 0 of 661 frames
12-09 07:41:10.361 W/art     ( 1592): Long monitor contention event with owner method=void com.android.server.wm.WindowAnimator$1.doFrame(long) from WindowAnimator.java:121 waiters=0 for 123ms
12-09 07:41:10.362 I/Choreographer( 1880): Skipped 51 frames!  The application may be doing too much work on its main thread.
12-09 07:41:10.410 D/        ( 4842): HostConnection::get() New Host Connection established 0x7f87b8552480, tid 4842
12-09 07:41:10.449 E/EGL_emulation( 1226): tid 1226: eglCreateSyncKHR(1881): error 0x3004 (EGL_BAD_ATTRIBUTE)
12-09 07:41:10.830 W/audio_hw_generic( 1308): Hardware backing HAL too slow, could only write 0 of 661 frames
12-09 07:41:10.843 W/audio_hw_generic( 1308): Hardware backing HAL too slow, could only write 0 of 661 frames
12-09 07:41:10.912 W/audio_hw_generic( 1308): Not supplying enough data to HAL, expected position 3051390 , only wrote 3049854
12-09 07:41:10.912 W/audio_hw_generic( 1308): Not supplying enough data to HAL, expected position 3049861 , only wrote 3049854
12-09 07:41:10.913 W/audio_hw_generic( 1308): Hardware backing HAL too slow, could only write 0 of 661 frames
12-09 07:41:10.929 W/audio_hw_generic( 1308): Not supplying enough data to HAL, expected position 3050561 , only wrote 3050515
12-09 07:41:10.929 W/audio_hw_generic( 1308): Hardware backing HAL too slow, could only write 0 of 661 frames
12-09 07:41:10.945 W/audio_hw_generic( 1308): Hardware backing HAL too slow, could only write 0 of 661 frames
12-09 07:41:10.966 W/audio_hw_generic( 1308): Hardware backing HAL too slow, could only write 0 of 661 frames
12-09 07:41:11.136 W/audio_hw_generic( 1308): Not supplying enough data to HAL, expected position 3059653 , only wrote 3056464
12-09 07:41:11.136 W/audio_hw_generic( 1308): Not supplying enough data to HAL, expected position 3056472 , only wrote 3056464
12-09 07:41:11.154 W/audio_hw_generic( 1308): Not supplying enough data to HAL, expected position 3057249 , only wrote 3057125
12-09 07:41:11.202 W/audio_hw_generic( 1308): Hardware backing HAL too slow, could only write 0 of 661 frames
12-09 07:41:11.226 W/audio_hw_generic( 1308): Hardware backing HAL too slow, could only write 0 of 661 frames
12-09 07:41:11.314 I/System.out( 4796): URI: //map
12-09 07:41:11.314 I/System.out( 4796): params: {json={"query":"android.widget.EditText id:'odometer'","operation":{"method_name":"query","arguments":[]}}
12-09 07:41:11.314 I/System.out( 4796): }
12-09 07:41:11.402 W/ResourceType( 4796): No package identifier when getting name for resource number 0x00000001
12-09 07:41:11.404 W/audio_hw_generic( 1308): Hardware backing HAL too slow, could only write 0 of 661 frames
12-09 07:41:11.404 W/audio_hw_generic( 1308): Hardware backing HAL too slow, could only write 0 of 661 frames
12-09 07:41:11.439 W/audio_hw_generic( 1308): Not supplying enough data to HAL, expected position 3069685 , only wrote 3069023
12-09 07:41:11.480 I/System.out( 4796): URI: //gesture
12-09 07:41:11.480 I/System.out( 4796): params: {json={"query_timeout":5.0,"gestures":[{"query_string":"android.widget.EditText id:'odometer'","touches":[{"x":50,"y":50,"offset_x":0,"offset_y":0,"wait":0.0,"time":0.2,"release":true,"query_string":null}]}]}
12-09 07:41:11.480 I/System.out( 4796): }
12-09 07:41:11.516 I/art     ( 4796): Background partial concurrent mark sweep GC freed 54489(2MB) AllocSpace objects, 5(120KB) LOS objects, 39% free, 2MB/4MB, paused 12.150ms total 75.558ms
12-09 07:41:11.549 W/audio_hw_generic( 1308): Not supplying enough data to HAL, expected position 3073905 , only wrote 3073650
12-09 07:41:11.603 W/ResourceType( 4796): No package identifier when getting name for resource number 0x00000001
12-09 07:41:11.910 W/audio_hw_generic( 1308): Not supplying enough data to HAL, expected position 3089544 , only wrote 3089514
12-09 07:41:12.049 W/audio_hw_generic( 1308): Not supplying enough data to HAL, expected position 3095672 , only wrote 3095463
12-09 07:41:12.050 W/audio_hw_generic( 1308): Not supplying enough data to HAL, expected position 3095473 , only wrote 3095463
12-09 07:41:12.089 W/audio_hw_generic( 1308): Not supplying enough data to HAL, expected position 3097201 , only wrote 3096124
12-09 07:41:12.422 I/System.out( 4796): URI: //
12-09 07:41:12.422 I/System.out( 4796): params: {json={"command":"set_selection","arguments":[-1,-1]}
12-09 07:41:12.422 I/System.out( 4796): }
12-09 07:41:12.422 I/System.out( 4796): header: {date=Sun, 09 Dec 2018 07:41:13 GMT, accept=*/*, content-length=47, host=127.0.0.1:34777, user-agent=HTTPClient/1.0 (2.8.3, ruby 2.3.1 (2016-04-26)), content-type=application/json;charset=utf-8}
12-09 07:41:12.422 I/System.out( 4796): params: {json={"command":"set_selection","arguments":[-1,-1]}
12-09 07:41:12.422 I/System.out( 4796): }
12-09 07:41:12.422 I/System.out( 4796): ProP json = {"command":"set_selection","arguments":[-1,-1]}
12-09 07:41:12.422 I/System.out( 4796): files: {}
12-09 07:41:12.422 I/System.out( 4796): command: {"command":"set_selection","arguments":[-1,-1]}
12-09 07:41:12.423 I/InstrumentationBackend( 4796): Got command:'Command:'Line:null,set_selection', arguments:'[-1, -1]'
12-09 07:41:12.474 I/System.out( 4796): result:{"bonusInformation":[],"message":"","success":true}
12-09 07:41:12.487 W/audio_hw_generic( 1308): Not supplying enough data to HAL, expected position 3113665 , only wrote 3113310
12-09 07:41:12.487 W/audio_hw_generic( 1308): Not supplying enough data to HAL, expected position 3113317 , only wrote 3113310
12-09 07:41:12.508 W/audio_hw_generic( 1308): Not supplying enough data to HAL, expected position 3114231 , only wrote 3113971
12-09 07:41:12.586 W/audio_hw_generic( 1308): Not supplying enough data to HAL, expected position 3117398 , only wrote 3116615
12-09 07:41:12.594 W/audio_hw_generic( 1308): Not supplying enough data to HAL, expected position 3116974 , only wrote 3116615
12-09 07:41:12.609 I/art     ( 4796): Background sticky concurrent mark sweep GC freed 58494(2MB) AllocSpace objects, 5(100KB) LOS objects, 50% free, 2MB/4MB, paused 7.656ms total 159.348ms
12-09 07:41:12.707 I/System.out( 4796): URI: //
12-09 07:41:12.707 I/System.out( 4796): params: {json={"command":"keyboard_enter_text","arguments":["000"]}
12-09 07:41:12.707 I/System.out( 4796): }
12-09 07:41:12.707 I/System.out( 4796): header: {date=Sun, 09 Dec 2018 07:41:13 GMT, accept=*/*, content-length=53, host=127.0.0.1:34777, user-agent=HTTPClient/1.0 (2.8.3, ruby 2.3.1 (2016-04-26)), content-type=application/json;charset=utf-8}
12-09 07:41:12.707 I/System.out( 4796): params: {json={"command":"keyboard_enter_text","arguments":["000"]}
12-09 07:41:12.707 I/System.out( 4796): }
12-09 07:41:12.707 I/System.out( 4796): ProP json = {"command":"keyboard_enter_text","arguments":["000"]}
12-09 07:41:12.707 I/System.out( 4796): files: {}
12-09 07:41:12.707 I/System.out( 4796): command: {"command":"keyboard_enter_text","arguments":["000"]}
12-09 07:41:12.708 I/InstrumentationBackend( 4796): Got command:'Command:'Line:null,keyboard_enter_text', arguments:'[000]'
12-09 07:41:12.709 E/SpannableStringBuilder( 4796): SPAN_EXCLUSIVE_EXCLUSIVE spans cannot have a zero length
