12-09 08:37:22.705 W/audio_hw_generic( 1308): Not supplying enough data to HAL, expected position 48491048 , only wrote 48490960
12-09 08:37:22.705 W/audio_hw_generic( 1308): Hardware backing HAL too slow, could only write 0 of 661 frames
12-09 08:37:22.721 W/audio_hw_generic( 1308): Hardware backing HAL too slow, could only write 0 of 661 frames
12-09 08:37:22.741 W/audio_hw_generic( 1308): Hardware backing HAL too slow, could only write 0 of 661 frames
12-09 08:37:22.762 W/audio_hw_generic( 1308): Hardware backing HAL too slow, could only write 0 of 661 frames
12-09 08:37:22.785 W/audio_hw_generic( 1308): Hardware backing HAL too slow, could only write 0 of 661 frames
12-09 08:37:22.817 W/audio_hw_generic( 1308): Not supplying enough data to HAL, expected position 48495898 , only wrote 48495587
12-09 08:37:22.848 W/audio_hw_generic( 1308): Not supplying enough data to HAL, expected position 48496923 , only wrote 48496909
12-09 08:37:22.897 W/audio_hw_generic( 1308): Hardware backing HAL too slow, could only write 0 of 661 frames
12-09 08:37:23.212 D/gralloc_ranchu( 1219): gralloc_alloc: Creating ashmem region of size 3686400
12-09 08:37:23.300 W/audio_hw_generic( 1308): Not supplying enough data to HAL, expected position 48516855 , only wrote 48516739
12-09 08:37:23.423 D/AndroidRuntime(19690): >>>>>> START com.android.internal.os.RuntimeInit uid 0 <<<<<<
12-09 08:37:23.424 D/AndroidRuntime(19690): CheckJNI is ON
12-09 08:37:23.478 D/ICU     (19690): No timezone override file found: /data/misc/zoneinfo/current/icu/icu_tzdata.dat
12-09 08:37:23.517 W/audio_hw_generic( 1308): Not supplying enough data to HAL, expected position 48526332 , only wrote 48525332
12-09 08:37:23.518 W/audio_hw_generic( 1308): Not supplying enough data to HAL, expected position 48525339 , only wrote 48525332
12-09 08:37:23.591 W/audio_hw_generic( 1308): Hardware backing HAL too slow, could only write 0 of 661 frames
12-09 08:37:23.600 W/audio_hw_generic( 1308): Not supplying enough data to HAL, expected position 48528972 , only wrote 48528637
12-09 08:37:23.600 W/audio_hw_generic( 1308): Not supplying enough data to HAL, expected position 48528643 , only wrote 48528637
12-09 08:37:23.634 W/audio_hw_generic( 1308): Not supplying enough data to HAL, expected position 48530103 , only wrote 48529298
12-09 08:37:23.652 E/memtrack(19690): Couldn't load memtrack module (No such file or directory)
12-09 08:37:23.652 E/android.os.Debug(19690): failed to load memtrack module: -2
12-09 08:37:23.757 W/audio_hw_generic( 1308): Not supplying enough data to HAL, expected position 48534748 , only wrote 48532603
12-09 08:37:23.765 W/audio_hw_generic( 1308): Not supplying enough data to HAL, expected position 48532955 , only wrote 48532603
12-09 08:37:23.773 I/Radio-JNI(19690): register_android_hardware_Radio DONE
12-09 08:37:23.791 W/audio_hw_generic( 1308): Not supplying enough data to HAL, expected position 48533759 , only wrote 48533264
12-09 08:37:23.809 D/AndroidRuntime(19690): Calling main entry com.android.commands.input.Input
12-09 08:37:23.809 I/Input   (19690): injectKeyEvent: KeyEvent { action=ACTION_DOWN, keyCode=KEYCODE_BACK, scanCode=0, metaState=0, flags=0x0, repeatCount=0, eventTime=6057938, downTime=6057938, deviceId=-1, source=0x101 }
12-09 08:37:23.837 I/Input   (19690): injectKeyEvent: KeyEvent { action=ACTION_UP, keyCode=KEYCODE_BACK, scanCode=0, metaState=0, flags=0x0, repeatCount=0, eventTime=6057938, downTime=6057938, deviceId=-1, source=0x101 }
12-09 08:37:23.847 D/AndroidRuntime(19690): Shutting down VM
12-09 08:37:23.884 W/ActivityManager( 1592): Bad activity token: android.os.BinderProxy@f98fdc2
12-09 08:37:23.884 W/ActivityManager( 1592): java.lang.ClassCastException: android.os.BinderProxy cannot be cast to com.android.server.am.ActivityRecord$Token
12-09 08:37:23.884 W/ActivityManager( 1592): 	at com.android.server.am.ActivityRecord.forTokenLocked(ActivityRecord.java:424)
12-09 08:37:23.884 W/ActivityManager( 1592): 	at com.android.server.am.ActivityRecord.isInStackLocked(ActivityRecord.java:1121)
12-09 08:37:23.884 W/ActivityManager( 1592): 	at com.android.server.am.ActivityManagerService.getActivityOptions(ActivityManagerService.java:11038)
12-09 08:37:23.884 W/ActivityManager( 1592): 	at android.app.ActivityManagerNative.onTransact(ActivityManagerNative.java:1734)
12-09 08:37:23.884 W/ActivityManager( 1592): 	at com.android.server.am.ActivityManagerService.onTransact(ActivityManagerService.java:2443)
12-09 08:37:23.884 W/ActivityManager( 1592): 	at android.os.Binder.execTransact(Binder.java:453)
12-09 08:37:23.928 W/audio_hw_generic( 1308): Not supplying enough data to HAL, expected position 48539304 , only wrote 48538552
12-09 08:37:23.973 W/audio_hw_generic( 1308): Not supplying enough data to HAL, expected position 48540539 , only wrote 48540535
12-09 08:37:23.988 W/audio_hw_generic( 1308): Hardware backing HAL too slow, could only write 0 of 661 frames
12-09 08:37:23.990 D/gralloc_ranchu( 1219): gralloc_alloc: Creating ashmem region of size 3686400
12-09 08:37:23.994 V/PhoneStatusBar( 1692): setLightsOn(true)
12-09 08:37:24.014 W/audio_hw_generic( 1308): Hardware backing HAL too slow, could only write 0 of 661 frames
12-09 08:37:24.098 W/audio_hw_generic( 1308): Not supplying enough data to HAL, expected position 48550133 , only wrote 48545823
12-09 08:37:24.281 I/System.out(19576): URI: //gesture
12-09 08:37:24.282 I/System.out(19576): params: {json={"query_timeout":5.0,"gestures":[{"query_string":"android.widget.TabWidget descendant TextView index:2","touches":[{"x":50,"y":50,"offset_x":0,"offset_y":0,"wait":0.0,"time":0.2,"release":true,"query_string":null}]}]}
12-09 08:37:24.282 I/System.out(19576): }
12-09 08:37:25.170 W/art     ( 1592): Long monitor contention event with owner method=void com.android.server.wm.WindowAnimator$1.doFrame(long) from WindowAnimator.java:121 waiters=1 for 215ms
12-09 08:37:25.371 W/art     ( 1592): Long monitor contention event with owner method=void com.android.server.wm.WindowAnimator$1.doFrame(long) from WindowAnimator.java:121 waiters=1 for 158ms
12-09 08:37:25.596 W/art     ( 1592): Long monitor contention event with owner method=void com.android.server.wm.WindowAnimator$1.doFrame(long) from WindowAnimator.java:121 waiters=1 for 109ms
12-09 08:37:25.808 I/Choreographer(19576): Skipped 91 frames!  The application may be doing too much work on its main thread.
12-09 08:37:25.818 W/art     ( 1592): Long monitor contention event with owner method=java.util.List com.android.server.am.ActivityManagerService.getAllStackInfos() from ActivityManagerService.java:8937 waiters=0 for 390ms
12-09 08:37:25.829 D/gralloc_ranchu( 1219): gralloc_alloc: Creating ashmem region of size 3686400
12-09 08:37:26.810 I/calabash(19576): newActivity1
12-09 08:37:26.814 W/ActivityManager( 1592): Bad activity token: android.os.BinderProxy@5e6eaff
12-09 08:37:26.814 W/ActivityManager( 1592): java.lang.ClassCastException: android.os.BinderProxy cannot be cast to com.android.server.am.ActivityRecord$Token
12-09 08:37:26.814 W/ActivityManager( 1592): 	at com.android.server.am.ActivityRecord.forTokenLocked(ActivityRecord.java:424)
12-09 08:37:26.814 W/ActivityManager( 1592): 	at com.android.server.am.ActivityRecord.isInStackLocked(ActivityRecord.java:1121)
12-09 08:37:26.814 W/ActivityManager( 1592): 	at com.android.server.am.ActivityRecord.getStackLocked(ActivityRecord.java:1126)
12-09 08:37:26.814 W/ActivityManager( 1592): 	at com.android.server.am.ActivityManagerService.getActivityDisplayId(ActivityManagerService.java:8889)
12-09 08:37:26.814 W/ActivityManager( 1592): 	at android.app.ActivityManagerNative.onTransact(ActivityManagerNative.java:2338)
12-09 08:37:26.814 W/ActivityManager( 1592): 	at com.android.server.am.ActivityManagerService.onTransact(ActivityManagerService.java:2443)
12-09 08:37:26.814 W/ActivityManager( 1592): 	at android.os.Binder.execTransact(Binder.java:453)
12-09 08:37:26.848 D/AudioFlinger( 1308): mixer(0xf43c0000) throttle end: throttle time(11)
12-09 08:37:26.849 W/ActivityManager( 1592): Bad activity token: android.os.BinderProxy@5e6eaff
12-09 08:37:26.849 W/ActivityManager( 1592): java.lang.ClassCastException: android.os.BinderProxy cannot be cast to com.android.server.am.ActivityRecord$Token
12-09 08:37:26.849 W/ActivityManager( 1592): 	at com.android.server.am.ActivityRecord.forTokenLocked(ActivityRecord.java:424)
12-09 08:37:26.849 W/ActivityManager( 1592): 	at com.android.server.am.ActivityRecord.isInStackLocked(ActivityRecord.java:1121)
12-09 08:37:26.849 W/ActivityManager( 1592): 	at com.android.server.am.ActivityManagerService.setTaskDescription(ActivityManagerService.java:8547)
12-09 08:37:26.849 W/ActivityManager( 1592): 	at android.app.ActivityManagerNative.onTransact(ActivityManagerNative.java:2410)
12-09 08:37:26.849 W/ActivityManager( 1592): 	at com.android.server.am.ActivityManagerService.onTransact(ActivityManagerService.java:2443)
12-09 08:37:26.849 W/ActivityManager( 1592): 	at android.os.Binder.execTransact(Binder.java:453)
12-09 08:37:26.878 W/audio_hw_generic( 1308): Hardware backing HAL too slow, could only write 0 of 661 frames
12-09 08:37:26.946 W/audio_hw_generic( 1308): Not supplying enough data to HAL, expected position 48550903 , only wrote 48550450
12-09 08:37:26.981 I/art     (19576): Background sticky concurrent mark sweep GC freed 41607(1821KB) AllocSpace objects, 2(40KB) LOS objects, 11% free, 4MB/5MB, paused 6.103ms total 168.670ms
12-09 08:37:27.016 D/VehicleStatisticsActivity(19576): Checking recalculation ...
12-09 08:37:27.022 D/VehicleStatisticsActivity(19576): Recalculating statistics
12-09 08:37:27.023 D/VehicleStatisticsTask(19576): Calculation starting...
12-09 08:37:27.023 D/VehicleStatisticsActivity(19576): Recalculation started!
12-09 08:37:27.024 W/ActivityManager( 1592): Bad activity token: android.os.BinderProxy@5e6eaff
12-09 08:37:27.024 W/ActivityManager( 1592): java.lang.ClassCastException: android.os.BinderProxy cannot be cast to com.android.server.am.ActivityRecord$Token
12-09 08:37:27.024 W/ActivityManager( 1592): 	at com.android.server.am.ActivityRecord.forTokenLocked(ActivityRecord.java:424)
12-09 08:37:27.024 W/ActivityManager( 1592): 	at com.android.server.am.ActivityRecord.isInStackLocked(ActivityRecord.java:1121)
12-09 08:37:27.024 W/ActivityManager( 1592): 	at com.android.server.am.ActivityManagerService.getActivityOptions(ActivityManagerService.java:11038)
12-09 08:37:27.024 W/ActivityManager( 1592): 	at android.app.ActivityManagerNative.onTransact(ActivityManagerNative.java:1734)
12-09 08:37:27.024 W/ActivityManager( 1592): 	at com.android.server.am.ActivityManagerService.onTransact(ActivityManagerService.java:2443)
12-09 08:37:27.024 W/ActivityManager( 1592): 	at android.os.Binder.execTransact(Binder.java:453)
12-09 08:37:27.025 W/ActivityManager( 1592): Bad activity token: android.os.BinderProxy@5e6eaff
12-09 08:37:27.025 W/ActivityManager( 1592): java.lang.ClassCastException: android.os.BinderProxy cannot be cast to com.android.server.am.ActivityRecord$Token
12-09 08:37:27.025 W/ActivityManager( 1592): 	at com.android.server.am.ActivityRecord.forTokenLocked(ActivityRecord.java:424)
12-09 08:37:27.025 W/ActivityManager( 1592): 	at com.android.server.am.ActivityRecord.isInStackLocked(ActivityRecord.java:1121)
12-09 08:37:27.025 W/ActivityManager( 1592): 	at com.android.server.am.ActivityManagerService.getActivityOptions(ActivityManagerService.java:11038)
12-09 08:37:27.025 W/ActivityManager( 1592): 	at android.app.ActivityManagerNative.onTransact(ActivityManagerNative.java:1734)
12-09 08:37:27.025 W/ActivityManager( 1592): 	at com.android.server.am.ActivityManagerService.onTransact(ActivityManagerService.java:2443)
12-09 08:37:27.025 W/ActivityManager( 1592): 	at android.os.Binder.execTransact(Binder.java:453)
12-09 08:37:27.049 D/CalculateTask(19576): Recalculating...
12-09 08:37:27.059 D/VehicleStatisticsActivity(19576): Checking recalculation ...
12-09 08:37:27.059 D/VehicleStatisticsActivity(19576): Recalculating statistics
12-09 08:37:27.059 D/VehicleStatisticsTask(19576): Calculation starting...
12-09 08:37:27.060 D/VehicleStatisticsActivity(19576): Recalculation started!
12-09 08:37:27.088 D/CalculateTask(19576): Recalculating...
12-09 08:37:27.281 W/audio_hw_generic( 1308): Not supplying enough data to HAL, expected position 48565250 , only wrote 48564331
12-09 08:37:27.282 W/audio_hw_generic( 1308): Not supplying enough data to HAL, expected position 48564337 , only wrote 48564331
12-09 08:37:27.297 W/audio_hw_generic( 1308): Not supplying enough data to HAL, expected position 48565008 , only wrote 48564992
12-09 08:37:27.327 W/audio_hw_generic( 1308): Hardware backing HAL too slow, could only write 0 of 661 frames
12-09 08:37:27.344 W/audio_hw_generic( 1308): Hardware backing HAL too slow, could only write 0 of 661 frames
12-09 08:37:27.385 D/VehicleStatisticsTask(19576): Done recalculating!
12-09 08:37:27.403 D/VehicleStatisticsTask(19576): Done recalculating!
12-09 08:37:27.411 D/VehicleStatisticsAdapter(19576): Erasing the cache ...
12-09 08:37:27.419 D/VehicleStatisticsAdapter(19576): Building new values ...
12-09 08:37:27.419 D/VehicleStatisticsAdapter(19576): Writing 29 records to the database ...
12-09 08:37:27.430 D/VehicleStatisticsAdapter(19576): Erasing the cache ...
12-09 08:37:27.519 D/Mileage.ABS(19576): Finished backup
12-09 08:37:27.522 D/Mileage.ABS(19576): Not backing up; 139
12-09 08:37:27.524 E/SurfaceFlinger( 1219): ro.sf.lcd_density must be defined as a build property
12-09 08:37:27.524 D/gralloc_ranchu( 1219): gralloc_alloc: Creating ashmem region of size 3686400
12-09 08:37:27.534 D/Mileage.ABS(19576): Not backing up; 151
12-09 08:37:27.535 D/Mileage.ABS(19576): Not backing up; 152
12-09 08:37:27.545 D/gralloc_ranchu( 1219): gralloc_alloc: Creating ashmem region of size 3686400
12-09 08:37:27.576 D/VehicleStatisticsAdapter(19576): Building new values ...
12-09 08:37:27.576 D/VehicleStatisticsAdapter(19576): Writing 29 records to the database ...
12-09 08:37:27.582 D/        (19701): HostConnection::get() New Host Connection established 0x7f292e552480, tid 19701
12-09 08:37:27.622 E/EGL_emulation( 1219): tid 1219: eglCreateSyncKHR(1881): error 0x3004 (EGL_BAD_ATTRIBUTE)
12-09 08:37:27.723 D/Mileage.ABS(19576): Not backing up; 339
12-09 08:37:27.723 D/Mileage.ABS(19576): Not backing up; 340
12-09 08:37:27.794 D/Mileage.ABS(19576): Not backing up; 411
12-09 08:37:27.794 D/Mileage.ABS(19576): Not backing up; 411
12-09 08:37:27.914 D/Mileage.ABS(19576): Not backing up; 531
12-09 08:37:27.934 D/Mileage.ABS(19576): Not backing up; 551
12-09 08:37:27.965 D/Mileage.ABS(19576): Not backing up; 580
12-09 08:37:27.981 D/Mileage.ABS(19576): Not backing up; 598
12-09 08:37:28.032 D/Mileage.ABS(19576): Not backing up; 649
12-09 08:37:28.070 D/Mileage.ABS(19576): Not backing up; 687
12-09 08:37:28.146 W/audio_hw_generic( 1308): Not supplying enough data to HAL, expected position 48602432 , only wrote 48601347
12-09 08:37:28.191 D/Mileage.ABS(19576): Not backing up; 808
12-09 08:37:28.357 D/Mileage.ABS(19576): Not backing up; 974
12-09 08:37:28.358 D/Mileage.ABS(19576): Not backing up; 975
12-09 08:37:28.358 D/Mileage.ABS(19576): Not backing up; 975
12-09 08:37:28.358 D/Mileage.ABS(19576): Not backing up; 975
12-09 08:37:28.434 I/System.out(19576): URI: //map
12-09 08:37:28.434 I/System.out(19576): params: {json={"query":"* {text CONTAINS[c] 'Average fuel economy'}","operation":{"method_name":"query","arguments":[]}}
12-09 08:37:28.434 I/System.out(19576): }
12-09 08:37:28.507 W/audio_hw_generic( 1308): Not supplying enough data to HAL, expected position 48617249 , only wrote 48617211
12-09 08:37:28.507 W/audio_hw_generic( 1308): Hardware backing HAL too slow, could only write 0 of 661 frames
12-09 08:37:28.687 D/Mileage.ABS(19576): Finished backup
12-09 08:37:28.702 W/audio_hw_generic( 1308): Not supplying enough data to HAL, expected position 48625815 , only wrote 48625804
12-09 08:37:28.772 I/art     (19576): Background partial concurrent mark sweep GC freed 22077(1449KB) AllocSpace objects, 10(200KB) LOS objects, 40% free, 3MB/5MB, paused 3.808ms total 308.364ms
12-09 08:37:28.782 W/audio_hw_generic( 1308): Hardware backing HAL too slow, could only write 0 of 661 frames
12-09 08:37:28.798 W/audio_hw_generic( 1308): Hardware backing HAL too slow, could only write 0 of 661 frames
12-09 08:37:28.817 W/audio_hw_generic( 1308): Hardware backing HAL too slow, could only write 0 of 661 frames
12-09 08:37:28.829 W/audio_hw_generic( 1308): Hardware backing HAL too slow, could only write 0 of 661 frames
12-09 08:37:28.854 D/Mileage.ABS(19576): Not backing up; 191
12-09 08:37:28.855 D/Mileage.ABS(19576): Not backing up; 192
12-09 08:37:28.856 D/Mileage.ABS(19576): Not backing up; 193
12-09 08:37:28.869 W/audio_hw_generic( 1308): Hardware backing HAL too slow, could only write 0 of 661 frames
12-09 08:37:28.872 W/audio_hw_generic( 1308): Hardware backing HAL too slow, could only write 0 of 661 frames
12-09 08:37:28.898 W/audio_hw_generic( 1308): Not supplying enough data to HAL, expected position 48634443 , only wrote 48634397
12-09 08:37:28.898 W/audio_hw_generic( 1308): Hardware backing HAL too slow, could only write 0 of 661 frames
12-09 08:37:28.906 D/Mileage.ABS(19576): Not backing up; 243
12-09 08:37:28.914 W/audio_hw_generic( 1308): Hardware backing HAL too slow, could only write 0 of 661 frames
12-09 08:37:28.929 W/audio_hw_generic( 1308): Hardware backing HAL too slow, could only write 0 of 661 frames
12-09 08:37:28.946 W/audio_hw_generic( 1308): Hardware backing HAL too slow, could only write 0 of 661 frames
12-09 08:37:28.975 W/audio_hw_generic( 1308): Hardware backing HAL too slow, could only write 0 of 661 frames
12-09 08:37:29.003 W/audio_hw_generic( 1308): Hardware backing HAL too slow, could only write 0 of 661 frames
12-09 08:37:29.004 W/audio_hw_generic( 1308): Hardware backing HAL too slow, could only write 0 of 661 frames
12-09 08:37:29.013 D/Mileage.ABS(19576): Not backing up; 350
12-09 08:37:29.034 W/audio_hw_generic( 1308): Not supplying enough data to HAL, expected position 48640391 , only wrote 48640346
12-09 08:37:29.113 D/Mileage.ABS(19576): Not backing up; 450
12-09 08:37:29.114 D/Mileage.ABS(19576): Not backing up; 451
12-09 08:37:29.176 D/Mileage.ABS(19576): Not backing up; 513
12-09 08:37:29.181 D/Mileage.ABS(19576): Not backing up; 518
12-09 08:37:29.201 D/Mileage.ABS(19576): Not backing up; 538
12-09 08:37:29.222 D/Mileage.ABS(19576): Not backing up; 559
12-09 08:37:29.223 D/Mileage.ABS(19576): Not backing up; 560
12-09 08:37:29.224 D/Mileage.ABS(19576): Not backing up; 561
12-09 08:37:29.230 D/Mileage.ABS(19576): Not backing up; 566
12-09 08:37:29.237 D/Mileage.ABS(19576): Not backing up; 574
12-09 08:37:29.237 D/Mileage.ABS(19576): Not backing up; 574
12-09 08:37:29.238 D/Mileage.ABS(19576): Not backing up; 575
12-09 08:37:29.238 D/Mileage.ABS(19576): Not backing up; 575
12-09 08:37:29.290 I/System.out(19576): URI: //gesture
12-09 08:37:29.290 I/System.out(19576): params: {json={"query_timeout":5.0,"gestures":[{"query_string":"* {text CONTAINS[c] 'Average fuel economy'}","touches":[{"x":50,"y":50,"offset_x":0,"offset_y":0,"wait":0.0,"time":0.2,"release":true,"query_string":null}]}]}
12-09 08:37:29.290 I/System.out(19576): }
12-09 08:37:29.298 W/audio_hw_generic( 1308): Not supplying enough data to HAL, expected position 48651989 , only wrote 48651583
12-09 08:37:29.298 W/audio_hw_generic( 1308): Not supplying enough data to HAL, expected position 48651590 , only wrote 48651583
12-09 08:37:29.331 W/audio_hw_generic( 1308): Not supplying enough data to HAL, expected position 48653059 , only wrote 48652244
12-09 08:37:29.373 D/Mileage.ABS(19576): Not backing up; 710
12-09 08:37:29.558 I/art     (19576): Background sticky concurrent mark sweep GC freed 42323(1926KB) AllocSpace objects, 2(40KB) LOS objects, 31% free, 3MB/5MB, paused 1.107ms total 263.977ms
12-09 08:37:29.562 W/audio_hw_generic( 1308): Not supplying enough data to HAL, expected position 48662406 , only wrote 48662159
12-09 08:37:29.646 W/audio_hw_generic( 1308): Not supplying enough data to HAL, expected position 48665872 , only wrote 48665464
12-09 08:37:29.646 W/audio_hw_generic( 1308): Not supplying enough data to HAL, expected position 48665471 , only wrote 48665464
12-09 08:37:29.685 W/audio_hw_generic( 1308): Not supplying enough data to HAL, expected position 48667203 , only wrote 48666125
12-09 08:37:29.719 W/audio_hw_generic( 1308): Not supplying enough data to HAL, expected position 48667626 , only wrote 48667447
12-09 08:37:29.837 W/audio_hw_generic( 1308): Not supplying enough data to HAL, expected position 48672630 , only wrote 48668769
12-09 08:37:29.923 D/Mileage.ABS(19576): Finished backup
12-09 08:37:29.923 D/Mileage.ABS(19576): Not backing up; 205
12-09 08:37:29.924 D/Mileage.ABS(19576): Not backing up; 206
12-09 08:37:29.936 W/audio_hw_generic( 1308): Not supplying enough data to HAL, expected position 48673151 , only wrote 48670091
12-09 08:37:30.110 I/ActivityManager( 1592): START u0 {cmp=com.evancharlton.mileage/.charts.AverageFuelEconomyChart (has extras)} from uid 10141 on display 0
12-09 08:37:30.175 W/audio_hw_generic( 1308): Hardware backing HAL too slow, could only write 0 of 661 frames
12-09 08:37:30.177 D/AudioFlinger( 1308): mixer(0xf43c0000) throttle end: throttle time(11)
12-09 08:37:30.192 W/audio_hw_generic( 1308): Hardware backing HAL too slow, could only write 0 of 661 frames
12-09 08:37:30.425 I/art     (19576): Background partial concurrent mark sweep GC freed 46129(2MB) AllocSpace objects, 3(60KB) LOS objects, 39% free, 2MB/4MB, paused 5.129ms total 144.532ms
12-09 08:37:30.443 D/Mileage.ABS(19576): Not backing up; 725
12-09 08:37:30.444 D/Mileage.ABS(19576): Not backing up; 726
12-09 08:37:30.444 D/Mileage.ABS(19576): Not backing up; 726
12-09 08:37:30.444 D/Mileage.ABS(19576): Not backing up; 726
12-09 08:37:30.453 D/Mileage.ABS(19576): Not backing up; 735
12-09 08:37:30.454 D/Mileage.ABS(19576): Not backing up; 736
12-09 08:37:30.454 D/Mileage.ABS(19576): Not backing up; 736
12-09 08:37:30.455 D/Mileage.ABS(19576): Not backing up; 736
12-09 08:37:30.455 I/calabash(19576): newActivity1
12-09 08:37:30.559 W/aiCharts(19576): License file is invalid or missing. 
12-09 08:37:30.559 W/aiCharts(19576): Please place proper license.lic to /assets folder.
12-09 08:37:30.795 E/SurfaceFlinger( 1219): ro.sf.lcd_density must be defined as a build property
12-09 08:37:30.796 D/gralloc_ranchu( 1219): gralloc_alloc: Creating ashmem region of size 3686400
12-09 08:37:30.802 D/VehicleStatisticsAdapter(19576): Caching of 29 records complete! (3.383 seconds)
12-09 08:37:30.901 W/audio_hw_generic( 1308): Not supplying enough data to HAL, expected position 48704142 , only wrote 48703802
12-09 08:37:30.902 W/audio_hw_generic( 1308): Not supplying enough data to HAL, expected position 48703808 , only wrote 48703802
12-09 08:37:30.918 W/audio_hw_generic( 1308): Not supplying enough data to HAL, expected position 48704507 , only wrote 48704463
12-09 08:37:30.939 D/        (19724): HostConnection::get() New Host Connection established 0x7f2930dd2480, tid 19724
12-09 08:37:30.964 E/EGL_emulation( 1219): tid 1219: eglCreateSyncKHR(1881): error 0x3004 (EGL_BAD_ATTRIBUTE)
12-09 08:37:31.041 W/audio_hw_generic( 1308): Not supplying enough data to HAL, expected position 48709924 , only wrote 48709751
12-09 08:37:31.054 W/art     ( 1592): Long monitor contention event with owner method=void com.android.server.wm.WindowAnimator$1.doFrame(long) from WindowAnimator.java:121 waiters=0 for 206ms
12-09 08:37:31.072 V/PhoneStatusBar( 1692): setLightsOn(true)
12-09 08:37:31.117 D/Mileage.ABS(19576): Finished backup
12-09 08:37:31.134 D/Mileage.ABS(19576): Not backing up; 39
12-09 08:37:31.135 D/Mileage.ABS(19576): Not backing up; 40
12-09 08:37:31.135 D/Mileage.ABS(19576): Not backing up; 40
12-09 08:37:31.135 D/Mileage.ABS(19576): Not backing up; 40
12-09 08:37:31.135 D/Mileage.ABS(19576): Not backing up; 40
12-09 08:37:31.135 D/Mileage.ABS(19576): Not backing up; 40
12-09 08:37:31.136 D/Mileage.ABS(19576): Not backing up; 40
12-09 08:37:31.136 D/Mileage.ABS(19576): Not backing up; 41
12-09 08:37:31.136 D/Mileage.ABS(19576): Not backing up; 41
12-09 08:37:31.189 D/VehicleStatisticsAdapter(19576): Caching of 29 records complete! (3.613 seconds)
12-09 08:37:31.494 W/audio_hw_generic( 1308): Not supplying enough data to HAL, expected position 48729716 , only wrote 48729581
12-09 08:37:31.494 W/audio_hw_generic( 1308): Not supplying enough data to HAL, expected position 48729588 , only wrote 48729581
12-09 08:37:31.545 W/audio_hw_generic( 1308): Not supplying enough data to HAL, expected position 48731824 , only wrote 48730242
12-09 08:37:31.605 W/audio_hw_generic( 1308): Not supplying enough data to HAL, expected position 48732894 , only wrote 48732886
12-09 08:37:31.605 W/audio_hw_generic( 1308): Not supplying enough data to HAL, expected position 48732892 , only wrote 48732886
12-09 08:37:31.620 W/art     ( 1592): Long monitor contention event with owner method=void com.android.server.wm.WindowAnimator$1.doFrame(long) from WindowAnimator.java:121 waiters=0 for 146ms
12-09 08:37:31.621 W/audio_hw_generic( 1308): Not supplying enough data to HAL, expected position 48733561 , only wrote 48733547
12-09 08:37:31.721 W/audio_hw_generic( 1308): Not supplying enough data to HAL, expected position 48737953 , only wrote 48736852
12-09 08:37:31.786 W/art     ( 1592): Long monitor contention event with owner method=void com.android.server.wm.WindowAnimator$1.doFrame(long) from WindowAnimator.java:121 waiters=1 for 309ms
12-09 08:37:31.797 W/audio_hw_generic( 1308): Hardware backing HAL too slow, could only write 0 of 661 frames
12-09 08:37:31.897 W/audio_hw_generic( 1308): Not supplying enough data to HAL, expected position 48744620 , only wrote 48744123
12-09 08:37:31.897 W/audio_hw_generic( 1308): Not supplying enough data to HAL, expected position 48744132 , only wrote 48744123
12-09 08:37:31.913 W/audio_hw_generic( 1308): Not supplying enough data to HAL, expected position 48744829 , only wrote 48744784
12-09 08:37:31.922 W/art     ( 1592): Long monitor contention event with owner method=void com.android.server.wm.WindowAnimator$1.doFrame(long) from WindowAnimator.java:121 waiters=1 for 302ms
12-09 08:37:32.009 W/art     ( 1592): Long monitor contention event with owner method=void com.android.server.wm.WindowAnimator$1.doFrame(long) from WindowAnimator.java:121 waiters=1 for 223ms
12-09 08:37:32.260 W/audio_hw_generic( 1308): Not supplying enough data to HAL, expected position 48760102 , only wrote 48759326
12-09 08:37:32.331 W/art     ( 1592): Long monitor contention event with owner method=void com.android.server.wm.WindowAnimator$1.doFrame(long) from WindowAnimator.java:121 waiters=1 for 203ms
12-09 08:37:32.416 W/art     ( 1592): Long monitor contention event with owner method=void com.android.server.wm.WindowAnimator$1.doFrame(long) from WindowAnimator.java:121 waiters=1 for 192ms
12-09 08:37:32.590 W/audio_hw_generic( 1308): Not supplying enough data to HAL, expected position 48773839 , only wrote 48773207
12-09 08:37:32.606 W/audio_hw_generic( 1308): Not supplying enough data to HAL, expected position 48773916 , only wrote 48773207
12-09 08:37:32.628 W/audio_hw_generic( 1308): Not supplying enough data to HAL, expected position 48774205 , only wrote 48773868
12-09 08:37:32.672 W/art     ( 1592): Long monitor contention event with owner method=void com.android.server.wm.WindowAnimator$1.doFrame(long) from WindowAnimator.java:121 waiters=1 for 256ms
