--------- beginning of system
12-09 08:01:00.991 W/ActivityManager( 1591): Finishing task with all activities already finished
12-09 08:01:01.004 W/ActivityManager( 1591): Duplicate finish request for ActivityRecord{60110b7 u0 com.evancharlton.mileage/.Mileage t391 f}
12-09 08:01:01.004 W/ActivityManager( 1591): Finishing task with all activities already finished
12-09 08:01:01.004 W/ActivityManager( 1591): Duplicate finish request for ActivityRecord{60110b7 u0 com.evancharlton.mileage/.Mileage t391 f}
12-09 08:01:01.005 W/ActivityManager( 1591): Finishing task with all activities already finished
12-09 08:01:01.005 W/ActivityManager( 1591): Duplicate finish request for ActivityRecord{60110b7 u0 com.evancharlton.mileage/.Mileage t391 f}
12-09 08:01:01.007 W/ActivityManager( 1591): Finishing task with all activities already finished
12-09 08:01:01.007 W/ActivityManager( 1591): Duplicate finish request for ActivityRecord{60110b7 u0 com.evancharlton.mileage/.Mileage t391 f}
12-09 08:01:01.039 W/ActivityManager( 1591): Finishing task with all activities already finished
12-09 08:01:01.039 W/ActivityManager( 1591): Duplicate finish request for ActivityRecord{60110b7 u0 com.evancharlton.mileage/.Mileage t391 f}
12-09 08:01:01.039 W/ActivityManager( 1591): Finishing task with all activities already finished
12-09 08:01:01.039 W/ActivityManager( 1591): Duplicate finish request for ActivityRecord{60110b7 u0 com.evancharlton.mileage/.Mileage t391 f}
12-09 08:01:01.039 W/ActivityManager( 1591): Finishing task with all activities already finished
12-09 08:01:01.039 W/ActivityManager( 1591): Duplicate finish request for ActivityRecord{60110b7 u0 com.evancharlton.mileage/.Mileage t391 f}
12-09 08:01:01.039 W/ActivityManager( 1591): Finishing task with all activities already finished
12-09 08:01:01.039 W/ActivityManager( 1591): Duplicate finish request for ActivityRecord{60110b7 u0 com.evancharlton.mileage/.Mileage t391 f}
12-09 08:01:01.040 W/ActivityManager( 1591): Finishing task with all activities already finished
12-09 08:01:01.040 W/ActivityManager( 1591): Duplicate finish request for ActivityRecord{60110b7 u0 com.evancharlton.mileage/.Mileage t391 f}
12-09 08:01:01.040 W/ActivityManager( 1591): Finishing task with all activities already finished
12-09 08:01:01.040 W/ActivityManager( 1591): Duplicate finish request for ActivityRecord{60110b7 u0 com.evancharlton.mileage/.Mileage t391 f}
12-09 08:01:01.040 W/ActivityManager( 1591): Finishing task with all activities already finished
12-09 08:01:01.040 W/ActivityManager( 1591): Duplicate finish request for ActivityRecord{60110b7 u0 com.evancharlton.mileage/.Mileage t391 f}
--------- beginning of main
12-09 08:01:01.100 I/art     ( 1591): Background partial concurrent mark sweep GC freed 1379(86KB) AllocSpace objects, 1(20KB) LOS objects, 30% free, 9MB/13MB, paused 18.415ms total 237.571ms
12-09 08:01:01.127 D/EGL_emulation( 1917): eglMakeCurrent: 0x7f8a842f4dc0: ver 2 0 (tinfo 0x7f8a842c2cc0)
12-09 08:01:01.505 W/art     ( 1591): Long monitor contention event with owner method=void com.android.server.wm.WindowAnimator$1.doFrame(long) from WindowAnimator.java:121 waiters=1 for 169ms
12-09 08:01:01.616 W/art     ( 1591): Long monitor contention event with owner method=void com.android.server.wm.WindowAnimator$1.doFrame(long) from WindowAnimator.java:121 waiters=1 for 207ms
12-09 08:01:01.709 D/AndroidRuntime(10422): >>>>>> START com.android.internal.os.RuntimeInit uid 0 <<<<<<
12-09 08:01:01.759 D/AndroidRuntime(10422): CheckJNI is ON
12-09 08:01:01.869 D/ICU     (10422): No timezone override file found: /data/misc/zoneinfo/current/icu/icu_tzdata.dat
12-09 08:01:02.108 E/memtrack(10422): Couldn't load memtrack module (No such file or directory)
12-09 08:01:02.108 E/android.os.Debug(10422): failed to load memtrack module: -2
12-09 08:01:02.113 I/Radio-JNI(10422): register_android_hardware_Radio DONE
12-09 08:01:02.132 D/AndroidRuntime(10422): Calling main entry com.android.commands.am.Am
12-09 08:01:02.417 W/art     ( 1591): Long monitor contention event with owner method=void com.android.server.wm.WindowAnimator$1.doFrame(long) from WindowAnimator.java:121 waiters=2 for 180ms
12-09 08:01:02.491 W/art     ( 1591): Long monitor contention event with owner method=void com.android.server.wm.WindowAnimator$1.doFrame(long) from WindowAnimator.java:121 waiters=2 for 216ms
12-09 08:01:02.611 W/art     ( 1591): Long monitor contention event with owner method=java.util.List com.android.server.am.ActivityManagerService.getAllStackInfos() from ActivityManagerService.java:8937 waiters=0 for 453ms
12-09 08:01:02.612 I/ActivityManager( 1591): Force stopping com.evancharlton.mileage appid=10125 user=0: start instr
12-09 08:01:02.612 I/ActivityManager( 1591): Killing 10377:com.evancharlton.mileage/u0a125 (adj 0): stop com.evancharlton.mileage
12-09 08:01:02.683 E/JavaBinder( 1591): !!! FAILED BINDER TRANSACTION !!!  (parcel size = 104)
12-09 08:01:02.683 W/InputMethodManagerService( 1591): Got RemoteException sending setActive(false) notification to pid 10377 uid 10125
12-09 08:01:02.923 W/art     ( 1591): Long monitor contention event with owner method=void com.android.server.wm.WindowManagerService.removeWindow(com.android.server.wm.Session, android.view.IWindow) from WindowManagerService.java:2696 waiters=0 for 310ms
12-09 08:01:02.975 I/Choreographer( 1917): Skipped 108 frames!  The application may be doing too much work on its main thread.
12-09 08:01:02.979 W/ActivityManager( 1591): Crash of app com.evancharlton.mileage running instrumentation ComponentInfo{com.evancharlton.mileage.test/sh.calaba.instrumentationbackend.CalabashInstrumentationTestRunner}
12-09 08:01:02.980 I/ActivityManager( 1591): Force stopping com.evancharlton.mileage appid=10125 user=0: finished inst
12-09 08:01:02.983 I/WindowState( 1591): WIN DEATH: Window{344506d u0 com.evancharlton.mileage/com.evancharlton.mileage.Mileage EXITING}
12-09 08:01:03.046 I/ActivityManager( 1591): Start proc 10431:com.evancharlton.mileage/u0a125 for added application com.evancharlton.mileage
12-09 08:01:03.047 W/art     ( 1591): Long monitor contention event with owner method=java.util.List com.android.server.am.ActivityManagerService.getAllStackInfos() from ActivityManagerService.java:8937 waiters=1 for 634ms
12-09 08:01:03.047 W/art     ( 1591): Long monitor contention event with owner method=boolean com.android.server.am.ActivityManagerService.startInstrumentation(android.content.ComponentName, java.lang.String, int, android.os.Bundle, android.app.IInstrumentationWatcher, android.app.IUiAutomationConnection, int, java.lang.String) from ActivityManagerService.java:17066 waiters=1 for 436ms
12-09 08:01:03.048 D/AndroidRuntime(10422): Shutting down VM
12-09 08:01:03.289 W/System  (10431): ClassLoader referenced unknown path: /data/app/com.evancharlton.mileage.test-1/lib/x86_64
12-09 08:01:03.306 W/System  (10431): ClassLoader referenced unknown path: /data/app/com.evancharlton.mileage-1/lib/x86_64
12-09 08:01:03.426 I/System.out(10431): Main activity name automatically set to: com.evancharlton.mileage.Mileage
12-09 08:01:03.427 I/System.out(10431): Calabash did not load Mono. This is only a problem if you are trying to test a Mono application
12-09 08:01:03.427 I/calabash(10431): Test server port: 7102
12-09 08:01:03.428 I/InstrumentationBackend(10431): Added:'GetPreferences', with key:'get_preferences'
12-09 08:01:03.524 I/InstrumentationBackend(10431): Added:'SetPreferences', with key:'set_preferences'
12-09 08:01:03.550 I/InstrumentationBackend(10431): Added:'ClearPreferences', with key:'clear_preferences'
12-09 08:01:03.551 I/InstrumentationBackend(10431): Added:'PressElement', with key:'press_l10n_element'
12-09 08:01:03.551 I/InstrumentationBackend(10431): Added:'WaitForElement', with key:'wait_for_l10n_element'
12-09 08:01:03.551 I/InstrumentationBackend(10431): Added:'NullAction', with key:'nullAction'
12-09 08:01:03.551 I/InstrumentationBackend(10431): Added:'PressKey', with key:'press_key'
12-09 08:01:03.552 I/InstrumentationBackend(10431): Added:'SetActivityOrientation', with key:'set_activity_orientation'
12-09 08:01:03.552 I/InstrumentationBackend(10431): Added:'GetActivityOrientation', with key:'get_activity_orientation'
12-09 08:01:03.552 I/InstrumentationBackend(10431): Added:'FakeGPSLocation', with key:'set_gps_coordinates'
12-09 08:01:03.552 I/InstrumentationBackend(10431): Added:'SetPropertyByCssSelector', with key:'set_property_by_css_selector'
12-09 08:01:03.552 I/InstrumentationBackend(10431): Added:'GetUrl', with key:'get_url'
12-09 08:01:03.553 I/InstrumentationBackend(10431): Added:'ScrollTo', with key:'scroll_to'
12-09 08:01:03.557 I/InstrumentationBackend(10431): Added:'GetLoadProgress', with key:'get_load_progress'
12-09 08:01:03.557 I/InstrumentationBackend(10431): Added:'DumpHtml', with key:'dump_html'
12-09 08:01:03.558 I/InstrumentationBackend(10431): Added:'DumpBodyHtml', with key:'dump_body_html'
12-09 08:01:03.558 I/InstrumentationBackend(10431): Added:'EnterTextByCssSelector', with key:'enter_text_by_selector'
12-09 08:01:03.559 I/InstrumentationBackend(10431): Added:'AndroidSDKVersion', with key:'android_sdk_version'
12-09 08:01:03.559 I/InstrumentationBackend(10431): Added:'Version', with key:'version'
12-09 08:01:03.559 I/InstrumentationBackend(10431): Added:'Drag', with key:'drag'
12-09 08:01:03.559 I/InstrumentationBackend(10431): Added:'TouchCoordinates', with key:'touch_coordinate'
12-09 08:01:03.559 I/InstrumentationBackend(10431): Added:'LongPressCoordinate', with key:'long_press_coordinate'
12-09 08:01:03.559 I/InstrumentationBackend(10431): Added:'DragCoordinates', with key:'drag_coordinates'
12-09 08:01:03.560 I/InstrumentationBackend(10431): Added:'ResumeApplication', with key:'resume_application'
12-09 08:01:03.560 I/InstrumentationBackend(10431): Added:'Swipe', with key:'swipe'
12-09 08:01:03.560 I/InstrumentationBackend(10431): Added:'DoubleTapCoordinate', with key:'double_tap_coordinate'
12-09 08:01:03.560 I/InstrumentationBackend(10431): Added:'ClickOnScreen', with key:'click_on_screen'
12-09 08:01:03.560 I/InstrumentationBackend(10431): Added:'GetActivityName', with key:'get_activity_name'
12-09 08:01:03.561 I/InstrumentationBackend(10431): Added:'ScrollToView', with key:'scroll_to_view'
12-09 08:01:03.561 I/InstrumentationBackend(10431): Added:'ViewConfiguration', with key:'view_configuration'
12-09 08:01:03.561 I/InstrumentationBackend(10431): Added:'IsCurrentActivityFocused', with key:'is_current_activity_focused'
12-09 08:01:03.573 I/InstrumentationBackend(10431): Added:'SendTcp', with key:'send_tcp'
12-09 08:01:03.573 I/InstrumentationBackend(10431): Added:'DpToDevicePixel', with key:'dp_to_device_pixel'
12-09 08:01:03.574 I/InstrumentationBackend(10431): Added:'KeyboardEnterText', with key:'keyboard_enter_text'
12-09 08:01:03.574 I/InstrumentationBackend(10431): Added:'DeleteSurroundingText', with key:'delete_surrounding_text'
12-09 08:01:03.574 I/InstrumentationBackend(10431): Added:'SetComposingRegion', with key:'set_composing_region'
12-09 08:01:03.574 I/InstrumentationBackend(10431): Added:'SetSelection', with key:'set_selection'
12-09 08:01:03.575 I/InstrumentationBackend(10431): Added:'KeyboardKeyEvent', with key:'keyboard_key_event'
12-09 08:01:03.575 I/InstrumentationBackend(10431): Added:'PressUserActionButton', with key:'press_user_action_button'
12-09 08:01:03.576 I/InstrumentationBackend(10431): Added:'HideSoftKeyboard', with key:'hide_soft_keyboard'
12-09 08:01:03.576 I/InstrumentationBackend(10431): Added:'ListActions', with key:'list_actions'
12-09 08:01:03.576 I/calabash(10431): Instantiating http server at 7102
12-09 08:01:03.577 I/System.out(10431): HTTP Daemon listening on: 7102
12-09 08:01:03.679 I/System.out(10431): URI: //ping
12-09 08:01:03.679 I/System.out(10431): params: {json={}
12-09 08:01:03.679 I/System.out(10431): }
12-09 08:01:03.691 I/Choreographer( 1917): Skipped 39 frames!  The application may be doing too much work on its main thread.
12-09 08:01:03.723 W/OpenGLRenderer( 1917): Incorrectly called buildLayer on View: ShortcutAndWidgetContainer, destroying layer...
12-09 08:01:03.766 I/System.out(10431): URI: //ping
12-09 08:01:03.766 I/System.out(10431): params: {json={}
12-09 08:01:03.766 I/System.out(10431): }
12-09 08:01:03.918 I/System.out(10431): URI: //ready
12-09 08:01:03.919 I/System.out(10431): params: {json={}
12-09 08:01:03.919 I/System.out(10431): }
12-09 08:01:03.971 I/System.out(10431): URI: //
12-09 08:01:03.971 I/System.out(10431): params: {json={"command":"version","arguments":[]}
12-09 08:01:03.971 I/System.out(10431): }
12-09 08:01:03.971 I/System.out(10431): header: {date=Sun, 09 Dec 2018 08:01:04 GMT, accept=*/*, content-length=36, host=127.0.0.1:34777, user-agent=HTTPClient/1.0 (2.8.3, ruby 2.3.1 (2016-04-26)), content-type=application/json;charset=utf-8}
12-09 08:01:03.971 I/System.out(10431): params: {json={"command":"version","arguments":[]}
12-09 08:01:03.971 I/System.out(10431): }
12-09 08:01:03.971 I/System.out(10431): ProP json = {"command":"version","arguments":[]}
12-09 08:01:03.971 I/System.out(10431): files: {}
12-09 08:01:03.971 I/System.out(10431): command: {"command":"version","arguments":[]}
12-09 08:01:04.002 I/InstrumentationBackend(10431): Got command:'Command:'Line:null,version', arguments:'[]'
12-09 08:01:04.032 I/System.out(10431): result:{"bonusInformation":[],"message":"0.9.8","success":true}
12-09 08:01:04.137 W/WindowAnimator( 1591): Failed to dispatch window animation state change.
12-09 08:01:04.137 W/WindowAnimator( 1591): android.os.DeadObjectException
12-09 08:01:04.137 W/WindowAnimator( 1591): 	at android.os.BinderProxy.transactNative(Native Method)
12-09 08:01:04.137 W/WindowAnimator( 1591): 	at android.os.BinderProxy.transact(Binder.java:503)
12-09 08:01:04.137 W/WindowAnimator( 1591): 	at android.view.IWindow$Stub$Proxy.onAnimationStopped(IWindow.java:534)
12-09 08:01:04.137 W/WindowAnimator( 1591): 	at com.android.server.wm.WindowAnimator.updateWindowsLocked(WindowAnimator.java:286)
12-09 08:01:04.137 W/WindowAnimator( 1591): 	at com.android.server.wm.WindowAnimator.animateLocked(WindowAnimator.java:678)
12-09 08:01:04.137 W/WindowAnimator( 1591): 	at com.android.server.wm.WindowAnimator.-wrap0(WindowAnimator.java)
12-09 08:01:04.137 W/WindowAnimator( 1591): 	at com.android.server.wm.WindowAnimator$1.doFrame(WindowAnimator.java:123)
12-09 08:01:04.137 W/WindowAnimator( 1591): 	at android.view.Choreographer$CallbackRecord.run(Choreographer.java:856)
12-09 08:01:04.137 W/WindowAnimator( 1591): 	at android.view.Choreographer.doCallbacks(Choreographer.java:670)
12-09 08:01:04.137 W/WindowAnimator( 1591): 	at android.view.Choreographer.doFrame(Choreographer.java:603)
12-09 08:01:04.137 W/WindowAnimator( 1591): 	at android.view.Choreographer$FrameDisplayEventReceiver.run(Choreographer.java:844)
12-09 08:01:04.137 W/WindowAnimator( 1591): 	at android.os.Handler.handleCallback(Handler.java:739)
12-09 08:01:04.137 W/WindowAnimator( 1591): 	at android.os.Handler.dispatchMessage(Handler.java:95)
12-09 08:01:04.137 W/WindowAnimator( 1591): 	at android.os.Looper.loop(Looper.java:148)
12-09 08:01:04.137 W/WindowAnimator( 1591): 	at android.os.HandlerThread.run(HandlerThread.java:61)
12-09 08:01:04.137 W/WindowAnimator( 1591): 	at com.android.server.ServiceThread.run(ServiceThread.java:46)
12-09 08:01:04.159 I/art     (10431): Background partial concurrent mark sweep GC freed 31377(1698KB) AllocSpace objects, 12(240KB) LOS objects, 45% free, 1247KB/2MB, paused 1.064ms total 124.561ms
12-09 08:01:04.168 I/System.out(10431): URI: //start-application
12-09 08:01:04.168 I/System.out(10431): params: {json={"intent":null}
12-09 08:01:04.168 I/System.out(10431): }
12-09 08:01:04.241 I/art     (10431): Background sticky concurrent mark sweep GC freed 18376(865KB) AllocSpace objects, 1(20KB) LOS objects, 41% free, 1328KB/2MB, paused 12.593ms total 20.325ms
12-09 08:01:04.463 I/ActivityManager( 1591): START u0 {act=android.intent.action.MAIN cat=[android.intent.category.LAUNCHER] flg=0x10200000 cmp=com.evancharlton.mileage/.Mileage} from uid 10125 on display 0
12-09 08:01:04.727 I/calabash(10431): newActivity1
12-09 08:01:04.909 W/art     ( 1591): Long monitor contention event with owner method=int com.android.server.wm.WindowManagerService.relayoutWindow(com.android.server.wm.Session, android.view.IWindow, int, android.view.WindowManager$LayoutParams, int, int, int, int, android.graphics.Rect, android.graphics.Rect, android.graphics.Rect, android.graphics.Rect, android.graphics.Rect, android.graphics.Rect, android.content.res.Configuration, android.view.Surface) from WindowManagerService.java:3103 waiters=0 for 182ms
12-09 08:01:04.912 D/gralloc_ranchu( 1223): gralloc_alloc: Creating ashmem region of size 3686400
12-09 08:01:04.993 I/calabash(10431): newActivity1
12-09 08:01:04.999 W/ActivityManager( 1591): Bad activity token: android.os.BinderProxy@ee3f44c
12-09 08:01:04.999 W/ActivityManager( 1591): java.lang.ClassCastException: android.os.BinderProxy cannot be cast to com.android.server.am.ActivityRecord$Token
12-09 08:01:04.999 W/ActivityManager( 1591): 	at com.android.server.am.ActivityRecord.forTokenLocked(ActivityRecord.java:424)
12-09 08:01:04.999 W/ActivityManager( 1591): 	at com.android.server.am.ActivityRecord.isInStackLocked(ActivityRecord.java:1121)
12-09 08:01:04.999 W/ActivityManager( 1591): 	at com.android.server.am.ActivityRecord.getStackLocked(ActivityRecord.java:1126)
12-09 08:01:04.999 W/ActivityManager( 1591): 	at com.android.server.am.ActivityManagerService.getActivityDisplayId(ActivityManagerService.java:8889)
12-09 08:01:04.999 W/ActivityManager( 1591): 	at android.app.ActivityManagerNative.onTransact(ActivityManagerNative.java:2338)
12-09 08:01:04.999 W/ActivityManager( 1591): 	at com.android.server.am.ActivityManagerService.onTransact(ActivityManagerService.java:2443)
12-09 08:01:04.999 W/ActivityManager( 1591): 	at android.os.Binder.execTransact(Binder.java:453)
12-09 08:01:05.000 W/ActivityManager( 1591): Bad activity token: android.os.BinderProxy@ee3f44c
12-09 08:01:05.000 W/ActivityManager( 1591): java.lang.ClassCastException: android.os.BinderProxy cannot be cast to com.android.server.am.ActivityRecord$Token
12-09 08:01:05.000 W/ActivityManager( 1591): 	at com.android.server.am.ActivityRecord.forTokenLocked(ActivityRecord.java:424)
12-09 08:01:05.000 W/ActivityManager( 1591): 	at com.android.server.am.ActivityRecord.isInStackLocked(ActivityRecord.java:1121)
12-09 08:01:05.000 W/ActivityManager( 1591): 	at com.android.server.am.ActivityManagerService.setTaskDescription(ActivityManagerService.java:8547)
12-09 08:01:05.000 W/ActivityManager( 1591): 	at android.app.ActivityManagerNative.onTransact(ActivityManagerNative.java:2410)
12-09 08:01:05.000 W/ActivityManager( 1591): 	at com.android.server.am.ActivityManagerService.onTransact(ActivityManagerService.java:2443)
12-09 08:01:05.000 W/ActivityManager( 1591): 	at android.os.Binder.execTransact(Binder.java:453)
12-09 08:01:05.158 V/PhoneStatusBar( 1690): setLightsOn(true)
12-09 08:01:05.182 D/EGL_emulation( 1917): eglMakeCurrent: 0x7f8a842f4dc0: ver 2 0 (tinfo 0x7f8a842c2cc0)
12-09 08:01:05.193 E/Surface ( 1917): getSlotFromBufferLocked: unknown buffer: 0x7f8a808faae0
12-09 08:01:05.194 W/ActivityManager( 1591): Bad activity token: android.os.BinderProxy@ee3f44c
12-09 08:01:05.194 W/ActivityManager( 1591): java.lang.ClassCastException: android.os.BinderProxy cannot be cast to com.android.server.am.ActivityRecord$Token
12-09 08:01:05.194 W/ActivityManager( 1591): 	at com.android.server.am.ActivityRecord.forTokenLocked(ActivityRecord.java:424)
12-09 08:01:05.194 W/ActivityManager( 1591): 	at com.android.server.am.ActivityRecord.isInStackLocked(ActivityRecord.java:1121)
12-09 08:01:05.194 W/ActivityManager( 1591): 	at com.android.server.am.ActivityManagerService.getActivityOptions(ActivityManagerService.java:11038)
12-09 08:01:05.194 W/ActivityManager( 1591): 	at android.app.ActivityManagerNative.onTransact(ActivityManagerNative.java:1734)
12-09 08:01:05.194 W/ActivityManager( 1591): 	at com.android.server.am.ActivityManagerService.onTransact(ActivityManagerService.java:2443)
12-09 08:01:05.194 W/ActivityManager( 1591): 	at android.os.Binder.execTransact(Binder.java:453)
12-09 08:01:05.206 W/ActivityManager( 1591): Bad activity token: android.os.BinderProxy@ee3f44c
12-09 08:01:05.206 W/ActivityManager( 1591): java.lang.ClassCastException: android.os.BinderProxy cannot be cast to com.android.server.am.ActivityRecord$Token
12-09 08:01:05.206 W/ActivityManager( 1591): 	at com.android.server.am.ActivityRecord.forTokenLocked(ActivityRecord.java:424)
12-09 08:01:05.206 W/ActivityManager( 1591): 	at com.android.server.am.ActivityRecord.isInStackLocked(ActivityRecord.java:1121)
12-09 08:01:05.206 W/ActivityManager( 1591): 	at com.android.server.am.ActivityManagerService.getActivityOptions(ActivityManagerService.java:11038)
12-09 08:01:05.206 W/ActivityManager( 1591): 	at android.app.ActivityManagerNative.onTransact(ActivityManagerNative.java:1734)
12-09 08:01:05.206 W/ActivityManager( 1591): 	at com.android.server.am.ActivityManagerService.onTransact(ActivityManagerService.java:2443)
12-09 08:01:05.206 W/ActivityManager( 1591): 	at android.os.Binder.execTransact(Binder.java:453)
12-09 08:01:05.277 I/art     (10431): Background sticky concurrent mark sweep GC freed 1848(310KB) AllocSpace objects, 0(0B) LOS objects, 17% free, 1872KB/2MB, paused 938us total 105.499ms
12-09 08:01:05.735 D/gralloc_ranchu( 1223): gralloc_alloc: Creating ashmem region of size 3686400
12-09 08:01:06.159 D/        (10431): HostConnection::get() New Host Connection established 0x7f8a822461a0, tid 10431
12-09 08:01:06.242 I/ActivityManager( 1591): Displayed com.evancharlton.mileage/.Mileage: +1s529ms
12-09 08:01:06.336 W/art     (10431): Suspending all threads took: 14.091ms
12-09 08:01:06.368 D/gralloc_ranchu( 1223): gralloc_alloc: Creating ashmem region of size 3686400
12-09 08:01:06.390 I/art     (10431): Background partial concurrent mark sweep GC freed 2091(193KB) AllocSpace objects, 2(40KB) LOS objects, 40% free, 1896KB/3MB, paused 46.521ms total 78.197ms
12-09 08:01:06.851 D/gralloc_ranchu( 1223): gralloc_alloc: Creating ashmem region of size 3686400
12-09 08:01:07.226 I/System.out(10431): URI: //gesture
12-09 08:01:07.229 I/System.out(10431): params: {json={"query_timeout":5.0,"gestures":[{"query_string":"android.widget.TabWidget descendant TextView index:1","touches":[{"x":50,"y":50,"offset_x":0,"offset_y":0,"wait":0.0,"time":0.2,"release":true,"query_string":null}]}]}
12-09 08:01:07.229 I/System.out(10431): }
12-09 08:01:07.310 W/art     (10431): Suspending all threads took: 7.050ms
12-09 08:01:07.346 I/art     (10431): Background sticky concurrent mark sweep GC freed 28907(1287KB) AllocSpace objects, 2(40KB) LOS objects, 28% free, 2MB/3MB, paused 12.179ms total 104.301ms
12-09 08:01:08.345 W/SurfaceFlinger( 1223): Timed out waiting for hw vsync; faking it
12-09 08:01:09.334 I/calabash(10431): newActivity1
12-09 08:01:09.346 W/ActivityManager( 1591): Bad activity token: android.os.BinderProxy@c2f6d49
12-09 08:01:09.346 W/ActivityManager( 1591): java.lang.ClassCastException: android.os.BinderProxy cannot be cast to com.android.server.am.ActivityRecord$Token
12-09 08:01:09.346 W/ActivityManager( 1591): 	at com.android.server.am.ActivityRecord.forTokenLocked(ActivityRecord.java:424)
12-09 08:01:09.346 W/ActivityManager( 1591): 	at com.android.server.am.ActivityRecord.isInStackLocked(ActivityRecord.java:1121)
12-09 08:01:09.346 W/ActivityManager( 1591): 	at com.android.server.am.ActivityRecord.getStackLocked(ActivityRecord.java:1126)
12-09 08:01:09.346 W/ActivityManager( 1591): 	at com.android.server.am.ActivityManagerService.getActivityDisplayId(ActivityManagerService.java:8889)
12-09 08:01:09.346 W/ActivityManager( 1591): 	at android.app.ActivityManagerNative.onTransact(ActivityManagerNative.java:2338)
12-09 08:01:09.346 W/ActivityManager( 1591): 	at com.android.server.am.ActivityManagerService.onTransact(ActivityManagerService.java:2443)
12-09 08:01:09.346 W/ActivityManager( 1591): 	at android.os.Binder.execTransact(Binder.java:453)
12-09 08:01:09.347 W/ActivityManager( 1591): Bad activity token: android.os.BinderProxy@c2f6d49
12-09 08:01:09.347 W/ActivityManager( 1591): java.lang.ClassCastException: android.os.BinderProxy cannot be cast to com.android.server.am.ActivityRecord$Token
12-09 08:01:09.347 W/ActivityManager( 1591): 	at com.android.server.am.ActivityRecord.forTokenLocked(ActivityRecord.java:424)
12-09 08:01:09.347 W/ActivityManager( 1591): 	at com.android.server.am.ActivityRecord.isInStackLocked(ActivityRecord.java:1121)
12-09 08:01:09.347 W/ActivityManager( 1591): 	at com.android.server.am.ActivityManagerService.setTaskDescription(ActivityManagerService.java:8547)
12-09 08:01:09.347 W/ActivityManager( 1591): 	at android.app.ActivityManagerNative.onTransact(ActivityManagerNative.java:2410)
12-09 08:01:09.347 W/ActivityManager( 1591): 	at com.android.server.am.ActivityManagerService.onTransact(ActivityManagerService.java:2443)
12-09 08:01:09.347 W/ActivityManager( 1591): 	at android.os.Binder.execTransact(Binder.java:453)
12-09 08:01:09.377 W/audio_hw_generic( 1307): Hardware backing HAL too slow, could only write 0 of 661 frames
12-09 08:01:09.392 W/audio_hw_generic( 1307): Hardware backing HAL too slow, could only write 0 of 661 frames
12-09 08:01:09.553 W/ActivityManager( 1591): Bad activity token: android.os.BinderProxy@c2f6d49
12-09 08:01:09.553 W/ActivityManager( 1591): java.lang.ClassCastException: android.os.BinderProxy cannot be cast to com.android.server.am.ActivityRecord$Token
12-09 08:01:09.553 W/ActivityManager( 1591): 	at com.android.server.am.ActivityRecord.forTokenLocked(ActivityRecord.java:424)
12-09 08:01:09.553 W/ActivityManager( 1591): 	at com.android.server.am.ActivityRecord.isInStackLocked(ActivityRecord.java:1121)
12-09 08:01:09.553 W/ActivityManager( 1591): 	at com.android.server.am.ActivityManagerService.getActivityOptions(ActivityManagerService.java:11038)
12-09 08:01:09.553 W/ActivityManager( 1591): 	at android.app.ActivityManagerNative.onTransact(ActivityManagerNative.java:1734)
12-09 08:01:09.553 W/ActivityManager( 1591): 	at com.android.server.am.ActivityManagerService.onTransact(ActivityManagerService.java:2443)
12-09 08:01:09.553 W/ActivityManager( 1591): 	at android.os.Binder.execTransact(Binder.java:453)
12-09 08:01:09.573 W/ActivityManager( 1591): Bad activity token: android.os.BinderProxy@c2f6d49
12-09 08:01:09.573 W/ActivityManager( 1591): java.lang.ClassCastException: android.os.BinderProxy cannot be cast to com.android.server.am.ActivityRecord$Token
12-09 08:01:09.573 W/ActivityManager( 1591): 	at com.android.server.am.ActivityRecord.forTokenLocked(ActivityRecord.java:424)
12-09 08:01:09.573 W/ActivityManager( 1591): 	at com.android.server.am.ActivityRecord.isInStackLocked(ActivityRecord.java:1121)
12-09 08:01:09.573 W/ActivityManager( 1591): 	at com.android.server.am.ActivityManagerService.getActivityOptions(ActivityManagerService.java:11038)
12-09 08:01:09.573 W/ActivityManager( 1591): 	at android.app.ActivityManagerNative.onTransact(ActivityManagerNative.java:1734)
12-09 08:01:09.573 W/ActivityManager( 1591): 	at com.android.server.am.ActivityManagerService.onTransact(ActivityManagerService.java:2443)
12-09 08:01:09.573 W/ActivityManager( 1591): 	at android.os.Binder.execTransact(Binder.java:453)
12-09 08:01:09.602 I/art     (10431): Background sticky concurrent mark sweep GC freed 32020(1536KB) AllocSpace objects, 0(0B) LOS objects, 21% free, 2MB/3MB, paused 12.525ms total 201.287ms
12-09 08:01:09.758 W/audio_hw_generic( 1307): Not supplying enough data to HAL, expected position 18592978 , only wrote 18591286
12-09 08:01:09.758 W/audio_hw_generic( 1307): Not supplying enough data to HAL, expected position 18591292 , only wrote 18591286
12-09 08:01:09.770 D/Mileage (10431): Not enough fillups to calculate economy
12-09 08:01:09.778 W/audio_hw_generic( 1307): Not supplying enough data to HAL, expected position 18592167 , only wrote 18591947
12-09 08:01:09.778 W/audio_hw_generic( 1307): Hardware backing HAL too slow, could only write 0 of 661 frames
12-09 08:01:09.792 W/audio_hw_generic( 1307): Hardware backing HAL too slow, could only write 0 of 661 frames
12-09 08:01:09.808 W/audio_hw_generic( 1307): Hardware backing HAL too slow, could only write 0 of 661 frames
12-09 08:01:09.833 W/audio_hw_generic( 1307): Hardware backing HAL too slow, could only write 0 of 661 frames
12-09 08:01:09.857 W/audio_hw_generic( 1307): Hardware backing HAL too slow, could only write 0 of 661 frames
12-09 08:01:09.858 W/audio_hw_generic( 1307): Hardware backing HAL too slow, could only write 0 of 661 frames
12-09 08:01:09.938 W/audio_hw_generic( 1307): Not supplying enough data to HAL, expected position 18599011 , only wrote 18598557
12-09 08:01:09.938 W/audio_hw_generic( 1307): Not supplying enough data to HAL, expected position 18598563 , only wrote 18598557
12-09 08:01:09.979 W/audio_hw_generic( 1307): Not supplying enough data to HAL, expected position 18600343 , only wrote 18599218
12-09 08:01:10.012 W/audio_hw_generic( 1307): Not supplying enough data to HAL, expected position 18600694 , only wrote 18600540
12-09 08:01:10.012 W/audio_hw_generic( 1307): Hardware backing HAL too slow, could only write 0 of 661 frames
12-09 08:01:10.012 W/audio_hw_generic( 1307): Hardware backing HAL too slow, could only write 0 of 661 frames
12-09 08:01:10.060 W/audio_hw_generic( 1307): Hardware backing HAL too slow, could only write 0 of 661 frames
12-09 08:01:10.064 W/audio_hw_generic( 1307): Hardware backing HAL too slow, could only write 0 of 661 frames
12-09 08:01:10.185 E/SurfaceFlinger( 1223): ro.sf.lcd_density must be defined as a build property
12-09 08:01:10.201 W/audio_hw_generic( 1307): Hardware backing HAL too slow, could only write 0 of 661 frames
12-09 08:01:10.242 D/gralloc_ranchu( 1223): gralloc_alloc: Creating ashmem region of size 3686400
12-09 08:01:10.273 D/        (10459): HostConnection::get() New Host Connection established 0x7f0a36392480, tid 10459
12-09 08:01:10.290 E/EGL_emulation( 1223): tid 1223: eglCreateSyncKHR(1881): error 0x3004 (EGL_BAD_ATTRIBUTE)
12-09 08:01:10.393 W/audio_hw_generic( 1307): Hardware backing HAL too slow, could only write 0 of 661 frames
12-09 08:01:10.597 W/audio_hw_generic( 1307): Not supplying enough data to HAL, expected position 18626353 , only wrote 18623014
12-09 08:01:10.598 W/audio_hw_generic( 1307): Not supplying enough data to HAL, expected position 18623021 , only wrote 18623014
12-09 08:01:10.701 W/audio_hw_generic( 1307): Not supplying enough data to HAL, expected position 18627558 , only wrote 18623675
12-09 08:01:11.068 W/audio_hw_generic( 1307): Not supplying enough data to HAL, expected position 18639865 , only wrote 18636895
12-09 08:01:11.145 W/audio_hw_generic( 1307): Hardware backing HAL too slow, could only write 0 of 661 frames
12-09 08:01:11.146 W/audio_hw_generic( 1307): Hardware backing HAL too slow, could only write 0 of 661 frames
12-09 08:01:11.254 W/audio_hw_generic( 1307): Hardware backing HAL too slow, could only write 0 of 661 frames
12-09 08:01:11.271 W/audio_hw_generic( 1307): Hardware backing HAL too slow, could only write 0 of 661 frames
12-09 08:01:11.282 W/audio_hw_generic( 1307): Hardware backing HAL too slow, could only write 0 of 661 frames
12-09 08:01:11.354 W/audio_hw_generic( 1307): Not supplying enough data to HAL, expected position 18649530 , only wrote 18647471
12-09 08:01:11.354 W/audio_hw_generic( 1307): Not supplying enough data to HAL, expected position 18647477 , only wrote 18647471
12-09 08:01:11.370 I/System.out(10431): URI: //gesture
12-09 08:01:11.370 I/System.out(10431): params: {json={"query_timeout":5.0,"gestures":[{"query_string":"android.widget.TabWidget descendant TextView index:3","touches":[{"x":50,"y":50,"offset_x":0,"offset_y":0,"wait":0.0,"time":0.2,"release":true,"query_string":null}]}]}
12-09 08:01:11.370 I/System.out(10431): }
12-09 08:01:11.400 W/audio_hw_generic( 1307): Not supplying enough data to HAL, expected position 18649474 , only wrote 18648132
12-09 08:01:11.510 I/art     (10431): Background partial concurrent mark sweep GC freed 19248(916KB) AllocSpace objects, 4(80KB) LOS objects, 39% free, 2MB/3MB, paused 1.031ms total 137.206ms
12-09 08:01:11.511 W/CursorWrapperInner(10431): Cursor finalized without prior close()
12-09 08:01:11.722 W/audio_hw_generic( 1307): Not supplying enough data to HAL, expected position 18662317 , only wrote 18658047
12-09 08:01:11.737 W/audio_hw_generic( 1307): Not supplying enough data to HAL, expected position 18658739 , only wrote 18658047
12-09 08:01:11.771 I/calabash(10431): newActivity1
12-09 08:01:11.772 W/ActivityManager( 1591): Bad activity token: android.os.BinderProxy@99d295a
12-09 08:01:11.772 W/ActivityManager( 1591): java.lang.ClassCastException: android.os.BinderProxy cannot be cast to com.android.server.am.ActivityRecord$Token
12-09 08:01:11.772 W/ActivityManager( 1591): 	at com.android.server.am.ActivityRecord.forTokenLocked(ActivityRecord.java:424)
12-09 08:01:11.772 W/ActivityManager( 1591): 	at com.android.server.am.ActivityRecord.isInStackLocked(ActivityRecord.java:1121)
12-09 08:01:11.772 W/ActivityManager( 1591): 	at com.android.server.am.ActivityRecord.getStackLocked(ActivityRecord.java:1126)
12-09 08:01:11.772 W/ActivityManager( 1591): 	at com.android.server.am.ActivityManagerService.getActivityDisplayId(ActivityManagerService.java:8889)
12-09 08:01:11.772 W/ActivityManager( 1591): 	at android.app.ActivityManagerNative.onTransact(ActivityManagerNative.java:2338)
12-09 08:01:11.772 W/ActivityManager( 1591): 	at com.android.server.am.ActivityManagerService.onTransact(ActivityManagerService.java:2443)
12-09 08:01:11.772 W/ActivityManager( 1591): 	at android.os.Binder.execTransact(Binder.java:453)
12-09 08:01:11.772 W/ActivityManager( 1591): Bad activity token: android.os.BinderProxy@99d295a
12-09 08:01:11.772 W/ActivityManager( 1591): java.lang.ClassCastException: android.os.BinderProxy cannot be cast to com.android.server.am.ActivityRecord$Token
12-09 08:01:11.772 W/ActivityManager( 1591): 	at com.android.server.am.ActivityRecord.forTokenLocked(ActivityRecord.java:424)
12-09 08:01:11.772 W/ActivityManager( 1591): 	at com.android.server.am.ActivityRecord.isInStackLocked(ActivityRecord.java:1121)
12-09 08:01:11.772 W/ActivityManager( 1591): 	at com.android.server.am.ActivityManagerService.setTaskDescription(ActivityManagerService.java:8547)
12-09 08:01:11.772 W/ActivityManager( 1591): 	at android.app.ActivityManagerNative.onTransact(ActivityManagerNative.java:2410)
12-09 08:01:11.772 W/ActivityManager( 1591): 	at com.android.server.am.ActivityManagerService.onTransact(ActivityManagerService.java:2443)
12-09 08:01:11.772 W/ActivityManager( 1591): 	at android.os.Binder.execTransact(Binder.java:453)
12-09 08:01:11.777 W/ActivityManager( 1591): Bad activity token: android.os.BinderProxy@99d295a
12-09 08:01:11.777 W/ActivityManager( 1591): java.lang.ClassCastException: android.os.BinderProxy cannot be cast to com.android.server.am.ActivityRecord$Token
12-09 08:01:11.777 W/ActivityManager( 1591): 	at com.android.server.am.ActivityRecord.forTokenLocked(ActivityRecord.java:424)
12-09 08:01:11.777 W/ActivityManager( 1591): 	at com.android.server.am.ActivityRecord.isInStackLocked(ActivityRecord.java:1121)
12-09 08:01:11.777 W/ActivityManager( 1591): 	at com.android.server.am.ActivityManagerService.getActivityOptions(ActivityManagerService.java:11038)
12-09 08:01:11.777 W/ActivityManager( 1591): 	at android.app.ActivityManagerNative.onTransact(ActivityManagerNative.java:1734)
12-09 08:01:11.777 W/ActivityManager( 1591): 	at com.android.server.am.ActivityManagerService.onTransact(ActivityManagerService.java:2443)
12-09 08:01:11.777 W/ActivityManager( 1591): 	at android.os.Binder.execTransact(Binder.java:453)
12-09 08:01:11.777 W/ActivityManager( 1591): Bad activity token: android.os.BinderProxy@99d295a
12-09 08:01:11.777 W/ActivityManager( 1591): java.lang.ClassCastException: android.os.BinderProxy cannot be cast to com.android.server.am.ActivityRecord$Token
12-09 08:01:11.777 W/ActivityManager( 1591): 	at com.android.server.am.ActivityRecord.forTokenLocked(ActivityRecord.java:424)
12-09 08:01:11.777 W/ActivityManager( 1591): 	at com.android.server.am.ActivityRecord.isInStackLocked(ActivityRecord.java:1121)
12-09 08:01:11.777 W/ActivityManager( 1591): 	at com.android.server.am.ActivityManagerService.getActivityOptions(ActivityManagerService.java:11038)
12-09 08:01:11.777 W/ActivityManager( 1591): 	at android.app.ActivityManagerNative.onTransact(ActivityManagerNative.java:1734)
12-09 08:01:11.777 W/ActivityManager( 1591): 	at com.android.server.am.ActivityManagerService.onTransact(ActivityManagerService.java:2443)
12-09 08:01:11.777 W/ActivityManager( 1591): 	at android.os.Binder.execTransact(Binder.java:453)
12-09 08:01:11.801 W/audio_hw_generic( 1307): Not supplying enough data to HAL, expected position 18660845 , only wrote 18660030
12-09 08:01:11.817 W/audio_hw_generic( 1307): Not supplying enough data to HAL, expected position 18660750 , only wrote 18660691
12-09 08:01:11.948 D/AudioFlinger( 1307): mixer(0xf4300000) throttle end: throttle time(22)
12-09 08:01:11.954 W/audio_hw_generic( 1307): Hardware backing HAL too slow, could only write 0 of 661 frames
12-09 08:01:11.965 W/audio_hw_generic( 1307): Hardware backing HAL too slow, could only write 0 of 661 frames
12-09 08:01:12.217 E/SurfaceFlinger( 1223): ro.sf.lcd_density must be defined as a build property
12-09 08:01:12.230 D/gralloc_ranchu( 1223): gralloc_alloc: Creating ashmem region of size 3686400
12-09 08:01:12.259 D/        (10464): HostConnection::get() New Host Connection established 0x7f33d25d2480, tid 10464
12-09 08:01:12.309 W/audio_hw_generic( 1307): Not supplying enough data to HAL, expected position 18682378 , only wrote 18679860
12-09 08:01:12.314 W/audio_hw_generic( 1307): Not supplying enough data to HAL, expected position 18680080 , only wrote 18679860
12-09 08:01:12.328 E/EGL_emulation( 1223): tid 1223: eglCreateSyncKHR(1881): error 0x3004 (EGL_BAD_ATTRIBUTE)
12-09 08:01:12.329 W/audio_hw_generic( 1307): Not supplying enough data to HAL, expected position 18680522 , only wrote 18680521
12-09 08:01:12.410 W/audio_hw_generic( 1307): Hardware backing HAL too slow, could only write 0 of 661 frames
12-09 08:01:12.429 W/audio_hw_generic( 1307): Hardware backing HAL too slow, could only write 0 of 661 frames
12-09 08:01:12.456 W/audio_hw_generic( 1307): Hardware backing HAL too slow, could only write 0 of 661 frames
12-09 08:01:12.474 W/audio_hw_generic( 1307): Hardware backing HAL too slow, could only write 0 of 661 frames
12-09 08:01:12.489 W/audio_hw_generic( 1307): Hardware backing HAL too slow, could only write 0 of 661 frames
12-09 08:01:12.524 W/audio_hw_generic( 1307): Hardware backing HAL too slow, could only write 0 of 661 frames
12-09 08:01:12.524 W/audio_hw_generic( 1307): Not supplying enough data to HAL, expected position 18689141 , only wrote 18689114
12-09 08:01:12.524 W/audio_hw_generic( 1307): Not supplying enough data to HAL, expected position 18689119 , only wrote 18689114
12-09 08:01:12.540 W/audio_hw_generic( 1307): Not supplying enough data to HAL, expected position 18689808 , only wrote 18689775
12-09 08:01:12.891 W/audio_hw_generic( 1307): Not supplying enough data to HAL, expected position 18705235 , only wrote 18704978
12-09 08:01:13.153 W/audio_hw_generic( 1307): Not supplying enough data to HAL, expected position 18716553 , only wrote 18712249
12-09 08:01:13.167 W/audio_hw_generic( 1307): Not supplying enough data to HAL, expected position 18712840 , only wrote 18712249
12-09 08:01:13.219 I/System.out(10431): URI: //gesture
12-09 08:01:13.220 I/System.out(10431): params: {json={"query_timeout":5.0,"gestures":[{"query_string":"android.widget.TabWidget descendant TextView index:2","touches":[{"x":50,"y":50,"offset_x":0,"offset_y":0,"wait":0.0,"time":0.2,"release":true,"query_string":null}]}]}
12-09 08:01:13.220 I/System.out(10431): }
12-09 08:01:13.240 W/audio_hw_generic( 1307): Not supplying enough data to HAL, expected position 18715489 , only wrote 18712910
12-09 08:01:13.379 W/audio_hw_generic( 1307): Not supplying enough data to HAL, expected position 18719047 , only wrote 18716215
12-09 08:01:13.379 W/audio_hw_generic( 1307): Not supplying enough data to HAL, expected position 18716221 , only wrote 18716215
12-09 08:01:13.402 W/audio_hw_generic( 1307): Not supplying enough data to HAL, expected position 18717201 , only wrote 18716876
12-09 08:01:13.442 W/audio_hw_generic( 1307): Not supplying enough data to HAL, expected position 18718635 , only wrote 18718198
12-09 08:01:13.478 W/audio_hw_generic( 1307): Not supplying enough data to HAL, expected position 18719789 , only wrote 18719520
12-09 08:01:13.493 W/audio_hw_generic( 1307): Hardware backing HAL too slow, could only write 0 of 661 frames
12-09 08:01:13.518 W/audio_hw_generic( 1307): Hardware backing HAL too slow, could only write 0 of 661 frames
12-09 08:01:13.526 W/audio_hw_generic( 1307): Hardware backing HAL too slow, could only write 0 of 661 frames
12-09 08:01:13.708 W/audio_hw_generic( 1307): Not supplying enough data to HAL, expected position 18729685 , only wrote 18728774
12-09 08:01:13.708 W/audio_hw_generic( 1307): Not supplying enough data to HAL, expected position 18728780 , only wrote 18728774
12-09 08:01:13.752 I/calabash(10431): newActivity1
12-09 08:01:13.800 W/ActivityManager( 1591): Bad activity token: android.os.BinderProxy@20378b
12-09 08:01:13.800 W/ActivityManager( 1591): java.lang.ClassCastException: android.os.BinderProxy cannot be cast to com.android.server.am.ActivityRecord$Token
12-09 08:01:13.800 W/ActivityManager( 1591): 	at com.android.server.am.ActivityRecord.forTokenLocked(ActivityRecord.java:424)
12-09 08:01:13.800 W/ActivityManager( 1591): 	at com.android.server.am.ActivityRecord.isInStackLocked(ActivityRecord.java:1121)
12-09 08:01:13.800 W/ActivityManager( 1591): 	at com.android.server.am.ActivityRecord.getStackLocked(ActivityRecord.java:1126)
12-09 08:01:13.800 W/ActivityManager( 1591): 	at com.android.server.am.ActivityManagerService.getActivityDisplayId(ActivityManagerService.java:8889)
12-09 08:01:13.800 W/ActivityManager( 1591): 	at android.app.ActivityManagerNative.onTransact(ActivityManagerNative.java:2338)
12-09 08:01:13.800 W/ActivityManager( 1591): 	at com.android.server.am.ActivityManagerService.onTransact(ActivityManagerService.java:2443)
12-09 08:01:13.800 W/ActivityManager( 1591): 	at android.os.Binder.execTransact(Binder.java:453)
12-09 08:01:13.801 W/ActivityManager( 1591): Bad activity token: android.os.BinderProxy@20378b
12-09 08:01:13.801 W/ActivityManager( 1591): java.lang.ClassCastException: android.os.BinderProxy cannot be cast to com.android.server.am.ActivityRecord$Token
12-09 08:01:13.801 W/ActivityManager( 1591): 	at com.android.server.am.ActivityRecord.forTokenLocked(ActivityRecord.java:424)
12-09 08:01:13.801 W/ActivityManager( 1591): 	at com.android.server.am.ActivityRecord.isInStackLocked(ActivityRecord.java:1121)
12-09 08:01:13.801 W/ActivityManager( 1591): 	at com.android.server.am.ActivityManagerService.setTaskDescription(ActivityManagerService.java:8547)
12-09 08:01:13.801 W/ActivityManager( 1591): 	at android.app.ActivityManagerNative.onTransact(ActivityManagerNative.java:2410)
12-09 08:01:13.801 W/ActivityManager( 1591): 	at com.android.server.am.ActivityManagerService.onTransact(ActivityManagerService.java:2443)
12-09 08:01:13.801 W/ActivityManager( 1591): 	at android.os.Binder.execTransact(Binder.java:453)
12-09 08:01:13.805 D/AudioFlinger( 1307): mixer(0xf4300000) throttle end: throttle time(11)
12-09 08:01:13.913 W/audio_hw_generic( 1307): Not supplying enough data to HAL, expected position 18737804 , only wrote 18735384
12-09 08:01:13.929 W/audio_hw_generic( 1307): Not supplying enough data to HAL, expected position 18736093 , only wrote 18735384
12-09 08:01:13.960 W/art     (10431): Suspending all threads took: 6.850ms
12-09 08:01:13.968 D/VehicleStatisticsActivity(10431): Checking recalculation ...
12-09 08:01:13.969 D/VehicleStatisticsActivity(10431): Recalculating statistics
12-09 08:01:13.970 D/VehicleStatisticsTask(10431): Calculation starting...
12-09 08:01:13.974 W/audio_hw_generic( 1307): Not supplying enough data to HAL, expected position 18737335 , only wrote 18736706
12-09 08:01:13.974 D/VehicleStatisticsActivity(10431): Recalculation started!
12-09 08:01:13.998 W/ActivityManager( 1591): Bad activity token: android.os.BinderProxy@20378b
12-09 08:01:13.998 W/ActivityManager( 1591): java.lang.ClassCastException: android.os.BinderProxy cannot be cast to com.android.server.am.ActivityRecord$Token
12-09 08:01:13.998 W/ActivityManager( 1591): 	at com.android.server.am.ActivityRecord.forTokenLocked(ActivityRecord.java:424)
12-09 08:01:13.998 W/ActivityManager( 1591): 	at com.android.server.am.ActivityRecord.isInStackLocked(ActivityRecord.java:1121)
12-09 08:01:13.998 W/ActivityManager( 1591): 	at com.android.server.am.ActivityManagerService.getActivityOptions(ActivityManagerService.java:11038)
12-09 08:01:13.998 W/ActivityManager( 1591): 	at android.app.ActivityManagerNative.onTransact(ActivityManagerNative.java:1734)
12-09 08:01:13.998 W/ActivityManager( 1591): 	at com.android.server.am.ActivityManagerService.onTransact(ActivityManagerService.java:2443)
12-09 08:01:13.998 W/ActivityManager( 1591): 	at android.os.Binder.execTransact(Binder.java:453)
12-09 08:01:13.999 W/ActivityManager( 1591): Bad activity token: android.os.BinderProxy@20378b
12-09 08:01:13.999 W/ActivityManager( 1591): java.lang.ClassCastException: android.os.BinderProxy cannot be cast to com.android.server.am.ActivityRecord$Token
12-09 08:01:13.999 W/ActivityManager( 1591): 	at com.android.server.am.ActivityRecord.forTokenLocked(ActivityRecord.java:424)
12-09 08:01:13.999 W/ActivityManager( 1591): 	at com.android.server.am.ActivityRecord.isInStackLocked(ActivityRecord.java:1121)
12-09 08:01:13.999 W/ActivityManager( 1591): 	at com.android.server.am.ActivityManagerService.getActivityOptions(ActivityManagerService.java:11038)
12-09 08:01:13.999 W/ActivityManager( 1591): 	at android.app.ActivityManagerNative.onTransact(ActivityManagerNative.java:1734)
12-09 08:01:13.999 W/ActivityManager( 1591): 	at com.android.server.am.ActivityManagerService.onTransact(ActivityManagerService.java:2443)
12-09 08:01:13.999 W/ActivityManager( 1591): 	at android.os.Binder.execTransact(Binder.java:453)
12-09 08:01:14.000 D/VehicleStatisticsActivity(10431): Checking recalculation ...
12-09 08:01:14.001 D/VehicleStatisticsActivity(10431): Recalculating statistics
12-09 08:01:14.001 D/VehicleStatisticsTask(10431): Calculation starting...
12-09 08:01:14.001 D/VehicleStatisticsActivity(10431): Recalculation started!
12-09 08:01:14.056 D/VehicleStatisticsTask(10431): Not enough fillups to calculate statistics
12-09 08:01:14.060 I/art     (10431): Background sticky concurrent mark sweep GC freed 59167(2MB) AllocSpace objects, 2(40KB) LOS objects, 20% free, 3MB/3MB, paused 8.064ms total 298.138ms
12-09 08:01:14.080 D/VehicleStatisticsTask(10431): Not enough fillups to calculate statistics
12-09 08:01:14.181 D/VehicleStatisticsTask(10431): Done recalculating!
12-09 08:01:14.234 D/VehicleStatisticsTask(10431): Done recalculating!
12-09 08:01:14.235 D/Mileage.ABS(10431): Finished backup
12-09 08:01:14.252 D/VehicleStatisticsAdapter(10431): Erasing the cache ...
12-09 08:01:14.261 D/Mileage.ABS(10431): Not backing up; 70
12-09 08:01:14.264 D/VehicleStatisticsAdapter(10431): Building new values ...
12-09 08:01:14.300 D/VehicleStatisticsAdapter(10431): Erasing the cache ...
12-09 08:01:14.301 D/VehicleStatisticsAdapter(10431): Writing 29 records to the database ...
12-09 08:01:14.308 D/VehicleStatisticsAdapter(10431): Building new values ...
12-09 08:01:14.308 D/VehicleStatisticsAdapter(10431): Writing 29 records to the database ...
12-09 08:01:14.322 W/audio_hw_generic( 1307): Not supplying enough data to HAL, expected position 18752061 , only wrote 18751909
12-09 08:01:14.358 W/audio_hw_generic( 1307): Hardware backing HAL too slow, could only write 0 of 661 frames
12-09 08:01:14.550 D/Mileage.ABS(10431): Not backing up; 359
12-09 08:01:14.550 D/Mileage.ABS(10431): Not backing up; 359
12-09 08:01:14.643 D/Mileage.ABS(10431): Not backing up; 452
12-09 08:01:14.664 D/Mileage.ABS(10431): Not backing up; 473
12-09 08:01:14.664 D/Mileage.ABS(10431): Not backing up; 473
12-09 08:01:14.664 D/Mileage.ABS(10431): Not backing up; 473
12-09 08:01:14.664 D/Mileage.ABS(10431): Not backing up; 473
12-09 08:01:14.668 W/audio_hw_generic( 1307): Not supplying enough data to HAL, expected position 18767158 , only wrote 18767112
12-09 08:01:14.668 W/audio_hw_generic( 1307): Not supplying enough data to HAL, expected position 18767118 , only wrote 18767112
12-09 08:01:14.682 D/Mileage.ABS(10431): Not backing up; 474
12-09 08:01:14.682 D/Mileage.ABS(10431): Not backing up; 491
12-09 08:01:14.683 D/Mileage.ABS(10431): Not backing up; 491
12-09 08:01:14.683 D/Mileage.ABS(10431): Not backing up; 492
12-09 08:01:14.689 W/audio_hw_generic( 1307): Not supplying enough data to HAL, expected position 18768058 , only wrote 18767773
12-09 08:01:14.703 E/SurfaceFlinger( 1223): ro.sf.lcd_density must be defined as a build property
12-09 08:01:14.733 D/gralloc_ranchu( 1223): gralloc_alloc: Creating ashmem region of size 3686400
12-09 08:01:14.738 D/Mileage.ABS(10431): Not backing up; 546
12-09 08:01:14.808 D/        (10473): HostConnection::get() New Host Connection established 0x7f93a0292480, tid 10473
12-09 08:01:14.853 E/EGL_emulation( 1223): tid 1223: eglCreateSyncKHR(1881): error 0x3004 (EGL_BAD_ATTRIBUTE)
