12-09 08:05:11.494 W/audio_hw_generic( 1309): Not supplying enough data to HAL, expected position 20819531 , only wrote 20819517
12-09 08:05:11.494 W/audio_hw_generic( 1309): Not supplying enough data to HAL, expected position 20819524 , only wrote 20819517
12-09 08:05:11.513 W/audio_hw_generic( 1309): Not supplying enough data to HAL, expected position 20820339 , only wrote 20820178
12-09 08:05:11.638 D/VehicleStatisticsTask(11747): Done recalculating!
12-09 08:05:11.639 D/VehicleStatisticsTask(11747): Done recalculating!
12-09 08:05:11.639 D/VehicleStatisticsAdapter(11747): Erasing the cache ...
12-09 08:05:11.649 D/VehicleStatisticsAdapter(11747): Erasing the cache ...
12-09 08:05:11.658 D/VehicleStatisticsAdapter(11747): Building new values ...
12-09 08:05:11.659 D/VehicleStatisticsAdapter(11747): Writing 29 records to the database ...
12-09 08:05:11.674 D/Mileage.ABS(11747): Finished backup
12-09 08:05:11.676 D/VehicleStatisticsAdapter(11747): Building new values ...
12-09 08:05:11.676 D/VehicleStatisticsAdapter(11747): Writing 29 records to the database ...
12-09 08:05:11.686 D/Mileage.ABS(11747): Not backing up; 15
12-09 08:05:11.788 E/SurfaceFlinger( 1224): ro.sf.lcd_density must be defined as a build property
12-09 08:05:11.789 D/gralloc_ranchu( 1224): gralloc_alloc: Creating ashmem region of size 3686400
12-09 08:05:11.794 D/Mileage.ABS(11747): Not backing up; 123
12-09 08:05:11.795 D/Mileage.ABS(11747): Not backing up; 124
12-09 08:05:11.852 W/audio_hw_generic( 1309): Not supplying enough data to HAL, expected position 20835141 , only wrote 20834059
12-09 08:05:11.852 W/audio_hw_generic( 1309): Not supplying enough data to HAL, expected position 20834066 , only wrote 20834059
12-09 08:05:11.884 W/audio_hw_generic( 1309): Not supplying enough data to HAL, expected position 20835468 , only wrote 20834720
12-09 08:05:11.953 D/        (11788): HostConnection::get() New Host Connection established 0x7f9637ad2480, tid 11788
12-09 08:05:11.989 E/EGL_emulation( 1224): tid 1224: eglCreateSyncKHR(1881): error 0x3004 (EGL_BAD_ATTRIBUTE)
12-09 08:05:12.028 D/Mileage.ABS(11747): Not backing up; 357
12-09 08:05:12.112 W/audio_hw_generic( 1309): Not supplying enough data to HAL, expected position 20844764 , only wrote 20844635
12-09 08:05:12.125 D/Mileage.ABS(11747): Not backing up; 454
12-09 08:05:12.125 D/Mileage.ABS(11747): Not backing up; 454
12-09 08:05:12.177 D/Mileage.ABS(11747): Not backing up; 506
12-09 08:05:12.249 D/Mileage.ABS(11747): Not backing up; 578
12-09 08:05:12.292 D/Mileage.ABS(11747): Not backing up; 621
12-09 08:05:12.301 D/Mileage.ABS(11747): Not backing up; 630
12-09 08:05:12.359 D/Mileage.ABS(11747): Not backing up; 688
12-09 08:05:12.359 D/Mileage.ABS(11747): Not backing up; 688
12-09 08:05:12.418 D/Mileage.ABS(11747): Not backing up; 747
12-09 08:05:12.422 D/Mileage.ABS(11747): Not backing up; 751
12-09 08:05:12.506 W/audio_hw_generic( 1309): Not supplying enough data to HAL, expected position 20862021 , only wrote 20861821
12-09 08:05:12.506 W/audio_hw_generic( 1309): Not supplying enough data to HAL, expected position 20861828 , only wrote 20861821
12-09 08:05:12.545 D/Mileage.ABS(11747): Not backing up; 874
12-09 08:05:12.546 D/Mileage.ABS(11747): Not backing up; 875
12-09 08:05:12.546 D/Mileage.ABS(11747): Not backing up; 875
12-09 08:05:12.722 I/System.out(11747): URI: //gesture
12-09 08:05:12.722 I/System.out(11747): params: {json={"query_timeout":5.0,"gestures":[{"query_string":"android.widget.TabWidget descendant TextView index:0","touches":[{"x":50,"y":50,"offset_x":0,"offset_y":0,"wait":0.0,"time":0.2,"release":true,"query_string":null}]}]}
12-09 08:05:12.722 I/System.out(11747): }
12-09 08:05:12.795 W/audio_hw_generic( 1309): Hardware backing HAL too slow, could only write 0 of 661 frames
12-09 08:05:12.811 W/audio_hw_generic( 1309): Hardware backing HAL too slow, could only write 0 of 661 frames
12-09 08:05:12.851 W/audio_hw_generic( 1309): Hardware backing HAL too slow, could only write 0 of 661 frames
12-09 08:05:12.852 W/audio_hw_generic( 1309): Hardware backing HAL too slow, could only write 0 of 661 frames
12-09 08:05:12.863 I/art     (11747): Background sticky concurrent mark sweep GC freed 16194(726KB) AllocSpace objects, 1(20KB) LOS objects, 12% free, 3MB/3MB, paused 10.458ms total 126.681ms
12-09 08:05:12.863 D/Mileage.ABS(11747): Finished backup
12-09 08:05:12.871 W/audio_hw_generic( 1309): Hardware backing HAL too slow, could only write 0 of 661 frames
12-09 08:05:12.872 D/Mileage.ABS(11747): Not backing up; 83
12-09 08:05:12.878 D/Mileage.ABS(11747): Not backing up; 89
12-09 08:05:12.879 W/CursorWrapperInner(11747): Cursor finalized without prior close()
12-09 08:05:12.883 W/CursorWrapperInner(11747): Cursor finalized without prior close()
12-09 08:05:12.890 W/audio_hw_generic( 1309): Hardware backing HAL too slow, could only write 0 of 661 frames
12-09 08:05:12.901 W/audio_hw_generic( 1309): Hardware backing HAL too slow, could only write 0 of 661 frames
12-09 08:05:12.917 W/audio_hw_generic( 1309): Hardware backing HAL too slow, could only write 0 of 661 frames
12-09 08:05:12.952 D/Mileage.ABS(11747): Not backing up; 163
12-09 08:05:12.954 D/Mileage.ABS(11747): Not backing up; 165
12-09 08:05:12.954 D/Mileage.ABS(11747): Not backing up; 165
12-09 08:05:12.955 D/Mileage.ABS(11747): Not backing up; 166
12-09 08:05:13.017 W/audio_hw_generic( 1309): Not supplying enough data to HAL, expected position 20884340 , only wrote 20882312
12-09 08:05:13.017 W/audio_hw_generic( 1309): Not supplying enough data to HAL, expected position 20882319 , only wrote 20882312
12-09 08:05:13.033 W/audio_hw_generic( 1309): Not supplying enough data to HAL, expected position 20882997 , only wrote 20882973
12-09 08:05:13.033 W/audio_hw_generic( 1309): Hardware backing HAL too slow, could only write 0 of 661 frames
12-09 08:05:13.105 D/Mileage.ABS(11747): Not backing up; 316
12-09 08:05:13.105 D/Mileage.ABS(11747): Not backing up; 316
12-09 08:05:13.244 D/Mileage.ABS(11747): Not backing up; 455
12-09 08:05:13.244 D/Mileage.ABS(11747): Not backing up; 455
12-09 08:05:13.244 D/Mileage.ABS(11747): Not backing up; 455
12-09 08:05:13.324 W/audio_hw_generic( 1309): Hardware backing HAL too slow, could only write 0 of 661 frames
12-09 08:05:13.338 D/Mileage.ABS(11747): Not backing up; 549
12-09 08:05:13.339 W/audio_hw_generic( 1309): Hardware backing HAL too slow, could only write 0 of 661 frames
12-09 08:05:13.350 D/Mileage.ABS(11747): Not backing up; 561
12-09 08:05:13.351 D/Mileage.ABS(11747): Not backing up; 562
12-09 08:05:13.351 D/Mileage.ABS(11747): Not backing up; 562
12-09 08:05:13.351 D/Mileage.ABS(11747): Not backing up; 562
12-09 08:05:13.355 D/Mileage.ABS(11747): Not backing up; 565
12-09 08:05:13.557 D/AudioFlinger( 1309): mixer(0xf4380000) throttle end: throttle time(7)
12-09 08:05:13.568 I/art     (11747): Background partial concurrent mark sweep GC freed 30183(1421KB) AllocSpace objects, 3(60KB) LOS objects, 40% free, 3MB/5MB, paused 5.960ms total 64.356ms
12-09 08:05:13.591 W/audio_hw_generic( 1309): Not supplying enough data to HAL, expected position 20907611 , only wrote 20907430
12-09 08:05:13.592 W/audio_hw_generic( 1309): Not supplying enough data to HAL, expected position 20907437 , only wrote 20907430
12-09 08:05:13.607 W/audio_hw_generic( 1309): Not supplying enough data to HAL, expected position 20908122 , only wrote 20908091
12-09 08:05:13.872 W/audio_hw_generic( 1309): Not supplying enough data to HAL, expected position 20919752 , only wrote 20918667
12-09 08:05:14.007 D/Mileage.ABS(11747): Finished backup
12-09 08:05:14.033 D/Mileage.ABS(11747): Not backing up; 93
12-09 08:05:14.033 D/Mileage.ABS(11747): Not backing up; 93
12-09 08:05:14.033 D/Mileage.ABS(11747): Not backing up; 93
12-09 08:05:14.034 D/Mileage.ABS(11747): Not backing up; 94
12-09 08:05:14.034 D/Mileage.ABS(11747): Not backing up; 94
12-09 08:05:14.034 D/Mileage.ABS(11747): Not backing up; 94
12-09 08:05:14.034 D/Mileage.ABS(11747): Not backing up; 94
12-09 08:05:14.037 D/Mileage.ABS(11747): Not backing up; 96
12-09 08:05:14.038 D/Mileage.ABS(11747): Not backing up; 98
12-09 08:05:14.038 D/Mileage.ABS(11747): Not backing up; 98
12-09 08:05:14.038 D/Mileage.ABS(11747): Not backing up; 98
12-09 08:05:14.039 D/Mileage.ABS(11747): Not backing up; 99
12-09 08:05:14.039 D/Mileage.ABS(11747): Not backing up; 99
12-09 08:05:14.165 D/Mileage.ABS(11747): Not backing up; 225
12-09 08:05:14.166 D/Mileage.ABS(11747): Not backing up; 226
12-09 08:05:14.181 E/SurfaceFlinger( 1224): ro.sf.lcd_density must be defined as a build property
12-09 08:05:14.203 W/audio_hw_generic( 1309): Not supplying enough data to HAL, expected position 20933292 , only wrote 20933209
12-09 08:05:14.233 D/Mileage.ABS(11747): Not backing up; 293
12-09 08:05:14.241 D/gralloc_ranchu( 1224): gralloc_alloc: Creating ashmem region of size 3686400
12-09 08:05:14.268 D/        (11806): HostConnection::get() New Host Connection established 0x7fa6d2c52480, tid 11806
12-09 08:05:14.287 D/Mileage.ABS(11747): Not backing up; 347
12-09 08:05:14.303 E/EGL_emulation( 1224): tid 1224: eglCreateSyncKHR(1881): error 0x3004 (EGL_BAD_ATTRIBUTE)
12-09 08:05:14.377 D/Mileage.ABS(11747): Not backing up; 437
12-09 08:05:14.406 D/Mileage.ABS(11747): Not backing up; 466
12-09 08:05:14.441 D/Mileage.ABS(11747): Not backing up; 500
12-09 08:05:14.481 D/VehicleStatisticsAdapter(11747): Caching of 29 records complete! (2.822 seconds)
12-09 08:05:14.483 D/Mileage.ABS(11747): Not backing up; 543
12-09 08:05:14.502 D/Mileage.ABS(11747): Not backing up; 544
12-09 08:05:14.513 D/Mileage.ABS(11747): Not backing up; 572
12-09 08:05:14.584 D/VehicleStatisticsAdapter(11747): Caching of 29 records complete! (2.908 seconds)
12-09 08:05:14.670 D/Mileage.ABS(11747): Not backing up; 730
12-09 08:05:14.671 D/Mileage.ABS(11747): Not backing up; 731
12-09 08:05:14.748 W/audio_hw_generic( 1309): Not supplying enough data to HAL, expected position 20957214 , only wrote 20956344
12-09 08:05:14.748 W/audio_hw_generic( 1309): Not supplying enough data to HAL, expected position 20956351 , only wrote 20956344
12-09 08:05:14.795 W/audio_hw_generic( 1309): Not supplying enough data to HAL, expected position 20958440 , only wrote 20958327
12-09 08:05:14.888 W/audio_hw_generic( 1309): Not supplying enough data to HAL, expected position 20962399 , only wrote 20962293
12-09 08:05:14.888 W/audio_hw_generic( 1309): Not supplying enough data to HAL, expected position 20962300 , only wrote 20962293
12-09 08:05:14.923 W/audio_hw_generic( 1309): Not supplying enough data to HAL, expected position 20963819 , only wrote 20962954
12-09 08:05:14.924 I/System.out(11747): URI: //
12-09 08:05:14.924 I/System.out(11747): params: {json={"command":"set_activity_orientation","arguments":["landscape"]}
12-09 08:05:14.924 I/System.out(11747): }
12-09 08:05:14.924 I/System.out(11747): header: {date=Sun, 09 Dec 2018 08:05:15 GMT, accept=*/*, content-length=64, host=127.0.0.1:34777, user-agent=HTTPClient/1.0 (2.8.3, ruby 2.3.1 (2016-04-26)), content-type=application/json;charset=utf-8}
12-09 08:05:14.924 I/System.out(11747): params: {json={"command":"set_activity_orientation","arguments":["landscape"]}
12-09 08:05:14.924 I/System.out(11747): }
12-09 08:05:14.924 I/System.out(11747): ProP json = {"command":"set_activity_orientation","arguments":["landscape"]}
12-09 08:05:14.925 I/System.out(11747): files: {}
12-09 08:05:14.925 I/System.out(11747): command: {"command":"set_activity_orientation","arguments":["landscape"]}
12-09 08:05:14.927 I/InstrumentationBackend(11747): Got command:'Command:'Line:null,set_activity_orientation', arguments:'[landscape]'
12-09 08:05:14.937 D/gralloc_ranchu( 1224): gralloc_alloc: Creating ashmem region of size 3686400
12-09 08:05:14.983 W/audio_hw_generic( 1309): Not supplying enough data to HAL, expected position 20965628 , only wrote 20965598
12-09 08:05:14.983 W/audio_hw_generic( 1309): Not supplying enough data to HAL, expected position 20965605 , only wrote 20965598
12-09 08:05:15.035 E/EGL_emulation( 1224): tid 1224: eglCreateSyncKHR(1881): error 0x3004 (EGL_BAD_ATTRIBUTE)
12-09 08:05:15.128 W/audio_hw_generic( 1309): Not supplying enough data to HAL, expected position 20971955 , only wrote 20971547
12-09 08:05:15.230 I/ActivityManager( 1592): Config changes=480 {1.0 310mcc260mnc en_US ldltr sw720dp w1280dp h696dp 160dpi xlrg long land finger -keyb/v/h tball/v s.33}
12-09 08:05:15.247 W/audio_hw_generic( 1309): Hardware backing HAL too slow, could only write 0 of 661 frames
12-09 08:05:15.248 I/InputReader( 1592): Reconfiguring input devices.  changes=0x00000004
12-09 08:05:15.248 I/InputReader( 1592): Device reconfigured: id=0, name='qwerty2', size 720x1280, orientation 1, mode 1, display id 0
12-09 08:05:15.295 W/audio_hw_generic( 1309): Hardware backing HAL too slow, could only write 0 of 661 frames
12-09 08:05:15.295 W/audio_hw_generic( 1309): Not supplying enough data to HAL, expected position 20978941 , only wrote 20978818
12-09 08:05:15.295 W/audio_hw_generic( 1309): Not supplying enough data to HAL, expected position 20978824 , only wrote 20978818
12-09 08:05:15.311 W/audio_hw_generic( 1309): Not supplying enough data to HAL, expected position 20979521 , only wrote 20979479
12-09 08:05:15.495 W/audio_hw_generic( 1309): Not supplying enough data to HAL, expected position 20987556 , only wrote 20980801
12-09 08:05:15.551 W/audio_hw_generic( 1309): Hardware backing HAL too slow, could only write 0 of 661 frames
12-09 08:05:15.587 W/audio_hw_generic( 1309): Hardware backing HAL too slow, could only write 0 of 661 frames
12-09 08:05:15.596 W/audio_hw_generic( 1309): Hardware backing HAL too slow, could only write 0 of 661 frames
12-09 08:05:15.611 W/audio_hw_generic( 1309): Hardware backing HAL too slow, could only write 0 of 661 frames
12-09 08:05:15.678 W/art     ( 1592): Long monitor contention event with owner method=void com.android.server.am.ActivityManagerService.setRequestedOrientation(android.os.IBinder, int) from ActivityManagerService.java:4192 waiters=0 for 553ms
12-09 08:05:15.696 I/calabash(11747): newActivity1
12-09 08:05:15.701 I/calabash(11747): newActivity1
12-09 08:05:15.716 W/ActivityManager( 1592): Bad activity token: android.os.BinderProxy@4cc3016
12-09 08:05:15.716 W/ActivityManager( 1592): java.lang.ClassCastException: android.os.BinderProxy cannot be cast to com.android.server.am.ActivityRecord$Token
12-09 08:05:15.716 W/ActivityManager( 1592): 	at com.android.server.am.ActivityRecord.forTokenLocked(ActivityRecord.java:424)
12-09 08:05:15.716 W/ActivityManager( 1592): 	at com.android.server.am.ActivityRecord.isInStackLocked(ActivityRecord.java:1121)
12-09 08:05:15.716 W/ActivityManager( 1592): 	at com.android.server.am.ActivityRecord.getStackLocked(ActivityRecord.java:1126)
12-09 08:05:15.716 W/ActivityManager( 1592): 	at com.android.server.am.ActivityManagerService.getActivityDisplayId(ActivityManagerService.java:8889)
12-09 08:05:15.716 W/ActivityManager( 1592): 	at android.app.ActivityManagerNative.onTransact(ActivityManagerNative.java:2338)
12-09 08:05:15.716 W/ActivityManager( 1592): 	at com.android.server.am.ActivityManagerService.onTransact(ActivityManagerService.java:2443)
12-09 08:05:15.716 W/ActivityManager( 1592): 	at android.os.Binder.execTransact(Binder.java:453)
12-09 08:05:15.720 W/ActivityManager( 1592): Bad activity token: android.os.BinderProxy@4cc3016
12-09 08:05:15.720 W/ActivityManager( 1592): java.lang.ClassCastException: android.os.BinderProxy cannot be cast to com.android.server.am.ActivityRecord$Token
12-09 08:05:15.720 W/ActivityManager( 1592): 	at com.android.server.am.ActivityRecord.forTokenLocked(ActivityRecord.java:424)
12-09 08:05:15.720 W/ActivityManager( 1592): 	at com.android.server.am.ActivityRecord.isInStackLocked(ActivityRecord.java:1121)
12-09 08:05:15.720 W/ActivityManager( 1592): 	at com.android.server.am.ActivityManagerService.setTaskDescription(ActivityManagerService.java:8547)
12-09 08:05:15.720 W/ActivityManager( 1592): 	at android.app.ActivityManagerNative.onTransact(ActivityManagerNative.java:2410)
12-09 08:05:15.720 W/ActivityManager( 1592): 	at com.android.server.am.ActivityManagerService.onTransact(ActivityManagerService.java:2443)
12-09 08:05:15.720 W/ActivityManager( 1592): 	at android.os.Binder.execTransact(Binder.java:453)
12-09 08:05:15.774 W/ActivityManager( 1592): Bad activity token: android.os.BinderProxy@4cc3016
12-09 08:05:15.774 W/ActivityManager( 1592): java.lang.ClassCastException: android.os.BinderProxy cannot be cast to com.android.server.am.ActivityRecord$Token
12-09 08:05:15.774 W/ActivityManager( 1592): 	at com.android.server.am.ActivityRecord.forTokenLocked(ActivityRecord.java:424)
12-09 08:05:15.774 W/ActivityManager( 1592): 	at com.android.server.am.ActivityRecord.isInStackLocked(ActivityRecord.java:1121)
12-09 08:05:15.774 W/ActivityManager( 1592): 	at com.android.server.am.ActivityManagerService.getActivityOptions(ActivityManagerService.java:11038)
12-09 08:05:15.774 W/ActivityManager( 1592): 	at android.app.ActivityManagerNative.onTransact(ActivityManagerNative.java:1734)
12-09 08:05:15.774 W/ActivityManager( 1592): 	at com.android.server.am.ActivityManagerService.onTransact(ActivityManagerService.java:2443)
12-09 08:05:15.774 W/ActivityManager( 1592): 	at android.os.Binder.execTransact(Binder.java:453)
12-09 08:05:15.779 W/ActivityManager( 1592): Bad activity token: android.os.BinderProxy@4cc3016
12-09 08:05:15.779 W/ActivityManager( 1592): java.lang.ClassCastException: android.os.BinderProxy cannot be cast to com.android.server.am.ActivityRecord$Token
12-09 08:05:15.779 W/ActivityManager( 1592): 	at com.android.server.am.ActivityRecord.forTokenLocked(ActivityRecord.java:424)
12-09 08:05:15.779 W/ActivityManager( 1592): 	at com.android.server.am.ActivityRecord.isInStackLocked(ActivityRecord.java:1121)
12-09 08:05:15.779 W/ActivityManager( 1592): 	at com.android.server.am.ActivityManagerService.getActivityOptions(ActivityManagerService.java:11038)
12-09 08:05:15.779 W/ActivityManager( 1592): 	at android.app.ActivityManagerNative.onTransact(ActivityManagerNative.java:1734)
12-09 08:05:15.779 W/ActivityManager( 1592): 	at com.android.server.am.ActivityManagerService.onTransact(ActivityManagerService.java:2443)
12-09 08:05:15.779 W/ActivityManager( 1592): 	at android.os.Binder.execTransact(Binder.java:453)
12-09 08:05:15.782 W/PhoneWindow(11747): Previously focused view reported id 2131296279 during save, but can't be found during restore.
12-09 08:05:15.856 I/System.out(11747): result:{"bonusInformation":[],"message":"","success":true}
12-09 08:05:15.895 I/art     ( 2217): Background sticky concurrent mark sweep GC freed 37360(3MB) AllocSpace objects, 0(0B) LOS objects, 21% free, 13MB/16MB, paused 16.685ms total 174.582ms
12-09 08:05:15.947 D/EGL_emulation( 3082): eglMakeCurrent: 0x7f49d5738f60: ver 2 0 (tinfo 0x7f49c9bbc000)
12-09 08:05:15.959 E/Surface ( 3082): getSlotFromBufferLocked: unknown buffer: 0x7f49c8a58660
12-09 08:05:15.976 D/EGL_emulation( 3082): eglMakeCurrent: 0x7f49d5738f60: ver 2 0 (tinfo 0x7f49c9bbc000)
12-09 08:05:16.018 D/gralloc_ranchu( 1224): gralloc_alloc: Creating ashmem region of size 3686400
12-09 08:05:16.126 W/audio_hw_generic( 1309): Not supplying enough data to HAL, expected position 21008641 , only wrote 21007241
12-09 08:05:16.126 W/audio_hw_generic( 1309): Not supplying enough data to HAL, expected position 21007248 , only wrote 21007241
12-09 08:05:16.147 W/audio_hw_generic( 1309): Not supplying enough data to HAL, expected position 21008186 , only wrote 21007902
12-09 08:05:16.294 W/audio_hw_generic( 1309): Not supplying enough data to HAL, expected position 21014352 , only wrote 21012529
12-09 08:05:16.294 W/audio_hw_generic( 1309): Not supplying enough data to HAL, expected position 21012536 , only wrote 21012529
12-09 08:05:16.320 W/audio_hw_generic( 1309): Not supplying enough data to HAL, expected position 21013700 , only wrote 21013190
12-09 08:05:16.321 W/audio_hw_generic( 1309): Hardware backing HAL too slow, could only write 0 of 661 frames
12-09 08:05:16.377 I/WindowManager( 1592): Screen frozen for +1s449ms due to Window{a750b84 u0 com.evancharlton.mileage/com.evancharlton.mileage.Mileage}
12-09 08:05:16.386 D/gralloc_ranchu( 1224): gralloc_alloc: Creating ashmem region of size 3686400
12-09 08:05:16.455 W/audio_hw_generic( 1309): Not supplying enough data to HAL, expected position 21019144 , only wrote 21017156
12-09 08:05:16.503 W/audio_hw_generic( 1309): Hardware backing HAL too slow, could only write 0 of 661 frames
12-09 08:05:16.606 W/audio_hw_generic( 1309): Not supplying enough data to HAL, expected position 21030268 , only wrote 21023766
12-09 08:05:16.992 W/art     ( 1592): Long monitor contention event with owner method=void com.android.server.wm.WindowManagerService$H.handleMessage(android.os.Message) from WindowManagerService.java:7820 waiters=0 for 304ms
12-09 08:05:17.497 D/gralloc_ranchu( 1224): gralloc_alloc: Creating ashmem region of size 3686400
12-09 08:05:17.890 I/System.out(11747): URI: //gesture
12-09 08:05:17.890 I/System.out(11747): params: {json={"query_timeout":5.0,"gestures":[{"query_string":"android.widget.TabWidget descendant TextView index:1","touches":[{"x":50,"y":50,"offset_x":0,"offset_y":0,"wait":0.0,"time":0.2,"release":true,"query_string":null}]}]}
12-09 08:05:17.890 I/System.out(11747): }
12-09 08:05:18.358 I/calabash(11747): newActivity1
12-09 08:05:18.361 W/ActivityManager( 1592): Bad activity token: android.os.BinderProxy@830471c
12-09 08:05:18.361 W/ActivityManager( 1592): java.lang.ClassCastException: android.os.BinderProxy cannot be cast to com.android.server.am.ActivityRecord$Token
12-09 08:05:18.361 W/ActivityManager( 1592): 	at com.android.server.am.ActivityRecord.forTokenLocked(ActivityRecord.java:424)
12-09 08:05:18.361 W/ActivityManager( 1592): 	at com.android.server.am.ActivityRecord.isInStackLocked(ActivityRecord.java:1121)
12-09 08:05:18.361 W/ActivityManager( 1592): 	at com.android.server.am.ActivityRecord.getStackLocked(ActivityRecord.java:1126)
12-09 08:05:18.361 W/ActivityManager( 1592): 	at com.android.server.am.ActivityManagerService.getActivityDisplayId(ActivityManagerService.java:8889)
12-09 08:05:18.361 W/ActivityManager( 1592): 	at android.app.ActivityManagerNative.onTransact(ActivityManagerNative.java:2338)
12-09 08:05:18.361 W/ActivityManager( 1592): 	at com.android.server.am.ActivityManagerService.onTransact(ActivityManagerService.java:2443)
12-09 08:05:18.361 W/ActivityManager( 1592): 	at android.os.Binder.execTransact(Binder.java:453)
12-09 08:05:18.362 W/ActivityManager( 1592): Bad activity token: android.os.BinderProxy@830471c
12-09 08:05:18.362 W/ActivityManager( 1592): java.lang.ClassCastException: android.os.BinderProxy cannot be cast to com.android.server.am.ActivityRecord$Token
12-09 08:05:18.362 W/ActivityManager( 1592): 	at com.android.server.am.ActivityRecord.forTokenLocked(ActivityRecord.java:424)
12-09 08:05:18.362 W/ActivityManager( 1592): 	at com.android.server.am.ActivityRecord.isInStackLocked(ActivityRecord.java:1121)
12-09 08:05:18.362 W/ActivityManager( 1592): 	at com.android.server.am.ActivityManagerService.setTaskDescription(ActivityManagerService.java:8547)
12-09 08:05:18.362 W/ActivityManager( 1592): 	at android.app.ActivityManagerNative.onTransact(ActivityManagerNative.java:2410)
12-09 08:05:18.362 W/ActivityManager( 1592): 	at com.android.server.am.ActivityManagerService.onTransact(ActivityManagerService.java:2443)
12-09 08:05:18.362 W/ActivityManager( 1592): 	at android.os.Binder.execTransact(Binder.java:453)
12-09 08:05:18.413 W/ActivityManager( 1592): Bad activity token: android.os.BinderProxy@830471c
12-09 08:05:18.413 W/ActivityManager( 1592): java.lang.ClassCastException: android.os.BinderProxy cannot be cast to com.android.server.am.ActivityRecord$Token
12-09 08:05:18.413 W/ActivityManager( 1592): 	at com.android.server.am.ActivityRecord.forTokenLocked(ActivityRecord.java:424)
12-09 08:05:18.413 W/ActivityManager( 1592): 	at com.android.server.am.ActivityRecord.isInStackLocked(ActivityRecord.java:1121)
12-09 08:05:18.413 W/ActivityManager( 1592): 	at com.android.server.am.ActivityManagerService.getActivityOptions(ActivityManagerService.java:11038)
12-09 08:05:18.413 W/ActivityManager( 1592): 	at android.app.ActivityManagerNative.onTransact(ActivityManagerNative.java:1734)
12-09 08:05:18.413 W/ActivityManager( 1592): 	at com.android.server.am.ActivityManagerService.onTransact(ActivityManagerService.java:2443)
12-09 08:05:18.413 W/ActivityManager( 1592): 	at android.os.Binder.execTransact(Binder.java:453)
12-09 08:05:18.413 W/ActivityManager( 1592): Bad activity token: android.os.BinderProxy@830471c
12-09 08:05:18.413 W/ActivityManager( 1592): java.lang.ClassCastException: android.os.BinderProxy cannot be cast to com.android.server.am.ActivityRecord$Token
12-09 08:05:18.413 W/ActivityManager( 1592): 	at com.android.server.am.ActivityRecord.forTokenLocked(ActivityRecord.java:424)
12-09 08:05:18.413 W/ActivityManager( 1592): 	at com.android.server.am.ActivityRecord.isInStackLocked(ActivityRecord.java:1121)
12-09 08:05:18.413 W/ActivityManager( 1592): 	at com.android.server.am.ActivityManagerService.getActivityOptions(ActivityManagerService.java:11038)
12-09 08:05:18.413 W/ActivityManager( 1592): 	at android.app.ActivityManagerNative.onTransact(ActivityManagerNative.java:1734)
12-09 08:05:18.413 W/ActivityManager( 1592): 	at com.android.server.am.ActivityManagerService.onTransact(ActivityManagerService.java:2443)
12-09 08:05:18.413 W/ActivityManager( 1592): 	at android.os.Binder.execTransact(Binder.java:453)
12-09 08:05:18.439 W/audio_hw_generic( 1309): Hardware backing HAL too slow, could only write 0 of 661 frames
12-09 08:05:18.566 D/Mileage (11747): Not enough fillups to calculate economy
12-09 08:05:18.931 W/audio_hw_generic( 1309): Not supplying enough data to HAL, expected position 21047554 , only wrote 21046901
12-09 08:05:18.931 W/audio_hw_generic( 1309): Not supplying enough data to HAL, expected position 21046909 , only wrote 21046901
12-09 08:05:18.932 I/art     ( 1592): Starting a blocking GC Explicit
12-09 08:05:18.953 W/audio_hw_generic( 1309): Not supplying enough data to HAL, expected position 21047859 , only wrote 21047562
12-09 08:05:19.043 W/audio_hw_generic( 1309): Not supplying enough data to HAL, expected position 21051543 , only wrote 21051528
12-09 08:05:19.060 I/art     ( 1592): Explicit concurrent mark sweep GC freed 8517(816KB) AllocSpace objects, 3(60KB) LOS objects, 30% free, 9MB/13MB, paused 1.395ms total 127.029ms
12-09 08:05:19.149 E/SurfaceFlinger( 1224): ro.sf.lcd_density must be defined as a build property
12-09 08:05:19.225 D/gralloc_ranchu( 1224): gralloc_alloc: Creating ashmem region of size 3686400
12-09 08:05:19.280 D/        (11823): HostConnection::get() New Host Connection established 0x7fc21dc52480, tid 11823
12-09 08:05:19.312 W/audio_hw_generic( 1309): Hardware backing HAL too slow, could only write 0 of 661 frames
12-09 08:05:19.317 E/EGL_emulation( 1224): tid 1224: eglCreateSyncKHR(1881): error 0x3004 (EGL_BAD_ATTRIBUTE)
12-09 08:05:19.420 W/audio_hw_generic( 1309): Not supplying enough data to HAL, expected position 21068117 , only wrote 21068053
12-09 08:05:19.420 W/audio_hw_generic( 1309): Not supplying enough data to HAL, expected position 21068061 , only wrote 21068053
12-09 08:05:19.436 W/audio_hw_generic( 1309): Not supplying enough data to HAL, expected position 21068766 , only wrote 21068714
12-09 08:05:20.003 W/audio_hw_generic( 1309): Not supplying enough data to HAL, expected position 21093730 , only wrote 21092510
12-09 08:05:20.145 W/audio_hw_generic( 1309): Not supplying enough data to HAL, expected position 21098781 , only wrote 21098459
12-09 08:05:20.146 W/audio_hw_generic( 1309): Not supplying enough data to HAL, expected position 21098466 , only wrote 21098459
12-09 08:05:20.163 W/audio_hw_generic( 1309): Not supplying enough data to HAL, expected position 21099213 , only wrote 21099120
12-09 08:05:20.203 W/audio_hw_generic( 1309): Not supplying enough data to HAL, expected position 21100909 , only wrote 21100442
12-09 08:05:20.252 W/audio_hw_generic( 1309): Hardware backing HAL too slow, could only write 0 of 661 frames
12-09 08:05:20.329 I/System.out(11747): URI: //gesture
12-09 08:05:20.329 I/System.out(11747): params: {json={"query_timeout":5.0,"gestures":[{"query_string":"android.widget.TabWidget descendant TextView index:3","touches":[{"x":50,"y":50,"offset_x":0,"offset_y":0,"wait":0.0,"time":0.2,"release":true,"query_string":null}]}]}
12-09 08:05:20.329 I/System.out(11747): }
12-09 08:05:20.336 W/audio_hw_generic( 1309): Not supplying enough data to HAL, expected position 21106288 , only wrote 21103747
12-09 08:05:20.408 W/audio_hw_generic( 1309): Not supplying enough data to HAL, expected position 21106910 , only wrote 21105069
12-09 08:05:20.427 W/CursorWrapperInner(11747): Cursor finalized without prior close()
12-09 08:05:20.468 W/audio_hw_generic( 1309): Hardware backing HAL too slow, could only write 0 of 661 frames
12-09 08:05:20.490 W/audio_hw_generic( 1309): Hardware backing HAL too slow, could only write 0 of 661 frames
12-09 08:05:20.504 W/audio_hw_generic( 1309): Hardware backing HAL too slow, could only write 0 of 661 frames
12-09 08:05:20.515 W/audio_hw_generic( 1309): Hardware backing HAL too slow, could only write 0 of 661 frames
12-09 08:05:20.653 I/calabash(11747): newActivity1
12-09 08:05:20.654 W/ActivityManager( 1592): Bad activity token: android.os.BinderProxy@1c768a1
12-09 08:05:20.654 W/ActivityManager( 1592): java.lang.ClassCastException: android.os.BinderProxy cannot be cast to com.android.server.am.ActivityRecord$Token
12-09 08:05:20.654 W/ActivityManager( 1592): 	at com.android.server.am.ActivityRecord.forTokenLocked(ActivityRecord.java:424)
12-09 08:05:20.654 W/ActivityManager( 1592): 	at com.android.server.am.ActivityRecord.isInStackLocked(ActivityRecord.java:1121)
12-09 08:05:20.654 W/ActivityManager( 1592): 	at com.android.server.am.ActivityRecord.getStackLocked(ActivityRecord.java:1126)
12-09 08:05:20.654 W/ActivityManager( 1592): 	at com.android.server.am.ActivityManagerService.getActivityDisplayId(ActivityManagerService.java:8889)
12-09 08:05:20.654 W/ActivityManager( 1592): 	at android.app.ActivityManagerNative.onTransact(ActivityManagerNative.java:2338)
12-09 08:05:20.654 W/ActivityManager( 1592): 	at com.android.server.am.ActivityManagerService.onTransact(ActivityManagerService.java:2443)
12-09 08:05:20.654 W/ActivityManager( 1592): 	at android.os.Binder.execTransact(Binder.java:453)
12-09 08:05:20.655 W/ActivityManager( 1592): Bad activity token: android.os.BinderProxy@1c768a1
12-09 08:05:20.655 W/ActivityManager( 1592): java.lang.ClassCastException: android.os.BinderProxy cannot be cast to com.android.server.am.ActivityRecord$Token
12-09 08:05:20.655 W/ActivityManager( 1592): 	at com.android.server.am.ActivityRecord.forTokenLocked(ActivityRecord.java:424)
12-09 08:05:20.655 W/ActivityManager( 1592): 	at com.android.server.am.ActivityRecord.isInStackLocked(ActivityRecord.java:1121)
12-09 08:05:20.655 W/ActivityManager( 1592): 	at com.android.server.am.ActivityManagerService.setTaskDescription(ActivityManagerService.java:8547)
12-09 08:05:20.655 W/ActivityManager( 1592): 	at android.app.ActivityManagerNative.onTransact(ActivityManagerNative.java:2410)
12-09 08:05:20.655 W/ActivityManager( 1592): 	at com.android.server.am.ActivityManagerService.onTransact(ActivityManagerService.java:2443)
12-09 08:05:20.655 W/ActivityManager( 1592): 	at android.os.Binder.execTransact(Binder.java:453)
12-09 08:05:20.661 W/audio_hw_generic( 1309): Hardware backing HAL too slow, could only write 0 of 661 frames
12-09 08:05:20.723 W/audio_hw_generic( 1309): Not supplying enough data to HAL, expected position 21118990 , only wrote 21118289
12-09 08:05:20.763 W/ActivityManager( 1592): Bad activity token: android.os.BinderProxy@1c768a1
12-09 08:05:20.763 W/ActivityManager( 1592): java.lang.ClassCastException: android.os.BinderProxy cannot be cast to com.android.server.am.ActivityRecord$Token
12-09 08:05:20.763 W/ActivityManager( 1592): 	at com.android.server.am.ActivityRecord.forTokenLocked(ActivityRecord.java:424)
12-09 08:05:20.763 W/ActivityManager( 1592): 	at com.android.server.am.ActivityRecord.isInStackLocked(ActivityRecord.java:1121)
12-09 08:05:20.763 W/ActivityManager( 1592): 	at com.android.server.am.ActivityManagerService.getActivityOptions(ActivityManagerService.java:11038)
12-09 08:05:20.763 W/ActivityManager( 1592): 	at android.app.ActivityManagerNative.onTransact(ActivityManagerNative.java:1734)
12-09 08:05:20.763 W/ActivityManager( 1592): 	at com.android.server.am.ActivityManagerService.onTransact(ActivityManagerService.java:2443)
12-09 08:05:20.763 W/ActivityManager( 1592): 	at android.os.Binder.execTransact(Binder.java:453)
12-09 08:05:20.764 W/ActivityManager( 1592): Bad activity token: android.os.BinderProxy@1c768a1
12-09 08:05:20.764 W/ActivityManager( 1592): java.lang.ClassCastException: android.os.BinderProxy cannot be cast to com.android.server.am.ActivityRecord$Token
12-09 08:05:20.764 W/ActivityManager( 1592): 	at com.android.server.am.ActivityRecord.forTokenLocked(ActivityRecord.java:424)
12-09 08:05:20.764 W/ActivityManager( 1592): 	at com.android.server.am.ActivityRecord.isInStackLocked(ActivityRecord.java:1121)
12-09 08:05:20.764 W/ActivityManager( 1592): 	at com.android.server.am.ActivityManagerService.getActivityOptions(ActivityManagerService.java:11038)
12-09 08:05:20.764 W/ActivityManager( 1592): 	at android.app.ActivityManagerNative.onTransact(ActivityManagerNative.java:1734)
12-09 08:05:20.764 W/ActivityManager( 1592): 	at com.android.server.am.ActivityManagerService.onTransact(ActivityManagerService.java:2443)
12-09 08:05:20.764 W/ActivityManager( 1592): 	at android.os.Binder.execTransact(Binder.java:453)
12-09 08:05:20.776 D/AudioFlinger( 1309): mixer(0xf4380000) throttle end: throttle time(6)
12-09 08:05:21.094 W/audio_hw_generic( 1309): Not supplying enough data to HAL, expected position 21134617 , only wrote 21134153
12-09 08:05:21.094 W/audio_hw_generic( 1309): Not supplying enough data to HAL, expected position 21134161 , only wrote 21134153
12-09 08:05:21.190 W/audio_hw_generic( 1309): Hardware backing HAL too slow, could only write 0 of 661 frames
12-09 08:05:21.220 W/audio_hw_generic( 1309): Hardware backing HAL too slow, could only write 0 of 661 frames
12-09 08:05:21.235 W/audio_hw_generic( 1309): Hardware backing HAL too slow, could only write 0 of 661 frames
12-09 08:05:21.303 E/SurfaceFlinger( 1224): ro.sf.lcd_density must be defined as a build property
12-09 08:05:21.305 D/gralloc_ranchu( 1224): gralloc_alloc: Creating ashmem region of size 3686400
12-09 08:05:21.308 W/audio_hw_generic( 1309): Not supplying enough data to HAL, expected position 21143442 , only wrote 21143407
12-09 08:05:21.309 W/audio_hw_generic( 1309): Not supplying enough data to HAL, expected position 21143609 , only wrote 21143407
12-09 08:05:21.346 W/audio_hw_generic( 1309): Not supplying enough data to HAL, expected position 21145017 , only wrote 21144068
12-09 08:05:21.429 D/        (11828): HostConnection::get() New Host Connection established 0x7fecf8112480, tid 11828
12-09 08:05:21.455 E/EGL_emulation( 1224): tid 1224: eglCreateSyncKHR(1881): error 0x3004 (EGL_BAD_ATTRIBUTE)
12-09 08:05:22.037 W/audio_hw_generic( 1309): Not supplying enough data to HAL, expected position 21174565 , only wrote 21174474
12-09 08:05:22.037 W/audio_hw_generic( 1309): Not supplying enough data to HAL, expected position 21174481 , only wrote 21174474
12-09 08:05:22.167 W/audio_hw_generic( 1309): Hardware backing HAL too slow, could only write 0 of 661 frames
12-09 08:05:22.176 W/audio_hw_generic( 1309): Hardware backing HAL too slow, could only write 0 of 661 frames
12-09 08:05:22.188 W/audio_hw_generic( 1309): Hardware backing HAL too slow, could only write 0 of 661 frames
12-09 08:05:22.203 W/audio_hw_generic( 1309): Hardware backing HAL too slow, could only write 0 of 661 frames
12-09 08:05:22.378 I/System.out(11747): URI: //gesture
12-09 08:05:22.378 I/System.out(11747): params: {json={"query_timeout":5.0,"gestures":[{"query_string":"android.widget.TabWidget descendant TextView index:2","touches":[{"x":50,"y":50,"offset_x":0,"offset_y":0,"wait":0.0,"time":0.2,"release":true,"query_string":null}]}]}
12-09 08:05:22.379 I/System.out(11747): }
12-09 08:05:22.767 W/audio_hw_generic( 1309): Not supplying enough data to HAL, expected position 21206675 , only wrote 21206202
12-09 08:05:22.768 W/audio_hw_generic( 1309): Not supplying enough data to HAL, expected position 21206210 , only wrote 21206202
12-09 08:05:22.783 W/audio_hw_generic( 1309): Not supplying enough data to HAL, expected position 21206898 , only wrote 21206863
12-09 08:05:22.784 W/audio_hw_generic( 1309): Hardware backing HAL too slow, could only write 0 of 661 frames
12-09 08:05:22.784 W/audio_hw_generic( 1309): Hardware backing HAL too slow, could only write 0 of 661 frames
12-09 08:05:22.820 I/calabash(11747): newActivity1
12-09 08:05:22.821 W/ActivityManager( 1592): Bad activity token: android.os.BinderProxy@14ecac6
12-09 08:05:22.821 W/ActivityManager( 1592): java.lang.ClassCastException: android.os.BinderProxy cannot be cast to com.android.server.am.ActivityRecord$Token
12-09 08:05:22.821 W/ActivityManager( 1592): 	at com.android.server.am.ActivityRecord.forTokenLocked(ActivityRecord.java:424)
12-09 08:05:22.821 W/ActivityManager( 1592): 	at com.android.server.am.ActivityRecord.isInStackLocked(ActivityRecord.java:1121)
12-09 08:05:22.821 W/ActivityManager( 1592): 	at com.android.server.am.ActivityRecord.getStackLocked(ActivityRecord.java:1126)
12-09 08:05:22.821 W/ActivityManager( 1592): 	at com.android.server.am.ActivityManagerService.getActivityDisplayId(ActivityManagerService.java:8889)
12-09 08:05:22.821 W/ActivityManager( 1592): 	at android.app.ActivityManagerNative.onTransact(ActivityManagerNative.java:2338)
12-09 08:05:22.821 W/ActivityManager( 1592): 	at com.android.server.am.ActivityManagerService.onTransact(ActivityManagerService.java:2443)
12-09 08:05:22.821 W/ActivityManager( 1592): 	at android.os.Binder.execTransact(Binder.java:453)
12-09 08:05:22.822 W/ActivityManager( 1592): Bad activity token: android.os.BinderProxy@14ecac6
12-09 08:05:22.822 W/ActivityManager( 1592): java.lang.ClassCastException: android.os.BinderProxy cannot be cast to com.android.server.am.ActivityRecord$Token
12-09 08:05:22.822 W/ActivityManager( 1592): 	at com.android.server.am.ActivityRecord.forTokenLocked(ActivityRecord.java:424)
12-09 08:05:22.822 W/ActivityManager( 1592): 	at com.android.server.am.ActivityRecord.isInStackLocked(ActivityRecord.java:1121)
12-09 08:05:22.822 W/ActivityManager( 1592): 	at com.android.server.am.ActivityManagerService.setTaskDescription(ActivityManagerService.java:8547)
12-09 08:05:22.822 W/ActivityManager( 1592): 	at android.app.ActivityManagerNative.onTransact(ActivityManagerNative.java:2410)
12-09 08:05:22.822 W/ActivityManager( 1592): 	at com.android.server.am.ActivityManagerService.onTransact(ActivityManagerService.java:2443)
12-09 08:05:22.822 W/ActivityManager( 1592): 	at android.os.Binder.execTransact(Binder.java:453)
12-09 08:05:22.919 W/audio_hw_generic( 1309): Not supplying enough data to HAL, expected position 21212855 , only wrote 21212812
12-09 08:05:22.929 D/VehicleStatisticsActivity(11747): Checking recalculation ...
12-09 08:05:22.930 D/VehicleStatisticsActivity(11747): Recalculation not necessary.
12-09 08:05:22.930 W/ActivityManager( 1592): Bad activity token: android.os.BinderProxy@14ecac6
12-09 08:05:22.930 W/ActivityManager( 1592): java.lang.ClassCastException: android.os.BinderProxy cannot be cast to com.android.server.am.ActivityRecord$Token
12-09 08:05:22.930 W/ActivityManager( 1592): 	at com.android.server.am.ActivityRecord.forTokenLocked(ActivityRecord.java:424)
12-09 08:05:22.930 W/ActivityManager( 1592): 	at com.android.server.am.ActivityRecord.isInStackLocked(ActivityRecord.java:1121)
12-09 08:05:22.930 W/ActivityManager( 1592): 	at com.android.server.am.ActivityManagerService.getActivityOptions(ActivityManagerService.java:11038)
12-09 08:05:22.930 W/ActivityManager( 1592): 	at android.app.ActivityManagerNative.onTransact(ActivityManagerNative.java:1734)
12-09 08:05:22.930 W/ActivityManager( 1592): 	at com.android.server.am.ActivityManagerService.onTransact(ActivityManagerService.java:2443)
12-09 08:05:22.930 W/ActivityManager( 1592): 	at android.os.Binder.execTransact(Binder.java:453)
12-09 08:05:22.934 W/ActivityManager( 1592): Bad activity token: android.os.BinderProxy@14ecac6
12-09 08:05:22.934 W/ActivityManager( 1592): java.lang.ClassCastException: android.os.BinderProxy cannot be cast to com.android.server.am.ActivityRecord$Token
12-09 08:05:22.934 W/ActivityManager( 1592): 	at com.android.server.am.ActivityRecord.forTokenLocked(ActivityRecord.java:424)
12-09 08:05:22.934 W/ActivityManager( 1592): 	at com.android.server.am.ActivityRecord.isInStackLocked(ActivityRecord.java:1121)
12-09 08:05:22.934 W/ActivityManager( 1592): 	at com.android.server.am.ActivityManagerService.getActivityOptions(ActivityManagerService.java:11038)
12-09 08:05:22.934 W/ActivityManager( 1592): 	at android.app.ActivityManagerNative.onTransact(ActivityManagerNative.java:1734)
12-09 08:05:22.934 W/ActivityManager( 1592): 	at com.android.server.am.ActivityManagerService.onTransact(ActivityManagerService.java:2443)
12-09 08:05:22.934 W/ActivityManager( 1592): 	at android.os.Binder.execTransact(Binder.java:453)
12-09 08:05:22.935 D/VehicleStatisticsActivity(11747): Checking recalculation ...
12-09 08:05:22.936 D/VehicleStatisticsActivity(11747): Recalculation not necessary.
12-09 08:05:23.054 W/audio_hw_generic( 1309): Not supplying enough data to HAL, expected position 21218763 , only wrote 21218761
12-09 08:05:23.054 W/audio_hw_generic( 1309): Not supplying enough data to HAL, expected position 21218770 , only wrote 21218761
12-09 08:05:23.071 W/audio_hw_generic( 1309): Not supplying enough data to HAL, expected position 21219484 , only wrote 21219422
12-09 08:05:23.167 W/audio_hw_generic( 1309): Not supplying enough data to HAL, expected position 21223664 , only wrote 21222727
12-09 08:05:23.167 W/audio_hw_generic( 1309): Not supplying enough data to HAL, expected position 21222734 , only wrote 21222727
12-09 08:05:23.186 W/audio_hw_generic( 1309): Not supplying enough data to HAL, expected position 21223555 , only wrote 21223388
12-09 08:05:23.186 W/audio_hw_generic( 1309): Hardware backing HAL too slow, could only write 0 of 661 frames
12-09 08:05:23.187 W/audio_hw_generic( 1309): Hardware backing HAL too slow, could only write 0 of 661 frames
12-09 08:05:23.204 W/audio_hw_generic( 1309): Hardware backing HAL too slow, could only write 0 of 661 frames
12-09 08:05:23.225 W/audio_hw_generic( 1309): Hardware backing HAL too slow, could only write 0 of 661 frames
12-09 08:05:23.247 W/audio_hw_generic( 1309): Hardware backing HAL too slow, could only write 0 of 661 frames
12-09 08:05:23.258 W/audio_hw_generic( 1309): Hardware backing HAL too slow, could only write 0 of 661 frames
12-09 08:05:23.283 W/audio_hw_generic( 1309): Hardware backing HAL too slow, could only write 0 of 661 frames
12-09 08:05:23.296 W/audio_hw_generic( 1309): Hardware backing HAL too slow, could only write 0 of 661 frames
12-09 08:05:23.317 W/audio_hw_generic( 1309): Hardware backing HAL too slow, could only write 0 of 661 frames
12-09 08:05:23.539 E/SurfaceFlinger( 1224): ro.sf.lcd_density must be defined as a build property
12-09 08:05:23.606 W/audio_hw_generic( 1309): Not supplying enough data to HAL, expected position 21241903 , only wrote 21237269
12-09 08:05:23.606 W/audio_hw_generic( 1309): Not supplying enough data to HAL, expected position 21237276 , only wrote 21237269
12-09 08:05:23.644 D/gralloc_ranchu( 1224): gralloc_alloc: Creating ashmem region of size 3686400
12-09 08:05:23.667 W/audio_hw_generic( 1309): Not supplying enough data to HAL, expected position 21239935 , only wrote 21237930
12-09 08:05:23.669 D/        (11833): HostConnection::get() New Host Connection established 0x7ff7a8192480, tid 11833
12-09 08:05:23.693 E/EGL_emulation( 1224): tid 1224: eglCreateSyncKHR(1881): error 0x3004 (EGL_BAD_ATTRIBUTE)
12-09 08:05:23.837 W/audio_hw_generic( 1309): Hardware backing HAL too slow, could only write 0 of 661 frames
12-09 08:05:23.851 W/audio_hw_generic( 1309): Hardware backing HAL too slow, could only write 0 of 661 frames
12-09 08:05:23.863 W/audio_hw_generic( 1309): Hardware backing HAL too slow, could only write 0 of 661 frames
12-09 08:05:24.288 W/audio_hw_generic( 1309): Hardware backing HAL too slow, could only write 0 of 661 frames
12-09 08:05:24.288 W/audio_hw_generic( 1309): Hardware backing HAL too slow, could only write 0 of 661 frames
12-09 08:05:24.304 W/audio_hw_generic( 1309): Hardware backing HAL too slow, could only write 0 of 661 frames
12-09 08:05:24.323 W/audio_hw_generic( 1309): Hardware backing HAL too slow, could only write 0 of 661 frames
12-09 08:05:24.351 W/audio_hw_generic( 1309): Hardware backing HAL too slow, could only write 0 of 661 frames
12-09 08:05:24.367 W/audio_hw_generic( 1309): Hardware backing HAL too slow, could only write 0 of 661 frames
12-09 08:05:24.387 W/audio_hw_generic( 1309): Hardware backing HAL too slow, could only write 0 of 661 frames
12-09 08:05:24.395 W/audio_hw_generic( 1309): Hardware backing HAL too slow, could only write 0 of 661 frames
12-09 08:05:24.407 I/System.out(11747): URI: //gesture
12-09 08:05:24.407 I/System.out(11747): params: {json={"query_timeout":5.0,"gestures":[{"query_string":"android.widget.TabWidget descendant TextView index:0","touches":[{"x":50,"y":50,"offset_x":0,"offset_y":0,"wait":0.0,"time":0.2,"release":true,"query_string":null}]}]}
12-09 08:05:24.407 I/System.out(11747): }
12-09 08:05:24.415 W/audio_hw_generic( 1309): Hardware backing HAL too slow, could only write 0 of 661 frames
12-09 08:05:24.533 I/art     (11747): Background sticky concurrent mark sweep GC freed 45101(2MB) AllocSpace objects, 2(40KB) LOS objects, 33% free, 3MB/5MB, paused 9.518ms total 108.005ms
12-09 08:05:24.915 W/audio_hw_generic( 1309): Not supplying enough data to HAL, expected position 21292998 , only wrote 21292793
12-09 08:05:25.023 W/audio_hw_generic( 1309): Hardware backing HAL too slow, could only write 0 of 661 frames
12-09 08:05:25.072 D/AudioFlinger( 1309): mixer(0xf4380000) throttle end: throttle time(59)
12-09 08:05:25.247 W/audio_hw_generic( 1309): Not supplying enough data to HAL, expected position 21307442 , only wrote 21307335
12-09 08:05:25.248 W/audio_hw_generic( 1309): Not supplying enough data to HAL, expected position 21307342 , only wrote 21307335
12-09 08:05:25.311 W/audio_hw_generic( 1309): Not supplying enough data to HAL, expected position 21310138 , only wrote 21307996
12-09 08:05:25.603 W/audio_hw_generic( 1309): Hardware backing HAL too slow, could only write 0 of 661 frames
12-09 08:05:25.698 E/SurfaceFlinger( 1224): ro.sf.lcd_density must be defined as a build property
12-09 08:05:25.732 D/gralloc_ranchu( 1224): gralloc_alloc: Creating ashmem region of size 3686400
12-09 08:05:25.741 D/        (11838): HostConnection::get() New Host Connection established 0x7fab8f5d2480, tid 11838
12-09 08:05:25.794 E/EGL_emulation( 1224): tid 1224: eglCreateSyncKHR(1881): error 0x3004 (EGL_BAD_ATTRIBUTE)
12-09 08:05:25.866 W/audio_hw_generic( 1309): Not supplying enough data to HAL, expected position 21332476 , only wrote 21332453
12-09 08:05:26.008 W/audio_hw_generic( 1309): Not supplying enough data to HAL, expected position 21338678 , only wrote 21337741
12-09 08:05:26.008 W/audio_hw_generic( 1309): Not supplying enough data to HAL, expected position 21337749 , only wrote 21337741
12-09 08:05:26.023 W/audio_hw_generic( 1309): Not supplying enough data to HAL, expected position 21338427 , only wrote 21338402
12-09 08:05:26.038 W/audio_hw_generic( 1309): Hardware backing HAL too slow, could only write 0 of 661 frames
12-09 08:05:26.060 W/audio_hw_generic( 1309): Hardware backing HAL too slow, could only write 0 of 661 frames
12-09 08:05:26.183 W/audio_hw_generic( 1309): Not supplying enough data to HAL, expected position 21345451 , only wrote 21345012
12-09 08:05:26.216 W/audio_hw_generic( 1309): Hardware backing HAL too slow, could only write 0 of 661 frames
12-09 08:05:26.678 W/audio_hw_generic( 1309): Not supplying enough data to HAL, expected position 21366838 , only wrote 21366164
12-09 08:05:26.678 W/audio_hw_generic( 1309): Not supplying enough data to HAL, expected position 21366171 , only wrote 21366164
12-09 08:05:26.707 W/audio_hw_generic( 1309): Not supplying enough data to HAL, expected position 21367421 , only wrote 21366825
12-09 08:05:26.936 W/audio_hw_generic( 1309): Not supplying enough data to HAL, expected position 21376918 , only wrote 21376740
12-09 08:05:26.936 W/audio_hw_generic( 1309): Not supplying enough data to HAL, expected position 21376747 , only wrote 21376740
12-09 08:05:26.952 W/audio_hw_generic( 1309): Not supplying enough data to HAL, expected position 21377455 , only wrote 21377401
12-09 08:05:27.485 W/audio_hw_generic( 1309): Not supplying enough data to HAL, expected position 21400925 , only wrote 21399875
12-09 08:05:27.486 W/audio_hw_generic( 1309): Not supplying enough data to HAL, expected position 21399882 , only wrote 21399875
