12-09 08:10:11.523 W/ActivityManager( 1593): 	at com.android.server.am.ActivityRecord.forTokenLocked(ActivityRecord.java:424)
12-09 08:10:11.523 W/ActivityManager( 1593): 	at com.android.server.am.ActivityRecord.isInStackLocked(ActivityRecord.java:1121)
12-09 08:10:11.523 W/ActivityManager( 1593): 	at com.android.server.am.ActivityManagerService.getActivityOptions(ActivityManagerService.java:11038)
12-09 08:10:11.523 W/ActivityManager( 1593): 	at android.app.ActivityManagerNative.onTransact(ActivityManagerNative.java:1734)
12-09 08:10:11.523 W/ActivityManager( 1593): 	at com.android.server.am.ActivityManagerService.onTransact(ActivityManagerService.java:2443)
12-09 08:10:11.523 W/ActivityManager( 1593): 	at android.os.Binder.execTransact(Binder.java:453)
12-09 08:10:11.565 V/PhoneStatusBar( 1686): setLightsOn(true)
12-09 08:10:11.583 D/gralloc_ranchu( 1218): gralloc_alloc: Creating ashmem region of size 3686400
12-09 08:10:11.805 I/System.out(12183): URI: //gesture
12-09 08:10:11.806 I/System.out(12183): params: {json={"query_timeout":5.0,"gestures":[{"query_string":"android.widget.TabWidget descendant TextView index:2","touches":[{"x":50,"y":50,"offset_x":0,"offset_y":0,"wait":0.0,"time":0.2,"release":true,"query_string":null}]}]}
12-09 08:10:11.806 I/System.out(12183): }
12-09 08:10:12.433 W/art     ( 1593): Long monitor contention event with owner method=void com.android.server.wm.WindowAnimator$1.doFrame(long) from WindowAnimator.java:121 waiters=0 for 170ms
12-09 08:10:12.559 I/Choreographer(12183): Skipped 35 frames!  The application may be doing too much work on its main thread.
12-09 08:10:12.560 D/gralloc_ranchu( 1218): gralloc_alloc: Creating ashmem region of size 3686400
12-09 08:10:13.243 D/gralloc_ranchu( 1218): gralloc_alloc: Creating ashmem region of size 3686400
12-09 08:10:13.539 I/calabash(12183): newActivity1
12-09 08:10:13.551 W/ActivityManager( 1593): Bad activity token: android.os.BinderProxy@7cf1542
12-09 08:10:13.551 W/ActivityManager( 1593): java.lang.ClassCastException: android.os.BinderProxy cannot be cast to com.android.server.am.ActivityRecord$Token
12-09 08:10:13.551 W/ActivityManager( 1593): 	at com.android.server.am.ActivityRecord.forTokenLocked(ActivityRecord.java:424)
12-09 08:10:13.551 W/ActivityManager( 1593): 	at com.android.server.am.ActivityRecord.isInStackLocked(ActivityRecord.java:1121)
12-09 08:10:13.551 W/ActivityManager( 1593): 	at com.android.server.am.ActivityRecord.getStackLocked(ActivityRecord.java:1126)
12-09 08:10:13.551 W/ActivityManager( 1593): 	at com.android.server.am.ActivityManagerService.getActivityDisplayId(ActivityManagerService.java:8889)
12-09 08:10:13.551 W/ActivityManager( 1593): 	at android.app.ActivityManagerNative.onTransact(ActivityManagerNative.java:2338)
12-09 08:10:13.551 W/ActivityManager( 1593): 	at com.android.server.am.ActivityManagerService.onTransact(ActivityManagerService.java:2443)
12-09 08:10:13.551 W/ActivityManager( 1593): 	at android.os.Binder.execTransact(Binder.java:453)
12-09 08:10:13.552 W/ActivityManager( 1593): Bad activity token: android.os.BinderProxy@7cf1542
12-09 08:10:13.552 W/ActivityManager( 1593): java.lang.ClassCastException: android.os.BinderProxy cannot be cast to com.android.server.am.ActivityRecord$Token
12-09 08:10:13.552 W/ActivityManager( 1593): 	at com.android.server.am.ActivityRecord.forTokenLocked(ActivityRecord.java:424)
12-09 08:10:13.552 W/ActivityManager( 1593): 	at com.android.server.am.ActivityRecord.isInStackLocked(ActivityRecord.java:1121)
12-09 08:10:13.552 W/ActivityManager( 1593): 	at com.android.server.am.ActivityManagerService.setTaskDescription(ActivityManagerService.java:8547)
12-09 08:10:13.552 W/ActivityManager( 1593): 	at android.app.ActivityManagerNative.onTransact(ActivityManagerNative.java:2410)
12-09 08:10:13.552 W/ActivityManager( 1593): 	at com.android.server.am.ActivityManagerService.onTransact(ActivityManagerService.java:2443)
12-09 08:10:13.552 W/ActivityManager( 1593): 	at android.os.Binder.execTransact(Binder.java:453)
12-09 08:10:13.627 W/audio_hw_generic( 1307): Hardware backing HAL too slow, could only write 0 of 661 frames
12-09 08:10:13.627 W/audio_hw_generic( 1307): Hardware backing HAL too slow, could only write 0 of 661 frames
12-09 08:10:13.649 W/audio_hw_generic( 1307): Hardware backing HAL too slow, could only write 0 of 661 frames
12-09 08:10:13.672 W/audio_hw_generic( 1307): Hardware backing HAL too slow, could only write 0 of 661 frames
12-09 08:10:13.690 W/audio_hw_generic( 1307): Hardware backing HAL too slow, could only write 0 of 661 frames
12-09 08:10:13.691 D/VehicleStatisticsActivity(12183): Checking recalculation ...
12-09 08:10:13.693 D/VehicleStatisticsActivity(12183): Recalculating statistics
12-09 08:10:13.693 D/VehicleStatisticsTask(12183): Calculation starting...
12-09 08:10:13.693 D/VehicleStatisticsActivity(12183): Recalculation started!
12-09 08:10:13.714 W/ActivityManager( 1593): Bad activity token: android.os.BinderProxy@7cf1542
12-09 08:10:13.714 W/ActivityManager( 1593): java.lang.ClassCastException: android.os.BinderProxy cannot be cast to com.android.server.am.ActivityRecord$Token
12-09 08:10:13.714 W/ActivityManager( 1593): 	at com.android.server.am.ActivityRecord.forTokenLocked(ActivityRecord.java:424)
12-09 08:10:13.714 W/ActivityManager( 1593): 	at com.android.server.am.ActivityRecord.isInStackLocked(ActivityRecord.java:1121)
12-09 08:10:13.714 W/ActivityManager( 1593): 	at com.android.server.am.ActivityManagerService.getActivityOptions(ActivityManagerService.java:11038)
12-09 08:10:13.714 W/ActivityManager( 1593): 	at android.app.ActivityManagerNative.onTransact(ActivityManagerNative.java:1734)
12-09 08:10:13.714 W/ActivityManager( 1593): 	at com.android.server.am.ActivityManagerService.onTransact(ActivityManagerService.java:2443)
12-09 08:10:13.714 W/ActivityManager( 1593): 	at android.os.Binder.execTransact(Binder.java:453)
12-09 08:10:13.714 W/ActivityManager( 1593): Bad activity token: android.os.BinderProxy@7cf1542
12-09 08:10:13.714 W/ActivityManager( 1593): java.lang.ClassCastException: android.os.BinderProxy cannot be cast to com.android.server.am.ActivityRecord$Token
12-09 08:10:13.714 W/ActivityManager( 1593): 	at com.android.server.am.ActivityRecord.forTokenLocked(ActivityRecord.java:424)
12-09 08:10:13.714 W/ActivityManager( 1593): 	at com.android.server.am.ActivityRecord.isInStackLocked(ActivityRecord.java:1121)
12-09 08:10:13.714 W/ActivityManager( 1593): 	at com.android.server.am.ActivityManagerService.getActivityOptions(ActivityManagerService.java:11038)
12-09 08:10:13.714 W/ActivityManager( 1593): 	at android.app.ActivityManagerNative.onTransact(ActivityManagerNative.java:1734)
12-09 08:10:13.714 W/ActivityManager( 1593): 	at com.android.server.am.ActivityManagerService.onTransact(ActivityManagerService.java:2443)
12-09 08:10:13.714 W/ActivityManager( 1593): 	at android.os.Binder.execTransact(Binder.java:453)
12-09 08:10:13.720 D/CalculateTask(12183): Recalculating...
12-09 08:10:13.732 D/VehicleStatisticsActivity(12183): Checking recalculation ...
12-09 08:10:13.745 D/VehicleStatisticsActivity(12183): Recalculating statistics
12-09 08:10:13.745 D/VehicleStatisticsTask(12183): Calculation starting...
12-09 08:10:13.745 D/VehicleStatisticsActivity(12183): Recalculation started!
12-09 08:10:13.914 I/art     (12183): Background sticky concurrent mark sweep GC freed 49340(2MB) AllocSpace objects, 1(20KB) LOS objects, 20% free, 3MB/4MB, paused 7.688ms total 188.117ms
12-09 08:10:13.919 D/CalculateTask(12183): Recalculating...
12-09 08:10:14.042 D/VehicleStatisticsTask(12183): Done recalculating!
12-09 08:10:14.047 D/Mileage.ABS(12183): Finished backup
12-09 08:10:14.096 D/Mileage.ABS(12183): Not backing up; 67
12-09 08:10:14.127 D/VehicleStatisticsTask(12183): Done recalculating!
12-09 08:10:14.128 D/VehicleStatisticsAdapter(12183): Erasing the cache ...
12-09 08:10:14.131 D/VehicleStatisticsAdapter(12183): Building new values ...
12-09 08:10:14.131 D/VehicleStatisticsAdapter(12183): Writing 29 records to the database ...
12-09 08:10:14.166 D/VehicleStatisticsAdapter(12183): Erasing the cache ...
12-09 08:10:14.268 D/Mileage.ABS(12183): Not backing up; 239
12-09 08:10:14.288 D/VehicleStatisticsAdapter(12183): Building new values ...
12-09 08:10:14.288 D/VehicleStatisticsAdapter(12183): Writing 29 records to the database ...
12-09 08:10:14.304 D/Mileage.ABS(12183): Not backing up; 275
12-09 08:10:14.364 E/SurfaceFlinger( 1218): ro.sf.lcd_density must be defined as a build property
12-09 08:10:14.400 D/Mileage.ABS(12183): Not backing up; 371
12-09 08:10:14.418 D/gralloc_ranchu( 1218): gralloc_alloc: Creating ashmem region of size 3686400
12-09 08:10:14.453 W/audio_hw_generic( 1307): Hardware backing HAL too slow, could only write 0 of 661 frames
12-09 08:10:14.486 D/        (12308): HostConnection::get() New Host Connection established 0x7fe557912480, tid 12308
12-09 08:10:14.515 W/audio_hw_generic( 1307): Hardware backing HAL too slow, could only write 0 of 661 frames
12-09 08:10:14.528 E/EGL_emulation( 1218): tid 1218: eglCreateSyncKHR(1881): error 0x3004 (EGL_BAD_ATTRIBUTE)
12-09 08:10:14.601 W/audio_hw_generic( 1307): Hardware backing HAL too slow, could only write 0 of 661 frames
12-09 08:10:14.633 W/audio_hw_generic( 1307): Hardware backing HAL too slow, could only write 0 of 661 frames
12-09 08:10:14.663 D/Mileage.ABS(12183): Not backing up; 634
12-09 08:10:14.664 D/Mileage.ABS(12183): Not backing up; 635
12-09 08:10:14.712 D/Mileage.ABS(12183): Not backing up; 683
12-09 08:10:14.712 D/Mileage.ABS(12183): Not backing up; 683
12-09 08:10:14.712 D/Mileage.ABS(12183): Not backing up; 683
12-09 08:10:14.713 D/Mileage.ABS(12183): Not backing up; 684
12-09 08:10:14.713 D/Mileage.ABS(12183): Not backing up; 684
12-09 08:10:14.782 D/Mileage.ABS(12183): Not backing up; 753
12-09 08:10:14.783 D/Mileage.ABS(12183): Not backing up; 754
12-09 08:10:14.783 D/Mileage.ABS(12183): Not backing up; 754
12-09 08:10:14.817 D/Mileage.ABS(12183): Not backing up; 788
12-09 08:10:14.818 D/Mileage.ABS(12183): Not backing up; 789
12-09 08:10:14.874 W/audio_hw_generic( 1307): Not supplying enough data to HAL, expected position 26251109 , only wrote 26250954
12-09 08:10:14.905 W/audio_hw_generic( 1307): Not supplying enough data to HAL, expected position 26252331 , only wrote 26252276
12-09 08:10:14.954 W/audio_hw_generic( 1307): Not supplying enough data to HAL, expected position 26254404 , only wrote 26253598
12-09 08:10:14.996 D/Mileage.ABS(12183): Not backing up; 967
12-09 08:10:14.996 D/Mileage.ABS(12183): Not backing up; 967
12-09 08:10:15.293 D/Mileage.ABS(12183): Finished backup
12-09 08:10:15.299 D/Mileage.ABS(12183): Not backing up; 22
12-09 08:10:15.299 D/Mileage.ABS(12183): Not backing up; 22
12-09 08:10:15.305 I/System.out(12183): URI: //map
12-09 08:10:15.305 I/System.out(12183): params: {json={"query":"* {text CONTAINS[c] 'Average fuel economy'}","operation":{"method_name":"query","arguments":[]}}
12-09 08:10:15.305 I/System.out(12183): }
12-09 08:10:15.350 W/audio_hw_generic( 1307): Not supplying enough data to HAL, expected position 26271053 , only wrote 26270784
12-09 08:10:15.350 W/audio_hw_generic( 1307): Not supplying enough data to HAL, expected position 26270791 , only wrote 26270784
12-09 08:10:15.524 D/Mileage.ABS(12183): Not backing up; 246
12-09 08:10:15.525 D/Mileage.ABS(12183): Not backing up; 248
12-09 08:10:15.585 D/Mileage.ABS(12183): Not backing up; 308
12-09 08:10:15.604 I/art     (12183): Background partial concurrent mark sweep GC freed 22732(1281KB) AllocSpace objects, 5(100KB) LOS objects, 40% free, 3MB/5MB, paused 1.581ms total 295.618ms
12-09 08:10:15.690 D/Mileage.ABS(12183): Not backing up; 413
12-09 08:10:15.981 D/Mileage.ABS(12183): Not backing up; 704
12-09 08:10:15.993 D/Mileage.ABS(12183): Not backing up; 716
12-09 08:10:15.994 D/Mileage.ABS(12183): Not backing up; 717
12-09 08:10:15.995 D/Mileage.ABS(12183): Not backing up; 718
12-09 08:10:15.995 D/Mileage.ABS(12183): Not backing up; 718
12-09 08:10:15.996 D/Mileage.ABS(12183): Not backing up; 719
12-09 08:10:15.996 D/Mileage.ABS(12183): Not backing up; 719
12-09 08:10:16.002 D/Mileage.ABS(12183): Not backing up; 725
12-09 08:10:16.002 D/Mileage.ABS(12183): Not backing up; 725
12-09 08:10:16.002 D/Mileage.ABS(12183): Not backing up; 725
12-09 08:10:16.003 D/Mileage.ABS(12183): Not backing up; 726
12-09 08:10:16.003 D/Mileage.ABS(12183): Not backing up; 726
12-09 08:10:16.173 W/audio_hw_generic( 1307): Not supplying enough data to HAL, expected position 26307088 , only wrote 26286648
12-09 08:10:16.193 W/audio_hw_generic( 1307): Not supplying enough data to HAL, expected position 26287534 , only wrote 26286648
12-09 08:10:16.209 W/audio_hw_generic( 1307): Not supplying enough data to HAL, expected position 26287347 , only wrote 26287309
12-09 08:10:16.254 D/Mileage.ABS(12183): Not backing up; 977
12-09 08:10:16.254 D/Mileage.ABS(12183): Not backing up; 977
12-09 08:10:16.254 D/Mileage.ABS(12183): Not backing up; 977
12-09 08:10:16.255 D/Mileage.ABS(12183): Not backing up; 978
12-09 08:10:16.257 W/audio_hw_generic( 1307): Hardware backing HAL too slow, could only write 0 of 661 frames
12-09 08:10:16.272 W/audio_hw_generic( 1307): Hardware backing HAL too slow, could only write 0 of 661 frames
12-09 08:10:16.301 I/System.out(12183): URI: //gesture
12-09 08:10:16.301 I/System.out(12183): params: {json={"query_timeout":5.0,"gestures":[{"query_string":"* {text CONTAINS[c] 'Average fuel economy'}","touches":[{"x":50,"y":50,"offset_x":0,"offset_y":0,"wait":0.0,"time":0.2,"release":true,"query_string":null}]}]}
12-09 08:10:16.301 I/System.out(12183): }
12-09 08:10:16.351 D/Mileage.ABS(12183): Finished backup
12-09 08:10:16.380 D/Mileage.ABS(12183): Not backing up; 61
12-09 08:10:16.402 D/Mileage.ABS(12183): Not backing up; 110
12-09 08:10:16.548 I/art     (12183): Background sticky concurrent mark sweep GC freed 49274(2MB) AllocSpace objects, 2(40KB) LOS objects, 36% free, 3MB/5MB, paused 1.920ms total 227.561ms
12-09 08:10:16.549 D/Mileage.ABS(12183): Not backing up; 258
12-09 08:10:16.550 D/Mileage.ABS(12183): Not backing up; 259
12-09 08:10:16.550 D/Mileage.ABS(12183): Not backing up; 259
12-09 08:10:16.598 D/Mileage.ABS(12183): Not backing up; 307
12-09 08:10:16.599 D/Mileage.ABS(12183): Not backing up; 307
12-09 08:10:16.739 W/audio_hw_generic( 1307): Not supplying enough data to HAL, expected position 26333460 , only wrote 26310444
12-09 08:10:16.889 D/Mileage.ABS(12183): Not backing up; 598
12-09 08:10:16.892 D/Mileage.ABS(12183): Not backing up; 601
12-09 08:10:16.892 I/ActivityManager( 1593): START u0 {cmp=com.evancharlton.mileage/.charts.AverageFuelEconomyChart (has extras)} from uid 10129 on display 0
12-09 08:10:16.958 D/AudioFlinger( 1307): mixer(0xf42c0000) throttle end: throttle time(11)
12-09 08:10:16.967 W/audio_hw_generic( 1307): Hardware backing HAL too slow, could only write 0 of 661 frames
12-09 08:10:16.968 D/Mileage.ABS(12183): Not backing up; 677
12-09 08:10:16.968 D/Mileage.ABS(12183): Not backing up; 677
12-09 08:10:16.969 D/Mileage.ABS(12183): Not backing up; 678
12-09 08:10:16.969 D/Mileage.ABS(12183): Not backing up; 678
12-09 08:10:16.971 D/VehicleStatisticsAdapter(12183): Caching of 29 records complete! (2.84 seconds)
12-09 08:10:16.984 W/audio_hw_generic( 1307): Hardware backing HAL too slow, could only write 0 of 661 frames
12-09 08:10:17.006 W/audio_hw_generic( 1307): Hardware backing HAL too slow, could only write 0 of 661 frames
12-09 08:10:17.013 W/audio_hw_generic( 1307): Hardware backing HAL too slow, could only write 0 of 661 frames
12-09 08:10:17.032 W/audio_hw_generic( 1307): Hardware backing HAL too slow, could only write 0 of 661 frames
12-09 08:10:17.040 W/audio_hw_generic( 1307): Hardware backing HAL too slow, could only write 0 of 661 frames
12-09 08:10:17.076 D/Mileage.ABS(12183): Not backing up; 785
12-09 08:10:17.082 I/calabash(12183): newActivity1
12-09 08:10:17.082 D/Mileage.ABS(12183): Not backing up; 791
12-09 08:10:17.083 D/Mileage.ABS(12183): Not backing up; 791
12-09 08:10:17.084 W/audio_hw_generic( 1307): Hardware backing HAL too slow, could only write 0 of 661 frames
12-09 08:10:17.093 D/Mileage.ABS(12183): Not backing up; 802
12-09 08:10:17.114 W/audio_hw_generic( 1307): Hardware backing HAL too slow, could only write 0 of 661 frames
12-09 08:10:17.115 W/audio_hw_generic( 1307): Hardware backing HAL too slow, could only write 0 of 661 frames
12-09 08:10:17.131 W/aiCharts(12183): License file is invalid or missing. 
12-09 08:10:17.131 W/aiCharts(12183): Please place proper license.lic to /assets folder.
12-09 08:10:17.141 W/audio_hw_generic( 1307): Hardware backing HAL too slow, could only write 0 of 661 frames
12-09 08:10:17.165 W/audio_hw_generic( 1307): Hardware backing HAL too slow, could only write 0 of 661 frames
12-09 08:10:17.180 W/audio_hw_generic( 1307): Hardware backing HAL too slow, could only write 0 of 661 frames
12-09 08:10:17.190 W/audio_hw_generic( 1307): Hardware backing HAL too slow, could only write 0 of 661 frames
12-09 08:10:17.194 D/VehicleStatisticsAdapter(12183): Caching of 29 records complete! (2.906 seconds)
12-09 08:10:17.265 W/audio_hw_generic( 1307): Not supplying enough data to HAL, expected position 26325702 , only wrote 26325647
12-09 08:10:17.267 I/art     (12183): WaitForGcToComplete blocked for 14.462ms for cause Background
12-09 08:10:17.392 W/audio_hw_generic( 1307): Not supplying enough data to HAL, expected position 26331253 , only wrote 26330935
12-09 08:10:17.392 W/audio_hw_generic( 1307): Not supplying enough data to HAL, expected position 26330942 , only wrote 26330935
12-09 08:10:17.421 W/audio_hw_generic( 1307): Not supplying enough data to HAL, expected position 26332224 , only wrote 26331596
12-09 08:10:17.497 W/audio_hw_generic( 1307): Not supplying enough data to HAL, expected position 26334931 , only wrote 26334901
12-09 08:10:17.549 V/PhoneStatusBar( 1686): setLightsOn(true)
12-09 08:10:17.573 W/art     (12183): Suspending all threads took: 6.501ms
12-09 08:10:17.579 E/SurfaceFlinger( 1218): ro.sf.lcd_density must be defined as a build property
12-09 08:10:17.580 D/gralloc_ranchu( 1218): gralloc_alloc: Creating ashmem region of size 3686400
12-09 08:10:17.588 I/art     (12183): Background partial concurrent mark sweep GC freed 41264(2MB) AllocSpace objects, 3(60KB) LOS objects, 39% free, 3MB/5MB, paused 8.253ms total 321.284ms
12-09 08:10:17.613 D/Mileage.ABS(12183): Finished backup
12-09 08:10:17.624 D/Mileage.ABS(12183): Not backing up; 25
12-09 08:10:17.626 D/        (12325): HostConnection::get() New Host Connection established 0x7fc4c4252480, tid 12325
12-09 08:10:17.653 E/EGL_emulation( 1218): tid 1218: eglCreateSyncKHR(1881): error 0x3004 (EGL_BAD_ATTRIBUTE)
12-09 08:10:17.924 W/audio_hw_generic( 1307): Not supplying enough data to HAL, expected position 26353708 , only wrote 26353409
12-09 08:10:17.944 D/gralloc_ranchu( 1218): gralloc_alloc: Creating ashmem region of size 372736
12-09 08:10:18.187 W/art     ( 1593): Long monitor contention event with owner method=void com.android.server.wm.WindowAnimator$1.doFrame(long) from WindowAnimator.java:121 waiters=1 for 104ms
12-09 08:10:18.362 W/audio_hw_generic( 1307): Not supplying enough data to HAL, expected position 26372726 , only wrote 26372578
12-09 08:10:18.362 W/audio_hw_generic( 1307): Hardware backing HAL too slow, could only write 0 of 661 frames
12-09 08:10:18.362 W/audio_hw_generic( 1307): Hardware backing HAL too slow, could only write 0 of 661 frames
12-09 08:10:18.367 I/art     ( 1593): Background sticky concurrent mark sweep GC freed 35544(2MB) AllocSpace objects, 28(560KB) LOS objects, 28% free, 9MB/13MB, paused 23.716ms total 282.474ms
12-09 08:10:18.397 W/audio_hw_generic( 1307): Not supplying enough data to HAL, expected position 26374152 , only wrote 26373900
12-09 08:10:18.398 W/audio_hw_generic( 1307): Hardware backing HAL too slow, could only write 0 of 661 frames
12-09 08:10:18.412 W/audio_hw_generic( 1307): Hardware backing HAL too slow, could only write 0 of 661 frames
12-09 08:10:18.434 W/audio_hw_generic( 1307): Hardware backing HAL too slow, could only write 0 of 661 frames
12-09 08:10:18.439 D/gralloc_ranchu( 1218): gralloc_alloc: Creating ashmem region of size 3686400
12-09 08:10:18.453 W/audio_hw_generic( 1307): Hardware backing HAL too slow, could only write 0 of 661 frames
12-09 08:10:18.473 W/audio_hw_generic( 1307): Hardware backing HAL too slow, could only write 0 of 661 frames
12-09 08:10:18.473 W/audio_hw_generic( 1307): Hardware backing HAL too slow, could only write 0 of 661 frames
12-09 08:10:18.514 W/audio_hw_generic( 1307): Hardware backing HAL too slow, could only write 0 of 661 frames
12-09 08:10:18.789 W/audio_hw_generic( 1307): Not supplying enough data to HAL, expected position 26391187 , only wrote 26391086
12-09 08:10:18.790 W/audio_hw_generic( 1307): Not supplying enough data to HAL, expected position 26391093 , only wrote 26391086
12-09 08:10:18.805 W/audio_hw_generic( 1307): Not supplying enough data to HAL, expected position 26391761 , only wrote 26391747
12-09 08:10:19.133 W/audio_hw_generic( 1307): Not supplying enough data to HAL, expected position 26406236 , only wrote 26405628
12-09 08:10:19.134 W/audio_hw_generic( 1307): Not supplying enough data to HAL, expected position 26405635 , only wrote 26405628
12-09 08:10:19.149 W/audio_hw_generic( 1307): Not supplying enough data to HAL, expected position 26406308 , only wrote 26406289
12-09 08:10:19.364 W/art     ( 1593): Long monitor contention event with owner method=void com.android.server.wm.WindowAnimator$1.doFrame(long) from WindowAnimator.java:121 waiters=0 for 129ms
12-09 08:10:19.396 W/audio_hw_generic( 1307): Not supplying enough data to HAL, expected position 26417164 , only wrote 26416865
12-09 08:10:19.493 W/audio_hw_generic( 1307): Not supplying enough data to HAL, expected position 26421147 , only wrote 26419509
12-09 08:10:19.493 W/audio_hw_generic( 1307): Not supplying enough data to HAL, expected position 26419516 , only wrote 26419509
12-09 08:10:19.573 W/audio_hw_generic( 1307): Not supplying enough data to HAL, expected position 26423049 , only wrote 26420170
