--------- beginning of main
12-09 07:50:19.105 D/gralloc_ranchu( 1218): gralloc_alloc: Creating ashmem region of size 708608
12-09 07:50:19.225 E/EGL_emulation( 1218): tid 1218: eglCreateSyncKHR(1881): error 0x3004 (EGL_BAD_ATTRIBUTE)
12-09 07:50:19.695 W/art     ( 1591): Long monitor contention event with owner method=void com.android.server.am.ActivityManagerService.activityPaused(android.os.IBinder) from ActivityManagerService.java:6439 waiters=0 for 315ms
12-09 07:50:19.697 W/art     ( 1591): Long monitor contention event with owner method=void com.android.server.am.ActivityManagerService.activityPaused(android.os.IBinder) from ActivityManagerService.java:6439 waiters=1 for 316ms
--------- beginning of system
12-09 07:50:19.697 W/ActivityManager( 1591): Finishing task with all activities already finished
12-09 07:50:19.697 W/ActivityManager( 1591): Duplicate finish request for ActivityRecord{7699b30 u0 com.evancharlton.mileage/.Mileage t362 f}
12-09 07:50:19.722 W/ActivityManager( 1591): Finishing task with all activities already finished
12-09 07:50:19.722 W/ActivityManager( 1591): Duplicate finish request for ActivityRecord{7699b30 u0 com.evancharlton.mileage/.Mileage t362 f}
12-09 07:50:19.727 W/ActivityManager( 1591): Finishing task with all activities already finished
12-09 07:50:19.727 W/ActivityManager( 1591): Duplicate finish request for ActivityRecord{7699b30 u0 com.evancharlton.mileage/.Mileage t362 f}
12-09 07:50:19.904 W/art     ( 1591): Long monitor contention event with owner method=int com.android.server.wm.WindowManagerService.relayoutWindow(com.android.server.wm.Session, android.view.IWindow, int, android.view.WindowManager$LayoutParams, int, int, int, int, android.graphics.Rect, android.graphics.Rect, android.graphics.Rect, android.graphics.Rect, android.graphics.Rect, android.graphics.Rect, android.content.res.Configuration, android.view.Surface) from WindowManagerService.java:3103 waiters=0 for 101ms
12-09 07:50:19.910 D/EGL_emulation( 1922): eglMakeCurrent: 0x7fb3ad635040: ver 2 0 (tinfo 0x7fb3ad602d80)
12-09 07:50:20.080 D/EGL_emulation( 1866): eglMakeCurrent: 0x7fb3a9bda8e0: ver 2 0 (tinfo 0x7fb3a18fec80)
12-09 07:50:20.081 E/Surface ( 1866): getSlotFromBufferLocked: unknown buffer: 0x7fb3a1b8dd80
12-09 07:50:20.323 D/AndroidRuntime( 7540): >>>>>> START com.android.internal.os.RuntimeInit uid 0 <<<<<<
12-09 07:50:20.324 D/AndroidRuntime( 7540): CheckJNI is ON
12-09 07:50:20.356 D/ICU     ( 7540): No timezone override file found: /data/misc/zoneinfo/current/icu/icu_tzdata.dat
12-09 07:50:20.623 E/memtrack( 7540): Couldn't load memtrack module (No such file or directory)
12-09 07:50:20.623 E/android.os.Debug( 7540): failed to load memtrack module: -2
12-09 07:50:20.624 I/Radio-JNI( 7540): register_android_hardware_Radio DONE
12-09 07:50:20.628 W/art     ( 1591): Long monitor contention event with owner method=void com.android.server.wm.WindowAnimator$1.doFrame(long) from WindowAnimator.java:121 waiters=1 for 360ms
12-09 07:50:20.815 W/art     ( 1591): Long monitor contention event with owner method=void com.android.server.wm.WindowAnimator$1.doFrame(long) from WindowAnimator.java:121 waiters=2 for 544ms
12-09 07:50:20.816 D/AndroidRuntime( 7540): Calling main entry com.android.commands.am.Am
12-09 07:50:20.876 W/art     ( 1591): Long monitor contention event with owner method=void com.android.server.wm.WindowAnimator$1.doFrame(long) from WindowAnimator.java:121 waiters=2 for 373ms
12-09 07:50:21.033 W/art     ( 1591): Long monitor contention event with owner method=void com.android.server.wm.WindowAnimator$1.doFrame(long) from WindowAnimator.java:121 waiters=3 for 278ms
12-09 07:50:21.109 W/art     ( 1591): Long monitor contention event with owner method=void com.android.server.wm.WindowAnimator$1.doFrame(long) from WindowAnimator.java:121 waiters=3 for 293ms
12-09 07:50:21.187 W/art     ( 1591): Long monitor contention event with owner method=void com.android.server.wm.WindowAnimator$1.doFrame(long) from WindowAnimator.java:121 waiters=3 for 248ms
12-09 07:50:21.188 W/art     ( 1591): Long monitor contention event with owner method=void com.android.server.wm.WindowAnimator$1.doFrame(long) from WindowAnimator.java:121 waiters=3 for 156ms
12-09 07:50:21.189 W/art     ( 1591): Long monitor contention event with owner method=java.util.List com.android.server.am.ActivityManagerService.getAllStackInfos() from ActivityManagerService.java:8937 waiters=0 for 372ms
12-09 07:50:21.189 I/ActivityManager( 1591): Force stopping com.evancharlton.mileage appid=10121 user=0: start instr
12-09 07:50:21.190 I/ActivityManager( 1591): Killing 7476:com.evancharlton.mileage/u0a121 (adj 0): stop com.evancharlton.mileage
12-09 07:50:21.252 I/Choreographer( 1922): Skipped 76 frames!  The application may be doing too much work on its main thread.
12-09 07:50:21.304 W/OpenGLRenderer( 1922): Incorrectly called buildLayer on View: ShortcutAndWidgetContainer, destroying layer...
12-09 07:50:21.565 W/ActivityManager( 1591): Crash of app com.evancharlton.mileage running instrumentation ComponentInfo{com.evancharlton.mileage.test/sh.calaba.instrumentationbackend.CalabashInstrumentationTestRunner}
12-09 07:50:21.565 I/ActivityManager( 1591): Force stopping com.evancharlton.mileage appid=10121 user=0: finished inst
12-09 07:50:21.565 I/WindowState( 1591): WIN DEATH: Window{89a2406 u0 com.evancharlton.mileage/com.evancharlton.mileage.Mileage EXITING}
12-09 07:50:21.608 I/ActivityManager( 1591): Start proc 7549:com.evancharlton.mileage/u0a121 for added application com.evancharlton.mileage
12-09 07:50:21.608 W/art     ( 1591): Long monitor contention event with owner method=java.util.List com.android.server.am.ActivityManagerService.getAllStackInfos() from ActivityManagerService.java:8937 waiters=1 for 669ms
12-09 07:50:21.619 D/AndroidRuntime( 7540): Shutting down VM
12-09 07:50:21.631 W/art     ( 1591): Long monitor contention event with owner method=boolean com.android.server.am.ActivityManagerService.startInstrumentation(android.content.ComponentName, java.lang.String, int, android.os.Bundle, android.app.IInstrumentationWatcher, android.app.IUiAutomationConnection, int, java.lang.String) from ActivityManagerService.java:17066 waiters=3 for 322ms
12-09 07:50:21.634 W/WindowAnimator( 1591): Failed to dispatch window animation state change.
12-09 07:50:21.634 W/WindowAnimator( 1591): android.os.DeadObjectException
12-09 07:50:21.634 W/WindowAnimator( 1591): 	at android.os.BinderProxy.transactNative(Native Method)
12-09 07:50:21.634 W/WindowAnimator( 1591): 	at android.os.BinderProxy.transact(Binder.java:503)
12-09 07:50:21.634 W/WindowAnimator( 1591): 	at android.view.IWindow$Stub$Proxy.onAnimationStopped(IWindow.java:534)
12-09 07:50:21.634 W/WindowAnimator( 1591): 	at com.android.server.wm.WindowAnimator.updateWindowsLocked(WindowAnimator.java:286)
12-09 07:50:21.634 W/WindowAnimator( 1591): 	at com.android.server.wm.WindowAnimator.animateLocked(WindowAnimator.java:678)
12-09 07:50:21.634 W/WindowAnimator( 1591): 	at com.android.server.wm.WindowAnimator.-wrap0(WindowAnimator.java)
12-09 07:50:21.634 W/WindowAnimator( 1591): 	at com.android.server.wm.WindowAnimator$1.doFrame(WindowAnimator.java:123)
12-09 07:50:21.634 W/WindowAnimator( 1591): 	at android.view.Choreographer$CallbackRecord.run(Choreographer.java:856)
12-09 07:50:21.634 W/WindowAnimator( 1591): 	at android.view.Choreographer.doCallbacks(Choreographer.java:670)
12-09 07:50:21.634 W/WindowAnimator( 1591): 	at android.view.Choreographer.doFrame(Choreographer.java:603)
12-09 07:50:21.634 W/WindowAnimator( 1591): 	at android.view.Choreographer$FrameDisplayEventReceiver.run(Choreographer.java:844)
12-09 07:50:21.634 W/WindowAnimator( 1591): 	at android.os.Handler.handleCallback(Handler.java:739)
12-09 07:50:21.634 W/WindowAnimator( 1591): 	at android.os.Handler.dispatchMessage(Handler.java:95)
12-09 07:50:21.634 W/WindowAnimator( 1591): 	at android.os.Looper.loop(Looper.java:148)
12-09 07:50:21.634 W/WindowAnimator( 1591): 	at android.os.HandlerThread.run(HandlerThread.java:61)
12-09 07:50:21.634 W/WindowAnimator( 1591): 	at com.android.server.ServiceThread.run(ServiceThread.java:46)
12-09 07:50:21.639 W/art     ( 1591): Long monitor contention event with owner method=boolean com.android.server.am.ActivityManagerService.startInstrumentation(android.content.ComponentName, java.lang.String, int, android.os.Bundle, android.app.IInstrumentationWatcher, android.app.IUiAutomationConnection, int, java.lang.String) from ActivityManagerService.java:17066 waiters=1 for 396ms
12-09 07:50:21.734 W/System  ( 7549): ClassLoader referenced unknown path: /data/app/com.evancharlton.mileage.test-1/lib/x86_64
12-09 07:50:21.734 W/System  ( 7549): ClassLoader referenced unknown path: /data/app/com.evancharlton.mileage-1/lib/x86_64
12-09 07:50:21.768 I/System.out( 7549): Main activity name automatically set to: com.evancharlton.mileage.Mileage
12-09 07:50:21.768 I/System.out( 7549): Calabash did not load Mono. This is only a problem if you are trying to test a Mono application
12-09 07:50:21.768 I/calabash( 7549): Test server port: 7102
12-09 07:50:21.769 I/InstrumentationBackend( 7549): Added:'GetPreferences', with key:'get_preferences'
12-09 07:50:21.870 I/InstrumentationBackend( 7549): Added:'SetPreferences', with key:'set_preferences'
12-09 07:50:21.870 I/InstrumentationBackend( 7549): Added:'ClearPreferences', with key:'clear_preferences'
12-09 07:50:21.878 I/InstrumentationBackend( 7549): Added:'PressElement', with key:'press_l10n_element'
12-09 07:50:21.879 I/InstrumentationBackend( 7549): Added:'WaitForElement', with key:'wait_for_l10n_element'
12-09 07:50:21.880 I/InstrumentationBackend( 7549): Added:'NullAction', with key:'nullAction'
12-09 07:50:21.880 I/InstrumentationBackend( 7549): Added:'PressKey', with key:'press_key'
12-09 07:50:21.880 I/InstrumentationBackend( 7549): Added:'SetActivityOrientation', with key:'set_activity_orientation'
12-09 07:50:21.880 I/InstrumentationBackend( 7549): Added:'GetActivityOrientation', with key:'get_activity_orientation'
12-09 07:50:21.880 I/InstrumentationBackend( 7549): Added:'FakeGPSLocation', with key:'set_gps_coordinates'
12-09 07:50:21.880 I/InstrumentationBackend( 7549): Added:'SetPropertyByCssSelector', with key:'set_property_by_css_selector'
12-09 07:50:21.881 I/InstrumentationBackend( 7549): Added:'GetUrl', with key:'get_url'
12-09 07:50:21.881 I/InstrumentationBackend( 7549): Added:'ScrollTo', with key:'scroll_to'
12-09 07:50:21.882 I/InstrumentationBackend( 7549): Added:'GetLoadProgress', with key:'get_load_progress'
12-09 07:50:21.882 I/InstrumentationBackend( 7549): Added:'DumpHtml', with key:'dump_html'
12-09 07:50:21.882 I/InstrumentationBackend( 7549): Added:'DumpBodyHtml', with key:'dump_body_html'
12-09 07:50:21.882 I/InstrumentationBackend( 7549): Added:'EnterTextByCssSelector', with key:'enter_text_by_selector'
12-09 07:50:21.889 I/InstrumentationBackend( 7549): Added:'AndroidSDKVersion', with key:'android_sdk_version'
12-09 07:50:21.923 I/InstrumentationBackend( 7549): Added:'Version', with key:'version'
12-09 07:50:21.923 I/InstrumentationBackend( 7549): Added:'Drag', with key:'drag'
12-09 07:50:21.923 I/InstrumentationBackend( 7549): Added:'TouchCoordinates', with key:'touch_coordinate'
12-09 07:50:21.923 I/InstrumentationBackend( 7549): Added:'LongPressCoordinate', with key:'long_press_coordinate'
12-09 07:50:21.923 I/InstrumentationBackend( 7549): Added:'DragCoordinates', with key:'drag_coordinates'
12-09 07:50:21.923 I/InstrumentationBackend( 7549): Added:'ResumeApplication', with key:'resume_application'
12-09 07:50:21.924 I/InstrumentationBackend( 7549): Added:'Swipe', with key:'swipe'
12-09 07:50:21.924 I/InstrumentationBackend( 7549): Added:'DoubleTapCoordinate', with key:'double_tap_coordinate'
12-09 07:50:21.924 I/InstrumentationBackend( 7549): Added:'ClickOnScreen', with key:'click_on_screen'
12-09 07:50:21.924 I/InstrumentationBackend( 7549): Added:'GetActivityName', with key:'get_activity_name'
12-09 07:50:21.924 I/InstrumentationBackend( 7549): Added:'ScrollToView', with key:'scroll_to_view'
12-09 07:50:21.925 I/InstrumentationBackend( 7549): Added:'ViewConfiguration', with key:'view_configuration'
12-09 07:50:21.925 I/InstrumentationBackend( 7549): Added:'IsCurrentActivityFocused', with key:'is_current_activity_focused'
12-09 07:50:21.925 I/InstrumentationBackend( 7549): Added:'SendTcp', with key:'send_tcp'
12-09 07:50:21.925 I/InstrumentationBackend( 7549): Added:'DpToDevicePixel', with key:'dp_to_device_pixel'
12-09 07:50:21.925 I/InstrumentationBackend( 7549): Added:'KeyboardEnterText', with key:'keyboard_enter_text'
12-09 07:50:21.926 I/InstrumentationBackend( 7549): Added:'DeleteSurroundingText', with key:'delete_surrounding_text'
12-09 07:50:21.926 I/InstrumentationBackend( 7549): Added:'SetComposingRegion', with key:'set_composing_region'
12-09 07:50:21.926 I/InstrumentationBackend( 7549): Added:'SetSelection', with key:'set_selection'
12-09 07:50:21.926 I/InstrumentationBackend( 7549): Added:'KeyboardKeyEvent', with key:'keyboard_key_event'
12-09 07:50:21.933 I/InstrumentationBackend( 7549): Added:'PressUserActionButton', with key:'press_user_action_button'
12-09 07:50:21.933 I/InstrumentationBackend( 7549): Added:'HideSoftKeyboard', with key:'hide_soft_keyboard'
12-09 07:50:21.933 I/InstrumentationBackend( 7549): Added:'ListActions', with key:'list_actions'
12-09 07:50:21.934 I/calabash( 7549): Instantiating http server at 7102
12-09 07:50:21.943 I/System.out( 7549): HTTP Daemon listening on: 7102
12-09 07:50:22.114 I/System.out( 7549): URI: //ping
12-09 07:50:22.114 I/System.out( 7549): params: {json={}
12-09 07:50:22.114 I/System.out( 7549): }
12-09 07:50:22.179 I/System.out( 7549): URI: //ping
12-09 07:50:22.179 I/System.out( 7549): params: {json={}
12-09 07:50:22.179 I/System.out( 7549): }
12-09 07:50:22.271 I/System.out( 7549): URI: //ready
12-09 07:50:22.271 I/System.out( 7549): params: {json={}
12-09 07:50:22.271 I/System.out( 7549): }
12-09 07:50:22.378 I/System.out( 7549): URI: //
12-09 07:50:22.378 I/System.out( 7549): params: {json={"command":"version","arguments":[]}
12-09 07:50:22.378 I/System.out( 7549): }
12-09 07:50:22.378 I/System.out( 7549): header: {date=Sun, 09 Dec 2018 07:50:23 GMT, accept=*/*, content-length=36, host=127.0.0.1:34777, user-agent=HTTPClient/1.0 (2.8.3, ruby 2.3.1 (2016-04-26)), content-type=application/json;charset=utf-8}
12-09 07:50:22.379 I/System.out( 7549): params: {json={"command":"version","arguments":[]}
12-09 07:50:22.379 I/System.out( 7549): }
12-09 07:50:22.379 I/System.out( 7549): ProP json = {"command":"version","arguments":[]}
12-09 07:50:22.379 I/System.out( 7549): files: {}
12-09 07:50:22.379 I/System.out( 7549): command: {"command":"version","arguments":[]}
12-09 07:50:22.398 I/InstrumentationBackend( 7549): Got command:'Command:'Line:null,version', arguments:'[]'
12-09 07:50:22.435 I/System.out( 7549): result:{"bonusInformation":[],"message":"0.9.8","success":true}
12-09 07:50:22.534 I/System.out( 7549): URI: //start-application
12-09 07:50:22.535 I/System.out( 7549): params: {json={"intent":null}
12-09 07:50:22.535 I/System.out( 7549): }
12-09 07:50:22.615 I/ActivityManager( 1591): START u0 {act=android.intent.action.MAIN cat=[android.intent.category.LAUNCHER] flg=0x10200000 cmp=com.evancharlton.mileage/.Mileage} from uid 10121 on display 0
12-09 07:50:22.661 I/calabash( 7549): newActivity1
12-09 07:50:22.815 I/calabash( 7549): newActivity1
12-09 07:50:22.817 W/ActivityManager( 1591): Bad activity token: android.os.BinderProxy@fbc1d66
12-09 07:50:22.817 W/ActivityManager( 1591): java.lang.ClassCastException: android.os.BinderProxy cannot be cast to com.android.server.am.ActivityRecord$Token
12-09 07:50:22.817 W/ActivityManager( 1591): 	at com.android.server.am.ActivityRecord.forTokenLocked(ActivityRecord.java:424)
12-09 07:50:22.817 W/ActivityManager( 1591): 	at com.android.server.am.ActivityRecord.isInStackLocked(ActivityRecord.java:1121)
12-09 07:50:22.817 W/ActivityManager( 1591): 	at com.android.server.am.ActivityRecord.getStackLocked(ActivityRecord.java:1126)
12-09 07:50:22.817 W/ActivityManager( 1591): 	at com.android.server.am.ActivityManagerService.getActivityDisplayId(ActivityManagerService.java:8889)
12-09 07:50:22.817 W/ActivityManager( 1591): 	at android.app.ActivityManagerNative.onTransact(ActivityManagerNative.java:2338)
12-09 07:50:22.817 W/ActivityManager( 1591): 	at com.android.server.am.ActivityManagerService.onTransact(ActivityManagerService.java:2443)
12-09 07:50:22.817 W/ActivityManager( 1591): 	at android.os.Binder.execTransact(Binder.java:453)
12-09 07:50:22.818 W/ActivityManager( 1591): Bad activity token: android.os.BinderProxy@fbc1d66
12-09 07:50:22.818 W/ActivityManager( 1591): java.lang.ClassCastException: android.os.BinderProxy cannot be cast to com.android.server.am.ActivityRecord$Token
12-09 07:50:22.818 W/ActivityManager( 1591): 	at com.android.server.am.ActivityRecord.forTokenLocked(ActivityRecord.java:424)
12-09 07:50:22.818 W/ActivityManager( 1591): 	at com.android.server.am.ActivityRecord.isInStackLocked(ActivityRecord.java:1121)
12-09 07:50:22.818 W/ActivityManager( 1591): 	at com.android.server.am.ActivityManagerService.setTaskDescription(ActivityManagerService.java:8547)
12-09 07:50:22.818 W/ActivityManager( 1591): 	at android.app.ActivityManagerNative.onTransact(ActivityManagerNative.java:2410)
12-09 07:50:22.818 W/ActivityManager( 1591): 	at com.android.server.am.ActivityManagerService.onTransact(ActivityManagerService.java:2443)
12-09 07:50:22.818 W/ActivityManager( 1591): 	at android.os.Binder.execTransact(Binder.java:453)
12-09 07:50:22.829 D/gralloc_ranchu( 1218): gralloc_alloc: Creating ashmem region of size 3686400
12-09 07:50:22.893 W/ActivityManager( 1591): Bad activity token: android.os.BinderProxy@fbc1d66
12-09 07:50:22.893 W/ActivityManager( 1591): java.lang.ClassCastException: android.os.BinderProxy cannot be cast to com.android.server.am.ActivityRecord$Token
12-09 07:50:22.893 W/ActivityManager( 1591): 	at com.android.server.am.ActivityRecord.forTokenLocked(ActivityRecord.java:424)
12-09 07:50:22.893 W/ActivityManager( 1591): 	at com.android.server.am.ActivityRecord.isInStackLocked(ActivityRecord.java:1121)
12-09 07:50:22.893 W/ActivityManager( 1591): 	at com.android.server.am.ActivityManagerService.getActivityOptions(ActivityManagerService.java:11038)
12-09 07:50:22.893 W/ActivityManager( 1591): 	at android.app.ActivityManagerNative.onTransact(ActivityManagerNative.java:1734)
12-09 07:50:22.893 W/ActivityManager( 1591): 	at com.android.server.am.ActivityManagerService.onTransact(ActivityManagerService.java:2443)
12-09 07:50:22.893 W/ActivityManager( 1591): 	at android.os.Binder.execTransact(Binder.java:453)
12-09 07:50:22.899 W/ActivityManager( 1591): Bad activity token: android.os.BinderProxy@fbc1d66
12-09 07:50:22.899 W/ActivityManager( 1591): java.lang.ClassCastException: android.os.BinderProxy cannot be cast to com.android.server.am.ActivityRecord$Token
12-09 07:50:22.899 W/ActivityManager( 1591): 	at com.android.server.am.ActivityRecord.forTokenLocked(ActivityRecord.java:424)
12-09 07:50:22.899 W/ActivityManager( 1591): 	at com.android.server.am.ActivityRecord.isInStackLocked(ActivityRecord.java:1121)
12-09 07:50:22.899 W/ActivityManager( 1591): 	at com.android.server.am.ActivityManagerService.getActivityOptions(ActivityManagerService.java:11038)
12-09 07:50:22.899 W/ActivityManager( 1591): 	at android.app.ActivityManagerNative.onTransact(ActivityManagerNative.java:1734)
12-09 07:50:22.899 W/ActivityManager( 1591): 	at com.android.server.am.ActivityManagerService.onTransact(ActivityManagerService.java:2443)
12-09 07:50:22.899 W/ActivityManager( 1591): 	at android.os.Binder.execTransact(Binder.java:453)
12-09 07:50:23.025 V/PhoneStatusBar( 1689): setLightsOn(true)
12-09 07:50:23.077 D/EGL_emulation( 1922): eglMakeCurrent: 0x7fb3ad635040: ver 2 0 (tinfo 0x7fb3ad602d80)
12-09 07:50:23.107 E/Surface ( 1922): getSlotFromBufferLocked: unknown buffer: 0x7fb39f402e60
12-09 07:50:23.224 W/art     ( 1591): Long monitor contention event with owner method=void com.android.server.wm.WindowAnimator$1.doFrame(long) from WindowAnimator.java:121 waiters=1 for 184ms
12-09 07:50:23.240 W/art     ( 1591): Long monitor contention event with owner method=void com.android.server.wm.WindowAnimator$1.doFrame(long) from WindowAnimator.java:121 waiters=2 for 132ms
12-09 07:50:23.243 D/gralloc_ranchu( 1218): gralloc_alloc: Creating ashmem region of size 3686400
12-09 07:50:23.351 D/        ( 7549): HostConnection::get() New Host Connection established 0x7fb3ad5d4d20, tid 7549
12-09 07:50:23.913 W/InputMethodManagerService( 1591): Got RemoteException sending setActive(false) notification to pid 7476 uid 10121
12-09 07:50:23.967 D/gralloc_ranchu( 1218): gralloc_alloc: Creating ashmem region of size 3686400
12-09 07:50:24.028 I/ActivityManager( 1591): Displayed com.evancharlton.mileage/.Mileage: +1s396ms
12-09 07:50:24.620 D/gralloc_ranchu( 1218): gralloc_alloc: Creating ashmem region of size 3686400
12-09 07:50:25.172 I/art     ( 7549): Background partial concurrent mark sweep GC freed 13489(679KB) AllocSpace objects, 2(40KB) LOS objects, 39% free, 1831KB/2MB, paused 10.254ms total 33.825ms
12-09 07:50:26.185 I/System.out( 7549): URI: //map
12-09 07:50:26.185 I/System.out( 7549): params: {json={"query":"android.widget.EditText id:'price'","operation":{"method_name":"query","arguments":[]}}
12-09 07:50:26.185 I/System.out( 7549): }
12-09 07:50:26.236 W/ResourceType( 7549): No package identifier when getting name for resource number 0x00000001
12-09 07:50:26.436 I/System.out( 7549): URI: //gesture
12-09 07:50:26.436 I/System.out( 7549): params: {json={"query_timeout":5.0,"gestures":[{"query_string":"android.widget.EditText id:'price'","touches":[{"x":50,"y":50,"offset_x":0,"offset_y":0,"wait":0.0,"time":0.2,"release":true,"query_string":null}]}]}
12-09 07:50:26.436 I/System.out( 7549): }
12-09 07:50:26.468 W/ResourceType( 7549): No package identifier when getting name for resource number 0x00000001
12-09 07:50:26.471 I/art     ( 7549): Background sticky concurrent mark sweep GC freed 45118(2MB) AllocSpace objects, 1(20KB) LOS objects, 4% free, 2MB/2MB, paused 1.214ms total 215.605ms
12-09 07:50:26.651 I/art     ( 7549): Background partial concurrent mark sweep GC freed 15827(704KB) AllocSpace objects, 3(60KB) LOS objects, 39% free, 2MB/3MB, paused 997us total 171.691ms
12-09 07:50:27.447 D/gralloc_ranchu( 1218): gralloc_alloc: Creating ashmem region of size 12288
12-09 07:50:27.855 I/System.out( 7549): URI: //
12-09 07:50:27.855 I/System.out( 7549): params: {json={"command":"set_selection","arguments":[-1,-1]}
12-09 07:50:27.855 I/System.out( 7549): }
12-09 07:50:27.855 I/System.out( 7549): header: {date=Sun, 09 Dec 2018 07:50:28 GMT, accept=*/*, content-length=47, host=127.0.0.1:34777, user-agent=HTTPClient/1.0 (2.8.3, ruby 2.3.1 (2016-04-26)), content-type=application/json;charset=utf-8}
12-09 07:50:27.855 I/System.out( 7549): params: {json={"command":"set_selection","arguments":[-1,-1]}
12-09 07:50:27.855 I/System.out( 7549): }
12-09 07:50:27.855 I/System.out( 7549): ProP json = {"command":"set_selection","arguments":[-1,-1]}
12-09 07:50:27.855 I/System.out( 7549): files: {}
12-09 07:50:27.856 I/System.out( 7549): command: {"command":"set_selection","arguments":[-1,-1]}
12-09 07:50:27.857 I/InstrumentationBackend( 7549): Got command:'Command:'Line:null,set_selection', arguments:'[-1, -1]'
12-09 07:50:28.060 I/System.out( 7549): result:{"bonusInformation":[],"message":"","success":true}
12-09 07:50:28.192 D/gralloc_ranchu( 1218): gralloc_alloc: Creating ashmem region of size 32768
12-09 07:50:28.247 D/gralloc_ranchu( 1218): gralloc_alloc: Creating ashmem region of size 32768
12-09 07:50:28.499 D/gralloc_ranchu( 1218): gralloc_alloc: Creating ashmem region of size 32768
12-09 07:50:33.807 E/SurfaceFlinger( 1218): ro.sf.lcd_density must be defined as a build property
12-09 07:50:33.839 D/gralloc_ranchu( 1218): gralloc_alloc: Creating ashmem region of size 3686400
12-09 07:50:33.904 D/        ( 7601): HostConnection::get() New Host Connection established 0x7f83d7ad2480, tid 7601
12-09 07:50:33.951 E/EGL_emulation( 1218): tid 1218: eglCreateSyncKHR(1881): error 0x3004 (EGL_BAD_ATTRIBUTE)
