--------- beginning of main
12-09 08:27:10.071 E/EGL_emulation( 1218): tid 1218: eglCreateSyncKHR(1881): error 0x3004 (EGL_BAD_ATTRIBUTE)
12-09 08:27:10.239 W/audio_hw_generic( 1307): Not supplying enough data to HAL, expected position 39976036 , only wrote 39975958
12-09 08:27:10.356 W/audio_hw_generic( 1307): Not supplying enough data to HAL, expected position 39985195 , only wrote 39980585
12-09 08:27:10.469 W/art     ( 1591): Long monitor contention event with owner method=void com.android.server.am.ActivityManagerService.activityPaused(android.os.IBinder) from ActivityManagerService.java:6439 waiters=1 for 361ms
--------- beginning of system
12-09 08:27:10.469 W/ActivityManager( 1591): Finishing task with all activities already finished
12-09 08:27:10.469 W/ActivityManager( 1591): Duplicate finish request for ActivityRecord{638eb41 u0 com.evancharlton.mileage/.Mileage t459 f}
12-09 08:27:10.472 W/ActivityManager( 1591): Finishing task with all activities already finished
12-09 08:27:10.472 W/ActivityManager( 1591): Duplicate finish request for ActivityRecord{638eb41 u0 com.evancharlton.mileage/.Mileage t459 f}
12-09 08:27:10.473 W/ActivityManager( 1591): Finishing task with all activities already finished
12-09 08:27:10.473 W/ActivityManager( 1591): Duplicate finish request for ActivityRecord{638eb41 u0 com.evancharlton.mileage/.Mileage t459 f}
12-09 08:27:10.491 I/art     ( 1591): Background partial concurrent mark sweep GC freed 12205(811KB) AllocSpace objects, 6(120KB) LOS objects, 29% free, 9MB/13MB, paused 3.516ms total 358.312ms
12-09 08:27:10.696 D/EGL_emulation( 1934): eglMakeCurrent: 0x7fe2a92f4640: ver 2 0 (tinfo 0x7fe2a92c2c80)
12-09 08:27:11.077 D/AndroidRuntime(17107): >>>>>> START com.android.internal.os.RuntimeInit uid 0 <<<<<<
12-09 08:27:11.078 D/AndroidRuntime(17107): CheckJNI is ON
12-09 08:27:11.124 D/ICU     (17107): No timezone override file found: /data/misc/zoneinfo/current/icu/icu_tzdata.dat
12-09 08:27:11.150 W/art     ( 1591): Long monitor contention event with owner method=void com.android.server.wm.WindowAnimator$1.doFrame(long) from WindowAnimator.java:121 waiters=1 for 270ms
12-09 08:27:11.506 E/memtrack(17107): Couldn't load memtrack module (No such file or directory)
12-09 08:27:11.506 E/android.os.Debug(17107): failed to load memtrack module: -2
12-09 08:27:11.515 I/Radio-JNI(17107): register_android_hardware_Radio DONE
12-09 08:27:11.537 D/AndroidRuntime(17107): Calling main entry com.android.commands.am.Am
12-09 08:27:11.749 W/art     ( 1591): Long monitor contention event with owner method=void com.android.server.wm.WindowAnimator$1.doFrame(long) from WindowAnimator.java:121 waiters=2 for 236ms
12-09 08:27:11.749 W/art     ( 1591): Long monitor contention event with owner method=java.util.List com.android.server.am.ActivityManagerService.getAllStackInfos() from ActivityManagerService.java:8937 waiters=0 for 162ms
12-09 08:27:11.749 I/ActivityManager( 1591): Force stopping com.evancharlton.mileage appid=10137 user=0: start instr
12-09 08:27:11.750 I/ActivityManager( 1591): Killing 17037:com.evancharlton.mileage/u0a137 (adj 0): stop com.evancharlton.mileage
12-09 08:27:11.824 I/WindowState( 1591): WIN DEATH: Window{97226b1 u0 com.evancharlton.mileage/com.evancharlton.mileage.Mileage EXITING}
12-09 08:27:11.825 I/WindowState( 1591): WIN DEATH: Window{7987b5d u0 Toast EXITING}
12-09 08:27:11.861 W/ActivityManager( 1591): Crash of app com.evancharlton.mileage running instrumentation ComponentInfo{com.evancharlton.mileage.test/sh.calaba.instrumentationbackend.CalabashInstrumentationTestRunner}
12-09 08:27:11.861 I/ActivityManager( 1591): Force stopping com.evancharlton.mileage appid=10137 user=0: finished inst
12-09 08:27:12.119 I/ActivityManager( 1591): Start proc 17116:com.evancharlton.mileage/u0a137 for added application com.evancharlton.mileage
12-09 08:27:12.120 W/art     ( 1591): Long monitor contention event with owner method=java.util.List com.android.server.am.ActivityManagerService.getAllStackInfos() from ActivityManagerService.java:8937 waiters=1 for 373ms
12-09 08:27:12.121 W/InputMethodManagerService( 1591): Got RemoteException sending setActive(false) notification to pid 17037 uid 10137
12-09 08:27:12.121 W/art     ( 1591): Long monitor contention event with owner method=boolean com.android.server.am.ActivityManagerService.startInstrumentation(android.content.ComponentName, java.lang.String, int, android.os.Bundle, android.app.IInstrumentationWatcher, android.app.IUiAutomationConnection, int, java.lang.String) from ActivityManagerService.java:17066 waiters=1 for 321ms
12-09 08:27:12.122 W/ActivityManager( 1591): Spurious death for ProcessRecord{de7f2cc 0:com.evancharlton.mileage/u0a137}, curProc for 17037: null
12-09 08:27:12.159 D/AndroidRuntime(17107): Shutting down VM
12-09 08:27:12.220 W/System  (17116): ClassLoader referenced unknown path: /data/app/com.evancharlton.mileage.test-1/lib/x86_64
12-09 08:27:12.221 W/System  (17116): ClassLoader referenced unknown path: /data/app/com.evancharlton.mileage-1/lib/x86_64
12-09 08:27:12.476 W/WindowAnimator( 1591): Failed to dispatch window animation state change.
12-09 08:27:12.476 W/WindowAnimator( 1591): android.os.DeadObjectException
12-09 08:27:12.476 W/WindowAnimator( 1591): 	at android.os.BinderProxy.transactNative(Native Method)
12-09 08:27:12.476 W/WindowAnimator( 1591): 	at android.os.BinderProxy.transact(Binder.java:503)
12-09 08:27:12.476 W/WindowAnimator( 1591): 	at android.view.IWindow$Stub$Proxy.onAnimationStopped(IWindow.java:534)
12-09 08:27:12.476 W/WindowAnimator( 1591): 	at com.android.server.wm.WindowAnimator.updateWindowsLocked(WindowAnimator.java:286)
12-09 08:27:12.476 W/WindowAnimator( 1591): 	at com.android.server.wm.WindowAnimator.animateLocked(WindowAnimator.java:678)
12-09 08:27:12.476 W/WindowAnimator( 1591): 	at com.android.server.wm.WindowAnimator.-wrap0(WindowAnimator.java)
12-09 08:27:12.476 W/WindowAnimator( 1591): 	at com.android.server.wm.WindowAnimator$1.doFrame(WindowAnimator.java:123)
12-09 08:27:12.476 W/WindowAnimator( 1591): 	at android.view.Choreographer$CallbackRecord.run(Choreographer.java:856)
12-09 08:27:12.476 W/WindowAnimator( 1591): 	at android.view.Choreographer.doCallbacks(Choreographer.java:670)
12-09 08:27:12.476 W/WindowAnimator( 1591): 	at android.view.Choreographer.doFrame(Choreographer.java:603)
12-09 08:27:12.476 W/WindowAnimator( 1591): 	at android.view.Choreographer$FrameDisplayEventReceiver.run(Choreographer.java:844)
12-09 08:27:12.476 W/WindowAnimator( 1591): 	at android.os.Handler.handleCallback(Handler.java:739)
12-09 08:27:12.476 W/WindowAnimator( 1591): 	at android.os.Handler.dispatchMessage(Handler.java:95)
12-09 08:27:12.476 W/WindowAnimator( 1591): 	at android.os.Looper.loop(Looper.java:148)
12-09 08:27:12.476 W/WindowAnimator( 1591): 	at android.os.HandlerThread.run(HandlerThread.java:61)
12-09 08:27:12.476 W/WindowAnimator( 1591): 	at com.android.server.ServiceThread.run(ServiceThread.java:46)
12-09 08:27:12.494 W/art     (17116): Suspending all threads took: 11.575ms
12-09 08:27:12.497 I/System.out(17116): Main activity name automatically set to: com.evancharlton.mileage.Mileage
12-09 08:27:12.498 I/System.out(17116): Calabash did not load Mono. This is only a problem if you are trying to test a Mono application
12-09 08:27:12.498 I/calabash(17116): Test server port: 7102
12-09 08:27:12.506 I/art     (17116): Background sticky concurrent mark sweep GC freed 2119(128KB) AllocSpace objects, 0(0B) LOS objects, 38% free, 802KB/1295KB, paused 12.854ms total 27.560ms
12-09 08:27:12.513 I/InstrumentationBackend(17116): Added:'GetPreferences', with key:'get_preferences'
12-09 08:27:12.604 I/InstrumentationBackend(17116): Added:'SetPreferences', with key:'set_preferences'
12-09 08:27:12.604 I/InstrumentationBackend(17116): Added:'ClearPreferences', with key:'clear_preferences'
12-09 08:27:12.604 I/InstrumentationBackend(17116): Added:'PressElement', with key:'press_l10n_element'
12-09 08:27:12.604 I/InstrumentationBackend(17116): Added:'WaitForElement', with key:'wait_for_l10n_element'
12-09 08:27:12.605 I/InstrumentationBackend(17116): Added:'NullAction', with key:'nullAction'
12-09 08:27:12.605 I/InstrumentationBackend(17116): Added:'PressKey', with key:'press_key'
12-09 08:27:12.606 I/InstrumentationBackend(17116): Added:'SetActivityOrientation', with key:'set_activity_orientation'
12-09 08:27:12.606 I/InstrumentationBackend(17116): Added:'GetActivityOrientation', with key:'get_activity_orientation'
12-09 08:27:12.606 I/InstrumentationBackend(17116): Added:'FakeGPSLocation', with key:'set_gps_coordinates'
12-09 08:27:12.606 I/InstrumentationBackend(17116): Added:'SetPropertyByCssSelector', with key:'set_property_by_css_selector'
12-09 08:27:12.606 I/InstrumentationBackend(17116): Added:'GetUrl', with key:'get_url'
12-09 08:27:12.633 W/art     ( 1591): Long monitor contention event with owner method=void com.android.server.wm.WindowAnimator$1.doFrame(long) from WindowAnimator.java:121 waiters=0 for 157ms
12-09 08:27:12.640 I/Choreographer( 1934): Skipped 114 frames!  The application may be doing too much work on its main thread.
12-09 08:27:12.687 W/art     ( 1591): Long monitor contention event with owner method=com.android.internal.view.InputBindResult com.android.server.InputMethodManagerService.windowGainedFocus(com.android.internal.view.IInputMethodClient, android.os.IBinder, int, int, int, android.view.inputmethod.EditorInfo, com.android.internal.view.IInputContext) from InputMethodManagerService.java:2177 waiters=0 for 939ms
12-09 08:27:12.692 W/art     ( 1591): Long monitor contention event with owner method=com.android.internal.view.InputBindResult com.android.server.InputMethodManagerService.windowGainedFocus(com.android.internal.view.IInputMethodClient, android.os.IBinder, int, int, int, android.view.inputmethod.EditorInfo, com.android.internal.view.IInputContext) from InputMethodManagerService.java:2177 waiters=1 for 868ms
12-09 08:27:12.692 W/art     (17116): Suspending all threads took: 19.523ms
12-09 08:27:12.704 I/InstrumentationBackend(17116): Added:'ScrollTo', with key:'scroll_to'
12-09 08:27:12.704 I/InstrumentationBackend(17116): Added:'GetLoadProgress', with key:'get_load_progress'
12-09 08:27:12.704 I/InstrumentationBackend(17116): Added:'DumpHtml', with key:'dump_html'
12-09 08:27:12.704 I/InstrumentationBackend(17116): Added:'DumpBodyHtml', with key:'dump_body_html'
12-09 08:27:12.705 I/InstrumentationBackend(17116): Added:'EnterTextByCssSelector', with key:'enter_text_by_selector'
12-09 08:27:12.706 I/InstrumentationBackend(17116): Added:'AndroidSDKVersion', with key:'android_sdk_version'
12-09 08:27:12.706 I/InstrumentationBackend(17116): Added:'Version', with key:'version'
12-09 08:27:12.706 I/InstrumentationBackend(17116): Added:'Drag', with key:'drag'
12-09 08:27:12.706 I/InstrumentationBackend(17116): Added:'TouchCoordinates', with key:'touch_coordinate'
12-09 08:27:12.722 I/art     (17116): Background partial concurrent mark sweep GC freed 2594(291KB) AllocSpace objects, 0(0B) LOS objects, 51% free, 978KB/2002KB, paused 20.609ms total 114.074ms
12-09 08:27:12.722 I/InstrumentationBackend(17116): Added:'LongPressCoordinate', with key:'long_press_coordinate'
12-09 08:27:12.722 I/InstrumentationBackend(17116): Added:'DragCoordinates', with key:'drag_coordinates'
12-09 08:27:12.722 I/InstrumentationBackend(17116): Added:'ResumeApplication', with key:'resume_application'
12-09 08:27:12.744 I/InstrumentationBackend(17116): Added:'Swipe', with key:'swipe'
12-09 08:27:12.744 I/InstrumentationBackend(17116): Added:'DoubleTapCoordinate', with key:'double_tap_coordinate'
12-09 08:27:12.744 I/InstrumentationBackend(17116): Added:'ClickOnScreen', with key:'click_on_screen'
12-09 08:27:12.744 I/InstrumentationBackend(17116): Added:'GetActivityName', with key:'get_activity_name'
12-09 08:27:12.745 I/InstrumentationBackend(17116): Added:'ScrollToView', with key:'scroll_to_view'
12-09 08:27:12.745 I/InstrumentationBackend(17116): Added:'ViewConfiguration', with key:'view_configuration'
12-09 08:27:12.745 I/InstrumentationBackend(17116): Added:'IsCurrentActivityFocused', with key:'is_current_activity_focused'
12-09 08:27:12.746 I/InstrumentationBackend(17116): Added:'SendTcp', with key:'send_tcp'
12-09 08:27:12.746 I/InstrumentationBackend(17116): Added:'DpToDevicePixel', with key:'dp_to_device_pixel'
12-09 08:27:12.746 I/InstrumentationBackend(17116): Added:'KeyboardEnterText', with key:'keyboard_enter_text'
12-09 08:27:12.746 I/InstrumentationBackend(17116): Added:'DeleteSurroundingText', with key:'delete_surrounding_text'
12-09 08:27:12.751 I/InstrumentationBackend(17116): Added:'SetComposingRegion', with key:'set_composing_region'
12-09 08:27:12.751 I/InstrumentationBackend(17116): Added:'SetSelection', with key:'set_selection'
12-09 08:27:12.751 I/InstrumentationBackend(17116): Added:'KeyboardKeyEvent', with key:'keyboard_key_event'
12-09 08:27:12.751 I/InstrumentationBackend(17116): Added:'PressUserActionButton', with key:'press_user_action_button'
12-09 08:27:12.752 I/InstrumentationBackend(17116): Added:'HideSoftKeyboard', with key:'hide_soft_keyboard'
12-09 08:27:12.752 I/InstrumentationBackend(17116): Added:'ListActions', with key:'list_actions'
12-09 08:27:12.752 I/calabash(17116): Instantiating http server at 7102
12-09 08:27:12.754 I/System.out(17116): HTTP Daemon listening on: 7102
12-09 08:27:12.788 D/EGL_emulation( 1878): eglMakeCurrent: 0x7fe29d789dc0: ver 2 0 (tinfo 0x7fe2a51f6620)
12-09 08:27:12.891 E/Surface ( 1878): getSlotFromBufferLocked: unknown buffer: 0x7fe2a588f120
12-09 08:27:12.901 I/System.out(17116): URI: //ping
12-09 08:27:12.901 I/System.out(17116): params: {json={}
12-09 08:27:12.902 I/System.out(17116): }
12-09 08:27:12.960 I/System.out(17116): URI: //ping
12-09 08:27:12.960 I/System.out(17116): params: {json={}
12-09 08:27:12.960 I/System.out(17116): }
12-09 08:27:13.024 I/System.out(17116): URI: //ready
12-09 08:27:13.024 I/System.out(17116): params: {json={}
12-09 08:27:13.024 I/System.out(17116): }
12-09 08:27:13.051 I/System.out(17116): URI: //
12-09 08:27:13.051 I/System.out(17116): params: {json={"command":"version","arguments":[]}
12-09 08:27:13.051 I/System.out(17116): }
12-09 08:27:13.052 I/System.out(17116): header: {date=Sun, 09 Dec 2018 08:27:13 GMT, accept=*/*, content-length=36, host=127.0.0.1:34777, user-agent=HTTPClient/1.0 (2.8.3, ruby 2.3.1 (2016-04-26)), content-type=application/json;charset=utf-8}
12-09 08:27:13.052 I/System.out(17116): params: {json={"command":"version","arguments":[]}
12-09 08:27:13.052 I/System.out(17116): }
12-09 08:27:13.052 I/System.out(17116): ProP json = {"command":"version","arguments":[]}
12-09 08:27:13.052 I/System.out(17116): files: {}
12-09 08:27:13.052 I/System.out(17116): command: {"command":"version","arguments":[]}
12-09 08:27:13.104 I/InstrumentationBackend(17116): Got command:'Command:'Line:null,version', arguments:'[]'
12-09 08:27:13.169 W/art     ( 1591): Long monitor contention event with owner method=int com.android.server.wm.WindowManagerService.relayoutWindow(com.android.server.wm.Session, android.view.IWindow, int, android.view.WindowManager$LayoutParams, int, int, int, int, android.graphics.Rect, android.graphics.Rect, android.graphics.Rect, android.graphics.Rect, android.graphics.Rect, android.graphics.Rect, android.content.res.Configuration, android.view.Surface) from WindowManagerService.java:3103 waiters=1 for 157ms
12-09 08:27:13.196 I/System.out(17116): result:{"bonusInformation":[],"message":"0.9.8","success":true}
12-09 08:27:13.287 I/System.out(17116): URI: //start-application
12-09 08:27:13.288 I/System.out(17116): params: {json={"intent":null}
12-09 08:27:13.288 I/System.out(17116): }
12-09 08:27:13.310 I/art     (17116): Background sticky concurrent mark sweep GC freed 15455(911KB) AllocSpace objects, 12(240KB) LOS objects, 30% free, 1386KB/2002KB, paused 1.120ms total 201.685ms
12-09 08:27:13.498 W/WindowAnimator( 1591): Failed to dispatch window animation state change.
12-09 08:27:13.498 W/WindowAnimator( 1591): android.os.DeadObjectException
12-09 08:27:13.498 W/WindowAnimator( 1591): 	at android.os.BinderProxy.transactNative(Native Method)
12-09 08:27:13.498 W/WindowAnimator( 1591): 	at android.os.BinderProxy.transact(Binder.java:503)
12-09 08:27:13.498 W/WindowAnimator( 1591): 	at android.view.IWindow$Stub$Proxy.onAnimationStopped(IWindow.java:534)
12-09 08:27:13.498 W/WindowAnimator( 1591): 	at com.android.server.wm.WindowAnimator.updateWindowsLocked(WindowAnimator.java:286)
12-09 08:27:13.498 W/WindowAnimator( 1591): 	at com.android.server.wm.WindowAnimator.animateLocked(WindowAnimator.java:678)
12-09 08:27:13.498 W/WindowAnimator( 1591): 	at com.android.server.wm.WindowAnimator.-wrap0(WindowAnimator.java)
12-09 08:27:13.498 W/WindowAnimator( 1591): 	at com.android.server.wm.WindowAnimator$1.doFrame(WindowAnimator.java:123)
12-09 08:27:13.498 W/WindowAnimator( 1591): 	at android.view.Choreographer$CallbackRecord.run(Choreographer.java:856)
12-09 08:27:13.498 W/WindowAnimator( 1591): 	at android.view.Choreographer.doCallbacks(Choreographer.java:670)
12-09 08:27:13.498 W/WindowAnimator( 1591): 	at android.view.Choreographer.doFrame(Choreographer.java:603)
12-09 08:27:13.498 W/WindowAnimator( 1591): 	at android.view.Choreographer$FrameDisplayEventReceiver.run(Choreographer.java:844)
12-09 08:27:13.498 W/WindowAnimator( 1591): 	at android.os.Handler.handleCallback(Handler.java:739)
12-09 08:27:13.498 W/WindowAnimator( 1591): 	at android.os.Handler.dispatchMessage(Handler.java:95)
12-09 08:27:13.498 W/WindowAnimator( 1591): 	at android.os.Looper.loop(Looper.java:148)
12-09 08:27:13.498 W/WindowAnimator( 1591): 	at android.os.HandlerThread.run(HandlerThread.java:61)
12-09 08:27:13.498 W/WindowAnimator( 1591): 	at com.android.server.ServiceThread.run(ServiceThread.java:46)
12-09 08:27:13.518 W/OpenGLRenderer( 1934): Incorrectly called buildLayer on View: ShortcutAndWidgetContainer, destroying layer...
12-09 08:27:13.671 W/art     ( 1591): Long monitor contention event with owner method=void com.android.server.wm.WindowAnimator$1.doFrame(long) from WindowAnimator.java:121 waiters=2 for 306ms
12-09 08:27:13.769 I/ActivityManager( 1591): START u0 {act=android.intent.action.MAIN cat=[android.intent.category.LAUNCHER] flg=0x10200000 cmp=com.evancharlton.mileage/.Mileage} from uid 10137 on display 0
12-09 08:27:14.051 W/art     ( 1591): Long monitor contention event with owner method=void com.android.server.wm.WindowManagerService.attachStack(int, int) from WindowManagerService.java:5157 waiters=0 for 282ms
12-09 08:27:14.361 W/art     ( 1591): Long monitor contention event with owner method=void com.android.server.wm.WindowAnimator$1.doFrame(long) from WindowAnimator.java:121 waiters=1 for 223ms
12-09 08:27:14.389 D/gralloc_ranchu( 1218): gralloc_alloc: Creating ashmem region of size 3686400
12-09 08:27:14.393 W/art     ( 1591): Long monitor contention event with owner method=int com.android.server.am.ActivityStackSupervisor.startActivityMayWait(android.app.IApplicationThread, int, java.lang.String, android.content.Intent, java.lang.String, android.service.voice.IVoiceInteractionSession, com.android.internal.app.IVoiceInteractor, android.os.IBinder, java.lang.String, int, int, android.app.ProfilerInfo, android.app.IActivityManager$WaitResult, android.content.res.Configuration, android.os.Bundle, boolean, int, android.app.IActivityContainer, com.android.server.am.TaskRecord) from ActivityStackSupervisor.java:946 waiters=0 for 343ms
12-09 08:27:14.407 I/calabash(17116): newActivity1
12-09 08:27:14.585 I/calabash(17116): newActivity1
12-09 08:27:14.632 W/ActivityManager( 1591): Bad activity token: android.os.BinderProxy@4fad0ce
12-09 08:27:14.632 W/ActivityManager( 1591): java.lang.ClassCastException: android.os.BinderProxy cannot be cast to com.android.server.am.ActivityRecord$Token
12-09 08:27:14.632 W/ActivityManager( 1591): 	at com.android.server.am.ActivityRecord.forTokenLocked(ActivityRecord.java:424)
12-09 08:27:14.632 W/ActivityManager( 1591): 	at com.android.server.am.ActivityRecord.isInStackLocked(ActivityRecord.java:1121)
12-09 08:27:14.632 W/ActivityManager( 1591): 	at com.android.server.am.ActivityRecord.getStackLocked(ActivityRecord.java:1126)
12-09 08:27:14.632 W/ActivityManager( 1591): 	at com.android.server.am.ActivityManagerService.getActivityDisplayId(ActivityManagerService.java:8889)
12-09 08:27:14.632 W/ActivityManager( 1591): 	at android.app.ActivityManagerNative.onTransact(ActivityManagerNative.java:2338)
12-09 08:27:14.632 W/ActivityManager( 1591): 	at com.android.server.am.ActivityManagerService.onTransact(ActivityManagerService.java:2443)
12-09 08:27:14.632 W/ActivityManager( 1591): 	at android.os.Binder.execTransact(Binder.java:453)
12-09 08:27:14.781 W/ActivityManager( 1591): Bad activity token: android.os.BinderProxy@4fad0ce
12-09 08:27:14.781 W/ActivityManager( 1591): java.lang.ClassCastException: android.os.BinderProxy cannot be cast to com.android.server.am.ActivityRecord$Token
12-09 08:27:14.781 W/ActivityManager( 1591): 	at com.android.server.am.ActivityRecord.forTokenLocked(ActivityRecord.java:424)
12-09 08:27:14.781 W/ActivityManager( 1591): 	at com.android.server.am.ActivityRecord.isInStackLocked(ActivityRecord.java:1121)
12-09 08:27:14.781 W/ActivityManager( 1591): 	at com.android.server.am.ActivityManagerService.setTaskDescription(ActivityManagerService.java:8547)
12-09 08:27:14.781 W/ActivityManager( 1591): 	at android.app.ActivityManagerNative.onTransact(ActivityManagerNative.java:2410)
12-09 08:27:14.781 W/ActivityManager( 1591): 	at com.android.server.am.ActivityManagerService.onTransact(ActivityManagerService.java:2443)
12-09 08:27:14.781 W/ActivityManager( 1591): 	at android.os.Binder.execTransact(Binder.java:453)
12-09 08:27:14.793 V/PhoneStatusBar( 1708): setLightsOn(true)
12-09 08:27:14.898 D/EGL_emulation( 1934): eglMakeCurrent: 0x7fe2a92f4640: ver 2 0 (tinfo 0x7fe2a92c2c80)
12-09 08:27:14.904 E/Surface ( 1934): getSlotFromBufferLocked: unknown buffer: 0x7fe2a5890980
12-09 08:27:14.951 W/ActivityManager( 1591): Bad activity token: android.os.BinderProxy@4fad0ce
12-09 08:27:14.951 W/ActivityManager( 1591): java.lang.ClassCastException: android.os.BinderProxy cannot be cast to com.android.server.am.ActivityRecord$Token
12-09 08:27:14.951 W/ActivityManager( 1591): 	at com.android.server.am.ActivityRecord.forTokenLocked(ActivityRecord.java:424)
12-09 08:27:14.951 W/ActivityManager( 1591): 	at com.android.server.am.ActivityRecord.isInStackLocked(ActivityRecord.java:1121)
12-09 08:27:14.951 W/ActivityManager( 1591): 	at com.android.server.am.ActivityManagerService.getActivityOptions(ActivityManagerService.java:11038)
12-09 08:27:14.951 W/ActivityManager( 1591): 	at android.app.ActivityManagerNative.onTransact(ActivityManagerNative.java:1734)
12-09 08:27:14.951 W/ActivityManager( 1591): 	at com.android.server.am.ActivityManagerService.onTransact(ActivityManagerService.java:2443)
12-09 08:27:14.951 W/ActivityManager( 1591): 	at android.os.Binder.execTransact(Binder.java:453)
12-09 08:27:14.953 W/ActivityManager( 1591): Bad activity token: android.os.BinderProxy@4fad0ce
12-09 08:27:14.953 W/ActivityManager( 1591): java.lang.ClassCastException: android.os.BinderProxy cannot be cast to com.android.server.am.ActivityRecord$Token
12-09 08:27:14.953 W/ActivityManager( 1591): 	at com.android.server.am.ActivityRecord.forTokenLocked(ActivityRecord.java:424)
12-09 08:27:14.953 W/ActivityManager( 1591): 	at com.android.server.am.ActivityRecord.isInStackLocked(ActivityRecord.java:1121)
12-09 08:27:14.953 W/ActivityManager( 1591): 	at com.android.server.am.ActivityManagerService.getActivityOptions(ActivityManagerService.java:11038)
12-09 08:27:14.953 W/ActivityManager( 1591): 	at android.app.ActivityManagerNative.onTransact(ActivityManagerNative.java:1734)
12-09 08:27:14.953 W/ActivityManager( 1591): 	at com.android.server.am.ActivityManagerService.onTransact(ActivityManagerService.java:2443)
12-09 08:27:14.953 W/ActivityManager( 1591): 	at android.os.Binder.execTransact(Binder.java:453)
12-09 08:27:15.149 I/art     (17116): Background sticky concurrent mark sweep GC freed 347(113KB) AllocSpace objects, 0(0B) LOS objects, 4% free, 1913KB/2002KB, paused 1.154ms total 211.271ms
12-09 08:27:15.219 I/art     (17116): Background partial concurrent mark sweep GC freed 2328(181KB) AllocSpace objects, 2(40KB) LOS objects, 39% free, 1842KB/2MB, paused 10.215ms total 55.728ms
12-09 08:27:16.858 W/SurfaceFlinger( 1218): Timed out waiting for hw vsync; faking it
12-09 08:27:16.858 W/SurfaceFlinger( 1218): Timed out waiting for hw vsync; faking it
12-09 08:27:16.861 W/art     ( 1591): Long monitor contention event with owner method=void com.android.server.wm.WindowAnimator$1.doFrame(long) from WindowAnimator.java:121 waiters=1 for 1.412s
12-09 08:27:16.862 W/art     ( 1591): Long monitor contention event with owner method=void com.android.server.wm.WindowAnimator$1.doFrame(long) from WindowAnimator.java:121 waiters=1 for 1.413s
12-09 08:27:17.137 W/art     ( 1591): Long monitor contention event with owner method=java.util.List com.android.server.am.ActivityManagerService.getAllStackInfos() from ActivityManagerService.java:8937 waiters=0 for 278ms
12-09 08:27:17.249 I/Choreographer(17116): Skipped 119 frames!  The application may be doing too much work on its main thread.
12-09 08:27:17.334 D/gralloc_ranchu( 1218): gralloc_alloc: Creating ashmem region of size 3686400
12-09 08:27:17.440 D/        (17116): HostConnection::get() New Host Connection established 0x7fe2a58fcf80, tid 17116
12-09 08:27:17.522 I/ActivityManager( 1591): Displayed com.evancharlton.mileage/.Mileage: +3s129ms
12-09 08:27:17.672 D/gralloc_ranchu( 1218): gralloc_alloc: Creating ashmem region of size 3686400
12-09 08:27:17.997 D/gralloc_ranchu( 1218): gralloc_alloc: Creating ashmem region of size 3686400
12-09 08:27:19.188 W/SurfaceFlinger( 1218): Timed out waiting for hw vsync; faking it
12-09 08:27:19.211 W/SurfaceFlinger( 1218): Timed out waiting for hw vsync; faking it
12-09 08:27:19.294 I/System.out(17116): URI: //map
12-09 08:27:19.299 I/System.out(17116): params: {json={"query":"android.widget.EditText id:'price'","operation":{"method_name":"query","arguments":[]}}
12-09 08:27:19.299 I/System.out(17116): }
12-09 08:27:19.395 W/art     (17116): Suspending all threads took: 7.044ms
12-09 08:27:19.445 I/art     (17116): Background sticky concurrent mark sweep GC freed 25233(1156KB) AllocSpace objects, 2(40KB) LOS objects, 30% free, 2MB/2MB, paused 15.932ms total 133.117ms
12-09 08:27:19.464 W/ResourceType(17116): No package identifier when getting name for resource number 0x00000001
12-09 08:27:19.588 I/System.out(17116): URI: //gesture
12-09 08:27:19.588 I/System.out(17116): params: {json={"query_timeout":5.0,"gestures":[{"query_string":"android.widget.EditText id:'price'","touches":[{"x":50,"y":50,"offset_x":0,"offset_y":0,"wait":0.0,"time":0.2,"release":true,"query_string":null}]}]}
12-09 08:27:19.588 I/System.out(17116): }
12-09 08:27:19.610 W/ResourceType(17116): No package identifier when getting name for resource number 0x00000001
12-09 08:27:19.631 W/art     (17116): Suspending all threads took: 7.308ms
12-09 08:27:19.648 I/art     (17116): Background sticky concurrent mark sweep GC freed 15412(615KB) AllocSpace objects, 1(20KB) LOS objects, 22% free, 2MB/2MB, paused 12.096ms total 31.094ms
12-09 08:27:20.696 W/SurfaceFlinger( 1218): Timed out waiting for hw vsync; faking it
12-09 08:27:22.139 D/hwcomposer( 1218): hw_composer sent 706 syncs in 60s
12-09 08:27:22.402 I/art     (17116): Background sticky concurrent mark sweep GC freed 29744(1466KB) AllocSpace objects, 0(0B) LOS objects, 17% free, 2MB/2MB, paused 1.196ms total 205.080ms
12-09 08:27:22.692 D/gralloc_ranchu( 1218): gralloc_alloc: Creating ashmem region of size 12288
12-09 08:27:22.828 I/System.out(17116): URI: //
12-09 08:27:22.828 I/System.out(17116): params: {json={"command":"set_selection","arguments":[-1,-1]}
12-09 08:27:22.828 I/System.out(17116): }
12-09 08:27:22.828 I/System.out(17116): header: {date=Sun, 09 Dec 2018 08:27:23 GMT, accept=*/*, content-length=47, host=127.0.0.1:34777, user-agent=HTTPClient/1.0 (2.8.3, ruby 2.3.1 (2016-04-26)), content-type=application/json;charset=utf-8}
12-09 08:27:22.828 I/System.out(17116): params: {json={"command":"set_selection","arguments":[-1,-1]}
12-09 08:27:22.828 I/System.out(17116): }
12-09 08:27:22.828 I/System.out(17116): ProP json = {"command":"set_selection","arguments":[-1,-1]}
12-09 08:27:22.828 I/System.out(17116): files: {}
12-09 08:27:22.828 I/System.out(17116): command: {"command":"set_selection","arguments":[-1,-1]}
12-09 08:27:22.830 I/InstrumentationBackend(17116): Got command:'Command:'Line:null,set_selection', arguments:'[-1, -1]'
12-09 08:27:22.906 D/gralloc_ranchu( 1218): gralloc_alloc: Creating ashmem region of size 32768
12-09 08:27:23.090 D/gralloc_ranchu( 1218): gralloc_alloc: Creating ashmem region of size 32768
12-09 08:27:23.172 I/System.out(17116): result:{"bonusInformation":[],"message":"","success":true}
12-09 08:27:23.187 W/art     (17116): Suspending all threads took: 8.501ms
12-09 08:27:23.227 I/art     (17116): Background sticky concurrent mark sweep GC freed 8983(375KB) AllocSpace objects, 0(0B) LOS objects, 12% free, 2MB/2MB, paused 9.750ms total 71.300ms
12-09 08:27:23.348 D/gralloc_ranchu( 1218): gralloc_alloc: Creating ashmem region of size 32768
12-09 08:27:25.221 I/art     (17116): WaitForGcToComplete blocked for 8.570ms for cause Background
12-09 08:27:27.623 I/art     (17116): Background partial concurrent mark sweep GC freed 3432(494KB) AllocSpace objects, 10(200KB) LOS objects, 39% free, 2MB/3MB, paused 1.145ms total 222.385ms
12-09 08:27:28.951 E/SurfaceFlinger( 1218): ro.sf.lcd_density must be defined as a build property
12-09 08:27:28.989 D/gralloc_ranchu( 1218): gralloc_alloc: Creating ashmem region of size 3686400
12-09 08:27:28.998 D/        (17167): HostConnection::get() New Host Connection established 0x7fa989412480, tid 17167
12-09 08:27:29.032 E/EGL_emulation( 1218): tid 1218: eglCreateSyncKHR(1881): error 0x3004 (EGL_BAD_ATTRIBUTE)
